
<?xml version="1.0" ?>

<verbosegc xmlns="http://www.ibm.com/j9/verbosegc" version="10b4217_CMPRSS">

<gc check installed>
<initialized id="1" timestamp="2019-08-11T06:18:08.748">
  <attribute name="gcPolicy" value="-Xgcpolicy:balanced" />
  <attribute name="elasticGC enabled" value="1" />
  <attribute name= "numThreadsSpecified" value="0" />
  <attribute name="heapSize specified" value="0" />
  <attribute name="Current GC Util" value="0" />
  <attribute name= "Current Time Running" value="0" />
  <attribute name ="GC Interval" value="0" />
  <attribute name="ProportionalT" value="0.000000" />
  <attribute name="ProportionalI" value="0.000000" />
  <attribute name="ProportionalH" value="0.000000" />
  <attribute name="IntegralT" value="0.000000" />
  <attribute name="IntegralI" value="0.000000" />
  <attribute name="IntegralH" value="0.000000" />
  <attribute name="DerivativeT" value="0.000000" />
  <attribute name="DerivativeI" value="0.000000" />
  <attribute name="DerivativeH" value="0.000000" />
  <attribute name="Target GC Util Change" value ="0.000000" />
  <attribute name="Current GC Util Change" value="0.000000"/>
  <attribute name="Current Error" value="0.000000" />
  <attribute name="Loop Time for DT" value="0.000000" />
  <attribute name="Output H" value="0"/>
  <attribute name="Output I" value="0"/>
  <attribute name="Output T" value="0"/>
  <attribute name="GC Util currently" value="0" />
  <attribute name="CPU Util currently" value="0" />
  <attribute name="maxHeapSize" value="0xfa800000" />
  <attribute name="initialHeapSize" value="0x800000" />
  <attribute name="compressedRefs" value="true" />
  <attribute name="compressedRefsDisplacement" value="0x0" />
  <attribute name="compressedRefsShift" value="0x3" />
  <attribute name="pageSize" value="0x1000" />
  <attribute name="pageType" value="not used" />
  <attribute name="requestedPageSize" value="0x1000" />
  <attribute name="requestedPageType" value="not used" />
  <attribute name="gcthreads" value="16" />
  <attribute name="packetListSplit" value="16" />
  <attribute name="cacheListSplit" value="16" />
  <attribute name="splitFreeListSplitAmount" value="2" />
  <attribute name="numaNodes" value="0" />
  <region>
    <attribute name="regionSize" value="2097152" />
    <attribute name="regionCount" value="2004" />
    <attribute name="arrayletLeafSize" value="2097152" />
  </region>
  <system>
    <attribute name="physicalMemory" value="16815001600" />
    <attribute name="numCPUs" value="16" />
    <attribute name="architecture" value="amd64" />
    <attribute name="os" value="Linux" />
    <attribute name="osVersion" value="4.15.0" />
  </system>
  <vmargs>
    <vmarg name="-Xoptionsfile=/jdk/lib/options.default" />
    <vmarg name="-Xlockword:mode=default,noLockword=java/lang/String,noLockword=java/util/MapEntry,noLockword=java/util/HashMap$Entry,noLockword..." />
    <vmarg name="-Xjcl:jclse29" />
    <vmarg name="-Dcom.ibm.oti.vm.bootstrap.library.path=/jdk/lib/compressedrefs:/jdk/lib" />
    <vmarg name="-Dsun.boot.library.path=/jdk/lib/compressedrefs:/jdk/lib" />
    <vmarg name="-Djava.library.path=/jdk/lib/compressedrefs:/jdk/lib:/usr/lib64:/usr/lib" />
    <vmarg name="-Djava.home=/jdk" />
    <vmarg name="-Duser.dir=/" />
    <vmarg name="-Xgcelastic" />
    <vmarg name="-Xcheck:gc:::elasticGC" />
    <vmarg name="-Xgcpolicy:balanced" />
    <vmarg name="-verbose:gc" />
    <vmarg name="-Djava.class.path=dacapo-9.12-MR1-bach.jar" />
    <vmarg name="-Dsun.java.command=dacapo-9.12-MR1-bach.jar avrora jython pmd sunflow xalan --size=large" />
    <vmarg name="-Dsun.java.launcher=SUN_STANDARD" />
    <vmarg name="-Dsun.java.launcher.pid=1" />
  </vmargs>
</initialized>

<exclusive-start id="2" timestamp="2019-08-11T06:18:08.984" intervalms="236.085">
  <response-info timems="0.047" idlems="0.047" threads="0" lastid="0000000001E02F00" lastname="main" />
</exclusive-start>
<sys-start reason="explicit" id="3" timestamp="2019-08-11T06:18:08.984" intervalms="236.142" />
<cycle-start id="4" type="global garbage collect" contextid="0" timestamp="2019-08-11T06:18:08.984" intervalms="236.247" />
<gc-start id="5" type="global garbage collect" contextid="4" timestamp="2019-08-11T06:18:08.984">
  <mem-info id="6" free="2318184" total="8388608" percent="27">
    <mem type="eden" free="221032" total="6291456" percent="3" />
    <remembered-set count="0" freebytes="335360" totalbytes="335360" percent="100" regionsoverflowed="0" regionsstable="0" regionsrebuilding="0"/>
  </mem-info>
</gc-start>
<allocation-stats totalBytes="6061232" >
  <allocated-bytes non-tlh="471848" tlh="5589384" arrayletleaf="0"/>
  <largest-consumer threadName="main" threadId="0000000001E02F00" bytes="5976712" />
</allocation-stats>
<gc-op id="7" type="global mark" timems="3.958" contextid="4" timestamp="2019-08-11T06:18:08.988">
  <trace-info objectcount="17980" scancount="14220" scanbytes="467692" />
  <finalization candidates="14" enqueued="1" />
  <references type="soft" candidates="66" cleared="0" enqueued="0" dynamicThreshold="32" maxThreshold="32" />
  <references type="weak" candidates="553" cleared="411" enqueued="372" />
  <references type="phantom" candidates="99" cleared="41" enqueued="41" />
  <stringconstants candidates="2455" cleared="0"  />
</gc-op>
<gc-op id="8" type="classunload" timems="0.003" contextid="4" timestamp="2019-08-11T06:18:08.988">
  <classunload-info classloadercandidates="6" classloadersunloaded="0" classesunloaded="0" anonymousclassesunloaded="0" quiescems="0.000" setupms="0.003" scanms="0.000" postms="0.000" />
</gc-op>
<gc-op id="9" type="sweep" timems="0.851" contextid="4" timestamp="2019-08-11T06:18:08.989" />
<gc-op id="10" type="compact" timems="4.475" contextid="4" timestamp="2019-08-11T06:18:08.994">
  <compact-info movecount="17980" movebytes="1028856" />
  <remembered-set-cleared processed="274" cleared="274" durationms="0.069" />
</gc-op>
<gc-end id="11" type="global garbage collect" contextid="4" durationms="10.114" usertimems="15.992" systemtimems="1.101" timestamp="2019-08-11T06:18:08.994" activeThreads="16">
  <mem-info id="12" free="6291456" total="8388608" percent="75">
    <pending-finalizers system="1" default="0" reference="413" classloader="0" />
    <remembered-set count="0" freebytes="335360" totalbytes="335360" percent="100" regionsoverflowed="0" regionsstable="0" regionsrebuilding="0"/>
  </mem-info>
</gc-end>
<cycle-end id="13" type="global garbage collect" contextid="4" timestamp="2019-08-11T06:18:08.994" />
  <attribute name="elasticGC enabled" value="1" />
  <attribute name= "numThreadsSpecified" value="16" />
  <attribute name="heapSize specified" value="0" />
  <attribute name="Current GC Util" value="94" />
  <attribute name= "Current Time Running" value="182" />
  <attribute name ="GC Interval" value="0" />
  <attribute name="ProportionalT" value="7.000000" />
  <attribute name="ProportionalI" value="7.000000" />
  <attribute name="ProportionalH" value="7.000000" />
  <attribute name="Current Error" value="14.000000" />
  <attribute name="IntegralT" value="-6801.000000" />
  <attribute name="IntegralI" value="-6801.000000" />
  <attribute name="IntegralH" value="-6801.000000" />
  <attribute name="DerivativeT" value="-122.000000" />
  <attribute name="DerivativeI" value="-122.000000" />
  <attribute name="DerivativeH" value="-122.000000" />
  <attribute name="Loop Time for DT" value="1.000000" />
  <attribute name="Output H" value="4202627072"/>
  <attribute name="Output I" value="200"/>
  <attribute name="Output T" value="16"/>
  <attribute name="Target GC Util Change" value ="80.000000" />
  <attribute name="Current GC Util Change" value="94.000000"/>
  <attribute name="GC Util currently" value="94" />
  <attribute name="CPU Util currently" value="1126236457910" />
<sys-end id="14" timestamp="2019-08-11T06:18:08.994" />
<exclusive-end id="15" timestamp="2019-08-11T06:18:08.994" durationms="10.842" />

===== DaCapo 9.12-MR1 avrora starting =====
<exclusive-start id="16" timestamp="2019-08-11T06:18:09.204" intervalms="220.579">
  <response-info timems="0.039" idlems="0.039" threads="0" lastid="0000000001E02F00" lastname="main" />
</exclusive-start>
<allocation-taxation id="17" taxation-threshold="6291456" timestamp="2019-08-11T06:18:09.204" intervalms="456.703" />
<cycle-start id="18" type="partial gc" contextid="0" timestamp="2019-08-11T06:18:09.204" intervalms="456.764" />
<gc-start id="19" type="partial gc" contextid="18" timestamp="2019-08-11T06:18:09.205">
  <mem-info id="20" free="0" total="8388608" percent="0">
    <mem type="eden" free="0" total="6291456" percent="0" />
    <remembered-set count="0" freebytes="335360" totalbytes="335360" percent="100" regionsoverflowed="0" regionsstable="0" regionsrebuilding="0"/>
  </mem-info>
</gc-start>
<allocation-stats totalBytes="6270576" >
  <allocated-bytes non-tlh="252944" tlh="6017632" arrayletleaf="0"/>
  <largest-consumer threadName="main" threadId="0000000001E02F00" bytes="6254504" />
</allocation-stats>
<gc-op id="21" type="mark" timems="4.547" contextid="18" timestamp="2019-08-11T06:18:09.210">
  <trace-info objectcount="76643" scancount="73346" scanbytes="2183640" />
  <cardclean-info objects="1157" bytes="40164" />
  <remembered-set-cleared processed="0" cleared="0" durationms="0.056" />
  <references type="weak" candidates="41" cleared="40" enqueued="40" />
  <references type="phantom" candidates="13" cleared="11" enqueued="11" />
  <stringconstants candidates="3257" cleared="0"  />
  <warning details="Mark invoked due to insufficient free space for Copy-Forward" />
</gc-op>
<gc-op id="22" type="classunload" timems="0.001" contextid="18" timestamp="2019-08-11T06:18:09.210">
  <classunload-info classloadercandidates="6" classloadersunloaded="0" classesunloaded="0" anonymousclassesunloaded="0" quiescems="0.000" setupms="0.001" scanms="0.000" postms="0.000" />
</gc-op>
<gc-op id="23" type="sweep" timems="0.801" contextid="18" timestamp="2019-08-11T06:18:09.211" />
<gc-op id="24" type="compact" timems="18.971" contextid="18" timestamp="2019-08-11T06:18:09.230">
  <compact-info movecount="76643" movebytes="2558144" />
  <remembered-set-cleared processed="591" cleared="591" durationms="0.056" />
</gc-op>
<heap-resize id="25" type="expand" space="default" amount="4194304" count="1" timems="0.091" reason="insufficient free space following gc" timestamp="2019-08-11T06:18:09.230" />
<gc-end id="26" type="partial gc" contextid="18" durationms="26.012" usertimems="34.346" systemtimems="10.065" timestamp="2019-08-11T06:18:09.231" activeThreads="16">
  <mem-info id="27" free="6291456" total="12582912" percent="50">
    <mem type="eden" free="1636128" total="4194304" percent="39" />
    <pending-finalizers system="0" default="0" reference="51" classloader="0" />
    <remembered-set count="2560" freebytes="492800" totalbytes="503040" percent="97" regionsoverflowed="0" regionsstable="0" regionsrebuilding="0"/>
  </mem-info>
</gc-end>
<cycle-end id="28" type="partial gc" contextid="18" timestamp="2019-08-11T06:18:09.231" />
  <attribute name="elasticGC enabled" value="1" />
  <attribute name= "numThreadsSpecified" value="16" />
  <attribute name="heapSize specified" value="0" />
  <attribute name="Current GC Util" value="90" />
  <attribute name= "Current Time Running" value="403" />
  <attribute name ="GC Interval" value="0" />
  <attribute name="ProportionalT" value="5.000000" />
  <attribute name="ProportionalI" value="5.000000" />
  <attribute name="ProportionalH" value="5.000000" />
  <attribute name="Current Error" value="10.000000" />
  <attribute name="IntegralT" value="5.000000" />
  <attribute name="IntegralI" value="5.000000" />
  <attribute name="IntegralH" value="5.000000" />
  <attribute name="DerivativeT" value="-96.000000" />
  <attribute name="DerivativeI" value="-96.000000" />
  <attribute name="DerivativeH" value="-96.000000" />
  <attribute name="Loop Time for DT" value="1.000000" />
  <attribute name="Output H" value="4202627072"/>
  <attribute name="Output I" value="200"/>
  <attribute name="Output T" value="16"/>
  <attribute name="Target GC Util Change" value ="80.000000" />
  <attribute name="Current GC Util Change" value="90.000000"/>
  <attribute name="GC Util currently" value="90" />
  <attribute name="CPU Util currently" value="1126543488652" />
<exclusive-end id="29" timestamp="2019-08-11T06:18:09.231" durationms="26.932" />

<exclusive-start id="30" timestamp="2019-08-11T06:18:09.367" intervalms="163.278">
  <response-info timems="0.014" idlems="0.014" threads="0" lastid="0000000001E02F00" lastname="main" />
</exclusive-start>
<allocation-taxation id="31" taxation-threshold="2097152" timestamp="2019-08-11T06:18:09.368" intervalms="163.286" />
<cycle-start id="32" type="global mark phase" contextid="0" timestamp="2019-08-11T06:18:09.368" intervalms="620.046" />
<gc-start id="33" type="global mark phase" contextid="32" timestamp="2019-08-11T06:18:09.368">
  <mem-info id="34" free="4194304" total="12582912" percent="33">
    <remembered-set count="2560" freebytes="492800" totalbytes="503040" percent="97" regionsoverflowed="0" regionsstable="0" regionsrebuilding="0"/>
  </mem-info>
</gc-start>
<gc-op id="35" type="mark increment" timems="7.970" contextid="32" timestamp="2019-08-11T06:18:09.376">
  <trace-info objectcount="136" scancount="0" scanbytes="0" />
</gc-op>
<gc-end id="36" type="global mark phase" contextid="32" durationms="8.220" usertimems="1.782" systemtimems="0.469" timestamp="2019-08-11T06:18:09.376" activeThreads="16">
  <mem-info id="37" free="4194304" total="12582912" percent="33">
    <remembered-set count="2560" freebytes="492800" totalbytes="503040" percent="97" regionsoverflowed="0" regionsstable="0" regionsrebuilding="0"/>
  </mem-info>
</gc-end>
<concurrent-start id="38" type="GMP work packet processing" contextid="32" timestamp="2019-08-11T06:18:09.376">
  <concurrent-mark-start scanTarget="18446744073709551615" />
</concurrent-start>
<exclusive-end id="39" timestamp="2019-08-11T06:18:09.376" durationms="8.503" />

<concurrent-end id="40" type="GMP work packet processing" contextid="32" timestamp="2019-08-11T06:18:09.382">
  <concurrent-mark-end bytesScanned="2775100" reasonForTermination="Completed all work in GC phase" />
</concurrent-end>

<exclusive-start id="41" timestamp="2019-08-11T06:18:09.440" intervalms="72.522">
  <response-info timems="0.093" idlems="0.093" threads="0" lastid="0000000001E02F00" lastname="main" />
</exclusive-start>
<allocation-taxation id="42" taxation-threshold="2097152" timestamp="2019-08-11T06:18:09.440" intervalms="72.522" />
<cycle-start id="43" type="partial gc" contextid="0" timestamp="2019-08-11T06:18:09.440" intervalms="235.814" />
<gc-start id="44" type="partial gc" contextid="43" timestamp="2019-08-11T06:18:09.440">
  <mem-info id="45" free="2097152" total="12582912" percent="16">
    <mem type="eden" free="0" total="4194304" percent="0" />
    <remembered-set count="2560" freebytes="492800" totalbytes="503040" percent="97" regionsoverflowed="0" regionsstable="0" regionsrebuilding="0"/>
  </mem-info>
</gc-start>
<allocation-stats totalBytes="4167328" >
  <allocated-bytes non-tlh="99992" tlh="4067336" arrayletleaf="0"/>
  <largest-consumer threadName="main" threadId="0000000001E02F00" bytes="2073784" />
</allocation-stats>
<gc-op id="46" type="copy forward" timems="26.601" contextid="43" timestamp="2019-08-11T06:18:09.470">
  <memory-copied type="eden" objects="28102" bytes="1790016" bytesdiscarded="161776" />
  <memory-copied type="other" objects="76440" bytes="2539160" bytesdiscarded="235872" />
  <memory-cardclean objects="111" bytes="6160" />
  <regions eden="2" other="2" />
  <remembered-set-cleared processed="239" cleared="239" durationms="0.053" />
  <references type="weak" candidates="3" cleared="0" enqueued="0" />
  <references type="phantom" candidates="2" cleared="0" enqueued="0" />
  <stringconstants candidates="3823" cleared="0"  />
  <heap-resize type="expand" space="default" amount="4194304" count="2" timems="0.202" reason="continue current collection" />
</gc-op>
<gc-op id="47" type="classunload" timems="0.002" contextid="43" timestamp="2019-08-11T06:18:09.470">
  <classunload-info classloadercandidates="6" classloadersunloaded="0" classesunloaded="0" anonymousclassesunloaded="0" quiescems="0.000" setupms="0.002" scanms="0.000" postms="0.000" />
</gc-op>
<gc-op id="48" type="compact" timems="12.091" contextid="43" timestamp="2019-08-11T06:18:09.482">
  <compact-info movecount="0" movebytes="0" />
  <remembered-set-cleared processed="1391" cleared="239" durationms="0.071" />
</gc-op>
<heap-resize id="49" type="expand" space="default" amount="2097152" count="1" timems="0.117" reason="insufficient free space following gc" timestamp="2019-08-11T06:18:09.482" />
<gc-end id="50" type="partial gc" contextid="43" durationms="42.021" usertimems="28.388" systemtimems="11.239" timestamp="2019-08-11T06:18:09.482" activeThreads="16">
  <mem-info id="51" free="10485760" total="18874368" percent="55">
    <mem type="eden" free="145096" total="2097152" percent="6" />
    <remembered-set count="2688" freebytes="743808" totalbytes="754560" percent="98" regionsoverflowed="0" regionsstable="0" regionsrebuilding="0"/>
  </mem-info>
</gc-end>
<cycle-end id="52" type="partial gc" contextid="43" timestamp="2019-08-11T06:18:09.482" />
  <attribute name="elasticGC enabled" value="1" />
  <attribute name= "numThreadsSpecified" value="16" />
  <attribute name="heapSize specified" value="0" />
  <attribute name="Current GC Util" value="88" />
  <attribute name= "Current Time Running" value="662" />
  <attribute name ="GC Interval" value="0" />
  <attribute name="ProportionalT" value="4.000000" />
  <attribute name="ProportionalI" value="4.000000" />
  <attribute name="ProportionalH" value="4.000000" />
  <attribute name="Current Error" value="8.000000" />
  <attribute name="IntegralT" value="108.000000" />
  <attribute name="IntegralI" value="108.000000" />
  <attribute name="IntegralH" value="108.000000" />
  <attribute name="DerivativeT" value="0.296296" />
  <attribute name="DerivativeI" value="0.296296" />
  <attribute name="DerivativeH" value="0.296296" />
  <attribute name="Loop Time for DT" value="27.000000" />
  <attribute name="Output H" value="8388608"/>
  <attribute name="Output I" value="200"/>
  <attribute name="Output T" value="16"/>
  <attribute name="Target GC Util Change" value ="80.000000" />
  <attribute name="Current GC Util Change" value="88.000000"/>
  <attribute name="GC Util currently" value="88" />
  <attribute name="CPU Util currently" value="15" />
<exclusive-end id="53" timestamp="2019-08-11T06:18:09.483" durationms="42.566" />

<exclusive-start id="54" timestamp="2019-08-11T06:18:13.784" intervalms="4344.252">
  <response-info timems="0.085" idlems="0.085" threads="0" lastid="0000000002134500" lastname="node-3" />
</exclusive-start>
<allocation-taxation id="55" taxation-threshold="4194304" timestamp="2019-08-11T06:18:13.784" intervalms="4344.254" />
<gc-start id="56" type="global mark phase" contextid="32" timestamp="2019-08-11T06:18:13.784">
  <mem-info id="57" free="6291456" total="18874368" percent="33">
    <remembered-set count="2688" freebytes="743808" totalbytes="754560" percent="98" regionsoverflowed="0" regionsstable="0" regionsrebuilding="0"/>
  </mem-info>
</gc-start>
<gc-op id="58" type="mark increment" timems="13.899" contextid="32" timestamp="2019-08-11T06:18:13.798">
  <trace-info objectcount="56752" scancount="54027" scanbytes="2964472" />
  <cardclean-info objects="5224" bytes="250476" />
  <finalization candidates="13" enqueued="0" />
  <references type="soft" candidates="66" cleared="0" enqueued="0" dynamicThreshold="17" maxThreshold="32" />
  <references type="weak" candidates="147" cleared="4" enqueued="4" />
  <references type="phantom" candidates="59" cleared="2" enqueued="2" />
  <stringconstants candidates="3837" cleared="0"  />
</gc-op>
<gc-op id="59" type="classunload" timems="0.002" contextid="32" timestamp="2019-08-11T06:18:13.798">
  <classunload-info classloadercandidates="6" classloadersunloaded="0" classesunloaded="0" anonymousclassesunloaded="0" quiescems="0.000" setupms="0.002" scanms="0.000" postms="0.000" />
</gc-op>
<gc-end id="60" type="global mark phase" contextid="32" durationms="14.143" usertimems="21.065" systemtimems="13.835" timestamp="2019-08-11T06:18:13.799" activeThreads="16">
  <mem-info id="61" free="6291456" total="18874368" percent="33">
    <pending-finalizers system="0" default="0" reference="6" classloader="0" />
    <remembered-set count="2688" freebytes="743808" totalbytes="754560" percent="98" regionsoverflowed="0" regionsstable="0" regionsrebuilding="0"/>
  </mem-info>
</gc-end>
<cycle-end id="62" type="global mark phase" contextid="32" timestamp="2019-08-11T06:18:13.799" />
  <attribute name="elasticGC enabled" value="1" />
  <attribute name= "numThreadsSpecified" value="16" />
  <attribute name="heapSize specified" value="0" />
  <attribute name="Current GC Util" value="198" />
  <attribute name= "Current Time Running" value="4986" />
  <attribute name ="GC Interval" value="0" />
  <attribute name="ProportionalT" value="59.000000" />
  <attribute name="ProportionalI" value="59.000000" />
  <attribute name="ProportionalH" value="59.000000" />
  <attribute name="Current Error" value="118.000000" />
  <attribute name="IntegralT" value="236.000000" />
  <attribute name="IntegralI" value="236.000000" />
  <attribute name="IntegralH" value="236.000000" />
  <attribute name="DerivativeT" value="29.500000" />
  <attribute name="DerivativeI" value="29.500000" />
  <attribute name="DerivativeH" value="29.500000" />
  <attribute name="Loop Time for DT" value="4.000000" />
  <attribute name="Output H" value="8388608"/>
  <attribute name="Output I" value="328"/>
  <attribute name="Output T" value="16"/>
  <attribute name="Target GC Util Change" value ="80.000000" />
  <attribute name="Current GC Util Change" value="198.000000"/>
  <attribute name="GC Util currently" value="198" />
  <attribute name="CPU Util currently" value="253053475615" />
<exclusive-end id="63" timestamp="2019-08-11T06:18:13.799" durationms="14.720" />

<exclusive-start id="64" timestamp="2019-08-11T06:18:17.990" intervalms="4205.603">
  <response-info timems="0.180" idlems="0.180" threads="0" lastid="0000000002125600" lastname="node-8" />
</exclusive-start>
<allocation-taxation id="65" taxation-threshold="4194304" timestamp="2019-08-11T06:18:17.990" intervalms="4205.607" />
<cycle-start id="66" type="partial gc" contextid="0" timestamp="2019-08-11T06:18:17.990" intervalms="8549.861" />
<gc-start id="67" type="partial gc" contextid="66" timestamp="2019-08-11T06:18:17.990">
  <mem-info id="68" free="2097152" total="18874368" percent="11">
    <mem type="eden" free="0" total="8388608" percent="0" />
    <remembered-set count="2688" freebytes="743808" totalbytes="754560" percent="98" regionsoverflowed="0" regionsstable="0" regionsrebuilding="0"/>
  </mem-info>
</gc-start>
<allocation-stats totalBytes="8378504" >
  <allocated-bytes non-tlh="383896" tlh="7994608" arrayletleaf="0"/>
  <largest-consumer threadName="node-9" threadId="0000000002138100" bytes="360192" />
</allocation-stats>
<gc-op id="69" type="sweep" timems="3.200" contextid="66" timestamp="2019-08-11T06:18:17.994" />
<gc-op id="70" type="copy forward" timems="12.238" contextid="66" timestamp="2019-08-11T06:18:18.007">
  <memory-copied type="eden" objects="5131" bytes="124360" bytesdiscarded="0" />
  <memory-copied type="other" objects="61152" bytes="3577712" bytesdiscarded="0" />
  <memory-cardclean objects="360" bytes="18176" />
  <regions eden="2" other="3" />
  <remembered-set-cleared processed="1130" cleared="470" durationms="0.109" />
  <stringconstants candidates="3837" cleared="0"  />
  <heap-resize type="expand" space="default" amount="2097152" count="1" timems="0.073" reason="continue current collection" />
</gc-op>
<gc-op id="71" type="classunload" timems="0.003" contextid="66" timestamp="2019-08-11T06:18:18.007">
  <classunload-info classloadercandidates="6" classloadersunloaded="0" classesunloaded="0" anonymousclassesunloaded="0" quiescems="0.000" setupms="0.003" scanms="0.000" postms="0.000" />
</gc-op>
<gc-op id="72" type="compact" timems="4.027" contextid="66" timestamp="2019-08-11T06:18:18.011">
  <compact-info movecount="0" movebytes="0" />
  <remembered-set-cleared processed="3057" cleared="470" durationms="0.109" />
</gc-op>
<gc-end id="73" type="partial gc" contextid="66" durationms="21.290" usertimems="14.374" systemtimems="12.107" timestamp="2019-08-11T06:18:18.011" activeThreads="16">
  <mem-info id="74" free="10485760" total="20971520" percent="50">
    <mem type="eden" free="183912" total="2097152" percent="8" />
    <remembered-set count="3680" freebytes="823680" totalbytes="838400" percent="98" regionsoverflowed="0" regionsstable="0" regionsrebuilding="0"/>
  </mem-info>
</gc-end>
<cycle-end id="75" type="partial gc" contextid="66" timestamp="2019-08-11T06:18:18.012" />
  <attribute name="elasticGC enabled" value="1" />
  <attribute name= "numThreadsSpecified" value="16" />
  <attribute name="heapSize specified" value="0" />
  <attribute name="Current GC Util" value="0" />
  <attribute name= "Current Time Running" value="9200" />
  <attribute name ="GC Interval" value="0" />
  <attribute name="ProportionalT" value="-40.000000" />
  <attribute name="ProportionalI" value="-40.000000" />
  <attribute name="ProportionalH" value="-40.000000" />
  <attribute name="Current Error" value="-80.000000" />
  <attribute name="IntegralT" value="-520.000000" />
  <attribute name="IntegralI" value="-520.000000" />
  <attribute name="IntegralH" value="-520.000000" />
  <attribute name="DerivativeT" value="-10.384615" />
  <attribute name="DerivativeI" value="-10.384615" />
  <attribute name="DerivativeH" value="-10.384615" />
  <attribute name="Loop Time for DT" value="13.000000" />
  <attribute name="Output H" value="4202627072"/>
  <attribute name="Output I" value="200"/>
  <attribute name="Output T" value="16"/>
  <attribute name="Target GC Util Change" value ="80.000000" />
  <attribute name="Current GC Util Change" value="0.000000"/>
  <attribute name="GC Util currently" value="0" />
  <attribute name="CPU Util currently" value="91725713959" />
<exclusive-end id="76" timestamp="2019-08-11T06:18:18.012" durationms="22.462" />

<exclusive-start id="77" timestamp="2019-08-11T06:18:25.916" intervalms="7926.329">
  <response-info timems="0.921" idlems="0.499" threads="1" lastid="0000000002134500" lastname="node-3" />
</exclusive-start>
<allocation-taxation id="78" taxation-threshold="10485760" timestamp="2019-08-11T06:18:25.916" intervalms="7926.382" />
<cycle-start id="79" type="partial gc" contextid="0" timestamp="2019-08-11T06:18:25.916" intervalms="7926.437" />
<gc-start id="80" type="partial gc" contextid="79" timestamp="2019-08-11T06:18:25.917">
  <mem-info id="81" free="0" total="20971520" percent="0">
    <mem type="eden" free="0" total="10485760" percent="0" />
    <remembered-set count="3680" freebytes="823680" totalbytes="838400" percent="98" regionsoverflowed="0" regionsstable="0" regionsrebuilding="0"/>
  </mem-info>
</gc-start>
<allocation-stats totalBytes="10476288" >
  <allocated-bytes non-tlh="0" tlh="10476288" arrayletleaf="0"/>
  <largest-consumer threadName="node-7" threadId="0000000002107600" bytes="601480" />
</allocation-stats>
<gc-op id="82" type="mark" timems="6.786" contextid="79" timestamp="2019-08-11T06:18:25.924">
  <trace-info objectcount="47837" scancount="46486" scanbytes="1908756" />
  <cardclean-info objects="709" bytes="64204" />
  <remembered-set-cleared processed="1869" cleared="875" durationms="0.092" />
  <stringconstants candidates="3837" cleared="0"  />
  <warning details="Mark invoked due to insufficient free space for Copy-Forward" />
</gc-op>
<gc-op id="83" type="classunload" timems="0.002" contextid="79" timestamp="2019-08-11T06:18:25.924">
  <classunload-info classloadercandidates="6" classloadersunloaded="0" classesunloaded="0" anonymousclassesunloaded="0" quiescems="0.000" setupms="0.002" scanms="0.000" postms="0.000" />
</gc-op>
<gc-op id="84" type="sweep" timems="2.572" contextid="79" timestamp="2019-08-11T06:18:25.927" />
<gc-op id="85" type="compact" timems="12.760" contextid="79" timestamp="2019-08-11T06:18:25.940">
  <compact-info movecount="47831" movebytes="2146872" />
  <remembered-set-cleared processed="4046" cleared="2048" durationms="0.103" />
</gc-op>
<gc-end id="86" type="partial gc" contextid="79" durationms="23.723" usertimems="26.543" systemtimems="5.988" timestamp="2019-08-11T06:18:25.940" activeThreads="16">
  <mem-info id="87" free="8388608" total="20971520" percent="40">
    <mem type="eden" free="1856680" total="2097152" percent="88" />
    <remembered-set count="5344" freebytes="817024" totalbytes="838400" percent="97" regionsoverflowed="0" regionsstable="0" regionsrebuilding="0"/>
  </mem-info>
</gc-end>
<cycle-end id="88" type="partial gc" contextid="79" timestamp="2019-08-11T06:18:25.942" />
  <attribute name="elasticGC enabled" value="1" />
  <attribute name= "numThreadsSpecified" value="16" />
  <attribute name="heapSize specified" value="0" />
  <attribute name="Current GC Util" value="101" />
  <attribute name= "Current Time Running" value="17120" />
  <attribute name ="GC Interval" value="0" />
  <attribute name="ProportionalT" value="10.500000" />
  <attribute name="ProportionalI" value="10.500000" />
  <attribute name="ProportionalH" value="10.500000" />
  <attribute name="Current Error" value="21.000000" />
  <attribute name="IntegralT" value="31.500000" />
  <attribute name="IntegralI" value="31.500000" />
  <attribute name="IntegralH" value="31.500000" />
  <attribute name="DerivativeT" value="7.000000" />
  <attribute name="DerivativeI" value="7.000000" />
  <attribute name="DerivativeH" value="7.000000" />
  <attribute name="Loop Time for DT" value="3.000000" />
  <attribute name="Output H" value="8388608"/>
  <attribute name="Output I" value="200"/>
  <attribute name="Output T" value="16"/>
  <attribute name="Target GC Util Change" value ="80.000000" />
  <attribute name="Current GC Util Change" value="101.000000"/>
  <attribute name="GC Util currently" value="101" />
  <attribute name="CPU Util currently" value="391469360820" />
<exclusive-end id="89" timestamp="2019-08-11T06:18:25.942" durationms="26.023" />

<exclusive-start id="90" timestamp="2019-08-11T06:18:31.069" intervalms="5152.509">
  <response-info timems="0.155" idlems="0.155" threads="0" lastid="000000000211DE00" lastname="node-15" />
</exclusive-start>
<allocation-taxation id="91" taxation-threshold="8388608" timestamp="2019-08-11T06:18:31.069" intervalms="5152.702" />
<cycle-start id="92" type="partial gc" contextid="0" timestamp="2019-08-11T06:18:31.069" intervalms="5153.068" />
<gc-start id="93" type="partial gc" contextid="92" timestamp="2019-08-11T06:18:31.070">
  <mem-info id="94" free="0" total="20971520" percent="0">
    <mem type="eden" free="0" total="8388608" percent="0" />
    <remembered-set count="5344" freebytes="817024" totalbytes="838400" percent="97" regionsoverflowed="0" regionsstable="0" regionsrebuilding="0"/>
  </mem-info>
</gc-start>
<allocation-stats totalBytes="8381296" >
  <allocated-bytes non-tlh="0" tlh="8381296" arrayletleaf="0"/>
  <largest-consumer threadName="node-9" threadId="0000000002138100" bytes="429888" />
</allocation-stats>
<gc-op id="95" type="mark" timems="3.546" contextid="92" timestamp="2019-08-11T06:18:31.074">
  <trace-info objectcount="15290" scancount="15267" scanbytes="689720" />
  <cardclean-info objects="2086" bytes="202124" />
  <remembered-set-cleared processed="2055" cleared="409" durationms="0.090" />
  <stringconstants candidates="3837" cleared="0"  />
  <warning details="Mark invoked due to insufficient free space for Copy-Forward" />
</gc-op>
<gc-op id="96" type="classunload" timems="0.002" contextid="92" timestamp="2019-08-11T06:18:31.074">
  <classunload-info classloadercandidates="6" classloadersunloaded="0" classesunloaded="0" anonymousclassesunloaded="0" quiescems="0.000" setupms="0.002" scanms="0.000" postms="0.000" />
</gc-op>
<gc-op id="97" type="sweep" timems="2.378" contextid="92" timestamp="2019-08-11T06:18:31.077" />
<gc-op id="98" type="compact" timems="5.975" contextid="92" timestamp="2019-08-11T06:18:31.083">
  <compact-info movecount="12747" movebytes="307640" />
  <remembered-set-cleared processed="4286" cleared="961" durationms="0.487" />
</gc-op>
<heap-resize id="99" type="expand" space="default" amount="4194304" count="1" timems="0.075" reason="insufficient free space following gc" timestamp="2019-08-11T06:18:31.083" />
<gc-end id="100" type="partial gc" contextid="92" durationms="13.343" usertimems="14.907" systemtimems="5.104" timestamp="2019-08-11T06:18:31.083" activeThreads="16">
  <mem-info id="101" free="10485760" total="25165824" percent="41">
    <mem type="eden" free="1959624" total="2097152" percent="93" />
    <remembered-set count="5696" freebytes="983296" totalbytes="1006080" percent="97" regionsoverflowed="0" regionsstable="0" regionsrebuilding="0"/>
  </mem-info>
</gc-end>
<cycle-end id="102" type="partial gc" contextid="92" timestamp="2019-08-11T06:18:31.084" />
  <attribute name="elasticGC enabled" value="1" />
  <attribute name= "numThreadsSpecified" value="16" />
  <attribute name="heapSize specified" value="0" />
  <attribute name="Current GC Util" value="103" />
  <attribute name= "Current Time Running" value="22269" />
  <attribute name ="GC Interval" value="0" />
  <attribute name="ProportionalT" value="11.500000" />
  <attribute name="ProportionalI" value="11.500000" />
  <attribute name="ProportionalH" value="11.500000" />
  <attribute name="Current Error" value="23.000000" />
  <attribute name="IntegralT" value="23.000000" />
  <attribute name="IntegralI" value="23.000000" />
  <attribute name="IntegralH" value="23.000000" />
  <attribute name="DerivativeT" value="11.500000" />
  <attribute name="DerivativeI" value="11.500000" />
  <attribute name="DerivativeH" value="11.500000" />
  <attribute name="Loop Time for DT" value="2.000000" />
  <attribute name="Output H" value="8388608"/>
  <attribute name="Output I" value="200"/>
  <attribute name="Output T" value="16"/>
  <attribute name="Target GC Util Change" value ="80.000000" />
  <attribute name="Current GC Util Change" value="103.000000"/>
  <attribute name="GC Util currently" value="103" />
  <attribute name="CPU Util currently" value="440015305552" />
<exclusive-end id="103" timestamp="2019-08-11T06:18:31.084" durationms="14.942" />

<exclusive-start id="104" timestamp="2019-08-11T06:18:34.022" intervalms="2953.682">
  <response-info timems="0.710" idlems="0.710" threads="0" lastid="0000000002125600" lastname="node-8" />
</exclusive-start>
<allocation-taxation id="105" taxation-threshold="4194304" timestamp="2019-08-11T06:18:34.023" intervalms="2953.534" />
<cycle-start id="106" type="global mark phase" contextid="0" timestamp="2019-08-11T06:18:34.023" intervalms="24655.107" />
<gc-start id="107" type="global mark phase" contextid="106" timestamp="2019-08-11T06:18:34.023">
  <mem-info id="108" free="6291456" total="25165824" percent="25">
    <remembered-set count="5504" freebytes="984064" totalbytes="1006080" percent="97" regionsoverflowed="0" regionsstable="0" regionsrebuilding="0"/>
  </mem-info>
</gc-start>
<gc-op id="109" type="mark increment" timems="1.996" contextid="106" timestamp="2019-08-11T06:18:34.025">
  <trace-info objectcount="361" scancount="0" scanbytes="0" />
</gc-op>
<gc-end id="110" type="global mark phase" contextid="106" durationms="2.076" usertimems="2.593" systemtimems="1.271" timestamp="2019-08-11T06:18:34.025" activeThreads="16">
  <mem-info id="111" free="6291456" total="25165824" percent="25">
    <remembered-set count="5504" freebytes="984064" totalbytes="1006080" percent="97" regionsoverflowed="0" regionsstable="0" regionsrebuilding="0"/>
  </mem-info>
</gc-end>
<concurrent-start id="112" type="GMP work packet processing" contextid="106" timestamp="2019-08-11T06:18:34.025">
  <concurrent-mark-start scanTarget="18446744073709551615" />
</concurrent-start>
<exclusive-end id="113" timestamp="2019-08-11T06:18:34.025" durationms="3.070" />

<concurrent-end id="114" type="GMP work packet processing" contextid="106" timestamp="2019-08-11T06:18:34.030">
  <concurrent-mark-end bytesScanned="5319408" reasonForTermination="Completed all work in GC phase" />
</concurrent-end>

<exclusive-start id="115" timestamp="2019-08-11T06:18:36.846" intervalms="2823.784">
  <response-info timems="0.026" idlems="0.026" threads="0" lastid="0000000002103B00" lastname="node-4" />
</exclusive-start>
<allocation-taxation id="116" taxation-threshold="4194304" timestamp="2019-08-11T06:18:36.847" intervalms="2823.969" />
<cycle-start id="117" type="partial gc" contextid="0" timestamp="2019-08-11T06:18:36.847" intervalms="5777.432" />
<gc-start id="118" type="partial gc" contextid="117" timestamp="2019-08-11T06:18:36.847">
  <mem-info id="119" free="2097152" total="25165824" percent="8">
    <mem type="eden" free="0" total="8388608" percent="0" />
    <remembered-set count="5504" freebytes="984064" totalbytes="1006080" percent="97" regionsoverflowed="0" regionsstable="0" regionsrebuilding="0"/>
  </mem-info>
</gc-start>
<allocation-stats totalBytes="8377728" >
  <allocated-bytes non-tlh="0" tlh="8377728" arrayletleaf="0"/>
  <largest-consumer threadName="node-7" threadId="0000000002107600" bytes="237312" />
</allocation-stats>
<gc-op id="120" type="copy forward" timems="8.760" contextid="117" timestamp="2019-08-11T06:18:36.857">
  <memory-copied type="eden" objects="6398" bytes="163056" bytesdiscarded="7016" />
  <memory-copied type="other" objects="5518" bytes="132432" bytesdiscarded="7952" />
  <memory-cardclean objects="1950" bytes="523320" />
  <regions eden="4" other="1" />
  <remembered-set-cleared processed="2201" cleared="385" durationms="0.076" />
  <stringconstants candidates="3837" cleared="0"  />
  <heap-resize type="expand" space="default" amount="2097152" count="1" timems="0.071" reason="continue current collection" />
</gc-op>
<gc-op id="121" type="classunload" timems="0.002" contextid="117" timestamp="2019-08-11T06:18:36.858">
  <classunload-info classloadercandidates="6" classloadersunloaded="0" classesunloaded="0" anonymousclassesunloaded="0" quiescems="0.000" setupms="0.002" scanms="0.000" postms="0.000" />
</gc-op>
<heap-resize id="122" type="expand" space="default" amount="4194304" count="1" timems="0.158" reason="insufficient free space following gc" timestamp="2019-08-11T06:18:36.858" />
<gc-end id="123" type="partial gc" contextid="117" durationms="10.691" usertimems="11.319" systemtimems="9.325" timestamp="2019-08-11T06:18:36.858" activeThreads="16">
  <mem-info id="124" free="14680064" total="31457280" percent="46">
    <mem type="eden" free="1927080" total="2097152" percent="91" />
    <remembered-set count="8032" freebytes="1225472" totalbytes="1257600" percent="97" regionsoverflowed="0" regionsstable="0" regionsrebuilding="0"/>
  </mem-info>
</gc-end>
<cycle-end id="125" type="partial gc" contextid="117" timestamp="2019-08-11T06:18:36.858" />
  <attribute name="elasticGC enabled" value="1" />
  <attribute name= "numThreadsSpecified" value="16" />
  <attribute name="heapSize specified" value="0" />
  <attribute name="Current GC Util" value="69" />
  <attribute name= "Current Time Running" value="28041" />
  <attribute name ="GC Interval" value="0" />
  <attribute name="ProportionalT" value="-5.500000" />
  <attribute name="ProportionalI" value="-5.500000" />
  <attribute name="ProportionalH" value="-5.500000" />
  <attribute name="Current Error" value="-11.000000" />
  <attribute name="IntegralT" value="-5.500000" />
  <attribute name="IntegralI" value="-5.500000" />
  <attribute name="IntegralH" value="-5.500000" />
  <attribute name="DerivativeT" value="-11.000000" />
  <attribute name="DerivativeI" value="-11.000000" />
  <attribute name="DerivativeH" value="-11.000000" />
  <attribute name="Loop Time for DT" value="1.000000" />
  <attribute name="Output H" value="4202627072"/>
  <attribute name="Output I" value="200"/>
  <attribute name="Output T" value="16"/>
  <attribute name="Target GC Util Change" value ="80.000000" />
  <attribute name="Current GC Util Change" value="69.000000"/>
  <attribute name="GC Util currently" value="69" />
  <attribute name="CPU Util currently" value="946106423419" />
<exclusive-end id="126" timestamp="2019-08-11T06:18:36.858" durationms="12.174" />

<exclusive-start id="127" timestamp="2019-08-11T06:18:42.155" intervalms="5309.163">
  <response-info timems="0.035" idlems="0.035" threads="0" lastid="000000000211DE00" lastname="node-15" />
</exclusive-start>
<allocation-taxation id="128" taxation-threshold="6291456" timestamp="2019-08-11T06:18:42.155" intervalms="5308.880" />
<gc-start id="129" type="global mark phase" contextid="106" timestamp="2019-08-11T06:18:42.155">
  <mem-info id="130" free="8388608" total="31457280" percent="26">
    <remembered-set count="7872" freebytes="1226112" totalbytes="1257600" percent="97" regionsoverflowed="0" regionsstable="0" regionsrebuilding="0"/>
  </mem-info>
</gc-start>
<gc-op id="131" type="mark increment" timems="3.796" contextid="106" timestamp="2019-08-11T06:18:42.159">
  <trace-info objectcount="8879" scancount="8840" scanbytes="535512" />
  <cardclean-info objects="1853" bytes="196348" />
  <finalization candidates="13" enqueued="0" />
  <references type="soft" candidates="66" cleared="0" enqueued="0" dynamicThreshold="14" maxThreshold="32" />
  <references type="weak" candidates="143" cleared="0" enqueued="0" />
  <references type="phantom" candidates="57" cleared="0" enqueued="0" />
  <stringconstants candidates="3837" cleared="0"  />
</gc-op>
<gc-op id="132" type="classunload" timems="0.002" contextid="106" timestamp="2019-08-11T06:18:42.159">
  <classunload-info classloadercandidates="6" classloadersunloaded="0" classesunloaded="0" anonymousclassesunloaded="0" quiescems="0.000" setupms="0.002" scanms="0.000" postms="0.000" />
</gc-op>
<gc-end id="133" type="global mark phase" contextid="106" durationms="3.889" usertimems="0.000" systemtimems="6.841" timestamp="2019-08-11T06:18:42.159" activeThreads="1">
  <mem-info id="134" free="8388608" total="31457280" percent="26">
    <remembered-set count="7872" freebytes="1226112" totalbytes="1257600" percent="97" regionsoverflowed="0" regionsstable="0" regionsrebuilding="0"/>
  </mem-info>
</gc-end>
<cycle-end id="135" type="global mark phase" contextid="106" timestamp="2019-08-11T06:18:42.159" />
  <attribute name="elasticGC enabled" value="1" />
  <attribute name= "numThreadsSpecified" value="1" />
  <attribute name="heapSize specified" value="0" />
  <attribute name="Current GC Util" value="103" />
  <attribute name= "Current Time Running" value="33351" />
  <attribute name ="GC Interval" value="0" />
  <attribute name="ProportionalT" value="11.500000" />
  <attribute name="ProportionalI" value="11.500000" />
  <attribute name="ProportionalH" value="11.500000" />
  <attribute name="Current Error" value="23.000000" />
  <attribute name="IntegralT" value="23.000000" />
  <attribute name="IntegralI" value="23.000000" />
  <attribute name="IntegralH" value="23.000000" />
  <attribute name="DerivativeT" value="-37.000000" />
  <attribute name="DerivativeI" value="-37.000000" />
  <attribute name="DerivativeH" value="-37.000000" />
  <attribute name="Loop Time for DT" value="2.000000" />
  <attribute name="Output H" value="8388608"/>
  <attribute name="Output I" value="200"/>
  <attribute name="Output T" value="1"/>
  <attribute name="Target GC Util Change" value ="80.000000" />
  <attribute name="Current GC Util Change" value="103.000000"/>
  <attribute name="GC Util currently" value="103" />
  <attribute name="CPU Util currently" value="627448810460" />
<exclusive-end id="136" timestamp="2019-08-11T06:18:42.160" durationms="4.228" />

<exclusive-start id="137" timestamp="2019-08-11T06:18:46.642" intervalms="4486.800">
  <response-info timems="0.027" idlems="0.027" threads="0" lastid="00000000020FFF00" lastname="node-16" />
</exclusive-start>
<allocation-taxation id="138" taxation-threshold="6291456" timestamp="2019-08-11T06:18:46.642" intervalms="4486.858" />
<cycle-start id="139" type="partial gc" contextid="0" timestamp="2019-08-11T06:18:46.642" intervalms="9795.474" />
<gc-start id="140" type="partial gc" contextid="139" timestamp="2019-08-11T06:18:46.643">
  <mem-info id="141" free="2097152" total="31457280" percent="6">
    <mem type="eden" free="0" total="12582912" percent="0" />
    <remembered-set count="7872" freebytes="1226112" totalbytes="1257600" percent="97" regionsoverflowed="0" regionsstable="0" regionsrebuilding="0"/>
  </mem-info>
</gc-start>
<allocation-stats totalBytes="12568344" >
  <allocated-bytes non-tlh="0" tlh="12568344" arrayletleaf="0"/>
  <largest-consumer threadName="node-7" threadId="0000000002107600" bytes="339584" />
</allocation-stats>
<gc-op id="142" type="sweep" timems="13.116" contextid="139" timestamp="2019-08-11T06:18:46.656" />
<gc-op id="143" type="copy forward" timems="14.993" contextid="139" timestamp="2019-08-11T06:18:46.673">
  <memory-copied type="eden" objects="5245" bytes="127928" bytesdiscarded="11186" />
  <memory-copied type="other" objects="8585" bytes="206040" bytesdiscarded="8558" />
  <memory-cardclean objects="1829" bytes="520800" />
  <regions eden="3" other="4" />
  <remembered-set-cleared processed="2177" cleared="499" durationms="0.188" />
  <stringconstants candidates="3837" cleared="0"  />
</gc-op>
<gc-op id="144" type="classunload" timems="0.002" contextid="139" timestamp="2019-08-11T06:18:46.673">
  <classunload-info classloadercandidates="6" classloadersunloaded="0" classesunloaded="0" anonymousclassesunloaded="0" quiescems="0.000" setupms="0.002" scanms="0.000" postms="0.000" />
</gc-op>
<gc-end id="145" type="partial gc" contextid="139" durationms="30.465" usertimems="13.562" systemtimems="26.226" timestamp="2019-08-11T06:18:46.673" activeThreads="16">
  <mem-info id="146" free="14680064" total="31457280" percent="46">
    <mem type="eden" free="3915824" total="4194304" percent="93" />
    <remembered-set count="7360" freebytes="1228160" totalbytes="1257600" percent="97" regionsoverflowed="0" regionsstable="0" regionsrebuilding="0"/>
  </mem-info>
</gc-end>
<cycle-end id="147" type="partial gc" contextid="139" timestamp="2019-08-11T06:18:46.673" />
  <attribute name="elasticGC enabled" value="1" />
  <attribute name= "numThreadsSpecified" value="16" />
  <attribute name="heapSize specified" value="0" />
  <attribute name="Current GC Util" value="42" />
  <attribute name= "Current Time Running" value="37850" />
  <attribute name ="GC Interval" value="0" />
  <attribute name="ProportionalT" value="-19.000000" />
  <attribute name="ProportionalI" value="-19.000000" />
  <attribute name="ProportionalH" value="-19.000000" />
  <attribute name="Current Error" value="-38.000000" />
  <attribute name="IntegralT" value="-19.000000" />
  <attribute name="IntegralI" value="-19.000000" />
  <attribute name="IntegralH" value="-19.000000" />
  <attribute name="DerivativeT" value="-38.000000" />
  <attribute name="DerivativeI" value="-38.000000" />
  <attribute name="DerivativeH" value="-38.000000" />
  <attribute name="Loop Time for DT" value="1.000000" />
  <attribute name="Output H" value="4202627072"/>
  <attribute name="Output I" value="200"/>
  <attribute name="Output T" value="16"/>
  <attribute name="Target GC Util Change" value ="80.000000" />
  <attribute name="Current GC Util Change" value="42.000000"/>
  <attribute name="GC Util currently" value="42" />
  <attribute name="CPU Util currently" value="678155211647" />
<exclusive-end id="148" timestamp="2019-08-11T06:18:46.674" durationms="31.738" />

<exclusive-start id="149" timestamp="2019-08-11T06:18:56.783" intervalms="10141.247">
  <response-info timems="0.029" idlems="0.029" threads="0" lastid="000000000212CD00" lastname="node-20" />
</exclusive-start>
<allocation-taxation id="150" taxation-threshold="14680064" timestamp="2019-08-11T06:18:56.783" intervalms="10141.201" />
<cycle-start id="151" type="partial gc" contextid="0" timestamp="2019-08-11T06:18:56.784" intervalms="10141.113" />
<gc-start id="152" type="partial gc" contextid="151" timestamp="2019-08-11T06:18:56.784">
  <mem-info id="153" free="0" total="31457280" percent="0">
    <mem type="eden" free="0" total="14680064" percent="0" />
    <remembered-set count="7360" freebytes="1228160" totalbytes="1257600" percent="97" regionsoverflowed="0" regionsstable="0" regionsrebuilding="0"/>
  </mem-info>
</gc-start>
<allocation-stats totalBytes="14668192" >
  <allocated-bytes non-tlh="0" tlh="14668192" arrayletleaf="0"/>
  <largest-consumer threadName="node-15" threadId="000000000211DE00" bytes="675784" />
</allocation-stats>
<gc-op id="154" type="mark" timems="8.960" contextid="151" timestamp="2019-08-11T06:18:56.793">
  <trace-info objectcount="22160" scancount="22137" scanbytes="854600" />
  <cardclean-info objects="1992" bytes="200344" />
  <remembered-set-cleared processed="2086" cleared="380" durationms="0.080" />
  <stringconstants candidates="3837" cleared="0"  />
  <warning details="Mark invoked due to insufficient free space for Copy-Forward" />
</gc-op>
<gc-op id="155" type="classunload" timems="0.002" contextid="151" timestamp="2019-08-11T06:18:56.793">
  <classunload-info classloadercandidates="6" classloadersunloaded="0" classesunloaded="0" anonymousclassesunloaded="0" quiescems="0.000" setupms="0.001" scanms="0.000" postms="0.000" />
</gc-op>
<gc-op id="156" type="sweep" timems="3.319" contextid="151" timestamp="2019-08-11T06:18:56.797" />
<gc-op id="157" type="compact" timems="6.905" contextid="151" timestamp="2019-08-11T06:18:56.804">
  <compact-info movecount="22160" movebytes="533552" />
  <remembered-set-cleared processed="4424" cleared="968" durationms="0.104" />
</gc-op>
<gc-end id="158" type="partial gc" contextid="151" durationms="20.379" usertimems="16.128" systemtimems="22.386" timestamp="2019-08-11T06:18:56.804" activeThreads="16">
  <mem-info id="159" free="14680064" total="31457280" percent="46">
    <mem type="eden" free="1821744" total="2097152" percent="86" />
    <remembered-set count="7072" freebytes="1229312" totalbytes="1257600" percent="97" regionsoverflowed="0" regionsstable="0" regionsrebuilding="0"/>
  </mem-info>
</gc-end>
<cycle-end id="160" type="partial gc" contextid="151" timestamp="2019-08-11T06:18:56.804" />
  <attribute name="elasticGC enabled" value="1" />
  <attribute name= "numThreadsSpecified" value="16" />
  <attribute name="heapSize specified" value="0" />
  <attribute name="Current GC Util" value="97" />
  <attribute name= "Current Time Running" value="47989" />
  <attribute name ="GC Interval" value="0" />
  <attribute name="ProportionalT" value="8.500000" />
  <attribute name="ProportionalI" value="8.500000" />
  <attribute name="ProportionalH" value="8.500000" />
  <attribute name="Current Error" value="17.000000" />
  <attribute name="IntegralT" value="25.500000" />
  <attribute name="IntegralI" value="25.500000" />
  <attribute name="IntegralH" value="25.500000" />
  <attribute name="DerivativeT" value="-20.000000" />
  <attribute name="DerivativeI" value="-20.000000" />
  <attribute name="DerivativeH" value="-20.000000" />
  <attribute name="Loop Time for DT" value="3.000000" />
  <attribute name="Output H" value="8388608"/>
  <attribute name="Output I" value="200"/>
  <attribute name="Output T" value="16"/>
  <attribute name="Target GC Util Change" value ="80.000000" />
  <attribute name="Current GC Util Change" value="97.000000"/>
  <attribute name="GC Util currently" value="97" />
  <attribute name="CPU Util currently" value="332920067374" />
<exclusive-end id="161" timestamp="2019-08-11T06:18:56.805" durationms="21.193" />

<exclusive-start id="162" timestamp="2019-08-11T06:19:08.008" intervalms="11224.897">
  <response-info timems="0.234" idlems="0.234" threads="0" lastid="000000000212CD00" lastname="node-20" />
</exclusive-start>
<allocation-taxation id="163" taxation-threshold="14680064" timestamp="2019-08-11T06:19:08.008" intervalms="11224.907" />
<cycle-start id="164" type="partial gc" contextid="0" timestamp="2019-08-11T06:19:08.009" intervalms="11225.184" />
<gc-start id="165" type="partial gc" contextid="164" timestamp="2019-08-11T06:19:08.009">
  <mem-info id="166" free="0" total="31457280" percent="0">
    <mem type="eden" free="1821744" total="16777216" percent="10" />
    <remembered-set count="7072" freebytes="1229312" totalbytes="1257600" percent="97" regionsoverflowed="0" regionsstable="0" regionsrebuilding="0"/>
  </mem-info>
</gc-start>
<allocation-stats totalBytes="14671120" >
  <allocated-bytes non-tlh="0" tlh="14671120" arrayletleaf="0"/>
  <largest-consumer threadName="node-7" threadId="0000000002107600" bytes="728960" />
</allocation-stats>
<gc-op id="167" type="mark" timems="12.119" contextid="164" timestamp="2019-08-11T06:19:08.022">
  <trace-info objectcount="23508" scancount="23485" scanbytes="886952" />
  <cardclean-info objects="2013" bytes="200848" />
  <remembered-set-cleared processed="2243" cleared="409" durationms="0.072" />
  <stringconstants candidates="3837" cleared="0"  />
  <warning details="Mark invoked due to insufficient free space for Copy-Forward" />
</gc-op>
<gc-op id="168" type="classunload" timems="0.003" contextid="164" timestamp="2019-08-11T06:19:08.022">
  <classunload-info classloadercandidates="6" classloadersunloaded="0" classesunloaded="0" anonymousclassesunloaded="0" quiescems="0.000" setupms="0.002" scanms="0.000" postms="0.000" />
</gc-op>
<gc-op id="169" type="sweep" timems="2.936" contextid="164" timestamp="2019-08-11T06:19:08.025" />
<gc-op id="170" type="compact" timems="7.012" contextid="164" timestamp="2019-08-11T06:19:08.032">
  <compact-info movecount="23449" movebytes="564488" />
  <remembered-set-cleared processed="4764" cleared="1057" durationms="0.085" />
</gc-op>
<gc-end id="171" type="partial gc" contextid="164" durationms="23.766" usertimems="19.110" systemtimems="23.819" timestamp="2019-08-11T06:19:08.033" activeThreads="16">
  <mem-info id="172" free="12582912" total="31457280" percent="40">
    <mem type="eden" free="3628400" total="4194304" percent="86" />
    <remembered-set count="6816" freebytes="1230336" totalbytes="1257600" percent="97" regionsoverflowed="0" regionsstable="0" regionsrebuilding="0"/>
  </mem-info>
</gc-end>
<cycle-end id="173" type="partial gc" contextid="164" timestamp="2019-08-11T06:19:08.033" />
  <attribute name="elasticGC enabled" value="1" />
  <attribute name= "numThreadsSpecified" value="16" />
  <attribute name="heapSize specified" value="0" />
  <attribute name="Current GC Util" value="91" />
  <attribute name= "Current Time Running" value="59218" />
  <attribute name ="GC Interval" value="0" />
  <attribute name="ProportionalT" value="5.500000" />
  <attribute name="ProportionalI" value="5.500000" />
  <attribute name="ProportionalH" value="5.500000" />
  <attribute name="Current Error" value="11.000000" />
  <attribute name="IntegralT" value="16.500000" />
  <attribute name="IntegralI" value="16.500000" />
  <attribute name="IntegralH" value="16.500000" />
  <attribute name="DerivativeT" value="-9.666667" />
  <attribute name="DerivativeI" value="-9.666667" />
  <attribute name="DerivativeH" value="-9.666667" />
  <attribute name="Loop Time for DT" value="3.000000" />
  <attribute name="Output H" value="8388608"/>
  <attribute name="Output I" value="200"/>
  <attribute name="Output T" value="16"/>
  <attribute name="Target GC Util Change" value ="80.000000" />
  <attribute name="Current GC Util Change" value="91.000000"/>
  <attribute name="GC Util currently" value="91" />
  <attribute name="CPU Util currently" value="365678412130" />
<exclusive-end id="174" timestamp="2019-08-11T06:19:08.034" durationms="25.328" />

<exclusive-start id="175" timestamp="2019-08-11T06:19:13.301" intervalms="5292.657">
  <response-info timems="0.118" idlems="0.118" threads="0" lastid="0000000002134500" lastname="node-3" />
</exclusive-start>
<allocation-taxation id="176" taxation-threshold="6291456" timestamp="2019-08-11T06:19:13.301" intervalms="5292.680" />
<cycle-start id="177" type="global mark phase" contextid="0" timestamp="2019-08-11T06:19:13.301" intervalms="39278.448" />
<gc-start id="178" type="global mark phase" contextid="177" timestamp="2019-08-11T06:19:13.301">
  <mem-info id="179" free="6291456" total="31457280" percent="20">
    <remembered-set count="6336" freebytes="1232256" totalbytes="1257600" percent="97" regionsoverflowed="0" regionsstable="0" regionsrebuilding="0"/>
  </mem-info>
</gc-start>
<gc-op id="180" type="mark increment" timems="4.212" contextid="177" timestamp="2019-08-11T06:19:13.305">
  <trace-info objectcount="361" scancount="0" scanbytes="0" />
</gc-op>
<gc-end id="181" type="global mark phase" contextid="177" durationms="4.296" usertimems="0.245" systemtimems="3.730" timestamp="2019-08-11T06:19:13.305" activeThreads="16">
  <mem-info id="182" free="6291456" total="31457280" percent="20">
    <remembered-set count="6336" freebytes="1232256" totalbytes="1257600" percent="97" regionsoverflowed="0" regionsstable="0" regionsrebuilding="0"/>
  </mem-info>
</gc-end>
<concurrent-start id="183" type="GMP work packet processing" contextid="177" timestamp="2019-08-11T06:19:13.306">
  <concurrent-mark-start scanTarget="18446744073709551615" />
</concurrent-start>
<exclusive-end id="184" timestamp="2019-08-11T06:19:13.306" durationms="5.009" />

<concurrent-end id="185" type="GMP work packet processing" contextid="177" timestamp="2019-08-11T06:19:13.319">
  <concurrent-mark-end bytesScanned="5304832" reasonForTermination="Completed all work in GC phase" />
</concurrent-end>

<exclusive-start id="186" timestamp="2019-08-11T06:19:17.293" intervalms="3992.124">
  <response-info timems="0.084" idlems="0.084" threads="0" lastid="000000000213BD00" lastname="node-12" />
</exclusive-start>
<allocation-taxation id="187" taxation-threshold="6291456" timestamp="2019-08-11T06:19:17.293" intervalms="3992.133" />
<cycle-start id="188" type="partial gc" contextid="0" timestamp="2019-08-11T06:19:17.293" intervalms="9284.766" />
<gc-start id="189" type="partial gc" contextid="188" timestamp="2019-08-11T06:19:17.294">
  <mem-info id="190" free="0" total="31457280" percent="0">
    <mem type="eden" free="0" total="12582912" percent="0" />
    <remembered-set count="6336" freebytes="1232256" totalbytes="1257600" percent="97" regionsoverflowed="0" regionsstable="0" regionsrebuilding="0"/>
  </mem-info>
</gc-start>
<allocation-stats totalBytes="12575144" >
  <allocated-bytes non-tlh="0" tlh="12575144" arrayletleaf="0"/>
  <largest-consumer threadName="node-9" threadId="0000000002138100" bytes="303072" />
</allocation-stats>
<gc-op id="191" type="mark" timems="7.619" contextid="188" timestamp="2019-08-11T06:19:17.304">
  <trace-info objectcount="22548" scancount="22525" scanbytes="863912" />
  <cardclean-info objects="1975" bytes="199628" />
  <remembered-set-cleared processed="2412" cleared="419" durationms="0.729" />
  <stringconstants candidates="3837" cleared="0"  />
  <warning details="Mark invoked due to insufficient free space for Copy-Forward" />
</gc-op>
<gc-op id="192" type="classunload" timems="0.003" contextid="188" timestamp="2019-08-11T06:19:17.304">
  <classunload-info classloadercandidates="6" classloadersunloaded="0" classesunloaded="0" anonymousclassesunloaded="0" quiescems="0.000" setupms="0.003" scanms="0.000" postms="0.000" />
</gc-op>
<gc-op id="193" type="sweep" timems="2.899" contextid="188" timestamp="2019-08-11T06:19:17.307" />
<gc-op id="194" type="compact" timems="6.571" contextid="188" timestamp="2019-08-11T06:19:17.314">
  <compact-info movecount="16583" movebytes="399704" />
  <remembered-set-cleared processed="5062" cleared="1015" durationms="0.729" />
</gc-op>
<heap-resize id="195" type="expand" space="default" amount="2097152" count="1" timems="0.062" reason="insufficient free space following gc" timestamp="2019-08-11T06:19:17.315" />
<gc-end id="196" type="partial gc" contextid="188" durationms="21.003" usertimems="24.557" systemtimems="10.721" timestamp="2019-08-11T06:19:17.315" activeThreads="8">
  <mem-info id="197" free="12582912" total="33554432" percent="37">
    <mem type="eden" free="1844832" total="2097152" percent="87" />
    <remembered-set count="7648" freebytes="1310848" totalbytes="1341440" percent="97" regionsoverflowed="0" regionsstable="0" regionsrebuilding="0"/>
  </mem-info>
</gc-end>
<cycle-end id="198" type="partial gc" contextid="188" timestamp="2019-08-11T06:19:17.315" />
  <attribute name="elasticGC enabled" value="1" />
  <attribute name= "numThreadsSpecified" value="8" />
  <attribute name="heapSize specified" value="0" />
  <attribute name="Current GC Util" value="90" />
  <attribute name= "Current Time Running" value="68500" />
  <attribute name ="GC Interval" value="0" />
  <attribute name="ProportionalT" value="5.000000" />
  <attribute name="ProportionalI" value="5.000000" />
  <attribute name="ProportionalH" value="5.000000" />
  <attribute name="Current Error" value="10.000000" />
  <attribute name="IntegralT" value="15.000000" />
  <attribute name="IntegralI" value="15.000000" />
  <attribute name="IntegralH" value="15.000000" />
  <attribute name="DerivativeT" value="-11.666667" />
  <attribute name="DerivativeI" value="-11.666667" />
  <attribute name="DerivativeH" value="-11.666667" />
  <attribute name="Loop Time for DT" value="3.000000" />
  <attribute name="Output H" value="8388608"/>
  <attribute name="Output I" value="200"/>
  <attribute name="Output T" value="8"/>
  <attribute name="Target GC Util Change" value ="80.000000" />
  <attribute name="Current GC Util Change" value="90.000000"/>
  <attribute name="GC Util currently" value="90" />
  <attribute name="CPU Util currently" value="318344403129" />
<exclusive-end id="199" timestamp="2019-08-11T06:19:17.315" durationms="21.966" />

<exclusive-start id="200" timestamp="2019-08-11T06:19:22.172" intervalms="4878.989">
  <response-info timems="0.501" idlems="0.501" threads="0" lastid="00000000020ED300" lastname="node-1" />
</exclusive-start>
<allocation-taxation id="201" taxation-threshold="6291456" timestamp="2019-08-11T06:19:22.172" intervalms="4878.961" />
<gc-start id="202" type="global mark phase" contextid="177" timestamp="2019-08-11T06:19:22.172">
  <mem-info id="203" free="6291456" total="33554432" percent="18">
    <remembered-set count="7328" freebytes="1312128" totalbytes="1341440" percent="97" regionsoverflowed="0" regionsstable="0" regionsrebuilding="0"/>
  </mem-info>
</gc-start>
<gc-op id="204" type="mark increment" timems="10.210" contextid="177" timestamp="2019-08-11T06:19:22.183">
  <trace-info objectcount="9762" scancount="9739" scanbytes="557208" />
  <cardclean-info objects="1798" bytes="195600" />
  <finalization candidates="13" enqueued="0" />
  <references type="soft" candidates="66" cleared="0" enqueued="0" dynamicThreshold="12" maxThreshold="32" />
  <references type="weak" candidates="143" cleared="0" enqueued="0" />
  <references type="phantom" candidates="57" cleared="0" enqueued="0" />
  <stringconstants candidates="3837" cleared="0"  />
</gc-op>
<gc-op id="205" type="classunload" timems="0.003" contextid="177" timestamp="2019-08-11T06:19:22.183">
  <classunload-info classloadercandidates="6" classloadersunloaded="0" classesunloaded="0" anonymousclassesunloaded="0" quiescems="0.000" setupms="0.003" scanms="0.000" postms="0.000" />
</gc-op>
<gc-end id="206" type="global mark phase" contextid="177" durationms="10.344" usertimems="3.053" systemtimems="13.737" timestamp="2019-08-11T06:19:22.183" activeThreads="16">
  <mem-info id="207" free="6291456" total="33554432" percent="18">
    <remembered-set count="7328" freebytes="1312128" totalbytes="1341440" percent="97" regionsoverflowed="0" regionsstable="0" regionsrebuilding="0"/>
  </mem-info>
</gc-end>
<cycle-end id="208" type="global mark phase" contextid="177" timestamp="2019-08-11T06:19:22.183" />
  <attribute name="elasticGC enabled" value="1" />
  <attribute name= "numThreadsSpecified" value="16" />
  <attribute name="heapSize specified" value="0" />
  <attribute name="Current GC Util" value="121" />
  <attribute name= "Current Time Running" value="73370" />
  <attribute name ="GC Interval" value="0" />
  <attribute name="ProportionalT" value="20.500000" />
  <attribute name="ProportionalI" value="20.500000" />
  <attribute name="ProportionalH" value="20.500000" />
  <attribute name="Current Error" value="41.000000" />
  <attribute name="IntegralT" value="61.500000" />
  <attribute name="IntegralI" value="61.500000" />
  <attribute name="IntegralH" value="61.500000" />
  <attribute name="DerivativeT" value="-1.666667" />
  <attribute name="DerivativeI" value="-1.666667" />
  <attribute name="DerivativeH" value="-1.666667" />
  <attribute name="Loop Time for DT" value="3.000000" />
  <attribute name="Output H" value="8388608"/>
  <attribute name="Output I" value="200"/>
  <attribute name="Output T" value="16"/>
  <attribute name="Target GC Util Change" value ="80.000000" />
  <attribute name="Current GC Util Change" value="121.000000"/>
  <attribute name="GC Util currently" value="121" />
  <attribute name="CPU Util currently" value="407130639566" />
<exclusive-end id="209" timestamp="2019-08-11T06:19:22.183" durationms="10.967" />

<exclusive-start id="210" timestamp="2019-08-11T06:19:25.970" intervalms="3797.956">
  <response-info timems="0.116" idlems="0.116" threads="0" lastid="00000000020F0F00" lastname="node-5" />
</exclusive-start>
<allocation-taxation id="211" taxation-threshold="6291456" timestamp="2019-08-11T06:19:25.970" intervalms="3797.924" />
<cycle-start id="212" type="partial gc" contextid="0" timestamp="2019-08-11T06:19:25.970" intervalms="8676.764" />
<gc-start id="213" type="partial gc" contextid="212" timestamp="2019-08-11T06:19:25.970">
  <mem-info id="214" free="0" total="33554432" percent="0">
    <mem type="eden" free="0" total="12582912" percent="0" />
    <remembered-set count="7328" freebytes="1312128" totalbytes="1341440" percent="97" regionsoverflowed="0" regionsstable="0" regionsrebuilding="0"/>
  </mem-info>
</gc-start>
<allocation-stats totalBytes="12574592" >
  <allocated-bytes non-tlh="0" tlh="12574592" arrayletleaf="0"/>
  <largest-consumer threadName="node-13" threadId="0000000002130900" bytes="286712" />
</allocation-stats>
<gc-op id="215" type="sweep" timems="4.357" contextid="212" timestamp="2019-08-11T06:19:25.975" />
<gc-op id="216" type="copy forward" timems="22.463" contextid="212" timestamp="2019-08-11T06:19:25.999">
  <memory-copied type="eden" objects="4255" bytes="103832" bytesdiscarded="10258" />
  <memory-copied type="other" objects="9592" bytes="230208" bytesdiscarded="7166" />
  <memory-cardclean objects="1832" bytes="520480" />
  <regions eden="3" other="4" />
  <remembered-set-cleared processed="2502" cleared="805" durationms="0.102" />
  <stringconstants candidates="3837" cleared="0"  />
</gc-op>
<gc-op id="217" type="classunload" timems="0.002" contextid="212" timestamp="2019-08-11T06:19:25.999">
  <classunload-info classloadercandidates="6" classloadersunloaded="0" classesunloaded="0" anonymousclassesunloaded="0" quiescems="0.000" setupms="0.002" scanms="0.000" postms="0.000" />
</gc-op>
<gc-end id="218" type="partial gc" contextid="212" durationms="29.127" usertimems="12.718" systemtimems="38.746" timestamp="2019-08-11T06:19:26.000" activeThreads="16">
  <mem-info id="219" free="16777216" total="33554432" percent="50">
    <mem type="eden" free="3948664" total="4194304" percent="94" />
    <remembered-set count="7072" freebytes="1313152" totalbytes="1341440" percent="97" regionsoverflowed="0" regionsstable="0" regionsrebuilding="0"/>
  </mem-info>
</gc-end>
<cycle-end id="220" type="partial gc" contextid="212" timestamp="2019-08-11T06:19:26.000" />
  <attribute name="elasticGC enabled" value="1" />
  <attribute name= "numThreadsSpecified" value="16" />
  <attribute name="heapSize specified" value="0" />
  <attribute name="Current GC Util" value="107" />
  <attribute name= "Current Time Running" value="77169" />
  <attribute name ="GC Interval" value="0" />
  <attribute name="ProportionalT" value="13.500000" />
  <attribute name="ProportionalI" value="13.500000" />
  <attribute name="ProportionalH" value="13.500000" />
  <attribute name="Current Error" value="27.000000" />
  <attribute name="IntegralT" value="13.500000" />
  <attribute name="IntegralI" value="13.500000" />
  <attribute name="IntegralH" value="13.500000" />
  <attribute name="DerivativeT" value="1.000000" />
  <attribute name="DerivativeI" value="1.000000" />
  <attribute name="DerivativeH" value="1.000000" />
  <attribute name="Loop Time for DT" value="1.000000" />
  <attribute name="Output H" value="8388608"/>
  <attribute name="Output I" value="200"/>
  <attribute name="Output T" value="16"/>
  <attribute name="Target GC Util Change" value ="80.000000" />
  <attribute name="Current GC Util Change" value="107.000000"/>
  <attribute name="GC Util currently" value="107" />
  <attribute name="CPU Util currently" value="706059790671" />
<exclusive-end id="221" timestamp="2019-08-11T06:19:26.000" durationms="29.908" />

<exclusive-start id="222" timestamp="2019-08-11T06:19:29.958" intervalms="3988.392">
  <response-info timems="0.062" idlems="0.062" threads="0" lastid="000000000211DE00" lastname="node-15" />
</exclusive-start>
<allocation-taxation id="223" taxation-threshold="6291456" timestamp="2019-08-11T06:19:29.958" intervalms="3988.408" />
<cycle-start id="224" type="global mark phase" contextid="0" timestamp="2019-08-11T06:19:29.959" intervalms="16657.644" />
<gc-start id="225" type="global mark phase" contextid="224" timestamp="2019-08-11T06:19:29.959">
  <mem-info id="226" free="10485760" total="33554432" percent="31">
    <remembered-set count="7072" freebytes="1313152" totalbytes="1341440" percent="97" regionsoverflowed="0" regionsstable="0" regionsrebuilding="0"/>
  </mem-info>
</gc-start>
<gc-op id="227" type="mark increment" timems="5.706" contextid="224" timestamp="2019-08-11T06:19:29.965">
  <trace-info objectcount="380" scancount="0" scanbytes="0" />
</gc-op>
<gc-end id="228" type="global mark phase" contextid="224" durationms="5.735" usertimems="4.891" systemtimems="2.975" timestamp="2019-08-11T06:19:29.965" activeThreads="16">
  <mem-info id="229" free="10485760" total="33554432" percent="31">
    <remembered-set count="7072" freebytes="1313152" totalbytes="1341440" percent="97" regionsoverflowed="0" regionsstable="0" regionsrebuilding="0"/>
  </mem-info>
</gc-end>
<concurrent-start id="230" type="GMP work packet processing" contextid="224" timestamp="2019-08-11T06:19:29.965">
  <concurrent-mark-start scanTarget="29070190" />
</concurrent-start>
<exclusive-end id="231" timestamp="2019-08-11T06:19:29.965" durationms="6.300" />

<concurrent-end id="232" type="GMP work packet processing" contextid="224" timestamp="2019-08-11T06:19:29.975">
  <concurrent-mark-end bytesScanned="5299856" reasonForTermination="Completed all work in GC phase" />
</concurrent-end>

<exclusive-start id="233" timestamp="2019-08-11T06:19:34.418" intervalms="4459.592">
  <response-info timems="1.532" idlems="0.900" threads="4" lastid="0000000002107600" lastname="node-7" />
</exclusive-start>
<allocation-taxation id="234" taxation-threshold="6291456" timestamp="2019-08-11T06:19:34.418" intervalms="4459.592" />
<cycle-start id="235" type="partial gc" contextid="0" timestamp="2019-08-11T06:19:34.418" intervalms="8447.939" />
<gc-start id="236" type="partial gc" contextid="235" timestamp="2019-08-11T06:19:34.418">
  <mem-info id="237" free="4194304" total="33554432" percent="12">
    <mem type="eden" free="0" total="12582912" percent="0" />
    <remembered-set count="7072" freebytes="1313152" totalbytes="1341440" percent="97" regionsoverflowed="0" regionsstable="0" regionsrebuilding="0"/>
  </mem-info>
</gc-start>
<allocation-stats totalBytes="12576160" >
  <allocated-bytes non-tlh="0" tlh="12576160" arrayletleaf="0"/>
  <largest-consumer threadName="node-7" threadId="0000000002107600" bytes="286720" />
</allocation-stats>
<gc-op id="238" type="copy forward" timems="22.658" contextid="235" timestamp="2019-08-11T06:19:34.443">
  <memory-copied type="eden" objects="9063" bytes="233512" bytesdiscarded="8328" />
  <memory-copied type="other" objects="9394" bytes="225456" bytesdiscarded="11480" />
  <memory-cardclean objects="1921" bytes="522560" />
  <regions eden="6" other="2" />
  <remembered-set-cleared processed="2098" cleared="351" durationms="0.172" />
  <stringconstants candidates="3837" cleared="0"  />
</gc-op>
<gc-op id="239" type="classunload" timems="0.003" contextid="235" timestamp="2019-08-11T06:19:34.443">
  <classunload-info classloadercandidates="6" classloadersunloaded="0" classesunloaded="0" anonymousclassesunloaded="0" quiescems="0.000" setupms="0.003" scanms="0.000" postms="0.000" />
</gc-op>
<gc-end id="240" type="partial gc" contextid="235" durationms="24.612" usertimems="25.186" systemtimems="17.910" timestamp="2019-08-11T06:19:34.443" activeThreads="16">
  <mem-info id="241" free="16777216" total="33554432" percent="50">
    <mem type="eden" free="1855312" total="2097152" percent="88" />
    <remembered-set count="7616" freebytes="1310976" totalbytes="1341440" percent="97" regionsoverflowed="0" regionsstable="0" regionsrebuilding="0"/>
  </mem-info>
</gc-end>
<cycle-end id="242" type="partial gc" contextid="235" timestamp="2019-08-11T06:19:34.443" />
  <attribute name="elasticGC enabled" value="1" />
  <attribute name= "numThreadsSpecified" value="16" />
  <attribute name="heapSize specified" value="0" />
  <attribute name="Current GC Util" value="59" />
  <attribute name= "Current Time Running" value="85613" />
  <attribute name ="GC Interval" value="0" />
  <attribute name="ProportionalT" value="-10.500000" />
  <attribute name="ProportionalI" value="-10.500000" />
  <attribute name="ProportionalH" value="-10.500000" />
  <attribute name="Current Error" value="-21.000000" />
  <attribute name="IntegralT" value="-21.000000" />
  <attribute name="IntegralI" value="-21.000000" />
  <attribute name="IntegralH" value="-21.000000" />
  <attribute name="DerivativeT" value="-10.500000" />
  <attribute name="DerivativeI" value="-10.500000" />
  <attribute name="DerivativeH" value="-10.500000" />
  <attribute name="Loop Time for DT" value="2.000000" />
  <attribute name="Output H" value="4202627072"/>
  <attribute name="Output I" value="200"/>
  <attribute name="Output T" value="16"/>
  <attribute name="Target GC Util Change" value ="80.000000" />
  <attribute name="Current GC Util Change" value="59.000000"/>
  <attribute name="GC Util currently" value="59" />
  <attribute name="CPU Util currently" value="785764428634" />
<exclusive-end id="243" timestamp="2019-08-11T06:19:34.443" durationms="25.176" />

<exclusive-start id="244" timestamp="2019-08-11T06:19:38.750" intervalms="4332.233">
  <response-info timems="0.142" idlems="0.142" threads="0" lastid="0000000002143500" lastname="node-25" />
</exclusive-start>
<allocation-taxation id="245" taxation-threshold="6291456" timestamp="2019-08-11T06:19:38.750" intervalms="4332.220" />
<gc-start id="246" type="global mark phase" contextid="224" timestamp="2019-08-11T06:19:38.750">
  <mem-info id="247" free="10485760" total="33554432" percent="31">
    <remembered-set count="7616" freebytes="1310976" totalbytes="1341440" percent="97" regionsoverflowed="0" regionsstable="0" regionsrebuilding="0"/>
  </mem-info>
</gc-start>
<gc-op id="248" type="mark increment" timems="12.229" contextid="224" timestamp="2019-08-11T06:19:38.763">
  <trace-info objectcount="9571" scancount="9553" scanbytes="552584" />
  <cardclean-info objects="1846" bytes="196576" />
  <finalization candidates="13" enqueued="0" />
  <references type="soft" candidates="66" cleared="0" enqueued="0" dynamicThreshold="16" maxThreshold="32" />
  <references type="weak" candidates="143" cleared="0" enqueued="0" />
  <references type="phantom" candidates="57" cleared="0" enqueued="0" />
  <stringconstants candidates="3837" cleared="0"  />
</gc-op>
<gc-op id="249" type="classunload" timems="0.003" contextid="224" timestamp="2019-08-11T06:19:38.763">
  <classunload-info classloadercandidates="6" classloadersunloaded="0" classesunloaded="0" anonymousclassesunloaded="0" quiescems="0.000" setupms="0.003" scanms="0.000" postms="0.000" />
</gc-op>
<gc-end id="250" type="global mark phase" contextid="224" durationms="12.358" usertimems="10.969" systemtimems="11.908" timestamp="2019-08-11T06:19:38.763" activeThreads="16">
  <mem-info id="251" free="10485760" total="33554432" percent="31">
    <remembered-set count="7616" freebytes="1310976" totalbytes="1341440" percent="97" regionsoverflowed="0" regionsstable="0" regionsrebuilding="0"/>
  </mem-info>
</gc-end>
<cycle-end id="252" type="global mark phase" contextid="224" timestamp="2019-08-11T06:19:38.763" />
  <attribute name="elasticGC enabled" value="1" />
  <attribute name= "numThreadsSpecified" value="16" />
  <attribute name="heapSize specified" value="0" />
  <attribute name="Current GC Util" value="172" />
  <attribute name= "Current Time Running" value="89946" />
  <attribute name ="GC Interval" value="0" />
  <attribute name="ProportionalT" value="46.000000" />
  <attribute name="ProportionalI" value="46.000000" />
  <attribute name="ProportionalH" value="46.000000" />
  <attribute name="Current Error" value="92.000000" />
  <attribute name="IntegralT" value="92.000000" />
  <attribute name="IntegralI" value="92.000000" />
  <attribute name="IntegralH" value="92.000000" />
  <attribute name="DerivativeT" value="-11.500000" />
  <attribute name="DerivativeI" value="-11.500000" />
  <attribute name="DerivativeH" value="-11.500000" />
  <attribute name="Loop Time for DT" value="2.000000" />
  <attribute name="Output H" value="8388608"/>
  <attribute name="Output I" value="200"/>
  <attribute name="Output T" value="16"/>
  <attribute name="Target GC Util Change" value ="80.000000" />
  <attribute name="Current GC Util Change" value="172.000000"/>
  <attribute name="GC Util currently" value="172" />
  <attribute name="CPU Util currently" value="852302483075" />
<exclusive-end id="253" timestamp="2019-08-11T06:19:38.763" durationms="12.702" />

<exclusive-start id="254" timestamp="2019-08-11T06:19:43.004" intervalms="4253.627">
  <response-info timems="0.105" idlems="0.105" threads="0" lastid="0000000002147100" lastname="node-6" />
</exclusive-start>
<allocation-taxation id="255" taxation-threshold="6291456" timestamp="2019-08-11T06:19:43.004" intervalms="4253.641" />
<cycle-start id="256" type="partial gc" contextid="0" timestamp="2019-08-11T06:19:43.004" intervalms="8585.968" />
<gc-start id="257" type="partial gc" contextid="256" timestamp="2019-08-11T06:19:43.004">
  <mem-info id="258" free="4194304" total="33554432" percent="12">
    <mem type="eden" free="0" total="12582912" percent="0" />
    <remembered-set count="7616" freebytes="1310976" totalbytes="1341440" percent="97" regionsoverflowed="0" regionsstable="0" regionsrebuilding="0"/>
  </mem-info>
</gc-start>
<allocation-stats totalBytes="12572992" >
  <allocated-bytes non-tlh="0" tlh="12572992" arrayletleaf="0"/>
  <largest-consumer threadName="node-20" threadId="000000000212CD00" bytes="286712" />
</allocation-stats>
<gc-op id="259" type="sweep" timems="2.972" contextid="256" timestamp="2019-08-11T06:19:43.008" />
<gc-op id="260" type="copy forward" timems="17.456" contextid="256" timestamp="2019-08-11T06:19:43.027">
  <memory-copied type="eden" objects="4944" bytes="131376" bytesdiscarded="6553" />
  <memory-copied type="other" objects="9321" bytes="223704" bytesdiscarded="6527" />
  <memory-cardclean objects="1843" bytes="520024" />
  <regions eden="3" other="4" />
  <remembered-set-cleared processed="2198" cleared="501" durationms="0.073" />
  <stringconstants candidates="3837" cleared="0"  />
</gc-op>
<gc-op id="261" type="classunload" timems="0.003" contextid="256" timestamp="2019-08-11T06:19:43.027">
  <classunload-info classloadercandidates="6" classloadersunloaded="0" classesunloaded="0" anonymousclassesunloaded="0" quiescems="0.000" setupms="0.003" scanms="0.000" postms="0.000" />
</gc-op>
<gc-end id="262" type="partial gc" contextid="256" durationms="22.564" usertimems="27.767" systemtimems="16.963" timestamp="2019-08-11T06:19:43.027" activeThreads="16">
  <mem-info id="263" free="18874368" total="33554432" percent="56">
    <mem type="eden" free="1838584" total="2097152" percent="87" />
    <remembered-set count="7552" freebytes="1311232" totalbytes="1341440" percent="97" regionsoverflowed="0" regionsstable="0" regionsrebuilding="0"/>
  </mem-info>
</gc-end>
<cycle-end id="264" type="partial gc" contextid="256" timestamp="2019-08-11T06:19:43.027" />
  <attribute name="elasticGC enabled" value="1" />
  <attribute name= "numThreadsSpecified" value="16" />
  <attribute name="heapSize specified" value="0" />
  <attribute name="Current GC Util" value="72" />
  <attribute name= "Current Time Running" value="94202" />
  <attribute name ="GC Interval" value="0" />
  <attribute name="ProportionalT" value="-4.000000" />
  <attribute name="ProportionalI" value="-4.000000" />
  <attribute name="ProportionalH" value="-4.000000" />
  <attribute name="Current Error" value="-8.000000" />
  <attribute name="IntegralT" value="-8.000000" />
  <attribute name="IntegralI" value="-8.000000" />
  <attribute name="IntegralH" value="-8.000000" />
  <attribute name="DerivativeT" value="-13.500000" />
  <attribute name="DerivativeI" value="-13.500000" />
  <attribute name="DerivativeH" value="-13.500000" />
  <attribute name="Loop Time for DT" value="2.000000" />
  <attribute name="Output H" value="4202627072"/>
  <attribute name="Output I" value="200"/>
  <attribute name="Output T" value="16"/>
  <attribute name="Target GC Util Change" value ="80.000000" />
  <attribute name="Current GC Util Change" value="72.000000"/>
  <attribute name="GC Util currently" value="72" />
  <attribute name="CPU Util currently" value="1052561835099" />
<exclusive-end id="265" timestamp="2019-08-11T06:19:43.027" durationms="23.510" />

<exclusive-start id="266" timestamp="2019-08-11T06:19:47.629" intervalms="4625.162">
  <response-info timems="0.031" idlems="0.031" threads="0" lastid="00000000020F4B00" lastname="node-11" />
</exclusive-start>
<allocation-taxation id="267" taxation-threshold="6291456" timestamp="2019-08-11T06:19:47.629" intervalms="4625.301" />
<cycle-start id="268" type="global mark phase" contextid="0" timestamp="2019-08-11T06:19:47.629" intervalms="17670.455" />
<gc-start id="269" type="global mark phase" contextid="268" timestamp="2019-08-11T06:19:47.629">
  <mem-info id="270" free="12582912" total="33554432" percent="37">
    <remembered-set count="7072" freebytes="1313152" totalbytes="1341440" percent="97" regionsoverflowed="0" regionsstable="0" regionsrebuilding="0"/>
  </mem-info>
</gc-start>
<gc-op id="271" type="mark increment" timems="7.004" contextid="268" timestamp="2019-08-11T06:19:47.636">
  <trace-info objectcount="345" scancount="0" scanbytes="0" />
</gc-op>
<gc-end id="272" type="global mark phase" contextid="268" durationms="7.040" usertimems="1.073" systemtimems="8.080" timestamp="2019-08-11T06:19:47.636" activeThreads="16">
  <mem-info id="273" free="12582912" total="33554432" percent="37">
    <remembered-set count="7072" freebytes="1313152" totalbytes="1341440" percent="97" regionsoverflowed="0" regionsstable="0" regionsrebuilding="0"/>
  </mem-info>
</gc-end>
<concurrent-start id="274" type="GMP work packet processing" contextid="268" timestamp="2019-08-11T06:19:47.636">
  <concurrent-mark-start scanTarget="27151829" />
</concurrent-start>
<exclusive-end id="275" timestamp="2019-08-11T06:19:47.637" durationms="7.991" />

<concurrent-end id="276" type="GMP work packet processing" contextid="268" timestamp="2019-08-11T06:19:47.642">
  <concurrent-mark-end bytesScanned="5293672" reasonForTermination="Completed all work in GC phase" />
</concurrent-end>

<exclusive-start id="277" timestamp="2019-08-11T06:19:51.576" intervalms="3947.356">
  <response-info timems="0.163" idlems="0.086" threads="2" lastid="0000000002143500" lastname="node-25" />
</exclusive-start>
<allocation-taxation id="278" taxation-threshold="6291456" timestamp="2019-08-11T06:19:51.576" intervalms="3947.209" />
<cycle-start id="279" type="partial gc" contextid="0" timestamp="2019-08-11T06:19:51.577" intervalms="8572.377" />
<gc-start id="280" type="partial gc" contextid="279" timestamp="2019-08-11T06:19:51.577">
  <mem-info id="281" free="6291456" total="33554432" percent="18">
    <mem type="eden" free="0" total="12582912" percent="0" />
    <remembered-set count="7072" freebytes="1313152" totalbytes="1341440" percent="97" regionsoverflowed="0" regionsstable="0" regionsrebuilding="0"/>
  </mem-info>
</gc-start>
<allocation-stats totalBytes="12574664" >
  <allocated-bytes non-tlh="0" tlh="12574664" arrayletleaf="0"/>
  <largest-consumer threadName="node-16" threadId="00000000020FFF00" bytes="286720" />
</allocation-stats>
<gc-op id="282" type="copy forward" timems="25.920" contextid="279" timestamp="2019-08-11T06:19:51.604">
  <memory-copied type="eden" objects="10005" bytes="241832" bytesdiscarded="9912" />
  <memory-copied type="other" objects="9537" bytes="228888" bytesdiscarded="12328" />
  <memory-cardclean objects="1949" bytes="523592" />
  <regions eden="6" other="1" />
  <remembered-set-cleared processed="2107" cleared="365" durationms="0.092" />
  <stringconstants candidates="3837" cleared="0"  />
</gc-op>
<gc-op id="283" type="classunload" timems="0.003" contextid="279" timestamp="2019-08-11T06:19:51.604">
  <classunload-info classloadercandidates="6" classloadersunloaded="0" classesunloaded="0" anonymousclassesunloaded="0" quiescems="0.000" setupms="0.003" scanms="0.000" postms="0.000" />
</gc-op>
<gc-end id="284" type="partial gc" contextid="279" durationms="27.787" usertimems="11.843" systemtimems="37.583" timestamp="2019-08-11T06:19:51.605" activeThreads="16">
  <mem-info id="285" free="16777216" total="33554432" percent="50">
    <mem type="eden" free="1845408" total="2097152" percent="87" />
    <remembered-set count="8160" freebytes="1308800" totalbytes="1341440" percent="97" regionsoverflowed="0" regionsstable="0" regionsrebuilding="0"/>
  </mem-info>
</gc-end>
<cycle-end id="286" type="partial gc" contextid="279" timestamp="2019-08-11T06:19:51.605" />
  <attribute name="elasticGC enabled" value="1" />
  <attribute name= "numThreadsSpecified" value="16" />
  <attribute name="heapSize specified" value="0" />
  <attribute name="Current GC Util" value="86" />
  <attribute name= "Current Time Running" value="102771" />
  <attribute name ="GC Interval" value="0" />
  <attribute name="ProportionalT" value="3.000000" />
  <attribute name="ProportionalI" value="3.000000" />
  <attribute name="ProportionalH" value="3.000000" />
  <attribute name="Current Error" value="6.000000" />
  <attribute name="IntegralT" value="3.000000" />
  <attribute name="IntegralI" value="3.000000" />
  <attribute name="IntegralH" value="3.000000" />
  <attribute name="DerivativeT" value="6.000000" />
  <attribute name="DerivativeI" value="6.000000" />
  <attribute name="DerivativeH" value="6.000000" />
  <attribute name="Loop Time for DT" value="1.000000" />
  <attribute name="Output H" value="8388608"/>
  <attribute name="Output I" value="200"/>
  <attribute name="Output T" value="16"/>
  <attribute name="Target GC Util Change" value ="80.000000" />
  <attribute name="Current GC Util Change" value="86.000000"/>
  <attribute name="GC Util currently" value="86" />
  <attribute name="CPU Util currently" value="837025547708" />
<exclusive-end id="287" timestamp="2019-08-11T06:19:51.605" durationms="28.805" />

<exclusive-start id="288" timestamp="2019-08-11T06:19:55.273" intervalms="3696.670">
  <response-info timems="0.022" idlems="0.022" threads="0" lastid="00000000020E9700" lastname="node-14" />
</exclusive-start>
<allocation-taxation id="289" taxation-threshold="6291456" timestamp="2019-08-11T06:19:55.273" intervalms="3696.719" />
<gc-start id="290" type="global mark phase" contextid="268" timestamp="2019-08-11T06:19:55.273">
  <mem-info id="291" free="10485760" total="33554432" percent="31">
    <remembered-set count="8160" freebytes="1308800" totalbytes="1341440" percent="97" regionsoverflowed="0" regionsstable="0" regionsrebuilding="0"/>
  </mem-info>
</gc-start>
<gc-op id="292" type="mark increment" timems="13.798" contextid="268" timestamp="2019-08-11T06:19:55.287">
  <trace-info objectcount="8815" scancount="8783" scanbytes="534096" />
  <cardclean-info objects="1838" bytes="196456" />
  <finalization candidates="13" enqueued="0" />
  <references type="soft" candidates="66" cleared="0" enqueued="0" dynamicThreshold="16" maxThreshold="32" />
  <references type="weak" candidates="143" cleared="0" enqueued="0" />
  <references type="phantom" candidates="57" cleared="0" enqueued="0" />
  <stringconstants candidates="3837" cleared="0"  />
</gc-op>
<gc-op id="293" type="classunload" timems="0.002" contextid="268" timestamp="2019-08-11T06:19:55.287">
  <classunload-info classloadercandidates="6" classloadersunloaded="0" classesunloaded="0" anonymousclassesunloaded="0" quiescems="0.000" setupms="0.002" scanms="0.000" postms="0.000" />
</gc-op>
<gc-end id="294" type="global mark phase" contextid="268" durationms="13.937" usertimems="5.351" systemtimems="17.248" timestamp="2019-08-11T06:19:55.287" activeThreads="16">
  <mem-info id="295" free="10485760" total="33554432" percent="31">
    <remembered-set count="8160" freebytes="1308800" totalbytes="1341440" percent="97" regionsoverflowed="0" regionsstable="0" regionsrebuilding="0"/>
  </mem-info>
</gc-end>
<cycle-end id="296" type="global mark phase" contextid="268" timestamp="2019-08-11T06:19:55.287" />
  <attribute name="elasticGC enabled" value="1" />
  <attribute name= "numThreadsSpecified" value="16" />
  <attribute name="heapSize specified" value="0" />
  <attribute name="Current GC Util" value="136" />
  <attribute name= "Current Time Running" value="106472" />
  <attribute name ="GC Interval" value="0" />
  <attribute name="ProportionalT" value="28.000000" />
  <attribute name="ProportionalI" value="28.000000" />
  <attribute name="ProportionalH" value="28.000000" />
  <attribute name="Current Error" value="56.000000" />
  <attribute name="IntegralT" value="84.000000" />
  <attribute name="IntegralI" value="84.000000" />
  <attribute name="IntegralH" value="84.000000" />
  <attribute name="DerivativeT" value="18.666667" />
  <attribute name="DerivativeI" value="18.666667" />
  <attribute name="DerivativeH" value="18.666667" />
  <attribute name="Loop Time for DT" value="3.000000" />
  <attribute name="Output H" value="8388608"/>
  <attribute name="Output I" value="200"/>
  <attribute name="Output T" value="16"/>
  <attribute name="Target GC Util Change" value ="80.000000" />
  <attribute name="Current GC Util Change" value="136.000000"/>
  <attribute name="GC Util currently" value="136" />
  <attribute name="CPU Util currently" value="520791992068" />
<exclusive-end id="297" timestamp="2019-08-11T06:19:55.288" durationms="14.850" />

<exclusive-start id="298" timestamp="2019-08-11T06:19:58.459" intervalms="3185.798">
  <response-info timems="0.275" idlems="0.275" threads="0" lastid="00000000020F8700" lastname="node-19" />
</exclusive-start>
<allocation-taxation id="299" taxation-threshold="6291456" timestamp="2019-08-11T06:19:58.459" intervalms="3185.834" />
<cycle-start id="300" type="partial gc" contextid="0" timestamp="2019-08-11T06:19:58.459" intervalms="6882.585" />
<gc-start id="301" type="partial gc" contextid="300" timestamp="2019-08-11T06:19:58.459">
  <mem-info id="302" free="4194304" total="33554432" percent="12">
    <mem type="eden" free="0" total="12582912" percent="0" />
    <remembered-set count="8160" freebytes="1308800" totalbytes="1341440" percent="97" regionsoverflowed="0" regionsstable="0" regionsrebuilding="0"/>
  </mem-info>
</gc-start>
<allocation-stats totalBytes="12571096" >
  <allocated-bytes non-tlh="0" tlh="12571096" arrayletleaf="0"/>
  <largest-consumer threadName="node-24" threadId="000000000213F900" bytes="286712" />
</allocation-stats>
<gc-op id="303" type="sweep" timems="2.942" contextid="300" timestamp="2019-08-11T06:19:58.462" />
<gc-op id="304" type="copy forward" timems="14.205" contextid="300" timestamp="2019-08-11T06:19:58.478">
  <memory-copied type="eden" objects="3752" bytes="91760" bytesdiscarded="10201" />
  <memory-copied type="other" objects="8637" bytes="207288" bytesdiscarded="7815" />
  <memory-cardclean objects="1848" bytes="521168" />
  <regions eden="3" other="4" />
  <remembered-set-cleared processed="2191" cleared="495" durationms="0.084" />
  <stringconstants candidates="3837" cleared="0"  />
</gc-op>
<gc-op id="305" type="classunload" timems="0.002" contextid="300" timestamp="2019-08-11T06:19:58.479">
  <classunload-info classloadercandidates="6" classloadersunloaded="0" classesunloaded="0" anonymousclassesunloaded="0" quiescems="0.000" setupms="0.002" scanms="0.000" postms="0.000" />
</gc-op>
<gc-end id="306" type="partial gc" contextid="300" durationms="19.295" usertimems="12.994" systemtimems="25.559" timestamp="2019-08-11T06:19:58.479" activeThreads="16">
  <mem-info id="307" free="18874368" total="33554432" percent="56">
    <mem type="eden" free="1890376" total="2097152" percent="90" />
    <remembered-set count="6528" freebytes="1315328" totalbytes="1341440" percent="98" regionsoverflowed="0" regionsstable="0" regionsrebuilding="0"/>
  </mem-info>
</gc-end>
<cycle-end id="308" type="partial gc" contextid="300" timestamp="2019-08-11T06:19:58.479" />
  <attribute name="elasticGC enabled" value="1" />
  <attribute name= "numThreadsSpecified" value="16" />
  <attribute name="heapSize specified" value="0" />
  <attribute name="Current GC Util" value="83" />
  <attribute name= "Current Time Running" value="109657" />
  <attribute name ="GC Interval" value="0" />
  <attribute name="ProportionalT" value="1.500000" />
  <attribute name="ProportionalI" value="1.500000" />
  <attribute name="ProportionalH" value="1.500000" />
  <attribute name="Current Error" value="3.000000" />
  <attribute name="IntegralT" value="3.000000" />
  <attribute name="IntegralI" value="3.000000" />
  <attribute name="IntegralH" value="3.000000" />
  <attribute name="DerivativeT" value="-33.500000" />
  <attribute name="DerivativeI" value="-33.500000" />
  <attribute name="DerivativeH" value="-33.500000" />
  <attribute name="Loop Time for DT" value="2.000000" />
  <attribute name="Output H" value="4202627072"/>
  <attribute name="Output I" value="200"/>
  <attribute name="Output T" value="16"/>
  <attribute name="Target GC Util Change" value ="80.000000" />
  <attribute name="Current GC Util Change" value="83.000000"/>
  <attribute name="GC Util currently" value="83" />
  <attribute name="CPU Util currently" value="763311860328" />
<exclusive-end id="309" timestamp="2019-08-11T06:19:58.479" durationms="20.652" />

<exclusive-start id="310" timestamp="2019-08-11T06:20:03.362" intervalms="4903.181">
  <response-info timems="0.618" idlems="0.443" threads="3" lastid="000000000212CD00" lastname="node-20" />
</exclusive-start>
<allocation-taxation id="311" taxation-threshold="6291456" timestamp="2019-08-11T06:20:03.362" intervalms="4903.109" />
<cycle-start id="312" type="global mark phase" contextid="0" timestamp="2019-08-11T06:20:03.362" intervalms="15733.070" />
<gc-start id="313" type="global mark phase" contextid="312" timestamp="2019-08-11T06:20:03.363">
  <mem-info id="314" free="12582912" total="33554432" percent="37">
    <remembered-set count="6528" freebytes="1315328" totalbytes="1341440" percent="98" regionsoverflowed="0" regionsstable="0" regionsrebuilding="0"/>
  </mem-info>
</gc-start>
<gc-op id="315" type="mark increment" timems="7.609" contextid="312" timestamp="2019-08-11T06:20:03.370">
  <trace-info objectcount="37771" scancount="19033" scanbytes="856084" />
</gc-op>
<gc-end id="316" type="global mark phase" contextid="312" durationms="7.657" usertimems="7.840" systemtimems="7.908" timestamp="2019-08-11T06:20:03.370" activeThreads="16">
  <mem-info id="317" free="12582912" total="33554432" percent="37">
    <remembered-set count="6528" freebytes="1315328" totalbytes="1341440" percent="98" regionsoverflowed="0" regionsstable="0" regionsrebuilding="0"/>
  </mem-info>
</gc-end>
<concurrent-start id="318" type="GMP work packet processing" contextid="312" timestamp="2019-08-11T06:20:03.370">
  <concurrent-mark-start scanTarget="28480903" />
</concurrent-start>
<exclusive-end id="319" timestamp="2019-08-11T06:20:03.371" durationms="8.549" />

<concurrent-end id="320" type="GMP work packet processing" contextid="312" timestamp="2019-08-11T06:20:03.374">
  <concurrent-mark-end bytesScanned="4432236" reasonForTermination="Completed all work in GC phase" />
</concurrent-end>

<exclusive-start id="321" timestamp="2019-08-11T06:20:06.837" intervalms="3475.384">
  <response-info timems="0.122" idlems="0.122" threads="0" lastid="0000000002121A00" lastname="node-2" />
</exclusive-start>
<allocation-taxation id="322" taxation-threshold="6291456" timestamp="2019-08-11T06:20:06.837" intervalms="3475.377" />
<cycle-start id="323" type="partial gc" contextid="0" timestamp="2019-08-11T06:20:06.838" intervalms="8378.505" />
<gc-start id="324" type="partial gc" contextid="323" timestamp="2019-08-11T06:20:06.838">
  <mem-info id="325" free="6291456" total="33554432" percent="18">
    <mem type="eden" free="0" total="12582912" percent="0" />
    <remembered-set count="6528" freebytes="1315328" totalbytes="1341440" percent="98" regionsoverflowed="0" regionsstable="0" regionsrebuilding="0"/>
  </mem-info>
</gc-start>
<allocation-stats totalBytes="12575824" >
  <allocated-bytes non-tlh="0" tlh="12575824" arrayletleaf="0"/>
  <largest-consumer threadName="node-9" threadId="0000000002138100" bytes="286704" />
</allocation-stats>
<gc-op id="326" type="copy forward" timems="17.552" contextid="323" timestamp="2019-08-11T06:20:06.857">
  <memory-copied type="eden" objects="9136" bytes="226192" bytesdiscarded="11272" />
  <memory-copied type="other" objects="7805" bytes="187320" bytesdiscarded="8664" />
  <memory-cardclean objects="1918" bytes="522680" />
  <regions eden="6" other="1" />
  <remembered-set-cleared processed="2106" cleared="359" durationms="0.352" />
  <stringconstants candidates="3837" cleared="0"  />
</gc-op>
<gc-op id="327" type="classunload" timems="0.003" contextid="323" timestamp="2019-08-11T06:20:06.857">
  <classunload-info classloadercandidates="6" classloadersunloaded="0" classesunloaded="0" anonymousclassesunloaded="0" quiescems="0.000" setupms="0.003" scanms="0.000" postms="0.000" />
</gc-op>
<gc-end id="328" type="partial gc" contextid="323" durationms="19.676" usertimems="18.775" systemtimems="20.478" timestamp="2019-08-11T06:20:06.857" activeThreads="16">
  <mem-info id="329" free="16777216" total="33554432" percent="50">
    <mem type="eden" free="1859688" total="2097152" percent="88" />
    <remembered-set count="7648" freebytes="1310848" totalbytes="1341440" percent="97" regionsoverflowed="0" regionsstable="0" regionsrebuilding="0"/>
  </mem-info>
</gc-end>
<cycle-end id="330" type="partial gc" contextid="323" timestamp="2019-08-11T06:20:06.858" />
  <attribute name="elasticGC enabled" value="1" />
  <attribute name= "numThreadsSpecified" value="16" />
  <attribute name="heapSize specified" value="0" />
  <attribute name="Current GC Util" value="65" />
  <attribute name= "Current Time Running" value="118032" />
  <attribute name ="GC Interval" value="0" />
  <attribute name="ProportionalT" value="-7.500000" />
  <attribute name="ProportionalI" value="-7.500000" />
  <attribute name="ProportionalH" value="-7.500000" />
  <attribute name="Current Error" value="-15.000000" />
  <attribute name="IntegralT" value="-7.500000" />
  <attribute name="IntegralI" value="-7.500000" />
  <attribute name="IntegralH" value="-7.500000" />
  <attribute name="DerivativeT" value="-15.000000" />
  <attribute name="DerivativeI" value="-15.000000" />
  <attribute name="DerivativeH" value="-15.000000" />
  <attribute name="Loop Time for DT" value="1.000000" />
  <attribute name="Output H" value="4202627072"/>
  <attribute name="Output I" value="200"/>
  <attribute name="Output T" value="16"/>
  <attribute name="Target GC Util Change" value ="80.000000" />
  <attribute name="Current GC Util Change" value="65.000000"/>
  <attribute name="GC Util currently" value="65" />
  <attribute name="CPU Util currently" value="1091359028234" />
<exclusive-end id="331" timestamp="2019-08-11T06:20:06.858" durationms="20.414" />

<exclusive-start id="332" timestamp="2019-08-11T06:20:11.216" intervalms="4378.799">
  <response-info timems="0.079" idlems="0.079" threads="0" lastid="0000000002134500" lastname="node-3" />
</exclusive-start>
<allocation-taxation id="333" taxation-threshold="6291456" timestamp="2019-08-11T06:20:11.216" intervalms="4378.830" />
<gc-start id="334" type="global mark phase" contextid="312" timestamp="2019-08-11T06:20:11.216">
  <mem-info id="335" free="10485760" total="33554432" percent="31">
    <remembered-set count="7200" freebytes="1312640" totalbytes="1341440" percent="97" regionsoverflowed="0" regionsstable="0" regionsrebuilding="0"/>
  </mem-info>
</gc-start>
<gc-op id="336" type="mark increment" timems="19.518" contextid="312" timestamp="2019-08-11T06:20:11.236">
  <trace-info objectcount="8820" scancount="8785" scanbytes="534152" />
  <cardclean-info objects="1896" bytes="197600" />
  <finalization candidates="13" enqueued="0" />
  <references type="soft" candidates="66" cleared="0" enqueued="0" dynamicThreshold="16" maxThreshold="32" />
  <references type="weak" candidates="143" cleared="0" enqueued="0" />
  <references type="phantom" candidates="57" cleared="0" enqueued="0" />
  <stringconstants candidates="3837" cleared="0"  />
</gc-op>
<gc-op id="337" type="classunload" timems="0.003" contextid="312" timestamp="2019-08-11T06:20:11.236">
  <classunload-info classloadercandidates="6" classloadersunloaded="0" classesunloaded="0" anonymousclassesunloaded="0" quiescems="0.000" setupms="0.003" scanms="0.000" postms="0.000" />
</gc-op>
<gc-end id="338" type="global mark phase" contextid="312" durationms="19.613" usertimems="7.224" systemtimems="22.696" timestamp="2019-08-11T06:20:11.236" activeThreads="16">
  <mem-info id="339" free="10485760" total="33554432" percent="31">
    <remembered-set count="7200" freebytes="1312640" totalbytes="1341440" percent="97" regionsoverflowed="0" regionsstable="0" regionsrebuilding="0"/>
  </mem-info>
</gc-end>
<cycle-end id="340" type="global mark phase" contextid="312" timestamp="2019-08-11T06:20:11.236" />
  <attribute name="elasticGC enabled" value="1" />
  <attribute name= "numThreadsSpecified" value="16" />
  <attribute name="heapSize specified" value="0" />
  <attribute name="Current GC Util" value="115" />
  <attribute name= "Current Time Running" value="122418" />
  <attribute name ="GC Interval" value="0" />
  <attribute name="ProportionalT" value="17.500000" />
  <attribute name="ProportionalI" value="17.500000" />
  <attribute name="ProportionalH" value="17.500000" />
  <attribute name="Current Error" value="35.000000" />
  <attribute name="IntegralT" value="87.500000" />
  <attribute name="IntegralI" value="87.500000" />
  <attribute name="IntegralH" value="87.500000" />
  <attribute name="DerivativeT" value="5.400000" />
  <attribute name="DerivativeI" value="5.400000" />
  <attribute name="DerivativeH" value="5.400000" />
  <attribute name="Loop Time for DT" value="5.000000" />
  <attribute name="Output H" value="8388608"/>
  <attribute name="Output I" value="200"/>
  <attribute name="Output T" value="16"/>
  <attribute name="Target GC Util Change" value ="80.000000" />
  <attribute name="Current GC Util Change" value="115.000000"/>
  <attribute name="GC Util currently" value="115" />
  <attribute name="CPU Util currently" value="254230872672" />
<exclusive-end id="341" timestamp="2019-08-11T06:20:11.237" durationms="20.316" />

<exclusive-start id="342" timestamp="2019-08-11T06:20:14.926" intervalms="3710.240">
  <response-info timems="0.020" idlems="0.020" threads="0" lastid="0000000002121A00" lastname="node-2" />
</exclusive-start>
<allocation-taxation id="343" taxation-threshold="6291456" timestamp="2019-08-11T06:20:14.926" intervalms="3710.201" />
<cycle-start id="344" type="partial gc" contextid="0" timestamp="2019-08-11T06:20:14.927" intervalms="8088.968" />
<gc-start id="345" type="partial gc" contextid="344" timestamp="2019-08-11T06:20:14.927">
  <mem-info id="346" free="4194304" total="33554432" percent="12">
    <mem type="eden" free="0" total="12582912" percent="0" />
    <remembered-set count="7200" freebytes="1312640" totalbytes="1341440" percent="97" regionsoverflowed="0" regionsstable="0" regionsrebuilding="0"/>
  </mem-info>
</gc-start>
<allocation-stats totalBytes="12572544" >
  <allocated-bytes non-tlh="0" tlh="12572544" arrayletleaf="0"/>
  <largest-consumer threadName="node-11" threadId="00000000020F4B00" bytes="286696" />
</allocation-stats>
<gc-op id="347" type="sweep" timems="3.240" contextid="344" timestamp="2019-08-11T06:20:14.930" />
<gc-op id="348" type="copy forward" timems="18.818" contextid="344" timestamp="2019-08-11T06:20:14.951">
  <memory-copied type="eden" objects="4348" bytes="105784" bytesdiscarded="13190" />
  <memory-copied type="other" objects="8642" bytes="207408" bytesdiscarded="3994" />
  <memory-cardclean objects="1834" bytes="520776" />
  <regions eden="3" other="4" />
  <remembered-set-cleared processed="2192" cleared="493" durationms="0.868" />
  <stringconstants candidates="3837" cleared="0"  />
</gc-op>
<gc-op id="349" type="classunload" timems="0.003" contextid="344" timestamp="2019-08-11T06:20:14.951">
  <classunload-info classloadercandidates="6" classloadersunloaded="0" classesunloaded="0" anonymousclassesunloaded="0" quiescems="0.000" setupms="0.002" scanms="0.000" postms="0.000" />
</gc-op>
<gc-end id="350" type="partial gc" contextid="344" durationms="24.438" usertimems="11.527" systemtimems="30.695" timestamp="2019-08-11T06:20:14.951" activeThreads="16">
  <mem-info id="351" free="18874368" total="33554432" percent="56">
    <mem type="eden" free="1858096" total="2097152" percent="88" />
    <remembered-set count="7104" freebytes="1313024" totalbytes="1341440" percent="97" regionsoverflowed="0" regionsstable="0" regionsrebuilding="0"/>
  </mem-info>
</gc-end>
<cycle-end id="352" type="partial gc" contextid="344" timestamp="2019-08-11T06:20:14.951" />
  <attribute name="elasticGC enabled" value="1" />
  <attribute name= "numThreadsSpecified" value="16" />
  <attribute name="heapSize specified" value="0" />
  <attribute name="Current GC Util" value="77" />
  <attribute name= "Current Time Running" value="126124" />
  <attribute name ="GC Interval" value="0" />
  <attribute name="ProportionalT" value="-1.500000" />
  <attribute name="ProportionalI" value="-1.500000" />
  <attribute name="ProportionalH" value="-1.500000" />
  <attribute name="Current Error" value="-3.000000" />
  <attribute name="IntegralT" value="-1.500000" />
  <attribute name="IntegralI" value="-1.500000" />
  <attribute name="IntegralH" value="-1.500000" />
  <attribute name="DerivativeT" value="-34.000000" />
  <attribute name="DerivativeI" value="-34.000000" />
  <attribute name="DerivativeH" value="-34.000000" />
  <attribute name="Loop Time for DT" value="1.000000" />
  <attribute name="Output H" value="4202627072"/>
  <attribute name="Output I" value="200"/>
  <attribute name="Output T" value="16"/>
  <attribute name="Target GC Util Change" value ="80.000000" />
  <attribute name="Current GC Util Change" value="77.000000"/>
  <attribute name="GC Util currently" value="77" />
  <attribute name="CPU Util currently" value="779197918393" />
<exclusive-end id="353" timestamp="2019-08-11T06:20:14.951" durationms="25.041" />

<exclusive-start id="354" timestamp="2019-08-11T06:20:19.628" intervalms="4701.761">
  <response-info timems="0.458" idlems="0.458" threads="0" lastid="00000000020FC300" lastname="node-0" />
</exclusive-start>
<allocation-taxation id="355" taxation-threshold="6291456" timestamp="2019-08-11T06:20:19.628" intervalms="4701.831" />
<cycle-start id="356" type="global mark phase" contextid="0" timestamp="2019-08-11T06:20:19.629" intervalms="16266.187" />
<gc-start id="357" type="global mark phase" contextid="356" timestamp="2019-08-11T06:20:19.629">
  <mem-info id="358" free="12582912" total="33554432" percent="37">
    <remembered-set count="7104" freebytes="1313024" totalbytes="1341440" percent="97" regionsoverflowed="0" regionsstable="0" regionsrebuilding="0"/>
  </mem-info>
</gc-start>
<gc-op id="359" type="mark increment" timems="9.224" contextid="356" timestamp="2019-08-11T06:20:19.638">
  <trace-info objectcount="24710" scancount="3140" scanbytes="413944" />
</gc-op>
<gc-end id="360" type="global mark phase" contextid="356" durationms="9.280" usertimems="6.857" systemtimems="11.148" timestamp="2019-08-11T06:20:19.638" activeThreads="16">
  <mem-info id="361" free="12582912" total="33554432" percent="37">
    <remembered-set count="7104" freebytes="1313024" totalbytes="1341440" percent="97" regionsoverflowed="0" regionsstable="0" regionsrebuilding="0"/>
  </mem-info>
</gc-end>
<concurrent-start id="362" type="GMP work packet processing" contextid="356" timestamp="2019-08-11T06:20:19.638">
  <concurrent-mark-start scanTarget="13268523" />
</concurrent-start>
<exclusive-end id="363" timestamp="2019-08-11T06:20:19.638" durationms="10.251" />

<concurrent-end id="364" type="GMP work packet processing" contextid="356" timestamp="2019-08-11T06:20:19.644">
  <concurrent-mark-end bytesScanned="4867800" reasonForTermination="Completed all work in GC phase" />
</concurrent-end>

<exclusive-start id="365" timestamp="2019-08-11T06:20:23.882" intervalms="4254.094">
  <response-info timems="5.211" idlems="5.211" threads="0" lastid="0000000002147100" lastname="node-6" />
</exclusive-start>
<allocation-taxation id="366" taxation-threshold="6291456" timestamp="2019-08-11T06:20:23.882" intervalms="4254.137" />
<cycle-start id="367" type="partial gc" contextid="0" timestamp="2019-08-11T06:20:23.883" intervalms="8956.312" />
<gc-start id="368" type="partial gc" contextid="367" timestamp="2019-08-11T06:20:23.883">
  <mem-info id="369" free="6291456" total="33554432" percent="18">
    <mem type="eden" free="0" total="12582912" percent="0" />
    <remembered-set count="7104" freebytes="1313024" totalbytes="1341440" percent="97" regionsoverflowed="0" regionsstable="0" regionsrebuilding="0"/>
  </mem-info>
</gc-start>
<allocation-stats totalBytes="12572512" >
  <allocated-bytes non-tlh="0" tlh="12572512" arrayletleaf="0"/>
  <largest-consumer threadName="node-12" threadId="000000000213BD00" bytes="298976" />
</allocation-stats>
<gc-op id="370" type="copy forward" timems="10.929" contextid="367" timestamp="2019-08-11T06:20:23.905">
  <memory-copied type="eden" objects="9776" bytes="236336" bytesdiscarded="8528" />
  <memory-copied type="other" objects="9108" bytes="218592" bytesdiscarded="14832" />
  <memory-cardclean objects="1921" bytes="522560" />
  <regions eden="6" other="1" />
  <remembered-set-cleared processed="2099" cleared="358" durationms="0.105" />
  <stringconstants candidates="3837" cleared="0"  />
</gc-op>
<gc-op id="371" type="classunload" timems="0.002" contextid="367" timestamp="2019-08-11T06:20:23.905">
  <classunload-info classloadercandidates="6" classloadersunloaded="0" classesunloaded="0" anonymousclassesunloaded="0" quiescems="0.000" setupms="0.002" scanms="0.000" postms="0.000" />
</gc-op>
<gc-end id="372" type="partial gc" contextid="367" durationms="22.103" usertimems="16.534" systemtimems="16.018" timestamp="2019-08-11T06:20:23.905" activeThreads="16">
  <mem-info id="373" free="16777216" total="33554432" percent="50">
    <mem type="eden" free="1852288" total="2097152" percent="88" />
    <remembered-set count="8192" freebytes="1308672" totalbytes="1341440" percent="97" regionsoverflowed="0" regionsstable="0" regionsrebuilding="0"/>
  </mem-info>
</gc-end>
<cycle-end id="374" type="partial gc" contextid="367" timestamp="2019-08-11T06:20:23.905" />
  <attribute name="elasticGC enabled" value="1" />
  <attribute name= "numThreadsSpecified" value="16" />
  <attribute name="heapSize specified" value="0" />
  <attribute name="Current GC Util" value="10" />
  <attribute name= "Current Time Running" value="135087" />
  <attribute name ="GC Interval" value="0" />
  <attribute name="ProportionalT" value="-35.000000" />
  <attribute name="ProportionalI" value="-35.000000" />
  <attribute name="ProportionalH" value="-35.000000" />
  <attribute name="Current Error" value="-70.000000" />
  <attribute name="IntegralT" value="-385.000000" />
  <attribute name="IntegralI" value="-385.000000" />
  <attribute name="IntegralH" value="-385.000000" />
  <attribute name="DerivativeT" value="-6.363636" />
  <attribute name="DerivativeI" value="-6.363636" />
  <attribute name="DerivativeH" value="-6.363636" />
  <attribute name="Loop Time for DT" value="11.000000" />
  <attribute name="Output H" value="4202627072"/>
  <attribute name="Output I" value="200"/>
  <attribute name="Output T" value="16"/>
  <attribute name="Target GC Util Change" value ="80.000000" />
  <attribute name="Current GC Util Change" value="10.000000"/>
  <attribute name="GC Util currently" value="10" />
  <attribute name="CPU Util currently" value="107211341595" />
<exclusive-end id="375" timestamp="2019-08-11T06:20:23.906" durationms="23.551" />

<exclusive-start id="376" timestamp="2019-08-11T06:20:28.487" intervalms="4605.137">
  <response-info timems="0.030" idlems="0.030" threads="0" lastid="00000000020E9700" lastname="node-14" />
</exclusive-start>
<allocation-taxation id="377" taxation-threshold="6291456" timestamp="2019-08-11T06:20:28.488" intervalms="4605.148" />
<gc-start id="378" type="global mark phase" contextid="356" timestamp="2019-08-11T06:20:28.488">
  <mem-info id="379" free="10485760" total="33554432" percent="31">
    <remembered-set count="8192" freebytes="1308672" totalbytes="1341440" percent="97" regionsoverflowed="0" regionsstable="0" regionsrebuilding="0"/>
  </mem-info>
</gc-start>
<gc-op id="380" type="mark increment" timems="16.271" contextid="356" timestamp="2019-08-11T06:20:28.504">
  <trace-info objectcount="9873" scancount="9843" scanbytes="559576" />
  <cardclean-info objects="1834" bytes="196120" />
  <finalization candidates="13" enqueued="0" />
  <references type="soft" candidates="66" cleared="0" enqueued="0" dynamicThreshold="16" maxThreshold="32" />
  <references type="weak" candidates="143" cleared="0" enqueued="0" />
  <references type="phantom" candidates="57" cleared="0" enqueued="0" />
  <stringconstants candidates="3837" cleared="0"  />
</gc-op>
<gc-op id="381" type="classunload" timems="0.002" contextid="356" timestamp="2019-08-11T06:20:28.504">
  <classunload-info classloadercandidates="6" classloadersunloaded="0" classesunloaded="0" anonymousclassesunloaded="0" quiescems="0.000" setupms="0.002" scanms="0.000" postms="0.000" />
</gc-op>
<gc-end id="382" type="global mark phase" contextid="356" durationms="16.766" usertimems="7.316" systemtimems="21.076" timestamp="2019-08-11T06:20:28.504" activeThreads="16">
  <mem-info id="383" free="10485760" total="33554432" percent="31">
    <remembered-set count="8192" freebytes="1308672" totalbytes="1341440" percent="97" regionsoverflowed="0" regionsstable="0" regionsrebuilding="0"/>
  </mem-info>
</gc-end>
<cycle-end id="384" type="global mark phase" contextid="356" timestamp="2019-08-11T06:20:28.504" />
  <attribute name="elasticGC enabled" value="1" />
  <attribute name= "numThreadsSpecified" value="16" />
  <attribute name="heapSize specified" value="0" />
  <attribute name="Current GC Util" value="136" />
  <attribute name= "Current Time Running" value="139686" />
  <attribute name ="GC Interval" value="0" />
  <attribute name="ProportionalT" value="28.000000" />
  <attribute name="ProportionalI" value="28.000000" />
  <attribute name="ProportionalH" value="28.000000" />
  <attribute name="Current Error" value="56.000000" />
  <attribute name="IntegralT" value="84.000000" />
  <attribute name="IntegralI" value="84.000000" />
  <attribute name="IntegralH" value="84.000000" />
  <attribute name="DerivativeT" value="-0.333333" />
  <attribute name="DerivativeI" value="-0.333333" />
  <attribute name="DerivativeH" value="-0.333333" />
  <attribute name="Loop Time for DT" value="3.000000" />
  <attribute name="Output H" value="8388608"/>
  <attribute name="Output I" value="200"/>
  <attribute name="Output T" value="16"/>
  <attribute name="Target GC Util Change" value ="80.000000" />
  <attribute name="Current GC Util Change" value="136.000000"/>
  <attribute name="GC Util currently" value="136" />
  <attribute name="CPU Util currently" value="464676722819" />
<exclusive-end id="385" timestamp="2019-08-11T06:20:28.505" durationms="17.226" />

<exclusive-start id="386" timestamp="2019-08-11T06:20:32.959" intervalms="4472.053">
  <response-info timems="0.101" idlems="0.101" threads="0" lastid="0000000002134500" lastname="node-3" />
</exclusive-start>
<allocation-taxation id="387" taxation-threshold="6291456" timestamp="2019-08-11T06:20:32.960" intervalms="4471.930" />
<cycle-start id="388" type="partial gc" contextid="0" timestamp="2019-08-11T06:20:32.960" intervalms="9076.843" />
<gc-start id="389" type="partial gc" contextid="388" timestamp="2019-08-11T06:20:32.960">
  <mem-info id="390" free="4194304" total="33554432" percent="12">
    <mem type="eden" free="0" total="12582912" percent="0" />
    <remembered-set count="8192" freebytes="1308672" totalbytes="1341440" percent="97" regionsoverflowed="0" regionsstable="0" regionsrebuilding="0"/>
  </mem-info>
</gc-start>
<allocation-stats totalBytes="12574832" >
  <allocated-bytes non-tlh="0" tlh="12574832" arrayletleaf="0"/>
  <largest-consumer threadName="node-15" threadId="000000000211DE00" bytes="286712" />
</allocation-stats>
<gc-op id="391" type="sweep" timems="16.893" contextid="388" timestamp="2019-08-11T06:20:32.977" />
<gc-op id="392" type="copy forward" timems="64.118" contextid="388" timestamp="2019-08-11T06:20:33.059">
  <memory-copied type="eden" objects="5051" bytes="132656" bytesdiscarded="13960" />
  <memory-copied type="other" objects="9696" bytes="232704" bytesdiscarded="3128" />
  <memory-cardclean objects="1847" bytes="520120" />
  <regions eden="3" other="4" />
  <remembered-set-cleared processed="2184" cleared="487" durationms="0.193" />
  <stringconstants candidates="3837" cleared="0"  />
</gc-op>
<gc-op id="393" type="classunload" timems="0.003" contextid="388" timestamp="2019-08-11T06:20:33.059">
  <classunload-info classloadercandidates="6" classloadersunloaded="0" classesunloaded="0" anonymousclassesunloaded="0" quiescems="0.000" setupms="0.002" scanms="0.000" postms="0.000" />
</gc-op>
<gc-end id="394" type="partial gc" contextid="388" durationms="99.732" usertimems="18.199" systemtimems="97.932" timestamp="2019-08-11T06:20:33.060" activeThreads="16">
  <mem-info id="395" free="18874368" total="33554432" percent="56">
    <mem type="eden" free="1824448" total="2097152" percent="86" />
    <remembered-set count="6560" freebytes="1315200" totalbytes="1341440" percent="98" regionsoverflowed="0" regionsstable="0" regionsrebuilding="0"/>
  </mem-info>
</gc-end>
<cycle-end id="396" type="partial gc" contextid="388" timestamp="2019-08-11T06:20:33.060" />
  <attribute name="elasticGC enabled" value="1" />
  <attribute name= "numThreadsSpecified" value="16" />
  <attribute name="heapSize specified" value="0" />
  <attribute name="Current GC Util" value="57" />
  <attribute name= "Current Time Running" value="144188" />
  <attribute name ="GC Interval" value="0" />
  <attribute name="ProportionalT" value="-11.500000" />
  <attribute name="ProportionalI" value="-11.500000" />
  <attribute name="ProportionalH" value="-11.500000" />
  <attribute name="Current Error" value="-23.000000" />
  <attribute name="IntegralT" value="-184.000000" />
  <attribute name="IntegralI" value="-184.000000" />
  <attribute name="IntegralH" value="-184.000000" />
  <attribute name="DerivativeT" value="-1.437500" />
  <attribute name="DerivativeI" value="-1.437500" />
  <attribute name="DerivativeH" value="-1.437500" />
  <attribute name="Loop Time for DT" value="16.000000" />
  <attribute name="Output H" value="4202627072"/>
  <attribute name="Output I" value="200"/>
  <attribute name="Output T" value="16"/>
  <attribute name="Target GC Util Change" value ="80.000000" />
  <attribute name="Current GC Util Change" value="57.000000"/>
  <attribute name="GC Util currently" value="57" />
  <attribute name="CPU Util currently" value="72419259972" />
<exclusive-end id="397" timestamp="2019-08-11T06:20:33.060" durationms="100.858" />

===== DaCapo 9.12-MR1 avrora PASSED in 146606 msec =====
<exclusive-start id="398" timestamp="2019-08-11T06:20:35.776" intervalms="2816.934">
  <response-info timems="0.018" idlems="0.018" threads="0" lastid="0000000001E02F00" lastname="main" />
</exclusive-start>
<allocation-taxation id="399" taxation-threshold="6291456" timestamp="2019-08-11T06:20:35.776" intervalms="2816.955" />
<cycle-start id="400" type="global mark phase" contextid="0" timestamp="2019-08-11T06:20:35.777" intervalms="16148.038" />
<gc-start id="401" type="global mark phase" contextid="400" timestamp="2019-08-11T06:20:35.777">
  <mem-info id="402" free="12582912" total="33554432" percent="37">
    <remembered-set count="6560" freebytes="1315200" totalbytes="1341440" percent="98" regionsoverflowed="0" regionsstable="0" regionsrebuilding="0"/>
  </mem-info>
</gc-start>
<gc-op id="403" type="mark increment" timems="3.707" contextid="400" timestamp="2019-08-11T06:20:35.780">
  <trace-info objectcount="24533" scancount="18387" scanbytes="600180" />
</gc-op>
<gc-end id="404" type="global mark phase" contextid="400" durationms="3.779" usertimems="1.906" systemtimems="7.131" timestamp="2019-08-11T06:20:35.780" activeThreads="16">
  <mem-info id="405" free="12582912" total="33554432" percent="37">
    <remembered-set count="6560" freebytes="1315200" totalbytes="1341440" percent="98" regionsoverflowed="0" regionsstable="0" regionsrebuilding="0"/>
  </mem-info>
</gc-end>
<exclusive-end id="406" timestamp="2019-08-11T06:20:35.781" durationms="4.267" />

<exclusive-start id="407" timestamp="2019-08-11T06:20:36.027" intervalms="250.143">
  <response-info timems="0.016" idlems="0.016" threads="0" lastid="0000000001E02F00" lastname="main" />
</exclusive-start>
<allocation-taxation id="408" taxation-threshold="6291456" timestamp="2019-08-11T06:20:36.027" intervalms="250.120" />
<cycle-start id="409" type="partial gc" contextid="0" timestamp="2019-08-11T06:20:36.027" intervalms="3067.144" />
<gc-start id="410" type="partial gc" contextid="409" timestamp="2019-08-11T06:20:36.027">
  <mem-info id="411" free="6291456" total="33554432" percent="18">
    <mem type="eden" free="0" total="12582912" percent="0" />
    <remembered-set count="6560" freebytes="1315200" totalbytes="1341440" percent="98" regionsoverflowed="0" regionsstable="0" regionsrebuilding="0"/>
  </mem-info>
</gc-start>
<allocation-stats totalBytes="12531920" >
  <allocated-bytes non-tlh="60576" tlh="12471344" arrayletleaf="0"/>
  <largest-consumer threadName="main" threadId="0000000001E02F00" bytes="6257496" />
</allocation-stats>
<gc-op id="412" type="copy forward" timems="8.732" contextid="409" timestamp="2019-08-11T06:20:36.037">
  <memory-copied type="eden" objects="3939" bytes="261744" bytesdiscarded="11848" />
  <memory-copied type="other" objects="10004" bytes="240096" bytesdiscarded="8808" />
  <memory-cardclean objects="2380" bytes="542240" />
  <regions eden="6" other="1" />
  <remembered-set-cleared processed="2115" cleared="424" durationms="0.151" />
  <finalization candidates="1" enqueued="1" />
  <references type="soft" candidates="2" cleared="0" enqueued="0" dynamicThreshold="12" maxThreshold="32" />
  <references type="weak" candidates="16" cleared="0" enqueued="0" />
  <references type="phantom" candidates="15" cleared="0" enqueued="0" />
  <stringconstants candidates="3849" cleared="0"  />
</gc-op>
<gc-op id="413" type="classunload" timems="0.002" contextid="409" timestamp="2019-08-11T06:20:36.037">
  <classunload-info classloadercandidates="6" classloadersunloaded="0" classesunloaded="0" anonymousclassesunloaded="0" quiescems="0.000" setupms="0.002" scanms="0.000" postms="0.000" />
</gc-op>
<heap-resize id="414" type="contract" space="default" amount="2097152" count="1" timems="0.180" reason="insufficient time being spent in gc" timestamp="2019-08-11T06:20:36.037" />
<gc-end id="415" type="partial gc" contextid="409" durationms="10.283" usertimems="12.389" systemtimems="12.847" timestamp="2019-08-11T06:20:36.037" activeThreads="16">
  <mem-info id="416" free="14680064" total="31457280" percent="46">
    <mem type="eden" free="1823408" total="2097152" percent="86" />
    <pending-finalizers system="1" default="0" reference="0" classloader="0" />
    <remembered-set count="7232" freebytes="1312512" totalbytes="1341440" percent="97" regionsoverflowed="0" regionsstable="0" regionsrebuilding="0"/>
  </mem-info>
</gc-end>
<cycle-end id="417" type="partial gc" contextid="409" timestamp="2019-08-11T06:20:36.038" />
  <attribute name="elasticGC enabled" value="1" />
  <attribute name= "numThreadsSpecified" value="16" />
  <attribute name="heapSize specified" value="0" />
  <attribute name="Current GC Util" value="181" />
  <attribute name= "Current Time Running" value="147221" />
  <attribute name ="GC Interval" value="0" />
  <attribute name="ProportionalT" value="50.500000" />
  <attribute name="ProportionalI" value="50.500000" />
  <attribute name="ProportionalH" value="50.500000" />
  <attribute name="Current Error" value="101.000000" />
  <attribute name="IntegralT" value="50.500000" />
  <attribute name="IntegralI" value="50.500000" />
  <attribute name="IntegralH" value="50.500000" />
  <attribute name="DerivativeT" value="101.000000" />
  <attribute name="DerivativeI" value="101.000000" />
  <attribute name="DerivativeH" value="101.000000" />
  <attribute name="Loop Time for DT" value="1.000000" />
  <attribute name="Output H" value="8388608"/>
  <attribute name="Output I" value="208"/>
  <attribute name="Output T" value="16"/>
  <attribute name="Target GC Util Change" value ="80.000000" />
  <attribute name="Current GC Util Change" value="181.000000"/>
  <attribute name="GC Util currently" value="181" />
  <attribute name="CPU Util currently" value="1486597146781" />
<exclusive-end id="418" timestamp="2019-08-11T06:20:36.038" durationms="11.281" />

WARNING: An illegal reflective access operation has occurred
WARNING: Illegal reflective access by com.google.common.base.internal.Finalizer (file:/./scratch/jar/guava-r07.jar) to field java.lang.Thread.inheritableThreadLocals
WARNING: Please consider reporting this to the maintainers of com.google.common.base.internal.Finalizer
WARNING: Use --illegal-access=warn to enable warnings of further illegal reflective access operations
WARNING: All illegal access operations will be denied in a future release
<exclusive-start id="419" timestamp="2019-08-11T06:20:36.182" intervalms="155.672">
  <response-info timems="0.090" idlems="0.056" threads="1" lastid="0000000001E06B00" lastname="JIT Compilation Thread-0" />
</exclusive-start>
<allocation-taxation id="420" taxation-threshold="6291456" timestamp="2019-08-11T06:20:36.182" intervalms="155.676" />
<gc-start id="421" type="global mark phase" contextid="400" timestamp="2019-08-11T06:20:36.182">
  <mem-info id="422" free="8388608" total="31457280" percent="26">
    <remembered-set count="7232" freebytes="1312512" totalbytes="1341440" percent="97" regionsoverflowed="0" regionsstable="0" regionsrebuilding="0"/>
  </mem-info>
</gc-start>
<gc-op id="423" type="mark increment" timems="8.256" contextid="400" timestamp="2019-08-11T06:20:36.191">
  <trace-info objectcount="4753" scancount="3936" scanbytes="147348" />
  <cardclean-info objects="1151" bytes="62788" />
  <finalization candidates="52" enqueued="1" />
  <ownableSynchronizers candidates="17" cleared="0" />
  <references type="soft" candidates="76" cleared="0" enqueued="0" dynamicThreshold="14" maxThreshold="32" />
  <references type="weak" candidates="1017" cleared="440" enqueued="326" />
  <references type="phantom" candidates="105" cleared="14" enqueued="14" />
  <stringconstants candidates="4223" cleared="0"  />
</gc-op>
<gc-op id="424" type="classunload" timems="0.003" contextid="400" timestamp="2019-08-11T06:20:36.191">
  <classunload-info classloadercandidates="8" classloadersunloaded="0" classesunloaded="0" anonymousclassesunloaded="0" quiescems="0.000" setupms="0.003" scanms="0.000" postms="0.000" />
</gc-op>
<gc-end id="425" type="global mark phase" contextid="400" durationms="8.439" usertimems="19.233" systemtimems="0.000" timestamp="2019-08-11T06:20:36.191" activeThreads="16">
  <mem-info id="426" free="8388608" total="31457280" percent="26">
    <pending-finalizers system="1" default="0" reference="340" classloader="0" />
    <remembered-set count="7232" freebytes="1312512" totalbytes="1341440" percent="97" regionsoverflowed="0" regionsstable="0" regionsrebuilding="0"/>
  </mem-info>
</gc-end>
<cycle-end id="427" type="global mark phase" contextid="400" timestamp="2019-08-11T06:20:36.191" />
  <attribute name="elasticGC enabled" value="1" />
  <attribute name= "numThreadsSpecified" value="16" />
  <attribute name="heapSize specified" value="0" />
  <attribute name="Current GC Util" value="151" />
  <attribute name= "Current Time Running" value="147377" />
  <attribute name ="GC Interval" value="0" />
  <attribute name="ProportionalT" value="35.500000" />
  <attribute name="ProportionalI" value="35.500000" />
  <attribute name="ProportionalH" value="35.500000" />
  <attribute name="Current Error" value="71.000000" />
  <attribute name="IntegralT" value="35.500000" />
  <attribute name="IntegralI" value="35.500000" />
  <attribute name="IntegralH" value="35.500000" />
  <attribute name="DerivativeT" value="4.000000" />
  <attribute name="DerivativeI" value="4.000000" />
  <attribute name="DerivativeH" value="4.000000" />
  <attribute name="Loop Time for DT" value="1.000000" />
  <attribute name="Output H" value="8388608"/>
  <attribute name="Output I" value="200"/>
  <attribute name="Output T" value="16"/>
  <attribute name="Target GC Util Change" value ="80.000000" />
  <attribute name="Current GC Util Change" value="151.000000"/>
  <attribute name="GC Util currently" value="151" />
  <attribute name="CPU Util currently" value="1269182414112" />
<exclusive-end id="428" timestamp="2019-08-11T06:20:36.191" durationms="8.857" />

<exclusive-start id="429" timestamp="2019-08-11T06:20:37.487" intervalms="1304.871">
  <response-info timems="0.020" idlems="0.020" threads="0" lastid="0000000001E02F00" lastname="main" />
</exclusive-start>
<allocation-taxation id="430" taxation-threshold="6291456" timestamp="2019-08-11T06:20:37.487" intervalms="1304.865" />
<cycle-start id="431" type="partial gc" contextid="0" timestamp="2019-08-11T06:20:37.487" intervalms="1460.370" />
<gc-start id="432" type="partial gc" contextid="431" timestamp="2019-08-11T06:20:37.488">
  <mem-info id="433" free="2097152" total="31457280" percent="6">
    <mem type="eden" free="0" total="12582912" percent="0" />
    <remembered-set count="7232" freebytes="1312512" totalbytes="1341440" percent="97" regionsoverflowed="0" regionsstable="0" regionsrebuilding="0"/>
  </mem-info>
</gc-start>
<allocation-stats totalBytes="12510520" >
  <allocated-bytes non-tlh="720688" tlh="11789832" arrayletleaf="0"/>
  <largest-consumer threadName="main" threadId="0000000001E02F00" bytes="6271240" />
</allocation-stats>
<gc-op id="434" type="sweep" timems="6.688" contextid="431" timestamp="2019-08-11T06:20:37.494" />
<gc-op id="435" type="copy forward" timems="19.749" contextid="431" timestamp="2019-08-11T06:20:37.515">
  <memory-copied type="eden" objects="18129" bytes="657944" bytesdiscarded="73995" />
  <memory-copied type="other" objects="4483" bytes="805880" bytesdiscarded="102381" />
  <memory-cardclean objects="878" bytes="44152" />
  <regions eden="3" other="4" />
  <remembered-set-cleared processed="2008" cleared="410" durationms="0.234" />
  <finalization candidates="49" enqueued="0" />
  <ownableSynchronizers candidates="17" cleared="0" />
  <references type="soft" candidates="522" cleared="0" enqueued="0" dynamicThreshold="8" maxThreshold="32" />
  <references type="weak" candidates="1279" cleared="0" enqueued="0" />
  <references type="phantom" candidates="42" cleared="0" enqueued="0" />
  <stringconstants candidates="6219" cleared="0"  />
</gc-op>
<gc-op id="436" type="classunload" timems="0.005" contextid="431" timestamp="2019-08-11T06:20:37.515">
  <classunload-info classloadercandidates="11" classloadersunloaded="0" classesunloaded="0" anonymousclassesunloaded="0" quiescems="0.000" setupms="0.005" scanms="0.000" postms="0.000" />
</gc-op>
<heap-resize id="437" type="contract" space="default" amount="2097152" count="1" timems="0.181" reason="insufficient time being spent in gc" timestamp="2019-08-11T06:20:37.516" />
<gc-end id="438" type="partial gc" contextid="431" durationms="28.140" usertimems="65.489" systemtimems="0.000" timestamp="2019-08-11T06:20:37.516" activeThreads="16">
  <mem-info id="439" free="12582912" total="29360128" percent="42">
    <mem type="eden" free="2568944" total="4194304" percent="61" />
    <remembered-set count="10336" freebytes="1216256" totalbytes="1257600" percent="96" regionsoverflowed="0" regionsstable="0" regionsrebuilding="0"/>
  </mem-info>
</gc-end>
<cycle-end id="440" type="partial gc" contextid="431" timestamp="2019-08-11T06:20:37.516" />
  <attribute name="elasticGC enabled" value="1" />
  <attribute name= "numThreadsSpecified" value="16" />
  <attribute name="heapSize specified" value="0" />
  <attribute name="Current GC Util" value="122" />
  <attribute name= "Current Time Running" value="148688" />
  <attribute name ="GC Interval" value="0" />
  <attribute name="ProportionalT" value="21.000000" />
  <attribute name="ProportionalI" value="21.000000" />
  <attribute name="ProportionalH" value="21.000000" />
  <attribute name="Current Error" value="42.000000" />
  <attribute name="IntegralT" value="21.000000" />
  <attribute name="IntegralI" value="21.000000" />
  <attribute name="IntegralH" value="21.000000" />
  <attribute name="DerivativeT" value="-1.000000" />
  <attribute name="DerivativeI" value="-1.000000" />
  <attribute name="DerivativeH" value="-1.000000" />
  <attribute name="Loop Time for DT" value="1.000000" />
  <attribute name="Output H" value="8388608"/>
  <attribute name="Output I" value="200"/>
  <attribute name="Output T" value="16"/>
  <attribute name="Target GC Util Change" value ="80.000000" />
  <attribute name="Current GC Util Change" value="122.000000"/>
  <attribute name="GC Util currently" value="122" />
  <attribute name="CPU Util currently" value="1490315517706" />
<exclusive-end id="441" timestamp="2019-08-11T06:20:37.516" durationms="28.862" />

<exclusive-start id="442" timestamp="2019-08-11T06:20:37.740" intervalms="253.277">
  <response-info timems="0.039" idlems="0.039" threads="0" lastid="0000000001E02F00" lastname="main" />
</exclusive-start>
<allocation-taxation id="443" taxation-threshold="6291456" timestamp="2019-08-11T06:20:37.740" intervalms="253.265" />
<cycle-start id="444" type="global mark phase" contextid="0" timestamp="2019-08-11T06:20:37.740" intervalms="1963.938" />
<gc-start id="445" type="global mark phase" contextid="444" timestamp="2019-08-11T06:20:37.741">
  <mem-info id="446" free="6291456" total="29360128" percent="21">
    <remembered-set count="9856" freebytes="1218176" totalbytes="1257600" percent="96" regionsoverflowed="0" regionsstable="0" regionsrebuilding="0"/>
  </mem-info>
</gc-start>
<gc-op id="447" type="mark increment" timems="5.595" contextid="444" timestamp="2019-08-11T06:20:37.746">
  <trace-info objectcount="57131" scancount="45044" scanbytes="1511568" />
</gc-op>
<gc-end id="448" type="global mark phase" contextid="444" durationms="5.634" usertimems="13.101" systemtimems="0.000" timestamp="2019-08-11T06:20:37.746" activeThreads="16">
  <mem-info id="449" free="6291456" total="29360128" percent="21">
    <remembered-set count="9856" freebytes="1218176" totalbytes="1257600" percent="96" regionsoverflowed="0" regionsstable="0" regionsrebuilding="0"/>
  </mem-info>
</gc-end>
<exclusive-end id="450" timestamp="2019-08-11T06:20:37.746" durationms="5.914" />

<exclusive-start id="451" timestamp="2019-08-11T06:20:37.943" intervalms="202.302">
  <response-info timems="0.022" idlems="0.022" threads="0" lastid="0000000001E02F00" lastname="main" />
</exclusive-start>
<allocation-taxation id="452" taxation-threshold="6291456" timestamp="2019-08-11T06:20:37.943" intervalms="202.338" />
<cycle-start id="453" type="partial gc" contextid="0" timestamp="2019-08-11T06:20:37.943" intervalms="455.603" />
<gc-start id="454" type="partial gc" contextid="453" timestamp="2019-08-11T06:20:37.943">
  <mem-info id="455" free="0" total="29360128" percent="0">
    <mem type="eden" free="0" total="12582912" percent="0" />
    <remembered-set count="9856" freebytes="1218176" totalbytes="1257600" percent="96" regionsoverflowed="0" regionsstable="0" regionsrebuilding="0"/>
  </mem-info>
</gc-start>
<allocation-stats totalBytes="12571856" >
  <allocated-bytes non-tlh="1621720" tlh="10950136" arrayletleaf="0"/>
  <largest-consumer threadName="main" threadId="0000000001E02F00" bytes="6222184" />
</allocation-stats>
<gc-op id="456" type="mark" timems="9.998" contextid="453" timestamp="2019-08-11T06:20:37.955">
  <trace-info objectcount="44260" scancount="35734" scanbytes="1296304" />
  <cardclean-info objects="904" bytes="48332" />
  <remembered-set-cleared processed="2197" cleared="822" durationms="0.136" />
  <finalization candidates="67" enqueued="0" />
  <ownableSynchronizers candidates="21" cleared="0" />
  <references type="soft" candidates="959" cleared="0" enqueued="0" dynamicThreshold="6" maxThreshold="32" />
  <references type="weak" candidates="3387" cleared="574" enqueued="419" />
  <references type="phantom" candidates="53" cleared="9" enqueued="9" />
  <stringconstants candidates="8239" cleared="0"  />
  <warning details="Mark invoked due to insufficient free space for Copy-Forward" />
</gc-op>
<gc-op id="457" type="classunload" timems="0.005" contextid="453" timestamp="2019-08-11T06:20:37.955">
  <classunload-info classloadercandidates="12" classloadersunloaded="0" classesunloaded="0" anonymousclassesunloaded="0" quiescems="0.000" setupms="0.005" scanms="0.000" postms="0.000" />
</gc-op>
<gc-op id="458" type="sweep" timems="1.634" contextid="453" timestamp="2019-08-11T06:20:37.957" />
<gc-op id="459" type="compact" timems="7.971" contextid="453" timestamp="2019-08-11T06:20:37.965">
  <compact-info movecount="48241" movebytes="3456312" />
  <remembered-set-cleared processed="8443" cleared="6574" durationms="0.136" />
</gc-op>
<heap-resize id="460" type="contract" space="default" amount="2097152" count="1" timems="0.136" reason="insufficient time being spent in gc" timestamp="2019-08-11T06:20:37.966" />
<gc-end id="461" type="partial gc" contextid="453" durationms="22.526" usertimems="54.173" systemtimems="0.000" timestamp="2019-08-11T06:20:37.966" activeThreads="16">
  <mem-info id="462" free="12582912" total="27262976" percent="46">
    <mem type="eden" free="296552" total="2097152" percent="14" />
    <pending-finalizers system="0" default="0" reference="428" classloader="0" />
    <remembered-set count="8096" freebytes="1141376" totalbytes="1173760" percent="97" regionsoverflowed="0" regionsstable="0" regionsrebuilding="0"/>
  </mem-info>
</gc-end>
<cycle-end id="463" type="partial gc" contextid="453" timestamp="2019-08-11T06:20:37.966" />
  <attribute name="elasticGC enabled" value="1" />
  <attribute name= "numThreadsSpecified" value="16" />
  <attribute name="heapSize specified" value="0" />
  <attribute name="Current GC Util" value="129" />
  <attribute name= "Current Time Running" value="149150" />
  <attribute name ="GC Interval" value="0" />
  <attribute name="ProportionalT" value="24.500000" />
  <attribute name="ProportionalI" value="24.500000" />
  <attribute name="ProportionalH" value="24.500000" />
  <attribute name="Current Error" value="49.000000" />
  <attribute name="IntegralT" value="49.000000" />
  <attribute name="IntegralI" value="49.000000" />
  <attribute name="IntegralH" value="49.000000" />
  <attribute name="DerivativeT" value="-36.500000" />
  <attribute name="DerivativeI" value="-36.500000" />
  <attribute name="DerivativeH" value="-36.500000" />
  <attribute name="Loop Time for DT" value="2.000000" />
  <attribute name="Output H" value="8388608"/>
  <attribute name="Output I" value="200"/>
  <attribute name="Output T" value="16"/>
  <attribute name="Target GC Util Change" value ="80.000000" />
  <attribute name="Current GC Util Change" value="129.000000"/>
  <attribute name="GC Util currently" value="129" />
  <attribute name="CPU Util currently" value="637093581586" />
<exclusive-end id="464" timestamp="2019-08-11T06:20:37.966" durationms="23.106" />

<exclusive-start id="465" timestamp="2019-08-11T06:20:38.089" intervalms="146.464">
  <response-info timems="0.037" idlems="0.037" threads="0" lastid="0000000001E02F00" lastname="main" />
</exclusive-start>
<allocation-taxation id="466" taxation-threshold="6291456" timestamp="2019-08-11T06:20:38.089" intervalms="146.442" />
<gc-start id="467" type="global mark phase" contextid="444" timestamp="2019-08-11T06:20:38.089">
  <mem-info id="468" free="6291456" total="27262976" percent="23">
    <remembered-set count="7744" freebytes="1142784" totalbytes="1173760" percent="97" regionsoverflowed="0" regionsstable="0" regionsrebuilding="0"/>
  </mem-info>
</gc-start>
<gc-op id="469" type="mark increment" timems="8.232" contextid="444" timestamp="2019-08-11T06:20:38.098">
  <trace-info objectcount="53679" scancount="42944" scanbytes="1557932" />
  <cardclean-info objects="1514" bytes="72196" />
  <finalization candidates="80" enqueued="0" />
  <ownableSynchronizers candidates="21" cleared="0" />
  <references type="soft" candidates="1026" cleared="0" enqueued="0" dynamicThreshold="14" maxThreshold="32" />
  <references type="weak" candidates="3542" cleared="0" enqueued="0" />
  <references type="phantom" candidates="99" cleared="0" enqueued="0" />
  <stringconstants candidates="8784" cleared="0"  />
</gc-op>
<gc-op id="470" type="classunload" timems="0.008" contextid="444" timestamp="2019-08-11T06:20:38.098">
  <classunload-info classloadercandidates="12" classloadersunloaded="0" classesunloaded="0" anonymousclassesunloaded="0" quiescems="0.000" setupms="0.007" scanms="0.000" postms="0.000" />
</gc-op>
<gc-end id="471" type="global mark phase" contextid="444" durationms="8.366" usertimems="21.025" systemtimems="0.000" timestamp="2019-08-11T06:20:38.098" activeThreads="16">
  <mem-info id="472" free="6291456" total="27262976" percent="23">
    <remembered-set count="7744" freebytes="1142784" totalbytes="1173760" percent="97" regionsoverflowed="0" regionsstable="0" regionsrebuilding="0"/>
  </mem-info>
</gc-end>
<cycle-end id="473" type="global mark phase" contextid="444" timestamp="2019-08-11T06:20:38.098" />
  <attribute name="elasticGC enabled" value="1" />
  <attribute name= "numThreadsSpecified" value="16" />
  <attribute name="heapSize specified" value="0" />
  <attribute name="Current GC Util" value="308" />
  <attribute name= "Current Time Running" value="149285" />
  <attribute name ="GC Interval" value="0" />
  <attribute name="ProportionalT" value="114.000000" />
  <attribute name="ProportionalI" value="114.000000" />
  <attribute name="ProportionalH" value="114.000000" />
  <attribute name="Current Error" value="228.000000" />
  <attribute name="IntegralT" value="228.000000" />
  <attribute name="IntegralI" value="228.000000" />
  <attribute name="IntegralH" value="228.000000" />
  <attribute name="DerivativeT" value="46.500000" />
  <attribute name="DerivativeI" value="46.500000" />
  <attribute name="DerivativeH" value="46.500000" />
  <attribute name="Loop Time for DT" value="2.000000" />
  <attribute name="Output H" value="8388608"/>
  <attribute name="Output I" value="392"/>
  <attribute name="Output T" value="16"/>
  <attribute name="Target GC Util Change" value ="80.000000" />
  <attribute name="Current GC Util Change" value="308.000000"/>
  <attribute name="GC Util currently" value="308" />
  <attribute name="CPU Util currently" value="653883125858" />
<exclusive-end id="474" timestamp="2019-08-11T06:20:38.098" durationms="8.704" />

<exclusive-start id="475" timestamp="2019-08-11T06:20:38.219" intervalms="129.866">
  <response-info timems="0.019" idlems="0.019" threads="0" lastid="0000000001E02F00" lastname="main" />
</exclusive-start>
<allocation-taxation id="476" taxation-threshold="6291456" timestamp="2019-08-11T06:20:38.219" intervalms="129.859" />
<cycle-start id="477" type="partial gc" contextid="0" timestamp="2019-08-11T06:20:38.219" intervalms="276.271" />
<gc-start id="478" type="partial gc" contextid="477" timestamp="2019-08-11T06:20:38.219">
  <mem-info id="479" free="0" total="27262976" percent="0">
    <mem type="eden" free="0" total="12582912" percent="0" />
    <remembered-set count="7744" freebytes="1142784" totalbytes="1173760" percent="97" regionsoverflowed="0" regionsstable="0" regionsrebuilding="0"/>
  </mem-info>
</gc-start>
<allocation-stats totalBytes="12562768" >
  <allocated-bytes non-tlh="124048" tlh="12438720" arrayletleaf="0"/>
  <largest-consumer threadName="main" threadId="0000000001E02F00" bytes="6283752" />
</allocation-stats>
<gc-op id="480" type="sweep" timems="2.196" contextid="477" timestamp="2019-08-11T06:20:38.222" />
<gc-op id="481" type="mark" timems="11.469" contextid="477" timestamp="2019-08-11T06:20:38.234">
  <trace-info objectcount="33136" scancount="27317" scanbytes="1003464" />
  <cardclean-info objects="1250" bytes="83692" />
  <remembered-set-cleared processed="3462" cleared="1924" durationms="0.105" />
  <finalization candidates="18" enqueued="0" />
  <ownableSynchronizers candidates="4" cleared="0" />
  <references type="soft" candidates="440" cleared="0" enqueued="0" dynamicThreshold="7" maxThreshold="32" />
  <references type="weak" candidates="2539" cleared="1" enqueued="1" />
  <references type="phantom" candidates="6" cleared="0" enqueued="0" />
  <stringconstants candidates="8990" cleared="0"  />
  <warning details="Mark invoked due to insufficient free space for Copy-Forward" />
</gc-op>
<gc-op id="482" type="classunload" timems="0.005" contextid="477" timestamp="2019-08-11T06:20:38.234">
  <classunload-info classloadercandidates="12" classloadersunloaded="0" classesunloaded="0" anonymousclassesunloaded="0" quiescems="0.000" setupms="0.005" scanms="0.000" postms="0.000" />
</gc-op>
<gc-op id="483" type="sweep" timems="3.801" contextid="477" timestamp="2019-08-11T06:20:38.238" />
<gc-op id="484" type="compact" timems="8.890" contextid="477" timestamp="2019-08-11T06:20:38.247">
  <compact-info movecount="33113" movebytes="2008696" />
  <remembered-set-cleared processed="15988" cleared="12748" durationms="0.158" />
</gc-op>
<gc-end id="485" type="partial gc" contextid="477" durationms="28.203" usertimems="65.576" systemtimems="0.000" timestamp="2019-08-11T06:20:38.248" activeThreads="16">
  <mem-info id="486" free="10485760" total="27262976" percent="38">
    <mem type="eden" free="1473520" total="2097152" percent="70" />
    <pending-finalizers system="0" default="0" reference="1" classloader="0" />
    <remembered-set count="10496" freebytes="1047936" totalbytes="1089920" percent="96" regionsoverflowed="0" regionsstable="0" regionsrebuilding="0"/>
  </mem-info>
</gc-end>
<cycle-end id="487" type="partial gc" contextid="477" timestamp="2019-08-11T06:20:38.248" />
  <attribute name="elasticGC enabled" value="1" />
  <attribute name= "numThreadsSpecified" value="16" />
  <attribute name="heapSize specified" value="0" />
  <attribute name="Current GC Util" value="138" />
  <attribute name= "Current Time Running" value="149431" />
  <attribute name ="GC Interval" value="0" />
  <attribute name="ProportionalT" value="29.000000" />
  <attribute name="ProportionalI" value="29.000000" />
  <attribute name="ProportionalH" value="29.000000" />
  <attribute name="Current Error" value="58.000000" />
  <attribute name="IntegralT" value="116.000000" />
  <attribute name="IntegralI" value="116.000000" />
  <attribute name="IntegralH" value="116.000000" />
  <attribute name="DerivativeT" value="-19.750000" />
  <attribute name="DerivativeI" value="-19.750000" />
  <attribute name="DerivativeH" value="-19.750000" />
  <attribute name="Loop Time for DT" value="4.000000" />
  <attribute name="Output H" value="8388608"/>
  <attribute name="Output I" value="200"/>
  <attribute name="Output T" value="16"/>
  <attribute name="Target GC Util Change" value ="80.000000" />
  <attribute name="Current GC Util Change" value="138.000000"/>
  <attribute name="GC Util currently" value="138" />
  <attribute name="CPU Util currently" value="290525818561" />
<exclusive-end id="488" timestamp="2019-08-11T06:20:38.248" durationms="28.720" />

<exclusive-start id="489" timestamp="2019-08-11T06:20:38.319" intervalms="100.299">
  <response-info timems="0.035" idlems="0.035" threads="0" lastid="0000000001E02F00" lastname="main" />
</exclusive-start>
<allocation-taxation id="490" taxation-threshold="4194304" timestamp="2019-08-11T06:20:38.319" intervalms="100.296" />
<cycle-start id="491" type="global mark phase" contextid="0" timestamp="2019-08-11T06:20:38.319" intervalms="578.938" />
<gc-start id="492" type="global mark phase" contextid="491" timestamp="2019-08-11T06:20:38.319">
  <mem-info id="493" free="6291456" total="27262976" percent="23">
    <remembered-set count="10496" freebytes="1047936" totalbytes="1089920" percent="96" regionsoverflowed="0" regionsstable="0" regionsrebuilding="0"/>
  </mem-info>
</gc-start>
<gc-op id="494" type="mark increment" timems="2.054" contextid="491" timestamp="2019-08-11T06:20:38.322">
  <trace-info objectcount="168" scancount="0" scanbytes="0" />
</gc-op>
<gc-end id="495" type="global mark phase" contextid="491" durationms="2.095" usertimems="4.555" systemtimems="0.000" timestamp="2019-08-11T06:20:38.322" activeThreads="16">
  <mem-info id="496" free="6291456" total="27262976" percent="23">
    <remembered-set count="10496" freebytes="1047936" totalbytes="1089920" percent="96" regionsoverflowed="0" regionsstable="0" regionsrebuilding="0"/>
  </mem-info>
</gc-end>
<concurrent-start id="497" type="GMP work packet processing" contextid="491" timestamp="2019-08-11T06:20:38.322">
  <concurrent-mark-start scanTarget="18446744073709551615" />
</concurrent-start>
<exclusive-end id="498" timestamp="2019-08-11T06:20:38.322" durationms="2.321" />

<concurrent-end id="499" type="GMP work packet processing" contextid="491" timestamp="2019-08-11T06:20:38.332">
  <concurrent-mark-end bytesScanned="1749448" reasonForTermination="Completed all work in GC phase" />
</concurrent-end>

<exclusive-start id="500" timestamp="2019-08-11T06:20:38.414" intervalms="94.679">
  <response-info timems="0.018" idlems="0.018" threads="0" lastid="0000000001E02F00" lastname="main" />
</exclusive-start>
<allocation-taxation id="501" taxation-threshold="4194304" timestamp="2019-08-11T06:20:38.414" intervalms="94.684" />
<cycle-start id="502" type="partial gc" contextid="0" timestamp="2019-08-11T06:20:38.414" intervalms="194.999" />
<gc-start id="503" type="partial gc" contextid="502" timestamp="2019-08-11T06:20:38.414">
  <mem-info id="504" free="2097152" total="27262976" percent="7">
    <mem type="eden" free="48848" total="8388608" percent="0" />
    <remembered-set count="10496" freebytes="1047936" totalbytes="1089920" percent="96" regionsoverflowed="0" regionsstable="0" regionsrebuilding="0"/>
  </mem-info>
</gc-start>
<allocation-stats totalBytes="8335728" >
  <allocated-bytes non-tlh="354272" tlh="7981456" arrayletleaf="0"/>
  <largest-consumer threadName="main" threadId="0000000001E02F00" bytes="4193088" />
</allocation-stats>
<gc-op id="505" type="copy forward" timems="14.597" contextid="502" timestamp="2019-08-11T06:20:38.430">
  <memory-copied type="eden" objects="10825" bytes="853368" bytesdiscarded="263632" />
  <memory-copied type="other" objects="5733" bytes="250288" bytesdiscarded="34856" />
  <memory-cardclean objects="1020" bytes="58672" />
  <regions eden="4" other="1" />
  <remembered-set-cleared processed="6213" cleared="2256" durationms="0.438" />
  <references type="soft" candidates="73" cleared="0" enqueued="0" dynamicThreshold="7" maxThreshold="32" />
  <references type="weak" candidates="1004" cleared="0" enqueued="0" />
  <references type="phantom" candidates="1" cleared="0" enqueued="0" />
  <stringconstants candidates="9241" cleared="0"  />
  <heap-resize type="expand" space="default" amount="2097152" count="1" timems="0.060" reason="continue current collection" />
</gc-op>
<gc-op id="506" type="classunload" timems="0.008" contextid="502" timestamp="2019-08-11T06:20:38.430">
  <classunload-info classloadercandidates="13" classloadersunloaded="0" classesunloaded="0" anonymousclassesunloaded="0" quiescems="0.000" setupms="0.007" scanms="0.000" postms="0.000" />
</gc-op>
<gc-op id="507" type="compact" timems="6.116" contextid="502" timestamp="2019-08-11T06:20:38.436">
  <compact-info movecount="0" movebytes="0" />
  <remembered-set-cleared processed="12569" cleared="2256" durationms="0.438" />
</gc-op>
<heap-resize id="508" type="expand" space="default" amount="2097152" count="1" timems="0.055" reason="insufficient free space following gc" timestamp="2019-08-11T06:20:38.436" />
<gc-end id="509" type="partial gc" contextid="502" durationms="22.172" usertimems="52.131" systemtimems="0.000" timestamp="2019-08-11T06:20:38.437" activeThreads="16">
  <mem-info id="510" free="12582912" total="31457280" percent="40">
    <mem type="eden" free="979968" total="2097152" percent="46" />
    <remembered-set count="9504" freebytes="1219584" totalbytes="1257600" percent="96" regionsoverflowed="0" regionsstable="0" regionsrebuilding="0"/>
  </mem-info>
</gc-end>
<cycle-end id="511" type="partial gc" contextid="502" timestamp="2019-08-11T06:20:38.437" />
  <attribute name="elasticGC enabled" value="1" />
  <attribute name= "numThreadsSpecified" value="16" />
  <attribute name="heapSize specified" value="0" />
  <attribute name="Current GC Util" value="226" />
  <attribute name= "Current Time Running" value="149623" />
  <attribute name ="GC Interval" value="0" />
  <attribute name="ProportionalT" value="73.000000" />
  <attribute name="ProportionalI" value="73.000000" />
  <attribute name="ProportionalH" value="73.000000" />
  <attribute name="Current Error" value="146.000000" />
  <attribute name="IntegralT" value="1095.000000" />
  <attribute name="IntegralI" value="1095.000000" />
  <attribute name="IntegralH" value="1095.000000" />
  <attribute name="DerivativeT" value="6.266667" />
  <attribute name="DerivativeI" value="6.266667" />
  <attribute name="DerivativeH" value="6.266667" />
  <attribute name="Loop Time for DT" value="15.000000" />
  <attribute name="Output H" value="8388608"/>
  <attribute name="Output I" value="1176"/>
  <attribute name="Output T" value="16"/>
  <attribute name="Target GC Util Change" value ="80.000000" />
  <attribute name="Current GC Util Change" value="226.000000"/>
  <attribute name="GC Util currently" value="226" />
  <attribute name="CPU Util currently" value="77803545820" />
<exclusive-end id="512" timestamp="2019-08-11T06:20:38.437" durationms="22.708" />

<exclusive-start id="513" timestamp="2019-08-11T06:20:38.513" intervalms="98.535">
  <response-info timems="0.040" idlems="0.040" threads="0" lastid="0000000001E02F00" lastname="main" />
</exclusive-start>
<allocation-taxation id="514" taxation-threshold="6291456" timestamp="2019-08-11T06:20:38.513" intervalms="98.534" />
<gc-start id="515" type="global mark phase" contextid="491" timestamp="2019-08-11T06:20:38.513">
  <mem-info id="516" free="6291456" total="31457280" percent="20">
    <remembered-set count="9504" freebytes="1219584" totalbytes="1257600" percent="96" regionsoverflowed="0" regionsstable="0" regionsrebuilding="0"/>
  </mem-info>
</gc-start>
<gc-op id="517" type="mark increment" timems="9.424" contextid="491" timestamp="2019-08-11T06:20:38.522">
  <trace-info objectcount="17555" scancount="15567" scanbytes="593812" />
  <cardclean-info objects="2044" bytes="82056" />
  <finalization candidates="80" enqueued="0" />
  <ownableSynchronizers candidates="21" cleared="0" />
  <references type="soft" candidates="1096" cleared="11" enqueued="11" dynamicThreshold="12" maxThreshold="32" />
  <references type="weak" candidates="3866" cleared="4" enqueued="4" />
  <references type="phantom" candidates="99" cleared="1" enqueued="1" />
  <stringconstants candidates="9267" cleared="1383"  />
</gc-op>
<gc-op id="518" type="classunload" timems="7.567" contextid="491" timestamp="2019-08-11T06:20:38.530">
  <classunload-info classloadercandidates="13" classloadersunloaded="1" classesunloaded="508" anonymousclassesunloaded="0" quiescems="0.000" setupms="2.419" scanms="5.132" postms="0.015" />
</gc-op>
<gc-end id="519" type="global mark phase" contextid="491" durationms="17.239" usertimems="24.533" systemtimems="0.000" timestamp="2019-08-11T06:20:38.530" activeThreads="16">
  <mem-info id="520" free="6291456" total="31457280" percent="20">
    <pending-finalizers system="0" default="0" reference="16" classloader="0" />
    <remembered-set count="9504" freebytes="1219584" totalbytes="1257600" percent="96" regionsoverflowed="0" regionsstable="0" regionsrebuilding="0"/>
  </mem-info>
</gc-end>
<cycle-end id="521" type="global mark phase" contextid="491" timestamp="2019-08-11T06:20:38.530" />
  <attribute name="elasticGC enabled" value="1" />
  <attribute name= "numThreadsSpecified" value="16" />
  <attribute name="heapSize specified" value="0" />
  <attribute name="Current GC Util" value="192" />
  <attribute name= "Current Time Running" value="149709" />
  <attribute name ="GC Interval" value="0" />
  <attribute name="ProportionalT" value="56.000000" />
  <attribute name="ProportionalI" value="56.000000" />
  <attribute name="ProportionalH" value="56.000000" />
  <attribute name="Current Error" value="112.000000" />
  <attribute name="IntegralT" value="112.000000" />
  <attribute name="IntegralI" value="112.000000" />
  <attribute name="IntegralH" value="112.000000" />
  <attribute name="DerivativeT" value="19.000000" />
  <attribute name="DerivativeI" value="19.000000" />
  <attribute name="DerivativeH" value="19.000000" />
  <attribute name="Loop Time for DT" value="2.000000" />
  <attribute name="Output H" value="8388608"/>
  <attribute name="Output I" value="200"/>
  <attribute name="Output T" value="16"/>
  <attribute name="Target GC Util Change" value ="80.000000" />
  <attribute name="Current GC Util Change" value="192.000000"/>
  <attribute name="GC Util currently" value="192" />
  <attribute name="CPU Util currently" value="726923796642" />
<exclusive-end id="522" timestamp="2019-08-11T06:20:38.531" durationms="18.045" />

<exclusive-start id="523" timestamp="2019-08-11T06:20:38.650" intervalms="137.713">
  <response-info timems="0.019" idlems="0.019" threads="0" lastid="0000000001E02F00" lastname="main" />
</exclusive-start>
<allocation-taxation id="524" taxation-threshold="6291456" timestamp="2019-08-11T06:20:38.650" intervalms="137.716" />
<cycle-start id="525" type="partial gc" contextid="0" timestamp="2019-08-11T06:20:38.650" intervalms="236.248" />
<gc-start id="526" type="partial gc" contextid="525" timestamp="2019-08-11T06:20:38.651">
  <mem-info id="527" free="0" total="31457280" percent="0">
    <mem type="eden" free="0" total="12582912" percent="0" />
    <remembered-set count="9504" freebytes="1219584" totalbytes="1257600" percent="96" regionsoverflowed="0" regionsstable="0" regionsrebuilding="0"/>
  </mem-info>
</gc-start>
<allocation-stats totalBytes="12579736" >
  <allocated-bytes non-tlh="261040" tlh="12318696" arrayletleaf="0"/>
  <largest-consumer threadName="main" threadId="0000000001E02F00" bytes="6285136" />
</allocation-stats>
<gc-op id="528" type="sweep" timems="2.384" contextid="525" timestamp="2019-08-11T06:20:38.653" />
<gc-op id="529" type="mark" timems="7.827" contextid="525" timestamp="2019-08-11T06:20:38.662">
  <trace-info objectcount="14326" scancount="12913" scanbytes="517940" />
  <cardclean-info objects="1047" bytes="66428" />
  <remembered-set-cleared processed="6340" cleared="1175" durationms="0.155" />
  <references type="soft" candidates="295" cleared="0" enqueued="0" dynamicThreshold="6" maxThreshold="32" />
  <references type="weak" candidates="512" cleared="8" enqueued="7" />
  <references type="phantom" candidates="1" cleared="0" enqueued="0" />
  <stringconstants candidates="8320" cleared="0"  />
  <warning details="Mark invoked due to insufficient free space for Copy-Forward" />
</gc-op>
<gc-op id="530" type="classunload" timems="0.006" contextid="525" timestamp="2019-08-11T06:20:38.662">
  <classunload-info classloadercandidates="14" classloadersunloaded="0" classesunloaded="0" anonymousclassesunloaded="0" quiescems="0.000" setupms="0.006" scanms="0.000" postms="0.000" />
</gc-op>
<gc-op id="531" type="sweep" timems="2.868" contextid="525" timestamp="2019-08-11T06:20:38.665" />
<gc-op id="532" type="compact" timems="7.318" contextid="525" timestamp="2019-08-11T06:20:38.673">
  <compact-info movecount="31574" movebytes="1950120" />
  <remembered-set-cleared processed="12559" cleared="5723" durationms="0.155" />
</gc-op>
<gc-end id="533" type="partial gc" contextid="525" durationms="22.349" usertimems="52.086" systemtimems="0.000" timestamp="2019-08-11T06:20:38.673" activeThreads="16">
  <mem-info id="534" free="12582912" total="31457280" percent="40">
    <mem type="eden" free="1266504" total="2097152" percent="60" />
    <pending-finalizers system="0" default="0" reference="7" classloader="0" />
    <remembered-set count="10400" freebytes="1216000" totalbytes="1257600" percent="96" regionsoverflowed="0" regionsstable="0" regionsrebuilding="0"/>
  </mem-info>
</gc-end>
<cycle-end id="535" type="partial gc" contextid="525" timestamp="2019-08-11T06:20:38.673" />
  <attribute name="elasticGC enabled" value="1" />
  <attribute name= "numThreadsSpecified" value="16" />
  <attribute name="heapSize specified" value="0" />
  <attribute name="Current GC Util" value="122" />
  <attribute name= "Current Time Running" value="149858" />
  <attribute name ="GC Interval" value="0" />
  <attribute name="ProportionalT" value="21.000000" />
  <attribute name="ProportionalI" value="21.000000" />
  <attribute name="ProportionalH" value="21.000000" />
  <attribute name="Current Error" value="42.000000" />
  <attribute name="IntegralT" value="63.000000" />
  <attribute name="IntegralI" value="63.000000" />
  <attribute name="IntegralH" value="63.000000" />
  <attribute name="DerivativeT" value="-32.666667" />
  <attribute name="DerivativeI" value="-32.666667" />
  <attribute name="DerivativeH" value="-32.666667" />
  <attribute name="Loop Time for DT" value="3.000000" />
  <attribute name="Output H" value="8388608"/>
  <attribute name="Output I" value="200"/>
  <attribute name="Output T" value="16"/>
  <attribute name="Target GC Util Change" value ="80.000000" />
  <attribute name="Current GC Util Change" value="122.000000"/>
  <attribute name="GC Util currently" value="122" />
  <attribute name="CPU Util currently" value="379344204787" />
<exclusive-end id="536" timestamp="2019-08-11T06:20:38.673" durationms="22.976" />

<exclusive-start id="537" timestamp="2019-08-11T06:20:38.713" intervalms="62.430">
  <response-info timems="0.069" idlems="0.069" threads="0" lastid="0000000001E02F00" lastname="main" />
</exclusive-start>
<allocation-taxation id="538" taxation-threshold="6291456" timestamp="2019-08-11T06:20:38.713" intervalms="62.425" />
<cycle-start id="539" type="global mark phase" contextid="0" timestamp="2019-08-11T06:20:38.713" intervalms="393.359" />
<gc-start id="540" type="global mark phase" contextid="539" timestamp="2019-08-11T06:20:38.713">
  <mem-info id="541" free="6291456" total="31457280" percent="20">
    <remembered-set count="10400" freebytes="1216000" totalbytes="1257600" percent="96" regionsoverflowed="0" regionsstable="0" regionsrebuilding="0"/>
  </mem-info>
</gc-start>
<gc-op id="542" type="mark increment" timems="2.341" contextid="539" timestamp="2019-08-11T06:20:38.715">
  <trace-info objectcount="172" scancount="0" scanbytes="0" />
</gc-op>
<gc-end id="543" type="global mark phase" contextid="539" durationms="2.394" usertimems="4.080" systemtimems="0.000" timestamp="2019-08-11T06:20:38.715" activeThreads="16">
  <mem-info id="544" free="6291456" total="31457280" percent="20">
    <remembered-set count="10400" freebytes="1216000" totalbytes="1257600" percent="96" regionsoverflowed="0" regionsstable="0" regionsrebuilding="0"/>
  </mem-info>
</gc-end>
<concurrent-start id="545" type="GMP work packet processing" contextid="539" timestamp="2019-08-11T06:20:38.715">
  <concurrent-mark-start scanTarget="18446744073709551615" />
</concurrent-start>
<exclusive-end id="546" timestamp="2019-08-11T06:20:38.715" durationms="2.616" />

<concurrent-end id="547" type="GMP work packet processing" contextid="539" timestamp="2019-08-11T06:20:38.718">
  <concurrent-mark-end bytesScanned="1944296" reasonForTermination="Completed all work in GC phase" />
</concurrent-end>

<exclusive-start id="548" timestamp="2019-08-11T06:20:38.780" intervalms="67.402">
  <response-info timems="0.009" idlems="0.009" threads="0" lastid="0000000001E02F00" lastname="main" />
</exclusive-start>
<sys-start reason="explicit" id="549" timestamp="2019-08-11T06:20:38.780" intervalms="149796.426" />
<cycle-continue id="550" oldtype="global mark phase" newtype="global garbage collect" contextid="539" timestamp="2019-08-11T06:20:38.780" />
  <attribute name="elasticGC enabled" value="1" />
  <attribute name= "numThreadsSpecified" value="16" />
  <attribute name="heapSize specified" value="0" />
  <attribute name="Current GC Util" value="159" />
  <attribute name= "Current Time Running" value="149908" />
  <attribute name ="GC Interval" value="0" />
  <attribute name="ProportionalT" value="39.500000" />
  <attribute name="ProportionalI" value="39.500000" />
  <attribute name="ProportionalH" value="39.500000" />
  <attribute name="IntegralT" value="79.000000" />
  <attribute name="IntegralI" value="79.000000" />
  <attribute name="IntegralH" value="79.000000" />
  <attribute name="DerivativeT" value="-1.000000" />
  <attribute name="DerivativeI" value="-1.000000" />
  <attribute name="DerivativeH" value="-1.000000" />
  <attribute name="Current Error" value="79.000000" />
  <attribute name="Target GC Util Change" value ="80.000000" />
  <attribute name="Current GC Util Change" value="159.000000"/>
  <attribute name="Loop Time for DT" value="2.000000" />
  <attribute name="Output H" value="8388608"/>
  <attribute name="Output I" value="200"/>
  <attribute name="Output T" value="16"/>
  <attribute name="GC Util currently" value="159" />
  <attribute name="CPU Util currently" value="738979289826" />
<gc-start id="551" type="global garbage collect" contextid="539" timestamp="2019-08-11T06:20:38.781">
  <mem-info id="552" free="2669568" total="31457280" percent="8">
    <mem type="eden" free="693008" total="10485760" percent="6" />
    <remembered-set count="10400" freebytes="1216000" totalbytes="1257600" percent="96" regionsoverflowed="0" regionsstable="0" regionsrebuilding="0"/>
  </mem-info>
</gc-start>
<allocation-stats totalBytes="9772320" >
  <allocated-bytes non-tlh="433728" tlh="9338592" arrayletleaf="0"/>
  <largest-consumer threadName="main" threadId="0000000001E02F00" bytes="3620656" />
</allocation-stats>
<gc-op id="553" type="global mark" timems="11.714" contextid="539" timestamp="2019-08-11T06:20:38.792">
  <trace-info objectcount="5263" scancount="4923" scanbytes="174684" />
  <cardclean-info objects="2191" bytes="104120" />
  <finalization candidates="80" enqueued="0" />
  <ownableSynchronizers candidates="21" cleared="0" />
  <references type="soft" candidates="1630" cleared="0" enqueued="0" dynamicThreshold="6" maxThreshold="32" />
  <references type="weak" candidates="4526" cleared="22" enqueued="20" />
  <references type="phantom" candidates="95" cleared="0" enqueued="0" />
  <stringconstants candidates="8698" cleared="15"  />
</gc-op>
<gc-op id="554" type="classunload" timems="0.419" contextid="539" timestamp="2019-08-11T06:20:38.793">
  <classunload-info classloadercandidates="17" classloadersunloaded="1" classesunloaded="1" anonymousclassesunloaded="0" quiescems="0.000" setupms="0.404" scanms="0.010" postms="0.004" />
</gc-op>
<gc-op id="555" type="sweep" timems="1.798" contextid="539" timestamp="2019-08-11T06:20:38.795" />
<gc-op id="556" type="compact" timems="11.016" contextid="539" timestamp="2019-08-11T06:20:38.806">
  <compact-info movecount="72263" movebytes="4422920" />
  <remembered-set-cleared processed="12090" cleared="12090" durationms="0.148" />
</gc-op>
<gc-end id="557" type="global garbage collect" contextid="539" durationms="25.645" usertimems="57.164" systemtimems="0.000" timestamp="2019-08-11T06:20:38.806" activeThreads="16">
  <mem-info id="558" free="12582912" total="31457280" percent="40">
    <pending-finalizers system="0" default="0" reference="20" classloader="0" />
    <remembered-set count="10240" freebytes="1216640" totalbytes="1257600" percent="96" regionsoverflowed="0" regionsstable="0" regionsrebuilding="0"/>
  </mem-info>
</gc-end>
<cycle-end id="559" type="global garbage collect" contextid="539" timestamp="2019-08-11T06:20:38.806" />
  <attribute name="elasticGC enabled" value="1" />
  <attribute name= "numThreadsSpecified" value="16" />
  <attribute name="heapSize specified" value="0" />
  <attribute name="Current GC Util" value="118" />
  <attribute name= "Current Time Running" value="149987" />
  <attribute name ="GC Interval" value="0" />
  <attribute name="ProportionalT" value="19.000000" />
  <attribute name="ProportionalI" value="19.000000" />
  <attribute name="ProportionalH" value="19.000000" />
  <attribute name="Current Error" value="38.000000" />
  <attribute name="IntegralT" value="19.000000" />
  <attribute name="IntegralI" value="19.000000" />
  <attribute name="IntegralH" value="19.000000" />
  <attribute name="DerivativeT" value="-58.000000" />
  <attribute name="DerivativeI" value="-58.000000" />
  <attribute name="DerivativeH" value="-58.000000" />
  <attribute name="Loop Time for DT" value="1.000000" />
  <attribute name="Output H" value="4202627072"/>
  <attribute name="Output I" value="200"/>
  <attribute name="Output T" value="16"/>
  <attribute name="Target GC Util Change" value ="80.000000" />
  <attribute name="Current GC Util Change" value="118.000000"/>
  <attribute name="GC Util currently" value="118" />
  <attribute name="CPU Util currently" value="598589400282" />
<sys-end id="560" timestamp="2019-08-11T06:20:38.806" />
<exclusive-end id="561" timestamp="2019-08-11T06:20:38.806" durationms="26.239" />

===== DaCapo 9.12-MR1 jython starting =====
<exclusive-start id="562" timestamp="2019-08-11T06:20:38.887" intervalms="107.178">
  <response-info timems="0.025" idlems="0.025" threads="0" lastid="0000000001E02F00" lastname="main" />
</exclusive-start>
<allocation-taxation id="563" taxation-threshold="12582912" timestamp="2019-08-11T06:20:38.887" intervalms="174.592" />
<cycle-start id="564" type="partial gc" contextid="0" timestamp="2019-08-11T06:20:38.887" intervalms="237.047" />
<gc-start id="565" type="partial gc" contextid="564" timestamp="2019-08-11T06:20:38.888">
  <mem-info id="566" free="0" total="31457280" percent="0">
    <mem type="eden" free="0" total="12582912" percent="0" />
    <remembered-set count="10080" freebytes="1217280" totalbytes="1257600" percent="96" regionsoverflowed="0" regionsstable="0" regionsrebuilding="0"/>
  </mem-info>
</gc-start>
<allocation-stats totalBytes="12581240" >
  <allocated-bytes non-tlh="528544" tlh="12052696" arrayletleaf="0"/>
  <largest-consumer threadName="main" threadId="0000000001E02F00" bytes="12572992" />
</allocation-stats>
<gc-op id="567" type="mark" timems="9.739" contextid="564" timestamp="2019-08-11T06:20:38.899">
  <trace-info objectcount="23178" scancount="20745" scanbytes="875344" />
  <cardclean-info objects="345" bytes="14788" />
  <remembered-set-cleared processed="6829" cleared="65" durationms="0.493" />
  <references type="soft" candidates="2" cleared="0" enqueued="0" dynamicThreshold="12" maxThreshold="32" />
  <references type="weak" candidates="8" cleared="4" enqueued="4" />
  <references type="phantom" candidates="5" cleared="1" enqueued="1" />
  <stringconstants candidates="8697" cleared="0"  />
  <warning details="Mark invoked due to insufficient free space for Copy-Forward" />
</gc-op>
<gc-op id="568" type="classunload" timems="0.009" contextid="564" timestamp="2019-08-11T06:20:38.899">
  <classunload-info classloadercandidates="16" classloadersunloaded="0" classesunloaded="0" anonymousclassesunloaded="0" quiescems="0.000" setupms="0.008" scanms="0.000" postms="0.000" />
</gc-op>
<gc-op id="569" type="sweep" timems="2.055" contextid="564" timestamp="2019-08-11T06:20:38.901" />
<gc-op id="570" type="compact" timems="6.038" contextid="564" timestamp="2019-08-11T06:20:38.907">
  <compact-info movecount="23178" movebytes="1553784" />
  <remembered-set-cleared processed="17322" cleared="3780" durationms="0.493" />
</gc-op>
<heap-resize id="571" type="expand" space="default" amount="2097152" count="1" timems="0.056" reason="insufficient free space following gc" timestamp="2019-08-11T06:20:38.908" />
<gc-end id="572" type="partial gc" contextid="564" durationms="19.894" usertimems="42.135" systemtimems="0.000" timestamp="2019-08-11T06:20:38.908" activeThreads="16">
  <mem-info id="573" free="12582912" total="33554432" percent="37">
    <mem type="eden" free="543368" total="2097152" percent="25" />
    <pending-finalizers system="0" default="0" reference="5" classloader="0" />
    <remembered-set count="12768" freebytes="1290368" totalbytes="1341440" percent="96" regionsoverflowed="0" regionsstable="0" regionsrebuilding="0"/>
  </mem-info>
</gc-end>
<cycle-end id="574" type="partial gc" contextid="564" timestamp="2019-08-11T06:20:38.908" />
  <attribute name="elasticGC enabled" value="1" />
  <attribute name= "numThreadsSpecified" value="16" />
  <attribute name="heapSize specified" value="0" />
  <attribute name="Current GC Util" value="125" />
  <attribute name= "Current Time Running" value="150094" />
  <attribute name ="GC Interval" value="0" />
  <attribute name="ProportionalT" value="22.500000" />
  <attribute name="ProportionalI" value="22.500000" />
  <attribute name="ProportionalH" value="22.500000" />
  <attribute name="Current Error" value="45.000000" />
  <attribute name="IntegralT" value="45.000000" />
  <attribute name="IntegralI" value="45.000000" />
  <attribute name="IntegralH" value="45.000000" />
  <attribute name="DerivativeT" value="-21.000000" />
  <attribute name="DerivativeI" value="-21.000000" />
  <attribute name="DerivativeH" value="-21.000000" />
  <attribute name="Loop Time for DT" value="2.000000" />
  <attribute name="Output H" value="8388608"/>
  <attribute name="Output I" value="200"/>
  <attribute name="Output T" value="16"/>
  <attribute name="Target GC Util Change" value ="80.000000" />
  <attribute name="Current GC Util Change" value="125.000000"/>
  <attribute name="GC Util currently" value="125" />
  <attribute name="CPU Util currently" value="524149809991" />
<exclusive-end id="575" timestamp="2019-08-11T06:20:38.908" durationms="20.595" />

<exclusive-start id="576" timestamp="2019-08-11T06:20:39.202" intervalms="315.223">
  <response-info timems="0.043" idlems="0.043" threads="0" lastid="0000000001E02F00" lastname="main" />
</exclusive-start>
<allocation-taxation id="577" taxation-threshold="12582912" timestamp="2019-08-11T06:20:39.203" intervalms="315.216" />
<cycle-start id="578" type="partial gc" contextid="0" timestamp="2019-08-11T06:20:39.203" intervalms="315.185" />
<gc-start id="579" type="partial gc" contextid="578" timestamp="2019-08-11T06:20:39.203">
  <mem-info id="580" free="0" total="33554432" percent="0">
    <mem type="eden" free="0" total="12582912" percent="0" />
    <remembered-set count="12768" freebytes="1290368" totalbytes="1341440" percent="96" regionsoverflowed="0" regionsstable="0" regionsrebuilding="0"/>
  </mem-info>
</gc-start>
<allocation-stats totalBytes="12579464" >
  <allocated-bytes non-tlh="625728" tlh="11953736" arrayletleaf="0"/>
  <largest-consumer threadName="main" threadId="0000000001E02F00" bytes="12579464" />
</allocation-stats>
<gc-op id="581" type="mark" timems="3.660" contextid="578" timestamp="2019-08-11T06:20:39.207">
  <trace-info objectcount="16678" scancount="12269" scanbytes="395784" />
  <cardclean-info objects="750" bytes="51116" />
  <remembered-set-cleared processed="8742" cleared="2143" durationms="0.254" />
  <references type="soft" candidates="91" cleared="0" enqueued="0" dynamicThreshold="12" maxThreshold="32" />
  <references type="weak" candidates="173" cleared="19" enqueued="16" />
  <references type="phantom" candidates="4" cleared="0" enqueued="0" />
  <stringconstants candidates="11013" cleared="0"  />
  <warning details="Mark invoked due to insufficient free space for Copy-Forward" />
</gc-op>
<gc-op id="582" type="classunload" timems="0.010" contextid="578" timestamp="2019-08-11T06:20:39.207">
  <classunload-info classloadercandidates="18" classloadersunloaded="0" classesunloaded="0" anonymousclassesunloaded="0" quiescems="0.000" setupms="0.009" scanms="0.000" postms="0.000" />
</gc-op>
<gc-op id="583" type="sweep" timems="2.439" contextid="578" timestamp="2019-08-11T06:20:39.210" />
<gc-op id="584" type="compact" timems="9.552" contextid="578" timestamp="2019-08-11T06:20:39.220">
  <compact-info movecount="16678" movebytes="1230696" />
  <remembered-set-cleared processed="18326" cleared="5095" durationms="0.254" />
</gc-op>
<heap-resize id="585" type="expand" space="default" amount="6291456" count="1" timems="0.085" reason="insufficient free space following gc" timestamp="2019-08-11T06:20:39.220" />
<gc-end id="586" type="partial gc" contextid="578" durationms="17.090" usertimems="48.510" systemtimems="0.000" timestamp="2019-08-11T06:20:39.220" activeThreads="16">
  <mem-info id="587" free="16777216" total="39845888" percent="42">
    <mem type="eden" free="1164032" total="2097152" percent="55" />
    <pending-finalizers system="0" default="0" reference="16" classloader="0" />
    <remembered-set count="13312" freebytes="1539712" totalbytes="1592960" percent="96" regionsoverflowed="0" regionsstable="0" regionsrebuilding="0"/>
  </mem-info>
</gc-end>
<cycle-end id="588" type="partial gc" contextid="578" timestamp="2019-08-11T06:20:39.220" />
  <attribute name="elasticGC enabled" value="1" />
  <attribute name= "numThreadsSpecified" value="16" />
  <attribute name="heapSize specified" value="0" />
  <attribute name="Current GC Util" value="126" />
  <attribute name= "Current Time Running" value="150403" />
  <attribute name ="GC Interval" value="0" />
  <attribute name="ProportionalT" value="23.000000" />
  <attribute name="ProportionalI" value="23.000000" />
  <attribute name="ProportionalH" value="23.000000" />
  <attribute name="Current Error" value="46.000000" />
  <attribute name="IntegralT" value="69.000000" />
  <attribute name="IntegralI" value="69.000000" />
  <attribute name="IntegralH" value="69.000000" />
  <attribute name="DerivativeT" value="15.333333" />
  <attribute name="DerivativeI" value="15.333333" />
  <attribute name="DerivativeH" value="15.333333" />
  <attribute name="Loop Time for DT" value="3.000000" />
  <attribute name="Output H" value="8388608"/>
  <attribute name="Output I" value="200"/>
  <attribute name="Output T" value="16"/>
  <attribute name="Target GC Util Change" value ="80.000000" />
  <attribute name="Current GC Util Change" value="126.000000"/>
  <attribute name="GC Util currently" value="126" />
  <attribute name="CPU Util currently" value="444025484236" />
<exclusive-end id="589" timestamp="2019-08-11T06:20:39.220" durationms="17.778" />

<exclusive-start id="590" timestamp="2019-08-11T06:20:39.302" intervalms="99.645">
  <response-info timems="0.091" idlems="0.091" threads="0" lastid="0000000001E02F00" lastname="main" />
</exclusive-start>
<allocation-taxation id="591" taxation-threshold="16777216" timestamp="2019-08-11T06:20:39.302" intervalms="99.652" />
<cycle-start id="592" type="partial gc" contextid="0" timestamp="2019-08-11T06:20:39.302" intervalms="99.665" />
<gc-start id="593" type="partial gc" contextid="592" timestamp="2019-08-11T06:20:39.303">
  <mem-info id="594" free="0" total="39845888" percent="0">
    <mem type="eden" free="0" total="16777216" percent="0" />
    <remembered-set count="13312" freebytes="1539712" totalbytes="1592960" percent="96" regionsoverflowed="0" regionsstable="0" regionsrebuilding="0"/>
  </mem-info>
</gc-start>
<allocation-stats totalBytes="16775176" >
  <allocated-bytes non-tlh="283272" tlh="16491904" arrayletleaf="0"/>
  <largest-consumer threadName="main" threadId="0000000001E02F00" bytes="16771080" />
</allocation-stats>
<gc-op id="595" type="mark" timems="12.336" contextid="592" timestamp="2019-08-11T06:20:39.316">
  <trace-info objectcount="29105" scancount="23550" scanbytes="890076" />
  <cardclean-info objects="681" bytes="49036" />
  <remembered-set-cleared processed="7781" cleared="1078" durationms="0.106" />
  <references type="soft" candidates="90" cleared="0" enqueued="0" dynamicThreshold="13" maxThreshold="32" />
  <references type="weak" candidates="168" cleared="0" enqueued="0" />
  <references type="phantom" candidates="1" cleared="0" enqueued="0" />
  <stringconstants candidates="11076" cleared="0"  />
  <warning details="Mark invoked due to insufficient free space for Copy-Forward" />
</gc-op>
<gc-op id="596" type="classunload" timems="0.009" contextid="592" timestamp="2019-08-11T06:20:39.316">
  <classunload-info classloadercandidates="19" classloadersunloaded="0" classesunloaded="0" anonymousclassesunloaded="0" quiescems="0.000" setupms="0.008" scanms="0.000" postms="0.000" />
</gc-op>
<gc-op id="597" type="sweep" timems="2.238" contextid="592" timestamp="2019-08-11T06:20:39.319" />
<gc-op id="598" type="compact" timems="11.992" contextid="592" timestamp="2019-08-11T06:20:39.331">
  <compact-info movecount="28037" movebytes="1471976" />
  <remembered-set-cleared processed="19376" cleared="5925" durationms="0.145" />
</gc-op>
<heap-resize id="599" type="expand" space="default" amount="4194304" count="1" timems="0.126" reason="insufficient free space following gc" timestamp="2019-08-11T06:20:39.331" />
<gc-end id="600" type="partial gc" contextid="592" durationms="28.608" usertimems="68.381" systemtimems="0.000" timestamp="2019-08-11T06:20:39.331" activeThreads="16">
  <mem-info id="601" free="18874368" total="44040192" percent="42">
    <mem type="eden" free="1078048" total="2097152" percent="51" />
    <remembered-set count="16448" freebytes="1694848" totalbytes="1760640" percent="96" regionsoverflowed="0" regionsstable="0" regionsrebuilding="0"/>
  </mem-info>
</gc-end>
<cycle-end id="602" type="partial gc" contextid="592" timestamp="2019-08-11T06:20:39.331" />
  <attribute name="elasticGC enabled" value="1" />
  <attribute name= "numThreadsSpecified" value="16" />
  <attribute name="heapSize specified" value="0" />
  <attribute name="Current GC Util" value="176" />
  <attribute name= "Current Time Running" value="150511" />
  <attribute name ="GC Interval" value="0" />
  <attribute name="ProportionalT" value="48.000000" />
  <attribute name="ProportionalI" value="48.000000" />
  <attribute name="ProportionalH" value="48.000000" />
  <attribute name="Current Error" value="96.000000" />
  <attribute name="IntegralT" value="96.000000" />
  <attribute name="IntegralI" value="96.000000" />
  <attribute name="IntegralH" value="96.000000" />
  <attribute name="DerivativeT" value="-13.500000" />
  <attribute name="DerivativeI" value="-13.500000" />
  <attribute name="DerivativeH" value="-13.500000" />
  <attribute name="Loop Time for DT" value="2.000000" />
  <attribute name="Output H" value="8388608"/>
  <attribute name="Output I" value="200"/>
  <attribute name="Output T" value="16"/>
  <attribute name="Target GC Util Change" value ="80.000000" />
  <attribute name="Current GC Util Change" value="176.000000"/>
  <attribute name="GC Util currently" value="176" />
  <attribute name="CPU Util currently" value="476685669479" />
<exclusive-end id="603" timestamp="2019-08-11T06:20:39.331" durationms="29.231" />

<exclusive-start id="604" timestamp="2019-08-11T06:20:39.449" intervalms="147.258">
  <response-info timems="0.055" idlems="0.055" threads="0" lastid="0000000001E02F00" lastname="main" />
</exclusive-start>
<allocation-taxation id="605" taxation-threshold="18874368" timestamp="2019-08-11T06:20:39.449" intervalms="147.257" />
<cycle-start id="606" type="partial gc" contextid="0" timestamp="2019-08-11T06:20:39.450" intervalms="147.243" />
<gc-start id="607" type="partial gc" contextid="606" timestamp="2019-08-11T06:20:39.450">
  <mem-info id="608" free="0" total="44040192" percent="0">
    <mem type="eden" free="0" total="18874368" percent="0" />
    <remembered-set count="16352" freebytes="1695232" totalbytes="1760640" percent="96" regionsoverflowed="0" regionsstable="0" regionsrebuilding="0"/>
  </mem-info>
</gc-start>
<allocation-stats totalBytes="18871816" >
  <allocated-bytes non-tlh="417072" tlh="18454744" arrayletleaf="0"/>
  <largest-consumer threadName="main" threadId="0000000001E02F00" bytes="18871816" />
</allocation-stats>
<gc-op id="609" type="mark" timems="7.593" contextid="606" timestamp="2019-08-11T06:20:39.459">
  <trace-info objectcount="20265" scancount="18326" scanbytes="815728" />
  <cardclean-info objects="443" bytes="32788" />
  <remembered-set-cleared processed="9015" cleared="1587" durationms="0.136" />
  <references type="soft" candidates="12" cleared="0" enqueued="0" dynamicThreshold="13" maxThreshold="32" />
  <references type="weak" candidates="267" cleared="0" enqueued="0" />
  <references type="phantom" candidates="1" cleared="0" enqueued="0" />
  <stringconstants candidates="11326" cleared="0"  />
  <warning details="Mark invoked due to insufficient free space for Copy-Forward" />
</gc-op>
<gc-op id="610" type="classunload" timems="0.008" contextid="606" timestamp="2019-08-11T06:20:39.459">
  <classunload-info classloadercandidates="21" classloadersunloaded="0" classesunloaded="0" anonymousclassesunloaded="0" quiescems="0.000" setupms="0.007" scanms="0.000" postms="0.000" />
</gc-op>
<gc-op id="611" type="sweep" timems="1.794" contextid="606" timestamp="2019-08-11T06:20:39.461" />
<gc-op id="612" type="compact" timems="5.863" contextid="606" timestamp="2019-08-11T06:20:39.467">
  <compact-info movecount="20039" movebytes="1195528" />
  <remembered-set-cleared processed="20039" cleared="5157" durationms="0.165" />
</gc-op>
<gc-end id="613" type="partial gc" contextid="606" durationms="16.990" usertimems="45.472" systemtimems="0.000" timestamp="2019-08-11T06:20:39.467" activeThreads="16">
  <mem-info id="614" free="16777216" total="44040192" percent="38">
    <mem type="eden" free="922592" total="2097152" percent="43" />
    <remembered-set count="15360" freebytes="1699200" totalbytes="1760640" percent="96" regionsoverflowed="0" regionsstable="0" regionsrebuilding="0"/>
  </mem-info>
</gc-end>
<cycle-end id="615" type="partial gc" contextid="606" timestamp="2019-08-11T06:20:39.467" />
  <attribute name="elasticGC enabled" value="1" />
  <attribute name= "numThreadsSpecified" value="16" />
  <attribute name="heapSize specified" value="0" />
  <attribute name="Current GC Util" value="187" />
  <attribute name= "Current Time Running" value="150653" />
  <attribute name ="GC Interval" value="0" />
  <attribute name="ProportionalT" value="53.500000" />
  <attribute name="ProportionalI" value="53.500000" />
  <attribute name="ProportionalH" value="53.500000" />
  <attribute name="Current Error" value="107.000000" />
  <attribute name="IntegralT" value="107.000000" />
  <attribute name="IntegralI" value="107.000000" />
  <attribute name="IntegralH" value="107.000000" />
  <attribute name="DerivativeT" value="-22.000000" />
  <attribute name="DerivativeI" value="-22.000000" />
  <attribute name="DerivativeH" value="-22.000000" />
  <attribute name="Loop Time for DT" value="2.000000" />
  <attribute name="Output H" value="8388608"/>
  <attribute name="Output I" value="200"/>
  <attribute name="Output T" value="16"/>
  <attribute name="Target GC Util Change" value ="80.000000" />
  <attribute name="Current GC Util Change" value="187.000000"/>
  <attribute name="GC Util currently" value="187" />
  <attribute name="CPU Util currently" value="595298983053" />
<exclusive-end id="616" timestamp="2019-08-11T06:20:39.467" durationms="17.674" />

<exclusive-start id="617" timestamp="2019-08-11T06:20:39.573" intervalms="123.593">
  <response-info timems="0.057" idlems="0.057" threads="0" lastid="0000000001E02F00" lastname="main" />
</exclusive-start>
<allocation-taxation id="618" taxation-threshold="16777216" timestamp="2019-08-11T06:20:39.573" intervalms="123.592" />
<cycle-start id="619" type="partial gc" contextid="0" timestamp="2019-08-11T06:20:39.573" intervalms="123.607" />
<gc-start id="620" type="partial gc" contextid="619" timestamp="2019-08-11T06:20:39.573">
  <mem-info id="621" free="0" total="44040192" percent="0">
    <mem type="eden" free="0" total="16777216" percent="0" />
    <remembered-set count="15200" freebytes="1699840" totalbytes="1760640" percent="96" regionsoverflowed="0" regionsstable="0" regionsrebuilding="0"/>
  </mem-info>
</gc-start>
<allocation-stats totalBytes="16773216" >
  <allocated-bytes non-tlh="224512" tlh="16548704" arrayletleaf="0"/>
  <largest-consumer threadName="main" threadId="0000000001E02F00" bytes="16773216" />
</allocation-stats>
<gc-op id="622" type="mark" timems="8.766" contextid="619" timestamp="2019-08-11T06:20:39.583">
  <trace-info objectcount="8162" scancount="7254" scanbytes="262572" />
  <cardclean-info objects="611" bytes="40428" />
  <remembered-set-cleared processed="9346" cleared="1817" durationms="0.244" />
  <references type="soft" candidates="35" cleared="0" enqueued="0" dynamicThreshold="12" maxThreshold="32" />
  <references type="weak" candidates="457" cleared="2" enqueued="2" />
  <stringconstants candidates="11544" cleared="0"  />
  <warning details="Mark invoked due to insufficient free space for Copy-Forward" />
</gc-op>
<gc-op id="623" type="classunload" timems="0.011" contextid="619" timestamp="2019-08-11T06:20:39.583">
  <classunload-info classloadercandidates="22" classloadersunloaded="0" classesunloaded="0" anonymousclassesunloaded="0" quiescems="0.000" setupms="0.010" scanms="0.000" postms="0.000" />
</gc-op>
<gc-op id="624" type="sweep" timems="3.108" contextid="619" timestamp="2019-08-11T06:20:39.586" />
<gc-op id="625" type="compact" timems="7.064" contextid="619" timestamp="2019-08-11T06:20:39.594">
  <compact-info movecount="7958" movebytes="313392" />
  <remembered-set-cleared processed="20211" cleared="5099" durationms="0.359" />
</gc-op>
<heap-resize id="626" type="expand" space="default" amount="4194304" count="1" timems="0.090" reason="insufficient free space following gc" timestamp="2019-08-11T06:20:39.594" />
<gc-end id="627" type="partial gc" contextid="619" durationms="20.915" usertimems="50.096" systemtimems="0.000" timestamp="2019-08-11T06:20:39.594" activeThreads="16">
  <mem-info id="628" free="18874368" total="48234496" percent="39">
    <mem type="eden" free="1832928" total="2097152" percent="87" />
    <pending-finalizers system="0" default="0" reference="2" classloader="0" />
    <remembered-set count="15008" freebytes="1868288" totalbytes="1928320" percent="96" regionsoverflowed="0" regionsstable="0" regionsrebuilding="0"/>
  </mem-info>
</gc-end>
<cycle-end id="629" type="partial gc" contextid="619" timestamp="2019-08-11T06:20:39.594" />
  <attribute name="elasticGC enabled" value="1" />
  <attribute name= "numThreadsSpecified" value="16" />
  <attribute name="heapSize specified" value="0" />
  <attribute name="Current GC Util" value="256" />
  <attribute name= "Current Time Running" value="150779" />
  <attribute name ="GC Interval" value="0" />
  <attribute name="ProportionalT" value="88.000000" />
  <attribute name="ProportionalI" value="88.000000" />
  <attribute name="ProportionalH" value="88.000000" />
  <attribute name="Current Error" value="176.000000" />
  <attribute name="IntegralT" value="264.000000" />
  <attribute name="IntegralI" value="264.000000" />
  <attribute name="IntegralH" value="264.000000" />
  <attribute name="DerivativeT" value="15.333333" />
  <attribute name="DerivativeI" value="15.333333" />
  <attribute name="DerivativeH" value="15.333333" />
  <attribute name="Loop Time for DT" value="3.000000" />
  <attribute name="Output H" value="8388608"/>
  <attribute name="Output I" value="368"/>
  <attribute name="Output T" value="16"/>
  <attribute name="Target GC Util Change" value ="80.000000" />
  <attribute name="Current GC Util Change" value="256.000000"/>
  <attribute name="GC Util currently" value="256" />
  <attribute name="CPU Util currently" value="321686761603" />
<exclusive-end id="630" timestamp="2019-08-11T06:20:39.594" durationms="21.501" />

<exclusive-start id="631" timestamp="2019-08-11T06:20:39.748" intervalms="174.552">
  <response-info timems="0.018" idlems="0.018" threads="0" lastid="0000000001E02F00" lastname="main" />
</exclusive-start>
<allocation-taxation id="632" taxation-threshold="18874368" timestamp="2019-08-11T06:20:39.748" intervalms="174.550" />
<cycle-start id="633" type="partial gc" contextid="0" timestamp="2019-08-11T06:20:39.748" intervalms="174.535" />
<gc-start id="634" type="partial gc" contextid="633" timestamp="2019-08-11T06:20:39.748">
  <mem-info id="635" free="0" total="48234496" percent="0">
    <mem type="eden" free="0" total="18874368" percent="0" />
    <remembered-set count="15008" freebytes="1868288" totalbytes="1928320" percent="96" regionsoverflowed="0" regionsstable="0" regionsrebuilding="0"/>
  </mem-info>
</gc-start>
<allocation-stats totalBytes="18871176" >
  <allocated-bytes non-tlh="1358088" tlh="17513088" arrayletleaf="0"/>
  <largest-consumer threadName="main" threadId="0000000001E02F00" bytes="18867080" />
</allocation-stats>
<gc-op id="636" type="mark" timems="2.543" contextid="633" timestamp="2019-08-11T06:20:39.751">
  <trace-info objectcount="11803" scancount="10762" scanbytes="502476" />
  <cardclean-info objects="819" bytes="52276" />
  <remembered-set-cleared processed="9155" cleared="1368" durationms="0.233" />
  <finalization candidates="1" enqueued="1" />
  <references type="soft" candidates="50" cleared="0" enqueued="0" dynamicThreshold="12" maxThreshold="32" />
  <references type="weak" candidates="363" cleared="15" enqueued="15" />
  <references type="phantom" candidates="2" cleared="0" enqueued="0" />
  <stringconstants candidates="11801" cleared="0"  />
  <warning details="Mark invoked due to insufficient free space for Copy-Forward" />
</gc-op>
<gc-op id="637" type="classunload" timems="0.004" contextid="633" timestamp="2019-08-11T06:20:39.751">
  <classunload-info classloadercandidates="28" classloadersunloaded="0" classesunloaded="0" anonymousclassesunloaded="0" quiescems="0.000" setupms="0.004" scanms="0.000" postms="0.000" />
</gc-op>
<gc-op id="638" type="sweep" timems="2.069" contextid="633" timestamp="2019-08-11T06:20:39.754" />
<gc-op id="639" type="compact" timems="8.102" contextid="633" timestamp="2019-08-11T06:20:39.762">
  <compact-info movecount="11082" movebytes="1210608" />
  <remembered-set-cleared processed="20382" cleared="4766" durationms="0.439" />
</gc-op>
<heap-resize id="640" type="expand" space="default" amount="8388608" count="1" timems="0.093" reason="excessive time being spent in gc" timestamp="2019-08-11T06:20:39.762" />
<gc-end id="641" type="partial gc" contextid="633" durationms="14.211" usertimems="34.761" systemtimems="0.000" timestamp="2019-08-11T06:20:39.762" activeThreads="16">
  <mem-info id="642" free="25165824" total="56623104" percent="44">
    <mem type="eden" free="946896" total="2097152" percent="45" />
    <pending-finalizers system="0" default="1" reference="15" classloader="0" />
    <remembered-set count="16032" freebytes="2199552" totalbytes="2263680" percent="97" regionsoverflowed="0" regionsstable="0" regionsrebuilding="0"/>
  </mem-info>
</gc-end>
<cycle-end id="643" type="partial gc" contextid="633" timestamp="2019-08-11T06:20:39.762" />
  <attribute name="elasticGC enabled" value="1" />
  <attribute name= "numThreadsSpecified" value="16" />
  <attribute name="heapSize specified" value="0" />
  <attribute name="Current GC Util" value="149" />
  <attribute name= "Current Time Running" value="150946" />
  <attribute name ="GC Interval" value="0" />
  <attribute name="ProportionalT" value="34.500000" />
  <attribute name="ProportionalI" value="34.500000" />
  <attribute name="ProportionalH" value="34.500000" />
  <attribute name="Current Error" value="69.000000" />
  <attribute name="IntegralT" value="69.000000" />
  <attribute name="IntegralI" value="69.000000" />
  <attribute name="IntegralH" value="69.000000" />
  <attribute name="DerivativeT" value="34.500000" />
  <attribute name="DerivativeI" value="34.500000" />
  <attribute name="DerivativeH" value="34.500000" />
  <attribute name="Loop Time for DT" value="2.000000" />
  <attribute name="Output H" value="8388608"/>
  <attribute name="Output I" value="200"/>
  <attribute name="Output T" value="16"/>
  <attribute name="Target GC Util Change" value ="80.000000" />
  <attribute name="Current GC Util Change" value="149.000000"/>
  <attribute name="GC Util currently" value="149" />
  <attribute name="CPU Util currently" value="510387284631" />
<exclusive-end id="644" timestamp="2019-08-11T06:20:39.762" durationms="14.814" />

<exclusive-start id="645" timestamp="2019-08-11T06:20:39.881" intervalms="133.602">
  <response-info timems="0.019" idlems="0.019" threads="0" lastid="0000000001E02F00" lastname="main" />
</exclusive-start>
<allocation-taxation id="646" taxation-threshold="20971520" timestamp="2019-08-11T06:20:39.881" intervalms="133.599" />
<cycle-start id="647" type="partial gc" contextid="0" timestamp="2019-08-11T06:20:39.881" intervalms="133.613" />
<gc-start id="648" type="partial gc" contextid="647" timestamp="2019-08-11T06:20:39.881">
  <mem-info id="649" free="4194304" total="56623104" percent="7">
    <mem type="eden" free="0" total="20971520" percent="0" />
    <remembered-set count="16032" freebytes="2199552" totalbytes="2263680" percent="97" regionsoverflowed="0" regionsstable="0" regionsrebuilding="0"/>
  </mem-info>
</gc-start>
<allocation-stats totalBytes="20968696" >
  <allocated-bytes non-tlh="453128" tlh="20515568" arrayletleaf="0"/>
  <largest-consumer threadName="main" threadId="0000000001E02F00" bytes="20960384" />
</allocation-stats>
<gc-op id="650" type="copy forward" timems="17.964" contextid="647" timestamp="2019-08-11T06:20:39.902">
  <memory-copied type="eden" objects="5616" bytes="213352" bytesdiscarded="71320" />
  <memory-copied type="other" objects="3700" bytes="431320" bytesdiscarded="61632" />
  <memory-cardclean objects="857" bytes="56672" />
  <regions eden="10" other="1" />
  <remembered-set-cleared processed="9324" cleared="948" durationms="0.098" />
  <references type="soft" candidates="117" cleared="0" enqueued="0" dynamicThreshold="14" maxThreshold="32" />
  <references type="weak" candidates="377" cleared="0" enqueued="0" />
  <references type="phantom" candidates="1" cleared="0" enqueued="0" />
  <stringconstants candidates="12269" cleared="9"  />
</gc-op>
<gc-op id="651" type="classunload" timems="0.676" contextid="647" timestamp="2019-08-11T06:20:39.902">
  <classunload-info classloadercandidates="31" classloadersunloaded="2" classesunloaded="2" anonymousclassesunloaded="0" quiescems="0.000" setupms="0.655" scanms="0.014" postms="0.007" />
</gc-op>
<gc-end id="652" type="partial gc" contextid="647" durationms="21.124" usertimems="43.637" systemtimems="0.000" timestamp="2019-08-11T06:20:39.903" activeThreads="16">
  <mem-info id="653" free="23068672" total="56623104" percent="40">
    <mem type="eden" free="1812200" total="2097152" percent="86" />
    <remembered-set count="19328" freebytes="2186368" totalbytes="2263680" percent="96" regionsoverflowed="0" regionsstable="0" regionsrebuilding="0"/>
  </mem-info>
</gc-end>
<cycle-end id="654" type="partial gc" contextid="647" timestamp="2019-08-11T06:20:39.903" />
  <attribute name="elasticGC enabled" value="1" />
  <attribute name= "numThreadsSpecified" value="16" />
  <attribute name="heapSize specified" value="0" />
  <attribute name="Current GC Util" value="200" />
  <attribute name= "Current Time Running" value="151076" />
  <attribute name ="GC Interval" value="0" />
  <attribute name="ProportionalT" value="60.000000" />
  <attribute name="ProportionalI" value="60.000000" />
  <attribute name="ProportionalH" value="60.000000" />
  <attribute name="Current Error" value="120.000000" />
  <attribute name="IntegralT" value="120.000000" />
  <attribute name="IntegralI" value="120.000000" />
  <attribute name="IntegralH" value="120.000000" />
  <attribute name="DerivativeT" value="60.000000" />
  <attribute name="DerivativeI" value="60.000000" />
  <attribute name="DerivativeH" value="60.000000" />
  <attribute name="Loop Time for DT" value="2.000000" />
  <attribute name="Output H" value="8388608"/>
  <attribute name="Output I" value="240"/>
  <attribute name="Output T" value="16"/>
  <attribute name="Target GC Util Change" value ="80.000000" />
  <attribute name="Current GC Util Change" value="200.000000"/>
  <attribute name="GC Util currently" value="200" />
  <attribute name="CPU Util currently" value="630224919165" />
<exclusive-end id="655" timestamp="2019-08-11T06:20:39.903" durationms="21.872" />

<exclusive-start id="656" timestamp="2019-08-11T06:20:40.007" intervalms="126.112">
  <response-info timems="0.058" idlems="0.058" threads="0" lastid="0000000001E02F00" lastname="main" />
</exclusive-start>
<allocation-taxation id="657" taxation-threshold="20971520" timestamp="2019-08-11T06:20:40.007" intervalms="126.112" />
<cycle-start id="658" type="partial gc" contextid="0" timestamp="2019-08-11T06:20:40.007" intervalms="126.203" />
<gc-start id="659" type="partial gc" contextid="658" timestamp="2019-08-11T06:20:40.008">
  <mem-info id="660" free="2097152" total="56623104" percent="3">
    <mem type="eden" free="0" total="20971520" percent="0" />
    <remembered-set count="19200" freebytes="2186880" totalbytes="2263680" percent="96" regionsoverflowed="0" regionsstable="0" regionsrebuilding="0"/>
  </mem-info>
</gc-start>
<allocation-stats totalBytes="20967224" >
  <allocated-bytes non-tlh="1230872" tlh="19736352" arrayletleaf="0"/>
  <largest-consumer threadName="main" threadId="0000000001E02F00" bytes="20967224" />
</allocation-stats>
<gc-op id="661" type="copy forward" timems="21.341" contextid="658" timestamp="2019-08-11T06:20:40.031">
  <memory-copied type="eden" objects="14810" bytes="965624" bytesdiscarded="95784" />
  <memory-copied type="other" objects="5504" bytes="209832" bytesdiscarded="23272" />
  <memory-cardclean objects="1882" bytes="101008" />
  <regions eden="10" other="1" />
  <remembered-set-cleared processed="10212" cleared="1313" durationms="0.152" />
  <references type="soft" candidates="130" cleared="0" enqueued="0" dynamicThreshold="13" maxThreshold="32" />
  <references type="weak" candidates="380" cleared="0" enqueued="0" />
  <references type="phantom" candidates="1" cleared="0" enqueued="0" />
  <stringconstants candidates="12479" cleared="0"  />
  <heap-resize type="expand" space="default" amount="2097152" count="1" timems="0.256" reason="continue current collection" />
</gc-op>
<gc-op id="662" type="classunload" timems="0.013" contextid="658" timestamp="2019-08-11T06:20:40.031">
  <classunload-info classloadercandidates="36" classloadersunloaded="0" classesunloaded="0" anonymousclassesunloaded="0" quiescems="0.000" setupms="0.012" scanms="0.000" postms="0.000" />
</gc-op>
<heap-resize id="663" type="expand" space="default" amount="10485760" count="1" timems="0.111" reason="excessive time being spent in gc" timestamp="2019-08-11T06:20:40.031" />
<gc-end id="664" type="partial gc" contextid="658" durationms="23.272" usertimems="91.552" systemtimems="0.000" timestamp="2019-08-11T06:20:40.031" activeThreads="16">
  <mem-info id="665" free="33554432" total="69206016" percent="48">
    <mem type="eden" free="1035392" total="2097152" percent="49" />
    <remembered-set count="20960" freebytes="2682880" totalbytes="2766720" percent="96" regionsoverflowed="0" regionsstable="0" regionsrebuilding="0"/>
  </mem-info>
</gc-end>
<cycle-end id="666" type="partial gc" contextid="658" timestamp="2019-08-11T06:20:40.031" />
  <attribute name="elasticGC enabled" value="1" />
  <attribute name= "numThreadsSpecified" value="16" />
  <attribute name="heapSize specified" value="0" />
  <attribute name="Current GC Util" value="193" />
  <attribute name= "Current Time Running" value="151202" />
  <attribute name ="GC Interval" value="0" />
  <attribute name="ProportionalT" value="56.500000" />
  <attribute name="ProportionalI" value="56.500000" />
  <attribute name="ProportionalH" value="56.500000" />
  <attribute name="Current Error" value="113.000000" />
  <attribute name="IntegralT" value="56.500000" />
  <attribute name="IntegralI" value="56.500000" />
  <attribute name="IntegralH" value="56.500000" />
  <attribute name="DerivativeT" value="113.000000" />
  <attribute name="DerivativeI" value="113.000000" />
  <attribute name="DerivativeH" value="113.000000" />
  <attribute name="Loop Time for DT" value="1.000000" />
  <attribute name="Output H" value="8388608"/>
  <attribute name="Output I" value="232"/>
  <attribute name="Output T" value="16"/>
  <attribute name="Target GC Util Change" value ="80.000000" />
  <attribute name="Current GC Util Change" value="193.000000"/>
  <attribute name="GC Util currently" value="193" />
  <attribute name="CPU Util currently" value="1247449471095" />
<exclusive-end id="667" timestamp="2019-08-11T06:20:40.031" durationms="24.127" />

<exclusive-start id="668" timestamp="2019-08-11T06:20:40.127" intervalms="119.377">
  <response-info timems="0.021" idlems="0.021" threads="0" lastid="0000000001E02F00" lastname="main" />
</exclusive-start>
<allocation-taxation id="669" taxation-threshold="25165824" timestamp="2019-08-11T06:20:40.127" intervalms="119.380" />
<cycle-start id="670" type="partial gc" contextid="0" timestamp="2019-08-11T06:20:40.127" intervalms="119.441" />
<gc-start id="671" type="partial gc" contextid="670" timestamp="2019-08-11T06:20:40.127">
  <mem-info id="672" free="8388608" total="69206016" percent="12">
    <mem type="eden" free="0" total="25165824" percent="0" />
    <remembered-set count="20640" freebytes="2684160" totalbytes="2766720" percent="97" regionsoverflowed="0" regionsstable="0" regionsrebuilding="0"/>
  </mem-info>
</gc-start>
<allocation-stats totalBytes="25162632" >
  <allocated-bytes non-tlh="266312" tlh="24896320" arrayletleaf="0"/>
  <largest-consumer threadName="main" threadId="0000000001E02F00" bytes="25162632" />
</allocation-stats>
<gc-op id="673" type="copy forward" timems="29.094" contextid="670" timestamp="2019-08-11T06:20:40.161">
  <memory-copied type="eden" objects="18082" bytes="1086688" bytesdiscarded="80808" />
  <memory-copied type="other" objects="5760" bytes="241024" bytesdiscarded="42200" />
  <memory-cardclean objects="706" bytes="47400" />
  <regions eden="12" other="1" />
  <remembered-set-cleared processed="11682" cleared="1604" durationms="0.179" />
  <references type="soft" candidates="40" cleared="0" enqueued="0" dynamicThreshold="15" maxThreshold="32" />
  <references type="weak" candidates="139" cleared="0" enqueued="0" />
  <references type="phantom" candidates="1" cleared="0" enqueued="0" />
  <stringconstants candidates="12490" cleared="0"  />
</gc-op>
<gc-op id="674" type="classunload" timems="0.013" contextid="670" timestamp="2019-08-11T06:20:40.161">
  <classunload-info classloadercandidates="37" classloadersunloaded="0" classesunloaded="0" anonymousclassesunloaded="0" quiescems="0.000" setupms="0.013" scanms="0.000" postms="0.000" />
</gc-op>
<heap-resize id="675" type="expand" space="default" amount="12582912" count="1" timems="0.185" reason="excessive time being spent in gc" timestamp="2019-08-11T06:20:40.162" />
<gc-end id="676" type="partial gc" contextid="670" durationms="34.383" usertimems="35.347" systemtimems="0.000" timestamp="2019-08-11T06:20:40.162" activeThreads="16">
  <mem-info id="677" free="44040192" total="81788928" percent="53">
    <mem type="eden" free="929600" total="2097152" percent="44" />
    <remembered-set count="22016" freebytes="3181696" totalbytes="3269760" percent="97" regionsoverflowed="0" regionsstable="0" regionsrebuilding="0"/>
  </mem-info>
</gc-end>
<cycle-end id="678" type="partial gc" contextid="670" timestamp="2019-08-11T06:20:40.162" />
  <attribute name="elasticGC enabled" value="1" />
  <attribute name= "numThreadsSpecified" value="16" />
  <attribute name="heapSize specified" value="0" />
  <attribute name="Current GC Util" value="52" />
  <attribute name= "Current Time Running" value="151324" />
  <attribute name ="GC Interval" value="0" />
  <attribute name="ProportionalT" value="-14.000000" />
  <attribute name="ProportionalI" value="-14.000000" />
  <attribute name="ProportionalH" value="-14.000000" />
  <attribute name="Current Error" value="-28.000000" />
  <attribute name="IntegralT" value="-56.000000" />
  <attribute name="IntegralI" value="-56.000000" />
  <attribute name="IntegralH" value="-56.000000" />
  <attribute name="DerivativeT" value="-7.000000" />
  <attribute name="DerivativeI" value="-7.000000" />
  <attribute name="DerivativeH" value="-7.000000" />
  <attribute name="Loop Time for DT" value="4.000000" />
  <attribute name="Output H" value="4202627072"/>
  <attribute name="Output I" value="200"/>
  <attribute name="Output T" value="16"/>
  <attribute name="Target GC Util Change" value ="80.000000" />
  <attribute name="Current GC Util Change" value="52.000000"/>
  <attribute name="GC Util currently" value="52" />
  <attribute name="CPU Util currently" value="257628603431" />
<exclusive-end id="679" timestamp="2019-08-11T06:20:40.162" durationms="35.745" />

<exclusive-start id="680" timestamp="2019-08-11T06:20:40.260" intervalms="133.035">
  <response-info timems="0.021" idlems="0.021" threads="0" lastid="0000000001E02F00" lastname="main" />
</exclusive-start>
<allocation-taxation id="681" taxation-threshold="27262976" timestamp="2019-08-11T06:20:40.260" intervalms="133.044" />
<cycle-start id="682" type="partial gc" contextid="0" timestamp="2019-08-11T06:20:40.260" intervalms="132.969" />
<gc-start id="683" type="partial gc" contextid="682" timestamp="2019-08-11T06:20:40.260">
  <mem-info id="684" free="16777216" total="81788928" percent="20">
    <mem type="eden" free="0" total="27262976" percent="0" />
    <remembered-set count="21568" freebytes="3183488" totalbytes="3269760" percent="97" regionsoverflowed="0" regionsstable="0" regionsrebuilding="0"/>
  </mem-info>
</gc-start>
<allocation-stats totalBytes="27259712" >
  <allocated-bytes non-tlh="402408" tlh="26857304" arrayletleaf="0"/>
  <largest-consumer threadName="main" threadId="0000000001E02F00" bytes="27259712" />
</allocation-stats>
<gc-op id="685" type="copy forward" timems="19.350" contextid="682" timestamp="2019-08-11T06:20:40.280">
  <memory-copied type="eden" objects="11888" bytes="784968" bytesdiscarded="81424" />
  <memory-copied type="other" objects="162" bytes="5664" bytesdiscarded="0" />
  <memory-cardclean objects="149" bytes="13032" />
  <regions eden="13" other="1" />
  <remembered-set-cleared processed="12871" cleared="1290" durationms="0.221" />
  <references type="soft" candidates="3" cleared="0" enqueued="0" dynamicThreshold="17" maxThreshold="32" />
  <references type="weak" candidates="24" cleared="0" enqueued="0" />
  <references type="phantom" candidates="1" cleared="0" enqueued="0" />
  <stringconstants candidates="12508" cleared="0"  />
</gc-op>
<gc-op id="686" type="classunload" timems="0.011" contextid="682" timestamp="2019-08-11T06:20:40.281">
  <classunload-info classloadercandidates="39" classloadersunloaded="0" classesunloaded="0" anonymousclassesunloaded="0" quiescems="0.000" setupms="0.011" scanms="0.000" postms="0.000" />
</gc-op>
<heap-resize id="687" type="expand" space="default" amount="14680064" count="1" timems="0.286" reason="excessive time being spent in gc" timestamp="2019-08-11T06:20:40.281" />
<gc-end id="688" type="partial gc" contextid="682" durationms="20.931" usertimems="32.235" systemtimems="0.000" timestamp="2019-08-11T06:20:40.281" activeThreads="16">
  <mem-info id="689" free="56623104" total="96468992" percent="58">
    <mem type="eden" free="1230680" total="2097152" percent="58" />
    <remembered-set count="21504" freebytes="3770624" totalbytes="3856640" percent="97" regionsoverflowed="0" regionsstable="0" regionsrebuilding="0"/>
  </mem-info>
</gc-end>
<cycle-end id="690" type="partial gc" contextid="682" timestamp="2019-08-11T06:20:40.281" />
  <attribute name="elasticGC enabled" value="1" />
  <attribute name= "numThreadsSpecified" value="16" />
  <attribute name="heapSize specified" value="0" />
  <attribute name="Current GC Util" value="142" />
  <attribute name= "Current Time Running" value="151454" />
  <attribute name ="GC Interval" value="0" />
  <attribute name="ProportionalT" value="31.000000" />
  <attribute name="ProportionalI" value="31.000000" />
  <attribute name="ProportionalH" value="31.000000" />
  <attribute name="Current Error" value="62.000000" />
  <attribute name="IntegralT" value="31.000000" />
  <attribute name="IntegralI" value="31.000000" />
  <attribute name="IntegralH" value="31.000000" />
  <attribute name="DerivativeT" value="62.000000" />
  <attribute name="DerivativeI" value="62.000000" />
  <attribute name="DerivativeH" value="62.000000" />
  <attribute name="Loop Time for DT" value="1.000000" />
  <attribute name="Output H" value="8388608"/>
  <attribute name="Output I" value="200"/>
  <attribute name="Output T" value="16"/>
  <attribute name="Target GC Util Change" value ="80.000000" />
  <attribute name="Current GC Util Change" value="142.000000"/>
  <attribute name="GC Util currently" value="142" />
  <attribute name="CPU Util currently" value="1764077226644" />
<exclusive-end id="691" timestamp="2019-08-11T06:20:40.282" durationms="21.875" />

<exclusive-start id="692" timestamp="2019-08-11T06:20:40.410" intervalms="149.987">
  <response-info timems="0.063" idlems="0.063" threads="0" lastid="0000000001E02F00" lastname="main" />
</exclusive-start>
<allocation-taxation id="693" taxation-threshold="31457280" timestamp="2019-08-11T06:20:40.410" intervalms="149.978" />
<cycle-start id="694" type="partial gc" contextid="0" timestamp="2019-08-11T06:20:40.410" intervalms="150.231" />
<gc-start id="695" type="partial gc" contextid="694" timestamp="2019-08-11T06:20:40.410">
  <mem-info id="696" free="25165824" total="96468992" percent="26">
    <mem type="eden" free="0" total="31457280" percent="0" />
    <remembered-set count="21056" freebytes="3772416" totalbytes="3856640" percent="97" regionsoverflowed="0" regionsstable="0" regionsrebuilding="0"/>
  </mem-info>
</gc-start>
<allocation-stats totalBytes="31452816" >
  <allocated-bytes non-tlh="802128" tlh="30650688" arrayletleaf="0"/>
  <largest-consumer threadName="main" threadId="0000000001E02F00" bytes="31452816" />
</allocation-stats>
<gc-op id="697" type="copy forward" timems="19.744" contextid="694" timestamp="2019-08-11T06:20:40.431">
  <memory-copied type="eden" objects="4527" bytes="446808" bytesdiscarded="70704" />
  <memory-copied type="other" objects="3305" bytes="161600" bytesdiscarded="27160" />
  <memory-cardclean objects="1666" bytes="88528" />
  <regions eden="15" other="2" />
  <remembered-set-cleared processed="12381" cleared="2435" durationms="0.131" />
  <references type="soft" candidates="32" cleared="0" enqueued="0" dynamicThreshold="18" maxThreshold="32" />
  <references type="weak" candidates="167" cleared="0" enqueued="0" />
  <references type="phantom" candidates="1" cleared="0" enqueued="0" />
  <stringconstants candidates="12541" cleared="0"  />
</gc-op>
<gc-op id="698" type="classunload" timems="0.011" contextid="694" timestamp="2019-08-11T06:20:40.431">
  <classunload-info classloadercandidates="43" classloadersunloaded="0" classesunloaded="0" anonymousclassesunloaded="0" quiescems="0.000" setupms="0.011" scanms="0.000" postms="0.000" />
</gc-op>
<heap-resize id="699" type="expand" space="default" amount="8388608" count="1" timems="0.196" reason="excessive time being spent in gc" timestamp="2019-08-11T06:20:40.432" />
<gc-end id="700" type="partial gc" contextid="694" durationms="21.583" usertimems="46.176" systemtimems="0.000" timestamp="2019-08-11T06:20:40.432" activeThreads="16">
  <mem-info id="701" free="62914560" total="104857600" percent="60">
    <mem type="eden" free="1579496" total="2097152" percent="75" />
    <remembered-set count="22560" freebytes="4101760" totalbytes="4192000" percent="97" regionsoverflowed="0" regionsstable="0" regionsrebuilding="0"/>
  </mem-info>
</gc-end>
<cycle-end id="702" type="partial gc" contextid="694" timestamp="2019-08-11T06:20:40.432" />
  <attribute name="elasticGC enabled" value="1" />
  <attribute name= "numThreadsSpecified" value="16" />
  <attribute name="heapSize specified" value="0" />
  <attribute name="Current GC Util" value="132" />
  <attribute name= "Current Time Running" value="151604" />
  <attribute name ="GC Interval" value="0" />
  <attribute name="ProportionalT" value="26.000000" />
  <attribute name="ProportionalI" value="26.000000" />
  <attribute name="ProportionalH" value="26.000000" />
  <attribute name="Current Error" value="52.000000" />
  <attribute name="IntegralT" value="26.000000" />
  <attribute name="IntegralI" value="26.000000" />
  <attribute name="IntegralH" value="26.000000" />
  <attribute name="DerivativeT" value="52.000000" />
  <attribute name="DerivativeI" value="52.000000" />
  <attribute name="DerivativeH" value="52.000000" />
  <attribute name="Loop Time for DT" value="1.000000" />
  <attribute name="Output H" value="8388608"/>
  <attribute name="Output I" value="200"/>
  <attribute name="Output T" value="16"/>
  <attribute name="Target GC Util Change" value ="80.000000" />
  <attribute name="Current GC Util Change" value="132.000000"/>
  <attribute name="GC Util currently" value="132" />
  <attribute name="CPU Util currently" value="1509691875647" />
<exclusive-end id="703" timestamp="2019-08-11T06:20:40.432" durationms="22.809" />

<exclusive-start id="704" timestamp="2019-08-11T06:20:40.516" intervalms="106.295">
  <response-info timems="0.395" idlems="0.395" threads="0" lastid="0000000001E02F00" lastname="main" />
</exclusive-start>
<allocation-taxation id="705" taxation-threshold="33554432" timestamp="2019-08-11T06:20:40.516" intervalms="106.295" />
<cycle-start id="706" type="partial gc" contextid="0" timestamp="2019-08-11T06:20:40.516" intervalms="105.999" />
<gc-start id="707" type="partial gc" contextid="706" timestamp="2019-08-11T06:20:40.516">
  <mem-info id="708" free="29360128" total="104857600" percent="28">
    <mem type="eden" free="0" total="33554432" percent="0" />
    <remembered-set count="22240" freebytes="4103040" totalbytes="4192000" percent="97" regionsoverflowed="0" regionsstable="0" regionsrebuilding="0"/>
  </mem-info>
</gc-start>
<allocation-stats totalBytes="33550768" >
  <allocated-bytes non-tlh="400800" tlh="33149968" arrayletleaf="0"/>
  <largest-consumer threadName="main" threadId="0000000001E02F00" bytes="33550768" />
</allocation-stats>
<gc-op id="709" type="copy forward" timems="12.037" contextid="706" timestamp="2019-08-11T06:20:40.530">
  <memory-copied type="eden" objects="11803" bytes="758392" bytesdiscarded="71504" />
  <memory-copied type="other" objects="790" bytes="27992" bytesdiscarded="3968" />
  <memory-cardclean objects="144" bytes="13984" />
  <regions eden="16" other="1" />
  <remembered-set-cleared processed="12273" cleared="441" durationms="0.123" />
  <references type="soft" candidates="6" cleared="0" enqueued="0" dynamicThreshold="19" maxThreshold="32" />
  <references type="weak" candidates="33" cleared="0" enqueued="0" />
  <references type="phantom" candidates="1" cleared="0" enqueued="0" />
  <stringconstants candidates="12552" cleared="0"  />
</gc-op>
<gc-op id="710" type="classunload" timems="0.014" contextid="706" timestamp="2019-08-11T06:20:40.530">
  <classunload-info classloadercandidates="45" classloadersunloaded="0" classesunloaded="0" anonymousclassesunloaded="0" quiescems="0.000" setupms="0.013" scanms="0.000" postms="0.000" />
</gc-op>
<heap-resize id="711" type="expand" space="default" amount="6291456" count="1" timems="0.140" reason="excessive time being spent in gc" timestamp="2019-08-11T06:20:40.531" />
<gc-end id="712" type="partial gc" contextid="706" durationms="14.123" usertimems="30.497" systemtimems="0.000" timestamp="2019-08-11T06:20:40.531" activeThreads="16">
  <mem-info id="713" free="67108864" total="111149056" percent="60">
    <mem type="eden" free="1267176" total="2097152" percent="60" />
    <remembered-set count="22848" freebytes="4352128" totalbytes="4443520" percent="97" regionsoverflowed="0" regionsstable="0" regionsrebuilding="0"/>
  </mem-info>
</gc-end>
<cycle-end id="714" type="partial gc" contextid="706" timestamp="2019-08-11T06:20:40.531" />
  <attribute name="elasticGC enabled" value="1" />
  <attribute name= "numThreadsSpecified" value="16" />
  <attribute name="heapSize specified" value="0" />
  <attribute name="Current GC Util" value="59" />
  <attribute name= "Current Time Running" value="151711" />
  <attribute name ="GC Interval" value="0" />
  <attribute name="ProportionalT" value="-10.500000" />
  <attribute name="ProportionalI" value="-10.500000" />
  <attribute name="ProportionalH" value="-10.500000" />
  <attribute name="Current Error" value="-21.000000" />
  <attribute name="IntegralT" value="-21.000000" />
  <attribute name="IntegralI" value="-21.000000" />
  <attribute name="IntegralH" value="-21.000000" />
  <attribute name="DerivativeT" value="-10.500000" />
  <attribute name="DerivativeI" value="-10.500000" />
  <attribute name="DerivativeH" value="-10.500000" />
  <attribute name="Loop Time for DT" value="2.000000" />
  <attribute name="Output H" value="4202627072"/>
  <attribute name="Output I" value="200"/>
  <attribute name="Output T" value="16"/>
  <attribute name="Target GC Util Change" value ="80.000000" />
  <attribute name="Current GC Util Change" value="59.000000"/>
  <attribute name="GC Util currently" value="59" />
  <attribute name="CPU Util currently" value="902210677311" />
<exclusive-end id="715" timestamp="2019-08-11T06:20:40.531" durationms="15.065" />

<exclusive-start id="716" timestamp="2019-08-11T06:20:40.637" intervalms="120.615">
  <response-info timems="0.069" idlems="0.069" threads="0" lastid="0000000001E02F00" lastname="main" />
</exclusive-start>
<allocation-taxation id="717" taxation-threshold="35651584" timestamp="2019-08-11T06:20:40.637" intervalms="120.618" />
<cycle-start id="718" type="partial gc" contextid="0" timestamp="2019-08-11T06:20:40.637" intervalms="120.595" />
<gc-start id="719" type="partial gc" contextid="718" timestamp="2019-08-11T06:20:40.637">
  <mem-info id="720" free="31457280" total="111149056" percent="28">
    <mem type="eden" free="0" total="35651584" percent="0" />
    <remembered-set count="22528" freebytes="4353408" totalbytes="4443520" percent="97" regionsoverflowed="0" regionsstable="0" regionsrebuilding="0"/>
  </mem-info>
</gc-start>
<allocation-stats totalBytes="35646128" >
  <allocated-bytes non-tlh="1269120" tlh="34377008" arrayletleaf="0"/>
  <largest-consumer threadName="main" threadId="0000000001E02F00" bytes="35646128" />
</allocation-stats>
<gc-op id="721" type="copy forward" timems="9.998" contextid="718" timestamp="2019-08-11T06:20:40.648">
  <memory-copied type="eden" objects="10981" bytes="797936" bytesdiscarded="128024" />
  <memory-copied type="other" objects="313" bytes="10904" bytesdiscarded="2088" />
  <memory-cardclean objects="174" bytes="14576" />
  <regions eden="17" other="1" />
  <remembered-set-cleared processed="12919" cleared="811" durationms="0.104" />
  <references type="soft" candidates="6" cleared="0" enqueued="0" dynamicThreshold="19" maxThreshold="32" />
  <references type="weak" candidates="48" cleared="0" enqueued="0" />
  <references type="phantom" candidates="1" cleared="0" enqueued="0" />
  <stringconstants candidates="12610" cleared="4"  />
</gc-op>
<gc-op id="722" type="classunload" timems="0.607" contextid="718" timestamp="2019-08-11T06:20:40.649">
  <classunload-info classloadercandidates="51" classloadersunloaded="2" classesunloaded="2" anonymousclassesunloaded="0" quiescems="0.000" setupms="0.587" scanms="0.014" postms="0.005" />
</gc-op>
<heap-resize id="723" type="expand" space="default" amount="4194304" count="1" timems="0.099" reason="excessive time being spent in gc" timestamp="2019-08-11T06:20:40.649" />
<gc-end id="724" type="partial gc" contextid="718" durationms="12.038" usertimems="38.340" systemtimems="0.000" timestamp="2019-08-11T06:20:40.649" activeThreads="16">
  <mem-info id="725" free="69206016" total="115343360" percent="60">
    <mem type="eden" free="1171064" total="2097152" percent="55" />
    <remembered-set count="23264" freebytes="4518144" totalbytes="4611200" percent="97" regionsoverflowed="0" regionsstable="0" regionsrebuilding="0"/>
  </mem-info>
</gc-end>
<cycle-end id="726" type="partial gc" contextid="718" timestamp="2019-08-11T06:20:40.649" />
  <attribute name="elasticGC enabled" value="1" />
  <attribute name= "numThreadsSpecified" value="16" />
  <attribute name="heapSize specified" value="0" />
  <attribute name="Current GC Util" value="202" />
  <attribute name= "Current Time Running" value="151831" />
  <attribute name ="GC Interval" value="0" />
  <attribute name="ProportionalT" value="61.000000" />
  <attribute name="ProportionalI" value="61.000000" />
  <attribute name="ProportionalH" value="61.000000" />
  <attribute name="Current Error" value="122.000000" />
  <attribute name="IntegralT" value="61.000000" />
  <attribute name="IntegralI" value="61.000000" />
  <attribute name="IntegralH" value="61.000000" />
  <attribute name="DerivativeT" value="122.000000" />
  <attribute name="DerivativeI" value="122.000000" />
  <attribute name="DerivativeH" value="122.000000" />
  <attribute name="Loop Time for DT" value="1.000000" />
  <attribute name="Output H" value="8388608"/>
  <attribute name="Output I" value="248"/>
  <attribute name="Output T" value="16"/>
  <attribute name="Target GC Util Change" value ="80.000000" />
  <attribute name="Current GC Util Change" value="202.000000"/>
  <attribute name="GC Util currently" value="202" />
  <attribute name="CPU Util currently" value="1768943779938" />
<exclusive-end id="727" timestamp="2019-08-11T06:20:40.649" durationms="12.750" />

<exclusive-start id="728" timestamp="2019-08-11T06:20:40.761" intervalms="124.728">
  <response-info timems="0.092" idlems="0.092" threads="0" lastid="0000000001E02F00" lastname="main" />
</exclusive-start>
<allocation-taxation id="729" taxation-threshold="35651584" timestamp="2019-08-11T06:20:40.761" intervalms="124.720" />
<cycle-start id="730" type="partial gc" contextid="0" timestamp="2019-08-11T06:20:40.761" intervalms="124.751" />
<gc-start id="731" type="partial gc" contextid="730" timestamp="2019-08-11T06:20:40.762">
  <mem-info id="732" free="33554432" total="115343360" percent="29">
    <mem type="eden" free="0" total="35651584" percent="0" />
    <remembered-set count="22784" freebytes="4520064" totalbytes="4611200" percent="98" regionsoverflowed="0" regionsstable="0" regionsrebuilding="0"/>
  </mem-info>
</gc-start>
<allocation-stats totalBytes="35647248" >
  <allocated-bytes non-tlh="401800" tlh="35245448" arrayletleaf="0"/>
  <largest-consumer threadName="main" threadId="0000000001E02F00" bytes="35647248" />
</allocation-stats>
<gc-op id="733" type="copy forward" timems="9.534" contextid="730" timestamp="2019-08-11T06:20:40.772">
  <memory-copied type="eden" objects="8958" bytes="364040" bytesdiscarded="46984" />
  <memory-copied type="other" objects="1035" bytes="34824" bytesdiscarded="5912" />
  <memory-cardclean objects="163" bytes="14712" />
  <regions eden="17" other="1" />
  <remembered-set-cleared processed="12998" cleared="777" durationms="0.112" />
  <references type="soft" candidates="6" cleared="0" enqueued="0" dynamicThreshold="19" maxThreshold="32" />
  <references type="weak" candidates="46" cleared="0" enqueued="0" />
  <stringconstants candidates="12636" cleared="0"  />
</gc-op>
<gc-op id="734" type="classunload" timems="0.009" contextid="730" timestamp="2019-08-11T06:20:40.772">
  <classunload-info classloadercandidates="51" classloadersunloaded="0" classesunloaded="0" anonymousclassesunloaded="0" quiescems="0.000" setupms="0.008" scanms="0.000" postms="0.000" />
</gc-op>
<heap-resize id="735" type="expand" space="default" amount="6291456" count="1" timems="0.085" reason="excessive time being spent in gc" timestamp="2019-08-11T06:20:40.772" />
<gc-end id="736" type="partial gc" contextid="730" durationms="10.774" usertimems="25.997" systemtimems="0.000" timestamp="2019-08-11T06:20:40.772" activeThreads="16">
  <mem-info id="737" free="73400320" total="121634816" percent="60">
    <mem type="eden" free="1686080" total="2097152" percent="80" />
    <remembered-set count="25504" freebytes="4760704" totalbytes="4862720" percent="97" regionsoverflowed="0" regionsstable="0" regionsrebuilding="0"/>
  </mem-info>
</gc-end>
<cycle-end id="738" type="partial gc" contextid="730" timestamp="2019-08-11T06:20:40.773" />
  <attribute name="elasticGC enabled" value="1" />
  <attribute name= "numThreadsSpecified" value="16" />
  <attribute name="heapSize specified" value="0" />
  <attribute name="Current GC Util" value="102" />
  <attribute name= "Current Time Running" value="151955" />
  <attribute name ="GC Interval" value="0" />
  <attribute name="ProportionalT" value="11.000000" />
  <attribute name="ProportionalI" value="11.000000" />
  <attribute name="ProportionalH" value="11.000000" />
  <attribute name="Current Error" value="22.000000" />
  <attribute name="IntegralT" value="11.000000" />
  <attribute name="IntegralI" value="11.000000" />
  <attribute name="IntegralH" value="11.000000" />
  <attribute name="DerivativeT" value="22.000000" />
  <attribute name="DerivativeI" value="22.000000" />
  <attribute name="DerivativeH" value="22.000000" />
  <attribute name="Loop Time for DT" value="1.000000" />
  <attribute name="Output H" value="8388608"/>
  <attribute name="Output I" value="200"/>
  <attribute name="Output T" value="16"/>
  <attribute name="Target GC Util Change" value ="80.000000" />
  <attribute name="Current GC Util Change" value="102.000000"/>
  <attribute name="GC Util currently" value="102" />
  <attribute name="CPU Util currently" value="1907894373468" />
<exclusive-end id="739" timestamp="2019-08-11T06:20:40.773" durationms="11.633" />

<exclusive-start id="740" timestamp="2019-08-11T06:20:41.270" intervalms="508.557">
  <response-info timems="0.159" idlems="0.159" threads="0" lastid="0000000001E02F00" lastname="main" />
</exclusive-start>
<allocation-taxation id="741" taxation-threshold="37748736" timestamp="2019-08-11T06:20:41.270" intervalms="508.560" />
<cycle-start id="742" type="partial gc" contextid="0" timestamp="2019-08-11T06:20:41.270" intervalms="508.478" />
<gc-start id="743" type="partial gc" contextid="742" timestamp="2019-08-11T06:20:41.270">
  <mem-info id="744" free="35651584" total="121634816" percent="29">
    <mem type="eden" free="0" total="37748736" percent="0" />
    <remembered-set count="25216" freebytes="4761856" totalbytes="4862720" percent="97" regionsoverflowed="0" regionsstable="0" regionsrebuilding="0"/>
  </mem-info>
</gc-start>
<allocation-stats totalBytes="37723360" >
  <allocated-bytes non-tlh="3565408" tlh="34157952" arrayletleaf="0"/>
  <largest-consumer threadName="main" threadId="0000000001E02F00" bytes="37723360" />
</allocation-stats>
<gc-op id="745" type="copy forward" timems="11.206" contextid="742" timestamp="2019-08-11T06:20:41.283">
  <memory-copied type="eden" objects="34010" bytes="2950752" bytesdiscarded="219936" />
  <memory-copied type="other" objects="559" bytes="18984" bytesdiscarded="1984" />
  <memory-cardclean objects="750" bytes="47048" />
  <regions eden="18" other="1" />
  <remembered-set-cleared processed="13621" cleared="1325" durationms="0.129" />
  <finalization candidates="3" enqueued="2" />
  <references type="soft" candidates="780" cleared="0" enqueued="0" dynamicThreshold="19" maxThreshold="32" />
  <references type="weak" candidates="154" cleared="0" enqueued="0" />
  <references type="phantom" candidates="2" cleared="0" enqueued="0" />
  <stringconstants candidates="13328" cleared="0"  />
</gc-op>
<gc-op id="746" type="classunload" timems="0.013" contextid="742" timestamp="2019-08-11T06:20:41.283">
  <classunload-info classloadercandidates="55" classloadersunloaded="0" classesunloaded="0" anonymousclassesunloaded="0" quiescems="0.000" setupms="0.011" scanms="0.000" postms="0.000" />
</gc-op>
<gc-end id="747" type="partial gc" contextid="742" durationms="13.151" usertimems="36.981" systemtimems="0.000" timestamp="2019-08-11T06:20:41.283" activeThreads="16">
  <mem-info id="748" free="69206016" total="121634816" percent="56">
    <mem type="eden" free="1023000" total="4194304" percent="24" />
    <pending-finalizers system="0" default="2" reference="0" classloader="0" />
    <remembered-set count="27328" freebytes="4753408" totalbytes="4862720" percent="97" regionsoverflowed="0" regionsstable="0" regionsrebuilding="0"/>
  </mem-info>
</gc-end>
<cycle-end id="749" type="partial gc" contextid="742" timestamp="2019-08-11T06:20:41.283" />
  <attribute name="elasticGC enabled" value="1" />
  <attribute name= "numThreadsSpecified" value="16" />
  <attribute name="heapSize specified" value="0" />
  <attribute name="Current GC Util" value="250" />
  <attribute name= "Current Time Running" value="152464" />
  <attribute name ="GC Interval" value="0" />
  <attribute name="ProportionalT" value="85.000000" />
  <attribute name="ProportionalI" value="85.000000" />
  <attribute name="ProportionalH" value="85.000000" />
  <attribute name="Current Error" value="170.000000" />
  <attribute name="IntegralT" value="85.000000" />
  <attribute name="IntegralI" value="85.000000" />
  <attribute name="IntegralH" value="85.000000" />
  <attribute name="DerivativeT" value="170.000000" />
  <attribute name="DerivativeI" value="170.000000" />
  <attribute name="DerivativeH" value="170.000000" />
  <attribute name="Loop Time for DT" value="1.000000" />
  <attribute name="Output H" value="8388608"/>
  <attribute name="Output I" value="344"/>
  <attribute name="Output T" value="16"/>
  <attribute name="Target GC Util Change" value ="80.000000" />
  <attribute name="Current GC Util Change" value="250.000000"/>
  <attribute name="GC Util currently" value="250" />
  <attribute name="CPU Util currently" value="1083086255206" />
<exclusive-end id="750" timestamp="2019-08-11T06:20:41.284" durationms="13.717" />

<exclusive-start id="751" timestamp="2019-08-11T06:20:41.665" intervalms="394.755">
  <response-info timems="0.088" idlems="0.088" threads="0" lastid="0000000001E02F00" lastname="main" />
</exclusive-start>
<allocation-taxation id="752" taxation-threshold="37748736" timestamp="2019-08-11T06:20:41.665" intervalms="394.757" />
<cycle-start id="753" type="partial gc" contextid="0" timestamp="2019-08-11T06:20:41.665" intervalms="394.802" />
<gc-start id="754" type="partial gc" contextid="753" timestamp="2019-08-11T06:20:41.665">
  <mem-info id="755" free="31457280" total="121634816" percent="25">
    <mem type="eden" free="0" total="37748736" percent="0" />
    <remembered-set count="27040" freebytes="4754560" totalbytes="4862720" percent="97" regionsoverflowed="0" regionsstable="0" regionsrebuilding="0"/>
  </mem-info>
</gc-start>
<allocation-stats totalBytes="37709400" >
  <allocated-bytes non-tlh="0" tlh="37709400" arrayletleaf="0"/>
  <largest-consumer threadName="main" threadId="0000000001E02F00" bytes="37705304" />
</allocation-stats>
<gc-op id="756" type="copy forward" timems="18.125" contextid="753" timestamp="2019-08-11T06:20:41.685">
  <memory-copied type="eden" objects="77259" bytes="1947232" bytesdiscarded="139160" />
  <memory-copied type="other" objects="33400" bytes="2908248" bytesdiscarded="246384" />
  <memory-cardclean objects="226" bytes="27936" />
  <regions eden="18" other="2" />
  <remembered-set-cleared processed="15675" cleared="3140" durationms="0.137" />
  <finalization candidates="1" enqueued="0" />
  <references type="soft" candidates="778" cleared="0" enqueued="0" dynamicThreshold="18" maxThreshold="32" />
  <references type="weak" candidates="146" cleared="0" enqueued="0" />
  <references type="phantom" candidates="2" cleared="0" enqueued="0" />
  <stringconstants candidates="13328" cleared="0"  />
</gc-op>
<gc-op id="757" type="classunload" timems="0.010" contextid="753" timestamp="2019-08-11T06:20:41.685">
  <classunload-info classloadercandidates="55" classloadersunloaded="0" classesunloaded="0" anonymousclassesunloaded="0" quiescems="0.000" setupms="0.010" scanms="0.000" postms="0.000" />
</gc-op>
<gc-end id="758" type="partial gc" contextid="753" durationms="20.142" usertimems="67.297" systemtimems="0.000" timestamp="2019-08-11T06:20:41.685" activeThreads="16">
  <mem-info id="759" free="67108864" total="121634816" percent="55">
    <mem type="eden" free="10760" total="2097152" percent="0" />
    <remembered-set count="31936" freebytes="4734976" totalbytes="4862720" percent="97" regionsoverflowed="0" regionsstable="0" regionsrebuilding="0"/>
  </mem-info>
</gc-end>
<cycle-end id="760" type="partial gc" contextid="753" timestamp="2019-08-11T06:20:41.685" />
  <attribute name="elasticGC enabled" value="1" />
  <attribute name= "numThreadsSpecified" value="16" />
  <attribute name="heapSize specified" value="0" />
  <attribute name="Current GC Util" value="207" />
  <attribute name= "Current Time Running" value="152859" />
  <attribute name ="GC Interval" value="0" />
  <attribute name="ProportionalT" value="63.500000" />
  <attribute name="ProportionalI" value="63.500000" />
  <attribute name="ProportionalH" value="63.500000" />
  <attribute name="Current Error" value="127.000000" />
  <attribute name="IntegralT" value="63.500000" />
  <attribute name="IntegralI" value="63.500000" />
  <attribute name="IntegralH" value="63.500000" />
  <attribute name="DerivativeT" value="127.000000" />
  <attribute name="DerivativeI" value="127.000000" />
  <attribute name="DerivativeH" value="127.000000" />
  <attribute name="Loop Time for DT" value="1.000000" />
  <attribute name="Output H" value="8388608"/>
  <attribute name="Output I" value="256"/>
  <attribute name="Output T" value="16"/>
  <attribute name="Target GC Util Change" value ="80.000000" />
  <attribute name="Current GC Util Change" value="207.000000"/>
  <attribute name="GC Util currently" value="207" />
  <attribute name="CPU Util currently" value="813719332082" />
<exclusive-end id="761" timestamp="2019-08-11T06:20:41.686" durationms="20.942" />

<exclusive-start id="762" timestamp="2019-08-11T06:20:41.843" intervalms="178.463">
  <response-info timems="0.015" idlems="0.015" threads="0" lastid="0000000001E02F00" lastname="main" />
</exclusive-start>
<allocation-taxation id="763" taxation-threshold="37748736" timestamp="2019-08-11T06:20:41.843" intervalms="178.492" />
<cycle-start id="764" type="partial gc" contextid="0" timestamp="2019-08-11T06:20:41.843" intervalms="178.460" />
<gc-start id="765" type="partial gc" contextid="764" timestamp="2019-08-11T06:20:41.843">
  <mem-info id="766" free="29360128" total="121634816" percent="24">
    <mem type="eden" free="0" total="37748736" percent="0" />
    <remembered-set count="31552" freebytes="4736512" totalbytes="4862720" percent="97" regionsoverflowed="0" regionsstable="0" regionsrebuilding="0"/>
  </mem-info>
</gc-start>
<allocation-stats totalBytes="37713096" >
  <allocated-bytes non-tlh="65544" tlh="37647552" arrayletleaf="0"/>
  <largest-consumer threadName="main" threadId="0000000001E02F00" bytes="37713096" />
</allocation-stats>
<gc-op id="767" type="copy forward" timems="11.864" contextid="764" timestamp="2019-08-11T06:20:41.857">
  <memory-copied type="eden" objects="79664" bytes="2098288" bytesdiscarded="129544" />
  <memory-copied type="other" objects="105187" bytes="2671472" bytesdiscarded="174000" />
  <memory-cardclean objects="1255" bytes="57424" />
  <regions eden="18" other="2" />
  <remembered-set-cleared processed="19974" cleared="6930" durationms="0.139" />
  <references type="soft" candidates="747" cleared="0" enqueued="0" dynamicThreshold="17" maxThreshold="32" />
  <references type="weak" candidates="146" cleared="0" enqueued="0" />
  <references type="phantom" candidates="1" cleared="0" enqueued="0" />
  <stringconstants candidates="13328" cleared="0"  />
</gc-op>
<gc-op id="768" type="classunload" timems="0.009" contextid="764" timestamp="2019-08-11T06:20:41.857">
  <classunload-info classloadercandidates="55" classloadersunloaded="0" classesunloaded="0" anonymousclassesunloaded="0" quiescems="0.000" setupms="0.008" scanms="0.000" postms="0.000" />
</gc-op>
<heap-resize id="769" type="contract" space="default" amount="6291456" count="1" timems="0.067" reason="insufficient time being spent in gc" timestamp="2019-08-11T06:20:41.857" />
<gc-end id="770" type="partial gc" contextid="764" durationms="13.585" usertimems="52.446" systemtimems="0.000" timestamp="2019-08-11T06:20:41.857" activeThreads="16">
  <mem-info id="771" free="56623104" total="115343360" percent="49">
    <mem type="eden" free="1966472" total="4194304" percent="46" />
    <remembered-set count="36384" freebytes="4717184" totalbytes="4862720" percent="97" regionsoverflowed="0" regionsstable="0" regionsrebuilding="0"/>
  </mem-info>
</gc-end>
<cycle-end id="772" type="partial gc" contextid="764" timestamp="2019-08-11T06:20:41.857" />
  <attribute name="elasticGC enabled" value="1" />
  <attribute name= "numThreadsSpecified" value="16" />
  <attribute name="heapSize specified" value="0" />
  <attribute name="Current GC Util" value="138" />
  <attribute name= "Current Time Running" value="153037" />
  <attribute name ="GC Interval" value="0" />
  <attribute name="ProportionalT" value="29.000000" />
  <attribute name="ProportionalI" value="29.000000" />
  <attribute name="ProportionalH" value="29.000000" />
  <attribute name="Current Error" value="58.000000" />
  <attribute name="IntegralT" value="29.000000" />
  <attribute name="IntegralI" value="29.000000" />
  <attribute name="IntegralH" value="29.000000" />
  <attribute name="DerivativeT" value="58.000000" />
  <attribute name="DerivativeI" value="58.000000" />
  <attribute name="DerivativeH" value="58.000000" />
  <attribute name="Loop Time for DT" value="1.000000" />
  <attribute name="Output H" value="8388608"/>
  <attribute name="Output I" value="200"/>
  <attribute name="Output T" value="16"/>
  <attribute name="Target GC Util Change" value ="80.000000" />
  <attribute name="Current GC Util Change" value="138.000000"/>
  <attribute name="GC Util currently" value="138" />
  <attribute name="CPU Util currently" value="1070508400967" />
<exclusive-end id="773" timestamp="2019-08-11T06:20:41.857" durationms="14.250" />

<exclusive-start id="774" timestamp="2019-08-11T06:20:41.947" intervalms="103.719">
  <response-info timems="0.033" idlems="0.033" threads="0" lastid="0000000001E02F00" lastname="main" />
</exclusive-start>
<allocation-taxation id="775" taxation-threshold="35651584" timestamp="2019-08-11T06:20:41.947" intervalms="103.687" />
<cycle-start id="776" type="partial gc" contextid="0" timestamp="2019-08-11T06:20:41.947" intervalms="103.688" />
<gc-start id="777" type="partial gc" contextid="776" timestamp="2019-08-11T06:20:41.947">
  <mem-info id="778" free="20971520" total="115343360" percent="18">
    <mem type="eden" free="0" total="35651584" percent="0" />
    <remembered-set count="36000" freebytes="4718720" totalbytes="4862720" percent="97" regionsoverflowed="0" regionsstable="0" regionsrebuilding="0"/>
  </mem-info>
</gc-start>
<allocation-stats totalBytes="35618216" >
  <allocated-bytes non-tlh="0" tlh="35618216" arrayletleaf="0"/>
  <largest-consumer threadName="main" threadId="0000000001E02F00" bytes="35618216" />
</allocation-stats>
<gc-op id="779" type="copy forward" timems="11.867" contextid="776" timestamp="2019-08-11T06:20:41.961">
  <memory-copied type="eden" objects="73340" bytes="1805440" bytesdiscarded="142736" />
  <memory-copied type="other" objects="83914" bytes="4186624" bytesdiscarded="199392" />
  <memory-cardclean objects="5620" bytes="179400" />
  <regions eden="17" other="3" />
  <remembered-set-cleared processed="23799" cleared="5962" durationms="0.239" />
  <finalization candidates="1" enqueued="0" />
  <references type="soft" candidates="31" cleared="0" enqueued="0" dynamicThreshold="15" maxThreshold="32" />
  <references type="phantom" candidates="1" cleared="0" enqueued="0" />
  <stringconstants candidates="13328" cleared="0"  />
</gc-op>
<gc-op id="780" type="classunload" timems="0.009" contextid="776" timestamp="2019-08-11T06:20:41.961">
  <classunload-info classloadercandidates="55" classloadersunloaded="0" classesunloaded="0" anonymousclassesunloaded="0" quiescems="0.000" setupms="0.009" scanms="0.000" postms="0.000" />
</gc-op>
<gc-end id="781" type="partial gc" contextid="776" durationms="13.703" usertimems="50.672" systemtimems="0.000" timestamp="2019-08-11T06:20:41.961" activeThreads="16">
  <mem-info id="782" free="54525952" total="115343360" percent="47">
    <mem type="eden" free="148976" total="2097152" percent="7" />
    <remembered-set count="41024" freebytes="4447104" totalbytes="4611200" percent="96" regionsoverflowed="0" regionsstable="0" regionsrebuilding="0"/>
  </mem-info>
</gc-end>
<cycle-end id="783" type="partial gc" contextid="776" timestamp="2019-08-11T06:20:41.961" />
  <attribute name="elasticGC enabled" value="1" />
  <attribute name= "numThreadsSpecified" value="16" />
  <attribute name="heapSize specified" value="0" />
  <attribute name="Current GC Util" value="87" />
  <attribute name= "Current Time Running" value="153141" />
  <attribute name ="GC Interval" value="0" />
  <attribute name="ProportionalT" value="3.500000" />
  <attribute name="ProportionalI" value="3.500000" />
  <attribute name="ProportionalH" value="3.500000" />
  <attribute name="Current Error" value="7.000000" />
  <attribute name="IntegralT" value="3.500000" />
  <attribute name="IntegralI" value="3.500000" />
  <attribute name="IntegralH" value="3.500000" />
  <attribute name="DerivativeT" value="7.000000" />
  <attribute name="DerivativeI" value="7.000000" />
  <attribute name="DerivativeH" value="7.000000" />
  <attribute name="Loop Time for DT" value="1.000000" />
  <attribute name="Output H" value="8388608"/>
  <attribute name="Output I" value="200"/>
  <attribute name="Output T" value="16"/>
  <attribute name="Target GC Util Change" value ="80.000000" />
  <attribute name="Current GC Util Change" value="87.000000"/>
  <attribute name="GC Util currently" value="87" />
  <attribute name="CPU Util currently" value="971959208562" />
<exclusive-end id="784" timestamp="2019-08-11T06:20:41.961" durationms="14.317" />

<exclusive-start id="785" timestamp="2019-08-11T06:20:42.051" intervalms="104.246">
  <response-info timems="0.019" idlems="0.019" threads="0" lastid="0000000001E02F00" lastname="main" />
</exclusive-start>
<allocation-taxation id="786" taxation-threshold="35651584" timestamp="2019-08-11T06:20:42.051" intervalms="104.255" />
<cycle-start id="787" type="partial gc" contextid="0" timestamp="2019-08-11T06:20:42.051" intervalms="104.315" />
<gc-start id="788" type="partial gc" contextid="787" timestamp="2019-08-11T06:20:42.052">
  <mem-info id="789" free="18874368" total="115343360" percent="16">
    <mem type="eden" free="0" total="35651584" percent="0" />
    <remembered-set count="40992" freebytes="4447232" totalbytes="4611200" percent="96" regionsoverflowed="0" regionsstable="0" regionsrebuilding="0"/>
  </mem-info>
</gc-start>
<allocation-stats totalBytes="35615344" >
  <allocated-bytes non-tlh="262160" tlh="35353184" arrayletleaf="0"/>
  <largest-consumer threadName="main" threadId="0000000001E02F00" bytes="35615344" />
</allocation-stats>
<gc-op id="790" type="copy forward" timems="23.075" contextid="787" timestamp="2019-08-11T06:20:42.076">
  <memory-copied type="eden" objects="74063" bytes="2098176" bytesdiscarded="8" />
  <memory-copied type="other" objects="148780" bytes="3643456" bytesdiscarded="0" />
  <memory-cardclean objects="7115" bytes="325472" />
  <regions eden="17" other="2" />
  <remembered-set-cleared processed="28050" cleared="8574" durationms="0.412" />
  <stringconstants candidates="13328" cleared="0"  />
</gc-op>
<gc-op id="791" type="classunload" timems="0.007" contextid="787" timestamp="2019-08-11T06:20:42.076">
  <classunload-info classloadercandidates="55" classloadersunloaded="0" classesunloaded="0" anonymousclassesunloaded="0" quiescems="0.000" setupms="0.007" scanms="0.000" postms="0.000" />
</gc-op>
<gc-end id="792" type="partial gc" contextid="787" durationms="24.224" usertimems="25.932" systemtimems="0.000" timestamp="2019-08-11T06:20:42.076" activeThreads="1">
  <mem-info id="793" free="50331648" total="115343360" percent="43">
    <mem type="eden" free="2096120" total="4194304" percent="49" />
    <remembered-set count="44448" freebytes="4433408" totalbytes="4611200" percent="96" regionsoverflowed="0" regionsstable="0" regionsrebuilding="0"/>
  </mem-info>
</gc-end>
<cycle-end id="794" type="partial gc" contextid="787" timestamp="2019-08-11T06:20:42.076" />
  <attribute name="elasticGC enabled" value="1" />
  <attribute name= "numThreadsSpecified" value="1" />
  <attribute name="heapSize specified" value="0" />
  <attribute name="Current GC Util" value="166" />
  <attribute name= "Current Time Running" value="153245" />
  <attribute name ="GC Interval" value="0" />
  <attribute name="ProportionalT" value="43.000000" />
  <attribute name="ProportionalI" value="43.000000" />
  <attribute name="ProportionalH" value="43.000000" />
  <attribute name="Current Error" value="86.000000" />
  <attribute name="IntegralT" value="0.000000" />
  <attribute name="IntegralI" value="0.000000" />
  <attribute name="IntegralH" value="0.000000" />
  <attribute name="DerivativeT" value="inf" />
  <attribute name="DerivativeI" value="inf" />
  <attribute name="DerivativeH" value="inf" />
  <attribute name="Loop Time for DT" value="0.000000" />
  <attribute name="Output H" value="8388608"/>
  <attribute name="Output I" value="200"/>
  <attribute name="Output T" value="1"/>
  <attribute name="Target GC Util Change" value ="80.000000" />
  <attribute name="Current GC Util Change" value="166.000000"/>
  <attribute name="GC Util currently" value="166" />
  <attribute name="CPU Util currently" value="2236945070960" />
<exclusive-end id="795" timestamp="2019-08-11T06:20:42.076" durationms="25.334" />

<exclusive-start id="796" timestamp="2019-08-11T06:20:42.120" intervalms="69.440">
  <response-info timems="0.018" idlems="0.018" threads="0" lastid="0000000001E02F00" lastname="main" />
</exclusive-start>
<allocation-taxation id="797" taxation-threshold="16777216" timestamp="2019-08-11T06:20:42.121" intervalms="69.432" />
<cycle-start id="798" type="global mark phase" contextid="0" timestamp="2019-08-11T06:20:42.121" intervalms="3407.791" />
<gc-start id="799" type="global mark phase" contextid="798" timestamp="2019-08-11T06:20:42.121">
  <mem-info id="800" free="33554432" total="115343360" percent="29">
    <remembered-set count="44128" freebytes="4434688" totalbytes="4611200" percent="96" regionsoverflowed="0" regionsstable="0" regionsrebuilding="0"/>
  </mem-info>
</gc-start>
<gc-op id="801" type="mark increment" timems="5.517" contextid="798" timestamp="2019-08-11T06:20:42.126">
  <trace-info objectcount="179691" scancount="137282" scanbytes="4160780" />
</gc-op>
<gc-end id="802" type="global mark phase" contextid="798" durationms="5.593" usertimems="24.172" systemtimems="0.000" timestamp="2019-08-11T06:20:42.126" activeThreads="16">
  <mem-info id="803" free="33554432" total="115343360" percent="29">
    <remembered-set count="44128" freebytes="4434688" totalbytes="4611200" percent="96" regionsoverflowed="0" regionsstable="0" regionsrebuilding="0"/>
  </mem-info>
</gc-end>
<concurrent-start id="804" type="GMP work packet processing" contextid="798" timestamp="2019-08-11T06:20:42.126">
  <concurrent-mark-start scanTarget="16334760" />
</concurrent-start>
<exclusive-end id="805" timestamp="2019-08-11T06:20:42.127" durationms="6.077" />

<concurrent-end id="806" type="GMP work packet processing" contextid="798" timestamp="2019-08-11T06:20:42.130">
  <concurrent-mark-end bytesScanned="6462496" reasonForTermination="Completed all work in GC phase" />
</concurrent-end>

<exclusive-start id="807" timestamp="2019-08-11T06:20:42.169" intervalms="48.107">
  <response-info timems="0.018" idlems="0.018" threads="0" lastid="0000000001E02F00" lastname="main" />
</exclusive-start>
<allocation-taxation id="808" taxation-threshold="16777216" timestamp="2019-08-11T06:20:42.169" intervalms="48.108" />
<cycle-start id="809" type="partial gc" contextid="0" timestamp="2019-08-11T06:20:42.169" intervalms="117.521" />
<gc-start id="810" type="partial gc" contextid="809" timestamp="2019-08-11T06:20:42.169">
  <mem-info id="811" free="16777216" total="115343360" percent="14">
    <mem type="eden" free="0" total="33554432" percent="0" />
    <remembered-set count="44128" freebytes="4434688" totalbytes="4611200" percent="96" regionsoverflowed="0" regionsstable="0" regionsrebuilding="0"/>
  </mem-info>
</gc-start>
<allocation-stats totalBytes="33528096" >
  <allocated-bytes non-tlh="0" tlh="33528096" arrayletleaf="0"/>
  <largest-consumer threadName="main" threadId="0000000001E02F00" bytes="16764440" />
</allocation-stats>
<gc-op id="812" type="copy forward" timems="19.874" contextid="809" timestamp="2019-08-11T06:20:42.190">
  <memory-copied type="eden" objects="69975" bytes="1754504" bytesdiscarded="78856" />
  <memory-copied type="other" objects="148907" bytes="3950144" bytesdiscarded="186776" />
  <memory-cardclean objects="6682" bytes="181816" />
  <regions eden="16" other="3" />
  <remembered-set-cleared processed="31089" cleared="9002" durationms="0.184" />
  <stringconstants candidates="13328" cleared="0"  />
</gc-op>
<gc-op id="813" type="classunload" timems="0.012" contextid="809" timestamp="2019-08-11T06:20:42.190">
  <classunload-info classloadercandidates="55" classloadersunloaded="0" classesunloaded="0" anonymousclassesunloaded="0" quiescems="0.000" setupms="0.012" scanms="0.000" postms="0.000" />
</gc-op>
<heap-resize id="814" type="expand" space="default" amount="20971520" count="1" timems="0.154" reason="excessive time being spent in gc" timestamp="2019-08-11T06:20:42.190" />
<gc-end id="815" type="partial gc" contextid="809" durationms="21.272" usertimems="58.838" systemtimems="0.000" timestamp="2019-08-11T06:20:42.190" activeThreads="16">
  <mem-info id="816" free="71303168" total="136314880" percent="52">
    <mem type="eden" free="263792" total="2097152" percent="12" />
    <remembered-set count="44992" freebytes="5269632" totalbytes="5449600" percent="96" regionsoverflowed="0" regionsstable="0" regionsrebuilding="0"/>
  </mem-info>
</gc-end>
<cycle-end id="817" type="partial gc" contextid="809" timestamp="2019-08-11T06:20:42.190" />
  <attribute name="elasticGC enabled" value="1" />
  <attribute name= "numThreadsSpecified" value="16" />
  <attribute name="heapSize specified" value="0" />
  <attribute name="Current GC Util" value="130" />
  <attribute name= "Current Time Running" value="153363" />
  <attribute name ="GC Interval" value="0" />
  <attribute name="ProportionalT" value="25.000000" />
  <attribute name="ProportionalI" value="25.000000" />
  <attribute name="ProportionalH" value="25.000000" />
  <attribute name="Current Error" value="50.000000" />
  <attribute name="IntegralT" value="25.000000" />
  <attribute name="IntegralI" value="25.000000" />
  <attribute name="IntegralH" value="25.000000" />
  <attribute name="DerivativeT" value="50.000000" />
  <attribute name="DerivativeI" value="50.000000" />
  <attribute name="DerivativeH" value="50.000000" />
  <attribute name="Loop Time for DT" value="1.000000" />
  <attribute name="Output H" value="8388608"/>
  <attribute name="Output I" value="200"/>
  <attribute name="Output T" value="16"/>
  <attribute name="Target GC Util Change" value ="80.000000" />
  <attribute name="Current GC Util Change" value="130.000000"/>
  <attribute name="GC Util currently" value="130" />
  <attribute name="CPU Util currently" value="1489381766577" />
<exclusive-end id="818" timestamp="2019-08-11T06:20:42.191" durationms="21.965" />

<exclusive-start id="819" timestamp="2019-08-11T06:20:42.266" intervalms="97.713">
  <response-info timems="0.125" idlems="0.125" threads="0" lastid="0000000001E02F00" lastname="main" />
</exclusive-start>
<allocation-taxation id="820" taxation-threshold="20971520" timestamp="2019-08-11T06:20:42.266" intervalms="97.720" />
<gc-start id="821" type="global mark phase" contextid="798" timestamp="2019-08-11T06:20:42.266">
  <mem-info id="822" free="50331648" total="136314880" percent="36">
    <remembered-set count="44960" freebytes="5269760" totalbytes="5449600" percent="96" regionsoverflowed="0" regionsstable="0" regionsrebuilding="0"/>
  </mem-info>
</gc-start>
<gc-op id="823" type="mark increment" timems="10.607" contextid="798" timestamp="2019-08-11T06:20:42.277">
  <trace-info objectcount="78922" scancount="72120" scanbytes="1994676" />
  <cardclean-info objects="22567" bytes="641380" />
  <finalization candidates="82" enqueued="1" />
  <ownableSynchronizers candidates="21" cleared="0" />
  <references type="soft" candidates="2706" cleared="0" enqueued="0" dynamicThreshold="16" maxThreshold="32" />
  <references type="weak" candidates="5563" cleared="36" enqueued="36" />
  <references type="phantom" candidates="99" cleared="1" enqueued="1" />
  <stringconstants candidates="13328" cleared="12"  />
</gc-op>
<gc-op id="824" type="classunload" timems="0.009" contextid="798" timestamp="2019-08-11T06:20:42.277">
  <classunload-info classloadercandidates="55" classloadersunloaded="0" classesunloaded="0" anonymousclassesunloaded="0" quiescems="0.000" setupms="0.008" scanms="0.000" postms="0.000" />
</gc-op>
<gc-end id="825" type="global mark phase" contextid="798" durationms="10.743" usertimems="33.847" systemtimems="0.000" timestamp="2019-08-11T06:20:42.277" activeThreads="16">
  <mem-info id="826" free="50331648" total="136314880" percent="36">
    <pending-finalizers system="0" default="1" reference="37" classloader="0" />
    <remembered-set count="44960" freebytes="5269760" totalbytes="5449600" percent="96" regionsoverflowed="0" regionsstable="0" regionsrebuilding="0"/>
  </mem-info>
</gc-end>
<cycle-end id="827" type="global mark phase" contextid="798" timestamp="2019-08-11T06:20:42.277" />
  <attribute name="elasticGC enabled" value="1" />
  <attribute name= "numThreadsSpecified" value="16" />
  <attribute name="heapSize specified" value="0" />
  <attribute name="Current GC Util" value="419" />
  <attribute name= "Current Time Running" value="153464" />
  <attribute name ="GC Interval" value="0" />
  <attribute name="ProportionalT" value="169.500000" />
  <attribute name="ProportionalI" value="169.500000" />
  <attribute name="ProportionalH" value="169.500000" />
  <attribute name="Current Error" value="339.000000" />
  <attribute name="IntegralT" value="508.500000" />
  <attribute name="IntegralI" value="508.500000" />
  <attribute name="IntegralH" value="508.500000" />
  <attribute name="DerivativeT" value="89.666667" />
  <attribute name="DerivativeI" value="89.666667" />
  <attribute name="DerivativeH" value="89.666667" />
  <attribute name="Loop Time for DT" value="3.000000" />
  <attribute name="Output H" value="8388608"/>
  <attribute name="Output I" value="768"/>
  <attribute name="Output T" value="16"/>
  <attribute name="Target GC Util Change" value ="80.000000" />
  <attribute name="Current GC Util Change" value="419.000000"/>
  <attribute name="GC Util currently" value="419" />
  <attribute name="CPU Util currently" value="437753676647" />
<exclusive-end id="828" timestamp="2019-08-11T06:20:42.277" durationms="11.043" />

-------------------------------------------------------------------------------
PYBENCH 2.0
-------------------------------------------------------------------------------
* using Python 2.5.2
* system check interval set to maximum: 2147483647
* using timer: time.time

Calibrating tests. Please wait...

Running 4 round(s) of the suite at warp factor 10:

<exclusive-start id="829" timestamp="2019-08-11T06:20:42.444" intervalms="177.977">
  <response-info timems="0.069" idlems="0.069" threads="0" lastid="0000000001E02F00" lastname="main" />
</exclusive-start>
<allocation-taxation id="830" taxation-threshold="20971520" timestamp="2019-08-11T06:20:42.444" intervalms="177.975" />
<cycle-start id="831" type="partial gc" contextid="0" timestamp="2019-08-11T06:20:42.444" intervalms="275.679" />
<gc-start id="832" type="partial gc" contextid="831" timestamp="2019-08-11T06:20:42.445">
  <mem-info id="833" free="29360128" total="136314880" percent="21">
    <mem type="eden" free="0" total="41943040" percent="0" />
    <remembered-set count="44960" freebytes="5269760" totalbytes="5449600" percent="96" regionsoverflowed="0" regionsstable="0" regionsrebuilding="0"/>
  </mem-info>
</gc-start>
<allocation-stats totalBytes="41932888" >
  <allocated-bytes non-tlh="1958888" tlh="39974000" arrayletleaf="0"/>
  <largest-consumer threadName="main" threadId="0000000001E02F00" bytes="20965272" />
</allocation-stats>
<gc-op id="834" type="sweep" timems="2.375" contextid="831" timestamp="2019-08-11T06:20:42.447" />
<gc-op id="835" type="copy forward" timems="17.751" contextid="831" timestamp="2019-08-11T06:20:42.466">
  <memory-copied type="eden" objects="54789" bytes="1417832" bytesdiscarded="100894" />
  <memory-copied type="other" objects="114831" bytes="2771328" bytesdiscarded="168170" />
  <memory-cardclean objects="7713" bytes="497096" />
  <regions eden="10" other="12" />
  <remembered-set-cleared processed="35140" cleared="5659" durationms="0.318" />
  <references type="soft" candidates="2140" cleared="0" enqueued="0" dynamicThreshold="11" maxThreshold="32" />
  <references type="weak" candidates="88" cleared="0" enqueued="0" />
  <stringconstants candidates="13775" cleared="5"  />
</gc-op>
<gc-op id="836" type="classunload" timems="0.010" contextid="831" timestamp="2019-08-11T06:20:42.466">
  <classunload-info classloadercandidates="55" classloadersunloaded="0" classesunloaded="0" anonymousclassesunloaded="0" quiescems="0.000" setupms="0.010" scanms="0.000" postms="0.000" />
</gc-op>
<gc-end id="837" type="partial gc" contextid="831" durationms="21.725" usertimems="77.534" systemtimems="0.000" timestamp="2019-08-11T06:20:42.466" activeThreads="16">
  <mem-info id="838" free="67108864" total="136314880" percent="49">
    <mem type="eden" free="1599376" total="4194304" percent="38" />
    <remembered-set count="52736" freebytes="5238656" totalbytes="5449600" percent="96" regionsoverflowed="0" regionsstable="0" regionsrebuilding="0"/>
  </mem-info>
</gc-end>
<cycle-end id="839" type="partial gc" contextid="831" timestamp="2019-08-11T06:20:42.466" />
  <attribute name="elasticGC enabled" value="1" />
  <attribute name= "numThreadsSpecified" value="16" />
  <attribute name="heapSize specified" value="0" />
  <attribute name="Current GC Util" value="83" />
  <attribute name= "Current Time Running" value="153641" />
  <attribute name ="GC Interval" value="0" />
  <attribute name="ProportionalT" value="1.500000" />
  <attribute name="ProportionalI" value="1.500000" />
  <attribute name="ProportionalH" value="1.500000" />
  <attribute name="Current Error" value="3.000000" />
  <attribute name="IntegralT" value="1.500000" />
  <attribute name="IntegralI" value="1.500000" />
  <attribute name="IntegralH" value="1.500000" />
  <attribute name="DerivativeT" value="-103.000000" />
  <attribute name="DerivativeI" value="-103.000000" />
  <attribute name="DerivativeH" value="-103.000000" />
  <attribute name="Loop Time for DT" value="1.000000" />
  <attribute name="Output H" value="4202627072"/>
  <attribute name="Output I" value="200"/>
  <attribute name="Output T" value="16"/>
  <attribute name="Target GC Util Change" value ="80.000000" />
  <attribute name="Current GC Util Change" value="83.000000"/>
  <attribute name="GC Util currently" value="83" />
  <attribute name="CPU Util currently" value="1354281475469" />
<exclusive-end id="840" timestamp="2019-08-11T06:20:42.467" durationms="22.270" />

<exclusive-start id="841" timestamp="2019-08-11T06:20:42.779" intervalms="335.046">
  <response-info timems="0.043" idlems="0.043" threads="0" lastid="0000000001E02F00" lastname="main" />
</exclusive-start>
<allocation-taxation id="842" taxation-threshold="41943040" timestamp="2019-08-11T06:20:42.779" intervalms="335.068" />
<cycle-start id="843" type="partial gc" contextid="0" timestamp="2019-08-11T06:20:42.779" intervalms="335.062" />
<gc-start id="844" type="partial gc" contextid="843" timestamp="2019-08-11T06:20:42.780">
  <mem-info id="845" free="25165824" total="136314880" percent="18">
    <mem type="eden" free="0" total="41943040" percent="0" />
    <remembered-set count="52288" freebytes="5240448" totalbytes="5449600" percent="96" regionsoverflowed="0" regionsstable="0" regionsrebuilding="0"/>
  </mem-info>
</gc-start>
<allocation-stats totalBytes="41939536" >
  <allocated-bytes non-tlh="0" tlh="41939536" arrayletleaf="0"/>
  <largest-consumer threadName="main" threadId="0000000001E02F00" bytes="41939536" />
</allocation-stats>
<gc-op id="846" type="copy forward" timems="15.965" contextid="843" timestamp="2019-08-11T06:20:42.797">
  <memory-copied type="eden" objects="28" bytes="880" bytesdiscarded="0" />
  <memory-copied type="other" objects="107679" bytes="2741256" bytesdiscarded="171224" />
  <memory-cardclean objects="9227" bytes="620344" />
  <regions eden="20" other="7" />
  <remembered-set-cleared processed="38534" cleared="10657" durationms="0.262" />
  <references type="soft" candidates="2534" cleared="0" enqueued="0" dynamicThreshold="15" maxThreshold="32" />
  <references type="weak" candidates="413" cleared="0" enqueued="0" />
  <stringconstants candidates="13770" cleared="0"  />
</gc-op>
<gc-op id="847" type="classunload" timems="0.009" contextid="843" timestamp="2019-08-11T06:20:42.797">
  <classunload-info classloadercandidates="55" classloadersunloaded="0" classesunloaded="0" anonymousclassesunloaded="0" quiescems="0.000" setupms="0.008" scanms="0.000" postms="0.000" />
</gc-op>
<gc-end id="848" type="partial gc" contextid="843" durationms="17.026" usertimems="51.412" systemtimems="0.000" timestamp="2019-08-11T06:20:42.797" activeThreads="16">
  <mem-info id="849" free="71303168" total="136314880" percent="52">
    <mem type="eden" free="2096272" total="2097152" percent="99" />
    <remembered-set count="51936" freebytes="5241856" totalbytes="5449600" percent="96" regionsoverflowed="0" regionsstable="0" regionsrebuilding="0"/>
  </mem-info>
</gc-end>
<cycle-end id="850" type="partial gc" contextid="843" timestamp="2019-08-11T06:20:42.797" />
  <attribute name="elasticGC enabled" value="1" />
  <attribute name= "numThreadsSpecified" value="16" />
  <attribute name="heapSize specified" value="0" />
  <attribute name="Current GC Util" value="143" />
  <attribute name= "Current Time Running" value="153973" />
  <attribute name ="GC Interval" value="0" />
  <attribute name="ProportionalT" value="31.500000" />
  <attribute name="ProportionalI" value="31.500000" />
  <attribute name="ProportionalH" value="31.500000" />
  <attribute name="Current Error" value="63.000000" />
  <attribute name="IntegralT" value="31.500000" />
  <attribute name="IntegralI" value="31.500000" />
  <attribute name="IntegralH" value="31.500000" />
  <attribute name="DerivativeT" value="63.000000" />
  <attribute name="DerivativeI" value="63.000000" />
  <attribute name="DerivativeH" value="63.000000" />
  <attribute name="Loop Time for DT" value="1.000000" />
  <attribute name="Output H" value="8388608"/>
  <attribute name="Output I" value="200"/>
  <attribute name="Output T" value="16"/>
  <attribute name="Target GC Util Change" value ="80.000000" />
  <attribute name="Current GC Util Change" value="143.000000"/>
  <attribute name="GC Util currently" value="143" />
  <attribute name="CPU Util currently" value="1907200026708" />
<exclusive-end id="851" timestamp="2019-08-11T06:20:42.797" durationms="17.668" />

<exclusive-start id="852" timestamp="2019-08-11T06:20:45.060" intervalms="2280.199">
  <response-info timems="0.025" idlems="0.025" threads="0" lastid="0000000001E02F00" lastname="main" />
</exclusive-start>
<allocation-taxation id="853" taxation-threshold="41943040" timestamp="2019-08-11T06:20:45.060" intervalms="2280.210" />
<cycle-start id="854" type="partial gc" contextid="0" timestamp="2019-08-11T06:20:45.060" intervalms="2280.249" />
<gc-start id="855" type="partial gc" contextid="854" timestamp="2019-08-11T06:20:45.060">
  <mem-info id="856" free="29360128" total="136314880" percent="21">
    <mem type="eden" free="0" total="41943040" percent="0" />
    <remembered-set count="51648" freebytes="5243008" totalbytes="5449600" percent="96" regionsoverflowed="0" regionsstable="0" regionsrebuilding="0"/>
  </mem-info>
</gc-start>
<allocation-stats totalBytes="41836600" >
  <allocated-bytes non-tlh="64" tlh="41836536" arrayletleaf="0"/>
  <largest-consumer threadName="main" threadId="0000000001E02F00" bytes="41836600" />
</allocation-stats>
<gc-op id="857" type="copy forward" timems="16.708" contextid="854" timestamp="2019-08-11T06:20:45.078">
  <memory-copied type="eden" objects="82" bytes="3208" bytesdiscarded="376" />
  <memory-copied type="other" objects="11274" bytes="465696" bytesdiscarded="32472" />
  <memory-cardclean objects="5803" bytes="249200" />
  <regions eden="20" other="4" />
  <remembered-set-cleared processed="39621" cleared="4734" durationms="0.346" />
  <references type="soft" candidates="228" cleared="0" enqueued="0" dynamicThreshold="16" maxThreshold="32" />
  <references type="weak" candidates="1226" cleared="0" enqueued="0" />
  <stringconstants candidates="13771" cleared="0"  />
</gc-op>
<gc-op id="858" type="classunload" timems="0.024" contextid="854" timestamp="2019-08-11T06:20:45.078">
  <classunload-info classloadercandidates="55" classloadersunloaded="0" classesunloaded="0" anonymousclassesunloaded="0" quiescems="0.000" setupms="0.024" scanms="0.000" postms="0.000" />
</gc-op>
<heap-resize id="859" type="contract" space="default" amount="8388608" count="1" timems="0.109" reason="insufficient time being spent in gc" timestamp="2019-08-11T06:20:45.079" />
<gc-end id="860" type="partial gc" contextid="854" durationms="18.674" usertimems="37.857" systemtimems="0.000" timestamp="2019-08-11T06:20:45.079" activeThreads="16">
  <mem-info id="861" free="65011712" total="127926272" percent="50">
    <mem type="eden" free="2093568" total="2097152" percent="99" />
    <remembered-set count="51008" freebytes="5245568" totalbytes="5449600" percent="96" regionsoverflowed="0" regionsstable="0" regionsrebuilding="0"/>
  </mem-info>
</gc-end>
<cycle-end id="862" type="partial gc" contextid="854" timestamp="2019-08-11T06:20:45.079" />
  <attribute name="elasticGC enabled" value="1" />
  <attribute name= "numThreadsSpecified" value="16" />
  <attribute name="heapSize specified" value="0" />
  <attribute name="Current GC Util" value="103" />
  <attribute name= "Current Time Running" value="156254" />
  <attribute name ="GC Interval" value="0" />
  <attribute name="ProportionalT" value="11.500000" />
  <attribute name="ProportionalI" value="11.500000" />
  <attribute name="ProportionalH" value="11.500000" />
  <attribute name="Current Error" value="23.000000" />
  <attribute name="IntegralT" value="11.500000" />
  <attribute name="IntegralI" value="11.500000" />
  <attribute name="IntegralH" value="11.500000" />
  <attribute name="DerivativeT" value="23.000000" />
  <attribute name="DerivativeI" value="23.000000" />
  <attribute name="DerivativeH" value="23.000000" />
  <attribute name="Loop Time for DT" value="1.000000" />
  <attribute name="Output H" value="8388608"/>
  <attribute name="Output I" value="200"/>
  <attribute name="Output T" value="16"/>
  <attribute name="Target GC Util Change" value ="80.000000" />
  <attribute name="Current GC Util Change" value="103.000000"/>
  <attribute name="GC Util currently" value="103" />
  <attribute name="CPU Util currently" value="925891874340" />
<exclusive-end id="863" timestamp="2019-08-11T06:20:45.079" durationms="19.469" />

<exclusive-start id="864" timestamp="2019-08-11T06:20:45.130" intervalms="70.294">
  <response-info timems="0.072" idlems="0.072" threads="0" lastid="0000000001E02F00" lastname="main" />
</exclusive-start>
<allocation-taxation id="865" taxation-threshold="39845888" timestamp="2019-08-11T06:20:45.130" intervalms="70.276" />
<cycle-start id="866" type="partial gc" contextid="0" timestamp="2019-08-11T06:20:45.130" intervalms="70.258" />
<gc-start id="867" type="partial gc" contextid="866" timestamp="2019-08-11T06:20:45.130">
  <mem-info id="868" free="25165824" total="127926272" percent="19">
    <mem type="eden" free="0" total="39845888" percent="0" />
    <remembered-set count="50944" freebytes="5245824" totalbytes="5449600" percent="96" regionsoverflowed="0" regionsstable="0" regionsrebuilding="0"/>
  </mem-info>
</gc-start>
<allocation-stats totalBytes="39701240" >
  <allocated-bytes non-tlh="0" tlh="39701240" arrayletleaf="0"/>
  <largest-consumer threadName="main" threadId="0000000001E02F00" bytes="39701240" />
</allocation-stats>
<gc-op id="869" type="copy forward" timems="18.187" contextid="866" timestamp="2019-08-11T06:20:45.150">
  <memory-copied type="eden" objects="2" bytes="56" bytesdiscarded="0" />
  <memory-copied type="other" objects="18383" bytes="887416" bytesdiscarded="140176" />
  <memory-cardclean objects="79675" bytes="2238776" />
  <regions eden="19" other="3" />
  <remembered-set-cleared processed="29892" cleared="6908" durationms="0.253" />
  <finalization candidates="13" enqueued="0" />
  <references type="soft" candidates="54" cleared="0" enqueued="0" dynamicThreshold="16" maxThreshold="32" />
  <references type="weak" candidates="165" cleared="0" enqueued="0" />
  <references type="phantom" candidates="51" cleared="0" enqueued="0" />
  <stringconstants candidates="13771" cleared="0"  />
</gc-op>
<gc-op id="870" type="classunload" timems="0.009" contextid="866" timestamp="2019-08-11T06:20:45.150">
  <classunload-info classloadercandidates="55" classloadersunloaded="0" classesunloaded="0" anonymousclassesunloaded="0" quiescems="0.000" setupms="0.009" scanms="0.000" postms="0.000" />
</gc-op>
<heap-resize id="871" type="contract" space="default" amount="8388608" count="1" timems="0.153" reason="insufficient time being spent in gc" timestamp="2019-08-11T06:20:45.150" />
<gc-end id="872" type="partial gc" contextid="866" durationms="20.277" usertimems="44.160" systemtimems="0.000" timestamp="2019-08-11T06:20:45.151" activeThreads="16">
  <mem-info id="873" free="56623104" total="119537664" percent="47">
    <mem type="eden" free="2097096" total="2097152" percent="99" />
    <remembered-set count="48640" freebytes="4919680" totalbytes="5114240" percent="96" regionsoverflowed="0" regionsstable="0" regionsrebuilding="0"/>
  </mem-info>
</gc-end>
<cycle-end id="874" type="partial gc" contextid="866" timestamp="2019-08-11T06:20:45.151" />
  <attribute name="elasticGC enabled" value="1" />
  <attribute name= "numThreadsSpecified" value="16" />
  <attribute name="heapSize specified" value="0" />
  <attribute name="Current GC Util" value="75" />
  <attribute name= "Current Time Running" value="156325" />
  <attribute name ="GC Interval" value="0" />
  <attribute name="ProportionalT" value="-2.500000" />
  <attribute name="ProportionalI" value="-2.500000" />
  <attribute name="ProportionalH" value="-2.500000" />
  <attribute name="Current Error" value="-5.000000" />
  <attribute name="IntegralT" value="-5.000000" />
  <attribute name="IntegralI" value="-5.000000" />
  <attribute name="IntegralH" value="-5.000000" />
  <attribute name="DerivativeT" value="-2.500000" />
  <attribute name="DerivativeI" value="-2.500000" />
  <attribute name="DerivativeH" value="-2.500000" />
  <attribute name="Loop Time for DT" value="2.000000" />
  <attribute name="Output H" value="4202627072"/>
  <attribute name="Output I" value="200"/>
  <attribute name="Output T" value="16"/>
  <attribute name="Target GC Util Change" value ="80.000000" />
  <attribute name="Current GC Util Change" value="75.000000"/>
  <attribute name="GC Util currently" value="75" />
  <attribute name="CPU Util currently" value="836290886264" />
<exclusive-end id="875" timestamp="2019-08-11T06:20:45.151" durationms="21.035" />

<exclusive-start id="876" timestamp="2019-08-11T06:20:45.181" intervalms="50.879">
  <response-info timems="0.068" idlems="0.068" threads="0" lastid="0000000001E02F00" lastname="main" />
</exclusive-start>
<allocation-taxation id="877" taxation-threshold="37748736" timestamp="2019-08-11T06:20:45.181" intervalms="50.856" />
<cycle-start id="878" type="partial gc" contextid="0" timestamp="2019-08-11T06:20:45.181" intervalms="50.855" />
<gc-start id="879" type="partial gc" contextid="878" timestamp="2019-08-11T06:20:45.181">
  <mem-info id="880" free="18874368" total="119537664" percent="15">
    <mem type="eden" free="2097096" total="39845888" percent="5" />
    <remembered-set count="48288" freebytes="4921088" totalbytes="5114240" percent="96" regionsoverflowed="0" regionsstable="0" regionsrebuilding="0"/>
  </mem-info>
</gc-start>
<allocation-stats totalBytes="37621464" >
  <allocated-bytes non-tlh="0" tlh="37621464" arrayletleaf="0"/>
  <largest-consumer threadName="main" threadId="0000000001E02F00" bytes="37621464" />
</allocation-stats>
<gc-op id="881" type="copy forward" timems="17.842" contextid="878" timestamp="2019-08-11T06:20:45.201">
  <memory-copied type="eden" objects="2" bytes="56" bytesdiscarded="0" />
  <memory-copied type="other" objects="18777" bytes="1344272" bytesdiscarded="120056" />
  <memory-cardclean objects="77463" bytes="2744872" />
  <regions eden="18" other="4" />
  <remembered-set-cleared processed="27750" cleared="10060" durationms="0.192" />
  <finalization candidates="18" enqueued="0" />
  <ownableSynchronizers candidates="4" cleared="0" />
  <references type="soft" candidates="441" cleared="0" enqueued="0" dynamicThreshold="15" maxThreshold="32" />
  <references type="weak" candidates="1522" cleared="0" enqueued="0" />
  <references type="phantom" candidates="8" cleared="0" enqueued="0" />
  <stringconstants candidates="13771" cleared="0"  />
</gc-op>
<gc-op id="882" type="classunload" timems="0.009" contextid="878" timestamp="2019-08-11T06:20:45.201">
  <classunload-info classloadercandidates="55" classloadersunloaded="0" classesunloaded="0" anonymousclassesunloaded="0" quiescems="0.000" setupms="0.009" scanms="0.000" postms="0.000" />
</gc-op>
<heap-resize id="883" type="contract" space="default" amount="6291456" count="1" timems="0.267" reason="insufficient time being spent in gc" timestamp="2019-08-11T06:20:45.202" />
<gc-end id="884" type="partial gc" contextid="878" durationms="20.494" usertimems="58.944" systemtimems="0.000" timestamp="2019-08-11T06:20:45.202" activeThreads="16">
  <mem-info id="885" free="52428800" total="113246208" percent="46">
    <mem type="eden" free="2097096" total="2097152" percent="99" />
    <remembered-set count="47520" freebytes="4588800" totalbytes="4778880" percent="96" regionsoverflowed="0" regionsstable="0" regionsrebuilding="0"/>
  </mem-info>
</gc-end>
<cycle-end id="886" type="partial gc" contextid="878" timestamp="2019-08-11T06:20:45.202" />
  <attribute name="elasticGC enabled" value="1" />
  <attribute name= "numThreadsSpecified" value="16" />
  <attribute name="heapSize specified" value="0" />
  <attribute name="Current GC Util" value="74" />
  <attribute name= "Current Time Running" value="156376" />
  <attribute name ="GC Interval" value="0" />
  <attribute name="ProportionalT" value="-3.000000" />
  <attribute name="ProportionalI" value="-3.000000" />
  <attribute name="ProportionalH" value="-3.000000" />
  <attribute name="Current Error" value="-6.000000" />
  <attribute name="IntegralT" value="-6.000000" />
  <attribute name="IntegralI" value="-6.000000" />
  <attribute name="IntegralH" value="-6.000000" />
  <attribute name="DerivativeT" value="-4.500000" />
  <attribute name="DerivativeI" value="-4.500000" />
  <attribute name="DerivativeH" value="-4.500000" />
  <attribute name="Loop Time for DT" value="2.000000" />
  <attribute name="Output H" value="4202627072"/>
  <attribute name="Output I" value="200"/>
  <attribute name="Output T" value="16"/>
  <attribute name="Target GC Util Change" value ="80.000000" />
  <attribute name="Current GC Util Change" value="74.000000"/>
  <attribute name="GC Util currently" value="74" />
  <attribute name="CPU Util currently" value="623813490030" />
<exclusive-end id="887" timestamp="2019-08-11T06:20:45.202" durationms="21.175" />

<exclusive-start id="888" timestamp="2019-08-11T06:20:45.215" intervalms="33.974">
  <response-info timems="0.048" idlems="0.048" threads="0" lastid="0000000001E02F00" lastname="main" />
</exclusive-start>
<allocation-taxation id="889" taxation-threshold="16777216" timestamp="2019-08-11T06:20:45.215" intervalms="33.980" />
<cycle-start id="890" type="global mark phase" contextid="0" timestamp="2019-08-11T06:20:45.215" intervalms="3094.287" />
<gc-start id="891" type="global mark phase" contextid="890" timestamp="2019-08-11T06:20:45.215">
  <mem-info id="892" free="35651584" total="113246208" percent="31">
    <remembered-set count="47040" freebytes="4590720" totalbytes="4778880" percent="96" regionsoverflowed="0" regionsstable="0" regionsrebuilding="0"/>
  </mem-info>
</gc-start>
<gc-op id="893" type="mark increment" timems="6.422" contextid="890" timestamp="2019-08-11T06:20:45.221">
  <trace-info objectcount="210" scancount="0" scanbytes="0" />
</gc-op>
<gc-end id="894" type="global mark phase" contextid="890" durationms="6.470" usertimems="19.971" systemtimems="0.000" timestamp="2019-08-11T06:20:45.221" activeThreads="16">
  <mem-info id="895" free="35651584" total="113246208" percent="31">
    <remembered-set count="47040" freebytes="4590720" totalbytes="4778880" percent="96" regionsoverflowed="0" regionsstable="0" regionsrebuilding="0"/>
  </mem-info>
</gc-end>
<concurrent-start id="896" type="GMP work packet processing" contextid="890" timestamp="2019-08-11T06:20:45.221">
  <concurrent-mark-start scanTarget="17333641" />
</concurrent-start>
<exclusive-end id="897" timestamp="2019-08-11T06:20:45.222" durationms="6.859" />

<concurrent-end id="898" type="GMP work packet processing" contextid="890" timestamp="2019-08-11T06:20:45.231">
  <concurrent-mark-end bytesScanned="13642728" reasonForTermination="Completed all work in GC phase" />
</concurrent-end>

<exclusive-start id="899" timestamp="2019-08-11T06:20:45.246" intervalms="30.991">
  <response-info timems="0.058" idlems="0.058" threads="0" lastid="0000000001E02F00" lastname="main" />
</exclusive-start>
<allocation-taxation id="900" taxation-threshold="16777216" timestamp="2019-08-11T06:20:45.246" intervalms="30.995" />
<cycle-start id="901" type="partial gc" contextid="0" timestamp="2019-08-11T06:20:45.246" intervalms="65.003" />
<gc-start id="902" type="partial gc" contextid="901" timestamp="2019-08-11T06:20:45.246">
  <mem-info id="903" free="18874368" total="113246208" percent="16">
    <mem type="eden" free="2097096" total="35651584" percent="5" />
    <remembered-set count="47040" freebytes="4590720" totalbytes="4778880" percent="96" regionsoverflowed="0" regionsstable="0" regionsrebuilding="0"/>
  </mem-info>
</gc-start>
<allocation-stats totalBytes="33440864" >
  <allocated-bytes non-tlh="0" tlh="33440864" arrayletleaf="0"/>
  <largest-consumer threadName="main" threadId="0000000001E02F00" bytes="16722280" />
</allocation-stats>
<gc-op id="904" type="copy forward" timems="28.311" contextid="901" timestamp="2019-08-11T06:20:45.276">
  <memory-copied type="eden" objects="2" bytes="56" bytesdiscarded="0" />
  <memory-copied type="other" objects="34860" bytes="1933416" bytesdiscarded="145200" />
  <memory-cardclean objects="221670" bytes="7463712" />
  <regions eden="16" other="4" />
  <remembered-set-cleared processed="10697" cleared="6884" durationms="0.164" />
  <finalization candidates="49" enqueued="0" />
  <ownableSynchronizers candidates="17" cleared="0" />
  <references type="soft" candidates="1052" cleared="0" enqueued="0" dynamicThreshold="10" maxThreshold="32" />
  <references type="weak" candidates="2709" cleared="0" enqueued="0" />
  <references type="phantom" candidates="45" cleared="0" enqueued="0" />
  <stringconstants candidates="13771" cleared="0"  />
</gc-op>
<gc-op id="905" type="classunload" timems="0.014" contextid="901" timestamp="2019-08-11T06:20:45.277">
  <classunload-info classloadercandidates="55" classloadersunloaded="0" classesunloaded="0" anonymousclassesunloaded="0" quiescems="0.000" setupms="0.014" scanms="0.000" postms="0.000" />
</gc-op>
<heap-resize id="906" type="expand" space="default" amount="20971520" count="1" timems="0.280" reason="excessive time being spent in gc" timestamp="2019-08-11T06:20:45.277" />
<gc-end id="907" type="partial gc" contextid="901" durationms="30.962" usertimems="100.785" systemtimems="0.000" timestamp="2019-08-11T06:20:45.277" activeThreads="16">
  <mem-info id="908" free="75497472" total="134217728" percent="56">
    <mem type="eden" free="2097096" total="2097152" percent="99" />
    <remembered-set count="41632" freebytes="5199232" totalbytes="5365760" percent="96" regionsoverflowed="0" regionsstable="0" regionsrebuilding="0"/>
  </mem-info>
</gc-end>
<cycle-end id="909" type="partial gc" contextid="901" timestamp="2019-08-11T06:20:45.277" />
  <attribute name="elasticGC enabled" value="1" />
  <attribute name= "numThreadsSpecified" value="16" />
  <attribute name="heapSize specified" value="0" />
  <attribute name="Current GC Util" value="233" />
  <attribute name= "Current Time Running" value="156441" />
  <attribute name ="GC Interval" value="0" />
  <attribute name="ProportionalT" value="76.500000" />
  <attribute name="ProportionalI" value="76.500000" />
  <attribute name="ProportionalH" value="76.500000" />
  <attribute name="Current Error" value="153.000000" />
  <attribute name="IntegralT" value="153.000000" />
  <attribute name="IntegralI" value="153.000000" />
  <attribute name="IntegralH" value="153.000000" />
  <attribute name="DerivativeT" value="-16.000000" />
  <attribute name="DerivativeI" value="-16.000000" />
  <attribute name="DerivativeH" value="-16.000000" />
  <attribute name="Loop Time for DT" value="2.000000" />
  <attribute name="Output H" value="8388608"/>
  <attribute name="Output I" value="216"/>
  <attribute name="Output T" value="16"/>
  <attribute name="Target GC Util Change" value ="80.000000" />
  <attribute name="Current GC Util Change" value="233.000000"/>
  <attribute name="GC Util currently" value="233" />
  <attribute name="CPU Util currently" value="643874751722" />
<exclusive-end id="910" timestamp="2019-08-11T06:20:45.277" durationms="31.603" />

<exclusive-start id="911" timestamp="2019-08-11T06:20:45.299" intervalms="53.370">
  <response-info timems="0.052" idlems="0.052" threads="0" lastid="0000000001E02F00" lastname="main" />
</exclusive-start>
<allocation-taxation id="912" taxation-threshold="18874368" timestamp="2019-08-11T06:20:45.299" intervalms="53.376" />
<gc-start id="913" type="global mark phase" contextid="890" timestamp="2019-08-11T06:20:45.299">
  <mem-info id="914" free="56623104" total="134217728" percent="42">
    <remembered-set count="41504" freebytes="5199744" totalbytes="5365760" percent="96" regionsoverflowed="0" regionsstable="0" regionsrebuilding="0"/>
  </mem-info>
</gc-start>
<gc-op id="915" type="mark increment" timems="13.828" contextid="890" timestamp="2019-08-11T06:20:45.313">
  <trace-info objectcount="28" scancount="21" scanbytes="344720" />
  <cardclean-info objects="323155" bytes="8953188" />
  <finalization candidates="81" enqueued="1" />
  <ownableSynchronizers candidates="21" cleared="0" />
  <references type="soft" candidates="4844" cleared="0" enqueued="0" dynamicThreshold="18" maxThreshold="32" />
  <references type="weak" candidates="5590" cleared="4" enqueued="3" />
  <references type="phantom" candidates="98" cleared="0" enqueued="0" />
  <stringconstants candidates="13771" cleared="2"  />
</gc-op>
<gc-op id="916" type="classunload" timems="0.544" contextid="890" timestamp="2019-08-11T06:20:45.314">
  <classunload-info classloadercandidates="55" classloadersunloaded="1" classesunloaded="1" anonymousclassesunloaded="0" quiescems="0.000" setupms="0.523" scanms="0.015" postms="0.006" />
</gc-op>
<gc-end id="917" type="global mark phase" contextid="890" durationms="14.545" usertimems="44.827" systemtimems="0.000" timestamp="2019-08-11T06:20:45.314" activeThreads="16">
  <mem-info id="918" free="56623104" total="134217728" percent="42">
    <pending-finalizers system="0" default="1" reference="3" classloader="0" />
    <remembered-set count="41504" freebytes="5199744" totalbytes="5365760" percent="96" regionsoverflowed="0" regionsstable="0" regionsrebuilding="0"/>
  </mem-info>
</gc-end>
<cycle-end id="919" type="global mark phase" contextid="890" timestamp="2019-08-11T06:20:45.314" />
  <attribute name="elasticGC enabled" value="1" />
  <attribute name= "numThreadsSpecified" value="16" />
  <attribute name="heapSize specified" value="0" />
  <attribute name="Current GC Util" value="153" />
  <attribute name= "Current Time Running" value="156499" />
  <attribute name ="GC Interval" value="0" />
  <attribute name="ProportionalT" value="36.500000" />
  <attribute name="ProportionalI" value="36.500000" />
  <attribute name="ProportionalH" value="36.500000" />
  <attribute name="Current Error" value="73.000000" />
  <attribute name="IntegralT" value="36.500000" />
  <attribute name="IntegralI" value="36.500000" />
  <attribute name="IntegralH" value="36.500000" />
  <attribute name="DerivativeT" value="-236.000000" />
  <attribute name="DerivativeI" value="-236.000000" />
  <attribute name="DerivativeH" value="-236.000000" />
  <attribute name="Loop Time for DT" value="1.000000" />
  <attribute name="Output H" value="4202627072"/>
  <attribute name="Output I" value="200"/>
  <attribute name="Output T" value="16"/>
  <attribute name="Target GC Util Change" value ="80.000000" />
  <attribute name="Current GC Util Change" value="153.000000"/>
  <attribute name="GC Util currently" value="153" />
  <attribute name="CPU Util currently" value="835119330094" />
<exclusive-end id="920" timestamp="2019-08-11T06:20:45.314" durationms="14.921" />

<exclusive-start id="921" timestamp="2019-08-11T06:20:45.331" intervalms="31.976">
  <response-info timems="0.028" idlems="0.028" threads="0" lastid="0000000001E02F00" lastname="main" />
</exclusive-start>
<allocation-taxation id="922" taxation-threshold="18874368" timestamp="2019-08-11T06:20:45.331" intervalms="31.983" />
<cycle-start id="923" type="partial gc" contextid="0" timestamp="2019-08-11T06:20:45.331" intervalms="85.315" />
<gc-start id="924" type="partial gc" contextid="923" timestamp="2019-08-11T06:20:45.331">
  <mem-info id="925" free="37748736" total="134217728" percent="28">
    <mem type="eden" free="2097096" total="39845888" percent="5" />
    <remembered-set count="41504" freebytes="5199744" totalbytes="5365760" percent="96" regionsoverflowed="0" regionsstable="0" regionsrebuilding="0"/>
  </mem-info>
</gc-start>
<allocation-stats totalBytes="37621464" >
  <allocated-bytes non-tlh="0" tlh="37621464" arrayletleaf="0"/>
  <largest-consumer threadName="main" threadId="0000000001E02F00" bytes="18812568" />
</allocation-stats>
<gc-op id="926" type="sweep" timems="2.539" contextid="923" timestamp="2019-08-11T06:20:45.334" />
<gc-op id="927" type="copy forward" timems="11.340" contextid="923" timestamp="2019-08-11T06:20:45.347">
  <memory-copied type="eden" objects="2" bytes="56" bytesdiscarded="0" />
  <memory-copied type="other" objects="0" bytes="0" bytesdiscarded="0" />
  <memory-cardclean objects="28" bytes="1248" />
  <regions eden="9" other="1" />
  <remembered-set-cleared processed="33352" cleared="6" durationms="0.254" />
  <stringconstants candidates="13769" cleared="0"  />
</gc-op>
<gc-op id="928" type="classunload" timems="0.011" contextid="923" timestamp="2019-08-11T06:20:45.347">
  <classunload-info classloadercandidates="54" classloadersunloaded="0" classesunloaded="0" anonymousclassesunloaded="0" quiescems="0.000" setupms="0.011" scanms="0.000" postms="0.000" />
</gc-op>
<heap-resize id="929" type="expand" space="default" amount="12582912" count="1" timems="0.177" reason="excessive time being spent in gc" timestamp="2019-08-11T06:20:45.347" />
<gc-end id="930" type="partial gc" contextid="923" durationms="15.580" usertimems="30.556" systemtimems="0.000" timestamp="2019-08-11T06:20:45.347" activeThreads="16">
  <mem-info id="931" free="88080384" total="146800640" percent="60">
    <mem type="eden" free="2097096" total="2097152" percent="99" />
    <remembered-set count="39424" freebytes="5711104" totalbytes="5868800" percent="97" regionsoverflowed="0" regionsstable="0" regionsrebuilding="0"/>
  </mem-info>
</gc-end>
<cycle-end id="932" type="partial gc" contextid="923" timestamp="2019-08-11T06:20:45.347" />
  <attribute name="elasticGC enabled" value="1" />
  <attribute name= "numThreadsSpecified" value="16" />
  <attribute name="heapSize specified" value="0" />
  <attribute name="Current GC Util" value="182" />
  <attribute name= "Current Time Running" value="156528" />
  <attribute name ="GC Interval" value="0" />
  <attribute name="ProportionalT" value="51.000000" />
  <attribute name="ProportionalI" value="51.000000" />
  <attribute name="ProportionalH" value="51.000000" />
  <attribute name="Current Error" value="102.000000" />
  <attribute name="IntegralT" value="51.000000" />
  <attribute name="IntegralI" value="51.000000" />
  <attribute name="IntegralH" value="51.000000" />
  <attribute name="DerivativeT" value="18.000000" />
  <attribute name="DerivativeI" value="18.000000" />
  <attribute name="DerivativeH" value="18.000000" />
  <attribute name="Loop Time for DT" value="1.000000" />
  <attribute name="Output H" value="8388608"/>
  <attribute name="Output I" value="200"/>
  <attribute name="Output T" value="16"/>
  <attribute name="Target GC Util Change" value ="80.000000" />
  <attribute name="Current GC Util Change" value="182.000000"/>
  <attribute name="GC Util currently" value="182" />
  <attribute name="CPU Util currently" value="1616506433806" />
<exclusive-end id="933" timestamp="2019-08-11T06:20:45.347" durationms="16.212" />

<exclusive-start id="934" timestamp="2019-08-11T06:20:45.376" intervalms="44.772">
  <response-info timems="0.048" idlems="0.048" threads="0" lastid="0000000001E02F00" lastname="main" />
</exclusive-start>
<allocation-taxation id="935" taxation-threshold="44040192" timestamp="2019-08-11T06:20:45.376" intervalms="44.798" />
<cycle-start id="936" type="partial gc" contextid="0" timestamp="2019-08-11T06:20:45.376" intervalms="44.778" />
<gc-start id="937" type="partial gc" contextid="936" timestamp="2019-08-11T06:20:45.376">
  <mem-info id="938" free="44040192" total="146800640" percent="30">
    <mem type="eden" free="2097096" total="46137344" percent="4" />
    <remembered-set count="39424" freebytes="5711104" totalbytes="5868800" percent="97" regionsoverflowed="0" regionsstable="0" regionsrebuilding="0"/>
  </mem-info>
</gc-start>
<allocation-stats totalBytes="43892304" >
  <allocated-bytes non-tlh="0" tlh="43892304" arrayletleaf="0"/>
  <largest-consumer threadName="main" threadId="0000000001E02F00" bytes="43892304" />
</allocation-stats>
<gc-op id="939" type="copy forward" timems="9.604" contextid="936" timestamp="2019-08-11T06:20:45.387">
  <memory-copied type="eden" objects="2" bytes="56" bytesdiscarded="0" />
  <memory-copied type="other" objects="34844" bytes="1033624" bytesdiscarded="90192" />
  <memory-cardclean objects="28731" bytes="1297360" />
  <regions eden="21" other="6" />
  <remembered-set-cleared processed="29820" cleared="6797" durationms="0.223" />
  <references type="soft" candidates="790" cleared="0" enqueued="0" dynamicThreshold="19" maxThreshold="32" />
  <references type="weak" candidates="360" cleared="0" enqueued="0" />
  <references type="phantom" candidates="2" cleared="0" enqueued="0" />
  <stringconstants candidates="13769" cleared="0"  />
</gc-op>
<gc-op id="940" type="classunload" timems="0.009" contextid="936" timestamp="2019-08-11T06:20:45.387">
  <classunload-info classloadercandidates="54" classloadersunloaded="0" classesunloaded="0" anonymousclassesunloaded="0" quiescems="0.000" setupms="0.009" scanms="0.000" postms="0.000" />
</gc-op>
<gc-end id="941" type="partial gc" contextid="936" durationms="10.695" usertimems="32.051" systemtimems="0.000" timestamp="2019-08-11T06:20:45.387" activeThreads="16">
  <mem-info id="942" free="92274688" total="146800640" percent="62">
    <mem type="eden" free="2097096" total="2097152" percent="99" />
    <remembered-set count="41440" freebytes="5703040" totalbytes="5868800" percent="97" regionsoverflowed="0" regionsstable="0" regionsrebuilding="0"/>
  </mem-info>
</gc-end>
<cycle-end id="943" type="partial gc" contextid="936" timestamp="2019-08-11T06:20:45.387" />
  <attribute name="elasticGC enabled" value="1" />
  <attribute name= "numThreadsSpecified" value="16" />
  <attribute name="heapSize specified" value="0" />
  <attribute name="Current GC Util" value="177" />
  <attribute name= "Current Time Running" value="156570" />
  <attribute name ="GC Interval" value="0" />
  <attribute name="ProportionalT" value="48.500000" />
  <attribute name="ProportionalI" value="48.500000" />
  <attribute name="ProportionalH" value="48.500000" />
  <attribute name="Current Error" value="97.000000" />
  <attribute name="IntegralT" value="48.500000" />
  <attribute name="IntegralI" value="48.500000" />
  <attribute name="IntegralH" value="48.500000" />
  <attribute name="DerivativeT" value="97.000000" />
  <attribute name="DerivativeI" value="97.000000" />
  <attribute name="DerivativeH" value="97.000000" />
  <attribute name="Loop Time for DT" value="1.000000" />
  <attribute name="Output H" value="8388608"/>
  <attribute name="Output I" value="200"/>
  <attribute name="Output T" value="16"/>
  <attribute name="Target GC Util Change" value ="80.000000" />
  <attribute name="Current GC Util Change" value="177.000000"/>
  <attribute name="GC Util currently" value="177" />
  <attribute name="CPU Util currently" value="1951425137600" />
<exclusive-end id="944" timestamp="2019-08-11T06:20:45.387" durationms="11.336" />

<exclusive-start id="945" timestamp="2019-08-11T06:20:45.426" intervalms="50.158">
  <response-info timems="0.050" idlems="0.050" threads="0" lastid="0000000001E02F00" lastname="main" />
</exclusive-start>
<allocation-taxation id="946" taxation-threshold="44040192" timestamp="2019-08-11T06:20:45.426" intervalms="50.115" />
<cycle-start id="947" type="partial gc" contextid="0" timestamp="2019-08-11T06:20:45.426" intervalms="50.146" />
<gc-start id="948" type="partial gc" contextid="947" timestamp="2019-08-11T06:20:45.426">
  <mem-info id="949" free="48234496" total="146800640" percent="32">
    <mem type="eden" free="2097096" total="46137344" percent="4" />
    <remembered-set count="41088" freebytes="5704448" totalbytes="5868800" percent="97" regionsoverflowed="0" regionsstable="0" regionsrebuilding="0"/>
  </mem-info>
</gc-start>
<allocation-stats totalBytes="43892304" >
  <allocated-bytes non-tlh="0" tlh="43892304" arrayletleaf="0"/>
  <largest-consumer threadName="main" threadId="0000000001E02F00" bytes="43892304" />
</allocation-stats>
<gc-op id="950" type="copy forward" timems="12.744" contextid="947" timestamp="2019-08-11T06:20:45.440">
  <memory-copied type="eden" objects="2" bytes="56" bytesdiscarded="736" />
  <memory-copied type="other" objects="25928" bytes="1348912" bytesdiscarded="127280" />
  <memory-cardclean objects="8713" bytes="532072" />
  <regions eden="21" other="4" />
  <remembered-set-cleared processed="31860" cleared="3498" durationms="0.260" />
  <finalization candidates="17" enqueued="0" />
  <references type="soft" candidates="207" cleared="0" enqueued="0" dynamicThreshold="20" maxThreshold="32" />
  <references type="weak" candidates="1311" cleared="0" enqueued="0" />
  <stringconstants candidates="13769" cleared="0"  />
</gc-op>
<gc-op id="951" type="classunload" timems="0.012" contextid="947" timestamp="2019-08-11T06:20:45.440">
  <classunload-info classloadercandidates="54" classloadersunloaded="0" classesunloaded="0" anonymousclassesunloaded="0" quiescems="0.000" setupms="0.011" scanms="0.000" postms="0.000" />
</gc-op>
<gc-end id="952" type="partial gc" contextid="947" durationms="14.021" usertimems="36.823" systemtimems="0.000" timestamp="2019-08-11T06:20:45.440" activeThreads="16">
  <mem-info id="953" free="96468992" total="146800640" percent="65">
    <mem type="eden" free="2096360" total="2097152" percent="99" />
    <remembered-set count="40992" freebytes="5704832" totalbytes="5868800" percent="97" regionsoverflowed="0" regionsstable="0" regionsrebuilding="0"/>
  </mem-info>
</gc-end>
<cycle-end id="954" type="partial gc" contextid="947" timestamp="2019-08-11T06:20:45.440" />
  <attribute name="elasticGC enabled" value="1" />
  <attribute name= "numThreadsSpecified" value="16" />
  <attribute name="heapSize specified" value="0" />
  <attribute name="Current GC Util" value="117" />
  <attribute name= "Current Time Running" value="156620" />
  <attribute name ="GC Interval" value="0" />
  <attribute name="ProportionalT" value="18.500000" />
  <attribute name="ProportionalI" value="18.500000" />
  <attribute name="ProportionalH" value="18.500000" />
  <attribute name="Current Error" value="37.000000" />
  <attribute name="IntegralT" value="18.500000" />
  <attribute name="IntegralI" value="18.500000" />
  <attribute name="IntegralH" value="18.500000" />
  <attribute name="DerivativeT" value="37.000000" />
  <attribute name="DerivativeI" value="37.000000" />
  <attribute name="DerivativeH" value="37.000000" />
  <attribute name="Loop Time for DT" value="1.000000" />
  <attribute name="Output H" value="8388608"/>
  <attribute name="Output I" value="200"/>
  <attribute name="Output T" value="16"/>
  <attribute name="Target GC Util Change" value ="80.000000" />
  <attribute name="Current GC Util Change" value="117.000000"/>
  <attribute name="GC Util currently" value="117" />
  <attribute name="CPU Util currently" value="1653263496645" />
<exclusive-end id="955" timestamp="2019-08-11T06:20:45.441" durationms="14.635" />

<exclusive-start id="956" timestamp="2019-08-11T06:20:45.480" intervalms="54.034">
  <response-info timems="0.050" idlems="0.050" threads="0" lastid="0000000001E02F00" lastname="main" />
</exclusive-start>
<allocation-taxation id="957" taxation-threshold="44040192" timestamp="2019-08-11T06:20:45.480" intervalms="54.040" />
<cycle-start id="958" type="partial gc" contextid="0" timestamp="2019-08-11T06:20:45.480" intervalms="54.070" />
<gc-start id="959" type="partial gc" contextid="958" timestamp="2019-08-11T06:20:45.480">
  <mem-info id="960" free="52428800" total="146800640" percent="35">
    <mem type="eden" free="2096360" total="46137344" percent="4" />
    <remembered-set count="40896" freebytes="5705216" totalbytes="5868800" percent="97" regionsoverflowed="0" regionsstable="0" regionsrebuilding="0"/>
  </mem-info>
</gc-start>
<allocation-stats totalBytes="43892328" >
  <allocated-bytes non-tlh="0" tlh="43892328" arrayletleaf="0"/>
  <largest-consumer threadName="main" threadId="0000000001E02F00" bytes="43892328" />
</allocation-stats>
<gc-op id="961" type="copy forward" timems="12.853" contextid="958" timestamp="2019-08-11T06:20:45.494">
  <memory-copied type="eden" objects="2" bytes="56" bytesdiscarded="0" />
  <memory-copied type="other" objects="30311" bytes="1754376" bytesdiscarded="197656" />
  <memory-cardclean objects="193221" bytes="6441408" />
  <regions eden="21" other="4" />
  <remembered-set-cleared processed="16358" cleared="8569" durationms="0.136" />
  <finalization candidates="46" enqueued="0" />
  <ownableSynchronizers candidates="19" cleared="0" />
  <references type="soft" candidates="892" cleared="0" enqueued="0" dynamicThreshold="21" maxThreshold="32" />
  <references type="weak" candidates="1705" cleared="0" enqueued="0" />
  <references type="phantom" candidates="45" cleared="0" enqueued="0" />
  <stringconstants candidates="13769" cleared="0"  />
</gc-op>
<gc-op id="962" type="classunload" timems="0.013" contextid="958" timestamp="2019-08-11T06:20:45.495">
  <classunload-info classloadercandidates="54" classloadersunloaded="0" classesunloaded="0" anonymousclassesunloaded="0" quiescems="0.000" setupms="0.011" scanms="0.000" postms="0.000" />
</gc-op>
<heap-resize id="963" type="contract" space="default" amount="8388608" count="1" timems="0.464" reason="excess free space following gc" timestamp="2019-08-11T06:20:45.495" />
<gc-end id="964" type="partial gc" contextid="958" durationms="14.800" usertimems="59.188" systemtimems="0.000" timestamp="2019-08-11T06:20:45.495" activeThreads="16">
  <mem-info id="965" free="90177536" total="138412032" percent="65">
    <mem type="eden" free="2097096" total="2097152" percent="99" />
    <remembered-set count="42176" freebytes="5700096" totalbytes="5868800" percent="97" regionsoverflowed="0" regionsstable="0" regionsrebuilding="0"/>
  </mem-info>
</gc-end>
<cycle-end id="966" type="partial gc" contextid="958" timestamp="2019-08-11T06:20:45.496" />
  <attribute name="elasticGC enabled" value="1" />
  <attribute name= "numThreadsSpecified" value="16" />
  <attribute name="heapSize specified" value="0" />
  <attribute name="Current GC Util" value="91" />
  <attribute name= "Current Time Running" value="156674" />
  <attribute name ="GC Interval" value="0" />
  <attribute name="ProportionalT" value="5.500000" />
  <attribute name="ProportionalI" value="5.500000" />
  <attribute name="ProportionalH" value="5.500000" />
  <attribute name="Current Error" value="11.000000" />
  <attribute name="IntegralT" value="5.500000" />
  <attribute name="IntegralI" value="5.500000" />
  <attribute name="IntegralH" value="5.500000" />
  <attribute name="DerivativeT" value="11.000000" />
  <attribute name="DerivativeI" value="11.000000" />
  <attribute name="DerivativeH" value="11.000000" />
  <attribute name="Loop Time for DT" value="1.000000" />
  <attribute name="Output H" value="8388608"/>
  <attribute name="Output I" value="200"/>
  <attribute name="Output T" value="16"/>
  <attribute name="Target GC Util Change" value ="80.000000" />
  <attribute name="Current GC Util Change" value="91.000000"/>
  <attribute name="GC Util currently" value="91" />
  <attribute name="CPU Util currently" value="1371278367121" />
<exclusive-end id="967" timestamp="2019-08-11T06:20:45.497" durationms="16.598" />

<exclusive-start id="968" timestamp="2019-08-11T06:20:45.526" intervalms="46.303">
  <response-info timems="0.086" idlems="0.086" threads="0" lastid="0000000001E02F00" lastname="main" />
</exclusive-start>
<allocation-taxation id="969" taxation-threshold="41943040" timestamp="2019-08-11T06:20:45.526" intervalms="46.296" />
<cycle-start id="970" type="partial gc" contextid="0" timestamp="2019-08-11T06:20:45.526" intervalms="46.297" />
<gc-start id="971" type="partial gc" contextid="970" timestamp="2019-08-11T06:20:45.527">
  <mem-info id="972" free="48234496" total="138412032" percent="34">
    <mem type="eden" free="2097096" total="44040192" percent="4" />
    <remembered-set count="25472" freebytes="5766912" totalbytes="5868800" percent="98" regionsoverflowed="0" regionsstable="1" regionsrebuilding="0"/>
  </mem-info>
</gc-start>
<allocation-stats totalBytes="41802016" >
  <allocated-bytes non-tlh="0" tlh="41802016" arrayletleaf="0"/>
  <largest-consumer threadName="main" threadId="0000000001E02F00" bytes="41802016" />
</allocation-stats>
<gc-op id="973" type="copy forward" timems="8.700" contextid="970" timestamp="2019-08-11T06:20:45.538">
  <memory-copied type="eden" objects="2" bytes="56" bytesdiscarded="0" />
  <memory-copied type="other" objects="4821" bytes="179072" bytesdiscarded="11880" />
  <memory-cardclean objects="8978" bytes="290248" />
  <regions eden="20" other="3" />
  <remembered-set-cleared processed="16488" cleared="843" durationms="0.143" />
  <references type="soft" candidates="93" cleared="0" enqueued="0" dynamicThreshold="20" maxThreshold="32" />
  <references type="weak" candidates="224" cleared="0" enqueued="0" />
  <stringconstants candidates="13769" cleared="0"  />
</gc-op>
<gc-op id="974" type="classunload" timems="0.011" contextid="970" timestamp="2019-08-11T06:20:45.538">
  <classunload-info classloadercandidates="54" classloadersunloaded="0" classesunloaded="0" anonymousclassesunloaded="0" quiescems="0.000" setupms="0.011" scanms="0.000" postms="0.000" />
</gc-op>
<heap-resize id="975" type="contract" space="default" amount="8388608" count="1" timems="0.427" reason="excess free space following gc" timestamp="2019-08-11T06:20:45.538" />
<gc-end id="976" type="partial gc" contextid="970" durationms="11.418" usertimems="35.867" systemtimems="0.000" timestamp="2019-08-11T06:20:45.538" activeThreads="16">
  <mem-info id="977" free="83886080" total="130023424" percent="64">
    <mem type="eden" free="2097096" total="2097152" percent="99" />
    <remembered-set count="24384" freebytes="5435904" totalbytes="5533440" percent="98" regionsoverflowed="0" regionsstable="1" regionsrebuilding="0"/>
  </mem-info>
</gc-end>
<cycle-end id="978" type="partial gc" contextid="970" timestamp="2019-08-11T06:20:45.538" />
  <attribute name="elasticGC enabled" value="1" />
  <attribute name= "numThreadsSpecified" value="16" />
  <attribute name="heapSize specified" value="0" />
  <attribute name="Current GC Util" value="156" />
  <attribute name= "Current Time Running" value="156721" />
  <attribute name ="GC Interval" value="0" />
  <attribute name="ProportionalT" value="38.000000" />
  <attribute name="ProportionalI" value="38.000000" />
  <attribute name="ProportionalH" value="38.000000" />
  <attribute name="Current Error" value="76.000000" />
  <attribute name="IntegralT" value="38.000000" />
  <attribute name="IntegralI" value="38.000000" />
  <attribute name="IntegralH" value="38.000000" />
  <attribute name="DerivativeT" value="57.000000" />
  <attribute name="DerivativeI" value="57.000000" />
  <attribute name="DerivativeH" value="57.000000" />
  <attribute name="Loop Time for DT" value="1.000000" />
  <attribute name="Output H" value="8388608"/>
  <attribute name="Output I" value="200"/>
  <attribute name="Output T" value="16"/>
  <attribute name="Target GC Util Change" value ="80.000000" />
  <attribute name="Current GC Util Change" value="156.000000"/>
  <attribute name="GC Util currently" value="156" />
  <attribute name="CPU Util currently" value="657449290738" />
<exclusive-end id="979" timestamp="2019-08-11T06:20:45.538" durationms="12.084" />

<exclusive-start id="980" timestamp="2019-08-11T06:20:45.566" intervalms="40.065">
  <response-info timems="0.056" idlems="0.056" threads="0" lastid="0000000001E02F00" lastname="main" />
</exclusive-start>
<allocation-taxation id="981" taxation-threshold="39845888" timestamp="2019-08-11T06:20:45.566" intervalms="40.066" />
<cycle-start id="982" type="partial gc" contextid="0" timestamp="2019-08-11T06:20:45.566" intervalms="40.052" />
<gc-start id="983" type="partial gc" contextid="982" timestamp="2019-08-11T06:20:45.567">
  <mem-info id="984" free="44040192" total="130023424" percent="33">
    <mem type="eden" free="2097096" total="41943040" percent="4" />
    <remembered-set count="24256" freebytes="5436416" totalbytes="5533440" percent="98" regionsoverflowed="0" regionsstable="1" regionsrebuilding="0"/>
  </mem-info>
</gc-start>
<allocation-stats totalBytes="39711728" >
  <allocated-bytes non-tlh="0" tlh="39711728" arrayletleaf="0"/>
  <largest-consumer threadName="main" threadId="0000000001E02F00" bytes="39711728" />
</allocation-stats>
<gc-op id="985" type="copy forward" timems="13.641" contextid="982" timestamp="2019-08-11T06:20:45.582">
  <memory-copied type="eden" objects="2" bytes="56" bytesdiscarded="0" />
  <memory-copied type="other" objects="39061" bytes="1994056" bytesdiscarded="408" />
  <memory-cardclean objects="76982" bytes="2128024" />
  <regions eden="19" other="4" />
  <remembered-set-cleared processed="8153" cleared="2232" durationms="0.401" />
  <finalization candidates="17" enqueued="0" />
  <ownableSynchronizers candidates="2" cleared="0" />
  <references type="soft" candidates="713" cleared="0" enqueued="0" dynamicThreshold="20" maxThreshold="32" />
  <references type="weak" candidates="1823" cleared="0" enqueued="0" />
  <references type="phantom" candidates="51" cleared="0" enqueued="0" />
  <stringconstants candidates="13769" cleared="0"  />
</gc-op>
<gc-op id="986" type="classunload" timems="0.009" contextid="982" timestamp="2019-08-11T06:20:45.582">
  <classunload-info classloadercandidates="54" classloadersunloaded="0" classesunloaded="0" anonymousclassesunloaded="0" quiescems="0.000" setupms="0.009" scanms="0.000" postms="0.000" />
</gc-op>
<heap-resize id="987" type="contract" space="default" amount="8388608" count="1" timems="0.087" reason="excess free space following gc" timestamp="2019-08-11T06:20:45.582" />
<gc-end id="988" type="partial gc" contextid="982" durationms="15.558" usertimems="17.395" systemtimems="0.000" timestamp="2019-08-11T06:20:45.582" activeThreads="1">
  <mem-info id="989" free="77594624" total="121634816" percent="63">
    <mem type="eden" free="2097096" total="2097152" percent="99" />
    <remembered-set count="20416" freebytes="5116416" totalbytes="5198080" percent="98" regionsoverflowed="0" regionsstable="1" regionsrebuilding="0"/>
  </mem-info>
</gc-end>
<cycle-end id="990" type="partial gc" contextid="982" timestamp="2019-08-11T06:20:45.582" />
  <attribute name="elasticGC enabled" value="1" />
  <attribute name= "numThreadsSpecified" value="1" />
  <attribute name="heapSize specified" value="0" />
  <attribute name="Current GC Util" value="77" />
  <attribute name= "Current Time Running" value="156761" />
  <attribute name ="GC Interval" value="0" />
  <attribute name="ProportionalT" value="-1.500000" />
  <attribute name="ProportionalI" value="-1.500000" />
  <attribute name="ProportionalH" value="-1.500000" />
  <attribute name="Current Error" value="-3.000000" />
  <attribute name="IntegralT" value="-1.500000" />
  <attribute name="IntegralI" value="-1.500000" />
  <attribute name="IntegralH" value="-1.500000" />
  <attribute name="DerivativeT" value="-3.000000" />
  <attribute name="DerivativeI" value="-3.000000" />
  <attribute name="DerivativeH" value="-3.000000" />
  <attribute name="Loop Time for DT" value="1.000000" />
  <attribute name="Output H" value="8388608"/>
  <attribute name="Output I" value="200"/>
  <attribute name="Output T" value="1"/>
  <attribute name="Target GC Util Change" value ="80.000000" />
  <attribute name="Current GC Util Change" value="77.000000"/>
  <attribute name="GC Util currently" value="77" />
  <attribute name="CPU Util currently" value="977396679403" />
<exclusive-end id="991" timestamp="2019-08-11T06:20:45.583" durationms="16.257" />

<exclusive-start id="992" timestamp="2019-08-11T06:20:45.604" intervalms="37.638">
  <response-info timems="0.041" idlems="0.041" threads="0" lastid="0000000001E02F00" lastname="main" />
</exclusive-start>
<allocation-taxation id="993" taxation-threshold="37748736" timestamp="2019-08-11T06:20:45.604" intervalms="37.636" />
<cycle-start id="994" type="partial gc" contextid="0" timestamp="2019-08-11T06:20:45.604" intervalms="37.610" />
<gc-start id="995" type="partial gc" contextid="994" timestamp="2019-08-11T06:20:45.604">
  <mem-info id="996" free="39845888" total="121634816" percent="32">
    <mem type="eden" free="2097096" total="39845888" percent="5" />
    <remembered-set count="20192" freebytes="5117312" totalbytes="5198080" percent="98" regionsoverflowed="0" regionsstable="1" regionsrebuilding="0"/>
  </mem-info>
</gc-start>
<allocation-stats totalBytes="37621464" >
  <allocated-bytes non-tlh="0" tlh="37621464" arrayletleaf="0"/>
  <largest-consumer threadName="main" threadId="0000000001E02F00" bytes="37621464" />
</allocation-stats>
<gc-op id="997" type="copy forward" timems="2.297" contextid="994" timestamp="2019-08-11T06:20:45.609">
  <memory-copied type="eden" objects="2" bytes="56" bytesdiscarded="0" />
  <memory-copied type="other" objects="784" bytes="27608" bytesdiscarded="0" />
  <memory-cardclean objects="299" bytes="18464" />
  <regions eden="18" other="2" />
  <remembered-set-cleared processed="17278" cleared="191" durationms="0.498" />
  <references type="soft" candidates="4" cleared="0" enqueued="0" dynamicThreshold="20" maxThreshold="32" />
  <references type="weak" candidates="23" cleared="0" enqueued="0" />
  <stringconstants candidates="13769" cleared="0"  />
</gc-op>
<gc-op id="998" type="classunload" timems="0.008" contextid="994" timestamp="2019-08-11T06:20:45.609">
  <classunload-info classloadercandidates="54" classloadersunloaded="0" classesunloaded="0" anonymousclassesunloaded="0" quiescems="0.000" setupms="0.008" scanms="0.000" postms="0.000" />
</gc-op>
<heap-resize id="999" type="contract" space="default" amount="6291456" count="1" timems="0.206" reason="excess free space following gc" timestamp="2019-08-11T06:20:45.609" />
<gc-end id="1000" type="partial gc" contextid="994" durationms="4.533" usertimems="8.596" systemtimems="0.000" timestamp="2019-08-11T06:20:45.609" activeThreads="1">
  <mem-info id="1001" free="71303168" total="115343360" percent="61">
    <mem type="eden" free="2097096" total="2097152" percent="99" />
    <remembered-set count="20160" freebytes="4782080" totalbytes="4862720" percent="98" regionsoverflowed="0" regionsstable="1" regionsrebuilding="0"/>
  </mem-info>
</gc-end>
<cycle-end id="1002" type="partial gc" contextid="994" timestamp="2019-08-11T06:20:45.609" />
  <attribute name="elasticGC enabled" value="1" />
  <attribute name= "numThreadsSpecified" value="1" />
  <attribute name="heapSize specified" value="0" />
  <attribute name="Current GC Util" value="78" />
  <attribute name= "Current Time Running" value="156799" />
  <attribute name ="GC Interval" value="0" />
  <attribute name="ProportionalT" value="-1.000000" />
  <attribute name="ProportionalI" value="-1.000000" />
  <attribute name="ProportionalH" value="-1.000000" />
  <attribute name="Current Error" value="-2.000000" />
  <attribute name="IntegralT" value="-2.000000" />
  <attribute name="IntegralI" value="-2.000000" />
  <attribute name="IntegralH" value="-2.000000" />
  <attribute name="DerivativeT" value="-1.000000" />
  <attribute name="DerivativeI" value="-1.000000" />
  <attribute name="DerivativeH" value="-1.000000" />
  <attribute name="Loop Time for DT" value="2.000000" />
  <attribute name="Output H" value="8388608"/>
  <attribute name="Output I" value="200"/>
  <attribute name="Output T" value="1"/>
  <attribute name="Target GC Util Change" value ="80.000000" />
  <attribute name="Current GC Util Change" value="78.000000"/>
  <attribute name="GC Util currently" value="78" />
  <attribute name="CPU Util currently" value="758573340598" />
<exclusive-end id="1003" timestamp="2019-08-11T06:20:45.609" durationms="5.362" />

<exclusive-start id="1004" timestamp="2019-08-11T06:20:45.621" intervalms="17.367">
  <response-info timems="0.074" idlems="0.074" threads="0" lastid="0000000001E02F00" lastname="main" />
</exclusive-start>
<allocation-taxation id="1005" taxation-threshold="16777216" timestamp="2019-08-11T06:20:45.621" intervalms="17.369" />
<cycle-start id="1006" type="global mark phase" contextid="0" timestamp="2019-08-11T06:20:45.621" intervalms="406.579" />
<gc-start id="1007" type="global mark phase" contextid="1006" timestamp="2019-08-11T06:20:45.621">
  <mem-info id="1008" free="54525952" total="115343360" percent="47">
    <remembered-set count="19936" freebytes="4782976" totalbytes="4862720" percent="98" regionsoverflowed="0" regionsstable="1" regionsrebuilding="0"/>
  </mem-info>
</gc-start>
<gc-op id="1009" type="mark increment" timems="2.909" contextid="1006" timestamp="2019-08-11T06:20:45.624">
  <trace-info objectcount="3366" scancount="189" scanbytes="12708" />
</gc-op>
<gc-end id="1010" type="global mark phase" contextid="1006" durationms="2.968" usertimems="10.004" systemtimems="0.000" timestamp="2019-08-11T06:20:45.624" activeThreads="16">
  <mem-info id="1011" free="54525952" total="115343360" percent="47">
    <remembered-set count="20960" freebytes="4778880" totalbytes="4862720" percent="98" regionsoverflowed="0" regionsstable="0" regionsrebuilding="1"/>
  </mem-info>
</gc-end>
<concurrent-start id="1012" type="GMP work packet processing" contextid="1006" timestamp="2019-08-11T06:20:45.624">
  <concurrent-mark-start scanTarget="13348830" />
</concurrent-start>
<exclusive-end id="1013" timestamp="2019-08-11T06:20:45.625" durationms="3.254" />

<concurrent-end id="1014" type="GMP work packet processing" contextid="1006" timestamp="2019-08-11T06:20:45.633">
  <concurrent-mark-end bytesScanned="13465732" reasonForTermination="Work target met" />
</concurrent-end>

<exclusive-start id="1015" timestamp="2019-08-11T06:20:45.642" intervalms="20.204">
  <response-info timems="0.042" idlems="0.042" threads="0" lastid="0000000001E02F00" lastname="main" />
</exclusive-start>
<allocation-taxation id="1016" taxation-threshold="16777216" timestamp="2019-08-11T06:20:45.642" intervalms="20.199" />
<cycle-start id="1017" type="partial gc" contextid="0" timestamp="2019-08-11T06:20:45.642" intervalms="37.587" />
<gc-start id="1018" type="partial gc" contextid="1017" timestamp="2019-08-11T06:20:45.642">
  <mem-info id="1019" free="37748736" total="115343360" percent="32">
    <mem type="eden" free="2097096" total="35651584" percent="5" />
    <remembered-set count="80416" freebytes="4541056" totalbytes="4862720" percent="93" regionsoverflowed="0" regionsstable="0" regionsrebuilding="1"/>
  </mem-info>
</gc-start>
<allocation-stats totalBytes="33440888" >
  <allocated-bytes non-tlh="0" tlh="33440888" arrayletleaf="0"/>
  <largest-consumer threadName="main" threadId="0000000001E02F00" bytes="16722304" />
</allocation-stats>
<gc-op id="1020" type="copy forward" timems="17.248" contextid="1017" timestamp="2019-08-11T06:20:45.661">
  <memory-copied type="eden" objects="2" bytes="56" bytesdiscarded="0" />
  <memory-copied type="other" objects="1031" bytes="34704" bytesdiscarded="4504" />
  <memory-cardclean objects="124773" bytes="4081128" />
  <regions eden="16" other="2" />
  <remembered-set-cleared processed="38697" cleared="7034" durationms="0.293" />
  <references type="soft" candidates="4" cleared="0" enqueued="0" dynamicThreshold="15" maxThreshold="32" />
  <references type="weak" candidates="36" cleared="0" enqueued="0" />
  <stringconstants candidates="13769" cleared="0"  />
</gc-op>
<gc-op id="1021" type="classunload" timems="0.009" contextid="1017" timestamp="2019-08-11T06:20:45.661">
  <classunload-info classloadercandidates="54" classloadersunloaded="0" classesunloaded="0" anonymousclassesunloaded="0" quiescems="0.000" setupms="0.009" scanms="0.000" postms="0.000" />
</gc-op>
<heap-resize id="1022" type="contract" space="default" amount="2097152" count="1" timems="0.135" reason="excess free space following gc" timestamp="2019-08-11T06:20:45.661" />
<gc-end id="1023" type="partial gc" contextid="1017" durationms="19.172" usertimems="61.650" systemtimems="0.000" timestamp="2019-08-11T06:20:45.661" activeThreads="16">
  <mem-info id="1024" free="69206016" total="113246208" percent="61">
    <mem type="eden" free="2097096" total="2097152" percent="99" />
    <remembered-set count="53120" freebytes="4398720" totalbytes="4611200" percent="95" regionsoverflowed="0" regionsstable="0" regionsrebuilding="1"/>
  </mem-info>
</gc-end>
<cycle-end id="1025" type="partial gc" contextid="1017" timestamp="2019-08-11T06:20:45.661" />
  <attribute name="elasticGC enabled" value="1" />
  <attribute name= "numThreadsSpecified" value="16" />
  <attribute name="heapSize specified" value="0" />
  <attribute name="Current GC Util" value="165" />
  <attribute name= "Current Time Running" value="156836" />
  <attribute name ="GC Interval" value="0" />
  <attribute name="ProportionalT" value="42.500000" />
  <attribute name="ProportionalI" value="42.500000" />
  <attribute name="ProportionalH" value="42.500000" />
  <attribute name="Current Error" value="85.000000" />
  <attribute name="IntegralT" value="42.500000" />
  <attribute name="IntegralI" value="42.500000" />
  <attribute name="IntegralH" value="42.500000" />
  <attribute name="DerivativeT" value="-137.000000" />
  <attribute name="DerivativeI" value="-137.000000" />
  <attribute name="DerivativeH" value="-137.000000" />
  <attribute name="Loop Time for DT" value="1.000000" />
  <attribute name="Output H" value="4202627072"/>
  <attribute name="Output I" value="200"/>
  <attribute name="Output T" value="16"/>
  <attribute name="Target GC Util Change" value ="80.000000" />
  <attribute name="Current GC Util Change" value="165.000000"/>
  <attribute name="GC Util currently" value="165" />
  <attribute name="CPU Util currently" value="890879863008" />
<exclusive-end id="1026" timestamp="2019-08-11T06:20:45.661" durationms="19.854" />

<exclusive-start id="1027" timestamp="2019-08-11T06:20:45.677" intervalms="35.543">
  <response-info timems="0.022" idlems="0.022" threads="0" lastid="0000000001E02F00" lastname="main" />
</exclusive-start>
<allocation-taxation id="1028" taxation-threshold="16777216" timestamp="2019-08-11T06:20:45.677" intervalms="35.549" />
<gc-start id="1029" type="global mark phase" contextid="1006" timestamp="2019-08-11T06:20:45.677">
  <mem-info id="1030" free="52428800" total="113246208" percent="46">
    <remembered-set count="53024" freebytes="4399104" totalbytes="4611200" percent="95" regionsoverflowed="0" regionsstable="0" regionsrebuilding="1"/>
  </mem-info>
</gc-start>
<gc-end id="1031" type="global mark phase" contextid="1006" durationms="0.089" usertimems="0.086" systemtimems="0.000" timestamp="2019-08-11T06:20:45.677" activeThreads="16">
  <mem-info id="1032" free="52428800" total="113246208" percent="46">
    <remembered-set count="53024" freebytes="4399104" totalbytes="4611200" percent="95" regionsoverflowed="0" regionsstable="0" regionsrebuilding="1"/>
  </mem-info>
</gc-end>
<concurrent-start id="1033" type="GMP work packet processing" contextid="1006" timestamp="2019-08-11T06:20:45.677">
  <concurrent-mark-start scanTarget="13348830" />
</concurrent-start>
<exclusive-end id="1034" timestamp="2019-08-11T06:20:45.679" durationms="2.331" />

<concurrent-end id="1035" type="GMP work packet processing" contextid="1006" timestamp="2019-08-11T06:20:45.683">
  <concurrent-mark-end bytesScanned="164128" reasonForTermination="Completed all work in GC phase" />
</concurrent-end>

<exclusive-start id="1036" timestamp="2019-08-11T06:20:45.690" intervalms="13.368">
  <response-info timems="0.043" idlems="0.043" threads="0" lastid="0000000001E02F00" lastname="main" />
</exclusive-start>
<allocation-taxation id="1037" taxation-threshold="16777216" timestamp="2019-08-11T06:20:45.690" intervalms="13.359" />
<cycle-start id="1038" type="partial gc" contextid="0" timestamp="2019-08-11T06:20:45.691" intervalms="48.936" />
<gc-start id="1039" type="partial gc" contextid="1038" timestamp="2019-08-11T06:20:45.691">
  <mem-info id="1040" free="35651584" total="113246208" percent="31">
    <mem type="eden" free="2097096" total="35651584" percent="5" />
    <remembered-set count="53632" freebytes="4396672" totalbytes="4611200" percent="95" regionsoverflowed="0" regionsstable="0" regionsrebuilding="1"/>
  </mem-info>
</gc-start>
<allocation-stats totalBytes="33440864" >
  <allocated-bytes non-tlh="0" tlh="33440864" arrayletleaf="0"/>
  <largest-consumer threadName="main" threadId="0000000001E02F00" bytes="16722280" />
</allocation-stats>
<gc-op id="1041" type="copy forward" timems="12.466" contextid="1038" timestamp="2019-08-11T06:20:45.705">
  <memory-copied type="eden" objects="2" bytes="56" bytesdiscarded="0" />
  <memory-copied type="other" objects="3419" bytes="72824" bytesdiscarded="5680" />
  <memory-cardclean objects="78121" bytes="2574136" />
  <regions eden="16" other="2" />
  <remembered-set-cleared processed="37285" cleared="711" durationms="0.706" />
  <stringconstants candidates="13769" cleared="0"  />
</gc-op>
<gc-op id="1042" type="classunload" timems="0.009" contextid="1038" timestamp="2019-08-11T06:20:45.705">
  <classunload-info classloadercandidates="54" classloadersunloaded="0" classesunloaded="0" anonymousclassesunloaded="0" quiescems="0.000" setupms="0.008" scanms="0.000" postms="0.000" />
</gc-op>
<gc-end id="1043" type="partial gc" contextid="1038" durationms="13.967" usertimems="50.349" systemtimems="0.000" timestamp="2019-08-11T06:20:45.705" activeThreads="16">
  <mem-info id="1044" free="69206016" total="113246208" percent="61">
    <mem type="eden" free="2097096" total="2097152" percent="99" />
    <remembered-set count="53472" freebytes="4313472" totalbytes="4527360" percent="95" regionsoverflowed="0" regionsstable="0" regionsrebuilding="1"/>
  </mem-info>
</gc-end>
<cycle-end id="1045" type="partial gc" contextid="1038" timestamp="2019-08-11T06:20:45.705" />
  <attribute name="elasticGC enabled" value="1" />
  <attribute name= "numThreadsSpecified" value="16" />
  <attribute name="heapSize specified" value="0" />
  <attribute name="Current GC Util" value="108" />
  <attribute name= "Current Time Running" value="156885" />
  <attribute name ="GC Interval" value="0" />
  <attribute name="ProportionalT" value="14.000000" />
  <attribute name="ProportionalI" value="14.000000" />
  <attribute name="ProportionalH" value="14.000000" />
  <attribute name="Current Error" value="28.000000" />
  <attribute name="IntegralT" value="14.000000" />
  <attribute name="IntegralI" value="14.000000" />
  <attribute name="IntegralH" value="14.000000" />
  <attribute name="DerivativeT" value="28.000000" />
  <attribute name="DerivativeI" value="28.000000" />
  <attribute name="DerivativeH" value="28.000000" />
  <attribute name="Loop Time for DT" value="1.000000" />
  <attribute name="Output H" value="8388608"/>
  <attribute name="Output I" value="200"/>
  <attribute name="Output T" value="16"/>
  <attribute name="Target GC Util Change" value ="80.000000" />
  <attribute name="Current GC Util Change" value="108.000000"/>
  <attribute name="GC Util currently" value="108" />
  <attribute name="CPU Util currently" value="1295538217390" />
<exclusive-end id="1046" timestamp="2019-08-11T06:20:45.705" durationms="14.843" />

<exclusive-start id="1047" timestamp="2019-08-11T06:20:45.717" intervalms="26.224">
  <response-info timems="0.047" idlems="0.047" threads="0" lastid="0000000001E02F00" lastname="main" />
</exclusive-start>
<allocation-taxation id="1048" taxation-threshold="16777216" timestamp="2019-08-11T06:20:45.717" intervalms="26.232" />
<gc-start id="1049" type="global mark phase" contextid="1006" timestamp="2019-08-11T06:20:45.717">
  <mem-info id="1050" free="52428800" total="113246208" percent="46">
    <remembered-set count="53440" freebytes="4313600" totalbytes="4527360" percent="95" regionsoverflowed="0" regionsstable="0" regionsrebuilding="1"/>
  </mem-info>
</gc-start>
<gc-op id="1051" type="mark increment" timems="17.631" contextid="1006" timestamp="2019-08-11T06:20:45.735">
  <trace-info objectcount="2" scancount="2" scanbytes="56" />
  <cardclean-info objects="163729" bytes="4716404" />
  <finalization candidates="80" enqueued="0" />
  <ownableSynchronizers candidates="21" cleared="0" />
  <references type="soft" candidates="4844" cleared="0" enqueued="0" dynamicThreshold="19" maxThreshold="32" />
  <references type="weak" candidates="5586" cleared="0" enqueued="0" />
  <references type="phantom" candidates="98" cleared="1" enqueued="1" />
  <stringconstants candidates="13769" cleared="0"  />
</gc-op>
<gc-op id="1052" type="classunload" timems="0.012" contextid="1006" timestamp="2019-08-11T06:20:45.735">
  <classunload-info classloadercandidates="54" classloadersunloaded="0" classesunloaded="0" anonymousclassesunloaded="0" quiescems="0.000" setupms="0.012" scanms="0.000" postms="0.000" />
</gc-op>
<gc-end id="1053" type="global mark phase" contextid="1006" durationms="17.836" usertimems="46.186" systemtimems="0.000" timestamp="2019-08-11T06:20:45.735" activeThreads="16">
  <mem-info id="1054" free="52428800" total="113246208" percent="46">
    <pending-finalizers system="0" default="0" reference="1" classloader="0" />
    <remembered-set count="63168" freebytes="4274688" totalbytes="4527360" percent="94" regionsoverflowed="0" regionsstable="0" regionsrebuilding="0"/>
  </mem-info>
</gc-end>
<cycle-end id="1055" type="global mark phase" contextid="1006" timestamp="2019-08-11T06:20:45.735" />
  <attribute name="elasticGC enabled" value="1" />
  <attribute name= "numThreadsSpecified" value="16" />
  <attribute name="heapSize specified" value="0" />
  <attribute name="Current GC Util" value="121" />
  <attribute name= "Current Time Running" value="156921" />
  <attribute name ="GC Interval" value="0" />
  <attribute name="ProportionalT" value="20.500000" />
  <attribute name="ProportionalI" value="20.500000" />
  <attribute name="ProportionalH" value="20.500000" />
  <attribute name="Current Error" value="41.000000" />
  <attribute name="IntegralT" value="41.000000" />
  <attribute name="IntegralI" value="41.000000" />
  <attribute name="IntegralH" value="41.000000" />
  <attribute name="DerivativeT" value="-97.500000" />
  <attribute name="DerivativeI" value="-97.500000" />
  <attribute name="DerivativeH" value="-97.500000" />
  <attribute name="Loop Time for DT" value="2.000000" />
  <attribute name="Output H" value="4202627072"/>
  <attribute name="Output I" value="200"/>
  <attribute name="Output T" value="16"/>
  <attribute name="Target GC Util Change" value ="80.000000" />
  <attribute name="Current GC Util Change" value="121.000000"/>
  <attribute name="GC Util currently" value="121" />
  <attribute name="CPU Util currently" value="477124791530" />
<exclusive-end id="1056" timestamp="2019-08-11T06:20:45.736" durationms="19.029" />

<exclusive-start id="1057" timestamp="2019-08-11T06:20:45.746" intervalms="29.679">
  <response-info timems="0.109" idlems="0.109" threads="0" lastid="0000000001E02F00" lastname="main" />
</exclusive-start>
<allocation-taxation id="1058" taxation-threshold="16777216" timestamp="2019-08-11T06:20:45.746" intervalms="29.717" />
<cycle-start id="1059" type="partial gc" contextid="0" timestamp="2019-08-11T06:20:45.747" intervalms="56.068" />
<gc-start id="1060" type="partial gc" contextid="1059" timestamp="2019-08-11T06:20:45.747">
  <mem-info id="1061" free="35651584" total="113246208" percent="31">
    <mem type="eden" free="2097096" total="35651584" percent="5" />
    <remembered-set count="63168" freebytes="4274688" totalbytes="4527360" percent="94" regionsoverflowed="0" regionsstable="0" regionsrebuilding="0"/>
  </mem-info>
</gc-start>
<allocation-stats totalBytes="33440888" >
  <allocated-bytes non-tlh="0" tlh="33440888" arrayletleaf="0"/>
  <largest-consumer threadName="main" threadId="0000000001E02F00" bytes="16722280" />
</allocation-stats>
<gc-op id="1062" type="sweep" timems="2.198" contextid="1059" timestamp="2019-08-11T06:20:45.749" />
<gc-op id="1063" type="copy forward" timems="12.328" contextid="1059" timestamp="2019-08-11T06:20:45.763">
  <memory-copied type="eden" objects="2" bytes="56" bytesdiscarded="0" />
  <memory-copied type="other" objects="0" bytes="0" bytesdiscarded="0" />
  <memory-cardclean objects="59" bytes="2184" />
  <regions eden="8" other="1" />
  <remembered-set-cleared processed="55448" cleared="17" durationms="0.513" />
  <stringconstants candidates="13769" cleared="0"  />
</gc-op>
<gc-op id="1064" type="classunload" timems="0.009" contextid="1059" timestamp="2019-08-11T06:20:45.763">
  <classunload-info classloadercandidates="54" classloadersunloaded="0" classesunloaded="0" anonymousclassesunloaded="0" quiescems="0.000" setupms="0.008" scanms="0.000" postms="0.000" />
</gc-op>
<gc-end id="1065" type="partial gc" contextid="1059" durationms="15.646" usertimems="25.044" systemtimems="0.000" timestamp="2019-08-11T06:20:45.763" activeThreads="16">
  <mem-info id="1066" free="69206016" total="113246208" percent="61">
    <mem type="eden" free="2097096" total="2097152" percent="99" />
    <remembered-set count="59648" freebytes="4288768" totalbytes="4527360" percent="94" regionsoverflowed="0" regionsstable="0" regionsrebuilding="0"/>
  </mem-info>
</gc-end>
<cycle-end id="1067" type="partial gc" contextid="1059" timestamp="2019-08-11T06:20:45.763" />
  <attribute name="elasticGC enabled" value="1" />
  <attribute name= "numThreadsSpecified" value="16" />
  <attribute name="heapSize specified" value="0" />
  <attribute name="Current GC Util" value="183" />
  <attribute name= "Current Time Running" value="156943" />
  <attribute name ="GC Interval" value="0" />
  <attribute name="ProportionalT" value="51.500000" />
  <attribute name="ProportionalI" value="51.500000" />
  <attribute name="ProportionalH" value="51.500000" />
  <attribute name="Current Error" value="103.000000" />
  <attribute name="IntegralT" value="51.500000" />
  <attribute name="IntegralI" value="51.500000" />
  <attribute name="IntegralH" value="51.500000" />
  <attribute name="DerivativeT" value="69.000000" />
  <attribute name="DerivativeI" value="69.000000" />
  <attribute name="DerivativeH" value="69.000000" />
  <attribute name="Loop Time for DT" value="1.000000" />
  <attribute name="Output H" value="8388608"/>
  <attribute name="Output I" value="200"/>
  <attribute name="Output T" value="16"/>
  <attribute name="Target GC Util Change" value ="80.000000" />
  <attribute name="Current GC Util Change" value="183.000000"/>
  <attribute name="GC Util currently" value="183" />
  <attribute name="CPU Util currently" value="2302393980375" />
<exclusive-end id="1068" timestamp="2019-08-11T06:20:45.763" durationms="17.024" />

<exclusive-start id="1069" timestamp="2019-08-11T06:20:45.789" intervalms="42.940">
  <response-info timems="0.215" idlems="0.215" threads="0" lastid="0000000001E02F00" lastname="main" />
</exclusive-start>
<allocation-taxation id="1070" taxation-threshold="35651584" timestamp="2019-08-11T06:20:45.789" intervalms="42.930" />
<cycle-start id="1071" type="partial gc" contextid="0" timestamp="2019-08-11T06:20:45.790" intervalms="42.841" />
<gc-start id="1072" type="partial gc" contextid="1071" timestamp="2019-08-11T06:20:45.790">
  <mem-info id="1073" free="33554432" total="113246208" percent="29">
    <mem type="eden" free="2097096" total="37748736" percent="5" />
    <remembered-set count="59648" freebytes="4288768" totalbytes="4527360" percent="94" regionsoverflowed="0" regionsstable="0" regionsrebuilding="0"/>
  </mem-info>
</gc-start>
<allocation-stats totalBytes="35531176" >
  <allocated-bytes non-tlh="0" tlh="35531176" arrayletleaf="0"/>
  <largest-consumer threadName="main" threadId="0000000001E02F00" bytes="35531176" />
</allocation-stats>
<gc-op id="1074" type="copy forward" timems="16.345" contextid="1071" timestamp="2019-08-11T06:20:45.808">
  <memory-copied type="eden" objects="2" bytes="56" bytesdiscarded="0" />
  <memory-copied type="other" objects="37162" bytes="1586192" bytesdiscarded="155624" />
  <memory-cardclean objects="15321" bytes="753336" />
  <regions eden="17" other="8" />
  <remembered-set-cleared processed="53115" cleared="7890" durationms="1.073" />
  <finalization candidates="15" enqueued="0" />
  <references type="soft" candidates="721" cleared="0" enqueued="0" dynamicThreshold="19" maxThreshold="32" />
  <references type="weak" candidates="1909" cleared="0" enqueued="0" />
  <references type="phantom" candidates="49" cleared="0" enqueued="0" />
  <stringconstants candidates="13769" cleared="0"  />
</gc-op>
<gc-op id="1075" type="classunload" timems="0.012" contextid="1071" timestamp="2019-08-11T06:20:45.808">
  <classunload-info classloadercandidates="54" classloadersunloaded="0" classesunloaded="0" anonymousclassesunloaded="0" quiescems="0.000" setupms="0.012" scanms="0.000" postms="0.000" />
</gc-op>
<heap-resize id="1076" type="contract" space="default" amount="6291456" count="1" timems="0.571" reason="excess free space following gc" timestamp="2019-08-11T06:20:45.809" />
<gc-end id="1077" type="partial gc" contextid="1071" durationms="18.632" usertimems="64.031" systemtimems="0.000" timestamp="2019-08-11T06:20:45.809" activeThreads="16">
  <mem-info id="1078" free="73400320" total="106954752" percent="68">
    <mem type="eden" free="2097096" total="2097152" percent="99" />
    <remembered-set count="59552" freebytes="4289152" totalbytes="4527360" percent="94" regionsoverflowed="0" regionsstable="0" regionsrebuilding="0"/>
  </mem-info>
</gc-end>
<cycle-end id="1079" type="partial gc" contextid="1071" timestamp="2019-08-11T06:20:45.809" />
  <attribute name="elasticGC enabled" value="1" />
  <attribute name= "numThreadsSpecified" value="16" />
  <attribute name="heapSize specified" value="0" />
  <attribute name="Current GC Util" value="92" />
  <attribute name= "Current Time Running" value="156984" />
  <attribute name ="GC Interval" value="0" />
  <attribute name="ProportionalT" value="6.000000" />
  <attribute name="ProportionalI" value="6.000000" />
  <attribute name="ProportionalH" value="6.000000" />
  <attribute name="Current Error" value="12.000000" />
  <attribute name="IntegralT" value="6.000000" />
  <attribute name="IntegralI" value="6.000000" />
  <attribute name="IntegralH" value="6.000000" />
  <attribute name="DerivativeT" value="12.000000" />
  <attribute name="DerivativeI" value="12.000000" />
  <attribute name="DerivativeH" value="12.000000" />
  <attribute name="Loop Time for DT" value="1.000000" />
  <attribute name="Output H" value="8388608"/>
  <attribute name="Output I" value="200"/>
  <attribute name="Output T" value="16"/>
  <attribute name="Target GC Util Change" value ="80.000000" />
  <attribute name="Current GC Util Change" value="92.000000"/>
  <attribute name="GC Util currently" value="92" />
  <attribute name="CPU Util currently" value="1079119426444" />
<exclusive-end id="1080" timestamp="2019-08-11T06:20:45.809" durationms="19.819" />

<exclusive-start id="1081" timestamp="2019-08-11T06:20:45.837" intervalms="47.385">
  <response-info timems="0.164" idlems="0.164" threads="0" lastid="0000000001E02F00" lastname="main" />
</exclusive-start>
<allocation-taxation id="1082" taxation-threshold="33554432" timestamp="2019-08-11T06:20:45.837" intervalms="47.352" />
<cycle-start id="1083" type="partial gc" contextid="0" timestamp="2019-08-11T06:20:45.837" intervalms="47.281" />
<gc-start id="1084" type="partial gc" contextid="1083" timestamp="2019-08-11T06:20:45.837">
  <mem-info id="1085" free="39845888" total="106954752" percent="37">
    <mem type="eden" free="2097096" total="35651584" percent="5" />
    <remembered-set count="59328" freebytes="4290048" totalbytes="4527360" percent="94" regionsoverflowed="0" regionsstable="0" regionsrebuilding="0"/>
  </mem-info>
</gc-start>
<allocation-stats totalBytes="33440864" >
  <allocated-bytes non-tlh="0" tlh="33440864" arrayletleaf="0"/>
  <largest-consumer threadName="main" threadId="0000000001E02F00" bytes="33440864" />
</allocation-stats>
<gc-op id="1086" type="copy forward" timems="20.539" contextid="1083" timestamp="2019-08-11T06:20:45.859">
  <memory-copied type="eden" objects="2" bytes="56" bytesdiscarded="736" />
  <memory-copied type="other" objects="32563" bytes="1942560" bytesdiscarded="277440" />
  <memory-cardclean objects="169852" bytes="5405824" />
  <regions eden="16" other="4" />
  <remembered-set-cleared processed="27447" cleared="14663" durationms="0.445" />
  <finalization candidates="18" enqueued="0" />
  <ownableSynchronizers candidates="20" cleared="0" />
  <references type="soft" candidates="777" cleared="0" enqueued="0" dynamicThreshold="21" maxThreshold="32" />
  <references type="weak" candidates="1893" cleared="0" enqueued="0" />
  <references type="phantom" candidates="3" cleared="0" enqueued="0" />
  <stringconstants candidates="13769" cleared="0"  />
</gc-op>
<gc-op id="1087" type="classunload" timems="0.010" contextid="1083" timestamp="2019-08-11T06:20:45.859">
  <classunload-info classloadercandidates="54" classloadersunloaded="0" classesunloaded="0" anonymousclassesunloaded="0" quiescems="0.000" setupms="0.009" scanms="0.000" postms="0.000" />
</gc-op>
<heap-resize id="1088" type="contract" space="default" amount="6291456" count="1" timems="0.500" reason="excess free space following gc" timestamp="2019-08-11T06:20:45.860" />
<gc-end id="1089" type="partial gc" contextid="1083" durationms="22.682" usertimems="91.399" systemtimems="0.000" timestamp="2019-08-11T06:20:45.860" activeThreads="16">
  <mem-info id="1090" free="69206016" total="100663296" percent="68">
    <mem type="eden" free="2096360" total="2097152" percent="99" />
    <remembered-set count="46528" freebytes="4089728" totalbytes="4275840" percent="95" regionsoverflowed="0" regionsstable="0" regionsrebuilding="0"/>
  </mem-info>
</gc-end>
<cycle-end id="1091" type="partial gc" contextid="1083" timestamp="2019-08-11T06:20:45.860" />
  <attribute name="elasticGC enabled" value="1" />
  <attribute name= "numThreadsSpecified" value="16" />
  <attribute name="heapSize specified" value="0" />
  <attribute name="Current GC Util" value="121" />
  <attribute name= "Current Time Running" value="157031" />
  <attribute name ="GC Interval" value="0" />
  <attribute name="ProportionalT" value="20.500000" />
  <attribute name="ProportionalI" value="20.500000" />
  <attribute name="ProportionalH" value="20.500000" />
  <attribute name="Current Error" value="41.000000" />
  <attribute name="IntegralT" value="20.500000" />
  <attribute name="IntegralI" value="20.500000" />
  <attribute name="IntegralH" value="20.500000" />
  <attribute name="DerivativeT" value="21.000000" />
  <attribute name="DerivativeI" value="21.000000" />
  <attribute name="DerivativeH" value="21.000000" />
  <attribute name="Loop Time for DT" value="1.000000" />
  <attribute name="Output H" value="8388608"/>
  <attribute name="Output I" value="200"/>
  <attribute name="Output T" value="16"/>
  <attribute name="Target GC Util Change" value ="80.000000" />
  <attribute name="Current GC Util Change" value="121.000000"/>
  <attribute name="GC Util currently" value="121" />
  <attribute name="CPU Util currently" value="1138419161148" />
<exclusive-end id="1092" timestamp="2019-08-11T06:20:45.860" durationms="23.391" />

<exclusive-start id="1093" timestamp="2019-08-11T06:20:45.899" intervalms="62.401">
  <response-info timems="0.274" idlems="0.274" threads="0" lastid="0000000001E02F00" lastname="main" />
</exclusive-start>
<allocation-taxation id="1094" taxation-threshold="31457280" timestamp="2019-08-11T06:20:45.899" intervalms="62.407" />
<cycle-start id="1095" type="partial gc" contextid="0" timestamp="2019-08-11T06:20:45.899" intervalms="62.411" />
<gc-start id="1096" type="partial gc" contextid="1095" timestamp="2019-08-11T06:20:45.899">
  <mem-info id="1097" free="37748736" total="100663296" percent="37">
    <mem type="eden" free="2096360" total="33554432" percent="6" />
    <remembered-set count="23808" freebytes="4180608" totalbytes="4275840" percent="97" regionsoverflowed="0" regionsstable="1" regionsrebuilding="0"/>
  </mem-info>
</gc-start>
<allocation-stats totalBytes="31309448" >
  <allocated-bytes non-tlh="0" tlh="31309448" arrayletleaf="0"/>
  <largest-consumer threadName="main" threadId="0000000001E02F00" bytes="31309448" />
</allocation-stats>
<gc-op id="1098" type="copy forward" timems="12.612" contextid="1095" timestamp="2019-08-11T06:20:45.915">
  <memory-copied type="eden" objects="28" bytes="1960" bytesdiscarded="728" />
  <memory-copied type="other" objects="3419" bytes="72824" bytesdiscarded="5880" />
  <memory-cardclean objects="8635" bytes="361144" />
  <regions eden="15" other="2" />
  <remembered-set-cleared processed="16159" cleared="643" durationms="0.194" />
  <stringconstants candidates="13769" cleared="0"  />
</gc-op>
<gc-op id="1099" type="classunload" timems="0.010" contextid="1095" timestamp="2019-08-11T06:20:45.915">
  <classunload-info classloadercandidates="54" classloadersunloaded="0" classesunloaded="0" anonymousclassesunloaded="0" quiescems="0.000" setupms="0.010" scanms="0.000" postms="0.000" />
</gc-op>
<heap-resize id="1100" type="contract" space="default" amount="6291456" count="1" timems="0.864" reason="excess free space following gc" timestamp="2019-08-11T06:20:45.917" />
<gc-end id="1101" type="partial gc" contextid="1095" durationms="17.300" usertimems="57.170" systemtimems="0.000" timestamp="2019-08-11T06:20:45.917" activeThreads="16">
  <mem-info id="1102" free="62914560" total="94371840" percent="66">
    <mem type="eden" free="2094464" total="2097152" percent="99" />
    <remembered-set count="25184" freebytes="3923584" totalbytes="4024320" percent="97" regionsoverflowed="0" regionsstable="1" regionsrebuilding="0"/>
  </mem-info>
</gc-end>
<cycle-end id="1103" type="partial gc" contextid="1095" timestamp="2019-08-11T06:20:45.917" />
  <attribute name="elasticGC enabled" value="1" />
  <attribute name= "numThreadsSpecified" value="16" />
  <attribute name="heapSize specified" value="0" />
  <attribute name="Current GC Util" value="214" />
  <attribute name= "Current Time Running" value="157095" />
  <attribute name ="GC Interval" value="0" />
  <attribute name="ProportionalT" value="67.000000" />
  <attribute name="ProportionalI" value="67.000000" />
  <attribute name="ProportionalH" value="67.000000" />
  <attribute name="Current Error" value="134.000000" />
  <attribute name="IntegralT" value="201.000000" />
  <attribute name="IntegralI" value="201.000000" />
  <attribute name="IntegralH" value="201.000000" />
  <attribute name="DerivativeT" value="34.666667" />
  <attribute name="DerivativeI" value="34.666667" />
  <attribute name="DerivativeH" value="34.666667" />
  <attribute name="Loop Time for DT" value="3.000000" />
  <attribute name="Output H" value="8388608"/>
  <attribute name="Output I" value="304"/>
  <attribute name="Output T" value="16"/>
  <attribute name="Target GC Util Change" value ="80.000000" />
  <attribute name="Current GC Util Change" value="214.000000"/>
  <attribute name="GC Util currently" value="214" />
  <attribute name="CPU Util currently" value="406550629910" />
<exclusive-end id="1104" timestamp="2019-08-11T06:20:45.917" durationms="18.031" />

<exclusive-start id="1105" timestamp="2019-08-11T06:20:45.945" intervalms="45.722">
  <response-info timems="0.090" idlems="0.090" threads="0" lastid="0000000001E02F00" lastname="main" />
</exclusive-start>
<allocation-taxation id="1106" taxation-threshold="31457280" timestamp="2019-08-11T06:20:45.945" intervalms="45.716" />
<cycle-start id="1107" type="partial gc" contextid="0" timestamp="2019-08-11T06:20:45.945" intervalms="45.714" />
<gc-start id="1108" type="partial gc" contextid="1107" timestamp="2019-08-11T06:20:45.945">
  <mem-info id="1109" free="31457280" total="94371840" percent="33">
    <mem type="eden" free="0" total="31457280" percent="0" />
    <remembered-set count="24800" freebytes="3925120" totalbytes="4024320" percent="97" regionsoverflowed="0" regionsstable="1" regionsrebuilding="0"/>
  </mem-info>
</gc-start>
<allocation-stats totalBytes="31249240" >
  <allocated-bytes non-tlh="0" tlh="31249240" arrayletleaf="0"/>
  <largest-consumer threadName="main" threadId="0000000001E02F00" bytes="31249240" />
</allocation-stats>
<gc-op id="1110" type="copy forward" timems="10.635" contextid="1107" timestamp="2019-08-11T06:20:45.960">
  <memory-copied type="eden" objects="1" bytes="40" bytesdiscarded="0" />
  <memory-copied type="other" objects="16699" bytes="353376" bytesdiscarded="15936" />
  <memory-cardclean objects="7216" bytes="328152" />
  <regions eden="15" other="2" />
  <remembered-set-cleared processed="16686" cleared="775" durationms="1.035" />
  <stringconstants candidates="13769" cleared="0"  />
</gc-op>
<gc-op id="1111" type="classunload" timems="0.009" contextid="1107" timestamp="2019-08-11T06:20:45.960">
  <classunload-info classloadercandidates="54" classloadersunloaded="0" classesunloaded="0" anonymousclassesunloaded="0" quiescems="0.000" setupms="0.009" scanms="0.000" postms="0.000" />
</gc-op>
<heap-resize id="1112" type="contract" space="default" amount="6291456" count="1" timems="0.283" reason="excess free space following gc" timestamp="2019-08-11T06:20:45.961" />
<gc-end id="1113" type="partial gc" contextid="1107" durationms="15.449" usertimems="38.536" systemtimems="0.000" timestamp="2019-08-11T06:20:45.961" activeThreads="16">
  <mem-info id="1114" free="54525952" total="88080384" percent="61">
    <mem type="eden" free="2097112" total="2097152" percent="99" />
    <remembered-set count="25472" freebytes="3670912" totalbytes="3772800" percent="97" regionsoverflowed="0" regionsstable="1" regionsrebuilding="0"/>
  </mem-info>
</gc-end>
<cycle-end id="1115" type="partial gc" contextid="1107" timestamp="2019-08-11T06:20:45.961" />
  <attribute name="elasticGC enabled" value="1" />
  <attribute name= "numThreadsSpecified" value="16" />
  <attribute name="heapSize specified" value="0" />
  <attribute name="Current GC Util" value="43" />
  <attribute name= "Current Time Running" value="157142" />
  <attribute name ="GC Interval" value="0" />
  <attribute name="ProportionalT" value="-18.500000" />
  <attribute name="ProportionalI" value="-18.500000" />
  <attribute name="ProportionalH" value="-18.500000" />
  <attribute name="Current Error" value="-37.000000" />
  <attribute name="IntegralT" value="-74.000000" />
  <attribute name="IntegralI" value="-74.000000" />
  <attribute name="IntegralH" value="-74.000000" />
  <attribute name="DerivativeT" value="-9.750000" />
  <attribute name="DerivativeI" value="-9.750000" />
  <attribute name="DerivativeH" value="-9.750000" />
  <attribute name="Loop Time for DT" value="4.000000" />
  <attribute name="Output H" value="4202627072"/>
  <attribute name="Output I" value="200"/>
  <attribute name="Output T" value="16"/>
  <attribute name="Target GC Util Change" value ="80.000000" />
  <attribute name="Current GC Util Change" value="43.000000"/>
  <attribute name="GC Util currently" value="43" />
  <attribute name="CPU Util currently" value="292169176307" />
<exclusive-end id="1116" timestamp="2019-08-11T06:20:45.961" durationms="16.088" />

<exclusive-start id="1117" timestamp="2019-08-11T06:20:45.986" intervalms="40.754">
  <response-info timems="0.021" idlems="0.021" threads="0" lastid="0000000001E02F00" lastname="main" />
</exclusive-start>
<allocation-taxation id="1118" taxation-threshold="29360128" timestamp="2019-08-11T06:20:45.986" intervalms="40.757" />
<cycle-start id="1119" type="partial gc" contextid="0" timestamp="2019-08-11T06:20:45.986" intervalms="40.799" />
<gc-start id="1120" type="partial gc" contextid="1119" timestamp="2019-08-11T06:20:45.986">
  <mem-info id="1121" free="25165824" total="88080384" percent="28">
    <mem type="eden" free="2097112" total="31457280" percent="6" />
    <remembered-set count="24416" freebytes="3675136" totalbytes="3772800" percent="97" regionsoverflowed="0" regionsstable="2" regionsrebuilding="0"/>
  </mem-info>
</gc-start>
<allocation-stats totalBytes="29172496" >
  <allocated-bytes non-tlh="0" tlh="29172496" arrayletleaf="0"/>
  <largest-consumer threadName="main" threadId="0000000001E02F00" bytes="29172496" />
</allocation-stats>
<gc-op id="1122" type="copy forward" timems="16.903" contextid="1119" timestamp="2019-08-11T06:20:46.004">
  <memory-copied type="eden" objects="2" bytes="64" bytesdiscarded="0" />
  <memory-copied type="other" objects="69926" bytes="1753208" bytesdiscarded="82824" />
  <memory-cardclean objects="6446" bytes="438456" />
  <regions eden="14" other="2" />
  <remembered-set-cleared processed="16253" cleared="2207" durationms="0.175" />
  <stringconstants candidates="13769" cleared="0"  />
</gc-op>
<gc-op id="1123" type="classunload" timems="0.014" contextid="1119" timestamp="2019-08-11T06:20:46.004">
  <classunload-info classloadercandidates="54" classloadersunloaded="0" classesunloaded="0" anonymousclassesunloaded="0" quiescems="0.000" setupms="0.013" scanms="0.000" postms="0.000" />
</gc-op>
<gc-end id="1124" type="partial gc" contextid="1119" durationms="18.293" usertimems="42.934" systemtimems="0.000" timestamp="2019-08-11T06:20:46.004" activeThreads="16">
  <mem-info id="1125" free="54525952" total="88080384" percent="61">
    <mem type="eden" free="2097088" total="2097152" percent="99" />
    <remembered-set count="24448" freebytes="3423488" totalbytes="3521280" percent="97" regionsoverflowed="0" regionsstable="2" regionsrebuilding="0"/>
  </mem-info>
</gc-end>
<cycle-end id="1126" type="partial gc" contextid="1119" timestamp="2019-08-11T06:20:46.004" />
  <attribute name="elasticGC enabled" value="1" />
  <attribute name= "numThreadsSpecified" value="16" />
  <attribute name="heapSize specified" value="0" />
  <attribute name="Current GC Util" value="101" />
  <attribute name= "Current Time Running" value="157180" />
  <attribute name ="GC Interval" value="0" />
  <attribute name="ProportionalT" value="10.500000" />
  <attribute name="ProportionalI" value="10.500000" />
  <attribute name="ProportionalH" value="10.500000" />
  <attribute name="Current Error" value="21.000000" />
  <attribute name="IntegralT" value="10.500000" />
  <attribute name="IntegralI" value="10.500000" />
  <attribute name="IntegralH" value="10.500000" />
  <attribute name="DerivativeT" value="21.000000" />
  <attribute name="DerivativeI" value="21.000000" />
  <attribute name="DerivativeH" value="21.000000" />
  <attribute name="Loop Time for DT" value="1.000000" />
  <attribute name="Output H" value="8388608"/>
  <attribute name="Output I" value="200"/>
  <attribute name="Output T" value="16"/>
  <attribute name="Target GC Util Change" value ="80.000000" />
  <attribute name="Current GC Util Change" value="101.000000"/>
  <attribute name="GC Util currently" value="101" />
  <attribute name="CPU Util currently" value="1612452790229" />
<exclusive-end id="1127" timestamp="2019-08-11T06:20:46.005" durationms="19.050" />

<exclusive-start id="1128" timestamp="2019-08-11T06:20:46.014" intervalms="28.418">
  <response-info timems="0.021" idlems="0.021" threads="0" lastid="0000000001E02F00" lastname="main" />
</exclusive-start>
<allocation-taxation id="1129" taxation-threshold="14680064" timestamp="2019-08-11T06:20:46.014" intervalms="28.420" />
<cycle-start id="1130" type="global mark phase" contextid="0" timestamp="2019-08-11T06:20:46.014" intervalms="392.644" />
<gc-start id="1131" type="global mark phase" contextid="1130" timestamp="2019-08-11T06:20:46.014">
  <mem-info id="1132" free="39845888" total="88080384" percent="45">
    <remembered-set count="23968" freebytes="3425408" totalbytes="3521280" percent="97" regionsoverflowed="0" regionsstable="2" regionsrebuilding="0"/>
  </mem-info>
</gc-start>
<gc-op id="1133" type="mark increment" timems="3.762" contextid="1130" timestamp="2019-08-11T06:20:46.018">
  <trace-info objectcount="208" scancount="0" scanbytes="0" />
</gc-op>
<gc-end id="1134" type="global mark phase" contextid="1130" durationms="3.842" usertimems="10.324" systemtimems="0.000" timestamp="2019-08-11T06:20:46.018" activeThreads="16">
  <mem-info id="1135" free="39845888" total="88080384" percent="45">
    <remembered-set count="23968" freebytes="3425408" totalbytes="3521280" percent="97" regionsoverflowed="0" regionsstable="0" regionsrebuilding="2"/>
  </mem-info>
</gc-end>
<concurrent-start id="1136" type="GMP work packet processing" contextid="1130" timestamp="2019-08-11T06:20:46.018">
  <concurrent-mark-start scanTarget="11797756" />
</concurrent-start>
<exclusive-end id="1137" timestamp="2019-08-11T06:20:46.018" durationms="4.095" />

<concurrent-end id="1138" type="GMP work packet processing" contextid="1130" timestamp="2019-08-11T06:20:46.049">
  <concurrent-mark-end bytesScanned="11989972" reasonForTermination="Work target met" />
</concurrent-end>

<exclusive-start id="1139" timestamp="2019-08-11T06:20:46.051" intervalms="36.623">
  <response-info timems="0.229" idlems="0.229" threads="0" lastid="0000000001E02F00" lastname="main" />
</exclusive-start>
<allocation-taxation id="1140" taxation-threshold="14680064" timestamp="2019-08-11T06:20:46.051" intervalms="36.708" />
<cycle-start id="1141" type="partial gc" contextid="0" timestamp="2019-08-11T06:20:46.051" intervalms="65.255" />
<gc-start id="1142" type="partial gc" contextid="1141" timestamp="2019-08-11T06:20:46.051">
  <mem-info id="1143" free="25165824" total="88080384" percent="28">
    <mem type="eden" free="2097088" total="31457280" percent="6" />
    <remembered-set count="73600" freebytes="3226880" totalbytes="3521280" percent="91" regionsoverflowed="0" regionsstable="0" regionsrebuilding="2"/>
  </mem-info>
</gc-start>
<allocation-stats totalBytes="29176080" >
  <allocated-bytes non-tlh="0" tlh="29176080" arrayletleaf="0"/>
  <largest-consumer threadName="main" threadId="0000000001E02F00" bytes="14588040" />
</allocation-stats>
<gc-op id="1144" type="copy forward" timems="18.532" contextid="1141" timestamp="2019-08-11T06:20:46.071">
  <memory-copied type="eden" objects="2" bytes="64" bytesdiscarded="0" />
  <memory-copied type="other" objects="70556" bytes="2022288" bytesdiscarded="76560" />
  <memory-cardclean objects="4473" bytes="113856" />
  <regions eden="14" other="2" />
  <remembered-set-cleared processed="66337" cleared="8748" durationms="0.618" />
  <stringconstants candidates="13769" cleared="0"  />
</gc-op>
<gc-op id="1145" type="classunload" timems="0.012" contextid="1141" timestamp="2019-08-11T06:20:46.071">
  <classunload-info classloadercandidates="54" classloadersunloaded="0" classesunloaded="0" anonymousclassesunloaded="0" quiescems="0.000" setupms="0.012" scanms="0.000" postms="0.000" />
</gc-op>
<gc-end id="1146" type="partial gc" contextid="1141" durationms="20.017" usertimems="42.300" systemtimems="0.000" timestamp="2019-08-11T06:20:46.071" activeThreads="16">
  <mem-info id="1147" free="54525952" total="88080384" percent="61">
    <mem type="eden" free="2097088" total="2097152" percent="99" />
    <remembered-set count="68576" freebytes="3246976" totalbytes="3521280" percent="92" regionsoverflowed="0" regionsstable="0" regionsrebuilding="2"/>
  </mem-info>
</gc-end>
<cycle-end id="1148" type="partial gc" contextid="1141" timestamp="2019-08-11T06:20:46.071" />
  <attribute name="elasticGC enabled" value="1" />
  <attribute name= "numThreadsSpecified" value="16" />
  <attribute name="heapSize specified" value="0" />
  <attribute name="Current GC Util" value="181" />
  <attribute name= "Current Time Running" value="157245" />
  <attribute name ="GC Interval" value="0" />
  <attribute name="ProportionalT" value="50.500000" />
  <attribute name="ProportionalI" value="50.500000" />
  <attribute name="ProportionalH" value="50.500000" />
  <attribute name="Current Error" value="101.000000" />
  <attribute name="IntegralT" value="50.500000" />
  <attribute name="IntegralI" value="50.500000" />
  <attribute name="IntegralH" value="50.500000" />
  <attribute name="DerivativeT" value="-411.000000" />
  <attribute name="DerivativeI" value="-411.000000" />
  <attribute name="DerivativeH" value="-411.000000" />
  <attribute name="Loop Time for DT" value="1.000000" />
  <attribute name="Output H" value="4202627072"/>
  <attribute name="Output I" value="200"/>
  <attribute name="Output T" value="16"/>
  <attribute name="Target GC Util Change" value ="80.000000" />
  <attribute name="Current GC Util Change" value="181.000000"/>
  <attribute name="GC Util currently" value="181" />
  <attribute name="CPU Util currently" value="1056091609114" />
<exclusive-end id="1149" timestamp="2019-08-11T06:20:46.071" durationms="20.864" />

<exclusive-start id="1150" timestamp="2019-08-11T06:20:46.085" intervalms="34.164">
  <response-info timems="0.044" idlems="0.044" threads="0" lastid="0000000001E02F00" lastname="main" />
</exclusive-start>
<allocation-taxation id="1151" taxation-threshold="14680064" timestamp="2019-08-11T06:20:46.085" intervalms="34.072" />
<gc-start id="1152" type="global mark phase" contextid="1130" timestamp="2019-08-11T06:20:46.085">
  <mem-info id="1153" free="39845888" total="88080384" percent="45">
    <remembered-set count="67680" freebytes="3250560" totalbytes="3521280" percent="92" regionsoverflowed="0" regionsstable="1" regionsrebuilding="2"/>
  </mem-info>
</gc-start>
<gc-end id="1154" type="global mark phase" contextid="1130" durationms="0.019" usertimems="0.016" systemtimems="0.000" timestamp="2019-08-11T06:20:46.085" activeThreads="16">
  <mem-info id="1155" free="39845888" total="88080384" percent="45">
    <remembered-set count="67680" freebytes="3250560" totalbytes="3521280" percent="92" regionsoverflowed="0" regionsstable="1" regionsrebuilding="2"/>
  </mem-info>
</gc-end>
<concurrent-start id="1156" type="GMP work packet processing" contextid="1130" timestamp="2019-08-11T06:20:46.085">
  <concurrent-mark-start scanTarget="11797756" />
</concurrent-start>
<exclusive-end id="1157" timestamp="2019-08-11T06:20:46.085" durationms="0.533" />

<concurrent-end id="1158" type="GMP work packet processing" contextid="1130" timestamp="2019-08-11T06:20:46.088">
  <concurrent-mark-end bytesScanned="1652756" reasonForTermination="Completed all work in GC phase" />
</concurrent-end>

<exclusive-start id="1159" timestamp="2019-08-11T06:20:46.101" intervalms="16.262">
  <response-info timems="0.118" idlems="0.118" threads="0" lastid="0000000001E02F00" lastname="main" />
</exclusive-start>
<allocation-taxation id="1160" taxation-threshold="14680064" timestamp="2019-08-11T06:20:46.101" intervalms="16.289" />
<cycle-start id="1161" type="partial gc" contextid="0" timestamp="2019-08-11T06:20:46.101" intervalms="50.207" />
<gc-start id="1162" type="partial gc" contextid="1161" timestamp="2019-08-11T06:20:46.101">
  <mem-info id="1163" free="25165824" total="88080384" percent="28">
    <mem type="eden" free="2097088" total="31457280" percent="6" />
    <remembered-set count="74176" freebytes="3224576" totalbytes="3521280" percent="91" regionsoverflowed="0" regionsstable="1" regionsrebuilding="2"/>
  </mem-info>
</gc-start>
<allocation-stats totalBytes="29177320" >
  <allocated-bytes non-tlh="0" tlh="29177320" arrayletleaf="0"/>
  <largest-consumer threadName="main" threadId="0000000001E02F00" bytes="14588040" />
</allocation-stats>
<gc-op id="1164" type="copy forward" timems="21.975" contextid="1161" timestamp="2019-08-11T06:20:46.126">
  <memory-copied type="eden" objects="2" bytes="64" bytesdiscarded="0" />
  <memory-copied type="other" objects="69926" bytes="1753208" bytesdiscarded="124608" />
  <memory-cardclean objects="5830" bytes="416608" />
  <regions eden="14" other="2" />
  <remembered-set-cleared processed="68323" cleared="9949" durationms="0.728" />
  <stringconstants candidates="13769" cleared="0"  />
</gc-op>
<gc-op id="1165" type="classunload" timems="0.013" contextid="1161" timestamp="2019-08-11T06:20:46.126">
  <classunload-info classloadercandidates="54" classloadersunloaded="0" classesunloaded="0" anonymousclassesunloaded="0" quiescems="0.000" setupms="0.013" scanms="0.000" postms="0.000" />
</gc-op>
<gc-end id="1166" type="partial gc" contextid="1161" durationms="24.320" usertimems="53.027" systemtimems="0.000" timestamp="2019-08-11T06:20:46.126" activeThreads="16">
  <mem-info id="1167" free="54525952" total="88080384" percent="61">
    <mem type="eden" free="2097088" total="2097152" percent="99" />
    <remembered-set count="70176" freebytes="3240576" totalbytes="3521280" percent="92" regionsoverflowed="0" regionsstable="1" regionsrebuilding="2"/>
  </mem-info>
</gc-end>
<cycle-end id="1168" type="partial gc" contextid="1161" timestamp="2019-08-11T06:20:46.126" />
  <attribute name="elasticGC enabled" value="1" />
  <attribute name= "numThreadsSpecified" value="16" />
  <attribute name="heapSize specified" value="0" />
  <attribute name="Current GC Util" value="105" />
  <attribute name= "Current Time Running" value="157296" />
  <attribute name ="GC Interval" value="0" />
  <attribute name="ProportionalT" value="12.500000" />
  <attribute name="ProportionalI" value="12.500000" />
  <attribute name="ProportionalH" value="12.500000" />
  <attribute name="Current Error" value="25.000000" />
  <attribute name="IntegralT" value="25.000000" />
  <attribute name="IntegralI" value="25.000000" />
  <attribute name="IntegralH" value="25.000000" />
  <attribute name="DerivativeT" value="12.500000" />
  <attribute name="DerivativeI" value="12.500000" />
  <attribute name="DerivativeH" value="12.500000" />
  <attribute name="Loop Time for DT" value="2.000000" />
  <attribute name="Output H" value="8388608"/>
  <attribute name="Output I" value="200"/>
  <attribute name="Output T" value="16"/>
  <attribute name="Target GC Util Change" value ="80.000000" />
  <attribute name="Current GC Util Change" value="105.000000"/>
  <attribute name="GC Util currently" value="105" />
  <attribute name="CPU Util currently" value="621406112059" />
<exclusive-end id="1169" timestamp="2019-08-11T06:20:46.126" durationms="25.137" />

<exclusive-start id="1170" timestamp="2019-08-11T06:20:46.135" intervalms="33.853">
  <response-info timems="0.043" idlems="0.043" threads="0" lastid="0000000001E02F00" lastname="main" />
</exclusive-start>
<allocation-taxation id="1171" taxation-threshold="14680064" timestamp="2019-08-11T06:20:46.135" intervalms="33.830" />
<gc-start id="1172" type="global mark phase" contextid="1130" timestamp="2019-08-11T06:20:46.135">
  <mem-info id="1173" free="39845888" total="88080384" percent="45">
    <remembered-set count="70048" freebytes="3241088" totalbytes="3521280" percent="92" regionsoverflowed="0" regionsstable="1" regionsrebuilding="2"/>
  </mem-info>
</gc-start>
<gc-op id="1174" type="mark increment" timems="10.167" contextid="1130" timestamp="2019-08-11T06:20:46.145">
  <trace-info objectcount="2" scancount="2" scanbytes="229440" />
  <cardclean-info objects="15020" bytes="407828" />
  <finalization candidates="80" enqueued="0" />
  <ownableSynchronizers candidates="21" cleared="0" />
  <references type="soft" candidates="4844" cleared="0" enqueued="0" dynamicThreshold="19" maxThreshold="32" />
  <references type="weak" candidates="5586" cleared="0" enqueued="0" />
  <references type="phantom" candidates="97" cleared="0" enqueued="0" />
  <stringconstants candidates="13769" cleared="0"  />
</gc-op>
<gc-op id="1175" type="classunload" timems="0.010" contextid="1130" timestamp="2019-08-11T06:20:46.145">
  <classunload-info classloadercandidates="54" classloadersunloaded="0" classesunloaded="0" anonymousclassesunloaded="0" quiescems="0.000" setupms="0.010" scanms="0.000" postms="0.000" />
</gc-op>
<gc-end id="1176" type="global mark phase" contextid="1130" durationms="10.320" usertimems="19.324" systemtimems="0.000" timestamp="2019-08-11T06:20:46.145" activeThreads="16">
  <mem-info id="1177" free="39845888" total="88080384" percent="45">
    <remembered-set count="72096" freebytes="3232896" totalbytes="3521280" percent="91" regionsoverflowed="0" regionsstable="1" regionsrebuilding="0"/>
  </mem-info>
</gc-end>
<cycle-end id="1178" type="global mark phase" contextid="1130" timestamp="2019-08-11T06:20:46.145" />
  <attribute name="elasticGC enabled" value="1" />
  <attribute name= "numThreadsSpecified" value="16" />
  <attribute name="heapSize specified" value="0" />
  <attribute name="Current GC Util" value="125" />
  <attribute name= "Current Time Running" value="157331" />
  <attribute name ="GC Interval" value="0" />
  <attribute name="ProportionalT" value="22.500000" />
  <attribute name="ProportionalI" value="22.500000" />
  <attribute name="ProportionalH" value="22.500000" />
  <attribute name="Current Error" value="45.000000" />
  <attribute name="IntegralT" value="45.000000" />
  <attribute name="IntegralI" value="45.000000" />
  <attribute name="IntegralH" value="45.000000" />
  <attribute name="DerivativeT" value="-19.000000" />
  <attribute name="DerivativeI" value="-19.000000" />
  <attribute name="DerivativeH" value="-19.000000" />
  <attribute name="Loop Time for DT" value="2.000000" />
  <attribute name="Output H" value="8388608"/>
  <attribute name="Output I" value="200"/>
  <attribute name="Output T" value="16"/>
  <attribute name="Target GC Util Change" value ="80.000000" />
  <attribute name="Current GC Util Change" value="125.000000"/>
  <attribute name="GC Util currently" value="125" />
  <attribute name="CPU Util currently" value="742438416080" />
<exclusive-end id="1179" timestamp="2019-08-11T06:20:46.145" durationms="10.588" />

<exclusive-start id="1180" timestamp="2019-08-11T06:20:46.155" intervalms="19.867">
  <response-info timems="0.123" idlems="0.123" threads="0" lastid="0000000001E02F00" lastname="main" />
</exclusive-start>
<allocation-taxation id="1181" taxation-threshold="14680064" timestamp="2019-08-11T06:20:46.155" intervalms="19.907" />
<cycle-start id="1182" type="partial gc" contextid="0" timestamp="2019-08-11T06:20:46.155" intervalms="53.999" />
<gc-start id="1183" type="partial gc" contextid="1182" timestamp="2019-08-11T06:20:46.155">
  <mem-info id="1184" free="25165824" total="88080384" percent="28">
    <mem type="eden" free="2097088" total="31457280" percent="6" />
    <remembered-set count="71648" freebytes="3234688" totalbytes="3521280" percent="91" regionsoverflowed="0" regionsstable="1" regionsrebuilding="0"/>
  </mem-info>
</gc-start>
<allocation-stats totalBytes="29176104" >
  <allocated-bytes non-tlh="0" tlh="29176104" arrayletleaf="0"/>
  <largest-consumer threadName="main" threadId="0000000001E02F00" bytes="14588040" />
</allocation-stats>
<gc-op id="1185" type="sweep" timems="2.070" contextid="1182" timestamp="2019-08-11T06:20:46.158" />
<gc-op id="1186" type="copy forward" timems="1.812" contextid="1182" timestamp="2019-08-11T06:20:46.160">
  <memory-copied type="eden" objects="2" bytes="64" bytesdiscarded="0" />
  <memory-copied type="other" objects="0" bytes="0" bytesdiscarded="0" />
  <memory-cardclean objects="10" bytes="424" />
  <regions eden="7" other="1" />
  <remembered-set-cleared processed="64210" cleared="8" durationms="0.526" />
  <stringconstants candidates="13769" cleared="0"  />
</gc-op>
<gc-op id="1187" type="classunload" timems="0.004" contextid="1182" timestamp="2019-08-11T06:20:46.160">
  <classunload-info classloadercandidates="54" classloadersunloaded="0" classesunloaded="0" anonymousclassesunloaded="0" quiescems="0.000" setupms="0.004" scanms="0.000" postms="0.000" />
</gc-op>
<gc-end id="1188" type="partial gc" contextid="1182" durationms="5.133" usertimems="10.580" systemtimems="0.000" timestamp="2019-08-11T06:20:46.161" activeThreads="1">
  <mem-info id="1189" free="54525952" total="88080384" percent="61">
    <mem type="eden" free="2097088" total="2097152" percent="99" />
    <remembered-set count="72128" freebytes="3232768" totalbytes="3521280" percent="91" regionsoverflowed="0" regionsstable="1" regionsrebuilding="0"/>
  </mem-info>
</gc-end>
<cycle-end id="1190" type="partial gc" contextid="1182" timestamp="2019-08-11T06:20:46.161" />
  <attribute name="elasticGC enabled" value="1" />
  <attribute name= "numThreadsSpecified" value="1" />
  <attribute name="heapSize specified" value="0" />
  <attribute name="Current GC Util" value="134" />
  <attribute name= "Current Time Running" value="157351" />
  <attribute name ="GC Interval" value="0" />
  <attribute name="ProportionalT" value="27.000000" />
  <attribute name="ProportionalI" value="27.000000" />
  <attribute name="ProportionalH" value="27.000000" />
  <attribute name="Current Error" value="54.000000" />
  <attribute name="IntegralT" value="27.000000" />
  <attribute name="IntegralI" value="27.000000" />
  <attribute name="IntegralH" value="27.000000" />
  <attribute name="DerivativeT" value="-60.000000" />
  <attribute name="DerivativeI" value="-60.000000" />
  <attribute name="DerivativeH" value="-60.000000" />
  <attribute name="Loop Time for DT" value="1.000000" />
  <attribute name="Output H" value="8388608"/>
  <attribute name="Output I" value="200"/>
  <attribute name="Output T" value="1"/>
  <attribute name="Target GC Util Change" value ="80.000000" />
  <attribute name="Current GC Util Change" value="134.000000"/>
  <attribute name="GC Util currently" value="134" />
  <attribute name="CPU Util currently" value="1984159169713" />
<exclusive-end id="1191" timestamp="2019-08-11T06:20:46.161" durationms="6.092" />

<exclusive-start id="1192" timestamp="2019-08-11T06:20:46.169" intervalms="13.937">
  <response-info timems="0.072" idlems="0.072" threads="0" lastid="0000000001E02F00" lastname="main" />
</exclusive-start>
<allocation-taxation id="1193" taxation-threshold="14680064" timestamp="2019-08-11T06:20:46.169" intervalms="14.047" />
<cycle-start id="1194" type="global mark phase" contextid="0" timestamp="2019-08-11T06:20:46.169" intervalms="154.845" />
<gc-start id="1195" type="global mark phase" contextid="1194" timestamp="2019-08-11T06:20:46.169">
  <mem-info id="1196" free="39845888" total="88080384" percent="45">
    <remembered-set count="71104" freebytes="3236864" totalbytes="3521280" percent="91" regionsoverflowed="0" regionsstable="2" regionsrebuilding="0"/>
  </mem-info>
</gc-start>
<gc-op id="1197" type="mark increment" timems="8.651" contextid="1194" timestamp="2019-08-11T06:20:46.178">
  <trace-info objectcount="175281" scancount="133066" scanbytes="3879576" />
</gc-op>
<gc-end id="1198" type="global mark phase" contextid="1194" durationms="8.700" usertimems="28.448" systemtimems="0.000" timestamp="2019-08-11T06:20:46.178" activeThreads="16">
  <mem-info id="1199" free="39845888" total="88080384" percent="45">
    <remembered-set count="72128" freebytes="3232768" totalbytes="3521280" percent="91" regionsoverflowed="0" regionsstable="0" regionsrebuilding="2"/>
  </mem-info>
</gc-end>
<concurrent-start id="1200" type="GMP work packet processing" contextid="1194" timestamp="2019-08-11T06:20:46.178">
  <concurrent-mark-start scanTarget="11958030" />
</concurrent-start>
<exclusive-end id="1201" timestamp="2019-08-11T06:20:46.178" durationms="9.402" />

<concurrent-end id="1202" type="GMP work packet processing" contextid="1194" timestamp="2019-08-11T06:20:46.199">
  <concurrent-mark-end bytesScanned="9763120" reasonForTermination="Completed all work in GC phase" />
</concurrent-end>

<exclusive-start id="1203" timestamp="2019-08-11T06:20:46.203" intervalms="34.762">
  <response-info timems="0.040" idlems="0.040" threads="0" lastid="0000000001E02F00" lastname="main" />
</exclusive-start>
<allocation-taxation id="1204" taxation-threshold="14680064" timestamp="2019-08-11T06:20:46.203" intervalms="34.602" />
<cycle-start id="1205" type="partial gc" contextid="0" timestamp="2019-08-11T06:20:46.204" intervalms="48.348" />
<gc-start id="1206" type="partial gc" contextid="1205" timestamp="2019-08-11T06:20:46.204">
  <mem-info id="1207" free="25165824" total="88080384" percent="28">
    <mem type="eden" free="2097088" total="31457280" percent="6" />
    <remembered-set count="71744" freebytes="3234304" totalbytes="3521280" percent="91" regionsoverflowed="0" regionsstable="0" regionsrebuilding="2"/>
  </mem-info>
</gc-start>
<allocation-stats totalBytes="29177320" >
  <allocated-bytes non-tlh="0" tlh="29177320" arrayletleaf="0"/>
  <largest-consumer threadName="main" threadId="0000000001E02F00" bytes="14588040" />
</allocation-stats>
<gc-op id="1208" type="copy forward" timems="18.506" contextid="1205" timestamp="2019-08-11T06:20:46.223">
  <memory-copied type="eden" objects="2" bytes="64" bytesdiscarded="0" />
  <memory-copied type="other" objects="51243" bytes="1336784" bytesdiscarded="85608" />
  <memory-cardclean objects="10834" bytes="702272" />
  <regions eden="14" other="5" />
  <remembered-set-cleared processed="64071" cleared="10187" durationms="0.592" />
  <references type="soft" candidates="778" cleared="0" enqueued="0" dynamicThreshold="14" maxThreshold="32" />
  <references type="weak" candidates="125" cleared="0" enqueued="0" />
  <references type="phantom" candidates="1" cleared="0" enqueued="0" />
  <stringconstants candidates="13769" cleared="0"  />
</gc-op>
<gc-op id="1209" type="classunload" timems="0.010" contextid="1205" timestamp="2019-08-11T06:20:46.224">
  <classunload-info classloadercandidates="54" classloadersunloaded="0" classesunloaded="0" anonymousclassesunloaded="0" quiescems="0.000" setupms="0.010" scanms="0.000" postms="0.000" />
</gc-op>
<heap-resize id="1210" type="contract" space="default" amount="6291456" count="1" timems="0.591" reason="excess free space following gc" timestamp="2019-08-11T06:20:46.224" />
<gc-end id="1211" type="partial gc" contextid="1205" durationms="20.564" usertimems="60.307" systemtimems="0.000" timestamp="2019-08-11T06:20:46.224" activeThreads="16">
  <mem-info id="1212" free="52428800" total="81788928" percent="64">
    <mem type="eden" free="2097088" total="2097152" percent="99" />
    <remembered-set count="66592" freebytes="3254912" totalbytes="3521280" percent="92" regionsoverflowed="0" regionsstable="0" regionsrebuilding="2"/>
  </mem-info>
</gc-end>
<cycle-end id="1213" type="partial gc" contextid="1205" timestamp="2019-08-11T06:20:46.224" />
  <attribute name="elasticGC enabled" value="1" />
  <attribute name= "numThreadsSpecified" value="16" />
  <attribute name="heapSize specified" value="0" />
  <attribute name="Current GC Util" value="95" />
  <attribute name= "Current Time Running" value="157397" />
  <attribute name ="GC Interval" value="0" />
  <attribute name="ProportionalT" value="7.500000" />
  <attribute name="ProportionalI" value="7.500000" />
  <attribute name="ProportionalH" value="7.500000" />
  <attribute name="Current Error" value="15.000000" />
  <attribute name="IntegralT" value="0.000000" />
  <attribute name="IntegralI" value="0.000000" />
  <attribute name="IntegralH" value="0.000000" />
  <attribute name="DerivativeT" value="-inf" />
  <attribute name="DerivativeI" value="-inf" />
  <attribute name="DerivativeH" value="-inf" />
  <attribute name="Loop Time for DT" value="0.000000" />
  <attribute name="Output H" value="4202627072"/>
  <attribute name="Output I" value="200"/>
  <attribute name="Output T" value="16"/>
  <attribute name="Target GC Util Change" value ="80.000000" />
  <attribute name="Current GC Util Change" value="95.000000"/>
  <attribute name="GC Util currently" value="95" />
  <attribute name="CPU Util currently" value="1341562623869" />
<exclusive-end id="1214" timestamp="2019-08-11T06:20:46.225" durationms="21.192" />

<exclusive-start id="1215" timestamp="2019-08-11T06:20:46.236" intervalms="32.541">
  <response-info timems="0.072" idlems="0.072" threads="0" lastid="0000000001E02F00" lastname="main" />
</exclusive-start>
<allocation-taxation id="1216" taxation-threshold="12582912" timestamp="2019-08-11T06:20:46.236" intervalms="32.554" />
<gc-start id="1217" type="global mark phase" contextid="1194" timestamp="2019-08-11T06:20:46.236">
  <mem-info id="1218" free="39845888" total="81788928" percent="48">
    <remembered-set count="66208" freebytes="3256448" totalbytes="3521280" percent="92" regionsoverflowed="0" regionsstable="0" regionsrebuilding="2"/>
  </mem-info>
</gc-start>
<gc-op id="1219" type="mark increment" timems="13.400" contextid="1194" timestamp="2019-08-11T06:20:46.250">
  <trace-info objectcount="2" scancount="2" scanbytes="344128" />
  <cardclean-info objects="15001" bytes="454324" />
  <finalization candidates="80" enqueued="0" />
  <ownableSynchronizers candidates="21" cleared="0" />
  <references type="soft" candidates="4844" cleared="0" enqueued="0" dynamicThreshold="20" maxThreshold="32" />
  <references type="weak" candidates="5586" cleared="0" enqueued="0" />
  <references type="phantom" candidates="97" cleared="0" enqueued="0" />
  <stringconstants candidates="13769" cleared="0"  />
</gc-op>
<gc-op id="1220" type="classunload" timems="0.011" contextid="1194" timestamp="2019-08-11T06:20:46.250">
  <classunload-info classloadercandidates="54" classloadersunloaded="0" classesunloaded="0" anonymousclassesunloaded="0" quiescems="0.000" setupms="0.011" scanms="0.000" postms="0.000" />
</gc-op>
<gc-end id="1221" type="global mark phase" contextid="1194" durationms="13.879" usertimems="42.683" systemtimems="0.000" timestamp="2019-08-11T06:20:46.250" activeThreads="16">
  <mem-info id="1222" free="39845888" total="81788928" percent="48">
    <remembered-set count="66720" freebytes="3254400" totalbytes="3521280" percent="92" regionsoverflowed="0" regionsstable="0" regionsrebuilding="0"/>
  </mem-info>
</gc-end>
<cycle-end id="1223" type="global mark phase" contextid="1194" timestamp="2019-08-11T06:20:46.250" />
  <attribute name="elasticGC enabled" value="1" />
  <attribute name= "numThreadsSpecified" value="16" />
  <attribute name="heapSize specified" value="0" />
  <attribute name="Current GC Util" value="170" />
  <attribute name= "Current Time Running" value="157435" />
  <attribute name ="GC Interval" value="0" />
  <attribute name="ProportionalT" value="45.000000" />
  <attribute name="ProportionalI" value="45.000000" />
  <attribute name="ProportionalH" value="45.000000" />
  <attribute name="Current Error" value="90.000000" />
  <attribute name="IntegralT" value="135.000000" />
  <attribute name="IntegralI" value="135.000000" />
  <attribute name="IntegralH" value="135.000000" />
  <attribute name="DerivativeT" value="-27.000000" />
  <attribute name="DerivativeI" value="-27.000000" />
  <attribute name="DerivativeH" value="-27.000000" />
  <attribute name="Loop Time for DT" value="3.000000" />
  <attribute name="Output H" value="8388608"/>
  <attribute name="Output I" value="200"/>
  <attribute name="Output T" value="16"/>
  <attribute name="Target GC Util Change" value ="80.000000" />
  <attribute name="Current GC Util Change" value="170.000000"/>
  <attribute name="GC Util currently" value="170" />
  <attribute name="CPU Util currently" value="499249333539" />
<exclusive-end id="1224" timestamp="2019-08-11T06:20:46.250" durationms="14.415" />

<exclusive-start id="1225" timestamp="2019-08-11T06:20:46.260" intervalms="23.995">
  <response-info timems="0.050" idlems="0.050" threads="0" lastid="0000000001E02F00" lastname="main" />
</exclusive-start>
<allocation-taxation id="1226" taxation-threshold="12582912" timestamp="2019-08-11T06:20:46.260" intervalms="23.997" />
<cycle-start id="1227" type="partial gc" contextid="0" timestamp="2019-08-11T06:20:46.260" intervalms="56.560" />
<gc-start id="1228" type="partial gc" contextid="1227" timestamp="2019-08-11T06:20:46.260">
  <mem-info id="1229" free="27262976" total="81788928" percent="33">
    <mem type="eden" free="2097088" total="27262976" percent="7" />
    <remembered-set count="65056" freebytes="3261056" totalbytes="3521280" percent="92" regionsoverflowed="0" regionsstable="2" regionsrebuilding="0"/>
  </mem-info>
</gc-start>
<allocation-stats totalBytes="25009312" >
  <allocated-bytes non-tlh="0" tlh="25009312" arrayletleaf="0"/>
  <largest-consumer threadName="main" threadId="0000000001E02F00" bytes="12504024" />
</allocation-stats>
<gc-op id="1230" type="sweep" timems="2.463" contextid="1227" timestamp="2019-08-11T06:20:46.263" />
<gc-op id="1231" type="copy forward" timems="11.166" contextid="1227" timestamp="2019-08-11T06:20:46.276">
  <memory-copied type="eden" objects="2" bytes="64" bytesdiscarded="0" />
  <memory-copied type="other" objects="0" bytes="0" bytesdiscarded="0" />
  <memory-cardclean objects="136591" bytes="4751528" />
  <regions eden="6" other="1" />
  <remembered-set-cleared processed="34356" cleared="13635" durationms="0.388" />
  <stringconstants candidates="13769" cleared="0"  />
</gc-op>
<gc-op id="1232" type="classunload" timems="0.008" contextid="1227" timestamp="2019-08-11T06:20:46.276">
  <classunload-info classloadercandidates="54" classloadersunloaded="0" classesunloaded="0" anonymousclassesunloaded="0" quiescems="0.000" setupms="0.008" scanms="0.000" postms="0.000" />
</gc-op>
<heap-resize id="1233" type="contract" space="default" amount="4194304" count="1" timems="0.341" reason="excess free space following gc" timestamp="2019-08-11T06:20:46.276" />
<gc-end id="1234" type="partial gc" contextid="1227" durationms="16.084" usertimems="57.792" systemtimems="0.000" timestamp="2019-08-11T06:20:46.276" activeThreads="16">
  <mem-info id="1235" free="48234496" total="77594624" percent="62">
    <mem type="eden" free="2097088" total="2097152" percent="99" />
    <remembered-set count="45472" freebytes="3087872" totalbytes="3269760" percent="94" regionsoverflowed="0" regionsstable="2" regionsrebuilding="0"/>
  </mem-info>
</gc-end>
<cycle-end id="1236" type="partial gc" contextid="1227" timestamp="2019-08-11T06:20:46.277" />
  <attribute name="elasticGC enabled" value="1" />
  <attribute name= "numThreadsSpecified" value="16" />
  <attribute name="heapSize specified" value="0" />
  <attribute name="Current GC Util" value="81" />
  <attribute name= "Current Time Running" value="157457" />
  <attribute name ="GC Interval" value="0" />
  <attribute name="ProportionalT" value="0.500000" />
  <attribute name="ProportionalI" value="0.500000" />
  <attribute name="ProportionalH" value="0.500000" />
  <attribute name="Current Error" value="1.000000" />
  <attribute name="IntegralT" value="0.500000" />
  <attribute name="IntegralI" value="0.500000" />
  <attribute name="IntegralH" value="0.500000" />
  <attribute name="DerivativeT" value="-131.000000" />
  <attribute name="DerivativeI" value="-131.000000" />
  <attribute name="DerivativeH" value="-131.000000" />
  <attribute name="Loop Time for DT" value="1.000000" />
  <attribute name="Output H" value="4202627072"/>
  <attribute name="Output I" value="200"/>
  <attribute name="Output T" value="16"/>
  <attribute name="Target GC Util Change" value ="80.000000" />
  <attribute name="Current GC Util Change" value="81.000000"/>
  <attribute name="GC Util currently" value="81" />
  <attribute name="CPU Util currently" value="907665674571" />
<exclusive-end id="1237" timestamp="2019-08-11T06:20:46.277" durationms="16.774" />

<exclusive-start id="1238" timestamp="2019-08-11T06:20:46.301" intervalms="41.235">
  <response-info timems="0.050" idlems="0.050" threads="0" lastid="0000000001E02F00" lastname="main" />
</exclusive-start>
<allocation-taxation id="1239" taxation-threshold="27262976" timestamp="2019-08-11T06:20:46.301" intervalms="41.231" />
<cycle-start id="1240" type="partial gc" contextid="0" timestamp="2019-08-11T06:20:46.301" intervalms="41.223" />
<gc-start id="1241" type="partial gc" contextid="1240" timestamp="2019-08-11T06:20:46.302">
  <mem-info id="1242" free="20971520" total="77594624" percent="27">
    <mem type="eden" free="2097088" total="29360128" percent="7" />
    <remembered-set count="45376" freebytes="3088256" totalbytes="3269760" percent="94" regionsoverflowed="0" regionsstable="2" regionsrebuilding="0"/>
  </mem-info>
</gc-start>
<allocation-stats totalBytes="27092088" >
  <allocated-bytes non-tlh="0" tlh="27092088" arrayletleaf="0"/>
  <largest-consumer threadName="main" threadId="0000000001E02F00" bytes="27092088" />
</allocation-stats>
<gc-op id="1243" type="copy forward" timems="9.770" contextid="1240" timestamp="2019-08-11T06:20:46.313">
  <memory-copied type="eden" objects="2" bytes="64" bytesdiscarded="0" />
  <memory-copied type="other" objects="51305" bytes="1338240" bytesdiscarded="83280" />
  <memory-cardclean objects="14987" bytes="827888" />
  <regions eden="13" other="4" />
  <remembered-set-cleared processed="38486" cleared="5057" durationms="0.371" />
  <references type="soft" candidates="778" cleared="0" enqueued="0" dynamicThreshold="19" maxThreshold="32" />
  <references type="weak" candidates="125" cleared="0" enqueued="0" />
  <references type="phantom" candidates="1" cleared="0" enqueued="0" />
  <stringconstants candidates="13769" cleared="0"  />
</gc-op>
<gc-op id="1244" type="classunload" timems="0.009" contextid="1240" timestamp="2019-08-11T06:20:46.313">
  <classunload-info classloadercandidates="54" classloadersunloaded="0" classesunloaded="0" anonymousclassesunloaded="0" quiescems="0.000" setupms="0.009" scanms="0.000" postms="0.000" />
</gc-op>
<heap-resize id="1245" type="contract" space="default" amount="4194304" count="1" timems="0.355" reason="excess free space following gc" timestamp="2019-08-11T06:20:46.313" />
<gc-end id="1246" type="partial gc" contextid="1240" durationms="11.853" usertimems="44.867" systemtimems="0.000" timestamp="2019-08-11T06:20:46.313" activeThreads="16">
  <mem-info id="1247" free="48234496" total="73400320" percent="65">
    <mem type="eden" free="2097088" total="2097152" percent="99" />
    <remembered-set count="45184" freebytes="2921344" totalbytes="3102080" percent="94" regionsoverflowed="0" regionsstable="2" regionsrebuilding="0"/>
  </mem-info>
</gc-end>
<cycle-end id="1248" type="partial gc" contextid="1240" timestamp="2019-08-11T06:20:46.314" />
  <attribute name="elasticGC enabled" value="1" />
  <attribute name= "numThreadsSpecified" value="16" />
  <attribute name="heapSize specified" value="0" />
  <attribute name="Current GC Util" value="179" />
  <attribute name= "Current Time Running" value="157495" />
  <attribute name ="GC Interval" value="0" />
  <attribute name="ProportionalT" value="49.500000" />
  <attribute name="ProportionalI" value="49.500000" />
  <attribute name="ProportionalH" value="49.500000" />
  <attribute name="Current Error" value="99.000000" />
  <attribute name="IntegralT" value="49.500000" />
  <attribute name="IntegralI" value="49.500000" />
  <attribute name="IntegralH" value="49.500000" />
  <attribute name="DerivativeT" value="85.000000" />
  <attribute name="DerivativeI" value="85.000000" />
  <attribute name="DerivativeH" value="85.000000" />
  <attribute name="Loop Time for DT" value="1.000000" />
  <attribute name="Output H" value="8388608"/>
  <attribute name="Output I" value="200"/>
  <attribute name="Output T" value="16"/>
  <attribute name="Target GC Util Change" value ="80.000000" />
  <attribute name="Current GC Util Change" value="179.000000"/>
  <attribute name="GC Util currently" value="179" />
  <attribute name="CPU Util currently" value="1077184626824" />
<exclusive-end id="1249" timestamp="2019-08-11T06:20:46.314" durationms="12.486" />

<exclusive-start id="1250" timestamp="2019-08-11T06:20:46.328" intervalms="27.148">
  <response-info timems="0.052" idlems="0.052" threads="0" lastid="0000000001E02F00" lastname="main" />
</exclusive-start>
<allocation-taxation id="1251" taxation-threshold="25165824" timestamp="2019-08-11T06:20:46.328" intervalms="27.148" />
<cycle-start id="1252" type="partial gc" contextid="0" timestamp="2019-08-11T06:20:46.328" intervalms="27.154" />
<gc-start id="1253" type="partial gc" contextid="1252" timestamp="2019-08-11T06:20:46.329">
  <mem-info id="1254" free="23068672" total="73400320" percent="31">
    <mem type="eden" free="2097088" total="27262976" percent="7" />
    <remembered-set count="44896" freebytes="2922496" totalbytes="3102080" percent="94" regionsoverflowed="0" regionsstable="2" regionsrebuilding="0"/>
  </mem-info>
</gc-start>
<allocation-stats totalBytes="25009312" >
  <allocated-bytes non-tlh="0" tlh="25009312" arrayletleaf="0"/>
  <largest-consumer threadName="main" threadId="0000000001E02F00" bytes="25009312" />
</allocation-stats>
<gc-op id="1255" type="copy forward" timems="17.105" contextid="1252" timestamp="2019-08-11T06:20:46.348">
  <memory-copied type="eden" objects="2" bytes="64" bytesdiscarded="0" />
  <memory-copied type="other" objects="0" bytes="0" bytesdiscarded="0" />
  <memory-cardclean objects="17785" bytes="859024" />
  <regions eden="12" other="1" />
  <remembered-set-cleared processed="37069" cleared="262" durationms="0.344" />
  <stringconstants candidates="13769" cleared="0"  />
</gc-op>
<gc-op id="1256" type="classunload" timems="0.012" contextid="1252" timestamp="2019-08-11T06:20:46.348">
  <classunload-info classloadercandidates="54" classloadersunloaded="0" classesunloaded="0" anonymousclassesunloaded="0" quiescems="0.000" setupms="0.012" scanms="0.000" postms="0.000" />
</gc-op>
<heap-resize id="1257" type="contract" space="default" amount="4194304" count="1" timems="0.237" reason="excess free space following gc" timestamp="2019-08-11T06:20:46.348" />
<gc-end id="1258" type="partial gc" contextid="1252" durationms="19.806" usertimems="37.739" systemtimems="0.000" timestamp="2019-08-11T06:20:46.349" activeThreads="16">
  <mem-info id="1259" free="44040192" total="69206016" percent="63">
    <mem type="eden" free="2097088" total="2097152" percent="99" />
    <remembered-set count="44160" freebytes="2757760" totalbytes="2934400" percent="93" regionsoverflowed="0" regionsstable="2" regionsrebuilding="0"/>
  </mem-info>
</gc-end>
<cycle-end id="1260" type="partial gc" contextid="1252" timestamp="2019-08-11T06:20:46.349" />
  <attribute name="elasticGC enabled" value="1" />
  <attribute name= "numThreadsSpecified" value="16" />
  <attribute name="heapSize specified" value="0" />
  <attribute name="Current GC Util" value="174" />
  <attribute name= "Current Time Running" value="157523" />
  <attribute name ="GC Interval" value="0" />
  <attribute name="ProportionalT" value="47.000000" />
  <attribute name="ProportionalI" value="47.000000" />
  <attribute name="ProportionalH" value="47.000000" />
  <attribute name="Current Error" value="94.000000" />
  <attribute name="IntegralT" value="47.000000" />
  <attribute name="IntegralI" value="47.000000" />
  <attribute name="IntegralH" value="47.000000" />
  <attribute name="DerivativeT" value="55.000000" />
  <attribute name="DerivativeI" value="55.000000" />
  <attribute name="DerivativeH" value="55.000000" />
  <attribute name="Loop Time for DT" value="1.000000" />
  <attribute name="Output H" value="8388608"/>
  <attribute name="Output I" value="200"/>
  <attribute name="Output T" value="16"/>
  <attribute name="Target GC Util Change" value ="80.000000" />
  <attribute name="Current GC Util Change" value="174.000000"/>
  <attribute name="GC Util currently" value="174" />
  <attribute name="CPU Util currently" value="772347330623" />
<exclusive-end id="1261" timestamp="2019-08-11T06:20:46.349" durationms="20.666" />

<exclusive-start id="1262" timestamp="2019-08-11T06:20:46.378" intervalms="49.537">
  <response-info timems="0.044" idlems="0.044" threads="0" lastid="0000000001E02F00" lastname="main" />
</exclusive-start>
<allocation-taxation id="1263" taxation-threshold="25165824" timestamp="2019-08-11T06:20:46.378" intervalms="49.535" />
<cycle-start id="1264" type="partial gc" contextid="0" timestamp="2019-08-11T06:20:46.378" intervalms="49.535" />
<gc-start id="1265" type="partial gc" contextid="1264" timestamp="2019-08-11T06:20:46.378">
  <mem-info id="1266" free="18874368" total="69206016" percent="27">
    <mem type="eden" free="2097088" total="27262976" percent="7" />
    <remembered-set count="44032" freebytes="2758272" totalbytes="2934400" percent="93" regionsoverflowed="0" regionsstable="2" regionsrebuilding="0"/>
  </mem-info>
</gc-start>
<allocation-stats totalBytes="25008096" >
  <allocated-bytes non-tlh="0" tlh="25008096" arrayletleaf="0"/>
  <largest-consumer threadName="main" threadId="0000000001E02F00" bytes="25008096" />
</allocation-stats>
<gc-op id="1267" type="copy forward" timems="11.203" contextid="1264" timestamp="2019-08-11T06:20:46.391">
  <memory-copied type="eden" objects="2" bytes="64" bytesdiscarded="0" />
  <memory-copied type="other" objects="0" bytes="0" bytesdiscarded="0" />
  <memory-cardclean objects="5282" bytes="155952" />
  <regions eden="12" other="1" />
  <remembered-set-cleared processed="38727" cleared="48" durationms="0.508" />
  <stringconstants candidates="13769" cleared="0"  />
</gc-op>
<gc-op id="1268" type="classunload" timems="0.012" contextid="1264" timestamp="2019-08-11T06:20:46.391">
  <classunload-info classloadercandidates="54" classloadersunloaded="0" classesunloaded="0" anonymousclassesunloaded="0" quiescems="0.000" setupms="0.012" scanms="0.000" postms="0.000" />
</gc-op>
<heap-resize id="1269" type="contract" space="default" amount="4194304" count="1" timems="0.588" reason="excess free space following gc" timestamp="2019-08-11T06:20:46.391" />
<gc-end id="1270" type="partial gc" contextid="1264" durationms="13.176" usertimems="36.385" systemtimems="0.000" timestamp="2019-08-11T06:20:46.391" activeThreads="16">
  <mem-info id="1271" free="39845888" total="65011712" percent="61">
    <mem type="eden" free="2097088" total="2097152" percent="99" />
    <remembered-set count="43520" freebytes="2592640" totalbytes="2766720" percent="93" regionsoverflowed="0" regionsstable="2" regionsrebuilding="0"/>
  </mem-info>
</gc-end>
<cycle-end id="1272" type="partial gc" contextid="1264" timestamp="2019-08-11T06:20:46.392" />
  <attribute name="elasticGC enabled" value="1" />
  <attribute name= "numThreadsSpecified" value="16" />
  <attribute name="heapSize specified" value="0" />
  <attribute name="Current GC Util" value="109" />
  <attribute name= "Current Time Running" value="157572" />
  <attribute name ="GC Interval" value="0" />
  <attribute name="ProportionalT" value="14.500000" />
  <attribute name="ProportionalI" value="14.500000" />
  <attribute name="ProportionalH" value="14.500000" />
  <attribute name="Current Error" value="29.000000" />
  <attribute name="IntegralT" value="14.500000" />
  <attribute name="IntegralI" value="14.500000" />
  <attribute name="IntegralH" value="14.500000" />
  <attribute name="DerivativeT" value="29.000000" />
  <attribute name="DerivativeI" value="29.000000" />
  <attribute name="DerivativeH" value="29.000000" />
  <attribute name="Loop Time for DT" value="1.000000" />
  <attribute name="Output H" value="8388608"/>
  <attribute name="Output I" value="200"/>
  <attribute name="Output T" value="16"/>
  <attribute name="Target GC Util Change" value ="80.000000" />
  <attribute name="Current GC Util Change" value="109.000000"/>
  <attribute name="GC Util currently" value="109" />
  <attribute name="CPU Util currently" value="1593383728385" />
<exclusive-end id="1273" timestamp="2019-08-11T06:20:46.392" durationms="14.044" />

<exclusive-start id="1274" timestamp="2019-08-11T06:20:46.410" intervalms="32.267">
  <response-info timems="0.054" idlems="0.054" threads="0" lastid="0000000001E02F00" lastname="main" />
</exclusive-start>
<allocation-taxation id="1275" taxation-threshold="23068672" timestamp="2019-08-11T06:20:46.410" intervalms="32.275" />
<cycle-start id="1276" type="partial gc" contextid="0" timestamp="2019-08-11T06:20:46.410" intervalms="32.285" />
<gc-start id="1277" type="partial gc" contextid="1276" timestamp="2019-08-11T06:20:46.411">
  <mem-info id="1278" free="16777216" total="65011712" percent="25">
    <mem type="eden" free="2097088" total="25165824" percent="8" />
    <remembered-set count="43296" freebytes="2593536" totalbytes="2766720" percent="93" regionsoverflowed="0" regionsstable="2" regionsrebuilding="0"/>
  </mem-info>
</gc-start>
<allocation-stats totalBytes="22924056" >
  <allocated-bytes non-tlh="0" tlh="22924056" arrayletleaf="0"/>
  <largest-consumer threadName="main" threadId="0000000001E02F00" bytes="22924056" />
</allocation-stats>
<gc-op id="1279" type="copy forward" timems="11.931" contextid="1276" timestamp="2019-08-11T06:20:46.424">
  <memory-copied type="eden" objects="2" bytes="64" bytesdiscarded="0" />
  <memory-copied type="other" objects="0" bytes="0" bytesdiscarded="0" />
  <memory-cardclean objects="10" bytes="424" />
  <regions eden="11" other="1" />
  <remembered-set-cleared processed="39594" cleared="5" durationms="0.384" />
  <stringconstants candidates="13769" cleared="0"  />
</gc-op>
<gc-op id="1280" type="classunload" timems="0.014" contextid="1276" timestamp="2019-08-11T06:20:46.424">
  <classunload-info classloadercandidates="54" classloadersunloaded="0" classesunloaded="0" anonymousclassesunloaded="0" quiescems="0.000" setupms="0.013" scanms="0.000" postms="0.000" />
</gc-op>
<gc-end id="1281" type="partial gc" contextid="1276" durationms="14.051" usertimems="38.408" systemtimems="0.000" timestamp="2019-08-11T06:20:46.425" activeThreads="16">
  <mem-info id="1282" free="39845888" total="65011712" percent="61">
    <mem type="eden" free="2097088" total="2097152" percent="99" />
    <remembered-set count="42368" freebytes="2429568" totalbytes="2599040" percent="93" regionsoverflowed="0" regionsstable="2" regionsrebuilding="0"/>
  </mem-info>
</gc-end>
<cycle-end id="1283" type="partial gc" contextid="1276" timestamp="2019-08-11T06:20:46.425" />
  <attribute name="elasticGC enabled" value="1" />
  <attribute name= "numThreadsSpecified" value="16" />
  <attribute name="heapSize specified" value="0" />
  <attribute name="Current GC Util" value="86" />
  <attribute name= "Current Time Running" value="157605" />
  <attribute name ="GC Interval" value="0" />
  <attribute name="ProportionalT" value="3.000000" />
  <attribute name="ProportionalI" value="3.000000" />
  <attribute name="ProportionalH" value="3.000000" />
  <attribute name="Current Error" value="6.000000" />
  <attribute name="IntegralT" value="6.000000" />
  <attribute name="IntegralI" value="6.000000" />
  <attribute name="IntegralH" value="6.000000" />
  <attribute name="DerivativeT" value="3.000000" />
  <attribute name="DerivativeI" value="3.000000" />
  <attribute name="DerivativeH" value="3.000000" />
  <attribute name="Loop Time for DT" value="2.000000" />
  <attribute name="Output H" value="8388608"/>
  <attribute name="Output I" value="200"/>
  <attribute name="Output T" value="16"/>
  <attribute name="Target GC Util Change" value ="80.000000" />
  <attribute name="Current GC Util Change" value="86.000000"/>
  <attribute name="GC Util currently" value="86" />
  <attribute name="CPU Util currently" value="783317713988" />
<exclusive-end id="1284" timestamp="2019-08-11T06:20:46.425" durationms="15.136" />

<exclusive-start id="1285" timestamp="2019-08-11T06:20:46.432" intervalms="22.191">
  <response-info timems="0.047" idlems="0.047" threads="0" lastid="0000000001E02F00" lastname="main" />
</exclusive-start>
<allocation-taxation id="1286" taxation-threshold="10485760" timestamp="2019-08-11T06:20:46.432" intervalms="22.183" />
<cycle-start id="1287" type="global mark phase" contextid="0" timestamp="2019-08-11T06:20:46.433" intervalms="263.571" />
<gc-start id="1288" type="global mark phase" contextid="1287" timestamp="2019-08-11T06:20:46.433">
  <mem-info id="1289" free="29360128" total="65011712" percent="45">
    <remembered-set count="42368" freebytes="2429568" totalbytes="2599040" percent="93" regionsoverflowed="0" regionsstable="2" regionsrebuilding="0"/>
  </mem-info>
</gc-start>
<gc-op id="1290" type="mark increment" timems="5.207" contextid="1287" timestamp="2019-08-11T06:20:46.438">
  <trace-info objectcount="209" scancount="0" scanbytes="0" />
</gc-op>
<gc-end id="1291" type="global mark phase" contextid="1287" durationms="5.341" usertimems="17.044" systemtimems="0.000" timestamp="2019-08-11T06:20:46.438" activeThreads="16">
  <mem-info id="1292" free="29360128" total="65011712" percent="45">
    <remembered-set count="42368" freebytes="2429568" totalbytes="2599040" percent="93" regionsoverflowed="0" regionsstable="0" regionsrebuilding="2"/>
  </mem-info>
</gc-end>
<concurrent-start id="1293" type="GMP work packet processing" contextid="1287" timestamp="2019-08-11T06:20:46.438">
  <concurrent-mark-start scanTarget="11571999" />
</concurrent-start>
<exclusive-end id="1294" timestamp="2019-08-11T06:20:46.438" durationms="5.729" />

<concurrent-end id="1295" type="GMP work packet processing" contextid="1287" timestamp="2019-08-11T06:20:46.447">
  <concurrent-mark-end bytesScanned="11747444" reasonForTermination="Work target met" />
</concurrent-end>

<exclusive-start id="1296" timestamp="2019-08-11T06:20:46.451" intervalms="18.820">
  <response-info timems="0.043" idlems="0.043" threads="0" lastid="0000000001E02F00" lastname="main" />
</exclusive-start>
<allocation-taxation id="1297" taxation-threshold="10485760" timestamp="2019-08-11T06:20:46.451" intervalms="18.818" />
<cycle-start id="1298" type="partial gc" contextid="0" timestamp="2019-08-11T06:20:46.451" intervalms="40.995" />
<gc-start id="1299" type="partial gc" contextid="1298" timestamp="2019-08-11T06:20:46.452">
  <mem-info id="1300" free="18874368" total="65011712" percent="29">
    <mem type="eden" free="2097088" total="23068672" percent="9" />
    <remembered-set count="48096" freebytes="2406656" totalbytes="2599040" percent="92" regionsoverflowed="0" regionsstable="0" regionsrebuilding="2"/>
  </mem-info>
</gc-start>
<allocation-stats totalBytes="20841304" >
  <allocated-bytes non-tlh="0" tlh="20841304" arrayletleaf="0"/>
  <largest-consumer threadName="main" threadId="0000000001E02F00" bytes="10420032" />
</allocation-stats>
<gc-op id="1301" type="copy forward" timems="16.617" contextid="1298" timestamp="2019-08-11T06:20:46.469">
  <memory-copied type="eden" objects="2" bytes="64" bytesdiscarded="0" />
  <memory-copied type="other" objects="0" bytes="0" bytesdiscarded="0" />
  <memory-cardclean objects="10" bytes="424" />
  <regions eden="10" other="1" />
  <remembered-set-cleared processed="40369" cleared="8" durationms="0.271" />
  <stringconstants candidates="13769" cleared="0"  />
</gc-op>
<gc-op id="1302" type="classunload" timems="0.010" contextid="1298" timestamp="2019-08-11T06:20:46.469">
  <classunload-info classloadercandidates="54" classloadersunloaded="0" classesunloaded="0" anonymousclassesunloaded="0" quiescems="0.000" setupms="0.010" scanms="0.000" postms="0.000" />
</gc-op>
<gc-end id="1303" type="partial gc" contextid="1298" durationms="17.997" usertimems="43.714" systemtimems="0.000" timestamp="2019-08-11T06:20:46.470" activeThreads="16">
  <mem-info id="1304" free="39845888" total="65011712" percent="61">
    <mem type="eden" free="2097088" total="2097152" percent="99" />
    <remembered-set count="43552" freebytes="2424832" totalbytes="2599040" percent="93" regionsoverflowed="0" regionsstable="0" regionsrebuilding="2"/>
  </mem-info>
</gc-end>
<cycle-end id="1305" type="partial gc" contextid="1298" timestamp="2019-08-11T06:20:46.470" />
  <attribute name="elasticGC enabled" value="1" />
  <attribute name= "numThreadsSpecified" value="16" />
  <attribute name="heapSize specified" value="0" />
  <attribute name="Current GC Util" value="112" />
  <attribute name= "Current Time Running" value="157645" />
  <attribute name ="GC Interval" value="0" />
  <attribute name="ProportionalT" value="16.000000" />
  <attribute name="ProportionalI" value="16.000000" />
  <attribute name="ProportionalH" value="16.000000" />
  <attribute name="Current Error" value="32.000000" />
  <attribute name="IntegralT" value="16.000000" />
  <attribute name="IntegralI" value="16.000000" />
  <attribute name="IntegralH" value="16.000000" />
  <attribute name="DerivativeT" value="-267.000000" />
  <attribute name="DerivativeI" value="-267.000000" />
  <attribute name="DerivativeH" value="-267.000000" />
  <attribute name="Loop Time for DT" value="1.000000" />
  <attribute name="Output H" value="4202627072"/>
  <attribute name="Output I" value="200"/>
  <attribute name="Output T" value="16"/>
  <attribute name="Target GC Util Change" value ="80.000000" />
  <attribute name="Current GC Util Change" value="112.000000"/>
  <attribute name="GC Util currently" value="112" />
  <attribute name="CPU Util currently" value="1554479209706" />
<exclusive-end id="1306" timestamp="2019-08-11T06:20:46.470" durationms="18.899" />

<exclusive-start id="1307" timestamp="2019-08-11T06:20:46.477" intervalms="25.866">
  <response-info timems="0.044" idlems="0.044" threads="0" lastid="0000000001E02F00" lastname="main" />
</exclusive-start>
<allocation-taxation id="1308" taxation-threshold="10485760" timestamp="2019-08-11T06:20:46.477" intervalms="25.872" />
<gc-start id="1309" type="global mark phase" contextid="1287" timestamp="2019-08-11T06:20:46.477">
  <mem-info id="1310" free="29360128" total="65011712" percent="45">
    <remembered-set count="43552" freebytes="2424832" totalbytes="2599040" percent="93" regionsoverflowed="0" regionsstable="0" regionsrebuilding="2"/>
  </mem-info>
</gc-start>
<gc-end id="1311" type="global mark phase" contextid="1287" durationms="0.031" usertimems="0.018" systemtimems="0.000" timestamp="2019-08-11T06:20:46.477" activeThreads="16">
  <mem-info id="1312" free="29360128" total="65011712" percent="45">
    <remembered-set count="43552" freebytes="2424832" totalbytes="2599040" percent="93" regionsoverflowed="0" regionsstable="0" regionsrebuilding="2"/>
  </mem-info>
</gc-end>
<concurrent-start id="1313" type="GMP work packet processing" contextid="1287" timestamp="2019-08-11T06:20:46.477">
  <concurrent-mark-start scanTarget="11571999" />
</concurrent-start>
<exclusive-end id="1314" timestamp="2019-08-11T06:20:46.477" durationms="0.449" />

<concurrent-end id="1315" type="GMP work packet processing" contextid="1287" timestamp="2019-08-11T06:20:46.480">
  <concurrent-mark-end bytesScanned="1876416" reasonForTermination="Completed all work in GC phase" />
</concurrent-end>

<exclusive-start id="1316" timestamp="2019-08-11T06:20:46.485" intervalms="8.197">
  <response-info timems="0.052" idlems="0.052" threads="0" lastid="0000000001E02F00" lastname="main" />
</exclusive-start>
<allocation-taxation id="1317" taxation-threshold="10485760" timestamp="2019-08-11T06:20:46.485" intervalms="8.198" />
<cycle-start id="1318" type="partial gc" contextid="0" timestamp="2019-08-11T06:20:46.485" intervalms="34.098" />
<gc-start id="1319" type="partial gc" contextid="1318" timestamp="2019-08-11T06:20:46.486">
  <mem-info id="1320" free="18874368" total="65011712" percent="29">
    <mem type="eden" free="2097088" total="23068672" percent="9" />
    <remembered-set count="47136" freebytes="2410496" totalbytes="2599040" percent="92" regionsoverflowed="0" regionsstable="0" regionsrebuilding="2"/>
  </mem-info>
</gc-start>
<allocation-stats totalBytes="20841304" >
  <allocated-bytes non-tlh="0" tlh="20841304" arrayletleaf="0"/>
  <largest-consumer threadName="main" threadId="0000000001E02F00" bytes="10420032" />
</allocation-stats>
<gc-op id="1321" type="copy forward" timems="9.960" contextid="1318" timestamp="2019-08-11T06:20:46.498">
  <memory-copied type="eden" objects="2" bytes="64" bytesdiscarded="0" />
  <memory-copied type="other" objects="0" bytes="0" bytesdiscarded="0" />
  <memory-cardclean objects="10" bytes="424" />
  <regions eden="10" other="1" />
  <remembered-set-cleared processed="40609" cleared="5" durationms="0.395" />
  <stringconstants candidates="13769" cleared="0"  />
</gc-op>
<gc-op id="1322" type="classunload" timems="0.011" contextid="1318" timestamp="2019-08-11T06:20:46.498">
  <classunload-info classloadercandidates="54" classloadersunloaded="0" classesunloaded="0" anonymousclassesunloaded="0" quiescems="0.000" setupms="0.011" scanms="0.000" postms="0.000" />
</gc-op>
<gc-end id="1323" type="partial gc" contextid="1318" durationms="12.343" usertimems="28.467" systemtimems="0.000" timestamp="2019-08-11T06:20:46.498" activeThreads="16">
  <mem-info id="1324" free="39845888" total="65011712" percent="61">
    <mem type="eden" free="2097088" total="2097152" percent="99" />
    <remembered-set count="43872" freebytes="2423552" totalbytes="2599040" percent="93" regionsoverflowed="0" regionsstable="0" regionsrebuilding="2"/>
  </mem-info>
</gc-end>
<cycle-end id="1325" type="partial gc" contextid="1318" timestamp="2019-08-11T06:20:46.498" />
  <attribute name="elasticGC enabled" value="1" />
  <attribute name= "numThreadsSpecified" value="16" />
  <attribute name="heapSize specified" value="0" />
  <attribute name="Current GC Util" value="281" />
  <attribute name= "Current Time Running" value="157680" />
  <attribute name ="GC Interval" value="0" />
  <attribute name="ProportionalT" value="100.500000" />
  <attribute name="ProportionalI" value="100.500000" />
  <attribute name="ProportionalH" value="100.500000" />
  <attribute name="Current Error" value="201.000000" />
  <attribute name="IntegralT" value="100.500000" />
  <attribute name="IntegralI" value="100.500000" />
  <attribute name="IntegralH" value="100.500000" />
  <attribute name="DerivativeT" value="201.000000" />
  <attribute name="DerivativeI" value="201.000000" />
  <attribute name="DerivativeH" value="201.000000" />
  <attribute name="Loop Time for DT" value="1.000000" />
  <attribute name="Output H" value="8388608"/>
  <attribute name="Output I" value="408"/>
  <attribute name="Output T" value="16"/>
  <attribute name="Target GC Util Change" value ="80.000000" />
  <attribute name="Current GC Util Change" value="281.000000"/>
  <attribute name="GC Util currently" value="281" />
  <attribute name="CPU Util currently" value="742336592190" />
<exclusive-end id="1326" timestamp="2019-08-11T06:20:46.498" durationms="13.109" />

<exclusive-start id="1327" timestamp="2019-08-11T06:20:46.504" intervalms="19.049">
  <response-info timems="0.018" idlems="0.018" threads="0" lastid="0000000001E02F00" lastname="main" />
</exclusive-start>
<allocation-taxation id="1328" taxation-threshold="10485760" timestamp="2019-08-11T06:20:46.504" intervalms="19.037" />
<gc-start id="1329" type="global mark phase" contextid="1287" timestamp="2019-08-11T06:20:46.504">
  <mem-info id="1330" free="29360128" total="65011712" percent="45">
    <remembered-set count="43872" freebytes="2423552" totalbytes="2599040" percent="93" regionsoverflowed="0" regionsstable="0" regionsrebuilding="2"/>
  </mem-info>
</gc-start>
<gc-op id="1331" type="mark increment" timems="6.864" contextid="1287" timestamp="2019-08-11T06:20:46.511">
  <trace-info objectcount="2" scancount="2" scanbytes="64" />
  <cardclean-info objects="12" bytes="488" />
  <finalization candidates="80" enqueued="0" />
  <ownableSynchronizers candidates="21" cleared="0" />
  <references type="soft" candidates="4844" cleared="145" enqueued="144" dynamicThreshold="19" maxThreshold="32" />
  <references type="weak" candidates="5586" cleared="0" enqueued="0" />
  <references type="phantom" candidates="97" cleared="0" enqueued="0" />
  <stringconstants candidates="13769" cleared="0"  />
</gc-op>
<gc-op id="1332" type="classunload" timems="0.010" contextid="1287" timestamp="2019-08-11T06:20:46.511">
  <classunload-info classloadercandidates="54" classloadersunloaded="0" classesunloaded="0" anonymousclassesunloaded="0" quiescems="0.000" setupms="0.010" scanms="0.000" postms="0.000" />
</gc-op>
<gc-end id="1333" type="global mark phase" contextid="1287" durationms="6.986" usertimems="14.742" systemtimems="0.000" timestamp="2019-08-11T06:20:46.511" activeThreads="16">
  <mem-info id="1334" free="29360128" total="65011712" percent="45">
    <pending-finalizers system="0" default="0" reference="144" classloader="0" />
    <remembered-set count="43872" freebytes="2423552" totalbytes="2599040" percent="93" regionsoverflowed="0" regionsstable="0" regionsrebuilding="0"/>
  </mem-info>
</gc-end>
<cycle-end id="1335" type="global mark phase" contextid="1287" timestamp="2019-08-11T06:20:46.511" />
  <attribute name="elasticGC enabled" value="1" />
  <attribute name= "numThreadsSpecified" value="16" />
  <attribute name="heapSize specified" value="0" />
  <attribute name="Current GC Util" value="169" />
  <attribute name= "Current Time Running" value="157700" />
  <attribute name ="GC Interval" value="0" />
  <attribute name="ProportionalT" value="44.500000" />
  <attribute name="ProportionalI" value="44.500000" />
  <attribute name="ProportionalH" value="44.500000" />
  <attribute name="Current Error" value="89.000000" />
  <attribute name="IntegralT" value="89.000000" />
  <attribute name="IntegralI" value="89.000000" />
  <attribute name="IntegralH" value="89.000000" />
  <attribute name="DerivativeT" value="-15.500000" />
  <attribute name="DerivativeI" value="-15.500000" />
  <attribute name="DerivativeH" value="-15.500000" />
  <attribute name="Loop Time for DT" value="2.000000" />
  <attribute name="Output H" value="8388608"/>
  <attribute name="Output I" value="200"/>
  <attribute name="Output T" value="16"/>
  <attribute name="Target GC Util Change" value ="80.000000" />
  <attribute name="Current GC Util Change" value="169.000000"/>
  <attribute name="GC Util currently" value="169" />
  <attribute name="CPU Util currently" value="691191638276" />
<exclusive-end id="1336" timestamp="2019-08-11T06:20:46.512" durationms="7.270" />

<exclusive-start id="1337" timestamp="2019-08-11T06:20:46.570" intervalms="65.827">
  <response-info timems="0.089" idlems="0.089" threads="0" lastid="0000000001E02F00" lastname="main" />
</exclusive-start>
<allocation-taxation id="1338" taxation-threshold="10485760" timestamp="2019-08-11T06:20:46.570" intervalms="65.837" />
<cycle-start id="1339" type="partial gc" contextid="0" timestamp="2019-08-11T06:20:46.570" intervalms="84.843" />
<gc-start id="1340" type="partial gc" contextid="1339" timestamp="2019-08-11T06:20:46.570">
  <mem-info id="1341" free="18874368" total="65011712" percent="29">
    <mem type="eden" free="2097088" total="23068672" percent="9" />
    <remembered-set count="42368" freebytes="2429568" totalbytes="2599040" percent="93" regionsoverflowed="0" regionsstable="2" regionsrebuilding="0"/>
  </mem-info>
</gc-start>
<allocation-stats totalBytes="20903960" >
  <allocated-bytes non-tlh="0" tlh="20903960" arrayletleaf="0"/>
  <largest-consumer threadName="main" threadId="0000000001E02F00" bytes="10483928" />
</allocation-stats>
<gc-op id="1342" type="sweep" timems="3.448" contextid="1339" timestamp="2019-08-11T06:20:46.574" />
<gc-op id="1343" type="copy forward" timems="9.278" contextid="1339" timestamp="2019-08-11T06:20:46.585">
  <memory-copied type="eden" objects="153" bytes="5056" bytesdiscarded="584" />
  <memory-copied type="other" objects="0" bytes="0" bytesdiscarded="0" />
  <memory-cardclean objects="435" bytes="17896" />
  <regions eden="5" other="1" />
  <remembered-set-cleared processed="39593" cleared="57" durationms="0.267" />
  <stringconstants candidates="13769" cleared="0"  />
</gc-op>
<gc-op id="1344" type="classunload" timems="0.011" contextid="1339" timestamp="2019-08-11T06:20:46.585">
  <classunload-info classloadercandidates="54" classloadersunloaded="0" classesunloaded="0" anonymousclassesunloaded="0" quiescems="0.000" setupms="0.011" scanms="0.000" postms="0.000" />
</gc-op>
<gc-end id="1345" type="partial gc" contextid="1339" durationms="14.683" usertimems="37.130" systemtimems="0.000" timestamp="2019-08-11T06:20:46.585" activeThreads="16">
  <mem-info id="1346" free="39845888" total="65011712" percent="61">
    <mem type="eden" free="2091512" total="2097152" percent="99" />
    <remembered-set count="43808" freebytes="2423808" totalbytes="2599040" percent="93" regionsoverflowed="0" regionsstable="2" regionsrebuilding="0"/>
  </mem-info>
</gc-end>
<cycle-end id="1347" type="partial gc" contextid="1339" timestamp="2019-08-11T06:20:46.585" />
  <attribute name="elasticGC enabled" value="1" />
  <attribute name= "numThreadsSpecified" value="16" />
  <attribute name="heapSize specified" value="0" />
  <attribute name="Current GC Util" value="88" />
  <attribute name= "Current Time Running" value="157768" />
  <attribute name ="GC Interval" value="0" />
  <attribute name="ProportionalT" value="4.000000" />
  <attribute name="ProportionalI" value="4.000000" />
  <attribute name="ProportionalH" value="4.000000" />
  <attribute name="Current Error" value="8.000000" />
  <attribute name="IntegralT" value="4.000000" />
  <attribute name="IntegralI" value="4.000000" />
  <attribute name="IntegralH" value="4.000000" />
  <attribute name="DerivativeT" value="8.000000" />
  <attribute name="DerivativeI" value="8.000000" />
  <attribute name="DerivativeH" value="8.000000" />
  <attribute name="Loop Time for DT" value="1.000000" />
  <attribute name="Output H" value="8388608"/>
  <attribute name="Output I" value="200"/>
  <attribute name="Output T" value="16"/>
  <attribute name="Target GC Util Change" value ="80.000000" />
  <attribute name="Current GC Util Change" value="88.000000"/>
  <attribute name="GC Util currently" value="88" />
  <attribute name="CPU Util currently" value="917643982681" />
<exclusive-end id="1348" timestamp="2019-08-11T06:20:46.585" durationms="15.305" />

<exclusive-start id="1349" timestamp="2019-08-11T06:20:46.702" intervalms="131.725">
  <response-info timems="0.094" idlems="0.094" threads="0" lastid="0000000001E02F00" lastname="main" />
</exclusive-start>
<allocation-taxation id="1350" taxation-threshold="23068672" timestamp="2019-08-11T06:20:46.702" intervalms="131.819" />
<cycle-start id="1351" type="partial gc" contextid="0" timestamp="2019-08-11T06:20:46.702" intervalms="131.799" />
<gc-start id="1352" type="partial gc" contextid="1351" timestamp="2019-08-11T06:20:46.702">
  <mem-info id="1353" free="16777216" total="65011712" percent="25">
    <mem type="eden" free="0" total="23068672" percent="0" />
    <remembered-set count="43328" freebytes="2425728" totalbytes="2599040" percent="93" regionsoverflowed="0" regionsstable="2" regionsrebuilding="0"/>
  </mem-info>
</gc-start>
<allocation-stats totalBytes="23065184" >
  <allocated-bytes non-tlh="0" tlh="23065184" arrayletleaf="0"/>
  <largest-consumer threadName="main" threadId="0000000001E02F00" bytes="23065184" />
</allocation-stats>
<gc-op id="1354" type="copy forward" timems="13.156" contextid="1351" timestamp="2019-08-11T06:20:46.717">
  <memory-copied type="eden" objects="103" bytes="3336" bytesdiscarded="0" />
  <memory-copied type="other" objects="78243" bytes="2996424" bytesdiscarded="200216" />
  <memory-cardclean objects="89742" bytes="2867576" />
  <regions eden="11" other="3" />
  <remembered-set-cleared processed="28789" cleared="12670" durationms="0.341" />
  <finalization candidates="5" enqueued="0" />
  <ownableSynchronizers candidates="19" cleared="0" />
  <references type="soft" candidates="1401" cleared="0" enqueued="0" dynamicThreshold="19" maxThreshold="32" />
  <references type="weak" candidates="1986" cleared="0" enqueued="0" />
  <references type="phantom" candidates="2" cleared="0" enqueued="0" />
  <stringconstants candidates="13769" cleared="19"  />
</gc-op>
<gc-op id="1355" type="classunload" timems="0.011" contextid="1351" timestamp="2019-08-11T06:20:46.717">
  <classunload-info classloadercandidates="54" classloadersunloaded="0" classesunloaded="0" anonymousclassesunloaded="0" quiescems="0.000" setupms="0.010" scanms="0.000" postms="0.000" />
</gc-op>
<heap-resize id="1356" type="expand" space="default" amount="4194304" count="1" timems="0.056" reason="excessive time being spent in gc" timestamp="2019-08-11T06:20:46.717" />
<gc-end id="1357" type="partial gc" contextid="1351" durationms="15.018" usertimems="45.512" systemtimems="0.000" timestamp="2019-08-11T06:20:46.717" activeThreads="16">
  <mem-info id="1358" free="41943040" total="69206016" percent="60">
    <mem type="eden" free="2093816" total="2097152" percent="99" />
    <remembered-set count="43744" freebytes="2591744" totalbytes="2766720" percent="93" regionsoverflowed="0" regionsstable="2" regionsrebuilding="0"/>
  </mem-info>
</gc-end>
<cycle-end id="1359" type="partial gc" contextid="1351" timestamp="2019-08-11T06:20:46.717" />
  <attribute name="elasticGC enabled" value="1" />
  <attribute name= "numThreadsSpecified" value="16" />
  <attribute name="heapSize specified" value="0" />
  <attribute name="Current GC Util" value="125" />
  <attribute name= "Current Time Running" value="157896" />
  <attribute name ="GC Interval" value="0" />
  <attribute name="ProportionalT" value="22.500000" />
  <attribute name="ProportionalI" value="22.500000" />
  <attribute name="ProportionalH" value="22.500000" />
  <attribute name="Current Error" value="45.000000" />
  <attribute name="IntegralT" value="22.500000" />
  <attribute name="IntegralI" value="22.500000" />
  <attribute name="IntegralH" value="22.500000" />
  <attribute name="DerivativeT" value="45.000000" />
  <attribute name="DerivativeI" value="45.000000" />
  <attribute name="DerivativeH" value="45.000000" />
  <attribute name="Loop Time for DT" value="1.000000" />
  <attribute name="Output H" value="8388608"/>
  <attribute name="Output I" value="200"/>
  <attribute name="Output T" value="16"/>
  <attribute name="Target GC Util Change" value ="80.000000" />
  <attribute name="Current GC Util Change" value="125.000000"/>
  <attribute name="GC Util currently" value="125" />
  <attribute name="CPU Util currently" value="860033595265" />
<exclusive-end id="1360" timestamp="2019-08-11T06:20:46.718" durationms="15.709" />

<exclusive-start id="1361" timestamp="2019-08-11T06:20:46.852" intervalms="150.046">
  <response-info timems="0.022" idlems="0.022" threads="0" lastid="0000000001E02F00" lastname="main" />
</exclusive-start>
<allocation-taxation id="1362" taxation-threshold="25165824" timestamp="2019-08-11T06:20:46.852" intervalms="149.955" />
<cycle-start id="1363" type="partial gc" contextid="0" timestamp="2019-08-11T06:20:46.852" intervalms="150.003" />
<gc-start id="1364" type="partial gc" contextid="1363" timestamp="2019-08-11T06:20:46.852">
  <mem-info id="1365" free="16777216" total="69206016" percent="24">
    <mem type="eden" free="2093816" total="27262976" percent="7" />
    <remembered-set count="33120" freebytes="2634240" totalbytes="2766720" percent="95" regionsoverflowed="0" regionsstable="3" regionsrebuilding="0"/>
  </mem-info>
</gc-start>
<allocation-stats totalBytes="25162488" >
  <allocated-bytes non-tlh="0" tlh="25162488" arrayletleaf="0"/>
  <largest-consumer threadName="main" threadId="0000000001E02F00" bytes="25162488" />
</allocation-stats>
<gc-op id="1366" type="copy forward" timems="10.284" contextid="1363" timestamp="2019-08-11T06:20:46.864">
  <memory-copied type="eden" objects="339" bytes="11064" bytesdiscarded="1736" />
  <memory-copied type="other" objects="0" bytes="0" bytesdiscarded="0" />
  <memory-cardclean objects="103" bytes="12704" />
  <regions eden="12" other="1" />
  <remembered-set-cleared processed="28031" cleared="31" durationms="0.280" />
  <references type="weak" candidates="35" cleared="0" enqueued="0" />
  <stringconstants candidates="13750" cleared="0"  />
</gc-op>
<gc-op id="1367" type="classunload" timems="0.013" contextid="1363" timestamp="2019-08-11T06:20:46.864">
  <classunload-info classloadercandidates="54" classloadersunloaded="0" classesunloaded="0" anonymousclassesunloaded="0" quiescems="0.000" setupms="0.012" scanms="0.000" postms="0.000" />
</gc-op>
<gc-end id="1368" type="partial gc" contextid="1363" durationms="11.595" usertimems="20.834" systemtimems="0.000" timestamp="2019-08-11T06:20:46.864" activeThreads="16">
  <mem-info id="1369" free="41943040" total="69206016" percent="60">
    <mem type="eden" free="2084304" total="2097152" percent="99" />
    <remembered-set count="32768" freebytes="2635648" totalbytes="2766720" percent="95" regionsoverflowed="0" regionsstable="3" regionsrebuilding="0"/>
  </mem-info>
</gc-end>
<cycle-end id="1370" type="partial gc" contextid="1363" timestamp="2019-08-11T06:20:46.864" />
  <attribute name="elasticGC enabled" value="1" />
  <attribute name= "numThreadsSpecified" value="16" />
  <attribute name="heapSize specified" value="0" />
  <attribute name="Current GC Util" value="156" />
  <attribute name= "Current Time Running" value="158046" />
  <attribute name ="GC Interval" value="0" />
  <attribute name="ProportionalT" value="38.000000" />
  <attribute name="ProportionalI" value="38.000000" />
  <attribute name="ProportionalH" value="38.000000" />
  <attribute name="Current Error" value="76.000000" />
  <attribute name="IntegralT" value="38.000000" />
  <attribute name="IntegralI" value="38.000000" />
  <attribute name="IntegralH" value="38.000000" />
  <attribute name="DerivativeT" value="76.000000" />
  <attribute name="DerivativeI" value="76.000000" />
  <attribute name="DerivativeH" value="76.000000" />
  <attribute name="Loop Time for DT" value="1.000000" />
  <attribute name="Output H" value="8388608"/>
  <attribute name="Output I" value="200"/>
  <attribute name="Output T" value="16"/>
  <attribute name="Target GC Util Change" value ="80.000000" />
  <attribute name="Current GC Util Change" value="156.000000"/>
  <attribute name="GC Util currently" value="156" />
  <attribute name="CPU Util currently" value="1685599607008" />
<exclusive-end id="1371" timestamp="2019-08-11T06:20:46.864" durationms="12.338" />

<exclusive-start id="1372" timestamp="2019-08-11T06:20:46.905" intervalms="53.183">
  <response-info timems="0.043" idlems="0.043" threads="0" lastid="0000000001E02F00" lastname="main" />
</exclusive-start>
<allocation-taxation id="1373" taxation-threshold="12582912" timestamp="2019-08-11T06:20:46.905" intervalms="53.204" />
<cycle-start id="1374" type="global mark phase" contextid="0" timestamp="2019-08-11T06:20:46.905" intervalms="472.697" />
<gc-start id="1375" type="global mark phase" contextid="1374" timestamp="2019-08-11T06:20:46.905">
  <mem-info id="1376" free="29360128" total="69206016" percent="42">
    <remembered-set count="32352" freebytes="2637312" totalbytes="2766720" percent="95" regionsoverflowed="0" regionsstable="3" regionsrebuilding="0"/>
  </mem-info>
</gc-start>
<gc-op id="1377" type="mark increment" timems="3.456" contextid="1374" timestamp="2019-08-11T06:20:46.909">
  <trace-info objectcount="237" scancount="0" scanbytes="0" />
</gc-op>
<gc-end id="1378" type="global mark phase" contextid="1374" durationms="3.554" usertimems="8.988" systemtimems="0.000" timestamp="2019-08-11T06:20:46.909" activeThreads="16">
  <mem-info id="1379" free="29360128" total="69206016" percent="42">
    <remembered-set count="32352" freebytes="2637312" totalbytes="2766720" percent="95" regionsoverflowed="0" regionsstable="0" regionsrebuilding="3"/>
  </mem-info>
</gc-end>
<concurrent-start id="1380" type="GMP work packet processing" contextid="1374" timestamp="2019-08-11T06:20:46.909">
  <concurrent-mark-start scanTarget="7819346" />
</concurrent-start>
<exclusive-end id="1381" timestamp="2019-08-11T06:20:46.909" durationms="3.838" />

<concurrent-end id="1382" type="GMP work packet processing" contextid="1374" timestamp="2019-08-11T06:20:46.922">
  <concurrent-mark-end bytesScanned="7975284" reasonForTermination="Work target met" />
</concurrent-end>

<exclusive-start id="1383" timestamp="2019-08-11T06:20:46.950" intervalms="45.052">
  <response-info timems="0.057" idlems="0.057" threads="0" lastid="0000000001E02F00" lastname="main" />
</exclusive-start>
<allocation-taxation id="1384" taxation-threshold="12582912" timestamp="2019-08-11T06:20:46.950" intervalms="45.070" />
<cycle-start id="1385" type="partial gc" contextid="0" timestamp="2019-08-11T06:20:46.950" intervalms="98.323" />
<gc-start id="1386" type="partial gc" contextid="1385" timestamp="2019-08-11T06:20:46.951">
  <mem-info id="1387" free="16777216" total="69206016" percent="24">
    <mem type="eden" free="0" total="25165824" percent="0" />
    <remembered-set count="44224" freebytes="2589824" totalbytes="2766720" percent="93" regionsoverflowed="0" regionsstable="0" regionsrebuilding="3"/>
  </mem-info>
</gc-start>
<allocation-stats totalBytes="25162584" >
  <allocated-bytes non-tlh="0" tlh="25162584" arrayletleaf="0"/>
  <largest-consumer threadName="main" threadId="0000000001E02F00" bytes="12581352" />
</allocation-stats>
<gc-op id="1388" type="copy forward" timems="7.648" contextid="1385" timestamp="2019-08-11T06:20:46.960">
  <memory-copied type="eden" objects="120" bytes="3640" bytesdiscarded="0" />
  <memory-copied type="other" objects="209" bytes="7104" bytesdiscarded="1000" />
  <memory-cardclean objects="69" bytes="11720" />
  <regions eden="12" other="1" />
  <remembered-set-cleared processed="38154" cleared="109" durationms="0.402" />
  <references type="weak" candidates="35" cleared="0" enqueued="0" />
  <stringconstants candidates="13750" cleared="0"  />
</gc-op>
<gc-op id="1389" type="classunload" timems="0.010" contextid="1385" timestamp="2019-08-11T06:20:46.960">
  <classunload-info classloadercandidates="54" classloadersunloaded="0" classesunloaded="0" anonymousclassesunloaded="0" quiescems="0.000" setupms="0.009" scanms="0.000" postms="0.000" />
</gc-op>
<gc-end id="1390" type="partial gc" contextid="1385" durationms="9.437" usertimems="26.720" systemtimems="0.000" timestamp="2019-08-11T06:20:46.960" activeThreads="16">
  <mem-info id="1391" free="39845888" total="69206016" percent="57">
    <mem type="eden" free="2093512" total="2097152" percent="99" />
    <remembered-set count="42368" freebytes="2597248" totalbytes="2766720" percent="93" regionsoverflowed="0" regionsstable="0" regionsrebuilding="3"/>
  </mem-info>
</gc-end>
<cycle-end id="1392" type="partial gc" contextid="1385" timestamp="2019-08-11T06:20:46.960" />
  <attribute name="elasticGC enabled" value="1" />
  <attribute name= "numThreadsSpecified" value="16" />
  <attribute name="heapSize specified" value="0" />
  <attribute name="Current GC Util" value="269" />
  <attribute name= "Current Time Running" value="158145" />
  <attribute name ="GC Interval" value="0" />
  <attribute name="ProportionalT" value="94.500000" />
  <attribute name="ProportionalI" value="94.500000" />
  <attribute name="ProportionalH" value="94.500000" />
  <attribute name="Current Error" value="189.000000" />
  <attribute name="IntegralT" value="189.000000" />
  <attribute name="IntegralI" value="189.000000" />
  <attribute name="IntegralH" value="189.000000" />
  <attribute name="DerivativeT" value="66.500000" />
  <attribute name="DerivativeI" value="66.500000" />
  <attribute name="DerivativeH" value="66.500000" />
  <attribute name="Loop Time for DT" value="2.000000" />
  <attribute name="Output H" value="8388608"/>
  <attribute name="Output I" value="352"/>
  <attribute name="Output T" value="16"/>
  <attribute name="Target GC Util Change" value ="80.000000" />
  <attribute name="Current GC Util Change" value="269.000000"/>
  <attribute name="GC Util currently" value="269" />
  <attribute name="CPU Util currently" value="875787332029" />
<exclusive-end id="1393" timestamp="2019-08-11T06:20:46.960" durationms="10.152" />

<exclusive-start id="1394" timestamp="2019-08-11T06:20:46.991" intervalms="40.784">
  <response-info timems="0.021" idlems="0.021" threads="0" lastid="0000000001E02F00" lastname="main" />
</exclusive-start>
<allocation-taxation id="1395" taxation-threshold="12582912" timestamp="2019-08-11T06:20:46.991" intervalms="40.758" />
<gc-start id="1396" type="global mark phase" contextid="1374" timestamp="2019-08-11T06:20:46.991">
  <mem-info id="1397" free="27262976" total="69206016" percent="39">
    <remembered-set count="41952" freebytes="2598912" totalbytes="2766720" percent="93" regionsoverflowed="0" regionsstable="0" regionsrebuilding="3"/>
  </mem-info>
</gc-start>
<gc-end id="1398" type="global mark phase" contextid="1374" durationms="0.037" usertimems="0.035" systemtimems="0.000" timestamp="2019-08-11T06:20:46.991" activeThreads="16">
  <mem-info id="1399" free="27262976" total="69206016" percent="39">
    <remembered-set count="41952" freebytes="2598912" totalbytes="2766720" percent="93" regionsoverflowed="0" regionsstable="0" regionsrebuilding="3"/>
  </mem-info>
</gc-end>
<concurrent-start id="1400" type="GMP work packet processing" contextid="1374" timestamp="2019-08-11T06:20:46.991">
  <concurrent-mark-start scanTarget="7819346" />
</concurrent-start>
<exclusive-end id="1401" timestamp="2019-08-11T06:20:46.991" durationms="0.397" />

<concurrent-end id="1402" type="GMP work packet processing" contextid="1374" timestamp="2019-08-11T06:20:46.996">
  <concurrent-mark-end bytesScanned="5618784" reasonForTermination="Completed all work in GC phase" />
</concurrent-end>

<exclusive-start id="1403" timestamp="2019-08-11T06:20:47.017" intervalms="26.139">
  <response-info timems="0.019" idlems="0.019" threads="0" lastid="0000000001E02F00" lastname="main" />
</exclusive-start>
<allocation-taxation id="1404" taxation-threshold="12582912" timestamp="2019-08-11T06:20:47.017" intervalms="26.139" />
<cycle-start id="1405" type="partial gc" contextid="0" timestamp="2019-08-11T06:20:47.017" intervalms="66.844" />
<gc-start id="1406" type="partial gc" contextid="1405" timestamp="2019-08-11T06:20:47.017">
  <mem-info id="1407" free="14680064" total="69206016" percent="21">
    <mem type="eden" free="2093512" total="27262976" percent="7" />
    <remembered-set count="59904" freebytes="2527104" totalbytes="2766720" percent="91" regionsoverflowed="0" regionsstable="0" regionsrebuilding="3"/>
  </mem-info>
</gc-start>
<allocation-stats totalBytes="25159400" >
  <allocated-bytes non-tlh="0" tlh="25159400" arrayletleaf="0"/>
  <largest-consumer threadName="main" threadId="0000000001E02F00" bytes="12578280" />
</allocation-stats>
<gc-op id="1408" type="copy forward" timems="12.695" contextid="1405" timestamp="2019-08-11T06:20:47.031">
  <memory-copied type="eden" objects="138" bytes="4288" bytesdiscarded="896" />
  <memory-copied type="other" objects="0" bytes="0" bytesdiscarded="0" />
  <memory-cardclean objects="77" bytes="11560" />
  <regions eden="12" other="1" />
  <remembered-set-cleared processed="54055" cleared="49" durationms="0.272" />
  <references type="weak" candidates="2" cleared="0" enqueued="0" />
  <stringconstants candidates="13750" cleared="0"  />
</gc-op>
<gc-op id="1409" type="classunload" timems="0.015" contextid="1405" timestamp="2019-08-11T06:20:47.031">
  <classunload-info classloadercandidates="54" classloadersunloaded="0" classesunloaded="0" anonymousclassesunloaded="0" quiescems="0.000" setupms="0.014" scanms="0.000" postms="0.000" />
</gc-op>
<gc-end id="1410" type="partial gc" contextid="1405" durationms="13.901" usertimems="27.155" systemtimems="0.000" timestamp="2019-08-11T06:20:47.031" activeThreads="16">
  <mem-info id="1411" free="39845888" total="69206016" percent="57">
    <mem type="eden" free="2091968" total="2097152" percent="99" />
    <remembered-set count="58720" freebytes="2531840" totalbytes="2766720" percent="91" regionsoverflowed="0" regionsstable="0" regionsrebuilding="3"/>
  </mem-info>
</gc-end>
<cycle-end id="1412" type="partial gc" contextid="1405" timestamp="2019-08-11T06:20:47.031" />
  <attribute name="elasticGC enabled" value="1" />
  <attribute name= "numThreadsSpecified" value="16" />
  <attribute name="heapSize specified" value="0" />
  <attribute name="Current GC Util" value="130" />
  <attribute name= "Current Time Running" value="158211" />
  <attribute name ="GC Interval" value="0" />
  <attribute name="ProportionalT" value="25.000000" />
  <attribute name="ProportionalI" value="25.000000" />
  <attribute name="ProportionalH" value="25.000000" />
  <attribute name="Current Error" value="50.000000" />
  <attribute name="IntegralT" value="25.000000" />
  <attribute name="IntegralI" value="25.000000" />
  <attribute name="IntegralH" value="25.000000" />
  <attribute name="DerivativeT" value="50.000000" />
  <attribute name="DerivativeI" value="50.000000" />
  <attribute name="DerivativeH" value="50.000000" />
  <attribute name="Loop Time for DT" value="1.000000" />
  <attribute name="Output H" value="8388608"/>
  <attribute name="Output I" value="200"/>
  <attribute name="Output T" value="16"/>
  <attribute name="Target GC Util Change" value ="80.000000" />
  <attribute name="Current GC Util Change" value="130.000000"/>
  <attribute name="GC Util currently" value="130" />
  <attribute name="CPU Util currently" value="1623974875468" />
<exclusive-end id="1413" timestamp="2019-08-11T06:20:47.032" durationms="14.580" />

<exclusive-start id="1414" timestamp="2019-08-11T06:20:47.047" intervalms="30.270">
  <response-info timems="0.046" idlems="0.046" threads="0" lastid="0000000001E02F00" lastname="main" />
</exclusive-start>
<allocation-taxation id="1415" taxation-threshold="12582912" timestamp="2019-08-11T06:20:47.047" intervalms="30.289" />
<gc-start id="1416" type="global mark phase" contextid="1374" timestamp="2019-08-11T06:20:47.047">
  <mem-info id="1417" free="27262976" total="69206016" percent="39">
    <remembered-set count="58240" freebytes="2533760" totalbytes="2766720" percent="91" regionsoverflowed="0" regionsstable="0" regionsrebuilding="3"/>
  </mem-info>
</gc-start>
<gc-op id="1418" type="mark increment" timems="7.461" contextid="1374" timestamp="2019-08-11T06:20:47.055">
  <trace-info objectcount="139" scancount="138" scanbytes="4204" />
  <cardclean-info objects="159" bytes="14220" />
  <finalization candidates="80" enqueued="0" />
  <ownableSynchronizers candidates="21" cleared="0" />
  <references type="soft" candidates="4699" cleared="122" enqueued="117" dynamicThreshold="18" maxThreshold="32" />
  <references type="weak" candidates="5613" cleared="0" enqueued="0" />
  <references type="phantom" candidates="97" cleared="0" enqueued="0" />
  <stringconstants candidates="13750" cleared="2"  />
</gc-op>
<gc-op id="1419" type="classunload" timems="0.009" contextid="1374" timestamp="2019-08-11T06:20:47.055">
  <classunload-info classloadercandidates="54" classloadersunloaded="0" classesunloaded="0" anonymousclassesunloaded="0" quiescems="0.000" setupms="0.009" scanms="0.000" postms="0.000" />
</gc-op>
<gc-end id="1420" type="global mark phase" contextid="1374" durationms="7.676" usertimems="19.181" systemtimems="0.000" timestamp="2019-08-11T06:20:47.055" activeThreads="16">
  <mem-info id="1421" free="27262976" total="69206016" percent="39">
    <pending-finalizers system="0" default="0" reference="117" classloader="0" />
    <remembered-set count="60288" freebytes="2525568" totalbytes="2766720" percent="91" regionsoverflowed="0" regionsstable="0" regionsrebuilding="0"/>
  </mem-info>
</gc-end>
<cycle-end id="1422" type="global mark phase" contextid="1374" timestamp="2019-08-11T06:20:47.055" />
  <attribute name="elasticGC enabled" value="1" />
  <attribute name= "numThreadsSpecified" value="16" />
  <attribute name="heapSize specified" value="0" />
  <attribute name="Current GC Util" value="209" />
  <attribute name= "Current Time Running" value="158243" />
  <attribute name ="GC Interval" value="0" />
  <attribute name="ProportionalT" value="64.500000" />
  <attribute name="ProportionalI" value="64.500000" />
  <attribute name="ProportionalH" value="64.500000" />
  <attribute name="Current Error" value="129.000000" />
  <attribute name="IntegralT" value="64.500000" />
  <attribute name="IntegralI" value="64.500000" />
  <attribute name="IntegralH" value="64.500000" />
  <attribute name="DerivativeT" value="6.000000" />
  <attribute name="DerivativeI" value="6.000000" />
  <attribute name="DerivativeH" value="6.000000" />
  <attribute name="Loop Time for DT" value="1.000000" />
  <attribute name="Output H" value="8388608"/>
  <attribute name="Output I" value="200"/>
  <attribute name="Output T" value="16"/>
  <attribute name="Target GC Util Change" value ="80.000000" />
  <attribute name="Current GC Util Change" value="209.000000"/>
  <attribute name="GC Util currently" value="209" />
  <attribute name="CPU Util currently" value="936809005465" />
<exclusive-end id="1423" timestamp="2019-08-11T06:20:47.055" durationms="8.045" />

<exclusive-start id="1424" timestamp="2019-08-11T06:20:47.070" intervalms="22.588">
  <response-info timems="0.061" idlems="0.061" threads="0" lastid="0000000001E02F00" lastname="main" />
</exclusive-start>
<allocation-taxation id="1425" taxation-threshold="12582912" timestamp="2019-08-11T06:20:47.070" intervalms="22.573" />
<cycle-start id="1426" type="partial gc" contextid="0" timestamp="2019-08-11T06:20:47.070" intervalms="52.880" />
<gc-start id="1427" type="partial gc" contextid="1426" timestamp="2019-08-11T06:20:47.070">
  <mem-info id="1428" free="14680064" total="69206016" percent="21">
    <mem type="eden" free="0" total="25165824" percent="0" />
    <remembered-set count="32896" freebytes="2635136" totalbytes="2766720" percent="95" regionsoverflowed="0" regionsstable="3" regionsrebuilding="0"/>
  </mem-info>
</gc-start>
<allocation-stats totalBytes="25150360" >
  <allocated-bytes non-tlh="0" tlh="25150360" arrayletleaf="0"/>
  <largest-consumer threadName="main" threadId="0000000001E02F00" bytes="12576472" />
</allocation-stats>
<gc-op id="1429" type="sweep" timems="1.920" contextid="1426" timestamp="2019-08-11T06:20:47.072" />
<gc-op id="1430" type="copy forward" timems="11.392" contextid="1426" timestamp="2019-08-11T06:20:47.085">
  <memory-copied type="eden" objects="6" bytes="272" bytesdiscarded="0" />
  <memory-copied type="other" objects="133" bytes="4096" bytesdiscarded="2496" />
  <memory-cardclean objects="437" bytes="29624" />
  <regions eden="6" other="2" />
  <remembered-set-cleared processed="28082" cleared="66" durationms="1.633" />
  <references type="weak" candidates="2" cleared="0" enqueued="0" />
  <stringconstants candidates="13748" cleared="0"  />
</gc-op>
<gc-op id="1431" type="classunload" timems="0.011" contextid="1426" timestamp="2019-08-11T06:20:47.085">
  <classunload-info classloadercandidates="54" classloadersunloaded="0" classesunloaded="0" anonymousclassesunloaded="0" quiescems="0.000" setupms="0.011" scanms="0.000" postms="0.000" />
</gc-op>
<heap-resize id="1432" type="expand" space="default" amount="10485760" count="1" timems="0.072" reason="excessive time being spent in gc" timestamp="2019-08-11T06:20:47.085" />
<gc-end id="1433" type="partial gc" contextid="1426" durationms="14.732" usertimems="33.643" systemtimems="0.000" timestamp="2019-08-11T06:20:47.085" activeThreads="16">
  <mem-info id="1434" free="48234496" total="79691776" percent="60">
    <mem type="eden" free="2096880" total="2097152" percent="99" />
    <remembered-set count="32928" freebytes="3054208" totalbytes="3185920" percent="95" regionsoverflowed="0" regionsstable="3" regionsrebuilding="0"/>
  </mem-info>
</gc-end>
<cycle-end id="1435" type="partial gc" contextid="1426" timestamp="2019-08-11T06:20:47.085" />
  <attribute name="elasticGC enabled" value="1" />
  <attribute name= "numThreadsSpecified" value="16" />
  <attribute name="heapSize specified" value="0" />
  <attribute name="Current GC Util" value="148" />
  <attribute name= "Current Time Running" value="158266" />
  <attribute name ="GC Interval" value="0" />
  <attribute name="ProportionalT" value="34.000000" />
  <attribute name="ProportionalI" value="34.000000" />
  <attribute name="ProportionalH" value="34.000000" />
  <attribute name="Current Error" value="68.000000" />
  <attribute name="IntegralT" value="34.000000" />
  <attribute name="IntegralI" value="34.000000" />
  <attribute name="IntegralH" value="34.000000" />
  <attribute name="DerivativeT" value="16.000000" />
  <attribute name="DerivativeI" value="16.000000" />
  <attribute name="DerivativeH" value="16.000000" />
  <attribute name="Loop Time for DT" value="1.000000" />
  <attribute name="Output H" value="8388608"/>
  <attribute name="Output I" value="200"/>
  <attribute name="Output T" value="16"/>
  <attribute name="Target GC Util Change" value ="80.000000" />
  <attribute name="Current GC Util Change" value="148.000000"/>
  <attribute name="GC Util currently" value="148" />
  <attribute name="CPU Util currently" value="1753980917721" />
<exclusive-end id="1436" timestamp="2019-08-11T06:20:47.085" durationms="15.455" />

<exclusive-start id="1437" timestamp="2019-08-11T06:20:47.118" intervalms="48.562">
  <response-info timems="0.060" idlems="0.060" threads="0" lastid="0000000001E02F00" lastname="main" />
</exclusive-start>
<allocation-taxation id="1438" taxation-threshold="27262976" timestamp="2019-08-11T06:20:47.118" intervalms="48.538" />
<cycle-start id="1439" type="partial gc" contextid="0" timestamp="2019-08-11T06:20:47.119" intervalms="48.584" />
<gc-start id="1440" type="partial gc" contextid="1439" timestamp="2019-08-11T06:20:47.119">
  <mem-info id="1441" free="20971520" total="79691776" percent="26">
    <mem type="eden" free="2096880" total="29360128" percent="7" />
    <remembered-set count="32448" freebytes="3056128" totalbytes="3185920" percent="95" regionsoverflowed="0" regionsstable="3" regionsrebuilding="0"/>
  </mem-info>
</gc-start>
<allocation-stats totalBytes="27248600" >
  <allocated-bytes non-tlh="0" tlh="27248600" arrayletleaf="0"/>
  <largest-consumer threadName="main" threadId="0000000001E02F00" bytes="27248600" />
</allocation-stats>
<gc-op id="1442" type="copy forward" timems="10.018" contextid="1439" timestamp="2019-08-11T06:20:47.131">
  <memory-copied type="eden" objects="6" bytes="400" bytesdiscarded="0" />
  <memory-copied type="other" objects="32209" bytes="954320" bytesdiscarded="61168" />
  <memory-cardclean objects="7810" bytes="546360" />
  <regions eden="13" other="2" />
  <remembered-set-cleared processed="27240" cleared="3129" durationms="0.262" />
  <finalization candidates="4" enqueued="0" />
  <ownableSynchronizers candidates="2" cleared="0" />
  <references type="soft" candidates="727" cleared="0" enqueued="0" dynamicThreshold="19" maxThreshold="32" />
  <references type="weak" candidates="1164" cleared="0" enqueued="0" />
  <stringconstants candidates="13748" cleared="0"  />
</gc-op>
<gc-op id="1443" type="classunload" timems="0.010" contextid="1439" timestamp="2019-08-11T06:20:47.131">
  <classunload-info classloadercandidates="54" classloadersunloaded="0" classesunloaded="0" anonymousclassesunloaded="0" quiescems="0.000" setupms="0.010" scanms="0.000" postms="0.000" />
</gc-op>
<gc-end id="1444" type="partial gc" contextid="1439" durationms="11.959" usertimems="32.149" systemtimems="0.000" timestamp="2019-08-11T06:20:47.131" activeThreads="16">
  <mem-info id="1445" free="48234496" total="79691776" percent="60">
    <mem type="eden" free="2096752" total="2097152" percent="99" />
    <remembered-set count="34464" freebytes="3048064" totalbytes="3185920" percent="95" regionsoverflowed="0" regionsstable="3" regionsrebuilding="0"/>
  </mem-info>
</gc-end>
<cycle-end id="1446" type="partial gc" contextid="1439" timestamp="2019-08-11T06:20:47.131" />
  <attribute name="elasticGC enabled" value="1" />
  <attribute name= "numThreadsSpecified" value="16" />
  <attribute name="heapSize specified" value="0" />
  <attribute name="Current GC Util" value="275" />
  <attribute name= "Current Time Running" value="158313" />
  <attribute name ="GC Interval" value="0" />
  <attribute name="ProportionalT" value="97.500000" />
  <attribute name="ProportionalI" value="97.500000" />
  <attribute name="ProportionalH" value="97.500000" />
  <attribute name="Current Error" value="195.000000" />
  <attribute name="IntegralT" value="97.500000" />
  <attribute name="IntegralI" value="97.500000" />
  <attribute name="IntegralH" value="97.500000" />
  <attribute name="DerivativeT" value="195.000000" />
  <attribute name="DerivativeI" value="195.000000" />
  <attribute name="DerivativeH" value="195.000000" />
  <attribute name="Loop Time for DT" value="1.000000" />
  <attribute name="Output H" value="8388608"/>
  <attribute name="Output I" value="392"/>
  <attribute name="Output T" value="16"/>
  <attribute name="Target GC Util Change" value ="80.000000" />
  <attribute name="Current GC Util Change" value="275.000000"/>
  <attribute name="GC Util currently" value="275" />
  <attribute name="CPU Util currently" value="873612656868" />
<exclusive-end id="1447" timestamp="2019-08-11T06:20:47.131" durationms="12.948" />

<exclusive-start id="1448" timestamp="2019-08-11T06:20:47.162" intervalms="43.568">
  <response-info timems="0.098" idlems="0.098" threads="0" lastid="0000000001E02F00" lastname="main" />
</exclusive-start>
<allocation-taxation id="1449" taxation-threshold="27262976" timestamp="2019-08-11T06:20:47.162" intervalms="43.568" />
<cycle-start id="1450" type="partial gc" contextid="0" timestamp="2019-08-11T06:20:47.162" intervalms="43.612" />
<gc-start id="1451" type="partial gc" contextid="1450" timestamp="2019-08-11T06:20:47.163">
  <mem-info id="1452" free="20971520" total="79691776" percent="26">
    <mem type="eden" free="2096752" total="29360128" percent="7" />
    <remembered-set count="34336" freebytes="3048576" totalbytes="3185920" percent="95" regionsoverflowed="0" regionsstable="3" regionsrebuilding="0"/>
  </mem-info>
</gc-start>
<allocation-stats totalBytes="27248616" >
  <allocated-bytes non-tlh="0" tlh="27248616" arrayletleaf="0"/>
  <largest-consumer threadName="main" threadId="0000000001E02F00" bytes="27248616" />
</allocation-stats>
<gc-op id="1453" type="copy forward" timems="8.294" contextid="1450" timestamp="2019-08-11T06:20:47.173">
  <memory-copied type="eden" objects="5" bytes="256" bytesdiscarded="0" />
  <memory-copied type="other" objects="0" bytes="0" bytesdiscarded="0" />
  <memory-cardclean objects="16" bytes="528" />
  <regions eden="13" other="1" />
  <remembered-set-cleared processed="28150" cleared="4" durationms="0.347" />
  <stringconstants candidates="13748" cleared="0"  />
</gc-op>
<gc-op id="1454" type="classunload" timems="0.018" contextid="1450" timestamp="2019-08-11T06:20:47.173">
  <classunload-info classloadercandidates="54" classloadersunloaded="0" classesunloaded="0" anonymousclassesunloaded="0" quiescems="0.000" setupms="0.018" scanms="0.000" postms="0.000" />
</gc-op>
<gc-end id="1455" type="partial gc" contextid="1450" durationms="10.401" usertimems="33.788" systemtimems="0.000" timestamp="2019-08-11T06:20:47.173" activeThreads="16">
  <mem-info id="1456" free="48234496" total="79691776" percent="60">
    <mem type="eden" free="2096896" total="2097152" percent="99" />
    <remembered-set count="31008" freebytes="3061888" totalbytes="3185920" percent="96" regionsoverflowed="0" regionsstable="3" regionsrebuilding="0"/>
  </mem-info>
</gc-end>
<cycle-end id="1457" type="partial gc" contextid="1450" timestamp="2019-08-11T06:20:47.173" />
  <attribute name="elasticGC enabled" value="1" />
  <attribute name= "numThreadsSpecified" value="16" />
  <attribute name="heapSize specified" value="0" />
  <attribute name="Current GC Util" value="203" />
  <attribute name= "Current Time Running" value="158357" />
  <attribute name ="GC Interval" value="0" />
  <attribute name="ProportionalT" value="61.500000" />
  <attribute name="ProportionalI" value="61.500000" />
  <attribute name="ProportionalH" value="61.500000" />
  <attribute name="Current Error" value="123.000000" />
  <attribute name="IntegralT" value="61.500000" />
  <attribute name="IntegralI" value="61.500000" />
  <attribute name="IntegralH" value="61.500000" />
  <attribute name="DerivativeT" value="123.000000" />
  <attribute name="DerivativeI" value="123.000000" />
  <attribute name="DerivativeH" value="123.000000" />
  <attribute name="Loop Time for DT" value="1.000000" />
  <attribute name="Output H" value="8388608"/>
  <attribute name="Output I" value="248"/>
  <attribute name="Output T" value="16"/>
  <attribute name="Target GC Util Change" value ="80.000000" />
  <attribute name="Current GC Util Change" value="203.000000"/>
  <attribute name="GC Util currently" value="203" />
  <attribute name="CPU Util currently" value="865899902081" />
<exclusive-end id="1458" timestamp="2019-08-11T06:20:47.173" durationms="11.285" />

<exclusive-start id="1459" timestamp="2019-08-11T06:20:47.206" intervalms="44.274">
  <response-info timems="0.054" idlems="0.054" threads="0" lastid="0000000001E02F00" lastname="main" />
</exclusive-start>
<allocation-taxation id="1460" taxation-threshold="27262976" timestamp="2019-08-11T06:20:47.206" intervalms="44.273" />
<cycle-start id="1461" type="partial gc" contextid="0" timestamp="2019-08-11T06:20:47.207" intervalms="44.335" />
<gc-start id="1462" type="partial gc" contextid="1461" timestamp="2019-08-11T06:20:47.207">
  <mem-info id="1463" free="20971520" total="79691776" percent="26">
    <mem type="eden" free="2096896" total="29360128" percent="7" />
    <remembered-set count="31008" freebytes="3061888" totalbytes="3185920" percent="96" regionsoverflowed="0" regionsstable="3" regionsrebuilding="0"/>
  </mem-info>
</gc-start>
<allocation-stats totalBytes="27248648" >
  <allocated-bytes non-tlh="0" tlh="27248648" arrayletleaf="0"/>
  <largest-consumer threadName="main" threadId="0000000001E02F00" bytes="27248648" />
</allocation-stats>
<gc-op id="1464" type="copy forward" timems="11.069" contextid="1461" timestamp="2019-08-11T06:20:47.220">
  <memory-copied type="eden" objects="6" bytes="408" bytesdiscarded="0" />
  <memory-copied type="other" objects="0" bytes="0" bytesdiscarded="0" />
  <memory-cardclean objects="16" bytes="528" />
  <regions eden="13" other="1" />
  <remembered-set-cleared processed="28151" cleared="5" durationms="0.272" />
  <stringconstants candidates="13748" cleared="0"  />
</gc-op>
<gc-op id="1465" type="classunload" timems="0.015" contextid="1461" timestamp="2019-08-11T06:20:47.220">
  <classunload-info classloadercandidates="54" classloadersunloaded="0" classesunloaded="0" anonymousclassesunloaded="0" quiescems="0.000" setupms="0.015" scanms="0.000" postms="0.000" />
</gc-op>
<gc-end id="1466" type="partial gc" contextid="1461" durationms="13.298" usertimems="40.493" systemtimems="0.000" timestamp="2019-08-11T06:20:47.220" activeThreads="16">
  <mem-info id="1467" free="48234496" total="79691776" percent="60">
    <mem type="eden" free="2096744" total="2097152" percent="99" />
    <remembered-set count="31008" freebytes="3061888" totalbytes="3185920" percent="96" regionsoverflowed="0" regionsstable="3" regionsrebuilding="0"/>
  </mem-info>
</gc-end>
<cycle-end id="1468" type="partial gc" contextid="1461" timestamp="2019-08-11T06:20:47.220" />
  <attribute name="elasticGC enabled" value="1" />
  <attribute name= "numThreadsSpecified" value="16" />
  <attribute name="heapSize specified" value="0" />
  <attribute name="Current GC Util" value="209" />
  <attribute name= "Current Time Running" value="158401" />
  <attribute name ="GC Interval" value="0" />
  <attribute name="ProportionalT" value="64.500000" />
  <attribute name="ProportionalI" value="64.500000" />
  <attribute name="ProportionalH" value="64.500000" />
  <attribute name="Current Error" value="129.000000" />
  <attribute name="IntegralT" value="64.500000" />
  <attribute name="IntegralI" value="64.500000" />
  <attribute name="IntegralH" value="64.500000" />
  <attribute name="DerivativeT" value="129.000000" />
  <attribute name="DerivativeI" value="129.000000" />
  <attribute name="DerivativeH" value="129.000000" />
  <attribute name="Loop Time for DT" value="1.000000" />
  <attribute name="Output H" value="8388608"/>
  <attribute name="Output I" value="264"/>
  <attribute name="Output T" value="16"/>
  <attribute name="Target GC Util Change" value ="80.000000" />
  <attribute name="Current GC Util Change" value="209.000000"/>
  <attribute name="GC Util currently" value="209" />
  <attribute name="CPU Util currently" value="763228467341" />
<exclusive-end id="1469" timestamp="2019-08-11T06:20:47.221" durationms="14.363" />

<exclusive-start id="1470" timestamp="2019-08-11T06:20:47.251" intervalms="44.786">
  <response-info timems="0.047" idlems="0.047" threads="0" lastid="0000000001E02F00" lastname="main" />
</exclusive-start>
<allocation-taxation id="1471" taxation-threshold="27262976" timestamp="2019-08-11T06:20:47.251" intervalms="44.805" />
<cycle-start id="1472" type="partial gc" contextid="0" timestamp="2019-08-11T06:20:47.251" intervalms="44.744" />
<gc-start id="1473" type="partial gc" contextid="1472" timestamp="2019-08-11T06:20:47.252">
  <mem-info id="1474" free="20971520" total="79691776" percent="26">
    <mem type="eden" free="2096744" total="29360128" percent="7" />
    <remembered-set count="31008" freebytes="3061888" totalbytes="3185920" percent="96" regionsoverflowed="0" regionsstable="3" regionsrebuilding="0"/>
  </mem-info>
</gc-start>
<allocation-stats totalBytes="27247912" >
  <allocated-bytes non-tlh="0" tlh="27247912" arrayletleaf="0"/>
  <largest-consumer threadName="main" threadId="0000000001E02F00" bytes="27247912" />
</allocation-stats>
<gc-op id="1475" type="copy forward" timems="1.662" contextid="1472" timestamp="2019-08-11T06:20:47.255">
  <memory-copied type="eden" objects="5" bytes="256" bytesdiscarded="0" />
  <memory-copied type="other" objects="0" bytes="0" bytesdiscarded="0" />
  <memory-cardclean objects="16" bytes="528" />
  <regions eden="13" other="1" />
  <remembered-set-cleared processed="28150" cleared="4" durationms="0.390" />
  <stringconstants candidates="13748" cleared="0"  />
</gc-op>
<gc-op id="1476" type="classunload" timems="0.006" contextid="1472" timestamp="2019-08-11T06:20:47.255">
  <classunload-info classloadercandidates="54" classloadersunloaded="0" classesunloaded="0" anonymousclassesunloaded="0" quiescems="0.000" setupms="0.006" scanms="0.000" postms="0.000" />
</gc-op>
<gc-end id="1477" type="partial gc" contextid="1472" durationms="2.712" usertimems="5.671" systemtimems="0.000" timestamp="2019-08-11T06:20:47.255" activeThreads="1">
  <mem-info id="1478" free="48234496" total="79691776" percent="60">
    <mem type="eden" free="2096896" total="2097152" percent="99" />
    <remembered-set count="31488" freebytes="3059968" totalbytes="3185920" percent="96" regionsoverflowed="0" regionsstable="3" regionsrebuilding="0"/>
  </mem-info>
</gc-end>
<cycle-end id="1479" type="partial gc" contextid="1472" timestamp="2019-08-11T06:20:47.255" />
  <attribute name="elasticGC enabled" value="1" />
  <attribute name= "numThreadsSpecified" value="1" />
  <attribute name="heapSize specified" value="0" />
  <attribute name="Current GC Util" value="132" />
  <attribute name= "Current Time Running" value="158445" />
  <attribute name ="GC Interval" value="0" />
  <attribute name="ProportionalT" value="26.000000" />
  <attribute name="ProportionalI" value="26.000000" />
  <attribute name="ProportionalH" value="26.000000" />
  <attribute name="Current Error" value="52.000000" />
  <attribute name="IntegralT" value="0.000000" />
  <attribute name="IntegralI" value="0.000000" />
  <attribute name="IntegralH" value="0.000000" />
  <attribute name="DerivativeT" value="inf" />
  <attribute name="DerivativeI" value="inf" />
  <attribute name="DerivativeH" value="inf" />
  <attribute name="Loop Time for DT" value="0.000000" />
  <attribute name="Output H" value="8388608"/>
  <attribute name="Output I" value="200"/>
  <attribute name="Output T" value="1"/>
  <attribute name="Target GC Util Change" value ="80.000000" />
  <attribute name="Current GC Util Change" value="132.000000"/>
  <attribute name="GC Util currently" value="132" />
  <attribute name="CPU Util currently" value="2024015045518" />
<exclusive-end id="1480" timestamp="2019-08-11T06:20:47.255" durationms="4.076" />

<exclusive-start id="1481" timestamp="2019-08-11T06:20:47.289" intervalms="38.128">
  <response-info timems="0.048" idlems="0.048" threads="0" lastid="0000000001E02F00" lastname="main" />
</exclusive-start>
<allocation-taxation id="1482" taxation-threshold="27262976" timestamp="2019-08-11T06:20:47.289" intervalms="38.124" />
<cycle-start id="1483" type="partial gc" contextid="0" timestamp="2019-08-11T06:20:47.290" intervalms="38.461" />
<gc-start id="1484" type="partial gc" contextid="1483" timestamp="2019-08-11T06:20:47.290">
  <mem-info id="1485" free="20971520" total="79691776" percent="26">
    <mem type="eden" free="2096896" total="29360128" percent="7" />
    <remembered-set count="31008" freebytes="3061888" totalbytes="3185920" percent="96" regionsoverflowed="0" regionsstable="3" regionsrebuilding="0"/>
  </mem-info>
</gc-start>
<allocation-stats totalBytes="27248648" >
  <allocated-bytes non-tlh="0" tlh="27248648" arrayletleaf="0"/>
  <largest-consumer threadName="main" threadId="0000000001E02F00" bytes="27248648" />
</allocation-stats>
<gc-op id="1486" type="copy forward" timems="16.385" contextid="1483" timestamp="2019-08-11T06:20:47.308">
  <memory-copied type="eden" objects="6" bytes="408" bytesdiscarded="0" />
  <memory-copied type="other" objects="69933" bytes="1753368" bytesdiscarded="71328" />
  <memory-cardclean objects="5878" bytes="418096" />
  <regions eden="13" other="3" />
  <remembered-set-cleared processed="27585" cleared="2813" durationms="0.272" />
  <stringconstants candidates="13748" cleared="0"  />
</gc-op>
<gc-op id="1487" type="classunload" timems="0.009" contextid="1483" timestamp="2019-08-11T06:20:47.308">
  <classunload-info classloadercandidates="54" classloadersunloaded="0" classesunloaded="0" anonymousclassesunloaded="0" quiescems="0.000" setupms="0.009" scanms="0.000" postms="0.000" />
</gc-op>
<heap-resize id="1488" type="contract" space="default" amount="4194304" count="1" timems="0.235" reason="excess free space following gc" timestamp="2019-08-11T06:20:47.308" />
<gc-end id="1489" type="partial gc" contextid="1483" durationms="17.947" usertimems="49.236" systemtimems="0.000" timestamp="2019-08-11T06:20:47.308" activeThreads="16">
  <mem-info id="1490" free="46137344" total="75497472" percent="61">
    <mem type="eden" free="2096744" total="2097152" percent="99" />
    <remembered-set count="34176" freebytes="3049216" totalbytes="3185920" percent="95" regionsoverflowed="0" regionsstable="3" regionsrebuilding="0"/>
  </mem-info>
</gc-end>
<cycle-end id="1491" type="partial gc" contextid="1483" timestamp="2019-08-11T06:20:47.308" />
  <attribute name="elasticGC enabled" value="1" />
  <attribute name= "numThreadsSpecified" value="16" />
  <attribute name="heapSize specified" value="0" />
  <attribute name="Current GC Util" value="219" />
  <attribute name= "Current Time Running" value="158484" />
  <attribute name ="GC Interval" value="0" />
  <attribute name="ProportionalT" value="69.500000" />
  <attribute name="ProportionalI" value="69.500000" />
  <attribute name="ProportionalH" value="69.500000" />
  <attribute name="Current Error" value="139.000000" />
  <attribute name="IntegralT" value="69.500000" />
  <attribute name="IntegralI" value="69.500000" />
  <attribute name="IntegralH" value="69.500000" />
  <attribute name="DerivativeT" value="139.000000" />
  <attribute name="DerivativeI" value="139.000000" />
  <attribute name="DerivativeH" value="139.000000" />
  <attribute name="Loop Time for DT" value="1.000000" />
  <attribute name="Output H" value="8388608"/>
  <attribute name="Output I" value="280"/>
  <attribute name="Output T" value="16"/>
  <attribute name="Target GC Util Change" value ="80.000000" />
  <attribute name="Current GC Util Change" value="219.000000"/>
  <attribute name="GC Util currently" value="219" />
  <attribute name="CPU Util currently" value="1369244268304" />
<exclusive-end id="1492" timestamp="2019-08-11T06:20:47.308" durationms="19.000" />

<exclusive-start id="1493" timestamp="2019-08-11T06:20:47.351" intervalms="62.270">
  <response-info timems="0.055" idlems="0.055" threads="0" lastid="0000000001E02F00" lastname="main" />
</exclusive-start>
<allocation-taxation id="1494" taxation-threshold="25165824" timestamp="2019-08-11T06:20:47.352" intervalms="62.262" />
<cycle-start id="1495" type="partial gc" contextid="0" timestamp="2019-08-11T06:20:47.352" intervalms="62.099" />
<gc-start id="1496" type="partial gc" contextid="1495" timestamp="2019-08-11T06:20:47.352">
  <mem-info id="1497" free="20971520" total="75497472" percent="27">
    <mem type="eden" free="2096744" total="27262976" percent="7" />
    <remembered-set count="32096" freebytes="3057536" totalbytes="3185920" percent="95" regionsoverflowed="0" regionsstable="4" regionsrebuilding="0"/>
  </mem-info>
</gc-start>
<allocation-stats totalBytes="25151880" >
  <allocated-bytes non-tlh="0" tlh="25151880" arrayletleaf="0"/>
  <largest-consumer threadName="main" threadId="0000000001E02F00" bytes="25151880" />
</allocation-stats>
<gc-op id="1498" type="copy forward" timems="8.611" contextid="1495" timestamp="2019-08-11T06:20:47.370">
  <memory-copied type="eden" objects="8" bytes="192" bytesdiscarded="0" />
  <memory-copied type="other" objects="0" bytes="0" bytesdiscarded="0" />
  <memory-cardclean objects="5928" bytes="189704" />
  <regions eden="12" other="1" />
  <remembered-set-cleared processed="26464" cleared="223" durationms="0.265" />
  <stringconstants candidates="13748" cleared="0"  />
</gc-op>
<gc-op id="1499" type="classunload" timems="0.009" contextid="1495" timestamp="2019-08-11T06:20:47.370">
  <classunload-info classloadercandidates="54" classloadersunloaded="0" classesunloaded="0" anonymousclassesunloaded="0" quiescems="0.000" setupms="0.009" scanms="0.000" postms="0.000" />
</gc-op>
<gc-end id="1500" type="partial gc" contextid="1495" durationms="17.545" usertimems="44.458" systemtimems="0.000" timestamp="2019-08-11T06:20:47.370" activeThreads="16">
  <mem-info id="1501" free="46137344" total="75497472" percent="61">
    <mem type="eden" free="2096960" total="2097152" percent="99" />
    <remembered-set count="31776" freebytes="2891136" totalbytes="3018240" percent="95" regionsoverflowed="0" regionsstable="4" regionsrebuilding="0"/>
  </mem-info>
</gc-end>
<cycle-end id="1502" type="partial gc" contextid="1495" timestamp="2019-08-11T06:20:47.370" />
  <attribute name="elasticGC enabled" value="1" />
  <attribute name= "numThreadsSpecified" value="16" />
  <attribute name="heapSize specified" value="0" />
  <attribute name="Current GC Util" value="128" />
  <attribute name= "Current Time Running" value="158553" />
  <attribute name ="GC Interval" value="0" />
  <attribute name="ProportionalT" value="24.000000" />
  <attribute name="ProportionalI" value="24.000000" />
  <attribute name="ProportionalH" value="24.000000" />
  <attribute name="Current Error" value="48.000000" />
  <attribute name="IntegralT" value="192.000000" />
  <attribute name="IntegralI" value="192.000000" />
  <attribute name="IntegralH" value="192.000000" />
  <attribute name="DerivativeT" value="6.000000" />
  <attribute name="DerivativeI" value="6.000000" />
  <attribute name="DerivativeH" value="6.000000" />
  <attribute name="Loop Time for DT" value="8.000000" />
  <attribute name="Output H" value="8388608"/>
  <attribute name="Output I" value="224"/>
  <attribute name="Output T" value="16"/>
  <attribute name="Target GC Util Change" value ="80.000000" />
  <attribute name="Current GC Util Change" value="128.000000"/>
  <attribute name="GC Util currently" value="128" />
  <attribute name="CPU Util currently" value="136221875773" />
<exclusive-end id="1503" timestamp="2019-08-11T06:20:47.370" durationms="18.572" />

<exclusive-start id="1504" timestamp="2019-08-11T06:20:47.414" intervalms="62.579">
  <response-info timems="0.047" idlems="0.047" threads="0" lastid="0000000001E02F00" lastname="main" />
</exclusive-start>
<allocation-taxation id="1505" taxation-threshold="25165824" timestamp="2019-08-11T06:20:47.414" intervalms="62.578" />
<cycle-start id="1506" type="partial gc" contextid="0" timestamp="2019-08-11T06:20:47.414" intervalms="62.415" />
<gc-start id="1507" type="partial gc" contextid="1506" timestamp="2019-08-11T06:20:47.415">
  <mem-info id="1508" free="20971520" total="75497472" percent="27">
    <mem type="eden" free="2096960" total="27262976" percent="7" />
    <remembered-set count="31296" freebytes="2893056" totalbytes="3018240" percent="95" regionsoverflowed="0" regionsstable="4" regionsrebuilding="0"/>
  </mem-info>
</gc-start>
<allocation-stats totalBytes="25152568" >
  <allocated-bytes non-tlh="0" tlh="25152568" arrayletleaf="0"/>
  <largest-consumer threadName="main" threadId="0000000001E02F00" bytes="25152568" />
</allocation-stats>
<gc-op id="1509" type="copy forward" timems="8.166" contextid="1506" timestamp="2019-08-11T06:20:47.424">
  <memory-copied type="eden" objects="6" bytes="240" bytesdiscarded="0" />
  <memory-copied type="other" objects="0" bytes="0" bytesdiscarded="0" />
  <memory-cardclean objects="16" bytes="528" />
  <regions eden="12" other="1" />
  <remembered-set-cleared processed="26932" cleared="4" durationms="0.238" />
  <stringconstants candidates="13748" cleared="0"  />
</gc-op>
<gc-op id="1510" type="classunload" timems="0.011" contextid="1506" timestamp="2019-08-11T06:20:47.424">
  <classunload-info classloadercandidates="54" classloadersunloaded="0" classesunloaded="0" anonymousclassesunloaded="0" quiescems="0.000" setupms="0.011" scanms="0.000" postms="0.000" />
</gc-op>
<gc-end id="1511" type="partial gc" contextid="1506" durationms="9.380" usertimems="27.637" systemtimems="0.000" timestamp="2019-08-11T06:20:47.424" activeThreads="16">
  <mem-info id="1512" free="46137344" total="75497472" percent="61">
    <mem type="eden" free="2096912" total="2097152" percent="99" />
    <remembered-set count="29344" freebytes="2900864" totalbytes="3018240" percent="96" regionsoverflowed="0" regionsstable="4" regionsrebuilding="0"/>
  </mem-info>
</gc-end>
<cycle-end id="1513" type="partial gc" contextid="1506" timestamp="2019-08-11T06:20:47.424" />
  <attribute name="elasticGC enabled" value="1" />
  <attribute name= "numThreadsSpecified" value="16" />
  <attribute name="heapSize specified" value="0" />
  <attribute name="Current GC Util" value="135" />
  <attribute name= "Current Time Running" value="158608" />
  <attribute name ="GC Interval" value="0" />
  <attribute name="ProportionalT" value="27.500000" />
  <attribute name="ProportionalI" value="27.500000" />
  <attribute name="ProportionalH" value="27.500000" />
  <attribute name="Current Error" value="55.000000" />
  <attribute name="IntegralT" value="27.500000" />
  <attribute name="IntegralI" value="27.500000" />
  <attribute name="IntegralH" value="27.500000" />
  <attribute name="DerivativeT" value="55.000000" />
  <attribute name="DerivativeI" value="55.000000" />
  <attribute name="DerivativeH" value="55.000000" />
  <attribute name="Loop Time for DT" value="1.000000" />
  <attribute name="Output H" value="8388608"/>
  <attribute name="Output I" value="200"/>
  <attribute name="Output T" value="16"/>
  <attribute name="Target GC Util Change" value ="80.000000" />
  <attribute name="Current GC Util Change" value="135.000000"/>
  <attribute name="GC Util currently" value="135" />
  <attribute name="CPU Util currently" value="1775260261392" />
<exclusive-end id="1514" timestamp="2019-08-11T06:20:47.424" durationms="10.105" />

<exclusive-start id="1515" timestamp="2019-08-11T06:20:47.467" intervalms="52.534">
  <response-info timems="0.040" idlems="0.040" threads="0" lastid="0000000001E02F00" lastname="main" />
</exclusive-start>
<allocation-taxation id="1516" taxation-threshold="25165824" timestamp="2019-08-11T06:20:47.467" intervalms="52.530" />
<cycle-start id="1517" type="partial gc" contextid="0" timestamp="2019-08-11T06:20:47.467" intervalms="52.697" />
<gc-start id="1518" type="partial gc" contextid="1517" timestamp="2019-08-11T06:20:47.467">
  <mem-info id="1519" free="20971520" total="75497472" percent="27">
    <mem type="eden" free="2096912" total="27262976" percent="7" />
    <remembered-set count="28864" freebytes="2902784" totalbytes="3018240" percent="96" regionsoverflowed="0" regionsstable="4" regionsrebuilding="0"/>
  </mem-info>
</gc-start>
<allocation-stats totalBytes="25148296" >
  <allocated-bytes non-tlh="0" tlh="25148296" arrayletleaf="0"/>
  <largest-consumer threadName="main" threadId="0000000001E02F00" bytes="25148296" />
</allocation-stats>
<gc-op id="1520" type="copy forward" timems="13.557" contextid="1517" timestamp="2019-08-11T06:20:47.482">
  <memory-copied type="eden" objects="29" bytes="1256" bytesdiscarded="320" />
  <memory-copied type="other" objects="0" bytes="0" bytesdiscarded="0" />
  <memory-cardclean objects="62" bytes="2608" />
  <regions eden="12" other="1" />
  <remembered-set-cleared processed="26932" cleared="14" durationms="0.247" />
  <stringconstants candidates="13748" cleared="0"  />
</gc-op>
<gc-op id="1521" type="classunload" timems="0.008" contextid="1517" timestamp="2019-08-11T06:20:47.482">
  <classunload-info classloadercandidates="54" classloadersunloaded="0" classesunloaded="0" anonymousclassesunloaded="0" quiescems="0.000" setupms="0.008" scanms="0.000" postms="0.000" />
</gc-op>
<gc-end id="1522" type="partial gc" contextid="1517" durationms="14.650" usertimems="33.023" systemtimems="0.000" timestamp="2019-08-11T06:20:47.482" activeThreads="16">
  <mem-info id="1523" free="46137344" total="75497472" percent="61">
    <mem type="eden" free="2095576" total="2097152" percent="99" />
    <remembered-set count="29824" freebytes="2898944" totalbytes="3018240" percent="96" regionsoverflowed="0" regionsstable="4" regionsrebuilding="0"/>
  </mem-info>
</gc-end>
<cycle-end id="1524" type="partial gc" contextid="1517" timestamp="2019-08-11T06:20:47.482" />
  <attribute name="elasticGC enabled" value="1" />
  <attribute name= "numThreadsSpecified" value="16" />
  <attribute name="heapSize specified" value="0" />
  <attribute name="Current GC Util" value="148" />
  <attribute name= "Current Time Running" value="158661" />
  <attribute name ="GC Interval" value="0" />
  <attribute name="ProportionalT" value="34.000000" />
  <attribute name="ProportionalI" value="34.000000" />
  <attribute name="ProportionalH" value="34.000000" />
  <attribute name="Current Error" value="68.000000" />
  <attribute name="IntegralT" value="34.000000" />
  <attribute name="IntegralI" value="34.000000" />
  <attribute name="IntegralH" value="34.000000" />
  <attribute name="DerivativeT" value="68.000000" />
  <attribute name="DerivativeI" value="68.000000" />
  <attribute name="DerivativeH" value="68.000000" />
  <attribute name="Loop Time for DT" value="1.000000" />
  <attribute name="Output H" value="8388608"/>
  <attribute name="Output I" value="200"/>
  <attribute name="Output T" value="16"/>
  <attribute name="Target GC Util Change" value ="80.000000" />
  <attribute name="Current GC Util Change" value="148.000000"/>
  <attribute name="GC Util currently" value="148" />
  <attribute name="CPU Util currently" value="1924101257644" />
<exclusive-end id="1525" timestamp="2019-08-11T06:20:47.482" durationms="15.533" />

<exclusive-start id="1526" timestamp="2019-08-11T06:20:47.523" intervalms="56.518">
  <response-info timems="0.039" idlems="0.039" threads="0" lastid="0000000001E02F00" lastname="main" />
</exclusive-start>
<allocation-taxation id="1527" taxation-threshold="25165824" timestamp="2019-08-11T06:20:47.523" intervalms="56.513" />
<cycle-start id="1528" type="partial gc" contextid="0" timestamp="2019-08-11T06:20:47.523" intervalms="56.193" />
<gc-start id="1529" type="partial gc" contextid="1528" timestamp="2019-08-11T06:20:47.523">
  <mem-info id="1530" free="20971520" total="75497472" percent="27">
    <mem type="eden" free="0" total="25165824" percent="0" />
    <remembered-set count="29824" freebytes="2898944" totalbytes="3018240" percent="96" regionsoverflowed="0" regionsstable="4" regionsrebuilding="0"/>
  </mem-info>
</gc-start>
<allocation-stats totalBytes="25143880" >
  <allocated-bytes non-tlh="0" tlh="25143880" arrayletleaf="0"/>
  <largest-consumer threadName="main" threadId="0000000001E02F00" bytes="25143880" />
</allocation-stats>
<gc-op id="1531" type="copy forward" timems="14.977" contextid="1528" timestamp="2019-08-11T06:20:47.539">
  <memory-copied type="eden" objects="6" bytes="328" bytesdiscarded="0" />
  <memory-copied type="other" objects="23" bytes="968" bytesdiscarded="320" />
  <memory-cardclean objects="49" bytes="2272" />
  <regions eden="12" other="1" />
  <remembered-set-cleared processed="26936" cleared="18" durationms="1.010" />
  <stringconstants candidates="13748" cleared="0"  />
</gc-op>
<gc-op id="1532" type="classunload" timems="0.010" contextid="1528" timestamp="2019-08-11T06:20:47.539">
  <classunload-info classloadercandidates="54" classloadersunloaded="0" classesunloaded="0" anonymousclassesunloaded="0" quiescems="0.000" setupms="0.010" scanms="0.000" postms="0.000" />
</gc-op>
<heap-resize id="1533" type="expand" space="default" amount="4194304" count="1" timems="0.061" reason="excessive time being spent in gc" timestamp="2019-08-11T06:20:47.540" />
<gc-end id="1534" type="partial gc" contextid="1528" durationms="16.267" usertimems="45.055" systemtimems="0.000" timestamp="2019-08-11T06:20:47.540" activeThreads="16">
  <mem-info id="1535" free="48234496" total="79691776" percent="60">
    <mem type="eden" free="2096824" total="2097152" percent="99" />
    <remembered-set count="30848" freebytes="3062528" totalbytes="3185920" percent="96" regionsoverflowed="0" regionsstable="4" regionsrebuilding="0"/>
  </mem-info>
</gc-end>
<cycle-end id="1536" type="partial gc" contextid="1528" timestamp="2019-08-11T06:20:47.540" />
  <attribute name="elasticGC enabled" value="1" />
  <attribute name= "numThreadsSpecified" value="16" />
  <attribute name="heapSize specified" value="0" />
  <attribute name="Current GC Util" value="132" />
  <attribute name= "Current Time Running" value="158717" />
  <attribute name ="GC Interval" value="0" />
  <attribute name="ProportionalT" value="26.000000" />
  <attribute name="ProportionalI" value="26.000000" />
  <attribute name="ProportionalH" value="26.000000" />
  <attribute name="Current Error" value="52.000000" />
  <attribute name="IntegralT" value="26.000000" />
  <attribute name="IntegralI" value="26.000000" />
  <attribute name="IntegralH" value="26.000000" />
  <attribute name="DerivativeT" value="52.000000" />
  <attribute name="DerivativeI" value="52.000000" />
  <attribute name="DerivativeH" value="52.000000" />
  <attribute name="Loop Time for DT" value="1.000000" />
  <attribute name="Output H" value="8388608"/>
  <attribute name="Output I" value="200"/>
  <attribute name="Output T" value="16"/>
  <attribute name="Target GC Util Change" value ="80.000000" />
  <attribute name="Current GC Util Change" value="132.000000"/>
  <attribute name="GC Util currently" value="132" />
  <attribute name="CPU Util currently" value="1628157999111" />
<exclusive-end id="1537" timestamp="2019-08-11T06:20:47.540" durationms="16.944" />

<exclusive-start id="1538" timestamp="2019-08-11T06:20:47.581" intervalms="57.561">
  <response-info timems="0.021" idlems="0.021" threads="0" lastid="0000000001E02F00" lastname="main" />
</exclusive-start>
<allocation-taxation id="1539" taxation-threshold="27262976" timestamp="2019-08-11T06:20:47.581" intervalms="57.571" />
<cycle-start id="1540" type="partial gc" contextid="0" timestamp="2019-08-11T06:20:47.581" intervalms="57.799" />
<gc-start id="1541" type="partial gc" contextid="1540" timestamp="2019-08-11T06:20:47.581">
  <mem-info id="1542" free="20971520" total="79691776" percent="26">
    <mem type="eden" free="2096824" total="29360128" percent="7" />
    <remembered-set count="30368" freebytes="3064448" totalbytes="3185920" percent="96" regionsoverflowed="0" regionsstable="4" regionsrebuilding="0"/>
  </mem-info>
</gc-start>
<allocation-stats totalBytes="27238992" >
  <allocated-bytes non-tlh="0" tlh="27238992" arrayletleaf="0"/>
  <largest-consumer threadName="main" threadId="0000000001E02F00" bytes="27238992" />
</allocation-stats>
<gc-op id="1543" type="copy forward" timems="17.597" contextid="1540" timestamp="2019-08-11T06:20:47.600">
  <memory-copied type="eden" objects="6" bytes="352" bytesdiscarded="0" />
  <memory-copied type="other" objects="0" bytes="0" bytesdiscarded="0" />
  <memory-cardclean objects="16" bytes="520" />
  <regions eden="13" other="1" />
  <remembered-set-cleared processed="26942" cleared="5" durationms="0.267" />
  <stringconstants candidates="13748" cleared="0"  />
</gc-op>
<gc-op id="1544" type="classunload" timems="0.012" contextid="1540" timestamp="2019-08-11T06:20:47.600">
  <classunload-info classloadercandidates="54" classloadersunloaded="0" classesunloaded="0" anonymousclassesunloaded="0" quiescems="0.000" setupms="0.012" scanms="0.000" postms="0.000" />
</gc-op>
<gc-end id="1545" type="partial gc" contextid="1540" durationms="18.990" usertimems="46.246" systemtimems="0.000" timestamp="2019-08-11T06:20:47.600" activeThreads="16">
  <mem-info id="1546" free="48234496" total="79691776" percent="60">
    <mem type="eden" free="2096800" total="2097152" percent="99" />
    <remembered-set count="29568" freebytes="3067648" totalbytes="3185920" percent="96" regionsoverflowed="0" regionsstable="4" regionsrebuilding="0"/>
  </mem-info>
</gc-end>
<cycle-end id="1547" type="partial gc" contextid="1540" timestamp="2019-08-11T06:20:47.600" />
  <attribute name="elasticGC enabled" value="1" />
  <attribute name= "numThreadsSpecified" value="16" />
  <attribute name="heapSize specified" value="0" />
  <attribute name="Current GC Util" value="140" />
  <attribute name= "Current Time Running" value="158775" />
  <attribute name ="GC Interval" value="0" />
  <attribute name="ProportionalT" value="30.000000" />
  <attribute name="ProportionalI" value="30.000000" />
  <attribute name="ProportionalH" value="30.000000" />
  <attribute name="Current Error" value="60.000000" />
  <attribute name="IntegralT" value="30.000000" />
  <attribute name="IntegralI" value="30.000000" />
  <attribute name="IntegralH" value="30.000000" />
  <attribute name="DerivativeT" value="60.000000" />
  <attribute name="DerivativeI" value="60.000000" />
  <attribute name="DerivativeH" value="60.000000" />
  <attribute name="Loop Time for DT" value="1.000000" />
  <attribute name="Output H" value="8388608"/>
  <attribute name="Output I" value="200"/>
  <attribute name="Output T" value="16"/>
  <attribute name="Target GC Util Change" value ="80.000000" />
  <attribute name="Current GC Util Change" value="140.000000"/>
  <attribute name="GC Util currently" value="140" />
  <attribute name="CPU Util currently" value="1515884970536" />
<exclusive-end id="1548" timestamp="2019-08-11T06:20:47.601" durationms="19.954" />

<exclusive-start id="1549" timestamp="2019-08-11T06:20:47.665" intervalms="84.792">
  <response-info timems="0.036" idlems="0.036" threads="0" lastid="0000000001E02F00" lastname="main" />
</exclusive-start>
<allocation-taxation id="1550" taxation-threshold="27262976" timestamp="2019-08-11T06:20:47.666" intervalms="84.785" />
<cycle-start id="1551" type="partial gc" contextid="0" timestamp="2019-08-11T06:20:47.666" intervalms="84.529" />
<gc-start id="1552" type="partial gc" contextid="1551" timestamp="2019-08-11T06:20:47.666">
  <mem-info id="1553" free="20971520" total="79691776" percent="26">
    <mem type="eden" free="2096800" total="29360128" percent="7" />
    <remembered-set count="29568" freebytes="3067648" totalbytes="3185920" percent="96" regionsoverflowed="0" regionsstable="4" regionsrebuilding="0"/>
  </mem-info>
</gc-start>
<allocation-stats totalBytes="27240760" >
  <allocated-bytes non-tlh="0" tlh="27240760" arrayletleaf="0"/>
  <largest-consumer threadName="main" threadId="0000000001E02F00" bytes="27240760" />
</allocation-stats>
<gc-op id="1554" type="copy forward" timems="1.551" contextid="1551" timestamp="2019-08-11T06:20:47.668">
  <memory-copied type="eden" objects="38" bytes="1664" bytesdiscarded="0" />
  <memory-copied type="other" objects="0" bytes="0" bytesdiscarded="0" />
  <memory-cardclean objects="72" bytes="2984" />
  <regions eden="13" other="1" />
  <remembered-set-cleared processed="26941" cleared="18" durationms="0.320" />
  <stringconstants candidates="13748" cleared="0"  />
</gc-op>
<gc-op id="1555" type="classunload" timems="0.005" contextid="1551" timestamp="2019-08-11T06:20:47.668">
  <classunload-info classloadercandidates="54" classloadersunloaded="0" classesunloaded="0" anonymousclassesunloaded="0" quiescems="0.000" setupms="0.005" scanms="0.000" postms="0.000" />
</gc-op>
<gc-end id="1556" type="partial gc" contextid="1551" durationms="2.465" usertimems="5.480" systemtimems="0.000" timestamp="2019-08-11T06:20:47.668" activeThreads="1">
  <mem-info id="1557" free="48234496" total="79691776" percent="60">
    <mem type="eden" free="2095488" total="2097152" percent="99" />
    <remembered-set count="29792" freebytes="3066752" totalbytes="3185920" percent="96" regionsoverflowed="0" regionsstable="4" regionsrebuilding="0"/>
  </mem-info>
</gc-end>
<cycle-end id="1558" type="partial gc" contextid="1551" timestamp="2019-08-11T06:20:47.668" />
  <attribute name="elasticGC enabled" value="1" />
  <attribute name= "numThreadsSpecified" value="1" />
  <attribute name="heapSize specified" value="0" />
  <attribute name="Current GC Util" value="153" />
  <attribute name= "Current Time Running" value="158859" />
  <attribute name ="GC Interval" value="0" />
  <attribute name="ProportionalT" value="36.500000" />
  <attribute name="ProportionalI" value="36.500000" />
  <attribute name="ProportionalH" value="36.500000" />
  <attribute name="Current Error" value="73.000000" />
  <attribute name="IntegralT" value="0.000000" />
  <attribute name="IntegralI" value="0.000000" />
  <attribute name="IntegralH" value="0.000000" />
  <attribute name="DerivativeT" value="inf" />
  <attribute name="DerivativeI" value="inf" />
  <attribute name="DerivativeH" value="inf" />
  <attribute name="Loop Time for DT" value="0.000000" />
  <attribute name="Output H" value="8388608"/>
  <attribute name="Output I" value="200"/>
  <attribute name="Output T" value="1"/>
  <attribute name="Target GC Util Change" value ="80.000000" />
  <attribute name="Current GC Util Change" value="153.000000"/>
  <attribute name="GC Util currently" value="153" />
  <attribute name="CPU Util currently" value="2382920905522" />
<exclusive-end id="1559" timestamp="2019-08-11T06:20:47.668" durationms="3.025" />

<exclusive-start id="1560" timestamp="2019-08-11T06:20:47.776" intervalms="110.588">
  <response-info timems="0.018" idlems="0.018" threads="0" lastid="0000000001E02F00" lastname="main" />
</exclusive-start>
<allocation-taxation id="1561" taxation-threshold="27262976" timestamp="2019-08-11T06:20:47.776" intervalms="110.588" />
<cycle-start id="1562" type="partial gc" contextid="0" timestamp="2019-08-11T06:20:47.776" intervalms="110.584" />
<gc-start id="1563" type="partial gc" contextid="1562" timestamp="2019-08-11T06:20:47.776">
  <mem-info id="1564" free="20971520" total="79691776" percent="26">
    <mem type="eden" free="0" total="27262976" percent="0" />
    <remembered-set count="29376" freebytes="3068416" totalbytes="3185920" percent="96" regionsoverflowed="0" regionsstable="4" regionsrebuilding="0"/>
  </mem-info>
</gc-start>
<allocation-stats totalBytes="27256864" >
  <allocated-bytes non-tlh="0" tlh="27256864" arrayletleaf="0"/>
  <largest-consumer threadName="main" threadId="0000000001E02F00" bytes="27256864" />
</allocation-stats>
<gc-op id="1565" type="copy forward" timems="10.801" contextid="1562" timestamp="2019-08-11T06:20:47.788">
  <memory-copied type="eden" objects="31" bytes="1504" bytesdiscarded="0" />
  <memory-copied type="other" objects="23" bytes="992" bytesdiscarded="584" />
  <memory-cardclean objects="49" bytes="2320" />
  <regions eden="13" other="1" />
  <remembered-set-cleared processed="26943" cleared="19" durationms="0.274" />
  <stringconstants candidates="13748" cleared="0"  />
</gc-op>
<gc-op id="1566" type="classunload" timems="0.011" contextid="1562" timestamp="2019-08-11T06:20:47.788">
  <classunload-info classloadercandidates="54" classloadersunloaded="0" classesunloaded="0" anonymousclassesunloaded="0" quiescems="0.000" setupms="0.011" scanms="0.000" postms="0.000" />
</gc-op>
<heap-resize id="1567" type="expand" space="default" amount="4194304" count="1" timems="0.071" reason="excessive time being spent in gc" timestamp="2019-08-11T06:20:47.788" />
<gc-end id="1568" type="partial gc" contextid="1562" durationms="12.188" usertimems="21.966" systemtimems="0.000" timestamp="2019-08-11T06:20:47.789" activeThreads="16">
  <mem-info id="1569" free="50331648" total="83886080" percent="60">
    <mem type="eden" free="2095648" total="2097152" percent="99" />
    <remembered-set count="30368" freebytes="3232128" totalbytes="3353600" percent="96" regionsoverflowed="0" regionsstable="4" regionsrebuilding="0"/>
  </mem-info>
</gc-end>
<cycle-end id="1570" type="partial gc" contextid="1562" timestamp="2019-08-11T06:20:47.789" />
  <attribute name="elasticGC enabled" value="1" />
  <attribute name= "numThreadsSpecified" value="16" />
  <attribute name="heapSize specified" value="0" />
  <attribute name="Current GC Util" value="183" />
  <attribute name= "Current Time Running" value="158970" />
  <attribute name ="GC Interval" value="0" />
  <attribute name="ProportionalT" value="51.500000" />
  <attribute name="ProportionalI" value="51.500000" />
  <attribute name="ProportionalH" value="51.500000" />
  <attribute name="Current Error" value="103.000000" />
  <attribute name="IntegralT" value="51.500000" />
  <attribute name="IntegralI" value="51.500000" />
  <attribute name="IntegralH" value="51.500000" />
  <attribute name="DerivativeT" value="103.000000" />
  <attribute name="DerivativeI" value="103.000000" />
  <attribute name="DerivativeH" value="103.000000" />
  <attribute name="Loop Time for DT" value="1.000000" />
  <attribute name="Output H" value="8388608"/>
  <attribute name="Output I" value="208"/>
  <attribute name="Output T" value="16"/>
  <attribute name="Target GC Util Change" value ="80.000000" />
  <attribute name="Current GC Util Change" value="183.000000"/>
  <attribute name="GC Util currently" value="183" />
  <attribute name="CPU Util currently" value="1726633409197" />
<exclusive-end id="1571" timestamp="2019-08-11T06:20:47.789" durationms="12.932" />

<exclusive-start id="1572" timestamp="2019-08-11T06:20:47.942" intervalms="165.758">
  <response-info timems="0.076" idlems="0.076" threads="0" lastid="0000000001E02F00" lastname="main" />
</exclusive-start>
<allocation-taxation id="1573" taxation-threshold="27262976" timestamp="2019-08-11T06:20:47.942" intervalms="165.781" />
<cycle-start id="1574" type="partial gc" contextid="0" timestamp="2019-08-11T06:20:47.942" intervalms="165.846" />
<gc-start id="1575" type="partial gc" contextid="1574" timestamp="2019-08-11T06:20:47.942">
  <mem-info id="1576" free="23068672" total="83886080" percent="27">
    <mem type="eden" free="2095648" total="29360128" percent="7" />
    <remembered-set count="29888" freebytes="3234048" totalbytes="3353600" percent="96" regionsoverflowed="0" regionsstable="4" regionsrebuilding="0"/>
  </mem-info>
</gc-start>
<allocation-stats totalBytes="27257240" >
  <allocated-bytes non-tlh="0" tlh="27257240" arrayletleaf="0"/>
  <largest-consumer threadName="main" threadId="0000000001E02F00" bytes="27257240" />
</allocation-stats>
<gc-op id="1577" type="copy forward" timems="8.923" contextid="1574" timestamp="2019-08-11T06:20:47.952">
  <memory-copied type="eden" objects="14" bytes="584" bytesdiscarded="0" />
  <memory-copied type="other" objects="0" bytes="0" bytesdiscarded="0" />
  <memory-cardclean objects="15" bytes="512" />
  <regions eden="13" other="1" />
  <remembered-set-cleared processed="26951" cleared="7" durationms="0.241" />
  <stringconstants candidates="13748" cleared="0"  />
</gc-op>
<gc-op id="1578" type="classunload" timems="0.011" contextid="1574" timestamp="2019-08-11T06:20:47.953">
  <classunload-info classloadercandidates="54" classloadersunloaded="0" classesunloaded="0" anonymousclassesunloaded="0" quiescems="0.000" setupms="0.011" scanms="0.000" postms="0.000" />
</gc-op>
<gc-end id="1579" type="partial gc" contextid="1574" durationms="10.543" usertimems="33.184" systemtimems="0.000" timestamp="2019-08-11T06:20:47.953" activeThreads="16">
  <mem-info id="1580" free="50331648" total="83886080" percent="60">
    <mem type="eden" free="2096568" total="2097152" percent="99" />
    <remembered-set count="29600" freebytes="3235200" totalbytes="3353600" percent="96" regionsoverflowed="0" regionsstable="4" regionsrebuilding="0"/>
  </mem-info>
</gc-end>
<cycle-end id="1581" type="partial gc" contextid="1574" timestamp="2019-08-11T06:20:47.953" />
  <attribute name="elasticGC enabled" value="1" />
  <attribute name= "numThreadsSpecified" value="16" />
  <attribute name="heapSize specified" value="0" />
  <attribute name="Current GC Util" value="100" />
  <attribute name= "Current Time Running" value="159136" />
  <attribute name ="GC Interval" value="0" />
  <attribute name="ProportionalT" value="10.000000" />
  <attribute name="ProportionalI" value="10.000000" />
  <attribute name="ProportionalH" value="10.000000" />
  <attribute name="Current Error" value="20.000000" />
  <attribute name="IntegralT" value="10.000000" />
  <attribute name="IntegralI" value="10.000000" />
  <attribute name="IntegralH" value="10.000000" />
  <attribute name="DerivativeT" value="20.000000" />
  <attribute name="DerivativeI" value="20.000000" />
  <attribute name="DerivativeH" value="20.000000" />
  <attribute name="Loop Time for DT" value="1.000000" />
  <attribute name="Output H" value="8388608"/>
  <attribute name="Output I" value="200"/>
  <attribute name="Output T" value="16"/>
  <attribute name="Target GC Util Change" value ="80.000000" />
  <attribute name="Current GC Util Change" value="100.000000"/>
  <attribute name="GC Util currently" value="100" />
  <attribute name="CPU Util currently" value="1262370234495" />
<exclusive-end id="1582" timestamp="2019-08-11T06:20:47.953" durationms="11.342" />

<exclusive-start id="1583" timestamp="2019-08-11T06:20:48.654" intervalms="711.734">
  <response-info timems="0.094" idlems="0.094" threads="0" lastid="0000000001E02F00" lastname="main" />
</exclusive-start>
<allocation-taxation id="1584" taxation-threshold="27262976" timestamp="2019-08-11T06:20:48.654" intervalms="711.704" />
<cycle-start id="1585" type="partial gc" contextid="0" timestamp="2019-08-11T06:20:48.654" intervalms="711.711" />
<gc-start id="1586" type="partial gc" contextid="1585" timestamp="2019-08-11T06:20:48.654">
  <mem-info id="1587" free="23068672" total="83886080" percent="27">
    <mem type="eden" free="2096568" total="29360128" percent="7" />
    <remembered-set count="29600" freebytes="3235200" totalbytes="3353600" percent="96" regionsoverflowed="0" regionsstable="4" regionsrebuilding="0"/>
  </mem-info>
</gc-start>
<allocation-stats totalBytes="27257080" >
  <allocated-bytes non-tlh="0" tlh="27257080" arrayletleaf="0"/>
  <largest-consumer threadName="main" threadId="0000000001E02F00" bytes="27257080" />
</allocation-stats>
<gc-op id="1588" type="copy forward" timems="16.299" contextid="1585" timestamp="2019-08-11T06:20:48.673">
  <memory-copied type="eden" objects="66" bytes="2624" bytesdiscarded="624" />
  <memory-copied type="other" objects="0" bytes="0" bytesdiscarded="0" />
  <memory-cardclean objects="68" bytes="3096" />
  <regions eden="13" other="1" />
  <remembered-set-cleared processed="26948" cleared="18" durationms="0.255" />
  <stringconstants candidates="13748" cleared="0"  />
</gc-op>
<gc-op id="1589" type="classunload" timems="0.013" contextid="1585" timestamp="2019-08-11T06:20:48.673">
  <classunload-info classloadercandidates="54" classloadersunloaded="0" classesunloaded="0" anonymousclassesunloaded="0" quiescems="0.000" setupms="0.013" scanms="0.000" postms="0.000" />
</gc-op>
<gc-end id="1590" type="partial gc" contextid="1585" durationms="19.123" usertimems="34.490" systemtimems="0.000" timestamp="2019-08-11T06:20:48.673" activeThreads="16">
  <mem-info id="1591" free="50331648" total="83886080" percent="60">
    <mem type="eden" free="2093904" total="2097152" percent="99" />
    <remembered-set count="30464" freebytes="3231744" totalbytes="3353600" percent="96" regionsoverflowed="0" regionsstable="4" regionsrebuilding="0"/>
  </mem-info>
</gc-end>
<cycle-end id="1592" type="partial gc" contextid="1585" timestamp="2019-08-11T06:20:48.673" />
  <attribute name="elasticGC enabled" value="1" />
  <attribute name= "numThreadsSpecified" value="16" />
  <attribute name="heapSize specified" value="0" />
  <attribute name="Current GC Util" value="164" />
  <attribute name= "Current Time Running" value="159849" />
  <attribute name ="GC Interval" value="0" />
  <attribute name="ProportionalT" value="42.000000" />
  <attribute name="ProportionalI" value="42.000000" />
  <attribute name="ProportionalH" value="42.000000" />
  <attribute name="Current Error" value="84.000000" />
  <attribute name="IntegralT" value="84.000000" />
  <attribute name="IntegralI" value="84.000000" />
  <attribute name="IntegralH" value="84.000000" />
  <attribute name="DerivativeT" value="42.000000" />
  <attribute name="DerivativeI" value="42.000000" />
  <attribute name="DerivativeH" value="42.000000" />
  <attribute name="Loop Time for DT" value="2.000000" />
  <attribute name="Output H" value="8388608"/>
  <attribute name="Output I" value="200"/>
  <attribute name="Output T" value="16"/>
  <attribute name="Target GC Util Change" value ="80.000000" />
  <attribute name="Current GC Util Change" value="164.000000"/>
  <attribute name="GC Util currently" value="164" />
  <attribute name="CPU Util currently" value="576426438976" />
<exclusive-end id="1593" timestamp="2019-08-11T06:20:48.674" durationms="20.049" />

<exclusive-start id="1594" timestamp="2019-08-11T06:20:49.471" intervalms="817.442">
  <response-info timems="0.093" idlems="0.093" threads="0" lastid="0000000001E02F00" lastname="main" />
</exclusive-start>
<allocation-taxation id="1595" taxation-threshold="27262976" timestamp="2019-08-11T06:20:49.471" intervalms="817.451" />
<cycle-start id="1596" type="partial gc" contextid="0" timestamp="2019-08-11T06:20:49.471" intervalms="817.448" />
<gc-start id="1597" type="partial gc" contextid="1596" timestamp="2019-08-11T06:20:49.471">
  <mem-info id="1598" free="23068672" total="83886080" percent="27">
    <mem type="eden" free="2093904" total="29360128" percent="7" />
    <remembered-set count="29984" freebytes="3233664" totalbytes="3353600" percent="96" regionsoverflowed="0" regionsstable="4" regionsrebuilding="0"/>
  </mem-info>
</gc-start>
<allocation-stats totalBytes="25613528" >
  <allocated-bytes non-tlh="0" tlh="25613528" arrayletleaf="0"/>
  <largest-consumer threadName="main" threadId="0000000001E02F00" bytes="25613528" />
</allocation-stats>
<gc-op id="1599" type="copy forward" timems="9.729" contextid="1596" timestamp="2019-08-11T06:20:49.482">
  <memory-copied type="eden" objects="59" bytes="41048" bytesdiscarded="0" />
  <memory-copied type="other" objects="45" bytes="1824" bytesdiscarded="624" />
  <memory-cardclean objects="109" bytes="4440" />
  <regions eden="13" other="1" />
  <remembered-set-cleared processed="26955" cleared="28" durationms="0.331" />
  <stringconstants candidates="13748" cleared="0"  />
</gc-op>
<gc-op id="1600" type="classunload" timems="0.010" contextid="1596" timestamp="2019-08-11T06:20:49.482">
  <classunload-info classloadercandidates="54" classloadersunloaded="0" classesunloaded="0" anonymousclassesunloaded="0" quiescems="0.000" setupms="0.009" scanms="0.000" postms="0.000" />
</gc-op>
<heap-resize id="1601" type="contract" space="default" amount="4194304" count="1" timems="0.066" reason="insufficient time being spent in gc" timestamp="2019-08-11T06:20:49.482" />
<gc-end id="1602" type="partial gc" contextid="1596" durationms="10.927" usertimems="26.708" systemtimems="0.000" timestamp="2019-08-11T06:20:49.482" activeThreads="16">
  <mem-info id="1603" free="44040192" total="79691776" percent="55">
    <mem type="eden" free="4150808" total="4194304" percent="98" />
    <remembered-set count="30912" freebytes="3229952" totalbytes="3353600" percent="96" regionsoverflowed="0" regionsstable="4" regionsrebuilding="0"/>
  </mem-info>
</gc-end>
<cycle-end id="1604" type="partial gc" contextid="1596" timestamp="2019-08-11T06:20:49.482" />
  <attribute name="elasticGC enabled" value="1" />
  <attribute name= "numThreadsSpecified" value="16" />
  <attribute name="heapSize specified" value="0" />
  <attribute name="Current GC Util" value="150" />
  <attribute name= "Current Time Running" value="160665" />
  <attribute name ="GC Interval" value="0" />
  <attribute name="ProportionalT" value="35.000000" />
  <attribute name="ProportionalI" value="35.000000" />
  <attribute name="ProportionalH" value="35.000000" />
  <attribute name="Current Error" value="70.000000" />
  <attribute name="IntegralT" value="35.000000" />
  <attribute name="IntegralI" value="35.000000" />
  <attribute name="IntegralH" value="35.000000" />
  <attribute name="DerivativeT" value="70.000000" />
  <attribute name="DerivativeI" value="70.000000" />
  <attribute name="DerivativeH" value="70.000000" />
  <attribute name="Loop Time for DT" value="1.000000" />
  <attribute name="Output H" value="8388608"/>
  <attribute name="Output I" value="200"/>
  <attribute name="Output T" value="16"/>
  <attribute name="Target GC Util Change" value ="80.000000" />
  <attribute name="Current GC Util Change" value="150.000000"/>
  <attribute name="GC Util currently" value="150" />
  <attribute name="CPU Util currently" value="1697987272967" />
<exclusive-end id="1605" timestamp="2019-08-11T06:20:49.483" durationms="11.561" />

<exclusive-start id="1606" timestamp="2019-08-11T06:20:49.504" intervalms="33.353">
  <response-info timems="0.655" idlems="0.655" threads="0" lastid="0000000001E02F00" lastname="main" />
</exclusive-start>
<allocation-taxation id="1607" taxation-threshold="27262976" timestamp="2019-08-11T06:20:49.504" intervalms="33.389" />
<cycle-start id="1608" type="partial gc" contextid="0" timestamp="2019-08-11T06:20:49.505" intervalms="33.477" />
<gc-start id="1609" type="partial gc" contextid="1608" timestamp="2019-08-11T06:20:49.505">
  <mem-info id="1610" free="16777216" total="79691776" percent="21">
    <mem type="eden" free="0" total="27262976" percent="0" />
    <remembered-set count="30912" freebytes="3229952" totalbytes="3353600" percent="96" regionsoverflowed="0" regionsstable="4" regionsrebuilding="0"/>
  </mem-info>
</gc-start>
<allocation-stats totalBytes="25540096" >
  <allocated-bytes non-tlh="0" tlh="25540096" arrayletleaf="0"/>
  <largest-consumer threadName="main" threadId="0000000001E02F00" bytes="25540096" />
</allocation-stats>
<gc-op id="1611" type="copy forward" timems="1.456" contextid="1608" timestamp="2019-08-11T06:20:49.507">
  <memory-copied type="eden" objects="12" bytes="36184" bytesdiscarded="0" />
  <memory-copied type="other" objects="47" bytes="1728" bytesdiscarded="0" />
  <memory-cardclean objects="56" bytes="2672" />
  <regions eden="13" other="1" />
  <remembered-set-cleared processed="26958" cleared="22" durationms="0.283" />
  <stringconstants candidates="13748" cleared="0"  />
</gc-op>
<gc-op id="1612" type="classunload" timems="0.003" contextid="1608" timestamp="2019-08-11T06:20:49.507">
  <classunload-info classloadercandidates="54" classloadersunloaded="0" classesunloaded="0" anonymousclassesunloaded="0" quiescems="0.000" setupms="0.003" scanms="0.000" postms="0.000" />
</gc-op>
<heap-resize id="1613" type="contract" space="default" amount="4194304" count="1" timems="0.063" reason="insufficient time being spent in gc" timestamp="2019-08-11T06:20:49.508" />
<gc-end id="1614" type="partial gc" contextid="1608" durationms="2.843" usertimems="3.551" systemtimems="0.000" timestamp="2019-08-11T06:20:49.508" activeThreads="1">
  <mem-info id="1615" free="37748736" total="75497472" percent="50">
    <mem type="eden" free="2060968" total="2097152" percent="98" />
    <remembered-set count="29408" freebytes="3068288" totalbytes="3185920" percent="96" regionsoverflowed="0" regionsstable="4" regionsrebuilding="0"/>
  </mem-info>
</gc-end>
<cycle-end id="1616" type="partial gc" contextid="1608" timestamp="2019-08-11T06:20:49.508" />
  <attribute name="elasticGC enabled" value="1" />
  <attribute name= "numThreadsSpecified" value="1" />
  <attribute name="heapSize specified" value="0" />
  <attribute name="Current GC Util" value="107" />
  <attribute name= "Current Time Running" value="160698" />
  <attribute name ="GC Interval" value="0" />
  <attribute name="ProportionalT" value="13.500000" />
  <attribute name="ProportionalI" value="13.500000" />
  <attribute name="ProportionalH" value="13.500000" />
  <attribute name="Current Error" value="27.000000" />
  <attribute name="IntegralT" value="0.000000" />
  <attribute name="IntegralI" value="0.000000" />
  <attribute name="IntegralH" value="0.000000" />
  <attribute name="DerivativeT" value="inf" />
  <attribute name="DerivativeI" value="inf" />
  <attribute name="DerivativeH" value="inf" />
  <attribute name="Loop Time for DT" value="0.000000" />
  <attribute name="Output H" value="8388608"/>
  <attribute name="Output I" value="200"/>
  <attribute name="Output T" value="1"/>
  <attribute name="Target GC Util Change" value ="80.000000" />
  <attribute name="Current GC Util Change" value="107.000000"/>
  <attribute name="GC Util currently" value="107" />
  <attribute name="CPU Util currently" value="1537523834276" />
<exclusive-end id="1617" timestamp="2019-08-11T06:20:49.508" durationms="3.702" />

<exclusive-start id="1618" timestamp="2019-08-11T06:20:49.522" intervalms="18.013">
  <response-info timems="0.087" idlems="0.087" threads="0" lastid="0000000001E02F00" lastname="main" />
</exclusive-start>
<allocation-taxation id="1619" taxation-threshold="12582912" timestamp="2019-08-11T06:20:49.522" intervalms="17.976" />
<cycle-start id="1620" type="global mark phase" contextid="0" timestamp="2019-08-11T06:20:49.522" intervalms="2617.270" />
<gc-start id="1621" type="global mark phase" contextid="1620" timestamp="2019-08-11T06:20:49.522">
  <mem-info id="1622" free="25165824" total="75497472" percent="33">
    <remembered-set count="29088" freebytes="3069568" totalbytes="3185920" percent="96" regionsoverflowed="0" regionsstable="4" regionsrebuilding="0"/>
  </mem-info>
</gc-start>
<gc-op id="1623" type="mark increment" timems="6.921" contextid="1620" timestamp="2019-08-11T06:20:49.529">
  <trace-info objectcount="196541" scancount="154651" scanbytes="4623608" />
</gc-op>
<gc-end id="1624" type="global mark phase" contextid="1620" durationms="6.988" usertimems="34.184" systemtimems="0.000" timestamp="2019-08-11T06:20:49.529" activeThreads="16">
  <mem-info id="1625" free="25165824" total="75497472" percent="33">
    <remembered-set count="39840" freebytes="3026560" totalbytes="3185920" percent="94" regionsoverflowed="0" regionsstable="0" regionsrebuilding="4"/>
  </mem-info>
</gc-end>
<concurrent-start id="1626" type="GMP work packet processing" contextid="1620" timestamp="2019-08-11T06:20:49.530">
  <concurrent-mark-start scanTarget="4849004" />
</concurrent-start>
<exclusive-end id="1627" timestamp="2019-08-11T06:20:49.530" durationms="7.294" />

<concurrent-end id="1628" type="GMP work packet processing" contextid="1620" timestamp="2019-08-11T06:20:49.537">
  <concurrent-mark-end bytesScanned="4979020" reasonForTermination="Work target met" />
</concurrent-end>

<exclusive-start id="1629" timestamp="2019-08-11T06:20:49.720" intervalms="197.337">
  <response-info timems="0.108" idlems="0.108" threads="0" lastid="0000000001E02F00" lastname="main" />
</exclusive-start>
<allocation-taxation id="1630" taxation-threshold="12582912" timestamp="2019-08-11T06:20:49.720" intervalms="197.337" />
<cycle-start id="1631" type="partial gc" contextid="0" timestamp="2019-08-11T06:20:49.720" intervalms="215.216" />
<gc-start id="1632" type="partial gc" contextid="1631" timestamp="2019-08-11T06:20:49.720">
  <mem-info id="1633" free="12582912" total="75497472" percent="16">
    <mem type="eden" free="2060968" total="27262976" percent="7" />
    <remembered-set count="51520" freebytes="2979840" totalbytes="3185920" percent="93" regionsoverflowed="0" regionsstable="0" regionsrebuilding="4"/>
  </mem-info>
</gc-start>
<allocation-stats totalBytes="24351328" >
  <allocated-bytes non-tlh="0" tlh="24351328" arrayletleaf="0"/>
  <largest-consumer threadName="main" threadId="0000000001E02F00" bytes="12582480" />
</allocation-stats>
<gc-op id="1634" type="copy forward" timems="10.276" contextid="1631" timestamp="2019-08-11T06:20:49.732">
  <memory-copied type="eden" objects="141" bytes="47368" bytesdiscarded="1208" />
  <memory-copied type="other" objects="0" bytes="0" bytesdiscarded="0" />
  <memory-cardclean objects="62" bytes="2712" />
  <regions eden="12" other="1" />
  <remembered-set-cleared processed="44976" cleared="24" durationms="0.358" />
  <stringconstants candidates="13748" cleared="0"  />
</gc-op>
<gc-op id="1635" type="classunload" timems="0.011" contextid="1631" timestamp="2019-08-11T06:20:49.732">
  <classunload-info classloadercandidates="54" classloadersunloaded="0" classesunloaded="0" anonymousclassesunloaded="0" quiescems="0.000" setupms="0.011" scanms="0.000" postms="0.000" />
</gc-op>
<gc-end id="1636" type="partial gc" contextid="1631" durationms="11.766" usertimems="25.783" systemtimems="0.000" timestamp="2019-08-11T06:20:49.732" activeThreads="16">
  <mem-info id="1637" free="37748736" total="75497472" percent="50">
    <mem type="eden" free="2048576" total="2097152" percent="97" />
    <remembered-set count="49952" freebytes="2818432" totalbytes="3018240" percent="93" regionsoverflowed="0" regionsstable="0" regionsrebuilding="4"/>
  </mem-info>
</gc-end>
<cycle-end id="1638" type="partial gc" contextid="1631" timestamp="2019-08-11T06:20:49.732" />
  <attribute name="elasticGC enabled" value="1" />
  <attribute name= "numThreadsSpecified" value="16" />
  <attribute name="heapSize specified" value="0" />
  <attribute name="Current GC Util" value="85" />
  <attribute name= "Current Time Running" value="160914" />
  <attribute name ="GC Interval" value="0" />
  <attribute name="ProportionalT" value="2.500000" />
  <attribute name="ProportionalI" value="2.500000" />
  <attribute name="ProportionalH" value="2.500000" />
  <attribute name="Current Error" value="5.000000" />
  <attribute name="IntegralT" value="2.500000" />
  <attribute name="IntegralI" value="2.500000" />
  <attribute name="IntegralH" value="2.500000" />
  <attribute name="DerivativeT" value="5.000000" />
  <attribute name="DerivativeI" value="5.000000" />
  <attribute name="DerivativeH" value="5.000000" />
  <attribute name="Loop Time for DT" value="1.000000" />
  <attribute name="Output H" value="8388608"/>
  <attribute name="Output I" value="200"/>
  <attribute name="Output T" value="16"/>
  <attribute name="Target GC Util Change" value ="80.000000" />
  <attribute name="Current GC Util Change" value="85.000000"/>
  <attribute name="GC Util currently" value="85" />
  <attribute name="CPU Util currently" value="1155987149839" />
<exclusive-end id="1639" timestamp="2019-08-11T06:20:49.733" durationms="12.916" />

<exclusive-start id="1640" timestamp="2019-08-11T06:20:50.454" intervalms="734.700">
  <response-info timems="0.079" idlems="0.079" threads="0" lastid="0000000001E02F00" lastname="main" />
</exclusive-start>
<allocation-taxation id="1641" taxation-threshold="12582912" timestamp="2019-08-11T06:20:50.454" intervalms="734.712" />
<gc-start id="1642" type="global mark phase" contextid="1620" timestamp="2019-08-11T06:20:50.455">
  <mem-info id="1643" free="25165824" total="75497472" percent="33">
    <remembered-set count="49952" freebytes="2818432" totalbytes="3018240" percent="93" regionsoverflowed="0" regionsstable="0" regionsrebuilding="4"/>
  </mem-info>
</gc-start>
<gc-end id="1644" type="global mark phase" contextid="1620" durationms="0.060" usertimems="0.058" systemtimems="0.000" timestamp="2019-08-11T06:20:50.455" activeThreads="16">
  <mem-info id="1645" free="25165824" total="75497472" percent="33">
    <remembered-set count="49952" freebytes="2818432" totalbytes="3018240" percent="93" regionsoverflowed="0" regionsstable="0" regionsrebuilding="4"/>
  </mem-info>
</gc-end>
<concurrent-start id="1646" type="GMP work packet processing" contextid="1620" timestamp="2019-08-11T06:20:50.455">
  <concurrent-mark-start scanTarget="4849004" />
</concurrent-start>
<exclusive-end id="1647" timestamp="2019-08-11T06:20:50.455" durationms="0.521" />

<concurrent-end id="1648" type="GMP work packet processing" contextid="1620" timestamp="2019-08-11T06:20:50.459">
  <concurrent-mark-end bytesScanned="4000336" reasonForTermination="Completed all work in GC phase" />
</concurrent-end>

<exclusive-start id="1649" timestamp="2019-08-11T06:20:50.550" intervalms="95.861">
  <response-info timems="0.127" idlems="0.127" threads="0" lastid="0000000001E02F00" lastname="main" />
</exclusive-start>
<allocation-taxation id="1650" taxation-threshold="12582912" timestamp="2019-08-11T06:20:50.550" intervalms="95.984" />
<cycle-start id="1651" type="partial gc" contextid="0" timestamp="2019-08-11T06:20:50.551" intervalms="830.752" />
<gc-start id="1652" type="partial gc" contextid="1651" timestamp="2019-08-11T06:20:50.551">
  <mem-info id="1653" free="12582912" total="75497472" percent="16">
    <mem type="eden" free="0" total="25165824" percent="0" />
    <remembered-set count="60256" freebytes="2777216" totalbytes="3018240" percent="92" regionsoverflowed="0" regionsstable="0" regionsrebuilding="4"/>
  </mem-info>
</gc-start>
<allocation-stats totalBytes="25162984" >
  <allocated-bytes non-tlh="0" tlh="25162984" arrayletleaf="0"/>
  <largest-consumer threadName="main" threadId="0000000001E02F00" bytes="12581360" />
</allocation-stats>
<gc-op id="1654" type="copy forward" timems="2.522" contextid="1651" timestamp="2019-08-11T06:20:50.554">
  <memory-copied type="eden" objects="44" bytes="1384" bytesdiscarded="0" />
  <memory-copied type="other" objects="15" bytes="40144" bytesdiscarded="0" />
  <memory-cardclean objects="96" bytes="4456" />
  <regions eden="12" other="1" />
  <remembered-set-cleared processed="55591" cleared="51" durationms="0.786" />
  <stringconstants candidates="13748" cleared="0"  />
</gc-op>
<gc-op id="1655" type="classunload" timems="0.011" contextid="1651" timestamp="2019-08-11T06:20:50.554">
  <classunload-info classloadercandidates="54" classloadersunloaded="0" classesunloaded="0" anonymousclassesunloaded="0" quiescems="0.000" setupms="0.010" scanms="0.000" postms="0.000" />
</gc-op>
<heap-resize id="1656" type="contract" space="default" amount="4194304" count="1" timems="0.673" reason="insufficient time being spent in gc" timestamp="2019-08-11T06:20:50.555" />
<gc-end id="1657" type="partial gc" contextid="1651" durationms="4.331" usertimems="13.193" systemtimems="0.000" timestamp="2019-08-11T06:20:50.555" activeThreads="1">
  <mem-info id="1658" free="31457280" total="71303168" percent="44">
    <mem type="eden" free="2095768" total="2097152" percent="99" />
    <remembered-set count="60512" freebytes="2776192" totalbytes="3018240" percent="91" regionsoverflowed="0" regionsstable="0" regionsrebuilding="4"/>
  </mem-info>
</gc-end>
<cycle-end id="1659" type="partial gc" contextid="1651" timestamp="2019-08-11T06:20:50.555" />
  <attribute name="elasticGC enabled" value="1" />
  <attribute name= "numThreadsSpecified" value="1" />
  <attribute name="heapSize specified" value="0" />
  <attribute name="Current GC Util" value="117" />
  <attribute name= "Current Time Running" value="161744" />
  <attribute name ="GC Interval" value="0" />
  <attribute name="ProportionalT" value="18.500000" />
  <attribute name="ProportionalI" value="18.500000" />
  <attribute name="ProportionalH" value="18.500000" />
  <attribute name="Current Error" value="37.000000" />
  <attribute name="IntegralT" value="0.000000" />
  <attribute name="IntegralI" value="0.000000" />
  <attribute name="IntegralH" value="0.000000" />
  <attribute name="DerivativeT" value="inf" />
  <attribute name="DerivativeI" value="inf" />
  <attribute name="DerivativeH" value="inf" />
  <attribute name="Loop Time for DT" value="0.000000" />
  <attribute name="Output H" value="8388608"/>
  <attribute name="Output I" value="200"/>
  <attribute name="Output T" value="1"/>
  <attribute name="Target GC Util Change" value ="80.000000" />
  <attribute name="Current GC Util Change" value="117.000000"/>
  <attribute name="GC Util currently" value="117" />
  <attribute name="CPU Util currently" value="1800297735734" />
<exclusive-end id="1660" timestamp="2019-08-11T06:20:50.556" durationms="5.308" />

<exclusive-start id="1661" timestamp="2019-08-11T06:20:50.660" intervalms="109.438">
  <response-info timems="0.084" idlems="0.084" threads="0" lastid="0000000001E02F00" lastname="main" />
</exclusive-start>
<allocation-taxation id="1662" taxation-threshold="12582912" timestamp="2019-08-11T06:20:50.661" intervalms="110.748" />
<gc-start id="1663" type="global mark phase" contextid="1620" timestamp="2019-08-11T06:20:50.661">
  <mem-info id="1664" free="18874368" total="71303168" percent="26">
    <remembered-set count="60064" freebytes="2777984" totalbytes="3018240" percent="92" regionsoverflowed="0" regionsstable="0" regionsrebuilding="4"/>
  </mem-info>
</gc-start>
<gc-op id="1665" type="mark increment" timems="10.355" contextid="1620" timestamp="2019-08-11T06:20:50.672">
  <trace-info objectcount="39" scancount="39" scanbytes="41060" />
  <cardclean-info objects="120" bytes="4936" />
  <finalization candidates="80" enqueued="0" />
  <ownableSynchronizers candidates="21" cleared="0" />
  <references type="soft" candidates="4577" cleared="28" enqueued="28" dynamicThreshold="14" maxThreshold="32" />
  <references type="weak" candidates="5613" cleared="7" enqueued="3" />
  <references type="phantom" candidates="97" cleared="0" enqueued="0" />
  <stringconstants candidates="13748" cleared="1"  />
</gc-op>
<gc-op id="1666" type="classunload" timems="0.014" contextid="1620" timestamp="2019-08-11T06:20:50.672">
  <classunload-info classloadercandidates="54" classloadersunloaded="0" classesunloaded="0" anonymousclassesunloaded="0" quiescems="0.000" setupms="0.013" scanms="0.000" postms="0.000" />
</gc-op>
<gc-end id="1667" type="global mark phase" contextid="1620" durationms="10.972" usertimems="35.617" systemtimems="0.000" timestamp="2019-08-11T06:20:50.672" activeThreads="16">
  <mem-info id="1668" free="18874368" total="71303168" percent="26">
    <pending-finalizers system="0" default="0" reference="31" classloader="0" />
    <remembered-set count="61600" freebytes="2771840" totalbytes="3018240" percent="91" regionsoverflowed="0" regionsstable="0" regionsrebuilding="0"/>
  </mem-info>
</gc-end>
<cycle-end id="1669" type="global mark phase" contextid="1620" timestamp="2019-08-11T06:20:50.672" />
  <attribute name="elasticGC enabled" value="1" />
  <attribute name= "numThreadsSpecified" value="16" />
  <attribute name="heapSize specified" value="0" />
  <attribute name="Current GC Util" value="84" />
  <attribute name= "Current Time Running" value="161858" />
  <attribute name ="GC Interval" value="0" />
  <attribute name="ProportionalT" value="2.000000" />
  <attribute name="ProportionalI" value="2.000000" />
  <attribute name="ProportionalH" value="2.000000" />
  <attribute name="Current Error" value="4.000000" />
  <attribute name="IntegralT" value="4.000000" />
  <attribute name="IntegralI" value="4.000000" />
  <attribute name="IntegralH" value="4.000000" />
  <attribute name="DerivativeT" value="-15.000000" />
  <attribute name="DerivativeI" value="-15.000000" />
  <attribute name="DerivativeH" value="-15.000000" />
  <attribute name="Loop Time for DT" value="2.000000" />
  <attribute name="Output H" value="4202627072"/>
  <attribute name="Output I" value="200"/>
  <attribute name="Output T" value="16"/>
  <attribute name="Target GC Util Change" value ="80.000000" />
  <attribute name="Current GC Util Change" value="84.000000"/>
  <attribute name="GC Util currently" value="84" />
  <attribute name="CPU Util currently" value="664270293859" />
<exclusive-end id="1670" timestamp="2019-08-11T06:20:50.672" durationms="12.668" />

<exclusive-start id="1671" timestamp="2019-08-11T06:20:50.766" intervalms="106.374">
  <response-info timems="0.072" idlems="0.072" threads="0" lastid="0000000001E02F00" lastname="main" />
</exclusive-start>
<allocation-taxation id="1672" taxation-threshold="12582912" timestamp="2019-08-11T06:20:50.766" intervalms="104.931" />
<cycle-start id="1673" type="partial gc" contextid="0" timestamp="2019-08-11T06:20:50.766" intervalms="215.565" />
<gc-start id="1674" type="partial gc" contextid="1673" timestamp="2019-08-11T06:20:50.766">
  <mem-info id="1675" free="6291456" total="71303168" percent="8">
    <mem type="eden" free="0" total="25165824" percent="0" />
    <remembered-set count="61024" freebytes="2774144" totalbytes="3018240" percent="91" regionsoverflowed="0" regionsstable="1" regionsrebuilding="0"/>
  </mem-info>
</gc-start>
<allocation-stats totalBytes="25162560" >
  <allocated-bytes non-tlh="0" tlh="25162560" arrayletleaf="0"/>
  <largest-consumer threadName="main" threadId="0000000001E02F00" bytes="12577360" />
</allocation-stats>
<gc-op id="1676" type="sweep" timems="2.706" contextid="1673" timestamp="2019-08-11T06:20:50.769" />
<gc-op id="1677" type="copy forward" timems="18.822" contextid="1673" timestamp="2019-08-11T06:20:50.790">
  <memory-copied type="eden" objects="4" bytes="1096" bytesdiscarded="0" />
  <memory-copied type="other" objects="73051" bytes="1798792" bytesdiscarded="517608" />
  <memory-cardclean objects="18763" bytes="858760" />
  <regions eden="6" other="4" />
  <remembered-set-cleared processed="49559" cleared="11102" durationms="0.408" />
  <stringconstants candidates="13747" cleared="0"  />
</gc-op>
<gc-op id="1678" type="classunload" timems="0.009" contextid="1673" timestamp="2019-08-11T06:20:50.790">
  <classunload-info classloadercandidates="54" classloadersunloaded="0" classesunloaded="0" anonymousclassesunloaded="0" quiescems="0.000" setupms="0.009" scanms="0.000" postms="0.000" />
</gc-op>
<gc-end id="1679" type="partial gc" contextid="1673" durationms="24.105" usertimems="92.195" systemtimems="0.000" timestamp="2019-08-11T06:20:50.790" activeThreads="16">
  <mem-info id="1680" free="29360128" total="71303168" percent="41">
    <mem type="eden" free="2096056" total="2097152" percent="99" />
    <remembered-set count="53024" freebytes="2638464" totalbytes="2850560" percent="92" regionsoverflowed="0" regionsstable="1" regionsrebuilding="0"/>
  </mem-info>
</gc-end>
<cycle-end id="1681" type="partial gc" contextid="1673" timestamp="2019-08-11T06:20:50.791" />
  <attribute name="elasticGC enabled" value="1" />
  <attribute name= "numThreadsSpecified" value="16" />
  <attribute name="heapSize specified" value="0" />
  <attribute name="Current GC Util" value="48" />
  <attribute name= "Current Time Running" value="161964" />
  <attribute name ="GC Interval" value="0" />
  <attribute name="ProportionalT" value="-16.000000" />
  <attribute name="ProportionalI" value="-16.000000" />
  <attribute name="ProportionalH" value="-16.000000" />
  <attribute name="Current Error" value="-32.000000" />
  <attribute name="IntegralT" value="-32.000000" />
  <attribute name="IntegralI" value="-32.000000" />
  <attribute name="IntegralH" value="-32.000000" />
  <attribute name="DerivativeT" value="-41.500000" />
  <attribute name="DerivativeI" value="-41.500000" />
  <attribute name="DerivativeH" value="-41.500000" />
  <attribute name="Loop Time for DT" value="2.000000" />
  <attribute name="Output H" value="4202627072"/>
  <attribute name="Output I" value="200"/>
  <attribute name="Output T" value="16"/>
  <attribute name="Target GC Util Change" value ="80.000000" />
  <attribute name="Current GC Util Change" value="48.000000"/>
  <attribute name="GC Util currently" value="48" />
  <attribute name="CPU Util currently" value="674268822665" />
<exclusive-end id="1682" timestamp="2019-08-11T06:20:50.791" durationms="24.755" />

<exclusive-start id="1683" timestamp="2019-08-11T06:20:50.872" intervalms="106.360">
  <response-info timems="0.062" idlems="0.062" threads="0" lastid="0000000001E02F00" lastname="main" />
</exclusive-start>
<allocation-taxation id="1684" taxation-threshold="12582912" timestamp="2019-08-11T06:20:50.872" intervalms="106.356" />
<cycle-start id="1685" type="global mark phase" contextid="0" timestamp="2019-08-11T06:20:50.873" intervalms="1350.142" />
<gc-start id="1686" type="global mark phase" contextid="1685" timestamp="2019-08-11T06:20:50.873">
  <mem-info id="1687" free="16777216" total="71303168" percent="23">
    <remembered-set count="5248" freebytes="2829568" totalbytes="2850560" percent="99" regionsoverflowed="0" regionsstable="8" regionsrebuilding="0"/>
  </mem-info>
</gc-start>
<gc-op id="1688" type="mark increment" timems="6.570" contextid="1685" timestamp="2019-08-11T06:20:50.879">
  <trace-info objectcount="17160" scancount="4964" scanbytes="272852" />
</gc-op>
<gc-end id="1689" type="global mark phase" contextid="1685" durationms="6.622" usertimems="17.415" systemtimems="0.000" timestamp="2019-08-11T06:20:50.879" activeThreads="16">
  <mem-info id="1690" free="16777216" total="71303168" percent="23">
    <remembered-set count="8320" freebytes="2817280" totalbytes="2850560" percent="98" regionsoverflowed="0" regionsstable="0" regionsrebuilding="8"/>
  </mem-info>
</gc-end>
<concurrent-start id="1691" type="GMP work packet processing" contextid="1685" timestamp="2019-08-11T06:20:50.879">
  <concurrent-mark-start scanTarget="5380257" />
</concurrent-start>
<exclusive-end id="1692" timestamp="2019-08-11T06:20:50.879" durationms="7.063" />

<concurrent-end id="1693" type="GMP work packet processing" contextid="1685" timestamp="2019-08-11T06:20:50.884">
  <concurrent-mark-end bytesScanned="5493796" reasonForTermination="Work target met" />
</concurrent-end>

<exclusive-start id="1694" timestamp="2019-08-11T06:20:50.983" intervalms="110.168">
  <response-info timems="0.241" idlems="0.241" threads="0" lastid="0000000001E02F00" lastname="main" />
</exclusive-start>
<allocation-taxation id="1695" taxation-threshold="12582912" timestamp="2019-08-11T06:20:50.983" intervalms="110.243" />
<cycle-start id="1696" type="partial gc" contextid="0" timestamp="2019-08-11T06:20:50.983" intervalms="216.666" />
<gc-start id="1697" type="partial gc" contextid="1696" timestamp="2019-08-11T06:20:50.983">
  <mem-info id="1698" free="4194304" total="71303168" percent="5">
    <mem type="eden" free="0" total="25165824" percent="0" />
    <remembered-set count="44128" freebytes="2674048" totalbytes="2850560" percent="93" regionsoverflowed="0" regionsstable="0" regionsrebuilding="8"/>
  </mem-info>
</gc-start>
<allocation-stats totalBytes="25161344" >
  <allocated-bytes non-tlh="32" tlh="25161312" arrayletleaf="0"/>
  <largest-consumer threadName="main" threadId="0000000001E02F00" bytes="12580592" />
</allocation-stats>
<gc-op id="1699" type="copy forward" timems="11.078" contextid="1696" timestamp="2019-08-11T06:20:50.996">
  <memory-copied type="eden" objects="48" bytes="1504" bytesdiscarded="696" />
  <memory-copied type="other" objects="28606" bytes="681176" bytesdiscarded="44248" />
  <memory-cardclean objects="4031" bytes="243944" />
  <regions eden="12" other="2" />
  <remembered-set-cleared processed="38768" cleared="1707" durationms="0.332" />
  <stringconstants candidates="13748" cleared="0"  />
</gc-op>
<gc-op id="1700" type="classunload" timems="0.011" contextid="1696" timestamp="2019-08-11T06:20:50.996">
  <classunload-info classloadercandidates="54" classloadersunloaded="0" classesunloaded="0" anonymousclassesunloaded="0" quiescems="0.000" setupms="0.011" scanms="0.000" postms="0.000" />
</gc-op>
<heap-resize id="1701" type="expand" space="default" amount="12582912" count="1" timems="0.070" reason="excessive time being spent in gc" timestamp="2019-08-11T06:20:50.996" />
<gc-end id="1702" type="partial gc" contextid="1696" durationms="13.053" usertimems="39.981" systemtimems="0.000" timestamp="2019-08-11T06:20:50.996" activeThreads="16">
  <mem-info id="1703" free="41943040" total="83886080" percent="50">
    <mem type="eden" free="2094952" total="2097152" percent="99" />
    <remembered-set count="45344" freebytes="3172224" totalbytes="3353600" percent="94" regionsoverflowed="0" regionsstable="0" regionsrebuilding="8"/>
  </mem-info>
</gc-end>
<cycle-end id="1704" type="partial gc" contextid="1696" timestamp="2019-08-11T06:20:50.996" />
  <attribute name="elasticGC enabled" value="1" />
  <attribute name= "numThreadsSpecified" value="16" />
  <attribute name="heapSize specified" value="0" />
  <attribute name="Current GC Util" value="91" />
  <attribute name= "Current Time Running" value="162177" />
  <attribute name ="GC Interval" value="0" />
  <attribute name="ProportionalT" value="5.500000" />
  <attribute name="ProportionalI" value="5.500000" />
  <attribute name="ProportionalH" value="5.500000" />
  <attribute name="Current Error" value="11.000000" />
  <attribute name="IntegralT" value="5.500000" />
  <attribute name="IntegralI" value="5.500000" />
  <attribute name="IntegralH" value="5.500000" />
  <attribute name="DerivativeT" value="11.000000" />
  <attribute name="DerivativeI" value="11.000000" />
  <attribute name="DerivativeH" value="11.000000" />
  <attribute name="Loop Time for DT" value="1.000000" />
  <attribute name="Output H" value="8388608"/>
  <attribute name="Output I" value="200"/>
  <attribute name="Output T" value="16"/>
  <attribute name="Target GC Util Change" value ="80.000000" />
  <attribute name="Current GC Util Change" value="91.000000"/>
  <attribute name="GC Util currently" value="91" />
  <attribute name="CPU Util currently" value="1065304441803" />
<exclusive-end id="1705" timestamp="2019-08-11T06:20:50.996" durationms="13.822" />

<exclusive-start id="1706" timestamp="2019-08-11T06:20:51.123" intervalms="140.725">
  <response-info timems="0.082" idlems="0.082" threads="0" lastid="0000000001E02F00" lastname="main" />
</exclusive-start>
<allocation-taxation id="1707" taxation-threshold="12582912" timestamp="2019-08-11T06:20:51.123" intervalms="140.670" />
<gc-start id="1708" type="global mark phase" contextid="1685" timestamp="2019-08-11T06:20:51.123">
  <mem-info id="1709" free="29360128" total="83886080" percent="35">
    <remembered-set count="44896" freebytes="3174016" totalbytes="3353600" percent="94" regionsoverflowed="0" regionsstable="0" regionsrebuilding="8"/>
  </mem-info>
</gc-start>
<gc-end id="1710" type="global mark phase" contextid="1685" durationms="0.068" usertimems="0.064" systemtimems="0.000" timestamp="2019-08-11T06:20:51.124" activeThreads="16">
  <mem-info id="1711" free="29360128" total="83886080" percent="35">
    <remembered-set count="44896" freebytes="3174016" totalbytes="3353600" percent="94" regionsoverflowed="0" regionsstable="0" regionsrebuilding="8"/>
  </mem-info>
</gc-end>
<concurrent-start id="1712" type="GMP work packet processing" contextid="1685" timestamp="2019-08-11T06:20:51.124">
  <concurrent-mark-start scanTarget="7173676" />
</concurrent-start>
<exclusive-end id="1713" timestamp="2019-08-11T06:20:51.124" durationms="0.783" />

<concurrent-end id="1714" type="GMP work packet processing" contextid="1685" timestamp="2019-08-11T06:20:51.130">
  <concurrent-mark-end bytesScanned="7278560" reasonForTermination="Work target met" />
</concurrent-end>

<exclusive-start id="1715" timestamp="2019-08-11T06:20:51.303" intervalms="179.249">
  <response-info timems="0.090" idlems="0.090" threads="0" lastid="0000000001E02F00" lastname="main" />
</exclusive-start>
<allocation-taxation id="1716" taxation-threshold="12582912" timestamp="2019-08-11T06:20:51.303" intervalms="179.250" />
<cycle-start id="1717" type="partial gc" contextid="0" timestamp="2019-08-11T06:20:51.303" intervalms="319.920" />
<gc-start id="1718" type="partial gc" contextid="1717" timestamp="2019-08-11T06:20:51.303">
  <mem-info id="1719" free="16777216" total="83886080" percent="20">
    <mem type="eden" free="0" total="25165824" percent="0" />
    <remembered-set count="99744" freebytes="2954624" totalbytes="3353600" percent="88" regionsoverflowed="0" regionsstable="0" regionsrebuilding="8"/>
  </mem-info>
</gc-start>
<allocation-stats totalBytes="25159320" >
  <allocated-bytes non-tlh="0" tlh="25159320" arrayletleaf="0"/>
  <largest-consumer threadName="main" threadId="0000000001E02F00" bytes="12578984" />
</allocation-stats>
<gc-op id="1720" type="copy forward" timems="22.863" contextid="1717" timestamp="2019-08-11T06:20:51.332">
  <memory-copied type="eden" objects="22" bytes="728" bytesdiscarded="0" />
  <memory-copied type="other" objects="38135" bytes="841024" bytesdiscarded="61592" />
  <memory-cardclean objects="7863" bytes="373120" />
  <regions eden="12" other="3" />
  <remembered-set-cleared processed="93037" cleared="6964" durationms="0.743" />
  <references type="weak" candidates="26" cleared="0" enqueued="0" />
  <stringconstants candidates="13748" cleared="0"  />
</gc-op>
<gc-op id="1721" type="classunload" timems="0.011" contextid="1717" timestamp="2019-08-11T06:20:51.332">
  <classunload-info classloadercandidates="54" classloadersunloaded="0" classesunloaded="0" anonymousclassesunloaded="0" quiescems="0.000" setupms="0.011" scanms="0.000" postms="0.000" />
</gc-op>
<gc-end id="1722" type="partial gc" contextid="1717" durationms="29.049" usertimems="83.356" systemtimems="0.000" timestamp="2019-08-11T06:20:51.332" activeThreads="16">
  <mem-info id="1723" free="41943040" total="83886080" percent="50">
    <mem type="eden" free="2096424" total="2097152" percent="99" />
    <remembered-set count="97056" freebytes="2965376" totalbytes="3353600" percent="88" regionsoverflowed="0" regionsstable="0" regionsrebuilding="8"/>
  </mem-info>
</gc-end>
<cycle-end id="1724" type="partial gc" contextid="1717" timestamp="2019-08-11T06:20:51.332" />
  <attribute name="elasticGC enabled" value="1" />
  <attribute name= "numThreadsSpecified" value="16" />
  <attribute name="heapSize specified" value="0" />
  <attribute name="Current GC Util" value="102" />
  <attribute name= "Current Time Running" value="162502" />
  <attribute name ="GC Interval" value="0" />
  <attribute name="ProportionalT" value="11.000000" />
  <attribute name="ProportionalI" value="11.000000" />
  <attribute name="ProportionalH" value="11.000000" />
  <attribute name="Current Error" value="22.000000" />
  <attribute name="IntegralT" value="66.000000" />
  <attribute name="IntegralI" value="66.000000" />
  <attribute name="IntegralH" value="66.000000" />
  <attribute name="DerivativeT" value="3.666667" />
  <attribute name="DerivativeI" value="3.666667" />
  <attribute name="DerivativeH" value="3.666667" />
  <attribute name="Loop Time for DT" value="6.000000" />
  <attribute name="Output H" value="8388608"/>
  <attribute name="Output I" value="200"/>
  <attribute name="Output T" value="16"/>
  <attribute name="Target GC Util Change" value ="80.000000" />
  <attribute name="Current GC Util Change" value="102.000000"/>
  <attribute name="GC Util currently" value="102" />
  <attribute name="CPU Util currently" value="201309011651" />
<exclusive-end id="1725" timestamp="2019-08-11T06:20:51.332" durationms="29.922" />

<exclusive-start id="1726" timestamp="2019-08-11T06:20:51.484" intervalms="181.099">
  <response-info timems="0.093" idlems="0.093" threads="0" lastid="0000000001E02F00" lastname="main" />
</exclusive-start>
<allocation-taxation id="1727" taxation-threshold="12582912" timestamp="2019-08-11T06:20:51.484" intervalms="181.090" />
<gc-start id="1728" type="global mark phase" contextid="1685" timestamp="2019-08-11T06:20:51.484">
  <mem-info id="1729" free="29360128" total="83886080" percent="35">
    <remembered-set count="96704" freebytes="2966784" totalbytes="3353600" percent="88" regionsoverflowed="0" regionsstable="0" regionsrebuilding="8"/>
  </mem-info>
</gc-start>
<gc-end id="1730" type="global mark phase" contextid="1685" durationms="0.022" usertimems="0.018" systemtimems="0.000" timestamp="2019-08-11T06:20:51.484" activeThreads="16">
  <mem-info id="1731" free="29360128" total="83886080" percent="35">
    <remembered-set count="96704" freebytes="2966784" totalbytes="3353600" percent="88" regionsoverflowed="0" regionsstable="0" regionsrebuilding="8"/>
  </mem-info>
</gc-end>
<concurrent-start id="1732" type="GMP work packet processing" contextid="1685" timestamp="2019-08-11T06:20:51.484">
  <concurrent-mark-start scanTarget="7173676" />
</concurrent-start>
<exclusive-end id="1733" timestamp="2019-08-11T06:20:51.484" durationms="0.580" />

<concurrent-end id="1734" type="GMP work packet processing" contextid="1685" timestamp="2019-08-11T06:20:51.486">
  <concurrent-mark-end bytesScanned="417568" reasonForTermination="Completed all work in GC phase" />
</concurrent-end>

<exclusive-start id="1735" timestamp="2019-08-11T06:20:51.618" intervalms="134.039">
  <response-info timems="0.061" idlems="0.061" threads="0" lastid="0000000001E02F00" lastname="main" />
</exclusive-start>
<allocation-taxation id="1736" taxation-threshold="12582912" timestamp="2019-08-11T06:20:51.618" intervalms="134.158" />
<cycle-start id="1737" type="partial gc" contextid="0" timestamp="2019-08-11T06:20:51.618" intervalms="315.233" />
<gc-start id="1738" type="partial gc" contextid="1737" timestamp="2019-08-11T06:20:51.618">
  <mem-info id="1739" free="16777216" total="83886080" percent="20">
    <mem type="eden" free="0" total="25165824" percent="0" />
    <remembered-set count="101440" freebytes="2947840" totalbytes="3353600" percent="87" regionsoverflowed="0" regionsstable="0" regionsrebuilding="8"/>
  </mem-info>
</gc-start>
<allocation-stats totalBytes="25156104" >
  <allocated-bytes non-tlh="0" tlh="25156104" arrayletleaf="0"/>
  <largest-consumer threadName="main" threadId="0000000001E02F00" bytes="12577920" />
</allocation-stats>
<gc-op id="1740" type="copy forward" timems="14.062" contextid="1737" timestamp="2019-08-11T06:20:51.634">
  <memory-copied type="eden" objects="1" bytes="24" bytesdiscarded="0" />
  <memory-copied type="other" objects="19" bytes="608" bytesdiscarded="0" />
  <memory-cardclean objects="43" bytes="2024" />
  <regions eden="12" other="1" />
  <remembered-set-cleared processed="94378" cleared="17" durationms="0.539" />
  <stringconstants candidates="13748" cleared="0"  />
</gc-op>
<gc-op id="1741" type="classunload" timems="0.018" contextid="1737" timestamp="2019-08-11T06:20:51.634">
  <classunload-info classloadercandidates="54" classloadersunloaded="0" classesunloaded="0" anonymousclassesunloaded="0" quiescems="0.000" setupms="0.018" scanms="0.000" postms="0.000" />
</gc-op>
<gc-end id="1742" type="partial gc" contextid="1737" durationms="16.318" usertimems="41.676" systemtimems="0.000" timestamp="2019-08-11T06:20:51.635" activeThreads="16">
  <mem-info id="1743" free="39845888" total="83886080" percent="47">
    <mem type="eden" free="2097128" total="2097152" percent="99" />
    <remembered-set count="98368" freebytes="2960128" totalbytes="3353600" percent="88" regionsoverflowed="0" regionsstable="0" regionsrebuilding="8"/>
  </mem-info>
</gc-end>
<cycle-end id="1744" type="partial gc" contextid="1737" timestamp="2019-08-11T06:20:51.635" />
  <attribute name="elasticGC enabled" value="1" />
  <attribute name= "numThreadsSpecified" value="16" />
  <attribute name="heapSize specified" value="0" />
  <attribute name="Current GC Util" value="260" />
  <attribute name= "Current Time Running" value="162813" />
  <attribute name ="GC Interval" value="0" />
  <attribute name="ProportionalT" value="90.000000" />
  <attribute name="ProportionalI" value="90.000000" />
  <attribute name="ProportionalH" value="90.000000" />
  <attribute name="Current Error" value="180.000000" />
  <attribute name="IntegralT" value="180.000000" />
  <attribute name="IntegralI" value="180.000000" />
  <attribute name="IntegralH" value="180.000000" />
  <attribute name="DerivativeT" value="90.000000" />
  <attribute name="DerivativeI" value="90.000000" />
  <attribute name="DerivativeH" value="90.000000" />
  <attribute name="Loop Time for DT" value="2.000000" />
  <attribute name="Output H" value="8388608"/>
  <attribute name="Output I" value="360"/>
  <attribute name="Output T" value="16"/>
  <attribute name="Target GC Util Change" value ="80.000000" />
  <attribute name="Current GC Util Change" value="260.000000"/>
  <attribute name="GC Util currently" value="260" />
  <attribute name="CPU Util currently" value="652865965549" />
<exclusive-end id="1745" timestamp="2019-08-11T06:20:51.635" durationms="17.427" />

<exclusive-start id="1746" timestamp="2019-08-11T06:20:51.747" intervalms="128.945">
  <response-info timems="0.094" idlems="0.094" threads="0" lastid="0000000001E02F00" lastname="main" />
</exclusive-start>
<allocation-taxation id="1747" taxation-threshold="12582912" timestamp="2019-08-11T06:20:51.747" intervalms="128.845" />
<gc-start id="1748" type="global mark phase" contextid="1685" timestamp="2019-08-11T06:20:51.747">
  <mem-info id="1749" free="27262976" total="83886080" percent="32">
    <remembered-set count="97888" freebytes="2962048" totalbytes="3353600" percent="88" regionsoverflowed="0" regionsstable="0" regionsrebuilding="8"/>
  </mem-info>
</gc-start>
<gc-op id="1750" type="mark increment" timems="10.066" contextid="1685" timestamp="2019-08-11T06:20:51.757">
  <trace-info objectcount="38" scancount="38" scanbytes="115784" />
  <cardclean-info objects="9567" bytes="291892" />
  <finalization candidates="80" enqueued="0" />
  <ownableSynchronizers candidates="21" cleared="0" />
  <references type="soft" candidates="4549" cleared="1041" enqueued="1030" dynamicThreshold="15" maxThreshold="32" />
  <references type="weak" candidates="5606" cleared="0" enqueued="0" />
  <references type="phantom" candidates="97" cleared="0" enqueued="0" />
  <stringconstants candidates="13748" cleared="6"  />
</gc-op>
<gc-op id="1751" type="classunload" timems="0.431" contextid="1685" timestamp="2019-08-11T06:20:51.758">
  <classunload-info classloadercandidates="54" classloadersunloaded="1" classesunloaded="1" anonymousclassesunloaded="0" quiescems="0.000" setupms="0.413" scanms="0.013" postms="0.004" />
</gc-op>
<gc-end id="1752" type="global mark phase" contextid="1685" durationms="10.924" usertimems="19.433" systemtimems="0.000" timestamp="2019-08-11T06:20:51.758" activeThreads="16">
  <mem-info id="1753" free="27262976" total="83886080" percent="32">
    <pending-finalizers system="0" default="0" reference="1030" classloader="0" />
    <remembered-set count="104032" freebytes="2937472" totalbytes="3353600" percent="87" regionsoverflowed="0" regionsstable="0" regionsrebuilding="0"/>
  </mem-info>
</gc-end>
<cycle-end id="1754" type="global mark phase" contextid="1685" timestamp="2019-08-11T06:20:51.758" />
  <attribute name="elasticGC enabled" value="1" />
  <attribute name= "numThreadsSpecified" value="16" />
  <attribute name="heapSize specified" value="0" />
  <attribute name="Current GC Util" value="84" />
  <attribute name= "Current Time Running" value="162943" />
  <attribute name ="GC Interval" value="0" />
  <attribute name="ProportionalT" value="2.000000" />
  <attribute name="ProportionalI" value="2.000000" />
  <attribute name="ProportionalH" value="2.000000" />
  <attribute name="Current Error" value="4.000000" />
  <attribute name="IntegralT" value="4.000000" />
  <attribute name="IntegralI" value="4.000000" />
  <attribute name="IntegralH" value="4.000000" />
  <attribute name="DerivativeT" value="-65.500000" />
  <attribute name="DerivativeI" value="-65.500000" />
  <attribute name="DerivativeH" value="-65.500000" />
  <attribute name="Loop Time for DT" value="2.000000" />
  <attribute name="Output H" value="4202627072"/>
  <attribute name="Output I" value="200"/>
  <attribute name="Output T" value="16"/>
  <attribute name="Target GC Util Change" value ="80.000000" />
  <attribute name="Current GC Util Change" value="84.000000"/>
  <attribute name="GC Util currently" value="84" />
  <attribute name="CPU Util currently" value="562656245402" />
<exclusive-end id="1755" timestamp="2019-08-11T06:20:51.758" durationms="11.626" />

<exclusive-start id="1756" timestamp="2019-08-11T06:20:51.956" intervalms="209.632">
  <response-info timems="0.089" idlems="0.089" threads="0" lastid="0000000001E02F00" lastname="main" />
</exclusive-start>
<allocation-taxation id="1757" taxation-threshold="12582912" timestamp="2019-08-11T06:20:51.956" intervalms="209.613" />
<cycle-start id="1758" type="partial gc" contextid="0" timestamp="2019-08-11T06:20:51.956" intervalms="338.457" />
<gc-start id="1759" type="partial gc" contextid="1758" timestamp="2019-08-11T06:20:51.957">
  <mem-info id="1760" free="14680064" total="83886080" percent="17">
    <mem type="eden" free="2097128" total="27262976" percent="7" />
    <remembered-set count="6304" freebytes="3328384" totalbytes="3353600" percent="99" regionsoverflowed="0" regionsstable="8" regionsrebuilding="0"/>
  </mem-info>
</gc-start>
<allocation-stats totalBytes="25158440" >
  <allocated-bytes non-tlh="0" tlh="25158440" arrayletleaf="0"/>
  <largest-consumer threadName="main" threadId="0000000001E02F00" bytes="12540344" />
</allocation-stats>
<gc-op id="1761" type="sweep" timems="5.709" contextid="1758" timestamp="2019-08-11T06:20:51.963" />
<gc-op id="1762" type="copy forward" timems="23.608" contextid="1758" timestamp="2019-08-11T06:20:51.988">
  <memory-copied type="eden" objects="4" bytes="4112" bytesdiscarded="0" />
  <memory-copied type="other" objects="33" bytes="992" bytesdiscarded="113512" />
  <memory-cardclean objects="1316" bytes="55088" />
  <regions eden="6" other="2" />
  <remembered-set-cleared processed="1237" cleared="18" durationms="0.780" />
  <references type="weak" candidates="2" cleared="0" enqueued="0" />
  <stringconstants candidates="13742" cleared="0"  />
</gc-op>
<gc-op id="1763" type="classunload" timems="0.009" contextid="1758" timestamp="2019-08-11T06:20:51.988">
  <classunload-info classloadercandidates="53" classloadersunloaded="0" classesunloaded="0" anonymousclassesunloaded="0" quiescems="0.000" setupms="0.009" scanms="0.000" postms="0.000" />
</gc-op>
<gc-end id="1764" type="partial gc" contextid="1758" durationms="31.876" usertimems="84.933" systemtimems="0.000" timestamp="2019-08-11T06:20:51.989" activeThreads="16">
  <mem-info id="1765" free="39845888" total="83886080" percent="47">
    <mem type="eden" free="2091688" total="2097152" percent="99" />
    <remembered-set count="4256" freebytes="3336576" totalbytes="3353600" percent="99" regionsoverflowed="0" regionsstable="8" regionsrebuilding="0"/>
  </mem-info>
</gc-end>
<cycle-end id="1766" type="partial gc" contextid="1758" timestamp="2019-08-11T06:20:51.989" />
  <attribute name="elasticGC enabled" value="1" />
  <attribute name= "numThreadsSpecified" value="16" />
  <attribute name="heapSize specified" value="0" />
  <attribute name="Current GC Util" value="83" />
  <attribute name= "Current Time Running" value="163157" />
  <attribute name ="GC Interval" value="0" />
  <attribute name="ProportionalT" value="1.500000" />
  <attribute name="ProportionalI" value="1.500000" />
  <attribute name="ProportionalH" value="1.500000" />
  <attribute name="Current Error" value="3.000000" />
  <attribute name="IntegralT" value="1.500000" />
  <attribute name="IntegralI" value="1.500000" />
  <attribute name="IntegralH" value="1.500000" />
  <attribute name="DerivativeT" value="-60.000000" />
  <attribute name="DerivativeI" value="-60.000000" />
  <attribute name="DerivativeH" value="-60.000000" />
  <attribute name="Loop Time for DT" value="1.000000" />
  <attribute name="Output H" value="4202627072"/>
  <attribute name="Output I" value="200"/>
  <attribute name="Output T" value="16"/>
  <attribute name="Target GC Util Change" value ="80.000000" />
  <attribute name="Current GC Util Change" value="83.000000"/>
  <attribute name="GC Util currently" value="83" />
  <attribute name="CPU Util currently" value="860210695117" />
<exclusive-end id="1767" timestamp="2019-08-11T06:20:51.989" durationms="32.612" />

<exclusive-start id="1768" timestamp="2019-08-11T06:20:52.102" intervalms="146.122">
  <response-info timems="0.055" idlems="0.055" threads="0" lastid="0000000001E02F00" lastname="main" />
</exclusive-start>
<allocation-taxation id="1769" taxation-threshold="27262976" timestamp="2019-08-11T06:20:52.102" intervalms="146.123" />
<cycle-start id="1770" type="partial gc" contextid="0" timestamp="2019-08-11T06:20:52.103" intervalms="146.437" />
<gc-start id="1771" type="partial gc" contextid="1770" timestamp="2019-08-11T06:20:52.103">
  <mem-info id="1772" free="12582912" total="83886080" percent="15">
    <mem type="eden" free="0" total="27262976" percent="0" />
    <remembered-set count="3776" freebytes="3338496" totalbytes="3353600" percent="99" regionsoverflowed="0" regionsstable="8" regionsrebuilding="0"/>
  </mem-info>
</gc-start>
<allocation-stats totalBytes="27260472" >
  <allocated-bytes non-tlh="0" tlh="27260472" arrayletleaf="0"/>
  <largest-consumer threadName="main" threadId="0000000001E02F00" bytes="27260472" />
</allocation-stats>
<gc-op id="1773" type="copy forward" timems="16.358" contextid="1770" timestamp="2019-08-11T06:20:52.121">
  <memory-copied type="eden" objects="28" bytes="864" bytesdiscarded="0" />
  <memory-copied type="other" objects="38135" bytes="845056" bytesdiscarded="28280" />
  <memory-cardclean objects="7846" bytes="372576" />
  <regions eden="13" other="2" />
  <remembered-set-cleared processed="701" cleared="300" durationms="0.110" />
  <references type="weak" candidates="26" cleared="0" enqueued="0" />
  <stringconstants candidates="13742" cleared="0"  />
</gc-op>
<gc-op id="1774" type="classunload" timems="0.012" contextid="1770" timestamp="2019-08-11T06:20:52.121">
  <classunload-info classloadercandidates="53" classloadersunloaded="0" classesunloaded="0" anonymousclassesunloaded="0" quiescems="0.000" setupms="0.012" scanms="0.000" postms="0.000" />
</gc-op>
<gc-end id="1775" type="partial gc" contextid="1770" durationms="17.640" usertimems="48.184" systemtimems="0.000" timestamp="2019-08-11T06:20:52.121" activeThreads="16">
  <mem-info id="1776" free="39845888" total="83886080" percent="47">
    <mem type="eden" free="2096288" total="2097152" percent="99" />
    <remembered-set count="6368" freebytes="3328128" totalbytes="3353600" percent="99" regionsoverflowed="0" regionsstable="8" regionsrebuilding="0"/>
  </mem-info>
</gc-end>
<cycle-end id="1777" type="partial gc" contextid="1770" timestamp="2019-08-11T06:20:52.121" />
  <attribute name="elasticGC enabled" value="1" />
  <attribute name= "numThreadsSpecified" value="16" />
  <attribute name="heapSize specified" value="0" />
  <attribute name="Current GC Util" value="142" />
  <attribute name= "Current Time Running" value="163297" />
  <attribute name ="GC Interval" value="0" />
  <attribute name="ProportionalT" value="31.000000" />
  <attribute name="ProportionalI" value="31.000000" />
  <attribute name="ProportionalH" value="31.000000" />
  <attribute name="Current Error" value="62.000000" />
  <attribute name="IntegralT" value="31.000000" />
  <attribute name="IntegralI" value="31.000000" />
  <attribute name="IntegralH" value="31.000000" />
  <attribute name="DerivativeT" value="62.000000" />
  <attribute name="DerivativeI" value="62.000000" />
  <attribute name="DerivativeH" value="62.000000" />
  <attribute name="Loop Time for DT" value="1.000000" />
  <attribute name="Output H" value="8388608"/>
  <attribute name="Output I" value="200"/>
  <attribute name="Output T" value="16"/>
  <attribute name="Target GC Util Change" value ="80.000000" />
  <attribute name="Current GC Util Change" value="142.000000"/>
  <attribute name="GC Util currently" value="142" />
  <attribute name="CPU Util currently" value="1770742318199" />
<exclusive-end id="1778" timestamp="2019-08-11T06:20:52.121" durationms="18.705" />

<exclusive-start id="1779" timestamp="2019-08-11T06:20:52.222" intervalms="120.096">
  <response-info timems="0.219" idlems="0.219" threads="0" lastid="0000000001E02F00" lastname="main" />
</exclusive-start>
<allocation-taxation id="1780" taxation-threshold="27262976" timestamp="2019-08-11T06:20:52.223" intervalms="120.091" />
<cycle-start id="1781" type="partial gc" contextid="0" timestamp="2019-08-11T06:20:52.223" intervalms="119.742" />
<gc-start id="1782" type="partial gc" contextid="1781" timestamp="2019-08-11T06:20:52.223">
  <mem-info id="1783" free="12582912" total="83886080" percent="15">
    <mem type="eden" free="0" total="27262976" percent="0" />
    <remembered-set count="6080" freebytes="3329280" totalbytes="3353600" percent="99" regionsoverflowed="0" regionsstable="8" regionsrebuilding="0"/>
  </mem-info>
</gc-start>
<allocation-stats totalBytes="27259216" >
  <allocated-bytes non-tlh="0" tlh="27259216" arrayletleaf="0"/>
  <largest-consumer threadName="main" threadId="0000000001E02F00" bytes="27259216" />
</allocation-stats>
<gc-op id="1784" type="copy forward" timems="10.718" contextid="1781" timestamp="2019-08-11T06:20:52.241">
  <memory-copied type="eden" objects="31" bytes="952" bytesdiscarded="0" />
  <memory-copied type="other" objects="7" bytes="160" bytesdiscarded="0" />
  <memory-cardclean objects="57" bytes="2536" />
  <regions eden="13" other="1" />
  <remembered-set-cleared processed="1239" cleared="6" durationms="0.102" />
  <stringconstants candidates="13742" cleared="0"  />
</gc-op>
<gc-op id="1785" type="classunload" timems="0.009" contextid="1781" timestamp="2019-08-11T06:20:52.241">
  <classunload-info classloadercandidates="53" classloadersunloaded="0" classesunloaded="0" anonymousclassesunloaded="0" quiescems="0.000" setupms="0.009" scanms="0.000" postms="0.000" />
</gc-op>
<heap-resize id="1786" type="expand" space="default" amount="14680064" count="1" timems="0.090" reason="excessive time being spent in gc" timestamp="2019-08-11T06:20:52.241" />
<gc-end id="1787" type="partial gc" contextid="1781" durationms="18.069" usertimems="43.443" systemtimems="0.000" timestamp="2019-08-11T06:20:52.241" activeThreads="16">
  <mem-info id="1788" free="52428800" total="98566144" percent="53">
    <mem type="eden" free="2096200" total="2097152" percent="99" />
    <remembered-set count="2816" freebytes="3929216" totalbytes="3940480" percent="99" regionsoverflowed="0" regionsstable="8" regionsrebuilding="0"/>
  </mem-info>
</gc-end>
<cycle-end id="1789" type="partial gc" contextid="1781" timestamp="2019-08-11T06:20:52.241" />
  <attribute name="elasticGC enabled" value="1" />
  <attribute name= "numThreadsSpecified" value="16" />
  <attribute name="heapSize specified" value="0" />
  <attribute name="Current GC Util" value="12" />
  <attribute name= "Current Time Running" value="163422" />
  <attribute name ="GC Interval" value="0" />
  <attribute name="ProportionalT" value="-34.000000" />
  <attribute name="ProportionalI" value="-34.000000" />
  <attribute name="ProportionalH" value="-34.000000" />
  <attribute name="Current Error" value="-68.000000" />
  <attribute name="IntegralT" value="-204.000000" />
  <attribute name="IntegralI" value="-204.000000" />
  <attribute name="IntegralH" value="-204.000000" />
  <attribute name="DerivativeT" value="-11.333333" />
  <attribute name="DerivativeI" value="-11.333333" />
  <attribute name="DerivativeH" value="-11.333333" />
  <attribute name="Loop Time for DT" value="6.000000" />
  <attribute name="Output H" value="4202627072"/>
  <attribute name="Output I" value="200"/>
  <attribute name="Output T" value="16"/>
  <attribute name="Target GC Util Change" value ="80.000000" />
  <attribute name="Current GC Util Change" value="12.000000"/>
  <attribute name="GC Util currently" value="12" />
  <attribute name="CPU Util currently" value="185772808664" />
<exclusive-end id="1790" timestamp="2019-08-11T06:20:52.241" durationms="18.624" />

<exclusive-start id="1791" timestamp="2019-08-11T06:20:52.337" intervalms="114.544">
  <response-info timems="0.045" idlems="0.045" threads="0" lastid="0000000001E02F00" lastname="main" />
</exclusive-start>
<allocation-taxation id="1792" taxation-threshold="31457280" timestamp="2019-08-11T06:20:52.337" intervalms="114.542" />
<cycle-start id="1793" type="partial gc" contextid="0" timestamp="2019-08-11T06:20:52.337" intervalms="114.562" />
<gc-start id="1794" type="partial gc" contextid="1793" timestamp="2019-08-11T06:20:52.337">
  <mem-info id="1795" free="20971520" total="98566144" percent="21">
    <mem type="eden" free="0" total="31457280" percent="0" />
    <remembered-set count="2400" freebytes="3930880" totalbytes="3940480" percent="99" regionsoverflowed="0" regionsstable="8" regionsrebuilding="0"/>
  </mem-info>
</gc-start>
<allocation-stats totalBytes="31453528" >
  <allocated-bytes non-tlh="0" tlh="31453528" arrayletleaf="0"/>
  <largest-consumer threadName="main" threadId="0000000001E02F00" bytes="31453528" />
</allocation-stats>
<gc-op id="1796" type="copy forward" timems="16.746" contextid="1793" timestamp="2019-08-11T06:20:52.358">
  <memory-copied type="eden" objects="7" bytes="160" bytesdiscarded="0" />
  <memory-copied type="other" objects="31" bytes="928" bytesdiscarded="0" />
  <memory-cardclean objects="69" bytes="3272" />
  <regions eden="15" other="2" />
  <remembered-set-cleared processed="1238" cleared="14" durationms="0.282" />
  <stringconstants candidates="13742" cleared="0"  />
</gc-op>
<gc-op id="1797" type="classunload" timems="0.010" contextid="1793" timestamp="2019-08-11T06:20:52.358">
  <classunload-info classloadercandidates="53" classloadersunloaded="0" classesunloaded="0" anonymousclassesunloaded="0" quiescems="0.000" setupms="0.010" scanms="0.000" postms="0.000" />
</gc-op>
<heap-resize id="1798" type="expand" space="default" amount="16777216" count="1" timems="0.079" reason="excessive time being spent in gc" timestamp="2019-08-11T06:20:52.359" />
<gc-end id="1799" type="partial gc" contextid="1793" durationms="21.132" usertimems="50.147" systemtimems="0.000" timestamp="2019-08-11T06:20:52.359" activeThreads="16">
  <mem-info id="1800" free="67108864" total="115343360" percent="58">
    <mem type="eden" free="2096992" total="2097152" percent="99" />
    <remembered-set count="2560" freebytes="4600960" totalbytes="4611200" percent="99" regionsoverflowed="0" regionsstable="8" regionsrebuilding="0"/>
  </mem-info>
</gc-end>
<cycle-end id="1801" type="partial gc" contextid="1793" timestamp="2019-08-11T06:20:52.359" />
  <attribute name="elasticGC enabled" value="1" />
  <attribute name= "numThreadsSpecified" value="16" />
  <attribute name="heapSize specified" value="0" />
  <attribute name="Current GC Util" value="258" />
  <attribute name= "Current Time Running" value="163534" />
  <attribute name ="GC Interval" value="0" />
  <attribute name="ProportionalT" value="89.000000" />
  <attribute name="ProportionalI" value="89.000000" />
  <attribute name="ProportionalH" value="89.000000" />
  <attribute name="Current Error" value="178.000000" />
  <attribute name="IntegralT" value="356.000000" />
  <attribute name="IntegralI" value="356.000000" />
  <attribute name="IntegralH" value="356.000000" />
  <attribute name="DerivativeT" value="44.500000" />
  <attribute name="DerivativeI" value="44.500000" />
  <attribute name="DerivativeH" value="44.500000" />
  <attribute name="Loop Time for DT" value="4.000000" />
  <attribute name="Output H" value="8388608"/>
  <attribute name="Output I" value="496"/>
  <attribute name="Output T" value="16"/>
  <attribute name="Target GC Util Change" value ="80.000000" />
  <attribute name="Current GC Util Change" value="258.000000"/>
  <attribute name="GC Util currently" value="258" />
  <attribute name="CPU Util currently" value="302870283997" />
<exclusive-end id="1802" timestamp="2019-08-11T06:20:52.359" durationms="21.762" />

<exclusive-start id="1803" timestamp="2019-08-11T06:20:52.579" intervalms="242.446">
  <response-info timems="0.046" idlems="0.046" threads="0" lastid="0000000001E02F00" lastname="main" />
</exclusive-start>
<allocation-taxation id="1804" taxation-threshold="35651584" timestamp="2019-08-11T06:20:52.580" intervalms="242.454" />
<cycle-start id="1805" type="partial gc" contextid="0" timestamp="2019-08-11T06:20:52.580" intervalms="242.558" />
<gc-start id="1806" type="partial gc" contextid="1805" timestamp="2019-08-11T06:20:52.580">
  <mem-info id="1807" free="31457280" total="115343360" percent="27">
    <mem type="eden" free="2096992" total="37748736" percent="5" />
    <remembered-set count="2336" freebytes="4601856" totalbytes="4611200" percent="99" regionsoverflowed="0" regionsstable="8" regionsrebuilding="0"/>
  </mem-info>
</gc-start>
<allocation-stats totalBytes="35649360" >
  <allocated-bytes non-tlh="0" tlh="35649360" arrayletleaf="0"/>
  <largest-consumer threadName="main" threadId="0000000001E02F00" bytes="35649360" />
</allocation-stats>
<gc-op id="1808" type="copy forward" timems="7.652" contextid="1805" timestamp="2019-08-11T06:20:52.589">
  <memory-copied type="eden" objects="24" bytes="752" bytesdiscarded="720" />
  <memory-copied type="other" objects="14" bytes="320" bytesdiscarded="0" />
  <memory-cardclean objects="120" bytes="5128" />
  <regions eden="17" other="2" />
  <remembered-set-cleared processed="1241" cleared="18" durationms="0.526" />
  <stringconstants candidates="13742" cleared="0"  />
</gc-op>
<gc-op id="1809" type="classunload" timems="0.008" contextid="1805" timestamp="2019-08-11T06:20:52.589">
  <classunload-info classloadercandidates="53" classloadersunloaded="0" classesunloaded="0" anonymousclassesunloaded="0" quiescems="0.000" setupms="0.008" scanms="0.000" postms="0.000" />
</gc-op>
<gc-end id="1810" type="partial gc" contextid="1805" durationms="8.807" usertimems="16.919" systemtimems="0.000" timestamp="2019-08-11T06:20:52.589" activeThreads="16">
  <mem-info id="1811" free="67108864" total="115343360" percent="58">
    <mem type="eden" free="2095680" total="2097152" percent="99" />
    <remembered-set count="3680" freebytes="4596480" totalbytes="4611200" percent="99" regionsoverflowed="0" regionsstable="8" regionsrebuilding="0"/>
  </mem-info>
</gc-end>
<cycle-end id="1812" type="partial gc" contextid="1805" timestamp="2019-08-11T06:20:52.589" />
  <attribute name="elasticGC enabled" value="1" />
  <attribute name= "numThreadsSpecified" value="16" />
  <attribute name="heapSize specified" value="0" />
  <attribute name="Current GC Util" value="144" />
  <attribute name= "Current Time Running" value="163774" />
  <attribute name ="GC Interval" value="0" />
  <attribute name="ProportionalT" value="32.000000" />
  <attribute name="ProportionalI" value="32.000000" />
  <attribute name="ProportionalH" value="32.000000" />
  <attribute name="Current Error" value="64.000000" />
  <attribute name="IntegralT" value="32.000000" />
  <attribute name="IntegralI" value="32.000000" />
  <attribute name="IntegralH" value="32.000000" />
  <attribute name="DerivativeT" value="64.000000" />
  <attribute name="DerivativeI" value="64.000000" />
  <attribute name="DerivativeH" value="64.000000" />
  <attribute name="Loop Time for DT" value="1.000000" />
  <attribute name="Output H" value="8388608"/>
  <attribute name="Output I" value="200"/>
  <attribute name="Output T" value="16"/>
  <attribute name="Target GC Util Change" value ="80.000000" />
  <attribute name="Current GC Util Change" value="144.000000"/>
  <attribute name="GC Util currently" value="144" />
  <attribute name="CPU Util currently" value="1936127731146" />
<exclusive-end id="1813" timestamp="2019-08-11T06:20:52.589" durationms="9.757" />

<exclusive-start id="1814" timestamp="2019-08-11T06:20:53.603" intervalms="1023.185">
  <response-info timems="0.134" idlems="0.134" threads="0" lastid="0000000001E02F00" lastname="main" />
</exclusive-start>
<allocation-taxation id="1815" taxation-threshold="35651584" timestamp="2019-08-11T06:20:53.603" intervalms="1023.180" />
<cycle-start id="1816" type="partial gc" contextid="0" timestamp="2019-08-11T06:20:53.603" intervalms="1023.273" />
<gc-start id="1817" type="partial gc" contextid="1816" timestamp="2019-08-11T06:20:53.603">
  <mem-info id="1818" free="31457280" total="115343360" percent="27">
    <mem type="eden" free="0" total="35651584" percent="0" />
    <remembered-set count="3200" freebytes="4598400" totalbytes="4611200" percent="99" regionsoverflowed="0" regionsstable="8" regionsrebuilding="0"/>
  </mem-info>
</gc-start>
<allocation-stats totalBytes="35649400" >
  <allocated-bytes non-tlh="0" tlh="35649400" arrayletleaf="0"/>
  <largest-consumer threadName="main" threadId="0000000001E02F00" bytes="35649400" />
</allocation-stats>
<gc-op id="1819" type="copy forward" timems="8.718" contextid="1816" timestamp="2019-08-11T06:20:53.618">
  <memory-copied type="eden" objects="27" bytes="784" bytesdiscarded="0" />
  <memory-copied type="other" objects="15" bytes="344" bytesdiscarded="696" />
  <memory-cardclean objects="88" bytes="3640" />
  <regions eden="17" other="2" />
  <remembered-set-cleared processed="1238" cleared="12" durationms="0.638" />
  <stringconstants candidates="13742" cleared="0"  />
</gc-op>
<gc-op id="1820" type="classunload" timems="0.011" contextid="1816" timestamp="2019-08-11T06:20:53.618">
  <classunload-info classloadercandidates="53" classloadersunloaded="0" classesunloaded="0" anonymousclassesunloaded="0" quiescems="0.000" setupms="0.011" scanms="0.000" postms="0.000" />
</gc-op>
<gc-end id="1821" type="partial gc" contextid="1816" durationms="14.899" usertimems="48.046" systemtimems="0.000" timestamp="2019-08-11T06:20:53.618" activeThreads="16">
  <mem-info id="1822" free="65011712" total="115343360" percent="56">
    <mem type="eden" free="2096368" total="2097152" percent="99" />
    <remembered-set count="3232" freebytes="4598272" totalbytes="4611200" percent="99" regionsoverflowed="0" regionsstable="8" regionsrebuilding="0"/>
  </mem-info>
</gc-end>
<cycle-end id="1823" type="partial gc" contextid="1816" timestamp="2019-08-11T06:20:53.618" />
  <attribute name="elasticGC enabled" value="1" />
  <attribute name= "numThreadsSpecified" value="16" />
  <attribute name="heapSize specified" value="0" />
  <attribute name="Current GC Util" value="21" />
  <attribute name= "Current Time Running" value="164802" />
  <attribute name ="GC Interval" value="0" />
  <attribute name="ProportionalT" value="-29.500000" />
  <attribute name="ProportionalI" value="-29.500000" />
  <attribute name="ProportionalH" value="-29.500000" />
  <attribute name="Current Error" value="-59.000000" />
  <attribute name="IntegralT" value="-147.500000" />
  <attribute name="IntegralI" value="-147.500000" />
  <attribute name="IntegralH" value="-147.500000" />
  <attribute name="DerivativeT" value="-11.800000" />
  <attribute name="DerivativeI" value="-11.800000" />
  <attribute name="DerivativeH" value="-11.800000" />
  <attribute name="Loop Time for DT" value="5.000000" />
  <attribute name="Output H" value="4202627072"/>
  <attribute name="Output I" value="200"/>
  <attribute name="Output T" value="16"/>
  <attribute name="Target GC Util Change" value ="80.000000" />
  <attribute name="Current GC Util Change" value="21.000000"/>
  <attribute name="GC Util currently" value="21" />
  <attribute name="CPU Util currently" value="221870806029" />
<exclusive-end id="1824" timestamp="2019-08-11T06:20:53.618" durationms="15.827" />

<exclusive-start id="1825" timestamp="2019-08-11T06:20:55.261" intervalms="1658.661">
  <response-info timems="0.058" idlems="0.058" threads="0" lastid="0000000001E02F00" lastname="main" />
</exclusive-start>
<allocation-taxation id="1826" taxation-threshold="35651584" timestamp="2019-08-11T06:20:55.261" intervalms="1658.664" />
<cycle-start id="1827" type="partial gc" contextid="0" timestamp="2019-08-11T06:20:55.261" intervalms="1658.478" />
<gc-start id="1828" type="partial gc" contextid="1827" timestamp="2019-08-11T06:20:55.262">
  <mem-info id="1829" free="29360128" total="115343360" percent="25">
    <mem type="eden" free="0" total="35651584" percent="0" />
    <remembered-set count="2752" freebytes="4600192" totalbytes="4611200" percent="99" regionsoverflowed="0" regionsstable="8" regionsrebuilding="0"/>
  </mem-info>
</gc-start>
<allocation-stats totalBytes="35649000" >
  <allocated-bytes non-tlh="0" tlh="35649000" arrayletleaf="0"/>
  <largest-consumer threadName="main" threadId="0000000001E02F00" bytes="35649000" />
</allocation-stats>
<gc-op id="1830" type="copy forward" timems="2.045" contextid="1827" timestamp="2019-08-11T06:20:55.265">
  <memory-copied type="eden" objects="47" bytes="1264" bytesdiscarded="0" />
  <memory-copied type="other" objects="22" bytes="528" bytesdiscarded="0" />
  <memory-cardclean objects="97" bytes="12544" />
  <regions eden="17" other="2" />
  <remembered-set-cleared processed="1241" cleared="11" durationms="0.204" />
  <references type="weak" candidates="2" cleared="0" enqueued="0" />
  <stringconstants candidates="13742" cleared="0"  />
</gc-op>
<gc-op id="1831" type="classunload" timems="0.010" contextid="1827" timestamp="2019-08-11T06:20:55.265">
  <classunload-info classloadercandidates="53" classloadersunloaded="0" classesunloaded="0" anonymousclassesunloaded="0" quiescems="0.000" setupms="0.010" scanms="0.000" postms="0.000" />
</gc-op>
<heap-resize id="1832" type="contract" space="default" amount="6291456" count="1" timems="0.375" reason="insufficient time being spent in gc" timestamp="2019-08-11T06:20:55.266" />
<gc-end id="1833" type="partial gc" contextid="1827" durationms="3.965" usertimems="8.395" systemtimems="0.000" timestamp="2019-08-11T06:20:55.266" activeThreads="1">
  <mem-info id="1834" free="56623104" total="109051904" percent="51">
    <mem type="eden" free="2095888" total="2097152" percent="99" />
    <remembered-set count="2944" freebytes="4599424" totalbytes="4611200" percent="99" regionsoverflowed="0" regionsstable="8" regionsrebuilding="0"/>
  </mem-info>
</gc-end>
<cycle-end id="1835" type="partial gc" contextid="1827" timestamp="2019-08-11T06:20:55.266" />
  <attribute name="elasticGC enabled" value="1" />
  <attribute name= "numThreadsSpecified" value="1" />
  <attribute name="heapSize specified" value="0" />
  <attribute name="Current GC Util" value="98" />
  <attribute name= "Current Time Running" value="166455" />
  <attribute name ="GC Interval" value="0" />
  <attribute name="ProportionalT" value="9.000000" />
  <attribute name="ProportionalI" value="9.000000" />
  <attribute name="ProportionalH" value="9.000000" />
  <attribute name="Current Error" value="18.000000" />
  <attribute name="IntegralT" value="0.000000" />
  <attribute name="IntegralI" value="0.000000" />
  <attribute name="IntegralH" value="0.000000" />
  <attribute name="DerivativeT" value="inf" />
  <attribute name="DerivativeI" value="inf" />
  <attribute name="DerivativeH" value="inf" />
  <attribute name="Loop Time for DT" value="0.000000" />
  <attribute name="Output H" value="8388608"/>
  <attribute name="Output I" value="200"/>
  <attribute name="Output T" value="1"/>
  <attribute name="Target GC Util Change" value ="80.000000" />
  <attribute name="Current GC Util Change" value="98.000000"/>
  <attribute name="GC Util currently" value="98" />
  <attribute name="CPU Util currently" value="1423163055041" />
<exclusive-end id="1836" timestamp="2019-08-11T06:20:55.267" durationms="5.230" />

<exclusive-start id="1837" timestamp="2019-08-11T06:20:55.441" intervalms="179.847">
  <response-info timems="0.174" idlems="0.174" threads="0" lastid="0000000001E02F00" lastname="main" />
</exclusive-start>
<allocation-taxation id="1838" taxation-threshold="33554432" timestamp="2019-08-11T06:20:55.441" intervalms="179.851" />
<cycle-start id="1839" type="partial gc" contextid="0" timestamp="2019-08-11T06:20:55.441" intervalms="179.892" />
<gc-start id="1840" type="partial gc" contextid="1839" timestamp="2019-08-11T06:20:55.442">
  <mem-info id="1841" free="23068672" total="109051904" percent="21">
    <mem type="eden" free="0" total="33554432" percent="0" />
    <remembered-set count="2624" freebytes="4600704" totalbytes="4611200" percent="99" regionsoverflowed="0" regionsstable="8" regionsrebuilding="0"/>
  </mem-info>
</gc-start>
<allocation-stats totalBytes="33551864" >
  <allocated-bytes non-tlh="0" tlh="33551864" arrayletleaf="0"/>
  <largest-consumer threadName="main" threadId="0000000001E02F00" bytes="33551864" />
</allocation-stats>
<gc-op id="1842" type="copy forward" timems="1.411" contextid="1839" timestamp="2019-08-11T06:20:55.444">
  <memory-copied type="eden" objects="30" bytes="896" bytesdiscarded="0" />
  <memory-copied type="other" objects="58" bytes="1344" bytesdiscarded="0" />
  <memory-cardclean objects="95" bytes="12312" />
  <regions eden="16" other="2" />
  <remembered-set-cleared processed="1243" cleared="13" durationms="0.176" />
  <references type="weak" candidates="2" cleared="0" enqueued="0" />
  <stringconstants candidates="13742" cleared="0"  />
</gc-op>
<gc-op id="1843" type="classunload" timems="0.005" contextid="1839" timestamp="2019-08-11T06:20:55.444">
  <classunload-info classloadercandidates="53" classloadersunloaded="0" classesunloaded="0" anonymousclassesunloaded="0" quiescems="0.000" setupms="0.005" scanms="0.000" postms="0.000" />
</gc-op>
<heap-resize id="1844" type="contract" space="default" amount="6291456" count="1" timems="0.341" reason="insufficient time being spent in gc" timestamp="2019-08-11T06:20:55.445" />
<gc-end id="1845" type="partial gc" contextid="1839" durationms="3.257" usertimems="11.168" systemtimems="0.000" timestamp="2019-08-11T06:20:55.445" activeThreads="1">
  <mem-info id="1846" free="48234496" total="102760448" percent="46">
    <mem type="eden" free="2096256" total="2097152" percent="99" />
    <remembered-set count="2784" freebytes="4348544" totalbytes="4359680" percent="99" regionsoverflowed="0" regionsstable="8" regionsrebuilding="0"/>
  </mem-info>
</gc-end>
<cycle-end id="1847" type="partial gc" contextid="1839" timestamp="2019-08-11T06:20:55.445" />
  <attribute name="elasticGC enabled" value="1" />
  <attribute name= "numThreadsSpecified" value="1" />
  <attribute name="heapSize specified" value="0" />
  <attribute name="Current GC Util" value="161" />
  <attribute name= "Current Time Running" value="166635" />
  <attribute name ="GC Interval" value="0" />
  <attribute name="ProportionalT" value="40.500000" />
  <attribute name="ProportionalI" value="40.500000" />
  <attribute name="ProportionalH" value="40.500000" />
  <attribute name="Current Error" value="81.000000" />
  <attribute name="IntegralT" value="0.000000" />
  <attribute name="IntegralI" value="0.000000" />
  <attribute name="IntegralH" value="0.000000" />
  <attribute name="DerivativeT" value="inf" />
  <attribute name="DerivativeI" value="inf" />
  <attribute name="DerivativeH" value="inf" />
  <attribute name="Loop Time for DT" value="0.000000" />
  <attribute name="Output H" value="8388608"/>
  <attribute name="Output I" value="200"/>
  <attribute name="Output T" value="1"/>
  <attribute name="Target GC Util Change" value ="80.000000" />
  <attribute name="Current GC Util Change" value="161.000000"/>
  <attribute name="GC Util currently" value="161" />
  <attribute name="CPU Util currently" value="1301587490447" />
<exclusive-end id="1848" timestamp="2019-08-11T06:20:55.445" durationms="3.939" />

<exclusive-start id="1849" timestamp="2019-08-11T06:20:55.641" intervalms="199.997">
  <response-info timems="0.056" idlems="0.056" threads="0" lastid="0000000001E02F00" lastname="main" />
</exclusive-start>
<allocation-taxation id="1850" taxation-threshold="33554432" timestamp="2019-08-11T06:20:55.641" intervalms="199.992" />
<cycle-start id="1851" type="partial gc" contextid="0" timestamp="2019-08-11T06:20:55.641" intervalms="199.945" />
<gc-start id="1852" type="partial gc" contextid="1851" timestamp="2019-08-11T06:20:55.642">
  <mem-info id="1853" free="14680064" total="102760448" percent="14">
    <mem type="eden" free="0" total="33554432" percent="0" />
    <remembered-set count="2496" freebytes="4349696" totalbytes="4359680" percent="99" regionsoverflowed="0" regionsstable="8" regionsrebuilding="0"/>
  </mem-info>
</gc-start>
<allocation-stats totalBytes="33552240" >
  <allocated-bytes non-tlh="0" tlh="33552240" arrayletleaf="0"/>
  <largest-consumer threadName="main" threadId="0000000001E02F00" bytes="33552240" />
</allocation-stats>
<gc-op id="1854" type="copy forward" timems="7.193" contextid="1851" timestamp="2019-08-11T06:20:55.650">
  <memory-copied type="eden" objects="11" bytes="296" bytesdiscarded="0" />
  <memory-copied type="other" objects="20" bytes="1616" bytesdiscarded="0" />
  <memory-cardclean objects="51" bytes="1968" />
  <regions eden="16" other="2" />
  <remembered-set-cleared processed="1247" cleared="2" durationms="0.198" />
  <stringconstants candidates="13742" cleared="0"  />
</gc-op>
<gc-op id="1855" type="classunload" timems="0.008" contextid="1851" timestamp="2019-08-11T06:20:55.650">
  <classunload-info classloadercandidates="53" classloadersunloaded="0" classesunloaded="0" anonymousclassesunloaded="0" quiescems="0.000" setupms="0.008" scanms="0.000" postms="0.000" />
</gc-op>
<heap-resize id="1856" type="contract" space="default" amount="6291456" count="1" timems="0.072" reason="insufficient time being spent in gc" timestamp="2019-08-11T06:20:55.650" />
<gc-end id="1857" type="partial gc" contextid="1851" durationms="8.603" usertimems="18.127" systemtimems="0.000" timestamp="2019-08-11T06:20:55.650" activeThreads="16">
  <mem-info id="1858" free="39845888" total="96468992" percent="41">
    <mem type="eden" free="2096856" total="2097152" percent="99" />
    <remembered-set count="4480" freebytes="4090240" totalbytes="4108160" percent="99" regionsoverflowed="0" regionsstable="8" regionsrebuilding="0"/>
  </mem-info>
</gc-end>
<cycle-end id="1859" type="partial gc" contextid="1851" timestamp="2019-08-11T06:20:55.650" />
  <attribute name="elasticGC enabled" value="1" />
  <attribute name= "numThreadsSpecified" value="16" />
  <attribute name="heapSize specified" value="0" />
  <attribute name="Current GC Util" value="129" />
  <attribute name= "Current Time Running" value="166835" />
  <attribute name ="GC Interval" value="0" />
  <attribute name="ProportionalT" value="24.500000" />
  <attribute name="ProportionalI" value="24.500000" />
  <attribute name="ProportionalH" value="24.500000" />
  <attribute name="Current Error" value="49.000000" />
  <attribute name="IntegralT" value="24.500000" />
  <attribute name="IntegralI" value="24.500000" />
  <attribute name="IntegralH" value="24.500000" />
  <attribute name="DerivativeT" value="49.000000" />
  <attribute name="DerivativeI" value="49.000000" />
  <attribute name="DerivativeH" value="49.000000" />
  <attribute name="Loop Time for DT" value="1.000000" />
  <attribute name="Output H" value="8388608"/>
  <attribute name="Output I" value="200"/>
  <attribute name="Output T" value="16"/>
  <attribute name="Target GC Util Change" value ="80.000000" />
  <attribute name="Current GC Util Change" value="129.000000"/>
  <attribute name="GC Util currently" value="129" />
  <attribute name="CPU Util currently" value="1337789223837" />
<exclusive-end id="1860" timestamp="2019-08-11T06:20:55.650" durationms="9.183" />

<exclusive-start id="1861" timestamp="2019-08-11T06:20:55.799" intervalms="157.796">
  <response-info timems="0.107" idlems="0.107" threads="0" lastid="0000000001E02F00" lastname="main" />
</exclusive-start>
<allocation-taxation id="1862" taxation-threshold="14680064" timestamp="2019-08-11T06:20:55.799" intervalms="157.795" />
<cycle-start id="1863" type="global mark phase" contextid="0" timestamp="2019-08-11T06:20:55.799" intervalms="4926.504" />
<gc-start id="1864" type="global mark phase" contextid="1863" timestamp="2019-08-11T06:20:55.799">
  <mem-info id="1865" free="25165824" total="96468992" percent="26">
    <remembered-set count="4000" freebytes="4092160" totalbytes="4108160" percent="99" regionsoverflowed="0" regionsstable="8" regionsrebuilding="0"/>
  </mem-info>
</gc-start>
<gc-op id="1866" type="mark increment" timems="2.230" contextid="1863" timestamp="2019-08-11T06:20:55.801">
  <trace-info objectcount="204" scancount="0" scanbytes="0" />
</gc-op>
<gc-end id="1867" type="global mark phase" contextid="1863" durationms="2.278" usertimems="8.438" systemtimems="0.000" timestamp="2019-08-11T06:20:55.801" activeThreads="16">
  <mem-info id="1868" free="25165824" total="96468992" percent="26">
    <remembered-set count="4000" freebytes="4092160" totalbytes="4108160" percent="99" regionsoverflowed="0" regionsstable="0" regionsrebuilding="8"/>
  </mem-info>
</gc-end>
<concurrent-start id="1869" type="GMP work packet processing" contextid="1863" timestamp="2019-08-11T06:20:55.801">
  <concurrent-mark-start scanTarget="4055095" />
</concurrent-start>
<exclusive-end id="1870" timestamp="2019-08-11T06:20:55.802" durationms="2.578" />

<concurrent-end id="1871" type="GMP work packet processing" contextid="1863" timestamp="2019-08-11T06:20:55.806">
  <concurrent-mark-end bytesScanned="4232128" reasonForTermination="Work target met" />
</concurrent-end>

<exclusive-start id="1872" timestamp="2019-08-11T06:20:55.948" intervalms="149.189">
  <response-info timems="0.137" idlems="0.137" threads="0" lastid="0000000001E02F00" lastname="main" />
</exclusive-start>
<allocation-taxation id="1873" taxation-threshold="14680064" timestamp="2019-08-11T06:20:55.948" intervalms="149.195" />
<cycle-start id="1874" type="partial gc" contextid="0" timestamp="2019-08-11T06:20:55.948" intervalms="307.031" />
<gc-start id="1875" type="partial gc" contextid="1874" timestamp="2019-08-11T06:20:55.949">
  <mem-info id="1876" free="10485760" total="96468992" percent="10">
    <mem type="eden" free="2096856" total="31457280" percent="6" />
    <remembered-set count="37056" freebytes="3959936" totalbytes="4108160" percent="96" regionsoverflowed="0" regionsstable="0" regionsrebuilding="8"/>
  </mem-info>
</gc-start>
<allocation-stats totalBytes="29358056" >
  <allocated-bytes non-tlh="0" tlh="29358056" arrayletleaf="0"/>
  <largest-consumer threadName="main" threadId="0000000001E02F00" bytes="14678968" />
</allocation-stats>
<gc-op id="1877" type="copy forward" timems="12.923" contextid="1874" timestamp="2019-08-11T06:20:55.964">
  <memory-copied type="eden" objects="36" bytes="1096" bytesdiscarded="584" />
  <memory-copied type="other" objects="38150" bytes="841384" bytesdiscarded="68776" />
  <memory-cardclean objects="9021" bytes="551536" />
  <regions eden="14" other="4" />
  <remembered-set-cleared processed="30325" cleared="1386" durationms="0.296" />
  <references type="weak" candidates="28" cleared="0" enqueued="0" />
  <stringconstants candidates="13742" cleared="0"  />
</gc-op>
<gc-op id="1878" type="classunload" timems="0.012" contextid="1874" timestamp="2019-08-11T06:20:55.964">
  <classunload-info classloadercandidates="53" classloadersunloaded="0" classesunloaded="0" anonymousclassesunloaded="0" quiescems="0.000" setupms="0.012" scanms="0.000" postms="0.000" />
</gc-op>
<heap-resize id="1879" type="contract" space="default" amount="6291456" count="1" timems="0.543" reason="insufficient time being spent in gc" timestamp="2019-08-11T06:20:55.965" />
<gc-end id="1880" type="partial gc" contextid="1874" durationms="16.225" usertimems="60.345" systemtimems="0.000" timestamp="2019-08-11T06:20:55.965" activeThreads="16">
  <mem-info id="1881" free="35651584" total="90177536" percent="39">
    <mem type="eden" free="2095472" total="2097152" percent="99" />
    <remembered-set count="40224" freebytes="3695744" totalbytes="3856640" percent="95" regionsoverflowed="0" regionsstable="0" regionsrebuilding="8"/>
  </mem-info>
</gc-end>
<cycle-end id="1882" type="partial gc" contextid="1874" timestamp="2019-08-11T06:20:55.965" />
  <attribute name="elasticGC enabled" value="1" />
  <attribute name= "numThreadsSpecified" value="16" />
  <attribute name="heapSize specified" value="0" />
  <attribute name="Current GC Util" value="171" />
  <attribute name= "Current Time Running" value="167144" />
  <attribute name ="GC Interval" value="0" />
  <attribute name="ProportionalT" value="45.500000" />
  <attribute name="ProportionalI" value="45.500000" />
  <attribute name="ProportionalH" value="45.500000" />
  <attribute name="Current Error" value="91.000000" />
  <attribute name="IntegralT" value="91.000000" />
  <attribute name="IntegralI" value="91.000000" />
  <attribute name="IntegralH" value="91.000000" />
  <attribute name="DerivativeT" value="45.500000" />
  <attribute name="DerivativeI" value="45.500000" />
  <attribute name="DerivativeH" value="45.500000" />
  <attribute name="Loop Time for DT" value="2.000000" />
  <attribute name="Output H" value="8388608"/>
  <attribute name="Output I" value="200"/>
  <attribute name="Output T" value="16"/>
  <attribute name="Target GC Util Change" value ="80.000000" />
  <attribute name="Current GC Util Change" value="171.000000"/>
  <attribute name="GC Util currently" value="171" />
  <attribute name="CPU Util currently" value="532430834036" />
<exclusive-end id="1883" timestamp="2019-08-11T06:20:55.965" durationms="17.035" />

<exclusive-start id="1884" timestamp="2019-08-11T06:20:56.083" intervalms="134.689">
  <response-info timems="0.191" idlems="0.191" threads="0" lastid="0000000001E02F00" lastname="main" />
</exclusive-start>
<allocation-taxation id="1885" taxation-threshold="14680064" timestamp="2019-08-11T06:20:56.083" intervalms="134.693" />
<gc-start id="1886" type="global mark phase" contextid="1863" timestamp="2019-08-11T06:20:56.083">
  <mem-info id="1887" free="20971520" total="90177536" percent="23">
    <remembered-set count="39808" freebytes="3697408" totalbytes="3856640" percent="95" regionsoverflowed="0" regionsstable="0" regionsrebuilding="8"/>
  </mem-info>
</gc-start>
<gc-end id="1888" type="global mark phase" contextid="1863" durationms="0.024" usertimems="0.021" systemtimems="0.000" timestamp="2019-08-11T06:20:56.083" activeThreads="16">
  <mem-info id="1889" free="20971520" total="90177536" percent="23">
    <remembered-set count="39808" freebytes="3697408" totalbytes="3856640" percent="95" regionsoverflowed="0" regionsstable="0" regionsrebuilding="8"/>
  </mem-info>
</gc-end>
<concurrent-start id="1890" type="GMP work packet processing" contextid="1863" timestamp="2019-08-11T06:20:56.083">
  <concurrent-mark-start scanTarget="6082643" />
</concurrent-start>
<exclusive-end id="1891" timestamp="2019-08-11T06:20:56.083" durationms="0.431" />

<concurrent-end id="1892" type="GMP work packet processing" contextid="1863" timestamp="2019-08-11T06:20:56.089">
  <concurrent-mark-end bytesScanned="6218676" reasonForTermination="Work target met" />
</concurrent-end>

<exclusive-start id="1893" timestamp="2019-08-11T06:20:56.205" intervalms="122.142">
  <response-info timems="0.177" idlems="0.177" threads="0" lastid="0000000001E02F00" lastname="main" />
</exclusive-start>
<allocation-taxation id="1894" taxation-threshold="14680064" timestamp="2019-08-11T06:20:56.205" intervalms="122.132" />
<cycle-start id="1895" type="partial gc" contextid="0" timestamp="2019-08-11T06:20:56.205" intervalms="256.798" />
<gc-start id="1896" type="partial gc" contextid="1895" timestamp="2019-08-11T06:20:56.205">
  <mem-info id="1897" free="6291456" total="90177536" percent="6">
    <mem type="eden" free="0" total="29360128" percent="0" />
    <remembered-set count="85472" freebytes="3514752" totalbytes="3856640" percent="91" regionsoverflowed="0" regionsstable="0" regionsrebuilding="8"/>
  </mem-info>
</gc-start>
<allocation-stats totalBytes="29357784" >
  <allocated-bytes non-tlh="0" tlh="29357784" arrayletleaf="0"/>
  <largest-consumer threadName="main" threadId="0000000001E02F00" bytes="14678928" />
</allocation-stats>
<gc-op id="1898" type="copy forward" timems="13.583" contextid="1895" timestamp="2019-08-11T06:20:56.222">
  <memory-copied type="eden" objects="13" bytes="328" bytesdiscarded="0" />
  <memory-copied type="other" objects="58" bytes="1752" bytesdiscarded="952" />
  <memory-cardclean objects="59255" bytes="2467296" />
  <regions eden="14" other="2" />
  <remembered-set-cleared processed="58410" cleared="7662" durationms="0.688" />
  <stringconstants candidates="13742" cleared="0"  />
</gc-op>
<gc-op id="1899" type="classunload" timems="0.011" contextid="1895" timestamp="2019-08-11T06:20:56.222">
  <classunload-info classloadercandidates="53" classloadersunloaded="0" classesunloaded="0" anonymousclassesunloaded="0" quiescems="0.000" setupms="0.010" scanms="0.000" postms="0.000" />
</gc-op>
<heap-resize id="1900" type="contract" space="default" amount="2097152" count="1" timems="0.211" reason="insufficient time being spent in gc" timestamp="2019-08-11T06:20:56.222" />
<gc-end id="1901" type="partial gc" contextid="1895" durationms="16.964" usertimems="55.626" systemtimems="0.000" timestamp="2019-08-11T06:20:56.222" activeThreads="16">
  <mem-info id="1902" free="31457280" total="88080384" percent="35">
    <mem type="eden" free="2096824" total="2097152" percent="99" />
    <remembered-set count="69920" freebytes="3325440" totalbytes="3605120" percent="92" regionsoverflowed="0" regionsstable="0" regionsrebuilding="8"/>
  </mem-info>
</gc-end>
<cycle-end id="1903" type="partial gc" contextid="1895" timestamp="2019-08-11T06:20:56.223" />
  <attribute name="elasticGC enabled" value="1" />
  <attribute name= "numThreadsSpecified" value="16" />
  <attribute name="heapSize specified" value="0" />
  <attribute name="Current GC Util" value="162" />
  <attribute name= "Current Time Running" value="167401" />
  <attribute name ="GC Interval" value="0" />
  <attribute name="ProportionalT" value="41.000000" />
  <attribute name="ProportionalI" value="41.000000" />
  <attribute name="ProportionalH" value="41.000000" />
  <attribute name="Current Error" value="82.000000" />
  <attribute name="IntegralT" value="123.000000" />
  <attribute name="IntegralI" value="123.000000" />
  <attribute name="IntegralH" value="123.000000" />
  <attribute name="DerivativeT" value="27.333333" />
  <attribute name="DerivativeI" value="27.333333" />
  <attribute name="DerivativeH" value="27.333333" />
  <attribute name="Loop Time for DT" value="3.000000" />
  <attribute name="Output H" value="8388608"/>
  <attribute name="Output I" value="200"/>
  <attribute name="Output T" value="16"/>
  <attribute name="Target GC Util Change" value ="80.000000" />
  <attribute name="Current GC Util Change" value="162.000000"/>
  <attribute name="GC Util currently" value="162" />
  <attribute name="CPU Util currently" value="490724951091" />
<exclusive-end id="1904" timestamp="2019-08-11T06:20:56.223" durationms="17.878" />

<exclusive-start id="1905" timestamp="2019-08-11T06:20:57.234" intervalms="1028.923">
  <response-info timems="0.244" idlems="0.244" threads="0" lastid="0000000001E02F00" lastname="main" />
</exclusive-start>
<allocation-taxation id="1906" taxation-threshold="14680064" timestamp="2019-08-11T06:20:57.234" intervalms="1028.926" />
<gc-start id="1907" type="global mark phase" contextid="1863" timestamp="2019-08-11T06:20:57.234">
  <mem-info id="1908" free="16777216" total="88080384" percent="19">
    <remembered-set count="69536" freebytes="3326976" totalbytes="3605120" percent="92" regionsoverflowed="0" regionsstable="0" regionsrebuilding="8"/>
  </mem-info>
</gc-start>
<gc-end id="1909" type="global mark phase" contextid="1863" durationms="0.021" usertimems="0.017" systemtimems="0.000" timestamp="2019-08-11T06:20:57.234" activeThreads="16">
  <mem-info id="1910" free="16777216" total="88080384" percent="19">
    <remembered-set count="69536" freebytes="3326976" totalbytes="3605120" percent="92" regionsoverflowed="0" regionsstable="0" regionsrebuilding="8"/>
  </mem-info>
</gc-end>
<concurrent-start id="1911" type="GMP work packet processing" contextid="1863" timestamp="2019-08-11T06:20:57.234">
  <concurrent-mark-start scanTarget="6082643" />
</concurrent-start>
<exclusive-end id="1912" timestamp="2019-08-11T06:20:57.234" durationms="0.390" />

<concurrent-end id="1913" type="GMP work packet processing" contextid="1863" timestamp="2019-08-11T06:20:57.249">
  <concurrent-mark-end bytesScanned="2964052" reasonForTermination="Completed all work in GC phase" />
</concurrent-end>

<exclusive-start id="1914" timestamp="2019-08-11T06:20:57.310" intervalms="75.614">
  <response-info timems="0.118" idlems="0.118" threads="0" lastid="0000000001E02F00" lastname="main" />
</exclusive-start>
<allocation-taxation id="1915" taxation-threshold="14680064" timestamp="2019-08-11T06:20:57.310" intervalms="75.610" />
<cycle-start id="1916" type="partial gc" contextid="0" timestamp="2019-08-11T06:20:57.310" intervalms="1104.566" />
<gc-start id="1917" type="partial gc" contextid="1916" timestamp="2019-08-11T06:20:57.310">
  <mem-info id="1918" free="2097152" total="88080384" percent="2">
    <mem type="eden" free="2096824" total="31457280" percent="6" />
    <remembered-set count="92224" freebytes="3236224" totalbytes="3605120" percent="89" regionsoverflowed="0" regionsstable="0" regionsrebuilding="8"/>
  </mem-info>
</gc-start>
<allocation-stats totalBytes="29339248" >
  <allocated-bytes non-tlh="360" tlh="29338888" arrayletleaf="0"/>
  <largest-consumer threadName="main" threadId="0000000001E02F00" bytes="14669472" />
</allocation-stats>
<gc-op id="1919" type="copy forward" timems="13.773" contextid="1916" timestamp="2019-08-11T06:20:57.325">
  <memory-copied type="eden" objects="74" bytes="2808" bytesdiscarded="1984" />
  <memory-copied type="other" objects="0" bytes="0" bytesdiscarded="0" />
  <memory-cardclean objects="62394" bytes="2174888" />
  <regions eden="14" other="1" />
  <remembered-set-cleared processed="64916" cleared="7892" durationms="0.582" />
  <references type="weak" candidates="4" cleared="0" enqueued="0" />
  <stringconstants candidates="13748" cleared="0"  />
</gc-op>
<gc-op id="1920" type="classunload" timems="0.015" contextid="1916" timestamp="2019-08-11T06:20:57.325">
  <classunload-info classloadercandidates="53" classloadersunloaded="0" classesunloaded="0" anonymousclassesunloaded="0" quiescems="0.000" setupms="0.015" scanms="0.000" postms="0.000" />
</gc-op>
<gc-end id="1921" type="partial gc" contextid="1916" durationms="15.359" usertimems="48.804" systemtimems="0.000" timestamp="2019-08-11T06:20:57.325" activeThreads="16">
  <mem-info id="1922" free="31457280" total="88080384" percent="35">
    <mem type="eden" free="2092360" total="2097152" percent="99" />
    <remembered-set count="71552" freebytes="3235072" totalbytes="3521280" percent="91" regionsoverflowed="0" regionsstable="0" regionsrebuilding="8"/>
  </mem-info>
</gc-end>
<cycle-end id="1923" type="partial gc" contextid="1916" timestamp="2019-08-11T06:20:57.326" />
  <attribute name="elasticGC enabled" value="1" />
  <attribute name= "numThreadsSpecified" value="16" />
  <attribute name="heapSize specified" value="0" />
  <attribute name="Current GC Util" value="118" />
  <attribute name= "Current Time Running" value="168504" />
  <attribute name ="GC Interval" value="0" />
  <attribute name="ProportionalT" value="19.000000" />
  <attribute name="ProportionalI" value="19.000000" />
  <attribute name="ProportionalH" value="19.000000" />
  <attribute name="Current Error" value="38.000000" />
  <attribute name="IntegralT" value="19.000000" />
  <attribute name="IntegralI" value="19.000000" />
  <attribute name="IntegralH" value="19.000000" />
  <attribute name="DerivativeT" value="38.000000" />
  <attribute name="DerivativeI" value="38.000000" />
  <attribute name="DerivativeH" value="38.000000" />
  <attribute name="Loop Time for DT" value="1.000000" />
  <attribute name="Output H" value="8388608"/>
  <attribute name="Output I" value="200"/>
  <attribute name="Output T" value="16"/>
  <attribute name="Target GC Util Change" value ="80.000000" />
  <attribute name="Current GC Util Change" value="118.000000"/>
  <attribute name="GC Util currently" value="118" />
  <attribute name="CPU Util currently" value="1162095045954" />
<exclusive-end id="1924" timestamp="2019-08-11T06:20:57.326" durationms="16.232" />

<exclusive-start id="1925" timestamp="2019-08-11T06:20:57.381" intervalms="71.470">
  <response-info timems="0.170" idlems="0.170" threads="0" lastid="0000000001E02F00" lastname="main" />
</exclusive-start>
<allocation-taxation id="1926" taxation-threshold="14680064" timestamp="2019-08-11T06:20:57.381" intervalms="71.477" />
<gc-start id="1927" type="global mark phase" contextid="1863" timestamp="2019-08-11T06:20:57.381">
  <mem-info id="1928" free="16777216" total="88080384" percent="19">
    <remembered-set count="71296" freebytes="3236096" totalbytes="3521280" percent="91" regionsoverflowed="0" regionsstable="0" regionsrebuilding="8"/>
  </mem-info>
</gc-start>
<gc-op id="1929" type="mark increment" timems="14.868" contextid="1863" timestamp="2019-08-11T06:20:57.396">
  <trace-info objectcount="76" scancount="64" scanbytes="345696" />
  <cardclean-info objects="162054" bytes="4606712" />
  <finalization candidates="80" enqueued="0" />
  <ownableSynchronizers candidates="21" cleared="0" />
  <references type="soft" candidates="3508" cleared="247" enqueued="247" dynamicThreshold="11" maxThreshold="32" />
  <references type="weak" candidates="5612" cleared="0" enqueued="0" />
  <references type="phantom" candidates="97" cleared="0" enqueued="0" />
  <stringconstants candidates="13748" cleared="103"  />
</gc-op>
<gc-op id="1930" type="classunload" timems="0.010" contextid="1863" timestamp="2019-08-11T06:20:57.396">
  <classunload-info classloadercandidates="53" classloadersunloaded="0" classesunloaded="0" anonymousclassesunloaded="0" quiescems="0.000" setupms="0.010" scanms="0.000" postms="0.000" />
</gc-op>
<gc-end id="1931" type="global mark phase" contextid="1863" durationms="15.274" usertimems="48.317" systemtimems="0.000" timestamp="2019-08-11T06:20:57.396" activeThreads="8">
  <mem-info id="1932" free="16777216" total="88080384" percent="19">
    <pending-finalizers system="0" default="0" reference="247" classloader="0" />
    <remembered-set count="90240" freebytes="3160320" totalbytes="3521280" percent="89" regionsoverflowed="0" regionsstable="0" regionsrebuilding="0"/>
  </mem-info>
</gc-end>
<cycle-end id="1933" type="global mark phase" contextid="1863" timestamp="2019-08-11T06:20:57.397" />
  <attribute name="elasticGC enabled" value="1" />
  <attribute name= "numThreadsSpecified" value="8" />
  <attribute name="heapSize specified" value="0" />
  <attribute name="Current GC Util" value="112" />
  <attribute name= "Current Time Running" value="168584" />
  <attribute name ="GC Interval" value="0" />
  <attribute name="ProportionalT" value="16.000000" />
  <attribute name="ProportionalI" value="16.000000" />
  <attribute name="ProportionalH" value="16.000000" />
  <attribute name="Current Error" value="32.000000" />
  <attribute name="IntegralT" value="32.000000" />
  <attribute name="IntegralI" value="32.000000" />
  <attribute name="IntegralH" value="32.000000" />
  <attribute name="DerivativeT" value="-42.000000" />
  <attribute name="DerivativeI" value="-42.000000" />
  <attribute name="DerivativeH" value="-42.000000" />
  <attribute name="Loop Time for DT" value="2.000000" />
  <attribute name="Output H" value="8388608"/>
  <attribute name="Output I" value="200"/>
  <attribute name="Output T" value="8"/>
  <attribute name="Target GC Util Change" value ="80.000000" />
  <attribute name="Current GC Util Change" value="112.000000"/>
  <attribute name="GC Util currently" value="112" />
  <attribute name="CPU Util currently" value="619271598546" />
<exclusive-end id="1934" timestamp="2019-08-11T06:20:57.397" durationms="15.986" />

<exclusive-start id="1935" timestamp="2019-08-11T06:20:57.467" intervalms="86.319">
  <response-info timems="0.070" idlems="0.070" threads="0" lastid="0000000001E02F00" lastname="main" />
</exclusive-start>
<allocation-taxation id="1936" taxation-threshold="14680064" timestamp="2019-08-11T06:20:57.467" intervalms="86.309" />
<cycle-start id="1937" type="partial gc" contextid="0" timestamp="2019-08-11T06:20:57.467" intervalms="157.740" />
<gc-start id="1938" type="partial gc" contextid="1937" timestamp="2019-08-11T06:20:57.468">
  <mem-info id="1939" free="2097152" total="88080384" percent="2">
    <mem type="eden" free="0" total="29360128" percent="0" />
    <remembered-set count="62240" freebytes="3272320" totalbytes="3521280" percent="92" regionsoverflowed="0" regionsstable="5" regionsrebuilding="0"/>
  </mem-info>
</gc-start>
<allocation-stats totalBytes="29338448" >
  <allocated-bytes non-tlh="0" tlh="29338448" arrayletleaf="0"/>
  <largest-consumer threadName="main" threadId="0000000001E02F00" bytes="14669848" />
</allocation-stats>
<gc-op id="1940" type="sweep" timems="4.163" contextid="1937" timestamp="2019-08-11T06:20:57.472" />
<gc-op id="1941" type="copy forward" timems="17.653" contextid="1937" timestamp="2019-08-11T06:20:57.492">
  <memory-copied type="eden" objects="1" bytes="24" bytesdiscarded="0" />
  <memory-copied type="other" objects="72" bytes="2752" bytesdiscarded="1224" />
  <memory-cardclean objects="506" bytes="29360" />
  <regions eden="7" other="2" />
  <remembered-set-cleared processed="56108" cleared="115" durationms="0.506" />
  <references type="weak" candidates="4" cleared="0" enqueued="0" />
  <stringconstants candidates="13645" cleared="0"  />
</gc-op>
<gc-op id="1942" type="classunload" timems="0.013" contextid="1937" timestamp="2019-08-11T06:20:57.492">
  <classunload-info classloadercandidates="53" classloadersunloaded="0" classesunloaded="0" anonymousclassesunloaded="0" quiescems="0.000" setupms="0.012" scanms="0.000" postms="0.000" />
</gc-op>
<heap-resize id="1943" type="expand" space="default" amount="16777216" count="1" timems="0.105" reason="excessive time being spent in gc" timestamp="2019-08-11T06:20:57.492" />
<gc-end id="1944" type="partial gc" contextid="1937" durationms="24.570" usertimems="42.931" systemtimems="0.000" timestamp="2019-08-11T06:20:57.492" activeThreads="16">
  <mem-info id="1945" free="46137344" total="104857600" percent="44">
    <mem type="eden" free="2097128" total="2097152" percent="99" />
    <remembered-set count="59904" freebytes="3952384" totalbytes="4192000" percent="94" regionsoverflowed="0" regionsstable="5" regionsrebuilding="0"/>
  </mem-info>
</gc-end>
<cycle-end id="1946" type="partial gc" contextid="1937" timestamp="2019-08-11T06:20:57.492" />
  <attribute name="elasticGC enabled" value="1" />
  <attribute name= "numThreadsSpecified" value="16" />
  <attribute name="heapSize specified" value="0" />
  <attribute name="Current GC Util" value="91" />
  <attribute name= "Current Time Running" value="168667" />
  <attribute name ="GC Interval" value="0" />
  <attribute name="ProportionalT" value="5.500000" />
  <attribute name="ProportionalI" value="5.500000" />
  <attribute name="ProportionalH" value="5.500000" />
  <attribute name="Current Error" value="11.000000" />
  <attribute name="IntegralT" value="11.000000" />
  <attribute name="IntegralI" value="11.000000" />
  <attribute name="IntegralH" value="11.000000" />
  <attribute name="DerivativeT" value="-31.000000" />
  <attribute name="DerivativeI" value="-31.000000" />
  <attribute name="DerivativeH" value="-31.000000" />
  <attribute name="Loop Time for DT" value="2.000000" />
  <attribute name="Output H" value="4202627072"/>
  <attribute name="Output I" value="200"/>
  <attribute name="Output T" value="16"/>
  <attribute name="Target GC Util Change" value ="80.000000" />
  <attribute name="Current GC Util Change" value="91.000000"/>
  <attribute name="GC Util currently" value="91" />
  <attribute name="CPU Util currently" value="648722226805" />
<exclusive-end id="1947" timestamp="2019-08-11T06:20:57.492" durationms="25.169" />

<exclusive-start id="1948" timestamp="2019-08-11T06:20:57.562" intervalms="94.568">
  <response-info timems="1.327" idlems="1.327" threads="0" lastid="0000000001E02F00" lastname="main" />
</exclusive-start>
<allocation-taxation id="1949" taxation-threshold="16777216" timestamp="2019-08-11T06:20:57.562" intervalms="94.567" />
<cycle-start id="1950" type="global mark phase" contextid="0" timestamp="2019-08-11T06:20:57.562" intervalms="1763.118" />
<gc-start id="1951" type="global mark phase" contextid="1950" timestamp="2019-08-11T06:20:57.562">
  <mem-info id="1952" free="29360128" total="104857600" percent="28">
    <remembered-set count="59520" freebytes="3953920" totalbytes="4192000" percent="94" regionsoverflowed="0" regionsstable="5" regionsrebuilding="0"/>
  </mem-info>
</gc-start>
<gc-op id="1953" type="mark increment" timems="6.222" contextid="1950" timestamp="2019-08-11T06:20:57.569">
  <trace-info objectcount="225" scancount="0" scanbytes="0" />
</gc-op>
<gc-end id="1954" type="global mark phase" contextid="1950" durationms="6.324" usertimems="20.706" systemtimems="0.000" timestamp="2019-08-11T06:20:57.569" activeThreads="16">
  <mem-info id="1955" free="29360128" total="104857600" percent="28">
    <remembered-set count="59520" freebytes="3953920" totalbytes="4192000" percent="94" regionsoverflowed="0" regionsstable="0" regionsrebuilding="5"/>
  </mem-info>
</gc-end>
<concurrent-start id="1956" type="GMP work packet processing" contextid="1950" timestamp="2019-08-11T06:20:57.570">
  <concurrent-mark-start scanTarget="18446744073709551615" />
</concurrent-start>
<exclusive-end id="1957" timestamp="2019-08-11T06:20:57.570" durationms="8.462" />

<concurrent-end id="1958" type="GMP work packet processing" contextid="1950" timestamp="2019-08-11T06:20:57.630">
  <concurrent-mark-end bytesScanned="13389632" reasonForTermination="Completed all work in GC phase" />
</concurrent-end>

<exclusive-start id="1959" timestamp="2019-08-11T06:20:58.013" intervalms="451.256">
  <response-info timems="0.108" idlems="0.108" threads="0" lastid="0000000001E02F00" lastname="main" />
</exclusive-start>
<allocation-taxation id="1960" taxation-threshold="16777216" timestamp="2019-08-11T06:20:58.013" intervalms="451.267" />
<cycle-start id="1961" type="partial gc" contextid="0" timestamp="2019-08-11T06:20:58.013" intervalms="545.852" />
<gc-start id="1962" type="partial gc" contextid="1961" timestamp="2019-08-11T06:20:58.014">
  <mem-info id="1963" free="12582912" total="104857600" percent="12">
    <mem type="eden" free="2097128" total="35651584" percent="5" />
    <remembered-set count="90848" freebytes="3828608" totalbytes="4192000" percent="91" regionsoverflowed="0" regionsstable="0" regionsrebuilding="5"/>
  </mem-info>
</gc-start>
<allocation-stats totalBytes="33535896" >
  <allocated-bytes non-tlh="0" tlh="33535896" arrayletleaf="0"/>
  <largest-consumer threadName="main" threadId="0000000001E02F00" bytes="16772416" />
</allocation-stats>
<gc-op id="1964" type="copy forward" timems="19.039" contextid="1961" timestamp="2019-08-11T06:20:58.034">
  <memory-copied type="eden" objects="41" bytes="1248" bytesdiscarded="1328" />
  <memory-copied type="other" objects="38155" bytes="841512" bytesdiscarded="48616" />
  <memory-cardclean objects="7878" bytes="373680" />
  <regions eden="16" other="4" />
  <remembered-set-cleared processed="84228" cleared="5757" durationms="0.898" />
  <references type="weak" candidates="42" cleared="0" enqueued="0" />
  <stringconstants candidates="13645" cleared="0"  />
</gc-op>
<gc-op id="1965" type="classunload" timems="0.011" contextid="1961" timestamp="2019-08-11T06:20:58.034">
  <classunload-info classloadercandidates="53" classloadersunloaded="0" classesunloaded="0" anonymousclassesunloaded="0" quiescems="0.000" setupms="0.011" scanms="0.000" postms="0.000" />
</gc-op>
<gc-end id="1966" type="partial gc" contextid="1961" durationms="20.997" usertimems="86.800" systemtimems="0.000" timestamp="2019-08-11T06:20:58.035" activeThreads="16">
  <mem-info id="1967" free="48234496" total="104857600" percent="46">
    <mem type="eden" free="2094576" total="2097152" percent="99" />
    <remembered-set count="88832" freebytes="3836672" totalbytes="4192000" percent="91" regionsoverflowed="0" regionsstable="0" regionsrebuilding="5"/>
  </mem-info>
</gc-end>
<cycle-end id="1968" type="partial gc" contextid="1961" timestamp="2019-08-11T06:20:58.035" />
  <attribute name="elasticGC enabled" value="1" />
  <attribute name= "numThreadsSpecified" value="16" />
  <attribute name="heapSize specified" value="0" />
  <attribute name="Current GC Util" value="39" />
  <attribute name= "Current Time Running" value="169208" />
  <attribute name ="GC Interval" value="0" />
  <attribute name="ProportionalT" value="-20.500000" />
  <attribute name="ProportionalI" value="-20.500000" />
  <attribute name="ProportionalH" value="-20.500000" />
  <attribute name="Current Error" value="-41.000000" />
  <attribute name="IntegralT" value="-41.000000" />
  <attribute name="IntegralI" value="-41.000000" />
  <attribute name="IntegralH" value="-41.000000" />
  <attribute name="DerivativeT" value="-20.500000" />
  <attribute name="DerivativeI" value="-20.500000" />
  <attribute name="DerivativeH" value="-20.500000" />
  <attribute name="Loop Time for DT" value="2.000000" />
  <attribute name="Output H" value="4202627072"/>
  <attribute name="Output I" value="200"/>
  <attribute name="Output T" value="16"/>
  <attribute name="Target GC Util Change" value ="80.000000" />
  <attribute name="Current GC Util Change" value="39.000000"/>
  <attribute name="GC Util currently" value="39" />
  <attribute name="CPU Util currently" value="847493963891" />
<exclusive-end id="1969" timestamp="2019-08-11T06:20:58.035" durationms="21.994" />

<exclusive-start id="1970" timestamp="2019-08-11T06:20:58.172" intervalms="159.254">
  <response-info timems="0.064" idlems="0.064" threads="0" lastid="0000000001E02F00" lastname="main" />
</exclusive-start>
<allocation-taxation id="1971" taxation-threshold="16777216" timestamp="2019-08-11T06:20:58.172" intervalms="159.258" />
<gc-start id="1972" type="global mark phase" contextid="1950" timestamp="2019-08-11T06:20:58.173">
  <mem-info id="1973" free="31457280" total="104857600" percent="30">
    <remembered-set count="88544" freebytes="3837824" totalbytes="4192000" percent="91" regionsoverflowed="0" regionsstable="0" regionsrebuilding="5"/>
  </mem-info>
</gc-start>
<gc-op id="1974" type="mark increment" timems="11.015" contextid="1950" timestamp="2019-08-11T06:20:58.184">
  <trace-info objectcount="46" scancount="45" scanbytes="115980" />
  <cardclean-info objects="9541" bytes="291224" />
  <finalization candidates="80" enqueued="0" />
  <ownableSynchronizers candidates="21" cleared="0" />
  <references type="soft" candidates="3261" cleared="0" enqueued="0" dynamicThreshold="14" maxThreshold="32" />
  <references type="weak" candidates="5626" cleared="0" enqueued="0" />
  <references type="phantom" candidates="97" cleared="0" enqueued="0" />
  <stringconstants candidates="13645" cleared="46"  />
</gc-op>
<gc-op id="1975" type="classunload" timems="0.011" contextid="1950" timestamp="2019-08-11T06:20:58.184">
  <classunload-info classloadercandidates="53" classloadersunloaded="0" classesunloaded="0" anonymousclassesunloaded="0" quiescems="0.000" setupms="0.011" scanms="0.000" postms="0.000" />
</gc-op>
<gc-end id="1976" type="global mark phase" contextid="1950" durationms="11.691" usertimems="37.172" systemtimems="0.000" timestamp="2019-08-11T06:20:58.184" activeThreads="16">
  <mem-info id="1977" free="31457280" total="104857600" percent="30">
    <remembered-set count="89568" freebytes="3833728" totalbytes="4192000" percent="91" regionsoverflowed="0" regionsstable="0" regionsrebuilding="0"/>
  </mem-info>
</gc-end>
<cycle-end id="1978" type="global mark phase" contextid="1950" timestamp="2019-08-11T06:20:58.184" />
  <attribute name="elasticGC enabled" value="1" />
  <attribute name= "numThreadsSpecified" value="16" />
  <attribute name="heapSize specified" value="0" />
  <attribute name="Current GC Util" value="197" />
  <attribute name= "Current Time Running" value="169369" />
  <attribute name ="GC Interval" value="0" />
  <attribute name="ProportionalT" value="58.500000" />
  <attribute name="ProportionalI" value="58.500000" />
  <attribute name="ProportionalH" value="58.500000" />
  <attribute name="Current Error" value="117.000000" />
  <attribute name="IntegralT" value="117.000000" />
  <attribute name="IntegralI" value="117.000000" />
  <attribute name="IntegralH" value="117.000000" />
  <attribute name="DerivativeT" value="-10.500000" />
  <attribute name="DerivativeI" value="-10.500000" />
  <attribute name="DerivativeH" value="-10.500000" />
  <attribute name="Loop Time for DT" value="2.000000" />
  <attribute name="Output H" value="8388608"/>
  <attribute name="Output I" value="200"/>
  <attribute name="Output T" value="16"/>
  <attribute name="Target GC Util Change" value ="80.000000" />
  <attribute name="Current GC Util Change" value="197.000000"/>
  <attribute name="GC Util currently" value="197" />
  <attribute name="CPU Util currently" value="954630410025" />
<exclusive-end id="1979" timestamp="2019-08-11T06:20:58.184" durationms="12.077" />

<exclusive-start id="1980" timestamp="2019-08-11T06:20:58.205" intervalms="32.635">
  <response-info timems="0.059" idlems="0.059" threads="0" lastid="0000000001E02F00" lastname="main" />
</exclusive-start>
<allocation-taxation id="1981" taxation-threshold="16777216" timestamp="2019-08-11T06:20:58.205" intervalms="32.619" />
<cycle-start id="1982" type="partial gc" contextid="0" timestamp="2019-08-11T06:20:58.205" intervalms="191.877" />
<gc-start id="1983" type="partial gc" contextid="1982" timestamp="2019-08-11T06:20:58.205">
  <mem-info id="1984" free="14680064" total="104857600" percent="14">
    <mem type="eden" free="0" total="33554432" percent="0" />
    <remembered-set count="60352" freebytes="3950592" totalbytes="4192000" percent="94" regionsoverflowed="0" regionsstable="4" regionsrebuilding="0"/>
  </mem-info>
</gc-start>
<allocation-stats totalBytes="33528104" >
  <allocated-bytes non-tlh="0" tlh="33528104" arrayletleaf="0"/>
  <largest-consumer threadName="main" threadId="0000000001E02F00" bytes="16754880" />
</allocation-stats>
<gc-op id="1985" type="sweep" timems="4.517" contextid="1982" timestamp="2019-08-11T06:20:58.210" />
<gc-op id="1986" type="copy forward" timems="14.737" contextid="1982" timestamp="2019-08-11T06:20:58.226">
  <memory-copied type="eden" objects="3" bytes="72" bytesdiscarded="0" />
  <memory-copied type="other" objects="44" bytes="1856" bytesdiscarded="1352" />
  <memory-cardclean objects="62" bytes="10904" />
  <regions eden="8" other="3" />
  <remembered-set-cleared processed="54623" cleared="22" durationms="0.573" />
  <references type="weak" candidates="14" cleared="0" enqueued="0" />
  <stringconstants candidates="13599" cleared="0"  />
</gc-op>
<gc-op id="1987" type="classunload" timems="0.013" contextid="1982" timestamp="2019-08-11T06:20:58.226">
  <classunload-info classloadercandidates="53" classloadersunloaded="0" classesunloaded="0" anonymousclassesunloaded="0" quiescems="0.000" setupms="0.012" scanms="0.000" postms="0.000" />
</gc-op>
<gc-end id="1988" type="partial gc" contextid="1982" durationms="21.539" usertimems="70.707" systemtimems="0.000" timestamp="2019-08-11T06:20:58.227" activeThreads="16">
  <mem-info id="1989" free="46137344" total="104857600" percent="44">
    <mem type="eden" free="2095856" total="2097152" percent="99" />
    <remembered-set count="58176" freebytes="3959296" totalbytes="4192000" percent="94" regionsoverflowed="0" regionsstable="4" regionsrebuilding="0"/>
  </mem-info>
</gc-end>
<cycle-end id="1990" type="partial gc" contextid="1982" timestamp="2019-08-11T06:20:58.227" />
  <attribute name="elasticGC enabled" value="1" />
  <attribute name= "numThreadsSpecified" value="16" />
  <attribute name="heapSize specified" value="0" />
  <attribute name="Current GC Util" value="117" />
  <attribute name= "Current Time Running" value="169404" />
  <attribute name ="GC Interval" value="0" />
  <attribute name="ProportionalT" value="18.500000" />
  <attribute name="ProportionalI" value="18.500000" />
  <attribute name="ProportionalH" value="18.500000" />
  <attribute name="Current Error" value="37.000000" />
  <attribute name="IntegralT" value="18.500000" />
  <attribute name="IntegralI" value="18.500000" />
  <attribute name="IntegralH" value="18.500000" />
  <attribute name="DerivativeT" value="-22.000000" />
  <attribute name="DerivativeI" value="-22.000000" />
  <attribute name="DerivativeH" value="-22.000000" />
  <attribute name="Loop Time for DT" value="1.000000" />
  <attribute name="Output H" value="8388608"/>
  <attribute name="Output I" value="200"/>
  <attribute name="Output T" value="16"/>
  <attribute name="Target GC Util Change" value ="80.000000" />
  <attribute name="Current GC Util Change" value="117.000000"/>
  <attribute name="GC Util currently" value="117" />
  <attribute name="CPU Util currently" value="1045956703182" />
<exclusive-end id="1991" timestamp="2019-08-11T06:20:58.227" durationms="22.304" />

<exclusive-start id="1992" timestamp="2019-08-11T06:20:58.266" intervalms="60.751">
  <response-info timems="0.085" idlems="0.085" threads="0" lastid="0000000001E02F00" lastname="main" />
</exclusive-start>
<allocation-taxation id="1993" taxation-threshold="33554432" timestamp="2019-08-11T06:20:58.266" intervalms="60.818" />
<cycle-start id="1994" type="partial gc" contextid="0" timestamp="2019-08-11T06:20:58.266" intervalms="60.889" />
<gc-start id="1995" type="partial gc" contextid="1994" timestamp="2019-08-11T06:20:58.266">
  <mem-info id="1996" free="12582912" total="104857600" percent="12">
    <mem type="eden" free="0" total="33554432" percent="0" />
    <remembered-set count="57728" freebytes="3961088" totalbytes="4192000" percent="94" regionsoverflowed="0" regionsstable="4" regionsrebuilding="0"/>
  </mem-info>
</gc-start>
<allocation-stats totalBytes="33495520" >
  <allocated-bytes non-tlh="0" tlh="33495520" arrayletleaf="0"/>
  <largest-consumer threadName="main" threadId="0000000001E02F00" bytes="33495520" />
</allocation-stats>
<gc-op id="1997" type="copy forward" timems="8.058" contextid="1994" timestamp="2019-08-11T06:20:58.276">
  <memory-copied type="eden" objects="3" bytes="72" bytesdiscarded="0" />
  <memory-copied type="other" objects="43" bytes="1704" bytesdiscarded="0" />
  <memory-cardclean objects="86" bytes="4216" />
  <regions eden="16" other="3" />
  <remembered-set-cleared processed="54627" cleared="44" durationms="0.494" />
  <stringconstants candidates="13599" cleared="0"  />
</gc-op>
<gc-op id="1998" type="classunload" timems="0.015" contextid="1994" timestamp="2019-08-11T06:20:58.276">
  <classunload-info classloadercandidates="53" classloadersunloaded="0" classesunloaded="0" anonymousclassesunloaded="0" quiescems="0.000" setupms="0.014" scanms="0.000" postms="0.000" />
</gc-op>
<heap-resize id="1999" type="expand" space="default" amount="18874368" count="1" timems="0.173" reason="excessive time being spent in gc" timestamp="2019-08-11T06:20:58.276" />
<gc-end id="2000" type="partial gc" contextid="1994" durationms="9.805" usertimems="36.926" systemtimems="0.000" timestamp="2019-08-11T06:20:58.276" activeThreads="16">
  <mem-info id="2001" free="62914560" total="123731968" percent="50">
    <mem type="eden" free="2097080" total="2097152" percent="99" />
    <remembered-set count="58560" freebytes="4712320" totalbytes="4946560" percent="95" regionsoverflowed="0" regionsstable="4" regionsrebuilding="0"/>
  </mem-info>
</gc-end>
<cycle-end id="2002" type="partial gc" contextid="1994" timestamp="2019-08-11T06:20:58.276" />
  <attribute name="elasticGC enabled" value="1" />
  <attribute name= "numThreadsSpecified" value="16" />
  <attribute name="heapSize specified" value="0" />
  <attribute name="Current GC Util" value="125" />
  <attribute name= "Current Time Running" value="169460" />
  <attribute name ="GC Interval" value="0" />
  <attribute name="ProportionalT" value="22.500000" />
  <attribute name="ProportionalI" value="22.500000" />
  <attribute name="ProportionalH" value="22.500000" />
  <attribute name="Current Error" value="45.000000" />
  <attribute name="IntegralT" value="22.500000" />
  <attribute name="IntegralI" value="22.500000" />
  <attribute name="IntegralH" value="22.500000" />
  <attribute name="DerivativeT" value="45.000000" />
  <attribute name="DerivativeI" value="45.000000" />
  <attribute name="DerivativeH" value="45.000000" />
  <attribute name="Loop Time for DT" value="1.000000" />
  <attribute name="Output H" value="8388608"/>
  <attribute name="Output I" value="200"/>
  <attribute name="Output T" value="16"/>
  <attribute name="Target GC Util Change" value ="80.000000" />
  <attribute name="Current GC Util Change" value="125.000000"/>
  <attribute name="GC Util currently" value="125" />
  <attribute name="CPU Util currently" value="1602450491958" />
<exclusive-end id="2003" timestamp="2019-08-11T06:20:58.277" durationms="11.177" />

<exclusive-start id="2004" timestamp="2019-08-11T06:20:58.306" intervalms="40.225">
  <response-info timems="0.074" idlems="0.074" threads="0" lastid="0000000001E02F00" lastname="main" />
</exclusive-start>
<allocation-taxation id="2005" taxation-threshold="37748736" timestamp="2019-08-11T06:20:58.306" intervalms="40.160" />
<cycle-start id="2006" type="partial gc" contextid="0" timestamp="2019-08-11T06:20:58.306" intervalms="40.101" />
<gc-start id="2007" type="partial gc" contextid="2006" timestamp="2019-08-11T06:20:58.307">
  <mem-info id="2008" free="25165824" total="123731968" percent="20">
    <mem type="eden" free="2097080" total="39845888" percent="5" />
    <remembered-set count="58080" freebytes="4714240" totalbytes="4946560" percent="95" regionsoverflowed="0" regionsstable="4" regionsrebuilding="0"/>
  </mem-info>
</gc-start>
<allocation-stats totalBytes="37682952" >
  <allocated-bytes non-tlh="0" tlh="37682952" arrayletleaf="0"/>
  <largest-consumer threadName="main" threadId="0000000001E02F00" bytes="37682952" />
</allocation-stats>
<gc-op id="2009" type="copy forward" timems="9.720" contextid="2006" timestamp="2019-08-11T06:20:58.319">
  <memory-copied type="eden" objects="3" bytes="72" bytesdiscarded="0" />
  <memory-copied type="other" objects="35" bytes="800" bytesdiscarded="192" />
  <memory-cardclean objects="46" bytes="1696" />
  <regions eden="18" other="3" />
  <remembered-set-cleared processed="54627" cleared="22" durationms="1.218" />
  <stringconstants candidates="13599" cleared="0"  />
</gc-op>
<gc-op id="2010" type="classunload" timems="0.010" contextid="2006" timestamp="2019-08-11T06:20:58.319">
  <classunload-info classloadercandidates="53" classloadersunloaded="0" classesunloaded="0" anonymousclassesunloaded="0" quiescems="0.000" setupms="0.010" scanms="0.000" postms="0.000" />
</gc-op>
<heap-resize id="2011" type="expand" space="default" amount="23068672" count="1" timems="0.121" reason="excessive time being spent in gc" timestamp="2019-08-11T06:20:58.319" />
<gc-end id="2012" type="partial gc" contextid="2006" durationms="12.699" usertimems="44.665" systemtimems="0.000" timestamp="2019-08-11T06:20:58.319" activeThreads="16">
  <mem-info id="2013" free="88080384" total="146800640" percent="60">
    <mem type="eden" free="2097080" total="2097152" percent="99" />
    <remembered-set count="57920" freebytes="5637120" totalbytes="5868800" percent="96" regionsoverflowed="0" regionsstable="4" regionsrebuilding="0"/>
  </mem-info>
</gc-end>
<cycle-end id="2014" type="partial gc" contextid="2006" timestamp="2019-08-11T06:20:58.319" />
  <attribute name="elasticGC enabled" value="1" />
  <attribute name= "numThreadsSpecified" value="16" />
  <attribute name="heapSize specified" value="0" />
  <attribute name="Current GC Util" value="53" />
  <attribute name= "Current Time Running" value="169502" />
  <attribute name ="GC Interval" value="0" />
  <attribute name="ProportionalT" value="-13.500000" />
  <attribute name="ProportionalI" value="-13.500000" />
  <attribute name="ProportionalH" value="-13.500000" />
  <attribute name="Current Error" value="-27.000000" />
  <attribute name="IntegralT" value="-27.000000" />
  <attribute name="IntegralI" value="-27.000000" />
  <attribute name="IntegralH" value="-27.000000" />
  <attribute name="DerivativeT" value="-13.500000" />
  <attribute name="DerivativeI" value="-13.500000" />
  <attribute name="DerivativeH" value="-13.500000" />
  <attribute name="Loop Time for DT" value="2.000000" />
  <attribute name="Output H" value="4202627072"/>
  <attribute name="Output I" value="200"/>
  <attribute name="Output T" value="16"/>
  <attribute name="Target GC Util Change" value ="80.000000" />
  <attribute name="Current GC Util Change" value="53.000000"/>
  <attribute name="GC Util currently" value="53" />
  <attribute name="CPU Util currently" value="600677026936" />
<exclusive-end id="2015" timestamp="2019-08-11T06:20:58.320" durationms="13.550" />

<exclusive-start id="2016" timestamp="2019-08-11T06:20:58.364" intervalms="57.999">
  <response-info timems="0.071" idlems="0.071" threads="0" lastid="0000000001E02F00" lastname="main" />
</exclusive-start>
<allocation-taxation id="2017" taxation-threshold="44040192" timestamp="2019-08-11T06:20:58.364" intervalms="58.009" />
<cycle-start id="2018" type="partial gc" contextid="0" timestamp="2019-08-11T06:20:58.364" intervalms="58.051" />
<gc-start id="2019" type="partial gc" contextid="2018" timestamp="2019-08-11T06:20:58.365">
  <mem-info id="2020" free="44040192" total="146800640" percent="30">
    <mem type="eden" free="2097080" total="46137344" percent="4" />
    <remembered-set count="57536" freebytes="5638656" totalbytes="5868800" percent="96" regionsoverflowed="0" regionsstable="4" regionsrebuilding="0"/>
  </mem-info>
</gc-start>
<allocation-stats totalBytes="43961688" >
  <allocated-bytes non-tlh="0" tlh="43961688" arrayletleaf="0"/>
  <largest-consumer threadName="main" threadId="0000000001E02F00" bytes="43961688" />
</allocation-stats>
<gc-op id="2021" type="copy forward" timems="6.925" contextid="2018" timestamp="2019-08-11T06:20:58.373">
  <memory-copied type="eden" objects="3" bytes="72" bytesdiscarded="0" />
  <memory-copied type="other" objects="38156" bytes="841560" bytesdiscarded="384" />
  <memory-cardclean objects="7830" bytes="371536" />
  <regions eden="21" other="3" />
  <remembered-set-cleared processed="54087" cleared="1619" durationms="0.684" />
  <references type="weak" candidates="28" cleared="0" enqueued="0" />
  <stringconstants candidates="13599" cleared="0"  />
</gc-op>
<gc-op id="2022" type="classunload" timems="0.011" contextid="2018" timestamp="2019-08-11T06:20:58.373">
  <classunload-info classloadercandidates="53" classloadersunloaded="0" classesunloaded="0" anonymousclassesunloaded="0" quiescems="0.000" setupms="0.010" scanms="0.000" postms="0.000" />
</gc-op>
<gc-end id="2023" type="partial gc" contextid="2018" durationms="8.441" usertimems="25.777" systemtimems="0.000" timestamp="2019-08-11T06:20:58.373" activeThreads="1">
  <mem-info id="2024" free="90177536" total="146800640" percent="61">
    <mem type="eden" free="2097080" total="2097152" percent="99" />
    <remembered-set count="57344" freebytes="5639424" totalbytes="5868800" percent="96" regionsoverflowed="0" regionsstable="4" regionsrebuilding="0"/>
  </mem-info>
</gc-end>
<cycle-end id="2025" type="partial gc" contextid="2018" timestamp="2019-08-11T06:20:58.373" />
  <attribute name="elasticGC enabled" value="1" />
  <attribute name= "numThreadsSpecified" value="1" />
  <attribute name="heapSize specified" value="0" />
  <attribute name="Current GC Util" value="112" />
  <attribute name= "Current Time Running" value="169558" />
  <attribute name ="GC Interval" value="0" />
  <attribute name="ProportionalT" value="16.000000" />
  <attribute name="ProportionalI" value="16.000000" />
  <attribute name="ProportionalH" value="16.000000" />
  <attribute name="Current Error" value="32.000000" />
  <attribute name="IntegralT" value="0.000000" />
  <attribute name="IntegralI" value="0.000000" />
  <attribute name="IntegralH" value="0.000000" />
  <attribute name="DerivativeT" value="inf" />
  <attribute name="DerivativeI" value="inf" />
  <attribute name="DerivativeH" value="inf" />
  <attribute name="Loop Time for DT" value="0.000000" />
  <attribute name="Output H" value="8388608"/>
  <attribute name="Output I" value="200"/>
  <attribute name="Output T" value="1"/>
  <attribute name="Target GC Util Change" value ="80.000000" />
  <attribute name="Current GC Util Change" value="112.000000"/>
  <attribute name="GC Util currently" value="112" />
  <attribute name="CPU Util currently" value="1672374302269" />
<exclusive-end id="2026" timestamp="2019-08-11T06:20:58.373" durationms="9.390" />

<exclusive-start id="2027" timestamp="2019-08-11T06:20:58.419" intervalms="55.297">
  <response-info timems="0.062" idlems="0.062" threads="0" lastid="0000000001E02F00" lastname="main" />
</exclusive-start>
<allocation-taxation id="2028" taxation-threshold="44040192" timestamp="2019-08-11T06:20:58.419" intervalms="55.286" />
<cycle-start id="2029" type="partial gc" contextid="0" timestamp="2019-08-11T06:20:58.420" intervalms="55.298" />
<gc-start id="2030" type="partial gc" contextid="2029" timestamp="2019-08-11T06:20:58.420">
  <mem-info id="2031" free="46137344" total="146800640" percent="31">
    <mem type="eden" free="2097080" total="46137344" percent="4" />
    <remembered-set count="57024" freebytes="5640704" totalbytes="5868800" percent="96" regionsoverflowed="0" regionsstable="4" regionsrebuilding="0"/>
  </mem-info>
</gc-start>
<allocation-stats totalBytes="43961712" >
  <allocated-bytes non-tlh="0" tlh="43961712" arrayletleaf="0"/>
  <largest-consumer threadName="main" threadId="0000000001E02F00" bytes="43961712" />
</allocation-stats>
<gc-op id="2032" type="copy forward" timems="8.180" contextid="2029" timestamp="2019-08-11T06:20:58.429">
  <memory-copied type="eden" objects="3" bytes="72" bytesdiscarded="0" />
  <memory-copied type="other" objects="14" bytes="320" bytesdiscarded="0" />
  <memory-cardclean objects="32" bytes="1304" />
  <regions eden="21" other="2" />
  <remembered-set-cleared processed="54492" cleared="16" durationms="0.452" />
  <stringconstants candidates="13599" cleared="0"  />
</gc-op>
<gc-op id="2033" type="classunload" timems="0.012" contextid="2029" timestamp="2019-08-11T06:20:58.429">
  <classunload-info classloadercandidates="53" classloadersunloaded="0" classesunloaded="0" anonymousclassesunloaded="0" quiescems="0.000" setupms="0.012" scanms="0.000" postms="0.000" />
</gc-op>
<gc-end id="2034" type="partial gc" contextid="2029" durationms="9.578" usertimems="27.312" systemtimems="0.000" timestamp="2019-08-11T06:20:58.430" activeThreads="16">
  <mem-info id="2035" free="90177536" total="146800640" percent="61">
    <mem type="eden" free="2097080" total="2097152" percent="99" />
    <remembered-set count="57376" freebytes="5639296" totalbytes="5868800" percent="96" regionsoverflowed="0" regionsstable="4" regionsrebuilding="0"/>
  </mem-info>
</gc-end>
<cycle-end id="2036" type="partial gc" contextid="2029" timestamp="2019-08-11T06:20:58.430" />
  <attribute name="elasticGC enabled" value="1" />
  <attribute name= "numThreadsSpecified" value="16" />
  <attribute name="heapSize specified" value="0" />
  <attribute name="Current GC Util" value="230" />
  <attribute name= "Current Time Running" value="169614" />
  <attribute name ="GC Interval" value="0" />
  <attribute name="ProportionalT" value="75.000000" />
  <attribute name="ProportionalI" value="75.000000" />
  <attribute name="ProportionalH" value="75.000000" />
  <attribute name="Current Error" value="150.000000" />
  <attribute name="IntegralT" value="75.000000" />
  <attribute name="IntegralI" value="75.000000" />
  <attribute name="IntegralH" value="75.000000" />
  <attribute name="DerivativeT" value="150.000000" />
  <attribute name="DerivativeI" value="150.000000" />
  <attribute name="DerivativeH" value="150.000000" />
  <attribute name="Loop Time for DT" value="1.000000" />
  <attribute name="Output H" value="8388608"/>
  <attribute name="Output I" value="304"/>
  <attribute name="Output T" value="16"/>
  <attribute name="Target GC Util Change" value ="80.000000" />
  <attribute name="Current GC Util Change" value="230.000000"/>
  <attribute name="GC Util currently" value="230" />
  <attribute name="CPU Util currently" value="1855743482611" />
<exclusive-end id="2037" timestamp="2019-08-11T06:20:58.430" durationms="10.765" />

<exclusive-start id="2038" timestamp="2019-08-11T06:20:58.651" intervalms="231.667">
  <response-info timems="0.203" idlems="0.203" threads="0" lastid="0000000001E02F00" lastname="main" />
</exclusive-start>
<allocation-taxation id="2039" taxation-threshold="44040192" timestamp="2019-08-11T06:20:58.651" intervalms="231.683" />
<cycle-start id="2040" type="partial gc" contextid="0" timestamp="2019-08-11T06:20:58.651" intervalms="231.627" />
<gc-start id="2041" type="partial gc" contextid="2040" timestamp="2019-08-11T06:20:58.651">
  <mem-info id="2042" free="46137344" total="146800640" percent="31">
    <mem type="eden" free="2097080" total="46137344" percent="4" />
    <remembered-set count="57376" freebytes="5639296" totalbytes="5868800" percent="96" regionsoverflowed="0" regionsstable="4" regionsrebuilding="0"/>
  </mem-info>
</gc-start>
<allocation-stats totalBytes="43978632" >
  <allocated-bytes non-tlh="0" tlh="43978632" arrayletleaf="0"/>
  <largest-consumer threadName="main" threadId="0000000001E02F00" bytes="43978632" />
</allocation-stats>
<gc-op id="2043" type="copy forward" timems="12.544" contextid="2040" timestamp="2019-08-11T06:20:58.665">
  <memory-copied type="eden" objects="41" bytes="2056" bytesdiscarded="592" />
  <memory-copied type="other" objects="37" bytes="1040" bytesdiscarded="744" />
  <memory-cardclean objects="130" bytes="5616" />
  <regions eden="21" other="3" />
  <remembered-set-cleared processed="54486" cleared="54" durationms="0.638" />
  <stringconstants candidates="13599" cleared="0"  />
</gc-op>
<gc-op id="2044" type="classunload" timems="0.016" contextid="2040" timestamp="2019-08-11T06:20:58.665">
  <classunload-info classloadercandidates="53" classloadersunloaded="0" classesunloaded="0" anonymousclassesunloaded="0" quiescems="0.000" setupms="0.016" scanms="0.000" postms="0.000" />
</gc-op>
<heap-resize id="2045" type="contract" space="default" amount="6291456" count="1" timems="0.126" reason="excess free space following gc" timestamp="2019-08-11T06:20:58.665" />
<gc-end id="2046" type="partial gc" contextid="2040" durationms="14.223" usertimems="27.682" systemtimems="0.000" timestamp="2019-08-11T06:20:58.666" activeThreads="16">
  <mem-info id="2047" free="85983232" total="140509184" percent="61">
    <mem type="eden" free="2094504" total="2097152" percent="99" />
    <remembered-set count="57536" freebytes="5638656" totalbytes="5868800" percent="96" regionsoverflowed="0" regionsstable="4" regionsrebuilding="0"/>
  </mem-info>
</gc-end>
<cycle-end id="2048" type="partial gc" contextid="2040" timestamp="2019-08-11T06:20:58.666" />
  <attribute name="elasticGC enabled" value="1" />
  <attribute name= "numThreadsSpecified" value="16" />
  <attribute name="heapSize specified" value="0" />
  <attribute name="Current GC Util" value="124" />
  <attribute name= "Current Time Running" value="169845" />
  <attribute name ="GC Interval" value="0" />
  <attribute name="ProportionalT" value="22.000000" />
  <attribute name="ProportionalI" value="22.000000" />
  <attribute name="ProportionalH" value="22.000000" />
  <attribute name="Current Error" value="44.000000" />
  <attribute name="IntegralT" value="22.000000" />
  <attribute name="IntegralI" value="22.000000" />
  <attribute name="IntegralH" value="22.000000" />
  <attribute name="DerivativeT" value="44.000000" />
  <attribute name="DerivativeI" value="44.000000" />
  <attribute name="DerivativeH" value="44.000000" />
  <attribute name="Loop Time for DT" value="1.000000" />
  <attribute name="Output H" value="8388608"/>
  <attribute name="Output I" value="200"/>
  <attribute name="Output T" value="16"/>
  <attribute name="Target GC Util Change" value ="80.000000" />
  <attribute name="Current GC Util Change" value="124.000000"/>
  <attribute name="GC Util currently" value="124" />
  <attribute name="CPU Util currently" value="1698812908328" />
<exclusive-end id="2049" timestamp="2019-08-11T06:20:58.666" durationms="14.930" />

<exclusive-start id="2050" timestamp="2019-08-11T06:20:58.833" intervalms="181.625">
  <response-info timems="0.248" idlems="0.248" threads="0" lastid="0000000001E02F00" lastname="main" />
</exclusive-start>
<allocation-taxation id="2051" taxation-threshold="41943040" timestamp="2019-08-11T06:20:58.833" intervalms="181.617" />
<cycle-start id="2052" type="partial gc" contextid="0" timestamp="2019-08-11T06:20:58.833" intervalms="181.577" />
<gc-start id="2053" type="partial gc" contextid="2052" timestamp="2019-08-11T06:20:58.833">
  <mem-info id="2054" free="44040192" total="140509184" percent="31">
    <mem type="eden" free="0" total="41943040" percent="0" />
    <remembered-set count="57088" freebytes="5640448" totalbytes="5868800" percent="96" regionsoverflowed="0" regionsstable="4" regionsrebuilding="0"/>
  </mem-info>
</gc-start>
<allocation-stats totalBytes="41900496" >
  <allocated-bytes non-tlh="0" tlh="41900496" arrayletleaf="0"/>
  <largest-consumer threadName="main" threadId="0000000001E02F00" bytes="41900496" />
</allocation-stats>
<gc-op id="2055" type="copy forward" timems="8.713" contextid="2052" timestamp="2019-08-11T06:20:58.843">
  <memory-copied type="eden" objects="30" bytes="1376" bytesdiscarded="0" />
  <memory-copied type="other" objects="24" bytes="1544" bytesdiscarded="784" />
  <memory-cardclean objects="108" bytes="4208" />
  <regions eden="20" other="3" />
  <remembered-set-cleared processed="54485" cleared="46" durationms="0.826" />
  <stringconstants candidates="13599" cleared="0"  />
</gc-op>
<gc-op id="2056" type="classunload" timems="0.012" contextid="2052" timestamp="2019-08-11T06:20:58.843">
  <classunload-info classloadercandidates="53" classloadersunloaded="0" classesunloaded="0" anonymousclassesunloaded="0" quiescems="0.000" setupms="0.012" scanms="0.000" postms="0.000" />
</gc-op>
<gc-end id="2057" type="partial gc" contextid="2052" durationms="10.375" usertimems="31.917" systemtimems="0.000" timestamp="2019-08-11T06:20:58.844" activeThreads="16">
  <mem-info id="2058" free="85983232" total="140509184" percent="61">
    <mem type="eden" free="2095776" total="2097152" percent="99" />
    <remembered-set count="57728" freebytes="5386368" totalbytes="5617280" percent="95" regionsoverflowed="0" regionsstable="4" regionsrebuilding="0"/>
  </mem-info>
</gc-end>
<cycle-end id="2059" type="partial gc" contextid="2052" timestamp="2019-08-11T06:20:58.844" />
  <attribute name="elasticGC enabled" value="1" />
  <attribute name= "numThreadsSpecified" value="16" />
  <attribute name="heapSize specified" value="0" />
  <attribute name="Current GC Util" value="116" />
  <attribute name= "Current Time Running" value="170027" />
  <attribute name ="GC Interval" value="0" />
  <attribute name="ProportionalT" value="18.000000" />
  <attribute name="ProportionalI" value="18.000000" />
  <attribute name="ProportionalH" value="18.000000" />
  <attribute name="Current Error" value="36.000000" />
  <attribute name="IntegralT" value="18.000000" />
  <attribute name="IntegralI" value="18.000000" />
  <attribute name="IntegralH" value="18.000000" />
  <attribute name="DerivativeT" value="36.000000" />
  <attribute name="DerivativeI" value="36.000000" />
  <attribute name="DerivativeH" value="36.000000" />
  <attribute name="Loop Time for DT" value="1.000000" />
  <attribute name="Output H" value="8388608"/>
  <attribute name="Output I" value="200"/>
  <attribute name="Output T" value="16"/>
  <attribute name="Target GC Util Change" value ="80.000000" />
  <attribute name="Current GC Util Change" value="116.000000"/>
  <attribute name="GC Util currently" value="116" />
  <attribute name="CPU Util currently" value="1140882868598" />
<exclusive-end id="2060" timestamp="2019-08-11T06:20:58.845" durationms="12.446" />

<exclusive-start id="2061" timestamp="2019-08-11T06:20:58.889" intervalms="56.342">
  <response-info timems="0.153" idlems="0.153" threads="0" lastid="0000000001E02F00" lastname="main" />
</exclusive-start>
<allocation-taxation id="2062" taxation-threshold="41943040" timestamp="2019-08-11T06:20:58.889" intervalms="56.328" />
<cycle-start id="2063" type="partial gc" contextid="0" timestamp="2019-08-11T06:20:58.889" intervalms="56.355" />
<gc-start id="2064" type="partial gc" contextid="2063" timestamp="2019-08-11T06:20:58.889">
  <mem-info id="2065" free="44040192" total="140509184" percent="31">
    <mem type="eden" free="0" total="41943040" percent="0" />
    <remembered-set count="57728" freebytes="5386368" totalbytes="5617280" percent="95" regionsoverflowed="0" regionsstable="4" regionsrebuilding="0"/>
  </mem-info>
</gc-start>
<allocation-stats totalBytes="41910992" >
  <allocated-bytes non-tlh="0" tlh="41910992" arrayletleaf="0"/>
  <largest-consumer threadName="main" threadId="0000000001E02F00" bytes="41910992" />
</allocation-stats>
<gc-op id="2066" type="copy forward" timems="9.830" contextid="2063" timestamp="2019-08-11T06:20:58.900">
  <memory-copied type="eden" objects="4" bytes="288" bytesdiscarded="0" />
  <memory-copied type="other" objects="64" bytes="2112" bytesdiscarded="1360" />
  <memory-cardclean objects="88" bytes="12112" />
  <regions eden="20" other="3" />
  <remembered-set-cleared processed="54473" cleared="50" durationms="0.803" />
  <references type="weak" candidates="2" cleared="0" enqueued="0" />
  <stringconstants candidates="13599" cleared="0"  />
</gc-op>
<gc-op id="2067" type="classunload" timems="0.011" contextid="2063" timestamp="2019-08-11T06:20:58.900">
  <classunload-info classloadercandidates="53" classloadersunloaded="0" classesunloaded="0" anonymousclassesunloaded="0" quiescems="0.000" setupms="0.011" scanms="0.000" postms="0.000" />
</gc-op>
<gc-end id="2068" type="partial gc" contextid="2063" durationms="11.112" usertimems="34.991" systemtimems="0.000" timestamp="2019-08-11T06:20:58.900" activeThreads="16">
  <mem-info id="2069" free="85983232" total="140509184" percent="61">
    <mem type="eden" free="2096864" total="2097152" percent="99" />
    <remembered-set count="58656" freebytes="5382656" totalbytes="5617280" percent="95" regionsoverflowed="0" regionsstable="4" regionsrebuilding="0"/>
  </mem-info>
</gc-end>
<cycle-end id="2070" type="partial gc" contextid="2063" timestamp="2019-08-11T06:20:58.901" />
  <attribute name="elasticGC enabled" value="1" />
  <attribute name= "numThreadsSpecified" value="16" />
  <attribute name="heapSize specified" value="0" />
  <attribute name="Current GC Util" value="164" />
  <attribute name= "Current Time Running" value="170083" />
  <attribute name ="GC Interval" value="0" />
  <attribute name="ProportionalT" value="42.000000" />
  <attribute name="ProportionalI" value="42.000000" />
  <attribute name="ProportionalH" value="42.000000" />
  <attribute name="Current Error" value="84.000000" />
  <attribute name="IntegralT" value="42.000000" />
  <attribute name="IntegralI" value="42.000000" />
  <attribute name="IntegralH" value="42.000000" />
  <attribute name="DerivativeT" value="84.000000" />
  <attribute name="DerivativeI" value="84.000000" />
  <attribute name="DerivativeH" value="84.000000" />
  <attribute name="Loop Time for DT" value="1.000000" />
  <attribute name="Output H" value="8388608"/>
  <attribute name="Output I" value="200"/>
  <attribute name="Output T" value="16"/>
  <attribute name="Target GC Util Change" value ="80.000000" />
  <attribute name="Current GC Util Change" value="164.000000"/>
  <attribute name="GC Util currently" value="164" />
  <attribute name="CPU Util currently" value="1936888846480" />
<exclusive-end id="2071" timestamp="2019-08-11T06:20:58.901" durationms="11.873" />

<exclusive-start id="2072" timestamp="2019-08-11T06:20:59.102" intervalms="212.734">
  <response-info timems="0.042" idlems="0.042" threads="0" lastid="0000000001E02F00" lastname="main" />
</exclusive-start>
<allocation-taxation id="2073" taxation-threshold="41943040" timestamp="2019-08-11T06:20:59.102" intervalms="212.730" />
<cycle-start id="2074" type="partial gc" contextid="0" timestamp="2019-08-11T06:20:59.102" intervalms="212.704" />
<gc-start id="2075" type="partial gc" contextid="2074" timestamp="2019-08-11T06:20:59.102">
  <mem-info id="2076" free="44040192" total="140509184" percent="31">
    <mem type="eden" free="2096864" total="44040192" percent="4" />
    <remembered-set count="58656" freebytes="5382656" totalbytes="5617280" percent="95" regionsoverflowed="0" regionsstable="4" regionsrebuilding="0"/>
  </mem-info>
</gc-start>
<allocation-stats totalBytes="41896944" >
  <allocated-bytes non-tlh="3776" tlh="41893168" arrayletleaf="0"/>
  <largest-consumer threadName="main" threadId="0000000001E02F00" bytes="41896944" />
</allocation-stats>
<gc-op id="2077" type="copy forward" timems="8.480" contextid="2074" timestamp="2019-08-11T06:20:59.112">
  <memory-copied type="eden" objects="1072" bytes="54232" bytesdiscarded="5008" />
  <memory-copied type="other" objects="7" bytes="160" bytesdiscarded="0" />
  <memory-cardclean objects="551" bytes="34192" />
  <regions eden="20" other="2" />
  <remembered-set-cleared processed="54475" cleared="130" durationms="0.456" />
  <references type="soft" candidates="16" cleared="0" enqueued="0" dynamicThreshold="19" maxThreshold="32" />
  <references type="weak" candidates="62" cleared="0" enqueued="0" />
  <stringconstants candidates="13636" cleared="0"  />
</gc-op>
<gc-op id="2078" type="classunload" timems="0.009" contextid="2074" timestamp="2019-08-11T06:20:59.112">
  <classunload-info classloadercandidates="53" classloadersunloaded="0" classesunloaded="0" anonymousclassesunloaded="0" quiescems="0.000" setupms="0.009" scanms="0.000" postms="0.000" />
</gc-op>
<gc-end id="2079" type="partial gc" contextid="2074" durationms="9.845" usertimems="21.271" systemtimems="0.000" timestamp="2019-08-11T06:20:59.112" activeThreads="16">
  <mem-info id="2080" free="83886080" total="140509184" percent="59">
    <mem type="eden" free="4135032" total="4194304" percent="98" />
    <remembered-set count="61408" freebytes="5371648" totalbytes="5617280" percent="95" regionsoverflowed="0" regionsstable="4" regionsrebuilding="0"/>
  </mem-info>
</gc-end>
<cycle-end id="2081" type="partial gc" contextid="2074" timestamp="2019-08-11T06:20:59.112" />
  <attribute name="elasticGC enabled" value="1" />
  <attribute name= "numThreadsSpecified" value="16" />
  <attribute name="heapSize specified" value="0" />
  <attribute name="Current GC Util" value="141" />
  <attribute name= "Current Time Running" value="170296" />
  <attribute name ="GC Interval" value="0" />
  <attribute name="ProportionalT" value="30.500000" />
  <attribute name="ProportionalI" value="30.500000" />
  <attribute name="ProportionalH" value="30.500000" />
  <attribute name="Current Error" value="61.000000" />
  <attribute name="IntegralT" value="30.500000" />
  <attribute name="IntegralI" value="30.500000" />
  <attribute name="IntegralH" value="30.500000" />
  <attribute name="DerivativeT" value="61.000000" />
  <attribute name="DerivativeI" value="61.000000" />
  <attribute name="DerivativeH" value="61.000000" />
  <attribute name="Loop Time for DT" value="1.000000" />
  <attribute name="Output H" value="8388608"/>
  <attribute name="Output I" value="200"/>
  <attribute name="Output T" value="16"/>
  <attribute name="Target GC Util Change" value ="80.000000" />
  <attribute name="Current GC Util Change" value="141.000000"/>
  <attribute name="GC Util currently" value="141" />
  <attribute name="CPU Util currently" value="1743390337929" />
<exclusive-end id="2082" timestamp="2019-08-11T06:20:59.112" durationms="10.554" />

<exclusive-start id="2083" timestamp="2019-08-11T06:20:59.226" intervalms="124.775">
  <response-info timems="0.101" idlems="0.101" threads="0" lastid="0000000001E02F00" lastname="main" />
</exclusive-start>
<allocation-taxation id="2084" taxation-threshold="41943040" timestamp="2019-08-11T06:20:59.226" intervalms="124.791" />
<cycle-start id="2085" type="partial gc" contextid="0" timestamp="2019-08-11T06:20:59.227" intervalms="124.810" />
<gc-start id="2086" type="partial gc" contextid="2085" timestamp="2019-08-11T06:20:59.227">
  <mem-info id="2087" free="41943040" total="140509184" percent="29">
    <mem type="eden" free="0" total="41943040" percent="0" />
    <remembered-set count="60960" freebytes="5373440" totalbytes="5617280" percent="95" regionsoverflowed="0" regionsstable="4" regionsrebuilding="0"/>
  </mem-info>
</gc-start>
<allocation-stats totalBytes="41872784" >
  <allocated-bytes non-tlh="0" tlh="41872784" arrayletleaf="0"/>
  <largest-consumer threadName="main" threadId="0000000001E02F00" bytes="41872784" />
</allocation-stats>
<gc-op id="2088" type="copy forward" timems="8.310" contextid="2085" timestamp="2019-08-11T06:20:59.236">
  <memory-copied type="eden" objects="3" bytes="2088" bytesdiscarded="0" />
  <memory-copied type="other" objects="1075" bytes="54096" bytesdiscarded="3592" />
  <memory-cardclean objects="175" bytes="19624" />
  <regions eden="20" other="3" />
  <remembered-set-cleared processed="54517" cleared="152" durationms="0.366" />
  <references type="soft" candidates="16" cleared="0" enqueued="0" dynamicThreshold="19" maxThreshold="32" />
  <references type="weak" candidates="62" cleared="0" enqueued="0" />
  <stringconstants candidates="13636" cleared="0"  />
</gc-op>
<gc-op id="2089" type="classunload" timems="0.009" contextid="2085" timestamp="2019-08-11T06:20:59.236">
  <classunload-info classloadercandidates="53" classloadersunloaded="0" classesunloaded="0" anonymousclassesunloaded="0" quiescems="0.000" setupms="0.009" scanms="0.000" postms="0.000" />
</gc-op>
<gc-end id="2090" type="partial gc" contextid="2085" durationms="9.655" usertimems="23.432" systemtimems="0.000" timestamp="2019-08-11T06:20:59.237" activeThreads="16">
  <mem-info id="2091" free="83886080" total="140509184" percent="59">
    <mem type="eden" free="2095064" total="2097152" percent="99" />
    <remembered-set count="60480" freebytes="5375360" totalbytes="5617280" percent="95" regionsoverflowed="0" regionsstable="4" regionsrebuilding="0"/>
  </mem-info>
</gc-end>
<cycle-end id="2092" type="partial gc" contextid="2085" timestamp="2019-08-11T06:20:59.237" />
  <attribute name="elasticGC enabled" value="1" />
  <attribute name= "numThreadsSpecified" value="16" />
  <attribute name="heapSize specified" value="0" />
  <attribute name="Current GC Util" value="213" />
  <attribute name= "Current Time Running" value="170421" />
  <attribute name ="GC Interval" value="0" />
  <attribute name="ProportionalT" value="66.500000" />
  <attribute name="ProportionalI" value="66.500000" />
  <attribute name="ProportionalH" value="66.500000" />
  <attribute name="Current Error" value="133.000000" />
  <attribute name="IntegralT" value="66.500000" />
  <attribute name="IntegralI" value="66.500000" />
  <attribute name="IntegralH" value="66.500000" />
  <attribute name="DerivativeT" value="133.000000" />
  <attribute name="DerivativeI" value="133.000000" />
  <attribute name="DerivativeH" value="133.000000" />
  <attribute name="Loop Time for DT" value="1.000000" />
  <attribute name="Output H" value="8388608"/>
  <attribute name="Output I" value="272"/>
  <attribute name="Output T" value="16"/>
  <attribute name="Target GC Util Change" value ="80.000000" />
  <attribute name="Current GC Util Change" value="213.000000"/>
  <attribute name="GC Util currently" value="213" />
  <attribute name="CPU Util currently" value="1596711442590" />
<exclusive-end id="2093" timestamp="2019-08-11T06:20:59.237" durationms="10.501" />

<exclusive-start id="2094" timestamp="2019-08-11T06:21:00.056" intervalms="829.510">
  <response-info timems="0.336" idlems="0.336" threads="0" lastid="0000000001E02F00" lastname="main" />
</exclusive-start>
<allocation-taxation id="2095" taxation-threshold="41943040" timestamp="2019-08-11T06:21:00.056" intervalms="829.512" />
<cycle-start id="2096" type="partial gc" contextid="0" timestamp="2019-08-11T06:21:00.056" intervalms="829.521" />
<gc-start id="2097" type="partial gc" contextid="2096" timestamp="2019-08-11T06:21:00.057">
  <mem-info id="2098" free="41943040" total="140509184" percent="29">
    <mem type="eden" free="2095064" total="44040192" percent="4" />
    <remembered-set count="60032" freebytes="5377152" totalbytes="5617280" percent="95" regionsoverflowed="0" regionsstable="4" regionsrebuilding="0"/>
  </mem-info>
</gc-start>
<allocation-stats totalBytes="41919104" >
  <allocated-bytes non-tlh="0" tlh="41919104" arrayletleaf="0"/>
  <largest-consumer threadName="main" threadId="0000000001E02F00" bytes="41919104" />
</allocation-stats>
<gc-op id="2099" type="copy forward" timems="11.570" contextid="2096" timestamp="2019-08-11T06:21:00.070">
  <memory-copied type="eden" objects="67" bytes="2176" bytesdiscarded="1184" />
  <memory-copied type="other" objects="47" bytes="5216" bytesdiscarded="1960" />
  <memory-cardclean objects="200" bytes="16144" />
  <regions eden="20" other="3" />
  <remembered-set-cleared processed="54541" cleared="88" durationms="1.748" />
  <references type="weak" candidates="38" cleared="0" enqueued="0" />
  <stringconstants candidates="13636" cleared="0"  />
</gc-op>
<gc-op id="2100" type="classunload" timems="0.013" contextid="2096" timestamp="2019-08-11T06:21:00.070">
  <classunload-info classloadercandidates="53" classloadersunloaded="0" classesunloaded="0" anonymousclassesunloaded="0" quiescems="0.000" setupms="0.013" scanms="0.000" postms="0.000" />
</gc-op>
<heap-resize id="2101" type="contract" space="default" amount="8388608" count="1" timems="0.233" reason="insufficient time being spent in gc" timestamp="2019-08-11T06:21:00.070" />
<gc-end id="2102" type="partial gc" contextid="2096" durationms="14.285" usertimems="41.283" systemtimems="0.000" timestamp="2019-08-11T06:21:00.071" activeThreads="16">
  <mem-info id="2103" free="77594624" total="132120576" percent="58">
    <mem type="eden" free="2093792" total="2097152" percent="99" />
    <remembered-set count="59040" freebytes="5381120" totalbytes="5617280" percent="95" regionsoverflowed="0" regionsstable="4" regionsrebuilding="0"/>
  </mem-info>
</gc-end>
<cycle-end id="2104" type="partial gc" contextid="2096" timestamp="2019-08-11T06:21:00.071" />
  <attribute name="elasticGC enabled" value="1" />
  <attribute name= "numThreadsSpecified" value="16" />
  <attribute name="heapSize specified" value="0" />
  <attribute name="Current GC Util" value="64" />
  <attribute name= "Current Time Running" value="171251" />
  <attribute name ="GC Interval" value="0" />
  <attribute name="ProportionalT" value="-8.000000" />
  <attribute name="ProportionalI" value="-8.000000" />
  <attribute name="ProportionalH" value="-8.000000" />
  <attribute name="Current Error" value="-16.000000" />
  <attribute name="IntegralT" value="-8.000000" />
  <attribute name="IntegralI" value="-8.000000" />
  <attribute name="IntegralH" value="-8.000000" />
  <attribute name="DerivativeT" value="-16.000000" />
  <attribute name="DerivativeI" value="-16.000000" />
  <attribute name="DerivativeH" value="-16.000000" />
  <attribute name="Loop Time for DT" value="1.000000" />
  <attribute name="Output H" value="4202627072"/>
  <attribute name="Output I" value="200"/>
  <attribute name="Output T" value="16"/>
  <attribute name="Target GC Util Change" value ="80.000000" />
  <attribute name="Current GC Util Change" value="64.000000"/>
  <attribute name="GC Util currently" value="64" />
  <attribute name="CPU Util currently" value="1036845566119" />
<exclusive-end id="2105" timestamp="2019-08-11T06:21:00.072" durationms="15.970" />

<exclusive-start id="2106" timestamp="2019-08-11T06:21:00.240" intervalms="183.990">
  <response-info timems="0.261" idlems="0.261" threads="0" lastid="0000000001E02F00" lastname="main" />
</exclusive-start>
<allocation-taxation id="2107" taxation-threshold="39845888" timestamp="2019-08-11T06:21:00.240" intervalms="184.000" />
<cycle-start id="2108" type="partial gc" contextid="0" timestamp="2019-08-11T06:21:00.240" intervalms="183.961" />
<gc-start id="2109" type="partial gc" contextid="2108" timestamp="2019-08-11T06:21:00.240">
  <mem-info id="2110" free="37748736" total="132120576" percent="28">
    <mem type="eden" free="0" total="39845888" percent="0" />
    <remembered-set count="58624" freebytes="5382784" totalbytes="5617280" percent="95" regionsoverflowed="0" regionsstable="4" regionsrebuilding="0"/>
  </mem-info>
</gc-start>
<allocation-stats totalBytes="39838528" >
  <allocated-bytes non-tlh="0" tlh="39838528" arrayletleaf="0"/>
  <largest-consumer threadName="main" threadId="0000000001E02F00" bytes="39838528" />
</allocation-stats>
<gc-op id="2111" type="copy forward" timems="8.335" contextid="2108" timestamp="2019-08-11T06:21:00.251">
  <memory-copied type="eden" objects="5" bytes="240" bytesdiscarded="0" />
  <memory-copied type="other" objects="63" bytes="1960" bytesdiscarded="400" />
  <memory-cardclean objects="54" bytes="10696" />
  <regions eden="19" other="1" />
  <remembered-set-cleared processed="54530" cleared="28" durationms="0.480" />
  <references type="weak" candidates="34" cleared="0" enqueued="0" />
  <stringconstants candidates="13636" cleared="0"  />
</gc-op>
<gc-op id="2112" type="classunload" timems="0.012" contextid="2108" timestamp="2019-08-11T06:21:00.251">
  <classunload-info classloadercandidates="53" classloadersunloaded="0" classesunloaded="0" anonymousclassesunloaded="0" quiescems="0.000" setupms="0.012" scanms="0.000" postms="0.000" />
</gc-op>
<heap-resize id="2113" type="contract" space="default" amount="8388608" count="1" timems="0.237" reason="insufficient time being spent in gc" timestamp="2019-08-11T06:21:00.252" />
<gc-end id="2114" type="partial gc" contextid="2108" durationms="11.119" usertimems="35.055" systemtimems="0.000" timestamp="2019-08-11T06:21:00.252" activeThreads="16">
  <mem-info id="2115" free="67108864" total="123731968" percent="54">
    <mem type="eden" free="2096912" total="2097152" percent="99" />
    <remembered-set count="58592" freebytes="5047552" totalbytes="5281920" percent="95" regionsoverflowed="0" regionsstable="4" regionsrebuilding="0"/>
  </mem-info>
</gc-end>
<cycle-end id="2116" type="partial gc" contextid="2108" timestamp="2019-08-11T06:21:00.252" />
  <attribute name="elasticGC enabled" value="1" />
  <attribute name= "numThreadsSpecified" value="16" />
  <attribute name="heapSize specified" value="0" />
  <attribute name="Current GC Util" value="54" />
  <attribute name= "Current Time Running" value="171435" />
  <attribute name ="GC Interval" value="0" />
  <attribute name="ProportionalT" value="-13.000000" />
  <attribute name="ProportionalI" value="-13.000000" />
  <attribute name="ProportionalH" value="-13.000000" />
  <attribute name="Current Error" value="-26.000000" />
  <attribute name="IntegralT" value="-26.000000" />
  <attribute name="IntegralI" value="-26.000000" />
  <attribute name="IntegralH" value="-26.000000" />
  <attribute name="DerivativeT" value="-13.000000" />
  <attribute name="DerivativeI" value="-13.000000" />
  <attribute name="DerivativeH" value="-13.000000" />
  <attribute name="Loop Time for DT" value="2.000000" />
  <attribute name="Output H" value="4202627072"/>
  <attribute name="Output I" value="200"/>
  <attribute name="Output T" value="16"/>
  <attribute name="Target GC Util Change" value ="80.000000" />
  <attribute name="Current GC Util Change" value="54.000000"/>
  <attribute name="GC Util currently" value="54" />
  <attribute name="CPU Util currently" value="647333016242" />
<exclusive-end id="2117" timestamp="2019-08-11T06:21:00.252" durationms="11.993" />

<exclusive-start id="2118" timestamp="2019-08-11T06:21:00.387" intervalms="147.198">
  <response-info timems="0.104" idlems="0.104" threads="0" lastid="0000000001E02F00" lastname="main" />
</exclusive-start>
<allocation-taxation id="2119" taxation-threshold="37748736" timestamp="2019-08-11T06:21:00.387" intervalms="147.210" />
<cycle-start id="2120" type="partial gc" contextid="0" timestamp="2019-08-11T06:21:00.387" intervalms="147.325" />
<gc-start id="2121" type="partial gc" contextid="2120" timestamp="2019-08-11T06:21:00.388">
  <mem-info id="2122" free="29360128" total="123731968" percent="23">
    <mem type="eden" free="2096912" total="39845888" percent="5" />
    <remembered-set count="58112" freebytes="5049472" totalbytes="5281920" percent="95" regionsoverflowed="0" regionsstable="4" regionsrebuilding="0"/>
  </mem-info>
</gc-start>
<allocation-stats totalBytes="37741960" >
  <allocated-bytes non-tlh="0" tlh="37741960" arrayletleaf="0"/>
  <largest-consumer threadName="main" threadId="0000000001E02F00" bytes="37741960" />
</allocation-stats>
<gc-op id="2123" type="copy forward" timems="8.965" contextid="2120" timestamp="2019-08-11T06:21:00.399">
  <memory-copied type="eden" objects="2" bytes="40" bytesdiscarded="0" />
  <memory-copied type="other" objects="0" bytes="0" bytesdiscarded="0" />
  <memory-cardclean objects="22" bytes="1104" />
  <regions eden="18" other="1" />
  <remembered-set-cleared processed="54535" cleared="7" durationms="0.460" />
  <stringconstants candidates="13636" cleared="0"  />
</gc-op>
<gc-op id="2124" type="classunload" timems="0.037" contextid="2120" timestamp="2019-08-11T06:21:00.399">
  <classunload-info classloadercandidates="53" classloadersunloaded="0" classesunloaded="0" anonymousclassesunloaded="0" quiescems="0.000" setupms="0.036" scanms="0.000" postms="0.000" />
</gc-op>
<heap-resize id="2125" type="contract" space="default" amount="6291456" count="1" timems="0.240" reason="insufficient time being spent in gc" timestamp="2019-08-11T06:21:00.399" />
<gc-end id="2126" type="partial gc" contextid="2120" durationms="11.541" usertimems="36.926" systemtimems="0.000" timestamp="2019-08-11T06:21:00.399" activeThreads="16">
  <mem-info id="2127" free="60817408" total="117440512" percent="51">
    <mem type="eden" free="2097112" total="2097152" percent="99" />
    <remembered-set count="57824" freebytes="4715264" totalbytes="4946560" percent="95" regionsoverflowed="0" regionsstable="4" regionsrebuilding="0"/>
  </mem-info>
</gc-end>
<cycle-end id="2128" type="partial gc" contextid="2120" timestamp="2019-08-11T06:21:00.399" />
  <attribute name="elasticGC enabled" value="1" />
  <attribute name= "numThreadsSpecified" value="16" />
  <attribute name="heapSize specified" value="0" />
  <attribute name="Current GC Util" value="52" />
  <attribute name= "Current Time Running" value="171582" />
  <attribute name ="GC Interval" value="0" />
  <attribute name="ProportionalT" value="-14.000000" />
  <attribute name="ProportionalI" value="-14.000000" />
  <attribute name="ProportionalH" value="-14.000000" />
  <attribute name="Current Error" value="-28.000000" />
  <attribute name="IntegralT" value="-14.000000" />
  <attribute name="IntegralI" value="-14.000000" />
  <attribute name="IntegralH" value="-14.000000" />
  <attribute name="DerivativeT" value="-28.000000" />
  <attribute name="DerivativeI" value="-28.000000" />
  <attribute name="DerivativeH" value="-28.000000" />
  <attribute name="Loop Time for DT" value="1.000000" />
  <attribute name="Output H" value="4202627072"/>
  <attribute name="Output I" value="200"/>
  <attribute name="Output T" value="16"/>
  <attribute name="Target GC Util Change" value ="80.000000" />
  <attribute name="Current GC Util Change" value="52.000000"/>
  <attribute name="GC Util currently" value="52" />
  <attribute name="CPU Util currently" value="701788595545" />
<exclusive-end id="2129" timestamp="2019-08-11T06:21:00.400" durationms="12.445" />

<exclusive-start id="2130" timestamp="2019-08-11T06:21:00.490" intervalms="103.014">
  <response-info timems="0.019" idlems="0.019" threads="0" lastid="0000000001E02F00" lastname="main" />
</exclusive-start>
<allocation-taxation id="2131" taxation-threshold="35651584" timestamp="2019-08-11T06:21:00.490" intervalms="102.981" />
<cycle-start id="2132" type="partial gc" contextid="0" timestamp="2019-08-11T06:21:00.490" intervalms="102.876" />
<gc-start id="2133" type="partial gc" contextid="2132" timestamp="2019-08-11T06:21:00.491">
  <mem-info id="2134" free="25165824" total="117440512" percent="21">
    <mem type="eden" free="2097112" total="37748736" percent="5" />
    <remembered-set count="57344" freebytes="4717184" totalbytes="4946560" percent="95" regionsoverflowed="0" regionsstable="4" regionsrebuilding="0"/>
  </mem-info>
</gc-start>
<allocation-stats totalBytes="35644752" >
  <allocated-bytes non-tlh="0" tlh="35644752" arrayletleaf="0"/>
  <largest-consumer threadName="main" threadId="0000000001E02F00" bytes="35644752" />
</allocation-stats>
<gc-op id="2135" type="copy forward" timems="9.717" contextid="2132" timestamp="2019-08-11T06:21:00.502">
  <memory-copied type="eden" objects="3" bytes="120" bytesdiscarded="0" />
  <memory-copied type="other" objects="0" bytes="0" bytesdiscarded="0" />
  <memory-cardclean objects="22" bytes="1104" />
  <regions eden="17" other="1" />
  <remembered-set-cleared processed="54533" cleared="5" durationms="0.430" />
  <stringconstants candidates="13636" cleared="0"  />
</gc-op>
<gc-op id="2136" type="classunload" timems="0.033" contextid="2132" timestamp="2019-08-11T06:21:00.502">
  <classunload-info classloadercandidates="53" classloadersunloaded="0" classesunloaded="0" anonymousclassesunloaded="0" quiescems="0.000" setupms="0.033" scanms="0.000" postms="0.000" />
</gc-op>
<gc-end id="2137" type="partial gc" contextid="2132" durationms="12.144" usertimems="20.265" systemtimems="0.000" timestamp="2019-08-11T06:21:00.503" activeThreads="16">
  <mem-info id="2138" free="60817408" total="117440512" percent="51">
    <mem type="eden" free="2097032" total="2097152" percent="99" />
    <remembered-set count="58336" freebytes="4461696" totalbytes="4695040" percent="95" regionsoverflowed="0" regionsstable="4" regionsrebuilding="0"/>
  </mem-info>
</gc-end>
<cycle-end id="2139" type="partial gc" contextid="2132" timestamp="2019-08-11T06:21:00.503" />
  <attribute name="elasticGC enabled" value="1" />
  <attribute name= "numThreadsSpecified" value="16" />
  <attribute name="heapSize specified" value="0" />
  <attribute name="Current GC Util" value="161" />
  <attribute name= "Current Time Running" value="171685" />
  <attribute name ="GC Interval" value="0" />
  <attribute name="ProportionalT" value="40.500000" />
  <attribute name="ProportionalI" value="40.500000" />
  <attribute name="ProportionalH" value="40.500000" />
  <attribute name="Current Error" value="81.000000" />
  <attribute name="IntegralT" value="81.000000" />
  <attribute name="IntegralI" value="81.000000" />
  <attribute name="IntegralH" value="81.000000" />
  <attribute name="DerivativeT" value="40.500000" />
  <attribute name="DerivativeI" value="40.500000" />
  <attribute name="DerivativeH" value="40.500000" />
  <attribute name="Loop Time for DT" value="2.000000" />
  <attribute name="Output H" value="8388608"/>
  <attribute name="Output I" value="200"/>
  <attribute name="Output T" value="16"/>
  <attribute name="Target GC Util Change" value ="80.000000" />
  <attribute name="Current GC Util Change" value="161.000000"/>
  <attribute name="GC Util currently" value="161" />
  <attribute name="CPU Util currently" value="663753244114" />
<exclusive-end id="2140" timestamp="2019-08-11T06:21:00.503" durationms="12.843" />

<exclusive-start id="2141" timestamp="2019-08-11T06:21:00.586" intervalms="96.256">
  <response-info timems="0.016" idlems="0.016" threads="0" lastid="0000000001E02F00" lastname="main" />
</exclusive-start>
<allocation-taxation id="2142" taxation-threshold="35651584" timestamp="2019-08-11T06:21:00.586" intervalms="96.257" />
<cycle-start id="2143" type="partial gc" contextid="0" timestamp="2019-08-11T06:21:00.587" intervalms="96.316" />
<gc-start id="2144" type="partial gc" contextid="2143" timestamp="2019-08-11T06:21:00.587">
  <mem-info id="2145" free="25165824" total="117440512" percent="21">
    <mem type="eden" free="2097032" total="37748736" percent="5" />
    <remembered-set count="57856" freebytes="4463616" totalbytes="4695040" percent="95" regionsoverflowed="0" regionsstable="4" regionsrebuilding="0"/>
  </mem-info>
</gc-start>
<allocation-stats totalBytes="35645256" >
  <allocated-bytes non-tlh="0" tlh="35645256" arrayletleaf="0"/>
  <largest-consumer threadName="main" threadId="0000000001E02F00" bytes="35645256" />
</allocation-stats>
<gc-op id="2146" type="copy forward" timems="19.302" contextid="2143" timestamp="2019-08-11T06:21:00.608">
  <memory-copied type="eden" objects="1" bytes="24" bytesdiscarded="0" />
  <memory-copied type="other" objects="0" bytes="0" bytesdiscarded="0" />
  <memory-cardclean objects="22" bytes="1104" />
  <regions eden="17" other="1" />
  <remembered-set-cleared processed="54534" cleared="6" durationms="0.470" />
  <stringconstants candidates="13636" cleared="0"  />
</gc-op>
<gc-op id="2147" type="classunload" timems="0.010" contextid="2143" timestamp="2019-08-11T06:21:00.608">
  <classunload-info classloadercandidates="53" classloadersunloaded="0" classesunloaded="0" anonymousclassesunloaded="0" quiescems="0.000" setupms="0.010" scanms="0.000" postms="0.000" />
</gc-op>
<gc-end id="2148" type="partial gc" contextid="2143" durationms="21.253" usertimems="31.461" systemtimems="0.000" timestamp="2019-08-11T06:21:00.609" activeThreads="16">
  <mem-info id="2149" free="60817408" total="117440512" percent="51">
    <mem type="eden" free="2097128" total="2097152" percent="99" />
    <remembered-set count="57312" freebytes="4465792" totalbytes="4695040" percent="95" regionsoverflowed="0" regionsstable="4" regionsrebuilding="0"/>
  </mem-info>
</gc-end>
<cycle-end id="2150" type="partial gc" contextid="2143" timestamp="2019-08-11T06:21:00.609" />
  <attribute name="elasticGC enabled" value="1" />
  <attribute name= "numThreadsSpecified" value="16" />
  <attribute name="heapSize specified" value="0" />
  <attribute name="Current GC Util" value="207" />
  <attribute name= "Current Time Running" value="171781" />
  <attribute name ="GC Interval" value="0" />
  <attribute name="ProportionalT" value="63.500000" />
  <attribute name="ProportionalI" value="63.500000" />
  <attribute name="ProportionalH" value="63.500000" />
  <attribute name="Current Error" value="127.000000" />
  <attribute name="IntegralT" value="63.500000" />
  <attribute name="IntegralI" value="63.500000" />
  <attribute name="IntegralH" value="63.500000" />
  <attribute name="DerivativeT" value="127.000000" />
  <attribute name="DerivativeI" value="127.000000" />
  <attribute name="DerivativeH" value="127.000000" />
  <attribute name="Loop Time for DT" value="1.000000" />
  <attribute name="Output H" value="8388608"/>
  <attribute name="Output I" value="256"/>
  <attribute name="Output T" value="16"/>
  <attribute name="Target GC Util Change" value ="80.000000" />
  <attribute name="Current GC Util Change" value="207.000000"/>
  <attribute name="GC Util currently" value="207" />
  <attribute name="CPU Util currently" value="1281368394129" />
<exclusive-end id="2151" timestamp="2019-08-11T06:21:00.609" durationms="22.475" />

<exclusive-start id="2152" timestamp="2019-08-11T06:21:00.691" intervalms="104.312">
  <response-info timems="0.013" idlems="0.013" threads="0" lastid="0000000001E02F00" lastname="main" />
</exclusive-start>
<allocation-taxation id="2153" taxation-threshold="35651584" timestamp="2019-08-11T06:21:00.691" intervalms="104.374" />
<cycle-start id="2154" type="partial gc" contextid="0" timestamp="2019-08-11T06:21:00.691" intervalms="104.315" />
<gc-start id="2155" type="partial gc" contextid="2154" timestamp="2019-08-11T06:21:00.691">
  <mem-info id="2156" free="25165824" total="117440512" percent="21">
    <mem type="eden" free="2097128" total="37748736" percent="5" />
    <remembered-set count="56864" freebytes="4467584" totalbytes="4695040" percent="95" regionsoverflowed="0" regionsstable="4" regionsrebuilding="0"/>
  </mem-info>
</gc-start>
<allocation-stats totalBytes="35644616" >
  <allocated-bytes non-tlh="0" tlh="35644616" arrayletleaf="0"/>
  <largest-consumer threadName="main" threadId="0000000001E02F00" bytes="35644616" />
</allocation-stats>
<gc-op id="2157" type="copy forward" timems="13.094" contextid="2154" timestamp="2019-08-11T06:21:00.705">
  <memory-copied type="eden" objects="9" bytes="384" bytesdiscarded="0" />
  <memory-copied type="other" objects="0" bytes="0" bytesdiscarded="0" />
  <memory-cardclean objects="22" bytes="1104" />
  <regions eden="17" other="1" />
  <remembered-set-cleared processed="54533" cleared="5" durationms="0.562" />
  <stringconstants candidates="13636" cleared="0"  />
</gc-op>
<gc-op id="2158" type="classunload" timems="0.011" contextid="2154" timestamp="2019-08-11T06:21:00.705">
  <classunload-info classloadercandidates="53" classloadersunloaded="0" classesunloaded="0" anonymousclassesunloaded="0" quiescems="0.000" setupms="0.011" scanms="0.000" postms="0.000" />
</gc-op>
<heap-resize id="2159" type="expand" space="default" amount="20971520" count="1" timems="0.120" reason="excessive time being spent in gc" timestamp="2019-08-11T06:21:00.705" />
<gc-end id="2160" type="partial gc" contextid="2154" durationms="14.350" usertimems="23.837" systemtimems="0.000" timestamp="2019-08-11T06:21:00.706" activeThreads="16">
  <mem-info id="2161" free="81788928" total="138412032" percent="59">
    <mem type="eden" free="2096768" total="2097152" percent="99" />
    <remembered-set count="57824" freebytes="5302144" totalbytes="5533440" percent="95" regionsoverflowed="0" regionsstable="4" regionsrebuilding="0"/>
  </mem-info>
</gc-end>
<cycle-end id="2162" type="partial gc" contextid="2154" timestamp="2019-08-11T06:21:00.706" />
  <attribute name="elasticGC enabled" value="1" />
  <attribute name= "numThreadsSpecified" value="16" />
  <attribute name="heapSize specified" value="0" />
  <attribute name="Current GC Util" value="134" />
  <attribute name= "Current Time Running" value="171885" />
  <attribute name ="GC Interval" value="0" />
  <attribute name="ProportionalT" value="27.000000" />
  <attribute name="ProportionalI" value="27.000000" />
  <attribute name="ProportionalH" value="27.000000" />
  <attribute name="Current Error" value="54.000000" />
  <attribute name="IntegralT" value="27.000000" />
  <attribute name="IntegralI" value="27.000000" />
  <attribute name="IntegralH" value="27.000000" />
  <attribute name="DerivativeT" value="54.000000" />
  <attribute name="DerivativeI" value="54.000000" />
  <attribute name="DerivativeH" value="54.000000" />
  <attribute name="Loop Time for DT" value="1.000000" />
  <attribute name="Output H" value="8388608"/>
  <attribute name="Output I" value="200"/>
  <attribute name="Output T" value="16"/>
  <attribute name="Target GC Util Change" value ="80.000000" />
  <attribute name="Current GC Util Change" value="134.000000"/>
  <attribute name="GC Util currently" value="134" />
  <attribute name="CPU Util currently" value="2083191426913" />
<exclusive-end id="2163" timestamp="2019-08-11T06:21:00.706" durationms="15.089" />

<exclusive-start id="2164" timestamp="2019-08-11T06:21:00.764" intervalms="73.355">
  <response-info timems="0.121" idlems="0.121" threads="0" lastid="0000000001E02F00" lastname="main" />
</exclusive-start>
<allocation-taxation id="2165" taxation-threshold="41943040" timestamp="2019-08-11T06:21:00.764" intervalms="73.299" />
<cycle-start id="2166" type="partial gc" contextid="0" timestamp="2019-08-11T06:21:00.764" intervalms="73.303" />
<gc-start id="2167" type="partial gc" contextid="2166" timestamp="2019-08-11T06:21:00.765">
  <mem-info id="2168" free="39845888" total="138412032" percent="28">
    <mem type="eden" free="2096768" total="44040192" percent="4" />
    <remembered-set count="57344" freebytes="5304064" totalbytes="5533440" percent="95" regionsoverflowed="0" regionsstable="4" regionsrebuilding="0"/>
  </mem-info>
</gc-start>
<allocation-stats totalBytes="41890784" >
  <allocated-bytes non-tlh="0" tlh="41890784" arrayletleaf="0"/>
  <largest-consumer threadName="main" threadId="0000000001E02F00" bytes="41890784" />
</allocation-stats>
<gc-op id="2169" type="copy forward" timems="12.070" contextid="2166" timestamp="2019-08-11T06:21:00.778">
  <memory-copied type="eden" objects="28" bytes="1392" bytesdiscarded="0" />
  <memory-copied type="other" objects="0" bytes="0" bytesdiscarded="0" />
  <memory-cardclean objects="61" bytes="2672" />
  <regions eden="20" other="1" />
  <remembered-set-cleared processed="54534" cleared="18" durationms="0.445" />
  <stringconstants candidates="13636" cleared="0"  />
</gc-op>
<gc-op id="2170" type="classunload" timems="0.009" contextid="2166" timestamp="2019-08-11T06:21:00.778">
  <classunload-info classloadercandidates="53" classloadersunloaded="0" classesunloaded="0" anonymousclassesunloaded="0" quiescems="0.000" setupms="0.009" scanms="0.000" postms="0.000" />
</gc-op>
<heap-resize id="2171" type="expand" space="default" amount="4194304" count="1" timems="0.057" reason="excessive time being spent in gc" timestamp="2019-08-11T06:21:00.778" />
<gc-end id="2172" type="partial gc" contextid="2166" durationms="13.878" usertimems="27.949" systemtimems="0.000" timestamp="2019-08-11T06:21:00.778" activeThreads="16">
  <mem-info id="2173" free="85983232" total="142606336" percent="60">
    <mem type="eden" free="2095760" total="2097152" percent="99" />
    <remembered-set count="57728" freebytes="5470208" totalbytes="5701120" percent="95" regionsoverflowed="0" regionsstable="4" regionsrebuilding="0"/>
  </mem-info>
</gc-end>
<cycle-end id="2174" type="partial gc" contextid="2166" timestamp="2019-08-11T06:21:00.778" />
  <attribute name="elasticGC enabled" value="1" />
  <attribute name= "numThreadsSpecified" value="16" />
  <attribute name="heapSize specified" value="0" />
  <attribute name="Current GC Util" value="214" />
  <attribute name= "Current Time Running" value="171959" />
  <attribute name ="GC Interval" value="0" />
  <attribute name="ProportionalT" value="67.000000" />
  <attribute name="ProportionalI" value="67.000000" />
  <attribute name="ProportionalH" value="67.000000" />
  <attribute name="Current Error" value="134.000000" />
  <attribute name="IntegralT" value="134.000000" />
  <attribute name="IntegralI" value="134.000000" />
  <attribute name="IntegralH" value="134.000000" />
  <attribute name="DerivativeT" value="67.000000" />
  <attribute name="DerivativeI" value="67.000000" />
  <attribute name="DerivativeH" value="67.000000" />
  <attribute name="Loop Time for DT" value="2.000000" />
  <attribute name="Output H" value="8388608"/>
  <attribute name="Output I" value="272"/>
  <attribute name="Output T" value="16"/>
  <attribute name="Target GC Util Change" value ="80.000000" />
  <attribute name="Current GC Util Change" value="214.000000"/>
  <attribute name="GC Util currently" value="214" />
  <attribute name="CPU Util currently" value="949811806765" />
<exclusive-end id="2175" timestamp="2019-08-11T06:21:00.779" durationms="14.494" />

<exclusive-start id="2176" timestamp="2019-08-11T06:21:00.807" intervalms="43.017">
  <response-info timems="0.019" idlems="0.019" threads="0" lastid="0000000001E02F00" lastname="main" />
</exclusive-start>
<allocation-taxation id="2177" taxation-threshold="41943040" timestamp="2019-08-11T06:21:00.807" intervalms="43.012" />
<cycle-start id="2178" type="partial gc" contextid="0" timestamp="2019-08-11T06:21:00.807" intervalms="43.012" />
<gc-start id="2179" type="partial gc" contextid="2178" timestamp="2019-08-11T06:21:00.807">
  <mem-info id="2180" free="44040192" total="142606336" percent="30">
    <mem type="eden" free="0" total="41943040" percent="0" />
    <remembered-set count="57248" freebytes="5472128" totalbytes="5701120" percent="95" regionsoverflowed="0" regionsstable="4" regionsrebuilding="0"/>
  </mem-info>
</gc-start>
<allocation-stats totalBytes="41886280" >
  <allocated-bytes non-tlh="0" tlh="41886280" arrayletleaf="0"/>
  <largest-consumer threadName="main" threadId="0000000001E02F00" bytes="41886280" />
</allocation-stats>
<gc-op id="2181" type="copy forward" timems="9.782" contextid="2178" timestamp="2019-08-11T06:21:00.818">
  <memory-copied type="eden" objects="4" bytes="112" bytesdiscarded="680" />
  <memory-copied type="other" objects="23" bytes="1256" bytesdiscarded="1272" />
  <memory-cardclean objects="51" bytes="2496" />
  <regions eden="20" other="1" />
  <remembered-set-cleared processed="54535" cleared="19" durationms="0.414" />
  <stringconstants candidates="13636" cleared="0"  />
</gc-op>
<gc-op id="2182" type="classunload" timems="0.012" contextid="2178" timestamp="2019-08-11T06:21:00.818">
  <classunload-info classloadercandidates="53" classloadersunloaded="0" classesunloaded="0" anonymousclassesunloaded="0" quiescems="0.000" setupms="0.012" scanms="0.000" postms="0.000" />
</gc-op>
<heap-resize id="2183" type="expand" space="default" amount="4194304" count="1" timems="0.053" reason="excessive time being spent in gc" timestamp="2019-08-11T06:21:00.818" />
<gc-end id="2184" type="partial gc" contextid="2178" durationms="10.949" usertimems="21.879" systemtimems="0.000" timestamp="2019-08-11T06:21:00.818" activeThreads="16">
  <mem-info id="2185" free="88080384" total="146800640" percent="60">
    <mem type="eden" free="2096360" total="2097152" percent="99" />
    <remembered-set count="58752" freebytes="5633792" totalbytes="5868800" percent="95" regionsoverflowed="0" regionsstable="4" regionsrebuilding="0"/>
  </mem-info>
</gc-end>
<cycle-end id="2186" type="partial gc" contextid="2178" timestamp="2019-08-11T06:21:00.818" />
  <attribute name="elasticGC enabled" value="1" />
  <attribute name= "numThreadsSpecified" value="16" />
  <attribute name="heapSize specified" value="0" />
  <attribute name="Current GC Util" value="123" />
  <attribute name= "Current Time Running" value="172001" />
  <attribute name ="GC Interval" value="0" />
  <attribute name="ProportionalT" value="21.500000" />
  <attribute name="ProportionalI" value="21.500000" />
  <attribute name="ProportionalH" value="21.500000" />
  <attribute name="Current Error" value="43.000000" />
  <attribute name="IntegralT" value="21.500000" />
  <attribute name="IntegralI" value="21.500000" />
  <attribute name="IntegralH" value="21.500000" />
  <attribute name="DerivativeT" value="43.000000" />
  <attribute name="DerivativeI" value="43.000000" />
  <attribute name="DerivativeH" value="43.000000" />
  <attribute name="Loop Time for DT" value="1.000000" />
  <attribute name="Output H" value="8388608"/>
  <attribute name="Output I" value="200"/>
  <attribute name="Output T" value="16"/>
  <attribute name="Target GC Util Change" value ="80.000000" />
  <attribute name="Current GC Util Change" value="123.000000"/>
  <attribute name="GC Util currently" value="123" />
  <attribute name="CPU Util currently" value="1757646914505" />
<exclusive-end id="2187" timestamp="2019-08-11T06:21:00.819" durationms="11.531" />

<exclusive-start id="2188" timestamp="2019-08-11T06:21:00.850" intervalms="42.412">
  <response-info timems="0.092" idlems="0.092" threads="0" lastid="0000000001E02F00" lastname="main" />
</exclusive-start>
<allocation-taxation id="2189" taxation-threshold="44040192" timestamp="2019-08-11T06:21:00.850" intervalms="42.412" />
<cycle-start id="2190" type="partial gc" contextid="0" timestamp="2019-08-11T06:21:00.850" intervalms="42.414" />
<gc-start id="2191" type="partial gc" contextid="2190" timestamp="2019-08-11T06:21:00.850">
  <mem-info id="2192" free="44040192" total="146800640" percent="30">
    <mem type="eden" free="2096360" total="46137344" percent="4" />
    <remembered-set count="11264" freebytes="5823744" totalbytes="5868800" percent="99" regionsoverflowed="0" regionsstable="7" regionsrebuilding="0"/>
  </mem-info>
</gc-start>
<allocation-stats totalBytes="43979424" >
  <allocated-bytes non-tlh="0" tlh="43979424" arrayletleaf="0"/>
  <largest-consumer threadName="main" threadId="0000000001E02F00" bytes="43979424" />
</allocation-stats>
<gc-op id="2193" type="copy forward" timems="10.178" contextid="2190" timestamp="2019-08-11T06:21:00.862">
  <memory-copied type="eden" objects="4" bytes="112" bytesdiscarded="0" />
  <memory-copied type="other" objects="0" bytes="0" bytesdiscarded="0" />
  <memory-cardclean objects="8" bytes="328" />
  <regions eden="21" other="1" />
  <remembered-set-cleared processed="8174" cleared="1" durationms="0.160" />
  <stringconstants candidates="13636" cleared="0"  />
</gc-op>
<gc-op id="2194" type="classunload" timems="0.009" contextid="2190" timestamp="2019-08-11T06:21:00.862">
  <classunload-info classloadercandidates="53" classloadersunloaded="0" classesunloaded="0" anonymousclassesunloaded="0" quiescems="0.000" setupms="0.009" scanms="0.000" postms="0.000" />
</gc-op>
<gc-end id="2195" type="partial gc" contextid="2190" durationms="11.838" usertimems="34.004" systemtimems="0.000" timestamp="2019-08-11T06:21:00.862" activeThreads="16">
  <mem-info id="2196" free="88080384" total="146800640" percent="60">
    <mem type="eden" free="2097040" total="2097152" percent="99" />
    <remembered-set count="10368" freebytes="5827328" totalbytes="5868800" percent="99" regionsoverflowed="0" regionsstable="7" regionsrebuilding="0"/>
  </mem-info>
</gc-end>
<cycle-end id="2197" type="partial gc" contextid="2190" timestamp="2019-08-11T06:21:00.862" />
  <attribute name="elasticGC enabled" value="1" />
  <attribute name= "numThreadsSpecified" value="16" />
  <attribute name="heapSize specified" value="0" />
  <attribute name="Current GC Util" value="202" />
  <attribute name= "Current Time Running" value="172044" />
  <attribute name ="GC Interval" value="0" />
  <attribute name="ProportionalT" value="61.000000" />
  <attribute name="ProportionalI" value="61.000000" />
  <attribute name="ProportionalH" value="61.000000" />
  <attribute name="Current Error" value="122.000000" />
  <attribute name="IntegralT" value="61.000000" />
  <attribute name="IntegralI" value="61.000000" />
  <attribute name="IntegralH" value="61.000000" />
  <attribute name="DerivativeT" value="122.000000" />
  <attribute name="DerivativeI" value="122.000000" />
  <attribute name="DerivativeH" value="122.000000" />
  <attribute name="Loop Time for DT" value="1.000000" />
  <attribute name="Output H" value="8388608"/>
  <attribute name="Output I" value="248"/>
  <attribute name="Output T" value="16"/>
  <attribute name="Target GC Util Change" value ="80.000000" />
  <attribute name="Current GC Util Change" value="202.000000"/>
  <attribute name="GC Util currently" value="202" />
  <attribute name="CPU Util currently" value="982157642212" />
<exclusive-end id="2198" timestamp="2019-08-11T06:21:00.862" durationms="12.673" />

<exclusive-start id="2199" timestamp="2019-08-11T06:21:00.891" intervalms="41.650">
  <response-info timems="0.212" idlems="0.212" threads="0" lastid="0000000001E02F00" lastname="main" />
</exclusive-start>
<allocation-taxation id="2200" taxation-threshold="44040192" timestamp="2019-08-11T06:21:00.891" intervalms="41.735" />
<cycle-start id="2201" type="partial gc" contextid="0" timestamp="2019-08-11T06:21:00.891" intervalms="41.762" />
<gc-start id="2202" type="partial gc" contextid="2201" timestamp="2019-08-11T06:21:00.892">
  <mem-info id="2203" free="44040192" total="146800640" percent="30">
    <mem type="eden" free="2097040" total="46137344" percent="4" />
    <remembered-set count="9888" freebytes="5829248" totalbytes="5868800" percent="99" regionsoverflowed="0" regionsstable="7" regionsrebuilding="0"/>
  </mem-info>
</gc-start>
<allocation-stats totalBytes="43979448" >
  <allocated-bytes non-tlh="0" tlh="43979448" arrayletleaf="0"/>
  <largest-consumer threadName="main" threadId="0000000001E02F00" bytes="43979448" />
</allocation-stats>
<gc-op id="2204" type="copy forward" timems="9.009" contextid="2201" timestamp="2019-08-11T06:21:00.902">
  <memory-copied type="eden" objects="4" bytes="112" bytesdiscarded="0" />
  <memory-copied type="other" objects="0" bytes="0" bytesdiscarded="0" />
  <memory-cardclean objects="8" bytes="328" />
  <regions eden="21" other="1" />
  <remembered-set-cleared processed="8174" cleared="1" durationms="0.256" />
  <stringconstants candidates="13636" cleared="0"  />
</gc-op>
<gc-op id="2205" type="classunload" timems="0.010" contextid="2201" timestamp="2019-08-11T06:21:00.903">
  <classunload-info classloadercandidates="53" classloadersunloaded="0" classesunloaded="0" anonymousclassesunloaded="0" quiescems="0.000" setupms="0.009" scanms="0.000" postms="0.000" />
</gc-op>
<gc-end id="2206" type="partial gc" contextid="2201" durationms="10.900" usertimems="32.399" systemtimems="0.000" timestamp="2019-08-11T06:21:00.903" activeThreads="16">
  <mem-info id="2207" free="88080384" total="146800640" percent="60">
    <mem type="eden" free="2097040" total="2097152" percent="99" />
    <remembered-set count="10368" freebytes="5827328" totalbytes="5868800" percent="99" regionsoverflowed="0" regionsstable="7" regionsrebuilding="0"/>
  </mem-info>
</gc-end>
<cycle-end id="2208" type="partial gc" contextid="2201" timestamp="2019-08-11T06:21:00.903" />
  <attribute name="elasticGC enabled" value="1" />
  <attribute name= "numThreadsSpecified" value="16" />
  <attribute name="heapSize specified" value="0" />
  <attribute name="Current GC Util" value="297" />
  <attribute name= "Current Time Running" value="172086" />
  <attribute name ="GC Interval" value="0" />
  <attribute name="ProportionalT" value="108.500000" />
  <attribute name="ProportionalI" value="108.500000" />
  <attribute name="ProportionalH" value="108.500000" />
  <attribute name="Current Error" value="217.000000" />
  <attribute name="IntegralT" value="108.500000" />
  <attribute name="IntegralI" value="108.500000" />
  <attribute name="IntegralH" value="108.500000" />
  <attribute name="DerivativeT" value="217.000000" />
  <attribute name="DerivativeI" value="217.000000" />
  <attribute name="DerivativeH" value="217.000000" />
  <attribute name="Loop Time for DT" value="1.000000" />
  <attribute name="Output H" value="8388608"/>
  <attribute name="Output I" value="440"/>
  <attribute name="Output T" value="16"/>
  <attribute name="Target GC Util Change" value ="80.000000" />
  <attribute name="Current GC Util Change" value="297.000000"/>
  <attribute name="GC Util currently" value="297" />
  <attribute name="CPU Util currently" value="850698175445" />
<exclusive-end id="2209" timestamp="2019-08-11T06:21:00.903" durationms="11.781" />

* Round 1 done in 18.522 seconds.
<exclusive-start id="2210" timestamp="2019-08-11T06:21:00.953" intervalms="61.903">
  <response-info timems="0.067" idlems="0.067" threads="0" lastid="0000000001E02F00" lastname="main" />
</exclusive-start>
<allocation-taxation id="2211" taxation-threshold="44040192" timestamp="2019-08-11T06:21:00.953" intervalms="61.825" />
<cycle-start id="2212" type="partial gc" contextid="0" timestamp="2019-08-11T06:21:00.953" intervalms="61.828" />
<gc-start id="2213" type="partial gc" contextid="2212" timestamp="2019-08-11T06:21:00.954">
  <mem-info id="2214" free="44040192" total="146800640" percent="30">
    <mem type="eden" free="2097040" total="46137344" percent="4" />
    <remembered-set count="10368" freebytes="5827328" totalbytes="5868800" percent="99" regionsoverflowed="0" regionsstable="7" regionsrebuilding="0"/>
  </mem-info>
</gc-start>
<allocation-stats totalBytes="44015960" >
  <allocated-bytes non-tlh="2800" tlh="44013160" arrayletleaf="0"/>
  <largest-consumer threadName="main" threadId="0000000001E02F00" bytes="44015960" />
</allocation-stats>
<gc-op id="2215" type="copy forward" timems="7.802" contextid="2212" timestamp="2019-08-11T06:21:00.963">
  <memory-copied type="eden" objects="611" bytes="20936" bytesdiscarded="3648" />
  <memory-copied type="other" objects="0" bytes="0" bytesdiscarded="0" />
  <memory-cardclean objects="290" bytes="15632" />
  <regions eden="21" other="1" />
  <remembered-set-cleared processed="8174" cleared="50" durationms="0.176" />
  <references type="soft" candidates="8" cleared="0" enqueued="0" dynamicThreshold="19" maxThreshold="32" />
  <references type="weak" candidates="14" cleared="0" enqueued="0" />
  <stringconstants candidates="13661" cleared="0"  />
</gc-op>
<gc-op id="2216" type="classunload" timems="0.009" contextid="2212" timestamp="2019-08-11T06:21:00.964">
  <classunload-info classloadercandidates="53" classloadersunloaded="0" classesunloaded="0" anonymousclassesunloaded="0" quiescems="0.000" setupms="0.008" scanms="0.000" postms="0.000" />
</gc-op>
<gc-end id="2217" type="partial gc" contextid="2212" durationms="10.083" usertimems="21.961" systemtimems="0.000" timestamp="2019-08-11T06:21:00.964" activeThreads="16">
  <mem-info id="2218" free="88080384" total="146800640" percent="60">
    <mem type="eden" free="2072552" total="2097152" percent="98" />
    <remembered-set count="12288" freebytes="5819648" totalbytes="5868800" percent="99" regionsoverflowed="0" regionsstable="7" regionsrebuilding="0"/>
  </mem-info>
</gc-end>
<cycle-end id="2219" type="partial gc" contextid="2212" timestamp="2019-08-11T06:21:00.964" />
  <attribute name="elasticGC enabled" value="1" />
  <attribute name= "numThreadsSpecified" value="16" />
  <attribute name="heapSize specified" value="0" />
  <attribute name="Current GC Util" value="165" />
  <attribute name= "Current Time Running" value="172148" />
  <attribute name ="GC Interval" value="0" />
  <attribute name="ProportionalT" value="42.500000" />
  <attribute name="ProportionalI" value="42.500000" />
  <attribute name="ProportionalH" value="42.500000" />
  <attribute name="Current Error" value="85.000000" />
  <attribute name="IntegralT" value="42.500000" />
  <attribute name="IntegralI" value="42.500000" />
  <attribute name="IntegralH" value="42.500000" />
  <attribute name="DerivativeT" value="85.000000" />
  <attribute name="DerivativeI" value="85.000000" />
  <attribute name="DerivativeH" value="85.000000" />
  <attribute name="Loop Time for DT" value="1.000000" />
  <attribute name="Output H" value="8388608"/>
  <attribute name="Output I" value="200"/>
  <attribute name="Output T" value="16"/>
  <attribute name="Target GC Util Change" value ="80.000000" />
  <attribute name="Current GC Util Change" value="165.000000"/>
  <attribute name="GC Util currently" value="165" />
  <attribute name="CPU Util currently" value="754457171016" />
<exclusive-end id="2220" timestamp="2019-08-11T06:21:00.964" durationms="10.886" />

<exclusive-start id="2221" timestamp="2019-08-11T06:21:01.197" intervalms="244.109">
  <response-info timems="0.020" idlems="0.020" threads="0" lastid="0000000001E02F00" lastname="main" />
</exclusive-start>
<allocation-taxation id="2222" taxation-threshold="44040192" timestamp="2019-08-11T06:21:01.197" intervalms="244.097" />
<cycle-start id="2223" type="partial gc" contextid="0" timestamp="2019-08-11T06:21:01.197" intervalms="244.054" />
<gc-start id="2224" type="partial gc" contextid="2223" timestamp="2019-08-11T06:21:01.198">
  <mem-info id="2225" free="44040192" total="146800640" percent="30">
    <mem type="eden" free="0" total="44040192" percent="0" />
    <remembered-set count="11808" freebytes="5821568" totalbytes="5868800" percent="99" regionsoverflowed="0" regionsstable="7" regionsrebuilding="0"/>
  </mem-info>
</gc-start>
<allocation-stats totalBytes="43987272" >
  <allocated-bytes non-tlh="0" tlh="43987272" arrayletleaf="0"/>
  <largest-consumer threadName="main" threadId="0000000001E02F00" bytes="43987272" />
</allocation-stats>
<gc-op id="2226" type="copy forward" timems="13.002" contextid="2223" timestamp="2019-08-11T06:21:01.212">
  <memory-copied type="eden" objects="68" bytes="2840" bytesdiscarded="784" />
  <memory-copied type="other" objects="594" bytes="20344" bytesdiscarded="2112" />
  <memory-cardclean objects="223" bytes="12504" />
  <regions eden="21" other="1" />
  <remembered-set-cleared processed="8202" cleared="80" durationms="0.198" />
  <references type="soft" candidates="8" cleared="0" enqueued="0" dynamicThreshold="19" maxThreshold="32" />
  <references type="weak" candidates="14" cleared="0" enqueued="0" />
  <stringconstants candidates="13661" cleared="0"  />
</gc-op>
<gc-op id="2227" type="classunload" timems="0.013" contextid="2223" timestamp="2019-08-11T06:21:01.212">
  <classunload-info classloadercandidates="53" classloadersunloaded="0" classesunloaded="0" anonymousclassesunloaded="0" quiescems="0.000" setupms="0.013" scanms="0.000" postms="0.000" />
</gc-op>
<gc-end id="2228" type="partial gc" contextid="2223" durationms="14.356" usertimems="19.974" systemtimems="0.000" timestamp="2019-08-11T06:21:01.212" activeThreads="16">
  <mem-info id="2229" free="85983232" total="146800640" percent="58">
    <mem type="eden" free="2093528" total="2097152" percent="99" />
    <remembered-set count="11840" freebytes="5821440" totalbytes="5868800" percent="99" regionsoverflowed="0" regionsstable="7" regionsrebuilding="0"/>
  </mem-info>
</gc-end>
<cycle-end id="2230" type="partial gc" contextid="2223" timestamp="2019-08-11T06:21:01.212" />
  <attribute name="elasticGC enabled" value="1" />
  <attribute name= "numThreadsSpecified" value="16" />
  <attribute name="heapSize specified" value="0" />
  <attribute name="Current GC Util" value="126" />
  <attribute name= "Current Time Running" value="172391" />
  <attribute name ="GC Interval" value="0" />
  <attribute name="ProportionalT" value="23.000000" />
  <attribute name="ProportionalI" value="23.000000" />
  <attribute name="ProportionalH" value="23.000000" />
  <attribute name="Current Error" value="46.000000" />
  <attribute name="IntegralT" value="23.000000" />
  <attribute name="IntegralI" value="23.000000" />
  <attribute name="IntegralH" value="23.000000" />
  <attribute name="DerivativeT" value="46.000000" />
  <attribute name="DerivativeI" value="46.000000" />
  <attribute name="DerivativeH" value="46.000000" />
  <attribute name="Loop Time for DT" value="1.000000" />
  <attribute name="Output H" value="8388608"/>
  <attribute name="Output I" value="200"/>
  <attribute name="Output T" value="16"/>
  <attribute name="Target GC Util Change" value ="80.000000" />
  <attribute name="Current GC Util Change" value="126.000000"/>
  <attribute name="GC Util currently" value="126" />
  <attribute name="CPU Util currently" value="1552375663321" />
<exclusive-end id="2231" timestamp="2019-08-11T06:21:01.212" durationms="14.993" />

<exclusive-start id="2232" timestamp="2019-08-11T06:21:01.237" intervalms="40.153">
  <response-info timems="0.019" idlems="0.019" threads="0" lastid="0000000001E02F00" lastname="main" />
</exclusive-start>
<allocation-taxation id="2233" taxation-threshold="44040192" timestamp="2019-08-11T06:21:01.237" intervalms="40.176" />
<cycle-start id="2234" type="partial gc" contextid="0" timestamp="2019-08-11T06:21:01.238" intervalms="40.282" />
<gc-start id="2235" type="partial gc" contextid="2234" timestamp="2019-08-11T06:21:01.238">
  <mem-info id="2236" free="41943040" total="146800640" percent="28">
    <mem type="eden" free="0" total="44040192" percent="0" />
    <remembered-set count="11392" freebytes="5823232" totalbytes="5868800" percent="99" regionsoverflowed="0" regionsstable="7" regionsrebuilding="0"/>
  </mem-info>
</gc-start>
<allocation-stats totalBytes="43875864" >
  <allocated-bytes non-tlh="0" tlh="43875864" arrayletleaf="0"/>
  <largest-consumer threadName="main" threadId="0000000001E02F00" bytes="43875864" />
</allocation-stats>
<gc-op id="2237" type="copy forward" timems="10.734" contextid="2234" timestamp="2019-08-11T06:21:01.250">
  <memory-copied type="eden" objects="2" bytes="56" bytesdiscarded="736" />
  <memory-copied type="other" objects="67" bytes="2808" bytesdiscarded="1024" />
  <memory-cardclean objects="73" bytes="2864" />
  <regions eden="21" other="1" />
  <remembered-set-cleared processed="8220" cleared="12" durationms="0.172" />
  <stringconstants candidates="13661" cleared="0"  />
</gc-op>
<gc-op id="2238" type="classunload" timems="0.010" contextid="2234" timestamp="2019-08-11T06:21:01.250">
  <classunload-info classloadercandidates="53" classloadersunloaded="0" classesunloaded="0" anonymousclassesunloaded="0" quiescems="0.000" setupms="0.009" scanms="0.000" postms="0.000" />
</gc-op>
<gc-end id="2239" type="partial gc" contextid="2234" durationms="12.307" usertimems="23.101" systemtimems="0.000" timestamp="2019-08-11T06:21:01.250" activeThreads="16">
  <mem-info id="2240" free="83886080" total="146800640" percent="57">
    <mem type="eden" free="2096360" total="2097152" percent="99" />
    <remembered-set count="12128" freebytes="5820288" totalbytes="5868800" percent="99" regionsoverflowed="0" regionsstable="7" regionsrebuilding="0"/>
  </mem-info>
</gc-end>
<cycle-end id="2241" type="partial gc" contextid="2234" timestamp="2019-08-11T06:21:01.250" />
  <attribute name="elasticGC enabled" value="1" />
  <attribute name= "numThreadsSpecified" value="16" />
  <attribute name="heapSize specified" value="0" />
  <attribute name="Current GC Util" value="300" />
  <attribute name= "Current Time Running" value="172432" />
  <attribute name ="GC Interval" value="0" />
  <attribute name="ProportionalT" value="110.000000" />
  <attribute name="ProportionalI" value="110.000000" />
  <attribute name="ProportionalH" value="110.000000" />
  <attribute name="Current Error" value="220.000000" />
  <attribute name="IntegralT" value="110.000000" />
  <attribute name="IntegralI" value="110.000000" />
  <attribute name="IntegralH" value="110.000000" />
  <attribute name="DerivativeT" value="220.000000" />
  <attribute name="DerivativeI" value="220.000000" />
  <attribute name="DerivativeH" value="220.000000" />
  <attribute name="Loop Time for DT" value="1.000000" />
  <attribute name="Output H" value="8388608"/>
  <attribute name="Output I" value="440"/>
  <attribute name="Output T" value="16"/>
  <attribute name="Target GC Util Change" value ="80.000000" />
  <attribute name="Current GC Util Change" value="300.000000"/>
  <attribute name="GC Util currently" value="300" />
  <attribute name="CPU Util currently" value="1155975549773" />
<exclusive-end id="2242" timestamp="2019-08-11T06:21:01.251" durationms="13.416" />

<exclusive-start id="2243" timestamp="2019-08-11T06:21:01.265" intervalms="28.113">
  <response-info timems="0.020" idlems="0.020" threads="0" lastid="0000000001E02F00" lastname="main" />
</exclusive-start>
<allocation-taxation id="2244" taxation-threshold="44040192" timestamp="2019-08-11T06:21:01.265" intervalms="28.095" />
<cycle-start id="2245" type="partial gc" contextid="0" timestamp="2019-08-11T06:21:01.266" intervalms="28.016" />
<gc-start id="2246" type="partial gc" contextid="2245" timestamp="2019-08-11T06:21:01.266">
  <mem-info id="2247" free="39845888" total="146800640" percent="27">
    <mem type="eden" free="2096360" total="46137344" percent="4" />
    <remembered-set count="4448" freebytes="5851008" totalbytes="5868800" percent="99" regionsoverflowed="0" regionsstable="8" regionsrebuilding="0"/>
  </mem-info>
</gc-start>
<allocation-stats totalBytes="43892304" >
  <allocated-bytes non-tlh="0" tlh="43892304" arrayletleaf="0"/>
  <largest-consumer threadName="main" threadId="0000000001E02F00" bytes="43892304" />
</allocation-stats>
<gc-op id="2248" type="copy forward" timems="1.564" contextid="2245" timestamp="2019-08-11T06:21:01.268">
  <memory-copied type="eden" objects="2" bytes="56" bytesdiscarded="0" />
  <memory-copied type="other" objects="21" bytes="608" bytesdiscarded="264" />
  <memory-cardclean objects="47" bytes="9776" />
  <regions eden="21" other="2" />
  <remembered-set-cleared processed="1296" cleared="13" durationms="0.196" />
  <references type="weak" candidates="14" cleared="0" enqueued="0" />
  <stringconstants candidates="13661" cleared="0"  />
</gc-op>
<gc-op id="2249" type="classunload" timems="0.007" contextid="2245" timestamp="2019-08-11T06:21:01.268">
  <classunload-info classloadercandidates="53" classloadersunloaded="0" classesunloaded="0" anonymousclassesunloaded="0" quiescems="0.000" setupms="0.006" scanms="0.000" postms="0.000" />
</gc-op>
<gc-end id="2250" type="partial gc" contextid="2245" durationms="2.709" usertimems="3.574" systemtimems="0.000" timestamp="2019-08-11T06:21:01.269" activeThreads="1">
  <mem-info id="2251" free="85983232" total="146800640" percent="58">
    <mem type="eden" free="2097096" total="2097152" percent="99" />
    <remembered-set count="4800" freebytes="5849600" totalbytes="5868800" percent="99" regionsoverflowed="0" regionsstable="8" regionsrebuilding="0"/>
  </mem-info>
</gc-end>
<cycle-end id="2252" type="partial gc" contextid="2245" timestamp="2019-08-11T06:21:01.269" />
  <attribute name="elasticGC enabled" value="1" />
  <attribute name= "numThreadsSpecified" value="1" />
  <attribute name="heapSize specified" value="0" />
  <attribute name="Current GC Util" value="92" />
  <attribute name= "Current Time Running" value="172459" />
  <attribute name ="GC Interval" value="0" />
  <attribute name="ProportionalT" value="6.000000" />
  <attribute name="ProportionalI" value="6.000000" />
  <attribute name="ProportionalH" value="6.000000" />
  <attribute name="Current Error" value="12.000000" />
  <attribute name="IntegralT" value="0.000000" />
  <attribute name="IntegralI" value="0.000000" />
  <attribute name="IntegralH" value="0.000000" />
  <attribute name="DerivativeT" value="inf" />
  <attribute name="DerivativeI" value="inf" />
  <attribute name="DerivativeH" value="inf" />
  <attribute name="Loop Time for DT" value="0.000000" />
  <attribute name="Output H" value="8388608"/>
  <attribute name="Output I" value="200"/>
  <attribute name="Output T" value="1"/>
  <attribute name="Target GC Util Change" value ="80.000000" />
  <attribute name="Current GC Util Change" value="92.000000"/>
  <attribute name="GC Util currently" value="92" />
  <attribute name="CPU Util currently" value="1810409799453" />
<exclusive-end id="2253" timestamp="2019-08-11T06:21:01.269" durationms="3.573" />

<exclusive-start id="2254" timestamp="2019-08-11T06:21:01.286" intervalms="20.120">
  <response-info timems="0.022" idlems="0.022" threads="0" lastid="0000000001E02F00" lastname="main" />
</exclusive-start>
<allocation-taxation id="2255" taxation-threshold="44040192" timestamp="2019-08-11T06:21:01.286" intervalms="20.133" />
<cycle-start id="2256" type="partial gc" contextid="0" timestamp="2019-08-11T06:21:01.286" intervalms="20.123" />
<gc-start id="2257" type="partial gc" contextid="2256" timestamp="2019-08-11T06:21:01.286">
  <mem-info id="2258" free="41943040" total="146800640" percent="28">
    <mem type="eden" free="2097096" total="46137344" percent="4" />
    <remembered-set count="4544" freebytes="5850624" totalbytes="5868800" percent="99" regionsoverflowed="0" regionsstable="8" regionsrebuilding="0"/>
  </mem-info>
</gc-start>
<allocation-stats totalBytes="43892304" >
  <allocated-bytes non-tlh="0" tlh="43892304" arrayletleaf="0"/>
  <largest-consumer threadName="main" threadId="0000000001E02F00" bytes="43892304" />
</allocation-stats>
<gc-op id="2259" type="copy forward" timems="16.263" contextid="2256" timestamp="2019-08-11T06:21:01.303">
  <memory-copied type="eden" objects="2" bytes="56" bytesdiscarded="0" />
  <memory-copied type="other" objects="0" bytes="0" bytesdiscarded="0" />
  <memory-cardclean objects="19" bytes="440" />
  <regions eden="21" other="1" />
  <remembered-set-cleared processed="1299" cleared="0" durationms="0.104" />
  <stringconstants candidates="13661" cleared="0"  />
</gc-op>
<gc-op id="2260" type="classunload" timems="0.012" contextid="2256" timestamp="2019-08-11T06:21:01.304">
  <classunload-info classloadercandidates="53" classloadersunloaded="0" classesunloaded="0" anonymousclassesunloaded="0" quiescems="0.000" setupms="0.011" scanms="0.000" postms="0.000" />
</gc-op>
<heap-resize id="2261" type="expand" space="default" amount="6291456" count="1" timems="0.213" reason="excessive time being spent in gc" timestamp="2019-08-11T06:21:01.304" />
<gc-end id="2262" type="partial gc" contextid="2256" durationms="18.089" usertimems="34.290" systemtimems="0.000" timestamp="2019-08-11T06:21:01.304" activeThreads="16">
  <mem-info id="2263" free="92274688" total="153092096" percent="60">
    <mem type="eden" free="2097096" total="2097152" percent="99" />
    <remembered-set count="3552" freebytes="6106112" totalbytes="6120320" percent="99" regionsoverflowed="0" regionsstable="8" regionsrebuilding="0"/>
  </mem-info>
</gc-end>
<cycle-end id="2264" type="partial gc" contextid="2256" timestamp="2019-08-11T06:21:01.304" />
  <attribute name="elasticGC enabled" value="1" />
  <attribute name= "numThreadsSpecified" value="16" />
  <attribute name="heapSize specified" value="0" />
  <attribute name="Current GC Util" value="181" />
  <attribute name= "Current Time Running" value="172480" />
  <attribute name ="GC Interval" value="0" />
  <attribute name="ProportionalT" value="50.500000" />
  <attribute name="ProportionalI" value="50.500000" />
  <attribute name="ProportionalH" value="50.500000" />
  <attribute name="Current Error" value="101.000000" />
  <attribute name="IntegralT" value="50.500000" />
  <attribute name="IntegralI" value="50.500000" />
  <attribute name="IntegralH" value="50.500000" />
  <attribute name="DerivativeT" value="101.000000" />
  <attribute name="DerivativeI" value="101.000000" />
  <attribute name="DerivativeH" value="101.000000" />
  <attribute name="Loop Time for DT" value="1.000000" />
  <attribute name="Output H" value="8388608"/>
  <attribute name="Output I" value="208"/>
  <attribute name="Output T" value="16"/>
  <attribute name="Target GC Util Change" value ="80.000000" />
  <attribute name="Current GC Util Change" value="181.000000"/>
  <attribute name="GC Util currently" value="181" />
  <attribute name="CPU Util currently" value="1416656073280" />
<exclusive-end id="2265" timestamp="2019-08-11T06:21:01.304" durationms="18.759" />

<exclusive-start id="2266" timestamp="2019-08-11T06:21:01.321" intervalms="35.486">
  <response-info timems="0.019" idlems="0.019" threads="0" lastid="0000000001E02F00" lastname="main" />
</exclusive-start>
<allocation-taxation id="2267" taxation-threshold="46137344" timestamp="2019-08-11T06:21:01.321" intervalms="35.491" />
<cycle-start id="2268" type="partial gc" contextid="0" timestamp="2019-08-11T06:21:01.321" intervalms="35.532" />
<gc-start id="2269" type="partial gc" contextid="2268" timestamp="2019-08-11T06:21:01.322">
  <mem-info id="2270" free="46137344" total="153092096" percent="30">
    <mem type="eden" free="2097096" total="48234496" percent="4" />
    <remembered-set count="3552" freebytes="6106112" totalbytes="6120320" percent="99" regionsoverflowed="0" regionsstable="8" regionsrebuilding="0"/>
  </mem-info>
</gc-start>
<allocation-stats totalBytes="45982592" >
  <allocated-bytes non-tlh="0" tlh="45982592" arrayletleaf="0"/>
  <largest-consumer threadName="main" threadId="0000000001E02F00" bytes="45982592" />
</allocation-stats>
<gc-op id="2271" type="copy forward" timems="10.608" contextid="2268" timestamp="2019-08-11T06:21:01.333">
  <memory-copied type="eden" objects="2" bytes="56" bytesdiscarded="0" />
  <memory-copied type="other" objects="0" bytes="0" bytesdiscarded="0" />
  <memory-cardclean objects="19" bytes="440" />
  <regions eden="22" other="1" />
  <remembered-set-cleared processed="1299" cleared="0" durationms="0.199" />
  <stringconstants candidates="13661" cleared="0"  />
</gc-op>
<gc-op id="2272" type="classunload" timems="0.010" contextid="2268" timestamp="2019-08-11T06:21:01.333">
  <classunload-info classloadercandidates="53" classloadersunloaded="0" classesunloaded="0" anonymousclassesunloaded="0" quiescems="0.000" setupms="0.010" scanms="0.000" postms="0.000" />
</gc-op>
<gc-end id="2273" type="partial gc" contextid="2268" durationms="11.868" usertimems="25.055" systemtimems="0.000" timestamp="2019-08-11T06:21:01.333" activeThreads="16">
  <mem-info id="2274" free="92274688" total="153092096" percent="60">
    <mem type="eden" free="2097096" total="2097152" percent="99" />
    <remembered-set count="3552" freebytes="6106112" totalbytes="6120320" percent="99" regionsoverflowed="0" regionsstable="8" regionsrebuilding="0"/>
  </mem-info>
</gc-end>
<cycle-end id="2275" type="partial gc" contextid="2268" timestamp="2019-08-11T06:21:01.334" />
  <attribute name="elasticGC enabled" value="1" />
  <attribute name= "numThreadsSpecified" value="16" />
  <attribute name="heapSize specified" value="0" />
  <attribute name="Current GC Util" value="164" />
  <attribute name= "Current Time Running" value="172515" />
  <attribute name ="GC Interval" value="0" />
  <attribute name="ProportionalT" value="42.000000" />
  <attribute name="ProportionalI" value="42.000000" />
  <attribute name="ProportionalH" value="42.000000" />
  <attribute name="Current Error" value="84.000000" />
  <attribute name="IntegralT" value="42.000000" />
  <attribute name="IntegralI" value="42.000000" />
  <attribute name="IntegralH" value="42.000000" />
  <attribute name="DerivativeT" value="67.000000" />
  <attribute name="DerivativeI" value="67.000000" />
  <attribute name="DerivativeH" value="67.000000" />
  <attribute name="Loop Time for DT" value="1.000000" />
  <attribute name="Output H" value="8388608"/>
  <attribute name="Output I" value="200"/>
  <attribute name="Output T" value="16"/>
  <attribute name="Target GC Util Change" value ="80.000000" />
  <attribute name="Current GC Util Change" value="164.000000"/>
  <attribute name="GC Util currently" value="164" />
  <attribute name="CPU Util currently" value="1815335610978" />
<exclusive-end id="2276" timestamp="2019-08-11T06:21:01.334" durationms="12.613" />

<exclusive-start id="2277" timestamp="2019-08-11T06:21:01.351" intervalms="29.587">
  <response-info timems="0.019" idlems="0.019" threads="0" lastid="0000000001E02F00" lastname="main" />
</exclusive-start>
<allocation-taxation id="2278" taxation-threshold="46137344" timestamp="2019-08-11T06:21:01.351" intervalms="29.571" />
<cycle-start id="2279" type="partial gc" contextid="0" timestamp="2019-08-11T06:21:01.351" intervalms="29.644" />
<gc-start id="2280" type="partial gc" contextid="2279" timestamp="2019-08-11T06:21:01.351">
  <mem-info id="2281" free="46137344" total="153092096" percent="30">
    <mem type="eden" free="2097096" total="48234496" percent="4" />
    <remembered-set count="3552" freebytes="6106112" totalbytes="6120320" percent="99" regionsoverflowed="0" regionsstable="8" regionsrebuilding="0"/>
  </mem-info>
</gc-start>
<allocation-stats totalBytes="45982616" >
  <allocated-bytes non-tlh="0" tlh="45982616" arrayletleaf="0"/>
  <largest-consumer threadName="main" threadId="0000000001E02F00" bytes="45982616" />
</allocation-stats>
<gc-op id="2282" type="copy forward" timems="9.654" contextid="2279" timestamp="2019-08-11T06:21:01.362">
  <memory-copied type="eden" objects="2" bytes="56" bytesdiscarded="0" />
  <memory-copied type="other" objects="0" bytes="0" bytesdiscarded="0" />
  <memory-cardclean objects="19" bytes="440" />
  <regions eden="22" other="1" />
  <remembered-set-cleared processed="1299" cleared="0" durationms="0.164" />
  <stringconstants candidates="13661" cleared="0"  />
</gc-op>
<gc-op id="2283" type="classunload" timems="0.012" contextid="2279" timestamp="2019-08-11T06:21:01.362">
  <classunload-info classloadercandidates="53" classloadersunloaded="0" classesunloaded="0" anonymousclassesunloaded="0" quiescems="0.000" setupms="0.012" scanms="0.000" postms="0.000" />
</gc-op>
<gc-end id="2284" type="partial gc" contextid="2279" durationms="10.823" usertimems="28.517" systemtimems="0.000" timestamp="2019-08-11T06:21:01.362" activeThreads="16">
  <mem-info id="2285" free="92274688" total="153092096" percent="60">
    <mem type="eden" free="2097096" total="2097152" percent="99" />
    <remembered-set count="3552" freebytes="6106112" totalbytes="6120320" percent="99" regionsoverflowed="0" regionsstable="8" regionsrebuilding="0"/>
  </mem-info>
</gc-end>
<cycle-end id="2286" type="partial gc" contextid="2279" timestamp="2019-08-11T06:21:01.362" />
  <attribute name="elasticGC enabled" value="1" />
  <attribute name= "numThreadsSpecified" value="16" />
  <attribute name="heapSize specified" value="0" />
  <attribute name="Current GC Util" value="135" />
  <attribute name= "Current Time Running" value="172545" />
  <attribute name ="GC Interval" value="0" />
  <attribute name="ProportionalT" value="27.500000" />
  <attribute name="ProportionalI" value="27.500000" />
  <attribute name="ProportionalH" value="27.500000" />
  <attribute name="Current Error" value="55.000000" />
  <attribute name="IntegralT" value="27.500000" />
  <attribute name="IntegralI" value="27.500000" />
  <attribute name="IntegralH" value="27.500000" />
  <attribute name="DerivativeT" value="51.000000" />
  <attribute name="DerivativeI" value="51.000000" />
  <attribute name="DerivativeH" value="51.000000" />
  <attribute name="Loop Time for DT" value="1.000000" />
  <attribute name="Output H" value="8388608"/>
  <attribute name="Output I" value="200"/>
  <attribute name="Output T" value="16"/>
  <attribute name="Target GC Util Change" value ="80.000000" />
  <attribute name="Current GC Util Change" value="135.000000"/>
  <attribute name="GC Util currently" value="135" />
  <attribute name="CPU Util currently" value="1898097429755" />
<exclusive-end id="2287" timestamp="2019-08-11T06:21:01.362" durationms="11.634" />

<exclusive-start id="2288" timestamp="2019-08-11T06:21:01.379" intervalms="28.798">
  <response-info timems="0.020" idlems="0.020" threads="0" lastid="0000000001E02F00" lastname="main" />
</exclusive-start>
<allocation-taxation id="2289" taxation-threshold="46137344" timestamp="2019-08-11T06:21:01.379" intervalms="28.797" />
<cycle-start id="2290" type="partial gc" contextid="0" timestamp="2019-08-11T06:21:01.380" intervalms="28.702" />
<gc-start id="2291" type="partial gc" contextid="2290" timestamp="2019-08-11T06:21:01.380">
  <mem-info id="2292" free="46137344" total="153092096" percent="30">
    <mem type="eden" free="2097096" total="48234496" percent="4" />
    <remembered-set count="3552" freebytes="6106112" totalbytes="6120320" percent="99" regionsoverflowed="0" regionsstable="8" regionsrebuilding="0"/>
  </mem-info>
</gc-start>
<allocation-stats totalBytes="45982592" >
  <allocated-bytes non-tlh="0" tlh="45982592" arrayletleaf="0"/>
  <largest-consumer threadName="main" threadId="0000000001E02F00" bytes="45982592" />
</allocation-stats>
<gc-op id="2293" type="copy forward" timems="8.360" contextid="2290" timestamp="2019-08-11T06:21:01.390">
  <memory-copied type="eden" objects="2" bytes="56" bytesdiscarded="0" />
  <memory-copied type="other" objects="0" bytes="0" bytesdiscarded="0" />
  <memory-cardclean objects="19" bytes="440" />
  <regions eden="22" other="1" />
  <remembered-set-cleared processed="1299" cleared="0" durationms="0.105" />
  <stringconstants candidates="13661" cleared="0"  />
</gc-op>
<gc-op id="2294" type="classunload" timems="0.009" contextid="2290" timestamp="2019-08-11T06:21:01.390">
  <classunload-info classloadercandidates="53" classloadersunloaded="0" classesunloaded="0" anonymousclassesunloaded="0" quiescems="0.000" setupms="0.009" scanms="0.000" postms="0.000" />
</gc-op>
<gc-end id="2295" type="partial gc" contextid="2290" durationms="10.169" usertimems="23.395" systemtimems="0.000" timestamp="2019-08-11T06:21:01.390" activeThreads="16">
  <mem-info id="2296" free="92274688" total="153092096" percent="60">
    <mem type="eden" free="2097096" total="2097152" percent="99" />
    <remembered-set count="3552" freebytes="6106112" totalbytes="6120320" percent="99" regionsoverflowed="0" regionsstable="8" regionsrebuilding="0"/>
  </mem-info>
</gc-end>
<cycle-end id="2297" type="partial gc" contextid="2290" timestamp="2019-08-11T06:21:01.390" />
  <attribute name="elasticGC enabled" value="1" />
  <attribute name= "numThreadsSpecified" value="16" />
  <attribute name="heapSize specified" value="0" />
  <attribute name="Current GC Util" value="273" />
  <attribute name= "Current Time Running" value="172574" />
  <attribute name ="GC Interval" value="0" />
  <attribute name="ProportionalT" value="96.500000" />
  <attribute name="ProportionalI" value="96.500000" />
  <attribute name="ProportionalH" value="96.500000" />
  <attribute name="Current Error" value="193.000000" />
  <attribute name="IntegralT" value="96.500000" />
  <attribute name="IntegralI" value="96.500000" />
  <attribute name="IntegralH" value="96.500000" />
  <attribute name="DerivativeT" value="173.000000" />
  <attribute name="DerivativeI" value="173.000000" />
  <attribute name="DerivativeH" value="173.000000" />
  <attribute name="Loop Time for DT" value="1.000000" />
  <attribute name="Output H" value="8388608"/>
  <attribute name="Output I" value="368"/>
  <attribute name="Output T" value="16"/>
  <attribute name="Target GC Util Change" value ="80.000000" />
  <attribute name="Current GC Util Change" value="273.000000"/>
  <attribute name="GC Util currently" value="273" />
  <attribute name="CPU Util currently" value="886264774897" />
<exclusive-end id="2298" timestamp="2019-08-11T06:21:01.390" durationms="10.867" />

<exclusive-start id="2299" timestamp="2019-08-11T06:21:01.408" intervalms="28.413">
  <response-info timems="0.020" idlems="0.020" threads="0" lastid="0000000001E02F00" lastname="main" />
</exclusive-start>
<allocation-taxation id="2300" taxation-threshold="46137344" timestamp="2019-08-11T06:21:01.408" intervalms="28.408" />
<cycle-start id="2301" type="partial gc" contextid="0" timestamp="2019-08-11T06:21:01.408" intervalms="28.418" />
<gc-start id="2302" type="partial gc" contextid="2301" timestamp="2019-08-11T06:21:01.408">
  <mem-info id="2303" free="46137344" total="153092096" percent="30">
    <mem type="eden" free="2097096" total="48234496" percent="4" />
    <remembered-set count="3552" freebytes="6106112" totalbytes="6120320" percent="99" regionsoverflowed="0" regionsstable="8" regionsrebuilding="0"/>
  </mem-info>
</gc-start>
<allocation-stats totalBytes="45982592" >
  <allocated-bytes non-tlh="0" tlh="45982592" arrayletleaf="0"/>
  <largest-consumer threadName="main" threadId="0000000001E02F00" bytes="45982592" />
</allocation-stats>
<gc-op id="2304" type="copy forward" timems="17.675" contextid="2301" timestamp="2019-08-11T06:21:01.428">
  <memory-copied type="eden" objects="2" bytes="56" bytesdiscarded="0" />
  <memory-copied type="other" objects="0" bytes="0" bytesdiscarded="0" />
  <memory-cardclean objects="19" bytes="440" />
  <regions eden="22" other="1" />
  <remembered-set-cleared processed="1299" cleared="0" durationms="0.424" />
  <stringconstants candidates="13661" cleared="0"  />
</gc-op>
<gc-op id="2305" type="classunload" timems="0.010" contextid="2301" timestamp="2019-08-11T06:21:01.429">
  <classunload-info classloadercandidates="53" classloadersunloaded="0" classesunloaded="0" anonymousclassesunloaded="0" quiescems="0.000" setupms="0.010" scanms="0.000" postms="0.000" />
</gc-op>
<gc-end id="2306" type="partial gc" contextid="2301" durationms="20.304" usertimems="28.459" systemtimems="0.000" timestamp="2019-08-11T06:21:01.429" activeThreads="16">
  <mem-info id="2307" free="92274688" total="153092096" percent="60">
    <mem type="eden" free="2097096" total="2097152" percent="99" />
    <remembered-set count="3552" freebytes="6106112" totalbytes="6120320" percent="99" regionsoverflowed="0" regionsstable="8" regionsrebuilding="0"/>
  </mem-info>
</gc-end>
<cycle-end id="2308" type="partial gc" contextid="2301" timestamp="2019-08-11T06:21:01.429" />
  <attribute name="elasticGC enabled" value="1" />
  <attribute name= "numThreadsSpecified" value="16" />
  <attribute name="heapSize specified" value="0" />
  <attribute name="Current GC Util" value="198" />
  <attribute name= "Current Time Running" value="172603" />
  <attribute name ="GC Interval" value="0" />
  <attribute name="ProportionalT" value="59.000000" />
  <attribute name="ProportionalI" value="59.000000" />
  <attribute name="ProportionalH" value="59.000000" />
  <attribute name="Current Error" value="118.000000" />
  <attribute name="IntegralT" value="118.000000" />
  <attribute name="IntegralI" value="118.000000" />
  <attribute name="IntegralH" value="118.000000" />
  <attribute name="DerivativeT" value="59.000000" />
  <attribute name="DerivativeI" value="59.000000" />
  <attribute name="DerivativeH" value="59.000000" />
  <attribute name="Loop Time for DT" value="2.000000" />
  <attribute name="Output H" value="8388608"/>
  <attribute name="Output I" value="240"/>
  <attribute name="Output T" value="16"/>
  <attribute name="Target GC Util Change" value ="80.000000" />
  <attribute name="Current GC Util Change" value="198.000000"/>
  <attribute name="GC Util currently" value="198" />
  <attribute name="CPU Util currently" value="546934732606" />
<exclusive-end id="2309" timestamp="2019-08-11T06:21:01.429" durationms="21.184" />

<exclusive-start id="2310" timestamp="2019-08-11T06:21:01.450" intervalms="41.830">
  <response-info timems="0.018" idlems="0.018" threads="0" lastid="0000000001E02F00" lastname="main" />
</exclusive-start>
<allocation-taxation id="2311" taxation-threshold="46137344" timestamp="2019-08-11T06:21:01.450" intervalms="41.833" />
<cycle-start id="2312" type="partial gc" contextid="0" timestamp="2019-08-11T06:21:01.450" intervalms="41.859" />
<gc-start id="2313" type="partial gc" contextid="2312" timestamp="2019-08-11T06:21:01.450">
  <mem-info id="2314" free="46137344" total="153092096" percent="30">
    <mem type="eden" free="2097096" total="48234496" percent="4" />
    <remembered-set count="3552" freebytes="6106112" totalbytes="6120320" percent="99" regionsoverflowed="0" regionsstable="8" regionsrebuilding="0"/>
  </mem-info>
</gc-start>
<allocation-stats totalBytes="45982592" >
  <allocated-bytes non-tlh="0" tlh="45982592" arrayletleaf="0"/>
  <largest-consumer threadName="main" threadId="0000000001E02F00" bytes="45982592" />
</allocation-stats>
<gc-op id="2315" type="copy forward" timems="11.874" contextid="2312" timestamp="2019-08-11T06:21:01.464">
  <memory-copied type="eden" objects="2" bytes="56" bytesdiscarded="0" />
  <memory-copied type="other" objects="0" bytes="0" bytesdiscarded="0" />
  <memory-cardclean objects="19" bytes="440" />
  <regions eden="22" other="1" />
  <remembered-set-cleared processed="1299" cleared="0" durationms="0.206" />
  <stringconstants candidates="13661" cleared="0"  />
</gc-op>
<gc-op id="2316" type="classunload" timems="0.011" contextid="2312" timestamp="2019-08-11T06:21:01.464">
  <classunload-info classloadercandidates="53" classloadersunloaded="0" classesunloaded="0" anonymousclassesunloaded="0" quiescems="0.000" setupms="0.011" scanms="0.000" postms="0.000" />
</gc-op>
<gc-end id="2317" type="partial gc" contextid="2312" durationms="13.590" usertimems="26.270" systemtimems="0.000" timestamp="2019-08-11T06:21:01.464" activeThreads="16">
  <mem-info id="2318" free="92274688" total="153092096" percent="60">
    <mem type="eden" free="2097096" total="2097152" percent="99" />
    <remembered-set count="3552" freebytes="6106112" totalbytes="6120320" percent="99" regionsoverflowed="0" regionsstable="8" regionsrebuilding="0"/>
  </mem-info>
</gc-end>
<cycle-end id="2319" type="partial gc" contextid="2312" timestamp="2019-08-11T06:21:01.464" />
  <attribute name="elasticGC enabled" value="1" />
  <attribute name= "numThreadsSpecified" value="16" />
  <attribute name="heapSize specified" value="0" />
  <attribute name="Current GC Util" value="145" />
  <attribute name= "Current Time Running" value="172644" />
  <attribute name ="GC Interval" value="0" />
  <attribute name="ProportionalT" value="32.500000" />
  <attribute name="ProportionalI" value="32.500000" />
  <attribute name="ProportionalH" value="32.500000" />
  <attribute name="Current Error" value="65.000000" />
  <attribute name="IntegralT" value="32.500000" />
  <attribute name="IntegralI" value="32.500000" />
  <attribute name="IntegralH" value="32.500000" />
  <attribute name="DerivativeT" value="65.000000" />
  <attribute name="DerivativeI" value="65.000000" />
  <attribute name="DerivativeH" value="65.000000" />
  <attribute name="Loop Time for DT" value="1.000000" />
  <attribute name="Output H" value="8388608"/>
  <attribute name="Output I" value="200"/>
  <attribute name="Output T" value="16"/>
  <attribute name="Target GC Util Change" value ="80.000000" />
  <attribute name="Current GC Util Change" value="145.000000"/>
  <attribute name="GC Util currently" value="145" />
  <attribute name="CPU Util currently" value="863887896122" />
<exclusive-end id="2320" timestamp="2019-08-11T06:21:01.464" durationms="14.610" />

<exclusive-start id="2321" timestamp="2019-08-11T06:21:01.480" intervalms="30.819">
  <response-info timems="0.022" idlems="0.022" threads="0" lastid="0000000001E02F00" lastname="main" />
</exclusive-start>
<allocation-taxation id="2322" taxation-threshold="46137344" timestamp="2019-08-11T06:21:01.481" intervalms="30.820" />
<cycle-start id="2323" type="partial gc" contextid="0" timestamp="2019-08-11T06:21:01.481" intervalms="30.798" />
<gc-start id="2324" type="partial gc" contextid="2323" timestamp="2019-08-11T06:21:01.481">
  <mem-info id="2325" free="46137344" total="153092096" percent="30">
    <mem type="eden" free="2097096" total="48234496" percent="4" />
    <remembered-set count="3552" freebytes="6106112" totalbytes="6120320" percent="99" regionsoverflowed="0" regionsstable="8" regionsrebuilding="0"/>
  </mem-info>
</gc-start>
<allocation-stats totalBytes="45982592" >
  <allocated-bytes non-tlh="0" tlh="45982592" arrayletleaf="0"/>
  <largest-consumer threadName="main" threadId="0000000001E02F00" bytes="45982592" />
</allocation-stats>
<gc-op id="2326" type="copy forward" timems="9.423" contextid="2323" timestamp="2019-08-11T06:21:01.492">
  <memory-copied type="eden" objects="2" bytes="56" bytesdiscarded="0" />
  <memory-copied type="other" objects="0" bytes="0" bytesdiscarded="0" />
  <memory-cardclean objects="19" bytes="440" />
  <regions eden="22" other="1" />
  <remembered-set-cleared processed="1299" cleared="0" durationms="0.171" />
  <stringconstants candidates="13661" cleared="0"  />
</gc-op>
<gc-op id="2327" type="classunload" timems="0.009" contextid="2323" timestamp="2019-08-11T06:21:01.492">
  <classunload-info classloadercandidates="53" classloadersunloaded="0" classesunloaded="0" anonymousclassesunloaded="0" quiescems="0.000" setupms="0.009" scanms="0.000" postms="0.000" />
</gc-op>
<gc-end id="2328" type="partial gc" contextid="2323" durationms="11.093" usertimems="23.535" systemtimems="0.000" timestamp="2019-08-11T06:21:01.492" activeThreads="16">
  <mem-info id="2329" free="92274688" total="153092096" percent="60">
    <mem type="eden" free="2097096" total="2097152" percent="99" />
    <remembered-set count="3552" freebytes="6106112" totalbytes="6120320" percent="99" regionsoverflowed="0" regionsstable="8" regionsrebuilding="0"/>
  </mem-info>
</gc-end>
<cycle-end id="2330" type="partial gc" contextid="2323" timestamp="2019-08-11T06:21:01.492" />
  <attribute name="elasticGC enabled" value="1" />
  <attribute name= "numThreadsSpecified" value="16" />
  <attribute name="heapSize specified" value="0" />
  <attribute name="Current GC Util" value="208" />
  <attribute name= "Current Time Running" value="172675" />
  <attribute name ="GC Interval" value="0" />
  <attribute name="ProportionalT" value="64.000000" />
  <attribute name="ProportionalI" value="64.000000" />
  <attribute name="ProportionalH" value="64.000000" />
  <attribute name="Current Error" value="128.000000" />
  <attribute name="IntegralT" value="64.000000" />
  <attribute name="IntegralI" value="64.000000" />
  <attribute name="IntegralH" value="64.000000" />
  <attribute name="DerivativeT" value="124.000000" />
  <attribute name="DerivativeI" value="124.000000" />
  <attribute name="DerivativeH" value="124.000000" />
  <attribute name="Loop Time for DT" value="1.000000" />
  <attribute name="Output H" value="8388608"/>
  <attribute name="Output I" value="256"/>
  <attribute name="Output T" value="16"/>
  <attribute name="Target GC Util Change" value ="80.000000" />
  <attribute name="Current GC Util Change" value="208.000000"/>
  <attribute name="GC Util currently" value="208" />
  <attribute name="CPU Util currently" value="1116011609136" />
<exclusive-end id="2331" timestamp="2019-08-11T06:21:01.492" durationms="11.997" />

<exclusive-start id="2332" timestamp="2019-08-11T06:21:01.512" intervalms="31.113">
  <response-info timems="0.021" idlems="0.021" threads="0" lastid="0000000001E02F00" lastname="main" />
</exclusive-start>
<allocation-taxation id="2333" taxation-threshold="46137344" timestamp="2019-08-11T06:21:01.512" intervalms="31.111" />
<cycle-start id="2334" type="partial gc" contextid="0" timestamp="2019-08-11T06:21:01.512" intervalms="31.081" />
<gc-start id="2335" type="partial gc" contextid="2334" timestamp="2019-08-11T06:21:01.512">
  <mem-info id="2336" free="46137344" total="153092096" percent="30">
    <mem type="eden" free="2097096" total="48234496" percent="4" />
    <remembered-set count="3552" freebytes="6106112" totalbytes="6120320" percent="99" regionsoverflowed="0" regionsstable="8" regionsrebuilding="0"/>
  </mem-info>
</gc-start>
<allocation-stats totalBytes="45982592" >
  <allocated-bytes non-tlh="0" tlh="45982592" arrayletleaf="0"/>
  <largest-consumer threadName="main" threadId="0000000001E02F00" bytes="45982592" />
</allocation-stats>
<gc-op id="2337" type="copy forward" timems="8.354" contextid="2334" timestamp="2019-08-11T06:21:01.522">
  <memory-copied type="eden" objects="2" bytes="56" bytesdiscarded="0" />
  <memory-copied type="other" objects="0" bytes="0" bytesdiscarded="0" />
  <memory-cardclean objects="19" bytes="440" />
  <regions eden="22" other="1" />
  <remembered-set-cleared processed="1299" cleared="0" durationms="0.113" />
  <stringconstants candidates="13661" cleared="0"  />
</gc-op>
<gc-op id="2338" type="classunload" timems="0.011" contextid="2334" timestamp="2019-08-11T06:21:01.522">
  <classunload-info classloadercandidates="53" classloadersunloaded="0" classesunloaded="0" anonymousclassesunloaded="0" quiescems="0.000" setupms="0.010" scanms="0.000" postms="0.000" />
</gc-op>
<gc-end id="2339" type="partial gc" contextid="2334" durationms="10.185" usertimems="24.195" systemtimems="0.000" timestamp="2019-08-11T06:21:01.522" activeThreads="16">
  <mem-info id="2340" free="92274688" total="153092096" percent="60">
    <mem type="eden" free="2097096" total="2097152" percent="99" />
    <remembered-set count="3552" freebytes="6106112" totalbytes="6120320" percent="99" regionsoverflowed="0" regionsstable="8" regionsrebuilding="0"/>
  </mem-info>
</gc-end>
<cycle-end id="2341" type="partial gc" contextid="2334" timestamp="2019-08-11T06:21:01.522" />
  <attribute name="elasticGC enabled" value="1" />
  <attribute name= "numThreadsSpecified" value="16" />
  <attribute name="heapSize specified" value="0" />
  <attribute name="Current GC Util" value="294" />
  <attribute name= "Current Time Running" value="172706" />
  <attribute name ="GC Interval" value="0" />
  <attribute name="ProportionalT" value="107.000000" />
  <attribute name="ProportionalI" value="107.000000" />
  <attribute name="ProportionalH" value="107.000000" />
  <attribute name="Current Error" value="214.000000" />
  <attribute name="IntegralT" value="107.000000" />
  <attribute name="IntegralI" value="107.000000" />
  <attribute name="IntegralH" value="107.000000" />
  <attribute name="DerivativeT" value="214.000000" />
  <attribute name="DerivativeI" value="214.000000" />
  <attribute name="DerivativeH" value="214.000000" />
  <attribute name="Loop Time for DT" value="1.000000" />
  <attribute name="Output H" value="8388608"/>
  <attribute name="Output I" value="432"/>
  <attribute name="Output T" value="16"/>
  <attribute name="Target GC Util Change" value ="80.000000" />
  <attribute name="Current GC Util Change" value="294.000000"/>
  <attribute name="GC Util currently" value="294" />
  <attribute name="CPU Util currently" value="898683110328" />
<exclusive-end id="2342" timestamp="2019-08-11T06:21:01.522" durationms="10.898" />

<exclusive-start id="2343" timestamp="2019-08-11T06:21:01.540" intervalms="28.160">
  <response-info timems="0.018" idlems="0.018" threads="0" lastid="0000000001E02F00" lastname="main" />
</exclusive-start>
<allocation-taxation id="2344" taxation-threshold="46137344" timestamp="2019-08-11T06:21:01.540" intervalms="28.159" />
<cycle-start id="2345" type="partial gc" contextid="0" timestamp="2019-08-11T06:21:01.540" intervalms="28.186" />
<gc-start id="2346" type="partial gc" contextid="2345" timestamp="2019-08-11T06:21:01.540">
  <mem-info id="2347" free="46137344" total="153092096" percent="30">
    <mem type="eden" free="2097096" total="48234496" percent="4" />
    <remembered-set count="3552" freebytes="6106112" totalbytes="6120320" percent="99" regionsoverflowed="0" regionsstable="8" regionsrebuilding="0"/>
  </mem-info>
</gc-start>
<allocation-stats totalBytes="45982616" >
  <allocated-bytes non-tlh="0" tlh="45982616" arrayletleaf="0"/>
  <largest-consumer threadName="main" threadId="0000000001E02F00" bytes="45982616" />
</allocation-stats>
<gc-op id="2348" type="copy forward" timems="9.972" contextid="2345" timestamp="2019-08-11T06:21:01.551">
  <memory-copied type="eden" objects="2" bytes="56" bytesdiscarded="0" />
  <memory-copied type="other" objects="0" bytes="0" bytesdiscarded="0" />
  <memory-cardclean objects="19" bytes="440" />
  <regions eden="22" other="1" />
  <remembered-set-cleared processed="1299" cleared="0" durationms="0.607" />
  <stringconstants candidates="13661" cleared="0"  />
</gc-op>
<gc-op id="2349" type="classunload" timems="0.013" contextid="2345" timestamp="2019-08-11T06:21:01.551">
  <classunload-info classloadercandidates="53" classloadersunloaded="0" classesunloaded="0" anonymousclassesunloaded="0" quiescems="0.000" setupms="0.013" scanms="0.000" postms="0.000" />
</gc-op>
<gc-end id="2350" type="partial gc" contextid="2345" durationms="11.449" usertimems="23.875" systemtimems="0.000" timestamp="2019-08-11T06:21:01.552" activeThreads="16">
  <mem-info id="2351" free="92274688" total="153092096" percent="60">
    <mem type="eden" free="2097096" total="2097152" percent="99" />
    <remembered-set count="3552" freebytes="6106112" totalbytes="6120320" percent="99" regionsoverflowed="0" regionsstable="8" regionsrebuilding="0"/>
  </mem-info>
</gc-end>
<cycle-end id="2352" type="partial gc" contextid="2345" timestamp="2019-08-11T06:21:01.552" />
  <attribute name="elasticGC enabled" value="1" />
  <attribute name= "numThreadsSpecified" value="16" />
  <attribute name="heapSize specified" value="0" />
  <attribute name="Current GC Util" value="125" />
  <attribute name= "Current Time Running" value="172734" />
  <attribute name ="GC Interval" value="0" />
  <attribute name="ProportionalT" value="22.500000" />
  <attribute name="ProportionalI" value="22.500000" />
  <attribute name="ProportionalH" value="22.500000" />
  <attribute name="Current Error" value="45.000000" />
  <attribute name="IntegralT" value="22.500000" />
  <attribute name="IntegralI" value="22.500000" />
  <attribute name="IntegralH" value="22.500000" />
  <attribute name="DerivativeT" value="45.000000" />
  <attribute name="DerivativeI" value="45.000000" />
  <attribute name="DerivativeH" value="45.000000" />
  <attribute name="Loop Time for DT" value="1.000000" />
  <attribute name="Output H" value="8388608"/>
  <attribute name="Output I" value="200"/>
  <attribute name="Output T" value="16"/>
  <attribute name="Target GC Util Change" value ="80.000000" />
  <attribute name="Current GC Util Change" value="125.000000"/>
  <attribute name="GC Util currently" value="125" />
  <attribute name="CPU Util currently" value="1306700510346" />
<exclusive-end id="2353" timestamp="2019-08-11T06:21:01.552" durationms="12.127" />

<exclusive-start id="2354" timestamp="2019-08-11T06:21:01.569" intervalms="29.500">
  <response-info timems="0.021" idlems="0.021" threads="0" lastid="0000000001E02F00" lastname="main" />
</exclusive-start>
<allocation-taxation id="2355" taxation-threshold="46137344" timestamp="2019-08-11T06:21:01.569" intervalms="29.507" />
<cycle-start id="2356" type="partial gc" contextid="0" timestamp="2019-08-11T06:21:01.569" intervalms="29.497" />
<gc-start id="2357" type="partial gc" contextid="2356" timestamp="2019-08-11T06:21:01.570">
  <mem-info id="2358" free="46137344" total="153092096" percent="30">
    <mem type="eden" free="2097096" total="48234496" percent="4" />
    <remembered-set count="3552" freebytes="6106112" totalbytes="6120320" percent="99" regionsoverflowed="0" regionsstable="8" regionsrebuilding="0"/>
  </mem-info>
</gc-start>
<allocation-stats totalBytes="45982592" >
  <allocated-bytes non-tlh="0" tlh="45982592" arrayletleaf="0"/>
  <largest-consumer threadName="main" threadId="0000000001E02F00" bytes="45982592" />
</allocation-stats>
<gc-op id="2359" type="copy forward" timems="8.515" contextid="2356" timestamp="2019-08-11T06:21:01.579">
  <memory-copied type="eden" objects="2" bytes="56" bytesdiscarded="0" />
  <memory-copied type="other" objects="0" bytes="0" bytesdiscarded="0" />
  <memory-cardclean objects="19" bytes="440" />
  <regions eden="22" other="1" />
  <remembered-set-cleared processed="1299" cleared="0" durationms="0.217" />
  <stringconstants candidates="13661" cleared="0"  />
</gc-op>
<gc-op id="2360" type="classunload" timems="0.009" contextid="2356" timestamp="2019-08-11T06:21:01.579">
  <classunload-info classloadercandidates="53" classloadersunloaded="0" classesunloaded="0" anonymousclassesunloaded="0" quiescems="0.000" setupms="0.009" scanms="0.000" postms="0.000" />
</gc-op>
<gc-end id="2361" type="partial gc" contextid="2356" durationms="9.673" usertimems="22.363" systemtimems="0.000" timestamp="2019-08-11T06:21:01.579" activeThreads="16">
  <mem-info id="2362" free="92274688" total="153092096" percent="60">
    <mem type="eden" free="2097096" total="2097152" percent="99" />
    <remembered-set count="3552" freebytes="6106112" totalbytes="6120320" percent="99" regionsoverflowed="0" regionsstable="8" regionsrebuilding="0"/>
  </mem-info>
</gc-end>
<cycle-end id="2363" type="partial gc" contextid="2356" timestamp="2019-08-11T06:21:01.579" />
  <attribute name="elasticGC enabled" value="1" />
  <attribute name= "numThreadsSpecified" value="16" />
  <attribute name="heapSize specified" value="0" />
  <attribute name="Current GC Util" value="0" />
  <attribute name= "Current Time Running" value="172763" />
  <attribute name ="GC Interval" value="0" />
  <attribute name="ProportionalT" value="-40.000000" />
  <attribute name="ProportionalI" value="-40.000000" />
  <attribute name="ProportionalH" value="-40.000000" />
  <attribute name="Current Error" value="-80.000000" />
  <attribute name="IntegralT" value="0.000000" />
  <attribute name="IntegralI" value="0.000000" />
  <attribute name="IntegralH" value="0.000000" />
  <attribute name="DerivativeT" value="-inf" />
  <attribute name="DerivativeI" value="-inf" />
  <attribute name="DerivativeH" value="-inf" />
  <attribute name="Loop Time for DT" value="0.000000" />
  <attribute name="Output H" value="4202627072"/>
  <attribute name="Output I" value="200"/>
  <attribute name="Output T" value="16"/>
  <attribute name="Target GC Util Change" value ="80.000000" />
  <attribute name="Current GC Util Change" value="0.000000"/>
  <attribute name="GC Util currently" value="0" />
  <attribute name="CPU Util currently" value="1909904449534" />
<exclusive-end id="2364" timestamp="2019-08-11T06:21:01.580" durationms="10.338" />

<exclusive-start id="2365" timestamp="2019-08-11T06:21:01.599" intervalms="29.432">
  <response-info timems="0.021" idlems="0.021" threads="0" lastid="0000000001E02F00" lastname="main" />
</exclusive-start>
<allocation-taxation id="2366" taxation-threshold="46137344" timestamp="2019-08-11T06:21:01.599" intervalms="29.441" />
<cycle-start id="2367" type="partial gc" contextid="0" timestamp="2019-08-11T06:21:01.599" intervalms="29.443" />
<gc-start id="2368" type="partial gc" contextid="2367" timestamp="2019-08-11T06:21:01.599">
  <mem-info id="2369" free="46137344" total="153092096" percent="30">
    <mem type="eden" free="2097096" total="48234496" percent="4" />
    <remembered-set count="3552" freebytes="6106112" totalbytes="6120320" percent="99" regionsoverflowed="0" regionsstable="8" regionsrebuilding="0"/>
  </mem-info>
</gc-start>
<allocation-stats totalBytes="45982592" >
  <allocated-bytes non-tlh="0" tlh="45982592" arrayletleaf="0"/>
  <largest-consumer threadName="main" threadId="0000000001E02F00" bytes="45982592" />
</allocation-stats>
<gc-op id="2370" type="copy forward" timems="11.039" contextid="2367" timestamp="2019-08-11T06:21:01.611">
  <memory-copied type="eden" objects="2" bytes="56" bytesdiscarded="0" />
  <memory-copied type="other" objects="0" bytes="0" bytesdiscarded="0" />
  <memory-cardclean objects="19" bytes="440" />
  <regions eden="22" other="1" />
  <remembered-set-cleared processed="1299" cleared="0" durationms="0.340" />
  <stringconstants candidates="13661" cleared="0"  />
</gc-op>
<gc-op id="2371" type="classunload" timems="0.013" contextid="2367" timestamp="2019-08-11T06:21:01.611">
  <classunload-info classloadercandidates="53" classloadersunloaded="0" classesunloaded="0" anonymousclassesunloaded="0" quiescems="0.000" setupms="0.012" scanms="0.000" postms="0.000" />
</gc-op>
<gc-end id="2372" type="partial gc" contextid="2367" durationms="12.414" usertimems="25.291" systemtimems="0.000" timestamp="2019-08-11T06:21:01.612" activeThreads="16">
  <mem-info id="2373" free="92274688" total="153092096" percent="60">
    <mem type="eden" free="2097096" total="2097152" percent="99" />
    <remembered-set count="3552" freebytes="6106112" totalbytes="6120320" percent="99" regionsoverflowed="0" regionsstable="8" regionsrebuilding="0"/>
  </mem-info>
</gc-end>
<cycle-end id="2374" type="partial gc" contextid="2367" timestamp="2019-08-11T06:21:01.612" />
  <attribute name="elasticGC enabled" value="1" />
  <attribute name= "numThreadsSpecified" value="16" />
  <attribute name="heapSize specified" value="0" />
  <attribute name="Current GC Util" value="117" />
  <attribute name= "Current Time Running" value="172793" />
  <attribute name ="GC Interval" value="0" />
  <attribute name="ProportionalT" value="18.500000" />
  <attribute name="ProportionalI" value="18.500000" />
  <attribute name="ProportionalH" value="18.500000" />
  <attribute name="Current Error" value="37.000000" />
  <attribute name="IntegralT" value="18.500000" />
  <attribute name="IntegralI" value="18.500000" />
  <attribute name="IntegralH" value="18.500000" />
  <attribute name="DerivativeT" value="37.000000" />
  <attribute name="DerivativeI" value="37.000000" />
  <attribute name="DerivativeH" value="37.000000" />
  <attribute name="Loop Time for DT" value="1.000000" />
  <attribute name="Output H" value="8388608"/>
  <attribute name="Output I" value="200"/>
  <attribute name="Output T" value="16"/>
  <attribute name="Target GC Util Change" value ="80.000000" />
  <attribute name="Current GC Util Change" value="117.000000"/>
  <attribute name="GC Util currently" value="117" />
  <attribute name="CPU Util currently" value="1488439550043" />
<exclusive-end id="2375" timestamp="2019-08-11T06:21:01.612" durationms="13.163" />

<exclusive-start id="2376" timestamp="2019-08-11T06:21:01.628" intervalms="29.729">
  <response-info timems="0.018" idlems="0.018" threads="0" lastid="0000000001E02F00" lastname="main" />
</exclusive-start>
<allocation-taxation id="2377" taxation-threshold="46137344" timestamp="2019-08-11T06:21:01.628" intervalms="29.709" />
<cycle-start id="2378" type="partial gc" contextid="0" timestamp="2019-08-11T06:21:01.629" intervalms="29.705" />
<gc-start id="2379" type="partial gc" contextid="2378" timestamp="2019-08-11T06:21:01.629">
  <mem-info id="2380" free="46137344" total="153092096" percent="30">
    <mem type="eden" free="2097096" total="48234496" percent="4" />
    <remembered-set count="3552" freebytes="6106112" totalbytes="6120320" percent="99" regionsoverflowed="0" regionsstable="8" regionsrebuilding="0"/>
  </mem-info>
</gc-start>
<allocation-stats totalBytes="45865600" >
  <allocated-bytes non-tlh="0" tlh="45865600" arrayletleaf="0"/>
  <largest-consumer threadName="main" threadId="0000000001E02F00" bytes="45865600" />
</allocation-stats>
<gc-op id="2381" type="copy forward" timems="9.198" contextid="2378" timestamp="2019-08-11T06:21:01.639">
  <memory-copied type="eden" objects="27" bytes="1936" bytesdiscarded="1424" />
  <memory-copied type="other" objects="0" bytes="0" bytesdiscarded="0" />
  <memory-cardclean objects="78" bytes="2560" />
  <regions eden="22" other="1" />
  <remembered-set-cleared processed="1299" cleared="5" durationms="0.123" />
  <stringconstants candidates="13661" cleared="0"  />
</gc-op>
<gc-op id="2382" type="classunload" timems="0.008" contextid="2378" timestamp="2019-08-11T06:21:01.639">
  <classunload-info classloadercandidates="53" classloadersunloaded="0" classesunloaded="0" anonymousclassesunloaded="0" quiescems="0.000" setupms="0.008" scanms="0.000" postms="0.000" />
</gc-op>
<gc-end id="2383" type="partial gc" contextid="2378" durationms="10.641" usertimems="22.254" systemtimems="0.000" timestamp="2019-08-11T06:21:01.640" activeThreads="16">
  <mem-info id="2384" free="92274688" total="153092096" percent="60">
    <mem type="eden" free="2093792" total="2097152" percent="99" />
    <remembered-set count="5088" freebytes="6099968" totalbytes="6120320" percent="99" regionsoverflowed="0" regionsstable="8" regionsrebuilding="0"/>
  </mem-info>
</gc-end>
<cycle-end id="2385" type="partial gc" contextid="2378" timestamp="2019-08-11T06:21:01.640" />
  <attribute name="elasticGC enabled" value="1" />
  <attribute name= "numThreadsSpecified" value="16" />
  <attribute name="heapSize specified" value="0" />
  <attribute name="Current GC Util" value="235" />
  <attribute name= "Current Time Running" value="172823" />
  <attribute name ="GC Interval" value="0" />
  <attribute name="ProportionalT" value="77.500000" />
  <attribute name="ProportionalI" value="77.500000" />
  <attribute name="ProportionalH" value="77.500000" />
  <attribute name="Current Error" value="155.000000" />
  <attribute name="IntegralT" value="77.500000" />
  <attribute name="IntegralI" value="77.500000" />
  <attribute name="IntegralH" value="77.500000" />
  <attribute name="DerivativeT" value="149.000000" />
  <attribute name="DerivativeI" value="149.000000" />
  <attribute name="DerivativeH" value="149.000000" />
  <attribute name="Loop Time for DT" value="1.000000" />
  <attribute name="Output H" value="8388608"/>
  <attribute name="Output I" value="304"/>
  <attribute name="Output T" value="16"/>
  <attribute name="Target GC Util Change" value ="80.000000" />
  <attribute name="Current GC Util Change" value="235.000000"/>
  <attribute name="GC Util currently" value="235" />
  <attribute name="CPU Util currently" value="1260825421552" />
<exclusive-end id="2386" timestamp="2019-08-11T06:21:01.640" durationms="11.421" />

<exclusive-start id="2387" timestamp="2019-08-11T06:21:01.658" intervalms="29.352">
  <response-info timems="0.040" idlems="0.040" threads="0" lastid="0000000001E02F00" lastname="main" />
</exclusive-start>
<allocation-taxation id="2388" taxation-threshold="46137344" timestamp="2019-08-11T06:21:01.658" intervalms="29.350" />
<cycle-start id="2389" type="partial gc" contextid="0" timestamp="2019-08-11T06:21:01.658" intervalms="29.363" />
<gc-start id="2390" type="partial gc" contextid="2389" timestamp="2019-08-11T06:21:01.658">
  <mem-info id="2391" free="46137344" total="153092096" percent="30">
    <mem type="eden" free="0" total="46137344" percent="0" />
    <remembered-set count="3744" freebytes="6105344" totalbytes="6120320" percent="99" regionsoverflowed="0" regionsstable="9" regionsrebuilding="0"/>
  </mem-info>
</gc-start>
<allocation-stats totalBytes="45841048" >
  <allocated-bytes non-tlh="0" tlh="45841048" arrayletleaf="0"/>
  <largest-consumer threadName="main" threadId="0000000001E02F00" bytes="45841048" />
</allocation-stats>
<gc-op id="2392" type="copy forward" timems="8.658" contextid="2389" timestamp="2019-08-11T06:21:01.668">
  <memory-copied type="eden" objects="2" bytes="64" bytesdiscarded="0" />
  <memory-copied type="other" objects="26" bytes="1896" bytesdiscarded="1568" />
  <memory-cardclean objects="66" bytes="2352" />
  <regions eden="22" other="1" />
  <remembered-set-cleared processed="643" cleared="2" durationms="0.101" />
  <stringconstants candidates="13661" cleared="0"  />
</gc-op>
<gc-op id="2393" type="classunload" timems="0.011" contextid="2389" timestamp="2019-08-11T06:21:01.668">
  <classunload-info classloadercandidates="53" classloadersunloaded="0" classesunloaded="0" anonymousclassesunloaded="0" quiescems="0.000" setupms="0.010" scanms="0.000" postms="0.000" />
</gc-op>
<heap-resize id="2394" type="expand" space="default" amount="4194304" count="1" timems="0.103" reason="excessive time being spent in gc" timestamp="2019-08-11T06:21:01.668" />
<gc-end id="2395" type="partial gc" contextid="2389" durationms="10.088" usertimems="24.409" systemtimems="0.000" timestamp="2019-08-11T06:21:01.668" activeThreads="16">
  <mem-info id="2396" free="94371840" total="157286400" percent="60">
    <mem type="eden" free="2097088" total="2097152" percent="99" />
    <remembered-set count="4736" freebytes="6269056" totalbytes="6288000" percent="99" regionsoverflowed="0" regionsstable="9" regionsrebuilding="0"/>
  </mem-info>
</gc-end>
<cycle-end id="2397" type="partial gc" contextid="2389" timestamp="2019-08-11T06:21:01.668" />
  <attribute name="elasticGC enabled" value="1" />
  <attribute name= "numThreadsSpecified" value="16" />
  <attribute name="heapSize specified" value="0" />
  <attribute name="Current GC Util" value="282" />
  <attribute name= "Current Time Running" value="172852" />
  <attribute name ="GC Interval" value="0" />
  <attribute name="ProportionalT" value="101.000000" />
  <attribute name="ProportionalI" value="101.000000" />
  <attribute name="ProportionalH" value="101.000000" />
  <attribute name="Current Error" value="202.000000" />
  <attribute name="IntegralT" value="101.000000" />
  <attribute name="IntegralI" value="101.000000" />
  <attribute name="IntegralH" value="101.000000" />
  <attribute name="DerivativeT" value="202.000000" />
  <attribute name="DerivativeI" value="202.000000" />
  <attribute name="DerivativeH" value="202.000000" />
  <attribute name="Loop Time for DT" value="1.000000" />
  <attribute name="Output H" value="8388608"/>
  <attribute name="Output I" value="408"/>
  <attribute name="Output T" value="16"/>
  <attribute name="Target GC Util Change" value ="80.000000" />
  <attribute name="Current GC Util Change" value="282.000000"/>
  <attribute name="GC Util currently" value="282" />
  <attribute name="CPU Util currently" value="1444276879325" />
<exclusive-end id="2398" timestamp="2019-08-11T06:21:01.668" durationms="10.678" />

<exclusive-start id="2399" timestamp="2019-08-11T06:21:01.688" intervalms="30.302">
  <response-info timems="0.018" idlems="0.018" threads="0" lastid="0000000001E02F00" lastname="main" />
</exclusive-start>
<allocation-taxation id="2400" taxation-threshold="46137344" timestamp="2019-08-11T06:21:01.688" intervalms="30.306" />
<cycle-start id="2401" type="partial gc" contextid="0" timestamp="2019-08-11T06:21:01.688" intervalms="30.277" />
<gc-start id="2402" type="partial gc" contextid="2401" timestamp="2019-08-11T06:21:01.689">
  <mem-info id="2403" free="48234496" total="157286400" percent="30">
    <mem type="eden" free="2097088" total="48234496" percent="4" />
    <remembered-set count="4736" freebytes="6269056" totalbytes="6288000" percent="99" regionsoverflowed="0" regionsstable="9" regionsrebuilding="0"/>
  </mem-info>
</gc-start>
<allocation-stats totalBytes="45849376" >
  <allocated-bytes non-tlh="0" tlh="45849376" arrayletleaf="0"/>
  <largest-consumer threadName="main" threadId="0000000001E02F00" bytes="45849376" />
</allocation-stats>
<gc-op id="2404" type="copy forward" timems="10.335" contextid="2401" timestamp="2019-08-11T06:21:01.700">
  <memory-copied type="eden" objects="2" bytes="64" bytesdiscarded="0" />
  <memory-copied type="other" objects="0" bytes="0" bytesdiscarded="0" />
  <memory-cardclean objects="13" bytes="392" />
  <regions eden="22" other="1" />
  <remembered-set-cleared processed="648" cleared="0" durationms="0.113" />
  <stringconstants candidates="13661" cleared="0"  />
</gc-op>
<gc-op id="2405" type="classunload" timems="0.012" contextid="2401" timestamp="2019-08-11T06:21:01.701">
  <classunload-info classloadercandidates="53" classloadersunloaded="0" classesunloaded="0" anonymousclassesunloaded="0" quiescems="0.000" setupms="0.011" scanms="0.000" postms="0.000" />
</gc-op>
<gc-end id="2406" type="partial gc" contextid="2401" durationms="12.146" usertimems="25.254" systemtimems="0.000" timestamp="2019-08-11T06:21:01.701" activeThreads="16">
  <mem-info id="2407" free="94371840" total="157286400" percent="60">
    <mem type="eden" free="2097088" total="2097152" percent="99" />
    <remembered-set count="2880" freebytes="6276480" totalbytes="6288000" percent="99" regionsoverflowed="0" regionsstable="9" regionsrebuilding="0"/>
  </mem-info>
</gc-end>
<cycle-end id="2408" type="partial gc" contextid="2401" timestamp="2019-08-11T06:21:01.701" />
  <attribute name="elasticGC enabled" value="1" />
  <attribute name= "numThreadsSpecified" value="16" />
  <attribute name="heapSize specified" value="0" />
  <attribute name="Current GC Util" value="129" />
  <attribute name= "Current Time Running" value="172883" />
  <attribute name ="GC Interval" value="0" />
  <attribute name="ProportionalT" value="24.500000" />
  <attribute name="ProportionalI" value="24.500000" />
  <attribute name="ProportionalH" value="24.500000" />
  <attribute name="Current Error" value="49.000000" />
  <attribute name="IntegralT" value="49.000000" />
  <attribute name="IntegralI" value="49.000000" />
  <attribute name="IntegralH" value="49.000000" />
  <attribute name="DerivativeT" value="24.500000" />
  <attribute name="DerivativeI" value="24.500000" />
  <attribute name="DerivativeH" value="24.500000" />
  <attribute name="Loop Time for DT" value="2.000000" />
  <attribute name="Output H" value="8388608"/>
  <attribute name="Output I" value="200"/>
  <attribute name="Output T" value="16"/>
  <attribute name="Target GC Util Change" value ="80.000000" />
  <attribute name="Current GC Util Change" value="129.000000"/>
  <attribute name="GC Util currently" value="129" />
  <attribute name="CPU Util currently" value="933368841031" />
<exclusive-end id="2409" timestamp="2019-08-11T06:21:01.701" durationms="12.830" />

<exclusive-start id="2410" timestamp="2019-08-11T06:21:01.718" intervalms="29.966">
  <response-info timems="0.018" idlems="0.018" threads="0" lastid="0000000001E02F00" lastname="main" />
</exclusive-start>
<allocation-taxation id="2411" taxation-threshold="46137344" timestamp="2019-08-11T06:21:01.718" intervalms="29.964" />
<cycle-start id="2412" type="partial gc" contextid="0" timestamp="2019-08-11T06:21:01.718" intervalms="30.033" />
<gc-start id="2413" type="partial gc" contextid="2412" timestamp="2019-08-11T06:21:01.719">
  <mem-info id="2414" free="48234496" total="157286400" percent="30">
    <mem type="eden" free="2097088" total="48234496" percent="4" />
    <remembered-set count="2880" freebytes="6276480" totalbytes="6288000" percent="99" regionsoverflowed="0" regionsstable="9" regionsrebuilding="0"/>
  </mem-info>
</gc-start>
<allocation-stats totalBytes="45848160" >
  <allocated-bytes non-tlh="0" tlh="45848160" arrayletleaf="0"/>
  <largest-consumer threadName="main" threadId="0000000001E02F00" bytes="45848160" />
</allocation-stats>
<gc-op id="2415" type="copy forward" timems="16.643" contextid="2412" timestamp="2019-08-11T06:21:01.737">
  <memory-copied type="eden" objects="2" bytes="64" bytesdiscarded="0" />
  <memory-copied type="other" objects="0" bytes="0" bytesdiscarded="0" />
  <memory-cardclean objects="13" bytes="392" />
  <regions eden="22" other="1" />
  <remembered-set-cleared processed="648" cleared="0" durationms="0.213" />
  <stringconstants candidates="13661" cleared="0"  />
</gc-op>
<gc-op id="2416" type="classunload" timems="0.010" contextid="2412" timestamp="2019-08-11T06:21:01.737">
  <classunload-info classloadercandidates="53" classloadersunloaded="0" classesunloaded="0" anonymousclassesunloaded="0" quiescems="0.000" setupms="0.010" scanms="0.000" postms="0.000" />
</gc-op>
<gc-end id="2417" type="partial gc" contextid="2412" durationms="18.853" usertimems="33.574" systemtimems="0.000" timestamp="2019-08-11T06:21:01.737" activeThreads="16">
  <mem-info id="2418" free="94371840" total="157286400" percent="60">
    <mem type="eden" free="2097088" total="2097152" percent="99" />
    <remembered-set count="2880" freebytes="6276480" totalbytes="6288000" percent="99" regionsoverflowed="0" regionsstable="9" regionsrebuilding="0"/>
  </mem-info>
</gc-end>
<cycle-end id="2419" type="partial gc" contextid="2412" timestamp="2019-08-11T06:21:01.738" />
  <attribute name="elasticGC enabled" value="1" />
  <attribute name= "numThreadsSpecified" value="16" />
  <attribute name="heapSize specified" value="0" />
  <attribute name="Current GC Util" value="115" />
  <attribute name= "Current Time Running" value="172913" />
  <attribute name ="GC Interval" value="0" />
  <attribute name="ProportionalT" value="17.500000" />
  <attribute name="ProportionalI" value="17.500000" />
  <attribute name="ProportionalH" value="17.500000" />
  <attribute name="Current Error" value="35.000000" />
  <attribute name="IntegralT" value="35.000000" />
  <attribute name="IntegralI" value="35.000000" />
  <attribute name="IntegralH" value="35.000000" />
  <attribute name="DerivativeT" value="16.000000" />
  <attribute name="DerivativeI" value="16.000000" />
  <attribute name="DerivativeH" value="16.000000" />
  <attribute name="Loop Time for DT" value="2.000000" />
  <attribute name="Output H" value="8388608"/>
  <attribute name="Output I" value="200"/>
  <attribute name="Output T" value="16"/>
  <attribute name="Target GC Util Change" value ="80.000000" />
  <attribute name="Current GC Util Change" value="115.000000"/>
  <attribute name="GC Util currently" value="115" />
  <attribute name="CPU Util currently" value="777913484372" />
<exclusive-end id="2420" timestamp="2019-08-11T06:21:01.738" durationms="19.952" />

<exclusive-start id="2421" timestamp="2019-08-11T06:21:01.764" intervalms="45.768">
  <response-info timems="0.015" idlems="0.015" threads="0" lastid="0000000001E02F00" lastname="main" />
</exclusive-start>
<allocation-taxation id="2422" taxation-threshold="46137344" timestamp="2019-08-11T06:21:01.764" intervalms="45.770" />
<cycle-start id="2423" type="partial gc" contextid="0" timestamp="2019-08-11T06:21:01.764" intervalms="45.708" />
<gc-start id="2424" type="partial gc" contextid="2423" timestamp="2019-08-11T06:21:01.764">
  <mem-info id="2425" free="48234496" total="157286400" percent="30">
    <mem type="eden" free="2097088" total="48234496" percent="4" />
    <remembered-set count="2880" freebytes="6276480" totalbytes="6288000" percent="99" regionsoverflowed="0" regionsstable="9" regionsrebuilding="0"/>
  </mem-info>
</gc-start>
<allocation-stats totalBytes="45848136" >
  <allocated-bytes non-tlh="0" tlh="45848136" arrayletleaf="0"/>
  <largest-consumer threadName="main" threadId="0000000001E02F00" bytes="45848136" />
</allocation-stats>
<gc-op id="2426" type="copy forward" timems="9.890" contextid="2423" timestamp="2019-08-11T06:21:01.775">
  <memory-copied type="eden" objects="2" bytes="64" bytesdiscarded="0" />
  <memory-copied type="other" objects="0" bytes="0" bytesdiscarded="0" />
  <memory-cardclean objects="13" bytes="392" />
  <regions eden="22" other="1" />
  <remembered-set-cleared processed="648" cleared="0" durationms="0.122" />
  <stringconstants candidates="13661" cleared="0"  />
</gc-op>
<gc-op id="2427" type="classunload" timems="0.012" contextid="2423" timestamp="2019-08-11T06:21:01.776">
  <classunload-info classloadercandidates="53" classloadersunloaded="0" classesunloaded="0" anonymousclassesunloaded="0" quiescems="0.000" setupms="0.012" scanms="0.000" postms="0.000" />
</gc-op>
<gc-end id="2428" type="partial gc" contextid="2423" durationms="11.434" usertimems="24.915" systemtimems="0.000" timestamp="2019-08-11T06:21:01.776" activeThreads="16">
  <mem-info id="2429" free="94371840" total="157286400" percent="60">
    <mem type="eden" free="2097088" total="2097152" percent="99" />
    <remembered-set count="2880" freebytes="6276480" totalbytes="6288000" percent="99" regionsoverflowed="0" regionsstable="9" regionsrebuilding="0"/>
  </mem-info>
</gc-end>
<cycle-end id="2430" type="partial gc" contextid="2423" timestamp="2019-08-11T06:21:01.776" />
  <attribute name="elasticGC enabled" value="1" />
  <attribute name= "numThreadsSpecified" value="16" />
  <attribute name="heapSize specified" value="0" />
  <attribute name="Current GC Util" value="196" />
  <attribute name= "Current Time Running" value="172958" />
  <attribute name ="GC Interval" value="0" />
  <attribute name="ProportionalT" value="58.000000" />
  <attribute name="ProportionalI" value="58.000000" />
  <attribute name="ProportionalH" value="58.000000" />
  <attribute name="Current Error" value="116.000000" />
  <attribute name="IntegralT" value="58.000000" />
  <attribute name="IntegralI" value="58.000000" />
  <attribute name="IntegralH" value="58.000000" />
  <attribute name="DerivativeT" value="116.000000" />
  <attribute name="DerivativeI" value="116.000000" />
  <attribute name="DerivativeH" value="116.000000" />
  <attribute name="Loop Time for DT" value="1.000000" />
  <attribute name="Output H" value="8388608"/>
  <attribute name="Output I" value="232"/>
  <attribute name="Output T" value="16"/>
  <attribute name="Target GC Util Change" value ="80.000000" />
  <attribute name="Current GC Util Change" value="196.000000"/>
  <attribute name="GC Util currently" value="196" />
  <attribute name="CPU Util currently" value="1133326248814" />
<exclusive-end id="2431" timestamp="2019-08-11T06:21:01.776" durationms="12.169" />

<exclusive-start id="2432" timestamp="2019-08-11T06:21:01.792" intervalms="28.527">
  <response-info timems="0.020" idlems="0.020" threads="0" lastid="0000000001E02F00" lastname="main" />
</exclusive-start>
<allocation-taxation id="2433" taxation-threshold="46137344" timestamp="2019-08-11T06:21:01.792" intervalms="28.541" />
<cycle-start id="2434" type="partial gc" contextid="0" timestamp="2019-08-11T06:21:01.792" intervalms="28.531" />
<gc-start id="2435" type="partial gc" contextid="2434" timestamp="2019-08-11T06:21:01.793">
  <mem-info id="2436" free="48234496" total="157286400" percent="30">
    <mem type="eden" free="2097088" total="48234496" percent="4" />
    <remembered-set count="2880" freebytes="6276480" totalbytes="6288000" percent="99" regionsoverflowed="0" regionsstable="9" regionsrebuilding="0"/>
  </mem-info>
</gc-start>
<allocation-stats totalBytes="45849376" >
  <allocated-bytes non-tlh="0" tlh="45849376" arrayletleaf="0"/>
  <largest-consumer threadName="main" threadId="0000000001E02F00" bytes="45849376" />
</allocation-stats>
<gc-op id="2437" type="copy forward" timems="12.023" contextid="2434" timestamp="2019-08-11T06:21:01.810">
  <memory-copied type="eden" objects="2" bytes="64" bytesdiscarded="0" />
  <memory-copied type="other" objects="0" bytes="0" bytesdiscarded="0" />
  <memory-cardclean objects="13" bytes="392" />
  <regions eden="22" other="1" />
  <remembered-set-cleared processed="648" cleared="0" durationms="0.340" />
  <stringconstants candidates="13661" cleared="0"  />
</gc-op>
<gc-op id="2438" type="classunload" timems="0.011" contextid="2434" timestamp="2019-08-11T06:21:01.810">
  <classunload-info classloadercandidates="53" classloadersunloaded="0" classesunloaded="0" anonymousclassesunloaded="0" quiescems="0.000" setupms="0.011" scanms="0.000" postms="0.000" />
</gc-op>
<gc-end id="2439" type="partial gc" contextid="2434" durationms="17.906" usertimems="32.987" systemtimems="0.000" timestamp="2019-08-11T06:21:01.811" activeThreads="16">
  <mem-info id="2440" free="94371840" total="157286400" percent="60">
    <mem type="eden" free="2097088" total="2097152" percent="99" />
    <remembered-set count="2880" freebytes="6276480" totalbytes="6288000" percent="99" regionsoverflowed="0" regionsstable="9" regionsrebuilding="0"/>
  </mem-info>
</gc-end>
<cycle-end id="2441" type="partial gc" contextid="2434" timestamp="2019-08-11T06:21:01.811" />
  <attribute name="elasticGC enabled" value="1" />
  <attribute name= "numThreadsSpecified" value="16" />
  <attribute name="heapSize specified" value="0" />
  <attribute name="Current GC Util" value="70" />
  <attribute name= "Current Time Running" value="172991" />
  <attribute name ="GC Interval" value="0" />
  <attribute name="ProportionalT" value="-5.000000" />
  <attribute name="ProportionalI" value="-5.000000" />
  <attribute name="ProportionalH" value="-5.000000" />
  <attribute name="Current Error" value="-10.000000" />
  <attribute name="IntegralT" value="-30.000000" />
  <attribute name="IntegralI" value="-30.000000" />
  <attribute name="IntegralH" value="-30.000000" />
  <attribute name="DerivativeT" value="-2.500000" />
  <attribute name="DerivativeI" value="-2.500000" />
  <attribute name="DerivativeH" value="-2.500000" />
  <attribute name="Loop Time for DT" value="6.000000" />
  <attribute name="Output H" value="4202627072"/>
  <attribute name="Output I" value="200"/>
  <attribute name="Output T" value="16"/>
  <attribute name="Target GC Util Change" value ="80.000000" />
  <attribute name="Current GC Util Change" value="70.000000"/>
  <attribute name="GC Util currently" value="70" />
  <attribute name="CPU Util currently" value="214343764911" />
<exclusive-end id="2442" timestamp="2019-08-11T06:21:01.811" durationms="18.562" />

<exclusive-start id="2443" timestamp="2019-08-11T06:21:01.827" intervalms="34.267">
  <response-info timems="0.018" idlems="0.018" threads="0" lastid="0000000001E02F00" lastname="main" />
</exclusive-start>
<allocation-taxation id="2444" taxation-threshold="46137344" timestamp="2019-08-11T06:21:01.827" intervalms="34.282" />
<cycle-start id="2445" type="partial gc" contextid="0" timestamp="2019-08-11T06:21:01.827" intervalms="34.275" />
<gc-start id="2446" type="partial gc" contextid="2445" timestamp="2019-08-11T06:21:01.827">
  <mem-info id="2447" free="48234496" total="157286400" percent="30">
    <mem type="eden" free="2097088" total="48234496" percent="4" />
    <remembered-set count="2880" freebytes="6276480" totalbytes="6288000" percent="99" regionsoverflowed="0" regionsstable="9" regionsrebuilding="0"/>
  </mem-info>
</gc-start>
<allocation-stats totalBytes="45849376" >
  <allocated-bytes non-tlh="0" tlh="45849376" arrayletleaf="0"/>
  <largest-consumer threadName="main" threadId="0000000001E02F00" bytes="45849376" />
</allocation-stats>
<gc-op id="2448" type="copy forward" timems="17.591" contextid="2445" timestamp="2019-08-11T06:21:01.846">
  <memory-copied type="eden" objects="2" bytes="64" bytesdiscarded="0" />
  <memory-copied type="other" objects="0" bytes="0" bytesdiscarded="0" />
  <memory-cardclean objects="13" bytes="392" />
  <regions eden="22" other="1" />
  <remembered-set-cleared processed="648" cleared="0" durationms="0.369" />
  <stringconstants candidates="13661" cleared="0"  />
</gc-op>
<gc-op id="2449" type="classunload" timems="0.011" contextid="2445" timestamp="2019-08-11T06:21:01.846">
  <classunload-info classloadercandidates="53" classloadersunloaded="0" classesunloaded="0" anonymousclassesunloaded="0" quiescems="0.000" setupms="0.010" scanms="0.000" postms="0.000" />
</gc-op>
<gc-end id="2450" type="partial gc" contextid="2445" durationms="19.068" usertimems="30.662" systemtimems="0.000" timestamp="2019-08-11T06:21:01.846" activeThreads="16">
  <mem-info id="2451" free="94371840" total="157286400" percent="60">
    <mem type="eden" free="2097088" total="2097152" percent="99" />
    <remembered-set count="2880" freebytes="6276480" totalbytes="6288000" percent="99" regionsoverflowed="0" regionsstable="9" regionsrebuilding="0"/>
  </mem-info>
</gc-end>
<cycle-end id="2452" type="partial gc" contextid="2445" timestamp="2019-08-11T06:21:01.846" />
  <attribute name="elasticGC enabled" value="1" />
  <attribute name= "numThreadsSpecified" value="16" />
  <attribute name="heapSize specified" value="0" />
  <attribute name="Current GC Util" value="80" />
  <attribute name= "Current Time Running" value="173021" />
  <attribute name ="GC Interval" value="0" />
  <attribute name="ProportionalT" value="0.000000" />
  <attribute name="ProportionalI" value="0.000000" />
  <attribute name="ProportionalH" value="0.000000" />
  <attribute name="Current Error" value="0.000000" />
  <attribute name="IntegralT" value="0.000000" />
  <attribute name="IntegralI" value="0.000000" />
  <attribute name="IntegralH" value="0.000000" />
  <attribute name="DerivativeT" value="-21.000000" />
  <attribute name="DerivativeI" value="-21.000000" />
  <attribute name="DerivativeH" value="-21.000000" />
  <attribute name="Loop Time for DT" value="1.000000" />
  <attribute name="Output H" value="4202627072"/>
  <attribute name="Output I" value="200"/>
  <attribute name="Output T" value="16"/>
  <attribute name="Target GC Util Change" value ="80.000000" />
  <attribute name="Current GC Util Change" value="80.000000"/>
  <attribute name="GC Util currently" value="80" />
  <attribute name="CPU Util currently" value="1330938472785" />
<exclusive-end id="2453" timestamp="2019-08-11T06:21:01.847" durationms="19.960" />

<exclusive-start id="2454" timestamp="2019-08-11T06:21:01.863" intervalms="36.694">
  <response-info timems="0.024" idlems="0.024" threads="0" lastid="0000000001E02F00" lastname="main" />
</exclusive-start>
<allocation-taxation id="2455" taxation-threshold="46137344" timestamp="2019-08-11T06:21:01.863" intervalms="36.680" />
<cycle-start id="2456" type="partial gc" contextid="0" timestamp="2019-08-11T06:21:01.863" intervalms="36.718" />
<gc-start id="2457" type="partial gc" contextid="2456" timestamp="2019-08-11T06:21:01.864">
  <mem-info id="2458" free="48234496" total="157286400" percent="30">
    <mem type="eden" free="2097088" total="48234496" percent="4" />
    <remembered-set count="2880" freebytes="6276480" totalbytes="6288000" percent="99" regionsoverflowed="0" regionsstable="9" regionsrebuilding="0"/>
  </mem-info>
</gc-start>
<allocation-stats totalBytes="45849376" >
  <allocated-bytes non-tlh="0" tlh="45849376" arrayletleaf="0"/>
  <largest-consumer threadName="main" threadId="0000000001E02F00" bytes="45849376" />
</allocation-stats>
<gc-op id="2459" type="copy forward" timems="1.333" contextid="2456" timestamp="2019-08-11T06:21:01.866">
  <memory-copied type="eden" objects="2" bytes="64" bytesdiscarded="0" />
  <memory-copied type="other" objects="0" bytes="0" bytesdiscarded="0" />
  <memory-cardclean objects="13" bytes="392" />
  <regions eden="22" other="1" />
  <remembered-set-cleared processed="648" cleared="0" durationms="0.179" />
  <stringconstants candidates="13661" cleared="0"  />
</gc-op>
<gc-op id="2460" type="classunload" timems="0.004" contextid="2456" timestamp="2019-08-11T06:21:01.866">
  <classunload-info classloadercandidates="53" classloadersunloaded="0" classesunloaded="0" anonymousclassesunloaded="0" quiescems="0.000" setupms="0.004" scanms="0.000" postms="0.000" />
</gc-op>
<gc-end id="2461" type="partial gc" contextid="2456" durationms="2.619" usertimems="4.185" systemtimems="0.000" timestamp="2019-08-11T06:21:01.866" activeThreads="1">
  <mem-info id="2462" free="94371840" total="157286400" percent="60">
    <mem type="eden" free="2097088" total="2097152" percent="99" />
    <remembered-set count="3360" freebytes="6274560" totalbytes="6288000" percent="99" regionsoverflowed="0" regionsstable="9" regionsrebuilding="0"/>
  </mem-info>
</gc-end>
<cycle-end id="2463" type="partial gc" contextid="2456" timestamp="2019-08-11T06:21:01.866" />
  <attribute name="elasticGC enabled" value="1" />
  <attribute name= "numThreadsSpecified" value="1" />
  <attribute name="heapSize specified" value="0" />
  <attribute name="Current GC Util" value="144" />
  <attribute name= "Current Time Running" value="173057" />
  <attribute name ="GC Interval" value="0" />
  <attribute name="ProportionalT" value="32.000000" />
  <attribute name="ProportionalI" value="32.000000" />
  <attribute name="ProportionalH" value="32.000000" />
  <attribute name="Current Error" value="64.000000" />
  <attribute name="IntegralT" value="0.000000" />
  <attribute name="IntegralI" value="0.000000" />
  <attribute name="IntegralH" value="0.000000" />
  <attribute name="DerivativeT" value="inf" />
  <attribute name="DerivativeI" value="inf" />
  <attribute name="DerivativeH" value="inf" />
  <attribute name="Loop Time for DT" value="0.000000" />
  <attribute name="Output H" value="8388608"/>
  <attribute name="Output I" value="200"/>
  <attribute name="Output T" value="1"/>
  <attribute name="Target GC Util Change" value ="80.000000" />
  <attribute name="Current GC Util Change" value="144.000000"/>
  <attribute name="GC Util currently" value="144" />
  <attribute name="CPU Util currently" value="1314838569518" />
<exclusive-end id="2464" timestamp="2019-08-11T06:21:01.867" durationms="3.314" />

<exclusive-start id="2465" timestamp="2019-08-11T06:21:01.937" intervalms="74.011">
  <response-info timems="0.013" idlems="0.013" threads="0" lastid="0000000001E02F00" lastname="main" />
</exclusive-start>
<allocation-taxation id="2466" taxation-threshold="46137344" timestamp="2019-08-11T06:21:01.937" intervalms="74.009" />
<cycle-start id="2467" type="partial gc" contextid="0" timestamp="2019-08-11T06:21:01.937" intervalms="73.995" />
<gc-start id="2468" type="partial gc" contextid="2467" timestamp="2019-08-11T06:21:01.938">
  <mem-info id="2469" free="48234496" total="157286400" percent="30">
    <mem type="eden" free="2097088" total="48234496" percent="4" />
    <remembered-set count="2880" freebytes="6276480" totalbytes="6288000" percent="99" regionsoverflowed="0" regionsstable="9" regionsrebuilding="0"/>
  </mem-info>
</gc-start>
<allocation-stats totalBytes="46125968" >
  <allocated-bytes non-tlh="0" tlh="46125968" arrayletleaf="0"/>
  <largest-consumer threadName="main" threadId="0000000001E02F00" bytes="46125968" />
</allocation-stats>
<gc-op id="2470" type="copy forward" timems="1.429" contextid="2467" timestamp="2019-08-11T06:21:01.940">
  <memory-copied type="eden" objects="154" bytes="5080" bytesdiscarded="0" />
  <memory-copied type="other" objects="0" bytes="0" bytesdiscarded="0" />
  <memory-cardclean objects="79" bytes="2528" />
  <regions eden="22" other="1" />
  <remembered-set-cleared processed="648" cleared="5" durationms="0.195" />
  <stringconstants candidates="13661" cleared="0"  />
</gc-op>
<gc-op id="2471" type="classunload" timems="0.004" contextid="2467" timestamp="2019-08-11T06:21:01.940">
  <classunload-info classloadercandidates="53" classloadersunloaded="0" classesunloaded="0" anonymousclassesunloaded="0" quiescems="0.000" setupms="0.004" scanms="0.000" postms="0.000" />
</gc-op>
<gc-end id="2472" type="partial gc" contextid="2467" durationms="2.520" usertimems="3.707" systemtimems="0.000" timestamp="2019-08-11T06:21:01.940" activeThreads="1">
  <mem-info id="2473" free="94371840" total="157286400" percent="60">
    <mem type="eden" free="2092072" total="2097152" percent="99" />
    <remembered-set count="3232" freebytes="6275072" totalbytes="6288000" percent="99" regionsoverflowed="0" regionsstable="9" regionsrebuilding="0"/>
  </mem-info>
</gc-end>
<cycle-end id="2474" type="partial gc" contextid="2467" timestamp="2019-08-11T06:21:01.940" />
  <attribute name="elasticGC enabled" value="1" />
  <attribute name= "numThreadsSpecified" value="1" />
  <attribute name="heapSize specified" value="0" />
  <attribute name="Current GC Util" value="228" />
  <attribute name= "Current Time Running" value="173131" />
  <attribute name ="GC Interval" value="0" />
  <attribute name="ProportionalT" value="74.000000" />
  <attribute name="ProportionalI" value="74.000000" />
  <attribute name="ProportionalH" value="74.000000" />
  <attribute name="Current Error" value="148.000000" />
  <attribute name="IntegralT" value="0.000000" />
  <attribute name="IntegralI" value="0.000000" />
  <attribute name="IntegralH" value="0.000000" />
  <attribute name="DerivativeT" value="inf" />
  <attribute name="DerivativeI" value="inf" />
  <attribute name="DerivativeH" value="inf" />
  <attribute name="Loop Time for DT" value="0.000000" />
  <attribute name="Output H" value="8388608"/>
  <attribute name="Output I" value="200"/>
  <attribute name="Output T" value="1"/>
  <attribute name="Target GC Util Change" value ="80.000000" />
  <attribute name="Current GC Util Change" value="228.000000"/>
  <attribute name="GC Util currently" value="228" />
  <attribute name="CPU Util currently" value="1744698900159" />
<exclusive-end id="2475" timestamp="2019-08-11T06:21:01.940" durationms="3.179" />

<exclusive-start id="2476" timestamp="2019-08-11T06:21:02.025" intervalms="87.367">
  <response-info timems="0.016" idlems="0.016" threads="0" lastid="0000000001E02F00" lastname="main" />
</exclusive-start>
<allocation-taxation id="2477" taxation-threshold="46137344" timestamp="2019-08-11T06:21:02.025" intervalms="87.367" />
<cycle-start id="2478" type="partial gc" contextid="0" timestamp="2019-08-11T06:21:02.025" intervalms="87.371" />
<gc-start id="2479" type="partial gc" contextid="2478" timestamp="2019-08-11T06:21:02.025">
  <mem-info id="2480" free="48234496" total="157286400" percent="30">
    <mem type="eden" free="0" total="46137344" percent="0" />
    <remembered-set count="2784" freebytes="6276864" totalbytes="6288000" percent="99" regionsoverflowed="0" regionsstable="9" regionsrebuilding="0"/>
  </mem-info>
</gc-start>
<allocation-stats totalBytes="46131000" >
  <allocated-bytes non-tlh="0" tlh="46131000" arrayletleaf="0"/>
  <largest-consumer threadName="main" threadId="0000000001E02F00" bytes="46131000" />
</allocation-stats>
<gc-op id="2481" type="copy forward" timems="1.305" contextid="2478" timestamp="2019-08-11T06:21:02.027">
  <memory-copied type="eden" objects="239" bytes="7816" bytesdiscarded="0" />
  <memory-copied type="other" objects="7" bytes="160" bytesdiscarded="0" />
  <memory-cardclean objects="92" bytes="11728" />
  <regions eden="22" other="1" />
  <remembered-set-cleared processed="646" cleared="11" durationms="0.194" />
  <references type="weak" candidates="37" cleared="0" enqueued="0" />
  <stringconstants candidates="13661" cleared="0"  />
</gc-op>
<gc-op id="2482" type="classunload" timems="0.003" contextid="2478" timestamp="2019-08-11T06:21:02.027">
  <classunload-info classloadercandidates="53" classloadersunloaded="0" classesunloaded="0" anonymousclassesunloaded="0" quiescems="0.000" setupms="0.003" scanms="0.000" postms="0.000" />
</gc-op>
<heap-resize id="2483" type="expand" space="default" amount="6291456" count="1" timems="0.072" reason="excessive time being spent in gc" timestamp="2019-08-11T06:21:02.027" />
<gc-end id="2484" type="partial gc" contextid="2478" durationms="2.424" usertimems="3.523" systemtimems="0.000" timestamp="2019-08-11T06:21:02.027" activeThreads="1">
  <mem-info id="2485" free="98566144" total="163577856" percent="60">
    <mem type="eden" free="2089288" total="2097152" percent="99" />
    <remembered-set count="3168" freebytes="6526848" totalbytes="6539520" percent="99" regionsoverflowed="0" regionsstable="9" regionsrebuilding="0"/>
  </mem-info>
</gc-end>
<cycle-end id="2486" type="partial gc" contextid="2478" timestamp="2019-08-11T06:21:02.028" />
  <attribute name="elasticGC enabled" value="1" />
  <attribute name= "numThreadsSpecified" value="1" />
  <attribute name="heapSize specified" value="0" />
  <attribute name="Current GC Util" value="233" />
  <attribute name= "Current Time Running" value="173218" />
  <attribute name ="GC Interval" value="0" />
  <attribute name="ProportionalT" value="76.500000" />
  <attribute name="ProportionalI" value="76.500000" />
  <attribute name="ProportionalH" value="76.500000" />
  <attribute name="Current Error" value="153.000000" />
  <attribute name="IntegralT" value="0.000000" />
  <attribute name="IntegralI" value="0.000000" />
  <attribute name="IntegralH" value="0.000000" />
  <attribute name="DerivativeT" value="inf" />
  <attribute name="DerivativeI" value="inf" />
  <attribute name="DerivativeH" value="inf" />
  <attribute name="Loop Time for DT" value="0.000000" />
  <attribute name="Output H" value="8388608"/>
  <attribute name="Output I" value="200"/>
  <attribute name="Output T" value="1"/>
  <attribute name="Target GC Util Change" value ="80.000000" />
  <attribute name="Current GC Util Change" value="233.000000"/>
  <attribute name="GC Util currently" value="233" />
  <attribute name="CPU Util currently" value="1847707531057" />
<exclusive-end id="2487" timestamp="2019-08-11T06:21:02.028" durationms="2.964" />

<exclusive-start id="2488" timestamp="2019-08-11T06:21:02.075" intervalms="50.632">
  <response-info timems="0.019" idlems="0.019" threads="0" lastid="0000000001E02F00" lastname="main" />
</exclusive-start>
<allocation-taxation id="2489" taxation-threshold="48234496" timestamp="2019-08-11T06:21:02.075" intervalms="50.619" />
<cycle-start id="2490" type="partial gc" contextid="0" timestamp="2019-08-11T06:21:02.075" intervalms="50.627" />
<gc-start id="2491" type="partial gc" contextid="2490" timestamp="2019-08-11T06:21:02.076">
  <mem-info id="2492" free="50331648" total="163577856" percent="30">
    <mem type="eden" free="0" total="48234496" percent="0" />
    <remembered-set count="2816" freebytes="6528256" totalbytes="6539520" percent="99" regionsoverflowed="0" regionsstable="9" regionsrebuilding="0"/>
  </mem-info>
</gc-start>
<allocation-stats totalBytes="48214120" >
  <allocated-bytes non-tlh="0" tlh="48214120" arrayletleaf="0"/>
  <largest-consumer threadName="main" threadId="0000000001E02F00" bytes="48214120" />
</allocation-stats>
<gc-op id="2493" type="copy forward" timems="11.480" contextid="2490" timestamp="2019-08-11T06:21:02.088">
  <memory-copied type="eden" objects="23" bytes="904" bytesdiscarded="696" />
  <memory-copied type="other" objects="102" bytes="3496" bytesdiscarded="960" />
  <memory-cardclean objects="76" bytes="11352" />
  <regions eden="23" other="1" />
  <remembered-set-cleared processed="647" cleared="11" durationms="0.518" />
  <references type="weak" candidates="37" cleared="0" enqueued="0" />
  <stringconstants candidates="13661" cleared="0"  />
</gc-op>
<gc-op id="2494" type="classunload" timems="0.008" contextid="2490" timestamp="2019-08-11T06:21:02.088">
  <classunload-info classloadercandidates="53" classloadersunloaded="0" classesunloaded="0" anonymousclassesunloaded="0" quiescems="0.000" setupms="0.008" scanms="0.000" postms="0.000" />
</gc-op>
<gc-end id="2495" type="partial gc" contextid="2490" durationms="12.621" usertimems="27.769" systemtimems="0.000" timestamp="2019-08-11T06:21:02.088" activeThreads="16">
  <mem-info id="2496" free="96468992" total="163577856" percent="58">
    <mem type="eden" free="2095552" total="2097152" percent="99" />
    <remembered-set count="3744" freebytes="6524544" totalbytes="6539520" percent="99" regionsoverflowed="0" regionsstable="9" regionsrebuilding="0"/>
  </mem-info>
</gc-end>
<cycle-end id="2497" type="partial gc" contextid="2490" timestamp="2019-08-11T06:21:02.088" />
  <attribute name="elasticGC enabled" value="1" />
  <attribute name= "numThreadsSpecified" value="16" />
  <attribute name="heapSize specified" value="0" />
  <attribute name="Current GC Util" value="182" />
  <attribute name= "Current Time Running" value="173269" />
  <attribute name ="GC Interval" value="0" />
  <attribute name="ProportionalT" value="51.000000" />
  <attribute name="ProportionalI" value="51.000000" />
  <attribute name="ProportionalH" value="51.000000" />
  <attribute name="Current Error" value="102.000000" />
  <attribute name="IntegralT" value="51.000000" />
  <attribute name="IntegralI" value="51.000000" />
  <attribute name="IntegralH" value="51.000000" />
  <attribute name="DerivativeT" value="102.000000" />
  <attribute name="DerivativeI" value="102.000000" />
  <attribute name="DerivativeH" value="102.000000" />
  <attribute name="Loop Time for DT" value="1.000000" />
  <attribute name="Output H" value="8388608"/>
  <attribute name="Output I" value="208"/>
  <attribute name="Output T" value="16"/>
  <attribute name="Target GC Util Change" value ="80.000000" />
  <attribute name="Current GC Util Change" value="182.000000"/>
  <attribute name="GC Util currently" value="182" />
  <attribute name="CPU Util currently" value="1721613407938" />
<exclusive-end id="2498" timestamp="2019-08-11T06:21:02.089" durationms="13.228" />

<exclusive-start id="2499" timestamp="2019-08-11T06:21:02.106" intervalms="30.566">
  <response-info timems="0.017" idlems="0.017" threads="0" lastid="0000000001E02F00" lastname="main" />
</exclusive-start>
<allocation-taxation id="2500" taxation-threshold="48234496" timestamp="2019-08-11T06:21:02.106" intervalms="30.557" />
<cycle-start id="2501" type="partial gc" contextid="0" timestamp="2019-08-11T06:21:02.106" intervalms="30.714" />
<gc-start id="2502" type="partial gc" contextid="2501" timestamp="2019-08-11T06:21:02.106">
  <mem-info id="2503" free="48234496" total="163577856" percent="29">
    <mem type="eden" free="0" total="48234496" percent="0" />
    <remembered-set count="3328" freebytes="6526208" totalbytes="6539520" percent="99" regionsoverflowed="0" regionsstable="9" regionsrebuilding="0"/>
  </mem-info>
</gc-start>
<allocation-stats totalBytes="48210216" >
  <allocated-bytes non-tlh="0" tlh="48210216" arrayletleaf="0"/>
  <largest-consumer threadName="main" threadId="0000000001E02F00" bytes="48210216" />
</allocation-stats>
<gc-op id="2504" type="copy forward" timems="1.609" contextid="2501" timestamp="2019-08-11T06:21:02.109">
  <memory-copied type="eden" objects="6" bytes="384" bytesdiscarded="0" />
  <memory-copied type="other" objects="17" bytes="544" bytesdiscarded="0" />
  <memory-cardclean objects="37" bytes="1608" />
  <regions eden="23" other="1" />
  <remembered-set-cleared processed="653" cleared="3" durationms="0.216" />
  <stringconstants candidates="13661" cleared="0"  />
</gc-op>
<gc-op id="2505" type="classunload" timems="0.006" contextid="2501" timestamp="2019-08-11T06:21:02.109">
  <classunload-info classloadercandidates="53" classloadersunloaded="0" classesunloaded="0" anonymousclassesunloaded="0" quiescems="0.000" setupms="0.006" scanms="0.000" postms="0.000" />
</gc-op>
<gc-end id="2506" type="partial gc" contextid="2501" durationms="3.302" usertimems="3.747" systemtimems="0.000" timestamp="2019-08-11T06:21:02.110" activeThreads="1">
  <mem-info id="2507" free="94371840" total="163577856" percent="57">
    <mem type="eden" free="2096768" total="2097152" percent="99" />
    <remembered-set count="3808" freebytes="6524288" totalbytes="6539520" percent="99" regionsoverflowed="0" regionsstable="9" regionsrebuilding="0"/>
  </mem-info>
</gc-end>
<cycle-end id="2508" type="partial gc" contextid="2501" timestamp="2019-08-11T06:21:02.110" />
  <attribute name="elasticGC enabled" value="1" />
  <attribute name= "numThreadsSpecified" value="1" />
  <attribute name="heapSize specified" value="0" />
  <attribute name="Current GC Util" value="84" />
  <attribute name= "Current Time Running" value="173300" />
  <attribute name ="GC Interval" value="0" />
  <attribute name="ProportionalT" value="2.000000" />
  <attribute name="ProportionalI" value="2.000000" />
  <attribute name="ProportionalH" value="2.000000" />
  <attribute name="Current Error" value="4.000000" />
  <attribute name="IntegralT" value="2.000000" />
  <attribute name="IntegralI" value="2.000000" />
  <attribute name="IntegralH" value="2.000000" />
  <attribute name="DerivativeT" value="-6.000000" />
  <attribute name="DerivativeI" value="-6.000000" />
  <attribute name="DerivativeH" value="-6.000000" />
  <attribute name="Loop Time for DT" value="1.000000" />
  <attribute name="Output H" value="8388608"/>
  <attribute name="Output I" value="200"/>
  <attribute name="Output T" value="1"/>
  <attribute name="Target GC Util Change" value ="80.000000" />
  <attribute name="Current GC Util Change" value="84.000000"/>
  <attribute name="GC Util currently" value="84" />
  <attribute name="CPU Util currently" value="1223370470711" />
<exclusive-end id="2509" timestamp="2019-08-11T06:21:02.111" durationms="4.893" />

<exclusive-start id="2510" timestamp="2019-08-11T06:21:02.130" intervalms="23.936">
  <response-info timems="0.024" idlems="0.024" threads="0" lastid="0000000001E02F00" lastname="main" />
</exclusive-start>
<allocation-taxation id="2511" taxation-threshold="48234496" timestamp="2019-08-11T06:21:02.130" intervalms="23.973" />
<cycle-start id="2512" type="partial gc" contextid="0" timestamp="2019-08-11T06:21:02.130" intervalms="23.797" />
<gc-start id="2513" type="partial gc" contextid="2512" timestamp="2019-08-11T06:21:02.130">
  <mem-info id="2514" free="46137344" total="163577856" percent="28">
    <mem type="eden" free="2096768" total="50331648" percent="4" />
    <remembered-set count="3360" freebytes="6526080" totalbytes="6539520" percent="99" regionsoverflowed="0" regionsstable="9" regionsrebuilding="0"/>
  </mem-info>
</gc-start>
<allocation-stats totalBytes="48209608" >
  <allocated-bytes non-tlh="0" tlh="48209608" arrayletleaf="0"/>
  <largest-consumer threadName="main" threadId="0000000001E02F00" bytes="48209608" />
</allocation-stats>
<gc-op id="2515" type="copy forward" timems="13.169" contextid="2512" timestamp="2019-08-11T06:21:02.144">
  <memory-copied type="eden" objects="6" bytes="400" bytesdiscarded="0" />
  <memory-copied type="other" objects="0" bytes="0" bytesdiscarded="0" />
  <memory-cardclean objects="16" bytes="520" />
  <regions eden="23" other="1" />
  <remembered-set-cleared processed="657" cleared="1" durationms="0.280" />
  <stringconstants candidates="13661" cleared="0"  />
</gc-op>
<gc-op id="2516" type="classunload" timems="0.008" contextid="2512" timestamp="2019-08-11T06:21:02.144">
  <classunload-info classloadercandidates="53" classloadersunloaded="0" classesunloaded="0" anonymousclassesunloaded="0" quiescems="0.000" setupms="0.008" scanms="0.000" postms="0.000" />
</gc-op>
<heap-resize id="2517" type="expand" space="default" amount="10485760" count="1" timems="0.117" reason="excessive time being spent in gc" timestamp="2019-08-11T06:21:02.145" />
<gc-end id="2518" type="partial gc" contextid="2512" durationms="14.490" usertimems="27.744" systemtimems="0.000" timestamp="2019-08-11T06:21:02.145" activeThreads="16">
  <mem-info id="2519" free="104857600" total="174063616" percent="60">
    <mem type="eden" free="2096752" total="2097152" percent="99" />
    <remembered-set count="2976" freebytes="6946816" totalbytes="6958720" percent="99" regionsoverflowed="0" regionsstable="9" regionsrebuilding="0"/>
  </mem-info>
</gc-end>
<cycle-end id="2520" type="partial gc" contextid="2512" timestamp="2019-08-11T06:21:02.145" />
  <attribute name="elasticGC enabled" value="1" />
  <attribute name= "numThreadsSpecified" value="16" />
  <attribute name="heapSize specified" value="0" />
  <attribute name="Current GC Util" value="204" />
  <attribute name= "Current Time Running" value="173324" />
  <attribute name ="GC Interval" value="0" />
  <attribute name="ProportionalT" value="62.000000" />
  <attribute name="ProportionalI" value="62.000000" />
  <attribute name="ProportionalH" value="62.000000" />
  <attribute name="Current Error" value="124.000000" />
  <attribute name="IntegralT" value="62.000000" />
  <attribute name="IntegralI" value="62.000000" />
  <attribute name="IntegralH" value="62.000000" />
  <attribute name="DerivativeT" value="124.000000" />
  <attribute name="DerivativeI" value="124.000000" />
  <attribute name="DerivativeH" value="124.000000" />
  <attribute name="Loop Time for DT" value="1.000000" />
  <attribute name="Output H" value="8388608"/>
  <attribute name="Output I" value="248"/>
  <attribute name="Output T" value="16"/>
  <attribute name="Target GC Util Change" value ="80.000000" />
  <attribute name="Current GC Util Change" value="204.000000"/>
  <attribute name="GC Util currently" value="204" />
  <attribute name="CPU Util currently" value="1763874759146" />
<exclusive-end id="2521" timestamp="2019-08-11T06:21:02.145" durationms="15.193" />

<exclusive-start id="2522" timestamp="2019-08-11T06:21:02.172" intervalms="42.149">
  <response-info timems="0.019" idlems="0.019" threads="0" lastid="0000000001E02F00" lastname="main" />
</exclusive-start>
<allocation-taxation id="2523" taxation-threshold="50331648" timestamp="2019-08-11T06:21:02.172" intervalms="42.124" />
<cycle-start id="2524" type="partial gc" contextid="0" timestamp="2019-08-11T06:21:02.172" intervalms="42.164" />
<gc-start id="2525" type="partial gc" contextid="2524" timestamp="2019-08-11T06:21:02.172">
  <mem-info id="2526" free="54525952" total="174063616" percent="31">
    <mem type="eden" free="2096752" total="52428800" percent="3" />
    <remembered-set count="2976" freebytes="6946816" totalbytes="6958720" percent="99" regionsoverflowed="0" regionsstable="9" regionsrebuilding="0"/>
  </mem-info>
</gc-start>
<allocation-stats totalBytes="50305728" >
  <allocated-bytes non-tlh="0" tlh="50305728" arrayletleaf="0"/>
  <largest-consumer threadName="main" threadId="0000000001E02F00" bytes="50305728" />
</allocation-stats>
<gc-op id="2527" type="copy forward" timems="12.896" contextid="2524" timestamp="2019-08-11T06:21:02.186">
  <memory-copied type="eden" objects="6" bytes="256" bytesdiscarded="0" />
  <memory-copied type="other" objects="0" bytes="0" bytesdiscarded="0" />
  <memory-cardclean objects="16" bytes="520" />
  <regions eden="24" other="1" />
  <remembered-set-cleared processed="657" cleared="1" durationms="0.110" />
  <stringconstants candidates="13661" cleared="0"  />
</gc-op>
<gc-op id="2528" type="classunload" timems="0.009" contextid="2524" timestamp="2019-08-11T06:21:02.186">
  <classunload-info classloadercandidates="53" classloadersunloaded="0" classesunloaded="0" anonymousclassesunloaded="0" quiescems="0.000" setupms="0.009" scanms="0.000" postms="0.000" />
</gc-op>
<gc-end id="2529" type="partial gc" contextid="2524" durationms="14.183" usertimems="27.552" systemtimems="0.000" timestamp="2019-08-11T06:21:02.187" activeThreads="16">
  <mem-info id="2530" free="104857600" total="174063616" percent="60">
    <mem type="eden" free="2096896" total="2097152" percent="99" />
    <remembered-set count="2976" freebytes="6946816" totalbytes="6958720" percent="99" regionsoverflowed="0" regionsstable="9" regionsrebuilding="0"/>
  </mem-info>
</gc-end>
<cycle-end id="2531" type="partial gc" contextid="2524" timestamp="2019-08-11T06:21:02.187" />
  <attribute name="elasticGC enabled" value="1" />
  <attribute name= "numThreadsSpecified" value="16" />
  <attribute name="heapSize specified" value="0" />
  <attribute name="Current GC Util" value="186" />
  <attribute name= "Current Time Running" value="173366" />
  <attribute name ="GC Interval" value="0" />
  <attribute name="ProportionalT" value="53.000000" />
  <attribute name="ProportionalI" value="53.000000" />
  <attribute name="ProportionalH" value="53.000000" />
  <attribute name="Current Error" value="106.000000" />
  <attribute name="IntegralT" value="53.000000" />
  <attribute name="IntegralI" value="53.000000" />
  <attribute name="IntegralH" value="53.000000" />
  <attribute name="DerivativeT" value="106.000000" />
  <attribute name="DerivativeI" value="106.000000" />
  <attribute name="DerivativeH" value="106.000000" />
  <attribute name="Loop Time for DT" value="1.000000" />
  <attribute name="Output H" value="8388608"/>
  <attribute name="Output I" value="216"/>
  <attribute name="Output T" value="16"/>
  <attribute name="Target GC Util Change" value ="80.000000" />
  <attribute name="Current GC Util Change" value="186.000000"/>
  <attribute name="GC Util currently" value="186" />
  <attribute name="CPU Util currently" value="1856245425311" />
<exclusive-end id="2532" timestamp="2019-08-11T06:21:02.187" durationms="14.973" />

<exclusive-start id="2533" timestamp="2019-08-11T06:21:02.204" intervalms="32.071">
  <response-info timems="0.022" idlems="0.022" threads="0" lastid="0000000001E02F00" lastname="main" />
</exclusive-start>
<allocation-taxation id="2534" taxation-threshold="50331648" timestamp="2019-08-11T06:21:02.204" intervalms="32.085" />
<cycle-start id="2535" type="partial gc" contextid="0" timestamp="2019-08-11T06:21:02.204" intervalms="32.038" />
<gc-start id="2536" type="partial gc" contextid="2535" timestamp="2019-08-11T06:21:02.205">
  <mem-info id="2537" free="54525952" total="174063616" percent="31">
    <mem type="eden" free="2096896" total="52428800" percent="3" />
    <remembered-set count="2976" freebytes="6946816" totalbytes="6958720" percent="99" regionsoverflowed="0" regionsstable="9" regionsrebuilding="0"/>
  </mem-info>
</gc-start>
<allocation-stats totalBytes="50305664" >
  <allocated-bytes non-tlh="0" tlh="50305664" arrayletleaf="0"/>
  <largest-consumer threadName="main" threadId="0000000001E02F00" bytes="50305664" />
</allocation-stats>
<gc-op id="2538" type="copy forward" timems="10.148" contextid="2535" timestamp="2019-08-11T06:21:02.216">
  <memory-copied type="eden" objects="6" bytes="360" bytesdiscarded="0" />
  <memory-copied type="other" objects="0" bytes="0" bytesdiscarded="0" />
  <memory-cardclean objects="16" bytes="520" />
  <regions eden="24" other="1" />
  <remembered-set-cleared processed="657" cleared="1" durationms="0.107" />
  <stringconstants candidates="13661" cleared="0"  />
</gc-op>
<gc-op id="2539" type="classunload" timems="0.009" contextid="2535" timestamp="2019-08-11T06:21:02.216">
  <classunload-info classloadercandidates="53" classloadersunloaded="0" classesunloaded="0" anonymousclassesunloaded="0" quiescems="0.000" setupms="0.009" scanms="0.000" postms="0.000" />
</gc-op>
<gc-end id="2540" type="partial gc" contextid="2535" durationms="11.391" usertimems="23.751" systemtimems="0.000" timestamp="2019-08-11T06:21:02.216" activeThreads="16">
  <mem-info id="2541" free="104857600" total="174063616" percent="60">
    <mem type="eden" free="2096792" total="2097152" percent="99" />
    <remembered-set count="2976" freebytes="6946816" totalbytes="6958720" percent="99" regionsoverflowed="0" regionsstable="9" regionsrebuilding="0"/>
  </mem-info>
</gc-end>
<cycle-end id="2542" type="partial gc" contextid="2535" timestamp="2019-08-11T06:21:02.216" />
  <attribute name="elasticGC enabled" value="1" />
  <attribute name= "numThreadsSpecified" value="16" />
  <attribute name="heapSize specified" value="0" />
  <attribute name="Current GC Util" value="164" />
  <attribute name= "Current Time Running" value="173398" />
  <attribute name ="GC Interval" value="0" />
  <attribute name="ProportionalT" value="42.000000" />
  <attribute name="ProportionalI" value="42.000000" />
  <attribute name="ProportionalH" value="42.000000" />
  <attribute name="Current Error" value="84.000000" />
  <attribute name="IntegralT" value="42.000000" />
  <attribute name="IntegralI" value="42.000000" />
  <attribute name="IntegralH" value="42.000000" />
  <attribute name="DerivativeT" value="79.000000" />
  <attribute name="DerivativeI" value="79.000000" />
  <attribute name="DerivativeH" value="79.000000" />
  <attribute name="Loop Time for DT" value="1.000000" />
  <attribute name="Output H" value="8388608"/>
  <attribute name="Output I" value="200"/>
  <attribute name="Output T" value="16"/>
  <attribute name="Target GC Util Change" value ="80.000000" />
  <attribute name="Current GC Util Change" value="164.000000"/>
  <attribute name="GC Util currently" value="164" />
  <attribute name="CPU Util currently" value="1650225019008" />
<exclusive-end id="2543" timestamp="2019-08-11T06:21:02.216" durationms="12.170" />

<exclusive-start id="2544" timestamp="2019-08-11T06:21:02.237" intervalms="33.434">
  <response-info timems="0.016" idlems="0.016" threads="0" lastid="0000000001E02F00" lastname="main" />
</exclusive-start>
<allocation-taxation id="2545" taxation-threshold="50331648" timestamp="2019-08-11T06:21:02.238" intervalms="33.422" />
<cycle-start id="2546" type="partial gc" contextid="0" timestamp="2019-08-11T06:21:02.238" intervalms="33.434" />
<gc-start id="2547" type="partial gc" contextid="2546" timestamp="2019-08-11T06:21:02.238">
  <mem-info id="2548" free="54525952" total="174063616" percent="31">
    <mem type="eden" free="2096792" total="52428800" percent="3" />
    <remembered-set count="2976" freebytes="6946816" totalbytes="6958720" percent="99" regionsoverflowed="0" regionsstable="9" regionsrebuilding="0"/>
  </mem-info>
</gc-start>
<allocation-stats totalBytes="50288712" >
  <allocated-bytes non-tlh="0" tlh="50288712" arrayletleaf="0"/>
  <largest-consumer threadName="main" threadId="0000000001E02F00" bytes="50288712" />
</allocation-stats>
<gc-op id="2549" type="copy forward" timems="8.137" contextid="2546" timestamp="2019-08-11T06:21:02.247">
  <memory-copied type="eden" objects="28" bytes="1336" bytesdiscarded="1376" />
  <memory-copied type="other" objects="0" bytes="0" bytesdiscarded="0" />
  <memory-cardclean objects="63" bytes="2304" />
  <regions eden="24" other="1" />
  <remembered-set-cleared processed="657" cleared="7" durationms="0.407" />
  <stringconstants candidates="13661" cleared="0"  />
</gc-op>
<gc-op id="2550" type="classunload" timems="0.012" contextid="2546" timestamp="2019-08-11T06:21:02.248">
  <classunload-info classloadercandidates="53" classloadersunloaded="0" classesunloaded="0" anonymousclassesunloaded="0" quiescems="0.000" setupms="0.012" scanms="0.000" postms="0.000" />
</gc-op>
<gc-end id="2551" type="partial gc" contextid="2546" durationms="9.769" usertimems="24.109" systemtimems="0.000" timestamp="2019-08-11T06:21:02.248" activeThreads="16">
  <mem-info id="2552" free="104857600" total="174063616" percent="60">
    <mem type="eden" free="2094440" total="2097152" percent="99" />
    <remembered-set count="3968" freebytes="6942848" totalbytes="6958720" percent="99" regionsoverflowed="0" regionsstable="9" regionsrebuilding="0"/>
  </mem-info>
</gc-end>
<cycle-end id="2553" type="partial gc" contextid="2546" timestamp="2019-08-11T06:21:02.248" />
  <attribute name="elasticGC enabled" value="1" />
  <attribute name= "numThreadsSpecified" value="16" />
  <attribute name="heapSize specified" value="0" />
  <attribute name="Current GC Util" value="324" />
  <attribute name= "Current Time Running" value="173432" />
  <attribute name ="GC Interval" value="0" />
  <attribute name="ProportionalT" value="122.000000" />
  <attribute name="ProportionalI" value="122.000000" />
  <attribute name="ProportionalH" value="122.000000" />
  <attribute name="Current Error" value="244.000000" />
  <attribute name="IntegralT" value="122.000000" />
  <attribute name="IntegralI" value="122.000000" />
  <attribute name="IntegralH" value="122.000000" />
  <attribute name="DerivativeT" value="244.000000" />
  <attribute name="DerivativeI" value="244.000000" />
  <attribute name="DerivativeH" value="244.000000" />
  <attribute name="Loop Time for DT" value="1.000000" />
  <attribute name="Output H" value="8388608"/>
  <attribute name="Output I" value="488"/>
  <attribute name="Output T" value="16"/>
  <attribute name="Target GC Util Change" value ="80.000000" />
  <attribute name="Current GC Util Change" value="324.000000"/>
  <attribute name="GC Util currently" value="324" />
  <attribute name="CPU Util currently" value="1158393710253" />
<exclusive-end id="2554" timestamp="2019-08-11T06:21:02.248" durationms="10.512" />

<exclusive-start id="2555" timestamp="2019-08-11T06:21:02.274" intervalms="36.720">
  <response-info timems="0.019" idlems="0.019" threads="0" lastid="0000000001E02F00" lastname="main" />
</exclusive-start>
<allocation-taxation id="2556" taxation-threshold="50331648" timestamp="2019-08-11T06:21:02.274" intervalms="36.725" />
<cycle-start id="2557" type="partial gc" contextid="0" timestamp="2019-08-11T06:21:02.274" intervalms="36.695" />
<gc-start id="2558" type="partial gc" contextid="2557" timestamp="2019-08-11T06:21:02.275">
  <mem-info id="2559" free="54525952" total="174063616" percent="31">
    <mem type="eden" free="0" total="50331648" percent="0" />
    <remembered-set count="3488" freebytes="6944768" totalbytes="6958720" percent="99" regionsoverflowed="0" regionsstable="9" regionsrebuilding="0"/>
  </mem-info>
</gc-start>
<allocation-stats totalBytes="50289176" >
  <allocated-bytes non-tlh="0" tlh="50289176" arrayletleaf="0"/>
  <largest-consumer threadName="main" threadId="0000000001E02F00" bytes="50289176" />
</allocation-stats>
<gc-op id="2560" type="copy forward" timems="11.919" contextid="2557" timestamp="2019-08-11T06:21:02.288">
  <memory-copied type="eden" objects="45" bytes="1888" bytesdiscarded="696" />
  <memory-copied type="other" objects="11" bytes="536" bytesdiscarded="1400" />
  <memory-cardclean objects="61" bytes="2272" />
  <regions eden="24" other="1" />
  <remembered-set-cleared processed="656" cleared="6" durationms="0.113" />
  <stringconstants candidates="13661" cleared="0"  />
</gc-op>
<gc-op id="2561" type="classunload" timems="0.009" contextid="2557" timestamp="2019-08-11T06:21:02.288">
  <classunload-info classloadercandidates="53" classloadersunloaded="0" classesunloaded="0" anonymousclassesunloaded="0" quiescems="0.000" setupms="0.009" scanms="0.000" postms="0.000" />
</gc-op>
<heap-resize id="2562" type="expand" space="default" amount="4194304" count="1" timems="0.078" reason="excessive time being spent in gc" timestamp="2019-08-11T06:21:02.288" />
<gc-end id="2563" type="partial gc" contextid="2557" durationms="13.564" usertimems="31.615" systemtimems="0.000" timestamp="2019-08-11T06:21:02.288" activeThreads="16">
  <mem-info id="2564" free="106954752" total="178257920" percent="60">
    <mem type="eden" free="2094568" total="2097152" percent="99" />
    <remembered-set count="3968" freebytes="7110528" totalbytes="7126400" percent="99" regionsoverflowed="0" regionsstable="9" regionsrebuilding="0"/>
  </mem-info>
</gc-end>
<cycle-end id="2565" type="partial gc" contextid="2557" timestamp="2019-08-11T06:21:02.288" />
  <attribute name="elasticGC enabled" value="1" />
  <attribute name= "numThreadsSpecified" value="16" />
  <attribute name="heapSize specified" value="0" />
  <attribute name="Current GC Util" value="247" />
  <attribute name= "Current Time Running" value="173468" />
  <attribute name ="GC Interval" value="0" />
  <attribute name="ProportionalT" value="83.500000" />
  <attribute name="ProportionalI" value="83.500000" />
  <attribute name="ProportionalH" value="83.500000" />
  <attribute name="Current Error" value="167.000000" />
  <attribute name="IntegralT" value="83.500000" />
  <attribute name="IntegralI" value="83.500000" />
  <attribute name="IntegralH" value="83.500000" />
  <attribute name="DerivativeT" value="167.000000" />
  <attribute name="DerivativeI" value="167.000000" />
  <attribute name="DerivativeH" value="167.000000" />
  <attribute name="Loop Time for DT" value="1.000000" />
  <attribute name="Output H" value="8388608"/>
  <attribute name="Output I" value="336"/>
  <attribute name="Output T" value="16"/>
  <attribute name="Target GC Util Change" value ="80.000000" />
  <attribute name="Current GC Util Change" value="247.000000"/>
  <attribute name="GC Util currently" value="247" />
  <attribute name="CPU Util currently" value="1190863562042" />
<exclusive-end id="2566" timestamp="2019-08-11T06:21:02.288" durationms="14.161" />

<exclusive-start id="2567" timestamp="2019-08-11T06:21:02.346" intervalms="72.134">
  <response-info timems="0.018" idlems="0.018" threads="0" lastid="0000000001E02F00" lastname="main" />
</exclusive-start>
<allocation-taxation id="2568" taxation-threshold="52428800" timestamp="2019-08-11T06:21:02.346" intervalms="72.128" />
<cycle-start id="2569" type="partial gc" contextid="0" timestamp="2019-08-11T06:21:02.346" intervalms="72.175" />
<gc-start id="2570" type="partial gc" contextid="2569" timestamp="2019-08-11T06:21:02.347">
  <mem-info id="2571" free="54525952" total="178257920" percent="30">
    <mem type="eden" free="0" total="52428800" percent="0" />
    <remembered-set count="3520" freebytes="7112320" totalbytes="7126400" percent="99" regionsoverflowed="0" regionsstable="9" regionsrebuilding="0"/>
  </mem-info>
</gc-start>
<allocation-stats totalBytes="52417744" >
  <allocated-bytes non-tlh="0" tlh="52417744" arrayletleaf="0"/>
  <largest-consumer threadName="main" threadId="0000000001E02F00" bytes="52417744" />
</allocation-stats>
<gc-op id="2572" type="copy forward" timems="1.395" contextid="2569" timestamp="2019-08-11T06:21:02.349">
  <memory-copied type="eden" objects="25" bytes="1144" bytesdiscarded="0" />
  <memory-copied type="other" objects="17" bytes="560" bytesdiscarded="0" />
  <memory-cardclean objects="37" bytes="1608" />
  <regions eden="25" other="1" />
  <remembered-set-cleared processed="660" cleared="7" durationms="0.219" />
  <stringconstants candidates="13661" cleared="0"  />
</gc-op>
<gc-op id="2573" type="classunload" timems="0.003" contextid="2569" timestamp="2019-08-11T06:21:02.349">
  <classunload-info classloadercandidates="53" classloadersunloaded="0" classesunloaded="0" anonymousclassesunloaded="0" quiescems="0.000" setupms="0.003" scanms="0.000" postms="0.000" />
</gc-op>
<heap-resize id="2574" type="expand" space="default" amount="6291456" count="1" timems="0.093" reason="excessive time being spent in gc" timestamp="2019-08-11T06:21:02.349" />
<gc-end id="2575" type="partial gc" contextid="2569" durationms="2.631" usertimems="4.845" systemtimems="0.000" timestamp="2019-08-11T06:21:02.349" activeThreads="1">
  <mem-info id="2576" free="111149056" total="184549376" percent="60">
    <mem type="eden" free="2096008" total="2097152" percent="99" />
    <remembered-set count="3776" freebytes="7362816" totalbytes="7377920" percent="99" regionsoverflowed="0" regionsstable="9" regionsrebuilding="0"/>
  </mem-info>
</gc-end>
<cycle-end id="2577" type="partial gc" contextid="2569" timestamp="2019-08-11T06:21:02.349" />
  <attribute name="elasticGC enabled" value="1" />
  <attribute name= "numThreadsSpecified" value="1" />
  <attribute name="heapSize specified" value="0" />
  <attribute name="Current GC Util" value="143" />
  <attribute name= "Current Time Running" value="173540" />
  <attribute name ="GC Interval" value="0" />
  <attribute name="ProportionalT" value="31.500000" />
  <attribute name="ProportionalI" value="31.500000" />
  <attribute name="ProportionalH" value="31.500000" />
  <attribute name="Current Error" value="63.000000" />
  <attribute name="IntegralT" value="0.000000" />
  <attribute name="IntegralI" value="0.000000" />
  <attribute name="IntegralH" value="0.000000" />
  <attribute name="DerivativeT" value="inf" />
  <attribute name="DerivativeI" value="inf" />
  <attribute name="DerivativeH" value="inf" />
  <attribute name="Loop Time for DT" value="0.000000" />
  <attribute name="Output H" value="8388608"/>
  <attribute name="Output I" value="200"/>
  <attribute name="Output T" value="1"/>
  <attribute name="Target GC Util Change" value ="80.000000" />
  <attribute name="Current GC Util Change" value="143.000000"/>
  <attribute name="GC Util currently" value="143" />
  <attribute name="CPU Util currently" value="1759221217534" />
<exclusive-end id="2578" timestamp="2019-08-11T06:21:02.350" durationms="3.254" />

<exclusive-start id="2579" timestamp="2019-08-11T06:21:02.567" intervalms="220.887">
  <response-info timems="0.023" idlems="0.023" threads="0" lastid="0000000001E02F00" lastname="main" />
</exclusive-start>
<allocation-taxation id="2580" taxation-threshold="52428800" timestamp="2019-08-11T06:21:02.567" intervalms="220.896" />
<cycle-start id="2581" type="partial gc" contextid="0" timestamp="2019-08-11T06:21:02.567" intervalms="220.882" />
<gc-start id="2582" type="partial gc" contextid="2581" timestamp="2019-08-11T06:21:02.568">
  <mem-info id="2583" free="58720256" total="184549376" percent="31">
    <mem type="eden" free="2096008" total="54525952" percent="3" />
    <remembered-set count="3360" freebytes="7364480" totalbytes="7377920" percent="99" regionsoverflowed="0" regionsstable="9" regionsrebuilding="0"/>
  </mem-info>
</gc-start>
<allocation-stats totalBytes="50931672" >
  <allocated-bytes non-tlh="0" tlh="50931672" arrayletleaf="0"/>
  <largest-consumer threadName="main" threadId="0000000001E02F00" bytes="50931672" />
</allocation-stats>
<gc-op id="2584" type="copy forward" timems="9.494" contextid="2581" timestamp="2019-08-11T06:21:02.578">
  <memory-copied type="eden" objects="98" bytes="14384" bytesdiscarded="6520" />
  <memory-copied type="other" objects="0" bytes="0" bytesdiscarded="0" />
  <memory-cardclean objects="113" bytes="3456" />
  <regions eden="25" other="1" />
  <remembered-set-cleared processed="664" cleared="9" durationms="0.134" />
  <stringconstants candidates="13661" cleared="0"  />
</gc-op>
<gc-op id="2585" type="classunload" timems="0.008" contextid="2581" timestamp="2019-08-11T06:21:02.578">
  <classunload-info classloadercandidates="53" classloadersunloaded="0" classesunloaded="0" anonymousclassesunloaded="0" quiescems="0.000" setupms="0.008" scanms="0.000" postms="0.000" />
</gc-op>
<gc-end id="2586" type="partial gc" contextid="2581" durationms="10.851" usertimems="25.540" systemtimems="0.000" timestamp="2019-08-11T06:21:02.578" activeThreads="16">
  <mem-info id="2587" free="111149056" total="184549376" percent="60">
    <mem type="eden" free="2076248" total="2097152" percent="99" />
    <remembered-set count="4064" freebytes="7361664" totalbytes="7377920" percent="99" regionsoverflowed="0" regionsstable="9" regionsrebuilding="0"/>
  </mem-info>
</gc-end>
<cycle-end id="2588" type="partial gc" contextid="2581" timestamp="2019-08-11T06:21:02.579" />
  <attribute name="elasticGC enabled" value="1" />
  <attribute name= "numThreadsSpecified" value="16" />
  <attribute name="heapSize specified" value="0" />
  <attribute name="Current GC Util" value="345" />
  <attribute name= "Current Time Running" value="173761" />
  <attribute name ="GC Interval" value="0" />
  <attribute name="ProportionalT" value="132.500000" />
  <attribute name="ProportionalI" value="132.500000" />
  <attribute name="ProportionalH" value="132.500000" />
  <attribute name="Current Error" value="265.000000" />
  <attribute name="IntegralT" value="132.500000" />
  <attribute name="IntegralI" value="132.500000" />
  <attribute name="IntegralH" value="132.500000" />
  <attribute name="DerivativeT" value="265.000000" />
  <attribute name="DerivativeI" value="265.000000" />
  <attribute name="DerivativeH" value="265.000000" />
  <attribute name="Loop Time for DT" value="1.000000" />
  <attribute name="Output H" value="8388608"/>
  <attribute name="Output I" value="536"/>
  <attribute name="Output T" value="16"/>
  <attribute name="Target GC Util Change" value ="80.000000" />
  <attribute name="Current GC Util Change" value="345.000000"/>
  <attribute name="GC Util currently" value="345" />
  <attribute name="CPU Util currently" value="1411612075147" />
<exclusive-end id="2589" timestamp="2019-08-11T06:21:02.579" durationms="11.586" />

<exclusive-start id="2590" timestamp="2019-08-11T06:21:02.639" intervalms="72.252">
  <response-info timems="0.019" idlems="0.019" threads="0" lastid="0000000001E02F00" lastname="main" />
</exclusive-start>
<allocation-taxation id="2591" taxation-threshold="52428800" timestamp="2019-08-11T06:21:02.640" intervalms="72.241" />
<cycle-start id="2592" type="partial gc" contextid="0" timestamp="2019-08-11T06:21:02.640" intervalms="72.235" />
<gc-start id="2593" type="partial gc" contextid="2592" timestamp="2019-08-11T06:21:02.640">
  <mem-info id="2594" free="58720256" total="184549376" percent="31">
    <mem type="eden" free="0" total="52428800" percent="0" />
    <remembered-set count="4064" freebytes="7361664" totalbytes="7377920" percent="99" regionsoverflowed="0" regionsstable="9" regionsrebuilding="0"/>
  </mem-info>
</gc-start>
<allocation-stats totalBytes="52424736" >
  <allocated-bytes non-tlh="0" tlh="52424736" arrayletleaf="0"/>
  <largest-consumer threadName="main" threadId="0000000001E02F00" bytes="52424736" />
</allocation-stats>
<gc-op id="2595" type="copy forward" timems="1.535" contextid="2592" timestamp="2019-08-11T06:21:02.642">
  <memory-copied type="eden" objects="131" bytes="7328" bytesdiscarded="0" />
  <memory-copied type="other" objects="67" bytes="2320" bytesdiscarded="0" />
  <memory-cardclean objects="100" bytes="3296" />
  <regions eden="25" other="1" />
  <remembered-set-cleared processed="663" cleared="8" durationms="0.228" />
  <stringconstants candidates="13661" cleared="0"  />
</gc-op>
<gc-op id="2596" type="classunload" timems="0.006" contextid="2592" timestamp="2019-08-11T06:21:02.642">
  <classunload-info classloadercandidates="53" classloadersunloaded="0" classesunloaded="0" anonymousclassesunloaded="0" quiescems="0.000" setupms="0.005" scanms="0.000" postms="0.000" />
</gc-op>
<gc-end id="2597" type="partial gc" contextid="2592" durationms="2.791" usertimems="4.036" systemtimems="0.000" timestamp="2019-08-11T06:21:02.643" activeThreads="1">
  <mem-info id="2598" free="109051904" total="184549376" percent="59">
    <mem type="eden" free="2089824" total="2097152" percent="99" />
    <remembered-set count="4416" freebytes="7360256" totalbytes="7377920" percent="99" regionsoverflowed="0" regionsstable="9" regionsrebuilding="0"/>
  </mem-info>
</gc-end>
<cycle-end id="2599" type="partial gc" contextid="2592" timestamp="2019-08-11T06:21:02.643" />
  <attribute name="elasticGC enabled" value="1" />
  <attribute name= "numThreadsSpecified" value="1" />
  <attribute name="heapSize specified" value="0" />
  <attribute name="Current GC Util" value="145" />
  <attribute name= "Current Time Running" value="173833" />
  <attribute name ="GC Interval" value="0" />
  <attribute name="ProportionalT" value="32.500000" />
  <attribute name="ProportionalI" value="32.500000" />
  <attribute name="ProportionalH" value="32.500000" />
  <attribute name="Current Error" value="65.000000" />
  <attribute name="IntegralT" value="0.000000" />
  <attribute name="IntegralI" value="0.000000" />
  <attribute name="IntegralH" value="0.000000" />
  <attribute name="DerivativeT" value="inf" />
  <attribute name="DerivativeI" value="inf" />
  <attribute name="DerivativeH" value="inf" />
  <attribute name="Loop Time for DT" value="0.000000" />
  <attribute name="Output H" value="8388608"/>
  <attribute name="Output I" value="200"/>
  <attribute name="Output T" value="1"/>
  <attribute name="Target GC Util Change" value ="80.000000" />
  <attribute name="Current GC Util Change" value="145.000000"/>
  <attribute name="GC Util currently" value="145" />
  <attribute name="CPU Util currently" value="1548171083493" />
<exclusive-end id="2600" timestamp="2019-08-11T06:21:02.643" durationms="3.536" />

<exclusive-start id="2601" timestamp="2019-08-11T06:21:02.785" intervalms="145.590">
  <response-info timems="0.016" idlems="0.016" threads="0" lastid="0000000001E02F00" lastname="main" />
</exclusive-start>
<allocation-taxation id="2602" taxation-threshold="52428800" timestamp="2019-08-11T06:21:02.785" intervalms="145.597" />
<cycle-start id="2603" type="partial gc" contextid="0" timestamp="2019-08-11T06:21:02.785" intervalms="145.605" />
<gc-start id="2604" type="partial gc" contextid="2603" timestamp="2019-08-11T06:21:02.786">
  <mem-info id="2605" free="56623104" total="184549376" percent="30">
    <mem type="eden" free="0" total="52428800" percent="0" />
    <remembered-set count="4000" freebytes="7361920" totalbytes="7377920" percent="99" regionsoverflowed="0" regionsstable="9" regionsrebuilding="0"/>
  </mem-info>
</gc-start>
<allocation-stats totalBytes="52422856" >
  <allocated-bytes non-tlh="0" tlh="52422856" arrayletleaf="0"/>
  <largest-consumer threadName="main" threadId="0000000001E02F00" bytes="52422856" />
</allocation-stats>
<gc-op id="2606" type="copy forward" timems="38.033" contextid="2603" timestamp="2019-08-11T06:21:02.826">
  <memory-copied type="eden" objects="37" bytes="1152" bytesdiscarded="336" />
  <memory-copied type="other" objects="6" bytes="136" bytesdiscarded="672" />
  <memory-cardclean objects="65" bytes="2384" />
  <regions eden="25" other="1" />
  <remembered-set-cleared processed="667" cleared="4" durationms="0.190" />
  <stringconstants candidates="13661" cleared="0"  />
</gc-op>
<gc-op id="2607" type="classunload" timems="0.011" contextid="2603" timestamp="2019-08-11T06:21:02.826">
  <classunload-info classloadercandidates="53" classloadersunloaded="0" classesunloaded="0" anonymousclassesunloaded="0" quiescems="0.000" setupms="0.010" scanms="0.000" postms="0.000" />
</gc-op>
<heap-resize id="2608" type="contract" space="default" amount="10485760" count="1" timems="0.100" reason="insufficient time being spent in gc" timestamp="2019-08-11T06:21:02.826" />
<gc-end id="2609" type="partial gc" contextid="2603" durationms="40.341" usertimems="62.458" systemtimems="0.000" timestamp="2019-08-11T06:21:02.826" activeThreads="16">
  <mem-info id="2610" free="96468992" total="174063616" percent="55">
    <mem type="eden" free="2095664" total="2097152" percent="99" />
    <remembered-set count="4608" freebytes="7359488" totalbytes="7377920" percent="99" regionsoverflowed="0" regionsstable="9" regionsrebuilding="0"/>
  </mem-info>
</gc-end>
<cycle-end id="2611" type="partial gc" contextid="2603" timestamp="2019-08-11T06:21:02.826" />
  <attribute name="elasticGC enabled" value="1" />
  <attribute name= "numThreadsSpecified" value="16" />
  <attribute name="heapSize specified" value="0" />
  <attribute name="Current GC Util" value="116" />
  <attribute name= "Current Time Running" value="173980" />
  <attribute name ="GC Interval" value="0" />
  <attribute name="ProportionalT" value="18.000000" />
  <attribute name="ProportionalI" value="18.000000" />
  <attribute name="ProportionalH" value="18.000000" />
  <attribute name="Current Error" value="36.000000" />
  <attribute name="IntegralT" value="18.000000" />
  <attribute name="IntegralI" value="18.000000" />
  <attribute name="IntegralH" value="18.000000" />
  <attribute name="DerivativeT" value="36.000000" />
  <attribute name="DerivativeI" value="36.000000" />
  <attribute name="DerivativeH" value="36.000000" />
  <attribute name="Loop Time for DT" value="1.000000" />
  <attribute name="Output H" value="8388608"/>
  <attribute name="Output I" value="200"/>
  <attribute name="Output T" value="16"/>
  <attribute name="Target GC Util Change" value ="80.000000" />
  <attribute name="Current GC Util Change" value="116.000000"/>
  <attribute name="GC Util currently" value="116" />
  <attribute name="CPU Util currently" value="975734840744" />
<exclusive-end id="2612" timestamp="2019-08-11T06:21:02.826" durationms="41.415" />

<exclusive-start id="2613" timestamp="2019-08-11T06:21:02.892" intervalms="107.004">
  <response-info timems="0.018" idlems="0.018" threads="0" lastid="0000000001E02F00" lastname="main" />
</exclusive-start>
<allocation-taxation id="2614" taxation-threshold="50331648" timestamp="2019-08-11T06:21:02.892" intervalms="106.992" />
<cycle-start id="2615" type="partial gc" contextid="0" timestamp="2019-08-11T06:21:02.892" intervalms="106.986" />
<gc-start id="2616" type="partial gc" contextid="2615" timestamp="2019-08-11T06:21:02.892">
  <mem-info id="2617" free="46137344" total="174063616" percent="26">
    <mem type="eden" free="0" total="50331648" percent="0" />
    <remembered-set count="4128" freebytes="7361408" totalbytes="7377920" percent="99" regionsoverflowed="0" regionsstable="9" regionsrebuilding="0"/>
  </mem-info>
</gc-start>
<allocation-stats totalBytes="50320064" >
  <allocated-bytes non-tlh="0" tlh="50320064" arrayletleaf="0"/>
  <largest-consumer threadName="main" threadId="0000000001E02F00" bytes="50320064" />
</allocation-stats>
<gc-op id="2618" type="copy forward" timems="20.703" contextid="2615" timestamp="2019-08-11T06:21:02.915">
  <memory-copied type="eden" objects="29" bytes="936" bytesdiscarded="1336" />
  <memory-copied type="other" objects="22" bytes="576" bytesdiscarded="312" />
  <memory-cardclean objects="93" bytes="3080" />
  <regions eden="24" other="1" />
  <remembered-set-cleared processed="669" cleared="9" durationms="0.203" />
  <stringconstants candidates="13661" cleared="0"  />
</gc-op>
<gc-op id="2619" type="classunload" timems="0.012" contextid="2615" timestamp="2019-08-11T06:21:02.915">
  <classunload-info classloadercandidates="53" classloadersunloaded="0" classesunloaded="0" anonymousclassesunloaded="0" quiescems="0.000" setupms="0.012" scanms="0.000" postms="0.000" />
</gc-op>
<heap-resize id="2620" type="expand" space="default" amount="25165824" count="1" timems="0.156" reason="excessive time being spent in gc" timestamp="2019-08-11T06:21:02.915" />
<gc-end id="2621" type="partial gc" contextid="2615" durationms="22.845" usertimems="42.383" systemtimems="0.000" timestamp="2019-08-11T06:21:02.915" activeThreads="16">
  <mem-info id="2622" free="119537664" total="199229440" percent="60">
    <mem type="eden" free="2094880" total="2097152" percent="99" />
    <remembered-set count="4608" freebytes="7946368" totalbytes="7964800" percent="99" regionsoverflowed="0" regionsstable="9" regionsrebuilding="0"/>
  </mem-info>
</gc-end>
<cycle-end id="2623" type="partial gc" contextid="2615" timestamp="2019-08-11T06:21:02.915" />
  <attribute name="elasticGC enabled" value="1" />
  <attribute name= "numThreadsSpecified" value="16" />
  <attribute name="heapSize specified" value="0" />
  <attribute name="Current GC Util" value="61" />
  <attribute name= "Current Time Running" value="174087" />
  <attribute name ="GC Interval" value="0" />
  <attribute name="ProportionalT" value="-9.500000" />
  <attribute name="ProportionalI" value="-9.500000" />
  <attribute name="ProportionalH" value="-9.500000" />
  <attribute name="Current Error" value="-19.000000" />
  <attribute name="IntegralT" value="-19.000000" />
  <attribute name="IntegralI" value="-19.000000" />
  <attribute name="IntegralH" value="-19.000000" />
  <attribute name="DerivativeT" value="-9.500000" />
  <attribute name="DerivativeI" value="-9.500000" />
  <attribute name="DerivativeH" value="-9.500000" />
  <attribute name="Loop Time for DT" value="2.000000" />
  <attribute name="Output H" value="4202627072"/>
  <attribute name="Output I" value="200"/>
  <attribute name="Output T" value="16"/>
  <attribute name="Target GC Util Change" value ="80.000000" />
  <attribute name="Current GC Util Change" value="61.000000"/>
  <attribute name="GC Util currently" value="61" />
  <attribute name="CPU Util currently" value="857974652934" />
<exclusive-end id="2624" timestamp="2019-08-11T06:21:02.916" durationms="23.558" />

<exclusive-start id="2625" timestamp="2019-08-11T06:21:02.998" intervalms="106.269">
  <response-info timems="0.014" idlems="0.014" threads="0" lastid="0000000001E02F00" lastname="main" />
</exclusive-start>
<allocation-taxation id="2626" taxation-threshold="56623104" timestamp="2019-08-11T06:21:02.998" intervalms="106.275" />
<cycle-start id="2627" type="partial gc" contextid="0" timestamp="2019-08-11T06:21:02.998" intervalms="106.293" />
<gc-start id="2628" type="partial gc" contextid="2627" timestamp="2019-08-11T06:21:02.999">
  <mem-info id="2629" free="62914560" total="199229440" percent="31">
    <mem type="eden" free="0" total="56623104" percent="0" />
    <remembered-set count="4128" freebytes="7948288" totalbytes="7964800" percent="99" regionsoverflowed="0" regionsstable="9" regionsrebuilding="0"/>
  </mem-info>
</gc-start>
<allocation-stats totalBytes="56607680" >
  <allocated-bytes non-tlh="0" tlh="56607680" arrayletleaf="0"/>
  <largest-consumer threadName="main" threadId="0000000001E02F00" bytes="56607680" />
</allocation-stats>
<gc-op id="2630" type="copy forward" timems="1.496" contextid="2627" timestamp="2019-08-11T06:21:03.001">
  <memory-copied type="eden" objects="29" bytes="896" bytesdiscarded="0" />
  <memory-copied type="other" objects="13" bytes="320" bytesdiscarded="0" />
  <memory-cardclean objects="85" bytes="3152" />
  <regions eden="27" other="1" />
  <remembered-set-cleared processed="673" cleared="11" durationms="0.213" />
  <stringconstants candidates="13661" cleared="0"  />
</gc-op>
<gc-op id="2631" type="classunload" timems="0.016" contextid="2627" timestamp="2019-08-11T06:21:03.001">
  <classunload-info classloadercandidates="53" classloadersunloaded="0" classesunloaded="0" anonymousclassesunloaded="0" quiescems="0.000" setupms="0.014" scanms="0.000" postms="0.000" />
</gc-op>
<heap-resize id="2632" type="expand" space="default" amount="6291456" count="1" timems="0.100" reason="excessive time being spent in gc" timestamp="2019-08-11T06:21:03.001" />
<gc-end id="2633" type="partial gc" contextid="2627" durationms="2.763" usertimems="3.920" systemtimems="0.000" timestamp="2019-08-11T06:21:03.001" activeThreads="1">
  <mem-info id="2634" free="123731968" total="205520896" percent="60">
    <mem type="eden" free="2096256" total="2097152" percent="99" />
    <remembered-set count="4256" freebytes="8199296" totalbytes="8216320" percent="99" regionsoverflowed="0" regionsstable="9" regionsrebuilding="0"/>
  </mem-info>
</gc-end>
<cycle-end id="2635" type="partial gc" contextid="2627" timestamp="2019-08-11T06:21:03.002" />
  <attribute name="elasticGC enabled" value="1" />
  <attribute name= "numThreadsSpecified" value="1" />
  <attribute name="heapSize specified" value="0" />
  <attribute name="Current GC Util" value="151" />
  <attribute name= "Current Time Running" value="174192" />
  <attribute name ="GC Interval" value="0" />
  <attribute name="ProportionalT" value="35.500000" />
  <attribute name="ProportionalI" value="35.500000" />
  <attribute name="ProportionalH" value="35.500000" />
  <attribute name="Current Error" value="71.000000" />
  <attribute name="IntegralT" value="0.000000" />
  <attribute name="IntegralI" value="0.000000" />
  <attribute name="IntegralH" value="0.000000" />
  <attribute name="DerivativeT" value="inf" />
  <attribute name="DerivativeI" value="inf" />
  <attribute name="DerivativeH" value="inf" />
  <attribute name="Loop Time for DT" value="0.000000" />
  <attribute name="Output H" value="8388608"/>
  <attribute name="Output I" value="200"/>
  <attribute name="Output T" value="1"/>
  <attribute name="Target GC Util Change" value ="80.000000" />
  <attribute name="Current GC Util Change" value="151.000000"/>
  <attribute name="GC Util currently" value="151" />
  <attribute name="CPU Util currently" value="1794095199370" />
<exclusive-end id="2636" timestamp="2019-08-11T06:21:03.002" durationms="3.364" />

<exclusive-start id="2637" timestamp="2019-08-11T06:21:03.082" intervalms="83.208">
  <response-info timems="0.014" idlems="0.014" threads="0" lastid="0000000001E02F00" lastname="main" />
</exclusive-start>
<allocation-taxation id="2638" taxation-threshold="58720256" timestamp="2019-08-11T06:21:03.082" intervalms="83.212" />
<cycle-start id="2639" type="partial gc" contextid="0" timestamp="2019-08-11T06:21:03.082" intervalms="83.231" />
<gc-start id="2640" type="partial gc" contextid="2639" timestamp="2019-08-11T06:21:03.082">
  <mem-info id="2641" free="65011712" total="205520896" percent="31">
    <mem type="eden" free="0" total="58720256" percent="0" />
    <remembered-set count="4000" freebytes="8200320" totalbytes="8216320" percent="99" regionsoverflowed="0" regionsstable="9" regionsrebuilding="0"/>
  </mem-info>
</gc-start>
<allocation-stats totalBytes="58712864" >
  <allocated-bytes non-tlh="0" tlh="58712864" arrayletleaf="0"/>
  <largest-consumer threadName="main" threadId="0000000001E02F00" bytes="58712864" />
</allocation-stats>
<gc-op id="2642" type="copy forward" timems="1.449" contextid="2639" timestamp="2019-08-11T06:21:03.084">
  <memory-copied type="eden" objects="35" bytes="1040" bytesdiscarded="0" />
  <memory-copied type="other" objects="6" bytes="136" bytesdiscarded="0" />
  <memory-cardclean objects="65" bytes="2376" />
  <regions eden="28" other="1" />
  <remembered-set-cleared processed="678" cleared="6" durationms="0.230" />
  <stringconstants candidates="13661" cleared="0"  />
</gc-op>
<gc-op id="2643" type="classunload" timems="0.003" contextid="2639" timestamp="2019-08-11T06:21:03.084">
  <classunload-info classloadercandidates="53" classloadersunloaded="0" classesunloaded="0" anonymousclassesunloaded="0" quiescems="0.000" setupms="0.003" scanms="0.000" postms="0.000" />
</gc-op>
<heap-resize id="2644" type="expand" space="default" amount="4194304" count="1" timems="0.079" reason="excessive time being spent in gc" timestamp="2019-08-11T06:21:03.085" />
<gc-end id="2645" type="partial gc" contextid="2639" durationms="2.558" usertimems="3.709" systemtimems="0.000" timestamp="2019-08-11T06:21:03.085" activeThreads="1">
  <mem-info id="2646" free="125829120" total="209715200" percent="60">
    <mem type="eden" free="2096112" total="2097152" percent="99" />
    <remembered-set count="4352" freebytes="8366592" totalbytes="8384000" percent="99" regionsoverflowed="0" regionsstable="9" regionsrebuilding="0"/>
  </mem-info>
</gc-end>
<cycle-end id="2647" type="partial gc" contextid="2639" timestamp="2019-08-11T06:21:03.085" />
  <attribute name="elasticGC enabled" value="1" />
  <attribute name= "numThreadsSpecified" value="1" />
  <attribute name="heapSize specified" value="0" />
  <attribute name="Current GC Util" value="255" />
  <attribute name= "Current Time Running" value="174275" />
  <attribute name ="GC Interval" value="0" />
  <attribute name="ProportionalT" value="87.500000" />
  <attribute name="ProportionalI" value="87.500000" />
  <attribute name="ProportionalH" value="87.500000" />
  <attribute name="Current Error" value="175.000000" />
  <attribute name="IntegralT" value="0.000000" />
  <attribute name="IntegralI" value="0.000000" />
  <attribute name="IntegralH" value="0.000000" />
  <attribute name="DerivativeT" value="inf" />
  <attribute name="DerivativeI" value="inf" />
  <attribute name="DerivativeH" value="inf" />
  <attribute name="Loop Time for DT" value="0.000000" />
  <attribute name="Output H" value="8388608"/>
  <attribute name="Output I" value="200"/>
  <attribute name="Output T" value="1"/>
  <attribute name="Target GC Util Change" value ="80.000000" />
  <attribute name="Current GC Util Change" value="255.000000"/>
  <attribute name="GC Util currently" value="255" />
  <attribute name="CPU Util currently" value="2080357161921" />
<exclusive-end id="2648" timestamp="2019-08-11T06:21:03.085" durationms="3.219" />

<exclusive-start id="2649" timestamp="2019-08-11T06:21:03.134" intervalms="52.970">
  <response-info timems="0.017" idlems="0.017" threads="0" lastid="0000000001E02F00" lastname="main" />
</exclusive-start>
<allocation-taxation id="2650" taxation-threshold="58720256" timestamp="2019-08-11T06:21:03.135" intervalms="52.967" />
<cycle-start id="2651" type="partial gc" contextid="0" timestamp="2019-08-11T06:21:03.135" intervalms="52.939" />
<gc-start id="2652" type="partial gc" contextid="2651" timestamp="2019-08-11T06:21:03.135">
  <mem-info id="2653" free="67108864" total="209715200" percent="32">
    <mem type="eden" free="0" total="58720256" percent="0" />
    <remembered-set count="4032" freebytes="8367872" totalbytes="8384000" percent="99" regionsoverflowed="0" regionsstable="9" regionsrebuilding="0"/>
  </mem-info>
</gc-start>
<allocation-stats totalBytes="58716200" >
  <allocated-bytes non-tlh="0" tlh="58716200" arrayletleaf="0"/>
  <largest-consumer threadName="main" threadId="0000000001E02F00" bytes="58716200" />
</allocation-stats>
<gc-op id="2654" type="copy forward" timems="12.319" contextid="2651" timestamp="2019-08-11T06:21:03.149">
  <memory-copied type="eden" objects="21" bytes="672" bytesdiscarded="680" />
  <memory-copied type="other" objects="12" bytes="272" bytesdiscarded="1344" />
  <memory-cardclean objects="67" bytes="2448" />
  <regions eden="28" other="1" />
  <remembered-set-cleared processed="680" cleared="6" durationms="0.291" />
  <stringconstants candidates="13661" cleared="0"  />
</gc-op>
<gc-op id="2655" type="classunload" timems="0.008" contextid="2651" timestamp="2019-08-11T06:21:03.149">
  <classunload-info classloadercandidates="53" classloadersunloaded="0" classesunloaded="0" anonymousclassesunloaded="0" quiescems="0.000" setupms="0.008" scanms="0.000" postms="0.000" />
</gc-op>
<gc-end id="2656" type="partial gc" contextid="2651" durationms="14.003" usertimems="29.270" systemtimems="0.000" timestamp="2019-08-11T06:21:03.149" activeThreads="16">
  <mem-info id="2657" free="123731968" total="209715200" percent="59">
    <mem type="eden" free="2095800" total="2097152" percent="99" />
    <remembered-set count="4768" freebytes="8364928" totalbytes="8384000" percent="99" regionsoverflowed="0" regionsstable="9" regionsrebuilding="0"/>
  </mem-info>
</gc-end>
<cycle-end id="2658" type="partial gc" contextid="2651" timestamp="2019-08-11T06:21:03.149" />
  <attribute name="elasticGC enabled" value="1" />
  <attribute name= "numThreadsSpecified" value="16" />
  <attribute name="heapSize specified" value="0" />
  <attribute name="Current GC Util" value="334" />
  <attribute name= "Current Time Running" value="174329" />
  <attribute name ="GC Interval" value="0" />
  <attribute name="ProportionalT" value="127.000000" />
  <attribute name="ProportionalI" value="127.000000" />
  <attribute name="ProportionalH" value="127.000000" />
  <attribute name="Current Error" value="254.000000" />
  <attribute name="IntegralT" value="127.000000" />
  <attribute name="IntegralI" value="127.000000" />
  <attribute name="IntegralH" value="127.000000" />
  <attribute name="DerivativeT" value="254.000000" />
  <attribute name="DerivativeI" value="254.000000" />
  <attribute name="DerivativeH" value="254.000000" />
  <attribute name="Loop Time for DT" value="1.000000" />
  <attribute name="Output H" value="8388608"/>
  <attribute name="Output I" value="512"/>
  <attribute name="Output T" value="16"/>
  <attribute name="Target GC Util Change" value ="80.000000" />
  <attribute name="Current GC Util Change" value="334.000000"/>
  <attribute name="GC Util currently" value="334" />
  <attribute name="CPU Util currently" value="1151040656524" />
<exclusive-end id="2659" timestamp="2019-08-11T06:21:03.149" durationms="14.945" />

<exclusive-start id="2660" timestamp="2019-08-11T06:21:03.331" intervalms="196.361">
  <response-info timems="0.015" idlems="0.015" threads="0" lastid="0000000001E02F00" lastname="main" />
</exclusive-start>
<allocation-taxation id="2661" taxation-threshold="58720256" timestamp="2019-08-11T06:21:03.331" intervalms="196.360" />
<cycle-start id="2662" type="partial gc" contextid="0" timestamp="2019-08-11T06:21:03.331" intervalms="196.356" />
<gc-start id="2663" type="partial gc" contextid="2662" timestamp="2019-08-11T06:21:03.331">
  <mem-info id="2664" free="65011712" total="209715200" percent="31">
    <mem type="eden" free="0" total="58720256" percent="0" />
    <remembered-set count="4288" freebytes="8366848" totalbytes="8384000" percent="99" regionsoverflowed="0" regionsstable="9" regionsrebuilding="0"/>
  </mem-info>
</gc-start>
<allocation-stats totalBytes="58716368" >
  <allocated-bytes non-tlh="0" tlh="58716368" arrayletleaf="0"/>
  <largest-consumer threadName="main" threadId="0000000001E02F00" bytes="58716368" />
</allocation-stats>
<gc-op id="2665" type="copy forward" timems="6.941" contextid="2662" timestamp="2019-08-11T06:21:03.339">
  <memory-copied type="eden" objects="51" bytes="1328" bytesdiscarded="888" />
  <memory-copied type="other" objects="6" bytes="136" bytesdiscarded="672" />
  <memory-cardclean objects="102" bytes="3048" />
  <regions eden="28" other="1" />
  <remembered-set-cleared processed="683" cleared="9" durationms="0.110" />
  <stringconstants candidates="13661" cleared="0"  />
</gc-op>
<gc-op id="2666" type="classunload" timems="0.005" contextid="2662" timestamp="2019-08-11T06:21:03.340">
  <classunload-info classloadercandidates="53" classloadersunloaded="0" classesunloaded="0" anonymousclassesunloaded="0" quiescems="0.000" setupms="0.004" scanms="0.000" postms="0.000" />
</gc-op>
<gc-end id="2667" type="partial gc" contextid="2662" durationms="8.374" usertimems="18.969" systemtimems="0.000" timestamp="2019-08-11T06:21:03.340" activeThreads="16">
  <mem-info id="2668" free="121634816" total="209715200" percent="58">
    <mem type="eden" free="2094936" total="2097152" percent="99" />
    <remembered-set count="5280" freebytes="8362880" totalbytes="8384000" percent="99" regionsoverflowed="0" regionsstable="9" regionsrebuilding="0"/>
  </mem-info>
</gc-end>
<cycle-end id="2669" type="partial gc" contextid="2662" timestamp="2019-08-11T06:21:03.340" />
  <attribute name="elasticGC enabled" value="1" />
  <attribute name= "numThreadsSpecified" value="16" />
  <attribute name="heapSize specified" value="0" />
  <attribute name="Current GC Util" value="199" />
  <attribute name= "Current Time Running" value="174525" />
  <attribute name ="GC Interval" value="0" />
  <attribute name="ProportionalT" value="59.500000" />
  <attribute name="ProportionalI" value="59.500000" />
  <attribute name="ProportionalH" value="59.500000" />
  <attribute name="Current Error" value="119.000000" />
  <attribute name="IntegralT" value="59.500000" />
  <attribute name="IntegralI" value="59.500000" />
  <attribute name="IntegralH" value="59.500000" />
  <attribute name="DerivativeT" value="119.000000" />
  <attribute name="DerivativeI" value="119.000000" />
  <attribute name="DerivativeH" value="119.000000" />
  <attribute name="Loop Time for DT" value="1.000000" />
  <attribute name="Output H" value="8388608"/>
  <attribute name="Output I" value="240"/>
  <attribute name="Output T" value="16"/>
  <attribute name="Target GC Util Change" value ="80.000000" />
  <attribute name="Current GC Util Change" value="199.000000"/>
  <attribute name="GC Util currently" value="199" />
  <attribute name="CPU Util currently" value="1270240906940" />
<exclusive-end id="2670" timestamp="2019-08-11T06:21:03.340" durationms="9.024" />

<exclusive-start id="2671" timestamp="2019-08-11T06:21:03.396" intervalms="65.138">
  <response-info timems="0.014" idlems="0.014" threads="0" lastid="0000000001E02F00" lastname="main" />
</exclusive-start>
<allocation-taxation id="2672" taxation-threshold="58720256" timestamp="2019-08-11T06:21:03.396" intervalms="65.134" />
<cycle-start id="2673" type="partial gc" contextid="0" timestamp="2019-08-11T06:21:03.396" intervalms="65.174" />
<gc-start id="2674" type="partial gc" contextid="2673" timestamp="2019-08-11T06:21:03.396">
  <mem-info id="2675" free="62914560" total="209715200" percent="30">
    <mem type="eden" free="0" total="58720256" percent="0" />
    <remembered-set count="5280" freebytes="8362880" totalbytes="8384000" percent="99" regionsoverflowed="0" regionsstable="9" regionsrebuilding="0"/>
  </mem-info>
</gc-start>
<allocation-stats totalBytes="58715920" >
  <allocated-bytes non-tlh="0" tlh="58715920" arrayletleaf="0"/>
  <largest-consumer threadName="main" threadId="0000000001E02F00" bytes="58715920" />
</allocation-stats>
<gc-op id="2676" type="copy forward" timems="7.831" contextid="2673" timestamp="2019-08-11T06:21:03.405">
  <memory-copied type="eden" objects="31" bytes="912" bytesdiscarded="696" />
  <memory-copied type="other" objects="36" bytes="816" bytesdiscarded="1104" />
  <memory-cardclean objects="85" bytes="2776" />
  <regions eden="28" other="1" />
  <remembered-set-cleared processed="685" cleared="9" durationms="0.175" />
  <stringconstants candidates="13661" cleared="0"  />
</gc-op>
<gc-op id="2677" type="classunload" timems="0.007" contextid="2673" timestamp="2019-08-11T06:21:03.405">
  <classunload-info classloadercandidates="53" classloadersunloaded="0" classesunloaded="0" anonymousclassesunloaded="0" quiescems="0.000" setupms="0.006" scanms="0.000" postms="0.000" />
</gc-op>
<gc-end id="2678" type="partial gc" contextid="2673" durationms="8.993" usertimems="20.403" systemtimems="0.000" timestamp="2019-08-11T06:21:03.405" activeThreads="16">
  <mem-info id="2679" free="119537664" total="209715200" percent="57">
    <mem type="eden" free="2095544" total="2097152" percent="99" />
    <remembered-set count="5344" freebytes="8362624" totalbytes="8384000" percent="99" regionsoverflowed="0" regionsstable="9" regionsrebuilding="0"/>
  </mem-info>
</gc-end>
<cycle-end id="2680" type="partial gc" contextid="2673" timestamp="2019-08-11T06:21:03.406" />
  <attribute name="elasticGC enabled" value="1" />
  <attribute name= "numThreadsSpecified" value="16" />
  <attribute name="heapSize specified" value="0" />
  <attribute name="Current GC Util" value="131" />
  <attribute name= "Current Time Running" value="174590" />
  <attribute name ="GC Interval" value="0" />
  <attribute name="ProportionalT" value="25.500000" />
  <attribute name="ProportionalI" value="25.500000" />
  <attribute name="ProportionalH" value="25.500000" />
  <attribute name="Current Error" value="51.000000" />
  <attribute name="IntegralT" value="25.500000" />
  <attribute name="IntegralI" value="25.500000" />
  <attribute name="IntegralH" value="25.500000" />
  <attribute name="DerivativeT" value="51.000000" />
  <attribute name="DerivativeI" value="51.000000" />
  <attribute name="DerivativeH" value="51.000000" />
  <attribute name="Loop Time for DT" value="1.000000" />
  <attribute name="Output H" value="8388608"/>
  <attribute name="Output I" value="200"/>
  <attribute name="Output T" value="16"/>
  <attribute name="Target GC Util Change" value ="80.000000" />
  <attribute name="Current GC Util Change" value="131.000000"/>
  <attribute name="GC Util currently" value="131" />
  <attribute name="CPU Util currently" value="1830234512447" />
<exclusive-end id="2681" timestamp="2019-08-11T06:21:03.406" durationms="9.642" />

<exclusive-start id="2682" timestamp="2019-08-11T06:21:03.471" intervalms="75.457">
  <response-info timems="0.017" idlems="0.017" threads="0" lastid="0000000001E02F00" lastname="main" />
</exclusive-start>
<allocation-taxation id="2683" taxation-threshold="58720256" timestamp="2019-08-11T06:21:03.471" intervalms="75.456" />
<cycle-start id="2684" type="partial gc" contextid="0" timestamp="2019-08-11T06:21:03.472" intervalms="75.387" />
<gc-start id="2685" type="partial gc" contextid="2684" timestamp="2019-08-11T06:21:03.472">
  <mem-info id="2686" free="60817408" total="209715200" percent="29">
    <mem type="eden" free="0" total="58720256" percent="0" />
    <remembered-set count="4864" freebytes="8364544" totalbytes="8384000" percent="99" regionsoverflowed="0" regionsstable="9" regionsrebuilding="0"/>
  </mem-info>
</gc-start>
<allocation-stats totalBytes="58716168" >
  <allocated-bytes non-tlh="0" tlh="58716168" arrayletleaf="0"/>
  <largest-consumer threadName="main" threadId="0000000001E02F00" bytes="58716168" />
</allocation-stats>
<gc-op id="2687" type="copy forward" timems="1.445" contextid="2684" timestamp="2019-08-11T06:21:03.474">
  <memory-copied type="eden" objects="30" bytes="944" bytesdiscarded="0" />
  <memory-copied type="other" objects="6" bytes="136" bytesdiscarded="0" />
  <memory-cardclean objects="58" bytes="10304" />
  <regions eden="28" other="1" />
  <remembered-set-cleared processed="689" cleared="11" durationms="0.248" />
  <references type="weak" candidates="2" cleared="0" enqueued="0" />
  <stringconstants candidates="13661" cleared="0"  />
</gc-op>
<gc-op id="2688" type="classunload" timems="0.003" contextid="2684" timestamp="2019-08-11T06:21:03.474">
  <classunload-info classloadercandidates="53" classloadersunloaded="0" classesunloaded="0" anonymousclassesunloaded="0" quiescems="0.000" setupms="0.003" scanms="0.000" postms="0.000" />
</gc-op>
<gc-end id="2689" type="partial gc" contextid="2684" durationms="2.464" usertimems="3.308" systemtimems="0.000" timestamp="2019-08-11T06:21:03.474" activeThreads="1">
  <mem-info id="2690" free="117440512" total="209715200" percent="56">
    <mem type="eden" free="2096208" total="2097152" percent="99" />
    <remembered-set count="5120" freebytes="8363520" totalbytes="8384000" percent="99" regionsoverflowed="0" regionsstable="9" regionsrebuilding="0"/>
  </mem-info>
</gc-end>
<cycle-end id="2691" type="partial gc" contextid="2684" timestamp="2019-08-11T06:21:03.474" />
  <attribute name="elasticGC enabled" value="1" />
  <attribute name= "numThreadsSpecified" value="1" />
  <attribute name="heapSize specified" value="0" />
  <attribute name="Current GC Util" value="127" />
  <attribute name= "Current Time Running" value="174665" />
  <attribute name ="GC Interval" value="0" />
  <attribute name="ProportionalT" value="23.500000" />
  <attribute name="ProportionalI" value="23.500000" />
  <attribute name="ProportionalH" value="23.500000" />
  <attribute name="Current Error" value="47.000000" />
  <attribute name="IntegralT" value="0.000000" />
  <attribute name="IntegralI" value="0.000000" />
  <attribute name="IntegralH" value="0.000000" />
  <attribute name="DerivativeT" value="inf" />
  <attribute name="DerivativeI" value="inf" />
  <attribute name="DerivativeH" value="inf" />
  <attribute name="Loop Time for DT" value="0.000000" />
  <attribute name="Output H" value="8388608"/>
  <attribute name="Output I" value="200"/>
  <attribute name="Output T" value="1"/>
  <attribute name="Target GC Util Change" value ="80.000000" />
  <attribute name="Current GC Util Change" value="127.000000"/>
  <attribute name="GC Util currently" value="127" />
  <attribute name="CPU Util currently" value="2070672496311" />
<exclusive-end id="2692" timestamp="2019-08-11T06:21:03.474" durationms="3.018" />

<exclusive-start id="2693" timestamp="2019-08-11T06:21:03.593" intervalms="121.414">
  <response-info timems="0.016" idlems="0.016" threads="0" lastid="0000000001E02F00" lastname="main" />
</exclusive-start>
<allocation-taxation id="2694" taxation-threshold="58720256" timestamp="2019-08-11T06:21:03.593" intervalms="121.437" />
<cycle-start id="2695" type="partial gc" contextid="0" timestamp="2019-08-11T06:21:03.593" intervalms="121.445" />
<gc-start id="2696" type="partial gc" contextid="2695" timestamp="2019-08-11T06:21:03.593">
  <mem-info id="2697" free="58720256" total="209715200" percent="28">
    <mem type="eden" free="0" total="58720256" percent="0" />
    <remembered-set count="4768" freebytes="8364928" totalbytes="8384000" percent="99" regionsoverflowed="0" regionsstable="9" regionsrebuilding="0"/>
  </mem-info>
</gc-start>
<allocation-stats totalBytes="58687992" >
  <allocated-bytes non-tlh="0" tlh="58687992" arrayletleaf="0"/>
  <largest-consumer threadName="main" threadId="0000000001E02F00" bytes="58687992" />
</allocation-stats>
<gc-op id="2698" type="copy forward" timems="7.481" contextid="2695" timestamp="2019-08-11T06:21:03.602">
  <memory-copied type="eden" objects="48" bytes="2072" bytesdiscarded="456" />
  <memory-copied type="other" objects="8" bytes="200" bytesdiscarded="1400" />
  <memory-cardclean objects="93" bytes="11128" />
  <regions eden="28" other="1" />
  <remembered-set-cleared processed="691" cleared="16" durationms="0.329" />
  <references type="weak" candidates="2" cleared="0" enqueued="0" />
  <stringconstants candidates="13661" cleared="0"  />
</gc-op>
<gc-op id="2699" type="classunload" timems="0.008" contextid="2695" timestamp="2019-08-11T06:21:03.602">
  <classunload-info classloadercandidates="53" classloadersunloaded="0" classesunloaded="0" anonymousclassesunloaded="0" quiescems="0.000" setupms="0.007" scanms="0.000" postms="0.000" />
</gc-op>
<gc-end id="2700" type="partial gc" contextid="2695" durationms="9.024" usertimems="22.297" systemtimems="0.000" timestamp="2019-08-11T06:21:03.602" activeThreads="16">
  <mem-info id="2701" free="115343360" total="209715200" percent="55">
    <mem type="eden" free="2094624" total="2097152" percent="99" />
    <remembered-set count="5024" freebytes="8363904" totalbytes="8384000" percent="99" regionsoverflowed="0" regionsstable="9" regionsrebuilding="0"/>
  </mem-info>
</gc-end>
<cycle-end id="2702" type="partial gc" contextid="2695" timestamp="2019-08-11T06:21:03.602" />
  <attribute name="elasticGC enabled" value="1" />
  <attribute name= "numThreadsSpecified" value="16" />
  <attribute name="heapSize specified" value="0" />
  <attribute name="Current GC Util" value="266" />
  <attribute name= "Current Time Running" value="174787" />
  <attribute name ="GC Interval" value="0" />
  <attribute name="ProportionalT" value="93.000000" />
  <attribute name="ProportionalI" value="93.000000" />
  <attribute name="ProportionalH" value="93.000000" />
  <attribute name="Current Error" value="186.000000" />
  <attribute name="IntegralT" value="93.000000" />
  <attribute name="IntegralI" value="93.000000" />
  <attribute name="IntegralH" value="93.000000" />
  <attribute name="DerivativeT" value="186.000000" />
  <attribute name="DerivativeI" value="186.000000" />
  <attribute name="DerivativeH" value="186.000000" />
  <attribute name="Loop Time for DT" value="1.000000" />
  <attribute name="Output H" value="8388608"/>
  <attribute name="Output I" value="376"/>
  <attribute name="Output T" value="16"/>
  <attribute name="Target GC Util Change" value ="80.000000" />
  <attribute name="Current GC Util Change" value="266.000000"/>
  <attribute name="GC Util currently" value="266" />
  <attribute name="CPU Util currently" value="1236143587376" />
<exclusive-end id="2703" timestamp="2019-08-11T06:21:03.602" durationms="9.628" />

<exclusive-start id="2704" timestamp="2019-08-11T06:21:03.701" intervalms="107.812">
  <response-info timems="0.021" idlems="0.021" threads="0" lastid="0000000001E02F00" lastname="main" />
</exclusive-start>
<allocation-taxation id="2705" taxation-threshold="58720256" timestamp="2019-08-11T06:21:03.701" intervalms="107.811" />
<cycle-start id="2706" type="partial gc" contextid="0" timestamp="2019-08-11T06:21:03.701" intervalms="107.874" />
<gc-start id="2707" type="partial gc" contextid="2706" timestamp="2019-08-11T06:21:03.701">
  <mem-info id="2708" free="56623104" total="209715200" percent="27">
    <mem type="eden" free="0" total="58720256" percent="0" />
    <remembered-set count="4672" freebytes="8365312" totalbytes="8384000" percent="99" regionsoverflowed="0" regionsstable="9" regionsrebuilding="0"/>
  </mem-info>
</gc-start>
<allocation-stats totalBytes="58690536" >
  <allocated-bytes non-tlh="0" tlh="58690536" arrayletleaf="0"/>
  <largest-consumer threadName="main" threadId="0000000001E02F00" bytes="58690536" />
</allocation-stats>
<gc-op id="2709" type="copy forward" timems="6.576" contextid="2706" timestamp="2019-08-11T06:21:03.709">
  <memory-copied type="eden" objects="25" bytes="752" bytesdiscarded="680" />
  <memory-copied type="other" objects="18" bytes="408" bytesdiscarded="648" />
  <memory-cardclean objects="85" bytes="2872" />
  <regions eden="28" other="1" />
  <remembered-set-cleared processed="693" cleared="8" durationms="0.180" />
  <stringconstants candidates="13661" cleared="0"  />
</gc-op>
<gc-op id="2710" type="classunload" timems="0.009" contextid="2706" timestamp="2019-08-11T06:21:03.709">
  <classunload-info classloadercandidates="53" classloadersunloaded="0" classesunloaded="0" anonymousclassesunloaded="0" quiescems="0.000" setupms="0.009" scanms="0.000" postms="0.000" />
</gc-op>
<gc-end id="2711" type="partial gc" contextid="2706" durationms="8.402" usertimems="19.196" systemtimems="0.000" timestamp="2019-08-11T06:21:03.710" activeThreads="16">
  <mem-info id="2712" free="113246208" total="209715200" percent="54">
    <mem type="eden" free="2095720" total="2097152" percent="99" />
    <remembered-set count="5312" freebytes="8362752" totalbytes="8384000" percent="99" regionsoverflowed="0" regionsstable="9" regionsrebuilding="0"/>
  </mem-info>
</gc-end>
<cycle-end id="2713" type="partial gc" contextid="2706" timestamp="2019-08-11T06:21:03.710" />
  <attribute name="elasticGC enabled" value="1" />
  <attribute name= "numThreadsSpecified" value="16" />
  <attribute name="heapSize specified" value="0" />
  <attribute name="Current GC Util" value="207" />
  <attribute name= "Current Time Running" value="174895" />
  <attribute name ="GC Interval" value="0" />
  <attribute name="ProportionalT" value="63.500000" />
  <attribute name="ProportionalI" value="63.500000" />
  <attribute name="ProportionalH" value="63.500000" />
  <attribute name="Current Error" value="127.000000" />
  <attribute name="IntegralT" value="63.500000" />
  <attribute name="IntegralI" value="63.500000" />
  <attribute name="IntegralH" value="63.500000" />
  <attribute name="DerivativeT" value="127.000000" />
  <attribute name="DerivativeI" value="127.000000" />
  <attribute name="DerivativeH" value="127.000000" />
  <attribute name="Loop Time for DT" value="1.000000" />
  <attribute name="Output H" value="8388608"/>
  <attribute name="Output I" value="256"/>
  <attribute name="Output T" value="16"/>
  <attribute name="Target GC Util Change" value ="80.000000" />
  <attribute name="Current GC Util Change" value="207.000000"/>
  <attribute name="GC Util currently" value="207" />
  <attribute name="CPU Util currently" value="1026118822826" />
<exclusive-end id="2714" timestamp="2019-08-11T06:21:03.710" durationms="9.170" />

<exclusive-start id="2715" timestamp="2019-08-11T06:21:03.733" intervalms="32.108">
  <response-info timems="0.028" idlems="0.028" threads="0" lastid="0000000001E02F00" lastname="main" />
</exclusive-start>
<allocation-taxation id="2716" taxation-threshold="58720256" timestamp="2019-08-11T06:21:03.733" intervalms="32.093" />
<cycle-start id="2717" type="partial gc" contextid="0" timestamp="2019-08-11T06:21:03.733" intervalms="32.064" />
<gc-start id="2718" type="partial gc" contextid="2717" timestamp="2019-08-11T06:21:03.733">
  <mem-info id="2719" free="54525952" total="209715200" percent="26">
    <mem type="eden" free="0" total="58720256" percent="0" />
    <remembered-set count="4832" freebytes="8364672" totalbytes="8384000" percent="99" regionsoverflowed="0" regionsstable="9" regionsrebuilding="0"/>
  </mem-info>
</gc-start>
<allocation-stats totalBytes="58633608" >
  <allocated-bytes non-tlh="0" tlh="58633608" arrayletleaf="0"/>
  <largest-consumer threadName="main" threadId="0000000001E02F00" bytes="58633608" />
</allocation-stats>
<gc-op id="2720" type="copy forward" timems="7.310" contextid="2717" timestamp="2019-08-11T06:21:03.742">
  <memory-copied type="eden" objects="24" bytes="1272" bytesdiscarded="680" />
  <memory-copied type="other" objects="6" bytes="136" bytesdiscarded="728" />
  <memory-cardclean objects="63" bytes="2264" />
  <regions eden="28" other="1" />
  <remembered-set-cleared processed="696" cleared="5" durationms="0.124" />
  <stringconstants candidates="13661" cleared="0"  />
</gc-op>
<gc-op id="2721" type="classunload" timems="0.007" contextid="2717" timestamp="2019-08-11T06:21:03.743">
  <classunload-info classloadercandidates="53" classloadersunloaded="0" classesunloaded="0" anonymousclassesunloaded="0" quiescems="0.000" setupms="0.007" scanms="0.000" postms="0.000" />
</gc-op>
<gc-end id="2722" type="partial gc" contextid="2717" durationms="9.488" usertimems="22.338" systemtimems="0.000" timestamp="2019-08-11T06:21:03.743" activeThreads="16">
  <mem-info id="2723" free="111149056" total="209715200" percent="53">
    <mem type="eden" free="2095200" total="2097152" percent="99" />
    <remembered-set count="4992" freebytes="8364032" totalbytes="8384000" percent="99" regionsoverflowed="0" regionsstable="9" regionsrebuilding="0"/>
  </mem-info>
</gc-end>
<cycle-end id="2724" type="partial gc" contextid="2717" timestamp="2019-08-11T06:21:03.743" />
  <attribute name="elasticGC enabled" value="1" />
  <attribute name= "numThreadsSpecified" value="16" />
  <attribute name="heapSize specified" value="0" />
  <attribute name="Current GC Util" value="235" />
  <attribute name= "Current Time Running" value="174928" />
  <attribute name ="GC Interval" value="0" />
  <attribute name="ProportionalT" value="77.500000" />
  <attribute name="ProportionalI" value="77.500000" />
  <attribute name="ProportionalH" value="77.500000" />
  <attribute name="Current Error" value="155.000000" />
  <attribute name="IntegralT" value="155.000000" />
  <attribute name="IntegralI" value="155.000000" />
  <attribute name="IntegralH" value="155.000000" />
  <attribute name="DerivativeT" value="77.500000" />
  <attribute name="DerivativeI" value="77.500000" />
  <attribute name="DerivativeH" value="77.500000" />
  <attribute name="Loop Time for DT" value="2.000000" />
  <attribute name="Output H" value="8388608"/>
  <attribute name="Output I" value="312"/>
  <attribute name="Output T" value="16"/>
  <attribute name="Target GC Util Change" value ="80.000000" />
  <attribute name="Current GC Util Change" value="235.000000"/>
  <attribute name="GC Util currently" value="235" />
  <attribute name="CPU Util currently" value="698713174935" />
<exclusive-end id="2725" timestamp="2019-08-11T06:21:03.743" durationms="10.137" />

<exclusive-start id="2726" timestamp="2019-08-11T06:21:03.761" intervalms="28.182">
  <response-info timems="0.023" idlems="0.023" threads="0" lastid="0000000001E02F00" lastname="main" />
</exclusive-start>
<allocation-taxation id="2727" taxation-threshold="58720256" timestamp="2019-08-11T06:21:03.761" intervalms="28.180" />
<cycle-start id="2728" type="partial gc" contextid="0" timestamp="2019-08-11T06:21:03.761" intervalms="28.148" />
<gc-start id="2729" type="partial gc" contextid="2728" timestamp="2019-08-11T06:21:03.761">
  <mem-info id="2730" free="52428800" total="209715200" percent="25">
    <mem type="eden" free="0" total="58720256" percent="0" />
    <remembered-set count="4640" freebytes="8365440" totalbytes="8384000" percent="99" regionsoverflowed="0" regionsstable="9" regionsrebuilding="0"/>
  </mem-info>
</gc-start>
<allocation-stats totalBytes="58615832" >
  <allocated-bytes non-tlh="0" tlh="58615832" arrayletleaf="0"/>
  <largest-consumer threadName="main" threadId="0000000001E02F00" bytes="58615832" />
</allocation-stats>
<gc-op id="2731" type="copy forward" timems="18.171" contextid="2728" timestamp="2019-08-11T06:21:03.781">
  <memory-copied type="eden" objects="4" bytes="104" bytesdiscarded="0" />
  <memory-copied type="other" objects="21" bytes="1200" bytesdiscarded="680" />
  <memory-cardclean objects="36" bytes="1568" />
  <regions eden="28" other="1" />
  <remembered-set-cleared processed="698" cleared="5" durationms="0.301" />
  <stringconstants candidates="13661" cleared="0"  />
</gc-op>
<gc-op id="2732" type="classunload" timems="0.009" contextid="2728" timestamp="2019-08-11T06:21:03.781">
  <classunload-info classloadercandidates="53" classloadersunloaded="0" classesunloaded="0" anonymousclassesunloaded="0" quiescems="0.000" setupms="0.009" scanms="0.000" postms="0.000" />
</gc-op>
<heap-resize id="2733" type="expand" space="default" amount="35651584" count="1" timems="0.189" reason="excessive time being spent in gc" timestamp="2019-08-11T06:21:03.782" />
<gc-end id="2734" type="partial gc" contextid="2728" durationms="20.329" usertimems="35.052" systemtimems="0.000" timestamp="2019-08-11T06:21:03.782" activeThreads="16">
  <mem-info id="2735" free="144703488" total="245366784" percent="58">
    <mem type="eden" free="2097048" total="2097152" percent="99" />
    <remembered-set count="5024" freebytes="9789184" totalbytes="9809280" percent="99" regionsoverflowed="0" regionsstable="9" regionsrebuilding="0"/>
  </mem-info>
</gc-end>
<cycle-end id="2736" type="partial gc" contextid="2728" timestamp="2019-08-11T06:21:03.782" />
  <attribute name="elasticGC enabled" value="1" />
  <attribute name= "numThreadsSpecified" value="16" />
  <attribute name="heapSize specified" value="0" />
  <attribute name="Current GC Util" value="170" />
  <attribute name= "Current Time Running" value="174956" />
  <attribute name ="GC Interval" value="0" />
  <attribute name="ProportionalT" value="45.000000" />
  <attribute name="ProportionalI" value="45.000000" />
  <attribute name="ProportionalH" value="45.000000" />
  <attribute name="Current Error" value="90.000000" />
  <attribute name="IntegralT" value="90.000000" />
  <attribute name="IntegralI" value="90.000000" />
  <attribute name="IntegralH" value="90.000000" />
  <attribute name="DerivativeT" value="45.000000" />
  <attribute name="DerivativeI" value="45.000000" />
  <attribute name="DerivativeH" value="45.000000" />
  <attribute name="Loop Time for DT" value="2.000000" />
  <attribute name="Output H" value="8388608"/>
  <attribute name="Output I" value="200"/>
  <attribute name="Output T" value="16"/>
  <attribute name="Target GC Util Change" value ="80.000000" />
  <attribute name="Current GC Util Change" value="170.000000"/>
  <attribute name="GC Util currently" value="170" />
  <attribute name="CPU Util currently" value="801541077149" />
<exclusive-end id="2737" timestamp="2019-08-11T06:21:03.782" durationms="20.954" />

<exclusive-start id="2738" timestamp="2019-08-11T06:21:03.806" intervalms="44.671">
  <response-info timems="0.017" idlems="0.017" threads="0" lastid="0000000001E02F00" lastname="main" />
</exclusive-start>
<allocation-taxation id="2739" taxation-threshold="69206016" timestamp="2019-08-11T06:21:03.806" intervalms="44.675" />
<cycle-start id="2740" type="partial gc" contextid="0" timestamp="2019-08-11T06:21:03.806" intervalms="44.818" />
<gc-start id="2741" type="partial gc" contextid="2740" timestamp="2019-08-11T06:21:03.806">
  <mem-info id="2742" free="75497472" total="245366784" percent="30">
    <mem type="eden" free="2097048" total="71303168" percent="2" />
    <remembered-set count="4672" freebytes="9790592" totalbytes="9809280" percent="99" regionsoverflowed="0" regionsstable="9" regionsrebuilding="0"/>
  </mem-info>
</gc-start>
<allocation-stats totalBytes="69084136" >
  <allocated-bytes non-tlh="0" tlh="69084136" arrayletleaf="0"/>
  <largest-consumer threadName="main" threadId="0000000001E02F00" bytes="69084136" />
</allocation-stats>
<gc-op id="2743" type="copy forward" timems="16.545" contextid="2740" timestamp="2019-08-11T06:21:03.824">
  <memory-copied type="eden" objects="3" bytes="72" bytesdiscarded="720" />
  <memory-copied type="other" objects="21" bytes="1200" bytesdiscarded="1208" />
  <memory-cardclean objects="36" bytes="1568" />
  <regions eden="33" other="2" />
  <remembered-set-cleared processed="698" cleared="5" durationms="1.009" />
  <stringconstants candidates="13661" cleared="0"  />
</gc-op>
<gc-op id="2744" type="classunload" timems="0.013" contextid="2740" timestamp="2019-08-11T06:21:03.824">
  <classunload-info classloadercandidates="53" classloadersunloaded="0" classesunloaded="0" anonymousclassesunloaded="0" quiescems="0.000" setupms="0.012" scanms="0.000" postms="0.000" />
</gc-op>
<heap-resize id="2745" type="expand" space="default" amount="6291456" count="1" timems="0.090" reason="excessive time being spent in gc" timestamp="2019-08-11T06:21:03.825" />
<gc-end id="2746" type="partial gc" contextid="2740" durationms="18.388" usertimems="35.141" systemtimems="0.000" timestamp="2019-08-11T06:21:03.825" activeThreads="16">
  <mem-info id="2747" free="150994944" total="251658240" percent="60">
    <mem type="eden" free="2096360" total="2097152" percent="99" />
    <remembered-set count="5536" freebytes="10038656" totalbytes="10060800" percent="99" regionsoverflowed="0" regionsstable="9" regionsrebuilding="0"/>
  </mem-info>
</gc-end>
<cycle-end id="2748" type="partial gc" contextid="2740" timestamp="2019-08-11T06:21:03.825" />
  <attribute name="elasticGC enabled" value="1" />
  <attribute name= "numThreadsSpecified" value="16" />
  <attribute name="heapSize specified" value="0" />
  <attribute name="Current GC Util" value="123" />
  <attribute name= "Current Time Running" value="175000" />
  <attribute name ="GC Interval" value="0" />
  <attribute name="ProportionalT" value="21.500000" />
  <attribute name="ProportionalI" value="21.500000" />
  <attribute name="ProportionalH" value="21.500000" />
  <attribute name="Current Error" value="43.000000" />
  <attribute name="IntegralT" value="21.500000" />
  <attribute name="IntegralI" value="21.500000" />
  <attribute name="IntegralH" value="21.500000" />
  <attribute name="DerivativeT" value="43.000000" />
  <attribute name="DerivativeI" value="43.000000" />
  <attribute name="DerivativeH" value="43.000000" />
  <attribute name="Loop Time for DT" value="1.000000" />
  <attribute name="Output H" value="8388608"/>
  <attribute name="Output I" value="200"/>
  <attribute name="Output T" value="16"/>
  <attribute name="Target GC Util Change" value ="80.000000" />
  <attribute name="Current GC Util Change" value="123.000000"/>
  <attribute name="GC Util currently" value="123" />
  <attribute name="CPU Util currently" value="1057502963539" />
<exclusive-end id="2749" timestamp="2019-08-11T06:21:03.825" durationms="19.252" />

<exclusive-start id="2750" timestamp="2019-08-11T06:21:03.930" intervalms="124.721">
  <response-info timems="0.016" idlems="0.016" threads="0" lastid="0000000001E02F00" lastname="main" />
</exclusive-start>
<allocation-taxation id="2751" taxation-threshold="69206016" timestamp="2019-08-11T06:21:03.930" intervalms="124.721" />
<cycle-start id="2752" type="partial gc" contextid="0" timestamp="2019-08-11T06:21:03.931" intervalms="124.603" />
<gc-start id="2753" type="partial gc" contextid="2752" timestamp="2019-08-11T06:21:03.931">
  <mem-info id="2754" free="81788928" total="251658240" percent="32">
    <mem type="eden" free="2096360" total="71303168" percent="2" />
    <remembered-set count="5536" freebytes="10038656" totalbytes="10060800" percent="99" regionsoverflowed="0" regionsstable="9" regionsrebuilding="0"/>
  </mem-info>
</gc-start>
<allocation-stats totalBytes="69128664" >
  <allocated-bytes non-tlh="0" tlh="69128664" arrayletleaf="0"/>
  <largest-consumer threadName="main" threadId="0000000001E02F00" bytes="69128664" />
</allocation-stats>
<gc-op id="2755" type="copy forward" timems="1.478" contextid="2752" timestamp="2019-08-11T06:21:03.933">
  <memory-copied type="eden" objects="42" bytes="2024" bytesdiscarded="0" />
  <memory-copied type="other" objects="6" bytes="136" bytesdiscarded="0" />
  <memory-cardclean objects="57" bytes="2000" />
  <regions eden="33" other="2" />
  <remembered-set-cleared processed="698" cleared="5" durationms="0.260" />
  <stringconstants candidates="13661" cleared="0"  />
</gc-op>
<gc-op id="2756" type="classunload" timems="0.004" contextid="2752" timestamp="2019-08-11T06:21:03.933">
  <classunload-info classloadercandidates="53" classloadersunloaded="0" classesunloaded="0" anonymousclassesunloaded="0" quiescems="0.000" setupms="0.004" scanms="0.000" postms="0.000" />
</gc-op>
<gc-end id="2757" type="partial gc" contextid="2752" durationms="2.589" usertimems="3.615" systemtimems="0.000" timestamp="2019-08-11T06:21:03.933" activeThreads="1">
  <mem-info id="2758" free="150994944" total="251658240" percent="60">
    <mem type="eden" free="2095128" total="2097152" percent="99" />
    <remembered-set count="5824" freebytes="10037504" totalbytes="10060800" percent="99" regionsoverflowed="0" regionsstable="9" regionsrebuilding="0"/>
  </mem-info>
</gc-end>
<cycle-end id="2759" type="partial gc" contextid="2752" timestamp="2019-08-11T06:21:03.934" />
  <attribute name="elasticGC enabled" value="1" />
  <attribute name= "numThreadsSpecified" value="1" />
  <attribute name="heapSize specified" value="0" />
  <attribute name="Current GC Util" value="154" />
  <attribute name= "Current Time Running" value="175124" />
  <attribute name ="GC Interval" value="0" />
  <attribute name="ProportionalT" value="37.000000" />
  <attribute name="ProportionalI" value="37.000000" />
  <attribute name="ProportionalH" value="37.000000" />
  <attribute name="Current Error" value="74.000000" />
  <attribute name="IntegralT" value="0.000000" />
  <attribute name="IntegralI" value="0.000000" />
  <attribute name="IntegralH" value="0.000000" />
  <attribute name="DerivativeT" value="inf" />
  <attribute name="DerivativeI" value="inf" />
  <attribute name="DerivativeH" value="inf" />
  <attribute name="Loop Time for DT" value="0.000000" />
  <attribute name="Output H" value="8388608"/>
  <attribute name="Output I" value="200"/>
  <attribute name="Output T" value="1"/>
  <attribute name="Target GC Util Change" value ="80.000000" />
  <attribute name="Current GC Util Change" value="154.000000"/>
  <attribute name="GC Util currently" value="154" />
  <attribute name="CPU Util currently" value="1994435708641" />
<exclusive-end id="2760" timestamp="2019-08-11T06:21:03.934" durationms="3.276" />

<exclusive-start id="2761" timestamp="2019-08-11T06:21:03.969" intervalms="38.481">
  <response-info timems="0.089" idlems="0.089" threads="0" lastid="0000000001E02F00" lastname="main" />
</exclusive-start>
<allocation-taxation id="2762" taxation-threshold="69206016" timestamp="2019-08-11T06:21:03.969" intervalms="38.486" />
<cycle-start id="2763" type="partial gc" contextid="0" timestamp="2019-08-11T06:21:03.969" intervalms="38.489" />
<gc-start id="2764" type="partial gc" contextid="2763" timestamp="2019-08-11T06:21:03.969">
  <mem-info id="2765" free="81788928" total="251658240" percent="32">
    <mem type="eden" free="0" total="69206016" percent="0" />
    <remembered-set count="5504" freebytes="10038784" totalbytes="10060800" percent="99" regionsoverflowed="0" regionsstable="9" regionsrebuilding="0"/>
  </mem-info>
</gc-start>
<allocation-stats totalBytes="69154528" >
  <allocated-bytes non-tlh="0" tlh="69154528" arrayletleaf="0"/>
  <largest-consumer threadName="main" threadId="0000000001E02F00" bytes="69154528" />
</allocation-stats>
<gc-op id="2766" type="copy forward" timems="9.934" contextid="2763" timestamp="2019-08-11T06:21:03.980">
  <memory-copied type="eden" objects="29" bytes="1336" bytesdiscarded="696" />
  <memory-copied type="other" objects="18" bytes="408" bytesdiscarded="1416" />
  <memory-cardclean objects="61" bytes="2120" />
  <regions eden="33" other="2" />
  <remembered-set-cleared processed="698" cleared="5" durationms="0.184" />
  <stringconstants candidates="13661" cleared="0"  />
</gc-op>
<gc-op id="2767" type="classunload" timems="0.008" contextid="2763" timestamp="2019-08-11T06:21:03.980">
  <classunload-info classloadercandidates="53" classloadersunloaded="0" classesunloaded="0" anonymousclassesunloaded="0" quiescems="0.000" setupms="0.008" scanms="0.000" postms="0.000" />
</gc-op>
<heap-resize id="2768" type="expand" space="default" amount="6291456" count="1" timems="0.088" reason="excessive time being spent in gc" timestamp="2019-08-11T06:21:03.980" />
<gc-end id="2769" type="partial gc" contextid="2763" durationms="11.156" usertimems="25.679" systemtimems="0.000" timestamp="2019-08-11T06:21:03.980" activeThreads="16">
  <mem-info id="2770" free="155189248" total="257949696" percent="60">
    <mem type="eden" free="2095120" total="2097152" percent="99" />
    <remembered-set count="6048" freebytes="10288128" totalbytes="10312320" percent="99" regionsoverflowed="0" regionsstable="9" regionsrebuilding="0"/>
  </mem-info>
</gc-end>
<cycle-end id="2771" type="partial gc" contextid="2763" timestamp="2019-08-11T06:21:03.980" />
  <attribute name="elasticGC enabled" value="1" />
  <attribute name= "numThreadsSpecified" value="16" />
  <attribute name="heapSize specified" value="0" />
  <attribute name="Current GC Util" value="203" />
  <attribute name= "Current Time Running" value="175163" />
  <attribute name ="GC Interval" value="0" />
  <attribute name="ProportionalT" value="61.500000" />
  <attribute name="ProportionalI" value="61.500000" />
  <attribute name="ProportionalH" value="61.500000" />
  <attribute name="Current Error" value="123.000000" />
  <attribute name="IntegralT" value="61.500000" />
  <attribute name="IntegralI" value="61.500000" />
  <attribute name="IntegralH" value="61.500000" />
  <attribute name="DerivativeT" value="123.000000" />
  <attribute name="DerivativeI" value="123.000000" />
  <attribute name="DerivativeH" value="123.000000" />
  <attribute name="Loop Time for DT" value="1.000000" />
  <attribute name="Output H" value="8388608"/>
  <attribute name="Output I" value="248"/>
  <attribute name="Output T" value="16"/>
  <attribute name="Target GC Util Change" value ="80.000000" />
  <attribute name="Current GC Util Change" value="203.000000"/>
  <attribute name="GC Util currently" value="203" />
  <attribute name="CPU Util currently" value="1860501991556" />
<exclusive-end id="2772" timestamp="2019-08-11T06:21:03.981" durationms="11.732" />

<exclusive-start id="2773" timestamp="2019-08-11T06:21:04.088" intervalms="118.859">
  <response-info timems="0.017" idlems="0.017" threads="0" lastid="0000000001E02F00" lastname="main" />
</exclusive-start>
<allocation-taxation id="2774" taxation-threshold="71303168" timestamp="2019-08-11T06:21:04.088" intervalms="118.858" />
<cycle-start id="2775" type="partial gc" contextid="0" timestamp="2019-08-11T06:21:04.088" intervalms="118.878" />
<gc-start id="2776" type="partial gc" contextid="2775" timestamp="2019-08-11T06:21:04.088">
  <mem-info id="2777" free="83886080" total="257949696" percent="32">
    <mem type="eden" free="0" total="71303168" percent="0" />
    <remembered-set count="5568" freebytes="10290048" totalbytes="10312320" percent="99" regionsoverflowed="0" regionsstable="9" regionsrebuilding="0"/>
  </mem-info>
</gc-start>
<allocation-stats totalBytes="71191096" >
  <allocated-bytes non-tlh="0" tlh="71191096" arrayletleaf="0"/>
  <largest-consumer threadName="main" threadId="0000000001E02F00" bytes="71191096" />
</allocation-stats>
<gc-op id="2778" type="copy forward" timems="11.648" contextid="2775" timestamp="2019-08-11T06:21:04.101">
  <memory-copied type="eden" objects="36" bytes="6200" bytesdiscarded="696" />
  <memory-copied type="other" objects="18" bytes="408" bytesdiscarded="736" />
  <memory-cardclean objects="83" bytes="2744" />
  <regions eden="34" other="2" />
  <remembered-set-cleared processed="700" cleared="9" durationms="0.148" />
  <stringconstants candidates="13661" cleared="0"  />
</gc-op>
<gc-op id="2779" type="classunload" timems="0.008" contextid="2775" timestamp="2019-08-11T06:21:04.101">
  <classunload-info classloadercandidates="53" classloadersunloaded="0" classesunloaded="0" anonymousclassesunloaded="0" quiescems="0.000" setupms="0.008" scanms="0.000" postms="0.000" />
</gc-op>
<gc-end id="2780" type="partial gc" contextid="2775" durationms="13.139" usertimems="24.064" systemtimems="0.000" timestamp="2019-08-11T06:21:04.101" activeThreads="16">
  <mem-info id="2781" free="153092096" total="257949696" percent="59">
    <mem type="eden" free="2090256" total="2097152" percent="99" />
    <remembered-set count="5024" freebytes="10292224" totalbytes="10312320" percent="99" regionsoverflowed="0" regionsstable="9" regionsrebuilding="0"/>
  </mem-info>
</gc-end>
<cycle-end id="2782" type="partial gc" contextid="2775" timestamp="2019-08-11T06:21:04.101" />
  <attribute name="elasticGC enabled" value="1" />
  <attribute name= "numThreadsSpecified" value="16" />
  <attribute name="heapSize specified" value="0" />
  <attribute name="Current GC Util" value="102" />
  <attribute name= "Current Time Running" value="175282" />
  <attribute name ="GC Interval" value="0" />
  <attribute name="ProportionalT" value="11.000000" />
  <attribute name="ProportionalI" value="11.000000" />
  <attribute name="ProportionalH" value="11.000000" />
  <attribute name="Current Error" value="22.000000" />
  <attribute name="IntegralT" value="11.000000" />
  <attribute name="IntegralI" value="11.000000" />
  <attribute name="IntegralH" value="11.000000" />
  <attribute name="DerivativeT" value="22.000000" />
  <attribute name="DerivativeI" value="22.000000" />
  <attribute name="DerivativeH" value="22.000000" />
  <attribute name="Loop Time for DT" value="1.000000" />
  <attribute name="Output H" value="8388608"/>
  <attribute name="Output I" value="200"/>
  <attribute name="Output T" value="16"/>
  <attribute name="Target GC Util Change" value ="80.000000" />
  <attribute name="Current GC Util Change" value="102.000000"/>
  <attribute name="GC Util currently" value="102" />
  <attribute name="CPU Util currently" value="1105663199077" />
<exclusive-end id="2783" timestamp="2019-08-11T06:21:04.102" durationms="13.822" />

<exclusive-start id="2784" timestamp="2019-08-11T06:21:04.250" intervalms="161.868">
  <response-info timems="0.026" idlems="0.026" threads="0" lastid="0000000001E02F00" lastname="main" />
</exclusive-start>
<allocation-taxation id="2785" taxation-threshold="71303168" timestamp="2019-08-11T06:21:04.250" intervalms="161.910" />
<cycle-start id="2786" type="partial gc" contextid="0" timestamp="2019-08-11T06:21:04.250" intervalms="161.919" />
<gc-start id="2787" type="partial gc" contextid="2786" timestamp="2019-08-11T06:21:04.250">
  <mem-info id="2788" free="81788928" total="257949696" percent="31">
    <mem type="eden" free="0" total="71303168" percent="0" />
    <remembered-set count="4832" freebytes="10292992" totalbytes="10312320" percent="99" regionsoverflowed="0" regionsstable="9" regionsrebuilding="0"/>
  </mem-info>
</gc-start>
<allocation-stats totalBytes="71278456" >
  <allocated-bytes non-tlh="0" tlh="71278456" arrayletleaf="0"/>
  <largest-consumer threadName="main" threadId="0000000001E02F00" bytes="71278456" />
</allocation-stats>
<gc-op id="2789" type="copy forward" timems="7.466" contextid="2786" timestamp="2019-08-11T06:21:04.258">
  <memory-copied type="eden" objects="39" bytes="1264" bytesdiscarded="600" />
  <memory-copied type="other" objects="12" bytes="272" bytesdiscarded="1344" />
  <memory-cardclean objects="81" bytes="2704" />
  <regions eden="34" other="2" />
  <remembered-set-cleared processed="702" cleared="9" durationms="0.133" />
  <stringconstants candidates="13661" cleared="0"  />
</gc-op>
<gc-op id="2790" type="classunload" timems="0.010" contextid="2786" timestamp="2019-08-11T06:21:04.259">
  <classunload-info classloadercandidates="53" classloadersunloaded="0" classesunloaded="0" anonymousclassesunloaded="0" quiescems="0.000" setupms="0.010" scanms="0.000" postms="0.000" />
</gc-op>
<gc-end id="2791" type="partial gc" contextid="2786" durationms="8.564" usertimems="19.763" systemtimems="0.000" timestamp="2019-08-11T06:21:04.259" activeThreads="16">
  <mem-info id="2792" free="150994944" total="257949696" percent="58">
    <mem type="eden" free="2095288" total="2097152" percent="99" />
    <remembered-set count="5088" freebytes="10291968" totalbytes="10312320" percent="99" regionsoverflowed="0" regionsstable="9" regionsrebuilding="0"/>
  </mem-info>
</gc-end>
<cycle-end id="2793" type="partial gc" contextid="2786" timestamp="2019-08-11T06:21:04.259" />
  <attribute name="elasticGC enabled" value="1" />
  <attribute name= "numThreadsSpecified" value="16" />
  <attribute name="heapSize specified" value="0" />
  <attribute name="Current GC Util" value="185" />
  <attribute name= "Current Time Running" value="175444" />
  <attribute name ="GC Interval" value="0" />
  <attribute name="ProportionalT" value="52.500000" />
  <attribute name="ProportionalI" value="52.500000" />
  <attribute name="ProportionalH" value="52.500000" />
  <attribute name="Current Error" value="105.000000" />
  <attribute name="IntegralT" value="52.500000" />
  <attribute name="IntegralI" value="52.500000" />
  <attribute name="IntegralH" value="52.500000" />
  <attribute name="DerivativeT" value="105.000000" />
  <attribute name="DerivativeI" value="105.000000" />
  <attribute name="DerivativeH" value="105.000000" />
  <attribute name="Loop Time for DT" value="1.000000" />
  <attribute name="Output H" value="8388608"/>
  <attribute name="Output I" value="216"/>
  <attribute name="Output T" value="16"/>
  <attribute name="Target GC Util Change" value ="80.000000" />
  <attribute name="Current GC Util Change" value="185.000000"/>
  <attribute name="GC Util currently" value="185" />
  <attribute name="CPU Util currently" value="1795545335261" />
<exclusive-end id="2794" timestamp="2019-08-11T06:21:04.259" durationms="9.351" />

<exclusive-start id="2795" timestamp="2019-08-11T06:21:04.397" intervalms="147.894">
  <response-info timems="0.019" idlems="0.019" threads="0" lastid="0000000001E02F00" lastname="main" />
</exclusive-start>
<allocation-taxation id="2796" taxation-threshold="71303168" timestamp="2019-08-11T06:21:04.398" intervalms="147.848" />
<cycle-start id="2797" type="partial gc" contextid="0" timestamp="2019-08-11T06:21:04.398" intervalms="147.804" />
<gc-start id="2798" type="partial gc" contextid="2797" timestamp="2019-08-11T06:21:04.398">
  <mem-info id="2799" free="79691776" total="257949696" percent="30">
    <mem type="eden" free="0" total="71303168" percent="0" />
    <remembered-set count="4608" freebytes="10293888" totalbytes="10312320" percent="99" regionsoverflowed="0" regionsstable="9" regionsrebuilding="0"/>
  </mem-info>
</gc-start>
<allocation-stats totalBytes="71289936" >
  <allocated-bytes non-tlh="0" tlh="71289936" arrayletleaf="0"/>
  <largest-consumer threadName="main" threadId="0000000001E02F00" bytes="71289936" />
</allocation-stats>
<gc-op id="2800" type="copy forward" timems="1.402" contextid="2797" timestamp="2019-08-11T06:21:04.400">
  <memory-copied type="eden" objects="5" bytes="240" bytesdiscarded="0" />
  <memory-copied type="other" objects="32" bytes="936" bytesdiscarded="0" />
  <memory-cardclean objects="51" bytes="2000" />
  <regions eden="34" other="2" />
  <remembered-set-cleared processed="704" cleared="4" durationms="0.281" />
  <stringconstants candidates="13661" cleared="0"  />
</gc-op>
<gc-op id="2801" type="classunload" timems="0.003" contextid="2797" timestamp="2019-08-11T06:21:04.400">
  <classunload-info classloadercandidates="53" classloadersunloaded="0" classesunloaded="0" anonymousclassesunloaded="0" quiescems="0.000" setupms="0.003" scanms="0.000" postms="0.000" />
</gc-op>
<gc-end id="2802" type="partial gc" contextid="2797" durationms="2.347" usertimems="3.410" systemtimems="0.000" timestamp="2019-08-11T06:21:04.400" activeThreads="1">
  <mem-info id="2803" free="148897792" total="257949696" percent="57">
    <mem type="eden" free="2096912" total="2097152" percent="99" />
    <remembered-set count="4864" freebytes="10292864" totalbytes="10312320" percent="99" regionsoverflowed="0" regionsstable="9" regionsrebuilding="0"/>
  </mem-info>
</gc-end>
<cycle-end id="2804" type="partial gc" contextid="2797" timestamp="2019-08-11T06:21:04.400" />
  <attribute name="elasticGC enabled" value="1" />
  <attribute name= "numThreadsSpecified" value="1" />
  <attribute name="heapSize specified" value="0" />
  <attribute name="Current GC Util" value="153" />
  <attribute name= "Current Time Running" value="175591" />
  <attribute name ="GC Interval" value="0" />
  <attribute name="ProportionalT" value="36.500000" />
  <attribute name="ProportionalI" value="36.500000" />
  <attribute name="ProportionalH" value="36.500000" />
  <attribute name="Current Error" value="73.000000" />
  <attribute name="IntegralT" value="0.000000" />
  <attribute name="IntegralI" value="0.000000" />
  <attribute name="IntegralH" value="0.000000" />
  <attribute name="DerivativeT" value="inf" />
  <attribute name="DerivativeI" value="inf" />
  <attribute name="DerivativeH" value="inf" />
  <attribute name="Loop Time for DT" value="0.000000" />
  <attribute name="Output H" value="8388608"/>
  <attribute name="Output I" value="200"/>
  <attribute name="Output T" value="1"/>
  <attribute name="Target GC Util Change" value ="80.000000" />
  <attribute name="Current GC Util Change" value="153.000000"/>
  <attribute name="GC Util currently" value="153" />
  <attribute name="CPU Util currently" value="2054261600673" />
<exclusive-end id="2805" timestamp="2019-08-11T06:21:04.400" durationms="2.956" />

<exclusive-start id="2806" timestamp="2019-08-11T06:21:04.545" intervalms="147.666">
  <response-info timems="0.025" idlems="0.025" threads="0" lastid="0000000001E02F00" lastname="main" />
</exclusive-start>
<allocation-taxation id="2807" taxation-threshold="71303168" timestamp="2019-08-11T06:21:04.545" intervalms="147.669" />
<cycle-start id="2808" type="partial gc" contextid="0" timestamp="2019-08-11T06:21:04.545" intervalms="147.669" />
<gc-start id="2809" type="partial gc" contextid="2808" timestamp="2019-08-11T06:21:04.546">
  <mem-info id="2810" free="77594624" total="257949696" percent="30">
    <mem type="eden" free="2096912" total="73400320" percent="2" />
    <remembered-set count="4512" freebytes="10294272" totalbytes="10312320" percent="99" regionsoverflowed="0" regionsstable="9" regionsrebuilding="0"/>
  </mem-info>
</gc-start>
<allocation-stats totalBytes="71290168" >
  <allocated-bytes non-tlh="0" tlh="71290168" arrayletleaf="0"/>
  <largest-consumer threadName="main" threadId="0000000001E02F00" bytes="71290168" />
</allocation-stats>
<gc-op id="2811" type="copy forward" timems="7.730" contextid="2808" timestamp="2019-08-11T06:21:04.554">
  <memory-copied type="eden" objects="5" bytes="240" bytesdiscarded="0" />
  <memory-copied type="other" objects="26" bytes="800" bytesdiscarded="600" />
  <memory-cardclean objects="43" bytes="1792" />
  <regions eden="34" other="2" />
  <remembered-set-cleared processed="706" cleared="4" durationms="0.126" />
  <stringconstants candidates="13661" cleared="0"  />
</gc-op>
<gc-op id="2812" type="classunload" timems="0.008" contextid="2808" timestamp="2019-08-11T06:21:04.554">
  <classunload-info classloadercandidates="53" classloadersunloaded="0" classesunloaded="0" anonymousclassesunloaded="0" quiescems="0.000" setupms="0.008" scanms="0.000" postms="0.000" />
</gc-op>
<gc-end id="2813" type="partial gc" contextid="2808" durationms="8.717" usertimems="20.163" systemtimems="0.000" timestamp="2019-08-11T06:21:04.554" activeThreads="16">
  <mem-info id="2814" free="148897792" total="257949696" percent="57">
    <mem type="eden" free="2096912" total="2097152" percent="99" />
    <remembered-set count="5344" freebytes="10290944" totalbytes="10312320" percent="99" regionsoverflowed="0" regionsstable="9" regionsrebuilding="0"/>
  </mem-info>
</gc-end>
<cycle-end id="2815" type="partial gc" contextid="2808" timestamp="2019-08-11T06:21:04.554" />
  <attribute name="elasticGC enabled" value="1" />
  <attribute name= "numThreadsSpecified" value="16" />
  <attribute name="heapSize specified" value="0" />
  <attribute name="Current GC Util" value="239" />
  <attribute name= "Current Time Running" value="175739" />
  <attribute name ="GC Interval" value="0" />
  <attribute name="ProportionalT" value="79.500000" />
  <attribute name="ProportionalI" value="79.500000" />
  <attribute name="ProportionalH" value="79.500000" />
  <attribute name="Current Error" value="159.000000" />
  <attribute name="IntegralT" value="79.500000" />
  <attribute name="IntegralI" value="79.500000" />
  <attribute name="IntegralH" value="79.500000" />
  <attribute name="DerivativeT" value="159.000000" />
  <attribute name="DerivativeI" value="159.000000" />
  <attribute name="DerivativeH" value="159.000000" />
  <attribute name="Loop Time for DT" value="1.000000" />
  <attribute name="Output H" value="8388608"/>
  <attribute name="Output I" value="320"/>
  <attribute name="Output T" value="16"/>
  <attribute name="Target GC Util Change" value ="80.000000" />
  <attribute name="Current GC Util Change" value="239.000000"/>
  <attribute name="GC Util currently" value="239" />
  <attribute name="CPU Util currently" value="2243557273316" />
<exclusive-end id="2816" timestamp="2019-08-11T06:21:04.554" durationms="9.283" />

<exclusive-start id="2817" timestamp="2019-08-11T06:21:04.604" intervalms="58.527">
  <response-info timems="0.019" idlems="0.019" threads="0" lastid="0000000001E02F00" lastname="main" />
</exclusive-start>
<allocation-taxation id="2818" taxation-threshold="71303168" timestamp="2019-08-11T06:21:04.604" intervalms="58.526" />
<cycle-start id="2819" type="partial gc" contextid="0" timestamp="2019-08-11T06:21:04.604" intervalms="58.560" />
<gc-start id="2820" type="partial gc" contextid="2819" timestamp="2019-08-11T06:21:04.604">
  <mem-info id="2821" free="77594624" total="257949696" percent="30">
    <mem type="eden" free="2096912" total="73400320" percent="2" />
    <remembered-set count="4896" freebytes="10292736" totalbytes="10312320" percent="99" regionsoverflowed="0" regionsstable="9" regionsrebuilding="0"/>
  </mem-info>
</gc-start>
<allocation-stats totalBytes="71221992" >
  <allocated-bytes non-tlh="0" tlh="71221992" arrayletleaf="0"/>
  <largest-consumer threadName="main" threadId="0000000001E02F00" bytes="71221992" />
</allocation-stats>
<gc-op id="2822" type="copy forward" timems="7.357" contextid="2819" timestamp="2019-08-11T06:21:04.612">
  <memory-copied type="eden" objects="25" bytes="1320" bytesdiscarded="696" />
  <memory-copied type="other" objects="12" bytes="272" bytesdiscarded="576" />
  <memory-cardclean objects="55" bytes="2024" />
  <regions eden="34" other="2" />
  <remembered-set-cleared processed="706" cleared="4" durationms="0.114" />
  <stringconstants candidates="13661" cleared="0"  />
</gc-op>
<gc-op id="2823" type="classunload" timems="0.008" contextid="2819" timestamp="2019-08-11T06:21:04.612">
  <classunload-info classloadercandidates="53" classloadersunloaded="0" classesunloaded="0" anonymousclassesunloaded="0" quiescems="0.000" setupms="0.008" scanms="0.000" postms="0.000" />
</gc-op>
<gc-end id="2824" type="partial gc" contextid="2819" durationms="8.448" usertimems="20.109" systemtimems="0.000" timestamp="2019-08-11T06:21:04.613" activeThreads="16">
  <mem-info id="2825" free="148897792" total="257949696" percent="57">
    <mem type="eden" free="2095136" total="2097152" percent="99" />
    <remembered-set count="5344" freebytes="10290944" totalbytes="10312320" percent="99" regionsoverflowed="0" regionsstable="9" regionsrebuilding="0"/>
  </mem-info>
</gc-end>
<cycle-end id="2826" type="partial gc" contextid="2819" timestamp="2019-08-11T06:21:04.613" />
  <attribute name="elasticGC enabled" value="1" />
  <attribute name= "numThreadsSpecified" value="16" />
  <attribute name="heapSize specified" value="0" />
  <attribute name="Current GC Util" value="220" />
  <attribute name= "Current Time Running" value="175798" />
  <attribute name ="GC Interval" value="0" />
  <attribute name="ProportionalT" value="70.000000" />
  <attribute name="ProportionalI" value="70.000000" />
  <attribute name="ProportionalH" value="70.000000" />
  <attribute name="Current Error" value="140.000000" />
  <attribute name="IntegralT" value="70.000000" />
  <attribute name="IntegralI" value="70.000000" />
  <attribute name="IntegralH" value="70.000000" />
  <attribute name="DerivativeT" value="140.000000" />
  <attribute name="DerivativeI" value="140.000000" />
  <attribute name="DerivativeH" value="140.000000" />
  <attribute name="Loop Time for DT" value="1.000000" />
  <attribute name="Output H" value="8388608"/>
  <attribute name="Output I" value="280"/>
  <attribute name="Output T" value="16"/>
  <attribute name="Target GC Util Change" value ="80.000000" />
  <attribute name="Current GC Util Change" value="220.000000"/>
  <attribute name="GC Util currently" value="220" />
  <attribute name="CPU Util currently" value="1735854315464" />
<exclusive-end id="2827" timestamp="2019-08-11T06:21:04.613" durationms="9.069" />

<exclusive-start id="2828" timestamp="2019-08-11T06:21:04.639" intervalms="35.175">
  <response-info timems="0.022" idlems="0.022" threads="0" lastid="0000000001E02F00" lastname="main" />
</exclusive-start>
<allocation-taxation id="2829" taxation-threshold="71303168" timestamp="2019-08-11T06:21:04.639" intervalms="35.174" />
<cycle-start id="2830" type="partial gc" contextid="0" timestamp="2019-08-11T06:21:04.639" intervalms="35.126" />
<gc-start id="2831" type="partial gc" contextid="2830" timestamp="2019-08-11T06:21:04.639">
  <mem-info id="2832" free="77594624" total="257949696" percent="30">
    <mem type="eden" free="0" total="71303168" percent="0" />
    <remembered-set count="4896" freebytes="10292736" totalbytes="10312320" percent="99" regionsoverflowed="0" regionsstable="9" regionsrebuilding="0"/>
  </mem-info>
</gc-start>
<allocation-stats totalBytes="71204808" >
  <allocated-bytes non-tlh="0" tlh="71204808" arrayletleaf="0"/>
  <largest-consumer threadName="main" threadId="0000000001E02F00" bytes="71204808" />
</allocation-stats>
<gc-op id="2833" type="copy forward" timems="7.416" contextid="2830" timestamp="2019-08-11T06:21:04.647">
  <memory-copied type="eden" objects="4" bytes="112" bytesdiscarded="680" />
  <memory-copied type="other" objects="33" bytes="1480" bytesdiscarded="1848" />
  <memory-cardclean objects="46" bytes="1864" />
  <regions eden="34" other="2" />
  <remembered-set-cleared processed="706" cleared="4" durationms="0.117" />
  <stringconstants candidates="13661" cleared="0"  />
</gc-op>
<gc-op id="2834" type="classunload" timems="0.009" contextid="2830" timestamp="2019-08-11T06:21:04.648">
  <classunload-info classloadercandidates="53" classloadersunloaded="0" classesunloaded="0" anonymousclassesunloaded="0" quiescems="0.000" setupms="0.009" scanms="0.000" postms="0.000" />
</gc-op>
<gc-end id="2835" type="partial gc" contextid="2830" durationms="8.501" usertimems="19.466" systemtimems="0.000" timestamp="2019-08-11T06:21:04.648" activeThreads="16">
  <mem-info id="2836" free="146800640" total="257949696" percent="56">
    <mem type="eden" free="2096360" total="2097152" percent="99" />
    <remembered-set count="6368" freebytes="10286848" totalbytes="10312320" percent="99" regionsoverflowed="0" regionsstable="9" regionsrebuilding="0"/>
  </mem-info>
</gc-end>
<cycle-end id="2837" type="partial gc" contextid="2830" timestamp="2019-08-11T06:21:04.648" />
  <attribute name="elasticGC enabled" value="1" />
  <attribute name= "numThreadsSpecified" value="16" />
  <attribute name="heapSize specified" value="0" />
  <attribute name="Current GC Util" value="194" />
  <attribute name= "Current Time Running" value="175833" />
  <attribute name ="GC Interval" value="0" />
  <attribute name="ProportionalT" value="57.000000" />
  <attribute name="ProportionalI" value="57.000000" />
  <attribute name="ProportionalH" value="57.000000" />
  <attribute name="Current Error" value="114.000000" />
  <attribute name="IntegralT" value="57.000000" />
  <attribute name="IntegralI" value="57.000000" />
  <attribute name="IntegralH" value="57.000000" />
  <attribute name="DerivativeT" value="114.000000" />
  <attribute name="DerivativeI" value="114.000000" />
  <attribute name="DerivativeH" value="114.000000" />
  <attribute name="Loop Time for DT" value="1.000000" />
  <attribute name="Output H" value="8388608"/>
  <attribute name="Output I" value="232"/>
  <attribute name="Output T" value="16"/>
  <attribute name="Target GC Util Change" value ="80.000000" />
  <attribute name="Current GC Util Change" value="194.000000"/>
  <attribute name="GC Util currently" value="194" />
  <attribute name="CPU Util currently" value="1742352252532" />
<exclusive-end id="2838" timestamp="2019-08-11T06:21:04.648" durationms="9.021" />

* Round 2 done in 3.745 seconds.
<exclusive-start id="2839" timestamp="2019-08-11T06:21:04.681" intervalms="42.435">
  <response-info timems="0.021" idlems="0.021" threads="0" lastid="0000000001E02F00" lastname="main" />
</exclusive-start>
<allocation-taxation id="2840" taxation-threshold="71303168" timestamp="2019-08-11T06:21:04.681" intervalms="42.442" />
<cycle-start id="2841" type="partial gc" contextid="0" timestamp="2019-08-11T06:21:04.682" intervalms="42.556" />
<gc-start id="2842" type="partial gc" contextid="2841" timestamp="2019-08-11T06:21:04.682">
  <mem-info id="2843" free="75497472" total="257949696" percent="29">
    <mem type="eden" free="2096360" total="73400320" percent="2" />
    <remembered-set count="5888" freebytes="10288768" totalbytes="10312320" percent="99" regionsoverflowed="0" regionsstable="9" regionsrebuilding="0"/>
  </mem-info>
</gc-start>
<allocation-stats totalBytes="71225000" >
  <allocated-bytes non-tlh="0" tlh="71225000" arrayletleaf="0"/>
  <largest-consumer threadName="main" threadId="0000000001E02F00" bytes="71225000" />
</allocation-stats>
<gc-op id="2844" type="copy forward" timems="1.425" contextid="2841" timestamp="2019-08-11T06:21:04.684">
  <memory-copied type="eden" objects="24" bytes="912" bytesdiscarded="0" />
  <memory-copied type="other" objects="6" bytes="136" bytesdiscarded="0" />
  <memory-cardclean objects="72" bytes="2624" />
  <regions eden="34" other="2" />
  <remembered-set-cleared processed="708" cleared="6" durationms="0.286" />
  <stringconstants candidates="13661" cleared="0"  />
</gc-op>
<gc-op id="2845" type="classunload" timems="0.004" contextid="2841" timestamp="2019-08-11T06:21:04.684">
  <classunload-info classloadercandidates="53" classloadersunloaded="0" classesunloaded="0" anonymousclassesunloaded="0" quiescems="0.000" setupms="0.004" scanms="0.000" postms="0.000" />
</gc-op>
<heap-resize id="2846" type="expand" space="default" amount="20971520" count="1" timems="0.127" reason="excessive time being spent in gc" timestamp="2019-08-11T06:21:04.685" />
<gc-end id="2847" type="partial gc" contextid="2841" durationms="2.679" usertimems="3.483" systemtimems="0.000" timestamp="2019-08-11T06:21:04.685" activeThreads="1">
  <mem-info id="2848" free="167772160" total="278921216" percent="60">
    <mem type="eden" free="2096240" total="2097152" percent="99" />
    <remembered-set count="6112" freebytes="11126272" totalbytes="11150720" percent="99" regionsoverflowed="0" regionsstable="9" regionsrebuilding="0"/>
  </mem-info>
</gc-end>
<cycle-end id="2849" type="partial gc" contextid="2841" timestamp="2019-08-11T06:21:04.685" />
  <attribute name="elasticGC enabled" value="1" />
  <attribute name= "numThreadsSpecified" value="1" />
  <attribute name="heapSize specified" value="0" />
  <attribute name="Current GC Util" value="118" />
  <attribute name= "Current Time Running" value="175875" />
  <attribute name ="GC Interval" value="0" />
  <attribute name="ProportionalT" value="19.000000" />
  <attribute name="ProportionalI" value="19.000000" />
  <attribute name="ProportionalH" value="19.000000" />
  <attribute name="Current Error" value="38.000000" />
  <attribute name="IntegralT" value="0.000000" />
  <attribute name="IntegralI" value="0.000000" />
  <attribute name="IntegralH" value="0.000000" />
  <attribute name="DerivativeT" value="inf" />
  <attribute name="DerivativeI" value="inf" />
  <attribute name="DerivativeH" value="inf" />
  <attribute name="Loop Time for DT" value="0.000000" />
  <attribute name="Output H" value="8388608"/>
  <attribute name="Output I" value="200"/>
  <attribute name="Output T" value="1"/>
  <attribute name="Target GC Util Change" value ="80.000000" />
  <attribute name="Current GC Util Change" value="118.000000"/>
  <attribute name="GC Util currently" value="118" />
  <attribute name="CPU Util currently" value="1674910735252" />
<exclusive-end id="2850" timestamp="2019-08-11T06:21:04.685" durationms="3.602" />

<exclusive-start id="2851" timestamp="2019-08-11T06:21:04.942" intervalms="260.251">
  <response-info timems="0.017" idlems="0.017" threads="0" lastid="0000000001E02F00" lastname="main" />
</exclusive-start>
<allocation-taxation id="2852" taxation-threshold="77594624" timestamp="2019-08-11T06:21:04.942" intervalms="260.249" />
<cycle-start id="2853" type="partial gc" contextid="0" timestamp="2019-08-11T06:21:04.942" intervalms="260.162" />
<gc-start id="2854" type="partial gc" contextid="2853" timestamp="2019-08-11T06:21:04.942">
  <mem-info id="2855" free="90177536" total="278921216" percent="32">
    <mem type="eden" free="0" total="77594624" percent="0" />
    <remembered-set count="5728" freebytes="11127808" totalbytes="11150720" percent="99" regionsoverflowed="0" regionsstable="9" regionsrebuilding="0"/>
  </mem-info>
</gc-start>
<allocation-stats totalBytes="77462944" >
  <allocated-bytes non-tlh="0" tlh="77462944" arrayletleaf="0"/>
  <largest-consumer threadName="main" threadId="0000000001E02F00" bytes="77462944" />
</allocation-stats>
<gc-op id="2856" type="copy forward" timems="8.968" contextid="2853" timestamp="2019-08-11T06:21:04.952">
  <memory-copied type="eden" objects="74" bytes="3048" bytesdiscarded="432" />
  <memory-copied type="other" objects="19" bytes="632" bytesdiscarded="1296" />
  <memory-cardclean objects="144" bytes="4528" />
  <regions eden="37" other="2" />
  <remembered-set-cleared processed="707" cleared="15" durationms="0.124" />
  <stringconstants candidates="13661" cleared="0"  />
</gc-op>
<gc-op id="2857" type="classunload" timems="0.007" contextid="2853" timestamp="2019-08-11T06:21:04.952">
  <classunload-info classloadercandidates="53" classloadersunloaded="0" classesunloaded="0" anonymousclassesunloaded="0" quiescems="0.000" setupms="0.007" scanms="0.000" postms="0.000" />
</gc-op>
<gc-end id="2858" type="partial gc" contextid="2853" durationms="10.360" usertimems="20.418" systemtimems="0.000" timestamp="2019-08-11T06:21:04.952" activeThreads="16">
  <mem-info id="2859" free="165675008" total="278921216" percent="59">
    <mem type="eden" free="2093672" total="2097152" percent="99" />
    <remembered-set count="5696" freebytes="11127936" totalbytes="11150720" percent="99" regionsoverflowed="0" regionsstable="9" regionsrebuilding="0"/>
  </mem-info>
</gc-end>
<cycle-end id="2860" type="partial gc" contextid="2853" timestamp="2019-08-11T06:21:04.952" />
  <attribute name="elasticGC enabled" value="1" />
  <attribute name= "numThreadsSpecified" value="16" />
  <attribute name="heapSize specified" value="0" />
  <attribute name="Current GC Util" value="126" />
  <attribute name= "Current Time Running" value="176136" />
  <attribute name ="GC Interval" value="0" />
  <attribute name="ProportionalT" value="23.000000" />
  <attribute name="ProportionalI" value="23.000000" />
  <attribute name="ProportionalH" value="23.000000" />
  <attribute name="Current Error" value="46.000000" />
  <attribute name="IntegralT" value="23.000000" />
  <attribute name="IntegralI" value="23.000000" />
  <attribute name="IntegralH" value="23.000000" />
  <attribute name="DerivativeT" value="46.000000" />
  <attribute name="DerivativeI" value="46.000000" />
  <attribute name="DerivativeH" value="46.000000" />
  <attribute name="Loop Time for DT" value="1.000000" />
  <attribute name="Output H" value="8388608"/>
  <attribute name="Output I" value="200"/>
  <attribute name="Output T" value="16"/>
  <attribute name="Target GC Util Change" value ="80.000000" />
  <attribute name="Current GC Util Change" value="126.000000"/>
  <attribute name="GC Util currently" value="126" />
  <attribute name="CPU Util currently" value="1254133816128" />
<exclusive-end id="2861" timestamp="2019-08-11T06:21:04.952" durationms="10.938" />

<exclusive-start id="2862" timestamp="2019-08-11T06:21:04.978" intervalms="36.141">
  <response-info timems="0.018" idlems="0.018" threads="0" lastid="0000000001E02F00" lastname="main" />
</exclusive-start>
<allocation-taxation id="2863" taxation-threshold="77594624" timestamp="2019-08-11T06:21:04.978" intervalms="36.140" />
<cycle-start id="2864" type="partial gc" contextid="0" timestamp="2019-08-11T06:21:04.978" intervalms="36.222" />
<gc-start id="2865" type="partial gc" contextid="2864" timestamp="2019-08-11T06:21:04.978">
  <mem-info id="2866" free="88080384" total="278921216" percent="31">
    <mem type="eden" free="0" total="77594624" percent="0" />
    <remembered-set count="5216" freebytes="11129856" totalbytes="11150720" percent="99" regionsoverflowed="0" regionsstable="9" regionsrebuilding="0"/>
  </mem-info>
</gc-start>
<allocation-stats totalBytes="77328752" >
  <allocated-bytes non-tlh="0" tlh="77328752" arrayletleaf="0"/>
  <largest-consumer threadName="main" threadId="0000000001E02F00" bytes="77328752" />
</allocation-stats>
<gc-op id="2867" type="copy forward" timems="8.072" contextid="2864" timestamp="2019-08-11T06:21:04.987">
  <memory-copied type="eden" objects="2" bytes="56" bytesdiscarded="736" />
  <memory-copied type="other" objects="86" bytes="3512" bytesdiscarded="1448" />
  <memory-cardclean objects="107" bytes="3880" />
  <regions eden="37" other="2" />
  <remembered-set-cleared processed="705" cleared="11" durationms="0.123" />
  <stringconstants candidates="13661" cleared="0"  />
</gc-op>
<gc-op id="2868" type="classunload" timems="0.008" contextid="2864" timestamp="2019-08-11T06:21:04.987">
  <classunload-info classloadercandidates="53" classloadersunloaded="0" classesunloaded="0" anonymousclassesunloaded="0" quiescems="0.000" setupms="0.007" scanms="0.000" postms="0.000" />
</gc-op>
<gc-end id="2869" type="partial gc" contextid="2864" durationms="9.109" usertimems="19.836" systemtimems="0.000" timestamp="2019-08-11T06:21:04.987" activeThreads="16">
  <mem-info id="2870" free="163577856" total="278921216" percent="58">
    <mem type="eden" free="2096360" total="2097152" percent="99" />
    <remembered-set count="6240" freebytes="11125760" totalbytes="11150720" percent="99" regionsoverflowed="0" regionsstable="9" regionsrebuilding="0"/>
  </mem-info>
</gc-end>
<cycle-end id="2871" type="partial gc" contextid="2864" timestamp="2019-08-11T06:21:04.987" />
  <attribute name="elasticGC enabled" value="1" />
  <attribute name= "numThreadsSpecified" value="16" />
  <attribute name="heapSize specified" value="0" />
  <attribute name="Current GC Util" value="195" />
  <attribute name= "Current Time Running" value="176172" />
  <attribute name ="GC Interval" value="0" />
  <attribute name="ProportionalT" value="57.500000" />
  <attribute name="ProportionalI" value="57.500000" />
  <attribute name="ProportionalH" value="57.500000" />
  <attribute name="Current Error" value="115.000000" />
  <attribute name="IntegralT" value="57.500000" />
  <attribute name="IntegralI" value="57.500000" />
  <attribute name="IntegralH" value="57.500000" />
  <attribute name="DerivativeT" value="115.000000" />
  <attribute name="DerivativeI" value="115.000000" />
  <attribute name="DerivativeH" value="115.000000" />
  <attribute name="Loop Time for DT" value="1.000000" />
  <attribute name="Output H" value="8388608"/>
  <attribute name="Output I" value="232"/>
  <attribute name="Output T" value="16"/>
  <attribute name="Target GC Util Change" value ="80.000000" />
  <attribute name="Current GC Util Change" value="195.000000"/>
  <attribute name="GC Util currently" value="195" />
  <attribute name="CPU Util currently" value="1913495885842" />
<exclusive-end id="2872" timestamp="2019-08-11T06:21:04.987" durationms="9.759" />

<exclusive-start id="2873" timestamp="2019-08-11T06:21:05.014" intervalms="36.213">
  <response-info timems="0.022" idlems="0.022" threads="0" lastid="0000000001E02F00" lastname="main" />
</exclusive-start>
<allocation-taxation id="2874" taxation-threshold="77594624" timestamp="2019-08-11T06:21:05.014" intervalms="36.231" />
<cycle-start id="2875" type="partial gc" contextid="0" timestamp="2019-08-11T06:21:05.014" intervalms="36.202" />
<gc-start id="2876" type="partial gc" contextid="2875" timestamp="2019-08-11T06:21:05.014">
  <mem-info id="2877" free="85983232" total="278921216" percent="30">
    <mem type="eden" free="2096360" total="79691776" percent="2" />
    <remembered-set count="5760" freebytes="11127680" totalbytes="11150720" percent="99" regionsoverflowed="0" regionsstable="9" regionsrebuilding="0"/>
  </mem-info>
</gc-start>
<allocation-stats totalBytes="77336888" >
  <allocated-bytes non-tlh="0" tlh="77336888" arrayletleaf="0"/>
  <largest-consumer threadName="main" threadId="0000000001E02F00" bytes="77336888" />
</allocation-stats>
<gc-op id="2878" type="copy forward" timems="14.993" contextid="2875" timestamp="2019-08-11T06:21:05.030">
  <memory-copied type="eden" objects="2" bytes="56" bytesdiscarded="736" />
  <memory-copied type="other" objects="73" bytes="3016" bytesdiscarded="1000" />
  <memory-cardclean objects="73" bytes="2864" />
  <regions eden="37" other="2" />
  <remembered-set-cleared processed="708" cleared="6" durationms="0.347" />
  <stringconstants candidates="13661" cleared="0"  />
</gc-op>
<gc-op id="2879" type="classunload" timems="0.009" contextid="2875" timestamp="2019-08-11T06:21:05.030">
  <classunload-info classloadercandidates="53" classloadersunloaded="0" classesunloaded="0" anonymousclassesunloaded="0" quiescems="0.000" setupms="0.009" scanms="0.000" postms="0.000" />
</gc-op>
<gc-end id="2880" type="partial gc" contextid="2875" durationms="16.205" usertimems="32.327" systemtimems="0.000" timestamp="2019-08-11T06:21:05.031" activeThreads="16">
  <mem-info id="2881" free="163577856" total="278921216" percent="58">
    <mem type="eden" free="2096360" total="2097152" percent="99" />
    <remembered-set count="5920" freebytes="11127040" totalbytes="11150720" percent="99" regionsoverflowed="0" regionsstable="9" regionsrebuilding="0"/>
  </mem-info>
</gc-end>
<cycle-end id="2882" type="partial gc" contextid="2875" timestamp="2019-08-11T06:21:05.031" />
  <attribute name="elasticGC enabled" value="1" />
  <attribute name= "numThreadsSpecified" value="16" />
  <attribute name="heapSize specified" value="0" />
  <attribute name="Current GC Util" value="184" />
  <attribute name= "Current Time Running" value="176208" />
  <attribute name ="GC Interval" value="0" />
  <attribute name="ProportionalT" value="52.000000" />
  <attribute name="ProportionalI" value="52.000000" />
  <attribute name="ProportionalH" value="52.000000" />
  <attribute name="Current Error" value="104.000000" />
  <attribute name="IntegralT" value="52.000000" />
  <attribute name="IntegralI" value="52.000000" />
  <attribute name="IntegralH" value="52.000000" />
  <attribute name="DerivativeT" value="104.000000" />
  <attribute name="DerivativeI" value="104.000000" />
  <attribute name="DerivativeH" value="104.000000" />
  <attribute name="Loop Time for DT" value="1.000000" />
  <attribute name="Output H" value="8388608"/>
  <attribute name="Output I" value="208"/>
  <attribute name="Output T" value="16"/>
  <attribute name="Target GC Util Change" value ="80.000000" />
  <attribute name="Current GC Util Change" value="184.000000"/>
  <attribute name="GC Util currently" value="184" />
  <attribute name="CPU Util currently" value="2125024568485" />
<exclusive-end id="2883" timestamp="2019-08-11T06:21:05.031" durationms="17.056" />

<exclusive-start id="2884" timestamp="2019-08-11T06:21:05.057" intervalms="43.015">
  <response-info timems="0.019" idlems="0.019" threads="0" lastid="0000000001E02F00" lastname="main" />
</exclusive-start>
<allocation-taxation id="2885" taxation-threshold="77594624" timestamp="2019-08-11T06:21:05.057" intervalms="42.993" />
<cycle-start id="2886" type="partial gc" contextid="0" timestamp="2019-08-11T06:21:05.057" intervalms="42.926" />
<gc-start id="2887" type="partial gc" contextid="2886" timestamp="2019-08-11T06:21:05.057">
  <mem-info id="2888" free="85983232" total="278921216" percent="30">
    <mem type="eden" free="2096360" total="79691776" percent="2" />
    <remembered-set count="5440" freebytes="11128960" totalbytes="11150720" percent="99" regionsoverflowed="0" regionsstable="9" regionsrebuilding="0"/>
  </mem-info>
</gc-start>
<allocation-stats totalBytes="77336888" >
  <allocated-bytes non-tlh="0" tlh="77336888" arrayletleaf="0"/>
  <largest-consumer threadName="main" threadId="0000000001E02F00" bytes="77336888" />
</allocation-stats>
<gc-op id="2889" type="copy forward" timems="10.848" contextid="2886" timestamp="2019-08-11T06:21:05.069">
  <memory-copied type="eden" objects="2" bytes="56" bytesdiscarded="736" />
  <memory-copied type="other" objects="73" bytes="3016" bytesdiscarded="952" />
  <memory-cardclean objects="73" bytes="2864" />
  <regions eden="37" other="2" />
  <remembered-set-cleared processed="708" cleared="6" durationms="0.208" />
  <stringconstants candidates="13661" cleared="0"  />
</gc-op>
<gc-op id="2890" type="classunload" timems="0.009" contextid="2886" timestamp="2019-08-11T06:21:05.069">
  <classunload-info classloadercandidates="53" classloadersunloaded="0" classesunloaded="0" anonymousclassesunloaded="0" quiescems="0.000" setupms="0.009" scanms="0.000" postms="0.000" />
</gc-op>
<heap-resize id="2891" type="expand" space="default" amount="10485760" count="1" timems="0.093" reason="excessive time being spent in gc" timestamp="2019-08-11T06:21:05.069" />
<gc-end id="2892" type="partial gc" contextid="2886" durationms="12.138" usertimems="28.189" systemtimems="0.000" timestamp="2019-08-11T06:21:05.069" activeThreads="16">
  <mem-info id="2893" free="174063616" total="289406976" percent="60">
    <mem type="eden" free="2096360" total="2097152" percent="99" />
    <remembered-set count="5408" freebytes="11548288" totalbytes="11569920" percent="99" regionsoverflowed="0" regionsstable="9" regionsrebuilding="0"/>
  </mem-info>
</gc-end>
<cycle-end id="2894" type="partial gc" contextid="2886" timestamp="2019-08-11T06:21:05.069" />
  <attribute name="elasticGC enabled" value="1" />
  <attribute name= "numThreadsSpecified" value="16" />
  <attribute name="heapSize specified" value="0" />
  <attribute name="Current GC Util" value="179" />
  <attribute name= "Current Time Running" value="176251" />
  <attribute name ="GC Interval" value="0" />
  <attribute name="ProportionalT" value="49.500000" />
  <attribute name="ProportionalI" value="49.500000" />
  <attribute name="ProportionalH" value="49.500000" />
  <attribute name="Current Error" value="99.000000" />
  <attribute name="IntegralT" value="49.500000" />
  <attribute name="IntegralI" value="49.500000" />
  <attribute name="IntegralH" value="49.500000" />
  <attribute name="DerivativeT" value="99.000000" />
  <attribute name="DerivativeI" value="99.000000" />
  <attribute name="DerivativeH" value="99.000000" />
  <attribute name="Loop Time for DT" value="1.000000" />
  <attribute name="Output H" value="8388608"/>
  <attribute name="Output I" value="200"/>
  <attribute name="Output T" value="16"/>
  <attribute name="Target GC Util Change" value ="80.000000" />
  <attribute name="Current GC Util Change" value="179.000000"/>
  <attribute name="GC Util currently" value="179" />
  <attribute name="CPU Util currently" value="1616182345688" />
<exclusive-end id="2895" timestamp="2019-08-11T06:21:05.070" durationms="12.734" />

<exclusive-start id="2896" timestamp="2019-08-11T06:21:05.097" intervalms="39.827">
  <response-info timems="0.021" idlems="0.021" threads="0" lastid="0000000001E02F00" lastname="main" />
</exclusive-start>
<allocation-taxation id="2897" taxation-threshold="79691776" timestamp="2019-08-11T06:21:05.097" intervalms="39.847" />
<cycle-start id="2898" type="partial gc" contextid="0" timestamp="2019-08-11T06:21:05.097" intervalms="39.835" />
<gc-start id="2899" type="partial gc" contextid="2898" timestamp="2019-08-11T06:21:05.097">
  <mem-info id="2900" free="94371840" total="289406976" percent="32">
    <mem type="eden" free="2096360" total="81788928" percent="2" />
    <remembered-set count="4992" freebytes="11549952" totalbytes="11569920" percent="99" regionsoverflowed="0" regionsstable="9" regionsrebuilding="0"/>
  </mem-info>
</gc-start>
<allocation-stats totalBytes="79427176" >
  <allocated-bytes non-tlh="0" tlh="79427176" arrayletleaf="0"/>
  <largest-consumer threadName="main" threadId="0000000001E02F00" bytes="79427176" />
</allocation-stats>
<gc-op id="2901" type="copy forward" timems="15.352" contextid="2898" timestamp="2019-08-11T06:21:05.114">
  <memory-copied type="eden" objects="2" bytes="56" bytesdiscarded="736" />
  <memory-copied type="other" objects="73" bytes="3016" bytesdiscarded="952" />
  <memory-cardclean objects="73" bytes="2864" />
  <regions eden="38" other="2" />
  <remembered-set-cleared processed="707" cleared="5" durationms="0.171" />
  <stringconstants candidates="13661" cleared="0"  />
</gc-op>
<gc-op id="2902" type="classunload" timems="0.013" contextid="2898" timestamp="2019-08-11T06:21:05.114">
  <classunload-info classloadercandidates="53" classloadersunloaded="0" classesunloaded="0" anonymousclassesunloaded="0" quiescems="0.000" setupms="0.013" scanms="0.000" postms="0.000" />
</gc-op>
<gc-end id="2903" type="partial gc" contextid="2898" durationms="17.327" usertimems="35.450" systemtimems="0.000" timestamp="2019-08-11T06:21:05.114" activeThreads="16">
  <mem-info id="2904" free="174063616" total="289406976" percent="60">
    <mem type="eden" free="2096360" total="2097152" percent="99" />
    <remembered-set count="5920" freebytes="11546240" totalbytes="11569920" percent="99" regionsoverflowed="0" regionsstable="9" regionsrebuilding="0"/>
  </mem-info>
</gc-end>
<cycle-end id="2905" type="partial gc" contextid="2898" timestamp="2019-08-11T06:21:05.114" />
  <attribute name="elasticGC enabled" value="1" />
  <attribute name= "numThreadsSpecified" value="16" />
  <attribute name="heapSize specified" value="0" />
  <attribute name="Current GC Util" value="200" />
  <attribute name= "Current Time Running" value="176291" />
  <attribute name ="GC Interval" value="0" />
  <attribute name="ProportionalT" value="60.000000" />
  <attribute name="ProportionalI" value="60.000000" />
  <attribute name="ProportionalH" value="60.000000" />
  <attribute name="Current Error" value="120.000000" />
  <attribute name="IntegralT" value="60.000000" />
  <attribute name="IntegralI" value="60.000000" />
  <attribute name="IntegralH" value="60.000000" />
  <attribute name="DerivativeT" value="120.000000" />
  <attribute name="DerivativeI" value="120.000000" />
  <attribute name="DerivativeH" value="120.000000" />
  <attribute name="Loop Time for DT" value="1.000000" />
  <attribute name="Output H" value="8388608"/>
  <attribute name="Output I" value="240"/>
  <attribute name="Output T" value="16"/>
  <attribute name="Target GC Util Change" value ="80.000000" />
  <attribute name="Current GC Util Change" value="200.000000"/>
  <attribute name="GC Util currently" value="200" />
  <attribute name="CPU Util currently" value="793084665742" />
<exclusive-end id="2906" timestamp="2019-08-11T06:21:05.115" durationms="17.957" />

<exclusive-start id="2907" timestamp="2019-08-11T06:21:05.143" intervalms="45.820">
  <response-info timems="0.021" idlems="0.021" threads="0" lastid="0000000001E02F00" lastname="main" />
</exclusive-start>
<allocation-taxation id="2908" taxation-threshold="79691776" timestamp="2019-08-11T06:21:05.143" intervalms="45.827" />
<cycle-start id="2909" type="partial gc" contextid="0" timestamp="2019-08-11T06:21:05.143" intervalms="45.885" />
<gc-start id="2910" type="partial gc" contextid="2909" timestamp="2019-08-11T06:21:05.143">
  <mem-info id="2911" free="94371840" total="289406976" percent="32">
    <mem type="eden" free="2096360" total="81788928" percent="2" />
    <remembered-set count="5440" freebytes="11548160" totalbytes="11569920" percent="99" regionsoverflowed="0" regionsstable="9" regionsrebuilding="0"/>
  </mem-info>
</gc-start>
<allocation-stats totalBytes="79427176" >
  <allocated-bytes non-tlh="0" tlh="79427176" arrayletleaf="0"/>
  <largest-consumer threadName="main" threadId="0000000001E02F00" bytes="79427176" />
</allocation-stats>
<gc-op id="2912" type="copy forward" timems="12.850" contextid="2909" timestamp="2019-08-11T06:21:05.157">
  <memory-copied type="eden" objects="2" bytes="56" bytesdiscarded="736" />
  <memory-copied type="other" objects="73" bytes="3016" bytesdiscarded="1000" />
  <memory-cardclean objects="73" bytes="2864" />
  <regions eden="38" other="2" />
  <remembered-set-cleared processed="708" cleared="6" durationms="0.126" />
  <stringconstants candidates="13661" cleared="0"  />
</gc-op>
<gc-op id="2913" type="classunload" timems="0.011" contextid="2909" timestamp="2019-08-11T06:21:05.157">
  <classunload-info classloadercandidates="53" classloadersunloaded="0" classesunloaded="0" anonymousclassesunloaded="0" quiescems="0.000" setupms="0.011" scanms="0.000" postms="0.000" />
</gc-op>
<gc-end id="2914" type="partial gc" contextid="2909" durationms="14.406" usertimems="31.422" systemtimems="0.000" timestamp="2019-08-11T06:21:05.157" activeThreads="16">
  <mem-info id="2915" free="174063616" total="289406976" percent="60">
    <mem type="eden" free="2096360" total="2097152" percent="99" />
    <remembered-set count="5920" freebytes="11546240" totalbytes="11569920" percent="99" regionsoverflowed="0" regionsstable="9" regionsrebuilding="0"/>
  </mem-info>
</gc-end>
<cycle-end id="2916" type="partial gc" contextid="2909" timestamp="2019-08-11T06:21:05.158" />
  <attribute name="elasticGC enabled" value="1" />
  <attribute name= "numThreadsSpecified" value="16" />
  <attribute name="heapSize specified" value="0" />
  <attribute name="Current GC Util" value="318" />
  <attribute name= "Current Time Running" value="176337" />
  <attribute name ="GC Interval" value="0" />
  <attribute name="ProportionalT" value="119.000000" />
  <attribute name="ProportionalI" value="119.000000" />
  <attribute name="ProportionalH" value="119.000000" />
  <attribute name="Current Error" value="238.000000" />
  <attribute name="IntegralT" value="119.000000" />
  <attribute name="IntegralI" value="119.000000" />
  <attribute name="IntegralH" value="119.000000" />
  <attribute name="DerivativeT" value="238.000000" />
  <attribute name="DerivativeI" value="238.000000" />
  <attribute name="DerivativeH" value="238.000000" />
  <attribute name="Loop Time for DT" value="1.000000" />
  <attribute name="Output H" value="8388608"/>
  <attribute name="Output I" value="480"/>
  <attribute name="Output T" value="16"/>
  <attribute name="Target GC Util Change" value ="80.000000" />
  <attribute name="Current GC Util Change" value="318.000000"/>
  <attribute name="GC Util currently" value="318" />
  <attribute name="CPU Util currently" value="1136388142922" />
<exclusive-end id="2917" timestamp="2019-08-11T06:21:05.158" durationms="15.119" />

<exclusive-start id="2918" timestamp="2019-08-11T06:21:05.186" intervalms="43.801">
  <response-info timems="0.022" idlems="0.022" threads="0" lastid="0000000001E02F00" lastname="main" />
</exclusive-start>
<allocation-taxation id="2919" taxation-threshold="79691776" timestamp="2019-08-11T06:21:05.186" intervalms="43.779" />
<cycle-start id="2920" type="partial gc" contextid="0" timestamp="2019-08-11T06:21:05.187" intervalms="43.781" />
<gc-start id="2921" type="partial gc" contextid="2920" timestamp="2019-08-11T06:21:05.187">
  <mem-info id="2922" free="94371840" total="289406976" percent="32">
    <mem type="eden" free="2096360" total="81788928" percent="2" />
    <remembered-set count="5920" freebytes="11546240" totalbytes="11569920" percent="99" regionsoverflowed="0" regionsstable="9" regionsrebuilding="0"/>
  </mem-info>
</gc-start>
<allocation-stats totalBytes="79427176" >
  <allocated-bytes non-tlh="0" tlh="79427176" arrayletleaf="0"/>
  <largest-consumer threadName="main" threadId="0000000001E02F00" bytes="79427176" />
</allocation-stats>
<gc-op id="2923" type="copy forward" timems="1.564" contextid="2920" timestamp="2019-08-11T06:21:05.189">
  <memory-copied type="eden" objects="2" bytes="56" bytesdiscarded="0" />
  <memory-copied type="other" objects="73" bytes="3016" bytesdiscarded="0" />
  <memory-cardclean objects="73" bytes="2864" />
  <regions eden="38" other="2" />
  <remembered-set-cleared processed="708" cleared="6" durationms="0.298" />
  <stringconstants candidates="13661" cleared="0"  />
</gc-op>
<gc-op id="2924" type="classunload" timems="0.006" contextid="2920" timestamp="2019-08-11T06:21:05.190">
  <classunload-info classloadercandidates="53" classloadersunloaded="0" classesunloaded="0" anonymousclassesunloaded="0" quiescems="0.000" setupms="0.006" scanms="0.000" postms="0.000" />
</gc-op>
<gc-end id="2925" type="partial gc" contextid="2920" durationms="2.821" usertimems="4.097" systemtimems="0.000" timestamp="2019-08-11T06:21:05.190" activeThreads="1">
  <mem-info id="2926" free="174063616" total="289406976" percent="60">
    <mem type="eden" free="2097096" total="2097152" percent="99" />
    <remembered-set count="6144" freebytes="11545344" totalbytes="11569920" percent="99" regionsoverflowed="0" regionsstable="9" regionsrebuilding="0"/>
  </mem-info>
</gc-end>
<cycle-end id="2927" type="partial gc" contextid="2920" timestamp="2019-08-11T06:21:05.190" />
  <attribute name="elasticGC enabled" value="1" />
  <attribute name= "numThreadsSpecified" value="1" />
  <attribute name="heapSize specified" value="0" />
  <attribute name="Current GC Util" value="166" />
  <attribute name= "Current Time Running" value="176380" />
  <attribute name ="GC Interval" value="0" />
  <attribute name="ProportionalT" value="43.000000" />
  <attribute name="ProportionalI" value="43.000000" />
  <attribute name="ProportionalH" value="43.000000" />
  <attribute name="Current Error" value="86.000000" />
  <attribute name="IntegralT" value="0.000000" />
  <attribute name="IntegralI" value="0.000000" />
  <attribute name="IntegralH" value="0.000000" />
  <attribute name="DerivativeT" value="inf" />
  <attribute name="DerivativeI" value="inf" />
  <attribute name="DerivativeH" value="inf" />
  <attribute name="Loop Time for DT" value="0.000000" />
  <attribute name="Output H" value="8388608"/>
  <attribute name="Output I" value="200"/>
  <attribute name="Output T" value="1"/>
  <attribute name="Target GC Util Change" value ="80.000000" />
  <attribute name="Current GC Util Change" value="166.000000"/>
  <attribute name="GC Util currently" value="166" />
  <attribute name="CPU Util currently" value="1572104163703" />
<exclusive-end id="2928" timestamp="2019-08-11T06:21:05.190" durationms="3.589" />

<exclusive-start id="2929" timestamp="2019-08-11T06:21:05.216" intervalms="30.044">
  <response-info timems="0.019" idlems="0.019" threads="0" lastid="0000000001E02F00" lastname="main" />
</exclusive-start>
<allocation-taxation id="2930" taxation-threshold="79691776" timestamp="2019-08-11T06:21:05.216" intervalms="30.039" />
<cycle-start id="2931" type="partial gc" contextid="0" timestamp="2019-08-11T06:21:05.217" intervalms="30.025" />
<gc-start id="2932" type="partial gc" contextid="2931" timestamp="2019-08-11T06:21:05.217">
  <mem-info id="2933" free="94371840" total="289406976" percent="32">
    <mem type="eden" free="2097096" total="81788928" percent="2" />
    <remembered-set count="5760" freebytes="11546880" totalbytes="11569920" percent="99" regionsoverflowed="0" regionsstable="9" regionsrebuilding="0"/>
  </mem-info>
</gc-start>
<allocation-stats totalBytes="79427176" >
  <allocated-bytes non-tlh="0" tlh="79427176" arrayletleaf="0"/>
  <largest-consumer threadName="main" threadId="0000000001E02F00" bytes="79427176" />
</allocation-stats>
<gc-op id="2934" type="copy forward" timems="1.542" contextid="2931" timestamp="2019-08-11T06:21:05.219">
  <memory-copied type="eden" objects="2" bytes="56" bytesdiscarded="0" />
  <memory-copied type="other" objects="73" bytes="3016" bytesdiscarded="0" />
  <memory-cardclean objects="73" bytes="2864" />
  <regions eden="38" other="2" />
  <remembered-set-cleared processed="707" cleared="5" durationms="0.283" />
  <stringconstants candidates="13661" cleared="0"  />
</gc-op>
<gc-op id="2935" type="classunload" timems="0.004" contextid="2931" timestamp="2019-08-11T06:21:05.219">
  <classunload-info classloadercandidates="53" classloadersunloaded="0" classesunloaded="0" anonymousclassesunloaded="0" quiescems="0.000" setupms="0.004" scanms="0.000" postms="0.000" />
</gc-op>
<gc-end id="2936" type="partial gc" contextid="2931" durationms="2.598" usertimems="3.885" systemtimems="0.000" timestamp="2019-08-11T06:21:05.219" activeThreads="1">
  <mem-info id="2937" free="174063616" total="289406976" percent="60">
    <mem type="eden" free="2097096" total="2097152" percent="99" />
    <remembered-set count="6144" freebytes="11545344" totalbytes="11569920" percent="99" regionsoverflowed="0" regionsstable="9" regionsrebuilding="0"/>
  </mem-info>
</gc-end>
<cycle-end id="2938" type="partial gc" contextid="2931" timestamp="2019-08-11T06:21:05.220" />
  <attribute name="elasticGC enabled" value="1" />
  <attribute name= "numThreadsSpecified" value="1" />
  <attribute name="heapSize specified" value="0" />
  <attribute name="Current GC Util" value="245" />
  <attribute name= "Current Time Running" value="176410" />
  <attribute name ="GC Interval" value="0" />
  <attribute name="ProportionalT" value="82.500000" />
  <attribute name="ProportionalI" value="82.500000" />
  <attribute name="ProportionalH" value="82.500000" />
  <attribute name="Current Error" value="165.000000" />
  <attribute name="IntegralT" value="0.000000" />
  <attribute name="IntegralI" value="0.000000" />
  <attribute name="IntegralH" value="0.000000" />
  <attribute name="DerivativeT" value="inf" />
  <attribute name="DerivativeI" value="inf" />
  <attribute name="DerivativeH" value="inf" />
  <attribute name="Loop Time for DT" value="0.000000" />
  <attribute name="Output H" value="8388608"/>
  <attribute name="Output I" value="200"/>
  <attribute name="Output T" value="1"/>
  <attribute name="Target GC Util Change" value ="80.000000" />
  <attribute name="Current GC Util Change" value="245.000000"/>
  <attribute name="GC Util currently" value="245" />
  <attribute name="CPU Util currently" value="1844450040753" />
<exclusive-end id="2939" timestamp="2019-08-11T06:21:05.220" durationms="3.800" />

<exclusive-start id="2940" timestamp="2019-08-11T06:21:05.248" intervalms="31.314">
  <response-info timems="0.022" idlems="0.022" threads="0" lastid="0000000001E02F00" lastname="main" />
</exclusive-start>
<allocation-taxation id="2941" taxation-threshold="79691776" timestamp="2019-08-11T06:21:05.248" intervalms="31.310" />
<cycle-start id="2942" type="partial gc" contextid="0" timestamp="2019-08-11T06:21:05.248" intervalms="31.284" />
<gc-start id="2943" type="partial gc" contextid="2942" timestamp="2019-08-11T06:21:05.248">
  <mem-info id="2944" free="94371840" total="289406976" percent="32">
    <mem type="eden" free="2097096" total="81788928" percent="2" />
    <remembered-set count="5760" freebytes="11546880" totalbytes="11569920" percent="99" regionsoverflowed="0" regionsstable="9" regionsrebuilding="0"/>
  </mem-info>
</gc-start>
<allocation-stats totalBytes="79270568" >
  <allocated-bytes non-tlh="0" tlh="79270568" arrayletleaf="0"/>
  <largest-consumer threadName="main" threadId="0000000001E02F00" bytes="79270568" />
</allocation-stats>
<gc-op id="2945" type="copy forward" timems="1.750" contextid="2942" timestamp="2019-08-11T06:21:05.251">
  <memory-copied type="eden" objects="26" bytes="1920" bytesdiscarded="0" />
  <memory-copied type="other" objects="54" bytes="1296" bytesdiscarded="0" />
  <memory-cardclean objects="101" bytes="3544" />
  <regions eden="38" other="2" />
  <remembered-set-cleared processed="707" cleared="6" durationms="0.331" />
  <stringconstants candidates="13661" cleared="0"  />
</gc-op>
<gc-op id="2946" type="classunload" timems="0.034" contextid="2942" timestamp="2019-08-11T06:21:05.251">
  <classunload-info classloadercandidates="53" classloadersunloaded="0" classesunloaded="0" anonymousclassesunloaded="0" quiescems="0.000" setupms="0.034" scanms="0.000" postms="0.000" />
</gc-op>
<gc-end id="2947" type="partial gc" contextid="2942" durationms="2.977" usertimems="4.277" systemtimems="0.000" timestamp="2019-08-11T06:21:05.251" activeThreads="1">
  <mem-info id="2948" free="174063616" total="289406976" percent="60">
    <mem type="eden" free="2095232" total="2097152" percent="99" />
    <remembered-set count="6144" freebytes="11545344" totalbytes="11569920" percent="99" regionsoverflowed="0" regionsstable="9" regionsrebuilding="0"/>
  </mem-info>
</gc-end>
<cycle-end id="2949" type="partial gc" contextid="2942" timestamp="2019-08-11T06:21:05.251" />
  <attribute name="elasticGC enabled" value="1" />
  <attribute name= "numThreadsSpecified" value="1" />
  <attribute name="heapSize specified" value="0" />
  <attribute name="Current GC Util" value="261" />
  <attribute name= "Current Time Running" value="176441" />
  <attribute name ="GC Interval" value="0" />
  <attribute name="ProportionalT" value="90.500000" />
  <attribute name="ProportionalI" value="90.500000" />
  <attribute name="ProportionalH" value="90.500000" />
  <attribute name="Current Error" value="181.000000" />
  <attribute name="IntegralT" value="0.000000" />
  <attribute name="IntegralI" value="0.000000" />
  <attribute name="IntegralH" value="0.000000" />
  <attribute name="DerivativeT" value="inf" />
  <attribute name="DerivativeI" value="inf" />
  <attribute name="DerivativeH" value="inf" />
  <attribute name="Loop Time for DT" value="0.000000" />
  <attribute name="Output H" value="8388608"/>
  <attribute name="Output I" value="200"/>
  <attribute name="Output T" value="1"/>
  <attribute name="Target GC Util Change" value ="80.000000" />
  <attribute name="Current GC Util Change" value="261.000000"/>
  <attribute name="GC Util currently" value="261" />
  <attribute name="CPU Util currently" value="2020652109927" />
<exclusive-end id="2950" timestamp="2019-08-11T06:21:05.251" durationms="3.632" />

<exclusive-start id="2951" timestamp="2019-08-11T06:21:05.283" intervalms="35.269">
  <response-info timems="0.018" idlems="0.018" threads="0" lastid="0000000001E02F00" lastname="main" />
</exclusive-start>
<allocation-taxation id="2952" taxation-threshold="79691776" timestamp="2019-08-11T06:21:05.283" intervalms="35.284" />
<cycle-start id="2953" type="partial gc" contextid="0" timestamp="2019-08-11T06:21:05.283" intervalms="35.263" />
<gc-start id="2954" type="partial gc" contextid="2953" timestamp="2019-08-11T06:21:05.283">
  <mem-info id="2955" free="94371840" total="289406976" percent="32">
    <mem type="eden" free="0" total="79691776" percent="0" />
    <remembered-set count="5760" freebytes="11546880" totalbytes="11569920" percent="99" regionsoverflowed="0" regionsstable="9" regionsrebuilding="0"/>
  </mem-info>
</gc-start>
<allocation-stats totalBytes="79190176" >
  <allocated-bytes non-tlh="0" tlh="79190176" arrayletleaf="0"/>
  <largest-consumer threadName="main" threadId="0000000001E02F00" bytes="79190176" />
</allocation-stats>
<gc-op id="2956" type="copy forward" timems="17.474" contextid="2953" timestamp="2019-08-11T06:21:05.302">
  <memory-copied type="eden" objects="2" bytes="64" bytesdiscarded="0" />
  <memory-copied type="other" objects="79" bytes="3176" bytesdiscarded="1152" />
  <memory-cardclean objects="91" bytes="3368" />
  <regions eden="38" other="2" />
  <remembered-set-cleared processed="706" cleared="5" durationms="0.933" />
  <stringconstants candidates="13661" cleared="0"  />
</gc-op>
<gc-op id="2957" type="classunload" timems="0.009" contextid="2953" timestamp="2019-08-11T06:21:05.302">
  <classunload-info classloadercandidates="53" classloadersunloaded="0" classesunloaded="0" anonymousclassesunloaded="0" quiescems="0.000" setupms="0.009" scanms="0.000" postms="0.000" />
</gc-op>
<gc-end id="2958" type="partial gc" contextid="2953" durationms="19.273" usertimems="37.742" systemtimems="0.000" timestamp="2019-08-11T06:21:05.303" activeThreads="16">
  <mem-info id="2959" free="171966464" total="289406976" percent="59">
    <mem type="eden" free="2097088" total="2097152" percent="99" />
    <remembered-set count="5888" freebytes="11546368" totalbytes="11569920" percent="99" regionsoverflowed="0" regionsstable="9" regionsrebuilding="0"/>
  </mem-info>
</gc-end>
<cycle-end id="2960" type="partial gc" contextid="2953" timestamp="2019-08-11T06:21:05.303" />
  <attribute name="elasticGC enabled" value="1" />
  <attribute name= "numThreadsSpecified" value="16" />
  <attribute name="heapSize specified" value="0" />
  <attribute name="Current GC Util" value="169" />
  <attribute name= "Current Time Running" value="176477" />
  <attribute name ="GC Interval" value="0" />
  <attribute name="ProportionalT" value="44.500000" />
  <attribute name="ProportionalI" value="44.500000" />
  <attribute name="ProportionalH" value="44.500000" />
  <attribute name="Current Error" value="89.000000" />
  <attribute name="IntegralT" value="44.500000" />
  <attribute name="IntegralI" value="44.500000" />
  <attribute name="IntegralH" value="44.500000" />
  <attribute name="DerivativeT" value="89.000000" />
  <attribute name="DerivativeI" value="89.000000" />
  <attribute name="DerivativeH" value="89.000000" />
  <attribute name="Loop Time for DT" value="1.000000" />
  <attribute name="Output H" value="8388608"/>
  <attribute name="Output I" value="200"/>
  <attribute name="Output T" value="16"/>
  <attribute name="Target GC Util Change" value ="80.000000" />
  <attribute name="Current GC Util Change" value="169.000000"/>
  <attribute name="GC Util currently" value="169" />
  <attribute name="CPU Util currently" value="1026170879040" />
<exclusive-end id="2961" timestamp="2019-08-11T06:21:05.303" durationms="19.880" />

<exclusive-start id="2962" timestamp="2019-08-11T06:21:05.329" intervalms="46.324">
  <response-info timems="0.015" idlems="0.015" threads="0" lastid="0000000001E02F00" lastname="main" />
</exclusive-start>
<allocation-taxation id="2963" taxation-threshold="79691776" timestamp="2019-08-11T06:21:05.329" intervalms="46.315" />
<cycle-start id="2964" type="partial gc" contextid="0" timestamp="2019-08-11T06:21:05.329" intervalms="46.328" />
<gc-start id="2965" type="partial gc" contextid="2964" timestamp="2019-08-11T06:21:05.330">
  <mem-info id="2966" free="92274688" total="289406976" percent="31">
    <mem type="eden" free="2097088" total="81788928" percent="2" />
    <remembered-set count="5408" freebytes="11548288" totalbytes="11569920" percent="99" regionsoverflowed="0" regionsstable="9" regionsrebuilding="0"/>
  </mem-info>
</gc-start>
<allocation-stats totalBytes="79193488" >
  <allocated-bytes non-tlh="0" tlh="79193488" arrayletleaf="0"/>
  <largest-consumer threadName="main" threadId="0000000001E02F00" bytes="79193488" />
</allocation-stats>
<gc-op id="2967" type="copy forward" timems="1.529" contextid="2964" timestamp="2019-08-11T06:21:05.332">
  <memory-copied type="eden" objects="2" bytes="64" bytesdiscarded="0" />
  <memory-copied type="other" objects="25" bytes="1880" bytesdiscarded="0" />
  <memory-cardclean objects="49" bytes="1944" />
  <regions eden="38" other="2" />
  <remembered-set-cleared processed="711" cleared="4" durationms="0.293" />
  <stringconstants candidates="13661" cleared="0"  />
</gc-op>
<gc-op id="2968" type="classunload" timems="0.005" contextid="2964" timestamp="2019-08-11T06:21:05.332">
  <classunload-info classloadercandidates="53" classloadersunloaded="0" classesunloaded="0" anonymousclassesunloaded="0" quiescems="0.000" setupms="0.004" scanms="0.000" postms="0.000" />
</gc-op>
<heap-resize id="2969" type="expand" space="default" amount="4194304" count="1" timems="0.074" reason="excessive time being spent in gc" timestamp="2019-08-11T06:21:05.332" />
<gc-end id="2970" type="partial gc" contextid="2964" durationms="2.756" usertimems="3.617" systemtimems="0.000" timestamp="2019-08-11T06:21:05.332" activeThreads="1">
  <mem-info id="2971" free="176160768" total="293601280" percent="60">
    <mem type="eden" free="2097088" total="2097152" percent="99" />
    <remembered-set count="5728" freebytes="11714688" totalbytes="11737600" percent="99" regionsoverflowed="0" regionsstable="9" regionsrebuilding="0"/>
  </mem-info>
</gc-end>
<cycle-end id="2972" type="partial gc" contextid="2964" timestamp="2019-08-11T06:21:05.333" />
  <attribute name="elasticGC enabled" value="1" />
  <attribute name= "numThreadsSpecified" value="1" />
  <attribute name="heapSize specified" value="0" />
  <attribute name="Current GC Util" value="140" />
  <attribute name= "Current Time Running" value="176523" />
  <attribute name ="GC Interval" value="0" />
  <attribute name="ProportionalT" value="30.000000" />
  <attribute name="ProportionalI" value="30.000000" />
  <attribute name="ProportionalH" value="30.000000" />
  <attribute name="Current Error" value="60.000000" />
  <attribute name="IntegralT" value="0.000000" />
  <attribute name="IntegralI" value="0.000000" />
  <attribute name="IntegralH" value="0.000000" />
  <attribute name="DerivativeT" value="inf" />
  <attribute name="DerivativeI" value="inf" />
  <attribute name="DerivativeH" value="inf" />
  <attribute name="Loop Time for DT" value="0.000000" />
  <attribute name="Output H" value="8388608"/>
  <attribute name="Output I" value="200"/>
  <attribute name="Output T" value="1"/>
  <attribute name="Target GC Util Change" value ="80.000000" />
  <attribute name="Current GC Util Change" value="140.000000"/>
  <attribute name="GC Util currently" value="140" />
  <attribute name="CPU Util currently" value="1673789763753" />
<exclusive-end id="2973" timestamp="2019-08-11T06:21:05.333" durationms="3.591" />

<exclusive-start id="2974" timestamp="2019-08-11T06:21:05.362" intervalms="32.293">
  <response-info timems="0.024" idlems="0.024" threads="0" lastid="0000000001E02F00" lastname="main" />
</exclusive-start>
<allocation-taxation id="2975" taxation-threshold="79691776" timestamp="2019-08-11T06:21:05.362" intervalms="32.294" />
<cycle-start id="2976" type="partial gc" contextid="0" timestamp="2019-08-11T06:21:05.362" intervalms="32.305" />
<gc-start id="2977" type="partial gc" contextid="2976" timestamp="2019-08-11T06:21:05.362">
  <mem-info id="2978" free="96468992" total="293601280" percent="32">
    <mem type="eden" free="2097088" total="81788928" percent="2" />
    <remembered-set count="5344" freebytes="11716224" totalbytes="11737600" percent="99" regionsoverflowed="0" regionsstable="9" regionsrebuilding="0"/>
  </mem-info>
</gc-start>
<allocation-stats totalBytes="79193488" >
  <allocated-bytes non-tlh="0" tlh="79193488" arrayletleaf="0"/>
  <largest-consumer threadName="main" threadId="0000000001E02F00" bytes="79193488" />
</allocation-stats>
<gc-op id="2979" type="copy forward" timems="10.204" contextid="2976" timestamp="2019-08-11T06:21:05.374">
  <memory-copied type="eden" objects="2" bytes="64" bytesdiscarded="0" />
  <memory-copied type="other" objects="25" bytes="1880" bytesdiscarded="816" />
  <memory-cardclean objects="49" bytes="1944" />
  <regions eden="38" other="2" />
  <remembered-set-cleared processed="711" cleared="4" durationms="0.271" />
  <stringconstants candidates="13661" cleared="0"  />
</gc-op>
<gc-op id="2980" type="classunload" timems="0.012" contextid="2976" timestamp="2019-08-11T06:21:05.374">
  <classunload-info classloadercandidates="53" classloadersunloaded="0" classesunloaded="0" anonymousclassesunloaded="0" quiescems="0.000" setupms="0.011" scanms="0.000" postms="0.000" />
</gc-op>
<gc-end id="2981" type="partial gc" contextid="2976" durationms="11.812" usertimems="27.214" systemtimems="0.000" timestamp="2019-08-11T06:21:05.374" activeThreads="16">
  <mem-info id="2982" free="176160768" total="293601280" percent="60">
    <mem type="eden" free="2097088" total="2097152" percent="99" />
    <remembered-set count="5984" freebytes="11713664" totalbytes="11737600" percent="99" regionsoverflowed="0" regionsstable="9" regionsrebuilding="0"/>
  </mem-info>
</gc-end>
<cycle-end id="2983" type="partial gc" contextid="2976" timestamp="2019-08-11T06:21:05.374" />
  <attribute name="elasticGC enabled" value="1" />
  <attribute name= "numThreadsSpecified" value="16" />
  <attribute name="heapSize specified" value="0" />
  <attribute name="Current GC Util" value="108" />
  <attribute name= "Current Time Running" value="176556" />
  <attribute name ="GC Interval" value="0" />
  <attribute name="ProportionalT" value="14.000000" />
  <attribute name="ProportionalI" value="14.000000" />
  <attribute name="ProportionalH" value="14.000000" />
  <attribute name="Current Error" value="28.000000" />
  <attribute name="IntegralT" value="14.000000" />
  <attribute name="IntegralI" value="14.000000" />
  <attribute name="IntegralH" value="14.000000" />
  <attribute name="DerivativeT" value="28.000000" />
  <attribute name="DerivativeI" value="28.000000" />
  <attribute name="DerivativeH" value="28.000000" />
  <attribute name="Loop Time for DT" value="1.000000" />
  <attribute name="Output H" value="8388608"/>
  <attribute name="Output I" value="200"/>
  <attribute name="Output T" value="16"/>
  <attribute name="Target GC Util Change" value ="80.000000" />
  <attribute name="Current GC Util Change" value="108.000000"/>
  <attribute name="GC Util currently" value="108" />
  <attribute name="CPU Util currently" value="1102319477790" />
<exclusive-end id="2984" timestamp="2019-08-11T06:21:05.374" durationms="12.431" />

<exclusive-start id="2985" timestamp="2019-08-11T06:21:05.401" intervalms="39.533">
  <response-info timems="0.020" idlems="0.020" threads="0" lastid="0000000001E02F00" lastname="main" />
</exclusive-start>
<allocation-taxation id="2986" taxation-threshold="79691776" timestamp="2019-08-11T06:21:05.401" intervalms="39.531" />
<cycle-start id="2987" type="partial gc" contextid="0" timestamp="2019-08-11T06:21:05.401" intervalms="39.504" />
<gc-start id="2988" type="partial gc" contextid="2987" timestamp="2019-08-11T06:21:05.402">
  <mem-info id="2989" free="96468992" total="293601280" percent="32">
    <mem type="eden" free="2097088" total="81788928" percent="2" />
    <remembered-set count="5984" freebytes="11713664" totalbytes="11737600" percent="99" regionsoverflowed="0" regionsstable="9" regionsrebuilding="0"/>
  </mem-info>
</gc-start>
<allocation-stats totalBytes="79193488" >
  <allocated-bytes non-tlh="0" tlh="79193488" arrayletleaf="0"/>
  <largest-consumer threadName="main" threadId="0000000001E02F00" bytes="79193488" />
</allocation-stats>
<gc-op id="2990" type="copy forward" timems="18.569" contextid="2987" timestamp="2019-08-11T06:21:05.421">
  <memory-copied type="eden" objects="2" bytes="64" bytesdiscarded="0" />
  <memory-copied type="other" objects="25" bytes="1880" bytesdiscarded="816" />
  <memory-cardclean objects="49" bytes="1944" />
  <regions eden="38" other="2" />
  <remembered-set-cleared processed="711" cleared="4" durationms="0.223" />
  <stringconstants candidates="13661" cleared="0"  />
</gc-op>
<gc-op id="2991" type="classunload" timems="0.011" contextid="2987" timestamp="2019-08-11T06:21:05.421">
  <classunload-info classloadercandidates="53" classloadersunloaded="0" classesunloaded="0" anonymousclassesunloaded="0" quiescems="0.000" setupms="0.011" scanms="0.000" postms="0.000" />
</gc-op>
<gc-end id="2992" type="partial gc" contextid="2987" durationms="19.973" usertimems="42.356" systemtimems="0.000" timestamp="2019-08-11T06:21:05.422" activeThreads="16">
  <mem-info id="2993" free="176160768" total="293601280" percent="60">
    <mem type="eden" free="2097088" total="2097152" percent="99" />
    <remembered-set count="5984" freebytes="11713664" totalbytes="11737600" percent="99" regionsoverflowed="0" regionsstable="9" regionsrebuilding="0"/>
  </mem-info>
</gc-end>
<cycle-end id="2994" type="partial gc" contextid="2987" timestamp="2019-08-11T06:21:05.422" />
  <attribute name="elasticGC enabled" value="1" />
  <attribute name= "numThreadsSpecified" value="16" />
  <attribute name="heapSize specified" value="0" />
  <attribute name="Current GC Util" value="154" />
  <attribute name= "Current Time Running" value="176595" />
  <attribute name ="GC Interval" value="0" />
  <attribute name="ProportionalT" value="37.000000" />
  <attribute name="ProportionalI" value="37.000000" />
  <attribute name="ProportionalH" value="37.000000" />
  <attribute name="Current Error" value="74.000000" />
  <attribute name="IntegralT" value="37.000000" />
  <attribute name="IntegralI" value="37.000000" />
  <attribute name="IntegralH" value="37.000000" />
  <attribute name="DerivativeT" value="74.000000" />
  <attribute name="DerivativeI" value="74.000000" />
  <attribute name="DerivativeH" value="74.000000" />
  <attribute name="Loop Time for DT" value="1.000000" />
  <attribute name="Output H" value="8388608"/>
  <attribute name="Output I" value="200"/>
  <attribute name="Output T" value="16"/>
  <attribute name="Target GC Util Change" value ="80.000000" />
  <attribute name="Current GC Util Change" value="154.000000"/>
  <attribute name="GC Util currently" value="154" />
  <attribute name="CPU Util currently" value="1972842820935" />
<exclusive-end id="2995" timestamp="2019-08-11T06:21:05.422" durationms="20.690" />

<exclusive-start id="2996" timestamp="2019-08-11T06:21:05.567" intervalms="165.435">
  <response-info timems="0.017" idlems="0.017" threads="0" lastid="0000000001E02F00" lastname="main" />
</exclusive-start>
<allocation-taxation id="2997" taxation-threshold="79691776" timestamp="2019-08-11T06:21:05.567" intervalms="165.435" />
<cycle-start id="2998" type="partial gc" contextid="0" timestamp="2019-08-11T06:21:05.567" intervalms="165.437" />
<gc-start id="2999" type="partial gc" contextid="2998" timestamp="2019-08-11T06:21:05.567">
  <mem-info id="3000" free="96468992" total="293601280" percent="32">
    <mem type="eden" free="2097088" total="81788928" percent="2" />
    <remembered-set count="5504" freebytes="11715584" totalbytes="11737600" percent="99" regionsoverflowed="0" regionsstable="9" regionsrebuilding="0"/>
  </mem-info>
</gc-start>
<allocation-stats totalBytes="79676208" >
  <allocated-bytes non-tlh="0" tlh="79676208" arrayletleaf="0"/>
  <largest-consumer threadName="main" threadId="0000000001E02F00" bytes="79676208" />
</allocation-stats>
<gc-op id="3001" type="copy forward" timems="9.022" contextid="2998" timestamp="2019-08-11T06:21:05.577">
  <memory-copied type="eden" objects="245" bytes="8072" bytesdiscarded="2456" />
  <memory-copied type="other" objects="6" bytes="144" bytesdiscarded="720" />
  <memory-cardclean objects="140" bytes="12424" />
  <regions eden="38" other="2" />
  <remembered-set-cleared processed="711" cleared="19" durationms="0.126" />
  <references type="weak" candidates="37" cleared="0" enqueued="0" />
  <stringconstants candidates="13661" cleared="0"  />
</gc-op>
<gc-op id="3002" type="classunload" timems="0.008" contextid="2998" timestamp="2019-08-11T06:21:05.577">
  <classunload-info classloadercandidates="53" classloadersunloaded="0" classesunloaded="0" anonymousclassesunloaded="0" quiescems="0.000" setupms="0.007" scanms="0.000" postms="0.000" />
</gc-op>
<gc-end id="3003" type="partial gc" contextid="2998" durationms="10.223" usertimems="23.299" systemtimems="0.000" timestamp="2019-08-11T06:21:05.577" activeThreads="16">
  <mem-info id="3004" free="176160768" total="293601280" percent="60">
    <mem type="eden" free="2086576" total="2097152" percent="99" />
    <remembered-set count="6208" freebytes="11712768" totalbytes="11737600" percent="99" regionsoverflowed="0" regionsstable="9" regionsrebuilding="0"/>
  </mem-info>
</gc-end>
<cycle-end id="3005" type="partial gc" contextid="2998" timestamp="2019-08-11T06:21:05.577" />
  <attribute name="elasticGC enabled" value="1" />
  <attribute name= "numThreadsSpecified" value="16" />
  <attribute name="heapSize specified" value="0" />
  <attribute name="Current GC Util" value="143" />
  <attribute name= "Current Time Running" value="176761" />
  <attribute name ="GC Interval" value="0" />
  <attribute name="ProportionalT" value="31.500000" />
  <attribute name="ProportionalI" value="31.500000" />
  <attribute name="ProportionalH" value="31.500000" />
  <attribute name="Current Error" value="63.000000" />
  <attribute name="IntegralT" value="31.500000" />
  <attribute name="IntegralI" value="31.500000" />
  <attribute name="IntegralH" value="31.500000" />
  <attribute name="DerivativeT" value="63.000000" />
  <attribute name="DerivativeI" value="63.000000" />
  <attribute name="DerivativeH" value="63.000000" />
  <attribute name="Loop Time for DT" value="1.000000" />
  <attribute name="Output H" value="8388608"/>
  <attribute name="Output I" value="200"/>
  <attribute name="Output T" value="16"/>
  <attribute name="Target GC Util Change" value ="80.000000" />
  <attribute name="Current GC Util Change" value="143.000000"/>
  <attribute name="GC Util currently" value="143" />
  <attribute name="CPU Util currently" value="1613213091444" />
<exclusive-end id="3006" timestamp="2019-08-11T06:21:05.578" durationms="10.996" />

<exclusive-start id="3007" timestamp="2019-08-11T06:21:05.641" intervalms="74.538">
  <response-info timems="0.018" idlems="0.018" threads="0" lastid="0000000001E02F00" lastname="main" />
</exclusive-start>
<allocation-taxation id="3008" taxation-threshold="79691776" timestamp="2019-08-11T06:21:05.641" intervalms="74.529" />
<cycle-start id="3009" type="partial gc" contextid="0" timestamp="2019-08-11T06:21:05.641" intervalms="74.533" />
<gc-start id="3010" type="partial gc" contextid="3009" timestamp="2019-08-11T06:21:05.641">
  <mem-info id="3011" free="96468992" total="293601280" percent="32">
    <mem type="eden" free="0" total="79691776" percent="0" />
    <remembered-set count="5760" freebytes="11714560" totalbytes="11737600" percent="99" regionsoverflowed="0" regionsstable="9" regionsrebuilding="0"/>
  </mem-info>
</gc-start>
<allocation-stats totalBytes="79657520" >
  <allocated-bytes non-tlh="0" tlh="79657520" arrayletleaf="0"/>
  <largest-consumer threadName="main" threadId="0000000001E02F00" bytes="79657520" />
</allocation-stats>
<gc-op id="3012" type="copy forward" timems="9.084" contextid="3009" timestamp="2019-08-11T06:21:05.651">
  <memory-copied type="eden" objects="23" bytes="824" bytesdiscarded="696" />
  <memory-copied type="other" objects="115" bytes="3928" bytesdiscarded="3392" />
  <memory-cardclean objects="115" bytes="12032" />
  <regions eden="38" other="2" />
  <remembered-set-cleared processed="711" cleared="22" durationms="0.273" />
  <references type="weak" candidates="37" cleared="0" enqueued="0" />
  <stringconstants candidates="13661" cleared="0"  />
</gc-op>
<gc-op id="3013" type="classunload" timems="0.009" contextid="3009" timestamp="2019-08-11T06:21:05.652">
  <classunload-info classloadercandidates="53" classloadersunloaded="0" classesunloaded="0" anonymousclassesunloaded="0" quiescems="0.000" setupms="0.008" scanms="0.000" postms="0.000" />
</gc-op>
<heap-resize id="3014" type="expand" space="default" amount="6291456" count="1" timems="0.083" reason="excessive time being spent in gc" timestamp="2019-08-11T06:21:05.652" />
<gc-end id="3015" type="partial gc" contextid="3009" durationms="10.359" usertimems="24.261" systemtimems="0.000" timestamp="2019-08-11T06:21:05.652" activeThreads="16">
  <mem-info id="3016" free="180355072" total="299892736" percent="60">
    <mem type="eden" free="2095632" total="2097152" percent="99" />
    <remembered-set count="6688" freebytes="11962368" totalbytes="11989120" percent="99" regionsoverflowed="0" regionsstable="9" regionsrebuilding="0"/>
  </mem-info>
</gc-end>
<cycle-end id="3017" type="partial gc" contextid="3009" timestamp="2019-08-11T06:21:05.652" />
  <attribute name="elasticGC enabled" value="1" />
  <attribute name= "numThreadsSpecified" value="16" />
  <attribute name="heapSize specified" value="0" />
  <attribute name="Current GC Util" value="133" />
  <attribute name= "Current Time Running" value="176835" />
  <attribute name ="GC Interval" value="0" />
  <attribute name="ProportionalT" value="26.500000" />
  <attribute name="ProportionalI" value="26.500000" />
  <attribute name="ProportionalH" value="26.500000" />
  <attribute name="Current Error" value="53.000000" />
  <attribute name="IntegralT" value="26.500000" />
  <attribute name="IntegralI" value="26.500000" />
  <attribute name="IntegralH" value="26.500000" />
  <attribute name="DerivativeT" value="53.000000" />
  <attribute name="DerivativeI" value="53.000000" />
  <attribute name="DerivativeH" value="53.000000" />
  <attribute name="Loop Time for DT" value="1.000000" />
  <attribute name="Output H" value="8388608"/>
  <attribute name="Output I" value="200"/>
  <attribute name="Output T" value="16"/>
  <attribute name="Target GC Util Change" value ="80.000000" />
  <attribute name="Current GC Util Change" value="133.000000"/>
  <attribute name="GC Util currently" value="133" />
  <attribute name="CPU Util currently" value="1668142177597" />
<exclusive-end id="3018" timestamp="2019-08-11T06:21:05.652" durationms="10.855" />

<exclusive-start id="3019" timestamp="2019-08-11T06:21:05.679" intervalms="37.953">
  <response-info timems="0.019" idlems="0.019" threads="0" lastid="0000000001E02F00" lastname="main" />
</exclusive-start>
<allocation-taxation id="3020" taxation-threshold="81788928" timestamp="2019-08-11T06:21:05.679" intervalms="37.979" />
<cycle-start id="3021" type="partial gc" contextid="0" timestamp="2019-08-11T06:21:05.679" intervalms="38.002" />
<gc-start id="3022" type="partial gc" contextid="3021" timestamp="2019-08-11T06:21:05.679">
  <mem-info id="3023" free="98566144" total="299892736" percent="32">
    <mem type="eden" free="0" total="81788928" percent="0" />
    <remembered-set count="6208" freebytes="11964288" totalbytes="11989120" percent="99" regionsoverflowed="0" regionsstable="9" regionsrebuilding="0"/>
  </mem-info>
</gc-start>
<allocation-stats totalBytes="81747216" >
  <allocated-bytes non-tlh="0" tlh="81747216" arrayletleaf="0"/>
  <largest-consumer threadName="main" threadId="0000000001E02F00" bytes="81747216" />
</allocation-stats>
<gc-op id="3024" type="copy forward" timems="8.687" contextid="3021" timestamp="2019-08-11T06:21:05.689">
  <memory-copied type="eden" objects="8" bytes="192" bytesdiscarded="0" />
  <memory-copied type="other" objects="126" bytes="4336" bytesdiscarded="2624" />
  <memory-cardclean objects="87" bytes="11352" />
  <regions eden="39" other="2" />
  <remembered-set-cleared processed="713" cleared="22" durationms="0.343" />
  <references type="weak" candidates="37" cleared="0" enqueued="0" />
  <stringconstants candidates="13661" cleared="0"  />
</gc-op>
<gc-op id="3025" type="classunload" timems="0.008" contextid="3021" timestamp="2019-08-11T06:21:05.689">
  <classunload-info classloadercandidates="53" classloadersunloaded="0" classesunloaded="0" anonymousclassesunloaded="0" quiescems="0.000" setupms="0.008" scanms="0.000" postms="0.000" />
</gc-op>
<heap-resize id="3026" type="expand" space="default" amount="4194304" count="1" timems="0.075" reason="excessive time being spent in gc" timestamp="2019-08-11T06:21:05.689" />
<gc-end id="3027" type="partial gc" contextid="3021" durationms="9.920" usertimems="23.500" systemtimems="0.000" timestamp="2019-08-11T06:21:05.689" activeThreads="16">
  <mem-info id="3028" free="182452224" total="304087040" percent="60">
    <mem type="eden" free="2096960" total="2097152" percent="99" />
    <remembered-set count="5728" freebytes="12133888" totalbytes="12156800" percent="99" regionsoverflowed="0" regionsstable="9" regionsrebuilding="0"/>
  </mem-info>
</gc-end>
<cycle-end id="3029" type="partial gc" contextid="3021" timestamp="2019-08-11T06:21:05.689" />
  <attribute name="elasticGC enabled" value="1" />
  <attribute name= "numThreadsSpecified" value="16" />
  <attribute name="heapSize specified" value="0" />
  <attribute name="Current GC Util" value="135" />
  <attribute name= "Current Time Running" value="176873" />
  <attribute name ="GC Interval" value="0" />
  <attribute name="ProportionalT" value="27.500000" />
  <attribute name="ProportionalI" value="27.500000" />
  <attribute name="ProportionalH" value="27.500000" />
  <attribute name="Current Error" value="55.000000" />
  <attribute name="IntegralT" value="27.500000" />
  <attribute name="IntegralI" value="27.500000" />
  <attribute name="IntegralH" value="27.500000" />
  <attribute name="DerivativeT" value="55.000000" />
  <attribute name="DerivativeI" value="55.000000" />
  <attribute name="DerivativeH" value="55.000000" />
  <attribute name="Loop Time for DT" value="1.000000" />
  <attribute name="Output H" value="8388608"/>
  <attribute name="Output I" value="200"/>
  <attribute name="Output T" value="16"/>
  <attribute name="Target GC Util Change" value ="80.000000" />
  <attribute name="Current GC Util Change" value="135.000000"/>
  <attribute name="GC Util currently" value="135" />
  <attribute name="CPU Util currently" value="1781170604843" />
<exclusive-end id="3030" timestamp="2019-08-11T06:21:05.690" durationms="10.547" />

<exclusive-start id="3031" timestamp="2019-08-11T06:21:05.717" intervalms="38.129">
  <response-info timems="0.020" idlems="0.020" threads="0" lastid="0000000001E02F00" lastname="main" />
</exclusive-start>
<allocation-taxation id="3032" taxation-threshold="83886080" timestamp="2019-08-11T06:21:05.717" intervalms="38.113" />
<cycle-start id="3033" type="partial gc" contextid="0" timestamp="2019-08-11T06:21:05.717" intervalms="38.108" />
<gc-start id="3034" type="partial gc" contextid="3033" timestamp="2019-08-11T06:21:05.718">
  <mem-info id="3035" free="98566144" total="304087040" percent="32">
    <mem type="eden" free="2096960" total="85983232" percent="2" />
    <remembered-set count="5728" freebytes="12133888" totalbytes="12156800" percent="99" regionsoverflowed="0" regionsstable="9" regionsrebuilding="0"/>
  </mem-info>
</gc-start>
<allocation-stats totalBytes="83843088" >
  <allocated-bytes non-tlh="0" tlh="83843088" arrayletleaf="0"/>
  <largest-consumer threadName="main" threadId="0000000001E02F00" bytes="83843088" />
</allocation-stats>
<gc-op id="3036" type="copy forward" timems="14.581" contextid="3033" timestamp="2019-08-11T06:21:05.733">
  <memory-copied type="eden" objects="6" bytes="176" bytesdiscarded="0" />
  <memory-copied type="other" objects="17" bytes="552" bytesdiscarded="672" />
  <memory-cardclean objects="37" bytes="1608" />
  <regions eden="40" other="2" />
  <remembered-set-cleared processed="719" cleared="8" durationms="0.132" />
  <stringconstants candidates="13661" cleared="0"  />
</gc-op>
<gc-op id="3037" type="classunload" timems="0.010" contextid="3033" timestamp="2019-08-11T06:21:05.733">
  <classunload-info classloadercandidates="53" classloadersunloaded="0" classesunloaded="0" anonymousclassesunloaded="0" quiescems="0.000" setupms="0.010" scanms="0.000" postms="0.000" />
</gc-op>
<gc-end id="3038" type="partial gc" contextid="3033" durationms="15.829" usertimems="37.464" systemtimems="0.000" timestamp="2019-08-11T06:21:05.733" activeThreads="16">
  <mem-info id="3039" free="182452224" total="304087040" percent="60">
    <mem type="eden" free="2096976" total="2097152" percent="99" />
    <remembered-set count="6240" freebytes="12131840" totalbytes="12156800" percent="99" regionsoverflowed="0" regionsstable="9" regionsrebuilding="0"/>
  </mem-info>
</gc-end>
<cycle-end id="3040" type="partial gc" contextid="3033" timestamp="2019-08-11T06:21:05.734" />
  <attribute name="elasticGC enabled" value="1" />
  <attribute name= "numThreadsSpecified" value="16" />
  <attribute name="heapSize specified" value="0" />
  <attribute name="Current GC Util" value="207" />
  <attribute name= "Current Time Running" value="176911" />
  <attribute name ="GC Interval" value="0" />
  <attribute name="ProportionalT" value="63.500000" />
  <attribute name="ProportionalI" value="63.500000" />
  <attribute name="ProportionalH" value="63.500000" />
  <attribute name="Current Error" value="127.000000" />
  <attribute name="IntegralT" value="63.500000" />
  <attribute name="IntegralI" value="63.500000" />
  <attribute name="IntegralH" value="63.500000" />
  <attribute name="DerivativeT" value="127.000000" />
  <attribute name="DerivativeI" value="127.000000" />
  <attribute name="DerivativeH" value="127.000000" />
  <attribute name="Loop Time for DT" value="1.000000" />
  <attribute name="Output H" value="8388608"/>
  <attribute name="Output I" value="256"/>
  <attribute name="Output T" value="16"/>
  <attribute name="Target GC Util Change" value ="80.000000" />
  <attribute name="Current GC Util Change" value="207.000000"/>
  <attribute name="GC Util currently" value="207" />
  <attribute name="CPU Util currently" value="1623055793650" />
<exclusive-end id="3041" timestamp="2019-08-11T06:21:05.734" durationms="16.490" />

<exclusive-start id="3042" timestamp="2019-08-11T06:21:05.769" intervalms="52.017">
  <response-info timems="0.019" idlems="0.019" threads="0" lastid="0000000001E02F00" lastname="main" />
</exclusive-start>
<allocation-taxation id="3043" taxation-threshold="83886080" timestamp="2019-08-11T06:21:05.769" intervalms="52.018" />
<cycle-start id="3044" type="partial gc" contextid="0" timestamp="2019-08-11T06:21:05.769" intervalms="52.020" />
<gc-start id="3045" type="partial gc" contextid="3044" timestamp="2019-08-11T06:21:05.770">
  <mem-info id="3046" free="98566144" total="304087040" percent="32">
    <mem type="eden" free="2096976" total="85983232" percent="2" />
    <remembered-set count="5760" freebytes="12133760" totalbytes="12156800" percent="99" regionsoverflowed="0" regionsstable="9" regionsrebuilding="0"/>
  </mem-info>
</gc-start>
<allocation-stats totalBytes="83812976" >
  <allocated-bytes non-tlh="0" tlh="83812976" arrayletleaf="0"/>
  <largest-consumer threadName="main" threadId="0000000001E02F00" bytes="83812976" />
</allocation-stats>
<gc-op id="3047" type="copy forward" timems="13.426" contextid="3044" timestamp="2019-08-11T06:21:05.785">
  <memory-copied type="eden" objects="25" bytes="1096" bytesdiscarded="696" />
  <memory-copied type="other" objects="6" bytes="144" bytesdiscarded="672" />
  <memory-cardclean objects="47" bytes="1784" />
  <regions eden="40" other="2" />
  <remembered-set-cleared processed="719" cleared="8" durationms="0.147" />
  <stringconstants candidates="13661" cleared="0"  />
</gc-op>
<gc-op id="3048" type="classunload" timems="0.009" contextid="3044" timestamp="2019-08-11T06:21:05.785">
  <classunload-info classloadercandidates="53" classloadersunloaded="0" classesunloaded="0" anonymousclassesunloaded="0" quiescems="0.000" setupms="0.009" scanms="0.000" postms="0.000" />
</gc-op>
<gc-end id="3049" type="partial gc" contextid="3044" durationms="15.053" usertimems="33.688" systemtimems="0.000" timestamp="2019-08-11T06:21:05.785" activeThreads="16">
  <mem-info id="3050" free="182452224" total="304087040" percent="60">
    <mem type="eden" free="2095360" total="2097152" percent="99" />
    <remembered-set count="5728" freebytes="12133888" totalbytes="12156800" percent="99" regionsoverflowed="0" regionsstable="9" regionsrebuilding="0"/>
  </mem-info>
</gc-end>
<cycle-end id="3051" type="partial gc" contextid="3044" timestamp="2019-08-11T06:21:05.785" />
  <attribute name="elasticGC enabled" value="1" />
  <attribute name= "numThreadsSpecified" value="16" />
  <attribute name="heapSize specified" value="0" />
  <attribute name="Current GC Util" value="154" />
  <attribute name= "Current Time Running" value="176964" />
  <attribute name ="GC Interval" value="0" />
  <attribute name="ProportionalT" value="37.000000" />
  <attribute name="ProportionalI" value="37.000000" />
  <attribute name="ProportionalH" value="37.000000" />
  <attribute name="Current Error" value="74.000000" />
  <attribute name="IntegralT" value="37.000000" />
  <attribute name="IntegralI" value="37.000000" />
  <attribute name="IntegralH" value="37.000000" />
  <attribute name="DerivativeT" value="74.000000" />
  <attribute name="DerivativeI" value="74.000000" />
  <attribute name="DerivativeH" value="74.000000" />
  <attribute name="Loop Time for DT" value="1.000000" />
  <attribute name="Output H" value="8388608"/>
  <attribute name="Output I" value="200"/>
  <attribute name="Output T" value="16"/>
  <attribute name="Target GC Util Change" value ="80.000000" />
  <attribute name="Current GC Util Change" value="154.000000"/>
  <attribute name="GC Util currently" value="154" />
  <attribute name="CPU Util currently" value="1169025953826" />
<exclusive-end id="3052" timestamp="2019-08-11T06:21:05.785" durationms="15.756" />

<exclusive-start id="3053" timestamp="2019-08-11T06:21:05.869" intervalms="99.853">
  <response-info timems="0.016" idlems="0.016" threads="0" lastid="0000000001E02F00" lastname="main" />
</exclusive-start>
<allocation-taxation id="3054" taxation-threshold="83886080" timestamp="2019-08-11T06:21:05.869" intervalms="99.845" />
<cycle-start id="3055" type="partial gc" contextid="0" timestamp="2019-08-11T06:21:05.869" intervalms="99.860" />
<gc-start id="3056" type="partial gc" contextid="3055" timestamp="2019-08-11T06:21:05.869">
  <mem-info id="3057" free="98566144" total="304087040" percent="32">
    <mem type="eden" free="0" total="83886080" percent="0" />
    <remembered-set count="5344" freebytes="12135424" totalbytes="12156800" percent="99" regionsoverflowed="0" regionsstable="9" regionsrebuilding="0"/>
  </mem-info>
</gc-start>
<allocation-stats totalBytes="83857816" >
  <allocated-bytes non-tlh="0" tlh="83857816" arrayletleaf="0"/>
  <largest-consumer threadName="main" threadId="0000000001E02F00" bytes="83857816" />
</allocation-stats>
<gc-op id="3058" type="copy forward" timems="9.676" contextid="3055" timestamp="2019-08-11T06:21:05.880">
  <memory-copied type="eden" objects="39" bytes="1568" bytesdiscarded="696" />
  <memory-copied type="other" objects="12" bytes="288" bytesdiscarded="1344" />
  <memory-cardclean objects="47" bytes="1784" />
  <regions eden="40" other="2" />
  <remembered-set-cleared processed="719" cleared="8" durationms="0.135" />
  <stringconstants candidates="13661" cleared="0"  />
</gc-op>
<gc-op id="3059" type="classunload" timems="0.010" contextid="3055" timestamp="2019-08-11T06:21:05.880">
  <classunload-info classloadercandidates="53" classloadersunloaded="0" classesunloaded="0" anonymousclassesunloaded="0" quiescems="0.000" setupms="0.010" scanms="0.000" postms="0.000" />
</gc-op>
<heap-resize id="3060" type="expand" space="default" amount="6291456" count="1" timems="0.081" reason="excessive time being spent in gc" timestamp="2019-08-11T06:21:05.880" />
<gc-end id="3061" type="partial gc" contextid="3055" durationms="11.013" usertimems="26.334" systemtimems="0.000" timestamp="2019-08-11T06:21:05.880" activeThreads="16">
  <mem-info id="3062" free="186646528" total="310378496" percent="60">
    <mem type="eden" free="2094888" total="2097152" percent="99" />
    <remembered-set count="5216" freebytes="12387456" totalbytes="12408320" percent="99" regionsoverflowed="0" regionsstable="9" regionsrebuilding="0"/>
  </mem-info>
</gc-end>
<cycle-end id="3063" type="partial gc" contextid="3055" timestamp="2019-08-11T06:21:05.881" />
  <attribute name="elasticGC enabled" value="1" />
  <attribute name= "numThreadsSpecified" value="16" />
  <attribute name="heapSize specified" value="0" />
  <attribute name="Current GC Util" value="125" />
  <attribute name= "Current Time Running" value="177063" />
  <attribute name ="GC Interval" value="0" />
  <attribute name="ProportionalT" value="22.500000" />
  <attribute name="ProportionalI" value="22.500000" />
  <attribute name="ProportionalH" value="22.500000" />
  <attribute name="Current Error" value="45.000000" />
  <attribute name="IntegralT" value="22.500000" />
  <attribute name="IntegralI" value="22.500000" />
  <attribute name="IntegralH" value="22.500000" />
  <attribute name="DerivativeT" value="45.000000" />
  <attribute name="DerivativeI" value="45.000000" />
  <attribute name="DerivativeH" value="45.000000" />
  <attribute name="Loop Time for DT" value="1.000000" />
  <attribute name="Output H" value="8388608"/>
  <attribute name="Output I" value="200"/>
  <attribute name="Output T" value="16"/>
  <attribute name="Target GC Util Change" value ="80.000000" />
  <attribute name="Current GC Util Change" value="125.000000"/>
  <attribute name="GC Util currently" value="125" />
  <attribute name="CPU Util currently" value="1625531826239" />
<exclusive-end id="3064" timestamp="2019-08-11T06:21:05.881" durationms="11.622" />

<exclusive-start id="3065" timestamp="2019-08-11T06:21:06.092" intervalms="222.806">
  <response-info timems="0.033" idlems="0.033" threads="0" lastid="0000000001E02F00" lastname="main" />
</exclusive-start>
<allocation-taxation id="3066" taxation-threshold="83886080" timestamp="2019-08-11T06:21:06.092" intervalms="222.863" />
<cycle-start id="3067" type="partial gc" contextid="0" timestamp="2019-08-11T06:21:06.092" intervalms="222.824" />
<gc-start id="3068" type="partial gc" contextid="3067" timestamp="2019-08-11T06:21:06.092">
  <mem-info id="3069" free="102760448" total="310378496" percent="33">
    <mem type="eden" free="0" total="83886080" percent="0" />
    <remembered-set count="4864" freebytes="12388864" totalbytes="12408320" percent="99" regionsoverflowed="0" regionsstable="9" regionsrebuilding="0"/>
  </mem-info>
</gc-start>
<allocation-stats totalBytes="79641608" >
  <allocated-bytes non-tlh="0" tlh="79641608" arrayletleaf="0"/>
  <largest-consumer threadName="main" threadId="0000000001E02F00" bytes="79641608" />
</allocation-stats>
<gc-op id="3070" type="copy forward" timems="9.124" contextid="3067" timestamp="2019-08-11T06:21:06.102">
  <memory-copied type="eden" objects="65" bytes="20168" bytesdiscarded="576" />
  <memory-copied type="other" objects="12" bytes="288" bytesdiscarded="1344" />
  <memory-cardclean objects="105" bytes="3128" />
  <regions eden="40" other="2" />
  <remembered-set-cleared processed="721" cleared="14" durationms="0.123" />
  <stringconstants candidates="13661" cleared="0"  />
</gc-op>
<gc-op id="3071" type="classunload" timems="0.008" contextid="3067" timestamp="2019-08-11T06:21:06.102">
  <classunload-info classloadercandidates="53" classloadersunloaded="0" classesunloaded="0" anonymousclassesunloaded="0" quiescems="0.000" setupms="0.008" scanms="0.000" postms="0.000" />
</gc-op>
<gc-end id="3072" type="partial gc" contextid="3067" durationms="10.271" usertimems="25.536" systemtimems="0.000" timestamp="2019-08-11T06:21:06.103" activeThreads="16">
  <mem-info id="3073" free="184549376" total="310378496" percent="59">
    <mem type="eden" free="2076408" total="2097152" percent="99" />
    <remembered-set count="5728" freebytes="12385408" totalbytes="12408320" percent="99" regionsoverflowed="0" regionsstable="9" regionsrebuilding="0"/>
  </mem-info>
</gc-end>
<cycle-end id="3074" type="partial gc" contextid="3067" timestamp="2019-08-11T06:21:06.104" />
  <attribute name="elasticGC enabled" value="1" />
  <attribute name= "numThreadsSpecified" value="16" />
  <attribute name="heapSize specified" value="0" />
  <attribute name="Current GC Util" value="170" />
  <attribute name= "Current Time Running" value="177286" />
  <attribute name ="GC Interval" value="0" />
  <attribute name="ProportionalT" value="45.000000" />
  <attribute name="ProportionalI" value="45.000000" />
  <attribute name="ProportionalH" value="45.000000" />
  <attribute name="Current Error" value="90.000000" />
  <attribute name="IntegralT" value="45.000000" />
  <attribute name="IntegralI" value="45.000000" />
  <attribute name="IntegralH" value="45.000000" />
  <attribute name="DerivativeT" value="90.000000" />
  <attribute name="DerivativeI" value="90.000000" />
  <attribute name="DerivativeH" value="90.000000" />
  <attribute name="Loop Time for DT" value="1.000000" />
  <attribute name="Output H" value="8388608"/>
  <attribute name="Output I" value="200"/>
  <attribute name="Output T" value="16"/>
  <attribute name="Target GC Util Change" value ="80.000000" />
  <attribute name="Current GC Util Change" value="170.000000"/>
  <attribute name="GC Util currently" value="170" />
  <attribute name="CPU Util currently" value="1997178904071" />
<exclusive-end id="3075" timestamp="2019-08-11T06:21:06.104" durationms="12.317" />

<exclusive-start id="3076" timestamp="2019-08-11T06:21:06.306" intervalms="214.023">
  <response-info timems="0.016" idlems="0.016" threads="0" lastid="0000000001E02F00" lastname="main" />
</exclusive-start>
<allocation-taxation id="3077" taxation-threshold="83886080" timestamp="2019-08-11T06:21:06.306" intervalms="213.972" />
<cycle-start id="3078" type="partial gc" contextid="0" timestamp="2019-08-11T06:21:06.306" intervalms="213.960" />
<gc-start id="3079" type="partial gc" contextid="3078" timestamp="2019-08-11T06:21:06.306">
  <mem-info id="3080" free="100663296" total="310378496" percent="32">
    <mem type="eden" free="0" total="83886080" percent="0" />
    <remembered-set count="5248" freebytes="12387328" totalbytes="12408320" percent="99" regionsoverflowed="0" regionsstable="9" regionsrebuilding="0"/>
  </mem-info>
</gc-start>
<allocation-stats totalBytes="83875568" >
  <allocated-bytes non-tlh="0" tlh="83875568" arrayletleaf="0"/>
  <largest-consumer threadName="main" threadId="0000000001E02F00" bytes="83875568" />
</allocation-stats>
<gc-op id="3081" type="copy forward" timems="10.144" contextid="3078" timestamp="2019-08-11T06:21:06.317">
  <memory-copied type="eden" objects="74" bytes="2256" bytesdiscarded="1152" />
  <memory-copied type="other" objects="42" bytes="1008" bytesdiscarded="864" />
  <memory-cardclean objects="120" bytes="3808" />
  <regions eden="40" other="2" />
  <remembered-set-cleared processed="721" cleared="17" durationms="0.143" />
  <stringconstants candidates="13661" cleared="0"  />
</gc-op>
<gc-op id="3082" type="classunload" timems="0.008" contextid="3078" timestamp="2019-08-11T06:21:06.317">
  <classunload-info classloadercandidates="53" classloadersunloaded="0" classesunloaded="0" anonymousclassesunloaded="0" quiescems="0.000" setupms="0.008" scanms="0.000" postms="0.000" />
</gc-op>
<gc-end id="3083" type="partial gc" contextid="3078" durationms="11.493" usertimems="23.401" systemtimems="0.000" timestamp="2019-08-11T06:21:06.318" activeThreads="16">
  <mem-info id="3084" free="182452224" total="310378496" percent="58">
    <mem type="eden" free="2093744" total="2097152" percent="99" />
    <remembered-set count="5664" freebytes="12385664" totalbytes="12408320" percent="99" regionsoverflowed="0" regionsstable="9" regionsrebuilding="0"/>
  </mem-info>
</gc-end>
<cycle-end id="3085" type="partial gc" contextid="3078" timestamp="2019-08-11T06:21:06.318" />
  <attribute name="elasticGC enabled" value="1" />
  <attribute name= "numThreadsSpecified" value="16" />
  <attribute name="heapSize specified" value="0" />
  <attribute name="Current GC Util" value="117" />
  <attribute name= "Current Time Running" value="177500" />
  <attribute name ="GC Interval" value="0" />
  <attribute name="ProportionalT" value="18.500000" />
  <attribute name="ProportionalI" value="18.500000" />
  <attribute name="ProportionalH" value="18.500000" />
  <attribute name="Current Error" value="37.000000" />
  <attribute name="IntegralT" value="18.500000" />
  <attribute name="IntegralI" value="18.500000" />
  <attribute name="IntegralH" value="18.500000" />
  <attribute name="DerivativeT" value="37.000000" />
  <attribute name="DerivativeI" value="37.000000" />
  <attribute name="DerivativeH" value="37.000000" />
  <attribute name="Loop Time for DT" value="1.000000" />
  <attribute name="Output H" value="8388608"/>
  <attribute name="Output I" value="200"/>
  <attribute name="Output T" value="16"/>
  <attribute name="Target GC Util Change" value ="80.000000" />
  <attribute name="Current GC Util Change" value="117.000000"/>
  <attribute name="GC Util currently" value="117" />
  <attribute name="CPU Util currently" value="1335381271742" />
<exclusive-end id="3086" timestamp="2019-08-11T06:21:06.318" durationms="12.078" />

<exclusive-start id="3087" timestamp="2019-08-11T06:21:06.411" intervalms="105.350">
  <response-info timems="0.013" idlems="0.013" threads="0" lastid="0000000001E02F00" lastname="main" />
</exclusive-start>
<allocation-taxation id="3088" taxation-threshold="83886080" timestamp="2019-08-11T06:21:06.411" intervalms="105.349" />
<cycle-start id="3089" type="partial gc" contextid="0" timestamp="2019-08-11T06:21:06.411" intervalms="105.391" />
<gc-start id="3090" type="partial gc" contextid="3089" timestamp="2019-08-11T06:21:06.412">
  <mem-info id="3091" free="98566144" total="310378496" percent="31">
    <mem type="eden" free="0" total="83886080" percent="0" />
    <remembered-set count="5440" freebytes="12386560" totalbytes="12408320" percent="99" regionsoverflowed="0" regionsstable="9" regionsrebuilding="0"/>
  </mem-info>
</gc-start>
<allocation-stats totalBytes="83862088" >
  <allocated-bytes non-tlh="0" tlh="83862088" arrayletleaf="0"/>
  <largest-consumer threadName="main" threadId="0000000001E02F00" bytes="83862088" />
</allocation-stats>
<gc-op id="3092" type="copy forward" timems="9.437" contextid="3089" timestamp="2019-08-11T06:21:06.422">
  <memory-copied type="eden" objects="31" bytes="968" bytesdiscarded="1224" />
  <memory-copied type="other" objects="70" bytes="1752" bytesdiscarded="1392" />
  <memory-cardclean objects="139" bytes="4568" />
  <regions eden="40" other="2" />
  <remembered-set-cleared processed="721" cleared="18" durationms="0.129" />
  <stringconstants candidates="13661" cleared="0"  />
</gc-op>
<gc-op id="3093" type="classunload" timems="0.009" contextid="3089" timestamp="2019-08-11T06:21:06.422">
  <classunload-info classloadercandidates="53" classloadersunloaded="0" classesunloaded="0" anonymousclassesunloaded="0" quiescems="0.000" setupms="0.009" scanms="0.000" postms="0.000" />
</gc-op>
<gc-end id="3094" type="partial gc" contextid="3089" durationms="10.629" usertimems="24.229" systemtimems="0.000" timestamp="2019-08-11T06:21:06.422" activeThreads="16">
  <mem-info id="3095" free="180355072" total="310378496" percent="58">
    <mem type="eden" free="2094960" total="2097152" percent="99" />
    <remembered-set count="6112" freebytes="12383872" totalbytes="12408320" percent="99" regionsoverflowed="0" regionsstable="9" regionsrebuilding="0"/>
  </mem-info>
</gc-end>
<cycle-end id="3096" type="partial gc" contextid="3089" timestamp="2019-08-11T06:21:06.422" />
  <attribute name="elasticGC enabled" value="1" />
  <attribute name= "numThreadsSpecified" value="16" />
  <attribute name="heapSize specified" value="0" />
  <attribute name="Current GC Util" value="132" />
  <attribute name= "Current Time Running" value="177605" />
  <attribute name ="GC Interval" value="0" />
  <attribute name="ProportionalT" value="26.000000" />
  <attribute name="ProportionalI" value="26.000000" />
  <attribute name="ProportionalH" value="26.000000" />
  <attribute name="Current Error" value="52.000000" />
  <attribute name="IntegralT" value="26.000000" />
  <attribute name="IntegralI" value="26.000000" />
  <attribute name="IntegralH" value="26.000000" />
  <attribute name="DerivativeT" value="52.000000" />
  <attribute name="DerivativeI" value="52.000000" />
  <attribute name="DerivativeH" value="52.000000" />
  <attribute name="Loop Time for DT" value="1.000000" />
  <attribute name="Output H" value="8388608"/>
  <attribute name="Output I" value="200"/>
  <attribute name="Output T" value="16"/>
  <attribute name="Target GC Util Change" value ="80.000000" />
  <attribute name="Current GC Util Change" value="132.000000"/>
  <attribute name="GC Util currently" value="132" />
  <attribute name="CPU Util currently" value="1722493066277" />
<exclusive-end id="3097" timestamp="2019-08-11T06:21:06.422" durationms="11.201" />

<exclusive-start id="3098" timestamp="2019-08-11T06:21:06.542" intervalms="130.386">
  <response-info timems="0.020" idlems="0.020" threads="0" lastid="0000000001E02F00" lastname="main" />
</exclusive-start>
<allocation-taxation id="3099" taxation-threshold="83886080" timestamp="2019-08-11T06:21:06.542" intervalms="130.388" />
<cycle-start id="3100" type="partial gc" contextid="0" timestamp="2019-08-11T06:21:06.542" intervalms="130.406" />
<gc-start id="3101" type="partial gc" contextid="3100" timestamp="2019-08-11T06:21:06.542">
  <mem-info id="3102" free="96468992" total="310378496" percent="31">
    <mem type="eden" free="0" total="83886080" percent="0" />
    <remembered-set count="5664" freebytes="12385664" totalbytes="12408320" percent="99" regionsoverflowed="0" regionsstable="9" regionsrebuilding="0"/>
  </mem-info>
</gc-start>
<allocation-stats totalBytes="83876376" >
  <allocated-bytes non-tlh="0" tlh="83876376" arrayletleaf="0"/>
  <largest-consumer threadName="main" threadId="0000000001E02F00" bytes="83876376" />
</allocation-stats>
<gc-op id="3103" type="copy forward" timems="7.997" contextid="3100" timestamp="2019-08-11T06:21:06.551">
  <memory-copied type="eden" objects="35" bytes="1056" bytesdiscarded="1344" />
  <memory-copied type="other" objects="47" bytes="1224" bytesdiscarded="2280" />
  <memory-cardclean objects="112" bytes="3816" />
  <regions eden="40" other="2" />
  <remembered-set-cleared processed="723" cleared="14" durationms="0.251" />
  <stringconstants candidates="13661" cleared="0"  />
</gc-op>
<gc-op id="3104" type="classunload" timems="0.009" contextid="3100" timestamp="2019-08-11T06:21:06.551">
  <classunload-info classloadercandidates="53" classloadersunloaded="0" classesunloaded="0" anonymousclassesunloaded="0" quiescems="0.000" setupms="0.009" scanms="0.000" postms="0.000" />
</gc-op>
<gc-end id="3105" type="partial gc" contextid="3100" durationms="9.367" usertimems="23.000" systemtimems="0.000" timestamp="2019-08-11T06:21:06.551" activeThreads="16">
  <mem-info id="3106" free="178257920" total="310378496" percent="57">
    <mem type="eden" free="2094752" total="2097152" percent="99" />
    <remembered-set count="6272" freebytes="12383232" totalbytes="12408320" percent="99" regionsoverflowed="0" regionsstable="9" regionsrebuilding="0"/>
  </mem-info>
</gc-end>
<cycle-end id="3107" type="partial gc" contextid="3100" timestamp="2019-08-11T06:21:06.552" />
  <attribute name="elasticGC enabled" value="1" />
  <attribute name= "numThreadsSpecified" value="16" />
  <attribute name="heapSize specified" value="0" />
  <attribute name="Current GC Util" value="201" />
  <attribute name= "Current Time Running" value="177736" />
  <attribute name ="GC Interval" value="0" />
  <attribute name="ProportionalT" value="60.500000" />
  <attribute name="ProportionalI" value="60.500000" />
  <attribute name="ProportionalH" value="60.500000" />
  <attribute name="Current Error" value="121.000000" />
  <attribute name="IntegralT" value="60.500000" />
  <attribute name="IntegralI" value="60.500000" />
  <attribute name="IntegralH" value="60.500000" />
  <attribute name="DerivativeT" value="121.000000" />
  <attribute name="DerivativeI" value="121.000000" />
  <attribute name="DerivativeH" value="121.000000" />
  <attribute name="Loop Time for DT" value="1.000000" />
  <attribute name="Output H" value="8388608"/>
  <attribute name="Output I" value="248"/>
  <attribute name="Output T" value="16"/>
  <attribute name="Target GC Util Change" value ="80.000000" />
  <attribute name="Current GC Util Change" value="201.000000"/>
  <attribute name="GC Util currently" value="201" />
  <attribute name="CPU Util currently" value="1436032358856" />
<exclusive-end id="3108" timestamp="2019-08-11T06:21:06.552" durationms="10.147" />

<exclusive-start id="3109" timestamp="2019-08-11T06:21:06.779" intervalms="237.326">
  <response-info timems="0.016" idlems="0.016" threads="0" lastid="0000000001E02F00" lastname="main" />
</exclusive-start>
<allocation-taxation id="3110" taxation-threshold="83886080" timestamp="2019-08-11T06:21:06.779" intervalms="237.323" />
<cycle-start id="3111" type="partial gc" contextid="0" timestamp="2019-08-11T06:21:06.779" intervalms="237.272" />
<gc-start id="3112" type="partial gc" contextid="3111" timestamp="2019-08-11T06:21:06.779">
  <mem-info id="3113" free="94371840" total="310378496" percent="30">
    <mem type="eden" free="0" total="83886080" percent="0" />
    <remembered-set count="5856" freebytes="12384896" totalbytes="12408320" percent="99" regionsoverflowed="0" regionsstable="9" regionsrebuilding="0"/>
  </mem-info>
</gc-start>
<allocation-stats totalBytes="83881592" >
  <allocated-bytes non-tlh="0" tlh="83881592" arrayletleaf="0"/>
  <largest-consumer threadName="main" threadId="0000000001E02F00" bytes="83881592" />
</allocation-stats>
<gc-op id="3114" type="copy forward" timems="13.229" contextid="3111" timestamp="2019-08-11T06:21:06.794">
  <memory-copied type="eden" objects="59" bytes="1568" bytesdiscarded="696" />
  <memory-copied type="other" objects="25" bytes="624" bytesdiscarded="2592" />
  <memory-cardclean objects="141" bytes="4392" />
  <regions eden="40" other="2" />
  <remembered-set-cleared processed="728" cleared="16" durationms="0.148" />
  <stringconstants candidates="13661" cleared="0"  />
</gc-op>
<gc-op id="3115" type="classunload" timems="0.010" contextid="3111" timestamp="2019-08-11T06:21:06.794">
  <classunload-info classloadercandidates="53" classloadersunloaded="0" classesunloaded="0" anonymousclassesunloaded="0" quiescems="0.000" setupms="0.009" scanms="0.000" postms="0.000" />
</gc-op>
<gc-end id="3116" type="partial gc" contextid="3111" durationms="14.608" usertimems="29.334" systemtimems="0.000" timestamp="2019-08-11T06:21:06.794" activeThreads="16">
  <mem-info id="3117" free="176160768" total="310378496" percent="56">
    <mem type="eden" free="2094888" total="2097152" percent="99" />
    <remembered-set count="7808" freebytes="12377088" totalbytes="12408320" percent="99" regionsoverflowed="0" regionsstable="9" regionsrebuilding="0"/>
  </mem-info>
</gc-end>
<cycle-end id="3118" type="partial gc" contextid="3111" timestamp="2019-08-11T06:21:06.794" />
  <attribute name="elasticGC enabled" value="1" />
  <attribute name= "numThreadsSpecified" value="16" />
  <attribute name="heapSize specified" value="0" />
  <attribute name="Current GC Util" value="174" />
  <attribute name= "Current Time Running" value="177973" />
  <attribute name ="GC Interval" value="0" />
  <attribute name="ProportionalT" value="47.000000" />
  <attribute name="ProportionalI" value="47.000000" />
  <attribute name="ProportionalH" value="47.000000" />
  <attribute name="Current Error" value="94.000000" />
  <attribute name="IntegralT" value="47.000000" />
  <attribute name="IntegralI" value="47.000000" />
  <attribute name="IntegralH" value="47.000000" />
  <attribute name="DerivativeT" value="94.000000" />
  <attribute name="DerivativeI" value="94.000000" />
  <attribute name="DerivativeH" value="94.000000" />
  <attribute name="Loop Time for DT" value="1.000000" />
  <attribute name="Output H" value="8388608"/>
  <attribute name="Output I" value="200"/>
  <attribute name="Output T" value="16"/>
  <attribute name="Target GC Util Change" value ="80.000000" />
  <attribute name="Current GC Util Change" value="174.000000"/>
  <attribute name="GC Util currently" value="174" />
  <attribute name="CPU Util currently" value="1717489421344" />
<exclusive-end id="3119" timestamp="2019-08-11T06:21:06.794" durationms="15.429" />

<exclusive-start id="3120" timestamp="2019-08-11T06:21:06.874" intervalms="95.006">
  <response-info timems="0.020" idlems="0.020" threads="0" lastid="0000000001E02F00" lastname="main" />
</exclusive-start>
<allocation-taxation id="3121" taxation-threshold="83886080" timestamp="2019-08-11T06:21:06.874" intervalms="95.006" />
<cycle-start id="3122" type="partial gc" contextid="0" timestamp="2019-08-11T06:21:06.874" intervalms="95.142" />
<gc-start id="3123" type="partial gc" contextid="3122" timestamp="2019-08-11T06:21:06.874">
  <mem-info id="3124" free="92274688" total="310378496" percent="29">
    <mem type="eden" free="0" total="83886080" percent="0" />
    <remembered-set count="7360" freebytes="12378880" totalbytes="12408320" percent="99" regionsoverflowed="0" regionsstable="9" regionsrebuilding="0"/>
  </mem-info>
</gc-start>
<allocation-stats totalBytes="83879944" >
  <allocated-bytes non-tlh="0" tlh="83879944" arrayletleaf="0"/>
  <largest-consumer threadName="main" threadId="0000000001E02F00" bytes="83879944" />
</allocation-stats>
<gc-op id="3125" type="copy forward" timems="7.736" contextid="3122" timestamp="2019-08-11T06:21:06.883">
  <memory-copied type="eden" objects="27" bytes="824" bytesdiscarded="0" />
  <memory-copied type="other" objects="54" bytes="1296" bytesdiscarded="2256" />
  <memory-cardclean objects="100" bytes="3160" />
  <regions eden="40" other="2" />
  <remembered-set-cleared processed="731" cleared="13" durationms="0.141" />
  <stringconstants candidates="13661" cleared="0"  />
</gc-op>
<gc-op id="3126" type="classunload" timems="0.009" contextid="3122" timestamp="2019-08-11T06:21:06.883">
  <classunload-info classloadercandidates="53" classloadersunloaded="0" classesunloaded="0" anonymousclassesunloaded="0" quiescems="0.000" setupms="0.009" scanms="0.000" postms="0.000" />
</gc-op>
<gc-end id="3127" type="partial gc" contextid="3122" durationms="9.113" usertimems="20.086" systemtimems="0.000" timestamp="2019-08-11T06:21:06.884" activeThreads="16">
  <mem-info id="3128" free="174063616" total="310378496" percent="56">
    <mem type="eden" free="2096328" total="2097152" percent="99" />
    <remembered-set count="6944" freebytes="12380544" totalbytes="12408320" percent="99" regionsoverflowed="0" regionsstable="9" regionsrebuilding="0"/>
  </mem-info>
</gc-end>
<cycle-end id="3129" type="partial gc" contextid="3122" timestamp="2019-08-11T06:21:06.884" />
  <attribute name="elasticGC enabled" value="1" />
  <attribute name= "numThreadsSpecified" value="16" />
  <attribute name="heapSize specified" value="0" />
  <attribute name="Current GC Util" value="158" />
  <attribute name= "Current Time Running" value="178068" />
  <attribute name ="GC Interval" value="0" />
  <attribute name="ProportionalT" value="39.000000" />
  <attribute name="ProportionalI" value="39.000000" />
  <attribute name="ProportionalH" value="39.000000" />
  <attribute name="Current Error" value="78.000000" />
  <attribute name="IntegralT" value="39.000000" />
  <attribute name="IntegralI" value="39.000000" />
  <attribute name="IntegralH" value="39.000000" />
  <attribute name="DerivativeT" value="78.000000" />
  <attribute name="DerivativeI" value="78.000000" />
  <attribute name="DerivativeH" value="78.000000" />
  <attribute name="Loop Time for DT" value="1.000000" />
  <attribute name="Output H" value="8388608"/>
  <attribute name="Output I" value="200"/>
  <attribute name="Output T" value="16"/>
  <attribute name="Target GC Util Change" value ="80.000000" />
  <attribute name="Current GC Util Change" value="158.000000"/>
  <attribute name="GC Util currently" value="158" />
  <attribute name="CPU Util currently" value="2085622067936" />
<exclusive-end id="3130" timestamp="2019-08-11T06:21:06.884" durationms="10.042" />

<exclusive-start id="3131" timestamp="2019-08-11T06:21:07.045" intervalms="170.743">
  <response-info timems="0.019" idlems="0.019" threads="0" lastid="0000000001E02F00" lastname="main" />
</exclusive-start>
<allocation-taxation id="3132" taxation-threshold="83886080" timestamp="2019-08-11T06:21:07.045" intervalms="170.739" />
<cycle-start id="3133" type="partial gc" contextid="0" timestamp="2019-08-11T06:21:07.045" intervalms="170.612" />
<gc-start id="3134" type="partial gc" contextid="3133" timestamp="2019-08-11T06:21:07.045">
  <mem-info id="3135" free="90177536" total="310378496" percent="29">
    <mem type="eden" free="0" total="83886080" percent="0" />
    <remembered-set count="6880" freebytes="12380800" totalbytes="12408320" percent="99" regionsoverflowed="0" regionsstable="9" regionsrebuilding="0"/>
  </mem-info>
</gc-start>
<allocation-stats totalBytes="83865368" >
  <allocated-bytes non-tlh="0" tlh="83865368" arrayletleaf="0"/>
  <largest-consumer threadName="main" threadId="0000000001E02F00" bytes="83865368" />
</allocation-stats>
<gc-op id="3136" type="copy forward" timems="6.874" contextid="3133" timestamp="2019-08-11T06:21:07.053">
  <memory-copied type="eden" objects="53" bytes="2192" bytesdiscarded="1200" />
  <memory-copied type="other" objects="48" bytes="1152" bytesdiscarded="2328" />
  <memory-cardclean objects="137" bytes="4016" />
  <regions eden="40" other="2" />
  <remembered-set-cleared processed="734" cleared="18" durationms="0.145" />
  <stringconstants candidates="13661" cleared="0"  />
</gc-op>
<gc-op id="3137" type="classunload" timems="0.009" contextid="3133" timestamp="2019-08-11T06:21:07.053">
  <classunload-info classloadercandidates="53" classloadersunloaded="0" classesunloaded="0" anonymousclassesunloaded="0" quiescems="0.000" setupms="0.009" scanms="0.000" postms="0.000" />
</gc-op>
<gc-end id="3138" type="partial gc" contextid="3133" durationms="8.247" usertimems="18.312" systemtimems="0.000" timestamp="2019-08-11T06:21:07.053" activeThreads="16">
  <mem-info id="3139" free="171966464" total="310378496" percent="55">
    <mem type="eden" free="2093760" total="2097152" percent="99" />
    <remembered-set count="8416" freebytes="12374656" totalbytes="12408320" percent="99" regionsoverflowed="0" regionsstable="9" regionsrebuilding="0"/>
  </mem-info>
</gc-end>
<cycle-end id="3140" type="partial gc" contextid="3133" timestamp="2019-08-11T06:21:07.054" />
  <attribute name="elasticGC enabled" value="1" />
  <attribute name= "numThreadsSpecified" value="16" />
  <attribute name="heapSize specified" value="0" />
  <attribute name="Current GC Util" value="128" />
  <attribute name= "Current Time Running" value="178239" />
  <attribute name ="GC Interval" value="0" />
  <attribute name="ProportionalT" value="24.000000" />
  <attribute name="ProportionalI" value="24.000000" />
  <attribute name="ProportionalH" value="24.000000" />
  <attribute name="Current Error" value="48.000000" />
  <attribute name="IntegralT" value="24.000000" />
  <attribute name="IntegralI" value="24.000000" />
  <attribute name="IntegralH" value="24.000000" />
  <attribute name="DerivativeT" value="48.000000" />
  <attribute name="DerivativeI" value="48.000000" />
  <attribute name="DerivativeH" value="48.000000" />
  <attribute name="Loop Time for DT" value="1.000000" />
  <attribute name="Output H" value="8388608"/>
  <attribute name="Output I" value="200"/>
  <attribute name="Output T" value="16"/>
  <attribute name="Target GC Util Change" value ="80.000000" />
  <attribute name="Current GC Util Change" value="128.000000"/>
  <attribute name="GC Util currently" value="128" />
  <attribute name="CPU Util currently" value="1798079605794" />
<exclusive-end id="3141" timestamp="2019-08-11T06:21:07.054" durationms="9.073" />

<exclusive-start id="3142" timestamp="2019-08-11T06:21:07.182" intervalms="137.223">
  <response-info timems="0.017" idlems="0.017" threads="0" lastid="0000000001E02F00" lastname="main" />
</exclusive-start>
<allocation-taxation id="3143" taxation-threshold="83886080" timestamp="2019-08-11T06:21:07.182" intervalms="137.233" />
<cycle-start id="3144" type="partial gc" contextid="0" timestamp="2019-08-11T06:21:07.182" intervalms="137.329" />
<gc-start id="3145" type="partial gc" contextid="3144" timestamp="2019-08-11T06:21:07.182">
  <mem-info id="3146" free="88080384" total="310378496" percent="28">
    <mem type="eden" free="0" total="83886080" percent="0" />
    <remembered-set count="7968" freebytes="12376448" totalbytes="12408320" percent="99" regionsoverflowed="0" regionsstable="9" regionsrebuilding="0"/>
  </mem-info>
</gc-start>
<allocation-stats totalBytes="83840176" >
  <allocated-bytes non-tlh="0" tlh="83840176" arrayletleaf="0"/>
  <largest-consumer threadName="main" threadId="0000000001E02F00" bytes="83840176" />
</allocation-stats>
<gc-op id="3147" type="copy forward" timems="8.160" contextid="3144" timestamp="2019-08-11T06:21:07.192">
  <memory-copied type="eden" objects="29" bytes="1400" bytesdiscarded="1296" />
  <memory-copied type="other" objects="30" bytes="720" bytesdiscarded="1056" />
  <memory-cardclean objects="103" bytes="3312" />
  <regions eden="40" other="2" />
  <remembered-set-cleared processed="738" cleared="13" durationms="0.202" />
  <stringconstants candidates="13661" cleared="0"  />
</gc-op>
<gc-op id="3148" type="classunload" timems="0.008" contextid="3144" timestamp="2019-08-11T06:21:07.192">
  <classunload-info classloadercandidates="53" classloadersunloaded="0" classesunloaded="0" anonymousclassesunloaded="0" quiescems="0.000" setupms="0.008" scanms="0.000" postms="0.000" />
</gc-op>
<gc-end id="3149" type="partial gc" contextid="3144" durationms="9.687" usertimems="19.341" systemtimems="0.000" timestamp="2019-08-11T06:21:07.192" activeThreads="16">
  <mem-info id="3150" free="169869312" total="310378496" percent="54">
    <mem type="eden" free="2094456" total="2097152" percent="99" />
    <remembered-set count="7168" freebytes="12379648" totalbytes="12408320" percent="99" regionsoverflowed="0" regionsstable="9" regionsrebuilding="0"/>
  </mem-info>
</gc-end>
<cycle-end id="3151" type="partial gc" contextid="3144" timestamp="2019-08-11T06:21:07.192" />
  <attribute name="elasticGC enabled" value="1" />
  <attribute name= "numThreadsSpecified" value="16" />
  <attribute name="heapSize specified" value="0" />
  <attribute name="Current GC Util" value="120" />
  <attribute name= "Current Time Running" value="178376" />
  <attribute name ="GC Interval" value="0" />
  <attribute name="ProportionalT" value="20.000000" />
  <attribute name="ProportionalI" value="20.000000" />
  <attribute name="ProportionalH" value="20.000000" />
  <attribute name="Current Error" value="40.000000" />
  <attribute name="IntegralT" value="20.000000" />
  <attribute name="IntegralI" value="20.000000" />
  <attribute name="IntegralH" value="20.000000" />
  <attribute name="DerivativeT" value="40.000000" />
  <attribute name="DerivativeI" value="40.000000" />
  <attribute name="DerivativeH" value="40.000000" />
  <attribute name="Loop Time for DT" value="1.000000" />
  <attribute name="Output H" value="8388608"/>
  <attribute name="Output I" value="200"/>
  <attribute name="Output T" value="16"/>
  <attribute name="Target GC Util Change" value ="80.000000" />
  <attribute name="Current GC Util Change" value="120.000000"/>
  <attribute name="GC Util currently" value="120" />
  <attribute name="CPU Util currently" value="1513606252813" />
<exclusive-end id="3152" timestamp="2019-08-11T06:21:07.192" durationms="10.548" />

<exclusive-start id="3153" timestamp="2019-08-11T06:21:07.221" intervalms="38.810">
  <response-info timems="0.020" idlems="0.020" threads="0" lastid="0000000001E02F00" lastname="main" />
</exclusive-start>
<allocation-taxation id="3154" taxation-threshold="83886080" timestamp="2019-08-11T06:21:07.221" intervalms="38.803" />
<cycle-start id="3155" type="partial gc" contextid="0" timestamp="2019-08-11T06:21:07.221" intervalms="38.724" />
<gc-start id="3156" type="partial gc" contextid="3155" timestamp="2019-08-11T06:21:07.221">
  <mem-info id="3157" free="85983232" total="310378496" percent="27">
    <mem type="eden" free="0" total="83886080" percent="0" />
    <remembered-set count="6976" freebytes="12380416" totalbytes="12408320" percent="99" regionsoverflowed="0" regionsstable="9" regionsrebuilding="0"/>
  </mem-info>
</gc-start>
<allocation-stats totalBytes="83746864" >
  <allocated-bytes non-tlh="0" tlh="83746864" arrayletleaf="0"/>
  <largest-consumer threadName="main" threadId="0000000001E02F00" bytes="83746864" />
</allocation-stats>
<gc-op id="3158" type="copy forward" timems="1.590" contextid="3155" timestamp="2019-08-11T06:21:07.224">
  <memory-copied type="eden" objects="3" bytes="72" bytesdiscarded="0" />
  <memory-copied type="other" objects="51" bytes="1928" bytesdiscarded="0" />
  <memory-cardclean objects="86" bytes="2976" />
  <regions eden="40" other="2" />
  <remembered-set-cleared processed="740" cleared="12" durationms="0.353" />
  <stringconstants candidates="13661" cleared="0"  />
</gc-op>
<gc-op id="3159" type="classunload" timems="0.006" contextid="3155" timestamp="2019-08-11T06:21:07.224">
  <classunload-info classloadercandidates="53" classloadersunloaded="0" classesunloaded="0" anonymousclassesunloaded="0" quiescems="0.000" setupms="0.006" scanms="0.000" postms="0.000" />
</gc-op>
<gc-end id="3160" type="partial gc" contextid="3155" durationms="2.726" usertimems="3.844" systemtimems="0.000" timestamp="2019-08-11T06:21:07.224" activeThreads="1">
  <mem-info id="3161" free="167772160" total="310378496" percent="54">
    <mem type="eden" free="2097080" total="2097152" percent="99" />
    <remembered-set count="7104" freebytes="12379904" totalbytes="12408320" percent="99" regionsoverflowed="0" regionsstable="9" regionsrebuilding="0"/>
  </mem-info>
</gc-end>
<cycle-end id="3162" type="partial gc" contextid="3155" timestamp="2019-08-11T06:21:07.224" />
  <attribute name="elasticGC enabled" value="1" />
  <attribute name= "numThreadsSpecified" value="1" />
  <attribute name="heapSize specified" value="0" />
  <attribute name="Current GC Util" value="144" />
  <attribute name= "Current Time Running" value="178414" />
  <attribute name ="GC Interval" value="0" />
  <attribute name="ProportionalT" value="32.000000" />
  <attribute name="ProportionalI" value="32.000000" />
  <attribute name="ProportionalH" value="32.000000" />
  <attribute name="Current Error" value="64.000000" />
  <attribute name="IntegralT" value="0.000000" />
  <attribute name="IntegralI" value="0.000000" />
  <attribute name="IntegralH" value="0.000000" />
  <attribute name="DerivativeT" value="inf" />
  <attribute name="DerivativeI" value="inf" />
  <attribute name="DerivativeH" value="inf" />
  <attribute name="Loop Time for DT" value="0.000000" />
  <attribute name="Output H" value="8388608"/>
  <attribute name="Output I" value="200"/>
  <attribute name="Output T" value="1"/>
  <attribute name="Target GC Util Change" value ="80.000000" />
  <attribute name="Current GC Util Change" value="144.000000"/>
  <attribute name="GC Util currently" value="144" />
  <attribute name="CPU Util currently" value="1977329395572" />
<exclusive-end id="3163" timestamp="2019-08-11T06:21:07.224" durationms="3.299" />

<exclusive-start id="3164" timestamp="2019-08-11T06:21:07.254" intervalms="33.682">
  <response-info timems="0.021" idlems="0.021" threads="0" lastid="0000000001E02F00" lastname="main" />
</exclusive-start>
<allocation-taxation id="3165" taxation-threshold="83886080" timestamp="2019-08-11T06:21:07.254" intervalms="33.684" />
<cycle-start id="3166" type="partial gc" contextid="0" timestamp="2019-08-11T06:21:07.255" intervalms="33.652" />
<gc-start id="3167" type="partial gc" contextid="3166" timestamp="2019-08-11T06:21:07.255">
  <mem-info id="3168" free="83886080" total="310378496" percent="27">
    <mem type="eden" free="2097080" total="85983232" percent="2" />
    <remembered-set count="6880" freebytes="12380800" totalbytes="12408320" percent="99" regionsoverflowed="0" regionsstable="9" regionsrebuilding="0"/>
  </mem-info>
</gc-start>
<allocation-stats totalBytes="83736800" >
  <allocated-bytes non-tlh="0" tlh="83736800" arrayletleaf="0"/>
  <largest-consumer threadName="main" threadId="0000000001E02F00" bytes="83736800" />
</allocation-stats>
<gc-op id="3169" type="copy forward" timems="1.644" contextid="3166" timestamp="2019-08-11T06:21:07.257">
  <memory-copied type="eden" objects="4" bytes="104" bytesdiscarded="0" />
  <memory-copied type="other" objects="27" bytes="1352" bytesdiscarded="0" />
  <memory-cardclean objects="52" bytes="2072" />
  <regions eden="40" other="2" />
  <remembered-set-cleared processed="744" cleared="7" durationms="0.362" />
  <stringconstants candidates="13661" cleared="0"  />
</gc-op>
<gc-op id="3170" type="classunload" timems="0.004" contextid="3166" timestamp="2019-08-11T06:21:07.257">
  <classunload-info classloadercandidates="53" classloadersunloaded="0" classesunloaded="0" anonymousclassesunloaded="0" quiescems="0.000" setupms="0.004" scanms="0.000" postms="0.000" />
</gc-op>
<gc-end id="3171" type="partial gc" contextid="3166" durationms="2.887" usertimems="3.386" systemtimems="0.000" timestamp="2019-08-11T06:21:07.258" activeThreads="1">
  <mem-info id="3172" free="167772160" total="310378496" percent="54">
    <mem type="eden" free="2097048" total="2097152" percent="99" />
    <remembered-set count="7200" freebytes="12379520" totalbytes="12408320" percent="99" regionsoverflowed="0" regionsstable="9" regionsrebuilding="0"/>
  </mem-info>
</gc-end>
<cycle-end id="3173" type="partial gc" contextid="3166" timestamp="2019-08-11T06:21:07.258" />
  <attribute name="elasticGC enabled" value="1" />
  <attribute name= "numThreadsSpecified" value="1" />
  <attribute name="heapSize specified" value="0" />
  <attribute name="Current GC Util" value="227" />
  <attribute name= "Current Time Running" value="178448" />
  <attribute name ="GC Interval" value="0" />
  <attribute name="ProportionalT" value="73.500000" />
  <attribute name="ProportionalI" value="73.500000" />
  <attribute name="ProportionalH" value="73.500000" />
  <attribute name="Current Error" value="147.000000" />
  <attribute name="IntegralT" value="0.000000" />
  <attribute name="IntegralI" value="0.000000" />
  <attribute name="IntegralH" value="0.000000" />
  <attribute name="DerivativeT" value="inf" />
  <attribute name="DerivativeI" value="inf" />
  <attribute name="DerivativeH" value="inf" />
  <attribute name="Loop Time for DT" value="0.000000" />
  <attribute name="Output H" value="8388608"/>
  <attribute name="Output I" value="200"/>
  <attribute name="Output T" value="1"/>
  <attribute name="Target GC Util Change" value ="80.000000" />
  <attribute name="Current GC Util Change" value="227.000000"/>
  <attribute name="GC Util currently" value="227" />
  <attribute name="CPU Util currently" value="2088413948315" />
<exclusive-end id="3174" timestamp="2019-08-11T06:21:07.258" durationms="3.463" />

<exclusive-start id="3175" timestamp="2019-08-11T06:21:07.364" intervalms="109.242">
  <response-info timems="0.019" idlems="0.019" threads="0" lastid="0000000001E02F00" lastname="main" />
</exclusive-start>
<allocation-taxation id="3176" taxation-threshold="83886080" timestamp="2019-08-11T06:21:07.364" intervalms="109.244" />
<cycle-start id="3177" type="partial gc" contextid="0" timestamp="2019-08-11T06:21:07.364" intervalms="109.376" />
<gc-start id="3178" type="partial gc" contextid="3177" timestamp="2019-08-11T06:21:07.364">
  <mem-info id="3179" free="83886080" total="310378496" percent="27">
    <mem type="eden" free="2097048" total="85983232" percent="2" />
    <remembered-set count="6880" freebytes="12380800" totalbytes="12408320" percent="99" regionsoverflowed="0" regionsstable="9" regionsrebuilding="0"/>
  </mem-info>
</gc-start>
<allocation-stats totalBytes="83783072" >
  <allocated-bytes non-tlh="0" tlh="83783072" arrayletleaf="0"/>
  <largest-consumer threadName="main" threadId="0000000001E02F00" bytes="83783072" />
</allocation-stats>
<gc-op id="3180" type="copy forward" timems="10.944" contextid="3177" timestamp="2019-08-11T06:21:07.376">
  <memory-copied type="eden" objects="38" bytes="1496" bytesdiscarded="752" />
  <memory-copied type="other" objects="12" bytes="288" bytesdiscarded="1344" />
  <memory-cardclean objects="73" bytes="2504" />
  <regions eden="40" other="2" />
  <remembered-set-cleared processed="744" cleared="8" durationms="0.136" />
  <stringconstants candidates="13661" cleared="0"  />
</gc-op>
<gc-op id="3181" type="classunload" timems="0.009" contextid="3177" timestamp="2019-08-11T06:21:07.376">
  <classunload-info classloadercandidates="53" classloadersunloaded="0" classesunloaded="0" anonymousclassesunloaded="0" quiescems="0.000" setupms="0.009" scanms="0.000" postms="0.000" />
</gc-op>
<gc-end id="3182" type="partial gc" contextid="3177" durationms="12.305" usertimems="22.328" systemtimems="0.000" timestamp="2019-08-11T06:21:07.376" activeThreads="16">
  <mem-info id="3183" free="167772160" total="310378496" percent="54">
    <mem type="eden" free="2094904" total="2097152" percent="99" />
    <remembered-set count="7296" freebytes="12379136" totalbytes="12408320" percent="99" regionsoverflowed="0" regionsstable="9" regionsrebuilding="0"/>
  </mem-info>
</gc-end>
<cycle-end id="3184" type="partial gc" contextid="3177" timestamp="2019-08-11T06:21:07.377" />
  <attribute name="elasticGC enabled" value="1" />
  <attribute name= "numThreadsSpecified" value="16" />
  <attribute name="heapSize specified" value="0" />
  <attribute name="Current GC Util" value="166" />
  <attribute name= "Current Time Running" value="178558" />
  <attribute name ="GC Interval" value="0" />
  <attribute name="ProportionalT" value="43.000000" />
  <attribute name="ProportionalI" value="43.000000" />
  <attribute name="ProportionalH" value="43.000000" />
  <attribute name="Current Error" value="86.000000" />
  <attribute name="IntegralT" value="43.000000" />
  <attribute name="IntegralI" value="43.000000" />
  <attribute name="IntegralH" value="43.000000" />
  <attribute name="DerivativeT" value="86.000000" />
  <attribute name="DerivativeI" value="86.000000" />
  <attribute name="DerivativeH" value="86.000000" />
  <attribute name="Loop Time for DT" value="1.000000" />
  <attribute name="Output H" value="8388608"/>
  <attribute name="Output I" value="200"/>
  <attribute name="Output T" value="16"/>
  <attribute name="Target GC Util Change" value ="80.000000" />
  <attribute name="Current GC Util Change" value="166.000000"/>
  <attribute name="GC Util currently" value="166" />
  <attribute name="CPU Util currently" value="1513614201143" />
<exclusive-end id="3185" timestamp="2019-08-11T06:21:07.377" durationms="13.080" />

<exclusive-start id="3186" timestamp="2019-08-11T06:21:07.435" intervalms="71.347">
  <response-info timems="0.022" idlems="0.022" threads="0" lastid="0000000001E02F00" lastname="main" />
</exclusive-start>
<allocation-taxation id="3187" taxation-threshold="83886080" timestamp="2019-08-11T06:21:07.435" intervalms="71.355" />
<cycle-start id="3188" type="partial gc" contextid="0" timestamp="2019-08-11T06:21:07.435" intervalms="71.223" />
<gc-start id="3189" type="partial gc" contextid="3188" timestamp="2019-08-11T06:21:07.435">
  <mem-info id="3190" free="83886080" total="310378496" percent="27">
    <mem type="eden" free="0" total="83886080" percent="0" />
    <remembered-set count="6816" freebytes="12381056" totalbytes="12408320" percent="99" regionsoverflowed="0" regionsstable="9" regionsrebuilding="0"/>
  </mem-info>
</gc-start>
<allocation-stats totalBytes="83818776" >
  <allocated-bytes non-tlh="0" tlh="83818776" arrayletleaf="0"/>
  <largest-consumer threadName="main" threadId="0000000001E02F00" bytes="83818776" />
</allocation-stats>
<gc-op id="3191" type="copy forward" timems="8.100" contextid="3188" timestamp="2019-08-11T06:21:07.446">
  <memory-copied type="eden" objects="39" bytes="4264" bytesdiscarded="600" />
  <memory-copied type="other" objects="24" bytes="576" bytesdiscarded="2016" />
  <memory-cardclean objects="114" bytes="3544" />
  <regions eden="40" other="2" />
  <remembered-set-cleared processed="744" cleared="14" durationms="0.135" />
  <stringconstants candidates="13661" cleared="0"  />
</gc-op>
<gc-op id="3192" type="classunload" timems="0.009" contextid="3188" timestamp="2019-08-11T06:21:07.446">
  <classunload-info classloadercandidates="53" classloadersunloaded="0" classesunloaded="0" anonymousclassesunloaded="0" quiescems="0.000" setupms="0.008" scanms="0.000" postms="0.000" />
</gc-op>
<gc-end id="3193" type="partial gc" contextid="3188" durationms="10.729" usertimems="28.615" systemtimems="0.000" timestamp="2019-08-11T06:21:07.446" activeThreads="16">
  <mem-info id="3194" free="165675008" total="310378496" percent="53">
    <mem type="eden" free="2092288" total="2097152" percent="99" />
    <remembered-set count="7136" freebytes="12379776" totalbytes="12408320" percent="99" regionsoverflowed="0" regionsstable="9" regionsrebuilding="0"/>
  </mem-info>
</gc-end>
<cycle-end id="3195" type="partial gc" contextid="3188" timestamp="2019-08-11T06:21:07.446" />
  <attribute name="elasticGC enabled" value="1" />
  <attribute name= "numThreadsSpecified" value="16" />
  <attribute name="heapSize specified" value="0" />
  <attribute name="Current GC Util" value="215" />
  <attribute name= "Current Time Running" value="178630" />
  <attribute name ="GC Interval" value="0" />
  <attribute name="ProportionalT" value="67.500000" />
  <attribute name="ProportionalI" value="67.500000" />
  <attribute name="ProportionalH" value="67.500000" />
  <attribute name="Current Error" value="135.000000" />
  <attribute name="IntegralT" value="135.000000" />
  <attribute name="IntegralI" value="135.000000" />
  <attribute name="IntegralH" value="135.000000" />
  <attribute name="DerivativeT" value="67.500000" />
  <attribute name="DerivativeI" value="67.500000" />
  <attribute name="DerivativeH" value="67.500000" />
  <attribute name="Loop Time for DT" value="2.000000" />
  <attribute name="Output H" value="8388608"/>
  <attribute name="Output I" value="272"/>
  <attribute name="Output T" value="16"/>
  <attribute name="Target GC Util Change" value ="80.000000" />
  <attribute name="Current GC Util Change" value="215.000000"/>
  <attribute name="GC Util currently" value="215" />
  <attribute name="CPU Util currently" value="555473813635" />
<exclusive-end id="3196" timestamp="2019-08-11T06:21:07.446" durationms="11.365" />

<exclusive-start id="3197" timestamp="2019-08-11T06:21:07.639" intervalms="204.187">
  <response-info timems="0.019" idlems="0.019" threads="0" lastid="0000000001E02F00" lastname="main" />
</exclusive-start>
<allocation-taxation id="3198" taxation-threshold="83886080" timestamp="2019-08-11T06:21:07.639" intervalms="204.177" />
<cycle-start id="3199" type="partial gc" contextid="0" timestamp="2019-08-11T06:21:07.639" intervalms="204.183" />
<gc-start id="3200" type="partial gc" contextid="3199" timestamp="2019-08-11T06:21:07.640">
  <mem-info id="3201" free="81788928" total="310378496" percent="26">
    <mem type="eden" free="0" total="83886080" percent="0" />
    <remembered-set count="6944" freebytes="12380544" totalbytes="12408320" percent="99" regionsoverflowed="0" regionsstable="9" regionsrebuilding="0"/>
  </mem-info>
</gc-start>
<allocation-stats totalBytes="83773576" >
  <allocated-bytes non-tlh="0" tlh="83773576" arrayletleaf="0"/>
  <largest-consumer threadName="main" threadId="0000000001E02F00" bytes="83773576" />
</allocation-stats>
<gc-op id="3202" type="copy forward" timems="13.020" contextid="3199" timestamp="2019-08-11T06:21:07.653">
  <memory-copied type="eden" objects="25" bytes="768" bytesdiscarded="696" />
  <memory-copied type="other" objects="24" bytes="576" bytesdiscarded="1248" />
  <memory-cardclean objects="89" bytes="2912" />
  <regions eden="40" other="2" />
  <remembered-set-cleared processed="747" cleared="12" durationms="0.173" />
  <stringconstants candidates="13661" cleared="0"  />
</gc-op>
<gc-op id="3203" type="classunload" timems="0.009" contextid="3199" timestamp="2019-08-11T06:21:07.654">
  <classunload-info classloadercandidates="53" classloadersunloaded="0" classesunloaded="0" anonymousclassesunloaded="0" quiescems="0.000" setupms="0.009" scanms="0.000" postms="0.000" />
</gc-op>
<gc-end id="3204" type="partial gc" contextid="3199" durationms="14.257" usertimems="22.076" systemtimems="0.000" timestamp="2019-08-11T06:21:07.654" activeThreads="16">
  <mem-info id="3205" free="163577856" total="310378496" percent="52">
    <mem type="eden" free="2095688" total="2097152" percent="99" />
    <remembered-set count="6208" freebytes="12383488" totalbytes="12408320" percent="99" regionsoverflowed="0" regionsstable="9" regionsrebuilding="0"/>
  </mem-info>
</gc-end>
<cycle-end id="3206" type="partial gc" contextid="3199" timestamp="2019-08-11T06:21:07.654" />
  <attribute name="elasticGC enabled" value="1" />
  <attribute name= "numThreadsSpecified" value="16" />
  <attribute name="heapSize specified" value="0" />
  <attribute name="Current GC Util" value="138" />
  <attribute name= "Current Time Running" value="178833" />
  <attribute name ="GC Interval" value="0" />
  <attribute name="ProportionalT" value="29.000000" />
  <attribute name="ProportionalI" value="29.000000" />
  <attribute name="ProportionalH" value="29.000000" />
  <attribute name="Current Error" value="58.000000" />
  <attribute name="IntegralT" value="29.000000" />
  <attribute name="IntegralI" value="29.000000" />
  <attribute name="IntegralH" value="29.000000" />
  <attribute name="DerivativeT" value="58.000000" />
  <attribute name="DerivativeI" value="58.000000" />
  <attribute name="DerivativeH" value="58.000000" />
  <attribute name="Loop Time for DT" value="1.000000" />
  <attribute name="Output H" value="8388608"/>
  <attribute name="Output I" value="200"/>
  <attribute name="Output T" value="16"/>
  <attribute name="Target GC Util Change" value ="80.000000" />
  <attribute name="Current GC Util Change" value="138.000000"/>
  <attribute name="GC Util currently" value="138" />
  <attribute name="CPU Util currently" value="2074002594576" />
<exclusive-end id="3207" timestamp="2019-08-11T06:21:07.654" durationms="14.979" />

<exclusive-start id="3208" timestamp="2019-08-11T06:21:07.811" intervalms="171.935">
  <response-info timems="0.017" idlems="0.017" threads="0" lastid="0000000001E02F00" lastname="main" />
</exclusive-start>
<allocation-taxation id="3209" taxation-threshold="83886080" timestamp="2019-08-11T06:21:07.811" intervalms="171.957" />
<cycle-start id="3210" type="partial gc" contextid="0" timestamp="2019-08-11T06:21:07.811" intervalms="171.997" />
<gc-start id="3211" type="partial gc" contextid="3210" timestamp="2019-08-11T06:21:07.812">
  <mem-info id="3212" free="79691776" total="310378496" percent="25">
    <mem type="eden" free="0" total="83886080" percent="0" />
    <remembered-set count="5792" freebytes="12385152" totalbytes="12408320" percent="99" regionsoverflowed="0" regionsstable="9" regionsrebuilding="0"/>
  </mem-info>
</gc-start>
<allocation-stats totalBytes="83871120" >
  <allocated-bytes non-tlh="0" tlh="83871120" arrayletleaf="0"/>
  <largest-consumer threadName="main" threadId="0000000001E02F00" bytes="83871120" />
</allocation-stats>
<gc-op id="3213" type="copy forward" timems="1.636" contextid="3210" timestamp="2019-08-11T06:21:07.814">
  <memory-copied type="eden" objects="26" bytes="936" bytesdiscarded="0" />
  <memory-copied type="other" objects="18" bytes="432" bytesdiscarded="0" />
  <memory-cardclean objects="81" bytes="2704" />
  <regions eden="40" other="2" />
  <remembered-set-cleared processed="751" cleared="13" durationms="0.398" />
  <stringconstants candidates="13661" cleared="0"  />
</gc-op>
<gc-op id="3214" type="classunload" timems="0.004" contextid="3210" timestamp="2019-08-11T06:21:07.814">
  <classunload-info classloadercandidates="53" classloadersunloaded="0" classesunloaded="0" anonymousclassesunloaded="0" quiescems="0.000" setupms="0.003" scanms="0.000" postms="0.000" />
</gc-op>
<gc-end id="3215" type="partial gc" contextid="3210" durationms="2.794" usertimems="3.703" systemtimems="0.000" timestamp="2019-08-11T06:21:07.814" activeThreads="1">
  <mem-info id="3216" free="161480704" total="310378496" percent="52">
    <mem type="eden" free="2096216" total="2097152" percent="99" />
    <remembered-set count="5888" freebytes="12384768" totalbytes="12408320" percent="99" regionsoverflowed="0" regionsstable="9" regionsrebuilding="0"/>
  </mem-info>
</gc-end>
<cycle-end id="3217" type="partial gc" contextid="3210" timestamp="2019-08-11T06:21:07.814" />
  <attribute name="elasticGC enabled" value="1" />
  <attribute name= "numThreadsSpecified" value="1" />
  <attribute name="heapSize specified" value="0" />
  <attribute name="Current GC Util" value="165" />
  <attribute name= "Current Time Running" value="179005" />
  <attribute name ="GC Interval" value="0" />
  <attribute name="ProportionalT" value="42.500000" />
  <attribute name="ProportionalI" value="42.500000" />
  <attribute name="ProportionalH" value="42.500000" />
  <attribute name="Current Error" value="85.000000" />
  <attribute name="IntegralT" value="0.000000" />
  <attribute name="IntegralI" value="0.000000" />
  <attribute name="IntegralH" value="0.000000" />
  <attribute name="DerivativeT" value="inf" />
  <attribute name="DerivativeI" value="inf" />
  <attribute name="DerivativeH" value="inf" />
  <attribute name="Loop Time for DT" value="0.000000" />
  <attribute name="Output H" value="8388608"/>
  <attribute name="Output I" value="200"/>
  <attribute name="Output T" value="1"/>
  <attribute name="Target GC Util Change" value ="80.000000" />
  <attribute name="Current GC Util Change" value="165.000000"/>
  <attribute name="GC Util currently" value="165" />
  <attribute name="CPU Util currently" value="2291889874768" />
<exclusive-end id="3218" timestamp="2019-08-11T06:21:07.815" durationms="3.605" />

<exclusive-start id="3219" timestamp="2019-08-11T06:21:07.975" intervalms="164.289">
  <response-info timems="0.019" idlems="0.019" threads="0" lastid="0000000001E02F00" lastname="main" />
</exclusive-start>
<allocation-taxation id="3220" taxation-threshold="83886080" timestamp="2019-08-11T06:21:07.975" intervalms="164.273" />
<cycle-start id="3221" type="partial gc" contextid="0" timestamp="2019-08-11T06:21:07.976" intervalms="164.268" />
<gc-start id="3222" type="partial gc" contextid="3221" timestamp="2019-08-11T06:21:07.976">
  <mem-info id="3223" free="77594624" total="310378496" percent="25">
    <mem type="eden" free="0" total="83886080" percent="0" />
    <remembered-set count="5696" freebytes="12385536" totalbytes="12408320" percent="99" regionsoverflowed="0" regionsstable="9" regionsrebuilding="0"/>
  </mem-info>
</gc-start>
<allocation-stats totalBytes="83870832" >
  <allocated-bytes non-tlh="0" tlh="83870832" arrayletleaf="0"/>
  <largest-consumer threadName="main" threadId="0000000001E02F00" bytes="83870832" />
</allocation-stats>
<gc-op id="3224" type="copy forward" timems="9.195" contextid="3221" timestamp="2019-08-11T06:21:07.986">
  <memory-copied type="eden" objects="12" bytes="448" bytesdiscarded="0" />
  <memory-copied type="other" objects="26" bytes="816" bytesdiscarded="1368" />
  <memory-cardclean objects="43" bytes="1792" />
  <regions eden="40" other="2" />
  <remembered-set-cleared processed="755" cleared="7" durationms="0.153" />
  <stringconstants candidates="13661" cleared="0"  />
</gc-op>
<gc-op id="3225" type="classunload" timems="0.008" contextid="3221" timestamp="2019-08-11T06:21:07.986">
  <classunload-info classloadercandidates="53" classloadersunloaded="0" classesunloaded="0" anonymousclassesunloaded="0" quiescems="0.000" setupms="0.008" scanms="0.000" postms="0.000" />
</gc-op>
<gc-end id="3226" type="partial gc" contextid="3221" durationms="10.646" usertimems="22.220" systemtimems="0.000" timestamp="2019-08-11T06:21:07.987" activeThreads="16">
  <mem-info id="3227" free="159383552" total="310378496" percent="51">
    <mem type="eden" free="2096704" total="2097152" percent="99" />
    <remembered-set count="7008" freebytes="12380288" totalbytes="12408320" percent="99" regionsoverflowed="0" regionsstable="9" regionsrebuilding="0"/>
  </mem-info>
</gc-end>
<cycle-end id="3228" type="partial gc" contextid="3221" timestamp="2019-08-11T06:21:07.987" />
  <attribute name="elasticGC enabled" value="1" />
  <attribute name= "numThreadsSpecified" value="16" />
  <attribute name="heapSize specified" value="0" />
  <attribute name="Current GC Util" value="279" />
  <attribute name= "Current Time Running" value="179170" />
  <attribute name ="GC Interval" value="0" />
  <attribute name="ProportionalT" value="99.500000" />
  <attribute name="ProportionalI" value="99.500000" />
  <attribute name="ProportionalH" value="99.500000" />
  <attribute name="Current Error" value="199.000000" />
  <attribute name="IntegralT" value="99.500000" />
  <attribute name="IntegralI" value="99.500000" />
  <attribute name="IntegralH" value="99.500000" />
  <attribute name="DerivativeT" value="199.000000" />
  <attribute name="DerivativeI" value="199.000000" />
  <attribute name="DerivativeH" value="199.000000" />
  <attribute name="Loop Time for DT" value="1.000000" />
  <attribute name="Output H" value="8388608"/>
  <attribute name="Output I" value="400"/>
  <attribute name="Output T" value="16"/>
  <attribute name="Target GC Util Change" value ="80.000000" />
  <attribute name="Current GC Util Change" value="279.000000"/>
  <attribute name="GC Util currently" value="279" />
  <attribute name="CPU Util currently" value="1334614538832" />
<exclusive-end id="3229" timestamp="2019-08-11T06:21:07.987" durationms="11.527" />

<exclusive-start id="3230" timestamp="2019-08-11T06:21:08.070" intervalms="94.967">
  <response-info timems="0.020" idlems="0.020" threads="0" lastid="0000000001E02F00" lastname="main" />
</exclusive-start>
<allocation-taxation id="3231" taxation-threshold="83886080" timestamp="2019-08-11T06:21:08.070" intervalms="94.981" />
<cycle-start id="3232" type="partial gc" contextid="0" timestamp="2019-08-11T06:21:08.071" intervalms="94.999" />
<gc-start id="3233" type="partial gc" contextid="3232" timestamp="2019-08-11T06:21:08.071">
  <mem-info id="3234" free="75497472" total="310378496" percent="24">
    <mem type="eden" free="2096704" total="85983232" percent="2" />
    <remembered-set count="6528" freebytes="12382208" totalbytes="12408320" percent="99" regionsoverflowed="0" regionsstable="9" regionsrebuilding="0"/>
  </mem-info>
</gc-start>
<allocation-stats totalBytes="83809560" >
  <allocated-bytes non-tlh="0" tlh="83809560" arrayletleaf="0"/>
  <largest-consumer threadName="main" threadId="0000000001E02F00" bytes="83809560" />
</allocation-stats>
<gc-op id="3235" type="copy forward" timems="9.832" contextid="3232" timestamp="2019-08-11T06:21:08.082">
  <memory-copied type="eden" objects="25" bytes="1328" bytesdiscarded="696" />
  <memory-copied type="other" objects="6" bytes="144" bytesdiscarded="672" />
  <memory-cardclean objects="55" bytes="2024" />
  <regions eden="40" other="2" />
  <remembered-set-cleared processed="757" cleared="8" durationms="0.133" />
  <stringconstants candidates="13661" cleared="0"  />
</gc-op>
<gc-op id="3236" type="classunload" timems="0.011" contextid="3232" timestamp="2019-08-11T06:21:08.082">
  <classunload-info classloadercandidates="53" classloadersunloaded="0" classesunloaded="0" anonymousclassesunloaded="0" quiescems="0.000" setupms="0.011" scanms="0.000" postms="0.000" />
</gc-op>
<gc-end id="3237" type="partial gc" contextid="3232" durationms="11.151" usertimems="23.133" systemtimems="0.000" timestamp="2019-08-11T06:21:08.082" activeThreads="16">
  <mem-info id="3238" free="159383552" total="310378496" percent="51">
    <mem type="eden" free="2095128" total="2097152" percent="99" />
    <remembered-set count="6528" freebytes="12382208" totalbytes="12408320" percent="99" regionsoverflowed="0" regionsstable="9" regionsrebuilding="0"/>
  </mem-info>
</gc-end>
<cycle-end id="3239" type="partial gc" contextid="3232" timestamp="2019-08-11T06:21:08.082" />
  <attribute name="elasticGC enabled" value="1" />
  <attribute name= "numThreadsSpecified" value="16" />
  <attribute name="heapSize specified" value="0" />
  <attribute name="Current GC Util" value="133" />
  <attribute name= "Current Time Running" value="179265" />
  <attribute name ="GC Interval" value="0" />
  <attribute name="ProportionalT" value="26.500000" />
  <attribute name="ProportionalI" value="26.500000" />
  <attribute name="ProportionalH" value="26.500000" />
  <attribute name="Current Error" value="53.000000" />
  <attribute name="IntegralT" value="26.500000" />
  <attribute name="IntegralI" value="26.500000" />
  <attribute name="IntegralH" value="26.500000" />
  <attribute name="DerivativeT" value="53.000000" />
  <attribute name="DerivativeI" value="53.000000" />
  <attribute name="DerivativeH" value="53.000000" />
  <attribute name="Loop Time for DT" value="1.000000" />
  <attribute name="Output H" value="8388608"/>
  <attribute name="Output I" value="200"/>
  <attribute name="Output T" value="16"/>
  <attribute name="Target GC Util Change" value ="80.000000" />
  <attribute name="Current GC Util Change" value="133.000000"/>
  <attribute name="GC Util currently" value="133" />
  <attribute name="CPU Util currently" value="1660181653324" />
<exclusive-end id="3240" timestamp="2019-08-11T06:21:08.083" durationms="12.256" />

<exclusive-start id="3241" timestamp="2019-08-11T06:21:08.118" intervalms="47.552">
  <response-info timems="0.020" idlems="0.020" threads="0" lastid="0000000001E02F00" lastname="main" />
</exclusive-start>
<allocation-taxation id="3242" taxation-threshold="83886080" timestamp="2019-08-11T06:21:08.118" intervalms="47.520" />
<cycle-start id="3243" type="partial gc" contextid="0" timestamp="2019-08-11T06:21:08.118" intervalms="47.488" />
<gc-start id="3244" type="partial gc" contextid="3243" timestamp="2019-08-11T06:21:08.118">
  <mem-info id="3245" free="75497472" total="310378496" percent="24">
    <mem type="eden" free="0" total="83886080" percent="0" />
    <remembered-set count="6112" freebytes="12383872" totalbytes="12408320" percent="99" regionsoverflowed="0" regionsstable="9" regionsrebuilding="0"/>
  </mem-info>
</gc-start>
<allocation-stats totalBytes="83770368" >
  <allocated-bytes non-tlh="0" tlh="83770368" arrayletleaf="0"/>
  <largest-consumer threadName="main" threadId="0000000001E02F00" bytes="83770368" />
</allocation-stats>
<gc-op id="3246" type="copy forward" timems="9.997" contextid="3243" timestamp="2019-08-11T06:21:08.130">
  <memory-copied type="eden" objects="4" bytes="112" bytesdiscarded="680" />
  <memory-copied type="other" objects="27" bytes="1360" bytesdiscarded="1944" />
  <memory-cardclean objects="46" bytes="1864" />
  <regions eden="40" other="2" />
  <remembered-set-cleared processed="757" cleared="8" durationms="0.189" />
  <stringconstants candidates="13661" cleared="0"  />
</gc-op>
<gc-op id="3247" type="classunload" timems="0.011" contextid="3243" timestamp="2019-08-11T06:21:08.130">
  <classunload-info classloadercandidates="53" classloadersunloaded="0" classesunloaded="0" anonymousclassesunloaded="0" quiescems="0.000" setupms="0.011" scanms="0.000" postms="0.000" />
</gc-op>
<gc-end id="3248" type="partial gc" contextid="3243" durationms="11.768" usertimems="21.380" systemtimems="0.000" timestamp="2019-08-11T06:21:08.130" activeThreads="16">
  <mem-info id="3249" free="157286400" total="310378496" percent="50">
    <mem type="eden" free="2096360" total="2097152" percent="99" />
    <remembered-set count="7040" freebytes="12380160" totalbytes="12408320" percent="99" regionsoverflowed="0" regionsstable="9" regionsrebuilding="0"/>
  </mem-info>
</gc-end>
<cycle-end id="3250" type="partial gc" contextid="3243" timestamp="2019-08-11T06:21:08.130" />
  <attribute name="elasticGC enabled" value="1" />
  <attribute name= "numThreadsSpecified" value="16" />
  <attribute name="heapSize specified" value="0" />
  <attribute name="Current GC Util" value="131" />
  <attribute name= "Current Time Running" value="179312" />
  <attribute name ="GC Interval" value="0" />
  <attribute name="ProportionalT" value="25.500000" />
  <attribute name="ProportionalI" value="25.500000" />
  <attribute name="ProportionalH" value="25.500000" />
  <attribute name="Current Error" value="51.000000" />
  <attribute name="IntegralT" value="25.500000" />
  <attribute name="IntegralI" value="25.500000" />
  <attribute name="IntegralH" value="25.500000" />
  <attribute name="DerivativeT" value="51.000000" />
  <attribute name="DerivativeI" value="51.000000" />
  <attribute name="DerivativeH" value="51.000000" />
  <attribute name="Loop Time for DT" value="1.000000" />
  <attribute name="Output H" value="8388608"/>
  <attribute name="Output I" value="200"/>
  <attribute name="Output T" value="16"/>
  <attribute name="Target GC Util Change" value ="80.000000" />
  <attribute name="Current GC Util Change" value="131.000000"/>
  <attribute name="GC Util currently" value="131" />
  <attribute name="CPU Util currently" value="1708343075717" />
<exclusive-end id="3251" timestamp="2019-08-11T06:21:08.130" durationms="12.548" />

* Round 3 done in 3.477 seconds.
<exclusive-start id="3252" timestamp="2019-08-11T06:21:08.186" intervalms="68.467">
  <response-info timems="0.018" idlems="0.018" threads="0" lastid="0000000001E02F00" lastname="main" />
</exclusive-start>
<allocation-taxation id="3253" taxation-threshold="83886080" timestamp="2019-08-11T06:21:08.186" intervalms="68.479" />
<cycle-start id="3254" type="partial gc" contextid="0" timestamp="2019-08-11T06:21:08.187" intervalms="68.567" />
<gc-start id="3255" type="partial gc" contextid="3254" timestamp="2019-08-11T06:21:08.187">
  <mem-info id="3256" free="73400320" total="310378496" percent="23">
    <mem type="eden" free="2096360" total="85983232" percent="2" />
    <remembered-set count="6624" freebytes="12381824" totalbytes="12408320" percent="99" regionsoverflowed="0" regionsstable="9" regionsrebuilding="0"/>
  </mem-info>
</gc-start>
<allocation-stats totalBytes="83814656" >
  <allocated-bytes non-tlh="0" tlh="83814656" arrayletleaf="0"/>
  <largest-consumer threadName="main" threadId="0000000001E02F00" bytes="83814656" />
</allocation-stats>
<gc-op id="3257" type="copy forward" timems="1.691" contextid="3254" timestamp="2019-08-11T06:21:08.190">
  <memory-copied type="eden" objects="36" bytes="1248" bytesdiscarded="0" />
  <memory-copied type="other" objects="6" bytes="144" bytesdiscarded="0" />
  <memory-cardclean objects="103" bytes="3432" />
  <regions eden="40" other="2" />
  <remembered-set-cleared processed="759" cleared="11" durationms="0.380" />
  <stringconstants candidates="13661" cleared="0"  />
</gc-op>
<gc-op id="3258" type="classunload" timems="0.006" contextid="3254" timestamp="2019-08-11T06:21:08.190">
  <classunload-info classloadercandidates="53" classloadersunloaded="0" classesunloaded="0" anonymousclassesunloaded="0" quiescems="0.000" setupms="0.006" scanms="0.000" postms="0.000" />
</gc-op>
<heap-resize id="3259" type="expand" space="default" amount="54525952" count="1" timems="0.327" reason="excessive time being spent in gc" timestamp="2019-08-11T06:21:08.190" />
<gc-end id="3260" type="partial gc" contextid="3254" durationms="3.340" usertimems="4.230" systemtimems="0.000" timestamp="2019-08-11T06:21:08.190" activeThreads="1">
  <mem-info id="3261" free="211812352" total="364904448" percent="58">
    <mem type="eden" free="2095904" total="2097152" percent="99" />
    <remembered-set count="6752" freebytes="14561152" totalbytes="14588160" percent="99" regionsoverflowed="0" regionsstable="9" regionsrebuilding="0"/>
  </mem-info>
</gc-end>
<cycle-end id="3262" type="partial gc" contextid="3254" timestamp="2019-08-11T06:21:08.190" />
  <attribute name="elasticGC enabled" value="1" />
  <attribute name= "numThreadsSpecified" value="1" />
  <attribute name="heapSize specified" value="0" />
  <attribute name="Current GC Util" value="150" />
  <attribute name= "Current Time Running" value="179380" />
  <attribute name ="GC Interval" value="0" />
  <attribute name="ProportionalT" value="35.000000" />
  <attribute name="ProportionalI" value="35.000000" />
  <attribute name="ProportionalH" value="35.000000" />
  <attribute name="Current Error" value="70.000000" />
  <attribute name="IntegralT" value="0.000000" />
  <attribute name="IntegralI" value="0.000000" />
  <attribute name="IntegralH" value="0.000000" />
  <attribute name="DerivativeT" value="inf" />
  <attribute name="DerivativeI" value="inf" />
  <attribute name="DerivativeH" value="inf" />
  <attribute name="Loop Time for DT" value="0.000000" />
  <attribute name="Output H" value="8388608"/>
  <attribute name="Output I" value="200"/>
  <attribute name="Output T" value="1"/>
  <attribute name="Target GC Util Change" value ="80.000000" />
  <attribute name="Current GC Util Change" value="150.000000"/>
  <attribute name="GC Util currently" value="150" />
  <attribute name="CPU Util currently" value="1854779156381" />
<exclusive-end id="3263" timestamp="2019-08-11T06:21:08.191" durationms="4.255" />

<exclusive-start id="3264" timestamp="2019-08-11T06:21:08.442" intervalms="255.260">
  <response-info timems="0.020" idlems="0.020" threads="0" lastid="0000000001E02F00" lastname="main" />
</exclusive-start>
<allocation-taxation id="3265" taxation-threshold="98566144" timestamp="2019-08-11T06:21:08.442" intervalms="255.267" />
<cycle-start id="3266" type="partial gc" contextid="0" timestamp="2019-08-11T06:21:08.442" intervalms="255.192" />
<gc-start id="3267" type="partial gc" contextid="3266" timestamp="2019-08-11T06:21:08.442">
  <mem-info id="3268" free="113246208" total="364904448" percent="31">
    <mem type="eden" free="0" total="98566144" percent="0" />
    <remembered-set count="6432" freebytes="14562432" totalbytes="14588160" percent="99" regionsoverflowed="0" regionsstable="9" regionsrebuilding="0"/>
  </mem-info>
</gc-start>
<allocation-stats totalBytes="98297512" >
  <allocated-bytes non-tlh="0" tlh="98297512" arrayletleaf="0"/>
  <largest-consumer threadName="main" threadId="0000000001E02F00" bytes="98297512" />
</allocation-stats>
<gc-op id="3269" type="copy forward" timems="8.543" contextid="3266" timestamp="2019-08-11T06:21:08.452">
  <memory-copied type="eden" objects="69" bytes="2928" bytesdiscarded="168" />
  <memory-copied type="other" objects="25" bytes="800" bytesdiscarded="1968" />
  <memory-cardclean objects="144" bytes="4528" />
  <regions eden="47" other="2" />
  <remembered-set-cleared processed="759" cleared="16" durationms="0.169" />
  <stringconstants candidates="13661" cleared="0"  />
</gc-op>
<gc-op id="3270" type="classunload" timems="0.035" contextid="3266" timestamp="2019-08-11T06:21:08.452">
  <classunload-info classloadercandidates="53" classloadersunloaded="0" classesunloaded="0" anonymousclassesunloaded="0" quiescems="0.000" setupms="0.035" scanms="0.000" postms="0.000" />
</gc-op>
<gc-end id="3271" type="partial gc" contextid="3266" durationms="9.935" usertimems="21.372" systemtimems="0.000" timestamp="2019-08-11T06:21:08.452" activeThreads="16">
  <mem-info id="3272" free="209715200" total="364904448" percent="57">
    <mem type="eden" free="2094056" total="2097152" percent="99" />
    <remembered-set count="6976" freebytes="14560256" totalbytes="14588160" percent="99" regionsoverflowed="0" regionsstable="9" regionsrebuilding="0"/>
  </mem-info>
</gc-end>
<cycle-end id="3273" type="partial gc" contextid="3266" timestamp="2019-08-11T06:21:08.452" />
  <attribute name="elasticGC enabled" value="1" />
  <attribute name= "numThreadsSpecified" value="16" />
  <attribute name="heapSize specified" value="0" />
  <attribute name="Current GC Util" value="197" />
  <attribute name= "Current Time Running" value="179636" />
  <attribute name ="GC Interval" value="0" />
  <attribute name="ProportionalT" value="58.500000" />
  <attribute name="ProportionalI" value="58.500000" />
  <attribute name="ProportionalH" value="58.500000" />
  <attribute name="Current Error" value="117.000000" />
  <attribute name="IntegralT" value="58.500000" />
  <attribute name="IntegralI" value="58.500000" />
  <attribute name="IntegralH" value="58.500000" />
  <attribute name="DerivativeT" value="117.000000" />
  <attribute name="DerivativeI" value="117.000000" />
  <attribute name="DerivativeH" value="117.000000" />
  <attribute name="Loop Time for DT" value="1.000000" />
  <attribute name="Output H" value="8388608"/>
  <attribute name="Output I" value="240"/>
  <attribute name="Output T" value="16"/>
  <attribute name="Target GC Util Change" value ="80.000000" />
  <attribute name="Current GC Util Change" value="197.000000"/>
  <attribute name="GC Util currently" value="197" />
  <attribute name="CPU Util currently" value="1491206005770" />
<exclusive-end id="3274" timestamp="2019-08-11T06:21:08.452" durationms="10.636" />

<exclusive-start id="3275" timestamp="2019-08-11T06:21:08.488" intervalms="46.807">
  <response-info timems="0.021" idlems="0.021" threads="0" lastid="0000000001E02F00" lastname="main" />
</exclusive-start>
<allocation-taxation id="3276" taxation-threshold="98566144" timestamp="2019-08-11T06:21:08.489" intervalms="46.806" />
<cycle-start id="3277" type="partial gc" contextid="0" timestamp="2019-08-11T06:21:08.489" intervalms="46.793" />
<gc-start id="3278" type="partial gc" contextid="3277" timestamp="2019-08-11T06:21:08.489">
  <mem-info id="3279" free="111149056" total="364904448" percent="30">
    <mem type="eden" free="0" total="98566144" percent="0" />
    <remembered-set count="6528" freebytes="14562048" totalbytes="14588160" percent="99" regionsoverflowed="0" regionsstable="9" regionsrebuilding="0"/>
  </mem-info>
</gc-start>
<allocation-stats totalBytes="98239744" >
  <allocated-bytes non-tlh="0" tlh="98239744" arrayletleaf="0"/>
  <largest-consumer threadName="main" threadId="0000000001E02F00" bytes="98239744" />
</allocation-stats>
<gc-op id="3280" type="copy forward" timems="1.830" contextid="3277" timestamp="2019-08-11T06:21:08.492">
  <memory-copied type="eden" objects="2" bytes="56" bytesdiscarded="0" />
  <memory-copied type="other" objects="86" bytes="3528" bytesdiscarded="0" />
  <memory-cardclean objects="107" bytes="3880" />
  <regions eden="47" other="2" />
  <remembered-set-cleared processed="758" cleared="12" durationms="0.369" />
  <stringconstants candidates="13661" cleared="0"  />
</gc-op>
<gc-op id="3281" type="classunload" timems="0.007" contextid="3277" timestamp="2019-08-11T06:21:08.492">
  <classunload-info classloadercandidates="53" classloadersunloaded="0" classesunloaded="0" anonymousclassesunloaded="0" quiescems="0.000" setupms="0.006" scanms="0.000" postms="0.000" />
</gc-op>
<gc-end id="3282" type="partial gc" contextid="3277" durationms="2.837" usertimems="3.984" systemtimems="0.000" timestamp="2019-08-11T06:21:08.492" activeThreads="1">
  <mem-info id="3283" free="207618048" total="364904448" percent="56">
    <mem type="eden" free="2097096" total="2097152" percent="99" />
    <remembered-set count="6624" freebytes="14561664" totalbytes="14588160" percent="99" regionsoverflowed="0" regionsstable="9" regionsrebuilding="0"/>
  </mem-info>
</gc-end>
<cycle-end id="3284" type="partial gc" contextid="3277" timestamp="2019-08-11T06:21:08.492" />
  <attribute name="elasticGC enabled" value="1" />
  <attribute name= "numThreadsSpecified" value="1" />
  <attribute name="heapSize specified" value="0" />
  <attribute name="Current GC Util" value="170" />
  <attribute name= "Current Time Running" value="179682" />
  <attribute name ="GC Interval" value="0" />
  <attribute name="ProportionalT" value="45.000000" />
  <attribute name="ProportionalI" value="45.000000" />
  <attribute name="ProportionalH" value="45.000000" />
  <attribute name="Current Error" value="90.000000" />
  <attribute name="IntegralT" value="0.000000" />
  <attribute name="IntegralI" value="0.000000" />
  <attribute name="IntegralH" value="0.000000" />
  <attribute name="DerivativeT" value="inf" />
  <attribute name="DerivativeI" value="inf" />
  <attribute name="DerivativeH" value="inf" />
  <attribute name="Loop Time for DT" value="0.000000" />
  <attribute name="Output H" value="8388608"/>
  <attribute name="Output I" value="200"/>
  <attribute name="Output T" value="1"/>
  <attribute name="Target GC Util Change" value ="80.000000" />
  <attribute name="Current GC Util Change" value="170.000000"/>
  <attribute name="GC Util currently" value="170" />
  <attribute name="CPU Util currently" value="2408668977754" />
<exclusive-end id="3285" timestamp="2019-08-11T06:21:08.492" durationms="3.672" />

<exclusive-start id="3286" timestamp="2019-08-11T06:21:08.527" intervalms="39.047">
  <response-info timems="0.018" idlems="0.018" threads="0" lastid="0000000001E02F00" lastname="main" />
</exclusive-start>
<allocation-taxation id="3287" taxation-threshold="98566144" timestamp="2019-08-11T06:21:08.528" intervalms="39.046" />
<cycle-start id="3288" type="partial gc" contextid="0" timestamp="2019-08-11T06:21:08.528" intervalms="39.104" />
<gc-start id="3289" type="partial gc" contextid="3288" timestamp="2019-08-11T06:21:08.528">
  <mem-info id="3290" free="109051904" total="364904448" percent="29">
    <mem type="eden" free="2097096" total="100663296" percent="2" />
    <remembered-set count="6400" freebytes="14562560" totalbytes="14588160" percent="99" regionsoverflowed="0" regionsstable="9" regionsrebuilding="0"/>
  </mem-info>
</gc-start>
<allocation-stats totalBytes="98239744" >
  <allocated-bytes non-tlh="0" tlh="98239744" arrayletleaf="0"/>
  <largest-consumer threadName="main" threadId="0000000001E02F00" bytes="98239744" />
</allocation-stats>
<gc-op id="3291" type="copy forward" timems="8.583" contextid="3288" timestamp="2019-08-11T06:21:08.538">
  <memory-copied type="eden" objects="2" bytes="56" bytesdiscarded="736" />
  <memory-copied type="other" objects="67" bytes="2872" bytesdiscarded="992" />
  <memory-cardclean objects="73" bytes="2864" />
  <regions eden="47" other="2" />
  <remembered-set-cleared processed="765" cleared="8" durationms="0.209" />
  <stringconstants candidates="13661" cleared="0"  />
</gc-op>
<gc-op id="3292" type="classunload" timems="0.018" contextid="3288" timestamp="2019-08-11T06:21:08.539">
  <classunload-info classloadercandidates="53" classloadersunloaded="0" classesunloaded="0" anonymousclassesunloaded="0" quiescems="0.000" setupms="0.017" scanms="0.000" postms="0.000" />
</gc-op>
<gc-end id="3293" type="partial gc" contextid="3288" durationms="11.687" usertimems="20.582" systemtimems="0.000" timestamp="2019-08-11T06:21:08.540" activeThreads="16">
  <mem-info id="3294" free="207618048" total="364904448" percent="56">
    <mem type="eden" free="2096360" total="2097152" percent="99" />
    <remembered-set count="7200" freebytes="14559360" totalbytes="14588160" percent="99" regionsoverflowed="0" regionsstable="9" regionsrebuilding="0"/>
  </mem-info>
</gc-end>
<cycle-end id="3295" type="partial gc" contextid="3288" timestamp="2019-08-11T06:21:08.540" />
  <attribute name="elasticGC enabled" value="1" />
  <attribute name= "numThreadsSpecified" value="16" />
  <attribute name="heapSize specified" value="0" />
  <attribute name="Current GC Util" value="139" />
  <attribute name= "Current Time Running" value="179722" />
  <attribute name ="GC Interval" value="0" />
  <attribute name="ProportionalT" value="29.500000" />
  <attribute name="ProportionalI" value="29.500000" />
  <attribute name="ProportionalH" value="29.500000" />
  <attribute name="Current Error" value="59.000000" />
  <attribute name="IntegralT" value="29.500000" />
  <attribute name="IntegralI" value="29.500000" />
  <attribute name="IntegralH" value="29.500000" />
  <attribute name="DerivativeT" value="59.000000" />
  <attribute name="DerivativeI" value="59.000000" />
  <attribute name="DerivativeH" value="59.000000" />
  <attribute name="Loop Time for DT" value="1.000000" />
  <attribute name="Output H" value="8388608"/>
  <attribute name="Output I" value="200"/>
  <attribute name="Output T" value="16"/>
  <attribute name="Target GC Util Change" value ="80.000000" />
  <attribute name="Current GC Util Change" value="139.000000"/>
  <attribute name="GC Util currently" value="139" />
  <attribute name="CPU Util currently" value="1133661671444" />
<exclusive-end id="3296" timestamp="2019-08-11T06:21:08.540" durationms="12.431" />

<exclusive-start id="3297" timestamp="2019-08-11T06:21:08.574" intervalms="46.996">
  <response-info timems="0.016" idlems="0.016" threads="0" lastid="0000000001E02F00" lastname="main" />
</exclusive-start>
<allocation-taxation id="3298" taxation-threshold="98566144" timestamp="2019-08-11T06:21:08.575" intervalms="47.015" />
<cycle-start id="3299" type="partial gc" contextid="0" timestamp="2019-08-11T06:21:08.575" intervalms="46.935" />
<gc-start id="3300" type="partial gc" contextid="3299" timestamp="2019-08-11T06:21:08.575">
  <mem-info id="3301" free="109051904" total="364904448" percent="29">
    <mem type="eden" free="2096360" total="100663296" percent="2" />
    <remembered-set count="7200" freebytes="14559360" totalbytes="14588160" percent="99" regionsoverflowed="0" regionsstable="9" regionsrebuilding="0"/>
  </mem-info>
</gc-start>
<allocation-stats totalBytes="98239744" >
  <allocated-bytes non-tlh="0" tlh="98239744" arrayletleaf="0"/>
  <largest-consumer threadName="main" threadId="0000000001E02F00" bytes="98239744" />
</allocation-stats>
<gc-op id="3302" type="copy forward" timems="16.835" contextid="3299" timestamp="2019-08-11T06:21:08.593">
  <memory-copied type="eden" objects="2" bytes="56" bytesdiscarded="736" />
  <memory-copied type="other" objects="67" bytes="2872" bytesdiscarded="992" />
  <memory-cardclean objects="73" bytes="2864" />
  <regions eden="47" other="2" />
  <remembered-set-cleared processed="763" cleared="6" durationms="0.177" />
  <stringconstants candidates="13661" cleared="0"  />
</gc-op>
<gc-op id="3303" type="classunload" timems="0.009" contextid="3299" timestamp="2019-08-11T06:21:08.593">
  <classunload-info classloadercandidates="53" classloadersunloaded="0" classesunloaded="0" anonymousclassesunloaded="0" quiescems="0.000" setupms="0.009" scanms="0.000" postms="0.000" />
</gc-op>
<heap-resize id="3304" type="expand" space="default" amount="29360128" count="1" timems="0.195" reason="excessive time being spent in gc" timestamp="2019-08-11T06:21:08.594" />
<gc-end id="3305" type="partial gc" contextid="3299" durationms="18.608" usertimems="31.639" systemtimems="0.000" timestamp="2019-08-11T06:21:08.594" activeThreads="16">
  <mem-info id="3306" free="236978176" total="394264576" percent="60">
    <mem type="eden" free="2096360" total="2097152" percent="99" />
    <remembered-set count="6688" freebytes="15735168" totalbytes="15761920" percent="99" regionsoverflowed="0" regionsstable="9" regionsrebuilding="0"/>
  </mem-info>
</gc-end>
<cycle-end id="3307" type="partial gc" contextid="3299" timestamp="2019-08-11T06:21:08.594" />
  <attribute name="elasticGC enabled" value="1" />
  <attribute name= "numThreadsSpecified" value="16" />
  <attribute name="heapSize specified" value="0" />
  <attribute name="Current GC Util" value="140" />
  <attribute name= "Current Time Running" value="179769" />
  <attribute name ="GC Interval" value="0" />
  <attribute name="ProportionalT" value="30.000000" />
  <attribute name="ProportionalI" value="30.000000" />
  <attribute name="ProportionalH" value="30.000000" />
  <attribute name="Current Error" value="60.000000" />
  <attribute name="IntegralT" value="30.000000" />
  <attribute name="IntegralI" value="30.000000" />
  <attribute name="IntegralH" value="30.000000" />
  <attribute name="DerivativeT" value="60.000000" />
  <attribute name="DerivativeI" value="60.000000" />
  <attribute name="DerivativeH" value="60.000000" />
  <attribute name="Loop Time for DT" value="1.000000" />
  <attribute name="Output H" value="8388608"/>
  <attribute name="Output I" value="200"/>
  <attribute name="Output T" value="16"/>
  <attribute name="Target GC Util Change" value ="80.000000" />
  <attribute name="Current GC Util Change" value="140.000000"/>
  <attribute name="GC Util currently" value="140" />
  <attribute name="CPU Util currently" value="1095851685315" />
<exclusive-end id="3308" timestamp="2019-08-11T06:21:08.594" durationms="19.416" />

<exclusive-start id="3309" timestamp="2019-08-11T06:21:08.630" intervalms="55.148">
  <response-info timems="0.019" idlems="0.019" threads="0" lastid="0000000001E02F00" lastname="main" />
</exclusive-start>
<allocation-taxation id="3310" taxation-threshold="104857600" timestamp="2019-08-11T06:21:08.630" intervalms="55.122" />
<cycle-start id="3311" type="partial gc" contextid="0" timestamp="2019-08-11T06:21:08.630" intervalms="55.191" />
<gc-start id="3312" type="partial gc" contextid="3311" timestamp="2019-08-11T06:21:08.630">
  <mem-info id="3313" free="132120576" total="394264576" percent="33">
    <mem type="eden" free="2096360" total="106954752" percent="1" />
    <remembered-set count="6304" freebytes="15736704" totalbytes="15761920" percent="99" regionsoverflowed="0" regionsstable="9" regionsrebuilding="0"/>
  </mem-info>
</gc-start>
<allocation-stats totalBytes="104510608" >
  <allocated-bytes non-tlh="0" tlh="104510608" arrayletleaf="0"/>
  <largest-consumer threadName="main" threadId="0000000001E02F00" bytes="104510608" />
</allocation-stats>
<gc-op id="3314" type="copy forward" timems="11.561" contextid="3311" timestamp="2019-08-11T06:21:08.644">
  <memory-copied type="eden" objects="2" bytes="56" bytesdiscarded="736" />
  <memory-copied type="other" objects="67" bytes="2872" bytesdiscarded="1048" />
  <memory-cardclean objects="73" bytes="2864" />
  <regions eden="50" other="2" />
  <remembered-set-cleared processed="765" cleared="8" durationms="0.283" />
  <stringconstants candidates="13661" cleared="0"  />
</gc-op>
<gc-op id="3315" type="classunload" timems="0.011" contextid="3311" timestamp="2019-08-11T06:21:08.645">
  <classunload-info classloadercandidates="53" classloadersunloaded="0" classesunloaded="0" anonymousclassesunloaded="0" quiescems="0.000" setupms="0.011" scanms="0.000" postms="0.000" />
</gc-op>
<gc-end id="3316" type="partial gc" contextid="3311" durationms="14.570" usertimems="34.133" systemtimems="0.000" timestamp="2019-08-11T06:21:08.645" activeThreads="16">
  <mem-info id="3317" free="236978176" total="394264576" percent="60">
    <mem type="eden" free="2096360" total="2097152" percent="99" />
    <remembered-set count="6688" freebytes="15735168" totalbytes="15761920" percent="99" regionsoverflowed="0" regionsstable="9" regionsrebuilding="0"/>
  </mem-info>
</gc-end>
<cycle-end id="3318" type="partial gc" contextid="3311" timestamp="2019-08-11T06:21:08.645" />
  <attribute name="elasticGC enabled" value="1" />
  <attribute name= "numThreadsSpecified" value="16" />
  <attribute name="heapSize specified" value="0" />
  <attribute name="Current GC Util" value="222" />
  <attribute name= "Current Time Running" value="179825" />
  <attribute name ="GC Interval" value="0" />
  <attribute name="ProportionalT" value="71.000000" />
  <attribute name="ProportionalI" value="71.000000" />
  <attribute name="ProportionalH" value="71.000000" />
  <attribute name="Current Error" value="142.000000" />
  <attribute name="IntegralT" value="142.000000" />
  <attribute name="IntegralI" value="142.000000" />
  <attribute name="IntegralH" value="142.000000" />
  <attribute name="DerivativeT" value="71.000000" />
  <attribute name="DerivativeI" value="71.000000" />
  <attribute name="DerivativeH" value="71.000000" />
  <attribute name="Loop Time for DT" value="2.000000" />
  <attribute name="Output H" value="8388608"/>
  <attribute name="Output I" value="288"/>
  <attribute name="Output T" value="16"/>
  <attribute name="Target GC Util Change" value ="80.000000" />
  <attribute name="Current GC Util Change" value="222.000000"/>
  <attribute name="GC Util currently" value="222" />
  <attribute name="CPU Util currently" value="474530797509" />
<exclusive-end id="3319" timestamp="2019-08-11T06:21:08.645" durationms="15.259" />

<exclusive-start id="3320" timestamp="2019-08-11T06:21:08.690" intervalms="59.898">
  <response-info timems="0.026" idlems="0.026" threads="0" lastid="0000000001E02F00" lastname="main" />
</exclusive-start>
<allocation-taxation id="3321" taxation-threshold="104857600" timestamp="2019-08-11T06:21:08.690" intervalms="59.980" />
<cycle-start id="3322" type="partial gc" contextid="0" timestamp="2019-08-11T06:21:08.690" intervalms="60.269" />
<gc-start id="3323" type="partial gc" contextid="3322" timestamp="2019-08-11T06:21:08.690">
  <mem-info id="3324" free="132120576" total="394264576" percent="33">
    <mem type="eden" free="2096360" total="106954752" percent="1" />
    <remembered-set count="6688" freebytes="15735168" totalbytes="15761920" percent="99" regionsoverflowed="0" regionsstable="9" regionsrebuilding="0"/>
  </mem-info>
</gc-start>
<allocation-stats totalBytes="104510608" >
  <allocated-bytes non-tlh="0" tlh="104510608" arrayletleaf="0"/>
  <largest-consumer threadName="main" threadId="0000000001E02F00" bytes="104510608" />
</allocation-stats>
<gc-op id="3325" type="copy forward" timems="8.842" contextid="3322" timestamp="2019-08-11T06:21:08.700">
  <memory-copied type="eden" objects="2" bytes="56" bytesdiscarded="0" />
  <memory-copied type="other" objects="67" bytes="2872" bytesdiscarded="24" />
  <memory-cardclean objects="73" bytes="2864" />
  <regions eden="50" other="2" />
  <remembered-set-cleared processed="765" cleared="8" durationms="0.169" />
  <stringconstants candidates="13661" cleared="0"  />
</gc-op>
<gc-op id="3326" type="classunload" timems="0.013" contextid="3322" timestamp="2019-08-11T06:21:08.700">
  <classunload-info classloadercandidates="53" classloadersunloaded="0" classesunloaded="0" anonymousclassesunloaded="0" quiescems="0.000" setupms="0.013" scanms="0.000" postms="0.000" />
</gc-op>
<gc-end id="3327" type="partial gc" contextid="3322" durationms="10.226" usertimems="21.629" systemtimems="0.000" timestamp="2019-08-11T06:21:08.701" activeThreads="16">
  <mem-info id="3328" free="236978176" total="394264576" percent="60">
    <mem type="eden" free="2097096" total="2097152" percent="99" />
    <remembered-set count="7200" freebytes="15733120" totalbytes="15761920" percent="99" regionsoverflowed="0" regionsstable="9" regionsrebuilding="0"/>
  </mem-info>
</gc-end>
<cycle-end id="3329" type="partial gc" contextid="3322" timestamp="2019-08-11T06:21:08.701" />
  <attribute name="elasticGC enabled" value="1" />
  <attribute name= "numThreadsSpecified" value="16" />
  <attribute name="heapSize specified" value="0" />
  <attribute name="Current GC Util" value="107" />
  <attribute name= "Current Time Running" value="179884" />
  <attribute name ="GC Interval" value="0" />
  <attribute name="ProportionalT" value="13.500000" />
  <attribute name="ProportionalI" value="13.500000" />
  <attribute name="ProportionalH" value="13.500000" />
  <attribute name="Current Error" value="27.000000" />
  <attribute name="IntegralT" value="13.500000" />
  <attribute name="IntegralI" value="13.500000" />
  <attribute name="IntegralH" value="13.500000" />
  <attribute name="DerivativeT" value="27.000000" />
  <attribute name="DerivativeI" value="27.000000" />
  <attribute name="DerivativeH" value="27.000000" />
  <attribute name="Loop Time for DT" value="1.000000" />
  <attribute name="Output H" value="8388608"/>
  <attribute name="Output I" value="200"/>
  <attribute name="Output T" value="16"/>
  <attribute name="Target GC Util Change" value ="80.000000" />
  <attribute name="Current GC Util Change" value="107.000000"/>
  <attribute name="GC Util currently" value="107" />
  <attribute name="CPU Util currently" value="1575787057399" />
<exclusive-end id="3330" timestamp="2019-08-11T06:21:08.701" durationms="11.381" />

<exclusive-start id="3331" timestamp="2019-08-11T06:21:08.741" intervalms="51.906">
  <response-info timems="0.036" idlems="0.036" threads="0" lastid="0000000001E02F00" lastname="main" />
</exclusive-start>
<allocation-taxation id="3332" taxation-threshold="104857600" timestamp="2019-08-11T06:21:08.741" intervalms="51.832" />
<cycle-start id="3333" type="partial gc" contextid="0" timestamp="2019-08-11T06:21:08.742" intervalms="51.497" />
<gc-start id="3334" type="partial gc" contextid="3333" timestamp="2019-08-11T06:21:08.742">
  <mem-info id="3335" free="132120576" total="394264576" percent="33">
    <mem type="eden" free="2097096" total="106954752" percent="1" />
    <remembered-set count="6720" freebytes="15735040" totalbytes="15761920" percent="99" regionsoverflowed="0" regionsstable="9" regionsrebuilding="0"/>
  </mem-info>
</gc-start>
<allocation-stats totalBytes="104290304" >
  <allocated-bytes non-tlh="0" tlh="104290304" arrayletleaf="0"/>
  <largest-consumer threadName="main" threadId="0000000001E02F00" bytes="104290304" />
</allocation-stats>
<gc-op id="3336" type="copy forward" timems="7.846" contextid="3333" timestamp="2019-08-11T06:21:08.751">
  <memory-copied type="eden" objects="27" bytes="1944" bytesdiscarded="1032" />
  <memory-copied type="other" objects="48" bytes="1152" bytesdiscarded="384" />
  <memory-cardclean objects="101" bytes="3544" />
  <regions eden="50" other="2" />
  <remembered-set-cleared processed="765" cleared="9" durationms="0.163" />
  <stringconstants candidates="13661" cleared="0"  />
</gc-op>
<gc-op id="3337" type="classunload" timems="0.010" contextid="3333" timestamp="2019-08-11T06:21:08.751">
  <classunload-info classloadercandidates="53" classloadersunloaded="0" classesunloaded="0" anonymousclassesunloaded="0" quiescems="0.000" setupms="0.010" scanms="0.000" postms="0.000" />
</gc-op>
<gc-end id="3338" type="partial gc" contextid="3333" durationms="9.133" usertimems="19.548" systemtimems="0.000" timestamp="2019-08-11T06:21:08.751" activeThreads="16">
  <mem-info id="3339" free="236978176" total="394264576" percent="60">
    <mem type="eden" free="2094176" total="2097152" percent="99" />
    <remembered-set count="7168" freebytes="15733248" totalbytes="15761920" percent="99" regionsoverflowed="0" regionsstable="9" regionsrebuilding="0"/>
  </mem-info>
</gc-end>
<cycle-end id="3340" type="partial gc" contextid="3333" timestamp="2019-08-11T06:21:08.751" />
  <attribute name="elasticGC enabled" value="1" />
  <attribute name= "numThreadsSpecified" value="16" />
  <attribute name="heapSize specified" value="0" />
  <attribute name="Current GC Util" value="121" />
  <attribute name= "Current Time Running" value="179936" />
  <attribute name ="GC Interval" value="0" />
  <attribute name="ProportionalT" value="20.500000" />
  <attribute name="ProportionalI" value="20.500000" />
  <attribute name="ProportionalH" value="20.500000" />
  <attribute name="Current Error" value="41.000000" />
  <attribute name="IntegralT" value="20.500000" />
  <attribute name="IntegralI" value="20.500000" />
  <attribute name="IntegralH" value="20.500000" />
  <attribute name="DerivativeT" value="41.000000" />
  <attribute name="DerivativeI" value="41.000000" />
  <attribute name="DerivativeH" value="41.000000" />
  <attribute name="Loop Time for DT" value="1.000000" />
  <attribute name="Output H" value="8388608"/>
  <attribute name="Output I" value="200"/>
  <attribute name="Output T" value="16"/>
  <attribute name="Target GC Util Change" value ="80.000000" />
  <attribute name="Current GC Util Change" value="121.000000"/>
  <attribute name="GC Util currently" value="121" />
  <attribute name="CPU Util currently" value="1469560247576" />
<exclusive-end id="3341" timestamp="2019-08-11T06:21:08.751" durationms="9.976" />

<exclusive-start id="3342" timestamp="2019-08-11T06:21:08.788" intervalms="46.854">
  <response-info timems="0.042" idlems="0.042" threads="0" lastid="0000000001E02F00" lastname="main" />
</exclusive-start>
<allocation-taxation id="3343" taxation-threshold="104857600" timestamp="2019-08-11T06:21:08.788" intervalms="46.849" />
<cycle-start id="3344" type="partial gc" contextid="0" timestamp="2019-08-11T06:21:08.788" intervalms="46.836" />
<gc-start id="3345" type="partial gc" contextid="3344" timestamp="2019-08-11T06:21:08.789">
  <mem-info id="3346" free="132120576" total="394264576" percent="33">
    <mem type="eden" free="0" total="104857600" percent="0" />
    <remembered-set count="6688" freebytes="15735168" totalbytes="15761920" percent="99" regionsoverflowed="0" regionsstable="9" regionsrebuilding="0"/>
  </mem-info>
</gc-start>
<allocation-stats totalBytes="104201560" >
  <allocated-bytes non-tlh="0" tlh="104201560" arrayletleaf="0"/>
  <largest-consumer threadName="main" threadId="0000000001E02F00" bytes="104201560" />
</allocation-stats>
<gc-op id="3347" type="copy forward" timems="1.791" contextid="3344" timestamp="2019-08-11T06:21:08.791">
  <memory-copied type="eden" objects="2" bytes="64" bytesdiscarded="0" />
  <memory-copied type="other" objects="73" bytes="3032" bytesdiscarded="0" />
  <memory-cardclean objects="91" bytes="3368" />
  <regions eden="50" other="2" />
  <remembered-set-cleared processed="763" cleared="7" durationms="0.426" />
  <stringconstants candidates="13661" cleared="0"  />
</gc-op>
<gc-op id="3348" type="classunload" timems="0.007" contextid="3344" timestamp="2019-08-11T06:21:08.791">
  <classunload-info classloadercandidates="53" classloadersunloaded="0" classesunloaded="0" anonymousclassesunloaded="0" quiescems="0.000" setupms="0.007" scanms="0.000" postms="0.000" />
</gc-op>
<heap-resize id="3349" type="expand" space="default" amount="4194304" count="1" timems="0.080" reason="excessive time being spent in gc" timestamp="2019-08-11T06:21:08.792" />
<gc-end id="3350" type="partial gc" contextid="3344" durationms="2.868" usertimems="4.046" systemtimems="0.000" timestamp="2019-08-11T06:21:08.792" activeThreads="1">
  <mem-info id="3351" free="239075328" total="398458880" percent="60">
    <mem type="eden" free="2097088" total="2097152" percent="99" />
    <remembered-set count="6912" freebytes="15901952" totalbytes="15929600" percent="99" regionsoverflowed="0" regionsstable="9" regionsrebuilding="0"/>
  </mem-info>
</gc-end>
<cycle-end id="3352" type="partial gc" contextid="3344" timestamp="2019-08-11T06:21:08.792" />
  <attribute name="elasticGC enabled" value="1" />
  <attribute name= "numThreadsSpecified" value="1" />
  <attribute name="heapSize specified" value="0" />
  <attribute name="Current GC Util" value="151" />
  <attribute name= "Current Time Running" value="179982" />
  <attribute name ="GC Interval" value="0" />
  <attribute name="ProportionalT" value="35.500000" />
  <attribute name="ProportionalI" value="35.500000" />
  <attribute name="ProportionalH" value="35.500000" />
  <attribute name="Current Error" value="71.000000" />
  <attribute name="IntegralT" value="0.000000" />
  <attribute name="IntegralI" value="0.000000" />
  <attribute name="IntegralH" value="0.000000" />
  <attribute name="DerivativeT" value="inf" />
  <attribute name="DerivativeI" value="inf" />
  <attribute name="DerivativeH" value="inf" />
  <attribute name="Loop Time for DT" value="0.000000" />
  <attribute name="Output H" value="8388608"/>
  <attribute name="Output I" value="200"/>
  <attribute name="Output T" value="1"/>
  <attribute name="Target GC Util Change" value ="80.000000" />
  <attribute name="Current GC Util Change" value="151.000000"/>
  <attribute name="GC Util currently" value="151" />
  <attribute name="CPU Util currently" value="2480473169495" />
<exclusive-end id="3353" timestamp="2019-08-11T06:21:08.792" durationms="3.571" />

<exclusive-start id="3354" timestamp="2019-08-11T06:21:08.829" intervalms="40.871">
  <response-info timems="0.019" idlems="0.019" threads="0" lastid="0000000001E02F00" lastname="main" />
</exclusive-start>
<allocation-taxation id="3355" taxation-threshold="106954752" timestamp="2019-08-11T06:21:08.829" intervalms="40.919" />
<cycle-start id="3356" type="partial gc" contextid="0" timestamp="2019-08-11T06:21:08.829" intervalms="40.925" />
<gc-start id="3357" type="partial gc" contextid="3356" timestamp="2019-08-11T06:21:08.830">
  <mem-info id="3358" free="132120576" total="398458880" percent="33">
    <mem type="eden" free="2097088" total="109051904" percent="1" />
    <remembered-set count="6624" freebytes="15903104" totalbytes="15929600" percent="99" regionsoverflowed="0" regionsstable="9" regionsrebuilding="0"/>
  </mem-info>
</gc-start>
<allocation-stats totalBytes="106285576" >
  <allocated-bytes non-tlh="0" tlh="106285576" arrayletleaf="0"/>
  <largest-consumer threadName="main" threadId="0000000001E02F00" bytes="106285576" />
</allocation-stats>
<gc-op id="3359" type="copy forward" timems="1.916" contextid="3356" timestamp="2019-08-11T06:21:08.833">
  <memory-copied type="eden" objects="2" bytes="64" bytesdiscarded="0" />
  <memory-copied type="other" objects="25" bytes="1880" bytesdiscarded="0" />
  <memory-cardclean objects="49" bytes="1944" />
  <regions eden="51" other="2" />
  <remembered-set-cleared processed="768" cleared="4" durationms="0.398" />
  <stringconstants candidates="13661" cleared="0"  />
</gc-op>
<gc-op id="3360" type="classunload" timems="0.006" contextid="3356" timestamp="2019-08-11T06:21:08.833">
  <classunload-info classloadercandidates="53" classloadersunloaded="0" classesunloaded="0" anonymousclassesunloaded="0" quiescems="0.000" setupms="0.006" scanms="0.000" postms="0.000" />
</gc-op>
<gc-end id="3361" type="partial gc" contextid="3356" durationms="3.312" usertimems="4.505" systemtimems="0.000" timestamp="2019-08-11T06:21:08.833" activeThreads="1">
  <mem-info id="3362" free="239075328" total="398458880" percent="60">
    <mem type="eden" free="2097088" total="2097152" percent="99" />
    <remembered-set count="6976" freebytes="15901696" totalbytes="15929600" percent="99" regionsoverflowed="0" regionsstable="9" regionsrebuilding="0"/>
  </mem-info>
</gc-end>
<cycle-end id="3363" type="partial gc" contextid="3356" timestamp="2019-08-11T06:21:08.833" />
  <attribute name="elasticGC enabled" value="1" />
  <attribute name= "numThreadsSpecified" value="1" />
  <attribute name="heapSize specified" value="0" />
  <attribute name="Current GC Util" value="200" />
  <attribute name= "Current Time Running" value="180023" />
  <attribute name ="GC Interval" value="0" />
  <attribute name="ProportionalT" value="60.000000" />
  <attribute name="ProportionalI" value="60.000000" />
  <attribute name="ProportionalH" value="60.000000" />
  <attribute name="Current Error" value="120.000000" />
  <attribute name="IntegralT" value="0.000000" />
  <attribute name="IntegralI" value="0.000000" />
  <attribute name="IntegralH" value="0.000000" />
  <attribute name="DerivativeT" value="inf" />
  <attribute name="DerivativeI" value="inf" />
  <attribute name="DerivativeH" value="inf" />
  <attribute name="Loop Time for DT" value="0.000000" />
  <attribute name="Output H" value="8388608"/>
  <attribute name="Output I" value="200"/>
  <attribute name="Output T" value="1"/>
  <attribute name="Target GC Util Change" value ="80.000000" />
  <attribute name="Current GC Util Change" value="200.000000"/>
  <attribute name="GC Util currently" value="200" />
  <attribute name="CPU Util currently" value="1481070359718" />
<exclusive-end id="3364" timestamp="2019-08-11T06:21:08.833" durationms="3.945" />

<exclusive-start id="3365" timestamp="2019-08-11T06:21:08.920" intervalms="91.279">
  <response-info timems="0.017" idlems="0.017" threads="0" lastid="0000000001E02F00" lastname="main" />
</exclusive-start>
<allocation-taxation id="3366" taxation-threshold="106954752" timestamp="2019-08-11T06:21:08.921" intervalms="91.238" />
<cycle-start id="3367" type="partial gc" contextid="0" timestamp="2019-08-11T06:21:08.921" intervalms="91.254" />
<gc-start id="3368" type="partial gc" contextid="3367" timestamp="2019-08-11T06:21:08.921">
  <mem-info id="3369" free="132120576" total="398458880" percent="33">
    <mem type="eden" free="2097088" total="109051904" percent="1" />
    <remembered-set count="6624" freebytes="15903104" totalbytes="15929600" percent="99" regionsoverflowed="0" regionsstable="9" regionsrebuilding="0"/>
  </mem-info>
</gc-start>
<allocation-stats totalBytes="106930128" >
  <allocated-bytes non-tlh="0" tlh="106930128" arrayletleaf="0"/>
  <largest-consumer threadName="main" threadId="0000000001E02F00" bytes="106930128" />
</allocation-stats>
<gc-op id="3370" type="copy forward" timems="2.559" contextid="3367" timestamp="2019-08-11T06:21:08.925">
  <memory-copied type="eden" objects="152" bytes="5000" bytesdiscarded="0" />
  <memory-copied type="other" objects="6" bytes="144" bytesdiscarded="0" />
  <memory-cardclean objects="84" bytes="2640" />
  <regions eden="51" other="2" />
  <remembered-set-cleared processed="768" cleared="5" durationms="0.734" />
  <stringconstants candidates="13661" cleared="0"  />
</gc-op>
<gc-op id="3371" type="classunload" timems="0.006" contextid="3367" timestamp="2019-08-11T06:21:08.925">
  <classunload-info classloadercandidates="53" classloadersunloaded="0" classesunloaded="0" anonymousclassesunloaded="0" quiescems="0.000" setupms="0.005" scanms="0.000" postms="0.000" />
</gc-op>
<gc-end id="3372" type="partial gc" contextid="3367" durationms="3.774" usertimems="4.590" systemtimems="0.000" timestamp="2019-08-11T06:21:08.925" activeThreads="1">
  <mem-info id="3373" free="239075328" total="398458880" percent="60">
    <mem type="eden" free="2092152" total="2097152" percent="99" />
    <remembered-set count="6976" freebytes="15901696" totalbytes="15929600" percent="99" regionsoverflowed="0" regionsstable="9" regionsrebuilding="0"/>
  </mem-info>
</gc-end>
<cycle-end id="3374" type="partial gc" contextid="3367" timestamp="2019-08-11T06:21:08.925" />
  <attribute name="elasticGC enabled" value="1" />
  <attribute name= "numThreadsSpecified" value="1" />
  <attribute name="heapSize specified" value="0" />
  <attribute name="Current GC Util" value="190" />
  <attribute name= "Current Time Running" value="180114" />
  <attribute name ="GC Interval" value="0" />
  <attribute name="ProportionalT" value="55.000000" />
  <attribute name="ProportionalI" value="55.000000" />
  <attribute name="ProportionalH" value="55.000000" />
  <attribute name="Current Error" value="110.000000" />
  <attribute name="IntegralT" value="0.000000" />
  <attribute name="IntegralI" value="0.000000" />
  <attribute name="IntegralH" value="0.000000" />
  <attribute name="DerivativeT" value="inf" />
  <attribute name="DerivativeI" value="inf" />
  <attribute name="DerivativeH" value="inf" />
  <attribute name="Loop Time for DT" value="0.000000" />
  <attribute name="Output H" value="8388608"/>
  <attribute name="Output I" value="200"/>
  <attribute name="Output T" value="1"/>
  <attribute name="Target GC Util Change" value ="80.000000" />
  <attribute name="Current GC Util Change" value="190.000000"/>
  <attribute name="GC Util currently" value="190" />
  <attribute name="CPU Util currently" value="1537146617044" />
<exclusive-end id="3375" timestamp="2019-08-11T06:21:08.925" durationms="4.516" />

<exclusive-start id="3376" timestamp="2019-08-11T06:21:09.106" intervalms="185.701">
  <response-info timems="0.020" idlems="0.020" threads="0" lastid="0000000001E02F00" lastname="main" />
</exclusive-start>
<allocation-taxation id="3377" taxation-threshold="106954752" timestamp="2019-08-11T06:21:09.106" intervalms="185.696" />
<cycle-start id="3378" type="partial gc" contextid="0" timestamp="2019-08-11T06:21:09.106" intervalms="185.690" />
<gc-start id="3379" type="partial gc" contextid="3378" timestamp="2019-08-11T06:21:09.107">
  <mem-info id="3380" free="132120576" total="398458880" percent="33">
    <mem type="eden" free="0" total="106954752" percent="0" />
    <remembered-set count="6624" freebytes="15903104" totalbytes="15929600" percent="99" regionsoverflowed="0" regionsstable="9" regionsrebuilding="0"/>
  </mem-info>
</gc-start>
<allocation-stats totalBytes="106928512" >
  <allocated-bytes non-tlh="0" tlh="106928512" arrayletleaf="0"/>
  <largest-consumer threadName="main" threadId="0000000001E02F00" bytes="106928512" />
</allocation-stats>
<gc-op id="3381" type="copy forward" timems="8.048" contextid="3378" timestamp="2019-08-11T06:21:09.116">
  <memory-copied type="eden" objects="127" bytes="4344" bytesdiscarded="1992" />
  <memory-copied type="other" objects="12" bytes="288" bytesdiscarded="1392" />
  <memory-cardclean objects="130" bytes="12560" />
  <regions eden="51" other="2" />
  <remembered-set-cleared processed="769" cleared="28" durationms="0.298" />
  <references type="weak" candidates="39" cleared="0" enqueued="0" />
  <stringconstants candidates="13661" cleared="0"  />
</gc-op>
<gc-op id="3382" type="classunload" timems="0.010" contextid="3378" timestamp="2019-08-11T06:21:09.116">
  <classunload-info classloadercandidates="53" classloadersunloaded="0" classesunloaded="0" anonymousclassesunloaded="0" quiescems="0.000" setupms="0.010" scanms="0.000" postms="0.000" />
</gc-op>
<heap-resize id="3383" type="contract" space="default" amount="20971520" count="1" timems="0.151" reason="insufficient time being spent in gc" timestamp="2019-08-11T06:21:09.116" />
<gc-end id="3384" type="partial gc" contextid="3378" durationms="9.359" usertimems="20.538" systemtimems="0.000" timestamp="2019-08-11T06:21:09.116" activeThreads="16">
  <mem-info id="3385" free="216006656" total="377487360" percent="57">
    <mem type="eden" free="2090768" total="2097152" percent="99" />
    <remembered-set count="7104" freebytes="15901184" totalbytes="15929600" percent="99" regionsoverflowed="0" regionsstable="9" regionsrebuilding="0"/>
  </mem-info>
</gc-end>
<cycle-end id="3386" type="partial gc" contextid="3378" timestamp="2019-08-11T06:21:09.116" />
  <attribute name="elasticGC enabled" value="1" />
  <attribute name= "numThreadsSpecified" value="16" />
  <attribute name="heapSize specified" value="0" />
  <attribute name="Current GC Util" value="161" />
  <attribute name= "Current Time Running" value="180300" />
  <attribute name ="GC Interval" value="0" />
  <attribute name="ProportionalT" value="40.500000" />
  <attribute name="ProportionalI" value="40.500000" />
  <attribute name="ProportionalH" value="40.500000" />
  <attribute name="Current Error" value="81.000000" />
  <attribute name="IntegralT" value="40.500000" />
  <attribute name="IntegralI" value="40.500000" />
  <attribute name="IntegralH" value="40.500000" />
  <attribute name="DerivativeT" value="81.000000" />
  <attribute name="DerivativeI" value="81.000000" />
  <attribute name="DerivativeH" value="81.000000" />
  <attribute name="Loop Time for DT" value="1.000000" />
  <attribute name="Output H" value="8388608"/>
  <attribute name="Output I" value="200"/>
  <attribute name="Output T" value="16"/>
  <attribute name="Target GC Util Change" value ="80.000000" />
  <attribute name="Current GC Util Change" value="161.000000"/>
  <attribute name="GC Util currently" value="161" />
  <attribute name="CPU Util currently" value="2037147249341" />
<exclusive-end id="3387" timestamp="2019-08-11T06:21:09.116" durationms="10.059" />

<exclusive-start id="3388" timestamp="2019-08-11T06:21:09.151" intervalms="44.553">
  <response-info timems="0.021" idlems="0.021" threads="0" lastid="0000000001E02F00" lastname="main" />
</exclusive-start>
<allocation-taxation id="3389" taxation-threshold="100663296" timestamp="2019-08-11T06:21:09.151" intervalms="44.546" />
<cycle-start id="3390" type="partial gc" contextid="0" timestamp="2019-08-11T06:21:09.151" intervalms="44.525" />
<gc-start id="3391" type="partial gc" contextid="3390" timestamp="2019-08-11T06:21:09.151">
  <mem-info id="3392" free="115343360" total="377487360" percent="30">
    <mem type="eden" free="0" total="100663296" percent="0" />
    <remembered-set count="6944" freebytes="15901824" totalbytes="15929600" percent="99" regionsoverflowed="0" regionsstable="9" regionsrebuilding="0"/>
  </mem-info>
</gc-start>
<allocation-stats totalBytes="100612152" >
  <allocated-bytes non-tlh="0" tlh="100612152" arrayletleaf="0"/>
  <largest-consumer threadName="main" threadId="0000000001E02F00" bytes="100612152" />
</allocation-stats>
<gc-op id="3393" type="copy forward" timems="7.427" contextid="3390" timestamp="2019-08-11T06:21:09.161">
  <memory-copied type="eden" objects="6" bytes="240" bytesdiscarded="0" />
  <memory-copied type="other" objects="127" bytes="4264" bytesdiscarded="3440" />
  <memory-cardclean objects="92" bytes="11712" />
  <regions eden="48" other="2" />
  <remembered-set-cleared processed="771" cleared="27" durationms="0.300" />
  <references type="weak" candidates="39" cleared="0" enqueued="0" />
  <stringconstants candidates="13661" cleared="0"  />
</gc-op>
<gc-op id="3394" type="classunload" timems="0.009" contextid="3390" timestamp="2019-08-11T06:21:09.161">
  <classunload-info classloadercandidates="53" classloadersunloaded="0" classesunloaded="0" anonymousclassesunloaded="0" quiescems="0.000" setupms="0.009" scanms="0.000" postms="0.000" />
</gc-op>
<gc-end id="3395" type="partial gc" contextid="3390" durationms="9.937" usertimems="19.680" systemtimems="0.000" timestamp="2019-08-11T06:21:09.161" activeThreads="16">
  <mem-info id="3396" free="213909504" total="377487360" percent="56">
    <mem type="eden" free="2096912" total="2097152" percent="99" />
    <remembered-set count="7200" freebytes="15062400" totalbytes="15091200" percent="99" regionsoverflowed="0" regionsstable="9" regionsrebuilding="0"/>
  </mem-info>
</gc-end>
<cycle-end id="3397" type="partial gc" contextid="3390" timestamp="2019-08-11T06:21:09.161" />
  <attribute name="elasticGC enabled" value="1" />
  <attribute name= "numThreadsSpecified" value="16" />
  <attribute name="heapSize specified" value="0" />
  <attribute name="Current GC Util" value="46" />
  <attribute name= "Current Time Running" value="180346" />
  <attribute name ="GC Interval" value="0" />
  <attribute name="ProportionalT" value="-17.000000" />
  <attribute name="ProportionalI" value="-17.000000" />
  <attribute name="ProportionalH" value="-17.000000" />
  <attribute name="Current Error" value="-34.000000" />
  <attribute name="IntegralT" value="-34.000000" />
  <attribute name="IntegralI" value="-34.000000" />
  <attribute name="IntegralH" value="-34.000000" />
  <attribute name="DerivativeT" value="-17.000000" />
  <attribute name="DerivativeI" value="-17.000000" />
  <attribute name="DerivativeH" value="-17.000000" />
  <attribute name="Loop Time for DT" value="2.000000" />
  <attribute name="Output H" value="4202627072"/>
  <attribute name="Output I" value="200"/>
  <attribute name="Output T" value="16"/>
  <attribute name="Target GC Util Change" value ="80.000000" />
  <attribute name="Current GC Util Change" value="46.000000"/>
  <attribute name="GC Util currently" value="46" />
  <attribute name="CPU Util currently" value="577421553739" />
<exclusive-end id="3398" timestamp="2019-08-11T06:21:09.161" durationms="10.513" />

<exclusive-start id="3399" timestamp="2019-08-11T06:21:09.196" intervalms="45.011">
  <response-info timems="0.020" idlems="0.020" threads="0" lastid="0000000001E02F00" lastname="main" />
</exclusive-start>
<allocation-taxation id="3400" taxation-threshold="100663296" timestamp="2019-08-11T06:21:09.196" intervalms="45.014" />
<cycle-start id="3401" type="partial gc" contextid="0" timestamp="2019-08-11T06:21:09.196" intervalms="44.997" />
<gc-start id="3402" type="partial gc" contextid="3401" timestamp="2019-08-11T06:21:09.196">
  <mem-info id="3403" free="113246208" total="377487360" percent="30">
    <mem type="eden" free="2096912" total="102760448" percent="2" />
    <remembered-set count="6816" freebytes="15063936" totalbytes="15091200" percent="99" regionsoverflowed="0" regionsstable="9" regionsrebuilding="0"/>
  </mem-info>
</gc-start>
<allocation-stats totalBytes="100611816" >
  <allocated-bytes non-tlh="0" tlh="100611816" arrayletleaf="0"/>
  <largest-consumer threadName="main" threadId="0000000001E02F00" bytes="100611816" />
</allocation-stats>
<gc-op id="3404" type="copy forward" timems="7.174" contextid="3401" timestamp="2019-08-11T06:21:09.206">
  <memory-copied type="eden" objects="6" bytes="176" bytesdiscarded="0" />
  <memory-copied type="other" objects="121" bytes="4120" bytesdiscarded="1672" />
  <memory-cardclean objects="84" bytes="11480" />
  <regions eden="48" other="2" />
  <remembered-set-cleared processed="773" cleared="26" durationms="0.184" />
  <references type="weak" candidates="39" cleared="0" enqueued="0" />
  <stringconstants candidates="13661" cleared="0"  />
</gc-op>
<gc-op id="3405" type="classunload" timems="0.012" contextid="3401" timestamp="2019-08-11T06:21:09.206">
  <classunload-info classloadercandidates="53" classloadersunloaded="0" classesunloaded="0" anonymousclassesunloaded="0" quiescems="0.000" setupms="0.012" scanms="0.000" postms="0.000" />
</gc-op>
<gc-end id="3406" type="partial gc" contextid="3401" durationms="9.730" usertimems="22.973" systemtimems="0.000" timestamp="2019-08-11T06:21:09.206" activeThreads="16">
  <mem-info id="3407" free="213909504" total="377487360" percent="56">
    <mem type="eden" free="2096976" total="2097152" percent="99" />
    <remembered-set count="7264" freebytes="15062144" totalbytes="15091200" percent="99" regionsoverflowed="0" regionsstable="9" regionsrebuilding="0"/>
  </mem-info>
</gc-end>
<cycle-end id="3408" type="partial gc" contextid="3401" timestamp="2019-08-11T06:21:09.206" />
  <attribute name="elasticGC enabled" value="1" />
  <attribute name= "numThreadsSpecified" value="16" />
  <attribute name="heapSize specified" value="0" />
  <attribute name="Current GC Util" value="254" />
  <attribute name= "Current Time Running" value="180391" />
  <attribute name ="GC Interval" value="0" />
  <attribute name="ProportionalT" value="87.000000" />
  <attribute name="ProportionalI" value="87.000000" />
  <attribute name="ProportionalH" value="87.000000" />
  <attribute name="Current Error" value="174.000000" />
  <attribute name="IntegralT" value="174.000000" />
  <attribute name="IntegralI" value="174.000000" />
  <attribute name="IntegralH" value="174.000000" />
  <attribute name="DerivativeT" value="87.000000" />
  <attribute name="DerivativeI" value="87.000000" />
  <attribute name="DerivativeH" value="87.000000" />
  <attribute name="Loop Time for DT" value="2.000000" />
  <attribute name="Output H" value="8388608"/>
  <attribute name="Output I" value="352"/>
  <attribute name="Output T" value="16"/>
  <attribute name="Target GC Util Change" value ="80.000000" />
  <attribute name="Current GC Util Change" value="254.000000"/>
  <attribute name="GC Util currently" value="254" />
  <attribute name="CPU Util currently" value="575416917878" />
<exclusive-end id="3409" timestamp="2019-08-11T06:21:09.206" durationms="10.326" />

<exclusive-start id="3410" timestamp="2019-08-11T06:21:09.254" intervalms="57.839">
  <response-info timems="0.020" idlems="0.020" threads="0" lastid="0000000001E02F00" lastname="main" />
</exclusive-start>
<allocation-taxation id="3411" taxation-threshold="100663296" timestamp="2019-08-11T06:21:09.254" intervalms="57.843" />
<cycle-start id="3412" type="partial gc" contextid="0" timestamp="2019-08-11T06:21:09.254" intervalms="57.853" />
<gc-start id="3413" type="partial gc" contextid="3412" timestamp="2019-08-11T06:21:09.254">
  <mem-info id="3414" free="113246208" total="377487360" percent="30">
    <mem type="eden" free="2096976" total="102760448" percent="2" />
    <remembered-set count="6912" freebytes="15063552" totalbytes="15091200" percent="99" regionsoverflowed="0" regionsstable="9" regionsrebuilding="0"/>
  </mem-info>
</gc-start>
<allocation-stats totalBytes="100576152" >
  <allocated-bytes non-tlh="0" tlh="100576152" arrayletleaf="0"/>
  <largest-consumer threadName="main" threadId="0000000001E02F00" bytes="100576152" />
</allocation-stats>
<gc-op id="3415" type="copy forward" timems="7.064" contextid="3412" timestamp="2019-08-11T06:21:09.262">
  <memory-copied type="eden" objects="51" bytes="2040" bytesdiscarded="576" />
  <memory-copied type="other" objects="110" bytes="3712" bytesdiscarded="2048" />
  <memory-cardclean objects="94" bytes="11656" />
  <regions eden="48" other="2" />
  <remembered-set-cleared processed="773" cleared="26" durationms="0.144" />
  <references type="weak" candidates="39" cleared="0" enqueued="0" />
  <stringconstants candidates="13661" cleared="0"  />
</gc-op>
<gc-op id="3416" type="classunload" timems="0.010" contextid="3412" timestamp="2019-08-11T06:21:09.262">
  <classunload-info classloadercandidates="53" classloadersunloaded="0" classesunloaded="0" anonymousclassesunloaded="0" quiescems="0.000" setupms="0.010" scanms="0.000" postms="0.000" />
</gc-op>
<heap-resize id="3417" type="expand" space="default" amount="31457280" count="1" timems="0.153" reason="excessive time being spent in gc" timestamp="2019-08-11T06:21:09.262" />
<gc-end id="3418" type="partial gc" contextid="3412" durationms="8.514" usertimems="18.352" systemtimems="0.000" timestamp="2019-08-11T06:21:09.262" activeThreads="16">
  <mem-info id="3419" free="245366784" total="408944640" percent="60">
    <mem type="eden" free="2094536" total="2097152" percent="99" />
    <remembered-set count="7264" freebytes="16319744" totalbytes="16348800" percent="99" regionsoverflowed="0" regionsstable="9" regionsrebuilding="0"/>
  </mem-info>
</gc-end>
<cycle-end id="3420" type="partial gc" contextid="3412" timestamp="2019-08-11T06:21:09.263" />
  <attribute name="elasticGC enabled" value="1" />
  <attribute name= "numThreadsSpecified" value="16" />
  <attribute name="heapSize specified" value="0" />
  <attribute name="Current GC Util" value="108" />
  <attribute name= "Current Time Running" value="180448" />
  <attribute name ="GC Interval" value="0" />
  <attribute name="ProportionalT" value="14.000000" />
  <attribute name="ProportionalI" value="14.000000" />
  <attribute name="ProportionalH" value="14.000000" />
  <attribute name="Current Error" value="28.000000" />
  <attribute name="IntegralT" value="14.000000" />
  <attribute name="IntegralI" value="14.000000" />
  <attribute name="IntegralH" value="14.000000" />
  <attribute name="DerivativeT" value="28.000000" />
  <attribute name="DerivativeI" value="28.000000" />
  <attribute name="DerivativeH" value="28.000000" />
  <attribute name="Loop Time for DT" value="1.000000" />
  <attribute name="Output H" value="8388608"/>
  <attribute name="Output I" value="200"/>
  <attribute name="Output T" value="16"/>
  <attribute name="Target GC Util Change" value ="80.000000" />
  <attribute name="Current GC Util Change" value="108.000000"/>
  <attribute name="GC Util currently" value="108" />
  <attribute name="CPU Util currently" value="1445151266476" />
<exclusive-end id="3421" timestamp="2019-08-11T06:21:09.263" durationms="9.361" />

<exclusive-start id="3422" timestamp="2019-08-11T06:21:09.536" intervalms="282.050">
  <response-info timems="0.026" idlems="0.026" threads="0" lastid="0000000001E02F00" lastname="main" />
</exclusive-start>
<allocation-taxation id="3423" taxation-threshold="109051904" timestamp="2019-08-11T06:21:09.536" intervalms="282.065" />
<cycle-start id="3424" type="partial gc" contextid="0" timestamp="2019-08-11T06:21:09.536" intervalms="282.167" />
<gc-start id="3425" type="partial gc" contextid="3424" timestamp="2019-08-11T06:21:09.536">
  <mem-info id="3426" free="136314880" total="408944640" percent="33">
    <mem type="eden" free="0" total="109051904" percent="0" />
    <remembered-set count="6816" freebytes="16321536" totalbytes="16348800" percent="99" regionsoverflowed="0" regionsstable="9" regionsrebuilding="0"/>
  </mem-info>
</gc-start>
<allocation-stats totalBytes="107410408" >
  <allocated-bytes non-tlh="0" tlh="107410408" arrayletleaf="0"/>
  <largest-consumer threadName="main" threadId="0000000001E02F00" bytes="107410408" />
</allocation-stats>
<gc-op id="3427" type="copy forward" timems="9.136" contextid="3424" timestamp="2019-08-11T06:21:09.546">
  <memory-copied type="eden" objects="65" bytes="20168" bytesdiscarded="464" />
  <memory-copied type="other" objects="122" bytes="4000" bytesdiscarded="1536" />
  <memory-cardclean objects="152" bytes="13000" />
  <regions eden="52" other="2" />
  <remembered-set-cleared processed="774" cleared="31" durationms="0.161" />
  <references type="weak" candidates="39" cleared="0" enqueued="0" />
  <stringconstants candidates="13661" cleared="0"  />
</gc-op>
<gc-op id="3428" type="classunload" timems="0.009" contextid="3424" timestamp="2019-08-11T06:21:09.546">
  <classunload-info classloadercandidates="53" classloadersunloaded="0" classesunloaded="0" anonymousclassesunloaded="0" quiescems="0.000" setupms="0.009" scanms="0.000" postms="0.000" />
</gc-op>
<gc-end id="3429" type="partial gc" contextid="3424" durationms="10.363" usertimems="26.595" systemtimems="0.000" timestamp="2019-08-11T06:21:09.547" activeThreads="16">
  <mem-info id="3430" free="243269632" total="408944640" percent="59">
    <mem type="eden" free="2076520" total="2097152" percent="99" />
    <remembered-set count="6656" freebytes="16322176" totalbytes="16348800" percent="99" regionsoverflowed="0" regionsstable="9" regionsrebuilding="0"/>
  </mem-info>
</gc-end>
<cycle-end id="3431" type="partial gc" contextid="3424" timestamp="2019-08-11T06:21:09.547" />
  <attribute name="elasticGC enabled" value="1" />
  <attribute name= "numThreadsSpecified" value="16" />
  <attribute name="heapSize specified" value="0" />
  <attribute name="Current GC Util" value="111" />
  <attribute name= "Current Time Running" value="180730" />
  <attribute name ="GC Interval" value="0" />
  <attribute name="ProportionalT" value="15.500000" />
  <attribute name="ProportionalI" value="15.500000" />
  <attribute name="ProportionalH" value="15.500000" />
  <attribute name="Current Error" value="31.000000" />
  <attribute name="IntegralT" value="15.500000" />
  <attribute name="IntegralI" value="15.500000" />
  <attribute name="IntegralH" value="15.500000" />
  <attribute name="DerivativeT" value="31.000000" />
  <attribute name="DerivativeI" value="31.000000" />
  <attribute name="DerivativeH" value="31.000000" />
  <attribute name="Loop Time for DT" value="1.000000" />
  <attribute name="Output H" value="8388608"/>
  <attribute name="Output I" value="200"/>
  <attribute name="Output T" value="16"/>
  <attribute name="Target GC Util Change" value ="80.000000" />
  <attribute name="Current GC Util Change" value="111.000000"/>
  <attribute name="GC Util currently" value="111" />
  <attribute name="CPU Util currently" value="1828927978632" />
<exclusive-end id="3432" timestamp="2019-08-11T06:21:09.547" durationms="11.207" />

<exclusive-start id="3433" timestamp="2019-08-11T06:21:09.735" intervalms="199.617">
  <response-info timems="0.019" idlems="0.019" threads="0" lastid="0000000001E02F00" lastname="main" />
</exclusive-start>
<allocation-taxation id="3434" taxation-threshold="109051904" timestamp="2019-08-11T06:21:09.735" intervalms="199.602" />
<cycle-start id="3435" type="partial gc" contextid="0" timestamp="2019-08-11T06:21:09.735" intervalms="199.529" />
<gc-start id="3436" type="partial gc" contextid="3435" timestamp="2019-08-11T06:21:09.736">
  <mem-info id="3437" free="134217728" total="408944640" percent="32">
    <mem type="eden" free="0" total="109051904" percent="0" />
    <remembered-set count="6656" freebytes="16322176" totalbytes="16348800" percent="99" regionsoverflowed="0" regionsstable="9" regionsrebuilding="0"/>
  </mem-info>
</gc-start>
<allocation-stats totalBytes="109040064" >
  <allocated-bytes non-tlh="0" tlh="109040064" arrayletleaf="0"/>
  <largest-consumer threadName="main" threadId="0000000001E02F00" bytes="109040064" />
</allocation-stats>
<gc-op id="3438" type="copy forward" timems="2.414" contextid="3435" timestamp="2019-08-11T06:21:09.739">
  <memory-copied type="eden" objects="73" bytes="2232" bytesdiscarded="0" />
  <memory-copied type="other" objects="48" bytes="1152" bytesdiscarded="0" />
  <memory-cardclean objects="120" bytes="3808" />
  <regions eden="52" other="2" />
  <remembered-set-cleared processed="780" cleared="16" durationms="0.624" />
  <stringconstants candidates="13661" cleared="0"  />
</gc-op>
<gc-op id="3439" type="classunload" timems="0.005" contextid="3435" timestamp="2019-08-11T06:21:09.739">
  <classunload-info classloadercandidates="53" classloadersunloaded="0" classesunloaded="0" anonymousclassesunloaded="0" quiescems="0.000" setupms="0.005" scanms="0.000" postms="0.000" />
</gc-op>
<gc-end id="3440" type="partial gc" contextid="3435" durationms="3.642" usertimems="4.354" systemtimems="0.000" timestamp="2019-08-11T06:21:09.739" activeThreads="1">
  <mem-info id="3441" free="241172480" total="408944640" percent="58">
    <mem type="eden" free="2094920" total="2097152" percent="99" />
    <remembered-set count="6752" freebytes="16321792" totalbytes="16348800" percent="99" regionsoverflowed="0" regionsstable="9" regionsrebuilding="0"/>
  </mem-info>
</gc-end>
<cycle-end id="3442" type="partial gc" contextid="3435" timestamp="2019-08-11T06:21:09.739" />
  <attribute name="elasticGC enabled" value="1" />
  <attribute name= "numThreadsSpecified" value="1" />
  <attribute name="heapSize specified" value="0" />
  <attribute name="Current GC Util" value="109" />
  <attribute name= "Current Time Running" value="180929" />
  <attribute name ="GC Interval" value="0" />
  <attribute name="ProportionalT" value="14.500000" />
  <attribute name="ProportionalI" value="14.500000" />
  <attribute name="ProportionalH" value="14.500000" />
  <attribute name="Current Error" value="29.000000" />
  <attribute name="IntegralT" value="0.000000" />
  <attribute name="IntegralI" value="0.000000" />
  <attribute name="IntegralH" value="0.000000" />
  <attribute name="DerivativeT" value="inf" />
  <attribute name="DerivativeI" value="inf" />
  <attribute name="DerivativeH" value="inf" />
  <attribute name="Loop Time for DT" value="0.000000" />
  <attribute name="Output H" value="8388608"/>
  <attribute name="Output I" value="200"/>
  <attribute name="Output T" value="1"/>
  <attribute name="Target GC Util Change" value ="80.000000" />
  <attribute name="Current GC Util Change" value="109.000000"/>
  <attribute name="GC Util currently" value="109" />
  <attribute name="CPU Util currently" value="1894937145483" />
<exclusive-end id="3443" timestamp="2019-08-11T06:21:09.739" durationms="4.273" />

<exclusive-start id="3444" timestamp="2019-08-11T06:21:09.867" intervalms="132.135">
  <response-info timems="0.020" idlems="0.020" threads="0" lastid="0000000001E02F00" lastname="main" />
</exclusive-start>
<allocation-taxation id="3445" taxation-threshold="109051904" timestamp="2019-08-11T06:21:09.867" intervalms="132.136" />
<cycle-start id="3446" type="partial gc" contextid="0" timestamp="2019-08-11T06:21:09.867" intervalms="132.105" />
<gc-start id="3447" type="partial gc" contextid="3446" timestamp="2019-08-11T06:21:09.868">
  <mem-info id="3448" free="132120576" total="408944640" percent="32">
    <mem type="eden" free="0" total="109051904" percent="0" />
    <remembered-set count="6624" freebytes="16322304" totalbytes="16348800" percent="99" regionsoverflowed="0" regionsstable="9" regionsrebuilding="0"/>
  </mem-info>
</gc-start>
<allocation-stats totalBytes="109024712" >
  <allocated-bytes non-tlh="0" tlh="109024712" arrayletleaf="0"/>
  <largest-consumer threadName="main" threadId="0000000001E02F00" bytes="109024712" />
</allocation-stats>
<gc-op id="3449" type="copy forward" timems="1.765" contextid="3446" timestamp="2019-08-11T06:21:09.870">
  <memory-copied type="eden" objects="42" bytes="1232" bytesdiscarded="0" />
  <memory-copied type="other" objects="70" bytes="1752" bytesdiscarded="0" />
  <memory-cardclean objects="146" bytes="4728" />
  <regions eden="52" other="2" />
  <remembered-set-cleared processed="783" cleared="18" durationms="0.396" />
  <stringconstants candidates="13661" cleared="0"  />
</gc-op>
<gc-op id="3450" type="classunload" timems="0.005" contextid="3446" timestamp="2019-08-11T06:21:09.870">
  <classunload-info classloadercandidates="53" classloadersunloaded="0" classesunloaded="0" anonymousclassesunloaded="0" quiescems="0.000" setupms="0.003" scanms="0.000" postms="0.000" />
</gc-op>
<heap-resize id="3451" type="contract" space="default" amount="20971520" count="1" timems="0.112" reason="insufficient time being spent in gc" timestamp="2019-08-11T06:21:09.871" />
<gc-end id="3452" type="partial gc" contextid="3446" durationms="2.800" usertimems="4.325" systemtimems="0.000" timestamp="2019-08-11T06:21:09.871" activeThreads="1">
  <mem-info id="3453" free="218103808" total="387973120" percent="56">
    <mem type="eden" free="2095920" total="2097152" percent="99" />
    <remembered-set count="6752" freebytes="16321792" totalbytes="16348800" percent="99" regionsoverflowed="0" regionsstable="9" regionsrebuilding="0"/>
  </mem-info>
</gc-end>
<cycle-end id="3454" type="partial gc" contextid="3446" timestamp="2019-08-11T06:21:09.871" />
  <attribute name="elasticGC enabled" value="1" />
  <attribute name= "numThreadsSpecified" value="1" />
  <attribute name="heapSize specified" value="0" />
  <attribute name="Current GC Util" value="213" />
  <attribute name= "Current Time Running" value="181061" />
  <attribute name ="GC Interval" value="0" />
  <attribute name="ProportionalT" value="66.500000" />
  <attribute name="ProportionalI" value="66.500000" />
  <attribute name="ProportionalH" value="66.500000" />
  <attribute name="Current Error" value="133.000000" />
  <attribute name="IntegralT" value="0.000000" />
  <attribute name="IntegralI" value="0.000000" />
  <attribute name="IntegralH" value="0.000000" />
  <attribute name="DerivativeT" value="inf" />
  <attribute name="DerivativeI" value="inf" />
  <attribute name="DerivativeH" value="inf" />
  <attribute name="Loop Time for DT" value="0.000000" />
  <attribute name="Output H" value="8388608"/>
  <attribute name="Output I" value="200"/>
  <attribute name="Output T" value="1"/>
  <attribute name="Target GC Util Change" value ="80.000000" />
  <attribute name="Current GC Util Change" value="213.000000"/>
  <attribute name="GC Util currently" value="213" />
  <attribute name="CPU Util currently" value="2597676234711" />
<exclusive-end id="3455" timestamp="2019-08-11T06:21:09.871" durationms="3.411" />

<exclusive-start id="3456" timestamp="2019-08-11T06:21:09.989" intervalms="121.900">
  <response-info timems="0.015" idlems="0.015" threads="0" lastid="0000000001E02F00" lastname="main" />
</exclusive-start>
<allocation-taxation id="3457" taxation-threshold="102760448" timestamp="2019-08-11T06:21:09.989" intervalms="121.897" />
<cycle-start id="3458" type="partial gc" contextid="0" timestamp="2019-08-11T06:21:09.989" intervalms="121.900" />
<gc-start id="3459" type="partial gc" contextid="3458" timestamp="2019-08-11T06:21:09.990">
  <mem-info id="3460" free="115343360" total="387973120" percent="29">
    <mem type="eden" free="0" total="102760448" percent="0" />
    <remembered-set count="6624" freebytes="16322304" totalbytes="16348800" percent="99" regionsoverflowed="0" regionsstable="9" regionsrebuilding="0"/>
  </mem-info>
</gc-start>
<allocation-stats totalBytes="102749816" >
  <allocated-bytes non-tlh="0" tlh="102749816" arrayletleaf="0"/>
  <largest-consumer threadName="main" threadId="0000000001E02F00" bytes="102749816" />
</allocation-stats>
<gc-op id="3461" type="copy forward" timems="6.723" contextid="3458" timestamp="2019-08-11T06:21:09.998">
  <memory-copied type="eden" objects="27" bytes="824" bytesdiscarded="1296" />
  <memory-copied type="other" objects="53" bytes="1368" bytesdiscarded="2016" />
  <memory-cardclean objects="117" bytes="3944" />
  <regions eden="49" other="2" />
  <remembered-set-cleared processed="789" cleared="18" durationms="0.149" />
  <stringconstants candidates="13661" cleared="0"  />
</gc-op>
<gc-op id="3462" type="classunload" timems="0.007" contextid="3458" timestamp="2019-08-11T06:21:09.998">
  <classunload-info classloadercandidates="53" classloadersunloaded="0" classesunloaded="0" anonymousclassesunloaded="0" quiescems="0.000" setupms="0.007" scanms="0.000" postms="0.000" />
</gc-op>
<heap-resize id="3463" type="contract" space="default" amount="20971520" count="1" timems="0.098" reason="insufficient time being spent in gc" timestamp="2019-08-11T06:21:09.998" />
<gc-end id="3464" type="partial gc" contextid="3458" durationms="8.776" usertimems="16.855" systemtimems="0.000" timestamp="2019-08-11T06:21:09.998" activeThreads="16">
  <mem-info id="3465" free="195035136" total="367001600" percent="53">
    <mem type="eden" free="2095032" total="2097152" percent="99" />
    <remembered-set count="8608" freebytes="15475968" totalbytes="15510400" percent="99" regionsoverflowed="0" regionsstable="9" regionsrebuilding="0"/>
  </mem-info>
</gc-end>
<cycle-end id="3466" type="partial gc" contextid="3458" timestamp="2019-08-11T06:21:09.998" />
  <attribute name="elasticGC enabled" value="1" />
  <attribute name= "numThreadsSpecified" value="16" />
  <attribute name="heapSize specified" value="0" />
  <attribute name="Current GC Util" value="110" />
  <attribute name= "Current Time Running" value="181184" />
  <attribute name ="GC Interval" value="0" />
  <attribute name="ProportionalT" value="15.000000" />
  <attribute name="ProportionalI" value="15.000000" />
  <attribute name="ProportionalH" value="15.000000" />
  <attribute name="Current Error" value="30.000000" />
  <attribute name="IntegralT" value="30.000000" />
  <attribute name="IntegralI" value="30.000000" />
  <attribute name="IntegralH" value="30.000000" />
  <attribute name="DerivativeT" value="15.000000" />
  <attribute name="DerivativeI" value="15.000000" />
  <attribute name="DerivativeH" value="15.000000" />
  <attribute name="Loop Time for DT" value="2.000000" />
  <attribute name="Output H" value="8388608"/>
  <attribute name="Output I" value="200"/>
  <attribute name="Output T" value="16"/>
  <attribute name="Target GC Util Change" value ="80.000000" />
  <attribute name="Current GC Util Change" value="110.000000"/>
  <attribute name="GC Util currently" value="110" />
  <attribute name="CPU Util currently" value="787339865079" />
<exclusive-end id="3467" timestamp="2019-08-11T06:21:09.999" durationms="9.291" />

<exclusive-start id="3468" timestamp="2019-08-11T06:21:10.210" intervalms="221.126">
  <response-info timems="0.020" idlems="0.020" threads="0" lastid="0000000001E02F00" lastname="main" />
</exclusive-start>
<allocation-taxation id="3469" taxation-threshold="98566144" timestamp="2019-08-11T06:21:10.210" intervalms="221.130" />
<cycle-start id="3470" type="partial gc" contextid="0" timestamp="2019-08-11T06:21:10.211" intervalms="221.138" />
<gc-start id="3471" type="partial gc" contextid="3470" timestamp="2019-08-11T06:21:10.211">
  <mem-info id="3472" free="96468992" total="367001600" percent="26">
    <mem type="eden" free="0" total="98566144" percent="0" />
    <remembered-set count="8128" freebytes="15477888" totalbytes="15510400" percent="99" regionsoverflowed="0" regionsstable="9" regionsrebuilding="0"/>
  </mem-info>
</gc-start>
<allocation-stats totalBytes="98559464" >
  <allocated-bytes non-tlh="0" tlh="98559464" arrayletleaf="0"/>
  <largest-consumer threadName="main" threadId="0000000001E02F00" bytes="98559464" />
</allocation-stats>
<gc-op id="3473" type="copy forward" timems="6.951" contextid="3470" timestamp="2019-08-11T06:21:10.220">
  <memory-copied type="eden" objects="67" bytes="1792" bytesdiscarded="1464" />
  <memory-copied type="other" objects="31" bytes="768" bytesdiscarded="2472" />
  <memory-cardclean objects="135" bytes="4064" />
  <regions eden="47" other="2" />
  <remembered-set-cleared processed="797" cleared="21" durationms="0.162" />
  <stringconstants candidates="13661" cleared="0"  />
</gc-op>
<gc-op id="3474" type="classunload" timems="0.008" contextid="3470" timestamp="2019-08-11T06:21:10.220">
  <classunload-info classloadercandidates="53" classloadersunloaded="0" classesunloaded="0" anonymousclassesunloaded="0" quiescems="0.000" setupms="0.008" scanms="0.000" postms="0.000" />
</gc-op>
<heap-resize id="3475" type="contract" space="default" amount="18874368" count="1" timems="0.119" reason="insufficient time being spent in gc" timestamp="2019-08-11T06:21:10.220" />
<gc-end id="3476" type="partial gc" contextid="3470" durationms="9.605" usertimems="19.978" systemtimems="0.000" timestamp="2019-08-11T06:21:10.220" activeThreads="16">
  <mem-info id="3477" free="174063616" total="348127232" percent="50">
    <mem type="eden" free="2093896" total="2097152" percent="99" />
    <remembered-set count="8800" freebytes="14636800" totalbytes="14672000" percent="99" regionsoverflowed="0" regionsstable="9" regionsrebuilding="0"/>
  </mem-info>
</gc-end>
<cycle-end id="3478" type="partial gc" contextid="3470" timestamp="2019-08-11T06:21:10.221" />
  <attribute name="elasticGC enabled" value="1" />
  <attribute name= "numThreadsSpecified" value="16" />
  <attribute name="heapSize specified" value="0" />
  <attribute name="Current GC Util" value="43" />
  <attribute name= "Current Time Running" value="181406" />
  <attribute name ="GC Interval" value="0" />
  <attribute name="ProportionalT" value="-18.500000" />
  <attribute name="ProportionalI" value="-18.500000" />
  <attribute name="ProportionalH" value="-18.500000" />
  <attribute name="Current Error" value="-37.000000" />
  <attribute name="IntegralT" value="-37.000000" />
  <attribute name="IntegralI" value="-37.000000" />
  <attribute name="IntegralH" value="-37.000000" />
  <attribute name="DerivativeT" value="-18.500000" />
  <attribute name="DerivativeI" value="-18.500000" />
  <attribute name="DerivativeH" value="-18.500000" />
  <attribute name="Loop Time for DT" value="2.000000" />
  <attribute name="Output H" value="4202627072"/>
  <attribute name="Output I" value="200"/>
  <attribute name="Output T" value="16"/>
  <attribute name="Target GC Util Change" value ="80.000000" />
  <attribute name="Current GC Util Change" value="43.000000"/>
  <attribute name="GC Util currently" value="43" />
  <attribute name="CPU Util currently" value="566075224769" />
<exclusive-end id="3479" timestamp="2019-08-11T06:21:10.221" durationms="10.267" />

<exclusive-start id="3480" timestamp="2019-08-11T06:21:10.341" intervalms="130.341">
  <response-info timems="0.020" idlems="0.020" threads="0" lastid="0000000001E02F00" lastname="main" />
</exclusive-start>
<allocation-taxation id="3481" taxation-threshold="94371840" timestamp="2019-08-11T06:21:10.341" intervalms="130.363" />
<cycle-start id="3482" type="partial gc" contextid="0" timestamp="2019-08-11T06:21:10.341" intervalms="130.396" />
<gc-start id="3483" type="partial gc" contextid="3482" timestamp="2019-08-11T06:21:10.341">
  <mem-info id="3484" free="79691776" total="348127232" percent="22">
    <mem type="eden" free="0" total="94371840" percent="0" />
    <remembered-set count="8416" freebytes="14638336" totalbytes="14672000" percent="99" regionsoverflowed="0" regionsstable="9" regionsrebuilding="0"/>
  </mem-info>
</gc-start>
<allocation-stats totalBytes="94365472" >
  <allocated-bytes non-tlh="0" tlh="94365472" arrayletleaf="0"/>
  <largest-consumer threadName="main" threadId="0000000001E02F00" bytes="94365472" />
</allocation-stats>
<gc-op id="3485" type="copy forward" timems="5.682" contextid="3482" timestamp="2019-08-11T06:21:10.349">
  <memory-copied type="eden" objects="26" bytes="832" bytesdiscarded="672" />
  <memory-copied type="other" objects="54" bytes="1296" bytesdiscarded="3048" />
  <memory-cardclean objects="100" bytes="3160" />
  <regions eden="45" other="2" />
  <remembered-set-cleared processed="803" cleared="16" durationms="0.147" />
  <stringconstants candidates="13661" cleared="0"  />
</gc-op>
<gc-op id="3486" type="classunload" timems="0.009" contextid="3482" timestamp="2019-08-11T06:21:10.349">
  <classunload-info classloadercandidates="53" classloadersunloaded="0" classesunloaded="0" anonymousclassesunloaded="0" quiescems="0.000" setupms="0.009" scanms="0.000" postms="0.000" />
</gc-op>
<heap-resize id="3487" type="contract" space="default" amount="18874368" count="1" timems="0.099" reason="insufficient time being spent in gc" timestamp="2019-08-11T06:21:10.349" />
<gc-end id="3488" type="partial gc" contextid="3482" durationms="7.944" usertimems="16.179" systemtimems="0.000" timestamp="2019-08-11T06:21:10.349" activeThreads="16">
  <mem-info id="3489" free="153092096" total="329252864" percent="46">
    <mem type="eden" free="2095648" total="2097152" percent="99" />
    <remembered-set count="9056" freebytes="13881216" totalbytes="13917440" percent="99" regionsoverflowed="0" regionsstable="9" regionsrebuilding="0"/>
  </mem-info>
</gc-end>
<cycle-end id="3490" type="partial gc" contextid="3482" timestamp="2019-08-11T06:21:10.349" />
  <attribute name="elasticGC enabled" value="1" />
  <attribute name= "numThreadsSpecified" value="16" />
  <attribute name="heapSize specified" value="0" />
  <attribute name="Current GC Util" value="76" />
  <attribute name= "Current Time Running" value="181536" />
  <attribute name ="GC Interval" value="0" />
  <attribute name="ProportionalT" value="-2.000000" />
  <attribute name="ProportionalI" value="-2.000000" />
  <attribute name="ProportionalH" value="-2.000000" />
  <attribute name="Current Error" value="-4.000000" />
  <attribute name="IntegralT" value="-4.000000" />
  <attribute name="IntegralI" value="-4.000000" />
  <attribute name="IntegralH" value="-4.000000" />
  <attribute name="DerivativeT" value="-2.000000" />
  <attribute name="DerivativeI" value="-2.000000" />
  <attribute name="DerivativeH" value="-2.000000" />
  <attribute name="Loop Time for DT" value="2.000000" />
  <attribute name="Output H" value="4202627072"/>
  <attribute name="Output I" value="200"/>
  <attribute name="Output T" value="16"/>
  <attribute name="Target GC Util Change" value ="80.000000" />
  <attribute name="Current GC Util Change" value="76.000000"/>
  <attribute name="GC Util currently" value="76" />
  <attribute name="CPU Util currently" value="689338117154" />
<exclusive-end id="3491" timestamp="2019-08-11T06:21:10.349" durationms="8.598" />

<exclusive-start id="3492" timestamp="2019-08-11T06:21:10.518" intervalms="177.361">
  <response-info timems="0.016" idlems="0.016" threads="0" lastid="0000000001E02F00" lastname="main" />
</exclusive-start>
<allocation-taxation id="3493" taxation-threshold="90177536" timestamp="2019-08-11T06:21:10.518" intervalms="177.336" />
<cycle-start id="3494" type="partial gc" contextid="0" timestamp="2019-08-11T06:21:10.518" intervalms="177.345" />
<gc-start id="3495" type="partial gc" contextid="3494" timestamp="2019-08-11T06:21:10.519">
  <mem-info id="3496" free="62914560" total="329252864" percent="19">
    <mem type="eden" free="0" total="90177536" percent="0" />
    <remembered-set count="8640" freebytes="13882880" totalbytes="13917440" percent="99" regionsoverflowed="0" regionsstable="9" regionsrebuilding="0"/>
  </mem-info>
</gc-start>
<allocation-stats totalBytes="90118992" >
  <allocated-bytes non-tlh="0" tlh="90118992" arrayletleaf="0"/>
  <largest-consumer threadName="main" threadId="0000000001E02F00" bytes="90118992" />
</allocation-stats>
<gc-op id="3497" type="copy forward" timems="7.324" contextid="3494" timestamp="2019-08-11T06:21:10.527">
  <memory-copied type="eden" objects="43" bytes="1192" bytesdiscarded="1224" />
  <memory-copied type="other" objects="48" bytes="1152" bytesdiscarded="2400" />
  <memory-cardclean objects="147" bytes="4376" />
  <regions eden="43" other="2" />
  <remembered-set-cleared processed="808" cleared="19" durationms="0.152" />
  <stringconstants candidates="13661" cleared="0"  />
</gc-op>
<gc-op id="3498" type="classunload" timems="0.009" contextid="3494" timestamp="2019-08-11T06:21:10.528">
  <classunload-info classloadercandidates="53" classloadersunloaded="0" classesunloaded="0" anonymousclassesunloaded="0" quiescems="0.000" setupms="0.008" scanms="0.000" postms="0.000" />
</gc-op>
<gc-end id="3499" type="partial gc" contextid="3494" durationms="9.133" usertimems="17.197" systemtimems="0.000" timestamp="2019-08-11T06:21:10.528" activeThreads="16">
  <mem-info id="3500" free="150994944" total="329252864" percent="45">
    <mem type="eden" free="2094736" total="2097152" percent="99" />
    <remembered-set count="9696" freebytes="13124096" totalbytes="13162880" percent="99" regionsoverflowed="0" regionsstable="9" regionsrebuilding="0"/>
  </mem-info>
</gc-end>
<cycle-end id="3501" type="partial gc" contextid="3494" timestamp="2019-08-11T06:21:10.528" />
  <attribute name="elasticGC enabled" value="1" />
  <attribute name= "numThreadsSpecified" value="16" />
  <attribute name="heapSize specified" value="0" />
  <attribute name="Current GC Util" value="57" />
  <attribute name= "Current Time Running" value="181713" />
  <attribute name ="GC Interval" value="0" />
  <attribute name="ProportionalT" value="-11.500000" />
  <attribute name="ProportionalI" value="-11.500000" />
  <attribute name="ProportionalH" value="-11.500000" />
  <attribute name="Current Error" value="-23.000000" />
  <attribute name="IntegralT" value="-23.000000" />
  <attribute name="IntegralI" value="-23.000000" />
  <attribute name="IntegralH" value="-23.000000" />
  <attribute name="DerivativeT" value="-11.500000" />
  <attribute name="DerivativeI" value="-11.500000" />
  <attribute name="DerivativeH" value="-11.500000" />
  <attribute name="Loop Time for DT" value="2.000000" />
  <attribute name="Output H" value="4202627072"/>
  <attribute name="Output I" value="200"/>
  <attribute name="Output T" value="16"/>
  <attribute name="Target GC Util Change" value ="80.000000" />
  <attribute name="Current GC Util Change" value="57.000000"/>
  <attribute name="GC Util currently" value="57" />
  <attribute name="CPU Util currently" value="877322111417" />
<exclusive-end id="3502" timestamp="2019-08-11T06:21:10.528" durationms="9.812" />

<exclusive-start id="3503" timestamp="2019-08-11T06:21:10.577" intervalms="58.424">
  <response-info timems="0.022" idlems="0.022" threads="0" lastid="0000000001E02F00" lastname="main" />
</exclusive-start>
<allocation-taxation id="3504" taxation-threshold="44040192" timestamp="2019-08-11T06:21:10.577" intervalms="58.444" />
<cycle-start id="3505" type="global mark phase" contextid="0" timestamp="2019-08-11T06:21:10.577" intervalms="13014.465" />
<gc-start id="3506" type="global mark phase" contextid="3505" timestamp="2019-08-11T06:21:10.577">
  <mem-info id="3507" free="106954752" total="329252864" percent="32">
    <remembered-set count="9216" freebytes="13126016" totalbytes="13162880" percent="99" regionsoverflowed="0" regionsstable="9" regionsrebuilding="0"/>
  </mem-info>
</gc-start>
<gc-op id="3508" type="mark increment" timems="3.061" contextid="3505" timestamp="2019-08-11T06:21:10.580">
  <trace-info objectcount="207" scancount="0" scanbytes="0" />
</gc-op>
<gc-end id="3509" type="global mark phase" contextid="3505" durationms="3.184" usertimems="6.990" systemtimems="0.000" timestamp="2019-08-11T06:21:10.580" activeThreads="16">
  <mem-info id="3510" free="106954752" total="329252864" percent="32">
    <remembered-set count="9216" freebytes="13126016" totalbytes="13162880" percent="99" regionsoverflowed="0" regionsstable="0" regionsrebuilding="9"/>
  </mem-info>
</gc-end>
<concurrent-start id="3511" type="GMP work packet processing" contextid="3505" timestamp="2019-08-11T06:21:10.580">
  <concurrent-mark-start scanTarget="2930160" />
</concurrent-start>
<exclusive-end id="3512" timestamp="2019-08-11T06:21:10.580" durationms="3.547" />

<concurrent-end id="3513" type="GMP work packet processing" contextid="3505" timestamp="2019-08-11T06:21:10.586">
  <concurrent-mark-end bytesScanned="3032852" reasonForTermination="Work target met" />
</concurrent-end>

<exclusive-start id="3514" timestamp="2019-08-11T06:21:10.604" intervalms="27.627">
  <response-info timems="0.021" idlems="0.021" threads="0" lastid="0000000001E02F00" lastname="main" />
</exclusive-start>
<allocation-taxation id="3515" taxation-threshold="44040192" timestamp="2019-08-11T06:21:10.604" intervalms="27.707" />
<cycle-start id="3516" type="partial gc" contextid="0" timestamp="2019-08-11T06:21:10.604" intervalms="86.170" />
<gc-start id="3517" type="partial gc" contextid="3516" timestamp="2019-08-11T06:21:10.605">
  <mem-info id="3518" free="62914560" total="329252864" percent="19">
    <mem type="eden" free="0" total="88080384" percent="0" />
    <remembered-set count="29440" freebytes="13045120" totalbytes="13162880" percent="99" regionsoverflowed="0" regionsstable="0" regionsrebuilding="9"/>
  </mem-info>
</gc-start>
<allocation-stats totalBytes="87968424" >
  <allocated-bytes non-tlh="0" tlh="87968424" arrayletleaf="0"/>
  <largest-consumer threadName="main" threadId="0000000001E02F00" bytes="43961712" />
</allocation-stats>
<gc-op id="3519" type="copy forward" timems="15.767" contextid="3516" timestamp="2019-08-11T06:21:10.621">
  <memory-copied type="eden" objects="24" bytes="1280" bytesdiscarded="672" />
  <memory-copied type="other" objects="30" bytes="720" bytesdiscarded="1800" />
  <memory-cardclean objects="97" bytes="3168" />
  <regions eden="42" other="2" />
  <remembered-set-cleared processed="20877" cleared="78" durationms="0.266" />
  <stringconstants candidates="13661" cleared="0"  />
</gc-op>
<gc-op id="3520" type="classunload" timems="0.010" contextid="3516" timestamp="2019-08-11T06:21:10.622">
  <classunload-info classloadercandidates="53" classloadersunloaded="0" classesunloaded="0" anonymousclassesunloaded="0" quiescems="0.000" setupms="0.010" scanms="0.000" postms="0.000" />
</gc-op>
<gc-end id="3521" type="partial gc" contextid="3516" durationms="17.053" usertimems="26.151" systemtimems="0.000" timestamp="2019-08-11T06:21:10.622" activeThreads="16">
  <mem-info id="3522" free="148897792" total="329252864" percent="45">
    <mem type="eden" free="2095200" total="2097152" percent="99" />
    <remembered-set count="30144" freebytes="13042304" totalbytes="13162880" percent="99" regionsoverflowed="0" regionsstable="0" regionsrebuilding="9"/>
  </mem-info>
</gc-end>
<cycle-end id="3523" type="partial gc" contextid="3516" timestamp="2019-08-11T06:21:10.622" />
  <attribute name="elasticGC enabled" value="1" />
  <attribute name= "numThreadsSpecified" value="16" />
  <attribute name="heapSize specified" value="0" />
  <attribute name="Current GC Util" value="102" />
  <attribute name= "Current Time Running" value="181798" />
  <attribute name ="GC Interval" value="0" />
  <attribute name="ProportionalT" value="11.000000" />
  <attribute name="ProportionalI" value="11.000000" />
  <attribute name="ProportionalH" value="11.000000" />
  <attribute name="Current Error" value="22.000000" />
  <attribute name="IntegralT" value="11.000000" />
  <attribute name="IntegralI" value="11.000000" />
  <attribute name="IntegralH" value="11.000000" />
  <attribute name="DerivativeT" value="22.000000" />
  <attribute name="DerivativeI" value="22.000000" />
  <attribute name="DerivativeH" value="22.000000" />
  <attribute name="Loop Time for DT" value="1.000000" />
  <attribute name="Output H" value="8388608"/>
  <attribute name="Output I" value="200"/>
  <attribute name="Output T" value="16"/>
  <attribute name="Target GC Util Change" value ="80.000000" />
  <attribute name="Current GC Util Change" value="102.000000"/>
  <attribute name="GC Util currently" value="102" />
  <attribute name="CPU Util currently" value="1550788692732" />
<exclusive-end id="3524" timestamp="2019-08-11T06:21:10.622" durationms="17.887" />

<exclusive-start id="3525" timestamp="2019-08-11T06:21:10.635" intervalms="31.313">
  <response-info timems="0.023" idlems="0.023" threads="0" lastid="0000000001E02F00" lastname="main" />
</exclusive-start>
<allocation-taxation id="3526" taxation-threshold="44040192" timestamp="2019-08-11T06:21:10.636" intervalms="31.272" />
<gc-start id="3527" type="global mark phase" contextid="3505" timestamp="2019-08-11T06:21:10.636">
  <mem-info id="3528" free="104857600" total="329252864" percent="31">
    <remembered-set count="29664" freebytes="13044224" totalbytes="13162880" percent="99" regionsoverflowed="0" regionsstable="0" regionsrebuilding="9"/>
  </mem-info>
</gc-start>
<gc-end id="3529" type="global mark phase" contextid="3505" durationms="0.055" usertimems="0.051" systemtimems="0.000" timestamp="2019-08-11T06:21:10.636" activeThreads="16">
  <mem-info id="3530" free="104857600" total="329252864" percent="31">
    <remembered-set count="29664" freebytes="13044224" totalbytes="13162880" percent="99" regionsoverflowed="0" regionsstable="0" regionsrebuilding="9"/>
  </mem-info>
</gc-end>
<concurrent-start id="3531" type="GMP work packet processing" contextid="3505" timestamp="2019-08-11T06:21:10.636">
  <concurrent-mark-start scanTarget="5860320" />
</concurrent-start>
<exclusive-end id="3532" timestamp="2019-08-11T06:21:10.636" durationms="0.584" />

<concurrent-end id="3533" type="GMP work packet processing" contextid="3505" timestamp="2019-08-11T06:21:10.640">
  <concurrent-mark-end bytesScanned="5961316" reasonForTermination="Work target met" />
</concurrent-end>

<exclusive-start id="3534" timestamp="2019-08-11T06:21:10.652" intervalms="16.467">
  <response-info timems="0.019" idlems="0.019" threads="0" lastid="0000000001E02F00" lastname="main" />
</exclusive-start>
<allocation-taxation id="3535" taxation-threshold="44040192" timestamp="2019-08-11T06:21:10.652" intervalms="16.447" />
<cycle-start id="3536" type="partial gc" contextid="0" timestamp="2019-08-11T06:21:10.652" intervalms="47.676" />
<gc-start id="3537" type="partial gc" contextid="3536" timestamp="2019-08-11T06:21:10.652">
  <mem-info id="3538" free="60817408" total="329252864" percent="18">
    <mem type="eden" free="0" total="88080384" percent="0" />
    <remembered-set count="70432" freebytes="12881152" totalbytes="13162880" percent="97" regionsoverflowed="0" regionsstable="0" regionsrebuilding="9"/>
  </mem-info>
</gc-start>
<allocation-stats totalBytes="87923400" >
  <allocated-bytes non-tlh="0" tlh="87923400" arrayletleaf="0"/>
  <largest-consumer threadName="main" threadId="0000000001E02F00" bytes="43961712" />
</allocation-stats>
<gc-op id="3539" type="copy forward" timems="24.655" contextid="3536" timestamp="2019-08-11T06:21:10.678">
  <memory-copied type="eden" objects="3" bytes="72" bytesdiscarded="720" />
  <memory-copied type="other" objects="45" bytes="1784" bytesdiscarded="2488" />
  <memory-cardclean objects="81" bytes="2848" />
  <regions eden="42" other="2" />
  <remembered-set-cleared processed="59327" cleared="55" durationms="0.483" />
  <stringconstants candidates="13661" cleared="0"  />
</gc-op>
<gc-op id="3540" type="classunload" timems="0.015" contextid="3536" timestamp="2019-08-11T06:21:10.678">
  <classunload-info classloadercandidates="53" classloadersunloaded="0" classesunloaded="0" anonymousclassesunloaded="0" quiescems="0.000" setupms="0.014" scanms="0.000" postms="0.000" />
</gc-op>
<heap-resize id="3541" type="expand" space="default" amount="56623104" count="1" timems="0.212" reason="excessive time being spent in gc" timestamp="2019-08-11T06:21:10.679" />
<gc-end id="3542" type="partial gc" contextid="3536" durationms="26.252" usertimems="47.587" systemtimems="0.000" timestamp="2019-08-11T06:21:10.679" activeThreads="16">
  <mem-info id="3543" free="203423744" total="385875968" percent="52">
    <mem type="eden" free="2096360" total="2097152" percent="99" />
    <remembered-set count="68704" freebytes="15151744" totalbytes="15426560" percent="98" regionsoverflowed="0" regionsstable="0" regionsrebuilding="9"/>
  </mem-info>
</gc-end>
<cycle-end id="3544" type="partial gc" contextid="3536" timestamp="2019-08-11T06:21:10.679" />
  <attribute name="elasticGC enabled" value="1" />
  <attribute name= "numThreadsSpecified" value="16" />
  <attribute name="heapSize specified" value="0" />
  <attribute name="Current GC Util" value="127" />
  <attribute name= "Current Time Running" value="181846" />
  <attribute name ="GC Interval" value="0" />
  <attribute name="ProportionalT" value="23.500000" />
  <attribute name="ProportionalI" value="23.500000" />
  <attribute name="ProportionalH" value="23.500000" />
  <attribute name="Current Error" value="47.000000" />
  <attribute name="IntegralT" value="23.500000" />
  <attribute name="IntegralI" value="23.500000" />
  <attribute name="IntegralH" value="23.500000" />
  <attribute name="DerivativeT" value="16.000000" />
  <attribute name="DerivativeI" value="16.000000" />
  <attribute name="DerivativeH" value="16.000000" />
  <attribute name="Loop Time for DT" value="1.000000" />
  <attribute name="Output H" value="8388608"/>
  <attribute name="Output I" value="200"/>
  <attribute name="Output T" value="16"/>
  <attribute name="Target GC Util Change" value ="80.000000" />
  <attribute name="Current GC Util Change" value="127.000000"/>
  <attribute name="GC Util currently" value="127" />
  <attribute name="CPU Util currently" value="1728564559489" />
<exclusive-end id="3545" timestamp="2019-08-11T06:21:10.679" durationms="27.066" />

<exclusive-start id="3546" timestamp="2019-08-11T06:21:10.705" intervalms="52.914">
  <response-info timems="0.063" idlems="0.063" threads="0" lastid="0000000001E02F00" lastname="main" />
</exclusive-start>
<allocation-taxation id="3547" taxation-threshold="50331648" timestamp="2019-08-11T06:21:10.706" intervalms="54.001" />
<gc-start id="3548" type="global mark phase" contextid="3505" timestamp="2019-08-11T06:21:10.706">
  <mem-info id="3549" free="153092096" total="385875968" percent="39">
    <remembered-set count="68704" freebytes="15151744" totalbytes="15426560" percent="98" regionsoverflowed="0" regionsstable="0" regionsrebuilding="9"/>
  </mem-info>
</gc-start>
<gc-end id="3550" type="global mark phase" contextid="3505" durationms="0.031" usertimems="0.028" systemtimems="0.000" timestamp="2019-08-11T06:21:10.706" activeThreads="16">
  <mem-info id="3551" free="153092096" total="385875968" percent="39">
    <remembered-set count="68704" freebytes="15151744" totalbytes="15426560" percent="98" regionsoverflowed="0" regionsstable="0" regionsrebuilding="9"/>
  </mem-info>
</gc-end>
<concurrent-start id="3552" type="GMP work packet processing" contextid="3505" timestamp="2019-08-11T06:21:10.706">
  <concurrent-mark-start scanTarget="8790480" />
</concurrent-start>
<exclusive-end id="3553" timestamp="2019-08-11T06:21:10.707" durationms="2.058" />

<concurrent-end id="3554" type="GMP work packet processing" contextid="3505" timestamp="2019-08-11T06:21:10.711">
  <concurrent-mark-end bytesScanned="4374940" reasonForTermination="Completed all work in GC phase" />
</concurrent-end>

<exclusive-start id="3555" timestamp="2019-08-11T06:21:10.799" intervalms="93.750">
  <response-info timems="0.020" idlems="0.020" threads="0" lastid="0000000001E02F00" lastname="main" />
</exclusive-start>
<allocation-taxation id="3556" taxation-threshold="50331648" timestamp="2019-08-11T06:21:10.799" intervalms="92.623" />
<cycle-start id="3557" type="partial gc" contextid="0" timestamp="2019-08-11T06:21:10.799" intervalms="146.619" />
<gc-start id="3558" type="partial gc" contextid="3557" timestamp="2019-08-11T06:21:10.799">
  <mem-info id="3559" free="102760448" total="385875968" percent="26">
    <mem type="eden" free="2096360" total="102760448" percent="2" />
    <remembered-set count="108000" freebytes="14994560" totalbytes="15426560" percent="97" regionsoverflowed="0" regionsstable="0" regionsrebuilding="9"/>
  </mem-info>
</gc-start>
<allocation-stats totalBytes="100533920" >
  <allocated-bytes non-tlh="0" tlh="100533920" arrayletleaf="0"/>
  <largest-consumer threadName="main" threadId="0000000001E02F00" bytes="50288056" />
</allocation-stats>
<gc-op id="3560" type="copy forward" timems="9.165" contextid="3557" timestamp="2019-08-11T06:21:10.810">
  <memory-copied type="eden" objects="40" bytes="1776" bytesdiscarded="504" />
  <memory-copied type="other" objects="6" bytes="144" bytesdiscarded="720" />
  <memory-cardclean objects="65" bytes="2184" />
  <regions eden="48" other="2" />
  <remembered-set-cleared processed="98435" cleared="35" durationms="0.540" />
  <stringconstants candidates="13661" cleared="0"  />
</gc-op>
<gc-op id="3561" type="classunload" timems="0.012" contextid="3557" timestamp="2019-08-11T06:21:10.810">
  <classunload-info classloadercandidates="53" classloadersunloaded="0" classesunloaded="0" anonymousclassesunloaded="0" quiescems="0.000" setupms="0.012" scanms="0.000" postms="0.000" />
</gc-op>
<heap-resize id="3562" type="expand" space="default" amount="67108864" count="1" timems="0.282" reason="excessive time being spent in gc" timestamp="2019-08-11T06:21:10.811" />
<gc-end id="3563" type="partial gc" contextid="3557" durationms="11.521" usertimems="26.678" systemtimems="0.000" timestamp="2019-08-11T06:21:10.811" activeThreads="16">
  <mem-info id="3564" free="270532608" total="452984832" percent="59">
    <mem type="eden" free="2094872" total="2097152" percent="99" />
    <remembered-set count="107808" freebytes="17678208" totalbytes="18109440" percent="97" regionsoverflowed="0" regionsstable="0" regionsrebuilding="9"/>
  </mem-info>
</gc-end>
<cycle-end id="3565" type="partial gc" contextid="3557" timestamp="2019-08-11T06:21:10.811" />
  <attribute name="elasticGC enabled" value="1" />
  <attribute name= "numThreadsSpecified" value="16" />
  <attribute name="heapSize specified" value="0" />
  <attribute name="Current GC Util" value="215" />
  <attribute name= "Current Time Running" value="181993" />
  <attribute name ="GC Interval" value="0" />
  <attribute name="ProportionalT" value="67.500000" />
  <attribute name="ProportionalI" value="67.500000" />
  <attribute name="ProportionalH" value="67.500000" />
  <attribute name="Current Error" value="135.000000" />
  <attribute name="IntegralT" value="67.500000" />
  <attribute name="IntegralI" value="67.500000" />
  <attribute name="IntegralH" value="67.500000" />
  <attribute name="DerivativeT" value="135.000000" />
  <attribute name="DerivativeI" value="135.000000" />
  <attribute name="DerivativeH" value="135.000000" />
  <attribute name="Loop Time for DT" value="1.000000" />
  <attribute name="Output H" value="8388608"/>
  <attribute name="Output I" value="272"/>
  <attribute name="Output T" value="16"/>
  <attribute name="Target GC Util Change" value ="80.000000" />
  <attribute name="Current GC Util Change" value="215.000000"/>
  <attribute name="GC Util currently" value="215" />
  <attribute name="CPU Util currently" value="826401822520" />
<exclusive-end id="3566" timestamp="2019-08-11T06:21:10.811" durationms="12.332" />

<exclusive-start id="3567" timestamp="2019-08-11T06:21:10.834" intervalms="35.651">
  <response-info timems="0.016" idlems="0.016" threads="0" lastid="0000000001E02F00" lastname="main" />
</exclusive-start>
<allocation-taxation id="3568" taxation-threshold="58720256" timestamp="2019-08-11T06:21:10.834" intervalms="35.653" />
<gc-start id="3569" type="global mark phase" contextid="3505" timestamp="2019-08-11T06:21:10.835">
  <mem-info id="3570" free="211812352" total="452984832" percent="46">
    <remembered-set count="107328" freebytes="17680128" totalbytes="18109440" percent="97" regionsoverflowed="0" regionsstable="0" regionsrebuilding="9"/>
  </mem-info>
</gc-start>
<gc-op id="3571" type="mark increment" timems="8.276" contextid="3505" timestamp="2019-08-11T06:21:10.843">
  <trace-info objectcount="40" scancount="40" scanbytes="1760" />
  <cardclean-info objects="95" bytes="3004" />
  <finalization candidates="80" enqueued="0" />
  <ownableSynchronizers candidates="21" cleared="0" />
  <references type="soft" candidates="3285" cleared="1422" enqueued="711" dynamicThreshold="19" maxThreshold="32" />
  <references type="weak" candidates="5789" cleared="33" enqueued="18" />
  <references type="phantom" candidates="97" cleared="0" enqueued="0" />
  <stringconstants candidates="13661" cleared="389"  />
</gc-op>
<gc-op id="3572" type="classunload" timems="0.010" contextid="3505" timestamp="2019-08-11T06:21:10.843">
  <classunload-info classloadercandidates="53" classloadersunloaded="0" classesunloaded="0" anonymousclassesunloaded="0" quiescems="0.000" setupms="0.010" scanms="0.000" postms="0.000" />
</gc-op>
<gc-end id="3573" type="global mark phase" contextid="3505" durationms="8.674" usertimems="18.319" systemtimems="0.000" timestamp="2019-08-11T06:21:10.843" activeThreads="16">
  <mem-info id="3574" free="211812352" total="452984832" percent="46">
    <pending-finalizers system="0" default="0" reference="729" classloader="0" />
    <remembered-set count="110400" freebytes="17667840" totalbytes="18109440" percent="97" regionsoverflowed="0" regionsstable="0" regionsrebuilding="0"/>
  </mem-info>
</gc-end>
<cycle-end id="3575" type="global mark phase" contextid="3505" timestamp="2019-08-11T06:21:10.843" />
  <attribute name="elasticGC enabled" value="1" />
  <attribute name= "numThreadsSpecified" value="16" />
  <attribute name="heapSize specified" value="0" />
  <attribute name="Current GC Util" value="145" />
  <attribute name= "Current Time Running" value="182029" />
  <attribute name ="GC Interval" value="0" />
  <attribute name="ProportionalT" value="32.500000" />
  <attribute name="ProportionalI" value="32.500000" />
  <attribute name="ProportionalH" value="32.500000" />
  <attribute name="Current Error" value="65.000000" />
  <attribute name="IntegralT" value="32.500000" />
  <attribute name="IntegralI" value="32.500000" />
  <attribute name="IntegralH" value="32.500000" />
  <attribute name="DerivativeT" value="-78.000000" />
  <attribute name="DerivativeI" value="-78.000000" />
  <attribute name="DerivativeH" value="-78.000000" />
  <attribute name="Loop Time for DT" value="1.000000" />
  <attribute name="Output H" value="4202627072"/>
  <attribute name="Output I" value="200"/>
  <attribute name="Output T" value="16"/>
  <attribute name="Target GC Util Change" value ="80.000000" />
  <attribute name="Current GC Util Change" value="145.000000"/>
  <attribute name="GC Util currently" value="145" />
  <attribute name="CPU Util currently" value="1199329501564" />
<exclusive-end id="3576" timestamp="2019-08-11T06:21:10.844" durationms="9.314" />

<exclusive-start id="3577" timestamp="2019-08-11T06:21:10.929" intervalms="95.176">
  <response-info timems="0.017" idlems="0.017" threads="0" lastid="0000000001E02F00" lastname="main" />
</exclusive-start>
<allocation-taxation id="3578" taxation-threshold="58720256" timestamp="2019-08-11T06:21:10.929" intervalms="95.183" />
<cycle-start id="3579" type="partial gc" contextid="0" timestamp="2019-08-11T06:21:10.930" intervalms="130.868" />
<gc-start id="3580" type="partial gc" contextid="3579" timestamp="2019-08-11T06:21:10.930">
  <mem-info id="3581" free="153092096" total="452984832" percent="33">
    <mem type="eden" free="0" total="117440512" percent="0" />
    <remembered-set count="9216" freebytes="18072576" totalbytes="18109440" percent="99" regionsoverflowed="0" regionsstable="9" regionsrebuilding="0"/>
  </mem-info>
</gc-start>
<allocation-stats totalBytes="117311160" >
  <allocated-bytes non-tlh="0" tlh="117311160" arrayletleaf="0"/>
  <largest-consumer threadName="main" threadId="0000000001E02F00" bytes="58594136" />
</allocation-stats>
<gc-op id="3582" type="sweep" timems="3.983" contextid="3579" timestamp="2019-08-11T06:21:10.934" />
<gc-op id="3583" type="copy forward" timems="7.417" contextid="3579" timestamp="2019-08-11T06:21:10.943">
  <memory-copied type="eden" objects="38" bytes="9264" bytesdiscarded="696" />
  <memory-copied type="other" objects="36" bytes="864" bytesdiscarded="2544" />
  <memory-cardclean objects="139" bytes="5208" />
  <regions eden="28" other="4" />
  <remembered-set-cleared processed="822" cleared="28" durationms="0.310" />
  <stringconstants candidates="13272" cleared="0"  />
</gc-op>
<gc-op id="3584" type="classunload" timems="0.014" contextid="3579" timestamp="2019-08-11T06:21:10.943">
  <classunload-info classloadercandidates="53" classloadersunloaded="0" classesunloaded="0" anonymousclassesunloaded="0" quiescems="0.000" setupms="0.013" scanms="0.000" postms="0.000" />
</gc-op>
<gc-end id="3585" type="partial gc" contextid="3579" durationms="13.016" usertimems="28.661" systemtimems="0.000" timestamp="2019-08-11T06:21:10.943" activeThreads="16">
  <mem-info id="3586" free="268435456" total="452984832" percent="59">
    <mem type="eden" free="2087192" total="2097152" percent="99" />
    <remembered-set count="9184" freebytes="18072704" totalbytes="18109440" percent="99" regionsoverflowed="0" regionsstable="9" regionsrebuilding="0"/>
  </mem-info>
</gc-end>
<cycle-end id="3587" type="partial gc" contextid="3579" timestamp="2019-08-11T06:21:10.943" />
  <attribute name="elasticGC enabled" value="1" />
  <attribute name= "numThreadsSpecified" value="16" />
  <attribute name="heapSize specified" value="0" />
  <attribute name="Current GC Util" value="88" />
  <attribute name= "Current Time Running" value="182128" />
  <attribute name ="GC Interval" value="0" />
  <attribute name="ProportionalT" value="4.000000" />
  <attribute name="ProportionalI" value="4.000000" />
  <attribute name="ProportionalH" value="4.000000" />
  <attribute name="Current Error" value="8.000000" />
  <attribute name="IntegralT" value="4.000000" />
  <attribute name="IntegralI" value="4.000000" />
  <attribute name="IntegralH" value="4.000000" />
  <attribute name="DerivativeT" value="-111.000000" />
  <attribute name="DerivativeI" value="-111.000000" />
  <attribute name="DerivativeH" value="-111.000000" />
  <attribute name="Loop Time for DT" value="1.000000" />
  <attribute name="Output H" value="4202627072"/>
  <attribute name="Output I" value="200"/>
  <attribute name="Output T" value="16"/>
  <attribute name="Target GC Util Change" value ="80.000000" />
  <attribute name="Current GC Util Change" value="88.000000"/>
  <attribute name="GC Util currently" value="88" />
  <attribute name="CPU Util currently" value="1501272126777" />
<exclusive-end id="3588" timestamp="2019-08-11T06:21:10.943" durationms="14.026" />

<exclusive-start id="3589" timestamp="2019-08-11T06:21:11.168" intervalms="238.398">
  <response-info timems="0.076" idlems="0.076" threads="0" lastid="0000000001E02F00" lastname="main" />
</exclusive-start>
<allocation-taxation id="3590" taxation-threshold="119537664" timestamp="2019-08-11T06:21:11.168" intervalms="238.402" />
<cycle-start id="3591" type="partial gc" contextid="0" timestamp="2019-08-11T06:21:11.168" intervalms="238.486" />
<gc-start id="3592" type="partial gc" contextid="3591" timestamp="2019-08-11T06:21:11.168">
  <mem-info id="3593" free="148897792" total="452984832" percent="32">
    <mem type="eden" free="0" total="119537664" percent="0" />
    <remembered-set count="9184" freebytes="18072704" totalbytes="18109440" percent="99" regionsoverflowed="0" regionsstable="9" regionsrebuilding="0"/>
  </mem-info>
</gc-start>
<allocation-stats totalBytes="119478368" >
  <allocated-bytes non-tlh="0" tlh="119478368" arrayletleaf="0"/>
  <largest-consumer threadName="main" threadId="0000000001E02F00" bytes="119478368" />
</allocation-stats>
<gc-op id="3594" type="copy forward" timems="9.289" contextid="3591" timestamp="2019-08-11T06:21:11.179">
  <memory-copied type="eden" objects="31" bytes="1056" bytesdiscarded="600" />
  <memory-copied type="other" objects="95" bytes="5304" bytesdiscarded="6912" />
  <memory-cardclean objects="229" bytes="6816" />
  <regions eden="57" other="19" />
  <remembered-set-cleared processed="798" cleared="94" durationms="0.143" />
  <stringconstants candidates="13272" cleared="0"  />
</gc-op>
<gc-op id="3595" type="classunload" timems="0.009" contextid="3591" timestamp="2019-08-11T06:21:11.179">
  <classunload-info classloadercandidates="53" classloadersunloaded="0" classesunloaded="0" anonymousclassesunloaded="0" quiescems="0.000" setupms="0.009" scanms="0.000" postms="0.000" />
</gc-op>
<heap-resize id="3596" type="contract" space="default" amount="23068672" count="1" timems="0.115" reason="excess free space following gc" timestamp="2019-08-11T06:21:11.179" />
<gc-end id="3597" type="partial gc" contextid="3591" durationms="11.114" usertimems="23.121" systemtimems="0.000" timestamp="2019-08-11T06:21:11.180" activeThreads="16">
  <mem-info id="3598" free="268435456" total="429916160" percent="62">
    <mem type="eden" free="2095496" total="2097152" percent="99" />
    <remembered-set count="8448" freebytes="18075648" totalbytes="18109440" percent="99" regionsoverflowed="0" regionsstable="9" regionsrebuilding="0"/>
  </mem-info>
</gc-end>
<cycle-end id="3599" type="partial gc" contextid="3591" timestamp="2019-08-11T06:21:11.180" />
  <attribute name="elasticGC enabled" value="1" />
  <attribute name= "numThreadsSpecified" value="16" />
  <attribute name="heapSize specified" value="0" />
  <attribute name="Current GC Util" value="257" />
  <attribute name= "Current Time Running" value="182362" />
  <attribute name ="GC Interval" value="0" />
  <attribute name="ProportionalT" value="88.500000" />
  <attribute name="ProportionalI" value="88.500000" />
  <attribute name="ProportionalH" value="88.500000" />
  <attribute name="Current Error" value="177.000000" />
  <attribute name="IntegralT" value="88.500000" />
  <attribute name="IntegralI" value="88.500000" />
  <attribute name="IntegralH" value="88.500000" />
  <attribute name="DerivativeT" value="177.000000" />
  <attribute name="DerivativeI" value="177.000000" />
  <attribute name="DerivativeH" value="177.000000" />
  <attribute name="Loop Time for DT" value="1.000000" />
  <attribute name="Output H" value="8388608"/>
  <attribute name="Output I" value="360"/>
  <attribute name="Output T" value="16"/>
  <attribute name="Target GC Util Change" value ="80.000000" />
  <attribute name="Current GC Util Change" value="257.000000"/>
  <attribute name="GC Util currently" value="257" />
  <attribute name="CPU Util currently" value="1101103514810" />
<exclusive-end id="3600" timestamp="2019-08-11T06:21:11.180" durationms="12.168" />

<exclusive-start id="3601" timestamp="2019-08-11T06:21:11.387" intervalms="219.292">
  <response-info timems="0.018" idlems="0.018" threads="0" lastid="0000000001E02F00" lastname="main" />
</exclusive-start>
<allocation-taxation id="3602" taxation-threshold="113246208" timestamp="2019-08-11T06:21:11.387" intervalms="219.281" />
<cycle-start id="3603" type="partial gc" contextid="0" timestamp="2019-08-11T06:21:11.387" intervalms="219.270" />
<gc-start id="3604" type="partial gc" contextid="3603" timestamp="2019-08-11T06:21:11.388">
  <mem-info id="3605" free="155189248" total="429916160" percent="36">
    <mem type="eden" free="0" total="113246208" percent="0" />
    <remembered-set count="8384" freebytes="18075904" totalbytes="18109440" percent="99" regionsoverflowed="0" regionsstable="9" regionsrebuilding="0"/>
  </mem-info>
</gc-start>
<allocation-stats totalBytes="113225832" >
  <allocated-bytes non-tlh="0" tlh="113225832" arrayletleaf="0"/>
  <largest-consumer threadName="main" threadId="0000000001E02F00" bytes="113225832" />
</allocation-stats>
<gc-op id="3606" type="copy forward" timems="6.779" contextid="3603" timestamp="2019-08-11T06:21:11.397">
  <memory-copied type="eden" objects="4" bytes="136" bytesdiscarded="0" />
  <memory-copied type="other" objects="109" bytes="5928" bytesdiscarded="7112" />
  <memory-cardclean objects="141" bytes="5080" />
  <regions eden="54" other="11" />
  <remembered-set-cleared processed="771" cleared="59" durationms="0.131" />
  <stringconstants candidates="13272" cleared="0"  />
</gc-op>
<gc-op id="3607" type="classunload" timems="0.009" contextid="3603" timestamp="2019-08-11T06:21:11.397">
  <classunload-info classloadercandidates="53" classloadersunloaded="0" classesunloaded="0" anonymousclassesunloaded="0" quiescems="0.000" setupms="0.009" scanms="0.000" postms="0.000" />
</gc-op>
<heap-resize id="3608" type="contract" space="default" amount="23068672" count="1" timems="0.107" reason="excess free space following gc" timestamp="2019-08-11T06:21:11.398" />
<gc-end id="3609" type="partial gc" contextid="3603" durationms="10.147" usertimems="20.915" systemtimems="0.000" timestamp="2019-08-11T06:21:11.398" activeThreads="16">
  <mem-info id="3610" free="255852544" total="406847488" percent="62">
    <mem type="eden" free="2097016" total="2097152" percent="99" />
    <remembered-set count="8672" freebytes="17152512" totalbytes="17187200" percent="99" regionsoverflowed="0" regionsstable="9" regionsrebuilding="0"/>
  </mem-info>
</gc-end>
<cycle-end id="3611" type="partial gc" contextid="3603" timestamp="2019-08-11T06:21:11.398" />
  <attribute name="elasticGC enabled" value="1" />
  <attribute name= "numThreadsSpecified" value="16" />
  <attribute name="heapSize specified" value="0" />
  <attribute name="Current GC Util" value="106" />
  <attribute name= "Current Time Running" value="182583" />
  <attribute name ="GC Interval" value="0" />
  <attribute name="ProportionalT" value="13.000000" />
  <attribute name="ProportionalI" value="13.000000" />
  <attribute name="ProportionalH" value="13.000000" />
  <attribute name="Current Error" value="26.000000" />
  <attribute name="IntegralT" value="26.000000" />
  <attribute name="IntegralI" value="26.000000" />
  <attribute name="IntegralH" value="26.000000" />
  <attribute name="DerivativeT" value="13.000000" />
  <attribute name="DerivativeI" value="13.000000" />
  <attribute name="DerivativeH" value="13.000000" />
  <attribute name="Loop Time for DT" value="2.000000" />
  <attribute name="Output H" value="8388608"/>
  <attribute name="Output I" value="200"/>
  <attribute name="Output T" value="16"/>
  <attribute name="Target GC Util Change" value ="80.000000" />
  <attribute name="Current GC Util Change" value="106.000000"/>
  <attribute name="GC Util currently" value="106" />
  <attribute name="CPU Util currently" value="479985947514" />
<exclusive-end id="3612" timestamp="2019-08-11T06:21:11.398" durationms="11.036" />

<exclusive-start id="3613" timestamp="2019-08-11T06:21:11.459" intervalms="72.217">
  <response-info timems="0.021" idlems="0.021" threads="0" lastid="0000000001E02F00" lastname="main" />
</exclusive-start>
<allocation-taxation id="3614" taxation-threshold="109051904" timestamp="2019-08-11T06:21:11.459" intervalms="72.225" />
<cycle-start id="3615" type="partial gc" contextid="0" timestamp="2019-08-11T06:21:11.460" intervalms="72.235" />
<gc-start id="3616" type="partial gc" contextid="3615" timestamp="2019-08-11T06:21:11.460">
  <mem-info id="3617" free="146800640" total="406847488" percent="36">
    <mem type="eden" free="2097016" total="111149056" percent="1" />
    <remembered-set count="8224" freebytes="17154304" totalbytes="17187200" percent="99" regionsoverflowed="0" regionsstable="9" regionsrebuilding="0"/>
  </mem-info>
</gc-start>
<allocation-stats totalBytes="108917840" >
  <allocated-bytes non-tlh="0" tlh="108917840" arrayletleaf="0"/>
  <largest-consumer threadName="main" threadId="0000000001E02F00" bytes="108917840" />
</allocation-stats>
<gc-op id="3618" type="copy forward" timems="6.766" contextid="3615" timestamp="2019-08-11T06:21:11.470">
  <memory-copied type="eden" objects="26" bytes="1352" bytesdiscarded="696" />
  <memory-copied type="other" objects="229" bytes="6000" bytesdiscarded="7256" />
  <memory-cardclean objects="306" bytes="19096" />
  <regions eden="52" other="32" />
  <remembered-set-cleared processed="710" cleared="89" durationms="0.245" />
  <references type="weak" candidates="34" cleared="0" enqueued="0" />
  <stringconstants candidates="13272" cleared="0"  />
</gc-op>
<gc-op id="3619" type="classunload" timems="0.012" contextid="3615" timestamp="2019-08-11T06:21:11.470">
  <classunload-info classloadercandidates="53" classloadersunloaded="0" classesunloaded="0" anonymousclassesunloaded="0" quiescems="0.000" setupms="0.012" scanms="0.000" postms="0.000" />
</gc-op>
<heap-resize id="3620" type="contract" space="default" amount="20971520" count="1" timems="0.124" reason="excess free space following gc" timestamp="2019-08-11T06:21:11.471" />
<gc-end id="3621" type="partial gc" contextid="3615" durationms="10.552" usertimems="20.687" systemtimems="0.000" timestamp="2019-08-11T06:21:11.471" activeThreads="16">
  <mem-info id="3622" free="291504128" total="385875968" percent="75">
    <mem type="eden" free="2095104" total="2097152" percent="99" />
    <remembered-set count="5664" freebytes="16242304" totalbytes="16264960" percent="99" regionsoverflowed="0" regionsstable="9" regionsrebuilding="0"/>
  </mem-info>
</gc-end>
<cycle-end id="3623" type="partial gc" contextid="3615" timestamp="2019-08-11T06:21:11.471" />
  <attribute name="elasticGC enabled" value="1" />
  <attribute name= "numThreadsSpecified" value="16" />
  <attribute name="heapSize specified" value="0" />
  <attribute name="Current GC Util" value="127" />
  <attribute name= "Current Time Running" value="182656" />
  <attribute name ="GC Interval" value="0" />
  <attribute name="ProportionalT" value="23.500000" />
  <attribute name="ProportionalI" value="23.500000" />
  <attribute name="ProportionalH" value="23.500000" />
  <attribute name="Current Error" value="47.000000" />
  <attribute name="IntegralT" value="70.500000" />
  <attribute name="IntegralI" value="70.500000" />
  <attribute name="IntegralH" value="70.500000" />
  <attribute name="DerivativeT" value="15.666667" />
  <attribute name="DerivativeI" value="15.666667" />
  <attribute name="DerivativeH" value="15.666667" />
  <attribute name="Loop Time for DT" value="3.000000" />
  <attribute name="Output H" value="8388608"/>
  <attribute name="Output I" value="200"/>
  <attribute name="Output T" value="16"/>
  <attribute name="Target GC Util Change" value ="80.000000" />
  <attribute name="Current GC Util Change" value="127.000000"/>
  <attribute name="GC Util currently" value="127" />
  <attribute name="CPU Util currently" value="419071961677" />
<exclusive-end id="3624" timestamp="2019-08-11T06:21:11.471" durationms="11.719" />

* Round 4 done in 3.355 seconds.

-------------------------------------------------------------------------------
Benchmark: 2019-08-11 06:20:42
-------------------------------------------------------------------------------

    Rounds: 4
    Warp:   10
    Timer:  time.time

Test                             minimum  average  operation  overhead
-------------------------------------------------------------------------------
          BuiltinFunctionCalls:     20ms     63ms    0.12us    0.000ms
           BuiltinMethodLookup:     51ms    122ms    0.12us    0.000ms
                 CompareFloats:     15ms    127ms    0.11us    0.000ms
         CompareFloatsIntegers:     20ms     95ms    0.11us    0.000ms
               CompareIntegers:     24ms     91ms    0.05us    0.000ms
        CompareInternedStrings:     42ms    152ms    0.10us    0.000ms
                  CompareLongs:     18ms     61ms    0.06us    0.000ms
                CompareStrings:     32ms     81ms    0.08us    0.000ms
                CompareUnicode:     28ms     68ms    0.09us    0.000ms
                 ConcatStrings:    302ms    470ms    0.94us    0.000ms
                 ConcatUnicode:    170ms    316ms    1.05us    0.000ms
               CreateInstances:     89ms    134ms    1.20us    0.000ms
            CreateNewInstances:    100ms    138ms    1.65us    0.000ms
       CreateStringsWithConcat:    109ms    202ms    0.20us    0.000ms
       CreateUnicodeWithConcat:     41ms     86ms    0.22us    0.000ms
                  DictCreation:    102ms    183ms    0.46us    0.000ms
             DictWithFloatKeys:     16ms    124ms    0.14us    0.000ms
           DictWithIntegerKeys:     20ms     61ms    0.05us    0.000ms
            DictWithStringKeys:     21ms     66ms    0.06us    0.000ms
                      ForLoops:     96ms    162ms    6.49us    0.000ms
                    IfThenElse:     23ms     73ms    0.05us    0.000ms
                   ListSlicing:     21ms     37ms    2.66us    0.000ms
                NestedForLoops:     86ms    132ms    0.09us    0.000ms
          NormalClassAttribute:     26ms    109ms    0.09us    0.000ms
       NormalInstanceAttribute:     25ms     87ms    0.07us    0.000ms
           PythonFunctionCalls:     39ms    147ms    0.44us    0.000ms
             PythonMethodCalls:     43ms    112ms    0.50us    0.000ms
                     Recursion:     46ms    194ms    3.88us    0.000ms
                  SecondImport:     41ms    113ms    1.13us    0.000ms
           SecondPackageImport:     39ms     64ms    0.64us    0.000ms
         SecondSubmoduleImport:     70ms    107ms    1.07us    0.000ms
       SimpleComplexArithmetic:     17ms     79ms    0.09us    0.000ms
        SimpleDictManipulation:     69ms    149ms    0.12us    0.000ms
         SimpleFloatArithmetic:     20ms    189ms    0.14us    0.000ms
      SimpleIntFloatArithmetic:     19ms    147ms    0.11us    0.000ms
       SimpleIntegerArithmetic:     20ms     95ms    0.07us    0.000ms
        SimpleListManipulation:     41ms    153ms    0.13us    0.000ms
          SimpleLongArithmetic:     27ms    113ms    0.17us    0.000ms
                    SmallLists:     76ms    135ms    0.20us    0.000ms
                   SmallTuples:     64ms    201ms    0.37us    0.000ms
         SpecialClassAttribute:     24ms     85ms    0.07us    0.000ms
      SpecialInstanceAttribute:     25ms     87ms    0.07us    0.000ms
                StringMappings:     98ms    287ms    1.14us    0.000ms
              StringPredicates:     50ms    176ms    0.25us    0.000ms
                 StringSlicing:     88ms    155ms    0.28us    0.000ms
                     TryExcept:      2ms     25ms    0.01us    0.000ms
                TryRaiseExcept:     99ms    146ms    2.28us    0.000ms
                  TupleSlicing:     37ms     61ms    0.23us    0.000ms
               UnicodeMappings:    132ms    190ms    5.28us    0.000ms
             UnicodePredicates:     48ms    146ms    0.27us    0.000ms
             UnicodeProperties:    393ms    564ms    1.41us    0.000ms
                UnicodeSlicing:     81ms    113ms    0.23us    0.000ms
-------------------------------------------------------------------------------
Totals:                           3205ms   7275ms

===== DaCapo 9.12-MR1 jython PASSED in 32727 msec =====
<exclusive-start id="3625" timestamp="2019-08-11T06:21:11.818" intervalms="359.077">
  <response-info timems="0.113" idlems="0.113" threads="0" lastid="0000000001E02F00" lastname="main" />
</exclusive-start>
<allocation-taxation id="3626" taxation-threshold="102760448" timestamp="2019-08-11T06:21:11.818" intervalms="359.091" />
<cycle-start id="3627" type="partial gc" contextid="0" timestamp="2019-08-11T06:21:11.819" intervalms="359.268" />
<gc-start id="3628" type="partial gc" contextid="3627" timestamp="2019-08-11T06:21:11.819">
  <mem-info id="3629" free="188743680" total="385875968" percent="48">
    <mem type="eden" free="0" total="102760448" percent="0" />
    <remembered-set count="5344" freebytes="16243584" totalbytes="16264960" percent="99" regionsoverflowed="0" regionsstable="9" regionsrebuilding="0"/>
  </mem-info>
</gc-start>
<allocation-stats totalBytes="102127440" >
  <allocated-bytes non-tlh="205024" tlh="101922416" arrayletleaf="0"/>
  <largest-consumer threadName="main" threadId="0000000001E02F00" bytes="102127440" />
</allocation-stats>
<gc-op id="3630" type="copy forward" timems="12.574" contextid="3627" timestamp="2019-08-11T06:21:11.835">
  <memory-copied type="eden" objects="5045" bytes="641664" bytesdiscarded="74312" />
  <memory-copied type="other" objects="244" bytes="6840" bytesdiscarded="1368" />
  <memory-cardclean objects="735" bytes="42952" />
  <regions eden="49" other="17" />
  <remembered-set-cleared processed="678" cleared="55" durationms="0.125" />
  <finalization candidates="1" enqueued="1" />
  <ownableSynchronizers candidates="3" cleared="3" />
  <references type="soft" candidates="17" cleared="0" enqueued="0" dynamicThreshold="24" maxThreshold="32" />
  <references type="weak" candidates="171" cleared="0" enqueued="0" />
  <references type="phantom" candidates="38" cleared="0" enqueued="0" />
  <stringconstants candidates="13691" cleared="0"  />
</gc-op>
<gc-op id="3631" type="classunload" timems="0.010" contextid="3627" timestamp="2019-08-11T06:21:11.835">
  <classunload-info classloadercandidates="54" classloadersunloaded="0" classesunloaded="0" anonymousclassesunloaded="0" quiescems="0.000" setupms="0.010" scanms="0.000" postms="0.000" />
</gc-op>
<heap-resize id="3632" type="contract" space="default" amount="20971520" count="1" timems="0.107" reason="excess free space following gc" timestamp="2019-08-11T06:21:11.836" />
<gc-end id="3633" type="partial gc" contextid="3627" durationms="16.660" usertimems="30.006" systemtimems="0.000" timestamp="2019-08-11T06:21:11.836" activeThreads="16">
  <mem-info id="3634" free="299892736" total="364904448" percent="82">
    <mem type="eden" free="1380592" total="2097152" percent="65" />
    <pending-finalizers system="1" default="0" reference="0" classloader="0" />
    <remembered-set count="4448" freebytes="15408768" totalbytes="15426560" percent="99" regionsoverflowed="0" regionsstable="9" regionsrebuilding="0"/>
  </mem-info>
</gc-end>
<cycle-end id="3635" type="partial gc" contextid="3627" timestamp="2019-08-11T06:21:11.836" />
  <attribute name="elasticGC enabled" value="1" />
  <attribute name= "numThreadsSpecified" value="16" />
  <attribute name="heapSize specified" value="0" />
  <attribute name="Current GC Util" value="160" />
  <attribute name= "Current Time Running" value="183015" />
  <attribute name ="GC Interval" value="0" />
  <attribute name="ProportionalT" value="40.000000" />
  <attribute name="ProportionalI" value="40.000000" />
  <attribute name="ProportionalH" value="40.000000" />
  <attribute name="Current Error" value="80.000000" />
  <attribute name="IntegralT" value="120.000000" />
  <attribute name="IntegralI" value="120.000000" />
  <attribute name="IntegralH" value="120.000000" />
  <attribute name="DerivativeT" value="26.666667" />
  <attribute name="DerivativeI" value="26.666667" />
  <attribute name="DerivativeH" value="26.666667" />
  <attribute name="Loop Time for DT" value="3.000000" />
  <attribute name="Output H" value="8388608"/>
  <attribute name="Output I" value="200"/>
  <attribute name="Output T" value="16"/>
  <attribute name="Target GC Util Change" value ="80.000000" />
  <attribute name="Current GC Util Change" value="160.000000"/>
  <attribute name="GC Util currently" value="160" />
  <attribute name="CPU Util currently" value="350036902368" />
<exclusive-end id="3636" timestamp="2019-08-11T06:21:11.836" durationms="17.840" />

<exclusive-start id="3637" timestamp="2019-08-11T06:21:11.865" intervalms="46.125">
  <response-info timems="0.059" idlems="0.059" threads="0" lastid="0000000001E02F00" lastname="main" />
</exclusive-start>
<allocation-taxation id="3638" taxation-threshold="98566144" timestamp="2019-08-11T06:21:11.865" intervalms="46.096" />
<cycle-start id="3639" type="partial gc" contextid="0" timestamp="2019-08-11T06:21:11.865" intervalms="45.782" />
<gc-start id="3640" type="partial gc" contextid="3639" timestamp="2019-08-11T06:21:11.865">
  <mem-info id="3641" free="201326592" total="364904448" percent="55">
    <mem type="eden" free="226544" total="98566144" percent="0" />
    <remembered-set count="4320" freebytes="15409280" totalbytes="15426560" percent="99" regionsoverflowed="0" regionsstable="9" regionsrebuilding="0"/>
  </mem-info>
</gc-start>
<allocation-stats totalBytes="85461880" >
  <allocated-bytes non-tlh="22727808" tlh="62734072" arrayletleaf="0"/>
  <largest-consumer threadName="main" threadId="0000000001E02F00" bytes="85461880" />
</allocation-stats>
<gc-op id="3642" type="copy forward" timems="10.926" contextid="3639" timestamp="2019-08-11T06:21:11.879">
  <memory-copied type="eden" objects="3" bytes="110280" bytesdiscarded="0" />
  <memory-copied type="other" objects="6628" bytes="698896" bytesdiscarded="54464" />
  <memory-cardclean objects="425" bytes="34456" />
  <regions eden="47" other="5" />
  <remembered-set-cleared processed="623" cleared="26" durationms="0.122" />
  <references type="soft" candidates="41" cleared="0" enqueued="0" dynamicThreshold="26" maxThreshold="32" />
  <references type="weak" candidates="157" cleared="0" enqueued="0" />
  <references type="phantom" candidates="38" cleared="0" enqueued="0" />
  <stringconstants candidates="13691" cleared="0"  />
</gc-op>
<gc-op id="3643" type="classunload" timems="0.011" contextid="3639" timestamp="2019-08-11T06:21:11.879">
  <classunload-info classloadercandidates="54" classloadersunloaded="0" classesunloaded="0" anonymousclassesunloaded="0" quiescems="0.000" setupms="0.011" scanms="0.000" postms="0.000" />
</gc-op>
<heap-resize id="3644" type="contract" space="default" amount="18874368" count="1" timems="0.128" reason="excess free space following gc" timestamp="2019-08-11T06:21:11.879" />
<gc-end id="3645" type="partial gc" contextid="3639" durationms="14.029" usertimems="34.145" systemtimems="0.000" timestamp="2019-08-11T06:21:11.879" activeThreads="16">
  <mem-info id="3646" free="285212672" total="346030080" percent="82">
    <mem type="eden" free="1986872" total="2097152" percent="94" />
    <remembered-set count="5856" freebytes="14564736" totalbytes="14588160" percent="99" regionsoverflowed="0" regionsstable="9" regionsrebuilding="0"/>
  </mem-info>
</gc-end>
<cycle-end id="3647" type="partial gc" contextid="3639" timestamp="2019-08-11T06:21:11.879" />
  <attribute name="elasticGC enabled" value="1" />
  <attribute name= "numThreadsSpecified" value="16" />
  <attribute name="heapSize specified" value="0" />
  <attribute name="Current GC Util" value="130" />
  <attribute name= "Current Time Running" value="183060" />
  <attribute name ="GC Interval" value="0" />
  <attribute name="ProportionalT" value="25.000000" />
  <attribute name="ProportionalI" value="25.000000" />
  <attribute name="ProportionalH" value="25.000000" />
  <attribute name="Current Error" value="50.000000" />
  <attribute name="IntegralT" value="50.000000" />
  <attribute name="IntegralI" value="50.000000" />
  <attribute name="IntegralH" value="50.000000" />
  <attribute name="DerivativeT" value="25.000000" />
  <attribute name="DerivativeI" value="25.000000" />
  <attribute name="DerivativeH" value="25.000000" />
  <attribute name="Loop Time for DT" value="2.000000" />
  <attribute name="Output H" value="8388608"/>
  <attribute name="Output I" value="200"/>
  <attribute name="Output T" value="16"/>
  <attribute name="Target GC Util Change" value ="80.000000" />
  <attribute name="Current GC Util Change" value="130.000000"/>
  <attribute name="GC Util currently" value="130" />
  <attribute name="CPU Util currently" value="500546794811" />
<exclusive-end id="3648" timestamp="2019-08-11T06:21:11.879" durationms="14.799" />

<exclusive-start id="3649" timestamp="2019-08-11T06:21:11.902" intervalms="37.034">
  <response-info timems="0.043" idlems="0.043" threads="0" lastid="0000000001E02F00" lastname="main" />
</exclusive-start>
<sys-start reason="explicit" id="3650" timestamp="2019-08-11T06:21:11.902" intervalms="33121.475" />
<cycle-start id="3651" type="global garbage collect" contextid="0" timestamp="2019-08-11T06:21:11.902" intervalms="182917.884" />
<gc-start id="3652" type="global garbage collect" contextid="3651" timestamp="2019-08-11T06:21:11.902">
  <mem-info id="3653" free="213104032" total="346030080" percent="61">
    <mem type="eden" free="3278552" total="75497472" percent="4" />
    <remembered-set count="5856" freebytes="14564736" totalbytes="14588160" percent="99" regionsoverflowed="0" regionsstable="9" regionsrebuilding="0"/>
  </mem-info>
</gc-start>
<allocation-stats totalBytes="70528400" >
  <allocated-bytes non-tlh="52335216" tlh="18193184" arrayletleaf="0"/>
  <largest-consumer threadName="main" threadId="0000000001E02F00" bytes="70528400" />
</allocation-stats>
<gc-op id="3654" type="global mark" timems="18.470" contextid="3651" timestamp="2019-08-11T06:21:11.921">
  <trace-info objectcount="600681" scancount="518689" scanbytes="13378768" />
  <finalization candidates="80" enqueued="0" />
  <ownableSynchronizers candidates="21" cleared="0" />
  <references type="soft" candidates="1879" cleared="0" enqueued="0" dynamicThreshold="26" maxThreshold="32" />
  <references type="weak" candidates="5829" cleared="60" enqueued="60" />
  <references type="phantom" candidates="133" cleared="11" enqueued="11" />
  <stringconstants candidates="13691" cleared="0"  />
</gc-op>
<gc-op id="3655" type="classunload" timems="0.009" contextid="3651" timestamp="2019-08-11T06:21:11.921">
  <classunload-info classloadercandidates="54" classloadersunloaded="0" classesunloaded="0" anonymousclassesunloaded="0" quiescems="0.000" setupms="0.009" scanms="0.000" postms="0.000" />
</gc-op>
<gc-op id="3656" type="sweep" timems="4.326" contextid="3651" timestamp="2019-08-11T06:21:11.925" />
<gc-op id="3657" type="compact" timems="67.889" contextid="3651" timestamp="2019-08-11T06:21:11.994">
  <compact-info movecount="600676" movebytes="18498792" />
  <remembered-set-cleared processed="100794" cleared="100794" durationms="0.446" />
</gc-op>
<heap-resize id="3658" type="contract" space="default" amount="18874368" count="1" timems="0.212" reason="excess free space following gc" timestamp="2019-08-11T06:21:11.994" />
<gc-end id="3659" type="global garbage collect" contextid="3651" durationms="92.007" usertimems="207.855" systemtimems="0.000" timestamp="2019-08-11T06:21:11.994" activeThreads="16">
  <mem-info id="3660" free="295698432" total="327155712" percent="90">
    <pending-finalizers system="0" default="0" reference="71" classloader="0" />
    <remembered-set count="42496" freebytes="14418176" totalbytes="14588160" percent="98" regionsoverflowed="0" regionsstable="0" regionsrebuilding="0"/>
  </mem-info>
</gc-end>
<cycle-end id="3661" type="global garbage collect" contextid="3651" timestamp="2019-08-11T06:21:11.994" />
  <attribute name="elasticGC enabled" value="1" />
  <attribute name= "numThreadsSpecified" value="16" />
  <attribute name="heapSize specified" value="0" />
  <attribute name="Current GC Util" value="267" />
  <attribute name= "Current Time Running" value="183118" />
  <attribute name ="GC Interval" value="0" />
  <attribute name="ProportionalT" value="93.500000" />
  <attribute name="ProportionalI" value="93.500000" />
  <attribute name="ProportionalH" value="93.500000" />
  <attribute name="Current Error" value="187.000000" />
  <attribute name="IntegralT" value="374.000000" />
  <attribute name="IntegralI" value="374.000000" />
  <attribute name="IntegralH" value="374.000000" />
  <attribute name="DerivativeT" value="-28.250000" />
  <attribute name="DerivativeI" value="-28.250000" />
  <attribute name="DerivativeH" value="-28.250000" />
  <attribute name="Loop Time for DT" value="4.000000" />
  <attribute name="Output H" value="8388608"/>
  <attribute name="Output I" value="440"/>
  <attribute name="Output T" value="16"/>
  <attribute name="Target GC Util Change" value ="80.000000" />
  <attribute name="Current GC Util Change" value="267.000000"/>
  <attribute name="GC Util currently" value="267" />
  <attribute name="CPU Util currently" value="252749954513" />
<sys-end id="3662" timestamp="2019-08-11T06:21:11.994" />
<exclusive-end id="3663" timestamp="2019-08-11T06:21:11.994" durationms="92.826" />

===== DaCapo 9.12-MR1 pmd starting =====
<exclusive-start id="3664" timestamp="2019-08-11T06:21:13.736" intervalms="1834.704">
  <response-info timems="1.676" idlems="0.758" threads="2" lastid="0000000002125600" lastname="PmdThread 3" />
</exclusive-start>
<allocation-taxation id="3665" taxation-threshold="88080384" timestamp="2019-08-11T06:21:13.736" intervalms="1871.760" />
<cycle-start id="3666" type="partial gc" contextid="0" timestamp="2019-08-11T06:21:13.737" intervalms="1871.887" />
<gc-start id="3667" type="partial gc" contextid="3666" timestamp="2019-08-11T06:21:13.737">
  <mem-info id="3668" free="207618048" total="327155712" percent="63">
    <mem type="eden" free="0" total="88080384" percent="0" />
    <remembered-set count="42176" freebytes="14419456" totalbytes="14588160" percent="98" regionsoverflowed="0" regionsstable="0" regionsrebuilding="0"/>
  </mem-info>
</gc-start>
<allocation-stats totalBytes="88002760" >
  <allocated-bytes non-tlh="610008" tlh="87392752" arrayletleaf="0"/>
  <largest-consumer threadName="PmdThread 2" threadId="000000000211DE00" bytes="10209496" />
</allocation-stats>
<gc-op id="3669" type="copy forward" timems="26.737" contextid="3666" timestamp="2019-08-11T06:21:13.771">
  <memory-copied type="eden" objects="211064" bytes="10147392" bytesdiscarded="1187984" />
  <memory-copied type="other" objects="0" bytes="0" bytesdiscarded="0" />
  <memory-cardclean objects="1326" bytes="64176" />
  <regions eden="42" other="0" />
  <remembered-set-cleared processed="36227" cleared="242" durationms="0.791" />
  <finalization candidates="3" enqueued="0" />
  <ownableSynchronizers candidates="19" cleared="0" />
  <references type="soft" candidates="144" cleared="0" enqueued="0" dynamicThreshold="28" maxThreshold="32" />
  <references type="weak" candidates="1385" cleared="0" enqueued="0" />
  <references type="phantom" candidates="220" cleared="0" enqueued="0" />
  <stringconstants candidates="15192" cleared="10"  />
</gc-op>
<gc-op id="3670" type="classunload" timems="0.825" contextid="3666" timestamp="2019-08-11T06:21:13.771">
  <classunload-info classloadercandidates="63" classloadersunloaded="6" classesunloaded="6" anonymousclassesunloaded="0" quiescems="0.000" setupms="0.755" scanms="0.059" postms="0.011" />
</gc-op>
<heap-resize id="3671" type="contract" space="default" amount="16777216" count="1" timems="0.565" reason="excess free space following gc" timestamp="2019-08-11T06:21:13.772" />
<gc-end id="3672" type="partial gc" contextid="3666" durationms="35.436" usertimems="80.647" systemtimems="0.000" timestamp="2019-08-11T06:21:13.772" activeThreads="16">
  <mem-info id="3673" free="266338304" total="310378496" percent="85">
    <mem type="eden" free="1210256" total="12582912" percent="9" />
    <remembered-set count="66208" freebytes="12814208" totalbytes="13079040" percent="97" regionsoverflowed="0" regionsstable="0" regionsrebuilding="0"/>
  </mem-info>
</gc-end>
<cycle-end id="3674" type="partial gc" contextid="3666" timestamp="2019-08-11T06:21:13.772" />
  <attribute name="elasticGC enabled" value="1" />
  <attribute name= "numThreadsSpecified" value="16" />
  <attribute name="heapSize specified" value="0" />
  <attribute name="Current GC Util" value="12" />
  <attribute name= "Current Time Running" value="184936" />
  <attribute name ="GC Interval" value="0" />
  <attribute name="ProportionalT" value="-34.000000" />
  <attribute name="ProportionalI" value="-34.000000" />
  <attribute name="ProportionalH" value="-34.000000" />
  <attribute name="Current Error" value="-68.000000" />
  <attribute name="IntegralT" value="-204.000000" />
  <attribute name="IntegralI" value="-204.000000" />
  <attribute name="IntegralH" value="-204.000000" />
  <attribute name="DerivativeT" value="-11.333333" />
  <attribute name="DerivativeI" value="-11.333333" />
  <attribute name="DerivativeH" value="-11.333333" />
  <attribute name="Loop Time for DT" value="6.000000" />
  <attribute name="Output H" value="4202627072"/>
  <attribute name="Output I" value="200"/>
  <attribute name="Output T" value="16"/>
  <attribute name="Target GC Util Change" value ="80.000000" />
  <attribute name="Current GC Util Change" value="12.000000"/>
  <attribute name="GC Util currently" value="12" />
  <attribute name="CPU Util currently" value="173555719221" />
<exclusive-end id="3675" timestamp="2019-08-11T06:21:13.772" durationms="36.226" />

<exclusive-start id="3676" timestamp="2019-08-11T06:21:14.734" intervalms="998.119">
  <response-info timems="3.001" idlems="1.883" threads="2" lastid="0000000002112A00" lastname="PmdThread 4" />
</exclusive-start>
<allocation-taxation id="3677" taxation-threshold="83886080" timestamp="2019-08-11T06:21:14.734" intervalms="998.124" />
<cycle-start id="3678" type="partial gc" contextid="0" timestamp="2019-08-11T06:21:14.735" intervalms="998.002" />
<gc-start id="3679" type="partial gc" contextid="3678" timestamp="2019-08-11T06:21:14.735">
  <mem-info id="3680" free="182452224" total="310378496" percent="58">
    <mem type="eden" free="0" total="83886080" percent="0" />
    <remembered-set count="17088" freebytes="13010688" totalbytes="13079040" percent="99" regionsoverflowed="0" regionsstable="8" regionsrebuilding="0"/>
  </mem-info>
</gc-start>
<allocation-stats totalBytes="83832832" >
  <allocated-bytes non-tlh="19136" tlh="83813696" arrayletleaf="0"/>
  <largest-consumer threadName="PmdThread 6" threadId="0000000002103B00" bytes="9946800" />
</allocation-stats>
<gc-op id="3681" type="copy forward" timems="340.389" contextid="3678" timestamp="2019-08-11T06:21:15.079">
  <memory-copied type="eden" objects="218344" bytes="9870240" bytesdiscarded="729608" />
  <memory-copied type="other" objects="133077" bytes="5356648" bytesdiscarded="716768" />
  <memory-cardclean objects="664" bytes="38720" />
  <regions eden="40" other="6" />
  <remembered-set-cleared processed="1572" cleared="972" durationms="0.182" />
  <finalization candidates="4" enqueued="0" />
  <ownableSynchronizers candidates="19" cleared="0" />
  <references type="soft" candidates="155" cleared="0" enqueued="0" dynamicThreshold="27" maxThreshold="32" />
  <references type="weak" candidates="2094" cleared="0" enqueued="0" />
  <references type="phantom" candidates="480" cleared="0" enqueued="0" />
  <stringconstants candidates="15250" cleared="0"  />
</gc-op>
<gc-op id="3682" type="classunload" timems="0.018" contextid="3678" timestamp="2019-08-11T06:21:15.079">
  <classunload-info classloadercandidates="57" classloadersunloaded="0" classesunloaded="0" anonymousclassesunloaded="0" quiescems="0.000" setupms="0.018" scanms="0.000" postms="0.000" />
</gc-op>
<heap-resize id="3683" type="contract" space="default" amount="16777216" count="1" timems="1.346" reason="excess free space following gc" timestamp="2019-08-11T06:21:15.080" />
<gc-end id="3684" type="partial gc" contextid="3678" durationms="345.504" usertimems="270.314" systemtimems="0.000" timestamp="2019-08-11T06:21:15.081" activeThreads="16">
  <mem-info id="3685" free="243269632" total="293601280" percent="82">
    <mem type="eden" free="1948768" total="12582912" percent="15" />
    <remembered-set count="24096" freebytes="12311936" totalbytes="12408320" percent="99" regionsoverflowed="0" regionsstable="8" regionsrebuilding="0"/>
  </mem-info>
</gc-end>
<cycle-end id="3686" type="partial gc" contextid="3678" timestamp="2019-08-11T06:21:15.081" />
  <attribute name="elasticGC enabled" value="1" />
  <attribute name= "numThreadsSpecified" value="16" />
  <attribute name="heapSize specified" value="0" />
  <attribute name="Current GC Util" value="59" />
  <attribute name= "Current Time Running" value="185931" />
  <attribute name ="GC Interval" value="0" />
  <attribute name="ProportionalT" value="-10.500000" />
  <attribute name="ProportionalI" value="-10.500000" />
  <attribute name="ProportionalH" value="-10.500000" />
  <attribute name="Current Error" value="-21.000000" />
  <attribute name="IntegralT" value="-31.500000" />
  <attribute name="IntegralI" value="-31.500000" />
  <attribute name="IntegralH" value="-31.500000" />
  <attribute name="DerivativeT" value="-7.000000" />
  <attribute name="DerivativeI" value="-7.000000" />
  <attribute name="DerivativeH" value="-7.000000" />
  <attribute name="Loop Time for DT" value="3.000000" />
  <attribute name="Output H" value="4202627072"/>
  <attribute name="Output I" value="200"/>
  <attribute name="Output T" value="16"/>
  <attribute name="Target GC Util Change" value ="80.000000" />
  <attribute name="Current GC Util Change" value="59.000000"/>
  <attribute name="GC Util currently" value="59" />
  <attribute name="CPU Util currently" value="399321226686" />
<exclusive-end id="3687" timestamp="2019-08-11T06:21:15.081" durationms="346.818" />

<exclusive-start id="3688" timestamp="2019-08-11T06:21:15.483" intervalms="748.519">
  <response-info timems="2.055" idlems="0.799" threads="3" lastid="0000000001E06B00" lastname="JIT Compilation Thread-0" />
</exclusive-start>
<allocation-taxation id="3689" taxation-threshold="79691776" timestamp="2019-08-11T06:21:15.483" intervalms="748.550" />
<cycle-start id="3690" type="partial gc" contextid="0" timestamp="2019-08-11T06:21:15.483" intervalms="748.656" />
<gc-start id="3691" type="partial gc" contextid="3690" timestamp="2019-08-11T06:21:15.483">
  <mem-info id="3692" free="163577856" total="293601280" percent="55">
    <mem type="eden" free="0" total="79691776" percent="0" />
    <remembered-set count="23936" freebytes="12312576" totalbytes="12408320" percent="99" regionsoverflowed="0" regionsstable="8" regionsrebuilding="0"/>
  </mem-info>
</gc-start>
<allocation-stats totalBytes="79670096" >
  <allocated-bytes non-tlh="16200" tlh="79653896" arrayletleaf="0"/>
  <largest-consumer threadName="PmdThread 6" threadId="0000000002103B00" bytes="14602168" />
</allocation-stats>
<gc-op id="3693" type="copy forward" timems="108.794" contextid="3690" timestamp="2019-08-11T06:21:15.595">
  <memory-copied type="eden" objects="264499" bytes="11631832" bytesdiscarded="584008" />
  <memory-copied type="other" objects="273300" bytes="11117824" bytesdiscarded="1114312" />
  <memory-cardclean objects="573" bytes="36744" />
  <regions eden="38" other="9" />
  <remembered-set-cleared processed="1425" cleared="825" durationms="0.172" />
  <finalization candidates="4" enqueued="0" />
  <ownableSynchronizers candidates="19" cleared="0" />
  <references type="soft" candidates="155" cleared="0" enqueued="0" dynamicThreshold="26" maxThreshold="32" />
  <references type="weak" candidates="2589" cleared="0" enqueued="0" />
  <references type="phantom" candidates="672" cleared="0" enqueued="0" />
  <stringconstants candidates="15328" cleared="0"  />
</gc-op>
<gc-op id="3694" type="classunload" timems="0.017" contextid="3690" timestamp="2019-08-11T06:21:15.595">
  <classunload-info classloadercandidates="57" classloadersunloaded="0" classesunloaded="0" anonymousclassesunloaded="0" quiescems="0.000" setupms="0.016" scanms="0.000" postms="0.000" />
</gc-op>
<heap-resize id="3695" type="contract" space="default" amount="14680064" count="1" timems="3.397" reason="excess free space following gc" timestamp="2019-08-11T06:21:15.599" />
<gc-end id="3696" type="partial gc" contextid="3690" durationms="122.713" usertimems="210.869" systemtimems="0.000" timestamp="2019-08-11T06:21:15.606" activeThreads="16">
  <mem-info id="3697" free="218103808" total="278921216" percent="78">
    <mem type="eden" free="2445248" total="14680064" percent="16" />
    <remembered-set count="39456" freebytes="11579776" totalbytes="11737600" percent="98" regionsoverflowed="0" regionsstable="8" regionsrebuilding="0"/>
  </mem-info>
</gc-end>
<cycle-end id="3698" type="partial gc" contextid="3690" timestamp="2019-08-11T06:21:15.607" />
  <attribute name="elasticGC enabled" value="1" />
  <attribute name= "numThreadsSpecified" value="16" />
  <attribute name="heapSize specified" value="0" />
  <attribute name="Current GC Util" value="42" />
  <attribute name= "Current Time Running" value="186679" />
  <attribute name ="GC Interval" value="0" />
  <attribute name="ProportionalT" value="-19.000000" />
  <attribute name="ProportionalI" value="-19.000000" />
  <attribute name="ProportionalH" value="-19.000000" />
  <attribute name="Current Error" value="-38.000000" />
  <attribute name="IntegralT" value="-57.000000" />
  <attribute name="IntegralI" value="-57.000000" />
  <attribute name="IntegralH" value="-57.000000" />
  <attribute name="DerivativeT" value="-12.666667" />
  <attribute name="DerivativeI" value="-12.666667" />
  <attribute name="DerivativeH" value="-12.666667" />
  <attribute name="Loop Time for DT" value="3.000000" />
  <attribute name="Output H" value="4202627072"/>
  <attribute name="Output I" value="200"/>
  <attribute name="Output T" value="16"/>
  <attribute name="Target GC Util Change" value ="80.000000" />
  <attribute name="Current GC Util Change" value="42.000000"/>
  <attribute name="GC Util currently" value="42" />
  <attribute name="CPU Util currently" value="478719585775" />
<exclusive-end id="3699" timestamp="2019-08-11T06:21:15.607" durationms="123.998" />

<exclusive-start id="3700" timestamp="2019-08-11T06:21:16.177" intervalms="693.723">
  <response-info timems="3.206" idlems="1.278" threads="5" lastid="0000000001E19600" lastname="JIT Compilation Thread-5" />
</exclusive-start>
<allocation-taxation id="3701" taxation-threshold="77594624" timestamp="2019-08-11T06:21:16.177" intervalms="693.683" />
<cycle-start id="3702" type="partial gc" contextid="0" timestamp="2019-08-11T06:21:16.177" intervalms="693.895" />
<gc-start id="3703" type="partial gc" contextid="3702" timestamp="2019-08-11T06:21:16.178">
  <mem-info id="3704" free="140509184" total="278921216" percent="50">
    <mem type="eden" free="0" total="77594624" percent="0" />
    <remembered-set count="39328" freebytes="11580288" totalbytes="11737600" percent="98" regionsoverflowed="0" regionsstable="8" regionsrebuilding="0"/>
  </mem-info>
</gc-start>
<allocation-stats totalBytes="77565416" >
  <allocated-bytes non-tlh="471296" tlh="77094120" arrayletleaf="0"/>
  <largest-consumer threadName="PmdThread 6" threadId="0000000002103B00" bytes="15817712" />
</allocation-stats>
<gc-op id="3705" type="copy forward" timems="201.071" contextid="3702" timestamp="2019-08-11T06:21:16.383">
  <memory-copied type="eden" objects="134610" bytes="6937680" bytesdiscarded="1258736" />
  <memory-copied type="other" objects="330138" bytes="13401696" bytesdiscarded="1378328" />
  <memory-cardclean objects="47115" bytes="2538424" />
  <regions eden="37" other="10" />
  <remembered-set-cleared processed="2162" cleared="1155" durationms="0.120" />
  <references type="soft" candidates="10" cleared="0" enqueued="0" dynamicThreshold="25" maxThreshold="32" />
  <references type="weak" candidates="2440" cleared="0" enqueued="0" />
  <references type="phantom" candidates="635" cleared="0" enqueued="0" />
  <stringconstants candidates="15379" cleared="0"  />
</gc-op>
<gc-op id="3706" type="classunload" timems="0.010" contextid="3702" timestamp="2019-08-11T06:21:16.383">
  <classunload-info classloadercandidates="57" classloadersunloaded="0" classesunloaded="0" anonymousclassesunloaded="0" quiescems="0.000" setupms="0.009" scanms="0.000" postms="0.000" />
</gc-op>
<heap-resize id="3707" type="contract" space="default" amount="14680064" count="1" timems="0.567" reason="excess free space following gc" timestamp="2019-08-11T06:21:16.384" />
<gc-end id="3708" type="partial gc" contextid="3702" durationms="206.384" usertimems="296.643" systemtimems="0.000" timestamp="2019-08-11T06:21:16.384" activeThreads="16">
  <mem-info id="3709" free="199229440" total="264241152" percent="75">
    <mem type="eden" free="171472" total="8388608" percent="2" />
    <remembered-set count="50144" freebytes="10950144" totalbytes="11150720" percent="98" regionsoverflowed="0" regionsstable="8" regionsrebuilding="0"/>
  </mem-info>
</gc-end>
<cycle-end id="3710" type="partial gc" contextid="3702" timestamp="2019-08-11T06:21:16.384" />
  <attribute name="elasticGC enabled" value="1" />
  <attribute name= "numThreadsSpecified" value="16" />
  <attribute name="heapSize specified" value="0" />
  <attribute name="Current GC Util" value="26" />
  <attribute name= "Current Time Running" value="187375" />
  <attribute name ="GC Interval" value="0" />
  <attribute name="ProportionalT" value="-27.000000" />
  <attribute name="ProportionalI" value="-27.000000" />
  <attribute name="ProportionalH" value="-27.000000" />
  <attribute name="Current Error" value="-54.000000" />
  <attribute name="IntegralT" value="-81.000000" />
  <attribute name="IntegralI" value="-81.000000" />
  <attribute name="IntegralH" value="-81.000000" />
  <attribute name="DerivativeT" value="-18.000000" />
  <attribute name="DerivativeI" value="-18.000000" />
  <attribute name="DerivativeH" value="-18.000000" />
  <attribute name="Loop Time for DT" value="3.000000" />
  <attribute name="Output H" value="4202627072"/>
  <attribute name="Output I" value="200"/>
  <attribute name="Output T" value="16"/>
  <attribute name="Target GC Util Change" value ="80.000000" />
  <attribute name="Current GC Util Change" value="26.000000"/>
  <attribute name="GC Util currently" value="26" />
  <attribute name="CPU Util currently" value="361356436011" />
<exclusive-end id="3711" timestamp="2019-08-11T06:21:16.384" durationms="207.641" />

<exclusive-start id="3712" timestamp="2019-08-11T06:21:16.853" intervalms="676.576">
  <response-info timems="0.698" idlems="0.232" threads="3" lastid="0000000001E15B00" lastname="JIT Compilation Thread-4" />
</exclusive-start>
<allocation-taxation id="3713" taxation-threshold="73400320" timestamp="2019-08-11T06:21:16.853" intervalms="676.578" />
<cycle-start id="3714" type="partial gc" contextid="0" timestamp="2019-08-11T06:21:16.853" intervalms="676.319" />
<gc-start id="3715" type="partial gc" contextid="3714" timestamp="2019-08-11T06:21:16.854">
  <mem-info id="3716" free="125829120" total="264241152" percent="47">
    <mem type="eden" free="0" total="73400320" percent="0" />
    <remembered-set count="49952" freebytes="10950912" totalbytes="11150720" percent="98" regionsoverflowed="0" regionsstable="8" regionsrebuilding="0"/>
  </mem-info>
</gc-start>
<allocation-stats totalBytes="73367416" >
  <allocated-bytes non-tlh="72456" tlh="73294960" arrayletleaf="0"/>
  <largest-consumer threadName="PmdThread 12" threadId="00000000020FFF00" bytes="10774568" />
</allocation-stats>
<gc-op id="3717" type="copy forward" timems="39.876" contextid="3714" timestamp="2019-08-11T06:21:16.897">
  <memory-copied type="eden" objects="141599" bytes="7226568" bytesdiscarded="813864" />
  <memory-copied type="other" objects="215145" bytes="9479400" bytesdiscarded="919456" />
  <memory-cardclean objects="72782" bytes="3654584" />
  <regions eden="35" other="7" />
  <remembered-set-cleared processed="23770" cleared="13513" durationms="0.253" />
  <references type="weak" candidates="1971" cleared="0" enqueued="0" />
  <references type="phantom" candidates="810" cleared="0" enqueued="0" />
  <stringconstants candidates="15446" cleared="0"  />
</gc-op>
<gc-op id="3718" type="classunload" timems="0.020" contextid="3714" timestamp="2019-08-11T06:21:16.897">
  <classunload-info classloadercandidates="57" classloadersunloaded="0" classesunloaded="0" anonymousclassesunloaded="0" quiescems="0.000" setupms="0.020" scanms="0.000" postms="0.000" />
</gc-op>
<heap-resize id="3719" type="contract" space="default" amount="14680064" count="1" timems="0.750" reason="excess free space following gc" timestamp="2019-08-11T06:21:16.898" />
<gc-end id="3720" type="partial gc" contextid="3714" durationms="44.033" usertimems="108.993" systemtimems="28.186" timestamp="2019-08-11T06:21:16.898" activeThreads="16">
  <mem-info id="3721" free="176160768" total="249561088" percent="70">
    <mem type="eden" free="322336" total="8388608" percent="3" />
    <remembered-set count="56768" freebytes="10336768" totalbytes="10563840" percent="97" regionsoverflowed="0" regionsstable="8" regionsrebuilding="0"/>
  </mem-info>
</gc-end>
<cycle-end id="3722" type="partial gc" contextid="3714" timestamp="2019-08-11T06:21:16.898" />
  <attribute name="elasticGC enabled" value="1" />
  <attribute name= "numThreadsSpecified" value="16" />
  <attribute name="heapSize specified" value="0" />
  <attribute name="Current GC Util" value="85" />
  <attribute name= "Current Time Running" value="188049" />
  <attribute name ="GC Interval" value="0" />
  <attribute name="ProportionalT" value="2.500000" />
  <attribute name="ProportionalI" value="2.500000" />
  <attribute name="ProportionalH" value="2.500000" />
  <attribute name="Current Error" value="5.000000" />
  <attribute name="IntegralT" value="5.000000" />
  <attribute name="IntegralI" value="5.000000" />
  <attribute name="IntegralH" value="5.000000" />
  <attribute name="DerivativeT" value="2.500000" />
  <attribute name="DerivativeI" value="2.500000" />
  <attribute name="DerivativeH" value="2.500000" />
  <attribute name="Loop Time for DT" value="2.000000" />
  <attribute name="Output H" value="8388608"/>
  <attribute name="Output I" value="200"/>
  <attribute name="Output T" value="16"/>
  <attribute name="Target GC Util Change" value ="80.000000" />
  <attribute name="Current GC Util Change" value="85.000000"/>
  <attribute name="GC Util currently" value="85" />
  <attribute name="CPU Util currently" value="499712175146" />
<exclusive-end id="3723" timestamp="2019-08-11T06:21:16.898" durationms="44.996" />

<exclusive-start id="3724" timestamp="2019-08-11T06:21:17.283" intervalms="429.975">
  <response-info timems="11.008" idlems="11.002" threads="1" lastid="000000000213F900" lastname="PmdThread 8" />
</exclusive-start>
<allocation-taxation id="3725" taxation-threshold="69206016" timestamp="2019-08-11T06:21:17.283" intervalms="429.977" />
<cycle-start id="3726" type="partial gc" contextid="0" timestamp="2019-08-11T06:21:17.283" intervalms="429.918" />
<gc-start id="3727" type="partial gc" contextid="3726" timestamp="2019-08-11T06:21:17.284">
  <mem-info id="3728" free="106954752" total="249561088" percent="42">
    <mem type="eden" free="0" total="69206016" percent="0" />
    <remembered-set count="56480" freebytes="10337920" totalbytes="10563840" percent="97" regionsoverflowed="0" regionsstable="8" regionsrebuilding="0"/>
  </mem-info>
</gc-start>
<allocation-stats totalBytes="69171240" >
  <allocated-bytes non-tlh="15344" tlh="69155896" arrayletleaf="0"/>
  <largest-consumer threadName="PmdThread 3" threadId="0000000002125600" bytes="8750960" />
</allocation-stats>
<gc-op id="3729" type="copy forward" timems="47.881" contextid="3726" timestamp="2019-08-11T06:21:17.334">
  <memory-copied type="eden" objects="62071" bytes="4363848" bytesdiscarded="456032" />
  <memory-copied type="other" objects="178284" bytes="7719216" bytesdiscarded="600232" />
  <memory-cardclean objects="123701" bytes="6043856" />
  <regions eden="33" other="7" />
  <remembered-set-cleared processed="29435" cleared="19161" durationms="0.287" />
  <finalization candidates="1" enqueued="0" />
  <references type="weak" candidates="2687" cleared="0" enqueued="0" />
  <references type="phantom" candidates="574" cleared="0" enqueued="0" />
  <stringconstants candidates="15520" cleared="0"  />
</gc-op>
<gc-op id="3730" type="classunload" timems="0.010" contextid="3726" timestamp="2019-08-11T06:21:17.334">
  <classunload-info classloadercandidates="57" classloadersunloaded="0" classesunloaded="0" anonymousclassesunloaded="0" quiescems="0.000" setupms="0.010" scanms="0.000" postms="0.000" />
</gc-op>
<heap-resize id="3731" type="contract" space="default" amount="12582912" count="1" timems="0.550" reason="excess free space following gc" timestamp="2019-08-11T06:21:17.335" />
<gc-end id="3732" type="partial gc" contextid="3726" durationms="51.620" usertimems="122.979" systemtimems="0.000" timestamp="2019-08-11T06:21:17.335" activeThreads="16">
  <mem-info id="3733" free="163577856" total="236978176" percent="69">
    <mem type="eden" free="1455448" total="6291456" percent="23" />
    <remembered-set count="57632" freebytes="9746432" totalbytes="9976960" percent="97" regionsoverflowed="0" regionsstable="8" regionsrebuilding="0"/>
  </mem-info>
</gc-end>
<cycle-end id="3734" type="partial gc" contextid="3726" timestamp="2019-08-11T06:21:17.335" />
  <attribute name="elasticGC enabled" value="1" />
  <attribute name= "numThreadsSpecified" value="16" />
  <attribute name="heapSize specified" value="0" />
  <attribute name="Current GC Util" value="52" />
  <attribute name= "Current Time Running" value="188479" />
  <attribute name ="GC Interval" value="0" />
  <attribute name="ProportionalT" value="-14.000000" />
  <attribute name="ProportionalI" value="-14.000000" />
  <attribute name="ProportionalH" value="-14.000000" />
  <attribute name="Current Error" value="-28.000000" />
  <attribute name="IntegralT" value="-28.000000" />
  <attribute name="IntegralI" value="-28.000000" />
  <attribute name="IntegralH" value="-28.000000" />
  <attribute name="DerivativeT" value="-14.000000" />
  <attribute name="DerivativeI" value="-14.000000" />
  <attribute name="DerivativeH" value="-14.000000" />
  <attribute name="Loop Time for DT" value="2.000000" />
  <attribute name="Output H" value="4202627072"/>
  <attribute name="Output I" value="200"/>
  <attribute name="Output T" value="16"/>
  <attribute name="Target GC Util Change" value ="80.000000" />
  <attribute name="Current GC Util Change" value="52.000000"/>
  <attribute name="GC Util currently" value="52" />
  <attribute name="CPU Util currently" value="561229238103" />
<exclusive-end id="3735" timestamp="2019-08-11T06:21:17.336" durationms="53.183" />

<exclusive-start id="3736" timestamp="2019-08-11T06:21:17.693" intervalms="410.140">
  <response-info timems="1.484" idlems="1.484" threads="0" lastid="0000000002125600" lastname="PmdThread 3" />
</exclusive-start>
<allocation-taxation id="3737" taxation-threshold="67108864" timestamp="2019-08-11T06:21:17.693" intervalms="410.141" />
<cycle-start id="3738" type="partial gc" contextid="0" timestamp="2019-08-11T06:21:17.693" intervalms="410.189" />
<gc-start id="3739" type="partial gc" contextid="3738" timestamp="2019-08-11T06:21:17.694">
  <mem-info id="3740" free="96468992" total="236978176" percent="40">
    <mem type="eden" free="0" total="67108864" percent="0" />
    <remembered-set count="57184" freebytes="9748224" totalbytes="9976960" percent="97" regionsoverflowed="0" regionsstable="8" regionsrebuilding="0"/>
  </mem-info>
</gc-start>
<allocation-stats totalBytes="67067256" >
  <allocated-bytes non-tlh="12480" tlh="67054776" arrayletleaf="0"/>
  <largest-consumer threadName="PmdThread 1" threadId="000000000210B200" bytes="9159440" />
</allocation-stats>
<gc-op id="3741" type="copy forward" timems="53.180" contextid="3738" timestamp="2019-08-11T06:21:17.753">
  <memory-copied type="eden" objects="117426" bytes="6402776" bytesdiscarded="804056" />
  <memory-copied type="other" objects="159945" bytes="6466752" bytesdiscarded="383744" />
  <memory-cardclean objects="172374" bytes="8250000" />
  <regions eden="32" other="6" />
  <remembered-set-cleared processed="10857" cleared="7402" durationms="0.502" />
  <references type="soft" candidates="13" cleared="0" enqueued="0" dynamicThreshold="22" maxThreshold="32" />
  <references type="weak" candidates="1598" cleared="0" enqueued="0" />
  <references type="phantom" candidates="411" cleared="0" enqueued="0" />
  <stringconstants candidates="15586" cleared="0"  />
</gc-op>
<gc-op id="3742" type="classunload" timems="0.016" contextid="3738" timestamp="2019-08-11T06:21:17.753">
  <classunload-info classloadercandidates="57" classloadersunloaded="0" classesunloaded="0" anonymousclassesunloaded="0" quiescems="0.000" setupms="0.015" scanms="0.000" postms="0.000" />
</gc-op>
<heap-resize id="3743" type="contract" space="default" amount="12582912" count="1" timems="0.569" reason="excess free space following gc" timestamp="2019-08-11T06:21:17.754" />
<gc-end id="3744" type="partial gc" contextid="3738" durationms="59.989" usertimems="141.845" systemtimems="15.595" timestamp="2019-08-11T06:21:17.754" activeThreads="16">
  <mem-info id="3745" free="148897792" total="224395264" percent="66">
    <mem type="eden" free="1154432" total="8388608" percent="13" />
    <remembered-set count="65024" freebytes="9213824" totalbytes="9473920" percent="97" regionsoverflowed="0" regionsstable="8" regionsrebuilding="0"/>
  </mem-info>
</gc-end>
<cycle-end id="3746" type="partial gc" contextid="3738" timestamp="2019-08-11T06:21:17.754" />
  <attribute name="elasticGC enabled" value="1" />
  <attribute name= "numThreadsSpecified" value="16" />
  <attribute name="heapSize specified" value="0" />
  <attribute name="Current GC Util" value="27" />
  <attribute name= "Current Time Running" value="188892" />
  <attribute name ="GC Interval" value="0" />
  <attribute name="ProportionalT" value="-26.500000" />
  <attribute name="ProportionalI" value="-26.500000" />
  <attribute name="ProportionalH" value="-26.500000" />
  <attribute name="Current Error" value="-53.000000" />
  <attribute name="IntegralT" value="-132.500000" />
  <attribute name="IntegralI" value="-132.500000" />
  <attribute name="IntegralH" value="-132.500000" />
  <attribute name="DerivativeT" value="-10.600000" />
  <attribute name="DerivativeI" value="-10.600000" />
  <attribute name="DerivativeH" value="-10.600000" />
  <attribute name="Loop Time for DT" value="5.000000" />
  <attribute name="Output H" value="4202627072"/>
  <attribute name="Output I" value="200"/>
  <attribute name="Output T" value="16"/>
  <attribute name="Target GC Util Change" value ="80.000000" />
  <attribute name="Current GC Util Change" value="27.000000"/>
  <attribute name="GC Util currently" value="27" />
  <attribute name="CPU Util currently" value="225260833372" />
<exclusive-end id="3747" timestamp="2019-08-11T06:21:17.754" durationms="61.178" />

<exclusive-start id="3748" timestamp="2019-08-11T06:21:17.976" intervalms="282.448">
  <response-info timems="0.025" idlems="0.025" threads="0" lastid="0000000002103B00" lastname="PmdThread 6" />
</exclusive-start>
<allocation-taxation id="3749" taxation-threshold="31457280" timestamp="2019-08-11T06:21:17.976" intervalms="282.434" />
<cycle-start id="3750" type="global mark phase" contextid="0" timestamp="2019-08-11T06:21:17.976" intervalms="7399.245" />
<gc-start id="3751" type="global mark phase" contextid="3750" timestamp="2019-08-11T06:21:17.976">
  <mem-info id="3752" free="117440512" total="224395264" percent="52">
    <remembered-set count="64992" freebytes="9213952" totalbytes="9473920" percent="97" regionsoverflowed="0" regionsstable="8" regionsrebuilding="0"/>
  </mem-info>
</gc-start>
<gc-op id="3753" type="mark increment" timems="17.995" contextid="3750" timestamp="2019-08-11T06:21:17.994">
  <trace-info objectcount="1021310" scancount="897077" scanbytes="25673196" />
</gc-op>
<gc-end id="3754" type="global mark phase" contextid="3750" durationms="18.051" usertimems="111.315" systemtimems="13.501" timestamp="2019-08-11T06:21:17.994" activeThreads="16">
  <mem-info id="3755" free="117440512" total="224395264" percent="52">
    <remembered-set count="202208" freebytes="8665088" totalbytes="9473920" percent="91" regionsoverflowed="0" regionsstable="0" regionsrebuilding="8"/>
  </mem-info>
</gc-end>
<exclusive-end id="3756" timestamp="2019-08-11T06:21:17.994" durationms="18.692" />

<exclusive-start id="3757" timestamp="2019-08-11T06:21:18.130" intervalms="154.612">
  <response-info timems="0.079" idlems="0.079" threads="0" lastid="0000000002103B00" lastname="PmdThread 6" />
</exclusive-start>
<allocation-taxation id="3758" taxation-threshold="31457280" timestamp="2019-08-11T06:21:18.130" intervalms="154.620" />
<cycle-start id="3759" type="partial gc" contextid="0" timestamp="2019-08-11T06:21:18.131" intervalms="437.032" />
<gc-start id="3760" type="partial gc" contextid="3759" timestamp="2019-08-11T06:21:18.131">
  <mem-info id="3761" free="85983232" total="224395264" percent="38">
    <mem type="eden" free="0" total="62914560" percent="0" />
    <remembered-set count="201728" freebytes="8667008" totalbytes="9473920" percent="91" regionsoverflowed="0" regionsstable="0" regionsrebuilding="8"/>
  </mem-info>
</gc-start>
<allocation-stats totalBytes="62859688" >
  <allocated-bytes non-tlh="6224" tlh="62853464" arrayletleaf="0"/>
  <largest-consumer threadName="PmdThread 6" threadId="0000000002103B00" bytes="31435936" />
</allocation-stats>
<gc-op id="3762" type="copy forward" timems="25.162" contextid="3759" timestamp="2019-08-11T06:21:18.158">
  <memory-copied type="eden" objects="7223" bytes="481648" bytesdiscarded="234712" />
  <memory-copied type="other" objects="196794" bytes="9143704" bytesdiscarded="606056" />
  <memory-cardclean objects="379797" bytes="14422632" />
  <regions eden="30" other="7" />
  <remembered-set-cleared processed="59184" cleared="28717" durationms="0.590" />
  <references type="soft" candidates="2" cleared="0" enqueued="0" dynamicThreshold="16" maxThreshold="32" />
  <references type="weak" candidates="2290" cleared="0" enqueued="0" />
  <references type="phantom" candidates="424" cleared="0" enqueued="0" />
  <stringconstants candidates="15628" cleared="0"  />
</gc-op>
<gc-op id="3763" type="classunload" timems="0.010" contextid="3759" timestamp="2019-08-11T06:21:18.158">
  <classunload-info classloadercandidates="57" classloadersunloaded="0" classesunloaded="0" anonymousclassesunloaded="0" quiescems="0.000" setupms="0.010" scanms="0.000" postms="0.000" />
</gc-op>
<heap-resize id="3764" type="contract" space="default" amount="12582912" count="1" timems="0.545" reason="excess free space following gc" timestamp="2019-08-11T06:21:18.159" />
<gc-end id="3765" type="partial gc" contextid="3759" durationms="28.158" usertimems="91.977" systemtimems="53.528" timestamp="2019-08-11T06:21:18.159" activeThreads="16">
  <mem-info id="3766" free="136314880" total="211812352" percent="64">
    <mem type="eden" free="1374568" total="2097152" percent="65" />
    <remembered-set count="140544" freebytes="8408704" totalbytes="8970880" percent="93" regionsoverflowed="0" regionsstable="0" regionsrebuilding="8"/>
  </mem-info>
</gc-end>
<cycle-end id="3767" type="partial gc" contextid="3759" timestamp="2019-08-11T06:21:18.159" />
  <attribute name="elasticGC enabled" value="1" />
  <attribute name= "numThreadsSpecified" value="16" />
  <attribute name="heapSize specified" value="0" />
  <attribute name="Current GC Util" value="152" />
  <attribute name= "Current Time Running" value="189326" />
  <attribute name ="GC Interval" value="0" />
  <attribute name="ProportionalT" value="36.000000" />
  <attribute name="ProportionalI" value="36.000000" />
  <attribute name="ProportionalH" value="36.000000" />
  <attribute name="Current Error" value="72.000000" />
  <attribute name="IntegralT" value="72.000000" />
  <attribute name="IntegralI" value="72.000000" />
  <attribute name="IntegralH" value="72.000000" />
  <attribute name="DerivativeT" value="36.000000" />
  <attribute name="DerivativeI" value="36.000000" />
  <attribute name="DerivativeH" value="36.000000" />
  <attribute name="Loop Time for DT" value="2.000000" />
  <attribute name="Output H" value="8388608"/>
  <attribute name="Output I" value="200"/>
  <attribute name="Output T" value="16"/>
  <attribute name="Target GC Util Change" value ="80.000000" />
  <attribute name="Current GC Util Change" value="152.000000"/>
  <attribute name="GC Util currently" value="152" />
  <attribute name="CPU Util currently" value="596814787750" />
<exclusive-end id="3768" timestamp="2019-08-11T06:21:18.159" durationms="28.954" />

===== DaCapo 9.12-MR1 pmd PASSED in 6351 msec =====
Using scaled threading model. 16 processors detected, 16 threads used to drive the workload, in a possible range of [1,512]
<exclusive-start id="3769" timestamp="2019-08-11T06:21:18.523" intervalms="393.042">
  <response-info timems="0.060" idlems="0.042" threads="1" lastid="0000000001E28600" lastname="IProfiler" />
</exclusive-start>
<sys-start reason="explicit" id="3770" timestamp="2019-08-11T06:21:18.523" intervalms="6621.863" />
<cycle-continue id="3771" oldtype="global mark phase" newtype="global garbage collect" contextid="3750" timestamp="2019-08-11T06:21:18.524" />
  <attribute name="elasticGC enabled" value="1" />
  <attribute name= "numThreadsSpecified" value="16" />
  <attribute name="heapSize specified" value="0" />
  <attribute name="Current GC Util" value="152" />
  <attribute name= "Current Time Running" value="189326" />
  <attribute name ="GC Interval" value="0" />
  <attribute name="ProportionalT" value="36.000000" />
  <attribute name="ProportionalI" value="36.000000" />
  <attribute name="ProportionalH" value="36.000000" />
  <attribute name="IntegralT" value="72.000000" />
  <attribute name="IntegralI" value="72.000000" />
  <attribute name="IntegralH" value="72.000000" />
  <attribute name="DerivativeT" value="36.000000" />
  <attribute name="DerivativeI" value="36.000000" />
  <attribute name="DerivativeH" value="36.000000" />
  <attribute name="Current Error" value="72.000000" />
  <attribute name="Target GC Util Change" value ="80.000000" />
  <attribute name="Current GC Util Change" value="152.000000"/>
  <attribute name="Loop Time for DT" value="2.000000" />
  <attribute name="Output H" value="8388608"/>
  <attribute name="Output I" value="200"/>
  <attribute name="Output T" value="16"/>
  <attribute name="GC Util currently" value="152" />
  <attribute name="CPU Util currently" value="596814787750" />
<gc-start id="3772" type="global garbage collect" contextid="3750" timestamp="2019-08-11T06:21:18.524">
  <mem-info id="3773" free="112852984" total="211812352" percent="53">
    <mem type="eden" free="1703928" total="25165824" percent="6" />
    <remembered-set count="140096" freebytes="8410496" totalbytes="8970880" percent="93" regionsoverflowed="0" regionsstable="0" regionsrebuilding="8"/>
  </mem-info>
</gc-start>
<allocation-stats totalBytes="23454536" >
  <allocated-bytes non-tlh="2915656" tlh="20538880" arrayletleaf="0"/>
  <largest-consumer threadName="main" threadId="0000000001E02F00" bytes="9693280" />
</allocation-stats>
<gc-op id="3774" type="global mark" timems="14.820" contextid="3750" timestamp="2019-08-11T06:21:18.539">
  <trace-info objectcount="6370" scancount="5392" scanbytes="588780" />
  <cardclean-info objects="502436" bytes="15027036" />
  <finalization candidates="152" enqueued="1" />
  <ownableSynchronizers candidates="42" cleared="15" />
  <references type="soft" candidates="2057" cleared="2" enqueued="2" dynamicThreshold="20" maxThreshold="32" />
  <references type="weak" candidates="12199" cleared="5937" enqueued="5862" />
  <references type="phantom" candidates="1601" cleared="738" enqueued="738" />
  <stringconstants candidates="15825" cleared="0"  />
</gc-op>
<gc-op id="3775" type="classunload" timems="0.012" contextid="3750" timestamp="2019-08-11T06:21:18.539">
  <classunload-info classloadercandidates="58" classloadersunloaded="0" classesunloaded="0" anonymousclassesunloaded="0" quiescems="0.000" setupms="0.011" scanms="0.000" postms="0.000" />
</gc-op>
<gc-op id="3776" type="sweep" timems="1.706" contextid="3750" timestamp="2019-08-11T06:21:18.541" />
<gc-op id="3777" type="compact" timems="44.020" contextid="3750" timestamp="2019-08-11T06:21:18.585">
  <compact-info movecount="1024857" movebytes="38322216" />
  <remembered-set-cleared processed="199411" cleared="199411" durationms="0.473" />
</gc-op>
<heap-resize id="3778" type="contract" space="default" amount="12582912" count="1" timems="0.494" reason="excess free space following gc" timestamp="2019-08-11T06:21:18.586" />
<gc-end id="3779" type="global garbage collect" contextid="3750" durationms="61.640" usertimems="276.380" systemtimems="0.000" timestamp="2019-08-11T06:21:18.586" activeThreads="16">
  <mem-info id="3780" free="146800640" total="199229440" percent="73">
    <pending-finalizers system="1" default="0" reference="6602" classloader="0" />
    <remembered-set count="101888" freebytes="8563328" totalbytes="8970880" percent="95" regionsoverflowed="0" regionsstable="0" regionsrebuilding="0"/>
  </mem-info>
</gc-end>
<cycle-end id="3781" type="global garbage collect" contextid="3750" timestamp="2019-08-11T06:21:18.586" />
  <attribute name="elasticGC enabled" value="1" />
  <attribute name= "numThreadsSpecified" value="16" />
  <attribute name="heapSize specified" value="0" />
  <attribute name="Current GC Util" value="233" />
  <attribute name= "Current Time Running" value="189733" />
  <attribute name ="GC Interval" value="0" />
  <attribute name="ProportionalT" value="76.500000" />
  <attribute name="ProportionalI" value="76.500000" />
  <attribute name="ProportionalH" value="76.500000" />
  <attribute name="Current Error" value="153.000000" />
  <attribute name="IntegralT" value="76.500000" />
  <attribute name="IntegralI" value="76.500000" />
  <attribute name="IntegralH" value="76.500000" />
  <attribute name="DerivativeT" value="15.000000" />
  <attribute name="DerivativeI" value="15.000000" />
  <attribute name="DerivativeH" value="15.000000" />
  <attribute name="Loop Time for DT" value="1.000000" />
  <attribute name="Output H" value="8388608"/>
  <attribute name="Output I" value="200"/>
  <attribute name="Output T" value="16"/>
  <attribute name="Target GC Util Change" value ="80.000000" />
  <attribute name="Current GC Util Change" value="233.000000"/>
  <attribute name="GC Util currently" value="233" />
  <attribute name="CPU Util currently" value="628209814742" />
<sys-end id="3782" timestamp="2019-08-11T06:21:18.586" />
<exclusive-end id="3783" timestamp="2019-08-11T06:21:18.586" durationms="62.778" />

===== DaCapo 9.12-MR1 sunflow starting =====
<exclusive-start id="3784" timestamp="2019-08-11T06:21:19.169" intervalms="645.691">
  <response-info timems="0.306" idlems="0.306" threads="0" lastid="00000000020F4B00" lastname="Thread-21" />
</exclusive-start>
<allocation-taxation id="3785" taxation-threshold="56623104" timestamp="2019-08-11T06:21:19.169" intervalms="1038.740" />
<cycle-start id="3786" type="partial gc" contextid="0" timestamp="2019-08-11T06:21:19.169" intervalms="1038.730" />
<gc-start id="3787" type="partial gc" contextid="3786" timestamp="2019-08-11T06:21:19.170">
  <mem-info id="3788" free="90177536" total="199229440" percent="45">
    <mem type="eden" free="0" total="56623104" percent="0" />
    <remembered-set count="101536" freebytes="8564736" totalbytes="8970880" percent="95" regionsoverflowed="0" regionsstable="0" regionsrebuilding="0"/>
  </mem-info>
</gc-start>
<allocation-stats totalBytes="56529056" >
  <allocated-bytes non-tlh="3276416" tlh="53252640" arrayletleaf="0"/>
  <largest-consumer threadName="Thread-36" threadId="0000000002116600" bytes="5770000" />
</allocation-stats>
<gc-op id="3789" type="copy forward" timems="66.308" contextid="3786" timestamp="2019-08-11T06:21:19.238">
  <memory-copied type="eden" objects="107956" bytes="6412936" bytesdiscarded="887824" />
  <memory-copied type="other" objects="0" bytes="0" bytesdiscarded="0" />
  <memory-cardclean objects="360425" bytes="13709760" />
  <regions eden="27" other="0" />
  <remembered-set-cleared processed="24924" cleared="10336" durationms="0.489" />
  <references type="soft" candidates="15" cleared="0" enqueued="0" dynamicThreshold="23" maxThreshold="32" />
  <references type="weak" candidates="38" cleared="0" enqueued="0" />
  <references type="phantom" candidates="2" cleared="0" enqueued="0" />
  <stringconstants candidates="16381" cleared="1"  />
</gc-op>
<gc-op id="3790" type="classunload" timems="0.015" contextid="3786" timestamp="2019-08-11T06:21:19.238">
  <classunload-info classloadercandidates="58" classloadersunloaded="0" classesunloaded="0" anonymousclassesunloaded="0" quiescems="0.000" setupms="0.014" scanms="0.000" postms="0.000" />
</gc-op>
<heap-resize id="3791" type="contract" space="default" amount="10485760" count="1" timems="0.561" reason="excess free space following gc" timestamp="2019-08-11T06:21:19.239" />
<gc-end id="3792" type="partial gc" contextid="3786" durationms="69.394" usertimems="106.080" systemtimems="29.345" timestamp="2019-08-11T06:21:19.239" activeThreads="16">
  <mem-info id="3793" free="127926272" total="188743680" percent="67">
    <mem type="eden" free="1087352" total="8388608" percent="12" />
    <remembered-set count="104896" freebytes="7545216" totalbytes="7964800" percent="94" regionsoverflowed="0" regionsstable="0" regionsrebuilding="0"/>
  </mem-info>
</gc-end>
<cycle-end id="3794" type="partial gc" contextid="3786" timestamp="2019-08-11T06:21:19.239" />
  <attribute name="elasticGC enabled" value="1" />
  <attribute name= "numThreadsSpecified" value="16" />
  <attribute name="heapSize specified" value="0" />
  <attribute name="Current GC Util" value="100" />
  <attribute name= "Current Time Running" value="190364" />
  <attribute name ="GC Interval" value="0" />
  <attribute name="ProportionalT" value="10.000000" />
  <attribute name="ProportionalI" value="10.000000" />
  <attribute name="ProportionalH" value="10.000000" />
  <attribute name="Current Error" value="20.000000" />
  <attribute name="IntegralT" value="20.000000" />
  <attribute name="IntegralI" value="20.000000" />
  <attribute name="IntegralH" value="20.000000" />
  <attribute name="DerivativeT" value="10.000000" />
  <attribute name="DerivativeI" value="10.000000" />
  <attribute name="DerivativeH" value="10.000000" />
  <attribute name="Loop Time for DT" value="2.000000" />
  <attribute name="Output H" value="8388608"/>
  <attribute name="Output I" value="200"/>
  <attribute name="Output T" value="16"/>
  <attribute name="Target GC Util Change" value ="80.000000" />
  <attribute name="Current GC Util Change" value="100.000000"/>
  <attribute name="GC Util currently" value="100" />
  <attribute name="CPU Util currently" value="694422637131" />
<exclusive-end id="3795" timestamp="2019-08-11T06:21:19.239" durationms="70.284" />

<exclusive-start id="3796" timestamp="2019-08-11T06:21:19.334" intervalms="164.503">
  <response-info timems="4.082" idlems="1.555" threads="4" lastid="000000000211A200" lastname="Thread-31" />
</exclusive-start>
<allocation-taxation id="3797" taxation-threshold="54525952" timestamp="2019-08-11T06:21:19.334" intervalms="164.535" />
<cycle-start id="3798" type="partial gc" contextid="0" timestamp="2019-08-11T06:21:19.336" intervalms="166.367" />
<gc-start id="3799" type="partial gc" contextid="3798" timestamp="2019-08-11T06:21:19.336">
  <mem-info id="3800" free="73400320" total="188743680" percent="38">
    <mem type="eden" free="0" total="54525952" percent="0" />
    <remembered-set count="30624" freebytes="7842304" totalbytes="7964800" percent="98" regionsoverflowed="0" regionsstable="15" regionsrebuilding="0"/>
  </mem-info>
</gc-start>
<allocation-stats totalBytes="54518192" >
  <allocated-bytes non-tlh="168" tlh="54518024" arrayletleaf="0"/>
  <largest-consumer threadName="Thread-26" threadId="000000000210B200" bytes="5590160" />
</allocation-stats>
<gc-op id="3801" type="copy forward" timems="73.965" contextid="3798" timestamp="2019-08-11T06:21:19.413">
  <memory-copied type="eden" objects="20939" bytes="665208" bytesdiscarded="186616" />
  <memory-copied type="other" objects="92799" bytes="5773784" bytesdiscarded="856504" />
  <memory-cardclean objects="43574" bytes="1850216" />
  <regions eden="26" other="4" />
  <remembered-set-cleared processed="16685" cleared="453" durationms="0.238" />
  <references type="soft" candidates="15" cleared="0" enqueued="0" dynamicThreshold="21" maxThreshold="32" />
  <references type="weak" candidates="38" cleared="0" enqueued="0" />
  <references type="phantom" candidates="2" cleared="0" enqueued="0" />
  <stringconstants candidates="16381" cleared="0"  />
</gc-op>
<gc-op id="3802" type="classunload" timems="0.010" contextid="3798" timestamp="2019-08-11T06:21:19.413">
  <classunload-info classloadercandidates="58" classloadersunloaded="0" classesunloaded="0" anonymousclassesunloaded="0" quiescems="0.000" setupms="0.010" scanms="0.000" postms="0.000" />
</gc-op>
<heap-resize id="3803" type="contract" space="default" amount="10485760" count="1" timems="0.468" reason="excess free space following gc" timestamp="2019-08-11T06:21:19.414" />
<gc-end id="3804" type="partial gc" contextid="3798" durationms="77.621" usertimems="32.356" systemtimems="38.025" timestamp="2019-08-11T06:21:19.414" activeThreads="16">
  <mem-info id="3805" free="115343360" total="178257920" percent="64">
    <mem type="eden" free="1245328" total="2097152" percent="59" />
    <remembered-set count="34016" freebytes="7409536" totalbytes="7545600" percent="98" regionsoverflowed="0" regionsstable="15" regionsrebuilding="0"/>
  </mem-info>
</gc-end>
<cycle-end id="3806" type="partial gc" contextid="3798" timestamp="2019-08-11T06:21:19.414" />
  <attribute name="elasticGC enabled" value="1" />
  <attribute name= "numThreadsSpecified" value="16" />
  <attribute name="heapSize specified" value="0" />
  <attribute name="Current GC Util" value="55" />
  <attribute name= "Current Time Running" value="190532" />
  <attribute name ="GC Interval" value="0" />
  <attribute name="ProportionalT" value="-12.500000" />
  <attribute name="ProportionalI" value="-12.500000" />
  <attribute name="ProportionalH" value="-12.500000" />
  <attribute name="Current Error" value="-25.000000" />
  <attribute name="IntegralT" value="-37.500000" />
  <attribute name="IntegralI" value="-37.500000" />
  <attribute name="IntegralH" value="-37.500000" />
  <attribute name="DerivativeT" value="-8.666667" />
  <attribute name="DerivativeI" value="-8.666667" />
  <attribute name="DerivativeH" value="-8.666667" />
  <attribute name="Loop Time for DT" value="3.000000" />
  <attribute name="Output H" value="4202627072"/>
  <attribute name="Output I" value="200"/>
  <attribute name="Output T" value="16"/>
  <attribute name="Target GC Util Change" value ="80.000000" />
  <attribute name="Current GC Util Change" value="55.000000"/>
  <attribute name="GC Util currently" value="55" />
  <attribute name="CPU Util currently" value="436186596261" />
<exclusive-end id="3807" timestamp="2019-08-11T06:21:19.414" durationms="80.706" />

<exclusive-start id="3808" timestamp="2019-08-11T06:21:19.483" intervalms="149.844">
  <response-info timems="2.948" idlems="2.948" threads="0" lastid="00000000020E9700" lastname="Thread-24" />
</exclusive-start>
<allocation-taxation id="3809" taxation-threshold="25165824" timestamp="2019-08-11T06:21:19.484" intervalms="150.242" />
<cycle-start id="3810" type="global mark phase" contextid="0" timestamp="2019-08-11T06:21:19.484" intervalms="1508.150" />
<gc-start id="3811" type="global mark phase" contextid="3810" timestamp="2019-08-11T06:21:19.484">
  <mem-info id="3812" free="90177536" total="178257920" percent="50">
    <remembered-set count="34016" freebytes="7409536" totalbytes="7545600" percent="98" regionsoverflowed="0" regionsstable="15" regionsrebuilding="0"/>
  </mem-info>
</gc-start>
<gc-op id="3813" type="mark increment" timems="15.600" contextid="3810" timestamp="2019-08-11T06:21:19.500">
  <trace-info objectcount="734874" scancount="649165" scanbytes="19037340" />
</gc-op>
<gc-end id="3814" type="global mark phase" contextid="3810" durationms="15.655" usertimems="60.701" systemtimems="0.000" timestamp="2019-08-11T06:21:19.500" activeThreads="16">
  <mem-info id="3815" free="90177536" total="178257920" percent="50">
    <remembered-set count="145632" freebytes="6963072" totalbytes="7545600" percent="92" regionsoverflowed="0" regionsstable="0" regionsrebuilding="15"/>
  </mem-info>
</gc-end>
<exclusive-end id="3816" timestamp="2019-08-11T06:21:19.500" durationms="16.659" />

<exclusive-start id="3817" timestamp="2019-08-11T06:21:19.529" intervalms="45.416">
  <response-info timems="1.253" idlems="0.646" threads="1" lastid="000000000211A200" lastname="Thread-31" />
</exclusive-start>
<allocation-taxation id="3818" taxation-threshold="25165824" timestamp="2019-08-11T06:21:19.529" intervalms="44.978" />
<cycle-start id="3819" type="partial gc" contextid="0" timestamp="2019-08-11T06:21:19.529" intervalms="193.385" />
<gc-start id="3820" type="partial gc" contextid="3819" timestamp="2019-08-11T06:21:19.529">
  <mem-info id="3821" free="65011712" total="178257920" percent="36">
    <mem type="eden" free="0" total="50331648" percent="0" />
    <remembered-set count="145504" freebytes="6963584" totalbytes="7545600" percent="92" regionsoverflowed="0" regionsstable="0" regionsrebuilding="15"/>
  </mem-info>
</gc-start>
<allocation-stats totalBytes="50325168" >
  <allocated-bytes non-tlh="0" tlh="50325168" arrayletleaf="0"/>
  <largest-consumer threadName="Thread-26" threadId="000000000210B200" bytes="3579576" />
</allocation-stats>
<gc-op id="3822" type="copy forward" timems="79.153" contextid="3819" timestamp="2019-08-11T06:21:19.610">
  <memory-copied type="eden" objects="18330" bytes="581384" bytesdiscarded="50608" />
  <memory-copied type="other" objects="46025" bytes="2243184" bytesdiscarded="224328" />
  <memory-cardclean objects="126836" bytes="4679224" />
  <regions eden="24" other="2" />
  <remembered-set-cleared processed="100671" cleared="23423" durationms="0.498" />
  <references type="soft" candidates="13" cleared="0" enqueued="0" dynamicThreshold="16" maxThreshold="32" />
  <references type="weak" candidates="38" cleared="0" enqueued="0" />
  <references type="phantom" candidates="2" cleared="0" enqueued="0" />
  <stringconstants candidates="16381" cleared="0"  />
</gc-op>
<gc-op id="3823" type="classunload" timems="0.013" contextid="3819" timestamp="2019-08-11T06:21:19.610">
  <classunload-info classloadercandidates="58" classloadersunloaded="0" classesunloaded="0" anonymousclassesunloaded="0" quiescems="0.000" setupms="0.013" scanms="0.000" postms="0.000" />
</gc-op>
<heap-resize id="3824" type="contract" space="default" amount="4194304" count="1" timems="0.271" reason="excess free space following gc" timestamp="2019-08-11T06:21:19.611" />
<gc-end id="3825" type="partial gc" contextid="3819" durationms="81.532" usertimems="69.233" systemtimems="39.392" timestamp="2019-08-11T06:21:19.611" activeThreads="16">
  <mem-info id="3826" free="106954752" total="174063616" percent="61">
    <mem type="eden" free="3562312" total="4194304" percent="84" />
    <remembered-set count="111776" freebytes="6679296" totalbytes="7126400" percent="93" regionsoverflowed="0" regionsstable="0" regionsrebuilding="15"/>
  </mem-info>
</gc-end>
<cycle-end id="3827" type="partial gc" contextid="3819" timestamp="2019-08-11T06:21:19.611" />
  <attribute name="elasticGC enabled" value="1" />
  <attribute name= "numThreadsSpecified" value="16" />
  <attribute name="heapSize specified" value="0" />
  <attribute name="Current GC Util" value="79" />
  <attribute name= "Current Time Running" value="190724" />
  <attribute name ="GC Interval" value="0" />
  <attribute name="ProportionalT" value="-0.500000" />
  <attribute name="ProportionalI" value="-0.500000" />
  <attribute name="ProportionalH" value="-0.500000" />
  <attribute name="Current Error" value="-1.000000" />
  <attribute name="IntegralT" value="-1.000000" />
  <attribute name="IntegralI" value="-1.000000" />
  <attribute name="IntegralH" value="-1.000000" />
  <attribute name="DerivativeT" value="-24.500000" />
  <attribute name="DerivativeI" value="-24.500000" />
  <attribute name="DerivativeH" value="-24.500000" />
  <attribute name="Loop Time for DT" value="2.000000" />
  <attribute name="Output H" value="4202627072"/>
  <attribute name="Output I" value="200"/>
  <attribute name="Output T" value="16"/>
  <attribute name="Target GC Util Change" value ="80.000000" />
  <attribute name="Current GC Util Change" value="79.000000"/>
  <attribute name="GC Util currently" value="79" />
  <attribute name="CPU Util currently" value="759579844984" />
<exclusive-end id="3828" timestamp="2019-08-11T06:21:19.611" durationms="82.361" />

<exclusive-start id="3829" timestamp="2019-08-11T06:21:19.654" intervalms="125.261">
  <response-info timems="6.315" idlems="6.315" threads="0" lastid="000000000211DE00" lastname="Thread-33" />
</exclusive-start>
<allocation-taxation id="3830" taxation-threshold="25165824" timestamp="2019-08-11T06:21:19.654" intervalms="125.262" />
<gc-start id="3831" type="global mark phase" contextid="3810" timestamp="2019-08-11T06:21:19.654">
  <mem-info id="3832" free="81788928" total="174063616" percent="46">
    <remembered-set count="111296" freebytes="6681216" totalbytes="7126400" percent="93" regionsoverflowed="0" regionsstable="0" regionsrebuilding="15"/>
  </mem-info>
</gc-start>
<gc-op id="3833" type="mark increment" timems="25.784" contextid="3810" timestamp="2019-08-11T06:21:19.680">
  <trace-info objectcount="18945" scancount="18944" scanbytes="851372" />
  <cardclean-info objects="200207" bytes="6178668" />
  <finalization candidates="151" enqueued="0" />
  <ownableSynchronizers candidates="27" cleared="4" />
  <references type="soft" candidates="1931" cleared="9" enqueued="9" dynamicThreshold="19" maxThreshold="32" />
  <references type="weak" candidates="6291" cleared="29" enqueued="29" />
  <references type="phantom" candidates="862" cleared="8" enqueued="8" />
  <stringconstants candidates="16381" cleared="1768"  />
</gc-op>
<gc-op id="3834" type="classunload" timems="60.100" contextid="3810" timestamp="2019-08-11T06:21:19.740">
  <classunload-info classloadercandidates="58" classloadersunloaded="4" classesunloaded="1006" anonymousclassesunloaded="0" quiescems="0.000" setupms="39.779" scanms="20.266" postms="0.054" />
</gc-op>
<gc-end id="3835" type="global mark phase" contextid="3810" durationms="86.238" usertimems="53.826" systemtimems="20.182" timestamp="2019-08-11T06:21:19.741" activeThreads="16">
  <mem-info id="3836" free="81788928" total="174063616" percent="46">
    <pending-finalizers system="0" default="0" reference="46" classloader="0" />
    <remembered-set count="127680" freebytes="6615680" totalbytes="7126400" percent="92" regionsoverflowed="0" regionsstable="0" regionsrebuilding="0"/>
  </mem-info>
</gc-end>
<cycle-end id="3837" type="global mark phase" contextid="3810" timestamp="2019-08-11T06:21:19.745" />
  <attribute name="elasticGC enabled" value="1" />
  <attribute name= "numThreadsSpecified" value="16" />
  <attribute name="heapSize specified" value="0" />
  <attribute name="Current GC Util" value="209" />
  <attribute name= "Current Time Running" value="190860" />
  <attribute name ="GC Interval" value="0" />
  <attribute name="ProportionalT" value="64.500000" />
  <attribute name="ProportionalI" value="64.500000" />
  <attribute name="ProportionalH" value="64.500000" />
  <attribute name="Current Error" value="129.000000" />
  <attribute name="IntegralT" value="129.000000" />
  <attribute name="IntegralI" value="129.000000" />
  <attribute name="IntegralH" value="129.000000" />
  <attribute name="DerivativeT" value="48.500000" />
  <attribute name="DerivativeI" value="48.500000" />
  <attribute name="DerivativeH" value="48.500000" />
  <attribute name="Loop Time for DT" value="2.000000" />
  <attribute name="Output H" value="8388608"/>
  <attribute name="Output I" value="248"/>
  <attribute name="Output T" value="16"/>
  <attribute name="Target GC Util Change" value ="80.000000" />
  <attribute name="Current GC Util Change" value="209.000000"/>
  <attribute name="GC Util currently" value="209" />
  <attribute name="CPU Util currently" value="607801065543" />
<exclusive-end id="3838" timestamp="2019-08-11T06:21:19.745" durationms="91.088" />

<exclusive-start id="3839" timestamp="2019-08-11T06:21:19.882" intervalms="228.219">
  <response-info timems="17.085" idlems="17.085" threads="0" lastid="0000000002116600" lastname="Thread-36" />
</exclusive-start>
<allocation-taxation id="3840" taxation-threshold="25165824" timestamp="2019-08-11T06:21:19.886" intervalms="232.149" />
<cycle-start id="3841" type="partial gc" contextid="0" timestamp="2019-08-11T06:21:19.887" intervalms="357.724" />
<gc-start id="3842" type="partial gc" contextid="3841" timestamp="2019-08-11T06:21:19.889">
  <mem-info id="3843" free="56623104" total="174063616" percent="32">
    <mem type="eden" free="0" total="50331648" percent="0" />
    <remembered-set count="37152" freebytes="6977792" totalbytes="7126400" percent="97" regionsoverflowed="0" regionsstable="15" regionsrebuilding="0"/>
  </mem-info>
</gc-start>
<allocation-stats totalBytes="50325272" >
  <allocated-bytes non-tlh="0" tlh="50325272" arrayletleaf="0"/>
  <largest-consumer threadName="Thread-26" threadId="000000000210B200" bytes="3669672" />
</allocation-stats>
<gc-op id="3844" type="sweep" timems="3.615" contextid="3841" timestamp="2019-08-11T06:21:19.893" />
<gc-op id="3845" type="copy forward" timems="68.317" contextid="3841" timestamp="2019-08-11T06:21:19.966">
  <memory-copied type="eden" objects="35436" bytes="1541464" bytesdiscarded="101093" />
  <memory-copied type="other" objects="30315" bytes="1002368" bytesdiscarded="44091" />
  <memory-cardclean objects="30690" bytes="1592160" />
  <regions eden="12" other="15" />
  <remembered-set-cleared processed="26085" cleared="2986" durationms="0.456" />
  <stringconstants candidates="14613" cleared="0"  />
</gc-op>
<gc-op id="3846" type="classunload" timems="0.011" contextid="3841" timestamp="2019-08-11T06:21:19.966">
  <classunload-info classloadercandidates="54" classloadersunloaded="0" classesunloaded="0" anonymousclassesunloaded="0" quiescems="0.000" setupms="0.011" scanms="0.000" postms="0.000" />
</gc-op>
<heap-resize id="3847" type="contract" space="default" amount="10485760" count="1" timems="0.482" reason="excess free space following gc" timestamp="2019-08-11T06:21:19.967" />
<gc-end id="3848" type="partial gc" contextid="3841" durationms="77.615" usertimems="33.924" systemtimems="37.354" timestamp="2019-08-11T06:21:19.967" activeThreads="16">
  <mem-info id="3849" free="100663296" total="163577856" percent="61">
    <mem type="eden" free="28192" total="2097152" percent="1" />
    <remembered-set count="38272" freebytes="6805632" totalbytes="6958720" percent="97" regionsoverflowed="0" regionsstable="15" regionsrebuilding="0"/>
  </mem-info>
</gc-end>
<cycle-end id="3850" type="partial gc" contextid="3841" timestamp="2019-08-11T06:21:19.967" />
  <attribute name="elasticGC enabled" value="1" />
  <attribute name= "numThreadsSpecified" value="16" />
  <attribute name="heapSize specified" value="0" />
  <attribute name="Current GC Util" value="72" />
  <attribute name= "Current Time Running" value="191090" />
  <attribute name ="GC Interval" value="0" />
  <attribute name="ProportionalT" value="-4.000000" />
  <attribute name="ProportionalI" value="-4.000000" />
  <attribute name="ProportionalH" value="-4.000000" />
  <attribute name="Current Error" value="-8.000000" />
  <attribute name="IntegralT" value="-16.000000" />
  <attribute name="IntegralI" value="-16.000000" />
  <attribute name="IntegralH" value="-16.000000" />
  <attribute name="DerivativeT" value="-14.500000" />
  <attribute name="DerivativeI" value="-14.500000" />
  <attribute name="DerivativeH" value="-14.500000" />
  <attribute name="Loop Time for DT" value="4.000000" />
  <attribute name="Output H" value="4202627072"/>
  <attribute name="Output I" value="200"/>
  <attribute name="Output T" value="16"/>
  <attribute name="Target GC Util Change" value ="80.000000" />
  <attribute name="Current GC Util Change" value="72.000000"/>
  <attribute name="GC Util currently" value="72" />
  <attribute name="CPU Util currently" value="255811097445" />
<exclusive-end id="3851" timestamp="2019-08-11T06:21:19.967" durationms="84.876" />

<exclusive-start id="3852" timestamp="2019-08-11T06:21:20.093" intervalms="210.715">
  <response-info timems="3.602" idlems="1.311" threads="2" lastid="0000000002138100" lastname="Thread-22" />
</exclusive-start>
<allocation-taxation id="3853" taxation-threshold="48234496" timestamp="2019-08-11T06:21:20.093" intervalms="206.814" />
<cycle-start id="3854" type="partial gc" contextid="0" timestamp="2019-08-11T06:21:20.093" intervalms="206.652" />
<gc-start id="3855" type="partial gc" contextid="3854" timestamp="2019-08-11T06:21:20.094">
  <mem-info id="3856" free="52428800" total="163577856" percent="32">
    <mem type="eden" free="0" total="48234496" percent="0" />
    <remembered-set count="37856" freebytes="6807296" totalbytes="6958720" percent="97" regionsoverflowed="0" regionsstable="15" regionsrebuilding="0"/>
  </mem-info>
</gc-start>
<allocation-stats totalBytes="48228072" >
  <allocated-bytes non-tlh="0" tlh="48228072" arrayletleaf="0"/>
  <largest-consumer threadName="Thread-24" threadId="00000000020E9700" bytes="5995808" />
</allocation-stats>
<gc-op id="3857" type="copy forward" timems="51.951" contextid="3854" timestamp="2019-08-11T06:21:20.164">
  <memory-copied type="eden" objects="21673" bytes="660584" bytesdiscarded="73152" />
  <memory-copied type="other" objects="63973" bytes="3666880" bytesdiscarded="282456" />
  <memory-cardclean objects="39111" bytes="2052784" />
  <regions eden="23" other="9" />
  <remembered-set-cleared processed="21226" cleared="7842" durationms="0.305" />
  <finalization candidates="67" enqueued="0" />
  <ownableSynchronizers candidates="2" cleared="0" />
  <references type="soft" candidates="36" cleared="0" enqueued="0" dynamicThreshold="19" maxThreshold="32" />
  <references type="weak" candidates="272" cleared="0" enqueued="0" />
  <references type="phantom" candidates="301" cleared="0" enqueued="0" />
  <stringconstants candidates="14613" cleared="0"  />
</gc-op>
<gc-op id="3858" type="classunload" timems="0.014" contextid="3854" timestamp="2019-08-11T06:21:20.164">
  <classunload-info classloadercandidates="54" classloadersunloaded="0" classesunloaded="0" anonymousclassesunloaded="0" quiescems="0.000" setupms="0.014" scanms="0.000" postms="0.000" />
</gc-op>
<heap-resize id="3859" type="contract" space="default" amount="8388608" count="1" timems="0.415" reason="excess free space following gc" timestamp="2019-08-11T06:21:20.165" />
<gc-end id="3860" type="partial gc" contextid="3854" durationms="71.755" usertimems="39.836" systemtimems="44.397" timestamp="2019-08-11T06:21:20.166" activeThreads="16">
  <mem-info id="3861" free="102760448" total="155189248" percent="66">
    <mem type="eden" free="1363416" total="2097152" percent="65" />
    <remembered-set count="30336" freebytes="6418176" totalbytes="6539520" percent="98" regionsoverflowed="0" regionsstable="15" regionsrebuilding="0"/>
  </mem-info>
</gc-end>
<cycle-end id="3862" type="partial gc" contextid="3854" timestamp="2019-08-11T06:21:20.166" />
  <attribute name="elasticGC enabled" value="1" />
  <attribute name= "numThreadsSpecified" value="16" />
  <attribute name="heapSize specified" value="0" />
  <attribute name="Current GC Util" value="95" />
  <attribute name= "Current Time Running" value="191305" />
  <attribute name ="GC Interval" value="0" />
  <attribute name="ProportionalT" value="7.500000" />
  <attribute name="ProportionalI" value="7.500000" />
  <attribute name="ProportionalH" value="7.500000" />
  <attribute name="Current Error" value="15.000000" />
  <attribute name="IntegralT" value="127.500000" />
  <attribute name="IntegralI" value="127.500000" />
  <attribute name="IntegralH" value="127.500000" />
  <attribute name="DerivativeT" value="0.882353" />
  <attribute name="DerivativeI" value="0.882353" />
  <attribute name="DerivativeH" value="0.882353" />
  <attribute name="Loop Time for DT" value="17.000000" />
  <attribute name="Output H" value="8388608"/>
  <attribute name="Output I" value="200"/>
  <attribute name="Output T" value="16"/>
  <attribute name="Target GC Util Change" value ="80.000000" />
  <attribute name="Current GC Util Change" value="95.000000"/>
  <attribute name="GC Util currently" value="95" />
  <attribute name="CPU Util currently" value="67755420812" />
<exclusive-end id="3863" timestamp="2019-08-11T06:21:20.166" durationms="73.200" />

<exclusive-start id="3864" timestamp="2019-08-11T06:21:20.223" intervalms="130.236">
  <response-info timems="10.098" idlems="10.098" threads="0" lastid="000000000211A200" lastname="Thread-31" />
</exclusive-start>
<allocation-taxation id="3865" taxation-threshold="23068672" timestamp="2019-08-11T06:21:20.223" intervalms="130.283" />
<cycle-start id="3866" type="global mark phase" contextid="0" timestamp="2019-08-11T06:21:20.224" intervalms="739.720" />
<gc-start id="3867" type="global mark phase" contextid="3866" timestamp="2019-08-11T06:21:20.224">
  <mem-info id="3868" free="79691776" total="155189248" percent="51">
    <remembered-set count="30048" freebytes="6419328" totalbytes="6539520" percent="98" regionsoverflowed="0" regionsstable="15" regionsrebuilding="0"/>
  </mem-info>
</gc-start>
<gc-op id="3869" type="mark increment" timems="42.846" contextid="3866" timestamp="2019-08-11T06:21:20.267">
  <trace-info objectcount="557" scancount="0" scanbytes="0" />
</gc-op>
<gc-end id="3870" type="global mark phase" contextid="3866" durationms="46.233" usertimems="16.814" systemtimems="26.729" timestamp="2019-08-11T06:21:20.270" activeThreads="16">
  <mem-info id="3871" free="79691776" total="155189248" percent="51">
    <remembered-set count="30048" freebytes="6419328" totalbytes="6539520" percent="98" regionsoverflowed="0" regionsstable="0" regionsrebuilding="15"/>
  </mem-info>
</gc-end>
<concurrent-start id="3872" type="GMP work packet processing" contextid="3866" timestamp="2019-08-11T06:21:20.272">
  <concurrent-mark-start scanTarget="95537152" />
</concurrent-start>
<exclusive-end id="3873" timestamp="2019-08-11T06:21:20.273" durationms="49.220" />

<exclusive-start id="3874" timestamp="2019-08-11T06:21:20.326" intervalms="103.129">
  <response-info timems="15.835" idlems="10.016" threads="2" lastid="000000000213BD00" lastname="Thread-32" />
</exclusive-start>
<allocation-taxation id="3875" taxation-threshold="23068672" timestamp="2019-08-11T06:21:20.326" intervalms="103.071" />
<concurrent-end id="3876" type="GMP work packet processing" contextid="3866" timestamp="2019-08-11T06:21:20.328">
  <concurrent-mark-end bytesScanned="19446636" reasonForTermination="Termination requested" />
</concurrent-end>

<cycle-start id="3877" type="partial gc" contextid="0" timestamp="2019-08-11T06:21:20.328" intervalms="234.748" />
<gc-start id="3878" type="partial gc" contextid="3877" timestamp="2019-08-11T06:21:20.329">
  <mem-info id="3879" free="56623104" total="155189248" percent="36">
    <mem type="eden" free="0" total="46137344" percent="0" />
    <remembered-set count="140672" freebytes="5976832" totalbytes="6539520" percent="91" regionsoverflowed="0" regionsstable="0" regionsrebuilding="15"/>
  </mem-info>
</gc-start>
<allocation-stats totalBytes="46131120" >
  <allocated-bytes non-tlh="0" tlh="46131120" arrayletleaf="0"/>
  <largest-consumer threadName="Thread-26" threadId="000000000210B200" bytes="2621216" />
</allocation-stats>
<gc-op id="3880" type="copy forward" timems="75.707" contextid="3877" timestamp="2019-08-11T06:21:20.408">
  <memory-copied type="eden" objects="24569" bytes="868280" bytesdiscarded="41672" />
  <memory-copied type="other" objects="56783" bytes="2187544" bytesdiscarded="134512" />
  <memory-cardclean objects="220509" bytes="7889648" />
  <regions eden="22" other="2" />
  <remembered-set-cleared processed="66206" cleared="32418" durationms="0.699" />
  <stringconstants candidates="14613" cleared="0"  />
</gc-op>
<gc-op id="3881" type="classunload" timems="0.012" contextid="3877" timestamp="2019-08-11T06:21:20.408">
  <classunload-info classloadercandidates="54" classloadersunloaded="0" classesunloaded="0" anonymousclassesunloaded="0" quiescems="0.000" setupms="0.011" scanms="0.000" postms="0.000" />
</gc-op>
<heap-resize id="3882" type="contract" space="default" amount="8388608" count="1" timems="0.436" reason="excess free space following gc" timestamp="2019-08-11T06:21:20.408" />
<gc-end id="3883" type="partial gc" contextid="3877" durationms="79.933" usertimems="64.336" systemtimems="21.801" timestamp="2019-08-11T06:21:20.408" activeThreads="16">
  <mem-info id="3884" free="92274688" total="146800640" percent="62">
    <mem type="eden" free="1187200" total="2097152" percent="56" />
    <remembered-set count="84640" freebytes="5865600" totalbytes="6204160" percent="94" regionsoverflowed="0" regionsstable="0" regionsrebuilding="15"/>
  </mem-info>
</gc-end>
<cycle-end id="3885" type="partial gc" contextid="3877" timestamp="2019-08-11T06:21:20.409" />
  <attribute name="elasticGC enabled" value="1" />
  <attribute name= "numThreadsSpecified" value="16" />
  <attribute name="heapSize specified" value="0" />
  <attribute name="Current GC Util" value="184" />
  <attribute name= "Current Time Running" value="191524" />
  <attribute name ="GC Interval" value="0" />
  <attribute name="ProportionalT" value="52.000000" />
  <attribute name="ProportionalI" value="52.000000" />
  <attribute name="ProportionalH" value="52.000000" />
  <attribute name="Current Error" value="104.000000" />
  <attribute name="IntegralT" value="104.000000" />
  <attribute name="IntegralI" value="104.000000" />
  <attribute name="IntegralH" value="104.000000" />
  <attribute name="DerivativeT" value="29.000000" />
  <attribute name="DerivativeI" value="29.000000" />
  <attribute name="DerivativeH" value="29.000000" />
  <attribute name="Loop Time for DT" value="2.000000" />
  <attribute name="Output H" value="8388608"/>
  <attribute name="Output I" value="200"/>
  <attribute name="Output T" value="16"/>
  <attribute name="Target GC Util Change" value ="80.000000" />
  <attribute name="Current GC Util Change" value="184.000000"/>
  <attribute name="GC Util currently" value="184" />
  <attribute name="CPU Util currently" value="403214121880" />
<concurrent-start id="3886" type="GMP work packet processing" contextid="3866" timestamp="2019-08-11T06:21:20.409">
  <concurrent-mark-start scanTarget="76090516" />
</concurrent-start>
<exclusive-end id="3887" timestamp="2019-08-11T06:21:20.409" durationms="82.334" />

<exclusive-start id="3888" timestamp="2019-08-11T06:21:20.459" intervalms="132.904">
  <response-info timems="9.198" idlems="9.198" threads="0" lastid="00000000020E9700" lastname="Thread-24" />
</exclusive-start>
<allocation-taxation id="3889" taxation-threshold="20971520" timestamp="2019-08-11T06:21:20.459" intervalms="132.920" />
<concurrent-end id="3890" type="GMP work packet processing" contextid="3866" timestamp="2019-08-11T06:21:20.461">
  <concurrent-mark-end bytesScanned="0" reasonForTermination="Termination requested" />
</concurrent-end>

<gc-start id="3891" type="global mark phase" contextid="3866" timestamp="2019-08-11T06:21:20.461">
  <mem-info id="3892" free="71303168" total="146800640" percent="48">
    <remembered-set count="84480" freebytes="5866240" totalbytes="6204160" percent="94" regionsoverflowed="0" regionsstable="0" regionsrebuilding="15"/>
  </mem-info>
</gc-start>
<gc-op id="3893" type="mark increment" timems="14.385" contextid="3866" timestamp="2019-08-11T06:21:20.476">
  <trace-info objectcount="27801" scancount="27801" scanbytes="1589364" />
  <cardclean-info objects="333194" bytes="9799776" />
  <finalization candidates="151" enqueued="0" />
  <ownableSynchronizers candidates="23" cleared="0" />
  <references type="soft" candidates="1922" cleared="0" enqueued="0" dynamicThreshold="20" maxThreshold="32" />
  <references type="weak" candidates="6262" cleared="0" enqueued="0" />
  <references type="phantom" candidates="835" cleared="0" enqueued="0" />
  <stringconstants candidates="14613" cleared="1"  />
</gc-op>
<gc-op id="3894" type="classunload" timems="0.010" contextid="3866" timestamp="2019-08-11T06:21:20.476">
  <classunload-info classloadercandidates="54" classloadersunloaded="0" classesunloaded="0" anonymousclassesunloaded="0" quiescems="0.000" setupms="0.009" scanms="0.000" postms="0.000" />
</gc-op>
<gc-end id="3895" type="global mark phase" contextid="3866" durationms="14.531" usertimems="39.305" systemtimems="3.666" timestamp="2019-08-11T06:21:20.476" activeThreads="16">
  <mem-info id="3896" free="71303168" total="146800640" percent="48">
    <remembered-set count="115200" freebytes="5743360" totalbytes="6204160" percent="92" regionsoverflowed="0" regionsstable="0" regionsrebuilding="0"/>
  </mem-info>
</gc-end>
<cycle-end id="3897" type="global mark phase" contextid="3866" timestamp="2019-08-11T06:21:20.476" />
  <attribute name="elasticGC enabled" value="1" />
  <attribute name= "numThreadsSpecified" value="16" />
  <attribute name="heapSize specified" value="0" />
  <attribute name="Current GC Util" value="172" />
  <attribute name= "Current Time Running" value="191662" />
  <attribute name ="GC Interval" value="0" />
  <attribute name="ProportionalT" value="46.000000" />
  <attribute name="ProportionalI" value="46.000000" />
  <attribute name="ProportionalH" value="46.000000" />
  <attribute name="Current Error" value="92.000000" />
  <attribute name="IntegralT" value="92.000000" />
  <attribute name="IntegralI" value="92.000000" />
  <attribute name="IntegralH" value="92.000000" />
  <attribute name="DerivativeT" value="-106.500000" />
  <attribute name="DerivativeI" value="-106.500000" />
  <attribute name="DerivativeH" value="-106.500000" />
  <attribute name="Loop Time for DT" value="2.000000" />
  <attribute name="Output H" value="8388608"/>
  <attribute name="Output I" value="200"/>
  <attribute name="Output T" value="16"/>
  <attribute name="Target GC Util Change" value ="80.000000" />
  <attribute name="Current GC Util Change" value="172.000000"/>
  <attribute name="GC Util currently" value="172" />
  <attribute name="CPU Util currently" value="585922185440" />
<exclusive-end id="3898" timestamp="2019-08-11T06:21:20.476" durationms="16.774" />

<exclusive-start id="3899" timestamp="2019-08-11T06:21:20.509" intervalms="49.519">
  <response-info timems="16.494" idlems="16.494" threads="0" lastid="000000000210B200" lastname="Thread-26" />
</exclusive-start>
<allocation-taxation id="3900" taxation-threshold="20971520" timestamp="2019-08-11T06:21:20.511" intervalms="51.178" />
<cycle-start id="3901" type="partial gc" contextid="0" timestamp="2019-08-11T06:21:20.512" intervalms="183.909" />
<gc-start id="3902" type="partial gc" contextid="3901" timestamp="2019-08-11T06:21:20.512">
  <mem-info id="3903" free="50331648" total="146800640" percent="34">
    <mem type="eden" free="0" total="41943040" percent="0" />
    <remembered-set count="34176" freebytes="6067456" totalbytes="6204160" percent="97" regionsoverflowed="0" regionsstable="8" regionsrebuilding="0"/>
  </mem-info>
</gc-start>
<allocation-stats totalBytes="41937320" >
  <allocated-bytes non-tlh="0" tlh="41937320" arrayletleaf="0"/>
  <largest-consumer threadName="Thread-22" threadId="0000000002138100" bytes="2358992" />
</allocation-stats>
<gc-op id="3904" type="sweep" timems="40.495" contextid="3901" timestamp="2019-08-11T06:21:20.553" />
<gc-op id="3905" type="copy forward" timems="23.265" contextid="3901" timestamp="2019-08-11T06:21:20.584">
  <memory-copied type="eden" objects="13006" bytes="453088" bytesdiscarded="25843" />
  <memory-copied type="other" objects="41550" bytes="1547168" bytesdiscarded="88501" />
  <memory-cardclean objects="31551" bytes="1604304" />
  <regions eden="10" other="12" />
  <remembered-set-cleared processed="23750" cleared="2224" durationms="0.208" />
  <stringconstants candidates="14612" cleared="0"  />
</gc-op>
<gc-op id="3906" type="classunload" timems="0.012" contextid="3901" timestamp="2019-08-11T06:21:20.584">
  <classunload-info classloadercandidates="54" classloadersunloaded="0" classesunloaded="0" anonymousclassesunloaded="0" quiescems="0.000" setupms="0.012" scanms="0.000" postms="0.000" />
</gc-op>
<gc-end id="3907" type="partial gc" contextid="3901" durationms="72.297" usertimems="39.530" systemtimems="38.196" timestamp="2019-08-11T06:21:20.585" activeThreads="16">
  <mem-info id="3908" free="88080384" total="146800640" percent="60">
    <mem type="eden" free="3002848" total="4194304" percent="71" />
    <remembered-set count="36096" freebytes="5724416" totalbytes="5868800" percent="97" regionsoverflowed="0" regionsstable="8" regionsrebuilding="0"/>
  </mem-info>
</gc-end>
<cycle-end id="3909" type="partial gc" contextid="3901" timestamp="2019-08-11T06:21:20.585" />
  <attribute name="elasticGC enabled" value="1" />
  <attribute name= "numThreadsSpecified" value="16" />
  <attribute name="heapSize specified" value="0" />
  <attribute name="Current GC Util" value="6" />
  <attribute name= "Current Time Running" value="191754" />
  <attribute name ="GC Interval" value="0" />
  <attribute name="ProportionalT" value="-37.000000" />
  <attribute name="ProportionalI" value="-37.000000" />
  <attribute name="ProportionalH" value="-37.000000" />
  <attribute name="Current Error" value="-74.000000" />
  <attribute name="IntegralT" value="-296.000000" />
  <attribute name="IntegralI" value="-296.000000" />
  <attribute name="IntegralH" value="-296.000000" />
  <attribute name="DerivativeT" value="-9.250000" />
  <attribute name="DerivativeI" value="-9.250000" />
  <attribute name="DerivativeH" value="-9.250000" />
  <attribute name="Loop Time for DT" value="8.000000" />
  <attribute name="Output H" value="4202627072"/>
  <attribute name="Output I" value="200"/>
  <attribute name="Output T" value="16"/>
  <attribute name="Target GC Util Change" value ="80.000000" />
  <attribute name="Current GC Util Change" value="6.000000"/>
  <attribute name="GC Util currently" value="6" />
  <attribute name="CPU Util currently" value="148182586756" />
<exclusive-end id="3910" timestamp="2019-08-11T06:21:20.585" durationms="76.276" />

<exclusive-start id="3911" timestamp="2019-08-11T06:21:20.666" intervalms="157.430">
  <response-info timems="0.543" idlems="0.543" threads="0" lastid="000000000211DE00" lastname="Thread-33" />
</exclusive-start>
<allocation-taxation id="3912" taxation-threshold="44040192" timestamp="2019-08-11T06:21:20.666" intervalms="155.738" />
<cycle-start id="3913" type="partial gc" contextid="0" timestamp="2019-08-11T06:21:20.666" intervalms="154.432" />
<gc-start id="3914" type="partial gc" contextid="3913" timestamp="2019-08-11T06:21:20.667">
  <mem-info id="3915" free="44040192" total="146800640" percent="30">
    <mem type="eden" free="0" total="44040192" percent="0" />
    <remembered-set count="36096" freebytes="5724416" totalbytes="5868800" percent="97" regionsoverflowed="0" regionsstable="8" regionsrebuilding="0"/>
  </mem-info>
</gc-start>
<allocation-stats totalBytes="44034032" >
  <allocated-bytes non-tlh="0" tlh="44034032" arrayletleaf="0"/>
  <largest-consumer threadName="Thread-26" threadId="000000000210B200" bytes="5303680" />
</allocation-stats>
<gc-op id="3916" type="copy forward" timems="74.756" contextid="3913" timestamp="2019-08-11T06:21:20.742">
  <memory-copied type="eden" objects="29968" bytes="1136264" bytesdiscarded="0" />
  <memory-copied type="other" objects="59963" bytes="3714200" bytesdiscarded="0" />
  <memory-cardclean objects="26946" bytes="1519272" />
  <regions eden="21" other="12" />
  <remembered-set-cleared processed="22936" cleared="13708" durationms="0.354" />
  <finalization candidates="4" enqueued="0" />
  <references type="soft" candidates="6" cleared="0" enqueued="0" dynamicThreshold="19" maxThreshold="32" />
  <references type="weak" candidates="214" cleared="0" enqueued="0" />
  <references type="phantom" candidates="434" cleared="0" enqueued="0" />
  <stringconstants candidates="14612" cleared="0"  />
</gc-op>
<gc-op id="3917" type="classunload" timems="0.010" contextid="3913" timestamp="2019-08-11T06:21:20.742">
  <classunload-info classloadercandidates="54" classloadersunloaded="0" classesunloaded="0" anonymousclassesunloaded="0" quiescems="0.000" setupms="0.010" scanms="0.000" postms="0.000" />
</gc-op>
<heap-resize id="3918" type="contract" space="default" amount="8388608" count="1" timems="3.844" reason="excess free space following gc" timestamp="2019-08-11T06:21:20.746" />
<gc-end id="3919" type="partial gc" contextid="3913" durationms="81.102" usertimems="73.587" systemtimems="3.526" timestamp="2019-08-11T06:21:20.748" activeThreads="1">
  <mem-info id="3920" free="94371840" total="138412032" percent="68">
    <mem type="eden" free="960888" total="2097152" percent="45" />
    <remembered-set count="29440" freebytes="5751040" totalbytes="5868800" percent="97" regionsoverflowed="0" regionsstable="8" regionsrebuilding="0"/>
  </mem-info>
</gc-end>
<cycle-end id="3921" type="partial gc" contextid="3913" timestamp="2019-08-11T06:21:20.748" />
  <attribute name="elasticGC enabled" value="1" />
  <attribute name= "numThreadsSpecified" value="1" />
  <attribute name="heapSize specified" value="0" />
  <attribute name="Current GC Util" value="158" />
  <attribute name= "Current Time Running" value="191860" />
  <attribute name ="GC Interval" value="0" />
  <attribute name="ProportionalT" value="39.000000" />
  <attribute name="ProportionalI" value="39.000000" />
  <attribute name="ProportionalH" value="39.000000" />
  <attribute name="Current Error" value="78.000000" />
  <attribute name="IntegralT" value="0.000000" />
  <attribute name="IntegralI" value="0.000000" />
  <attribute name="IntegralH" value="0.000000" />
  <attribute name="DerivativeT" value="inf" />
  <attribute name="DerivativeI" value="inf" />
  <attribute name="DerivativeH" value="inf" />
  <attribute name="Loop Time for DT" value="0.000000" />
  <attribute name="Output H" value="8388608"/>
  <attribute name="Output I" value="200"/>
  <attribute name="Output T" value="1"/>
  <attribute name="Target GC Util Change" value ="80.000000" />
  <attribute name="Current GC Util Change" value="158.000000"/>
  <attribute name="GC Util currently" value="158" />
  <attribute name="CPU Util currently" value="2559152930019" />
<exclusive-end id="3922" timestamp="2019-08-11T06:21:20.748" durationms="82.091" />

<exclusive-start id="3923" timestamp="2019-08-11T06:21:20.771" intervalms="104.978">
  <response-info timems="0.912" idlems="0.912" threads="0" lastid="000000000211DE00" lastname="Thread-33" />
</exclusive-start>
<allocation-taxation id="3924" taxation-threshold="20971520" timestamp="2019-08-11T06:21:20.771" intervalms="104.979" />
<cycle-start id="3925" type="global mark phase" contextid="0" timestamp="2019-08-11T06:21:20.772" intervalms="548.011" />
<gc-start id="3926" type="global mark phase" contextid="3925" timestamp="2019-08-11T06:21:20.772">
  <mem-info id="3927" free="73400320" total="138412032" percent="53">
    <remembered-set count="29056" freebytes="5752576" totalbytes="5868800" percent="98" regionsoverflowed="0" regionsstable="8" regionsrebuilding="0"/>
  </mem-info>
</gc-start>
<gc-op id="3928" type="mark increment" timems="22.242" contextid="3925" timestamp="2019-08-11T06:21:20.794">
  <trace-info objectcount="522" scancount="0" scanbytes="0" />
</gc-op>
<gc-end id="3929" type="global mark phase" contextid="3925" durationms="22.307" usertimems="16.975" systemtimems="5.711" timestamp="2019-08-11T06:21:20.794" activeThreads="16">
  <mem-info id="3930" free="73400320" total="138412032" percent="53">
    <remembered-set count="29056" freebytes="5752576" totalbytes="5868800" percent="98" regionsoverflowed="0" regionsstable="0" regionsrebuilding="8"/>
  </mem-info>
</gc-end>
<concurrent-start id="3931" type="GMP work packet processing" contextid="3925" timestamp="2019-08-11T06:21:20.794">
  <concurrent-mark-start scanTarget="93327904" />
</concurrent-start>
<exclusive-end id="3932" timestamp="2019-08-11T06:21:20.795" durationms="23.804" />

<concurrent-end id="3933" type="GMP work packet processing" contextid="3925" timestamp="2019-08-11T06:21:20.820">
  <concurrent-mark-end bytesScanned="19151932" reasonForTermination="Completed all work in GC phase" />
</concurrent-end>

<exclusive-start id="3934" timestamp="2019-08-11T06:21:20.820" intervalms="48.893">
  <response-info timems="0.936" idlems="0.466" threads="2" lastid="0000000002138100" lastname="Thread-22" />
</exclusive-start>
<allocation-taxation id="3935" taxation-threshold="20971520" timestamp="2019-08-11T06:21:20.820" intervalms="48.884" />
<cycle-start id="3936" type="partial gc" contextid="0" timestamp="2019-08-11T06:21:20.823" intervalms="156.496" />
<gc-start id="3937" type="partial gc" contextid="3936" timestamp="2019-08-11T06:21:20.823">
  <mem-info id="3938" free="52428800" total="138412032" percent="37">
    <mem type="eden" free="0" total="41943040" percent="0" />
    <remembered-set count="132448" freebytes="5339008" totalbytes="5868800" percent="90" regionsoverflowed="0" regionsstable="0" regionsrebuilding="8"/>
  </mem-info>
</gc-start>
<allocation-stats totalBytes="41937728" >
  <allocated-bytes non-tlh="0" tlh="41937728" arrayletleaf="0"/>
  <largest-consumer threadName="Thread-22" threadId="0000000002138100" bytes="2776800" />
</allocation-stats>
<gc-op id="3939" type="copy forward" timems="42.821" contextid="3936" timestamp="2019-08-11T06:21:20.870">
  <memory-copied type="eden" objects="24026" bytes="856312" bytesdiscarded="64104" />
  <memory-copied type="other" objects="31644" bytes="1171584" bytesdiscarded="104288" />
  <memory-cardclean objects="203857" bytes="7694968" />
  <regions eden="20" other="2" />
  <remembered-set-cleared processed="80497" cleared="42914" durationms="0.676" />
  <stringconstants candidates="14612" cleared="0"  />
</gc-op>
<gc-op id="3940" type="classunload" timems="0.011" contextid="3936" timestamp="2019-08-11T06:21:20.870">
  <classunload-info classloadercandidates="54" classloadersunloaded="0" classesunloaded="0" anonymousclassesunloaded="0" quiescems="0.000" setupms="0.011" scanms="0.000" postms="0.000" />
</gc-op>
<heap-resize id="3941" type="contract" space="default" amount="8388608" count="1" timems="0.481" reason="excess free space following gc" timestamp="2019-08-11T06:21:20.871" />
<gc-end id="3942" type="partial gc" contextid="3936" durationms="47.895" usertimems="66.376" systemtimems="27.751" timestamp="2019-08-11T06:21:20.871" activeThreads="16">
  <mem-info id="3943" free="81788928" total="130023424" percent="62">
    <mem type="eden" free="3273888" total="4194304" percent="78" />
    <remembered-set count="83840" freebytes="5198080" totalbytes="5533440" percent="93" regionsoverflowed="0" regionsstable="0" regionsrebuilding="8"/>
  </mem-info>
</gc-end>
<cycle-end id="3944" type="partial gc" contextid="3936" timestamp="2019-08-11T06:21:20.871" />
  <attribute name="elasticGC enabled" value="1" />
  <attribute name= "numThreadsSpecified" value="16" />
  <attribute name="heapSize specified" value="0" />
  <attribute name="Current GC Util" value="32" />
  <attribute name= "Current Time Running" value="192020" />
  <attribute name ="GC Interval" value="0" />
  <attribute name="ProportionalT" value="-24.000000" />
  <attribute name="ProportionalI" value="-24.000000" />
  <attribute name="ProportionalH" value="-24.000000" />
  <attribute name="Current Error" value="-48.000000" />
  <attribute name="IntegralT" value="-96.000000" />
  <attribute name="IntegralI" value="-96.000000" />
  <attribute name="IntegralH" value="-96.000000" />
  <attribute name="DerivativeT" value="-62.750000" />
  <attribute name="DerivativeI" value="-62.750000" />
  <attribute name="DerivativeH" value="-62.750000" />
  <attribute name="Loop Time for DT" value="4.000000" />
  <attribute name="Output H" value="4202627072"/>
  <attribute name="Output I" value="200"/>
  <attribute name="Output T" value="16"/>
  <attribute name="Target GC Util Change" value ="80.000000" />
  <attribute name="Current GC Util Change" value="32.000000"/>
  <attribute name="GC Util currently" value="32" />
  <attribute name="CPU Util currently" value="322866235715" />
<exclusive-end id="3945" timestamp="2019-08-11T06:21:20.872" durationms="51.758" />

<exclusive-start id="3946" timestamp="2019-08-11T06:21:20.917" intervalms="97.245">
  <response-info timems="16.935" idlems="16.935" threads="0" lastid="000000000213BD00" lastname="Thread-32" />
</exclusive-start>
<allocation-taxation id="3947" taxation-threshold="18874368" timestamp="2019-08-11T06:21:20.917" intervalms="97.271" />
<gc-start id="3948" type="global mark phase" contextid="3925" timestamp="2019-08-11T06:21:20.920">
  <mem-info id="3949" free="62914560" total="130023424" percent="48">
    <remembered-set count="83680" freebytes="5198720" totalbytes="5533440" percent="93" regionsoverflowed="0" regionsstable="0" regionsrebuilding="8"/>
  </mem-info>
</gc-start>
<gc-op id="3950" type="mark increment" timems="75.485" contextid="3925" timestamp="2019-08-11T06:21:20.995">
  <trace-info objectcount="22140" scancount="22140" scanbytes="1166136" />
  <cardclean-info objects="281911" bytes="8747640" />
  <finalization candidates="151" enqueued="0" />
  <ownableSynchronizers candidates="23" cleared="0" />
  <references type="soft" candidates="1922" cleared="0" enqueued="0" dynamicThreshold="20" maxThreshold="32" />
  <references type="weak" candidates="6262" cleared="0" enqueued="0" />
  <references type="phantom" candidates="835" cleared="0" enqueued="0" />
  <stringconstants candidates="14612" cleared="0"  />
</gc-op>
<gc-op id="3951" type="classunload" timems="0.014" contextid="3925" timestamp="2019-08-11T06:21:20.996">
  <classunload-info classloadercandidates="54" classloadersunloaded="0" classesunloaded="0" anonymousclassesunloaded="0" quiescems="0.000" setupms="0.014" scanms="0.000" postms="0.000" />
</gc-op>
<gc-end id="3952" type="global mark phase" contextid="3925" durationms="75.637" usertimems="92.905" systemtimems="84.150" timestamp="2019-08-11T06:21:20.996" activeThreads="16">
  <mem-info id="3953" free="62914560" total="130023424" percent="48">
    <remembered-set count="109280" freebytes="5096320" totalbytes="5533440" percent="92" regionsoverflowed="0" regionsstable="0" regionsrebuilding="0"/>
  </mem-info>
</gc-end>
<cycle-end id="3954" type="global mark phase" contextid="3925" timestamp="2019-08-11T06:21:20.996" />
  <attribute name="elasticGC enabled" value="1" />
  <attribute name= "numThreadsSpecified" value="16" />
  <attribute name="heapSize specified" value="0" />
  <attribute name="Current GC Util" value="131" />
  <attribute name= "Current Time Running" value="192176" />
  <attribute name ="GC Interval" value="0" />
  <attribute name="ProportionalT" value="25.500000" />
  <attribute name="ProportionalI" value="25.500000" />
  <attribute name="ProportionalH" value="25.500000" />
  <attribute name="Current Error" value="51.000000" />
  <attribute name="IntegralT" value="408.000000" />
  <attribute name="IntegralI" value="408.000000" />
  <attribute name="IntegralH" value="408.000000" />
  <attribute name="DerivativeT" value="-4.437500" />
  <attribute name="DerivativeI" value="-4.437500" />
  <attribute name="DerivativeH" value="-4.437500" />
  <attribute name="Loop Time for DT" value="16.000000" />
  <attribute name="Output H" value="8388608"/>
  <attribute name="Output I" value="432"/>
  <attribute name="Output T" value="16"/>
  <attribute name="Target GC Util Change" value ="80.000000" />
  <attribute name="Current GC Util Change" value="131.000000"/>
  <attribute name="GC Util currently" value="131" />
  <attribute name="CPU Util currently" value="71006523898" />
<exclusive-end id="3955" timestamp="2019-08-11T06:21:20.996" durationms="78.713" />

<exclusive-start id="3956" timestamp="2019-08-11T06:21:21.066" intervalms="148.671">
  <response-info timems="12.627" idlems="12.627" threads="0" lastid="000000000210B200" lastname="Thread-26" />
</exclusive-start>
<allocation-taxation id="3957" taxation-threshold="18874368" timestamp="2019-08-11T06:21:21.066" intervalms="148.727" />
<cycle-start id="3958" type="partial gc" contextid="0" timestamp="2019-08-11T06:21:21.066" intervalms="243.406" />
<gc-start id="3959" type="partial gc" contextid="3958" timestamp="2019-08-11T06:21:21.067">
  <mem-info id="3960" free="44040192" total="130023424" percent="33">
    <mem type="eden" free="0" total="37748736" percent="0" />
    <remembered-set count="27872" freebytes="5421952" totalbytes="5533440" percent="97" regionsoverflowed="0" regionsstable="7" regionsrebuilding="0"/>
  </mem-info>
</gc-start>
<allocation-stats totalBytes="37743504" >
  <allocated-bytes non-tlh="19056" tlh="37724448" arrayletleaf="0"/>
  <largest-consumer threadName="Thread-26" threadId="000000000210B200" bytes="2883280" />
</allocation-stats>
<gc-op id="3961" type="sweep" timems="2.407" contextid="3958" timestamp="2019-08-11T06:21:21.069" />
<gc-op id="3962" type="copy forward" timems="19.611" contextid="3958" timestamp="2019-08-11T06:21:21.090">
  <memory-copied type="eden" objects="12006" bytes="430128" bytesdiscarded="36823" />
  <memory-copied type="other" objects="34340" bytes="1236288" bytesdiscarded="107009" />
  <memory-cardclean objects="56743" bytes="2827808" />
  <regions eden="9" other="12" />
  <remembered-set-cleared processed="14252" cleared="3850" durationms="0.161" />
  <stringconstants candidates="14612" cleared="0"  />
</gc-op>
<gc-op id="3963" type="classunload" timems="0.013" contextid="3958" timestamp="2019-08-11T06:21:21.090">
  <classunload-info classloadercandidates="54" classloadersunloaded="0" classesunloaded="0" anonymousclassesunloaded="0" quiescems="0.000" setupms="0.013" scanms="0.000" postms="0.000" />
</gc-op>
<heap-resize id="3964" type="contract" space="default" amount="6291456" count="1" timems="0.424" reason="excess free space following gc" timestamp="2019-08-11T06:21:21.091" />
<gc-end id="3965" type="partial gc" contextid="3958" durationms="24.545" usertimems="36.242" systemtimems="28.298" timestamp="2019-08-11T06:21:21.091" activeThreads="16">
  <mem-info id="3966" free="75497472" total="123731968" percent="61">
    <mem type="eden" free="1195368" total="2097152" percent="56" />
    <remembered-set count="27936" freebytes="5086336" totalbytes="5198080" percent="97" regionsoverflowed="0" regionsstable="7" regionsrebuilding="0"/>
  </mem-info>
</gc-end>
<cycle-end id="3967" type="partial gc" contextid="3958" timestamp="2019-08-11T06:21:21.091" />
  <attribute name="elasticGC enabled" value="1" />
  <attribute name= "numThreadsSpecified" value="16" />
  <attribute name="heapSize specified" value="0" />
  <attribute name="Current GC Util" value="69" />
  <attribute name= "Current Time Running" value="192263" />
  <attribute name ="GC Interval" value="0" />
  <attribute name="ProportionalT" value="-5.500000" />
  <attribute name="ProportionalI" value="-5.500000" />
  <attribute name="ProportionalH" value="-5.500000" />
  <attribute name="Current Error" value="-11.000000" />
  <attribute name="IntegralT" value="-5.500000" />
  <attribute name="IntegralI" value="-5.500000" />
  <attribute name="IntegralH" value="-5.500000" />
  <attribute name="DerivativeT" value="-107.000000" />
  <attribute name="DerivativeI" value="-107.000000" />
  <attribute name="DerivativeH" value="-107.000000" />
  <attribute name="Loop Time for DT" value="1.000000" />
  <attribute name="Output H" value="4202627072"/>
  <attribute name="Output I" value="200"/>
  <attribute name="Output T" value="16"/>
  <attribute name="Target GC Util Change" value ="80.000000" />
  <attribute name="Current GC Util Change" value="69.000000"/>
  <attribute name="GC Util currently" value="69" />
  <attribute name="CPU Util currently" value="993627958719" />
<exclusive-end id="3968" timestamp="2019-08-11T06:21:21.092" durationms="25.647" />

<exclusive-start id="3969" timestamp="2019-08-11T06:21:21.107" intervalms="41.215">
  <response-info timems="1.981" idlems="0.682" threads="2" lastid="000000000211DE00" lastname="Thread-33" />
</exclusive-start>
<allocation-taxation id="3970" taxation-threshold="18874368" timestamp="2019-08-11T06:21:21.107" intervalms="41.131" />
<cycle-start id="3971" type="global mark phase" contextid="0" timestamp="2019-08-11T06:21:21.107" intervalms="335.588" />
<gc-start id="3972" type="global mark phase" contextid="3971" timestamp="2019-08-11T06:21:21.107">
  <mem-info id="3973" free="56623104" total="123731968" percent="45">
    <remembered-set count="27840" freebytes="5086720" totalbytes="5198080" percent="97" regionsoverflowed="0" regionsstable="7" regionsrebuilding="0"/>
  </mem-info>
</gc-start>
<gc-op id="3974" type="mark increment" timems="28.507" contextid="3971" timestamp="2019-08-11T06:21:21.136">
  <trace-info objectcount="545" scancount="0" scanbytes="0" />
</gc-op>
<gc-end id="3975" type="global mark phase" contextid="3971" durationms="28.550" usertimems="5.371" systemtimems="16.803" timestamp="2019-08-11T06:21:21.136" activeThreads="16">
  <mem-info id="3976" free="56623104" total="123731968" percent="45">
    <remembered-set count="27840" freebytes="5086720" totalbytes="5198080" percent="97" regionsoverflowed="0" regionsstable="0" regionsrebuilding="7"/>
  </mem-info>
</gc-end>
<concurrent-start id="3977" type="GMP work packet processing" contextid="3971" timestamp="2019-08-11T06:21:21.136">
  <concurrent-mark-start scanTarget="26260119" />
</concurrent-start>
<exclusive-end id="3978" timestamp="2019-08-11T06:21:21.136" durationms="28.954" />

<concurrent-end id="3979" type="GMP work packet processing" contextid="3971" timestamp="2019-08-11T06:21:21.177">
  <concurrent-mark-end bytesScanned="19218164" reasonForTermination="Completed all work in GC phase" />
</concurrent-end>

<exclusive-start id="3980" timestamp="2019-08-11T06:21:21.177" intervalms="69.958">
  <response-info timems="8.056" idlems="8.056" threads="0" lastid="0000000002103B00" lastname="Thread-27" />
</exclusive-start>
<allocation-taxation id="3981" taxation-threshold="18874368" timestamp="2019-08-11T06:21:21.177" intervalms="69.966" />
<cycle-start id="3982" type="partial gc" contextid="0" timestamp="2019-08-11T06:21:21.177" intervalms="111.005" />
<gc-start id="3983" type="partial gc" contextid="3982" timestamp="2019-08-11T06:21:21.179">
  <mem-info id="3984" free="37748736" total="123731968" percent="30">
    <mem type="eden" free="0" total="37748736" percent="0" />
    <remembered-set count="132800" freebytes="4666880" totalbytes="5198080" percent="89" regionsoverflowed="0" regionsstable="0" regionsrebuilding="7"/>
  </mem-info>
</gc-start>
<allocation-stats totalBytes="37743968" >
  <allocated-bytes non-tlh="0" tlh="37743968" arrayletleaf="0"/>
  <largest-consumer threadName="Thread-23" threadId="000000000213F900" bytes="2399968" />
</allocation-stats>
<gc-op id="3985" type="copy forward" timems="77.394" contextid="3982" timestamp="2019-08-11T06:21:21.296">
  <memory-copied type="eden" objects="23704" bytes="848248" bytesdiscarded="65240" />
  <memory-copied type="other" objects="47456" bytes="4371264" bytesdiscarded="405368" />
  <memory-cardclean objects="25827" bytes="1422296" />
  <regions eden="18" other="5" />
  <remembered-set-cleared processed="121831" cleared="8578" durationms="0.653" />
  <finalization candidates="71" enqueued="0" />
  <ownableSynchronizers candidates="2" cleared="0" />
  <references type="soft" candidates="42" cleared="0" enqueued="0" dynamicThreshold="14" maxThreshold="32" />
  <references type="weak" candidates="486" cleared="0" enqueued="0" />
  <references type="phantom" candidates="735" cleared="0" enqueued="0" />
  <stringconstants candidates="14612" cleared="0"  />
</gc-op>
<gc-op id="3986" type="classunload" timems="0.013" contextid="3982" timestamp="2019-08-11T06:21:21.296">
  <classunload-info classloadercandidates="54" classloadersunloaded="0" classesunloaded="0" anonymousclassesunloaded="0" quiescems="0.000" setupms="0.013" scanms="0.000" postms="0.000" />
</gc-op>
<heap-resize id="3987" type="expand" space="default" amount="2097152" count="1" timems="0.055" reason="excessive time being spent in gc" timestamp="2019-08-11T06:21:21.296" />
<gc-end id="3988" type="partial gc" contextid="3982" durationms="117.756" usertimems="57.062" systemtimems="53.558" timestamp="2019-08-11T06:21:21.296" activeThreads="16">
  <mem-info id="3989" free="75497472" total="125829120" percent="60">
    <mem type="eden" free="1183664" total="2097152" percent="56" />
    <remembered-set count="133600" freebytes="4496000" totalbytes="5030400" percent="89" regionsoverflowed="0" regionsstable="0" regionsrebuilding="7"/>
  </mem-info>
</gc-end>
<cycle-end id="3990" type="partial gc" contextid="3982" timestamp="2019-08-11T06:21:21.297" />
  <attribute name="elasticGC enabled" value="1" />
  <attribute name= "numThreadsSpecified" value="16" />
  <attribute name="heapSize specified" value="0" />
  <attribute name="Current GC Util" value="5" />
  <attribute name= "Current Time Running" value="192411" />
  <attribute name ="GC Interval" value="0" />
  <attribute name="ProportionalT" value="-37.500000" />
  <attribute name="ProportionalI" value="-37.500000" />
  <attribute name="ProportionalH" value="-37.500000" />
  <attribute name="Current Error" value="-75.000000" />
  <attribute name="IntegralT" value="-487.500000" />
  <attribute name="IntegralI" value="-487.500000" />
  <attribute name="IntegralH" value="-487.500000" />
  <attribute name="DerivativeT" value="-14.153846" />
  <attribute name="DerivativeI" value="-14.153846" />
  <attribute name="DerivativeH" value="-14.153846" />
  <attribute name="Loop Time for DT" value="13.000000" />
  <attribute name="Output H" value="4202627072"/>
  <attribute name="Output I" value="200"/>
  <attribute name="Output T" value="16"/>
  <attribute name="Target GC Util Change" value ="80.000000" />
  <attribute name="Current GC Util Change" value="5.000000"/>
  <attribute name="GC Util currently" value="5" />
  <attribute name="CPU Util currently" value="89284227347" />
<exclusive-end id="3991" timestamp="2019-08-11T06:21:21.298" durationms="120.289" />

<exclusive-start id="3992" timestamp="2019-08-11T06:21:21.329" intervalms="151.639">
  <response-info timems="0.952" idlems="0.335" threads="8" lastid="0000000002138100" lastname="Thread-22" />
</exclusive-start>
<allocation-taxation id="3993" taxation-threshold="18874368" timestamp="2019-08-11T06:21:21.329" intervalms="151.777" />
<gc-start id="3994" type="global mark phase" contextid="3971" timestamp="2019-08-11T06:21:21.329">
  <mem-info id="3995" free="56623104" total="125829120" percent="45">
    <remembered-set count="133248" freebytes="4497408" totalbytes="5030400" percent="89" regionsoverflowed="0" regionsstable="0" regionsrebuilding="7"/>
  </mem-info>
</gc-start>
<gc-op id="3996" type="mark increment" timems="49.786" contextid="3971" timestamp="2019-08-11T06:21:21.379">
  <trace-info objectcount="26615" scancount="26615" scanbytes="1076756" />
  <cardclean-info objects="37654" bytes="1921368" />
  <finalization candidates="151" enqueued="0" />
  <ownableSynchronizers candidates="23" cleared="0" />
  <references type="soft" candidates="1922" cleared="0" enqueued="0" dynamicThreshold="19" maxThreshold="32" />
  <references type="weak" candidates="6262" cleared="0" enqueued="0" />
  <references type="phantom" candidates="835" cleared="0" enqueued="0" />
  <stringconstants candidates="14612" cleared="0"  />
</gc-op>
<gc-op id="3997" type="classunload" timems="0.015" contextid="3971" timestamp="2019-08-11T06:21:21.379">
  <classunload-info classloadercandidates="54" classloadersunloaded="0" classesunloaded="0" anonymousclassesunloaded="0" quiescems="0.000" setupms="0.015" scanms="0.000" postms="0.000" />
</gc-op>
<gc-end id="3998" type="global mark phase" contextid="3971" durationms="49.990" usertimems="21.723" systemtimems="26.402" timestamp="2019-08-11T06:21:21.379" activeThreads="16">
  <mem-info id="3999" free="56623104" total="125829120" percent="45">
    <remembered-set count="134784" freebytes="4491264" totalbytes="5030400" percent="89" regionsoverflowed="0" regionsstable="0" regionsrebuilding="0"/>
  </mem-info>
</gc-end>
<cycle-end id="4000" type="global mark phase" contextid="3971" timestamp="2019-08-11T06:21:21.379" />
  <attribute name="elasticGC enabled" value="1" />
  <attribute name= "numThreadsSpecified" value="16" />
  <attribute name="heapSize specified" value="0" />
  <attribute name="Current GC Util" value="167" />
  <attribute name= "Current Time Running" value="192563" />
  <attribute name ="GC Interval" value="0" />
  <attribute name="ProportionalT" value="43.500000" />
  <attribute name="ProportionalI" value="43.500000" />
  <attribute name="ProportionalH" value="43.500000" />
  <attribute name="Current Error" value="87.000000" />
  <attribute name="IntegralT" value="130.500000" />
  <attribute name="IntegralI" value="130.500000" />
  <attribute name="IntegralH" value="130.500000" />
  <attribute name="DerivativeT" value="29.000000" />
  <attribute name="DerivativeI" value="29.000000" />
  <attribute name="DerivativeH" value="29.000000" />
  <attribute name="Loop Time for DT" value="3.000000" />
  <attribute name="Output H" value="8388608"/>
  <attribute name="Output I" value="208"/>
  <attribute name="Output T" value="16"/>
  <attribute name="Target GC Util Change" value ="80.000000" />
  <attribute name="Current GC Util Change" value="167.000000"/>
  <attribute name="GC Util currently" value="167" />
  <attribute name="CPU Util currently" value="332290114213" />
<exclusive-end id="4001" timestamp="2019-08-11T06:21:21.380" durationms="50.648" />

<exclusive-start id="4002" timestamp="2019-08-11T06:21:21.398" intervalms="69.561">
  <response-info timems="0.538" idlems="0.273" threads="1" lastid="000000000213F900" lastname="Thread-23" />
</exclusive-start>
<allocation-taxation id="4003" taxation-threshold="18874368" timestamp="2019-08-11T06:21:21.399" intervalms="69.448" />
<cycle-start id="4004" type="partial gc" contextid="0" timestamp="2019-08-11T06:21:21.399" intervalms="221.270" />
<gc-start id="4005" type="partial gc" contextid="4004" timestamp="2019-08-11T06:21:21.399">
  <mem-info id="4006" free="37748736" total="125829120" percent="30">
    <mem type="eden" free="0" total="37748736" percent="0" />
    <remembered-set count="29536" freebytes="4912256" totalbytes="5030400" percent="97" regionsoverflowed="0" regionsstable="7" regionsrebuilding="0"/>
  </mem-info>
</gc-start>
<allocation-stats totalBytes="37744208" >
  <allocated-bytes non-tlh="0" tlh="37744208" arrayletleaf="0"/>
  <largest-consumer threadName="Thread-36" threadId="0000000002116600" bytes="3706520" />
</allocation-stats>
<gc-op id="4007" type="sweep" timems="3.039" contextid="4004" timestamp="2019-08-11T06:21:21.404" />
<gc-op id="4008" type="copy forward" timems="55.924" contextid="4004" timestamp="2019-08-11T06:21:21.461">
  <memory-copied type="eden" objects="6841" bytes="169288" bytesdiscarded="9939" />
  <memory-copied type="other" objects="38156" bytes="1465744" bytesdiscarded="91269" />
  <memory-cardclean objects="27930" bytes="1414008" />
  <regions eden="9" other="11" />
  <remembered-set-cleared processed="19895" cleared="5925" durationms="0.244" />
  <stringconstants candidates="14612" cleared="0"  />
</gc-op>
<gc-op id="4009" type="classunload" timems="0.014" contextid="4004" timestamp="2019-08-11T06:21:21.461">
  <classunload-info classloadercandidates="54" classloadersunloaded="0" classesunloaded="0" anonymousclassesunloaded="0" quiescems="0.000" setupms="0.014" scanms="0.000" postms="0.000" />
</gc-op>
<heap-resize id="4010" type="expand" space="default" amount="10485760" count="1" timems="0.087" reason="excessive time being spent in gc" timestamp="2019-08-11T06:21:21.461" />
<gc-end id="4011" type="partial gc" contextid="4004" durationms="62.408" usertimems="90.263" systemtimems="22.730" timestamp="2019-08-11T06:21:21.461" activeThreads="16">
  <mem-info id="4012" free="81788928" total="136314880" percent="60">
    <mem type="eden" free="3326376" total="4194304" percent="79" />
    <remembered-set count="28192" freebytes="5336832" totalbytes="5449600" percent="97" regionsoverflowed="0" regionsstable="7" regionsrebuilding="0"/>
  </mem-info>
</gc-end>
<cycle-end id="4013" type="partial gc" contextid="4004" timestamp="2019-08-11T06:21:21.461" />
  <attribute name="elasticGC enabled" value="1" />
  <attribute name= "numThreadsSpecified" value="16" />
  <attribute name="heapSize specified" value="0" />
  <attribute name="Current GC Util" value="113" />
  <attribute name= "Current Time Running" value="192597" />
  <attribute name ="GC Interval" value="0" />
  <attribute name="ProportionalT" value="16.500000" />
  <attribute name="ProportionalI" value="16.500000" />
  <attribute name="ProportionalH" value="16.500000" />
  <attribute name="Current Error" value="33.000000" />
  <attribute name="IntegralT" value="0.000000" />
  <attribute name="IntegralI" value="0.000000" />
  <attribute name="IntegralH" value="0.000000" />
  <attribute name="DerivativeT" value="-inf" />
  <attribute name="DerivativeI" value="-inf" />
  <attribute name="DerivativeH" value="-inf" />
  <attribute name="Loop Time for DT" value="0.000000" />
  <attribute name="Output H" value="4202627072"/>
  <attribute name="Output I" value="200"/>
  <attribute name="Output T" value="16"/>
  <attribute name="Target GC Util Change" value ="80.000000" />
  <attribute name="Current GC Util Change" value="113.000000"/>
  <attribute name="GC Util currently" value="113" />
  <attribute name="CPU Util currently" value="1728030814105" />
<exclusive-end id="4014" timestamp="2019-08-11T06:21:21.462" durationms="63.251" />

<exclusive-start id="4015" timestamp="2019-08-11T06:21:21.484" intervalms="85.670">
  <response-info timems="0.409" idlems="0.409" threads="0" lastid="0000000002125600" lastname="Thread-29" />
</exclusive-start>
<allocation-taxation id="4016" taxation-threshold="20971520" timestamp="2019-08-11T06:21:21.484" intervalms="85.662" />
<cycle-start id="4017" type="global mark phase" contextid="0" timestamp="2019-08-11T06:21:21.484" intervalms="376.853" />
<gc-start id="4018" type="global mark phase" contextid="4017" timestamp="2019-08-11T06:21:21.484">
  <mem-info id="4019" free="60817408" total="136314880" percent="44">
    <remembered-set count="27936" freebytes="5337856" totalbytes="5449600" percent="97" regionsoverflowed="0" regionsstable="7" regionsrebuilding="0"/>
  </mem-info>
</gc-start>
<gc-op id="4020" type="mark increment" timems="14.725" contextid="4017" timestamp="2019-08-11T06:21:21.499">
  <trace-info objectcount="737611" scancount="651972" scanbytes="19100564" />
</gc-op>
<gc-end id="4021" type="global mark phase" contextid="4017" durationms="14.779" usertimems="71.066" systemtimems="2.272" timestamp="2019-08-11T06:21:21.499" activeThreads="16">
  <mem-info id="4022" free="60817408" total="136314880" percent="44">
    <remembered-set count="133408" freebytes="4915968" totalbytes="5449600" percent="90" regionsoverflowed="0" regionsstable="0" regionsrebuilding="7"/>
  </mem-info>
</gc-end>
<exclusive-end id="4023" timestamp="2019-08-11T06:21:21.499" durationms="15.257" />

<exclusive-start id="4024" timestamp="2019-08-11T06:21:21.526" intervalms="42.209">
  <response-info timems="2.316" idlems="2.316" threads="0" lastid="0000000002112A00" lastname="Thread-25" />
</exclusive-start>
<allocation-taxation id="4025" taxation-threshold="20971520" timestamp="2019-08-11T06:21:21.526" intervalms="42.222" />
<cycle-start id="4026" type="partial gc" contextid="0" timestamp="2019-08-11T06:21:21.527" intervalms="128.098" />
<gc-start id="4027" type="partial gc" contextid="4026" timestamp="2019-08-11T06:21:21.528">
  <mem-info id="4028" free="39845888" total="136314880" percent="29">
    <mem type="eden" free="0" total="41943040" percent="0" />
    <remembered-set count="133024" freebytes="4917504" totalbytes="5449600" percent="90" regionsoverflowed="0" regionsstable="0" regionsrebuilding="7"/>
  </mem-info>
</gc-start>
<allocation-stats totalBytes="41937776" >
  <allocated-bytes non-tlh="0" tlh="41937776" arrayletleaf="0"/>
  <largest-consumer threadName="Thread-28" threadId="00000000020F0F00" bytes="3129056" />
</allocation-stats>
<gc-op id="4029" type="copy forward" timems="33.814" contextid="4026" timestamp="2019-08-11T06:21:21.564">
  <memory-copied type="eden" objects="28140" bytes="1092624" bytesdiscarded="118224" />
  <memory-copied type="other" objects="44290" bytes="4241536" bytesdiscarded="299440" />
  <memory-cardclean objects="27810" bytes="1471104" />
  <regions eden="20" other="6" />
  <remembered-set-cleared processed="121283" cleared="7656" durationms="0.468" />
  <finalization candidates="71" enqueued="0" />
  <ownableSynchronizers candidates="2" cleared="0" />
  <references type="soft" candidates="42" cleared="0" enqueued="0" dynamicThreshold="14" maxThreshold="32" />
  <references type="weak" candidates="486" cleared="0" enqueued="0" />
  <references type="phantom" candidates="735" cleared="0" enqueued="0" />
  <stringconstants candidates="14612" cleared="0"  />
</gc-op>
<gc-op id="4030" type="classunload" timems="0.015" contextid="4026" timestamp="2019-08-11T06:21:21.564">
  <classunload-info classloadercandidates="54" classloadersunloaded="0" classesunloaded="0" anonymousclassesunloaded="0" quiescems="0.000" setupms="0.015" scanms="0.000" postms="0.000" />
</gc-op>
<gc-end id="4031" type="partial gc" contextid="4026" durationms="36.408" usertimems="67.430" systemtimems="21.002" timestamp="2019-08-11T06:21:21.564" activeThreads="16">
  <mem-info id="4032" free="81788928" total="136314880" percent="60">
    <mem type="eden" free="886304" total="2097152" percent="42" />
    <remembered-set count="134880" freebytes="4910080" totalbytes="5449600" percent="90" regionsoverflowed="0" regionsstable="0" regionsrebuilding="7"/>
  </mem-info>
</gc-end>
<cycle-end id="4033" type="partial gc" contextid="4026" timestamp="2019-08-11T06:21:21.564" />
  <attribute name="elasticGC enabled" value="1" />
  <attribute name= "numThreadsSpecified" value="16" />
  <attribute name="heapSize specified" value="0" />
  <attribute name="Current GC Util" value="59" />
  <attribute name= "Current Time Running" value="192722" />
  <attribute name ="GC Interval" value="0" />
  <attribute name="ProportionalT" value="-10.500000" />
  <attribute name="ProportionalI" value="-10.500000" />
  <attribute name="ProportionalH" value="-10.500000" />
  <attribute name="Current Error" value="-21.000000" />
  <attribute name="IntegralT" value="-10.500000" />
  <attribute name="IntegralI" value="-10.500000" />
  <attribute name="IntegralH" value="-10.500000" />
  <attribute name="DerivativeT" value="-100.000000" />
  <attribute name="DerivativeI" value="-100.000000" />
  <attribute name="DerivativeH" value="-100.000000" />
  <attribute name="Loop Time for DT" value="1.000000" />
  <attribute name="Output H" value="4202627072"/>
  <attribute name="Output I" value="200"/>
  <attribute name="Output T" value="16"/>
  <attribute name="Target GC Util Change" value ="80.000000" />
  <attribute name="Current GC Util Change" value="59.000000"/>
  <attribute name="GC Util currently" value="59" />
  <attribute name="CPU Util currently" value="752521852347" />
<exclusive-end id="4034" timestamp="2019-08-11T06:21:21.564" durationms="38.051" />

<exclusive-start id="4035" timestamp="2019-08-11T06:21:21.586" intervalms="59.256">
  <response-info timems="2.605" idlems="2.605" threads="0" lastid="00000000020F0F00" lastname="Thread-28" />
</exclusive-start>
<allocation-taxation id="4036" taxation-threshold="20971520" timestamp="2019-08-11T06:21:21.586" intervalms="59.261" />
<gc-start id="4037" type="global mark phase" contextid="4017" timestamp="2019-08-11T06:21:21.586">
  <mem-info id="4038" free="60817408" total="136314880" percent="44">
    <remembered-set count="134784" freebytes="4910464" totalbytes="5449600" percent="90" regionsoverflowed="0" regionsstable="0" regionsrebuilding="7"/>
  </mem-info>
</gc-start>
<gc-op id="4039" type="mark increment" timems="24.071" contextid="4017" timestamp="2019-08-11T06:21:21.610">
  <trace-info objectcount="22587" scancount="22587" scanbytes="835476" />
  <cardclean-info objects="33988" bytes="1720640" />
  <finalization candidates="151" enqueued="0" />
  <ownableSynchronizers candidates="23" cleared="0" />
  <references type="soft" candidates="1922" cleared="0" enqueued="0" dynamicThreshold="19" maxThreshold="32" />
  <references type="weak" candidates="6262" cleared="0" enqueued="0" />
  <references type="phantom" candidates="835" cleared="0" enqueued="0" />
  <stringconstants candidates="14612" cleared="0"  />
</gc-op>
<gc-op id="4040" type="classunload" timems="0.014" contextid="4017" timestamp="2019-08-11T06:21:21.610">
  <classunload-info classloadercandidates="54" classloadersunloaded="0" classesunloaded="0" anonymousclassesunloaded="0" quiescems="0.000" setupms="0.013" scanms="0.000" postms="0.000" />
</gc-op>
<gc-end id="4041" type="global mark phase" contextid="4017" durationms="24.200" usertimems="13.676" systemtimems="7.907" timestamp="2019-08-11T06:21:21.610" activeThreads="8">
  <mem-info id="4042" free="60817408" total="136314880" percent="44">
    <remembered-set count="137344" freebytes="4900224" totalbytes="5449600" percent="89" regionsoverflowed="0" regionsstable="0" regionsrebuilding="0"/>
  </mem-info>
</gc-end>
<cycle-end id="4043" type="global mark phase" contextid="4017" timestamp="2019-08-11T06:21:21.610" />
  <attribute name="elasticGC enabled" value="1" />
  <attribute name= "numThreadsSpecified" value="8" />
  <attribute name="heapSize specified" value="0" />
  <attribute name="Current GC Util" value="137" />
  <attribute name= "Current Time Running" value="192783" />
  <attribute name ="GC Interval" value="0" />
  <attribute name="ProportionalT" value="28.500000" />
  <attribute name="ProportionalI" value="28.500000" />
  <attribute name="ProportionalH" value="28.500000" />
  <attribute name="Current Error" value="57.000000" />
  <attribute name="IntegralT" value="28.500000" />
  <attribute name="IntegralI" value="28.500000" />
  <attribute name="IntegralH" value="28.500000" />
  <attribute name="DerivativeT" value="-56.000000" />
  <attribute name="DerivativeI" value="-56.000000" />
  <attribute name="DerivativeH" value="-56.000000" />
  <attribute name="Loop Time for DT" value="1.000000" />
  <attribute name="Output H" value="8388608"/>
  <attribute name="Output I" value="200"/>
  <attribute name="Output T" value="8"/>
  <attribute name="Target GC Util Change" value ="80.000000" />
  <attribute name="Current GC Util Change" value="137.000000"/>
  <attribute name="GC Util currently" value="137" />
  <attribute name="CPU Util currently" value="910790499579" />
<exclusive-end id="4044" timestamp="2019-08-11T06:21:21.610" durationms="24.862" />

<exclusive-start id="4045" timestamp="2019-08-11T06:21:21.647" intervalms="61.047">
  <response-info timems="7.688" idlems="7.688" threads="0" lastid="000000000213BD00" lastname="Thread-32" />
</exclusive-start>
<allocation-taxation id="4046" taxation-threshold="20971520" timestamp="2019-08-11T06:21:21.647" intervalms="61.016" />
<cycle-start id="4047" type="partial gc" contextid="0" timestamp="2019-08-11T06:21:21.647" intervalms="120.349" />
<gc-start id="4048" type="partial gc" contextid="4047" timestamp="2019-08-11T06:21:21.647">
  <mem-info id="4049" free="39845888" total="136314880" percent="29">
    <mem type="eden" free="0" total="41943040" percent="0" />
    <remembered-set count="31264" freebytes="5324544" totalbytes="5449600" percent="97" regionsoverflowed="0" regionsstable="7" regionsrebuilding="0"/>
  </mem-info>
</gc-start>
<allocation-stats totalBytes="41937984" >
  <allocated-bytes non-tlh="0" tlh="41937984" arrayletleaf="0"/>
  <largest-consumer threadName="Thread-25" threadId="0000000002112A00" bytes="2490104" />
</allocation-stats>
<gc-op id="4050" type="sweep" timems="2.101" contextid="4047" timestamp="2019-08-11T06:21:21.650" />
<gc-op id="4051" type="copy forward" timems="64.301" contextid="4047" timestamp="2019-08-11T06:21:21.715">
  <memory-copied type="eden" objects="4308" bytes="107480" bytesdiscarded="9744" />
  <memory-copied type="other" objects="54478" bytes="3369896" bytesdiscarded="496592" />
  <memory-cardclean objects="31795" bytes="1587144" />
  <regions eden="10" other="14" />
  <remembered-set-cleared processed="17534" cleared="7425" durationms="0.162" />
  <references type="soft" candidates="15" cleared="0" enqueued="0" dynamicThreshold="14" maxThreshold="32" />
  <references type="weak" candidates="13" cleared="0" enqueued="0" />
  <references type="phantom" candidates="2" cleared="0" enqueued="0" />
  <stringconstants candidates="14612" cleared="0"  />
</gc-op>
<gc-op id="4052" type="classunload" timems="0.013" contextid="4047" timestamp="2019-08-11T06:21:21.715">
  <classunload-info classloadercandidates="54" classloadersunloaded="0" classesunloaded="0" anonymousclassesunloaded="0" quiescems="0.000" setupms="0.013" scanms="0.000" postms="0.000" />
</gc-op>
<heap-resize id="4053" type="expand" space="default" amount="10485760" count="1" timems="0.073" reason="excessive time being spent in gc" timestamp="2019-08-11T06:21:21.716" />
<gc-end id="4054" type="partial gc" contextid="4047" durationms="68.286" usertimems="29.546" systemtimems="37.261" timestamp="2019-08-11T06:21:21.716" activeThreads="16">
  <mem-info id="4055" free="88080384" total="146800640" percent="60">
    <mem type="eden" free="3668648" total="4194304" percent="87" />
    <remembered-set count="28608" freebytes="5754368" totalbytes="5868800" percent="98" regionsoverflowed="0" regionsstable="7" regionsrebuilding="0"/>
  </mem-info>
</gc-end>
<cycle-end id="4056" type="partial gc" contextid="4047" timestamp="2019-08-11T06:21:21.716" />
  <attribute name="elasticGC enabled" value="1" />
  <attribute name= "numThreadsSpecified" value="16" />
  <attribute name="heapSize specified" value="0" />
  <attribute name="Current GC Util" value="100" />
  <attribute name= "Current Time Running" value="192843" />
  <attribute name ="GC Interval" value="0" />
  <attribute name="ProportionalT" value="10.000000" />
  <attribute name="ProportionalI" value="10.000000" />
  <attribute name="ProportionalH" value="10.000000" />
  <attribute name="Current Error" value="20.000000" />
  <attribute name="IntegralT" value="0.000000" />
  <attribute name="IntegralI" value="0.000000" />
  <attribute name="IntegralH" value="0.000000" />
  <attribute name="DerivativeT" value="-inf" />
  <attribute name="DerivativeI" value="-inf" />
  <attribute name="DerivativeH" value="-inf" />
  <attribute name="Loop Time for DT" value="0.000000" />
  <attribute name="Output H" value="4202627072"/>
  <attribute name="Output I" value="200"/>
  <attribute name="Output T" value="16"/>
  <attribute name="Target GC Util Change" value ="80.000000" />
  <attribute name="Current GC Util Change" value="100.000000"/>
  <attribute name="GC Util currently" value="100" />
  <attribute name="CPU Util currently" value="1640945040034" />
<exclusive-end id="4057" timestamp="2019-08-11T06:21:21.716" durationms="69.544" />

<exclusive-start id="4058" timestamp="2019-08-11T06:21:21.767" intervalms="119.920">
  <response-info timems="1.316" idlems="1.316" threads="0" lastid="0000000002138100" lastname="Thread-22" />
</exclusive-start>
<allocation-taxation id="4059" taxation-threshold="44040192" timestamp="2019-08-11T06:21:21.767" intervalms="119.937" />
<cycle-start id="4060" type="partial gc" contextid="0" timestamp="2019-08-11T06:21:21.771" intervalms="124.223" />
<gc-start id="4061" type="partial gc" contextid="4060" timestamp="2019-08-11T06:21:21.772">
  <mem-info id="4062" free="44040192" total="146800640" percent="30">
    <mem type="eden" free="0" total="44040192" percent="0" />
    <remembered-set count="28448" freebytes="5755008" totalbytes="5868800" percent="98" regionsoverflowed="0" regionsstable="7" regionsrebuilding="0"/>
  </mem-info>
</gc-start>
<allocation-stats totalBytes="44033176" >
  <allocated-bytes non-tlh="0" tlh="44033176" arrayletleaf="0"/>
  <largest-consumer threadName="Thread-27" threadId="0000000002103B00" bytes="5057696" />
</allocation-stats>
<gc-op id="4063" type="copy forward" timems="25.197" contextid="4060" timestamp="2019-08-11T06:21:21.798">
  <memory-copied type="eden" objects="13838" bytes="475232" bytesdiscarded="115488" />
  <memory-copied type="other" objects="21282" bytes="2083352" bytesdiscarded="181152" />
  <memory-cardclean objects="24125" bytes="1269184" />
  <regions eden="21" other="5" />
  <remembered-set-cleared processed="18104" cleared="4101" durationms="0.196" />
  <finalization candidates="6" enqueued="0" />
  <references type="soft" candidates="14" cleared="0" enqueued="0" dynamicThreshold="19" maxThreshold="32" />
  <references type="weak" candidates="5" cleared="0" enqueued="0" />
  <references type="phantom" candidates="4" cleared="0" enqueued="0" />
  <stringconstants candidates="14612" cleared="0"  />
</gc-op>
<gc-op id="4064" type="classunload" timems="0.009" contextid="4060" timestamp="2019-08-11T06:21:21.798">
  <classunload-info classloadercandidates="54" classloadersunloaded="0" classesunloaded="0" anonymousclassesunloaded="0" quiescems="0.000" setupms="0.009" scanms="0.000" postms="0.000" />
</gc-op>
<gc-end id="4065" type="partial gc" contextid="4060" durationms="26.799" usertimems="21.400" systemtimems="27.234" timestamp="2019-08-11T06:21:21.798" activeThreads="16">
  <mem-info id="4066" free="90177536" total="146800640" percent="61">
    <mem type="eden" free="1506432" total="2097152" percent="71" />
    <remembered-set count="29440" freebytes="5751040" totalbytes="5868800" percent="97" regionsoverflowed="0" regionsstable="7" regionsrebuilding="0"/>
  </mem-info>
</gc-end>
<cycle-end id="4067" type="partial gc" contextid="4060" timestamp="2019-08-11T06:21:21.799" />
  <attribute name="elasticGC enabled" value="1" />
  <attribute name= "numThreadsSpecified" value="16" />
  <attribute name="heapSize specified" value="0" />
  <attribute name="Current GC Util" value="72" />
  <attribute name= "Current Time Running" value="192966" />
  <attribute name ="GC Interval" value="0" />
  <attribute name="ProportionalT" value="-4.000000" />
  <attribute name="ProportionalI" value="-4.000000" />
  <attribute name="ProportionalH" value="-4.000000" />
  <attribute name="Current Error" value="-8.000000" />
  <attribute name="IntegralT" value="-4.000000" />
  <attribute name="IntegralI" value="-4.000000" />
  <attribute name="IntegralH" value="-4.000000" />
  <attribute name="DerivativeT" value="-8.000000" />
  <attribute name="DerivativeI" value="-8.000000" />
  <attribute name="DerivativeH" value="-8.000000" />
  <attribute name="Loop Time for DT" value="1.000000" />
  <attribute name="Output H" value="4202627072"/>
  <attribute name="Output I" value="200"/>
  <attribute name="Output T" value="16"/>
  <attribute name="Target GC Util Change" value ="80.000000" />
  <attribute name="Current GC Util Change" value="72.000000"/>
  <attribute name="GC Util currently" value="72" />
  <attribute name="CPU Util currently" value="1144476330166" />
<exclusive-end id="4068" timestamp="2019-08-11T06:21:21.799" durationms="32.187" />

<exclusive-start id="4069" timestamp="2019-08-11T06:21:21.888" intervalms="121.151">
  <response-info timems="0.381" idlems="0.128" threads="4" lastid="0000000002138100" lastname="Thread-22" />
</exclusive-start>
<allocation-taxation id="4070" taxation-threshold="20971520" timestamp="2019-08-11T06:21:21.888" intervalms="121.128" />
<cycle-start id="4071" type="global mark phase" contextid="0" timestamp="2019-08-11T06:21:21.888" intervalms="403.697" />
<gc-start id="4072" type="global mark phase" contextid="4071" timestamp="2019-08-11T06:21:21.888">
  <mem-info id="4073" free="69206016" total="146800640" percent="47">
    <remembered-set count="29440" freebytes="5751040" totalbytes="5868800" percent="97" regionsoverflowed="0" regionsstable="7" regionsrebuilding="0"/>
  </mem-info>
</gc-start>
<gc-op id="4074" type="mark increment" timems="18.111" contextid="4071" timestamp="2019-08-11T06:21:21.906">
  <trace-info objectcount="452864" scancount="392222" scanbytes="12590948" />
</gc-op>
<gc-end id="4075" type="global mark phase" contextid="4071" durationms="18.196" usertimems="53.985" systemtimems="7.033" timestamp="2019-08-11T06:21:21.906" activeThreads="16">
  <mem-info id="4076" free="69206016" total="146800640" percent="47">
    <remembered-set count="82688" freebytes="5538048" totalbytes="5868800" percent="94" regionsoverflowed="0" regionsstable="0" regionsrebuilding="7"/>
  </mem-info>
</gc-end>
<concurrent-start id="4077" type="GMP work packet processing" contextid="4071" timestamp="2019-08-11T06:21:21.906">
  <concurrent-mark-start scanTarget="26707724" />
</concurrent-start>
<exclusive-end id="4078" timestamp="2019-08-11T06:21:21.907" durationms="18.838" />

<concurrent-end id="4079" type="GMP work packet processing" contextid="4071" timestamp="2019-08-11T06:21:21.928">
  <concurrent-mark-end bytesScanned="6612168" reasonForTermination="Completed all work in GC phase" />
</concurrent-end>

<exclusive-start id="4080" timestamp="2019-08-11T06:21:21.957" intervalms="69.315">
  <response-info timems="7.240" idlems="7.240" threads="0" lastid="00000000020F4B00" lastname="Thread-21" />
</exclusive-start>
<allocation-taxation id="4081" taxation-threshold="20971520" timestamp="2019-08-11T06:21:21.959" intervalms="70.818" />
<cycle-start id="4082" type="partial gc" contextid="0" timestamp="2019-08-11T06:21:21.959" intervalms="187.327" />
<gc-start id="4083" type="partial gc" contextid="4082" timestamp="2019-08-11T06:21:21.959">
  <mem-info id="4084" free="48234496" total="146800640" percent="32">
    <mem type="eden" free="0" total="41943040" percent="0" />
    <remembered-set count="133280" freebytes="5335680" totalbytes="5868800" percent="90" regionsoverflowed="0" regionsstable="0" regionsrebuilding="7"/>
  </mem-info>
</gc-start>
<allocation-stats totalBytes="41936592" >
  <allocated-bytes non-tlh="0" tlh="41936592" arrayletleaf="0"/>
  <largest-consumer threadName="Thread-22" threadId="0000000002138100" bytes="3006056" />
</allocation-stats>
<gc-op id="4085" type="copy forward" timems="90.887" contextid="4082" timestamp="2019-08-11T06:21:22.052">
  <memory-copied type="eden" objects="12549" bytes="442456" bytesdiscarded="39824" />
  <memory-copied type="other" objects="13143" bytes="474224" bytesdiscarded="41232" />
  <memory-cardclean objects="20819" bytes="1034640" />
  <regions eden="20" other="2" />
  <remembered-set-cleared processed="122614" cleared="2279" durationms="5.344" />
  <stringconstants candidates="14612" cleared="0"  />
</gc-op>
<gc-op id="4086" type="classunload" timems="0.012" contextid="4082" timestamp="2019-08-11T06:21:22.052">
  <classunload-info classloadercandidates="54" classloadersunloaded="0" classesunloaded="0" anonymousclassesunloaded="0" quiescems="0.000" setupms="0.011" scanms="0.000" postms="0.000" />
</gc-op>
<heap-resize id="4087" type="expand" space="default" amount="6291456" count="1" timems="0.063" reason="excessive time being spent in gc" timestamp="2019-08-11T06:21:22.052" />
<gc-end id="4088" type="partial gc" contextid="4082" durationms="93.035" usertimems="45.162" systemtimems="32.360" timestamp="2019-08-11T06:21:22.052" activeThreads="16">
  <mem-info id="4089" free="92274688" total="153092096" percent="60">
    <mem type="eden" free="3712024" total="4194304" percent="88" />
    <remembered-set count="134880" freebytes="5580800" totalbytes="6120320" percent="91" regionsoverflowed="0" regionsstable="0" regionsrebuilding="7"/>
  </mem-info>
</gc-end>
<cycle-end id="4090" type="partial gc" contextid="4082" timestamp="2019-08-11T06:21:22.053" />
  <attribute name="elasticGC enabled" value="1" />
  <attribute name= "numThreadsSpecified" value="16" />
  <attribute name="heapSize specified" value="0" />
  <attribute name="Current GC Util" value="216" />
  <attribute name= "Current Time Running" value="193154" />
  <attribute name ="GC Interval" value="0" />
  <attribute name="ProportionalT" value="68.000000" />
  <attribute name="ProportionalI" value="68.000000" />
  <attribute name="ProportionalH" value="68.000000" />
  <attribute name="Current Error" value="136.000000" />
  <attribute name="IntegralT" value="136.000000" />
  <attribute name="IntegralI" value="136.000000" />
  <attribute name="IntegralH" value="136.000000" />
  <attribute name="DerivativeT" value="68.000000" />
  <attribute name="DerivativeI" value="68.000000" />
  <attribute name="DerivativeH" value="68.000000" />
  <attribute name="Loop Time for DT" value="2.000000" />
  <attribute name="Output H" value="8388608"/>
  <attribute name="Output I" value="272"/>
  <attribute name="Output T" value="16"/>
  <attribute name="Target GC Util Change" value ="80.000000" />
  <attribute name="Current GC Util Change" value="216.000000"/>
  <attribute name="GC Util currently" value="216" />
  <attribute name="CPU Util currently" value="778688957837" />
<exclusive-end id="4091" timestamp="2019-08-11T06:21:22.053" durationms="95.807" />

<exclusive-start id="4092" timestamp="2019-08-11T06:21:22.103" intervalms="146.342">
  <response-info timems="18.664" idlems="18.664" threads="0" lastid="000000000211A200" lastname="Thread-31" />
</exclusive-start>
<allocation-taxation id="4093" taxation-threshold="23068672" timestamp="2019-08-11T06:21:22.103" intervalms="144.914" />
<gc-start id="4094" type="global mark phase" contextid="4071" timestamp="2019-08-11T06:21:22.105">
  <mem-info id="4095" free="69206016" total="153092096" percent="45">
    <remembered-set count="134752" freebytes="5581312" totalbytes="6120320" percent="91" regionsoverflowed="0" regionsstable="0" regionsrebuilding="7"/>
  </mem-info>
</gc-start>
<gc-op id="4096" type="mark increment" timems="43.518" contextid="4071" timestamp="2019-08-11T06:21:22.151">
  <trace-info objectcount="17817" scancount="17817" scanbytes="712104" />
  <cardclean-info objects="24532" bytes="1213472" />
  <finalization candidates="151" enqueued="0" />
  <ownableSynchronizers candidates="23" cleared="0" />
  <references type="soft" candidates="1922" cleared="0" enqueued="0" dynamicThreshold="19" maxThreshold="32" />
  <references type="weak" candidates="6262" cleared="0" enqueued="0" />
  <references type="phantom" candidates="835" cleared="0" enqueued="0" />
  <stringconstants candidates="14612" cleared="0"  />
</gc-op>
<gc-op id="4097" type="classunload" timems="0.012" contextid="4071" timestamp="2019-08-11T06:21:22.151">
  <classunload-info classloadercandidates="54" classloadersunloaded="0" classesunloaded="0" anonymousclassesunloaded="0" quiescems="0.000" setupms="0.012" scanms="0.000" postms="0.000" />
</gc-op>
<gc-end id="4098" type="global mark phase" contextid="4071" durationms="46.052" usertimems="31.324" systemtimems="40.937" timestamp="2019-08-11T06:21:22.151" activeThreads="16">
  <mem-info id="4099" free="69206016" total="153092096" percent="45">
    <remembered-set count="137824" freebytes="5569024" totalbytes="6120320" percent="90" regionsoverflowed="0" regionsstable="0" regionsrebuilding="0"/>
  </mem-info>
</gc-end>
<cycle-end id="4100" type="global mark phase" contextid="4071" timestamp="2019-08-11T06:21:22.151" />
  <attribute name="elasticGC enabled" value="1" />
  <attribute name= "numThreadsSpecified" value="16" />
  <attribute name="heapSize specified" value="0" />
  <attribute name="Current GC Util" value="91" />
  <attribute name= "Current Time Running" value="193332" />
  <attribute name ="GC Interval" value="0" />
  <attribute name="ProportionalT" value="5.500000" />
  <attribute name="ProportionalI" value="5.500000" />
  <attribute name="ProportionalH" value="5.500000" />
  <attribute name="Current Error" value="11.000000" />
  <attribute name="IntegralT" value="27.500000" />
  <attribute name="IntegralI" value="27.500000" />
  <attribute name="IntegralH" value="27.500000" />
  <attribute name="DerivativeT" value="2.200000" />
  <attribute name="DerivativeI" value="2.200000" />
  <attribute name="DerivativeH" value="2.200000" />
  <attribute name="Loop Time for DT" value="5.000000" />
  <attribute name="Output H" value="8388608"/>
  <attribute name="Output I" value="200"/>
  <attribute name="Output T" value="16"/>
  <attribute name="Target GC Util Change" value ="80.000000" />
  <attribute name="Current GC Util Change" value="91.000000"/>
  <attribute name="GC Util currently" value="91" />
  <attribute name="CPU Util currently" value="205271660716" />
<exclusive-end id="4101" timestamp="2019-08-11T06:21:22.152" durationms="48.176" />

<exclusive-start id="4102" timestamp="2019-08-11T06:21:22.211" intervalms="107.733">
  <response-info timems="6.129" idlems="6.129" threads="0" lastid="0000000002103B00" lastname="Thread-27" />
</exclusive-start>
<allocation-taxation id="4103" taxation-threshold="23068672" timestamp="2019-08-11T06:21:22.211" intervalms="107.696" />
<cycle-start id="4104" type="partial gc" contextid="0" timestamp="2019-08-11T06:21:22.211" intervalms="252.846" />
<gc-start id="4105" type="partial gc" contextid="4104" timestamp="2019-08-11T06:21:22.212">
  <mem-info id="4106" free="46137344" total="153092096" percent="30">
    <mem type="eden" free="0" total="46137344" percent="0" />
    <remembered-set count="30752" freebytes="5997312" totalbytes="6120320" percent="97" regionsoverflowed="0" regionsstable="7" regionsrebuilding="0"/>
  </mem-info>
</gc-start>
<allocation-stats totalBytes="46130344" >
  <allocated-bytes non-tlh="0" tlh="46130344" arrayletleaf="0"/>
  <largest-consumer threadName="Thread-30" threadId="0000000002121A00" bytes="2490080" />
</allocation-stats>
<gc-op id="4107" type="sweep" timems="11.974" contextid="4104" timestamp="2019-08-11T06:21:22.224" />
<gc-op id="4108" type="copy forward" timems="85.999" contextid="4104" timestamp="2019-08-11T06:21:22.316">
  <memory-copied type="eden" objects="10400" bytes="391816" bytesdiscarded="18473" />
  <memory-copied type="other" objects="24355" bytes="997144" bytesdiscarded="66111" />
  <memory-cardclean objects="18604" bytes="933368" />
  <regions eden="11" other="14" />
  <remembered-set-cleared processed="20981" cleared="2483" durationms="0.515" />
  <stringconstants candidates="14612" cleared="0"  />
</gc-op>
<gc-op id="4109" type="classunload" timems="0.014" contextid="4104" timestamp="2019-08-11T06:21:22.316">
  <classunload-info classloadercandidates="54" classloadersunloaded="0" classesunloaded="0" anonymousclassesunloaded="0" quiescems="0.000" setupms="0.014" scanms="0.000" postms="0.000" />
</gc-op>
<gc-end id="4110" type="partial gc" contextid="4104" durationms="104.375" usertimems="25.118" systemtimems="35.251" timestamp="2019-08-11T06:21:22.316" activeThreads="16">
  <mem-info id="4111" free="92274688" total="153092096" percent="60">
    <mem type="eden" free="1039264" total="2097152" percent="49" />
    <remembered-set count="32064" freebytes="5992064" totalbytes="6120320" percent="97" regionsoverflowed="0" regionsstable="7" regionsrebuilding="0"/>
  </mem-info>
</gc-end>
<cycle-end id="4112" type="partial gc" contextid="4104" timestamp="2019-08-11T06:21:22.317" />
  <attribute name="elasticGC enabled" value="1" />
  <attribute name= "numThreadsSpecified" value="16" />
  <attribute name="heapSize specified" value="0" />
  <attribute name="Current GC Util" value="12" />
  <attribute name= "Current Time Running" value="193423" />
  <attribute name ="GC Interval" value="0" />
  <attribute name="ProportionalT" value="-34.000000" />
  <attribute name="ProportionalI" value="-34.000000" />
  <attribute name="ProportionalH" value="-34.000000" />
  <attribute name="Current Error" value="-68.000000" />
  <attribute name="IntegralT" value="-204.000000" />
  <attribute name="IntegralI" value="-204.000000" />
  <attribute name="IntegralH" value="-204.000000" />
  <attribute name="DerivativeT" value="-11.333333" />
  <attribute name="DerivativeI" value="-11.333333" />
  <attribute name="DerivativeH" value="-11.333333" />
  <attribute name="Loop Time for DT" value="6.000000" />
  <attribute name="Output H" value="4202627072"/>
  <attribute name="Output I" value="200"/>
  <attribute name="Output T" value="16"/>
  <attribute name="Target GC Util Change" value ="80.000000" />
  <attribute name="Current GC Util Change" value="12.000000"/>
  <attribute name="GC Util currently" value="12" />
  <attribute name="CPU Util currently" value="206267676337" />
<exclusive-end id="4113" timestamp="2019-08-11T06:21:22.317" durationms="105.891" />

<exclusive-start id="4114" timestamp="2019-08-11T06:21:22.433" intervalms="222.282">
  <response-info timems="2.535" idlems="1.501" threads="6" lastid="000000000210B200" lastname="Thread-26" />
</exclusive-start>
<allocation-taxation id="4115" taxation-threshold="46137344" timestamp="2019-08-11T06:21:22.433" intervalms="222.270" />
<cycle-start id="4116" type="partial gc" contextid="0" timestamp="2019-08-11T06:21:22.434" intervalms="222.140" />
<gc-start id="4117" type="partial gc" contextid="4116" timestamp="2019-08-11T06:21:22.434">
  <mem-info id="4118" free="46137344" total="153092096" percent="30">
    <mem type="eden" free="0" total="46137344" percent="0" />
    <remembered-set count="31616" freebytes="5993856" totalbytes="6120320" percent="97" regionsoverflowed="0" regionsstable="7" regionsrebuilding="0"/>
  </mem-info>
</gc-start>
<allocation-stats totalBytes="46129936" >
  <allocated-bytes non-tlh="0" tlh="46129936" arrayletleaf="0"/>
  <largest-consumer threadName="Thread-28" threadId="00000000020F0F00" bytes="4627648" />
</allocation-stats>
<gc-op id="4119" type="copy forward" timems="76.303" contextid="4116" timestamp="2019-08-11T06:21:22.511">
  <memory-copied type="eden" objects="18246" bytes="717904" bytesdiscarded="79240" />
  <memory-copied type="other" objects="24057" bytes="2045432" bytesdiscarded="123968" />
  <memory-cardclean objects="17650" bytes="893608" />
  <regions eden="22" other="3" />
  <remembered-set-cleared processed="22089" cleared="2410" durationms="0.196" />
  <finalization candidates="6" enqueued="0" />
  <references type="soft" candidates="14" cleared="0" enqueued="0" dynamicThreshold="19" maxThreshold="32" />
  <references type="weak" candidates="5" cleared="0" enqueued="0" />
  <references type="phantom" candidates="4" cleared="0" enqueued="0" />
  <stringconstants candidates="14612" cleared="0"  />
</gc-op>
<gc-op id="4120" type="classunload" timems="0.017" contextid="4116" timestamp="2019-08-11T06:21:22.512">
  <classunload-info classloadercandidates="54" classloadersunloaded="0" classesunloaded="0" anonymousclassesunloaded="0" quiescems="0.000" setupms="0.017" scanms="0.000" postms="0.000" />
</gc-op>
<heap-resize id="4121" type="expand" space="default" amount="4194304" count="1" timems="0.088" reason="excessive time being spent in gc" timestamp="2019-08-11T06:21:22.512" />
<gc-end id="4122" type="partial gc" contextid="4116" durationms="77.830" usertimems="82.064" systemtimems="32.532" timestamp="2019-08-11T06:21:22.512" activeThreads="16">
  <mem-info id="4123" free="94371840" total="157286400" percent="60">
    <mem type="eden" free="1300008" total="2097152" percent="61" />
    <remembered-set count="32704" freebytes="6157184" totalbytes="6288000" percent="97" regionsoverflowed="0" regionsstable="7" regionsrebuilding="0"/>
  </mem-info>
</gc-end>
<cycle-end id="4124" type="partial gc" contextid="4116" timestamp="2019-08-11T06:21:22.512" />
  <attribute name="elasticGC enabled" value="1" />
  <attribute name= "numThreadsSpecified" value="16" />
  <attribute name="heapSize specified" value="0" />
  <attribute name="Current GC Util" value="80" />
  <attribute name= "Current Time Running" value="193627" />
  <attribute name ="GC Interval" value="0" />
  <attribute name="ProportionalT" value="0.000000" />
  <attribute name="ProportionalI" value="0.000000" />
  <attribute name="ProportionalH" value="0.000000" />
  <attribute name="Current Error" value="0.000000" />
  <attribute name="IntegralT" value="0.000000" />
  <attribute name="IntegralI" value="0.000000" />
  <attribute name="IntegralH" value="0.000000" />
  <attribute name="DerivativeT" value="-nan" />
  <attribute name="DerivativeI" value="-nan" />
  <attribute name="DerivativeH" value="-nan" />
  <attribute name="Loop Time for DT" value="0.000000" />
  <attribute name="Output H" value="4202627072"/>
  <attribute name="Output I" value="200"/>
  <attribute name="Output T" value="16"/>
  <attribute name="Target GC Util Change" value ="80.000000" />
  <attribute name="Current GC Util Change" value="80.000000"/>
  <attribute name="GC Util currently" value="80" />
  <attribute name="CPU Util currently" value="1556779635257" />
<exclusive-end id="4125" timestamp="2019-08-11T06:21:22.512" durationms="78.920" />

<exclusive-start id="4126" timestamp="2019-08-11T06:21:22.592" intervalms="158.251">
  <response-info timems="3.575" idlems="3.575" threads="0" lastid="000000000212CD00" lastname="Thread-34" />
</exclusive-start>
<allocation-taxation id="4127" taxation-threshold="46137344" timestamp="2019-08-11T06:21:22.592" intervalms="158.301" />
<cycle-start id="4128" type="partial gc" contextid="0" timestamp="2019-08-11T06:21:22.592" intervalms="158.875" />
<gc-start id="4129" type="partial gc" contextid="4128" timestamp="2019-08-11T06:21:22.593">
  <mem-info id="4130" free="48234496" total="157286400" percent="30">
    <mem type="eden" free="0" total="46137344" percent="0" />
    <remembered-set count="32224" freebytes="6159104" totalbytes="6288000" percent="97" regionsoverflowed="0" regionsstable="7" regionsrebuilding="0"/>
  </mem-info>
</gc-start>
<allocation-stats totalBytes="46129848" >
  <allocated-bytes non-tlh="0" tlh="46129848" arrayletleaf="0"/>
  <largest-consumer threadName="Thread-28" threadId="00000000020F0F00" bytes="5332184" />
</allocation-stats>
<gc-op id="4131" type="copy forward" timems="22.861" contextid="4128" timestamp="2019-08-11T06:21:22.618">
  <memory-copied type="eden" objects="12885" bytes="452328" bytesdiscarded="74232" />
  <memory-copied type="other" objects="17541" bytes="717152" bytesdiscarded="58096" />
  <memory-cardclean objects="19698" bytes="977360" />
  <regions eden="22" other="2" />
  <remembered-set-cleared processed="23777" cleared="2462" durationms="0.482" />
  <stringconstants candidates="14612" cleared="0"  />
</gc-op>
<gc-op id="4132" type="classunload" timems="0.018" contextid="4128" timestamp="2019-08-11T06:21:22.618">
  <classunload-info classloadercandidates="54" classloadersunloaded="0" classesunloaded="0" anonymousclassesunloaded="0" quiescems="0.000" setupms="0.018" scanms="0.000" postms="0.000" />
</gc-op>
<heap-resize id="4133" type="expand" space="default" amount="6291456" count="1" timems="0.066" reason="excessive time being spent in gc" timestamp="2019-08-11T06:21:22.619" />
<gc-end id="4134" type="partial gc" contextid="4128" durationms="25.772" usertimems="42.073" systemtimems="16.836" timestamp="2019-08-11T06:21:22.619" activeThreads="16">
  <mem-info id="4135" free="98566144" total="163577856" percent="60">
    <mem type="eden" free="1570592" total="2097152" percent="74" />
    <remembered-set count="35744" freebytes="6396544" totalbytes="6539520" percent="97" regionsoverflowed="0" regionsstable="7" regionsrebuilding="0"/>
  </mem-info>
</gc-end>
<cycle-end id="4136" type="partial gc" contextid="4128" timestamp="2019-08-11T06:21:22.620" />
  <attribute name="elasticGC enabled" value="1" />
  <attribute name= "numThreadsSpecified" value="16" />
  <attribute name="heapSize specified" value="0" />
  <attribute name="Current GC Util" value="36" />
  <attribute name= "Current Time Running" value="193788" />
  <attribute name ="GC Interval" value="0" />
  <attribute name="ProportionalT" value="-22.000000" />
  <attribute name="ProportionalI" value="-22.000000" />
  <attribute name="ProportionalH" value="-22.000000" />
  <attribute name="Current Error" value="-44.000000" />
  <attribute name="IntegralT" value="-44.000000" />
  <attribute name="IntegralI" value="-44.000000" />
  <attribute name="IntegralH" value="-44.000000" />
  <attribute name="DerivativeT" value="-22.000000" />
  <attribute name="DerivativeI" value="-22.000000" />
  <attribute name="DerivativeH" value="-22.000000" />
  <attribute name="Loop Time for DT" value="2.000000" />
  <attribute name="Output H" value="4202627072"/>
  <attribute name="Output I" value="200"/>
  <attribute name="Output T" value="16"/>
  <attribute name="Target GC Util Change" value ="80.000000" />
  <attribute name="Current GC Util Change" value="36.000000"/>
  <attribute name="GC Util currently" value="36" />
  <attribute name="CPU Util currently" value="533699133655" />
<exclusive-end id="4137" timestamp="2019-08-11T06:21:22.625" durationms="33.493" />

<exclusive-start id="4138" timestamp="2019-08-11T06:21:22.754" intervalms="161.920">
  <response-info timems="5.583" idlems="5.583" threads="0" lastid="000000000213F900" lastname="Thread-23" />
</exclusive-start>
<allocation-taxation id="4139" taxation-threshold="48234496" timestamp="2019-08-11T06:21:22.754" intervalms="161.930" />
<cycle-start id="4140" type="partial gc" contextid="0" timestamp="2019-08-11T06:21:22.754" intervalms="161.468" />
<gc-start id="4141" type="partial gc" contextid="4140" timestamp="2019-08-11T06:21:22.754">
  <mem-info id="4142" free="50331648" total="163577856" percent="30">
    <mem type="eden" free="0" total="48234496" percent="0" />
    <remembered-set count="35616" freebytes="6397056" totalbytes="6539520" percent="97" regionsoverflowed="0" regionsstable="7" regionsrebuilding="0"/>
  </mem-info>
</gc-start>
<allocation-stats totalBytes="48227376" >
  <allocated-bytes non-tlh="0" tlh="48227376" arrayletleaf="0"/>
  <largest-consumer threadName="Thread-25" threadId="0000000002112A00" bytes="6401176" />
</allocation-stats>
<gc-op id="4143" type="copy forward" timems="30.902" contextid="4140" timestamp="2019-08-11T06:21:22.788">
  <memory-copied type="eden" objects="18289" bytes="718752" bytesdiscarded="79288" />
  <memory-copied type="other" objects="14870" bytes="494256" bytesdiscarded="38472" />
  <memory-cardclean objects="26528" bytes="1334824" />
  <regions eden="23" other="2" />
  <remembered-set-cleared processed="24309" cleared="5296" durationms="0.177" />
  <stringconstants candidates="14612" cleared="0"  />
</gc-op>
<gc-op id="4144" type="classunload" timems="0.010" contextid="4140" timestamp="2019-08-11T06:21:22.788">
  <classunload-info classloadercandidates="54" classloadersunloaded="0" classesunloaded="0" anonymousclassesunloaded="0" quiescems="0.000" setupms="0.010" scanms="0.000" postms="0.000" />
</gc-op>
<heap-resize id="4145" type="expand" space="default" amount="4194304" count="1" timems="0.067" reason="excessive time being spent in gc" timestamp="2019-08-11T06:21:22.788" />
<gc-end id="4146" type="partial gc" contextid="4140" durationms="33.937" usertimems="61.791" systemtimems="30.407" timestamp="2019-08-11T06:21:22.788" activeThreads="16">
  <mem-info id="4147" free="100663296" total="167772160" percent="60">
    <mem type="eden" free="1299112" total="2097152" percent="61" />
    <remembered-set count="34048" freebytes="6571008" totalbytes="6707200" percent="97" regionsoverflowed="0" regionsstable="7" regionsrebuilding="0"/>
  </mem-info>
</gc-end>
<cycle-end id="4148" type="partial gc" contextid="4140" timestamp="2019-08-11T06:21:22.788" />
  <attribute name="elasticGC enabled" value="1" />
  <attribute name= "numThreadsSpecified" value="16" />
  <attribute name="heapSize specified" value="0" />
  <attribute name="Current GC Util" value="108" />
  <attribute name= "Current Time Running" value="193950" />
  <attribute name ="GC Interval" value="0" />
  <attribute name="ProportionalT" value="14.000000" />
  <attribute name="ProportionalI" value="14.000000" />
  <attribute name="ProportionalH" value="14.000000" />
  <attribute name="Current Error" value="28.000000" />
  <attribute name="IntegralT" value="42.000000" />
  <attribute name="IntegralI" value="42.000000" />
  <attribute name="IntegralH" value="42.000000" />
  <attribute name="DerivativeT" value="9.333333" />
  <attribute name="DerivativeI" value="9.333333" />
  <attribute name="DerivativeH" value="9.333333" />
  <attribute name="Loop Time for DT" value="3.000000" />
  <attribute name="Output H" value="8388608"/>
  <attribute name="Output I" value="200"/>
  <attribute name="Output T" value="16"/>
  <attribute name="Target GC Util Change" value ="80.000000" />
  <attribute name="Current GC Util Change" value="108.000000"/>
  <attribute name="GC Util currently" value="108" />
  <attribute name="CPU Util currently" value="470493561607" />
<exclusive-end id="4149" timestamp="2019-08-11T06:21:22.789" durationms="35.086" />

<exclusive-start id="4150" timestamp="2019-08-11T06:21:22.905" intervalms="151.039">
  <response-info timems="9.382" idlems="9.382" threads="0" lastid="000000000211DE00" lastname="Thread-33" />
</exclusive-start>
<allocation-taxation id="4151" taxation-threshold="48234496" timestamp="2019-08-11T06:21:22.905" intervalms="150.948" />
<cycle-start id="4152" type="partial gc" contextid="0" timestamp="2019-08-11T06:21:22.905" intervalms="150.821" />
<gc-start id="4153" type="partial gc" contextid="4152" timestamp="2019-08-11T06:21:22.905">
  <mem-info id="4154" free="52428800" total="167772160" percent="31">
    <mem type="eden" free="0" total="48234496" percent="0" />
    <remembered-set count="34016" freebytes="6571136" totalbytes="6707200" percent="97" regionsoverflowed="0" regionsstable="7" regionsrebuilding="0"/>
  </mem-info>
</gc-start>
<allocation-stats totalBytes="48227200" >
  <allocated-bytes non-tlh="0" tlh="48227200" arrayletleaf="0"/>
  <largest-consumer threadName="Thread-34" threadId="000000000212CD00" bytes="6675520" />
</allocation-stats>
<gc-op id="4155" type="copy forward" timems="85.151" contextid="4152" timestamp="2019-08-11T06:21:22.992">
  <memory-copied type="eden" objects="7815" bytes="192888" bytesdiscarded="30672" />
  <memory-copied type="other" objects="17893" bytes="704184" bytesdiscarded="54744" />
  <memory-cardclean objects="21379" bytes="1057296" />
  <regions eden="23" other="2" />
  <remembered-set-cleared processed="24932" cleared="4544" durationms="0.247" />
  <stringconstants candidates="14612" cleared="0"  />
</gc-op>
<gc-op id="4156" type="classunload" timems="0.010" contextid="4152" timestamp="2019-08-11T06:21:22.992">
  <classunload-info classloadercandidates="54" classloadersunloaded="0" classesunloaded="0" anonymousclassesunloaded="0" quiescems="0.000" setupms="0.010" scanms="0.000" postms="0.000" />
</gc-op>
<heap-resize id="4157" type="expand" space="default" amount="10485760" count="1" timems="0.067" reason="excessive time being spent in gc" timestamp="2019-08-11T06:21:22.992" />
<gc-end id="4158" type="partial gc" contextid="4152" durationms="87.307" usertimems="58.927" systemtimems="65.626" timestamp="2019-08-11T06:21:22.992" activeThreads="16">
  <mem-info id="4159" free="106954752" total="178257920" percent="60">
    <mem type="eden" free="3970744" total="4194304" percent="94" />
    <remembered-set count="34528" freebytes="6988288" totalbytes="7126400" percent="98" regionsoverflowed="0" regionsstable="7" regionsrebuilding="0"/>
  </mem-info>
</gc-end>
<cycle-end id="4160" type="partial gc" contextid="4152" timestamp="2019-08-11T06:21:22.993" />
  <attribute name="elasticGC enabled" value="1" />
  <attribute name= "numThreadsSpecified" value="16" />
  <attribute name="heapSize specified" value="0" />
  <attribute name="Current GC Util" value="70" />
  <attribute name= "Current Time Running" value="194099" />
  <attribute name ="GC Interval" value="0" />
  <attribute name="ProportionalT" value="-5.000000" />
  <attribute name="ProportionalI" value="-5.000000" />
  <attribute name="ProportionalH" value="-5.000000" />
  <attribute name="Current Error" value="-10.000000" />
  <attribute name="IntegralT" value="-5.000000" />
  <attribute name="IntegralI" value="-5.000000" />
  <attribute name="IntegralH" value="-5.000000" />
  <attribute name="DerivativeT" value="-10.000000" />
  <attribute name="DerivativeI" value="-10.000000" />
  <attribute name="DerivativeH" value="-10.000000" />
  <attribute name="Loop Time for DT" value="1.000000" />
  <attribute name="Output H" value="4202627072"/>
  <attribute name="Output I" value="200"/>
  <attribute name="Output T" value="16"/>
  <attribute name="Target GC Util Change" value ="80.000000" />
  <attribute name="Current GC Util Change" value="70.000000"/>
  <attribute name="GC Util currently" value="70" />
  <attribute name="CPU Util currently" value="812427405417" />
<exclusive-end id="4161" timestamp="2019-08-11T06:21:22.993" durationms="88.122" />

<exclusive-start id="4162" timestamp="2019-08-11T06:21:23.103" intervalms="198.914">
  <response-info timems="2.629" idlems="2.629" threads="0" lastid="0000000002112A00" lastname="Thread-25" />
</exclusive-start>
<allocation-taxation id="4163" taxation-threshold="52428800" timestamp="2019-08-11T06:21:23.104" intervalms="198.915" />
<cycle-start id="4164" type="partial gc" contextid="0" timestamp="2019-08-11T06:21:23.104" intervalms="198.850" />
<gc-start id="4165" type="partial gc" contextid="4164" timestamp="2019-08-11T06:21:23.104">
  <mem-info id="4166" free="54525952" total="178257920" percent="30">
    <mem type="eden" free="0" total="52428800" percent="0" />
    <remembered-set count="34368" freebytes="6988928" totalbytes="7126400" percent="98" regionsoverflowed="0" regionsstable="7" regionsrebuilding="0"/>
  </mem-info>
</gc-start>
<allocation-stats totalBytes="52421264" >
  <allocated-bytes non-tlh="0" tlh="52421264" arrayletleaf="0"/>
  <largest-consumer threadName="Thread-34" threadId="000000000212CD00" bytes="5827800" />
</allocation-stats>
<gc-op id="4167" type="copy forward" timems="78.637" contextid="4164" timestamp="2019-08-11T06:21:23.185">
  <memory-copied type="eden" objects="9094" bytes="223672" bytesdiscarded="12984" />
  <memory-copied type="other" objects="7241" bytes="173784" bytesdiscarded="7280" />
  <memory-cardclean objects="26070" bytes="1296496" />
  <regions eden="25" other="3" />
  <remembered-set-cleared processed="24795" cleared="4185" durationms="0.241" />
  <stringconstants candidates="14612" cleared="0"  />
</gc-op>
<gc-op id="4168" type="classunload" timems="0.010" contextid="4164" timestamp="2019-08-11T06:21:23.185">
  <classunload-info classloadercandidates="54" classloadersunloaded="0" classesunloaded="0" anonymousclassesunloaded="0" quiescems="0.000" setupms="0.010" scanms="0.000" postms="0.000" />
</gc-op>
<heap-resize id="4169" type="expand" space="default" amount="6291456" count="1" timems="0.064" reason="excessive time being spent in gc" timestamp="2019-08-11T06:21:23.185" />
<gc-end id="4170" type="partial gc" contextid="4164" durationms="81.163" usertimems="35.000" systemtimems="38.593" timestamp="2019-08-11T06:21:23.185" activeThreads="16">
  <mem-info id="4171" free="111149056" total="184549376" percent="60">
    <mem type="eden" free="3957648" total="4194304" percent="94" />
    <remembered-set count="35424" freebytes="7236224" totalbytes="7377920" percent="98" regionsoverflowed="0" regionsstable="7" regionsrebuilding="0"/>
  </mem-info>
</gc-end>
<cycle-end id="4172" type="partial gc" contextid="4164" timestamp="2019-08-11T06:21:23.185" />
  <attribute name="elasticGC enabled" value="1" />
  <attribute name= "numThreadsSpecified" value="16" />
  <attribute name="heapSize specified" value="0" />
  <attribute name="Current GC Util" value="90" />
  <attribute name= "Current Time Running" value="194299" />
  <attribute name ="GC Interval" value="0" />
  <attribute name="ProportionalT" value="5.000000" />
  <attribute name="ProportionalI" value="5.000000" />
  <attribute name="ProportionalH" value="5.000000" />
  <attribute name="Current Error" value="10.000000" />
  <attribute name="IntegralT" value="10.000000" />
  <attribute name="IntegralI" value="10.000000" />
  <attribute name="IntegralH" value="10.000000" />
  <attribute name="DerivativeT" value="5.000000" />
  <attribute name="DerivativeI" value="5.000000" />
  <attribute name="DerivativeH" value="5.000000" />
  <attribute name="Loop Time for DT" value="2.000000" />
  <attribute name="Output H" value="8388608"/>
  <attribute name="Output I" value="200"/>
  <attribute name="Output T" value="16"/>
  <attribute name="Target GC Util Change" value ="80.000000" />
  <attribute name="Current GC Util Change" value="90.000000"/>
  <attribute name="GC Util currently" value="90" />
  <attribute name="CPU Util currently" value="604071930587" />
<exclusive-end id="4173" timestamp="2019-08-11T06:21:23.185" durationms="81.904" />

<exclusive-start id="4174" timestamp="2019-08-11T06:21:23.362" intervalms="258.561">
  <response-info timems="51.188" idlems="36.742" threads="4" lastid="00000000020E9700" lastname="Thread-24" />
</exclusive-start>
<allocation-taxation id="4175" taxation-threshold="52428800" timestamp="2019-08-11T06:21:23.362" intervalms="258.567" />
<cycle-start id="4176" type="partial gc" contextid="0" timestamp="2019-08-11T06:21:23.365" intervalms="261.217" />
<gc-start id="4177" type="partial gc" contextid="4176" timestamp="2019-08-11T06:21:23.365">
  <mem-info id="4178" free="58720256" total="184549376" percent="31">
    <mem type="eden" free="0" total="52428800" percent="0" />
    <remembered-set count="35360" freebytes="7236480" totalbytes="7377920" percent="98" regionsoverflowed="0" regionsstable="7" regionsrebuilding="0"/>
  </mem-info>
</gc-start>
<allocation-stats totalBytes="52420936" >
  <allocated-bytes non-tlh="0" tlh="52420936" arrayletleaf="0"/>
  <largest-consumer threadName="Thread-34" threadId="000000000212CD00" bytes="6028512" />
</allocation-stats>
<gc-op id="4179" type="copy forward" timems="18.589" contextid="4176" timestamp="2019-08-11T06:21:23.386">
  <memory-copied type="eden" objects="24238" bytes="862160" bytesdiscarded="70256" />
  <memory-copied type="other" objects="8556" bytes="205344" bytesdiscarded="9096" />
  <memory-cardclean objects="30544" bytes="1478280" />
  <regions eden="25" other="3" />
  <remembered-set-cleared processed="25154" cleared="4367" durationms="0.158" />
  <stringconstants candidates="14612" cleared="0"  />
</gc-op>
<gc-op id="4180" type="classunload" timems="0.012" contextid="4176" timestamp="2019-08-11T06:21:23.386">
  <classunload-info classloadercandidates="54" classloadersunloaded="0" classesunloaded="0" anonymousclassesunloaded="0" quiescems="0.000" setupms="0.012" scanms="0.000" postms="0.000" />
</gc-op>
<gc-end id="4181" type="partial gc" contextid="4176" durationms="21.488" usertimems="20.841" systemtimems="28.681" timestamp="2019-08-11T06:21:23.387" activeThreads="16">
  <mem-info id="4182" free="111149056" total="184549376" percent="60">
    <mem type="eden" free="1164736" total="2097152" percent="55" />
    <remembered-set count="35328" freebytes="7236608" totalbytes="7377920" percent="98" regionsoverflowed="0" regionsstable="7" regionsrebuilding="0"/>
  </mem-info>
</gc-end>
<cycle-end id="4183" type="partial gc" contextid="4176" timestamp="2019-08-11T06:21:23.394" />
  <attribute name="elasticGC enabled" value="1" />
  <attribute name= "numThreadsSpecified" value="16" />
  <attribute name="heapSize specified" value="0" />
  <attribute name="Current GC Util" value="152" />
  <attribute name= "Current Time Running" value="194560" />
  <attribute name ="GC Interval" value="0" />
  <attribute name="ProportionalT" value="36.000000" />
  <attribute name="ProportionalI" value="36.000000" />
  <attribute name="ProportionalH" value="36.000000" />
  <attribute name="Current Error" value="72.000000" />
  <attribute name="IntegralT" value="72.000000" />
  <attribute name="IntegralI" value="72.000000" />
  <attribute name="IntegralH" value="72.000000" />
  <attribute name="DerivativeT" value="36.000000" />
  <attribute name="DerivativeI" value="36.000000" />
  <attribute name="DerivativeH" value="36.000000" />
  <attribute name="Loop Time for DT" value="2.000000" />
  <attribute name="Output H" value="8388608"/>
  <attribute name="Output I" value="200"/>
  <attribute name="Output T" value="16"/>
  <attribute name="Target GC Util Change" value ="80.000000" />
  <attribute name="Current GC Util Change" value="152.000000"/>
  <attribute name="GC Util currently" value="152" />
  <attribute name="CPU Util currently" value="493121245557" />
<exclusive-end id="4184" timestamp="2019-08-11T06:21:23.395" durationms="33.079" />

<exclusive-start id="4185" timestamp="2019-08-11T06:21:23.466" intervalms="103.822">
  <response-info timems="1.342" idlems="0.473" threads="2" lastid="00000000020F0F00" lastname="Thread-28" />
</exclusive-start>
<allocation-taxation id="4186" taxation-threshold="52428800" timestamp="2019-08-11T06:21:23.466" intervalms="103.805" />
<cycle-start id="4187" type="partial gc" contextid="0" timestamp="2019-08-11T06:21:23.466" intervalms="101.222" />
<gc-start id="4188" type="partial gc" contextid="4187" timestamp="2019-08-11T06:21:23.466">
  <mem-info id="4189" free="58720256" total="184549376" percent="31">
    <mem type="eden" free="0" total="52428800" percent="0" />
    <remembered-set count="35040" freebytes="7237760" totalbytes="7377920" percent="98" regionsoverflowed="0" regionsstable="7" regionsrebuilding="0"/>
  </mem-info>
</gc-start>
<allocation-stats totalBytes="52421080" >
  <allocated-bytes non-tlh="0" tlh="52421080" arrayletleaf="0"/>
  <largest-consumer threadName="Thread-21" threadId="00000000020F4B00" bytes="9571080" />
</allocation-stats>
<gc-op id="4190" type="copy forward" timems="16.851" contextid="4187" timestamp="2019-08-11T06:21:23.485">
  <memory-copied type="eden" objects="31004" bytes="1161240" bytesdiscarded="107880" />
  <memory-copied type="other" objects="23478" bytes="838224" bytesdiscarded="73152" />
  <memory-cardclean objects="27940" bytes="1368784" />
  <regions eden="25" other="2" />
  <remembered-set-cleared processed="25824" cleared="4734" durationms="0.445" />
  <stringconstants candidates="14612" cleared="0"  />
</gc-op>
<gc-op id="4191" type="classunload" timems="0.011" contextid="4187" timestamp="2019-08-11T06:21:23.485">
  <classunload-info classloadercandidates="54" classloadersunloaded="0" classesunloaded="0" anonymousclassesunloaded="0" quiescems="0.000" setupms="0.010" scanms="0.000" postms="0.000" />
</gc-op>
<heap-resize id="4192" type="expand" space="default" amount="4194304" count="1" timems="0.062" reason="excessive time being spent in gc" timestamp="2019-08-11T06:21:23.485" />
<gc-end id="4193" type="partial gc" contextid="4187" durationms="19.102" usertimems="40.729" systemtimems="12.030" timestamp="2019-08-11T06:21:23.485" activeThreads="16">
  <mem-info id="4194" free="113246208" total="188743680" percent="60">
    <mem type="eden" free="828032" total="2097152" percent="39" />
    <remembered-set count="37472" freebytes="7395712" totalbytes="7545600" percent="98" regionsoverflowed="0" regionsstable="7" regionsrebuilding="0"/>
  </mem-info>
</gc-end>
<cycle-end id="4195" type="partial gc" contextid="4187" timestamp="2019-08-11T06:21:23.486" />
  <attribute name="elasticGC enabled" value="1" />
  <attribute name= "numThreadsSpecified" value="16" />
  <attribute name="heapSize specified" value="0" />
  <attribute name="Current GC Util" value="71" />
  <attribute name= "Current Time Running" value="194661" />
  <attribute name ="GC Interval" value="0" />
  <attribute name="ProportionalT" value="-4.500000" />
  <attribute name="ProportionalI" value="-4.500000" />
  <attribute name="ProportionalH" value="-4.500000" />
  <attribute name="Current Error" value="-9.000000" />
  <attribute name="IntegralT" value="-9.000000" />
  <attribute name="IntegralI" value="-9.000000" />
  <attribute name="IntegralH" value="-9.000000" />
  <attribute name="DerivativeT" value="-4.500000" />
  <attribute name="DerivativeI" value="-4.500000" />
  <attribute name="DerivativeH" value="-4.500000" />
  <attribute name="Loop Time for DT" value="2.000000" />
  <attribute name="Output H" value="4202627072"/>
  <attribute name="Output I" value="200"/>
  <attribute name="Output T" value="16"/>
  <attribute name="Target GC Util Change" value ="80.000000" />
  <attribute name="Current GC Util Change" value="71.000000"/>
  <attribute name="GC Util currently" value="71" />
  <attribute name="CPU Util currently" value="679642704503" />
<exclusive-end id="4196" timestamp="2019-08-11T06:21:23.486" durationms="19.793" />

<exclusive-start id="4197" timestamp="2019-08-11T06:21:23.527" intervalms="61.097">
  <response-info timems="4.821" idlems="4.821" threads="0" lastid="0000000002147100" lastname="Thread-35" />
</exclusive-start>
<allocation-taxation id="4198" taxation-threshold="54525952" timestamp="2019-08-11T06:21:23.527" intervalms="61.191" />
<cycle-start id="4199" type="partial gc" contextid="0" timestamp="2019-08-11T06:21:23.527" intervalms="61.083" />
<gc-start id="4200" type="partial gc" contextid="4199" timestamp="2019-08-11T06:21:23.527">
  <mem-info id="4201" free="58720256" total="188743680" percent="31">
    <mem type="eden" free="0" total="54525952" percent="0" />
    <remembered-set count="37344" freebytes="7396224" totalbytes="7545600" percent="98" regionsoverflowed="0" regionsstable="7" regionsrebuilding="0"/>
  </mem-info>
</gc-start>
<allocation-stats totalBytes="54517952" >
  <allocated-bytes non-tlh="0" tlh="54517952" arrayletleaf="0"/>
  <largest-consumer threadName="Thread-34" threadId="000000000212CD00" bytes="6298824" />
</allocation-stats>
<gc-op id="4202" type="copy forward" timems="164.349" contextid="4199" timestamp="2019-08-11T06:21:23.733">
  <memory-copied type="eden" objects="36987" bytes="1442600" bytesdiscarded="132400" />
  <memory-copied type="other" objects="39237" bytes="1816424" bytesdiscarded="171944" />
  <memory-cardclean objects="27424" bytes="1374512" />
  <regions eden="26" other="3" />
  <remembered-set-cleared processed="26111" cleared="5672" durationms="0.323" />
  <references type="soft" candidates="3" cleared="0" enqueued="0" dynamicThreshold="19" maxThreshold="32" />
  <references type="weak" candidates="3" cleared="0" enqueued="0" />
  <stringconstants candidates="14612" cleared="0"  />
</gc-op>
<gc-op id="4203" type="classunload" timems="0.011" contextid="4199" timestamp="2019-08-11T06:21:23.734">
  <classunload-info classloadercandidates="54" classloadersunloaded="0" classesunloaded="0" anonymousclassesunloaded="0" quiescems="0.000" setupms="0.010" scanms="0.000" postms="0.000" />
</gc-op>
<gc-end id="4204" type="partial gc" contextid="4199" durationms="206.327" usertimems="59.186" systemtimems="74.619" timestamp="2019-08-11T06:21:23.734" activeThreads="16">
  <mem-info id="4205" free="113246208" total="188743680" percent="60">
    <mem type="eden" free="522152" total="2097152" percent="24" />
    <remembered-set count="38624" freebytes="7391104" totalbytes="7545600" percent="97" regionsoverflowed="0" regionsstable="7" regionsrebuilding="0"/>
  </mem-info>
</gc-end>
<cycle-end id="4206" type="partial gc" contextid="4199" timestamp="2019-08-11T06:21:23.734" />
  <attribute name="elasticGC enabled" value="1" />
  <attribute name= "numThreadsSpecified" value="16" />
  <attribute name="heapSize specified" value="0" />
  <attribute name="Current GC Util" value="8" />
  <attribute name= "Current Time Running" value="194762" />
  <attribute name ="GC Interval" value="0" />
  <attribute name="ProportionalT" value="-36.000000" />
  <attribute name="ProportionalI" value="-36.000000" />
  <attribute name="ProportionalH" value="-36.000000" />
  <attribute name="Current Error" value="-72.000000" />
  <attribute name="IntegralT" value="-1512.000000" />
  <attribute name="IntegralI" value="-1512.000000" />
  <attribute name="IntegralH" value="-1512.000000" />
  <attribute name="DerivativeT" value="-1.714286" />
  <attribute name="DerivativeI" value="-1.714286" />
  <attribute name="DerivativeH" value="-1.714286" />
  <attribute name="Loop Time for DT" value="42.000000" />
  <attribute name="Output H" value="4202627072"/>
  <attribute name="Output I" value="200"/>
  <attribute name="Output T" value="16"/>
  <attribute name="Target GC Util Change" value ="80.000000" />
  <attribute name="Current GC Util Change" value="8.000000"/>
  <attribute name="GC Util currently" value="8" />
  <attribute name="CPU Util currently" value="27897021065" />
<exclusive-end id="4207" timestamp="2019-08-11T06:21:23.734" durationms="207.239" />

<exclusive-start id="4208" timestamp="2019-08-11T06:21:23.767" intervalms="240.319">
  <response-info timems="7.865" idlems="7.865" threads="0" lastid="00000000020F0F00" lastname="Thread-28" />
</exclusive-start>
<allocation-taxation id="4209" taxation-threshold="54525952" timestamp="2019-08-11T06:21:23.767" intervalms="240.235" />
<cycle-start id="4210" type="partial gc" contextid="0" timestamp="2019-08-11T06:21:23.767" intervalms="240.253" />
<gc-start id="4211" type="partial gc" contextid="4210" timestamp="2019-08-11T06:21:23.768">
  <mem-info id="4212" free="58720256" total="188743680" percent="31">
    <mem type="eden" free="0" total="54525952" percent="0" />
    <remembered-set count="38368" freebytes="7392128" totalbytes="7545600" percent="97" regionsoverflowed="0" regionsstable="7" regionsrebuilding="0"/>
  </mem-info>
</gc-start>
<allocation-stats totalBytes="54517792" >
  <allocated-bytes non-tlh="0" tlh="54517792" arrayletleaf="0"/>
  <largest-consumer threadName="Thread-36" threadId="0000000002116600" bytes="6040712" />
</allocation-stats>
<gc-op id="4213" type="copy forward" timems="116.268" contextid="4210" timestamp="2019-08-11T06:21:23.886">
  <memory-copied type="eden" objects="17986" bytes="436552" bytesdiscarded="71192" />
  <memory-copied type="other" objects="44420" bytes="1752960" bytesdiscarded="130888" />
  <memory-cardclean objects="35822" bytes="1758808" />
  <regions eden="26" other="2" />
  <remembered-set-cleared processed="26038" cleared="4667" durationms="0.577" />
  <stringconstants candidates="14612" cleared="0"  />
</gc-op>
<gc-op id="4214" type="classunload" timems="0.017" contextid="4210" timestamp="2019-08-11T06:21:23.886">
  <classunload-info classloadercandidates="54" classloadersunloaded="0" classesunloaded="0" anonymousclassesunloaded="0" quiescems="0.000" setupms="0.017" scanms="0.000" postms="0.000" />
</gc-op>
<heap-resize id="4215" type="expand" space="default" amount="6291456" count="1" timems="0.070" reason="excessive time being spent in gc" timestamp="2019-08-11T06:21:23.886" />
<gc-end id="4216" type="partial gc" contextid="4210" durationms="118.546" usertimems="66.525" systemtimems="29.476" timestamp="2019-08-11T06:21:23.886" activeThreads="16">
  <mem-info id="4217" free="117440512" total="195035136" percent="60">
    <mem type="eden" free="1589408" total="2097152" percent="75" />
    <remembered-set count="41408" freebytes="7631488" totalbytes="7797120" percent="97" regionsoverflowed="0" regionsstable="7" regionsrebuilding="0"/>
  </mem-info>
</gc-end>
<cycle-end id="4218" type="partial gc" contextid="4210" timestamp="2019-08-11T06:21:23.886" />
  <attribute name="elasticGC enabled" value="1" />
  <attribute name= "numThreadsSpecified" value="16" />
  <attribute name="heapSize specified" value="0" />
  <attribute name="Current GC Util" value="98" />
  <attribute name= "Current Time Running" value="194962" />
  <attribute name ="GC Interval" value="0" />
  <attribute name="ProportionalT" value="9.000000" />
  <attribute name="ProportionalI" value="9.000000" />
  <attribute name="ProportionalH" value="9.000000" />
  <attribute name="Current Error" value="18.000000" />
  <attribute name="IntegralT" value="9.000000" />
  <attribute name="IntegralI" value="9.000000" />
  <attribute name="IntegralH" value="9.000000" />
  <attribute name="DerivativeT" value="18.000000" />
  <attribute name="DerivativeI" value="18.000000" />
  <attribute name="DerivativeH" value="18.000000" />
  <attribute name="Loop Time for DT" value="1.000000" />
  <attribute name="Output H" value="8388608"/>
  <attribute name="Output I" value="200"/>
  <attribute name="Output T" value="16"/>
  <attribute name="Target GC Util Change" value ="80.000000" />
  <attribute name="Current GC Util Change" value="98.000000"/>
  <attribute name="GC Util currently" value="98" />
  <attribute name="CPU Util currently" value="996245820430" />
<exclusive-end id="4219" timestamp="2019-08-11T06:21:23.886" durationms="119.186" />

<exclusive-start id="4220" timestamp="2019-08-11T06:21:23.915" intervalms="148.027">
  <response-info timems="5.186" idlems="5.186" threads="0" lastid="0000000002103B00" lastname="Thread-27" />
</exclusive-start>
<allocation-taxation id="4221" taxation-threshold="56623104" timestamp="2019-08-11T06:21:23.915" intervalms="148.068" />
<cycle-start id="4222" type="partial gc" contextid="0" timestamp="2019-08-11T06:21:23.916" intervalms="148.100" />
<gc-start id="4223" type="partial gc" contextid="4222" timestamp="2019-08-11T06:21:23.916">
  <mem-info id="4224" free="60817408" total="195035136" percent="31">
    <mem type="eden" free="0" total="56623104" percent="0" />
    <remembered-set count="41088" freebytes="7632768" totalbytes="7797120" percent="97" regionsoverflowed="0" regionsstable="7" regionsrebuilding="0"/>
  </mem-info>
</gc-start>
<allocation-stats totalBytes="56615408" >
  <allocated-bytes non-tlh="0" tlh="56615408" arrayletleaf="0"/>
  <largest-consumer threadName="Thread-32" threadId="000000000213BD00" bytes="7105640" />
</allocation-stats>
<gc-op id="4225" type="copy forward" timems="15.817" contextid="4222" timestamp="2019-08-11T06:21:23.934">
  <memory-copied type="eden" objects="44371" bytes="1756912" bytesdiscarded="181216" />
  <memory-copied type="other" objects="25577" bytes="751224" bytesdiscarded="52360" />
  <memory-cardclean objects="40656" bytes="2059408" />
  <regions eden="27" other="2" />
  <remembered-set-cleared processed="28699" cleared="4715" durationms="0.167" />
  <stringconstants candidates="14612" cleared="0"  />
</gc-op>
<gc-op id="4226" type="classunload" timems="0.012" contextid="4222" timestamp="2019-08-11T06:21:23.934">
  <classunload-info classloadercandidates="54" classloadersunloaded="0" classesunloaded="0" anonymousclassesunloaded="0" quiescems="0.000" setupms="0.012" scanms="0.000" postms="0.000" />
</gc-op>
<heap-resize id="4227" type="expand" space="default" amount="4194304" count="1" timems="0.066" reason="excessive time being spent in gc" timestamp="2019-08-11T06:21:23.934" />
<gc-end id="4228" type="partial gc" contextid="4222" durationms="18.146" usertimems="49.481" systemtimems="4.709" timestamp="2019-08-11T06:21:23.934" activeThreads="8">
  <mem-info id="4229" free="119537664" total="199229440" percent="60">
    <mem type="eden" free="159024" total="2097152" percent="7" />
    <remembered-set count="44064" freebytes="7788544" totalbytes="7964800" percent="97" regionsoverflowed="0" regionsstable="7" regionsrebuilding="0"/>
  </mem-info>
</gc-end>
<cycle-end id="4230" type="partial gc" contextid="4222" timestamp="2019-08-11T06:21:23.934" />
  <attribute name="elasticGC enabled" value="1" />
  <attribute name= "numThreadsSpecified" value="8" />
  <attribute name="heapSize specified" value="0" />
  <attribute name="Current GC Util" value="81" />
  <attribute name= "Current Time Running" value="195110" />
  <attribute name ="GC Interval" value="0" />
  <attribute name="ProportionalT" value="0.500000" />
  <attribute name="ProportionalI" value="0.500000" />
  <attribute name="ProportionalH" value="0.500000" />
  <attribute name="Current Error" value="1.000000" />
  <attribute name="IntegralT" value="0.500000" />
  <attribute name="IntegralI" value="0.500000" />
  <attribute name="IntegralH" value="0.500000" />
  <attribute name="DerivativeT" value="1.000000" />
  <attribute name="DerivativeI" value="1.000000" />
  <attribute name="DerivativeH" value="1.000000" />
  <attribute name="Loop Time for DT" value="1.000000" />
  <attribute name="Output H" value="8388608"/>
  <attribute name="Output I" value="200"/>
  <attribute name="Output T" value="8"/>
  <attribute name="Target GC Util Change" value ="80.000000" />
  <attribute name="Current GC Util Change" value="81.000000"/>
  <attribute name="GC Util currently" value="81" />
  <attribute name="CPU Util currently" value="677330451760" />
<exclusive-end id="4231" timestamp="2019-08-11T06:21:23.934" durationms="19.007" />

<exclusive-start id="4232" timestamp="2019-08-11T06:21:23.973" intervalms="57.681">
  <response-info timems="2.798" idlems="2.798" threads="0" lastid="000000000211DE00" lastname="Thread-33" />
</exclusive-start>
<allocation-taxation id="4233" taxation-threshold="56623104" timestamp="2019-08-11T06:21:23.973" intervalms="57.647" />
<cycle-start id="4234" type="partial gc" contextid="0" timestamp="2019-08-11T06:21:23.973" intervalms="57.661" />
<gc-start id="4235" type="partial gc" contextid="4234" timestamp="2019-08-11T06:21:23.973">
  <mem-info id="4236" free="62914560" total="199229440" percent="31">
    <mem type="eden" free="0" total="56623104" percent="0" />
    <remembered-set count="43744" freebytes="7789824" totalbytes="7964800" percent="97" regionsoverflowed="0" regionsstable="7" regionsrebuilding="0"/>
  </mem-info>
</gc-start>
<allocation-stats totalBytes="56615064" >
  <allocated-bytes non-tlh="0" tlh="56615064" arrayletleaf="0"/>
  <largest-consumer threadName="Thread-27" threadId="0000000002103B00" bytes="6130888" />
</allocation-stats>
<gc-op id="4237" type="copy forward" timems="147.262" contextid="4234" timestamp="2019-08-11T06:21:24.122">
  <memory-copied type="eden" objects="30850" bytes="1295712" bytesdiscarded="123304" />
  <memory-copied type="other" objects="52619" bytes="3140400" bytesdiscarded="351744" />
  <memory-cardclean objects="58253" bytes="2925272" />
  <regions eden="27" other="4" />
  <remembered-set-cleared processed="26818" cleared="12571" durationms="0.312" />
  <references type="soft" candidates="12" cleared="0" enqueued="0" dynamicThreshold="19" maxThreshold="32" />
  <references type="weak" candidates="10" cleared="0" enqueued="0" />
  <references type="phantom" candidates="2" cleared="0" enqueued="0" />
  <stringconstants candidates="14612" cleared="0"  />
</gc-op>
<gc-op id="4238" type="classunload" timems="0.013" contextid="4234" timestamp="2019-08-11T06:21:24.122">
  <classunload-info classloadercandidates="54" classloadersunloaded="0" classesunloaded="0" anonymousclassesunloaded="0" quiescems="0.000" setupms="0.013" scanms="0.000" postms="0.000" />
</gc-op>
<gc-end id="4239" type="partial gc" contextid="4234" durationms="149.116" usertimems="45.154" systemtimems="38.166" timestamp="2019-08-11T06:21:24.123" activeThreads="16">
  <mem-info id="4240" free="119537664" total="199229440" percent="60">
    <mem type="eden" free="2775288" total="4194304" percent="66" />
    <remembered-set count="42368" freebytes="7795328" totalbytes="7964800" percent="97" regionsoverflowed="0" regionsstable="7" regionsrebuilding="0"/>
  </mem-info>
</gc-end>
<cycle-end id="4241" type="partial gc" contextid="4234" timestamp="2019-08-11T06:21:24.123" />
  <attribute name="elasticGC enabled" value="1" />
  <attribute name= "numThreadsSpecified" value="16" />
  <attribute name="heapSize specified" value="0" />
  <attribute name="Current GC Util" value="154" />
  <attribute name= "Current Time Running" value="195168" />
  <attribute name ="GC Interval" value="0" />
  <attribute name="ProportionalT" value="37.000000" />
  <attribute name="ProportionalI" value="37.000000" />
  <attribute name="ProportionalH" value="37.000000" />
  <attribute name="Current Error" value="74.000000" />
  <attribute name="IntegralT" value="74.000000" />
  <attribute name="IntegralI" value="74.000000" />
  <attribute name="IntegralH" value="74.000000" />
  <attribute name="DerivativeT" value="37.000000" />
  <attribute name="DerivativeI" value="37.000000" />
  <attribute name="DerivativeH" value="37.000000" />
  <attribute name="Loop Time for DT" value="2.000000" />
  <attribute name="Output H" value="8388608"/>
  <attribute name="Output I" value="200"/>
  <attribute name="Output T" value="16"/>
  <attribute name="Target GC Util Change" value ="80.000000" />
  <attribute name="Current GC Util Change" value="154.000000"/>
  <attribute name="GC Util currently" value="154" />
  <attribute name="CPU Util currently" value="957667397532" />
<exclusive-end id="4242" timestamp="2019-08-11T06:21:24.123" durationms="149.982" />

<exclusive-start id="4243" timestamp="2019-08-11T06:21:24.324" intervalms="351.274">
  <response-info timems="22.174" idlems="11.429" threads="13" lastid="00000000020E9700" lastname="Thread-24" />
</exclusive-start>
<allocation-taxation id="4244" taxation-threshold="56623104" timestamp="2019-08-11T06:21:24.336" intervalms="362.915" />
<cycle-start id="4245" type="partial gc" contextid="0" timestamp="2019-08-11T06:21:24.340" intervalms="366.940" />
<gc-start id="4246" type="partial gc" contextid="4245" timestamp="2019-08-11T06:21:24.347">
  <mem-info id="4247" free="62914560" total="199229440" percent="31">
    <mem type="eden" free="0" total="56623104" percent="0" />
    <remembered-set count="42240" freebytes="7795840" totalbytes="7964800" percent="97" regionsoverflowed="0" regionsstable="7" regionsrebuilding="0"/>
  </mem-info>
</gc-start>
<allocation-stats totalBytes="56614696" >
  <allocated-bytes non-tlh="0" tlh="56614696" arrayletleaf="0"/>
  <largest-consumer threadName="Thread-33" threadId="000000000211DE00" bytes="7076672" />
</allocation-stats>
<gc-op id="4248" type="copy forward" timems="39.498" contextid="4245" timestamp="2019-08-11T06:21:24.412">
  <memory-copied type="eden" objects="11661" bytes="423216" bytesdiscarded="69136" />
  <memory-copied type="other" objects="39626" bytes="1775280" bytesdiscarded="111728" />
  <memory-cardclean objects="16412" bytes="874768" />
  <regions eden="27" other="4" />
  <remembered-set-cleared processed="30714" cleared="7125" durationms="0.642" />
  <stringconstants candidates="14612" cleared="0"  />
</gc-op>
<gc-op id="4249" type="classunload" timems="0.011" contextid="4245" timestamp="2019-08-11T06:21:24.412">
  <classunload-info classloadercandidates="54" classloadersunloaded="0" classesunloaded="0" anonymousclassesunloaded="0" quiescems="0.000" setupms="0.010" scanms="0.000" postms="0.000" />
</gc-op>
<heap-resize id="4250" type="expand" space="default" amount="6291456" count="1" timems="0.062" reason="excessive time being spent in gc" timestamp="2019-08-11T06:21:24.412" />
<gc-end id="4251" type="partial gc" contextid="4245" durationms="65.068" usertimems="71.703" systemtimems="51.336" timestamp="2019-08-11T06:21:24.412" activeThreads="16">
  <mem-info id="4252" free="123731968" total="205520896" percent="60">
    <mem type="eden" free="3701952" total="4194304" percent="88" />
    <remembered-set count="38688" freebytes="8061568" totalbytes="8216320" percent="98" regionsoverflowed="0" regionsstable="7" regionsrebuilding="0"/>
  </mem-info>
</gc-end>
<cycle-end id="4253" type="partial gc" contextid="4245" timestamp="2019-08-11T06:21:24.412" />
  <attribute name="elasticGC enabled" value="1" />
  <attribute name= "numThreadsSpecified" value="16" />
  <attribute name="heapSize specified" value="0" />
  <attribute name="Current GC Util" value="7" />
  <attribute name= "Current Time Running" value="195565" />
  <attribute name ="GC Interval" value="0" />
  <attribute name="ProportionalT" value="-36.500000" />
  <attribute name="ProportionalI" value="-36.500000" />
  <attribute name="ProportionalH" value="-36.500000" />
  <attribute name="Current Error" value="-73.000000" />
  <attribute name="IntegralT" value="-292.000000" />
  <attribute name="IntegralI" value="-292.000000" />
  <attribute name="IntegralH" value="-292.000000" />
  <attribute name="DerivativeT" value="-9.125000" />
  <attribute name="DerivativeI" value="-9.125000" />
  <attribute name="DerivativeH" value="-9.125000" />
  <attribute name="Loop Time for DT" value="8.000000" />
  <attribute name="Output H" value="4202627072"/>
  <attribute name="Output I" value="200"/>
  <attribute name="Output T" value="16"/>
  <attribute name="Target GC Util Change" value ="80.000000" />
  <attribute name="Current GC Util Change" value="7.000000"/>
  <attribute name="GC Util currently" value="7" />
  <attribute name="CPU Util currently" value="144184259125" />
<exclusive-end id="4254" timestamp="2019-08-11T06:21:24.413" durationms="88.430" />

<exclusive-start id="4255" timestamp="2019-08-11T06:21:24.484" intervalms="159.861">
  <response-info timems="6.822" idlems="6.822" threads="0" lastid="00000000020E9700" lastname="Thread-24" />
</exclusive-start>
<allocation-taxation id="4256" taxation-threshold="58720256" timestamp="2019-08-11T06:21:24.484" intervalms="148.212" />
<cycle-start id="4257" type="partial gc" contextid="0" timestamp="2019-08-11T06:21:24.485" intervalms="144.635" />
<gc-start id="4258" type="partial gc" contextid="4257" timestamp="2019-08-11T06:21:24.485">
  <mem-info id="4259" free="65011712" total="205520896" percent="31">
    <mem type="eden" free="0" total="58720256" percent="0" />
    <remembered-set count="38528" freebytes="8062208" totalbytes="8216320" percent="98" regionsoverflowed="0" regionsstable="7" regionsrebuilding="0"/>
  </mem-info>
</gc-start>
<allocation-stats totalBytes="58711680" >
  <allocated-bytes non-tlh="0" tlh="58711680" arrayletleaf="0"/>
  <largest-consumer threadName="Thread-27" threadId="0000000002103B00" bytes="7912384" />
</allocation-stats>
<gc-op id="4260" type="copy forward" timems="143.201" contextid="4257" timestamp="2019-08-11T06:21:24.629">
  <memory-copied type="eden" objects="4507" bytes="113136" bytesdiscarded="20912" />
  <memory-copied type="other" objects="28911" bytes="968616" bytesdiscarded="159056" />
  <memory-cardclean objects="34478" bytes="1760968" />
  <regions eden="28" other="4" />
  <remembered-set-cleared processed="27056" cleared="11110" durationms="0.532" />
  <stringconstants candidates="14612" cleared="0"  />
</gc-op>
<gc-op id="4261" type="classunload" timems="0.013" contextid="4257" timestamp="2019-08-11T06:21:24.630">
  <classunload-info classloadercandidates="54" classloadersunloaded="0" classesunloaded="0" anonymousclassesunloaded="0" quiescems="0.000" setupms="0.012" scanms="0.000" postms="0.000" />
</gc-op>
<heap-resize id="4262" type="expand" space="default" amount="4194304" count="1" timems="0.097" reason="excessive time being spent in gc" timestamp="2019-08-11T06:21:24.630" />
<gc-end id="4263" type="partial gc" contextid="4257" durationms="144.872" usertimems="91.587" systemtimems="63.127" timestamp="2019-08-11T06:21:24.630" activeThreads="16">
  <mem-info id="4264" free="125829120" total="209715200" percent="60">
    <mem type="eden" free="4060256" total="4194304" percent="96" />
    <remembered-set count="36192" freebytes="8239232" totalbytes="8384000" percent="98" regionsoverflowed="0" regionsstable="7" regionsrebuilding="0"/>
  </mem-info>
</gc-end>
<cycle-end id="4265" type="partial gc" contextid="4257" timestamp="2019-08-11T06:21:24.630" />
  <attribute name="elasticGC enabled" value="1" />
  <attribute name= "numThreadsSpecified" value="16" />
  <attribute name="heapSize specified" value="0" />
  <attribute name="Current GC Util" value="150" />
  <attribute name= "Current Time Running" value="195679" />
  <attribute name ="GC Interval" value="0" />
  <attribute name="ProportionalT" value="35.000000" />
  <attribute name="ProportionalI" value="35.000000" />
  <attribute name="ProportionalH" value="35.000000" />
  <attribute name="Current Error" value="70.000000" />
  <attribute name="IntegralT" value="35.000000" />
  <attribute name="IntegralI" value="35.000000" />
  <attribute name="IntegralH" value="35.000000" />
  <attribute name="DerivativeT" value="70.000000" />
  <attribute name="DerivativeI" value="70.000000" />
  <attribute name="DerivativeH" value="70.000000" />
  <attribute name="Loop Time for DT" value="1.000000" />
  <attribute name="Output H" value="8388608"/>
  <attribute name="Output I" value="200"/>
  <attribute name="Output T" value="16"/>
  <attribute name="Target GC Util Change" value ="80.000000" />
  <attribute name="Current GC Util Change" value="150.000000"/>
  <attribute name="GC Util currently" value="150" />
  <attribute name="CPU Util currently" value="1268937865013" />
<exclusive-end id="4266" timestamp="2019-08-11T06:21:24.630" durationms="146.209" />

<exclusive-start id="4267" timestamp="2019-08-11T06:21:24.706" intervalms="222.296">
  <response-info timems="6.870" idlems="3.455" threads="1" lastid="00000000020E9700" lastname="Thread-24" />
</exclusive-start>
<allocation-taxation id="4268" taxation-threshold="58720256" timestamp="2019-08-11T06:21:24.707" intervalms="222.361" />
<cycle-start id="4269" type="partial gc" contextid="0" timestamp="2019-08-11T06:21:24.707" intervalms="222.198" />
<gc-start id="4270" type="partial gc" contextid="4269" timestamp="2019-08-11T06:21:24.708">
  <mem-info id="4271" free="67108864" total="209715200" percent="32">
    <mem type="eden" free="0" total="58720256" percent="0" />
    <remembered-set count="35840" freebytes="8240640" totalbytes="8384000" percent="98" regionsoverflowed="0" regionsstable="7" regionsrebuilding="0"/>
  </mem-info>
</gc-start>
<allocation-stats totalBytes="58712208" >
  <allocated-bytes non-tlh="0" tlh="58712208" arrayletleaf="0"/>
  <largest-consumer threadName="Thread-25" threadId="0000000002112A00" bytes="6040872" />
</allocation-stats>
<gc-op id="4272" type="copy forward" timems="148.415" contextid="4269" timestamp="2019-08-11T06:21:24.875">
  <memory-copied type="eden" objects="17255" bytes="694288" bytesdiscarded="50216" />
  <memory-copied type="other" objects="44483" bytes="1754472" bytesdiscarded="119440" />
  <memory-cardclean objects="28668" bytes="1466224" />
  <regions eden="28" other="4" />
  <remembered-set-cleared processed="23159" cleared="7582" durationms="2.085" />
  <stringconstants candidates="14612" cleared="0"  />
</gc-op>
<gc-op id="4273" type="classunload" timems="0.015" contextid="4269" timestamp="2019-08-11T06:21:24.875">
  <classunload-info classloadercandidates="54" classloadersunloaded="0" classesunloaded="0" anonymousclassesunloaded="0" quiescems="0.000" setupms="0.014" scanms="0.000" postms="0.000" />
</gc-op>
<gc-end id="4274" type="partial gc" contextid="4269" durationms="167.009" usertimems="69.652" systemtimems="83.044" timestamp="2019-08-11T06:21:24.875" activeThreads="16">
  <mem-info id="4275" free="125829120" total="209715200" percent="60">
    <mem type="eden" free="1352648" total="2097152" percent="64" />
    <remembered-set count="35136" freebytes="8243456" totalbytes="8384000" percent="98" regionsoverflowed="0" regionsstable="7" regionsrebuilding="0"/>
  </mem-info>
</gc-end>
<cycle-end id="4276" type="partial gc" contextid="4269" timestamp="2019-08-11T06:21:24.875" />
  <attribute name="elasticGC enabled" value="1" />
  <attribute name= "numThreadsSpecified" value="16" />
  <attribute name="heapSize specified" value="0" />
  <attribute name="Current GC Util" value="8" />
  <attribute name= "Current Time Running" value="195919" />
  <attribute name ="GC Interval" value="0" />
  <attribute name="ProportionalT" value="-36.000000" />
  <attribute name="ProportionalI" value="-36.000000" />
  <attribute name="ProportionalH" value="-36.000000" />
  <attribute name="Current Error" value="-72.000000" />
  <attribute name="IntegralT" value="-648.000000" />
  <attribute name="IntegralI" value="-648.000000" />
  <attribute name="IntegralH" value="-648.000000" />
  <attribute name="DerivativeT" value="-4.000000" />
  <attribute name="DerivativeI" value="-4.000000" />
  <attribute name="DerivativeH" value="-4.000000" />
  <attribute name="Loop Time for DT" value="18.000000" />
  <attribute name="Output H" value="4202627072"/>
  <attribute name="Output I" value="200"/>
  <attribute name="Output T" value="16"/>
  <attribute name="Target GC Util Change" value ="80.000000" />
  <attribute name="Current GC Util Change" value="8.000000"/>
  <attribute name="GC Util currently" value="8" />
  <attribute name="CPU Util currently" value="64418129651" />
<exclusive-end id="4277" timestamp="2019-08-11T06:21:24.875" durationms="168.889" />

<exclusive-start id="4278" timestamp="2019-08-11T06:21:24.977" intervalms="270.606">
  <response-info timems="6.896" idlems="1.513" threads="4" lastid="0000000002116600" lastname="Thread-36" />
</exclusive-start>
<allocation-taxation id="4279" taxation-threshold="58720256" timestamp="2019-08-11T06:21:24.977" intervalms="270.619" />
<cycle-start id="4280" type="partial gc" contextid="0" timestamp="2019-08-11T06:21:24.978" intervalms="270.564" />
<gc-start id="4281" type="partial gc" contextid="4280" timestamp="2019-08-11T06:21:24.978">
  <mem-info id="4282" free="67108864" total="209715200" percent="32">
    <mem type="eden" free="0" total="58720256" percent="0" />
    <remembered-set count="34880" freebytes="8244480" totalbytes="8384000" percent="98" regionsoverflowed="0" regionsstable="7" regionsrebuilding="0"/>
  </mem-info>
</gc-start>
<allocation-stats totalBytes="58711848" >
  <allocated-bytes non-tlh="0" tlh="58711848" arrayletleaf="0"/>
  <largest-consumer threadName="Thread-35" threadId="0000000002147100" bytes="6433976" />
</allocation-stats>
<gc-op id="4283" type="copy forward" timems="169.308" contextid="4280" timestamp="2019-08-11T06:21:25.152">
  <memory-copied type="eden" objects="11171" bytes="411488" bytesdiscarded="37296" />
  <memory-copied type="other" objects="23533" bytes="839544" bytesdiscarded="50312" />
  <memory-cardclean objects="30024" bytes="1531264" />
  <regions eden="28" other="3" />
  <remembered-set-cleared processed="22867" cleared="8941" durationms="13.298" />
  <stringconstants candidates="14612" cleared="0"  />
</gc-op>
<gc-op id="4284" type="classunload" timems="0.010" contextid="4280" timestamp="2019-08-11T06:21:25.152">
  <classunload-info classloadercandidates="54" classloadersunloaded="0" classesunloaded="0" anonymousclassesunloaded="0" quiescems="0.000" setupms="0.010" scanms="0.000" postms="0.000" />
</gc-op>
<heap-resize id="4285" type="expand" space="default" amount="10485760" count="1" timems="0.705" reason="excessive time being spent in gc" timestamp="2019-08-11T06:21:25.153" />
<gc-end id="4286" type="partial gc" contextid="4280" durationms="175.076" usertimems="51.027" systemtimems="71.713" timestamp="2019-08-11T06:21:25.153" activeThreads="16">
  <mem-info id="4287" free="132120576" total="220200960" percent="60">
    <mem type="eden" free="3745520" total="4194304" percent="89" />
    <remembered-set count="30944" freebytes="8679424" totalbytes="8803200" percent="98" regionsoverflowed="0" regionsstable="7" regionsrebuilding="0"/>
  </mem-info>
</gc-end>
<cycle-end id="4288" type="partial gc" contextid="4280" timestamp="2019-08-11T06:21:25.153" />
  <attribute name="elasticGC enabled" value="1" />
  <attribute name= "numThreadsSpecified" value="16" />
  <attribute name="heapSize specified" value="0" />
  <attribute name="Current GC Util" value="14" />
  <attribute name= "Current Time Running" value="196175" />
  <attribute name ="GC Interval" value="0" />
  <attribute name="ProportionalT" value="-33.000000" />
  <attribute name="ProportionalI" value="-33.000000" />
  <attribute name="ProportionalH" value="-33.000000" />
  <attribute name="Current Error" value="-66.000000" />
  <attribute name="IntegralT" value="-132.000000" />
  <attribute name="IntegralI" value="-132.000000" />
  <attribute name="IntegralH" value="-132.000000" />
  <attribute name="DerivativeT" value="-16.500000" />
  <attribute name="DerivativeI" value="-16.500000" />
  <attribute name="DerivativeH" value="-16.500000" />
  <attribute name="Loop Time for DT" value="4.000000" />
  <attribute name="Output H" value="4202627072"/>
  <attribute name="Output I" value="200"/>
  <attribute name="Output T" value="16"/>
  <attribute name="Target GC Util Change" value ="80.000000" />
  <attribute name="Current GC Util Change" value="14.000000"/>
  <attribute name="GC Util currently" value="14" />
  <attribute name="CPU Util currently" value="300693183466" />
<exclusive-end id="4289" timestamp="2019-08-11T06:21:25.153" durationms="176.367" />

<exclusive-start id="4290" timestamp="2019-08-11T06:21:25.307" intervalms="329.647">
  <response-info timems="11.618" idlems="11.618" threads="0" lastid="000000000213BD00" lastname="Thread-32" />
</exclusive-start>
<allocation-taxation id="4291" taxation-threshold="62914560" timestamp="2019-08-11T06:21:25.307" intervalms="329.617" />
<cycle-start id="4292" type="partial gc" contextid="0" timestamp="2019-08-11T06:21:25.307" intervalms="329.446" />
<gc-start id="4293" type="partial gc" contextid="4292" timestamp="2019-08-11T06:21:25.308">
  <mem-info id="4294" free="69206016" total="220200960" percent="31">
    <mem type="eden" free="0" total="62914560" percent="0" />
    <remembered-set count="30784" freebytes="8680064" totalbytes="8803200" percent="98" regionsoverflowed="0" regionsstable="7" regionsrebuilding="0"/>
  </mem-info>
</gc-start>
<allocation-stats totalBytes="62905808" >
  <allocated-bytes non-tlh="0" tlh="62905808" arrayletleaf="0"/>
  <largest-consumer threadName="Thread-35" threadId="0000000002147100" bytes="7793616" />
</allocation-stats>
<gc-op id="4295" type="copy forward" timems="134.664" contextid="4292" timestamp="2019-08-11T06:21:25.445">
  <memory-copied type="eden" objects="13615" bytes="470032" bytesdiscarded="21976" />
  <memory-copied type="other" objects="36497" bytes="1562808" bytesdiscarded="87640" />
  <memory-cardclean objects="26489" bytes="1323688" />
  <regions eden="30" other="4" />
  <remembered-set-cleared processed="20683" cleared="7845" durationms="0.174" />
  <stringconstants candidates="14612" cleared="0"  />
</gc-op>
<gc-op id="4296" type="classunload" timems="0.016" contextid="4292" timestamp="2019-08-11T06:21:25.445">
  <classunload-info classloadercandidates="54" classloadersunloaded="0" classesunloaded="0" anonymousclassesunloaded="0" quiescems="0.000" setupms="0.016" scanms="0.000" postms="0.000" />
</gc-op>
<gc-end id="4297" type="partial gc" contextid="4292" durationms="137.629" usertimems="40.335" systemtimems="66.310" timestamp="2019-08-11T06:21:25.445" activeThreads="16">
  <mem-info id="4298" free="132120576" total="220200960" percent="60">
    <mem type="eden" free="1605144" total="2097152" percent="76" />
    <remembered-set count="32864" freebytes="8671744" totalbytes="8803200" percent="98" regionsoverflowed="0" regionsstable="7" regionsrebuilding="0"/>
  </mem-info>
</gc-end>
<cycle-end id="4299" type="partial gc" contextid="4292" timestamp="2019-08-11T06:21:25.446" />
  <attribute name="elasticGC enabled" value="1" />
  <attribute name= "numThreadsSpecified" value="16" />
  <attribute name="heapSize specified" value="0" />
  <attribute name="Current GC Util" value="57" />
  <attribute name= "Current Time Running" value="196503" />
  <attribute name ="GC Interval" value="0" />
  <attribute name="ProportionalT" value="-11.500000" />
  <attribute name="ProportionalI" value="-11.500000" />
  <attribute name="ProportionalH" value="-11.500000" />
  <attribute name="Current Error" value="-23.000000" />
  <attribute name="IntegralT" value="-11.500000" />
  <attribute name="IntegralI" value="-11.500000" />
  <attribute name="IntegralH" value="-11.500000" />
  <attribute name="DerivativeT" value="-23.000000" />
  <attribute name="DerivativeI" value="-23.000000" />
  <attribute name="DerivativeH" value="-23.000000" />
  <attribute name="Loop Time for DT" value="1.000000" />
  <attribute name="Output H" value="4202627072"/>
  <attribute name="Output I" value="200"/>
  <attribute name="Output T" value="16"/>
  <attribute name="Target GC Util Change" value ="80.000000" />
  <attribute name="Current GC Util Change" value="57.000000"/>
  <attribute name="GC Util currently" value="57" />
  <attribute name="CPU Util currently" value="1296126545051" />
<exclusive-end id="4300" timestamp="2019-08-11T06:21:25.446" durationms="139.358" />

<exclusive-start id="4301" timestamp="2019-08-11T06:21:25.556" intervalms="249.270">
  <response-info timems="5.374" idlems="3.394" threads="1" lastid="000000000211A200" lastname="Thread-31" />
</exclusive-start>
<allocation-taxation id="4302" taxation-threshold="62914560" timestamp="2019-08-11T06:21:25.556" intervalms="249.385" />
<cycle-start id="4303" type="partial gc" contextid="0" timestamp="2019-08-11T06:21:25.556" intervalms="249.526" />
<gc-start id="4304" type="partial gc" contextid="4303" timestamp="2019-08-11T06:21:25.557">
  <mem-info id="4305" free="69206016" total="220200960" percent="31">
    <mem type="eden" free="0" total="62914560" percent="0" />
    <remembered-set count="32832" freebytes="8671872" totalbytes="8803200" percent="98" regionsoverflowed="0" regionsstable="7" regionsrebuilding="0"/>
  </mem-info>
</gc-start>
<allocation-stats totalBytes="62906368" >
  <allocated-bytes non-tlh="0" tlh="62906368" arrayletleaf="0"/>
  <largest-consumer threadName="Thread-24" threadId="00000000020E9700" bytes="7359648" />
</allocation-stats>
<gc-op id="4306" type="copy forward" timems="158.543" contextid="4303" timestamp="2019-08-11T06:21:25.718">
  <memory-copied type="eden" objects="25971" bytes="1041032" bytesdiscarded="60144" />
  <memory-copied type="other" objects="35855" bytes="1547400" bytesdiscarded="91168" />
  <memory-cardclean objects="20392" bytes="1080352" />
  <regions eden="30" other="3" />
  <remembered-set-cleared processed="21246" cleared="7377" durationms="0.260" />
  <stringconstants candidates="14612" cleared="0"  />
</gc-op>
<gc-op id="4307" type="classunload" timems="0.010" contextid="4303" timestamp="2019-08-11T06:21:25.718">
  <classunload-info classloadercandidates="54" classloadersunloaded="0" classesunloaded="0" anonymousclassesunloaded="0" quiescems="0.000" setupms="0.010" scanms="0.000" postms="0.000" />
</gc-op>
<heap-resize id="4308" type="expand" space="default" amount="10485760" count="1" timems="0.123" reason="excessive time being spent in gc" timestamp="2019-08-11T06:21:25.718" />
<gc-end id="4309" type="partial gc" contextid="4303" durationms="160.911" usertimems="46.610" systemtimems="65.486" timestamp="2019-08-11T06:21:25.718" activeThreads="16">
  <mem-info id="4310" free="138412032" total="230686720" percent="60">
    <mem type="eden" free="3093128" total="4194304" percent="73" />
    <remembered-set count="33312" freebytes="9089152" totalbytes="9222400" percent="98" regionsoverflowed="0" regionsstable="7" regionsrebuilding="0"/>
  </mem-info>
</gc-end>
<cycle-end id="4311" type="partial gc" contextid="4303" timestamp="2019-08-11T06:21:25.718" />
  <attribute name="elasticGC enabled" value="1" />
  <attribute name= "numThreadsSpecified" value="16" />
  <attribute name="heapSize specified" value="0" />
  <attribute name="Current GC Util" value="69" />
  <attribute name= "Current Time Running" value="196752" />
  <attribute name ="GC Interval" value="0" />
  <attribute name="ProportionalT" value="-5.500000" />
  <attribute name="ProportionalI" value="-5.500000" />
  <attribute name="ProportionalH" value="-5.500000" />
  <attribute name="Current Error" value="-11.000000" />
  <attribute name="IntegralT" value="-11.000000" />
  <attribute name="IntegralI" value="-11.000000" />
  <attribute name="IntegralH" value="-11.000000" />
  <attribute name="DerivativeT" value="-5.500000" />
  <attribute name="DerivativeI" value="-5.500000" />
  <attribute name="DerivativeH" value="-5.500000" />
  <attribute name="Loop Time for DT" value="2.000000" />
  <attribute name="Output H" value="4202627072"/>
  <attribute name="Output I" value="200"/>
  <attribute name="Output T" value="16"/>
  <attribute name="Target GC Util Change" value ="80.000000" />
  <attribute name="Current GC Util Change" value="69.000000"/>
  <attribute name="GC Util currently" value="69" />
  <attribute name="CPU Util currently" value="676590719060" />
<exclusive-end id="4312" timestamp="2019-08-11T06:21:25.718" durationms="162.234" />

<exclusive-start id="4313" timestamp="2019-08-11T06:21:25.895" intervalms="339.477">
  <response-info timems="2.464" idlems="2.464" threads="0" lastid="0000000002121A00" lastname="Thread-30" />
</exclusive-start>
<allocation-taxation id="4314" taxation-threshold="65011712" timestamp="2019-08-11T06:21:25.896" intervalms="339.416" />
<cycle-start id="4315" type="partial gc" contextid="0" timestamp="2019-08-11T06:21:25.896" intervalms="339.177" />
<gc-start id="4316" type="partial gc" contextid="4315" timestamp="2019-08-11T06:21:25.896">
  <mem-info id="4317" free="73400320" total="230686720" percent="31">
    <mem type="eden" free="0" total="65011712" percent="0" />
    <remembered-set count="33056" freebytes="9090176" totalbytes="9222400" percent="98" regionsoverflowed="0" regionsstable="7" regionsrebuilding="0"/>
  </mem-info>
</gc-start>
<allocation-stats totalBytes="65002912" >
  <allocated-bytes non-tlh="0" tlh="65002912" arrayletleaf="0"/>
  <largest-consumer threadName="Thread-21" threadId="00000000020F4B00" bytes="7367888" />
</allocation-stats>
<gc-op id="4318" type="copy forward" timems="145.074" contextid="4315" timestamp="2019-08-11T06:21:26.044">
  <memory-copied type="eden" objects="16089" bytes="529920" bytesdiscarded="35624" />
  <memory-copied type="other" objects="26610" bytes="1050768" bytesdiscarded="70696" />
  <memory-cardclean objects="19839" bytes="1054360" />
  <regions eden="31" other="4" />
  <remembered-set-cleared processed="21325" cleared="6629" durationms="0.531" />
  <stringconstants candidates="14612" cleared="0"  />
</gc-op>
<gc-op id="4319" type="classunload" timems="0.019" contextid="4315" timestamp="2019-08-11T06:21:26.044">
  <classunload-info classloadercandidates="54" classloadersunloaded="0" classesunloaded="0" anonymousclassesunloaded="0" quiescems="0.000" setupms="0.018" scanms="0.000" postms="0.000" />
</gc-op>
<gc-end id="4320" type="partial gc" contextid="4315" durationms="148.136" usertimems="35.482" systemtimems="70.699" timestamp="2019-08-11T06:21:26.044" activeThreads="16">
  <mem-info id="4321" free="138412032" total="230686720" percent="60">
    <mem type="eden" free="1531608" total="2097152" percent="73" />
    <remembered-set count="30464" freebytes="9100544" totalbytes="9222400" percent="98" regionsoverflowed="0" regionsstable="7" regionsrebuilding="0"/>
  </mem-info>
</gc-end>
<cycle-end id="4322" type="partial gc" contextid="4315" timestamp="2019-08-11T06:21:26.057" />
  <attribute name="elasticGC enabled" value="1" />
  <attribute name= "numThreadsSpecified" value="16" />
  <attribute name="heapSize specified" value="0" />
  <attribute name="Current GC Util" value="54" />
  <attribute name= "Current Time Running" value="197091" />
  <attribute name ="GC Interval" value="0" />
  <attribute name="ProportionalT" value="-13.000000" />
  <attribute name="ProportionalI" value="-13.000000" />
  <attribute name="ProportionalH" value="-13.000000" />
  <attribute name="Current Error" value="-26.000000" />
  <attribute name="IntegralT" value="-26.000000" />
  <attribute name="IntegralI" value="-26.000000" />
  <attribute name="IntegralH" value="-26.000000" />
  <attribute name="DerivativeT" value="-13.000000" />
  <attribute name="DerivativeI" value="-13.000000" />
  <attribute name="DerivativeH" value="-13.000000" />
  <attribute name="Loop Time for DT" value="2.000000" />
  <attribute name="Output H" value="4202627072"/>
  <attribute name="Output I" value="200"/>
  <attribute name="Output T" value="16"/>
  <attribute name="Target GC Util Change" value ="80.000000" />
  <attribute name="Current GC Util Change" value="54.000000"/>
  <attribute name="GC Util currently" value="54" />
  <attribute name="CPU Util currently" value="508876555269" />
<exclusive-end id="4323" timestamp="2019-08-11T06:21:26.058" durationms="163.034" />

<exclusive-start id="4324" timestamp="2019-08-11T06:21:26.220" intervalms="324.666">
  <response-info timems="6.829" idlems="6.829" threads="0" lastid="0000000002112A00" lastname="Thread-25" />
</exclusive-start>
<allocation-taxation id="4325" taxation-threshold="65011712" timestamp="2019-08-11T06:21:26.220" intervalms="324.562" />
<cycle-start id="4326" type="partial gc" contextid="0" timestamp="2019-08-11T06:21:26.220" intervalms="324.542" />
<gc-start id="4327" type="partial gc" contextid="4326" timestamp="2019-08-11T06:21:26.221">
  <mem-info id="4328" free="73400320" total="230686720" percent="31">
    <mem type="eden" free="0" total="65011712" percent="0" />
    <remembered-set count="30304" freebytes="9101184" totalbytes="9222400" percent="98" regionsoverflowed="0" regionsstable="7" regionsrebuilding="0"/>
  </mem-info>
</gc-start>
<allocation-stats totalBytes="65002960" >
  <allocated-bytes non-tlh="0" tlh="65002960" arrayletleaf="0"/>
  <largest-consumer threadName="Thread-34" threadId="000000000212CD00" bytes="7765048" />
</allocation-stats>
<gc-op id="4329" type="copy forward" timems="10.150" contextid="4326" timestamp="2019-08-11T06:21:26.232">
  <memory-copied type="eden" objects="26294" bytes="1048984" bytesdiscarded="0" />
  <memory-copied type="other" objects="33119" bytes="1344360" bytesdiscarded="0" />
  <memory-cardclean objects="25504" bytes="1272520" />
  <regions eden="31" other="3" />
  <remembered-set-cleared processed="19904" cleared="6186" durationms="0.805" />
  <stringconstants candidates="14612" cleared="0"  />
</gc-op>
<gc-op id="4330" type="classunload" timems="0.010" contextid="4326" timestamp="2019-08-11T06:21:26.232">
  <classunload-info classloadercandidates="54" classloadersunloaded="0" classesunloaded="0" anonymousclassesunloaded="0" quiescems="0.000" setupms="0.009" scanms="0.000" postms="0.000" />
</gc-op>
<heap-resize id="4331" type="expand" space="default" amount="6291456" count="1" timems="0.081" reason="excessive time being spent in gc" timestamp="2019-08-11T06:21:26.232" />
<gc-end id="4332" type="partial gc" contextid="4326" durationms="11.896" usertimems="23.198" systemtimems="0.000" timestamp="2019-08-11T06:21:26.232" activeThreads="1">
  <mem-info id="4333" free="142606336" total="236978176" percent="60">
    <mem type="eden" free="1048168" total="2097152" percent="49" />
    <remembered-set count="31488" freebytes="9347968" totalbytes="9473920" percent="98" regionsoverflowed="0" regionsstable="7" regionsrebuilding="0"/>
  </mem-info>
</gc-end>
<cycle-end id="4334" type="partial gc" contextid="4326" timestamp="2019-08-11T06:21:26.233" />
  <attribute name="elasticGC enabled" value="1" />
  <attribute name= "numThreadsSpecified" value="1" />
  <attribute name="heapSize specified" value="0" />
  <attribute name="Current GC Util" value="123" />
  <attribute name= "Current Time Running" value="197414" />
  <attribute name ="GC Interval" value="0" />
  <attribute name="ProportionalT" value="21.500000" />
  <attribute name="ProportionalI" value="21.500000" />
  <attribute name="ProportionalH" value="21.500000" />
  <attribute name="Current Error" value="43.000000" />
  <attribute name="IntegralT" value="0.000000" />
  <attribute name="IntegralI" value="0.000000" />
  <attribute name="IntegralH" value="0.000000" />
  <attribute name="DerivativeT" value="inf" />
  <attribute name="DerivativeI" value="inf" />
  <attribute name="DerivativeH" value="inf" />
  <attribute name="Loop Time for DT" value="0.000000" />
  <attribute name="Output H" value="8388608"/>
  <attribute name="Output I" value="200"/>
  <attribute name="Output T" value="1"/>
  <attribute name="Target GC Util Change" value ="80.000000" />
  <attribute name="Current GC Util Change" value="123.000000"/>
  <attribute name="GC Util currently" value="123" />
  <attribute name="CPU Util currently" value="1240683648610" />
<exclusive-end id="4335" timestamp="2019-08-11T06:21:26.233" durationms="12.604" />

<exclusive-start id="4336" timestamp="2019-08-11T06:21:26.401" intervalms="180.481">
  <response-info timems="12.781" idlems="12.781" threads="0" lastid="0000000002125600" lastname="Thread-29" />
</exclusive-start>
<allocation-taxation id="4337" taxation-threshold="67108864" timestamp="2019-08-11T06:21:26.401" intervalms="180.510" />
<cycle-start id="4338" type="partial gc" contextid="0" timestamp="2019-08-11T06:21:26.401" intervalms="180.711" />
<gc-start id="4339" type="partial gc" contextid="4338" timestamp="2019-08-11T06:21:26.402">
  <mem-info id="4340" free="75497472" total="236978176" percent="31">
    <mem type="eden" free="0" total="67108864" percent="0" />
    <remembered-set count="31296" freebytes="9348736" totalbytes="9473920" percent="98" regionsoverflowed="0" regionsstable="7" regionsrebuilding="0"/>
  </mem-info>
</gc-start>
<allocation-stats totalBytes="67099768" >
  <allocated-bytes non-tlh="0" tlh="67099768" arrayletleaf="0"/>
  <largest-consumer threadName="Thread-21" threadId="00000000020F4B00" bytes="8269040" />
</allocation-stats>
<gc-op id="4341" type="copy forward" timems="139.604" contextid="4338" timestamp="2019-08-11T06:21:26.543">
  <memory-copied type="eden" objects="9133" bytes="224352" bytesdiscarded="87432" />
  <memory-copied type="other" objects="47516" bytes="2102016" bytesdiscarded="150848" />
  <memory-cardclean objects="20884" bytes="1100200" />
  <regions eden="32" other="3" />
  <remembered-set-cleared processed="20822" cleared="7561" durationms="0.184" />
  <stringconstants candidates="14612" cleared="0"  />
</gc-op>
<gc-op id="4342" type="classunload" timems="0.011" contextid="4338" timestamp="2019-08-11T06:21:26.543">
  <classunload-info classloadercandidates="54" classloadersunloaded="0" classesunloaded="0" anonymousclassesunloaded="0" quiescems="0.000" setupms="0.011" scanms="0.000" postms="0.000" />
</gc-op>
<heap-resize id="4343" type="expand" space="default" amount="4194304" count="1" timems="0.088" reason="excessive time being spent in gc" timestamp="2019-08-11T06:21:26.543" />
<gc-end id="4344" type="partial gc" contextid="4338" durationms="141.562" usertimems="59.965" systemtimems="63.262" timestamp="2019-08-11T06:21:26.543" activeThreads="16">
  <mem-info id="4345" free="144703488" total="241172480" percent="60">
    <mem type="eden" free="1785368" total="2097152" percent="85" />
    <remembered-set count="33920" freebytes="9505920" totalbytes="9641600" percent="98" regionsoverflowed="0" regionsstable="7" regionsrebuilding="0"/>
  </mem-info>
</gc-end>
<cycle-end id="4346" type="partial gc" contextid="4338" timestamp="2019-08-11T06:21:26.543" />
  <attribute name="elasticGC enabled" value="1" />
  <attribute name= "numThreadsSpecified" value="16" />
  <attribute name="heapSize specified" value="0" />
  <attribute name="Current GC Util" value="113" />
  <attribute name= "Current Time Running" value="197596" />
  <attribute name ="GC Interval" value="0" />
  <attribute name="ProportionalT" value="16.500000" />
  <attribute name="ProportionalI" value="16.500000" />
  <attribute name="ProportionalH" value="16.500000" />
  <attribute name="Current Error" value="33.000000" />
  <attribute name="IntegralT" value="16.500000" />
  <attribute name="IntegralI" value="16.500000" />
  <attribute name="IntegralH" value="16.500000" />
  <attribute name="DerivativeT" value="33.000000" />
  <attribute name="DerivativeI" value="33.000000" />
  <attribute name="DerivativeH" value="33.000000" />
  <attribute name="Loop Time for DT" value="1.000000" />
  <attribute name="Output H" value="8388608"/>
  <attribute name="Output I" value="200"/>
  <attribute name="Output T" value="16"/>
  <attribute name="Target GC Util Change" value ="80.000000" />
  <attribute name="Current GC Util Change" value="113.000000"/>
  <attribute name="GC Util currently" value="113" />
  <attribute name="CPU Util currently" value="1063406017596" />
<exclusive-end id="4347" timestamp="2019-08-11T06:21:26.544" durationms="143.032" />

<exclusive-start id="4348" timestamp="2019-08-11T06:21:26.661" intervalms="260.399">
  <response-info timems="0.838" idlems="0.436" threads="1" lastid="0000000002116600" lastname="Thread-36" />
</exclusive-start>
<allocation-taxation id="4349" taxation-threshold="67108864" timestamp="2019-08-11T06:21:26.661" intervalms="260.404" />
<cycle-start id="4350" type="partial gc" contextid="0" timestamp="2019-08-11T06:21:26.661" intervalms="260.364" />
<gc-start id="4351" type="partial gc" contextid="4350" timestamp="2019-08-11T06:21:26.662">
  <mem-info id="4352" free="77594624" total="241172480" percent="32">
    <mem type="eden" free="0" total="67108864" percent="0" />
    <remembered-set count="33664" freebytes="9506944" totalbytes="9641600" percent="98" regionsoverflowed="0" regionsstable="7" regionsrebuilding="0"/>
  </mem-info>
</gc-start>
<allocation-stats totalBytes="67099760" >
  <allocated-bytes non-tlh="0" tlh="67099760" arrayletleaf="0"/>
  <largest-consumer threadName="Thread-25" threadId="0000000002112A00" bytes="6941896" />
</allocation-stats>
<gc-op id="4353" type="copy forward" timems="111.050" contextid="4350" timestamp="2019-08-11T06:21:26.775">
  <memory-copied type="eden" objects="20840" bytes="781080" bytesdiscarded="68888" />
  <memory-copied type="other" objects="25097" bytes="877080" bytesdiscarded="77024" />
  <memory-cardclean objects="29093" bytes="1498336" />
  <regions eden="32" other="3" />
  <remembered-set-cleared processed="20310" cleared="6789" durationms="0.170" />
  <stringconstants candidates="14612" cleared="0"  />
</gc-op>
<gc-op id="4354" type="classunload" timems="0.016" contextid="4350" timestamp="2019-08-11T06:21:26.776">
  <classunload-info classloadercandidates="54" classloadersunloaded="0" classesunloaded="0" anonymousclassesunloaded="0" quiescems="0.000" setupms="0.016" scanms="0.000" postms="0.000" />
</gc-op>
<heap-resize id="4355" type="expand" space="default" amount="6291456" count="1" timems="0.237" reason="excessive time being spent in gc" timestamp="2019-08-11T06:21:26.776" />
<gc-end id="4356" type="partial gc" contextid="4350" durationms="114.391" usertimems="18.901" systemtimems="31.580" timestamp="2019-08-11T06:21:26.776" activeThreads="16">
  <mem-info id="4357" free="148897792" total="247463936" percent="60">
    <mem type="eden" free="1247184" total="2097152" percent="59" />
    <remembered-set count="33760" freebytes="9758080" totalbytes="9893120" percent="98" regionsoverflowed="0" regionsstable="7" regionsrebuilding="0"/>
  </mem-info>
</gc-end>
<cycle-end id="4358" type="partial gc" contextid="4350" timestamp="2019-08-11T06:21:26.776" />
  <attribute name="elasticGC enabled" value="1" />
  <attribute name= "numThreadsSpecified" value="16" />
  <attribute name="heapSize specified" value="0" />
  <attribute name="Current GC Util" value="71" />
  <attribute name= "Current Time Running" value="197857" />
  <attribute name ="GC Interval" value="0" />
  <attribute name="ProportionalT" value="-4.500000" />
  <attribute name="ProportionalI" value="-4.500000" />
  <attribute name="ProportionalH" value="-4.500000" />
  <attribute name="Current Error" value="-9.000000" />
  <attribute name="IntegralT" value="-9.000000" />
  <attribute name="IntegralI" value="-9.000000" />
  <attribute name="IntegralH" value="-9.000000" />
  <attribute name="DerivativeT" value="-4.500000" />
  <attribute name="DerivativeI" value="-4.500000" />
  <attribute name="DerivativeH" value="-4.500000" />
  <attribute name="Loop Time for DT" value="2.000000" />
  <attribute name="Output H" value="4202627072"/>
  <attribute name="Output I" value="200"/>
  <attribute name="Output T" value="16"/>
  <attribute name="Target GC Util Change" value ="80.000000" />
  <attribute name="Current GC Util Change" value="71.000000"/>
  <attribute name="GC Util currently" value="71" />
  <attribute name="CPU Util currently" value="603267814550" />
<exclusive-end id="4359" timestamp="2019-08-11T06:21:26.776" durationms="115.368" />

<exclusive-start id="4360" timestamp="2019-08-11T06:21:26.862" intervalms="201.034">
  <response-info timems="6.001" idlems="6.001" threads="0" lastid="000000000211DE00" lastname="Thread-33" />
</exclusive-start>
<allocation-taxation id="4361" taxation-threshold="69206016" timestamp="2019-08-11T06:21:26.862" intervalms="201.135" />
<cycle-start id="4362" type="partial gc" contextid="0" timestamp="2019-08-11T06:21:26.864" intervalms="202.764" />
<gc-start id="4363" type="partial gc" contextid="4362" timestamp="2019-08-11T06:21:26.864">
  <mem-info id="4364" free="79691776" total="247463936" percent="32">
    <mem type="eden" free="0" total="69206016" percent="0" />
    <remembered-set count="33312" freebytes="9759872" totalbytes="9893120" percent="98" regionsoverflowed="0" regionsstable="7" regionsrebuilding="0"/>
  </mem-info>
</gc-start>
<allocation-stats totalBytes="69196584" >
  <allocated-bytes non-tlh="0" tlh="69196584" arrayletleaf="0"/>
  <largest-consumer threadName="Thread-26" threadId="000000000210B200" bytes="9141312" />
</allocation-stats>
<gc-op id="4365" type="copy forward" timems="142.626" contextid="4362" timestamp="2019-08-11T06:21:27.010">
  <memory-copied type="eden" objects="11364" bytes="415344" bytesdiscarded="64888" />
  <memory-copied type="other" objects="38503" bytes="1473576" bytesdiscarded="158232" />
  <memory-cardclean objects="24674" bytes="1251592" />
  <regions eden="33" other="4" />
  <remembered-set-cleared processed="19337" cleared="4726" durationms="0.294" />
  <stringconstants candidates="14612" cleared="0"  />
</gc-op>
<gc-op id="4366" type="classunload" timems="0.014" contextid="4362" timestamp="2019-08-11T06:21:27.010">
  <classunload-info classloadercandidates="54" classloadersunloaded="0" classesunloaded="0" anonymousclassesunloaded="0" quiescems="0.000" setupms="0.014" scanms="0.000" postms="0.000" />
</gc-op>
<heap-resize id="4367" type="expand" space="default" amount="4194304" count="1" timems="0.517" reason="excessive time being spent in gc" timestamp="2019-08-11T06:21:27.010" />
<gc-end id="4368" type="partial gc" contextid="4362" durationms="145.968" usertimems="47.223" systemtimems="46.603" timestamp="2019-08-11T06:21:27.010" activeThreads="16">
  <mem-info id="4369" free="150994944" total="251658240" percent="60">
    <mem type="eden" free="1616920" total="2097152" percent="77" />
    <remembered-set count="35648" freebytes="9918208" totalbytes="10060800" percent="98" regionsoverflowed="0" regionsstable="7" regionsrebuilding="0"/>
  </mem-info>
</gc-end>
<cycle-end id="4370" type="partial gc" contextid="4362" timestamp="2019-08-11T06:21:27.010" />
  <attribute name="elasticGC enabled" value="1" />
  <attribute name= "numThreadsSpecified" value="16" />
  <attribute name="heapSize specified" value="0" />
  <attribute name="Current GC Util" value="50" />
  <attribute name= "Current Time Running" value="198059" />
  <attribute name ="GC Interval" value="0" />
  <attribute name="ProportionalT" value="-15.000000" />
  <attribute name="ProportionalI" value="-15.000000" />
  <attribute name="ProportionalH" value="-15.000000" />
  <attribute name="Current Error" value="-30.000000" />
  <attribute name="IntegralT" value="-15.000000" />
  <attribute name="IntegralI" value="-15.000000" />
  <attribute name="IntegralH" value="-15.000000" />
  <attribute name="DerivativeT" value="-30.000000" />
  <attribute name="DerivativeI" value="-30.000000" />
  <attribute name="DerivativeH" value="-30.000000" />
  <attribute name="Loop Time for DT" value="1.000000" />
  <attribute name="Output H" value="4202627072"/>
  <attribute name="Output I" value="200"/>
  <attribute name="Output T" value="16"/>
  <attribute name="Target GC Util Change" value ="80.000000" />
  <attribute name="Current GC Util Change" value="50.000000"/>
  <attribute name="GC Util currently" value="50" />
  <attribute name="CPU Util currently" value="685305355138" />
<exclusive-end id="4371" timestamp="2019-08-11T06:21:27.011" durationms="148.676" />

<exclusive-start id="4372" timestamp="2019-08-11T06:21:27.164" intervalms="302.066">
  <response-info timems="2.883" idlems="2.883" threads="0" lastid="0000000002116600" lastname="Thread-36" />
</exclusive-start>
<allocation-taxation id="4373" taxation-threshold="69206016" timestamp="2019-08-11T06:21:27.164" intervalms="301.940" />
<cycle-start id="4374" type="partial gc" contextid="0" timestamp="2019-08-11T06:21:27.164" intervalms="300.166" />
<gc-start id="4375" type="partial gc" contextid="4374" timestamp="2019-08-11T06:21:27.164">
  <mem-info id="4376" free="81788928" total="251658240" percent="32">
    <mem type="eden" free="0" total="69206016" percent="0" />
    <remembered-set count="35328" freebytes="9919488" totalbytes="10060800" percent="98" regionsoverflowed="0" regionsstable="7" regionsrebuilding="0"/>
  </mem-info>
</gc-start>
<allocation-stats totalBytes="69196632" >
  <allocated-bytes non-tlh="0" tlh="69196632" arrayletleaf="0"/>
  <largest-consumer threadName="Thread-25" threadId="0000000002112A00" bytes="6483128" />
</allocation-stats>
<gc-op id="4377" type="copy forward" timems="57.670" contextid="4374" timestamp="2019-08-11T06:21:27.223">
  <memory-copied type="eden" objects="13712" bytes="472392" bytesdiscarded="0" />
  <memory-copied type="other" objects="43298" bytes="1863408" bytesdiscarded="0" />
  <memory-cardclean objects="21299" bytes="1057888" />
  <regions eden="33" other="4" />
  <remembered-set-cleared processed="21389" cleared="6429" durationms="1.012" />
  <stringconstants candidates="14612" cleared="0"  />
</gc-op>
<gc-op id="4378" type="classunload" timems="0.017" contextid="4374" timestamp="2019-08-11T06:21:27.224">
  <classunload-info classloadercandidates="54" classloadersunloaded="0" classesunloaded="0" anonymousclassesunloaded="0" quiescems="0.000" setupms="0.017" scanms="0.000" postms="0.000" />
</gc-op>
<heap-resize id="4379" type="expand" space="default" amount="6291456" count="1" timems="0.070" reason="excessive time being spent in gc" timestamp="2019-08-11T06:21:27.224" />
<gc-end id="4380" type="partial gc" contextid="4374" durationms="59.555" usertimems="59.414" systemtimems="4.640" timestamp="2019-08-11T06:21:27.224" activeThreads="1">
  <mem-info id="4381" free="155189248" total="257949696" percent="60">
    <mem type="eden" free="1624760" total="2097152" percent="77" />
    <remembered-set count="37984" freebytes="10160384" totalbytes="10312320" percent="98" regionsoverflowed="0" regionsstable="7" regionsrebuilding="0"/>
  </mem-info>
</gc-end>
<cycle-end id="4382" type="partial gc" contextid="4374" timestamp="2019-08-11T06:21:27.224" />
  <attribute name="elasticGC enabled" value="1" />
  <attribute name= "numThreadsSpecified" value="1" />
  <attribute name="heapSize specified" value="0" />
  <attribute name="Current GC Util" value="79" />
  <attribute name= "Current Time Running" value="198358" />
  <attribute name ="GC Interval" value="0" />
  <attribute name="ProportionalT" value="-0.500000" />
  <attribute name="ProportionalI" value="-0.500000" />
  <attribute name="ProportionalH" value="-0.500000" />
  <attribute name="Current Error" value="-1.000000" />
  <attribute name="IntegralT" value="-0.500000" />
  <attribute name="IntegralI" value="-0.500000" />
  <attribute name="IntegralH" value="-0.500000" />
  <attribute name="DerivativeT" value="-1.000000" />
  <attribute name="DerivativeI" value="-1.000000" />
  <attribute name="DerivativeH" value="-1.000000" />
  <attribute name="Loop Time for DT" value="1.000000" />
  <attribute name="Output H" value="8388608"/>
  <attribute name="Output I" value="200"/>
  <attribute name="Output T" value="1"/>
  <attribute name="Target GC Util Change" value ="80.000000" />
  <attribute name="Current GC Util Change" value="79.000000"/>
  <attribute name="GC Util currently" value="79" />
  <attribute name="CPU Util currently" value="1303204323877" />
<exclusive-end id="4383" timestamp="2019-08-11T06:21:27.238" durationms="73.684" />

<exclusive-start id="4384" timestamp="2019-08-11T06:21:27.435" intervalms="270.737">
  <response-info timems="3.123" idlems="0.604" threads="6" lastid="00000000020F4B00" lastname="Thread-21" />
</exclusive-start>
<allocation-taxation id="4385" taxation-threshold="71303168" timestamp="2019-08-11T06:21:27.435" intervalms="270.734" />
<cycle-start id="4386" type="partial gc" contextid="0" timestamp="2019-08-11T06:21:27.435" intervalms="270.706" />
<gc-start id="4387" type="partial gc" contextid="4386" timestamp="2019-08-11T06:21:27.435">
  <mem-info id="4388" free="83886080" total="257949696" percent="32">
    <mem type="eden" free="0" total="71303168" percent="0" />
    <remembered-set count="37824" freebytes="10161024" totalbytes="10312320" percent="98" regionsoverflowed="0" regionsstable="7" regionsrebuilding="0"/>
  </mem-info>
</gc-start>
<allocation-stats totalBytes="71293912" >
  <allocated-bytes non-tlh="0" tlh="71293912" arrayletleaf="0"/>
  <largest-consumer threadName="Thread-26" threadId="000000000210B200" bytes="8019240" />
</allocation-stats>
<gc-op id="4389" type="copy forward" timems="10.188" contextid="4386" timestamp="2019-08-11T06:21:27.447">
  <memory-copied type="eden" objects="14906" bytes="500504" bytesdiscarded="0" />
  <memory-copied type="other" objects="47861" bytes="1972920" bytesdiscarded="0" />
  <memory-cardclean objects="25940" bytes="1354240" />
  <regions eden="34" other="4" />
  <remembered-set-cleared processed="22441" cleared="7485" durationms="0.650" />
  <stringconstants candidates="14612" cleared="0"  />
</gc-op>
<gc-op id="4390" type="classunload" timems="0.015" contextid="4386" timestamp="2019-08-11T06:21:27.447">
  <classunload-info classloadercandidates="54" classloadersunloaded="0" classesunloaded="0" anonymousclassesunloaded="0" quiescems="0.000" setupms="0.015" scanms="0.000" postms="0.000" />
</gc-op>
<heap-resize id="4391" type="expand" space="default" amount="4194304" count="1" timems="0.059" reason="excessive time being spent in gc" timestamp="2019-08-11T06:21:27.447" />
<gc-end id="4392" type="partial gc" contextid="4386" durationms="12.390" usertimems="12.412" systemtimems="0.000" timestamp="2019-08-11T06:21:27.448" activeThreads="1">
  <mem-info id="4393" free="157286400" total="262144000" percent="60">
    <mem type="eden" free="1596648" total="2097152" percent="76" />
    <remembered-set count="42400" freebytes="10310400" totalbytes="10480000" percent="98" regionsoverflowed="0" regionsstable="7" regionsrebuilding="0"/>
  </mem-info>
</gc-end>
<cycle-end id="4394" type="partial gc" contextid="4386" timestamp="2019-08-11T06:21:27.448" />
  <attribute name="elasticGC enabled" value="1" />
  <attribute name= "numThreadsSpecified" value="1" />
  <attribute name="heapSize specified" value="0" />
  <attribute name="Current GC Util" value="78" />
  <attribute name= "Current Time Running" value="198630" />
  <attribute name ="GC Interval" value="0" />
  <attribute name="ProportionalT" value="-1.000000" />
  <attribute name="ProportionalI" value="-1.000000" />
  <attribute name="ProportionalH" value="-1.000000" />
  <attribute name="Current Error" value="-2.000000" />
  <attribute name="IntegralT" value="-2.000000" />
  <attribute name="IntegralI" value="-2.000000" />
  <attribute name="IntegralH" value="-2.000000" />
  <attribute name="DerivativeT" value="-1.000000" />
  <attribute name="DerivativeI" value="-1.000000" />
  <attribute name="DerivativeH" value="-1.000000" />
  <attribute name="Loop Time for DT" value="2.000000" />
  <attribute name="Output H" value="8388608"/>
  <attribute name="Output I" value="200"/>
  <attribute name="Output T" value="1"/>
  <attribute name="Target GC Util Change" value ="80.000000" />
  <attribute name="Current GC Util Change" value="78.000000"/>
  <attribute name="GC Util currently" value="78" />
  <attribute name="CPU Util currently" value="765682219192" />
<exclusive-end id="4395" timestamp="2019-08-11T06:21:27.448" durationms="13.075" />

<exclusive-start id="4396" timestamp="2019-08-11T06:21:27.638" intervalms="203.117">
  <response-info timems="23.014" idlems="23.014" threads="0" lastid="000000000213F900" lastname="Thread-23" />
</exclusive-start>
<allocation-taxation id="4397" taxation-threshold="73400320" timestamp="2019-08-11T06:21:27.660" intervalms="225.590" />
<cycle-start id="4398" type="partial gc" contextid="0" timestamp="2019-08-11T06:21:27.678" intervalms="243.144" />
<gc-start id="4399" type="partial gc" contextid="4398" timestamp="2019-08-11T06:21:27.679">
  <mem-info id="4400" free="83886080" total="262144000" percent="32">
    <mem type="eden" free="0" total="73400320" percent="0" />
    <remembered-set count="42304" freebytes="10310784" totalbytes="10480000" percent="98" regionsoverflowed="0" regionsstable="7" regionsrebuilding="0"/>
  </mem-info>
</gc-start>
<allocation-stats totalBytes="73390520" >
  <allocated-bytes non-tlh="0" tlh="73390520" arrayletleaf="0"/>
  <largest-consumer threadName="Thread-26" threadId="000000000210B200" bytes="8911856" />
</allocation-stats>
<gc-op id="4401" type="copy forward" timems="21.599" contextid="4398" timestamp="2019-08-11T06:21:27.702">
  <memory-copied type="eden" objects="19085" bytes="738832" bytesdiscarded="55240" />
  <memory-copied type="other" objects="27846" bytes="943056" bytesdiscarded="89104" />
  <memory-cardclean objects="34510" bytes="1764904" />
  <regions eden="35" other="4" />
  <remembered-set-cleared processed="23681" cleared="6465" durationms="0.489" />
  <stringconstants candidates="14612" cleared="0"  />
</gc-op>
<gc-op id="4402" type="classunload" timems="0.010" contextid="4398" timestamp="2019-08-11T06:21:27.702">
  <classunload-info classloadercandidates="54" classloadersunloaded="0" classesunloaded="0" anonymousclassesunloaded="0" quiescems="0.000" setupms="0.010" scanms="0.000" postms="0.000" />
</gc-op>
<heap-resize id="4403" type="expand" space="default" amount="6291456" count="1" timems="0.068" reason="excessive time being spent in gc" timestamp="2019-08-11T06:21:27.702" />
<gc-end id="4404" type="partial gc" contextid="4398" durationms="23.403" usertimems="6.934" systemtimems="29.239" timestamp="2019-08-11T06:21:27.702" activeThreads="8">
  <mem-info id="4405" free="161480704" total="268435456" percent="60">
    <mem type="eden" free="1303080" total="2097152" percent="62" />
    <remembered-set count="39808" freebytes="10572288" totalbytes="10731520" percent="98" regionsoverflowed="0" regionsstable="7" regionsrebuilding="0"/>
  </mem-info>
</gc-end>
<cycle-end id="4406" type="partial gc" contextid="4398" timestamp="2019-08-11T06:21:27.702" />
  <attribute name="elasticGC enabled" value="1" />
  <attribute name= "numThreadsSpecified" value="8" />
  <attribute name="heapSize specified" value="0" />
  <attribute name="Current GC Util" value="81" />
  <attribute name= "Current Time Running" value="198872" />
  <attribute name ="GC Interval" value="0" />
  <attribute name="ProportionalT" value="0.500000" />
  <attribute name="ProportionalI" value="0.500000" />
  <attribute name="ProportionalH" value="0.500000" />
  <attribute name="Current Error" value="1.000000" />
  <attribute name="IntegralT" value="0.500000" />
  <attribute name="IntegralI" value="0.500000" />
  <attribute name="IntegralH" value="0.500000" />
  <attribute name="DerivativeT" value="1.000000" />
  <attribute name="DerivativeI" value="1.000000" />
  <attribute name="DerivativeH" value="1.000000" />
  <attribute name="Loop Time for DT" value="1.000000" />
  <attribute name="Output H" value="8388608"/>
  <attribute name="Output I" value="200"/>
  <attribute name="Output T" value="8"/>
  <attribute name="Target GC Util Change" value ="80.000000" />
  <attribute name="Current GC Util Change" value="81.000000"/>
  <attribute name="GC Util currently" value="81" />
  <attribute name="CPU Util currently" value="1181780486866" />
<exclusive-end id="4407" timestamp="2019-08-11T06:21:27.702" durationms="64.501" />

<exclusive-start id="4408" timestamp="2019-08-11T06:21:27.902" intervalms="263.926">
  <response-info timems="7.797" idlems="7.797" threads="0" lastid="0000000002121A00" lastname="Thread-30" />
</exclusive-start>
<allocation-taxation id="4409" taxation-threshold="73400320" timestamp="2019-08-11T06:21:27.902" intervalms="241.441" />
<cycle-start id="4410" type="partial gc" contextid="0" timestamp="2019-08-11T06:21:27.902" intervalms="223.912" />
<gc-start id="4411" type="partial gc" contextid="4410" timestamp="2019-08-11T06:21:27.902">
  <mem-info id="4412" free="88080384" total="268435456" percent="32">
    <mem type="eden" free="0" total="73400320" percent="0" />
    <remembered-set count="39424" freebytes="10573824" totalbytes="10731520" percent="98" regionsoverflowed="0" regionsstable="7" regionsrebuilding="0"/>
  </mem-info>
</gc-start>
<allocation-stats totalBytes="73390480" >
  <allocated-bytes non-tlh="0" tlh="73390480" arrayletleaf="0"/>
  <largest-consumer threadName="Thread-21" threadId="00000000020F4B00" bytes="8363024" />
</allocation-stats>
<gc-op id="4413" type="copy forward" timems="11.702" contextid="4410" timestamp="2019-08-11T06:21:27.916">
  <memory-copied type="eden" objects="17163" bytes="691800" bytesdiscarded="0" />
  <memory-copied type="other" objects="35908" bytes="1411296" bytesdiscarded="0" />
  <memory-cardclean objects="28826" bytes="1464616" />
  <regions eden="35" other="4" />
  <remembered-set-cleared processed="25538" cleared="8543" durationms="0.676" />
  <stringconstants candidates="14612" cleared="0"  />
</gc-op>
<gc-op id="4414" type="classunload" timems="0.012" contextid="4410" timestamp="2019-08-11T06:21:27.916">
  <classunload-info classloadercandidates="54" classloadersunloaded="0" classesunloaded="0" anonymousclassesunloaded="0" quiescems="0.000" setupms="0.012" scanms="0.000" postms="0.000" />
</gc-op>
<heap-resize id="4415" type="expand" space="default" amount="4194304" count="1" timems="0.063" reason="excessive time being spent in gc" timestamp="2019-08-11T06:21:27.916" />
<gc-end id="4416" type="partial gc" contextid="4410" durationms="13.915" usertimems="12.841" systemtimems="1.740" timestamp="2019-08-11T06:21:27.916" activeThreads="1">
  <mem-info id="4417" free="163577856" total="272629760" percent="60">
    <mem type="eden" free="1405352" total="2097152" percent="67" />
    <remembered-set count="41568" freebytes="10732928" totalbytes="10899200" percent="98" regionsoverflowed="0" regionsstable="7" regionsrebuilding="0"/>
  </mem-info>
</gc-end>
<cycle-end id="4418" type="partial gc" contextid="4410" timestamp="2019-08-11T06:21:27.916" />
  <attribute name="elasticGC enabled" value="1" />
  <attribute name= "numThreadsSpecified" value="1" />
  <attribute name="heapSize specified" value="0" />
  <attribute name="Current GC Util" value="79" />
  <attribute name= "Current Time Running" value="199096" />
  <attribute name ="GC Interval" value="0" />
  <attribute name="ProportionalT" value="-0.500000" />
  <attribute name="ProportionalI" value="-0.500000" />
  <attribute name="ProportionalH" value="-0.500000" />
  <attribute name="Current Error" value="-1.000000" />
  <attribute name="IntegralT" value="-0.500000" />
  <attribute name="IntegralI" value="-0.500000" />
  <attribute name="IntegralH" value="-0.500000" />
  <attribute name="DerivativeT" value="-1.000000" />
  <attribute name="DerivativeI" value="-1.000000" />
  <attribute name="DerivativeH" value="-1.000000" />
  <attribute name="Loop Time for DT" value="1.000000" />
  <attribute name="Output H" value="8388608"/>
  <attribute name="Output I" value="200"/>
  <attribute name="Output T" value="1"/>
  <attribute name="Target GC Util Change" value ="80.000000" />
  <attribute name="Current GC Util Change" value="79.000000"/>
  <attribute name="GC Util currently" value="79" />
  <attribute name="CPU Util currently" value="783096332990" />
<exclusive-end id="4419" timestamp="2019-08-11T06:21:27.917" durationms="14.704" />

<exclusive-start id="4420" timestamp="2019-08-11T06:21:28.187" intervalms="285.383">
  <response-info timems="6.809" idlems="6.780" threads="1" lastid="00000000020F4B00" lastname="Thread-21" />
</exclusive-start>
<allocation-taxation id="4421" taxation-threshold="75497472" timestamp="2019-08-11T06:21:28.187" intervalms="285.485" />
<cycle-start id="4422" type="partial gc" contextid="0" timestamp="2019-08-11T06:21:28.188" intervalms="285.575" />
<gc-start id="4423" type="partial gc" contextid="4422" timestamp="2019-08-11T06:21:28.188">
  <mem-info id="4424" free="88080384" total="272629760" percent="32">
    <mem type="eden" free="0" total="75497472" percent="0" />
    <remembered-set count="41280" freebytes="10734080" totalbytes="10899200" percent="98" regionsoverflowed="0" regionsstable="7" regionsrebuilding="0"/>
  </mem-info>
</gc-start>
<allocation-stats totalBytes="75487168" >
  <allocated-bytes non-tlh="0" tlh="75487168" arrayletleaf="0"/>
  <largest-consumer threadName="Thread-30" threadId="0000000002121A00" bytes="8887200" />
</allocation-stats>
<gc-op id="4425" type="copy forward" timems="43.933" contextid="4422" timestamp="2019-08-11T06:21:28.234">
  <memory-copied type="eden" objects="10820" bytes="402976" bytesdiscarded="52000" />
  <memory-copied type="other" objects="45520" bytes="1916736" bytesdiscarded="169704" />
  <memory-cardclean objects="24248" bytes="1238392" />
  <regions eden="36" other="4" />
  <remembered-set-cleared processed="26342" cleared="8200" durationms="0.292" />
  <stringconstants candidates="14612" cleared="0"  />
</gc-op>
<gc-op id="4426" type="classunload" timems="0.014" contextid="4422" timestamp="2019-08-11T06:21:28.234">
  <classunload-info classloadercandidates="54" classloadersunloaded="0" classesunloaded="0" anonymousclassesunloaded="0" quiescems="0.000" setupms="0.014" scanms="0.000" postms="0.000" />
</gc-op>
<gc-end id="4427" type="partial gc" contextid="4422" durationms="56.116" usertimems="38.857" systemtimems="50.641" timestamp="2019-08-11T06:21:28.244" activeThreads="16">
  <mem-info id="4428" free="161480704" total="272629760" percent="59">
    <mem type="eden" free="1642176" total="2097152" percent="78" />
    <remembered-set count="42720" freebytes="10728320" totalbytes="10899200" percent="98" regionsoverflowed="0" regionsstable="7" regionsrebuilding="0"/>
  </mem-info>
</gc-end>
<cycle-end id="4429" type="partial gc" contextid="4422" timestamp="2019-08-11T06:21:28.244" />
  <attribute name="elasticGC enabled" value="1" />
  <attribute name= "numThreadsSpecified" value="16" />
  <attribute name="heapSize specified" value="0" />
  <attribute name="Current GC Util" value="141" />
  <attribute name= "Current Time Running" value="199382" />
  <attribute name ="GC Interval" value="0" />
  <attribute name="ProportionalT" value="30.500000" />
  <attribute name="ProportionalI" value="30.500000" />
  <attribute name="ProportionalH" value="30.500000" />
  <attribute name="Current Error" value="61.000000" />
  <attribute name="IntegralT" value="30.500000" />
  <attribute name="IntegralI" value="30.500000" />
  <attribute name="IntegralH" value="30.500000" />
  <attribute name="DerivativeT" value="61.000000" />
  <attribute name="DerivativeI" value="61.000000" />
  <attribute name="DerivativeH" value="61.000000" />
  <attribute name="Loop Time for DT" value="1.000000" />
  <attribute name="Output H" value="8388608"/>
  <attribute name="Output I" value="200"/>
  <attribute name="Output T" value="16"/>
  <attribute name="Target GC Util Change" value ="80.000000" />
  <attribute name="Current GC Util Change" value="141.000000"/>
  <attribute name="GC Util currently" value="141" />
  <attribute name="CPU Util currently" value="928714795884" />
<exclusive-end id="4430" timestamp="2019-08-11T06:21:28.248" durationms="60.466" />

<exclusive-start id="4431" timestamp="2019-08-11T06:21:28.627" intervalms="439.907">
  <response-info timems="3.180" idlems="3.180" threads="0" lastid="00000000020F0F00" lastname="Thread-28" />
</exclusive-start>
<allocation-taxation id="4432" taxation-threshold="75497472" timestamp="2019-08-11T06:21:28.627" intervalms="439.818" />
<cycle-start id="4433" type="partial gc" contextid="0" timestamp="2019-08-11T06:21:28.627" intervalms="439.797" />
<gc-start id="4434" type="partial gc" contextid="4433" timestamp="2019-08-11T06:21:28.628">
  <mem-info id="4435" free="85983232" total="272629760" percent="31">
    <mem type="eden" free="0" total="75497472" percent="0" />
    <remembered-set count="42496" freebytes="10729216" totalbytes="10899200" percent="98" regionsoverflowed="0" regionsstable="7" regionsrebuilding="0"/>
  </mem-info>
</gc-start>
<allocation-stats totalBytes="75487120" >
  <allocated-bytes non-tlh="0" tlh="75487120" arrayletleaf="0"/>
  <largest-consumer threadName="Thread-24" threadId="00000000020E9700" bytes="7847032" />
</allocation-stats>
<gc-op id="4436" type="copy forward" timems="81.923" contextid="4433" timestamp="2019-08-11T06:21:28.712">
  <memory-copied type="eden" objects="5965" bytes="148552" bytesdiscarded="14808" />
  <memory-copied type="other" objects="38535" bytes="1474344" bytesdiscarded="71040" />
  <memory-cardclean objects="30972" bytes="1557664" />
  <regions eden="36" other="4" />
  <remembered-set-cleared processed="25784" cleared="6122" durationms="0.406" />
  <stringconstants candidates="14612" cleared="0"  />
</gc-op>
<gc-op id="4437" type="classunload" timems="0.019" contextid="4433" timestamp="2019-08-11T06:21:28.712">
  <classunload-info classloadercandidates="54" classloadersunloaded="0" classesunloaded="0" anonymousclassesunloaded="0" quiescems="0.000" setupms="0.019" scanms="0.000" postms="0.000" />
</gc-op>
<gc-end id="4438" type="partial gc" contextid="4433" durationms="84.757" usertimems="50.814" systemtimems="22.620" timestamp="2019-08-11T06:21:28.712" activeThreads="16">
  <mem-info id="4439" free="159383552" total="272629760" percent="58">
    <mem type="eden" free="1933792" total="2097152" percent="92" />
    <remembered-set count="41024" freebytes="10735104" totalbytes="10899200" percent="98" regionsoverflowed="0" regionsstable="7" regionsrebuilding="0"/>
  </mem-info>
</gc-end>
<cycle-end id="4440" type="partial gc" contextid="4433" timestamp="2019-08-11T06:21:28.713" />
  <attribute name="elasticGC enabled" value="1" />
  <attribute name= "numThreadsSpecified" value="16" />
  <attribute name="heapSize specified" value="0" />
  <attribute name="Current GC Util" value="47" />
  <attribute name= "Current Time Running" value="199822" />
  <attribute name ="GC Interval" value="0" />
  <attribute name="ProportionalT" value="-16.500000" />
  <attribute name="ProportionalI" value="-16.500000" />
  <attribute name="ProportionalH" value="-16.500000" />
  <attribute name="Current Error" value="-33.000000" />
  <attribute name="IntegralT" value="-16.500000" />
  <attribute name="IntegralI" value="-16.500000" />
  <attribute name="IntegralH" value="-16.500000" />
  <attribute name="DerivativeT" value="-33.000000" />
  <attribute name="DerivativeI" value="-33.000000" />
  <attribute name="DerivativeH" value="-33.000000" />
  <attribute name="Loop Time for DT" value="1.000000" />
  <attribute name="Output H" value="4202627072"/>
  <attribute name="Output I" value="200"/>
  <attribute name="Output T" value="16"/>
  <attribute name="Target GC Util Change" value ="80.000000" />
  <attribute name="Current GC Util Change" value="47.000000"/>
  <attribute name="GC Util currently" value="47" />
  <attribute name="CPU Util currently" value="655235023506" />
<exclusive-end id="4441" timestamp="2019-08-11T06:21:28.713" durationms="85.595" />

<exclusive-start id="4442" timestamp="2019-08-11T06:21:28.849" intervalms="221.951">
  <response-info timems="1.053" idlems="1.053" threads="0" lastid="0000000002121A00" lastname="Thread-30" />
</exclusive-start>
<allocation-taxation id="4443" taxation-threshold="75497472" timestamp="2019-08-11T06:21:28.849" intervalms="221.968" />
<cycle-start id="4444" type="partial gc" contextid="0" timestamp="2019-08-11T06:21:28.849" intervalms="221.969" />
<gc-start id="4445" type="partial gc" contextid="4444" timestamp="2019-08-11T06:21:28.850">
  <mem-info id="4446" free="83886080" total="272629760" percent="30">
    <mem type="eden" free="0" total="75497472" percent="0" />
    <remembered-set count="40800" freebytes="10736000" totalbytes="10899200" percent="98" regionsoverflowed="0" regionsstable="7" regionsrebuilding="0"/>
  </mem-info>
</gc-start>
<allocation-stats totalBytes="75487080" >
  <allocated-bytes non-tlh="0" tlh="75487080" arrayletleaf="0"/>
  <largest-consumer threadName="Thread-24" threadId="00000000020E9700" bytes="7425072" />
</allocation-stats>
<gc-op id="4447" type="copy forward" timems="45.108" contextid="4444" timestamp="2019-08-11T06:21:28.896">
  <memory-copied type="eden" objects="20985" bytes="922216" bytesdiscarded="0" />
  <memory-copied type="other" objects="18496" bytes="581280" bytesdiscarded="0" />
  <memory-cardclean objects="30044" bytes="1521472" />
  <regions eden="36" other="4" />
  <remembered-set-cleared processed="26962" cleared="7842" durationms="0.756" />
  <stringconstants candidates="14612" cleared="0"  />
</gc-op>
<gc-op id="4448" type="classunload" timems="0.019" contextid="4444" timestamp="2019-08-11T06:21:28.899">
  <classunload-info classloadercandidates="54" classloadersunloaded="0" classesunloaded="0" anonymousclassesunloaded="0" quiescems="0.000" setupms="0.019" scanms="0.000" postms="0.000" />
</gc-op>
<heap-resize id="4449" type="expand" space="default" amount="16777216" count="1" timems="0.098" reason="excessive time being spent in gc" timestamp="2019-08-11T06:21:28.899" />
<gc-end id="4450" type="partial gc" contextid="4444" durationms="49.681" usertimems="67.396" systemtimems="8.375" timestamp="2019-08-11T06:21:28.899" activeThreads="1">
  <mem-info id="4451" free="174063616" total="289406976" percent="60">
    <mem type="eden" free="1174936" total="2097152" percent="56" />
    <remembered-set count="43008" freebytes="11397888" totalbytes="11569920" percent="98" regionsoverflowed="0" regionsstable="7" regionsrebuilding="0"/>
  </mem-info>
</gc-end>
<cycle-end id="4452" type="partial gc" contextid="4444" timestamp="2019-08-11T06:21:28.899" />
  <attribute name="elasticGC enabled" value="1" />
  <attribute name= "numThreadsSpecified" value="1" />
  <attribute name="heapSize specified" value="0" />
  <attribute name="Current GC Util" value="134" />
  <attribute name= "Current Time Running" value="200043" />
  <attribute name ="GC Interval" value="0" />
  <attribute name="ProportionalT" value="27.000000" />
  <attribute name="ProportionalI" value="27.000000" />
  <attribute name="ProportionalH" value="27.000000" />
  <attribute name="Current Error" value="54.000000" />
  <attribute name="IntegralT" value="0.000000" />
  <attribute name="IntegralI" value="0.000000" />
  <attribute name="IntegralH" value="0.000000" />
  <attribute name="DerivativeT" value="inf" />
  <attribute name="DerivativeI" value="inf" />
  <attribute name="DerivativeH" value="inf" />
  <attribute name="Loop Time for DT" value="0.000000" />
  <attribute name="Output H" value="8388608"/>
  <attribute name="Output I" value="200"/>
  <attribute name="Output T" value="1"/>
  <attribute name="Target GC Util Change" value ="80.000000" />
  <attribute name="Current GC Util Change" value="134.000000"/>
  <attribute name="GC Util currently" value="134" />
  <attribute name="CPU Util currently" value="1893735637655" />
<exclusive-end id="4453" timestamp="2019-08-11T06:21:28.901" durationms="51.628" />

<exclusive-start id="4454" timestamp="2019-08-11T06:21:29.139" intervalms="290.037">
  <response-info timems="0.677" idlems="0.677" threads="0" lastid="0000000002147100" lastname="Thread-35" />
</exclusive-start>
<allocation-taxation id="4455" taxation-threshold="79691776" timestamp="2019-08-11T06:21:29.139" intervalms="290.119" />
<cycle-start id="4456" type="partial gc" contextid="0" timestamp="2019-08-11T06:21:29.139" intervalms="290.151" />
<gc-start id="4457" type="partial gc" contextid="4456" timestamp="2019-08-11T06:21:29.140">
  <mem-info id="4458" free="94371840" total="289406976" percent="32">
    <mem type="eden" free="0" total="79691776" percent="0" />
    <remembered-set count="42688" freebytes="11399168" totalbytes="11569920" percent="98" regionsoverflowed="0" regionsstable="7" regionsrebuilding="0"/>
  </mem-info>
</gc-start>
<allocation-stats totalBytes="79681696" >
  <allocated-bytes non-tlh="0" tlh="79681696" arrayletleaf="0"/>
  <largest-consumer threadName="Thread-35" threadId="0000000002147100" bytes="7777432" />
</allocation-stats>
<gc-op id="4459" type="copy forward" timems="21.154" contextid="4456" timestamp="2019-08-11T06:21:29.162">
  <memory-copied type="eden" objects="6189" bytes="154832" bytesdiscarded="70168" />
  <memory-copied type="other" objects="41566" bytes="1821840" bytesdiscarded="103312" />
  <memory-cardclean objects="24305" bytes="1208176" />
  <regions eden="38" other="4" />
  <remembered-set-cleared processed="26736" cleared="9527" durationms="0.817" />
  <stringconstants candidates="14612" cleared="0"  />
</gc-op>
<gc-op id="4460" type="classunload" timems="0.014" contextid="4456" timestamp="2019-08-11T06:21:29.162">
  <classunload-info classloadercandidates="54" classloadersunloaded="0" classesunloaded="0" anonymousclassesunloaded="0" quiescems="0.000" setupms="0.013" scanms="0.000" postms="0.000" />
</gc-op>
<heap-resize id="4461" type="expand" space="default" amount="4194304" count="1" timems="0.068" reason="excessive time being spent in gc" timestamp="2019-08-11T06:21:29.163" />
<gc-end id="4462" type="partial gc" contextid="4456" durationms="22.701" usertimems="28.783" systemtimems="13.095" timestamp="2019-08-11T06:21:29.163" activeThreads="16">
  <mem-info id="4463" free="176160768" total="293601280" percent="60">
    <mem type="eden" free="1872152" total="2097152" percent="89" />
    <remembered-set count="43936" freebytes="11561856" totalbytes="11737600" percent="98" regionsoverflowed="0" regionsstable="7" regionsrebuilding="0"/>
  </mem-info>
</gc-end>
<cycle-end id="4464" type="partial gc" contextid="4456" timestamp="2019-08-11T06:21:29.163" />
  <attribute name="elasticGC enabled" value="1" />
  <attribute name= "numThreadsSpecified" value="16" />
  <attribute name="heapSize specified" value="0" />
  <attribute name="Current GC Util" value="149" />
  <attribute name= "Current Time Running" value="200334" />
  <attribute name ="GC Interval" value="0" />
  <attribute name="ProportionalT" value="34.500000" />
  <attribute name="ProportionalI" value="34.500000" />
  <attribute name="ProportionalH" value="34.500000" />
  <attribute name="Current Error" value="69.000000" />
  <attribute name="IntegralT" value="34.500000" />
  <attribute name="IntegralI" value="34.500000" />
  <attribute name="IntegralH" value="34.500000" />
  <attribute name="DerivativeT" value="69.000000" />
  <attribute name="DerivativeI" value="69.000000" />
  <attribute name="DerivativeH" value="69.000000" />
  <attribute name="Loop Time for DT" value="1.000000" />
  <attribute name="Output H" value="8388608"/>
  <attribute name="Output I" value="200"/>
  <attribute name="Output T" value="16"/>
  <attribute name="Target GC Util Change" value ="80.000000" />
  <attribute name="Current GC Util Change" value="149.000000"/>
  <attribute name="GC Util currently" value="149" />
  <attribute name="CPU Util currently" value="1463547696012" />
<exclusive-end id="4465" timestamp="2019-08-11T06:21:29.164" durationms="24.597" />

<exclusive-start id="4466" timestamp="2019-08-11T06:21:29.222" intervalms="82.862">
  <response-info timems="9.577" idlems="5.764" threads="4" lastid="00000000020F4B00" lastname="Thread-21" />
</exclusive-start>
<allocation-taxation id="4467" taxation-threshold="79691776" timestamp="2019-08-11T06:21:29.222" intervalms="82.759" />
<cycle-start id="4468" type="partial gc" contextid="0" timestamp="2019-08-11T06:21:29.222" intervalms="82.695" />
<gc-start id="4469" type="partial gc" contextid="4468" timestamp="2019-08-11T06:21:29.222">
  <mem-info id="4470" free="96468992" total="293601280" percent="32">
    <mem type="eden" free="0" total="79691776" percent="0" />
    <remembered-set count="43840" freebytes="11562240" totalbytes="11737600" percent="98" regionsoverflowed="0" regionsstable="7" regionsrebuilding="0"/>
  </mem-info>
</gc-start>
<allocation-stats totalBytes="79681784" >
  <allocated-bytes non-tlh="0" tlh="79681784" arrayletleaf="0"/>
  <largest-consumer threadName="Thread-25" threadId="0000000002112A00" bytes="8154256" />
</allocation-stats>
<gc-op id="4471" type="copy forward" timems="138.066" contextid="4468" timestamp="2019-08-11T06:21:29.362">
  <memory-copied type="eden" objects="11133" bytes="410408" bytesdiscarded="39544" />
  <memory-copied type="other" objects="42572" bytes="1845984" bytesdiscarded="123056" />
  <memory-cardclean objects="23584" bytes="1199056" />
  <regions eden="38" other="4" />
  <remembered-set-cleared processed="27224" cleared="7731" durationms="0.851" />
  <stringconstants candidates="14612" cleared="0"  />
</gc-op>
<gc-op id="4472" type="classunload" timems="0.017" contextid="4468" timestamp="2019-08-11T06:21:29.362">
  <classunload-info classloadercandidates="54" classloadersunloaded="0" classesunloaded="0" anonymousclassesunloaded="0" quiescems="0.000" setupms="0.017" scanms="0.000" postms="0.000" />
</gc-op>
<heap-resize id="4473" type="expand" space="default" amount="10485760" count="1" timems="0.118" reason="excessive time being spent in gc" timestamp="2019-08-11T06:21:29.362" />
<gc-end id="4474" type="partial gc" contextid="4468" durationms="140.018" usertimems="41.781" systemtimems="43.652" timestamp="2019-08-11T06:21:29.362" activeThreads="16">
  <mem-info id="4475" free="182452224" total="304087040" percent="60">
    <mem type="eden" free="3744352" total="4194304" percent="89" />
    <remembered-set count="42464" freebytes="11986944" totalbytes="12156800" percent="98" regionsoverflowed="0" regionsstable="7" regionsrebuilding="0"/>
  </mem-info>
</gc-end>
<cycle-end id="4476" type="partial gc" contextid="4468" timestamp="2019-08-11T06:21:29.363" />
  <attribute name="elasticGC enabled" value="1" />
  <attribute name= "numThreadsSpecified" value="16" />
  <attribute name="heapSize specified" value="0" />
  <attribute name="Current GC Util" value="65" />
  <attribute name= "Current Time Running" value="200416" />
  <attribute name ="GC Interval" value="0" />
  <attribute name="ProportionalT" value="-7.500000" />
  <attribute name="ProportionalI" value="-7.500000" />
  <attribute name="ProportionalH" value="-7.500000" />
  <attribute name="Current Error" value="-15.000000" />
  <attribute name="IntegralT" value="-7.500000" />
  <attribute name="IntegralI" value="-7.500000" />
  <attribute name="IntegralH" value="-7.500000" />
  <attribute name="DerivativeT" value="-15.000000" />
  <attribute name="DerivativeI" value="-15.000000" />
  <attribute name="DerivativeH" value="-15.000000" />
  <attribute name="Loop Time for DT" value="1.000000" />
  <attribute name="Output H" value="4202627072"/>
  <attribute name="Output I" value="200"/>
  <attribute name="Output T" value="16"/>
  <attribute name="Target GC Util Change" value ="80.000000" />
  <attribute name="Current GC Util Change" value="65.000000"/>
  <attribute name="GC Util currently" value="65" />
  <attribute name="CPU Util currently" value="1256687335641" />
<exclusive-end id="4477" timestamp="2019-08-11T06:21:29.363" durationms="140.957" />

<exclusive-start id="4478" timestamp="2019-08-11T06:21:29.432" intervalms="209.967">
  <response-info timems="2.785" idlems="1.437" threads="1" lastid="000000000213F900" lastname="Thread-23" />
</exclusive-start>
<allocation-taxation id="4479" taxation-threshold="83886080" timestamp="2019-08-11T06:21:29.432" intervalms="210.008" />
<cycle-start id="4480" type="partial gc" contextid="0" timestamp="2019-08-11T06:21:29.433" intervalms="210.585" />
<gc-start id="4481" type="partial gc" contextid="4480" timestamp="2019-08-11T06:21:29.433">
  <mem-info id="4482" free="98566144" total="304087040" percent="32">
    <mem type="eden" free="0" total="83886080" percent="0" />
    <remembered-set count="42112" freebytes="11988352" totalbytes="12156800" percent="98" regionsoverflowed="0" regionsstable="7" regionsrebuilding="0"/>
  </mem-info>
</gc-start>
<allocation-stats totalBytes="83875112" >
  <allocated-bytes non-tlh="0" tlh="83875112" arrayletleaf="0"/>
  <largest-consumer threadName="Thread-25" threadId="0000000002112A00" bytes="10103616" />
</allocation-stats>
<gc-op id="4483" type="copy forward" timems="99.875" contextid="4480" timestamp="2019-08-11T06:21:29.541">
  <memory-copied type="eden" objects="24176" bytes="997552" bytesdiscarded="103896" />
  <memory-copied type="other" objects="23192" bytes="831360" bytesdiscarded="70448" />
  <memory-cardclean objects="29782" bytes="1546336" />
  <regions eden="40" other="5" />
  <remembered-set-cleared processed="27256" cleared="7888" durationms="0.252" />
  <stringconstants candidates="14612" cleared="0"  />
</gc-op>
<gc-op id="4484" type="classunload" timems="0.013" contextid="4480" timestamp="2019-08-11T06:21:29.541">
  <classunload-info classloadercandidates="54" classloadersunloaded="0" classesunloaded="0" anonymousclassesunloaded="0" quiescems="0.000" setupms="0.013" scanms="0.000" postms="0.000" />
</gc-op>
<gc-end id="4485" type="partial gc" contextid="4480" durationms="107.987" usertimems="40.059" systemtimems="56.393" timestamp="2019-08-11T06:21:29.541" activeThreads="16">
  <mem-info id="4486" free="182452224" total="304087040" percent="60">
    <mem type="eden" free="995704" total="2097152" percent="47" />
    <remembered-set count="43808" freebytes="11981568" totalbytes="12156800" percent="98" regionsoverflowed="0" regionsstable="7" regionsrebuilding="0"/>
  </mem-info>
</gc-end>
<cycle-end id="4487" type="partial gc" contextid="4480" timestamp="2019-08-11T06:21:29.541" />
  <attribute name="elasticGC enabled" value="1" />
  <attribute name= "numThreadsSpecified" value="16" />
  <attribute name="heapSize specified" value="0" />
  <attribute name="Current GC Util" value="15" />
  <attribute name= "Current Time Running" value="200633" />
  <attribute name ="GC Interval" value="0" />
  <attribute name="ProportionalT" value="-32.500000" />
  <attribute name="ProportionalI" value="-32.500000" />
  <attribute name="ProportionalH" value="-32.500000" />
  <attribute name="Current Error" value="-65.000000" />
  <attribute name="IntegralT" value="-227.500000" />
  <attribute name="IntegralI" value="-227.500000" />
  <attribute name="IntegralH" value="-227.500000" />
  <attribute name="DerivativeT" value="-9.285714" />
  <attribute name="DerivativeI" value="-9.285714" />
  <attribute name="DerivativeH" value="-9.285714" />
  <attribute name="Loop Time for DT" value="7.000000" />
  <attribute name="Output H" value="4202627072"/>
  <attribute name="Output I" value="200"/>
  <attribute name="Output T" value="16"/>
  <attribute name="Target GC Util Change" value ="80.000000" />
  <attribute name="Current GC Util Change" value="15.000000"/>
  <attribute name="GC Util currently" value="15" />
  <attribute name="CPU Util currently" value="161342546210" />
<exclusive-end id="4488" timestamp="2019-08-11T06:21:29.541" durationms="109.403" />

<exclusive-start id="4489" timestamp="2019-08-11T06:21:29.586" intervalms="154.145">
  <response-info timems="5.754" idlems="5.754" threads="0" lastid="000000000213BD00" lastname="Thread-32" />
</exclusive-start>
<allocation-taxation id="4490" taxation-threshold="83886080" timestamp="2019-08-11T06:21:29.586" intervalms="154.098" />
<cycle-start id="4491" type="partial gc" contextid="0" timestamp="2019-08-11T06:21:29.586" intervalms="153.492" />
<gc-start id="4492" type="partial gc" contextid="4491" timestamp="2019-08-11T06:21:29.587">
  <mem-info id="4493" free="98566144" total="304087040" percent="32">
    <mem type="eden" free="0" total="83886080" percent="0" />
    <remembered-set count="43488" freebytes="11982848" totalbytes="12156800" percent="98" regionsoverflowed="0" regionsstable="7" regionsrebuilding="0"/>
  </mem-info>
</gc-start>
<allocation-stats totalBytes="83875432" >
  <allocated-bytes non-tlh="0" tlh="83875432" arrayletleaf="0"/>
  <largest-consumer threadName="Thread-32" threadId="000000000213BD00" bytes="9722976" />
</allocation-stats>
<gc-op id="4494" type="copy forward" timems="10.764" contextid="4491" timestamp="2019-08-11T06:21:29.599">
  <memory-copied type="eden" objects="16619" bytes="542552" bytesdiscarded="0" />
  <memory-copied type="other" objects="50130" bytes="2164752" bytesdiscarded="0" />
  <memory-cardclean objects="22000" bytes="1093480" />
  <regions eden="40" other="4" />
  <remembered-set-cleared processed="26785" cleared="6450" durationms="0.817" />
  <stringconstants candidates="14612" cleared="0"  />
</gc-op>
<gc-op id="4495" type="classunload" timems="0.014" contextid="4491" timestamp="2019-08-11T06:21:29.599">
  <classunload-info classloadercandidates="54" classloadersunloaded="0" classesunloaded="0" anonymousclassesunloaded="0" quiescems="0.000" setupms="0.014" scanms="0.000" postms="0.000" />
</gc-op>
<heap-resize id="4496" type="expand" space="default" amount="6291456" count="1" timems="0.072" reason="excessive time being spent in gc" timestamp="2019-08-11T06:21:29.599" />
<gc-end id="4497" type="partial gc" contextid="4491" durationms="12.539" usertimems="19.413" systemtimems="0.000" timestamp="2019-08-11T06:21:29.599" activeThreads="1">
  <mem-info id="4498" free="186646528" total="310378496" percent="60">
    <mem type="eden" free="1554600" total="2097152" percent="74" />
    <remembered-set count="46208" freebytes="12223488" totalbytes="12408320" percent="98" regionsoverflowed="0" regionsstable="7" regionsrebuilding="0"/>
  </mem-info>
</gc-end>
<cycle-end id="4499" type="partial gc" contextid="4491" timestamp="2019-08-11T06:21:29.599" />
  <attribute name="elasticGC enabled" value="1" />
  <attribute name= "numThreadsSpecified" value="1" />
  <attribute name="heapSize specified" value="0" />
  <attribute name="Current GC Util" value="101" />
  <attribute name= "Current Time Running" value="200780" />
  <attribute name ="GC Interval" value="0" />
  <attribute name="ProportionalT" value="10.500000" />
  <attribute name="ProportionalI" value="10.500000" />
  <attribute name="ProportionalH" value="10.500000" />
  <attribute name="Current Error" value="21.000000" />
  <attribute name="IntegralT" value="0.000000" />
  <attribute name="IntegralI" value="0.000000" />
  <attribute name="IntegralH" value="0.000000" />
  <attribute name="DerivativeT" value="inf" />
  <attribute name="DerivativeI" value="inf" />
  <attribute name="DerivativeH" value="inf" />
  <attribute name="Loop Time for DT" value="0.000000" />
  <attribute name="Output H" value="8388608"/>
  <attribute name="Output I" value="200"/>
  <attribute name="Output T" value="1"/>
  <attribute name="Target GC Util Change" value ="80.000000" />
  <attribute name="Current GC Util Change" value="101.000000"/>
  <attribute name="GC Util currently" value="101" />
  <attribute name="CPU Util currently" value="1288203369640" />
<exclusive-end id="4500" timestamp="2019-08-11T06:21:29.599" durationms="13.289" />

<exclusive-start id="4501" timestamp="2019-08-11T06:21:29.669" intervalms="83.216">
  <response-info timems="28.464" idlems="27.493" threads="2" lastid="0000000002112A00" lastname="Thread-25" />
</exclusive-start>
<allocation-taxation id="4502" taxation-threshold="83886080" timestamp="2019-08-11T06:21:29.672" intervalms="85.968" />
<cycle-start id="4503" type="partial gc" contextid="0" timestamp="2019-08-11T06:21:29.673" intervalms="86.830" />
<gc-start id="4504" type="partial gc" contextid="4503" timestamp="2019-08-11T06:21:29.673">
  <mem-info id="4505" free="102760448" total="310378496" percent="33">
    <mem type="eden" free="0" total="83886080" percent="0" />
    <remembered-set count="45824" freebytes="12225024" totalbytes="12408320" percent="98" regionsoverflowed="0" regionsstable="7" regionsrebuilding="0"/>
  </mem-info>
</gc-start>
<allocation-stats totalBytes="83872552" >
  <allocated-bytes non-tlh="0" tlh="83872552" arrayletleaf="0"/>
  <largest-consumer threadName="Thread-32" threadId="000000000213BD00" bytes="10598864" />
</allocation-stats>
<gc-op id="4506" type="copy forward" timems="48.611" contextid="4503" timestamp="2019-08-11T06:21:29.726">
  <memory-copied type="eden" objects="9038" bytes="223184" bytesdiscarded="20272" />
  <memory-copied type="other" objects="54819" bytes="2277288" bytesdiscarded="167168" />
  <memory-cardclean objects="25898" bytes="1341664" />
  <regions eden="40" other="4" />
  <remembered-set-cleared processed="27941" cleared="7867" durationms="1.873" />
  <stringconstants candidates="14612" cleared="0"  />
</gc-op>
<gc-op id="4507" type="classunload" timems="0.012" contextid="4503" timestamp="2019-08-11T06:21:29.726">
  <classunload-info classloadercandidates="54" classloadersunloaded="0" classesunloaded="0" anonymousclassesunloaded="0" quiescems="0.000" setupms="0.012" scanms="0.000" postms="0.000" />
</gc-op>
<heap-resize id="4508" type="expand" space="default" amount="4194304" count="1" timems="0.077" reason="excessive time being spent in gc" timestamp="2019-08-11T06:21:29.726" />
<gc-end id="4509" type="partial gc" contextid="4503" durationms="52.951" usertimems="33.229" systemtimems="24.346" timestamp="2019-08-11T06:21:29.726" activeThreads="16">
  <mem-info id="4510" free="188743680" total="314572800" percent="60">
    <mem type="eden" free="1853696" total="2097152" percent="88" />
    <remembered-set count="45632" freebytes="12393472" totalbytes="12576000" percent="98" regionsoverflowed="0" regionsstable="7" regionsrebuilding="0"/>
  </mem-info>
</gc-end>
<cycle-end id="4511" type="partial gc" contextid="4503" timestamp="2019-08-11T06:21:29.727" />
  <attribute name="elasticGC enabled" value="1" />
  <attribute name= "numThreadsSpecified" value="16" />
  <attribute name="heapSize specified" value="0" />
  <attribute name="Current GC Util" value="22" />
  <attribute name= "Current Time Running" value="200870" />
  <attribute name ="GC Interval" value="0" />
  <attribute name="ProportionalT" value="-29.000000" />
  <attribute name="ProportionalI" value="-29.000000" />
  <attribute name="ProportionalH" value="-29.000000" />
  <attribute name="Current Error" value="-58.000000" />
  <attribute name="IntegralT" value="-116.000000" />
  <attribute name="IntegralI" value="-116.000000" />
  <attribute name="IntegralH" value="-116.000000" />
  <attribute name="DerivativeT" value="-14.500000" />
  <attribute name="DerivativeI" value="-14.500000" />
  <attribute name="DerivativeH" value="-14.500000" />
  <attribute name="Loop Time for DT" value="4.000000" />
  <attribute name="Output H" value="4202627072"/>
  <attribute name="Output I" value="200"/>
  <attribute name="Output T" value="16"/>
  <attribute name="Target GC Util Change" value ="80.000000" />
  <attribute name="Current GC Util Change" value="22.000000"/>
  <attribute name="GC Util currently" value="22" />
  <attribute name="CPU Util currently" value="343360379571" />
<exclusive-end id="4512" timestamp="2019-08-11T06:21:29.727" durationms="57.399" />

<exclusive-start id="4513" timestamp="2019-08-11T06:21:29.761" intervalms="91.757">
  <response-info timems="0.657" idlems="0.657" threads="0" lastid="000000000213F900" lastname="Thread-23" />
</exclusive-start>
<allocation-taxation id="4514" taxation-threshold="85983232" timestamp="2019-08-11T06:21:29.761" intervalms="89.032" />
<cycle-start id="4515" type="partial gc" contextid="0" timestamp="2019-08-11T06:21:29.761" intervalms="88.208" />
<gc-start id="4516" type="partial gc" contextid="4515" timestamp="2019-08-11T06:21:29.762">
  <mem-info id="4517" free="102760448" total="314572800" percent="32">
    <mem type="eden" free="0" total="85983232" percent="0" />
    <remembered-set count="45600" freebytes="12393600" totalbytes="12576000" percent="98" regionsoverflowed="0" regionsstable="7" regionsrebuilding="0"/>
  </mem-info>
</gc-start>
<allocation-stats totalBytes="85968848" >
  <allocated-bytes non-tlh="0" tlh="85968848" arrayletleaf="0"/>
  <largest-consumer threadName="Thread-32" threadId="000000000213BD00" bytes="8850072" />
</allocation-stats>
<gc-op id="4518" type="copy forward" timems="51.223" contextid="4515" timestamp="2019-08-11T06:21:29.814">
  <memory-copied type="eden" objects="18287" bytes="720272" bytesdiscarded="0" />
  <memory-copied type="other" objects="24071" bytes="715080" bytesdiscarded="0" />
  <memory-cardclean objects="33845" bytes="1737376" />
  <regions eden="41" other="4" />
  <remembered-set-cleared processed="29653" cleared="8322" durationms="2.076" />
  <stringconstants candidates="14612" cleared="0"  />
</gc-op>
<gc-op id="4519" type="classunload" timems="0.016" contextid="4515" timestamp="2019-08-11T06:21:29.815">
  <classunload-info classloadercandidates="54" classloadersunloaded="0" classesunloaded="0" anonymousclassesunloaded="0" quiescems="0.000" setupms="0.015" scanms="0.000" postms="0.000" />
</gc-op>
<heap-resize id="4520" type="expand" space="default" amount="6291456" count="1" timems="0.075" reason="excessive time being spent in gc" timestamp="2019-08-11T06:21:29.815" />
<gc-end id="4521" type="partial gc" contextid="4515" durationms="53.349" usertimems="21.339" systemtimems="8.777" timestamp="2019-08-11T06:21:29.815" activeThreads="1">
  <mem-info id="4522" free="192937984" total="320864256" percent="60">
    <mem type="eden" free="1376880" total="2097152" percent="65" />
    <remembered-set count="47936" freebytes="12635776" totalbytes="12827520" percent="98" regionsoverflowed="0" regionsstable="7" regionsrebuilding="0"/>
  </mem-info>
</gc-end>
<cycle-end id="4523" type="partial gc" contextid="4515" timestamp="2019-08-11T06:21:29.815" />
  <attribute name="elasticGC enabled" value="1" />
  <attribute name= "numThreadsSpecified" value="1" />
  <attribute name="heapSize specified" value="0" />
  <attribute name="Current GC Util" value="101" />
  <attribute name= "Current Time Running" value="200955" />
  <attribute name ="GC Interval" value="0" />
  <attribute name="ProportionalT" value="10.500000" />
  <attribute name="ProportionalI" value="10.500000" />
  <attribute name="ProportionalH" value="10.500000" />
  <attribute name="Current Error" value="21.000000" />
  <attribute name="IntegralT" value="0.000000" />
  <attribute name="IntegralI" value="0.000000" />
  <attribute name="IntegralH" value="0.000000" />
  <attribute name="DerivativeT" value="inf" />
  <attribute name="DerivativeI" value="inf" />
  <attribute name="DerivativeH" value="inf" />
  <attribute name="Loop Time for DT" value="0.000000" />
  <attribute name="Output H" value="8388608"/>
  <attribute name="Output I" value="200"/>
  <attribute name="Output T" value="1"/>
  <attribute name="Target GC Util Change" value ="80.000000" />
  <attribute name="Current GC Util Change" value="101.000000"/>
  <attribute name="GC Util currently" value="101" />
  <attribute name="CPU Util currently" value="1346023244864" />
<exclusive-end id="4524" timestamp="2019-08-11T06:21:29.832" durationms="70.845" />

<exclusive-start id="4525" timestamp="2019-08-11T06:21:29.899" intervalms="138.370">
  <response-info timems="6.266" idlems="3.149" threads="1" lastid="0000000002147100" lastname="Thread-35" />
</exclusive-start>
<allocation-taxation id="4526" taxation-threshold="88080384" timestamp="2019-08-11T06:21:29.899" intervalms="138.345" />
<cycle-start id="4527" type="partial gc" contextid="0" timestamp="2019-08-11T06:21:29.900" intervalms="138.299" />
<gc-start id="4528" type="partial gc" contextid="4527" timestamp="2019-08-11T06:21:29.900">
  <mem-info id="4529" free="104857600" total="320864256" percent="32">
    <mem type="eden" free="0" total="88080384" percent="0" />
    <remembered-set count="47776" freebytes="12636416" totalbytes="12827520" percent="98" regionsoverflowed="0" regionsstable="7" regionsrebuilding="0"/>
  </mem-info>
</gc-start>
<allocation-stats totalBytes="88065776" >
  <allocated-bytes non-tlh="0" tlh="88065776" arrayletleaf="0"/>
  <largest-consumer threadName="Thread-24" threadId="00000000020E9700" bytes="9304648" />
</allocation-stats>
<gc-op id="4530" type="copy forward" timems="19.317" contextid="4527" timestamp="2019-08-11T06:21:29.921">
  <memory-copied type="eden" objects="21999" bytes="808976" bytesdiscarded="91000" />
  <memory-copied type="other" objects="52559" bytes="2223048" bytesdiscarded="184488" />
  <memory-cardclean objects="20571" bytes="1020424" />
  <regions eden="42" other="5" />
  <remembered-set-cleared processed="28536" cleared="7961" durationms="0.276" />
  <stringconstants candidates="14612" cleared="0"  />
</gc-op>
<gc-op id="4531" type="classunload" timems="0.010" contextid="4527" timestamp="2019-08-11T06:21:29.921">
  <classunload-info classloadercandidates="54" classloadersunloaded="0" classesunloaded="0" anonymousclassesunloaded="0" quiescems="0.000" setupms="0.010" scanms="0.000" postms="0.000" />
</gc-op>
<heap-resize id="4532" type="expand" space="default" amount="4194304" count="1" timems="0.053" reason="excessive time being spent in gc" timestamp="2019-08-11T06:21:29.921" />
<gc-end id="4533" type="partial gc" contextid="4527" durationms="21.284" usertimems="22.088" systemtimems="26.866" timestamp="2019-08-11T06:21:29.921" activeThreads="16">
  <mem-info id="4534" free="195035136" total="325058560" percent="60">
    <mem type="eden" free="1197176" total="2097152" percent="57" />
    <remembered-set count="46208" freebytes="12810368" totalbytes="12995200" percent="98" regionsoverflowed="0" regionsstable="7" regionsrebuilding="0"/>
  </mem-info>
</gc-end>
<cycle-end id="4535" type="partial gc" contextid="4527" timestamp="2019-08-11T06:21:29.921" />
  <attribute name="elasticGC enabled" value="1" />
  <attribute name= "numThreadsSpecified" value="16" />
  <attribute name="heapSize specified" value="0" />
  <attribute name="Current GC Util" value="89" />
  <attribute name= "Current Time Running" value="201094" />
  <attribute name ="GC Interval" value="0" />
  <attribute name="ProportionalT" value="4.500000" />
  <attribute name="ProportionalI" value="4.500000" />
  <attribute name="ProportionalH" value="4.500000" />
  <attribute name="Current Error" value="9.000000" />
  <attribute name="IntegralT" value="4.500000" />
  <attribute name="IntegralI" value="4.500000" />
  <attribute name="IntegralH" value="4.500000" />
  <attribute name="DerivativeT" value="9.000000" />
  <attribute name="DerivativeI" value="9.000000" />
  <attribute name="DerivativeH" value="9.000000" />
  <attribute name="Loop Time for DT" value="1.000000" />
  <attribute name="Output H" value="8388608"/>
  <attribute name="Output I" value="200"/>
  <attribute name="Output T" value="16"/>
  <attribute name="Target GC Util Change" value ="80.000000" />
  <attribute name="Current GC Util Change" value="89.000000"/>
  <attribute name="GC Util currently" value="89" />
  <attribute name="CPU Util currently" value="811151029312" />
<exclusive-end id="4536" timestamp="2019-08-11T06:21:29.922" durationms="22.372" />

<exclusive-start id="4537" timestamp="2019-08-11T06:21:30.024" intervalms="124.160">
  <response-info timems="23.945" idlems="23.945" threads="0" lastid="000000000210B200" lastname="Thread-26" />
</exclusive-start>
<allocation-taxation id="4538" taxation-threshold="88080384" timestamp="2019-08-11T06:21:30.024" intervalms="124.168" />
<cycle-start id="4539" type="partial gc" contextid="0" timestamp="2019-08-11T06:21:30.024" intervalms="124.122" />
<gc-start id="4540" type="partial gc" contextid="4539" timestamp="2019-08-11T06:21:30.024">
  <mem-info id="4541" free="106954752" total="325058560" percent="32">
    <mem type="eden" free="0" total="88080384" percent="0" />
    <remembered-set count="45856" freebytes="12811776" totalbytes="12995200" percent="98" regionsoverflowed="0" regionsstable="7" regionsrebuilding="0"/>
  </mem-info>
</gc-start>
<allocation-stats totalBytes="88065520" >
  <allocated-bytes non-tlh="0" tlh="88065520" arrayletleaf="0"/>
  <largest-consumer threadName="Thread-33" threadId="000000000211DE00" bytes="10488224" />
</allocation-stats>
<gc-op id="4542" type="copy forward" timems="23.659" contextid="4539" timestamp="2019-08-11T06:21:30.049">
  <memory-copied type="eden" objects="35550" bytes="1545952" bytesdiscarded="122280" />
  <memory-copied type="other" objects="54851" bytes="2278056" bytesdiscarded="108520" />
  <memory-cardclean objects="25957" bytes="1327480" />
  <regions eden="42" other="5" />
  <remembered-set-cleared processed="29316" cleared="9936" durationms="0.443" />
  <stringconstants candidates="14612" cleared="0"  />
</gc-op>
<gc-op id="4543" type="classunload" timems="0.012" contextid="4539" timestamp="2019-08-11T06:21:30.049">
  <classunload-info classloadercandidates="54" classloadersunloaded="0" classesunloaded="0" anonymousclassesunloaded="0" quiescems="0.000" setupms="0.012" scanms="0.000" postms="0.000" />
</gc-op>
<heap-resize id="4544" type="expand" space="default" amount="10485760" count="1" timems="0.069" reason="excessive time being spent in gc" timestamp="2019-08-11T06:21:30.049" />
<gc-end id="4545" type="partial gc" contextid="4539" durationms="25.254" usertimems="31.966" systemtimems="25.350" timestamp="2019-08-11T06:21:30.049" activeThreads="16">
  <mem-info id="4546" free="201326592" total="335544320" percent="60">
    <mem type="eden" free="2526072" total="4194304" percent="60" />
    <remembered-set count="47840" freebytes="13223040" totalbytes="13414400" percent="98" regionsoverflowed="0" regionsstable="7" regionsrebuilding="0"/>
  </mem-info>
</gc-end>
<cycle-end id="4547" type="partial gc" contextid="4539" timestamp="2019-08-11T06:21:30.049" />
  <attribute name="elasticGC enabled" value="1" />
  <attribute name= "numThreadsSpecified" value="16" />
  <attribute name="heapSize specified" value="0" />
  <attribute name="Current GC Util" value="139" />
  <attribute name= "Current Time Running" value="201218" />
  <attribute name ="GC Interval" value="0" />
  <attribute name="ProportionalT" value="29.500000" />
  <attribute name="ProportionalI" value="29.500000" />
  <attribute name="ProportionalH" value="29.500000" />
  <attribute name="Current Error" value="59.000000" />
  <attribute name="IntegralT" value="29.500000" />
  <attribute name="IntegralI" value="29.500000" />
  <attribute name="IntegralH" value="29.500000" />
  <attribute name="DerivativeT" value="59.000000" />
  <attribute name="DerivativeI" value="59.000000" />
  <attribute name="DerivativeH" value="59.000000" />
  <attribute name="Loop Time for DT" value="1.000000" />
  <attribute name="Output H" value="8388608"/>
  <attribute name="Output I" value="200"/>
  <attribute name="Output T" value="16"/>
  <attribute name="Target GC Util Change" value ="80.000000" />
  <attribute name="Current GC Util Change" value="139.000000"/>
  <attribute name="GC Util currently" value="139" />
  <attribute name="CPU Util currently" value="1271804611563" />
<exclusive-end id="4548" timestamp="2019-08-11T06:21:30.050" durationms="25.953" />

<exclusive-start id="4549" timestamp="2019-08-11T06:21:30.092" intervalms="68.266">
  <response-info timems="1.904" idlems="0.522" threads="3" lastid="00000000020F0F00" lastname="Thread-28" />
</exclusive-start>
<allocation-taxation id="4550" taxation-threshold="90177536" timestamp="2019-08-11T06:21:30.092" intervalms="68.287" />
<cycle-start id="4551" type="partial gc" contextid="0" timestamp="2019-08-11T06:21:30.092" intervalms="68.367" />
<gc-start id="4552" type="partial gc" contextid="4551" timestamp="2019-08-11T06:21:30.092">
  <mem-info id="4553" free="111149056" total="335544320" percent="33">
    <mem type="eden" free="0" total="90177536" percent="0" />
    <remembered-set count="47552" freebytes="13224192" totalbytes="13414400" percent="98" regionsoverflowed="0" regionsstable="7" regionsrebuilding="0"/>
  </mem-info>
</gc-start>
<allocation-stats totalBytes="90162312" >
  <allocated-bytes non-tlh="0" tlh="90162312" arrayletleaf="0"/>
  <largest-consumer threadName="Thread-29" threadId="0000000002125600" bytes="12253328" />
</allocation-stats>
<gc-op id="4554" type="copy forward" timems="91.627" contextid="4551" timestamp="2019-08-11T06:21:30.193">
  <memory-copied type="eden" objects="21610" bytes="799200" bytesdiscarded="118496" />
  <memory-copied type="other" objects="63152" bytes="2614656" bytesdiscarded="183272" />
  <memory-cardclean objects="35698" bytes="1884304" />
  <regions eden="43" other="6" />
  <remembered-set-cleared processed="30450" cleared="8910" durationms="1.274" />
  <stringconstants candidates="14612" cleared="0"  />
</gc-op>
<gc-op id="4555" type="classunload" timems="0.014" contextid="4551" timestamp="2019-08-11T06:21:30.193">
  <classunload-info classloadercandidates="54" classloadersunloaded="0" classesunloaded="0" anonymousclassesunloaded="0" quiescems="0.000" setupms="0.014" scanms="0.000" postms="0.000" />
</gc-op>
<gc-end id="4556" type="partial gc" contextid="4551" durationms="100.908" usertimems="77.236" systemtimems="58.700" timestamp="2019-08-11T06:21:30.193" activeThreads="16">
  <mem-info id="4557" free="201326592" total="335544320" percent="60">
    <mem type="eden" free="1179456" total="2097152" percent="56" />
    <remembered-set count="50144" freebytes="13213824" totalbytes="13414400" percent="98" regionsoverflowed="0" regionsstable="7" regionsrebuilding="0"/>
  </mem-info>
</gc-end>
<cycle-end id="4558" type="partial gc" contextid="4551" timestamp="2019-08-11T06:21:30.194" />
  <attribute name="elasticGC enabled" value="1" />
  <attribute name= "numThreadsSpecified" value="16" />
  <attribute name="heapSize specified" value="0" />
  <attribute name="Current GC Util" value="10" />
  <attribute name= "Current Time Running" value="201294" />
  <attribute name ="GC Interval" value="0" />
  <attribute name="ProportionalT" value="-35.000000" />
  <attribute name="ProportionalI" value="-35.000000" />
  <attribute name="ProportionalH" value="-35.000000" />
  <attribute name="Current Error" value="-70.000000" />
  <attribute name="IntegralT" value="-315.000000" />
  <attribute name="IntegralI" value="-315.000000" />
  <attribute name="IntegralH" value="-315.000000" />
  <attribute name="DerivativeT" value="-8.111111" />
  <attribute name="DerivativeI" value="-8.111111" />
  <attribute name="DerivativeH" value="-8.111111" />
  <attribute name="Loop Time for DT" value="9.000000" />
  <attribute name="Output H" value="4202627072"/>
  <attribute name="Output I" value="200"/>
  <attribute name="Output T" value="16"/>
  <attribute name="Target GC Util Change" value ="80.000000" />
  <attribute name="Current GC Util Change" value="10.000000"/>
  <attribute name="GC Util currently" value="10" />
  <attribute name="CPU Util currently" value="133912794826" />
<exclusive-end id="4559" timestamp="2019-08-11T06:21:30.194" durationms="101.966" />

<exclusive-start id="4560" timestamp="2019-08-11T06:21:30.292" intervalms="200.241">
  <response-info timems="1.144" idlems="0.597" threads="1" lastid="00000000020F4B00" lastname="Thread-21" />
</exclusive-start>
<allocation-taxation id="4561" taxation-threshold="90177536" timestamp="2019-08-11T06:21:30.292" intervalms="200.255" />
<cycle-start id="4562" type="partial gc" contextid="0" timestamp="2019-08-11T06:21:30.292" intervalms="200.396" />
<gc-start id="4563" type="partial gc" contextid="4562" timestamp="2019-08-11T06:21:30.293">
  <mem-info id="4564" free="111149056" total="335544320" percent="33">
    <mem type="eden" free="0" total="90177536" percent="0" />
    <remembered-set count="49984" freebytes="13214464" totalbytes="13414400" percent="98" regionsoverflowed="0" regionsstable="7" regionsrebuilding="0"/>
  </mem-info>
</gc-start>
<allocation-stats totalBytes="90162208" >
  <allocated-bytes non-tlh="0" tlh="90162208" arrayletleaf="0"/>
  <largest-consumer threadName="Thread-21" threadId="00000000020F4B00" bytes="10471912" />
</allocation-stats>
<gc-op id="4565" type="copy forward" timems="70.174" contextid="4562" timestamp="2019-08-11T06:21:30.366">
  <memory-copied type="eden" objects="20443" bytes="771640" bytesdiscarded="59744" />
  <memory-copied type="other" objects="72427" bytes="2974632" bytesdiscarded="206920" />
  <memory-cardclean objects="26702" bytes="1373128" />
  <regions eden="43" other="5" />
  <remembered-set-cleared processed="30982" cleared="6844" durationms="0.612" />
  <stringconstants candidates="14612" cleared="0"  />
</gc-op>
<gc-op id="4566" type="classunload" timems="0.010" contextid="4562" timestamp="2019-08-11T06:21:30.366">
  <classunload-info classloadercandidates="54" classloadersunloaded="0" classesunloaded="0" anonymousclassesunloaded="0" quiescems="0.000" setupms="0.010" scanms="0.000" postms="0.000" />
</gc-op>
<heap-resize id="4567" type="expand" space="default" amount="6291456" count="1" timems="0.061" reason="excessive time being spent in gc" timestamp="2019-08-11T06:21:30.367" />
<gc-end id="4568" type="partial gc" contextid="4562" durationms="74.582" usertimems="45.459" systemtimems="31.005" timestamp="2019-08-11T06:21:30.367" activeThreads="16">
  <mem-info id="4569" free="205520896" total="341835776" percent="60">
    <mem type="eden" free="1265768" total="2097152" percent="60" />
    <remembered-set count="50432" freebytes="13464192" totalbytes="13665920" percent="98" regionsoverflowed="0" regionsstable="7" regionsrebuilding="0"/>
  </mem-info>
</gc-end>
<cycle-end id="4570" type="partial gc" contextid="4562" timestamp="2019-08-11T06:21:30.367" />
  <attribute name="elasticGC enabled" value="1" />
  <attribute name= "numThreadsSpecified" value="16" />
  <attribute name="heapSize specified" value="0" />
  <attribute name="Current GC Util" value="63" />
  <attribute name= "Current Time Running" value="201489" />
  <attribute name ="GC Interval" value="0" />
  <attribute name="ProportionalT" value="-8.500000" />
  <attribute name="ProportionalI" value="-8.500000" />
  <attribute name="ProportionalH" value="-8.500000" />
  <attribute name="Current Error" value="-17.000000" />
  <attribute name="IntegralT" value="-25.500000" />
  <attribute name="IntegralI" value="-25.500000" />
  <attribute name="IntegralH" value="-25.500000" />
  <attribute name="DerivativeT" value="-5.666667" />
  <attribute name="DerivativeI" value="-5.666667" />
  <attribute name="DerivativeH" value="-5.666667" />
  <attribute name="Loop Time for DT" value="3.000000" />
  <attribute name="Output H" value="4202627072"/>
  <attribute name="Output I" value="200"/>
  <attribute name="Output T" value="16"/>
  <attribute name="Target GC Util Change" value ="80.000000" />
  <attribute name="Current GC Util Change" value="63.000000"/>
  <attribute name="GC Util currently" value="63" />
  <attribute name="CPU Util currently" value="387941107849" />
<exclusive-end id="4571" timestamp="2019-08-11T06:21:30.368" durationms="75.449" />

<exclusive-start id="4572" timestamp="2019-08-11T06:21:30.418" intervalms="125.540">
  <response-info timems="2.626" idlems="2.626" threads="0" lastid="00000000020F4B00" lastname="Thread-21" />
</exclusive-start>
<allocation-taxation id="4573" taxation-threshold="92274688" timestamp="2019-08-11T06:21:30.418" intervalms="125.536" />
<cycle-start id="4574" type="partial gc" contextid="0" timestamp="2019-08-11T06:21:30.418" intervalms="125.420" />
<gc-start id="4575" type="partial gc" contextid="4574" timestamp="2019-08-11T06:21:30.418">
  <mem-info id="4576" free="113246208" total="341835776" percent="33">
    <mem type="eden" free="0" total="92274688" percent="0" />
    <remembered-set count="50080" freebytes="13465600" totalbytes="13665920" percent="98" regionsoverflowed="0" regionsstable="7" regionsrebuilding="0"/>
  </mem-info>
</gc-start>
<allocation-stats totalBytes="92258696" >
  <allocated-bytes non-tlh="0" tlh="92258696" arrayletleaf="0"/>
  <largest-consumer threadName="Thread-36" threadId="0000000002116600" bytes="8993200" />
</allocation-stats>
<gc-op id="4577" type="copy forward" timems="109.722" contextid="4574" timestamp="2019-08-11T06:21:30.529">
  <memory-copied type="eden" objects="21002" bytes="784936" bytesdiscarded="70224" />
  <memory-copied type="other" objects="64128" bytes="2638080" bytesdiscarded="171472" />
  <memory-cardclean objects="24302" bytes="1238440" />
  <regions eden="44" other="4" />
  <remembered-set-cleared processed="32586" cleared="4202" durationms="0.558" />
  <stringconstants candidates="14612" cleared="0"  />
</gc-op>
<gc-op id="4578" type="classunload" timems="0.014" contextid="4574" timestamp="2019-08-11T06:21:30.529">
  <classunload-info classloadercandidates="54" classloadersunloaded="0" classesunloaded="0" anonymousclassesunloaded="0" quiescems="0.000" setupms="0.014" scanms="0.000" postms="0.000" />
</gc-op>
<heap-resize id="4579" type="expand" space="default" amount="4194304" count="1" timems="0.058" reason="excessive time being spent in gc" timestamp="2019-08-11T06:21:30.529" />
<gc-end id="4580" type="partial gc" contextid="4574" durationms="111.366" usertimems="63.378" systemtimems="59.496" timestamp="2019-08-11T06:21:30.529" activeThreads="16">
  <mem-info id="4581" free="207618048" total="346030080" percent="60">
    <mem type="eden" free="1241992" total="2097152" percent="59" />
    <remembered-set count="51424" freebytes="13627904" totalbytes="13833600" percent="98" regionsoverflowed="0" regionsstable="7" regionsrebuilding="0"/>
  </mem-info>
</gc-end>
<cycle-end id="4582" type="partial gc" contextid="4574" timestamp="2019-08-11T06:21:30.530" />
  <attribute name="elasticGC enabled" value="1" />
  <attribute name= "numThreadsSpecified" value="16" />
  <attribute name="heapSize specified" value="0" />
  <attribute name="Current GC Util" value="146" />
  <attribute name= "Current Time Running" value="201612" />
  <attribute name ="GC Interval" value="0" />
  <attribute name="ProportionalT" value="33.000000" />
  <attribute name="ProportionalI" value="33.000000" />
  <attribute name="ProportionalH" value="33.000000" />
  <attribute name="Current Error" value="66.000000" />
  <attribute name="IntegralT" value="33.000000" />
  <attribute name="IntegralI" value="33.000000" />
  <attribute name="IntegralH" value="33.000000" />
  <attribute name="DerivativeT" value="66.000000" />
  <attribute name="DerivativeI" value="66.000000" />
  <attribute name="DerivativeH" value="66.000000" />
  <attribute name="Loop Time for DT" value="1.000000" />
  <attribute name="Output H" value="8388608"/>
  <attribute name="Output I" value="200"/>
  <attribute name="Output T" value="16"/>
  <attribute name="Target GC Util Change" value ="80.000000" />
  <attribute name="Current GC Util Change" value="146.000000"/>
  <attribute name="GC Util currently" value="146" />
  <attribute name="CPU Util currently" value="1345454611367" />
<exclusive-end id="4583" timestamp="2019-08-11T06:21:30.530" durationms="111.968" />

<exclusive-start id="4584" timestamp="2019-08-11T06:21:30.615" intervalms="197.542">
  <response-info timems="5.916" idlems="3.011" threads="1" lastid="00000000020F4B00" lastname="Thread-21" />
</exclusive-start>
<allocation-taxation id="4585" taxation-threshold="94371840" timestamp="2019-08-11T06:21:30.615" intervalms="197.599" />
<cycle-start id="4586" type="partial gc" contextid="0" timestamp="2019-08-11T06:21:30.616" intervalms="197.734" />
<gc-start id="4587" type="partial gc" contextid="4586" timestamp="2019-08-11T06:21:30.616">
  <mem-info id="4588" free="113246208" total="346030080" percent="32">
    <mem type="eden" free="0" total="94371840" percent="0" />
    <remembered-set count="51360" freebytes="13628160" totalbytes="13833600" percent="98" regionsoverflowed="0" regionsstable="7" regionsrebuilding="0"/>
  </mem-info>
</gc-start>
<allocation-stats totalBytes="94355424" >
  <allocated-bytes non-tlh="0" tlh="94355424" arrayletleaf="0"/>
  <largest-consumer threadName="Thread-22" threadId="0000000002138100" bytes="9488704" />
</allocation-stats>
<gc-op id="4589" type="copy forward" timems="71.145" contextid="4586" timestamp="2019-08-11T06:21:30.689">
  <memory-copied type="eden" objects="11778" bytes="426352" bytesdiscarded="39272" />
  <memory-copied type="other" objects="72309" bytes="3109176" bytesdiscarded="194528" />
  <memory-cardclean objects="24630" bytes="1250560" />
  <regions eden="45" other="5" />
  <remembered-set-cleared processed="34242" cleared="9669" durationms="0.229" />
  <stringconstants candidates="14612" cleared="0"  />
</gc-op>
<gc-op id="4590" type="classunload" timems="0.010" contextid="4586" timestamp="2019-08-11T06:21:30.689">
  <classunload-info classloadercandidates="54" classloadersunloaded="0" classesunloaded="0" anonymousclassesunloaded="0" quiescems="0.000" setupms="0.009" scanms="0.000" postms="0.000" />
</gc-op>
<heap-resize id="4591" type="expand" space="default" amount="10485760" count="1" timems="0.077" reason="excessive time being spent in gc" timestamp="2019-08-11T06:21:30.689" />
<gc-end id="4592" type="partial gc" contextid="4586" durationms="73.247" usertimems="41.790" systemtimems="30.927" timestamp="2019-08-11T06:21:30.689" activeThreads="16">
  <mem-info id="4593" free="213909504" total="356515840" percent="60">
    <mem type="eden" free="3728680" total="4194304" percent="88" />
    <remembered-set count="54432" freebytes="14035072" totalbytes="14252800" percent="98" regionsoverflowed="0" regionsstable="7" regionsrebuilding="0"/>
  </mem-info>
</gc-end>
<cycle-end id="4594" type="partial gc" contextid="4586" timestamp="2019-08-11T06:21:30.689" />
  <attribute name="elasticGC enabled" value="1" />
  <attribute name= "numThreadsSpecified" value="16" />
  <attribute name="heapSize specified" value="0" />
  <attribute name="Current GC Util" value="97" />
  <attribute name= "Current Time Running" value="201810" />
  <attribute name ="GC Interval" value="0" />
  <attribute name="ProportionalT" value="8.500000" />
  <attribute name="ProportionalI" value="8.500000" />
  <attribute name="ProportionalH" value="8.500000" />
  <attribute name="Current Error" value="17.000000" />
  <attribute name="IntegralT" value="8.500000" />
  <attribute name="IntegralI" value="8.500000" />
  <attribute name="IntegralH" value="8.500000" />
  <attribute name="DerivativeT" value="17.000000" />
  <attribute name="DerivativeI" value="17.000000" />
  <attribute name="DerivativeH" value="17.000000" />
  <attribute name="Loop Time for DT" value="1.000000" />
  <attribute name="Output H" value="8388608"/>
  <attribute name="Output I" value="200"/>
  <attribute name="Output T" value="16"/>
  <attribute name="Target GC Util Change" value ="80.000000" />
  <attribute name="Current GC Util Change" value="97.000000"/>
  <attribute name="GC Util currently" value="97" />
  <attribute name="CPU Util currently" value="861611436244" />
<exclusive-end id="4595" timestamp="2019-08-11T06:21:30.689" durationms="74.297" />

<exclusive-start id="4596" timestamp="2019-08-11T06:21:30.804" intervalms="188.411">
  <response-info timems="4.990" idlems="4.990" threads="0" lastid="0000000002147100" lastname="Thread-35" />
</exclusive-start>
<allocation-taxation id="4597" taxation-threshold="96468992" timestamp="2019-08-11T06:21:30.804" intervalms="188.346" />
<cycle-start id="4598" type="partial gc" contextid="0" timestamp="2019-08-11T06:21:30.804" intervalms="188.349" />
<gc-start id="4599" type="partial gc" contextid="4598" timestamp="2019-08-11T06:21:30.804">
  <mem-info id="4600" free="117440512" total="356515840" percent="32">
    <mem type="eden" free="0" total="96468992" percent="0" />
    <remembered-set count="53984" freebytes="14036864" totalbytes="14252800" percent="98" regionsoverflowed="0" regionsstable="7" regionsrebuilding="0"/>
  </mem-info>
</gc-start>
<allocation-stats totalBytes="96452064" >
  <allocated-bytes non-tlh="0" tlh="96452064" arrayletleaf="0"/>
  <largest-consumer threadName="Thread-36" threadId="0000000002116600" bytes="8796632" />
</allocation-stats>
<gc-op id="4601" type="copy forward" timems="116.749" contextid="4598" timestamp="2019-08-11T06:21:30.922">
  <memory-copied type="eden" objects="12545" bytes="444016" bytesdiscarded="24928" />
  <memory-copied type="other" objects="70527" bytes="2929032" bytesdiscarded="259336" />
  <memory-cardclean objects="28252" bytes="1476184" />
  <regions eden="46" other="6" />
  <remembered-set-cleared processed="34244" cleared="7960" durationms="0.247" />
  <stringconstants candidates="14612" cleared="0"  />
</gc-op>
<gc-op id="4602" type="classunload" timems="0.013" contextid="4598" timestamp="2019-08-11T06:21:30.922">
  <classunload-info classloadercandidates="54" classloadersunloaded="0" classesunloaded="0" anonymousclassesunloaded="0" quiescems="0.000" setupms="0.013" scanms="0.000" postms="0.000" />
</gc-op>
<gc-end id="4603" type="partial gc" contextid="4598" durationms="118.138" usertimems="58.030" systemtimems="93.667" timestamp="2019-08-11T06:21:30.922" activeThreads="16">
  <mem-info id="4604" free="213909504" total="356515840" percent="60">
    <mem type="eden" free="1628208" total="2097152" percent="77" />
    <remembered-set count="56128" freebytes="14028288" totalbytes="14252800" percent="98" regionsoverflowed="0" regionsstable="7" regionsrebuilding="0"/>
  </mem-info>
</gc-end>
<cycle-end id="4605" type="partial gc" contextid="4598" timestamp="2019-08-11T06:21:30.922" />
  <attribute name="elasticGC enabled" value="1" />
  <attribute name= "numThreadsSpecified" value="16" />
  <attribute name="heapSize specified" value="0" />
  <attribute name="Current GC Util" value="126" />
  <attribute name= "Current Time Running" value="201998" />
  <attribute name ="GC Interval" value="0" />
  <attribute name="ProportionalT" value="23.000000" />
  <attribute name="ProportionalI" value="23.000000" />
  <attribute name="ProportionalH" value="23.000000" />
  <attribute name="Current Error" value="46.000000" />
  <attribute name="IntegralT" value="23.000000" />
  <attribute name="IntegralI" value="23.000000" />
  <attribute name="IntegralH" value="23.000000" />
  <attribute name="DerivativeT" value="46.000000" />
  <attribute name="DerivativeI" value="46.000000" />
  <attribute name="DerivativeH" value="46.000000" />
  <attribute name="Loop Time for DT" value="1.000000" />
  <attribute name="Output H" value="8388608"/>
  <attribute name="Output I" value="200"/>
  <attribute name="Output T" value="16"/>
  <attribute name="Target GC Util Change" value ="80.000000" />
  <attribute name="Current GC Util Change" value="126.000000"/>
  <attribute name="GC Util currently" value="126" />
  <attribute name="CPU Util currently" value="1560978298853" />
<exclusive-end id="4606" timestamp="2019-08-11T06:21:30.923" durationms="119.196" />

<exclusive-start id="4607" timestamp="2019-08-11T06:21:31.007" intervalms="202.984">
  <response-info timems="3.794" idlems="3.794" threads="0" lastid="0000000002147100" lastname="Thread-35" />
</exclusive-start>
<allocation-taxation id="4608" taxation-threshold="96468992" timestamp="2019-08-11T06:21:31.007" intervalms="203.097" />
<cycle-start id="4609" type="partial gc" contextid="0" timestamp="2019-08-11T06:21:31.010" intervalms="205.670" />
<gc-start id="4610" type="partial gc" contextid="4609" timestamp="2019-08-11T06:21:31.010">
  <mem-info id="4611" free="117440512" total="356515840" percent="32">
    <mem type="eden" free="0" total="96468992" percent="0" />
    <remembered-set count="55776" freebytes="14029696" totalbytes="14252800" percent="98" regionsoverflowed="0" regionsstable="7" regionsrebuilding="0"/>
  </mem-info>
</gc-start>
<allocation-stats totalBytes="96452160" >
  <allocated-bytes non-tlh="0" tlh="96452160" arrayletleaf="0"/>
  <largest-consumer threadName="Thread-21" threadId="00000000020F4B00" bytes="13957136" />
</allocation-stats>
<gc-op id="4612" type="copy forward" timems="111.553" contextid="4609" timestamp="2019-08-11T06:21:31.128">
  <memory-copied type="eden" objects="12740" bytes="448696" bytesdiscarded="24168" />
  <memory-copied type="other" objects="64695" bytes="2651688" bytesdiscarded="227224" />
  <memory-cardclean objects="29466" bytes="1504984" />
  <regions eden="46" other="5" />
  <remembered-set-cleared processed="35776" cleared="7952" durationms="0.432" />
  <stringconstants candidates="14612" cleared="0"  />
</gc-op>
<gc-op id="4613" type="classunload" timems="0.013" contextid="4609" timestamp="2019-08-11T06:21:31.128">
  <classunload-info classloadercandidates="54" classloadersunloaded="0" classesunloaded="0" anonymousclassesunloaded="0" quiescems="0.000" setupms="0.013" scanms="0.000" postms="0.000" />
</gc-op>
<heap-resize id="4614" type="expand" space="default" amount="10485760" count="1" timems="0.075" reason="excessive time being spent in gc" timestamp="2019-08-11T06:21:31.128" />
<gc-end id="4615" type="partial gc" contextid="4609" durationms="118.685" usertimems="57.840" systemtimems="51.453" timestamp="2019-08-11T06:21:31.129" activeThreads="16">
  <mem-info id="4616" free="220200960" total="367001600" percent="60">
    <mem type="eden" free="3721440" total="4194304" percent="88" />
    <remembered-set count="58048" freebytes="14439808" totalbytes="14672000" percent="98" regionsoverflowed="0" regionsstable="7" regionsrebuilding="0"/>
  </mem-info>
</gc-end>
<cycle-end id="4617" type="partial gc" contextid="4609" timestamp="2019-08-11T06:21:31.129" />
  <attribute name="elasticGC enabled" value="1" />
  <attribute name= "numThreadsSpecified" value="16" />
  <attribute name="heapSize specified" value="0" />
  <attribute name="Current GC Util" value="143" />
  <attribute name= "Current Time Running" value="202209" />
  <attribute name ="GC Interval" value="0" />
  <attribute name="ProportionalT" value="31.500000" />
  <attribute name="ProportionalI" value="31.500000" />
  <attribute name="ProportionalH" value="31.500000" />
  <attribute name="Current Error" value="63.000000" />
  <attribute name="IntegralT" value="189.000000" />
  <attribute name="IntegralI" value="189.000000" />
  <attribute name="IntegralH" value="189.000000" />
  <attribute name="DerivativeT" value="10.500000" />
  <attribute name="DerivativeI" value="10.500000" />
  <attribute name="DerivativeH" value="10.500000" />
  <attribute name="Loop Time for DT" value="6.000000" />
  <attribute name="Output H" value="8388608"/>
  <attribute name="Output I" value="232"/>
  <attribute name="Output T" value="16"/>
  <attribute name="Target GC Util Change" value ="80.000000" />
  <attribute name="Current GC Util Change" value="143.000000"/>
  <attribute name="GC Util currently" value="143" />
  <attribute name="CPU Util currently" value="181647899794" />
<exclusive-end id="4618" timestamp="2019-08-11T06:21:31.129" durationms="122.207" />

<exclusive-start id="4619" timestamp="2019-08-11T06:21:31.194" intervalms="187.541">
  <response-info timems="3.422" idlems="3.422" threads="0" lastid="0000000002147100" lastname="Thread-35" />
</exclusive-start>
<allocation-taxation id="4620" taxation-threshold="98566144" timestamp="2019-08-11T06:21:31.194" intervalms="187.412" />
<cycle-start id="4621" type="partial gc" contextid="0" timestamp="2019-08-11T06:21:31.194" intervalms="184.683" />
<gc-start id="4622" type="partial gc" contextid="4621" timestamp="2019-08-11T06:21:31.195">
  <mem-info id="4623" free="121634816" total="367001600" percent="33">
    <mem type="eden" free="0" total="98566144" percent="0" />
    <remembered-set count="57600" freebytes="14441600" totalbytes="14672000" percent="98" regionsoverflowed="0" regionsstable="7" regionsrebuilding="0"/>
  </mem-info>
</gc-start>
<allocation-stats totalBytes="98548392" >
  <allocated-bytes non-tlh="0" tlh="98548392" arrayletleaf="0"/>
  <largest-consumer threadName="Thread-36" threadId="0000000002116600" bytes="10189080" />
</allocation-stats>
<gc-op id="4624" type="copy forward" timems="107.936" contextid="4621" timestamp="2019-08-11T06:21:31.308">
  <memory-copied type="eden" objects="22220" bytes="812968" bytesdiscarded="85856" />
  <memory-copied type="other" objects="54099" bytes="2260008" bytesdiscarded="179672" />
  <memory-cardclean objects="29720" bytes="1514584" />
  <regions eden="47" other="6" />
  <remembered-set-cleared processed="37906" cleared="11357" durationms="1.093" />
  <stringconstants candidates="14612" cleared="0"  />
</gc-op>
<gc-op id="4625" type="classunload" timems="0.012" contextid="4621" timestamp="2019-08-11T06:21:31.308">
  <classunload-info classloadercandidates="54" classloadersunloaded="0" classesunloaded="0" anonymousclassesunloaded="0" quiescems="0.000" setupms="0.012" scanms="0.000" postms="0.000" />
</gc-op>
<gc-end id="4626" type="partial gc" contextid="4621" durationms="113.931" usertimems="45.027" systemtimems="66.939" timestamp="2019-08-11T06:21:31.309" activeThreads="16">
  <mem-info id="4627" free="220200960" total="367001600" percent="60">
    <mem type="eden" free="1198328" total="2097152" percent="57" />
    <remembered-set count="55392" freebytes="14450432" totalbytes="14672000" percent="98" regionsoverflowed="0" regionsstable="7" regionsrebuilding="0"/>
  </mem-info>
</gc-end>
<cycle-end id="4628" type="partial gc" contextid="4621" timestamp="2019-08-11T06:21:31.309" />
  <attribute name="elasticGC enabled" value="1" />
  <attribute name= "numThreadsSpecified" value="16" />
  <attribute name="heapSize specified" value="0" />
  <attribute name="Current GC Util" value="9" />
  <attribute name= "Current Time Running" value="202393" />
  <attribute name ="GC Interval" value="0" />
  <attribute name="ProportionalT" value="-35.500000" />
  <attribute name="ProportionalI" value="-35.500000" />
  <attribute name="ProportionalH" value="-35.500000" />
  <attribute name="Current Error" value="-71.000000" />
  <attribute name="IntegralT" value="-213.000000" />
  <attribute name="IntegralI" value="-213.000000" />
  <attribute name="IntegralH" value="-213.000000" />
  <attribute name="DerivativeT" value="-11.833333" />
  <attribute name="DerivativeI" value="-11.833333" />
  <attribute name="DerivativeH" value="-11.833333" />
  <attribute name="Loop Time for DT" value="6.000000" />
  <attribute name="Output H" value="4202627072"/>
  <attribute name="Output I" value="200"/>
  <attribute name="Output T" value="16"/>
  <attribute name="Target GC Util Change" value ="80.000000" />
  <attribute name="Current GC Util Change" value="9.000000"/>
  <attribute name="GC Util currently" value="9" />
  <attribute name="CPU Util currently" value="213739036231" />
<exclusive-end id="4629" timestamp="2019-08-11T06:21:31.309" durationms="114.634" />

<exclusive-start id="4630" timestamp="2019-08-11T06:21:31.403" intervalms="208.751">
  <response-info timems="29.588" idlems="21.340" threads="13" lastid="000000000211A200" lastname="Thread-31" />
</exclusive-start>
<allocation-taxation id="4631" taxation-threshold="98566144" timestamp="2019-08-11T06:21:31.407" intervalms="213.145" />
<cycle-start id="4632" type="partial gc" contextid="0" timestamp="2019-08-11T06:21:31.408" intervalms="213.256" />
<gc-start id="4633" type="partial gc" contextid="4632" timestamp="2019-08-11T06:21:31.411">
  <mem-info id="4634" free="121634816" total="367001600" percent="33">
    <mem type="eden" free="0" total="98566144" percent="0" />
    <remembered-set count="55360" freebytes="14450560" totalbytes="14672000" percent="98" regionsoverflowed="0" regionsstable="7" regionsrebuilding="0"/>
  </mem-info>
</gc-start>
<allocation-stats totalBytes="98548368" >
  <allocated-bytes non-tlh="0" tlh="98548368" arrayletleaf="0"/>
  <largest-consumer threadName="Thread-24" threadId="00000000020E9700" bytes="10487736" />
</allocation-stats>
<gc-op id="4635" type="copy forward" timems="64.557" contextid="4632" timestamp="2019-08-11T06:21:31.527">
  <memory-copied type="eden" objects="17193" bytes="554960" bytesdiscarded="45016" />
  <memory-copied type="other" objects="41240" bytes="1539264" bytesdiscarded="148520" />
  <memory-cardclean objects="37273" bytes="1918216" />
  <regions eden="47" other="5" />
  <remembered-set-cleared processed="36074" cleared="9652" durationms="0.232" />
  <stringconstants candidates="14612" cleared="0"  />
</gc-op>
<gc-op id="4636" type="classunload" timems="0.019" contextid="4632" timestamp="2019-08-11T06:21:31.527">
  <classunload-info classloadercandidates="54" classloadersunloaded="0" classesunloaded="0" anonymousclassesunloaded="0" quiescems="0.000" setupms="0.019" scanms="0.000" postms="0.000" />
</gc-op>
<heap-resize id="4637" type="expand" space="default" amount="10485760" count="1" timems="0.086" reason="excessive time being spent in gc" timestamp="2019-08-11T06:21:31.527" />
<gc-end id="4638" type="partial gc" contextid="4632" durationms="115.933" usertimems="40.091" systemtimems="32.706" timestamp="2019-08-11T06:21:31.527" activeThreads="16">
  <mem-info id="4639" free="226492416" total="377487360" percent="60">
    <mem type="eden" free="3594328" total="4194304" percent="85" />
    <remembered-set count="54720" freebytes="14872320" totalbytes="15091200" percent="98" regionsoverflowed="0" regionsstable="7" regionsrebuilding="0"/>
  </mem-info>
</gc-end>
<cycle-end id="4640" type="partial gc" contextid="4632" timestamp="2019-08-11T06:21:31.527" />
  <attribute name="elasticGC enabled" value="1" />
  <attribute name= "numThreadsSpecified" value="16" />
  <attribute name="heapSize specified" value="0" />
  <attribute name="Current GC Util" value="6" />
  <attribute name= "Current Time Running" value="202654" />
  <attribute name ="GC Interval" value="0" />
  <attribute name="ProportionalT" value="-37.000000" />
  <attribute name="ProportionalI" value="-37.000000" />
  <attribute name="ProportionalH" value="-37.000000" />
  <attribute name="Current Error" value="-74.000000" />
  <attribute name="IntegralT" value="-740.000000" />
  <attribute name="IntegralI" value="-740.000000" />
  <attribute name="IntegralH" value="-740.000000" />
  <attribute name="DerivativeT" value="-3.700000" />
  <attribute name="DerivativeI" value="-3.700000" />
  <attribute name="DerivativeH" value="-3.700000" />
  <attribute name="Loop Time for DT" value="20.000000" />
  <attribute name="Output H" value="4202627072"/>
  <attribute name="Output I" value="200"/>
  <attribute name="Output T" value="16"/>
  <attribute name="Target GC Util Change" value ="80.000000" />
  <attribute name="Current GC Util Change" value="6.000000"/>
  <attribute name="GC Util currently" value="6" />
  <attribute name="CPU Util currently" value="56963009411" />
<exclusive-end id="4641" timestamp="2019-08-11T06:21:31.528" durationms="124.822" />

<exclusive-start id="4642" timestamp="2019-08-11T06:21:31.625" intervalms="222.000">
  <response-info timems="3.473" idlems="1.165" threads="2" lastid="00000000020F0F00" lastname="Thread-28" />
</exclusive-start>
<allocation-taxation id="4643" taxation-threshold="100663296" timestamp="2019-08-11T06:21:31.625" intervalms="217.666" />
<cycle-start id="4644" type="partial gc" contextid="0" timestamp="2019-08-11T06:21:31.625" intervalms="217.490" />
<gc-start id="4645" type="partial gc" contextid="4644" timestamp="2019-08-11T06:21:31.625">
  <mem-info id="4646" free="125829120" total="377487360" percent="33">
    <mem type="eden" free="0" total="100663296" percent="0" />
    <remembered-set count="54304" freebytes="14873984" totalbytes="15091200" percent="98" regionsoverflowed="0" regionsstable="7" regionsrebuilding="0"/>
  </mem-info>
</gc-start>
<allocation-stats totalBytes="100645008" >
  <allocated-bytes non-tlh="0" tlh="100645008" arrayletleaf="0"/>
  <largest-consumer threadName="Thread-34" threadId="000000000212CD00" bytes="9644384" />
</allocation-stats>
<gc-op id="4647" type="copy forward" timems="57.188" contextid="4644" timestamp="2019-08-11T06:21:31.684">
  <memory-copied type="eden" objects="23344" bytes="976960" bytesdiscarded="94304" />
  <memory-copied type="other" objects="54469" bytes="2268888" bytesdiscarded="168944" />
  <memory-cardclean objects="18328" bytes="935632" />
  <regions eden="48" other="6" />
  <remembered-set-cleared processed="35474" cleared="7506" durationms="0.242" />
  <stringconstants candidates="14612" cleared="0"  />
</gc-op>
<gc-op id="4648" type="classunload" timems="0.018" contextid="4644" timestamp="2019-08-11T06:21:31.684">
  <classunload-info classloadercandidates="54" classloadersunloaded="0" classesunloaded="0" anonymousclassesunloaded="0" quiescems="0.000" setupms="0.017" scanms="0.000" postms="0.000" />
</gc-op>
<gc-end id="4649" type="partial gc" contextid="4644" durationms="59.239" usertimems="28.192" systemtimems="26.209" timestamp="2019-08-11T06:21:31.685" activeThreads="16">
  <mem-info id="4650" free="226492416" total="377487360" percent="60">
    <mem type="eden" free="1025888" total="2097152" percent="48" />
    <remembered-set count="54848" freebytes="14871808" totalbytes="15091200" percent="98" regionsoverflowed="0" regionsstable="7" regionsrebuilding="0"/>
  </mem-info>
</gc-end>
<cycle-end id="4651" type="partial gc" contextid="4644" timestamp="2019-08-11T06:21:31.685" />
  <attribute name="elasticGC enabled" value="1" />
  <attribute name= "numThreadsSpecified" value="16" />
  <attribute name="heapSize specified" value="0" />
  <attribute name="Current GC Util" value="117" />
  <attribute name= "Current Time Running" value="202819" />
  <attribute name ="GC Interval" value="0" />
  <attribute name="ProportionalT" value="18.500000" />
  <attribute name="ProportionalI" value="18.500000" />
  <attribute name="ProportionalH" value="18.500000" />
  <attribute name="Current Error" value="37.000000" />
  <attribute name="IntegralT" value="18.500000" />
  <attribute name="IntegralI" value="18.500000" />
  <attribute name="IntegralH" value="18.500000" />
  <attribute name="DerivativeT" value="37.000000" />
  <attribute name="DerivativeI" value="37.000000" />
  <attribute name="DerivativeH" value="37.000000" />
  <attribute name="Loop Time for DT" value="1.000000" />
  <attribute name="Output H" value="8388608"/>
  <attribute name="Output I" value="200"/>
  <attribute name="Output T" value="16"/>
  <attribute name="Target GC Util Change" value ="80.000000" />
  <attribute name="Current GC Util Change" value="117.000000"/>
  <attribute name="GC Util currently" value="117" />
  <attribute name="CPU Util currently" value="1051863602312" />
<exclusive-end id="4652" timestamp="2019-08-11T06:21:31.687" durationms="62.109" />

<exclusive-start id="4653" timestamp="2019-08-11T06:21:31.812" intervalms="187.322">
  <response-info timems="6.146" idlems="6.146" threads="0" lastid="000000000213BD00" lastname="Thread-32" />
</exclusive-start>
<allocation-taxation id="4654" taxation-threshold="100663296" timestamp="2019-08-11T06:21:31.812" intervalms="187.322" />
<cycle-start id="4655" type="partial gc" contextid="0" timestamp="2019-08-11T06:21:31.812" intervalms="187.413" />
<gc-start id="4656" type="partial gc" contextid="4655" timestamp="2019-08-11T06:21:31.813">
  <mem-info id="4657" free="125829120" total="377487360" percent="33">
    <mem type="eden" free="0" total="100663296" percent="0" />
    <remembered-set count="54624" freebytes="14872704" totalbytes="15091200" percent="98" regionsoverflowed="0" regionsstable="7" regionsrebuilding="0"/>
  </mem-info>
</gc-start>
<allocation-stats totalBytes="100644880" >
  <allocated-bytes non-tlh="0" tlh="100644880" arrayletleaf="0"/>
  <largest-consumer threadName="Thread-36" threadId="0000000002116600" bytes="10270952" />
</allocation-stats>
<gc-op id="4658" type="copy forward" timems="21.962" contextid="4655" timestamp="2019-08-11T06:21:31.836">
  <memory-copied type="eden" objects="24937" bytes="877808" bytesdiscarded="75760" />
  <memory-copied type="other" objects="51129" bytes="2051352" bytesdiscarded="104488" />
  <memory-cardclean objects="35963" bytes="1886896" />
  <regions eden="48" other="5" />
  <remembered-set-cleared processed="35535" cleared="8597" durationms="0.294" />
  <stringconstants candidates="14612" cleared="0"  />
</gc-op>
<gc-op id="4659" type="classunload" timems="0.013" contextid="4655" timestamp="2019-08-11T06:21:31.836">
  <classunload-info classloadercandidates="54" classloadersunloaded="0" classesunloaded="0" anonymousclassesunloaded="0" quiescems="0.000" setupms="0.013" scanms="0.000" postms="0.000" />
</gc-op>
<heap-resize id="4660" type="expand" space="default" amount="6291456" count="1" timems="0.084" reason="excessive time being spent in gc" timestamp="2019-08-11T06:21:31.837" />
<gc-end id="4661" type="partial gc" contextid="4655" durationms="24.168" usertimems="19.453" systemtimems="31.335" timestamp="2019-08-11T06:21:31.837" activeThreads="16">
  <mem-info id="4662" free="230686720" total="383778816" percent="60">
    <mem type="eden" free="1143584" total="2097152" percent="54" />
    <remembered-set count="57024" freebytes="15114624" totalbytes="15342720" percent="98" regionsoverflowed="0" regionsstable="7" regionsrebuilding="0"/>
  </mem-info>
</gc-end>
<cycle-end id="4663" type="partial gc" contextid="4655" timestamp="2019-08-11T06:21:31.837" />
  <attribute name="elasticGC enabled" value="1" />
  <attribute name= "numThreadsSpecified" value="16" />
  <attribute name="heapSize specified" value="0" />
  <attribute name="Current GC Util" value="145" />
  <attribute name= "Current Time Running" value="203007" />
  <attribute name ="GC Interval" value="0" />
  <attribute name="ProportionalT" value="32.500000" />
  <attribute name="ProportionalI" value="32.500000" />
  <attribute name="ProportionalH" value="32.500000" />
  <attribute name="Current Error" value="65.000000" />
  <attribute name="IntegralT" value="32.500000" />
  <attribute name="IntegralI" value="32.500000" />
  <attribute name="IntegralH" value="32.500000" />
  <attribute name="DerivativeT" value="65.000000" />
  <attribute name="DerivativeI" value="65.000000" />
  <attribute name="DerivativeH" value="65.000000" />
  <attribute name="Loop Time for DT" value="1.000000" />
  <attribute name="Output H" value="8388608"/>
  <attribute name="Output I" value="200"/>
  <attribute name="Output T" value="16"/>
  <attribute name="Target GC Util Change" value ="80.000000" />
  <attribute name="Current GC Util Change" value="145.000000"/>
  <attribute name="GC Util currently" value="145" />
  <attribute name="CPU Util currently" value="1047479017359" />
<exclusive-end id="4664" timestamp="2019-08-11T06:21:31.837" durationms="25.113" />

<exclusive-start id="4665" timestamp="2019-08-11T06:21:31.992" intervalms="179.737">
  <response-info timems="6.716" idlems="5.285" threads="5" lastid="0000000002103B00" lastname="Thread-27" />
</exclusive-start>
<allocation-taxation id="4666" taxation-threshold="102760448" timestamp="2019-08-11T06:21:31.998" intervalms="185.206" />
<cycle-start id="4667" type="partial gc" contextid="0" timestamp="2019-08-11T06:21:32.006" intervalms="193.144" />
<gc-start id="4668" type="partial gc" contextid="4667" timestamp="2019-08-11T06:21:32.009">
  <mem-info id="4669" free="127926272" total="383778816" percent="33">
    <mem type="eden" free="0" total="102760448" percent="0" />
    <remembered-set count="57024" freebytes="15114624" totalbytes="15342720" percent="98" regionsoverflowed="0" regionsstable="7" regionsrebuilding="0"/>
  </mem-info>
</gc-start>
<allocation-stats totalBytes="102741728" >
  <allocated-bytes non-tlh="0" tlh="102741728" arrayletleaf="0"/>
  <largest-consumer threadName="Thread-23" threadId="000000000213F900" bytes="11032664" />
</allocation-stats>
<gc-op id="4670" type="copy forward" timems="103.875" contextid="4667" timestamp="2019-08-11T06:21:32.118">
  <memory-copied type="eden" objects="31410" bytes="1307744" bytesdiscarded="149416" />
  <memory-copied type="other" objects="68681" bytes="2747352" bytesdiscarded="316464" />
  <memory-cardclean objects="21714" bytes="1128832" />
  <regions eden="49" other="5" />
  <remembered-set-cleared processed="36601" cleared="7389" durationms="4.852" />
  <stringconstants candidates="14612" cleared="0"  />
</gc-op>
<gc-op id="4671" type="classunload" timems="0.019" contextid="4667" timestamp="2019-08-11T06:21:32.124">
  <classunload-info classloadercandidates="54" classloadersunloaded="0" classesunloaded="0" anonymousclassesunloaded="0" quiescems="0.000" setupms="0.019" scanms="0.000" postms="0.000" />
</gc-op>
<heap-resize id="4672" type="expand" space="default" amount="4194304" count="1" timems="0.064" reason="excessive time being spent in gc" timestamp="2019-08-11T06:21:32.124" />
<gc-end id="4673" type="partial gc" contextid="4667" durationms="115.589" usertimems="80.312" systemtimems="59.742" timestamp="2019-08-11T06:21:32.124" activeThreads="16">
  <mem-info id="4674" free="232783872" total="387973120" percent="60">
    <mem type="eden" free="639992" total="2097152" percent="30" />
    <remembered-set count="58912" freebytes="15274752" totalbytes="15510400" percent="98" regionsoverflowed="0" regionsstable="7" regionsrebuilding="0"/>
  </mem-info>
</gc-end>
<cycle-end id="4675" type="partial gc" contextid="4667" timestamp="2019-08-11T06:21:32.124" />
  <attribute name="elasticGC enabled" value="1" />
  <attribute name= "numThreadsSpecified" value="16" />
  <attribute name="heapSize specified" value="0" />
  <attribute name="Current GC Util" value="14" />
  <attribute name= "Current Time Running" value="203207" />
  <attribute name ="GC Interval" value="0" />
  <attribute name="ProportionalT" value="-33.000000" />
  <attribute name="ProportionalI" value="-33.000000" />
  <attribute name="ProportionalH" value="-33.000000" />
  <attribute name="Current Error" value="-66.000000" />
  <attribute name="IntegralT" value="-132.000000" />
  <attribute name="IntegralI" value="-132.000000" />
  <attribute name="IntegralH" value="-132.000000" />
  <attribute name="DerivativeT" value="-16.500000" />
  <attribute name="DerivativeI" value="-16.500000" />
  <attribute name="DerivativeH" value="-16.500000" />
  <attribute name="Loop Time for DT" value="4.000000" />
  <attribute name="Output H" value="4202627072"/>
  <attribute name="Output I" value="200"/>
  <attribute name="Output T" value="16"/>
  <attribute name="Target GC Util Change" value ="80.000000" />
  <attribute name="Current GC Util Change" value="14.000000"/>
  <attribute name="GC Util currently" value="14" />
  <attribute name="CPU Util currently" value="266986438688" />
<exclusive-end id="4676" timestamp="2019-08-11T06:21:32.152" durationms="160.062" />

<exclusive-start id="4677" timestamp="2019-08-11T06:21:32.254" intervalms="261.640">
  <response-info timems="1.243" idlems="1.243" threads="0" lastid="000000000213F900" lastname="Thread-23" />
</exclusive-start>
<allocation-taxation id="4678" taxation-threshold="102760448" timestamp="2019-08-11T06:21:32.254" intervalms="256.107" />
<cycle-start id="4679" type="partial gc" contextid="0" timestamp="2019-08-11T06:21:32.254" intervalms="248.290" />
<gc-start id="4680" type="partial gc" contextid="4679" timestamp="2019-08-11T06:21:32.254">
  <mem-info id="4681" free="130023424" total="387973120" percent="33">
    <mem type="eden" free="0" total="102760448" percent="0" />
    <remembered-set count="58656" freebytes="15275776" totalbytes="15510400" percent="98" regionsoverflowed="0" regionsstable="7" regionsrebuilding="0"/>
  </mem-info>
</gc-start>
<allocation-stats totalBytes="102741912" >
  <allocated-bytes non-tlh="0" tlh="102741912" arrayletleaf="0"/>
  <largest-consumer threadName="Thread-24" threadId="00000000020E9700" bytes="9930944" />
</allocation-stats>
<gc-op id="4682" type="copy forward" timems="18.413" contextid="4679" timestamp="2019-08-11T06:21:32.274">
  <memory-copied type="eden" objects="30654" bytes="1153104" bytesdiscarded="52008" />
  <memory-copied type="other" objects="62731" bytes="2467176" bytesdiscarded="159648" />
  <memory-cardclean objects="33411" bytes="1728136" />
  <regions eden="49" other="5" />
  <remembered-set-cleared processed="36592" cleared="7363" durationms="0.294" />
  <stringconstants candidates="14612" cleared="0"  />
</gc-op>
<gc-op id="4683" type="classunload" timems="0.014" contextid="4679" timestamp="2019-08-11T06:21:32.274">
  <classunload-info classloadercandidates="54" classloadersunloaded="0" classesunloaded="0" anonymousclassesunloaded="0" quiescems="0.000" setupms="0.013" scanms="0.000" postms="0.000" />
</gc-op>
<heap-resize id="4684" type="expand" space="default" amount="10485760" count="1" timems="0.075" reason="excessive time being spent in gc" timestamp="2019-08-11T06:21:32.274" />
<gc-end id="4685" type="partial gc" contextid="4679" durationms="20.213" usertimems="30.650" systemtimems="18.537" timestamp="2019-08-11T06:21:32.274" activeThreads="16">
  <mem-info id="4686" free="239075328" total="398458880" percent="60">
    <mem type="eden" free="2989192" total="4194304" percent="71" />
    <remembered-set count="58720" freebytes="15694720" totalbytes="15929600" percent="98" regionsoverflowed="0" regionsstable="7" regionsrebuilding="0"/>
  </mem-info>
</gc-end>
<cycle-end id="4687" type="partial gc" contextid="4679" timestamp="2019-08-11T06:21:32.274" />
  <attribute name="elasticGC enabled" value="1" />
  <attribute name= "numThreadsSpecified" value="16" />
  <attribute name="heapSize specified" value="0" />
  <attribute name="Current GC Util" value="499" />
  <attribute name= "Current Time Running" value="203448" />
  <attribute name ="GC Interval" value="0" />
  <attribute name="ProportionalT" value="209.500000" />
  <attribute name="ProportionalI" value="209.500000" />
  <attribute name="ProportionalH" value="209.500000" />
  <attribute name="Current Error" value="419.000000" />
  <attribute name="IntegralT" value="209.500000" />
  <attribute name="IntegralI" value="209.500000" />
  <attribute name="IntegralH" value="209.500000" />
  <attribute name="DerivativeT" value="419.000000" />
  <attribute name="DerivativeI" value="419.000000" />
  <attribute name="DerivativeH" value="419.000000" />
  <attribute name="Loop Time for DT" value="1.000000" />
  <attribute name="Output H" value="8388608"/>
  <attribute name="Output I" value="840"/>
  <attribute name="Output T" value="16"/>
  <attribute name="Target GC Util Change" value ="80.000000" />
  <attribute name="Current GC Util Change" value="499.000000"/>
  <attribute name="GC Util currently" value="499" />
  <attribute name="CPU Util currently" value="1088619885634" />
<exclusive-end id="4688" timestamp="2019-08-11T06:21:32.275" durationms="21.070" />

<exclusive-start id="4689" timestamp="2019-08-11T06:21:32.501" intervalms="247.464">
  <response-info timems="33.023" idlems="33.023" threads="0" lastid="0000000002103B00" lastname="Thread-27" />
</exclusive-start>
<allocation-taxation id="4690" taxation-threshold="106954752" timestamp="2019-08-11T06:21:32.508" intervalms="254.411" />
<cycle-start id="4691" type="partial gc" contextid="0" timestamp="2019-08-11T06:21:32.559" intervalms="305.415" />
<gc-start id="4692" type="partial gc" contextid="4691" timestamp="2019-08-11T06:21:32.560">
  <mem-info id="4693" free="132120576" total="398458880" percent="33">
    <mem type="eden" free="0" total="106954752" percent="0" />
    <remembered-set count="58464" freebytes="15695744" totalbytes="15929600" percent="98" regionsoverflowed="0" regionsstable="7" regionsrebuilding="0"/>
  </mem-info>
</gc-start>
<allocation-stats totalBytes="106935656" >
  <allocated-bytes non-tlh="0" tlh="106935656" arrayletleaf="0"/>
  <largest-consumer threadName="Thread-33" threadId="000000000211DE00" bytes="12179440" />
</allocation-stats>
<gc-op id="4694" type="copy forward" timems="24.875" contextid="4691" timestamp="2019-08-11T06:21:32.588">
  <memory-copied type="eden" objects="38020" bytes="1604488" bytesdiscarded="125440" />
  <memory-copied type="other" objects="65688" bytes="2675520" bytesdiscarded="218448" />
  <memory-cardclean objects="20739" bytes="1047808" />
  <regions eden="51" other="6" />
  <remembered-set-cleared processed="37499" cleared="8195" durationms="0.472" />
  <stringconstants candidates="14612" cleared="0"  />
</gc-op>
<gc-op id="4695" type="classunload" timems="0.013" contextid="4691" timestamp="2019-08-11T06:21:32.589">
  <classunload-info classloadercandidates="54" classloadersunloaded="0" classesunloaded="0" anonymousclassesunloaded="0" quiescems="0.000" setupms="0.013" scanms="0.000" postms="0.000" />
</gc-op>
<heap-resize id="4696" type="expand" space="default" amount="6291456" count="1" timems="0.070" reason="excessive time being spent in gc" timestamp="2019-08-11T06:21:32.589" />
<gc-end id="4697" type="partial gc" contextid="4691" durationms="29.356" usertimems="68.649" systemtimems="24.159" timestamp="2019-08-11T06:21:32.589" activeThreads="16">
  <mem-info id="4698" free="243269632" total="404750336" percent="60">
    <mem type="eden" free="2464376" total="4194304" percent="58" />
    <remembered-set count="56448" freebytes="15955328" totalbytes="16181120" percent="98" regionsoverflowed="0" regionsstable="7" regionsrebuilding="0"/>
  </mem-info>
</gc-end>
<cycle-end id="4699" type="partial gc" contextid="4691" timestamp="2019-08-11T06:21:32.589" />
  <attribute name="elasticGC enabled" value="1" />
  <attribute name= "numThreadsSpecified" value="16" />
  <attribute name="heapSize specified" value="0" />
  <attribute name="Current GC Util" value="43" />
  <attribute name= "Current Time Running" value="203756" />
  <attribute name ="GC Interval" value="0" />
  <attribute name="ProportionalT" value="-18.500000" />
  <attribute name="ProportionalI" value="-18.500000" />
  <attribute name="ProportionalH" value="-18.500000" />
  <attribute name="Current Error" value="-37.000000" />
  <attribute name="IntegralT" value="-37.000000" />
  <attribute name="IntegralI" value="-37.000000" />
  <attribute name="IntegralH" value="-37.000000" />
  <attribute name="DerivativeT" value="-18.500000" />
  <attribute name="DerivativeI" value="-18.500000" />
  <attribute name="DerivativeH" value="-18.500000" />
  <attribute name="Loop Time for DT" value="2.000000" />
  <attribute name="Output H" value="4202627072"/>
  <attribute name="Output I" value="200"/>
  <attribute name="Output T" value="16"/>
  <attribute name="Target GC Util Change" value ="80.000000" />
  <attribute name="Current GC Util Change" value="43.000000"/>
  <attribute name="GC Util currently" value="43" />
  <attribute name="CPU Util currently" value="501663869302" />
<exclusive-end id="4700" timestamp="2019-08-11T06:21:32.589" durationms="88.140" />

<exclusive-start id="4701" timestamp="2019-08-11T06:21:32.780" intervalms="278.799">
  <response-info timems="17.503" idlems="8.768" threads="1" lastid="000000000213F900" lastname="Thread-23" />
</exclusive-start>
<allocation-taxation id="4702" taxation-threshold="106954752" timestamp="2019-08-11T06:21:32.780" intervalms="271.963" />
<cycle-start id="4703" type="partial gc" contextid="0" timestamp="2019-08-11T06:21:32.782" intervalms="222.574" />
<gc-start id="4704" type="partial gc" contextid="4703" timestamp="2019-08-11T06:21:32.782">
  <mem-info id="4705" free="136314880" total="404750336" percent="33">
    <mem type="eden" free="0" total="106954752" percent="0" />
    <remembered-set count="55968" freebytes="15957248" totalbytes="16181120" percent="98" regionsoverflowed="0" regionsstable="7" regionsrebuilding="0"/>
  </mem-info>
</gc-start>
<allocation-stats totalBytes="106936064" >
  <allocated-bytes non-tlh="0" tlh="106936064" arrayletleaf="0"/>
  <largest-consumer threadName="Thread-29" threadId="0000000002125600" bytes="14460400" />
</allocation-stats>
<gc-op id="4706" type="copy forward" timems="41.053" contextid="4703" timestamp="2019-08-11T06:21:32.834">
  <memory-copied type="eden" objects="27643" bytes="1080896" bytesdiscarded="135552" />
  <memory-copied type="other" objects="59624" bytes="2529984" bytesdiscarded="200024" />
  <memory-cardclean objects="21538" bytes="1104664" />
  <regions eden="51" other="6" />
  <remembered-set-cleared processed="36597" cleared="6554" durationms="0.220" />
  <stringconstants candidates="14612" cleared="0"  />
</gc-op>
<gc-op id="4707" type="classunload" timems="0.017" contextid="4703" timestamp="2019-08-11T06:21:32.849">
  <classunload-info classloadercandidates="54" classloadersunloaded="0" classesunloaded="0" anonymousclassesunloaded="0" quiescems="0.000" setupms="0.017" scanms="0.000" postms="0.000" />
</gc-op>
<heap-resize id="4708" type="expand" space="default" amount="4194304" count="1" timems="0.061" reason="excessive time being spent in gc" timestamp="2019-08-11T06:21:32.849" />
<gc-end id="4709" type="partial gc" contextid="4703" durationms="67.151" usertimems="49.198" systemtimems="39.010" timestamp="2019-08-11T06:21:32.849" activeThreads="16">
  <mem-info id="4710" free="245366784" total="408944640" percent="60">
    <mem type="eden" free="2977856" total="4194304" percent="70" />
    <remembered-set count="56032" freebytes="16124672" totalbytes="16348800" percent="98" regionsoverflowed="0" regionsstable="7" regionsrebuilding="0"/>
  </mem-info>
</gc-end>
<cycle-end id="4711" type="partial gc" contextid="4703" timestamp="2019-08-11T06:21:32.849" />
  <attribute name="elasticGC enabled" value="1" />
  <attribute name= "numThreadsSpecified" value="16" />
  <attribute name="heapSize specified" value="0" />
  <attribute name="Current GC Util" value="29" />
  <attribute name= "Current Time Running" value="203986" />
  <attribute name ="GC Interval" value="0" />
  <attribute name="ProportionalT" value="-25.500000" />
  <attribute name="ProportionalI" value="-25.500000" />
  <attribute name="ProportionalH" value="-25.500000" />
  <attribute name="Current Error" value="-51.000000" />
  <attribute name="IntegralT" value="-280.500000" />
  <attribute name="IntegralI" value="-280.500000" />
  <attribute name="IntegralH" value="-280.500000" />
  <attribute name="DerivativeT" value="-4.636364" />
  <attribute name="DerivativeI" value="-4.636364" />
  <attribute name="DerivativeH" value="-4.636364" />
  <attribute name="Loop Time for DT" value="11.000000" />
  <attribute name="Output H" value="4202627072"/>
  <attribute name="Output I" value="200"/>
  <attribute name="Output T" value="16"/>
  <attribute name="Target GC Util Change" value ="80.000000" />
  <attribute name="Current GC Util Change" value="29.000000"/>
  <attribute name="GC Util currently" value="29" />
  <attribute name="CPU Util currently" value="107590590000" />
<exclusive-end id="4712" timestamp="2019-08-11T06:21:32.850" durationms="70.069" />

<exclusive-start id="4713" timestamp="2019-08-11T06:21:33.075" intervalms="295.402">
  <response-info timems="8.079" idlems="8.079" threads="0" lastid="0000000002116600" lastname="Thread-36" />
</exclusive-start>
<allocation-taxation id="4714" taxation-threshold="109051904" timestamp="2019-08-11T06:21:33.075" intervalms="295.309" />
<cycle-start id="4715" type="partial gc" contextid="0" timestamp="2019-08-11T06:21:33.076" intervalms="293.628" />
<gc-start id="4716" type="partial gc" contextid="4715" timestamp="2019-08-11T06:21:33.076">
  <mem-info id="4717" free="136314880" total="408944640" percent="33">
    <mem type="eden" free="0" total="109051904" percent="0" />
    <remembered-set count="56000" freebytes="16124800" totalbytes="16348800" percent="98" regionsoverflowed="0" regionsstable="7" regionsrebuilding="0"/>
  </mem-info>
</gc-start>
<allocation-stats totalBytes="109035664" >
  <allocated-bytes non-tlh="0" tlh="109035664" arrayletleaf="0"/>
  <largest-consumer threadName="Thread-29" threadId="0000000002125600" bytes="12777552" />
</allocation-stats>
<gc-op id="4718" type="copy forward" timems="28.642" contextid="4715" timestamp="2019-08-11T06:21:33.110">
  <memory-copied type="eden" objects="24760" bytes="874984" bytesdiscarded="90616" />
  <memory-copied type="other" objects="91321" bytes="3840216" bytesdiscarded="363304" />
  <memory-cardclean objects="14831" bytes="742120" />
  <regions eden="52" other="6" />
  <remembered-set-cleared processed="35688" cleared="5622" durationms="0.287" />
  <stringconstants candidates="14612" cleared="0"  />
</gc-op>
<gc-op id="4719" type="classunload" timems="0.012" contextid="4715" timestamp="2019-08-11T06:21:33.110">
  <classunload-info classloadercandidates="54" classloadersunloaded="0" classesunloaded="0" anonymousclassesunloaded="0" quiescems="0.000" setupms="0.012" scanms="0.000" postms="0.000" />
</gc-op>
<gc-end id="4720" type="partial gc" contextid="4715" durationms="34.532" usertimems="35.666" systemtimems="24.970" timestamp="2019-08-11T06:21:33.110" activeThreads="16">
  <mem-info id="4721" free="245366784" total="408944640" percent="60">
    <mem type="eden" free="1131552" total="2097152" percent="53" />
    <remembered-set count="59680" freebytes="16110080" totalbytes="16348800" percent="98" regionsoverflowed="0" regionsstable="7" regionsrebuilding="0"/>
  </mem-info>
</gc-end>
<cycle-end id="4722" type="partial gc" contextid="4715" timestamp="2019-08-11T06:21:33.111" />
  <attribute name="elasticGC enabled" value="1" />
  <attribute name= "numThreadsSpecified" value="16" />
  <attribute name="heapSize specified" value="0" />
  <attribute name="Current GC Util" value="71" />
  <attribute name= "Current Time Running" value="204274" />
  <attribute name ="GC Interval" value="0" />
  <attribute name="ProportionalT" value="-4.500000" />
  <attribute name="ProportionalI" value="-4.500000" />
  <attribute name="ProportionalH" value="-4.500000" />
  <attribute name="Current Error" value="-9.000000" />
  <attribute name="IntegralT" value="-18.000000" />
  <attribute name="IntegralI" value="-18.000000" />
  <attribute name="IntegralH" value="-18.000000" />
  <attribute name="DerivativeT" value="-2.250000" />
  <attribute name="DerivativeI" value="-2.250000" />
  <attribute name="DerivativeH" value="-2.250000" />
  <attribute name="Loop Time for DT" value="4.000000" />
  <attribute name="Output H" value="4202627072"/>
  <attribute name="Output I" value="200"/>
  <attribute name="Output T" value="16"/>
  <attribute name="Target GC Util Change" value ="80.000000" />
  <attribute name="Current GC Util Change" value="71.000000"/>
  <attribute name="GC Util currently" value="71" />
  <attribute name="CPU Util currently" value="311763926765" />
<exclusive-end id="4723" timestamp="2019-08-11T06:21:33.111" durationms="35.739" />

<exclusive-start id="4724" timestamp="2019-08-11T06:21:33.273" intervalms="198.099">
  <response-info timems="34.213" idlems="34.213" threads="0" lastid="000000000213BD00" lastname="Thread-32" />
</exclusive-start>
<allocation-taxation id="4725" taxation-threshold="109051904" timestamp="2019-08-11T06:21:33.273" intervalms="198.085" />
<cycle-start id="4726" type="partial gc" contextid="0" timestamp="2019-08-11T06:21:33.274" intervalms="198.072" />
<gc-start id="4727" type="partial gc" contextid="4726" timestamp="2019-08-11T06:21:33.274">
  <mem-info id="4728" free="136314880" total="408944640" percent="33">
    <mem type="eden" free="0" total="109051904" percent="0" />
    <remembered-set count="59200" freebytes="16112000" totalbytes="16348800" percent="98" regionsoverflowed="0" regionsstable="7" regionsrebuilding="0"/>
  </mem-info>
</gc-start>
<allocation-stats totalBytes="109035456" >
  <allocated-bytes non-tlh="0" tlh="109035456" arrayletleaf="0"/>
  <largest-consumer threadName="Thread-23" threadId="000000000213F900" bytes="15963952" />
</allocation-stats>
<gc-op id="4729" type="copy forward" timems="35.805" contextid="4726" timestamp="2019-08-11T06:21:33.318">
  <memory-copied type="eden" objects="35601" bytes="1271584" bytesdiscarded="116768" />
  <memory-copied type="other" objects="90967" bytes="3694344" bytesdiscarded="314840" />
  <memory-cardclean objects="22669" bytes="1175008" />
  <regions eden="52" other="5" />
  <remembered-set-cleared processed="35735" cleared="4918" durationms="0.515" />
  <stringconstants candidates="14612" cleared="0"  />
</gc-op>
<gc-op id="4730" type="classunload" timems="0.014" contextid="4726" timestamp="2019-08-11T06:21:33.318">
  <classunload-info classloadercandidates="54" classloadersunloaded="0" classesunloaded="0" anonymousclassesunloaded="0" quiescems="0.000" setupms="0.014" scanms="0.000" postms="0.000" />
</gc-op>
<heap-resize id="4731" type="expand" space="default" amount="6291456" count="1" timems="0.076" reason="excessive time being spent in gc" timestamp="2019-08-11T06:21:33.318" />
<gc-end id="4732" type="partial gc" contextid="4726" durationms="44.008" usertimems="58.171" systemtimems="34.783" timestamp="2019-08-11T06:21:33.318" activeThreads="16">
  <mem-info id="4733" free="249561088" total="415236096" percent="60">
    <mem type="eden" free="708800" total="2097152" percent="33" />
    <remembered-set count="62112" freebytes="16351872" totalbytes="16600320" percent="98" regionsoverflowed="0" regionsstable="7" regionsrebuilding="0"/>
  </mem-info>
</gc-end>
<cycle-end id="4734" type="partial gc" contextid="4726" timestamp="2019-08-11T06:21:33.318" />
  <attribute name="elasticGC enabled" value="1" />
  <attribute name= "numThreadsSpecified" value="16" />
  <attribute name="heapSize specified" value="0" />
  <attribute name="Current GC Util" value="124" />
  <attribute name= "Current Time Running" value="204474" />
  <attribute name ="GC Interval" value="0" />
  <attribute name="ProportionalT" value="22.000000" />
  <attribute name="ProportionalI" value="22.000000" />
  <attribute name="ProportionalH" value="22.000000" />
  <attribute name="Current Error" value="44.000000" />
  <attribute name="IntegralT" value="154.000000" />
  <attribute name="IntegralI" value="154.000000" />
  <attribute name="IntegralH" value="154.000000" />
  <attribute name="DerivativeT" value="6.285714" />
  <attribute name="DerivativeI" value="6.285714" />
  <attribute name="DerivativeH" value="6.285714" />
  <attribute name="Loop Time for DT" value="7.000000" />
  <attribute name="Output H" value="8388608"/>
  <attribute name="Output I" value="200"/>
  <attribute name="Output T" value="16"/>
  <attribute name="Target GC Util Change" value ="80.000000" />
  <attribute name="Current GC Util Change" value="124.000000"/>
  <attribute name="GC Util currently" value="124" />
  <attribute name="CPU Util currently" value="162421292477" />
<exclusive-end id="4735" timestamp="2019-08-11T06:21:33.318" durationms="45.125" />

<exclusive-start id="4736" timestamp="2019-08-11T06:21:33.572" intervalms="298.286">
  <response-info timems="9.362" idlems="3.484" threads="2" lastid="00000000020E9700" lastname="Thread-24" />
</exclusive-start>
<allocation-taxation id="4737" taxation-threshold="111149056" timestamp="2019-08-11T06:21:33.572" intervalms="298.288" />
<cycle-start id="4738" type="partial gc" contextid="0" timestamp="2019-08-11T06:21:33.572" intervalms="298.498" />
<gc-start id="4739" type="partial gc" contextid="4738" timestamp="2019-08-11T06:21:33.572">
  <mem-info id="4740" free="138412032" total="415236096" percent="33">
    <mem type="eden" free="0" total="111149056" percent="0" />
    <remembered-set count="61760" freebytes="16353280" totalbytes="16600320" percent="98" regionsoverflowed="0" regionsstable="7" regionsrebuilding="0"/>
  </mem-info>
</gc-start>
<allocation-stats totalBytes="111132944" >
  <allocated-bytes non-tlh="0" tlh="111132944" arrayletleaf="0"/>
  <largest-consumer threadName="Thread-22" threadId="0000000002138100" bytes="16361496" />
</allocation-stats>
<gc-op id="4741" type="copy forward" timems="18.239" contextid="4738" timestamp="2019-08-11T06:21:33.594">
  <memory-copied type="eden" objects="49271" bytes="1875112" bytesdiscarded="100040" />
  <memory-copied type="other" objects="77001" bytes="2947032" bytesdiscarded="322384" />
  <memory-cardclean objects="28965" bytes="1481152" />
  <regions eden="53" other="5" />
  <remembered-set-cleared processed="37343" cleared="5743" durationms="0.230" />
  <stringconstants candidates="14612" cleared="0"  />
</gc-op>
<gc-op id="4742" type="classunload" timems="0.066" contextid="4738" timestamp="2019-08-11T06:21:33.594">
  <classunload-info classloadercandidates="54" classloadersunloaded="0" classesunloaded="0" anonymousclassesunloaded="0" quiescems="0.000" setupms="0.066" scanms="0.000" postms="0.000" />
</gc-op>
<heap-resize id="4743" type="expand" space="default" amount="4194304" count="1" timems="0.111" reason="excessive time being spent in gc" timestamp="2019-08-11T06:21:33.594" />
<gc-end id="4744" type="partial gc" contextid="4738" durationms="21.805" usertimems="42.562" systemtimems="18.912" timestamp="2019-08-11T06:21:33.594" activeThreads="16">
  <mem-info id="4745" free="251658240" total="419430400" percent="60">
    <mem type="eden" free="122000" total="2097152" percent="5" />
    <remembered-set count="61344" freebytes="16522624" totalbytes="16768000" percent="98" regionsoverflowed="0" regionsstable="7" regionsrebuilding="0"/>
  </mem-info>
</gc-end>
<cycle-end id="4746" type="partial gc" contextid="4738" timestamp="2019-08-11T06:21:33.594" />
  <attribute name="elasticGC enabled" value="1" />
  <attribute name= "numThreadsSpecified" value="16" />
  <attribute name="heapSize specified" value="0" />
  <attribute name="Current GC Util" value="28" />
  <attribute name= "Current Time Running" value="204768" />
  <attribute name ="GC Interval" value="0" />
  <attribute name="ProportionalT" value="-26.000000" />
  <attribute name="ProportionalI" value="-26.000000" />
  <attribute name="ProportionalH" value="-26.000000" />
  <attribute name="Current Error" value="-52.000000" />
  <attribute name="IntegralT" value="-78.000000" />
  <attribute name="IntegralI" value="-78.000000" />
  <attribute name="IntegralH" value="-78.000000" />
  <attribute name="DerivativeT" value="-17.333333" />
  <attribute name="DerivativeI" value="-17.333333" />
  <attribute name="DerivativeH" value="-17.333333" />
  <attribute name="Loop Time for DT" value="3.000000" />
  <attribute name="Output H" value="4202627072"/>
  <attribute name="Output I" value="200"/>
  <attribute name="Output T" value="16"/>
  <attribute name="Target GC Util Change" value ="80.000000" />
  <attribute name="Current GC Util Change" value="28.000000"/>
  <attribute name="GC Util currently" value="28" />
  <attribute name="CPU Util currently" value="424456312500" />
<exclusive-end id="4747" timestamp="2019-08-11T06:21:33.594" durationms="22.734" />

<exclusive-start id="4748" timestamp="2019-08-11T06:21:33.717" intervalms="145.353">
  <response-info timems="9.189" idlems="7.687" threads="11" lastid="000000000212CD00" lastname="Thread-34" />
</exclusive-start>
<allocation-taxation id="4749" taxation-threshold="111149056" timestamp="2019-08-11T06:21:33.717" intervalms="145.391" />
<cycle-start id="4750" type="partial gc" contextid="0" timestamp="2019-08-11T06:21:33.717" intervalms="145.281" />
<gc-start id="4751" type="partial gc" contextid="4750" timestamp="2019-08-11T06:21:33.718">
  <mem-info id="4752" free="140509184" total="419430400" percent="33">
    <mem type="eden" free="0" total="111149056" percent="0" />
    <remembered-set count="61280" freebytes="16522880" totalbytes="16768000" percent="98" regionsoverflowed="0" regionsstable="7" regionsrebuilding="0"/>
  </mem-info>
</gc-start>
<allocation-stats totalBytes="111132440" >
  <allocated-bytes non-tlh="0" tlh="111132440" arrayletleaf="0"/>
  <largest-consumer threadName="Thread-29" threadId="0000000002125600" bytes="15132256" />
</allocation-stats>
<gc-op id="4753" type="copy forward" timems="169.109" contextid="4750" timestamp="2019-08-11T06:21:33.891">
  <memory-copied type="eden" objects="49708" bytes="2160608" bytesdiscarded="0" />
  <memory-copied type="other" objects="46667" bytes="1669512" bytesdiscarded="0" />
  <memory-cardclean objects="30542" bytes="1557208" />
  <regions eden="53" other="5" />
  <remembered-set-cleared processed="38323" cleared="6358" durationms="0.813" />
  <stringconstants candidates="14612" cleared="0"  />
</gc-op>
<gc-op id="4754" type="classunload" timems="0.012" contextid="4750" timestamp="2019-08-11T06:21:33.893">
  <classunload-info classloadercandidates="54" classloadersunloaded="0" classesunloaded="0" anonymousclassesunloaded="0" quiescems="0.000" setupms="0.012" scanms="0.000" postms="0.000" />
</gc-op>
<heap-resize id="4755" type="expand" space="default" amount="10485760" count="1" timems="0.081" reason="excessive time being spent in gc" timestamp="2019-08-11T06:21:33.894" />
<gc-end id="4756" type="partial gc" contextid="4750" durationms="176.051" usertimems="69.507" systemtimems="22.339" timestamp="2019-08-11T06:21:33.894" activeThreads="1">
  <mem-info id="4757" free="257949696" total="429916160" percent="60">
    <mem type="eden" free="2033696" total="4194304" percent="48" />
    <remembered-set count="63392" freebytes="16933632" totalbytes="17187200" percent="98" regionsoverflowed="0" regionsstable="7" regionsrebuilding="0"/>
  </mem-info>
</gc-end>
<cycle-end id="4758" type="partial gc" contextid="4750" timestamp="2019-08-11T06:21:33.894" />
  <attribute name="elasticGC enabled" value="1" />
  <attribute name= "numThreadsSpecified" value="1" />
  <attribute name="heapSize specified" value="0" />
  <attribute name="Current GC Util" value="80" />
  <attribute name= "Current Time Running" value="204914" />
  <attribute name ="GC Interval" value="0" />
  <attribute name="ProportionalT" value="0.000000" />
  <attribute name="ProportionalI" value="0.000000" />
  <attribute name="ProportionalH" value="0.000000" />
  <attribute name="Current Error" value="0.000000" />
  <attribute name="IntegralT" value="0.000000" />
  <attribute name="IntegralI" value="0.000000" />
  <attribute name="IntegralH" value="0.000000" />
  <attribute name="DerivativeT" value="0.000000" />
  <attribute name="DerivativeI" value="0.000000" />
  <attribute name="DerivativeH" value="0.000000" />
  <attribute name="Loop Time for DT" value="3.000000" />
  <attribute name="Output H" value="8388608"/>
  <attribute name="Output I" value="200"/>
  <attribute name="Output T" value="1"/>
  <attribute name="Target GC Util Change" value ="80.000000" />
  <attribute name="Current GC Util Change" value="80.000000"/>
  <attribute name="GC Util currently" value="80" />
  <attribute name="CPU Util currently" value="338262997604" />
<exclusive-end id="4759" timestamp="2019-08-11T06:21:33.901" durationms="184.379" />

<exclusive-start id="4760" timestamp="2019-08-11T06:21:34.063" intervalms="345.956">
  <response-info timems="8.603" idlems="4.358" threads="1" lastid="00000000020E9700" lastname="Thread-24" />
</exclusive-start>
<allocation-taxation id="4761" taxation-threshold="113246208" timestamp="2019-08-11T06:21:34.063" intervalms="345.906" />
<cycle-start id="4762" type="partial gc" contextid="0" timestamp="2019-08-11T06:21:34.063" intervalms="345.762" />
<gc-start id="4763" type="partial gc" contextid="4762" timestamp="2019-08-11T06:21:34.063">
  <mem-info id="4764" free="144703488" total="429916160" percent="33">
    <mem type="eden" free="0" total="113246208" percent="0" />
    <remembered-set count="63040" freebytes="16935040" totalbytes="17187200" percent="98" regionsoverflowed="0" regionsstable="7" regionsrebuilding="0"/>
  </mem-info>
</gc-start>
<allocation-stats totalBytes="113226816" >
  <allocated-bytes non-tlh="0" tlh="113226816" arrayletleaf="0"/>
  <largest-consumer threadName="Thread-26" threadId="000000000210B200" bytes="11004304" />
</allocation-stats>
<gc-op id="4765" type="copy forward" timems="22.897" contextid="4762" timestamp="2019-08-11T06:21:34.089">
  <memory-copied type="eden" objects="23750" bytes="850904" bytesdiscarded="119592" />
  <memory-copied type="other" objects="71430" bytes="3088080" bytesdiscarded="262808" />
  <memory-cardclean objects="22067" bytes="1184824" />
  <regions eden="54" other="6" />
  <remembered-set-cleared processed="38903" cleared="7987" durationms="0.863" />
  <stringconstants candidates="14612" cleared="0"  />
</gc-op>
<gc-op id="4766" type="classunload" timems="0.011" contextid="4762" timestamp="2019-08-11T06:21:34.089">
  <classunload-info classloadercandidates="54" classloadersunloaded="0" classesunloaded="0" anonymousclassesunloaded="0" quiescems="0.000" setupms="0.011" scanms="0.000" postms="0.000" />
</gc-op>
<heap-resize id="4767" type="expand" space="default" amount="6291456" count="1" timems="0.075" reason="excessive time being spent in gc" timestamp="2019-08-11T06:21:34.089" />
<gc-end id="4768" type="partial gc" contextid="4762" durationms="25.463" usertimems="27.481" systemtimems="23.882" timestamp="2019-08-11T06:21:34.089" activeThreads="16">
  <mem-info id="4769" free="262144000" total="436207616" percent="60">
    <mem type="eden" free="1126656" total="2097152" percent="53" />
    <remembered-set count="58496" freebytes="17204736" totalbytes="17438720" percent="98" regionsoverflowed="0" regionsstable="7" regionsrebuilding="0"/>
  </mem-info>
</gc-end>
<cycle-end id="4770" type="partial gc" contextid="4762" timestamp="2019-08-11T06:21:34.089" />
  <attribute name="elasticGC enabled" value="1" />
  <attribute name= "numThreadsSpecified" value="16" />
  <attribute name="heapSize specified" value="0" />
  <attribute name="Current GC Util" value="146" />
  <attribute name= "Current Time Running" value="205258" />
  <attribute name ="GC Interval" value="0" />
  <attribute name="ProportionalT" value="33.000000" />
  <attribute name="ProportionalI" value="33.000000" />
  <attribute name="ProportionalH" value="33.000000" />
  <attribute name="Current Error" value="66.000000" />
  <attribute name="IntegralT" value="66.000000" />
  <attribute name="IntegralI" value="66.000000" />
  <attribute name="IntegralH" value="66.000000" />
  <attribute name="DerivativeT" value="33.000000" />
  <attribute name="DerivativeI" value="33.000000" />
  <attribute name="DerivativeH" value="33.000000" />
  <attribute name="Loop Time for DT" value="2.000000" />
  <attribute name="Output H" value="8388608"/>
  <attribute name="Output I" value="200"/>
  <attribute name="Output T" value="16"/>
  <attribute name="Target GC Util Change" value ="80.000000" />
  <attribute name="Current GC Util Change" value="146.000000"/>
  <attribute name="GC Util currently" value="146" />
  <attribute name="CPU Util currently" value="623446424746" />
<exclusive-end id="4771" timestamp="2019-08-11T06:21:34.089" durationms="26.244" />

<exclusive-start id="4772" timestamp="2019-08-11T06:21:34.367" intervalms="304.002">
  <response-info timems="79.813" idlems="40.733" threads="1" lastid="00000000020E9700" lastname="Thread-24" />
</exclusive-start>
<allocation-taxation id="4773" taxation-threshold="115343360" timestamp="2019-08-11T06:21:34.369" intervalms="305.798" />
<cycle-start id="4774" type="partial gc" contextid="0" timestamp="2019-08-11T06:21:34.377" intervalms="314.077" />
<gc-start id="4775" type="partial gc" contextid="4774" timestamp="2019-08-11T06:21:34.377">
  <mem-info id="4776" free="146800640" total="436207616" percent="33">
    <mem type="eden" free="0" total="115343360" percent="0" />
    <remembered-set count="58400" freebytes="17205120" totalbytes="17438720" percent="98" regionsoverflowed="0" regionsstable="7" regionsrebuilding="0"/>
  </mem-info>
</gc-start>
<allocation-stats totalBytes="115323160" >
  <allocated-bytes non-tlh="0" tlh="115323160" arrayletleaf="0"/>
  <largest-consumer threadName="Thread-33" threadId="000000000211DE00" bytes="15558088" />
</allocation-stats>
<gc-op id="4777" type="copy forward" timems="36.493" contextid="4774" timestamp="2019-08-11T06:21:34.416">
  <memory-copied type="eden" objects="19775" bytes="755792" bytesdiscarded="58224" />
  <memory-copied type="other" objects="76494" bytes="3346992" bytesdiscarded="203704" />
  <memory-cardclean objects="14352" bytes="745192" />
  <regions eden="55" other="5" />
  <remembered-set-cleared processed="37146" cleared="5061" durationms="2.334" />
  <stringconstants candidates="14612" cleared="0"  />
</gc-op>
<gc-op id="4778" type="classunload" timems="0.013" contextid="4774" timestamp="2019-08-11T06:21:34.416">
  <classunload-info classloadercandidates="54" classloadersunloaded="0" classesunloaded="0" anonymousclassesunloaded="0" quiescems="0.000" setupms="0.013" scanms="0.000" postms="0.000" />
</gc-op>
<heap-resize id="4779" type="expand" space="default" amount="4194304" count="1" timems="0.061" reason="excessive time being spent in gc" timestamp="2019-08-11T06:21:34.416" />
<gc-end id="4780" type="partial gc" contextid="4774" durationms="38.989" usertimems="34.982" systemtimems="17.151" timestamp="2019-08-11T06:21:34.416" activeThreads="16">
  <mem-info id="4781" free="264241152" total="440401920" percent="60">
    <mem type="eden" free="1283136" total="2097152" percent="61" />
    <remembered-set count="57888" freebytes="17374848" totalbytes="17606400" percent="98" regionsoverflowed="0" regionsstable="7" regionsrebuilding="0"/>
  </mem-info>
</gc-end>
<cycle-end id="4782" type="partial gc" contextid="4774" timestamp="2019-08-11T06:21:34.417" />
  <attribute name="elasticGC enabled" value="1" />
  <attribute name= "numThreadsSpecified" value="16" />
  <attribute name="heapSize specified" value="0" />
  <attribute name="Current GC Util" value="71" />
  <attribute name= "Current Time Running" value="205572" />
  <attribute name ="GC Interval" value="0" />
  <attribute name="ProportionalT" value="-4.500000" />
  <attribute name="ProportionalI" value="-4.500000" />
  <attribute name="ProportionalH" value="-4.500000" />
  <attribute name="Current Error" value="-9.000000" />
  <attribute name="IntegralT" value="-9.000000" />
  <attribute name="IntegralI" value="-9.000000" />
  <attribute name="IntegralH" value="-9.000000" />
  <attribute name="DerivativeT" value="-4.500000" />
  <attribute name="DerivativeI" value="-4.500000" />
  <attribute name="DerivativeH" value="-4.500000" />
  <attribute name="Loop Time for DT" value="2.000000" />
  <attribute name="Output H" value="4202627072"/>
  <attribute name="Output I" value="200"/>
  <attribute name="Output T" value="16"/>
  <attribute name="Target GC Util Change" value ="80.000000" />
  <attribute name="Current GC Util Change" value="71.000000"/>
  <attribute name="GC Util currently" value="71" />
  <attribute name="CPU Util currently" value="852203493918" />
<exclusive-end id="4783" timestamp="2019-08-11T06:21:34.417" durationms="49.706" />

<exclusive-start id="4784" timestamp="2019-08-11T06:21:34.592" intervalms="225.326">
  <response-info timems="18.978" idlems="18.978" threads="0" lastid="00000000020E9700" lastname="Thread-24" />
</exclusive-start>
<allocation-taxation id="4785" taxation-threshold="117440512" timestamp="2019-08-11T06:21:34.595" intervalms="226.326" />
<cycle-start id="4786" type="partial gc" contextid="0" timestamp="2019-08-11T06:21:34.639" intervalms="262.134" />
<gc-start id="4787" type="partial gc" contextid="4786" timestamp="2019-08-11T06:21:34.640">
  <mem-info id="4788" free="146800640" total="440401920" percent="33">
    <mem type="eden" free="0" total="117440512" percent="0" />
    <remembered-set count="57824" freebytes="17375104" totalbytes="17606400" percent="98" regionsoverflowed="0" regionsstable="7" regionsrebuilding="0"/>
  </mem-info>
</gc-start>
<allocation-stats totalBytes="117420568" >
  <allocated-bytes non-tlh="0" tlh="117420568" arrayletleaf="0"/>
  <largest-consumer threadName="Thread-32" threadId="000000000213BD00" bytes="20370128" />
</allocation-stats>
<gc-op id="4789" type="copy forward" timems="37.501" contextid="4786" timestamp="2019-08-11T06:21:34.691">
  <memory-copied type="eden" objects="18245" bytes="582544" bytesdiscarded="58752" />
  <memory-copied type="other" objects="88116" bytes="3752832" bytesdiscarded="255960" />
  <memory-cardclean objects="19494" bytes="991360" />
  <regions eden="56" other="5" />
  <remembered-set-cleared processed="36460" cleared="4239" durationms="0.642" />
  <stringconstants candidates="14612" cleared="0"  />
</gc-op>
<gc-op id="4790" type="classunload" timems="0.012" contextid="4786" timestamp="2019-08-11T06:21:34.691">
  <classunload-info classloadercandidates="54" classloadersunloaded="0" classesunloaded="0" anonymousclassesunloaded="0" quiescems="0.000" setupms="0.012" scanms="0.000" postms="0.000" />
</gc-op>
<gc-end id="4791" type="partial gc" contextid="4786" durationms="51.668" usertimems="40.039" systemtimems="41.034" timestamp="2019-08-11T06:21:34.691" activeThreads="16">
  <mem-info id="4792" free="264241152" total="440401920" percent="60">
    <mem type="eden" free="1455856" total="2097152" percent="69" />
    <remembered-set count="60576" freebytes="17364096" totalbytes="17606400" percent="98" regionsoverflowed="0" regionsstable="7" regionsrebuilding="0"/>
  </mem-info>
</gc-end>
<cycle-end id="4793" type="partial gc" contextid="4786" timestamp="2019-08-11T06:21:34.692" />
  <attribute name="elasticGC enabled" value="1" />
  <attribute name= "numThreadsSpecified" value="16" />
  <attribute name="heapSize specified" value="0" />
  <attribute name="Current GC Util" value="6" />
  <attribute name= "Current Time Running" value="205846" />
  <attribute name ="GC Interval" value="0" />
  <attribute name="ProportionalT" value="-37.000000" />
  <attribute name="ProportionalI" value="-37.000000" />
  <attribute name="ProportionalH" value="-37.000000" />
  <attribute name="Current Error" value="-74.000000" />
  <attribute name="IntegralT" value="-481.000000" />
  <attribute name="IntegralI" value="-481.000000" />
  <attribute name="IntegralH" value="-481.000000" />
  <attribute name="DerivativeT" value="-5.692308" />
  <attribute name="DerivativeI" value="-5.692308" />
  <attribute name="DerivativeH" value="-5.692308" />
  <attribute name="Loop Time for DT" value="13.000000" />
  <attribute name="Output H" value="4202627072"/>
  <attribute name="Output I" value="200"/>
  <attribute name="Output T" value="16"/>
  <attribute name="Target GC Util Change" value ="80.000000" />
  <attribute name="Current GC Util Change" value="6.000000"/>
  <attribute name="GC Util currently" value="6" />
  <attribute name="CPU Util currently" value="85431637645" />
<exclusive-end id="4794" timestamp="2019-08-11T06:21:34.692" durationms="99.349" />

<exclusive-start id="4795" timestamp="2019-08-11T06:21:34.873" intervalms="280.636">
  <response-info timems="10.735" idlems="10.735" threads="0" lastid="00000000020E9700" lastname="Thread-24" />
</exclusive-start>
<allocation-taxation id="4796" taxation-threshold="117440512" timestamp="2019-08-11T06:21:34.876" intervalms="281.047" />
<cycle-start id="4797" type="partial gc" contextid="0" timestamp="2019-08-11T06:21:34.881" intervalms="241.519" />
<gc-start id="4798" type="partial gc" contextid="4797" timestamp="2019-08-11T06:21:34.881">
  <mem-info id="4799" free="146800640" total="440401920" percent="33">
    <mem type="eden" free="0" total="117440512" percent="0" />
    <remembered-set count="60448" freebytes="17364608" totalbytes="17606400" percent="98" regionsoverflowed="0" regionsstable="7" regionsrebuilding="0"/>
  </mem-info>
</gc-start>
<allocation-stats totalBytes="117421480" >
  <allocated-bytes non-tlh="0" tlh="117421480" arrayletleaf="0"/>
  <largest-consumer threadName="Thread-25" threadId="0000000002112A00" bytes="17921224" />
</allocation-stats>
<gc-op id="4800" type="copy forward" timems="25.879" contextid="4797" timestamp="2019-08-11T06:21:34.920">
  <memory-copied type="eden" objects="21432" bytes="796096" bytesdiscarded="42200" />
  <memory-copied type="other" objects="75925" bytes="3195960" bytesdiscarded="269872" />
  <memory-cardclean objects="24789" bytes="1267912" />
  <regions eden="56" other="5" />
  <remembered-set-cleared processed="38924" cleared="6740" durationms="0.354" />
  <stringconstants candidates="14612" cleared="0"  />
</gc-op>
<gc-op id="4801" type="classunload" timems="0.014" contextid="4797" timestamp="2019-08-11T06:21:34.920">
  <classunload-info classloadercandidates="54" classloadersunloaded="0" classesunloaded="0" anonymousclassesunloaded="0" quiescems="0.000" setupms="0.014" scanms="0.000" postms="0.000" />
</gc-op>
<heap-resize id="4802" type="expand" space="default" amount="6291456" count="1" timems="0.069" reason="excessive time being spent in gc" timestamp="2019-08-11T06:21:34.921" />
<gc-end id="4803" type="partial gc" contextid="4797" durationms="39.401" usertimems="36.407" systemtimems="30.738" timestamp="2019-08-11T06:21:34.921" activeThreads="16">
  <mem-info id="4804" free="268435456" total="446693376" percent="60">
    <mem type="eden" free="1258856" total="2097152" percent="60" />
    <remembered-set count="60128" freebytes="17617408" totalbytes="17857920" percent="98" regionsoverflowed="0" regionsstable="7" regionsrebuilding="0"/>
  </mem-info>
</gc-end>
<cycle-end id="4805" type="partial gc" contextid="4797" timestamp="2019-08-11T06:21:34.921" />
  <attribute name="elasticGC enabled" value="1" />
  <attribute name= "numThreadsSpecified" value="16" />
  <attribute name="heapSize specified" value="0" />
  <attribute name="Current GC Util" value="84" />
  <attribute name= "Current Time Running" value="206087" />
  <attribute name ="GC Interval" value="0" />
  <attribute name="ProportionalT" value="2.000000" />
  <attribute name="ProportionalI" value="2.000000" />
  <attribute name="ProportionalH" value="2.000000" />
  <attribute name="Current Error" value="4.000000" />
  <attribute name="IntegralT" value="26.000000" />
  <attribute name="IntegralI" value="26.000000" />
  <attribute name="IntegralH" value="26.000000" />
  <attribute name="DerivativeT" value="0.307692" />
  <attribute name="DerivativeI" value="0.307692" />
  <attribute name="DerivativeH" value="0.307692" />
  <attribute name="Loop Time for DT" value="13.000000" />
  <attribute name="Output H" value="8388608"/>
  <attribute name="Output I" value="200"/>
  <attribute name="Output T" value="16"/>
  <attribute name="Target GC Util Change" value ="80.000000" />
  <attribute name="Current GC Util Change" value="84.000000"/>
  <attribute name="GC Util currently" value="84" />
  <attribute name="CPU Util currently" value="89808312186" />
<exclusive-end id="4806" timestamp="2019-08-11T06:21:34.921" durationms="47.957" />

<exclusive-start id="4807" timestamp="2019-08-11T06:21:35.032" intervalms="159.151">
  <response-info timems="1.456" idlems="1.062" threads="4" lastid="0000000002112A00" lastname="Thread-25" />
</exclusive-start>
<allocation-taxation id="4808" taxation-threshold="117440512" timestamp="2019-08-11T06:21:35.032" intervalms="156.038" />
<cycle-start id="4809" type="partial gc" contextid="0" timestamp="2019-08-11T06:21:35.032" intervalms="151.489" />
<gc-start id="4810" type="partial gc" contextid="4809" timestamp="2019-08-11T06:21:35.033">
  <mem-info id="4811" free="150994944" total="446693376" percent="33">
    <mem type="eden" free="0" total="117440512" percent="0" />
    <remembered-set count="59776" freebytes="17618816" totalbytes="17857920" percent="98" regionsoverflowed="0" regionsstable="7" regionsrebuilding="0"/>
  </mem-info>
</gc-start>
<allocation-stats totalBytes="117422208" >
  <allocated-bytes non-tlh="0" tlh="117422208" arrayletleaf="0"/>
  <largest-consumer threadName="Thread-23" threadId="000000000213F900" bytes="15062264" />
</allocation-stats>
<gc-op id="4812" type="copy forward" timems="88.782" contextid="4809" timestamp="2019-08-11T06:21:35.125">
  <memory-copied type="eden" objects="24453" bytes="1004584" bytesdiscarded="76120" />
  <memory-copied type="other" objects="63762" bytes="2629296" bytesdiscarded="181280" />
  <memory-cardclean objects="23449" bytes="1219792" />
  <regions eden="56" other="5" />
  <remembered-set-cleared processed="38623" cleared="7340" durationms="1.001" />
  <stringconstants candidates="14612" cleared="0"  />
</gc-op>
<gc-op id="4813" type="classunload" timems="0.011" contextid="4809" timestamp="2019-08-11T06:21:35.125">
  <classunload-info classloadercandidates="54" classloadersunloaded="0" classesunloaded="0" anonymousclassesunloaded="0" quiescems="0.000" setupms="0.011" scanms="0.000" postms="0.000" />
</gc-op>
<heap-resize id="4814" type="expand" space="default" amount="4194304" count="1" timems="0.061" reason="excessive time being spent in gc" timestamp="2019-08-11T06:21:35.125" />
<gc-end id="4815" type="partial gc" contextid="4809" durationms="92.593" usertimems="30.239" systemtimems="29.535" timestamp="2019-08-11T06:21:35.125" activeThreads="16">
  <mem-info id="4816" free="270532608" total="450887680" percent="60">
    <mem type="eden" free="1016448" total="2097152" percent="48" />
    <remembered-set count="56448" freebytes="17799808" totalbytes="18025600" percent="98" regionsoverflowed="0" regionsstable="7" regionsrebuilding="0"/>
  </mem-info>
</gc-end>
<cycle-end id="4817" type="partial gc" contextid="4809" timestamp="2019-08-11T06:21:35.126" />
  <attribute name="elasticGC enabled" value="1" />
  <attribute name= "numThreadsSpecified" value="16" />
  <attribute name="heapSize specified" value="0" />
  <attribute name="Current GC Util" value="28" />
  <attribute name= "Current Time Running" value="206229" />
  <attribute name ="GC Interval" value="0" />
  <attribute name="ProportionalT" value="-26.000000" />
  <attribute name="ProportionalI" value="-26.000000" />
  <attribute name="ProportionalH" value="-26.000000" />
  <attribute name="Current Error" value="-52.000000" />
  <attribute name="IntegralT" value="-78.000000" />
  <attribute name="IntegralI" value="-78.000000" />
  <attribute name="IntegralH" value="-78.000000" />
  <attribute name="DerivativeT" value="-17.333333" />
  <attribute name="DerivativeI" value="-17.333333" />
  <attribute name="DerivativeH" value="-17.333333" />
  <attribute name="Loop Time for DT" value="3.000000" />
  <attribute name="Output H" value="4202627072"/>
  <attribute name="Output I" value="200"/>
  <attribute name="Output T" value="16"/>
  <attribute name="Target GC Util Change" value ="80.000000" />
  <attribute name="Current GC Util Change" value="28.000000"/>
  <attribute name="GC Util currently" value="28" />
  <attribute name="CPU Util currently" value="377249793017" />
<exclusive-end id="4818" timestamp="2019-08-11T06:21:35.126" durationms="94.009" />

<exclusive-start id="4819" timestamp="2019-08-11T06:21:35.230" intervalms="197.832">
  <response-info timems="12.752" idlems="12.752" threads="0" lastid="0000000002112A00" lastname="Thread-25" />
</exclusive-start>
<allocation-taxation id="4820" taxation-threshold="119537664" timestamp="2019-08-11T06:21:35.230" intervalms="197.854" />
<cycle-start id="4821" type="partial gc" contextid="0" timestamp="2019-08-11T06:21:35.230" intervalms="197.792" />
<gc-start id="4822" type="partial gc" contextid="4821" timestamp="2019-08-11T06:21:35.230">
  <mem-info id="4823" free="150994944" total="450887680" percent="33">
    <mem type="eden" free="0" total="119537664" percent="0" />
    <remembered-set count="56160" freebytes="17800960" totalbytes="18025600" percent="98" regionsoverflowed="0" regionsstable="7" regionsrebuilding="0"/>
  </mem-info>
</gc-start>
<allocation-stats totalBytes="119519720" >
  <allocated-bytes non-tlh="19056" tlh="119500664" arrayletleaf="0"/>
  <largest-consumer threadName="Thread-24" threadId="00000000020E9700" bytes="12859992" />
</allocation-stats>
<gc-op id="4824" type="copy forward" timems="166.166" contextid="4821" timestamp="2019-08-11T06:21:35.398">
  <memory-copied type="eden" objects="28238" bytes="1096352" bytesdiscarded="115056" />
  <memory-copied type="other" objects="84747" bytes="3682440" bytesdiscarded="316360" />
  <memory-cardclean objects="14777" bytes="765520" />
  <regions eden="57" other="6" />
  <remembered-set-cleared processed="36800" cleared="5220" durationms="0.344" />
  <stringconstants candidates="14612" cleared="0"  />
</gc-op>
<gc-op id="4825" type="classunload" timems="0.012" contextid="4821" timestamp="2019-08-11T06:21:35.398">
  <classunload-info classloadercandidates="54" classloadersunloaded="0" classesunloaded="0" anonymousclassesunloaded="0" quiescems="0.000" setupms="0.012" scanms="0.000" postms="0.000" />
</gc-op>
<heap-resize id="4826" type="expand" space="default" amount="6291456" count="1" timems="0.095" reason="excessive time being spent in gc" timestamp="2019-08-11T06:21:35.399" />
<gc-end id="4827" type="partial gc" contextid="4821" durationms="168.089" usertimems="54.872" systemtimems="82.074" timestamp="2019-08-11T06:21:35.399" activeThreads="16">
  <mem-info id="4828" free="274726912" total="457179136" percent="60">
    <mem type="eden" free="885744" total="2097152" percent="42" />
    <remembered-set count="60288" freebytes="18035968" totalbytes="18277120" percent="98" regionsoverflowed="0" regionsstable="7" regionsrebuilding="0"/>
  </mem-info>
</gc-end>
<cycle-end id="4829" type="partial gc" contextid="4821" timestamp="2019-08-11T06:21:35.399" />
  <attribute name="elasticGC enabled" value="1" />
  <attribute name= "numThreadsSpecified" value="16" />
  <attribute name="heapSize specified" value="0" />
  <attribute name="Current GC Util" value="86" />
  <attribute name= "Current Time Running" value="206424" />
  <attribute name ="GC Interval" value="0" />
  <attribute name="ProportionalT" value="3.000000" />
  <attribute name="ProportionalI" value="3.000000" />
  <attribute name="ProportionalH" value="3.000000" />
  <attribute name="Current Error" value="6.000000" />
  <attribute name="IntegralT" value="3.000000" />
  <attribute name="IntegralI" value="3.000000" />
  <attribute name="IntegralH" value="3.000000" />
  <attribute name="DerivativeT" value="6.000000" />
  <attribute name="DerivativeI" value="6.000000" />
  <attribute name="DerivativeH" value="6.000000" />
  <attribute name="Loop Time for DT" value="1.000000" />
  <attribute name="Output H" value="8388608"/>
  <attribute name="Output I" value="200"/>
  <attribute name="Output T" value="16"/>
  <attribute name="Target GC Util Change" value ="80.000000" />
  <attribute name="Current GC Util Change" value="86.000000"/>
  <attribute name="GC Util currently" value="86" />
  <attribute name="CPU Util currently" value="1383119502683" />
<exclusive-end id="4830" timestamp="2019-08-11T06:21:35.399" durationms="169.099" />

<exclusive-start id="4831" timestamp="2019-08-11T06:21:35.449" intervalms="218.781">
  <response-info timems="1.620" idlems="1.620" threads="0" lastid="000000000210B200" lastname="Thread-26" />
</exclusive-start>
<allocation-taxation id="4832" taxation-threshold="121634816" timestamp="2019-08-11T06:21:35.449" intervalms="218.864" />
<cycle-start id="4833" type="partial gc" contextid="0" timestamp="2019-08-11T06:21:35.449" intervalms="218.946" />
<gc-start id="4834" type="partial gc" contextid="4833" timestamp="2019-08-11T06:21:35.450">
  <mem-info id="4835" free="153092096" total="457179136" percent="33">
    <mem type="eden" free="0" total="121634816" percent="0" />
    <remembered-set count="60000" freebytes="18037120" totalbytes="18277120" percent="98" regionsoverflowed="0" regionsstable="7" regionsrebuilding="0"/>
  </mem-info>
</gc-start>
<allocation-stats totalBytes="121616304" >
  <allocated-bytes non-tlh="0" tlh="121616304" arrayletleaf="0"/>
  <largest-consumer threadName="Thread-27" threadId="0000000002103B00" bytes="14972856" />
</allocation-stats>
<gc-op id="4836" type="copy forward" timems="35.083" contextid="4833" timestamp="2019-08-11T06:21:35.486">
  <memory-copied type="eden" objects="22169" bytes="813624" bytesdiscarded="0" />
  <memory-copied type="other" objects="83139" bytes="3506472" bytesdiscarded="0" />
  <memory-cardclean objects="23344" bytes="1195384" />
  <regions eden="58" other="6" />
  <remembered-set-cleared processed="37293" cleared="5692" durationms="1.001" />
  <stringconstants candidates="14612" cleared="0"  />
</gc-op>
<gc-op id="4837" type="classunload" timems="0.016" contextid="4833" timestamp="2019-08-11T06:21:35.486">
  <classunload-info classloadercandidates="54" classloadersunloaded="0" classesunloaded="0" anonymousclassesunloaded="0" quiescems="0.000" setupms="0.016" scanms="0.000" postms="0.000" />
</gc-op>
<heap-resize id="4838" type="expand" space="default" amount="4194304" count="1" timems="0.126" reason="excessive time being spent in gc" timestamp="2019-08-11T06:21:35.486" />
<gc-end id="4839" type="partial gc" contextid="4833" durationms="36.860" usertimems="22.849" systemtimems="0.000" timestamp="2019-08-11T06:21:35.486" activeThreads="1">
  <mem-info id="4840" free="276824064" total="461373440" percent="60">
    <mem type="eden" free="1283528" total="2097152" percent="61" />
    <remembered-set count="63456" freebytes="18190976" totalbytes="18444800" percent="98" regionsoverflowed="0" regionsstable="7" regionsrebuilding="0"/>
  </mem-info>
</gc-end>
<cycle-end id="4841" type="partial gc" contextid="4833" timestamp="2019-08-11T06:21:35.487" />
  <attribute name="elasticGC enabled" value="1" />
  <attribute name= "numThreadsSpecified" value="1" />
  <attribute name="heapSize specified" value="0" />
  <attribute name="Current GC Util" value="87" />
  <attribute name= "Current Time Running" value="206643" />
  <attribute name ="GC Interval" value="0" />
  <attribute name="ProportionalT" value="3.500000" />
  <attribute name="ProportionalI" value="3.500000" />
  <attribute name="ProportionalH" value="3.500000" />
  <attribute name="Current Error" value="7.000000" />
  <attribute name="IntegralT" value="0.000000" />
  <attribute name="IntegralI" value="0.000000" />
  <attribute name="IntegralH" value="0.000000" />
  <attribute name="DerivativeT" value="inf" />
  <attribute name="DerivativeI" value="inf" />
  <attribute name="DerivativeH" value="inf" />
  <attribute name="Loop Time for DT" value="0.000000" />
  <attribute name="Output H" value="8388608"/>
  <attribute name="Output I" value="200"/>
  <attribute name="Output T" value="1"/>
  <attribute name="Target GC Util Change" value ="80.000000" />
  <attribute name="Current GC Util Change" value="87.000000"/>
  <attribute name="GC Util currently" value="87" />
  <attribute name="CPU Util currently" value="1521958206679" />
<exclusive-end id="4842" timestamp="2019-08-11T06:21:35.489" durationms="40.155" />

<exclusive-start id="4843" timestamp="2019-08-11T06:21:35.673" intervalms="224.299">
  <response-info timems="2.181" idlems="2.181" threads="0" lastid="0000000002103B00" lastname="Thread-27" />
</exclusive-start>
<allocation-taxation id="4844" taxation-threshold="121634816" timestamp="2019-08-11T06:21:35.673" intervalms="224.298" />
<cycle-start id="4845" type="partial gc" contextid="0" timestamp="2019-08-11T06:21:35.674" intervalms="225.354" />
<gc-start id="4846" type="partial gc" contextid="4845" timestamp="2019-08-11T06:21:35.675">
  <mem-info id="4847" free="155189248" total="461373440" percent="33">
    <mem type="eden" free="0" total="121634816" percent="0" />
    <remembered-set count="63008" freebytes="18192768" totalbytes="18444800" percent="98" regionsoverflowed="0" regionsstable="7" regionsrebuilding="0"/>
  </mem-info>
</gc-start>
<allocation-stats totalBytes="121615352" >
  <allocated-bytes non-tlh="0" tlh="121615352" arrayletleaf="0"/>
  <largest-consumer threadName="Thread-27" threadId="0000000002103B00" bytes="15344960" />
</allocation-stats>
<gc-op id="4848" type="copy forward" timems="12.711" contextid="4845" timestamp="2019-08-11T06:21:35.689">
  <memory-copied type="eden" objects="34516" bytes="1384992" bytesdiscarded="73976" />
  <memory-copied type="other" objects="52212" bytes="2077344" bytesdiscarded="134304" />
  <memory-cardclean objects="30790" bytes="1659880" />
  <regions eden="58" other="5" />
  <remembered-set-cleared processed="39205" cleared="6804" durationms="1.243" />
  <stringconstants candidates="14612" cleared="0"  />
</gc-op>
<gc-op id="4849" type="classunload" timems="0.014" contextid="4845" timestamp="2019-08-11T06:21:35.689">
  <classunload-info classloadercandidates="54" classloadersunloaded="0" classesunloaded="0" anonymousclassesunloaded="0" quiescems="0.000" setupms="0.013" scanms="0.000" postms="0.000" />
</gc-op>
<heap-resize id="4850" type="expand" space="default" amount="6291456" count="1" timems="0.092" reason="excessive time being spent in gc" timestamp="2019-08-11T06:21:35.690" />
<gc-end id="4851" type="partial gc" contextid="4845" durationms="14.727" usertimems="25.931" systemtimems="3.612" timestamp="2019-08-11T06:21:35.690" activeThreads="16">
  <mem-info id="4852" free="281018368" total="467664896" percent="60">
    <mem type="eden" free="638184" total="2097152" percent="30" />
    <remembered-set count="59616" freebytes="18457856" totalbytes="18696320" percent="98" regionsoverflowed="0" regionsstable="7" regionsrebuilding="0"/>
  </mem-info>
</gc-end>
<cycle-end id="4853" type="partial gc" contextid="4845" timestamp="2019-08-11T06:21:35.690" />
  <attribute name="elasticGC enabled" value="1" />
  <attribute name= "numThreadsSpecified" value="16" />
  <attribute name="heapSize specified" value="0" />
  <attribute name="Current GC Util" value="73" />
  <attribute name= "Current Time Running" value="206869" />
  <attribute name ="GC Interval" value="0" />
  <attribute name="ProportionalT" value="-3.500000" />
  <attribute name="ProportionalI" value="-3.500000" />
  <attribute name="ProportionalH" value="-3.500000" />
  <attribute name="Current Error" value="-7.000000" />
  <attribute name="IntegralT" value="-3.500000" />
  <attribute name="IntegralI" value="-3.500000" />
  <attribute name="IntegralH" value="-3.500000" />
  <attribute name="DerivativeT" value="-7.000000" />
  <attribute name="DerivativeI" value="-7.000000" />
  <attribute name="DerivativeH" value="-7.000000" />
  <attribute name="Loop Time for DT" value="1.000000" />
  <attribute name="Output H" value="4202627072"/>
  <attribute name="Output I" value="200"/>
  <attribute name="Output T" value="16"/>
  <attribute name="Target GC Util Change" value ="80.000000" />
  <attribute name="Current GC Util Change" value="73.000000"/>
  <attribute name="GC Util currently" value="73" />
  <attribute name="CPU Util currently" value="1357091776933" />
<exclusive-end id="4854" timestamp="2019-08-11T06:21:35.690" durationms="17.218" />

<exclusive-start id="4855" timestamp="2019-08-11T06:21:35.768" intervalms="95.005">
  <response-info timems="7.074" idlems="3.612" threads="1" lastid="0000000002147100" lastname="Thread-35" />
</exclusive-start>
<allocation-taxation id="4856" taxation-threshold="123731968" timestamp="2019-08-11T06:21:35.768" intervalms="94.826" />
<cycle-start id="4857" type="partial gc" contextid="0" timestamp="2019-08-11T06:21:35.768" intervalms="93.661" />
<gc-start id="4858" type="partial gc" contextid="4857" timestamp="2019-08-11T06:21:35.768">
  <mem-info id="4859" free="157286400" total="467664896" percent="33">
    <mem type="eden" free="0" total="123731968" percent="0" />
    <remembered-set count="59584" freebytes="18457984" totalbytes="18696320" percent="98" regionsoverflowed="0" regionsstable="7" regionsrebuilding="0"/>
  </mem-info>
</gc-start>
<allocation-stats totalBytes="123711408" >
  <allocated-bytes non-tlh="0" tlh="123711408" arrayletleaf="0"/>
  <largest-consumer threadName="Thread-23" threadId="000000000213F900" bytes="15218376" />
</allocation-stats>
<gc-op id="4860" type="copy forward" timems="140.553" contextid="4857" timestamp="2019-08-11T06:21:35.911">
  <memory-copied type="eden" objects="14862" bytes="500888" bytesdiscarded="80056" />
  <memory-copied type="other" objects="101956" bytes="4370208" bytesdiscarded="272576" />
  <memory-cardclean objects="18255" bytes="917392" />
  <regions eden="59" other="6" />
  <remembered-set-cleared processed="37516" cleared="5283" durationms="0.426" />
  <stringconstants candidates="14612" cleared="0"  />
</gc-op>
<gc-op id="4861" type="classunload" timems="0.014" contextid="4857" timestamp="2019-08-11T06:21:35.911">
  <classunload-info classloadercandidates="54" classloadersunloaded="0" classesunloaded="0" anonymousclassesunloaded="0" quiescems="0.000" setupms="0.014" scanms="0.000" postms="0.000" />
</gc-op>
<heap-resize id="4862" type="expand" space="default" amount="4194304" count="1" timems="0.080" reason="excessive time being spent in gc" timestamp="2019-08-11T06:21:35.911" />
<gc-end id="4863" type="partial gc" contextid="4857" durationms="142.929" usertimems="62.992" systemtimems="51.333" timestamp="2019-08-11T06:21:35.911" activeThreads="16">
  <mem-info id="4864" free="283115520" total="471859200" percent="60">
    <mem type="eden" free="1516208" total="2097152" percent="72" />
    <remembered-set count="61792" freebytes="18616832" totalbytes="18864000" percent="98" regionsoverflowed="0" regionsstable="7" regionsrebuilding="0"/>
  </mem-info>
</gc-end>
<cycle-end id="4865" type="partial gc" contextid="4857" timestamp="2019-08-11T06:21:35.912" />
  <attribute name="elasticGC enabled" value="1" />
  <attribute name= "numThreadsSpecified" value="16" />
  <attribute name="heapSize specified" value="0" />
  <attribute name="Current GC Util" value="87" />
  <attribute name= "Current Time Running" value="206963" />
  <attribute name ="GC Interval" value="0" />
  <attribute name="ProportionalT" value="3.500000" />
  <attribute name="ProportionalI" value="3.500000" />
  <attribute name="ProportionalH" value="3.500000" />
  <attribute name="Current Error" value="7.000000" />
  <attribute name="IntegralT" value="3.500000" />
  <attribute name="IntegralI" value="3.500000" />
  <attribute name="IntegralH" value="3.500000" />
  <attribute name="DerivativeT" value="7.000000" />
  <attribute name="DerivativeI" value="7.000000" />
  <attribute name="DerivativeH" value="7.000000" />
  <attribute name="Loop Time for DT" value="1.000000" />
  <attribute name="Output H" value="8388608"/>
  <attribute name="Output I" value="200"/>
  <attribute name="Output T" value="16"/>
  <attribute name="Target GC Util Change" value ="80.000000" />
  <attribute name="Current GC Util Change" value="87.000000"/>
  <attribute name="GC Util currently" value="87" />
  <attribute name="CPU Util currently" value="1267707206937" />
<exclusive-end id="4866" timestamp="2019-08-11T06:21:35.912" durationms="143.647" />

<exclusive-start id="4867" timestamp="2019-08-11T06:21:36.041" intervalms="272.645">
  <response-info timems="1.334" idlems="0.699" threads="1" lastid="0000000002103B00" lastname="Thread-27" />
</exclusive-start>
<allocation-taxation id="4868" taxation-threshold="123731968" timestamp="2019-08-11T06:21:36.041" intervalms="272.979" />
<cycle-start id="4869" type="partial gc" contextid="0" timestamp="2019-08-11T06:21:36.041" intervalms="273.385" />
<gc-start id="4870" type="partial gc" contextid="4869" timestamp="2019-08-11T06:21:36.042">
  <mem-info id="4871" free="159383552" total="471859200" percent="33">
    <mem type="eden" free="0" total="123731968" percent="0" />
    <remembered-set count="61760" freebytes="18616960" totalbytes="18864000" percent="98" regionsoverflowed="0" regionsstable="7" regionsrebuilding="0"/>
  </mem-info>
</gc-start>
<allocation-stats totalBytes="123711184" >
  <allocated-bytes non-tlh="0" tlh="123711184" arrayletleaf="0"/>
  <largest-consumer threadName="Thread-26" threadId="000000000210B200" bytes="13629208" />
</allocation-stats>
<gc-op id="4872" type="copy forward" timems="154.668" contextid="4869" timestamp="2019-08-11T06:21:36.199">
  <memory-copied type="eden" objects="21273" bytes="793136" bytesdiscarded="51056" />
  <memory-copied type="other" objects="65155" bytes="2662728" bytesdiscarded="281680" />
  <memory-cardclean objects="28403" bytes="1499008" />
  <regions eden="59" other="6" />
  <remembered-set-cleared processed="39587" cleared="6335" durationms="0.771" />
  <stringconstants candidates="14612" cleared="0"  />
</gc-op>
<gc-op id="4873" type="classunload" timems="0.012" contextid="4869" timestamp="2019-08-11T06:21:36.199">
  <classunload-info classloadercandidates="54" classloadersunloaded="0" classesunloaded="0" anonymousclassesunloaded="0" quiescems="0.000" setupms="0.011" scanms="0.000" postms="0.000" />
</gc-op>
<heap-resize id="4874" type="expand" space="default" amount="10485760" count="1" timems="0.103" reason="excessive time being spent in gc" timestamp="2019-08-11T06:21:36.199" />
<gc-end id="4875" type="partial gc" contextid="4869" durationms="157.585" usertimems="75.649" systemtimems="71.175" timestamp="2019-08-11T06:21:36.199" activeThreads="16">
  <mem-info id="4876" free="289406976" total="482344960" percent="60">
    <mem type="eden" free="3350112" total="4194304" percent="79" />
    <remembered-set count="61984" freebytes="19035264" totalbytes="19283200" percent="98" regionsoverflowed="0" regionsstable="7" regionsrebuilding="0"/>
  </mem-info>
</gc-end>
<cycle-end id="4877" type="partial gc" contextid="4869" timestamp="2019-08-11T06:21:36.200" />
  <attribute name="elasticGC enabled" value="1" />
  <attribute name= "numThreadsSpecified" value="16" />
  <attribute name="heapSize specified" value="0" />
  <attribute name="Current GC Util" value="42" />
  <attribute name= "Current Time Running" value="207237" />
  <attribute name ="GC Interval" value="0" />
  <attribute name="ProportionalT" value="-19.000000" />
  <attribute name="ProportionalI" value="-19.000000" />
  <attribute name="ProportionalH" value="-19.000000" />
  <attribute name="Current Error" value="-38.000000" />
  <attribute name="IntegralT" value="-38.000000" />
  <attribute name="IntegralI" value="-38.000000" />
  <attribute name="IntegralH" value="-38.000000" />
  <attribute name="DerivativeT" value="-19.000000" />
  <attribute name="DerivativeI" value="-19.000000" />
  <attribute name="DerivativeH" value="-19.000000" />
  <attribute name="Loop Time for DT" value="2.000000" />
  <attribute name="Output H" value="4202627072"/>
  <attribute name="Output I" value="200"/>
  <attribute name="Output T" value="16"/>
  <attribute name="Target GC Util Change" value ="80.000000" />
  <attribute name="Current GC Util Change" value="42.000000"/>
  <attribute name="GC Util currently" value="42" />
  <attribute name="CPU Util currently" value="631571981702" />
<exclusive-end id="4878" timestamp="2019-08-11T06:21:36.200" durationms="159.124" />

<exclusive-start id="4879" timestamp="2019-08-11T06:21:36.317" intervalms="276.829">
  <response-info timems="25.443" idlems="25.443" threads="0" lastid="000000000213BD00" lastname="Thread-32" />
</exclusive-start>
<allocation-taxation id="4880" taxation-threshold="127926272" timestamp="2019-08-11T06:21:36.318" intervalms="276.542" />
<cycle-start id="4881" type="partial gc" contextid="0" timestamp="2019-08-11T06:21:36.318" intervalms="276.579" />
<gc-start id="4882" type="partial gc" contextid="4881" timestamp="2019-08-11T06:21:36.319">
  <mem-info id="4883" free="161480704" total="482344960" percent="33">
    <mem type="eden" free="0" total="127926272" percent="0" />
    <remembered-set count="61504" freebytes="19037184" totalbytes="19283200" percent="98" regionsoverflowed="0" regionsstable="7" regionsrebuilding="0"/>
  </mem-info>
</gc-start>
<allocation-stats totalBytes="127905312" >
  <allocated-bytes non-tlh="0" tlh="127905312" arrayletleaf="0"/>
  <largest-consumer threadName="Thread-32" threadId="000000000213BD00" bytes="14256392" />
</allocation-stats>
<gc-op id="4884" type="copy forward" timems="90.308" contextid="4881" timestamp="2019-08-11T06:21:36.463">
  <memory-copied type="eden" objects="25709" bytes="1035888" bytesdiscarded="62912" />
  <memory-copied type="other" objects="64864" bytes="2793120" bytesdiscarded="169352" />
  <memory-cardclean objects="14967" bytes="808528" />
  <regions eden="61" other="7" />
  <remembered-set-cleared processed="38551" cleared="5889" durationms="6.506" />
  <stringconstants candidates="14612" cleared="0"  />
</gc-op>
<gc-op id="4885" type="classunload" timems="0.011" contextid="4881" timestamp="2019-08-11T06:21:36.463">
  <classunload-info classloadercandidates="54" classloadersunloaded="0" classesunloaded="0" anonymousclassesunloaded="0" quiescems="0.000" setupms="0.011" scanms="0.000" postms="0.000" />
</gc-op>
<gc-end id="4886" type="partial gc" contextid="4881" durationms="143.958" usertimems="52.390" systemtimems="73.871" timestamp="2019-08-11T06:21:36.463" activeThreads="16">
  <mem-info id="4887" free="289406976" total="482344960" percent="60">
    <mem type="eden" free="998352" total="2097152" percent="47" />
    <remembered-set count="59712" freebytes="19044352" totalbytes="19283200" percent="98" regionsoverflowed="0" regionsstable="7" regionsrebuilding="0"/>
  </mem-info>
</gc-end>
<cycle-end id="4888" type="partial gc" contextid="4881" timestamp="2019-08-11T06:21:36.463" />
  <attribute name="elasticGC enabled" value="1" />
  <attribute name= "numThreadsSpecified" value="16" />
  <attribute name="heapSize specified" value="0" />
  <attribute name="Current GC Util" value="44" />
  <attribute name= "Current Time Running" value="207565" />
  <attribute name ="GC Interval" value="0" />
  <attribute name="ProportionalT" value="-18.000000" />
  <attribute name="ProportionalI" value="-18.000000" />
  <attribute name="ProportionalH" value="-18.000000" />
  <attribute name="Current Error" value="-36.000000" />
  <attribute name="IntegralT" value="-954.000000" />
  <attribute name="IntegralI" value="-954.000000" />
  <attribute name="IntegralH" value="-954.000000" />
  <attribute name="DerivativeT" value="-0.679245" />
  <attribute name="DerivativeI" value="-0.679245" />
  <attribute name="DerivativeH" value="-0.679245" />
  <attribute name="Loop Time for DT" value="53.000000" />
  <attribute name="Output H" value="4202627072"/>
  <attribute name="Output I" value="200"/>
  <attribute name="Output T" value="16"/>
  <attribute name="Target GC Util Change" value ="80.000000" />
  <attribute name="Current GC Util Change" value="44.000000"/>
  <attribute name="GC Util currently" value="44" />
  <attribute name="CPU Util currently" value="21917164248" />
<exclusive-end id="4889" timestamp="2019-08-11T06:21:36.464" durationms="146.253" />

<exclusive-start id="4890" timestamp="2019-08-11T06:21:36.588" intervalms="270.576">
  <response-info timems="8.395" idlems="3.412" threads="2" lastid="0000000002112A00" lastname="Thread-25" />
</exclusive-start>
<allocation-taxation id="4891" taxation-threshold="127926272" timestamp="2019-08-11T06:21:36.588" intervalms="270.583" />
<cycle-start id="4892" type="partial gc" contextid="0" timestamp="2019-08-11T06:21:36.589" intervalms="270.964" />
<gc-start id="4893" type="partial gc" contextid="4892" timestamp="2019-08-11T06:21:36.591">
  <mem-info id="4894" free="161480704" total="482344960" percent="33">
    <mem type="eden" free="0" total="127926272" percent="0" />
    <remembered-set count="59232" freebytes="19046272" totalbytes="19283200" percent="98" regionsoverflowed="0" regionsstable="7" regionsrebuilding="0"/>
  </mem-info>
</gc-start>
<allocation-stats totalBytes="127905280" >
  <allocated-bytes non-tlh="0" tlh="127905280" arrayletleaf="0"/>
  <largest-consumer threadName="Thread-32" threadId="000000000213BD00" bytes="13044048" />
</allocation-stats>
<gc-op id="4895" type="copy forward" timems="99.524" contextid="4892" timestamp="2019-08-11T06:21:36.694">
  <memory-copied type="eden" objects="32636" bytes="1203288" bytesdiscarded="89056" />
  <memory-copied type="other" objects="52614" bytes="2224368" bytesdiscarded="151496" />
  <memory-cardclean objects="21696" bytes="1149904" />
  <regions eden="61" other="6" />
  <remembered-set-cleared processed="37803" cleared="5454" durationms="10.413" />
  <stringconstants candidates="14612" cleared="0"  />
</gc-op>
<gc-op id="4896" type="classunload" timems="0.013" contextid="4892" timestamp="2019-08-11T06:21:36.694">
  <classunload-info classloadercandidates="54" classloadersunloaded="0" classesunloaded="0" anonymousclassesunloaded="0" quiescems="0.000" setupms="0.013" scanms="0.000" postms="0.000" />
</gc-op>
<heap-resize id="4897" type="expand" space="default" amount="6291456" count="1" timems="0.085" reason="excessive time being spent in gc" timestamp="2019-08-11T06:21:36.694" />
<gc-end id="4898" type="partial gc" contextid="4892" durationms="103.144" usertimems="43.499" systemtimems="46.220" timestamp="2019-08-11T06:21:36.694" activeThreads="16">
  <mem-info id="4899" free="293601280" total="488636416" percent="60">
    <mem type="eden" free="804808" total="2097152" percent="38" />
    <remembered-set count="58240" freebytes="19301760" totalbytes="19534720" percent="98" regionsoverflowed="0" regionsstable="7" regionsrebuilding="0"/>
  </mem-info>
</gc-end>
<cycle-end id="4900" type="partial gc" contextid="4892" timestamp="2019-08-11T06:21:36.694" />
  <attribute name="elasticGC enabled" value="1" />
  <attribute name= "numThreadsSpecified" value="16" />
  <attribute name="heapSize specified" value="0" />
  <attribute name="Current GC Util" value="25" />
  <attribute name= "Current Time Running" value="207787" />
  <attribute name ="GC Interval" value="0" />
  <attribute name="ProportionalT" value="-27.500000" />
  <attribute name="ProportionalI" value="-27.500000" />
  <attribute name="ProportionalH" value="-27.500000" />
  <attribute name="Current Error" value="-55.000000" />
  <attribute name="IntegralT" value="-82.500000" />
  <attribute name="IntegralI" value="-82.500000" />
  <attribute name="IntegralH" value="-82.500000" />
  <attribute name="DerivativeT" value="-18.333333" />
  <attribute name="DerivativeI" value="-18.333333" />
  <attribute name="DerivativeH" value="-18.333333" />
  <attribute name="Loop Time for DT" value="3.000000" />
  <attribute name="Output H" value="4202627072"/>
  <attribute name="Output I" value="200"/>
  <attribute name="Output T" value="16"/>
  <attribute name="Target GC Util Change" value ="80.000000" />
  <attribute name="Current GC Util Change" value="25.000000"/>
  <attribute name="GC Util currently" value="25" />
  <attribute name="CPU Util currently" value="463800903582" />
<exclusive-end id="4901" timestamp="2019-08-11T06:21:36.695" durationms="107.091" />

<exclusive-start id="4902" timestamp="2019-08-11T06:21:36.817" intervalms="229.167">
  <response-info timems="3.420" idlems="1.956" threads="4" lastid="000000000210B200" lastname="Thread-26" />
</exclusive-start>
<allocation-taxation id="4903" taxation-threshold="127926272" timestamp="2019-08-11T06:21:36.817" intervalms="229.118" />
<cycle-start id="4904" type="partial gc" contextid="0" timestamp="2019-08-11T06:21:36.818" intervalms="228.710" />
<gc-start id="4905" type="partial gc" contextid="4904" timestamp="2019-08-11T06:21:36.818">
  <mem-info id="4906" free="165675008" total="488636416" percent="33">
    <mem type="eden" free="0" total="127926272" percent="0" />
    <remembered-set count="57920" freebytes="19303040" totalbytes="19534720" percent="98" regionsoverflowed="0" regionsstable="7" regionsrebuilding="0"/>
  </mem-info>
</gc-start>
<allocation-stats totalBytes="127904416" >
  <allocated-bytes non-tlh="0" tlh="127904416" arrayletleaf="0"/>
  <largest-consumer threadName="Thread-29" threadId="0000000002125600" bytes="11487416" />
</allocation-stats>
<gc-op id="4907" type="copy forward" timems="84.557" contextid="4904" timestamp="2019-08-11T06:21:36.911">
  <memory-copied type="eden" objects="47241" bytes="1965048" bytesdiscarded="148168" />
  <memory-copied type="other" objects="58648" bytes="2506560" bytesdiscarded="130928" />
  <memory-cardclean objects="11642" bytes="592072" />
  <regions eden="61" other="6" />
  <remembered-set-cleared processed="37030" cleared="4737" durationms="10.789" />
  <stringconstants candidates="14612" cleared="0"  />
</gc-op>
<gc-op id="4908" type="classunload" timems="0.037" contextid="4904" timestamp="2019-08-11T06:21:36.911">
  <classunload-info classloadercandidates="54" classloadersunloaded="0" classesunloaded="0" anonymousclassesunloaded="0" quiescems="0.000" setupms="0.037" scanms="0.000" postms="0.000" />
</gc-op>
<heap-resize id="4909" type="expand" space="default" amount="10485760" count="1" timems="0.103" reason="excessive time being spent in gc" timestamp="2019-08-11T06:21:36.911" />
<gc-end id="4910" type="partial gc" contextid="4904" durationms="93.117" usertimems="46.012" systemtimems="55.288" timestamp="2019-08-11T06:21:36.911" activeThreads="16">
  <mem-info id="4911" free="299892736" total="499122176" percent="60">
    <mem type="eden" free="2081088" total="4194304" percent="49" />
    <remembered-set count="57632" freebytes="19723392" totalbytes="19953920" percent="98" regionsoverflowed="0" regionsstable="7" regionsrebuilding="0"/>
  </mem-info>
</gc-end>
<cycle-end id="4912" type="partial gc" contextid="4904" timestamp="2019-08-11T06:21:36.911" />
  <attribute name="elasticGC enabled" value="1" />
  <attribute name= "numThreadsSpecified" value="16" />
  <attribute name="heapSize specified" value="0" />
  <attribute name="Current GC Util" value="23" />
  <attribute name= "Current Time Running" value="208019" />
  <attribute name ="GC Interval" value="0" />
  <attribute name="ProportionalT" value="-28.500000" />
  <attribute name="ProportionalI" value="-28.500000" />
  <attribute name="ProportionalH" value="-28.500000" />
  <attribute name="Current Error" value="-57.000000" />
  <attribute name="IntegralT" value="-85.500000" />
  <attribute name="IntegralI" value="-85.500000" />
  <attribute name="IntegralH" value="-85.500000" />
  <attribute name="DerivativeT" value="-19.000000" />
  <attribute name="DerivativeI" value="-19.000000" />
  <attribute name="DerivativeH" value="-19.000000" />
  <attribute name="Loop Time for DT" value="3.000000" />
  <attribute name="Output H" value="4202627072"/>
  <attribute name="Output I" value="200"/>
  <attribute name="Output T" value="16"/>
  <attribute name="Target GC Util Change" value ="80.000000" />
  <attribute name="Current GC Util Change" value="23.000000"/>
  <attribute name="GC Util currently" value="23" />
  <attribute name="CPU Util currently" value="417985927199" />
<exclusive-end id="4913" timestamp="2019-08-11T06:21:36.911" durationms="94.288" />

<exclusive-start id="4914" timestamp="2019-08-11T06:21:37.022" intervalms="204.764">
  <response-info timems="5.136" idlems="5.136" threads="0" lastid="0000000002121A00" lastname="Thread-30" />
</exclusive-start>
<allocation-taxation id="4915" taxation-threshold="132120576" timestamp="2019-08-11T06:21:37.022" intervalms="204.802" />
<cycle-start id="4916" type="partial gc" contextid="0" timestamp="2019-08-11T06:21:37.022" intervalms="204.405" />
<gc-start id="4917" type="partial gc" contextid="4916" timestamp="2019-08-11T06:21:37.023">
  <mem-info id="4918" free="167772160" total="499122176" percent="33">
    <mem type="eden" free="0" total="132120576" percent="0" />
    <remembered-set count="57216" freebytes="19725056" totalbytes="19953920" percent="98" regionsoverflowed="0" regionsstable="7" regionsrebuilding="0"/>
  </mem-info>
</gc-start>
<allocation-stats totalBytes="132097808" >
  <allocated-bytes non-tlh="0" tlh="132097808" arrayletleaf="0"/>
  <largest-consumer threadName="Thread-34" threadId="000000000212CD00" bytes="14063336" />
</allocation-stats>
<gc-op id="4919" type="copy forward" timems="225.377" contextid="4916" timestamp="2019-08-11T06:21:37.252">
  <memory-copied type="eden" objects="53561" bytes="2115872" bytesdiscarded="207064" />
  <memory-copied type="other" objects="33275" bytes="1214808" bytesdiscarded="73272" />
  <memory-cardclean objects="29733" bytes="1600936" />
  <regions eden="63" other="4" />
  <remembered-set-cleared processed="38486" cleared="4270" durationms="1.175" />
  <stringconstants candidates="14612" cleared="0"  />
</gc-op>
<gc-op id="4920" type="classunload" timems="0.016" contextid="4916" timestamp="2019-08-11T06:21:37.252">
  <classunload-info classloadercandidates="54" classloadersunloaded="0" classesunloaded="0" anonymousclassesunloaded="0" quiescems="0.000" setupms="0.015" scanms="0.000" postms="0.000" />
</gc-op>
<heap-resize id="4921" type="expand" space="default" amount="4194304" count="1" timems="0.086" reason="excessive time being spent in gc" timestamp="2019-08-11T06:21:37.252" />
<gc-end id="4922" type="partial gc" contextid="4916" durationms="229.933" usertimems="81.747" systemtimems="109.229" timestamp="2019-08-11T06:21:37.252" activeThreads="16">
  <mem-info id="4923" free="301989888" total="503316480" percent="60">
    <mem type="eden" free="1871368" total="4194304" percent="44" />
    <remembered-set count="59744" freebytes="19882624" totalbytes="20121600" percent="98" regionsoverflowed="0" regionsstable="7" regionsrebuilding="0"/>
  </mem-info>
</gc-end>
<cycle-end id="4924" type="partial gc" contextid="4916" timestamp="2019-08-11T06:21:37.253" />
  <attribute name="elasticGC enabled" value="1" />
  <attribute name= "numThreadsSpecified" value="16" />
  <attribute name="heapSize specified" value="0" />
  <attribute name="Current GC Util" value="16" />
  <attribute name= "Current Time Running" value="208226" />
  <attribute name ="GC Interval" value="0" />
  <attribute name="ProportionalT" value="-32.000000" />
  <attribute name="ProportionalI" value="-32.000000" />
  <attribute name="ProportionalH" value="-32.000000" />
  <attribute name="Current Error" value="-64.000000" />
  <attribute name="IntegralT" value="-352.000000" />
  <attribute name="IntegralI" value="-352.000000" />
  <attribute name="IntegralH" value="-352.000000" />
  <attribute name="DerivativeT" value="-5.818182" />
  <attribute name="DerivativeI" value="-5.818182" />
  <attribute name="DerivativeH" value="-5.818182" />
  <attribute name="Loop Time for DT" value="11.000000" />
  <attribute name="Output H" value="4202627072"/>
  <attribute name="Output I" value="200"/>
  <attribute name="Output T" value="16"/>
  <attribute name="Target GC Util Change" value ="80.000000" />
  <attribute name="Current GC Util Change" value="16.000000"/>
  <attribute name="GC Util currently" value="16" />
  <attribute name="CPU Util currently" value="105872989381" />
<exclusive-end id="4925" timestamp="2019-08-11T06:21:37.253" durationms="230.951" />

<exclusive-start id="4926" timestamp="2019-08-11T06:21:37.364" intervalms="342.373">
  <response-info timems="1.587" idlems="1.587" threads="0" lastid="000000000211A200" lastname="Thread-31" />
</exclusive-start>
<allocation-taxation id="4927" taxation-threshold="132120576" timestamp="2019-08-11T06:21:37.364" intervalms="342.362" />
<cycle-start id="4928" type="partial gc" contextid="0" timestamp="2019-08-11T06:21:37.364" intervalms="342.320" />
<gc-start id="4929" type="partial gc" contextid="4928" timestamp="2019-08-11T06:21:37.365">
  <mem-info id="4930" free="169869312" total="503316480" percent="33">
    <mem type="eden" free="0" total="132120576" percent="0" />
    <remembered-set count="59520" freebytes="19883520" totalbytes="20121600" percent="98" regionsoverflowed="0" regionsstable="7" regionsrebuilding="0"/>
  </mem-info>
</gc-start>
<allocation-stats totalBytes="132097440" >
  <allocated-bytes non-tlh="0" tlh="132097440" arrayletleaf="0"/>
  <largest-consumer threadName="Thread-28" threadId="00000000020F0F00" bytes="13641432" />
</allocation-stats>
<gc-op id="4931" type="copy forward" timems="159.888" contextid="4928" timestamp="2019-08-11T06:21:37.527">
  <memory-copied type="eden" objects="60356" bytes="2417216" bytesdiscarded="195688" />
  <memory-copied type="other" objects="60722" bytes="2418960" bytesdiscarded="203336" />
  <memory-cardclean objects="21885" bytes="1091656" />
  <regions eden="63" other="7" />
  <remembered-set-cleared processed="38105" cleared="5416" durationms="0.568" />
  <stringconstants candidates="14612" cleared="0"  />
</gc-op>
<gc-op id="4932" type="classunload" timems="0.015" contextid="4928" timestamp="2019-08-11T06:21:37.527">
  <classunload-info classloadercandidates="54" classloadersunloaded="0" classesunloaded="0" anonymousclassesunloaded="0" quiescems="0.000" setupms="0.015" scanms="0.000" postms="0.000" />
</gc-op>
<heap-resize id="4933" type="expand" space="default" amount="6291456" count="1" timems="0.085" reason="excessive time being spent in gc" timestamp="2019-08-11T06:21:37.527" />
<gc-end id="4934" type="partial gc" contextid="4928" durationms="162.680" usertimems="51.230" systemtimems="89.415" timestamp="2019-08-11T06:21:37.527" activeThreads="16">
  <mem-info id="4935" free="306184192" total="509607936" percent="60">
    <mem type="eden" free="1581400" total="4194304" percent="37" />
    <remembered-set count="61376" freebytes="20127616" totalbytes="20373120" percent="98" regionsoverflowed="0" regionsstable="7" regionsrebuilding="0"/>
  </mem-info>
</gc-end>
<cycle-end id="4936" type="partial gc" contextid="4928" timestamp="2019-08-11T06:21:37.527" />
  <attribute name="elasticGC enabled" value="1" />
  <attribute name= "numThreadsSpecified" value="16" />
  <attribute name="heapSize specified" value="0" />
  <attribute name="Current GC Util" value="87" />
  <attribute name= "Current Time Running" value="208559" />
  <attribute name ="GC Interval" value="0" />
  <attribute name="ProportionalT" value="3.500000" />
  <attribute name="ProportionalI" value="3.500000" />
  <attribute name="ProportionalH" value="3.500000" />
  <attribute name="Current Error" value="7.000000" />
  <attribute name="IntegralT" value="3.500000" />
  <attribute name="IntegralI" value="3.500000" />
  <attribute name="IntegralH" value="3.500000" />
  <attribute name="DerivativeT" value="7.000000" />
  <attribute name="DerivativeI" value="7.000000" />
  <attribute name="DerivativeH" value="7.000000" />
  <attribute name="Loop Time for DT" value="1.000000" />
  <attribute name="Output H" value="8388608"/>
  <attribute name="Output I" value="200"/>
  <attribute name="Output T" value="16"/>
  <attribute name="Target GC Util Change" value ="80.000000" />
  <attribute name="Current GC Util Change" value="87.000000"/>
  <attribute name="GC Util currently" value="87" />
  <attribute name="CPU Util currently" value="643415471822" />
<exclusive-end id="4937" timestamp="2019-08-11T06:21:37.528" durationms="163.330" />

<exclusive-start id="4938" timestamp="2019-08-11T06:21:37.657" intervalms="292.292">
  <response-info timems="1.814" idlems="1.814" threads="0" lastid="0000000002116600" lastname="Thread-36" />
</exclusive-start>
<allocation-taxation id="4939" taxation-threshold="134217728" timestamp="2019-08-11T06:21:37.657" intervalms="292.558" />
<cycle-start id="4940" type="partial gc" contextid="0" timestamp="2019-08-11T06:21:37.657" intervalms="292.578" />
<gc-start id="4941" type="partial gc" contextid="4940" timestamp="2019-08-11T06:21:37.657">
  <mem-info id="4942" free="171966464" total="509607936" percent="33">
    <mem type="eden" free="0" total="134217728" percent="0" />
    <remembered-set count="61024" freebytes="20129024" totalbytes="20373120" percent="98" regionsoverflowed="0" regionsstable="7" regionsrebuilding="0"/>
  </mem-info>
</gc-start>
<allocation-stats totalBytes="134194288" >
  <allocated-bytes non-tlh="0" tlh="134194288" arrayletleaf="0"/>
  <largest-consumer threadName="Thread-30" threadId="0000000002121A00" bytes="13211488" />
</allocation-stats>
<gc-op id="4943" type="copy forward" timems="114.505" contextid="4940" timestamp="2019-08-11T06:21:37.774">
  <memory-copied type="eden" objects="61555" bytes="2720176" bytesdiscarded="330696" />
  <memory-copied type="other" objects="41683" bytes="1549896" bytesdiscarded="120072" />
  <memory-cardclean objects="21755" bytes="1137808" />
  <regions eden="64" other="7" />
  <remembered-set-cleared processed="38717" cleared="6040" durationms="0.613" />
  <stringconstants candidates="14612" cleared="0"  />
</gc-op>
<gc-op id="4944" type="classunload" timems="0.015" contextid="4940" timestamp="2019-08-11T06:21:37.774">
  <classunload-info classloadercandidates="54" classloadersunloaded="0" classesunloaded="0" anonymousclassesunloaded="0" quiescems="0.000" setupms="0.015" scanms="0.000" postms="0.000" />
</gc-op>
<heap-resize id="4945" type="expand" space="default" amount="4194304" count="1" timems="0.087" reason="excessive time being spent in gc" timestamp="2019-08-11T06:21:37.774" />
<gc-end id="4946" type="partial gc" contextid="4940" durationms="116.793" usertimems="46.657" systemtimems="41.224" timestamp="2019-08-11T06:21:37.774" activeThreads="16">
  <mem-info id="4947" free="308281344" total="513802240" percent="60">
    <mem type="eden" free="1143432" total="4194304" percent="27" />
    <remembered-set count="58400" freebytes="20307200" totalbytes="20540800" percent="98" regionsoverflowed="0" regionsstable="7" regionsrebuilding="0"/>
  </mem-info>
</gc-end>
<cycle-end id="4948" type="partial gc" contextid="4940" timestamp="2019-08-11T06:21:37.774" />
  <attribute name="elasticGC enabled" value="1" />
  <attribute name= "numThreadsSpecified" value="16" />
  <attribute name="heapSize specified" value="0" />
  <attribute name="Current GC Util" value="70" />
  <attribute name= "Current Time Running" value="208852" />
  <attribute name ="GC Interval" value="0" />
  <attribute name="ProportionalT" value="-5.000000" />
  <attribute name="ProportionalI" value="-5.000000" />
  <attribute name="ProportionalH" value="-5.000000" />
  <attribute name="Current Error" value="-10.000000" />
  <attribute name="IntegralT" value="-10.000000" />
  <attribute name="IntegralI" value="-10.000000" />
  <attribute name="IntegralH" value="-10.000000" />
  <attribute name="DerivativeT" value="-5.000000" />
  <attribute name="DerivativeI" value="-5.000000" />
  <attribute name="DerivativeH" value="-5.000000" />
  <attribute name="Loop Time for DT" value="2.000000" />
  <attribute name="Output H" value="4202627072"/>
  <attribute name="Output I" value="200"/>
  <attribute name="Output T" value="16"/>
  <attribute name="Target GC Util Change" value ="80.000000" />
  <attribute name="Current GC Util Change" value="70.000000"/>
  <attribute name="GC Util currently" value="70" />
  <attribute name="CPU Util currently" value="827523443568" />
<exclusive-end id="4949" timestamp="2019-08-11T06:21:37.774" durationms="117.854" />

<exclusive-start id="4950" timestamp="2019-08-11T06:21:37.879" intervalms="222.509">
  <response-info timems="0.526" idlems="0.175" threads="4" lastid="0000000002138100" lastname="Thread-22" />
</exclusive-start>
<allocation-taxation id="4951" taxation-threshold="134217728" timestamp="2019-08-11T06:21:37.879" intervalms="222.191" />
<cycle-start id="4952" type="partial gc" contextid="0" timestamp="2019-08-11T06:21:37.880" intervalms="222.483" />
<gc-start id="4953" type="partial gc" contextid="4952" timestamp="2019-08-11T06:21:37.880">
  <mem-info id="4954" free="174063616" total="513802240" percent="33">
    <mem type="eden" free="0" total="134217728" percent="0" />
    <remembered-set count="58240" freebytes="20307840" totalbytes="20540800" percent="98" regionsoverflowed="0" regionsstable="7" regionsrebuilding="0"/>
  </mem-info>
</gc-start>
<allocation-stats totalBytes="134193856" >
  <allocated-bytes non-tlh="0" tlh="134193856" arrayletleaf="0"/>
  <largest-consumer threadName="Thread-31" threadId="000000000211A200" bytes="14251600" />
</allocation-stats>
<gc-op id="4955" type="copy forward" timems="122.580" contextid="4952" timestamp="2019-08-11T06:21:38.006">
  <memory-copied type="eden" objects="51933" bytes="2076808" bytesdiscarded="141432" />
  <memory-copied type="other" objects="62355" bytes="2870280" bytesdiscarded="167208" />
  <memory-cardclean objects="4088" bytes="206520" />
  <regions eden="64" other="7" />
  <remembered-set-cleared processed="37418" cleared="5108" durationms="2.558" />
  <stringconstants candidates="14612" cleared="0"  />
</gc-op>
<gc-op id="4956" type="classunload" timems="0.013" contextid="4952" timestamp="2019-08-11T06:21:38.006">
  <classunload-info classloadercandidates="54" classloadersunloaded="0" classesunloaded="0" anonymousclassesunloaded="0" quiescems="0.000" setupms="0.013" scanms="0.000" postms="0.000" />
</gc-op>
<heap-resize id="4957" type="expand" space="default" amount="6291456" count="1" timems="0.126" reason="excessive time being spent in gc" timestamp="2019-08-11T06:21:38.006" />
<gc-end id="4958" type="partial gc" contextid="4952" durationms="126.083" usertimems="71.217" systemtimems="66.798" timestamp="2019-08-11T06:21:38.006" activeThreads="16">
  <mem-info id="4959" free="312475648" total="520093696" percent="60">
    <mem type="eden" free="1976064" total="4194304" percent="47" />
    <remembered-set count="56576" freebytes="20566016" totalbytes="20792320" percent="98" regionsoverflowed="0" regionsstable="7" regionsrebuilding="0"/>
  </mem-info>
</gc-end>
<cycle-end id="4960" type="partial gc" contextid="4952" timestamp="2019-08-11T06:21:38.006" />
  <attribute name="elasticGC enabled" value="1" />
  <attribute name= "numThreadsSpecified" value="16" />
  <attribute name="heapSize specified" value="0" />
  <attribute name="Current GC Util" value="143" />
  <attribute name= "Current Time Running" value="209075" />
  <attribute name ="GC Interval" value="0" />
  <attribute name="ProportionalT" value="31.500000" />
  <attribute name="ProportionalI" value="31.500000" />
  <attribute name="ProportionalH" value="31.500000" />
  <attribute name="Current Error" value="63.000000" />
  <attribute name="IntegralT" value="63.000000" />
  <attribute name="IntegralI" value="63.000000" />
  <attribute name="IntegralH" value="63.000000" />
  <attribute name="DerivativeT" value="31.500000" />
  <attribute name="DerivativeI" value="31.500000" />
  <attribute name="DerivativeH" value="31.500000" />
  <attribute name="Loop Time for DT" value="2.000000" />
  <attribute name="Output H" value="8388608"/>
  <attribute name="Output I" value="200"/>
  <attribute name="Output T" value="16"/>
  <attribute name="Target GC Util Change" value ="80.000000" />
  <attribute name="Current GC Util Change" value="143.000000"/>
  <attribute name="GC Util currently" value="143" />
  <attribute name="CPU Util currently" value="469869215826" />
<exclusive-end id="4961" timestamp="2019-08-11T06:21:38.006" durationms="127.231" />

<exclusive-start id="4962" timestamp="2019-08-11T06:21:38.111" intervalms="232.046">
  <response-info timems="7.714" idlems="7.714" threads="0" lastid="00000000020F4B00" lastname="Thread-21" />
</exclusive-start>
<allocation-taxation id="4963" taxation-threshold="136314880" timestamp="2019-08-11T06:21:38.111" intervalms="232.038" />
<cycle-start id="4964" type="partial gc" contextid="0" timestamp="2019-08-11T06:21:38.112" intervalms="232.401" />
<gc-start id="4965" type="partial gc" contextid="4964" timestamp="2019-08-11T06:21:38.112">
  <mem-info id="4966" free="176160768" total="520093696" percent="33">
    <mem type="eden" free="0" total="136314880" percent="0" />
    <remembered-set count="56160" freebytes="20567680" totalbytes="20792320" percent="98" regionsoverflowed="0" regionsstable="7" regionsrebuilding="0"/>
  </mem-info>
</gc-start>
<allocation-stats totalBytes="136290576" >
  <allocated-bytes non-tlh="0" tlh="136290576" arrayletleaf="0"/>
  <largest-consumer threadName="Thread-28" threadId="00000000020F0F00" bytes="15349040" />
</allocation-stats>
<gc-op id="4967" type="copy forward" timems="10.230" contextid="4964" timestamp="2019-08-11T06:21:38.124">
  <memory-copied type="eden" objects="54923" bytes="2284488" bytesdiscarded="102496" />
  <memory-copied type="other" objects="43931" bytes="2015976" bytesdiscarded="136432" />
  <memory-cardclean objects="4807" bytes="275056" />
  <regions eden="65" other="6" />
  <remembered-set-cleared processed="35652" cleared="2889" durationms="0.279" />
  <stringconstants candidates="14612" cleared="0"  />
</gc-op>
<gc-op id="4968" type="classunload" timems="0.023" contextid="4964" timestamp="2019-08-11T06:21:38.124">
  <classunload-info classloadercandidates="54" classloadersunloaded="0" classesunloaded="0" anonymousclassesunloaded="0" quiescems="0.000" setupms="0.023" scanms="0.000" postms="0.000" />
</gc-op>
<heap-resize id="4969" type="expand" space="default" amount="4194304" count="1" timems="0.136" reason="excessive time being spent in gc" timestamp="2019-08-11T06:21:38.124" />
<gc-end id="4970" type="partial gc" contextid="4964" durationms="12.223" usertimems="23.615" systemtimems="6.851" timestamp="2019-08-11T06:21:38.125" activeThreads="8">
  <mem-info id="4971" free="314572800" total="524288000" percent="60">
    <mem type="eden" free="1807320" total="4194304" percent="43" />
    <remembered-set count="57760" freebytes="20728960" totalbytes="20960000" percent="98" regionsoverflowed="0" regionsstable="7" regionsrebuilding="0"/>
  </mem-info>
</gc-end>
<cycle-end id="4972" type="partial gc" contextid="4964" timestamp="2019-08-11T06:21:38.125" />
  <attribute name="elasticGC enabled" value="1" />
  <attribute name= "numThreadsSpecified" value="8" />
  <attribute name="heapSize specified" value="0" />
  <attribute name="Current GC Util" value="83" />
  <attribute name= "Current Time Running" value="209306" />
  <attribute name ="GC Interval" value="0" />
  <attribute name="ProportionalT" value="1.500000" />
  <attribute name="ProportionalI" value="1.500000" />
  <attribute name="ProportionalH" value="1.500000" />
  <attribute name="Current Error" value="3.000000" />
  <attribute name="IntegralT" value="1.500000" />
  <attribute name="IntegralI" value="1.500000" />
  <attribute name="IntegralH" value="1.500000" />
  <attribute name="DerivativeT" value="3.000000" />
  <attribute name="DerivativeI" value="3.000000" />
  <attribute name="DerivativeH" value="3.000000" />
  <attribute name="Loop Time for DT" value="1.000000" />
  <attribute name="Output H" value="8388608"/>
  <attribute name="Output I" value="200"/>
  <attribute name="Output T" value="8"/>
  <attribute name="Target GC Util Change" value ="80.000000" />
  <attribute name="Current GC Util Change" value="83.000000"/>
  <attribute name="GC Util currently" value="83" />
  <attribute name="CPU Util currently" value="965599841745" />
<exclusive-end id="4973" timestamp="2019-08-11T06:21:38.128" durationms="17.316" />

<exclusive-start id="4974" timestamp="2019-08-11T06:21:38.370" intervalms="258.733">
  <response-info timems="10.136" idlems="10.136" threads="0" lastid="0000000002138100" lastname="Thread-22" />
</exclusive-start>
<allocation-taxation id="4975" taxation-threshold="138412032" timestamp="2019-08-11T06:21:38.370" intervalms="258.743" />
<cycle-start id="4976" type="partial gc" contextid="0" timestamp="2019-08-11T06:21:38.370" intervalms="258.176" />
<gc-start id="4977" type="partial gc" contextid="4976" timestamp="2019-08-11T06:21:38.370">
  <mem-info id="4978" free="176160768" total="524288000" percent="33">
    <mem type="eden" free="0" total="138412032" percent="0" />
    <remembered-set count="57280" freebytes="20730880" totalbytes="20960000" percent="98" regionsoverflowed="0" regionsstable="7" regionsrebuilding="0"/>
  </mem-info>
</gc-start>
<allocation-stats totalBytes="138386160" >
  <allocated-bytes non-tlh="0" tlh="138386160" arrayletleaf="0"/>
  <largest-consumer threadName="Thread-34" threadId="000000000212CD00" bytes="18731584" />
</allocation-stats>
<gc-op id="4979" type="copy forward" timems="25.829" contextid="4976" timestamp="2019-08-11T06:21:38.398">
  <memory-copied type="eden" objects="41976" bytes="1698648" bytesdiscarded="167672" />
  <memory-copied type="other" objects="70046" bytes="3192240" bytesdiscarded="213416" />
  <memory-cardclean objects="76" bytes="9952" />
  <regions eden="66" other="7" />
  <remembered-set-cleared processed="35129" cleared="2772" durationms="0.320" />
  <stringconstants candidates="14612" cleared="0"  />
</gc-op>
<gc-op id="4980" type="classunload" timems="0.012" contextid="4976" timestamp="2019-08-11T06:21:38.398">
  <classunload-info classloadercandidates="54" classloadersunloaded="0" classesunloaded="0" anonymousclassesunloaded="0" quiescems="0.000" setupms="0.012" scanms="0.000" postms="0.000" />
</gc-op>
<gc-end id="4981" type="partial gc" contextid="4976" durationms="27.866" usertimems="38.039" systemtimems="26.756" timestamp="2019-08-11T06:21:38.398" activeThreads="16">
  <mem-info id="4982" free="314572800" total="524288000" percent="60">
    <mem type="eden" free="230832" total="2097152" percent="11" />
    <remembered-set count="57632" freebytes="20729472" totalbytes="20960000" percent="98" regionsoverflowed="0" regionsstable="7" regionsrebuilding="0"/>
  </mem-info>
</gc-end>
<cycle-end id="4983" type="partial gc" contextid="4976" timestamp="2019-08-11T06:21:38.398" />
  <attribute name="elasticGC enabled" value="1" />
  <attribute name= "numThreadsSpecified" value="16" />
  <attribute name="heapSize specified" value="0" />
  <attribute name="Current GC Util" value="144" />
  <attribute name= "Current Time Running" value="209564" />
  <attribute name ="GC Interval" value="0" />
  <attribute name="ProportionalT" value="32.000000" />
  <attribute name="ProportionalI" value="32.000000" />
  <attribute name="ProportionalH" value="32.000000" />
  <attribute name="Current Error" value="64.000000" />
  <attribute name="IntegralT" value="32.000000" />
  <attribute name="IntegralI" value="32.000000" />
  <attribute name="IntegralH" value="32.000000" />
  <attribute name="DerivativeT" value="64.000000" />
  <attribute name="DerivativeI" value="64.000000" />
  <attribute name="DerivativeH" value="64.000000" />
  <attribute name="Loop Time for DT" value="1.000000" />
  <attribute name="Output H" value="8388608"/>
  <attribute name="Output I" value="200"/>
  <attribute name="Output T" value="16"/>
  <attribute name="Target GC Util Change" value ="80.000000" />
  <attribute name="Current GC Util Change" value="144.000000"/>
  <attribute name="GC Util currently" value="144" />
  <attribute name="CPU Util currently" value="1073513583166" />
<exclusive-end id="4984" timestamp="2019-08-11T06:21:38.399" durationms="28.726" />

<exclusive-start id="4985" timestamp="2019-08-11T06:21:38.624" intervalms="253.681">
  <response-info timems="8.375" idlems="4.268" threads="1" lastid="000000000213F900" lastname="Thread-23" />
</exclusive-start>
<allocation-taxation id="4986" taxation-threshold="138412032" timestamp="2019-08-11T06:21:38.624" intervalms="253.722" />
<cycle-start id="4987" type="partial gc" contextid="0" timestamp="2019-08-11T06:21:38.624" intervalms="253.675" />
<gc-start id="4988" type="partial gc" contextid="4987" timestamp="2019-08-11T06:21:38.624">
  <mem-info id="4989" free="176160768" total="524288000" percent="33">
    <mem type="eden" free="0" total="138412032" percent="0" />
    <remembered-set count="57152" freebytes="20731392" totalbytes="20960000" percent="98" regionsoverflowed="0" regionsstable="7" regionsrebuilding="0"/>
  </mem-info>
</gc-start>
<allocation-stats totalBytes="138386640" >
  <allocated-bytes non-tlh="0" tlh="138386640" arrayletleaf="0"/>
  <largest-consumer threadName="Thread-32" threadId="000000000213BD00" bytes="20848784" />
</allocation-stats>
<gc-op id="4990" type="copy forward" timems="12.805" contextid="4987" timestamp="2019-08-11T06:21:38.639">
  <memory-copied type="eden" objects="49130" bytes="2008552" bytesdiscarded="78136" />
  <memory-copied type="other" objects="53705" bytes="2387928" bytesdiscarded="164240" />
  <memory-cardclean objects="4287" bytes="250096" />
  <regions eden="66" other="6" />
  <remembered-set-cleared processed="35517" cleared="2279" durationms="0.333" />
  <stringconstants candidates="14612" cleared="0"  />
</gc-op>
<gc-op id="4991" type="classunload" timems="0.010" contextid="4987" timestamp="2019-08-11T06:21:38.639">
  <classunload-info classloadercandidates="54" classloadersunloaded="0" classesunloaded="0" anonymousclassesunloaded="0" quiescems="0.000" setupms="0.010" scanms="0.000" postms="0.000" />
</gc-op>
<heap-resize id="4992" type="expand" space="default" amount="10485760" count="1" timems="0.112" reason="excessive time being spent in gc" timestamp="2019-08-11T06:21:38.640" />
<gc-end id="4993" type="partial gc" contextid="4987" durationms="15.862" usertimems="29.419" systemtimems="5.694" timestamp="2019-08-11T06:21:38.640" activeThreads="8">
  <mem-info id="4994" free="320864256" total="534773760" percent="60">
    <mem type="eden" free="2107616" total="4194304" percent="50" />
    <remembered-set count="56832" freebytes="21151872" totalbytes="21379200" percent="98" regionsoverflowed="0" regionsstable="7" regionsrebuilding="0"/>
  </mem-info>
</gc-end>
<cycle-end id="4995" type="partial gc" contextid="4987" timestamp="2019-08-11T06:21:38.640" />
  <attribute name="elasticGC enabled" value="1" />
  <attribute name= "numThreadsSpecified" value="8" />
  <attribute name="heapSize specified" value="0" />
  <attribute name="Current GC Util" value="83" />
  <attribute name= "Current Time Running" value="209819" />
  <attribute name ="GC Interval" value="0" />
  <attribute name="ProportionalT" value="1.500000" />
  <attribute name="ProportionalI" value="1.500000" />
  <attribute name="ProportionalH" value="1.500000" />
  <attribute name="Current Error" value="3.000000" />
  <attribute name="IntegralT" value="1.500000" />
  <attribute name="IntegralI" value="1.500000" />
  <attribute name="IntegralH" value="1.500000" />
  <attribute name="DerivativeT" value="3.000000" />
  <attribute name="DerivativeI" value="3.000000" />
  <attribute name="DerivativeH" value="3.000000" />
  <attribute name="Loop Time for DT" value="1.000000" />
  <attribute name="Output H" value="8388608"/>
  <attribute name="Output I" value="200"/>
  <attribute name="Output T" value="8"/>
  <attribute name="Target GC Util Change" value ="80.000000" />
  <attribute name="Current GC Util Change" value="83.000000"/>
  <attribute name="GC Util currently" value="83" />
  <attribute name="CPU Util currently" value="910133310470" />
<exclusive-end id="4996" timestamp="2019-08-11T06:21:38.641" durationms="16.999" />

<exclusive-start id="4997" timestamp="2019-08-11T06:21:38.778" intervalms="154.154">
  <response-info timems="18.095" idlems="18.095" threads="0" lastid="000000000210B200" lastname="Thread-26" />
</exclusive-start>
<allocation-taxation id="4998" taxation-threshold="140509184" timestamp="2019-08-11T06:21:38.778" intervalms="154.636" />
<cycle-start id="4999" type="partial gc" contextid="0" timestamp="2019-08-11T06:21:38.783" intervalms="159.693" />
<gc-start id="5000" type="partial gc" contextid="4999" timestamp="2019-08-11T06:21:38.784">
  <mem-info id="5001" free="180355072" total="534773760" percent="33">
    <mem type="eden" free="0" total="140509184" percent="0" />
    <remembered-set count="56736" freebytes="21152256" totalbytes="21379200" percent="98" regionsoverflowed="0" regionsstable="7" regionsrebuilding="0"/>
  </mem-info>
</gc-start>
<allocation-stats totalBytes="140483768" >
  <allocated-bytes non-tlh="0" tlh="140483768" arrayletleaf="0"/>
  <largest-consumer threadName="Thread-34" threadId="000000000212CD00" bytes="18043832" />
</allocation-stats>
<gc-op id="5002" type="copy forward" timems="10.708" contextid="4999" timestamp="2019-08-11T06:21:38.849">
  <memory-copied type="eden" objects="33143" bytes="1351088" bytesdiscarded="161584" />
  <memory-copied type="other" objects="73500" bytes="3412512" bytesdiscarded="256504" />
  <memory-cardclean objects="76" bytes="9952" />
  <regions eden="67" other="8" />
  <remembered-set-cleared processed="35763" cleared="3406" durationms="0.250" />
  <stringconstants candidates="14612" cleared="0"  />
</gc-op>
<gc-op id="5003" type="classunload" timems="0.011" contextid="4999" timestamp="2019-08-11T06:21:38.849">
  <classunload-info classloadercandidates="54" classloadersunloaded="0" classesunloaded="0" anonymousclassesunloaded="0" quiescems="0.000" setupms="0.010" scanms="0.000" postms="0.000" />
</gc-op>
<gc-end id="5004" type="partial gc" contextid="4999" durationms="65.046" usertimems="36.067" systemtimems="33.439" timestamp="2019-08-11T06:21:38.849" activeThreads="16">
  <mem-info id="5005" free="320864256" total="534773760" percent="60">
    <mem type="eden" free="584480" total="2097152" percent="27" />
    <remembered-set count="58656" freebytes="21144576" totalbytes="21379200" percent="98" regionsoverflowed="0" regionsstable="7" regionsrebuilding="0"/>
  </mem-info>
</gc-end>
<cycle-end id="5006" type="partial gc" contextid="4999" timestamp="2019-08-11T06:21:38.849" />
  <attribute name="elasticGC enabled" value="1" />
  <attribute name= "numThreadsSpecified" value="16" />
  <attribute name="heapSize specified" value="0" />
  <attribute name="Current GC Util" value="3" />
  <attribute name= "Current Time Running" value="210031" />
  <attribute name ="GC Interval" value="0" />
  <attribute name="ProportionalT" value="-38.500000" />
  <attribute name="ProportionalI" value="-38.500000" />
  <attribute name="ProportionalH" value="-38.500000" />
  <attribute name="Current Error" value="-77.000000" />
  <attribute name="IntegralT" value="-2079.000000" />
  <attribute name="IntegralI" value="-2079.000000" />
  <attribute name="IntegralH" value="-2079.000000" />
  <attribute name="DerivativeT" value="-1.425926" />
  <attribute name="DerivativeI" value="-1.425926" />
  <attribute name="DerivativeH" value="-1.425926" />
  <attribute name="Loop Time for DT" value="54.000000" />
  <attribute name="Output H" value="4202627072"/>
  <attribute name="Output I" value="200"/>
  <attribute name="Output T" value="16"/>
  <attribute name="Target GC Util Change" value ="80.000000" />
  <attribute name="Current GC Util Change" value="3.000000"/>
  <attribute name="GC Util currently" value="3" />
  <attribute name="CPU Util currently" value="21470663127" />
<exclusive-end id="5007" timestamp="2019-08-11T06:21:38.849" durationms="71.737" />

<exclusive-start id="5008" timestamp="2019-08-11T06:21:39.052" intervalms="274.401">
  <response-info timems="1.195" idlems="1.195" threads="0" lastid="0000000002112A00" lastname="Thread-25" />
</exclusive-start>
<allocation-taxation id="5009" taxation-threshold="140509184" timestamp="2019-08-11T06:21:39.052" intervalms="273.879" />
<cycle-start id="5010" type="partial gc" contextid="0" timestamp="2019-08-11T06:21:39.052" intervalms="268.805" />
<gc-start id="5011" type="partial gc" contextid="5010" timestamp="2019-08-11T06:21:39.053">
  <mem-info id="5012" free="180355072" total="534773760" percent="33">
    <mem type="eden" free="0" total="140509184" percent="0" />
    <remembered-set count="58400" freebytes="21145600" totalbytes="21379200" percent="98" regionsoverflowed="0" regionsstable="7" regionsrebuilding="0"/>
  </mem-info>
</gc-start>
<allocation-stats totalBytes="140484208" >
  <allocated-bytes non-tlh="0" tlh="140484208" arrayletleaf="0"/>
  <largest-consumer threadName="Thread-31" threadId="000000000211A200" bytes="15103344" />
</allocation-stats>
<gc-op id="5013" type="copy forward" timems="191.017" contextid="5010" timestamp="2019-08-11T06:21:39.246">
  <memory-copied type="eden" objects="10723" bytes="261152" bytesdiscarded="37008" />
  <memory-copied type="other" objects="36685" bytes="1567320" bytesdiscarded="121376" />
  <memory-cardclean objects="12173" bytes="665776" />
  <regions eden="67" other="4" />
  <remembered-set-cleared processed="36348" cleared="2241" durationms="0.655" />
  <stringconstants candidates="14612" cleared="0"  />
</gc-op>
<gc-op id="5014" type="classunload" timems="0.016" contextid="5010" timestamp="2019-08-11T06:21:39.246">
  <classunload-info classloadercandidates="54" classloadersunloaded="0" classesunloaded="0" anonymousclassesunloaded="0" quiescems="0.000" setupms="0.015" scanms="0.000" postms="0.000" />
</gc-op>
<heap-resize id="5015" type="expand" space="default" amount="10485760" count="1" timems="0.109" reason="excessive time being spent in gc" timestamp="2019-08-11T06:21:39.246" />
<gc-end id="5016" type="partial gc" contextid="5010" durationms="193.451" usertimems="51.102" systemtimems="96.095" timestamp="2019-08-11T06:21:39.246" activeThreads="16">
  <mem-info id="5017" free="327155712" total="545259520" percent="60">
    <mem type="eden" free="3896144" total="4194304" percent="92" />
    <remembered-set count="57120" freebytes="21569920" totalbytes="21798400" percent="98" regionsoverflowed="0" regionsstable="7" regionsrebuilding="0"/>
  </mem-info>
</gc-end>
<cycle-end id="5018" type="partial gc" contextid="5010" timestamp="2019-08-11T06:21:39.246" />
  <attribute name="elasticGC enabled" value="1" />
  <attribute name= "numThreadsSpecified" value="16" />
  <attribute name="heapSize specified" value="0" />
  <attribute name="Current GC Util" value="75" />
  <attribute name= "Current Time Running" value="210247" />
  <attribute name ="GC Interval" value="0" />
  <attribute name="ProportionalT" value="-2.500000" />
  <attribute name="ProportionalI" value="-2.500000" />
  <attribute name="ProportionalH" value="-2.500000" />
  <attribute name="Current Error" value="-5.000000" />
  <attribute name="IntegralT" value="-2.500000" />
  <attribute name="IntegralI" value="-2.500000" />
  <attribute name="IntegralH" value="-2.500000" />
  <attribute name="DerivativeT" value="-5.000000" />
  <attribute name="DerivativeI" value="-5.000000" />
  <attribute name="DerivativeH" value="-5.000000" />
  <attribute name="Loop Time for DT" value="1.000000" />
  <attribute name="Output H" value="4202627072"/>
  <attribute name="Output I" value="200"/>
  <attribute name="Output T" value="16"/>
  <attribute name="Target GC Util Change" value ="80.000000" />
  <attribute name="Current GC Util Change" value="75.000000"/>
  <attribute name="GC Util currently" value="75" />
  <attribute name="CPU Util currently" value="781456714202" />
<exclusive-end id="5019" timestamp="2019-08-11T06:21:39.247" durationms="194.714" />

<exclusive-start id="5020" timestamp="2019-08-11T06:21:39.421" intervalms="368.454">
  <response-info timems="0.018" idlems="0.018" threads="0" lastid="00000000020E9700" lastname="Thread-24" />
</exclusive-start>
<allocation-taxation id="5021" taxation-threshold="142606336" timestamp="2019-08-11T06:21:39.421" intervalms="368.468" />
<cycle-start id="5022" type="partial gc" contextid="0" timestamp="2019-08-11T06:21:39.421" intervalms="368.649" />
<gc-start id="5023" type="partial gc" contextid="5022" timestamp="2019-08-11T06:21:39.421">
  <mem-info id="5024" free="184549376" total="545259520" percent="33">
    <mem type="eden" free="0" total="142606336" percent="0" />
    <remembered-set count="56640" freebytes="21571840" totalbytes="21798400" percent="98" regionsoverflowed="0" regionsstable="7" regionsrebuilding="0"/>
  </mem-info>
</gc-start>
<allocation-stats totalBytes="142581744" >
  <allocated-bytes non-tlh="0" tlh="142581744" arrayletleaf="0"/>
  <largest-consumer threadName="Thread-24" threadId="00000000020E9700" bytes="27790576" />
</allocation-stats>
<gc-op id="5025" type="copy forward" timems="12.377" contextid="5022" timestamp="2019-08-11T06:21:39.435">
  <memory-copied type="eden" objects="10004" bytes="241240" bytesdiscarded="12080" />
  <memory-copied type="other" objects="19799" bytes="749928" bytesdiscarded="75872" />
  <memory-cardclean objects="13868" bytes="714568" />
  <regions eden="68" other="8" />
  <remembered-set-cleared processed="35996" cleared="3531" durationms="0.248" />
  <stringconstants candidates="14612" cleared="0"  />
</gc-op>
<gc-op id="5026" type="classunload" timems="0.014" contextid="5022" timestamp="2019-08-11T06:21:39.435">
  <classunload-info classloadercandidates="54" classloadersunloaded="0" classesunloaded="0" anonymousclassesunloaded="0" quiescems="0.000" setupms="0.013" scanms="0.000" postms="0.000" />
</gc-op>
<gc-end id="5027" type="partial gc" contextid="5022" durationms="14.164" usertimems="13.931" systemtimems="15.270" timestamp="2019-08-11T06:21:39.435" activeThreads="16">
  <mem-info id="5028" free="327155712" total="545259520" percent="60">
    <mem type="eden" free="1843832" total="2097152" percent="87" />
    <remembered-set count="56256" freebytes="21573376" totalbytes="21798400" percent="98" regionsoverflowed="0" regionsstable="7" regionsrebuilding="0"/>
  </mem-info>
</gc-end>
<cycle-end id="5029" type="partial gc" contextid="5022" timestamp="2019-08-11T06:21:39.435" />
  <attribute name="elasticGC enabled" value="1" />
  <attribute name= "numThreadsSpecified" value="16" />
  <attribute name="heapSize specified" value="0" />
  <attribute name="Current GC Util" value="166" />
  <attribute name= "Current Time Running" value="210615" />
  <attribute name ="GC Interval" value="0" />
  <attribute name="ProportionalT" value="43.000000" />
  <attribute name="ProportionalI" value="43.000000" />
  <attribute name="ProportionalH" value="43.000000" />
  <attribute name="Current Error" value="86.000000" />
  <attribute name="IntegralT" value="43.000000" />
  <attribute name="IntegralI" value="43.000000" />
  <attribute name="IntegralH" value="43.000000" />
  <attribute name="DerivativeT" value="86.000000" />
  <attribute name="DerivativeI" value="86.000000" />
  <attribute name="DerivativeH" value="86.000000" />
  <attribute name="Loop Time for DT" value="1.000000" />
  <attribute name="Output H" value="8388608"/>
  <attribute name="Output I" value="200"/>
  <attribute name="Output T" value="16"/>
  <attribute name="Target GC Util Change" value ="80.000000" />
  <attribute name="Current GC Util Change" value="166.000000"/>
  <attribute name="GC Util currently" value="166" />
  <attribute name="CPU Util currently" value="1915457250418" />
<exclusive-end id="5030" timestamp="2019-08-11T06:21:39.436" durationms="15.400" />

===== DaCapo 9.12-MR1 sunflow PASSED in 20880 msec =====
Using scaled threading model. 16 processors detected, 16 threads used to drive the workload, in a possible range of [1,1000]
<exclusive-start id="5031" timestamp="2019-08-11T06:21:39.820" intervalms="399.460">
  <response-info timems="0.467" idlems="0.249" threads="1" lastid="00000000020F8700" lastname="Thread-39" />
</exclusive-start>
<sys-start reason="explicit" id="5032" timestamp="2019-08-11T06:21:39.820" intervalms="21296.657" />
<cycle-start id="5033" type="global garbage collect" contextid="0" timestamp="2019-08-11T06:21:39.821" intervalms="27919.093" />
<gc-start id="5034" type="global garbage collect" contextid="5033" timestamp="2019-08-11T06:21:39.821">
  <mem-info id="5035" free="299053328" total="545259520" percent="54">
    <mem type="eden" free="1257744" total="29360128" percent="4" />
    <remembered-set count="56256" freebytes="21573376" totalbytes="21798400" percent="98" regionsoverflowed="0" regionsstable="7" regionsrebuilding="0"/>
  </mem-info>
</gc-start>
<allocation-stats totalBytes="28089808" >
  <allocated-bytes non-tlh="543312" tlh="27546496" arrayletleaf="0"/>
  <largest-consumer threadName="main" threadId="0000000001E02F00" bytes="11265752" />
</allocation-stats>
<gc-op id="5036" type="global mark" timems="28.780" contextid="5033" timestamp="2019-08-11T06:21:39.850">
  <trace-info objectcount="632427" scancount="543994" scanbytes="14366076" />
  <finalization candidates="154" enqueued="1" />
  <ownableSynchronizers candidates="23" cleared="1" />
  <references type="soft" candidates="1993" cleared="0" enqueued="0" dynamicThreshold="19" maxThreshold="32" />
  <references type="weak" candidates="6366" cleared="93" enqueued="93" />
  <references type="phantom" candidates="882" cleared="10" enqueued="10" />
  <stringconstants candidates="15610" cleared="22"  />
</gc-op>
<gc-op id="5037" type="classunload" timems="0.016" contextid="5033" timestamp="2019-08-11T06:21:39.850">
  <classunload-info classloadercandidates="67" classloadersunloaded="0" classesunloaded="0" anonymousclassesunloaded="0" quiescems="0.000" setupms="0.015" scanms="0.000" postms="0.000" />
</gc-op>
<gc-op id="5038" type="sweep" timems="10.524" contextid="5033" timestamp="2019-08-11T06:21:39.861" />
<gc-op id="5039" type="compact" timems="86.740" contextid="5033" timestamp="2019-08-11T06:21:39.948">
  <compact-info movecount="632317" movebytes="22613800" />
  <remembered-set-cleared processed="123890" cleared="123890" durationms="1.720" />
</gc-op>
<gc-end id="5040" type="global garbage collect" contextid="5033" durationms="127.209" usertimems="244.550" systemtimems="0.000" timestamp="2019-08-11T06:21:39.948" activeThreads="16">
  <mem-info id="5041" free="520093696" total="545259520" percent="95">
    <pending-finalizers system="1" default="0" reference="103" classloader="0" />
    <remembered-set count="53248" freebytes="21585408" totalbytes="21798400" percent="99" regionsoverflowed="0" regionsstable="0" regionsrebuilding="0"/>
  </mem-info>
</gc-end>
<cycle-end id="5042" type="global garbage collect" contextid="5033" timestamp="2019-08-11T06:21:39.949" />
  <attribute name="elasticGC enabled" value="1" />
  <attribute name= "numThreadsSpecified" value="16" />
  <attribute name="heapSize specified" value="0" />
  <attribute name="Current GC Util" value="59" />
  <attribute name= "Current Time Running" value="211054" />
  <attribute name ="GC Interval" value="0" />
  <attribute name="ProportionalT" value="-10.500000" />
  <attribute name="ProportionalI" value="-10.500000" />
  <attribute name="ProportionalH" value="-10.500000" />
  <attribute name="Current Error" value="-21.000000" />
  <attribute name="IntegralT" value="-115.500000" />
  <attribute name="IntegralI" value="-115.500000" />
  <attribute name="IntegralH" value="-115.500000" />
  <attribute name="DerivativeT" value="-15.727273" />
  <attribute name="DerivativeI" value="-15.727273" />
  <attribute name="DerivativeH" value="-15.727273" />
  <attribute name="Loop Time for DT" value="11.000000" />
  <attribute name="Output H" value="4202627072"/>
  <attribute name="Output I" value="200"/>
  <attribute name="Output T" value="16"/>
  <attribute name="Target GC Util Change" value ="80.000000" />
  <attribute name="Current GC Util Change" value="59.000000"/>
  <attribute name="GC Util currently" value="59" />
  <attribute name="CPU Util currently" value="107820752891" />
<sys-end id="5043" timestamp="2019-08-11T06:21:39.949" />
<exclusive-end id="5044" timestamp="2019-08-11T06:21:39.949" durationms="128.905" />

===== DaCapo 9.12-MR1 xalan starting =====
<exclusive-start id="5045" timestamp="2019-08-11T06:21:41.717" intervalms="1896.975">
  <response-info timems="0.473" idlems="0.164" threads="2" lastid="00000000020ED300" lastname="Thread-43" />
</exclusive-start>
<allocation-taxation id="5046" taxation-threshold="142606336" timestamp="2019-08-11T06:21:41.717" intervalms="2296.429" />
<cycle-start id="5047" type="partial gc" contextid="0" timestamp="2019-08-11T06:21:41.717" intervalms="2296.285" />
<gc-start id="5048" type="partial gc" contextid="5047" timestamp="2019-08-11T06:21:41.718">
  <mem-info id="5049" free="377487360" total="545259520" percent="69">
    <mem type="eden" free="0" total="142606336" percent="0" />
    <remembered-set count="53120" freebytes="21585920" totalbytes="21798400" percent="99" regionsoverflowed="0" regionsstable="0" regionsrebuilding="0"/>
  </mem-info>
</gc-start>
<allocation-stats totalBytes="142405832" >
  <allocated-bytes non-tlh="1375696" tlh="141030136" arrayletleaf="0"/>
  <largest-consumer threadName="Thread-38" threadId="00000000020FFF00" bytes="12803616" />
</allocation-stats>
<gc-op id="5050" type="copy forward" timems="16.258" contextid="5047" timestamp="2019-08-11T06:21:41.735">
  <memory-copied type="eden" objects="35229" bytes="3851344" bytesdiscarded="0" />
  <memory-copied type="other" objects="0" bytes="0" bytesdiscarded="0" />
  <memory-cardclean objects="2152" bytes="144400" />
  <regions eden="68" other="0" />
  <remembered-set-cleared processed="47930" cleared="407" durationms="0.939" />
  <finalization candidates="5" enqueued="4" />
  <references type="soft" candidates="25" cleared="0" enqueued="0" dynamicThreshold="30" maxThreshold="32" />
  <references type="weak" candidates="94" cleared="0" enqueued="0" />
  <references type="phantom" candidates="27" cleared="0" enqueued="0" />
  <stringconstants candidates="15968" cleared="2"  />
</gc-op>
<gc-op id="5051" type="classunload" timems="0.747" contextid="5047" timestamp="2019-08-11T06:21:41.736">
  <classunload-info classloadercandidates="70" classloadersunloaded="2" classesunloaded="2" anonymousclassesunloaded="0" quiescems="0.000" setupms="0.712" scanms="0.026" postms="0.008" />
</gc-op>
<heap-resize id="5052" type="contract" space="default" amount="27262976" count="1" timems="0.381" reason="excess free space following gc" timestamp="2019-08-11T06:21:41.737" />
<gc-end id="5053" type="partial gc" contextid="5047" durationms="19.478" usertimems="26.404" systemtimems="0.000" timestamp="2019-08-11T06:21:41.737" activeThreads="1">
  <mem-info id="5054" free="488636416" total="517996544" percent="94">
    <mem type="eden" free="342272" total="4194304" percent="8" />
    <pending-finalizers system="4" default="0" reference="0" classloader="0" />
    <remembered-set count="56288" freebytes="21573248" totalbytes="21798400" percent="98" regionsoverflowed="0" regionsstable="0" regionsrebuilding="0"/>
  </mem-info>
</gc-end>
<cycle-end id="5055" type="partial gc" contextid="5047" timestamp="2019-08-11T06:21:41.738" />
  <attribute name="elasticGC enabled" value="1" />
  <attribute name= "numThreadsSpecified" value="1" />
  <attribute name="heapSize specified" value="0" />
  <attribute name="Current GC Util" value="84" />
  <attribute name= "Current Time Running" value="212911" />
  <attribute name ="GC Interval" value="0" />
  <attribute name="ProportionalT" value="2.000000" />
  <attribute name="ProportionalI" value="2.000000" />
  <attribute name="ProportionalH" value="2.000000" />
  <attribute name="Current Error" value="4.000000" />
  <attribute name="IntegralT" value="0.000000" />
  <attribute name="IntegralI" value="0.000000" />
  <attribute name="IntegralH" value="0.000000" />
  <attribute name="DerivativeT" value="inf" />
  <attribute name="DerivativeI" value="inf" />
  <attribute name="DerivativeH" value="inf" />
  <attribute name="Loop Time for DT" value="0.000000" />
  <attribute name="Output H" value="8388608"/>
  <attribute name="Output I" value="200"/>
  <attribute name="Output T" value="1"/>
  <attribute name="Target GC Util Change" value ="80.000000" />
  <attribute name="Current GC Util Change" value="84.000000"/>
  <attribute name="GC Util currently" value="84" />
  <attribute name="CPU Util currently" value="1196664244136" />
<exclusive-end id="5056" timestamp="2019-08-11T06:21:41.738" durationms="21.198" />

<exclusive-start id="5057" timestamp="2019-08-11T06:21:42.733" intervalms="1016.459">
  <response-info timems="9.132" idlems="4.582" threads="1" lastid="00000000020F0F00" lastname="Thread-49" />
</exclusive-start>
<allocation-taxation id="5058" taxation-threshold="136314880" timestamp="2019-08-11T06:21:42.734" intervalms="1016.455" />
<cycle-start id="5059" type="partial gc" contextid="0" timestamp="2019-08-11T06:21:42.734" intervalms="1016.398" />
<gc-start id="5060" type="partial gc" contextid="5059" timestamp="2019-08-11T06:21:42.734">
  <mem-info id="5061" free="352321536" total="517996544" percent="68">
    <mem type="eden" free="0" total="136314880" percent="0" />
    <remembered-set count="7840" freebytes="21767040" totalbytes="21798400" percent="99" regionsoverflowed="0" regionsstable="10" regionsrebuilding="0"/>
  </mem-info>
</gc-start>
<allocation-stats totalBytes="136132200" >
  <allocated-bytes non-tlh="73752" tlh="136058448" arrayletleaf="0"/>
  <largest-consumer threadName="Thread-49" threadId="00000000020F0F00" bytes="13166464" />
</allocation-stats>
<gc-op id="5062" type="copy forward" timems="21.605" contextid="5059" timestamp="2019-08-11T06:21:42.762">
  <memory-copied type="eden" objects="10225" bytes="3892648" bytesdiscarded="1085744" />
  <memory-copied type="other" objects="28446" bytes="1051624" bytesdiscarded="63184" />
  <memory-cardclean objects="5756" bytes="421936" />
  <regions eden="65" other="2" />
  <remembered-set-cleared processed="2634" cleared="500" durationms="0.111" />
  <finalization candidates="1" enqueued="0" />
  <references type="soft" candidates="25" cleared="0" enqueued="0" dynamicThreshold="30" maxThreshold="32" />
  <references type="weak" candidates="94" cleared="0" enqueued="0" />
  <references type="phantom" candidates="28" cleared="0" enqueued="0" />
  <stringconstants candidates="15966" cleared="0"  />
</gc-op>
<gc-op id="5063" type="classunload" timems="0.021" contextid="5059" timestamp="2019-08-11T06:21:42.762">
  <classunload-info classloadercandidates="68" classloadersunloaded="0" classesunloaded="0" anonymousclassesunloaded="0" quiescems="0.000" setupms="0.021" scanms="0.000" postms="0.000" />
</gc-op>
<heap-resize id="5064" type="contract" space="default" amount="27262976" count="1" timems="0.200" reason="excess free space following gc" timestamp="2019-08-11T06:21:42.763" />
<gc-end id="5065" type="partial gc" contextid="5059" durationms="28.488" usertimems="46.227" systemtimems="14.292" timestamp="2019-08-11T06:21:42.763" activeThreads="16">
  <mem-info id="5066" free="455081984" total="490733568" percent="92">
    <mem type="eden" free="3409960" total="8388608" percent="40" />
    <remembered-set count="10624" freebytes="20665984" totalbytes="20708480" percent="99" regionsoverflowed="0" regionsstable="10" regionsrebuilding="0"/>
  </mem-info>
</gc-end>
<cycle-end id="5067" type="partial gc" contextid="5059" timestamp="2019-08-11T06:21:42.764" />
  <attribute name="elasticGC enabled" value="1" />
  <attribute name= "numThreadsSpecified" value="16" />
  <attribute name="heapSize specified" value="0" />
  <attribute name="Current GC Util" value="58" />
  <attribute name= "Current Time Running" value="213931" />
  <attribute name ="GC Interval" value="0" />
  <attribute name="ProportionalT" value="-11.000000" />
  <attribute name="ProportionalI" value="-11.000000" />
  <attribute name="ProportionalH" value="-11.000000" />
  <attribute name="Current Error" value="-22.000000" />
  <attribute name="IntegralT" value="-33.000000" />
  <attribute name="IntegralI" value="-33.000000" />
  <attribute name="IntegralH" value="-33.000000" />
  <attribute name="DerivativeT" value="-7.333333" />
  <attribute name="DerivativeI" value="-7.333333" />
  <attribute name="DerivativeH" value="-7.333333" />
  <attribute name="Loop Time for DT" value="3.000000" />
  <attribute name="Output H" value="4202627072"/>
  <attribute name="Output I" value="200"/>
  <attribute name="Output T" value="16"/>
  <attribute name="Target GC Util Change" value ="80.000000" />
  <attribute name="Current GC Util Change" value="58.000000"/>
  <attribute name="GC Util currently" value="58" />
  <attribute name="CPU Util currently" value="316857988812" />
<exclusive-end id="5068" timestamp="2019-08-11T06:21:42.764" durationms="30.732" />

<exclusive-start id="5069" timestamp="2019-08-11T06:21:43.509" intervalms="775.726">
  <response-info timems="7.009" idlems="4.976" threads="6" lastid="00000000020FFF00" lastname="Thread-38" />
</exclusive-start>
<allocation-taxation id="5070" taxation-threshold="130023424" timestamp="2019-08-11T06:21:43.509" intervalms="775.740" />
<cycle-start id="5071" type="partial gc" contextid="0" timestamp="2019-08-11T06:21:43.510" intervalms="776.649" />
<gc-start id="5072" type="partial gc" contextid="5071" timestamp="2019-08-11T06:21:43.511">
  <mem-info id="5073" free="325058560" total="490733568" percent="66">
    <mem type="eden" free="0" total="130023424" percent="0" />
    <remembered-set count="10432" freebytes="20666752" totalbytes="20708480" percent="99" regionsoverflowed="0" regionsstable="10" regionsrebuilding="0"/>
  </mem-info>
</gc-start>
<allocation-stats totalBytes="129820992" >
  <allocated-bytes non-tlh="40984" tlh="129780008" arrayletleaf="0"/>
  <largest-consumer threadName="Thread-47" threadId="0000000002147100" bytes="16778256" />
</allocation-stats>
<gc-op id="5074" type="copy forward" timems="279.343" contextid="5071" timestamp="2019-08-11T06:21:43.793">
  <memory-copied type="eden" objects="8038" bytes="3421056" bytesdiscarded="136240" />
  <memory-copied type="other" objects="28405" bytes="1053984" bytesdiscarded="45584" />
  <memory-cardclean objects="689" bytes="78568" />
  <regions eden="62" other="5" />
  <remembered-set-cleared processed="3689" cleared="989" durationms="4.154" />
  <finalization candidates="1" enqueued="0" />
  <references type="soft" candidates="25" cleared="0" enqueued="0" dynamicThreshold="29" maxThreshold="32" />
  <references type="weak" candidates="96" cleared="0" enqueued="0" />
  <references type="phantom" candidates="34" cleared="0" enqueued="0" />
  <stringconstants candidates="15966" cleared="0"  />
</gc-op>
<gc-op id="5075" type="classunload" timems="0.016" contextid="5071" timestamp="2019-08-11T06:21:43.794">
  <classunload-info classloadercandidates="68" classloadersunloaded="0" classesunloaded="0" anonymousclassesunloaded="0" quiescems="0.000" setupms="0.016" scanms="0.000" postms="0.000" />
</gc-op>
<heap-resize id="5076" type="contract" space="default" amount="25165824" count="1" timems="0.361" reason="excess free space following gc" timestamp="2019-08-11T06:21:43.794" />
<gc-end id="5077" type="partial gc" contextid="5071" durationms="283.504" usertimems="69.198" systemtimems="142.677" timestamp="2019-08-11T06:21:43.794" activeThreads="16">
  <mem-info id="5078" free="432013312" total="465567744" percent="92">
    <mem type="eden" free="636720" total="4194304" percent="15" />
    <remembered-set count="10304" freebytes="19577344" totalbytes="19618560" percent="99" regionsoverflowed="0" regionsstable="10" regionsrebuilding="0"/>
  </mem-info>
</gc-end>
<cycle-end id="5079" type="partial gc" contextid="5071" timestamp="2019-08-11T06:21:43.794" />
  <attribute name="elasticGC enabled" value="1" />
  <attribute name= "numThreadsSpecified" value="16" />
  <attribute name="heapSize specified" value="0" />
  <attribute name="Current GC Util" value="35" />
  <attribute name= "Current Time Running" value="214707" />
  <attribute name ="GC Interval" value="0" />
  <attribute name="ProportionalT" value="-22.500000" />
  <attribute name="ProportionalI" value="-22.500000" />
  <attribute name="ProportionalH" value="-22.500000" />
  <attribute name="Current Error" value="-45.000000" />
  <attribute name="IntegralT" value="-67.500000" />
  <attribute name="IntegralI" value="-67.500000" />
  <attribute name="IntegralH" value="-67.500000" />
  <attribute name="DerivativeT" value="-15.000000" />
  <attribute name="DerivativeI" value="-15.000000" />
  <attribute name="DerivativeH" value="-15.000000" />
  <attribute name="Loop Time for DT" value="3.000000" />
  <attribute name="Output H" value="4202627072"/>
  <attribute name="Output I" value="200"/>
  <attribute name="Output T" value="16"/>
  <attribute name="Target GC Util Change" value ="80.000000" />
  <attribute name="Current GC Util Change" value="35.000000"/>
  <attribute name="GC Util currently" value="35" />
  <attribute name="CPU Util currently" value="391907919133" />
<exclusive-end id="5080" timestamp="2019-08-11T06:21:43.794" durationms="285.105" />

<exclusive-start id="5081" timestamp="2019-08-11T06:21:44.278" intervalms="768.834">
  <response-info timems="36.331" idlems="36.331" threads="0" lastid="0000000002147100" lastname="Thread-47" />
</exclusive-start>
<allocation-taxation id="5082" taxation-threshold="123731968" timestamp="2019-08-11T06:21:44.282" intervalms="772.684" />
<cycle-start id="5083" type="partial gc" contextid="0" timestamp="2019-08-11T06:21:44.284" intervalms="773.615" />
<gc-start id="5084" type="partial gc" contextid="5083" timestamp="2019-08-11T06:21:44.284">
  <mem-info id="5085" free="308281344" total="465567744" percent="66">
    <mem type="eden" free="0" total="123731968" percent="0" />
    <remembered-set count="9888" freebytes="19579008" totalbytes="19618560" percent="99" regionsoverflowed="0" regionsstable="10" regionsrebuilding="0"/>
  </mem-info>
</gc-start>
<allocation-stats totalBytes="123550592" >
  <allocated-bytes non-tlh="24592" tlh="123526000" arrayletleaf="0"/>
  <largest-consumer threadName="Thread-51" threadId="00000000020F4B00" bytes="13376384" />
</allocation-stats>
<gc-op id="5086" type="copy forward" timems="121.982" contextid="5083" timestamp="2019-08-11T06:21:44.502">
  <memory-copied type="eden" objects="9397" bytes="3566224" bytesdiscarded="555016" />
  <memory-copied type="other" objects="28252" bytes="1054528" bytesdiscarded="65344" />
  <memory-cardclean objects="689" bytes="78568" />
  <regions eden="59" other="4" />
  <remembered-set-cleared processed="3594" cleared="894" durationms="0.577" />
  <finalization candidates="1" enqueued="0" />
  <references type="soft" candidates="25" cleared="0" enqueued="0" dynamicThreshold="29" maxThreshold="32" />
  <references type="weak" candidates="93" cleared="0" enqueued="0" />
  <references type="phantom" candidates="30" cleared="0" enqueued="0" />
  <stringconstants candidates="15966" cleared="0"  />
</gc-op>
<gc-op id="5087" type="classunload" timems="0.015" contextid="5083" timestamp="2019-08-11T06:21:44.502">
  <classunload-info classloadercandidates="68" classloadersunloaded="0" classesunloaded="0" anonymousclassesunloaded="0" quiescems="0.000" setupms="0.015" scanms="0.000" postms="0.000" />
</gc-op>
<heap-resize id="5088" type="contract" space="default" amount="25165824" count="1" timems="0.191" reason="excess free space following gc" timestamp="2019-08-11T06:21:44.503" />
<gc-end id="5089" type="partial gc" contextid="5083" durationms="218.543" usertimems="212.161" systemtimems="132.203" timestamp="2019-08-11T06:21:44.503" activeThreads="16">
  <mem-info id="5090" free="402653184" total="440401920" percent="91">
    <mem type="eden" free="2169952" total="6291456" percent="34" />
    <remembered-set count="8768" freebytes="18577408" totalbytes="18612480" percent="99" regionsoverflowed="0" regionsstable="10" regionsrebuilding="0"/>
  </mem-info>
</gc-end>
<cycle-end id="5091" type="partial gc" contextid="5083" timestamp="2019-08-11T06:21:44.503" />
  <attribute name="elasticGC enabled" value="1" />
  <attribute name= "numThreadsSpecified" value="16" />
  <attribute name="heapSize specified" value="0" />
  <attribute name="Current GC Util" value="8" />
  <attribute name= "Current Time Running" value="215573" />
  <attribute name ="GC Interval" value="0" />
  <attribute name="ProportionalT" value="-36.000000" />
  <attribute name="ProportionalI" value="-36.000000" />
  <attribute name="ProportionalH" value="-36.000000" />
  <attribute name="Current Error" value="-72.000000" />
  <attribute name="IntegralT" value="-3420.000000" />
  <attribute name="IntegralI" value="-3420.000000" />
  <attribute name="IntegralH" value="-3420.000000" />
  <attribute name="DerivativeT" value="-0.757895" />
  <attribute name="DerivativeI" value="-0.757895" />
  <attribute name="DerivativeH" value="-0.757895" />
  <attribute name="Loop Time for DT" value="95.000000" />
  <attribute name="Output H" value="4202627072"/>
  <attribute name="Output I" value="200"/>
  <attribute name="Output T" value="16"/>
  <attribute name="Target GC Util Change" value ="80.000000" />
  <attribute name="Current GC Util Change" value="8.000000"/>
  <attribute name="GC Util currently" value="8" />
  <attribute name="CPU Util currently" value="12203705275" />
<exclusive-end id="5092" timestamp="2019-08-11T06:21:44.503" durationms="225.179" />

<exclusive-start id="5093" timestamp="2019-08-11T06:21:45.088" intervalms="809.479">
  <response-info timems="2.746" idlems="1.259" threads="4" lastid="00000000020F0F00" lastname="Thread-49" />
</exclusive-start>
<allocation-taxation id="5094" taxation-threshold="117440512" timestamp="2019-08-11T06:21:45.088" intervalms="805.622" />
<cycle-start id="5095" type="partial gc" contextid="0" timestamp="2019-08-11T06:21:45.088" intervalms="804.259" />
<gc-start id="5096" type="partial gc" contextid="5095" timestamp="2019-08-11T06:21:45.088">
  <mem-info id="5097" free="285212672" total="440401920" percent="64">
    <mem type="eden" free="0" total="117440512" percent="0" />
    <remembered-set count="8736" freebytes="18577536" totalbytes="18612480" percent="99" regionsoverflowed="0" regionsstable="10" regionsrebuilding="0"/>
  </mem-info>
</gc-start>
<allocation-stats totalBytes="117236000" >
  <allocated-bytes non-tlh="49176" tlh="117186824" arrayletleaf="0"/>
  <largest-consumer threadName="Thread-47" threadId="0000000002147100" bytes="12483456" />
</allocation-stats>
<gc-op id="5098" type="copy forward" timems="18.644" contextid="5095" timestamp="2019-08-11T06:21:45.115">
  <memory-copied type="eden" objects="9183" bytes="3651200" bytesdiscarded="856760" />
  <memory-copied type="other" objects="27843" bytes="1042552" bytesdiscarded="76480" />
  <memory-cardclean objects="799" bytes="81888" />
  <regions eden="56" other="5" />
  <remembered-set-cleared processed="3701" cleared="1001" durationms="0.115" />
  <finalization candidates="1" enqueued="0" />
  <references type="soft" candidates="25" cleared="0" enqueued="0" dynamicThreshold="29" maxThreshold="32" />
  <references type="weak" candidates="93" cleared="0" enqueued="0" />
  <references type="phantom" candidates="27" cleared="0" enqueued="0" />
  <stringconstants candidates="15966" cleared="0"  />
</gc-op>
<gc-op id="5099" type="classunload" timems="0.011" contextid="5095" timestamp="2019-08-11T06:21:45.115">
  <classunload-info classloadercandidates="68" classloadersunloaded="0" classesunloaded="0" anonymousclassesunloaded="0" quiescems="0.000" setupms="0.011" scanms="0.000" postms="0.000" />
</gc-op>
<heap-resize id="5100" type="contract" space="default" amount="23068672" count="1" timems="0.153" reason="excess free space following gc" timestamp="2019-08-11T06:21:45.116" />
<gc-end id="5101" type="partial gc" contextid="5095" durationms="27.305" usertimems="50.156" systemtimems="18.172" timestamp="2019-08-11T06:21:45.116" activeThreads="16">
  <mem-info id="5102" free="377487360" total="417333248" percent="90">
    <mem type="eden" free="1783240" total="6291456" percent="28" />
    <remembered-set count="11840" freebytes="17559040" totalbytes="17606400" percent="99" regionsoverflowed="0" regionsstable="10" regionsrebuilding="0"/>
  </mem-info>
</gc-end>
<cycle-end id="5103" type="partial gc" contextid="5095" timestamp="2019-08-11T06:21:45.116" />
  <attribute name="elasticGC enabled" value="1" />
  <attribute name= "numThreadsSpecified" value="16" />
  <attribute name="heapSize specified" value="0" />
  <attribute name="Current GC Util" value="13" />
  <attribute name= "Current Time Running" value="216289" />
  <attribute name ="GC Interval" value="0" />
  <attribute name="ProportionalT" value="-33.500000" />
  <attribute name="ProportionalI" value="-33.500000" />
  <attribute name="ProportionalH" value="-33.500000" />
  <attribute name="Current Error" value="-67.000000" />
  <attribute name="IntegralT" value="-268.000000" />
  <attribute name="IntegralI" value="-268.000000" />
  <attribute name="IntegralH" value="-268.000000" />
  <attribute name="DerivativeT" value="-8.375000" />
  <attribute name="DerivativeI" value="-8.375000" />
  <attribute name="DerivativeH" value="-8.375000" />
  <attribute name="Loop Time for DT" value="8.000000" />
  <attribute name="Output H" value="4202627072"/>
  <attribute name="Output I" value="200"/>
  <attribute name="Output T" value="16"/>
  <attribute name="Target GC Util Change" value ="80.000000" />
  <attribute name="Current GC Util Change" value="13.000000"/>
  <attribute name="GC Util currently" value="13" />
  <attribute name="CPU Util currently" value="144983368757" />
<exclusive-end id="5104" timestamp="2019-08-11T06:21:45.116" durationms="28.412" />

<exclusive-start id="5105" timestamp="2019-08-11T06:21:45.442" intervalms="354.863">
  <response-info timems="1.974" idlems="0.911" threads="3" lastid="0000000002129200" lastname="Thread-41" />
</exclusive-start>
<allocation-taxation id="5106" taxation-threshold="111149056" timestamp="2019-08-11T06:21:45.442" intervalms="354.868" />
<cycle-start id="5107" type="partial gc" contextid="0" timestamp="2019-08-11T06:21:45.443" intervalms="354.863" />
<gc-start id="5108" type="partial gc" contextid="5107" timestamp="2019-08-11T06:21:45.443">
  <mem-info id="5109" free="266338304" total="417333248" percent="63">
    <mem type="eden" free="0" total="111149056" percent="0" />
    <remembered-set count="11616" freebytes="17559936" totalbytes="17606400" percent="99" regionsoverflowed="0" regionsstable="10" regionsrebuilding="0"/>
  </mem-info>
</gc-start>
<allocation-stats totalBytes="110980536" >
  <allocated-bytes non-tlh="65560" tlh="110914976" arrayletleaf="0"/>
  <largest-consumer threadName="Thread-44" threadId="000000000210EE00" bytes="9510864" />
</allocation-stats>
<gc-op id="5110" type="copy forward" timems="134.156" contextid="5107" timestamp="2019-08-11T06:21:45.604">
  <memory-copied type="eden" objects="10536" bytes="4076712" bytesdiscarded="691176" />
  <memory-copied type="other" objects="27626" bytes="1033760" bytesdiscarded="46104" />
  <memory-cardclean objects="1723" bytes="115848" />
  <regions eden="53" other="5" />
  <remembered-set-cleared processed="3612" cleared="1012" durationms="12.301" />
  <finalization candidates="1" enqueued="0" />
  <references type="soft" candidates="25" cleared="0" enqueued="0" dynamicThreshold="28" maxThreshold="32" />
  <references type="weak" candidates="93" cleared="0" enqueued="0" />
  <references type="phantom" candidates="26" cleared="0" enqueued="0" />
  <stringconstants candidates="15966" cleared="0"  />
</gc-op>
<gc-op id="5111" type="classunload" timems="0.015" contextid="5107" timestamp="2019-08-11T06:21:45.604">
  <classunload-info classloadercandidates="68" classloadersunloaded="0" classesunloaded="0" anonymousclassesunloaded="0" quiescems="0.000" setupms="0.015" scanms="0.000" postms="0.000" />
</gc-op>
<heap-resize id="5112" type="contract" space="default" amount="20971520" count="1" timems="0.188" reason="excess free space following gc" timestamp="2019-08-11T06:21:45.604" />
<gc-end id="5113" type="partial gc" contextid="5107" durationms="160.787" usertimems="43.415" systemtimems="50.041" timestamp="2019-08-11T06:21:45.604" activeThreads="16">
  <mem-info id="5114" free="354418688" total="396361728" percent="89">
    <mem type="eden" free="1523304" total="6291456" percent="24" />
    <remembered-set count="10720" freebytes="16641280" totalbytes="16684160" percent="99" regionsoverflowed="0" regionsstable="10" regionsrebuilding="0"/>
  </mem-info>
</gc-end>
<cycle-end id="5115" type="partial gc" contextid="5107" timestamp="2019-08-11T06:21:45.605" />
  <attribute name="elasticGC enabled" value="1" />
  <attribute name= "numThreadsSpecified" value="16" />
  <attribute name="heapSize specified" value="0" />
  <attribute name="Current GC Util" value="3" />
  <attribute name= "Current Time Running" value="216662" />
  <attribute name ="GC Interval" value="0" />
  <attribute name="ProportionalT" value="-38.500000" />
  <attribute name="ProportionalI" value="-38.500000" />
  <attribute name="ProportionalH" value="-38.500000" />
  <attribute name="Current Error" value="-77.000000" />
  <attribute name="IntegralT" value="-1001.000000" />
  <attribute name="IntegralI" value="-1001.000000" />
  <attribute name="IntegralH" value="-1001.000000" />
  <attribute name="DerivativeT" value="-2.961538" />
  <attribute name="DerivativeI" value="-2.961538" />
  <attribute name="DerivativeH" value="-2.961538" />
  <attribute name="Loop Time for DT" value="26.000000" />
  <attribute name="Output H" value="4202627072"/>
  <attribute name="Output I" value="200"/>
  <attribute name="Output T" value="16"/>
  <attribute name="Target GC Util Change" value ="80.000000" />
  <attribute name="Current GC Util Change" value="3.000000"/>
  <attribute name="GC Util currently" value="3" />
  <attribute name="CPU Util currently" value="44568263048" />
<exclusive-end id="5116" timestamp="2019-08-11T06:21:45.605" durationms="162.988" />

<exclusive-start id="5117" timestamp="2019-08-11T06:21:45.839" intervalms="396.890">
  <response-info timems="9.292" idlems="9.292" threads="0" lastid="000000000211DE00" lastname="Thread-50" />
</exclusive-start>
<allocation-taxation id="5118" taxation-threshold="104857600" timestamp="2019-08-11T06:21:45.839" intervalms="396.876" />
<cycle-start id="5119" type="partial gc" contextid="0" timestamp="2019-08-11T06:21:45.840" intervalms="397.185" />
<gc-start id="5120" type="partial gc" contextid="5119" timestamp="2019-08-11T06:21:45.840">
  <mem-info id="5121" free="249561088" total="396361728" percent="62">
    <mem type="eden" free="0" total="104857600" percent="0" />
    <remembered-set count="10496" freebytes="16642176" totalbytes="16684160" percent="99" regionsoverflowed="0" regionsstable="10" regionsrebuilding="0"/>
  </mem-info>
</gc-start>
<allocation-stats totalBytes="104597472" >
  <allocated-bytes non-tlh="90152" tlh="104507320" arrayletleaf="0"/>
  <largest-consumer threadName="Thread-38" threadId="00000000020FFF00" bytes="11141712" />
</allocation-stats>
<gc-op id="5122" type="copy forward" timems="119.308" contextid="5119" timestamp="2019-08-11T06:21:45.962">
  <memory-copied type="eden" objects="9259" bytes="3707280" bytesdiscarded="800976" />
  <memory-copied type="other" objects="27408" bytes="1027928" bytesdiscarded="62248" />
  <memory-cardclean objects="2096" bytes="134344" />
  <regions eden="50" other="5" />
  <remembered-set-cleared processed="3580" cleared="1046" durationms="0.147" />
  <finalization candidates="1" enqueued="0" />
  <references type="soft" candidates="25" cleared="0" enqueued="0" dynamicThreshold="28" maxThreshold="32" />
  <references type="weak" candidates="94" cleared="0" enqueued="0" />
  <references type="phantom" candidates="28" cleared="0" enqueued="0" />
  <stringconstants candidates="15966" cleared="0"  />
</gc-op>
<gc-op id="5123" type="classunload" timems="0.021" contextid="5119" timestamp="2019-08-11T06:21:45.963">
  <classunload-info classloadercandidates="68" classloadersunloaded="0" classesunloaded="0" anonymousclassesunloaded="0" quiescems="0.000" setupms="0.021" scanms="0.000" postms="0.000" />
</gc-op>
<heap-resize id="5124" type="contract" space="default" amount="20971520" count="1" timems="0.502" reason="excess free space following gc" timestamp="2019-08-11T06:21:45.963" />
<gc-end id="5125" type="partial gc" contextid="5119" durationms="122.852" usertimems="97.720" systemtimems="47.305" timestamp="2019-08-11T06:21:45.963" activeThreads="16">
  <mem-info id="5126" free="329252864" total="375390208" percent="87">
    <mem type="eden" free="3880088" total="8388608" percent="46" />
    <remembered-set count="11712" freebytes="15798912" totalbytes="15845760" percent="99" regionsoverflowed="0" regionsstable="10" regionsrebuilding="0"/>
  </mem-info>
</gc-end>
<cycle-end id="5127" type="partial gc" contextid="5119" timestamp="2019-08-11T06:21:45.964" />
  <attribute name="elasticGC enabled" value="1" />
  <attribute name= "numThreadsSpecified" value="16" />
  <attribute name="heapSize specified" value="0" />
  <attribute name="Current GC Util" value="39" />
  <attribute name= "Current Time Running" value="217036" />
  <attribute name ="GC Interval" value="0" />
  <attribute name="ProportionalT" value="-20.500000" />
  <attribute name="ProportionalI" value="-20.500000" />
  <attribute name="ProportionalH" value="-20.500000" />
  <attribute name="Current Error" value="-41.000000" />
  <attribute name="IntegralT" value="-61.500000" />
  <attribute name="IntegralI" value="-61.500000" />
  <attribute name="IntegralH" value="-61.500000" />
  <attribute name="DerivativeT" value="-13.666667" />
  <attribute name="DerivativeI" value="-13.666667" />
  <attribute name="DerivativeH" value="-13.666667" />
  <attribute name="Loop Time for DT" value="3.000000" />
  <attribute name="Output H" value="4202627072"/>
  <attribute name="Output I" value="200"/>
  <attribute name="Output T" value="16"/>
  <attribute name="Target GC Util Change" value ="80.000000" />
  <attribute name="Current GC Util Change" value="39.000000"/>
  <attribute name="GC Util currently" value="39" />
  <attribute name="CPU Util currently" value="435503295875" />
<exclusive-end id="5128" timestamp="2019-08-11T06:21:45.965" durationms="125.263" />

<exclusive-start id="5129" timestamp="2019-08-11T06:21:46.253" intervalms="413.924">
  <response-info timems="5.261" idlems="5.158" threads="1" lastid="00000000020ED300" lastname="Thread-43" />
</exclusive-start>
<allocation-taxation id="5130" taxation-threshold="100663296" timestamp="2019-08-11T06:21:46.253" intervalms="413.942" />
<cycle-start id="5131" type="partial gc" contextid="0" timestamp="2019-08-11T06:21:46.256" intervalms="415.487" />
<gc-start id="5132" type="partial gc" contextid="5131" timestamp="2019-08-11T06:21:46.256">
  <mem-info id="5133" free="228589568" total="375390208" percent="60">
    <mem type="eden" free="0" total="100663296" percent="0" />
    <remembered-set count="11424" freebytes="15800064" totalbytes="15845760" percent="99" regionsoverflowed="0" regionsstable="10" regionsrebuilding="0"/>
  </mem-info>
</gc-start>
<allocation-stats totalBytes="100452544" >
  <allocated-bytes non-tlh="40984" tlh="100411560" arrayletleaf="0"/>
  <largest-consumer threadName="Thread-52" threadId="0000000002112A00" bytes="13297560" />
</allocation-stats>
<gc-op id="5134" type="copy forward" timems="188.072" contextid="5131" timestamp="2019-08-11T06:21:46.449">
  <memory-copied type="eden" objects="9990" bytes="3926504" bytesdiscarded="941816" />
  <memory-copied type="other" objects="27201" bytes="1024408" bytesdiscarded="65368" />
  <memory-cardclean objects="4072" bytes="334040" />
  <regions eden="48" other="6" />
  <remembered-set-cleared processed="3136" cleared="809" durationms="0.113" />
  <finalization candidates="1" enqueued="0" />
  <references type="soft" candidates="25" cleared="0" enqueued="0" dynamicThreshold="28" maxThreshold="32" />
  <references type="weak" candidates="93" cleared="0" enqueued="0" />
  <references type="phantom" candidates="28" cleared="0" enqueued="0" />
  <stringconstants candidates="15966" cleared="0"  />
</gc-op>
<gc-op id="5135" type="classunload" timems="0.023" contextid="5131" timestamp="2019-08-11T06:21:46.449">
  <classunload-info classloadercandidates="68" classloadersunloaded="0" classesunloaded="0" anonymousclassesunloaded="0" quiescems="0.000" setupms="0.023" scanms="0.000" postms="0.000" />
</gc-op>
<heap-resize id="5136" type="contract" space="default" amount="18874368" count="1" timems="1.020" reason="excess free space following gc" timestamp="2019-08-11T06:21:46.451" />
<gc-end id="5137" type="partial gc" contextid="5131" durationms="194.388" usertimems="51.914" systemtimems="88.892" timestamp="2019-08-11T06:21:46.451" activeThreads="16">
  <mem-info id="5138" free="310378496" total="356515840" percent="87">
    <mem type="eden" free="1422848" total="6291456" percent="22" />
    <remembered-set count="11936" freebytes="14959616" totalbytes="15007360" percent="99" regionsoverflowed="0" regionsstable="10" regionsrebuilding="0"/>
  </mem-info>
</gc-end>
<cycle-end id="5139" type="partial gc" contextid="5131" timestamp="2019-08-11T06:21:46.457" />
  <attribute name="elasticGC enabled" value="1" />
  <attribute name= "numThreadsSpecified" value="16" />
  <attribute name="heapSize specified" value="0" />
  <attribute name="Current GC Util" value="26" />
  <attribute name= "Current Time Running" value="217454" />
  <attribute name ="GC Interval" value="0" />
  <attribute name="ProportionalT" value="-27.000000" />
  <attribute name="ProportionalI" value="-27.000000" />
  <attribute name="ProportionalH" value="-27.000000" />
  <attribute name="Current Error" value="-54.000000" />
  <attribute name="IntegralT" value="-135.000000" />
  <attribute name="IntegralI" value="-135.000000" />
  <attribute name="IntegralH" value="-135.000000" />
  <attribute name="DerivativeT" value="-10.800000" />
  <attribute name="DerivativeI" value="-10.800000" />
  <attribute name="DerivativeH" value="-10.800000" />
  <attribute name="Loop Time for DT" value="5.000000" />
  <attribute name="Output H" value="4202627072"/>
  <attribute name="Output I" value="200"/>
  <attribute name="Output T" value="16"/>
  <attribute name="Target GC Util Change" value ="80.000000" />
  <attribute name="Current GC Util Change" value="26.000000"/>
  <attribute name="GC Util currently" value="26" />
  <attribute name="CPU Util currently" value="259651713134" />
<exclusive-end id="5140" timestamp="2019-08-11T06:21:46.461" durationms="208.107" />

<exclusive-start id="5141" timestamp="2019-08-11T06:21:46.630" intervalms="376.705">
  <response-info timems="19.065" idlems="19.065" threads="0" lastid="000000000210EE00" lastname="Thread-44" />
</exclusive-start>
<allocation-taxation id="5142" taxation-threshold="96468992" timestamp="2019-08-11T06:21:46.630" intervalms="376.693" />
<cycle-start id="5143" type="partial gc" contextid="0" timestamp="2019-08-11T06:21:46.630" intervalms="374.366" />
<gc-start id="5144" type="partial gc" contextid="5143" timestamp="2019-08-11T06:21:46.630">
  <mem-info id="5145" free="213909504" total="356515840" percent="60">
    <mem type="eden" free="0" total="96468992" percent="0" />
    <remembered-set count="11840" freebytes="14960000" totalbytes="15007360" percent="99" regionsoverflowed="0" regionsstable="10" regionsrebuilding="0"/>
  </mem-info>
</gc-start>
<allocation-stats totalBytes="96244568" >
  <allocated-bytes non-tlh="114728" tlh="96129840" arrayletleaf="0"/>
  <largest-consumer threadName="Thread-49" threadId="00000000020F0F00" bytes="11278800" />
</allocation-stats>
<gc-op id="5146" type="copy forward" timems="18.462" contextid="5143" timestamp="2019-08-11T06:21:46.651">
  <memory-copied type="eden" objects="9901" bytes="3924320" bytesdiscarded="900400" />
  <memory-copied type="other" objects="27035" bytes="1020232" bytesdiscarded="72616" />
  <memory-cardclean objects="13831" bytes="740024" />
  <regions eden="46" other="5" />
  <remembered-set-cleared processed="1360" cleared="227" durationms="0.099" />
  <finalization candidates="1" enqueued="0" />
  <references type="soft" candidates="25" cleared="0" enqueued="0" dynamicThreshold="27" maxThreshold="32" />
  <references type="weak" candidates="93" cleared="0" enqueued="0" />
  <references type="phantom" candidates="26" cleared="0" enqueued="0" />
  <stringconstants candidates="15966" cleared="0"  />
</gc-op>
<gc-op id="5147" type="classunload" timems="0.016" contextid="5143" timestamp="2019-08-11T06:21:46.651">
  <classunload-info classloadercandidates="68" classloadersunloaded="0" classesunloaded="0" anonymousclassesunloaded="0" quiescems="0.000" setupms="0.016" scanms="0.000" postms="0.000" />
</gc-op>
<heap-resize id="5148" type="contract" space="default" amount="18874368" count="1" timems="2.857" reason="excess free space following gc" timestamp="2019-08-11T06:21:46.654" />
<gc-end id="5149" type="partial gc" contextid="5143" durationms="23.811" usertimems="93.457" systemtimems="11.404" timestamp="2019-08-11T06:21:46.654" activeThreads="16">
  <mem-info id="5150" free="289406976" total="337641472" percent="85">
    <mem type="eden" free="1466456" total="6291456" percent="23" />
    <remembered-set count="10528" freebytes="14210688" totalbytes="14252800" percent="99" regionsoverflowed="0" regionsstable="10" regionsrebuilding="0"/>
  </mem-info>
</gc-end>
<cycle-end id="5151" type="partial gc" contextid="5143" timestamp="2019-08-11T06:21:46.655" />
  <attribute name="elasticGC enabled" value="1" />
  <attribute name= "numThreadsSpecified" value="16" />
  <attribute name="heapSize specified" value="0" />
  <attribute name="Current GC Util" value="43" />
  <attribute name= "Current Time Running" value="217825" />
  <attribute name ="GC Interval" value="0" />
  <attribute name="ProportionalT" value="-18.500000" />
  <attribute name="ProportionalI" value="-18.500000" />
  <attribute name="ProportionalH" value="-18.500000" />
  <attribute name="Current Error" value="-37.000000" />
  <attribute name="IntegralT" value="-37.000000" />
  <attribute name="IntegralI" value="-37.000000" />
  <attribute name="IntegralH" value="-37.000000" />
  <attribute name="DerivativeT" value="-18.500000" />
  <attribute name="DerivativeI" value="-18.500000" />
  <attribute name="DerivativeH" value="-18.500000" />
  <attribute name="Loop Time for DT" value="2.000000" />
  <attribute name="Output H" value="4202627072"/>
  <attribute name="Output I" value="200"/>
  <attribute name="Output T" value="16"/>
  <attribute name="Target GC Util Change" value ="80.000000" />
  <attribute name="Current GC Util Change" value="43.000000"/>
  <attribute name="GC Util currently" value="43" />
  <attribute name="CPU Util currently" value="709239115016" />
<exclusive-end id="5152" timestamp="2019-08-11T06:21:46.655" durationms="25.046" />

<exclusive-start id="5153" timestamp="2019-08-11T06:21:46.826" intervalms="196.268">
  <response-info timems="6.563" idlems="2.321" threads="6" lastid="000000000210B200" lastname="Thread-48" />
</exclusive-start>
<allocation-taxation id="5154" taxation-threshold="92274688" timestamp="2019-08-11T06:21:46.826" intervalms="196.274" />
<cycle-start id="5155" type="partial gc" contextid="0" timestamp="2019-08-11T06:21:46.827" intervalms="196.741" />
<gc-start id="5156" type="partial gc" contextid="5155" timestamp="2019-08-11T06:21:46.829">
  <mem-info id="5157" free="197132288" total="337641472" percent="58">
    <mem type="eden" free="0" total="92274688" percent="0" />
    <remembered-set count="10400" freebytes="14211200" totalbytes="14252800" percent="99" regionsoverflowed="0" regionsstable="10" regionsrebuilding="0"/>
  </mem-info>
</gc-start>
<allocation-stats totalBytes="92078264" >
  <allocated-bytes non-tlh="81944" tlh="91996320" arrayletleaf="0"/>
  <largest-consumer threadName="Thread-49" threadId="00000000020F0F00" bytes="10007552" />
</allocation-stats>
<gc-op id="5158" type="copy forward" timems="80.451" contextid="5155" timestamp="2019-08-11T06:21:46.964">
  <memory-copied type="eden" objects="9375" bytes="3838384" bytesdiscarded="557992" />
  <memory-copied type="other" objects="26839" bytes="1013944" bytesdiscarded="68024" />
  <memory-cardclean objects="1334" bytes="107008" />
  <regions eden="44" other="5" />
  <remembered-set-cleared processed="3701" cleared="1079" durationms="0.160" />
  <finalization candidates="1" enqueued="0" />
  <references type="soft" candidates="25" cleared="0" enqueued="0" dynamicThreshold="27" maxThreshold="32" />
  <references type="weak" candidates="94" cleared="0" enqueued="0" />
  <references type="phantom" candidates="28" cleared="0" enqueued="0" />
  <stringconstants candidates="15966" cleared="0"  />
</gc-op>
<gc-op id="5159" type="classunload" timems="0.016" contextid="5155" timestamp="2019-08-11T06:21:46.964">
  <classunload-info classloadercandidates="68" classloadersunloaded="0" classesunloaded="0" anonymousclassesunloaded="0" quiescems="0.000" setupms="0.016" scanms="0.000" postms="0.000" />
</gc-op>
<heap-resize id="5160" type="contract" space="default" amount="18874368" count="1" timems="0.946" reason="excess free space following gc" timestamp="2019-08-11T06:21:46.965" />
<gc-end id="5161" type="partial gc" contextid="5155" durationms="138.239" usertimems="47.054" systemtimems="62.019" timestamp="2019-08-11T06:21:46.965" activeThreads="16">
  <mem-info id="5162" free="268435456" total="318767104" percent="84">
    <mem type="eden" free="1894808" total="6291456" percent="30" />
    <remembered-set count="11872" freebytes="13450752" totalbytes="13498240" percent="99" regionsoverflowed="0" regionsstable="10" regionsrebuilding="0"/>
  </mem-info>
</gc-end>
<cycle-end id="5163" type="partial gc" contextid="5155" timestamp="2019-08-11T06:21:46.966" />
  <attribute name="elasticGC enabled" value="1" />
  <attribute name= "numThreadsSpecified" value="16" />
  <attribute name="heapSize specified" value="0" />
  <attribute name="Current GC Util" value="13" />
  <attribute name= "Current Time Running" value="218076" />
  <attribute name ="GC Interval" value="0" />
  <attribute name="ProportionalT" value="-33.500000" />
  <attribute name="ProportionalI" value="-33.500000" />
  <attribute name="ProportionalH" value="-33.500000" />
  <attribute name="Current Error" value="-67.000000" />
  <attribute name="IntegralT" value="-1440.500000" />
  <attribute name="IntegralI" value="-1440.500000" />
  <attribute name="IntegralH" value="-1440.500000" />
  <attribute name="DerivativeT" value="-1.558140" />
  <attribute name="DerivativeI" value="-1.558140" />
  <attribute name="DerivativeH" value="-1.558140" />
  <attribute name="Loop Time for DT" value="43.000000" />
  <attribute name="Output H" value="4202627072"/>
  <attribute name="Output I" value="200"/>
  <attribute name="Output T" value="16"/>
  <attribute name="Target GC Util Change" value ="80.000000" />
  <attribute name="Current GC Util Change" value="13.000000"/>
  <attribute name="GC Util currently" value="13" />
  <attribute name="CPU Util currently" value="26726479699" />
<exclusive-end id="5164" timestamp="2019-08-11T06:21:46.966" durationms="139.762" />

<exclusive-start id="5165" timestamp="2019-08-11T06:21:47.111" intervalms="284.687">
  <response-info timems="5.033" idlems="5.033" threads="0" lastid="00000000020F8700" lastname="Thread-39" />
</exclusive-start>
<allocation-taxation id="5166" taxation-threshold="85983232" timestamp="2019-08-11T06:21:47.111" intervalms="284.786" />
<cycle-start id="5167" type="partial gc" contextid="0" timestamp="2019-08-11T06:21:47.111" intervalms="284.415" />
<gc-start id="5168" type="partial gc" contextid="5167" timestamp="2019-08-11T06:21:47.111">
  <mem-info id="5169" free="182452224" total="318767104" percent="57">
    <mem type="eden" free="0" total="85983232" percent="0" />
    <remembered-set count="11648" freebytes="13451648" totalbytes="13498240" percent="99" regionsoverflowed="0" regionsstable="10" regionsrebuilding="0"/>
  </mem-info>
</gc-start>
<allocation-stats totalBytes="85856440" >
  <allocated-bytes non-tlh="57368" tlh="85799072" arrayletleaf="0"/>
  <largest-consumer threadName="Thread-50" threadId="000000000211DE00" bytes="10369120" />
</allocation-stats>
<gc-op id="5170" type="copy forward" timems="129.262" contextid="5167" timestamp="2019-08-11T06:21:47.244">
  <memory-copied type="eden" objects="10246" bytes="4021248" bytesdiscarded="892128" />
  <memory-copied type="other" objects="26682" bytes="1011792" bytesdiscarded="69024" />
  <memory-cardclean objects="1788" bytes="128920" />
  <regions eden="41" other="5" />
  <remembered-set-cleared processed="3637" cleared="1080" durationms="0.132" />
  <finalization candidates="1" enqueued="0" />
  <references type="soft" candidates="25" cleared="0" enqueued="0" dynamicThreshold="26" maxThreshold="32" />
  <references type="weak" candidates="93" cleared="0" enqueued="0" />
  <references type="phantom" candidates="26" cleared="0" enqueued="0" />
  <stringconstants candidates="15966" cleared="0"  />
</gc-op>
<gc-op id="5171" type="classunload" timems="0.016" contextid="5167" timestamp="2019-08-11T06:21:47.244">
  <classunload-info classloadercandidates="68" classloadersunloaded="0" classesunloaded="0" anonymousclassesunloaded="0" quiescems="0.000" setupms="0.016" scanms="0.000" postms="0.000" />
</gc-op>
<heap-resize id="5172" type="contract" space="default" amount="16777216" count="1" timems="0.745" reason="excess free space following gc" timestamp="2019-08-11T06:21:47.245" />
<gc-end id="5173" type="partial gc" contextid="5167" durationms="133.261" usertimems="149.175" systemtimems="93.949" timestamp="2019-08-11T06:21:47.245" activeThreads="16">
  <mem-info id="5174" free="249561088" total="301989888" percent="82">
    <mem type="eden" free="1377816" total="6291456" percent="21" />
    <remembered-set count="11776" freebytes="12696576" totalbytes="12743680" percent="99" regionsoverflowed="0" regionsstable="10" regionsrebuilding="0"/>
  </mem-info>
</gc-end>
<cycle-end id="5175" type="partial gc" contextid="5167" timestamp="2019-08-11T06:21:47.246" />
  <attribute name="elasticGC enabled" value="1" />
  <attribute name= "numThreadsSpecified" value="16" />
  <attribute name="heapSize specified" value="0" />
  <attribute name="Current GC Util" value="39" />
  <attribute name= "Current Time Running" value="218307" />
  <attribute name ="GC Interval" value="0" />
  <attribute name="ProportionalT" value="-20.500000" />
  <attribute name="ProportionalI" value="-20.500000" />
  <attribute name="ProportionalH" value="-20.500000" />
  <attribute name="Current Error" value="-41.000000" />
  <attribute name="IntegralT" value="-61.500000" />
  <attribute name="IntegralI" value="-61.500000" />
  <attribute name="IntegralH" value="-61.500000" />
  <attribute name="DerivativeT" value="-13.666667" />
  <attribute name="DerivativeI" value="-13.666667" />
  <attribute name="DerivativeH" value="-13.666667" />
  <attribute name="Loop Time for DT" value="3.000000" />
  <attribute name="Output H" value="4202627072"/>
  <attribute name="Output I" value="200"/>
  <attribute name="Output T" value="16"/>
  <attribute name="Target GC Util Change" value ="80.000000" />
  <attribute name="Current GC Util Change" value="39.000000"/>
  <attribute name="GC Util currently" value="39" />
  <attribute name="CPU Util currently" value="506396880328" />
<exclusive-end id="5176" timestamp="2019-08-11T06:21:47.246" durationms="135.086" />

<exclusive-start id="5177" timestamp="2019-08-11T06:21:47.431" intervalms="320.398">
  <response-info timems="6.666" idlems="6.666" threads="0" lastid="00000000020F0F00" lastname="Thread-49" />
</exclusive-start>
<allocation-taxation id="5178" taxation-threshold="81788928" timestamp="2019-08-11T06:21:47.431" intervalms="320.287" />
<cycle-start id="5179" type="partial gc" contextid="0" timestamp="2019-08-11T06:21:47.432" intervalms="320.676" />
<gc-start id="5180" type="partial gc" contextid="5179" timestamp="2019-08-11T06:21:47.432">
  <mem-info id="5181" free="167772160" total="301989888" percent="55">
    <mem type="eden" free="0" total="81788928" percent="0" />
    <remembered-set count="11712" freebytes="12696832" totalbytes="12743680" percent="99" regionsoverflowed="0" regionsstable="10" regionsrebuilding="0"/>
  </mem-info>
</gc-start>
<allocation-stats totalBytes="81498712" >
  <allocated-bytes non-tlh="49168" tlh="81449544" arrayletleaf="0"/>
  <largest-consumer threadName="Thread-39" threadId="00000000020F8700" bytes="8414168" />
</allocation-stats>
<gc-op id="5182" type="copy forward" timems="38.659" contextid="5179" timestamp="2019-08-11T06:21:47.478">
  <memory-copied type="eden" objects="9103" bytes="3608776" bytesdiscarded="919360" />
  <memory-copied type="other" objects="26537" bytes="1008520" bytesdiscarded="95240" />
  <memory-cardclean objects="2221" bytes="135848" />
  <regions eden="39" other="5" />
  <remembered-set-cleared processed="3588" cleared="1020" durationms="1.106" />
  <finalization candidates="1" enqueued="0" />
  <references type="soft" candidates="25" cleared="0" enqueued="0" dynamicThreshold="26" maxThreshold="32" />
  <references type="weak" candidates="93" cleared="0" enqueued="0" />
  <references type="phantom" candidates="29" cleared="0" enqueued="0" />
  <stringconstants candidates="15966" cleared="0"  />
</gc-op>
<gc-op id="5183" type="classunload" timems="0.021" contextid="5179" timestamp="2019-08-11T06:21:47.478">
  <classunload-info classloadercandidates="68" classloadersunloaded="0" classesunloaded="0" anonymousclassesunloaded="0" quiescems="0.000" setupms="0.021" scanms="0.000" postms="0.000" />
</gc-op>
<heap-resize id="5184" type="contract" space="default" amount="16777216" count="1" timems="1.845" reason="excess free space following gc" timestamp="2019-08-11T06:21:47.480" />
<gc-end id="5185" type="partial gc" contextid="5179" durationms="48.250" usertimems="27.869" systemtimems="21.997" timestamp="2019-08-11T06:21:47.480" activeThreads="16">
  <mem-info id="5186" free="230686720" total="285212672" percent="80">
    <mem type="eden" free="1763032" total="6291456" percent="28" />
    <remembered-set count="11808" freebytes="12025728" totalbytes="12072960" percent="99" regionsoverflowed="0" regionsstable="10" regionsrebuilding="0"/>
  </mem-info>
</gc-end>
<cycle-end id="5187" type="partial gc" contextid="5179" timestamp="2019-08-11T06:21:47.481" />
  <attribute name="elasticGC enabled" value="1" />
  <attribute name= "numThreadsSpecified" value="16" />
  <attribute name="heapSize specified" value="0" />
  <attribute name="Current GC Util" value="13" />
  <attribute name= "Current Time Running" value="218632" />
  <attribute name ="GC Interval" value="0" />
  <attribute name="ProportionalT" value="-33.500000" />
  <attribute name="ProportionalI" value="-33.500000" />
  <attribute name="ProportionalH" value="-33.500000" />
  <attribute name="Current Error" value="-67.000000" />
  <attribute name="IntegralT" value="-234.500000" />
  <attribute name="IntegralI" value="-234.500000" />
  <attribute name="IntegralH" value="-234.500000" />
  <attribute name="DerivativeT" value="-9.571429" />
  <attribute name="DerivativeI" value="-9.571429" />
  <attribute name="DerivativeH" value="-9.571429" />
  <attribute name="Loop Time for DT" value="7.000000" />
  <attribute name="Output H" value="4202627072"/>
  <attribute name="Output I" value="200"/>
  <attribute name="Output T" value="16"/>
  <attribute name="Target GC Util Change" value ="80.000000" />
  <attribute name="Current GC Util Change" value="13.000000"/>
  <attribute name="GC Util currently" value="13" />
  <attribute name="CPU Util currently" value="165752312753" />
<exclusive-end id="5188" timestamp="2019-08-11T06:21:47.485" durationms="53.845" />

<exclusive-start id="5189" timestamp="2019-08-11T06:21:47.675" intervalms="243.603">
  <response-info timems="4.202" idlems="1.492" threads="2" lastid="000000000210B200" lastname="Thread-48" />
</exclusive-start>
<allocation-taxation id="5190" taxation-threshold="77594624" timestamp="2019-08-11T06:21:47.675" intervalms="243.622" />
<cycle-start id="5191" type="partial gc" contextid="0" timestamp="2019-08-11T06:21:47.675" intervalms="243.165" />
<gc-start id="5192" type="partial gc" contextid="5191" timestamp="2019-08-11T06:21:47.675">
  <mem-info id="5193" free="153092096" total="285212672" percent="53">
    <mem type="eden" free="0" total="77594624" percent="0" />
    <remembered-set count="11648" freebytes="12026368" totalbytes="12072960" percent="99" regionsoverflowed="0" regionsstable="10" regionsrebuilding="0"/>
  </mem-info>
</gc-start>
<allocation-stats totalBytes="77374976" >
  <allocated-bytes non-tlh="49168" tlh="77325808" arrayletleaf="0"/>
  <largest-consumer threadName="Thread-45" threadId="000000000212CD00" bytes="8643456" />
</allocation-stats>
<gc-op id="5194" type="copy forward" timems="53.198" contextid="5191" timestamp="2019-08-11T06:21:47.736">
  <memory-copied type="eden" objects="9039" bytes="3631048" bytesdiscarded="899784" />
  <memory-copied type="other" objects="26372" bytes="1001952" bytesdiscarded="76120" />
  <memory-cardclean objects="2084" bytes="259280" />
  <regions eden="37" other="5" />
  <remembered-set-cleared processed="3637" cleared="1078" durationms="0.438" />
  <finalization candidates="1" enqueued="0" />
  <references type="soft" candidates="25" cleared="0" enqueued="0" dynamicThreshold="25" maxThreshold="32" />
  <references type="weak" candidates="94" cleared="0" enqueued="0" />
  <references type="phantom" candidates="32" cleared="0" enqueued="0" />
  <stringconstants candidates="15966" cleared="0"  />
</gc-op>
<gc-op id="5195" type="classunload" timems="0.011" contextid="5191" timestamp="2019-08-11T06:21:47.736">
  <classunload-info classloadercandidates="68" classloadersunloaded="0" classesunloaded="0" anonymousclassesunloaded="0" quiescems="0.000" setupms="0.010" scanms="0.000" postms="0.000" />
</gc-op>
<heap-resize id="5196" type="contract" space="default" amount="14680064" count="1" timems="0.560" reason="excess free space following gc" timestamp="2019-08-11T06:21:47.737" />
<gc-end id="5197" type="partial gc" contextid="5191" durationms="61.605" usertimems="68.698" systemtimems="38.272" timestamp="2019-08-11T06:21:47.737" activeThreads="16">
  <mem-info id="5198" free="213909504" total="270532608" percent="79">
    <mem type="eden" free="1760320" total="6291456" percent="27" />
    <remembered-set count="11840" freebytes="11354880" totalbytes="11402240" percent="99" regionsoverflowed="0" regionsstable="10" regionsrebuilding="0"/>
  </mem-info>
</gc-end>
<cycle-end id="5199" type="partial gc" contextid="5191" timestamp="2019-08-11T06:21:47.738" />
  <attribute name="elasticGC enabled" value="1" />
  <attribute name= "numThreadsSpecified" value="16" />
  <attribute name="heapSize specified" value="0" />
  <attribute name="Current GC Util" value="12" />
  <attribute name= "Current Time Running" value="218876" />
  <attribute name ="GC Interval" value="0" />
  <attribute name="ProportionalT" value="-34.000000" />
  <attribute name="ProportionalI" value="-34.000000" />
  <attribute name="ProportionalH" value="-34.000000" />
  <attribute name="Current Error" value="-68.000000" />
  <attribute name="IntegralT" value="-272.000000" />
  <attribute name="IntegralI" value="-272.000000" />
  <attribute name="IntegralH" value="-272.000000" />
  <attribute name="DerivativeT" value="-8.500000" />
  <attribute name="DerivativeI" value="-8.500000" />
  <attribute name="DerivativeH" value="-8.500000" />
  <attribute name="Loop Time for DT" value="8.000000" />
  <attribute name="Output H" value="4202627072"/>
  <attribute name="Output I" value="200"/>
  <attribute name="Output T" value="16"/>
  <attribute name="Target GC Util Change" value ="80.000000" />
  <attribute name="Current GC Util Change" value="12.000000"/>
  <attribute name="GC Util currently" value="12" />
  <attribute name="CPU Util currently" value="157865708964" />
<exclusive-end id="5200" timestamp="2019-08-11T06:21:47.738" durationms="63.043" />

<exclusive-start id="5201" timestamp="2019-08-11T06:21:47.880" intervalms="205.393">
  <response-info timems="5.511" idlems="4.277" threads="4" lastid="00000000020F4B00" lastname="Thread-51" />
</exclusive-start>
<allocation-taxation id="5202" taxation-threshold="75497472" timestamp="2019-08-11T06:21:47.880" intervalms="205.396" />
<cycle-start id="5203" type="partial gc" contextid="0" timestamp="2019-08-11T06:21:47.881" intervalms="205.537" />
<gc-start id="5204" type="partial gc" contextid="5203" timestamp="2019-08-11T06:21:47.882">
  <mem-info id="5205" free="138412032" total="270532608" percent="51">
    <mem type="eden" free="0" total="75497472" percent="0" />
    <remembered-set count="11456" freebytes="11356416" totalbytes="11402240" percent="99" regionsoverflowed="0" regionsstable="10" regionsrebuilding="0"/>
  </mem-info>
</gc-start>
<allocation-stats totalBytes="75395776" >
  <allocated-bytes non-tlh="24592" tlh="75371184" arrayletleaf="0"/>
  <largest-consumer threadName="Thread-50" threadId="000000000211DE00" bytes="9849048" />
</allocation-stats>
<gc-op id="5206" type="copy forward" timems="95.257" contextid="5203" timestamp="2019-08-11T06:21:48.006">
  <memory-copied type="eden" objects="8205" bytes="3277632" bytesdiscarded="469304" />
  <memory-copied type="other" objects="26235" bytes="998376" bytesdiscarded="47816" />
  <memory-cardclean objects="1594" bytes="115704" />
  <memory-traced type="eden" objects="438" bytes="61712" />
  <memory-traced type="other" objects="0" bytes="0" />
  <regions eden="36" other="5" evacuated="40" marked="1" />
  <remembered-set-cleared processed="3645" cleared="1044" durationms="0.371" />
  <finalization candidates="1" enqueued="0" />
  <references type="soft" candidates="25" cleared="0" enqueued="0" dynamicThreshold="25" maxThreshold="32" />
  <references type="weak" candidates="94" cleared="0" enqueued="0" />
  <references type="phantom" candidates="29" cleared="0" enqueued="0" />
  <stringconstants candidates="15966" cleared="0"  />
</gc-op>
<gc-op id="5207" type="classunload" timems="0.013" contextid="5203" timestamp="2019-08-11T06:21:48.006">
  <classunload-info classloadercandidates="68" classloadersunloaded="0" classesunloaded="0" anonymousclassesunloaded="0" quiescems="0.000" setupms="0.013" scanms="0.000" postms="0.000" />
</gc-op>
<gc-op id="5208" type="sweep" timems="5.563" contextid="5203" timestamp="2019-08-11T06:21:48.011" />
<gc-op id="5209" type="compact" timems="11.221" contextid="5203" timestamp="2019-08-11T06:21:48.023">
  <compact-info movecount="0" movebytes="0" />
  <remembered-set-cleared processed="8162" cleared="1044" durationms="0.607" />
</gc-op>
<heap-resize id="5210" type="contract" space="default" amount="14680064" count="1" timems="0.673" reason="excess free space following gc" timestamp="2019-08-11T06:21:48.024" />
<gc-end id="5211" type="partial gc" contextid="5203" durationms="141.969" usertimems="44.740" systemtimems="58.221" timestamp="2019-08-11T06:21:48.024" activeThreads="16">
  <mem-info id="5212" free="197132288" total="255852544" percent="77">
    <mem type="eden" free="447120" total="6291456" percent="7" />
    <remembered-set count="7520" freebytes="10785280" totalbytes="10815360" percent="99" regionsoverflowed="0" regionsstable="10" regionsrebuilding="0"/>
  </mem-info>
</gc-end>
<cycle-end id="5213" type="partial gc" contextid="5203" timestamp="2019-08-11T06:21:48.026" />
  <attribute name="elasticGC enabled" value="1" />
  <attribute name= "numThreadsSpecified" value="16" />
  <attribute name="heapSize specified" value="0" />
  <attribute name="Current GC Util" value="92" />
  <attribute name= "Current Time Running" value="219204" />
  <attribute name ="GC Interval" value="0" />
  <attribute name="ProportionalT" value="6.000000" />
  <attribute name="ProportionalI" value="6.000000" />
  <attribute name="ProportionalH" value="6.000000" />
  <attribute name="Current Error" value="12.000000" />
  <attribute name="IntegralT" value="36.000000" />
  <attribute name="IntegralI" value="36.000000" />
  <attribute name="IntegralH" value="36.000000" />
  <attribute name="DerivativeT" value="2.000000" />
  <attribute name="DerivativeI" value="2.000000" />
  <attribute name="DerivativeH" value="2.000000" />
  <attribute name="Loop Time for DT" value="6.000000" />
  <attribute name="Output H" value="8388608"/>
  <attribute name="Output I" value="200"/>
  <attribute name="Output T" value="16"/>
  <attribute name="Target GC Util Change" value ="80.000000" />
  <attribute name="Current GC Util Change" value="92.000000"/>
  <attribute name="GC Util currently" value="92" />
  <attribute name="CPU Util currently" value="201321367947" />
<exclusive-end id="5214" timestamp="2019-08-11T06:21:48.027" durationms="147.176" />

<exclusive-start id="5215" timestamp="2019-08-11T06:21:48.205" intervalms="324.543">
  <response-info timems="12.670" idlems="7.996" threads="1" lastid="0000000002143500" lastname="Thread-42" />
</exclusive-start>
<allocation-taxation id="5216" taxation-threshold="71303168" timestamp="2019-08-11T06:21:48.210" intervalms="329.779" />
<cycle-start id="5217" type="partial gc" contextid="0" timestamp="2019-08-11T06:21:48.214" intervalms="333.327" />
<gc-start id="5218" type="partial gc" contextid="5217" timestamp="2019-08-11T06:21:48.216">
  <mem-info id="5219" free="125829120" total="255852544" percent="49">
    <mem type="eden" free="0" total="71303168" percent="0" />
    <remembered-set count="7520" freebytes="10785280" totalbytes="10815360" percent="99" regionsoverflowed="0" regionsstable="10" regionsrebuilding="0"/>
  </mem-info>
</gc-start>
<allocation-stats totalBytes="71196856" >
  <allocated-bytes non-tlh="508032" tlh="70688824" arrayletleaf="0"/>
  <largest-consumer threadName="Thread-50" threadId="000000000211DE00" bytes="10310408" />
</allocation-stats>
<gc-op id="5220" type="copy forward" timems="74.351" contextid="5217" timestamp="2019-08-11T06:21:48.314">
  <memory-copied type="eden" objects="8239" bytes="3424872" bytesdiscarded="498168" />
  <memory-copied type="other" objects="37" bytes="1400" bytesdiscarded="0" />
  <memory-cardclean objects="4700" bytes="329224" />
  <regions eden="34" other="4" />
  <remembered-set-cleared processed="4079" cleared="1077" durationms="0.438" />
  <references type="weak" candidates="1" cleared="0" enqueued="0" />
  <references type="phantom" candidates="5" cleared="0" enqueued="0" />
  <stringconstants candidates="15966" cleared="0"  />
</gc-op>
<gc-op id="5221" type="classunload" timems="0.011" contextid="5217" timestamp="2019-08-11T06:21:48.314">
  <classunload-info classloadercandidates="68" classloadersunloaded="0" classesunloaded="0" anonymousclassesunloaded="0" quiescems="0.000" setupms="0.011" scanms="0.000" postms="0.000" />
</gc-op>
<heap-resize id="5222" type="contract" space="default" amount="14680064" count="1" timems="0.703" reason="excess free space following gc" timestamp="2019-08-11T06:21:48.315" />
<gc-end id="5223" type="partial gc" contextid="5217" durationms="99.429" usertimems="36.864" systemtimems="57.322" timestamp="2019-08-11T06:21:48.315" activeThreads="16">
  <mem-info id="5224" free="180355072" total="241172480" percent="74">
    <mem type="eden" free="2368136" total="6291456" percent="37" />
    <remembered-set count="11680" freebytes="10181760" totalbytes="10228480" percent="99" regionsoverflowed="0" regionsstable="10" regionsrebuilding="0"/>
  </mem-info>
</gc-end>
<cycle-end id="5225" type="partial gc" contextid="5217" timestamp="2019-08-11T06:21:48.316" />
  <attribute name="elasticGC enabled" value="1" />
  <attribute name= "numThreadsSpecified" value="16" />
  <attribute name="heapSize specified" value="0" />
  <attribute name="Current GC Util" value="5" />
  <attribute name= "Current Time Running" value="219432" />
  <attribute name ="GC Interval" value="0" />
  <attribute name="ProportionalT" value="-37.500000" />
  <attribute name="ProportionalI" value="-37.500000" />
  <attribute name="ProportionalH" value="-37.500000" />
  <attribute name="Current Error" value="-75.000000" />
  <attribute name="IntegralT" value="-862.500000" />
  <attribute name="IntegralI" value="-862.500000" />
  <attribute name="IntegralH" value="-862.500000" />
  <attribute name="DerivativeT" value="-3.260870" />
  <attribute name="DerivativeI" value="-3.260870" />
  <attribute name="DerivativeH" value="-3.260870" />
  <attribute name="Loop Time for DT" value="23.000000" />
  <attribute name="Output H" value="4202627072"/>
  <attribute name="Output I" value="200"/>
  <attribute name="Output T" value="16"/>
  <attribute name="Target GC Util Change" value ="80.000000" />
  <attribute name="Current GC Util Change" value="5.000000"/>
  <attribute name="GC Util currently" value="5" />
  <attribute name="CPU Util currently" value="51827359149" />
<exclusive-end id="5226" timestamp="2019-08-11T06:21:48.316" durationms="111.284" />

<exclusive-start id="5227" timestamp="2019-08-11T06:21:48.439" intervalms="234.481">
  <response-info timems="15.425" idlems="15.425" threads="0" lastid="000000000212CD00" lastname="Thread-45" />
</exclusive-start>
<allocation-taxation id="5228" taxation-threshold="67108864" timestamp="2019-08-11T06:21:48.439" intervalms="229.234" />
<cycle-start id="5229" type="partial gc" contextid="0" timestamp="2019-08-11T06:21:48.439" intervalms="225.526" />
<gc-start id="5230" type="partial gc" contextid="5229" timestamp="2019-08-11T06:21:48.440">
  <mem-info id="5231" free="113246208" total="241172480" percent="46">
    <mem type="eden" free="0" total="67108864" percent="0" />
    <remembered-set count="11328" freebytes="10183168" totalbytes="10228480" percent="99" regionsoverflowed="0" regionsstable="10" regionsrebuilding="0"/>
  </mem-info>
</gc-start>
<allocation-stats totalBytes="66987440" >
  <allocated-bytes non-tlh="65552" tlh="66921888" arrayletleaf="0"/>
  <largest-consumer threadName="Thread-50" threadId="000000000211DE00" bytes="9641720" />
</allocation-stats>
<gc-op id="5232" type="copy forward" timems="36.589" contextid="5229" timestamp="2019-08-11T06:21:48.493">
  <memory-copied type="eden" objects="8655" bytes="3358864" bytesdiscarded="630208" />
  <memory-copied type="other" objects="25994" bytes="993016" bytesdiscarded="88856" />
  <memory-cardclean objects="2092" bytes="135840" />
  <regions eden="32" other="5" />
  <remembered-set-cleared processed="3492" cleared="953" durationms="3.298" />
  <finalization candidates="1" enqueued="0" />
  <references type="soft" candidates="25" cleared="0" enqueued="0" dynamicThreshold="23" maxThreshold="32" />
  <references type="weak" candidates="94" cleared="0" enqueued="0" />
  <references type="phantom" candidates="29" cleared="0" enqueued="0" />
  <stringconstants candidates="15966" cleared="0"  />
</gc-op>
<gc-op id="5233" type="classunload" timems="0.019" contextid="5229" timestamp="2019-08-11T06:21:48.493">
  <classunload-info classloadercandidates="68" classloadersunloaded="0" classesunloaded="0" anonymousclassesunloaded="0" quiescems="0.000" setupms="0.018" scanms="0.000" postms="0.000" />
</gc-op>
<heap-resize id="5234" type="contract" space="default" amount="12582912" count="1" timems="0.867" reason="excess free space following gc" timestamp="2019-08-11T06:21:48.494" />
<gc-end id="5235" type="partial gc" contextid="5229" durationms="54.300" usertimems="52.939" systemtimems="17.907" timestamp="2019-08-11T06:21:48.494" activeThreads="16">
  <mem-info id="5236" free="167772160" total="228589568" percent="73">
    <mem type="eden" free="204960" total="4194304" percent="4" />
    <remembered-set count="11840" freebytes="9594240" totalbytes="9641600" percent="99" regionsoverflowed="0" regionsstable="10" regionsrebuilding="0"/>
  </mem-info>
</gc-end>
<cycle-end id="5237" type="partial gc" contextid="5229" timestamp="2019-08-11T06:21:48.494" />
  <attribute name="elasticGC enabled" value="1" />
  <attribute name= "numThreadsSpecified" value="16" />
  <attribute name="heapSize specified" value="0" />
  <attribute name="Current GC Util" value="30" />
  <attribute name= "Current Time Running" value="219649" />
  <attribute name ="GC Interval" value="0" />
  <attribute name="ProportionalT" value="-25.000000" />
  <attribute name="ProportionalI" value="-25.000000" />
  <attribute name="ProportionalH" value="-25.000000" />
  <attribute name="Current Error" value="-50.000000" />
  <attribute name="IntegralT" value="-375.000000" />
  <attribute name="IntegralI" value="-375.000000" />
  <attribute name="IntegralH" value="-375.000000" />
  <attribute name="DerivativeT" value="-3.333333" />
  <attribute name="DerivativeI" value="-3.333333" />
  <attribute name="DerivativeH" value="-3.333333" />
  <attribute name="Loop Time for DT" value="15.000000" />
  <attribute name="Output H" value="4202627072"/>
  <attribute name="Output I" value="200"/>
  <attribute name="Output T" value="16"/>
  <attribute name="Target GC Util Change" value ="80.000000" />
  <attribute name="Current GC Util Change" value="30.000000"/>
  <attribute name="GC Util currently" value="30" />
  <attribute name="CPU Util currently" value="75485332166" />
<exclusive-end id="5238" timestamp="2019-08-11T06:21:48.495" durationms="55.315" />

<exclusive-start id="5239" timestamp="2019-08-11T06:21:48.705" intervalms="266.009">
  <response-info timems="1.343" idlems="0.697" threads="1" lastid="00000000020F8700" lastname="Thread-39" />
</exclusive-start>
<allocation-taxation id="5240" taxation-threshold="65011712" timestamp="2019-08-11T06:21:48.705" intervalms="266.012" />
<cycle-start id="5241" type="partial gc" contextid="0" timestamp="2019-08-11T06:21:48.706" intervalms="266.099" />
<gc-start id="5242" type="partial gc" contextid="5241" timestamp="2019-08-11T06:21:48.706">
  <mem-info id="5243" free="102760448" total="228589568" percent="44">
    <mem type="eden" free="0" total="65011712" percent="0" />
    <remembered-set count="11776" freebytes="9594496" totalbytes="9641600" percent="99" regionsoverflowed="0" regionsstable="10" regionsrebuilding="0"/>
  </mem-info>
</gc-start>
<allocation-stats totalBytes="64807816" >
  <allocated-bytes non-tlh="32776" tlh="64775040" arrayletleaf="0"/>
  <largest-consumer threadName="Thread-47" threadId="0000000002147100" bytes="7082616" />
</allocation-stats>
<gc-op id="5244" type="copy forward" timems="19.492" contextid="5241" timestamp="2019-08-11T06:21:48.730">
  <memory-copied type="eden" objects="9727" bytes="3900184" bytesdiscarded="924296" />
  <memory-copied type="other" objects="25856" bytes="989296" bytesdiscarded="79440" />
  <memory-cardclean objects="3973" bytes="356432" />
  <regions eden="31" other="3" />
  <remembered-set-cleared processed="3336" cleared="1041" durationms="0.198" />
  <finalization candidates="1" enqueued="0" />
  <references type="soft" candidates="25" cleared="0" enqueued="0" dynamicThreshold="23" maxThreshold="32" />
  <references type="weak" candidates="93" cleared="0" enqueued="0" />
  <references type="phantom" candidates="30" cleared="0" enqueued="0" />
  <stringconstants candidates="15966" cleared="0"  />
</gc-op>
<gc-op id="5245" type="classunload" timems="0.015" contextid="5241" timestamp="2019-08-11T06:21:48.730">
  <classunload-info classloadercandidates="68" classloadersunloaded="0" classesunloaded="0" anonymousclassesunloaded="0" quiescems="0.000" setupms="0.013" scanms="0.000" postms="0.000" />
</gc-op>
<heap-resize id="5246" type="contract" space="default" amount="12582912" count="1" timems="0.601" reason="excess free space following gc" timestamp="2019-08-11T06:21:48.731" />
<gc-end id="5247" type="partial gc" contextid="5241" durationms="24.928" usertimems="51.915" systemtimems="14.187" timestamp="2019-08-11T06:21:48.731" activeThreads="16">
  <mem-info id="5248" free="148897792" total="216006656" percent="68">
    <mem type="eden" free="3563832" total="8388608" percent="42" />
    <remembered-set count="13152" freebytes="9085952" totalbytes="9138560" percent="99" regionsoverflowed="0" regionsstable="10" regionsrebuilding="0"/>
  </mem-info>
</gc-end>
<cycle-end id="5249" type="partial gc" contextid="5241" timestamp="2019-08-11T06:21:48.731" />
  <attribute name="elasticGC enabled" value="1" />
  <attribute name= "numThreadsSpecified" value="16" />
  <attribute name="heapSize specified" value="0" />
  <attribute name="Current GC Util" value="20" />
  <attribute name= "Current Time Running" value="219903" />
  <attribute name ="GC Interval" value="0" />
  <attribute name="ProportionalT" value="-30.000000" />
  <attribute name="ProportionalI" value="-30.000000" />
  <attribute name="ProportionalH" value="-30.000000" />
  <attribute name="Current Error" value="-60.000000" />
  <attribute name="IntegralT" value="-120.000000" />
  <attribute name="IntegralI" value="-120.000000" />
  <attribute name="IntegralH" value="-120.000000" />
  <attribute name="DerivativeT" value="-15.000000" />
  <attribute name="DerivativeI" value="-15.000000" />
  <attribute name="DerivativeH" value="-15.000000" />
  <attribute name="Loop Time for DT" value="4.000000" />
  <attribute name="Output H" value="4202627072"/>
  <attribute name="Output I" value="200"/>
  <attribute name="Output T" value="16"/>
  <attribute name="Target GC Util Change" value ="80.000000" />
  <attribute name="Current GC Util Change" value="20.000000"/>
  <attribute name="GC Util currently" value="20" />
  <attribute name="CPU Util currently" value="267652235081" />
<exclusive-end id="5250" timestamp="2019-08-11T06:21:48.731" durationms="25.976" />

<exclusive-start id="5251" timestamp="2019-08-11T06:21:48.978" intervalms="273.093">
  <response-info timems="2.081" idlems="2.081" threads="0" lastid="0000000002143500" lastname="Thread-42" />
</exclusive-start>
<allocation-taxation id="5252" taxation-threshold="60817408" timestamp="2019-08-11T06:21:48.979" intervalms="273.187" />
<cycle-start id="5253" type="partial gc" contextid="0" timestamp="2019-08-11T06:21:48.979" intervalms="273.121" />
<gc-start id="5254" type="partial gc" contextid="5253" timestamp="2019-08-11T06:21:48.979">
  <mem-info id="5255" free="88080384" total="216006656" percent="40">
    <mem type="eden" free="0" total="60817408" percent="0" />
    <remembered-set count="12768" freebytes="9087488" totalbytes="9138560" percent="99" regionsoverflowed="0" regionsstable="10" regionsrebuilding="0"/>
  </mem-info>
</gc-start>
<allocation-stats totalBytes="60671944" >
  <allocated-bytes non-tlh="16392" tlh="60655552" arrayletleaf="0"/>
  <largest-consumer threadName="Thread-38" threadId="00000000020FFF00" bytes="7769080" />
</allocation-stats>
<gc-op id="5256" type="copy forward" timems="118.728" contextid="5253" timestamp="2019-08-11T06:21:49.102">
  <memory-copied type="eden" objects="9472" bytes="3747520" bytesdiscarded="661872" />
  <memory-copied type="other" objects="25735" bytes="986248" bytesdiscarded="94312" />
  <memory-cardclean objects="2210" bytes="141976" />
  <regions eden="29" other="5" />
  <remembered-set-cleared processed="3622" cleared="1067" durationms="6.309" />
  <finalization candidates="1" enqueued="0" />
  <references type="soft" candidates="25" cleared="0" enqueued="0" dynamicThreshold="22" maxThreshold="32" />
  <references type="weak" candidates="93" cleared="0" enqueued="0" />
  <references type="phantom" candidates="27" cleared="0" enqueued="0" />
  <stringconstants candidates="15966" cleared="0"  />
</gc-op>
<gc-op id="5257" type="classunload" timems="0.018" contextid="5253" timestamp="2019-08-11T06:21:49.102">
  <classunload-info classloadercandidates="68" classloadersunloaded="0" classesunloaded="0" anonymousclassesunloaded="0" quiescems="0.000" setupms="0.018" scanms="0.000" postms="0.000" />
</gc-op>
<heap-resize id="5258" type="contract" space="default" amount="12582912" count="1" timems="0.687" reason="excess free space following gc" timestamp="2019-08-11T06:21:49.103" />
<gc-end id="5259" type="partial gc" contextid="5253" durationms="124.286" usertimems="189.621" systemtimems="78.133" timestamp="2019-08-11T06:21:49.103" activeThreads="16">
  <mem-info id="5260" free="136314880" total="203423744" percent="67">
    <mem type="eden" free="1881792" total="6291456" percent="29" />
    <remembered-set count="13440" freebytes="8581760" totalbytes="8635520" percent="99" regionsoverflowed="0" regionsstable="10" regionsrebuilding="0"/>
  </mem-info>
</gc-end>
<cycle-end id="5261" type="partial gc" contextid="5253" timestamp="2019-08-11T06:21:49.103" />
  <attribute name="elasticGC enabled" value="1" />
  <attribute name= "numThreadsSpecified" value="16" />
  <attribute name="heapSize specified" value="0" />
  <attribute name="Current GC Util" value="32" />
  <attribute name= "Current Time Running" value="220176" />
  <attribute name ="GC Interval" value="0" />
  <attribute name="ProportionalT" value="-24.000000" />
  <attribute name="ProportionalI" value="-24.000000" />
  <attribute name="ProportionalH" value="-24.000000" />
  <attribute name="Current Error" value="-48.000000" />
  <attribute name="IntegralT" value="-96.000000" />
  <attribute name="IntegralI" value="-96.000000" />
  <attribute name="IntegralH" value="-96.000000" />
  <attribute name="DerivativeT" value="-12.000000" />
  <attribute name="DerivativeI" value="-12.000000" />
  <attribute name="DerivativeH" value="-12.000000" />
  <attribute name="Loop Time for DT" value="4.000000" />
  <attribute name="Output H" value="4202627072"/>
  <attribute name="Output I" value="200"/>
  <attribute name="Output T" value="16"/>
  <attribute name="Target GC Util Change" value ="80.000000" />
  <attribute name="Current GC Util Change" value="32.000000"/>
  <attribute name="GC Util currently" value="32" />
  <attribute name="CPU Util currently" value="283000632341" />
<exclusive-end id="5262" timestamp="2019-08-11T06:21:49.104" durationms="125.147" />

<exclusive-start id="5263" timestamp="2019-08-11T06:21:49.157" intervalms="178.410">
  <response-info timems="6.009" idlems="6.009" threads="0" lastid="000000000210EE00" lastname="Thread-44" />
</exclusive-start>
<allocation-taxation id="5264" taxation-threshold="29360128" timestamp="2019-08-11T06:21:49.157" intervalms="178.304" />
<cycle-start id="5265" type="global mark phase" contextid="0" timestamp="2019-08-11T06:21:49.157" intervalms="27269.069" />
<gc-start id="5266" type="global mark phase" contextid="5265" timestamp="2019-08-11T06:21:49.157">
  <mem-info id="5267" free="106954752" total="203423744" percent="52">
    <remembered-set count="13184" freebytes="8582784" totalbytes="8635520" percent="99" regionsoverflowed="0" regionsstable="10" regionsrebuilding="0"/>
  </mem-info>
</gc-start>
<gc-op id="5268" type="mark increment" timems="16.887" contextid="5265" timestamp="2019-08-11T06:21:49.174">
  <trace-info objectcount="667112" scancount="573770" scanbytes="16585500" />
</gc-op>
<gc-end id="5269" type="global mark phase" contextid="5265" durationms="16.939" usertimems="84.768" systemtimems="0.000" timestamp="2019-08-11T06:21:49.174" activeThreads="16">
  <mem-info id="5270" free="106954752" total="203423744" percent="52">
    <remembered-set count="134016" freebytes="8099456" totalbytes="8635520" percent="93" regionsoverflowed="0" regionsstable="0" regionsrebuilding="10"/>
  </mem-info>
</gc-end>
<exclusive-end id="5271" timestamp="2019-08-11T06:21:49.175" durationms="18.297" />

<exclusive-start id="5272" timestamp="2019-08-11T06:21:49.208" intervalms="51.050">
  <response-info timems="3.190" idlems="1.939" threads="3" lastid="0000000002107600" lastname="Thread-40" />
</exclusive-start>
<allocation-taxation id="5273" taxation-threshold="29360128" timestamp="2019-08-11T06:21:49.208" intervalms="51.126" />
<cycle-start id="5274" type="partial gc" contextid="0" timestamp="2019-08-11T06:21:49.208" intervalms="229.664" />
<gc-start id="5275" type="partial gc" contextid="5274" timestamp="2019-08-11T06:21:49.209">
  <mem-info id="5276" free="77594624" total="203423744" percent="38">
    <mem type="eden" free="0" total="58720256" percent="0" />
    <remembered-set count="133600" freebytes="8101120" totalbytes="8635520" percent="93" regionsoverflowed="0" regionsstable="0" regionsrebuilding="10"/>
  </mem-info>
</gc-start>
<allocation-stats totalBytes="58517320" >
  <allocated-bytes non-tlh="16392" tlh="58500928" arrayletleaf="0"/>
  <largest-consumer threadName="Thread-44" threadId="000000000210EE00" bytes="3275856" />
</allocation-stats>
<gc-op id="5277" type="copy forward" timems="119.237" contextid="5274" timestamp="2019-08-11T06:21:49.330">
  <memory-copied type="eden" objects="9724" bytes="3812448" bytesdiscarded="643960" />
  <memory-copied type="other" objects="25634" bytes="983664" bytesdiscarded="37224" />
  <memory-cardclean objects="101584" bytes="3406448" />
  <regions eden="28" other="4" />
  <remembered-set-cleared processed="97576" cleared="29005" durationms="0.555" />
  <finalization candidates="1" enqueued="0" />
  <references type="soft" candidates="25" cleared="0" enqueued="0" dynamicThreshold="16" maxThreshold="32" />
  <references type="weak" candidates="93" cleared="0" enqueued="0" />
  <references type="phantom" candidates="26" cleared="0" enqueued="0" />
  <stringconstants candidates="15966" cleared="0"  />
</gc-op>
<gc-op id="5278" type="classunload" timems="0.012" contextid="5274" timestamp="2019-08-11T06:21:49.330">
  <classunload-info classloadercandidates="68" classloadersunloaded="0" classesunloaded="0" anonymousclassesunloaded="0" quiescems="0.000" setupms="0.012" scanms="0.000" postms="0.000" />
</gc-op>
<heap-resize id="5279" type="contract" space="default" amount="10485760" count="1" timems="0.463" reason="excess free space following gc" timestamp="2019-08-11T06:21:49.331" />
<gc-end id="5280" type="partial gc" contextid="5274" durationms="122.057" usertimems="119.358" systemtimems="60.126" timestamp="2019-08-11T06:21:49.331" activeThreads="16">
  <mem-info id="5281" free="123731968" total="192937984" percent="64">
    <mem type="eden" free="1834784" total="6291456" percent="29" />
    <remembered-set count="97792" freebytes="7741312" totalbytes="8132480" percent="95" regionsoverflowed="0" regionsstable="0" regionsrebuilding="10"/>
  </mem-info>
</gc-end>
<cycle-end id="5282" type="partial gc" contextid="5274" timestamp="2019-08-11T06:21:49.331" />
  <attribute name="elasticGC enabled" value="1" />
  <attribute name= "numThreadsSpecified" value="16" />
  <attribute name="heapSize specified" value="0" />
  <attribute name="Current GC Util" value="70" />
  <attribute name= "Current Time Running" value="220403" />
  <attribute name ="GC Interval" value="0" />
  <attribute name="ProportionalT" value="-5.000000" />
  <attribute name="ProportionalI" value="-5.000000" />
  <attribute name="ProportionalH" value="-5.000000" />
  <attribute name="Current Error" value="-10.000000" />
  <attribute name="IntegralT" value="-5.000000" />
  <attribute name="IntegralI" value="-5.000000" />
  <attribute name="IntegralH" value="-5.000000" />
  <attribute name="DerivativeT" value="-74.000000" />
  <attribute name="DerivativeI" value="-74.000000" />
  <attribute name="DerivativeH" value="-74.000000" />
  <attribute name="Loop Time for DT" value="1.000000" />
  <attribute name="Output H" value="4202627072"/>
  <attribute name="Output I" value="200"/>
  <attribute name="Output T" value="16"/>
  <attribute name="Target GC Util Change" value ="80.000000" />
  <attribute name="Current GC Util Change" value="70.000000"/>
  <attribute name="GC Util currently" value="70" />
  <attribute name="CPU Util currently" value="689750062951" />
<exclusive-end id="5283" timestamp="2019-08-11T06:21:49.331" durationms="123.158" />

<exclusive-start id="5284" timestamp="2019-08-11T06:21:49.437" intervalms="229.225">
  <response-info timems="4.501" idlems="2.222" threads="2" lastid="000000000210EE00" lastname="Thread-44" />
</exclusive-start>
<allocation-taxation id="5285" taxation-threshold="27262976" timestamp="2019-08-11T06:21:49.437" intervalms="229.137" />
<gc-start id="5286" type="global mark phase" contextid="5265" timestamp="2019-08-11T06:21:49.437">
  <mem-info id="5287" free="96468992" total="192937984" percent="50">
    <remembered-set count="97472" freebytes="7742592" totalbytes="8132480" percent="95" regionsoverflowed="0" regionsstable="0" regionsrebuilding="10"/>
  </mem-info>
</gc-start>
<gc-op id="5288" type="mark increment" timems="24.920" contextid="5265" timestamp="2019-08-11T06:21:49.462">
  <trace-info objectcount="10186" scancount="8196" scanbytes="1909792" />
  <cardclean-info objects="153628" bytes="4232348" />
  <finalization candidates="154" enqueued="0" />
  <ownableSynchronizers candidates="22" cleared="0" />
  <references type="soft" candidates="2018" cleared="0" enqueued="0" dynamicThreshold="20" maxThreshold="32" />
  <references type="weak" candidates="6366" cleared="20" enqueued="19" />
  <references type="phantom" candidates="900" cleared="0" enqueued="0" />
  <stringconstants candidates="15966" cleared="0"  />
</gc-op>
<gc-op id="5289" type="classunload" timems="0.016" contextid="5265" timestamp="2019-08-11T06:21:49.462">
  <classunload-info classloadercandidates="68" classloadersunloaded="0" classesunloaded="0" anonymousclassesunloaded="0" quiescems="0.000" setupms="0.016" scanms="0.000" postms="0.000" />
</gc-op>
<gc-end id="5290" type="global mark phase" contextid="5265" durationms="25.056" usertimems="49.805" systemtimems="17.596" timestamp="2019-08-11T06:21:49.462" activeThreads="16">
  <mem-info id="5291" free="96468992" total="192937984" percent="50">
    <pending-finalizers system="0" default="0" reference="19" classloader="0" />
    <remembered-set count="117440" freebytes="7662720" totalbytes="8132480" percent="94" regionsoverflowed="0" regionsstable="0" regionsrebuilding="0"/>
  </mem-info>
</gc-end>
<cycle-end id="5292" type="global mark phase" contextid="5265" timestamp="2019-08-11T06:21:49.462" />
  <attribute name="elasticGC enabled" value="1" />
  <attribute name= "numThreadsSpecified" value="16" />
  <attribute name="heapSize specified" value="0" />
  <attribute name="Current GC Util" value="156" />
  <attribute name= "Current Time Running" value="220640" />
  <attribute name ="GC Interval" value="0" />
  <attribute name="ProportionalT" value="38.000000" />
  <attribute name="ProportionalI" value="38.000000" />
  <attribute name="ProportionalH" value="38.000000" />
  <attribute name="Current Error" value="76.000000" />
  <attribute name="IntegralT" value="114.000000" />
  <attribute name="IntegralI" value="114.000000" />
  <attribute name="IntegralH" value="114.000000" />
  <attribute name="DerivativeT" value="-32.666667" />
  <attribute name="DerivativeI" value="-32.666667" />
  <attribute name="DerivativeH" value="-32.666667" />
  <attribute name="Loop Time for DT" value="3.000000" />
  <attribute name="Output H" value="8388608"/>
  <attribute name="Output I" value="200"/>
  <attribute name="Output T" value="16"/>
  <attribute name="Target GC Util Change" value ="80.000000" />
  <attribute name="Current GC Util Change" value="156.000000"/>
  <attribute name="GC Util currently" value="156" />
  <attribute name="CPU Util currently" value="420842724044" />
<exclusive-end id="5293" timestamp="2019-08-11T06:21:49.463" durationms="25.526" />

<exclusive-start id="5294" timestamp="2019-08-11T06:21:49.523" intervalms="86.412">
  <response-info timems="17.561" idlems="17.561" threads="0" lastid="0000000002147100" lastname="Thread-47" />
</exclusive-start>
<allocation-taxation id="5295" taxation-threshold="27262976" timestamp="2019-08-11T06:21:49.524" intervalms="86.431" />
<cycle-start id="5296" type="partial gc" contextid="0" timestamp="2019-08-11T06:21:49.524" intervalms="315.319" />
<gc-start id="5297" type="partial gc" contextid="5296" timestamp="2019-08-11T06:21:49.532">
  <mem-info id="5298" free="69206016" total="192937984" percent="35">
    <mem type="eden" free="0" total="54525952" percent="0" />
    <remembered-set count="10016" freebytes="8092416" totalbytes="8132480" percent="99" regionsoverflowed="0" regionsstable="10" regionsrebuilding="0"/>
  </mem-info>
</gc-start>
<allocation-stats totalBytes="54195304" >
  <allocated-bytes non-tlh="49168" tlh="54146136" arrayletleaf="0"/>
  <largest-consumer threadName="Thread-43" threadId="00000000020ED300" bytes="3299688" />
</allocation-stats>
<gc-op id="5299" type="sweep" timems="14.828" contextid="5296" timestamp="2019-08-11T06:21:49.547" />
<gc-op id="5300" type="copy forward" timems="18.226" contextid="5296" timestamp="2019-08-11T06:21:49.567">
  <memory-copied type="eden" objects="8428" bytes="3242968" bytesdiscarded="739122" />
  <memory-copied type="other" objects="2172" bytes="882336" bytesdiscarded="200822" />
  <memory-cardclean objects="6597" bytes="324360" />
  <regions eden="13" other="18" />
  <remembered-set-cleared processed="3605" cleared="1046" durationms="0.450" />
  <references type="phantom" candidates="1" cleared="0" enqueued="0" />
  <stringconstants candidates="15966" cleared="0"  />
</gc-op>
<gc-op id="5301" type="classunload" timems="0.013" contextid="5296" timestamp="2019-08-11T06:21:49.567">
  <classunload-info classloadercandidates="68" classloadersunloaded="0" classesunloaded="0" anonymousclassesunloaded="0" quiescems="0.000" setupms="0.013" scanms="0.000" postms="0.000" />
</gc-op>
<heap-resize id="5302" type="contract" space="default" amount="10485760" count="1" timems="0.506" reason="excess free space following gc" timestamp="2019-08-11T06:21:49.568" />
<gc-end id="5303" type="partial gc" contextid="5296" durationms="37.534" usertimems="52.250" systemtimems="17.164" timestamp="2019-08-11T06:21:49.569" activeThreads="16">
  <mem-info id="5304" free="113246208" total="182452224" percent="62">
    <mem type="eden" free="1227392" total="6291456" percent="19" />
    <remembered-set count="10624" freebytes="7670784" totalbytes="7713280" percent="99" regionsoverflowed="0" regionsstable="10" regionsrebuilding="0"/>
  </mem-info>
</gc-end>
<cycle-end id="5305" type="partial gc" contextid="5296" timestamp="2019-08-11T06:21:49.569" />
  <attribute name="elasticGC enabled" value="1" />
  <attribute name= "numThreadsSpecified" value="16" />
  <attribute name="heapSize specified" value="0" />
  <attribute name="Current GC Util" value="103" />
  <attribute name= "Current Time Running" value="220741" />
  <attribute name ="GC Interval" value="0" />
  <attribute name="ProportionalT" value="11.500000" />
  <attribute name="ProportionalI" value="11.500000" />
  <attribute name="ProportionalH" value="11.500000" />
  <attribute name="Current Error" value="23.000000" />
  <attribute name="IntegralT" value="11.500000" />
  <attribute name="IntegralI" value="11.500000" />
  <attribute name="IntegralH" value="11.500000" />
  <attribute name="DerivativeT" value="23.000000" />
  <attribute name="DerivativeI" value="23.000000" />
  <attribute name="DerivativeH" value="23.000000" />
  <attribute name="Loop Time for DT" value="1.000000" />
  <attribute name="Output H" value="8388608"/>
  <attribute name="Output I" value="200"/>
  <attribute name="Output T" value="16"/>
  <attribute name="Target GC Util Change" value ="80.000000" />
  <attribute name="Current GC Util Change" value="103.000000"/>
  <attribute name="GC Util currently" value="103" />
  <attribute name="CPU Util currently" value="887171053150" />
<exclusive-end id="5306" timestamp="2019-08-11T06:21:49.571" durationms="47.531" />

<exclusive-start id="5307" timestamp="2019-08-11T06:21:49.636" intervalms="112.559">
  <response-info timems="0.767" idlems="0.767" threads="0" lastid="00000000020F4B00" lastname="Thread-51" />
</exclusive-start>
<allocation-taxation id="5308" taxation-threshold="25165824" timestamp="2019-08-11T06:21:49.636" intervalms="112.584" />
<cycle-start id="5309" type="global mark phase" contextid="0" timestamp="2019-08-11T06:21:49.636" intervalms="479.397" />
<gc-start id="5310" type="global mark phase" contextid="5309" timestamp="2019-08-11T06:21:49.636">
  <mem-info id="5311" free="88080384" total="182452224" percent="48">
    <remembered-set count="10176" freebytes="7672576" totalbytes="7713280" percent="99" regionsoverflowed="0" regionsstable="10" regionsrebuilding="0"/>
  </mem-info>
</gc-start>
<gc-op id="5312" type="mark increment" timems="37.119" contextid="5309" timestamp="2019-08-11T06:21:49.674">
  <trace-info objectcount="48613" scancount="29868" scanbytes="1634212" />
</gc-op>
<gc-end id="5313" type="global mark phase" contextid="5309" durationms="37.185" usertimems="50.085" systemtimems="26.061" timestamp="2019-08-11T06:21:49.674" activeThreads="16">
  <mem-info id="5314" free="88080384" total="182452224" percent="48">
    <remembered-set count="16320" freebytes="7648000" totalbytes="7713280" percent="99" regionsoverflowed="0" regionsstable="0" regionsrebuilding="10"/>
  </mem-info>
</gc-end>
<concurrent-start id="5315" type="GMP work packet processing" contextid="5309" timestamp="2019-08-11T06:21:49.674">
  <concurrent-mark-start scanTarget="25842550" />
</concurrent-start>
<exclusive-end id="5316" timestamp="2019-08-11T06:21:49.732" durationms="95.678" />

<concurrent-end id="5317" type="GMP work packet processing" contextid="5309" timestamp="2019-08-11T06:21:49.827">
  <concurrent-mark-end bytesScanned="15094280" reasonForTermination="Completed all work in GC phase" />
</concurrent-end>

<exclusive-start id="5318" timestamp="2019-08-11T06:21:49.828" intervalms="191.903">
  <response-info timems="2.969" idlems="0.550" threads="12" lastid="00000000020ED300" lastname="Thread-43" />
</exclusive-start>
<allocation-taxation id="5319" taxation-threshold="25165824" timestamp="2019-08-11T06:21:49.828" intervalms="191.866" />
<cycle-start id="5320" type="partial gc" contextid="0" timestamp="2019-08-11T06:21:49.828" intervalms="304.535" />
<gc-start id="5321" type="partial gc" contextid="5320" timestamp="2019-08-11T06:21:49.828">
  <mem-info id="5322" free="62914560" total="182452224" percent="34">
    <mem type="eden" free="0" total="50331648" percent="0" />
    <remembered-set count="132992" freebytes="7181312" totalbytes="7713280" percent="93" regionsoverflowed="0" regionsstable="0" regionsrebuilding="10"/>
  </mem-info>
</gc-start>
<allocation-stats totalBytes="50157360" >
  <allocated-bytes non-tlh="98328" tlh="50059032" arrayletleaf="0"/>
  <largest-consumer threadName="Thread-38" threadId="00000000020FFF00" bytes="4979504" />
</allocation-stats>
<gc-op id="5323" type="copy forward" timems="66.252" contextid="5320" timestamp="2019-08-11T06:21:49.902">
  <memory-copied type="eden" objects="10145" bytes="4104576" bytesdiscarded="1104576" />
  <memory-copied type="other" objects="28152" bytes="1730600" bytesdiscarded="252096" />
  <memory-cardclean objects="65313" bytes="2449088" />
  <regions eden="24" other="6" />
  <remembered-set-cleared processed="101844" cleared="29334" durationms="0.876" />
  <finalization candidates="16" enqueued="0" />
  <references type="soft" candidates="507" cleared="0" enqueued="0" dynamicThreshold="15" maxThreshold="32" />
  <references type="weak" candidates="1787" cleared="0" enqueued="0" />
  <references type="phantom" candidates="90" cleared="0" enqueued="0" />
  <stringconstants candidates="15966" cleared="0"  />
</gc-op>
<gc-op id="5324" type="classunload" timems="0.016" contextid="5320" timestamp="2019-08-11T06:21:49.902">
  <classunload-info classloadercandidates="68" classloadersunloaded="0" classesunloaded="0" anonymousclassesunloaded="0" quiescems="0.000" setupms="0.016" scanms="0.000" postms="0.000" />
</gc-op>
<heap-resize id="5325" type="contract" space="default" amount="4194304" count="1" timems="0.217" reason="excess free space following gc" timestamp="2019-08-11T06:21:49.902" />
<gc-end id="5326" type="partial gc" contextid="5320" durationms="74.061" usertimems="53.469" systemtimems="41.607" timestamp="2019-08-11T06:21:49.903" activeThreads="16">
  <mem-info id="5327" free="109051904" total="178257920" percent="61">
    <mem type="eden" free="1082024" total="6291456" percent="17" />
    <remembered-set count="101760" freebytes="6887040" totalbytes="7294080" percent="94" regionsoverflowed="0" regionsstable="0" regionsrebuilding="10"/>
  </mem-info>
</gc-end>
<cycle-end id="5328" type="partial gc" contextid="5320" timestamp="2019-08-11T06:21:49.904" />
  <attribute name="elasticGC enabled" value="1" />
  <attribute name= "numThreadsSpecified" value="16" />
  <attribute name="heapSize specified" value="0" />
  <attribute name="Current GC Util" value="70" />
  <attribute name= "Current Time Running" value="221028" />
  <attribute name ="GC Interval" value="0" />
  <attribute name="ProportionalT" value="-5.000000" />
  <attribute name="ProportionalI" value="-5.000000" />
  <attribute name="ProportionalH" value="-5.000000" />
  <attribute name="Current Error" value="-10.000000" />
  <attribute name="IntegralT" value="-35.000000" />
  <attribute name="IntegralI" value="-35.000000" />
  <attribute name="IntegralH" value="-35.000000" />
  <attribute name="DerivativeT" value="-16.714286" />
  <attribute name="DerivativeI" value="-16.714286" />
  <attribute name="DerivativeH" value="-16.714286" />
  <attribute name="Loop Time for DT" value="7.000000" />
  <attribute name="Output H" value="4202627072"/>
  <attribute name="Output I" value="200"/>
  <attribute name="Output T" value="16"/>
  <attribute name="Target GC Util Change" value ="80.000000" />
  <attribute name="Current GC Util Change" value="70.000000"/>
  <attribute name="GC Util currently" value="70" />
  <attribute name="CPU Util currently" value="168852234011" />
<exclusive-end id="5329" timestamp="2019-08-11T06:21:49.904" durationms="76.354" />

<exclusive-start id="5330" timestamp="2019-08-11T06:21:49.966" intervalms="138.258">
  <response-info timems="0.770" idlems="0.770" threads="0" lastid="00000000020F4B00" lastname="Thread-51" />
</exclusive-start>
<allocation-taxation id="5331" taxation-threshold="25165824" timestamp="2019-08-11T06:21:49.966" intervalms="138.252" />
<gc-start id="5332" type="global mark phase" contextid="5309" timestamp="2019-08-11T06:21:49.966">
  <mem-info id="5333" free="83886080" total="178257920" percent="47">
    <remembered-set count="101568" freebytes="6887808" totalbytes="7294080" percent="94" regionsoverflowed="0" regionsstable="0" regionsrebuilding="10"/>
  </mem-info>
</gc-start>
<gc-op id="5334" type="mark increment" timems="41.808" contextid="5309" timestamp="2019-08-11T06:21:50.008">
  <trace-info objectcount="9400" scancount="7479" scanbytes="1680232" />
  <cardclean-info objects="102791" bytes="3327332" />
  <finalization candidates="154" enqueued="0" />
  <ownableSynchronizers candidates="22" cleared="0" />
  <references type="soft" candidates="2018" cleared="4" enqueued="4" dynamicThreshold="19" maxThreshold="32" />
  <references type="weak" candidates="6347" cleared="0" enqueued="0" />
  <references type="phantom" candidates="901" cleared="0" enqueued="0" />
  <stringconstants candidates="15966" cleared="0"  />
</gc-op>
<gc-op id="5335" type="classunload" timems="0.017" contextid="5309" timestamp="2019-08-11T06:21:50.008">
  <classunload-info classloadercandidates="68" classloadersunloaded="0" classesunloaded="0" anonymousclassesunloaded="0" quiescems="0.000" setupms="0.017" scanms="0.000" postms="0.000" />
</gc-op>
<gc-end id="5336" type="global mark phase" contextid="5309" durationms="41.949" usertimems="40.275" systemtimems="26.244" timestamp="2019-08-11T06:21:50.008" activeThreads="16">
  <mem-info id="5337" free="83886080" total="178257920" percent="47">
    <pending-finalizers system="0" default="0" reference="4" classloader="0" />
    <remembered-set count="117440" freebytes="6824320" totalbytes="7294080" percent="93" regionsoverflowed="0" regionsstable="0" regionsrebuilding="0"/>
  </mem-info>
</gc-end>
<cycle-end id="5338" type="global mark phase" contextid="5309" timestamp="2019-08-11T06:21:50.009" />
  <attribute name="elasticGC enabled" value="1" />
  <attribute name= "numThreadsSpecified" value="16" />
  <attribute name="heapSize specified" value="0" />
  <attribute name="Current GC Util" value="152" />
  <attribute name= "Current Time Running" value="221167" />
  <attribute name ="GC Interval" value="0" />
  <attribute name="ProportionalT" value="36.000000" />
  <attribute name="ProportionalI" value="36.000000" />
  <attribute name="ProportionalH" value="36.000000" />
  <attribute name="Current Error" value="72.000000" />
  <attribute name="IntegralT" value="108.000000" />
  <attribute name="IntegralI" value="108.000000" />
  <attribute name="IntegralH" value="108.000000" />
  <attribute name="DerivativeT" value="-24.333333" />
  <attribute name="DerivativeI" value="-24.333333" />
  <attribute name="DerivativeH" value="-24.333333" />
  <attribute name="Loop Time for DT" value="3.000000" />
  <attribute name="Output H" value="8388608"/>
  <attribute name="Output I" value="200"/>
  <attribute name="Output T" value="16"/>
  <attribute name="Target GC Util Change" value ="80.000000" />
  <attribute name="Current GC Util Change" value="152.000000"/>
  <attribute name="GC Util currently" value="152" />
  <attribute name="CPU Util currently" value="444917317907" />
<exclusive-end id="5339" timestamp="2019-08-11T06:21:50.009" durationms="42.937" />

<exclusive-start id="5340" timestamp="2019-08-11T06:21:50.050" intervalms="84.129">
  <response-info timems="20.170" idlems="20.170" threads="0" lastid="00000000020FFF00" lastname="Thread-38" />
</exclusive-start>
<allocation-taxation id="5341" taxation-threshold="25165824" timestamp="2019-08-11T06:21:50.051" intervalms="85.108" />
<cycle-start id="5342" type="partial gc" contextid="0" timestamp="2019-08-11T06:21:50.052" intervalms="224.281" />
<gc-start id="5343" type="partial gc" contextid="5342" timestamp="2019-08-11T06:21:50.053">
  <mem-info id="5344" free="58720256" total="178257920" percent="32">
    <mem type="eden" free="0" total="50331648" percent="0" />
    <remembered-set count="11136" freebytes="7249536" totalbytes="7294080" percent="99" regionsoverflowed="0" regionsstable="10" regionsrebuilding="0"/>
  </mem-info>
</gc-start>
<allocation-stats totalBytes="50095064" >
  <allocated-bytes non-tlh="32776" tlh="50062288" arrayletleaf="0"/>
  <largest-consumer threadName="Thread-49" threadId="00000000020F0F00" bytes="3182984" />
</allocation-stats>
<gc-op id="5345" type="sweep" timems="10.982" contextid="5342" timestamp="2019-08-11T06:21:50.064" />
<gc-op id="5346" type="copy forward" timems="38.010" contextid="5342" timestamp="2019-08-11T06:21:50.104">
  <memory-copied type="eden" objects="8177" bytes="3353760" bytesdiscarded="710570" />
  <memory-copied type="other" objects="627" bytes="221016" bytesdiscarded="29846" />
  <memory-cardclean objects="8440" bytes="487088" />
  <regions eden="12" other="16" />
  <remembered-set-cleared processed="3164" cleared="980" durationms="0.195" />
  <references type="phantom" candidates="3" cleared="0" enqueued="0" />
  <stringconstants candidates="15966" cleared="0"  />
</gc-op>
<gc-op id="5347" type="classunload" timems="0.011" contextid="5342" timestamp="2019-08-11T06:21:50.104">
  <classunload-info classloadercandidates="68" classloadersunloaded="0" classesunloaded="0" anonymousclassesunloaded="0" quiescems="0.000" setupms="0.011" scanms="0.000" postms="0.000" />
</gc-op>
<gc-end id="5348" type="partial gc" contextid="5342" durationms="51.021" usertimems="60.204" systemtimems="39.508" timestamp="2019-08-11T06:21:50.104" activeThreads="16">
  <mem-info id="5349" free="106954752" total="178257920" percent="60">
    <mem type="eden" free="1976664" total="6291456" percent="31" />
    <remembered-set count="9600" freebytes="7088000" totalbytes="7126400" percent="99" regionsoverflowed="0" regionsstable="10" regionsrebuilding="0"/>
  </mem-info>
</gc-end>
<cycle-end id="5350" type="partial gc" contextid="5342" timestamp="2019-08-11T06:21:50.104" />
  <attribute name="elasticGC enabled" value="1" />
  <attribute name= "numThreadsSpecified" value="16" />
  <attribute name="heapSize specified" value="0" />
  <attribute name="Current GC Util" value="54" />
  <attribute name= "Current Time Running" value="221258" />
  <attribute name ="GC Interval" value="0" />
  <attribute name="ProportionalT" value="-13.000000" />
  <attribute name="ProportionalI" value="-13.000000" />
  <attribute name="ProportionalH" value="-13.000000" />
  <attribute name="Current Error" value="-26.000000" />
  <attribute name="IntegralT" value="-13.000000" />
  <attribute name="IntegralI" value="-13.000000" />
  <attribute name="IntegralH" value="-13.000000" />
  <attribute name="DerivativeT" value="-26.000000" />
  <attribute name="DerivativeI" value="-26.000000" />
  <attribute name="DerivativeH" value="-26.000000" />
  <attribute name="Loop Time for DT" value="1.000000" />
  <attribute name="Output H" value="4202627072"/>
  <attribute name="Output I" value="200"/>
  <attribute name="Output T" value="16"/>
  <attribute name="Target GC Util Change" value ="80.000000" />
  <attribute name="Current GC Util Change" value="54.000000"/>
  <attribute name="GC Util currently" value="54" />
  <attribute name="CPU Util currently" value="899116157953" />
<exclusive-end id="5351" timestamp="2019-08-11T06:21:50.105" durationms="54.192" />

<exclusive-start id="5352" timestamp="2019-08-11T06:21:50.116" intervalms="65.794">
  <response-info timems="0.842" idlems="0.842" threads="0" lastid="0000000002138100" lastname="Thread-46" />
</exclusive-start>
<allocation-taxation id="5353" taxation-threshold="25165824" timestamp="2019-08-11T06:21:50.116" intervalms="64.820" />
<cycle-start id="5354" type="global mark phase" contextid="0" timestamp="2019-08-11T06:21:50.116" intervalms="479.796" />
<gc-start id="5355" type="global mark phase" contextid="5354" timestamp="2019-08-11T06:21:50.116">
  <mem-info id="5356" free="81788928" total="178257920" percent="45">
    <remembered-set count="9440" freebytes="7088640" totalbytes="7126400" percent="99" regionsoverflowed="0" regionsstable="10" regionsrebuilding="0"/>
  </mem-info>
</gc-start>
<gc-op id="5357" type="mark increment" timems="58.482" contextid="5354" timestamp="2019-08-11T06:21:50.175">
  <trace-info objectcount="651321" scancount="557359" scanbytes="16234948" />
</gc-op>
<gc-end id="5358" type="global mark phase" contextid="5354" durationms="58.981" usertimems="103.628" systemtimems="57.796" timestamp="2019-08-11T06:21:50.175" activeThreads="16">
  <mem-info id="5359" free="81788928" total="178257920" percent="45">
    <remembered-set count="131296" freebytes="6601216" totalbytes="7126400" percent="92" regionsoverflowed="0" regionsstable="0" regionsrebuilding="10"/>
  </mem-info>
</gc-end>
<concurrent-start id="5360" type="GMP work packet processing" contextid="5354" timestamp="2019-08-11T06:21:50.175">
  <concurrent-mark-start scanTarget="35277571" />
</concurrent-start>
<exclusive-end id="5361" timestamp="2019-08-11T06:21:50.176" durationms="60.171" />

<concurrent-end id="5362" type="GMP work packet processing" contextid="5354" timestamp="2019-08-11T06:21:50.212">
  <concurrent-mark-end bytesScanned="571868" reasonForTermination="Completed all work in GC phase" />
</concurrent-end>

<exclusive-start id="5363" timestamp="2019-08-11T06:21:50.215" intervalms="99.312">
  <response-info timems="2.730" idlems="1.510" threads="4" lastid="0000000002138100" lastname="Thread-46" />
</exclusive-start>
<allocation-taxation id="5364" taxation-threshold="25165824" timestamp="2019-08-11T06:21:50.215" intervalms="99.321" />
<cycle-start id="5365" type="partial gc" contextid="0" timestamp="2019-08-11T06:21:50.216" intervalms="163.164" />
<gc-start id="5366" type="partial gc" contextid="5365" timestamp="2019-08-11T06:21:50.216">
  <mem-info id="5367" free="56623104" total="178257920" percent="31">
    <mem type="eden" free="0" total="50331648" percent="0" />
    <remembered-set count="131136" freebytes="6601856" totalbytes="7126400" percent="92" regionsoverflowed="0" regionsstable="0" regionsrebuilding="10"/>
  </mem-info>
</gc-start>
<allocation-stats totalBytes="50154000" >
  <allocated-bytes non-tlh="32784" tlh="50121216" arrayletleaf="0"/>
  <largest-consumer threadName="Thread-48" threadId="000000000210B200" bytes="2972856" />
</allocation-stats>
<gc-op id="5368" type="copy forward" timems="39.020" contextid="5365" timestamp="2019-08-11T06:21:50.256">
  <memory-copied type="eden" objects="9657" bytes="3755408" bytesdiscarded="841504" />
  <memory-copied type="other" objects="439" bytes="194968" bytesdiscarded="28624" />
  <memory-cardclean objects="3057" bytes="139368" />
  <regions eden="24" other="4" />
  <remembered-set-cleared processed="122876" cleared="2098" durationms="0.588" />
  <references type="phantom" candidates="4" cleared="0" enqueued="0" />
  <stringconstants candidates="15966" cleared="0"  />
</gc-op>
<gc-op id="5369" type="classunload" timems="0.016" contextid="5365" timestamp="2019-08-11T06:21:50.256">
  <classunload-info classloadercandidates="68" classloadersunloaded="0" classesunloaded="0" anonymousclassesunloaded="0" quiescems="0.000" setupms="0.016" scanms="0.000" postms="0.000" />
</gc-op>
<heap-resize id="5370" type="expand" space="default" amount="10485760" count="1" timems="0.073" reason="excessive time being spent in gc" timestamp="2019-08-11T06:21:50.256" />
<gc-end id="5371" type="partial gc" contextid="5365" durationms="40.479" usertimems="20.593" systemtimems="28.747" timestamp="2019-08-11T06:21:50.256" activeThreads="16">
  <mem-info id="5372" free="113246208" total="188743680" percent="60">
    <mem type="eden" free="3791424" total="8388608" percent="45" />
    <remembered-set count="132096" freebytes="7017216" totalbytes="7545600" percent="92" regionsoverflowed="0" regionsstable="0" regionsrebuilding="10"/>
  </mem-info>
</gc-end>
<cycle-end id="5373" type="partial gc" contextid="5365" timestamp="2019-08-11T06:21:50.257" />
  <attribute name="elasticGC enabled" value="1" />
  <attribute name= "numThreadsSpecified" value="16" />
  <attribute name="heapSize specified" value="0" />
  <attribute name="Current GC Util" value="133" />
  <attribute name= "Current Time Running" value="221410" />
  <attribute name ="GC Interval" value="0" />
  <attribute name="ProportionalT" value="26.500000" />
  <attribute name="ProportionalI" value="26.500000" />
  <attribute name="ProportionalH" value="26.500000" />
  <attribute name="Current Error" value="53.000000" />
  <attribute name="IntegralT" value="26.500000" />
  <attribute name="IntegralI" value="26.500000" />
  <attribute name="IntegralH" value="26.500000" />
  <attribute name="DerivativeT" value="45.000000" />
  <attribute name="DerivativeI" value="45.000000" />
  <attribute name="DerivativeH" value="45.000000" />
  <attribute name="Loop Time for DT" value="1.000000" />
  <attribute name="Output H" value="8388608"/>
  <attribute name="Output I" value="200"/>
  <attribute name="Output T" value="16"/>
  <attribute name="Target GC Util Change" value ="80.000000" />
  <attribute name="Current GC Util Change" value="133.000000"/>
  <attribute name="GC Util currently" value="133" />
  <attribute name="CPU Util currently" value="1337831014408" />
<exclusive-end id="5374" timestamp="2019-08-11T06:21:50.257" durationms="41.536" />

<exclusive-start id="5375" timestamp="2019-08-11T06:21:50.289" intervalms="73.316">
  <response-info timems="0.339" idlems="0.124" threads="3" lastid="0000000002138100" lastname="Thread-46" />
</exclusive-start>
<allocation-taxation id="5376" taxation-threshold="27262976" timestamp="2019-08-11T06:21:50.289" intervalms="73.313" />
<gc-start id="5377" type="global mark phase" contextid="5354" timestamp="2019-08-11T06:21:50.289">
  <mem-info id="5378" free="85983232" total="188743680" percent="45">
    <remembered-set count="131776" freebytes="7018496" totalbytes="7545600" percent="93" regionsoverflowed="0" regionsstable="0" regionsrebuilding="10"/>
  </mem-info>
</gc-start>
<gc-op id="5379" type="mark increment" timems="27.266" contextid="5354" timestamp="2019-08-11T06:21:50.316">
  <trace-info objectcount="9347" scancount="7621" scanbytes="1750964" />
  <cardclean-info objects="3993" bytes="479992" />
  <finalization candidates="154" enqueued="0" />
  <ownableSynchronizers candidates="22" cleared="0" />
  <references type="soft" candidates="2014" cleared="0" enqueued="0" dynamicThreshold="19" maxThreshold="32" />
  <references type="weak" candidates="6346" cleared="0" enqueued="0" />
  <references type="phantom" candidates="906" cleared="0" enqueued="0" />
  <stringconstants candidates="15966" cleared="0"  />
</gc-op>
<gc-op id="5380" type="classunload" timems="0.020" contextid="5354" timestamp="2019-08-11T06:21:50.317">
  <classunload-info classloadercandidates="68" classloadersunloaded="0" classesunloaded="0" anonymousclassesunloaded="0" quiescems="0.000" setupms="0.020" scanms="0.000" postms="0.000" />
</gc-op>
<gc-end id="5381" type="global mark phase" contextid="5354" durationms="28.692" usertimems="28.214" systemtimems="11.562" timestamp="2019-08-11T06:21:50.318" activeThreads="16">
  <mem-info id="5382" free="85983232" total="188743680" percent="45">
    <remembered-set count="134848" freebytes="7006208" totalbytes="7545600" percent="92" regionsoverflowed="0" regionsstable="0" regionsrebuilding="0"/>
  </mem-info>
</gc-end>
<cycle-end id="5383" type="global mark phase" contextid="5354" timestamp="2019-08-11T06:21:50.318" />
  <attribute name="elasticGC enabled" value="1" />
  <attribute name= "numThreadsSpecified" value="16" />
  <attribute name="heapSize specified" value="0" />
  <attribute name="Current GC Util" value="100" />
  <attribute name= "Current Time Running" value="221487" />
  <attribute name ="GC Interval" value="0" />
  <attribute name="ProportionalT" value="10.000000" />
  <attribute name="ProportionalI" value="10.000000" />
  <attribute name="ProportionalH" value="10.000000" />
  <attribute name="Current Error" value="20.000000" />
  <attribute name="IntegralT" value="30.000000" />
  <attribute name="IntegralI" value="30.000000" />
  <attribute name="IntegralH" value="30.000000" />
  <attribute name="DerivativeT" value="-8.333333" />
  <attribute name="DerivativeI" value="-8.333333" />
  <attribute name="DerivativeH" value="-8.333333" />
  <attribute name="Loop Time for DT" value="3.000000" />
  <attribute name="Output H" value="8388608"/>
  <attribute name="Output I" value="200"/>
  <attribute name="Output T" value="16"/>
  <attribute name="Target GC Util Change" value ="80.000000" />
  <attribute name="Current GC Util Change" value="100.000000"/>
  <attribute name="GC Util currently" value="100" />
  <attribute name="CPU Util currently" value="403828316302" />
<exclusive-end id="5384" timestamp="2019-08-11T06:21:50.318" durationms="29.714" />

<exclusive-start id="5385" timestamp="2019-08-11T06:21:50.401" intervalms="112.183">
  <response-info timems="13.445" idlems="9.259" threads="3" lastid="00000000020FC300" lastname="Thread-37" />
</exclusive-start>
<allocation-taxation id="5386" taxation-threshold="27262976" timestamp="2019-08-11T06:21:50.403" intervalms="114.112" />
<cycle-start id="5387" type="partial gc" contextid="0" timestamp="2019-08-11T06:21:50.403" intervalms="187.366" />
<gc-start id="5388" type="partial gc" contextid="5387" timestamp="2019-08-11T06:21:50.403">
  <mem-info id="5389" free="58720256" total="188743680" percent="31">
    <mem type="eden" free="0" total="54525952" percent="0" />
    <remembered-set count="10272" freebytes="7504512" totalbytes="7545600" percent="99" regionsoverflowed="0" regionsstable="10" regionsrebuilding="0"/>
  </mem-info>
</gc-start>
<allocation-stats totalBytes="54285648" >
  <allocated-bytes non-tlh="114720" tlh="54170928" arrayletleaf="0"/>
  <largest-consumer threadName="Thread-38" threadId="00000000020FFF00" bytes="4946728" />
</allocation-stats>
<gc-op id="5390" type="sweep" timems="3.439" contextid="5387" timestamp="2019-08-11T06:21:50.407" />
<gc-op id="5391" type="copy forward" timems="11.562" contextid="5387" timestamp="2019-08-11T06:21:50.419">
  <memory-copied type="eden" objects="7930" bytes="3119080" bytesdiscarded="701058" />
  <memory-copied type="other" objects="2809" bytes="1184072" bytesdiscarded="283174" />
  <memory-cardclean objects="3184" bytes="229472" />
  <regions eden="13" other="18" />
  <remembered-set-cleared processed="4032" cleared="1074" durationms="0.140" />
  <stringconstants candidates="15966" cleared="0"  />
</gc-op>
<gc-op id="5392" type="classunload" timems="0.012" contextid="5387" timestamp="2019-08-11T06:21:50.419">
  <classunload-info classloadercandidates="68" classloadersunloaded="0" classesunloaded="0" anonymousclassesunloaded="0" quiescems="0.000" setupms="0.012" scanms="0.000" postms="0.000" />
</gc-op>
<heap-resize id="5393" type="expand" space="default" amount="6291456" count="1" timems="0.063" reason="excessive time being spent in gc" timestamp="2019-08-11T06:21:50.420" />
<gc-end id="5394" type="partial gc" contextid="5387" durationms="16.368" usertimems="18.360" systemtimems="12.724" timestamp="2019-08-11T06:21:50.420" activeThreads="16">
  <mem-info id="5395" free="117440512" total="195035136" percent="60">
    <mem type="eden" free="3133040" total="8388608" percent="37" />
    <remembered-set count="12768" freebytes="7746048" totalbytes="7797120" percent="99" regionsoverflowed="0" regionsstable="10" regionsrebuilding="0"/>
  </mem-info>
</gc-end>
<cycle-end id="5396" type="partial gc" contextid="5387" timestamp="2019-08-11T06:21:50.420" />
  <attribute name="elasticGC enabled" value="1" />
  <attribute name= "numThreadsSpecified" value="16" />
  <attribute name="heapSize specified" value="0" />
  <attribute name="Current GC Util" value="109" />
  <attribute name= "Current Time Running" value="221600" />
  <attribute name ="GC Interval" value="0" />
  <attribute name="ProportionalT" value="14.500000" />
  <attribute name="ProportionalI" value="14.500000" />
  <attribute name="ProportionalH" value="14.500000" />
  <attribute name="Current Error" value="29.000000" />
  <attribute name="IntegralT" value="0.000000" />
  <attribute name="IntegralI" value="0.000000" />
  <attribute name="IntegralH" value="0.000000" />
  <attribute name="DerivativeT" value="-inf" />
  <attribute name="DerivativeI" value="-inf" />
  <attribute name="DerivativeH" value="-inf" />
  <attribute name="Loop Time for DT" value="0.000000" />
  <attribute name="Output H" value="4202627072"/>
  <attribute name="Output I" value="200"/>
  <attribute name="Output T" value="16"/>
  <attribute name="Target GC Util Change" value ="80.000000" />
  <attribute name="Current GC Util Change" value="109.000000"/>
  <attribute name="GC Util currently" value="109" />
  <attribute name="CPU Util currently" value="2087120812254" />
<exclusive-end id="5397" timestamp="2019-08-11T06:21:50.420" durationms="19.368" />

<exclusive-start id="5398" timestamp="2019-08-11T06:21:50.441" intervalms="40.156">
  <response-info timems="0.388" idlems="0.388" threads="0" lastid="0000000002107600" lastname="Thread-40" />
</exclusive-start>
<allocation-taxation id="5399" taxation-threshold="27262976" timestamp="2019-08-11T06:21:50.441" intervalms="38.224" />
<cycle-start id="5400" type="global mark phase" contextid="0" timestamp="2019-08-11T06:21:50.441" intervalms="324.973" />
<gc-start id="5401" type="global mark phase" contextid="5400" timestamp="2019-08-11T06:21:50.441">
  <mem-info id="5402" free="90177536" total="195035136" percent="46">
    <remembered-set count="8832" freebytes="7761792" totalbytes="7797120" percent="99" regionsoverflowed="0" regionsstable="11" regionsrebuilding="0"/>
  </mem-info>
</gc-start>
<gc-op id="5403" type="mark increment" timems="15.532" contextid="5400" timestamp="2019-08-11T06:21:50.457">
  <trace-info objectcount="666471" scancount="573505" scanbytes="16797468" />
</gc-op>
<gc-end id="5404" type="global mark phase" contextid="5400" durationms="15.607" usertimems="76.068" systemtimems="0.000" timestamp="2019-08-11T06:21:50.457" activeThreads="16">
  <mem-info id="5405" free="90177536" total="195035136" percent="46">
    <remembered-set count="134784" freebytes="7257984" totalbytes="7797120" percent="93" regionsoverflowed="0" regionsstable="0" regionsrebuilding="11"/>
  </mem-info>
</gc-end>
<exclusive-end id="5406" timestamp="2019-08-11T06:21:50.457" durationms="16.094" />

<exclusive-start id="5407" timestamp="2019-08-11T06:21:50.518" intervalms="77.298">
  <response-info timems="0.580" idlems="0.376" threads="2" lastid="000000000212CD00" lastname="Thread-45" />
</exclusive-start>
<allocation-taxation id="5408" taxation-threshold="27262976" timestamp="2019-08-11T06:21:50.518" intervalms="77.288" />
<cycle-start id="5409" type="partial gc" contextid="0" timestamp="2019-08-11T06:21:50.519" intervalms="115.548" />
<gc-start id="5410" type="partial gc" contextid="5409" timestamp="2019-08-11T06:21:50.519">
  <mem-info id="5411" free="62914560" total="195035136" percent="32">
    <mem type="eden" free="0" total="54525952" percent="0" />
    <remembered-set count="134752" freebytes="7258112" totalbytes="7797120" percent="93" regionsoverflowed="0" regionsstable="0" regionsrebuilding="11"/>
  </mem-info>
</gc-start>
<allocation-stats totalBytes="54204080" >
  <allocated-bytes non-tlh="16392" tlh="54187688" arrayletleaf="0"/>
  <largest-consumer threadName="Thread-43" threadId="00000000020ED300" bytes="3537904" />
</allocation-stats>
<gc-op id="5412" type="copy forward" timems="28.757" contextid="5409" timestamp="2019-08-11T06:21:50.550">
  <memory-copied type="eden" objects="9535" bytes="3846824" bytesdiscarded="705696" />
  <memory-copied type="other" objects="94" bytes="40264" bytesdiscarded="19120" />
  <memory-cardclean objects="3145" bytes="192976" />
  <regions eden="26" other="6" />
  <remembered-set-cleared processed="125699" cleared="2735" durationms="0.569" />
  <references type="phantom" candidates="1" cleared="0" enqueued="0" />
  <stringconstants candidates="15966" cleared="0"  />
</gc-op>
<gc-op id="5413" type="classunload" timems="0.010" contextid="5409" timestamp="2019-08-11T06:21:50.551">
  <classunload-info classloadercandidates="68" classloadersunloaded="0" classesunloaded="0" anonymousclassesunloaded="0" quiescems="0.000" setupms="0.010" scanms="0.000" postms="0.000" />
</gc-op>
<heap-resize id="5414" type="expand" space="default" amount="4194304" count="1" timems="0.065" reason="excessive time being spent in gc" timestamp="2019-08-11T06:21:50.551" />
<gc-end id="5415" type="partial gc" contextid="5409" durationms="31.863" usertimems="23.606" systemtimems="9.404" timestamp="2019-08-11T06:21:50.551" activeThreads="16">
  <mem-info id="5416" free="119537664" total="199229440" percent="60">
    <mem type="eden" free="3835824" total="8388608" percent="45" />
    <remembered-set count="135392" freebytes="7423232" totalbytes="7964800" percent="93" regionsoverflowed="0" regionsstable="0" regionsrebuilding="11"/>
  </mem-info>
</gc-end>
<cycle-end id="5417" type="partial gc" contextid="5409" timestamp="2019-08-11T06:21:50.551" />
  <attribute name="elasticGC enabled" value="1" />
  <attribute name= "numThreadsSpecified" value="16" />
  <attribute name="heapSize specified" value="0" />
  <attribute name="Current GC Util" value="26" />
  <attribute name= "Current Time Running" value="221714" />
  <attribute name ="GC Interval" value="0" />
  <attribute name="ProportionalT" value="-27.000000" />
  <attribute name="ProportionalI" value="-27.000000" />
  <attribute name="ProportionalH" value="-27.000000" />
  <attribute name="Current Error" value="-54.000000" />
  <attribute name="IntegralT" value="-54.000000" />
  <attribute name="IntegralI" value="-54.000000" />
  <attribute name="IntegralH" value="-54.000000" />
  <attribute name="DerivativeT" value="-31.500000" />
  <attribute name="DerivativeI" value="-31.500000" />
  <attribute name="DerivativeH" value="-31.500000" />
  <attribute name="Loop Time for DT" value="2.000000" />
  <attribute name="Output H" value="4202627072"/>
  <attribute name="Output I" value="200"/>
  <attribute name="Output T" value="16"/>
  <attribute name="Target GC Util Change" value ="80.000000" />
  <attribute name="Current GC Util Change" value="26.000000"/>
  <attribute name="GC Util currently" value="26" />
  <attribute name="CPU Util currently" value="440698285642" />
<exclusive-end id="5418" timestamp="2019-08-11T06:21:50.551" durationms="32.842" />

<exclusive-start id="5419" timestamp="2019-08-11T06:21:50.580" intervalms="61.926">
  <response-info timems="0.589" idlems="0.332" threads="1" lastid="0000000002138100" lastname="Thread-46" />
</exclusive-start>
<allocation-taxation id="5420" taxation-threshold="27262976" timestamp="2019-08-11T06:21:50.580" intervalms="62.026" />
<gc-start id="5421" type="global mark phase" contextid="5400" timestamp="2019-08-11T06:21:50.581">
  <mem-info id="5422" free="92274688" total="199229440" percent="46">
    <remembered-set count="135264" freebytes="7423744" totalbytes="7964800" percent="93" regionsoverflowed="0" regionsstable="0" regionsrebuilding="11"/>
  </mem-info>
</gc-start>
<gc-op id="5423" type="mark increment" timems="36.144" contextid="5400" timestamp="2019-08-11T06:21:50.617">
  <trace-info objectcount="8825" scancount="7185" scanbytes="1682340" />
  <cardclean-info objects="3492" bytes="275396" />
  <finalization candidates="154" enqueued="0" />
  <ownableSynchronizers candidates="22" cleared="0" />
  <references type="soft" candidates="2014" cleared="0" enqueued="0" dynamicThreshold="19" maxThreshold="32" />
  <references type="weak" candidates="6346" cleared="0" enqueued="0" />
  <references type="phantom" candidates="904" cleared="0" enqueued="0" />
  <stringconstants candidates="15966" cleared="0"  />
</gc-op>
<gc-op id="5424" type="classunload" timems="0.020" contextid="5400" timestamp="2019-08-11T06:21:50.617">
  <classunload-info classloadercandidates="68" classloadersunloaded="0" classesunloaded="0" anonymousclassesunloaded="0" quiescems="0.000" setupms="0.020" scanms="0.000" postms="0.000" />
</gc-op>
<gc-end id="5425" type="global mark phase" contextid="5400" durationms="36.672" usertimems="23.853" systemtimems="1.920" timestamp="2019-08-11T06:21:50.617" activeThreads="16">
  <mem-info id="5426" free="92274688" total="199229440" percent="46">
    <remembered-set count="138336" freebytes="7411456" totalbytes="7964800" percent="93" regionsoverflowed="0" regionsstable="0" regionsrebuilding="0"/>
  </mem-info>
</gc-end>
<cycle-end id="5427" type="global mark phase" contextid="5400" timestamp="2019-08-11T06:21:50.618" />
  <attribute name="elasticGC enabled" value="1" />
  <attribute name= "numThreadsSpecified" value="16" />
  <attribute name="heapSize specified" value="0" />
  <attribute name="Current GC Util" value="149" />
  <attribute name= "Current Time Running" value="221778" />
  <attribute name ="GC Interval" value="0" />
  <attribute name="ProportionalT" value="34.500000" />
  <attribute name="ProportionalI" value="34.500000" />
  <attribute name="ProportionalH" value="34.500000" />
  <attribute name="Current Error" value="69.000000" />
  <attribute name="IntegralT" value="69.000000" />
  <attribute name="IntegralI" value="69.000000" />
  <attribute name="IntegralH" value="69.000000" />
  <attribute name="DerivativeT" value="-5.000000" />
  <attribute name="DerivativeI" value="-5.000000" />
  <attribute name="DerivativeH" value="-5.000000" />
  <attribute name="Loop Time for DT" value="2.000000" />
  <attribute name="Output H" value="8388608"/>
  <attribute name="Output I" value="200"/>
  <attribute name="Output T" value="16"/>
  <attribute name="Target GC Util Change" value ="80.000000" />
  <attribute name="Current GC Util Change" value="149.000000"/>
  <attribute name="GC Util currently" value="149" />
  <attribute name="CPU Util currently" value="545975846416" />
<exclusive-end id="5428" timestamp="2019-08-11T06:21:50.618" durationms="38.089" />

<exclusive-start id="5429" timestamp="2019-08-11T06:21:50.667" intervalms="86.808">
  <response-info timems="1.417" idlems="0.928" threads="8" lastid="000000000210EE00" lastname="Thread-44" />
</exclusive-start>
<allocation-taxation id="5430" taxation-threshold="27262976" timestamp="2019-08-11T06:21:50.667" intervalms="86.710" />
<cycle-start id="5431" type="partial gc" contextid="0" timestamp="2019-08-11T06:21:50.667" intervalms="148.730" />
<gc-start id="5432" type="partial gc" contextid="5431" timestamp="2019-08-11T06:21:50.667">
  <mem-info id="5433" free="65011712" total="199229440" percent="32">
    <mem type="eden" free="0" total="54525952" percent="0" />
    <remembered-set count="12928" freebytes="7913088" totalbytes="7964800" percent="99" regionsoverflowed="0" regionsstable="10" regionsrebuilding="0"/>
  </mem-info>
</gc-start>
<allocation-stats totalBytes="54260584" >
  <allocated-bytes non-tlh="0" tlh="54260584" arrayletleaf="0"/>
  <largest-consumer threadName="Thread-37" threadId="00000000020FC300" bytes="4430648" />
</allocation-stats>
<gc-op id="5434" type="sweep" timems="7.362" contextid="5431" timestamp="2019-08-11T06:21:50.675" />
<gc-op id="5435" type="copy forward" timems="61.797" contextid="5431" timestamp="2019-08-11T06:21:50.738">
  <memory-copied type="eden" objects="8427" bytes="3329480" bytesdiscarded="475294" />
  <memory-copied type="other" objects="25514" bytes="1610144" bytesdiscarded="1189402" />
  <memory-cardclean objects="871" bytes="54544" />
  <regions eden="13" other="20" />
  <remembered-set-cleared processed="5984" cleared="1851" durationms="0.275" />
  <finalization candidates="1" enqueued="0" />
  <references type="soft" candidates="22" cleared="0" enqueued="0" dynamicThreshold="14" maxThreshold="32" />
  <references type="weak" candidates="74" cleared="0" enqueued="0" />
  <references type="phantom" candidates="30" cleared="0" enqueued="0" />
  <stringconstants candidates="15966" cleared="0"  />
</gc-op>
<gc-op id="5436" type="classunload" timems="0.016" contextid="5431" timestamp="2019-08-11T06:21:50.738">
  <classunload-info classloadercandidates="68" classloadersunloaded="0" classesunloaded="0" anonymousclassesunloaded="0" quiescems="0.000" setupms="0.016" scanms="0.000" postms="0.000" />
</gc-op>
<gc-end id="5437" type="partial gc" contextid="5431" durationms="71.080" usertimems="33.457" systemtimems="37.366" timestamp="2019-08-11T06:21:50.739" activeThreads="16">
  <mem-info id="5438" free="121634816" total="199229440" percent="61">
    <mem type="eden" free="1746888" total="6291456" percent="27" />
    <remembered-set count="11392" freebytes="7919232" totalbytes="7964800" percent="99" regionsoverflowed="0" regionsstable="10" regionsrebuilding="0"/>
  </mem-info>
</gc-end>
<cycle-end id="5439" type="partial gc" contextid="5431" timestamp="2019-08-11T06:21:50.742" />
  <attribute name="elasticGC enabled" value="1" />
  <attribute name= "numThreadsSpecified" value="16" />
  <attribute name="heapSize specified" value="0" />
  <attribute name="Current GC Util" value="87" />
  <attribute name= "Current Time Running" value="221869" />
  <attribute name ="GC Interval" value="0" />
  <attribute name="ProportionalT" value="3.500000" />
  <attribute name="ProportionalI" value="3.500000" />
  <attribute name="ProportionalH" value="3.500000" />
  <attribute name="Current Error" value="7.000000" />
  <attribute name="IntegralT" value="3.500000" />
  <attribute name="IntegralI" value="3.500000" />
  <attribute name="IntegralH" value="3.500000" />
  <attribute name="DerivativeT" value="7.000000" />
  <attribute name="DerivativeI" value="7.000000" />
  <attribute name="DerivativeH" value="7.000000" />
  <attribute name="Loop Time for DT" value="1.000000" />
  <attribute name="Output H" value="8388608"/>
  <attribute name="Output I" value="200"/>
  <attribute name="Output T" value="16"/>
  <attribute name="Target GC Util Change" value ="80.000000" />
  <attribute name="Current GC Util Change" value="87.000000"/>
  <attribute name="GC Util currently" value="87" />
  <attribute name="CPU Util currently" value="1196193667340" />
<exclusive-end id="5440" timestamp="2019-08-11T06:21:50.743" durationms="75.466" />

<exclusive-start id="5441" timestamp="2019-08-11T06:21:50.840" intervalms="172.597">
  <response-info timems="2.463" idlems="1.332" threads="7" lastid="000000000210EE00" lastname="Thread-44" />
</exclusive-start>
<allocation-taxation id="5442" taxation-threshold="56623104" timestamp="2019-08-11T06:21:50.840" intervalms="172.614" />
<cycle-start id="5443" type="partial gc" contextid="0" timestamp="2019-08-11T06:21:50.840" intervalms="172.604" />
<gc-start id="5444" type="partial gc" contextid="5443" timestamp="2019-08-11T06:21:50.840">
  <mem-info id="5445" free="65011712" total="199229440" percent="32">
    <mem type="eden" free="0" total="56623104" percent="0" />
    <remembered-set count="5824" freebytes="7941504" totalbytes="7964800" percent="99" regionsoverflowed="0" regionsstable="11" regionsrebuilding="0"/>
  </mem-info>
</gc-start>
<allocation-stats totalBytes="56392512" >
  <allocated-bytes non-tlh="0" tlh="56392512" arrayletleaf="0"/>
  <largest-consumer threadName="Thread-50" threadId="000000000211DE00" bytes="5593256" />
</allocation-stats>
<gc-op id="5446" type="copy forward" timems="38.476" contextid="5443" timestamp="2019-08-11T06:21:50.880">
  <memory-copied type="eden" objects="8584" bytes="3339960" bytesdiscarded="493504" />
  <memory-copied type="other" objects="24824" bytes="1261424" bytesdiscarded="96128" />
  <memory-cardclean objects="843" bytes="53568" />
  <regions eden="27" other="7" />
  <remembered-set-cleared processed="100" cleared="72" durationms="0.385" />
  <finalization candidates="1" enqueued="0" />
  <references type="soft" candidates="22" cleared="0" enqueued="0" dynamicThreshold="19" maxThreshold="32" />
  <references type="weak" candidates="74" cleared="0" enqueued="0" />
  <references type="phantom" candidates="33" cleared="0" enqueued="0" />
  <stringconstants candidates="15966" cleared="0"  />
</gc-op>
<gc-op id="5447" type="classunload" timems="0.011" contextid="5443" timestamp="2019-08-11T06:21:50.880">
  <classunload-info classloadercandidates="68" classloadersunloaded="0" classesunloaded="0" anonymousclassesunloaded="0" quiescems="0.000" setupms="0.011" scanms="0.000" postms="0.000" />
</gc-op>
<heap-resize id="5448" type="contract" space="default" amount="4194304" count="1" timems="0.073" reason="excess free space following gc" timestamp="2019-08-11T06:21:50.880" />
<gc-end id="5449" type="partial gc" contextid="5443" durationms="40.219" usertimems="71.698" systemtimems="6.333" timestamp="2019-08-11T06:21:50.880" activeThreads="16">
  <mem-info id="5450" free="119537664" total="195035136" percent="61">
    <mem type="eden" free="360576" total="4194304" percent="8" />
    <remembered-set count="7520" freebytes="7934720" totalbytes="7964800" percent="99" regionsoverflowed="0" regionsstable="11" regionsrebuilding="0"/>
  </mem-info>
</gc-end>
<cycle-end id="5451" type="partial gc" contextid="5443" timestamp="2019-08-11T06:21:50.881" />
  <attribute name="elasticGC enabled" value="1" />
  <attribute name= "numThreadsSpecified" value="16" />
  <attribute name="heapSize specified" value="0" />
  <attribute name="Current GC Util" value="122" />
  <attribute name= "Current Time Running" value="222034" />
  <attribute name ="GC Interval" value="0" />
  <attribute name="ProportionalT" value="21.000000" />
  <attribute name="ProportionalI" value="21.000000" />
  <attribute name="ProportionalH" value="21.000000" />
  <attribute name="Current Error" value="42.000000" />
  <attribute name="IntegralT" value="21.000000" />
  <attribute name="IntegralI" value="21.000000" />
  <attribute name="IntegralH" value="21.000000" />
  <attribute name="DerivativeT" value="42.000000" />
  <attribute name="DerivativeI" value="42.000000" />
  <attribute name="DerivativeH" value="42.000000" />
  <attribute name="Loop Time for DT" value="1.000000" />
  <attribute name="Output H" value="8388608"/>
  <attribute name="Output I" value="200"/>
  <attribute name="Output T" value="16"/>
  <attribute name="Target GC Util Change" value ="80.000000" />
  <attribute name="Current GC Util Change" value="122.000000"/>
  <attribute name="GC Util currently" value="122" />
  <attribute name="CPU Util currently" value="1662652321923" />
<exclusive-end id="5452" timestamp="2019-08-11T06:21:50.881" durationms="41.107" />

<exclusive-start id="5453" timestamp="2019-08-11T06:21:50.955" intervalms="115.774">
  <response-info timems="0.103" idlems="0.103" threads="0" lastid="00000000020FFF00" lastname="Thread-38" />
</exclusive-start>
<allocation-taxation id="5454" taxation-threshold="56623104" timestamp="2019-08-11T06:21:50.956" intervalms="115.767" />
<cycle-start id="5455" type="partial gc" contextid="0" timestamp="2019-08-11T06:21:50.956" intervalms="115.895" />
<gc-start id="5456" type="partial gc" contextid="5455" timestamp="2019-08-11T06:21:50.957">
  <mem-info id="5457" free="62914560" total="195035136" percent="32">
    <mem type="eden" free="0" total="56623104" percent="0" />
    <remembered-set count="7264" freebytes="7935744" totalbytes="7964800" percent="99" regionsoverflowed="0" regionsstable="11" regionsrebuilding="0"/>
  </mem-info>
</gc-start>
<allocation-stats totalBytes="56394040" >
  <allocated-bytes non-tlh="98352" tlh="56295688" arrayletleaf="0"/>
  <largest-consumer threadName="Thread-45" threadId="000000000212CD00" bytes="8019224" />
</allocation-stats>
<gc-op id="5458" type="copy forward" timems="59.921" contextid="5455" timestamp="2019-08-11T06:21:51.020">
  <memory-copied type="eden" objects="9506" bytes="3853128" bytesdiscarded="694800" />
  <memory-copied type="other" objects="64" bytes="3632" bytesdiscarded="608" />
  <memory-cardclean objects="3191" bytes="231976" />
  <regions eden="27" other="4" />
  <remembered-set-cleared processed="626" cleared="422" durationms="0.119" />
  <references type="phantom" candidates="1" cleared="0" enqueued="0" />
  <stringconstants candidates="15966" cleared="0"  />
</gc-op>
<gc-op id="5459" type="classunload" timems="0.011" contextid="5455" timestamp="2019-08-11T06:21:51.020">
  <classunload-info classloadercandidates="68" classloadersunloaded="0" classesunloaded="0" anonymousclassesunloaded="0" quiescems="0.000" setupms="0.011" scanms="0.000" postms="0.000" />
</gc-op>
<heap-resize id="5460" type="expand" space="default" amount="4194304" count="1" timems="0.062" reason="excessive time being spent in gc" timestamp="2019-08-11T06:21:51.021" />
<gc-end id="5461" type="partial gc" contextid="5455" durationms="63.583" usertimems="79.216" systemtimems="45.440" timestamp="2019-08-11T06:21:51.021" activeThreads="16">
  <mem-info id="5462" free="119537664" total="199229440" percent="60">
    <mem type="eden" free="1743256" total="6291456" percent="27" />
    <remembered-set count="7072" freebytes="7936512" totalbytes="7964800" percent="99" regionsoverflowed="0" regionsstable="11" regionsrebuilding="0"/>
  </mem-info>
</gc-end>
<cycle-end id="5463" type="partial gc" contextid="5455" timestamp="2019-08-11T06:21:51.021" />
  <attribute name="elasticGC enabled" value="1" />
  <attribute name= "numThreadsSpecified" value="16" />
  <attribute name="heapSize specified" value="0" />
  <attribute name="Current GC Util" value="20" />
  <attribute name= "Current Time Running" value="222153" />
  <attribute name ="GC Interval" value="0" />
  <attribute name="ProportionalT" value="-30.000000" />
  <attribute name="ProportionalI" value="-30.000000" />
  <attribute name="ProportionalH" value="-30.000000" />
  <attribute name="Current Error" value="-60.000000" />
  <attribute name="IntegralT" value="-90.000000" />
  <attribute name="IntegralI" value="-90.000000" />
  <attribute name="IntegralH" value="-90.000000" />
  <attribute name="DerivativeT" value="-20.000000" />
  <attribute name="DerivativeI" value="-20.000000" />
  <attribute name="DerivativeH" value="-20.000000" />
  <attribute name="Loop Time for DT" value="3.000000" />
  <attribute name="Output H" value="4202627072"/>
  <attribute name="Output I" value="200"/>
  <attribute name="Output T" value="16"/>
  <attribute name="Target GC Util Change" value ="80.000000" />
  <attribute name="Current GC Util Change" value="20.000000"/>
  <attribute name="GC Util currently" value="20" />
  <attribute name="CPU Util currently" value="379459399912" />
<exclusive-end id="5464" timestamp="2019-08-11T06:21:51.021" durationms="65.795" />

<exclusive-start id="5465" timestamp="2019-08-11T06:21:51.079" intervalms="123.020">
  <response-info timems="7.443" idlems="7.443" threads="0" lastid="0000000002129200" lastname="Thread-41" />
</exclusive-start>
<allocation-taxation id="5466" taxation-threshold="56623104" timestamp="2019-08-11T06:21:51.079" intervalms="123.046" />
<cycle-start id="5467" type="partial gc" contextid="0" timestamp="2019-08-11T06:21:51.079" intervalms="123.215" />
<gc-start id="5468" type="partial gc" contextid="5467" timestamp="2019-08-11T06:21:51.079">
  <mem-info id="5469" free="62914560" total="199229440" percent="31">
    <mem type="eden" free="0" total="56623104" percent="0" />
    <remembered-set count="6784" freebytes="7937664" totalbytes="7964800" percent="99" regionsoverflowed="0" regionsstable="11" regionsrebuilding="0"/>
  </mem-info>
</gc-start>
<allocation-stats totalBytes="56429160" >
  <allocated-bytes non-tlh="32784" tlh="56396376" arrayletleaf="0"/>
  <largest-consumer threadName="Thread-46" threadId="0000000002138100" bytes="7430224" />
</allocation-stats>
<gc-op id="5470" type="copy forward" timems="30.235" contextid="5467" timestamp="2019-08-11T06:21:51.118">
  <memory-copied type="eden" objects="10041" bytes="4021560" bytesdiscarded="815200" />
  <memory-copied type="other" objects="108" bytes="41400" bytesdiscarded="3256" />
  <memory-cardclean objects="3073" bytes="180224" />
  <regions eden="27" other="7" />
  <remembered-set-cleared processed="630" cleared="444" durationms="0.136" />
  <references type="phantom" candidates="2" cleared="0" enqueued="0" />
  <stringconstants candidates="15966" cleared="0"  />
</gc-op>
<gc-op id="5471" type="classunload" timems="0.017" contextid="5467" timestamp="2019-08-11T06:21:51.119">
  <classunload-info classloadercandidates="68" classloadersunloaded="0" classesunloaded="0" anonymousclassesunloaded="0" quiescems="0.000" setupms="0.017" scanms="0.000" postms="0.000" />
</gc-op>
<gc-end id="5472" type="partial gc" contextid="5467" durationms="39.635" usertimems="55.673" systemtimems="36.273" timestamp="2019-08-11T06:21:51.119" activeThreads="16">
  <mem-info id="5473" free="121634816" total="199229440" percent="61">
    <mem type="eden" free="3551576" total="8388608" percent="42" />
    <remembered-set count="8352" freebytes="7931392" totalbytes="7964800" percent="99" regionsoverflowed="0" regionsstable="11" regionsrebuilding="0"/>
  </mem-info>
</gc-end>
<cycle-end id="5474" type="partial gc" contextid="5467" timestamp="2019-08-11T06:21:51.120" />
  <attribute name="elasticGC enabled" value="1" />
  <attribute name= "numThreadsSpecified" value="16" />
  <attribute name="heapSize specified" value="0" />
  <attribute name="Current GC Util" value="19" />
  <attribute name= "Current Time Running" value="222281" />
  <attribute name ="GC Interval" value="0" />
  <attribute name="ProportionalT" value="-30.500000" />
  <attribute name="ProportionalI" value="-30.500000" />
  <attribute name="ProportionalH" value="-30.500000" />
  <attribute name="Current Error" value="-61.000000" />
  <attribute name="IntegralT" value="-274.500000" />
  <attribute name="IntegralI" value="-274.500000" />
  <attribute name="IntegralH" value="-274.500000" />
  <attribute name="DerivativeT" value="-6.777778" />
  <attribute name="DerivativeI" value="-6.777778" />
  <attribute name="DerivativeH" value="-6.777778" />
  <attribute name="Loop Time for DT" value="9.000000" />
  <attribute name="Output H" value="4202627072"/>
  <attribute name="Output I" value="200"/>
  <attribute name="Output T" value="16"/>
  <attribute name="Target GC Util Change" value ="80.000000" />
  <attribute name="Current GC Util Change" value="19.000000"/>
  <attribute name="GC Util currently" value="19" />
  <attribute name="CPU Util currently" value="135394813247" />
<exclusive-end id="5475" timestamp="2019-08-11T06:21:51.121" durationms="41.996" />

<exclusive-start id="5476" timestamp="2019-08-11T06:21:51.168" intervalms="89.980">
  <response-info timems="15.983" idlems="11.316" threads="2" lastid="000000000210EE00" lastname="Thread-44" />
</exclusive-start>
<allocation-taxation id="5477" taxation-threshold="56623104" timestamp="2019-08-11T06:21:51.169" intervalms="89.997" />
<cycle-start id="5478" type="partial gc" contextid="0" timestamp="2019-08-11T06:21:51.171" intervalms="91.729" />
<gc-start id="5479" type="partial gc" contextid="5478" timestamp="2019-08-11T06:21:51.171">
  <mem-info id="5480" free="65011712" total="199229440" percent="32">
    <mem type="eden" free="0" total="56623104" percent="0" />
    <remembered-set count="8000" freebytes="7932800" totalbytes="7964800" percent="99" regionsoverflowed="0" regionsstable="11" regionsrebuilding="0"/>
  </mem-info>
</gc-start>
<allocation-stats totalBytes="56524056" >
  <allocated-bytes non-tlh="0" tlh="56524056" arrayletleaf="0"/>
  <largest-consumer threadName="Thread-45" threadId="000000000212CD00" bytes="7123200" />
</allocation-stats>
<gc-op id="5481" type="copy forward" timems="42.100" contextid="5478" timestamp="2019-08-11T06:21:51.217">
  <memory-copied type="eden" objects="7588" bytes="3055952" bytesdiscarded="588104" />
  <memory-copied type="other" objects="555" bytes="212352" bytesdiscarded="4584" />
  <memory-cardclean objects="2953" bytes="140080" />
  <regions eden="27" other="6" />
  <remembered-set-cleared processed="633" cleared="438" durationms="0.142" />
  <references type="weak" candidates="2" cleared="0" enqueued="0" />
  <references type="phantom" candidates="3" cleared="0" enqueued="0" />
  <stringconstants candidates="15966" cleared="0"  />
</gc-op>
<gc-op id="5482" type="classunload" timems="0.012" contextid="5478" timestamp="2019-08-11T06:21:51.217">
  <classunload-info classloadercandidates="68" classloadersunloaded="0" classesunloaded="0" anonymousclassesunloaded="0" quiescems="0.000" setupms="0.012" scanms="0.000" postms="0.000" />
</gc-op>
<gc-end id="5483" type="partial gc" contextid="5478" durationms="45.900" usertimems="70.085" systemtimems="41.982" timestamp="2019-08-11T06:21:51.217" activeThreads="16">
  <mem-info id="5484" free="123731968" total="199229440" percent="62">
    <mem type="eden" free="550016" total="4194304" percent="13" />
    <remembered-set count="7904" freebytes="7933184" totalbytes="7964800" percent="99" regionsoverflowed="0" regionsstable="11" regionsrebuilding="0"/>
  </mem-info>
</gc-end>
<cycle-end id="5485" type="partial gc" contextid="5478" timestamp="2019-08-11T06:21:51.217" />
  <attribute name="elasticGC enabled" value="1" />
  <attribute name= "numThreadsSpecified" value="16" />
  <attribute name="heapSize specified" value="0" />
  <attribute name="Current GC Util" value="27" />
  <attribute name= "Current Time Running" value="222367" />
  <attribute name ="GC Interval" value="0" />
  <attribute name="ProportionalT" value="-26.500000" />
  <attribute name="ProportionalI" value="-26.500000" />
  <attribute name="ProportionalH" value="-26.500000" />
  <attribute name="Current Error" value="-53.000000" />
  <attribute name="IntegralT" value="-79.500000" />
  <attribute name="IntegralI" value="-79.500000" />
  <attribute name="IntegralH" value="-79.500000" />
  <attribute name="DerivativeT" value="-17.666667" />
  <attribute name="DerivativeI" value="-17.666667" />
  <attribute name="DerivativeH" value="-17.666667" />
  <attribute name="Loop Time for DT" value="3.000000" />
  <attribute name="Output H" value="4202627072"/>
  <attribute name="Output I" value="200"/>
  <attribute name="Output T" value="16"/>
  <attribute name="Target GC Util Change" value ="80.000000" />
  <attribute name="Current GC Util Change" value="27.000000"/>
  <attribute name="GC Util currently" value="27" />
  <attribute name="CPU Util currently" value="359362230362" />
<exclusive-end id="5486" timestamp="2019-08-11T06:21:51.217" durationms="48.904" />

<exclusive-start id="5487" timestamp="2019-08-11T06:21:51.308" intervalms="139.022">
  <response-info timems="5.715" idlems="5.715" threads="0" lastid="000000000210EE00" lastname="Thread-44" />
</exclusive-start>
<allocation-taxation id="5488" taxation-threshold="56623104" timestamp="2019-08-11T06:21:51.308" intervalms="139.007" />
<cycle-start id="5489" type="partial gc" contextid="0" timestamp="2019-08-11T06:21:51.309" intervalms="138.380" />
<gc-start id="5490" type="partial gc" contextid="5489" timestamp="2019-08-11T06:21:51.337">
  <mem-info id="5491" free="67108864" total="199229440" percent="33">
    <mem type="eden" free="0" total="56623104" percent="0" />
    <remembered-set count="7488" freebytes="7934848" totalbytes="7964800" percent="99" regionsoverflowed="0" regionsstable="11" regionsrebuilding="0"/>
  </mem-info>
</gc-start>
<allocation-stats totalBytes="56586240" >
  <allocated-bytes non-tlh="32792" tlh="56553448" arrayletleaf="0"/>
  <largest-consumer threadName="Thread-39" threadId="00000000020F8700" bytes="6826240" />
</allocation-stats>
<gc-op id="5492" type="copy forward" timems="29.607" contextid="5489" timestamp="2019-08-11T06:21:51.392">
  <memory-copied type="eden" objects="10068" bytes="4082584" bytesdiscarded="609120" />
  <memory-copied type="other" objects="73" bytes="6752" bytesdiscarded="1416" />
  <memory-cardclean objects="3094" bytes="175984" />
  <regions eden="27" other="6" />
  <remembered-set-cleared processed="568" cleared="355" durationms="1.630" />
  <references type="phantom" candidates="2" cleared="0" enqueued="0" />
  <stringconstants candidates="15966" cleared="0"  />
</gc-op>
<gc-op id="5493" type="classunload" timems="0.011" contextid="5489" timestamp="2019-08-11T06:21:51.392">
  <classunload-info classloadercandidates="68" classloadersunloaded="0" classesunloaded="0" anonymousclassesunloaded="0" quiescems="0.000" setupms="0.011" scanms="0.000" postms="0.000" />
</gc-op>
<gc-end id="5494" type="partial gc" contextid="5489" durationms="55.503" usertimems="61.331" systemtimems="30.776" timestamp="2019-08-11T06:21:51.392" activeThreads="16">
  <mem-info id="5495" free="121634816" total="199229440" percent="61">
    <mem type="eden" free="3696624" total="8388608" percent="44" />
    <remembered-set count="8352" freebytes="7931392" totalbytes="7964800" percent="99" regionsoverflowed="0" regionsstable="11" regionsrebuilding="0"/>
  </mem-info>
</gc-end>
<cycle-end id="5496" type="partial gc" contextid="5489" timestamp="2019-08-11T06:21:51.393" />
  <attribute name="elasticGC enabled" value="1" />
  <attribute name= "numThreadsSpecified" value="16" />
  <attribute name="heapSize specified" value="0" />
  <attribute name="Current GC Util" value="9" />
  <attribute name= "Current Time Running" value="222555" />
  <attribute name ="GC Interval" value="0" />
  <attribute name="ProportionalT" value="-35.500000" />
  <attribute name="ProportionalI" value="-35.500000" />
  <attribute name="ProportionalH" value="-35.500000" />
  <attribute name="Current Error" value="-71.000000" />
  <attribute name="IntegralT" value="-816.500000" />
  <attribute name="IntegralI" value="-816.500000" />
  <attribute name="IntegralH" value="-816.500000" />
  <attribute name="DerivativeT" value="-3.086957" />
  <attribute name="DerivativeI" value="-3.086957" />
  <attribute name="DerivativeH" value="-3.086957" />
  <attribute name="Loop Time for DT" value="23.000000" />
  <attribute name="Output H" value="4202627072"/>
  <attribute name="Output I" value="200"/>
  <attribute name="Output T" value="16"/>
  <attribute name="Target GC Util Change" value ="80.000000" />
  <attribute name="Current GC Util Change" value="9.000000"/>
  <attribute name="GC Util currently" value="9" />
  <attribute name="CPU Util currently" value="50228724455" />
<exclusive-end id="5497" timestamp="2019-08-11T06:21:51.393" durationms="85.116" />

<exclusive-start id="5498" timestamp="2019-08-11T06:21:51.425" intervalms="117.624">
  <response-info timems="2.440" idlems="2.045" threads="1" lastid="000000000210B200" lastname="Thread-48" />
</exclusive-start>
<allocation-taxation id="5499" taxation-threshold="56623104" timestamp="2019-08-11T06:21:51.426" intervalms="118.817" />
<cycle-start id="5500" type="partial gc" contextid="0" timestamp="2019-08-11T06:21:51.427" intervalms="117.866" />
<gc-start id="5501" type="partial gc" contextid="5500" timestamp="2019-08-11T06:21:51.427">
  <mem-info id="5502" free="65011712" total="199229440" percent="32">
    <mem type="eden" free="0" total="56623104" percent="0" />
    <remembered-set count="8032" freebytes="7932672" totalbytes="7964800" percent="99" regionsoverflowed="0" regionsstable="11" regionsrebuilding="0"/>
  </mem-info>
</gc-start>
<allocation-stats totalBytes="56493208" >
  <allocated-bytes non-tlh="32776" tlh="56460432" arrayletleaf="0"/>
  <largest-consumer threadName="Thread-39" threadId="00000000020F8700" bytes="6920792" />
</allocation-stats>
<gc-op id="5503" type="copy forward" timems="36.516" contextid="5500" timestamp="2019-08-11T06:21:51.469">
  <memory-copied type="eden" objects="9057" bytes="3590152" bytesdiscarded="392368" />
  <memory-copied type="other" objects="49" bytes="38136" bytesdiscarded="4536" />
  <memory-cardclean objects="3054" bytes="144024" />
  <memory-traced type="eden" objects="1161" bytes="137096" />
  <memory-traced type="other" objects="0" bytes="0" />
  <regions eden="27" other="6" evacuated="32" marked="1" />
  <remembered-set-cleared processed="633" cleared="408" durationms="0.265" />
  <references type="weak" candidates="1" cleared="0" enqueued="0" />
  <references type="phantom" candidates="2" cleared="0" enqueued="0" />
  <stringconstants candidates="15966" cleared="0"  />
</gc-op>
<gc-op id="5504" type="classunload" timems="0.011" contextid="5500" timestamp="2019-08-11T06:21:51.469">
  <classunload-info classloadercandidates="68" classloadersunloaded="0" classesunloaded="0" anonymousclassesunloaded="0" quiescems="0.000" setupms="0.011" scanms="0.000" postms="0.000" />
</gc-op>
<gc-op id="5505" type="sweep" timems="2.557" contextid="5500" timestamp="2019-08-11T06:21:51.471" />
<gc-op id="5506" type="compact" timems="4.788" contextid="5500" timestamp="2019-08-11T06:21:51.476">
  <compact-info movecount="0" movebytes="0" />
  <remembered-set-cleared processed="1735" cleared="408" durationms="0.494" />
</gc-op>
<gc-end id="5507" type="partial gc" contextid="5500" durationms="49.367" usertimems="31.423" systemtimems="30.076" timestamp="2019-08-11T06:21:51.477" activeThreads="16">
  <mem-info id="5508" free="121634816" total="199229440" percent="61">
    <mem type="eden" free="211560" total="6291456" percent="3" />
    <remembered-set count="3200" freebytes="7952000" totalbytes="7964800" percent="99" regionsoverflowed="0" regionsstable="11" regionsrebuilding="0"/>
  </mem-info>
</gc-end>
<cycle-end id="5509" type="partial gc" contextid="5500" timestamp="2019-08-11T06:21:51.477" />
  <attribute name="elasticGC enabled" value="1" />
  <attribute name= "numThreadsSpecified" value="16" />
  <attribute name="heapSize specified" value="0" />
  <attribute name="Current GC Util" value="120" />
  <attribute name= "Current Time Running" value="222664" />
  <attribute name ="GC Interval" value="0" />
  <attribute name="ProportionalT" value="20.000000" />
  <attribute name="ProportionalI" value="20.000000" />
  <attribute name="ProportionalH" value="20.000000" />
  <attribute name="Current Error" value="40.000000" />
  <attribute name="IntegralT" value="60.000000" />
  <attribute name="IntegralI" value="60.000000" />
  <attribute name="IntegralH" value="60.000000" />
  <attribute name="DerivativeT" value="6.000000" />
  <attribute name="DerivativeI" value="6.000000" />
  <attribute name="DerivativeH" value="6.000000" />
  <attribute name="Loop Time for DT" value="3.000000" />
  <attribute name="Output H" value="8388608"/>
  <attribute name="Output I" value="200"/>
  <attribute name="Output T" value="16"/>
  <attribute name="Target GC Util Change" value ="80.000000" />
  <attribute name="Current GC Util Change" value="120.000000"/>
  <attribute name="GC Util currently" value="120" />
  <attribute name="CPU Util currently" value="430690151909" />
<exclusive-end id="5510" timestamp="2019-08-11T06:21:51.477" durationms="51.674" />

<exclusive-start id="5511" timestamp="2019-08-11T06:21:51.661" intervalms="236.199">
  <response-info timems="0.556" idlems="0.556" threads="0" lastid="0000000002112A00" lastname="Thread-52" />
</exclusive-start>
<allocation-taxation id="5512" taxation-threshold="56623104" timestamp="2019-08-11T06:21:51.661" intervalms="234.989" />
<cycle-start id="5513" type="partial gc" contextid="0" timestamp="2019-08-11T06:21:51.662" intervalms="234.687" />
<gc-start id="5514" type="partial gc" contextid="5513" timestamp="2019-08-11T06:21:51.662">
  <mem-info id="5515" free="65011712" total="199229440" percent="32">
    <mem type="eden" free="0" total="58720256" percent="0" />
    <remembered-set count="3200" freebytes="7952000" totalbytes="7964800" percent="99" regionsoverflowed="0" regionsstable="11" regionsrebuilding="0"/>
  </mem-info>
</gc-start>
<allocation-stats totalBytes="56462176" >
  <allocated-bytes non-tlh="508032" tlh="55954144" arrayletleaf="0"/>
  <largest-consumer threadName="Thread-48" threadId="000000000210B200" bytes="6175592" />
</allocation-stats>
<gc-op id="5516" type="copy forward" timems="34.161" contextid="5513" timestamp="2019-08-11T06:21:51.698">
  <memory-copied type="eden" objects="9977" bytes="3954944" bytesdiscarded="705256" />
  <memory-copied type="other" objects="493" bytes="247512" bytesdiscarded="10360" />
  <memory-cardclean objects="3058" bytes="143792" />
  <regions eden="27" other="5" />
  <remembered-set-cleared processed="767" cleared="566" durationms="0.198" />
  <references type="phantom" candidates="3" cleared="0" enqueued="0" />
  <stringconstants candidates="15966" cleared="0"  />
</gc-op>
<gc-op id="5517" type="classunload" timems="0.014" contextid="5513" timestamp="2019-08-11T06:21:51.698">
  <classunload-info classloadercandidates="68" classloadersunloaded="0" classesunloaded="0" anonymousclassesunloaded="0" quiescems="0.000" setupms="0.014" scanms="0.000" postms="0.000" />
</gc-op>
<heap-resize id="5518" type="expand" space="default" amount="6291456" count="1" timems="0.070" reason="excessive time being spent in gc" timestamp="2019-08-11T06:21:51.699" />
<gc-end id="5519" type="partial gc" contextid="5513" durationms="36.486" usertimems="30.938" systemtimems="14.239" timestamp="2019-08-11T06:21:51.699" activeThreads="8">
  <mem-info id="5520" free="123731968" total="205520896" percent="60">
    <mem type="eden" free="3728128" total="8388608" percent="44" />
    <remembered-set count="5536" freebytes="8194176" totalbytes="8216320" percent="99" regionsoverflowed="0" regionsstable="11" regionsrebuilding="0"/>
  </mem-info>
</gc-end>
<cycle-end id="5521" type="partial gc" contextid="5513" timestamp="2019-08-11T06:21:51.699" />
  <attribute name="elasticGC enabled" value="1" />
  <attribute name= "numThreadsSpecified" value="8" />
  <attribute name="heapSize specified" value="0" />
  <attribute name="Current GC Util" value="82" />
  <attribute name= "Current Time Running" value="222856" />
  <attribute name ="GC Interval" value="0" />
  <attribute name="ProportionalT" value="1.000000" />
  <attribute name="ProportionalI" value="1.000000" />
  <attribute name="ProportionalH" value="1.000000" />
  <attribute name="Current Error" value="2.000000" />
  <attribute name="IntegralT" value="1.000000" />
  <attribute name="IntegralI" value="1.000000" />
  <attribute name="IntegralH" value="1.000000" />
  <attribute name="DerivativeT" value="2.000000" />
  <attribute name="DerivativeI" value="2.000000" />
  <attribute name="DerivativeH" value="2.000000" />
  <attribute name="Loop Time for DT" value="1.000000" />
  <attribute name="Output H" value="8388608"/>
  <attribute name="Output I" value="200"/>
  <attribute name="Output T" value="8"/>
  <attribute name="Target GC Util Change" value ="80.000000" />
  <attribute name="Current GC Util Change" value="82.000000"/>
  <attribute name="GC Util currently" value="82" />
  <attribute name="CPU Util currently" value="1267045405267" />
<exclusive-end id="5522" timestamp="2019-08-11T06:21:51.699" durationms="37.959" />

<exclusive-start id="5523" timestamp="2019-08-11T06:21:51.774" intervalms="112.674">
  <response-info timems="2.788" idlems="2.788" threads="0" lastid="00000000020F0F00" lastname="Thread-49" />
</exclusive-start>
<allocation-taxation id="5524" taxation-threshold="58720256" timestamp="2019-08-11T06:21:51.774" intervalms="112.811" />
<cycle-start id="5525" type="partial gc" contextid="0" timestamp="2019-08-11T06:21:51.774" intervalms="112.670" />
<gc-start id="5526" type="partial gc" contextid="5525" timestamp="2019-08-11T06:21:51.775">
  <mem-info id="5527" free="65011712" total="205520896" percent="31">
    <mem type="eden" free="1847520" total="60817408" percent="3" />
    <remembered-set count="5216" freebytes="8195456" totalbytes="8216320" percent="99" regionsoverflowed="0" regionsstable="11" regionsrebuilding="0"/>
  </mem-info>
</gc-start>
<allocation-stats totalBytes="58545624" >
  <allocated-bytes non-tlh="0" tlh="58545624" arrayletleaf="0"/>
  <largest-consumer threadName="Thread-50" threadId="000000000211DE00" bytes="6699352" />
</allocation-stats>
<gc-op id="5528" type="copy forward" timems="53.552" contextid="5525" timestamp="2019-08-11T06:21:51.830">
  <memory-copied type="eden" objects="10097" bytes="3968832" bytesdiscarded="803664" />
  <memory-copied type="other" objects="271" bytes="152336" bytesdiscarded="13456" />
  <memory-cardclean objects="3082" bytes="145680" />
  <regions eden="28" other="5" />
  <remembered-set-cleared processed="639" cleared="459" durationms="0.289" />
  <references type="phantom" candidates="2" cleared="0" enqueued="0" />
  <stringconstants candidates="15966" cleared="0"  />
</gc-op>
<gc-op id="5529" type="classunload" timems="0.016" contextid="5525" timestamp="2019-08-11T06:21:51.830">
  <classunload-info classloadercandidates="68" classloadersunloaded="0" classesunloaded="0" anonymousclassesunloaded="0" quiescems="0.000" setupms="0.016" scanms="0.000" postms="0.000" />
</gc-op>
<heap-resize id="5530" type="expand" space="default" amount="4194304" count="1" timems="0.068" reason="excessive time being spent in gc" timestamp="2019-08-11T06:21:51.830" />
<gc-end id="5531" type="partial gc" contextid="5525" durationms="55.655" usertimems="53.625" systemtimems="28.489" timestamp="2019-08-11T06:21:51.830" activeThreads="16">
  <mem-info id="5532" free="125829120" total="209715200" percent="60">
    <mem type="eden" free="3615840" total="8388608" percent="43" />
    <remembered-set count="8480" freebytes="8350080" totalbytes="8384000" percent="99" regionsoverflowed="0" regionsstable="11" regionsrebuilding="0"/>
  </mem-info>
</gc-end>
<cycle-end id="5533" type="partial gc" contextid="5525" timestamp="2019-08-11T06:21:51.831" />
  <attribute name="elasticGC enabled" value="1" />
  <attribute name= "numThreadsSpecified" value="16" />
  <attribute name="heapSize specified" value="0" />
  <attribute name="Current GC Util" value="75" />
  <attribute name= "Current Time Running" value="222969" />
  <attribute name ="GC Interval" value="0" />
  <attribute name="ProportionalT" value="-2.500000" />
  <attribute name="ProportionalI" value="-2.500000" />
  <attribute name="ProportionalH" value="-2.500000" />
  <attribute name="Current Error" value="-5.000000" />
  <attribute name="IntegralT" value="-2.500000" />
  <attribute name="IntegralI" value="-2.500000" />
  <attribute name="IntegralH" value="-2.500000" />
  <attribute name="DerivativeT" value="-5.000000" />
  <attribute name="DerivativeI" value="-5.000000" />
  <attribute name="DerivativeH" value="-5.000000" />
  <attribute name="Loop Time for DT" value="1.000000" />
  <attribute name="Output H" value="4202627072"/>
  <attribute name="Output I" value="200"/>
  <attribute name="Output T" value="16"/>
  <attribute name="Target GC Util Change" value ="80.000000" />
  <attribute name="Current GC Util Change" value="75.000000"/>
  <attribute name="GC Util currently" value="75" />
  <attribute name="CPU Util currently" value="868860462958" />
<exclusive-end id="5534" timestamp="2019-08-11T06:21:51.831" durationms="56.773" />

<exclusive-start id="5535" timestamp="2019-08-11T06:21:51.885" intervalms="111.217">
  <response-info timems="1.040" idlems="1.040" threads="0" lastid="00000000020F0F00" lastname="Thread-49" />
</exclusive-start>
<allocation-taxation id="5536" taxation-threshold="58720256" timestamp="2019-08-11T06:21:51.885" intervalms="111.074" />
<cycle-start id="5537" type="partial gc" contextid="0" timestamp="2019-08-11T06:21:51.886" intervalms="111.218" />
<gc-start id="5538" type="partial gc" contextid="5537" timestamp="2019-08-11T06:21:51.886">
  <mem-info id="5539" free="67108864" total="209715200" percent="32">
    <mem type="eden" free="0" total="58720256" percent="0" />
    <remembered-set count="8224" freebytes="8351104" totalbytes="8384000" percent="99" regionsoverflowed="0" regionsstable="11" regionsrebuilding="0"/>
  </mem-info>
</gc-start>
<allocation-stats totalBytes="58628624" >
  <allocated-bytes non-tlh="16392" tlh="58612232" arrayletleaf="0"/>
  <largest-consumer threadName="Thread-39" threadId="00000000020F8700" bytes="5855152" />
</allocation-stats>
<gc-op id="5540" type="copy forward" timems="71.917" contextid="5537" timestamp="2019-08-11T06:21:51.960">
  <memory-copied type="eden" objects="10134" bytes="3918784" bytesdiscarded="585456" />
  <memory-copied type="other" objects="13" bytes="504" bytesdiscarded="336" />
  <memory-cardclean objects="3073" bytes="145448" />
  <regions eden="28" other="4" />
  <remembered-set-cleared processed="627" cleared="428" durationms="0.162" />
  <references type="phantom" candidates="2" cleared="0" enqueued="0" />
  <stringconstants candidates="15966" cleared="0"  />
</gc-op>
<gc-op id="5541" type="classunload" timems="0.017" contextid="5537" timestamp="2019-08-11T06:21:51.960">
  <classunload-info classloadercandidates="68" classloadersunloaded="0" classesunloaded="0" anonymousclassesunloaded="0" quiescems="0.000" setupms="0.017" scanms="0.000" postms="0.000" />
</gc-op>
<gc-end id="5542" type="partial gc" contextid="5537" durationms="73.779" usertimems="93.352" systemtimems="53.678" timestamp="2019-08-11T06:21:51.960" activeThreads="16">
  <mem-info id="5543" free="125829120" total="209715200" percent="60">
    <mem type="eden" free="1786944" total="6291456" percent="28" />
    <remembered-set count="8672" freebytes="8349312" totalbytes="8384000" percent="99" regionsoverflowed="0" regionsstable="11" regionsrebuilding="0"/>
  </mem-info>
</gc-end>
<cycle-end id="5544" type="partial gc" contextid="5537" timestamp="2019-08-11T06:21:51.960" />
  <attribute name="elasticGC enabled" value="1" />
  <attribute name= "numThreadsSpecified" value="16" />
  <attribute name="heapSize specified" value="0" />
  <attribute name="Current GC Util" value="94" />
  <attribute name= "Current Time Running" value="223080" />
  <attribute name ="GC Interval" value="0" />
  <attribute name="ProportionalT" value="7.000000" />
  <attribute name="ProportionalI" value="7.000000" />
  <attribute name="ProportionalH" value="7.000000" />
  <attribute name="Current Error" value="14.000000" />
  <attribute name="IntegralT" value="7.000000" />
  <attribute name="IntegralI" value="7.000000" />
  <attribute name="IntegralH" value="7.000000" />
  <attribute name="DerivativeT" value="14.000000" />
  <attribute name="DerivativeI" value="14.000000" />
  <attribute name="DerivativeH" value="14.000000" />
  <attribute name="Loop Time for DT" value="1.000000" />
  <attribute name="Output H" value="8388608"/>
  <attribute name="Output I" value="200"/>
  <attribute name="Output T" value="16"/>
  <attribute name="Target GC Util Change" value ="80.000000" />
  <attribute name="Current GC Util Change" value="94.000000"/>
  <attribute name="GC Util currently" value="94" />
  <attribute name="CPU Util currently" value="1173910884801" />
<exclusive-end id="5545" timestamp="2019-08-11T06:21:51.961" durationms="75.352" />

<exclusive-start id="5546" timestamp="2019-08-11T06:21:51.995" intervalms="109.894">
  <response-info timems="1.269" idlems="0.661" threads="1" lastid="00000000020F0F00" lastname="Thread-49" />
</exclusive-start>
<allocation-taxation id="5547" taxation-threshold="58720256" timestamp="2019-08-11T06:21:51.995" intervalms="109.897" />
<cycle-start id="5548" type="partial gc" contextid="0" timestamp="2019-08-11T06:21:51.995" intervalms="109.732" />
<gc-start id="5549" type="partial gc" contextid="5548" timestamp="2019-08-11T06:21:51.995">
  <mem-info id="5550" free="67108864" total="209715200" percent="32">
    <mem type="eden" free="0" total="58720256" percent="0" />
    <remembered-set count="8224" freebytes="8351104" totalbytes="8384000" percent="99" regionsoverflowed="0" regionsstable="11" regionsrebuilding="0"/>
  </mem-info>
</gc-start>
<allocation-stats totalBytes="58545064" >
  <allocated-bytes non-tlh="122920" tlh="58422144" arrayletleaf="0"/>
  <largest-consumer threadName="Thread-52" threadId="0000000002112A00" bytes="6883512" />
</allocation-stats>
<gc-op id="5551" type="copy forward" timems="60.402" contextid="5548" timestamp="2019-08-11T06:21:52.058">
  <memory-copied type="eden" objects="10309" bytes="3961096" bytesdiscarded="805744" />
  <memory-copied type="other" objects="20" bytes="720" bytesdiscarded="0" />
  <memory-cardclean objects="3066" bytes="145112" />
  <regions eden="28" other="3" />
  <remembered-set-cleared processed="630" cleared="428" durationms="0.741" />
  <references type="phantom" candidates="2" cleared="0" enqueued="0" />
  <stringconstants candidates="15966" cleared="0"  />
</gc-op>
<gc-op id="5552" type="classunload" timems="0.023" contextid="5548" timestamp="2019-08-11T06:21:52.058">
  <classunload-info classloadercandidates="68" classloadersunloaded="0" classesunloaded="0" anonymousclassesunloaded="0" quiescems="0.000" setupms="0.022" scanms="0.000" postms="0.000" />
</gc-op>
<heap-resize id="5553" type="expand" space="default" amount="6291456" count="1" timems="0.073" reason="excessive time being spent in gc" timestamp="2019-08-11T06:21:52.059" />
<gc-end id="5554" type="partial gc" contextid="5548" durationms="65.587" usertimems="35.380" systemtimems="37.909" timestamp="2019-08-11T06:21:52.061" activeThreads="16">
  <mem-info id="5555" free="130023424" total="216006656" percent="60">
    <mem type="eden" free="1524336" total="6291456" percent="24" />
    <remembered-set count="8256" freebytes="8602496" totalbytes="8635520" percent="99" regionsoverflowed="0" regionsstable="11" regionsrebuilding="0"/>
  </mem-info>
</gc-end>
<cycle-end id="5556" type="partial gc" contextid="5548" timestamp="2019-08-11T06:21:52.061" />
  <attribute name="elasticGC enabled" value="1" />
  <attribute name= "numThreadsSpecified" value="16" />
  <attribute name="heapSize specified" value="0" />
  <attribute name="Current GC Util" value="40" />
  <attribute name= "Current Time Running" value="223190" />
  <attribute name ="GC Interval" value="0" />
  <attribute name="ProportionalT" value="-20.000000" />
  <attribute name="ProportionalI" value="-20.000000" />
  <attribute name="ProportionalH" value="-20.000000" />
  <attribute name="Current Error" value="-40.000000" />
  <attribute name="IntegralT" value="-40.000000" />
  <attribute name="IntegralI" value="-40.000000" />
  <attribute name="IntegralH" value="-40.000000" />
  <attribute name="DerivativeT" value="-20.000000" />
  <attribute name="DerivativeI" value="-20.000000" />
  <attribute name="DerivativeH" value="-20.000000" />
  <attribute name="Loop Time for DT" value="2.000000" />
  <attribute name="Output H" value="4202627072"/>
  <attribute name="Output I" value="200"/>
  <attribute name="Output T" value="16"/>
  <attribute name="Target GC Util Change" value ="80.000000" />
  <attribute name="Current GC Util Change" value="40.000000"/>
  <attribute name="GC Util currently" value="40" />
  <attribute name="CPU Util currently" value="523362658599" />
<exclusive-end id="5557" timestamp="2019-08-11T06:21:52.062" durationms="66.558" />

<exclusive-start id="5558" timestamp="2019-08-11T06:21:52.106" intervalms="110.897">
  <response-info timems="2.159" idlems="1.098" threads="1" lastid="00000000020F8700" lastname="Thread-39" />
</exclusive-start>
<allocation-taxation id="5559" taxation-threshold="60817408" timestamp="2019-08-11T06:21:52.106" intervalms="110.903" />
<cycle-start id="5560" type="partial gc" contextid="0" timestamp="2019-08-11T06:21:52.106" intervalms="110.947" />
<gc-start id="5561" type="partial gc" contextid="5560" timestamp="2019-08-11T06:21:52.107">
  <mem-info id="5562" free="69206016" total="216006656" percent="32">
    <mem type="eden" free="0" total="60817408" percent="0" />
    <remembered-set count="7872" freebytes="8604032" totalbytes="8635520" percent="99" regionsoverflowed="0" regionsstable="11" regionsrebuilding="0"/>
  </mem-info>
</gc-start>
<allocation-stats totalBytes="60687632" >
  <allocated-bytes non-tlh="65552" tlh="60622080" arrayletleaf="0"/>
  <largest-consumer threadName="Thread-38" threadId="00000000020FFF00" bytes="8024728" />
</allocation-stats>
<gc-op id="5563" type="copy forward" timems="52.246" contextid="5560" timestamp="2019-08-11T06:21:52.160">
  <memory-copied type="eden" objects="10013" bytes="3946816" bytesdiscarded="647736" />
  <memory-copied type="other" objects="14" bytes="848" bytesdiscarded="0" />
  <memory-cardclean objects="3073" bytes="145640" />
  <regions eden="29" other="3" />
  <remembered-set-cleared processed="643" cleared="442" durationms="0.121" />
  <references type="phantom" candidates="2" cleared="0" enqueued="0" />
  <stringconstants candidates="15966" cleared="0"  />
</gc-op>
<gc-op id="5564" type="classunload" timems="0.017" contextid="5560" timestamp="2019-08-11T06:21:52.172">
  <classunload-info classloadercandidates="68" classloadersunloaded="0" classesunloaded="0" anonymousclassesunloaded="0" quiescems="0.000" setupms="0.017" scanms="0.000" postms="0.000" />
</gc-op>
<heap-resize id="5565" type="expand" space="default" amount="4194304" count="1" timems="0.071" reason="excessive time being spent in gc" timestamp="2019-08-11T06:21:52.174" />
<gc-end id="5566" type="partial gc" contextid="5560" durationms="67.816" usertimems="50.582" systemtimems="27.988" timestamp="2019-08-11T06:21:52.174" activeThreads="16">
  <mem-info id="5567" free="132120576" total="220200960" percent="60">
    <mem type="eden" free="1696632" total="6291456" percent="26" />
    <remembered-set count="7712" freebytes="8772352" totalbytes="8803200" percent="99" regionsoverflowed="0" regionsstable="11" regionsrebuilding="0"/>
  </mem-info>
</gc-end>
<cycle-end id="5568" type="partial gc" contextid="5560" timestamp="2019-08-11T06:21:52.175" />
  <attribute name="elasticGC enabled" value="1" />
  <attribute name= "numThreadsSpecified" value="16" />
  <attribute name="heapSize specified" value="0" />
  <attribute name="Current GC Util" value="75" />
  <attribute name= "Current Time Running" value="223300" />
  <attribute name ="GC Interval" value="0" />
  <attribute name="ProportionalT" value="-2.500000" />
  <attribute name="ProportionalI" value="-2.500000" />
  <attribute name="ProportionalH" value="-2.500000" />
  <attribute name="Current Error" value="-5.000000" />
  <attribute name="IntegralT" value="0.000000" />
  <attribute name="IntegralI" value="0.000000" />
  <attribute name="IntegralH" value="0.000000" />
  <attribute name="DerivativeT" value="-inf" />
  <attribute name="DerivativeI" value="-inf" />
  <attribute name="DerivativeH" value="-inf" />
  <attribute name="Loop Time for DT" value="0.000000" />
  <attribute name="Output H" value="4202627072"/>
  <attribute name="Output I" value="200"/>
  <attribute name="Output T" value="16"/>
  <attribute name="Target GC Util Change" value ="80.000000" />
  <attribute name="Current GC Util Change" value="75.000000"/>
  <attribute name="GC Util currently" value="75" />
  <attribute name="CPU Util currently" value="1294155090517" />
<exclusive-end id="5569" timestamp="2019-08-11T06:21:52.176" durationms="70.296" />

<exclusive-start id="5570" timestamp="2019-08-11T06:21:52.242" intervalms="136.001">
  <response-info timems="0.765" idlems="0.765" threads="0" lastid="0000000002112A00" lastname="Thread-52" />
</exclusive-start>
<allocation-taxation id="5571" taxation-threshold="62914560" timestamp="2019-08-11T06:21:52.242" intervalms="136.015" />
<cycle-start id="5572" type="partial gc" contextid="0" timestamp="2019-08-11T06:21:52.242" intervalms="136.060" />
<gc-start id="5573" type="partial gc" contextid="5572" timestamp="2019-08-11T06:21:52.242">
  <mem-info id="5574" free="69206016" total="220200960" percent="31">
    <mem type="eden" free="0" total="62914560" percent="0" />
    <remembered-set count="7424" freebytes="8773504" totalbytes="8803200" percent="99" regionsoverflowed="0" regionsstable="11" regionsrebuilding="0"/>
  </mem-info>
</gc-start>
<allocation-stats totalBytes="62784968" >
  <allocated-bytes non-tlh="49168" tlh="62735800" arrayletleaf="0"/>
  <largest-consumer threadName="Thread-37" threadId="00000000020FC300" bytes="7265880" />
</allocation-stats>
<gc-op id="5575" type="copy forward" timems="95.573" contextid="5572" timestamp="2019-08-11T06:21:52.341">
  <memory-copied type="eden" objects="9676" bytes="3824600" bytesdiscarded="884064" />
  <memory-copied type="other" objects="37" bytes="2248" bytesdiscarded="1304" />
  <memory-cardclean objects="3061" bytes="143784" />
  <regions eden="30" other="5" />
  <remembered-set-cleared processed="636" cleared="436" durationms="0.262" />
  <references type="phantom" candidates="2" cleared="0" enqueued="0" />
  <stringconstants candidates="15966" cleared="0"  />
</gc-op>
<gc-op id="5576" type="classunload" timems="0.016" contextid="5572" timestamp="2019-08-11T06:21:52.341">
  <classunload-info classloadercandidates="68" classloadersunloaded="0" classesunloaded="0" anonymousclassesunloaded="0" quiescems="0.000" setupms="0.016" scanms="0.000" postms="0.000" />
</gc-op>
<gc-end id="5577" type="partial gc" contextid="5572" durationms="98.989" usertimems="28.076" systemtimems="37.190" timestamp="2019-08-11T06:21:52.341" activeThreads="16">
  <mem-info id="5578" free="132120576" total="220200960" percent="60">
    <mem type="eden" free="3679680" total="8388608" percent="43" />
    <remembered-set count="8704" freebytes="8768384" totalbytes="8803200" percent="99" regionsoverflowed="0" regionsstable="11" regionsrebuilding="0"/>
  </mem-info>
</gc-end>
<cycle-end id="5579" type="partial gc" contextid="5572" timestamp="2019-08-11T06:21:52.342" />
  <attribute name="elasticGC enabled" value="1" />
  <attribute name= "numThreadsSpecified" value="16" />
  <attribute name="heapSize specified" value="0" />
  <attribute name="Current GC Util" value="59" />
  <attribute name= "Current Time Running" value="223438" />
  <attribute name ="GC Interval" value="0" />
  <attribute name="ProportionalT" value="-10.500000" />
  <attribute name="ProportionalI" value="-10.500000" />
  <attribute name="ProportionalH" value="-10.500000" />
  <attribute name="Current Error" value="-21.000000" />
  <attribute name="IntegralT" value="-21.000000" />
  <attribute name="IntegralI" value="-21.000000" />
  <attribute name="IntegralH" value="-21.000000" />
  <attribute name="DerivativeT" value="-10.500000" />
  <attribute name="DerivativeI" value="-10.500000" />
  <attribute name="DerivativeH" value="-10.500000" />
  <attribute name="Loop Time for DT" value="2.000000" />
  <attribute name="Output H" value="4202627072"/>
  <attribute name="Output I" value="200"/>
  <attribute name="Output T" value="16"/>
  <attribute name="Target GC Util Change" value ="80.000000" />
  <attribute name="Current GC Util Change" value="59.000000"/>
  <attribute name="GC Util currently" value="59" />
  <attribute name="CPU Util currently" value="553883021774" />
<exclusive-end id="5580" timestamp="2019-08-11T06:21:52.343" durationms="101.454" />

<exclusive-start id="5581" timestamp="2019-08-11T06:21:52.376" intervalms="133.781">
  <response-info timems="1.162" idlems="0.683" threads="1" lastid="000000000211DE00" lastname="Thread-50" />
</exclusive-start>
<allocation-taxation id="5582" taxation-threshold="62914560" timestamp="2019-08-11T06:21:52.376" intervalms="133.759" />
<cycle-start id="5583" type="partial gc" contextid="0" timestamp="2019-08-11T06:21:52.376" intervalms="133.933" />
<gc-start id="5584" type="partial gc" contextid="5583" timestamp="2019-08-11T06:21:52.378">
  <mem-info id="5585" free="69206016" total="220200960" percent="31">
    <mem type="eden" free="2097032" total="65011712" percent="3" />
    <remembered-set count="8320" freebytes="8769920" totalbytes="8803200" percent="99" regionsoverflowed="0" regionsstable="11" regionsrebuilding="0"/>
  </mem-info>
</gc-start>
<allocation-stats totalBytes="62779472" >
  <allocated-bytes non-tlh="65560" tlh="62713912" arrayletleaf="0"/>
  <largest-consumer threadName="Thread-39" threadId="00000000020F8700" bytes="8481352" />
</allocation-stats>
<gc-op id="5586" type="copy forward" timems="60.845" contextid="5583" timestamp="2019-08-11T06:21:52.440">
  <memory-copied type="eden" objects="8920" bytes="3526560" bytesdiscarded="630040" />
  <memory-copied type="other" objects="24" bytes="968" bytesdiscarded="0" />
  <memory-cardclean objects="3079" bytes="145360" />
  <regions eden="30" other="5" />
  <remembered-set-cleared processed="624" cleared="423" durationms="0.194" />
  <references type="phantom" candidates="1" cleared="0" enqueued="0" />
  <stringconstants candidates="15966" cleared="0"  />
</gc-op>
<gc-op id="5587" type="classunload" timems="0.013" contextid="5583" timestamp="2019-08-11T06:21:52.440">
  <classunload-info classloadercandidates="68" classloadersunloaded="0" classesunloaded="0" anonymousclassesunloaded="0" quiescems="0.000" setupms="0.013" scanms="0.000" postms="0.000" />
</gc-op>
<gc-end id="5588" type="partial gc" contextid="5583" durationms="62.315" usertimems="17.780" systemtimems="26.351" timestamp="2019-08-11T06:21:52.440" activeThreads="16">
  <mem-info id="5589" free="134217728" total="220200960" percent="60">
    <mem type="eden" free="37448" total="4194304" percent="0" />
    <remembered-set count="7200" freebytes="8774400" totalbytes="8803200" percent="99" regionsoverflowed="0" regionsstable="11" regionsrebuilding="0"/>
  </mem-info>
</gc-end>
<cycle-end id="5590" type="partial gc" contextid="5583" timestamp="2019-08-11T06:21:52.441" />
  <attribute name="elasticGC enabled" value="1" />
  <attribute name= "numThreadsSpecified" value="16" />
  <attribute name="heapSize specified" value="0" />
  <attribute name="Current GC Util" value="91" />
  <attribute name= "Current Time Running" value="223572" />
  <attribute name ="GC Interval" value="0" />
  <attribute name="ProportionalT" value="5.500000" />
  <attribute name="ProportionalI" value="5.500000" />
  <attribute name="ProportionalH" value="5.500000" />
  <attribute name="Current Error" value="11.000000" />
  <attribute name="IntegralT" value="5.500000" />
  <attribute name="IntegralI" value="5.500000" />
  <attribute name="IntegralH" value="5.500000" />
  <attribute name="DerivativeT" value="11.000000" />
  <attribute name="DerivativeI" value="11.000000" />
  <attribute name="DerivativeH" value="11.000000" />
  <attribute name="Loop Time for DT" value="1.000000" />
  <attribute name="Output H" value="8388608"/>
  <attribute name="Output I" value="200"/>
  <attribute name="Output T" value="16"/>
  <attribute name="Target GC Util Change" value ="80.000000" />
  <attribute name="Current GC Util Change" value="91.000000"/>
  <attribute name="GC Util currently" value="91" />
  <attribute name="CPU Util currently" value="1242348054052" />
<exclusive-end id="5591" timestamp="2019-08-11T06:21:52.441" durationms="65.145" />

<exclusive-start id="5592" timestamp="2019-08-11T06:21:52.483" intervalms="107.145">
  <response-info timems="0.169" idlems="0.169" threads="0" lastid="00000000020F0F00" lastname="Thread-49" />
</exclusive-start>
<allocation-taxation id="5593" taxation-threshold="62914560" timestamp="2019-08-11T06:21:52.483" intervalms="107.141" />
<cycle-start id="5594" type="partial gc" contextid="0" timestamp="2019-08-11T06:21:52.483" intervalms="106.914" />
<gc-start id="5595" type="partial gc" contextid="5594" timestamp="2019-08-11T06:21:52.483">
  <mem-info id="5596" free="71303168" total="220200960" percent="32">
    <mem type="eden" free="0" total="62914560" percent="0" />
    <remembered-set count="6816" freebytes="8775936" totalbytes="8803200" percent="99" regionsoverflowed="0" regionsstable="11" regionsrebuilding="0"/>
  </mem-info>
</gc-start>
<allocation-stats totalBytes="62718416" >
  <allocated-bytes non-tlh="65560" tlh="62652856" arrayletleaf="0"/>
  <largest-consumer threadName="Thread-45" threadId="000000000212CD00" bytes="6165496" />
</allocation-stats>
<gc-op id="5597" type="copy forward" timems="46.460" contextid="5594" timestamp="2019-08-11T06:21:52.531">
  <memory-copied type="eden" objects="9667" bytes="3815952" bytesdiscarded="655240" />
  <memory-copied type="other" objects="15" bytes="840" bytesdiscarded="0" />
  <memory-cardclean objects="3090" bytes="145928" />
  <regions eden="30" other="2" />
  <remembered-set-cleared processed="588" cleared="387" durationms="0.170" />
  <references type="phantom" candidates="2" cleared="0" enqueued="0" />
  <stringconstants candidates="15966" cleared="0"  />
</gc-op>
<gc-op id="5598" type="classunload" timems="0.020" contextid="5594" timestamp="2019-08-11T06:21:52.531">
  <classunload-info classloadercandidates="68" classloadersunloaded="0" classesunloaded="0" anonymousclassesunloaded="0" quiescems="0.000" setupms="0.019" scanms="0.000" postms="0.000" />
</gc-op>
<heap-resize id="5599" type="expand" space="default" amount="6291456" count="1" timems="0.083" reason="excessive time being spent in gc" timestamp="2019-08-11T06:21:52.531" />
<gc-end id="5600" type="partial gc" contextid="5594" durationms="48.146" usertimems="11.312" systemtimems="25.007" timestamp="2019-08-11T06:21:52.532" activeThreads="16">
  <mem-info id="5601" free="136314880" total="226492416" percent="60">
    <mem type="eden" free="1819992" total="6291456" percent="28" />
    <remembered-set count="7712" freebytes="9023872" totalbytes="9054720" percent="99" regionsoverflowed="0" regionsstable="11" regionsrebuilding="0"/>
  </mem-info>
</gc-end>
<cycle-end id="5602" type="partial gc" contextid="5594" timestamp="2019-08-11T06:21:52.532" />
  <attribute name="elasticGC enabled" value="1" />
  <attribute name= "numThreadsSpecified" value="16" />
  <attribute name="heapSize specified" value="0" />
  <attribute name="Current GC Util" value="114" />
  <attribute name= "Current Time Running" value="223677" />
  <attribute name ="GC Interval" value="0" />
  <attribute name="ProportionalT" value="17.000000" />
  <attribute name="ProportionalI" value="17.000000" />
  <attribute name="ProportionalH" value="17.000000" />
  <attribute name="Current Error" value="34.000000" />
  <attribute name="IntegralT" value="17.000000" />
  <attribute name="IntegralI" value="17.000000" />
  <attribute name="IntegralH" value="17.000000" />
  <attribute name="DerivativeT" value="34.000000" />
  <attribute name="DerivativeI" value="34.000000" />
  <attribute name="DerivativeH" value="34.000000" />
  <attribute name="Loop Time for DT" value="1.000000" />
  <attribute name="Output H" value="8388608"/>
  <attribute name="Output I" value="200"/>
  <attribute name="Output T" value="16"/>
  <attribute name="Target GC Util Change" value ="80.000000" />
  <attribute name="Current GC Util Change" value="114.000000"/>
  <attribute name="GC Util currently" value="114" />
  <attribute name="CPU Util currently" value="1333901048726" />
<exclusive-end id="5603" timestamp="2019-08-11T06:21:52.532" durationms="49.206" />

<exclusive-start id="5604" timestamp="2019-08-11T06:21:52.604" intervalms="121.112">
  <response-info timems="0.550" idlems="0.550" threads="0" lastid="000000000210B200" lastname="Thread-48" />
</exclusive-start>
<allocation-taxation id="5605" taxation-threshold="62914560" timestamp="2019-08-11T06:21:52.604" intervalms="121.129" />
<cycle-start id="5606" type="partial gc" contextid="0" timestamp="2019-08-11T06:21:52.604" intervalms="121.108" />
<gc-start id="5607" type="partial gc" contextid="5606" timestamp="2019-08-11T06:21:52.604">
  <mem-info id="5608" free="73400320" total="226492416" percent="32">
    <mem type="eden" free="0" total="62914560" percent="0" />
    <remembered-set count="7328" freebytes="9025408" totalbytes="9054720" percent="99" regionsoverflowed="0" regionsstable="11" regionsrebuilding="0"/>
  </mem-info>
</gc-start>
<allocation-stats totalBytes="62688992" >
  <allocated-bytes non-tlh="0" tlh="62688992" arrayletleaf="0"/>
  <largest-consumer threadName="Thread-52" threadId="0000000002112A00" bytes="6972336" />
</allocation-stats>
<gc-op id="5609" type="copy forward" timems="12.951" contextid="5606" timestamp="2019-08-11T06:21:52.619">
  <memory-copied type="eden" objects="10145" bytes="4056408" bytesdiscarded="587208" />
  <memory-copied type="other" objects="19" bytes="984" bytesdiscarded="0" />
  <memory-cardclean objects="3068" bytes="145064" />
  <regions eden="30" other="3" />
  <remembered-set-cleared processed="624" cleared="423" durationms="0.948" />
  <references type="weak" candidates="1" cleared="0" enqueued="0" />
  <references type="phantom" candidates="2" cleared="0" enqueued="0" />
  <stringconstants candidates="15966" cleared="0"  />
</gc-op>
<gc-op id="5610" type="classunload" timems="0.011" contextid="5606" timestamp="2019-08-11T06:21:52.619">
  <classunload-info classloadercandidates="68" classloadersunloaded="0" classesunloaded="0" anonymousclassesunloaded="0" quiescems="0.000" setupms="0.011" scanms="0.000" postms="0.000" />
</gc-op>
<heap-resize id="5611" type="expand" space="default" amount="4194304" count="1" timems="0.142" reason="excessive time being spent in gc" timestamp="2019-08-11T06:21:52.619" />
<gc-end id="5612" type="partial gc" contextid="5606" durationms="14.464" usertimems="16.253" systemtimems="10.959" timestamp="2019-08-11T06:21:52.619" activeThreads="16">
  <mem-info id="5613" free="138412032" total="230686720" percent="60">
    <mem type="eden" free="1647584" total="6291456" percent="26" />
    <remembered-set count="7712" freebytes="9191552" totalbytes="9222400" percent="99" regionsoverflowed="0" regionsstable="11" regionsrebuilding="0"/>
  </mem-info>
</gc-end>
<cycle-end id="5614" type="partial gc" contextid="5606" timestamp="2019-08-11T06:21:52.619" />
  <attribute name="elasticGC enabled" value="1" />
  <attribute name= "numThreadsSpecified" value="16" />
  <attribute name="heapSize specified" value="0" />
  <attribute name="Current GC Util" value="97" />
  <attribute name= "Current Time Running" value="223798" />
  <attribute name ="GC Interval" value="0" />
  <attribute name="ProportionalT" value="8.500000" />
  <attribute name="ProportionalI" value="8.500000" />
  <attribute name="ProportionalH" value="8.500000" />
  <attribute name="Current Error" value="17.000000" />
  <attribute name="IntegralT" value="8.500000" />
  <attribute name="IntegralI" value="8.500000" />
  <attribute name="IntegralH" value="8.500000" />
  <attribute name="DerivativeT" value="17.000000" />
  <attribute name="DerivativeI" value="17.000000" />
  <attribute name="DerivativeH" value="17.000000" />
  <attribute name="Loop Time for DT" value="1.000000" />
  <attribute name="Output H" value="8388608"/>
  <attribute name="Output I" value="200"/>
  <attribute name="Output T" value="16"/>
  <attribute name="Target GC Util Change" value ="80.000000" />
  <attribute name="Current GC Util Change" value="97.000000"/>
  <attribute name="GC Util currently" value="97" />
  <attribute name="CPU Util currently" value="1611391140391" />
<exclusive-end id="5615" timestamp="2019-08-11T06:21:52.619" durationms="15.205" />

<exclusive-start id="5616" timestamp="2019-08-11T06:21:52.721" intervalms="117.095">
  <response-info timems="0.375" idlems="0.190" threads="1" lastid="00000000020F0F00" lastname="Thread-49" />
</exclusive-start>
<allocation-taxation id="5617" taxation-threshold="65011712" timestamp="2019-08-11T06:21:52.721" intervalms="117.091" />
<cycle-start id="5618" type="partial gc" contextid="0" timestamp="2019-08-11T06:21:52.721" intervalms="117.094" />
<gc-start id="5619" type="partial gc" contextid="5618" timestamp="2019-08-11T06:21:52.722">
  <mem-info id="5620" free="73400320" total="230686720" percent="31">
    <mem type="eden" free="0" total="65011712" percent="0" />
    <remembered-set count="7360" freebytes="9192960" totalbytes="9222400" percent="99" regionsoverflowed="0" regionsstable="11" regionsrebuilding="0"/>
  </mem-info>
</gc-start>
<allocation-stats totalBytes="64828000" >
  <allocated-bytes non-tlh="32776" tlh="64795224" arrayletleaf="0"/>
  <largest-consumer threadName="Thread-48" threadId="000000000210B200" bytes="9671832" />
</allocation-stats>
<gc-op id="5621" type="copy forward" timems="41.486" contextid="5618" timestamp="2019-08-11T06:21:52.765">
  <memory-copied type="eden" objects="8697" bytes="3666736" bytesdiscarded="609280" />
  <memory-copied type="other" objects="25" bytes="976" bytesdiscarded="0" />
  <memory-cardclean objects="3089" bytes="145832" />
  <regions eden="31" other="4" />
  <remembered-set-cleared processed="617" cleared="417" durationms="1.382" />
  <references type="phantom" candidates="7" cleared="0" enqueued="0" />
  <stringconstants candidates="15966" cleared="0"  />
</gc-op>
<gc-op id="5622" type="classunload" timems="0.014" contextid="5618" timestamp="2019-08-11T06:21:52.765">
  <classunload-info classloadercandidates="68" classloadersunloaded="0" classesunloaded="0" anonymousclassesunloaded="0" quiescems="0.000" setupms="0.014" scanms="0.000" postms="0.000" />
</gc-op>
<heap-resize id="5623" type="expand" space="default" amount="6291456" count="1" timems="0.060" reason="excessive time being spent in gc" timestamp="2019-08-11T06:21:52.765" />
<gc-end id="5624" type="partial gc" contextid="5618" durationms="43.459" usertimems="32.835" systemtimems="21.545" timestamp="2019-08-11T06:21:52.765" activeThreads="16">
  <mem-info id="5625" free="142606336" total="236978176" percent="60">
    <mem type="eden" free="2015120" total="6291456" percent="32" />
    <remembered-set count="6176" freebytes="9449216" totalbytes="9473920" percent="99" regionsoverflowed="0" regionsstable="11" regionsrebuilding="0"/>
  </mem-info>
</gc-end>
<cycle-end id="5626" type="partial gc" contextid="5618" timestamp="2019-08-11T06:21:52.765" />
  <attribute name="elasticGC enabled" value="1" />
  <attribute name= "numThreadsSpecified" value="16" />
  <attribute name="heapSize specified" value="0" />
  <attribute name="Current GC Util" value="53" />
  <attribute name= "Current Time Running" value="223916" />
  <attribute name ="GC Interval" value="0" />
  <attribute name="ProportionalT" value="-13.500000" />
  <attribute name="ProportionalI" value="-13.500000" />
  <attribute name="ProportionalH" value="-13.500000" />
  <attribute name="Current Error" value="-27.000000" />
  <attribute name="IntegralT" value="-13.500000" />
  <attribute name="IntegralI" value="-13.500000" />
  <attribute name="IntegralH" value="-13.500000" />
  <attribute name="DerivativeT" value="-27.000000" />
  <attribute name="DerivativeI" value="-27.000000" />
  <attribute name="DerivativeH" value="-27.000000" />
  <attribute name="Loop Time for DT" value="1.000000" />
  <attribute name="Output H" value="4202627072"/>
  <attribute name="Output I" value="200"/>
  <attribute name="Output T" value="16"/>
  <attribute name="Target GC Util Change" value ="80.000000" />
  <attribute name="Current GC Util Change" value="53.000000"/>
  <attribute name="GC Util currently" value="53" />
  <attribute name="CPU Util currently" value="1000550518924" />
<exclusive-end id="5627" timestamp="2019-08-11T06:21:52.765" durationms="44.301" />

<exclusive-start id="5628" timestamp="2019-08-11T06:21:52.846" intervalms="125.081">
  <response-info timems="2.428" idlems="2.428" threads="0" lastid="000000000210B200" lastname="Thread-48" />
</exclusive-start>
<allocation-taxation id="5629" taxation-threshold="67108864" timestamp="2019-08-11T06:21:52.846" intervalms="125.074" />
<cycle-start id="5630" type="partial gc" contextid="0" timestamp="2019-08-11T06:21:52.846" intervalms="125.103" />
<gc-start id="5631" type="partial gc" contextid="5630" timestamp="2019-08-11T06:21:52.847">
  <mem-info id="5632" free="75497472" total="236978176" percent="31">
    <mem type="eden" free="0" total="67108864" percent="0" />
    <remembered-set count="5696" freebytes="9451136" totalbytes="9473920" percent="99" regionsoverflowed="0" regionsstable="11" regionsrebuilding="0"/>
  </mem-info>
</gc-start>
<allocation-stats totalBytes="66957352" >
  <allocated-bytes non-tlh="32784" tlh="66924568" arrayletleaf="0"/>
  <largest-consumer threadName="Thread-51" threadId="00000000020F4B00" bytes="7124400" />
</allocation-stats>
<gc-op id="5633" type="copy forward" timems="13.663" contextid="5630" timestamp="2019-08-11T06:21:52.862">
  <memory-copied type="eden" objects="10174" bytes="3933840" bytesdiscarded="883608" />
  <memory-copied type="other" objects="27" bytes="1456" bytesdiscarded="360" />
  <memory-cardclean objects="3094" bytes="145600" />
  <regions eden="32" other="4" />
  <remembered-set-cleared processed="595" cleared="394" durationms="0.350" />
  <references type="phantom" candidates="3" cleared="0" enqueued="0" />
  <stringconstants candidates="15966" cleared="0"  />
</gc-op>
<gc-op id="5634" type="classunload" timems="0.017" contextid="5630" timestamp="2019-08-11T06:21:52.862">
  <classunload-info classloadercandidates="68" classloadersunloaded="0" classesunloaded="0" anonymousclassesunloaded="0" quiescems="0.000" setupms="0.017" scanms="0.000" postms="0.000" />
</gc-op>
<heap-resize id="5635" type="expand" space="default" amount="10485760" count="1" timems="0.077" reason="excessive time being spent in gc" timestamp="2019-08-11T06:21:52.862" />
<gc-end id="5636" type="partial gc" contextid="5630" durationms="15.776" usertimems="25.100" systemtimems="16.871" timestamp="2019-08-11T06:21:52.862" activeThreads="16">
  <mem-info id="5637" free="148897792" total="247463936" percent="60">
    <mem type="eden" free="3570872" total="8388608" percent="42" />
    <remembered-set count="6720" freebytes="9866240" totalbytes="9893120" percent="99" regionsoverflowed="0" regionsstable="11" regionsrebuilding="0"/>
  </mem-info>
</gc-end>
<cycle-end id="5638" type="partial gc" contextid="5630" timestamp="2019-08-11T06:21:52.863" />
  <attribute name="elasticGC enabled" value="1" />
  <attribute name= "numThreadsSpecified" value="16" />
  <attribute name="heapSize specified" value="0" />
  <attribute name="Current GC Util" value="129" />
  <attribute name= "Current Time Running" value="224041" />
  <attribute name ="GC Interval" value="0" />
  <attribute name="ProportionalT" value="24.500000" />
  <attribute name="ProportionalI" value="24.500000" />
  <attribute name="ProportionalH" value="24.500000" />
  <attribute name="Current Error" value="49.000000" />
  <attribute name="IntegralT" value="24.500000" />
  <attribute name="IntegralI" value="24.500000" />
  <attribute name="IntegralH" value="24.500000" />
  <attribute name="DerivativeT" value="49.000000" />
  <attribute name="DerivativeI" value="49.000000" />
  <attribute name="DerivativeH" value="49.000000" />
  <attribute name="Loop Time for DT" value="1.000000" />
  <attribute name="Output H" value="8388608"/>
  <attribute name="Output I" value="200"/>
  <attribute name="Output T" value="16"/>
  <attribute name="Target GC Util Change" value ="80.000000" />
  <attribute name="Current GC Util Change" value="129.000000"/>
  <attribute name="GC Util currently" value="129" />
  <attribute name="CPU Util currently" value="1149294183088" />
<exclusive-end id="5639" timestamp="2019-08-11T06:21:52.863" durationms="17.171" />

<exclusive-start id="5640" timestamp="2019-08-11T06:21:53.070" intervalms="224.238">
  <response-info timems="2.238" idlems="2.238" threads="0" lastid="0000000002107600" lastname="Thread-40" />
</exclusive-start>
<allocation-taxation id="5641" taxation-threshold="69206016" timestamp="2019-08-11T06:21:53.071" intervalms="224.250" />
<cycle-start id="5642" type="partial gc" contextid="0" timestamp="2019-08-11T06:21:53.071" intervalms="224.174" />
<gc-start id="5643" type="partial gc" contextid="5642" timestamp="2019-08-11T06:21:53.071">
  <mem-info id="5644" free="79691776" total="247463936" percent="32">
    <mem type="eden" free="0" total="69206016" percent="0" />
    <remembered-set count="6656" freebytes="9866496" totalbytes="9893120" percent="99" regionsoverflowed="0" regionsstable="11" regionsrebuilding="0"/>
  </mem-info>
</gc-start>
<allocation-stats totalBytes="68982408" >
  <allocated-bytes non-tlh="57368" tlh="68925040" arrayletleaf="0"/>
  <largest-consumer threadName="Thread-37" threadId="00000000020FC300" bytes="8873016" />
</allocation-stats>
<gc-op id="5645" type="copy forward" timems="24.970" contextid="5642" timestamp="2019-08-11T06:21:53.097">
  <memory-copied type="eden" objects="8623" bytes="3478352" bytesdiscarded="712264" />
  <memory-copied type="other" objects="33" bytes="2072" bytesdiscarded="360" />
  <memory-cardclean objects="3032" bytes="143360" />
  <regions eden="33" other="5" />
  <remembered-set-cleared processed="631" cleared="430" durationms="0.404" />
  <references type="weak" candidates="1" cleared="0" enqueued="0" />
  <references type="phantom" candidates="6" cleared="0" enqueued="0" />
  <stringconstants candidates="15966" cleared="0"  />
</gc-op>
<gc-op id="5646" type="classunload" timems="0.013" contextid="5642" timestamp="2019-08-11T06:21:53.097">
  <classunload-info classloadercandidates="68" classloadersunloaded="0" classesunloaded="0" anonymousclassesunloaded="0" quiescems="0.000" setupms="0.013" scanms="0.000" postms="0.000" />
</gc-op>
<gc-end id="5647" type="partial gc" contextid="5642" durationms="26.571" usertimems="30.834" systemtimems="30.646" timestamp="2019-08-11T06:21:53.097" activeThreads="16">
  <mem-info id="5648" free="148897792" total="247463936" percent="60">
    <mem type="eden" free="2100552" total="6291456" percent="33" />
    <remembered-set count="6720" freebytes="9866240" totalbytes="9893120" percent="99" regionsoverflowed="0" regionsstable="11" regionsrebuilding="0"/>
  </mem-info>
</gc-end>
<cycle-end id="5649" type="partial gc" contextid="5642" timestamp="2019-08-11T06:21:53.097" />
  <attribute name="elasticGC enabled" value="1" />
  <attribute name= "numThreadsSpecified" value="16" />
  <attribute name="heapSize specified" value="0" />
  <attribute name="Current GC Util" value="88" />
  <attribute name= "Current Time Running" value="224265" />
  <attribute name ="GC Interval" value="0" />
  <attribute name="ProportionalT" value="4.000000" />
  <attribute name="ProportionalI" value="4.000000" />
  <attribute name="ProportionalH" value="4.000000" />
  <attribute name="Current Error" value="8.000000" />
  <attribute name="IntegralT" value="4.000000" />
  <attribute name="IntegralI" value="4.000000" />
  <attribute name="IntegralH" value="4.000000" />
  <attribute name="DerivativeT" value="8.000000" />
  <attribute name="DerivativeI" value="8.000000" />
  <attribute name="DerivativeH" value="8.000000" />
  <attribute name="Loop Time for DT" value="1.000000" />
  <attribute name="Output H" value="8388608"/>
  <attribute name="Output I" value="200"/>
  <attribute name="Output T" value="16"/>
  <attribute name="Target GC Util Change" value ="80.000000" />
  <attribute name="Current GC Util Change" value="88.000000"/>
  <attribute name="GC Util currently" value="88" />
  <attribute name="CPU Util currently" value="1140446016245" />
<exclusive-end id="5650" timestamp="2019-08-11T06:21:53.098" durationms="27.107" />

<exclusive-start id="5651" timestamp="2019-08-11T06:21:53.189" intervalms="118.654">
  <response-info timems="9.366" idlems="9.366" threads="0" lastid="00000000020ED300" lastname="Thread-43" />
</exclusive-start>
<allocation-taxation id="5652" taxation-threshold="69206016" timestamp="2019-08-11T06:21:53.194" intervalms="123.319" />
<cycle-start id="5653" type="partial gc" contextid="0" timestamp="2019-08-11T06:21:53.195" intervalms="124.311" />
<gc-start id="5654" type="partial gc" contextid="5653" timestamp="2019-08-11T06:21:53.195">
  <mem-info id="5655" free="79691776" total="247463936" percent="32">
    <mem type="eden" free="2071760" total="71303168" percent="2" />
    <remembered-set count="6624" freebytes="9866624" totalbytes="9893120" percent="99" regionsoverflowed="0" regionsstable="11" regionsrebuilding="0"/>
  </mem-info>
</gc-start>
<allocation-stats totalBytes="69119976" >
  <allocated-bytes non-tlh="8200" tlh="69111776" arrayletleaf="0"/>
  <largest-consumer threadName="Thread-41" threadId="0000000002129200" bytes="8391072" />
</allocation-stats>
<gc-op id="5656" type="copy forward" timems="82.721" contextid="5653" timestamp="2019-08-11T06:21:53.279">
  <memory-copied type="eden" objects="9772" bytes="3728216" bytesdiscarded="487336" />
  <memory-copied type="other" objects="538" bytes="210096" bytesdiscarded="9616" />
  <memory-cardclean objects="3050" bytes="144344" />
  <regions eden="33" other="4" />
  <remembered-set-cleared processed="611" cleared="408" durationms="0.584" />
  <references type="phantom" candidates="2" cleared="0" enqueued="0" />
  <stringconstants candidates="15966" cleared="0"  />
</gc-op>
<gc-op id="5657" type="classunload" timems="0.017" contextid="5653" timestamp="2019-08-11T06:21:53.279">
  <classunload-info classloadercandidates="68" classloadersunloaded="0" classesunloaded="0" anonymousclassesunloaded="0" quiescems="0.000" setupms="0.016" scanms="0.000" postms="0.000" />
</gc-op>
<heap-resize id="5658" type="expand" space="default" amount="4194304" count="1" timems="0.057" reason="excessive time being spent in gc" timestamp="2019-08-11T06:21:53.280" />
<gc-end id="5659" type="partial gc" contextid="5653" durationms="84.563" usertimems="83.804" systemtimems="57.827" timestamp="2019-08-11T06:21:53.280" activeThreads="16">
  <mem-info id="5660" free="150994944" total="251658240" percent="60">
    <mem type="eden" free="2075648" total="6291456" percent="32" />
    <remembered-set count="9824" freebytes="10021504" totalbytes="10060800" percent="99" regionsoverflowed="0" regionsstable="11" regionsrebuilding="0"/>
  </mem-info>
</gc-end>
<cycle-end id="5661" type="partial gc" contextid="5653" timestamp="2019-08-11T06:21:53.280" />
  <attribute name="elasticGC enabled" value="1" />
  <attribute name= "numThreadsSpecified" value="16" />
  <attribute name="heapSize specified" value="0" />
  <attribute name="Current GC Util" value="117" />
  <attribute name= "Current Time Running" value="224389" />
  <attribute name ="GC Interval" value="0" />
  <attribute name="ProportionalT" value="18.500000" />
  <attribute name="ProportionalI" value="18.500000" />
  <attribute name="ProportionalH" value="18.500000" />
  <attribute name="Current Error" value="37.000000" />
  <attribute name="IntegralT" value="18.500000" />
  <attribute name="IntegralI" value="18.500000" />
  <attribute name="IntegralH" value="18.500000" />
  <attribute name="DerivativeT" value="37.000000" />
  <attribute name="DerivativeI" value="37.000000" />
  <attribute name="DerivativeH" value="37.000000" />
  <attribute name="Loop Time for DT" value="1.000000" />
  <attribute name="Output H" value="8388608"/>
  <attribute name="Output I" value="200"/>
  <attribute name="Output T" value="16"/>
  <attribute name="Target GC Util Change" value ="80.000000" />
  <attribute name="Current GC Util Change" value="117.000000"/>
  <attribute name="GC Util currently" value="117" />
  <attribute name="CPU Util currently" value="1163330839318" />
<exclusive-end id="5662" timestamp="2019-08-11T06:21:53.280" durationms="91.109" />

<exclusive-start id="5663" timestamp="2019-08-11T06:21:53.365" intervalms="175.569">
  <response-info timems="3.149" idlems="2.888" threads="1" lastid="00000000020ED300" lastname="Thread-43" />
</exclusive-start>
<allocation-taxation id="5664" taxation-threshold="69206016" timestamp="2019-08-11T06:21:53.365" intervalms="170.958" />
<cycle-start id="5665" type="partial gc" contextid="0" timestamp="2019-08-11T06:21:53.365" intervalms="170.153" />
<gc-start id="5666" type="partial gc" contextid="5665" timestamp="2019-08-11T06:21:53.365">
  <mem-info id="5667" free="81788928" total="251658240" percent="32">
    <mem type="eden" free="0" total="69206016" percent="0" />
    <remembered-set count="9536" freebytes="10022656" totalbytes="10060800" percent="99" regionsoverflowed="0" regionsstable="11" regionsrebuilding="0"/>
  </mem-info>
</gc-start>
<allocation-stats totalBytes="68996568" >
  <allocated-bytes non-tlh="24592" tlh="68971976" arrayletleaf="0"/>
  <largest-consumer threadName="Thread-49" threadId="00000000020F0F00" bytes="9232056" />
</allocation-stats>
<gc-op id="5668" type="copy forward" timems="67.014" contextid="5665" timestamp="2019-08-11T06:21:53.436">
  <memory-copied type="eden" objects="8288" bytes="3287416" bytesdiscarded="548392" />
  <memory-copied type="other" objects="36" bytes="1296" bytesdiscarded="0" />
  <memory-cardclean objects="3079" bytes="146064" />
  <memory-traced type="eden" objects="1044" bytes="147320" />
  <memory-traced type="other" objects="0" bytes="0" />
  <regions eden="33" other="5" evacuated="37" marked="1" />
  <remembered-set-cleared processed="647" cleared="444" durationms="0.284" />
  <references type="weak" candidates="1" cleared="0" enqueued="0" />
  <references type="phantom" candidates="4" cleared="0" enqueued="0" />
  <stringconstants candidates="15966" cleared="0"  />
</gc-op>
<gc-op id="5669" type="classunload" timems="0.012" contextid="5665" timestamp="2019-08-11T06:21:53.436">
  <classunload-info classloadercandidates="68" classloadersunloaded="0" classesunloaded="0" anonymousclassesunloaded="0" quiescems="0.000" setupms="0.012" scanms="0.000" postms="0.000" />
</gc-op>
<gc-op id="5670" type="sweep" timems="2.994" contextid="5665" timestamp="2019-08-11T06:21:53.439" />
<gc-op id="5671" type="compact" timems="5.144" contextid="5665" timestamp="2019-08-11T06:21:53.445">
  <compact-info movecount="0" movebytes="0" />
  <remembered-set-cleared processed="1586" cleared="444" durationms="0.284" />
</gc-op>
<heap-resize id="5672" type="expand" space="default" amount="6291456" count="1" timems="0.069" reason="excessive time being spent in gc" timestamp="2019-08-11T06:21:53.445" />
<gc-end id="5673" type="partial gc" contextid="5665" durationms="79.750" usertimems="24.322" systemtimems="38.373" timestamp="2019-08-11T06:21:53.445" activeThreads="16">
  <mem-info id="5674" free="155189248" total="257949696" percent="60">
    <mem type="eden" free="358264" total="6291456" percent="5" />
    <remembered-set count="3264" freebytes="10299264" totalbytes="10312320" percent="99" regionsoverflowed="0" regionsstable="11" regionsrebuilding="0"/>
  </mem-info>
</gc-end>
<cycle-end id="5675" type="partial gc" contextid="5665" timestamp="2019-08-11T06:21:53.445" />
  <attribute name="elasticGC enabled" value="1" />
  <attribute name= "numThreadsSpecified" value="16" />
  <attribute name="heapSize specified" value="0" />
  <attribute name="Current GC Util" value="69" />
  <attribute name= "Current Time Running" value="224632" />
  <attribute name ="GC Interval" value="0" />
  <attribute name="ProportionalT" value="-5.500000" />
  <attribute name="ProportionalI" value="-5.500000" />
  <attribute name="ProportionalH" value="-5.500000" />
  <attribute name="Current Error" value="-11.000000" />
  <attribute name="IntegralT" value="-16.500000" />
  <attribute name="IntegralI" value="-16.500000" />
  <attribute name="IntegralH" value="-16.500000" />
  <attribute name="DerivativeT" value="-3.666667" />
  <attribute name="DerivativeI" value="-3.666667" />
  <attribute name="DerivativeH" value="-3.666667" />
  <attribute name="Loop Time for DT" value="3.000000" />
  <attribute name="Output H" value="4202627072"/>
  <attribute name="Output I" value="200"/>
  <attribute name="Output T" value="16"/>
  <attribute name="Target GC Util Change" value ="80.000000" />
  <attribute name="Current GC Util Change" value="69.000000"/>
  <attribute name="GC Util currently" value="69" />
  <attribute name="CPU Util currently" value="362677971032" />
<exclusive-end id="5676" timestamp="2019-08-11T06:21:53.445" durationms="80.746" />

<exclusive-start id="5677" timestamp="2019-08-11T06:21:53.514" intervalms="149.302">
  <response-info timems="1.702" idlems="0.464" threads="3" lastid="00000000020ED300" lastname="Thread-43" />
</exclusive-start>
<allocation-taxation id="5678" taxation-threshold="71303168" timestamp="2019-08-11T06:21:53.514" intervalms="149.287" />
<cycle-start id="5679" type="partial gc" contextid="0" timestamp="2019-08-11T06:21:53.514" intervalms="149.177" />
<gc-start id="5680" type="partial gc" contextid="5679" timestamp="2019-08-11T06:21:53.515">
  <mem-info id="5681" free="83886080" total="257949696" percent="32">
    <mem type="eden" free="0" total="71303168" percent="0" />
    <remembered-set count="3264" freebytes="10299264" totalbytes="10312320" percent="99" regionsoverflowed="0" regionsstable="11" regionsrebuilding="0"/>
  </mem-info>
</gc-start>
<allocation-stats totalBytes="71147512" >
  <allocated-bytes non-tlh="376936" tlh="70770576" arrayletleaf="0"/>
  <largest-consumer threadName="Thread-52" threadId="0000000002112A00" bytes="7991848" />
</allocation-stats>
<gc-op id="5682" type="copy forward" timems="10.067" contextid="5679" timestamp="2019-08-11T06:21:53.526">
  <memory-copied type="eden" objects="10629" bytes="4084224" bytesdiscarded="705464" />
  <memory-copied type="other" objects="34" bytes="1480" bytesdiscarded="0" />
  <memory-cardclean objects="3097" bytes="146544" />
  <regions eden="34" other="4" />
  <remembered-set-cleared processed="711" cleared="505" durationms="0.255" />
  <references type="phantom" candidates="1" cleared="0" enqueued="0" />
  <stringconstants candidates="15966" cleared="0"  />
</gc-op>
<gc-op id="5683" type="classunload" timems="0.016" contextid="5679" timestamp="2019-08-11T06:21:53.526">
  <classunload-info classloadercandidates="68" classloadersunloaded="0" classesunloaded="0" anonymousclassesunloaded="0" quiescems="0.000" setupms="0.015" scanms="0.000" postms="0.000" />
</gc-op>
<heap-resize id="5684" type="expand" space="default" amount="4194304" count="1" timems="0.069" reason="excessive time being spent in gc" timestamp="2019-08-11T06:21:53.527" />
<gc-end id="5685" type="partial gc" contextid="5679" durationms="12.102" usertimems="18.543" systemtimems="4.550" timestamp="2019-08-11T06:21:53.527" activeThreads="8">
  <mem-info id="5686" free="157286400" total="262144000" percent="60">
    <mem type="eden" free="1501504" total="6291456" percent="23" />
    <remembered-set count="5728" freebytes="10457088" totalbytes="10480000" percent="99" regionsoverflowed="0" regionsstable="11" regionsrebuilding="0"/>
  </mem-info>
</gc-end>
<cycle-end id="5687" type="partial gc" contextid="5679" timestamp="2019-08-11T06:21:53.527" />
  <attribute name="elasticGC enabled" value="1" />
  <attribute name= "numThreadsSpecified" value="8" />
  <attribute name="heapSize specified" value="0" />
  <attribute name="Current GC Util" value="81" />
  <attribute name= "Current Time Running" value="224709" />
  <attribute name ="GC Interval" value="0" />
  <attribute name="ProportionalT" value="0.500000" />
  <attribute name="ProportionalI" value="0.500000" />
  <attribute name="ProportionalH" value="0.500000" />
  <attribute name="Current Error" value="1.000000" />
  <attribute name="IntegralT" value="0.500000" />
  <attribute name="IntegralI" value="0.500000" />
  <attribute name="IntegralH" value="0.500000" />
  <attribute name="DerivativeT" value="1.000000" />
  <attribute name="DerivativeI" value="1.000000" />
  <attribute name="DerivativeH" value="1.000000" />
  <attribute name="Loop Time for DT" value="1.000000" />
  <attribute name="Output H" value="8388608"/>
  <attribute name="Output I" value="200"/>
  <attribute name="Output T" value="8"/>
  <attribute name="Target GC Util Change" value ="80.000000" />
  <attribute name="Current GC Util Change" value="81.000000"/>
  <attribute name="GC Util currently" value="81" />
  <attribute name="CPU Util currently" value="1000799786469" />
<exclusive-end id="5688" timestamp="2019-08-11T06:21:53.527" durationms="13.081" />

<exclusive-start id="5689" timestamp="2019-08-11T06:21:53.584" intervalms="70.114">
  <response-info timems="12.063" idlems="7.997" threads="2" lastid="00000000020ED300" lastname="Thread-43" />
</exclusive-start>
<allocation-taxation id="5690" taxation-threshold="73400320" timestamp="2019-08-11T06:21:53.587" intervalms="72.834" />
<cycle-start id="5691" type="partial gc" contextid="0" timestamp="2019-08-11T06:21:53.592" intervalms="77.704" />
<gc-start id="5692" type="partial gc" contextid="5691" timestamp="2019-08-11T06:21:53.595">
  <mem-info id="5693" free="83886080" total="262144000" percent="32">
    <mem type="eden" free="0" total="73400320" percent="0" />
    <remembered-set count="5664" freebytes="10457344" totalbytes="10480000" percent="99" regionsoverflowed="0" regionsstable="11" regionsrebuilding="0"/>
  </mem-info>
</gc-start>
<allocation-stats totalBytes="73227120" >
  <allocated-bytes non-tlh="40984" tlh="73186136" arrayletleaf="0"/>
  <largest-consumer threadName="Thread-52" threadId="0000000002112A00" bytes="7498096" />
</allocation-stats>
<gc-op id="5694" type="copy forward" timems="30.428" contextid="5691" timestamp="2019-08-11T06:21:53.628">
  <memory-copied type="eden" objects="9499" bytes="3618480" bytesdiscarded="823888" />
  <memory-copied type="other" objects="29" bytes="1400" bytesdiscarded="0" />
  <memory-cardclean objects="3112" bytes="147328" />
  <regions eden="35" other="4" />
  <remembered-set-cleared processed="649" cleared="443" durationms="3.230" />
  <references type="phantom" candidates="2" cleared="0" enqueued="0" />
  <stringconstants candidates="15966" cleared="0"  />
</gc-op>
<gc-op id="5695" type="classunload" timems="0.018" contextid="5691" timestamp="2019-08-11T06:21:53.629">
  <classunload-info classloadercandidates="68" classloadersunloaded="0" classesunloaded="0" anonymousclassesunloaded="0" quiescems="0.000" setupms="0.016" scanms="0.000" postms="0.000" />
</gc-op>
<heap-resize id="5696" type="expand" space="default" amount="6291456" count="1" timems="0.067" reason="excessive time being spent in gc" timestamp="2019-08-11T06:21:53.629" />
<gc-end id="5697" type="partial gc" contextid="5691" durationms="33.687" usertimems="52.522" systemtimems="7.733" timestamp="2019-08-11T06:21:53.629" activeThreads="16">
  <mem-info id="5698" free="161480704" total="268435456" percent="60">
    <mem type="eden" free="1848816" total="6291456" percent="29" />
    <remembered-set count="6752" freebytes="10704512" totalbytes="10731520" percent="99" regionsoverflowed="0" regionsstable="11" regionsrebuilding="0"/>
  </mem-info>
</gc-end>
<cycle-end id="5699" type="partial gc" contextid="5691" timestamp="2019-08-11T06:21:53.629" />
  <attribute name="elasticGC enabled" value="1" />
  <attribute name= "numThreadsSpecified" value="16" />
  <attribute name="heapSize specified" value="0" />
  <attribute name="Current GC Util" value="31" />
  <attribute name= "Current Time Running" value="224791" />
  <attribute name ="GC Interval" value="0" />
  <attribute name="ProportionalT" value="-24.500000" />
  <attribute name="ProportionalI" value="-24.500000" />
  <attribute name="ProportionalH" value="-24.500000" />
  <attribute name="Current Error" value="-49.000000" />
  <attribute name="IntegralT" value="-73.500000" />
  <attribute name="IntegralI" value="-73.500000" />
  <attribute name="IntegralH" value="-73.500000" />
  <attribute name="DerivativeT" value="-16.333333" />
  <attribute name="DerivativeI" value="-16.333333" />
  <attribute name="DerivativeH" value="-16.333333" />
  <attribute name="Loop Time for DT" value="3.000000" />
  <attribute name="Output H" value="4202627072"/>
  <attribute name="Output I" value="200"/>
  <attribute name="Output T" value="16"/>
  <attribute name="Target GC Util Change" value ="80.000000" />
  <attribute name="Current GC Util Change" value="31.000000"/>
  <attribute name="GC Util currently" value="31" />
  <attribute name="CPU Util currently" value="475031088887" />
<exclusive-end id="5700" timestamp="2019-08-11T06:21:53.629" durationms="45.066" />

<exclusive-start id="5701" timestamp="2019-08-11T06:21:53.694" intervalms="109.981">
  <response-info timems="27.898" idlems="27.898" threads="0" lastid="00000000020F0F00" lastname="Thread-49" />
</exclusive-start>
<allocation-taxation id="5702" taxation-threshold="73400320" timestamp="2019-08-11T06:21:53.694" intervalms="107.202" />
<cycle-start id="5703" type="partial gc" contextid="0" timestamp="2019-08-11T06:21:53.694" intervalms="102.349" />
<gc-start id="5704" type="partial gc" contextid="5703" timestamp="2019-08-11T06:21:53.695">
  <mem-info id="5705" free="88080384" total="268435456" percent="32">
    <mem type="eden" free="0" total="73400320" percent="0" />
    <remembered-set count="6496" freebytes="10705536" totalbytes="10731520" percent="99" regionsoverflowed="0" regionsstable="11" regionsrebuilding="0"/>
  </mem-info>
</gc-start>
<allocation-stats totalBytes="73290288" >
  <allocated-bytes non-tlh="81944" tlh="73208344" arrayletleaf="0"/>
  <largest-consumer threadName="Thread-44" threadId="000000000210EE00" bytes="8569472" />
</allocation-stats>
<gc-op id="5706" type="copy forward" timems="43.476" contextid="5703" timestamp="2019-08-11T06:21:53.740">
  <memory-copied type="eden" objects="8887" bytes="3544744" bytesdiscarded="586992" />
  <memory-copied type="other" objects="721" bytes="289128" bytesdiscarded="21680" />
  <memory-cardclean objects="3012" bytes="143416" />
  <regions eden="35" other="6" />
  <remembered-set-cleared processed="625" cleared="421" durationms="0.478" />
  <references type="phantom" candidates="3" cleared="0" enqueued="0" />
  <stringconstants candidates="15966" cleared="0"  />
</gc-op>
<gc-op id="5707" type="classunload" timems="0.019" contextid="5703" timestamp="2019-08-11T06:21:53.740">
  <classunload-info classloadercandidates="68" classloadersunloaded="0" classesunloaded="0" anonymousclassesunloaded="0" quiescems="0.000" setupms="0.018" scanms="0.000" postms="0.000" />
</gc-op>
<gc-end id="5708" type="partial gc" contextid="5703" durationms="45.467" usertimems="64.489" systemtimems="15.214" timestamp="2019-08-11T06:21:53.740" activeThreads="16">
  <mem-info id="5709" free="163577856" total="268435456" percent="60">
    <mem type="eden" free="2159456" total="6291456" percent="34" />
    <remembered-set count="5696" freebytes="10708736" totalbytes="10731520" percent="99" regionsoverflowed="0" regionsstable="11" regionsrebuilding="0"/>
  </mem-info>
</gc-end>
<cycle-end id="5710" type="partial gc" contextid="5703" timestamp="2019-08-11T06:21:53.740" />
  <attribute name="elasticGC enabled" value="1" />
  <attribute name= "numThreadsSpecified" value="16" />
  <attribute name="heapSize specified" value="0" />
  <attribute name="Current GC Util" value="97" />
  <attribute name= "Current Time Running" value="224889" />
  <attribute name ="GC Interval" value="0" />
  <attribute name="ProportionalT" value="8.500000" />
  <attribute name="ProportionalI" value="8.500000" />
  <attribute name="ProportionalH" value="8.500000" />
  <attribute name="Current Error" value="17.000000" />
  <attribute name="IntegralT" value="8.500000" />
  <attribute name="IntegralI" value="8.500000" />
  <attribute name="IntegralH" value="8.500000" />
  <attribute name="DerivativeT" value="17.000000" />
  <attribute name="DerivativeI" value="17.000000" />
  <attribute name="DerivativeH" value="17.000000" />
  <attribute name="Loop Time for DT" value="1.000000" />
  <attribute name="Output H" value="8388608"/>
  <attribute name="Output I" value="200"/>
  <attribute name="Output T" value="16"/>
  <attribute name="Target GC Util Change" value ="80.000000" />
  <attribute name="Current GC Util Change" value="97.000000"/>
  <attribute name="GC Util currently" value="97" />
  <attribute name="CPU Util currently" value="1357531166236" />
<exclusive-end id="5711" timestamp="2019-08-11T06:21:53.741" durationms="46.482" />

<exclusive-start id="5712" timestamp="2019-08-11T06:21:53.815" intervalms="120.866">
  <response-info timems="1.309" idlems="0.669" threads="1" lastid="0000000002147100" lastname="Thread-47" />
</exclusive-start>
<allocation-taxation id="5713" taxation-threshold="73400320" timestamp="2019-08-11T06:21:53.815" intervalms="120.894" />
<cycle-start id="5714" type="partial gc" contextid="0" timestamp="2019-08-11T06:21:53.815" intervalms="120.822" />
<gc-start id="5715" type="partial gc" contextid="5714" timestamp="2019-08-11T06:21:53.815">
  <mem-info id="5716" free="90177536" total="268435456" percent="33">
    <mem type="eden" free="2097032" total="75497472" percent="2" />
    <remembered-set count="5696" freebytes="10708736" totalbytes="10731520" percent="99" regionsoverflowed="0" regionsstable="11" regionsrebuilding="0"/>
  </mem-info>
</gc-start>
<allocation-stats totalBytes="73221048" >
  <allocated-bytes non-tlh="122920" tlh="73098128" arrayletleaf="0"/>
  <largest-consumer threadName="Thread-42" threadId="0000000002143500" bytes="8335808" />
</allocation-stats>
<gc-op id="5717" type="copy forward" timems="71.016" contextid="5714" timestamp="2019-08-11T06:21:53.888">
  <memory-copied type="eden" objects="9839" bytes="3919664" bytesdiscarded="654112" />
  <memory-copied type="other" objects="29" bytes="1112" bytesdiscarded="0" />
  <memory-cardclean objects="3116" bytes="146992" />
  <regions eden="35" other="5" />
  <remembered-set-cleared processed="625" cleared="420" durationms="0.387" />
  <references type="weak" candidates="1" cleared="0" enqueued="0" />
  <references type="phantom" candidates="3" cleared="0" enqueued="0" />
  <stringconstants candidates="15966" cleared="0"  />
</gc-op>
<gc-op id="5718" type="classunload" timems="0.014" contextid="5714" timestamp="2019-08-11T06:21:53.888">
  <classunload-info classloadercandidates="68" classloadersunloaded="0" classesunloaded="0" anonymousclassesunloaded="0" quiescems="0.000" setupms="0.013" scanms="0.000" postms="0.000" />
</gc-op>
<heap-resize id="5719" type="expand" space="default" amount="4194304" count="1" timems="0.064" reason="excessive time being spent in gc" timestamp="2019-08-11T06:21:53.888" />
<gc-end id="5720" type="partial gc" contextid="5714" durationms="72.831" usertimems="38.834" systemtimems="31.833" timestamp="2019-08-11T06:21:53.888" activeThreads="16">
  <mem-info id="5721" free="163577856" total="272629760" percent="60">
    <mem type="eden" free="3814568" total="8388608" percent="45" />
    <remembered-set count="8256" freebytes="10866176" totalbytes="10899200" percent="99" regionsoverflowed="0" regionsstable="11" regionsrebuilding="0"/>
  </mem-info>
</gc-end>
<cycle-end id="5722" type="partial gc" contextid="5714" timestamp="2019-08-11T06:21:53.888" />
  <attribute name="elasticGC enabled" value="1" />
  <attribute name= "numThreadsSpecified" value="16" />
  <attribute name="heapSize specified" value="0" />
  <attribute name="Current GC Util" value="74" />
  <attribute name= "Current Time Running" value="225009" />
  <attribute name ="GC Interval" value="0" />
  <attribute name="ProportionalT" value="-3.000000" />
  <attribute name="ProportionalI" value="-3.000000" />
  <attribute name="ProportionalH" value="-3.000000" />
  <attribute name="Current Error" value="-6.000000" />
  <attribute name="IntegralT" value="-3.000000" />
  <attribute name="IntegralI" value="-3.000000" />
  <attribute name="IntegralH" value="-3.000000" />
  <attribute name="DerivativeT" value="-6.000000" />
  <attribute name="DerivativeI" value="-6.000000" />
  <attribute name="DerivativeH" value="-6.000000" />
  <attribute name="Loop Time for DT" value="1.000000" />
  <attribute name="Output H" value="4202627072"/>
  <attribute name="Output I" value="200"/>
  <attribute name="Output T" value="16"/>
  <attribute name="Target GC Util Change" value ="80.000000" />
  <attribute name="Current GC Util Change" value="74.000000"/>
  <attribute name="GC Util currently" value="74" />
  <attribute name="CPU Util currently" value="1313758201378" />
<exclusive-end id="5723" timestamp="2019-08-11T06:21:53.889" durationms="73.608" />

<exclusive-start id="5724" timestamp="2019-08-11T06:21:54.212" intervalms="396.760">
  <response-info timems="9.752" idlems="9.752" threads="0" lastid="000000000212CD00" lastname="Thread-45" />
</exclusive-start>
<allocation-taxation id="5725" taxation-threshold="75497472" timestamp="2019-08-11T06:21:54.212" intervalms="396.808" />
<cycle-start id="5726" type="partial gc" contextid="0" timestamp="2019-08-11T06:21:54.212" intervalms="396.916" />
<gc-start id="5727" type="partial gc" contextid="5726" timestamp="2019-08-11T06:21:54.212">
  <mem-info id="5728" free="88080384" total="272629760" percent="32">
    <mem type="eden" free="0" total="75497472" percent="0" />
    <remembered-set count="8128" freebytes="10866688" totalbytes="10899200" percent="99" regionsoverflowed="0" regionsstable="11" regionsrebuilding="0"/>
  </mem-info>
</gc-start>
<allocation-stats totalBytes="75262840" >
  <allocated-bytes non-tlh="49176" tlh="75213664" arrayletleaf="0"/>
  <largest-consumer threadName="Thread-39" threadId="00000000020F8700" bytes="7488248" />
</allocation-stats>
<gc-op id="5729" type="copy forward" timems="60.117" contextid="5726" timestamp="2019-08-11T06:21:54.274">
  <memory-copied type="eden" objects="9778" bytes="3835328" bytesdiscarded="705288" />
  <memory-copied type="other" objects="25" bytes="968" bytesdiscarded="0" />
  <memory-cardclean objects="3131" bytes="148912" />
  <regions eden="36" other="5" />
  <remembered-set-cleared processed="635" cleared="430" durationms="0.356" />
  <references type="phantom" candidates="2" cleared="0" enqueued="0" />
  <stringconstants candidates="15966" cleared="0"  />
</gc-op>
<gc-op id="5730" type="classunload" timems="0.012" contextid="5726" timestamp="2019-08-11T06:21:54.274">
  <classunload-info classloadercandidates="68" classloadersunloaded="0" classesunloaded="0" anonymousclassesunloaded="0" quiescems="0.000" setupms="0.011" scanms="0.000" postms="0.000" />
</gc-op>
<heap-resize id="5731" type="expand" space="default" amount="6291456" count="1" timems="0.061" reason="excessive time being spent in gc" timestamp="2019-08-11T06:21:54.275" />
<gc-end id="5732" type="partial gc" contextid="5726" durationms="62.252" usertimems="22.823" systemtimems="19.880" timestamp="2019-08-11T06:21:54.275" activeThreads="16">
  <mem-info id="5733" free="167772160" total="278921216" percent="60">
    <mem type="eden" free="3847720" total="8388608" percent="45" />
    <remembered-set count="7232" freebytes="11121792" totalbytes="11150720" percent="99" regionsoverflowed="0" regionsstable="11" regionsrebuilding="0"/>
  </mem-info>
</gc-end>
<cycle-end id="5734" type="partial gc" contextid="5726" timestamp="2019-08-11T06:21:54.275" />
  <attribute name="elasticGC enabled" value="1" />
  <attribute name= "numThreadsSpecified" value="16" />
  <attribute name="heapSize specified" value="0" />
  <attribute name="Current GC Util" value="120" />
  <attribute name= "Current Time Running" value="225407" />
  <attribute name ="GC Interval" value="0" />
  <attribute name="ProportionalT" value="20.000000" />
  <attribute name="ProportionalI" value="20.000000" />
  <attribute name="ProportionalH" value="20.000000" />
  <attribute name="Current Error" value="40.000000" />
  <attribute name="IntegralT" value="20.000000" />
  <attribute name="IntegralI" value="20.000000" />
  <attribute name="IntegralH" value="20.000000" />
  <attribute name="DerivativeT" value="40.000000" />
  <attribute name="DerivativeI" value="40.000000" />
  <attribute name="DerivativeH" value="40.000000" />
  <attribute name="Loop Time for DT" value="1.000000" />
  <attribute name="Output H" value="8388608"/>
  <attribute name="Output I" value="200"/>
  <attribute name="Output T" value="16"/>
  <attribute name="Target GC Util Change" value ="80.000000" />
  <attribute name="Current GC Util Change" value="120.000000"/>
  <attribute name="GC Util currently" value="120" />
  <attribute name="CPU Util currently" value="1190584296775" />
<exclusive-end id="5735" timestamp="2019-08-11T06:21:54.275" durationms="63.205" />

<exclusive-start id="5736" timestamp="2019-08-11T06:21:54.485" intervalms="272.914">
  <response-info timems="0.574" idlems="0.574" threads="0" lastid="00000000020FFF00" lastname="Thread-38" />
</exclusive-start>
<allocation-taxation id="5737" taxation-threshold="77594624" timestamp="2019-08-11T06:21:54.485" intervalms="273.169" />
<cycle-start id="5738" type="partial gc" contextid="0" timestamp="2019-08-11T06:21:54.485" intervalms="273.086" />
<gc-start id="5739" type="partial gc" contextid="5738" timestamp="2019-08-11T06:21:54.485">
  <mem-info id="5740" free="90177536" total="278921216" percent="32">
    <mem type="eden" free="0" total="77594624" percent="0" />
    <remembered-set count="7200" freebytes="11121920" totalbytes="11150720" percent="99" regionsoverflowed="0" regionsstable="11" regionsrebuilding="0"/>
  </mem-info>
</gc-start>
<allocation-stats totalBytes="77437240" >
  <allocated-bytes non-tlh="65568" tlh="77371672" arrayletleaf="0"/>
  <largest-consumer threadName="Thread-50" threadId="000000000211DE00" bytes="8377328" />
</allocation-stats>
<gc-op id="5741" type="copy forward" timems="45.677" contextid="5738" timestamp="2019-08-11T06:21:54.565">
  <memory-copied type="eden" objects="9335" bytes="3773176" bytesdiscarded="749344" />
  <memory-copied type="other" objects="40" bytes="1696" bytesdiscarded="0" />
  <memory-cardclean objects="3113" bytes="147112" />
  <regions eden="37" other="5" />
  <remembered-set-cleared processed="632" cleared="427" durationms="4.984" />
  <references type="weak" candidates="1" cleared="0" enqueued="0" />
  <references type="phantom" candidates="5" cleared="0" enqueued="0" />
  <stringconstants candidates="15966" cleared="0"  />
</gc-op>
<gc-op id="5742" type="classunload" timems="0.017" contextid="5738" timestamp="2019-08-11T06:21:54.565">
  <classunload-info classloadercandidates="68" classloadersunloaded="0" classesunloaded="0" anonymousclassesunloaded="0" quiescems="0.000" setupms="0.017" scanms="0.000" postms="0.000" />
</gc-op>
<gc-end id="5743" type="partial gc" contextid="5738" durationms="79.891" usertimems="86.599" systemtimems="31.662" timestamp="2019-08-11T06:21:54.565" activeThreads="16">
  <mem-info id="5744" free="167772160" total="278921216" percent="60">
    <mem type="eden" free="1768656" total="6291456" percent="28" />
    <remembered-set count="7232" freebytes="11121792" totalbytes="11150720" percent="99" regionsoverflowed="0" regionsstable="11" regionsrebuilding="0"/>
  </mem-info>
</gc-end>
<cycle-end id="5745" type="partial gc" contextid="5738" timestamp="2019-08-11T06:21:54.566" />
  <attribute name="elasticGC enabled" value="1" />
  <attribute name= "numThreadsSpecified" value="16" />
  <attribute name="heapSize specified" value="0" />
  <attribute name="Current GC Util" value="13" />
  <attribute name= "Current Time Running" value="225712" />
  <attribute name ="GC Interval" value="0" />
  <attribute name="ProportionalT" value="-33.500000" />
  <attribute name="ProportionalI" value="-33.500000" />
  <attribute name="ProportionalH" value="-33.500000" />
  <attribute name="Current Error" value="-67.000000" />
  <attribute name="IntegralT" value="-1139.000000" />
  <attribute name="IntegralI" value="-1139.000000" />
  <attribute name="IntegralH" value="-1139.000000" />
  <attribute name="DerivativeT" value="-1.970588" />
  <attribute name="DerivativeI" value="-1.970588" />
  <attribute name="DerivativeH" value="-1.970588" />
  <attribute name="Loop Time for DT" value="34.000000" />
  <attribute name="Output H" value="4202627072"/>
  <attribute name="Output I" value="200"/>
  <attribute name="Output T" value="16"/>
  <attribute name="Target GC Util Change" value ="80.000000" />
  <attribute name="Current GC Util Change" value="13.000000"/>
  <attribute name="GC Util currently" value="13" />
  <attribute name="CPU Util currently" value="34570340921" />
<exclusive-end id="5746" timestamp="2019-08-11T06:21:54.566" durationms="81.359" />

<exclusive-start id="5747" timestamp="2019-08-11T06:21:54.609" intervalms="124.729">
  <response-info timems="1.618" idlems="1.609" threads="1" lastid="000000000212CD00" lastname="Thread-45" />
</exclusive-start>
<allocation-taxation id="5748" taxation-threshold="77594624" timestamp="2019-08-11T06:21:54.609" intervalms="124.393" />
<cycle-start id="5749" type="partial gc" contextid="0" timestamp="2019-08-11T06:21:54.610" intervalms="124.460" />
<gc-start id="5750" type="partial gc" contextid="5749" timestamp="2019-08-11T06:21:54.610">
  <mem-info id="5751" free="90177536" total="278921216" percent="32">
    <mem type="eden" free="0" total="77594624" percent="0" />
    <remembered-set count="6816" freebytes="11123456" totalbytes="11150720" percent="99" regionsoverflowed="0" regionsstable="11" regionsrebuilding="0"/>
  </mem-info>
</gc-start>
<allocation-stats totalBytes="77423648" >
  <allocated-bytes non-tlh="40976" tlh="77382672" arrayletleaf="0"/>
  <largest-consumer threadName="Thread-40" threadId="0000000002107600" bytes="9494824" />
</allocation-stats>
<gc-op id="5752" type="copy forward" timems="71.464" contextid="5749" timestamp="2019-08-11T06:21:54.684">
  <memory-copied type="eden" objects="10235" bytes="4040240" bytesdiscarded="710560" />
  <memory-copied type="other" objects="27" bytes="1160" bytesdiscarded="0" />
  <memory-cardclean objects="3103" bytes="146296" />
  <regions eden="37" other="4" />
  <remembered-set-cleared processed="630" cleared="425" durationms="0.361" />
  <references type="phantom" candidates="2" cleared="0" enqueued="0" />
  <stringconstants candidates="15966" cleared="0"  />
</gc-op>
<gc-op id="5753" type="classunload" timems="0.013" contextid="5749" timestamp="2019-08-11T06:21:54.684">
  <classunload-info classloadercandidates="68" classloadersunloaded="0" classesunloaded="0" anonymousclassesunloaded="0" quiescems="0.000" setupms="0.013" scanms="0.000" postms="0.000" />
</gc-op>
<heap-resize id="5754" type="expand" space="default" amount="10485760" count="1" timems="0.079" reason="excessive time being spent in gc" timestamp="2019-08-11T06:21:54.684" />
<gc-end id="5755" type="partial gc" contextid="5749" durationms="73.975" usertimems="47.187" systemtimems="21.743" timestamp="2019-08-11T06:21:54.684" activeThreads="16">
  <mem-info id="5756" free="174063616" total="289406976" percent="60">
    <mem type="eden" free="3637528" total="8388608" percent="43" />
    <remembered-set count="7232" freebytes="11540992" totalbytes="11569920" percent="99" regionsoverflowed="0" regionsstable="11" regionsrebuilding="0"/>
  </mem-info>
</gc-end>
<cycle-end id="5757" type="partial gc" contextid="5749" timestamp="2019-08-11T06:21:54.684" />
  <attribute name="elasticGC enabled" value="1" />
  <attribute name= "numThreadsSpecified" value="16" />
  <attribute name="heapSize specified" value="0" />
  <attribute name="Current GC Util" value="62" />
  <attribute name= "Current Time Running" value="225805" />
  <attribute name ="GC Interval" value="0" />
  <attribute name="ProportionalT" value="-9.000000" />
  <attribute name="ProportionalI" value="-9.000000" />
  <attribute name="ProportionalH" value="-9.000000" />
  <attribute name="Current Error" value="-18.000000" />
  <attribute name="IntegralT" value="-18.000000" />
  <attribute name="IntegralI" value="-18.000000" />
  <attribute name="IntegralH" value="-18.000000" />
  <attribute name="DerivativeT" value="-9.000000" />
  <attribute name="DerivativeI" value="-9.000000" />
  <attribute name="DerivativeH" value="-9.000000" />
  <attribute name="Loop Time for DT" value="2.000000" />
  <attribute name="Output H" value="4202627072"/>
  <attribute name="Output I" value="200"/>
  <attribute name="Output T" value="16"/>
  <attribute name="Target GC Util Change" value ="80.000000" />
  <attribute name="Current GC Util Change" value="62.000000"/>
  <attribute name="GC Util currently" value="62" />
  <attribute name="CPU Util currently" value="736386994643" />
<exclusive-end id="5758" timestamp="2019-08-11T06:21:54.685" durationms="75.184" />

<exclusive-start id="5759" timestamp="2019-08-11T06:21:54.885" intervalms="276.064">
  <response-info timems="7.871" idlems="7.871" threads="0" lastid="000000000212CD00" lastname="Thread-45" />
</exclusive-start>
<allocation-taxation id="5760" taxation-threshold="79691776" timestamp="2019-08-11T06:21:54.885" intervalms="276.085" />
<cycle-start id="5761" type="partial gc" contextid="0" timestamp="2019-08-11T06:21:54.886" intervalms="276.572" />
<gc-start id="5762" type="partial gc" contextid="5761" timestamp="2019-08-11T06:21:54.886">
  <mem-info id="5763" free="94371840" total="289406976" percent="32">
    <mem type="eden" free="0" total="79691776" percent="0" />
    <remembered-set count="7136" freebytes="11541376" totalbytes="11569920" percent="99" regionsoverflowed="0" regionsstable="11" regionsrebuilding="0"/>
  </mem-info>
</gc-start>
<allocation-stats totalBytes="79479952" >
  <allocated-bytes non-tlh="57376" tlh="79422576" arrayletleaf="0"/>
  <largest-consumer threadName="Thread-46" threadId="0000000002138100" bytes="10636872" />
</allocation-stats>
<gc-op id="5764" type="copy forward" timems="23.428" contextid="5761" timestamp="2019-08-11T06:21:54.916">
  <memory-copied type="eden" objects="9845" bytes="3873560" bytesdiscarded="934560" />
  <memory-copied type="other" objects="37" bytes="1400" bytesdiscarded="0" />
  <memory-cardclean objects="3128" bytes="147424" />
  <regions eden="38" other="5" />
  <remembered-set-cleared processed="661" cleared="455" durationms="1.041" />
  <stringconstants candidates="15966" cleared="0"  />
</gc-op>
<gc-op id="5765" type="classunload" timems="0.014" contextid="5761" timestamp="2019-08-11T06:21:54.916">
  <classunload-info classloadercandidates="68" classloadersunloaded="0" classesunloaded="0" anonymousclassesunloaded="0" quiescems="0.000" setupms="0.014" scanms="0.000" postms="0.000" />
</gc-op>
<gc-end id="5766" type="partial gc" contextid="5761" durationms="29.712" usertimems="42.282" systemtimems="17.206" timestamp="2019-08-11T06:21:54.916" activeThreads="16">
  <mem-info id="5767" free="174063616" total="289406976" percent="60">
    <mem type="eden" free="1483080" total="6291456" percent="23" />
    <remembered-set count="7264" freebytes="11540864" totalbytes="11569920" percent="99" regionsoverflowed="0" regionsstable="11" regionsrebuilding="0"/>
  </mem-info>
</gc-end>
<cycle-end id="5768" type="partial gc" contextid="5761" timestamp="2019-08-11T06:21:54.916" />
  <attribute name="elasticGC enabled" value="1" />
  <attribute name= "numThreadsSpecified" value="16" />
  <attribute name="heapSize specified" value="0" />
  <attribute name="Current GC Util" value="22" />
  <attribute name= "Current Time Running" value="226085" />
  <attribute name ="GC Interval" value="0" />
  <attribute name="ProportionalT" value="-29.000000" />
  <attribute name="ProportionalI" value="-29.000000" />
  <attribute name="ProportionalH" value="-29.000000" />
  <attribute name="Current Error" value="-58.000000" />
  <attribute name="IntegralT" value="-87.000000" />
  <attribute name="IntegralI" value="-87.000000" />
  <attribute name="IntegralH" value="-87.000000" />
  <attribute name="DerivativeT" value="-19.333333" />
  <attribute name="DerivativeI" value="-19.333333" />
  <attribute name="DerivativeH" value="-19.333333" />
  <attribute name="Loop Time for DT" value="3.000000" />
  <attribute name="Output H" value="4202627072"/>
  <attribute name="Output I" value="200"/>
  <attribute name="Output T" value="16"/>
  <attribute name="Target GC Util Change" value ="80.000000" />
  <attribute name="Current GC Util Change" value="22.000000"/>
  <attribute name="GC Util currently" value="22" />
  <attribute name="CPU Util currently" value="409910976904" />
<exclusive-end id="5769" timestamp="2019-08-11T06:21:54.916" durationms="31.057" />

<exclusive-start id="5770" timestamp="2019-08-11T06:21:55.086" intervalms="200.466">
  <response-info timems="14.498" idlems="8.682" threads="1" lastid="00000000020FFF00" lastname="Thread-38" />
</exclusive-start>
<allocation-taxation id="5771" taxation-threshold="79691776" timestamp="2019-08-11T06:21:55.086" intervalms="200.503" />
<cycle-start id="5772" type="partial gc" contextid="0" timestamp="2019-08-11T06:21:55.100" intervalms="214.037" />
<gc-start id="5773" type="partial gc" contextid="5772" timestamp="2019-08-11T06:21:55.112">
  <mem-info id="5774" free="94371840" total="289406976" percent="32">
    <mem type="eden" free="0" total="79691776" percent="0" />
    <remembered-set count="7168" freebytes="11541248" totalbytes="11569920" percent="99" regionsoverflowed="0" regionsstable="11" regionsrebuilding="0"/>
  </mem-info>
</gc-start>
<allocation-stats totalBytes="79481120" >
  <allocated-bytes non-tlh="40976" tlh="79440144" arrayletleaf="0"/>
  <largest-consumer threadName="Thread-41" threadId="0000000002129200" bytes="9936032" />
</allocation-stats>
<gc-op id="5775" type="copy forward" timems="34.054" contextid="5772" timestamp="2019-08-11T06:21:55.161">
  <memory-copied type="eden" objects="9453" bytes="3656248" bytesdiscarded="604216" />
  <memory-copied type="other" objects="34" bytes="1464" bytesdiscarded="0" />
  <memory-cardclean objects="3139" bytes="148336" />
  <regions eden="38" other="4" />
  <remembered-set-cleared processed="639" cleared="433" durationms="0.161" />
  <references type="weak" candidates="1" cleared="0" enqueued="0" />
  <references type="phantom" candidates="3" cleared="0" enqueued="0" />
  <stringconstants candidates="15966" cleared="0"  />
</gc-op>
<gc-op id="5776" type="classunload" timems="0.015" contextid="5772" timestamp="2019-08-11T06:21:55.161">
  <classunload-info classloadercandidates="68" classloadersunloaded="0" classesunloaded="0" anonymousclassesunloaded="0" quiescems="0.000" setupms="0.015" scanms="0.000" postms="0.000" />
</gc-op>
<heap-resize id="5777" type="expand" space="default" amount="4194304" count="1" timems="0.078" reason="excessive time being spent in gc" timestamp="2019-08-11T06:21:55.161" />
<gc-end id="5778" type="partial gc" contextid="5772" durationms="49.927" usertimems="67.362" systemtimems="62.920" timestamp="2019-08-11T06:21:55.161" activeThreads="16">
  <mem-info id="5779" free="176160768" total="293601280" percent="60">
    <mem type="eden" free="2030728" total="6291456" percent="32" />
    <remembered-set count="8288" freebytes="11704448" totalbytes="11737600" percent="99" regionsoverflowed="0" regionsstable="11" regionsrebuilding="0"/>
  </mem-info>
</gc-end>
<cycle-end id="5780" type="partial gc" contextid="5772" timestamp="2019-08-11T06:21:55.162" />
  <attribute name="elasticGC enabled" value="1" />
  <attribute name= "numThreadsSpecified" value="16" />
  <attribute name="heapSize specified" value="0" />
  <attribute name="Current GC Util" value="52" />
  <attribute name= "Current Time Running" value="226319" />
  <attribute name ="GC Interval" value="0" />
  <attribute name="ProportionalT" value="-14.000000" />
  <attribute name="ProportionalI" value="-14.000000" />
  <attribute name="ProportionalH" value="-14.000000" />
  <attribute name="Current Error" value="-28.000000" />
  <attribute name="IntegralT" value="-196.000000" />
  <attribute name="IntegralI" value="-196.000000" />
  <attribute name="IntegralH" value="-196.000000" />
  <attribute name="DerivativeT" value="-2.000000" />
  <attribute name="DerivativeI" value="-2.000000" />
  <attribute name="DerivativeH" value="-2.000000" />
  <attribute name="Loop Time for DT" value="14.000000" />
  <attribute name="Output H" value="4202627072"/>
  <attribute name="Output I" value="200"/>
  <attribute name="Output T" value="16"/>
  <attribute name="Target GC Util Change" value ="80.000000" />
  <attribute name="Current GC Util Change" value="52.000000"/>
  <attribute name="GC Util currently" value="52" />
  <attribute name="CPU Util currently" value="79455425989" />
<exclusive-end id="5781" timestamp="2019-08-11T06:21:55.162" durationms="75.839" />

<exclusive-start id="5782" timestamp="2019-08-11T06:21:55.310" intervalms="224.255">
  <response-info timems="0.800" idlems="0.800" threads="0" lastid="0000000002143500" lastname="Thread-42" />
</exclusive-start>
<allocation-taxation id="5783" taxation-threshold="79691776" timestamp="2019-08-11T06:21:55.310" intervalms="224.209" />
<cycle-start id="5784" type="partial gc" contextid="0" timestamp="2019-08-11T06:21:55.310" intervalms="210.170" />
<gc-start id="5785" type="partial gc" contextid="5784" timestamp="2019-08-11T06:21:55.311">
  <mem-info id="5786" free="96468992" total="293601280" percent="32">
    <mem type="eden" free="0" total="79691776" percent="0" />
    <remembered-set count="7936" freebytes="11705856" totalbytes="11737600" percent="99" regionsoverflowed="0" regionsstable="11" regionsrebuilding="0"/>
  </mem-info>
</gc-start>
<allocation-stats totalBytes="79522072" >
  <allocated-bytes non-tlh="57376" tlh="79464696" arrayletleaf="0"/>
  <largest-consumer threadName="Thread-47" threadId="0000000002147100" bytes="6985368" />
</allocation-stats>
<gc-op id="5787" type="copy forward" timems="22.493" contextid="5784" timestamp="2019-08-11T06:21:55.335">
  <memory-copied type="eden" objects="8998" bytes="3590376" bytesdiscarded="620024" />
  <memory-copied type="other" objects="27" bytes="1184" bytesdiscarded="0" />
  <memory-cardclean objects="3154" bytes="149112" />
  <regions eden="38" other="4" />
  <remembered-set-cleared processed="636" cleared="430" durationms="0.188" />
  <references type="phantom" candidates="4" cleared="0" enqueued="0" />
  <stringconstants candidates="15966" cleared="0"  />
</gc-op>
<gc-op id="5788" type="classunload" timems="0.017" contextid="5784" timestamp="2019-08-11T06:21:55.335">
  <classunload-info classloadercandidates="68" classloadersunloaded="0" classesunloaded="0" anonymousclassesunloaded="0" quiescems="0.000" setupms="0.016" scanms="0.000" postms="0.000" />
</gc-op>
<heap-resize id="5789" type="expand" space="default" amount="6291456" count="1" timems="0.076" reason="excessive time being spent in gc" timestamp="2019-08-11T06:21:55.335" />
<gc-end id="5790" type="partial gc" contextid="5784" durationms="24.770" usertimems="28.947" systemtimems="23.364" timestamp="2019-08-11T06:21:55.335" activeThreads="16">
  <mem-info id="5791" free="180355072" total="299892736" percent="60">
    <mem type="eden" free="2080776" total="6291456" percent="33" />
    <remembered-set count="6752" freebytes="11962112" totalbytes="11989120" percent="99" regionsoverflowed="0" regionsstable="11" regionsrebuilding="0"/>
  </mem-info>
</gc-end>
<cycle-end id="5792" type="partial gc" contextid="5784" timestamp="2019-08-11T06:21:55.339" />
  <attribute name="elasticGC enabled" value="1" />
  <attribute name= "numThreadsSpecified" value="16" />
  <attribute name="heapSize specified" value="0" />
  <attribute name="Current GC Util" value="93" />
  <attribute name= "Current Time Running" value="226505" />
  <attribute name ="GC Interval" value="0" />
  <attribute name="ProportionalT" value="6.500000" />
  <attribute name="ProportionalI" value="6.500000" />
  <attribute name="ProportionalH" value="6.500000" />
  <attribute name="Current Error" value="13.000000" />
  <attribute name="IntegralT" value="6.500000" />
  <attribute name="IntegralI" value="6.500000" />
  <attribute name="IntegralH" value="6.500000" />
  <attribute name="DerivativeT" value="13.000000" />
  <attribute name="DerivativeI" value="13.000000" />
  <attribute name="DerivativeH" value="13.000000" />
  <attribute name="Loop Time for DT" value="1.000000" />
  <attribute name="Output H" value="8388608"/>
  <attribute name="Output I" value="200"/>
  <attribute name="Output T" value="16"/>
  <attribute name="Target GC Util Change" value ="80.000000" />
  <attribute name="Current GC Util Change" value="93.000000"/>
  <attribute name="GC Util currently" value="93" />
  <attribute name="CPU Util currently" value="1123383115893" />
<exclusive-end id="5793" timestamp="2019-08-11T06:21:55.340" durationms="30.247" />

<exclusive-start id="5794" timestamp="2019-08-11T06:21:55.562" intervalms="251.552">
  <response-info timems="31.447" idlems="7.513" threads="4" lastid="0000000002112A00" lastname="Thread-52" />
</exclusive-start>
<allocation-taxation id="5795" taxation-threshold="81788928" timestamp="2019-08-11T06:21:55.563" intervalms="253.010" />
<cycle-start id="5796" type="partial gc" contextid="0" timestamp="2019-08-11T06:21:55.568" intervalms="257.800" />
<gc-start id="5797" type="partial gc" contextid="5796" timestamp="2019-08-11T06:21:55.568">
  <mem-info id="5798" free="98566144" total="299892736" percent="32">
    <mem type="eden" free="0" total="81788928" percent="0" />
    <remembered-set count="6464" freebytes="11963264" totalbytes="11989120" percent="99" regionsoverflowed="0" regionsstable="11" regionsrebuilding="0"/>
  </mem-info>
</gc-start>
<allocation-stats totalBytes="81550168" >
  <allocated-bytes non-tlh="49168" tlh="81501000" arrayletleaf="0"/>
  <largest-consumer threadName="Thread-50" threadId="000000000211DE00" bytes="8399232" />
</allocation-stats>
<gc-op id="5799" type="copy forward" timems="35.839" contextid="5796" timestamp="2019-08-11T06:21:55.607">
  <memory-copied type="eden" objects="8840" bytes="3500264" bytesdiscarded="330296" />
  <memory-copied type="other" objects="20" bytes="720" bytesdiscarded="0" />
  <memory-cardclean objects="3133" bytes="148432" />
  <regions eden="39" other="4" />
  <remembered-set-cleared processed="628" cleared="422" durationms="0.325" />
  <references type="phantom" candidates="2" cleared="0" enqueued="0" />
  <stringconstants candidates="15966" cleared="0"  />
</gc-op>
<gc-op id="5800" type="classunload" timems="0.014" contextid="5796" timestamp="2019-08-11T06:21:55.607">
  <classunload-info classloadercandidates="68" classloadersunloaded="0" classesunloaded="0" anonymousclassesunloaded="0" quiescems="0.000" setupms="0.014" scanms="0.000" postms="0.000" />
</gc-op>
<heap-resize id="5801" type="expand" space="default" amount="4194304" count="1" timems="0.068" reason="excessive time being spent in gc" timestamp="2019-08-11T06:21:55.607" />
<gc-end id="5802" type="partial gc" contextid="5796" durationms="38.715" usertimems="50.014" systemtimems="36.294" timestamp="2019-08-11T06:21:55.607" activeThreads="16">
  <mem-info id="5803" free="182452224" total="304087040" percent="60">
    <mem type="eden" free="2460632" total="6291456" percent="39" />
    <remembered-set count="5728" freebytes="12133888" totalbytes="12156800" percent="99" regionsoverflowed="0" regionsstable="11" regionsrebuilding="0"/>
  </mem-info>
</gc-end>
<cycle-end id="5804" type="partial gc" contextid="5796" timestamp="2019-08-11T06:21:55.609" />
  <attribute name="elasticGC enabled" value="1" />
  <attribute name= "numThreadsSpecified" value="16" />
  <attribute name="heapSize specified" value="0" />
  <attribute name="Current GC Util" value="90" />
  <attribute name= "Current Time Running" value="226763" />
  <attribute name ="GC Interval" value="0" />
  <attribute name="ProportionalT" value="5.000000" />
  <attribute name="ProportionalI" value="5.000000" />
  <attribute name="ProportionalH" value="5.000000" />
  <attribute name="Current Error" value="10.000000" />
  <attribute name="IntegralT" value="5.000000" />
  <attribute name="IntegralI" value="5.000000" />
  <attribute name="IntegralH" value="5.000000" />
  <attribute name="DerivativeT" value="10.000000" />
  <attribute name="DerivativeI" value="10.000000" />
  <attribute name="DerivativeH" value="10.000000" />
  <attribute name="Loop Time for DT" value="1.000000" />
  <attribute name="Output H" value="8388608"/>
  <attribute name="Output I" value="200"/>
  <attribute name="Output T" value="16"/>
  <attribute name="Target GC Util Change" value ="80.000000" />
  <attribute name="Current GC Util Change" value="90.000000"/>
  <attribute name="GC Util currently" value="90" />
  <attribute name="CPU Util currently" value="976568673922" />
<exclusive-end id="5805" timestamp="2019-08-11T06:21:55.609" durationms="47.362" />

<exclusive-start id="5806" timestamp="2019-08-11T06:21:55.769" intervalms="207.583">
  <response-info timems="5.970" idlems="2.419" threads="8" lastid="00000000020F8700" lastname="Thread-39" />
</exclusive-start>
<allocation-taxation id="5807" taxation-threshold="83886080" timestamp="2019-08-11T06:21:55.769" intervalms="206.175" />
<cycle-start id="5808" type="partial gc" contextid="0" timestamp="2019-08-11T06:21:55.770" intervalms="201.768" />
<gc-start id="5809" type="partial gc" contextid="5808" timestamp="2019-08-11T06:21:55.770">
  <mem-info id="5810" free="98566144" total="304087040" percent="32">
    <mem type="eden" free="0" total="83886080" percent="0" />
    <remembered-set count="5696" freebytes="12134016" totalbytes="12156800" percent="99" regionsoverflowed="0" regionsstable="11" regionsrebuilding="0"/>
  </mem-info>
</gc-start>
<allocation-stats totalBytes="83818296" >
  <allocated-bytes non-tlh="81944" tlh="83736352" arrayletleaf="0"/>
  <largest-consumer threadName="Thread-49" threadId="00000000020F0F00" bytes="11930096" />
</allocation-stats>
<gc-op id="5811" type="copy forward" timems="43.934" contextid="5808" timestamp="2019-08-11T06:21:55.816">
  <memory-copied type="eden" objects="10759" bytes="4191504" bytesdiscarded="890504" />
  <memory-copied type="other" objects="28" bytes="1008" bytesdiscarded="0" />
  <memory-cardclean objects="3135" bytes="148112" />
  <regions eden="40" other="4" />
  <remembered-set-cleared processed="600" cleared="394" durationms="0.153" />
  <references type="phantom" candidates="1" cleared="0" enqueued="0" />
  <stringconstants candidates="15966" cleared="0"  />
</gc-op>
<gc-op id="5812" type="classunload" timems="0.015" contextid="5808" timestamp="2019-08-11T06:21:55.816">
  <classunload-info classloadercandidates="68" classloadersunloaded="0" classesunloaded="0" anonymousclassesunloaded="0" quiescems="0.000" setupms="0.015" scanms="0.000" postms="0.000" />
</gc-op>
<heap-resize id="5813" type="expand" space="default" amount="6291456" count="1" timems="0.097" reason="excessive time being spent in gc" timestamp="2019-08-11T06:21:55.816" />
<gc-end id="5814" type="partial gc" contextid="5808" durationms="45.839" usertimems="32.053" systemtimems="25.134" timestamp="2019-08-11T06:21:55.816" activeThreads="16">
  <mem-info id="5815" free="186646528" total="310378496" percent="60">
    <mem type="eden" free="1209184" total="6291456" percent="19" />
    <remembered-set count="6752" freebytes="12381312" totalbytes="12408320" percent="99" regionsoverflowed="0" regionsstable="11" regionsrebuilding="0"/>
  </mem-info>
</gc-end>
<cycle-end id="5816" type="partial gc" contextid="5808" timestamp="2019-08-11T06:21:55.817" />
  <attribute name="elasticGC enabled" value="1" />
  <attribute name= "numThreadsSpecified" value="16" />
  <attribute name="heapSize specified" value="0" />
  <attribute name="Current GC Util" value="120" />
  <attribute name= "Current Time Running" value="226964" />
  <attribute name ="GC Interval" value="0" />
  <attribute name="ProportionalT" value="20.000000" />
  <attribute name="ProportionalI" value="20.000000" />
  <attribute name="ProportionalH" value="20.000000" />
  <attribute name="Current Error" value="40.000000" />
  <attribute name="IntegralT" value="20.000000" />
  <attribute name="IntegralI" value="20.000000" />
  <attribute name="IntegralH" value="20.000000" />
  <attribute name="DerivativeT" value="40.000000" />
  <attribute name="DerivativeI" value="40.000000" />
  <attribute name="DerivativeH" value="40.000000" />
  <attribute name="Loop Time for DT" value="1.000000" />
  <attribute name="Output H" value="8388608"/>
  <attribute name="Output I" value="200"/>
  <attribute name="Output T" value="16"/>
  <attribute name="Target GC Util Change" value ="80.000000" />
  <attribute name="Current GC Util Change" value="120.000000"/>
  <attribute name="GC Util currently" value="120" />
  <attribute name="CPU Util currently" value="1082338791259" />
<exclusive-end id="5817" timestamp="2019-08-11T06:21:55.817" durationms="47.724" />

<exclusive-start id="5818" timestamp="2019-08-11T06:21:55.999" intervalms="230.054">
  <response-info timems="1.927" idlems="0.399" threads="5" lastid="0000000001E0A700" lastname="JIT Compilation Thread-1" />
</exclusive-start>
<allocation-taxation id="5819" taxation-threshold="83886080" timestamp="2019-08-11T06:21:55.999" intervalms="230.007" />
<cycle-start id="5820" type="partial gc" contextid="0" timestamp="2019-08-11T06:21:55.999" intervalms="229.576" />
<gc-start id="5821" type="partial gc" contextid="5820" timestamp="2019-08-11T06:21:56.000">
  <mem-info id="5822" free="102760448" total="310378496" percent="33">
    <mem type="eden" free="0" total="83886080" percent="0" />
    <remembered-set count="6400" freebytes="12382720" totalbytes="12408320" percent="99" regionsoverflowed="0" regionsstable="11" regionsrebuilding="0"/>
  </mem-info>
</gc-start>
<allocation-stats totalBytes="83644072" >
  <allocated-bytes non-tlh="49168" tlh="83594904" arrayletleaf="0"/>
  <largest-consumer threadName="Thread-45" threadId="000000000212CD00" bytes="9108720" />
</allocation-stats>
<gc-op id="5823" type="copy forward" timems="62.799" contextid="5820" timestamp="2019-08-11T06:21:56.064">
  <memory-copied type="eden" objects="9049" bytes="3633984" bytesdiscarded="799512" />
  <memory-copied type="other" objects="735" bytes="302120" bytesdiscarded="13096" />
  <memory-cardclean objects="3023" bytes="144056" />
  <regions eden="40" other="4" />
  <remembered-set-cleared processed="663" cleared="457" durationms="0.146" />
  <references type="phantom" candidates="4" cleared="0" enqueued="0" />
  <stringconstants candidates="15966" cleared="0"  />
</gc-op>
<gc-op id="5824" type="classunload" timems="0.012" contextid="5820" timestamp="2019-08-11T06:21:56.064">
  <classunload-info classloadercandidates="68" classloadersunloaded="0" classesunloaded="0" anonymousclassesunloaded="0" quiescems="0.000" setupms="0.011" scanms="0.000" postms="0.000" />
</gc-op>
<heap-resize id="5825" type="expand" space="default" amount="4194304" count="1" timems="0.063" reason="excessive time being spent in gc" timestamp="2019-08-11T06:21:56.065" />
<gc-end id="5826" type="partial gc" contextid="5820" durationms="65.247" usertimems="54.246" systemtimems="23.381" timestamp="2019-08-11T06:21:56.065" activeThreads="16">
  <mem-info id="5827" free="188743680" total="314572800" percent="60">
    <mem type="eden" free="1857696" total="6291456" percent="29" />
    <remembered-set count="6240" freebytes="12551040" totalbytes="12576000" percent="99" regionsoverflowed="0" regionsstable="11" regionsrebuilding="0"/>
  </mem-info>
</gc-end>
<cycle-end id="5828" type="partial gc" contextid="5820" timestamp="2019-08-11T06:21:56.066" />
  <attribute name="elasticGC enabled" value="1" />
  <attribute name= "numThreadsSpecified" value="16" />
  <attribute name="heapSize specified" value="0" />
  <attribute name="Current GC Util" value="101" />
  <attribute name= "Current Time Running" value="227194" />
  <attribute name ="GC Interval" value="0" />
  <attribute name="ProportionalT" value="10.500000" />
  <attribute name="ProportionalI" value="10.500000" />
  <attribute name="ProportionalH" value="10.500000" />
  <attribute name="Current Error" value="21.000000" />
  <attribute name="IntegralT" value="10.500000" />
  <attribute name="IntegralI" value="10.500000" />
  <attribute name="IntegralH" value="10.500000" />
  <attribute name="DerivativeT" value="21.000000" />
  <attribute name="DerivativeI" value="21.000000" />
  <attribute name="DerivativeH" value="21.000000" />
  <attribute name="Loop Time for DT" value="1.000000" />
  <attribute name="Output H" value="8388608"/>
  <attribute name="Output I" value="200"/>
  <attribute name="Output T" value="16"/>
  <attribute name="Target GC Util Change" value ="80.000000" />
  <attribute name="Current GC Util Change" value="101.000000"/>
  <attribute name="GC Util currently" value="101" />
  <attribute name="CPU Util currently" value="1045610359444" />
<exclusive-end id="5829" timestamp="2019-08-11T06:21:56.066" durationms="66.839" />

<exclusive-start id="5830" timestamp="2019-08-11T06:21:56.264" intervalms="264.513">
  <response-info timems="34.606" idlems="34.606" threads="0" lastid="0000000002129200" lastname="Thread-41" />
</exclusive-start>
<allocation-taxation id="5831" taxation-threshold="85983232" timestamp="2019-08-11T06:21:56.264" intervalms="264.655" />
<cycle-start id="5832" type="partial gc" contextid="0" timestamp="2019-08-11T06:21:56.264" intervalms="264.710" />
<gc-start id="5833" type="partial gc" contextid="5832" timestamp="2019-08-11T06:21:56.265">
  <mem-info id="5834" free="102760448" total="314572800" percent="32">
    <mem type="eden" free="0" total="85983232" percent="0" />
    <remembered-set count="6240" freebytes="12551040" totalbytes="12576000" percent="99" regionsoverflowed="0" regionsstable="11" regionsrebuilding="0"/>
  </mem-info>
</gc-start>
<allocation-stats totalBytes="85874912" >
  <allocated-bytes non-tlh="32776" tlh="85842136" arrayletleaf="0"/>
  <largest-consumer threadName="Thread-39" threadId="00000000020F8700" bytes="10418864" />
</allocation-stats>
<gc-op id="5835" type="copy forward" timems="47.933" contextid="5832" timestamp="2019-08-11T06:21:56.315">
  <memory-copied type="eden" objects="10289" bytes="4129336" bytesdiscarded="765760" />
  <memory-copied type="other" objects="35" bytes="1720" bytesdiscarded="0" />
  <memory-cardclean objects="3181" bytes="150680" />
  <regions eden="41" other="5" />
  <remembered-set-cleared processed="641" cleared="436" durationms="0.159" />
  <references type="phantom" candidates="2" cleared="0" enqueued="0" />
  <stringconstants candidates="15966" cleared="0"  />
</gc-op>
<gc-op id="5836" type="classunload" timems="0.021" contextid="5832" timestamp="2019-08-11T06:21:56.316">
  <classunload-info classloadercandidates="68" classloadersunloaded="0" classesunloaded="0" anonymousclassesunloaded="0" quiescems="0.000" setupms="0.021" scanms="0.000" postms="0.000" />
</gc-op>
<gc-end id="5837" type="partial gc" contextid="5832" durationms="51.848" usertimems="57.702" systemtimems="24.082" timestamp="2019-08-11T06:21:56.316" activeThreads="16">
  <mem-info id="5838" free="188743680" total="314572800" percent="60">
    <mem type="eden" free="1396088" total="6291456" percent="22" />
    <remembered-set count="7776" freebytes="12544896" totalbytes="12576000" percent="99" regionsoverflowed="0" regionsstable="11" regionsrebuilding="0"/>
  </mem-info>
</gc-end>
<cycle-end id="5839" type="partial gc" contextid="5832" timestamp="2019-08-11T06:21:56.318" />
  <attribute name="elasticGC enabled" value="1" />
  <attribute name= "numThreadsSpecified" value="16" />
  <attribute name="heapSize specified" value="0" />
  <attribute name="Current GC Util" value="72" />
  <attribute name= "Current Time Running" value="227458" />
  <attribute name ="GC Interval" value="0" />
  <attribute name="ProportionalT" value="-4.000000" />
  <attribute name="ProportionalI" value="-4.000000" />
  <attribute name="ProportionalH" value="-4.000000" />
  <attribute name="Current Error" value="-8.000000" />
  <attribute name="IntegralT" value="-4.000000" />
  <attribute name="IntegralI" value="-4.000000" />
  <attribute name="IntegralH" value="-4.000000" />
  <attribute name="DerivativeT" value="-8.000000" />
  <attribute name="DerivativeI" value="-8.000000" />
  <attribute name="DerivativeH" value="-8.000000" />
  <attribute name="Loop Time for DT" value="1.000000" />
  <attribute name="Output H" value="4202627072"/>
  <attribute name="Output I" value="200"/>
  <attribute name="Output T" value="16"/>
  <attribute name="Target GC Util Change" value ="80.000000" />
  <attribute name="Current GC Util Change" value="72.000000"/>
  <attribute name="GC Util currently" value="72" />
  <attribute name="CPU Util currently" value="1267201371686" />
<exclusive-end id="5840" timestamp="2019-08-11T06:21:56.318" durationms="54.249" />

<exclusive-start id="5841" timestamp="2019-08-11T06:21:56.393" intervalms="129.546">
  <response-info timems="0.936" idlems="0.936" threads="0" lastid="00000000020F8700" lastname="Thread-39" />
</exclusive-start>
<allocation-taxation id="5842" taxation-threshold="85983232" timestamp="2019-08-11T06:21:56.393" intervalms="129.414" />
<cycle-start id="5843" type="partial gc" contextid="0" timestamp="2019-08-11T06:21:56.394" intervalms="129.394" />
<gc-start id="5844" type="partial gc" contextid="5843" timestamp="2019-08-11T06:21:56.395">
  <mem-info id="5845" free="102760448" total="314572800" percent="32">
    <mem type="eden" free="0" total="85983232" percent="0" />
    <remembered-set count="7488" freebytes="12546048" totalbytes="12576000" percent="99" regionsoverflowed="0" regionsstable="11" regionsrebuilding="0"/>
  </mem-info>
</gc-start>
<allocation-stats totalBytes="85731240" >
  <allocated-bytes non-tlh="114720" tlh="85616520" arrayletleaf="0"/>
  <largest-consumer threadName="Thread-45" threadId="000000000212CD00" bytes="10566656" />
</allocation-stats>
<gc-op id="5846" type="copy forward" timems="57.191" contextid="5843" timestamp="2019-08-11T06:21:56.456">
  <memory-copied type="eden" objects="9912" bytes="3951792" bytesdiscarded="640560" />
  <memory-copied type="other" objects="21" bytes="1176" bytesdiscarded="1320" />
  <memory-cardclean objects="3128" bytes="147504" />
  <regions eden="41" other="4" />
  <remembered-set-cleared processed="653" cleared="448" durationms="0.427" />
  <references type="phantom" candidates="3" cleared="0" enqueued="0" />
  <stringconstants candidates="15966" cleared="0"  />
</gc-op>
<gc-op id="5847" type="classunload" timems="0.018" contextid="5843" timestamp="2019-08-11T06:21:56.459">
  <classunload-info classloadercandidates="68" classloadersunloaded="0" classesunloaded="0" anonymousclassesunloaded="0" quiescems="0.000" setupms="0.017" scanms="0.000" postms="0.000" />
</gc-op>
<heap-resize id="5848" type="expand" space="default" amount="6291456" count="1" timems="0.076" reason="excessive time being spent in gc" timestamp="2019-08-11T06:21:56.463" />
<gc-end id="5849" type="partial gc" contextid="5843" durationms="67.574" usertimems="79.933" systemtimems="43.731" timestamp="2019-08-11T06:21:56.463" activeThreads="16">
  <mem-info id="5850" free="192937984" total="320864256" percent="60">
    <mem type="eden" free="1698824" total="6291456" percent="27" />
    <remembered-set count="7776" freebytes="12796416" totalbytes="12827520" percent="99" regionsoverflowed="0" regionsstable="11" regionsrebuilding="0"/>
  </mem-info>
</gc-end>
<cycle-end id="5851" type="partial gc" contextid="5843" timestamp="2019-08-11T06:21:56.463" />
  <attribute name="elasticGC enabled" value="1" />
  <attribute name= "numThreadsSpecified" value="16" />
  <attribute name="heapSize specified" value="0" />
  <attribute name="Current GC Util" value="74" />
  <attribute name= "Current Time Running" value="227592" />
  <attribute name ="GC Interval" value="0" />
  <attribute name="ProportionalT" value="-3.000000" />
  <attribute name="ProportionalI" value="-3.000000" />
  <attribute name="ProportionalH" value="-3.000000" />
  <attribute name="Current Error" value="-6.000000" />
  <attribute name="IntegralT" value="-6.000000" />
  <attribute name="IntegralI" value="-6.000000" />
  <attribute name="IntegralH" value="-6.000000" />
  <attribute name="DerivativeT" value="-3.000000" />
  <attribute name="DerivativeI" value="-3.000000" />
  <attribute name="DerivativeH" value="-3.000000" />
  <attribute name="Loop Time for DT" value="2.000000" />
  <attribute name="Output H" value="4202627072"/>
  <attribute name="Output I" value="200"/>
  <attribute name="Output T" value="16"/>
  <attribute name="Target GC Util Change" value ="80.000000" />
  <attribute name="Current GC Util Change" value="74.000000"/>
  <attribute name="GC Util currently" value="74" />
  <attribute name="CPU Util currently" value="761579271846" />
<exclusive-end id="5852" timestamp="2019-08-11T06:21:56.468" durationms="74.555" />

<exclusive-start id="5853" timestamp="2019-08-11T06:21:56.627" intervalms="233.150">
  <response-info timems="7.823" idlems="7.823" threads="0" lastid="00000000020FC300" lastname="Thread-37" />
</exclusive-start>
<allocation-taxation id="5854" taxation-threshold="88080384" timestamp="2019-08-11T06:21:56.627" intervalms="233.138" />
<cycle-start id="5855" type="partial gc" contextid="0" timestamp="2019-08-11T06:21:56.627" intervalms="233.247" />
<gc-start id="5856" type="partial gc" contextid="5855" timestamp="2019-08-11T06:21:56.627">
  <mem-info id="5857" free="104857600" total="320864256" percent="32">
    <mem type="eden" free="0" total="88080384" percent="0" />
    <remembered-set count="7328" freebytes="12798208" totalbytes="12827520" percent="99" regionsoverflowed="0" regionsstable="11" regionsrebuilding="0"/>
  </mem-info>
</gc-start>
<allocation-stats totalBytes="87906128" >
  <allocated-bytes non-tlh="65552" tlh="87840576" arrayletleaf="0"/>
  <largest-consumer threadName="Thread-41" threadId="0000000002129200" bytes="13053936" />
</allocation-stats>
<gc-op id="5858" type="copy forward" timems="40.358" contextid="5855" timestamp="2019-08-11T06:21:56.684">
  <memory-copied type="eden" objects="9674" bytes="3888856" bytesdiscarded="685016" />
  <memory-copied type="other" objects="37" bytes="1752" bytesdiscarded="1184" />
  <memory-cardclean objects="3137" bytes="147840" />
  <regions eden="42" other="4" />
  <remembered-set-cleared processed="655" cleared="451" durationms="0.334" />
  <references type="phantom" candidates="2" cleared="0" enqueued="0" />
  <stringconstants candidates="15966" cleared="0"  />
</gc-op>
<gc-op id="5859" type="classunload" timems="0.011" contextid="5855" timestamp="2019-08-11T06:21:56.684">
  <classunload-info classloadercandidates="68" classloadersunloaded="0" classesunloaded="0" anonymousclassesunloaded="0" quiescems="0.000" setupms="0.011" scanms="0.000" postms="0.000" />
</gc-op>
<heap-resize id="5860" type="expand" space="default" amount="10485760" count="1" timems="0.078" reason="excessive time being spent in gc" timestamp="2019-08-11T06:21:56.684" />
<gc-end id="5861" type="partial gc" contextid="5855" durationms="57.166" usertimems="16.802" systemtimems="30.442" timestamp="2019-08-11T06:21:56.684" activeThreads="16">
  <mem-info id="5862" free="199229440" total="331350016" percent="60">
    <mem type="eden" free="3814464" total="8388608" percent="45" />
    <remembered-set count="7232" freebytes="13217792" totalbytes="13246720" percent="99" regionsoverflowed="0" regionsstable="11" regionsrebuilding="0"/>
  </mem-info>
</gc-end>
<cycle-end id="5863" type="partial gc" contextid="5855" timestamp="2019-08-11T06:21:56.685" />
  <attribute name="elasticGC enabled" value="1" />
  <attribute name= "numThreadsSpecified" value="16" />
  <attribute name="heapSize specified" value="0" />
  <attribute name="Current GC Util" value="20" />
  <attribute name= "Current Time Running" value="227836" />
  <attribute name ="GC Interval" value="0" />
  <attribute name="ProportionalT" value="-30.000000" />
  <attribute name="ProportionalI" value="-30.000000" />
  <attribute name="ProportionalH" value="-30.000000" />
  <attribute name="Current Error" value="-60.000000" />
  <attribute name="IntegralT" value="-480.000000" />
  <attribute name="IntegralI" value="-480.000000" />
  <attribute name="IntegralH" value="-480.000000" />
  <attribute name="DerivativeT" value="-3.750000" />
  <attribute name="DerivativeI" value="-3.750000" />
  <attribute name="DerivativeH" value="-3.750000" />
  <attribute name="Loop Time for DT" value="16.000000" />
  <attribute name="Output H" value="4202627072"/>
  <attribute name="Output I" value="200"/>
  <attribute name="Output T" value="16"/>
  <attribute name="Target GC Util Change" value ="80.000000" />
  <attribute name="Current GC Util Change" value="20.000000"/>
  <attribute name="GC Util currently" value="20" />
  <attribute name="CPU Util currently" value="71312070186" />
<exclusive-end id="5864" timestamp="2019-08-11T06:21:56.685" durationms="58.570" />

<exclusive-start id="5865" timestamp="2019-08-11T06:21:56.773" intervalms="146.599">
  <response-info timems="8.475" idlems="1.773" threads="10" lastid="0000000002138100" lastname="Thread-46" />
</exclusive-start>
<allocation-taxation id="5866" taxation-threshold="90177536" timestamp="2019-08-11T06:21:56.773" intervalms="146.598" />
<cycle-start id="5867" type="partial gc" contextid="0" timestamp="2019-08-11T06:21:56.773" intervalms="146.484" />
<gc-start id="5868" type="partial gc" contextid="5867" timestamp="2019-08-11T06:21:56.774">
  <mem-info id="5869" free="109051904" total="331350016" percent="32">
    <mem type="eden" free="0" total="90177536" percent="0" />
    <remembered-set count="6944" freebytes="13218944" totalbytes="13246720" percent="99" regionsoverflowed="0" regionsstable="11" regionsrebuilding="0"/>
  </mem-info>
</gc-start>
<allocation-stats totalBytes="89999440" >
  <allocated-bytes non-tlh="32776" tlh="89966664" arrayletleaf="0"/>
  <largest-consumer threadName="Thread-39" threadId="00000000020F8700" bytes="10948328" />
</allocation-stats>
<gc-op id="5870" type="copy forward" timems="46.505" contextid="5867" timestamp="2019-08-11T06:21:56.822">
  <memory-copied type="eden" objects="8735" bytes="3538832" bytesdiscarded="451616" />
  <memory-copied type="other" objects="32" bytes="1152" bytesdiscarded="0" />
  <memory-cardclean objects="3173" bytes="150200" />
  <regions eden="43" other="5" />
  <remembered-set-cleared processed="638" cleared="433" durationms="0.188" />
  <references type="phantom" candidates="4" cleared="0" enqueued="0" />
  <stringconstants candidates="15966" cleared="0"  />
</gc-op>
<gc-op id="5871" type="classunload" timems="0.015" contextid="5867" timestamp="2019-08-11T06:21:56.822">
  <classunload-info classloadercandidates="68" classloadersunloaded="0" classesunloaded="0" anonymousclassesunloaded="0" quiescems="0.000" setupms="0.015" scanms="0.000" postms="0.000" />
</gc-op>
<gc-end id="5872" type="partial gc" contextid="5867" durationms="48.740" usertimems="52.907" systemtimems="29.404" timestamp="2019-08-11T06:21:56.822" activeThreads="16">
  <mem-info id="5873" free="201326592" total="331350016" percent="60">
    <mem type="eden" free="203568" total="4194304" percent="4" />
    <remembered-set count="8288" freebytes="13213568" totalbytes="13246720" percent="99" regionsoverflowed="0" regionsstable="11" regionsrebuilding="0"/>
  </mem-info>
</gc-end>
<cycle-end id="5874" type="partial gc" contextid="5867" timestamp="2019-08-11T06:21:56.824" />
  <attribute name="elasticGC enabled" value="1" />
  <attribute name= "numThreadsSpecified" value="16" />
  <attribute name="heapSize specified" value="0" />
  <attribute name="Current GC Util" value="41" />
  <attribute name= "Current Time Running" value="227968" />
  <attribute name ="GC Interval" value="0" />
  <attribute name="ProportionalT" value="-19.500000" />
  <attribute name="ProportionalI" value="-19.500000" />
  <attribute name="ProportionalH" value="-19.500000" />
  <attribute name="Current Error" value="-39.000000" />
  <attribute name="IntegralT" value="-19.500000" />
  <attribute name="IntegralI" value="-19.500000" />
  <attribute name="IntegralH" value="-19.500000" />
  <attribute name="DerivativeT" value="-39.000000" />
  <attribute name="DerivativeI" value="-39.000000" />
  <attribute name="DerivativeH" value="-39.000000" />
  <attribute name="Loop Time for DT" value="1.000000" />
  <attribute name="Output H" value="4202627072"/>
  <attribute name="Output I" value="200"/>
  <attribute name="Output T" value="16"/>
  <attribute name="Target GC Util Change" value ="80.000000" />
  <attribute name="Current GC Util Change" value="41.000000"/>
  <attribute name="GC Util currently" value="41" />
  <attribute name="CPU Util currently" value="859607721806" />
<exclusive-end id="5875" timestamp="2019-08-11T06:21:56.826" durationms="52.684" />

<exclusive-start id="5876" timestamp="2019-08-11T06:21:57.062" intervalms="288.499">
  <response-info timems="4.813" idlems="4.813" threads="0" lastid="0000000002147100" lastname="Thread-47" />
</exclusive-start>
<allocation-taxation id="5877" taxation-threshold="90177536" timestamp="2019-08-11T06:21:57.062" intervalms="288.499" />
<cycle-start id="5878" type="partial gc" contextid="0" timestamp="2019-08-11T06:21:57.062" intervalms="288.594" />
<gc-start id="5879" type="partial gc" contextid="5878" timestamp="2019-08-11T06:21:57.062">
  <mem-info id="5880" free="111149056" total="331350016" percent="33">
    <mem type="eden" free="0" total="90177536" percent="0" />
    <remembered-set count="7808" freebytes="13215488" totalbytes="13246720" percent="99" regionsoverflowed="0" regionsstable="11" regionsrebuilding="0"/>
  </mem-info>
</gc-start>
<allocation-stats totalBytes="89960192" >
  <allocated-bytes non-tlh="98336" tlh="89861856" arrayletleaf="0"/>
  <largest-consumer threadName="Thread-40" threadId="0000000002107600" bytes="13008208" />
</allocation-stats>
<gc-op id="5881" type="copy forward" timems="69.735" contextid="5878" timestamp="2019-08-11T06:21:57.134">
  <memory-copied type="eden" objects="8846" bytes="3603192" bytesdiscarded="521960" />
  <memory-copied type="other" objects="20" bytes="720" bytesdiscarded="0" />
  <memory-cardclean objects="3142" bytes="148368" />
  <regions eden="43" other="3" />
  <remembered-set-cleared processed="607" cleared="402" durationms="0.392" />
  <references type="phantom" candidates="4" cleared="0" enqueued="0" />
  <stringconstants candidates="15966" cleared="0"  />
</gc-op>
<gc-op id="5882" type="classunload" timems="0.012" contextid="5878" timestamp="2019-08-11T06:21:57.134">
  <classunload-info classloadercandidates="68" classloadersunloaded="0" classesunloaded="0" anonymousclassesunloaded="0" quiescems="0.000" setupms="0.011" scanms="0.000" postms="0.000" />
</gc-op>
<heap-resize id="5883" type="expand" space="default" amount="4194304" count="1" timems="0.074" reason="excessive time being spent in gc" timestamp="2019-08-11T06:21:57.135" />
<gc-end id="5884" type="partial gc" contextid="5878" durationms="72.318" usertimems="44.490" systemtimems="25.467" timestamp="2019-08-11T06:21:57.135" activeThreads="16">
  <mem-info id="5885" free="201326592" total="335544320" percent="60">
    <mem type="eden" free="2166016" total="6291456" percent="34" />
    <remembered-set count="8288" freebytes="13381248" totalbytes="13414400" percent="99" regionsoverflowed="0" regionsstable="11" regionsrebuilding="0"/>
  </mem-info>
</gc-end>
<cycle-end id="5886" type="partial gc" contextid="5878" timestamp="2019-08-11T06:21:57.136" />
  <attribute name="elasticGC enabled" value="1" />
  <attribute name= "numThreadsSpecified" value="16" />
  <attribute name="heapSize specified" value="0" />
  <attribute name="Current GC Util" value="87" />
  <attribute name= "Current Time Running" value="228257" />
  <attribute name ="GC Interval" value="0" />
  <attribute name="ProportionalT" value="3.500000" />
  <attribute name="ProportionalI" value="3.500000" />
  <attribute name="ProportionalH" value="3.500000" />
  <attribute name="Current Error" value="7.000000" />
  <attribute name="IntegralT" value="3.500000" />
  <attribute name="IntegralI" value="3.500000" />
  <attribute name="IntegralH" value="3.500000" />
  <attribute name="DerivativeT" value="7.000000" />
  <attribute name="DerivativeI" value="7.000000" />
  <attribute name="DerivativeH" value="7.000000" />
  <attribute name="Loop Time for DT" value="1.000000" />
  <attribute name="Output H" value="8388608"/>
  <attribute name="Output I" value="200"/>
  <attribute name="Output T" value="16"/>
  <attribute name="Target GC Util Change" value ="80.000000" />
  <attribute name="Current GC Util Change" value="87.000000"/>
  <attribute name="GC Util currently" value="87" />
  <attribute name="CPU Util currently" value="993810327889" />
<exclusive-end id="5887" timestamp="2019-08-11T06:21:57.136" durationms="74.163" />

<exclusive-start id="5888" timestamp="2019-08-11T06:21:57.222" intervalms="160.060">
  <response-info timems="0.139" idlems="0.139" threads="0" lastid="0000000002143500" lastname="Thread-42" />
</exclusive-start>
<allocation-taxation id="5889" taxation-threshold="90177536" timestamp="2019-08-11T06:21:57.222" intervalms="160.363" />
<cycle-start id="5890" type="partial gc" contextid="0" timestamp="2019-08-11T06:21:57.223" intervalms="160.672" />
<gc-start id="5891" type="partial gc" contextid="5890" timestamp="2019-08-11T06:21:57.224">
  <mem-info id="5892" free="111149056" total="335544320" percent="33">
    <mem type="eden" free="0" total="90177536" percent="0" />
    <remembered-set count="7904" freebytes="13382784" totalbytes="13414400" percent="99" regionsoverflowed="0" regionsstable="11" regionsrebuilding="0"/>
  </mem-info>
</gc-start>
<allocation-stats totalBytes="89997720" >
  <allocated-bytes non-tlh="90144" tlh="89907576" arrayletleaf="0"/>
  <largest-consumer threadName="Thread-47" threadId="0000000002147100" bytes="10019352" />
</allocation-stats>
<gc-op id="5893" type="copy forward" timems="58.089" contextid="5890" timestamp="2019-08-11T06:21:57.288">
  <memory-copied type="eden" objects="10697" bytes="4284608" bytesdiscarded="697640" />
  <memory-copied type="other" objects="16" bytes="576" bytesdiscarded="0" />
  <memory-cardclean objects="3159" bytes="149040" />
  <regions eden="43" other="4" />
  <remembered-set-cleared processed="608" cleared="403" durationms="0.212" />
  <references type="phantom" candidates="2" cleared="0" enqueued="0" />
  <stringconstants candidates="15966" cleared="0"  />
</gc-op>
<gc-op id="5894" type="classunload" timems="0.021" contextid="5890" timestamp="2019-08-11T06:21:57.288">
  <classunload-info classloadercandidates="68" classloadersunloaded="0" classesunloaded="0" anonymousclassesunloaded="0" quiescems="0.000" setupms="0.020" scanms="0.000" postms="0.000" />
</gc-op>
<heap-resize id="5895" type="expand" space="default" amount="6291456" count="1" timems="0.082" reason="excessive time being spent in gc" timestamp="2019-08-11T06:21:57.288" />
<gc-end id="5896" type="partial gc" contextid="5890" durationms="63.912" usertimems="28.041" systemtimems="29.605" timestamp="2019-08-11T06:21:57.288" activeThreads="16">
  <mem-info id="5897" free="205520896" total="341835776" percent="60">
    <mem type="eden" free="1308928" total="6291456" percent="20" />
    <remembered-set count="6240" freebytes="13640960" totalbytes="13665920" percent="99" regionsoverflowed="0" regionsstable="11" regionsrebuilding="0"/>
  </mem-info>
</gc-end>
<cycle-end id="5898" type="partial gc" contextid="5890" timestamp="2019-08-11T06:21:57.289" />
  <attribute name="elasticGC enabled" value="1" />
  <attribute name= "numThreadsSpecified" value="16" />
  <attribute name="heapSize specified" value="0" />
  <attribute name="Current GC Util" value="73" />
  <attribute name= "Current Time Running" value="228422" />
  <attribute name ="GC Interval" value="0" />
  <attribute name="ProportionalT" value="-3.500000" />
  <attribute name="ProportionalI" value="-3.500000" />
  <attribute name="ProportionalH" value="-3.500000" />
  <attribute name="Current Error" value="-7.000000" />
  <attribute name="IntegralT" value="-14.000000" />
  <attribute name="IntegralI" value="-14.000000" />
  <attribute name="IntegralH" value="-14.000000" />
  <attribute name="DerivativeT" value="-1.750000" />
  <attribute name="DerivativeI" value="-1.750000" />
  <attribute name="DerivativeH" value="-1.750000" />
  <attribute name="Loop Time for DT" value="4.000000" />
  <attribute name="Output H" value="4202627072"/>
  <attribute name="Output I" value="200"/>
  <attribute name="Output T" value="16"/>
  <attribute name="Target GC Util Change" value ="80.000000" />
  <attribute name="Current GC Util Change" value="73.000000"/>
  <attribute name="GC Util currently" value="73" />
  <attribute name="CPU Util currently" value="315549682002" />
<exclusive-end id="5899" timestamp="2019-08-11T06:21:57.289" durationms="67.476" />

<exclusive-start id="5900" timestamp="2019-08-11T06:21:57.467" intervalms="244.950">
  <response-info timems="4.451" idlems="3.501" threads="1" lastid="0000000002107600" lastname="Thread-40" />
</exclusive-start>
<allocation-taxation id="5901" taxation-threshold="92274688" timestamp="2019-08-11T06:21:57.467" intervalms="244.971" />
<cycle-start id="5902" type="partial gc" contextid="0" timestamp="2019-08-11T06:21:57.467" intervalms="244.575" />
<gc-start id="5903" type="partial gc" contextid="5902" timestamp="2019-08-11T06:21:57.467">
  <mem-info id="5904" free="113246208" total="341835776" percent="33">
    <mem type="eden" free="0" total="92274688" percent="0" />
    <remembered-set count="6048" freebytes="13641728" totalbytes="13665920" percent="99" regionsoverflowed="0" regionsstable="11" regionsrebuilding="0"/>
  </mem-info>
</gc-start>
<allocation-stats totalBytes="92143672" >
  <allocated-bytes non-tlh="49168" tlh="92094504" arrayletleaf="0"/>
  <largest-consumer threadName="Thread-39" threadId="00000000020F8700" bytes="17638912" />
</allocation-stats>
<gc-op id="5905" type="copy forward" timems="57.021" contextid="5902" timestamp="2019-08-11T06:21:57.529">
  <memory-copied type="eden" objects="10127" bytes="3921672" bytesdiscarded="628096" />
  <memory-copied type="other" objects="28" bytes="1008" bytesdiscarded="0" />
  <memory-cardclean objects="3158" bytes="149056" />
  <regions eden="44" other="4" />
  <remembered-set-cleared processed="661" cleared="456" durationms="2.250" />
  <references type="phantom" candidates="1" cleared="0" enqueued="0" />
  <stringconstants candidates="15966" cleared="0"  />
</gc-op>
<gc-op id="5906" type="classunload" timems="0.012" contextid="5902" timestamp="2019-08-11T06:21:57.530">
  <classunload-info classloadercandidates="68" classloadersunloaded="0" classesunloaded="0" anonymousclassesunloaded="0" quiescems="0.000" setupms="0.012" scanms="0.000" postms="0.000" />
</gc-op>
<heap-resize id="5907" type="expand" space="default" amount="14680064" count="1" timems="0.074" reason="excessive time being spent in gc" timestamp="2019-08-11T06:21:57.530" />
<gc-end id="5908" type="partial gc" contextid="5902" durationms="62.616" usertimems="32.734" systemtimems="24.609" timestamp="2019-08-11T06:21:57.530" activeThreads="16">
  <mem-info id="5909" free="213909504" total="356515840" percent="60">
    <mem type="eden" free="5935736" total="10485760" percent="56" />
    <remembered-set count="8288" freebytes="14219648" totalbytes="14252800" percent="99" regionsoverflowed="0" regionsstable="11" regionsrebuilding="0"/>
  </mem-info>
</gc-end>
<cycle-end id="5910" type="partial gc" contextid="5902" timestamp="2019-08-11T06:21:57.530" />
  <attribute name="elasticGC enabled" value="1" />
  <attribute name= "numThreadsSpecified" value="16" />
  <attribute name="heapSize specified" value="0" />
  <attribute name="Current GC Util" value="18" />
  <attribute name= "Current Time Running" value="228665" />
  <attribute name ="GC Interval" value="0" />
  <attribute name="ProportionalT" value="-31.000000" />
  <attribute name="ProportionalI" value="-31.000000" />
  <attribute name="ProportionalH" value="-31.000000" />
  <attribute name="Current Error" value="-62.000000" />
  <attribute name="IntegralT" value="-155.000000" />
  <attribute name="IntegralI" value="-155.000000" />
  <attribute name="IntegralH" value="-155.000000" />
  <attribute name="DerivativeT" value="-12.400000" />
  <attribute name="DerivativeI" value="-12.400000" />
  <attribute name="DerivativeH" value="-12.400000" />
  <attribute name="Loop Time for DT" value="5.000000" />
  <attribute name="Output H" value="4202627072"/>
  <attribute name="Output I" value="200"/>
  <attribute name="Output T" value="16"/>
  <attribute name="Target GC Util Change" value ="80.000000" />
  <attribute name="Current GC Util Change" value="18.000000"/>
  <attribute name="GC Util currently" value="18" />
  <attribute name="CPU Util currently" value="255088533381" />
<exclusive-end id="5911" timestamp="2019-08-11T06:21:57.531" durationms="64.027" />

<exclusive-start id="5912" timestamp="2019-08-11T06:21:57.634" intervalms="167.688">
  <response-info timems="4.238" idlems="4.238" threads="0" lastid="0000000002107600" lastname="Thread-40" />
</exclusive-start>
<allocation-taxation id="5913" taxation-threshold="96468992" timestamp="2019-08-11T06:21:57.638" intervalms="170.910" />
<cycle-start id="5914" type="partial gc" contextid="0" timestamp="2019-08-11T06:21:57.656" intervalms="188.925" />
<gc-start id="5915" type="partial gc" contextid="5914" timestamp="2019-08-11T06:21:57.656">
  <mem-info id="5916" free="117440512" total="356515840" percent="32">
    <mem type="eden" free="0" total="96468992" percent="0" />
    <remembered-set count="8032" freebytes="14220672" totalbytes="14252800" percent="99" regionsoverflowed="0" regionsstable="11" regionsrebuilding="0"/>
  </mem-info>
</gc-start>
<allocation-stats totalBytes="96347712" >
  <allocated-bytes non-tlh="65560" tlh="96282152" arrayletleaf="0"/>
  <largest-consumer threadName="Thread-51" threadId="00000000020F4B00" bytes="9840520" />
</allocation-stats>
<gc-op id="5917" type="copy forward" timems="127.555" contextid="5914" timestamp="2019-08-11T06:21:57.787">
  <memory-copied type="eden" objects="9895" bytes="3976288" bytesdiscarded="653904" />
  <memory-copied type="other" objects="20" bytes="720" bytesdiscarded="0" />
  <memory-cardclean objects="3191" bytes="151224" />
  <regions eden="46" other="6" />
  <remembered-set-cleared processed="641" cleared="436" durationms="1.704" />
  <references type="phantom" candidates="2" cleared="0" enqueued="0" />
  <stringconstants candidates="15966" cleared="0"  />
</gc-op>
<gc-op id="5918" type="classunload" timems="0.012" contextid="5914" timestamp="2019-08-11T06:21:57.787">
  <classunload-info classloadercandidates="68" classloadersunloaded="0" classesunloaded="0" anonymousclassesunloaded="0" quiescems="0.000" setupms="0.012" scanms="0.000" postms="0.000" />
</gc-op>
<gc-end id="5919" type="partial gc" contextid="5914" durationms="130.728" usertimems="31.932" systemtimems="54.952" timestamp="2019-08-11T06:21:57.787" activeThreads="16">
  <mem-info id="5920" free="216006656" total="356515840" percent="60">
    <mem type="eden" free="1660992" total="6291456" percent="26" />
    <remembered-set count="6752" freebytes="14225792" totalbytes="14252800" percent="99" regionsoverflowed="0" regionsstable="11" regionsrebuilding="0"/>
  </mem-info>
</gc-end>
<cycle-end id="5921" type="partial gc" contextid="5914" timestamp="2019-08-11T06:21:57.787" />
  <attribute name="elasticGC enabled" value="1" />
  <attribute name= "numThreadsSpecified" value="16" />
  <attribute name="heapSize specified" value="0" />
  <attribute name="Current GC Util" value="25" />
  <attribute name= "Current Time Running" value="228852" />
  <attribute name ="GC Interval" value="0" />
  <attribute name="ProportionalT" value="-27.500000" />
  <attribute name="ProportionalI" value="-27.500000" />
  <attribute name="ProportionalH" value="-27.500000" />
  <attribute name="Current Error" value="-55.000000" />
  <attribute name="IntegralT" value="-82.500000" />
  <attribute name="IntegralI" value="-82.500000" />
  <attribute name="IntegralH" value="-82.500000" />
  <attribute name="DerivativeT" value="-18.333333" />
  <attribute name="DerivativeI" value="-18.333333" />
  <attribute name="DerivativeH" value="-18.333333" />
  <attribute name="Loop Time for DT" value="3.000000" />
  <attribute name="Output H" value="4202627072"/>
  <attribute name="Output I" value="200"/>
  <attribute name="Output T" value="16"/>
  <attribute name="Target GC Util Change" value ="80.000000" />
  <attribute name="Current GC Util Change" value="25.000000"/>
  <attribute name="GC Util currently" value="25" />
  <attribute name="CPU Util currently" value="460027670617" />
<exclusive-end id="5922" timestamp="2019-08-11T06:21:57.787" durationms="152.968" />

<exclusive-start id="5923" timestamp="2019-08-11T06:21:57.922" intervalms="287.232">
  <response-info timems="2.305" idlems="1.212" threads="1" lastid="0000000002112A00" lastname="Thread-52" />
</exclusive-start>
<allocation-taxation id="5924" taxation-threshold="96468992" timestamp="2019-08-11T06:21:57.922" intervalms="283.669" />
<cycle-start id="5925" type="partial gc" contextid="0" timestamp="2019-08-11T06:21:57.922" intervalms="265.721" />
<gc-start id="5926" type="partial gc" contextid="5925" timestamp="2019-08-11T06:21:57.922">
  <mem-info id="5927" free="119537664" total="356515840" percent="33">
    <mem type="eden" free="0" total="96468992" percent="0" />
    <remembered-set count="6400" freebytes="14227200" totalbytes="14252800" percent="99" regionsoverflowed="0" regionsstable="11" regionsrebuilding="0"/>
  </mem-info>
</gc-start>
<allocation-stats totalBytes="96367104" >
  <allocated-bytes non-tlh="90152" tlh="96276952" arrayletleaf="0"/>
  <largest-consumer threadName="Thread-42" threadId="0000000002143500" bytes="16789672" />
</allocation-stats>
<gc-op id="5928" type="copy forward" timems="51.430" contextid="5925" timestamp="2019-08-11T06:21:57.978">
  <memory-copied type="eden" objects="10199" bytes="4062800" bytesdiscarded="417384" />
  <memory-copied type="other" objects="20" bytes="720" bytesdiscarded="0" />
  <memory-cardclean objects="3176" bytes="150376" />
  <regions eden="46" other="4" />
  <remembered-set-cleared processed="665" cleared="460" durationms="0.320" />
  <references type="phantom" candidates="1" cleared="0" enqueued="0" />
  <stringconstants candidates="15966" cleared="0"  />
</gc-op>
<gc-op id="5929" type="classunload" timems="0.017" contextid="5925" timestamp="2019-08-11T06:21:57.978">
  <classunload-info classloadercandidates="68" classloadersunloaded="0" classesunloaded="0" anonymousclassesunloaded="0" quiescems="0.000" setupms="0.016" scanms="0.000" postms="0.000" />
</gc-op>
<gc-end id="5930" type="partial gc" contextid="5925" durationms="56.288" usertimems="24.484" systemtimems="28.553" timestamp="2019-08-11T06:21:57.979" activeThreads="16">
  <mem-info id="5931" free="216006656" total="356515840" percent="60">
    <mem type="eden" free="1811008" total="6291456" percent="28" />
    <remembered-set count="7264" freebytes="14223744" totalbytes="14252800" percent="99" regionsoverflowed="0" regionsstable="11" regionsrebuilding="0"/>
  </mem-info>
</gc-end>
<cycle-end id="5932" type="partial gc" contextid="5925" timestamp="2019-08-11T06:21:57.979" />
  <attribute name="elasticGC enabled" value="1" />
  <attribute name= "numThreadsSpecified" value="16" />
  <attribute name="heapSize specified" value="0" />
  <attribute name="Current GC Util" value="43" />
  <attribute name= "Current Time Running" value="229119" />
  <attribute name ="GC Interval" value="0" />
  <attribute name="ProportionalT" value="-18.500000" />
  <attribute name="ProportionalI" value="-18.500000" />
  <attribute name="ProportionalH" value="-18.500000" />
  <attribute name="Current Error" value="-37.000000" />
  <attribute name="IntegralT" value="-37.000000" />
  <attribute name="IntegralI" value="-37.000000" />
  <attribute name="IntegralH" value="-37.000000" />
  <attribute name="DerivativeT" value="-18.500000" />
  <attribute name="DerivativeI" value="-18.500000" />
  <attribute name="DerivativeH" value="-18.500000" />
  <attribute name="Loop Time for DT" value="2.000000" />
  <attribute name="Output H" value="4202627072"/>
  <attribute name="Output I" value="200"/>
  <attribute name="Output T" value="16"/>
  <attribute name="Target GC Util Change" value ="80.000000" />
  <attribute name="Current GC Util Change" value="43.000000"/>
  <attribute name="GC Util currently" value="43" />
  <attribute name="CPU Util currently" value="542339901202" />
<exclusive-end id="5933" timestamp="2019-08-11T06:21:57.980" durationms="57.965" />

<exclusive-start id="5934" timestamp="2019-08-11T06:21:58.031" intervalms="109.026">
  <response-info timems="5.291" idlems="1.420" threads="3" lastid="0000000002129200" lastname="Thread-41" />
</exclusive-start>
<allocation-taxation id="5935" taxation-threshold="96468992" timestamp="2019-08-11T06:21:58.031" intervalms="109.039" />
<cycle-start id="5936" type="partial gc" contextid="0" timestamp="2019-08-11T06:21:58.031" intervalms="109.394" />
<gc-start id="5937" type="partial gc" contextid="5936" timestamp="2019-08-11T06:21:58.032">
  <mem-info id="5938" free="119537664" total="356515840" percent="33">
    <mem type="eden" free="0" total="96468992" percent="0" />
    <remembered-set count="6816" freebytes="14225536" totalbytes="14252800" percent="99" regionsoverflowed="0" regionsstable="11" regionsrebuilding="0"/>
  </mem-info>
</gc-start>
<allocation-stats totalBytes="96317920" >
  <allocated-bytes non-tlh="65552" tlh="96252368" arrayletleaf="0"/>
  <largest-consumer threadName="Thread-49" threadId="00000000020F0F00" bytes="11051528" />
</allocation-stats>
<gc-op id="5939" type="copy forward" timems="134.637" contextid="5936" timestamp="2019-08-11T06:21:58.174">
  <memory-copied type="eden" objects="9256" bytes="3786144" bytesdiscarded="666080" />
  <memory-copied type="other" objects="28" bytes="1008" bytesdiscarded="0" />
  <memory-cardclean objects="3172" bytes="150048" />
  <regions eden="46" other="4" />
  <remembered-set-cleared processed="680" cleared="475" durationms="34.225" />
  <references type="phantom" candidates="1" cleared="0" enqueued="0" />
  <stringconstants candidates="15966" cleared="0"  />
</gc-op>
<gc-op id="5940" type="classunload" timems="0.015" contextid="5936" timestamp="2019-08-11T06:21:58.174">
  <classunload-info classloadercandidates="68" classloadersunloaded="0" classesunloaded="0" anonymousclassesunloaded="0" quiescems="0.000" setupms="0.014" scanms="0.000" postms="0.000" />
</gc-op>
<gc-end id="5941" type="partial gc" contextid="5936" durationms="142.601" usertimems="46.359" systemtimems="66.154" timestamp="2019-08-11T06:21:58.175" activeThreads="16">
  <mem-info id="5942" free="213909504" total="356515840" percent="60">
    <mem type="eden" free="1838976" total="6291456" percent="29" />
    <remembered-set count="9824" freebytes="14213504" totalbytes="14252800" percent="99" regionsoverflowed="0" regionsstable="11" regionsrebuilding="0"/>
  </mem-info>
</gc-end>
<cycle-end id="5943" type="partial gc" contextid="5936" timestamp="2019-08-11T06:21:58.175" />
  <attribute name="elasticGC enabled" value="1" />
  <attribute name= "numThreadsSpecified" value="16" />
  <attribute name="heapSize specified" value="0" />
  <attribute name="Current GC Util" value="13" />
  <attribute name= "Current Time Running" value="229232" />
  <attribute name ="GC Interval" value="0" />
  <attribute name="ProportionalT" value="-33.500000" />
  <attribute name="ProportionalI" value="-33.500000" />
  <attribute name="ProportionalH" value="-33.500000" />
  <attribute name="Current Error" value="-67.000000" />
  <attribute name="IntegralT" value="-201.000000" />
  <attribute name="IntegralI" value="-201.000000" />
  <attribute name="IntegralH" value="-201.000000" />
  <attribute name="DerivativeT" value="-11.166667" />
  <attribute name="DerivativeI" value="-11.166667" />
  <attribute name="DerivativeH" value="-11.166667" />
  <attribute name="Loop Time for DT" value="6.000000" />
  <attribute name="Output H" value="4202627072"/>
  <attribute name="Output I" value="200"/>
  <attribute name="Output T" value="16"/>
  <attribute name="Target GC Util Change" value ="80.000000" />
  <attribute name="Current GC Util Change" value="13.000000"/>
  <attribute name="GC Util currently" value="13" />
  <attribute name="CPU Util currently" value="183400698435" />
<exclusive-end id="5944" timestamp="2019-08-11T06:21:58.175" durationms="144.768" />

<exclusive-start id="5945" timestamp="2019-08-11T06:21:58.328" intervalms="297.818">
  <response-info timems="0.926" idlems="0.926" threads="0" lastid="00000000020FFF00" lastname="Thread-38" />
</exclusive-start>
<allocation-taxation id="5946" taxation-threshold="96468992" timestamp="2019-08-11T06:21:58.328" intervalms="297.822" />
<cycle-start id="5947" type="partial gc" contextid="0" timestamp="2019-08-11T06:21:58.329" intervalms="297.372" />
<gc-start id="5948" type="partial gc" contextid="5947" timestamp="2019-08-11T06:21:58.329">
  <mem-info id="5949" free="117440512" total="356515840" percent="32">
    <mem type="eden" free="0" total="96468992" percent="0" />
    <remembered-set count="9472" freebytes="14214912" totalbytes="14252800" percent="99" regionsoverflowed="0" regionsstable="11" regionsrebuilding="0"/>
  </mem-info>
</gc-start>
<allocation-stats totalBytes="96256464" >
  <allocated-bytes non-tlh="40984" tlh="96215480" arrayletleaf="0"/>
  <largest-consumer threadName="Thread-45" threadId="000000000212CD00" bytes="11531264" />
</allocation-stats>
<gc-op id="5950" type="copy forward" timems="52.123" contextid="5947" timestamp="2019-08-11T06:21:58.387">
  <memory-copied type="eden" objects="9479" bytes="3811424" bytesdiscarded="618200" />
  <memory-copied type="other" objects="24" bytes="864" bytesdiscarded="0" />
  <memory-cardclean objects="3178" bytes="150128" />
  <regions eden="46" other="4" />
  <remembered-set-cleared processed="617" cleared="412" durationms="5.190" />
  <references type="phantom" candidates="3" cleared="0" enqueued="0" />
  <stringconstants candidates="15966" cleared="0"  />
</gc-op>
<gc-op id="5951" type="classunload" timems="0.014" contextid="5947" timestamp="2019-08-11T06:21:58.387">
  <classunload-info classloadercandidates="68" classloadersunloaded="0" classesunloaded="0" anonymousclassesunloaded="0" quiescems="0.000" setupms="0.014" scanms="0.000" postms="0.000" />
</gc-op>
<heap-resize id="5952" type="expand" space="default" amount="6291456" count="1" timems="0.075" reason="excessive time being spent in gc" timestamp="2019-08-11T06:21:58.388" />
<gc-end id="5953" type="partial gc" contextid="5947" durationms="58.891" usertimems="25.394" systemtimems="19.229" timestamp="2019-08-11T06:21:58.388" activeThreads="16">
  <mem-info id="5954" free="218103808" total="362807296" percent="60">
    <mem type="eden" free="1861552" total="6291456" percent="29" />
    <remembered-set count="8288" freebytes="14471168" totalbytes="14504320" percent="99" regionsoverflowed="0" regionsstable="11" regionsrebuilding="0"/>
  </mem-info>
</gc-end>
<cycle-end id="5955" type="partial gc" contextid="5947" timestamp="2019-08-11T06:21:58.388" />
  <attribute name="elasticGC enabled" value="1" />
  <attribute name= "numThreadsSpecified" value="16" />
  <attribute name="heapSize specified" value="0" />
  <attribute name="Current GC Util" value="20" />
  <attribute name= "Current Time Running" value="229528" />
  <attribute name ="GC Interval" value="0" />
  <attribute name="ProportionalT" value="-30.000000" />
  <attribute name="ProportionalI" value="-30.000000" />
  <attribute name="ProportionalH" value="-30.000000" />
  <attribute name="Current Error" value="-60.000000" />
  <attribute name="IntegralT" value="-180.000000" />
  <attribute name="IntegralI" value="-180.000000" />
  <attribute name="IntegralH" value="-180.000000" />
  <attribute name="DerivativeT" value="-10.000000" />
  <attribute name="DerivativeI" value="-10.000000" />
  <attribute name="DerivativeH" value="-10.000000" />
  <attribute name="Loop Time for DT" value="6.000000" />
  <attribute name="Output H" value="4202627072"/>
  <attribute name="Output I" value="200"/>
  <attribute name="Output T" value="16"/>
  <attribute name="Target GC Util Change" value ="80.000000" />
  <attribute name="Current GC Util Change" value="20.000000"/>
  <attribute name="GC Util currently" value="20" />
  <attribute name="CPU Util currently" value="194321014377" />
<exclusive-end id="5956" timestamp="2019-08-11T06:21:58.388" durationms="59.616" />

<exclusive-start id="5957" timestamp="2019-08-11T06:21:58.475" intervalms="146.994">
  <response-info timems="3.002" idlems="3.002" threads="0" lastid="0000000002147100" lastname="Thread-47" />
</exclusive-start>
<allocation-taxation id="5958" taxation-threshold="96468992" timestamp="2019-08-11T06:21:58.476" intervalms="147.453" />
<cycle-start id="5959" type="partial gc" contextid="0" timestamp="2019-08-11T06:21:58.477" intervalms="148.493" />
<gc-start id="5960" type="partial gc" contextid="5959" timestamp="2019-08-11T06:21:58.477">
  <mem-info id="5961" free="121634816" total="362807296" percent="33">
    <mem type="eden" free="0" total="96468992" percent="0" />
    <remembered-set count="7968" freebytes="14472448" totalbytes="14504320" percent="99" regionsoverflowed="0" regionsstable="11" regionsrebuilding="0"/>
  </mem-info>
</gc-start>
<allocation-stats totalBytes="96314416" >
  <allocated-bytes non-tlh="49168" tlh="96265248" arrayletleaf="0"/>
  <largest-consumer threadName="Thread-50" threadId="000000000211DE00" bytes="11031400" />
</allocation-stats>
<gc-op id="5962" type="copy forward" timems="66.824" contextid="5959" timestamp="2019-08-11T06:21:58.551">
  <memory-copied type="eden" objects="9226" bytes="3642376" bytesdiscarded="540336" />
  <memory-copied type="other" objects="25" bytes="968" bytesdiscarded="0" />
  <memory-cardclean objects="3158" bytes="148576" />
  <regions eden="46" other="4" />
  <remembered-set-cleared processed="627" cleared="422" durationms="0.719" />
  <references type="weak" candidates="1" cleared="0" enqueued="0" />
  <references type="phantom" candidates="2" cleared="0" enqueued="0" />
  <stringconstants candidates="15966" cleared="0"  />
</gc-op>
<gc-op id="5963" type="classunload" timems="0.017" contextid="5959" timestamp="2019-08-11T06:21:58.551">
  <classunload-info classloadercandidates="68" classloadersunloaded="0" classesunloaded="0" anonymousclassesunloaded="0" quiescems="0.000" setupms="0.016" scanms="0.000" postms="0.000" />
</gc-op>
<heap-resize id="5964" type="expand" space="default" amount="4194304" count="1" timems="0.071" reason="excessive time being spent in gc" timestamp="2019-08-11T06:21:58.551" />
<gc-end id="5965" type="partial gc" contextid="5959" durationms="74.188" usertimems="67.091" systemtimems="18.247" timestamp="2019-08-11T06:21:58.552" activeThreads="16">
  <mem-info id="5966" free="220200960" total="367001600" percent="60">
    <mem type="eden" free="2108488" total="6291456" percent="33" />
    <remembered-set count="7264" freebytes="14642944" totalbytes="14672000" percent="99" regionsoverflowed="0" regionsstable="11" regionsrebuilding="0"/>
  </mem-info>
</gc-end>
<cycle-end id="5967" type="partial gc" contextid="5959" timestamp="2019-08-11T06:21:58.552" />
  <attribute name="elasticGC enabled" value="1" />
  <attribute name= "numThreadsSpecified" value="16" />
  <attribute name="heapSize specified" value="0" />
  <attribute name="Current GC Util" value="72" />
  <attribute name= "Current Time Running" value="229676" />
  <attribute name ="GC Interval" value="0" />
  <attribute name="ProportionalT" value="-4.000000" />
  <attribute name="ProportionalI" value="-4.000000" />
  <attribute name="ProportionalH" value="-4.000000" />
  <attribute name="Current Error" value="-8.000000" />
  <attribute name="IntegralT" value="-24.000000" />
  <attribute name="IntegralI" value="-24.000000" />
  <attribute name="IntegralH" value="-24.000000" />
  <attribute name="DerivativeT" value="-1.333333" />
  <attribute name="DerivativeI" value="-1.333333" />
  <attribute name="DerivativeH" value="-1.333333" />
  <attribute name="Loop Time for DT" value="6.000000" />
  <attribute name="Output H" value="4202627072"/>
  <attribute name="Output I" value="200"/>
  <attribute name="Output T" value="16"/>
  <attribute name="Target GC Util Change" value ="80.000000" />
  <attribute name="Current GC Util Change" value="72.000000"/>
  <attribute name="GC Util currently" value="72" />
  <attribute name="CPU Util currently" value="188867236321" />
<exclusive-end id="5968" timestamp="2019-08-11T06:21:58.553" durationms="77.631" />

<exclusive-start id="5969" timestamp="2019-08-11T06:21:58.750" intervalms="274.617">
  <response-info timems="3.789" idlems="3.789" threads="0" lastid="00000000020F4B00" lastname="Thread-51" />
</exclusive-start>
<allocation-taxation id="5970" taxation-threshold="98566144" timestamp="2019-08-11T06:21:58.750" intervalms="274.189" />
<cycle-start id="5971" type="partial gc" contextid="0" timestamp="2019-08-11T06:21:58.750" intervalms="273.140" />
<gc-start id="5972" type="partial gc" contextid="5971" timestamp="2019-08-11T06:21:58.751">
  <mem-info id="5973" free="121634816" total="367001600" percent="33">
    <mem type="eden" free="2097032" total="100663296" percent="2" />
    <remembered-set count="6848" freebytes="14644608" totalbytes="14672000" percent="99" regionsoverflowed="0" regionsstable="11" regionsrebuilding="0"/>
  </mem-info>
</gc-start>
<allocation-stats totalBytes="98440616" >
  <allocated-bytes non-tlh="98336" tlh="98342280" arrayletleaf="0"/>
  <largest-consumer threadName="Thread-46" threadId="0000000002138100" bytes="12165168" />
</allocation-stats>
<gc-op id="5974" type="copy forward" timems="13.366" contextid="5971" timestamp="2019-08-11T06:21:58.767">
  <memory-copied type="eden" objects="9574" bytes="3784056" bytesdiscarded="730592" />
  <memory-copied type="other" objects="27" bytes="1008" bytesdiscarded="0" />
  <memory-cardclean objects="3150" bytes="148344" />
  <regions eden="47" other="4" />
  <remembered-set-cleared processed="628" cleared="423" durationms="0.285" />
  <references type="phantom" candidates="3" cleared="0" enqueued="0" />
  <stringconstants candidates="15966" cleared="0"  />
</gc-op>
<gc-op id="5975" type="classunload" timems="0.020" contextid="5971" timestamp="2019-08-11T06:21:58.767">
  <classunload-info classloadercandidates="68" classloadersunloaded="0" classesunloaded="0" anonymousclassesunloaded="0" quiescems="0.000" setupms="0.020" scanms="0.000" postms="0.000" />
</gc-op>
<heap-resize id="5976" type="expand" space="default" amount="6291456" count="1" timems="0.081" reason="excessive time being spent in gc" timestamp="2019-08-11T06:21:58.768" />
<gc-end id="5977" type="partial gc" contextid="5971" durationms="16.988" usertimems="37.902" systemtimems="11.237" timestamp="2019-08-11T06:21:58.768" activeThreads="16">
  <mem-info id="5978" free="224395264" total="373293056" percent="60">
    <mem type="eden" free="1776536" total="6291456" percent="28" />
    <remembered-set count="8800" freebytes="14888320" totalbytes="14923520" percent="99" regionsoverflowed="0" regionsstable="11" regionsrebuilding="0"/>
  </mem-info>
</gc-end>
<cycle-end id="5979" type="partial gc" contextid="5971" timestamp="2019-08-11T06:21:58.768" />
  <attribute name="elasticGC enabled" value="1" />
  <attribute name= "numThreadsSpecified" value="16" />
  <attribute name="heapSize specified" value="0" />
  <attribute name="Current GC Util" value="104" />
  <attribute name= "Current Time Running" value="229946" />
  <attribute name ="GC Interval" value="0" />
  <attribute name="ProportionalT" value="12.000000" />
  <attribute name="ProportionalI" value="12.000000" />
  <attribute name="ProportionalH" value="12.000000" />
  <attribute name="Current Error" value="24.000000" />
  <attribute name="IntegralT" value="24.000000" />
  <attribute name="IntegralI" value="24.000000" />
  <attribute name="IntegralH" value="24.000000" />
  <attribute name="DerivativeT" value="12.000000" />
  <attribute name="DerivativeI" value="12.000000" />
  <attribute name="DerivativeH" value="12.000000" />
  <attribute name="Loop Time for DT" value="2.000000" />
  <attribute name="Output H" value="8388608"/>
  <attribute name="Output I" value="200"/>
  <attribute name="Output T" value="16"/>
  <attribute name="Target GC Util Change" value ="80.000000" />
  <attribute name="Current GC Util Change" value="104.000000"/>
  <attribute name="GC Util currently" value="104" />
  <attribute name="CPU Util currently" value="449609439310" />
<exclusive-end id="5980" timestamp="2019-08-11T06:21:58.769" durationms="19.142" />

<exclusive-start id="5981" timestamp="2019-08-11T06:21:58.899" intervalms="149.462">
  <response-info timems="1.425" idlems="1.425" threads="0" lastid="00000000020F8700" lastname="Thread-39" />
</exclusive-start>
<allocation-taxation id="5982" taxation-threshold="100663296" timestamp="2019-08-11T06:21:58.900" intervalms="149.434" />
<cycle-start id="5983" type="partial gc" contextid="0" timestamp="2019-08-11T06:21:58.900" intervalms="149.400" />
<gc-start id="5984" type="partial gc" contextid="5983" timestamp="2019-08-11T06:21:58.900">
  <mem-info id="5985" free="123731968" total="373293056" percent="33">
    <mem type="eden" free="0" total="100663296" percent="0" />
    <remembered-set count="8352" freebytes="14890112" totalbytes="14923520" percent="99" regionsoverflowed="0" regionsstable="11" regionsrebuilding="0"/>
  </mem-info>
</gc-start>
<allocation-stats totalBytes="100525480" >
  <allocated-bytes non-tlh="40976" tlh="100484504" arrayletleaf="0"/>
  <largest-consumer threadName="Thread-38" threadId="00000000020FFF00" bytes="13307736" />
</allocation-stats>
<gc-op id="5986" type="copy forward" timems="17.760" contextid="5983" timestamp="2019-08-11T06:21:58.920">
  <memory-copied type="eden" objects="10666" bytes="4143640" bytesdiscarded="723120" />
  <memory-copied type="other" objects="16" bytes="576" bytesdiscarded="0" />
  <memory-cardclean objects="3160" bytes="148728" />
  <regions eden="48" other="4" />
  <remembered-set-cleared processed="637" cleared="432" durationms="0.340" />
  <references type="weak" candidates="1" cleared="0" enqueued="0" />
  <references type="phantom" candidates="3" cleared="0" enqueued="0" />
  <stringconstants candidates="15966" cleared="0"  />
</gc-op>
<gc-op id="5987" type="classunload" timems="0.017" contextid="5983" timestamp="2019-08-11T06:21:58.920">
  <classunload-info classloadercandidates="68" classloadersunloaded="0" classesunloaded="0" anonymousclassesunloaded="0" quiescems="0.000" setupms="0.017" scanms="0.000" postms="0.000" />
</gc-op>
<heap-resize id="5988" type="expand" space="default" amount="10485760" count="1" timems="0.095" reason="excessive time being spent in gc" timestamp="2019-08-11T06:21:58.920" />
<gc-end id="5989" type="partial gc" contextid="5983" durationms="20.435" usertimems="40.657" systemtimems="24.139" timestamp="2019-08-11T06:21:58.920" activeThreads="16">
  <mem-info id="5990" free="230686720" total="383778816" percent="60">
    <mem type="eden" free="3521576" total="8388608" percent="41" />
    <remembered-set count="9824" freebytes="15303424" totalbytes="15342720" percent="99" regionsoverflowed="0" regionsstable="11" regionsrebuilding="0"/>
  </mem-info>
</gc-end>
<cycle-end id="5991" type="partial gc" contextid="5983" timestamp="2019-08-11T06:21:58.920" />
  <attribute name="elasticGC enabled" value="1" />
  <attribute name= "numThreadsSpecified" value="16" />
  <attribute name="heapSize specified" value="0" />
  <attribute name="Current GC Util" value="72" />
  <attribute name= "Current Time Running" value="230094" />
  <attribute name ="GC Interval" value="0" />
  <attribute name="ProportionalT" value="-4.000000" />
  <attribute name="ProportionalI" value="-4.000000" />
  <attribute name="ProportionalH" value="-4.000000" />
  <attribute name="Current Error" value="-8.000000" />
  <attribute name="IntegralT" value="-4.000000" />
  <attribute name="IntegralI" value="-4.000000" />
  <attribute name="IntegralH" value="-4.000000" />
  <attribute name="DerivativeT" value="-8.000000" />
  <attribute name="DerivativeI" value="-8.000000" />
  <attribute name="DerivativeH" value="-8.000000" />
  <attribute name="Loop Time for DT" value="1.000000" />
  <attribute name="Output H" value="4202627072"/>
  <attribute name="Output I" value="200"/>
  <attribute name="Output T" value="16"/>
  <attribute name="Target GC Util Change" value ="80.000000" />
  <attribute name="Current GC Util Change" value="72.000000"/>
  <attribute name="GC Util currently" value="72" />
  <attribute name="CPU Util currently" value="1203368979909" />
<exclusive-end id="5992" timestamp="2019-08-11T06:21:58.921" durationms="21.101" />

<exclusive-start id="5993" timestamp="2019-08-11T06:21:59.632" intervalms="732.734">
  <response-info timems="57.420" idlems="57.420" threads="0" lastid="00000000020ED300" lastname="Thread-43" />
</exclusive-start>
<allocation-taxation id="5994" taxation-threshold="102760448" timestamp="2019-08-11T06:21:59.632" intervalms="732.749" />
<cycle-start id="5995" type="partial gc" contextid="0" timestamp="2019-08-11T06:21:59.633" intervalms="733.502" />
<gc-start id="5996" type="partial gc" contextid="5995" timestamp="2019-08-11T06:21:59.636">
  <mem-info id="5997" free="127926272" total="383778816" percent="33">
    <mem type="eden" free="0" total="102760448" percent="0" />
    <remembered-set count="9568" freebytes="15304448" totalbytes="15342720" percent="99" regionsoverflowed="0" regionsstable="11" regionsrebuilding="0"/>
  </mem-info>
</gc-start>
<allocation-stats totalBytes="102490520" >
  <allocated-bytes non-tlh="8200" tlh="102482320" arrayletleaf="0"/>
  <largest-consumer threadName="Thread-51" threadId="00000000020F4B00" bytes="13842784" />
</allocation-stats>
<gc-op id="5998" type="copy forward" timems="82.088" contextid="5995" timestamp="2019-08-11T06:21:59.720">
  <memory-copied type="eden" objects="7822" bytes="3367896" bytesdiscarded="469736" />
  <memory-copied type="other" objects="29" bytes="1112" bytesdiscarded="0" />
  <memory-cardclean objects="3170" bytes="149432" />
  <regions eden="49" other="5" />
  <remembered-set-cleared processed="668" cleared="463" durationms="3.956" />
  <references type="phantom" candidates="9" cleared="0" enqueued="0" />
  <stringconstants candidates="15966" cleared="0"  />
</gc-op>
<gc-op id="5999" type="classunload" timems="0.012" contextid="5995" timestamp="2019-08-11T06:21:59.720">
  <classunload-info classloadercandidates="68" classloadersunloaded="0" classesunloaded="0" anonymousclassesunloaded="0" quiescems="0.000" setupms="0.011" scanms="0.000" postms="0.000" />
</gc-op>
<gc-end id="6000" type="partial gc" contextid="5995" durationms="84.355" usertimems="100.740" systemtimems="78.551" timestamp="2019-08-11T06:21:59.720" activeThreads="16">
  <mem-info id="6001" free="232783872" total="383778816" percent="60">
    <mem type="eden" free="356344" total="4194304" percent="8" />
    <remembered-set count="6240" freebytes="15317760" totalbytes="15342720" percent="99" regionsoverflowed="0" regionsstable="11" regionsrebuilding="0"/>
  </mem-info>
</gc-end>
<cycle-end id="6002" type="partial gc" contextid="5995" timestamp="2019-08-11T06:21:59.721" />
  <attribute name="elasticGC enabled" value="1" />
  <attribute name= "numThreadsSpecified" value="16" />
  <attribute name="heapSize specified" value="0" />
  <attribute name="Current GC Util" value="67" />
  <attribute name= "Current Time Running" value="230830" />
  <attribute name ="GC Interval" value="0" />
  <attribute name="ProportionalT" value="-6.500000" />
  <attribute name="ProportionalI" value="-6.500000" />
  <attribute name="ProportionalH" value="-6.500000" />
  <attribute name="Current Error" value="-13.000000" />
  <attribute name="IntegralT" value="-6.500000" />
  <attribute name="IntegralI" value="-6.500000" />
  <attribute name="IntegralH" value="-6.500000" />
  <attribute name="DerivativeT" value="-13.000000" />
  <attribute name="DerivativeI" value="-13.000000" />
  <attribute name="DerivativeH" value="-13.000000" />
  <attribute name="Loop Time for DT" value="1.000000" />
  <attribute name="Output H" value="4202627072"/>
  <attribute name="Output I" value="200"/>
  <attribute name="Output T" value="16"/>
  <attribute name="Target GC Util Change" value ="80.000000" />
  <attribute name="Current GC Util Change" value="67.000000"/>
  <attribute name="GC Util currently" value="67" />
  <attribute name="CPU Util currently" value="798074346563" />
<exclusive-end id="6003" timestamp="2019-08-11T06:21:59.722" durationms="89.400" />

<exclusive-start id="6004" timestamp="2019-08-11T06:22:00.054" intervalms="421.917">
  <response-info timems="99.375" idlems="63.122" threads="1" lastid="00000000020FFF00" lastname="Thread-38" />
</exclusive-start>
<allocation-taxation id="6005" taxation-threshold="102760448" timestamp="2019-08-11T06:22:00.054" intervalms="421.907" />
<cycle-start id="6006" type="partial gc" contextid="0" timestamp="2019-08-11T06:22:00.062" intervalms="429.133" />
<gc-start id="6007" type="partial gc" contextid="6006" timestamp="2019-08-11T06:22:00.062">
  <mem-info id="6008" free="130023424" total="383778816" percent="33">
    <mem type="eden" free="0" total="102760448" percent="0" />
    <remembered-set count="5824" freebytes="15319424" totalbytes="15342720" percent="99" regionsoverflowed="0" regionsstable="11" regionsrebuilding="0"/>
  </mem-info>
</gc-start>
<allocation-stats totalBytes="102559432" >
  <allocated-bytes non-tlh="16400" tlh="102543032" arrayletleaf="0"/>
  <largest-consumer threadName="Thread-41" threadId="0000000002129200" bytes="11990344" />
</allocation-stats>
<gc-op id="6009" type="copy forward" timems="121.784" contextid="6006" timestamp="2019-08-11T06:22:00.243">
  <memory-copied type="eden" objects="9345" bytes="3729224" bytesdiscarded="602120" />
  <memory-copied type="other" objects="30" bytes="1216" bytesdiscarded="0" />
  <memory-cardclean objects="3152" bytes="148720" />
  <regions eden="49" other="3" />
  <remembered-set-cleared processed="605" cleared="400" durationms="0.260" />
  <references type="phantom" candidates="3" cleared="0" enqueued="0" />
  <stringconstants candidates="15966" cleared="0"  />
</gc-op>
<gc-op id="6010" type="classunload" timems="0.021" contextid="6006" timestamp="2019-08-11T06:22:00.243">
  <classunload-info classloadercandidates="68" classloadersunloaded="0" classesunloaded="0" anonymousclassesunloaded="0" quiescems="0.000" setupms="0.020" scanms="0.000" postms="0.000" />
</gc-op>
<gc-end id="6011" type="partial gc" contextid="6006" durationms="180.528" usertimems="152.608" systemtimems="176.532" timestamp="2019-08-11T06:22:00.243" activeThreads="16">
  <mem-info id="6012" free="228589568" total="383778816" percent="59">
    <mem type="eden" free="1959840" total="6291456" percent="31" />
    <remembered-set count="7264" freebytes="15313664" totalbytes="15342720" percent="99" regionsoverflowed="0" regionsstable="11" regionsrebuilding="0"/>
  </mem-info>
</gc-end>
<cycle-end id="6013" type="partial gc" contextid="6006" timestamp="2019-08-11T06:22:00.243" />
  <attribute name="elasticGC enabled" value="1" />
  <attribute name= "numThreadsSpecified" value="16" />
  <attribute name="heapSize specified" value="0" />
  <attribute name="Current GC Util" value="57" />
  <attribute name= "Current Time Running" value="231313" />
  <attribute name ="GC Interval" value="0" />
  <attribute name="ProportionalT" value="-11.500000" />
  <attribute name="ProportionalI" value="-11.500000" />
  <attribute name="ProportionalH" value="-11.500000" />
  <attribute name="Current Error" value="-23.000000" />
  <attribute name="IntegralT" value="-667.000000" />
  <attribute name="IntegralI" value="-667.000000" />
  <attribute name="IntegralH" value="-667.000000" />
  <attribute name="DerivativeT" value="-0.396552" />
  <attribute name="DerivativeI" value="-0.396552" />
  <attribute name="DerivativeH" value="-0.396552" />
  <attribute name="Loop Time for DT" value="58.000000" />
  <attribute name="Output H" value="4202627072"/>
  <attribute name="Output I" value="200"/>
  <attribute name="Output T" value="16"/>
  <attribute name="Target GC Util Change" value ="80.000000" />
  <attribute name="Current GC Util Change" value="57.000000"/>
  <attribute name="GC Util currently" value="57" />
  <attribute name="CPU Util currently" value="19931136347" />
<exclusive-end id="6014" timestamp="2019-08-11T06:22:00.244" durationms="189.968" />

<exclusive-start id="6015" timestamp="2019-08-11T06:22:00.802" intervalms="748.344">
  <response-info timems="1.528" idlems="0.806" threads="1" lastid="00000000020FC300" lastname="Thread-37" />
</exclusive-start>
<allocation-taxation id="6016" taxation-threshold="102760448" timestamp="2019-08-11T06:22:00.803" intervalms="748.341" />
<cycle-start id="6017" type="partial gc" contextid="0" timestamp="2019-08-11T06:22:00.803" intervalms="740.796" />
<gc-start id="6018" type="partial gc" contextid="6017" timestamp="2019-08-11T06:22:00.803">
  <mem-info id="6019" free="125829120" total="383778816" percent="32">
    <mem type="eden" free="0" total="102760448" percent="0" />
    <remembered-set count="6976" freebytes="15314816" totalbytes="15342720" percent="99" regionsoverflowed="0" regionsstable="11" regionsrebuilding="0"/>
  </mem-info>
</gc-start>
<allocation-stats totalBytes="102509648" >
  <allocated-bytes non-tlh="16392" tlh="102493256" arrayletleaf="0"/>
  <largest-consumer threadName="Thread-39" threadId="00000000020F8700" bytes="9600384" />
</allocation-stats>
<gc-op id="6020" type="copy forward" timems="20.335" contextid="6017" timestamp="2019-08-11T06:22:00.825">
  <memory-copied type="eden" objects="9814" bytes="3900328" bytesdiscarded="736384" />
  <memory-copied type="other" objects="29" bytes="1384" bytesdiscarded="0" />
  <memory-cardclean objects="3155" bytes="148248" />
  <regions eden="49" other="4" />
  <remembered-set-cleared processed="625" cleared="420" durationms="0.473" />
  <references type="phantom" candidates="3" cleared="0" enqueued="0" />
  <stringconstants candidates="15966" cleared="0"  />
</gc-op>
<gc-op id="6021" type="classunload" timems="0.013" contextid="6017" timestamp="2019-08-11T06:22:00.825">
  <classunload-info classloadercandidates="68" classloadersunloaded="0" classesunloaded="0" anonymousclassesunloaded="0" quiescems="0.000" setupms="0.013" scanms="0.000" postms="0.000" />
</gc-op>
<heap-resize id="6022" type="expand" space="default" amount="10485760" count="1" timems="0.070" reason="excessive time being spent in gc" timestamp="2019-08-11T06:22:00.825" />
<gc-end id="6023" type="partial gc" contextid="6017" durationms="21.806" usertimems="24.226" systemtimems="17.129" timestamp="2019-08-11T06:22:00.825" activeThreads="16">
  <mem-info id="6024" free="236978176" total="394264576" percent="60">
    <mem type="eden" free="1654464" total="6291456" percent="26" />
    <remembered-set count="8288" freebytes="15728768" totalbytes="15761920" percent="99" regionsoverflowed="0" regionsstable="11" regionsrebuilding="0"/>
  </mem-info>
</gc-end>
<cycle-end id="6025" type="partial gc" contextid="6017" timestamp="2019-08-11T06:22:00.825" />
  <attribute name="elasticGC enabled" value="1" />
  <attribute name= "numThreadsSpecified" value="16" />
  <attribute name="heapSize specified" value="0" />
  <attribute name="Current GC Util" value="109" />
  <attribute name= "Current Time Running" value="231997" />
  <attribute name ="GC Interval" value="0" />
  <attribute name="ProportionalT" value="14.500000" />
  <attribute name="ProportionalI" value="14.500000" />
  <attribute name="ProportionalH" value="14.500000" />
  <attribute name="Current Error" value="29.000000" />
  <attribute name="IntegralT" value="14.500000" />
  <attribute name="IntegralI" value="14.500000" />
  <attribute name="IntegralH" value="14.500000" />
  <attribute name="DerivativeT" value="29.000000" />
  <attribute name="DerivativeI" value="29.000000" />
  <attribute name="DerivativeH" value="29.000000" />
  <attribute name="Loop Time for DT" value="1.000000" />
  <attribute name="Output H" value="8388608"/>
  <attribute name="Output I" value="200"/>
  <attribute name="Output T" value="16"/>
  <attribute name="Target GC Util Change" value ="80.000000" />
  <attribute name="Current GC Util Change" value="109.000000"/>
  <attribute name="GC Util currently" value="109" />
  <attribute name="CPU Util currently" value="1814832495456" />
<exclusive-end id="6026" timestamp="2019-08-11T06:22:00.825" durationms="22.993" />

<exclusive-start id="6027" timestamp="2019-08-11T06:22:01.322" intervalms="519.450">
  <response-info timems="1.433" idlems="0.797" threads="4" lastid="00000000020FC300" lastname="Thread-37" />
</exclusive-start>
<allocation-taxation id="6028" taxation-threshold="104857600" timestamp="2019-08-11T06:22:01.322" intervalms="519.434" />
<cycle-start id="6029" type="partial gc" contextid="0" timestamp="2019-08-11T06:22:01.322" intervalms="519.024" />
<gc-start id="6030" type="partial gc" contextid="6029" timestamp="2019-08-11T06:22:01.322">
  <mem-info id="6031" free="132120576" total="394264576" percent="33">
    <mem type="eden" free="0" total="104857600" percent="0" />
    <remembered-set count="8000" freebytes="15729920" totalbytes="15761920" percent="99" regionsoverflowed="0" regionsstable="11" regionsrebuilding="0"/>
  </mem-info>
</gc-start>
<allocation-stats totalBytes="104728192" >
  <allocated-bytes non-tlh="49168" tlh="104679024" arrayletleaf="0"/>
  <largest-consumer threadName="Thread-38" threadId="00000000020FFF00" bytes="13121816" />
</allocation-stats>
<gc-op id="6032" type="copy forward" timems="19.661" contextid="6029" timestamp="2019-08-11T06:22:01.343">
  <memory-copied type="eden" objects="10305" bytes="4140160" bytesdiscarded="829032" />
  <memory-copied type="other" objects="35" bytes="1976" bytesdiscarded="0" />
  <memory-cardclean objects="3147" bytes="148216" />
  <regions eden="50" other="4" />
  <remembered-set-cleared processed="651" cleared="446" durationms="0.461" />
  <references type="phantom" candidates="2" cleared="0" enqueued="0" />
  <stringconstants candidates="15966" cleared="0"  />
</gc-op>
<gc-op id="6033" type="classunload" timems="0.015" contextid="6029" timestamp="2019-08-11T06:22:01.343">
  <classunload-info classloadercandidates="68" classloadersunloaded="0" classesunloaded="0" anonymousclassesunloaded="0" quiescems="0.000" setupms="0.013" scanms="0.000" postms="0.000" />
</gc-op>
<heap-resize id="6034" type="expand" space="default" amount="4194304" count="1" timems="0.057" reason="excessive time being spent in gc" timestamp="2019-08-11T06:22:01.343" />
<gc-end id="6035" type="partial gc" contextid="6029" durationms="20.939" usertimems="33.783" systemtimems="18.893" timestamp="2019-08-11T06:22:01.343" activeThreads="16">
  <mem-info id="6036" free="239075328" total="398458880" percent="60">
    <mem type="eden" free="1321984" total="6291456" percent="21" />
    <remembered-set count="8800" freebytes="15894400" totalbytes="15929600" percent="99" regionsoverflowed="0" regionsstable="11" regionsrebuilding="0"/>
  </mem-info>
</gc-end>
<cycle-end id="6037" type="partial gc" contextid="6029" timestamp="2019-08-11T06:22:01.343" />
  <attribute name="elasticGC enabled" value="1" />
  <attribute name= "numThreadsSpecified" value="16" />
  <attribute name="heapSize specified" value="0" />
  <attribute name="Current GC Util" value="124" />
  <attribute name= "Current Time Running" value="232516" />
  <attribute name ="GC Interval" value="0" />
  <attribute name="ProportionalT" value="22.000000" />
  <attribute name="ProportionalI" value="22.000000" />
