
<?xml version="1.0" ?>

<verbosegc xmlns="http://www.ibm.com/j9/verbosegc" version="10b4217_CMPRSS">

<gc check installed>
<initialized id="1" timestamp="2019-08-11T05:36:58.052">
  <attribute name="gcPolicy" value="-Xgcpolicy:balanced" />
  <attribute name="elasticGC enabled" value="1" />
  <attribute name= "numThreadsSpecified" value="0" />
  <attribute name="heapSize specified" value="0" />
  <attribute name="Current GC Util" value="0" />
  <attribute name= "Current Time Running" value="0" />
  <attribute name ="GC Interval" value="0" />
  <attribute name="ProportionalT" value="0.000000" />
  <attribute name="ProportionalI" value="0.000000" />
  <attribute name="ProportionalH" value="0.000000" />
  <attribute name="IntegralT" value="0.000000" />
  <attribute name="IntegralI" value="0.000000" />
  <attribute name="IntegralH" value="0.000000" />
  <attribute name="DerivativeT" value="0.000000" />
  <attribute name="DerivativeI" value="0.000000" />
  <attribute name="DerivativeH" value="0.000000" />
  <attribute name="Target GC Util Change" value ="0.000000" />
  <attribute name="Current GC Util Change" value="0.000000"/>
  <attribute name="Current Error" value="0.000000" />
  <attribute name="Loop Time for DT" value="0.000000" />
  <attribute name="Output H" value="0"/>
  <attribute name="Output I" value="0"/>
  <attribute name="Output T" value="0"/>
  <attribute name="GC Util currently" value="0" />
  <attribute name="CPU Util currently" value="0" />
  <attribute name="maxHeapSize" value="0xfa800000" />
  <attribute name="initialHeapSize" value="0x800000" />
  <attribute name="compressedRefs" value="true" />
  <attribute name="compressedRefsDisplacement" value="0x0" />
  <attribute name="compressedRefsShift" value="0x3" />
  <attribute name="pageSize" value="0x1000" />
  <attribute name="pageType" value="not used" />
  <attribute name="requestedPageSize" value="0x1000" />
  <attribute name="requestedPageType" value="not used" />
  <attribute name="gcthreads" value="16" />
  <attribute name="packetListSplit" value="16" />
  <attribute name="cacheListSplit" value="16" />
  <attribute name="splitFreeListSplitAmount" value="2" />
  <attribute name="numaNodes" value="0" />
  <region>
    <attribute name="regionSize" value="2097152" />
    <attribute name="regionCount" value="2004" />
    <attribute name="arrayletLeafSize" value="2097152" />
  </region>
  <system>
    <attribute name="physicalMemory" value="16815001600" />
    <attribute name="numCPUs" value="16" />
    <attribute name="architecture" value="amd64" />
    <attribute name="os" value="Linux" />
    <attribute name="osVersion" value="4.15.0" />
  </system>
  <vmargs>
    <vmarg name="-Xoptionsfile=/jdk/lib/options.default" />
    <vmarg name="-Xlockword:mode=default,noLockword=java/lang/String,noLockword=java/util/MapEntry,noLockword=java/util/HashMap$Entry,noLockword..." />
    <vmarg name="-Xjcl:jclse29" />
    <vmarg name="-Dcom.ibm.oti.vm.bootstrap.library.path=/jdk/lib/compressedrefs:/jdk/lib" />
    <vmarg name="-Dsun.boot.library.path=/jdk/lib/compressedrefs:/jdk/lib" />
    <vmarg name="-Djava.library.path=/jdk/lib/compressedrefs:/jdk/lib:/usr/lib64:/usr/lib" />
    <vmarg name="-Djava.home=/jdk" />
    <vmarg name="-Duser.dir=/" />
    <vmarg name="-Xgcelastic" />
    <vmarg name="-Xcheck:gc:::elasticGC" />
    <vmarg name="-Xgcpolicy:balanced" />
    <vmarg name="-verbose:gc" />
    <vmarg name="-Djava.class.path=dacapo-9.12-MR1-bach.jar" />
    <vmarg name="-Dsun.java.command=dacapo-9.12-MR1-bach.jar avrora jython pmd sunflow xalan --size=large" />
    <vmarg name="-Dsun.java.launcher=SUN_STANDARD" />
    <vmarg name="-Dsun.java.launcher.pid=1" />
  </vmargs>
</initialized>

<exclusive-start id="2" timestamp="2019-08-11T05:36:58.305" intervalms="253.177">
  <response-info timems="0.040" idlems="0.040" threads="0" lastid="000000000239EF00" lastname="main" />
</exclusive-start>
<sys-start reason="explicit" id="3" timestamp="2019-08-11T05:36:58.305" intervalms="253.225" />
<cycle-start id="4" type="global garbage collect" contextid="0" timestamp="2019-08-11T05:36:58.305" intervalms="253.302" />
<gc-start id="5" type="global garbage collect" contextid="4" timestamp="2019-08-11T05:36:58.305">
  <mem-info id="6" free="2318184" total="8388608" percent="27">
    <mem type="eden" free="221032" total="6291456" percent="3" />
    <remembered-set count="0" freebytes="335360" totalbytes="335360" percent="100" regionsoverflowed="0" regionsstable="0" regionsrebuilding="0"/>
  </mem-info>
</gc-start>
<allocation-stats totalBytes="6061040" >
  <allocated-bytes non-tlh="471848" tlh="5589192" arrayletleaf="0"/>
  <largest-consumer threadName="main" threadId="000000000239EF00" bytes="5976520" />
</allocation-stats>
<gc-op id="7" type="global mark" timems="3.480" contextid="4" timestamp="2019-08-11T05:36:58.309">
  <trace-info objectcount="17980" scancount="14220" scanbytes="467692" />
  <finalization candidates="14" enqueued="1" />
  <references type="soft" candidates="66" cleared="0" enqueued="0" dynamicThreshold="32" maxThreshold="32" />
  <references type="weak" candidates="553" cleared="411" enqueued="372" />
  <references type="phantom" candidates="99" cleared="41" enqueued="41" />
  <stringconstants candidates="2455" cleared="0"  />
</gc-op>
<gc-op id="8" type="classunload" timems="0.002" contextid="4" timestamp="2019-08-11T05:36:58.309">
  <classunload-info classloadercandidates="6" classloadersunloaded="0" classesunloaded="0" anonymousclassesunloaded="0" quiescems="0.000" setupms="0.002" scanms="0.000" postms="0.000" />
</gc-op>
<gc-op id="9" type="sweep" timems="0.792" contextid="4" timestamp="2019-08-11T05:36:58.310" />
<gc-op id="10" type="compact" timems="4.314" contextid="4" timestamp="2019-08-11T05:36:58.314">
  <compact-info movecount="17980" movebytes="1028856" />
  <remembered-set-cleared processed="281" cleared="281" durationms="0.055" />
</gc-op>
<gc-end id="11" type="global garbage collect" contextid="4" durationms="9.371" usertimems="14.230" systemtimems="2.195" timestamp="2019-08-11T05:36:58.314" activeThreads="16">
  <mem-info id="12" free="6291456" total="8388608" percent="75">
    <pending-finalizers system="1" default="0" reference="413" classloader="0" />
    <remembered-set count="0" freebytes="335360" totalbytes="335360" percent="100" regionsoverflowed="0" regionsstable="0" regionsrebuilding="0"/>
  </mem-info>
</gc-end>
<cycle-end id="13" type="global garbage collect" contextid="4" timestamp="2019-08-11T05:36:58.314" />
  <attribute name="elasticGC enabled" value="1" />
  <attribute name= "numThreadsSpecified" value="16" />
  <attribute name="heapSize specified" value="0" />
  <attribute name="Current GC Util" value="89" />
  <attribute name= "Current Time Running" value="195" />
  <attribute name ="GC Interval" value="0" />
  <attribute name="ProportionalT" value="4.500000" />
  <attribute name="ProportionalI" value="4.500000" />
  <attribute name="ProportionalH" value="4.500000" />
  <attribute name="Current Error" value="9.000000" />
  <attribute name="IntegralT" value="-7321.500000" />
  <attribute name="IntegralI" value="-7321.500000" />
  <attribute name="IntegralH" value="-7321.500000" />
  <attribute name="DerivativeT" value="-128.000000" />
  <attribute name="DerivativeI" value="-128.000000" />
  <attribute name="DerivativeH" value="-128.000000" />
  <attribute name="Loop Time for DT" value="1.000000" />
  <attribute name="Output H" value="4202627072"/>
  <attribute name="Output I" value="200"/>
  <attribute name="Output T" value="16"/>
  <attribute name="Target GC Util Change" value ="80.000000" />
  <attribute name="Current GC Util Change" value="89.000000"/>
  <attribute name="GC Util currently" value="89" />
  <attribute name="CPU Util currently" value="1206257380904" />
<sys-end id="14" timestamp="2019-08-11T05:36:58.315" />
<exclusive-end id="15" timestamp="2019-08-11T05:36:58.315" durationms="9.837" />

===== DaCapo 9.12-MR1 avrora starting =====
<exclusive-start id="16" timestamp="2019-08-11T05:36:58.534" intervalms="229.607">
  <response-info timems="3.475" idlems="1.874" threads="1" lastid="00000000023A6700" lastname="JIT Compilation Thread-1" />
</exclusive-start>
<allocation-taxation id="17" taxation-threshold="6291456" timestamp="2019-08-11T05:36:58.534" intervalms="482.832" />
<cycle-start id="18" type="partial gc" contextid="0" timestamp="2019-08-11T05:36:58.534" intervalms="482.932" />
<gc-start id="19" type="partial gc" contextid="18" timestamp="2019-08-11T05:36:58.535">
  <mem-info id="20" free="0" total="8388608" percent="0">
    <mem type="eden" free="0" total="6291456" percent="0" />
    <remembered-set count="0" freebytes="335360" totalbytes="335360" percent="100" regionsoverflowed="0" regionsstable="0" regionsrebuilding="0"/>
  </mem-info>
</gc-start>
<allocation-stats totalBytes="6270576" >
  <allocated-bytes non-tlh="252944" tlh="6017632" arrayletleaf="0"/>
  <largest-consumer threadName="main" threadId="000000000239EF00" bytes="6254504" />
</allocation-stats>
<gc-op id="21" type="mark" timems="4.460" contextid="18" timestamp="2019-08-11T05:36:58.540">
  <trace-info objectcount="76643" scancount="73346" scanbytes="2183640" />
  <cardclean-info objects="1142" bytes="39308" />
  <remembered-set-cleared processed="0" cleared="0" durationms="0.053" />
  <references type="weak" candidates="41" cleared="40" enqueued="40" />
  <references type="phantom" candidates="13" cleared="11" enqueued="11" />
  <stringconstants candidates="3257" cleared="0"  />
  <warning details="Mark invoked due to insufficient free space for Copy-Forward" />
</gc-op>
<gc-op id="22" type="classunload" timems="0.001" contextid="18" timestamp="2019-08-11T05:36:58.540">
  <classunload-info classloadercandidates="6" classloadersunloaded="0" classesunloaded="0" anonymousclassesunloaded="0" quiescems="0.000" setupms="0.001" scanms="0.000" postms="0.000" />
</gc-op>
<gc-op id="23" type="sweep" timems="3.305" contextid="18" timestamp="2019-08-11T05:36:58.543" />
<gc-op id="24" type="compact" timems="16.229" contextid="18" timestamp="2019-08-11T05:36:58.560">
  <compact-info movecount="76643" movebytes="2558144" />
  <remembered-set-cleared processed="595" cleared="595" durationms="0.079" />
</gc-op>
<heap-resize id="25" type="expand" space="default" amount="4194304" count="1" timems="0.074" reason="insufficient free space following gc" timestamp="2019-08-11T05:36:58.560" />
<gc-end id="26" type="partial gc" contextid="18" durationms="25.307" usertimems="36.330" systemtimems="6.501" timestamp="2019-08-11T05:36:58.560" activeThreads="16">
  <mem-info id="27" free="6291456" total="12582912" percent="50">
    <mem type="eden" free="1636128" total="4194304" percent="39" />
    <pending-finalizers system="0" default="0" reference="51" classloader="0" />
    <remembered-set count="2560" freebytes="492800" totalbytes="503040" percent="97" regionsoverflowed="0" regionsstable="0" regionsrebuilding="0"/>
  </mem-info>
</gc-end>
<cycle-end id="28" type="partial gc" contextid="18" timestamp="2019-08-11T05:36:58.560" />
  <attribute name="elasticGC enabled" value="1" />
  <attribute name= "numThreadsSpecified" value="16" />
  <attribute name="heapSize specified" value="0" />
  <attribute name="Current GC Util" value="187" />
  <attribute name= "Current Time Running" value="429" />
  <attribute name ="GC Interval" value="0" />
  <attribute name="ProportionalT" value="53.500000" />
  <attribute name="ProportionalI" value="53.500000" />
  <attribute name="ProportionalH" value="53.500000" />
  <attribute name="Current Error" value="107.000000" />
  <attribute name="IntegralT" value="214.000000" />
  <attribute name="IntegralI" value="214.000000" />
  <attribute name="IntegralH" value="214.000000" />
  <attribute name="DerivativeT" value="26.750000" />
  <attribute name="DerivativeI" value="26.750000" />
  <attribute name="DerivativeH" value="26.750000" />
  <attribute name="Loop Time for DT" value="4.000000" />
  <attribute name="Output H" value="8388608"/>
  <attribute name="Output I" value="296"/>
  <attribute name="Output T" value="16"/>
  <attribute name="Target GC Util Change" value ="80.000000" />
  <attribute name="Current GC Util Change" value="187.000000"/>
  <attribute name="GC Util currently" value="187" />
  <attribute name="CPU Util currently" value="332511612624" />
<exclusive-end id="29" timestamp="2019-08-11T05:36:58.560" durationms="26.101" />

<exclusive-start id="30" timestamp="2019-08-11T05:36:58.751" intervalms="216.574">
  <response-info timems="0.110" idlems="0.110" threads="0" lastid="000000000239EF00" lastname="main" />
</exclusive-start>
<allocation-taxation id="31" taxation-threshold="2097152" timestamp="2019-08-11T05:36:58.751" intervalms="216.579" />
<cycle-start id="32" type="global mark phase" contextid="0" timestamp="2019-08-11T05:36:58.751" intervalms="699.522" />
<gc-start id="33" type="global mark phase" contextid="32" timestamp="2019-08-11T05:36:58.751">
  <mem-info id="34" free="4194304" total="12582912" percent="33">
    <remembered-set count="2560" freebytes="492800" totalbytes="503040" percent="97" regionsoverflowed="0" regionsstable="0" regionsrebuilding="0"/>
  </mem-info>
</gc-start>
<gc-op id="35" type="mark increment" timems="2.025" contextid="32" timestamp="2019-08-11T05:36:58.753">
  <trace-info objectcount="140" scancount="0" scanbytes="0" />
</gc-op>
<gc-end id="36" type="global mark phase" contextid="32" durationms="2.058" usertimems="1.134" systemtimems="2.211" timestamp="2019-08-11T05:36:58.753" activeThreads="16">
  <mem-info id="37" free="4194304" total="12582912" percent="33">
    <remembered-set count="2560" freebytes="492800" totalbytes="503040" percent="97" regionsoverflowed="0" regionsstable="0" regionsrebuilding="0"/>
  </mem-info>
</gc-end>
<concurrent-start id="38" type="GMP work packet processing" contextid="32" timestamp="2019-08-11T05:36:58.753">
  <concurrent-mark-start scanTarget="18446744073709551615" />
</concurrent-start>
<exclusive-end id="39" timestamp="2019-08-11T05:36:58.753" durationms="2.334" />

<concurrent-end id="40" type="GMP work packet processing" contextid="32" timestamp="2019-08-11T05:36:58.758">
  <concurrent-mark-end bytesScanned="2775156" reasonForTermination="Completed all work in GC phase" />
</concurrent-end>

<exclusive-start id="41" timestamp="2019-08-11T05:36:58.812" intervalms="61.231">
  <response-info timems="0.017" idlems="0.017" threads="0" lastid="000000000239EF00" lastname="main" />
</exclusive-start>
<allocation-taxation id="42" taxation-threshold="2097152" timestamp="2019-08-11T05:36:58.812" intervalms="61.227" />
<cycle-start id="43" type="partial gc" contextid="0" timestamp="2019-08-11T05:36:58.812" intervalms="277.738" />
<gc-start id="44" type="partial gc" contextid="43" timestamp="2019-08-11T05:36:58.812">
  <mem-info id="45" free="2097152" total="12582912" percent="16">
    <mem type="eden" free="0" total="4194304" percent="0" />
    <remembered-set count="2560" freebytes="492800" totalbytes="503040" percent="97" regionsoverflowed="0" regionsstable="0" regionsrebuilding="0"/>
  </mem-info>
</gc-start>
<allocation-stats totalBytes="4167328" >
  <allocated-bytes non-tlh="99992" tlh="4067336" arrayletleaf="0"/>
  <largest-consumer threadName="main" threadId="000000000239EF00" bytes="2073784" />
</allocation-stats>
<gc-op id="46" type="copy forward" timems="18.888" contextid="43" timestamp="2019-08-11T05:36:58.832">
  <memory-copied type="eden" objects="28102" bytes="1790016" bytesdiscarded="240304" />
  <memory-copied type="other" objects="76440" bytes="2539160" bytesdiscarded="228336" />
  <memory-cardclean objects="110" bytes="6200" />
  <regions eden="2" other="2" />
  <remembered-set-cleared processed="238" cleared="238" durationms="0.073" />
  <references type="weak" candidates="3" cleared="0" enqueued="0" />
  <references type="phantom" candidates="2" cleared="0" enqueued="0" />
  <stringconstants candidates="3823" cleared="0"  />
  <heap-resize type="expand" space="default" amount="4194304" count="2" timems="0.283" reason="continue current collection" />
</gc-op>
<gc-op id="47" type="classunload" timems="0.002" contextid="43" timestamp="2019-08-11T05:36:58.832">
  <classunload-info classloadercandidates="6" classloadersunloaded="0" classesunloaded="0" anonymousclassesunloaded="0" quiescems="0.000" setupms="0.001" scanms="0.000" postms="0.000" />
</gc-op>
<gc-op id="48" type="compact" timems="3.373" contextid="43" timestamp="2019-08-11T05:36:58.835">
  <compact-info movecount="0" movebytes="0" />
  <remembered-set-cleared processed="1505" cleared="238" durationms="0.186" />
</gc-op>
<heap-resize id="49" type="expand" space="default" amount="2097152" count="1" timems="0.055" reason="insufficient free space following gc" timestamp="2019-08-11T05:36:58.836" />
<gc-end id="50" type="partial gc" contextid="43" durationms="23.382" usertimems="40.606" systemtimems="17.784" timestamp="2019-08-11T05:36:58.836" activeThreads="16">
  <mem-info id="51" free="10485760" total="18874368" percent="55">
    <mem type="eden" free="66568" total="2097152" percent="3" />
    <remembered-set count="2560" freebytes="744320" totalbytes="754560" percent="98" regionsoverflowed="0" regionsstable="0" regionsrebuilding="0"/>
  </mem-info>
</gc-end>
<cycle-end id="52" type="partial gc" contextid="43" timestamp="2019-08-11T05:36:58.836" />
  <attribute name="elasticGC enabled" value="1" />
  <attribute name= "numThreadsSpecified" value="16" />
  <attribute name="heapSize specified" value="0" />
  <attribute name="Current GC Util" value="222" />
  <attribute name= "Current Time Running" value="717" />
  <attribute name ="GC Interval" value="0" />
  <attribute name="ProportionalT" value="71.000000" />
  <attribute name="ProportionalI" value="71.000000" />
  <attribute name="ProportionalH" value="71.000000" />
  <attribute name="Current Error" value="142.000000" />
  <attribute name="IntegralT" value="1349.000000" />
  <attribute name="IntegralI" value="1349.000000" />
  <attribute name="IntegralH" value="1349.000000" />
  <attribute name="DerivativeT" value="4.526316" />
  <attribute name="DerivativeI" value="4.526316" />
  <attribute name="DerivativeH" value="4.526316" />
  <attribute name="Loop Time for DT" value="19.000000" />
  <attribute name="Output H" value="8388608"/>
  <attribute name="Output I" value="1424"/>
  <attribute name="Output T" value="16"/>
  <attribute name="Target GC Util Change" value ="80.000000" />
  <attribute name="Current GC Util Change" value="222.000000"/>
  <attribute name="GC Util currently" value="222" />
  <attribute name="CPU Util currently" value="1" />
<exclusive-end id="53" timestamp="2019-08-11T05:36:58.836" durationms="23.793" />

<exclusive-start id="54" timestamp="2019-08-11T05:37:02.295" intervalms="3483.122">
  <response-info timems="0.964" idlems="0.498" threads="1" lastid="00000000026BDE00" lastname="node-1" />
</exclusive-start>
<allocation-taxation id="55" taxation-threshold="4194304" timestamp="2019-08-11T05:37:02.295" intervalms="3483.139" />
<gc-start id="56" type="global mark phase" contextid="32" timestamp="2019-08-11T05:37:02.296">
  <mem-info id="57" free="6291456" total="18874368" percent="33">
    <remembered-set count="2560" freebytes="744320" totalbytes="754560" percent="98" regionsoverflowed="0" regionsstable="0" regionsrebuilding="0"/>
  </mem-info>
</gc-start>
<gc-op id="58" type="mark increment" timems="9.538" contextid="32" timestamp="2019-08-11T05:37:02.306">
  <trace-info objectcount="56607" scancount="53878" scanbytes="2765424" />
  <cardclean-info objects="3625" bytes="128064" />
  <finalization candidates="13" enqueued="0" />
  <references type="soft" candidates="66" cleared="0" enqueued="0" dynamicThreshold="17" maxThreshold="32" />
  <references type="weak" candidates="147" cleared="4" enqueued="4" />
  <references type="phantom" candidates="59" cleared="2" enqueued="2" />
  <stringconstants candidates="3837" cleared="0"  />
</gc-op>
<gc-op id="59" type="classunload" timems="0.002" contextid="32" timestamp="2019-08-11T05:37:02.306">
  <classunload-info classloadercandidates="6" classloadersunloaded="0" classesunloaded="0" anonymousclassesunloaded="0" quiescems="0.000" setupms="0.002" scanms="0.000" postms="0.000" />
</gc-op>
<gc-end id="60" type="global mark phase" contextid="32" durationms="9.931" usertimems="11.393" systemtimems="6.932" timestamp="2019-08-11T05:37:02.306" activeThreads="16">
  <mem-info id="61" free="6291456" total="18874368" percent="33">
    <pending-finalizers system="0" default="0" reference="6" classloader="0" />
    <remembered-set count="2560" freebytes="744320" totalbytes="754560" percent="98" regionsoverflowed="0" regionsstable="0" regionsrebuilding="0"/>
  </mem-info>
</gc-end>
<cycle-end id="62" type="global mark phase" contextid="32" timestamp="2019-08-11T05:37:02.306" />
  <attribute name="elasticGC enabled" value="1" />
  <attribute name= "numThreadsSpecified" value="16" />
  <attribute name="heapSize specified" value="0" />
  <attribute name="Current GC Util" value="116" />
  <attribute name= "Current Time Running" value="4186" />
  <attribute name ="GC Interval" value="0" />
  <attribute name="ProportionalT" value="18.000000" />
  <attribute name="ProportionalI" value="18.000000" />
  <attribute name="ProportionalH" value="18.000000" />
  <attribute name="Current Error" value="36.000000" />
  <attribute name="IntegralT" value="72.000000" />
  <attribute name="IntegralI" value="72.000000" />
  <attribute name="IntegralH" value="72.000000" />
  <attribute name="DerivativeT" value="-10.000000" />
  <attribute name="DerivativeI" value="-10.000000" />
  <attribute name="DerivativeH" value="-10.000000" />
  <attribute name="Loop Time for DT" value="4.000000" />
  <attribute name="Output H" value="8388608"/>
  <attribute name="Output I" value="200"/>
  <attribute name="Output T" value="16"/>
  <attribute name="Target GC Util Change" value ="80.000000" />
  <attribute name="Current GC Util Change" value="116.000000"/>
  <attribute name="GC Util currently" value="116" />
  <attribute name="CPU Util currently" value="276522947422" />
<exclusive-end id="63" timestamp="2019-08-11T05:37:02.306" durationms="10.769" />

<exclusive-start id="64" timestamp="2019-08-11T05:37:04.890" intervalms="2595.110">
  <response-info timems="0.665" idlems="0.375" threads="1" lastid="000000000269FB00" lastname="node-4" />
</exclusive-start>
<allocation-taxation id="65" taxation-threshold="4194304" timestamp="2019-08-11T05:37:04.890" intervalms="2595.198" />
<cycle-start id="66" type="partial gc" contextid="0" timestamp="2019-08-11T05:37:04.891" intervalms="6078.815" />
<gc-start id="67" type="partial gc" contextid="66" timestamp="2019-08-11T05:37:04.891">
  <mem-info id="68" free="2097152" total="18874368" percent="11">
    <mem type="eden" free="0" total="8388608" percent="0" />
    <remembered-set count="2560" freebytes="744320" totalbytes="754560" percent="98" regionsoverflowed="0" regionsstable="0" regionsrebuilding="0"/>
  </mem-info>
</gc-start>
<allocation-stats totalBytes="8376184" >
  <allocated-bytes non-tlh="383896" tlh="7992288" arrayletleaf="0"/>
  <largest-consumer threadName="node-1" threadId="00000000026BDE00" bytes="380848" />
</allocation-stats>
<gc-op id="69" type="sweep" timems="3.129" contextid="66" timestamp="2019-08-11T05:37:04.895" />
<gc-op id="70" type="copy forward" timems="9.856" contextid="66" timestamp="2019-08-11T05:37:04.906">
  <memory-copied type="eden" objects="4704" bytes="121464" bytesdiscarded="0" />
  <memory-copied type="other" objects="61014" bytes="3574856" bytesdiscarded="0" />
  <memory-cardclean objects="344" bytes="16736" />
  <regions eden="2" other="3" />
  <remembered-set-cleared processed="1244" cleared="496" durationms="0.069" />
  <stringconstants candidates="3837" cleared="0"  />
  <heap-resize type="expand" space="default" amount="2097152" count="1" timems="0.055" reason="continue current collection" />
</gc-op>
<gc-op id="71" type="classunload" timems="0.001" contextid="66" timestamp="2019-08-11T05:37:04.906">
  <classunload-info classloadercandidates="6" classloadersunloaded="0" classesunloaded="0" anonymousclassesunloaded="0" quiescems="0.000" setupms="0.001" scanms="0.000" postms="0.000" />
</gc-op>
<gc-op id="72" type="compact" timems="4.378" contextid="66" timestamp="2019-08-11T05:37:04.911">
  <compact-info movecount="0" movebytes="0" />
  <remembered-set-cleared processed="3275" cleared="496" durationms="0.209" />
</gc-op>
<gc-end id="73" type="partial gc" contextid="66" durationms="19.495" usertimems="27.089" systemtimems="0.714" timestamp="2019-08-11T05:37:04.911" activeThreads="16">
  <mem-info id="74" free="10485760" total="20971520" percent="50">
    <mem type="eden" free="189680" total="2097152" percent="9" />
    <remembered-set count="3712" freebytes="823552" totalbytes="838400" percent="98" regionsoverflowed="0" regionsstable="0" regionsrebuilding="0"/>
  </mem-info>
</gc-end>
<cycle-end id="75" type="partial gc" contextid="66" timestamp="2019-08-11T05:37:04.911" />
  <attribute name="elasticGC enabled" value="1" />
  <attribute name= "numThreadsSpecified" value="16" />
  <attribute name="heapSize specified" value="0" />
  <attribute name="Current GC Util" value="0" />
  <attribute name= "Current Time Running" value="6791" />
  <attribute name ="GC Interval" value="0" />
  <attribute name="ProportionalT" value="-40.000000" />
  <attribute name="ProportionalI" value="-40.000000" />
  <attribute name="ProportionalH" value="-40.000000" />
  <attribute name="Current Error" value="-80.000000" />
  <attribute name="IntegralT" value="-400.000000" />
  <attribute name="IntegralI" value="-400.000000" />
  <attribute name="IntegralH" value="-400.000000" />
  <attribute name="DerivativeT" value="-10.700000" />
  <attribute name="DerivativeI" value="-10.700000" />
  <attribute name="DerivativeH" value="-10.700000" />
  <attribute name="Loop Time for DT" value="10.000000" />
  <attribute name="Output H" value="4202627072"/>
  <attribute name="Output I" value="200"/>
  <attribute name="Output T" value="16"/>
  <attribute name="Target GC Util Change" value ="80.000000" />
  <attribute name="Current GC Util Change" value="0.000000"/>
  <attribute name="GC Util currently" value="0" />
  <attribute name="CPU Util currently" value="115276541927" />
<exclusive-end id="76" timestamp="2019-08-11T05:37:04.911" durationms="20.801" />

<exclusive-start id="77" timestamp="2019-08-11T05:37:11.250" intervalms="6359.719">
  <response-info timems="0.047" idlems="0.047" threads="0" lastid="0000000002689300" lastname="node-2" />
</exclusive-start>
<allocation-taxation id="78" taxation-threshold="10485760" timestamp="2019-08-11T05:37:11.250" intervalms="6359.630" />
<cycle-start id="79" type="partial gc" contextid="0" timestamp="2019-08-11T05:37:11.250" intervalms="6359.243" />
<gc-start id="80" type="partial gc" contextid="79" timestamp="2019-08-11T05:37:11.250">
  <mem-info id="81" free="0" total="20971520" percent="0">
    <mem type="eden" free="0" total="10485760" percent="0" />
    <remembered-set count="3712" freebytes="823552" totalbytes="838400" percent="98" regionsoverflowed="0" regionsstable="0" regionsrebuilding="0"/>
  </mem-info>
</gc-start>
<allocation-stats totalBytes="10472552" >
  <allocated-bytes non-tlh="0" tlh="10472552" arrayletleaf="0"/>
  <largest-consumer threadName="node-9" threadId="000000000269BF00" bytes="601544" />
</allocation-stats>
<gc-op id="82" type="mark" timems="13.348" contextid="79" timestamp="2019-08-11T05:37:11.266">
  <trace-info objectcount="47991" scancount="46645" scanbytes="2039260" />
  <cardclean-info objects="639" bytes="144516" />
  <remembered-set-cleared processed="1975" cleared="881" durationms="0.073" />
  <stringconstants candidates="3837" cleared="0"  />
  <warning details="Mark invoked due to insufficient free space for Copy-Forward" />
</gc-op>
<gc-op id="83" type="classunload" timems="0.003" contextid="79" timestamp="2019-08-11T05:37:11.266">
  <classunload-info classloadercandidates="6" classloadersunloaded="0" classesunloaded="0" anonymousclassesunloaded="0" quiescems="0.000" setupms="0.003" scanms="0.000" postms="0.000" />
</gc-op>
<gc-op id="84" type="sweep" timems="2.835" contextid="79" timestamp="2019-08-11T05:37:11.269" />
<gc-op id="85" type="compact" timems="15.183" contextid="79" timestamp="2019-08-11T05:37:11.285">
  <compact-info movecount="47989" movebytes="2150752" />
  <remembered-set-cleared processed="4152" cleared="1949" durationms="0.311" />
</gc-op>
<gc-end id="86" type="partial gc" contextid="79" durationms="34.490" usertimems="34.565" systemtimems="29.585" timestamp="2019-08-11T05:37:11.285" activeThreads="16">
  <mem-info id="87" free="8388608" total="20971520" percent="40">
    <mem type="eden" free="1838672" total="2097152" percent="87" />
    <remembered-set count="4320" freebytes="821120" totalbytes="838400" percent="97" regionsoverflowed="0" regionsstable="0" regionsrebuilding="0"/>
  </mem-info>
</gc-end>
<cycle-end id="88" type="partial gc" contextid="79" timestamp="2019-08-11T05:37:11.287" />
  <attribute name="elasticGC enabled" value="1" />
  <attribute name= "numThreadsSpecified" value="16" />
  <attribute name="heapSize specified" value="0" />
  <attribute name="Current GC Util" value="114" />
  <attribute name= "Current Time Running" value="13154" />
  <attribute name ="GC Interval" value="0" />
  <attribute name="ProportionalT" value="17.000000" />
  <attribute name="ProportionalI" value="17.000000" />
  <attribute name="ProportionalH" value="17.000000" />
  <attribute name="Current Error" value="34.000000" />
  <attribute name="IntegralT" value="51.000000" />
  <attribute name="IntegralI" value="51.000000" />
  <attribute name="IntegralH" value="51.000000" />
  <attribute name="DerivativeT" value="-14.333333" />
  <attribute name="DerivativeI" value="-14.333333" />
  <attribute name="DerivativeH" value="-14.333333" />
  <attribute name="Loop Time for DT" value="3.000000" />
  <attribute name="Output H" value="8388608"/>
  <attribute name="Output I" value="200"/>
  <attribute name="Output T" value="16"/>
  <attribute name="Target GC Util Change" value ="80.000000" />
  <attribute name="Current GC Util Change" value="114.000000"/>
  <attribute name="GC Util currently" value="114" />
  <attribute name="CPU Util currently" value="384323693701" />
<exclusive-end id="89" timestamp="2019-08-11T05:37:11.287" durationms="36.806" />

<exclusive-start id="90" timestamp="2019-08-11T05:37:14.414" intervalms="3164.176">
  <response-info timems="0.297" idlems="0.297" threads="0" lastid="00000000026AAE00" lastname="node-14" />
</exclusive-start>
<allocation-taxation id="91" taxation-threshold="8388608" timestamp="2019-08-11T05:37:14.414" intervalms="3164.183" />
<cycle-start id="92" type="partial gc" contextid="0" timestamp="2019-08-11T05:37:14.415" intervalms="3164.292" />
<gc-start id="93" type="partial gc" contextid="92" timestamp="2019-08-11T05:37:14.415">
  <mem-info id="94" free="0" total="20971520" percent="0">
    <mem type="eden" free="1838672" total="10485760" percent="17" />
    <remembered-set count="4320" freebytes="821120" totalbytes="838400" percent="97" regionsoverflowed="0" regionsstable="0" regionsrebuilding="0"/>
  </mem-info>
</gc-start>
<allocation-stats totalBytes="8383248" >
  <allocated-bytes non-tlh="0" tlh="8383248" arrayletleaf="0"/>
  <largest-consumer threadName="node-10" threadId="00000000026D0A00" bytes="409544" />
</allocation-stats>
<gc-op id="95" type="mark" timems="5.005" contextid="92" timestamp="2019-08-11T05:37:14.421">
  <trace-info objectcount="15434" scancount="15411" scanbytes="800784" />
  <cardclean-info objects="1800" bytes="276920" />
  <remembered-set-cleared processed="2165" cleared="410" durationms="0.149" />
  <stringconstants candidates="3837" cleared="0"  />
  <warning details="Mark invoked due to insufficient free space for Copy-Forward" />
</gc-op>
<gc-op id="96" type="classunload" timems="0.002" contextid="92" timestamp="2019-08-11T05:37:14.421">
  <classunload-info classloadercandidates="6" classloadersunloaded="0" classesunloaded="0" anonymousclassesunloaded="0" quiescems="0.000" setupms="0.002" scanms="0.000" postms="0.000" />
</gc-op>
<gc-op id="97" type="sweep" timems="2.265" contextid="92" timestamp="2019-08-11T05:37:14.423" />
<gc-op id="98" type="compact" timems="7.854" contextid="92" timestamp="2019-08-11T05:37:14.431">
  <compact-info movecount="15234" movebytes="367328" />
  <remembered-set-cleared processed="4518" cleared="973" durationms="0.149" />
</gc-op>
<heap-resize id="99" type="expand" space="default" amount="4194304" count="1" timems="0.101" reason="insufficient free space following gc" timestamp="2019-08-11T05:37:14.432" />
<gc-end id="100" type="partial gc" contextid="92" durationms="16.941" usertimems="15.512" systemtimems="15.586" timestamp="2019-08-11T05:37:14.432" activeThreads="16">
  <mem-info id="101" free="10485760" total="25165824" percent="41">
    <mem type="eden" free="3822176" total="4194304" percent="91" />
    <remembered-set count="5792" freebytes="982912" totalbytes="1006080" percent="97" regionsoverflowed="0" regionsstable="0" regionsrebuilding="0"/>
  </mem-info>
</gc-end>
<cycle-end id="102" type="partial gc" contextid="92" timestamp="2019-08-11T05:37:14.433" />
  <attribute name="elasticGC enabled" value="1" />
  <attribute name= "numThreadsSpecified" value="16" />
  <attribute name="heapSize specified" value="0" />
  <attribute name="Current GC Util" value="139" />
  <attribute name= "Current Time Running" value="16308" />
  <attribute name ="GC Interval" value="0" />
  <attribute name="ProportionalT" value="29.500000" />
  <attribute name="ProportionalI" value="29.500000" />
  <attribute name="ProportionalH" value="29.500000" />
  <attribute name="Current Error" value="59.000000" />
  <attribute name="IntegralT" value="59.000000" />
  <attribute name="IntegralI" value="59.000000" />
  <attribute name="IntegralH" value="59.000000" />
  <attribute name="DerivativeT" value="8.500000" />
  <attribute name="DerivativeI" value="8.500000" />
  <attribute name="DerivativeH" value="8.500000" />
  <attribute name="Loop Time for DT" value="2.000000" />
  <attribute name="Output H" value="8388608"/>
  <attribute name="Output I" value="200"/>
  <attribute name="Output T" value="16"/>
  <attribute name="Target GC Util Change" value ="80.000000" />
  <attribute name="Current GC Util Change" value="139.000000"/>
  <attribute name="GC Util currently" value="139" />
  <attribute name="CPU Util currently" value="472490803859" />
<exclusive-end id="103" timestamp="2019-08-11T05:37:14.433" durationms="18.619" />

<exclusive-start id="104" timestamp="2019-08-11T05:37:16.130" intervalms="1715.666">
  <response-info timems="0.261" idlems="0.221" threads="1" lastid="00000000026E3500" lastname="node-7" />
</exclusive-start>
<allocation-taxation id="105" taxation-threshold="4194304" timestamp="2019-08-11T05:37:16.130" intervalms="1715.800" />
<cycle-start id="106" type="global mark phase" contextid="0" timestamp="2019-08-11T05:37:16.131" intervalms="17380.289" />
<gc-start id="107" type="global mark phase" contextid="106" timestamp="2019-08-11T05:37:16.131">
  <mem-info id="108" free="6291456" total="25165824" percent="25">
    <remembered-set count="5792" freebytes="982912" totalbytes="1006080" percent="97" regionsoverflowed="0" regionsstable="0" regionsrebuilding="0"/>
  </mem-info>
</gc-start>
<gc-op id="109" type="mark increment" timems="3.996" contextid="106" timestamp="2019-08-11T05:37:16.135">
  <trace-info objectcount="365" scancount="0" scanbytes="0" />
</gc-op>
<gc-end id="110" type="global mark phase" contextid="106" durationms="4.042" usertimems="1.813" systemtimems="4.171" timestamp="2019-08-11T05:37:16.135" activeThreads="16">
  <mem-info id="111" free="6291456" total="25165824" percent="25">
    <remembered-set count="5792" freebytes="982912" totalbytes="1006080" percent="97" regionsoverflowed="0" regionsstable="0" regionsrebuilding="0"/>
  </mem-info>
</gc-end>
<concurrent-start id="112" type="GMP work packet processing" contextid="106" timestamp="2019-08-11T05:37:16.135">
  <concurrent-mark-start scanTarget="18446744073709551615" />
</concurrent-start>
<exclusive-end id="113" timestamp="2019-08-11T05:37:16.135" durationms="5.604" />

<concurrent-end id="114" type="GMP work packet processing" contextid="106" timestamp="2019-08-11T05:37:16.143">
  <concurrent-mark-end bytesScanned="5318576" reasonForTermination="Completed all work in GC phase" />
</concurrent-end>

<exclusive-start id="115" timestamp="2019-08-11T05:37:17.642" intervalms="1511.727">
  <response-info timems="0.499" idlems="0.499" threads="0" lastid="0000000002689300" lastname="node-2" />
</exclusive-start>
<allocation-taxation id="116" taxation-threshold="4194304" timestamp="2019-08-11T05:37:17.642" intervalms="1511.596" />
<cycle-start id="117" type="partial gc" contextid="0" timestamp="2019-08-11T05:37:17.642" intervalms="3227.204" />
<gc-start id="118" type="partial gc" contextid="117" timestamp="2019-08-11T05:37:17.642">
  <mem-info id="119" free="2097152" total="25165824" percent="8">
    <mem type="eden" free="1974456" total="10485760" percent="18" />
    <remembered-set count="5792" freebytes="982912" totalbytes="1006080" percent="97" regionsoverflowed="0" regionsstable="0" regionsrebuilding="0"/>
  </mem-info>
</gc-start>
<allocation-stats totalBytes="8385040" >
  <allocated-bytes non-tlh="0" tlh="8385040" arrayletleaf="0"/>
  <largest-consumer threadName="node-8" threadId="00000000026DF900" bytes="237328" />
</allocation-stats>
<gc-op id="120" type="copy forward" timems="26.323" contextid="117" timestamp="2019-08-11T05:37:17.671">
  <memory-copied type="eden" objects="4881" bytes="116224" bytesdiscarded="10488" />
  <memory-copied type="other" objects="4900" bytes="117600" bytesdiscarded="6168" />
  <memory-cardclean objects="1717" bytes="707568" />
  <regions eden="4" other="1" />
  <remembered-set-cleared processed="2322" cleared="388" durationms="0.203" />
  <stringconstants candidates="3837" cleared="0"  />
  <heap-resize type="expand" space="default" amount="2097152" count="1" timems="0.063" reason="continue current collection" />
</gc-op>
<gc-op id="121" type="classunload" timems="0.003" contextid="117" timestamp="2019-08-11T05:37:17.671">
  <classunload-info classloadercandidates="6" classloadersunloaded="0" classesunloaded="0" anonymousclassesunloaded="0" quiescems="0.000" setupms="0.002" scanms="0.000" postms="0.000" />
</gc-op>
<gc-end id="122" type="partial gc" contextid="117" durationms="29.689" usertimems="19.067" systemtimems="30.994" timestamp="2019-08-11T05:37:17.672" activeThreads="16">
  <mem-info id="123" free="10485760" total="27262976" percent="38">
    <mem type="eden" free="3943824" total="4194304" percent="94" />
    <remembered-set count="7104" freebytes="1061504" totalbytes="1089920" percent="97" regionsoverflowed="0" regionsstable="0" regionsrebuilding="0"/>
  </mem-info>
</gc-end>
<cycle-end id="124" type="partial gc" contextid="117" timestamp="2019-08-11T05:37:17.672" />
  <attribute name="elasticGC enabled" value="1" />
  <attribute name= "numThreadsSpecified" value="16" />
  <attribute name="heapSize specified" value="0" />
  <attribute name="Current GC Util" value="141" />
  <attribute name= "Current Time Running" value="19530" />
  <attribute name ="GC Interval" value="0" />
  <attribute name="ProportionalT" value="30.500000" />
  <attribute name="ProportionalI" value="30.500000" />
  <attribute name="ProportionalH" value="30.500000" />
  <attribute name="Current Error" value="61.000000" />
  <attribute name="IntegralT" value="91.500000" />
  <attribute name="IntegralI" value="91.500000" />
  <attribute name="IntegralH" value="91.500000" />
  <attribute name="DerivativeT" value="20.333333" />
  <attribute name="DerivativeI" value="20.333333" />
  <attribute name="DerivativeH" value="20.333333" />
  <attribute name="Loop Time for DT" value="3.000000" />
  <attribute name="Output H" value="8388608"/>
  <attribute name="Output I" value="200"/>
  <attribute name="Output T" value="16"/>
  <attribute name="Target GC Util Change" value ="80.000000" />
  <attribute name="Current GC Util Change" value="141.000000"/>
  <attribute name="GC Util currently" value="141" />
  <attribute name="CPU Util currently" value="407380233479" />
<exclusive-end id="125" timestamp="2019-08-11T05:37:17.672" durationms="30.509" />

<exclusive-start id="126" timestamp="2019-08-11T05:37:19.119" intervalms="1477.064">
  <response-info timems="0.084" idlems="0.084" threads="0" lastid="0000000002690B00" lastname="node-11" />
</exclusive-start>
<allocation-taxation id="127" taxation-threshold="4194304" timestamp="2019-08-11T05:37:19.119" intervalms="1477.057" />
<gc-start id="128" type="global mark phase" contextid="106" timestamp="2019-08-11T05:37:19.119">
  <mem-info id="129" free="6291456" total="27262976" percent="23">
    <remembered-set count="6624" freebytes="1063424" totalbytes="1089920" percent="97" regionsoverflowed="0" regionsstable="0" regionsrebuilding="0"/>
  </mem-info>
</gc-start>
<gc-op id="130" type="mark increment" timems="7.682" contextid="106" timestamp="2019-08-11T05:37:19.127">
  <trace-info objectcount="4629" scancount="4629" scanbytes="586848" />
  <cardclean-info objects="1636" bytes="290752" />
  <finalization candidates="13" enqueued="0" />
  <references type="soft" candidates="66" cleared="0" enqueued="0" dynamicThreshold="12" maxThreshold="32" />
  <references type="weak" candidates="143" cleared="0" enqueued="0" />
  <references type="phantom" candidates="57" cleared="0" enqueued="0" />
  <stringconstants candidates="3837" cleared="0"  />
</gc-op>
<gc-op id="131" type="classunload" timems="0.003" contextid="106" timestamp="2019-08-11T05:37:19.127">
  <classunload-info classloadercandidates="6" classloadersunloaded="0" classesunloaded="0" anonymousclassesunloaded="0" quiescems="0.000" setupms="0.002" scanms="0.000" postms="0.000" />
</gc-op>
<gc-end id="132" type="global mark phase" contextid="106" durationms="7.931" usertimems="9.461" systemtimems="8.140" timestamp="2019-08-11T05:37:19.127" activeThreads="16">
  <mem-info id="133" free="6291456" total="27262976" percent="23">
    <remembered-set count="6624" freebytes="1063424" totalbytes="1089920" percent="97" regionsoverflowed="0" regionsstable="0" regionsrebuilding="0"/>
  </mem-info>
</gc-end>
<cycle-end id="134" type="global mark phase" contextid="106" timestamp="2019-08-11T05:37:19.127" />
  <attribute name="elasticGC enabled" value="1" />
  <attribute name= "numThreadsSpecified" value="16" />
  <attribute name="heapSize specified" value="0" />
  <attribute name="Current GC Util" value="203" />
  <attribute name= "Current Time Running" value="21007" />
  <attribute name ="GC Interval" value="0" />
  <attribute name="ProportionalT" value="61.500000" />
  <attribute name="ProportionalI" value="61.500000" />
  <attribute name="ProportionalH" value="61.500000" />
  <attribute name="Current Error" value="123.000000" />
  <attribute name="IntegralT" value="123.000000" />
  <attribute name="IntegralI" value="123.000000" />
  <attribute name="IntegralH" value="123.000000" />
  <attribute name="DerivativeT" value="25.500000" />
  <attribute name="DerivativeI" value="25.500000" />
  <attribute name="DerivativeH" value="25.500000" />
  <attribute name="Loop Time for DT" value="2.000000" />
  <attribute name="Output H" value="8388608"/>
  <attribute name="Output I" value="216"/>
  <attribute name="Output T" value="16"/>
  <attribute name="Target GC Util Change" value ="80.000000" />
  <attribute name="Current GC Util Change" value="203.000000"/>
  <attribute name="GC Util currently" value="203" />
  <attribute name="CPU Util currently" value="1070781828459" />
<exclusive-end id="135" timestamp="2019-08-11T05:37:19.127" durationms="8.420" />

<exclusive-start id="136" timestamp="2019-08-11T05:37:20.506" intervalms="1387.683">
  <response-info timems="0.654" idlems="0.654" threads="0" lastid="0000000002685700" lastname="node-0" />
</exclusive-start>
<allocation-taxation id="137" taxation-threshold="4194304" timestamp="2019-08-11T05:37:20.506" intervalms="1387.694" />
<cycle-start id="138" type="partial gc" contextid="0" timestamp="2019-08-11T05:37:20.507" intervalms="2865.007" />
<gc-start id="139" type="partial gc" contextid="138" timestamp="2019-08-11T05:37:20.507">
  <mem-info id="140" free="2097152" total="27262976" percent="7">
    <mem type="eden" free="0" total="8388608" percent="0" />
    <remembered-set count="6624" freebytes="1063424" totalbytes="1089920" percent="97" regionsoverflowed="0" regionsstable="0" regionsrebuilding="0"/>
  </mem-info>
</gc-start>
<allocation-stats totalBytes="8383960" >
  <allocated-bytes non-tlh="0" tlh="8383960" arrayletleaf="0"/>
  <largest-consumer threadName="node-8" threadId="00000000026DF900" bytes="237544" />
</allocation-stats>
<gc-op id="141" type="sweep" timems="7.231" contextid="138" timestamp="2019-08-11T05:37:20.515" />
<gc-op id="142" type="copy forward" timems="19.670" contextid="138" timestamp="2019-08-11T05:37:20.536">
  <memory-copied type="eden" objects="2342" bytes="55288" bytesdiscarded="4742" />
  <memory-copied type="other" objects="4461" bytes="107064" bytesdiscarded="1426" />
  <memory-cardclean objects="1625" bytes="766696" />
  <regions eden="2" other="3" />
  <remembered-set-cleared processed="2271" cleared="495" durationms="0.152" />
  <stringconstants candidates="3837" cleared="0"  />
</gc-op>
<gc-op id="143" type="classunload" timems="0.002" contextid="138" timestamp="2019-08-11T05:37:20.536">
  <classunload-info classloadercandidates="6" classloadersunloaded="0" classesunloaded="0" anonymousclassesunloaded="0" quiescems="0.000" setupms="0.002" scanms="0.000" postms="0.000" />
</gc-op>
<heap-resize id="144" type="contract" space="default" amount="2097152" count="1" timems="0.144" reason="insufficient time being spent in gc" timestamp="2019-08-11T05:37:20.536" />
<gc-end id="145" type="partial gc" contextid="138" durationms="28.952" usertimems="24.274" systemtimems="26.627" timestamp="2019-08-11T05:37:20.536" activeThreads="16">
  <mem-info id="146" free="10485760" total="25165824" percent="41">
    <mem type="eden" free="1980904" total="2097152" percent="94" />
    <remembered-set count="7936" freebytes="1058176" totalbytes="1089920" percent="97" regionsoverflowed="0" regionsstable="0" regionsrebuilding="0"/>
  </mem-info>
</gc-end>
<cycle-end id="147" type="partial gc" contextid="138" timestamp="2019-08-11T05:37:20.536" />
  <attribute name="elasticGC enabled" value="1" />
  <attribute name= "numThreadsSpecified" value="16" />
  <attribute name="heapSize specified" value="0" />
  <attribute name="Current GC Util" value="185" />
  <attribute name= "Current Time Running" value="22401" />
  <attribute name ="GC Interval" value="0" />
  <attribute name="ProportionalT" value="52.500000" />
  <attribute name="ProportionalI" value="52.500000" />
  <attribute name="ProportionalH" value="52.500000" />
  <attribute name="Current Error" value="105.000000" />
  <attribute name="IntegralT" value="52.500000" />
  <attribute name="IntegralI" value="52.500000" />
  <attribute name="IntegralH" value="52.500000" />
  <attribute name="DerivativeT" value="105.000000" />
  <attribute name="DerivativeI" value="105.000000" />
  <attribute name="DerivativeH" value="105.000000" />
  <attribute name="Loop Time for DT" value="1.000000" />
  <attribute name="Output H" value="8388608"/>
  <attribute name="Output I" value="216"/>
  <attribute name="Output T" value="16"/>
  <attribute name="Target GC Util Change" value ="80.000000" />
  <attribute name="Current GC Util Change" value="185.000000"/>
  <attribute name="GC Util currently" value="185" />
  <attribute name="CPU Util currently" value="1027653610234" />
<exclusive-end id="148" timestamp="2019-08-11T05:37:20.536" durationms="30.150" />

<exclusive-start id="149" timestamp="2019-08-11T05:37:24.875" intervalms="4369.120">
  <response-info timems="0.685" idlems="0.685" threads="0" lastid="00000000026C5600" lastname="node-12" />
</exclusive-start>
<allocation-taxation id="150" taxation-threshold="10485760" timestamp="2019-08-11T05:37:24.876" intervalms="4369.106" />
<cycle-start id="151" type="partial gc" contextid="0" timestamp="2019-08-11T05:37:24.876" intervalms="4368.884" />
<gc-start id="152" type="partial gc" contextid="151" timestamp="2019-08-11T05:37:24.876">
  <mem-info id="153" free="0" total="25165824" percent="0">
    <mem type="eden" free="0" total="10485760" percent="0" />
    <remembered-set count="7936" freebytes="1058176" totalbytes="1089920" percent="97" regionsoverflowed="0" regionsstable="0" regionsrebuilding="0"/>
  </mem-info>
</gc-start>
<allocation-stats totalBytes="10478992" >
  <allocated-bytes non-tlh="0" tlh="10478992" arrayletleaf="0"/>
  <largest-consumer threadName="node-13" threadId="00000000026CCE00" bytes="499632" />
</allocation-stats>
<gc-op id="154" type="mark" timems="15.493" contextid="151" timestamp="2019-08-11T05:37:24.894">
  <trace-info objectcount="11504" scancount="11502" scanbytes="751608" />
  <cardclean-info objects="1706" bytes="292800" />
  <remembered-set-cleared processed="2132" cleared="333" durationms="0.205" />
  <stringconstants candidates="3837" cleared="0"  />
  <warning details="Mark invoked due to insufficient free space for Copy-Forward" />
</gc-op>
<gc-op id="155" type="classunload" timems="0.015" contextid="151" timestamp="2019-08-11T05:37:24.894">
  <classunload-info classloadercandidates="6" classloadersunloaded="0" classesunloaded="0" anonymousclassesunloaded="0" quiescems="0.000" setupms="0.015" scanms="0.000" postms="0.000" />
</gc-op>
<gc-op id="156" type="sweep" timems="6.160" contextid="151" timestamp="2019-08-11T05:37:24.900" />
<gc-op id="157" type="compact" timems="7.448" contextid="151" timestamp="2019-08-11T05:37:24.908">
  <compact-info movecount="11503" movebytes="275432" />
  <remembered-set-cleared processed="4448" cleared="789" durationms="0.268" />
</gc-op>
<heap-resize id="158" type="expand" space="default" amount="6291456" count="1" timems="0.072" reason="insufficient free space following gc" timestamp="2019-08-11T05:37:24.908" />
<gc-end id="159" type="partial gc" contextid="151" durationms="32.524" usertimems="20.475" systemtimems="32.172" timestamp="2019-08-11T05:37:24.908" activeThreads="16">
  <mem-info id="160" free="14680064" total="31457280" percent="46">
    <mem type="eden" free="1929936" total="2097152" percent="92" />
    <remembered-set count="6592" freebytes="1231232" totalbytes="1257600" percent="97" regionsoverflowed="0" regionsstable="0" regionsrebuilding="0"/>
  </mem-info>
</gc-end>
<cycle-end id="161" type="partial gc" contextid="151" timestamp="2019-08-11T05:37:24.908" />
  <attribute name="elasticGC enabled" value="1" />
  <attribute name= "numThreadsSpecified" value="16" />
  <attribute name="heapSize specified" value="0" />
  <attribute name="Current GC Util" value="123" />
  <attribute name= "Current Time Running" value="26786" />
  <attribute name ="GC Interval" value="0" />
  <attribute name="ProportionalT" value="21.500000" />
  <attribute name="ProportionalI" value="21.500000" />
  <attribute name="ProportionalH" value="21.500000" />
  <attribute name="Current Error" value="43.000000" />
  <attribute name="IntegralT" value="150.500000" />
  <attribute name="IntegralI" value="150.500000" />
  <attribute name="IntegralH" value="150.500000" />
  <attribute name="DerivativeT" value="-0.285714" />
  <attribute name="DerivativeI" value="-0.285714" />
  <attribute name="DerivativeH" value="-0.285714" />
  <attribute name="Loop Time for DT" value="7.000000" />
  <attribute name="Output H" value="8388608"/>
  <attribute name="Output I" value="200"/>
  <attribute name="Output T" value="16"/>
  <attribute name="Target GC Util Change" value ="80.000000" />
  <attribute name="Current GC Util Change" value="123.000000"/>
  <attribute name="GC Util currently" value="123" />
  <attribute name="CPU Util currently" value="182979015819" />
<exclusive-end id="162" timestamp="2019-08-11T05:37:24.909" durationms="33.085" />

<exclusive-start id="163" timestamp="2019-08-11T05:37:26.912" intervalms="2036.084">
  <response-info timems="0.062" idlems="0.062" threads="0" lastid="00000000026A3600" lastname="node-5" />
</exclusive-start>
<allocation-taxation id="164" taxation-threshold="6291456" timestamp="2019-08-11T05:37:26.912" intervalms="2036.074" />
<cycle-start id="165" type="global mark phase" contextid="0" timestamp="2019-08-11T05:37:26.912" intervalms="10780.798" />
<gc-start id="166" type="global mark phase" contextid="165" timestamp="2019-08-11T05:37:26.912">
  <mem-info id="167" free="8388608" total="31457280" percent="26">
    <remembered-set count="6592" freebytes="1231232" totalbytes="1257600" percent="97" regionsoverflowed="0" regionsstable="0" regionsrebuilding="0"/>
  </mem-info>
</gc-start>
<gc-op id="168" type="mark increment" timems="2.809" contextid="165" timestamp="2019-08-11T05:37:26.915">
  <trace-info objectcount="367" scancount="0" scanbytes="0" />
</gc-op>
<gc-end id="169" type="global mark phase" contextid="165" durationms="2.848" usertimems="3.341" systemtimems="3.714" timestamp="2019-08-11T05:37:26.915" activeThreads="16">
  <mem-info id="170" free="8388608" total="31457280" percent="26">
    <remembered-set count="6592" freebytes="1231232" totalbytes="1257600" percent="97" regionsoverflowed="0" regionsstable="0" regionsrebuilding="0"/>
  </mem-info>
</gc-end>
<concurrent-start id="171" type="GMP work packet processing" contextid="165" timestamp="2019-08-11T05:37:26.915">
  <concurrent-mark-start scanTarget="18446744073709551615" />
</concurrent-start>
<exclusive-end id="172" timestamp="2019-08-11T05:37:26.915" durationms="3.579" />

<concurrent-end id="173" type="GMP work packet processing" contextid="165" timestamp="2019-08-11T05:37:26.919">
  <concurrent-mark-end bytesScanned="5314512" reasonForTermination="Completed all work in GC phase" />
</concurrent-end>

<exclusive-start id="174" timestamp="2019-08-11T05:37:29.295" intervalms="2383.890">
  <response-info timems="0.042" idlems="0.042" threads="0" lastid="00000000026B6600" lastname="node-23" />
</exclusive-start>
<allocation-taxation id="175" taxation-threshold="6291456" timestamp="2019-08-11T05:37:29.296" intervalms="2383.968" />
<cycle-start id="176" type="partial gc" contextid="0" timestamp="2019-08-11T05:37:29.296" intervalms="4420.111" />
<gc-start id="177" type="partial gc" contextid="176" timestamp="2019-08-11T05:37:29.296">
  <mem-info id="178" free="2097152" total="31457280" percent="6">
    <mem type="eden" free="0" total="12582912" percent="0" />
    <remembered-set count="6592" freebytes="1231232" totalbytes="1257600" percent="97" regionsoverflowed="0" regionsstable="0" regionsrebuilding="0"/>
  </mem-info>
</gc-start>
<allocation-stats totalBytes="12571784" >
  <allocated-bytes non-tlh="0" tlh="12571784" arrayletleaf="0"/>
  <largest-consumer threadName="node-20" threadId="00000000026D4600" bytes="327448" />
</allocation-stats>
<gc-op id="179" type="copy forward" timems="11.303" contextid="176" timestamp="2019-08-11T05:37:29.309">
  <memory-copied type="eden" objects="6816" bytes="165296" bytesdiscarded="57560" />
  <memory-copied type="other" objects="6874" bytes="164976" bytesdiscarded="6472" />
  <memory-cardclean objects="1690" bytes="706264" />
  <regions eden="6" other="1" />
  <remembered-set-cleared processed="2201" cleared="330" durationms="0.100" />
  <stringconstants candidates="3837" cleared="0"  />
  <heap-resize type="expand" space="default" amount="4194304" count="2" timems="0.341" reason="continue current collection" />
</gc-op>
<gc-op id="180" type="classunload" timems="0.003" contextid="176" timestamp="2019-08-11T05:37:29.309">
  <classunload-info classloadercandidates="6" classloadersunloaded="0" classesunloaded="0" anonymousclassesunloaded="0" quiescems="0.000" setupms="0.002" scanms="0.000" postms="0.000" />
</gc-op>
<gc-end id="181" type="partial gc" contextid="176" durationms="13.058" usertimems="7.803" systemtimems="10.450" timestamp="2019-08-11T05:37:29.309" activeThreads="8">
  <mem-info id="182" free="14680064" total="35651584" percent="41">
    <mem type="eden" free="3971448" total="4194304" percent="94" />
    <remembered-set count="7520" freebytes="1395200" totalbytes="1425280" percent="97" regionsoverflowed="0" regionsstable="0" regionsrebuilding="0"/>
  </mem-info>
</gc-end>
<cycle-end id="183" type="partial gc" contextid="176" timestamp="2019-08-11T05:37:29.309" />
  <attribute name="elasticGC enabled" value="1" />
  <attribute name= "numThreadsSpecified" value="8" />
  <attribute name="heapSize specified" value="0" />
  <attribute name="Current GC Util" value="84" />
  <attribute name= "Current Time Running" value="31182" />
  <attribute name ="GC Interval" value="0" />
  <attribute name="ProportionalT" value="2.000000" />
  <attribute name="ProportionalI" value="2.000000" />
  <attribute name="ProportionalH" value="2.000000" />
  <attribute name="Current Error" value="4.000000" />
  <attribute name="IntegralT" value="2.000000" />
  <attribute name="IntegralI" value="2.000000" />
  <attribute name="IntegralH" value="2.000000" />
  <attribute name="DerivativeT" value="4.000000" />
  <attribute name="DerivativeI" value="4.000000" />
  <attribute name="DerivativeH" value="4.000000" />
  <attribute name="Loop Time for DT" value="1.000000" />
  <attribute name="Output H" value="8388608"/>
  <attribute name="Output I" value="200"/>
  <attribute name="Output T" value="8"/>
  <attribute name="Target GC Util Change" value ="80.000000" />
  <attribute name="Current GC Util Change" value="84.000000"/>
  <attribute name="GC Util currently" value="84" />
  <attribute name="CPU Util currently" value="1231926158110" />
<exclusive-end id="184" timestamp="2019-08-11T05:37:29.310" durationms="14.091" />

<exclusive-start id="185" timestamp="2019-08-11T05:37:31.766" intervalms="2470.697">
  <response-info timems="0.196" idlems="0.196" threads="0" lastid="0000000002694700" lastname="node-21" />
</exclusive-start>
<allocation-taxation id="186" taxation-threshold="6291456" timestamp="2019-08-11T05:37:31.766" intervalms="2470.644" />
<gc-start id="187" type="global mark phase" contextid="165" timestamp="2019-08-11T05:37:31.766">
  <mem-info id="188" free="8388608" total="35651584" percent="23">
    <remembered-set count="7424" freebytes="1395584" totalbytes="1425280" percent="97" regionsoverflowed="0" regionsstable="0" regionsrebuilding="0"/>
  </mem-info>
</gc-start>
<gc-op id="189" type="mark increment" timems="13.943" contextid="165" timestamp="2019-08-11T05:37:31.780">
  <trace-info objectcount="7801" scancount="7768" scanbytes="617376" />
  <cardclean-info objects="1668" bytes="275104" />
  <finalization candidates="13" enqueued="0" />
  <references type="soft" candidates="66" cleared="0" enqueued="0" dynamicThreshold="13" maxThreshold="32" />
  <references type="weak" candidates="143" cleared="0" enqueued="0" />
  <references type="phantom" candidates="57" cleared="0" enqueued="0" />
  <stringconstants candidates="3837" cleared="0"  />
</gc-op>
<gc-op id="190" type="classunload" timems="0.002" contextid="165" timestamp="2019-08-11T05:37:31.780">
  <classunload-info classloadercandidates="6" classloadersunloaded="0" classesunloaded="0" anonymousclassesunloaded="0" quiescems="0.000" setupms="0.002" scanms="0.000" postms="0.000" />
</gc-op>
<gc-end id="191" type="global mark phase" contextid="165" durationms="14.050" usertimems="11.374" systemtimems="12.012" timestamp="2019-08-11T05:37:31.780" activeThreads="16">
  <mem-info id="192" free="8388608" total="35651584" percent="23">
    <remembered-set count="7424" freebytes="1395584" totalbytes="1425280" percent="97" regionsoverflowed="0" regionsstable="0" regionsrebuilding="0"/>
  </mem-info>
</gc-end>
<cycle-end id="193" type="global mark phase" contextid="165" timestamp="2019-08-11T05:37:31.780" />
  <attribute name="elasticGC enabled" value="1" />
  <attribute name= "numThreadsSpecified" value="16" />
  <attribute name="heapSize specified" value="0" />
  <attribute name="Current GC Util" value="163" />
  <attribute name= "Current Time Running" value="33660" />
  <attribute name ="GC Interval" value="0" />
  <attribute name="ProportionalT" value="41.500000" />
  <attribute name="ProportionalI" value="41.500000" />
  <attribute name="ProportionalH" value="41.500000" />
  <attribute name="Current Error" value="83.000000" />
  <attribute name="IntegralT" value="124.500000" />
  <attribute name="IntegralI" value="124.500000" />
  <attribute name="IntegralH" value="124.500000" />
  <attribute name="DerivativeT" value="27.333333" />
  <attribute name="DerivativeI" value="27.333333" />
  <attribute name="DerivativeH" value="27.333333" />
  <attribute name="Loop Time for DT" value="3.000000" />
  <attribute name="Output H" value="8388608"/>
  <attribute name="Output I" value="200"/>
  <attribute name="Output T" value="16"/>
  <attribute name="Target GC Util Change" value ="80.000000" />
  <attribute name="Current GC Util Change" value="163.000000"/>
  <attribute name="GC Util currently" value="163" />
  <attribute name="CPU Util currently" value="345030607931" />
<exclusive-end id="194" timestamp="2019-08-11T05:37:31.781" durationms="14.469" />

<exclusive-start id="195" timestamp="2019-08-11T05:37:33.643" intervalms="1876.990">
  <response-info timems="0.337" idlems="0.337" threads="0" lastid="00000000026AAE00" lastname="node-14" />
</exclusive-start>
<allocation-taxation id="196" taxation-threshold="6291456" timestamp="2019-08-11T05:37:33.643" intervalms="1876.954" />
<cycle-start id="197" type="partial gc" contextid="0" timestamp="2019-08-11T05:37:33.643" intervalms="4347.509" />
<gc-start id="198" type="partial gc" contextid="197" timestamp="2019-08-11T05:37:33.643">
  <mem-info id="199" free="2097152" total="35651584" percent="5">
    <mem type="eden" free="2095064" total="14680064" percent="14" />
    <remembered-set count="7424" freebytes="1395584" totalbytes="1425280" percent="97" regionsoverflowed="0" regionsstable="0" regionsrebuilding="0"/>
  </mem-info>
</gc-start>
<allocation-stats totalBytes="12575768" >
  <allocated-bytes non-tlh="0" tlh="12575768" arrayletleaf="0"/>
  <largest-consumer threadName="node-12" threadId="00000000026C5600" bytes="286712" />
</allocation-stats>
<gc-op id="200" type="sweep" timems="4.553" contextid="197" timestamp="2019-08-11T05:37:33.648" />
<gc-op id="201" type="copy forward" timems="25.387" contextid="197" timestamp="2019-08-11T05:37:33.678">
  <memory-copied type="eden" objects="2896" bytes="77608" bytesdiscarded="6820" />
  <memory-copied type="other" objects="7638" bytes="183312" bytesdiscarded="932" />
  <memory-cardclean objects="1688" bytes="768896" />
  <regions eden="3" other="4" />
  <remembered-set-cleared processed="2263" cleared="481" durationms="0.116" />
  <stringconstants candidates="3837" cleared="0"  />
</gc-op>
<gc-op id="202" type="classunload" timems="0.003" contextid="197" timestamp="2019-08-11T05:37:33.678">
  <classunload-info classloadercandidates="6" classloadersunloaded="0" classesunloaded="0" anonymousclassesunloaded="0" quiescems="0.000" setupms="0.003" scanms="0.000" postms="0.000" />
</gc-op>
<gc-end id="203" type="partial gc" contextid="197" durationms="34.558" usertimems="26.630" systemtimems="24.590" timestamp="2019-08-11T05:37:33.678" activeThreads="16">
  <mem-info id="204" free="20971520" total="35651584" percent="58">
    <mem type="eden" free="1913936" total="2097152" percent="91" />
    <remembered-set count="8608" freebytes="1390848" totalbytes="1425280" percent="97" regionsoverflowed="0" regionsstable="0" regionsrebuilding="0"/>
  </mem-info>
</gc-end>
<cycle-end id="205" type="partial gc" contextid="197" timestamp="2019-08-11T05:37:33.678" />
  <attribute name="elasticGC enabled" value="1" />
  <attribute name= "numThreadsSpecified" value="16" />
  <attribute name="heapSize specified" value="0" />
  <attribute name="Current GC Util" value="54" />
  <attribute name= "Current Time Running" value="35537" />
  <attribute name ="GC Interval" value="0" />
  <attribute name="ProportionalT" value="-13.000000" />
  <attribute name="ProportionalI" value="-13.000000" />
  <attribute name="ProportionalH" value="-13.000000" />
  <attribute name="Current Error" value="-26.000000" />
  <attribute name="IntegralT" value="-39.000000" />
  <attribute name="IntegralI" value="-39.000000" />
  <attribute name="IntegralH" value="-39.000000" />
  <attribute name="DerivativeT" value="-21.000000" />
  <attribute name="DerivativeI" value="-21.000000" />
  <attribute name="DerivativeH" value="-21.000000" />
  <attribute name="Loop Time for DT" value="3.000000" />
  <attribute name="Output H" value="4202627072"/>
  <attribute name="Output I" value="200"/>
  <attribute name="Output T" value="16"/>
  <attribute name="Target GC Util Change" value ="80.000000" />
  <attribute name="Current GC Util Change" value="54.000000"/>
  <attribute name="GC Util currently" value="54" />
  <attribute name="CPU Util currently" value="343625463087" />
<exclusive-end id="206" timestamp="2019-08-11T05:37:33.678" durationms="35.022" />

<exclusive-start id="207" timestamp="2019-08-11T05:37:40.118" intervalms="6474.419">
  <response-info timems="0.550" idlems="0.550" threads="0" lastid="0000000002698300" lastname="node-24" />
</exclusive-start>
<allocation-taxation id="208" taxation-threshold="16777216" timestamp="2019-08-11T05:37:40.118" intervalms="6474.429" />
<cycle-start id="209" type="partial gc" contextid="0" timestamp="2019-08-11T05:37:40.118" intervalms="6474.407" />
<gc-start id="210" type="partial gc" contextid="209" timestamp="2019-08-11T05:37:40.118">
  <mem-info id="211" free="4194304" total="35651584" percent="11">
    <mem type="eden" free="0" total="16777216" percent="0" />
    <remembered-set count="8128" freebytes="1392768" totalbytes="1425280" percent="97" regionsoverflowed="0" regionsstable="0" regionsrebuilding="0"/>
  </mem-info>
</gc-start>
<allocation-stats totalBytes="16767696" >
  <allocated-bytes non-tlh="0" tlh="16767696" arrayletleaf="0"/>
  <largest-consumer threadName="node-9" threadId="000000000269BF00" bytes="761760" />
</allocation-stats>
<gc-op id="212" type="copy forward" timems="18.416" contextid="209" timestamp="2019-08-11T05:37:40.138">
  <memory-copied type="eden" objects="10259" bytes="250264" bytesdiscarded="11856" />
  <memory-copied type="other" objects="6822" bytes="163728" bytesdiscarded="4992" />
  <memory-cardclean objects="1770" bytes="770864" />
  <regions eden="8" other="1" />
  <remembered-set-cleared processed="2166" cleared="343" durationms="0.073" />
  <stringconstants candidates="3837" cleared="0"  />
</gc-op>
<gc-op id="213" type="classunload" timems="0.002" contextid="209" timestamp="2019-08-11T05:37:40.138">
  <classunload-info classloadercandidates="6" classloadersunloaded="0" classesunloaded="0" anonymousclassesunloaded="0" quiescems="0.000" setupms="0.002" scanms="0.000" postms="0.000" />
</gc-op>
<gc-end id="214" type="partial gc" contextid="209" durationms="20.184" usertimems="15.568" systemtimems="23.778" timestamp="2019-08-11T05:37:40.138" activeThreads="16">
  <mem-info id="215" free="18874368" total="35651584" percent="52">
    <mem type="eden" free="1835032" total="2097152" percent="87" />
    <remembered-set count="7104" freebytes="1396864" totalbytes="1425280" percent="98" regionsoverflowed="0" regionsstable="0" regionsrebuilding="0"/>
  </mem-info>
</gc-end>
<cycle-end id="216" type="partial gc" contextid="209" timestamp="2019-08-11T05:37:40.138" />
  <attribute name="elasticGC enabled" value="1" />
  <attribute name= "numThreadsSpecified" value="16" />
  <attribute name="heapSize specified" value="0" />
  <attribute name="Current GC Util" value="179" />
  <attribute name= "Current Time Running" value="42004" />
  <attribute name ="GC Interval" value="0" />
  <attribute name="ProportionalT" value="49.500000" />
  <attribute name="ProportionalI" value="49.500000" />
  <attribute name="ProportionalH" value="49.500000" />
  <attribute name="Current Error" value="99.000000" />
  <attribute name="IntegralT" value="49.500000" />
  <attribute name="IntegralI" value="49.500000" />
  <attribute name="IntegralH" value="49.500000" />
  <attribute name="DerivativeT" value="99.000000" />
  <attribute name="DerivativeI" value="99.000000" />
  <attribute name="DerivativeH" value="99.000000" />
  <attribute name="Loop Time for DT" value="1.000000" />
  <attribute name="Output H" value="8388608"/>
  <attribute name="Output I" value="200"/>
  <attribute name="Output T" value="16"/>
  <attribute name="Target GC Util Change" value ="80.000000" />
  <attribute name="Current GC Util Change" value="179.000000"/>
  <attribute name="GC Util currently" value="179" />
  <attribute name="CPU Util currently" value="1169327161282" />
<exclusive-end id="217" timestamp="2019-08-11T05:37:40.138" durationms="20.733" />

<exclusive-start id="218" timestamp="2019-08-11T05:37:47.105" intervalms="6987.473">
  <response-info timems="0.442" idlems="0.442" threads="0" lastid="00000000026DF900" lastname="node-8" />
</exclusive-start>
<allocation-taxation id="219" taxation-threshold="16777216" timestamp="2019-08-11T05:37:47.105" intervalms="6987.491" />
<cycle-start id="220" type="partial gc" contextid="0" timestamp="2019-08-11T05:37:47.105" intervalms="6987.517" />
<gc-start id="221" type="partial gc" contextid="220" timestamp="2019-08-11T05:37:47.105">
  <mem-info id="222" free="2097152" total="35651584" percent="5">
    <mem type="eden" free="0" total="16777216" percent="0" />
    <remembered-set count="7104" freebytes="1396864" totalbytes="1425280" percent="98" regionsoverflowed="0" regionsstable="0" regionsrebuilding="0"/>
  </mem-info>
</gc-start>
<allocation-stats totalBytes="16765248" >
  <allocated-bytes non-tlh="0" tlh="16765248" arrayletleaf="0"/>
  <largest-consumer threadName="node-9" threadId="000000000269BF00" bytes="810400" />
</allocation-stats>
<gc-op id="223" type="copy forward" timems="21.580" contextid="220" timestamp="2019-08-11T05:37:47.130">
  <memory-copied type="eden" objects="11231" bytes="271256" bytesdiscarded="9232" />
  <memory-copied type="other" objects="10101" bytes="242424" bytesdiscarded="14120" />
  <memory-cardclean objects="1832" bytes="772352" />
  <regions eden="8" other="1" />
  <remembered-set-cleared processed="2284" cleared="384" durationms="0.086" />
  <stringconstants candidates="3837" cleared="0"  />
  <heap-resize type="expand" space="default" amount="2097152" count="1" timems="0.075" reason="continue current collection" />
</gc-op>
<gc-op id="224" type="classunload" timems="0.003" contextid="220" timestamp="2019-08-11T05:37:47.130">
  <classunload-info classloadercandidates="6" classloadersunloaded="0" classesunloaded="0" anonymousclassesunloaded="0" quiescems="0.000" setupms="0.002" scanms="0.000" postms="0.000" />
</gc-op>
<gc-end id="225" type="partial gc" contextid="220" durationms="24.867" usertimems="17.223" systemtimems="29.175" timestamp="2019-08-11T05:37:47.130" activeThreads="16">
  <mem-info id="226" free="18874368" total="37748736" percent="50">
    <mem type="eden" free="1816664" total="2097152" percent="86" />
    <remembered-set count="8384" freebytes="1475584" totalbytes="1509120" percent="97" regionsoverflowed="0" regionsstable="0" regionsrebuilding="0"/>
  </mem-info>
</gc-end>
<cycle-end id="227" type="partial gc" contextid="220" timestamp="2019-08-11T05:37:47.130" />
  <attribute name="elasticGC enabled" value="1" />
  <attribute name= "numThreadsSpecified" value="16" />
  <attribute name="heapSize specified" value="0" />
  <attribute name="Current GC Util" value="121" />
  <attribute name= "Current Time Running" value="48993" />
  <attribute name ="GC Interval" value="0" />
  <attribute name="ProportionalT" value="20.500000" />
  <attribute name="ProportionalI" value="20.500000" />
  <attribute name="ProportionalH" value="20.500000" />
  <attribute name="Current Error" value="41.000000" />
  <attribute name="IntegralT" value="41.000000" />
  <attribute name="IntegralI" value="41.000000" />
  <attribute name="IntegralH" value="41.000000" />
  <attribute name="DerivativeT" value="20.500000" />
  <attribute name="DerivativeI" value="20.500000" />
  <attribute name="DerivativeH" value="20.500000" />
  <attribute name="Loop Time for DT" value="2.000000" />
  <attribute name="Output H" value="8388608"/>
  <attribute name="Output I" value="200"/>
  <attribute name="Output T" value="16"/>
  <attribute name="Target GC Util Change" value ="80.000000" />
  <attribute name="Current GC Util Change" value="121.000000"/>
  <attribute name="GC Util currently" value="121" />
  <attribute name="CPU Util currently" value="458645134827" />
<exclusive-end id="228" timestamp="2019-08-11T05:37:47.131" durationms="26.383" />

<exclusive-start id="229" timestamp="2019-08-11T05:37:53.873" intervalms="6768.022">
  <response-info timems="0.809" idlems="0.524" threads="1" lastid="000000000269BF00" lastname="node-9" />
</exclusive-start>
<allocation-taxation id="230" taxation-threshold="16777216" timestamp="2019-08-11T05:37:53.873" intervalms="6768.005" />
<cycle-start id="231" type="partial gc" contextid="0" timestamp="2019-08-11T05:37:53.873" intervalms="6768.068" />
<gc-start id="232" type="partial gc" contextid="231" timestamp="2019-08-11T05:37:53.874">
  <mem-info id="233" free="2097152" total="37748736" percent="5">
    <mem type="eden" free="0" total="16777216" percent="0" />
    <remembered-set count="7936" freebytes="1477376" totalbytes="1509120" percent="97" regionsoverflowed="0" regionsstable="0" regionsrebuilding="0"/>
  </mem-info>
</gc-start>
<allocation-stats totalBytes="16769512" >
  <allocated-bytes non-tlh="0" tlh="16769512" arrayletleaf="0"/>
  <largest-consumer threadName="node-9" threadId="000000000269BF00" bytes="765832" />
</allocation-stats>
<gc-op id="234" type="copy forward" timems="21.711" contextid="231" timestamp="2019-08-11T05:37:53.897">
  <memory-copied type="eden" objects="10380" bytes="248816" bytesdiscarded="19176" />
  <memory-copied type="other" objects="11091" bytes="266184" bytesdiscarded="9640" />
  <memory-cardclean objects="1833" bytes="771848" />
  <regions eden="8" other="1" />
  <remembered-set-cleared processed="2379" cleared="367" durationms="0.071" />
  <stringconstants candidates="3837" cleared="0"  />
  <heap-resize type="expand" space="default" amount="2097152" count="1" timems="0.086" reason="continue current collection" />
</gc-op>
<gc-op id="235" type="classunload" timems="0.003" contextid="231" timestamp="2019-08-11T05:37:53.897">
  <classunload-info classloadercandidates="6" classloadersunloaded="0" classesunloaded="0" anonymousclassesunloaded="0" quiescems="0.000" setupms="0.003" scanms="0.000" postms="0.000" />
</gc-op>
<gc-end id="236" type="partial gc" contextid="231" durationms="24.082" usertimems="13.184" systemtimems="24.785" timestamp="2019-08-11T05:37:53.898" activeThreads="16">
  <mem-info id="237" free="18874368" total="39845888" percent="47">
    <mem type="eden" free="1829160" total="2097152" percent="87" />
    <remembered-set count="10176" freebytes="1552256" totalbytes="1592960" percent="97" regionsoverflowed="0" regionsstable="0" regionsrebuilding="0"/>
  </mem-info>
</gc-end>
<cycle-end id="238" type="partial gc" contextid="231" timestamp="2019-08-11T05:37:53.898" />
  <attribute name="elasticGC enabled" value="1" />
  <attribute name= "numThreadsSpecified" value="16" />
  <attribute name="heapSize specified" value="0" />
  <attribute name="Current GC Util" value="61" />
  <attribute name= "Current Time Running" value="55761" />
  <attribute name ="GC Interval" value="0" />
  <attribute name="ProportionalT" value="-9.500000" />
  <attribute name="ProportionalI" value="-9.500000" />
  <attribute name="ProportionalH" value="-9.500000" />
  <attribute name="Current Error" value="-19.000000" />
  <attribute name="IntegralT" value="-19.000000" />
  <attribute name="IntegralI" value="-19.000000" />
  <attribute name="IntegralH" value="-19.000000" />
  <attribute name="DerivativeT" value="-9.500000" />
  <attribute name="DerivativeI" value="-9.500000" />
  <attribute name="DerivativeH" value="-9.500000" />
  <attribute name="Loop Time for DT" value="2.000000" />
  <attribute name="Output H" value="4202627072"/>
  <attribute name="Output I" value="200"/>
  <attribute name="Output T" value="16"/>
  <attribute name="Target GC Util Change" value ="80.000000" />
  <attribute name="Current GC Util Change" value="61.000000"/>
  <attribute name="GC Util currently" value="61" />
  <attribute name="CPU Util currently" value="738453906975" />
<exclusive-end id="239" timestamp="2019-08-11T05:37:53.898" durationms="24.736" />

<exclusive-start id="240" timestamp="2019-08-11T05:38:00.430" intervalms="6556.927">
  <response-info timems="0.470" idlems="0.470" threads="0" lastid="0000000002685700" lastname="node-0" />
</exclusive-start>
<allocation-taxation id="241" taxation-threshold="16777216" timestamp="2019-08-11T05:38:00.430" intervalms="6556.944" />
<cycle-start id="242" type="partial gc" contextid="0" timestamp="2019-08-11T05:38:00.430" intervalms="6556.986" />
<gc-start id="243" type="partial gc" contextid="242" timestamp="2019-08-11T05:38:00.430">
  <mem-info id="244" free="2097152" total="39845888" percent="5">
    <mem type="eden" free="0" total="16777216" percent="0" />
    <remembered-set count="9696" freebytes="1554176" totalbytes="1592960" percent="97" regionsoverflowed="0" regionsstable="0" regionsrebuilding="0"/>
  </mem-info>
</gc-start>
<allocation-stats totalBytes="16771488" >
  <allocated-bytes non-tlh="0" tlh="16771488" arrayletleaf="0"/>
  <largest-consumer threadName="node-9" threadId="000000000269BF00" bytes="765840" />
</allocation-stats>
<gc-op id="245" type="copy forward" timems="15.626" contextid="242" timestamp="2019-08-11T05:38:00.448">
  <memory-copied type="eden" objects="10089" bytes="241216" bytesdiscarded="13720" />
  <memory-copied type="other" objects="10258" bytes="246192" bytesdiscarded="10504" />
  <memory-cardclean objects="1835" bytes="772424" />
  <regions eden="8" other="1" />
  <remembered-set-cleared processed="2499" cleared="381" durationms="0.314" />
  <stringconstants candidates="3837" cleared="0"  />
  <heap-resize type="expand" space="default" amount="4194304" count="2" timems="0.172" reason="continue current collection" />
</gc-op>
<gc-op id="246" type="classunload" timems="0.002" contextid="242" timestamp="2019-08-11T05:38:00.448">
  <classunload-info classloadercandidates="6" classloadersunloaded="0" classesunloaded="0" anonymousclassesunloaded="0" quiescems="0.000" setupms="0.002" scanms="0.000" postms="0.000" />
</gc-op>
<gc-end id="247" type="partial gc" contextid="242" durationms="17.729" usertimems="16.146" systemtimems="20.708" timestamp="2019-08-11T05:38:00.448" activeThreads="16">
  <mem-info id="248" free="18874368" total="44040192" percent="42">
    <mem type="eden" free="3939368" total="4194304" percent="93" />
    <remembered-set count="8384" freebytes="1727104" totalbytes="1760640" percent="98" regionsoverflowed="0" regionsstable="0" regionsrebuilding="0"/>
  </mem-info>
</gc-end>
<cycle-end id="249" type="partial gc" contextid="242" timestamp="2019-08-11T05:38:00.448" />
  <attribute name="elasticGC enabled" value="1" />
  <attribute name= "numThreadsSpecified" value="16" />
  <attribute name="heapSize specified" value="0" />
  <attribute name="Current GC Util" value="88" />
  <attribute name= "Current Time Running" value="62317" />
  <attribute name ="GC Interval" value="0" />
  <attribute name="ProportionalT" value="4.000000" />
  <attribute name="ProportionalI" value="4.000000" />
  <attribute name="ProportionalH" value="4.000000" />
  <attribute name="Current Error" value="8.000000" />
  <attribute name="IntegralT" value="4.000000" />
  <attribute name="IntegralI" value="4.000000" />
  <attribute name="IntegralH" value="4.000000" />
  <attribute name="DerivativeT" value="8.000000" />
  <attribute name="DerivativeI" value="8.000000" />
  <attribute name="DerivativeH" value="8.000000" />
  <attribute name="Loop Time for DT" value="1.000000" />
  <attribute name="Output H" value="8388608"/>
  <attribute name="Output I" value="200"/>
  <attribute name="Output T" value="16"/>
  <attribute name="Target GC Util Change" value ="80.000000" />
  <attribute name="Current GC Util Change" value="88.000000"/>
  <attribute name="GC Util currently" value="88" />
  <attribute name="CPU Util currently" value="682844915177" />
<exclusive-end id="250" timestamp="2019-08-11T05:38:00.448" durationms="18.386" />

<exclusive-start id="251" timestamp="2019-08-11T05:38:08.300" intervalms="7870.408">
  <response-info timems="0.084" idlems="0.084" threads="0" lastid="00000000026B6600" lastname="node-23" />
</exclusive-start>
<allocation-taxation id="252" taxation-threshold="18874368" timestamp="2019-08-11T05:38:08.300" intervalms="7870.386" />
<cycle-start id="253" type="partial gc" contextid="0" timestamp="2019-08-11T05:38:08.301" intervalms="7870.431" />
<gc-start id="254" type="partial gc" contextid="253" timestamp="2019-08-11T05:38:08.301">
  <mem-info id="255" free="0" total="44040192" percent="0">
    <mem type="eden" free="0" total="18874368" percent="0" />
    <remembered-set count="7968" freebytes="1728768" totalbytes="1760640" percent="98" regionsoverflowed="0" regionsstable="0" regionsrebuilding="0"/>
  </mem-info>
</gc-start>
<allocation-stats totalBytes="18861536" >
  <allocated-bytes non-tlh="0" tlh="18861536" arrayletleaf="0"/>
  <largest-consumer threadName="node-7" threadId="00000000026E3500" bytes="860040" />
</allocation-stats>
<gc-op id="256" type="mark" timems="14.901" contextid="253" timestamp="2019-08-11T05:38:08.317">
  <trace-info objectcount="22496" scancount="22473" scanbytes="1014968" />
  <cardclean-info objects="1854" bytes="296352" />
  <remembered-set-cleared processed="2606" cleared="378" durationms="0.191" />
  <stringconstants candidates="3837" cleared="0"  />
  <warning details="Mark invoked due to insufficient free space for Copy-Forward" />
</gc-op>
<gc-op id="257" type="classunload" timems="0.003" contextid="253" timestamp="2019-08-11T05:38:08.317">
  <classunload-info classloadercandidates="6" classloadersunloaded="0" classesunloaded="0" anonymousclassesunloaded="0" quiescems="0.000" setupms="0.002" scanms="0.000" postms="0.000" />
</gc-op>
<gc-op id="258" type="sweep" timems="2.966" contextid="253" timestamp="2019-08-11T05:38:08.320" />
<gc-op id="259" type="compact" timems="9.639" contextid="253" timestamp="2019-08-11T05:38:08.330">
  <compact-info movecount="22495" movebytes="541648" />
  <remembered-set-cleared processed="5480" cleared="957" durationms="0.348" />
</gc-op>
<gc-end id="260" type="partial gc" contextid="253" durationms="29.488" usertimems="40.130" systemtimems="10.546" timestamp="2019-08-11T05:38:08.331" activeThreads="16">
  <mem-info id="261" free="18874368" total="44040192" percent="42">
    <mem type="eden" free="1794856" total="2097152" percent="85" />
    <remembered-set count="6144" freebytes="1736064" totalbytes="1760640" percent="98" regionsoverflowed="0" regionsstable="0" regionsrebuilding="0"/>
  </mem-info>
</gc-end>
<cycle-end id="262" type="partial gc" contextid="253" timestamp="2019-08-11T05:38:08.331" />
  <attribute name="elasticGC enabled" value="1" />
  <attribute name= "numThreadsSpecified" value="16" />
  <attribute name="heapSize specified" value="0" />
  <attribute name="Current GC Util" value="114" />
  <attribute name= "Current Time Running" value="70205" />
  <attribute name ="GC Interval" value="0" />
  <attribute name="ProportionalT" value="17.000000" />
  <attribute name="ProportionalI" value="17.000000" />
  <attribute name="ProportionalH" value="17.000000" />
  <attribute name="Current Error" value="34.000000" />
  <attribute name="IntegralT" value="51.000000" />
  <attribute name="IntegralI" value="51.000000" />
  <attribute name="IntegralH" value="51.000000" />
  <attribute name="DerivativeT" value="-4.000000" />
  <attribute name="DerivativeI" value="-4.000000" />
  <attribute name="DerivativeH" value="-4.000000" />
  <attribute name="Loop Time for DT" value="3.000000" />
  <attribute name="Output H" value="8388608"/>
  <attribute name="Output I" value="200"/>
  <attribute name="Output T" value="16"/>
  <attribute name="Target GC Util Change" value ="80.000000" />
  <attribute name="Current GC Util Change" value="114.000000"/>
  <attribute name="GC Util currently" value="114" />
  <attribute name="CPU Util currently" value="369899340758" />
<exclusive-end id="263" timestamp="2019-08-11T05:38:08.331" durationms="30.797" />

<exclusive-start id="264" timestamp="2019-08-11T05:38:14.950" intervalms="6649.332">
  <response-info timems="0.473" idlems="0.473" threads="0" lastid="00000000026DBD00" lastname="node-3" />
</exclusive-start>
<allocation-taxation id="265" taxation-threshold="18874368" timestamp="2019-08-11T05:38:14.950" intervalms="6649.337" />
<cycle-start id="266" type="partial gc" contextid="0" timestamp="2019-08-11T05:38:14.950" intervalms="6649.309" />
<gc-start id="267" type="partial gc" contextid="266" timestamp="2019-08-11T05:38:14.950">
  <mem-info id="268" free="0" total="44040192" percent="0">
    <mem type="eden" free="0" total="18874368" percent="0" />
    <remembered-set count="6144" freebytes="1736064" totalbytes="1760640" percent="98" regionsoverflowed="0" regionsstable="0" regionsrebuilding="0"/>
  </mem-info>
</gc-start>
<allocation-stats totalBytes="18864096" >
  <allocated-bytes non-tlh="0" tlh="18864096" arrayletleaf="0"/>
  <largest-consumer threadName="node-8" threadId="00000000026DF900" bytes="888256" />
</allocation-stats>
<gc-op id="269" type="mark" timems="12.954" contextid="266" timestamp="2019-08-11T05:38:14.965">
  <trace-info objectcount="23046" scancount="23046" scanbytes="1028608" />
  <cardclean-info objects="1875" bytes="296856" />
  <remembered-set-cleared processed="2756" cleared="414" durationms="0.078" />
  <stringconstants candidates="3837" cleared="0"  />
  <warning details="Mark invoked due to insufficient free space for Copy-Forward" />
</gc-op>
<gc-op id="270" type="classunload" timems="0.002" contextid="266" timestamp="2019-08-11T05:38:14.965">
  <classunload-info classloadercandidates="6" classloadersunloaded="0" classesunloaded="0" anonymousclassesunloaded="0" quiescems="0.000" setupms="0.002" scanms="0.000" postms="0.000" />
</gc-op>
<gc-op id="271" type="sweep" timems="7.102" contextid="266" timestamp="2019-08-11T05:38:14.972" />
<gc-op id="272" type="compact" timems="13.695" contextid="266" timestamp="2019-08-11T05:38:14.986">
  <compact-info movecount="21550" movebytes="516280" />
  <remembered-set-cleared processed="5777" cleared="1025" durationms="0.341" />
</gc-op>
<gc-end id="273" type="partial gc" contextid="266" durationms="36.214" usertimems="23.128" systemtimems="30.926" timestamp="2019-08-11T05:38:14.986" activeThreads="16">
  <mem-info id="274" free="16777216" total="44040192" percent="38">
    <mem type="eden" free="1842064" total="2097152" percent="87" />
    <remembered-set count="6464" freebytes="1734784" totalbytes="1760640" percent="98" regionsoverflowed="0" regionsstable="0" regionsrebuilding="0"/>
  </mem-info>
</gc-end>
<cycle-end id="275" type="partial gc" contextid="266" timestamp="2019-08-11T05:38:14.987" />
  <attribute name="elasticGC enabled" value="1" />
  <attribute name= "numThreadsSpecified" value="16" />
  <attribute name="heapSize specified" value="0" />
  <attribute name="Current GC Util" value="96" />
  <attribute name= "Current Time Running" value="76857" />
  <attribute name ="GC Interval" value="0" />
  <attribute name="ProportionalT" value="8.000000" />
  <attribute name="ProportionalI" value="8.000000" />
  <attribute name="ProportionalH" value="8.000000" />
  <attribute name="Current Error" value="16.000000" />
  <attribute name="IntegralT" value="56.000000" />
  <attribute name="IntegralI" value="56.000000" />
  <attribute name="IntegralH" value="56.000000" />
  <attribute name="DerivativeT" value="-9.285714" />
  <attribute name="DerivativeI" value="-9.285714" />
  <attribute name="DerivativeH" value="-9.285714" />
  <attribute name="Loop Time for DT" value="7.000000" />
  <attribute name="Output H" value="8388608"/>
  <attribute name="Output I" value="200"/>
  <attribute name="Output T" value="16"/>
  <attribute name="Target GC Util Change" value ="80.000000" />
  <attribute name="Current GC Util Change" value="96.000000"/>
  <attribute name="GC Util currently" value="96" />
  <attribute name="CPU Util currently" value="155022013112" />
<exclusive-end id="276" timestamp="2019-08-11T05:38:14.987" durationms="37.018" />

<exclusive-start id="277" timestamp="2019-08-11T05:38:18.541" intervalms="3591.475">
  <response-info timems="0.684" idlems="0.684" threads="0" lastid="00000000026BDE00" lastname="node-1" />
</exclusive-start>
<allocation-taxation id="278" taxation-threshold="8388608" timestamp="2019-08-11T05:38:18.541" intervalms="3591.468" />
<cycle-start id="279" type="global mark phase" contextid="0" timestamp="2019-08-11T05:38:18.541" intervalms="51629.174" />
<gc-start id="280" type="global mark phase" contextid="279" timestamp="2019-08-11T05:38:18.541">
  <mem-info id="281" free="8388608" total="44040192" percent="19">
    <remembered-set count="6144" freebytes="1736064" totalbytes="1760640" percent="98" regionsoverflowed="0" regionsstable="0" regionsrebuilding="0"/>
  </mem-info>
</gc-start>
<gc-op id="282" type="mark increment" timems="2.703" contextid="279" timestamp="2019-08-11T05:38:18.544">
  <trace-info objectcount="418" scancount="0" scanbytes="0" />
</gc-op>
<gc-end id="283" type="global mark phase" contextid="279" durationms="2.813" usertimems="1.456" systemtimems="5.356" timestamp="2019-08-11T05:38:18.544" activeThreads="16">
  <mem-info id="284" free="8388608" total="44040192" percent="19">
    <remembered-set count="6144" freebytes="1736064" totalbytes="1760640" percent="98" regionsoverflowed="0" regionsstable="0" regionsrebuilding="0"/>
  </mem-info>
</gc-end>
<concurrent-start id="285" type="GMP work packet processing" contextid="279" timestamp="2019-08-11T05:38:18.544">
  <concurrent-mark-start scanTarget="18446744073709551615" />
</concurrent-start>
<exclusive-end id="286" timestamp="2019-08-11T05:38:18.544" durationms="3.096" />

<concurrent-end id="287" type="GMP work packet processing" contextid="279" timestamp="2019-08-11T05:38:18.552">
  <concurrent-mark-end bytesScanned="5288712" reasonForTermination="Completed all work in GC phase" />
</concurrent-end>

<exclusive-start id="288" timestamp="2019-08-11T05:38:22.029" intervalms="3488.044">
  <response-info timems="0.273" idlems="0.273" threads="0" lastid="00000000026A3600" lastname="node-5" />
</exclusive-start>
<allocation-taxation id="289" taxation-threshold="8388608" timestamp="2019-08-11T05:38:22.029" intervalms="3488.053" />
<cycle-start id="290" type="partial gc" contextid="0" timestamp="2019-08-11T05:38:22.030" intervalms="7079.555" />
<gc-start id="291" type="partial gc" contextid="290" timestamp="2019-08-11T05:38:22.030">
  <mem-info id="292" free="0" total="44040192" percent="0">
    <mem type="eden" free="1842064" total="18874368" percent="9" />
    <remembered-set count="6144" freebytes="1736064" totalbytes="1760640" percent="98" regionsoverflowed="0" regionsstable="0" regionsrebuilding="0"/>
  </mem-info>
</gc-start>
<allocation-stats totalBytes="16769432" >
  <allocated-bytes non-tlh="0" tlh="16769432" arrayletleaf="0"/>
  <largest-consumer threadName="node-8" threadId="00000000026DF900" bytes="429776" />
</allocation-stats>
<gc-op id="293" type="mark" timems="13.269" contextid="290" timestamp="2019-08-11T05:38:22.044">
  <trace-info objectcount="20714" scancount="20691" scanbytes="972144" />
  <cardclean-info objects="1816" bytes="294912" />
  <remembered-set-cleared processed="2898" cleared="395" durationms="0.259" />
  <stringconstants candidates="3837" cleared="0"  />
  <warning details="Mark invoked due to insufficient free space for Copy-Forward" />
</gc-op>
<gc-op id="294" type="classunload" timems="0.004" contextid="290" timestamp="2019-08-11T05:38:22.044">
  <classunload-info classloadercandidates="6" classloadersunloaded="0" classesunloaded="0" anonymousclassesunloaded="0" quiescems="0.000" setupms="0.002" scanms="0.000" postms="0.000" />
</gc-op>
<gc-op id="295" type="sweep" timems="4.039" contextid="290" timestamp="2019-08-11T05:38:22.048" />
<gc-op id="296" type="compact" timems="11.791" contextid="290" timestamp="2019-08-11T05:38:22.060">
  <compact-info movecount="20692" movebytes="498320" />
  <remembered-set-cleared processed="6049" cleared="1005" durationms="0.259" />
</gc-op>
<heap-resize id="297" type="expand" space="default" amount="2097152" count="1" timems="0.071" reason="insufficient free space following gc" timestamp="2019-08-11T05:38:22.061" />
<gc-end id="298" type="partial gc" contextid="290" durationms="31.279" usertimems="25.514" systemtimems="26.434" timestamp="2019-08-11T05:38:22.061" activeThreads="16">
  <mem-info id="299" free="16777216" total="46137344" percent="36">
    <mem type="eden" free="3695456" total="4194304" percent="88" />
    <remembered-set count="7168" freebytes="1815808" totalbytes="1844480" percent="98" regionsoverflowed="0" regionsstable="0" regionsrebuilding="0"/>
  </mem-info>
</gc-end>
<cycle-end id="300" type="partial gc" contextid="290" timestamp="2019-08-11T05:38:22.061" />
  <attribute name="elasticGC enabled" value="1" />
  <attribute name= "numThreadsSpecified" value="16" />
  <attribute name="heapSize specified" value="0" />
  <attribute name="Current GC Util" value="107" />
  <attribute name= "Current Time Running" value="83933" />
  <attribute name ="GC Interval" value="0" />
  <attribute name="ProportionalT" value="13.500000" />
  <attribute name="ProportionalI" value="13.500000" />
  <attribute name="ProportionalH" value="13.500000" />
  <attribute name="Current Error" value="27.000000" />
  <attribute name="IntegralT" value="54.000000" />
  <attribute name="IntegralI" value="54.000000" />
  <attribute name="IntegralH" value="54.000000" />
  <attribute name="DerivativeT" value="-15.500000" />
  <attribute name="DerivativeI" value="-15.500000" />
  <attribute name="DerivativeH" value="-15.500000" />
  <attribute name="Loop Time for DT" value="4.000000" />
  <attribute name="Output H" value="8388608"/>
  <attribute name="Output I" value="200"/>
  <attribute name="Output T" value="16"/>
  <attribute name="Target GC Util Change" value ="80.000000" />
  <attribute name="Current GC Util Change" value="107.000000"/>
  <attribute name="GC Util currently" value="107" />
  <attribute name="CPU Util currently" value="271665630897" />
<exclusive-end id="301" timestamp="2019-08-11T05:38:22.061" durationms="32.114" />

<exclusive-start id="302" timestamp="2019-08-11T05:38:25.090" intervalms="3060.962">
  <response-info timems="0.024" idlems="0.024" threads="0" lastid="00000000026E3500" lastname="node-7" />
</exclusive-start>
<allocation-taxation id="303" taxation-threshold="8388608" timestamp="2019-08-11T05:38:25.090" intervalms="3060.997" />
<gc-start id="304" type="global mark phase" contextid="279" timestamp="2019-08-11T05:38:25.090">
  <mem-info id="305" free="8388608" total="46137344" percent="18">
    <remembered-set count="7168" freebytes="1815808" totalbytes="1844480" percent="98" regionsoverflowed="0" regionsstable="0" regionsrebuilding="0"/>
  </mem-info>
</gc-start>
<gc-op id="306" type="mark increment" timems="10.030" contextid="279" timestamp="2019-08-11T05:38:25.101">
  <trace-info objectcount="9076" scancount="9035" scanbytes="692408" />
  <cardclean-info objects="1691" bytes="292256" />
  <finalization candidates="13" enqueued="0" />
  <references type="soft" candidates="66" cleared="0" enqueued="0" dynamicThreshold="11" maxThreshold="32" />
  <references type="weak" candidates="143" cleared="0" enqueued="0" />
  <references type="phantom" candidates="57" cleared="0" enqueued="0" />
  <stringconstants candidates="3837" cleared="0"  />
</gc-op>
<gc-op id="307" type="classunload" timems="0.003" contextid="279" timestamp="2019-08-11T05:38:25.101">
  <classunload-info classloadercandidates="6" classloadersunloaded="0" classesunloaded="0" anonymousclassesunloaded="0" quiescems="0.000" setupms="0.003" scanms="0.000" postms="0.000" />
</gc-op>
<gc-end id="308" type="global mark phase" contextid="279" durationms="10.257" usertimems="10.668" systemtimems="4.604" timestamp="2019-08-11T05:38:25.101" activeThreads="16">
  <mem-info id="309" free="8388608" total="46137344" percent="18">
    <remembered-set count="7168" freebytes="1815808" totalbytes="1844480" percent="98" regionsoverflowed="0" regionsstable="0" regionsrebuilding="0"/>
  </mem-info>
</gc-end>
<cycle-end id="310" type="global mark phase" contextid="279" timestamp="2019-08-11T05:38:25.101" />
  <attribute name="elasticGC enabled" value="1" />
  <attribute name= "numThreadsSpecified" value="16" />
  <attribute name="heapSize specified" value="0" />
  <attribute name="Current GC Util" value="144" />
  <attribute name= "Current Time Running" value="86980" />
  <attribute name ="GC Interval" value="0" />
  <attribute name="ProportionalT" value="32.000000" />
  <attribute name="ProportionalI" value="32.000000" />
  <attribute name="ProportionalH" value="32.000000" />
  <attribute name="Current Error" value="64.000000" />
  <attribute name="IntegralT" value="32.000000" />
  <attribute name="IntegralI" value="32.000000" />
  <attribute name="IntegralH" value="32.000000" />
  <attribute name="DerivativeT" value="41.000000" />
  <attribute name="DerivativeI" value="41.000000" />
  <attribute name="DerivativeH" value="41.000000" />
  <attribute name="Loop Time for DT" value="1.000000" />
  <attribute name="Output H" value="8388608"/>
  <attribute name="Output I" value="200"/>
  <attribute name="Output T" value="16"/>
  <attribute name="Target GC Util Change" value ="80.000000" />
  <attribute name="Current GC Util Change" value="144.000000"/>
  <attribute name="GC Util currently" value="144" />
  <attribute name="CPU Util currently" value="805028453066" />
<exclusive-end id="311" timestamp="2019-08-11T05:38:25.101" durationms="10.831" />

<exclusive-start id="312" timestamp="2019-08-11T05:38:28.306" intervalms="3216.246">
  <response-info timems="0.041" idlems="0.041" threads="0" lastid="00000000026D0A00" lastname="node-10" />
</exclusive-start>
<allocation-taxation id="313" taxation-threshold="8388608" timestamp="2019-08-11T05:38:28.306" intervalms="3216.210" />
<cycle-start id="314" type="partial gc" contextid="0" timestamp="2019-08-11T05:38:28.307" intervalms="6277.035" />
<gc-start id="315" type="partial gc" contextid="314" timestamp="2019-08-11T05:38:28.307">
  <mem-info id="316" free="0" total="46137344" percent="0">
    <mem type="eden" free="1851552" total="18874368" percent="9" />
    <remembered-set count="7168" freebytes="1815808" totalbytes="1844480" percent="98" regionsoverflowed="0" regionsstable="0" regionsrebuilding="0"/>
  </mem-info>
</gc-start>
<allocation-stats totalBytes="16768296" >
  <allocated-bytes non-tlh="0" tlh="16768296" arrayletleaf="0"/>
  <largest-consumer threadName="node-9" threadId="000000000269BF00" bytes="421544" />
</allocation-stats>
<gc-op id="317" type="sweep" timems="3.237" contextid="314" timestamp="2019-08-11T05:38:28.311" />
<gc-op id="318" type="copy forward" timems="16.212" contextid="314" timestamp="2019-08-11T05:38:28.328">
  <memory-copied type="eden" objects="5320" bytes="129392" bytesdiscarded="20419" />
  <memory-copied type="other" objects="8892" bytes="213408" bytesdiscarded="9237" />
  <memory-cardclean objects="1708" bytes="707872" />
  <regions eden="4" other="5" />
  <remembered-set-cleared processed="2960" cleared="1156" durationms="0.078" />
  <stringconstants candidates="3837" cleared="0"  />
</gc-op>
<gc-op id="319" type="classunload" timems="0.002" contextid="314" timestamp="2019-08-11T05:38:28.328">
  <classunload-info classloadercandidates="6" classloadersunloaded="0" classesunloaded="0" anonymousclassesunloaded="0" quiescems="0.000" setupms="0.002" scanms="0.000" postms="0.000" />
</gc-op>
<gc-end id="320" type="partial gc" contextid="314" durationms="21.553" usertimems="11.105" systemtimems="25.164" timestamp="2019-08-11T05:38:28.329" activeThreads="16">
  <mem-info id="321" free="29360128" total="46137344" percent="63">
    <mem type="eden" free="5919000" total="6291456" percent="94" />
    <remembered-set count="8800" freebytes="1809280" totalbytes="1844480" percent="98" regionsoverflowed="0" regionsstable="0" regionsrebuilding="0"/>
  </mem-info>
</gc-end>
<cycle-end id="322" type="partial gc" contextid="314" timestamp="2019-08-11T05:38:28.329" />
  <attribute name="elasticGC enabled" value="1" />
  <attribute name= "numThreadsSpecified" value="16" />
  <attribute name="heapSize specified" value="0" />
  <attribute name="Current GC Util" value="58" />
  <attribute name= "Current Time Running" value="90197" />
  <attribute name ="GC Interval" value="0" />
  <attribute name="ProportionalT" value="-11.000000" />
  <attribute name="ProportionalI" value="-11.000000" />
  <attribute name="ProportionalH" value="-11.000000" />
  <attribute name="Current Error" value="-22.000000" />
  <attribute name="IntegralT" value="-11.000000" />
  <attribute name="IntegralI" value="-11.000000" />
  <attribute name="IntegralH" value="-11.000000" />
  <attribute name="DerivativeT" value="-40.000000" />
  <attribute name="DerivativeI" value="-40.000000" />
  <attribute name="DerivativeH" value="-40.000000" />
  <attribute name="Loop Time for DT" value="1.000000" />
  <attribute name="Output H" value="4202627072"/>
  <attribute name="Output I" value="200"/>
  <attribute name="Output T" value="16"/>
  <attribute name="Target GC Util Change" value ="80.000000" />
  <attribute name="Current GC Util Change" value="58.000000"/>
  <attribute name="GC Util currently" value="58" />
  <attribute name="CPU Util currently" value="1144826431339" />
<exclusive-end id="323" timestamp="2019-08-11T05:38:28.329" durationms="22.537" />

<exclusive-start id="324" timestamp="2019-08-11T05:38:35.560" intervalms="7253.730">
  <response-info timems="0.050" idlems="0.050" threads="0" lastid="00000000026BDE00" lastname="node-1" />
</exclusive-start>
<allocation-taxation id="325" taxation-threshold="18874368" timestamp="2019-08-11T05:38:35.560" intervalms="7253.741" />
<cycle-start id="326" type="partial gc" contextid="0" timestamp="2019-08-11T05:38:35.560" intervalms="7253.882" />
<gc-start id="327" type="partial gc" contextid="326" timestamp="2019-08-11T05:38:35.561">
  <mem-info id="328" free="10485760" total="46137344" percent="22">
    <mem type="eden" free="0" total="18874368" percent="0" />
    <remembered-set count="8800" freebytes="1809280" totalbytes="1844480" percent="98" regionsoverflowed="0" regionsstable="0" regionsrebuilding="0"/>
  </mem-info>
</gc-start>
<allocation-stats totalBytes="18865424" >
  <allocated-bytes non-tlh="0" tlh="18865424" arrayletleaf="0"/>
  <largest-consumer threadName="node-7" threadId="00000000026E3500" bytes="860096" />
</allocation-stats>
<gc-op id="329" type="copy forward" timems="19.076" contextid="326" timestamp="2019-08-11T05:38:35.582">
  <memory-copied type="eden" objects="11291" bytes="272752" bytesdiscarded="33880" />
  <memory-copied type="other" objects="9430" bytes="226320" bytesdiscarded="11624" />
  <memory-cardclean objects="1834" bytes="772400" />
  <regions eden="9" other="2" />
  <remembered-set-cleared processed="2235" cleared="383" durationms="0.177" />
  <stringconstants candidates="3837" cleared="0"  />
</gc-op>
<gc-op id="330" type="classunload" timems="0.003" contextid="326" timestamp="2019-08-11T05:38:35.582">
  <classunload-info classloadercandidates="6" classloadersunloaded="0" classesunloaded="0" anonymousclassesunloaded="0" quiescems="0.000" setupms="0.002" scanms="0.000" postms="0.000" />
</gc-op>
<heap-resize id="331" type="contract" space="default" amount="2097152" count="1" timems="0.193" reason="excess free space following gc" timestamp="2019-08-11T05:38:35.582" />
<gc-end id="332" type="partial gc" contextid="326" durationms="21.757" usertimems="12.165" systemtimems="21.924" timestamp="2019-08-11T05:38:35.582" activeThreads="16">
  <mem-info id="333" free="27262976" total="44040192" percent="61">
    <mem type="eden" free="1790520" total="2097152" percent="85" />
    <remembered-set count="7840" freebytes="1813120" totalbytes="1844480" percent="98" regionsoverflowed="0" regionsstable="0" regionsrebuilding="0"/>
  </mem-info>
</gc-end>
<cycle-end id="334" type="partial gc" contextid="326" timestamp="2019-08-11T05:38:35.582" />
  <attribute name="elasticGC enabled" value="1" />
  <attribute name= "numThreadsSpecified" value="16" />
  <attribute name="heapSize specified" value="0" />
  <attribute name="Current GC Util" value="85" />
  <attribute name= "Current Time Running" value="97448" />
  <attribute name ="GC Interval" value="0" />
  <attribute name="ProportionalT" value="2.500000" />
  <attribute name="ProportionalI" value="2.500000" />
  <attribute name="ProportionalH" value="2.500000" />
  <attribute name="Current Error" value="5.000000" />
  <attribute name="IntegralT" value="5.000000" />
  <attribute name="IntegralI" value="5.000000" />
  <attribute name="IntegralH" value="5.000000" />
  <attribute name="DerivativeT" value="2.500000" />
  <attribute name="DerivativeI" value="2.500000" />
  <attribute name="DerivativeH" value="2.500000" />
  <attribute name="Loop Time for DT" value="2.000000" />
  <attribute name="Output H" value="8388608"/>
  <attribute name="Output I" value="200"/>
  <attribute name="Output T" value="16"/>
  <attribute name="Target GC Util Change" value ="80.000000" />
  <attribute name="Current GC Util Change" value="85.000000"/>
  <attribute name="GC Util currently" value="85" />
  <attribute name="CPU Util currently" value="808609222859" />
<exclusive-end id="335" timestamp="2019-08-11T05:38:35.583" durationms="23.286" />

<exclusive-start id="336" timestamp="2019-08-11T05:38:43.583" intervalms="8023.132">
  <response-info timems="0.694" idlems="0.694" threads="0" lastid="0000000002685700" lastname="node-0" />
</exclusive-start>
<allocation-taxation id="337" taxation-threshold="18874368" timestamp="2019-08-11T05:38:43.583" intervalms="8023.138" />
<cycle-start id="338" type="partial gc" contextid="0" timestamp="2019-08-11T05:38:43.584" intervalms="8023.187" />
<gc-start id="339" type="partial gc" contextid="338" timestamp="2019-08-11T05:38:43.584">
  <mem-info id="340" free="8388608" total="44040192" percent="19">
    <mem type="eden" free="0" total="18874368" percent="0" />
    <remembered-set count="7360" freebytes="1815040" totalbytes="1844480" percent="98" regionsoverflowed="0" regionsstable="0" regionsrebuilding="0"/>
  </mem-info>
</gc-start>
<allocation-stats totalBytes="18864816" >
  <allocated-bytes non-tlh="0" tlh="18864816" arrayletleaf="0"/>
  <largest-consumer threadName="node-8" threadId="00000000026DF900" bytes="896608" />
</allocation-stats>
<gc-op id="341" type="copy forward" timems="20.419" contextid="338" timestamp="2019-08-11T05:38:43.606">
  <memory-copied type="eden" objects="12464" bytes="298216" bytesdiscarded="8624" />
  <memory-copied type="other" objects="11149" bytes="267576" bytesdiscarded="19064" />
  <memory-cardclean objects="2550" bytes="788520" />
  <regions eden="9" other="1" />
  <remembered-set-cleared processed="2125" cleared="270" durationms="0.126" />
  <stringconstants candidates="3837" cleared="0"  />
</gc-op>
<gc-op id="342" type="classunload" timems="0.003" contextid="338" timestamp="2019-08-11T05:38:43.606">
  <classunload-info classloadercandidates="6" classloadersunloaded="0" classesunloaded="0" anonymousclassesunloaded="0" quiescems="0.000" setupms="0.002" scanms="0.000" postms="0.000" />
</gc-op>
<gc-end id="343" type="partial gc" contextid="338" durationms="22.286" usertimems="12.984" systemtimems="27.868" timestamp="2019-08-11T05:38:43.606" activeThreads="16">
  <mem-info id="344" free="25165824" total="44040192" percent="57">
    <mem type="eden" free="1790312" total="2097152" percent="85" />
    <remembered-set count="9376" freebytes="1723136" totalbytes="1760640" percent="97" regionsoverflowed="0" regionsstable="0" regionsrebuilding="0"/>
  </mem-info>
</gc-end>
<cycle-end id="345" type="partial gc" contextid="338" timestamp="2019-08-11T05:38:43.606" />
  <attribute name="elasticGC enabled" value="1" />
  <attribute name= "numThreadsSpecified" value="16" />
  <attribute name="heapSize specified" value="0" />
  <attribute name="Current GC Util" value="122" />
  <attribute name= "Current Time Running" value="105470" />
  <attribute name ="GC Interval" value="0" />
  <attribute name="ProportionalT" value="21.000000" />
  <attribute name="ProportionalI" value="21.000000" />
  <attribute name="ProportionalH" value="21.000000" />
  <attribute name="Current Error" value="42.000000" />
  <attribute name="IntegralT" value="21.000000" />
  <attribute name="IntegralI" value="21.000000" />
  <attribute name="IntegralH" value="21.000000" />
  <attribute name="DerivativeT" value="42.000000" />
  <attribute name="DerivativeI" value="42.000000" />
  <attribute name="DerivativeH" value="42.000000" />
  <attribute name="Loop Time for DT" value="1.000000" />
  <attribute name="Output H" value="8388608"/>
  <attribute name="Output I" value="200"/>
  <attribute name="Output T" value="16"/>
  <attribute name="Target GC Util Change" value ="80.000000" />
  <attribute name="Current GC Util Change" value="122.000000"/>
  <attribute name="GC Util currently" value="122" />
  <attribute name="CPU Util currently" value="978088227825" />
<exclusive-end id="346" timestamp="2019-08-11T05:38:43.607" durationms="23.332" />

===== DaCapo 9.12-MR1 avrora PASSED in 105723 msec =====
<exclusive-start id="347" timestamp="2019-08-11T05:38:44.460" intervalms="876.866">
  <response-info timems="0.020" idlems="0.020" threads="0" lastid="000000000239EF00" lastname="main" />
</exclusive-start>
<allocation-taxation id="348" taxation-threshold="8388608" timestamp="2019-08-11T05:38:44.460" intervalms="876.848" />
<cycle-start id="349" type="global mark phase" contextid="0" timestamp="2019-08-11T05:38:44.460" intervalms="25919.004" />
<gc-start id="350" type="global mark phase" contextid="349" timestamp="2019-08-11T05:38:44.460">
  <mem-info id="351" free="16777216" total="44040192" percent="38">
    <remembered-set count="8896" freebytes="1725056" totalbytes="1760640" percent="97" regionsoverflowed="0" regionsstable="0" regionsrebuilding="0"/>
  </mem-info>
</gc-start>
<gc-op id="352" type="mark increment" timems="3.424" contextid="349" timestamp="2019-08-11T05:38:44.464">
  <trace-info objectcount="24532" scancount="18387" scanbytes="600180" />
</gc-op>
<gc-end id="353" type="global mark phase" contextid="349" durationms="3.533" usertimems="4.997" systemtimems="4.513" timestamp="2019-08-11T05:38:44.464" activeThreads="8">
  <mem-info id="354" free="16777216" total="44040192" percent="38">
    <remembered-set count="8896" freebytes="1725056" totalbytes="1760640" percent="97" regionsoverflowed="0" regionsstable="0" regionsrebuilding="0"/>
  </mem-info>
</gc-end>
<exclusive-end id="355" timestamp="2019-08-11T05:38:44.464" durationms="4.001" />

WARNING: An illegal reflective access operation has occurred
WARNING: Illegal reflective access by com.google.common.base.internal.Finalizer (file:/./scratch/jar/guava-r07.jar) to field java.lang.Thread.inheritableThreadLocals
WARNING: Please consider reporting this to the maintainers of com.google.common.base.internal.Finalizer
WARNING: Use --illegal-access=warn to enable warnings of further illegal reflective access operations
WARNING: All illegal access operations will be denied in a future release
<exclusive-start id="356" timestamp="2019-08-11T05:38:44.661" intervalms="201.301">
  <response-info timems="0.052" idlems="0.052" threads="0" lastid="000000000239EF00" lastname="main" />
</exclusive-start>
<allocation-taxation id="357" taxation-threshold="8388608" timestamp="2019-08-11T05:38:44.662" intervalms="201.300" />
<cycle-start id="358" type="partial gc" contextid="0" timestamp="2019-08-11T05:38:44.662" intervalms="1078.015" />
<gc-start id="359" type="partial gc" contextid="358" timestamp="2019-08-11T05:38:44.662">
  <mem-info id="360" free="8388608" total="44040192" percent="19">
    <mem type="eden" free="0" total="16777216" percent="0" />
    <remembered-set count="8896" freebytes="1725056" totalbytes="1760640" percent="97" regionsoverflowed="0" regionsstable="0" regionsrebuilding="0"/>
  </mem-info>
</gc-start>
<allocation-stats totalBytes="16672856" >
  <allocated-bytes non-tlh="498688" tlh="16174168" arrayletleaf="0"/>
  <largest-consumer threadName="main" threadId="000000000239EF00" bytes="8306560" />
</allocation-stats>
<gc-op id="361" type="copy forward" timems="9.718" contextid="358" timestamp="2019-08-11T05:38:44.673">
  <memory-copied type="eden" objects="6231" bytes="1000496" bytesdiscarded="109864" />
  <memory-copied type="other" objects="12351" bytes="296408" bytesdiscarded="11208" />
  <memory-cardclean objects="2487" bytes="741592" />
  <regions eden="8" other="1" />
  <remembered-set-cleared processed="2426" cleared="416" durationms="0.081" />
  <finalization candidates="40" enqueued="2" />
  <ownableSynchronizers candidates="17" cleared="0" />
  <references type="soft" candidates="11" cleared="0" enqueued="0" dynamicThreshold="12" maxThreshold="32" />
  <references type="weak" candidates="845" cleared="0" enqueued="0" />
  <references type="phantom" candidates="48" cleared="0" enqueued="0" />
  <stringconstants candidates="4181" cleared="0"  />
</gc-op>
<gc-op id="362" type="classunload" timems="0.003" contextid="358" timestamp="2019-08-11T05:38:44.673">
  <classunload-info classloadercandidates="8" classloadersunloaded="0" classesunloaded="0" anonymousclassesunloaded="0" quiescems="0.000" setupms="0.003" scanms="0.000" postms="0.000" />
</gc-op>
<gc-end id="363" type="partial gc" contextid="358" durationms="10.871" usertimems="14.619" systemtimems="16.265" timestamp="2019-08-11T05:38:44.673" activeThreads="16">
  <mem-info id="364" free="23068672" total="44040192" percent="52">
    <mem type="eden" free="985640" total="2097152" percent="46" />
    <pending-finalizers system="2" default="0" reference="0" classloader="0" />
    <remembered-set count="8960" freebytes="1724800" totalbytes="1760640" percent="97" regionsoverflowed="0" regionsstable="0" regionsrebuilding="0"/>
  </mem-info>
</gc-end>
<cycle-end id="365" type="partial gc" contextid="358" timestamp="2019-08-11T05:38:44.673" />
  <attribute name="elasticGC enabled" value="1" />
  <attribute name= "numThreadsSpecified" value="16" />
  <attribute name="heapSize specified" value="0" />
  <attribute name="Current GC Util" value="251" />
  <attribute name= "Current Time Running" value="106548" />
  <attribute name ="GC Interval" value="0" />
  <attribute name="ProportionalT" value="85.500000" />
  <attribute name="ProportionalI" value="85.500000" />
  <attribute name="ProportionalH" value="85.500000" />
  <attribute name="Current Error" value="171.000000" />
  <attribute name="IntegralT" value="85.500000" />
  <attribute name="IntegralI" value="85.500000" />
  <attribute name="IntegralH" value="85.500000" />
  <attribute name="DerivativeT" value="171.000000" />
  <attribute name="DerivativeI" value="171.000000" />
  <attribute name="DerivativeH" value="171.000000" />
  <attribute name="Loop Time for DT" value="1.000000" />
  <attribute name="Output H" value="8388608"/>
  <attribute name="Output I" value="344"/>
  <attribute name="Output T" value="16"/>
  <attribute name="Target GC Util Change" value ="80.000000" />
  <attribute name="Current GC Util Change" value="251.000000"/>
  <attribute name="GC Util currently" value="251" />
  <attribute name="CPU Util currently" value="1725424124503" />
<exclusive-end id="366" timestamp="2019-08-11T05:38:44.673" durationms="11.650" />

<exclusive-start id="367" timestamp="2019-08-11T05:38:45.966" intervalms="1304.924">
  <response-info timems="0.027" idlems="0.027" threads="0" lastid="000000000239EF00" lastname="main" />
</exclusive-start>
<allocation-taxation id="368" taxation-threshold="8388608" timestamp="2019-08-11T05:38:45.966" intervalms="1304.913" />
<gc-start id="369" type="global mark phase" contextid="349" timestamp="2019-08-11T05:38:45.966">
  <mem-info id="370" free="14680064" total="44040192" percent="33">
    <remembered-set count="8960" freebytes="1724800" totalbytes="1760640" percent="97" regionsoverflowed="0" regionsstable="0" regionsrebuilding="0"/>
  </mem-info>
</gc-start>
<gc-op id="371" type="mark increment" timems="7.054" contextid="349" timestamp="2019-08-11T05:38:45.974">
  <trace-info objectcount="24681" scancount="19804" scanbytes="660196" />
  <cardclean-info objects="3953" bytes="142684" />
  <finalization candidates="65" enqueued="0" />
  <ownableSynchronizers candidates="17" cleared="0" />
  <references type="soft" candidates="633" cleared="0" enqueued="0" dynamicThreshold="16" maxThreshold="32" />
  <references type="weak" candidates="1976" cleared="553" enqueued="431" />
  <references type="phantom" candidates="114" cleared="20" enqueued="20" />
  <stringconstants candidates="6444" cleared="0"  />
</gc-op>
<gc-op id="372" type="classunload" timems="0.004" contextid="349" timestamp="2019-08-11T05:38:45.974">
  <classunload-info classloadercandidates="11" classloadersunloaded="0" classesunloaded="0" anonymousclassesunloaded="0" quiescems="0.000" setupms="0.004" scanms="0.000" postms="0.000" />
</gc-op>
<gc-end id="373" type="global mark phase" contextid="349" durationms="7.301" usertimems="17.431" systemtimems="0.000" timestamp="2019-08-11T05:38:45.974" activeThreads="16">
  <mem-info id="374" free="14680064" total="44040192" percent="33">
    <pending-finalizers system="0" default="0" reference="451" classloader="0" />
    <remembered-set count="8960" freebytes="1724800" totalbytes="1760640" percent="97" regionsoverflowed="0" regionsstable="0" regionsrebuilding="0"/>
  </mem-info>
</gc-end>
<cycle-end id="375" type="global mark phase" contextid="349" timestamp="2019-08-11T05:38:45.974" />
  <attribute name="elasticGC enabled" value="1" />
  <attribute name= "numThreadsSpecified" value="16" />
  <attribute name="heapSize specified" value="0" />
  <attribute name="Current GC Util" value="261" />
  <attribute name= "Current Time Running" value="107854" />
  <attribute name ="GC Interval" value="0" />
  <attribute name="ProportionalT" value="90.500000" />
  <attribute name="ProportionalI" value="90.500000" />
  <attribute name="ProportionalH" value="90.500000" />
  <attribute name="Current Error" value="181.000000" />
  <attribute name="IntegralT" value="90.500000" />
  <attribute name="IntegralI" value="90.500000" />
  <attribute name="IntegralH" value="90.500000" />
  <attribute name="DerivativeT" value="70.000000" />
  <attribute name="DerivativeI" value="70.000000" />
  <attribute name="DerivativeH" value="70.000000" />
  <attribute name="Loop Time for DT" value="1.000000" />
  <attribute name="Output H" value="8388608"/>
  <attribute name="Output I" value="256"/>
  <attribute name="Output T" value="16"/>
  <attribute name="Target GC Util Change" value ="80.000000" />
  <attribute name="Current GC Util Change" value="261.000000"/>
  <attribute name="GC Util currently" value="261" />
  <attribute name="CPU Util currently" value="891552255690" />
<exclusive-end id="376" timestamp="2019-08-11T05:38:45.974" durationms="7.806" />

<exclusive-start id="377" timestamp="2019-08-11T05:38:46.176" intervalms="209.870">
  <response-info timems="0.018" idlems="0.018" threads="0" lastid="000000000239EF00" lastname="main" />
</exclusive-start>
<allocation-taxation id="378" taxation-threshold="8388608" timestamp="2019-08-11T05:38:46.176" intervalms="209.881" />
<cycle-start id="379" type="partial gc" contextid="0" timestamp="2019-08-11T05:38:46.176" intervalms="1514.806" />
<gc-start id="380" type="partial gc" contextid="379" timestamp="2019-08-11T05:38:46.177">
  <mem-info id="381" free="6291456" total="44040192" percent="14">
    <mem type="eden" free="0" total="16777216" percent="0" />
    <remembered-set count="8960" freebytes="1724800" totalbytes="1760640" percent="97" regionsoverflowed="0" regionsstable="0" regionsrebuilding="0"/>
  </mem-info>
</gc-start>
<allocation-stats totalBytes="16712096" >
  <allocated-bytes non-tlh="1808064" tlh="14904032" arrayletleaf="0"/>
  <largest-consumer threadName="main" threadId="000000000239EF00" bytes="8248192" />
</allocation-stats>
<gc-op id="382" type="sweep" timems="1.631" contextid="379" timestamp="2019-08-11T05:38:46.179" />
<gc-op id="383" type="copy forward" timems="10.437" contextid="379" timestamp="2019-08-11T05:38:46.190">
  <memory-copied type="eden" objects="14467" bytes="1462880" bytesdiscarded="130341" />
  <memory-copied type="other" objects="23976" bytes="1542296" bytesdiscarded="213475" />
  <memory-cardclean objects="950" bytes="46880" />
  <regions eden="4" other="5" />
  <remembered-set-cleared processed="2791" cleared="982" durationms="0.076" />
  <finalization candidates="67" enqueued="0" />
  <ownableSynchronizers candidates="22" cleared="0" />
  <references type="soft" candidates="906" cleared="0" enqueued="0" dynamicThreshold="10" maxThreshold="32" />
  <references type="weak" candidates="3265" cleared="0" enqueued="0" />
  <references type="phantom" candidates="47" cleared="0" enqueued="0" />
  <stringconstants candidates="7835" cleared="0"  />
</gc-op>
<gc-op id="384" type="classunload" timems="0.006" contextid="379" timestamp="2019-08-11T05:38:46.190">
  <classunload-info classloadercandidates="12" classloadersunloaded="0" classesunloaded="0" anonymousclassesunloaded="0" quiescems="0.000" setupms="0.006" scanms="0.000" postms="0.000" />
</gc-op>
<heap-resize id="385" type="contract" space="default" amount="4194304" count="1" timems="0.266" reason="insufficient time being spent in gc" timestamp="2019-08-11T05:38:46.191" />
<gc-end id="386" type="partial gc" contextid="379" durationms="14.003" usertimems="35.095" systemtimems="0.000" timestamp="2019-08-11T05:38:46.191" activeThreads="16">
  <mem-info id="387" free="23068672" total="39845888" percent="57">
    <mem type="eden" free="1788880" total="4194304" percent="42" />
    <remembered-set count="12160" freebytes="1712000" totalbytes="1760640" percent="97" regionsoverflowed="0" regionsstable="0" regionsrebuilding="0"/>
  </mem-info>
</gc-end>
<cycle-end id="388" type="partial gc" contextid="379" timestamp="2019-08-11T05:38:46.191" />
  <attribute name="elasticGC enabled" value="1" />
  <attribute name= "numThreadsSpecified" value="16" />
  <attribute name="heapSize specified" value="0" />
  <attribute name="Current GC Util" value="123" />
  <attribute name= "Current Time Running" value="108065" />
  <attribute name ="GC Interval" value="0" />
  <attribute name="ProportionalT" value="21.500000" />
  <attribute name="ProportionalI" value="21.500000" />
  <attribute name="ProportionalH" value="21.500000" />
  <attribute name="Current Error" value="43.000000" />
  <attribute name="IntegralT" value="21.500000" />
  <attribute name="IntegralI" value="21.500000" />
  <attribute name="IntegralH" value="21.500000" />
  <attribute name="DerivativeT" value="22.000000" />
  <attribute name="DerivativeI" value="22.000000" />
  <attribute name="DerivativeH" value="22.000000" />
  <attribute name="Loop Time for DT" value="1.000000" />
  <attribute name="Output H" value="8388608"/>
  <attribute name="Output I" value="200"/>
  <attribute name="Output T" value="16"/>
  <attribute name="Target GC Util Change" value ="80.000000" />
  <attribute name="Current GC Util Change" value="123.000000"/>
  <attribute name="GC Util currently" value="123" />
  <attribute name="CPU Util currently" value="1748151273021" />
<exclusive-end id="389" timestamp="2019-08-11T05:38:46.191" durationms="14.796" />

<exclusive-start id="390" timestamp="2019-08-11T05:38:46.412" intervalms="235.363">
  <response-info timems="0.052" idlems="0.052" threads="0" lastid="000000000239EF00" lastname="main" />
</exclusive-start>
<allocation-taxation id="391" taxation-threshold="8388608" timestamp="2019-08-11T05:38:46.412" intervalms="235.396" />
<cycle-start id="392" type="global mark phase" contextid="0" timestamp="2019-08-11T05:38:46.412" intervalms="1951.546" />
<gc-start id="393" type="global mark phase" contextid="392" timestamp="2019-08-11T05:38:46.412">
  <mem-info id="394" free="14680064" total="39845888" percent="36">
    <remembered-set count="12032" freebytes="1712512" totalbytes="1760640" percent="97" regionsoverflowed="0" regionsstable="0" regionsrebuilding="0"/>
  </mem-info>
</gc-start>
<gc-op id="395" type="mark increment" timems="5.195" contextid="392" timestamp="2019-08-11T05:38:46.417">
  <trace-info objectcount="73615" scancount="58270" scanbytes="2058164" />
</gc-op>
<gc-end id="396" type="global mark phase" contextid="392" durationms="5.293" usertimems="17.666" systemtimems="0.000" timestamp="2019-08-11T05:38:46.417" activeThreads="16">
  <mem-info id="397" free="14680064" total="39845888" percent="36">
    <remembered-set count="12032" freebytes="1712512" totalbytes="1760640" percent="97" regionsoverflowed="0" regionsstable="0" regionsrebuilding="0"/>
  </mem-info>
</gc-end>
<concurrent-start id="398" type="GMP work packet processing" contextid="392" timestamp="2019-08-11T05:38:46.417">
  <concurrent-mark-start scanTarget="12006277" />
</concurrent-start>
<exclusive-end id="399" timestamp="2019-08-11T05:38:46.417" durationms="5.732" />

<concurrent-end id="400" type="GMP work packet processing" contextid="392" timestamp="2019-08-11T05:38:46.418">
  <concurrent-mark-end bytesScanned="0" reasonForTermination="Completed all work in GC phase" />
</concurrent-end>

<exclusive-start id="401" timestamp="2019-08-11T05:38:46.546" intervalms="134.031">
  <response-info timems="0.040" idlems="0.040" threads="0" lastid="000000000239EF00" lastname="main" />
</exclusive-start>
<allocation-taxation id="402" taxation-threshold="8388608" timestamp="2019-08-11T05:38:46.546" intervalms="133.999" />
<cycle-start id="403" type="partial gc" contextid="0" timestamp="2019-08-11T05:38:46.546" intervalms="369.478" />
<gc-start id="404" type="partial gc" contextid="403" timestamp="2019-08-11T05:38:46.546">
  <mem-info id="405" free="6291456" total="39845888" percent="15">
    <mem type="eden" free="0" total="16777216" percent="0" />
    <remembered-set count="12032" freebytes="1712512" totalbytes="1760640" percent="97" regionsoverflowed="0" regionsstable="0" regionsrebuilding="0"/>
  </mem-info>
</gc-start>
<allocation-stats totalBytes="16763800" >
  <allocated-bytes non-tlh="163456" tlh="16600344" arrayletleaf="0"/>
  <largest-consumer threadName="main" threadId="000000000239EF00" bytes="8384936" />
</allocation-stats>
<gc-op id="406" type="copy forward" timems="12.338" contextid="403" timestamp="2019-08-11T05:38:46.560">
  <memory-copied type="eden" objects="21842" bytes="898648" bytesdiscarded="284008" />
  <memory-copied type="other" objects="38351" bytes="2172480" bytesdiscarded="315752" />
  <memory-cardclean objects="1222" bytes="70736" />
  <regions eden="8" other="4" />
  <remembered-set-cleared processed="1758" cleared="1291" durationms="0.074" />
  <finalization candidates="29" enqueued="0" />
  <ownableSynchronizers candidates="5" cleared="0" />
  <references type="soft" candidates="952" cleared="0" enqueued="0" dynamicThreshold="11" maxThreshold="32" />
  <references type="weak" candidates="3688" cleared="0" enqueued="0" />
  <references type="phantom" candidates="13" cleared="0" enqueued="0" />
  <stringconstants candidates="9047" cleared="0"  />
  <heap-resize type="expand" space="default" amount="2097152" count="1" timems="0.063" reason="continue current collection" />
</gc-op>
<gc-op id="407" type="classunload" timems="0.006" contextid="403" timestamp="2019-08-11T05:38:46.560">
  <classunload-info classloadercandidates="12" classloadersunloaded="0" classesunloaded="0" anonymousclassesunloaded="0" quiescems="0.000" setupms="0.006" scanms="0.000" postms="0.000" />
</gc-op>
<heap-resize id="408" type="contract" space="default" amount="2097152" count="1" timems="0.174" reason="insufficient time being spent in gc" timestamp="2019-08-11T05:38:46.560" />
<gc-end id="409" type="partial gc" contextid="403" durationms="14.604" usertimems="30.522" systemtimems="0.000" timestamp="2019-08-11T05:38:46.561" activeThreads="8">
  <mem-info id="410" free="23068672" total="39845888" percent="57">
    <mem type="eden" free="913632" total="2097152" percent="43" />
    <remembered-set count="8416" freebytes="1643136" totalbytes="1676800" percent="97" regionsoverflowed="0" regionsstable="0" regionsrebuilding="0"/>
  </mem-info>
</gc-end>
<cycle-end id="411" type="partial gc" contextid="403" timestamp="2019-08-11T05:38:46.561" />
  <attribute name="elasticGC enabled" value="1" />
  <attribute name= "numThreadsSpecified" value="8" />
  <attribute name="heapSize specified" value="0" />
  <attribute name="Current GC Util" value="81" />
  <attribute name= "Current Time Running" value="108432" />
  <attribute name ="GC Interval" value="0" />
  <attribute name="ProportionalT" value="0.500000" />
  <attribute name="ProportionalI" value="0.500000" />
  <attribute name="ProportionalH" value="0.500000" />
  <attribute name="Current Error" value="1.000000" />
  <attribute name="IntegralT" value="0.500000" />
  <attribute name="IntegralI" value="0.500000" />
  <attribute name="IntegralH" value="0.500000" />
  <attribute name="DerivativeT" value="1.000000" />
  <attribute name="DerivativeI" value="1.000000" />
  <attribute name="DerivativeH" value="1.000000" />
  <attribute name="Loop Time for DT" value="1.000000" />
  <attribute name="Output H" value="8388608"/>
  <attribute name="Output I" value="200"/>
  <attribute name="Output T" value="8"/>
  <attribute name="Target GC Util Change" value ="80.000000" />
  <attribute name="Current GC Util Change" value="81.000000"/>
  <attribute name="GC Util currently" value="81" />
  <attribute name="CPU Util currently" value="1047198437717" />
<exclusive-end id="412" timestamp="2019-08-11T05:38:46.561" durationms="15.411" />

<exclusive-start id="413" timestamp="2019-08-11T05:38:46.688" intervalms="141.967">
  <response-info timems="0.018" idlems="0.018" threads="0" lastid="000000000239EF00" lastname="main" />
</exclusive-start>
<allocation-taxation id="414" taxation-threshold="8388608" timestamp="2019-08-11T05:38:46.688" intervalms="141.958" />
<gc-start id="415" type="global mark phase" contextid="392" timestamp="2019-08-11T05:38:46.688">
  <mem-info id="416" free="14680064" total="39845888" percent="36">
    <remembered-set count="7936" freebytes="1645056" totalbytes="1676800" percent="98" regionsoverflowed="0" regionsstable="0" regionsrebuilding="0"/>
  </mem-info>
</gc-start>
<gc-op id="417" type="mark increment" timems="12.171" contextid="392" timestamp="2019-08-11T05:38:46.700">
  <trace-info objectcount="22451" scancount="19984" scanbytes="825884" />
  <cardclean-info objects="6465" bytes="277120" />
  <finalization candidates="80" enqueued="0" />
  <ownableSynchronizers candidates="22" cleared="0" />
  <references type="soft" candidates="1099" cleared="0" enqueued="0" dynamicThreshold="18" maxThreshold="32" />
  <references type="weak" candidates="4309" cleared="465" enqueued="317" />
  <references type="phantom" candidates="102" cleared="3" enqueued="3" />
  <stringconstants candidates="9253" cleared="0"  />
</gc-op>
<gc-op id="418" type="classunload" timems="0.006" contextid="392" timestamp="2019-08-11T05:38:46.700">
  <classunload-info classloadercandidates="13" classloadersunloaded="0" classesunloaded="0" anonymousclassesunloaded="0" quiescems="0.000" setupms="0.006" scanms="0.000" postms="0.000" />
</gc-op>
<gc-end id="419" type="global mark phase" contextid="392" durationms="12.447" usertimems="25.597" systemtimems="0.000" timestamp="2019-08-11T05:38:46.700" activeThreads="16">
  <mem-info id="420" free="14680064" total="39845888" percent="36">
    <pending-finalizers system="0" default="0" reference="320" classloader="0" />
    <remembered-set count="7936" freebytes="1645056" totalbytes="1676800" percent="98" regionsoverflowed="0" regionsstable="0" regionsrebuilding="0"/>
  </mem-info>
</gc-end>
<cycle-end id="421" type="global mark phase" contextid="392" timestamp="2019-08-11T05:38:46.700" />
  <attribute name="elasticGC enabled" value="1" />
  <attribute name= "numThreadsSpecified" value="16" />
  <attribute name="heapSize specified" value="0" />
  <attribute name="Current GC Util" value="241" />
  <attribute name= "Current Time Running" value="108579" />
  <attribute name ="GC Interval" value="0" />
  <attribute name="ProportionalT" value="80.500000" />
  <attribute name="ProportionalI" value="80.500000" />
  <attribute name="ProportionalH" value="80.500000" />
  <attribute name="Current Error" value="161.000000" />
  <attribute name="IntegralT" value="241.500000" />
  <attribute name="IntegralI" value="241.500000" />
  <attribute name="IntegralH" value="241.500000" />
  <attribute name="DerivativeT" value="33.000000" />
  <attribute name="DerivativeI" value="33.000000" />
  <attribute name="DerivativeH" value="33.000000" />
  <attribute name="Loop Time for DT" value="3.000000" />
  <attribute name="Output H" value="8388608"/>
  <attribute name="Output I" value="360"/>
  <attribute name="Output T" value="16"/>
  <attribute name="Target GC Util Change" value ="80.000000" />
  <attribute name="Current GC Util Change" value="241.000000"/>
  <attribute name="GC Util currently" value="241" />
  <attribute name="CPU Util currently" value="378165133773" />
<exclusive-end id="422" timestamp="2019-08-11T05:38:46.701" durationms="12.893" />

<exclusive-start id="423" timestamp="2019-08-11T05:38:46.847" intervalms="159.674">
  <response-info timems="0.043" idlems="0.043" threads="0" lastid="000000000239EF00" lastname="main" />
</exclusive-start>
<allocation-taxation id="424" taxation-threshold="8388608" timestamp="2019-08-11T05:38:46.847" intervalms="159.694" />
<cycle-start id="425" type="partial gc" contextid="0" timestamp="2019-08-11T05:38:46.847" intervalms="301.535" />
<gc-start id="426" type="partial gc" contextid="425" timestamp="2019-08-11T05:38:46.848">
  <mem-info id="427" free="6291456" total="39845888" percent="15">
    <mem type="eden" free="0" total="16777216" percent="0" />
    <remembered-set count="7936" freebytes="1645056" totalbytes="1676800" percent="98" regionsoverflowed="0" regionsstable="0" regionsrebuilding="0"/>
  </mem-info>
</gc-start>
<allocation-stats totalBytes="16770736" >
  <allocated-bytes non-tlh="682160" tlh="16088576" arrayletleaf="0"/>
  <largest-consumer threadName="main" threadId="000000000239EF00" bytes="8373768" />
</allocation-stats>
<gc-op id="428" type="sweep" timems="3.858" contextid="425" timestamp="2019-08-11T05:38:46.852" />
<gc-op id="429" type="copy forward" timems="15.754" contextid="425" timestamp="2019-08-11T05:38:46.869">
  <memory-copied type="eden" objects="9226" bytes="711304" bytesdiscarded="75712" />
  <memory-copied type="other" objects="10028" bytes="435888" bytesdiscarded="60352" />
  <memory-cardclean objects="8119" bytes="399288" />
  <regions eden="4" other="5" />
  <remembered-set-cleared processed="3310" cleared="1672" durationms="0.087" />
  <references type="soft" candidates="351" cleared="0" enqueued="0" dynamicThreshold="11" maxThreshold="32" />
  <references type="weak" candidates="1426" cleared="0" enqueued="0" />
  <references type="phantom" candidates="1" cleared="0" enqueued="0" />
  <stringconstants candidates="9701" cleared="0"  />
</gc-op>
<gc-op id="430" type="classunload" timems="0.007" contextid="425" timestamp="2019-08-11T05:38:46.869">
  <classunload-info classloadercandidates="15" classloadersunloaded="0" classesunloaded="0" anonymousclassesunloaded="0" quiescems="0.000" setupms="0.006" scanms="0.000" postms="0.000" />
</gc-op>
<gc-end id="431" type="partial gc" contextid="425" durationms="21.631" usertimems="56.314" systemtimems="0.000" timestamp="2019-08-11T05:38:46.869" activeThreads="16">
  <mem-info id="432" free="20971520" total="39845888" percent="52">
    <mem type="eden" free="1195008" total="2097152" percent="56" />
    <remembered-set count="13024" freebytes="1540864" totalbytes="1592960" percent="96" regionsoverflowed="0" regionsstable="0" regionsrebuilding="0"/>
  </mem-info>
</gc-end>
<cycle-end id="433" type="partial gc" contextid="425" timestamp="2019-08-11T05:38:46.869" />
  <attribute name="elasticGC enabled" value="1" />
  <attribute name= "numThreadsSpecified" value="16" />
  <attribute name="heapSize specified" value="0" />
  <attribute name="Current GC Util" value="130" />
  <attribute name= "Current Time Running" value="108738" />
  <attribute name ="GC Interval" value="0" />
  <attribute name="ProportionalT" value="25.000000" />
  <attribute name="ProportionalI" value="25.000000" />
  <attribute name="ProportionalH" value="25.000000" />
  <attribute name="Current Error" value="50.000000" />
  <attribute name="IntegralT" value="25.000000" />
  <attribute name="IntegralI" value="25.000000" />
  <attribute name="IntegralH" value="25.000000" />
  <attribute name="DerivativeT" value="-40.000000" />
  <attribute name="DerivativeI" value="-40.000000" />
  <attribute name="DerivativeH" value="-40.000000" />
  <attribute name="Loop Time for DT" value="1.000000" />
  <attribute name="Output H" value="8388608"/>
  <attribute name="Output I" value="200"/>
  <attribute name="Output T" value="16"/>
  <attribute name="Target GC Util Change" value ="80.000000" />
  <attribute name="Current GC Util Change" value="130.000000"/>
  <attribute name="GC Util currently" value="130" />
  <attribute name="CPU Util currently" value="1338749266652" />
<exclusive-end id="434" timestamp="2019-08-11T05:38:46.870" durationms="22.549" />

<exclusive-start id="435" timestamp="2019-08-11T05:38:46.924" intervalms="76.603">
  <response-info timems="0.039" idlems="0.039" threads="0" lastid="000000000239EF00" lastname="main" />
</exclusive-start>
<allocation-taxation id="436" taxation-threshold="8388608" timestamp="2019-08-11T05:38:46.924" intervalms="76.583" />
<cycle-start id="437" type="global mark phase" contextid="0" timestamp="2019-08-11T05:38:46.924" intervalms="512.178" />
<gc-start id="438" type="global mark phase" contextid="437" timestamp="2019-08-11T05:38:46.924">
  <mem-info id="439" free="12582912" total="39845888" percent="31">
    <remembered-set count="12608" freebytes="1542528" totalbytes="1592960" percent="96" regionsoverflowed="0" regionsstable="0" regionsrebuilding="0"/>
  </mem-info>
</gc-start>
<gc-op id="440" type="mark increment" timems="5.221" contextid="437" timestamp="2019-08-11T05:38:46.929">
  <trace-info objectcount="68573" scancount="52160" scanbytes="1825752" />
</gc-op>
<gc-end id="441" type="global mark phase" contextid="437" durationms="5.273" usertimems="22.345" systemtimems="0.000" timestamp="2019-08-11T05:38:46.929" activeThreads="16">
  <mem-info id="442" free="12582912" total="39845888" percent="31">
    <remembered-set count="12608" freebytes="1542528" totalbytes="1592960" percent="96" regionsoverflowed="0" regionsstable="0" regionsrebuilding="0"/>
  </mem-info>
</gc-end>
<concurrent-start id="443" type="GMP work packet processing" contextid="437" timestamp="2019-08-11T05:38:46.929">
  <concurrent-mark-start scanTarget="11305252" />
</concurrent-start>
<exclusive-end id="444" timestamp="2019-08-11T05:38:46.930" durationms="5.656" />

<concurrent-end id="445" type="GMP work packet processing" contextid="437" timestamp="2019-08-11T05:38:46.932">
  <concurrent-mark-end bytesScanned="300000" reasonForTermination="Completed all work in GC phase" />
</concurrent-end>

<exclusive-start id="446" timestamp="2019-08-11T05:38:47.003" intervalms="78.948">
  <response-info timems="0.027" idlems="0.027" threads="0" lastid="000000000239EF00" lastname="main" />
</exclusive-start>
<sys-start reason="explicit" id="447" timestamp="2019-08-11T05:38:47.003" intervalms="108698.203" />
<cycle-continue id="448" oldtype="global mark phase" newtype="global garbage collect" contextid="437" timestamp="2019-08-11T05:38:47.003" />
  <attribute name="elasticGC enabled" value="1" />
  <attribute name= "numThreadsSpecified" value="16" />
  <attribute name="heapSize specified" value="0" />
  <attribute name="Current GC Util" value="476" />
  <attribute name= "Current Time Running" value="108814" />
  <attribute name ="GC Interval" value="0" />
  <attribute name="ProportionalT" value="198.000000" />
  <attribute name="ProportionalI" value="198.000000" />
  <attribute name="ProportionalH" value="198.000000" />
  <attribute name="IntegralT" value="396.000000" />
  <attribute name="IntegralI" value="396.000000" />
  <attribute name="IntegralH" value="396.000000" />
  <attribute name="DerivativeT" value="111.000000" />
  <attribute name="DerivativeI" value="111.000000" />
  <attribute name="DerivativeH" value="111.000000" />
  <attribute name="Current Error" value="396.000000" />
  <attribute name="Target GC Util Change" value ="80.000000" />
  <attribute name="Current GC Util Change" value="476.000000"/>
  <attribute name="Loop Time for DT" value="2.000000" />
  <attribute name="Output H" value="8388608"/>
  <attribute name="Output I" value="712"/>
  <attribute name="Output T" value="16"/>
  <attribute name="GC Util currently" value="476" />
  <attribute name="CPU Util currently" value="397505953302" />
<gc-start id="449" type="global garbage collect" contextid="437" timestamp="2019-08-11T05:38:47.003">
  <mem-info id="450" free="9492144" total="39845888" percent="23">
    <mem type="eden" free="1103536" total="12582912" percent="8" />
    <remembered-set count="12608" freebytes="1542528" totalbytes="1592960" percent="96" regionsoverflowed="0" regionsstable="0" regionsrebuilding="0"/>
  </mem-info>
</gc-start>
<allocation-stats totalBytes="11476264" >
  <allocated-bytes non-tlh="433664" tlh="11042600" arrayletleaf="0"/>
  <largest-consumer threadName="main" threadId="000000000239EF00" bytes="3089112" />
</allocation-stats>
<gc-op id="451" type="global mark" timems="15.030" contextid="437" timestamp="2019-08-11T05:38:47.018">
  <trace-info objectcount="6602" scancount="6152" scanbytes="222308" />
  <cardclean-info objects="2695" bytes="135052" />
  <finalization candidates="80" enqueued="0" />
  <ownableSynchronizers candidates="22" cleared="0" />
  <references type="soft" candidates="1644" cleared="0" enqueued="0" dynamicThreshold="10" maxThreshold="32" />
  <references type="weak" candidates="4528" cleared="29" enqueued="26" />
  <references type="phantom" candidates="99" cleared="0" enqueued="0" />
  <stringconstants candidates="10077" cleared="3"  />
</gc-op>
<gc-op id="452" type="classunload" timems="0.613" contextid="437" timestamp="2019-08-11T05:38:47.019">
  <classunload-info classloadercandidates="18" classloadersunloaded="1" classesunloaded="1" anonymousclassesunloaded="0" quiescems="0.000" setupms="0.593" scanms="0.012" postms="0.007" />
</gc-op>
<gc-op id="453" type="sweep" timems="3.320" contextid="437" timestamp="2019-08-11T05:38:47.023" />
<gc-op id="454" type="compact" timems="10.246" contextid="437" timestamp="2019-08-11T05:38:47.033">
  <compact-info movecount="84062" movebytes="5127112" />
  <remembered-set-cleared processed="11668" cleared="11668" durationms="0.093" />
</gc-op>
<gc-end id="455" type="global garbage collect" contextid="437" durationms="30.325" usertimems="75.382" systemtimems="0.000" timestamp="2019-08-11T05:38:47.034" activeThreads="16">
  <mem-info id="456" free="23068672" total="39845888" percent="57">
    <pending-finalizers system="0" default="0" reference="26" classloader="0" />
    <remembered-set count="9728" freebytes="1554048" totalbytes="1592960" percent="97" regionsoverflowed="0" regionsstable="0" regionsrebuilding="0"/>
  </mem-info>
</gc-end>
<cycle-end id="457" type="global garbage collect" contextid="437" timestamp="2019-08-11T05:38:47.034" />
  <attribute name="elasticGC enabled" value="1" />
  <attribute name= "numThreadsSpecified" value="16" />
  <attribute name="heapSize specified" value="0" />
  <attribute name="Current GC Util" value="202" />
  <attribute name= "Current Time Running" value="108908" />
  <attribute name ="GC Interval" value="0" />
  <attribute name="ProportionalT" value="61.000000" />
  <attribute name="ProportionalI" value="61.000000" />
  <attribute name="ProportionalH" value="61.000000" />
  <attribute name="Current Error" value="122.000000" />
  <attribute name="IntegralT" value="244.000000" />
  <attribute name="IntegralI" value="244.000000" />
  <attribute name="IntegralH" value="244.000000" />
  <attribute name="DerivativeT" value="8.250000" />
  <attribute name="DerivativeI" value="8.250000" />
  <attribute name="DerivativeH" value="8.250000" />
  <attribute name="Loop Time for DT" value="4.000000" />
  <attribute name="Output H" value="8388608"/>
  <attribute name="Output I" value="320"/>
  <attribute name="Output T" value="16"/>
  <attribute name="Target GC Util Change" value ="80.000000" />
  <attribute name="Current GC Util Change" value="202.000000"/>
  <attribute name="GC Util currently" value="202" />
  <attribute name="CPU Util currently" value="322735205197" />
<sys-end id="458" timestamp="2019-08-11T05:38:47.034" />
<exclusive-end id="459" timestamp="2019-08-11T05:38:47.034" durationms="31.019" />

===== DaCapo 9.12-MR1 jython starting =====
<exclusive-start id="460" timestamp="2019-08-11T05:38:47.326" intervalms="322.679">
  <response-info timems="0.018" idlems="0.018" threads="0" lastid="000000000239EF00" lastname="main" />
</exclusive-start>
<allocation-taxation id="461" taxation-threshold="16777216" timestamp="2019-08-11T05:38:47.326" intervalms="401.625" />
<cycle-start id="462" type="partial gc" contextid="0" timestamp="2019-08-11T05:38:47.326" intervalms="478.274" />
<gc-start id="463" type="partial gc" contextid="462" timestamp="2019-08-11T05:38:47.326">
  <mem-info id="464" free="6291456" total="39845888" percent="15">
    <mem type="eden" free="0" total="16777216" percent="0" />
    <remembered-set count="9312" freebytes="1555712" totalbytes="1592960" percent="97" regionsoverflowed="0" regionsstable="0" regionsrebuilding="0"/>
  </mem-info>
</gc-start>
<allocation-stats totalBytes="16769472" >
  <allocated-bytes non-tlh="868216" tlh="15901256" arrayletleaf="0"/>
  <largest-consumer threadName="main" threadId="000000000239EF00" bytes="16769472" />
</allocation-stats>
<gc-op id="465" type="copy forward" timems="9.025" contextid="462" timestamp="2019-08-11T05:38:47.338">
  <memory-copied type="eden" objects="12358" bytes="1016848" bytesdiscarded="84200" />
  <memory-copied type="other" objects="0" bytes="0" bytesdiscarded="0" />
  <memory-cardclean objects="921" bytes="51736" />
  <regions eden="8" other="0" />
  <remembered-set-cleared processed="6215" cleared="200" durationms="0.080" />
  <references type="soft" candidates="57" cleared="0" enqueued="0" dynamicThreshold="18" maxThreshold="32" />
  <references type="weak" candidates="123" cleared="0" enqueued="0" />
  <references type="phantom" candidates="5" cleared="0" enqueued="0" />
  <stringconstants candidates="12275" cleared="0"  />
</gc-op>
<gc-op id="466" type="classunload" timems="0.006" contextid="462" timestamp="2019-08-11T05:38:47.338">
  <classunload-info classloadercandidates="18" classloadersunloaded="0" classesunloaded="0" anonymousclassesunloaded="0" quiescems="0.000" setupms="0.006" scanms="0.000" postms="0.000" />
</gc-op>
<gc-end id="467" type="partial gc" contextid="462" durationms="11.450" usertimems="32.632" systemtimems="0.000" timestamp="2019-08-11T05:38:47.338" activeThreads="16">
  <mem-info id="468" free="20971520" total="39845888" percent="52">
    <mem type="eden" free="995824" total="2097152" percent="47" />
    <remembered-set count="11168" freebytes="1548288" totalbytes="1592960" percent="97" regionsoverflowed="0" regionsstable="0" regionsrebuilding="0"/>
  </mem-info>
</gc-end>
<cycle-end id="469" type="partial gc" contextid="462" timestamp="2019-08-11T05:38:47.338" />
  <attribute name="elasticGC enabled" value="1" />
  <attribute name= "numThreadsSpecified" value="16" />
  <attribute name="heapSize specified" value="0" />
  <attribute name="Current GC Util" value="290" />
  <attribute name= "Current Time Running" value="109213" />
  <attribute name ="GC Interval" value="0" />
  <attribute name="ProportionalT" value="105.000000" />
  <attribute name="ProportionalI" value="105.000000" />
  <attribute name="ProportionalH" value="105.000000" />
  <attribute name="Current Error" value="210.000000" />
  <attribute name="IntegralT" value="105.000000" />
  <attribute name="IntegralI" value="105.000000" />
  <attribute name="IntegralH" value="105.000000" />
  <attribute name="DerivativeT" value="210.000000" />
  <attribute name="DerivativeI" value="210.000000" />
  <attribute name="DerivativeH" value="210.000000" />
  <attribute name="Loop Time for DT" value="1.000000" />
  <attribute name="Output H" value="8388608"/>
  <attribute name="Output I" value="424"/>
  <attribute name="Output T" value="16"/>
  <attribute name="Target GC Util Change" value ="80.000000" />
  <attribute name="Current GC Util Change" value="290.000000"/>
  <attribute name="GC Util currently" value="290" />
  <attribute name="CPU Util currently" value="847826164203" />
<exclusive-end id="470" timestamp="2019-08-11T05:38:47.338" durationms="12.600" />

<exclusive-start id="471" timestamp="2019-08-11T05:38:47.384" intervalms="58.186">
  <response-info timems="0.052" idlems="0.052" threads="0" lastid="000000000239EF00" lastname="main" />
</exclusive-start>
<allocation-taxation id="472" taxation-threshold="8388608" timestamp="2019-08-11T05:38:47.384" intervalms="58.195" />
<cycle-start id="473" type="global mark phase" contextid="0" timestamp="2019-08-11T05:38:47.385" intervalms="460.993" />
<gc-start id="474" type="global mark phase" contextid="473" timestamp="2019-08-11T05:38:47.385">
  <mem-info id="475" free="12582912" total="39845888" percent="31">
    <remembered-set count="9088" freebytes="1556608" totalbytes="1592960" percent="97" regionsoverflowed="0" regionsstable="1" regionsrebuilding="0"/>
  </mem-info>
</gc-start>
<gc-op id="476" type="mark increment" timems="3.521" contextid="473" timestamp="2019-08-11T05:38:47.389">
  <trace-info objectcount="204" scancount="0" scanbytes="0" />
</gc-op>
<gc-end id="477" type="global mark phase" contextid="473" durationms="3.560" usertimems="6.063" systemtimems="0.000" timestamp="2019-08-11T05:38:47.389" activeThreads="16">
  <mem-info id="478" free="12582912" total="39845888" percent="31">
    <remembered-set count="9088" freebytes="1556608" totalbytes="1592960" percent="97" regionsoverflowed="0" regionsstable="0" regionsrebuilding="1"/>
  </mem-info>
</gc-end>
<concurrent-start id="479" type="GMP work packet processing" contextid="473" timestamp="2019-08-11T05:38:47.389">
  <concurrent-mark-start scanTarget="8557206" />
</concurrent-start>
<exclusive-end id="480" timestamp="2019-08-11T05:38:47.389" durationms="4.949" />

<concurrent-end id="481" type="GMP work packet processing" contextid="473" timestamp="2019-08-11T05:38:47.393">
  <concurrent-mark-end bytesScanned="2521208" reasonForTermination="Completed all work in GC phase" />
</concurrent-end>

<exclusive-start id="482" timestamp="2019-08-11T05:38:47.427" intervalms="43.749">
  <response-info timems="0.019" idlems="0.019" threads="0" lastid="000000000239EF00" lastname="main" />
</exclusive-start>
<allocation-taxation id="483" taxation-threshold="8388608" timestamp="2019-08-11T05:38:47.428" intervalms="43.744" />
<cycle-start id="484" type="partial gc" contextid="0" timestamp="2019-08-11T05:38:47.428" intervalms="101.876" />
<gc-start id="485" type="partial gc" contextid="484" timestamp="2019-08-11T05:38:47.428">
  <mem-info id="486" free="4194304" total="39845888" percent="10">
    <mem type="eden" free="0" total="16777216" percent="0" />
    <remembered-set count="13728" freebytes="1538048" totalbytes="1592960" percent="96" regionsoverflowed="0" regionsstable="0" regionsrebuilding="1"/>
  </mem-info>
</gc-start>
<allocation-stats totalBytes="16774032" >
  <allocated-bytes non-tlh="502880" tlh="16271152" arrayletleaf="0"/>
  <largest-consumer threadName="main" threadId="000000000239EF00" bytes="8387632" />
</allocation-stats>
<gc-op id="487" type="copy forward" timems="4.130" contextid="484" timestamp="2019-08-11T05:38:47.433">
  <memory-copied type="eden" objects="9622" bytes="784024" bytesdiscarded="0" />
  <memory-copied type="other" objects="12311" bytes="740176" bytesdiscarded="0" />
  <memory-cardclean objects="650" bytes="46968" />
  <regions eden="8" other="1" />
  <remembered-set-cleared processed="8258" cleared="939" durationms="0.157" />
  <references type="soft" candidates="90" cleared="0" enqueued="0" dynamicThreshold="10" maxThreshold="32" />
  <references type="weak" candidates="151" cleared="0" enqueued="0" />
  <references type="phantom" candidates="5" cleared="0" enqueued="0" />
  <stringconstants candidates="12446" cleared="0"  />
</gc-op>
<gc-op id="488" type="classunload" timems="0.006" contextid="484" timestamp="2019-08-11T05:38:47.433">
  <classunload-info classloadercandidates="20" classloadersunloaded="0" classesunloaded="0" anonymousclassesunloaded="0" quiescems="0.000" setupms="0.005" scanms="0.000" postms="0.000" />
</gc-op>
<gc-end id="489" type="partial gc" contextid="484" durationms="5.011" usertimems="6.490" systemtimems="0.000" timestamp="2019-08-11T05:38:47.433" activeThreads="1">
  <mem-info id="490" free="18874368" total="39845888" percent="47">
    <mem type="eden" free="1313016" total="2097152" percent="62" />
    <remembered-set count="13856" freebytes="1537536" totalbytes="1592960" percent="96" regionsoverflowed="0" regionsstable="0" regionsrebuilding="1"/>
  </mem-info>
</gc-end>
<cycle-end id="491" type="partial gc" contextid="484" timestamp="2019-08-11T05:38:47.433" />
  <attribute name="elasticGC enabled" value="1" />
  <attribute name= "numThreadsSpecified" value="1" />
  <attribute name="heapSize specified" value="0" />
  <attribute name="Current GC Util" value="170" />
  <attribute name= "Current Time Running" value="109313" />
  <attribute name ="GC Interval" value="0" />
  <attribute name="ProportionalT" value="45.000000" />
  <attribute name="ProportionalI" value="45.000000" />
  <attribute name="ProportionalH" value="45.000000" />
  <attribute name="Current Error" value="90.000000" />
  <attribute name="IntegralT" value="0.000000" />
  <attribute name="IntegralI" value="0.000000" />
  <attribute name="IntegralH" value="0.000000" />
  <attribute name="DerivativeT" value="inf" />
  <attribute name="DerivativeI" value="inf" />
  <attribute name="DerivativeH" value="inf" />
  <attribute name="Loop Time for DT" value="0.000000" />
  <attribute name="Output H" value="8388608"/>
  <attribute name="Output I" value="200"/>
  <attribute name="Output T" value="1"/>
  <attribute name="Target GC Util Change" value ="80.000000" />
  <attribute name="Current GC Util Change" value="170.000000"/>
  <attribute name="GC Util currently" value="170" />
  <attribute name="CPU Util currently" value="2320032309534" />
<exclusive-end id="492" timestamp="2019-08-11T05:38:47.433" durationms="5.551" />

<exclusive-start id="493" timestamp="2019-08-11T05:38:47.448" intervalms="20.926">
  <response-info timems="0.018" idlems="0.018" threads="0" lastid="000000000239EF00" lastname="main" />
</exclusive-start>
<allocation-taxation id="494" taxation-threshold="8388608" timestamp="2019-08-11T05:38:47.448" intervalms="20.923" />
<gc-start id="495" type="global mark phase" contextid="473" timestamp="2019-08-11T05:38:47.448">
  <mem-info id="496" free="10485760" total="39845888" percent="26">
    <remembered-set count="13824" freebytes="1537664" totalbytes="1592960" percent="96" regionsoverflowed="0" regionsstable="0" regionsrebuilding="1"/>
  </mem-info>
</gc-start>
<gc-op id="497" type="mark increment" timems="7.529" contextid="473" timestamp="2019-08-11T05:38:47.456">
  <trace-info objectcount="16750" scancount="15263" scanbytes="670528" />
  <cardclean-info objects="975" bytes="52876" />
  <finalization candidates="80" enqueued="0" />
  <ownableSynchronizers candidates="22" cleared="0" />
  <references type="soft" candidates="1731" cleared="0" enqueued="0" dynamicThreshold="15" maxThreshold="32" />
  <references type="weak" candidates="4624" cleared="19" enqueued="16" />
  <references type="phantom" candidates="103" cleared="3" enqueued="3" />
  <stringconstants candidates="12446" cleared="1371"  />
</gc-op>
<gc-op id="498" type="classunload" timems="5.316" contextid="473" timestamp="2019-08-11T05:38:47.461">
  <classunload-info classloadercandidates="20" classloadersunloaded="1" classesunloaded="508" anonymousclassesunloaded="0" quiescems="0.000" setupms="2.075" scanms="3.225" postms="0.015" />
</gc-op>
<gc-end id="499" type="global mark phase" contextid="473" durationms="13.073" usertimems="21.863" systemtimems="0.000" timestamp="2019-08-11T05:38:47.462" activeThreads="16">
  <mem-info id="500" free="10485760" total="39845888" percent="26">
    <pending-finalizers system="0" default="0" reference="19" classloader="0" />
    <remembered-set count="14336" freebytes="1535616" totalbytes="1592960" percent="96" regionsoverflowed="0" regionsstable="0" regionsrebuilding="0"/>
  </mem-info>
</gc-end>
<cycle-end id="501" type="global mark phase" contextid="473" timestamp="2019-08-11T05:38:47.462" />
  <attribute name="elasticGC enabled" value="1" />
  <attribute name= "numThreadsSpecified" value="16" />
  <attribute name="heapSize specified" value="0" />
  <attribute name="Current GC Util" value="144" />
  <attribute name= "Current Time Running" value="109337" />
  <attribute name ="GC Interval" value="0" />
  <attribute name="ProportionalT" value="32.000000" />
  <attribute name="ProportionalI" value="32.000000" />
  <attribute name="ProportionalH" value="32.000000" />
  <attribute name="Current Error" value="64.000000" />
  <attribute name="IntegralT" value="64.000000" />
  <attribute name="IntegralI" value="64.000000" />
  <attribute name="IntegralH" value="64.000000" />
  <attribute name="DerivativeT" value="-49.000000" />
  <attribute name="DerivativeI" value="-49.000000" />
  <attribute name="DerivativeH" value="-49.000000" />
  <attribute name="Loop Time for DT" value="2.000000" />
  <attribute name="Output H" value="8388608"/>
  <attribute name="Output I" value="200"/>
  <attribute name="Output T" value="16"/>
  <attribute name="Target GC Util Change" value ="80.000000" />
  <attribute name="Current GC Util Change" value="144.000000"/>
  <attribute name="GC Util currently" value="144" />
  <attribute name="CPU Util currently" value="626334512510" />
<exclusive-end id="502" timestamp="2019-08-11T05:38:47.462" durationms="13.999" />

<exclusive-start id="503" timestamp="2019-08-11T05:38:47.499" intervalms="51.022">
  <response-info timems="0.987" idlems="0.523" threads="1" lastid="00000000023A6700" lastname="JIT Compilation Thread-1" />
</exclusive-start>
<allocation-taxation id="504" taxation-threshold="8388608" timestamp="2019-08-11T05:38:47.499" intervalms="51.024" />
<cycle-start id="505" type="partial gc" contextid="0" timestamp="2019-08-11T05:38:47.500" intervalms="71.943" />
<gc-start id="506" type="partial gc" contextid="505" timestamp="2019-08-11T05:38:47.500">
  <mem-info id="507" free="2097152" total="39845888" percent="5">
    <mem type="eden" free="0" total="16777216" percent="0" />
    <remembered-set count="14336" freebytes="1535616" totalbytes="1592960" percent="96" regionsoverflowed="0" regionsstable="0" regionsrebuilding="0"/>
  </mem-info>
</gc-start>
<allocation-stats totalBytes="16775320" >
  <allocated-bytes non-tlh="203824" tlh="16571496" arrayletleaf="0"/>
  <largest-consumer threadName="main" threadId="000000000239EF00" bytes="8375336" />
</allocation-stats>
<gc-op id="508" type="sweep" timems="2.548" contextid="505" timestamp="2019-08-11T05:38:47.503" />
<gc-op id="509" type="copy forward" timems="24.211" contextid="505" timestamp="2019-08-11T05:38:47.529">
  <memory-copied type="eden" objects="0" bytes="0" bytesdiscarded="0" />
  <memory-copied type="other" objects="1195" bytes="68112" bytesdiscarded="17472" />
  <memory-cardclean objects="527" bytes="38768" />
  <memory-traced type="eden" objects="3866" bytes="152360" />
  <memory-traced type="other" objects="0" bytes="0" />
  <regions eden="4" other="5" evacuated="5" marked="4" />
  <remembered-set-cleared processed="9290" cleared="1023" durationms="0.123" />
  <references type="soft" candidates="45" cleared="0" enqueued="0" dynamicThreshold="8" maxThreshold="32" />
  <references type="weak" candidates="30" cleared="0" enqueued="0" />
  <references type="phantom" candidates="1" cleared="0" enqueued="0" />
  <stringconstants candidates="11140" cleared="0"  />
</gc-op>
<gc-op id="510" type="classunload" timems="0.010" contextid="505" timestamp="2019-08-11T05:38:47.529">
  <classunload-info classloadercandidates="20" classloadersunloaded="0" classesunloaded="0" anonymousclassesunloaded="0" quiescems="0.000" setupms="0.010" scanms="0.000" postms="0.000" />
</gc-op>
<gc-op id="511" type="sweep" timems="3.407" contextid="505" timestamp="2019-08-11T05:38:47.532" />
<gc-op id="512" type="compact" timems="4.946" contextid="505" timestamp="2019-08-11T05:38:47.537">
  <compact-info movecount="4593" movebytes="439544" />
  <remembered-set-cleared processed="18704" cleared="1835" durationms="0.268" />
</gc-op>
<heap-resize id="513" type="expand" space="default" amount="8388608" count="1" timems="0.090" reason="excessive time being spent in gc" timestamp="2019-08-11T05:38:47.538" />
<gc-end id="514" type="partial gc" contextid="505" durationms="37.760" usertimems="68.255" systemtimems="0.000" timestamp="2019-08-11T05:38:47.538" activeThreads="16">
  <mem-info id="515" free="25165824" total="48234496" percent="52">
    <mem type="eden" free="1657608" total="2097152" percent="79" />
    <remembered-set count="13984" freebytes="1872384" totalbytes="1928320" percent="97" regionsoverflowed="0" regionsstable="0" regionsrebuilding="0"/>
  </mem-info>
</gc-end>
<cycle-end id="516" type="partial gc" contextid="505" timestamp="2019-08-11T05:38:47.538" />
  <attribute name="elasticGC enabled" value="1" />
  <attribute name= "numThreadsSpecified" value="16" />
  <attribute name="heapSize specified" value="0" />
  <attribute name="Current GC Util" value="188" />
  <attribute name= "Current Time Running" value="109417" />
  <attribute name ="GC Interval" value="0" />
  <attribute name="ProportionalT" value="54.000000" />
  <attribute name="ProportionalI" value="54.000000" />
  <attribute name="ProportionalH" value="54.000000" />
  <attribute name="Current Error" value="108.000000" />
  <attribute name="IntegralT" value="162.000000" />
  <attribute name="IntegralI" value="162.000000" />
  <attribute name="IntegralH" value="162.000000" />
  <attribute name="DerivativeT" value="16.000000" />
  <attribute name="DerivativeI" value="16.000000" />
  <attribute name="DerivativeH" value="16.000000" />
  <attribute name="Loop Time for DT" value="3.000000" />
  <attribute name="Output H" value="8388608"/>
  <attribute name="Output I" value="232"/>
  <attribute name="Output T" value="16"/>
  <attribute name="Target GC Util Change" value ="80.000000" />
  <attribute name="Current GC Util Change" value="188.000000"/>
  <attribute name="GC Util currently" value="188" />
  <attribute name="CPU Util currently" value="331785135809" />
<exclusive-end id="517" timestamp="2019-08-11T05:38:47.538" durationms="38.531" />

<exclusive-start id="518" timestamp="2019-08-11T05:38:47.644" intervalms="144.519">
  <response-info timems="0.105" idlems="0.105" threads="0" lastid="000000000239EF00" lastname="main" />
</exclusive-start>
<allocation-taxation id="519" taxation-threshold="18874368" timestamp="2019-08-11T05:38:47.644" intervalms="144.521" />
<cycle-start id="520" type="partial gc" contextid="0" timestamp="2019-08-11T05:38:47.645" intervalms="145.618" />
<gc-start id="521" type="partial gc" contextid="520" timestamp="2019-08-11T05:38:47.645">
  <mem-info id="522" free="6291456" total="48234496" percent="13">
    <mem type="eden" free="0" total="18874368" percent="0" />
    <remembered-set count="13984" freebytes="1872384" totalbytes="1928320" percent="97" regionsoverflowed="0" regionsstable="0" regionsrebuilding="0"/>
  </mem-info>
</gc-start>
<allocation-stats totalBytes="18872024" >
  <allocated-bytes non-tlh="213304" tlh="18658720" arrayletleaf="0"/>
  <largest-consumer threadName="main" threadId="000000000239EF00" bytes="18872024" />
</allocation-stats>
<gc-op id="523" type="copy forward" timems="23.215" contextid="520" timestamp="2019-08-11T05:38:47.671">
  <memory-copied type="eden" objects="30966" bytes="1581176" bytesdiscarded="76472" />
  <memory-copied type="other" objects="13482" bytes="521352" bytesdiscarded="43464" />
  <memory-cardclean objects="1403" bytes="98656" />
  <regions eden="9" other="5" />
  <remembered-set-cleared processed="8665" cleared="4297" durationms="0.173" />
  <references type="soft" candidates="629" cleared="0" enqueued="0" dynamicThreshold="16" maxThreshold="32" />
  <references type="weak" candidates="940" cleared="0" enqueued="0" />
  <references type="phantom" candidates="1" cleared="0" enqueued="0" />
  <stringconstants candidates="11326" cleared="0"  />
</gc-op>
<gc-op id="524" type="classunload" timems="0.011" contextid="520" timestamp="2019-08-11T05:38:47.671">
  <classunload-info classloadercandidates="21" classloadersunloaded="0" classesunloaded="0" anonymousclassesunloaded="0" quiescems="0.000" setupms="0.010" scanms="0.000" postms="0.000" />
</gc-op>
<gc-end id="525" type="partial gc" contextid="520" durationms="26.156" usertimems="56.507" systemtimems="0.000" timestamp="2019-08-11T05:38:47.672" activeThreads="16">
  <mem-info id="526" free="29360128" total="48234496" percent="60">
    <mem type="eden" free="439408" total="2097152" percent="20" />
    <remembered-set count="14528" freebytes="1870208" totalbytes="1928320" percent="96" regionsoverflowed="0" regionsstable="0" regionsrebuilding="0"/>
  </mem-info>
</gc-end>
<cycle-end id="527" type="partial gc" contextid="520" timestamp="2019-08-11T05:38:47.672" />
  <attribute name="elasticGC enabled" value="1" />
  <attribute name= "numThreadsSpecified" value="16" />
  <attribute name="heapSize specified" value="0" />
  <attribute name="Current GC Util" value="187" />
  <attribute name= "Current Time Running" value="109533" />
  <attribute name ="GC Interval" value="0" />
  <attribute name="ProportionalT" value="53.500000" />
  <attribute name="ProportionalI" value="53.500000" />
  <attribute name="ProportionalH" value="53.500000" />
  <attribute name="Current Error" value="107.000000" />
  <attribute name="IntegralT" value="107.000000" />
  <attribute name="IntegralI" value="107.000000" />
  <attribute name="IntegralH" value="107.000000" />
  <attribute name="DerivativeT" value="53.500000" />
  <attribute name="DerivativeI" value="53.500000" />
  <attribute name="DerivativeH" value="53.500000" />
  <attribute name="Loop Time for DT" value="2.000000" />
  <attribute name="Output H" value="8388608"/>
  <attribute name="Output I" value="216"/>
  <attribute name="Output T" value="16"/>
  <attribute name="Target GC Util Change" value ="80.000000" />
  <attribute name="Current GC Util Change" value="187.000000"/>
  <attribute name="GC Util currently" value="187" />
  <attribute name="CPU Util currently" value="475587851124" />
<exclusive-end id="528" timestamp="2019-08-11T05:38:47.672" durationms="28.261" />

<exclusive-start id="529" timestamp="2019-08-11T05:38:47.855" intervalms="210.806">
  <response-info timems="0.049" idlems="0.049" threads="0" lastid="000000000239EF00" lastname="main" />
</exclusive-start>
<allocation-taxation id="530" taxation-threshold="18874368" timestamp="2019-08-11T05:38:47.855" intervalms="210.821" />
<cycle-start id="531" type="partial gc" contextid="0" timestamp="2019-08-11T05:38:47.855" intervalms="209.728" />
<gc-start id="532" type="partial gc" contextid="531" timestamp="2019-08-11T05:38:47.855">
  <mem-info id="533" free="10485760" total="48234496" percent="21">
    <mem type="eden" free="0" total="18874368" percent="0" />
    <remembered-set count="14208" freebytes="1871488" totalbytes="1928320" percent="97" regionsoverflowed="0" regionsstable="0" regionsrebuilding="0"/>
  </mem-info>
</gc-start>
<allocation-stats totalBytes="18869600" >
  <allocated-bytes non-tlh="638424" tlh="18231176" arrayletleaf="0"/>
  <largest-consumer threadName="main" threadId="000000000239EF00" bytes="18869600" />
</allocation-stats>
<gc-op id="534" type="copy forward" timems="17.588" contextid="531" timestamp="2019-08-11T05:38:47.874">
  <memory-copied type="eden" objects="16968" bytes="1009320" bytesdiscarded="100208" />
  <memory-copied type="other" objects="9592" bytes="371600" bytesdiscarded="32480" />
  <memory-cardclean objects="2566" bytes="121376" />
  <regions eden="9" other="2" />
  <remembered-set-cleared processed="8143" cleared="3136" durationms="0.152" />
  <finalization candidates="1" enqueued="1" />
  <references type="soft" candidates="82" cleared="0" enqueued="0" dynamicThreshold="19" maxThreshold="32" />
  <references type="weak" candidates="1534" cleared="0" enqueued="0" />
  <references type="phantom" candidates="1" cleared="0" enqueued="0" />
  <stringconstants candidates="11676" cleared="0"  />
</gc-op>
<gc-op id="535" type="classunload" timems="0.008" contextid="531" timestamp="2019-08-11T05:38:47.874">
  <classunload-info classloadercandidates="26" classloadersunloaded="0" classesunloaded="0" anonymousclassesunloaded="0" quiescems="0.000" setupms="0.007" scanms="0.000" postms="0.000" />
</gc-op>
<gc-end id="536" type="partial gc" contextid="531" durationms="18.748" usertimems="42.753" systemtimems="0.000" timestamp="2019-08-11T05:38:47.874" activeThreads="16">
  <mem-info id="537" free="29360128" total="48234496" percent="60">
    <mem type="eden" free="987256" total="2097152" percent="47" />
    <pending-finalizers system="0" default="1" reference="0" classloader="0" />
    <remembered-set count="14976" freebytes="1868416" totalbytes="1928320" percent="96" regionsoverflowed="0" regionsstable="0" regionsrebuilding="0"/>
  </mem-info>
</gc-end>
<cycle-end id="538" type="partial gc" contextid="531" timestamp="2019-08-11T05:38:47.874" />
  <attribute name="elasticGC enabled" value="1" />
  <attribute name= "numThreadsSpecified" value="16" />
  <attribute name="heapSize specified" value="0" />
  <attribute name="Current GC Util" value="119" />
  <attribute name= "Current Time Running" value="109741" />
  <attribute name ="GC Interval" value="0" />
  <attribute name="ProportionalT" value="19.500000" />
  <attribute name="ProportionalI" value="19.500000" />
  <attribute name="ProportionalH" value="19.500000" />
  <attribute name="Current Error" value="39.000000" />
  <attribute name="IntegralT" value="19.500000" />
  <attribute name="IntegralI" value="19.500000" />
  <attribute name="IntegralH" value="19.500000" />
  <attribute name="DerivativeT" value="39.000000" />
  <attribute name="DerivativeI" value="39.000000" />
  <attribute name="DerivativeH" value="39.000000" />
  <attribute name="Loop Time for DT" value="1.000000" />
  <attribute name="Output H" value="8388608"/>
  <attribute name="Output I" value="200"/>
  <attribute name="Output T" value="16"/>
  <attribute name="Target GC Util Change" value ="80.000000" />
  <attribute name="Current GC Util Change" value="119.000000"/>
  <attribute name="GC Util currently" value="119" />
  <attribute name="CPU Util currently" value="1696990095558" />
<exclusive-end id="539" timestamp="2019-08-11T05:38:47.874" durationms="19.297" />

<exclusive-start id="540" timestamp="2019-08-11T05:38:47.965" intervalms="110.318">
  <response-info timems="0.037" idlems="0.037" threads="0" lastid="000000000239EF00" lastname="main" />
</exclusive-start>
<allocation-taxation id="541" taxation-threshold="18874368" timestamp="2019-08-11T05:38:47.965" intervalms="110.301" />
<cycle-start id="542" type="partial gc" contextid="0" timestamp="2019-08-11T05:38:47.965" intervalms="110.319" />
<gc-start id="543" type="partial gc" contextid="542" timestamp="2019-08-11T05:38:47.966">
  <mem-info id="544" free="10485760" total="48234496" percent="21">
    <mem type="eden" free="0" total="18874368" percent="0" />
    <remembered-set count="14496" freebytes="1870336" totalbytes="1928320" percent="96" regionsoverflowed="0" regionsstable="0" regionsrebuilding="0"/>
  </mem-info>
</gc-start>
<allocation-stats totalBytes="18870152" >
  <allocated-bytes non-tlh="813264" tlh="18056888" arrayletleaf="0"/>
  <largest-consumer threadName="main" threadId="000000000239EF00" bytes="18865936" />
</allocation-stats>
<gc-op id="545" type="copy forward" timems="20.161" contextid="542" timestamp="2019-08-11T05:38:47.988">
  <memory-copied type="eden" objects="28219" bytes="1697624" bytesdiscarded="226760" />
  <memory-copied type="other" objects="7384" bytes="917864" bytesdiscarded="77680" />
  <memory-cardclean objects="15054" bytes="733440" />
  <regions eden="9" other="2" />
  <remembered-set-cleared processed="6490" cleared="4540" durationms="0.240" />
  <finalization candidates="38" enqueued="0" />
  <ownableSynchronizers candidates="17" cleared="0" />
  <references type="soft" candidates="60" cleared="0" enqueued="0" dynamicThreshold="19" maxThreshold="32" />
  <references type="weak" candidates="823" cleared="0" enqueued="0" />
  <references type="phantom" candidates="34" cleared="0" enqueued="0" />
  <stringconstants candidates="11804" cleared="6"  />
</gc-op>
<gc-op id="546" type="classunload" timems="0.497" contextid="542" timestamp="2019-08-11T05:38:47.988">
  <classunload-info classloadercandidates="28" classloadersunloaded="1" classesunloaded="1" anonymousclassesunloaded="0" quiescems="0.000" setupms="0.483" scanms="0.010" postms="0.004" />
</gc-op>
<gc-end id="547" type="partial gc" contextid="542" durationms="22.825" usertimems="52.951" systemtimems="0.000" timestamp="2019-08-11T05:38:47.989" activeThreads="16">
  <mem-info id="548" free="29360128" total="48234496" percent="60">
    <mem type="eden" free="172664" total="2097152" percent="8" />
    <remembered-set count="14528" freebytes="1870208" totalbytes="1928320" percent="96" regionsoverflowed="0" regionsstable="0" regionsrebuilding="0"/>
  </mem-info>
</gc-end>
<cycle-end id="549" type="partial gc" contextid="542" timestamp="2019-08-11T05:38:47.989" />
  <attribute name="elasticGC enabled" value="1" />
  <attribute name= "numThreadsSpecified" value="16" />
  <attribute name="heapSize specified" value="0" />
  <attribute name="Current GC Util" value="229" />
  <attribute name= "Current Time Running" value="109853" />
  <attribute name ="GC Interval" value="0" />
  <attribute name="ProportionalT" value="74.500000" />
  <attribute name="ProportionalI" value="74.500000" />
  <attribute name="ProportionalH" value="74.500000" />
  <attribute name="Current Error" value="149.000000" />
  <attribute name="IntegralT" value="149.000000" />
  <attribute name="IntegralI" value="149.000000" />
  <attribute name="IntegralH" value="149.000000" />
  <attribute name="DerivativeT" value="74.500000" />
  <attribute name="DerivativeI" value="74.500000" />
  <attribute name="DerivativeH" value="74.500000" />
  <attribute name="Loop Time for DT" value="2.000000" />
  <attribute name="Output H" value="8388608"/>
  <attribute name="Output I" value="304"/>
  <attribute name="Output T" value="16"/>
  <attribute name="Target GC Util Change" value ="80.000000" />
  <attribute name="Current GC Util Change" value="229.000000"/>
  <attribute name="GC Util currently" value="229" />
  <attribute name="CPU Util currently" value="703784515429" />
<exclusive-end id="550" timestamp="2019-08-11T05:38:47.989" durationms="23.628" />

<exclusive-start id="551" timestamp="2019-08-11T05:38:48.110" intervalms="145.248">
  <response-info timems="0.023" idlems="0.023" threads="0" lastid="000000000239EF00" lastname="main" />
</exclusive-start>
<allocation-taxation id="552" taxation-threshold="18874368" timestamp="2019-08-11T05:38:48.110" intervalms="145.271" />
<cycle-start id="553" type="partial gc" contextid="0" timestamp="2019-08-11T05:38:48.110" intervalms="145.220" />
<gc-start id="554" type="partial gc" contextid="553" timestamp="2019-08-11T05:38:48.111">
  <mem-info id="555" free="10485760" total="48234496" percent="21">
    <mem type="eden" free="0" total="18874368" percent="0" />
    <remembered-set count="14528" freebytes="1870208" totalbytes="1928320" percent="96" regionsoverflowed="0" regionsstable="0" regionsrebuilding="0"/>
  </mem-info>
</gc-start>
<allocation-stats totalBytes="18871168" >
  <allocated-bytes non-tlh="1295344" tlh="17575824" arrayletleaf="0"/>
  <largest-consumer threadName="main" threadId="000000000239EF00" bytes="18871168" />
</allocation-stats>
<gc-op id="556" type="copy forward" timems="14.232" contextid="553" timestamp="2019-08-11T05:38:48.127">
  <memory-copied type="eden" objects="9582" bytes="667512" bytesdiscarded="53984" />
  <memory-copied type="other" objects="963" bytes="41488" bytesdiscarded="6704" />
  <memory-cardclean objects="535" bytes="35600" />
  <regions eden="9" other="1" />
  <remembered-set-cleared processed="8735" cleared="2116" durationms="0.120" />
  <references type="soft" candidates="119" cleared="0" enqueued="0" dynamicThreshold="19" maxThreshold="32" />
  <references type="weak" candidates="274" cleared="0" enqueued="0" />
  <references type="phantom" candidates="1" cleared="0" enqueued="0" />
  <stringconstants candidates="12323" cleared="3"  />
</gc-op>
<gc-op id="557" type="classunload" timems="0.864" contextid="553" timestamp="2019-08-11T05:38:48.127">
  <classunload-info classloadercandidates="34" classloadersunloaded="1" classesunloaded="1" anonymousclassesunloaded="0" quiescems="0.000" setupms="0.841" scanms="0.017" postms="0.006" />
</gc-op>
<heap-resize id="558" type="expand" space="default" amount="4194304" count="1" timems="0.101" reason="excessive time being spent in gc" timestamp="2019-08-11T05:38:48.128" />
<gc-end id="559" type="partial gc" contextid="553" durationms="17.011" usertimems="36.791" systemtimems="0.000" timestamp="2019-08-11T05:38:48.128" activeThreads="16">
  <mem-info id="560" free="31457280" total="52428800" percent="60">
    <mem type="eden" free="1375248" total="2097152" percent="65" />
    <remembered-set count="14464" freebytes="2038144" totalbytes="2096000" percent="97" regionsoverflowed="0" regionsstable="0" regionsrebuilding="0"/>
  </mem-info>
</gc-end>
<cycle-end id="561" type="partial gc" contextid="553" timestamp="2019-08-11T05:38:48.128" />
  <attribute name="elasticGC enabled" value="1" />
  <attribute name= "numThreadsSpecified" value="16" />
  <attribute name="heapSize specified" value="0" />
  <attribute name="Current GC Util" value="147" />
  <attribute name= "Current Time Running" value="109997" />
  <attribute name ="GC Interval" value="0" />
  <attribute name="ProportionalT" value="33.500000" />
  <attribute name="ProportionalI" value="33.500000" />
  <attribute name="ProportionalH" value="33.500000" />
  <attribute name="Current Error" value="67.000000" />
  <attribute name="IntegralT" value="33.500000" />
  <attribute name="IntegralI" value="33.500000" />
  <attribute name="IntegralH" value="33.500000" />
  <attribute name="DerivativeT" value="67.000000" />
  <attribute name="DerivativeI" value="67.000000" />
  <attribute name="DerivativeH" value="67.000000" />
  <attribute name="Loop Time for DT" value="1.000000" />
  <attribute name="Output H" value="8388608"/>
  <attribute name="Output I" value="200"/>
  <attribute name="Output T" value="16"/>
  <attribute name="Target GC Util Change" value ="80.000000" />
  <attribute name="Current GC Util Change" value="147.000000"/>
  <attribute name="GC Util currently" value="147" />
  <attribute name="CPU Util currently" value="999880747122" />
<exclusive-end id="562" timestamp="2019-08-11T05:38:48.128" durationms="17.678" />

<exclusive-start id="563" timestamp="2019-08-11T05:38:48.201" intervalms="90.740">
  <response-info timems="0.043" idlems="0.043" threads="0" lastid="000000000239EF00" lastname="main" />
</exclusive-start>
<allocation-taxation id="564" taxation-threshold="20971520" timestamp="2019-08-11T05:38:48.201" intervalms="90.725" />
<cycle-start id="565" type="partial gc" contextid="0" timestamp="2019-08-11T05:38:48.201" intervalms="90.754" />
<gc-start id="566" type="partial gc" contextid="565" timestamp="2019-08-11T05:38:48.201">
  <mem-info id="567" free="10485760" total="52428800" percent="20">
    <mem type="eden" free="0" total="20971520" percent="0" />
    <remembered-set count="14144" freebytes="2039424" totalbytes="2096000" percent="97" regionsoverflowed="0" regionsstable="0" regionsrebuilding="0"/>
  </mem-info>
</gc-start>
<allocation-stats totalBytes="20969248" >
  <allocated-bytes non-tlh="619904" tlh="20349344" arrayletleaf="0"/>
  <largest-consumer threadName="main" threadId="000000000239EF00" bytes="20969248" />
</allocation-stats>
<gc-op id="568" type="copy forward" timems="11.194" contextid="565" timestamp="2019-08-11T05:38:48.213">
  <memory-copied type="eden" objects="19518" bytes="1115512" bytesdiscarded="100472" />
  <memory-copied type="other" objects="5164" bytes="197256" bytesdiscarded="14616" />
  <memory-cardclean objects="504" bytes="37808" />
  <regions eden="10" other="1" />
  <remembered-set-cleared processed="7988" cleared="1235" durationms="0.226" />
  <references type="soft" candidates="130" cleared="0" enqueued="0" dynamicThreshold="19" maxThreshold="32" />
  <references type="weak" candidates="340" cleared="0" enqueued="0" />
  <references type="phantom" candidates="1" cleared="0" enqueued="0" />
  <stringconstants candidates="12479" cleared="0"  />
</gc-op>
<gc-op id="569" type="classunload" timems="0.010" contextid="565" timestamp="2019-08-11T05:38:48.213">
  <classunload-info classloadercandidates="36" classloadersunloaded="0" classesunloaded="0" anonymousclassesunloaded="0" quiescems="0.000" setupms="0.010" scanms="0.000" postms="0.000" />
</gc-op>
<heap-resize id="570" type="expand" space="default" amount="6291456" count="1" timems="0.099" reason="excessive time being spent in gc" timestamp="2019-08-11T05:38:48.214" />
<gc-end id="571" type="partial gc" contextid="565" durationms="12.403" usertimems="30.501" systemtimems="0.000" timestamp="2019-08-11T05:38:48.214" activeThreads="16">
  <mem-info id="572" free="35651584" total="58720256" percent="60">
    <mem type="eden" free="880952" total="2097152" percent="42" />
    <remembered-set count="15360" freebytes="2286080" totalbytes="2347520" percent="97" regionsoverflowed="0" regionsstable="0" regionsrebuilding="0"/>
  </mem-info>
</gc-end>
<cycle-end id="573" type="partial gc" contextid="565" timestamp="2019-08-11T05:38:48.214" />
  <attribute name="elasticGC enabled" value="1" />
  <attribute name= "numThreadsSpecified" value="16" />
  <attribute name="heapSize specified" value="0" />
  <attribute name="Current GC Util" value="137" />
  <attribute name= "Current Time Running" value="110087" />
  <attribute name ="GC Interval" value="0" />
  <attribute name="ProportionalT" value="28.500000" />
  <attribute name="ProportionalI" value="28.500000" />
  <attribute name="ProportionalH" value="28.500000" />
  <attribute name="Current Error" value="57.000000" />
  <attribute name="IntegralT" value="28.500000" />
  <attribute name="IntegralI" value="28.500000" />
  <attribute name="IntegralH" value="28.500000" />
  <attribute name="DerivativeT" value="57.000000" />
  <attribute name="DerivativeI" value="57.000000" />
  <attribute name="DerivativeH" value="57.000000" />
  <attribute name="Loop Time for DT" value="1.000000" />
  <attribute name="Output H" value="8388608"/>
  <attribute name="Output I" value="200"/>
  <attribute name="Output T" value="16"/>
  <attribute name="Target GC Util Change" value ="80.000000" />
  <attribute name="Current GC Util Change" value="137.000000"/>
  <attribute name="GC Util currently" value="137" />
  <attribute name="CPU Util currently" value="1786251118197" />
<exclusive-end id="574" timestamp="2019-08-11T05:38:48.214" durationms="12.936" />

<exclusive-start id="575" timestamp="2019-08-11T05:38:48.299" intervalms="98.096">
  <response-info timems="0.055" idlems="0.055" threads="0" lastid="000000000239EF00" lastname="main" />
</exclusive-start>
<allocation-taxation id="576" taxation-threshold="20971520" timestamp="2019-08-11T05:38:48.299" intervalms="98.095" />
<cycle-start id="577" type="partial gc" contextid="0" timestamp="2019-08-11T05:38:48.299" intervalms="98.075" />
<gc-start id="578" type="partial gc" contextid="577" timestamp="2019-08-11T05:38:48.299">
  <mem-info id="579" free="14680064" total="58720256" percent="25">
    <mem type="eden" free="0" total="20971520" percent="0" />
    <remembered-set count="15040" freebytes="2287360" totalbytes="2347520" percent="97" regionsoverflowed="0" regionsstable="0" regionsrebuilding="0"/>
  </mem-info>
</gc-start>
<allocation-stats totalBytes="20968312" >
  <allocated-bytes non-tlh="266312" tlh="20702000" arrayletleaf="0"/>
  <largest-consumer threadName="main" threadId="000000000239EF00" bytes="20968312" />
</allocation-stats>
<gc-op id="580" type="copy forward" timems="5.980" contextid="577" timestamp="2019-08-11T05:38:48.307">
  <memory-copied type="eden" objects="21199" bytes="913384" bytesdiscarded="0" />
  <memory-copied type="other" objects="1695" bytes="66688" bytesdiscarded="0" />
  <memory-cardclean objects="177" bytes="21232" />
  <regions eden="10" other="1" />
  <remembered-set-cleared processed="8928" cleared="1171" durationms="0.361" />
  <references type="soft" candidates="37" cleared="0" enqueued="0" dynamicThreshold="19" maxThreshold="32" />
  <references type="weak" candidates="87" cleared="0" enqueued="0" />
  <stringconstants candidates="12490" cleared="0"  />
</gc-op>
<gc-op id="581" type="classunload" timems="0.009" contextid="577" timestamp="2019-08-11T05:38:48.307">
  <classunload-info classloadercandidates="37" classloadersunloaded="0" classesunloaded="0" anonymousclassesunloaded="0" quiescems="0.000" setupms="0.008" scanms="0.000" postms="0.000" />
</gc-op>
<heap-resize id="582" type="expand" space="default" amount="4194304" count="1" timems="0.155" reason="excessive time being spent in gc" timestamp="2019-08-11T05:38:48.307" />
<gc-end id="583" type="partial gc" contextid="577" durationms="7.431" usertimems="11.098" systemtimems="0.000" timestamp="2019-08-11T05:38:48.307" activeThreads="1">
  <mem-info id="584" free="37748736" total="62914560" percent="60">
    <mem type="eden" free="1183744" total="2097152" percent="56" />
    <remembered-set count="16224" freebytes="2450304" totalbytes="2515200" percent="97" regionsoverflowed="0" regionsstable="0" regionsrebuilding="0"/>
  </mem-info>
</gc-end>
<cycle-end id="585" type="partial gc" contextid="577" timestamp="2019-08-11T05:38:48.307" />
  <attribute name="elasticGC enabled" value="1" />
  <attribute name= "numThreadsSpecified" value="1" />
  <attribute name="heapSize specified" value="0" />
  <attribute name="Current GC Util" value="120" />
  <attribute name= "Current Time Running" value="110185" />
  <attribute name ="GC Interval" value="0" />
  <attribute name="ProportionalT" value="20.000000" />
  <attribute name="ProportionalI" value="20.000000" />
  <attribute name="ProportionalH" value="20.000000" />
  <attribute name="Current Error" value="40.000000" />
  <attribute name="IntegralT" value="0.000000" />
  <attribute name="IntegralI" value="0.000000" />
  <attribute name="IntegralH" value="0.000000" />
  <attribute name="DerivativeT" value="inf" />
  <attribute name="DerivativeI" value="inf" />
  <attribute name="DerivativeH" value="inf" />
  <attribute name="Loop Time for DT" value="0.000000" />
  <attribute name="Output H" value="8388608"/>
  <attribute name="Output I" value="200"/>
  <attribute name="Output T" value="1"/>
  <attribute name="Target GC Util Change" value ="80.000000" />
  <attribute name="Current GC Util Change" value="120.000000"/>
  <attribute name="GC Util currently" value="120" />
  <attribute name="CPU Util currently" value="1626967867635" />
<exclusive-end id="586" timestamp="2019-08-11T05:38:48.307" durationms="8.003" />

<exclusive-start id="587" timestamp="2019-08-11T05:38:48.376" intervalms="76.778">
  <response-info timems="0.046" idlems="0.046" threads="0" lastid="000000000239EF00" lastname="main" />
</exclusive-start>
<allocation-taxation id="588" taxation-threshold="23068672" timestamp="2019-08-11T05:38:48.376" intervalms="76.772" />
<cycle-start id="589" type="partial gc" contextid="0" timestamp="2019-08-11T05:38:48.376" intervalms="76.812" />
<gc-start id="590" type="partial gc" contextid="589" timestamp="2019-08-11T05:38:48.376">
  <mem-info id="591" free="14680064" total="62914560" percent="23">
    <mem type="eden" free="0" total="23068672" percent="0" />
    <remembered-set count="15776" freebytes="2452096" totalbytes="2515200" percent="97" regionsoverflowed="0" regionsstable="0" regionsrebuilding="0"/>
  </mem-info>
</gc-start>
<allocation-stats totalBytes="23065384" >
  <allocated-bytes non-tlh="402408" tlh="22662976" arrayletleaf="0"/>
  <largest-consumer threadName="main" threadId="000000000239EF00" bytes="23065384" />
</allocation-stats>
<gc-op id="592" type="copy forward" timems="3.339" contextid="589" timestamp="2019-08-11T05:38:48.381">
  <memory-copied type="eden" objects="12715" bytes="815184" bytesdiscarded="0" />
  <memory-copied type="other" objects="162" bytes="5664" bytesdiscarded="0" />
  <memory-cardclean objects="131" bytes="13232" />
  <regions eden="11" other="1" />
  <remembered-set-cleared processed="9861" cleared="1648" durationms="0.182" />
  <references type="soft" candidates="3" cleared="0" enqueued="0" dynamicThreshold="19" maxThreshold="32" />
  <references type="weak" candidates="24" cleared="0" enqueued="0" />
  <references type="phantom" candidates="1" cleared="0" enqueued="0" />
  <stringconstants candidates="12508" cleared="0"  />
</gc-op>
<gc-op id="593" type="classunload" timems="0.008" contextid="589" timestamp="2019-08-11T05:38:48.381">
  <classunload-info classloadercandidates="39" classloadersunloaded="0" classesunloaded="0" anonymousclassesunloaded="0" quiescems="0.000" setupms="0.007" scanms="0.000" postms="0.000" />
</gc-op>
<heap-resize id="594" type="expand" space="default" amount="6291456" count="1" timems="0.085" reason="excessive time being spent in gc" timestamp="2019-08-11T05:38:48.381" />
<gc-end id="595" type="partial gc" contextid="589" durationms="4.776" usertimems="10.567" systemtimems="0.000" timestamp="2019-08-11T05:38:48.381" activeThreads="1">
  <mem-info id="596" free="41943040" total="69206016" percent="60">
    <mem type="eden" free="1281888" total="2097152" percent="61" />
    <remembered-set count="15584" freebytes="2704384" totalbytes="2766720" percent="97" regionsoverflowed="0" regionsstable="0" regionsrebuilding="0"/>
  </mem-info>
</gc-end>
<cycle-end id="597" type="partial gc" contextid="589" timestamp="2019-08-11T05:38:48.381" />
  <attribute name="elasticGC enabled" value="1" />
  <attribute name= "numThreadsSpecified" value="1" />
  <attribute name="heapSize specified" value="0" />
  <attribute name="Current GC Util" value="299" />
  <attribute name= "Current Time Running" value="110262" />
  <attribute name ="GC Interval" value="0" />
  <attribute name="ProportionalT" value="109.500000" />
  <attribute name="ProportionalI" value="109.500000" />
  <attribute name="ProportionalH" value="109.500000" />
  <attribute name="Current Error" value="219.000000" />
  <attribute name="IntegralT" value="0.000000" />
  <attribute name="IntegralI" value="0.000000" />
  <attribute name="IntegralH" value="0.000000" />
  <attribute name="DerivativeT" value="inf" />
  <attribute name="DerivativeI" value="inf" />
  <attribute name="DerivativeH" value="inf" />
  <attribute name="Loop Time for DT" value="0.000000" />
  <attribute name="Output H" value="8388608"/>
  <attribute name="Output I" value="200"/>
  <attribute name="Output T" value="1"/>
  <attribute name="Target GC Util Change" value ="80.000000" />
  <attribute name="Current GC Util Change" value="299.000000"/>
  <attribute name="GC Util currently" value="299" />
  <attribute name="CPU Util currently" value="1888521323044" />
<exclusive-end id="598" timestamp="2019-08-11T05:38:48.382" durationms="5.601" />

<exclusive-start id="599" timestamp="2019-08-11T05:38:48.459" intervalms="83.373">
  <response-info timems="0.027" idlems="0.027" threads="0" lastid="000000000239EF00" lastname="main" />
</exclusive-start>
<allocation-taxation id="600" taxation-threshold="25165824" timestamp="2019-08-11T05:38:48.459" intervalms="83.369" />
<cycle-start id="601" type="partial gc" contextid="0" timestamp="2019-08-11T05:38:48.459" intervalms="83.372" />
<gc-start id="602" type="partial gc" contextid="601" timestamp="2019-08-11T05:38:48.460">
  <mem-info id="603" free="16777216" total="69206016" percent="24">
    <mem type="eden" free="0" total="25165824" percent="0" />
    <remembered-set count="15328" freebytes="2705408" totalbytes="2766720" percent="97" regionsoverflowed="0" regionsstable="0" regionsrebuilding="0"/>
  </mem-info>
</gc-start>
<allocation-stats totalBytes="25162192" >
  <allocated-bytes non-tlh="401072" tlh="24761120" arrayletleaf="0"/>
  <largest-consumer threadName="main" threadId="000000000239EF00" bytes="25162192" />
</allocation-stats>
<gc-op id="604" type="copy forward" timems="9.779" contextid="601" timestamp="2019-08-11T05:38:48.471">
  <memory-copied type="eden" objects="1626" bytes="304544" bytesdiscarded="52560" />
  <memory-copied type="other" objects="1164" bytes="38800" bytesdiscarded="5944" />
  <memory-cardclean objects="151" bytes="13616" />
  <regions eden="12" other="1" />
  <remembered-set-cleared processed="9380" cleared="1148" durationms="0.097" />
  <references type="soft" candidates="4" cleared="0" enqueued="0" dynamicThreshold="19" maxThreshold="32" />
  <references type="weak" candidates="40" cleared="0" enqueued="0" />
  <references type="phantom" candidates="1" cleared="0" enqueued="0" />
  <stringconstants candidates="12522" cleared="0"  />
</gc-op>
<gc-op id="605" type="classunload" timems="0.056" contextid="601" timestamp="2019-08-11T05:38:48.471">
  <classunload-info classloadercandidates="41" classloadersunloaded="0" classesunloaded="0" anonymousclassesunloaded="0" quiescems="0.000" setupms="0.055" scanms="0.000" postms="0.000" />
</gc-op>
<gc-end id="606" type="partial gc" contextid="601" durationms="11.318" usertimems="22.882" systemtimems="0.000" timestamp="2019-08-11T05:38:48.471" activeThreads="16">
  <mem-info id="607" free="39845888" total="69206016" percent="57">
    <mem type="eden" free="1739968" total="2097152" percent="82" />
    <remembered-set count="16224" freebytes="2701824" totalbytes="2766720" percent="97" regionsoverflowed="0" regionsstable="0" regionsrebuilding="0"/>
  </mem-info>
</gc-end>
<cycle-end id="608" type="partial gc" contextid="601" timestamp="2019-08-11T05:38:48.471" />
  <attribute name="elasticGC enabled" value="1" />
  <attribute name= "numThreadsSpecified" value="16" />
  <attribute name="heapSize specified" value="0" />
  <attribute name="Current GC Util" value="204" />
  <attribute name= "Current Time Running" value="110346" />
  <attribute name ="GC Interval" value="0" />
  <attribute name="ProportionalT" value="62.000000" />
  <attribute name="ProportionalI" value="62.000000" />
  <attribute name="ProportionalH" value="62.000000" />
  <attribute name="Current Error" value="124.000000" />
  <attribute name="IntegralT" value="62.000000" />
  <attribute name="IntegralI" value="62.000000" />
  <attribute name="IntegralH" value="62.000000" />
  <attribute name="DerivativeT" value="124.000000" />
  <attribute name="DerivativeI" value="124.000000" />
  <attribute name="DerivativeH" value="124.000000" />
  <attribute name="Loop Time for DT" value="1.000000" />
  <attribute name="Output H" value="8388608"/>
  <attribute name="Output I" value="248"/>
  <attribute name="Output T" value="16"/>
  <attribute name="Target GC Util Change" value ="80.000000" />
  <attribute name="Current GC Util Change" value="204.000000"/>
  <attribute name="GC Util currently" value="204" />
  <attribute name="CPU Util currently" value="1798180631798" />
<exclusive-end id="609" timestamp="2019-08-11T05:38:48.471" durationms="12.060" />

<exclusive-start id="610" timestamp="2019-08-11T05:38:48.524" intervalms="64.568">
  <response-info timems="0.043" idlems="0.043" threads="0" lastid="000000000239EF00" lastname="main" />
</exclusive-start>
<allocation-taxation id="611" taxation-threshold="25165824" timestamp="2019-08-11T05:38:48.524" intervalms="64.575" />
<cycle-start id="612" type="partial gc" contextid="0" timestamp="2019-08-11T05:38:48.524" intervalms="64.575" />
<gc-start id="613" type="partial gc" contextid="612" timestamp="2019-08-11T05:38:48.524">
  <mem-info id="614" free="14680064" total="69206016" percent="21">
    <mem type="eden" free="0" total="25165824" percent="0" />
    <remembered-set count="16000" freebytes="2702720" totalbytes="2766720" percent="97" regionsoverflowed="0" regionsstable="0" regionsrebuilding="0"/>
  </mem-info>
</gc-start>
<allocation-stats totalBytes="25161352" >
  <allocated-bytes non-tlh="601488" tlh="24559864" arrayletleaf="0"/>
  <largest-consumer threadName="main" threadId="000000000239EF00" bytes="25161352" />
</allocation-stats>
<gc-op id="615" type="copy forward" timems="13.964" contextid="612" timestamp="2019-08-11T05:38:48.539">
  <memory-copied type="eden" objects="13538" bytes="825176" bytesdiscarded="57192" />
  <memory-copied type="other" objects="448" bytes="15800" bytesdiscarded="2272" />
  <memory-cardclean objects="178" bytes="14976" />
  <regions eden="12" other="1" />
  <remembered-set-cleared processed="8793" cleared="233" durationms="0.212" />
  <references type="soft" candidates="5" cleared="0" enqueued="0" dynamicThreshold="18" maxThreshold="32" />
  <references type="weak" candidates="29" cleared="0" enqueued="0" />
  <references type="phantom" candidates="1" cleared="0" enqueued="0" />
  <stringconstants candidates="12547" cleared="0"  />
</gc-op>
<gc-op id="616" type="classunload" timems="0.012" contextid="612" timestamp="2019-08-11T05:38:48.540">
  <classunload-info classloadercandidates="44" classloadersunloaded="0" classesunloaded="0" anonymousclassesunloaded="0" quiescems="0.000" setupms="0.012" scanms="0.000" postms="0.000" />
</gc-op>
<gc-end id="617" type="partial gc" contextid="612" durationms="15.430" usertimems="36.734" systemtimems="0.000" timestamp="2019-08-11T05:38:48.540" activeThreads="16">
  <mem-info id="618" free="37748736" total="69206016" percent="54">
    <mem type="eden" free="1214664" total="2097152" percent="57" />
    <remembered-set count="18240" freebytes="2693760" totalbytes="2766720" percent="97" regionsoverflowed="0" regionsstable="0" regionsrebuilding="0"/>
  </mem-info>
</gc-end>
<cycle-end id="619" type="partial gc" contextid="612" timestamp="2019-08-11T05:38:48.540" />
  <attribute name="elasticGC enabled" value="1" />
  <attribute name= "numThreadsSpecified" value="16" />
  <attribute name="heapSize specified" value="0" />
  <attribute name="Current GC Util" value="115" />
  <attribute name= "Current Time Running" value="110410" />
  <attribute name ="GC Interval" value="0" />
  <attribute name="ProportionalT" value="17.500000" />
  <attribute name="ProportionalI" value="17.500000" />
  <attribute name="ProportionalH" value="17.500000" />
  <attribute name="Current Error" value="35.000000" />
  <attribute name="IntegralT" value="17.500000" />
  <attribute name="IntegralI" value="17.500000" />
  <attribute name="IntegralH" value="17.500000" />
  <attribute name="DerivativeT" value="35.000000" />
  <attribute name="DerivativeI" value="35.000000" />
  <attribute name="DerivativeH" value="35.000000" />
  <attribute name="Loop Time for DT" value="1.000000" />
  <attribute name="Output H" value="8388608"/>
  <attribute name="Output I" value="200"/>
  <attribute name="Output T" value="16"/>
  <attribute name="Target GC Util Change" value ="80.000000" />
  <attribute name="Current GC Util Change" value="115.000000"/>
  <attribute name="GC Util currently" value="115" />
  <attribute name="CPU Util currently" value="1458545016576" />
<exclusive-end id="620" timestamp="2019-08-11T05:38:48.540" durationms="16.181" />

<exclusive-start id="621" timestamp="2019-08-11T05:38:48.618" intervalms="94.591">
  <response-info timems="0.068" idlems="0.068" threads="0" lastid="000000000239EF00" lastname="main" />
</exclusive-start>
<allocation-taxation id="622" taxation-threshold="25165824" timestamp="2019-08-11T05:38:48.618" intervalms="94.592" />
<cycle-start id="623" type="partial gc" contextid="0" timestamp="2019-08-11T05:38:48.619" intervalms="94.627" />
<gc-start id="624" type="partial gc" contextid="623" timestamp="2019-08-11T05:38:48.619">
  <mem-info id="625" free="12582912" total="69206016" percent="18">
    <mem type="eden" free="0" total="25165824" percent="0" />
    <remembered-set count="17952" freebytes="2694912" totalbytes="2766720" percent="97" regionsoverflowed="0" regionsstable="0" regionsrebuilding="0"/>
  </mem-info>
</gc-start>
<allocation-stats totalBytes="25162856" >
  <allocated-bytes non-tlh="401224" tlh="24761632" arrayletleaf="0"/>
  <largest-consumer threadName="main" threadId="000000000239EF00" bytes="25162856" />
</allocation-stats>
<gc-op id="626" type="copy forward" timems="17.908" contextid="623" timestamp="2019-08-11T05:38:48.639">
  <memory-copied type="eden" objects="10436" bytes="683216" bytesdiscarded="52224" />
  <memory-copied type="other" objects="516" bytes="18256" bytesdiscarded="3528" />
  <memory-cardclean objects="144" bytes="13520" />
  <regions eden="12" other="1" />
  <remembered-set-cleared processed="9659" cleared="972" durationms="0.169" />
  <references type="soft" candidates="5" cleared="0" enqueued="0" dynamicThreshold="17" maxThreshold="32" />
  <references type="weak" candidates="27" cleared="0" enqueued="0" />
  <references type="phantom" candidates="1" cleared="0" enqueued="0" />
  <stringconstants candidates="12569" cleared="0"  />
</gc-op>
<gc-op id="627" type="classunload" timems="0.007" contextid="623" timestamp="2019-08-11T05:38:48.639">
  <classunload-info classloadercandidates="46" classloadersunloaded="0" classesunloaded="0" anonymousclassesunloaded="0" quiescems="0.000" setupms="0.007" scanms="0.000" postms="0.000" />
</gc-op>
<heap-resize id="628" type="expand" space="default" amount="12582912" count="1" timems="0.131" reason="excessive time being spent in gc" timestamp="2019-08-11T05:38:48.639" />
<gc-end id="629" type="partial gc" contextid="623" durationms="20.209" usertimems="53.620" systemtimems="0.000" timestamp="2019-08-11T05:38:48.639" activeThreads="16">
  <mem-info id="630" free="48234496" total="81788928" percent="58">
    <mem type="eden" free="1361632" total="2097152" percent="64" />
    <remembered-set count="17920" freebytes="3198080" totalbytes="3269760" percent="97" regionsoverflowed="0" regionsstable="0" regionsrebuilding="0"/>
  </mem-info>
</gc-end>
<cycle-end id="631" type="partial gc" contextid="623" timestamp="2019-08-11T05:38:48.640" />
  <attribute name="elasticGC enabled" value="1" />
  <attribute name= "numThreadsSpecified" value="16" />
  <attribute name="heapSize specified" value="0" />
  <attribute name="Current GC Util" value="119" />
  <attribute name= "Current Time Running" value="110506" />
  <attribute name ="GC Interval" value="0" />
  <attribute name="ProportionalT" value="19.500000" />
  <attribute name="ProportionalI" value="19.500000" />
  <attribute name="ProportionalH" value="19.500000" />
  <attribute name="Current Error" value="39.000000" />
  <attribute name="IntegralT" value="39.000000" />
  <attribute name="IntegralI" value="39.000000" />
  <attribute name="IntegralH" value="39.000000" />
  <attribute name="DerivativeT" value="19.500000" />
  <attribute name="DerivativeI" value="19.500000" />
  <attribute name="DerivativeH" value="19.500000" />
  <attribute name="Loop Time for DT" value="2.000000" />
  <attribute name="Output H" value="8388608"/>
  <attribute name="Output I" value="200"/>
  <attribute name="Output T" value="16"/>
  <attribute name="Target GC Util Change" value ="80.000000" />
  <attribute name="Current GC Util Change" value="119.000000"/>
  <attribute name="GC Util currently" value="119" />
  <attribute name="CPU Util currently" value="1001391876268" />
<exclusive-end id="632" timestamp="2019-08-11T05:38:48.640" durationms="21.474" />

<exclusive-start id="633" timestamp="2019-08-11T05:38:48.736" intervalms="117.633">
  <response-info timems="0.091" idlems="0.091" threads="0" lastid="000000000239EF00" lastname="main" />
</exclusive-start>
<allocation-taxation id="634" taxation-threshold="27262976" timestamp="2019-08-11T05:38:48.736" intervalms="117.645" />
<cycle-start id="635" type="partial gc" contextid="0" timestamp="2019-08-11T05:38:48.736" intervalms="117.679" />
<gc-start id="636" type="partial gc" contextid="635" timestamp="2019-08-11T05:38:48.737">
  <mem-info id="637" free="20971520" total="81788928" percent="25">
    <mem type="eden" free="0" total="27262976" percent="0" />
    <remembered-set count="17632" freebytes="3199232" totalbytes="3269760" percent="97" regionsoverflowed="0" regionsstable="0" regionsrebuilding="0"/>
  </mem-info>
</gc-start>
<allocation-stats totalBytes="27258632" >
  <allocated-bytes non-tlh="1068264" tlh="26190368" arrayletleaf="0"/>
  <largest-consumer threadName="main" threadId="000000000239EF00" bytes="27258632" />
</allocation-stats>
<gc-op id="638" type="copy forward" timems="18.628" contextid="635" timestamp="2019-08-11T05:38:48.756">
  <memory-copied type="eden" objects="13207" bytes="879528" bytesdiscarded="143328" />
  <memory-copied type="other" objects="418" bytes="14032" bytesdiscarded="2504" />
  <memory-cardclean objects="185" bytes="14984" />
  <regions eden="13" other="1" />
  <remembered-set-cleared processed="9446" cleared="598" durationms="0.499" />
  <references type="soft" candidates="5" cleared="0" enqueued="0" dynamicThreshold="18" maxThreshold="32" />
  <references type="weak" candidates="42" cleared="0" enqueued="0" />
  <references type="phantom" candidates="1" cleared="0" enqueued="0" />
  <stringconstants candidates="12610" cleared="4"  />
</gc-op>
<gc-op id="639" type="classunload" timems="0.652" contextid="635" timestamp="2019-08-11T05:38:48.757">
  <classunload-info classloadercandidates="51" classloadersunloaded="2" classesunloaded="2" anonymousclassesunloaded="0" quiescems="0.000" setupms="0.634" scanms="0.012" postms="0.006" />
</gc-op>
<heap-resize id="640" type="expand" space="default" amount="8388608" count="1" timems="0.089" reason="excessive time being spent in gc" timestamp="2019-08-11T05:38:48.758" />
<gc-end id="641" type="partial gc" contextid="635" durationms="21.039" usertimems="35.588" systemtimems="0.000" timestamp="2019-08-11T05:38:48.758" activeThreads="16">
  <mem-info id="642" free="54525952" total="90177536" percent="60">
    <mem type="eden" free="1074192" total="2097152" percent="51" />
    <remembered-set count="18400" freebytes="3531520" totalbytes="3605120" percent="97" regionsoverflowed="0" regionsstable="0" regionsrebuilding="0"/>
  </mem-info>
</gc-end>
<cycle-end id="643" type="partial gc" contextid="635" timestamp="2019-08-11T05:38:48.758" />
  <attribute name="elasticGC enabled" value="1" />
  <attribute name= "numThreadsSpecified" value="16" />
  <attribute name="heapSize specified" value="0" />
  <attribute name="Current GC Util" value="115" />
  <attribute name= "Current Time Running" value="110623" />
  <attribute name ="GC Interval" value="0" />
  <attribute name="ProportionalT" value="17.500000" />
  <attribute name="ProportionalI" value="17.500000" />
  <attribute name="ProportionalH" value="17.500000" />
  <attribute name="Current Error" value="35.000000" />
  <attribute name="IntegralT" value="17.500000" />
  <attribute name="IntegralI" value="17.500000" />
  <attribute name="IntegralH" value="17.500000" />
  <attribute name="DerivativeT" value="35.000000" />
  <attribute name="DerivativeI" value="35.000000" />
  <attribute name="DerivativeH" value="35.000000" />
  <attribute name="Loop Time for DT" value="1.000000" />
  <attribute name="Output H" value="8388608"/>
  <attribute name="Output I" value="200"/>
  <attribute name="Output T" value="16"/>
  <attribute name="Target GC Util Change" value ="80.000000" />
  <attribute name="Current GC Util Change" value="115.000000"/>
  <attribute name="GC Util currently" value="115" />
  <attribute name="CPU Util currently" value="1667064051604" />
<exclusive-end id="644" timestamp="2019-08-11T05:38:48.758" durationms="21.942" />

<exclusive-start id="645" timestamp="2019-08-11T05:38:48.853" intervalms="116.553">
  <response-info timems="0.195" idlems="0.195" threads="0" lastid="000000000239EF00" lastname="main" />
</exclusive-start>
<allocation-taxation id="646" taxation-threshold="29360128" timestamp="2019-08-11T05:38:48.853" intervalms="116.543" />
<cycle-start id="647" type="partial gc" contextid="0" timestamp="2019-08-11T05:38:48.853" intervalms="116.579" />
<gc-start id="648" type="partial gc" contextid="647" timestamp="2019-08-11T05:38:48.853">
  <mem-info id="649" free="25165824" total="90177536" percent="27">
    <mem type="eden" free="0" total="29360128" percent="0" />
    <remembered-set count="18048" freebytes="3532928" totalbytes="3605120" percent="97" regionsoverflowed="0" regionsstable="0" regionsrebuilding="0"/>
  </mem-info>
</gc-start>
<allocation-stats totalBytes="29356440" >
  <allocated-bytes non-tlh="401800" tlh="28954640" arrayletleaf="0"/>
  <largest-consumer threadName="main" threadId="000000000239EF00" bytes="29356440" />
</allocation-stats>
<gc-op id="650" type="copy forward" timems="15.640" contextid="647" timestamp="2019-08-11T05:38:48.871">
  <memory-copied type="eden" objects="4360" bytes="438040" bytesdiscarded="65392" />
  <memory-copied type="other" objects="12993" bytes="763504" bytesdiscarded="37760" />
  <memory-cardclean objects="1664" bytes="86776" />
  <regions eden="14" other="2" />
  <remembered-set-cleared processed="9678" cleared="2081" durationms="0.145" />
  <references type="soft" candidates="62" cleared="0" enqueued="0" dynamicThreshold="19" maxThreshold="32" />
  <references type="weak" candidates="142" cleared="0" enqueued="0" />
  <references type="phantom" candidates="4" cleared="0" enqueued="0" />
  <stringconstants candidates="12636" cleared="0"  />
</gc-op>
<gc-op id="651" type="classunload" timems="0.011" contextid="647" timestamp="2019-08-11T05:38:48.872">
  <classunload-info classloadercandidates="51" classloadersunloaded="0" classesunloaded="0" anonymousclassesunloaded="0" quiescems="0.000" setupms="0.010" scanms="0.000" postms="0.000" />
</gc-op>
<heap-resize id="652" type="expand" space="default" amount="4194304" count="1" timems="0.092" reason="excessive time being spent in gc" timestamp="2019-08-11T05:38:48.872" />
<gc-end id="653" type="partial gc" contextid="647" durationms="18.855" usertimems="61.230" systemtimems="0.000" timestamp="2019-08-11T05:38:48.872" activeThreads="16">
  <mem-info id="654" free="56623104" total="94371840" percent="60">
    <mem type="eden" free="1593640" total="2097152" percent="75" />
    <remembered-set count="19264" freebytes="3695744" totalbytes="3772800" percent="97" regionsoverflowed="0" regionsstable="0" regionsrebuilding="0"/>
  </mem-info>
</gc-end>
<cycle-end id="655" type="partial gc" contextid="647" timestamp="2019-08-11T05:38:48.872" />
  <attribute name="elasticGC enabled" value="1" />
  <attribute name= "numThreadsSpecified" value="16" />
  <attribute name="heapSize specified" value="0" />
  <attribute name="Current GC Util" value="149" />
  <attribute name= "Current Time Running" value="110741" />
  <attribute name ="GC Interval" value="0" />
  <attribute name="ProportionalT" value="34.500000" />
  <attribute name="ProportionalI" value="34.500000" />
  <attribute name="ProportionalH" value="34.500000" />
  <attribute name="Current Error" value="69.000000" />
  <attribute name="IntegralT" value="103.500000" />
  <attribute name="IntegralI" value="103.500000" />
  <attribute name="IntegralH" value="103.500000" />
  <attribute name="DerivativeT" value="23.000000" />
  <attribute name="DerivativeI" value="23.000000" />
  <attribute name="DerivativeH" value="23.000000" />
  <attribute name="Loop Time for DT" value="3.000000" />
  <attribute name="Output H" value="8388608"/>
  <attribute name="Output I" value="200"/>
  <attribute name="Output T" value="16"/>
  <attribute name="Target GC Util Change" value ="80.000000" />
  <attribute name="Current GC Util Change" value="149.000000"/>
  <attribute name="GC Util currently" value="149" />
  <attribute name="CPU Util currently" value="514262956202" />
<exclusive-end id="656" timestamp="2019-08-11T05:38:48.872" durationms="19.663" />

<exclusive-start id="657" timestamp="2019-08-11T05:38:49.254" intervalms="400.873">
  <response-info timems="0.105" idlems="0.105" threads="0" lastid="000000000239EF00" lastname="main" />
</exclusive-start>
<allocation-taxation id="658" taxation-threshold="31457280" timestamp="2019-08-11T05:38:49.254" intervalms="400.879" />
<cycle-start id="659" type="partial gc" contextid="0" timestamp="2019-08-11T05:38:49.254" intervalms="400.817" />
<gc-start id="660" type="partial gc" contextid="659" timestamp="2019-08-11T05:38:49.254">
  <mem-info id="661" free="25165824" total="94371840" percent="26">
    <mem type="eden" free="0" total="31457280" percent="0" />
    <remembered-set count="19040" freebytes="3696640" totalbytes="3772800" percent="97" regionsoverflowed="0" regionsstable="0" regionsrebuilding="0"/>
  </mem-info>
</gc-start>
<allocation-stats totalBytes="31448352" >
  <allocated-bytes non-tlh="3630952" tlh="27817400" arrayletleaf="0"/>
  <largest-consumer threadName="main" threadId="000000000239EF00" bytes="31448352" />
</allocation-stats>
<gc-op id="662" type="copy forward" timems="13.912" contextid="659" timestamp="2019-08-11T05:38:49.270">
  <memory-copied type="eden" objects="16091" bytes="2488536" bytesdiscarded="165248" />
  <memory-copied type="other" objects="557" bytes="18920" bytesdiscarded="3576" />
  <memory-cardclean objects="715" bytes="46504" />
  <regions eden="15" other="1" />
  <remembered-set-cleared processed="9528" cleared="577" durationms="0.198" />
  <finalization candidates="3" enqueued="2" />
  <references type="soft" candidates="780" cleared="0" enqueued="0" dynamicThreshold="19" maxThreshold="32" />
  <references type="weak" candidates="150" cleared="0" enqueued="0" />
  <references type="phantom" candidates="2" cleared="0" enqueued="0" />
  <stringconstants candidates="13328" cleared="0"  />
</gc-op>
<gc-op id="663" type="classunload" timems="0.012" contextid="659" timestamp="2019-08-11T05:38:49.270">
  <classunload-info classloadercandidates="55" classloadersunloaded="0" classesunloaded="0" anonymousclassesunloaded="0" quiescems="0.000" setupms="0.012" scanms="0.000" postms="0.000" />
</gc-op>
<gc-end id="664" type="partial gc" contextid="659" durationms="16.331" usertimems="24.752" systemtimems="0.000" timestamp="2019-08-11T05:38:49.271" activeThreads="16">
  <mem-info id="665" free="52428800" total="94371840" percent="55">
    <mem type="eden" free="1539904" total="4194304" percent="36" />
    <pending-finalizers system="0" default="2" reference="0" classloader="0" />
    <remembered-set count="21024" freebytes="3688704" totalbytes="3772800" percent="97" regionsoverflowed="0" regionsstable="0" regionsrebuilding="0"/>
  </mem-info>
</gc-end>
<cycle-end id="666" type="partial gc" contextid="659" timestamp="2019-08-11T05:38:49.271" />
  <attribute name="elasticGC enabled" value="1" />
  <attribute name= "numThreadsSpecified" value="16" />
  <attribute name="heapSize specified" value="0" />
  <attribute name="Current GC Util" value="89" />
  <attribute name= "Current Time Running" value="111141" />
  <attribute name ="GC Interval" value="0" />
  <attribute name="ProportionalT" value="4.500000" />
  <attribute name="ProportionalI" value="4.500000" />
  <attribute name="ProportionalH" value="4.500000" />
  <attribute name="Current Error" value="9.000000" />
  <attribute name="IntegralT" value="9.000000" />
  <attribute name="IntegralI" value="9.000000" />
  <attribute name="IntegralH" value="9.000000" />
  <attribute name="DerivativeT" value="4.500000" />
  <attribute name="DerivativeI" value="4.500000" />
  <attribute name="DerivativeH" value="4.500000" />
  <attribute name="Loop Time for DT" value="2.000000" />
  <attribute name="Output H" value="8388608"/>
  <attribute name="Output I" value="200"/>
  <attribute name="Output T" value="16"/>
  <attribute name="Target GC Util Change" value ="80.000000" />
  <attribute name="Current GC Util Change" value="89.000000"/>
  <attribute name="GC Util currently" value="89" />
  <attribute name="CPU Util currently" value="797587491780" />
<exclusive-end id="667" timestamp="2019-08-11T05:38:49.271" durationms="17.445" />

<exclusive-start id="668" timestamp="2019-08-11T05:38:49.837" intervalms="583.575">
  <response-info timems="0.063" idlems="0.063" threads="0" lastid="000000000239EF00" lastname="main" />
</exclusive-start>
<allocation-taxation id="669" taxation-threshold="31457280" timestamp="2019-08-11T05:38:49.837" intervalms="583.575" />
<cycle-start id="670" type="partial gc" contextid="0" timestamp="2019-08-11T05:38:49.837" intervalms="583.629" />
<gc-start id="671" type="partial gc" contextid="670" timestamp="2019-08-11T05:38:49.838">
  <mem-info id="672" free="20971520" total="94371840" percent="22">
    <mem type="eden" free="0" total="31457280" percent="0" />
    <remembered-set count="20576" freebytes="3690496" totalbytes="3772800" percent="97" regionsoverflowed="0" regionsstable="0" regionsrebuilding="0"/>
  </mem-info>
</gc-start>
<allocation-stats totalBytes="31419808" >
  <allocated-bytes non-tlh="0" tlh="31419808" arrayletleaf="0"/>
  <largest-consumer threadName="main" threadId="000000000239EF00" bytes="31415712" />
</allocation-stats>
<gc-op id="673" type="copy forward" timems="23.143" contextid="670" timestamp="2019-08-11T05:38:49.862">
  <memory-copied type="eden" objects="63139" bytes="1581688" bytesdiscarded="147136" />
  <memory-copied type="other" objects="15855" bytes="2468696" bytesdiscarded="170544" />
  <memory-cardclean objects="246" bytes="29104" />
  <regions eden="15" other="2" />
  <remembered-set-cleared processed="10915" cleared="1763" durationms="0.163" />
  <finalization candidates="1" enqueued="0" />
  <references type="soft" candidates="778" cleared="0" enqueued="0" dynamicThreshold="17" maxThreshold="32" />
  <references type="weak" candidates="144" cleared="0" enqueued="0" />
  <references type="phantom" candidates="2" cleared="0" enqueued="0" />
  <stringconstants candidates="13328" cleared="0"  />
</gc-op>
<gc-op id="674" type="classunload" timems="0.012" contextid="670" timestamp="2019-08-11T05:38:49.862">
  <classunload-info classloadercandidates="55" classloadersunloaded="0" classesunloaded="0" anonymousclassesunloaded="0" quiescems="0.000" setupms="0.011" scanms="0.000" postms="0.000" />
</gc-op>
<gc-end id="675" type="partial gc" contextid="670" durationms="25.071" usertimems="59.562" systemtimems="0.000" timestamp="2019-08-11T05:38:49.863" activeThreads="16">
  <mem-info id="676" free="50331648" total="94371840" percent="53">
    <mem type="eden" free="368328" total="2097152" percent="17" />
    <remembered-set count="24096" freebytes="3676416" totalbytes="3772800" percent="97" regionsoverflowed="0" regionsstable="0" regionsrebuilding="0"/>
  </mem-info>
</gc-end>
<cycle-end id="677" type="partial gc" contextid="670" timestamp="2019-08-11T05:38:49.863" />
  <attribute name="elasticGC enabled" value="1" />
  <attribute name= "numThreadsSpecified" value="16" />
  <attribute name="heapSize specified" value="0" />
  <attribute name="Current GC Util" value="102" />
  <attribute name= "Current Time Running" value="111724" />
  <attribute name ="GC Interval" value="0" />
  <attribute name="ProportionalT" value="11.000000" />
  <attribute name="ProportionalI" value="11.000000" />
  <attribute name="ProportionalH" value="11.000000" />
  <attribute name="Current Error" value="22.000000" />
  <attribute name="IntegralT" value="11.000000" />
  <attribute name="IntegralI" value="11.000000" />
  <attribute name="IntegralH" value="11.000000" />
  <attribute name="DerivativeT" value="22.000000" />
  <attribute name="DerivativeI" value="22.000000" />
  <attribute name="DerivativeH" value="22.000000" />
  <attribute name="Loop Time for DT" value="1.000000" />
  <attribute name="Output H" value="8388608"/>
  <attribute name="Output I" value="200"/>
  <attribute name="Output T" value="16"/>
  <attribute name="Target GC Util Change" value ="80.000000" />
  <attribute name="Current GC Util Change" value="102.000000"/>
  <attribute name="GC Util currently" value="102" />
  <attribute name="CPU Util currently" value="1435624710787" />
<exclusive-end id="678" timestamp="2019-08-11T05:38:49.863" durationms="26.073" />

<exclusive-start id="679" timestamp="2019-08-11T05:38:50.165" intervalms="328.018">
  <response-info timems="0.025" idlems="0.025" threads="0" lastid="000000000239EF00" lastname="main" />
</exclusive-start>
<allocation-taxation id="680" taxation-threshold="31457280" timestamp="2019-08-11T05:38:50.165" intervalms="328.012" />
<cycle-start id="681" type="partial gc" contextid="0" timestamp="2019-08-11T05:38:50.165" intervalms="327.917" />
<gc-start id="682" type="partial gc" contextid="681" timestamp="2019-08-11T05:38:50.166">
  <mem-info id="683" free="18874368" total="94371840" percent="20">
    <mem type="eden" free="0" total="31457280" percent="0" />
    <remembered-set count="23936" freebytes="3677056" totalbytes="3772800" percent="97" regionsoverflowed="0" regionsstable="0" regionsrebuilding="0"/>
  </mem-info>
</gc-start>
<allocation-stats totalBytes="31423408" >
  <allocated-bytes non-tlh="0" tlh="31423408" arrayletleaf="0"/>
  <largest-consumer threadName="main" threadId="000000000239EF00" bytes="31423408" />
</allocation-stats>
<gc-op id="684" type="copy forward" timems="31.415" contextid="681" timestamp="2019-08-11T05:38:50.203">
  <memory-copied type="eden" objects="63952" bytes="1634680" bytesdiscarded="110752" />
  <memory-copied type="other" objects="75071" bytes="1929032" bytesdiscarded="115520" />
  <memory-cardclean objects="574" bytes="39656" />
  <regions eden="15" other="2" />
  <remembered-set-cleared processed="14416" cleared="4715" durationms="0.365" />
  <references type="soft" candidates="733" cleared="0" enqueued="0" dynamicThreshold="17" maxThreshold="32" />
  <references type="weak" candidates="144" cleared="0" enqueued="0" />
  <references type="phantom" candidates="1" cleared="0" enqueued="0" />
  <stringconstants candidates="13328" cleared="0"  />
</gc-op>
<gc-op id="685" type="classunload" timems="0.011" contextid="681" timestamp="2019-08-11T05:38:50.203">
  <classunload-info classloadercandidates="55" classloadersunloaded="0" classesunloaded="0" anonymousclassesunloaded="0" quiescems="0.000" setupms="0.011" scanms="0.000" postms="0.000" />
</gc-op>
<heap-resize id="686" type="contract" space="default" amount="6291456" count="1" timems="0.102" reason="insufficient time being spent in gc" timestamp="2019-08-11T05:38:50.203" />
<gc-end id="687" type="partial gc" contextid="681" durationms="37.451" usertimems="70.311" systemtimems="0.000" timestamp="2019-08-11T05:38:50.203" activeThreads="16">
  <mem-info id="688" free="41943040" total="88080384" percent="47">
    <mem type="eden" free="351720" total="2097152" percent="16" />
    <remembered-set count="27712" freebytes="3661952" totalbytes="3772800" percent="97" regionsoverflowed="0" regionsstable="0" regionsrebuilding="0"/>
  </mem-info>
</gc-end>
<cycle-end id="689" type="partial gc" contextid="681" timestamp="2019-08-11T05:38:50.203" />
  <attribute name="elasticGC enabled" value="1" />
  <attribute name= "numThreadsSpecified" value="16" />
  <attribute name="heapSize specified" value="0" />
  <attribute name="Current GC Util" value="14" />
  <attribute name= "Current Time Running" value="112056" />
  <attribute name ="GC Interval" value="0" />
  <attribute name="ProportionalT" value="-33.000000" />
  <attribute name="ProportionalI" value="-33.000000" />
  <attribute name="ProportionalH" value="-33.000000" />
  <attribute name="Current Error" value="-66.000000" />
  <attribute name="IntegralT" value="-165.000000" />
  <attribute name="IntegralI" value="-165.000000" />
  <attribute name="IntegralH" value="-165.000000" />
  <attribute name="DerivativeT" value="-13.200000" />
  <attribute name="DerivativeI" value="-13.200000" />
  <attribute name="DerivativeH" value="-13.200000" />
  <attribute name="Loop Time for DT" value="5.000000" />
  <attribute name="Output H" value="4202627072"/>
  <attribute name="Output I" value="200"/>
  <attribute name="Output T" value="16"/>
  <attribute name="Target GC Util Change" value ="80.000000" />
  <attribute name="Current GC Util Change" value="14.000000"/>
  <attribute name="GC Util currently" value="14" />
  <attribute name="CPU Util currently" value="224963934551" />
<exclusive-end id="690" timestamp="2019-08-11T05:38:50.203" durationms="38.192" />

<exclusive-start id="691" timestamp="2019-08-11T05:38:50.313" intervalms="148.265">
  <response-info timems="0.021" idlems="0.021" threads="0" lastid="000000000239EF00" lastname="main" />
</exclusive-start>
<allocation-taxation id="692" taxation-threshold="29360128" timestamp="2019-08-11T05:38:50.313" intervalms="148.270" />
<cycle-start id="693" type="partial gc" contextid="0" timestamp="2019-08-11T05:38:50.314" intervalms="148.264" />
<gc-start id="694" type="partial gc" contextid="693" timestamp="2019-08-11T05:38:50.314">
  <mem-info id="695" free="12582912" total="88080384" percent="14">
    <mem type="eden" free="0" total="29360128" percent="0" />
    <remembered-set count="27232" freebytes="3663872" totalbytes="3772800" percent="97" regionsoverflowed="0" regionsstable="0" regionsrebuilding="0"/>
  </mem-info>
</gc-start>
<allocation-stats totalBytes="29332664" >
  <allocated-bytes non-tlh="65544" tlh="29267120" arrayletleaf="0"/>
  <largest-consumer threadName="main" threadId="000000000239EF00" bytes="29332664" />
</allocation-stats>
<gc-op id="696" type="copy forward" timems="39.850" contextid="693" timestamp="2019-08-11T05:38:50.355">
  <memory-copied type="eden" objects="62807" bytes="1681232" bytesdiscarded="113288" />
  <memory-copied type="other" objects="125445" bytes="3077032" bytesdiscarded="148248" />
  <memory-cardclean objects="465" bytes="12776" />
  <regions eden="14" other="2" />
  <remembered-set-cleared processed="17518" cleared="6277" durationms="0.165" />
  <stringconstants candidates="13328" cleared="0"  />
</gc-op>
<gc-op id="697" type="classunload" timems="0.015" contextid="693" timestamp="2019-08-11T05:38:50.355">
  <classunload-info classloadercandidates="55" classloadersunloaded="0" classesunloaded="0" anonymousclassesunloaded="0" quiescems="0.000" setupms="0.014" scanms="0.000" postms="0.000" />
</gc-op>
<gc-end id="698" type="partial gc" contextid="693" durationms="41.551" usertimems="123.404" systemtimems="0.000" timestamp="2019-08-11T05:38:50.355" activeThreads="16">
  <mem-info id="699" free="39845888" total="88080384" percent="45">
    <mem type="eden" free="302632" total="2097152" percent="14" />
    <remembered-set count="30528" freebytes="3399168" totalbytes="3521280" percent="96" regionsoverflowed="0" regionsstable="0" regionsrebuilding="0"/>
  </mem-info>
</gc-end>
<cycle-end id="700" type="partial gc" contextid="693" timestamp="2019-08-11T05:38:50.355" />
  <attribute name="elasticGC enabled" value="1" />
  <attribute name= "numThreadsSpecified" value="16" />
  <attribute name="heapSize specified" value="0" />
  <attribute name="Current GC Util" value="94" />
  <attribute name= "Current Time Running" value="112200" />
  <attribute name ="GC Interval" value="0" />
  <attribute name="ProportionalT" value="7.000000" />
  <attribute name="ProportionalI" value="7.000000" />
  <attribute name="ProportionalH" value="7.000000" />
  <attribute name="Current Error" value="14.000000" />
  <attribute name="IntegralT" value="7.000000" />
  <attribute name="IntegralI" value="7.000000" />
  <attribute name="IntegralH" value="7.000000" />
  <attribute name="DerivativeT" value="14.000000" />
  <attribute name="DerivativeI" value="14.000000" />
  <attribute name="DerivativeH" value="14.000000" />
  <attribute name="Loop Time for DT" value="1.000000" />
  <attribute name="Output H" value="8388608"/>
  <attribute name="Output I" value="200"/>
  <attribute name="Output T" value="16"/>
  <attribute name="Target GC Util Change" value ="80.000000" />
  <attribute name="Current GC Util Change" value="94.000000"/>
  <attribute name="GC Util currently" value="94" />
  <attribute name="CPU Util currently" value="1508607357142" />
<exclusive-end id="701" timestamp="2019-08-11T05:38:50.356" durationms="42.614" />

<exclusive-start id="702" timestamp="2019-08-11T05:38:50.460" intervalms="146.489">
  <response-info timems="0.021" idlems="0.021" threads="0" lastid="000000000239EF00" lastname="main" />
</exclusive-start>
<allocation-taxation id="703" taxation-threshold="29360128" timestamp="2019-08-11T05:38:50.460" intervalms="146.566" />
<cycle-start id="704" type="partial gc" contextid="0" timestamp="2019-08-11T05:38:50.460" intervalms="146.622" />
<gc-start id="705" type="partial gc" contextid="704" timestamp="2019-08-11T05:38:50.461">
  <mem-info id="706" free="10485760" total="88080384" percent="11">
    <mem type="eden" free="0" total="29360128" percent="0" />
    <remembered-set count="30432" freebytes="3399552" totalbytes="3521280" percent="96" regionsoverflowed="0" regionsstable="0" regionsrebuilding="0"/>
  </mem-info>
</gc-start>
<allocation-stats totalBytes="29335584" >
  <allocated-bytes non-tlh="0" tlh="29335584" arrayletleaf="0"/>
  <largest-consumer threadName="main" threadId="000000000239EF00" bytes="29335584" />
</allocation-stats>
<gc-op id="707" type="copy forward" timems="18.417" contextid="704" timestamp="2019-08-11T05:38:50.480">
  <memory-copied type="eden" objects="60285" bytes="1484592" bytesdiscarded="0" />
  <memory-copied type="other" objects="66465" bytes="3765352" bytesdiscarded="152" />
  <memory-cardclean objects="7503" bytes="256976" />
  <regions eden="14" other="2" />
  <remembered-set-cleared processed="20250" cleared="4924" durationms="0.395" />
  <finalization candidates="1" enqueued="0" />
  <references type="soft" candidates="45" cleared="0" enqueued="0" dynamicThreshold="14" maxThreshold="32" />
  <references type="weak" candidates="124" cleared="0" enqueued="0" />
  <references type="phantom" candidates="1" cleared="0" enqueued="0" />
  <stringconstants candidates="13328" cleared="0"  />
</gc-op>
<gc-op id="708" type="classunload" timems="0.010" contextid="704" timestamp="2019-08-11T05:38:50.480">
  <classunload-info classloadercandidates="55" classloadersunloaded="0" classesunloaded="0" anonymousclassesunloaded="0" quiescems="0.000" setupms="0.010" scanms="0.000" postms="0.000" />
</gc-op>
<heap-resize id="709" type="expand" space="default" amount="16777216" count="1" timems="0.114" reason="excessive time being spent in gc" timestamp="2019-08-11T05:38:50.480" />
<gc-end id="710" type="partial gc" contextid="704" durationms="19.758" usertimems="23.514" systemtimems="0.000" timestamp="2019-08-11T05:38:50.480" activeThreads="1">
  <mem-info id="711" free="54525952" total="104857600" percent="52">
    <mem type="eden" free="612560" total="2097152" percent="29" />
    <remembered-set count="32160" freebytes="4063360" totalbytes="4192000" percent="96" regionsoverflowed="0" regionsstable="0" regionsrebuilding="0"/>
  </mem-info>
</gc-end>
<cycle-end id="712" type="partial gc" contextid="704" timestamp="2019-08-11T05:38:50.480" />
  <attribute name="elasticGC enabled" value="1" />
  <attribute name= "numThreadsSpecified" value="1" />
  <attribute name="heapSize specified" value="0" />
  <attribute name="Current GC Util" value="108" />
  <attribute name= "Current Time Running" value="112346" />
  <attribute name ="GC Interval" value="0" />
  <attribute name="ProportionalT" value="14.000000" />
  <attribute name="ProportionalI" value="14.000000" />
  <attribute name="ProportionalH" value="14.000000" />
  <attribute name="Current Error" value="28.000000" />
  <attribute name="IntegralT" value="0.000000" />
  <attribute name="IntegralI" value="0.000000" />
  <attribute name="IntegralH" value="0.000000" />
  <attribute name="DerivativeT" value="inf" />
  <attribute name="DerivativeI" value="inf" />
  <attribute name="DerivativeH" value="inf" />
  <attribute name="Loop Time for DT" value="0.000000" />
  <attribute name="Output H" value="8388608"/>
  <attribute name="Output I" value="200"/>
  <attribute name="Output T" value="1"/>
  <attribute name="Target GC Util Change" value ="80.000000" />
  <attribute name="Current GC Util Change" value="108.000000"/>
  <attribute name="GC Util currently" value="108" />
  <attribute name="CPU Util currently" value="1962118979510" />
<exclusive-end id="713" timestamp="2019-08-11T05:38:50.481" durationms="20.661" />

<exclusive-start id="714" timestamp="2019-08-11T05:38:50.546" intervalms="86.353">
  <response-info timems="0.026" idlems="0.026" threads="0" lastid="000000000239EF00" lastname="main" />
</exclusive-start>
<allocation-taxation id="715" taxation-threshold="16777216" timestamp="2019-08-11T05:38:50.546" intervalms="86.277" />
<cycle-start id="716" type="global mark phase" contextid="0" timestamp="2019-08-11T05:38:50.546" intervalms="3161.344" />
<gc-start id="717" type="global mark phase" contextid="716" timestamp="2019-08-11T05:38:50.546">
  <mem-info id="718" free="37748736" total="104857600" percent="36">
    <remembered-set count="32160" freebytes="4063360" totalbytes="4192000" percent="96" regionsoverflowed="0" regionsstable="0" regionsrebuilding="0"/>
  </mem-info>
</gc-start>
<gc-op id="719" type="mark increment" timems="10.976" contextid="716" timestamp="2019-08-11T05:38:50.557">
  <trace-info objectcount="402792" scancount="340279" scanbytes="9056364" />
</gc-op>
<gc-end id="720" type="global mark phase" contextid="716" durationms="11.027" usertimems="29.833" systemtimems="0.000" timestamp="2019-08-11T05:38:50.557" activeThreads="16">
  <mem-info id="721" free="37748736" total="104857600" percent="36">
    <remembered-set count="32160" freebytes="4063360" totalbytes="4192000" percent="96" regionsoverflowed="0" regionsstable="0" regionsrebuilding="0"/>
  </mem-info>
</gc-end>
<exclusive-end id="722" timestamp="2019-08-11T05:38:50.558" durationms="11.367" />

<exclusive-start id="723" timestamp="2019-08-11T05:38:50.605" intervalms="58.686">
  <response-info timems="0.020" idlems="0.020" threads="0" lastid="000000000239EF00" lastname="main" />
</exclusive-start>
<allocation-taxation id="724" taxation-threshold="16777216" timestamp="2019-08-11T05:38:50.605" intervalms="58.678" />
<cycle-start id="725" type="partial gc" contextid="0" timestamp="2019-08-11T05:38:50.605" intervalms="144.836" />
<gc-start id="726" type="partial gc" contextid="725" timestamp="2019-08-11T05:38:50.605">
  <mem-info id="727" free="20971520" total="104857600" percent="20">
    <mem type="eden" free="0" total="33554432" percent="0" />
    <remembered-set count="32160" freebytes="4063360" totalbytes="4192000" percent="96" regionsoverflowed="0" regionsstable="0" regionsrebuilding="0"/>
  </mem-info>
</gc-start>
<allocation-stats totalBytes="33522736" >
  <allocated-bytes non-tlh="262160" tlh="33260576" arrayletleaf="0"/>
  <largest-consumer threadName="main" threadId="000000000239EF00" bytes="16764176" />
</allocation-stats>
<gc-op id="728" type="copy forward" timems="13.575" contextid="725" timestamp="2019-08-11T05:38:50.619">
  <memory-copied type="eden" objects="69904" bytes="1997424" bytesdiscarded="80064" />
  <memory-copied type="other" objects="122944" bytes="3021160" bytesdiscarded="155712" />
  <memory-cardclean objects="7447" bytes="332712" />
  <regions eden="16" other="2" />
  <remembered-set-cleared processed="22718" cleared="6397" durationms="0.160" />
  <stringconstants candidates="13328" cleared="0"  />
</gc-op>
<gc-op id="729" type="classunload" timems="0.009" contextid="725" timestamp="2019-08-11T05:38:50.620">
  <classunload-info classloadercandidates="55" classloadersunloaded="0" classesunloaded="0" anonymousclassesunloaded="0" quiescems="0.000" setupms="0.009" scanms="0.000" postms="0.000" />
</gc-op>
<heap-resize id="730" type="expand" space="default" amount="18874368" count="1" timems="0.131" reason="excessive time being spent in gc" timestamp="2019-08-11T05:38:50.620" />
<gc-end id="731" type="partial gc" contextid="725" durationms="14.600" usertimems="58.589" systemtimems="0.000" timestamp="2019-08-11T05:38:50.620" activeThreads="16">
  <mem-info id="732" free="69206016" total="123731968" percent="55">
    <mem type="eden" free="2116816" total="4194304" percent="50" />
    <remembered-set count="37088" freebytes="4798208" totalbytes="4946560" percent="97" regionsoverflowed="0" regionsstable="0" regionsrebuilding="0"/>
  </mem-info>
</gc-end>
<cycle-end id="733" type="partial gc" contextid="725" timestamp="2019-08-11T05:38:50.620" />
  <attribute name="elasticGC enabled" value="1" />
  <attribute name= "numThreadsSpecified" value="16" />
  <attribute name="heapSize specified" value="0" />
  <attribute name="Current GC Util" value="141" />
  <attribute name= "Current Time Running" value="112491" />
  <attribute name ="GC Interval" value="0" />
  <attribute name="ProportionalT" value="30.500000" />
  <attribute name="ProportionalI" value="30.500000" />
  <attribute name="ProportionalH" value="30.500000" />
  <attribute name="Current Error" value="61.000000" />
  <attribute name="IntegralT" value="30.500000" />
  <attribute name="IntegralI" value="30.500000" />
  <attribute name="IntegralH" value="30.500000" />
  <attribute name="DerivativeT" value="61.000000" />
  <attribute name="DerivativeI" value="61.000000" />
  <attribute name="DerivativeH" value="61.000000" />
  <attribute name="Loop Time for DT" value="1.000000" />
  <attribute name="Output H" value="8388608"/>
  <attribute name="Output I" value="200"/>
  <attribute name="Output T" value="16"/>
  <attribute name="Target GC Util Change" value ="80.000000" />
  <attribute name="Current GC Util Change" value="141.000000"/>
  <attribute name="GC Util currently" value="141" />
  <attribute name="CPU Util currently" value="2535593069720" />
<exclusive-end id="734" timestamp="2019-08-11T05:38:50.620" durationms="15.109" />

<exclusive-start id="735" timestamp="2019-08-11T05:38:50.685" intervalms="80.452">
  <response-info timems="0.016" idlems="0.016" threads="0" lastid="000000000239EF00" lastname="main" />
</exclusive-start>
<allocation-taxation id="736" taxation-threshold="18874368" timestamp="2019-08-11T05:38:50.685" intervalms="80.446" />
<gc-start id="737" type="global mark phase" contextid="716" timestamp="2019-08-11T05:38:50.685">
  <mem-info id="738" free="50331648" total="123731968" percent="40">
    <remembered-set count="36736" freebytes="4799616" totalbytes="4946560" percent="97" regionsoverflowed="0" regionsstable="0" regionsrebuilding="0"/>
  </mem-info>
</gc-start>
<gc-op id="739" type="mark increment" timems="10.670" contextid="716" timestamp="2019-08-11T05:38:50.696">
  <trace-info objectcount="75449" scancount="63938" scanbytes="2089140" />
  <cardclean-info objects="20578" bytes="595180" />
  <finalization candidates="81" enqueued="0" />
  <ownableSynchronizers candidates="22" cleared="0" />
  <references type="soft" candidates="2717" cleared="0" enqueued="0" dynamicThreshold="17" maxThreshold="32" />
  <references type="weak" candidates="5553" cleared="50" enqueued="50" />
  <references type="phantom" candidates="98" cleared="0" enqueued="0" />
  <stringconstants candidates="13328" cleared="12"  />
</gc-op>
<gc-op id="740" type="classunload" timems="0.008" contextid="716" timestamp="2019-08-11T05:38:50.696">
  <classunload-info classloadercandidates="55" classloadersunloaded="0" classesunloaded="0" anonymousclassesunloaded="0" quiescems="0.000" setupms="0.008" scanms="0.000" postms="0.000" />
</gc-op>
<gc-end id="741" type="global mark phase" contextid="716" durationms="10.791" usertimems="24.785" systemtimems="0.000" timestamp="2019-08-11T05:38:50.696" activeThreads="16">
  <mem-info id="742" free="50331648" total="123731968" percent="40">
    <pending-finalizers system="0" default="0" reference="50" classloader="0" />
    <remembered-set count="36736" freebytes="4799616" totalbytes="4946560" percent="97" regionsoverflowed="0" regionsstable="0" regionsrebuilding="0"/>
  </mem-info>
</gc-end>
<cycle-end id="743" type="global mark phase" contextid="716" timestamp="2019-08-11T05:38:50.696" />
  <attribute name="elasticGC enabled" value="1" />
  <attribute name= "numThreadsSpecified" value="16" />
  <attribute name="heapSize specified" value="0" />
  <attribute name="Current GC Util" value="342" />
  <attribute name= "Current Time Running" value="112576" />
  <attribute name ="GC Interval" value="0" />
  <attribute name="ProportionalT" value="131.000000" />
  <attribute name="ProportionalI" value="131.000000" />
  <attribute name="ProportionalH" value="131.000000" />
  <attribute name="Current Error" value="262.000000" />
  <attribute name="IntegralT" value="262.000000" />
  <attribute name="IntegralI" value="262.000000" />
  <attribute name="IntegralH" value="262.000000" />
  <attribute name="DerivativeT" value="109.000000" />
  <attribute name="DerivativeI" value="109.000000" />
  <attribute name="DerivativeH" value="109.000000" />
  <attribute name="Loop Time for DT" value="2.000000" />
  <attribute name="Output H" value="8388608"/>
  <attribute name="Output I" value="504"/>
  <attribute name="Output T" value="16"/>
  <attribute name="Target GC Util Change" value ="80.000000" />
  <attribute name="Current GC Util Change" value="342.000000"/>
  <attribute name="GC Util currently" value="342" />
  <attribute name="CPU Util currently" value="556645555084" />
<exclusive-end id="744" timestamp="2019-08-11T05:38:50.696" durationms="11.048" />

<exclusive-start id="745" timestamp="2019-08-11T05:38:50.746" intervalms="60.396">
  <response-info timems="0.022" idlems="0.022" threads="0" lastid="000000000239EF00" lastname="main" />
</exclusive-start>
<allocation-taxation id="746" taxation-threshold="18874368" timestamp="2019-08-11T05:38:50.746" intervalms="60.423" />
<cycle-start id="747" type="partial gc" contextid="0" timestamp="2019-08-11T05:38:50.746" intervalms="140.878" />
<gc-start id="748" type="partial gc" contextid="747" timestamp="2019-08-11T05:38:50.746">
  <mem-info id="749" free="31457280" total="123731968" percent="25">
    <mem type="eden" free="0" total="37748736" percent="0" />
    <remembered-set count="36736" freebytes="4799616" totalbytes="4946560" percent="97" regionsoverflowed="0" regionsstable="0" regionsrebuilding="0"/>
  </mem-info>
</gc-start>
<allocation-stats totalBytes="37708864" >
  <allocated-bytes non-tlh="0" tlh="37708864" arrayletleaf="0"/>
  <largest-consumer threadName="main" threadId="000000000239EF00" bytes="18853360" />
</allocation-stats>
<gc-op id="750" type="sweep" timems="1.981" contextid="747" timestamp="2019-08-11T05:38:50.748" />
<gc-op id="751" type="copy forward" timems="10.954" contextid="747" timestamp="2019-08-11T05:38:50.760">
  <memory-copied type="eden" objects="39534" bytes="994808" bytesdiscarded="68677" />
  <memory-copied type="other" objects="109205" bytes="2976088" bytesdiscarded="179515" />
  <memory-cardclean objects="10534" bytes="419368" />
  <regions eden="9" other="12" />
  <remembered-set-cleared processed="26892" cleared="5244" durationms="0.194" />
  <references type="soft" candidates="2" cleared="0" enqueued="0" dynamicThreshold="13" maxThreshold="32" />
  <references type="weak" candidates="16" cleared="0" enqueued="0" />
  <stringconstants candidates="13316" cleared="0"  />
</gc-op>
<gc-op id="752" type="classunload" timems="0.009" contextid="747" timestamp="2019-08-11T05:38:50.760">
  <classunload-info classloadercandidates="55" classloadersunloaded="0" classesunloaded="0" anonymousclassesunloaded="0" quiescems="0.000" setupms="0.008" scanms="0.000" postms="0.000" />
</gc-op>
<heap-resize id="753" type="expand" space="default" amount="18874368" count="1" timems="0.144" reason="excessive time being spent in gc" timestamp="2019-08-11T05:38:50.760" />
<gc-end id="754" type="partial gc" contextid="747" durationms="14.412" usertimems="52.659" systemtimems="0.000" timestamp="2019-08-11T05:38:50.760" activeThreads="16">
  <mem-info id="755" free="85983232" total="142606336" percent="60">
    <mem type="eden" free="13192" total="2097152" percent="0" />
    <remembered-set count="42880" freebytes="5529600" totalbytes="5701120" percent="96" regionsoverflowed="0" regionsstable="0" regionsrebuilding="0"/>
  </mem-info>
</gc-end>
<cycle-end id="756" type="partial gc" contextid="747" timestamp="2019-08-11T05:38:50.761" />
  <attribute name="elasticGC enabled" value="1" />
  <attribute name= "numThreadsSpecified" value="16" />
  <attribute name="heapSize specified" value="0" />
  <attribute name="Current GC Util" value="242" />
  <attribute name= "Current Time Running" value="112634" />
  <attribute name ="GC Interval" value="0" />
  <attribute name="ProportionalT" value="81.000000" />
  <attribute name="ProportionalI" value="81.000000" />
  <attribute name="ProportionalH" value="81.000000" />
  <attribute name="Current Error" value="162.000000" />
  <attribute name="IntegralT" value="81.000000" />
  <attribute name="IntegralI" value="81.000000" />
  <attribute name="IntegralH" value="81.000000" />
  <attribute name="DerivativeT" value="98.000000" />
  <attribute name="DerivativeI" value="98.000000" />
  <attribute name="DerivativeH" value="98.000000" />
  <attribute name="Loop Time for DT" value="1.000000" />
  <attribute name="Output H" value="8388608"/>
  <attribute name="Output I" value="264"/>
  <attribute name="Output T" value="16"/>
  <attribute name="Target GC Util Change" value ="80.000000" />
  <attribute name="Current GC Util Change" value="242.000000"/>
  <attribute name="GC Util currently" value="242" />
  <attribute name="CPU Util currently" value="1604057986943" />
<exclusive-end id="757" timestamp="2019-08-11T05:38:50.761" durationms="14.948" />

-------------------------------------------------------------------------------
PYBENCH 2.0
-------------------------------------------------------------------------------
* using Python 2.5.2
* system check interval set to maximum: 2147483647
* using timer: time.time

Calibrating tests. Please wait...

Running 4 round(s) of the suite at warp factor 10:

<exclusive-start id="758" timestamp="2019-08-11T05:38:51.066" intervalms="320.620">
  <response-info timems="1.019" idlems="1.019" threads="0" lastid="000000000239EF00" lastname="main" />
</exclusive-start>
<allocation-taxation id="759" taxation-threshold="41943040" timestamp="2019-08-11T05:38:51.066" intervalms="320.617" />
<cycle-start id="760" type="partial gc" contextid="0" timestamp="2019-08-11T05:38:51.066" intervalms="320.617" />
<gc-start id="761" type="partial gc" contextid="760" timestamp="2019-08-11T05:38:51.067">
  <mem-info id="762" free="44040192" total="142606336" percent="30">
    <mem type="eden" free="0" total="41943040" percent="0" />
    <remembered-set count="42464" freebytes="5531264" totalbytes="5701120" percent="97" regionsoverflowed="0" regionsstable="0" regionsrebuilding="0"/>
  </mem-info>
</gc-start>
<allocation-stats totalBytes="41938656" >
  <allocated-bytes non-tlh="1958888" tlh="39979768" arrayletleaf="0"/>
  <largest-consumer threadName="main" threadId="000000000239EF00" bytes="41938656" />
</allocation-stats>
<gc-op id="763" type="copy forward" timems="27.215" contextid="760" timestamp="2019-08-11T05:38:51.099">
  <memory-copied type="eden" objects="93623" bytes="2298256" bytesdiscarded="283992" />
  <memory-copied type="other" objects="95781" bytes="2810984" bytesdiscarded="260416" />
  <memory-cardclean objects="52688" bytes="1931384" />
  <regions eden="20" other="3" />
  <remembered-set-cleared processed="23348" cleared="9350" durationms="0.364" />
  <finalization candidates="14" enqueued="1" />
  <references type="soft" candidates="2203" cleared="0" enqueued="0" dynamicThreshold="19" maxThreshold="32" />
  <references type="weak" candidates="231" cleared="0" enqueued="0" />
  <references type="phantom" candidates="51" cleared="0" enqueued="0" />
  <stringconstants candidates="13775" cleared="5"  />
</gc-op>
<gc-op id="764" type="classunload" timems="0.011" contextid="760" timestamp="2019-08-11T05:38:51.099">
  <classunload-info classloadercandidates="55" classloadersunloaded="0" classesunloaded="0" anonymousclassesunloaded="0" quiescems="0.000" setupms="0.011" scanms="0.000" postms="0.000" />
</gc-op>
<gc-end id="765" type="partial gc" contextid="760" durationms="32.185" usertimems="88.679" systemtimems="0.000" timestamp="2019-08-11T05:38:51.099" activeThreads="16">
  <mem-info id="766" free="77594624" total="142606336" percent="54">
    <mem type="eden" free="3709144" total="6291456" percent="58" />
    <pending-finalizers system="0" default="1" reference="0" classloader="0" />
    <remembered-set count="47904" freebytes="5509504" totalbytes="5701120" percent="96" regionsoverflowed="0" regionsstable="0" regionsrebuilding="0"/>
  </mem-info>
</gc-end>
<cycle-end id="767" type="partial gc" contextid="760" timestamp="2019-08-11T05:38:51.099" />
  <attribute name="elasticGC enabled" value="1" />
  <attribute name= "numThreadsSpecified" value="16" />
  <attribute name="heapSize specified" value="0" />
  <attribute name="Current GC Util" value="109" />
  <attribute name= "Current Time Running" value="112956" />
  <attribute name ="GC Interval" value="0" />
  <attribute name="ProportionalT" value="14.500000" />
  <attribute name="ProportionalI" value="14.500000" />
  <attribute name="ProportionalH" value="14.500000" />
  <attribute name="Current Error" value="29.000000" />
  <attribute name="IntegralT" value="58.000000" />
  <attribute name="IntegralI" value="58.000000" />
  <attribute name="IntegralH" value="58.000000" />
  <attribute name="DerivativeT" value="7.250000" />
  <attribute name="DerivativeI" value="7.250000" />
  <attribute name="DerivativeH" value="7.250000" />
  <attribute name="Loop Time for DT" value="4.000000" />
  <attribute name="Output H" value="8388608"/>
  <attribute name="Output I" value="200"/>
  <attribute name="Output T" value="16"/>
  <attribute name="Target GC Util Change" value ="80.000000" />
  <attribute name="Current GC Util Change" value="109.000000"/>
  <attribute name="GC Util currently" value="109" />
  <attribute name="CPU Util currently" value="292363367247" />
<exclusive-end id="768" timestamp="2019-08-11T05:38:51.099" durationms="32.729" />

<exclusive-start id="769" timestamp="2019-08-11T05:38:51.342" intervalms="276.034">
  <response-info timems="0.041" idlems="0.041" threads="0" lastid="000000000239EF00" lastname="main" />
</exclusive-start>
<allocation-taxation id="770" taxation-threshold="41943040" timestamp="2019-08-11T05:38:51.342" intervalms="276.016" />
<cycle-start id="771" type="partial gc" contextid="0" timestamp="2019-08-11T05:38:51.343" intervalms="276.037" />
<gc-start id="772" type="partial gc" contextid="771" timestamp="2019-08-11T05:38:51.343">
  <mem-info id="773" free="35651584" total="142606336" percent="25">
    <mem type="eden" free="0" total="41943040" percent="0" />
    <remembered-set count="47456" freebytes="5511296" totalbytes="5701120" percent="96" regionsoverflowed="0" regionsstable="0" regionsrebuilding="0"/>
  </mem-info>
</gc-start>
<allocation-stats totalBytes="41939168" >
  <allocated-bytes non-tlh="0" tlh="41939168" arrayletleaf="0"/>
  <largest-consumer threadName="main" threadId="000000000239EF00" bytes="41939168" />
</allocation-stats>
<gc-op id="774" type="copy forward" timems="9.141" contextid="771" timestamp="2019-08-11T05:38:51.353">
  <memory-copied type="eden" objects="26" bytes="816" bytesdiscarded="0" />
  <memory-copied type="other" objects="95168" bytes="2319832" bytesdiscarded="8" />
  <memory-cardclean objects="1976" bytes="211952" />
  <regions eden="20" other="5" />
  <remembered-set-cleared processed="35418" cleared="5342" durationms="0.433" />
  <references type="soft" candidates="2151" cleared="0" enqueued="0" dynamicThreshold="17" maxThreshold="32" />
  <references type="weak" candidates="92" cleared="0" enqueued="0" />
  <stringconstants candidates="13770" cleared="0"  />
</gc-op>
<gc-op id="775" type="classunload" timems="0.007" contextid="771" timestamp="2019-08-11T05:38:51.353">
  <classunload-info classloadercandidates="55" classloadersunloaded="0" classesunloaded="0" anonymousclassesunloaded="0" quiescems="0.000" setupms="0.007" scanms="0.000" postms="0.000" />
</gc-op>
<gc-end id="776" type="partial gc" contextid="771" durationms="10.223" usertimems="11.293" systemtimems="0.000" timestamp="2019-08-11T05:38:51.353" activeThreads="1">
  <mem-info id="777" free="77594624" total="142606336" percent="54">
    <mem type="eden" free="2096336" total="2097152" percent="99" />
    <remembered-set count="46304" freebytes="5515904" totalbytes="5701120" percent="96" regionsoverflowed="0" regionsstable="0" regionsrebuilding="0"/>
  </mem-info>
</gc-end>
<cycle-end id="778" type="partial gc" contextid="771" timestamp="2019-08-11T05:38:51.353" />
  <attribute name="elasticGC enabled" value="1" />
  <attribute name= "numThreadsSpecified" value="1" />
  <attribute name="heapSize specified" value="0" />
  <attribute name="Current GC Util" value="139" />
  <attribute name= "Current Time Running" value="113228" />
  <attribute name ="GC Interval" value="0" />
  <attribute name="ProportionalT" value="29.500000" />
  <attribute name="ProportionalI" value="29.500000" />
  <attribute name="ProportionalH" value="29.500000" />
  <attribute name="Current Error" value="59.000000" />
  <attribute name="IntegralT" value="0.000000" />
  <attribute name="IntegralI" value="0.000000" />
  <attribute name="IntegralH" value="0.000000" />
  <attribute name="DerivativeT" value="inf" />
  <attribute name="DerivativeI" value="inf" />
  <attribute name="DerivativeH" value="inf" />
  <attribute name="Loop Time for DT" value="0.000000" />
  <attribute name="Output H" value="8388608"/>
  <attribute name="Output I" value="200"/>
  <attribute name="Output T" value="1"/>
  <attribute name="Target GC Util Change" value ="80.000000" />
  <attribute name="Current GC Util Change" value="139.000000"/>
  <attribute name="GC Util currently" value="139" />
  <attribute name="CPU Util currently" value="2134016257845" />
<exclusive-end id="779" timestamp="2019-08-11T05:38:51.353" durationms="10.857" />

<exclusive-start id="780" timestamp="2019-08-11T05:38:53.341" intervalms="1998.447">
  <response-info timems="0.091" idlems="0.091" threads="0" lastid="000000000239EF00" lastname="main" />
</exclusive-start>
<allocation-taxation id="781" taxation-threshold="41943040" timestamp="2019-08-11T05:38:53.341" intervalms="1998.449" />
<cycle-start id="782" type="partial gc" contextid="0" timestamp="2019-08-11T05:38:53.341" intervalms="1998.607" />
<gc-start id="783" type="partial gc" contextid="782" timestamp="2019-08-11T05:38:53.341">
  <mem-info id="784" free="35651584" total="142606336" percent="25">
    <mem type="eden" free="0" total="41943040" percent="0" />
    <remembered-set count="46304" freebytes="5515904" totalbytes="5701120" percent="96" regionsoverflowed="0" regionsstable="0" regionsrebuilding="0"/>
  </mem-info>
</gc-start>
<allocation-stats totalBytes="41826288" >
  <allocated-bytes non-tlh="64" tlh="41826224" arrayletleaf="0"/>
  <largest-consumer threadName="main" threadId="000000000239EF00" bytes="41826288" />
</allocation-stats>
<gc-op id="785" type="copy forward" timems="10.071" contextid="782" timestamp="2019-08-11T05:38:53.353">
  <memory-copied type="eden" objects="82" bytes="3208" bytesdiscarded="976" />
  <memory-copied type="other" objects="12651" bytes="751744" bytesdiscarded="60224" />
  <memory-cardclean objects="2984" bytes="127936" />
  <regions eden="20" other="3" />
  <remembered-set-cleared processed="35254" cleared="1736" durationms="0.400" />
  <references type="soft" candidates="59" cleared="0" enqueued="0" dynamicThreshold="17" maxThreshold="32" />
  <references type="weak" candidates="118" cleared="0" enqueued="0" />
  <references type="phantom" candidates="3" cleared="0" enqueued="0" />
  <stringconstants candidates="13771" cleared="0"  />
</gc-op>
<gc-op id="786" type="classunload" timems="0.009" contextid="782" timestamp="2019-08-11T05:38:53.353">
  <classunload-info classloadercandidates="55" classloadersunloaded="0" classesunloaded="0" anonymousclassesunloaded="0" quiescems="0.000" setupms="0.009" scanms="0.000" postms="0.000" />
</gc-op>
<heap-resize id="787" type="contract" space="default" amount="8388608" count="1" timems="0.083" reason="insufficient time being spent in gc" timestamp="2019-08-11T05:38:53.353" />
<gc-end id="788" type="partial gc" contextid="782" durationms="11.811" usertimems="31.489" systemtimems="0.000" timestamp="2019-08-11T05:38:53.353" activeThreads="16">
  <mem-info id="789" free="69206016" total="134217728" percent="51">
    <mem type="eden" free="2092968" total="2097152" percent="99" />
    <remembered-set count="45280" freebytes="5520000" totalbytes="5701120" percent="96" regionsoverflowed="0" regionsstable="0" regionsrebuilding="0"/>
  </mem-info>
</gc-end>
<cycle-end id="790" type="partial gc" contextid="782" timestamp="2019-08-11T05:38:53.353" />
  <attribute name="elasticGC enabled" value="1" />
  <attribute name= "numThreadsSpecified" value="16" />
  <attribute name="heapSize specified" value="0" />
  <attribute name="Current GC Util" value="141" />
  <attribute name= "Current Time Running" value="115228" />
  <attribute name ="GC Interval" value="0" />
  <attribute name="ProportionalT" value="30.500000" />
  <attribute name="ProportionalI" value="30.500000" />
  <attribute name="ProportionalH" value="30.500000" />
  <attribute name="Current Error" value="61.000000" />
  <attribute name="IntegralT" value="30.500000" />
  <attribute name="IntegralI" value="30.500000" />
  <attribute name="IntegralH" value="30.500000" />
  <attribute name="DerivativeT" value="61.000000" />
  <attribute name="DerivativeI" value="61.000000" />
  <attribute name="DerivativeH" value="61.000000" />
  <attribute name="Loop Time for DT" value="1.000000" />
  <attribute name="Output H" value="8388608"/>
  <attribute name="Output I" value="200"/>
  <attribute name="Output T" value="16"/>
  <attribute name="Target GC Util Change" value ="80.000000" />
  <attribute name="Current GC Util Change" value="141.000000"/>
  <attribute name="GC Util currently" value="141" />
  <attribute name="CPU Util currently" value="1021941314977" />
<exclusive-end id="791" timestamp="2019-08-11T05:38:53.353" durationms="12.625" />

<exclusive-start id="792" timestamp="2019-08-11T05:38:53.391" intervalms="49.764">
  <response-info timems="0.045" idlems="0.045" threads="0" lastid="000000000239EF00" lastname="main" />
</exclusive-start>
<allocation-taxation id="793" taxation-threshold="39845888" timestamp="2019-08-11T05:38:53.391" intervalms="49.764" />
<cycle-start id="794" type="partial gc" contextid="0" timestamp="2019-08-11T05:38:53.391" intervalms="49.706" />
<gc-start id="795" type="partial gc" contextid="794" timestamp="2019-08-11T05:38:53.391">
  <mem-info id="796" free="29360128" total="134217728" percent="21">
    <mem type="eden" free="0" total="39845888" percent="0" />
    <remembered-set count="44960" freebytes="5521280" totalbytes="5701120" percent="96" regionsoverflowed="0" regionsstable="0" regionsrebuilding="0"/>
  </mem-info>
</gc-start>
<allocation-stats totalBytes="39702368" >
  <allocated-bytes non-tlh="0" tlh="39702368" arrayletleaf="0"/>
  <largest-consumer threadName="main" threadId="000000000239EF00" bytes="39702368" />
</allocation-stats>
<gc-op id="797" type="copy forward" timems="12.999" contextid="794" timestamp="2019-08-11T05:38:53.405">
  <memory-copied type="eden" objects="2" bytes="56" bytesdiscarded="736" />
  <memory-copied type="other" objects="34812" bytes="1672208" bytesdiscarded="179344" />
  <memory-cardclean objects="191241" bytes="6624376" />
  <regions eden="19" other="4" />
  <remembered-set-cleared processed="18915" cleared="10549" durationms="0.257" />
  <finalization candidates="29" enqueued="0" />
  <ownableSynchronizers candidates="5" cleared="0" />
  <references type="soft" candidates="931" cleared="0" enqueued="0" dynamicThreshold="16" maxThreshold="32" />
  <references type="weak" candidates="2212" cleared="0" enqueued="0" />
  <references type="phantom" candidates="9" cleared="0" enqueued="0" />
  <stringconstants candidates="13771" cleared="0"  />
</gc-op>
<gc-op id="798" type="classunload" timems="0.009" contextid="794" timestamp="2019-08-11T05:38:53.405">
  <classunload-info classloadercandidates="55" classloadersunloaded="0" classesunloaded="0" anonymousclassesunloaded="0" quiescems="0.000" setupms="0.009" scanms="0.000" postms="0.000" />
</gc-op>
<heap-resize id="799" type="contract" space="default" amount="8388608" count="1" timems="0.082" reason="insufficient time being spent in gc" timestamp="2019-08-11T05:38:53.406" />
<gc-end id="800" type="partial gc" contextid="794" durationms="14.622" usertimems="56.680" systemtimems="0.000" timestamp="2019-08-11T05:38:53.406" activeThreads="16">
  <mem-info id="801" free="60817408" total="125829120" percent="48">
    <mem type="eden" free="2096360" total="2097152" percent="99" />
    <remembered-set count="47552" freebytes="5175552" totalbytes="5365760" percent="96" regionsoverflowed="0" regionsstable="0" regionsrebuilding="0"/>
  </mem-info>
</gc-end>
<cycle-end id="802" type="partial gc" contextid="794" timestamp="2019-08-11T05:38:53.406" />
  <attribute name="elasticGC enabled" value="1" />
  <attribute name= "numThreadsSpecified" value="16" />
  <attribute name="heapSize specified" value="0" />
  <attribute name="Current GC Util" value="126" />
  <attribute name= "Current Time Running" value="115277" />
  <attribute name ="GC Interval" value="0" />
  <attribute name="ProportionalT" value="23.000000" />
  <attribute name="ProportionalI" value="23.000000" />
  <attribute name="ProportionalH" value="23.000000" />
  <attribute name="Current Error" value="46.000000" />
  <attribute name="IntegralT" value="23.000000" />
  <attribute name="IntegralI" value="23.000000" />
  <attribute name="IntegralH" value="23.000000" />
  <attribute name="DerivativeT" value="46.000000" />
  <attribute name="DerivativeI" value="46.000000" />
  <attribute name="DerivativeH" value="46.000000" />
  <attribute name="Loop Time for DT" value="1.000000" />
  <attribute name="Output H" value="8388608"/>
  <attribute name="Output I" value="200"/>
  <attribute name="Output T" value="16"/>
  <attribute name="Target GC Util Change" value ="80.000000" />
  <attribute name="Current GC Util Change" value="126.000000"/>
  <attribute name="GC Util currently" value="126" />
  <attribute name="CPU Util currently" value="1079625700442" />
<exclusive-end id="803" timestamp="2019-08-11T05:38:53.406" durationms="15.379" />

<exclusive-start id="804" timestamp="2019-08-11T05:38:53.446" intervalms="55.150">
  <response-info timems="0.023" idlems="0.023" threads="0" lastid="000000000239EF00" lastname="main" />
</exclusive-start>
<allocation-taxation id="805" taxation-threshold="37748736" timestamp="2019-08-11T05:38:53.446" intervalms="55.150" />
<cycle-start id="806" type="partial gc" contextid="0" timestamp="2019-08-11T05:38:53.446" intervalms="55.060" />
<gc-start id="807" type="partial gc" contextid="806" timestamp="2019-08-11T05:38:53.446">
  <mem-info id="808" free="23068672" total="125829120" percent="18">
    <mem type="eden" free="2096360" total="39845888" percent="5" />
    <remembered-set count="47520" freebytes="5175680" totalbytes="5365760" percent="96" regionsoverflowed="0" regionsstable="0" regionsrebuilding="0"/>
  </mem-info>
</gc-start>
<allocation-stats totalBytes="37621464" >
  <allocated-bytes non-tlh="0" tlh="37621464" arrayletleaf="0"/>
  <largest-consumer threadName="main" threadId="000000000239EF00" bytes="37621464" />
</allocation-stats>
<gc-op id="809" type="copy forward" timems="7.863" contextid="806" timestamp="2019-08-11T05:38:53.455">
  <memory-copied type="eden" objects="2" bytes="56" bytesdiscarded="0" />
  <memory-copied type="other" objects="512" bytes="17912" bytesdiscarded="3600" />
  <memory-cardclean objects="262" bytes="17168" />
  <regions eden="18" other="2" />
  <remembered-set-cleared processed="36539" cleared="251" durationms="0.262" />
  <references type="soft" candidates="3" cleared="0" enqueued="0" dynamicThreshold="15" maxThreshold="32" />
  <references type="weak" candidates="13" cleared="0" enqueued="0" />
  <stringconstants candidates="13771" cleared="0"  />
</gc-op>
<gc-op id="810" type="classunload" timems="0.008" contextid="806" timestamp="2019-08-11T05:38:53.456">
  <classunload-info classloadercandidates="55" classloadersunloaded="0" classesunloaded="0" anonymousclassesunloaded="0" quiescems="0.000" setupms="0.008" scanms="0.000" postms="0.000" />
</gc-op>
<heap-resize id="811" type="contract" space="default" amount="6291456" count="1" timems="0.083" reason="insufficient time being spent in gc" timestamp="2019-08-11T05:38:53.456" />
<gc-end id="812" type="partial gc" contextid="806" durationms="9.651" usertimems="21.254" systemtimems="0.000" timestamp="2019-08-11T05:38:53.456" activeThreads="16">
  <mem-info id="813" free="54525952" total="119537664" percent="45">
    <mem type="eden" free="2097096" total="2097152" percent="99" />
    <remembered-set count="46656" freebytes="4843776" totalbytes="5030400" percent="96" regionsoverflowed="0" regionsstable="0" regionsrebuilding="0"/>
  </mem-info>
</gc-end>
<cycle-end id="814" type="partial gc" contextid="806" timestamp="2019-08-11T05:38:53.456" />
  <attribute name="elasticGC enabled" value="1" />
  <attribute name= "numThreadsSpecified" value="16" />
  <attribute name="heapSize specified" value="0" />
  <attribute name="Current GC Util" value="98" />
  <attribute name= "Current Time Running" value="115332" />
  <attribute name ="GC Interval" value="0" />
  <attribute name="ProportionalT" value="9.000000" />
  <attribute name="ProportionalI" value="9.000000" />
  <attribute name="ProportionalH" value="9.000000" />
  <attribute name="Current Error" value="18.000000" />
  <attribute name="IntegralT" value="9.000000" />
  <attribute name="IntegralI" value="9.000000" />
  <attribute name="IntegralH" value="9.000000" />
  <attribute name="DerivativeT" value="0.000000" />
  <attribute name="DerivativeI" value="0.000000" />
  <attribute name="DerivativeH" value="0.000000" />
  <attribute name="Loop Time for DT" value="1.000000" />
  <attribute name="Output H" value="8388608"/>
  <attribute name="Output I" value="200"/>
  <attribute name="Output T" value="16"/>
  <attribute name="Target GC Util Change" value ="80.000000" />
  <attribute name="Current GC Util Change" value="98.000000"/>
  <attribute name="GC Util currently" value="98" />
  <attribute name="CPU Util currently" value="983896862928" />
<exclusive-end id="815" timestamp="2019-08-11T05:38:53.456" durationms="10.231" />

<exclusive-start id="816" timestamp="2019-08-11T05:38:53.476" intervalms="30.557">
  <response-info timems="0.019" idlems="0.019" threads="0" lastid="000000000239EF00" lastname="main" />
</exclusive-start>
<allocation-taxation id="817" taxation-threshold="37748736" timestamp="2019-08-11T05:38:53.476" intervalms="30.552" />
<cycle-start id="818" type="partial gc" contextid="0" timestamp="2019-08-11T05:38:53.476" intervalms="30.542" />
<gc-start id="819" type="partial gc" contextid="818" timestamp="2019-08-11T05:38:53.477">
  <mem-info id="820" free="16777216" total="119537664" percent="14">
    <mem type="eden" free="2097096" total="39845888" percent="5" />
    <remembered-set count="46304" freebytes="4845184" totalbytes="5030400" percent="96" regionsoverflowed="0" regionsstable="0" regionsrebuilding="0"/>
  </mem-info>
</gc-start>
<allocation-stats totalBytes="37621440" >
  <allocated-bytes non-tlh="0" tlh="37621440" arrayletleaf="0"/>
  <largest-consumer threadName="main" threadId="000000000239EF00" bytes="37621440" />
</allocation-stats>
<gc-op id="821" type="copy forward" timems="11.868" contextid="818" timestamp="2019-08-11T05:38:53.490">
  <memory-copied type="eden" objects="2" bytes="56" bytesdiscarded="0" />
  <memory-copied type="other" objects="27372" bytes="1689104" bytesdiscarded="225384" />
  <memory-cardclean objects="46363" bytes="2082112" />
  <regions eden="18" other="4" />
  <remembered-set-cleared processed="30576" cleared="9049" durationms="0.318" />
  <finalization candidates="38" enqueued="0" />
  <ownableSynchronizers candidates="17" cleared="0" />
  <references type="soft" candidates="685" cleared="0" enqueued="0" dynamicThreshold="14" maxThreshold="32" />
  <references type="weak" candidates="2129" cleared="0" enqueued="0" />
  <references type="phantom" candidates="33" cleared="0" enqueued="0" />
  <stringconstants candidates="13771" cleared="0"  />
</gc-op>
<gc-op id="822" type="classunload" timems="0.045" contextid="818" timestamp="2019-08-11T05:38:53.490">
  <classunload-info classloadercandidates="55" classloadersunloaded="0" classesunloaded="0" anonymousclassesunloaded="0" quiescems="0.000" setupms="0.045" scanms="0.000" postms="0.000" />
</gc-op>
<heap-resize id="823" type="expand" space="default" amount="20971520" count="1" timems="0.100" reason="excessive time being spent in gc" timestamp="2019-08-11T05:38:53.490" />
<gc-end id="824" type="partial gc" contextid="818" durationms="13.448" usertimems="37.761" systemtimems="0.000" timestamp="2019-08-11T05:38:53.490" activeThreads="16">
  <mem-info id="825" free="79691776" total="140509184" percent="56">
    <mem type="eden" free="2097096" total="2097152" percent="99" />
    <remembered-set count="46496" freebytes="5431296" totalbytes="5617280" percent="96" regionsoverflowed="0" regionsstable="0" regionsrebuilding="0"/>
  </mem-info>
</gc-end>
<cycle-end id="826" type="partial gc" contextid="818" timestamp="2019-08-11T05:38:53.490" />
  <attribute name="elasticGC enabled" value="1" />
  <attribute name= "numThreadsSpecified" value="16" />
  <attribute name="heapSize specified" value="0" />
  <attribute name="Current GC Util" value="120" />
  <attribute name= "Current Time Running" value="115363" />
  <attribute name ="GC Interval" value="0" />
  <attribute name="ProportionalT" value="20.000000" />
  <attribute name="ProportionalI" value="20.000000" />
  <attribute name="ProportionalH" value="20.000000" />
  <attribute name="Current Error" value="40.000000" />
  <attribute name="IntegralT" value="20.000000" />
  <attribute name="IntegralI" value="20.000000" />
  <attribute name="IntegralH" value="20.000000" />
  <attribute name="DerivativeT" value="40.000000" />
  <attribute name="DerivativeI" value="40.000000" />
  <attribute name="DerivativeH" value="40.000000" />
  <attribute name="Loop Time for DT" value="1.000000" />
  <attribute name="Output H" value="8388608"/>
  <attribute name="Output I" value="200"/>
  <attribute name="Output T" value="16"/>
  <attribute name="Target GC Util Change" value ="80.000000" />
  <attribute name="Current GC Util Change" value="120.000000"/>
  <attribute name="GC Util currently" value="120" />
  <attribute name="CPU Util currently" value="1448259192880" />
<exclusive-end id="827" timestamp="2019-08-11T05:38:53.490" durationms="14.000" />

<exclusive-start id="828" timestamp="2019-08-11T05:38:53.521" intervalms="44.262">
  <response-info timems="0.064" idlems="0.064" threads="0" lastid="000000000239EF00" lastname="main" />
</exclusive-start>
<allocation-taxation id="829" taxation-threshold="41943040" timestamp="2019-08-11T05:38:53.521" intervalms="44.266" />
<cycle-start id="830" type="partial gc" contextid="0" timestamp="2019-08-11T05:38:53.521" intervalms="44.297" />
<gc-start id="831" type="partial gc" contextid="830" timestamp="2019-08-11T05:38:53.521">
  <mem-info id="832" free="37748736" total="140509184" percent="26">
    <mem type="eden" free="2097096" total="44040192" percent="4" />
    <remembered-set count="46080" freebytes="5432960" totalbytes="5617280" percent="96" regionsoverflowed="0" regionsstable="0" regionsrebuilding="0"/>
  </mem-info>
</gc-start>
<allocation-stats totalBytes="41802016" >
  <allocated-bytes non-tlh="0" tlh="41802016" arrayletleaf="0"/>
  <largest-consumer threadName="main" threadId="000000000239EF00" bytes="41802016" />
</allocation-stats>
<gc-op id="833" type="copy forward" timems="7.681" contextid="830" timestamp="2019-08-11T05:38:53.530">
  <memory-copied type="eden" objects="2" bytes="56" bytesdiscarded="0" />
  <memory-copied type="other" objects="754" bytes="25576" bytesdiscarded="5728" />
  <memory-cardclean objects="455" bytes="22840" />
  <regions eden="20" other="2" />
  <remembered-set-cleared processed="35044" cleared="313" durationms="0.273" />
  <references type="soft" candidates="3" cleared="0" enqueued="0" dynamicThreshold="18" maxThreshold="32" />
  <references type="weak" candidates="28" cleared="0" enqueued="0" />
  <stringconstants candidates="13771" cleared="0"  />
</gc-op>
<gc-op id="834" type="classunload" timems="0.012" contextid="830" timestamp="2019-08-11T05:38:53.530">
  <classunload-info classloadercandidates="55" classloadersunloaded="0" classesunloaded="0" anonymousclassesunloaded="0" quiescems="0.000" setupms="0.011" scanms="0.000" postms="0.000" />
</gc-op>
<heap-resize id="835" type="expand" space="default" amount="12582912" count="1" timems="0.183" reason="excessive time being spent in gc" timestamp="2019-08-11T05:38:53.530" />
<gc-end id="836" type="partial gc" contextid="830" durationms="8.960" usertimems="20.654" systemtimems="0.000" timestamp="2019-08-11T05:38:53.530" activeThreads="16">
  <mem-info id="837" free="92274688" total="153092096" percent="60">
    <mem type="eden" free="2097096" total="2097152" percent="99" />
    <remembered-set count="45376" freebytes="5938816" totalbytes="6120320" percent="97" regionsoverflowed="0" regionsstable="0" regionsrebuilding="0"/>
  </mem-info>
</gc-end>
<cycle-end id="838" type="partial gc" contextid="830" timestamp="2019-08-11T05:38:53.530" />
  <attribute name="elasticGC enabled" value="1" />
  <attribute name= "numThreadsSpecified" value="16" />
  <attribute name="heapSize specified" value="0" />
  <attribute name="Current GC Util" value="118" />
  <attribute name= "Current Time Running" value="115407" />
  <attribute name ="GC Interval" value="0" />
  <attribute name="ProportionalT" value="19.000000" />
  <attribute name="ProportionalI" value="19.000000" />
  <attribute name="ProportionalH" value="19.000000" />
  <attribute name="Current Error" value="38.000000" />
  <attribute name="IntegralT" value="19.000000" />
  <attribute name="IntegralI" value="19.000000" />
  <attribute name="IntegralH" value="19.000000" />
  <attribute name="DerivativeT" value="33.000000" />
  <attribute name="DerivativeI" value="33.000000" />
  <attribute name="DerivativeH" value="33.000000" />
  <attribute name="Loop Time for DT" value="1.000000" />
  <attribute name="Output H" value="8388608"/>
  <attribute name="Output I" value="200"/>
  <attribute name="Output T" value="16"/>
  <attribute name="Target GC Util Change" value ="80.000000" />
  <attribute name="Current GC Util Change" value="118.000000"/>
  <attribute name="GC Util currently" value="118" />
  <attribute name="CPU Util currently" value="1899032281591" />
<exclusive-end id="839" timestamp="2019-08-11T05:38:53.530" durationms="9.686" />

<exclusive-start id="840" timestamp="2019-08-11T05:38:53.558" intervalms="37.202">
  <response-info timems="0.112" idlems="0.112" threads="0" lastid="000000000239EF00" lastname="main" />
</exclusive-start>
<allocation-taxation id="841" taxation-threshold="46137344" timestamp="2019-08-11T05:38:53.558" intervalms="37.204" />
<cycle-start id="842" type="partial gc" contextid="0" timestamp="2019-08-11T05:38:53.558" intervalms="37.187" />
<gc-start id="843" type="partial gc" contextid="842" timestamp="2019-08-11T05:38:53.558">
  <mem-info id="844" free="46137344" total="153092096" percent="30">
    <mem type="eden" free="2097096" total="48234496" percent="4" />
    <remembered-set count="45024" freebytes="5940224" totalbytes="6120320" percent="97" regionsoverflowed="0" regionsstable="0" regionsrebuilding="0"/>
  </mem-info>
</gc-start>
<allocation-stats totalBytes="45982616" >
  <allocated-bytes non-tlh="0" tlh="45982616" arrayletleaf="0"/>
  <largest-consumer threadName="main" threadId="000000000239EF00" bytes="45982616" />
</allocation-stats>
<gc-op id="845" type="copy forward" timems="10.536" contextid="842" timestamp="2019-08-11T05:38:53.570">
  <memory-copied type="eden" objects="2" bytes="56" bytesdiscarded="0" />
  <memory-copied type="other" objects="5856" bytes="231896" bytesdiscarded="33208" />
  <memory-cardclean objects="2866" bytes="251056" />
  <regions eden="22" other="4" />
  <remembered-set-cleared processed="34693" cleared="1652" durationms="0.233" />
  <references type="soft" candidates="86" cleared="0" enqueued="0" dynamicThreshold="19" maxThreshold="32" />
  <references type="weak" candidates="474" cleared="0" enqueued="0" />
  <stringconstants candidates="13771" cleared="0"  />
</gc-op>
<gc-op id="846" type="classunload" timems="0.009" contextid="842" timestamp="2019-08-11T05:38:53.570">
  <classunload-info classloadercandidates="55" classloadersunloaded="0" classesunloaded="0" anonymousclassesunloaded="0" quiescems="0.000" setupms="0.009" scanms="0.000" postms="0.000" />
</gc-op>
<gc-end id="847" type="partial gc" contextid="842" durationms="13.041" usertimems="39.777" systemtimems="0.000" timestamp="2019-08-11T05:38:53.571" activeThreads="16">
  <mem-info id="848" free="96468992" total="153092096" percent="63">
    <mem type="eden" free="2097096" total="2097152" percent="99" />
    <remembered-set count="46752" freebytes="5933312" totalbytes="6120320" percent="96" regionsoverflowed="0" regionsstable="0" regionsrebuilding="0"/>
  </mem-info>
</gc-end>
<cycle-end id="849" type="partial gc" contextid="842" timestamp="2019-08-11T05:38:53.571" />
  <attribute name="elasticGC enabled" value="1" />
  <attribute name= "numThreadsSpecified" value="16" />
  <attribute name="heapSize specified" value="0" />
  <attribute name="Current GC Util" value="162" />
  <attribute name= "Current Time Running" value="115444" />
  <attribute name ="GC Interval" value="0" />
  <attribute name="ProportionalT" value="41.000000" />
  <attribute name="ProportionalI" value="41.000000" />
  <attribute name="ProportionalH" value="41.000000" />
  <attribute name="Current Error" value="82.000000" />
  <attribute name="IntegralT" value="41.000000" />
  <attribute name="IntegralI" value="41.000000" />
  <attribute name="IntegralH" value="41.000000" />
  <attribute name="DerivativeT" value="82.000000" />
  <attribute name="DerivativeI" value="82.000000" />
  <attribute name="DerivativeH" value="82.000000" />
  <attribute name="Loop Time for DT" value="1.000000" />
  <attribute name="Output H" value="8388608"/>
  <attribute name="Output I" value="200"/>
  <attribute name="Output T" value="16"/>
  <attribute name="Target GC Util Change" value ="80.000000" />
  <attribute name="Current GC Util Change" value="162.000000"/>
  <attribute name="GC Util currently" value="162" />
  <attribute name="CPU Util currently" value="1488235924570" />
<exclusive-end id="850" timestamp="2019-08-11T05:38:53.571" durationms="13.637" />

<exclusive-start id="851" timestamp="2019-08-11T05:38:53.599" intervalms="41.209">
  <response-info timems="0.075" idlems="0.075" threads="0" lastid="000000000239EF00" lastname="main" />
</exclusive-start>
<allocation-taxation id="852" taxation-threshold="46137344" timestamp="2019-08-11T05:38:53.599" intervalms="41.214" />
<cycle-start id="853" type="partial gc" contextid="0" timestamp="2019-08-11T05:38:53.599" intervalms="41.217" />
<gc-start id="854" type="partial gc" contextid="853" timestamp="2019-08-11T05:38:53.599">
  <mem-info id="855" free="50331648" total="153092096" percent="32">
    <mem type="eden" free="2097096" total="48234496" percent="4" />
    <remembered-set count="46592" freebytes="5933952" totalbytes="6120320" percent="96" regionsoverflowed="0" regionsstable="0" regionsrebuilding="0"/>
  </mem-info>
</gc-start>
<allocation-stats totalBytes="45982592" >
  <allocated-bytes non-tlh="0" tlh="45982592" arrayletleaf="0"/>
  <largest-consumer threadName="main" threadId="000000000239EF00" bytes="45982592" />
</allocation-stats>
<gc-op id="856" type="copy forward" timems="5.671" contextid="853" timestamp="2019-08-11T05:38:53.607">
  <memory-copied type="eden" objects="2" bytes="56" bytesdiscarded="0" />
  <memory-copied type="other" objects="12422" bytes="394632" bytesdiscarded="0" />
  <memory-cardclean objects="2207" bytes="330648" />
  <regions eden="22" other="2" />
  <remembered-set-cleared processed="34947" cleared="1833" durationms="0.695" />
  <references type="soft" candidates="734" cleared="0" enqueued="0" dynamicThreshold="20" maxThreshold="32" />
  <references type="weak" candidates="11" cleared="0" enqueued="0" />
  <references type="phantom" candidates="1" cleared="0" enqueued="0" />
  <stringconstants candidates="13771" cleared="0"  />
</gc-op>
<gc-op id="857" type="classunload" timems="0.012" contextid="853" timestamp="2019-08-11T05:38:53.607">
  <classunload-info classloadercandidates="55" classloadersunloaded="0" classesunloaded="0" anonymousclassesunloaded="0" quiescems="0.000" setupms="0.012" scanms="0.000" postms="0.000" />
</gc-op>
<gc-end id="858" type="partial gc" contextid="853" durationms="7.477" usertimems="15.834" systemtimems="0.000" timestamp="2019-08-11T05:38:53.607" activeThreads="1">
  <mem-info id="859" free="96468992" total="153092096" percent="63">
    <mem type="eden" free="2097096" total="2097152" percent="99" />
    <remembered-set count="46080" freebytes="5936000" totalbytes="6120320" percent="96" regionsoverflowed="0" regionsstable="0" regionsrebuilding="0"/>
  </mem-info>
</gc-end>
<cycle-end id="860" type="partial gc" contextid="853" timestamp="2019-08-11T05:38:53.607" />
  <attribute name="elasticGC enabled" value="1" />
  <attribute name= "numThreadsSpecified" value="1" />
  <attribute name="heapSize specified" value="0" />
  <attribute name="Current GC Util" value="80" />
  <attribute name= "Current Time Running" value="115486" />
  <attribute name ="GC Interval" value="0" />
  <attribute name="ProportionalT" value="0.000000" />
  <attribute name="ProportionalI" value="0.000000" />
  <attribute name="ProportionalH" value="0.000000" />
  <attribute name="Current Error" value="0.000000" />
  <attribute name="IntegralT" value="0.000000" />
  <attribute name="IntegralI" value="0.000000" />
  <attribute name="IntegralH" value="0.000000" />
  <attribute name="DerivativeT" value="0.000000" />
  <attribute name="DerivativeI" value="0.000000" />
  <attribute name="DerivativeH" value="0.000000" />
  <attribute name="Loop Time for DT" value="1.000000" />
  <attribute name="Output H" value="8388608"/>
  <attribute name="Output I" value="200"/>
  <attribute name="Output T" value="1"/>
  <attribute name="Target GC Util Change" value ="80.000000" />
  <attribute name="Current GC Util Change" value="80.000000"/>
  <attribute name="GC Util currently" value="80" />
  <attribute name="CPU Util currently" value="889939821282" />
<exclusive-end id="861" timestamp="2019-08-11T05:38:53.607" durationms="8.372" />

<exclusive-start id="862" timestamp="2019-08-11T05:38:53.648" intervalms="48.840">
  <response-info timems="0.045" idlems="0.045" threads="0" lastid="000000000239EF00" lastname="main" />
</exclusive-start>
<allocation-taxation id="863" taxation-threshold="46137344" timestamp="2019-08-11T05:38:53.648" intervalms="48.876" />
<cycle-start id="864" type="partial gc" contextid="0" timestamp="2019-08-11T05:38:53.649" intervalms="49.563" />
<gc-start id="865" type="partial gc" contextid="864" timestamp="2019-08-11T05:38:53.649">
  <mem-info id="866" free="50331648" total="153092096" percent="32">
    <mem type="eden" free="2097096" total="48234496" percent="4" />
    <remembered-set count="46048" freebytes="5936128" totalbytes="6120320" percent="96" regionsoverflowed="0" regionsstable="0" regionsrebuilding="0"/>
  </mem-info>
</gc-start>
<allocation-stats totalBytes="45982592" >
  <allocated-bytes non-tlh="0" tlh="45982592" arrayletleaf="0"/>
  <largest-consumer threadName="main" threadId="000000000239EF00" bytes="45982592" />
</allocation-stats>
<gc-op id="867" type="copy forward" timems="13.106" contextid="864" timestamp="2019-08-11T05:38:53.663">
  <memory-copied type="eden" objects="2" bytes="56" bytesdiscarded="0" />
  <memory-copied type="other" objects="60084" bytes="1478976" bytesdiscarded="90832" />
  <memory-cardclean objects="5759" bytes="417296" />
  <regions eden="22" other="2" />
  <remembered-set-cleared processed="34625" cleared="4787" durationms="0.418" />
  <stringconstants candidates="13771" cleared="0"  />
</gc-op>
<gc-op id="868" type="classunload" timems="0.012" contextid="864" timestamp="2019-08-11T05:38:53.663">
  <classunload-info classloadercandidates="55" classloadersunloaded="0" classesunloaded="0" anonymousclassesunloaded="0" quiescems="0.000" setupms="0.012" scanms="0.000" postms="0.000" />
</gc-op>
<heap-resize id="869" type="contract" space="default" amount="6291456" count="1" timems="0.101" reason="excess free space following gc" timestamp="2019-08-11T05:38:53.663" />
<gc-end id="870" type="partial gc" contextid="864" durationms="14.451" usertimems="31.429" systemtimems="0.000" timestamp="2019-08-11T05:38:53.663" activeThreads="16">
  <mem-info id="871" free="90177536" total="146800640" percent="61">
    <mem type="eden" free="2097096" total="2097152" percent="99" />
    <remembered-set count="43200" freebytes="5947520" totalbytes="6120320" percent="97" regionsoverflowed="0" regionsstable="0" regionsrebuilding="0"/>
  </mem-info>
</gc-end>
<cycle-end id="872" type="partial gc" contextid="864" timestamp="2019-08-11T05:38:53.663" />
  <attribute name="elasticGC enabled" value="1" />
  <attribute name= "numThreadsSpecified" value="16" />
  <attribute name="heapSize specified" value="0" />
  <attribute name="Current GC Util" value="253" />
  <attribute name= "Current Time Running" value="115535" />
  <attribute name ="GC Interval" value="0" />
  <attribute name="ProportionalT" value="86.500000" />
  <attribute name="ProportionalI" value="86.500000" />
  <attribute name="ProportionalH" value="86.500000" />
  <attribute name="Current Error" value="173.000000" />
  <attribute name="IntegralT" value="86.500000" />
  <attribute name="IntegralI" value="86.500000" />
  <attribute name="IntegralH" value="86.500000" />
  <attribute name="DerivativeT" value="173.000000" />
  <attribute name="DerivativeI" value="173.000000" />
  <attribute name="DerivativeH" value="173.000000" />
  <attribute name="Loop Time for DT" value="1.000000" />
  <attribute name="Output H" value="8388608"/>
  <attribute name="Output I" value="352"/>
  <attribute name="Output T" value="16"/>
  <attribute name="Target GC Util Change" value ="80.000000" />
  <attribute name="Current GC Util Change" value="253.000000"/>
  <attribute name="GC Util currently" value="253" />
  <attribute name="CPU Util currently" value="1632018458937" />
<exclusive-end id="873" timestamp="2019-08-11T05:38:53.664" durationms="15.809" />

<exclusive-start id="874" timestamp="2019-08-11T05:38:53.701" intervalms="53.507">
  <response-info timems="0.069" idlems="0.069" threads="0" lastid="000000000239EF00" lastname="main" />
</exclusive-start>
<allocation-taxation id="875" taxation-threshold="44040192" timestamp="2019-08-11T05:38:53.701" intervalms="53.482" />
<cycle-start id="876" type="partial gc" contextid="0" timestamp="2019-08-11T05:38:53.702" intervalms="52.928" />
<gc-start id="877" type="partial gc" contextid="876" timestamp="2019-08-11T05:38:53.702">
  <mem-info id="878" free="46137344" total="146800640" percent="31">
    <mem type="eden" free="2097096" total="46137344" percent="4" />
    <remembered-set count="43104" freebytes="5947904" totalbytes="6120320" percent="97" regionsoverflowed="0" regionsstable="0" regionsrebuilding="0"/>
  </mem-info>
</gc-start>
<allocation-stats totalBytes="43892304" >
  <allocated-bytes non-tlh="0" tlh="43892304" arrayletleaf="0"/>
  <largest-consumer threadName="main" threadId="000000000239EF00" bytes="43892304" />
</allocation-stats>
<gc-op id="879" type="copy forward" timems="13.415" contextid="876" timestamp="2019-08-11T05:38:53.717">
  <memory-copied type="eden" objects="2" bytes="56" bytesdiscarded="0" />
  <memory-copied type="other" objects="61536" bytes="1509672" bytesdiscarded="73096" />
  <memory-cardclean objects="8832" bytes="526032" />
  <regions eden="21" other="2" />
  <remembered-set-cleared processed="33906" cleared="5108" durationms="0.250" />
  <stringconstants candidates="13771" cleared="0"  />
</gc-op>
<gc-op id="880" type="classunload" timems="0.011" contextid="876" timestamp="2019-08-11T05:38:53.717">
  <classunload-info classloadercandidates="55" classloadersunloaded="0" classesunloaded="0" anonymousclassesunloaded="0" quiescems="0.000" setupms="0.011" scanms="0.000" postms="0.000" />
</gc-op>
<gc-end id="881" type="partial gc" contextid="876" durationms="15.190" usertimems="53.713" systemtimems="0.000" timestamp="2019-08-11T05:38:53.717" activeThreads="16">
  <mem-info id="882" free="90177536" total="146800640" percent="61">
    <mem type="eden" free="2097096" total="2097152" percent="99" />
    <remembered-set count="44384" freebytes="5691264" totalbytes="5868800" percent="96" regionsoverflowed="0" regionsstable="0" regionsrebuilding="0"/>
  </mem-info>
</gc-end>
<cycle-end id="883" type="partial gc" contextid="876" timestamp="2019-08-11T05:38:53.717" />
  <attribute name="elasticGC enabled" value="1" />
  <attribute name= "numThreadsSpecified" value="16" />
  <attribute name="heapSize specified" value="0" />
  <attribute name="Current GC Util" value="91" />
  <attribute name= "Current Time Running" value="115588" />
  <attribute name ="GC Interval" value="0" />
  <attribute name="ProportionalT" value="5.500000" />
  <attribute name="ProportionalI" value="5.500000" />
  <attribute name="ProportionalH" value="5.500000" />
  <attribute name="Current Error" value="11.000000" />
  <attribute name="IntegralT" value="5.500000" />
  <attribute name="IntegralI" value="5.500000" />
  <attribute name="IntegralH" value="5.500000" />
  <attribute name="DerivativeT" value="11.000000" />
  <attribute name="DerivativeI" value="11.000000" />
  <attribute name="DerivativeH" value="11.000000" />
  <attribute name="Loop Time for DT" value="1.000000" />
  <attribute name="Output H" value="8388608"/>
  <attribute name="Output I" value="200"/>
  <attribute name="Output T" value="16"/>
  <attribute name="Target GC Util Change" value ="80.000000" />
  <attribute name="Current GC Util Change" value="91.000000"/>
  <attribute name="GC Util currently" value="91" />
  <attribute name="CPU Util currently" value="907452786791" />
<exclusive-end id="884" timestamp="2019-08-11T05:38:53.717" durationms="16.116" />

<exclusive-start id="885" timestamp="2019-08-11T05:38:53.753" intervalms="51.386">
  <response-info timems="0.065" idlems="0.065" threads="0" lastid="000000000239EF00" lastname="main" />
</exclusive-start>
<allocation-taxation id="886" taxation-threshold="44040192" timestamp="2019-08-11T05:38:53.753" intervalms="51.563" />
<cycle-start id="887" type="partial gc" contextid="0" timestamp="2019-08-11T05:38:53.753" intervalms="51.443" />
<gc-start id="888" type="partial gc" contextid="887" timestamp="2019-08-11T05:38:53.753">
  <mem-info id="889" free="46137344" total="146800640" percent="31">
    <mem type="eden" free="2097096" total="46137344" percent="4" />
    <remembered-set count="44160" freebytes="5692160" totalbytes="5868800" percent="96" regionsoverflowed="0" regionsstable="0" regionsrebuilding="0"/>
  </mem-info>
</gc-start>
<allocation-stats totalBytes="43892328" >
  <allocated-bytes non-tlh="0" tlh="43892328" arrayletleaf="0"/>
  <largest-consumer threadName="main" threadId="000000000239EF00" bytes="43892328" />
</allocation-stats>
<gc-op id="890" type="copy forward" timems="16.031" contextid="887" timestamp="2019-08-11T05:38:53.772">
  <memory-copied type="eden" objects="2" bytes="56" bytesdiscarded="0" />
  <memory-copied type="other" objects="62790" bytes="1540504" bytesdiscarded="101904" />
  <memory-cardclean objects="4655" bytes="387208" />
  <regions eden="21" other="2" />
  <remembered-set-cleared processed="34655" cleared="5029" durationms="0.293" />
  <stringconstants candidates="13771" cleared="0"  />
</gc-op>
<gc-op id="891" type="classunload" timems="0.012" contextid="887" timestamp="2019-08-11T05:38:53.772">
  <classunload-info classloadercandidates="55" classloadersunloaded="0" classesunloaded="0" anonymousclassesunloaded="0" quiescems="0.000" setupms="0.012" scanms="0.000" postms="0.000" />
</gc-op>
<gc-end id="892" type="partial gc" contextid="887" durationms="18.375" usertimems="40.947" systemtimems="0.000" timestamp="2019-08-11T05:38:53.772" activeThreads="16">
  <mem-info id="893" free="90177536" total="146800640" percent="61">
    <mem type="eden" free="2097096" total="2097152" percent="99" />
    <remembered-set count="44160" freebytes="5692160" totalbytes="5868800" percent="96" regionsoverflowed="0" regionsstable="0" regionsrebuilding="0"/>
  </mem-info>
</gc-end>
<cycle-end id="894" type="partial gc" contextid="887" timestamp="2019-08-11T05:38:53.772" />
  <attribute name="elasticGC enabled" value="1" />
  <attribute name= "numThreadsSpecified" value="16" />
  <attribute name="heapSize specified" value="0" />
  <attribute name="Current GC Util" value="188" />
  <attribute name= "Current Time Running" value="115640" />
  <attribute name ="GC Interval" value="0" />
  <attribute name="ProportionalT" value="54.000000" />
  <attribute name="ProportionalI" value="54.000000" />
  <attribute name="ProportionalH" value="54.000000" />
  <attribute name="Current Error" value="108.000000" />
  <attribute name="IntegralT" value="54.000000" />
  <attribute name="IntegralI" value="54.000000" />
  <attribute name="IntegralH" value="54.000000" />
  <attribute name="DerivativeT" value="108.000000" />
  <attribute name="DerivativeI" value="108.000000" />
  <attribute name="DerivativeH" value="108.000000" />
  <attribute name="Loop Time for DT" value="1.000000" />
  <attribute name="Output H" value="8388608"/>
  <attribute name="Output I" value="216"/>
  <attribute name="Output T" value="16"/>
  <attribute name="Target GC Util Change" value ="80.000000" />
  <attribute name="Current GC Util Change" value="188.000000"/>
  <attribute name="GC Util currently" value="188" />
  <attribute name="CPU Util currently" value="641258647723" />
<exclusive-end id="895" timestamp="2019-08-11T05:38:53.772" durationms="19.310" />

<exclusive-start id="896" timestamp="2019-08-11T05:38:53.810" intervalms="56.801">
  <response-info timems="0.055" idlems="0.055" threads="0" lastid="000000000239EF00" lastname="main" />
</exclusive-start>
<allocation-taxation id="897" taxation-threshold="44040192" timestamp="2019-08-11T05:38:53.810" intervalms="56.610" />
<cycle-start id="898" type="partial gc" contextid="0" timestamp="2019-08-11T05:38:53.810" intervalms="56.635" />
<gc-start id="899" type="partial gc" contextid="898" timestamp="2019-08-11T05:38:53.810">
  <mem-info id="900" free="46137344" total="146800640" percent="31">
    <mem type="eden" free="2097096" total="46137344" percent="4" />
    <remembered-set count="43744" freebytes="5693824" totalbytes="5868800" percent="97" regionsoverflowed="0" regionsstable="0" regionsrebuilding="0"/>
  </mem-info>
</gc-start>
<allocation-stats totalBytes="43892304" >
  <allocated-bytes non-tlh="0" tlh="43892304" arrayletleaf="0"/>
  <largest-consumer threadName="main" threadId="000000000239EF00" bytes="43892304" />
</allocation-stats>
<gc-op id="901" type="copy forward" timems="19.839" contextid="898" timestamp="2019-08-11T05:38:53.831">
  <memory-copied type="eden" objects="2" bytes="56" bytesdiscarded="0" />
  <memory-copied type="other" objects="67234" bytes="1727680" bytesdiscarded="81528" />
  <memory-cardclean objects="3923" bytes="384264" />
  <regions eden="21" other="3" />
  <remembered-set-cleared processed="34758" cleared="5777" durationms="0.273" />
  <references type="soft" candidates="94" cleared="0" enqueued="0" dynamicThreshold="19" maxThreshold="32" />
  <references type="weak" candidates="228" cleared="0" enqueued="0" />
  <stringconstants candidates="13771" cleared="0"  />
</gc-op>
<gc-op id="902" type="classunload" timems="0.009" contextid="898" timestamp="2019-08-11T05:38:53.831">
  <classunload-info classloadercandidates="55" classloadersunloaded="0" classesunloaded="0" anonymousclassesunloaded="0" quiescems="0.000" setupms="0.009" scanms="0.000" postms="0.000" />
</gc-op>
<heap-resize id="903" type="contract" space="default" amount="6291456" count="1" timems="0.087" reason="excess free space following gc" timestamp="2019-08-11T05:38:53.832" />
<gc-end id="904" type="partial gc" contextid="898" durationms="21.518" usertimems="48.112" systemtimems="0.000" timestamp="2019-08-11T05:38:53.832" activeThreads="16">
  <mem-info id="905" free="85983232" total="140509184" percent="61">
    <mem type="eden" free="2097096" total="2097152" percent="99" />
    <remembered-set count="43616" freebytes="5694336" totalbytes="5868800" percent="97" regionsoverflowed="0" regionsstable="0" regionsrebuilding="0"/>
  </mem-info>
</gc-end>
<cycle-end id="906" type="partial gc" contextid="898" timestamp="2019-08-11T05:38:53.832" />
  <attribute name="elasticGC enabled" value="1" />
  <attribute name= "numThreadsSpecified" value="16" />
  <attribute name="heapSize specified" value="0" />
  <attribute name="Current GC Util" value="164" />
  <attribute name= "Current Time Running" value="115696" />
  <attribute name ="GC Interval" value="0" />
  <attribute name="ProportionalT" value="42.000000" />
  <attribute name="ProportionalI" value="42.000000" />
  <attribute name="ProportionalH" value="42.000000" />
  <attribute name="Current Error" value="84.000000" />
  <attribute name="IntegralT" value="42.000000" />
  <attribute name="IntegralI" value="42.000000" />
  <attribute name="IntegralH" value="42.000000" />
  <attribute name="DerivativeT" value="84.000000" />
  <attribute name="DerivativeI" value="84.000000" />
  <attribute name="DerivativeH" value="84.000000" />
  <attribute name="Loop Time for DT" value="1.000000" />
  <attribute name="Output H" value="8388608"/>
  <attribute name="Output I" value="200"/>
  <attribute name="Output T" value="16"/>
  <attribute name="Target GC Util Change" value ="80.000000" />
  <attribute name="Current GC Util Change" value="164.000000"/>
  <attribute name="GC Util currently" value="164" />
  <attribute name="CPU Util currently" value="1119874005510" />
<exclusive-end id="907" timestamp="2019-08-11T05:38:53.832" durationms="22.346" />

<exclusive-start id="908" timestamp="2019-08-11T05:38:53.867" intervalms="57.189">
  <response-info timems="0.051" idlems="0.051" threads="0" lastid="000000000239EF00" lastname="main" />
</exclusive-start>
<allocation-taxation id="909" taxation-threshold="41943040" timestamp="2019-08-11T05:38:53.867" intervalms="57.193" />
<cycle-start id="910" type="partial gc" contextid="0" timestamp="2019-08-11T05:38:53.867" intervalms="57.171" />
<gc-start id="911" type="partial gc" contextid="910" timestamp="2019-08-11T05:38:53.867">
  <mem-info id="912" free="44040192" total="140509184" percent="31">
    <mem type="eden" free="2097096" total="44040192" percent="4" />
    <remembered-set count="43552" freebytes="5694592" totalbytes="5868800" percent="97" regionsoverflowed="0" regionsstable="0" regionsrebuilding="0"/>
  </mem-info>
</gc-start>
<allocation-stats totalBytes="41802016" >
  <allocated-bytes non-tlh="0" tlh="41802016" arrayletleaf="0"/>
  <largest-consumer threadName="main" threadId="000000000239EF00" bytes="41802016" />
</allocation-stats>
<gc-op id="913" type="copy forward" timems="28.050" contextid="910" timestamp="2019-08-11T05:38:53.897">
  <memory-copied type="eden" objects="2" bytes="56" bytesdiscarded="0" />
  <memory-copied type="other" objects="78196" bytes="1954016" bytesdiscarded="137648" />
  <memory-cardclean objects="5794" bytes="414720" />
  <regions eden="20" other="2" />
  <remembered-set-cleared processed="34519" cleared="5286" durationms="0.286" />
  <stringconstants candidates="13771" cleared="0"  />
</gc-op>
<gc-op id="914" type="classunload" timems="0.011" contextid="910" timestamp="2019-08-11T05:38:53.897">
  <classunload-info classloadercandidates="55" classloadersunloaded="0" classesunloaded="0" anonymousclassesunloaded="0" quiescems="0.000" setupms="0.010" scanms="0.000" postms="0.000" />
</gc-op>
<heap-resize id="915" type="contract" space="default" amount="4194304" count="1" timems="0.158" reason="excess free space following gc" timestamp="2019-08-11T05:38:53.897" />
<gc-end id="916" type="partial gc" contextid="910" durationms="30.189" usertimems="84.138" systemtimems="0.000" timestamp="2019-08-11T05:38:53.897" activeThreads="16">
  <mem-info id="917" free="83886080" total="136314880" percent="61">
    <mem type="eden" free="2097096" total="2097152" percent="99" />
    <remembered-set count="44672" freebytes="5438592" totalbytes="5617280" percent="96" regionsoverflowed="0" regionsstable="0" regionsrebuilding="0"/>
  </mem-info>
</gc-end>
<cycle-end id="918" type="partial gc" contextid="910" timestamp="2019-08-11T05:38:53.898" />
  <attribute name="elasticGC enabled" value="1" />
  <attribute name= "numThreadsSpecified" value="16" />
  <attribute name="heapSize specified" value="0" />
  <attribute name="Current GC Util" value="95" />
  <attribute name= "Current Time Running" value="115754" />
  <attribute name ="GC Interval" value="0" />
  <attribute name="ProportionalT" value="7.500000" />
  <attribute name="ProportionalI" value="7.500000" />
  <attribute name="ProportionalH" value="7.500000" />
  <attribute name="Current Error" value="15.000000" />
  <attribute name="IntegralT" value="15.000000" />
  <attribute name="IntegralI" value="15.000000" />
  <attribute name="IntegralH" value="15.000000" />
  <attribute name="DerivativeT" value="6.500000" />
  <attribute name="DerivativeI" value="6.500000" />
  <attribute name="DerivativeH" value="6.500000" />
  <attribute name="Loop Time for DT" value="2.000000" />
  <attribute name="Output H" value="8388608"/>
  <attribute name="Output I" value="200"/>
  <attribute name="Output T" value="16"/>
  <attribute name="Target GC Util Change" value ="80.000000" />
  <attribute name="Current GC Util Change" value="95.000000"/>
  <attribute name="GC Util currently" value="95" />
  <attribute name="CPU Util currently" value="1040532528213" />
<exclusive-end id="919" timestamp="2019-08-11T05:38:53.899" durationms="32.360" />

<exclusive-start id="920" timestamp="2019-08-11T05:38:53.925" intervalms="58.284">
  <response-info timems="0.042" idlems="0.042" threads="0" lastid="000000000239EF00" lastname="main" />
</exclusive-start>
<allocation-taxation id="921" taxation-threshold="41943040" timestamp="2019-08-11T05:38:53.925" intervalms="58.277" />
<cycle-start id="922" type="partial gc" contextid="0" timestamp="2019-08-11T05:38:53.925" intervalms="58.286" />
<gc-start id="923" type="partial gc" contextid="922" timestamp="2019-08-11T05:38:53.925">
  <mem-info id="924" free="41943040" total="136314880" percent="30">
    <mem type="eden" free="2097096" total="44040192" percent="4" />
    <remembered-set count="44192" freebytes="5440512" totalbytes="5617280" percent="96" regionsoverflowed="0" regionsstable="0" regionsrebuilding="0"/>
  </mem-info>
</gc-start>
<allocation-stats totalBytes="41802016" >
  <allocated-bytes non-tlh="0" tlh="41802016" arrayletleaf="0"/>
  <largest-consumer threadName="main" threadId="000000000239EF00" bytes="41802016" />
</allocation-stats>
<gc-op id="925" type="copy forward" timems="13.472" contextid="922" timestamp="2019-08-11T05:38:53.941">
  <memory-copied type="eden" objects="2" bytes="56" bytesdiscarded="0" />
  <memory-copied type="other" objects="68634" bytes="1975632" bytesdiscarded="70368" />
  <memory-cardclean objects="4500" bytes="111024" />
  <regions eden="20" other="2" />
  <remembered-set-cleared processed="34730" cleared="5160" durationms="0.321" />
  <stringconstants candidates="13771" cleared="0"  />
</gc-op>
<gc-op id="926" type="classunload" timems="0.010" contextid="922" timestamp="2019-08-11T05:38:53.941">
  <classunload-info classloadercandidates="55" classloadersunloaded="0" classesunloaded="0" anonymousclassesunloaded="0" quiescems="0.000" setupms="0.010" scanms="0.000" postms="0.000" />
</gc-op>
<heap-resize id="927" type="contract" space="default" amount="6291456" count="1" timems="0.157" reason="excess free space following gc" timestamp="2019-08-11T05:38:53.941" />
<gc-end id="928" type="partial gc" contextid="922" durationms="15.476" usertimems="51.394" systemtimems="0.000" timestamp="2019-08-11T05:38:53.941" activeThreads="16">
  <mem-info id="929" free="79691776" total="130023424" percent="61">
    <mem type="eden" free="2097096" total="2097152" percent="99" />
    <remembered-set count="43776" freebytes="5274496" totalbytes="5449600" percent="96" regionsoverflowed="0" regionsstable="0" regionsrebuilding="0"/>
  </mem-info>
</gc-end>
<cycle-end id="930" type="partial gc" contextid="922" timestamp="2019-08-11T05:38:53.941" />
  <attribute name="elasticGC enabled" value="1" />
  <attribute name= "numThreadsSpecified" value="16" />
  <attribute name="heapSize specified" value="0" />
  <attribute name="Current GC Util" value="148" />
  <attribute name= "Current Time Running" value="115812" />
  <attribute name ="GC Interval" value="0" />
  <attribute name="ProportionalT" value="34.000000" />
  <attribute name="ProportionalI" value="34.000000" />
  <attribute name="ProportionalH" value="34.000000" />
  <attribute name="Current Error" value="68.000000" />
  <attribute name="IntegralT" value="34.000000" />
  <attribute name="IntegralI" value="34.000000" />
  <attribute name="IntegralH" value="34.000000" />
  <attribute name="DerivativeT" value="48.000000" />
  <attribute name="DerivativeI" value="48.000000" />
  <attribute name="DerivativeH" value="48.000000" />
  <attribute name="Loop Time for DT" value="1.000000" />
  <attribute name="Output H" value="8388608"/>
  <attribute name="Output I" value="200"/>
  <attribute name="Output T" value="16"/>
  <attribute name="Target GC Util Change" value ="80.000000" />
  <attribute name="Current GC Util Change" value="148.000000"/>
  <attribute name="GC Util currently" value="148" />
  <attribute name="CPU Util currently" value="860831148192" />
<exclusive-end id="931" timestamp="2019-08-11T05:38:53.941" durationms="16.115" />

<exclusive-start id="932" timestamp="2019-08-11T05:38:53.968" intervalms="42.652">
  <response-info timems="0.049" idlems="0.049" threads="0" lastid="000000000239EF00" lastname="main" />
</exclusive-start>
<allocation-taxation id="933" taxation-threshold="39845888" timestamp="2019-08-11T05:38:53.968" intervalms="42.653" />
<cycle-start id="934" type="partial gc" contextid="0" timestamp="2019-08-11T05:38:53.968" intervalms="42.744" />
<gc-start id="935" type="partial gc" contextid="934" timestamp="2019-08-11T05:38:53.968">
  <mem-info id="936" free="39845888" total="130023424" percent="30">
    <mem type="eden" free="2097096" total="41943040" percent="4" />
    <remembered-set count="43616" freebytes="5275136" totalbytes="5449600" percent="96" regionsoverflowed="0" regionsstable="0" regionsrebuilding="0"/>
  </mem-info>
</gc-start>
<allocation-stats totalBytes="39711752" >
  <allocated-bytes non-tlh="0" tlh="39711752" arrayletleaf="0"/>
  <largest-consumer threadName="main" threadId="000000000239EF00" bytes="39711752" />
</allocation-stats>
<gc-op id="937" type="copy forward" timems="12.576" contextid="934" timestamp="2019-08-11T05:38:53.982">
  <memory-copied type="eden" objects="2" bytes="56" bytesdiscarded="0" />
  <memory-copied type="other" objects="84904" bytes="2089448" bytesdiscarded="115648" />
  <memory-cardclean objects="679" bytes="166584" />
  <regions eden="19" other="2" />
  <remembered-set-cleared processed="35064" cleared="3883" durationms="0.480" />
  <references type="soft" candidates="2139" cleared="0" enqueued="0" dynamicThreshold="19" maxThreshold="32" />
  <references type="weak" candidates="88" cleared="0" enqueued="0" />
  <stringconstants candidates="13771" cleared="0"  />
</gc-op>
<gc-op id="938" type="classunload" timems="0.013" contextid="934" timestamp="2019-08-11T05:38:53.982">
  <classunload-info classloadercandidates="55" classloadersunloaded="0" classesunloaded="0" anonymousclassesunloaded="0" quiescems="0.000" setupms="0.013" scanms="0.000" postms="0.000" />
</gc-op>
<gc-end id="939" type="partial gc" contextid="934" durationms="14.147" usertimems="56.188" systemtimems="0.000" timestamp="2019-08-11T05:38:53.982" activeThreads="16">
  <mem-info id="940" free="79691776" total="130023424" percent="61">
    <mem type="eden" free="2097096" total="2097152" percent="99" />
    <remembered-set count="45056" freebytes="5017856" totalbytes="5198080" percent="96" regionsoverflowed="0" regionsstable="0" regionsrebuilding="0"/>
  </mem-info>
</gc-end>
<cycle-end id="941" type="partial gc" contextid="934" timestamp="2019-08-11T05:38:53.982" />
  <attribute name="elasticGC enabled" value="1" />
  <attribute name= "numThreadsSpecified" value="16" />
  <attribute name="heapSize specified" value="0" />
  <attribute name="Current GC Util" value="143" />
  <attribute name= "Current Time Running" value="115854" />
  <attribute name ="GC Interval" value="0" />
  <attribute name="ProportionalT" value="31.500000" />
  <attribute name="ProportionalI" value="31.500000" />
  <attribute name="ProportionalH" value="31.500000" />
  <attribute name="Current Error" value="63.000000" />
  <attribute name="IntegralT" value="31.500000" />
  <attribute name="IntegralI" value="31.500000" />
  <attribute name="IntegralH" value="31.500000" />
  <attribute name="DerivativeT" value="54.000000" />
  <attribute name="DerivativeI" value="54.000000" />
  <attribute name="DerivativeH" value="54.000000" />
  <attribute name="Loop Time for DT" value="1.000000" />
  <attribute name="Output H" value="8388608"/>
  <attribute name="Output I" value="200"/>
  <attribute name="Output T" value="16"/>
  <attribute name="Target GC Util Change" value ="80.000000" />
  <attribute name="Current GC Util Change" value="143.000000"/>
  <attribute name="GC Util currently" value="143" />
  <attribute name="CPU Util currently" value="1038711051601" />
<exclusive-end id="942" timestamp="2019-08-11T05:38:53.983" durationms="14.879" />

<exclusive-start id="943" timestamp="2019-08-11T05:38:54.021" intervalms="53.156">
  <response-info timems="0.159" idlems="0.159" threads="0" lastid="000000000239EF00" lastname="main" />
</exclusive-start>
<allocation-taxation id="944" taxation-threshold="39845888" timestamp="2019-08-11T05:38:54.021" intervalms="53.158" />
<cycle-start id="945" type="partial gc" contextid="0" timestamp="2019-08-11T05:38:54.021" intervalms="53.044" />
<gc-start id="946" type="partial gc" contextid="945" timestamp="2019-08-11T05:38:54.021">
  <mem-info id="947" free="39845888" total="130023424" percent="30">
    <mem type="eden" free="2097096" total="41943040" percent="4" />
    <remembered-set count="44992" freebytes="5018112" totalbytes="5198080" percent="96" regionsoverflowed="0" regionsstable="0" regionsrebuilding="0"/>
  </mem-info>
</gc-start>
<allocation-stats totalBytes="39696400" >
  <allocated-bytes non-tlh="0" tlh="39696400" arrayletleaf="0"/>
  <largest-consumer threadName="main" threadId="000000000239EF00" bytes="39696400" />
</allocation-stats>
<gc-op id="948" type="copy forward" timems="10.003" contextid="945" timestamp="2019-08-11T05:38:54.032">
  <memory-copied type="eden" objects="28" bytes="1960" bytesdiscarded="728" />
  <memory-copied type="other" objects="3005" bytes="130680" bytesdiscarded="85408" />
  <memory-cardclean objects="3141" bytes="268336" />
  <regions eden="19" other="2" />
  <remembered-set-cleared processed="35282" cleared="1226" durationms="0.317" />
  <finalization candidates="1" enqueued="1" />
  <references type="soft" candidates="44" cleared="0" enqueued="0" dynamicThreshold="19" maxThreshold="32" />
  <references type="weak" candidates="108" cleared="0" enqueued="0" />
  <references type="phantom" candidates="1" cleared="0" enqueued="0" />
  <stringconstants candidates="13771" cleared="0"  />
</gc-op>
<gc-op id="949" type="classunload" timems="0.010" contextid="945" timestamp="2019-08-11T05:38:54.032">
  <classunload-info classloadercandidates="55" classloadersunloaded="0" classesunloaded="0" anonymousclassesunloaded="0" quiescems="0.000" setupms="0.010" scanms="0.000" postms="0.000" />
</gc-op>
<heap-resize id="950" type="contract" space="default" amount="6291456" count="1" timems="0.197" reason="excess free space following gc" timestamp="2019-08-11T05:38:54.033" />
<gc-end id="951" type="partial gc" contextid="945" durationms="11.489" usertimems="39.046" systemtimems="0.000" timestamp="2019-08-11T05:38:54.033" activeThreads="16">
  <mem-info id="952" free="75497472" total="123731968" percent="61">
    <mem type="eden" free="2094464" total="2097152" percent="99" />
    <pending-finalizers system="0" default="1" reference="0" classloader="0" />
    <remembered-set count="44992" freebytes="5018112" totalbytes="5198080" percent="96" regionsoverflowed="0" regionsstable="0" regionsrebuilding="0"/>
  </mem-info>
</gc-end>
<cycle-end id="953" type="partial gc" contextid="945" timestamp="2019-08-11T05:38:54.033" />
  <attribute name="elasticGC enabled" value="1" />
  <attribute name= "numThreadsSpecified" value="16" />
  <attribute name="heapSize specified" value="0" />
  <attribute name="Current GC Util" value="147" />
  <attribute name= "Current Time Running" value="115907" />
  <attribute name ="GC Interval" value="0" />
  <attribute name="ProportionalT" value="33.500000" />
  <attribute name="ProportionalI" value="33.500000" />
  <attribute name="ProportionalH" value="33.500000" />
  <attribute name="Current Error" value="67.000000" />
  <attribute name="IntegralT" value="33.500000" />
  <attribute name="IntegralI" value="33.500000" />
  <attribute name="IntegralH" value="33.500000" />
  <attribute name="DerivativeT" value="67.000000" />
  <attribute name="DerivativeI" value="67.000000" />
  <attribute name="DerivativeH" value="67.000000" />
  <attribute name="Loop Time for DT" value="1.000000" />
  <attribute name="Output H" value="8388608"/>
  <attribute name="Output I" value="200"/>
  <attribute name="Output T" value="16"/>
  <attribute name="Target GC Util Change" value ="80.000000" />
  <attribute name="Current GC Util Change" value="147.000000"/>
  <attribute name="GC Util currently" value="147" />
  <attribute name="CPU Util currently" value="1637656282175" />
<exclusive-end id="954" timestamp="2019-08-11T05:38:54.033" durationms="12.412" />

<exclusive-start id="955" timestamp="2019-08-11T05:38:54.070" intervalms="48.945">
  <response-info timems="0.020" idlems="0.020" threads="0" lastid="000000000239EF00" lastname="main" />
</exclusive-start>
<allocation-taxation id="956" taxation-threshold="37748736" timestamp="2019-08-11T05:38:54.070" intervalms="48.963" />
<cycle-start id="957" type="partial gc" contextid="0" timestamp="2019-08-11T05:38:54.070" intervalms="48.982" />
<gc-start id="958" type="partial gc" contextid="957" timestamp="2019-08-11T05:38:54.070">
  <mem-info id="959" free="37748736" total="123731968" percent="30">
    <mem type="eden" free="0" total="37748736" percent="0" />
    <remembered-set count="44576" freebytes="5019776" totalbytes="5198080" percent="96" regionsoverflowed="0" regionsstable="0" regionsrebuilding="0"/>
  </mem-info>
</gc-start>
<allocation-stats totalBytes="37498840" >
  <allocated-bytes non-tlh="0" tlh="37498840" arrayletleaf="0"/>
  <largest-consumer threadName="main" threadId="000000000239EF00" bytes="37498840" />
</allocation-stats>
<gc-op id="960" type="copy forward" timems="9.321" contextid="957" timestamp="2019-08-11T05:38:54.081">
  <memory-copied type="eden" objects="1" bytes="40" bytesdiscarded="0" />
  <memory-copied type="other" objects="78422" bytes="1959792" bytesdiscarded="117056" />
  <memory-cardclean objects="5765" bytes="415592" />
  <regions eden="18" other="2" />
  <remembered-set-cleared processed="34748" cleared="5376" durationms="0.271" />
  <stringconstants candidates="13771" cleared="0"  />
</gc-op>
<gc-op id="961" type="classunload" timems="0.009" contextid="957" timestamp="2019-08-11T05:38:54.081">
  <classunload-info classloadercandidates="55" classloadersunloaded="0" classesunloaded="0" anonymousclassesunloaded="0" quiescems="0.000" setupms="0.009" scanms="0.000" postms="0.000" />
</gc-op>
<heap-resize id="962" type="expand" space="default" amount="2097152" count="1" timems="0.058" reason="excessive time being spent in gc" timestamp="2019-08-11T05:38:54.082" />
<gc-end id="963" type="partial gc" contextid="957" durationms="11.580" usertimems="36.216" systemtimems="0.000" timestamp="2019-08-11T05:38:54.082" activeThreads="16">
  <mem-info id="964" free="75497472" total="125829120" percent="60">
    <mem type="eden" free="2097112" total="2097152" percent="99" />
    <remembered-set count="43680" freebytes="4855680" totalbytes="5030400" percent="96" regionsoverflowed="0" regionsstable="0" regionsrebuilding="0"/>
  </mem-info>
</gc-end>
<cycle-end id="965" type="partial gc" contextid="957" timestamp="2019-08-11T05:38:54.082" />
  <attribute name="elasticGC enabled" value="1" />
  <attribute name= "numThreadsSpecified" value="16" />
  <attribute name="heapSize specified" value="0" />
  <attribute name="Current GC Util" value="180" />
  <attribute name= "Current Time Running" value="115957" />
  <attribute name ="GC Interval" value="0" />
  <attribute name="ProportionalT" value="50.000000" />
  <attribute name="ProportionalI" value="50.000000" />
  <attribute name="ProportionalH" value="50.000000" />
  <attribute name="Current Error" value="100.000000" />
  <attribute name="IntegralT" value="100.000000" />
  <attribute name="IntegralI" value="100.000000" />
  <attribute name="IntegralH" value="100.000000" />
  <attribute name="DerivativeT" value="50.000000" />
  <attribute name="DerivativeI" value="50.000000" />
  <attribute name="DerivativeH" value="50.000000" />
  <attribute name="Loop Time for DT" value="2.000000" />
  <attribute name="Output H" value="8388608"/>
  <attribute name="Output I" value="200"/>
  <attribute name="Output T" value="16"/>
  <attribute name="Target GC Util Change" value ="80.000000" />
  <attribute name="Current GC Util Change" value="180.000000"/>
  <attribute name="GC Util currently" value="180" />
  <attribute name="CPU Util currently" value="690017635323" />
<exclusive-end id="966" timestamp="2019-08-11T05:38:54.082" durationms="12.288" />

<exclusive-start id="967" timestamp="2019-08-11T05:38:54.105" intervalms="34.853">
  <response-info timems="0.019" idlems="0.019" threads="0" lastid="000000000239EF00" lastname="main" />
</exclusive-start>
<allocation-taxation id="968" taxation-threshold="37748736" timestamp="2019-08-11T05:38:54.105" intervalms="34.823" />
<cycle-start id="969" type="partial gc" contextid="0" timestamp="2019-08-11T05:38:54.105" intervalms="34.787" />
<gc-start id="970" type="partial gc" contextid="969" timestamp="2019-08-11T05:38:54.105">
  <mem-info id="971" free="37748736" total="125829120" percent="30">
    <mem type="eden" free="2097112" total="39845888" percent="5" />
    <remembered-set count="43296" freebytes="4857216" totalbytes="5030400" percent="96" regionsoverflowed="0" regionsstable="0" regionsrebuilding="0"/>
  </mem-info>
</gc-start>
<allocation-stats totalBytes="37508008" >
  <allocated-bytes non-tlh="0" tlh="37508008" arrayletleaf="0"/>
  <largest-consumer threadName="main" threadId="000000000239EF00" bytes="37508008" />
</allocation-stats>
<gc-op id="972" type="copy forward" timems="11.654" contextid="969" timestamp="2019-08-11T05:38:54.118">
  <memory-copied type="eden" objects="2" bytes="64" bytesdiscarded="0" />
  <memory-copied type="other" objects="60018" bytes="1477392" bytesdiscarded="85264" />
  <memory-cardclean objects="4303" bytes="375608" />
  <regions eden="18" other="2" />
  <remembered-set-cleared processed="34931" cleared="4501" durationms="0.267" />
  <stringconstants candidates="13771" cleared="0"  />
</gc-op>
<gc-op id="973" type="classunload" timems="0.008" contextid="969" timestamp="2019-08-11T05:38:54.118">
  <classunload-info classloadercandidates="55" classloadersunloaded="0" classesunloaded="0" anonymousclassesunloaded="0" quiescems="0.000" setupms="0.008" scanms="0.000" postms="0.000" />
</gc-op>
<gc-end id="974" type="partial gc" contextid="969" durationms="13.330" usertimems="34.902" systemtimems="0.000" timestamp="2019-08-11T05:38:54.118" activeThreads="16">
  <mem-info id="975" free="75497472" total="125829120" percent="60">
    <mem type="eden" free="2097088" total="2097152" percent="99" />
    <remembered-set count="43520" freebytes="4856320" totalbytes="5030400" percent="96" regionsoverflowed="0" regionsstable="0" regionsrebuilding="0"/>
  </mem-info>
</gc-end>
<cycle-end id="976" type="partial gc" contextid="969" timestamp="2019-08-11T05:38:54.118" />
  <attribute name="elasticGC enabled" value="1" />
  <attribute name= "numThreadsSpecified" value="16" />
  <attribute name="heapSize specified" value="0" />
  <attribute name="Current GC Util" value="225" />
  <attribute name= "Current Time Running" value="115991" />
  <attribute name ="GC Interval" value="0" />
  <attribute name="ProportionalT" value="72.500000" />
  <attribute name="ProportionalI" value="72.500000" />
  <attribute name="ProportionalH" value="72.500000" />
  <attribute name="Current Error" value="145.000000" />
  <attribute name="IntegralT" value="72.500000" />
  <attribute name="IntegralI" value="72.500000" />
  <attribute name="IntegralH" value="72.500000" />
  <attribute name="DerivativeT" value="125.000000" />
  <attribute name="DerivativeI" value="125.000000" />
  <attribute name="DerivativeH" value="125.000000" />
  <attribute name="Loop Time for DT" value="1.000000" />
  <attribute name="Output H" value="8388608"/>
  <attribute name="Output I" value="272"/>
  <attribute name="Output T" value="16"/>
  <attribute name="Target GC Util Change" value ="80.000000" />
  <attribute name="Current GC Util Change" value="225.000000"/>
  <attribute name="GC Util currently" value="225" />
  <attribute name="CPU Util currently" value="1009475077397" />
<exclusive-end id="977" timestamp="2019-08-11T05:38:54.119" durationms="14.037" />

<exclusive-start id="978" timestamp="2019-08-11T05:38:54.148" intervalms="43.880">
  <response-info timems="0.039" idlems="0.039" threads="0" lastid="000000000239EF00" lastname="main" />
</exclusive-start>
<allocation-taxation id="979" taxation-threshold="37748736" timestamp="2019-08-11T05:38:54.149" intervalms="43.877" />
<cycle-start id="980" type="partial gc" contextid="0" timestamp="2019-08-11T05:38:54.149" intervalms="43.854" />
<gc-start id="981" type="partial gc" contextid="980" timestamp="2019-08-11T05:38:54.149">
  <mem-info id="982" free="37748736" total="125829120" percent="30">
    <mem type="eden" free="2097088" total="39845888" percent="5" />
    <remembered-set count="43104" freebytes="4857984" totalbytes="5030400" percent="96" regionsoverflowed="0" regionsstable="0" regionsrebuilding="0"/>
  </mem-info>
</gc-start>
<allocation-stats totalBytes="37512120" >
  <allocated-bytes non-tlh="0" tlh="37512120" arrayletleaf="0"/>
  <largest-consumer threadName="main" threadId="000000000239EF00" bytes="37512120" />
</allocation-stats>
<gc-op id="983" type="copy forward" timems="9.998" contextid="980" timestamp="2019-08-11T05:38:54.160">
  <memory-copied type="eden" objects="2" bytes="64" bytesdiscarded="0" />
  <memory-copied type="other" objects="78395" bytes="1957872" bytesdiscarded="88792" />
  <memory-cardclean objects="5734" bytes="414888" />
  <regions eden="18" other="2" />
  <remembered-set-cleared processed="34774" cleared="5380" durationms="0.247" />
  <stringconstants candidates="13771" cleared="0"  />
</gc-op>
<gc-op id="984" type="classunload" timems="0.010" contextid="980" timestamp="2019-08-11T05:38:54.160">
  <classunload-info classloadercandidates="55" classloadersunloaded="0" classesunloaded="0" anonymousclassesunloaded="0" quiescems="0.000" setupms="0.009" scanms="0.000" postms="0.000" />
</gc-op>
<gc-end id="985" type="partial gc" contextid="980" durationms="11.047" usertimems="31.985" systemtimems="0.000" timestamp="2019-08-11T05:38:54.160" activeThreads="16">
  <mem-info id="986" free="75497472" total="125829120" percent="60">
    <mem type="eden" free="2097088" total="2097152" percent="99" />
    <remembered-set count="43072" freebytes="4858112" totalbytes="5030400" percent="96" regionsoverflowed="0" regionsstable="0" regionsrebuilding="0"/>
  </mem-info>
</gc-end>
<cycle-end id="987" type="partial gc" contextid="980" timestamp="2019-08-11T05:38:54.160" />
  <attribute name="elasticGC enabled" value="1" />
  <attribute name= "numThreadsSpecified" value="16" />
  <attribute name="heapSize specified" value="0" />
  <attribute name="Current GC Util" value="143" />
  <attribute name= "Current Time Running" value="116035" />
  <attribute name ="GC Interval" value="0" />
  <attribute name="ProportionalT" value="31.500000" />
  <attribute name="ProportionalI" value="31.500000" />
  <attribute name="ProportionalH" value="31.500000" />
  <attribute name="Current Error" value="63.000000" />
  <attribute name="IntegralT" value="31.500000" />
  <attribute name="IntegralI" value="31.500000" />
  <attribute name="IntegralH" value="31.500000" />
  <attribute name="DerivativeT" value="63.000000" />
  <attribute name="DerivativeI" value="63.000000" />
  <attribute name="DerivativeH" value="63.000000" />
  <attribute name="Loop Time for DT" value="1.000000" />
  <attribute name="Output H" value="8388608"/>
  <attribute name="Output I" value="200"/>
  <attribute name="Output T" value="16"/>
  <attribute name="Target GC Util Change" value ="80.000000" />
  <attribute name="Current GC Util Change" value="143.000000"/>
  <attribute name="GC Util currently" value="143" />
  <attribute name="CPU Util currently" value="2241572601618" />
<exclusive-end id="988" timestamp="2019-08-11T05:38:54.160" durationms="11.693" />

<exclusive-start id="989" timestamp="2019-08-11T05:38:54.184" intervalms="35.973">
  <response-info timems="0.052" idlems="0.052" threads="0" lastid="000000000239EF00" lastname="main" />
</exclusive-start>
<allocation-taxation id="990" taxation-threshold="37748736" timestamp="2019-08-11T05:38:54.185" intervalms="35.990" />
<cycle-start id="991" type="partial gc" contextid="0" timestamp="2019-08-11T05:38:54.185" intervalms="36.003" />
<gc-start id="992" type="partial gc" contextid="991" timestamp="2019-08-11T05:38:54.185">
  <mem-info id="993" free="37748736" total="125829120" percent="30">
    <mem type="eden" free="2097088" total="39845888" percent="5" />
    <remembered-set count="42784" freebytes="4859264" totalbytes="5030400" percent="96" regionsoverflowed="0" regionsstable="0" regionsrebuilding="0"/>
  </mem-info>
</gc-start>
<allocation-stats totalBytes="37513360" >
  <allocated-bytes non-tlh="0" tlh="37513360" arrayletleaf="0"/>
  <largest-consumer threadName="main" threadId="000000000239EF00" bytes="37513360" />
</allocation-stats>
<gc-op id="994" type="copy forward" timems="21.463" contextid="991" timestamp="2019-08-11T05:38:54.208">
  <memory-copied type="eden" objects="2" bytes="64" bytesdiscarded="0" />
  <memory-copied type="other" objects="69830" bytes="1994744" bytesdiscarded="94864" />
  <memory-cardclean objects="3686" bytes="97544" />
  <regions eden="18" other="2" />
  <remembered-set-cleared processed="34947" cleared="5164" durationms="0.277" />
  <stringconstants candidates="13771" cleared="0"  />
</gc-op>
<gc-op id="995" type="classunload" timems="0.013" contextid="991" timestamp="2019-08-11T05:38:54.208">
  <classunload-info classloadercandidates="55" classloadersunloaded="0" classesunloaded="0" anonymousclassesunloaded="0" quiescems="0.000" setupms="0.013" scanms="0.000" postms="0.000" />
</gc-op>
<gc-end id="996" type="partial gc" contextid="991" durationms="22.902" usertimems="63.650" systemtimems="0.000" timestamp="2019-08-11T05:38:54.208" activeThreads="16">
  <mem-info id="997" free="75497472" total="125829120" percent="60">
    <mem type="eden" free="2097088" total="2097152" percent="99" />
    <remembered-set count="44256" freebytes="4853376" totalbytes="5030400" percent="96" regionsoverflowed="0" regionsstable="0" regionsrebuilding="0"/>
  </mem-info>
</gc-end>
<cycle-end id="998" type="partial gc" contextid="991" timestamp="2019-08-11T05:38:54.208" />
  <attribute name="elasticGC enabled" value="1" />
  <attribute name= "numThreadsSpecified" value="16" />
  <attribute name="heapSize specified" value="0" />
  <attribute name="Current GC Util" value="132" />
  <attribute name= "Current Time Running" value="116071" />
  <attribute name ="GC Interval" value="0" />
  <attribute name="ProportionalT" value="26.000000" />
  <attribute name="ProportionalI" value="26.000000" />
  <attribute name="ProportionalH" value="26.000000" />
  <attribute name="Current Error" value="52.000000" />
  <attribute name="IntegralT" value="26.000000" />
  <attribute name="IntegralI" value="26.000000" />
  <attribute name="IntegralH" value="26.000000" />
  <attribute name="DerivativeT" value="44.000000" />
  <attribute name="DerivativeI" value="44.000000" />
  <attribute name="DerivativeH" value="44.000000" />
  <attribute name="Loop Time for DT" value="1.000000" />
  <attribute name="Output H" value="8388608"/>
  <attribute name="Output I" value="200"/>
  <attribute name="Output T" value="16"/>
  <attribute name="Target GC Util Change" value ="80.000000" />
  <attribute name="Current GC Util Change" value="132.000000"/>
  <attribute name="GC Util currently" value="132" />
  <attribute name="CPU Util currently" value="1443497540359" />
<exclusive-end id="999" timestamp="2019-08-11T05:38:54.208" durationms="23.541" />

<exclusive-start id="1000" timestamp="2019-08-11T05:38:54.241" intervalms="56.737">
  <response-info timems="0.082" idlems="0.082" threads="0" lastid="000000000239EF00" lastname="main" />
</exclusive-start>
<allocation-taxation id="1001" taxation-threshold="37748736" timestamp="2019-08-11T05:38:54.241" intervalms="56.729" />
<cycle-start id="1002" type="partial gc" contextid="0" timestamp="2019-08-11T05:38:54.241" intervalms="56.712" />
<gc-start id="1003" type="partial gc" contextid="1002" timestamp="2019-08-11T05:38:54.242">
  <mem-info id="1004" free="37748736" total="125829120" percent="30">
    <mem type="eden" free="2097088" total="39845888" percent="5" />
    <remembered-set count="44096" freebytes="4854016" totalbytes="5030400" percent="96" regionsoverflowed="0" regionsstable="0" regionsrebuilding="0"/>
  </mem-info>
</gc-start>
<allocation-stats totalBytes="37513360" >
  <allocated-bytes non-tlh="0" tlh="37513360" arrayletleaf="0"/>
  <largest-consumer threadName="main" threadId="000000000239EF00" bytes="37513360" />
</allocation-stats>
<gc-op id="1005" type="copy forward" timems="9.163" contextid="1002" timestamp="2019-08-11T05:38:54.252">
  <memory-copied type="eden" objects="2" bytes="64" bytesdiscarded="0" />
  <memory-copied type="other" objects="78395" bytes="1957872" bytesdiscarded="0" />
  <memory-cardclean objects="5818" bytes="416904" />
  <regions eden="18" other="2" />
  <remembered-set-cleared processed="34774" cleared="5401" durationms="0.509" />
  <stringconstants candidates="13771" cleared="0"  />
</gc-op>
<gc-op id="1006" type="classunload" timems="0.009" contextid="1002" timestamp="2019-08-11T05:38:54.252">
  <classunload-info classloadercandidates="55" classloadersunloaded="0" classesunloaded="0" anonymousclassesunloaded="0" quiescems="0.000" setupms="0.009" scanms="0.000" postms="0.000" />
</gc-op>
<gc-end id="1007" type="partial gc" contextid="1002" durationms="10.299" usertimems="22.086" systemtimems="0.000" timestamp="2019-08-11T05:38:54.252" activeThreads="1">
  <mem-info id="1008" free="75497472" total="125829120" percent="60">
    <mem type="eden" free="2097088" total="2097152" percent="99" />
    <remembered-set count="44032" freebytes="4854272" totalbytes="5030400" percent="96" regionsoverflowed="0" regionsstable="0" regionsrebuilding="0"/>
  </mem-info>
</gc-end>
<cycle-end id="1009" type="partial gc" contextid="1002" timestamp="2019-08-11T05:38:54.252" />
  <attribute name="elasticGC enabled" value="1" />
  <attribute name= "numThreadsSpecified" value="1" />
  <attribute name="heapSize specified" value="0" />
  <attribute name="Current GC Util" value="153" />
  <attribute name= "Current Time Running" value="116127" />
  <attribute name ="GC Interval" value="0" />
  <attribute name="ProportionalT" value="36.500000" />
  <attribute name="ProportionalI" value="36.500000" />
  <attribute name="ProportionalH" value="36.500000" />
  <attribute name="Current Error" value="73.000000" />
  <attribute name="IntegralT" value="0.000000" />
  <attribute name="IntegralI" value="0.000000" />
  <attribute name="IntegralH" value="0.000000" />
  <attribute name="DerivativeT" value="inf" />
  <attribute name="DerivativeI" value="inf" />
  <attribute name="DerivativeH" value="inf" />
  <attribute name="Loop Time for DT" value="0.000000" />
  <attribute name="Output H" value="8388608"/>
  <attribute name="Output I" value="200"/>
  <attribute name="Output T" value="1"/>
  <attribute name="Target GC Util Change" value ="80.000000" />
  <attribute name="Current GC Util Change" value="153.000000"/>
  <attribute name="GC Util currently" value="153" />
  <attribute name="CPU Util currently" value="2045536213875" />
<exclusive-end id="1010" timestamp="2019-08-11T05:38:54.252" durationms="11.017" />

<exclusive-start id="1011" timestamp="2019-08-11T05:38:54.281" intervalms="40.030">
  <response-info timems="0.055" idlems="0.055" threads="0" lastid="000000000239EF00" lastname="main" />
</exclusive-start>
<allocation-taxation id="1012" taxation-threshold="37748736" timestamp="2019-08-11T05:38:54.281" intervalms="40.033" />
<cycle-start id="1013" type="partial gc" contextid="0" timestamp="2019-08-11T05:38:54.281" intervalms="40.059" />
<gc-start id="1014" type="partial gc" contextid="1013" timestamp="2019-08-11T05:38:54.282">
  <mem-info id="1015" free="37748736" total="125829120" percent="30">
    <mem type="eden" free="2097088" total="39845888" percent="5" />
    <remembered-set count="43680" freebytes="4855680" totalbytes="5030400" percent="96" regionsoverflowed="0" regionsstable="0" regionsrebuilding="0"/>
  </mem-info>
</gc-start>
<allocation-stats totalBytes="37512120" >
  <allocated-bytes non-tlh="0" tlh="37512120" arrayletleaf="0"/>
  <largest-consumer threadName="main" threadId="000000000239EF00" bytes="37512120" />
</allocation-stats>
<gc-op id="1016" type="copy forward" timems="8.705" contextid="1013" timestamp="2019-08-11T05:38:54.291">
  <memory-copied type="eden" objects="2" bytes="64" bytesdiscarded="0" />
  <memory-copied type="other" objects="83162" bytes="2057384" bytesdiscarded="320" />
  <memory-cardclean objects="4910" bytes="254136" />
  <regions eden="18" other="2" />
  <remembered-set-cleared processed="34859" cleared="4292" durationms="0.444" />
  <references type="soft" candidates="1831" cleared="0" enqueued="0" dynamicThreshold="19" maxThreshold="32" />
  <references type="weak" candidates="88" cleared="0" enqueued="0" />
  <stringconstants candidates="13771" cleared="0"  />
</gc-op>
<gc-op id="1017" type="classunload" timems="0.009" contextid="1013" timestamp="2019-08-11T05:38:54.291">
  <classunload-info classloadercandidates="55" classloadersunloaded="0" classesunloaded="0" anonymousclassesunloaded="0" quiescems="0.000" setupms="0.009" scanms="0.000" postms="0.000" />
</gc-op>
<gc-end id="1018" type="partial gc" contextid="1013" durationms="9.890" usertimems="20.668" systemtimems="0.000" timestamp="2019-08-11T05:38:54.292" activeThreads="1">
  <mem-info id="1019" free="75497472" total="125829120" percent="60">
    <mem type="eden" free="2097088" total="2097152" percent="99" />
    <remembered-set count="43328" freebytes="4857088" totalbytes="5030400" percent="96" regionsoverflowed="0" regionsstable="0" regionsrebuilding="0"/>
  </mem-info>
</gc-end>
<cycle-end id="1020" type="partial gc" contextid="1013" timestamp="2019-08-11T05:38:54.292" />
  <attribute name="elasticGC enabled" value="1" />
  <attribute name= "numThreadsSpecified" value="1" />
  <attribute name="heapSize specified" value="0" />
  <attribute name="Current GC Util" value="230" />
  <attribute name= "Current Time Running" value="116167" />
  <attribute name ="GC Interval" value="0" />
  <attribute name="ProportionalT" value="75.000000" />
  <attribute name="ProportionalI" value="75.000000" />
  <attribute name="ProportionalH" value="75.000000" />
  <attribute name="Current Error" value="150.000000" />
  <attribute name="IntegralT" value="0.000000" />
  <attribute name="IntegralI" value="0.000000" />
  <attribute name="IntegralH" value="0.000000" />
  <attribute name="DerivativeT" value="inf" />
  <attribute name="DerivativeI" value="inf" />
  <attribute name="DerivativeH" value="inf" />
  <attribute name="Loop Time for DT" value="0.000000" />
  <attribute name="Output H" value="8388608"/>
  <attribute name="Output I" value="200"/>
  <attribute name="Output T" value="1"/>
  <attribute name="Target GC Util Change" value ="80.000000" />
  <attribute name="Current GC Util Change" value="230.000000"/>
  <attribute name="GC Util currently" value="230" />
  <attribute name="CPU Util currently" value="2294124581798" />
<exclusive-end id="1021" timestamp="2019-08-11T05:38:54.292" durationms="10.603" />

<exclusive-start id="1022" timestamp="2019-08-11T05:38:54.316" intervalms="34.363">
  <response-info timems="0.055" idlems="0.055" threads="0" lastid="000000000239EF00" lastname="main" />
</exclusive-start>
<allocation-taxation id="1023" taxation-threshold="37748736" timestamp="2019-08-11T05:38:54.316" intervalms="34.361" />
<cycle-start id="1024" type="partial gc" contextid="0" timestamp="2019-08-11T05:38:54.316" intervalms="34.536" />
<gc-start id="1025" type="partial gc" contextid="1024" timestamp="2019-08-11T05:38:54.316">
  <mem-info id="1026" free="37748736" total="125829120" percent="30">
    <mem type="eden" free="2097088" total="39845888" percent="5" />
    <remembered-set count="43264" freebytes="4857344" totalbytes="5030400" percent="96" regionsoverflowed="0" regionsstable="0" regionsrebuilding="0"/>
  </mem-info>
</gc-start>
<allocation-stats totalBytes="37512096" >
  <allocated-bytes non-tlh="0" tlh="37512096" arrayletleaf="0"/>
  <largest-consumer threadName="main" threadId="000000000239EF00" bytes="37512096" />
</allocation-stats>
<gc-op id="1027" type="copy forward" timems="9.807" contextid="1024" timestamp="2019-08-11T05:38:54.328">
  <memory-copied type="eden" objects="2" bytes="64" bytesdiscarded="0" />
  <memory-copied type="other" objects="0" bytes="0" bytesdiscarded="0" />
  <memory-cardclean objects="10" bytes="424" />
  <regions eden="18" other="1" />
  <remembered-set-cleared processed="35062" cleared="6" durationms="0.222" />
  <stringconstants candidates="13771" cleared="0"  />
</gc-op>
<gc-op id="1028" type="classunload" timems="0.017" contextid="1024" timestamp="2019-08-11T05:38:54.328">
  <classunload-info classloadercandidates="55" classloadersunloaded="0" classesunloaded="0" anonymousclassesunloaded="0" quiescems="0.000" setupms="0.016" scanms="0.000" postms="0.000" />
</gc-op>
<gc-end id="1029" type="partial gc" contextid="1024" durationms="11.803" usertimems="23.707" systemtimems="0.000" timestamp="2019-08-11T05:38:54.328" activeThreads="16">
  <mem-info id="1030" free="75497472" total="125829120" percent="60">
    <mem type="eden" free="2097088" total="2097152" percent="99" />
    <remembered-set count="39520" freebytes="4872320" totalbytes="5030400" percent="96" regionsoverflowed="0" regionsstable="0" regionsrebuilding="0"/>
  </mem-info>
</gc-end>
<cycle-end id="1031" type="partial gc" contextid="1024" timestamp="2019-08-11T05:38:54.328" />
  <attribute name="elasticGC enabled" value="1" />
  <attribute name= "numThreadsSpecified" value="16" />
  <attribute name="heapSize specified" value="0" />
  <attribute name="Current GC Util" value="116" />
  <attribute name= "Current Time Running" value="116203" />
  <attribute name ="GC Interval" value="0" />
  <attribute name="ProportionalT" value="18.000000" />
  <attribute name="ProportionalI" value="18.000000" />
  <attribute name="ProportionalH" value="18.000000" />
  <attribute name="Current Error" value="36.000000" />
  <attribute name="IntegralT" value="36.000000" />
  <attribute name="IntegralI" value="36.000000" />
  <attribute name="IntegralH" value="36.000000" />
  <attribute name="DerivativeT" value="18.000000" />
  <attribute name="DerivativeI" value="18.000000" />
  <attribute name="DerivativeH" value="18.000000" />
  <attribute name="Loop Time for DT" value="2.000000" />
  <attribute name="Output H" value="8388608"/>
  <attribute name="Output I" value="200"/>
  <attribute name="Output T" value="16"/>
  <attribute name="Target GC Util Change" value ="80.000000" />
  <attribute name="Current GC Util Change" value="116.000000"/>
  <attribute name="GC Util currently" value="116" />
  <attribute name="CPU Util currently" value="916661950588" />
<exclusive-end id="1032" timestamp="2019-08-11T05:38:54.328" durationms="12.765" />

<exclusive-start id="1033" timestamp="2019-08-11T05:38:54.358" intervalms="42.701">
  <response-info timems="0.044" idlems="0.044" threads="0" lastid="000000000239EF00" lastname="main" />
</exclusive-start>
<allocation-taxation id="1034" taxation-threshold="37748736" timestamp="2019-08-11T05:38:54.358" intervalms="42.697" />
<cycle-start id="1035" type="partial gc" contextid="0" timestamp="2019-08-11T05:38:54.358" intervalms="42.518" />
<gc-start id="1036" type="partial gc" contextid="1035" timestamp="2019-08-11T05:38:54.359">
  <mem-info id="1037" free="37748736" total="125829120" percent="30">
    <mem type="eden" free="2097088" total="39845888" percent="5" />
    <remembered-set count="39040" freebytes="4874240" totalbytes="5030400" percent="96" regionsoverflowed="0" regionsstable="0" regionsrebuilding="0"/>
  </mem-info>
</gc-start>
<allocation-stats totalBytes="37512120" >
  <allocated-bytes non-tlh="0" tlh="37512120" arrayletleaf="0"/>
  <largest-consumer threadName="main" threadId="000000000239EF00" bytes="37512120" />
</allocation-stats>
<gc-op id="1038" type="copy forward" timems="8.726" contextid="1035" timestamp="2019-08-11T05:38:54.369">
  <memory-copied type="eden" objects="2" bytes="64" bytesdiscarded="0" />
  <memory-copied type="other" objects="0" bytes="0" bytesdiscarded="0" />
  <memory-cardclean objects="10" bytes="424" />
  <regions eden="18" other="1" />
  <remembered-set-cleared processed="35062" cleared="6" durationms="0.277" />
  <stringconstants candidates="13771" cleared="0"  />
</gc-op>
<gc-op id="1039" type="classunload" timems="0.011" contextid="1035" timestamp="2019-08-11T05:38:54.369">
  <classunload-info classloadercandidates="55" classloadersunloaded="0" classesunloaded="0" anonymousclassesunloaded="0" quiescems="0.000" setupms="0.011" scanms="0.000" postms="0.000" />
</gc-op>
<gc-end id="1040" type="partial gc" contextid="1035" durationms="10.241" usertimems="31.073" systemtimems="0.000" timestamp="2019-08-11T05:38:54.369" activeThreads="16">
  <mem-info id="1041" free="75497472" total="125829120" percent="60">
    <mem type="eden" free="2097088" total="2097152" percent="99" />
    <remembered-set count="39520" freebytes="4872320" totalbytes="5030400" percent="96" regionsoverflowed="0" regionsstable="0" regionsrebuilding="0"/>
  </mem-info>
</gc-end>
<cycle-end id="1042" type="partial gc" contextid="1035" timestamp="2019-08-11T05:38:54.369" />
  <attribute name="elasticGC enabled" value="1" />
  <attribute name= "numThreadsSpecified" value="16" />
  <attribute name="heapSize specified" value="0" />
  <attribute name="Current GC Util" value="89" />
  <attribute name= "Current Time Running" value="116245" />
  <attribute name ="GC Interval" value="0" />
  <attribute name="ProportionalT" value="4.500000" />
  <attribute name="ProportionalI" value="4.500000" />
  <attribute name="ProportionalH" value="4.500000" />
  <attribute name="Current Error" value="9.000000" />
  <attribute name="IntegralT" value="4.500000" />
  <attribute name="IntegralI" value="4.500000" />
  <attribute name="IntegralH" value="4.500000" />
  <attribute name="DerivativeT" value="9.000000" />
  <attribute name="DerivativeI" value="9.000000" />
  <attribute name="DerivativeH" value="9.000000" />
  <attribute name="Loop Time for DT" value="1.000000" />
  <attribute name="Output H" value="8388608"/>
  <attribute name="Output I" value="200"/>
  <attribute name="Output T" value="16"/>
  <attribute name="Target GC Util Change" value ="80.000000" />
  <attribute name="Current GC Util Change" value="89.000000"/>
  <attribute name="GC Util currently" value="89" />
  <attribute name="CPU Util currently" value="1353866397204" />
<exclusive-end id="1043" timestamp="2019-08-11T05:38:54.369" durationms="10.860" />

<exclusive-start id="1044" timestamp="2019-08-11T05:38:54.396" intervalms="37.606">
  <response-info timems="0.047" idlems="0.047" threads="0" lastid="000000000239EF00" lastname="main" />
</exclusive-start>
<allocation-taxation id="1045" taxation-threshold="37748736" timestamp="2019-08-11T05:38:54.396" intervalms="37.618" />
<cycle-start id="1046" type="partial gc" contextid="0" timestamp="2019-08-11T05:38:54.396" intervalms="37.688" />
<gc-start id="1047" type="partial gc" contextid="1046" timestamp="2019-08-11T05:38:54.396">
  <mem-info id="1048" free="37748736" total="125829120" percent="30">
    <mem type="eden" free="2097088" total="39845888" percent="5" />
    <remembered-set count="39040" freebytes="4874240" totalbytes="5030400" percent="96" regionsoverflowed="0" regionsstable="0" regionsrebuilding="0"/>
  </mem-info>
</gc-start>
<allocation-stats totalBytes="37513360" >
  <allocated-bytes non-tlh="0" tlh="37513360" arrayletleaf="0"/>
  <largest-consumer threadName="main" threadId="000000000239EF00" bytes="37513360" />
</allocation-stats>
<gc-op id="1049" type="copy forward" timems="2.232" contextid="1046" timestamp="2019-08-11T05:38:54.400">
  <memory-copied type="eden" objects="2" bytes="64" bytesdiscarded="0" />
  <memory-copied type="other" objects="0" bytes="0" bytesdiscarded="0" />
  <memory-cardclean objects="10" bytes="424" />
  <regions eden="18" other="1" />
  <remembered-set-cleared processed="35062" cleared="6" durationms="0.599" />
  <stringconstants candidates="13771" cleared="0"  />
</gc-op>
<gc-op id="1050" type="classunload" timems="0.011" contextid="1046" timestamp="2019-08-11T05:38:54.400">
  <classunload-info classloadercandidates="55" classloadersunloaded="0" classesunloaded="0" anonymousclassesunloaded="0" quiescems="0.000" setupms="0.011" scanms="0.000" postms="0.000" />
</gc-op>
<gc-end id="1051" type="partial gc" contextid="1046" durationms="3.608" usertimems="7.667" systemtimems="0.000" timestamp="2019-08-11T05:38:54.400" activeThreads="1">
  <mem-info id="1052" free="75497472" total="125829120" percent="60">
    <mem type="eden" free="2097088" total="2097152" percent="99" />
    <remembered-set count="39520" freebytes="4872320" totalbytes="5030400" percent="96" regionsoverflowed="0" regionsstable="0" regionsrebuilding="0"/>
  </mem-info>
</gc-end>
<cycle-end id="1053" type="partial gc" contextid="1046" timestamp="2019-08-11T05:38:54.400" />
  <attribute name="elasticGC enabled" value="1" />
  <attribute name= "numThreadsSpecified" value="1" />
  <attribute name="heapSize specified" value="0" />
  <attribute name="Current GC Util" value="118" />
  <attribute name= "Current Time Running" value="116282" />
  <attribute name ="GC Interval" value="0" />
  <attribute name="ProportionalT" value="19.000000" />
  <attribute name="ProportionalI" value="19.000000" />
  <attribute name="ProportionalH" value="19.000000" />
  <attribute name="Current Error" value="38.000000" />
  <attribute name="IntegralT" value="0.000000" />
  <attribute name="IntegralI" value="0.000000" />
  <attribute name="IntegralH" value="0.000000" />
  <attribute name="DerivativeT" value="inf" />
  <attribute name="DerivativeI" value="inf" />
  <attribute name="DerivativeH" value="inf" />
  <attribute name="Loop Time for DT" value="0.000000" />
  <attribute name="Output H" value="8388608"/>
  <attribute name="Output I" value="200"/>
  <attribute name="Output T" value="1"/>
  <attribute name="Target GC Util Change" value ="80.000000" />
  <attribute name="Current GC Util Change" value="118.000000"/>
  <attribute name="GC Util currently" value="118" />
  <attribute name="CPU Util currently" value="1862302183124" />
<exclusive-end id="1054" timestamp="2019-08-11T05:38:54.400" durationms="4.330" />

<exclusive-start id="1055" timestamp="2019-08-11T05:38:54.493" intervalms="96.855">
  <response-info timems="0.129" idlems="0.129" threads="0" lastid="000000000239EF00" lastname="main" />
</exclusive-start>
<allocation-taxation id="1056" taxation-threshold="37748736" timestamp="2019-08-11T05:38:54.493" intervalms="96.848" />
<cycle-start id="1057" type="partial gc" contextid="0" timestamp="2019-08-11T05:38:54.493" intervalms="96.848" />
<gc-start id="1058" type="partial gc" contextid="1057" timestamp="2019-08-11T05:38:54.493">
  <mem-info id="1059" free="37748736" total="125829120" percent="30">
    <mem type="eden" free="2097088" total="39845888" percent="5" />
    <remembered-set count="39040" freebytes="4874240" totalbytes="5030400" percent="96" regionsoverflowed="0" regionsstable="0" regionsrebuilding="0"/>
  </mem-info>
</gc-start>
<allocation-stats totalBytes="37737640" >
  <allocated-bytes non-tlh="0" tlh="37737640" arrayletleaf="0"/>
  <largest-consumer threadName="main" threadId="000000000239EF00" bytes="37737640" />
</allocation-stats>
<gc-op id="1060" type="copy forward" timems="18.464" contextid="1057" timestamp="2019-08-11T05:38:54.513">
  <memory-copied type="eden" objects="159" bytes="5272" bytesdiscarded="584" />
  <memory-copied type="other" objects="0" bytes="0" bytesdiscarded="0" />
  <memory-cardclean objects="96" bytes="2952" />
  <regions eden="18" other="1" />
  <remembered-set-cleared processed="35062" cleared="24" durationms="0.308" />
  <stringconstants candidates="13771" cleared="0"  />
</gc-op>
<gc-op id="1061" type="classunload" timems="0.011" contextid="1057" timestamp="2019-08-11T05:38:54.513">
  <classunload-info classloadercandidates="55" classloadersunloaded="0" classesunloaded="0" anonymousclassesunloaded="0" quiescems="0.000" setupms="0.010" scanms="0.000" postms="0.000" />
</gc-op>
<gc-end id="1062" type="partial gc" contextid="1057" durationms="20.138" usertimems="48.710" systemtimems="0.000" timestamp="2019-08-11T05:38:54.514" activeThreads="16">
  <mem-info id="1063" free="75497472" total="125829120" percent="60">
    <mem type="eden" free="2091296" total="2097152" percent="99" />
    <remembered-set count="40992" freebytes="4866432" totalbytes="5030400" percent="96" regionsoverflowed="0" regionsstable="0" regionsrebuilding="0"/>
  </mem-info>
</gc-end>
<cycle-end id="1064" type="partial gc" contextid="1057" timestamp="2019-08-11T05:38:54.514" />
  <attribute name="elasticGC enabled" value="1" />
  <attribute name= "numThreadsSpecified" value="16" />
  <attribute name="heapSize specified" value="0" />
  <attribute name="Current GC Util" value="241" />
  <attribute name= "Current Time Running" value="116380" />
  <attribute name ="GC Interval" value="0" />
  <attribute name="ProportionalT" value="80.500000" />
  <attribute name="ProportionalI" value="80.500000" />
  <attribute name="ProportionalH" value="80.500000" />
  <attribute name="Current Error" value="161.000000" />
  <attribute name="IntegralT" value="80.500000" />
  <attribute name="IntegralI" value="80.500000" />
  <attribute name="IntegralH" value="80.500000" />
  <attribute name="DerivativeT" value="161.000000" />
  <attribute name="DerivativeI" value="161.000000" />
  <attribute name="DerivativeH" value="161.000000" />
  <attribute name="Loop Time for DT" value="1.000000" />
  <attribute name="Output H" value="8388608"/>
  <attribute name="Output I" value="328"/>
  <attribute name="Output T" value="16"/>
  <attribute name="Target GC Util Change" value ="80.000000" />
  <attribute name="Current GC Util Change" value="241.000000"/>
  <attribute name="GC Util currently" value="241" />
  <attribute name="CPU Util currently" value="1188184421975" />
<exclusive-end id="1065" timestamp="2019-08-11T05:38:54.514" durationms="21.299" />

<exclusive-start id="1066" timestamp="2019-08-11T05:38:54.735" intervalms="242.635">
  <response-info timems="0.075" idlems="0.075" threads="0" lastid="000000000239EF00" lastname="main" />
</exclusive-start>
<allocation-taxation id="1067" taxation-threshold="37748736" timestamp="2019-08-11T05:38:54.735" intervalms="242.651" />
<cycle-start id="1068" type="partial gc" contextid="0" timestamp="2019-08-11T05:38:54.736" intervalms="242.629" />
<gc-start id="1069" type="partial gc" contextid="1068" timestamp="2019-08-11T05:38:54.736">
  <mem-info id="1070" free="37748736" total="125829120" percent="30">
    <mem type="eden" free="0" total="37748736" percent="0" />
    <remembered-set count="40512" freebytes="4868352" totalbytes="5030400" percent="96" regionsoverflowed="0" regionsstable="0" regionsrebuilding="0"/>
  </mem-info>
</gc-start>
<allocation-stats totalBytes="37743264" >
  <allocated-bytes non-tlh="0" tlh="37743264" arrayletleaf="0"/>
  <largest-consumer threadName="main" threadId="000000000239EF00" bytes="37743264" />
</allocation-stats>
<gc-op id="1071" type="copy forward" timems="8.017" contextid="1068" timestamp="2019-08-11T05:38:54.745">
  <memory-copied type="eden" objects="234" bytes="7664" bytesdiscarded="584" />
  <memory-copied type="other" objects="8" bytes="184" bytesdiscarded="656" />
  <memory-cardclean objects="128" bytes="12520" />
  <regions eden="18" other="1" />
  <remembered-set-cleared processed="35092" cleared="77" durationms="0.291" />
  <references type="weak" candidates="37" cleared="0" enqueued="0" />
  <stringconstants candidates="13771" cleared="0"  />
</gc-op>
<gc-op id="1072" type="classunload" timems="0.010" contextid="1068" timestamp="2019-08-11T05:38:54.745">
  <classunload-info classloadercandidates="55" classloadersunloaded="0" classesunloaded="0" anonymousclassesunloaded="0" quiescems="0.000" setupms="0.010" scanms="0.000" postms="0.000" />
</gc-op>
<gc-end id="1073" type="partial gc" contextid="1068" durationms="9.173" usertimems="22.753" systemtimems="0.000" timestamp="2019-08-11T05:38:54.745" activeThreads="16">
  <mem-info id="1074" free="73400320" total="125829120" percent="58">
    <mem type="eden" free="2088856" total="2097152" percent="99" />
    <remembered-set count="41504" freebytes="4864384" totalbytes="5030400" percent="96" regionsoverflowed="0" regionsstable="0" regionsrebuilding="0"/>
  </mem-info>
</gc-end>
<cycle-end id="1075" type="partial gc" contextid="1068" timestamp="2019-08-11T05:38:54.745" />
  <attribute name="elasticGC enabled" value="1" />
  <attribute name= "numThreadsSpecified" value="16" />
  <attribute name="heapSize specified" value="0" />
  <attribute name="Current GC Util" value="144" />
  <attribute name= "Current Time Running" value="116622" />
  <attribute name ="GC Interval" value="0" />
  <attribute name="ProportionalT" value="32.000000" />
  <attribute name="ProportionalI" value="32.000000" />
  <attribute name="ProportionalH" value="32.000000" />
  <attribute name="Current Error" value="64.000000" />
  <attribute name="IntegralT" value="32.000000" />
  <attribute name="IntegralI" value="32.000000" />
  <attribute name="IntegralH" value="32.000000" />
  <attribute name="DerivativeT" value="64.000000" />
  <attribute name="DerivativeI" value="64.000000" />
  <attribute name="DerivativeH" value="64.000000" />
  <attribute name="Loop Time for DT" value="1.000000" />
  <attribute name="Output H" value="8388608"/>
  <attribute name="Output I" value="200"/>
  <attribute name="Output T" value="16"/>
  <attribute name="Target GC Util Change" value ="80.000000" />
  <attribute name="Current GC Util Change" value="144.000000"/>
  <attribute name="GC Util currently" value="144" />
  <attribute name="CPU Util currently" value="1951924011180" />
<exclusive-end id="1076" timestamp="2019-08-11T05:38:54.745" durationms="10.020" />

<exclusive-start id="1077" timestamp="2019-08-11T05:38:54.886" intervalms="150.543">
  <response-info timems="0.076" idlems="0.076" threads="0" lastid="000000000239EF00" lastname="main" />
</exclusive-start>
<allocation-taxation id="1078" taxation-threshold="37748736" timestamp="2019-08-11T05:38:54.886" intervalms="150.537" />
<cycle-start id="1079" type="partial gc" contextid="0" timestamp="2019-08-11T05:38:54.886" intervalms="150.528" />
<gc-start id="1080" type="partial gc" contextid="1079" timestamp="2019-08-11T05:38:54.886">
  <mem-info id="1081" free="35651584" total="125829120" percent="28">
    <mem type="eden" free="0" total="37748736" percent="0" />
    <remembered-set count="41056" freebytes="4866176" totalbytes="5030400" percent="96" regionsoverflowed="0" regionsstable="0" regionsrebuilding="0"/>
  </mem-info>
</gc-start>
<allocation-stats totalBytes="37743944" >
  <allocated-bytes non-tlh="0" tlh="37743944" arrayletleaf="0"/>
  <largest-consumer threadName="main" threadId="000000000239EF00" bytes="37743944" />
</allocation-stats>
<gc-op id="1082" type="copy forward" timems="19.982" contextid="1079" timestamp="2019-08-11T05:38:54.908">
  <memory-copied type="eden" objects="125" bytes="3864" bytesdiscarded="96" />
  <memory-copied type="other" objects="114" bytes="3992" bytesdiscarded="584" />
  <memory-cardclean objects="66" bytes="10456" />
  <regions eden="18" other="1" />
  <remembered-set-cleared processed="35121" cleared="84" durationms="0.243" />
  <references type="weak" candidates="37" cleared="0" enqueued="0" />
  <stringconstants candidates="13771" cleared="0"  />
</gc-op>
<gc-op id="1083" type="classunload" timems="0.012" contextid="1079" timestamp="2019-08-11T05:38:54.908">
  <classunload-info classloadercandidates="55" classloadersunloaded="0" classesunloaded="0" anonymousclassesunloaded="0" quiescems="0.000" setupms="0.012" scanms="0.000" postms="0.000" />
</gc-op>
<gc-end id="1084" type="partial gc" contextid="1079" durationms="21.452" usertimems="33.891" systemtimems="0.000" timestamp="2019-08-11T05:38:54.908" activeThreads="16">
  <mem-info id="1085" free="71303168" total="125829120" percent="56">
    <mem type="eden" free="2093192" total="2097152" percent="99" />
    <remembered-set count="41088" freebytes="4866048" totalbytes="5030400" percent="96" regionsoverflowed="0" regionsstable="0" regionsrebuilding="0"/>
  </mem-info>
</gc-end>
<cycle-end id="1086" type="partial gc" contextid="1079" timestamp="2019-08-11T05:38:54.908" />
  <attribute name="elasticGC enabled" value="1" />
  <attribute name= "numThreadsSpecified" value="16" />
  <attribute name="heapSize specified" value="0" />
  <attribute name="Current GC Util" value="111" />
  <attribute name= "Current Time Running" value="116772" />
  <attribute name ="GC Interval" value="0" />
  <attribute name="ProportionalT" value="15.500000" />
  <attribute name="ProportionalI" value="15.500000" />
  <attribute name="ProportionalH" value="15.500000" />
  <attribute name="Current Error" value="31.000000" />
  <attribute name="IntegralT" value="15.500000" />
  <attribute name="IntegralI" value="15.500000" />
  <attribute name="IntegralH" value="15.500000" />
  <attribute name="DerivativeT" value="31.000000" />
  <attribute name="DerivativeI" value="31.000000" />
  <attribute name="DerivativeH" value="31.000000" />
  <attribute name="Loop Time for DT" value="1.000000" />
  <attribute name="Output H" value="8388608"/>
  <attribute name="Output I" value="200"/>
  <attribute name="Output T" value="16"/>
  <attribute name="Target GC Util Change" value ="80.000000" />
  <attribute name="Current GC Util Change" value="111.000000"/>
  <attribute name="GC Util currently" value="111" />
  <attribute name="CPU Util currently" value="1301004408138" />
<exclusive-end id="1087" timestamp="2019-08-11T05:38:54.908" durationms="22.049" />

<exclusive-start id="1088" timestamp="2019-08-11T05:38:54.996" intervalms="110.567">
  <response-info timems="0.024" idlems="0.024" threads="0" lastid="000000000239EF00" lastname="main" />
</exclusive-start>
<allocation-taxation id="1089" taxation-threshold="37748736" timestamp="2019-08-11T05:38:54.997" intervalms="110.552" />
<cycle-start id="1090" type="partial gc" contextid="0" timestamp="2019-08-11T05:38:54.997" intervalms="110.526" />
<gc-start id="1091" type="partial gc" contextid="1090" timestamp="2019-08-11T05:38:54.997">
  <mem-info id="1092" free="33554432" total="125829120" percent="26">
    <mem type="eden" free="2093192" total="39845888" percent="5" />
    <remembered-set count="41088" freebytes="4866048" totalbytes="5030400" percent="96" regionsoverflowed="0" regionsstable="0" regionsrebuilding="0"/>
  </mem-info>
</gc-start>
<allocation-stats totalBytes="37730784" >
  <allocated-bytes non-tlh="0" tlh="37730784" arrayletleaf="0"/>
  <largest-consumer threadName="main" threadId="000000000239EF00" bytes="37730784" />
</allocation-stats>
<gc-op id="1093" type="copy forward" timems="14.483" contextid="1090" timestamp="2019-08-11T05:38:55.012">
  <memory-copied type="eden" objects="137" bytes="4336" bytesdiscarded="384" />
  <memory-copied type="other" objects="0" bytes="0" bytesdiscarded="0" />
  <memory-cardclean objects="68" bytes="2520" />
  <regions eden="18" other="1" />
  <remembered-set-cleared processed="35117" cleared="34" durationms="0.277" />
  <stringconstants candidates="13771" cleared="0"  />
</gc-op>
<gc-op id="1094" type="classunload" timems="0.011" contextid="1090" timestamp="2019-08-11T05:38:55.012">
  <classunload-info classloadercandidates="55" classloadersunloaded="0" classesunloaded="0" anonymousclassesunloaded="0" quiescems="0.000" setupms="0.010" scanms="0.000" postms="0.000" />
</gc-op>
<gc-end id="1095" type="partial gc" contextid="1090" durationms="15.540" usertimems="35.806" systemtimems="0.000" timestamp="2019-08-11T05:38:55.012" activeThreads="16">
  <mem-info id="1096" free="71303168" total="125829120" percent="56">
    <mem type="eden" free="2092432" total="2097152" percent="99" />
    <remembered-set count="41504" freebytes="4864384" totalbytes="5030400" percent="96" regionsoverflowed="0" regionsstable="0" regionsrebuilding="0"/>
  </mem-info>
</gc-end>
<cycle-end id="1097" type="partial gc" contextid="1090" timestamp="2019-08-11T05:38:55.013" />
  <attribute name="elasticGC enabled" value="1" />
  <attribute name= "numThreadsSpecified" value="16" />
  <attribute name="heapSize specified" value="0" />
  <attribute name="Current GC Util" value="117" />
  <attribute name= "Current Time Running" value="116883" />
  <attribute name ="GC Interval" value="0" />
  <attribute name="ProportionalT" value="18.500000" />
  <attribute name="ProportionalI" value="18.500000" />
  <attribute name="ProportionalH" value="18.500000" />
  <attribute name="Current Error" value="37.000000" />
  <attribute name="IntegralT" value="18.500000" />
  <attribute name="IntegralI" value="18.500000" />
  <attribute name="IntegralH" value="18.500000" />
  <attribute name="DerivativeT" value="37.000000" />
  <attribute name="DerivativeI" value="37.000000" />
  <attribute name="DerivativeH" value="37.000000" />
  <attribute name="Loop Time for DT" value="1.000000" />
  <attribute name="Output H" value="8388608"/>
  <attribute name="Output I" value="200"/>
  <attribute name="Output T" value="16"/>
  <attribute name="Target GC Util Change" value ="80.000000" />
  <attribute name="Current GC Util Change" value="117.000000"/>
  <attribute name="GC Util currently" value="117" />
  <attribute name="CPU Util currently" value="1993004965022" />
<exclusive-end id="1098" timestamp="2019-08-11T05:38:55.013" durationms="16.205" />

<exclusive-start id="1099" timestamp="2019-08-11T05:38:55.064" intervalms="67.921">
  <response-info timems="0.057" idlems="0.057" threads="0" lastid="000000000239EF00" lastname="main" />
</exclusive-start>
<allocation-taxation id="1100" taxation-threshold="37748736" timestamp="2019-08-11T05:38:55.064" intervalms="67.939" />
<cycle-start id="1101" type="partial gc" contextid="0" timestamp="2019-08-11T05:38:55.065" intervalms="67.988" />
<gc-start id="1102" type="partial gc" contextid="1101" timestamp="2019-08-11T05:38:55.065">
  <mem-info id="1103" free="33554432" total="125829120" percent="26">
    <mem type="eden" free="0" total="37748736" percent="0" />
    <remembered-set count="41056" freebytes="4866176" totalbytes="5030400" percent="96" regionsoverflowed="0" regionsstable="0" regionsrebuilding="0"/>
  </mem-info>
</gc-start>
<allocation-stats totalBytes="37728592" >
  <allocated-bytes non-tlh="0" tlh="37728592" arrayletleaf="0"/>
  <largest-consumer threadName="main" threadId="000000000239EF00" bytes="37728592" />
</allocation-stats>
<gc-op id="1104" type="copy forward" timems="8.424" contextid="1101" timestamp="2019-08-11T05:38:55.074">
  <memory-copied type="eden" objects="6" bytes="360" bytesdiscarded="0" />
  <memory-copied type="other" objects="131" bytes="4032" bytesdiscarded="648" />
  <memory-cardclean objects="39" bytes="1704" />
  <regions eden="18" other="1" />
  <remembered-set-cleared processed="35123" cleared="40" durationms="0.301" />
  <stringconstants candidates="13771" cleared="0"  />
</gc-op>
<gc-op id="1105" type="classunload" timems="0.009" contextid="1101" timestamp="2019-08-11T05:38:55.074">
  <classunload-info classloadercandidates="55" classloadersunloaded="0" classesunloaded="0" anonymousclassesunloaded="0" quiescems="0.000" setupms="0.009" scanms="0.000" postms="0.000" />
</gc-op>
<heap-resize id="1106" type="expand" space="default" amount="16777216" count="1" timems="0.080" reason="excessive time being spent in gc" timestamp="2019-08-11T05:38:55.075" />
<gc-end id="1107" type="partial gc" contextid="1101" durationms="9.772" usertimems="21.133" systemtimems="0.000" timestamp="2019-08-11T05:38:55.075" activeThreads="16">
  <mem-info id="1108" free="85983232" total="142606336" percent="60">
    <mem type="eden" free="2096792" total="2097152" percent="99" />
    <remembered-set count="40992" freebytes="5537152" totalbytes="5701120" percent="97" regionsoverflowed="0" regionsstable="0" regionsrebuilding="0"/>
  </mem-info>
</gc-end>
<cycle-end id="1109" type="partial gc" contextid="1101" timestamp="2019-08-11T05:38:55.075" />
  <attribute name="elasticGC enabled" value="1" />
  <attribute name= "numThreadsSpecified" value="16" />
  <attribute name="heapSize specified" value="0" />
  <attribute name="Current GC Util" value="129" />
  <attribute name= "Current Time Running" value="116951" />
  <attribute name ="GC Interval" value="0" />
  <attribute name="ProportionalT" value="24.500000" />
  <attribute name="ProportionalI" value="24.500000" />
  <attribute name="ProportionalH" value="24.500000" />
  <attribute name="Current Error" value="49.000000" />
  <attribute name="IntegralT" value="24.500000" />
  <attribute name="IntegralI" value="24.500000" />
  <attribute name="IntegralH" value="24.500000" />
  <attribute name="DerivativeT" value="49.000000" />
  <attribute name="DerivativeI" value="49.000000" />
  <attribute name="DerivativeH" value="49.000000" />
  <attribute name="Loop Time for DT" value="1.000000" />
  <attribute name="Output H" value="8388608"/>
  <attribute name="Output I" value="200"/>
  <attribute name="Output T" value="16"/>
  <attribute name="Target GC Util Change" value ="80.000000" />
  <attribute name="Current GC Util Change" value="129.000000"/>
  <attribute name="GC Util currently" value="129" />
  <attribute name="CPU Util currently" value="1468512070464" />
<exclusive-end id="1110" timestamp="2019-08-11T05:38:55.075" durationms="10.491" />

<exclusive-start id="1111" timestamp="2019-08-11T05:38:55.129" intervalms="64.680">
  <response-info timems="0.115" idlems="0.115" threads="0" lastid="000000000239EF00" lastname="main" />
</exclusive-start>
<allocation-taxation id="1112" taxation-threshold="41943040" timestamp="2019-08-11T05:38:55.129" intervalms="64.665" />
<cycle-start id="1113" type="partial gc" contextid="0" timestamp="2019-08-11T05:38:55.129" intervalms="64.627" />
<gc-start id="1114" type="partial gc" contextid="1113" timestamp="2019-08-11T05:38:55.129">
  <mem-info id="1115" free="44040192" total="142606336" percent="30">
    <mem type="eden" free="2096792" total="44040192" percent="4" />
    <remembered-set count="40544" freebytes="5538944" totalbytes="5701120" percent="97" regionsoverflowed="0" regionsstable="0" regionsrebuilding="0"/>
  </mem-info>
</gc-start>
<allocation-stats totalBytes="41921896" >
  <allocated-bytes non-tlh="0" tlh="41921896" arrayletleaf="0"/>
  <largest-consumer threadName="main" threadId="000000000239EF00" bytes="41921896" />
</allocation-stats>
<gc-op id="1116" type="copy forward" timems="2.021" contextid="1113" timestamp="2019-08-11T05:38:55.132">
  <memory-copied type="eden" objects="5" bytes="344" bytesdiscarded="0" />
  <memory-copied type="other" objects="0" bytes="0" bytesdiscarded="0" />
  <memory-cardclean objects="16" bytes="528" />
  <regions eden="20" other="1" />
  <remembered-set-cleared processed="35126" cleared="8" durationms="0.404" />
  <stringconstants candidates="13771" cleared="0"  />
</gc-op>
<gc-op id="1117" type="classunload" timems="0.006" contextid="1113" timestamp="2019-08-11T05:38:55.132">
  <classunload-info classloadercandidates="55" classloadersunloaded="0" classesunloaded="0" anonymousclassesunloaded="0" quiescems="0.000" setupms="0.006" scanms="0.000" postms="0.000" />
</gc-op>
<gc-end id="1118" type="partial gc" contextid="1113" durationms="3.006" usertimems="5.723" systemtimems="0.000" timestamp="2019-08-11T05:38:55.132" activeThreads="1">
  <mem-info id="1119" free="85983232" total="142606336" percent="60">
    <mem type="eden" free="2096808" total="2097152" percent="99" />
    <remembered-set count="41024" freebytes="5537024" totalbytes="5701120" percent="97" regionsoverflowed="0" regionsstable="0" regionsrebuilding="0"/>
  </mem-info>
</gc-end>
<cycle-end id="1120" type="partial gc" contextid="1113" timestamp="2019-08-11T05:38:55.133" />
  <attribute name="elasticGC enabled" value="1" />
  <attribute name= "numThreadsSpecified" value="1" />
  <attribute name="heapSize specified" value="0" />
  <attribute name="Current GC Util" value="144" />
  <attribute name= "Current Time Running" value="117015" />
  <attribute name ="GC Interval" value="0" />
  <attribute name="ProportionalT" value="32.000000" />
  <attribute name="ProportionalI" value="32.000000" />
  <attribute name="ProportionalH" value="32.000000" />
  <attribute name="Current Error" value="64.000000" />
  <attribute name="IntegralT" value="0.000000" />
  <attribute name="IntegralI" value="0.000000" />
  <attribute name="IntegralH" value="0.000000" />
  <attribute name="DerivativeT" value="inf" />
  <attribute name="DerivativeI" value="inf" />
  <attribute name="DerivativeH" value="inf" />
  <attribute name="Loop Time for DT" value="0.000000" />
  <attribute name="Output H" value="8388608"/>
  <attribute name="Output I" value="200"/>
  <attribute name="Output T" value="1"/>
  <attribute name="Target GC Util Change" value ="80.000000" />
  <attribute name="Current GC Util Change" value="144.000000"/>
  <attribute name="GC Util currently" value="144" />
  <attribute name="CPU Util currently" value="2067634887539" />
<exclusive-end id="1121" timestamp="2019-08-11T05:38:55.133" durationms="3.593" />

<exclusive-start id="1122" timestamp="2019-08-11T05:38:55.182" intervalms="52.875">
  <response-info timems="0.045" idlems="0.045" threads="0" lastid="000000000239EF00" lastname="main" />
</exclusive-start>
<allocation-taxation id="1123" taxation-threshold="41943040" timestamp="2019-08-11T05:38:55.182" intervalms="52.877" />
<cycle-start id="1124" type="partial gc" contextid="0" timestamp="2019-08-11T05:38:55.182" intervalms="52.856" />
<gc-start id="1125" type="partial gc" contextid="1124" timestamp="2019-08-11T05:38:55.182">
  <mem-info id="1126" free="44040192" total="142606336" percent="30">
    <mem type="eden" free="2096808" total="44040192" percent="4" />
    <remembered-set count="40576" freebytes="5538816" totalbytes="5701120" percent="97" regionsoverflowed="0" regionsstable="0" regionsrebuilding="0"/>
  </mem-info>
</gc-start>
<allocation-stats totalBytes="41921296" >
  <allocated-bytes non-tlh="0" tlh="41921296" arrayletleaf="0"/>
  <largest-consumer threadName="main" threadId="000000000239EF00" bytes="41921296" />
</allocation-stats>
<gc-op id="1127" type="copy forward" timems="8.156" contextid="1124" timestamp="2019-08-11T05:38:55.192">
  <memory-copied type="eden" objects="5" bytes="344" bytesdiscarded="0" />
  <memory-copied type="other" objects="0" bytes="0" bytesdiscarded="0" />
  <memory-cardclean objects="16" bytes="528" />
  <regions eden="20" other="1" />
  <remembered-set-cleared processed="35127" cleared="9" durationms="0.209" />
  <stringconstants candidates="13771" cleared="0"  />
</gc-op>
<gc-op id="1128" type="classunload" timems="0.009" contextid="1124" timestamp="2019-08-11T05:38:55.192">
  <classunload-info classloadercandidates="55" classloadersunloaded="0" classesunloaded="0" anonymousclassesunloaded="0" quiescems="0.000" setupms="0.009" scanms="0.000" postms="0.000" />
</gc-op>
<gc-end id="1129" type="partial gc" contextid="1124" durationms="9.697" usertimems="28.346" systemtimems="0.000" timestamp="2019-08-11T05:38:55.192" activeThreads="16">
  <mem-info id="1130" free="85983232" total="142606336" percent="60">
    <mem type="eden" free="2096808" total="2097152" percent="99" />
    <remembered-set count="40064" freebytes="5540864" totalbytes="5701120" percent="97" regionsoverflowed="0" regionsstable="0" regionsrebuilding="0"/>
  </mem-info>
</gc-end>
<cycle-end id="1131" type="partial gc" contextid="1124" timestamp="2019-08-11T05:38:55.192" />
  <attribute name="elasticGC enabled" value="1" />
  <attribute name= "numThreadsSpecified" value="16" />
  <attribute name="heapSize specified" value="0" />
  <attribute name="Current GC Util" value="332" />
  <attribute name= "Current Time Running" value="117068" />
  <attribute name ="GC Interval" value="0" />
  <attribute name="ProportionalT" value="126.000000" />
  <attribute name="ProportionalI" value="126.000000" />
  <attribute name="ProportionalH" value="126.000000" />
  <attribute name="Current Error" value="252.000000" />
  <attribute name="IntegralT" value="126.000000" />
  <attribute name="IntegralI" value="126.000000" />
  <attribute name="IntegralH" value="126.000000" />
  <attribute name="DerivativeT" value="252.000000" />
  <attribute name="DerivativeI" value="252.000000" />
  <attribute name="DerivativeH" value="252.000000" />
  <attribute name="Loop Time for DT" value="1.000000" />
  <attribute name="Output H" value="8388608"/>
  <attribute name="Output I" value="504"/>
  <attribute name="Output T" value="16"/>
  <attribute name="Target GC Util Change" value ="80.000000" />
  <attribute name="Current GC Util Change" value="332.000000"/>
  <attribute name="GC Util currently" value="332" />
  <attribute name="CPU Util currently" value="1146555805958" />
<exclusive-end id="1132" timestamp="2019-08-11T05:38:55.192" durationms="10.232" />

<exclusive-start id="1133" timestamp="2019-08-11T05:38:55.238" intervalms="56.433">
  <response-info timems="0.051" idlems="0.051" threads="0" lastid="000000000239EF00" lastname="main" />
</exclusive-start>
<allocation-taxation id="1134" taxation-threshold="41943040" timestamp="2019-08-11T05:38:55.238" intervalms="56.440" />
<cycle-start id="1135" type="partial gc" contextid="0" timestamp="2019-08-11T05:38:55.239" intervalms="56.455" />
<gc-start id="1136" type="partial gc" contextid="1135" timestamp="2019-08-11T05:38:55.239">
  <mem-info id="1137" free="44040192" total="142606336" percent="30">
    <mem type="eden" free="2096808" total="44040192" percent="4" />
    <remembered-set count="40064" freebytes="5540864" totalbytes="5701120" percent="97" regionsoverflowed="0" regionsstable="0" regionsrebuilding="0"/>
  </mem-info>
</gc-start>
<allocation-stats totalBytes="41921296" >
  <allocated-bytes non-tlh="0" tlh="41921296" arrayletleaf="0"/>
  <largest-consumer threadName="main" threadId="000000000239EF00" bytes="41921296" />
</allocation-stats>
<gc-op id="1138" type="copy forward" timems="8.936" contextid="1135" timestamp="2019-08-11T05:38:55.249">
  <memory-copied type="eden" objects="5" bytes="344" bytesdiscarded="0" />
  <memory-copied type="other" objects="0" bytes="0" bytesdiscarded="0" />
  <memory-cardclean objects="16" bytes="528" />
  <regions eden="20" other="1" />
  <remembered-set-cleared processed="35126" cleared="8" durationms="0.251" />
  <stringconstants candidates="13771" cleared="0"  />
</gc-op>
<gc-op id="1139" type="classunload" timems="0.010" contextid="1135" timestamp="2019-08-11T05:38:55.249">
  <classunload-info classloadercandidates="55" classloadersunloaded="0" classesunloaded="0" anonymousclassesunloaded="0" quiescems="0.000" setupms="0.009" scanms="0.000" postms="0.000" />
</gc-op>
<gc-end id="1140" type="partial gc" contextid="1135" durationms="10.433" usertimems="28.946" systemtimems="0.000" timestamp="2019-08-11T05:38:55.249" activeThreads="16">
  <mem-info id="1141" free="85983232" total="142606336" percent="60">
    <mem type="eden" free="2096808" total="2097152" percent="99" />
    <remembered-set count="40064" freebytes="5540864" totalbytes="5701120" percent="97" regionsoverflowed="0" regionsstable="0" regionsrebuilding="0"/>
  </mem-info>
</gc-end>
<cycle-end id="1142" type="partial gc" contextid="1135" timestamp="2019-08-11T05:38:55.249" />
  <attribute name="elasticGC enabled" value="1" />
  <attribute name= "numThreadsSpecified" value="16" />
  <attribute name="heapSize specified" value="0" />
  <attribute name="Current GC Util" value="217" />
  <attribute name= "Current Time Running" value="117125" />
  <attribute name ="GC Interval" value="0" />
  <attribute name="ProportionalT" value="68.500000" />
  <attribute name="ProportionalI" value="68.500000" />
  <attribute name="ProportionalH" value="68.500000" />
  <attribute name="Current Error" value="137.000000" />
  <attribute name="IntegralT" value="68.500000" />
  <attribute name="IntegralI" value="68.500000" />
  <attribute name="IntegralH" value="68.500000" />
  <attribute name="DerivativeT" value="137.000000" />
  <attribute name="DerivativeI" value="137.000000" />
  <attribute name="DerivativeH" value="137.000000" />
  <attribute name="Loop Time for DT" value="1.000000" />
  <attribute name="Output H" value="8388608"/>
  <attribute name="Output I" value="280"/>
  <attribute name="Output T" value="16"/>
  <attribute name="Target GC Util Change" value ="80.000000" />
  <attribute name="Current GC Util Change" value="217.000000"/>
  <attribute name="GC Util currently" value="217" />
  <attribute name="CPU Util currently" value="1180200641285" />
<exclusive-end id="1143" timestamp="2019-08-11T05:38:55.249" durationms="11.047" />

<exclusive-start id="1144" timestamp="2019-08-11T05:38:55.301" intervalms="62.628">
  <response-info timems="0.080" idlems="0.080" threads="0" lastid="000000000239EF00" lastname="main" />
</exclusive-start>
<allocation-taxation id="1145" taxation-threshold="41943040" timestamp="2019-08-11T05:38:55.301" intervalms="62.635" />
<cycle-start id="1146" type="partial gc" contextid="0" timestamp="2019-08-11T05:38:55.301" intervalms="62.721" />
<gc-start id="1147" type="partial gc" contextid="1146" timestamp="2019-08-11T05:38:55.302">
  <mem-info id="1148" free="44040192" total="142606336" percent="30">
    <mem type="eden" free="2096808" total="44040192" percent="4" />
    <remembered-set count="40064" freebytes="5540864" totalbytes="5701120" percent="97" regionsoverflowed="0" regionsstable="0" regionsrebuilding="0"/>
  </mem-info>
</gc-start>
<allocation-stats totalBytes="41921016" >
  <allocated-bytes non-tlh="0" tlh="41921016" arrayletleaf="0"/>
  <largest-consumer threadName="main" threadId="000000000239EF00" bytes="41921016" />
</allocation-stats>
<gc-op id="1149" type="copy forward" timems="9.790" contextid="1146" timestamp="2019-08-11T05:38:55.313">
  <memory-copied type="eden" objects="29" bytes="1656" bytesdiscarded="344" />
  <memory-copied type="other" objects="0" bytes="0" bytesdiscarded="0" />
  <memory-cardclean objects="74" bytes="2528" />
  <regions eden="20" other="1" />
  <remembered-set-cleared processed="35127" cleared="26" durationms="0.287" />
  <stringconstants candidates="13771" cleared="0"  />
</gc-op>
<gc-op id="1150" type="classunload" timems="0.010" contextid="1146" timestamp="2019-08-11T05:38:55.313">
  <classunload-info classloadercandidates="55" classloadersunloaded="0" classesunloaded="0" anonymousclassesunloaded="0" quiescems="0.000" setupms="0.010" scanms="0.000" postms="0.000" />
</gc-op>
<gc-end id="1151" type="partial gc" contextid="1146" durationms="12.047" usertimems="34.937" systemtimems="0.000" timestamp="2019-08-11T05:38:55.314" activeThreads="16">
  <mem-info id="1152" free="85983232" total="142606336" percent="60">
    <mem type="eden" free="2095152" total="2097152" percent="99" />
    <remembered-set count="41568" freebytes="5534848" totalbytes="5701120" percent="97" regionsoverflowed="0" regionsstable="0" regionsrebuilding="0"/>
  </mem-info>
</gc-end>
<cycle-end id="1153" type="partial gc" contextid="1146" timestamp="2019-08-11T05:38:55.314" />
  <attribute name="elasticGC enabled" value="1" />
  <attribute name= "numThreadsSpecified" value="16" />
  <attribute name="heapSize specified" value="0" />
  <attribute name="Current GC Util" value="213" />
  <attribute name= "Current Time Running" value="117188" />
  <attribute name ="GC Interval" value="0" />
  <attribute name="ProportionalT" value="66.500000" />
  <attribute name="ProportionalI" value="66.500000" />
  <attribute name="ProportionalH" value="66.500000" />
  <attribute name="Current Error" value="133.000000" />
  <attribute name="IntegralT" value="66.500000" />
  <attribute name="IntegralI" value="66.500000" />
  <attribute name="IntegralH" value="66.500000" />
  <attribute name="DerivativeT" value="133.000000" />
  <attribute name="DerivativeI" value="133.000000" />
  <attribute name="DerivativeH" value="133.000000" />
  <attribute name="Loop Time for DT" value="1.000000" />
  <attribute name="Output H" value="8388608"/>
  <attribute name="Output I" value="272"/>
  <attribute name="Output T" value="16"/>
  <attribute name="Target GC Util Change" value ="80.000000" />
  <attribute name="Current GC Util Change" value="213.000000"/>
  <attribute name="GC Util currently" value="213" />
  <attribute name="CPU Util currently" value="708701195770" />
<exclusive-end id="1154" timestamp="2019-08-11T05:38:55.314" durationms="13.251" />

<exclusive-start id="1155" timestamp="2019-08-11T05:38:55.365" intervalms="63.511">
  <response-info timems="0.047" idlems="0.047" threads="0" lastid="000000000239EF00" lastname="main" />
</exclusive-start>
<allocation-taxation id="1156" taxation-threshold="41943040" timestamp="2019-08-11T05:38:55.365" intervalms="63.502" />
<cycle-start id="1157" type="partial gc" contextid="0" timestamp="2019-08-11T05:38:55.365" intervalms="63.406" />
<gc-start id="1158" type="partial gc" contextid="1157" timestamp="2019-08-11T05:38:55.365">
  <mem-info id="1159" free="44040192" total="142606336" percent="30">
    <mem type="eden" free="0" total="41943040" percent="0" />
    <remembered-set count="41088" freebytes="5536768" totalbytes="5701120" percent="97" regionsoverflowed="0" regionsstable="0" regionsrebuilding="0"/>
  </mem-info>
</gc-start>
<allocation-stats totalBytes="41905304" >
  <allocated-bytes non-tlh="0" tlh="41905304" arrayletleaf="0"/>
  <largest-consumer threadName="main" threadId="000000000239EF00" bytes="41905304" />
</allocation-stats>
<gc-op id="1160" type="copy forward" timems="9.393" contextid="1157" timestamp="2019-08-11T05:38:55.375">
  <memory-copied type="eden" objects="6" bytes="288" bytesdiscarded="0" />
  <memory-copied type="other" objects="23" bytes="968" bytesdiscarded="320" />
  <memory-cardclean objects="49" bytes="1904" />
  <regions eden="20" other="1" />
  <remembered-set-cleared processed="35136" cleared="35" durationms="0.349" />
  <stringconstants candidates="13771" cleared="0"  />
</gc-op>
<gc-op id="1161" type="classunload" timems="0.011" contextid="1157" timestamp="2019-08-11T05:38:55.375">
  <classunload-info classloadercandidates="55" classloadersunloaded="0" classesunloaded="0" anonymousclassesunloaded="0" quiescems="0.000" setupms="0.011" scanms="0.000" postms="0.000" />
</gc-op>
<heap-resize id="1162" type="expand" space="default" amount="4194304" count="1" timems="0.054" reason="excessive time being spent in gc" timestamp="2019-08-11T05:38:55.375" />
<gc-end id="1163" type="partial gc" contextid="1157" durationms="10.419" usertimems="29.799" systemtimems="0.000" timestamp="2019-08-11T05:38:55.375" activeThreads="16">
  <mem-info id="1164" free="88080384" total="146800640" percent="60">
    <mem type="eden" free="2096864" total="2097152" percent="99" />
    <remembered-set count="41568" freebytes="5702528" totalbytes="5868800" percent="97" regionsoverflowed="0" regionsstable="0" regionsrebuilding="0"/>
  </mem-info>
</gc-end>
<cycle-end id="1165" type="partial gc" contextid="1157" timestamp="2019-08-11T05:38:55.375" />
  <attribute name="elasticGC enabled" value="1" />
  <attribute name= "numThreadsSpecified" value="16" />
  <attribute name="heapSize specified" value="0" />
  <attribute name="Current GC Util" value="166" />
  <attribute name= "Current Time Running" value="117251" />
  <attribute name ="GC Interval" value="0" />
  <attribute name="ProportionalT" value="43.000000" />
  <attribute name="ProportionalI" value="43.000000" />
  <attribute name="ProportionalH" value="43.000000" />
  <attribute name="Current Error" value="86.000000" />
  <attribute name="IntegralT" value="43.000000" />
  <attribute name="IntegralI" value="43.000000" />
  <attribute name="IntegralH" value="43.000000" />
  <attribute name="DerivativeT" value="86.000000" />
  <attribute name="DerivativeI" value="86.000000" />
  <attribute name="DerivativeH" value="86.000000" />
  <attribute name="Loop Time for DT" value="1.000000" />
  <attribute name="Output H" value="8388608"/>
  <attribute name="Output I" value="200"/>
  <attribute name="Output T" value="16"/>
  <attribute name="Target GC Util Change" value ="80.000000" />
  <attribute name="Current GC Util Change" value="166.000000"/>
  <attribute name="GC Util currently" value="166" />
  <attribute name="CPU Util currently" value="2416605671116" />
<exclusive-end id="1166" timestamp="2019-08-11T05:38:55.376" durationms="11.011" />

<exclusive-start id="1167" timestamp="2019-08-11T05:38:55.420" intervalms="55.204">
  <response-info timems="0.075" idlems="0.075" threads="0" lastid="000000000239EF00" lastname="main" />
</exclusive-start>
<allocation-taxation id="1168" taxation-threshold="44040192" timestamp="2019-08-11T05:38:55.420" intervalms="55.198" />
<cycle-start id="1169" type="partial gc" contextid="0" timestamp="2019-08-11T05:38:55.420" intervalms="55.257" />
<gc-start id="1170" type="partial gc" contextid="1169" timestamp="2019-08-11T05:38:55.420">
  <mem-info id="1171" free="44040192" total="146800640" percent="30">
    <mem type="eden" free="2096864" total="46137344" percent="4" />
    <remembered-set count="41088" freebytes="5704448" totalbytes="5868800" percent="97" regionsoverflowed="0" regionsstable="0" regionsrebuilding="0"/>
  </mem-info>
</gc-start>
<allocation-stats totalBytes="44000680" >
  <allocated-bytes non-tlh="0" tlh="44000680" arrayletleaf="0"/>
  <largest-consumer threadName="main" threadId="000000000239EF00" bytes="44000680" />
</allocation-stats>
<gc-op id="1172" type="copy forward" timems="8.685" contextid="1169" timestamp="2019-08-11T05:38:55.430">
  <memory-copied type="eden" objects="6" bytes="328" bytesdiscarded="0" />
  <memory-copied type="other" objects="0" bytes="0" bytesdiscarded="0" />
  <memory-cardclean objects="16" bytes="520" />
  <regions eden="21" other="1" />
  <remembered-set-cleared processed="35140" cleared="9" durationms="0.358" />
  <stringconstants candidates="13771" cleared="0"  />
</gc-op>
<gc-op id="1173" type="classunload" timems="0.009" contextid="1169" timestamp="2019-08-11T05:38:55.430">
  <classunload-info classloadercandidates="55" classloadersunloaded="0" classesunloaded="0" anonymousclassesunloaded="0" quiescems="0.000" setupms="0.009" scanms="0.000" postms="0.000" />
</gc-op>
<gc-end id="1174" type="partial gc" contextid="1169" durationms="10.287" usertimems="24.795" systemtimems="0.000" timestamp="2019-08-11T05:38:55.430" activeThreads="16">
  <mem-info id="1175" free="88080384" total="146800640" percent="60">
    <mem type="eden" free="2096824" total="2097152" percent="99" />
    <remembered-set count="40256" freebytes="5707776" totalbytes="5868800" percent="97" regionsoverflowed="0" regionsstable="0" regionsrebuilding="0"/>
  </mem-info>
</gc-end>
<cycle-end id="1176" type="partial gc" contextid="1169" timestamp="2019-08-11T05:38:55.431" />
  <attribute name="elasticGC enabled" value="1" />
  <attribute name= "numThreadsSpecified" value="16" />
  <attribute name="heapSize specified" value="0" />
  <attribute name="Current GC Util" value="280" />
  <attribute name= "Current Time Running" value="117306" />
  <attribute name ="GC Interval" value="0" />
  <attribute name="ProportionalT" value="100.000000" />
  <attribute name="ProportionalI" value="100.000000" />
  <attribute name="ProportionalH" value="100.000000" />
  <attribute name="Current Error" value="200.000000" />
  <attribute name="IntegralT" value="100.000000" />
  <attribute name="IntegralI" value="100.000000" />
  <attribute name="IntegralH" value="100.000000" />
  <attribute name="DerivativeT" value="200.000000" />
  <attribute name="DerivativeI" value="200.000000" />
  <attribute name="DerivativeH" value="200.000000" />
  <attribute name="Loop Time for DT" value="1.000000" />
  <attribute name="Output H" value="8388608"/>
  <attribute name="Output I" value="400"/>
  <attribute name="Output T" value="16"/>
  <attribute name="Target GC Util Change" value ="80.000000" />
  <attribute name="Current GC Util Change" value="280.000000"/>
  <attribute name="GC Util currently" value="280" />
  <attribute name="CPU Util currently" value="1042007119426" />
<exclusive-end id="1177" timestamp="2019-08-11T05:38:55.431" durationms="10.943" />

<exclusive-start id="1178" timestamp="2019-08-11T05:38:55.605" intervalms="184.956">
  <response-info timems="0.040" idlems="0.040" threads="0" lastid="000000000239EF00" lastname="main" />
</exclusive-start>
<allocation-taxation id="1179" taxation-threshold="44040192" timestamp="2019-08-11T05:38:55.605" intervalms="184.957" />
<cycle-start id="1180" type="partial gc" contextid="0" timestamp="2019-08-11T05:38:55.605" intervalms="184.917" />
<gc-start id="1181" type="partial gc" contextid="1180" timestamp="2019-08-11T05:38:55.605">
  <mem-info id="1182" free="44040192" total="146800640" percent="30">
    <mem type="eden" free="2096824" total="46137344" percent="4" />
    <remembered-set count="40256" freebytes="5707776" totalbytes="5868800" percent="97" regionsoverflowed="0" regionsstable="0" regionsrebuilding="0"/>
  </mem-info>
</gc-start>
<allocation-stats totalBytes="44029160" >
  <allocated-bytes non-tlh="0" tlh="44029160" arrayletleaf="0"/>
  <largest-consumer threadName="main" threadId="000000000239EF00" bytes="44029160" />
</allocation-stats>
<gc-op id="1183" type="copy forward" timems="7.907" contextid="1180" timestamp="2019-08-11T05:38:55.614">
  <memory-copied type="eden" objects="44" bytes="1928" bytesdiscarded="584" />
  <memory-copied type="other" objects="0" bytes="0" bytesdiscarded="0" />
  <memory-cardclean objects="90" bytes="3040" />
  <regions eden="21" other="1" />
  <remembered-set-cleared processed="35139" cleared="34" durationms="0.283" />
  <stringconstants candidates="13771" cleared="0"  />
</gc-op>
<gc-op id="1184" type="classunload" timems="0.009" contextid="1180" timestamp="2019-08-11T05:38:55.614">
  <classunload-info classloadercandidates="55" classloadersunloaded="0" classesunloaded="0" anonymousclassesunloaded="0" quiescems="0.000" setupms="0.009" scanms="0.000" postms="0.000" />
</gc-op>
<gc-end id="1185" type="partial gc" contextid="1180" durationms="8.976" usertimems="25.532" systemtimems="0.000" timestamp="2019-08-11T05:38:55.614" activeThreads="16">
  <mem-info id="1186" free="88080384" total="146800640" percent="60">
    <mem type="eden" free="2094640" total="2097152" percent="99" />
    <remembered-set count="42112" freebytes="5700352" totalbytes="5868800" percent="97" regionsoverflowed="0" regionsstable="0" regionsrebuilding="0"/>
  </mem-info>
</gc-end>
<cycle-end id="1187" type="partial gc" contextid="1180" timestamp="2019-08-11T05:38:55.614" />
  <attribute name="elasticGC enabled" value="1" />
  <attribute name= "numThreadsSpecified" value="16" />
  <attribute name="heapSize specified" value="0" />
  <attribute name="Current GC Util" value="159" />
  <attribute name= "Current Time Running" value="117491" />
  <attribute name ="GC Interval" value="0" />
  <attribute name="ProportionalT" value="39.500000" />
  <attribute name="ProportionalI" value="39.500000" />
  <attribute name="ProportionalH" value="39.500000" />
  <attribute name="Current Error" value="79.000000" />
  <attribute name="IntegralT" value="39.500000" />
  <attribute name="IntegralI" value="39.500000" />
  <attribute name="IntegralH" value="39.500000" />
  <attribute name="DerivativeT" value="79.000000" />
  <attribute name="DerivativeI" value="79.000000" />
  <attribute name="DerivativeH" value="79.000000" />
  <attribute name="Loop Time for DT" value="1.000000" />
  <attribute name="Output H" value="8388608"/>
  <attribute name="Output I" value="200"/>
  <attribute name="Output T" value="16"/>
  <attribute name="Target GC Util Change" value ="80.000000" />
  <attribute name="Current GC Util Change" value="159.000000"/>
  <attribute name="GC Util currently" value="159" />
  <attribute name="CPU Util currently" value="1920949915542" />
<exclusive-end id="1188" timestamp="2019-08-11T05:38:55.614" durationms="9.657" />

<exclusive-start id="1189" timestamp="2019-08-11T05:38:56.621" intervalms="1016.207">
  <response-info timems="0.035" idlems="0.035" threads="0" lastid="000000000239EF00" lastname="main" />
</exclusive-start>
<allocation-taxation id="1190" taxation-threshold="44040192" timestamp="2019-08-11T05:38:56.621" intervalms="1016.209" />
<cycle-start id="1191" type="partial gc" contextid="0" timestamp="2019-08-11T05:38:56.621" intervalms="1016.198" />
<gc-start id="1192" type="partial gc" contextid="1191" timestamp="2019-08-11T05:38:56.621">
  <mem-info id="1193" free="44040192" total="146800640" percent="30">
    <mem type="eden" free="0" total="44040192" percent="0" />
    <remembered-set count="40992" freebytes="5704832" totalbytes="5868800" percent="97" regionsoverflowed="0" regionsstable="1" regionsrebuilding="0"/>
  </mem-info>
</gc-start>
<allocation-stats totalBytes="44030784" >
  <allocated-bytes non-tlh="0" tlh="44030784" arrayletleaf="0"/>
  <largest-consumer threadName="main" threadId="000000000239EF00" bytes="44030784" />
</allocation-stats>
<gc-op id="1194" type="copy forward" timems="7.255" contextid="1191" timestamp="2019-08-11T05:38:56.630">
  <memory-copied type="eden" objects="35" bytes="1120" bytesdiscarded="0" />
  <memory-copied type="other" objects="12" bytes="568" bytesdiscarded="312" />
  <memory-cardclean objects="100" bytes="3512" />
  <regions eden="21" other="1" />
  <remembered-set-cleared processed="34602" cleared="34" durationms="0.363" />
  <stringconstants candidates="13771" cleared="0"  />
</gc-op>
<gc-op id="1195" type="classunload" timems="0.009" contextid="1191" timestamp="2019-08-11T05:38:56.630">
  <classunload-info classloadercandidates="55" classloadersunloaded="0" classesunloaded="0" anonymousclassesunloaded="0" quiescems="0.000" setupms="0.008" scanms="0.000" postms="0.000" />
</gc-op>
<heap-resize id="1196" type="contract" space="default" amount="8388608" count="1" timems="0.186" reason="insufficient time being spent in gc" timestamp="2019-08-11T05:38:56.630" />
<gc-end id="1197" type="partial gc" contextid="1191" durationms="8.585" usertimems="19.517" systemtimems="0.000" timestamp="2019-08-11T05:38:56.630" activeThreads="16">
  <mem-info id="1198" free="77594624" total="138412032" percent="56">
    <mem type="eden" free="2096032" total="2097152" percent="99" />
    <remembered-set count="40992" freebytes="5704832" totalbytes="5868800" percent="97" regionsoverflowed="0" regionsstable="1" regionsrebuilding="0"/>
  </mem-info>
</gc-end>
<cycle-end id="1199" type="partial gc" contextid="1191" timestamp="2019-08-11T05:38:56.630" />
  <attribute name="elasticGC enabled" value="1" />
  <attribute name= "numThreadsSpecified" value="16" />
  <attribute name="heapSize specified" value="0" />
  <attribute name="Current GC Util" value="127" />
  <attribute name= "Current Time Running" value="118507" />
  <attribute name ="GC Interval" value="0" />
  <attribute name="ProportionalT" value="23.500000" />
  <attribute name="ProportionalI" value="23.500000" />
  <attribute name="ProportionalH" value="23.500000" />
  <attribute name="Current Error" value="47.000000" />
  <attribute name="IntegralT" value="23.500000" />
  <attribute name="IntegralI" value="23.500000" />
  <attribute name="IntegralH" value="23.500000" />
  <attribute name="DerivativeT" value="47.000000" />
  <attribute name="DerivativeI" value="47.000000" />
  <attribute name="DerivativeH" value="47.000000" />
  <attribute name="Loop Time for DT" value="1.000000" />
  <attribute name="Output H" value="8388608"/>
  <attribute name="Output I" value="200"/>
  <attribute name="Output T" value="16"/>
  <attribute name="Target GC Util Change" value ="80.000000" />
  <attribute name="Current GC Util Change" value="127.000000"/>
  <attribute name="GC Util currently" value="127" />
  <attribute name="CPU Util currently" value="1784608726112" />
<exclusive-end id="1200" timestamp="2019-08-11T05:38:56.630" durationms="9.242" />

<exclusive-start id="1201" timestamp="2019-08-11T05:38:57.284" intervalms="663.232">
  <response-info timems="0.021" idlems="0.021" threads="0" lastid="000000000239EF00" lastname="main" />
</exclusive-start>
<allocation-taxation id="1202" taxation-threshold="41943040" timestamp="2019-08-11T05:38:57.284" intervalms="663.228" />
<cycle-start id="1203" type="partial gc" contextid="0" timestamp="2019-08-11T05:38:57.284" intervalms="663.212" />
<gc-start id="1204" type="partial gc" contextid="1203" timestamp="2019-08-11T05:38:57.284">
  <mem-info id="1205" free="35651584" total="138412032" percent="25">
    <mem type="eden" free="2096032" total="44040192" percent="4" />
    <remembered-set count="40032" freebytes="5708672" totalbytes="5868800" percent="97" regionsoverflowed="0" regionsstable="2" regionsrebuilding="0"/>
  </mem-info>
</gc-start>
<allocation-stats totalBytes="39425080" >
  <allocated-bytes non-tlh="0" tlh="39425080" arrayletleaf="0"/>
  <largest-consumer threadName="main" threadId="000000000239EF00" bytes="39425080" />
</allocation-stats>
<gc-op id="1206" type="copy forward" timems="9.698" contextid="1203" timestamp="2019-08-11T05:38:57.296">
  <memory-copied type="eden" objects="59" bytes="39480" bytesdiscarded="0" />
  <memory-copied type="other" objects="14" bytes="320" bytesdiscarded="0" />
  <memory-cardclean objects="116" bytes="4416" />
  <regions eden="20" other="1" />
  <remembered-set-cleared processed="34217" cleared="30" durationms="0.289" />
  <stringconstants candidates="13771" cleared="0"  />
</gc-op>
<gc-op id="1207" type="classunload" timems="0.009" contextid="1203" timestamp="2019-08-11T05:38:57.296">
  <classunload-info classloadercandidates="55" classloadersunloaded="0" classesunloaded="0" anonymousclassesunloaded="0" quiescems="0.000" setupms="0.007" scanms="0.000" postms="0.000" />
</gc-op>
<heap-resize id="1208" type="contract" space="default" amount="8388608" count="1" timems="0.114" reason="insufficient time being spent in gc" timestamp="2019-08-11T05:38:57.296" />
<gc-end id="1209" type="partial gc" contextid="1203" durationms="11.420" usertimems="26.385" systemtimems="0.000" timestamp="2019-08-11T05:38:57.296" activeThreads="16">
  <mem-info id="1210" free="67108864" total="130023424" percent="51">
    <mem type="eden" free="4154504" total="4194304" percent="99" />
    <remembered-set count="39488" freebytes="5375488" totalbytes="5533440" percent="97" regionsoverflowed="0" regionsstable="2" regionsrebuilding="0"/>
  </mem-info>
</gc-end>
<cycle-end id="1211" type="partial gc" contextid="1203" timestamp="2019-08-11T05:38:57.296" />
  <attribute name="elasticGC enabled" value="1" />
  <attribute name= "numThreadsSpecified" value="16" />
  <attribute name="heapSize specified" value="0" />
  <attribute name="Current GC Util" value="69" />
  <attribute name= "Current Time Running" value="119171" />
  <attribute name ="GC Interval" value="0" />
  <attribute name="ProportionalT" value="-5.500000" />
  <attribute name="ProportionalI" value="-5.500000" />
  <attribute name="ProportionalH" value="-5.500000" />
  <attribute name="Current Error" value="-11.000000" />
  <attribute name="IntegralT" value="-5.500000" />
  <attribute name="IntegralI" value="-5.500000" />
  <attribute name="IntegralH" value="-5.500000" />
  <attribute name="DerivativeT" value="-11.000000" />
  <attribute name="DerivativeI" value="-11.000000" />
  <attribute name="DerivativeH" value="-11.000000" />
  <attribute name="Loop Time for DT" value="1.000000" />
  <attribute name="Output H" value="4202627072"/>
  <attribute name="Output I" value="200"/>
  <attribute name="Output T" value="16"/>
  <attribute name="Target GC Util Change" value ="80.000000" />
  <attribute name="Current GC Util Change" value="69.000000"/>
  <attribute name="GC Util currently" value="69" />
  <attribute name="CPU Util currently" value="1110929460194" />
<exclusive-end id="1212" timestamp="2019-08-11T05:38:57.296" durationms="11.970" />

<exclusive-start id="1213" timestamp="2019-08-11T05:38:57.449" intervalms="164.992">
  <response-info timems="0.150" idlems="0.150" threads="0" lastid="000000000239EF00" lastname="main" />
</exclusive-start>
<allocation-taxation id="1214" taxation-threshold="39845888" timestamp="2019-08-11T05:38:57.449" intervalms="164.991" />
<cycle-start id="1215" type="partial gc" contextid="0" timestamp="2019-08-11T05:38:57.449" intervalms="165.030" />
<gc-start id="1216" type="partial gc" contextid="1215" timestamp="2019-08-11T05:38:57.450">
  <mem-info id="1217" free="27262976" total="130023424" percent="20">
    <mem type="eden" free="0" total="39845888" percent="0" />
    <remembered-set count="39104" freebytes="5377024" totalbytes="5533440" percent="97" regionsoverflowed="0" regionsstable="2" regionsrebuilding="0"/>
  </mem-info>
</gc-start>
<allocation-stats totalBytes="39841776" >
  <allocated-bytes non-tlh="0" tlh="39841776" arrayletleaf="0"/>
  <largest-consumer threadName="main" threadId="000000000239EF00" bytes="39841776" />
</allocation-stats>
<gc-op id="1218" type="copy forward" timems="8.612" contextid="1215" timestamp="2019-08-11T05:38:57.459">
  <memory-copied type="eden" objects="133" bytes="7384" bytesdiscarded="0" />
  <memory-copied type="other" objects="28" bytes="640" bytesdiscarded="0" />
  <memory-cardclean objects="59" bytes="2032" />
  <regions eden="19" other="1" />
  <remembered-set-cleared processed="34248" cleared="29" durationms="0.921" />
  <stringconstants candidates="13771" cleared="0"  />
</gc-op>
<gc-op id="1219" type="classunload" timems="0.011" contextid="1215" timestamp="2019-08-11T05:38:57.459">
  <classunload-info classloadercandidates="55" classloadersunloaded="0" classesunloaded="0" anonymousclassesunloaded="0" quiescems="0.000" setupms="0.011" scanms="0.000" postms="0.000" />
</gc-op>
<heap-resize id="1220" type="contract" space="default" amount="8388608" count="1" timems="0.377" reason="insufficient time being spent in gc" timestamp="2019-08-11T05:38:57.460" />
<gc-end id="1221" type="partial gc" contextid="1215" durationms="10.681" usertimems="30.971" systemtimems="0.000" timestamp="2019-08-11T05:38:57.460" activeThreads="16">
  <mem-info id="1222" free="56623104" total="121634816" percent="46">
    <mem type="eden" free="2089768" total="2097152" percent="99" />
    <remembered-set count="40096" freebytes="5037696" totalbytes="5198080" percent="96" regionsoverflowed="0" regionsstable="2" regionsrebuilding="0"/>
  </mem-info>
</gc-end>
<cycle-end id="1223" type="partial gc" contextid="1215" timestamp="2019-08-11T05:38:57.460" />
  <attribute name="elasticGC enabled" value="1" />
  <attribute name= "numThreadsSpecified" value="16" />
  <attribute name="heapSize specified" value="0" />
  <attribute name="Current GC Util" value="87" />
  <attribute name= "Current Time Running" value="119336" />
  <attribute name ="GC Interval" value="0" />
  <attribute name="ProportionalT" value="3.500000" />
  <attribute name="ProportionalI" value="3.500000" />
  <attribute name="ProportionalH" value="3.500000" />
  <attribute name="Current Error" value="7.000000" />
  <attribute name="IntegralT" value="3.500000" />
  <attribute name="IntegralI" value="3.500000" />
  <attribute name="IntegralH" value="3.500000" />
  <attribute name="DerivativeT" value="7.000000" />
  <attribute name="DerivativeI" value="7.000000" />
  <attribute name="DerivativeH" value="7.000000" />
  <attribute name="Loop Time for DT" value="1.000000" />
  <attribute name="Output H" value="8388608"/>
  <attribute name="Output I" value="200"/>
  <attribute name="Output T" value="16"/>
  <attribute name="Target GC Util Change" value ="80.000000" />
  <attribute name="Current GC Util Change" value="87.000000"/>
  <attribute name="GC Util currently" value="87" />
  <attribute name="CPU Util currently" value="1282146460116" />
<exclusive-end id="1224" timestamp="2019-08-11T05:38:57.461" durationms="11.457" />

<exclusive-start id="1225" timestamp="2019-08-11T05:38:58.411" intervalms="962.211">
  <response-info timems="0.071" idlems="0.071" threads="0" lastid="000000000239EF00" lastname="main" />
</exclusive-start>
<allocation-taxation id="1226" taxation-threshold="37748736" timestamp="2019-08-11T05:38:58.411" intervalms="962.219" />
<cycle-start id="1227" type="partial gc" contextid="0" timestamp="2019-08-11T05:38:58.411" intervalms="962.182" />
<gc-start id="1228" type="partial gc" contextid="1227" timestamp="2019-08-11T05:38:58.412">
  <mem-info id="1229" free="18874368" total="121634816" percent="15">
    <mem type="eden" free="0" total="37748736" percent="0" />
    <remembered-set count="40096" freebytes="5037696" totalbytes="5198080" percent="96" regionsoverflowed="0" regionsstable="2" regionsrebuilding="0"/>
  </mem-info>
</gc-start>
<allocation-stats totalBytes="37744040" >
  <allocated-bytes non-tlh="0" tlh="37744040" arrayletleaf="0"/>
  <largest-consumer threadName="main" threadId="000000000239EF00" bytes="37744040" />
</allocation-stats>
<gc-op id="1230" type="copy forward" timems="10.677" contextid="1227" timestamp="2019-08-11T05:38:58.424">
  <memory-copied type="eden" objects="46" bytes="1488" bytesdiscarded="288" />
  <memory-copied type="other" objects="7" bytes="160" bytesdiscarded="0" />
  <memory-cardclean objects="500" bytes="15376" />
  <regions eden="18" other="1" />
  <remembered-set-cleared processed="34220" cleared="72" durationms="0.235" />
  <stringconstants candidates="13771" cleared="0"  />
</gc-op>
<gc-op id="1231" type="classunload" timems="0.010" contextid="1227" timestamp="2019-08-11T05:38:58.424">
  <classunload-info classloadercandidates="55" classloadersunloaded="0" classesunloaded="0" anonymousclassesunloaded="0" quiescems="0.000" setupms="0.010" scanms="0.000" postms="0.000" />
</gc-op>
<heap-resize id="1232" type="contract" space="default" amount="6291456" count="1" timems="0.344" reason="insufficient time being spent in gc" timestamp="2019-08-11T05:38:58.425" />
<gc-end id="1233" type="partial gc" contextid="1227" durationms="12.972" usertimems="27.833" systemtimems="0.000" timestamp="2019-08-11T05:38:58.425" activeThreads="16">
  <mem-info id="1234" free="48234496" total="115343360" percent="41">
    <mem type="eden" free="2095376" total="2097152" percent="99" />
    <remembered-set count="40960" freebytes="4698880" totalbytes="4862720" percent="96" regionsoverflowed="0" regionsstable="2" regionsrebuilding="0"/>
  </mem-info>
</gc-end>
<cycle-end id="1235" type="partial gc" contextid="1227" timestamp="2019-08-11T05:38:58.425" />
  <attribute name="elasticGC enabled" value="1" />
  <attribute name= "numThreadsSpecified" value="16" />
  <attribute name="heapSize specified" value="0" />
  <attribute name="Current GC Util" value="55" />
  <attribute name= "Current Time Running" value="120298" />
  <attribute name ="GC Interval" value="0" />
  <attribute name="ProportionalT" value="-12.500000" />
  <attribute name="ProportionalI" value="-12.500000" />
  <attribute name="ProportionalH" value="-12.500000" />
  <attribute name="Current Error" value="-25.000000" />
  <attribute name="IntegralT" value="-12.500000" />
  <attribute name="IntegralI" value="-12.500000" />
  <attribute name="IntegralH" value="-12.500000" />
  <attribute name="DerivativeT" value="-25.000000" />
  <attribute name="DerivativeI" value="-25.000000" />
  <attribute name="DerivativeH" value="-25.000000" />
  <attribute name="Loop Time for DT" value="1.000000" />
  <attribute name="Output H" value="4202627072"/>
  <attribute name="Output I" value="200"/>
  <attribute name="Output T" value="16"/>
  <attribute name="Target GC Util Change" value ="80.000000" />
  <attribute name="Current GC Util Change" value="55.000000"/>
  <attribute name="GC Util currently" value="55" />
  <attribute name="CPU Util currently" value="888268192484" />
<exclusive-end id="1236" timestamp="2019-08-11T05:38:58.425" durationms="13.840" />

<exclusive-start id="1237" timestamp="2019-08-11T05:38:58.520" intervalms="108.791">
  <response-info timems="0.060" idlems="0.060" threads="0" lastid="000000000239EF00" lastname="main" />
</exclusive-start>
<allocation-taxation id="1238" taxation-threshold="16777216" timestamp="2019-08-11T05:38:58.520" intervalms="108.799" />
<cycle-start id="1239" type="global mark phase" contextid="0" timestamp="2019-08-11T05:38:58.520" intervalms="7973.914" />
<gc-start id="1240" type="global mark phase" contextid="1239" timestamp="2019-08-11T05:38:58.520">
  <mem-info id="1241" free="31457280" total="115343360" percent="27">
    <remembered-set count="40512" freebytes="4700672" totalbytes="4862720" percent="96" regionsoverflowed="0" regionsstable="2" regionsrebuilding="0"/>
  </mem-info>
</gc-start>
<gc-op id="1242" type="mark increment" timems="2.326" contextid="1239" timestamp="2019-08-11T05:38:58.523">
  <trace-info objectcount="207" scancount="0" scanbytes="0" />
</gc-op>
<gc-end id="1243" type="global mark phase" contextid="1239" durationms="2.379" usertimems="9.080" systemtimems="0.000" timestamp="2019-08-11T05:38:58.523" activeThreads="16">
  <mem-info id="1244" free="31457280" total="115343360" percent="27">
    <remembered-set count="40512" freebytes="4700672" totalbytes="4862720" percent="96" regionsoverflowed="0" regionsstable="0" regionsrebuilding="2"/>
  </mem-info>
</gc-end>
<concurrent-start id="1245" type="GMP work packet processing" contextid="1239" timestamp="2019-08-11T05:38:58.523">
  <concurrent-mark-start scanTarget="10265131" />
</concurrent-start>
<exclusive-end id="1246" timestamp="2019-08-11T05:38:58.523" durationms="2.783" />

<concurrent-end id="1247" type="GMP work packet processing" contextid="1239" timestamp="2019-08-11T05:38:58.532">
  <concurrent-mark-end bytesScanned="10523968" reasonForTermination="Work target met" />
</concurrent-end>

<exclusive-start id="1248" timestamp="2019-08-11T05:38:58.693" intervalms="173.026">
  <response-info timems="0.073" idlems="0.073" threads="0" lastid="000000000239EF00" lastname="main" />
</exclusive-start>
<allocation-taxation id="1249" taxation-threshold="16777216" timestamp="2019-08-11T05:38:58.693" intervalms="173.026" />
<cycle-start id="1250" type="partial gc" contextid="0" timestamp="2019-08-11T05:38:58.693" intervalms="281.843" />
<gc-start id="1251" type="partial gc" contextid="1250" timestamp="2019-08-11T05:38:58.694">
  <mem-info id="1252" free="14680064" total="115343360" percent="12">
    <mem type="eden" free="0" total="33554432" percent="0" />
    <remembered-set count="45664" freebytes="4680064" totalbytes="4862720" percent="96" regionsoverflowed="0" regionsstable="0" regionsrebuilding="2"/>
  </mem-info>
</gc-start>
<allocation-stats totalBytes="33548864" >
  <allocated-bytes non-tlh="32" tlh="33548832" arrayletleaf="0"/>
  <largest-consumer threadName="main" threadId="000000000239EF00" bytes="16773944" />
</allocation-stats>
<gc-op id="1253" type="copy forward" timems="10.026" contextid="1250" timestamp="2019-08-11T05:38:58.706">
  <memory-copied type="eden" objects="46" bytes="1456" bytesdiscarded="0" />
  <memory-copied type="other" objects="32" bytes="960" bytesdiscarded="288" />
  <memory-cardclean objects="35862" bytes="1573040" />
  <regions eden="16" other="1" />
  <remembered-set-cleared processed="32128" cleared="3097" durationms="0.467" />
  <stringconstants candidates="13772" cleared="0"  />
</gc-op>
<gc-op id="1254" type="classunload" timems="0.010" contextid="1250" timestamp="2019-08-11T05:38:58.706">
  <classunload-info classloadercandidates="55" classloadersunloaded="0" classesunloaded="0" anonymousclassesunloaded="0" quiescems="0.000" setupms="0.010" scanms="0.000" postms="0.000" />
</gc-op>
<heap-resize id="1255" type="contract" space="default" amount="6291456" count="1" timems="0.317" reason="insufficient time being spent in gc" timestamp="2019-08-11T05:38:58.707" />
<gc-end id="1256" type="partial gc" contextid="1250" durationms="13.348" usertimems="43.703" systemtimems="0.000" timestamp="2019-08-11T05:38:58.707" activeThreads="16">
  <mem-info id="1257" free="39845888" total="109051904" percent="36">
    <mem type="eden" free="2095696" total="2097152" percent="99" />
    <remembered-set count="45024" freebytes="4431104" totalbytes="4611200" percent="96" regionsoverflowed="0" regionsstable="0" regionsrebuilding="2"/>
  </mem-info>
</gc-end>
<cycle-end id="1258" type="partial gc" contextid="1250" timestamp="2019-08-11T05:38:58.707" />
  <attribute name="elasticGC enabled" value="1" />
  <attribute name= "numThreadsSpecified" value="16" />
  <attribute name="heapSize specified" value="0" />
  <attribute name="Current GC Util" value="151" />
  <attribute name= "Current Time Running" value="120581" />
  <attribute name ="GC Interval" value="0" />
  <attribute name="ProportionalT" value="35.500000" />
  <attribute name="ProportionalI" value="35.500000" />
  <attribute name="ProportionalH" value="35.500000" />
  <attribute name="Current Error" value="71.000000" />
  <attribute name="IntegralT" value="71.000000" />
  <attribute name="IntegralI" value="71.000000" />
  <attribute name="IntegralH" value="71.000000" />
  <attribute name="DerivativeT" value="35.500000" />
  <attribute name="DerivativeI" value="35.500000" />
  <attribute name="DerivativeH" value="35.500000" />
  <attribute name="Loop Time for DT" value="2.000000" />
  <attribute name="Output H" value="8388608"/>
  <attribute name="Output I" value="200"/>
  <attribute name="Output T" value="16"/>
  <attribute name="Target GC Util Change" value ="80.000000" />
  <attribute name="Current GC Util Change" value="151.000000"/>
  <attribute name="GC Util currently" value="151" />
  <attribute name="CPU Util currently" value="490252530064" />
<exclusive-end id="1259" timestamp="2019-08-11T05:38:58.707" durationms="14.002" />

<exclusive-start id="1260" timestamp="2019-08-11T05:38:58.797" intervalms="103.444">
  <response-info timems="0.133" idlems="0.133" threads="0" lastid="000000000239EF00" lastname="main" />
</exclusive-start>
<allocation-taxation id="1261" taxation-threshold="16777216" timestamp="2019-08-11T05:38:58.797" intervalms="103.445" />
<gc-start id="1262" type="global mark phase" contextid="1239" timestamp="2019-08-11T05:38:58.797">
  <mem-info id="1263" free="23068672" total="109051904" percent="21">
    <remembered-set count="44640" freebytes="4432640" totalbytes="4611200" percent="96" regionsoverflowed="0" regionsstable="0" regionsrebuilding="2"/>
  </mem-info>
</gc-start>
<gc-end id="1264" type="global mark phase" contextid="1239" durationms="0.084" usertimems="0.018" systemtimems="0.000" timestamp="2019-08-11T05:38:58.797" activeThreads="16">
  <mem-info id="1265" free="23068672" total="109051904" percent="21">
    <remembered-set count="44640" freebytes="4432640" totalbytes="4611200" percent="96" regionsoverflowed="0" regionsstable="0" regionsrebuilding="2"/>
  </mem-info>
</gc-end>
<concurrent-start id="1266" type="GMP work packet processing" contextid="1239" timestamp="2019-08-11T05:38:58.797">
  <concurrent-mark-start scanTarget="10265131" />
</concurrent-start>
<exclusive-end id="1267" timestamp="2019-08-11T05:38:58.797" durationms="0.444" />

<concurrent-end id="1268" type="GMP work packet processing" contextid="1239" timestamp="2019-08-11T05:38:58.802">
  <concurrent-mark-end bytesScanned="3094940" reasonForTermination="Completed all work in GC phase" />
</concurrent-end>

<exclusive-start id="1269" timestamp="2019-08-11T05:38:59.035" intervalms="238.119">
  <response-info timems="0.148" idlems="0.148" threads="0" lastid="000000000239EF00" lastname="main" />
</exclusive-start>
<allocation-taxation id="1270" taxation-threshold="16777216" timestamp="2019-08-11T05:38:59.035" intervalms="238.211" />
<cycle-start id="1271" type="partial gc" contextid="0" timestamp="2019-08-11T05:38:59.035" intervalms="341.656" />
<gc-start id="1272" type="partial gc" contextid="1271" timestamp="2019-08-11T05:38:59.035">
  <mem-info id="1273" free="6291456" total="109051904" percent="5">
    <mem type="eden" free="0" total="33554432" percent="0" />
    <remembered-set count="45184" freebytes="4430464" totalbytes="4611200" percent="96" regionsoverflowed="0" regionsstable="0" regionsrebuilding="2"/>
  </mem-info>
</gc-start>
<allocation-stats totalBytes="33544744" >
  <allocated-bytes non-tlh="0" tlh="33544744" arrayletleaf="0"/>
  <largest-consumer threadName="main" threadId="000000000239EF00" bytes="16770936" />
</allocation-stats>
<gc-op id="1274" type="copy forward" timems="9.551" contextid="1271" timestamp="2019-08-11T05:38:59.046">
  <memory-copied type="eden" objects="28" bytes="1016" bytesdiscarded="0" />
  <memory-copied type="other" objects="9" bytes="192" bytesdiscarded="736" />
  <memory-cardclean objects="78" bytes="2808" />
  <regions eden="16" other="1" />
  <remembered-set-cleared processed="35090" cleared="33" durationms="0.648" />
  <stringconstants candidates="13772" cleared="0"  />
</gc-op>
<gc-op id="1275" type="classunload" timems="0.015" contextid="1271" timestamp="2019-08-11T05:38:59.046">
  <classunload-info classloadercandidates="55" classloadersunloaded="0" classesunloaded="0" anonymousclassesunloaded="0" quiescems="0.000" setupms="0.015" scanms="0.000" postms="0.000" />
</gc-op>
<gc-end id="1276" type="partial gc" contextid="1271" durationms="11.277" usertimems="47.023" systemtimems="0.000" timestamp="2019-08-11T05:38:59.047" activeThreads="16">
  <mem-info id="1277" free="37748736" total="109051904" percent="34">
    <mem type="eden" free="2096136" total="2097152" percent="99" />
    <remembered-set count="42400" freebytes="4190080" totalbytes="4359680" percent="96" regionsoverflowed="0" regionsstable="0" regionsrebuilding="2"/>
  </mem-info>
</gc-end>
<cycle-end id="1278" type="partial gc" contextid="1271" timestamp="2019-08-11T05:38:59.047" />
  <attribute name="elasticGC enabled" value="1" />
  <attribute name= "numThreadsSpecified" value="16" />
  <attribute name="heapSize specified" value="0" />
  <attribute name="Current GC Util" value="74" />
  <attribute name= "Current Time Running" value="120922" />
  <attribute name ="GC Interval" value="0" />
  <attribute name="ProportionalT" value="-3.000000" />
  <attribute name="ProportionalI" value="-3.000000" />
  <attribute name="ProportionalH" value="-3.000000" />
  <attribute name="Current Error" value="-6.000000" />
  <attribute name="IntegralT" value="-3.000000" />
  <attribute name="IntegralI" value="-3.000000" />
  <attribute name="IntegralH" value="-3.000000" />
  <attribute name="DerivativeT" value="-6.000000" />
  <attribute name="DerivativeI" value="-6.000000" />
  <attribute name="DerivativeH" value="-6.000000" />
  <attribute name="Loop Time for DT" value="1.000000" />
  <attribute name="Output H" value="4202627072"/>
  <attribute name="Output I" value="200"/>
  <attribute name="Output T" value="16"/>
  <attribute name="Target GC Util Change" value ="80.000000" />
  <attribute name="Current GC Util Change" value="74.000000"/>
  <attribute name="GC Util currently" value="74" />
  <attribute name="CPU Util currently" value="1104911952586" />
<exclusive-end id="1279" timestamp="2019-08-11T05:38:59.047" durationms="12.126" />

<exclusive-start id="1280" timestamp="2019-08-11T05:38:59.202" intervalms="166.990">
  <response-info timems="0.062" idlems="0.062" threads="0" lastid="000000000239EF00" lastname="main" />
</exclusive-start>
<allocation-taxation id="1281" taxation-threshold="16777216" timestamp="2019-08-11T05:38:59.202" intervalms="166.888" />
<gc-start id="1282" type="global mark phase" contextid="1239" timestamp="2019-08-11T05:38:59.202">
  <mem-info id="1283" free="20971520" total="109051904" percent="19">
    <remembered-set count="41984" freebytes="4191744" totalbytes="4359680" percent="96" regionsoverflowed="0" regionsstable="0" regionsrebuilding="2"/>
  </mem-info>
</gc-start>
<gc-op id="1284" type="mark increment" timems="8.335" contextid="1239" timestamp="2019-08-11T05:38:59.210">
  <trace-info objectcount="69" scancount="67" scanbytes="346696" />
  <cardclean-info objects="55504" bytes="1581224" />
  <finalization candidates="80" enqueued="0" />
  <ownableSynchronizers candidates="22" cleared="0" />
  <references type="soft" candidates="4855" cleared="126" enqueued="121" dynamicThreshold="11" maxThreshold="32" />
  <references type="weak" candidates="5593" cleared="11" enqueued="6" />
  <references type="phantom" candidates="98" cleared="1" enqueued="1" />
  <stringconstants candidates="13772" cleared="2"  />
</gc-op>
<gc-op id="1285" type="classunload" timems="1.695" contextid="1239" timestamp="2019-08-11T05:38:59.212">
  <classunload-info classloadercandidates="55" classloadersunloaded="1" classesunloaded="1" anonymousclassesunloaded="0" quiescems="0.926" setupms="0.746" scanms="0.943" postms="0.006" />
</gc-op>
<gc-end id="1286" type="global mark phase" contextid="1239" durationms="10.482" usertimems="30.706" systemtimems="0.000" timestamp="2019-08-11T05:38:59.212" activeThreads="16">
  <mem-info id="1287" free="20971520" total="109051904" percent="19">
    <pending-finalizers system="0" default="0" reference="128" classloader="0" />
    <remembered-set count="43520" freebytes="4185600" totalbytes="4359680" percent="96" regionsoverflowed="0" regionsstable="0" regionsrebuilding="0"/>
  </mem-info>
</gc-end>
<cycle-end id="1288" type="global mark phase" contextid="1239" timestamp="2019-08-11T05:38:59.212" />
  <attribute name="elasticGC enabled" value="1" />
  <attribute name= "numThreadsSpecified" value="16" />
  <attribute name="heapSize specified" value="0" />
  <attribute name="Current GC Util" value="180" />
  <attribute name= "Current Time Running" value="121090" />
  <attribute name ="GC Interval" value="0" />
  <attribute name="ProportionalT" value="50.000000" />
  <attribute name="ProportionalI" value="50.000000" />
  <attribute name="ProportionalH" value="50.000000" />
  <attribute name="Current Error" value="100.000000" />
  <attribute name="IntegralT" value="50.000000" />
  <attribute name="IntegralI" value="50.000000" />
  <attribute name="IntegralH" value="50.000000" />
  <attribute name="DerivativeT" value="-238.000000" />
  <attribute name="DerivativeI" value="-238.000000" />
  <attribute name="DerivativeH" value="-238.000000" />
  <attribute name="Loop Time for DT" value="1.000000" />
  <attribute name="Output H" value="4202627072"/>
  <attribute name="Output I" value="200"/>
  <attribute name="Output T" value="16"/>
  <attribute name="Target GC Util Change" value ="80.000000" />
  <attribute name="Current GC Util Change" value="180.000000"/>
  <attribute name="GC Util currently" value="180" />
  <attribute name="CPU Util currently" value="1116953349843" />
<exclusive-end id="1289" timestamp="2019-08-11T05:38:59.213" durationms="11.090" />

<exclusive-start id="1290" timestamp="2019-08-11T05:38:59.460" intervalms="258.013">
  <response-info timems="0.139" idlems="0.139" threads="0" lastid="000000000239EF00" lastname="main" />
</exclusive-start>
<allocation-taxation id="1291" taxation-threshold="16777216" timestamp="2019-08-11T05:38:59.460" intervalms="258.109" />
<cycle-start id="1292" type="partial gc" contextid="0" timestamp="2019-08-11T05:38:59.460" intervalms="424.994" />
<gc-start id="1293" type="partial gc" contextid="1292" timestamp="2019-08-11T05:38:59.460">
  <mem-info id="1294" free="4194304" total="109051904" percent="3">
    <mem type="eden" free="0" total="33554432" percent="0" />
    <remembered-set count="40928" freebytes="4195968" totalbytes="4359680" percent="96" regionsoverflowed="0" regionsstable="2" regionsrebuilding="0"/>
  </mem-info>
</gc-start>
<allocation-stats totalBytes="33541936" >
  <allocated-bytes non-tlh="0" tlh="33541936" arrayletleaf="0"/>
  <largest-consumer threadName="main" threadId="000000000239EF00" bytes="16767096" />
</allocation-stats>
<gc-op id="1295" type="sweep" timems="7.833" contextid="1292" timestamp="2019-08-11T05:38:59.468" />
<gc-op id="1296" type="copy forward" timems="4.366" contextid="1292" timestamp="2019-08-11T05:38:59.474">
  <memory-copied type="eden" objects="32" bytes="1952" bytesdiscarded="0" />
  <memory-copied type="other" objects="8" bytes="208" bytesdiscarded="0" />
  <memory-cardclean objects="515" bytes="20888" />
  <regions eden="8" other="2" />
  <remembered-set-cleared processed="33930" cleared="68" durationms="0.847" />
  <stringconstants candidates="13770" cleared="0"  />
</gc-op>
<gc-op id="1297" type="classunload" timems="0.009" contextid="1292" timestamp="2019-08-11T05:38:59.474">
  <classunload-info classloadercandidates="54" classloadersunloaded="0" classesunloaded="0" anonymousclassesunloaded="0" quiescems="0.000" setupms="0.009" scanms="0.000" postms="0.000" />
</gc-op>
<gc-end id="1298" type="partial gc" contextid="1292" durationms="13.845" usertimems="46.450" systemtimems="0.000" timestamp="2019-08-11T05:38:59.474" activeThreads="1">
  <mem-info id="1299" free="35651584" total="109051904" percent="32">
    <mem type="eden" free="2095200" total="2097152" percent="99" />
    <remembered-set count="41216" freebytes="4194816" totalbytes="4359680" percent="96" regionsoverflowed="0" regionsstable="2" regionsrebuilding="0"/>
  </mem-info>
</gc-end>
<cycle-end id="1300" type="partial gc" contextid="1292" timestamp="2019-08-11T05:38:59.474" />
  <attribute name="elasticGC enabled" value="1" />
  <attribute name= "numThreadsSpecified" value="1" />
  <attribute name="heapSize specified" value="0" />
  <attribute name="Current GC Util" value="108" />
  <attribute name= "Current Time Running" value="121354" />
  <attribute name ="GC Interval" value="0" />
  <attribute name="ProportionalT" value="14.000000" />
  <attribute name="ProportionalI" value="14.000000" />
  <attribute name="ProportionalH" value="14.000000" />
  <attribute name="Current Error" value="28.000000" />
  <attribute name="IntegralT" value="0.000000" />
  <attribute name="IntegralI" value="0.000000" />
  <attribute name="IntegralH" value="0.000000" />
  <attribute name="DerivativeT" value="inf" />
  <attribute name="DerivativeI" value="inf" />
  <attribute name="DerivativeH" value="inf" />
  <attribute name="Loop Time for DT" value="0.000000" />
  <attribute name="Output H" value="8388608"/>
  <attribute name="Output I" value="200"/>
  <attribute name="Output T" value="1"/>
  <attribute name="Target GC Util Change" value ="80.000000" />
  <attribute name="Current GC Util Change" value="108.000000"/>
  <attribute name="GC Util currently" value="108" />
  <attribute name="CPU Util currently" value="1699403888045" />
<exclusive-end id="1301" timestamp="2019-08-11T05:38:59.474" durationms="14.605" />

<exclusive-start id="1302" timestamp="2019-08-11T05:38:59.850" intervalms="390.394">
  <response-info timems="0.192" idlems="0.192" threads="0" lastid="000000000239EF00" lastname="main" />
</exclusive-start>
<allocation-taxation id="1303" taxation-threshold="16777216" timestamp="2019-08-11T05:38:59.850" intervalms="390.308" />
<cycle-start id="1304" type="global mark phase" contextid="0" timestamp="2019-08-11T05:38:59.850" intervalms="1330.009" />
<gc-start id="1305" type="global mark phase" contextid="1304" timestamp="2019-08-11T05:38:59.850">
  <mem-info id="1306" free="18874368" total="109051904" percent="17">
    <remembered-set count="40800" freebytes="4196480" totalbytes="4359680" percent="96" regionsoverflowed="0" regionsstable="2" regionsrebuilding="0"/>
  </mem-info>
</gc-start>
<gc-op id="1307" type="mark increment" timems="15.724" contextid="1304" timestamp="2019-08-11T05:38:59.866">
  <trace-info objectcount="603517" scancount="521975" scanbytes="13518312" />
</gc-op>
<gc-end id="1308" type="global mark phase" contextid="1304" durationms="15.781" usertimems="85.061" systemtimems="0.000" timestamp="2019-08-11T05:38:59.866" activeThreads="16">
  <mem-info id="1309" free="18874368" total="109051904" percent="17">
    <remembered-set count="45920" freebytes="4176000" totalbytes="4359680" percent="95" regionsoverflowed="0" regionsstable="0" regionsrebuilding="2"/>
  </mem-info>
</gc-end>
<concurrent-start id="1310" type="GMP work packet processing" contextid="1304" timestamp="2019-08-11T05:38:59.866">
  <concurrent-mark-start scanTarget="7518629" />
</concurrent-start>
<exclusive-end id="1311" timestamp="2019-08-11T05:38:59.866" durationms="16.247" />

<concurrent-end id="1312" type="GMP work packet processing" contextid="1304" timestamp="2019-08-11T05:38:59.869">
  <concurrent-mark-end bytesScanned="89616" reasonForTermination="Completed all work in GC phase" />
</concurrent-end>

<exclusive-start id="1313" timestamp="2019-08-11T05:39:00.040" intervalms="189.965">
  <response-info timems="0.130" idlems="0.130" threads="0" lastid="000000000239EF00" lastname="main" />
</exclusive-start>
<allocation-taxation id="1314" taxation-threshold="16777216" timestamp="2019-08-11T05:39:00.040" intervalms="189.966" />
<cycle-start id="1315" type="partial gc" contextid="0" timestamp="2019-08-11T05:39:00.040" intervalms="580.399" />
<gc-start id="1316" type="partial gc" contextid="1315" timestamp="2019-08-11T05:39:00.041">
  <mem-info id="1317" free="2097152" total="109051904" percent="1">
    <mem type="eden" free="0" total="33554432" percent="0" />
    <remembered-set count="45536" freebytes="4177536" totalbytes="4359680" percent="95" regionsoverflowed="0" regionsstable="0" regionsrebuilding="2"/>
  </mem-info>
</gc-start>
<allocation-stats totalBytes="33551768" >
  <allocated-bytes non-tlh="0" tlh="33551768" arrayletleaf="0"/>
  <largest-consumer threadName="main" threadId="000000000239EF00" bytes="16775352" />
</allocation-stats>
<gc-op id="1318" type="copy forward" timems="14.680" contextid="1315" timestamp="2019-08-11T05:39:00.058">
  <memory-copied type="eden" objects="31" bytes="936" bytesdiscarded="0" />
  <memory-copied type="other" objects="53422" bytes="2418128" bytesdiscarded="190536" />
  <memory-cardclean objects="7048" bytes="681328" />
  <regions eden="16" other="16" />
  <remembered-set-cleared processed="33413" cleared="6695" durationms="0.353" />
  <finalization candidates="33" enqueued="0" />
  <ownableSynchronizers candidates="1" cleared="0" />
  <references type="soft" candidates="3130" cleared="0" enqueued="0" dynamicThreshold="5" maxThreshold="32" />
  <references type="weak" candidates="2229" cleared="0" enqueued="0" />
  <references type="phantom" candidates="31" cleared="0" enqueued="0" />
  <stringconstants candidates="13770" cleared="21"  />
  <heap-resize type="expand" space="default" amount="8388608" count="4" timems="0.341" reason="continue current collection" />
</gc-op>
<gc-op id="1319" type="classunload" timems="0.016" contextid="1315" timestamp="2019-08-11T05:39:00.058">
  <classunload-info classloadercandidates="54" classloadersunloaded="0" classesunloaded="0" anonymousclassesunloaded="0" quiescems="0.000" setupms="0.016" scanms="0.000" postms="0.000" />
</gc-op>
<heap-resize id="1320" type="contract" space="default" amount="6291456" count="1" timems="0.471" reason="insufficient time being spent in gc" timestamp="2019-08-11T05:39:00.059" />
<gc-end id="1321" type="partial gc" contextid="1315" durationms="18.345" usertimems="58.708" systemtimems="0.000" timestamp="2019-08-11T05:39:00.059" activeThreads="16">
  <mem-info id="1322" free="60817408" total="111149056" percent="54">
    <mem type="eden" free="2096216" total="2097152" percent="99" />
    <remembered-set count="39904" freebytes="4535424" totalbytes="4695040" percent="96" regionsoverflowed="0" regionsstable="0" regionsrebuilding="2"/>
  </mem-info>
</gc-end>
<cycle-end id="1323" type="partial gc" contextid="1315" timestamp="2019-08-11T05:39:00.059" />
  <attribute name="elasticGC enabled" value="1" />
  <attribute name= "numThreadsSpecified" value="16" />
  <attribute name="heapSize specified" value="0" />
  <attribute name="Current GC Util" value="190" />
  <attribute name= "Current Time Running" value="121928" />
  <attribute name ="GC Interval" value="0" />
  <attribute name="ProportionalT" value="55.000000" />
  <attribute name="ProportionalI" value="55.000000" />
  <attribute name="ProportionalH" value="55.000000" />
  <attribute name="Current Error" value="110.000000" />
  <attribute name="IntegralT" value="110.000000" />
  <attribute name="IntegralI" value="110.000000" />
  <attribute name="IntegralH" value="110.000000" />
  <attribute name="DerivativeT" value="55.000000" />
  <attribute name="DerivativeI" value="55.000000" />
  <attribute name="DerivativeH" value="55.000000" />
  <attribute name="Loop Time for DT" value="2.000000" />
  <attribute name="Output H" value="8388608"/>
  <attribute name="Output I" value="224"/>
  <attribute name="Output T" value="16"/>
  <attribute name="Target GC Util Change" value ="80.000000" />
  <attribute name="Current GC Util Change" value="190.000000"/>
  <attribute name="GC Util currently" value="190" />
  <attribute name="CPU Util currently" value="459766305153" />
<exclusive-end id="1324" timestamp="2019-08-11T05:39:00.059" durationms="19.249" />

<exclusive-start id="1325" timestamp="2019-08-11T05:39:00.117" intervalms="76.918">
  <response-info timems="0.152" idlems="0.152" threads="0" lastid="000000000239EF00" lastname="main" />
</exclusive-start>
<allocation-taxation id="1326" taxation-threshold="16777216" timestamp="2019-08-11T05:39:00.117" intervalms="76.909" />
<gc-start id="1327" type="global mark phase" contextid="1304" timestamp="2019-08-11T05:39:00.117">
  <mem-info id="1328" free="44040192" total="111149056" percent="39">
    <remembered-set count="39136" freebytes="4538496" totalbytes="4695040" percent="96" regionsoverflowed="0" regionsstable="1" regionsrebuilding="2"/>
  </mem-info>
</gc-start>
<gc-op id="1329" type="mark increment" timems="10.008" contextid="1304" timestamp="2019-08-11T05:39:00.127">
  <trace-info objectcount="28" scancount="28" scanbytes="344916" />
  <cardclean-info objects="11043" bytes="447612" />
  <finalization candidates="80" enqueued="0" />
  <ownableSynchronizers candidates="22" cleared="0" />
  <references type="soft" candidates="4729" cleared="0" enqueued="0" dynamicThreshold="17" maxThreshold="32" />
  <references type="weak" candidates="5582" cleared="0" enqueued="0" />
  <references type="phantom" candidates="97" cleared="0" enqueued="0" />
  <stringconstants candidates="13749" cleared="16"  />
</gc-op>
<gc-op id="1330" type="classunload" timems="0.009" contextid="1304" timestamp="2019-08-11T05:39:00.127">
  <classunload-info classloadercandidates="54" classloadersunloaded="0" classesunloaded="0" anonymousclassesunloaded="0" quiescems="0.000" setupms="0.009" scanms="0.000" postms="0.000" />
</gc-op>
<gc-end id="1331" type="global mark phase" contextid="1304" durationms="10.139" usertimems="37.141" systemtimems="0.000" timestamp="2019-08-11T05:39:00.127" activeThreads="16">
  <mem-info id="1332" free="44040192" total="111149056" percent="39">
    <remembered-set count="39648" freebytes="4536448" totalbytes="4695040" percent="96" regionsoverflowed="0" regionsstable="1" regionsrebuilding="0"/>
  </mem-info>
</gc-end>
<cycle-end id="1333" type="global mark phase" contextid="1304" timestamp="2019-08-11T05:39:00.127" />
  <attribute name="elasticGC enabled" value="1" />
  <attribute name= "numThreadsSpecified" value="16" />
  <attribute name="heapSize specified" value="0" />
  <attribute name="Current GC Util" value="90" />
  <attribute name= "Current Time Running" value="122007" />
  <attribute name ="GC Interval" value="0" />
  <attribute name="ProportionalT" value="5.000000" />
  <attribute name="ProportionalI" value="5.000000" />
  <attribute name="ProportionalH" value="5.000000" />
  <attribute name="Current Error" value="10.000000" />
  <attribute name="IntegralT" value="15.000000" />
  <attribute name="IntegralI" value="15.000000" />
  <attribute name="IntegralH" value="15.000000" />
  <attribute name="DerivativeT" value="-32.333333" />
  <attribute name="DerivativeI" value="-32.333333" />
  <attribute name="DerivativeH" value="-32.333333" />
  <attribute name="Loop Time for DT" value="3.000000" />
  <attribute name="Output H" value="4202627072"/>
  <attribute name="Output I" value="200"/>
  <attribute name="Output T" value="16"/>
  <attribute name="Target GC Util Change" value ="80.000000" />
  <attribute name="Current GC Util Change" value="90.000000"/>
  <attribute name="GC Util currently" value="90" />
  <attribute name="CPU Util currently" value="454883916069" />
<exclusive-end id="1334" timestamp="2019-08-11T05:39:00.127" durationms="10.468" />

<exclusive-start id="1335" timestamp="2019-08-11T05:39:00.209" intervalms="91.532">
  <response-info timems="0.048" idlems="0.048" threads="0" lastid="000000000239EF00" lastname="main" />
</exclusive-start>
<allocation-taxation id="1336" taxation-threshold="16777216" timestamp="2019-08-11T05:39:00.209" intervalms="91.531" />
<cycle-start id="1337" type="partial gc" contextid="0" timestamp="2019-08-11T05:39:00.209" intervalms="168.316" />
<gc-start id="1338" type="partial gc" contextid="1337" timestamp="2019-08-11T05:39:00.209">
  <mem-info id="1339" free="27262976" total="111149056" percent="24">
    <mem type="eden" free="0" total="33554432" percent="0" />
    <remembered-set count="37824" freebytes="4543744" totalbytes="4695040" percent="96" regionsoverflowed="0" regionsstable="3" regionsrebuilding="0"/>
  </mem-info>
</gc-start>
<allocation-stats totalBytes="33550032" >
  <allocated-bytes non-tlh="0" tlh="33550032" arrayletleaf="0"/>
  <largest-consumer threadName="main" threadId="000000000239EF00" bytes="16773960" />
</allocation-stats>
<gc-op id="1340" type="sweep" timems="2.313" contextid="1337" timestamp="2019-08-11T05:39:00.211" />
<gc-op id="1341" type="copy forward" timems="12.327" contextid="1337" timestamp="2019-08-11T05:39:00.225">
  <memory-copied type="eden" objects="32" bytes="976" bytesdiscarded="0" />
  <memory-copied type="other" objects="60024" bytes="1477528" bytesdiscarded="743240" />
  <memory-cardclean objects="9009" bytes="520464" />
  <regions eden="8" other="3" />
  <remembered-set-cleared processed="31568" cleared="3739" durationms="0.255" />
  <stringconstants candidates="13733" cleared="0"  />
</gc-op>
<gc-op id="1342" type="classunload" timems="0.014" contextid="1337" timestamp="2019-08-11T05:39:00.225">
  <classunload-info classloadercandidates="54" classloadersunloaded="0" classesunloaded="0" anonymousclassesunloaded="0" quiescems="0.000" setupms="0.014" scanms="0.000" postms="0.000" />
</gc-op>
<gc-end id="1343" type="partial gc" contextid="1337" durationms="16.364" usertimems="52.448" systemtimems="0.000" timestamp="2019-08-11T05:39:00.225" activeThreads="16">
  <mem-info id="1344" free="56623104" total="111149056" percent="50">
    <mem type="eden" free="2096176" total="2097152" percent="99" />
    <remembered-set count="40032" freebytes="4283392" totalbytes="4443520" percent="96" regionsoverflowed="0" regionsstable="3" regionsrebuilding="0"/>
  </mem-info>
</gc-end>
<cycle-end id="1345" type="partial gc" contextid="1337" timestamp="2019-08-11T05:39:00.225" />
  <attribute name="elasticGC enabled" value="1" />
  <attribute name= "numThreadsSpecified" value="16" />
  <attribute name="heapSize specified" value="0" />
  <attribute name="Current GC Util" value="88" />
  <attribute name= "Current Time Running" value="122098" />
  <attribute name ="GC Interval" value="0" />
  <attribute name="ProportionalT" value="4.000000" />
  <attribute name="ProportionalI" value="4.000000" />
  <attribute name="ProportionalH" value="4.000000" />
  <attribute name="Current Error" value="8.000000" />
  <attribute name="IntegralT" value="4.000000" />
  <attribute name="IntegralI" value="4.000000" />
  <attribute name="IntegralH" value="4.000000" />
  <attribute name="DerivativeT" value="-89.000000" />
  <attribute name="DerivativeI" value="-89.000000" />
  <attribute name="DerivativeH" value="-89.000000" />
  <attribute name="Loop Time for DT" value="1.000000" />
  <attribute name="Output H" value="4202627072"/>
  <attribute name="Output I" value="200"/>
  <attribute name="Output T" value="16"/>
  <attribute name="Target GC Util Change" value ="80.000000" />
  <attribute name="Current GC Util Change" value="88.000000"/>
  <attribute name="GC Util currently" value="88" />
  <attribute name="CPU Util currently" value="1137877600697" />
<exclusive-end id="1346" timestamp="2019-08-11T05:39:00.226" durationms="17.048" />

<exclusive-start id="1347" timestamp="2019-08-11T05:39:00.315" intervalms="105.976">
  <response-info timems="0.022" idlems="0.022" threads="0" lastid="000000000239EF00" lastname="main" />
</exclusive-start>
<allocation-taxation id="1348" taxation-threshold="35651584" timestamp="2019-08-11T05:39:00.315" intervalms="105.988" />
<cycle-start id="1349" type="partial gc" contextid="0" timestamp="2019-08-11T05:39:00.315" intervalms="105.990" />
<gc-start id="1350" type="partial gc" contextid="1349" timestamp="2019-08-11T05:39:00.315">
  <mem-info id="1351" free="20971520" total="111149056" percent="18">
    <mem type="eden" free="0" total="35651584" percent="0" />
    <remembered-set count="8160" freebytes="4410880" totalbytes="4443520" percent="99" regionsoverflowed="0" regionsstable="6" regionsrebuilding="0"/>
  </mem-info>
</gc-start>
<allocation-stats totalBytes="35647080" >
  <allocated-bytes non-tlh="0" tlh="35647080" arrayletleaf="0"/>
  <largest-consumer threadName="main" threadId="000000000239EF00" bytes="35647080" />
</allocation-stats>
<gc-op id="1352" type="copy forward" timems="15.091" contextid="1349" timestamp="2019-08-11T05:39:00.332">
  <memory-copied type="eden" objects="7" bytes="160" bytesdiscarded="0" />
  <memory-copied type="other" objects="5739" bytes="568392" bytesdiscarded="25192" />
  <memory-cardclean objects="1081" bytes="41808" />
  <regions eden="17" other="3" />
  <remembered-set-cleared processed="1894" cleared="16" durationms="0.224" />
  <references type="soft" candidates="7" cleared="0" enqueued="0" dynamicThreshold="16" maxThreshold="32" />
  <references type="weak" candidates="361" cleared="0" enqueued="0" />
  <stringconstants candidates="13733" cleared="0"  />
</gc-op>
<gc-op id="1353" type="classunload" timems="0.013" contextid="1349" timestamp="2019-08-11T05:39:00.332">
  <classunload-info classloadercandidates="54" classloadersunloaded="0" classesunloaded="0" anonymousclassesunloaded="0" quiescems="0.000" setupms="0.013" scanms="0.000" postms="0.000" />
</gc-op>
<heap-resize id="1354" type="expand" space="default" amount="20971520" count="1" timems="0.112" reason="excessive time being spent in gc" timestamp="2019-08-11T05:39:00.332" />
<gc-end id="1355" type="partial gc" contextid="1349" durationms="17.020" usertimems="34.184" systemtimems="0.000" timestamp="2019-08-11T05:39:00.332" activeThreads="16">
  <mem-info id="1356" free="77594624" total="132120576" percent="58">
    <mem type="eden" free="2096992" total="2097152" percent="99" />
    <remembered-set count="6464" freebytes="5256064" totalbytes="5281920" percent="99" regionsoverflowed="0" regionsstable="6" regionsrebuilding="0"/>
  </mem-info>
</gc-end>
<cycle-end id="1357" type="partial gc" contextid="1349" timestamp="2019-08-11T05:39:00.332" />
  <attribute name="elasticGC enabled" value="1" />
  <attribute name= "numThreadsSpecified" value="16" />
  <attribute name="heapSize specified" value="0" />
  <attribute name="Current GC Util" value="250" />
  <attribute name= "Current Time Running" value="122201" />
  <attribute name ="GC Interval" value="0" />
  <attribute name="ProportionalT" value="85.000000" />
  <attribute name="ProportionalI" value="85.000000" />
  <attribute name="ProportionalH" value="85.000000" />
  <attribute name="Current Error" value="170.000000" />
  <attribute name="IntegralT" value="85.000000" />
  <attribute name="IntegralI" value="85.000000" />
  <attribute name="IntegralH" value="85.000000" />
  <attribute name="DerivativeT" value="170.000000" />
  <attribute name="DerivativeI" value="170.000000" />
  <attribute name="DerivativeH" value="170.000000" />
  <attribute name="Loop Time for DT" value="1.000000" />
  <attribute name="Output H" value="8388608"/>
  <attribute name="Output I" value="344"/>
  <attribute name="Output T" value="16"/>
  <attribute name="Target GC Util Change" value ="80.000000" />
  <attribute name="Current GC Util Change" value="250.000000"/>
  <attribute name="GC Util currently" value="250" />
  <attribute name="CPU Util currently" value="973993103209" />
<exclusive-end id="1358" timestamp="2019-08-11T05:39:00.332" durationms="17.821" />

<exclusive-start id="1359" timestamp="2019-08-11T05:39:00.564" intervalms="249.535">
  <response-info timems="0.049" idlems="0.049" threads="0" lastid="000000000239EF00" lastname="main" />
</exclusive-start>
<allocation-taxation id="1360" taxation-threshold="18874368" timestamp="2019-08-11T05:39:00.564" intervalms="249.519" />
<cycle-start id="1361" type="global mark phase" contextid="0" timestamp="2019-08-11T05:39:00.564" intervalms="713.903" />
<gc-start id="1362" type="global mark phase" contextid="1361" timestamp="2019-08-11T05:39:00.564">
  <mem-info id="1363" free="58720256" total="132120576" percent="44">
    <remembered-set count="6240" freebytes="5256960" totalbytes="5281920" percent="99" regionsoverflowed="0" regionsstable="6" regionsrebuilding="0"/>
  </mem-info>
</gc-start>
<gc-op id="1364" type="mark increment" timems="4.192" contextid="1361" timestamp="2019-08-11T05:39:00.568">
  <trace-info objectcount="200" scancount="0" scanbytes="0" />
</gc-op>
<gc-end id="1365" type="global mark phase" contextid="1361" durationms="4.242" usertimems="11.256" systemtimems="0.000" timestamp="2019-08-11T05:39:00.568" activeThreads="16">
  <mem-info id="1366" free="58720256" total="132120576" percent="44">
    <remembered-set count="6240" freebytes="5256960" totalbytes="5281920" percent="99" regionsoverflowed="0" regionsstable="0" regionsrebuilding="6"/>
  </mem-info>
</gc-end>
<concurrent-start id="1367" type="GMP work packet processing" contextid="1361" timestamp="2019-08-11T05:39:00.569">
  <concurrent-mark-start scanTarget="11102653" />
</concurrent-start>
<exclusive-end id="1368" timestamp="2019-08-11T05:39:00.569" durationms="4.569" />

<concurrent-end id="1369" type="GMP work packet processing" contextid="1361" timestamp="2019-08-11T05:39:00.583">
  <concurrent-mark-end bytesScanned="11314536" reasonForTermination="Work target met" />
</concurrent-end>

<exclusive-start id="1370" timestamp="2019-08-11T05:39:00.939" intervalms="374.462">
  <response-info timems="0.046" idlems="0.046" threads="0" lastid="000000000239EF00" lastname="main" />
</exclusive-start>
<allocation-taxation id="1371" taxation-threshold="18874368" timestamp="2019-08-11T05:39:00.939" intervalms="374.484" />
<cycle-start id="1372" type="partial gc" contextid="0" timestamp="2019-08-11T05:39:00.939" intervalms="624.221" />
<gc-start id="1373" type="partial gc" contextid="1372" timestamp="2019-08-11T05:39:00.939">
  <mem-info id="1374" free="39845888" total="132120576" percent="30">
    <mem type="eden" free="2096992" total="39845888" percent="5" />
    <remembered-set count="86528" freebytes="4935808" totalbytes="5281920" percent="93" regionsoverflowed="0" regionsstable="0" regionsrebuilding="6"/>
  </mem-info>
</gc-start>
<allocation-stats totalBytes="37747144" >
  <allocated-bytes non-tlh="0" tlh="37747144" arrayletleaf="0"/>
  <largest-consumer threadName="main" threadId="000000000239EF00" bytes="18873624" />
</allocation-stats>
<gc-op id="1375" type="copy forward" timems="23.801" contextid="1372" timestamp="2019-08-11T05:39:00.965">
  <memory-copied type="eden" objects="35" bytes="1136" bytesdiscarded="424" />
  <memory-copied type="other" objects="7504" bytes="594952" bytesdiscarded="2824" />
  <memory-cardclean objects="4094" bytes="94888" />
  <regions eden="18" other="3" />
  <remembered-set-cleared processed="78713" cleared="1577" durationms="0.669" />
  <references type="soft" candidates="7" cleared="0" enqueued="0" dynamicThreshold="14" maxThreshold="32" />
  <references type="weak" candidates="361" cleared="0" enqueued="0" />
  <stringconstants candidates="13733" cleared="0"  />
</gc-op>
<gc-op id="1376" type="classunload" timems="0.009" contextid="1372" timestamp="2019-08-11T05:39:00.965">
  <classunload-info classloadercandidates="54" classloadersunloaded="0" classesunloaded="0" anonymousclassesunloaded="0" quiescems="0.000" setupms="0.008" scanms="0.000" postms="0.000" />
</gc-op>
<gc-end id="1377" type="partial gc" contextid="1372" durationms="25.870" usertimems="74.948" systemtimems="0.000" timestamp="2019-08-11T05:39:00.965" activeThreads="16">
  <mem-info id="1378" free="77594624" total="132120576" percent="58">
    <mem type="eden" free="2095592" total="2097152" percent="99" />
    <remembered-set count="84256" freebytes="4944896" totalbytes="5281920" percent="93" regionsoverflowed="0" regionsstable="0" regionsrebuilding="6"/>
  </mem-info>
</gc-end>
<cycle-end id="1379" type="partial gc" contextid="1372" timestamp="2019-08-11T05:39:00.965" />
  <attribute name="elasticGC enabled" value="1" />
  <attribute name= "numThreadsSpecified" value="16" />
  <attribute name="heapSize specified" value="0" />
  <attribute name="Current GC Util" value="54" />
  <attribute name= "Current Time Running" value="122826" />
  <attribute name ="GC Interval" value="0" />
  <attribute name="ProportionalT" value="-13.000000" />
  <attribute name="ProportionalI" value="-13.000000" />
  <attribute name="ProportionalH" value="-13.000000" />
  <attribute name="Current Error" value="-26.000000" />
  <attribute name="IntegralT" value="-26.000000" />
  <attribute name="IntegralI" value="-26.000000" />
  <attribute name="IntegralH" value="-26.000000" />
  <attribute name="DerivativeT" value="-13.000000" />
  <attribute name="DerivativeI" value="-13.000000" />
  <attribute name="DerivativeH" value="-13.000000" />
  <attribute name="Loop Time for DT" value="2.000000" />
  <attribute name="Output H" value="4202627072"/>
  <attribute name="Output I" value="200"/>
  <attribute name="Output T" value="16"/>
  <attribute name="Target GC Util Change" value ="80.000000" />
  <attribute name="Current GC Util Change" value="54.000000"/>
  <attribute name="GC Util currently" value="54" />
  <attribute name="CPU Util currently" value="804452125657" />
<exclusive-end id="1380" timestamp="2019-08-11T05:39:00.965" durationms="26.742" />

<exclusive-start id="1381" timestamp="2019-08-11T05:39:01.571" intervalms="632.962">
  <response-info timems="0.127" idlems="0.127" threads="0" lastid="000000000239EF00" lastname="main" />
</exclusive-start>
<allocation-taxation id="1382" taxation-threshold="18874368" timestamp="2019-08-11T05:39:01.572" intervalms="632.937" />
<gc-start id="1383" type="global mark phase" contextid="1361" timestamp="2019-08-11T05:39:01.572">
  <mem-info id="1384" free="58720256" total="132120576" percent="44">
    <remembered-set count="83808" freebytes="4946688" totalbytes="5281920" percent="93" regionsoverflowed="0" regionsstable="0" regionsrebuilding="6"/>
  </mem-info>
</gc-start>
<gc-end id="1385" type="global mark phase" contextid="1361" durationms="0.031" usertimems="0.028" systemtimems="0.000" timestamp="2019-08-11T05:39:01.572" activeThreads="16">
  <mem-info id="1386" free="58720256" total="132120576" percent="44">
    <remembered-set count="83808" freebytes="4946688" totalbytes="5281920" percent="93" regionsoverflowed="0" regionsstable="0" regionsrebuilding="6"/>
  </mem-info>
</gc-end>
<concurrent-start id="1387" type="GMP work packet processing" contextid="1361" timestamp="2019-08-11T05:39:01.572">
  <concurrent-mark-start scanTarget="14803537" />
</concurrent-start>
<exclusive-end id="1388" timestamp="2019-08-11T05:39:01.572" durationms="0.531" />

<concurrent-end id="1389" type="GMP work packet processing" contextid="1361" timestamp="2019-08-11T05:39:01.574">
  <concurrent-mark-end bytesScanned="2293644" reasonForTermination="Completed all work in GC phase" />
</concurrent-end>

<exclusive-start id="1390" timestamp="2019-08-11T05:39:02.959" intervalms="1388.034">
  <response-info timems="0.092" idlems="0.092" threads="0" lastid="000000000239EF00" lastname="main" />
</exclusive-start>
<allocation-taxation id="1391" taxation-threshold="18874368" timestamp="2019-08-11T05:39:02.960" intervalms="1388.043" />
<cycle-start id="1392" type="partial gc" contextid="0" timestamp="2019-08-11T05:39:02.960" intervalms="2020.803" />
<gc-start id="1393" type="partial gc" contextid="1392" timestamp="2019-08-11T05:39:02.961">
  <mem-info id="1394" free="39845888" total="132120576" percent="30">
    <mem type="eden" free="0" total="37748736" percent="0" />
    <remembered-set count="106720" freebytes="4855040" totalbytes="5281920" percent="91" regionsoverflowed="0" regionsstable="0" regionsrebuilding="6"/>
  </mem-info>
</gc-start>
<allocation-stats totalBytes="37746392" >
  <allocated-bytes non-tlh="0" tlh="37746392" arrayletleaf="0"/>
  <largest-consumer threadName="main" threadId="000000000239EF00" bytes="18873216" />
</allocation-stats>
<gc-op id="1395" type="copy forward" timems="15.854" contextid="1392" timestamp="2019-08-11T05:39:02.979">
  <memory-copied type="eden" objects="50" bytes="1320" bytesdiscarded="0" />
  <memory-copied type="other" objects="58954" bytes="1462016" bytesdiscarded="72760" />
  <memory-cardclean objects="5064" bytes="402608" />
  <regions eden="18" other="3" />
  <remembered-set-cleared processed="100504" cleared="13716" durationms="0.976" />
  <references type="soft" candidates="7" cleared="0" enqueued="0" dynamicThreshold="14" maxThreshold="32" />
  <references type="weak" candidates="363" cleared="0" enqueued="0" />
  <stringconstants candidates="13733" cleared="0"  />
</gc-op>
<gc-op id="1396" type="classunload" timems="0.014" contextid="1392" timestamp="2019-08-11T05:39:02.979">
  <classunload-info classloadercandidates="54" classloadersunloaded="0" classesunloaded="0" anonymousclassesunloaded="0" quiescems="0.000" setupms="0.013" scanms="0.000" postms="0.000" />
</gc-op>
<heap-resize id="1397" type="contract" space="default" amount="8388608" count="1" timems="0.362" reason="insufficient time being spent in gc" timestamp="2019-08-11T05:39:02.980" />
<gc-end id="1398" type="partial gc" contextid="1392" durationms="19.241" usertimems="53.148" systemtimems="0.000" timestamp="2019-08-11T05:39:02.980" activeThreads="16">
  <mem-info id="1399" free="67108864" total="123731968" percent="54">
    <mem type="eden" free="2095832" total="2097152" percent="99" />
    <remembered-set count="98176" freebytes="4889216" totalbytes="5281920" percent="92" regionsoverflowed="0" regionsstable="0" regionsrebuilding="6"/>
  </mem-info>
</gc-end>
<cycle-end id="1400" type="partial gc" contextid="1392" timestamp="2019-08-11T05:39:02.980" />
  <attribute name="elasticGC enabled" value="1" />
  <attribute name= "numThreadsSpecified" value="16" />
  <attribute name="heapSize specified" value="0" />
  <attribute name="Current GC Util" value="37" />
  <attribute name= "Current Time Running" value="124848" />
  <attribute name ="GC Interval" value="0" />
  <attribute name="ProportionalT" value="-21.500000" />
  <attribute name="ProportionalI" value="-21.500000" />
  <attribute name="ProportionalH" value="-21.500000" />
  <attribute name="Current Error" value="-43.000000" />
  <attribute name="IntegralT" value="-43.000000" />
  <attribute name="IntegralI" value="-43.000000" />
  <attribute name="IntegralH" value="-43.000000" />
  <attribute name="DerivativeT" value="-21.500000" />
  <attribute name="DerivativeI" value="-21.500000" />
  <attribute name="DerivativeH" value="-21.500000" />
  <attribute name="Loop Time for DT" value="2.000000" />
  <attribute name="Output H" value="4202627072"/>
  <attribute name="Output I" value="200"/>
  <attribute name="Output T" value="16"/>
  <attribute name="Target GC Util Change" value ="80.000000" />
  <attribute name="Current GC Util Change" value="37.000000"/>
  <attribute name="GC Util currently" value="37" />
  <attribute name="CPU Util currently" value="497838585366" />
<exclusive-end id="1401" timestamp="2019-08-11T05:39:02.980" durationms="20.931" />

<exclusive-start id="1402" timestamp="2019-08-11T05:39:03.085" intervalms="125.363">
  <response-info timems="0.185" idlems="0.185" threads="0" lastid="000000000239EF00" lastname="main" />
</exclusive-start>
<allocation-taxation id="1403" taxation-threshold="18874368" timestamp="2019-08-11T05:39:03.085" intervalms="125.362" />
<gc-start id="1404" type="global mark phase" contextid="1361" timestamp="2019-08-11T05:39:03.085">
  <mem-info id="1405" free="48234496" total="123731968" percent="38">
    <remembered-set count="97376" freebytes="4892416" totalbytes="5281920" percent="92" regionsoverflowed="0" regionsstable="1" regionsrebuilding="6"/>
  </mem-info>
</gc-start>
<gc-op id="1406" type="mark increment" timems="7.398" contextid="1361" timestamp="2019-08-11T05:39:03.092">
  <trace-info objectcount="61" scancount="59" scanbytes="230876" />
  <cardclean-info objects="16771" bytes="420860" />
  <finalization candidates="80" enqueued="0" />
  <ownableSynchronizers candidates="22" cleared="0" />
  <references type="soft" candidates="4729" cleared="0" enqueued="0" dynamicThreshold="17" maxThreshold="32" />
  <references type="weak" candidates="5584" cleared="0" enqueued="0" />
  <references type="phantom" candidates="97" cleared="0" enqueued="0" />
  <stringconstants candidates="13733" cleared="0"  />
</gc-op>
<gc-op id="1407" type="classunload" timems="0.009" contextid="1361" timestamp="2019-08-11T05:39:03.092">
  <classunload-info classloadercandidates="54" classloadersunloaded="0" classesunloaded="0" anonymousclassesunloaded="0" quiescems="0.000" setupms="0.009" scanms="0.000" postms="0.000" />
</gc-op>
<gc-end id="1408" type="global mark phase" contextid="1361" durationms="7.546" usertimems="29.126" systemtimems="0.000" timestamp="2019-08-11T05:39:03.093" activeThreads="16">
  <mem-info id="1409" free="48234496" total="123731968" percent="38">
    <remembered-set count="100960" freebytes="4878080" totalbytes="5281920" percent="92" regionsoverflowed="0" regionsstable="1" regionsrebuilding="0"/>
  </mem-info>
</gc-end>
<cycle-end id="1410" type="global mark phase" contextid="1361" timestamp="2019-08-11T05:39:03.093" />
  <attribute name="elasticGC enabled" value="1" />
  <attribute name= "numThreadsSpecified" value="16" />
  <attribute name="heapSize specified" value="0" />
  <attribute name="Current GC Util" value="166" />
  <attribute name= "Current Time Running" value="124973" />
  <attribute name ="GC Interval" value="0" />
  <attribute name="ProportionalT" value="43.000000" />
  <attribute name="ProportionalI" value="43.000000" />
  <attribute name="ProportionalH" value="43.000000" />
  <attribute name="Current Error" value="86.000000" />
  <attribute name="IntegralT" value="43.000000" />
  <attribute name="IntegralI" value="43.000000" />
  <attribute name="IntegralH" value="43.000000" />
  <attribute name="DerivativeT" value="-51.000000" />
  <attribute name="DerivativeI" value="-51.000000" />
  <attribute name="DerivativeH" value="-51.000000" />
  <attribute name="Loop Time for DT" value="1.000000" />
  <attribute name="Output H" value="8388608"/>
  <attribute name="Output I" value="200"/>
  <attribute name="Output T" value="16"/>
  <attribute name="Target GC Util Change" value ="80.000000" />
  <attribute name="Current GC Util Change" value="166.000000"/>
  <attribute name="GC Util currently" value="166" />
  <attribute name="CPU Util currently" value="897599345266" />
<exclusive-end id="1411" timestamp="2019-08-11T05:39:03.093" durationms="7.847" />

<exclusive-start id="1412" timestamp="2019-08-11T05:39:03.172" intervalms="87.112">
  <response-info timems="0.152" idlems="0.152" threads="0" lastid="000000000239EF00" lastname="main" />
</exclusive-start>
<allocation-taxation id="1413" taxation-threshold="18874368" timestamp="2019-08-11T05:39:03.172" intervalms="87.118" />
<cycle-start id="1414" type="partial gc" contextid="0" timestamp="2019-08-11T05:39:03.172" intervalms="212.425" />
<gc-start id="1415" type="partial gc" contextid="1414" timestamp="2019-08-11T05:39:03.172">
  <mem-info id="1416" free="29360128" total="123731968" percent="23">
    <mem type="eden" free="0" total="37748736" percent="0" />
    <remembered-set count="28672" freebytes="5167232" totalbytes="5281920" percent="97" regionsoverflowed="0" regionsstable="5" regionsrebuilding="0"/>
  </mem-info>
</gc-start>
<allocation-stats totalBytes="37745896" >
  <allocated-bytes non-tlh="0" tlh="37745896" arrayletleaf="0"/>
  <largest-consumer threadName="main" threadId="000000000239EF00" bytes="18872864" />
</allocation-stats>
<gc-op id="1417" type="sweep" timems="2.182" contextid="1414" timestamp="2019-08-11T05:39:03.175" />
<gc-op id="1418" type="copy forward" timems="12.058" contextid="1414" timestamp="2019-08-11T05:39:03.188">
  <memory-copied type="eden" objects="5" bytes="112" bytesdiscarded="0" />
  <memory-copied type="other" objects="61589" bytes="1511064" bytesdiscarded="458840" />
  <memory-cardclean objects="58290" bytes="2666344" />
  <regions eden="9" other="4" />
  <remembered-set-cleared processed="6840" cleared="3169" durationms="0.353" />
  <references type="weak" candidates="2" cleared="0" enqueued="0" />
  <stringconstants candidates="13733" cleared="0"  />
</gc-op>
<gc-op id="1419" type="classunload" timems="0.013" contextid="1414" timestamp="2019-08-11T05:39:03.188">
  <classunload-info classloadercandidates="54" classloadersunloaded="0" classesunloaded="0" anonymousclassesunloaded="0" quiescems="0.000" setupms="0.013" scanms="0.000" postms="0.000" />
</gc-op>
<heap-resize id="1420" type="contract" space="default" amount="6291456" count="1" timems="0.193" reason="insufficient time being spent in gc" timestamp="2019-08-11T05:39:03.189" />
<gc-end id="1421" type="partial gc" contextid="1414" durationms="16.531" usertimems="69.083" systemtimems="0.000" timestamp="2019-08-11T05:39:03.189" activeThreads="16">
  <mem-info id="1422" free="60817408" total="117440512" percent="51">
    <mem type="eden" free="2097040" total="2097152" percent="99" />
    <remembered-set count="18240" freebytes="4873600" totalbytes="4946560" percent="98" regionsoverflowed="0" regionsstable="5" regionsrebuilding="0"/>
  </mem-info>
</gc-end>
<cycle-end id="1423" type="partial gc" contextid="1414" timestamp="2019-08-11T05:39:03.189" />
  <attribute name="elasticGC enabled" value="1" />
  <attribute name= "numThreadsSpecified" value="16" />
  <attribute name="heapSize specified" value="0" />
  <attribute name="Current GC Util" value="58" />
  <attribute name= "Current Time Running" value="125061" />
  <attribute name ="GC Interval" value="0" />
  <attribute name="ProportionalT" value="-11.000000" />
  <attribute name="ProportionalI" value="-11.000000" />
  <attribute name="ProportionalH" value="-11.000000" />
  <attribute name="Current Error" value="-22.000000" />
  <attribute name="IntegralT" value="-11.000000" />
  <attribute name="IntegralI" value="-11.000000" />
  <attribute name="IntegralH" value="-11.000000" />
  <attribute name="DerivativeT" value="-77.000000" />
  <attribute name="DerivativeI" value="-77.000000" />
  <attribute name="DerivativeH" value="-77.000000" />
  <attribute name="Loop Time for DT" value="1.000000" />
  <attribute name="Output H" value="4202627072"/>
  <attribute name="Output I" value="200"/>
  <attribute name="Output T" value="16"/>
  <attribute name="Target GC Util Change" value ="80.000000" />
  <attribute name="Current GC Util Change" value="58.000000"/>
  <attribute name="GC Util currently" value="58" />
  <attribute name="CPU Util currently" value="982755413505" />
<exclusive-end id="1424" timestamp="2019-08-11T05:39:03.190" durationms="17.535" />

<exclusive-start id="1425" timestamp="2019-08-11T05:39:03.341" intervalms="168.630">
  <response-info timems="0.064" idlems="0.064" threads="0" lastid="000000000239EF00" lastname="main" />
</exclusive-start>
<allocation-taxation id="1426" taxation-threshold="35651584" timestamp="2019-08-11T05:39:03.341" intervalms="168.617" />
<cycle-start id="1427" type="partial gc" contextid="0" timestamp="2019-08-11T05:39:03.341" intervalms="168.623" />
<gc-start id="1428" type="partial gc" contextid="1427" timestamp="2019-08-11T05:39:03.341">
  <mem-info id="1429" free="25165824" total="117440512" percent="21">
    <mem type="eden" free="2097040" total="37748736" percent="5" />
    <remembered-set count="6688" freebytes="4919808" totalbytes="4946560" percent="99" regionsoverflowed="0" regionsstable="7" regionsrebuilding="0"/>
  </mem-info>
</gc-start>
<allocation-stats totalBytes="35648992" >
  <allocated-bytes non-tlh="0" tlh="35648992" arrayletleaf="0"/>
  <largest-consumer threadName="main" threadId="000000000239EF00" bytes="35648992" />
</allocation-stats>
<gc-op id="1430" type="copy forward" timems="12.437" contextid="1427" timestamp="2019-08-11T05:39:03.355">
  <memory-copied type="eden" objects="30" bytes="880" bytesdiscarded="584" />
  <memory-copied type="other" objects="57" bytes="1624" bytesdiscarded="1504" />
  <memory-cardclean objects="6805" bytes="464168" />
  <regions eden="17" other="3" />
  <remembered-set-cleared processed="304" cleared="175" durationms="0.116" />
  <references type="weak" candidates="30" cleared="0" enqueued="0" />
  <stringconstants candidates="13733" cleared="0"  />
</gc-op>
<gc-op id="1431" type="classunload" timems="0.009" contextid="1427" timestamp="2019-08-11T05:39:03.355">
  <classunload-info classloadercandidates="54" classloadersunloaded="0" classesunloaded="0" anonymousclassesunloaded="0" quiescems="0.000" setupms="0.009" scanms="0.000" postms="0.000" />
</gc-op>
<gc-end id="1432" type="partial gc" contextid="1427" durationms="14.242" usertimems="47.777" systemtimems="0.000" timestamp="2019-08-11T05:39:03.355" activeThreads="16">
  <mem-info id="1433" free="62914560" total="117440512" percent="53">
    <mem type="eden" free="2095688" total="2097152" percent="99" />
    <remembered-set count="5952" freebytes="4671232" totalbytes="4695040" percent="99" regionsoverflowed="0" regionsstable="7" regionsrebuilding="0"/>
  </mem-info>
</gc-end>
<cycle-end id="1434" type="partial gc" contextid="1427" timestamp="2019-08-11T05:39:03.355" />
  <attribute name="elasticGC enabled" value="1" />
  <attribute name= "numThreadsSpecified" value="16" />
  <attribute name="heapSize specified" value="0" />
  <attribute name="Current GC Util" value="93" />
  <attribute name= "Current Time Running" value="125228" />
  <attribute name ="GC Interval" value="0" />
  <attribute name="ProportionalT" value="6.500000" />
  <attribute name="ProportionalI" value="6.500000" />
  <attribute name="ProportionalH" value="6.500000" />
  <attribute name="Current Error" value="13.000000" />
  <attribute name="IntegralT" value="13.000000" />
  <attribute name="IntegralI" value="13.000000" />
  <attribute name="IntegralH" value="13.000000" />
  <attribute name="DerivativeT" value="6.500000" />
  <attribute name="DerivativeI" value="6.500000" />
  <attribute name="DerivativeH" value="6.500000" />
  <attribute name="Loop Time for DT" value="2.000000" />
  <attribute name="Output H" value="8388608"/>
  <attribute name="Output I" value="200"/>
  <attribute name="Output T" value="16"/>
  <attribute name="Target GC Util Change" value ="80.000000" />
  <attribute name="Current GC Util Change" value="93.000000"/>
  <attribute name="GC Util currently" value="93" />
  <attribute name="CPU Util currently" value="926714984465" />
<exclusive-end id="1435" timestamp="2019-08-11T05:39:03.356" durationms="14.979" />

<exclusive-start id="1436" timestamp="2019-08-11T05:39:03.595" intervalms="254.372">
  <response-info timems="0.149" idlems="0.149" threads="0" lastid="000000000239EF00" lastname="main" />
</exclusive-start>
<allocation-taxation id="1437" taxation-threshold="35651584" timestamp="2019-08-11T05:39:03.595" intervalms="254.414" />
<cycle-start id="1438" type="partial gc" contextid="0" timestamp="2019-08-11T05:39:03.595" intervalms="254.443" />
<gc-start id="1439" type="partial gc" contextid="1438" timestamp="2019-08-11T05:39:03.595">
  <mem-info id="1440" free="27262976" total="117440512" percent="23">
    <mem type="eden" free="0" total="35651584" percent="0" />
    <remembered-set count="5664" freebytes="4672384" totalbytes="4695040" percent="99" regionsoverflowed="0" regionsstable="7" regionsrebuilding="0"/>
  </mem-info>
</gc-start>
<allocation-stats totalBytes="35649128" >
  <allocated-bytes non-tlh="0" tlh="35649128" arrayletleaf="0"/>
  <largest-consumer threadName="main" threadId="000000000239EF00" bytes="35649128" />
</allocation-stats>
<gc-op id="1441" type="copy forward" timems="2.474" contextid="1438" timestamp="2019-08-11T05:39:03.599">
  <memory-copied type="eden" objects="31" bytes="944" bytesdiscarded="0" />
  <memory-copied type="other" objects="1560" bytes="32224" bytesdiscarded="328" />
  <memory-cardclean objects="1266" bytes="42968" />
  <regions eden="17" other="3" />
  <remembered-set-cleared processed="1276" cleared="120" durationms="0.472" />
  <references type="weak" candidates="2" cleared="0" enqueued="0" />
  <stringconstants candidates="13733" cleared="0"  />
</gc-op>
<gc-op id="1442" type="classunload" timems="0.007" contextid="1438" timestamp="2019-08-11T05:39:03.599">
  <classunload-info classloadercandidates="54" classloadersunloaded="0" classesunloaded="0" anonymousclassesunloaded="0" quiescems="0.000" setupms="0.007" scanms="0.000" postms="0.000" />
</gc-op>
<gc-end id="1443" type="partial gc" contextid="1438" durationms="3.812" usertimems="11.973" systemtimems="0.000" timestamp="2019-08-11T05:39:03.599" activeThreads="1">
  <mem-info id="1444" free="62914560" total="117440512" percent="53">
    <mem type="eden" free="2096208" total="2097152" percent="99" />
    <remembered-set count="5856" freebytes="4671616" totalbytes="4695040" percent="99" regionsoverflowed="0" regionsstable="7" regionsrebuilding="0"/>
  </mem-info>
</gc-end>
<cycle-end id="1445" type="partial gc" contextid="1438" timestamp="2019-08-11T05:39:03.600" />
  <attribute name="elasticGC enabled" value="1" />
  <attribute name= "numThreadsSpecified" value="1" />
  <attribute name="heapSize specified" value="0" />
  <attribute name="Current GC Util" value="117" />
  <attribute name= "Current Time Running" value="125481" />
  <attribute name ="GC Interval" value="0" />
  <attribute name="ProportionalT" value="18.500000" />
  <attribute name="ProportionalI" value="18.500000" />
  <attribute name="ProportionalH" value="18.500000" />
  <attribute name="Current Error" value="37.000000" />
  <attribute name="IntegralT" value="0.000000" />
  <attribute name="IntegralI" value="0.000000" />
  <attribute name="IntegralH" value="0.000000" />
  <attribute name="DerivativeT" value="inf" />
  <attribute name="DerivativeI" value="inf" />
  <attribute name="DerivativeH" value="inf" />
  <attribute name="Loop Time for DT" value="0.000000" />
  <attribute name="Output H" value="8388608"/>
  <attribute name="Output I" value="200"/>
  <attribute name="Output T" value="1"/>
  <attribute name="Target GC Util Change" value ="80.000000" />
  <attribute name="Current GC Util Change" value="117.000000"/>
  <attribute name="GC Util currently" value="117" />
  <attribute name="CPU Util currently" value="2096579194361" />
<exclusive-end id="1446" timestamp="2019-08-11T05:39:03.600" durationms="4.706" />

<exclusive-start id="1447" timestamp="2019-08-11T05:39:03.871" intervalms="275.852">
  <response-info timems="0.111" idlems="0.111" threads="0" lastid="000000000239EF00" lastname="main" />
</exclusive-start>
<allocation-taxation id="1448" taxation-threshold="35651584" timestamp="2019-08-11T05:39:03.871" intervalms="275.824" />
<cycle-start id="1449" type="partial gc" contextid="0" timestamp="2019-08-11T05:39:03.871" intervalms="275.819" />
<gc-start id="1450" type="partial gc" contextid="1449" timestamp="2019-08-11T05:39:03.871">
  <mem-info id="1451" free="27262976" total="117440512" percent="23">
    <mem type="eden" free="0" total="35651584" percent="0" />
    <remembered-set count="5696" freebytes="4672256" totalbytes="4695040" percent="99" regionsoverflowed="0" regionsstable="7" regionsrebuilding="0"/>
  </mem-info>
</gc-start>
<allocation-stats totalBytes="35648840" >
  <allocated-bytes non-tlh="0" tlh="35648840" arrayletleaf="0"/>
  <largest-consumer threadName="main" threadId="000000000239EF00" bytes="35648840" />
</allocation-stats>
<gc-op id="1452" type="copy forward" timems="14.867" contextid="1449" timestamp="2019-08-11T05:39:03.888">
  <memory-copied type="eden" objects="11" bytes="312" bytesdiscarded="0" />
  <memory-copied type="other" objects="62154" bytes="1533784" bytesdiscarded="115960" />
  <memory-cardclean objects="3400" bytes="361488" />
  <regions eden="17" other="4" />
  <remembered-set-cleared processed="1000" cleared="706" durationms="0.144" />
  <references type="weak" candidates="2" cleared="0" enqueued="0" />
  <stringconstants candidates="13733" cleared="0"  />
</gc-op>
<gc-op id="1453" type="classunload" timems="0.014" contextid="1449" timestamp="2019-08-11T05:39:03.888">
  <classunload-info classloadercandidates="54" classloadersunloaded="0" classesunloaded="0" anonymousclassesunloaded="0" quiescems="0.000" setupms="0.013" scanms="0.000" postms="0.000" />
</gc-op>
<gc-end id="1454" type="partial gc" contextid="1449" durationms="17.246" usertimems="30.098" systemtimems="0.000" timestamp="2019-08-11T05:39:03.889" activeThreads="16">
  <mem-info id="1455" free="62914560" total="117440512" percent="53">
    <mem type="eden" free="2096840" total="2097152" percent="99" />
    <remembered-set count="7040" freebytes="4666880" totalbytes="4695040" percent="99" regionsoverflowed="0" regionsstable="7" regionsrebuilding="0"/>
  </mem-info>
</gc-end>
<cycle-end id="1456" type="partial gc" contextid="1449" timestamp="2019-08-11T05:39:03.889" />
  <attribute name="elasticGC enabled" value="1" />
  <attribute name= "numThreadsSpecified" value="16" />
  <attribute name="heapSize specified" value="0" />
  <attribute name="Current GC Util" value="109" />
  <attribute name= "Current Time Running" value="125758" />
  <attribute name ="GC Interval" value="0" />
  <attribute name="ProportionalT" value="14.500000" />
  <attribute name="ProportionalI" value="14.500000" />
  <attribute name="ProportionalH" value="14.500000" />
  <attribute name="Current Error" value="29.000000" />
  <attribute name="IntegralT" value="14.500000" />
  <attribute name="IntegralI" value="14.500000" />
  <attribute name="IntegralH" value="14.500000" />
  <attribute name="DerivativeT" value="29.000000" />
  <attribute name="DerivativeI" value="29.000000" />
  <attribute name="DerivativeH" value="29.000000" />
  <attribute name="Loop Time for DT" value="1.000000" />
  <attribute name="Output H" value="8388608"/>
  <attribute name="Output I" value="200"/>
  <attribute name="Output T" value="16"/>
  <attribute name="Target GC Util Change" value ="80.000000" />
  <attribute name="Current GC Util Change" value="109.000000"/>
  <attribute name="GC Util currently" value="109" />
  <attribute name="CPU Util currently" value="715530983411" />
<exclusive-end id="1457" timestamp="2019-08-11T05:39:03.889" durationms="18.111" />

<exclusive-start id="1458" timestamp="2019-08-11T05:39:05.080" intervalms="1208.814">
  <response-info timems="0.056" idlems="0.056" threads="0" lastid="000000000239EF00" lastname="main" />
</exclusive-start>
<allocation-taxation id="1459" taxation-threshold="35651584" timestamp="2019-08-11T05:39:05.080" intervalms="1208.797" />
<cycle-start id="1460" type="partial gc" contextid="0" timestamp="2019-08-11T05:39:05.080" intervalms="1208.889" />
<gc-start id="1461" type="partial gc" contextid="1460" timestamp="2019-08-11T05:39:05.080">
  <mem-info id="1462" free="27262976" total="117440512" percent="23">
    <mem type="eden" free="2096840" total="37748736" percent="5" />
    <remembered-set count="6848" freebytes="4667648" totalbytes="4695040" percent="99" regionsoverflowed="0" regionsstable="7" regionsrebuilding="0"/>
  </mem-info>
</gc-start>
<allocation-stats totalBytes="35628960" >
  <allocated-bytes non-tlh="360" tlh="35628600" arrayletleaf="0"/>
  <largest-consumer threadName="main" threadId="000000000239EF00" bytes="35628960" />
</allocation-stats>
<gc-op id="1463" type="copy forward" timems="9.286" contextid="1460" timestamp="2019-08-11T05:39:05.090">
  <memory-copied type="eden" objects="76" bytes="3856" bytesdiscarded="1912" />
  <memory-copied type="other" objects="14" bytes="320" bytesdiscarded="0" />
  <memory-cardclean objects="145" bytes="13616" />
  <regions eden="17" other="2" />
  <remembered-set-cleared processed="1613" cleared="23" durationms="0.138" />
  <references type="weak" candidates="4" cleared="0" enqueued="0" />
  <stringconstants candidates="13739" cleared="0"  />
</gc-op>
<gc-op id="1464" type="classunload" timems="0.009" contextid="1460" timestamp="2019-08-11T05:39:05.090">
  <classunload-info classloadercandidates="54" classloadersunloaded="0" classesunloaded="0" anonymousclassesunloaded="0" quiescems="0.000" setupms="0.009" scanms="0.000" postms="0.000" />
</gc-op>
<heap-resize id="1465" type="contract" space="default" amount="6291456" count="1" timems="0.085" reason="insufficient time being spent in gc" timestamp="2019-08-11T05:39:05.091" />
<gc-end id="1466" type="partial gc" contextid="1460" durationms="10.437" usertimems="25.307" systemtimems="0.000" timestamp="2019-08-11T05:39:05.091" activeThreads="16">
  <mem-info id="1467" free="56623104" total="111149056" percent="50">
    <mem type="eden" free="2091384" total="2097152" percent="99" />
    <remembered-set count="4096" freebytes="4678656" totalbytes="4695040" percent="99" regionsoverflowed="0" regionsstable="7" regionsrebuilding="0"/>
  </mem-info>
</gc-end>
<cycle-end id="1468" type="partial gc" contextid="1460" timestamp="2019-08-11T05:39:05.091" />
  <attribute name="elasticGC enabled" value="1" />
  <attribute name= "numThreadsSpecified" value="16" />
  <attribute name="heapSize specified" value="0" />
  <attribute name="Current GC Util" value="104" />
  <attribute name= "Current Time Running" value="126966" />
  <attribute name ="GC Interval" value="0" />
  <attribute name="ProportionalT" value="12.000000" />
  <attribute name="ProportionalI" value="12.000000" />
  <attribute name="ProportionalH" value="12.000000" />
  <attribute name="Current Error" value="24.000000" />
  <attribute name="IntegralT" value="12.000000" />
  <attribute name="IntegralI" value="12.000000" />
  <attribute name="IntegralH" value="12.000000" />
  <attribute name="DerivativeT" value="24.000000" />
  <attribute name="DerivativeI" value="24.000000" />
  <attribute name="DerivativeH" value="24.000000" />
  <attribute name="Loop Time for DT" value="1.000000" />
  <attribute name="Output H" value="8388608"/>
  <attribute name="Output I" value="200"/>
  <attribute name="Output T" value="16"/>
  <attribute name="Target GC Util Change" value ="80.000000" />
  <attribute name="Current GC Util Change" value="104.000000"/>
  <attribute name="GC Util currently" value="104" />
  <attribute name="CPU Util currently" value="1962102261308" />
<exclusive-end id="1469" timestamp="2019-08-11T05:39:05.091" durationms="11.100" />

<exclusive-start id="1470" timestamp="2019-08-11T05:39:05.190" intervalms="110.387">
  <response-info timems="0.068" idlems="0.068" threads="0" lastid="000000000239EF00" lastname="main" />
</exclusive-start>
<allocation-taxation id="1471" taxation-threshold="35651584" timestamp="2019-08-11T05:39:05.190" intervalms="110.396" />
<cycle-start id="1472" type="partial gc" contextid="0" timestamp="2019-08-11T05:39:05.190" intervalms="110.421" />
<gc-start id="1473" type="partial gc" contextid="1472" timestamp="2019-08-11T05:39:05.191">
  <mem-info id="1474" free="20971520" total="111149056" percent="18">
    <mem type="eden" free="0" total="35651584" percent="0" />
    <remembered-set count="3680" freebytes="4680320" totalbytes="4695040" percent="99" regionsoverflowed="0" regionsstable="7" regionsrebuilding="0"/>
  </mem-info>
</gc-start>
<allocation-stats totalBytes="35624824" >
  <allocated-bytes non-tlh="0" tlh="35624824" arrayletleaf="0"/>
  <largest-consumer threadName="main" threadId="000000000239EF00" bytes="35624824" />
</allocation-stats>
<gc-op id="1475" type="copy forward" timems="12.560" contextid="1472" timestamp="2019-08-11T05:39:05.205">
  <memory-copied type="eden" objects="2" bytes="56" bytesdiscarded="0" />
  <memory-copied type="other" objects="100" bytes="3392" bytesdiscarded="1216" />
  <memory-cardclean objects="149" bytes="13648" />
  <regions eden="17" other="2" />
  <remembered-set-cleared processed="1598" cleared="17" durationms="0.533" />
  <references type="weak" candidates="4" cleared="0" enqueued="0" />
  <stringconstants candidates="13739" cleared="0"  />
</gc-op>
<gc-op id="1476" type="classunload" timems="0.016" contextid="1472" timestamp="2019-08-11T05:39:05.205">
  <classunload-info classloadercandidates="54" classloadersunloaded="0" classesunloaded="0" anonymousclassesunloaded="0" quiescems="0.000" setupms="0.016" scanms="0.000" postms="0.000" />
</gc-op>
<heap-resize id="1477" type="contract" space="default" amount="6291456" count="1" timems="0.907" reason="insufficient time being spent in gc" timestamp="2019-08-11T05:39:05.206" />
<gc-end id="1478" type="partial gc" contextid="1472" durationms="15.531" usertimems="59.220" systemtimems="0.000" timestamp="2019-08-11T05:39:05.206" activeThreads="16">
  <mem-info id="1479" free="48234496" total="104857600" percent="46">
    <mem type="eden" free="2097096" total="2097152" percent="99" />
    <remembered-set count="4544" freebytes="4425344" totalbytes="4443520" percent="99" regionsoverflowed="0" regionsstable="7" regionsrebuilding="0"/>
  </mem-info>
</gc-end>
<cycle-end id="1480" type="partial gc" contextid="1472" timestamp="2019-08-11T05:39:05.206" />
  <attribute name="elasticGC enabled" value="1" />
  <attribute name= "numThreadsSpecified" value="16" />
  <attribute name="heapSize specified" value="0" />
  <attribute name="Current GC Util" value="58" />
  <attribute name= "Current Time Running" value="127077" />
  <attribute name ="GC Interval" value="0" />
  <attribute name="ProportionalT" value="-11.000000" />
  <attribute name="ProportionalI" value="-11.000000" />
  <attribute name="ProportionalH" value="-11.000000" />
  <attribute name="Current Error" value="-22.000000" />
  <attribute name="IntegralT" value="-11.000000" />
  <attribute name="IntegralI" value="-11.000000" />
  <attribute name="IntegralH" value="-11.000000" />
  <attribute name="DerivativeT" value="-22.000000" />
  <attribute name="DerivativeI" value="-22.000000" />
  <attribute name="DerivativeH" value="-22.000000" />
  <attribute name="Loop Time for DT" value="1.000000" />
  <attribute name="Output H" value="4202627072"/>
  <attribute name="Output I" value="200"/>
  <attribute name="Output T" value="16"/>
  <attribute name="Target GC Util Change" value ="80.000000" />
  <attribute name="Current GC Util Change" value="58.000000"/>
  <attribute name="GC Util currently" value="58" />
  <attribute name="CPU Util currently" value="949147954665" />
<exclusive-end id="1481" timestamp="2019-08-11T05:39:05.206" durationms="16.319" />

<exclusive-start id="1482" timestamp="2019-08-11T05:39:05.605" intervalms="414.708">
  <response-info timems="0.193" idlems="0.193" threads="0" lastid="000000000239EF00" lastname="main" />
</exclusive-start>
<allocation-taxation id="1483" taxation-threshold="33554432" timestamp="2019-08-11T05:39:05.605" intervalms="414.793" />
<cycle-start id="1484" type="partial gc" contextid="0" timestamp="2019-08-11T05:39:05.605" intervalms="414.664" />
<gc-start id="1485" type="partial gc" contextid="1484" timestamp="2019-08-11T05:39:05.605">
  <mem-info id="1486" free="14680064" total="104857600" percent="14">
    <mem type="eden" free="2097096" total="35651584" percent="5" />
    <remembered-set count="4160" freebytes="4426880" totalbytes="4443520" percent="99" regionsoverflowed="0" regionsstable="7" regionsrebuilding="0"/>
  </mem-info>
</gc-start>
<allocation-stats totalBytes="33541688" >
  <allocated-bytes non-tlh="0" tlh="33541688" arrayletleaf="0"/>
  <largest-consumer threadName="main" threadId="000000000239EF00" bytes="33541688" />
</allocation-stats>
<gc-op id="1487" type="copy forward" timems="16.944" contextid="1484" timestamp="2019-08-11T05:39:05.625">
  <memory-copied type="eden" objects="41" bytes="1248" bytesdiscarded="320" />
  <memory-copied type="other" objects="7" bytes="160" bytesdiscarded="0" />
  <memory-cardclean objects="4732" bytes="406488" />
  <regions eden="16" other="2" />
  <remembered-set-cleared processed="1163" cleared="185" durationms="0.138" />
  <references type="weak" candidates="14" cleared="0" enqueued="0" />
  <stringconstants candidates="13739" cleared="0"  />
</gc-op>
<gc-op id="1488" type="classunload" timems="0.009" contextid="1484" timestamp="2019-08-11T05:39:05.625">
  <classunload-info classloadercandidates="54" classloadersunloaded="0" classesunloaded="0" anonymousclassesunloaded="0" quiescems="0.000" setupms="0.008" scanms="0.000" postms="0.000" />
</gc-op>
<heap-resize id="1489" type="contract" space="default" amount="6291456" count="1" timems="0.553" reason="insufficient time being spent in gc" timestamp="2019-08-11T05:39:05.625" />
<gc-end id="1490" type="partial gc" contextid="1484" durationms="20.209" usertimems="68.881" systemtimems="0.000" timestamp="2019-08-11T05:39:05.625" activeThreads="16">
  <mem-info id="1491" free="41943040" total="98566144" percent="42">
    <mem type="eden" free="2095584" total="2097152" percent="99" />
    <remembered-set count="5664" freebytes="4169344" totalbytes="4192000" percent="99" regionsoverflowed="0" regionsstable="7" regionsrebuilding="0"/>
  </mem-info>
</gc-end>
<cycle-end id="1492" type="partial gc" contextid="1484" timestamp="2019-08-11T05:39:05.626" />
  <attribute name="elasticGC enabled" value="1" />
  <attribute name= "numThreadsSpecified" value="16" />
  <attribute name="heapSize specified" value="0" />
  <attribute name="Current GC Util" value="173" />
  <attribute name= "Current Time Running" value="127492" />
  <attribute name ="GC Interval" value="0" />
  <attribute name="ProportionalT" value="46.500000" />
  <attribute name="ProportionalI" value="46.500000" />
  <attribute name="ProportionalH" value="46.500000" />
  <attribute name="Current Error" value="93.000000" />
  <attribute name="IntegralT" value="93.000000" />
  <attribute name="IntegralI" value="93.000000" />
  <attribute name="IntegralH" value="93.000000" />
  <attribute name="DerivativeT" value="46.500000" />
  <attribute name="DerivativeI" value="46.500000" />
  <attribute name="DerivativeH" value="46.500000" />
  <attribute name="Loop Time for DT" value="2.000000" />
  <attribute name="Output H" value="8388608"/>
  <attribute name="Output I" value="200"/>
  <attribute name="Output T" value="16"/>
  <attribute name="Target GC Util Change" value ="80.000000" />
  <attribute name="Current GC Util Change" value="173.000000"/>
  <attribute name="GC Util currently" value="173" />
  <attribute name="CPU Util currently" value="574908199406" />
<exclusive-end id="1493" timestamp="2019-08-11T05:39:05.626" durationms="21.001" />

<exclusive-start id="1494" timestamp="2019-08-11T05:39:05.684" intervalms="79.254">
  <response-info timems="0.349" idlems="0.349" threads="0" lastid="000000000239EF00" lastname="main" />
</exclusive-start>
<allocation-taxation id="1495" taxation-threshold="14680064" timestamp="2019-08-11T05:39:05.684" intervalms="79.170" />
<cycle-start id="1496" type="global mark phase" contextid="0" timestamp="2019-08-11T05:39:05.684" intervalms="5119.966" />
<gc-start id="1497" type="global mark phase" contextid="1496" timestamp="2019-08-11T05:39:05.684">
  <mem-info id="1498" free="27262976" total="98566144" percent="27">
    <remembered-set count="5408" freebytes="4170368" totalbytes="4192000" percent="99" regionsoverflowed="0" regionsstable="7" regionsrebuilding="0"/>
  </mem-info>
</gc-start>
<gc-op id="1499" type="mark increment" timems="4.448" contextid="1496" timestamp="2019-08-11T05:39:05.689">
  <trace-info objectcount="221" scancount="0" scanbytes="0" />
</gc-op>
<gc-end id="1500" type="global mark phase" contextid="1496" durationms="4.857" usertimems="19.545" systemtimems="0.000" timestamp="2019-08-11T05:39:05.689" activeThreads="16">
  <mem-info id="1501" free="27262976" total="98566144" percent="27">
    <remembered-set count="5408" freebytes="4170368" totalbytes="4192000" percent="99" regionsoverflowed="0" regionsstable="0" regionsrebuilding="7"/>
  </mem-info>
</gc-end>
<concurrent-start id="1502" type="GMP work packet processing" contextid="1496" timestamp="2019-08-11T05:39:05.689">
  <concurrent-mark-start scanTarget="14844670" />
</concurrent-start>
<exclusive-end id="1503" timestamp="2019-08-11T05:39:05.689" durationms="5.425" />

<concurrent-end id="1504" type="GMP work packet processing" contextid="1496" timestamp="2019-08-11T05:39:05.704">
  <concurrent-mark-end bytesScanned="13514500" reasonForTermination="Completed all work in GC phase" />
</concurrent-end>

<exclusive-start id="1505" timestamp="2019-08-11T05:39:05.717" intervalms="33.288">
  <response-info timems="0.054" idlems="0.054" threads="0" lastid="000000000239EF00" lastname="main" />
</exclusive-start>
<allocation-taxation id="1506" taxation-threshold="14680064" timestamp="2019-08-11T05:39:05.717" intervalms="33.286" />
<cycle-start id="1507" type="partial gc" contextid="0" timestamp="2019-08-11T05:39:05.717" intervalms="112.439" />
<gc-start id="1508" type="partial gc" contextid="1507" timestamp="2019-08-11T05:39:05.718">
  <mem-info id="1509" free="12582912" total="98566144" percent="12">
    <mem type="eden" free="0" total="29360128" percent="0" />
    <remembered-set count="109920" freebytes="3752320" totalbytes="4192000" percent="89" regionsoverflowed="0" regionsstable="0" regionsrebuilding="7"/>
  </mem-info>
</gc-start>
<allocation-stats totalBytes="29328720" >
  <allocated-bytes non-tlh="0" tlh="29328720" arrayletleaf="0"/>
  <largest-consumer threadName="main" threadId="000000000239EF00" bytes="14654088" />
</allocation-stats>
<gc-op id="1510" type="copy forward" timems="13.587" contextid="1507" timestamp="2019-08-11T05:39:05.734">
  <memory-copied type="eden" objects="25" bytes="1296" bytesdiscarded="0" />
  <memory-copied type="other" objects="29" bytes="792" bytesdiscarded="584" />
  <memory-cardclean objects="26328" bytes="1173600" />
  <regions eden="14" other="2" />
  <remembered-set-cleared processed="97867" cleared="12760" durationms="1.191" />
  <references type="weak" candidates="14" cleared="0" enqueued="0" />
  <stringconstants candidates="13739" cleared="0"  />
</gc-op>
<gc-op id="1511" type="classunload" timems="0.013" contextid="1507" timestamp="2019-08-11T05:39:05.734">
  <classunload-info classloadercandidates="54" classloadersunloaded="0" classesunloaded="0" anonymousclassesunloaded="0" quiescems="0.000" setupms="0.013" scanms="0.000" postms="0.000" />
</gc-op>
<gc-end id="1512" type="partial gc" contextid="1507" durationms="16.432" usertimems="54.925" systemtimems="0.000" timestamp="2019-08-11T05:39:05.734" activeThreads="16">
  <mem-info id="1513" free="39845888" total="98566144" percent="40">
    <mem type="eden" free="2095856" total="2097152" percent="99" />
    <remembered-set count="94304" freebytes="3563264" totalbytes="3940480" percent="90" regionsoverflowed="0" regionsstable="0" regionsrebuilding="7"/>
  </mem-info>
</gc-end>
<cycle-end id="1514" type="partial gc" contextid="1507" timestamp="2019-08-11T05:39:05.734" />
  <attribute name="elasticGC enabled" value="1" />
  <attribute name= "numThreadsSpecified" value="16" />
  <attribute name="heapSize specified" value="0" />
  <attribute name="Current GC Util" value="242" />
  <attribute name= "Current Time Running" value="127605" />
  <attribute name ="GC Interval" value="0" />
  <attribute name="ProportionalT" value="81.000000" />
  <attribute name="ProportionalI" value="81.000000" />
  <attribute name="ProportionalH" value="81.000000" />
  <attribute name="Current Error" value="162.000000" />
  <attribute name="IntegralT" value="162.000000" />
  <attribute name="IntegralI" value="162.000000" />
  <attribute name="IntegralH" value="162.000000" />
  <attribute name="DerivativeT" value="1.000000" />
  <attribute name="DerivativeI" value="1.000000" />
  <attribute name="DerivativeH" value="1.000000" />
  <attribute name="Loop Time for DT" value="2.000000" />
  <attribute name="Output H" value="8388608"/>
  <attribute name="Output I" value="248"/>
  <attribute name="Output T" value="16"/>
  <attribute name="Target GC Util Change" value ="80.000000" />
  <attribute name="Current GC Util Change" value="242.000000"/>
  <attribute name="GC Util currently" value="242" />
  <attribute name="CPU Util currently" value="549404752182" />
<exclusive-end id="1515" timestamp="2019-08-11T05:39:05.734" durationms="17.176" />

<exclusive-start id="1516" timestamp="2019-08-11T05:39:05.748" intervalms="30.591">
  <response-info timems="0.217" idlems="0.217" threads="0" lastid="000000000239EF00" lastname="main" />
</exclusive-start>
<allocation-taxation id="1517" taxation-threshold="14680064" timestamp="2019-08-11T05:39:05.748" intervalms="30.592" />
<gc-start id="1518" type="global mark phase" contextid="1496" timestamp="2019-08-11T05:39:05.749">
  <mem-info id="1519" free="25165824" total="98566144" percent="25">
    <remembered-set count="93824" freebytes="3565184" totalbytes="3940480" percent="90" regionsoverflowed="0" regionsstable="0" regionsrebuilding="7"/>
  </mem-info>
</gc-start>
<gc-op id="1520" type="mark increment" timems="13.115" contextid="1496" timestamp="2019-08-11T05:39:05.762">
  <trace-info objectcount="327" scancount="322" scanbytes="241560" />
  <cardclean-info objects="41875" bytes="1231236" />
  <finalization candidates="80" enqueued="0" />
  <ownableSynchronizers candidates="22" cleared="0" />
  <references type="soft" candidates="4729" cleared="756" enqueued="751" dynamicThreshold="12" maxThreshold="32" />
  <references type="weak" candidates="5592" cleared="0" enqueued="0" />
  <references type="phantom" candidates="97" cleared="0" enqueued="0" />
  <stringconstants candidates="13739" cleared="0"  />
</gc-op>
<gc-op id="1521" type="classunload" timems="0.014" contextid="1496" timestamp="2019-08-11T05:39:05.762">
  <classunload-info classloadercandidates="54" classloadersunloaded="0" classesunloaded="0" anonymousclassesunloaded="0" quiescems="0.000" setupms="0.014" scanms="0.000" postms="0.000" />
</gc-op>
<gc-end id="1522" type="global mark phase" contextid="1496" durationms="13.771" usertimems="41.613" systemtimems="0.000" timestamp="2019-08-11T05:39:05.762" activeThreads="16">
  <mem-info id="1523" free="25165824" total="98566144" percent="25">
    <pending-finalizers system="0" default="0" reference="751" classloader="0" />
    <remembered-set count="100992" freebytes="3536512" totalbytes="3940480" percent="89" regionsoverflowed="0" regionsstable="0" regionsrebuilding="0"/>
  </mem-info>
</gc-end>
<cycle-end id="1524" type="global mark phase" contextid="1496" timestamp="2019-08-11T05:39:05.762" />
  <attribute name="elasticGC enabled" value="1" />
  <attribute name= "numThreadsSpecified" value="16" />
  <attribute name="heapSize specified" value="0" />
  <attribute name="Current GC Util" value="183" />
  <attribute name= "Current Time Running" value="127638" />
  <attribute name ="GC Interval" value="0" />
  <attribute name="ProportionalT" value="51.500000" />
  <attribute name="ProportionalI" value="51.500000" />
  <attribute name="ProportionalH" value="51.500000" />
  <attribute name="Current Error" value="103.000000" />
  <attribute name="IntegralT" value="103.000000" />
  <attribute name="IntegralI" value="103.000000" />
  <attribute name="IntegralH" value="103.000000" />
  <attribute name="DerivativeT" value="-25.000000" />
  <attribute name="DerivativeI" value="-25.000000" />
  <attribute name="DerivativeH" value="-25.000000" />
  <attribute name="Loop Time for DT" value="2.000000" />
  <attribute name="Output H" value="8388608"/>
  <attribute name="Output I" value="200"/>
  <attribute name="Output T" value="16"/>
  <attribute name="Target GC Util Change" value ="80.000000" />
  <attribute name="Current GC Util Change" value="183.000000"/>
  <attribute name="GC Util currently" value="183" />
  <attribute name="CPU Util currently" value="808190320369" />
<exclusive-end id="1525" timestamp="2019-08-11T05:39:05.763" durationms="14.716" />

<exclusive-start id="1526" timestamp="2019-08-11T05:39:05.774" intervalms="26.209">
  <response-info timems="0.131" idlems="0.131" threads="0" lastid="000000000239EF00" lastname="main" />
</exclusive-start>
<allocation-taxation id="1527" taxation-threshold="14680064" timestamp="2019-08-11T05:39:05.774" intervalms="26.209" />
<cycle-start id="1528" type="partial gc" contextid="0" timestamp="2019-08-11T05:39:05.774" intervalms="56.819" />
<gc-start id="1529" type="partial gc" contextid="1528" timestamp="2019-08-11T05:39:05.775">
  <mem-info id="1530" free="10485760" total="98566144" percent="10">
    <mem type="eden" free="0" total="29360128" percent="0" />
    <remembered-set count="7328" freebytes="3911168" totalbytes="3940480" percent="99" regionsoverflowed="0" regionsstable="6" regionsrebuilding="0"/>
  </mem-info>
</gc-start>
<allocation-stats totalBytes="29306320" >
  <allocated-bytes non-tlh="0" tlh="29306320" arrayletleaf="0"/>
  <largest-consumer threadName="main" threadId="000000000239EF00" bytes="14629024" />
</allocation-stats>
<gc-op id="1531" type="sweep" timems="3.700" contextid="1528" timestamp="2019-08-11T05:39:05.778" />
<gc-op id="1532" type="copy forward" timems="15.873" contextid="1528" timestamp="2019-08-11T05:39:05.797">
  <memory-copied type="eden" objects="5" bytes="2320" bytesdiscarded="968" />
  <memory-copied type="other" objects="62801" bytes="1541456" bytesdiscarded="311776" />
  <memory-cardclean objects="5961" bytes="442208" />
  <regions eden="7" other="4" />
  <remembered-set-cleared processed="2860" cleared="711" durationms="0.122" />
  <stringconstants candidates="13739" cleared="0"  />
</gc-op>
<gc-op id="1533" type="classunload" timems="0.014" contextid="1528" timestamp="2019-08-11T05:39:05.797">
  <classunload-info classloadercandidates="54" classloadersunloaded="0" classesunloaded="0" anonymousclassesunloaded="0" quiescems="0.000" setupms="0.014" scanms="0.000" postms="0.000" />
</gc-op>
<heap-resize id="1534" type="expand" space="default" amount="16777216" count="1" timems="0.235" reason="excessive time being spent in gc" timestamp="2019-08-11T05:39:05.798" />
<gc-end id="1535" type="partial gc" contextid="1528" durationms="23.230" usertimems="101.546" systemtimems="0.000" timestamp="2019-08-11T05:39:05.798" activeThreads="16">
  <mem-info id="1536" free="56623104" total="115343360" percent="49">
    <mem type="eden" free="2093864" total="2097152" percent="99" />
    <remembered-set count="7008" freebytes="4583168" totalbytes="4611200" percent="99" regionsoverflowed="0" regionsstable="6" regionsrebuilding="0"/>
  </mem-info>
</gc-end>
<cycle-end id="1537" type="partial gc" contextid="1528" timestamp="2019-08-11T05:39:05.798" />
  <attribute name="elasticGC enabled" value="1" />
  <attribute name= "numThreadsSpecified" value="16" />
  <attribute name="heapSize specified" value="0" />
  <attribute name="Current GC Util" value="208" />
  <attribute name= "Current Time Running" value="127666" />
  <attribute name ="GC Interval" value="0" />
  <attribute name="ProportionalT" value="64.000000" />
  <attribute name="ProportionalI" value="64.000000" />
  <attribute name="ProportionalH" value="64.000000" />
  <attribute name="Current Error" value="128.000000" />
  <attribute name="IntegralT" value="128.000000" />
  <attribute name="IntegralI" value="128.000000" />
  <attribute name="IntegralH" value="128.000000" />
  <attribute name="DerivativeT" value="-7.000000" />
  <attribute name="DerivativeI" value="-7.000000" />
  <attribute name="DerivativeH" value="-7.000000" />
  <attribute name="Loop Time for DT" value="2.000000" />
  <attribute name="Output H" value="8388608"/>
  <attribute name="Output I" value="200"/>
  <attribute name="Output T" value="16"/>
  <attribute name="Target GC Util Change" value ="80.000000" />
  <attribute name="Current GC Util Change" value="208.000000"/>
  <attribute name="GC Util currently" value="208" />
  <attribute name="CPU Util currently" value="454846407593" />
<exclusive-end id="1538" timestamp="2019-08-11T05:39:05.798" durationms="23.991" />

<exclusive-start id="1539" timestamp="2019-08-11T05:39:05.816" intervalms="42.290">
  <response-info timems="0.154" idlems="0.154" threads="0" lastid="000000000239EF00" lastname="main" />
</exclusive-start>
<allocation-taxation id="1540" taxation-threshold="16777216" timestamp="2019-08-11T05:39:05.816" intervalms="42.295" />
<cycle-start id="1541" type="global mark phase" contextid="0" timestamp="2019-08-11T05:39:05.817" intervalms="132.413" />
<gc-start id="1542" type="global mark phase" contextid="1541" timestamp="2019-08-11T05:39:05.817">
  <mem-info id="1543" free="39845888" total="115343360" percent="34">
    <remembered-set count="4896" freebytes="4591616" totalbytes="4611200" percent="99" regionsoverflowed="0" regionsstable="7" regionsrebuilding="0"/>
  </mem-info>
</gc-start>
<gc-op id="1544" type="mark increment" timems="5.604" contextid="1541" timestamp="2019-08-11T05:39:05.822">
  <trace-info objectcount="222" scancount="0" scanbytes="0" />
</gc-op>
<gc-end id="1545" type="global mark phase" contextid="1541" durationms="5.659" usertimems="25.085" systemtimems="0.000" timestamp="2019-08-11T05:39:05.822" activeThreads="16">
  <mem-info id="1546" free="39845888" total="115343360" percent="34">
    <remembered-set count="4896" freebytes="4591616" totalbytes="4611200" percent="99" regionsoverflowed="0" regionsstable="0" regionsrebuilding="7"/>
  </mem-info>
</gc-end>
<concurrent-start id="1547" type="GMP work packet processing" contextid="1541" timestamp="2019-08-11T05:39:05.822">
  <concurrent-mark-start scanTarget="13891832" />
</concurrent-start>
<exclusive-end id="1548" timestamp="2019-08-11T05:39:05.822" durationms="6.051" />

<concurrent-end id="1549" type="GMP work packet processing" contextid="1541" timestamp="2019-08-11T05:39:05.852">
  <concurrent-mark-end bytesScanned="13483996" reasonForTermination="Completed all work in GC phase" />
</concurrent-end>

<exclusive-start id="1550" timestamp="2019-08-11T05:39:05.853" intervalms="36.682">
  <response-info timems="0.053" idlems="0.053" threads="0" lastid="000000000239EF00" lastname="main" />
</exclusive-start>
<allocation-taxation id="1551" taxation-threshold="16777216" timestamp="2019-08-11T05:39:05.853" intervalms="36.673" />
<cycle-start id="1552" type="partial gc" contextid="0" timestamp="2019-08-11T05:39:05.853" intervalms="78.975" />
<gc-start id="1553" type="partial gc" contextid="1552" timestamp="2019-08-11T05:39:05.853">
  <mem-info id="1554" free="23068672" total="115343360" percent="20">
    <mem type="eden" free="0" total="33554432" percent="0" />
    <remembered-set count="110016" freebytes="4171136" totalbytes="4611200" percent="90" regionsoverflowed="0" regionsstable="0" regionsrebuilding="7"/>
  </mem-info>
</gc-start>
<allocation-stats totalBytes="33494856" >
  <allocated-bytes non-tlh="0" tlh="33494856" arrayletleaf="0"/>
  <largest-consumer threadName="main" threadId="000000000239EF00" bytes="16747360" />
</allocation-stats>
<gc-op id="1555" type="copy forward" timems="8.327" contextid="1552" timestamp="2019-08-11T05:39:05.863">
  <memory-copied type="eden" objects="3" bytes="72" bytesdiscarded="0" />
  <memory-copied type="other" objects="9" bytes="2408" bytesdiscarded="0" />
  <memory-cardclean objects="40" bytes="1632" />
  <regions eden="16" other="2" />
  <remembered-set-cleared processed="102274" cleared="38" durationms="1.102" />
  <stringconstants candidates="13739" cleared="0"  />
</gc-op>
<gc-op id="1556" type="classunload" timems="0.010" contextid="1552" timestamp="2019-08-11T05:39:05.863">
  <classunload-info classloadercandidates="54" classloadersunloaded="0" classesunloaded="0" anonymousclassesunloaded="0" quiescems="0.000" setupms="0.010" scanms="0.000" postms="0.000" />
</gc-op>
<heap-resize id="1557" type="expand" space="default" amount="20971520" count="1" timems="0.087" reason="excessive time being spent in gc" timestamp="2019-08-11T05:39:05.863" />
<gc-end id="1558" type="partial gc" contextid="1552" durationms="9.545" usertimems="27.996" systemtimems="0.000" timestamp="2019-08-11T05:39:05.863" activeThreads="16">
  <mem-info id="1559" free="75497472" total="136314880" percent="55">
    <mem type="eden" free="2097080" total="2097152" percent="99" />
    <remembered-set count="106304" freebytes="5024384" totalbytes="5449600" percent="92" regionsoverflowed="0" regionsstable="0" regionsrebuilding="7"/>
  </mem-info>
</gc-end>
<cycle-end id="1560" type="partial gc" contextid="1552" timestamp="2019-08-11T05:39:05.863" />
  <attribute name="elasticGC enabled" value="1" />
  <attribute name= "numThreadsSpecified" value="16" />
  <attribute name="heapSize specified" value="0" />
  <attribute name="Current GC Util" value="110" />
  <attribute name= "Current Time Running" value="127739" />
  <attribute name ="GC Interval" value="0" />
  <attribute name="ProportionalT" value="15.000000" />
  <attribute name="ProportionalI" value="15.000000" />
  <attribute name="ProportionalH" value="15.000000" />
  <attribute name="Current Error" value="30.000000" />
  <attribute name="IntegralT" value="0.000000" />
  <attribute name="IntegralI" value="0.000000" />
  <attribute name="IntegralH" value="0.000000" />
  <attribute name="DerivativeT" value="-inf" />
  <attribute name="DerivativeI" value="-inf" />
  <attribute name="DerivativeH" value="-inf" />
  <attribute name="Loop Time for DT" value="0.000000" />
  <attribute name="Output H" value="4202627072"/>
  <attribute name="Output I" value="200"/>
  <attribute name="Output T" value="16"/>
  <attribute name="Target GC Util Change" value ="80.000000" />
  <attribute name="Current GC Util Change" value="110.000000"/>
  <attribute name="GC Util currently" value="110" />
  <attribute name="CPU Util currently" value="1962112275006" />
<exclusive-end id="1561" timestamp="2019-08-11T05:39:05.864" durationms="10.565" />

<exclusive-start id="1562" timestamp="2019-08-11T05:39:05.889" intervalms="35.692">
  <response-info timems="0.051" idlems="0.051" threads="0" lastid="000000000239EF00" lastname="main" />
</exclusive-start>
<allocation-taxation id="1563" taxation-threshold="20971520" timestamp="2019-08-11T05:39:05.889" intervalms="35.721" />
<gc-start id="1564" type="global mark phase" contextid="1541" timestamp="2019-08-11T05:39:05.889">
  <mem-info id="1565" free="54525952" total="136314880" percent="40">
    <remembered-set count="106304" freebytes="5024384" totalbytes="5449600" percent="92" regionsoverflowed="0" regionsstable="0" regionsrebuilding="7"/>
  </mem-info>
</gc-start>
<gc-op id="1566" type="mark increment" timems="11.823" contextid="1541" timestamp="2019-08-11T05:39:05.901">
  <trace-info objectcount="4" scancount="4" scanbytes="104" />
  <cardclean-info objects="67" bytes="2180" />
  <finalization candidates="80" enqueued="0" />
  <ownableSynchronizers candidates="22" cleared="0" />
  <references type="soft" candidates="3973" cleared="67" enqueued="67" dynamicThreshold="17" maxThreshold="32" />
  <references type="weak" candidates="5592" cleared="0" enqueued="0" />
  <references type="phantom" candidates="97" cleared="0" enqueued="0" />
  <stringconstants candidates="13739" cleared="49"  />
</gc-op>
<gc-op id="1567" type="classunload" timems="0.012" contextid="1541" timestamp="2019-08-11T05:39:05.901">
  <classunload-info classloadercandidates="54" classloadersunloaded="0" classesunloaded="0" anonymousclassesunloaded="0" quiescems="0.000" setupms="0.012" scanms="0.000" postms="0.000" />
</gc-op>
<gc-end id="1568" type="global mark phase" contextid="1541" durationms="12.265" usertimems="19.111" systemtimems="0.000" timestamp="2019-08-11T05:39:05.901" activeThreads="16">
  <mem-info id="1569" free="54525952" total="136314880" percent="40">
    <pending-finalizers system="0" default="0" reference="67" classloader="0" />
    <remembered-set count="108352" freebytes="5016192" totalbytes="5449600" percent="92" regionsoverflowed="0" regionsstable="0" regionsrebuilding="0"/>
  </mem-info>
</gc-end>
<cycle-end id="1570" type="global mark phase" contextid="1541" timestamp="2019-08-11T05:39:05.901" />
  <attribute name="elasticGC enabled" value="1" />
  <attribute name= "numThreadsSpecified" value="16" />
  <attribute name="heapSize specified" value="0" />
  <attribute name="Current GC Util" value="61" />
  <attribute name= "Current Time Running" value="127779" />
  <attribute name ="GC Interval" value="0" />
  <attribute name="ProportionalT" value="-9.500000" />
  <attribute name="ProportionalI" value="-9.500000" />
  <attribute name="ProportionalH" value="-9.500000" />
  <attribute name="Current Error" value="-19.000000" />
  <attribute name="IntegralT" value="-28.500000" />
  <attribute name="IntegralI" value="-28.500000" />
  <attribute name="IntegralH" value="-28.500000" />
  <attribute name="DerivativeT" value="-27.000000" />
  <attribute name="DerivativeI" value="-27.000000" />
  <attribute name="DerivativeH" value="-27.000000" />
  <attribute name="Loop Time for DT" value="3.000000" />
  <attribute name="Output H" value="4202627072"/>
  <attribute name="Output I" value="200"/>
  <attribute name="Output T" value="16"/>
  <attribute name="Target GC Util Change" value ="80.000000" />
  <attribute name="Current GC Util Change" value="61.000000"/>
  <attribute name="GC Util currently" value="61" />
  <attribute name="CPU Util currently" value="341201571749" />
<exclusive-end id="1571" timestamp="2019-08-11T05:39:05.901" durationms="12.669" />

<exclusive-start id="1572" timestamp="2019-08-11T05:39:05.918" intervalms="28.976">
  <response-info timems="0.079" idlems="0.079" threads="0" lastid="000000000239EF00" lastname="main" />
</exclusive-start>
<allocation-taxation id="1573" taxation-threshold="20971520" timestamp="2019-08-11T05:39:05.918" intervalms="28.997" />
<cycle-start id="1574" type="partial gc" contextid="0" timestamp="2019-08-11T05:39:05.918" intervalms="64.704" />
<gc-start id="1575" type="partial gc" contextid="1574" timestamp="2019-08-11T05:39:05.918">
  <mem-info id="1576" free="33554432" total="136314880" percent="24">
    <mem type="eden" free="2097080" total="44040192" percent="4" />
    <remembered-set count="4768" freebytes="5430528" totalbytes="5449600" percent="99" regionsoverflowed="0" regionsstable="7" regionsrebuilding="0"/>
  </mem-info>
</gc-start>
<allocation-stats totalBytes="41869952" >
  <allocated-bytes non-tlh="0" tlh="41869952" arrayletleaf="0"/>
  <largest-consumer threadName="main" threadId="000000000239EF00" bytes="20934096" />
</allocation-stats>
<gc-op id="1577" type="sweep" timems="1.893" contextid="1574" timestamp="2019-08-11T05:39:05.920" />
<gc-op id="1578" type="copy forward" timems="36.185" contextid="1574" timestamp="2019-08-11T05:39:05.958">
  <memory-copied type="eden" objects="3" bytes="72" bytesdiscarded="0" />
  <memory-copied type="other" objects="0" bytes="0" bytesdiscarded="0" />
  <memory-cardclean objects="203" bytes="7864" />
  <regions eden="10" other="1" />
  <remembered-set-cleared processed="1620" cleared="0" durationms="0.239" />
  <stringconstants candidates="13690" cleared="0"  />
</gc-op>
<gc-op id="1579" type="classunload" timems="0.013" contextid="1574" timestamp="2019-08-11T05:39:05.958">
  <classunload-info classloadercandidates="54" classloadersunloaded="0" classesunloaded="0" anonymousclassesunloaded="0" quiescems="0.000" setupms="0.013" scanms="0.000" postms="0.000" />
</gc-op>
<heap-resize id="1580" type="expand" space="default" amount="16777216" count="1" timems="0.085" reason="excessive time being spent in gc" timestamp="2019-08-11T05:39:05.958" />
<gc-end id="1581" type="partial gc" contextid="1574" durationms="40.370" usertimems="96.178" systemtimems="0.000" timestamp="2019-08-11T05:39:05.959" activeThreads="16">
  <mem-info id="1582" free="92274688" total="153092096" percent="60">
    <mem type="eden" free="2097080" total="2097152" percent="99" />
    <remembered-set count="3584" freebytes="6105984" totalbytes="6120320" percent="99" regionsoverflowed="0" regionsstable="7" regionsrebuilding="0"/>
  </mem-info>
</gc-end>
<cycle-end id="1583" type="partial gc" contextid="1574" timestamp="2019-08-11T05:39:05.959" />
  <attribute name="elasticGC enabled" value="1" />
  <attribute name= "numThreadsSpecified" value="16" />
  <attribute name="heapSize specified" value="0" />
  <attribute name="Current GC Util" value="259" />
  <attribute name= "Current Time Running" value="127806" />
  <attribute name ="GC Interval" value="0" />
  <attribute name="ProportionalT" value="89.500000" />
  <attribute name="ProportionalI" value="89.500000" />
  <attribute name="ProportionalH" value="89.500000" />
  <attribute name="Current Error" value="179.000000" />
  <attribute name="IntegralT" value="89.500000" />
  <attribute name="IntegralI" value="89.500000" />
  <attribute name="IntegralH" value="89.500000" />
  <attribute name="DerivativeT" value="78.000000" />
  <attribute name="DerivativeI" value="78.000000" />
  <attribute name="DerivativeH" value="78.000000" />
  <attribute name="Loop Time for DT" value="1.000000" />
  <attribute name="Output H" value="8388608"/>
  <attribute name="Output I" value="264"/>
  <attribute name="Output T" value="16"/>
  <attribute name="Target GC Util Change" value ="80.000000" />
  <attribute name="Current GC Util Change" value="259.000000"/>
  <attribute name="GC Util currently" value="259" />
  <attribute name="CPU Util currently" value="1132669347684" />
<exclusive-end id="1584" timestamp="2019-08-11T05:39:05.959" durationms="41.269" />

<exclusive-start id="1585" timestamp="2019-08-11T05:39:06.011" intervalms="92.964">
  <response-info timems="0.067" idlems="0.067" threads="0" lastid="000000000239EF00" lastname="main" />
</exclusive-start>
<allocation-taxation id="1586" taxation-threshold="46137344" timestamp="2019-08-11T05:39:06.011" intervalms="92.923" />
<cycle-start id="1587" type="partial gc" contextid="0" timestamp="2019-08-11T05:39:06.011" intervalms="92.990" />
<gc-start id="1588" type="partial gc" contextid="1587" timestamp="2019-08-11T05:39:06.011">
  <mem-info id="1589" free="46137344" total="153092096" percent="30">
    <mem type="eden" free="2097080" total="48234496" percent="4" />
    <remembered-set count="3584" freebytes="6105984" totalbytes="6120320" percent="99" regionsoverflowed="0" regionsstable="7" regionsrebuilding="0"/>
  </mem-info>
</gc-start>
<allocation-stats totalBytes="46056024" >
  <allocated-bytes non-tlh="0" tlh="46056024" arrayletleaf="0"/>
  <largest-consumer threadName="main" threadId="000000000239EF00" bytes="46056024" />
</allocation-stats>
<gc-op id="1590" type="copy forward" timems="11.531" contextid="1587" timestamp="2019-08-11T05:39:06.024">
  <memory-copied type="eden" objects="4" bytes="104" bytesdiscarded="0" />
  <memory-copied type="other" objects="58831" bytes="1439688" bytesdiscarded="0" />
  <memory-cardclean objects="3125" bytes="353320" />
  <regions eden="22" other="4" />
  <remembered-set-cleared processed="1373" cleared="771" durationms="0.442" />
  <stringconstants candidates="13690" cleared="0"  />
</gc-op>
<gc-op id="1591" type="classunload" timems="0.013" contextid="1587" timestamp="2019-08-11T05:39:06.024">
  <classunload-info classloadercandidates="54" classloadersunloaded="0" classesunloaded="0" anonymousclassesunloaded="0" quiescems="0.000" setupms="0.013" scanms="0.000" postms="0.000" />
</gc-op>
<gc-end id="1592" type="partial gc" contextid="1587" durationms="13.296" usertimems="27.259" systemtimems="0.000" timestamp="2019-08-11T05:39:06.025" activeThreads="1">
  <mem-info id="1593" free="94371840" total="153092096" percent="61">
    <mem type="eden" free="2097048" total="2097152" percent="99" />
    <remembered-set count="4032" freebytes="6104192" totalbytes="6120320" percent="99" regionsoverflowed="0" regionsstable="7" regionsrebuilding="0"/>
  </mem-info>
</gc-end>
<cycle-end id="1594" type="partial gc" contextid="1587" timestamp="2019-08-11T05:39:06.025" />
  <attribute name="elasticGC enabled" value="1" />
  <attribute name= "numThreadsSpecified" value="1" />
  <attribute name="heapSize specified" value="0" />
  <attribute name="Current GC Util" value="87" />
  <attribute name= "Current Time Running" value="127897" />
  <attribute name ="GC Interval" value="0" />
  <attribute name="ProportionalT" value="3.500000" />
  <attribute name="ProportionalI" value="3.500000" />
  <attribute name="ProportionalH" value="3.500000" />
  <attribute name="Current Error" value="7.000000" />
  <attribute name="IntegralT" value="0.000000" />
  <attribute name="IntegralI" value="0.000000" />
  <attribute name="IntegralH" value="0.000000" />
  <attribute name="DerivativeT" value="inf" />
  <attribute name="DerivativeI" value="inf" />
  <attribute name="DerivativeH" value="inf" />
  <attribute name="Loop Time for DT" value="0.000000" />
  <attribute name="Output H" value="8388608"/>
  <attribute name="Output I" value="200"/>
  <attribute name="Output T" value="1"/>
  <attribute name="Target GC Util Change" value ="80.000000" />
  <attribute name="Current GC Util Change" value="87.000000"/>
  <attribute name="GC Util currently" value="87" />
  <attribute name="CPU Util currently" value="1426784127902" />
<exclusive-end id="1595" timestamp="2019-08-11T05:39:06.026" durationms="15.177" />

<exclusive-start id="1596" timestamp="2019-08-11T05:39:06.318" intervalms="306.845">
  <response-info timems="0.093" idlems="0.093" threads="0" lastid="000000000239EF00" lastname="main" />
</exclusive-start>
<allocation-taxation id="1597" taxation-threshold="46137344" timestamp="2019-08-11T05:39:06.318" intervalms="306.851" />
<cycle-start id="1598" type="partial gc" contextid="0" timestamp="2019-08-11T05:39:06.318" intervalms="306.960" />
<gc-start id="1599" type="partial gc" contextid="1598" timestamp="2019-08-11T05:39:06.318">
  <mem-info id="1600" free="48234496" total="153092096" percent="31">
    <mem type="eden" free="2097048" total="48234496" percent="4" />
    <remembered-set count="3680" freebytes="6105600" totalbytes="6120320" percent="99" regionsoverflowed="0" regionsstable="7" regionsrebuilding="0"/>
  </mem-info>
</gc-start>
<allocation-stats totalBytes="46072120" >
  <allocated-bytes non-tlh="0" tlh="46072120" arrayletleaf="0"/>
  <largest-consumer threadName="main" threadId="000000000239EF00" bytes="46072120" />
</allocation-stats>
<gc-op id="1601" type="copy forward" timems="18.879" contextid="1598" timestamp="2019-08-11T05:39:06.339">
  <memory-copied type="eden" objects="34" bytes="1440" bytesdiscarded="1104" />
  <memory-copied type="other" objects="62800" bytes="1540712" bytesdiscarded="91584" />
  <memory-cardclean objects="4419" bytes="390096" />
  <regions eden="22" other="4" />
  <remembered-set-cleared processed="1209" cleared="514" durationms="0.384" />
  <references type="weak" candidates="2" cleared="0" enqueued="0" />
  <stringconstants candidates="13690" cleared="0"  />
</gc-op>
<gc-op id="1602" type="classunload" timems="0.011" contextid="1598" timestamp="2019-08-11T05:39:06.339">
  <classunload-info classloadercandidates="54" classloadersunloaded="0" classesunloaded="0" anonymousclassesunloaded="0" quiescems="0.000" setupms="0.011" scanms="0.000" postms="0.000" />
</gc-op>
<gc-end id="1603" type="partial gc" contextid="1598" durationms="20.745" usertimems="35.090" systemtimems="0.000" timestamp="2019-08-11T05:39:06.339" activeThreads="16">
  <mem-info id="1604" free="96468992" total="153092096" percent="63">
    <mem type="eden" free="2094608" total="2097152" percent="99" />
    <remembered-set count="7040" freebytes="6092160" totalbytes="6120320" percent="99" regionsoverflowed="0" regionsstable="7" regionsrebuilding="0"/>
  </mem-info>
</gc-end>
<cycle-end id="1605" type="partial gc" contextid="1598" timestamp="2019-08-11T05:39:06.339" />
  <attribute name="elasticGC enabled" value="1" />
  <attribute name= "numThreadsSpecified" value="16" />
  <attribute name="heapSize specified" value="0" />
  <attribute name="Current GC Util" value="148" />
  <attribute name= "Current Time Running" value="128205" />
  <attribute name ="GC Interval" value="0" />
  <attribute name="ProportionalT" value="34.000000" />
  <attribute name="ProportionalI" value="34.000000" />
  <attribute name="ProportionalH" value="34.000000" />
  <attribute name="Current Error" value="68.000000" />
  <attribute name="IntegralT" value="34.000000" />
  <attribute name="IntegralI" value="34.000000" />
  <attribute name="IntegralH" value="34.000000" />
  <attribute name="DerivativeT" value="68.000000" />
  <attribute name="DerivativeI" value="68.000000" />
  <attribute name="DerivativeH" value="68.000000" />
  <attribute name="Loop Time for DT" value="1.000000" />
  <attribute name="Output H" value="8388608"/>
  <attribute name="Output I" value="200"/>
  <attribute name="Output T" value="16"/>
  <attribute name="Target GC Util Change" value ="80.000000" />
  <attribute name="Current GC Util Change" value="148.000000"/>
  <attribute name="GC Util currently" value="148" />
  <attribute name="CPU Util currently" value="1105505249507" />
<exclusive-end id="1606" timestamp="2019-08-11T05:39:06.339" durationms="21.761" />

<exclusive-start id="1607" timestamp="2019-08-11T05:39:06.522" intervalms="204.410">
  <response-info timems="0.057" idlems="0.057" threads="0" lastid="000000000239EF00" lastname="main" />
</exclusive-start>
<allocation-taxation id="1608" taxation-threshold="46137344" timestamp="2019-08-11T05:39:06.522" intervalms="204.408" />
<cycle-start id="1609" type="partial gc" contextid="0" timestamp="2019-08-11T05:39:06.522" intervalms="204.259" />
<gc-start id="1610" type="partial gc" contextid="1609" timestamp="2019-08-11T05:39:06.522">
  <mem-info id="1611" free="50331648" total="153092096" percent="32">
    <mem type="eden" free="0" total="46137344" percent="0" />
    <remembered-set count="5824" freebytes="6097024" totalbytes="6120320" percent="99" regionsoverflowed="0" regionsstable="8" regionsrebuilding="0"/>
  </mem-info>
</gc-start>
<allocation-stats totalBytes="46090832" >
  <allocated-bytes non-tlh="0" tlh="46090832" arrayletleaf="0"/>
  <largest-consumer threadName="main" threadId="000000000239EF00" bytes="46090832" />
</allocation-stats>
<gc-op id="1612" type="copy forward" timems="8.950" contextid="1609" timestamp="2019-08-11T05:39:06.534">
  <memory-copied type="eden" objects="29" bytes="1504" bytesdiscarded="0" />
  <memory-copied type="other" objects="52" bytes="1208" bytesdiscarded="1536" />
  <memory-cardclean objects="148" bytes="13408" />
  <regions eden="22" other="3" />
  <remembered-set-cleared processed="1304" cleared="24" durationms="0.116" />
  <references type="weak" candidates="2" cleared="0" enqueued="0" />
  <stringconstants candidates="13690" cleared="0"  />
</gc-op>
<gc-op id="1613" type="classunload" timems="0.013" contextid="1609" timestamp="2019-08-11T05:39:06.534">
  <classunload-info classloadercandidates="54" classloadersunloaded="0" classesunloaded="0" anonymousclassesunloaded="0" quiescems="0.000" setupms="0.013" scanms="0.000" postms="0.000" />
</gc-op>
<heap-resize id="1614" type="contract" space="default" amount="6291456" count="1" timems="0.213" reason="excess free space following gc" timestamp="2019-08-11T05:39:06.534" />
<gc-end id="1615" type="partial gc" contextid="1609" durationms="11.781" usertimems="31.775" systemtimems="0.000" timestamp="2019-08-11T05:39:06.534" activeThreads="16">
  <mem-info id="1616" free="90177536" total="146800640" percent="61">
    <mem type="eden" free="2095648" total="2097152" percent="99" />
    <remembered-set count="4224" freebytes="6103424" totalbytes="6120320" percent="99" regionsoverflowed="0" regionsstable="8" regionsrebuilding="0"/>
  </mem-info>
</gc-end>
<cycle-end id="1617" type="partial gc" contextid="1609" timestamp="2019-08-11T05:39:06.534" />
  <attribute name="elasticGC enabled" value="1" />
  <attribute name= "numThreadsSpecified" value="16" />
  <attribute name="heapSize specified" value="0" />
  <attribute name="Current GC Util" value="139" />
  <attribute name= "Current Time Running" value="128410" />
  <attribute name ="GC Interval" value="0" />
  <attribute name="ProportionalT" value="29.500000" />
  <attribute name="ProportionalI" value="29.500000" />
  <attribute name="ProportionalH" value="29.500000" />
  <attribute name="Current Error" value="59.000000" />
  <attribute name="IntegralT" value="59.000000" />
  <attribute name="IntegralI" value="59.000000" />
  <attribute name="IntegralH" value="59.000000" />
  <attribute name="DerivativeT" value="29.500000" />
  <attribute name="DerivativeI" value="29.500000" />
  <attribute name="DerivativeH" value="29.500000" />
  <attribute name="Loop Time for DT" value="2.000000" />
  <attribute name="Output H" value="8388608"/>
  <attribute name="Output I" value="200"/>
  <attribute name="Output T" value="16"/>
  <attribute name="Target GC Util Change" value ="80.000000" />
  <attribute name="Current GC Util Change" value="139.000000"/>
  <attribute name="GC Util currently" value="139" />
  <attribute name="CPU Util currently" value="588107620820" />
<exclusive-end id="1618" timestamp="2019-08-11T05:39:06.534" durationms="12.491" />

<exclusive-start id="1619" timestamp="2019-08-11T05:39:06.609" intervalms="87.103">
  <response-info timems="0.049" idlems="0.049" threads="0" lastid="000000000239EF00" lastname="main" />
</exclusive-start>
<allocation-taxation id="1620" taxation-threshold="44040192" timestamp="2019-08-11T05:39:06.609" intervalms="87.090" />
<cycle-start id="1621" type="partial gc" contextid="0" timestamp="2019-08-11T05:39:06.609" intervalms="87.058" />
<gc-start id="1622" type="partial gc" contextid="1621" timestamp="2019-08-11T05:39:06.609">
  <mem-info id="1623" free="46137344" total="146800640" percent="31">
    <mem type="eden" free="0" total="44040192" percent="0" />
    <remembered-set count="3872" freebytes="6104832" totalbytes="6120320" percent="99" regionsoverflowed="0" regionsstable="8" regionsrebuilding="0"/>
  </mem-info>
</gc-start>
<allocation-stats totalBytes="44008224" >
  <allocated-bytes non-tlh="0" tlh="44008224" arrayletleaf="0"/>
  <largest-consumer threadName="main" threadId="000000000239EF00" bytes="44008224" />
</allocation-stats>
<gc-op id="1624" type="copy forward" timems="12.971" contextid="1621" timestamp="2019-08-11T05:39:06.624">
  <memory-copied type="eden" objects="4" bytes="288" bytesdiscarded="0" />
  <memory-copied type="other" objects="32" bytes="1376" bytesdiscarded="0" />
  <memory-cardclean objects="58" bytes="2256" />
  <regions eden="21" other="2" />
  <remembered-set-cleared processed="1311" cleared="11" durationms="0.139" />
  <stringconstants candidates="13690" cleared="0"  />
</gc-op>
<gc-op id="1625" type="classunload" timems="0.011" contextid="1621" timestamp="2019-08-11T05:39:06.624">
  <classunload-info classloadercandidates="54" classloadersunloaded="0" classesunloaded="0" anonymousclassesunloaded="0" quiescems="0.000" setupms="0.011" scanms="0.000" postms="0.000" />
</gc-op>
<gc-end id="1626" type="partial gc" contextid="1621" durationms="15.144" usertimems="49.165" systemtimems="0.000" timestamp="2019-08-11T05:39:06.625" activeThreads="16">
  <mem-info id="1627" free="88080384" total="146800640" percent="60">
    <mem type="eden" free="2096864" total="2097152" percent="99" />
    <remembered-set count="3936" freebytes="5853056" totalbytes="5868800" percent="99" regionsoverflowed="0" regionsstable="8" regionsrebuilding="0"/>
  </mem-info>
</gc-end>
<cycle-end id="1628" type="partial gc" contextid="1621" timestamp="2019-08-11T05:39:06.625" />
  <attribute name="elasticGC enabled" value="1" />
  <attribute name= "numThreadsSpecified" value="16" />
  <attribute name="heapSize specified" value="0" />
  <attribute name="Current GC Util" value="138" />
  <attribute name= "Current Time Running" value="128496" />
  <attribute name ="GC Interval" value="0" />
  <attribute name="ProportionalT" value="29.000000" />
  <attribute name="ProportionalI" value="29.000000" />
  <attribute name="ProportionalH" value="29.000000" />
  <attribute name="Current Error" value="58.000000" />
  <attribute name="IntegralT" value="29.000000" />
  <attribute name="IntegralI" value="29.000000" />
  <attribute name="IntegralH" value="29.000000" />
  <attribute name="DerivativeT" value="58.000000" />
  <attribute name="DerivativeI" value="58.000000" />
  <attribute name="DerivativeH" value="58.000000" />
  <attribute name="Loop Time for DT" value="1.000000" />
  <attribute name="Output H" value="8388608"/>
  <attribute name="Output I" value="200"/>
  <attribute name="Output T" value="16"/>
  <attribute name="Target GC Util Change" value ="80.000000" />
  <attribute name="Current GC Util Change" value="138.000000"/>
  <attribute name="GC Util currently" value="138" />
  <attribute name="CPU Util currently" value="713613727861" />
<exclusive-end id="1629" timestamp="2019-08-11T05:39:06.625" durationms="15.790" />

<exclusive-start id="1630" timestamp="2019-08-11T05:39:06.952" intervalms="342.462">
  <response-info timems="0.126" idlems="0.126" threads="0" lastid="000000000239EF00" lastname="main" />
</exclusive-start>
<allocation-taxation id="1631" taxation-threshold="44040192" timestamp="2019-08-11T05:39:06.952" intervalms="342.467" />
<cycle-start id="1632" type="partial gc" contextid="0" timestamp="2019-08-11T05:39:06.952" intervalms="342.449" />
<gc-start id="1633" type="partial gc" contextid="1632" timestamp="2019-08-11T05:39:06.952">
  <mem-info id="1634" free="44040192" total="146800640" percent="30">
    <mem type="eden" free="2096864" total="46137344" percent="4" />
    <remembered-set count="3936" freebytes="5853056" totalbytes="5868800" percent="99" regionsoverflowed="0" regionsstable="8" regionsrebuilding="0"/>
  </mem-info>
</gc-start>
<allocation-stats totalBytes="43982992" >
  <allocated-bytes non-tlh="3776" tlh="43979216" arrayletleaf="0"/>
  <largest-consumer threadName="main" threadId="000000000239EF00" bytes="43982992" />
</allocation-stats>
<gc-op id="1635" type="copy forward" timems="10.102" contextid="1632" timestamp="2019-08-11T05:39:06.963">
  <memory-copied type="eden" objects="1028" bytes="52720" bytesdiscarded="5024" />
  <memory-copied type="other" objects="39" bytes="1104" bytesdiscarded="1056" />
  <memory-cardclean objects="406" bytes="26368" />
  <regions eden="21" other="3" />
  <remembered-set-cleared processed="1310" cleared="37" durationms="0.124" />
  <references type="soft" candidates="11" cleared="0" enqueued="0" dynamicThreshold="19" maxThreshold="32" />
  <references type="weak" candidates="64" cleared="0" enqueued="0" />
  <stringconstants candidates="13727" cleared="0"  />
</gc-op>
<gc-op id="1636" type="classunload" timems="0.013" contextid="1632" timestamp="2019-08-11T05:39:06.963">
  <classunload-info classloadercandidates="54" classloadersunloaded="0" classesunloaded="0" anonymousclassesunloaded="0" quiescems="0.000" setupms="0.013" scanms="0.000" postms="0.000" />
</gc-op>
<gc-end id="1637" type="partial gc" contextid="1632" durationms="11.472" usertimems="25.394" systemtimems="0.000" timestamp="2019-08-11T05:39:06.963" activeThreads="16">
  <mem-info id="1638" free="90177536" total="146800640" percent="61">
    <mem type="eden" free="2039376" total="2097152" percent="97" />
    <remembered-set count="3456" freebytes="5854976" totalbytes="5868800" percent="99" regionsoverflowed="0" regionsstable="8" regionsrebuilding="0"/>
  </mem-info>
</gc-end>
<cycle-end id="1639" type="partial gc" contextid="1632" timestamp="2019-08-11T05:39:06.964" />
  <attribute name="elasticGC enabled" value="1" />
  <attribute name= "numThreadsSpecified" value="16" />
  <attribute name="heapSize specified" value="0" />
  <attribute name="Current GC Util" value="112" />
  <attribute name= "Current Time Running" value="128838" />
  <attribute name ="GC Interval" value="0" />
  <attribute name="ProportionalT" value="16.000000" />
  <attribute name="ProportionalI" value="16.000000" />
  <attribute name="ProportionalH" value="16.000000" />
  <attribute name="Current Error" value="32.000000" />
  <attribute name="IntegralT" value="16.000000" />
  <attribute name="IntegralI" value="16.000000" />
  <attribute name="IntegralH" value="16.000000" />
  <attribute name="DerivativeT" value="32.000000" />
  <attribute name="DerivativeI" value="32.000000" />
  <attribute name="DerivativeH" value="32.000000" />
  <attribute name="Loop Time for DT" value="1.000000" />
  <attribute name="Output H" value="8388608"/>
  <attribute name="Output I" value="200"/>
  <attribute name="Output T" value="16"/>
  <attribute name="Target GC Util Change" value ="80.000000" />
  <attribute name="Current GC Util Change" value="112.000000"/>
  <attribute name="GC Util currently" value="112" />
  <attribute name="CPU Util currently" value="1410675952641" />
<exclusive-end id="1640" timestamp="2019-08-11T05:39:06.964" durationms="12.185" />

<exclusive-start id="1641" timestamp="2019-08-11T05:39:07.090" intervalms="138.709">
  <response-info timems="0.068" idlems="0.068" threads="0" lastid="000000000239EF00" lastname="main" />
</exclusive-start>
<allocation-taxation id="1642" taxation-threshold="44040192" timestamp="2019-08-11T05:39:07.090" intervalms="138.706" />
<cycle-start id="1643" type="partial gc" contextid="0" timestamp="2019-08-11T05:39:07.090" intervalms="138.756" />
<gc-start id="1644" type="partial gc" contextid="1643" timestamp="2019-08-11T05:39:07.091">
  <mem-info id="1645" free="46137344" total="146800640" percent="31">
    <mem type="eden" free="0" total="44040192" percent="0" />
    <remembered-set count="2976" freebytes="5856896" totalbytes="5868800" percent="99" regionsoverflowed="0" regionsstable="8" regionsrebuilding="0"/>
  </mem-info>
</gc-start>
<allocation-stats totalBytes="43966120" >
  <allocated-bytes non-tlh="0" tlh="43966120" arrayletleaf="0"/>
  <largest-consumer threadName="main" threadId="000000000239EF00" bytes="43966120" />
</allocation-stats>
<gc-op id="1646" type="copy forward" timems="15.676" contextid="1643" timestamp="2019-08-11T05:39:07.107">
  <memory-copied type="eden" objects="3" bytes="96" bytesdiscarded="0" />
  <memory-copied type="other" objects="1043" bytes="53048" bytesdiscarded="5184" />
  <memory-cardclean objects="164" bytes="18056" />
  <regions eden="21" other="3" />
  <remembered-set-cleared processed="1306" cleared="18" durationms="0.095" />
  <references type="soft" candidates="11" cleared="0" enqueued="0" dynamicThreshold="19" maxThreshold="32" />
  <references type="weak" candidates="62" cleared="0" enqueued="0" />
  <stringconstants candidates="13727" cleared="0"  />
</gc-op>
<gc-op id="1647" type="classunload" timems="0.009" contextid="1643" timestamp="2019-08-11T05:39:07.108">
  <classunload-info classloadercandidates="54" classloadersunloaded="0" classesunloaded="0" anonymousclassesunloaded="0" quiescems="0.000" setupms="0.009" scanms="0.000" postms="0.000" />
</gc-op>
<gc-end id="1648" type="partial gc" contextid="1643" durationms="16.984" usertimems="29.666" systemtimems="0.000" timestamp="2019-08-11T05:39:07.108" activeThreads="16">
  <mem-info id="1649" free="90177536" total="146800640" percent="61">
    <mem type="eden" free="2097056" total="2097152" percent="99" />
    <remembered-set count="5184" freebytes="5848064" totalbytes="5868800" percent="99" regionsoverflowed="0" regionsstable="8" regionsrebuilding="0"/>
  </mem-info>
</gc-end>
<cycle-end id="1650" type="partial gc" contextid="1643" timestamp="2019-08-11T05:39:07.108" />
  <attribute name="elasticGC enabled" value="1" />
  <attribute name= "numThreadsSpecified" value="16" />
  <attribute name="heapSize specified" value="0" />
  <attribute name="Current GC Util" value="103" />
  <attribute name= "Current Time Running" value="128977" />
  <attribute name ="GC Interval" value="0" />
  <attribute name="ProportionalT" value="11.500000" />
  <attribute name="ProportionalI" value="11.500000" />
  <attribute name="ProportionalH" value="11.500000" />
  <attribute name="Current Error" value="23.000000" />
  <attribute name="IntegralT" value="11.500000" />
  <attribute name="IntegralI" value="11.500000" />
  <attribute name="IntegralH" value="11.500000" />
  <attribute name="DerivativeT" value="23.000000" />
  <attribute name="DerivativeI" value="23.000000" />
  <attribute name="DerivativeH" value="23.000000" />
  <attribute name="Loop Time for DT" value="1.000000" />
  <attribute name="Output H" value="8388608"/>
  <attribute name="Output I" value="200"/>
  <attribute name="Output T" value="16"/>
  <attribute name="Target GC Util Change" value ="80.000000" />
  <attribute name="Current GC Util Change" value="103.000000"/>
  <attribute name="GC Util currently" value="103" />
  <attribute name="CPU Util currently" value="1717901476105" />
<exclusive-end id="1651" timestamp="2019-08-11T05:39:07.108" durationms="18.002" />

<exclusive-start id="1652" timestamp="2019-08-11T05:39:07.763" intervalms="673.053">
  <response-info timems="0.106" idlems="0.106" threads="0" lastid="000000000239EF00" lastname="main" />
</exclusive-start>
<allocation-taxation id="1653" taxation-threshold="44040192" timestamp="2019-08-11T05:39:07.763" intervalms="673.071" />
<cycle-start id="1654" type="partial gc" contextid="0" timestamp="2019-08-11T05:39:07.763" intervalms="673.080" />
<gc-start id="1655" type="partial gc" contextid="1654" timestamp="2019-08-11T05:39:07.764">
  <mem-info id="1656" free="46137344" total="146800640" percent="31">
    <mem type="eden" free="2097056" total="46137344" percent="4" />
    <remembered-set count="4864" freebytes="5849344" totalbytes="5868800" percent="99" regionsoverflowed="0" regionsstable="8" regionsrebuilding="0"/>
  </mem-info>
</gc-start>
<allocation-stats totalBytes="44027864" >
  <allocated-bytes non-tlh="0" tlh="44027864" arrayletleaf="0"/>
  <largest-consumer threadName="main" threadId="000000000239EF00" bytes="44027864" />
</allocation-stats>
<gc-op id="1657" type="copy forward" timems="1.644" contextid="1654" timestamp="2019-08-11T05:39:07.766">
  <memory-copied type="eden" objects="68" bytes="2200" bytesdiscarded="0" />
  <memory-copied type="other" objects="37" bytes="968" bytesdiscarded="0" />
  <memory-cardclean objects="177" bytes="14776" />
  <regions eden="21" other="2" />
  <remembered-set-cleared processed="1334" cleared="25" durationms="0.213" />
  <references type="weak" candidates="38" cleared="0" enqueued="0" />
  <stringconstants candidates="13727" cleared="0"  />
</gc-op>
<gc-op id="1658" type="classunload" timems="0.006" contextid="1654" timestamp="2019-08-11T05:39:07.766">
  <classunload-info classloadercandidates="54" classloadersunloaded="0" classesunloaded="0" anonymousclassesunloaded="0" quiescems="0.000" setupms="0.006" scanms="0.000" postms="0.000" />
</gc-op>
<heap-resize id="1659" type="contract" space="default" amount="8388608" count="1" timems="0.365" reason="insufficient time being spent in gc" timestamp="2019-08-11T05:39:07.767" />
<gc-end id="1660" type="partial gc" contextid="1654" durationms="2.954" usertimems="8.860" systemtimems="0.000" timestamp="2019-08-11T05:39:07.767" activeThreads="1">
  <mem-info id="1661" free="81788928" total="138412032" percent="59">
    <mem type="eden" free="2094952" total="2097152" percent="99" />
    <remembered-set count="4832" freebytes="5849472" totalbytes="5868800" percent="99" regionsoverflowed="0" regionsstable="8" regionsrebuilding="0"/>
  </mem-info>
</gc-end>
<cycle-end id="1662" type="partial gc" contextid="1654" timestamp="2019-08-11T05:39:07.767" />
  <attribute name="elasticGC enabled" value="1" />
  <attribute name= "numThreadsSpecified" value="1" />
  <attribute name="heapSize specified" value="0" />
  <attribute name="Current GC Util" value="168" />
  <attribute name= "Current Time Running" value="129649" />
  <attribute name ="GC Interval" value="0" />
  <attribute name="ProportionalT" value="44.000000" />
  <attribute name="ProportionalI" value="44.000000" />
  <attribute name="ProportionalH" value="44.000000" />
  <attribute name="Current Error" value="88.000000" />
  <attribute name="IntegralT" value="0.000000" />
  <attribute name="IntegralI" value="0.000000" />
  <attribute name="IntegralH" value="0.000000" />
  <attribute name="DerivativeT" value="inf" />
  <attribute name="DerivativeI" value="inf" />
  <attribute name="DerivativeH" value="inf" />
  <attribute name="Loop Time for DT" value="0.000000" />
  <attribute name="Output H" value="8388608"/>
  <attribute name="Output I" value="200"/>
  <attribute name="Output T" value="1"/>
  <attribute name="Target GC Util Change" value ="80.000000" />
  <attribute name="Current GC Util Change" value="168.000000"/>
  <attribute name="GC Util currently" value="168" />
  <attribute name="CPU Util currently" value="2557177717701" />
<exclusive-end id="1663" timestamp="2019-08-11T05:39:07.767" durationms="3.667" />

<exclusive-start id="1664" timestamp="2019-08-11T05:39:07.909" intervalms="145.654">
  <response-info timems="0.075" idlems="0.075" threads="0" lastid="000000000239EF00" lastname="main" />
</exclusive-start>
<allocation-taxation id="1665" taxation-threshold="41943040" timestamp="2019-08-11T05:39:07.909" intervalms="145.640" />
<cycle-start id="1666" type="partial gc" contextid="0" timestamp="2019-08-11T05:39:07.909" intervalms="145.687" />
<gc-start id="1667" type="partial gc" contextid="1666" timestamp="2019-08-11T05:39:07.909">
  <mem-info id="1668" free="39845888" total="138412032" percent="28">
    <mem type="eden" free="0" total="41943040" percent="0" />
    <remembered-set count="4608" freebytes="5850368" totalbytes="5868800" percent="99" regionsoverflowed="0" regionsstable="8" regionsrebuilding="0"/>
  </mem-info>
</gc-start>
<allocation-stats totalBytes="41934992" >
  <allocated-bytes non-tlh="0" tlh="41934992" arrayletleaf="0"/>
  <largest-consumer threadName="main" threadId="000000000239EF00" bytes="41934992" />
</allocation-stats>
<gc-op id="1669" type="copy forward" timems="10.177" contextid="1666" timestamp="2019-08-11T05:39:07.922">
  <memory-copied type="eden" objects="5" bytes="240" bytesdiscarded="0" />
  <memory-copied type="other" objects="86" bytes="3480" bytesdiscarded="2264" />
  <memory-cardclean objects="110" bytes="12440" />
  <regions eden="20" other="3" />
  <remembered-set-cleared processed="1328" cleared="24" durationms="0.160" />
  <references type="weak" candidates="34" cleared="0" enqueued="0" />
  <stringconstants candidates="13727" cleared="0"  />
</gc-op>
<gc-op id="1670" type="classunload" timems="0.013" contextid="1666" timestamp="2019-08-11T05:39:07.922">
  <classunload-info classloadercandidates="54" classloadersunloaded="0" classesunloaded="0" anonymousclassesunloaded="0" quiescems="0.000" setupms="0.013" scanms="0.000" postms="0.000" />
</gc-op>
<heap-resize id="1671" type="contract" space="default" amount="8388608" count="1" timems="0.270" reason="insufficient time being spent in gc" timestamp="2019-08-11T05:39:07.922" />
<gc-end id="1672" type="partial gc" contextid="1666" durationms="12.956" usertimems="31.549" systemtimems="0.000" timestamp="2019-08-11T05:39:07.922" activeThreads="16">
  <mem-info id="1673" free="73400320" total="130023424" percent="56">
    <mem type="eden" free="2096912" total="2097152" percent="99" />
    <remembered-set count="4192" freebytes="5516672" totalbytes="5533440" percent="99" regionsoverflowed="0" regionsstable="8" regionsrebuilding="0"/>
  </mem-info>
</gc-end>
<cycle-end id="1674" type="partial gc" contextid="1666" timestamp="2019-08-11T05:39:07.922" />
  <attribute name="elasticGC enabled" value="1" />
  <attribute name= "numThreadsSpecified" value="16" />
  <attribute name="heapSize specified" value="0" />
  <attribute name="Current GC Util" value="76" />
  <attribute name= "Current Time Running" value="129796" />
  <attribute name ="GC Interval" value="0" />
  <attribute name="ProportionalT" value="-2.000000" />
  <attribute name="ProportionalI" value="-2.000000" />
  <attribute name="ProportionalH" value="-2.000000" />
  <attribute name="Current Error" value="-4.000000" />
  <attribute name="IntegralT" value="-2.000000" />
  <attribute name="IntegralI" value="-2.000000" />
  <attribute name="IntegralH" value="-2.000000" />
  <attribute name="DerivativeT" value="-4.000000" />
  <attribute name="DerivativeI" value="-4.000000" />
  <attribute name="DerivativeH" value="-4.000000" />
  <attribute name="Loop Time for DT" value="1.000000" />
  <attribute name="Output H" value="4202627072"/>
  <attribute name="Output I" value="200"/>
  <attribute name="Output T" value="16"/>
  <attribute name="Target GC Util Change" value ="80.000000" />
  <attribute name="Current GC Util Change" value="76.000000"/>
  <attribute name="GC Util currently" value="76" />
  <attribute name="CPU Util currently" value="704564258317" />
<exclusive-end id="1675" timestamp="2019-08-11T05:39:07.923" durationms="13.664" />

<exclusive-start id="1676" timestamp="2019-08-11T05:39:08.092" intervalms="182.953">
  <response-info timems="0.028" idlems="0.028" threads="0" lastid="000000000239EF00" lastname="main" />
</exclusive-start>
<allocation-taxation id="1677" taxation-threshold="39845888" timestamp="2019-08-11T05:39:08.092" intervalms="182.956" />
<cycle-start id="1678" type="partial gc" contextid="0" timestamp="2019-08-11T05:39:08.092" intervalms="182.863" />
<gc-start id="1679" type="partial gc" contextid="1678" timestamp="2019-08-11T05:39:08.092">
  <mem-info id="1680" free="33554432" total="130023424" percent="25">
    <mem type="eden" free="2096912" total="41943040" percent="4" />
    <remembered-set count="3744" freebytes="5518464" totalbytes="5533440" percent="99" regionsoverflowed="0" regionsstable="8" regionsrebuilding="0"/>
  </mem-info>
</gc-start>
<allocation-stats totalBytes="39838832" >
  <allocated-bytes non-tlh="0" tlh="39838832" arrayletleaf="0"/>
  <largest-consumer threadName="main" threadId="000000000239EF00" bytes="39838832" />
</allocation-stats>
<gc-op id="1681" type="copy forward" timems="8.351" contextid="1678" timestamp="2019-08-11T05:39:08.102">
  <memory-copied type="eden" objects="1" bytes="24" bytesdiscarded="0" />
  <memory-copied type="other" objects="21" bytes="608" bytesdiscarded="320" />
  <memory-cardclean objects="54" bytes="10152" />
  <regions eden="19" other="2" />
  <remembered-set-cleared processed="1335" cleared="17" durationms="0.197" />
  <references type="weak" candidates="14" cleared="0" enqueued="0" />
  <stringconstants candidates="13727" cleared="0"  />
</gc-op>
<gc-op id="1682" type="classunload" timems="0.012" contextid="1678" timestamp="2019-08-11T05:39:08.102">
  <classunload-info classloadercandidates="54" classloadersunloaded="0" classesunloaded="0" anonymousclassesunloaded="0" quiescems="0.000" setupms="0.011" scanms="0.000" postms="0.000" />
</gc-op>
<heap-resize id="1683" type="contract" space="default" amount="8388608" count="1" timems="0.103" reason="insufficient time being spent in gc" timestamp="2019-08-11T05:39:08.102" />
<gc-end id="1684" type="partial gc" contextid="1678" durationms="9.967" usertimems="19.923" systemtimems="0.000" timestamp="2019-08-11T05:39:08.102" activeThreads="16">
  <mem-info id="1685" free="65011712" total="121634816" percent="53">
    <mem type="eden" free="2097128" total="2097152" percent="99" />
    <remembered-set count="4416" freebytes="5180416" totalbytes="5198080" percent="99" regionsoverflowed="0" regionsstable="8" regionsrebuilding="0"/>
  </mem-info>
</gc-end>
<cycle-end id="1686" type="partial gc" contextid="1678" timestamp="2019-08-11T05:39:08.102" />
  <attribute name="elasticGC enabled" value="1" />
  <attribute name= "numThreadsSpecified" value="16" />
  <attribute name="heapSize specified" value="0" />
  <attribute name="Current GC Util" value="141" />
  <attribute name= "Current Time Running" value="129978" />
  <attribute name ="GC Interval" value="0" />
  <attribute name="ProportionalT" value="30.500000" />
  <attribute name="ProportionalI" value="30.500000" />
  <attribute name="ProportionalH" value="30.500000" />
  <attribute name="Current Error" value="61.000000" />
  <attribute name="IntegralT" value="30.500000" />
  <attribute name="IntegralI" value="30.500000" />
  <attribute name="IntegralH" value="30.500000" />
  <attribute name="DerivativeT" value="61.000000" />
  <attribute name="DerivativeI" value="61.000000" />
  <attribute name="DerivativeH" value="61.000000" />
  <attribute name="Loop Time for DT" value="1.000000" />
  <attribute name="Output H" value="8388608"/>
  <attribute name="Output I" value="200"/>
  <attribute name="Output T" value="16"/>
  <attribute name="Target GC Util Change" value ="80.000000" />
  <attribute name="Current GC Util Change" value="141.000000"/>
  <attribute name="GC Util currently" value="141" />
  <attribute name="CPU Util currently" value="1173096385812" />
<exclusive-end id="1687" timestamp="2019-08-11T05:39:08.102" durationms="10.560" />

<exclusive-start id="1688" timestamp="2019-08-11T05:39:08.257" intervalms="164.756">
  <response-info timems="0.020" idlems="0.020" threads="0" lastid="000000000239EF00" lastname="main" />
</exclusive-start>
<allocation-taxation id="1689" taxation-threshold="37748736" timestamp="2019-08-11T05:39:08.257" intervalms="164.753" />
<cycle-start id="1690" type="partial gc" contextid="0" timestamp="2019-08-11T05:39:08.257" intervalms="164.728" />
<gc-start id="1691" type="partial gc" contextid="1690" timestamp="2019-08-11T05:39:08.257">
  <mem-info id="1692" free="27262976" total="121634816" percent="22">
    <mem type="eden" free="2097128" total="39845888" percent="5" />
    <remembered-set count="3936" freebytes="5182336" totalbytes="5198080" percent="99" regionsoverflowed="0" regionsstable="8" regionsrebuilding="0"/>
  </mem-info>
</gc-start>
<allocation-stats totalBytes="37741848" >
  <allocated-bytes non-tlh="0" tlh="37741848" arrayletleaf="0"/>
  <largest-consumer threadName="main" threadId="000000000239EF00" bytes="37741848" />
</allocation-stats>
<gc-op id="1693" type="copy forward" timems="8.298" contextid="1690" timestamp="2019-08-11T05:39:08.267">
  <memory-copied type="eden" objects="5" bytes="240" bytesdiscarded="0" />
  <memory-copied type="other" objects="7" bytes="160" bytesdiscarded="0" />
  <memory-cardclean objects="53" bytes="1952" />
  <regions eden="18" other="2" />
  <remembered-set-cleared processed="1336" cleared="12" durationms="0.136" />
  <stringconstants candidates="13727" cleared="0"  />
</gc-op>
<gc-op id="1694" type="classunload" timems="0.013" contextid="1690" timestamp="2019-08-11T05:39:08.267">
  <classunload-info classloadercandidates="54" classloadersunloaded="0" classesunloaded="0" anonymousclassesunloaded="0" quiescems="0.000" setupms="0.013" scanms="0.000" postms="0.000" />
</gc-op>
<gc-end id="1695" type="partial gc" contextid="1690" durationms="10.218" usertimems="19.744" systemtimems="0.000" timestamp="2019-08-11T05:39:08.267" activeThreads="16">
  <mem-info id="1696" free="65011712" total="121634816" percent="53">
    <mem type="eden" free="2096912" total="2097152" percent="99" />
    <remembered-set count="3552" freebytes="4848512" totalbytes="4862720" percent="99" regionsoverflowed="0" regionsstable="8" regionsrebuilding="0"/>
  </mem-info>
</gc-end>
<cycle-end id="1697" type="partial gc" contextid="1690" timestamp="2019-08-11T05:39:08.267" />
  <attribute name="elasticGC enabled" value="1" />
  <attribute name= "numThreadsSpecified" value="16" />
  <attribute name="heapSize specified" value="0" />
  <attribute name="Current GC Util" value="140" />
  <attribute name= "Current Time Running" value="130144" />
  <attribute name ="GC Interval" value="0" />
  <attribute name="ProportionalT" value="30.000000" />
  <attribute name="ProportionalI" value="30.000000" />
  <attribute name="ProportionalH" value="30.000000" />
  <attribute name="Current Error" value="60.000000" />
  <attribute name="IntegralT" value="60.000000" />
  <attribute name="IntegralI" value="60.000000" />
  <attribute name="IntegralH" value="60.000000" />
  <attribute name="DerivativeT" value="30.000000" />
  <attribute name="DerivativeI" value="30.000000" />
  <attribute name="DerivativeH" value="30.000000" />
  <attribute name="Loop Time for DT" value="2.000000" />
  <attribute name="Output H" value="8388608"/>
  <attribute name="Output I" value="200"/>
  <attribute name="Output T" value="16"/>
  <attribute name="Target GC Util Change" value ="80.000000" />
  <attribute name="Current GC Util Change" value="140.000000"/>
  <attribute name="GC Util currently" value="140" />
  <attribute name="CPU Util currently" value="866880412011" />
<exclusive-end id="1698" timestamp="2019-08-11T05:39:08.268" durationms="10.937" />

<exclusive-start id="1699" timestamp="2019-08-11T05:39:08.365" intervalms="108.067">
  <response-info timems="0.018" idlems="0.018" threads="0" lastid="000000000239EF00" lastname="main" />
</exclusive-start>
<allocation-taxation id="1700" taxation-threshold="37748736" timestamp="2019-08-11T05:39:08.365" intervalms="108.058" />
<cycle-start id="1701" type="partial gc" contextid="0" timestamp="2019-08-11T05:39:08.365" intervalms="108.129" />
<gc-start id="1702" type="partial gc" contextid="1701" timestamp="2019-08-11T05:39:08.365">
  <mem-info id="1703" free="27262976" total="121634816" percent="22">
    <mem type="eden" free="2096912" total="39845888" percent="5" />
    <remembered-set count="3552" freebytes="4848512" totalbytes="4862720" percent="99" regionsoverflowed="0" regionsstable="8" regionsrebuilding="0"/>
  </mem-info>
</gc-start>
<allocation-stats totalBytes="37741552" >
  <allocated-bytes non-tlh="0" tlh="37741552" arrayletleaf="0"/>
  <largest-consumer threadName="main" threadId="000000000239EF00" bytes="37741552" />
</allocation-stats>
<gc-op id="1704" type="copy forward" timems="13.360" contextid="1701" timestamp="2019-08-11T05:39:08.379">
  <memory-copied type="eden" objects="4" bytes="200" bytesdiscarded="0" />
  <memory-copied type="other" objects="37" bytes="864" bytesdiscarded="720" />
  <memory-cardclean objects="53" bytes="10128" />
  <regions eden="18" other="2" />
  <remembered-set-cleared processed="1333" cleared="10" durationms="0.116" />
  <references type="weak" candidates="2" cleared="0" enqueued="0" />
  <stringconstants candidates="13727" cleared="0"  />
</gc-op>
<gc-op id="1705" type="classunload" timems="0.015" contextid="1701" timestamp="2019-08-11T05:39:08.379">
  <classunload-info classloadercandidates="54" classloadersunloaded="0" classesunloaded="0" anonymousclassesunloaded="0" quiescems="0.000" setupms="0.014" scanms="0.000" postms="0.000" />
</gc-op>
<gc-end id="1706" type="partial gc" contextid="1701" durationms="14.435" usertimems="22.591" systemtimems="0.000" timestamp="2019-08-11T05:39:08.380" activeThreads="16">
  <mem-info id="1707" free="65011712" total="121634816" percent="53">
    <mem type="eden" free="2096952" total="2097152" percent="99" />
    <remembered-set count="4512" freebytes="4844672" totalbytes="4862720" percent="99" regionsoverflowed="0" regionsstable="8" regionsrebuilding="0"/>
  </mem-info>
</gc-end>
<cycle-end id="1708" type="partial gc" contextid="1701" timestamp="2019-08-11T05:39:08.380" />
  <attribute name="elasticGC enabled" value="1" />
  <attribute name= "numThreadsSpecified" value="16" />
  <attribute name="heapSize specified" value="0" />
  <attribute name="Current GC Util" value="146" />
  <attribute name= "Current Time Running" value="130251" />
  <attribute name ="GC Interval" value="0" />
  <attribute name="ProportionalT" value="33.000000" />
  <attribute name="ProportionalI" value="33.000000" />
  <attribute name="ProportionalH" value="33.000000" />
  <attribute name="Current Error" value="66.000000" />
  <attribute name="IntegralT" value="33.000000" />
  <attribute name="IntegralI" value="33.000000" />
  <attribute name="IntegralH" value="33.000000" />
  <attribute name="DerivativeT" value="66.000000" />
  <attribute name="DerivativeI" value="66.000000" />
  <attribute name="DerivativeH" value="66.000000" />
  <attribute name="Loop Time for DT" value="1.000000" />
  <attribute name="Output H" value="8388608"/>
  <attribute name="Output I" value="200"/>
  <attribute name="Output T" value="16"/>
  <attribute name="Target GC Util Change" value ="80.000000" />
  <attribute name="Current GC Util Change" value="146.000000"/>
  <attribute name="GC Util currently" value="146" />
  <attribute name="CPU Util currently" value="2312549340810" />
<exclusive-end id="1709" timestamp="2019-08-11T05:39:08.380" durationms="15.177" />

<exclusive-start id="1710" timestamp="2019-08-11T05:39:08.503" intervalms="138.127">
  <response-info timems="0.070" idlems="0.070" threads="0" lastid="000000000239EF00" lastname="main" />
</exclusive-start>
<allocation-taxation id="1711" taxation-threshold="37748736" timestamp="2019-08-11T05:39:08.503" intervalms="138.132" />
<cycle-start id="1712" type="partial gc" contextid="0" timestamp="2019-08-11T05:39:08.503" intervalms="138.114" />
<gc-start id="1713" type="partial gc" contextid="1712" timestamp="2019-08-11T05:39:08.503">
  <mem-info id="1714" free="27262976" total="121634816" percent="22">
    <mem type="eden" free="2096952" total="39845888" percent="5" />
    <remembered-set count="4512" freebytes="4844672" totalbytes="4862720" percent="99" regionsoverflowed="0" regionsstable="8" regionsrebuilding="0"/>
  </mem-info>
</gc-start>
<allocation-stats totalBytes="37723200" >
  <allocated-bytes non-tlh="0" tlh="37723200" arrayletleaf="0"/>
  <largest-consumer threadName="main" threadId="000000000239EF00" bytes="37723200" />
</allocation-stats>
<gc-op id="1715" type="copy forward" timems="8.845" contextid="1712" timestamp="2019-08-11T05:39:08.513">
  <memory-copied type="eden" objects="27" bytes="1368" bytesdiscarded="744" />
  <memory-copied type="other" objects="2" bytes="2248" bytesdiscarded="248" />
  <memory-cardclean objects="81" bytes="3016" />
  <regions eden="18" other="2" />
  <remembered-set-cleared processed="1334" cleared="10" durationms="0.176" />
  <stringconstants candidates="13727" cleared="0"  />
</gc-op>
<gc-op id="1716" type="classunload" timems="0.010" contextid="1712" timestamp="2019-08-11T05:39:08.513">
  <classunload-info classloadercandidates="54" classloadersunloaded="0" classesunloaded="0" anonymousclassesunloaded="0" quiescems="0.000" setupms="0.010" scanms="0.000" postms="0.000" />
</gc-op>
<gc-end id="1717" type="partial gc" contextid="1712" durationms="10.084" usertimems="22.619" systemtimems="0.000" timestamp="2019-08-11T05:39:08.513" activeThreads="16">
  <mem-info id="1718" free="65011712" total="121634816" percent="53">
    <mem type="eden" free="2095040" total="2097152" percent="99" />
    <remembered-set count="4096" freebytes="4846336" totalbytes="4862720" percent="99" regionsoverflowed="0" regionsstable="8" regionsrebuilding="0"/>
  </mem-info>
</gc-end>
<cycle-end id="1719" type="partial gc" contextid="1712" timestamp="2019-08-11T05:39:08.513" />
  <attribute name="elasticGC enabled" value="1" />
  <attribute name= "numThreadsSpecified" value="16" />
  <attribute name="heapSize specified" value="0" />
  <attribute name="Current GC Util" value="140" />
  <attribute name= "Current Time Running" value="130389" />
  <attribute name ="GC Interval" value="0" />
  <attribute name="ProportionalT" value="30.000000" />
  <attribute name="ProportionalI" value="30.000000" />
  <attribute name="ProportionalH" value="30.000000" />
  <attribute name="Current Error" value="60.000000" />
  <attribute name="IntegralT" value="30.000000" />
  <attribute name="IntegralI" value="30.000000" />
  <attribute name="IntegralH" value="30.000000" />
  <attribute name="DerivativeT" value="60.000000" />
  <attribute name="DerivativeI" value="60.000000" />
  <attribute name="DerivativeH" value="60.000000" />
  <attribute name="Loop Time for DT" value="1.000000" />
  <attribute name="Output H" value="8388608"/>
  <attribute name="Output I" value="200"/>
  <attribute name="Output T" value="16"/>
  <attribute name="Target GC Util Change" value ="80.000000" />
  <attribute name="Current GC Util Change" value="140.000000"/>
  <attribute name="GC Util currently" value="140" />
  <attribute name="CPU Util currently" value="1698302427012" />
<exclusive-end id="1720" timestamp="2019-08-11T05:39:08.514" durationms="10.760" />

<exclusive-start id="1721" timestamp="2019-08-11T05:39:08.543" intervalms="40.295">
  <response-info timems="0.022" idlems="0.022" threads="0" lastid="000000000239EF00" lastname="main" />
</exclusive-start>
<allocation-taxation id="1722" taxation-threshold="37748736" timestamp="2019-08-11T05:39:08.543" intervalms="40.303" />
<cycle-start id="1723" type="partial gc" contextid="0" timestamp="2019-08-11T05:39:08.543" intervalms="40.302" />
<gc-start id="1724" type="partial gc" contextid="1723" timestamp="2019-08-11T05:39:08.544">
  <mem-info id="1725" free="27262976" total="121634816" percent="22">
    <mem type="eden" free="0" total="37748736" percent="0" />
    <remembered-set count="3648" freebytes="4848128" totalbytes="4862720" percent="99" regionsoverflowed="0" regionsstable="8" regionsrebuilding="0"/>
  </mem-info>
</gc-start>
<allocation-stats totalBytes="37696656" >
  <allocated-bytes non-tlh="0" tlh="37696656" arrayletleaf="0"/>
  <largest-consumer threadName="main" threadId="000000000239EF00" bytes="37696656" />
</allocation-stats>
<gc-op id="1726" type="copy forward" timems="1.961" contextid="1723" timestamp="2019-08-11T05:39:08.547">
  <memory-copied type="eden" objects="4" bytes="112" bytesdiscarded="0" />
  <memory-copied type="other" objects="23" bytes="1256" bytesdiscarded="0" />
  <memory-cardclean objects="48" bytes="2024" />
  <regions eden="18" other="1" />
  <remembered-set-cleared processed="1334" cleared="8" durationms="0.201" />
  <stringconstants candidates="13727" cleared="0"  />
</gc-op>
<gc-op id="1727" type="classunload" timems="0.006" contextid="1723" timestamp="2019-08-11T05:39:08.547">
  <classunload-info classloadercandidates="54" classloadersunloaded="0" classesunloaded="0" anonymousclassesunloaded="0" quiescems="0.000" setupms="0.006" scanms="0.000" postms="0.000" />
</gc-op>
<gc-end id="1728" type="partial gc" contextid="1723" durationms="3.215" usertimems="4.846" systemtimems="0.000" timestamp="2019-08-11T05:39:08.547" activeThreads="1">
  <mem-info id="1729" free="62914560" total="121634816" percent="51">
    <mem type="eden" free="2097040" total="2097152" percent="99" />
    <remembered-set count="3936" freebytes="4846976" totalbytes="4862720" percent="99" regionsoverflowed="0" regionsstable="8" regionsrebuilding="0"/>
  </mem-info>
</gc-end>
<cycle-end id="1730" type="partial gc" contextid="1723" timestamp="2019-08-11T05:39:08.547" />
  <attribute name="elasticGC enabled" value="1" />
  <attribute name= "numThreadsSpecified" value="1" />
  <attribute name="heapSize specified" value="0" />
  <attribute name="Current GC Util" value="120" />
  <attribute name= "Current Time Running" value="130429" />
  <attribute name ="GC Interval" value="0" />
  <attribute name="ProportionalT" value="20.000000" />
  <attribute name="ProportionalI" value="20.000000" />
  <attribute name="ProportionalH" value="20.000000" />
  <attribute name="Current Error" value="40.000000" />
  <attribute name="IntegralT" value="0.000000" />
  <attribute name="IntegralI" value="0.000000" />
  <attribute name="IntegralH" value="0.000000" />
  <attribute name="DerivativeT" value="inf" />
  <attribute name="DerivativeI" value="inf" />
  <attribute name="DerivativeH" value="inf" />
  <attribute name="Loop Time for DT" value="0.000000" />
  <attribute name="Output H" value="8388608"/>
  <attribute name="Output I" value="200"/>
  <attribute name="Output T" value="1"/>
  <attribute name="Target GC Util Change" value ="80.000000" />
  <attribute name="Current GC Util Change" value="120.000000"/>
  <attribute name="GC Util currently" value="120" />
  <attribute name="CPU Util currently" value="1572769017174" />
<exclusive-end id="1731" timestamp="2019-08-11T05:39:08.547" durationms="4.013" />

<exclusive-start id="1732" timestamp="2019-08-11T05:39:08.564" intervalms="21.233">
  <response-info timems="0.261" idlems="0.261" threads="0" lastid="000000000239EF00" lastname="main" />
</exclusive-start>
<allocation-taxation id="1733" taxation-threshold="18874368" timestamp="2019-08-11T05:39:08.564" intervalms="21.235" />
<cycle-start id="1734" type="global mark phase" contextid="0" timestamp="2019-08-11T05:39:08.565" intervalms="2747.977" />
<gc-start id="1735" type="global mark phase" contextid="1734" timestamp="2019-08-11T05:39:08.565">
  <mem-info id="1736" free="44040192" total="121634816" percent="36">
    <remembered-set count="3552" freebytes="4848512" totalbytes="4862720" percent="99" regionsoverflowed="0" regionsstable="8" regionsrebuilding="0"/>
  </mem-info>
</gc-start>
<gc-op id="1737" type="mark increment" timems="5.350" contextid="1734" timestamp="2019-08-11T05:39:08.570">
  <trace-info objectcount="214" scancount="0" scanbytes="0" />
</gc-op>
<gc-end id="1738" type="global mark phase" contextid="1734" durationms="5.418" usertimems="12.484" systemtimems="0.000" timestamp="2019-08-11T05:39:08.570" activeThreads="16">
  <mem-info id="1739" free="44040192" total="121634816" percent="36">
    <remembered-set count="3552" freebytes="4848512" totalbytes="4862720" percent="99" regionsoverflowed="0" regionsstable="0" regionsrebuilding="8"/>
  </mem-info>
</gc-end>
<concurrent-start id="1740" type="GMP work packet processing" contextid="1734" timestamp="2019-08-11T05:39:08.570">
  <concurrent-mark-start scanTarget="6115708" />
</concurrent-start>
<exclusive-end id="1741" timestamp="2019-08-11T05:39:08.570" durationms="5.806" />

<concurrent-end id="1742" type="GMP work packet processing" contextid="1734" timestamp="2019-08-11T05:39:08.589">
  <concurrent-mark-end bytesScanned="6244700" reasonForTermination="Work target met" />
</concurrent-end>

<exclusive-start id="1743" timestamp="2019-08-11T05:39:08.601" intervalms="36.393">
  <response-info timems="0.085" idlems="0.085" threads="0" lastid="000000000239EF00" lastname="main" />
</exclusive-start>
<allocation-taxation id="1744" taxation-threshold="18874368" timestamp="2019-08-11T05:39:08.601" intervalms="36.387" />
<cycle-start id="1745" type="partial gc" contextid="0" timestamp="2019-08-11T05:39:08.601" intervalms="57.562" />
<gc-start id="1746" type="partial gc" contextid="1745" timestamp="2019-08-11T05:39:08.601">
  <mem-info id="1747" free="25165824" total="121634816" percent="20">
    <mem type="eden" free="2097040" total="39845888" percent="5" />
    <remembered-set count="49184" freebytes="4665984" totalbytes="4862720" percent="95" regionsoverflowed="0" regionsstable="0" regionsrebuilding="8"/>
  </mem-info>
</gc-start>
<allocation-stats totalBytes="37696680" >
  <allocated-bytes non-tlh="0" tlh="37696680" arrayletleaf="0"/>
  <largest-consumer threadName="main" threadId="000000000239EF00" bytes="18848352" />
</allocation-stats>
<gc-op id="1748" type="copy forward" timems="10.515" contextid="1745" timestamp="2019-08-11T05:39:08.615">
  <memory-copied type="eden" objects="4" bytes="112" bytesdiscarded="0" />
  <memory-copied type="other" objects="0" bytes="0" bytesdiscarded="0" />
  <memory-cardclean objects="10" bytes="232" />
  <regions eden="18" other="1" />
  <remembered-set-cleared processed="45021" cleared="10" durationms="0.740" />
  <stringconstants candidates="13727" cleared="0"  />
</gc-op>
<gc-op id="1749" type="classunload" timems="0.010" contextid="1745" timestamp="2019-08-11T05:39:08.615">
  <classunload-info classloadercandidates="54" classloadersunloaded="0" classesunloaded="0" anonymousclassesunloaded="0" quiescems="0.000" setupms="0.009" scanms="0.000" postms="0.000" />
</gc-op>
<heap-resize id="1750" type="expand" space="default" amount="20971520" count="1" timems="0.445" reason="excessive time being spent in gc" timestamp="2019-08-11T05:39:08.615" />
<gc-end id="1751" type="partial gc" contextid="1745" durationms="14.213" usertimems="38.137" systemtimems="0.000" timestamp="2019-08-11T05:39:08.615" activeThreads="16">
  <mem-info id="1752" free="83886080" total="142606336" percent="58">
    <mem type="eden" free="2097040" total="2097152" percent="99" />
    <remembered-set count="47776" freebytes="5510016" totalbytes="5701120" percent="96" regionsoverflowed="0" regionsstable="0" regionsrebuilding="8"/>
  </mem-info>
</gc-end>
<cycle-end id="1753" type="partial gc" contextid="1745" timestamp="2019-08-11T05:39:08.615" />
  <attribute name="elasticGC enabled" value="1" />
  <attribute name= "numThreadsSpecified" value="16" />
  <attribute name="heapSize specified" value="0" />
  <attribute name="Current GC Util" value="193" />
  <attribute name= "Current Time Running" value="130489" />
  <attribute name ="GC Interval" value="0" />
  <attribute name="ProportionalT" value="56.500000" />
  <attribute name="ProportionalI" value="56.500000" />
  <attribute name="ProportionalH" value="56.500000" />
  <attribute name="Current Error" value="113.000000" />
  <attribute name="IntegralT" value="56.500000" />
  <attribute name="IntegralI" value="56.500000" />
  <attribute name="IntegralH" value="56.500000" />
  <attribute name="DerivativeT" value="20.000000" />
  <attribute name="DerivativeI" value="20.000000" />
  <attribute name="DerivativeH" value="20.000000" />
  <attribute name="Loop Time for DT" value="1.000000" />
  <attribute name="Output H" value="8388608"/>
  <attribute name="Output I" value="200"/>
  <attribute name="Output T" value="16"/>
  <attribute name="Target GC Util Change" value ="80.000000" />
  <attribute name="Current GC Util Change" value="193.000000"/>
  <attribute name="GC Util currently" value="193" />
  <attribute name="CPU Util currently" value="771468233621" />
<exclusive-end id="1754" timestamp="2019-08-11T05:39:08.615" durationms="14.728" />

<exclusive-start id="1755" timestamp="2019-08-11T05:39:08.638" intervalms="37.640">
  <response-info timems="0.056" idlems="0.056" threads="0" lastid="000000000239EF00" lastname="main" />
</exclusive-start>
<allocation-taxation id="1756" taxation-threshold="20971520" timestamp="2019-08-11T05:39:08.638" intervalms="37.646" />
<gc-start id="1757" type="global mark phase" contextid="1734" timestamp="2019-08-11T05:39:08.638">
  <mem-info id="1758" free="62914560" total="142606336" percent="44">
    <remembered-set count="47296" freebytes="5511936" totalbytes="5701120" percent="96" regionsoverflowed="0" regionsstable="0" regionsrebuilding="8"/>
  </mem-info>
</gc-start>
<gc-end id="1759" type="global mark phase" contextid="1734" durationms="0.024" usertimems="0.022" systemtimems="0.000" timestamp="2019-08-11T05:39:08.639" activeThreads="16">
  <mem-info id="1760" free="62914560" total="142606336" percent="44">
    <remembered-set count="47296" freebytes="5511936" totalbytes="5701120" percent="96" regionsoverflowed="0" regionsstable="0" regionsrebuilding="8"/>
  </mem-info>
</gc-end>
<concurrent-start id="1761" type="GMP work packet processing" contextid="1734" timestamp="2019-08-11T05:39:08.639">
  <concurrent-mark-start scanTarget="6115708" />
</concurrent-start>
<exclusive-end id="1762" timestamp="2019-08-11T05:39:08.643" durationms="4.121" />

<concurrent-end id="1763" type="GMP work packet processing" contextid="1734" timestamp="2019-08-11T05:39:08.643">
  <concurrent-mark-end bytesScanned="6204868" reasonForTermination="Work target met" />
</concurrent-end>

<exclusive-start id="1764" timestamp="2019-08-11T05:39:08.657" intervalms="18.277">
  <response-info timems="0.046" idlems="0.046" threads="0" lastid="000000000239EF00" lastname="main" />
</exclusive-start>
<allocation-taxation id="1765" taxation-threshold="20971520" timestamp="2019-08-11T05:39:08.657" intervalms="18.260" />
<cycle-start id="1766" type="partial gc" contextid="0" timestamp="2019-08-11T05:39:08.657" intervalms="55.904" />
<gc-start id="1767" type="partial gc" contextid="1766" timestamp="2019-08-11T05:39:08.657">
  <mem-info id="1768" free="41943040" total="142606336" percent="29">
    <mem type="eden" free="2097040" total="44040192" percent="4" />
    <remembered-set count="101664" freebytes="5294464" totalbytes="5701120" percent="92" regionsoverflowed="0" regionsstable="0" regionsrebuilding="8"/>
  </mem-info>
</gc-start>
<allocation-stats totalBytes="41885184" >
  <allocated-bytes non-tlh="0" tlh="41885184" arrayletleaf="0"/>
  <largest-consumer threadName="main" threadId="000000000239EF00" bytes="20942592" />
</allocation-stats>
<gc-op id="1769" type="copy forward" timems="9.900" contextid="1766" timestamp="2019-08-11T05:39:08.668">
  <memory-copied type="eden" objects="4" bytes="112" bytesdiscarded="0" />
  <memory-copied type="other" objects="0" bytes="0" bytesdiscarded="0" />
  <memory-cardclean objects="10" bytes="232" />
  <regions eden="20" other="1" />
  <remembered-set-cleared processed="97560" cleared="6" durationms="0.568" />
  <stringconstants candidates="13727" cleared="0"  />
</gc-op>
<gc-op id="1770" type="classunload" timems="0.015" contextid="1766" timestamp="2019-08-11T05:39:08.668">
  <classunload-info classloadercandidates="54" classloadersunloaded="0" classesunloaded="0" anonymousclassesunloaded="0" quiescems="0.000" setupms="0.014" scanms="0.000" postms="0.000" />
</gc-op>
<heap-resize id="1771" type="expand" space="default" amount="4194304" count="1" timems="0.055" reason="excessive time being spent in gc" timestamp="2019-08-11T05:39:08.668" />
<gc-end id="1772" type="partial gc" contextid="1766" durationms="11.066" usertimems="31.567" systemtimems="0.000" timestamp="2019-08-11T05:39:08.668" activeThreads="16">
  <mem-info id="1773" free="88080384" total="146800640" percent="60">
    <mem type="eden" free="2097040" total="2097152" percent="99" />
    <remembered-set count="100864" freebytes="5465344" totalbytes="5868800" percent="93" regionsoverflowed="0" regionsstable="0" regionsrebuilding="8"/>
  </mem-info>
</gc-end>
<cycle-end id="1774" type="partial gc" contextid="1766" timestamp="2019-08-11T05:39:08.668" />
  <attribute name="elasticGC enabled" value="1" />
  <attribute name= "numThreadsSpecified" value="16" />
  <attribute name="heapSize specified" value="0" />
  <attribute name="Current GC Util" value="120" />
  <attribute name= "Current Time Running" value="130543" />
  <attribute name ="GC Interval" value="0" />
  <attribute name="ProportionalT" value="20.000000" />
  <attribute name="ProportionalI" value="20.000000" />
  <attribute name="ProportionalH" value="20.000000" />
  <attribute name="Current Error" value="40.000000" />
  <attribute name="IntegralT" value="20.000000" />
  <attribute name="IntegralI" value="20.000000" />
  <attribute name="IntegralH" value="20.000000" />
  <attribute name="DerivativeT" value="40.000000" />
  <attribute name="DerivativeI" value="40.000000" />
  <attribute name="DerivativeH" value="40.000000" />
  <attribute name="Loop Time for DT" value="1.000000" />
  <attribute name="Output H" value="8388608"/>
  <attribute name="Output I" value="200"/>
  <attribute name="Output T" value="16"/>
  <attribute name="Target GC Util Change" value ="80.000000" />
  <attribute name="Current GC Util Change" value="120.000000"/>
  <attribute name="GC Util currently" value="120" />
  <attribute name="CPU Util currently" value="1877590776177" />
<exclusive-end id="1775" timestamp="2019-08-11T05:39:08.668" durationms="11.604" />

<exclusive-start id="1776" timestamp="2019-08-11T05:39:08.686" intervalms="29.816">
  <response-info timems="0.048" idlems="0.048" threads="0" lastid="000000000239EF00" lastname="main" />
</exclusive-start>
<allocation-taxation id="1777" taxation-threshold="20971520" timestamp="2019-08-11T05:39:08.687" intervalms="29.820" />
<gc-start id="1778" type="global mark phase" contextid="1734" timestamp="2019-08-11T05:39:08.687">
  <mem-info id="1779" free="67108864" total="146800640" percent="45">
    <remembered-set count="100384" freebytes="5467264" totalbytes="5868800" percent="93" regionsoverflowed="0" regionsstable="0" regionsrebuilding="8"/>
  </mem-info>
</gc-start>
<gc-end id="1780" type="global mark phase" contextid="1734" durationms="0.019" usertimems="0.016" systemtimems="0.000" timestamp="2019-08-11T05:39:08.687" activeThreads="16">
  <mem-info id="1781" free="67108864" total="146800640" percent="45">
    <remembered-set count="100384" freebytes="5467264" totalbytes="5868800" percent="93" regionsoverflowed="0" regionsstable="0" regionsrebuilding="8"/>
  </mem-info>
</gc-end>
<concurrent-start id="1782" type="GMP work packet processing" contextid="1734" timestamp="2019-08-11T05:39:08.687">
  <concurrent-mark-start scanTarget="6115708" />
</concurrent-start>
<exclusive-end id="1783" timestamp="2019-08-11T05:39:08.687" durationms="0.343" />

<concurrent-end id="1784" type="GMP work packet processing" contextid="1734" timestamp="2019-08-11T05:39:08.688">
  <concurrent-mark-end bytesScanned="1050124" reasonForTermination="Completed all work in GC phase" />
</concurrent-end>

<exclusive-start id="1785" timestamp="2019-08-11T05:39:08.704" intervalms="17.025">
  <response-info timems="0.046" idlems="0.046" threads="0" lastid="000000000239EF00" lastname="main" />
</exclusive-start>
<allocation-taxation id="1786" taxation-threshold="20971520" timestamp="2019-08-11T05:39:08.704" intervalms="17.030" />
<cycle-start id="1787" type="partial gc" contextid="0" timestamp="2019-08-11T05:39:08.704" intervalms="46.900" />
<gc-start id="1788" type="partial gc" contextid="1787" timestamp="2019-08-11T05:39:08.704">
  <mem-info id="1789" free="46137344" total="146800640" percent="31">
    <mem type="eden" free="2097040" total="44040192" percent="4" />
    <remembered-set count="107648" freebytes="5438208" totalbytes="5868800" percent="92" regionsoverflowed="0" regionsstable="0" regionsrebuilding="8"/>
  </mem-info>
</gc-start>
<allocation-stats totalBytes="41885184" >
  <allocated-bytes non-tlh="0" tlh="41885184" arrayletleaf="0"/>
  <largest-consumer threadName="main" threadId="000000000239EF00" bytes="20942592" />
</allocation-stats>
<gc-op id="1790" type="copy forward" timems="9.720" contextid="1787" timestamp="2019-08-11T05:39:08.715">
  <memory-copied type="eden" objects="4" bytes="112" bytesdiscarded="0" />
  <memory-copied type="other" objects="0" bytes="0" bytesdiscarded="0" />
  <memory-cardclean objects="10" bytes="232" />
  <regions eden="20" other="1" />
  <remembered-set-cleared processed="102406" cleared="6" durationms="0.707" />
  <stringconstants candidates="13727" cleared="0"  />
</gc-op>
<gc-op id="1791" type="classunload" timems="0.012" contextid="1787" timestamp="2019-08-11T05:39:08.715">
  <classunload-info classloadercandidates="54" classloadersunloaded="0" classesunloaded="0" anonymousclassesunloaded="0" quiescems="0.000" setupms="0.012" scanms="0.000" postms="0.000" />
</gc-op>
<gc-end id="1792" type="partial gc" contextid="1787" durationms="10.872" usertimems="22.756" systemtimems="0.000" timestamp="2019-08-11T05:39:08.715" activeThreads="16">
  <mem-info id="1793" free="88080384" total="146800640" percent="60">
    <mem type="eden" free="2097040" total="2097152" percent="99" />
    <remembered-set count="105728" freebytes="5445888" totalbytes="5868800" percent="92" regionsoverflowed="0" regionsstable="0" regionsrebuilding="8"/>
  </mem-info>
</gc-end>
<cycle-end id="1794" type="partial gc" contextid="1787" timestamp="2019-08-11T05:39:08.715" />
  <attribute name="elasticGC enabled" value="1" />
  <attribute name= "numThreadsSpecified" value="16" />
  <attribute name="heapSize specified" value="0" />
  <attribute name="Current GC Util" value="132" />
  <attribute name= "Current Time Running" value="130590" />
  <attribute name ="GC Interval" value="0" />
  <attribute name="ProportionalT" value="26.000000" />
  <attribute name="ProportionalI" value="26.000000" />
  <attribute name="ProportionalH" value="26.000000" />
  <attribute name="Current Error" value="52.000000" />
  <attribute name="IntegralT" value="26.000000" />
  <attribute name="IntegralI" value="26.000000" />
  <attribute name="IntegralH" value="26.000000" />
  <attribute name="DerivativeT" value="52.000000" />
  <attribute name="DerivativeI" value="52.000000" />
  <attribute name="DerivativeH" value="52.000000" />
  <attribute name="Loop Time for DT" value="1.000000" />
  <attribute name="Output H" value="8388608"/>
  <attribute name="Output I" value="200"/>
  <attribute name="Output T" value="16"/>
  <attribute name="Target GC Util Change" value ="80.000000" />
  <attribute name="Current GC Util Change" value="132.000000"/>
  <attribute name="GC Util currently" value="132" />
  <attribute name="CPU Util currently" value="1902667666843" />
<exclusive-end id="1795" timestamp="2019-08-11T05:39:08.715" durationms="11.617" />

* Round 1 done in 17.758 seconds.
<exclusive-start id="1796" timestamp="2019-08-11T05:39:08.751" intervalms="47.084">
  <response-info timems="0.058" idlems="0.058" threads="0" lastid="000000000239EF00" lastname="main" />
</exclusive-start>
<allocation-taxation id="1797" taxation-threshold="20971520" timestamp="2019-08-11T05:39:08.751" intervalms="47.089" />
<gc-start id="1798" type="global mark phase" contextid="1734" timestamp="2019-08-11T05:39:08.751">
  <mem-info id="1799" free="67108864" total="146800640" percent="45">
    <remembered-set count="105248" freebytes="5447808" totalbytes="5868800" percent="92" regionsoverflowed="0" regionsstable="0" regionsrebuilding="8"/>
  </mem-info>
</gc-start>
<gc-op id="1800" type="mark increment" timems="11.364" contextid="1734" timestamp="2019-08-11T05:39:08.762">
  <trace-info objectcount="230" scancount="192" scanbytes="6444" />
  <cardclean-info objects="650" bytes="28272" />
  <finalization candidates="80" enqueued="0" />
  <ownableSynchronizers candidates="22" cleared="0" />
  <references type="soft" candidates="3921" cleared="20" enqueued="20" dynamicThreshold="19" maxThreshold="32" />
  <references type="weak" candidates="5684" cleared="12" enqueued="9" />
  <references type="phantom" candidates="97" cleared="0" enqueued="0" />
  <stringconstants candidates="13752" cleared="27"  />
</gc-op>
<gc-op id="1801" type="classunload" timems="0.010" contextid="1734" timestamp="2019-08-11T05:39:08.762">
  <classunload-info classloadercandidates="54" classloadersunloaded="0" classesunloaded="0" anonymousclassesunloaded="0" quiescems="0.000" setupms="0.010" scanms="0.000" postms="0.000" />
</gc-op>
<gc-end id="1802" type="global mark phase" contextid="1734" durationms="11.834" usertimems="23.199" systemtimems="0.000" timestamp="2019-08-11T05:39:08.763" activeThreads="16">
  <mem-info id="1803" free="67108864" total="146800640" percent="45">
    <pending-finalizers system="0" default="0" reference="29" classloader="0" />
    <remembered-set count="109344" freebytes="5431424" totalbytes="5868800" percent="92" regionsoverflowed="0" regionsstable="0" regionsrebuilding="0"/>
  </mem-info>
</gc-end>
<cycle-end id="1804" type="global mark phase" contextid="1734" timestamp="2019-08-11T05:39:08.763" />
  <attribute name="elasticGC enabled" value="1" />
  <attribute name= "numThreadsSpecified" value="16" />
  <attribute name="heapSize specified" value="0" />
  <attribute name="Current GC Util" value="63" />
  <attribute name= "Current Time Running" value="130640" />
  <attribute name ="GC Interval" value="0" />
  <attribute name="ProportionalT" value="-8.500000" />
  <attribute name="ProportionalI" value="-8.500000" />
  <attribute name="ProportionalH" value="-8.500000" />
  <attribute name="Current Error" value="-17.000000" />
  <attribute name="IntegralT" value="-17.000000" />
  <attribute name="IntegralI" value="-17.000000" />
  <attribute name="IntegralH" value="-17.000000" />
  <attribute name="DerivativeT" value="-47.000000" />
  <attribute name="DerivativeI" value="-47.000000" />
  <attribute name="DerivativeH" value="-47.000000" />
  <attribute name="Loop Time for DT" value="2.000000" />
  <attribute name="Output H" value="4202627072"/>
  <attribute name="Output I" value="200"/>
  <attribute name="Output T" value="16"/>
  <attribute name="Target GC Util Change" value ="80.000000" />
  <attribute name="Current GC Util Change" value="63.000000"/>
  <attribute name="GC Util currently" value="63" />
  <attribute name="CPU Util currently" value="598490886600" />
<exclusive-end id="1805" timestamp="2019-08-11T05:39:08.763" durationms="12.244" />

<exclusive-start id="1806" timestamp="2019-08-11T05:39:08.790" intervalms="39.793">
  <response-info timems="0.048" idlems="0.048" threads="0" lastid="000000000239EF00" lastname="main" />
</exclusive-start>
<allocation-taxation id="1807" taxation-threshold="20971520" timestamp="2019-08-11T05:39:08.790" intervalms="39.787" />
<cycle-start id="1808" type="partial gc" contextid="0" timestamp="2019-08-11T05:39:08.791" intervalms="86.917" />
<gc-start id="1809" type="partial gc" contextid="1808" timestamp="2019-08-11T05:39:08.791">
  <mem-info id="1810" free="46137344" total="146800640" percent="31">
    <mem type="eden" free="2097040" total="44040192" percent="4" />
    <remembered-set count="103264" freebytes="5455744" totalbytes="5868800" percent="92" regionsoverflowed="0" regionsstable="5" regionsrebuilding="0"/>
  </mem-info>
</gc-start>
<allocation-stats totalBytes="41928264" >
  <allocated-bytes non-tlh="2800" tlh="41925464" arrayletleaf="0"/>
  <largest-consumer threadName="main" threadId="000000000239EF00" bytes="20970200" />
</allocation-stats>
<gc-op id="1811" type="sweep" timems="2.240" contextid="1808" timestamp="2019-08-11T05:39:08.794" />
<gc-op id="1812" type="copy forward" timems="11.225" contextid="1808" timestamp="2019-08-11T05:39:08.807">
  <memory-copied type="eden" objects="23" bytes="728" bytesdiscarded="324" />
  <memory-copied type="other" objects="209" bytes="7768" bytesdiscarded="1428" />
  <memory-cardclean objects="725" bytes="31024" />
  <regions eden="10" other="2" />
  <remembered-set-cleared processed="98771" cleared="316" durationms="0.775" />
  <references type="soft" candidates="4" cleared="0" enqueued="0" dynamicThreshold="14" maxThreshold="32" />
  <references type="weak" candidates="12" cleared="0" enqueued="0" />
  <stringconstants candidates="13725" cleared="0"  />
</gc-op>
<gc-op id="1813" type="classunload" timems="0.013" contextid="1808" timestamp="2019-08-11T05:39:08.807">
  <classunload-info classloadercandidates="54" classloadersunloaded="0" classesunloaded="0" anonymousclassesunloaded="0" quiescems="0.000" setupms="0.013" scanms="0.000" postms="0.000" />
</gc-op>
<gc-end id="1814" type="partial gc" contextid="1808" durationms="16.451" usertimems="40.764" systemtimems="0.000" timestamp="2019-08-11T05:39:08.807" activeThreads="16">
  <mem-info id="1815" free="88080384" total="146800640" percent="60">
    <mem type="eden" free="2086904" total="2097152" percent="99" />
    <remembered-set count="103008" freebytes="5456768" totalbytes="5868800" percent="92" regionsoverflowed="0" regionsstable="5" regionsrebuilding="0"/>
  </mem-info>
</gc-end>
<cycle-end id="1816" type="partial gc" contextid="1808" timestamp="2019-08-11T05:39:08.808" />
  <attribute name="elasticGC enabled" value="1" />
  <attribute name= "numThreadsSpecified" value="16" />
  <attribute name="heapSize specified" value="0" />
  <attribute name="Current GC Util" value="87" />
  <attribute name= "Current Time Running" value="130680" />
  <attribute name ="GC Interval" value="0" />
  <attribute name="ProportionalT" value="3.500000" />
  <attribute name="ProportionalI" value="3.500000" />
  <attribute name="ProportionalH" value="3.500000" />
  <attribute name="Current Error" value="7.000000" />
  <attribute name="IntegralT" value="3.500000" />
  <attribute name="IntegralI" value="3.500000" />
  <attribute name="IntegralH" value="3.500000" />
  <attribute name="DerivativeT" value="-19.000000" />
  <attribute name="DerivativeI" value="-19.000000" />
  <attribute name="DerivativeH" value="-19.000000" />
  <attribute name="Loop Time for DT" value="1.000000" />
  <attribute name="Output H" value="4202627072"/>
  <attribute name="Output I" value="200"/>
  <attribute name="Output T" value="16"/>
  <attribute name="Target GC Util Change" value ="80.000000" />
  <attribute name="Current GC Util Change" value="87.000000"/>
  <attribute name="GC Util currently" value="87" />
  <attribute name="CPU Util currently" value="1014077972776" />
<exclusive-end id="1817" timestamp="2019-08-11T05:39:08.808" durationms="17.578" />

<exclusive-start id="1818" timestamp="2019-08-11T05:39:09.121" intervalms="330.410">
  <response-info timems="0.040" idlems="0.040" threads="0" lastid="000000000239EF00" lastname="main" />
</exclusive-start>
<allocation-taxation id="1819" taxation-threshold="44040192" timestamp="2019-08-11T05:39:09.121" intervalms="330.404" />
<cycle-start id="1820" type="partial gc" contextid="0" timestamp="2019-08-11T05:39:09.121" intervalms="330.435" />
<gc-start id="1821" type="partial gc" contextid="1820" timestamp="2019-08-11T05:39:09.121">
  <mem-info id="1822" free="44040192" total="146800640" percent="30">
    <mem type="eden" free="0" total="44040192" percent="0" />
    <remembered-set count="28480" freebytes="5754880" totalbytes="5868800" percent="98" regionsoverflowed="0" regionsstable="6" regionsrebuilding="0"/>
  </mem-info>
</gc-start>
<allocation-stats totalBytes="43967688" >
  <allocated-bytes non-tlh="0" tlh="43967688" arrayletleaf="0"/>
  <largest-consumer threadName="main" threadId="000000000239EF00" bytes="43967688" />
</allocation-stats>
<gc-op id="1823" type="copy forward" timems="2.053" contextid="1820" timestamp="2019-08-11T05:39:09.125">
  <memory-copied type="eden" objects="68" bytes="2840" bytesdiscarded="0" />
  <memory-copied type="other" objects="236" bytes="8384" bytesdiscarded="0" />
  <memory-cardclean objects="274" bytes="11960" />
  <regions eden="21" other="4" />
  <remembered-set-cleared processed="24678" cleared="71" durationms="0.409" />
  <references type="soft" candidates="4" cleared="0" enqueued="0" dynamicThreshold="19" maxThreshold="32" />
  <references type="weak" candidates="12" cleared="0" enqueued="0" />
  <stringconstants candidates="13725" cleared="0"  />
</gc-op>
<gc-op id="1824" type="classunload" timems="0.006" contextid="1820" timestamp="2019-08-11T05:39:09.125">
  <classunload-info classloadercandidates="54" classloadersunloaded="0" classesunloaded="0" anonymousclassesunloaded="0" quiescems="0.000" setupms="0.006" scanms="0.000" postms="0.000" />
</gc-op>
<gc-end id="1825" type="partial gc" contextid="1820" durationms="3.331" usertimems="4.780" systemtimems="0.000" timestamp="2019-08-11T05:39:09.125" activeThreads="1">
  <mem-info id="1826" free="88080384" total="146800640" percent="60">
    <mem type="eden" free="2094312" total="2097152" percent="99" />
    <remembered-set count="28576" freebytes="5754496" totalbytes="5868800" percent="98" regionsoverflowed="0" regionsstable="6" regionsrebuilding="0"/>
  </mem-info>
</gc-end>
<cycle-end id="1827" type="partial gc" contextid="1820" timestamp="2019-08-11T05:39:09.125" />
  <attribute name="elasticGC enabled" value="1" />
  <attribute name= "numThreadsSpecified" value="1" />
  <attribute name="heapSize specified" value="0" />
  <attribute name="Current GC Util" value="112" />
  <attribute name= "Current Time Running" value="131007" />
  <attribute name ="GC Interval" value="0" />
  <attribute name="ProportionalT" value="16.000000" />
  <attribute name="ProportionalI" value="16.000000" />
  <attribute name="ProportionalH" value="16.000000" />
  <attribute name="Current Error" value="32.000000" />
  <attribute name="IntegralT" value="0.000000" />
  <attribute name="IntegralI" value="0.000000" />
  <attribute name="IntegralH" value="0.000000" />
  <attribute name="DerivativeT" value="inf" />
  <attribute name="DerivativeI" value="inf" />
  <attribute name="DerivativeH" value="inf" />
  <attribute name="Loop Time for DT" value="0.000000" />
  <attribute name="Output H" value="8388608"/>
  <attribute name="Output I" value="200"/>
  <attribute name="Output T" value="1"/>
  <attribute name="Target GC Util Change" value ="80.000000" />
  <attribute name="Current GC Util Change" value="112.000000"/>
  <attribute name="GC Util currently" value="112" />
  <attribute name="CPU Util currently" value="1674725855507" />
<exclusive-end id="1828" timestamp="2019-08-11T05:39:09.125" durationms="4.261" />

<exclusive-start id="1829" timestamp="2019-08-11T05:39:09.151" intervalms="30.007">
  <response-info timems="0.061" idlems="0.061" threads="0" lastid="000000000239EF00" lastname="main" />
</exclusive-start>
<allocation-taxation id="1830" taxation-threshold="44040192" timestamp="2019-08-11T05:39:09.151" intervalms="30.008" />
<cycle-start id="1831" type="partial gc" contextid="0" timestamp="2019-08-11T05:39:09.151" intervalms="29.944" />
<gc-start id="1832" type="partial gc" contextid="1831" timestamp="2019-08-11T05:39:09.151">
  <mem-info id="1833" free="44040192" total="146800640" percent="30">
    <mem type="eden" free="0" total="44040192" percent="0" />
    <remembered-set count="28416" freebytes="5755136" totalbytes="5868800" percent="98" regionsoverflowed="0" regionsstable="6" regionsrebuilding="0"/>
  </mem-info>
</gc-start>
<allocation-stats totalBytes="43878048" >
  <allocated-bytes non-tlh="0" tlh="43878048" arrayletleaf="0"/>
  <largest-consumer threadName="main" threadId="000000000239EF00" bytes="43878048" />
</allocation-stats>
<gc-op id="1834" type="copy forward" timems="10.448" contextid="1831" timestamp="2019-08-11T05:39:09.163">
  <memory-copied type="eden" objects="2" bytes="56" bytesdiscarded="736" />
  <memory-copied type="other" objects="95" bytes="3448" bytesdiscarded="904" />
  <memory-cardclean objects="123" bytes="4664" />
  <regions eden="21" other="4" />
  <remembered-set-cleared processed="24701" cleared="42" durationms="0.477" />
  <stringconstants candidates="13725" cleared="0"  />
</gc-op>
<gc-op id="1835" type="classunload" timems="0.015" contextid="1831" timestamp="2019-08-11T05:39:09.163">
  <classunload-info classloadercandidates="54" classloadersunloaded="0" classesunloaded="0" anonymousclassesunloaded="0" quiescems="0.000" setupms="0.015" scanms="0.000" postms="0.000" />
</gc-op>
<gc-end id="1836" type="partial gc" contextid="1831" durationms="11.925" usertimems="20.552" systemtimems="0.000" timestamp="2019-08-11T05:39:09.163" activeThreads="16">
  <mem-info id="1837" free="90177536" total="146800640" percent="61">
    <mem type="eden" free="2096360" total="2097152" percent="99" />
    <remembered-set count="28256" freebytes="5755776" totalbytes="5868800" percent="98" regionsoverflowed="0" regionsstable="6" regionsrebuilding="0"/>
  </mem-info>
</gc-end>
<cycle-end id="1838" type="partial gc" contextid="1831" timestamp="2019-08-11T05:39:09.163" />
  <attribute name="elasticGC enabled" value="1" />
  <attribute name= "numThreadsSpecified" value="16" />
  <attribute name="heapSize specified" value="0" />
  <attribute name="Current GC Util" value="215" />
  <attribute name= "Current Time Running" value="131037" />
  <attribute name ="GC Interval" value="0" />
  <attribute name="ProportionalT" value="67.500000" />
  <attribute name="ProportionalI" value="67.500000" />
  <attribute name="ProportionalH" value="67.500000" />
  <attribute name="Current Error" value="135.000000" />
  <attribute name="IntegralT" value="67.500000" />
  <attribute name="IntegralI" value="67.500000" />
  <attribute name="IntegralH" value="67.500000" />
  <attribute name="DerivativeT" value="135.000000" />
  <attribute name="DerivativeI" value="135.000000" />
  <attribute name="DerivativeH" value="135.000000" />
  <attribute name="Loop Time for DT" value="1.000000" />
  <attribute name="Output H" value="8388608"/>
  <attribute name="Output I" value="272"/>
  <attribute name="Output T" value="16"/>
  <attribute name="Target GC Util Change" value ="80.000000" />
  <attribute name="Current GC Util Change" value="215.000000"/>
  <attribute name="GC Util currently" value="215" />
  <attribute name="CPU Util currently" value="1629845122015" />
<exclusive-end id="1839" timestamp="2019-08-11T05:39:09.163" durationms="12.688" />

<exclusive-start id="1840" timestamp="2019-08-11T05:39:09.186" intervalms="34.898">
  <response-info timems="0.021" idlems="0.021" threads="0" lastid="000000000239EF00" lastname="main" />
</exclusive-start>
<allocation-taxation id="1841" taxation-threshold="44040192" timestamp="2019-08-11T05:39:09.186" intervalms="34.904" />
<cycle-start id="1842" type="partial gc" contextid="0" timestamp="2019-08-11T05:39:09.186" intervalms="35.054" />
<gc-start id="1843" type="partial gc" contextid="1842" timestamp="2019-08-11T05:39:09.186">
  <mem-info id="1844" free="46137344" total="146800640" percent="31">
    <mem type="eden" free="2096360" total="46137344" percent="4" />
    <remembered-set count="28256" freebytes="5755776" totalbytes="5868800" percent="98" regionsoverflowed="0" regionsstable="6" regionsrebuilding="0"/>
  </mem-info>
</gc-start>
<allocation-stats totalBytes="43892304" >
  <allocated-bytes non-tlh="0" tlh="43892304" arrayletleaf="0"/>
  <largest-consumer threadName="main" threadId="000000000239EF00" bytes="43892304" />
</allocation-stats>
<gc-op id="1845" type="copy forward" timems="1.832" contextid="1842" timestamp="2019-08-11T05:39:09.189">
  <memory-copied type="eden" objects="2" bytes="56" bytesdiscarded="0" />
  <memory-copied type="other" objects="15" bytes="368" bytesdiscarded="32" />
  <memory-cardclean objects="62" bytes="2448" />
  <regions eden="21" other="3" />
  <remembered-set-cleared processed="24703" cleared="29" durationms="0.458" />
  <stringconstants candidates="13725" cleared="0"  />
</gc-op>
<gc-op id="1846" type="classunload" timems="0.009" contextid="1842" timestamp="2019-08-11T05:39:09.189">
  <classunload-info classloadercandidates="54" classloadersunloaded="0" classesunloaded="0" anonymousclassesunloaded="0" quiescems="0.000" setupms="0.009" scanms="0.000" postms="0.000" />
</gc-op>
<heap-resize id="1847" type="contract" space="default" amount="6291456" count="1" timems="0.110" reason="excess free space following gc" timestamp="2019-08-11T05:39:09.189" />
<gc-end id="1848" type="partial gc" contextid="1842" durationms="3.165" usertimems="4.087" systemtimems="0.000" timestamp="2019-08-11T05:39:09.189" activeThreads="1">
  <mem-info id="1849" free="85983232" total="140509184" percent="61">
    <mem type="eden" free="2097096" total="2097152" percent="99" />
    <remembered-set count="28416" freebytes="5755136" totalbytes="5868800" percent="98" regionsoverflowed="0" regionsstable="6" regionsrebuilding="0"/>
  </mem-info>
</gc-end>
<cycle-end id="1850" type="partial gc" contextid="1842" timestamp="2019-08-11T05:39:09.190" />
  <attribute name="elasticGC enabled" value="1" />
  <attribute name= "numThreadsSpecified" value="1" />
  <attribute name="heapSize specified" value="0" />
  <attribute name="Current GC Util" value="127" />
  <attribute name= "Current Time Running" value="131072" />
  <attribute name ="GC Interval" value="0" />
  <attribute name="ProportionalT" value="23.500000" />
  <attribute name="ProportionalI" value="23.500000" />
  <attribute name="ProportionalH" value="23.500000" />
  <attribute name="Current Error" value="47.000000" />
  <attribute name="IntegralT" value="0.000000" />
  <attribute name="IntegralI" value="0.000000" />
  <attribute name="IntegralH" value="0.000000" />
  <attribute name="DerivativeT" value="inf" />
  <attribute name="DerivativeI" value="inf" />
  <attribute name="DerivativeH" value="inf" />
  <attribute name="Loop Time for DT" value="0.000000" />
  <attribute name="Output H" value="8388608"/>
  <attribute name="Output I" value="200"/>
  <attribute name="Output T" value="1"/>
  <attribute name="Target GC Util Change" value ="80.000000" />
  <attribute name="Current GC Util Change" value="127.000000"/>
  <attribute name="GC Util currently" value="127" />
  <attribute name="CPU Util currently" value="1810520693149" />
<exclusive-end id="1851" timestamp="2019-08-11T05:39:09.190" durationms="4.059" />

<exclusive-start id="1852" timestamp="2019-08-11T05:39:09.206" intervalms="20.752">
  <response-info timems="0.019" idlems="0.019" threads="0" lastid="000000000239EF00" lastname="main" />
</exclusive-start>
<allocation-taxation id="1853" taxation-threshold="41943040" timestamp="2019-08-11T05:39:09.207" intervalms="20.755" />
<cycle-start id="1854" type="partial gc" contextid="0" timestamp="2019-08-11T05:39:09.207" intervalms="20.618" />
<gc-start id="1855" type="partial gc" contextid="1854" timestamp="2019-08-11T05:39:09.207">
  <mem-info id="1856" free="44040192" total="140509184" percent="31">
    <mem type="eden" free="2097096" total="44040192" percent="4" />
    <remembered-set count="28128" freebytes="5756288" totalbytes="5868800" percent="98" regionsoverflowed="0" regionsstable="6" regionsrebuilding="0"/>
  </mem-info>
</gc-start>
<allocation-stats totalBytes="41802016" >
  <allocated-bytes non-tlh="0" tlh="41802016" arrayletleaf="0"/>
  <largest-consumer threadName="main" threadId="000000000239EF00" bytes="41802016" />
</allocation-stats>
<gc-op id="1857" type="copy forward" timems="10.268" contextid="1854" timestamp="2019-08-11T05:39:09.219">
  <memory-copied type="eden" objects="2" bytes="56" bytesdiscarded="0" />
  <memory-copied type="other" objects="25" bytes="608" bytesdiscarded="1360" />
  <memory-cardclean objects="24642" bytes="1350648" />
  <regions eden="20" other="3" />
  <remembered-set-cleared processed="16942" cleared="2153" durationms="0.264" />
  <references type="weak" candidates="4" cleared="0" enqueued="0" />
  <stringconstants candidates="13725" cleared="0"  />
</gc-op>
<gc-op id="1858" type="classunload" timems="0.010" contextid="1854" timestamp="2019-08-11T05:39:09.219">
  <classunload-info classloadercandidates="54" classloadersunloaded="0" classesunloaded="0" anonymousclassesunloaded="0" quiescems="0.000" setupms="0.010" scanms="0.000" postms="0.000" />
</gc-op>
<heap-resize id="1859" type="contract" space="default" amount="4194304" count="1" timems="0.085" reason="excess free space following gc" timestamp="2019-08-11T05:39:09.219" />
<gc-end id="1860" type="partial gc" contextid="1854" durationms="12.509" usertimems="27.586" systemtimems="0.000" timestamp="2019-08-11T05:39:09.219" activeThreads="16">
  <mem-info id="1861" free="83886080" total="136314880" percent="61">
    <mem type="eden" free="2097096" total="2097152" percent="99" />
    <remembered-set count="22496" freebytes="5527296" totalbytes="5617280" percent="98" regionsoverflowed="0" regionsstable="6" regionsrebuilding="0"/>
  </mem-info>
</gc-end>
<cycle-end id="1862" type="partial gc" contextid="1854" timestamp="2019-08-11T05:39:09.220" />
  <attribute name="elasticGC enabled" value="1" />
  <attribute name= "numThreadsSpecified" value="16" />
  <attribute name="heapSize specified" value="0" />
  <attribute name="Current GC Util" value="90" />
  <attribute name= "Current Time Running" value="131094" />
  <attribute name ="GC Interval" value="0" />
  <attribute name="ProportionalT" value="5.000000" />
  <attribute name="ProportionalI" value="5.000000" />
  <attribute name="ProportionalH" value="5.000000" />
  <attribute name="Current Error" value="10.000000" />
  <attribute name="IntegralT" value="10.000000" />
  <attribute name="IntegralI" value="10.000000" />
  <attribute name="IntegralH" value="10.000000" />
  <attribute name="DerivativeT" value="5.000000" />
  <attribute name="DerivativeI" value="5.000000" />
  <attribute name="DerivativeH" value="5.000000" />
  <attribute name="Loop Time for DT" value="2.000000" />
  <attribute name="Output H" value="8388608"/>
  <attribute name="Output I" value="200"/>
  <attribute name="Output T" value="16"/>
  <attribute name="Target GC Util Change" value ="80.000000" />
  <attribute name="Current GC Util Change" value="90.000000"/>
  <attribute name="GC Util currently" value="90" />
  <attribute name="CPU Util currently" value="745358146743" />
<exclusive-end id="1863" timestamp="2019-08-11T05:39:09.220" durationms="13.301" />

<exclusive-start id="1864" timestamp="2019-08-11T05:39:09.243" intervalms="36.513">
  <response-info timems="0.023" idlems="0.023" threads="0" lastid="000000000239EF00" lastname="main" />
</exclusive-start>
<allocation-taxation id="1865" taxation-threshold="41943040" timestamp="2019-08-11T05:39:09.243" intervalms="36.515" />
<cycle-start id="1866" type="partial gc" contextid="0" timestamp="2019-08-11T05:39:09.243" intervalms="36.570" />
<gc-start id="1867" type="partial gc" contextid="1866" timestamp="2019-08-11T05:39:09.243">
  <mem-info id="1868" free="41943040" total="136314880" percent="30">
    <mem type="eden" free="2097096" total="44040192" percent="4" />
    <remembered-set count="5600" freebytes="5594880" totalbytes="5617280" percent="99" regionsoverflowed="0" regionsstable="8" regionsrebuilding="0"/>
  </mem-info>
</gc-start>
<allocation-stats totalBytes="41802040" >
  <allocated-bytes non-tlh="0" tlh="41802040" arrayletleaf="0"/>
  <largest-consumer threadName="main" threadId="000000000239EF00" bytes="41802040" />
</allocation-stats>
<gc-op id="1869" type="copy forward" timems="1.695" contextid="1866" timestamp="2019-08-11T05:39:09.247">
  <memory-copied type="eden" objects="2" bytes="56" bytesdiscarded="0" />
  <memory-copied type="other" objects="69" bytes="2016" bytesdiscarded="192" />
  <memory-cardclean objects="178" bytes="277456" />
  <regions eden="20" other="3" />
  <remembered-set-cleared processed="1318" cleared="20" durationms="0.155" />
  <references type="weak" candidates="48" cleared="0" enqueued="0" />
  <stringconstants candidates="13725" cleared="0"  />
</gc-op>
<gc-op id="1870" type="classunload" timems="0.006" contextid="1866" timestamp="2019-08-11T05:39:09.247">
  <classunload-info classloadercandidates="54" classloadersunloaded="0" classesunloaded="0" anonymousclassesunloaded="0" quiescems="0.000" setupms="0.006" scanms="0.000" postms="0.000" />
</gc-op>
<heap-resize id="1871" type="contract" space="default" amount="6291456" count="1" timems="0.066" reason="excess free space following gc" timestamp="2019-08-11T05:39:09.247" />
<gc-end id="1872" type="partial gc" contextid="1866" durationms="3.396" usertimems="4.233" systemtimems="0.000" timestamp="2019-08-11T05:39:09.247" activeThreads="1">
  <mem-info id="1873" free="79691776" total="130023424" percent="61">
    <mem type="eden" free="2097096" total="2097152" percent="99" />
    <remembered-set count="2624" freebytes="5439104" totalbytes="5449600" percent="99" regionsoverflowed="0" regionsstable="8" regionsrebuilding="0"/>
  </mem-info>
</gc-end>
<cycle-end id="1874" type="partial gc" contextid="1866" timestamp="2019-08-11T05:39:09.247" />
  <attribute name="elasticGC enabled" value="1" />
  <attribute name= "numThreadsSpecified" value="1" />
  <attribute name="heapSize specified" value="0" />
  <attribute name="Current GC Util" value="77" />
  <attribute name= "Current Time Running" value="131130" />
  <attribute name ="GC Interval" value="0" />
  <attribute name="ProportionalT" value="-1.500000" />
  <attribute name="ProportionalI" value="-1.500000" />
  <attribute name="ProportionalH" value="-1.500000" />
  <attribute name="Current Error" value="-3.000000" />
  <attribute name="IntegralT" value="-1.500000" />
  <attribute name="IntegralI" value="-1.500000" />
  <attribute name="IntegralH" value="-1.500000" />
  <attribute name="DerivativeT" value="-3.000000" />
  <attribute name="DerivativeI" value="-3.000000" />
  <attribute name="DerivativeH" value="-3.000000" />
  <attribute name="Loop Time for DT" value="1.000000" />
  <attribute name="Output H" value="8388608"/>
  <attribute name="Output I" value="200"/>
  <attribute name="Output T" value="1"/>
  <attribute name="Target GC Util Change" value ="80.000000" />
  <attribute name="Current GC Util Change" value="77.000000"/>
  <attribute name="GC Util currently" value="77" />
  <attribute name="CPU Util currently" value="1093323324199" />
<exclusive-end id="1875" timestamp="2019-08-11T05:39:09.247" durationms="4.239" />

<exclusive-start id="1876" timestamp="2019-08-11T05:39:09.267" intervalms="24.292">
  <response-info timems="0.020" idlems="0.020" threads="0" lastid="000000000239EF00" lastname="main" />
</exclusive-start>
<allocation-taxation id="1877" taxation-threshold="39845888" timestamp="2019-08-11T05:39:09.267" intervalms="24.287" />
<cycle-start id="1878" type="partial gc" contextid="0" timestamp="2019-08-11T05:39:09.267" intervalms="24.251" />
<gc-start id="1879" type="partial gc" contextid="1878" timestamp="2019-08-11T05:39:09.268">
  <mem-info id="1880" free="39845888" total="130023424" percent="30">
    <mem type="eden" free="2097096" total="41943040" percent="4" />
    <remembered-set count="2368" freebytes="5440128" totalbytes="5449600" percent="99" regionsoverflowed="0" regionsstable="8" regionsrebuilding="0"/>
  </mem-info>
</gc-start>
<allocation-stats totalBytes="39711728" >
  <allocated-bytes non-tlh="0" tlh="39711728" arrayletleaf="0"/>
  <largest-consumer threadName="main" threadId="000000000239EF00" bytes="39711728" />
</allocation-stats>
<gc-op id="1881" type="copy forward" timems="11.248" contextid="1878" timestamp="2019-08-11T05:39:09.280">
  <memory-copied type="eden" objects="2" bytes="56" bytesdiscarded="0" />
  <memory-copied type="other" objects="1007" bytes="48536" bytesdiscarded="5880" />
  <memory-cardclean objects="148" bytes="18136" />
  <regions eden="19" other="3" />
  <remembered-set-cleared processed="1313" cleared="25" durationms="0.103" />
  <references type="soft" candidates="11" cleared="0" enqueued="0" dynamicThreshold="19" maxThreshold="32" />
  <references type="weak" candidates="56" cleared="0" enqueued="0" />
  <stringconstants candidates="13725" cleared="0"  />
</gc-op>
<gc-op id="1882" type="classunload" timems="0.009" contextid="1878" timestamp="2019-08-11T05:39:09.280">
  <classunload-info classloadercandidates="54" classloadersunloaded="0" classesunloaded="0" anonymousclassesunloaded="0" quiescems="0.000" setupms="0.009" scanms="0.000" postms="0.000" />
</gc-op>
<heap-resize id="1883" type="contract" space="default" amount="6291456" count="1" timems="0.086" reason="excess free space following gc" timestamp="2019-08-11T05:39:09.280" />
<gc-end id="1884" type="partial gc" contextid="1878" durationms="12.743" usertimems="28.760" systemtimems="0.000" timestamp="2019-08-11T05:39:09.280" activeThreads="16">
  <mem-info id="1885" free="75497472" total="123731968" percent="61">
    <mem type="eden" free="2097096" total="2097152" percent="99" />
    <remembered-set count="5120" freebytes="5177600" totalbytes="5198080" percent="99" regionsoverflowed="0" regionsstable="8" regionsrebuilding="0"/>
  </mem-info>
</gc-end>
<cycle-end id="1886" type="partial gc" contextid="1878" timestamp="2019-08-11T05:39:09.281" />
  <attribute name="elasticGC enabled" value="1" />
  <attribute name= "numThreadsSpecified" value="16" />
  <attribute name="heapSize specified" value="0" />
  <attribute name="Current GC Util" value="105" />
  <attribute name= "Current Time Running" value="131154" />
  <attribute name ="GC Interval" value="0" />
  <attribute name="ProportionalT" value="12.500000" />
  <attribute name="ProportionalI" value="12.500000" />
  <attribute name="ProportionalH" value="12.500000" />
  <attribute name="Current Error" value="25.000000" />
  <attribute name="IntegralT" value="12.500000" />
  <attribute name="IntegralI" value="12.500000" />
  <attribute name="IntegralH" value="12.500000" />
  <attribute name="DerivativeT" value="25.000000" />
  <attribute name="DerivativeI" value="25.000000" />
  <attribute name="DerivativeH" value="25.000000" />
  <attribute name="Loop Time for DT" value="1.000000" />
  <attribute name="Output H" value="8388608"/>
  <attribute name="Output I" value="200"/>
  <attribute name="Output T" value="16"/>
  <attribute name="Target GC Util Change" value ="80.000000" />
  <attribute name="Current GC Util Change" value="105.000000"/>
  <attribute name="GC Util currently" value="105" />
  <attribute name="CPU Util currently" value="1392462642981" />
<exclusive-end id="1887" timestamp="2019-08-11T05:39:09.281" durationms="13.412" />

<exclusive-start id="1888" timestamp="2019-08-11T05:39:09.294" intervalms="27.093">
  <response-info timems="0.021" idlems="0.021" threads="0" lastid="000000000239EF00" lastname="main" />
</exclusive-start>
<allocation-taxation id="1889" taxation-threshold="37748736" timestamp="2019-08-11T05:39:09.294" intervalms="27.091" />
<cycle-start id="1890" type="partial gc" contextid="0" timestamp="2019-08-11T05:39:09.295" intervalms="27.073" />
<gc-start id="1891" type="partial gc" contextid="1890" timestamp="2019-08-11T05:39:09.295">
  <mem-info id="1892" free="37748736" total="123731968" percent="30">
    <mem type="eden" free="2097096" total="39845888" percent="5" />
    <remembered-set count="4704" freebytes="5179264" totalbytes="5198080" percent="99" regionsoverflowed="0" regionsstable="8" regionsrebuilding="0"/>
  </mem-info>
</gc-start>
<allocation-stats totalBytes="37621464" >
  <allocated-bytes non-tlh="0" tlh="37621464" arrayletleaf="0"/>
  <largest-consumer threadName="main" threadId="000000000239EF00" bytes="37621464" />
</allocation-stats>
<gc-op id="1893" type="copy forward" timems="16.521" contextid="1890" timestamp="2019-08-11T05:39:09.315">
  <memory-copied type="eden" objects="2" bytes="56" bytesdiscarded="0" />
  <memory-copied type="other" objects="38357" bytes="899512" bytesdiscarded="76384" />
  <memory-cardclean objects="5527" bytes="159344" />
  <regions eden="18" other="5" />
  <remembered-set-cleared processed="985" cleared="33" durationms="0.236" />
  <references type="weak" candidates="2" cleared="0" enqueued="0" />
  <stringconstants candidates="13725" cleared="0"  />
</gc-op>
<gc-op id="1894" type="classunload" timems="0.013" contextid="1890" timestamp="2019-08-11T05:39:09.315">
  <classunload-info classloadercandidates="54" classloadersunloaded="0" classesunloaded="0" anonymousclassesunloaded="0" quiescems="0.000" setupms="0.012" scanms="0.000" postms="0.000" />
</gc-op>
<heap-resize id="1895" type="contract" space="default" amount="6291456" count="1" timems="0.160" reason="excess free space following gc" timestamp="2019-08-11T05:39:09.315" />
<gc-end id="1896" type="partial gc" contextid="1890" durationms="20.370" usertimems="45.968" systemtimems="0.000" timestamp="2019-08-11T05:39:09.315" activeThreads="16">
  <mem-info id="1897" free="77594624" total="117440512" percent="66">
    <mem type="eden" free="2097096" total="2097152" percent="99" />
    <remembered-set count="4288" freebytes="4929408" totalbytes="4946560" percent="99" regionsoverflowed="0" regionsstable="8" regionsrebuilding="0"/>
  </mem-info>
</gc-end>
<cycle-end id="1898" type="partial gc" contextid="1890" timestamp="2019-08-11T05:39:09.316" />
  <attribute name="elasticGC enabled" value="1" />
  <attribute name= "numThreadsSpecified" value="16" />
  <attribute name="heapSize specified" value="0" />
  <attribute name="Current GC Util" value="163" />
  <attribute name= "Current Time Running" value="131183" />
  <attribute name ="GC Interval" value="0" />
  <attribute name="ProportionalT" value="41.500000" />
  <attribute name="ProportionalI" value="41.500000" />
  <attribute name="ProportionalH" value="41.500000" />
  <attribute name="Current Error" value="83.000000" />
  <attribute name="IntegralT" value="124.500000" />
  <attribute name="IntegralI" value="124.500000" />
  <attribute name="IntegralH" value="124.500000" />
  <attribute name="DerivativeT" value="19.000000" />
  <attribute name="DerivativeI" value="19.000000" />
  <attribute name="DerivativeH" value="19.000000" />
  <attribute name="Loop Time for DT" value="3.000000" />
  <attribute name="Output H" value="8388608"/>
  <attribute name="Output I" value="200"/>
  <attribute name="Output T" value="16"/>
  <attribute name="Target GC Util Change" value ="80.000000" />
  <attribute name="Current GC Util Change" value="163.000000"/>
  <attribute name="GC Util currently" value="163" />
  <attribute name="CPU Util currently" value="389337922345" />
<exclusive-end id="1899" timestamp="2019-08-11T05:39:09.316" durationms="21.358" />

<exclusive-start id="1900" timestamp="2019-08-11T05:39:09.330" intervalms="35.235">
  <response-info timems="0.023" idlems="0.023" threads="0" lastid="000000000239EF00" lastname="main" />
</exclusive-start>
<allocation-taxation id="1901" taxation-threshold="35651584" timestamp="2019-08-11T05:39:09.330" intervalms="35.234" />
<cycle-start id="1902" type="partial gc" contextid="0" timestamp="2019-08-11T05:39:09.330" intervalms="35.209" />
<gc-start id="1903" type="partial gc" contextid="1902" timestamp="2019-08-11T05:39:09.331">
  <mem-info id="1904" free="41943040" total="117440512" percent="35">
    <mem type="eden" free="2097096" total="37748736" percent="5" />
    <remembered-set count="3840" freebytes="4931200" totalbytes="4946560" percent="99" regionsoverflowed="0" regionsstable="8" regionsrebuilding="0"/>
  </mem-info>
</gc-start>
<allocation-stats totalBytes="35531152" >
  <allocated-bytes non-tlh="0" tlh="35531152" arrayletleaf="0"/>
  <largest-consumer threadName="main" threadId="000000000239EF00" bytes="35531152" />
</allocation-stats>
<gc-op id="1905" type="copy forward" timems="8.719" contextid="1902" timestamp="2019-08-11T05:39:09.341">
  <memory-copied type="eden" objects="2" bytes="56" bytesdiscarded="0" />
  <memory-copied type="other" objects="0" bytes="0" bytesdiscarded="0" />
  <memory-cardclean objects="1368" bytes="52776" />
  <regions eden="17" other="1" />
  <remembered-set-cleared processed="1202" cleared="15" durationms="0.263" />
  <stringconstants candidates="13725" cleared="0"  />
</gc-op>
<gc-op id="1906" type="classunload" timems="0.015" contextid="1902" timestamp="2019-08-11T05:39:09.341">
  <classunload-info classloadercandidates="54" classloadersunloaded="0" classesunloaded="0" anonymousclassesunloaded="0" quiescems="0.000" setupms="0.015" scanms="0.000" postms="0.000" />
</gc-op>
<heap-resize id="1907" type="contract" space="default" amount="6291456" count="1" timems="0.258" reason="excess free space following gc" timestamp="2019-08-11T05:39:09.342" />
<gc-end id="1908" type="partial gc" contextid="1902" durationms="10.936" usertimems="21.567" systemtimems="0.000" timestamp="2019-08-11T05:39:09.342" activeThreads="16">
  <mem-info id="1909" free="71303168" total="111149056" percent="64">
    <mem type="eden" free="2097096" total="2097152" percent="99" />
    <remembered-set count="3520" freebytes="4680960" totalbytes="4695040" percent="99" regionsoverflowed="0" regionsstable="8" regionsrebuilding="0"/>
  </mem-info>
</gc-end>
<cycle-end id="1910" type="partial gc" contextid="1902" timestamp="2019-08-11T05:39:09.342" />
  <attribute name="elasticGC enabled" value="1" />
  <attribute name= "numThreadsSpecified" value="16" />
  <attribute name="heapSize specified" value="0" />
  <attribute name="Current GC Util" value="64" />
  <attribute name= "Current Time Running" value="131217" />
  <attribute name ="GC Interval" value="0" />
  <attribute name="ProportionalT" value="-8.000000" />
  <attribute name="ProportionalI" value="-8.000000" />
  <attribute name="ProportionalH" value="-8.000000" />
  <attribute name="Current Error" value="-16.000000" />
  <attribute name="IntegralT" value="-8.000000" />
  <attribute name="IntegralI" value="-8.000000" />
  <attribute name="IntegralH" value="-8.000000" />
  <attribute name="DerivativeT" value="-62.000000" />
  <attribute name="DerivativeI" value="-62.000000" />
  <attribute name="DerivativeH" value="-62.000000" />
  <attribute name="Loop Time for DT" value="1.000000" />
  <attribute name="Output H" value="4202627072"/>
  <attribute name="Output I" value="200"/>
  <attribute name="Output T" value="16"/>
  <attribute name="Target GC Util Change" value ="80.000000" />
  <attribute name="Current GC Util Change" value="64.000000"/>
  <attribute name="GC Util currently" value="64" />
  <attribute name="CPU Util currently" value="960448543714" />
<exclusive-end id="1911" timestamp="2019-08-11T05:39:09.342" durationms="12.464" />

<exclusive-start id="1912" timestamp="2019-08-11T05:39:09.362" intervalms="32.498">
  <response-info timems="0.022" idlems="0.022" threads="0" lastid="000000000239EF00" lastname="main" />
</exclusive-start>
<allocation-taxation id="1913" taxation-threshold="35651584" timestamp="2019-08-11T05:39:09.362" intervalms="32.513" />
<cycle-start id="1914" type="partial gc" contextid="0" timestamp="2019-08-11T05:39:09.362" intervalms="32.523" />
<gc-start id="1915" type="partial gc" contextid="1914" timestamp="2019-08-11T05:39:09.362">
  <mem-info id="1916" free="35651584" total="111149056" percent="32">
    <mem type="eden" free="2097096" total="37748736" percent="5" />
    <remembered-set count="3136" freebytes="4682496" totalbytes="4695040" percent="99" regionsoverflowed="0" regionsstable="8" regionsrebuilding="0"/>
  </mem-info>
</gc-start>
<allocation-stats totalBytes="35531176" >
  <allocated-bytes non-tlh="0" tlh="35531176" arrayletleaf="0"/>
  <largest-consumer threadName="main" threadId="000000000239EF00" bytes="35531176" />
</allocation-stats>
<gc-op id="1917" type="copy forward" timems="8.319" contextid="1914" timestamp="2019-08-11T05:39:09.372">
  <memory-copied type="eden" objects="2" bytes="56" bytesdiscarded="0" />
  <memory-copied type="other" objects="0" bytes="0" bytesdiscarded="0" />
  <memory-cardclean objects="4833" bytes="425768" />
  <regions eden="17" other="1" />
  <remembered-set-cleared processed="922" cleared="23" durationms="0.183" />
  <stringconstants candidates="13725" cleared="0"  />
</gc-op>
<gc-op id="1918" type="classunload" timems="0.013" contextid="1914" timestamp="2019-08-11T05:39:09.372">
  <classunload-info classloadercandidates="54" classloadersunloaded="0" classesunloaded="0" anonymousclassesunloaded="0" quiescems="0.000" setupms="0.013" scanms="0.000" postms="0.000" />
</gc-op>
<heap-resize id="1919" type="contract" space="default" amount="6291456" count="1" timems="0.332" reason="excess free space following gc" timestamp="2019-08-11T05:39:09.373" />
<gc-end id="1920" type="partial gc" contextid="1914" durationms="10.107" usertimems="21.989" systemtimems="0.000" timestamp="2019-08-11T05:39:09.373" activeThreads="16">
  <mem-info id="1921" free="65011712" total="104857600" percent="62">
    <mem type="eden" free="2097096" total="2097152" percent="99" />
    <remembered-set count="5920" freebytes="4419840" totalbytes="4443520" percent="99" regionsoverflowed="0" regionsstable="8" regionsrebuilding="0"/>
  </mem-info>
</gc-end>
<cycle-end id="1922" type="partial gc" contextid="1914" timestamp="2019-08-11T05:39:09.373" />
  <attribute name="elasticGC enabled" value="1" />
  <attribute name= "numThreadsSpecified" value="16" />
  <attribute name="heapSize specified" value="0" />
  <attribute name="Current GC Util" value="109" />
  <attribute name= "Current Time Running" value="131249" />
  <attribute name ="GC Interval" value="0" />
  <attribute name="ProportionalT" value="14.500000" />
  <attribute name="ProportionalI" value="14.500000" />
  <attribute name="ProportionalH" value="14.500000" />
  <attribute name="Current Error" value="29.000000" />
  <attribute name="IntegralT" value="14.500000" />
  <attribute name="IntegralI" value="14.500000" />
  <attribute name="IntegralH" value="14.500000" />
  <attribute name="DerivativeT" value="29.000000" />
  <attribute name="DerivativeI" value="29.000000" />
  <attribute name="DerivativeH" value="29.000000" />
  <attribute name="Loop Time for DT" value="1.000000" />
  <attribute name="Output H" value="8388608"/>
  <attribute name="Output I" value="200"/>
  <attribute name="Output T" value="16"/>
  <attribute name="Target GC Util Change" value ="80.000000" />
  <attribute name="Current GC Util Change" value="109.000000"/>
  <attribute name="GC Util currently" value="109" />
  <attribute name="CPU Util currently" value="1333552489546" />
<exclusive-end id="1923" timestamp="2019-08-11T05:39:09.373" durationms="10.758" />

<exclusive-start id="1924" timestamp="2019-08-11T05:39:09.392" intervalms="30.256">
  <response-info timems="0.025" idlems="0.025" threads="0" lastid="000000000239EF00" lastname="main" />
</exclusive-start>
<allocation-taxation id="1925" taxation-threshold="33554432" timestamp="2019-08-11T05:39:09.392" intervalms="30.249" />
<cycle-start id="1926" type="partial gc" contextid="0" timestamp="2019-08-11T05:39:09.393" intervalms="30.296" />
<gc-start id="1927" type="partial gc" contextid="1926" timestamp="2019-08-11T05:39:09.393">
  <mem-info id="1928" free="31457280" total="104857600" percent="30">
    <mem type="eden" free="2097096" total="35651584" percent="5" />
    <remembered-set count="5664" freebytes="4420864" totalbytes="4443520" percent="99" regionsoverflowed="0" regionsstable="8" regionsrebuilding="0"/>
  </mem-info>
</gc-start>
<allocation-stats totalBytes="33440864" >
  <allocated-bytes non-tlh="0" tlh="33440864" arrayletleaf="0"/>
  <largest-consumer threadName="main" threadId="000000000239EF00" bytes="33440864" />
</allocation-stats>
<gc-op id="1929" type="copy forward" timems="13.470" contextid="1926" timestamp="2019-08-11T05:39:09.408">
  <memory-copied type="eden" objects="2" bytes="56" bytesdiscarded="0" />
  <memory-copied type="other" objects="0" bytes="0" bytesdiscarded="0" />
  <memory-cardclean objects="5507" bytes="187208" />
  <regions eden="16" other="1" />
  <remembered-set-cleared processed="864" cleared="15" durationms="0.281" />
  <stringconstants candidates="13725" cleared="0"  />
</gc-op>
<gc-op id="1930" type="classunload" timems="0.011" contextid="1926" timestamp="2019-08-11T05:39:09.408">
  <classunload-info classloadercandidates="54" classloadersunloaded="0" classesunloaded="0" anonymousclassesunloaded="0" quiescems="0.000" setupms="0.010" scanms="0.000" postms="0.000" />
</gc-op>
<heap-resize id="1931" type="contract" space="default" amount="2097152" count="1" timems="0.153" reason="excess free space following gc" timestamp="2019-08-11T05:39:09.408" />
<gc-end id="1932" type="partial gc" contextid="1926" durationms="15.235" usertimems="25.414" systemtimems="0.000" timestamp="2019-08-11T05:39:09.408" activeThreads="16">
  <mem-info id="1933" free="62914560" total="102760448" percent="61">
    <mem type="eden" free="2097096" total="2097152" percent="99" />
    <remembered-set count="5216" freebytes="4171136" totalbytes="4192000" percent="99" regionsoverflowed="0" regionsstable="8" regionsrebuilding="0"/>
  </mem-info>
</gc-end>
<cycle-end id="1934" type="partial gc" contextid="1926" timestamp="2019-08-11T05:39:09.408" />
  <attribute name="elasticGC enabled" value="1" />
  <attribute name= "numThreadsSpecified" value="16" />
  <attribute name="heapSize specified" value="0" />
  <attribute name="Current GC Util" value="88" />
  <attribute name= "Current Time Running" value="131279" />
  <attribute name ="GC Interval" value="0" />
  <attribute name="ProportionalT" value="4.000000" />
  <attribute name="ProportionalI" value="4.000000" />
  <attribute name="ProportionalH" value="4.000000" />
  <attribute name="Current Error" value="8.000000" />
  <attribute name="IntegralT" value="4.000000" />
  <attribute name="IntegralI" value="4.000000" />
  <attribute name="IntegralH" value="4.000000" />
  <attribute name="DerivativeT" value="8.000000" />
  <attribute name="DerivativeI" value="8.000000" />
  <attribute name="DerivativeH" value="8.000000" />
  <attribute name="Loop Time for DT" value="1.000000" />
  <attribute name="Output H" value="8388608"/>
  <attribute name="Output I" value="200"/>
  <attribute name="Output T" value="16"/>
  <attribute name="Target GC Util Change" value ="80.000000" />
  <attribute name="Current GC Util Change" value="88.000000"/>
  <attribute name="GC Util currently" value="88" />
  <attribute name="CPU Util currently" value="1241308869175" />
<exclusive-end id="1935" timestamp="2019-08-11T05:39:09.409" durationms="16.189" />

<exclusive-start id="1936" timestamp="2019-08-11T05:39:09.420" intervalms="27.274">
  <response-info timems="0.049" idlems="0.049" threads="0" lastid="000000000239EF00" lastname="main" />
</exclusive-start>
<allocation-taxation id="1937" taxation-threshold="33554432" timestamp="2019-08-11T05:39:09.420" intervalms="27.264" />
<cycle-start id="1938" type="partial gc" contextid="0" timestamp="2019-08-11T05:39:09.420" intervalms="27.356" />
<gc-start id="1939" type="partial gc" contextid="1938" timestamp="2019-08-11T05:39:09.420">
  <mem-info id="1940" free="29360128" total="102760448" percent="28">
    <mem type="eden" free="2097096" total="35651584" percent="5" />
    <remembered-set count="4768" freebytes="4172928" totalbytes="4192000" percent="99" regionsoverflowed="0" regionsstable="8" regionsrebuilding="0"/>
  </mem-info>
</gc-start>
<allocation-stats totalBytes="33440888" >
  <allocated-bytes non-tlh="0" tlh="33440888" arrayletleaf="0"/>
  <largest-consumer threadName="main" threadId="000000000239EF00" bytes="33440888" />
</allocation-stats>
<gc-op id="1941" type="copy forward" timems="8.218" contextid="1938" timestamp="2019-08-11T05:39:09.430">
  <memory-copied type="eden" objects="2" bytes="56" bytesdiscarded="0" />
  <memory-copied type="other" objects="0" bytes="0" bytesdiscarded="0" />
  <memory-cardclean objects="3430" bytes="362160" />
  <regions eden="16" other="1" />
  <remembered-set-cleared processed="1044" cleared="39" durationms="0.093" />
  <stringconstants candidates="13725" cleared="0"  />
</gc-op>
<gc-op id="1942" type="classunload" timems="0.010" contextid="1938" timestamp="2019-08-11T05:39:09.430">
  <classunload-info classloadercandidates="54" classloadersunloaded="0" classesunloaded="0" anonymousclassesunloaded="0" quiescems="0.000" setupms="0.009" scanms="0.000" postms="0.000" />
</gc-op>
<gc-end id="1943" type="partial gc" contextid="1938" durationms="9.766" usertimems="20.683" systemtimems="0.000" timestamp="2019-08-11T05:39:09.430" activeThreads="16">
  <mem-info id="1944" free="62914560" total="102760448" percent="61">
    <mem type="eden" free="2097096" total="2097152" percent="99" />
    <remembered-set count="5312" freebytes="4086912" totalbytes="4108160" percent="99" regionsoverflowed="0" regionsstable="8" regionsrebuilding="0"/>
  </mem-info>
</gc-end>
<cycle-end id="1945" type="partial gc" contextid="1938" timestamp="2019-08-11T05:39:09.430" />
  <attribute name="elasticGC enabled" value="1" />
  <attribute name= "numThreadsSpecified" value="16" />
  <attribute name="heapSize specified" value="0" />
  <attribute name="Current GC Util" value="81" />
  <attribute name= "Current Time Running" value="131306" />
  <attribute name ="GC Interval" value="0" />
  <attribute name="ProportionalT" value="0.500000" />
  <attribute name="ProportionalI" value="0.500000" />
  <attribute name="ProportionalH" value="0.500000" />
  <attribute name="Current Error" value="1.000000" />
  <attribute name="IntegralT" value="0.500000" />
  <attribute name="IntegralI" value="0.500000" />
  <attribute name="IntegralH" value="0.500000" />
  <attribute name="DerivativeT" value="-13.000000" />
  <attribute name="DerivativeI" value="-13.000000" />
  <attribute name="DerivativeH" value="-13.000000" />
  <attribute name="Loop Time for DT" value="1.000000" />
  <attribute name="Output H" value="4202627072"/>
  <attribute name="Output I" value="200"/>
  <attribute name="Output T" value="16"/>
  <attribute name="Target GC Util Change" value ="80.000000" />
  <attribute name="Current GC Util Change" value="81.000000"/>
  <attribute name="GC Util currently" value="81" />
  <attribute name="CPU Util currently" value="1103955523730" />
<exclusive-end id="1946" timestamp="2019-08-11T05:39:09.430" durationms="10.559" />

<exclusive-start id="1947" timestamp="2019-08-11T05:39:09.442" intervalms="22.077">
  <response-info timems="0.016" idlems="0.016" threads="0" lastid="000000000239EF00" lastname="main" />
</exclusive-start>
<allocation-taxation id="1948" taxation-threshold="33554432" timestamp="2019-08-11T05:39:09.442" intervalms="22.093" />
<cycle-start id="1949" type="partial gc" contextid="0" timestamp="2019-08-11T05:39:09.442" intervalms="21.985" />
<gc-start id="1950" type="partial gc" contextid="1949" timestamp="2019-08-11T05:39:09.442">
  <mem-info id="1951" free="29360128" total="102760448" percent="28">
    <mem type="eden" free="2097096" total="35651584" percent="5" />
    <remembered-set count="5184" freebytes="4087424" totalbytes="4108160" percent="99" regionsoverflowed="0" regionsstable="8" regionsrebuilding="0"/>
  </mem-info>
</gc-start>
<allocation-stats totalBytes="33440888" >
  <allocated-bytes non-tlh="0" tlh="33440888" arrayletleaf="0"/>
  <largest-consumer threadName="main" threadId="000000000239EF00" bytes="33440888" />
</allocation-stats>
<gc-op id="1952" type="copy forward" timems="9.388" contextid="1949" timestamp="2019-08-11T05:39:09.453">
  <memory-copied type="eden" objects="2" bytes="56" bytesdiscarded="0" />
  <memory-copied type="other" objects="0" bytes="0" bytesdiscarded="0" />
  <memory-cardclean objects="6" bytes="192" />
  <regions eden="16" other="1" />
  <remembered-set-cleared processed="1330" cleared="0" durationms="1.107" />
  <stringconstants candidates="13725" cleared="0"  />
</gc-op>
<gc-op id="1953" type="classunload" timems="0.010" contextid="1949" timestamp="2019-08-11T05:39:09.453">
  <classunload-info classloadercandidates="54" classloadersunloaded="0" classesunloaded="0" anonymousclassesunloaded="0" quiescems="0.000" setupms="0.009" scanms="0.000" postms="0.000" />
</gc-op>
<gc-end id="1954" type="partial gc" contextid="1949" durationms="10.695" usertimems="23.035" systemtimems="0.000" timestamp="2019-08-11T05:39:09.453" activeThreads="16">
  <mem-info id="1955" free="62914560" total="102760448" percent="61">
    <mem type="eden" free="2097096" total="2097152" percent="99" />
    <remembered-set count="2816" freebytes="4096896" totalbytes="4108160" percent="99" regionsoverflowed="0" regionsstable="8" regionsrebuilding="0"/>
  </mem-info>
</gc-end>
<cycle-end id="1956" type="partial gc" contextid="1949" timestamp="2019-08-11T05:39:09.453" />
  <attribute name="elasticGC enabled" value="1" />
  <attribute name= "numThreadsSpecified" value="16" />
  <attribute name="heapSize specified" value="0" />
  <attribute name="Current GC Util" value="110" />
  <attribute name= "Current Time Running" value="131328" />
  <attribute name ="GC Interval" value="0" />
  <attribute name="ProportionalT" value="15.000000" />
  <attribute name="ProportionalI" value="15.000000" />
  <attribute name="ProportionalH" value="15.000000" />
  <attribute name="Current Error" value="30.000000" />
  <attribute name="IntegralT" value="15.000000" />
  <attribute name="IntegralI" value="15.000000" />
  <attribute name="IntegralH" value="15.000000" />
  <attribute name="DerivativeT" value="15.000000" />
  <attribute name="DerivativeI" value="15.000000" />
  <attribute name="DerivativeH" value="15.000000" />
  <attribute name="Loop Time for DT" value="1.000000" />
  <attribute name="Output H" value="8388608"/>
  <attribute name="Output I" value="200"/>
  <attribute name="Output T" value="16"/>
  <attribute name="Target GC Util Change" value ="80.000000" />
  <attribute name="Current GC Util Change" value="110.000000"/>
  <attribute name="GC Util currently" value="110" />
  <attribute name="CPU Util currently" value="1482125189428" />
<exclusive-end id="1957" timestamp="2019-08-11T05:39:09.453" durationms="11.488" />

<exclusive-start id="1958" timestamp="2019-08-11T05:39:09.467" intervalms="25.723">
  <response-info timems="0.020" idlems="0.020" threads="0" lastid="000000000239EF00" lastname="main" />
</exclusive-start>
<allocation-taxation id="1959" taxation-threshold="33554432" timestamp="2019-08-11T05:39:09.467" intervalms="25.705" />
<cycle-start id="1960" type="partial gc" contextid="0" timestamp="2019-08-11T05:39:09.468" intervalms="25.691" />
<gc-start id="1961" type="partial gc" contextid="1960" timestamp="2019-08-11T05:39:09.468">
  <mem-info id="1962" free="29360128" total="102760448" percent="28">
    <mem type="eden" free="2097096" total="35651584" percent="5" />
    <remembered-set count="2816" freebytes="4096896" totalbytes="4108160" percent="99" regionsoverflowed="0" regionsstable="8" regionsrebuilding="0"/>
  </mem-info>
</gc-start>
<allocation-stats totalBytes="33440864" >
  <allocated-bytes non-tlh="0" tlh="33440864" arrayletleaf="0"/>
  <largest-consumer threadName="main" threadId="000000000239EF00" bytes="33440864" />
</allocation-stats>
<gc-op id="1963" type="copy forward" timems="18.313" contextid="1960" timestamp="2019-08-11T05:39:09.487">
  <memory-copied type="eden" objects="2" bytes="56" bytesdiscarded="0" />
  <memory-copied type="other" objects="0" bytes="0" bytesdiscarded="0" />
  <memory-cardclean objects="6" bytes="192" />
  <regions eden="16" other="1" />
  <remembered-set-cleared processed="1330" cleared="0" durationms="0.095" />
  <stringconstants candidates="13725" cleared="0"  />
</gc-op>
<gc-op id="1964" type="classunload" timems="0.012" contextid="1960" timestamp="2019-08-11T05:39:09.487">
  <classunload-info classloadercandidates="54" classloadersunloaded="0" classesunloaded="0" anonymousclassesunloaded="0" quiescems="0.000" setupms="0.012" scanms="0.000" postms="0.000" />
</gc-op>
<gc-end id="1965" type="partial gc" contextid="1960" durationms="19.377" usertimems="37.453" systemtimems="0.000" timestamp="2019-08-11T05:39:09.487" activeThreads="16">
  <mem-info id="1966" free="62914560" total="102760448" percent="61">
    <mem type="eden" free="2097096" total="2097152" percent="99" />
    <remembered-set count="2816" freebytes="4096896" totalbytes="4108160" percent="99" regionsoverflowed="0" regionsstable="8" regionsrebuilding="0"/>
  </mem-info>
</gc-end>
<cycle-end id="1967" type="partial gc" contextid="1960" timestamp="2019-08-11T05:39:09.487" />
  <attribute name="elasticGC enabled" value="1" />
  <attribute name= "numThreadsSpecified" value="16" />
  <attribute name="heapSize specified" value="0" />
  <attribute name="Current GC Util" value="133" />
  <attribute name= "Current Time Running" value="131354" />
  <attribute name ="GC Interval" value="0" />
  <attribute name="ProportionalT" value="26.500000" />
  <attribute name="ProportionalI" value="26.500000" />
  <attribute name="ProportionalH" value="26.500000" />
  <attribute name="Current Error" value="53.000000" />
  <attribute name="IntegralT" value="26.500000" />
  <attribute name="IntegralI" value="26.500000" />
  <attribute name="IntegralH" value="26.500000" />
  <attribute name="DerivativeT" value="43.000000" />
  <attribute name="DerivativeI" value="43.000000" />
  <attribute name="DerivativeH" value="43.000000" />
  <attribute name="Loop Time for DT" value="1.000000" />
  <attribute name="Output H" value="8388608"/>
  <attribute name="Output I" value="200"/>
  <attribute name="Output T" value="16"/>
  <attribute name="Target GC Util Change" value ="80.000000" />
  <attribute name="Current GC Util Change" value="133.000000"/>
  <attribute name="GC Util currently" value="133" />
  <attribute name="CPU Util currently" value="2179608722638" />
<exclusive-end id="1968" timestamp="2019-08-11T05:39:09.488" durationms="20.121" />

<exclusive-start id="1969" timestamp="2019-08-11T05:39:09.499" intervalms="31.130">
  <response-info timems="0.015" idlems="0.015" threads="0" lastid="000000000239EF00" lastname="main" />
</exclusive-start>
<allocation-taxation id="1970" taxation-threshold="33554432" timestamp="2019-08-11T05:39:09.499" intervalms="31.136" />
<cycle-start id="1971" type="partial gc" contextid="0" timestamp="2019-08-11T05:39:09.499" intervalms="31.105" />
<gc-start id="1972" type="partial gc" contextid="1971" timestamp="2019-08-11T05:39:09.499">
  <mem-info id="1973" free="29360128" total="102760448" percent="28">
    <mem type="eden" free="2097096" total="35651584" percent="5" />
    <remembered-set count="2816" freebytes="4096896" totalbytes="4108160" percent="99" regionsoverflowed="0" regionsstable="8" regionsrebuilding="0"/>
  </mem-info>
</gc-start>
<allocation-stats totalBytes="33440888" >
  <allocated-bytes non-tlh="0" tlh="33440888" arrayletleaf="0"/>
  <largest-consumer threadName="main" threadId="000000000239EF00" bytes="33440888" />
</allocation-stats>
<gc-op id="1974" type="copy forward" timems="12.458" contextid="1971" timestamp="2019-08-11T05:39:09.513">
  <memory-copied type="eden" objects="2" bytes="56" bytesdiscarded="0" />
  <memory-copied type="other" objects="0" bytes="0" bytesdiscarded="0" />
  <memory-cardclean objects="6" bytes="192" />
  <regions eden="16" other="1" />
  <remembered-set-cleared processed="1330" cleared="0" durationms="0.485" />
  <stringconstants candidates="13725" cleared="0"  />
</gc-op>
<gc-op id="1975" type="classunload" timems="0.009" contextid="1971" timestamp="2019-08-11T05:39:09.513">
  <classunload-info classloadercandidates="54" classloadersunloaded="0" classesunloaded="0" anonymousclassesunloaded="0" quiescems="0.000" setupms="0.009" scanms="0.000" postms="0.000" />
</gc-op>
<gc-end id="1976" type="partial gc" contextid="1971" durationms="13.960" usertimems="23.800" systemtimems="0.000" timestamp="2019-08-11T05:39:09.513" activeThreads="16">
  <mem-info id="1977" free="62914560" total="102760448" percent="61">
    <mem type="eden" free="2097096" total="2097152" percent="99" />
    <remembered-set count="2816" freebytes="4096896" totalbytes="4108160" percent="99" regionsoverflowed="0" regionsstable="8" regionsrebuilding="0"/>
  </mem-info>
</gc-end>
<cycle-end id="1978" type="partial gc" contextid="1971" timestamp="2019-08-11T05:39:09.513" />
  <attribute name="elasticGC enabled" value="1" />
  <attribute name= "numThreadsSpecified" value="16" />
  <attribute name="heapSize specified" value="0" />
  <attribute name="Current GC Util" value="305" />
  <attribute name= "Current Time Running" value="131385" />
  <attribute name ="GC Interval" value="0" />
  <attribute name="ProportionalT" value="112.500000" />
  <attribute name="ProportionalI" value="112.500000" />
  <attribute name="ProportionalH" value="112.500000" />
  <attribute name="Current Error" value="225.000000" />
  <attribute name="IntegralT" value="112.500000" />
  <attribute name="IntegralI" value="112.500000" />
  <attribute name="IntegralH" value="112.500000" />
  <attribute name="DerivativeT" value="186.000000" />
  <attribute name="DerivativeI" value="186.000000" />
  <attribute name="DerivativeH" value="186.000000" />
  <attribute name="Loop Time for DT" value="1.000000" />
  <attribute name="Output H" value="8388608"/>
  <attribute name="Output I" value="416"/>
  <attribute name="Output T" value="16"/>
  <attribute name="Target GC Util Change" value ="80.000000" />
  <attribute name="Current GC Util Change" value="305.000000"/>
  <attribute name="GC Util currently" value="305" />
  <attribute name="CPU Util currently" value="1268193960501" />
<exclusive-end id="1979" timestamp="2019-08-11T05:39:09.513" durationms="14.680" />

<exclusive-start id="1980" timestamp="2019-08-11T05:39:09.524" intervalms="25.490">
  <response-info timems="0.016" idlems="0.016" threads="0" lastid="000000000239EF00" lastname="main" />
</exclusive-start>
<allocation-taxation id="1981" taxation-threshold="33554432" timestamp="2019-08-11T05:39:09.524" intervalms="25.485" />
<cycle-start id="1982" type="partial gc" contextid="0" timestamp="2019-08-11T05:39:09.524" intervalms="25.476" />
<gc-start id="1983" type="partial gc" contextid="1982" timestamp="2019-08-11T05:39:09.524">
  <mem-info id="1984" free="29360128" total="102760448" percent="28">
    <mem type="eden" free="2097096" total="35651584" percent="5" />
    <remembered-set count="2336" freebytes="4098816" totalbytes="4108160" percent="99" regionsoverflowed="0" regionsstable="8" regionsrebuilding="0"/>
  </mem-info>
</gc-start>
<allocation-stats totalBytes="33440888" >
  <allocated-bytes non-tlh="0" tlh="33440888" arrayletleaf="0"/>
  <largest-consumer threadName="main" threadId="000000000239EF00" bytes="33440888" />
</allocation-stats>
<gc-op id="1985" type="copy forward" timems="7.987" contextid="1982" timestamp="2019-08-11T05:39:09.534">
  <memory-copied type="eden" objects="2" bytes="56" bytesdiscarded="0" />
  <memory-copied type="other" objects="0" bytes="0" bytesdiscarded="0" />
  <memory-cardclean objects="6" bytes="192" />
  <regions eden="16" other="1" />
  <remembered-set-cleared processed="1330" cleared="0" durationms="0.213" />
  <stringconstants candidates="13725" cleared="0"  />
</gc-op>
<gc-op id="1986" type="classunload" timems="0.012" contextid="1982" timestamp="2019-08-11T05:39:09.534">
  <classunload-info classloadercandidates="54" classloadersunloaded="0" classesunloaded="0" anonymousclassesunloaded="0" quiescems="0.000" setupms="0.010" scanms="0.000" postms="0.000" />
</gc-op>
<gc-end id="1987" type="partial gc" contextid="1982" durationms="10.075" usertimems="24.218" systemtimems="0.000" timestamp="2019-08-11T05:39:09.535" activeThreads="16">
  <mem-info id="1988" free="62914560" total="102760448" percent="61">
    <mem type="eden" free="2097096" total="2097152" percent="99" />
    <remembered-set count="2816" freebytes="4096896" totalbytes="4108160" percent="99" regionsoverflowed="0" regionsstable="8" regionsrebuilding="0"/>
  </mem-info>
</gc-end>
<cycle-end id="1989" type="partial gc" contextid="1982" timestamp="2019-08-11T05:39:09.535" />
  <attribute name="elasticGC enabled" value="1" />
  <attribute name= "numThreadsSpecified" value="16" />
  <attribute name="heapSize specified" value="0" />
  <attribute name="Current GC Util" value="260" />
  <attribute name= "Current Time Running" value="131411" />
  <attribute name ="GC Interval" value="0" />
  <attribute name="ProportionalT" value="90.000000" />
  <attribute name="ProportionalI" value="90.000000" />
  <attribute name="ProportionalH" value="90.000000" />
  <attribute name="Current Error" value="180.000000" />
  <attribute name="IntegralT" value="90.000000" />
  <attribute name="IntegralI" value="90.000000" />
  <attribute name="IntegralH" value="90.000000" />
  <attribute name="DerivativeT" value="173.000000" />
  <attribute name="DerivativeI" value="173.000000" />
  <attribute name="DerivativeH" value="173.000000" />
  <attribute name="Loop Time for DT" value="1.000000" />
  <attribute name="Output H" value="8388608"/>
  <attribute name="Output I" value="360"/>
  <attribute name="Output T" value="16"/>
  <attribute name="Target GC Util Change" value ="80.000000" />
  <attribute name="Current GC Util Change" value="260.000000"/>
  <attribute name="GC Util currently" value="260" />
  <attribute name="CPU Util currently" value="743573245294" />
<exclusive-end id="1990" timestamp="2019-08-11T05:39:09.535" durationms="10.778" />

<exclusive-start id="1991" timestamp="2019-08-11T05:39:09.546" intervalms="22.186">
  <response-info timems="0.018" idlems="0.018" threads="0" lastid="000000000239EF00" lastname="main" />
</exclusive-start>
<allocation-taxation id="1992" taxation-threshold="33554432" timestamp="2019-08-11T05:39:09.546" intervalms="22.193" />
<cycle-start id="1993" type="partial gc" contextid="0" timestamp="2019-08-11T05:39:09.546" intervalms="22.203" />
<gc-start id="1994" type="partial gc" contextid="1993" timestamp="2019-08-11T05:39:09.547">
  <mem-info id="1995" free="29360128" total="102760448" percent="28">
    <mem type="eden" free="2097096" total="35651584" percent="5" />
    <remembered-set count="2816" freebytes="4096896" totalbytes="4108160" percent="99" regionsoverflowed="0" regionsstable="8" regionsrebuilding="0"/>
  </mem-info>
</gc-start>
<allocation-stats totalBytes="33440864" >
  <allocated-bytes non-tlh="0" tlh="33440864" arrayletleaf="0"/>
  <largest-consumer threadName="main" threadId="000000000239EF00" bytes="33440864" />
</allocation-stats>
<gc-op id="1996" type="copy forward" timems="1.284" contextid="1993" timestamp="2019-08-11T05:39:09.549">
  <memory-copied type="eden" objects="2" bytes="56" bytesdiscarded="0" />
  <memory-copied type="other" objects="0" bytes="0" bytesdiscarded="0" />
  <memory-cardclean objects="6" bytes="192" />
  <regions eden="16" other="1" />
  <remembered-set-cleared processed="1330" cleared="0" durationms="0.137" />
  <stringconstants candidates="13725" cleared="0"  />
</gc-op>
<gc-op id="1997" type="classunload" timems="0.021" contextid="1993" timestamp="2019-08-11T05:39:09.549">
  <classunload-info classloadercandidates="54" classloadersunloaded="0" classesunloaded="0" anonymousclassesunloaded="0" quiescems="0.000" setupms="0.021" scanms="0.000" postms="0.000" />
</gc-op>
<gc-end id="1998" type="partial gc" contextid="1993" durationms="2.347" usertimems="3.408" systemtimems="0.000" timestamp="2019-08-11T05:39:09.549" activeThreads="1">
  <mem-info id="1999" free="62914560" total="102760448" percent="61">
    <mem type="eden" free="2097096" total="2097152" percent="99" />
    <remembered-set count="3328" freebytes="4094848" totalbytes="4108160" percent="99" regionsoverflowed="0" regionsstable="8" regionsrebuilding="0"/>
  </mem-info>
</gc-end>
<cycle-end id="2000" type="partial gc" contextid="1993" timestamp="2019-08-11T05:39:09.549" />
  <attribute name="elasticGC enabled" value="1" />
  <attribute name= "numThreadsSpecified" value="1" />
  <attribute name="heapSize specified" value="0" />
  <attribute name="Current GC Util" value="138" />
  <attribute name= "Current Time Running" value="131432" />
  <attribute name ="GC Interval" value="0" />
  <attribute name="ProportionalT" value="29.000000" />
  <attribute name="ProportionalI" value="29.000000" />
  <attribute name="ProportionalH" value="29.000000" />
  <attribute name="Current Error" value="58.000000" />
  <attribute name="IntegralT" value="0.000000" />
  <attribute name="IntegralI" value="0.000000" />
  <attribute name="IntegralH" value="0.000000" />
  <attribute name="DerivativeT" value="inf" />
  <attribute name="DerivativeI" value="inf" />
  <attribute name="DerivativeH" value="inf" />
  <attribute name="Loop Time for DT" value="0.000000" />
  <attribute name="Output H" value="8388608"/>
  <attribute name="Output I" value="200"/>
  <attribute name="Output T" value="1"/>
  <attribute name="Target GC Util Change" value ="80.000000" />
  <attribute name="Current GC Util Change" value="138.000000"/>
  <attribute name="GC Util currently" value="138" />
  <attribute name="CPU Util currently" value="2193513132810" />
<exclusive-end id="2001" timestamp="2019-08-11T05:39:09.549" durationms="3.114" />

<exclusive-start id="2002" timestamp="2019-08-11T05:39:09.562" intervalms="15.466">
  <response-info timems="0.021" idlems="0.021" threads="0" lastid="000000000239EF00" lastname="main" />
</exclusive-start>
<allocation-taxation id="2003" taxation-threshold="33554432" timestamp="2019-08-11T05:39:09.562" intervalms="15.458" />
<cycle-start id="2004" type="partial gc" contextid="0" timestamp="2019-08-11T05:39:09.562" intervalms="15.463" />
<gc-start id="2005" type="partial gc" contextid="2004" timestamp="2019-08-11T05:39:09.562">
  <mem-info id="2006" free="29360128" total="102760448" percent="28">
    <mem type="eden" free="2097096" total="35651584" percent="5" />
    <remembered-set count="2848" freebytes="4096768" totalbytes="4108160" percent="99" regionsoverflowed="0" regionsstable="8" regionsrebuilding="0"/>
  </mem-info>
</gc-start>
<allocation-stats totalBytes="33440888" >
  <allocated-bytes non-tlh="0" tlh="33440888" arrayletleaf="0"/>
  <largest-consumer threadName="main" threadId="000000000239EF00" bytes="33440888" />
</allocation-stats>
<gc-op id="2007" type="copy forward" timems="7.937" contextid="2004" timestamp="2019-08-11T05:39:09.571">
  <memory-copied type="eden" objects="2" bytes="56" bytesdiscarded="0" />
  <memory-copied type="other" objects="0" bytes="0" bytesdiscarded="0" />
  <memory-cardclean objects="6" bytes="192" />
  <regions eden="16" other="1" />
  <remembered-set-cleared processed="1330" cleared="0" durationms="0.138" />
  <stringconstants candidates="13725" cleared="0"  />
</gc-op>
<gc-op id="2008" type="classunload" timems="0.012" contextid="2004" timestamp="2019-08-11T05:39:09.571">
  <classunload-info classloadercandidates="54" classloadersunloaded="0" classesunloaded="0" anonymousclassesunloaded="0" quiescems="0.000" setupms="0.012" scanms="0.000" postms="0.000" />
</gc-op>
<gc-end id="2009" type="partial gc" contextid="2004" durationms="9.295" usertimems="20.970" systemtimems="0.000" timestamp="2019-08-11T05:39:09.571" activeThreads="16">
  <mem-info id="2010" free="62914560" total="102760448" percent="61">
    <mem type="eden" free="2097096" total="2097152" percent="99" />
    <remembered-set count="2816" freebytes="4096896" totalbytes="4108160" percent="99" regionsoverflowed="0" regionsstable="8" regionsrebuilding="0"/>
  </mem-info>
</gc-end>
<cycle-end id="2011" type="partial gc" contextid="2004" timestamp="2019-08-11T05:39:09.572" />
  <attribute name="elasticGC enabled" value="1" />
  <attribute name= "numThreadsSpecified" value="16" />
  <attribute name="heapSize specified" value="0" />
  <attribute name="Current GC Util" value="224" />
  <attribute name= "Current Time Running" value="131448" />
  <attribute name ="GC Interval" value="0" />
  <attribute name="ProportionalT" value="72.000000" />
  <attribute name="ProportionalI" value="72.000000" />
  <attribute name="ProportionalH" value="72.000000" />
  <attribute name="Current Error" value="144.000000" />
  <attribute name="IntegralT" value="72.000000" />
  <attribute name="IntegralI" value="72.000000" />
  <attribute name="IntegralH" value="72.000000" />
  <attribute name="DerivativeT" value="144.000000" />
  <attribute name="DerivativeI" value="144.000000" />
  <attribute name="DerivativeH" value="144.000000" />
  <attribute name="Loop Time for DT" value="1.000000" />
  <attribute name="Output H" value="8388608"/>
  <attribute name="Output I" value="288"/>
  <attribute name="Output T" value="16"/>
  <attribute name="Target GC Util Change" value ="80.000000" />
  <attribute name="Current GC Util Change" value="224.000000"/>
  <attribute name="GC Util currently" value="224" />
  <attribute name="CPU Util currently" value="1426341068608" />
<exclusive-end id="2012" timestamp="2019-08-11T05:39:09.572" durationms="10.015" />

<exclusive-start id="2013" timestamp="2019-08-11T05:39:09.583" intervalms="21.799">
  <response-info timems="0.015" idlems="0.015" threads="0" lastid="000000000239EF00" lastname="main" />
</exclusive-start>
<allocation-taxation id="2014" taxation-threshold="33554432" timestamp="2019-08-11T05:39:09.584" intervalms="21.799" />
<cycle-start id="2015" type="partial gc" contextid="0" timestamp="2019-08-11T05:39:09.584" intervalms="21.822" />
<gc-start id="2016" type="partial gc" contextid="2015" timestamp="2019-08-11T05:39:09.584">
  <mem-info id="2017" free="29360128" total="102760448" percent="28">
    <mem type="eden" free="2097096" total="35651584" percent="5" />
    <remembered-set count="2816" freebytes="4096896" totalbytes="4108160" percent="99" regionsoverflowed="0" regionsstable="8" regionsrebuilding="0"/>
  </mem-info>
</gc-start>
<allocation-stats totalBytes="33363928" >
  <allocated-bytes non-tlh="0" tlh="33363928" arrayletleaf="0"/>
  <largest-consumer threadName="main" threadId="000000000239EF00" bytes="33363928" />
</allocation-stats>
<gc-op id="2018" type="copy forward" timems="18.055" contextid="2015" timestamp="2019-08-11T05:39:09.603">
  <memory-copied type="eden" objects="27" bytes="1936" bytesdiscarded="992" />
  <memory-copied type="other" objects="0" bytes="0" bytesdiscarded="0" />
  <memory-cardclean objects="75" bytes="2256" />
  <regions eden="16" other="1" />
  <remembered-set-cleared processed="1330" cleared="6" durationms="0.094" />
  <stringconstants candidates="13725" cleared="0"  />
</gc-op>
<gc-op id="2019" type="classunload" timems="0.012" contextid="2015" timestamp="2019-08-11T05:39:09.603">
  <classunload-info classloadercandidates="54" classloadersunloaded="0" classesunloaded="0" anonymousclassesunloaded="0" quiescems="0.000" setupms="0.012" scanms="0.000" postms="0.000" />
</gc-op>
<gc-end id="2020" type="partial gc" contextid="2015" durationms="19.494" usertimems="27.452" systemtimems="0.000" timestamp="2019-08-11T05:39:09.603" activeThreads="16">
  <mem-info id="2021" free="62914560" total="102760448" percent="61">
    <mem type="eden" free="2094224" total="2097152" percent="99" />
    <remembered-set count="3776" freebytes="4093056" totalbytes="4108160" percent="99" regionsoverflowed="0" regionsstable="8" regionsrebuilding="0"/>
  </mem-info>
</gc-end>
<cycle-end id="2022" type="partial gc" contextid="2015" timestamp="2019-08-11T05:39:09.604" />
  <attribute name="elasticGC enabled" value="1" />
  <attribute name= "numThreadsSpecified" value="16" />
  <attribute name="heapSize specified" value="0" />
  <attribute name="Current GC Util" value="239" />
  <attribute name= "Current Time Running" value="131470" />
  <attribute name ="GC Interval" value="0" />
  <attribute name="ProportionalT" value="79.500000" />
  <attribute name="ProportionalI" value="79.500000" />
  <attribute name="ProportionalH" value="79.500000" />
  <attribute name="Current Error" value="159.000000" />
  <attribute name="IntegralT" value="79.500000" />
  <attribute name="IntegralI" value="79.500000" />
  <attribute name="IntegralH" value="79.500000" />
  <attribute name="DerivativeT" value="145.000000" />
  <attribute name="DerivativeI" value="145.000000" />
  <attribute name="DerivativeH" value="145.000000" />
  <attribute name="Loop Time for DT" value="1.000000" />
  <attribute name="Output H" value="8388608"/>
  <attribute name="Output I" value="304"/>
  <attribute name="Output T" value="16"/>
  <attribute name="Target GC Util Change" value ="80.000000" />
  <attribute name="Current GC Util Change" value="239.000000"/>
  <attribute name="GC Util currently" value="239" />
  <attribute name="CPU Util currently" value="1284483397512" />
<exclusive-end id="2023" timestamp="2019-08-11T05:39:09.604" durationms="20.693" />

<exclusive-start id="2024" timestamp="2019-08-11T05:39:09.617" intervalms="33.613">
  <response-info timems="0.018" idlems="0.018" threads="0" lastid="000000000239EF00" lastname="main" />
</exclusive-start>
<allocation-taxation id="2025" taxation-threshold="33554432" timestamp="2019-08-11T05:39:09.617" intervalms="33.618" />
<cycle-start id="2026" type="partial gc" contextid="0" timestamp="2019-08-11T05:39:09.617" intervalms="33.633" />
<gc-start id="2027" type="partial gc" contextid="2026" timestamp="2019-08-11T05:39:09.618">
  <mem-info id="2028" free="29360128" total="102760448" percent="28">
    <mem type="eden" free="0" total="33554432" percent="0" />
    <remembered-set count="3776" freebytes="4093056" totalbytes="4108160" percent="99" regionsoverflowed="0" regionsstable="8" regionsrebuilding="0"/>
  </mem-info>
</gc-start>
<allocation-stats totalBytes="33332728" >
  <allocated-bytes non-tlh="0" tlh="33332728" arrayletleaf="0"/>
  <largest-consumer threadName="main" threadId="000000000239EF00" bytes="33332728" />
</allocation-stats>
<gc-op id="2029" type="copy forward" timems="1.588" contextid="2026" timestamp="2019-08-11T05:39:09.620">
  <memory-copied type="eden" objects="2" bytes="64" bytesdiscarded="0" />
  <memory-copied type="other" objects="26" bytes="1896" bytesdiscarded="0" />
  <memory-cardclean objects="49" bytes="1728" />
  <regions eden="16" other="1" />
  <remembered-set-cleared processed="1328" cleared="4" durationms="0.200" />
  <stringconstants candidates="13725" cleared="0"  />
</gc-op>
<gc-op id="2030" type="classunload" timems="0.008" contextid="2026" timestamp="2019-08-11T05:39:09.620">
  <classunload-info classloadercandidates="54" classloadersunloaded="0" classesunloaded="0" anonymousclassesunloaded="0" quiescems="0.000" setupms="0.007" scanms="0.000" postms="0.000" />
</gc-op>
<heap-resize id="2031" type="expand" space="default" amount="2097152" count="1" timems="0.092" reason="excessive time being spent in gc" timestamp="2019-08-11T05:39:09.620" />
<gc-end id="2032" type="partial gc" contextid="2026" durationms="2.848" usertimems="3.764" systemtimems="0.000" timestamp="2019-08-11T05:39:09.620" activeThreads="1">
  <mem-info id="2033" free="62914560" total="104857600" percent="60">
    <mem type="eden" free="2097088" total="2097152" percent="99" />
    <remembered-set count="4128" freebytes="4175488" totalbytes="4192000" percent="99" regionsoverflowed="0" regionsstable="8" regionsrebuilding="0"/>
  </mem-info>
</gc-end>
<cycle-end id="2034" type="partial gc" contextid="2026" timestamp="2019-08-11T05:39:09.620" />
  <attribute name="elasticGC enabled" value="1" />
  <attribute name= "numThreadsSpecified" value="1" />
  <attribute name="heapSize specified" value="0" />
  <attribute name="Current GC Util" value="141" />
  <attribute name= "Current Time Running" value="131503" />
  <attribute name ="GC Interval" value="0" />
  <attribute name="ProportionalT" value="30.500000" />
  <attribute name="ProportionalI" value="30.500000" />
  <attribute name="ProportionalH" value="30.500000" />
  <attribute name="Current Error" value="61.000000" />
  <attribute name="IntegralT" value="0.000000" />
  <attribute name="IntegralI" value="0.000000" />
  <attribute name="IntegralH" value="0.000000" />
  <attribute name="DerivativeT" value="inf" />
  <attribute name="DerivativeI" value="inf" />
  <attribute name="DerivativeH" value="inf" />
  <attribute name="Loop Time for DT" value="0.000000" />
  <attribute name="Output H" value="8388608"/>
  <attribute name="Output I" value="200"/>
  <attribute name="Output T" value="1"/>
  <attribute name="Target GC Util Change" value ="80.000000" />
  <attribute name="Current GC Util Change" value="141.000000"/>
  <attribute name="GC Util currently" value="141" />
  <attribute name="CPU Util currently" value="1948259407944" />
<exclusive-end id="2035" timestamp="2019-08-11T05:39:09.621" durationms="3.543" />

<exclusive-start id="2036" timestamp="2019-08-11T05:39:09.640" intervalms="22.721">
  <response-info timems="0.039" idlems="0.039" threads="0" lastid="000000000239EF00" lastname="main" />
</exclusive-start>
<allocation-taxation id="2037" taxation-threshold="33554432" timestamp="2019-08-11T05:39:09.640" intervalms="22.724" />
<cycle-start id="2038" type="partial gc" contextid="0" timestamp="2019-08-11T05:39:09.640" intervalms="22.675" />
<gc-start id="2039" type="partial gc" contextid="2038" timestamp="2019-08-11T05:39:09.640">
  <mem-info id="2040" free="29360128" total="104857600" percent="28">
    <mem type="eden" free="2097088" total="35651584" percent="5" />
    <remembered-set count="3680" freebytes="4177280" totalbytes="4192000" percent="99" regionsoverflowed="0" regionsstable="8" regionsrebuilding="0"/>
  </mem-info>
</gc-start>
<allocation-stats totalBytes="33345352" >
  <allocated-bytes non-tlh="0" tlh="33345352" arrayletleaf="0"/>
  <largest-consumer threadName="main" threadId="000000000239EF00" bytes="33345352" />
</allocation-stats>
<gc-op id="2041" type="copy forward" timems="12.479" contextid="2038" timestamp="2019-08-11T05:39:09.654">
  <memory-copied type="eden" objects="2" bytes="64" bytesdiscarded="0" />
  <memory-copied type="other" objects="0" bytes="0" bytesdiscarded="0" />
  <memory-cardclean objects="10" bytes="424" />
  <regions eden="16" other="1" />
  <remembered-set-cleared processed="1333" cleared="0" durationms="0.284" />
  <stringconstants candidates="13725" cleared="0"  />
</gc-op>
<gc-op id="2042" type="classunload" timems="0.009" contextid="2038" timestamp="2019-08-11T05:39:09.654">
  <classunload-info classloadercandidates="54" classloadersunloaded="0" classesunloaded="0" anonymousclassesunloaded="0" quiescems="0.000" setupms="0.009" scanms="0.000" postms="0.000" />
</gc-op>
<gc-end id="2043" type="partial gc" contextid="2038" durationms="13.815" usertimems="20.654" systemtimems="0.000" timestamp="2019-08-11T05:39:09.654" activeThreads="16">
  <mem-info id="2044" free="62914560" total="104857600" percent="60">
    <mem type="eden" free="2097088" total="2097152" percent="99" />
    <remembered-set count="2784" freebytes="4180864" totalbytes="4192000" percent="99" regionsoverflowed="0" regionsstable="8" regionsrebuilding="0"/>
  </mem-info>
</gc-end>
<cycle-end id="2045" type="partial gc" contextid="2038" timestamp="2019-08-11T05:39:09.654" />
  <attribute name="elasticGC enabled" value="1" />
  <attribute name= "numThreadsSpecified" value="16" />
  <attribute name="heapSize specified" value="0" />
  <attribute name="Current GC Util" value="271" />
  <attribute name= "Current Time Running" value="131526" />
  <attribute name ="GC Interval" value="0" />
  <attribute name="ProportionalT" value="95.500000" />
  <attribute name="ProportionalI" value="95.500000" />
  <attribute name="ProportionalH" value="95.500000" />
  <attribute name="Current Error" value="191.000000" />
  <attribute name="IntegralT" value="95.500000" />
  <attribute name="IntegralI" value="95.500000" />
  <attribute name="IntegralH" value="95.500000" />
  <attribute name="DerivativeT" value="191.000000" />
  <attribute name="DerivativeI" value="191.000000" />
  <attribute name="DerivativeH" value="191.000000" />
  <attribute name="Loop Time for DT" value="1.000000" />
  <attribute name="Output H" value="8388608"/>
  <attribute name="Output I" value="384"/>
  <attribute name="Output T" value="16"/>
  <attribute name="Target GC Util Change" value ="80.000000" />
  <attribute name="Current GC Util Change" value="271.000000"/>
  <attribute name="GC Util currently" value="271" />
  <attribute name="CPU Util currently" value="1538660606631" />
<exclusive-end id="2046" timestamp="2019-08-11T05:39:09.654" durationms="14.499" />

<exclusive-start id="2047" timestamp="2019-08-11T05:39:09.665" intervalms="25.210">
  <response-info timems="0.015" idlems="0.015" threads="0" lastid="000000000239EF00" lastname="main" />
</exclusive-start>
<allocation-taxation id="2048" taxation-threshold="33554432" timestamp="2019-08-11T05:39:09.665" intervalms="25.198" />
<cycle-start id="2049" type="partial gc" contextid="0" timestamp="2019-08-11T05:39:09.665" intervalms="25.224" />
<gc-start id="2050" type="partial gc" contextid="2049" timestamp="2019-08-11T05:39:09.665">
  <mem-info id="2051" free="29360128" total="104857600" percent="28">
    <mem type="eden" free="2097088" total="35651584" percent="5" />
    <remembered-set count="2304" freebytes="4182784" totalbytes="4192000" percent="99" regionsoverflowed="0" regionsstable="8" regionsrebuilding="0"/>
  </mem-info>
</gc-start>
<allocation-stats totalBytes="33344088" >
  <allocated-bytes non-tlh="0" tlh="33344088" arrayletleaf="0"/>
  <largest-consumer threadName="main" threadId="000000000239EF00" bytes="33344088" />
</allocation-stats>
<gc-op id="2052" type="copy forward" timems="1.447" contextid="2049" timestamp="2019-08-11T05:39:09.668">
  <memory-copied type="eden" objects="2" bytes="64" bytesdiscarded="0" />
  <memory-copied type="other" objects="0" bytes="0" bytesdiscarded="0" />
  <memory-cardclean objects="10" bytes="424" />
  <regions eden="16" other="1" />
  <remembered-set-cleared processed="1333" cleared="0" durationms="0.162" />
  <stringconstants candidates="13725" cleared="0"  />
</gc-op>
<gc-op id="2053" type="classunload" timems="0.006" contextid="2049" timestamp="2019-08-11T05:39:09.668">
  <classunload-info classloadercandidates="54" classloadersunloaded="0" classesunloaded="0" anonymousclassesunloaded="0" quiescems="0.000" setupms="0.006" scanms="0.000" postms="0.000" />
</gc-op>
<gc-end id="2054" type="partial gc" contextid="2049" durationms="2.506" usertimems="3.581" systemtimems="0.000" timestamp="2019-08-11T05:39:09.668" activeThreads="1">
  <mem-info id="2055" free="62914560" total="104857600" percent="60">
    <mem type="eden" free="2097088" total="2097152" percent="99" />
    <remembered-set count="2784" freebytes="4180864" totalbytes="4192000" percent="99" regionsoverflowed="0" regionsstable="8" regionsrebuilding="0"/>
  </mem-info>
</gc-end>
<cycle-end id="2056" type="partial gc" contextid="2049" timestamp="2019-08-11T05:39:09.668" />
  <attribute name="elasticGC enabled" value="1" />
  <attribute name= "numThreadsSpecified" value="1" />
  <attribute name="heapSize specified" value="0" />
  <attribute name="Current GC Util" value="140" />
  <attribute name= "Current Time Running" value="131551" />
  <attribute name ="GC Interval" value="0" />
  <attribute name="ProportionalT" value="30.000000" />
  <attribute name="ProportionalI" value="30.000000" />
  <attribute name="ProportionalH" value="30.000000" />
  <attribute name="Current Error" value="60.000000" />
  <attribute name="IntegralT" value="0.000000" />
  <attribute name="IntegralI" value="0.000000" />
  <attribute name="IntegralH" value="0.000000" />
  <attribute name="DerivativeT" value="inf" />
  <attribute name="DerivativeI" value="inf" />
  <attribute name="DerivativeH" value="inf" />
  <attribute name="Loop Time for DT" value="0.000000" />
  <attribute name="Output H" value="8388608"/>
  <attribute name="Output I" value="200"/>
  <attribute name="Output T" value="1"/>
  <attribute name="Target GC Util Change" value ="80.000000" />
  <attribute name="Current GC Util Change" value="140.000000"/>
  <attribute name="GC Util currently" value="140" />
  <attribute name="CPU Util currently" value="2136460109119" />
<exclusive-end id="2057" timestamp="2019-08-11T05:39:09.668" durationms="3.196" />

<exclusive-start id="2058" timestamp="2019-08-11T05:39:09.679" intervalms="14.128">
  <response-info timems="0.018" idlems="0.018" threads="0" lastid="000000000239EF00" lastname="main" />
</exclusive-start>
<allocation-taxation id="2059" taxation-threshold="33554432" timestamp="2019-08-11T05:39:09.679" intervalms="14.134" />
<cycle-start id="2060" type="partial gc" contextid="0" timestamp="2019-08-11T05:39:09.679" intervalms="14.111" />
<gc-start id="2061" type="partial gc" contextid="2060" timestamp="2019-08-11T05:39:09.680">
  <mem-info id="2062" free="29360128" total="104857600" percent="28">
    <mem type="eden" free="2097088" total="35651584" percent="5" />
    <remembered-set count="2304" freebytes="4182784" totalbytes="4192000" percent="99" regionsoverflowed="0" regionsstable="8" regionsrebuilding="0"/>
  </mem-info>
</gc-start>
<allocation-stats totalBytes="33345352" >
  <allocated-bytes non-tlh="0" tlh="33345352" arrayletleaf="0"/>
  <largest-consumer threadName="main" threadId="000000000239EF00" bytes="33345352" />
</allocation-stats>
<gc-op id="2063" type="copy forward" timems="11.677" contextid="2060" timestamp="2019-08-11T05:39:09.693">
  <memory-copied type="eden" objects="2" bytes="64" bytesdiscarded="0" />
  <memory-copied type="other" objects="0" bytes="0" bytesdiscarded="0" />
  <memory-cardclean objects="10" bytes="424" />
  <regions eden="16" other="1" />
  <remembered-set-cleared processed="1333" cleared="0" durationms="0.307" />
  <stringconstants candidates="13725" cleared="0"  />
</gc-op>
<gc-op id="2064" type="classunload" timems="0.013" contextid="2060" timestamp="2019-08-11T05:39:09.693">
  <classunload-info classloadercandidates="54" classloadersunloaded="0" classesunloaded="0" anonymousclassesunloaded="0" quiescems="0.000" setupms="0.012" scanms="0.000" postms="0.000" />
</gc-op>
<gc-end id="2065" type="partial gc" contextid="2060" durationms="13.412" usertimems="24.310" systemtimems="0.000" timestamp="2019-08-11T05:39:09.693" activeThreads="16">
  <mem-info id="2066" free="62914560" total="104857600" percent="60">
    <mem type="eden" free="2097088" total="2097152" percent="99" />
    <remembered-set count="2784" freebytes="4180864" totalbytes="4192000" percent="99" regionsoverflowed="0" regionsstable="8" regionsrebuilding="0"/>
  </mem-info>
</gc-end>
<cycle-end id="2067" type="partial gc" contextid="2060" timestamp="2019-08-11T05:39:09.693" />
  <attribute name="elasticGC enabled" value="1" />
  <attribute name= "numThreadsSpecified" value="16" />
  <attribute name="heapSize specified" value="0" />
  <attribute name="Current GC Util" value="173" />
  <attribute name= "Current Time Running" value="131566" />
  <attribute name ="GC Interval" value="0" />
  <attribute name="ProportionalT" value="46.500000" />
  <attribute name="ProportionalI" value="46.500000" />
  <attribute name="ProportionalH" value="46.500000" />
  <attribute name="Current Error" value="93.000000" />
  <attribute name="IntegralT" value="46.500000" />
  <attribute name="IntegralI" value="46.500000" />
  <attribute name="IntegralH" value="46.500000" />
  <attribute name="DerivativeT" value="93.000000" />
  <attribute name="DerivativeI" value="93.000000" />
  <attribute name="DerivativeH" value="93.000000" />
  <attribute name="Loop Time for DT" value="1.000000" />
  <attribute name="Output H" value="8388608"/>
  <attribute name="Output I" value="200"/>
  <attribute name="Output T" value="16"/>
  <attribute name="Target GC Util Change" value ="80.000000" />
  <attribute name="Current GC Util Change" value="173.000000"/>
  <attribute name="GC Util currently" value="173" />
  <attribute name="CPU Util currently" value="1115181497419" />
<exclusive-end id="2068" timestamp="2019-08-11T05:39:09.693" durationms="14.164" />

<exclusive-start id="2069" timestamp="2019-08-11T05:39:09.704" intervalms="24.967">
  <response-info timems="0.020" idlems="0.020" threads="0" lastid="000000000239EF00" lastname="main" />
</exclusive-start>
<allocation-taxation id="2070" taxation-threshold="33554432" timestamp="2019-08-11T05:39:09.704" intervalms="24.976" />
<cycle-start id="2071" type="partial gc" contextid="0" timestamp="2019-08-11T05:39:09.704" intervalms="24.990" />
<gc-start id="2072" type="partial gc" contextid="2071" timestamp="2019-08-11T05:39:09.705">
  <mem-info id="2073" free="29360128" total="104857600" percent="28">
    <mem type="eden" free="2097088" total="35651584" percent="5" />
    <remembered-set count="2784" freebytes="4180864" totalbytes="4192000" percent="99" regionsoverflowed="0" regionsstable="8" regionsrebuilding="0"/>
  </mem-info>
</gc-start>
<allocation-stats totalBytes="33344088" >
  <allocated-bytes non-tlh="0" tlh="33344088" arrayletleaf="0"/>
  <largest-consumer threadName="main" threadId="000000000239EF00" bytes="33344088" />
</allocation-stats>
<gc-op id="2074" type="copy forward" timems="9.470" contextid="2071" timestamp="2019-08-11T05:39:09.715">
  <memory-copied type="eden" objects="2" bytes="64" bytesdiscarded="0" />
  <memory-copied type="other" objects="0" bytes="0" bytesdiscarded="0" />
  <memory-cardclean objects="10" bytes="424" />
  <regions eden="16" other="1" />
  <remembered-set-cleared processed="1333" cleared="0" durationms="0.100" />
  <stringconstants candidates="13725" cleared="0"  />
</gc-op>
<gc-op id="2075" type="classunload" timems="0.011" contextid="2071" timestamp="2019-08-11T05:39:09.715">
  <classunload-info classloadercandidates="54" classloadersunloaded="0" classesunloaded="0" anonymousclassesunloaded="0" quiescems="0.000" setupms="0.010" scanms="0.000" postms="0.000" />
</gc-op>
<gc-end id="2076" type="partial gc" contextid="2071" durationms="10.865" usertimems="25.112" systemtimems="0.000" timestamp="2019-08-11T05:39:09.715" activeThreads="16">
  <mem-info id="2077" free="62914560" total="104857600" percent="60">
    <mem type="eden" free="2097088" total="2097152" percent="99" />
    <remembered-set count="2784" freebytes="4180864" totalbytes="4192000" percent="99" regionsoverflowed="0" regionsstable="8" regionsrebuilding="0"/>
  </mem-info>
</gc-end>
<cycle-end id="2078" type="partial gc" contextid="2071" timestamp="2019-08-11T05:39:09.715" />
  <attribute name="elasticGC enabled" value="1" />
  <attribute name= "numThreadsSpecified" value="16" />
  <attribute name="heapSize specified" value="0" />
  <attribute name="Current GC Util" value="133" />
  <attribute name= "Current Time Running" value="131591" />
  <attribute name ="GC Interval" value="0" />
  <attribute name="ProportionalT" value="26.500000" />
  <attribute name="ProportionalI" value="26.500000" />
  <attribute name="ProportionalH" value="26.500000" />
  <attribute name="Current Error" value="53.000000" />
  <attribute name="IntegralT" value="26.500000" />
  <attribute name="IntegralI" value="26.500000" />
  <attribute name="IntegralH" value="26.500000" />
  <attribute name="DerivativeT" value="36.000000" />
  <attribute name="DerivativeI" value="36.000000" />
  <attribute name="DerivativeH" value="36.000000" />
  <attribute name="Loop Time for DT" value="1.000000" />
  <attribute name="Output H" value="8388608"/>
  <attribute name="Output I" value="200"/>
  <attribute name="Output T" value="16"/>
  <attribute name="Target GC Util Change" value ="80.000000" />
  <attribute name="Current GC Util Change" value="133.000000"/>
  <attribute name="GC Util currently" value="133" />
  <attribute name="CPU Util currently" value="1617438478442" />
<exclusive-end id="2079" timestamp="2019-08-11T05:39:09.716" durationms="11.579" />

<exclusive-start id="2080" timestamp="2019-08-11T05:39:09.727" intervalms="23.145">
  <response-info timems="0.016" idlems="0.016" threads="0" lastid="000000000239EF00" lastname="main" />
</exclusive-start>
<allocation-taxation id="2081" taxation-threshold="33554432" timestamp="2019-08-11T05:39:09.727" intervalms="23.140" />
<cycle-start id="2082" type="partial gc" contextid="0" timestamp="2019-08-11T05:39:09.727" intervalms="23.134" />
<gc-start id="2083" type="partial gc" contextid="2082" timestamp="2019-08-11T05:39:09.728">
  <mem-info id="2084" free="29360128" total="104857600" percent="28">
    <mem type="eden" free="2097088" total="35651584" percent="5" />
    <remembered-set count="2304" freebytes="4182784" totalbytes="4192000" percent="99" regionsoverflowed="0" regionsstable="8" regionsrebuilding="0"/>
  </mem-info>
</gc-start>
<allocation-stats totalBytes="33344112" >
  <allocated-bytes non-tlh="0" tlh="33344112" arrayletleaf="0"/>
  <largest-consumer threadName="main" threadId="000000000239EF00" bytes="33344112" />
</allocation-stats>
<gc-op id="2085" type="copy forward" timems="12.853" contextid="2082" timestamp="2019-08-11T05:39:09.742">
  <memory-copied type="eden" objects="2" bytes="64" bytesdiscarded="0" />
  <memory-copied type="other" objects="0" bytes="0" bytesdiscarded="0" />
  <memory-cardclean objects="10" bytes="424" />
  <regions eden="16" other="1" />
  <remembered-set-cleared processed="1333" cleared="0" durationms="0.101" />
  <stringconstants candidates="13725" cleared="0"  />
</gc-op>
<gc-op id="2086" type="classunload" timems="0.010" contextid="2082" timestamp="2019-08-11T05:39:09.742">
  <classunload-info classloadercandidates="54" classloadersunloaded="0" classesunloaded="0" anonymousclassesunloaded="0" quiescems="0.000" setupms="0.010" scanms="0.000" postms="0.000" />
</gc-op>
<gc-end id="2087" type="partial gc" contextid="2082" durationms="14.212" usertimems="26.128" systemtimems="0.000" timestamp="2019-08-11T05:39:09.742" activeThreads="16">
  <mem-info id="2088" free="62914560" total="104857600" percent="60">
    <mem type="eden" free="2097088" total="2097152" percent="99" />
    <remembered-set count="2784" freebytes="4180864" totalbytes="4192000" percent="99" regionsoverflowed="0" regionsstable="8" regionsrebuilding="0"/>
  </mem-info>
</gc-end>
<cycle-end id="2089" type="partial gc" contextid="2082" timestamp="2019-08-11T05:39:09.742" />
  <attribute name="elasticGC enabled" value="1" />
  <attribute name= "numThreadsSpecified" value="16" />
  <attribute name="heapSize specified" value="0" />
  <attribute name="Current GC Util" value="115" />
  <attribute name= "Current Time Running" value="131614" />
  <attribute name ="GC Interval" value="0" />
  <attribute name="ProportionalT" value="17.500000" />
  <attribute name="ProportionalI" value="17.500000" />
  <attribute name="ProportionalH" value="17.500000" />
  <attribute name="Current Error" value="35.000000" />
  <attribute name="IntegralT" value="17.500000" />
  <attribute name="IntegralI" value="17.500000" />
  <attribute name="IntegralH" value="17.500000" />
  <attribute name="DerivativeT" value="9.000000" />
  <attribute name="DerivativeI" value="9.000000" />
  <attribute name="DerivativeH" value="9.000000" />
  <attribute name="Loop Time for DT" value="1.000000" />
  <attribute name="Output H" value="8388608"/>
  <attribute name="Output I" value="200"/>
  <attribute name="Output T" value="16"/>
  <attribute name="Target GC Util Change" value ="80.000000" />
  <attribute name="Current GC Util Change" value="115.000000"/>
  <attribute name="GC Util currently" value="115" />
  <attribute name="CPU Util currently" value="1409889303738" />
<exclusive-end id="2090" timestamp="2019-08-11T05:39:09.742" durationms="14.852" />

<exclusive-start id="2091" timestamp="2019-08-11T05:39:09.753" intervalms="25.532">
  <response-info timems="0.022" idlems="0.022" threads="0" lastid="000000000239EF00" lastname="main" />
</exclusive-start>
<allocation-taxation id="2092" taxation-threshold="33554432" timestamp="2019-08-11T05:39:09.753" intervalms="25.537" />
<cycle-start id="2093" type="partial gc" contextid="0" timestamp="2019-08-11T05:39:09.753" intervalms="25.539" />
<gc-start id="2094" type="partial gc" contextid="2093" timestamp="2019-08-11T05:39:09.753">
  <mem-info id="2095" free="29360128" total="104857600" percent="28">
    <mem type="eden" free="2097088" total="35651584" percent="5" />
    <remembered-set count="2304" freebytes="4182784" totalbytes="4192000" percent="99" regionsoverflowed="0" regionsstable="8" regionsrebuilding="0"/>
  </mem-info>
</gc-start>
<allocation-stats totalBytes="33345352" >
  <allocated-bytes non-tlh="0" tlh="33345352" arrayletleaf="0"/>
  <largest-consumer threadName="main" threadId="000000000239EF00" bytes="33345352" />
</allocation-stats>
<gc-op id="2096" type="copy forward" timems="7.890" contextid="2093" timestamp="2019-08-11T05:39:09.762">
  <memory-copied type="eden" objects="2" bytes="64" bytesdiscarded="0" />
  <memory-copied type="other" objects="0" bytes="0" bytesdiscarded="0" />
  <memory-cardclean objects="10" bytes="424" />
  <regions eden="16" other="1" />
  <remembered-set-cleared processed="1333" cleared="0" durationms="0.097" />
  <stringconstants candidates="13725" cleared="0"  />
</gc-op>
<gc-op id="2097" type="classunload" timems="0.011" contextid="2093" timestamp="2019-08-11T05:39:09.762">
  <classunload-info classloadercandidates="54" classloadersunloaded="0" classesunloaded="0" anonymousclassesunloaded="0" quiescems="0.000" setupms="0.011" scanms="0.000" postms="0.000" />
</gc-op>
<gc-end id="2098" type="partial gc" contextid="2093" durationms="9.088" usertimems="20.647" systemtimems="0.000" timestamp="2019-08-11T05:39:09.762" activeThreads="16">
  <mem-info id="2099" free="62914560" total="104857600" percent="60">
    <mem type="eden" free="2097088" total="2097152" percent="99" />
    <remembered-set count="2784" freebytes="4180864" totalbytes="4192000" percent="99" regionsoverflowed="0" regionsstable="8" regionsrebuilding="0"/>
  </mem-info>
</gc-end>
<cycle-end id="2100" type="partial gc" contextid="2093" timestamp="2019-08-11T05:39:09.762" />
  <attribute name="elasticGC enabled" value="1" />
  <attribute name= "numThreadsSpecified" value="16" />
  <attribute name="heapSize specified" value="0" />
  <attribute name="Current GC Util" value="136" />
  <attribute name= "Current Time Running" value="131639" />
  <attribute name ="GC Interval" value="0" />
  <attribute name="ProportionalT" value="28.000000" />
  <attribute name="ProportionalI" value="28.000000" />
  <attribute name="ProportionalH" value="28.000000" />
  <attribute name="Current Error" value="56.000000" />
  <attribute name="IntegralT" value="28.000000" />
  <attribute name="IntegralI" value="28.000000" />
  <attribute name="IntegralH" value="28.000000" />
  <attribute name="DerivativeT" value="34.000000" />
  <attribute name="DerivativeI" value="34.000000" />
  <attribute name="DerivativeH" value="34.000000" />
  <attribute name="Loop Time for DT" value="1.000000" />
  <attribute name="Output H" value="8388608"/>
  <attribute name="Output I" value="200"/>
  <attribute name="Output T" value="16"/>
  <attribute name="Target GC Util Change" value ="80.000000" />
  <attribute name="Current GC Util Change" value="136.000000"/>
  <attribute name="GC Util currently" value="136" />
  <attribute name="CPU Util currently" value="1730133946978" />
<exclusive-end id="2101" timestamp="2019-08-11T05:39:09.763" durationms="9.867" />

<exclusive-start id="2102" timestamp="2019-08-11T05:39:09.779" intervalms="26.107">
  <response-info timems="0.021" idlems="0.021" threads="0" lastid="000000000239EF00" lastname="main" />
</exclusive-start>
<allocation-taxation id="2103" taxation-threshold="33554432" timestamp="2019-08-11T05:39:09.779" intervalms="26.097" />
<cycle-start id="2104" type="partial gc" contextid="0" timestamp="2019-08-11T05:39:09.779" intervalms="26.104" />
<gc-start id="2105" type="partial gc" contextid="2104" timestamp="2019-08-11T05:39:09.779">
  <mem-info id="2106" free="29360128" total="104857600" percent="28">
    <mem type="eden" free="2097088" total="35651584" percent="5" />
    <remembered-set count="2304" freebytes="4182784" totalbytes="4192000" percent="99" regionsoverflowed="0" regionsstable="8" regionsrebuilding="0"/>
  </mem-info>
</gc-start>
<allocation-stats totalBytes="33344088" >
  <allocated-bytes non-tlh="0" tlh="33344088" arrayletleaf="0"/>
  <largest-consumer threadName="main" threadId="000000000239EF00" bytes="33344088" />
</allocation-stats>
<gc-op id="2107" type="copy forward" timems="9.747" contextid="2104" timestamp="2019-08-11T05:39:09.791">
  <memory-copied type="eden" objects="2" bytes="64" bytesdiscarded="0" />
  <memory-copied type="other" objects="0" bytes="0" bytesdiscarded="0" />
  <memory-cardclean objects="10" bytes="424" />
  <regions eden="16" other="1" />
  <remembered-set-cleared processed="1333" cleared="0" durationms="0.099" />
  <stringconstants candidates="13725" cleared="0"  />
</gc-op>
<gc-op id="2108" type="classunload" timems="0.008" contextid="2104" timestamp="2019-08-11T05:39:09.791">
  <classunload-info classloadercandidates="54" classloadersunloaded="0" classesunloaded="0" anonymousclassesunloaded="0" quiescems="0.000" setupms="0.008" scanms="0.000" postms="0.000" />
</gc-op>
<gc-end id="2109" type="partial gc" contextid="2104" durationms="12.116" usertimems="21.565" systemtimems="0.000" timestamp="2019-08-11T05:39:09.791" activeThreads="16">
  <mem-info id="2110" free="62914560" total="104857600" percent="60">
    <mem type="eden" free="2097088" total="2097152" percent="99" />
    <remembered-set count="2784" freebytes="4180864" totalbytes="4192000" percent="99" regionsoverflowed="0" regionsstable="8" regionsrebuilding="0"/>
  </mem-info>
</gc-end>
<cycle-end id="2111" type="partial gc" contextid="2104" timestamp="2019-08-11T05:39:09.792" />
  <attribute name="elasticGC enabled" value="1" />
  <attribute name= "numThreadsSpecified" value="16" />
  <attribute name="heapSize specified" value="0" />
  <attribute name="Current GC Util" value="46" />
  <attribute name= "Current Time Running" value="131666" />
  <attribute name ="GC Interval" value="0" />
  <attribute name="ProportionalT" value="-17.000000" />
  <attribute name="ProportionalI" value="-17.000000" />
  <attribute name="ProportionalH" value="-17.000000" />
  <attribute name="Current Error" value="-34.000000" />
  <attribute name="IntegralT" value="-17.000000" />
  <attribute name="IntegralI" value="-17.000000" />
  <attribute name="IntegralH" value="-17.000000" />
  <attribute name="DerivativeT" value="-34.000000" />
  <attribute name="DerivativeI" value="-34.000000" />
  <attribute name="DerivativeH" value="-34.000000" />
  <attribute name="Loop Time for DT" value="1.000000" />
  <attribute name="Output H" value="4202627072"/>
  <attribute name="Output I" value="200"/>
  <attribute name="Output T" value="16"/>
  <attribute name="Target GC Util Change" value ="80.000000" />
  <attribute name="Current GC Util Change" value="46.000000"/>
  <attribute name="GC Util currently" value="46" />
  <attribute name="CPU Util currently" value="688325707775" />
<exclusive-end id="2112" timestamp="2019-08-11T05:39:09.792" durationms="12.820" />

<exclusive-start id="2113" timestamp="2019-08-11T05:39:09.808" intervalms="29.469">
  <response-info timems="0.021" idlems="0.021" threads="0" lastid="000000000239EF00" lastname="main" />
</exclusive-start>
<allocation-taxation id="2114" taxation-threshold="33554432" timestamp="2019-08-11T05:39:09.808" intervalms="29.477" />
<cycle-start id="2115" type="partial gc" contextid="0" timestamp="2019-08-11T05:39:09.809" intervalms="29.477" />
<gc-start id="2116" type="partial gc" contextid="2115" timestamp="2019-08-11T05:39:09.809">
  <mem-info id="2117" free="29360128" total="104857600" percent="28">
    <mem type="eden" free="2097088" total="35651584" percent="5" />
    <remembered-set count="2304" freebytes="4182784" totalbytes="4192000" percent="99" regionsoverflowed="0" regionsstable="8" regionsrebuilding="0"/>
  </mem-info>
</gc-start>
<allocation-stats totalBytes="33345352" >
  <allocated-bytes non-tlh="0" tlh="33345352" arrayletleaf="0"/>
  <largest-consumer threadName="main" threadId="000000000239EF00" bytes="33345352" />
</allocation-stats>
<gc-op id="2118" type="copy forward" timems="1.217" contextid="2115" timestamp="2019-08-11T05:39:09.811">
  <memory-copied type="eden" objects="2" bytes="64" bytesdiscarded="0" />
  <memory-copied type="other" objects="0" bytes="0" bytesdiscarded="0" />
  <memory-cardclean objects="10" bytes="424" />
  <regions eden="16" other="1" />
  <remembered-set-cleared processed="1333" cleared="0" durationms="0.230" />
  <stringconstants candidates="13725" cleared="0"  />
</gc-op>
<gc-op id="2119" type="classunload" timems="0.003" contextid="2115" timestamp="2019-08-11T05:39:09.811">
  <classunload-info classloadercandidates="54" classloadersunloaded="0" classesunloaded="0" anonymousclassesunloaded="0" quiescems="0.000" setupms="0.003" scanms="0.000" postms="0.000" />
</gc-op>
<gc-end id="2120" type="partial gc" contextid="2115" durationms="2.123" usertimems="3.007" systemtimems="0.000" timestamp="2019-08-11T05:39:09.811" activeThreads="1">
  <mem-info id="2121" free="62914560" total="104857600" percent="60">
    <mem type="eden" free="2097088" total="2097152" percent="99" />
    <remembered-set count="2784" freebytes="4180864" totalbytes="4192000" percent="99" regionsoverflowed="0" regionsstable="8" regionsrebuilding="0"/>
  </mem-info>
</gc-end>
<cycle-end id="2122" type="partial gc" contextid="2115" timestamp="2019-08-11T05:39:09.811" />
  <attribute name="elasticGC enabled" value="1" />
  <attribute name= "numThreadsSpecified" value="1" />
  <attribute name="heapSize specified" value="0" />
  <attribute name="Current GC Util" value="158" />
  <attribute name= "Current Time Running" value="131694" />
  <attribute name ="GC Interval" value="0" />
  <attribute name="ProportionalT" value="39.000000" />
  <attribute name="ProportionalI" value="39.000000" />
  <attribute name="ProportionalH" value="39.000000" />
  <attribute name="Current Error" value="78.000000" />
  <attribute name="IntegralT" value="0.000000" />
  <attribute name="IntegralI" value="0.000000" />
  <attribute name="IntegralH" value="0.000000" />
  <attribute name="DerivativeT" value="inf" />
  <attribute name="DerivativeI" value="inf" />
  <attribute name="DerivativeH" value="inf" />
  <attribute name="Loop Time for DT" value="0.000000" />
  <attribute name="Output H" value="8388608"/>
  <attribute name="Output I" value="200"/>
  <attribute name="Output T" value="1"/>
  <attribute name="Target GC Util Change" value ="80.000000" />
  <attribute name="Current GC Util Change" value="158.000000"/>
  <attribute name="GC Util currently" value="158" />
  <attribute name="CPU Util currently" value="2413206494805" />
<exclusive-end id="2123" timestamp="2019-08-11T05:39:09.811" durationms="2.793" />

<exclusive-start id="2124" timestamp="2019-08-11T05:39:09.831" intervalms="22.155">
  <response-info timems="0.021" idlems="0.021" threads="0" lastid="000000000239EF00" lastname="main" />
</exclusive-start>
<allocation-taxation id="2125" taxation-threshold="33554432" timestamp="2019-08-11T05:39:09.831" intervalms="22.152" />
<cycle-start id="2126" type="partial gc" contextid="0" timestamp="2019-08-11T05:39:09.831" intervalms="22.170" />
<gc-start id="2127" type="partial gc" contextid="2126" timestamp="2019-08-11T05:39:09.831">
  <mem-info id="2128" free="29360128" total="104857600" percent="28">
    <mem type="eden" free="2097088" total="35651584" percent="5" />
    <remembered-set count="2304" freebytes="4182784" totalbytes="4192000" percent="99" regionsoverflowed="0" regionsstable="8" regionsrebuilding="0"/>
  </mem-info>
</gc-start>
<allocation-stats totalBytes="33345328" >
  <allocated-bytes non-tlh="0" tlh="33345328" arrayletleaf="0"/>
  <largest-consumer threadName="main" threadId="000000000239EF00" bytes="33345328" />
</allocation-stats>
<gc-op id="2129" type="copy forward" timems="10.631" contextid="2126" timestamp="2019-08-11T05:39:09.843">
  <memory-copied type="eden" objects="2" bytes="64" bytesdiscarded="0" />
  <memory-copied type="other" objects="0" bytes="0" bytesdiscarded="0" />
  <memory-cardclean objects="10" bytes="424" />
  <regions eden="16" other="1" />
  <remembered-set-cleared processed="1333" cleared="0" durationms="0.100" />
  <stringconstants candidates="13725" cleared="0"  />
</gc-op>
<gc-op id="2130" type="classunload" timems="0.008" contextid="2126" timestamp="2019-08-11T05:39:09.843">
  <classunload-info classloadercandidates="54" classloadersunloaded="0" classesunloaded="0" anonymousclassesunloaded="0" quiescems="0.000" setupms="0.007" scanms="0.000" postms="0.000" />
</gc-op>
<gc-end id="2131" type="partial gc" contextid="2126" durationms="11.857" usertimems="23.654" systemtimems="0.000" timestamp="2019-08-11T05:39:09.843" activeThreads="16">
  <mem-info id="2132" free="62914560" total="104857600" percent="60">
    <mem type="eden" free="2097088" total="2097152" percent="99" />
    <remembered-set count="2784" freebytes="4180864" totalbytes="4192000" percent="99" regionsoverflowed="0" regionsstable="8" regionsrebuilding="0"/>
  </mem-info>
</gc-end>
<cycle-end id="2133" type="partial gc" contextid="2126" timestamp="2019-08-11T05:39:09.843" />
  <attribute name="elasticGC enabled" value="1" />
  <attribute name= "numThreadsSpecified" value="16" />
  <attribute name="heapSize specified" value="0" />
  <attribute name="Current GC Util" value="159" />
  <attribute name= "Current Time Running" value="131717" />
  <attribute name ="GC Interval" value="0" />
  <attribute name="ProportionalT" value="39.500000" />
  <attribute name="ProportionalI" value="39.500000" />
  <attribute name="ProportionalH" value="39.500000" />
  <attribute name="Current Error" value="79.000000" />
  <attribute name="IntegralT" value="39.500000" />
  <attribute name="IntegralI" value="39.500000" />
  <attribute name="IntegralH" value="39.500000" />
  <attribute name="DerivativeT" value="79.000000" />
  <attribute name="DerivativeI" value="79.000000" />
  <attribute name="DerivativeH" value="79.000000" />
  <attribute name="Loop Time for DT" value="1.000000" />
  <attribute name="Output H" value="8388608"/>
  <attribute name="Output I" value="200"/>
  <attribute name="Output T" value="16"/>
  <attribute name="Target GC Util Change" value ="80.000000" />
  <attribute name="Current GC Util Change" value="159.000000"/>
  <attribute name="GC Util currently" value="159" />
  <attribute name="CPU Util currently" value="1549390306182" />
<exclusive-end id="2134" timestamp="2019-08-11T05:39:09.843" durationms="12.581" />

<exclusive-start id="2135" timestamp="2019-08-11T05:39:09.886" intervalms="55.760">
  <response-info timems="0.014" idlems="0.014" threads="0" lastid="000000000239EF00" lastname="main" />
</exclusive-start>
<allocation-taxation id="2136" taxation-threshold="33554432" timestamp="2019-08-11T05:39:09.886" intervalms="55.763" />
<cycle-start id="2137" type="partial gc" contextid="0" timestamp="2019-08-11T05:39:09.886" intervalms="55.737" />
<gc-start id="2138" type="partial gc" contextid="2137" timestamp="2019-08-11T05:39:09.887">
  <mem-info id="2139" free="29360128" total="104857600" percent="28">
    <mem type="eden" free="2097088" total="35651584" percent="5" />
    <remembered-set count="2304" freebytes="4182784" totalbytes="4192000" percent="99" regionsoverflowed="0" regionsstable="8" regionsrebuilding="0"/>
  </mem-info>
</gc-start>
<allocation-stats totalBytes="33544904" >
  <allocated-bytes non-tlh="0" tlh="33544904" arrayletleaf="0"/>
  <largest-consumer threadName="main" threadId="000000000239EF00" bytes="33544904" />
</allocation-stats>
<gc-op id="2140" type="copy forward" timems="9.150" contextid="2137" timestamp="2019-08-11T05:39:09.897">
  <memory-copied type="eden" objects="163" bytes="5360" bytesdiscarded="696" />
  <memory-copied type="other" objects="0" bytes="0" bytesdiscarded="0" />
  <memory-cardclean objects="86" bytes="2344" />
  <regions eden="16" other="1" />
  <remembered-set-cleared processed="1333" cleared="3" durationms="0.185" />
  <stringconstants candidates="13725" cleared="0"  />
</gc-op>
<gc-op id="2141" type="classunload" timems="0.009" contextid="2137" timestamp="2019-08-11T05:39:09.897">
  <classunload-info classloadercandidates="54" classloadersunloaded="0" classesunloaded="0" anonymousclassesunloaded="0" quiescems="0.000" setupms="0.008" scanms="0.000" postms="0.000" />
</gc-op>
<gc-end id="2142" type="partial gc" contextid="2137" durationms="10.238" usertimems="21.458" systemtimems="0.000" timestamp="2019-08-11T05:39:09.897" activeThreads="16">
  <mem-info id="2143" free="62914560" total="104857600" percent="60">
    <mem type="eden" free="2091096" total="2097152" percent="99" />
    <remembered-set count="3296" freebytes="4178816" totalbytes="4192000" percent="99" regionsoverflowed="0" regionsstable="8" regionsrebuilding="0"/>
  </mem-info>
</gc-end>
<cycle-end id="2144" type="partial gc" contextid="2137" timestamp="2019-08-11T05:39:09.897" />
  <attribute name="elasticGC enabled" value="1" />
  <attribute name= "numThreadsSpecified" value="16" />
  <attribute name="heapSize specified" value="0" />
  <attribute name="Current GC Util" value="168" />
  <attribute name= "Current Time Running" value="131773" />
  <attribute name ="GC Interval" value="0" />
  <attribute name="ProportionalT" value="44.000000" />
  <attribute name="ProportionalI" value="44.000000" />
  <attribute name="ProportionalH" value="44.000000" />
  <attribute name="Current Error" value="88.000000" />
  <attribute name="IntegralT" value="44.000000" />
  <attribute name="IntegralI" value="44.000000" />
  <attribute name="IntegralH" value="44.000000" />
  <attribute name="DerivativeT" value="88.000000" />
  <attribute name="DerivativeI" value="88.000000" />
  <attribute name="DerivativeH" value="88.000000" />
  <attribute name="Loop Time for DT" value="1.000000" />
  <attribute name="Output H" value="8388608"/>
  <attribute name="Output I" value="200"/>
  <attribute name="Output T" value="16"/>
  <attribute name="Target GC Util Change" value ="80.000000" />
  <attribute name="Current GC Util Change" value="168.000000"/>
  <attribute name="GC Util currently" value="168" />
  <attribute name="CPU Util currently" value="2030885421995" />
<exclusive-end id="2145" timestamp="2019-08-11T05:39:09.897" durationms="10.864" />

<exclusive-start id="2146" timestamp="2019-08-11T05:39:09.962" intervalms="75.746">
  <response-info timems="0.019" idlems="0.019" threads="0" lastid="000000000239EF00" lastname="main" />
</exclusive-start>
<allocation-taxation id="2147" taxation-threshold="33554432" timestamp="2019-08-11T05:39:09.962" intervalms="75.753" />
<cycle-start id="2148" type="partial gc" contextid="0" timestamp="2019-08-11T05:39:09.962" intervalms="75.742" />
<gc-start id="2149" type="partial gc" contextid="2148" timestamp="2019-08-11T05:39:09.962">
  <mem-info id="2150" free="29360128" total="104857600" percent="28">
    <mem type="eden" free="0" total="33554432" percent="0" />
    <remembered-set count="3296" freebytes="4178816" totalbytes="4192000" percent="99" regionsoverflowed="0" regionsstable="8" regionsrebuilding="0"/>
  </mem-info>
</gc-start>
<allocation-stats totalBytes="33549440" >
  <allocated-bytes non-tlh="0" tlh="33549440" arrayletleaf="0"/>
  <largest-consumer threadName="main" threadId="000000000239EF00" bytes="33549440" />
</allocation-stats>
<gc-op id="2151" type="copy forward" timems="1.909" contextid="2148" timestamp="2019-08-11T05:39:09.966">
  <memory-copied type="eden" objects="236" bytes="7720" bytesdiscarded="0" />
  <memory-copied type="other" objects="7" bytes="160" bytesdiscarded="0" />
  <memory-cardclean objects="117" bytes="11728" />
  <regions eden="16" other="1" />
  <remembered-set-cleared processed="1331" cleared="11" durationms="0.312" />
  <references type="weak" candidates="37" cleared="0" enqueued="0" />
  <stringconstants candidates="13725" cleared="0"  />
</gc-op>
<gc-op id="2152" type="classunload" timems="0.011" contextid="2148" timestamp="2019-08-11T05:39:09.966">
  <classunload-info classloadercandidates="54" classloadersunloaded="0" classesunloaded="0" anonymousclassesunloaded="0" quiescems="0.000" setupms="0.011" scanms="0.000" postms="0.000" />
</gc-op>
<heap-resize id="2153" type="expand" space="default" amount="6291456" count="1" timems="0.070" reason="excessive time being spent in gc" timestamp="2019-08-11T05:39:09.966" />
<gc-end id="2154" type="partial gc" contextid="2148" durationms="3.736" usertimems="4.582" systemtimems="0.000" timestamp="2019-08-11T05:39:09.966" activeThreads="1">
  <mem-info id="2155" free="67108864" total="111149056" percent="60">
    <mem type="eden" free="2089384" total="2097152" percent="99" />
    <remembered-set count="3744" freebytes="4428544" totalbytes="4443520" percent="99" regionsoverflowed="0" regionsstable="8" regionsrebuilding="0"/>
  </mem-info>
</gc-end>
<cycle-end id="2156" type="partial gc" contextid="2148" timestamp="2019-08-11T05:39:09.966" />
  <attribute name="elasticGC enabled" value="1" />
  <attribute name= "numThreadsSpecified" value="1" />
  <attribute name="heapSize specified" value="0" />
  <attribute name="Current GC Util" value="79" />
  <attribute name= "Current Time Running" value="131849" />
  <attribute name ="GC Interval" value="0" />
  <attribute name="ProportionalT" value="-0.500000" />
  <attribute name="ProportionalI" value="-0.500000" />
  <attribute name="ProportionalH" value="-0.500000" />
  <attribute name="Current Error" value="-1.000000" />
  <attribute name="IntegralT" value="-0.500000" />
  <attribute name="IntegralI" value="-0.500000" />
  <attribute name="IntegralH" value="-0.500000" />
  <attribute name="DerivativeT" value="-1.000000" />
  <attribute name="DerivativeI" value="-1.000000" />
  <attribute name="DerivativeH" value="-1.000000" />
  <attribute name="Loop Time for DT" value="1.000000" />
  <attribute name="Output H" value="8388608"/>
  <attribute name="Output I" value="200"/>
  <attribute name="Output T" value="1"/>
  <attribute name="Target GC Util Change" value ="80.000000" />
  <attribute name="Current GC Util Change" value="79.000000"/>
  <attribute name="GC Util currently" value="79" />
  <attribute name="CPU Util currently" value="1088294205519" />
<exclusive-end id="2157" timestamp="2019-08-11T05:39:09.967" durationms="4.626" />

<exclusive-start id="2158" timestamp="2019-08-11T05:39:10.048" intervalms="85.843">
  <response-info timems="0.019" idlems="0.019" threads="0" lastid="000000000239EF00" lastname="main" />
</exclusive-start>
<allocation-taxation id="2159" taxation-threshold="35651584" timestamp="2019-08-11T05:39:10.048" intervalms="85.857" />
<cycle-start id="2160" type="partial gc" contextid="0" timestamp="2019-08-11T05:39:10.048" intervalms="85.876" />
<gc-start id="2161" type="partial gc" contextid="2160" timestamp="2019-08-11T05:39:10.048">
  <mem-info id="2162" free="31457280" total="111149056" percent="28">
    <mem type="eden" free="0" total="35651584" percent="0" />
    <remembered-set count="3296" freebytes="4430336" totalbytes="4443520" percent="99" regionsoverflowed="0" regionsstable="8" regionsrebuilding="0"/>
  </mem-info>
</gc-start>
<allocation-stats totalBytes="35647216" >
  <allocated-bytes non-tlh="0" tlh="35647216" arrayletleaf="0"/>
  <largest-consumer threadName="main" threadId="000000000239EF00" bytes="35647216" />
</allocation-stats>
<gc-op id="2163" type="copy forward" timems="2.201" contextid="2160" timestamp="2019-08-11T05:39:10.052">
  <memory-copied type="eden" objects="125" bytes="3864" bytesdiscarded="0" />
  <memory-copied type="other" objects="113" bytes="3968" bytesdiscarded="0" />
  <memory-cardclean objects="72" bytes="10432" />
  <regions eden="17" other="1" />
  <remembered-set-cleared processed="1332" cleared="8" durationms="0.276" />
  <references type="weak" candidates="37" cleared="0" enqueued="0" />
  <stringconstants candidates="13725" cleared="0"  />
</gc-op>
<gc-op id="2164" type="classunload" timems="0.009" contextid="2160" timestamp="2019-08-11T05:39:10.052">
  <classunload-info classloadercandidates="54" classloadersunloaded="0" classesunloaded="0" anonymousclassesunloaded="0" quiescems="0.000" setupms="0.009" scanms="0.000" postms="0.000" />
</gc-op>
<gc-end id="2165" type="partial gc" contextid="2160" durationms="3.697" usertimems="4.696" systemtimems="0.000" timestamp="2019-08-11T05:39:10.052" activeThreads="1">
  <mem-info id="2166" free="65011712" total="111149056" percent="58">
    <mem type="eden" free="2093288" total="2097152" percent="99" />
    <remembered-set count="3776" freebytes="4428416" totalbytes="4443520" percent="99" regionsoverflowed="0" regionsstable="8" regionsrebuilding="0"/>
  </mem-info>
</gc-end>
<cycle-end id="2167" type="partial gc" contextid="2160" timestamp="2019-08-11T05:39:10.052" />
  <attribute name="elasticGC enabled" value="1" />
  <attribute name= "numThreadsSpecified" value="1" />
  <attribute name="heapSize specified" value="0" />
  <attribute name="Current GC Util" value="160" />
  <attribute name= "Current Time Running" value="131934" />
  <attribute name ="GC Interval" value="0" />
  <attribute name="ProportionalT" value="40.000000" />
  <attribute name="ProportionalI" value="40.000000" />
  <attribute name="ProportionalH" value="40.000000" />
  <attribute name="Current Error" value="80.000000" />
  <attribute name="IntegralT" value="0.000000" />
  <attribute name="IntegralI" value="0.000000" />
  <attribute name="IntegralH" value="0.000000" />
  <attribute name="DerivativeT" value="inf" />
  <attribute name="DerivativeI" value="inf" />
  <attribute name="DerivativeH" value="inf" />
  <attribute name="Loop Time for DT" value="0.000000" />
  <attribute name="Output H" value="8388608"/>
  <attribute name="Output I" value="200"/>
  <attribute name="Output T" value="1"/>
  <attribute name="Target GC Util Change" value ="80.000000" />
  <attribute name="Current GC Util Change" value="160.000000"/>
  <attribute name="GC Util currently" value="160" />
  <attribute name="CPU Util currently" value="1310315222840" />
<exclusive-end id="2168" timestamp="2019-08-11T05:39:10.052" durationms="4.441" />

<exclusive-start id="2169" timestamp="2019-08-11T05:39:10.080" intervalms="31.810">
  <response-info timems="0.029" idlems="0.029" threads="0" lastid="000000000239EF00" lastname="main" />
</exclusive-start>
<allocation-taxation id="2170" taxation-threshold="35651584" timestamp="2019-08-11T05:39:10.080" intervalms="31.820" />
<cycle-start id="2171" type="partial gc" contextid="0" timestamp="2019-08-11T05:39:10.080" intervalms="31.824" />
<gc-start id="2172" type="partial gc" contextid="2171" timestamp="2019-08-11T05:39:10.080">
  <mem-info id="2173" free="29360128" total="111149056" percent="26">
    <mem type="eden" free="2093288" total="37748736" percent="5" />
    <remembered-set count="3328" freebytes="4430208" totalbytes="4443520" percent="99" regionsoverflowed="0" regionsstable="8" regionsrebuilding="0"/>
  </mem-info>
</gc-start>
<allocation-stats totalBytes="35633104" >
  <allocated-bytes non-tlh="0" tlh="35633104" arrayletleaf="0"/>
  <largest-consumer threadName="main" threadId="000000000239EF00" bytes="35633104" />
</allocation-stats>
<gc-op id="2174" type="copy forward" timems="10.346" contextid="2171" timestamp="2019-08-11T05:39:10.092">
  <memory-copied type="eden" objects="136" bytes="4392" bytesdiscarded="2664" />
  <memory-copied type="other" objects="0" bytes="0" bytesdiscarded="0" />
  <memory-cardclean objects="77" bytes="2528" />
  <regions eden="17" other="1" />
  <remembered-set-cleared processed="1340" cleared="6" durationms="0.114" />
  <stringconstants candidates="13725" cleared="0"  />
</gc-op>
<gc-op id="2175" type="classunload" timems="0.010" contextid="2171" timestamp="2019-08-11T05:39:10.092">
  <classunload-info classloadercandidates="54" classloadersunloaded="0" classesunloaded="0" anonymousclassesunloaded="0" quiescems="0.000" setupms="0.009" scanms="0.000" postms="0.000" />
</gc-op>
<gc-end id="2176" type="partial gc" contextid="2171" durationms="11.877" usertimems="25.345" systemtimems="0.000" timestamp="2019-08-11T05:39:10.092" activeThreads="16">
  <mem-info id="2177" free="65011712" total="111149056" percent="58">
    <mem type="eden" free="2090096" total="2097152" percent="99" />
    <remembered-set count="3872" freebytes="4428032" totalbytes="4443520" percent="99" regionsoverflowed="0" regionsstable="8" regionsrebuilding="0"/>
  </mem-info>
</gc-end>
<cycle-end id="2178" type="partial gc" contextid="2171" timestamp="2019-08-11T05:39:10.092" />
  <attribute name="elasticGC enabled" value="1" />
  <attribute name= "numThreadsSpecified" value="16" />
  <attribute name="heapSize specified" value="0" />
  <attribute name="Current GC Util" value="167" />
  <attribute name= "Current Time Running" value="131966" />
  <attribute name ="GC Interval" value="0" />
  <attribute name="ProportionalT" value="43.500000" />
  <attribute name="ProportionalI" value="43.500000" />
  <attribute name="ProportionalH" value="43.500000" />
  <attribute name="Current Error" value="87.000000" />
  <attribute name="IntegralT" value="43.500000" />
  <attribute name="IntegralI" value="43.500000" />
  <attribute name="IntegralH" value="43.500000" />
  <attribute name="DerivativeT" value="87.000000" />
  <attribute name="DerivativeI" value="87.000000" />
  <attribute name="DerivativeH" value="87.000000" />
  <attribute name="Loop Time for DT" value="1.000000" />
  <attribute name="Output H" value="8388608"/>
  <attribute name="Output I" value="200"/>
  <attribute name="Output T" value="16"/>
  <attribute name="Target GC Util Change" value ="80.000000" />
  <attribute name="Current GC Util Change" value="167.000000"/>
  <attribute name="GC Util currently" value="167" />
  <attribute name="CPU Util currently" value="1185396593700" />
<exclusive-end id="2179" timestamp="2019-08-11T05:39:10.092" durationms="12.587" />

<exclusive-start id="2180" timestamp="2019-08-11T05:39:10.107" intervalms="26.950">
  <response-info timems="0.015" idlems="0.015" threads="0" lastid="000000000239EF00" lastname="main" />
</exclusive-start>
<allocation-taxation id="2181" taxation-threshold="35651584" timestamp="2019-08-11T05:39:10.107" intervalms="26.910" />
<cycle-start id="2182" type="partial gc" contextid="0" timestamp="2019-08-11T05:39:10.107" intervalms="26.884" />
<gc-start id="2183" type="partial gc" contextid="2182" timestamp="2019-08-11T05:39:10.108">
  <mem-info id="2184" free="29360128" total="111149056" percent="26">
    <mem type="eden" free="0" total="35651584" percent="0" />
    <remembered-set count="3872" freebytes="4428032" totalbytes="4443520" percent="99" regionsoverflowed="0" regionsstable="8" regionsrebuilding="0"/>
  </mem-info>
</gc-start>
<allocation-stats totalBytes="35632976" >
  <allocated-bytes non-tlh="0" tlh="35632976" arrayletleaf="0"/>
  <largest-consumer threadName="main" threadId="000000000239EF00" bytes="35632976" />
</allocation-stats>
<gc-op id="2185" type="copy forward" timems="1.313" contextid="2182" timestamp="2019-08-11T05:39:10.110">
  <memory-copied type="eden" objects="5" bytes="344" bytesdiscarded="0" />
  <memory-copied type="other" objects="130" bytes="4008" bytesdiscarded="0" />
  <memory-cardclean objects="49" bytes="1896" />
  <regions eden="17" other="1" />
  <remembered-set-cleared processed="1339" cleared="5" durationms="0.172" />
  <stringconstants candidates="13725" cleared="0"  />
</gc-op>
<gc-op id="2186" type="classunload" timems="0.006" contextid="2182" timestamp="2019-08-11T05:39:10.110">
  <classunload-info classloadercandidates="54" classloadersunloaded="0" classesunloaded="0" anonymousclassesunloaded="0" quiescems="0.000" setupms="0.006" scanms="0.000" postms="0.000" />
</gc-op>
<heap-resize id="2187" type="expand" space="default" amount="10485760" count="1" timems="0.066" reason="excessive time being spent in gc" timestamp="2019-08-11T05:39:10.110" />
<gc-end id="2188" type="partial gc" contextid="2182" durationms="2.714" usertimems="3.666" systemtimems="0.000" timestamp="2019-08-11T05:39:10.110" activeThreads="1">
  <mem-info id="2189" free="73400320" total="121634816" percent="60">
    <mem type="eden" free="2096808" total="2097152" percent="99" />
    <remembered-set count="4160" freebytes="4846080" totalbytes="4862720" percent="99" regionsoverflowed="0" regionsstable="8" regionsrebuilding="0"/>
  </mem-info>
</gc-end>
<cycle-end id="2190" type="partial gc" contextid="2182" timestamp="2019-08-11T05:39:10.110" />
  <attribute name="elasticGC enabled" value="1" />
  <attribute name= "numThreadsSpecified" value="1" />
  <attribute name="heapSize specified" value="0" />
  <attribute name="Current GC Util" value="149" />
  <attribute name= "Current Time Running" value="131993" />
  <attribute name ="GC Interval" value="0" />
  <attribute name="ProportionalT" value="34.500000" />
  <attribute name="ProportionalI" value="34.500000" />
  <attribute name="ProportionalH" value="34.500000" />
  <attribute name="Current Error" value="69.000000" />
  <attribute name="IntegralT" value="0.000000" />
  <attribute name="IntegralI" value="0.000000" />
  <attribute name="IntegralH" value="0.000000" />
  <attribute name="DerivativeT" value="inf" />
  <attribute name="DerivativeI" value="inf" />
  <attribute name="DerivativeH" value="inf" />
  <attribute name="Loop Time for DT" value="0.000000" />
  <attribute name="Output H" value="8388608"/>
  <attribute name="Output I" value="200"/>
  <attribute name="Output T" value="1"/>
  <attribute name="Target GC Util Change" value ="80.000000" />
  <attribute name="Current GC Util Change" value="149.000000"/>
  <attribute name="GC Util currently" value="149" />
  <attribute name="CPU Util currently" value="1871115456170" />
<exclusive-end id="2191" timestamp="2019-08-11T05:39:10.111" durationms="3.890" />

<exclusive-start id="2192" timestamp="2019-08-11T05:39:10.123" intervalms="16.406">
  <response-info timems="0.019" idlems="0.019" threads="0" lastid="000000000239EF00" lastname="main" />
</exclusive-start>
<allocation-taxation id="2193" taxation-threshold="37748736" timestamp="2019-08-11T05:39:10.123" intervalms="16.430" />
<cycle-start id="2194" type="partial gc" contextid="0" timestamp="2019-08-11T05:39:10.123" intervalms="16.428" />
<gc-start id="2195" type="partial gc" contextid="2194" timestamp="2019-08-11T05:39:10.124">
  <mem-info id="2196" free="35651584" total="121634816" percent="29">
    <mem type="eden" free="2096808" total="39845888" percent="5" />
    <remembered-set count="3712" freebytes="4847872" totalbytes="4862720" percent="99" regionsoverflowed="0" regionsstable="8" regionsrebuilding="0"/>
  </mem-info>
</gc-start>
<allocation-stats totalBytes="37729216" >
  <allocated-bytes non-tlh="0" tlh="37729216" arrayletleaf="0"/>
  <largest-consumer threadName="main" threadId="000000000239EF00" bytes="37729216" />
</allocation-stats>
<gc-op id="2197" type="copy forward" timems="1.250" contextid="2194" timestamp="2019-08-11T05:39:10.126">
  <memory-copied type="eden" objects="8" bytes="192" bytesdiscarded="0" />
  <memory-copied type="other" objects="0" bytes="0" bytesdiscarded="0" />
  <memory-cardclean objects="16" bytes="528" />
  <regions eden="18" other="1" />
  <remembered-set-cleared processed="1344" cleared="1" durationms="0.175" />
  <stringconstants candidates="13725" cleared="0"  />
</gc-op>
<gc-op id="2198" type="classunload" timems="0.005" contextid="2194" timestamp="2019-08-11T05:39:10.126">
  <classunload-info classloadercandidates="54" classloadersunloaded="0" classesunloaded="0" anonymousclassesunloaded="0" quiescems="0.000" setupms="0.005" scanms="0.000" postms="0.000" />
</gc-op>
<gc-end id="2199" type="partial gc" contextid="2194" durationms="2.451" usertimems="3.667" systemtimems="0.000" timestamp="2019-08-11T05:39:10.126" activeThreads="1">
  <mem-info id="2200" free="73400320" total="121634816" percent="60">
    <mem type="eden" free="2096960" total="2097152" percent="99" />
    <remembered-set count="4192" freebytes="4845952" totalbytes="4862720" percent="99" regionsoverflowed="0" regionsstable="8" regionsrebuilding="0"/>
  </mem-info>
</gc-end>
<cycle-end id="2201" type="partial gc" contextid="2194" timestamp="2019-08-11T05:39:10.126" />
  <attribute name="elasticGC enabled" value="1" />
  <attribute name= "numThreadsSpecified" value="1" />
  <attribute name="heapSize specified" value="0" />
  <attribute name="Current GC Util" value="207" />
  <attribute name= "Current Time Running" value="132009" />
  <attribute name ="GC Interval" value="0" />
  <attribute name="ProportionalT" value="63.500000" />
  <attribute name="ProportionalI" value="63.500000" />
  <attribute name="ProportionalH" value="63.500000" />
  <attribute name="Current Error" value="127.000000" />
  <attribute name="IntegralT" value="0.000000" />
  <attribute name="IntegralI" value="0.000000" />
  <attribute name="IntegralH" value="0.000000" />
  <attribute name="DerivativeT" value="inf" />
  <attribute name="DerivativeI" value="inf" />
  <attribute name="DerivativeH" value="inf" />
  <attribute name="Loop Time for DT" value="0.000000" />
  <attribute name="Output H" value="8388608"/>
  <attribute name="Output I" value="200"/>
  <attribute name="Output T" value="1"/>
  <attribute name="Target GC Util Change" value ="80.000000" />
  <attribute name="Current GC Util Change" value="207.000000"/>
  <attribute name="GC Util currently" value="207" />
  <attribute name="CPU Util currently" value="1972478320715" />
<exclusive-end id="2202" timestamp="2019-08-11T05:39:10.126" durationms="3.193" />

<exclusive-start id="2203" timestamp="2019-08-11T05:39:10.139" intervalms="15.694">
  <response-info timems="0.019" idlems="0.019" threads="0" lastid="000000000239EF00" lastname="main" />
</exclusive-start>
<allocation-taxation id="2204" taxation-threshold="37748736" timestamp="2019-08-11T05:39:10.139" intervalms="15.691" />
<cycle-start id="2205" type="partial gc" contextid="0" timestamp="2019-08-11T05:39:10.139" intervalms="15.744" />
<gc-start id="2206" type="partial gc" contextid="2205" timestamp="2019-08-11T05:39:10.139">
  <mem-info id="2207" free="35651584" total="121634816" percent="29">
    <mem type="eden" free="2096960" total="39845888" percent="5" />
    <remembered-set count="3712" freebytes="4847872" totalbytes="4862720" percent="99" regionsoverflowed="0" regionsstable="8" regionsrebuilding="0"/>
  </mem-info>
</gc-start>
<allocation-stats totalBytes="37729040" >
  <allocated-bytes non-tlh="0" tlh="37729040" arrayletleaf="0"/>
  <largest-consumer threadName="main" threadId="000000000239EF00" bytes="37729040" />
</allocation-stats>
<gc-op id="2208" type="copy forward" timems="1.428" contextid="2205" timestamp="2019-08-11T05:39:10.142">
  <memory-copied type="eden" objects="6" bytes="272" bytesdiscarded="0" />
  <memory-copied type="other" objects="0" bytes="0" bytesdiscarded="0" />
  <memory-cardclean objects="16" bytes="528" />
  <regions eden="18" other="1" />
  <remembered-set-cleared processed="1344" cleared="1" durationms="0.220" />
  <stringconstants candidates="13725" cleared="0"  />
</gc-op>
<gc-op id="2209" type="classunload" timems="0.005" contextid="2205" timestamp="2019-08-11T05:39:10.142">
  <classunload-info classloadercandidates="54" classloadersunloaded="0" classesunloaded="0" anonymousclassesunloaded="0" quiescems="0.000" setupms="0.005" scanms="0.000" postms="0.000" />
</gc-op>
<gc-end id="2210" type="partial gc" contextid="2205" durationms="3.060" usertimems="3.385" systemtimems="0.000" timestamp="2019-08-11T05:39:10.142" activeThreads="1">
  <mem-info id="2211" free="73400320" total="121634816" percent="60">
    <mem type="eden" free="2096880" total="2097152" percent="99" />
    <remembered-set count="4192" freebytes="4845952" totalbytes="4862720" percent="99" regionsoverflowed="0" regionsstable="8" regionsrebuilding="0"/>
  </mem-info>
</gc-end>
<cycle-end id="2212" type="partial gc" contextid="2205" timestamp="2019-08-11T05:39:10.143" />
  <attribute name="elasticGC enabled" value="1" />
  <attribute name= "numThreadsSpecified" value="1" />
  <attribute name="heapSize specified" value="0" />
  <attribute name="Current GC Util" value="162" />
  <attribute name= "Current Time Running" value="132025" />
  <attribute name ="GC Interval" value="0" />
  <attribute name="ProportionalT" value="41.000000" />
  <attribute name="ProportionalI" value="41.000000" />
  <attribute name="ProportionalH" value="41.000000" />
  <attribute name="Current Error" value="82.000000" />
  <attribute name="IntegralT" value="0.000000" />
  <attribute name="IntegralI" value="0.000000" />
  <attribute name="IntegralH" value="0.000000" />
  <attribute name="DerivativeT" value="inf" />
  <attribute name="DerivativeI" value="inf" />
  <attribute name="DerivativeH" value="inf" />
  <attribute name="Loop Time for DT" value="0.000000" />
  <attribute name="Output H" value="8388608"/>
  <attribute name="Output I" value="200"/>
  <attribute name="Output T" value="1"/>
  <attribute name="Target GC Util Change" value ="80.000000" />
  <attribute name="Current GC Util Change" value="162.000000"/>
  <attribute name="GC Util currently" value="162" />
  <attribute name="CPU Util currently" value="1956740808969" />
<exclusive-end id="2213" timestamp="2019-08-11T05:39:10.143" durationms="4.014" />

<exclusive-start id="2214" timestamp="2019-08-11T05:39:10.165" intervalms="26.154">
  <response-info timems="0.020" idlems="0.020" threads="0" lastid="000000000239EF00" lastname="main" />
</exclusive-start>
<allocation-taxation id="2215" taxation-threshold="37748736" timestamp="2019-08-11T05:39:10.165" intervalms="26.135" />
<cycle-start id="2216" type="partial gc" contextid="0" timestamp="2019-08-11T05:39:10.165" intervalms="26.080" />
<gc-start id="2217" type="partial gc" contextid="2216" timestamp="2019-08-11T05:39:10.165">
  <mem-info id="2218" free="35651584" total="121634816" percent="29">
    <mem type="eden" free="2096880" total="39845888" percent="5" />
    <remembered-set count="3712" freebytes="4847872" totalbytes="4862720" percent="99" regionsoverflowed="0" regionsstable="8" regionsrebuilding="0"/>
  </mem-info>
</gc-start>
<allocation-stats totalBytes="37729160" >
  <allocated-bytes non-tlh="0" tlh="37729160" arrayletleaf="0"/>
  <largest-consumer threadName="main" threadId="000000000239EF00" bytes="37729160" />
</allocation-stats>
<gc-op id="2219" type="copy forward" timems="9.471" contextid="2216" timestamp="2019-08-11T05:39:10.176">
  <memory-copied type="eden" objects="6" bytes="352" bytesdiscarded="0" />
  <memory-copied type="other" objects="0" bytes="0" bytesdiscarded="0" />
  <memory-cardclean objects="16" bytes="528" />
  <regions eden="18" other="1" />
  <remembered-set-cleared processed="1344" cleared="1" durationms="0.202" />
  <stringconstants candidates="13725" cleared="0"  />
</gc-op>
<gc-op id="2220" type="classunload" timems="0.009" contextid="2216" timestamp="2019-08-11T05:39:10.176">
  <classunload-info classloadercandidates="54" classloadersunloaded="0" classesunloaded="0" anonymousclassesunloaded="0" quiescems="0.000" setupms="0.009" scanms="0.000" postms="0.000" />
</gc-op>
<gc-end id="2221" type="partial gc" contextid="2216" durationms="10.850" usertimems="20.809" systemtimems="0.000" timestamp="2019-08-11T05:39:10.176" activeThreads="16">
  <mem-info id="2222" free="73400320" total="121634816" percent="60">
    <mem type="eden" free="2096800" total="2097152" percent="99" />
    <remembered-set count="2880" freebytes="4851200" totalbytes="4862720" percent="99" regionsoverflowed="0" regionsstable="8" regionsrebuilding="0"/>
  </mem-info>
</gc-end>
<cycle-end id="2223" type="partial gc" contextid="2216" timestamp="2019-08-11T05:39:10.176" />
  <attribute name="elasticGC enabled" value="1" />
  <attribute name= "numThreadsSpecified" value="16" />
  <attribute name="heapSize specified" value="0" />
  <attribute name="Current GC Util" value="196" />
  <attribute name= "Current Time Running" value="132051" />
  <attribute name ="GC Interval" value="0" />
  <attribute name="ProportionalT" value="58.000000" />
  <attribute name="ProportionalI" value="58.000000" />
  <attribute name="ProportionalH" value="58.000000" />
  <attribute name="Current Error" value="116.000000" />
  <attribute name="IntegralT" value="58.000000" />
  <attribute name="IntegralI" value="58.000000" />
  <attribute name="IntegralH" value="58.000000" />
  <attribute name="DerivativeT" value="116.000000" />
  <attribute name="DerivativeI" value="116.000000" />
  <attribute name="DerivativeH" value="116.000000" />
  <attribute name="Loop Time for DT" value="1.000000" />
  <attribute name="Output H" value="8388608"/>
  <attribute name="Output I" value="232"/>
  <attribute name="Output T" value="16"/>
  <attribute name="Target GC Util Change" value ="80.000000" />
  <attribute name="Current GC Util Change" value="196.000000"/>
  <attribute name="GC Util currently" value="196" />
  <attribute name="CPU Util currently" value="1579011370645" />
<exclusive-end id="2224" timestamp="2019-08-11T05:39:10.176" durationms="11.428" />

<exclusive-start id="2225" timestamp="2019-08-11T05:39:10.191" intervalms="26.164">
  <response-info timems="0.015" idlems="0.015" threads="0" lastid="000000000239EF00" lastname="main" />
</exclusive-start>
<allocation-taxation id="2226" taxation-threshold="37748736" timestamp="2019-08-11T05:39:10.191" intervalms="26.176" />
<cycle-start id="2227" type="partial gc" contextid="0" timestamp="2019-08-11T05:39:10.191" intervalms="26.231" />
<gc-start id="2228" type="partial gc" contextid="2227" timestamp="2019-08-11T05:39:10.191">
  <mem-info id="2229" free="35651584" total="121634816" percent="29">
    <mem type="eden" free="2096800" total="39845888" percent="5" />
    <remembered-set count="2880" freebytes="4851200" totalbytes="4862720" percent="99" regionsoverflowed="0" regionsstable="8" regionsrebuilding="0"/>
  </mem-info>
</gc-start>
<allocation-stats totalBytes="37729072" >
  <allocated-bytes non-tlh="0" tlh="37729072" arrayletleaf="0"/>
  <largest-consumer threadName="main" threadId="000000000239EF00" bytes="37729072" />
</allocation-stats>
<gc-op id="2230" type="copy forward" timems="1.163" contextid="2227" timestamp="2019-08-11T05:39:10.194">
  <memory-copied type="eden" objects="6" bytes="408" bytesdiscarded="0" />
  <memory-copied type="other" objects="0" bytes="0" bytesdiscarded="0" />
  <memory-cardclean objects="16" bytes="528" />
  <regions eden="18" other="1" />
  <remembered-set-cleared processed="1344" cleared="1" durationms="0.160" />
  <stringconstants candidates="13725" cleared="0"  />
</gc-op>
<gc-op id="2231" type="classunload" timems="0.003" contextid="2227" timestamp="2019-08-11T05:39:10.194">
  <classunload-info classloadercandidates="54" classloadersunloaded="0" classesunloaded="0" anonymousclassesunloaded="0" quiescems="0.000" setupms="0.003" scanms="0.000" postms="0.000" />
</gc-op>
<gc-end id="2232" type="partial gc" contextid="2227" durationms="2.255" usertimems="3.279" systemtimems="0.000" timestamp="2019-08-11T05:39:10.194" activeThreads="1">
  <mem-info id="2233" free="73400320" total="121634816" percent="60">
    <mem type="eden" free="2096744" total="2097152" percent="99" />
    <remembered-set count="3328" freebytes="4849408" totalbytes="4862720" percent="99" regionsoverflowed="0" regionsstable="8" regionsrebuilding="0"/>
  </mem-info>
</gc-end>
<cycle-end id="2234" type="partial gc" contextid="2227" timestamp="2019-08-11T05:39:10.194" />
  <attribute name="elasticGC enabled" value="1" />
  <attribute name= "numThreadsSpecified" value="1" />
  <attribute name="heapSize specified" value="0" />
  <attribute name="Current GC Util" value="144" />
  <attribute name= "Current Time Running" value="132077" />
  <attribute name ="GC Interval" value="0" />
  <attribute name="ProportionalT" value="32.000000" />
  <attribute name="ProportionalI" value="32.000000" />
  <attribute name="ProportionalH" value="32.000000" />
  <attribute name="Current Error" value="64.000000" />
  <attribute name="IntegralT" value="0.000000" />
  <attribute name="IntegralI" value="0.000000" />
  <attribute name="IntegralH" value="0.000000" />
  <attribute name="DerivativeT" value="inf" />
  <attribute name="DerivativeI" value="inf" />
  <attribute name="DerivativeH" value="inf" />
  <attribute name="Loop Time for DT" value="0.000000" />
  <attribute name="Output H" value="8388608"/>
  <attribute name="Output I" value="200"/>
  <attribute name="Output T" value="1"/>
  <attribute name="Target GC Util Change" value ="80.000000" />
  <attribute name="Current GC Util Change" value="144.000000"/>
  <attribute name="GC Util currently" value="144" />
  <attribute name="CPU Util currently" value="1924428838341" />
<exclusive-end id="2235" timestamp="2019-08-11T05:39:10.194" durationms="2.908" />

<exclusive-start id="2236" timestamp="2019-08-11T05:39:10.207" intervalms="15.687">
  <response-info timems="0.018" idlems="0.018" threads="0" lastid="000000000239EF00" lastname="main" />
</exclusive-start>
<allocation-taxation id="2237" taxation-threshold="37748736" timestamp="2019-08-11T05:39:10.207" intervalms="15.687" />
<cycle-start id="2238" type="partial gc" contextid="0" timestamp="2019-08-11T05:39:10.207" intervalms="15.670" />
<gc-start id="2239" type="partial gc" contextid="2238" timestamp="2019-08-11T05:39:10.207">
  <mem-info id="2240" free="35651584" total="121634816" percent="29">
    <mem type="eden" free="2096744" total="39845888" percent="5" />
    <remembered-set count="2848" freebytes="4851328" totalbytes="4862720" percent="99" regionsoverflowed="0" regionsstable="8" regionsrebuilding="0"/>
  </mem-info>
</gc-start>
<allocation-stats totalBytes="37721408" >
  <allocated-bytes non-tlh="0" tlh="37721408" arrayletleaf="0"/>
  <largest-consumer threadName="main" threadId="000000000239EF00" bytes="37721408" />
</allocation-stats>
<gc-op id="2241" type="copy forward" timems="7.708" contextid="2238" timestamp="2019-08-11T05:39:10.216">
  <memory-copied type="eden" objects="28" bytes="1328" bytesdiscarded="1048" />
  <memory-copied type="other" objects="0" bytes="0" bytesdiscarded="0" />
  <memory-cardclean objects="84" bytes="2528" />
  <regions eden="18" other="1" />
  <remembered-set-cleared processed="1344" cleared="8" durationms="0.143" />
  <stringconstants candidates="13725" cleared="0"  />
</gc-op>
<gc-op id="2242" type="classunload" timems="0.010" contextid="2238" timestamp="2019-08-11T05:39:10.216">
  <classunload-info classloadercandidates="54" classloadersunloaded="0" classesunloaded="0" anonymousclassesunloaded="0" quiescems="0.000" setupms="0.009" scanms="0.000" postms="0.000" />
</gc-op>
<gc-end id="2243" type="partial gc" contextid="2238" durationms="9.102" usertimems="21.243" systemtimems="0.000" timestamp="2019-08-11T05:39:10.216" activeThreads="16">
  <mem-info id="2244" free="73400320" total="121634816" percent="60">
    <mem type="eden" free="2094776" total="2097152" percent="99" />
    <remembered-set count="4416" freebytes="4845056" totalbytes="4862720" percent="99" regionsoverflowed="0" regionsstable="8" regionsrebuilding="0"/>
  </mem-info>
</gc-end>
<cycle-end id="2245" type="partial gc" contextid="2238" timestamp="2019-08-11T05:39:10.216" />
  <attribute name="elasticGC enabled" value="1" />
  <attribute name= "numThreadsSpecified" value="16" />
  <attribute name="heapSize specified" value="0" />
  <attribute name="Current GC Util" value="272" />
  <attribute name= "Current Time Running" value="132093" />
  <attribute name ="GC Interval" value="0" />
  <attribute name="ProportionalT" value="96.000000" />
  <attribute name="ProportionalI" value="96.000000" />
  <attribute name="ProportionalH" value="96.000000" />
  <attribute name="Current Error" value="192.000000" />
  <attribute name="IntegralT" value="96.000000" />
  <attribute name="IntegralI" value="96.000000" />
  <attribute name="IntegralH" value="96.000000" />
  <attribute name="DerivativeT" value="192.000000" />
  <attribute name="DerivativeI" value="192.000000" />
  <attribute name="DerivativeH" value="192.000000" />
  <attribute name="Loop Time for DT" value="1.000000" />
  <attribute name="Output H" value="8388608"/>
  <attribute name="Output I" value="384"/>
  <attribute name="Output T" value="16"/>
  <attribute name="Target GC Util Change" value ="80.000000" />
  <attribute name="Current GC Util Change" value="272.000000"/>
  <attribute name="GC Util currently" value="272" />
  <attribute name="CPU Util currently" value="1198840662104" />
<exclusive-end id="2246" timestamp="2019-08-11T05:39:10.216" durationms="9.710" />

<exclusive-start id="2247" timestamp="2019-08-11T05:39:10.230" intervalms="23.089">
  <response-info timems="0.017" idlems="0.017" threads="0" lastid="000000000239EF00" lastname="main" />
</exclusive-start>
<allocation-taxation id="2248" taxation-threshold="37748736" timestamp="2019-08-11T05:39:10.230" intervalms="23.083" />
<cycle-start id="2249" type="partial gc" contextid="0" timestamp="2019-08-11T05:39:10.230" intervalms="23.187" />
<gc-start id="2250" type="partial gc" contextid="2249" timestamp="2019-08-11T05:39:10.230">
  <mem-info id="2251" free="35651584" total="121634816" percent="29">
    <mem type="eden" free="0" total="37748736" percent="0" />
    <remembered-set count="2784" freebytes="4851584" totalbytes="4862720" percent="99" regionsoverflowed="0" regionsstable="9" regionsrebuilding="0"/>
  </mem-info>
</gc-start>
<allocation-stats totalBytes="37713928" >
  <allocated-bytes non-tlh="0" tlh="37713928" arrayletleaf="0"/>
  <largest-consumer threadName="main" threadId="000000000239EF00" bytes="37713928" />
</allocation-stats>
<gc-op id="2252" type="copy forward" timems="10.054" contextid="2249" timestamp="2019-08-11T05:39:10.241">
  <memory-copied type="eden" objects="6" bytes="392" bytesdiscarded="0" />
  <memory-copied type="other" objects="22" bytes="944" bytesdiscarded="280" />
  <memory-cardclean objects="58" bytes="2000" />
  <regions eden="18" other="1" />
  <remembered-set-cleared processed="432" cleared="6" durationms="0.094" />
  <stringconstants candidates="13725" cleared="0"  />
</gc-op>
<gc-op id="2253" type="classunload" timems="0.008" contextid="2249" timestamp="2019-08-11T05:39:10.241">
  <classunload-info classloadercandidates="54" classloadersunloaded="0" classesunloaded="0" anonymousclassesunloaded="0" quiescems="0.000" setupms="0.008" scanms="0.000" postms="0.000" />
</gc-op>
<heap-resize id="2254" type="expand" space="default" amount="4194304" count="1" timems="0.056" reason="excessive time being spent in gc" timestamp="2019-08-11T05:39:10.241" />
<gc-end id="2255" type="partial gc" contextid="2249" durationms="11.157" usertimems="23.336" systemtimems="0.000" timestamp="2019-08-11T05:39:10.242" activeThreads="16">
  <mem-info id="2256" free="75497472" total="125829120" percent="60">
    <mem type="eden" free="2096760" total="2097152" percent="99" />
    <remembered-set count="2752" freebytes="5019392" totalbytes="5030400" percent="99" regionsoverflowed="0" regionsstable="9" regionsrebuilding="0"/>
  </mem-info>
</gc-end>
<cycle-end id="2257" type="partial gc" contextid="2249" timestamp="2019-08-11T05:39:10.242" />
  <attribute name="elasticGC enabled" value="1" />
  <attribute name= "numThreadsSpecified" value="16" />
  <attribute name="heapSize specified" value="0" />
  <attribute name="Current GC Util" value="139" />
  <attribute name= "Current Time Running" value="132116" />
  <attribute name ="GC Interval" value="0" />
  <attribute name="ProportionalT" value="29.500000" />
  <attribute name="ProportionalI" value="29.500000" />
  <attribute name="ProportionalH" value="29.500000" />
  <attribute name="Current Error" value="59.000000" />
  <attribute name="IntegralT" value="29.500000" />
  <attribute name="IntegralI" value="29.500000" />
  <attribute name="IntegralH" value="29.500000" />
  <attribute name="DerivativeT" value="53.000000" />
  <attribute name="DerivativeI" value="53.000000" />
  <attribute name="DerivativeH" value="53.000000" />
  <attribute name="Loop Time for DT" value="1.000000" />
  <attribute name="Output H" value="8388608"/>
  <attribute name="Output I" value="200"/>
  <attribute name="Output T" value="16"/>
  <attribute name="Target GC Util Change" value ="80.000000" />
  <attribute name="Current GC Util Change" value="139.000000"/>
  <attribute name="GC Util currently" value="139" />
  <attribute name="CPU Util currently" value="1861006542372" />
<exclusive-end id="2258" timestamp="2019-08-11T05:39:10.242" durationms="11.877" />

<exclusive-start id="2259" timestamp="2019-08-11T05:39:10.269" intervalms="39.423">
  <response-info timems="0.016" idlems="0.016" threads="0" lastid="000000000239EF00" lastname="main" />
</exclusive-start>
<allocation-taxation id="2260" taxation-threshold="37748736" timestamp="2019-08-11T05:39:10.269" intervalms="39.413" />
<cycle-start id="2261" type="partial gc" contextid="0" timestamp="2019-08-11T05:39:10.269" intervalms="39.289" />
<gc-start id="2262" type="partial gc" contextid="2261" timestamp="2019-08-11T05:39:10.270">
  <mem-info id="2263" free="37748736" total="125829120" percent="30">
    <mem type="eden" free="2096760" total="39845888" percent="5" />
    <remembered-set count="2272" freebytes="5021312" totalbytes="5030400" percent="99" regionsoverflowed="0" regionsstable="9" regionsrebuilding="0"/>
  </mem-info>
</gc-start>
<allocation-stats totalBytes="37718920" >
  <allocated-bytes non-tlh="0" tlh="37718920" arrayletleaf="0"/>
  <largest-consumer threadName="main" threadId="000000000239EF00" bytes="37718920" />
</allocation-stats>
<gc-op id="2264" type="copy forward" timems="1.249" contextid="2261" timestamp="2019-08-11T05:39:10.272">
  <memory-copied type="eden" objects="49" bytes="2264" bytesdiscarded="0" />
  <memory-copied type="other" objects="0" bytes="0" bytesdiscarded="0" />
  <memory-cardclean objects="82" bytes="2520" />
  <regions eden="18" other="1" />
  <remembered-set-cleared processed="437" cleared="8" durationms="0.226" />
  <stringconstants candidates="13725" cleared="0"  />
</gc-op>
<gc-op id="2265" type="classunload" timems="0.003" contextid="2261" timestamp="2019-08-11T05:39:10.272">
  <classunload-info classloadercandidates="54" classloadersunloaded="0" classesunloaded="0" anonymousclassesunloaded="0" quiescems="0.000" setupms="0.002" scanms="0.000" postms="0.000" />
</gc-op>
<gc-end id="2266" type="partial gc" contextid="2261" durationms="2.300" usertimems="3.600" systemtimems="0.000" timestamp="2019-08-11T05:39:10.272" activeThreads="1">
  <mem-info id="2267" free="75497472" total="125829120" percent="60">
    <mem type="eden" free="2094888" total="2097152" percent="99" />
    <remembered-set count="2752" freebytes="5019392" totalbytes="5030400" percent="99" regionsoverflowed="0" regionsstable="9" regionsrebuilding="0"/>
  </mem-info>
</gc-end>
<cycle-end id="2268" type="partial gc" contextid="2261" timestamp="2019-08-11T05:39:10.272" />
  <attribute name="elasticGC enabled" value="1" />
  <attribute name= "numThreadsSpecified" value="1" />
  <attribute name="heapSize specified" value="0" />
  <attribute name="Current GC Util" value="129" />
  <attribute name= "Current Time Running" value="132155" />
  <attribute name ="GC Interval" value="0" />
  <attribute name="ProportionalT" value="24.500000" />
  <attribute name="ProportionalI" value="24.500000" />
  <attribute name="ProportionalH" value="24.500000" />
  <attribute name="Current Error" value="49.000000" />
  <attribute name="IntegralT" value="0.000000" />
  <attribute name="IntegralI" value="0.000000" />
  <attribute name="IntegralH" value="0.000000" />
  <attribute name="DerivativeT" value="inf" />
  <attribute name="DerivativeI" value="inf" />
  <attribute name="DerivativeH" value="inf" />
  <attribute name="Loop Time for DT" value="0.000000" />
  <attribute name="Output H" value="8388608"/>
  <attribute name="Output I" value="200"/>
  <attribute name="Output T" value="1"/>
  <attribute name="Target GC Util Change" value ="80.000000" />
  <attribute name="Current GC Util Change" value="129.000000"/>
  <attribute name="GC Util currently" value="129" />
  <attribute name="CPU Util currently" value="1809398318995" />
<exclusive-end id="2269" timestamp="2019-08-11T05:39:10.272" durationms="2.866" />

<exclusive-start id="2270" timestamp="2019-08-11T05:39:10.313" intervalms="43.828">
  <response-info timems="0.017" idlems="0.017" threads="0" lastid="000000000239EF00" lastname="main" />
</exclusive-start>
<allocation-taxation id="2271" taxation-threshold="37748736" timestamp="2019-08-11T05:39:10.313" intervalms="43.852" />
<cycle-start id="2272" type="partial gc" contextid="0" timestamp="2019-08-11T05:39:10.313" intervalms="43.852" />
<gc-start id="2273" type="partial gc" contextid="2272" timestamp="2019-08-11T05:39:10.313">
  <mem-info id="2274" free="37748736" total="125829120" percent="30">
    <mem type="eden" free="0" total="37748736" percent="0" />
    <remembered-set count="2272" freebytes="5021312" totalbytes="5030400" percent="99" regionsoverflowed="0" regionsstable="9" regionsrebuilding="0"/>
  </mem-info>
</gc-start>
<allocation-stats totalBytes="37740656" >
  <allocated-bytes non-tlh="0" tlh="37740656" arrayletleaf="0"/>
  <largest-consumer threadName="main" threadId="000000000239EF00" bytes="37740656" />
</allocation-stats>
<gc-op id="2275" type="copy forward" timems="1.276" contextid="2272" timestamp="2019-08-11T05:39:10.316">
  <memory-copied type="eden" objects="14" bytes="584" bytesdiscarded="0" />
  <memory-copied type="other" objects="22" bytes="968" bytesdiscarded="0" />
  <memory-cardclean objects="57" bytes="2008" />
  <regions eden="18" other="1" />
  <remembered-set-cleared processed="435" cleared="6" durationms="0.210" />
  <stringconstants candidates="13725" cleared="0"  />
</gc-op>
<gc-op id="2276" type="classunload" timems="0.004" contextid="2272" timestamp="2019-08-11T05:39:10.316">
  <classunload-info classloadercandidates="54" classloadersunloaded="0" classesunloaded="0" anonymousclassesunloaded="0" quiescems="0.000" setupms="0.003" scanms="0.000" postms="0.000" />
</gc-op>
<heap-resize id="2277" type="expand" space="default" amount="6291456" count="1" timems="0.056" reason="excessive time being spent in gc" timestamp="2019-08-11T05:39:10.316" />
<gc-end id="2278" type="partial gc" contextid="2272" durationms="2.312" usertimems="3.483" systemtimems="0.000" timestamp="2019-08-11T05:39:10.316" activeThreads="1">
  <mem-info id="2279" free="79691776" total="132120576" percent="60">
    <mem type="eden" free="2096568" total="2097152" percent="99" />
    <remembered-set count="2752" freebytes="5270912" totalbytes="5281920" percent="99" regionsoverflowed="0" regionsstable="9" regionsrebuilding="0"/>
  </mem-info>
</gc-end>
<cycle-end id="2280" type="partial gc" contextid="2272" timestamp="2019-08-11T05:39:10.316" />
  <attribute name="elasticGC enabled" value="1" />
  <attribute name= "numThreadsSpecified" value="1" />
  <attribute name="heapSize specified" value="0" />
  <attribute name="Current GC Util" value="291" />
  <attribute name= "Current Time Running" value="132199" />
  <attribute name ="GC Interval" value="0" />
  <attribute name="ProportionalT" value="105.500000" />
  <attribute name="ProportionalI" value="105.500000" />
  <attribute name="ProportionalH" value="105.500000" />
  <attribute name="Current Error" value="211.000000" />
  <attribute name="IntegralT" value="0.000000" />
  <attribute name="IntegralI" value="0.000000" />
  <attribute name="IntegralH" value="0.000000" />
  <attribute name="DerivativeT" value="inf" />
  <attribute name="DerivativeI" value="inf" />
  <attribute name="DerivativeH" value="inf" />
  <attribute name="Loop Time for DT" value="0.000000" />
  <attribute name="Output H" value="8388608"/>
  <attribute name="Output I" value="200"/>
  <attribute name="Output T" value="1"/>
  <attribute name="Target GC Util Change" value ="80.000000" />
  <attribute name="Current GC Util Change" value="291.000000"/>
  <attribute name="GC Util currently" value="291" />
  <attribute name="CPU Util currently" value="2153858093237" />
<exclusive-end id="2281" timestamp="2019-08-11T05:39:10.316" durationms="2.887" />

<exclusive-start id="2282" timestamp="2019-08-11T05:39:10.383" intervalms="70.368">
  <response-info timems="0.019" idlems="0.019" threads="0" lastid="000000000239EF00" lastname="main" />
</exclusive-start>
<allocation-taxation id="2283" taxation-threshold="39845888" timestamp="2019-08-11T05:39:10.383" intervalms="70.347" />
<cycle-start id="2284" type="partial gc" contextid="0" timestamp="2019-08-11T05:39:10.384" intervalms="70.366" />
<gc-start id="2285" type="partial gc" contextid="2284" timestamp="2019-08-11T05:39:10.384">
  <mem-info id="2286" free="39845888" total="132120576" percent="30">
    <mem type="eden" free="2096568" total="41943040" percent="4" />
    <remembered-set count="2304" freebytes="5272704" totalbytes="5281920" percent="99" regionsoverflowed="0" regionsstable="9" regionsrebuilding="0"/>
  </mem-info>
</gc-start>
<allocation-stats totalBytes="39837320" >
  <allocated-bytes non-tlh="0" tlh="39837320" arrayletleaf="0"/>
  <largest-consumer threadName="main" threadId="000000000239EF00" bytes="39837320" />
</allocation-stats>
<gc-op id="2287" type="copy forward" timems="12.324" contextid="2284" timestamp="2019-08-11T05:39:10.397">
  <memory-copied type="eden" objects="64" bytes="2576" bytesdiscarded="1240" />
  <memory-copied type="other" objects="0" bytes="0" bytesdiscarded="0" />
  <memory-cardclean objects="104" bytes="3048" />
  <regions eden="19" other="1" />
  <remembered-set-cleared processed="440" cleared="11" durationms="0.104" />
  <stringconstants candidates="13725" cleared="0"  />
</gc-op>
<gc-op id="2288" type="classunload" timems="0.012" contextid="2284" timestamp="2019-08-11T05:39:10.397">
  <classunload-info classloadercandidates="54" classloadersunloaded="0" classesunloaded="0" anonymousclassesunloaded="0" quiescems="0.000" setupms="0.011" scanms="0.000" postms="0.000" />
</gc-op>
<gc-end id="2289" type="partial gc" contextid="2284" durationms="13.510" usertimems="27.928" systemtimems="0.000" timestamp="2019-08-11T05:39:10.397" activeThreads="16">
  <mem-info id="2290" free="79691776" total="132120576" percent="60">
    <mem type="eden" free="2093336" total="2097152" percent="99" />
    <remembered-set count="3328" freebytes="5268608" totalbytes="5281920" percent="99" regionsoverflowed="0" regionsstable="9" regionsrebuilding="0"/>
  </mem-info>
</gc-end>
<cycle-end id="2291" type="partial gc" contextid="2284" timestamp="2019-08-11T05:39:10.398" />
  <attribute name="elasticGC enabled" value="1" />
  <attribute name= "numThreadsSpecified" value="16" />
  <attribute name="heapSize specified" value="0" />
  <attribute name="Current GC Util" value="254" />
  <attribute name= "Current Time Running" value="132270" />
  <attribute name ="GC Interval" value="0" />
  <attribute name="ProportionalT" value="87.000000" />
  <attribute name="ProportionalI" value="87.000000" />
  <attribute name="ProportionalH" value="87.000000" />
  <attribute name="Current Error" value="174.000000" />
  <attribute name="IntegralT" value="87.000000" />
  <attribute name="IntegralI" value="87.000000" />
  <attribute name="IntegralH" value="87.000000" />
  <attribute name="DerivativeT" value="174.000000" />
  <attribute name="DerivativeI" value="174.000000" />
  <attribute name="DerivativeH" value="174.000000" />
  <attribute name="Loop Time for DT" value="1.000000" />
  <attribute name="Output H" value="8388608"/>
  <attribute name="Output I" value="352"/>
  <attribute name="Output T" value="16"/>
  <attribute name="Target GC Util Change" value ="80.000000" />
  <attribute name="Current GC Util Change" value="254.000000"/>
  <attribute name="GC Util currently" value="254" />
  <attribute name="CPU Util currently" value="1780612195226" />
<exclusive-end id="2292" timestamp="2019-08-11T05:39:10.398" durationms="14.251" />

<exclusive-start id="2293" timestamp="2019-08-11T05:39:10.578" intervalms="194.608">
  <response-info timems="0.164" idlems="0.164" threads="0" lastid="000000000239EF00" lastname="main" />
</exclusive-start>
<allocation-taxation id="2294" taxation-threshold="39845888" timestamp="2019-08-11T05:39:10.578" intervalms="194.673" />
<cycle-start id="2295" type="partial gc" contextid="0" timestamp="2019-08-11T05:39:10.578" intervalms="194.696" />
<gc-start id="2296" type="partial gc" contextid="2295" timestamp="2019-08-11T05:39:10.579">
  <mem-info id="2297" free="39845888" total="132120576" percent="30">
    <mem type="eden" free="2093336" total="41943040" percent="4" />
    <remembered-set count="2848" freebytes="5270528" totalbytes="5281920" percent="99" regionsoverflowed="0" regionsstable="9" regionsrebuilding="0"/>
  </mem-info>
</gc-start>
<allocation-stats totalBytes="37477792" >
  <allocated-bytes non-tlh="0" tlh="37477792" arrayletleaf="0"/>
  <largest-consumer threadName="main" threadId="000000000239EF00" bytes="37477792" />
</allocation-stats>
<gc-op id="2298" type="copy forward" timems="1.431" contextid="2295" timestamp="2019-08-11T05:39:10.581">
  <memory-copied type="eden" objects="55" bytes="15416" bytesdiscarded="0" />
  <memory-copied type="other" objects="43" bytes="1776" bytesdiscarded="0" />
  <memory-cardclean objects="118" bytes="3376" />
  <regions eden="19" other="1" />
  <remembered-set-cleared processed="438" cleared="9" durationms="0.168" />
  <stringconstants candidates="13725" cleared="0"  />
</gc-op>
<gc-op id="2299" type="classunload" timems="0.004" contextid="2295" timestamp="2019-08-11T05:39:10.581">
  <classunload-info classloadercandidates="54" classloadersunloaded="0" classesunloaded="0" anonymousclassesunloaded="0" quiescems="0.000" setupms="0.004" scanms="0.000" postms="0.000" />
</gc-op>
<gc-end id="2300" type="partial gc" contextid="2295" durationms="2.553" usertimems="3.383" systemtimems="0.000" timestamp="2019-08-11T05:39:10.581" activeThreads="1">
  <mem-info id="2301" free="77594624" total="132120576" percent="58">
    <mem type="eden" free="4177112" total="4194304" percent="99" />
    <remembered-set count="3200" freebytes="5269120" totalbytes="5281920" percent="99" regionsoverflowed="0" regionsstable="9" regionsrebuilding="0"/>
  </mem-info>
</gc-end>
<cycle-end id="2302" type="partial gc" contextid="2295" timestamp="2019-08-11T05:39:10.581" />
  <attribute name="elasticGC enabled" value="1" />
  <attribute name= "numThreadsSpecified" value="1" />
  <attribute name="heapSize specified" value="0" />
  <attribute name="Current GC Util" value="111" />
  <attribute name= "Current Time Running" value="132464" />
  <attribute name ="GC Interval" value="0" />
  <attribute name="ProportionalT" value="15.500000" />
  <attribute name="ProportionalI" value="15.500000" />
  <attribute name="ProportionalH" value="15.500000" />
  <attribute name="Current Error" value="31.000000" />
  <attribute name="IntegralT" value="0.000000" />
  <attribute name="IntegralI" value="0.000000" />
  <attribute name="IntegralH" value="0.000000" />
  <attribute name="DerivativeT" value="inf" />
  <attribute name="DerivativeI" value="inf" />
  <attribute name="DerivativeH" value="inf" />
  <attribute name="Loop Time for DT" value="0.000000" />
  <attribute name="Output H" value="8388608"/>
  <attribute name="Output I" value="200"/>
  <attribute name="Output T" value="1"/>
  <attribute name="Target GC Util Change" value ="80.000000" />
  <attribute name="Current GC Util Change" value="111.000000"/>
  <attribute name="GC Util currently" value="111" />
  <attribute name="CPU Util currently" value="1597306516241" />
<exclusive-end id="2303" timestamp="2019-08-11T05:39:10.581" durationms="3.311" />

<exclusive-start id="2304" timestamp="2019-08-11T05:39:10.645" intervalms="67.159">
  <response-info timems="0.017" idlems="0.017" threads="0" lastid="000000000239EF00" lastname="main" />
</exclusive-start>
<allocation-taxation id="2305" taxation-threshold="39845888" timestamp="2019-08-11T05:39:10.645" intervalms="67.098" />
<cycle-start id="2306" type="partial gc" contextid="0" timestamp="2019-08-11T05:39:10.645" intervalms="67.068" />
<gc-start id="2307" type="partial gc" contextid="2306" timestamp="2019-08-11T05:39:10.646">
  <mem-info id="2308" free="37748736" total="132120576" percent="28">
    <mem type="eden" free="0" total="39845888" percent="0" />
    <remembered-set count="2752" freebytes="5270912" totalbytes="5281920" percent="99" regionsoverflowed="0" regionsstable="9" regionsrebuilding="0"/>
  </mem-info>
</gc-start>
<allocation-stats totalBytes="39841200" >
  <allocated-bytes non-tlh="0" tlh="39841200" arrayletleaf="0"/>
  <largest-consumer threadName="main" threadId="000000000239EF00" bytes="39841200" />
</allocation-stats>
<gc-op id="2309" type="copy forward" timems="1.495" contextid="2306" timestamp="2019-08-11T05:39:10.648">
  <memory-copied type="eden" objects="131" bytes="7328" bytesdiscarded="0" />
  <memory-copied type="other" objects="24" bytes="544" bytesdiscarded="0" />
  <memory-cardclean objects="77" bytes="2032" />
  <regions eden="19" other="1" />
  <remembered-set-cleared processed="443" cleared="3" durationms="0.212" />
  <stringconstants candidates="13725" cleared="0"  />
</gc-op>
<gc-op id="2310" type="classunload" timems="0.004" contextid="2306" timestamp="2019-08-11T05:39:10.648">
  <classunload-info classloadercandidates="54" classloadersunloaded="0" classesunloaded="0" anonymousclassesunloaded="0" quiescems="0.000" setupms="0.004" scanms="0.000" postms="0.000" />
</gc-op>
<gc-end id="2311" type="partial gc" contextid="2306" durationms="2.389" usertimems="3.511" systemtimems="0.000" timestamp="2019-08-11T05:39:10.648" activeThreads="1">
  <mem-info id="2312" free="75497472" total="132120576" percent="57">
    <mem type="eden" free="2089824" total="2097152" percent="99" />
    <remembered-set count="3232" freebytes="5268992" totalbytes="5281920" percent="99" regionsoverflowed="0" regionsstable="9" regionsrebuilding="0"/>
  </mem-info>
</gc-end>
<cycle-end id="2313" type="partial gc" contextid="2306" timestamp="2019-08-11T05:39:10.648" />
  <attribute name="elasticGC enabled" value="1" />
  <attribute name= "numThreadsSpecified" value="1" />
  <attribute name="heapSize specified" value="0" />
  <attribute name="Current GC Util" value="217" />
  <attribute name= "Current Time Running" value="132531" />
  <attribute name ="GC Interval" value="0" />
  <attribute name="ProportionalT" value="68.500000" />
  <attribute name="ProportionalI" value="68.500000" />
  <attribute name="ProportionalH" value="68.500000" />
  <attribute name="Current Error" value="137.000000" />
  <attribute name="IntegralT" value="0.000000" />
  <attribute name="IntegralI" value="0.000000" />
  <attribute name="IntegralH" value="0.000000" />
  <attribute name="DerivativeT" value="inf" />
  <attribute name="DerivativeI" value="inf" />
  <attribute name="DerivativeH" value="inf" />
  <attribute name="Loop Time for DT" value="0.000000" />
  <attribute name="Output H" value="8388608"/>
  <attribute name="Output I" value="200"/>
  <attribute name="Output T" value="1"/>
  <attribute name="Target GC Util Change" value ="80.000000" />
  <attribute name="Current GC Util Change" value="217.000000"/>
  <attribute name="GC Util currently" value="217" />
  <attribute name="CPU Util currently" value="2439869866806" />
<exclusive-end id="2314" timestamp="2019-08-11T05:39:10.648" durationms="3.002" />

<exclusive-start id="2315" timestamp="2019-08-11T05:39:10.775" intervalms="130.283">
  <response-info timems="0.019" idlems="0.019" threads="0" lastid="000000000239EF00" lastname="main" />
</exclusive-start>
<allocation-taxation id="2316" taxation-threshold="39845888" timestamp="2019-08-11T05:39:10.776" intervalms="130.268" />
<cycle-start id="2317" type="partial gc" contextid="0" timestamp="2019-08-11T05:39:10.776" intervalms="130.297" />
<gc-start id="2318" type="partial gc" contextid="2317" timestamp="2019-08-11T05:39:10.776">
  <mem-info id="2319" free="35651584" total="132120576" percent="26">
    <mem type="eden" free="0" total="39845888" percent="0" />
    <remembered-set count="2784" freebytes="5270784" totalbytes="5281920" percent="99" regionsoverflowed="0" regionsstable="9" regionsrebuilding="0"/>
  </mem-info>
</gc-start>
<allocation-stats totalBytes="39841208" >
  <allocated-bytes non-tlh="0" tlh="39841208" arrayletleaf="0"/>
  <largest-consumer threadName="main" threadId="000000000239EF00" bytes="39841208" />
</allocation-stats>
<gc-op id="2320" type="copy forward" timems="12.226" contextid="2317" timestamp="2019-08-11T05:39:10.790">
  <memory-copied type="eden" objects="35" bytes="1048" bytesdiscarded="600" />
  <memory-copied type="other" objects="6" bytes="136" bytesdiscarded="728" />
  <memory-cardclean objects="136" bytes="3448" />
  <regions eden="19" other="1" />
  <remembered-set-cleared processed="446" cleared="6" durationms="0.414" />
  <stringconstants candidates="13725" cleared="0"  />
</gc-op>
<gc-op id="2321" type="classunload" timems="0.010" contextid="2317" timestamp="2019-08-11T05:39:10.790">
  <classunload-info classloadercandidates="54" classloadersunloaded="0" classesunloaded="0" anonymousclassesunloaded="0" quiescems="0.000" setupms="0.009" scanms="0.000" postms="0.000" />
</gc-op>
<gc-end id="2322" type="partial gc" contextid="2317" durationms="13.603" usertimems="26.628" systemtimems="0.000" timestamp="2019-08-11T05:39:10.790" activeThreads="16">
  <mem-info id="2323" free="73400320" total="132120576" percent="55">
    <mem type="eden" free="2095504" total="2097152" percent="99" />
    <remembered-set count="2848" freebytes="5270528" totalbytes="5281920" percent="99" regionsoverflowed="0" regionsstable="9" regionsrebuilding="0"/>
  </mem-info>
</gc-end>
<cycle-end id="2324" type="partial gc" contextid="2317" timestamp="2019-08-11T05:39:10.790" />
  <attribute name="elasticGC enabled" value="1" />
  <attribute name= "numThreadsSpecified" value="16" />
  <attribute name="heapSize specified" value="0" />
  <attribute name="Current GC Util" value="152" />
  <attribute name= "Current Time Running" value="132662" />
  <attribute name ="GC Interval" value="0" />
  <attribute name="ProportionalT" value="36.000000" />
  <attribute name="ProportionalI" value="36.000000" />
  <attribute name="ProportionalH" value="36.000000" />
  <attribute name="Current Error" value="72.000000" />
  <attribute name="IntegralT" value="36.000000" />
  <attribute name="IntegralI" value="36.000000" />
  <attribute name="IntegralH" value="36.000000" />
  <attribute name="DerivativeT" value="72.000000" />
  <attribute name="DerivativeI" value="72.000000" />
  <attribute name="DerivativeH" value="72.000000" />
  <attribute name="Loop Time for DT" value="1.000000" />
  <attribute name="Output H" value="8388608"/>
  <attribute name="Output I" value="200"/>
  <attribute name="Output T" value="16"/>
  <attribute name="Target GC Util Change" value ="80.000000" />
  <attribute name="Current GC Util Change" value="152.000000"/>
  <attribute name="GC Util currently" value="152" />
  <attribute name="CPU Util currently" value="1207190726736" />
<exclusive-end id="2325" timestamp="2019-08-11T05:39:10.790" durationms="14.407" />

<exclusive-start id="2326" timestamp="2019-08-11T05:39:10.831" intervalms="55.966">
  <response-info timems="0.022" idlems="0.022" threads="0" lastid="000000000239EF00" lastname="main" />
</exclusive-start>
<allocation-taxation id="2327" taxation-threshold="39845888" timestamp="2019-08-11T05:39:10.832" intervalms="55.980" />
<cycle-start id="2328" type="partial gc" contextid="0" timestamp="2019-08-11T05:39:10.832" intervalms="55.954" />
<gc-start id="2329" type="partial gc" contextid="2328" timestamp="2019-08-11T05:39:10.832">
  <mem-info id="2330" free="33554432" total="132120576" percent="25">
    <mem type="eden" free="0" total="39845888" percent="0" />
    <remembered-set count="2848" freebytes="5270528" totalbytes="5281920" percent="99" regionsoverflowed="0" regionsstable="9" regionsrebuilding="0"/>
  </mem-info>
</gc-start>
<allocation-stats totalBytes="39839408" >
  <allocated-bytes non-tlh="0" tlh="39839408" arrayletleaf="0"/>
  <largest-consumer threadName="main" threadId="000000000239EF00" bytes="39839408" />
</allocation-stats>
<gc-op id="2331" type="copy forward" timems="8.789" contextid="2328" timestamp="2019-08-11T05:39:10.842">
  <memory-copied type="eden" objects="45" bytes="1456" bytesdiscarded="680" />
  <memory-copied type="other" objects="23" bytes="624" bytesdiscarded="648" />
  <memory-cardclean objects="98" bytes="2840" />
  <regions eden="19" other="1" />
  <remembered-set-cleared processed="448" cleared="7" durationms="0.087" />
  <stringconstants candidates="13725" cleared="0"  />
</gc-op>
<gc-op id="2332" type="classunload" timems="0.009" contextid="2328" timestamp="2019-08-11T05:39:10.842">
  <classunload-info classloadercandidates="54" classloadersunloaded="0" classesunloaded="0" anonymousclassesunloaded="0" quiescems="0.000" setupms="0.009" scanms="0.000" postms="0.000" />
</gc-op>
<gc-end id="2333" type="partial gc" contextid="2328" durationms="9.841" usertimems="19.674" systemtimems="0.000" timestamp="2019-08-11T05:39:10.842" activeThreads="16">
  <mem-info id="2334" free="71303168" total="132120576" percent="53">
    <mem type="eden" free="2095016" total="2097152" percent="99" />
    <remembered-set count="3360" freebytes="5268480" totalbytes="5281920" percent="99" regionsoverflowed="0" regionsstable="9" regionsrebuilding="0"/>
  </mem-info>
</gc-end>
<cycle-end id="2335" type="partial gc" contextid="2328" timestamp="2019-08-11T05:39:10.842" />
  <attribute name="elasticGC enabled" value="1" />
  <attribute name= "numThreadsSpecified" value="16" />
  <attribute name="heapSize specified" value="0" />
  <attribute name="Current GC Util" value="107" />
  <attribute name= "Current Time Running" value="132718" />
  <attribute name ="GC Interval" value="0" />
  <attribute name="ProportionalT" value="13.500000" />
  <attribute name="ProportionalI" value="13.500000" />
  <attribute name="ProportionalH" value="13.500000" />
  <attribute name="Current Error" value="27.000000" />
  <attribute name="IntegralT" value="13.500000" />
  <attribute name="IntegralI" value="13.500000" />
  <attribute name="IntegralH" value="13.500000" />
  <attribute name="DerivativeT" value="27.000000" />
  <attribute name="DerivativeI" value="27.000000" />
  <attribute name="DerivativeH" value="27.000000" />
  <attribute name="Loop Time for DT" value="1.000000" />
  <attribute name="Output H" value="8388608"/>
  <attribute name="Output I" value="200"/>
  <attribute name="Output T" value="16"/>
  <attribute name="Target GC Util Change" value ="80.000000" />
  <attribute name="Current GC Util Change" value="107.000000"/>
  <attribute name="GC Util currently" value="107" />
  <attribute name="CPU Util currently" value="1867602530666" />
<exclusive-end id="2336" timestamp="2019-08-11T05:39:10.842" durationms="10.682" />

<exclusive-start id="2337" timestamp="2019-08-11T05:39:10.887" intervalms="55.374">
  <response-info timems="0.014" idlems="0.014" threads="0" lastid="000000000239EF00" lastname="main" />
</exclusive-start>
<allocation-taxation id="2338" taxation-threshold="39845888" timestamp="2019-08-11T05:39:10.887" intervalms="55.373" />
<cycle-start id="2339" type="partial gc" contextid="0" timestamp="2019-08-11T05:39:10.887" intervalms="55.329" />
<gc-start id="2340" type="partial gc" contextid="2339" timestamp="2019-08-11T05:39:10.887">
  <mem-info id="2341" free="31457280" total="132120576" percent="23">
    <mem type="eden" free="0" total="39845888" percent="0" />
    <remembered-set count="2976" freebytes="5270016" totalbytes="5281920" percent="99" regionsoverflowed="0" regionsstable="9" regionsrebuilding="0"/>
  </mem-info>
</gc-start>
<allocation-stats totalBytes="39832280" >
  <allocated-bytes non-tlh="0" tlh="39832280" arrayletleaf="0"/>
  <largest-consumer threadName="main" threadId="000000000239EF00" bytes="39832280" />
</allocation-stats>
<gc-op id="2342" type="copy forward" timems="11.843" contextid="2339" timestamp="2019-08-11T05:39:10.900">
  <memory-copied type="eden" objects="33" bytes="1280" bytesdiscarded="1296" />
  <memory-copied type="other" objects="6" bytes="136" bytesdiscarded="672" />
  <memory-cardclean objects="97" bytes="2616" />
  <regions eden="19" other="1" />
  <remembered-set-cleared processed="455" cleared="6" durationms="0.089" />
  <stringconstants candidates="13725" cleared="0"  />
</gc-op>
<gc-op id="2343" type="classunload" timems="0.010" contextid="2339" timestamp="2019-08-11T05:39:10.900">
  <classunload-info classloadercandidates="54" classloadersunloaded="0" classesunloaded="0" anonymousclassesunloaded="0" quiescems="0.000" setupms="0.010" scanms="0.000" postms="0.000" />
</gc-op>
<gc-end id="2344" type="partial gc" contextid="2339" durationms="13.011" usertimems="25.702" systemtimems="0.000" timestamp="2019-08-11T05:39:10.900" activeThreads="16">
  <mem-info id="2345" free="69206016" total="132120576" percent="52">
    <mem type="eden" free="2094576" total="2097152" percent="99" />
    <remembered-set count="3040" freebytes="5269760" totalbytes="5281920" percent="99" regionsoverflowed="0" regionsstable="9" regionsrebuilding="0"/>
  </mem-info>
</gc-end>
<cycle-end id="2346" type="partial gc" contextid="2339" timestamp="2019-08-11T05:39:10.900" />
  <attribute name="elasticGC enabled" value="1" />
  <attribute name= "numThreadsSpecified" value="16" />
  <attribute name="heapSize specified" value="0" />
  <attribute name="Current GC Util" value="162" />
  <attribute name= "Current Time Running" value="132773" />
  <attribute name ="GC Interval" value="0" />
  <attribute name="ProportionalT" value="41.000000" />
  <attribute name="ProportionalI" value="41.000000" />
  <attribute name="ProportionalH" value="41.000000" />
  <attribute name="Current Error" value="82.000000" />
  <attribute name="IntegralT" value="41.000000" />
  <attribute name="IntegralI" value="41.000000" />
  <attribute name="IntegralH" value="41.000000" />
  <attribute name="DerivativeT" value="82.000000" />
  <attribute name="DerivativeI" value="82.000000" />
  <attribute name="DerivativeH" value="82.000000" />
  <attribute name="Loop Time for DT" value="1.000000" />
  <attribute name="Output H" value="8388608"/>
  <attribute name="Output I" value="200"/>
  <attribute name="Output T" value="16"/>
  <attribute name="Target GC Util Change" value ="80.000000" />
  <attribute name="Current GC Util Change" value="162.000000"/>
  <attribute name="GC Util currently" value="162" />
  <attribute name="CPU Util currently" value="1650595954861" />
<exclusive-end id="2347" timestamp="2019-08-11T05:39:10.901" durationms="13.907" />

<exclusive-start id="2348" timestamp="2019-08-11T05:39:10.960" intervalms="72.834">
  <response-info timems="0.020" idlems="0.020" threads="0" lastid="000000000239EF00" lastname="main" />
</exclusive-start>
<allocation-taxation id="2349" taxation-threshold="39845888" timestamp="2019-08-11T05:39:10.960" intervalms="72.832" />
<cycle-start id="2350" type="partial gc" contextid="0" timestamp="2019-08-11T05:39:10.960" intervalms="73.160" />
<gc-start id="2351" type="partial gc" contextid="2350" timestamp="2019-08-11T05:39:10.960">
  <mem-info id="2352" free="29360128" total="132120576" percent="22">
    <mem type="eden" free="0" total="39845888" percent="0" />
    <remembered-set count="2592" freebytes="5271552" totalbytes="5281920" percent="99" regionsoverflowed="0" regionsstable="9" regionsrebuilding="0"/>
  </mem-info>
</gc-start>
<allocation-stats totalBytes="39837248" >
  <allocated-bytes non-tlh="0" tlh="39837248" arrayletleaf="0"/>
  <largest-consumer threadName="main" threadId="000000000239EF00" bytes="39837248" />
</allocation-stats>
<gc-op id="2353" type="copy forward" timems="15.850" contextid="2350" timestamp="2019-08-11T05:39:10.977">
  <memory-copied type="eden" objects="30" bytes="912" bytesdiscarded="680" />
  <memory-copied type="other" objects="7" bytes="184" bytesdiscarded="624" />
  <memory-cardclean objects="95" bytes="2768" />
  <regions eden="19" other="1" />
  <remembered-set-cleared processed="457" cleared="7" durationms="0.179" />
  <stringconstants candidates="13725" cleared="0"  />
</gc-op>
<gc-op id="2354" type="classunload" timems="0.010" contextid="2350" timestamp="2019-08-11T05:39:10.977">
  <classunload-info classloadercandidates="54" classloadersunloaded="0" classesunloaded="0" anonymousclassesunloaded="0" quiescems="0.000" setupms="0.010" scanms="0.000" postms="0.000" />
</gc-op>
<heap-resize id="2355" type="expand" space="default" amount="23068672" count="1" timems="0.121" reason="excessive time being spent in gc" timestamp="2019-08-11T05:39:10.978" />
<gc-end id="2356" type="partial gc" contextid="2350" durationms="17.401" usertimems="26.588" systemtimems="0.000" timestamp="2019-08-11T05:39:10.978" activeThreads="16">
  <mem-info id="2357" free="90177536" total="155189248" percent="58">
    <mem type="eden" free="2095560" total="2097152" percent="99" />
    <remembered-set count="3072" freebytes="6191872" totalbytes="6204160" percent="99" regionsoverflowed="0" regionsstable="9" regionsrebuilding="0"/>
  </mem-info>
</gc-end>
<cycle-end id="2358" type="partial gc" contextid="2350" timestamp="2019-08-11T05:39:10.978" />
  <attribute name="elasticGC enabled" value="1" />
  <attribute name= "numThreadsSpecified" value="16" />
  <attribute name="heapSize specified" value="0" />
  <attribute name="Current GC Util" value="115" />
  <attribute name= "Current Time Running" value="132846" />
  <attribute name ="GC Interval" value="0" />
  <attribute name="ProportionalT" value="17.500000" />
  <attribute name="ProportionalI" value="17.500000" />
  <attribute name="ProportionalH" value="17.500000" />
  <attribute name="Current Error" value="35.000000" />
  <attribute name="IntegralT" value="17.500000" />
  <attribute name="IntegralI" value="17.500000" />
  <attribute name="IntegralH" value="17.500000" />
  <attribute name="DerivativeT" value="35.000000" />
  <attribute name="DerivativeI" value="35.000000" />
  <attribute name="DerivativeH" value="35.000000" />
  <attribute name="Loop Time for DT" value="1.000000" />
  <attribute name="Output H" value="8388608"/>
  <attribute name="Output I" value="200"/>
  <attribute name="Output T" value="16"/>
  <attribute name="Target GC Util Change" value ="80.000000" />
  <attribute name="Current GC Util Change" value="115.000000"/>
  <attribute name="GC Util currently" value="115" />
  <attribute name="CPU Util currently" value="1292573716652" />
<exclusive-end id="2359" timestamp="2019-08-11T05:39:10.978" durationms="18.323" />

<exclusive-start id="2360" timestamp="2019-08-11T05:39:11.048" intervalms="88.460">
  <response-info timems="0.024" idlems="0.024" threads="0" lastid="000000000239EF00" lastname="main" />
</exclusive-start>
<allocation-taxation id="2361" taxation-threshold="46137344" timestamp="2019-08-11T05:39:11.048" intervalms="88.471" />
<cycle-start id="2362" type="partial gc" contextid="0" timestamp="2019-08-11T05:39:11.048" intervalms="88.137" />
<gc-start id="2363" type="partial gc" contextid="2362" timestamp="2019-08-11T05:39:11.048">
  <mem-info id="2364" free="44040192" total="155189248" percent="28">
    <mem type="eden" free="0" total="46137344" percent="0" />
    <remembered-set count="3072" freebytes="6191872" totalbytes="6204160" percent="99" regionsoverflowed="0" regionsstable="9" regionsrebuilding="0"/>
  </mem-info>
</gc-start>
<allocation-stats totalBytes="46131336" >
  <allocated-bytes non-tlh="0" tlh="46131336" arrayletleaf="0"/>
  <largest-consumer threadName="main" threadId="000000000239EF00" bytes="46131336" />
</allocation-stats>
<gc-op id="2365" type="copy forward" timems="1.688" contextid="2362" timestamp="2019-08-11T05:39:11.051">
  <memory-copied type="eden" objects="30" bytes="904" bytesdiscarded="0" />
  <memory-copied type="other" objects="6" bytes="136" bytesdiscarded="0" />
  <memory-cardclean objects="98" bytes="2776" />
  <regions eden="22" other="1" />
  <remembered-set-cleared processed="461" cleared="7" durationms="0.341" />
  <stringconstants candidates="13725" cleared="0"  />
</gc-op>
<gc-op id="2366" type="classunload" timems="0.006" contextid="2362" timestamp="2019-08-11T05:39:11.051">
  <classunload-info classloadercandidates="54" classloadersunloaded="0" classesunloaded="0" anonymousclassesunloaded="0" quiescems="0.000" setupms="0.005" scanms="0.000" postms="0.000" />
</gc-op>
<heap-resize id="2367" type="expand" space="default" amount="12582912" count="1" timems="0.117" reason="excessive time being spent in gc" timestamp="2019-08-11T05:39:11.051" />
<gc-end id="2368" type="partial gc" contextid="2362" durationms="2.966" usertimems="4.137" systemtimems="0.000" timestamp="2019-08-11T05:39:11.051" activeThreads="1">
  <mem-info id="2369" free="100663296" total="167772160" percent="60">
    <mem type="eden" free="2096248" total="2097152" percent="99" />
    <remembered-set count="3456" freebytes="6693376" totalbytes="6707200" percent="99" regionsoverflowed="0" regionsstable="9" regionsrebuilding="0"/>
  </mem-info>
</gc-end>
<cycle-end id="2370" type="partial gc" contextid="2362" timestamp="2019-08-11T05:39:11.052" />
  <attribute name="elasticGC enabled" value="1" />
  <attribute name= "numThreadsSpecified" value="1" />
  <attribute name="heapSize specified" value="0" />
  <attribute name="Current GC Util" value="112" />
  <attribute name= "Current Time Running" value="132934" />
  <attribute name ="GC Interval" value="0" />
  <attribute name="ProportionalT" value="16.000000" />
  <attribute name="ProportionalI" value="16.000000" />
  <attribute name="ProportionalH" value="16.000000" />
  <attribute name="Current Error" value="32.000000" />
  <attribute name="IntegralT" value="0.000000" />
  <attribute name="IntegralI" value="0.000000" />
  <attribute name="IntegralH" value="0.000000" />
  <attribute name="DerivativeT" value="inf" />
  <attribute name="DerivativeI" value="inf" />
  <attribute name="DerivativeH" value="inf" />
  <attribute name="Loop Time for DT" value="0.000000" />
  <attribute name="Output H" value="8388608"/>
  <attribute name="Output I" value="200"/>
  <attribute name="Output T" value="1"/>
  <attribute name="Target GC Util Change" value ="80.000000" />
  <attribute name="Current GC Util Change" value="112.000000"/>
  <attribute name="GC Util currently" value="112" />
  <attribute name="CPU Util currently" value="1716832157418" />
<exclusive-end id="2371" timestamp="2019-08-11T05:39:11.052" durationms="3.531" />

<exclusive-start id="2372" timestamp="2019-08-11T05:39:11.107" intervalms="59.297">
  <response-info timems="0.018" idlems="0.018" threads="0" lastid="000000000239EF00" lastname="main" />
</exclusive-start>
<allocation-taxation id="2373" taxation-threshold="48234496" timestamp="2019-08-11T05:39:11.107" intervalms="59.290" />
<cycle-start id="2374" type="partial gc" contextid="0" timestamp="2019-08-11T05:39:11.108" intervalms="59.347" />
<gc-start id="2375" type="partial gc" contextid="2374" timestamp="2019-08-11T05:39:11.108">
  <mem-info id="2376" free="52428800" total="167772160" percent="31">
    <mem type="eden" free="0" total="48234496" percent="0" />
    <remembered-set count="3072" freebytes="6694912" totalbytes="6707200" percent="99" regionsoverflowed="0" regionsstable="9" regionsrebuilding="0"/>
  </mem-info>
</gc-start>
<allocation-stats totalBytes="48229528" >
  <allocated-bytes non-tlh="0" tlh="48229528" arrayletleaf="0"/>
  <largest-consumer threadName="main" threadId="000000000239EF00" bytes="48229528" />
</allocation-stats>
<gc-op id="2377" type="copy forward" timems="12.203" contextid="2374" timestamp="2019-08-11T05:39:11.121">
  <memory-copied type="eden" objects="21" bytes="672" bytesdiscarded="680" />
  <memory-copied type="other" objects="12" bytes="272" bytesdiscarded="688" />
  <memory-cardclean objects="112" bytes="3064" />
  <regions eden="23" other="1" />
  <remembered-set-cleared processed="463" cleared="6" durationms="0.131" />
  <stringconstants candidates="13725" cleared="0"  />
</gc-op>
<gc-op id="2378" type="classunload" timems="0.012" contextid="2374" timestamp="2019-08-11T05:39:11.121">
  <classunload-info classloadercandidates="54" classloadersunloaded="0" classesunloaded="0" anonymousclassesunloaded="0" quiescems="0.000" setupms="0.012" scanms="0.000" postms="0.000" />
</gc-op>
<heap-resize id="2379" type="expand" space="default" amount="6291456" count="1" timems="0.095" reason="excessive time being spent in gc" timestamp="2019-08-11T05:39:11.121" />
<gc-end id="2380" type="partial gc" contextid="2374" durationms="13.453" usertimems="21.216" systemtimems="0.000" timestamp="2019-08-11T05:39:11.121" activeThreads="16">
  <mem-info id="2381" free="104857600" total="174063616" percent="60">
    <mem type="eden" free="2095800" total="2097152" percent="99" />
    <remembered-set count="3200" freebytes="6945920" totalbytes="6958720" percent="99" regionsoverflowed="0" regionsstable="9" regionsrebuilding="0"/>
  </mem-info>
</gc-end>
<cycle-end id="2382" type="partial gc" contextid="2374" timestamp="2019-08-11T05:39:11.121" />
  <attribute name="elasticGC enabled" value="1" />
  <attribute name= "numThreadsSpecified" value="16" />
  <attribute name="heapSize specified" value="0" />
  <attribute name="Current GC Util" value="185" />
  <attribute name= "Current Time Running" value="132994" />
  <attribute name ="GC Interval" value="0" />
  <attribute name="ProportionalT" value="52.500000" />
  <attribute name="ProportionalI" value="52.500000" />
  <attribute name="ProportionalH" value="52.500000" />
  <attribute name="Current Error" value="105.000000" />
  <attribute name="IntegralT" value="52.500000" />
  <attribute name="IntegralI" value="52.500000" />
  <attribute name="IntegralH" value="52.500000" />
  <attribute name="DerivativeT" value="105.000000" />
  <attribute name="DerivativeI" value="105.000000" />
  <attribute name="DerivativeH" value="105.000000" />
  <attribute name="Loop Time for DT" value="1.000000" />
  <attribute name="Output H" value="8388608"/>
  <attribute name="Output I" value="216"/>
  <attribute name="Output T" value="16"/>
  <attribute name="Target GC Util Change" value ="80.000000" />
  <attribute name="Current GC Util Change" value="185.000000"/>
  <attribute name="GC Util currently" value="185" />
  <attribute name="CPU Util currently" value="1797939428809" />
<exclusive-end id="2383" timestamp="2019-08-11T05:39:11.122" durationms="14.113" />

<exclusive-start id="2384" timestamp="2019-08-11T05:39:11.212" intervalms="104.782">
  <response-info timems="0.020" idlems="0.020" threads="0" lastid="000000000239EF00" lastname="main" />
</exclusive-start>
<allocation-taxation id="2385" taxation-threshold="50331648" timestamp="2019-08-11T05:39:11.212" intervalms="104.809" />
<cycle-start id="2386" type="partial gc" contextid="0" timestamp="2019-08-11T05:39:11.212" intervalms="104.816" />
<gc-start id="2387" type="partial gc" contextid="2386" timestamp="2019-08-11T05:39:11.213">
  <mem-info id="2388" free="54525952" total="174063616" percent="31">
    <mem type="eden" free="0" total="50331648" percent="0" />
    <remembered-set count="3200" freebytes="6945920" totalbytes="6958720" percent="99" regionsoverflowed="0" regionsstable="9" regionsrebuilding="0"/>
  </mem-info>
</gc-start>
<allocation-stats totalBytes="50329112" >
  <allocated-bytes non-tlh="0" tlh="50329112" arrayletleaf="0"/>
  <largest-consumer threadName="main" threadId="000000000239EF00" bytes="50329112" />
</allocation-stats>
<gc-op id="2389" type="copy forward" timems="17.721" contextid="2386" timestamp="2019-08-11T05:39:11.232">
  <memory-copied type="eden" objects="25" bytes="736" bytesdiscarded="640" />
  <memory-copied type="other" objects="6" bytes="136" bytesdiscarded="672" />
  <memory-cardclean objects="89" bytes="2496" />
  <regions eden="24" other="1" />
  <remembered-set-cleared processed="466" cleared="5" durationms="0.124" />
  <stringconstants candidates="13725" cleared="0"  />
</gc-op>
<gc-op id="2390" type="classunload" timems="0.010" contextid="2386" timestamp="2019-08-11T05:39:11.232">
  <classunload-info classloadercandidates="54" classloadersunloaded="0" classesunloaded="0" anonymousclassesunloaded="0" quiescems="0.000" setupms="0.010" scanms="0.000" postms="0.000" />
</gc-op>
<heap-resize id="2391" type="expand" space="default" amount="4194304" count="1" timems="0.066" reason="excessive time being spent in gc" timestamp="2019-08-11T05:39:11.232" />
<gc-end id="2392" type="partial gc" contextid="2386" durationms="19.763" usertimems="36.403" systemtimems="0.000" timestamp="2019-08-11T05:39:11.232" activeThreads="16">
  <mem-info id="2393" free="106954752" total="178257920" percent="60">
    <mem type="eden" free="2095776" total="2097152" percent="99" />
    <remembered-set count="3360" freebytes="7112960" totalbytes="7126400" percent="99" regionsoverflowed="0" regionsstable="9" regionsrebuilding="0"/>
  </mem-info>
</gc-end>
<cycle-end id="2394" type="partial gc" contextid="2386" timestamp="2019-08-11T05:39:11.232" />
  <attribute name="elasticGC enabled" value="1" />
  <attribute name= "numThreadsSpecified" value="16" />
  <attribute name="heapSize specified" value="0" />
  <attribute name="Current GC Util" value="209" />
  <attribute name= "Current Time Running" value="133099" />
  <attribute name ="GC Interval" value="0" />
  <attribute name="ProportionalT" value="64.500000" />
  <attribute name="ProportionalI" value="64.500000" />
  <attribute name="ProportionalH" value="64.500000" />
  <attribute name="Current Error" value="129.000000" />
  <attribute name="IntegralT" value="64.500000" />
  <attribute name="IntegralI" value="64.500000" />
  <attribute name="IntegralH" value="64.500000" />
  <attribute name="DerivativeT" value="129.000000" />
  <attribute name="DerivativeI" value="129.000000" />
  <attribute name="DerivativeH" value="129.000000" />
  <attribute name="Loop Time for DT" value="1.000000" />
  <attribute name="Output H" value="8388608"/>
  <attribute name="Output I" value="264"/>
  <attribute name="Output T" value="16"/>
  <attribute name="Target GC Util Change" value ="80.000000" />
  <attribute name="Current GC Util Change" value="209.000000"/>
  <attribute name="GC Util currently" value="209" />
  <attribute name="CPU Util currently" value="789240857953" />
<exclusive-end id="2395" timestamp="2019-08-11T05:39:11.233" durationms="20.354" />

<exclusive-start id="2396" timestamp="2019-08-11T05:39:11.366" intervalms="153.444">
  <response-info timems="0.019" idlems="0.019" threads="0" lastid="000000000239EF00" lastname="main" />
</exclusive-start>
<allocation-taxation id="2397" taxation-threshold="52428800" timestamp="2019-08-11T05:39:11.366" intervalms="153.446" />
<cycle-start id="2398" type="partial gc" contextid="0" timestamp="2019-08-11T05:39:11.366" intervalms="153.479" />
<gc-start id="2399" type="partial gc" contextid="2398" timestamp="2019-08-11T05:39:11.366">
  <mem-info id="2400" free="54525952" total="178257920" percent="30">
    <mem type="eden" free="0" total="52428800" percent="0" />
    <remembered-set count="3360" freebytes="7112960" totalbytes="7126400" percent="99" regionsoverflowed="0" regionsstable="9" regionsrebuilding="0"/>
  </mem-info>
</gc-start>
<allocation-stats totalBytes="52425000" >
  <allocated-bytes non-tlh="0" tlh="52425000" arrayletleaf="0"/>
  <largest-consumer threadName="main" threadId="000000000239EF00" bytes="52425000" />
</allocation-stats>
<gc-op id="2401" type="copy forward" timems="18.459" contextid="2398" timestamp="2019-08-11T05:39:11.386">
  <memory-copied type="eden" objects="37" bytes="1008" bytesdiscarded="560" />
  <memory-copied type="other" objects="12" bytes="272" bytesdiscarded="688" />
  <memory-cardclean objects="83" bytes="2400" />
  <regions eden="25" other="1" />
  <remembered-set-cleared processed="469" cleared="7" durationms="0.108" />
  <stringconstants candidates="13725" cleared="0"  />
</gc-op>
<gc-op id="2402" type="classunload" timems="0.012" contextid="2398" timestamp="2019-08-11T05:39:11.386">
  <classunload-info classloadercandidates="54" classloadersunloaded="0" classesunloaded="0" anonymousclassesunloaded="0" quiescems="0.000" setupms="0.012" scanms="0.000" postms="0.000" />
</gc-op>
<gc-end id="2403" type="partial gc" contextid="2398" durationms="20.185" usertimems="32.673" systemtimems="0.000" timestamp="2019-08-11T05:39:11.386" activeThreads="16">
  <mem-info id="2404" free="104857600" total="178257920" percent="58">
    <mem type="eden" free="2095584" total="2097152" percent="99" />
    <remembered-set count="3392" freebytes="7112832" totalbytes="7126400" percent="99" regionsoverflowed="0" regionsstable="9" regionsrebuilding="0"/>
  </mem-info>
</gc-end>
<cycle-end id="2405" type="partial gc" contextid="2398" timestamp="2019-08-11T05:39:11.386" />
  <attribute name="elasticGC enabled" value="1" />
  <attribute name= "numThreadsSpecified" value="16" />
  <attribute name="heapSize specified" value="0" />
  <attribute name="Current GC Util" value="86" />
  <attribute name= "Current Time Running" value="133252" />
  <attribute name ="GC Interval" value="0" />
  <attribute name="ProportionalT" value="3.000000" />
  <attribute name="ProportionalI" value="3.000000" />
  <attribute name="ProportionalH" value="3.000000" />
  <attribute name="Current Error" value="6.000000" />
  <attribute name="IntegralT" value="3.000000" />
  <attribute name="IntegralI" value="3.000000" />
  <attribute name="IntegralH" value="3.000000" />
  <attribute name="DerivativeT" value="6.000000" />
  <attribute name="DerivativeI" value="6.000000" />
  <attribute name="DerivativeH" value="6.000000" />
  <attribute name="Loop Time for DT" value="1.000000" />
  <attribute name="Output H" value="8388608"/>
  <attribute name="Output I" value="200"/>
  <attribute name="Output T" value="16"/>
  <attribute name="Target GC Util Change" value ="80.000000" />
  <attribute name="Current GC Util Change" value="86.000000"/>
  <attribute name="GC Util currently" value="86" />
  <attribute name="CPU Util currently" value="1122756371178" />
<exclusive-end id="2406" timestamp="2019-08-11T05:39:11.387" durationms="20.959" />

<exclusive-start id="2407" timestamp="2019-08-11T05:39:11.483" intervalms="117.063">
  <response-info timems="0.019" idlems="0.019" threads="0" lastid="000000000239EF00" lastname="main" />
</exclusive-start>
<allocation-taxation id="2408" taxation-threshold="52428800" timestamp="2019-08-11T05:39:11.483" intervalms="117.053" />
<cycle-start id="2409" type="partial gc" contextid="0" timestamp="2019-08-11T05:39:11.483" intervalms="116.972" />
<gc-start id="2410" type="partial gc" contextid="2409" timestamp="2019-08-11T05:39:11.483">
  <mem-info id="2411" free="52428800" total="178257920" percent="29">
    <mem type="eden" free="0" total="52428800" percent="0" />
    <remembered-set count="3392" freebytes="7112832" totalbytes="7126400" percent="99" regionsoverflowed="0" regionsstable="9" regionsrebuilding="0"/>
  </mem-info>
</gc-start>
<allocation-stats totalBytes="52425312" >
  <allocated-bytes non-tlh="0" tlh="52425312" arrayletleaf="0"/>
  <largest-consumer threadName="main" threadId="000000000239EF00" bytes="52425312" />
</allocation-stats>
<gc-op id="2412" type="copy forward" timems="7.903" contextid="2409" timestamp="2019-08-11T05:39:11.492">
  <memory-copied type="eden" objects="28" bytes="848" bytesdiscarded="680" />
  <memory-copied type="other" objects="24" bytes="544" bytesdiscarded="608" />
  <memory-cardclean objects="104" bytes="2912" />
  <regions eden="25" other="1" />
  <remembered-set-cleared processed="472" cleared="12" durationms="0.155" />
  <stringconstants candidates="13725" cleared="0"  />
</gc-op>
<gc-op id="2413" type="classunload" timems="0.007" contextid="2409" timestamp="2019-08-11T05:39:11.492">
  <classunload-info classloadercandidates="54" classloadersunloaded="0" classesunloaded="0" anonymousclassesunloaded="0" quiescems="0.000" setupms="0.007" scanms="0.000" postms="0.000" />
</gc-op>
<heap-resize id="2414" type="expand" space="default" amount="10485760" count="1" timems="0.096" reason="excessive time being spent in gc" timestamp="2019-08-11T05:39:11.492" />
<gc-end id="2415" type="partial gc" contextid="2409" durationms="9.316" usertimems="19.623" systemtimems="0.000" timestamp="2019-08-11T05:39:11.492" activeThreads="16">
  <mem-info id="2416" free="113246208" total="188743680" percent="60">
    <mem type="eden" free="2095624" total="2097152" percent="99" />
    <remembered-set count="3392" freebytes="7532032" totalbytes="7545600" percent="99" regionsoverflowed="0" regionsstable="9" regionsrebuilding="0"/>
  </mem-info>
</gc-end>
<cycle-end id="2417" type="partial gc" contextid="2409" timestamp="2019-08-11T05:39:11.493" />
  <attribute name="elasticGC enabled" value="1" />
  <attribute name= "numThreadsSpecified" value="16" />
  <attribute name="heapSize specified" value="0" />
  <attribute name="Current GC Util" value="124" />
  <attribute name= "Current Time Running" value="133369" />
  <attribute name ="GC Interval" value="0" />
  <attribute name="ProportionalT" value="22.000000" />
  <attribute name="ProportionalI" value="22.000000" />
  <attribute name="ProportionalH" value="22.000000" />
  <attribute name="Current Error" value="44.000000" />
  <attribute name="IntegralT" value="22.000000" />
  <attribute name="IntegralI" value="22.000000" />
  <attribute name="IntegralH" value="22.000000" />
  <attribute name="DerivativeT" value="44.000000" />
  <attribute name="DerivativeI" value="44.000000" />
  <attribute name="DerivativeH" value="44.000000" />
  <attribute name="Loop Time for DT" value="1.000000" />
  <attribute name="Output H" value="8388608"/>
  <attribute name="Output I" value="200"/>
  <attribute name="Output T" value="16"/>
  <attribute name="Target GC Util Change" value ="80.000000" />
  <attribute name="Current GC Util Change" value="124.000000"/>
  <attribute name="GC Util currently" value="124" />
  <attribute name="CPU Util currently" value="1679845243220" />
<exclusive-end id="2418" timestamp="2019-08-11T05:39:11.493" durationms="9.956" />

<exclusive-start id="2419" timestamp="2019-08-11T05:39:11.553" intervalms="70.487">
  <response-info timems="0.015" idlems="0.015" threads="0" lastid="000000000239EF00" lastname="main" />
</exclusive-start>
<allocation-taxation id="2420" taxation-threshold="54525952" timestamp="2019-08-11T05:39:11.553" intervalms="70.461" />
<cycle-start id="2421" type="partial gc" contextid="0" timestamp="2019-08-11T05:39:11.553" intervalms="70.543" />
<gc-start id="2422" type="partial gc" contextid="2421" timestamp="2019-08-11T05:39:11.554">
  <mem-info id="2423" free="58720256" total="188743680" percent="31">
    <mem type="eden" free="0" total="54525952" percent="0" />
    <remembered-set count="3392" freebytes="7532032" totalbytes="7545600" percent="99" regionsoverflowed="0" regionsstable="9" regionsrebuilding="0"/>
  </mem-info>
</gc-start>
<allocation-stats totalBytes="54522024" >
  <allocated-bytes non-tlh="0" tlh="54522024" arrayletleaf="0"/>
  <largest-consumer threadName="main" threadId="000000000239EF00" bytes="54522024" />
</allocation-stats>
<gc-op id="2424" type="copy forward" timems="6.918" contextid="2421" timestamp="2019-08-11T05:39:11.562">
  <memory-copied type="eden" objects="26" bytes="824" bytesdiscarded="680" />
  <memory-copied type="other" objects="6" bytes="136" bytesdiscarded="728" />
  <memory-cardclean objects="74" bytes="2064" />
  <regions eden="26" other="1" />
  <remembered-set-cleared processed="475" cleared="6" durationms="0.110" />
  <stringconstants candidates="13725" cleared="0"  />
</gc-op>
<gc-op id="2425" type="classunload" timems="0.004" contextid="2421" timestamp="2019-08-11T05:39:11.562">
  <classunload-info classloadercandidates="54" classloadersunloaded="0" classesunloaded="0" anonymousclassesunloaded="0" quiescems="0.000" setupms="0.004" scanms="0.000" postms="0.000" />
</gc-op>
<heap-resize id="2426" type="expand" space="default" amount="6291456" count="1" timems="0.076" reason="excessive time being spent in gc" timestamp="2019-08-11T05:39:11.562" />
<gc-end id="2427" type="partial gc" contextid="2421" durationms="8.441" usertimems="19.957" systemtimems="0.000" timestamp="2019-08-11T05:39:11.562" activeThreads="16">
  <mem-info id="2428" free="117440512" total="195035136" percent="60">
    <mem type="eden" free="2095648" total="2097152" percent="99" />
    <remembered-set count="3648" freebytes="7782528" totalbytes="7797120" percent="99" regionsoverflowed="0" regionsstable="9" regionsrebuilding="0"/>
  </mem-info>
</gc-end>
<cycle-end id="2429" type="partial gc" contextid="2421" timestamp="2019-08-11T05:39:11.562" />
  <attribute name="elasticGC enabled" value="1" />
  <attribute name= "numThreadsSpecified" value="16" />
  <attribute name="heapSize specified" value="0" />
  <attribute name="Current GC Util" value="218" />
  <attribute name= "Current Time Running" value="133440" />
  <attribute name ="GC Interval" value="0" />
  <attribute name="ProportionalT" value="69.000000" />
  <attribute name="ProportionalI" value="69.000000" />
  <attribute name="ProportionalH" value="69.000000" />
  <attribute name="Current Error" value="138.000000" />
  <attribute name="IntegralT" value="69.000000" />
  <attribute name="IntegralI" value="69.000000" />
  <attribute name="IntegralH" value="69.000000" />
  <attribute name="DerivativeT" value="138.000000" />
  <attribute name="DerivativeI" value="138.000000" />
  <attribute name="DerivativeH" value="138.000000" />
  <attribute name="Loop Time for DT" value="1.000000" />
  <attribute name="Output H" value="8388608"/>
  <attribute name="Output I" value="280"/>
  <attribute name="Output T" value="16"/>
  <attribute name="Target GC Util Change" value ="80.000000" />
  <attribute name="Current GC Util Change" value="218.000000"/>
  <attribute name="GC Util currently" value="218" />
  <attribute name="CPU Util currently" value="1274126579593" />
<exclusive-end id="2430" timestamp="2019-08-11T05:39:11.562" durationms="9.131" />

<exclusive-start id="2431" timestamp="2019-08-11T05:39:11.682" intervalms="129.042">
  <response-info timems="0.013" idlems="0.013" threads="0" lastid="000000000239EF00" lastname="main" />
</exclusive-start>
<allocation-taxation id="2432" taxation-threshold="56623104" timestamp="2019-08-11T05:39:11.682" intervalms="129.042" />
<cycle-start id="2433" type="partial gc" contextid="0" timestamp="2019-08-11T05:39:11.682" intervalms="129.075" />
<gc-start id="2434" type="partial gc" contextid="2433" timestamp="2019-08-11T05:39:11.683">
  <mem-info id="2435" free="60817408" total="195035136" percent="31">
    <mem type="eden" free="0" total="56623104" percent="0" />
    <remembered-set count="3648" freebytes="7782528" totalbytes="7797120" percent="99" regionsoverflowed="0" regionsstable="9" regionsrebuilding="0"/>
  </mem-info>
</gc-start>
<allocation-stats totalBytes="56585464" >
  <allocated-bytes non-tlh="0" tlh="56585464" arrayletleaf="0"/>
  <largest-consumer threadName="main" threadId="000000000239EF00" bytes="56585464" />
</allocation-stats>
<gc-op id="2436" type="copy forward" timems="8.455" contextid="2433" timestamp="2019-08-11T05:39:11.692">
  <memory-copied type="eden" objects="47" bytes="2024" bytesdiscarded="600" />
  <memory-copied type="other" objects="6" bytes="136" bytesdiscarded="728" />
  <memory-cardclean objects="78" bytes="2128" />
  <regions eden="27" other="1" />
  <remembered-set-cleared processed="478" cleared="5" durationms="0.098" />
  <stringconstants candidates="13725" cleared="0"  />
</gc-op>
<gc-op id="2437" type="classunload" timems="0.006" contextid="2433" timestamp="2019-08-11T05:39:11.692">
  <classunload-info classloadercandidates="54" classloadersunloaded="0" classesunloaded="0" anonymousclassesunloaded="0" quiescems="0.000" setupms="0.005" scanms="0.000" postms="0.000" />
</gc-op>
<gc-end id="2438" type="partial gc" contextid="2433" durationms="9.549" usertimems="20.014" systemtimems="0.000" timestamp="2019-08-11T05:39:11.692" activeThreads="16">
  <mem-info id="2439" free="115343360" total="195035136" percent="59">
    <mem type="eden" free="2094528" total="2097152" percent="99" />
    <remembered-set count="3776" freebytes="7782016" totalbytes="7797120" percent="99" regionsoverflowed="0" regionsstable="9" regionsrebuilding="0"/>
  </mem-info>
</gc-end>
<cycle-end id="2440" type="partial gc" contextid="2433" timestamp="2019-08-11T05:39:11.692" />
  <attribute name="elasticGC enabled" value="1" />
  <attribute name= "numThreadsSpecified" value="16" />
  <attribute name="heapSize specified" value="0" />
  <attribute name="Current GC Util" value="135" />
  <attribute name= "Current Time Running" value="133569" />
  <attribute name ="GC Interval" value="0" />
  <attribute name="ProportionalT" value="27.500000" />
  <attribute name="ProportionalI" value="27.500000" />
  <attribute name="ProportionalH" value="27.500000" />
  <attribute name="Current Error" value="55.000000" />
  <attribute name="IntegralT" value="27.500000" />
  <attribute name="IntegralI" value="27.500000" />
  <attribute name="IntegralH" value="27.500000" />
  <attribute name="DerivativeT" value="55.000000" />
  <attribute name="DerivativeI" value="55.000000" />
  <attribute name="DerivativeH" value="55.000000" />
  <attribute name="Loop Time for DT" value="1.000000" />
  <attribute name="Output H" value="8388608"/>
  <attribute name="Output I" value="200"/>
  <attribute name="Output T" value="16"/>
  <attribute name="Target GC Util Change" value ="80.000000" />
  <attribute name="Current GC Util Change" value="135.000000"/>
  <attribute name="GC Util currently" value="135" />
  <attribute name="CPU Util currently" value="2074454165742" />
<exclusive-end id="2441" timestamp="2019-08-11T05:39:11.693" durationms="10.290" />

<exclusive-start id="2442" timestamp="2019-08-11T05:39:11.776" intervalms="93.770">
  <response-info timems="0.015" idlems="0.015" threads="0" lastid="000000000239EF00" lastname="main" />
</exclusive-start>
<allocation-taxation id="2443" taxation-threshold="56623104" timestamp="2019-08-11T05:39:11.776" intervalms="93.785" />
<cycle-start id="2444" type="partial gc" contextid="0" timestamp="2019-08-11T05:39:11.776" intervalms="93.695" />
<gc-start id="2445" type="partial gc" contextid="2444" timestamp="2019-08-11T05:39:11.776">
  <mem-info id="2446" free="58720256" total="195035136" percent="30">
    <mem type="eden" free="0" total="56623104" percent="0" />
    <remembered-set count="3392" freebytes="7783552" totalbytes="7797120" percent="99" regionsoverflowed="0" regionsstable="9" regionsrebuilding="0"/>
  </mem-info>
</gc-start>
<allocation-stats totalBytes="56596632" >
  <allocated-bytes non-tlh="0" tlh="56596632" arrayletleaf="0"/>
  <largest-consumer threadName="main" threadId="000000000239EF00" bytes="56596632" />
</allocation-stats>
<gc-op id="2447" type="copy forward" timems="1.517" contextid="2444" timestamp="2019-08-11T05:39:11.779">
  <memory-copied type="eden" objects="29" bytes="1384" bytesdiscarded="0" />
  <memory-copied type="other" objects="18" bytes="408" bytesdiscarded="0" />
  <memory-cardclean objects="91" bytes="2584" />
  <regions eden="27" other="1" />
  <remembered-set-cleared processed="481" cleared="6" durationms="0.218" />
  <stringconstants candidates="13725" cleared="0"  />
</gc-op>
<gc-op id="2448" type="classunload" timems="0.004" contextid="2444" timestamp="2019-08-11T05:39:11.779">
  <classunload-info classloadercandidates="54" classloadersunloaded="0" classesunloaded="0" anonymousclassesunloaded="0" quiescems="0.000" setupms="0.002" scanms="0.000" postms="0.000" />
</gc-op>
<gc-end id="2449" type="partial gc" contextid="2444" durationms="2.759" usertimems="5.001" systemtimems="0.000" timestamp="2019-08-11T05:39:11.779" activeThreads="1">
  <mem-info id="2450" free="113246208" total="195035136" percent="58">
    <mem type="eden" free="2095768" total="2097152" percent="99" />
    <remembered-set count="3808" freebytes="7781888" totalbytes="7797120" percent="99" regionsoverflowed="0" regionsstable="9" regionsrebuilding="0"/>
  </mem-info>
</gc-end>
<cycle-end id="2451" type="partial gc" contextid="2444" timestamp="2019-08-11T05:39:11.779" />
  <attribute name="elasticGC enabled" value="1" />
  <attribute name= "numThreadsSpecified" value="1" />
  <attribute name="heapSize specified" value="0" />
  <attribute name="Current GC Util" value="200" />
  <attribute name= "Current Time Running" value="133662" />
  <attribute name ="GC Interval" value="0" />
  <attribute name="ProportionalT" value="60.000000" />
  <attribute name="ProportionalI" value="60.000000" />
  <attribute name="ProportionalH" value="60.000000" />
  <attribute name="Current Error" value="120.000000" />
  <attribute name="IntegralT" value="0.000000" />
  <attribute name="IntegralI" value="0.000000" />
  <attribute name="IntegralH" value="0.000000" />
  <attribute name="DerivativeT" value="inf" />
  <attribute name="DerivativeI" value="inf" />
  <attribute name="DerivativeH" value="inf" />
  <attribute name="Loop Time for DT" value="0.000000" />
  <attribute name="Output H" value="8388608"/>
  <attribute name="Output I" value="200"/>
  <attribute name="Output T" value="1"/>
  <attribute name="Target GC Util Change" value ="80.000000" />
  <attribute name="Current GC Util Change" value="200.000000"/>
  <attribute name="GC Util currently" value="200" />
  <attribute name="CPU Util currently" value="1538599000284" />
<exclusive-end id="2452" timestamp="2019-08-11T05:39:11.779" durationms="3.427" />

<exclusive-start id="2453" timestamp="2019-08-11T05:39:11.796" intervalms="20.328">
  <response-info timems="0.013" idlems="0.013" threads="0" lastid="000000000239EF00" lastname="main" />
</exclusive-start>
<allocation-taxation id="2454" taxation-threshold="56623104" timestamp="2019-08-11T05:39:11.796" intervalms="20.306" />
<cycle-start id="2455" type="partial gc" contextid="0" timestamp="2019-08-11T05:39:11.797" intervalms="20.364" />
<gc-start id="2456" type="partial gc" contextid="2455" timestamp="2019-08-11T05:39:11.797">
  <mem-info id="2457" free="56623104" total="195035136" percent="29">
    <mem type="eden" free="0" total="56623104" percent="0" />
    <remembered-set count="3456" freebytes="7783296" totalbytes="7797120" percent="99" regionsoverflowed="0" regionsstable="9" regionsrebuilding="0"/>
  </mem-info>
</gc-start>
<allocation-stats totalBytes="56528328" >
  <allocated-bytes non-tlh="0" tlh="56528328" arrayletleaf="0"/>
  <largest-consumer threadName="main" threadId="000000000239EF00" bytes="56528328" />
</allocation-stats>
<gc-op id="2458" type="copy forward" timems="7.355" contextid="2455" timestamp="2019-08-11T05:39:11.805">
  <memory-copied type="eden" objects="4" bytes="104" bytesdiscarded="0" />
  <memory-copied type="other" objects="27" bytes="1336" bytesdiscarded="1360" />
  <memory-cardclean objects="51" bytes="1688" />
  <regions eden="27" other="1" />
  <remembered-set-cleared processed="483" cleared="6" durationms="0.106" />
  <stringconstants candidates="13725" cleared="0"  />
</gc-op>
<gc-op id="2459" type="classunload" timems="0.003" contextid="2455" timestamp="2019-08-11T05:39:11.805">
  <classunload-info classloadercandidates="54" classloadersunloaded="0" classesunloaded="0" anonymousclassesunloaded="0" quiescems="0.000" setupms="0.003" scanms="0.000" postms="0.000" />
</gc-op>
<gc-end id="2460" type="partial gc" contextid="2455" durationms="8.473" usertimems="18.882" systemtimems="0.000" timestamp="2019-08-11T05:39:11.805" activeThreads="16">
  <mem-info id="2461" free="111149056" total="195035136" percent="56">
    <mem type="eden" free="2097048" total="2097152" percent="99" />
    <remembered-set count="4352" freebytes="7779712" totalbytes="7797120" percent="99" regionsoverflowed="0" regionsstable="9" regionsrebuilding="0"/>
  </mem-info>
</gc-end>
<cycle-end id="2462" type="partial gc" contextid="2455" timestamp="2019-08-11T05:39:11.805" />
  <attribute name="elasticGC enabled" value="1" />
  <attribute name= "numThreadsSpecified" value="16" />
  <attribute name="heapSize specified" value="0" />
  <attribute name="Current GC Util" value="335" />
  <attribute name= "Current Time Running" value="133683" />
  <attribute name ="GC Interval" value="0" />
  <attribute name="ProportionalT" value="127.500000" />
  <attribute name="ProportionalI" value="127.500000" />
  <attribute name="ProportionalH" value="127.500000" />
  <attribute name="Current Error" value="255.000000" />
  <attribute name="IntegralT" value="127.500000" />
  <attribute name="IntegralI" value="127.500000" />
  <attribute name="IntegralH" value="127.500000" />
  <attribute name="DerivativeT" value="255.000000" />
  <attribute name="DerivativeI" value="255.000000" />
  <attribute name="DerivativeH" value="255.000000" />
  <attribute name="Loop Time for DT" value="1.000000" />
  <attribute name="Output H" value="8388608"/>
  <attribute name="Output I" value="512"/>
  <attribute name="Output T" value="16"/>
  <attribute name="Target GC Util Change" value ="80.000000" />
  <attribute name="Current GC Util Change" value="335.000000"/>
  <attribute name="GC Util currently" value="335" />
  <attribute name="CPU Util currently" value="1921948995683" />
<exclusive-end id="2463" timestamp="2019-08-11T05:39:11.805" durationms="9.146" />

<exclusive-start id="2464" timestamp="2019-08-11T05:39:11.822" intervalms="25.394">
  <response-info timems="0.012" idlems="0.012" threads="0" lastid="000000000239EF00" lastname="main" />
</exclusive-start>
<allocation-taxation id="2465" taxation-threshold="56623104" timestamp="2019-08-11T05:39:11.822" intervalms="25.398" />
<cycle-start id="2466" type="partial gc" contextid="0" timestamp="2019-08-11T05:39:11.822" intervalms="25.330" />
<gc-start id="2467" type="partial gc" contextid="2466" timestamp="2019-08-11T05:39:11.822">
  <mem-info id="2468" free="54525952" total="195035136" percent="27">
    <mem type="eden" free="2097048" total="58720256" percent="3" />
    <remembered-set count="3872" freebytes="7781632" totalbytes="7797120" percent="99" regionsoverflowed="0" regionsstable="9" regionsrebuilding="0"/>
  </mem-info>
</gc-start>
<allocation-stats totalBytes="56523664" >
  <allocated-bytes non-tlh="0" tlh="56523664" arrayletleaf="0"/>
  <largest-consumer threadName="main" threadId="000000000239EF00" bytes="56523664" />
</allocation-stats>
<gc-op id="2469" type="copy forward" timems="6.699" contextid="2466" timestamp="2019-08-11T05:39:11.830">
  <memory-copied type="eden" objects="3" bytes="72" bytesdiscarded="0" />
  <memory-copied type="other" objects="0" bytes="0" bytesdiscarded="0" />
  <memory-cardclean objects="12" bytes="424" />
  <regions eden="27" other="1" />
  <remembered-set-cleared processed="488" cleared="0" durationms="0.144" />
  <stringconstants candidates="13725" cleared="0"  />
</gc-op>
<gc-op id="2470" type="classunload" timems="0.003" contextid="2466" timestamp="2019-08-11T05:39:11.830">
  <classunload-info classloadercandidates="54" classloadersunloaded="0" classesunloaded="0" anonymousclassesunloaded="0" quiescems="0.000" setupms="0.003" scanms="0.000" postms="0.000" />
</gc-op>
<heap-resize id="2471" type="expand" space="default" amount="14680064" count="1" timems="0.117" reason="excessive time being spent in gc" timestamp="2019-08-11T05:39:11.830" />
<gc-end id="2472" type="partial gc" contextid="2466" durationms="8.358" usertimems="17.928" systemtimems="0.000" timestamp="2019-08-11T05:39:11.830" activeThreads="16">
  <mem-info id="2473" free="125829120" total="209715200" percent="60">
    <mem type="eden" free="2097080" total="2097152" percent="99" />
    <remembered-set count="3072" freebytes="8371712" totalbytes="8384000" percent="99" regionsoverflowed="0" regionsstable="9" regionsrebuilding="0"/>
  </mem-info>
</gc-end>
<cycle-end id="2474" type="partial gc" contextid="2466" timestamp="2019-08-11T05:39:11.830" />
  <attribute name="elasticGC enabled" value="1" />
  <attribute name= "numThreadsSpecified" value="16" />
  <attribute name="heapSize specified" value="0" />
  <attribute name="Current GC Util" value="204" />
  <attribute name= "Current Time Running" value="133708" />
  <attribute name ="GC Interval" value="0" />
  <attribute name="ProportionalT" value="62.000000" />
  <attribute name="ProportionalI" value="62.000000" />
  <attribute name="ProportionalH" value="62.000000" />
  <attribute name="Current Error" value="124.000000" />
  <attribute name="IntegralT" value="62.000000" />
  <attribute name="IntegralI" value="62.000000" />
  <attribute name="IntegralH" value="62.000000" />
  <attribute name="DerivativeT" value="124.000000" />
  <attribute name="DerivativeI" value="124.000000" />
  <attribute name="DerivativeH" value="124.000000" />
  <attribute name="Loop Time for DT" value="1.000000" />
  <attribute name="Output H" value="8388608"/>
  <attribute name="Output I" value="248"/>
  <attribute name="Output T" value="16"/>
  <attribute name="Target GC Util Change" value ="80.000000" />
  <attribute name="Current GC Util Change" value="204.000000"/>
  <attribute name="GC Util currently" value="204" />
  <attribute name="CPU Util currently" value="1189448231671" />
<exclusive-end id="2475" timestamp="2019-08-11T05:39:11.831" durationms="8.827" />

<exclusive-start id="2476" timestamp="2019-08-11T05:39:11.847" intervalms="25.688">
  <response-info timems="0.011" idlems="0.011" threads="0" lastid="000000000239EF00" lastname="main" />
</exclusive-start>
<allocation-taxation id="2477" taxation-threshold="58720256" timestamp="2019-08-11T05:39:11.847" intervalms="25.677" />
<cycle-start id="2478" type="partial gc" contextid="0" timestamp="2019-08-11T05:39:11.848" intervalms="25.677" />
<gc-start id="2479" type="partial gc" contextid="2478" timestamp="2019-08-11T05:39:11.848">
  <mem-info id="2480" free="67108864" total="209715200" percent="32">
    <mem type="eden" free="2097080" total="60817408" percent="3" />
    <remembered-set count="3072" freebytes="8371712" totalbytes="8384000" percent="99" regionsoverflowed="0" regionsstable="9" regionsrebuilding="0"/>
  </mem-info>
</gc-start>
<allocation-stats totalBytes="58615832" >
  <allocated-bytes non-tlh="0" tlh="58615832" arrayletleaf="0"/>
  <largest-consumer threadName="main" threadId="000000000239EF00" bytes="58615832" />
</allocation-stats>
<gc-op id="2481" type="copy forward" timems="6.426" contextid="2478" timestamp="2019-08-11T05:39:11.856">
  <memory-copied type="eden" objects="4" bytes="104" bytesdiscarded="0" />
  <memory-copied type="other" objects="0" bytes="0" bytesdiscarded="0" />
  <memory-cardclean objects="12" bytes="424" />
  <regions eden="28" other="1" />
  <remembered-set-cleared processed="488" cleared="0" durationms="0.098" />
  <stringconstants candidates="13725" cleared="0"  />
</gc-op>
<gc-op id="2482" type="classunload" timems="0.004" contextid="2478" timestamp="2019-08-11T05:39:11.856">
  <classunload-info classloadercandidates="54" classloadersunloaded="0" classesunloaded="0" anonymousclassesunloaded="0" quiescems="0.000" setupms="0.004" scanms="0.000" postms="0.000" />
</gc-op>
<gc-end id="2483" type="partial gc" contextid="2478" durationms="8.182" usertimems="18.358" systemtimems="0.000" timestamp="2019-08-11T05:39:11.856" activeThreads="16">
  <mem-info id="2484" free="125829120" total="209715200" percent="60">
    <mem type="eden" free="2097048" total="2097152" percent="99" />
    <remembered-set count="3072" freebytes="8371712" totalbytes="8384000" percent="99" regionsoverflowed="0" regionsstable="9" regionsrebuilding="0"/>
  </mem-info>
</gc-end>
<cycle-end id="2485" type="partial gc" contextid="2478" timestamp="2019-08-11T05:39:11.856" />
  <attribute name="elasticGC enabled" value="1" />
  <attribute name= "numThreadsSpecified" value="16" />
  <attribute name="heapSize specified" value="0" />
  <attribute name="Current GC Util" value="226" />
  <attribute name= "Current Time Running" value="133734" />
  <attribute name ="GC Interval" value="0" />
  <attribute name="ProportionalT" value="73.000000" />
  <attribute name="ProportionalI" value="73.000000" />
  <attribute name="ProportionalH" value="73.000000" />
  <attribute name="Current Error" value="146.000000" />
  <attribute name="IntegralT" value="73.000000" />
  <attribute name="IntegralI" value="73.000000" />
  <attribute name="IntegralH" value="73.000000" />
  <attribute name="DerivativeT" value="146.000000" />
  <attribute name="DerivativeI" value="146.000000" />
  <attribute name="DerivativeH" value="146.000000" />
  <attribute name="Loop Time for DT" value="1.000000" />
  <attribute name="Output H" value="8388608"/>
  <attribute name="Output I" value="296"/>
  <attribute name="Output T" value="16"/>
  <attribute name="Target GC Util Change" value ="80.000000" />
  <attribute name="Current GC Util Change" value="226.000000"/>
  <attribute name="GC Util currently" value="226" />
  <attribute name="CPU Util currently" value="964020654479" />
<exclusive-end id="2486" timestamp="2019-08-11T05:39:11.856" durationms="8.623" />

<exclusive-start id="2487" timestamp="2019-08-11T05:39:11.918" intervalms="70.353">
  <response-info timems="0.014" idlems="0.014" threads="0" lastid="000000000239EF00" lastname="main" />
</exclusive-start>
<allocation-taxation id="2488" taxation-threshold="58720256" timestamp="2019-08-11T05:39:11.918" intervalms="70.369" />
<cycle-start id="2489" type="partial gc" contextid="0" timestamp="2019-08-11T05:39:11.918" intervalms="70.397" />
<gc-start id="2490" type="partial gc" contextid="2489" timestamp="2019-08-11T05:39:11.918">
  <mem-info id="2491" free="67108864" total="209715200" percent="32">
    <mem type="eden" free="2097048" total="60817408" percent="3" />
    <remembered-set count="3072" freebytes="8371712" totalbytes="8384000" percent="99" regionsoverflowed="0" regionsstable="9" regionsrebuilding="0"/>
  </mem-info>
</gc-start>
<allocation-stats totalBytes="58645464" >
  <allocated-bytes non-tlh="0" tlh="58645464" arrayletleaf="0"/>
  <largest-consumer threadName="main" threadId="000000000239EF00" bytes="58645464" />
</allocation-stats>
<gc-op id="2492" type="copy forward" timems="9.061" contextid="2489" timestamp="2019-08-11T05:39:11.928">
  <memory-copied type="eden" objects="39" bytes="1504" bytesdiscarded="1416" />
  <memory-copied type="other" objects="0" bytes="0" bytesdiscarded="0" />
  <memory-cardclean objects="98" bytes="2744" />
  <regions eden="28" other="1" />
  <remembered-set-cleared processed="488" cleared="12" durationms="0.314" />
  <stringconstants candidates="13725" cleared="0"  />
</gc-op>
<gc-op id="2493" type="classunload" timems="0.005" contextid="2489" timestamp="2019-08-11T05:39:11.929">
  <classunload-info classloadercandidates="54" classloadersunloaded="0" classesunloaded="0" anonymousclassesunloaded="0" quiescems="0.000" setupms="0.004" scanms="0.000" postms="0.000" />
</gc-op>
<gc-end id="2494" type="partial gc" contextid="2489" durationms="10.508" usertimems="24.617" systemtimems="0.000" timestamp="2019-08-11T05:39:11.929" activeThreads="16">
  <mem-info id="2495" free="125829120" total="209715200" percent="60">
    <mem type="eden" free="2094232" total="2097152" percent="99" />
    <remembered-set count="4480" freebytes="8366080" totalbytes="8384000" percent="99" regionsoverflowed="0" regionsstable="9" regionsrebuilding="0"/>
  </mem-info>
</gc-end>
<cycle-end id="2496" type="partial gc" contextid="2489" timestamp="2019-08-11T05:39:11.929" />
  <attribute name="elasticGC enabled" value="1" />
  <attribute name= "numThreadsSpecified" value="16" />
  <attribute name="heapSize specified" value="0" />
  <attribute name="Current GC Util" value="187" />
  <attribute name= "Current Time Running" value="133804" />
  <attribute name ="GC Interval" value="0" />
  <attribute name="ProportionalT" value="53.500000" />
  <attribute name="ProportionalI" value="53.500000" />
  <attribute name="ProportionalH" value="53.500000" />
  <attribute name="Current Error" value="107.000000" />
  <attribute name="IntegralT" value="53.500000" />
  <attribute name="IntegralI" value="53.500000" />
  <attribute name="IntegralH" value="53.500000" />
  <attribute name="DerivativeT" value="107.000000" />
  <attribute name="DerivativeI" value="107.000000" />
  <attribute name="DerivativeH" value="107.000000" />
  <attribute name="Loop Time for DT" value="1.000000" />
  <attribute name="Output H" value="8388608"/>
  <attribute name="Output I" value="216"/>
  <attribute name="Output T" value="16"/>
  <attribute name="Target GC Util Change" value ="80.000000" />
  <attribute name="Current GC Util Change" value="187.000000"/>
  <attribute name="GC Util currently" value="187" />
  <attribute name="CPU Util currently" value="1204103070827" />
<exclusive-end id="2497" timestamp="2019-08-11T05:39:11.929" durationms="11.175" />

<exclusive-start id="2498" timestamp="2019-08-11T05:39:11.983" intervalms="64.833">
  <response-info timems="0.017" idlems="0.017" threads="0" lastid="000000000239EF00" lastname="main" />
</exclusive-start>
<allocation-taxation id="2499" taxation-threshold="58720256" timestamp="2019-08-11T05:39:11.983" intervalms="64.833" />
<cycle-start id="2500" type="partial gc" contextid="0" timestamp="2019-08-11T05:39:11.983" intervalms="64.896" />
<gc-start id="2501" type="partial gc" contextid="2500" timestamp="2019-08-11T05:39:11.983">
  <mem-info id="2502" free="67108864" total="209715200" percent="32">
    <mem type="eden" free="0" total="58720256" percent="0" />
    <remembered-set count="4480" freebytes="8366080" totalbytes="8384000" percent="99" regionsoverflowed="0" regionsstable="9" regionsrebuilding="0"/>
  </mem-info>
</gc-start>
<allocation-stats totalBytes="58673880" >
  <allocated-bytes non-tlh="0" tlh="58673880" arrayletleaf="0"/>
  <largest-consumer threadName="main" threadId="000000000239EF00" bytes="58673880" />
</allocation-stats>
<gc-op id="2503" type="copy forward" timems="6.382" contextid="2500" timestamp="2019-08-11T05:39:11.991">
  <memory-copied type="eden" objects="29" bytes="1352" bytesdiscarded="680" />
  <memory-copied type="other" objects="13" bytes="296" bytesdiscarded="504" />
  <memory-cardclean objects="91" bytes="2680" />
  <regions eden="28" other="1" />
  <remembered-set-cleared processed="485" cleared="9" durationms="0.203" />
  <stringconstants candidates="13725" cleared="0"  />
</gc-op>
<gc-op id="2504" type="classunload" timems="0.004" contextid="2500" timestamp="2019-08-11T05:39:11.991">
  <classunload-info classloadercandidates="54" classloadersunloaded="0" classesunloaded="0" anonymousclassesunloaded="0" quiescems="0.000" setupms="0.004" scanms="0.000" postms="0.000" />
</gc-op>
<heap-resize id="2505" type="expand" space="default" amount="6291456" count="1" timems="0.082" reason="excessive time being spent in gc" timestamp="2019-08-11T05:39:11.991" />
<gc-end id="2506" type="partial gc" contextid="2500" durationms="7.981" usertimems="18.327" systemtimems="0.000" timestamp="2019-08-11T05:39:11.991" activeThreads="16">
  <mem-info id="2507" free="130023424" total="216006656" percent="60">
    <mem type="eden" free="2095120" total="2097152" percent="99" />
    <remembered-set count="4480" freebytes="8617600" totalbytes="8635520" percent="99" regionsoverflowed="0" regionsstable="9" regionsrebuilding="0"/>
  </mem-info>
</gc-end>
<cycle-end id="2508" type="partial gc" contextid="2500" timestamp="2019-08-11T05:39:11.991" />
  <attribute name="elasticGC enabled" value="1" />
  <attribute name= "numThreadsSpecified" value="16" />
  <attribute name="heapSize specified" value="0" />
  <attribute name="Current GC Util" value="246" />
  <attribute name= "Current Time Running" value="133869" />
  <attribute name ="GC Interval" value="0" />
  <attribute name="ProportionalT" value="83.000000" />
  <attribute name="ProportionalI" value="83.000000" />
  <attribute name="ProportionalH" value="83.000000" />
  <attribute name="Current Error" value="166.000000" />
  <attribute name="IntegralT" value="83.000000" />
  <attribute name="IntegralI" value="83.000000" />
  <attribute name="IntegralH" value="83.000000" />
  <attribute name="DerivativeT" value="166.000000" />
  <attribute name="DerivativeI" value="166.000000" />
  <attribute name="DerivativeH" value="166.000000" />
  <attribute name="Loop Time for DT" value="1.000000" />
  <attribute name="Output H" value="8388608"/>
  <attribute name="Output I" value="336"/>
  <attribute name="Output T" value="16"/>
  <attribute name="Target GC Util Change" value ="80.000000" />
  <attribute name="Current GC Util Change" value="246.000000"/>
  <attribute name="GC Util currently" value="246" />
  <attribute name="CPU Util currently" value="1160330173636" />
<exclusive-end id="2509" timestamp="2019-08-11T05:39:11.991" durationms="8.702" />

<exclusive-start id="2510" timestamp="2019-08-11T05:39:12.060" intervalms="77.100">
  <response-info timems="0.014" idlems="0.014" threads="0" lastid="000000000239EF00" lastname="main" />
</exclusive-start>
<allocation-taxation id="2511" taxation-threshold="60817408" timestamp="2019-08-11T05:39:12.060" intervalms="77.100" />
<cycle-start id="2512" type="partial gc" contextid="0" timestamp="2019-08-11T05:39:12.060" intervalms="77.100" />
<gc-start id="2513" type="partial gc" contextid="2512" timestamp="2019-08-11T05:39:12.060">
  <mem-info id="2514" free="69206016" total="216006656" percent="32">
    <mem type="eden" free="0" total="60817408" percent="0" />
    <remembered-set count="4480" freebytes="8617600" totalbytes="8635520" percent="99" regionsoverflowed="0" regionsstable="9" regionsrebuilding="0"/>
  </mem-info>
</gc-start>
<allocation-stats totalBytes="60751056" >
  <allocated-bytes non-tlh="0" tlh="60751056" arrayletleaf="0"/>
  <largest-consumer threadName="main" threadId="000000000239EF00" bytes="60751056" />
</allocation-stats>
<gc-op id="2515" type="copy forward" timems="15.545" contextid="2512" timestamp="2019-08-11T05:39:12.078">
  <memory-copied type="eden" objects="37" bytes="8216" bytesdiscarded="696" />
  <memory-copied type="other" objects="6" bytes="136" bytesdiscarded="728" />
  <memory-cardclean objects="69" bytes="1992" />
  <regions eden="29" other="1" />
  <remembered-set-cleared processed="489" cleared="5" durationms="0.284" />
  <stringconstants candidates="13725" cleared="0"  />
</gc-op>
<gc-op id="2516" type="classunload" timems="0.007" contextid="2512" timestamp="2019-08-11T05:39:12.078">
  <classunload-info classloadercandidates="54" classloadersunloaded="0" classesunloaded="0" anonymousclassesunloaded="0" quiescems="0.000" setupms="0.007" scanms="0.000" postms="0.000" />
</gc-op>
<heap-resize id="2517" type="expand" space="default" amount="4194304" count="1" timems="0.086" reason="excessive time being spent in gc" timestamp="2019-08-11T05:39:12.078" />
<gc-end id="2518" type="partial gc" contextid="2512" durationms="17.876" usertimems="31.058" systemtimems="0.000" timestamp="2019-08-11T05:39:12.078" activeThreads="16">
  <mem-info id="2519" free="132120576" total="220200960" percent="60">
    <mem type="eden" free="2088240" total="2097152" percent="99" />
    <remembered-set count="4704" freebytes="8784384" totalbytes="8803200" percent="99" regionsoverflowed="0" regionsstable="9" regionsrebuilding="0"/>
  </mem-info>
</gc-end>
<cycle-end id="2520" type="partial gc" contextid="2512" timestamp="2019-08-11T05:39:12.078" />
  <attribute name="elasticGC enabled" value="1" />
  <attribute name= "numThreadsSpecified" value="16" />
  <attribute name="heapSize specified" value="0" />
  <attribute name="Current GC Util" value="133" />
  <attribute name= "Current Time Running" value="133947" />
  <attribute name ="GC Interval" value="0" />
  <attribute name="ProportionalT" value="26.500000" />
  <attribute name="ProportionalI" value="26.500000" />
  <attribute name="ProportionalH" value="26.500000" />
  <attribute name="Current Error" value="53.000000" />
  <attribute name="IntegralT" value="53.000000" />
  <attribute name="IntegralI" value="53.000000" />
  <attribute name="IntegralH" value="53.000000" />
  <attribute name="DerivativeT" value="26.500000" />
  <attribute name="DerivativeI" value="26.500000" />
  <attribute name="DerivativeH" value="26.500000" />
  <attribute name="Loop Time for DT" value="2.000000" />
  <attribute name="Output H" value="8388608"/>
  <attribute name="Output I" value="200"/>
  <attribute name="Output T" value="16"/>
  <attribute name="Target GC Util Change" value ="80.000000" />
  <attribute name="Current GC Util Change" value="133.000000"/>
  <attribute name="GC Util currently" value="133" />
  <attribute name="CPU Util currently" value="871318346366" />
<exclusive-end id="2521" timestamp="2019-08-11T05:39:12.079" durationms="18.951" />

<exclusive-start id="2522" timestamp="2019-08-11T05:39:12.186" intervalms="125.910">
  <response-info timems="0.011" idlems="0.011" threads="0" lastid="000000000239EF00" lastname="main" />
</exclusive-start>
<allocation-taxation id="2523" taxation-threshold="62914560" timestamp="2019-08-11T05:39:12.186" intervalms="125.903" />
<cycle-start id="2524" type="partial gc" contextid="0" timestamp="2019-08-11T05:39:12.186" intervalms="125.916" />
<gc-start id="2525" type="partial gc" contextid="2524" timestamp="2019-08-11T05:39:12.186">
  <mem-info id="2526" free="69206016" total="220200960" percent="31">
    <mem type="eden" free="0" total="62914560" percent="0" />
    <remembered-set count="4288" freebytes="8786048" totalbytes="8803200" percent="99" regionsoverflowed="0" regionsstable="9" regionsrebuilding="0"/>
  </mem-info>
</gc-start>
<allocation-stats totalBytes="62832424" >
  <allocated-bytes non-tlh="0" tlh="62832424" arrayletleaf="0"/>
  <largest-consumer threadName="main" threadId="000000000239EF00" bytes="62832424" />
</allocation-stats>
<gc-op id="2527" type="copy forward" timems="8.271" contextid="2524" timestamp="2019-08-11T05:39:12.196">
  <memory-copied type="eden" objects="25" bytes="760" bytesdiscarded="0" />
  <memory-copied type="other" objects="6" bytes="136" bytesdiscarded="648" />
  <memory-cardclean objects="78" bytes="2264" />
  <regions eden="30" other="1" />
  <remembered-set-cleared processed="491" cleared="5" durationms="0.100" />
  <stringconstants candidates="13725" cleared="0"  />
</gc-op>
<gc-op id="2528" type="classunload" timems="0.006" contextid="2524" timestamp="2019-08-11T05:39:12.196">
  <classunload-info classloadercandidates="54" classloadersunloaded="0" classesunloaded="0" anonymousclassesunloaded="0" quiescems="0.000" setupms="0.006" scanms="0.000" postms="0.000" />
</gc-op>
<heap-resize id="2529" type="expand" space="default" amount="6291456" count="1" timems="0.082" reason="excessive time being spent in gc" timestamp="2019-08-11T05:39:12.196" />
<gc-end id="2530" type="partial gc" contextid="2524" durationms="10.192" usertimems="21.652" systemtimems="0.000" timestamp="2019-08-11T05:39:12.196" activeThreads="16">
  <mem-info id="2531" free="136314880" total="226492416" percent="60">
    <mem type="eden" free="2096392" total="2097152" percent="99" />
    <remembered-set count="4224" freebytes="9037824" totalbytes="9054720" percent="99" regionsoverflowed="0" regionsstable="9" regionsrebuilding="0"/>
  </mem-info>
</gc-end>
<cycle-end id="2532" type="partial gc" contextid="2524" timestamp="2019-08-11T05:39:12.196" />
  <attribute name="elasticGC enabled" value="1" />
  <attribute name= "numThreadsSpecified" value="16" />
  <attribute name="heapSize specified" value="0" />
  <attribute name="Current GC Util" value="260" />
  <attribute name= "Current Time Running" value="134073" />
  <attribute name ="GC Interval" value="0" />
  <attribute name="ProportionalT" value="90.000000" />
  <attribute name="ProportionalI" value="90.000000" />
  <attribute name="ProportionalH" value="90.000000" />
  <attribute name="Current Error" value="180.000000" />
  <attribute name="IntegralT" value="180.000000" />
  <attribute name="IntegralI" value="180.000000" />
  <attribute name="IntegralH" value="180.000000" />
  <attribute name="DerivativeT" value="90.000000" />
  <attribute name="DerivativeI" value="90.000000" />
  <attribute name="DerivativeH" value="90.000000" />
  <attribute name="Loop Time for DT" value="2.000000" />
  <attribute name="Output H" value="8388608"/>
  <attribute name="Output I" value="360"/>
  <attribute name="Output T" value="16"/>
  <attribute name="Target GC Util Change" value ="80.000000" />
  <attribute name="Current GC Util Change" value="260.000000"/>
  <attribute name="GC Util currently" value="260" />
  <attribute name="CPU Util currently" value="892790796444" />
<exclusive-end id="2533" timestamp="2019-08-11T05:39:12.197" durationms="10.976" />

<exclusive-start id="2534" timestamp="2019-08-11T05:39:12.313" intervalms="127.218">
  <response-info timems="0.013" idlems="0.013" threads="0" lastid="000000000239EF00" lastname="main" />
</exclusive-start>
<allocation-taxation id="2535" taxation-threshold="62914560" timestamp="2019-08-11T05:39:12.313" intervalms="127.223" />
<cycle-start id="2536" type="partial gc" contextid="0" timestamp="2019-08-11T05:39:12.313" intervalms="127.123" />
<gc-start id="2537" type="partial gc" contextid="2536" timestamp="2019-08-11T05:39:12.313">
  <mem-info id="2538" free="73400320" total="226492416" percent="32">
    <mem type="eden" free="0" total="62914560" percent="0" />
    <remembered-set count="3840" freebytes="9039360" totalbytes="9054720" percent="99" regionsoverflowed="0" regionsstable="9" regionsrebuilding="0"/>
  </mem-info>
</gc-start>
<allocation-stats totalBytes="62903552" >
  <allocated-bytes non-tlh="0" tlh="62903552" arrayletleaf="0"/>
  <largest-consumer threadName="main" threadId="000000000239EF00" bytes="62903552" />
</allocation-stats>
<gc-op id="2539" type="copy forward" timems="6.659" contextid="2536" timestamp="2019-08-11T05:39:12.321">
  <memory-copied type="eden" objects="24" bytes="864" bytesdiscarded="680" />
  <memory-copied type="other" objects="6" bytes="136" bytesdiscarded="752" />
  <memory-cardclean objects="69" bytes="1976" />
  <regions eden="30" other="1" />
  <remembered-set-cleared processed="494" cleared="6" durationms="0.203" />
  <stringconstants candidates="13725" cleared="0"  />
</gc-op>
<gc-op id="2540" type="classunload" timems="0.005" contextid="2536" timestamp="2019-08-11T05:39:12.322">
  <classunload-info classloadercandidates="54" classloadersunloaded="0" classesunloaded="0" anonymousclassesunloaded="0" quiescems="0.000" setupms="0.005" scanms="0.000" postms="0.000" />
</gc-op>
<gc-end id="2541" type="partial gc" contextid="2536" durationms="8.444" usertimems="20.301" systemtimems="0.000" timestamp="2019-08-11T05:39:12.322" activeThreads="16">
  <mem-info id="2542" free="134217728" total="226492416" percent="59">
    <mem type="eden" free="2095608" total="2097152" percent="99" />
    <remembered-set count="4256" freebytes="9037696" totalbytes="9054720" percent="99" regionsoverflowed="0" regionsstable="9" regionsrebuilding="0"/>
  </mem-info>
</gc-end>
<cycle-end id="2543" type="partial gc" contextid="2536" timestamp="2019-08-11T05:39:12.322" />
  <attribute name="elasticGC enabled" value="1" />
  <attribute name= "numThreadsSpecified" value="16" />
  <attribute name="heapSize specified" value="0" />
  <attribute name="Current GC Util" value="183" />
  <attribute name= "Current Time Running" value="134200" />
  <attribute name ="GC Interval" value="0" />
  <attribute name="ProportionalT" value="51.500000" />
  <attribute name="ProportionalI" value="51.500000" />
  <attribute name="ProportionalH" value="51.500000" />
  <attribute name="Current Error" value="103.000000" />
  <attribute name="IntegralT" value="103.000000" />
  <attribute name="IntegralI" value="103.000000" />
  <attribute name="IntegralH" value="103.000000" />
  <attribute name="DerivativeT" value="51.500000" />
  <attribute name="DerivativeI" value="51.500000" />
  <attribute name="DerivativeH" value="51.500000" />
  <attribute name="Loop Time for DT" value="2.000000" />
  <attribute name="Output H" value="8388608"/>
  <attribute name="Output I" value="208"/>
  <attribute name="Output T" value="16"/>
  <attribute name="Target GC Util Change" value ="80.000000" />
  <attribute name="Current GC Util Change" value="183.000000"/>
  <attribute name="GC Util currently" value="183" />
  <attribute name="CPU Util currently" value="919293208353" />
<exclusive-end id="2544" timestamp="2019-08-11T05:39:12.322" durationms="9.112" />

<exclusive-start id="2545" timestamp="2019-08-11T05:39:12.435" intervalms="121.888">
  <response-info timems="0.016" idlems="0.016" threads="0" lastid="000000000239EF00" lastname="main" />
</exclusive-start>
<allocation-taxation id="2546" taxation-threshold="62914560" timestamp="2019-08-11T05:39:12.435" intervalms="121.883" />
<cycle-start id="2547" type="partial gc" contextid="0" timestamp="2019-08-11T05:39:12.435" intervalms="121.922" />
<gc-start id="2548" type="partial gc" contextid="2547" timestamp="2019-08-11T05:39:12.435">
  <mem-info id="2549" free="71303168" total="226492416" percent="31">
    <mem type="eden" free="0" total="62914560" percent="0" />
    <remembered-set count="3904" freebytes="9039104" totalbytes="9054720" percent="99" regionsoverflowed="0" regionsstable="9" regionsrebuilding="0"/>
  </mem-info>
</gc-start>
<allocation-stats totalBytes="62903416" >
  <allocated-bytes non-tlh="0" tlh="62903416" arrayletleaf="0"/>
  <largest-consumer threadName="main" threadId="000000000239EF00" bytes="62903416" />
</allocation-stats>
<gc-op id="2550" type="copy forward" timems="6.566" contextid="2547" timestamp="2019-08-11T05:39:12.443">
  <memory-copied type="eden" objects="1" bytes="24" bytesdiscarded="0" />
  <memory-copied type="other" objects="20" bytes="664" bytesdiscarded="680" />
  <memory-cardclean objects="54" bytes="1696" />
  <regions eden="30" other="1" />
  <remembered-set-cleared processed="496" cleared="7" durationms="0.242" />
  <stringconstants candidates="13725" cleared="0"  />
</gc-op>
<gc-op id="2551" type="classunload" timems="0.004" contextid="2547" timestamp="2019-08-11T05:39:12.443">
  <classunload-info classloadercandidates="54" classloadersunloaded="0" classesunloaded="0" anonymousclassesunloaded="0" quiescems="0.000" setupms="0.004" scanms="0.000" postms="0.000" />
</gc-op>
<gc-end id="2552" type="partial gc" contextid="2547" durationms="8.090" usertimems="19.097" systemtimems="0.000" timestamp="2019-08-11T05:39:12.443" activeThreads="16">
  <mem-info id="2553" free="132120576" total="226492416" percent="58">
    <mem type="eden" free="2097128" total="2097152" percent="99" />
    <remembered-set count="4768" freebytes="9035648" totalbytes="9054720" percent="99" regionsoverflowed="0" regionsstable="9" regionsrebuilding="0"/>
  </mem-info>
</gc-end>
<cycle-end id="2554" type="partial gc" contextid="2547" timestamp="2019-08-11T05:39:12.443" />
  <attribute name="elasticGC enabled" value="1" />
  <attribute name= "numThreadsSpecified" value="16" />
  <attribute name="heapSize specified" value="0" />
  <attribute name="Current GC Util" value="234" />
  <attribute name= "Current Time Running" value="134321" />
  <attribute name ="GC Interval" value="0" />
  <attribute name="ProportionalT" value="77.000000" />
  <attribute name="ProportionalI" value="77.000000" />
  <attribute name="ProportionalH" value="77.000000" />
  <attribute name="Current Error" value="154.000000" />
  <attribute name="IntegralT" value="77.000000" />
  <attribute name="IntegralI" value="77.000000" />
  <attribute name="IntegralH" value="77.000000" />
  <attribute name="DerivativeT" value="154.000000" />
  <attribute name="DerivativeI" value="154.000000" />
  <attribute name="DerivativeH" value="154.000000" />
  <attribute name="Loop Time for DT" value="1.000000" />
  <attribute name="Output H" value="8388608"/>
  <attribute name="Output I" value="312"/>
  <attribute name="Output T" value="16"/>
  <attribute name="Target GC Util Change" value ="80.000000" />
  <attribute name="Current GC Util Change" value="234.000000"/>
  <attribute name="GC Util currently" value="234" />
  <attribute name="CPU Util currently" value="1089299819636" />
<exclusive-end id="2555" timestamp="2019-08-11T05:39:12.443" durationms="8.705" />

<exclusive-start id="2556" timestamp="2019-08-11T05:39:12.574" intervalms="139.687">
  <response-info timems="0.015" idlems="0.015" threads="0" lastid="000000000239EF00" lastname="main" />
</exclusive-start>
<allocation-taxation id="2557" taxation-threshold="62914560" timestamp="2019-08-11T05:39:12.574" intervalms="139.694" />
<cycle-start id="2558" type="partial gc" contextid="0" timestamp="2019-08-11T05:39:12.575" intervalms="139.737" />
<gc-start id="2559" type="partial gc" contextid="2558" timestamp="2019-08-11T05:39:12.575">
  <mem-info id="2560" free="69206016" total="226492416" percent="30">
    <mem type="eden" free="2097128" total="65011712" percent="3" />
    <remembered-set count="4768" freebytes="9035648" totalbytes="9054720" percent="99" regionsoverflowed="0" regionsstable="9" regionsrebuilding="0"/>
  </mem-info>
</gc-start>
<allocation-stats totalBytes="62903016" >
  <allocated-bytes non-tlh="0" tlh="62903016" arrayletleaf="0"/>
  <largest-consumer threadName="main" threadId="000000000239EF00" bytes="62903016" />
</allocation-stats>
<gc-op id="2561" type="copy forward" timems="5.501" contextid="2558" timestamp="2019-08-11T05:39:12.582">
  <memory-copied type="eden" objects="1" bytes="24" bytesdiscarded="0" />
  <memory-copied type="other" objects="0" bytes="0" bytesdiscarded="0" />
  <memory-cardclean objects="31" bytes="1032" />
  <regions eden="30" other="1" />
  <remembered-set-cleared processed="500" cleared="1" durationms="0.117" />
  <stringconstants candidates="13725" cleared="0"  />
</gc-op>
<gc-op id="2562" type="classunload" timems="0.005" contextid="2558" timestamp="2019-08-11T05:39:12.582">
  <classunload-info classloadercandidates="54" classloadersunloaded="0" classesunloaded="0" anonymousclassesunloaded="0" quiescems="0.000" setupms="0.005" scanms="0.000" postms="0.000" />
</gc-op>
<gc-end id="2563" type="partial gc" contextid="2558" durationms="6.895" usertimems="15.434" systemtimems="0.000" timestamp="2019-08-11T05:39:12.582" activeThreads="16">
  <mem-info id="2564" free="132120576" total="226492416" percent="58">
    <mem type="eden" free="2097128" total="2097152" percent="99" />
    <remembered-set count="4032" freebytes="9038592" totalbytes="9054720" percent="99" regionsoverflowed="0" regionsstable="9" regionsrebuilding="0"/>
  </mem-info>
</gc-end>
<cycle-end id="2565" type="partial gc" contextid="2558" timestamp="2019-08-11T05:39:12.582" />
  <attribute name="elasticGC enabled" value="1" />
  <attribute name= "numThreadsSpecified" value="16" />
  <attribute name="heapSize specified" value="0" />
  <attribute name="Current GC Util" value="189" />
  <attribute name= "Current Time Running" value="134461" />
  <attribute name ="GC Interval" value="0" />
  <attribute name="ProportionalT" value="54.500000" />
  <attribute name="ProportionalI" value="54.500000" />
  <attribute name="ProportionalH" value="54.500000" />
  <attribute name="Current Error" value="109.000000" />
  <attribute name="IntegralT" value="54.500000" />
  <attribute name="IntegralI" value="54.500000" />
  <attribute name="IntegralH" value="54.500000" />
  <attribute name="DerivativeT" value="109.000000" />
  <attribute name="DerivativeI" value="109.000000" />
  <attribute name="DerivativeH" value="109.000000" />
  <attribute name="Loop Time for DT" value="1.000000" />
  <attribute name="Output H" value="8388608"/>
  <attribute name="Output I" value="224"/>
  <attribute name="Output T" value="16"/>
  <attribute name="Target GC Util Change" value ="80.000000" />
  <attribute name="Current GC Util Change" value="189.000000"/>
  <attribute name="GC Util currently" value="189" />
  <attribute name="CPU Util currently" value="1309365799997" />
<exclusive-end id="2566" timestamp="2019-08-11T05:39:12.582" durationms="7.673" />

<exclusive-start id="2567" timestamp="2019-08-11T05:39:12.633" intervalms="58.125">
  <response-info timems="0.018" idlems="0.018" threads="0" lastid="000000000239EF00" lastname="main" />
</exclusive-start>
<allocation-taxation id="2568" taxation-threshold="62914560" timestamp="2019-08-11T05:39:12.633" intervalms="58.123" />
<cycle-start id="2569" type="partial gc" contextid="0" timestamp="2019-08-11T05:39:12.633" intervalms="58.023" />
<gc-start id="2570" type="partial gc" contextid="2569" timestamp="2019-08-11T05:39:12.633">
  <mem-info id="2571" free="69206016" total="226492416" percent="30">
    <mem type="eden" free="2097128" total="65011712" percent="3" />
    <remembered-set count="4032" freebytes="9038592" totalbytes="9054720" percent="99" regionsoverflowed="0" regionsstable="9" regionsrebuilding="0"/>
  </mem-info>
</gc-start>
<allocation-stats totalBytes="62846472" >
  <allocated-bytes non-tlh="0" tlh="62846472" arrayletleaf="0"/>
  <largest-consumer threadName="main" threadId="000000000239EF00" bytes="62846472" />
</allocation-stats>
<gc-op id="2572" type="copy forward" timems="7.991" contextid="2569" timestamp="2019-08-11T05:39:12.642">
  <memory-copied type="eden" objects="26" bytes="1344" bytesdiscarded="1376" />
  <memory-copied type="other" objects="0" bytes="0" bytesdiscarded="0" />
  <memory-cardclean objects="71" bytes="2160" />
  <regions eden="30" other="1" />
  <remembered-set-cleared processed="500" cleared="8" durationms="0.157" />
  <stringconstants candidates="13725" cleared="0"  />
</gc-op>
<gc-op id="2573" type="classunload" timems="0.004" contextid="2569" timestamp="2019-08-11T05:39:12.642">
  <classunload-info classloadercandidates="54" classloadersunloaded="0" classesunloaded="0" anonymousclassesunloaded="0" quiescems="0.000" setupms="0.004" scanms="0.000" postms="0.000" />
</gc-op>
<gc-end id="2574" type="partial gc" contextid="2569" durationms="8.994" usertimems="19.433" systemtimems="0.000" timestamp="2019-08-11T05:39:12.642" activeThreads="16">
  <mem-info id="2575" free="132120576" total="226492416" percent="58">
    <mem type="eden" free="2094432" total="2097152" percent="99" />
    <remembered-set count="4864" freebytes="9035264" totalbytes="9054720" percent="99" regionsoverflowed="0" regionsstable="9" regionsrebuilding="0"/>
  </mem-info>
</gc-end>
<cycle-end id="2576" type="partial gc" contextid="2569" timestamp="2019-08-11T05:39:12.642" />
  <attribute name="elasticGC enabled" value="1" />
  <attribute name= "numThreadsSpecified" value="16" />
  <attribute name="heapSize specified" value="0" />
  <attribute name="Current GC Util" value="124" />
  <attribute name= "Current Time Running" value="134519" />
  <attribute name ="GC Interval" value="0" />
  <attribute name="ProportionalT" value="22.000000" />
  <attribute name="ProportionalI" value="22.000000" />
  <attribute name="ProportionalH" value="22.000000" />
  <attribute name="Current Error" value="44.000000" />
  <attribute name="IntegralT" value="22.000000" />
  <attribute name="IntegralI" value="22.000000" />
  <attribute name="IntegralH" value="22.000000" />
  <attribute name="DerivativeT" value="44.000000" />
  <attribute name="DerivativeI" value="44.000000" />
  <attribute name="DerivativeH" value="44.000000" />
  <attribute name="Loop Time for DT" value="1.000000" />
  <attribute name="Output H" value="8388608"/>
  <attribute name="Output I" value="200"/>
  <attribute name="Output T" value="16"/>
  <attribute name="Target GC Util Change" value ="80.000000" />
  <attribute name="Current GC Util Change" value="124.000000"/>
  <attribute name="GC Util currently" value="124" />
  <attribute name="CPU Util currently" value="1930522356057" />
<exclusive-end id="2577" timestamp="2019-08-11T05:39:12.642" durationms="9.495" />

<exclusive-start id="2578" timestamp="2019-08-11T05:39:12.661" intervalms="28.703">
  <response-info timems="0.016" idlems="0.016" threads="0" lastid="000000000239EF00" lastname="main" />
</exclusive-start>
<allocation-taxation id="2579" taxation-threshold="62914560" timestamp="2019-08-11T05:39:12.661" intervalms="28.697" />
<cycle-start id="2580" type="partial gc" contextid="0" timestamp="2019-08-11T05:39:12.661" intervalms="28.717" />
<gc-start id="2581" type="partial gc" contextid="2580" timestamp="2019-08-11T05:39:12.662">
  <mem-info id="2582" free="69206016" total="226492416" percent="30">
    <mem type="eden" free="0" total="62914560" percent="0" />
    <remembered-set count="4384" freebytes="9037184" totalbytes="9054720" percent="99" regionsoverflowed="0" regionsstable="9" regionsrebuilding="0"/>
  </mem-info>
</gc-start>
<allocation-stats totalBytes="62827776" >
  <allocated-bytes non-tlh="0" tlh="62827776" arrayletleaf="0"/>
  <largest-consumer threadName="main" threadId="000000000239EF00" bytes="62827776" />
</allocation-stats>
<gc-op id="2583" type="copy forward" timems="1.463" contextid="2580" timestamp="2019-08-11T05:39:12.664">
  <memory-copied type="eden" objects="4" bytes="112" bytesdiscarded="0" />
  <memory-copied type="other" objects="22" bytes="1232" bytesdiscarded="0" />
  <memory-cardclean objects="45" bytes="1632" />
  <regions eden="30" other="1" />
  <remembered-set-cleared processed="498" cleared="6" durationms="0.249" />
  <stringconstants candidates="13725" cleared="0"  />
</gc-op>
<gc-op id="2584" type="classunload" timems="0.004" contextid="2580" timestamp="2019-08-11T05:39:12.664">
  <classunload-info classloadercandidates="54" classloadersunloaded="0" classesunloaded="0" anonymousclassesunloaded="0" quiescems="0.000" setupms="0.004" scanms="0.000" postms="0.000" />
</gc-op>
<gc-end id="2585" type="partial gc" contextid="2580" durationms="2.531" usertimems="3.517" systemtimems="0.000" timestamp="2019-08-11T05:39:12.664" activeThreads="1">
  <mem-info id="2586" free="130023424" total="226492416" percent="57">
    <mem type="eden" free="2097040" total="2097152" percent="99" />
    <remembered-set count="4576" freebytes="9036416" totalbytes="9054720" percent="99" regionsoverflowed="0" regionsstable="9" regionsrebuilding="0"/>
  </mem-info>
</gc-end>
<cycle-end id="2587" type="partial gc" contextid="2580" timestamp="2019-08-11T05:39:12.664" />
  <attribute name="elasticGC enabled" value="1" />
  <attribute name= "numThreadsSpecified" value="1" />
  <attribute name="heapSize specified" value="0" />
  <attribute name="Current GC Util" value="108" />
  <attribute name= "Current Time Running" value="134547" />
  <attribute name ="GC Interval" value="0" />
  <attribute name="ProportionalT" value="14.000000" />
  <attribute name="ProportionalI" value="14.000000" />
  <attribute name="ProportionalH" value="14.000000" />
  <attribute name="Current Error" value="28.000000" />
  <attribute name="IntegralT" value="0.000000" />
  <attribute name="IntegralI" value="0.000000" />
  <attribute name="IntegralH" value="0.000000" />
  <attribute name="DerivativeT" value="inf" />
  <attribute name="DerivativeI" value="inf" />
  <attribute name="DerivativeH" value="inf" />
  <attribute name="Loop Time for DT" value="0.000000" />
  <attribute name="Output H" value="8388608"/>
  <attribute name="Output I" value="200"/>
  <attribute name="Output T" value="1"/>
  <attribute name="Target GC Util Change" value ="80.000000" />
  <attribute name="Current GC Util Change" value="108.000000"/>
  <attribute name="GC Util currently" value="108" />
  <attribute name="CPU Util currently" value="1711937553190" />
<exclusive-end id="2588" timestamp="2019-08-11T05:39:12.664" durationms="3.038" />

<exclusive-start id="2589" timestamp="2019-08-11T05:39:12.684" intervalms="23.027">
  <response-info timems="0.014" idlems="0.014" threads="0" lastid="000000000239EF00" lastname="main" />
</exclusive-start>
<allocation-taxation id="2590" taxation-threshold="62914560" timestamp="2019-08-11T05:39:12.684" intervalms="23.069" />
<cycle-start id="2591" type="partial gc" contextid="0" timestamp="2019-08-11T05:39:12.684" intervalms="23.042" />
<gc-start id="2592" type="partial gc" contextid="2591" timestamp="2019-08-11T05:39:12.685">
  <mem-info id="2593" free="67108864" total="226492416" percent="29">
    <mem type="eden" free="2097040" total="65011712" percent="3" />
    <remembered-set count="4288" freebytes="9037568" totalbytes="9054720" percent="99" regionsoverflowed="0" regionsstable="9" regionsrebuilding="0"/>
  </mem-info>
</gc-start>
<allocation-stats totalBytes="62827776" >
  <allocated-bytes non-tlh="0" tlh="62827776" arrayletleaf="0"/>
  <largest-consumer threadName="main" threadId="000000000239EF00" bytes="62827776" />
</allocation-stats>
<gc-op id="2594" type="copy forward" timems="1.585" contextid="2591" timestamp="2019-08-11T05:39:12.687">
  <memory-copied type="eden" objects="4" bytes="112" bytesdiscarded="0" />
  <memory-copied type="other" objects="0" bytes="0" bytesdiscarded="0" />
  <memory-cardclean objects="9" bytes="208" />
  <regions eden="30" other="1" />
  <remembered-set-cleared processed="503" cleared="1" durationms="0.242" />
  <stringconstants candidates="13725" cleared="0"  />
</gc-op>
<gc-op id="2595" type="classunload" timems="0.002" contextid="2591" timestamp="2019-08-11T05:39:12.687">
  <classunload-info classloadercandidates="54" classloadersunloaded="0" classesunloaded="0" anonymousclassesunloaded="0" quiescems="0.000" setupms="0.002" scanms="0.000" postms="0.000" />
</gc-op>
<heap-resize id="2596" type="expand" space="default" amount="14680064" count="1" timems="0.127" reason="excessive time being spent in gc" timestamp="2019-08-11T05:39:12.687" />
<gc-end id="2597" type="partial gc" contextid="2591" durationms="2.662" usertimems="4.350" systemtimems="0.000" timestamp="2019-08-11T05:39:12.687" activeThreads="1">
  <mem-info id="2598" free="144703488" total="241172480" percent="60">
    <mem type="eden" free="2097040" total="2097152" percent="99" />
    <remembered-set count="4800" freebytes="9622400" totalbytes="9641600" percent="99" regionsoverflowed="0" regionsstable="9" regionsrebuilding="0"/>
  </mem-info>
</gc-end>
<cycle-end id="2599" type="partial gc" contextid="2591" timestamp="2019-08-11T05:39:12.687" />
  <attribute name="elasticGC enabled" value="1" />
  <attribute name= "numThreadsSpecified" value="1" />
  <attribute name="heapSize specified" value="0" />
  <attribute name="Current GC Util" value="208" />
  <attribute name= "Current Time Running" value="134570" />
  <attribute name ="GC Interval" value="0" />
  <attribute name="ProportionalT" value="64.000000" />
  <attribute name="ProportionalI" value="64.000000" />
  <attribute name="ProportionalH" value="64.000000" />
  <attribute name="Current Error" value="128.000000" />
  <attribute name="IntegralT" value="0.000000" />
  <attribute name="IntegralI" value="0.000000" />
  <attribute name="IntegralH" value="0.000000" />
  <attribute name="DerivativeT" value="inf" />
  <attribute name="DerivativeI" value="inf" />
  <attribute name="DerivativeH" value="inf" />
  <attribute name="Loop Time for DT" value="0.000000" />
  <attribute name="Output H" value="8388608"/>
  <attribute name="Output I" value="200"/>
  <attribute name="Output T" value="1"/>
  <attribute name="Target GC Util Change" value ="80.000000" />
  <attribute name="Current GC Util Change" value="208.000000"/>
  <attribute name="GC Util currently" value="208" />
  <attribute name="CPU Util currently" value="2159231135030" />
<exclusive-end id="2600" timestamp="2019-08-11T05:39:12.687" durationms="3.157" />

* Round 2 done in 3.957 seconds.
<exclusive-start id="2601" timestamp="2019-08-11T05:39:12.752" intervalms="67.503">
  <response-info timems="0.012" idlems="0.012" threads="0" lastid="000000000239EF00" lastname="main" />
</exclusive-start>
<allocation-taxation id="2602" taxation-threshold="67108864" timestamp="2019-08-11T05:39:12.752" intervalms="67.480" />
<cycle-start id="2603" type="partial gc" contextid="0" timestamp="2019-08-11T05:39:12.752" intervalms="67.562" />
<gc-start id="2604" type="partial gc" contextid="2603" timestamp="2019-08-11T05:39:12.752">
  <mem-info id="2605" free="77594624" total="241172480" percent="32">
    <mem type="eden" free="2097040" total="69206016" percent="3" />
    <remembered-set count="4320" freebytes="9624320" totalbytes="9641600" percent="99" regionsoverflowed="0" regionsstable="9" regionsrebuilding="0"/>
  </mem-info>
</gc-start>
<allocation-stats totalBytes="67087480" >
  <allocated-bytes non-tlh="0" tlh="67087480" arrayletleaf="0"/>
  <largest-consumer threadName="main" threadId="000000000239EF00" bytes="67087480" />
</allocation-stats>
<gc-op id="2606" type="copy forward" timems="7.159" contextid="2603" timestamp="2019-08-11T05:39:12.761">
  <memory-copied type="eden" objects="37" bytes="1256" bytesdiscarded="424" />
  <memory-copied type="other" objects="0" bytes="0" bytesdiscarded="0" />
  <memory-cardclean objects="147" bytes="4376" />
  <regions eden="32" other="1" />
  <remembered-set-cleared processed="503" cleared="10" durationms="0.226" />
  <stringconstants candidates="13725" cleared="0"  />
</gc-op>
<gc-op id="2607" type="classunload" timems="0.004" contextid="2603" timestamp="2019-08-11T05:39:12.761">
  <classunload-info classloadercandidates="54" classloadersunloaded="0" classesunloaded="0" anonymousclassesunloaded="0" quiescems="0.000" setupms="0.004" scanms="0.000" postms="0.000" />
</gc-op>
<gc-end id="2608" type="partial gc" contextid="2603" durationms="8.604" usertimems="20.069" systemtimems="0.000" timestamp="2019-08-11T05:39:12.761" activeThreads="16">
  <mem-info id="2609" free="144703488" total="241172480" percent="60">
    <mem type="eden" free="2095472" total="2097152" percent="99" />
    <remembered-set count="4544" freebytes="9623424" totalbytes="9641600" percent="99" regionsoverflowed="0" regionsstable="9" regionsrebuilding="0"/>
  </mem-info>
</gc-end>
<cycle-end id="2610" type="partial gc" contextid="2603" timestamp="2019-08-11T05:39:12.761" />
  <attribute name="elasticGC enabled" value="1" />
  <attribute name= "numThreadsSpecified" value="16" />
  <attribute name="heapSize specified" value="0" />
  <attribute name="Current GC Util" value="332" />
  <attribute name= "Current Time Running" value="134638" />
  <attribute name ="GC Interval" value="0" />
  <attribute name="ProportionalT" value="126.000000" />
  <attribute name="ProportionalI" value="126.000000" />
  <attribute name="ProportionalH" value="126.000000" />
  <attribute name="Current Error" value="252.000000" />
  <attribute name="IntegralT" value="126.000000" />
  <attribute name="IntegralI" value="126.000000" />
  <attribute name="IntegralH" value="126.000000" />
  <attribute name="DerivativeT" value="252.000000" />
  <attribute name="DerivativeI" value="252.000000" />
  <attribute name="DerivativeH" value="252.000000" />
  <attribute name="Loop Time for DT" value="1.000000" />
  <attribute name="Output H" value="8388608"/>
  <attribute name="Output I" value="504"/>
  <attribute name="Output T" value="16"/>
  <attribute name="Target GC Util Change" value ="80.000000" />
  <attribute name="Current GC Util Change" value="332.000000"/>
  <attribute name="GC Util currently" value="332" />
  <attribute name="CPU Util currently" value="1273015169581" />
<exclusive-end id="2611" timestamp="2019-08-11T05:39:12.761" durationms="9.258" />

<exclusive-start id="2612" timestamp="2019-08-11T05:39:12.960" intervalms="207.936">
  <response-info timems="0.015" idlems="0.015" threads="0" lastid="000000000239EF00" lastname="main" />
</exclusive-start>
<allocation-taxation id="2613" taxation-threshold="67108864" timestamp="2019-08-11T05:39:12.960" intervalms="207.941" />
<cycle-start id="2614" type="partial gc" contextid="0" timestamp="2019-08-11T05:39:12.960" intervalms="207.971" />
<gc-start id="2615" type="partial gc" contextid="2614" timestamp="2019-08-11T05:39:12.960">
  <mem-info id="2616" free="77594624" total="241172480" percent="32">
    <mem type="eden" free="0" total="67108864" percent="0" />
    <remembered-set count="4544" freebytes="9623424" totalbytes="9641600" percent="99" regionsoverflowed="0" regionsstable="9" regionsrebuilding="0"/>
  </mem-info>
</gc-start>
<allocation-stats totalBytes="66874912" >
  <allocated-bytes non-tlh="0" tlh="66874912" arrayletleaf="0"/>
  <largest-consumer threadName="main" threadId="000000000239EF00" bytes="66874912" />
</allocation-stats>
<gc-op id="2617" type="copy forward" timems="6.448" contextid="2614" timestamp="2019-08-11T05:39:12.968">
  <memory-copied type="eden" objects="69" bytes="2928" bytesdiscarded="480" />
  <memory-copied type="other" objects="20" bytes="664" bytesdiscarded="2056" />
  <memory-cardclean objects="161" bytes="4592" />
  <regions eden="32" other="1" />
  <remembered-set-cleared processed="499" cleared="14" durationms="0.114" />
  <stringconstants candidates="13725" cleared="0"  />
</gc-op>
<gc-op id="2618" type="classunload" timems="0.005" contextid="2614" timestamp="2019-08-11T05:39:12.968">
  <classunload-info classloadercandidates="54" classloadersunloaded="0" classesunloaded="0" anonymousclassesunloaded="0" quiescems="0.000" setupms="0.004" scanms="0.000" postms="0.000" />
</gc-op>
<gc-end id="2619" type="partial gc" contextid="2614" durationms="8.126" usertimems="17.441" systemtimems="0.000" timestamp="2019-08-11T05:39:12.968" activeThreads="16">
  <mem-info id="2620" free="142606336" total="241172480" percent="59">
    <mem type="eden" free="2093744" total="2097152" percent="99" />
    <remembered-set count="5536" freebytes="9619456" totalbytes="9641600" percent="99" regionsoverflowed="0" regionsstable="9" regionsrebuilding="0"/>
  </mem-info>
</gc-end>
<cycle-end id="2621" type="partial gc" contextid="2614" timestamp="2019-08-11T05:39:12.968" />
  <attribute name="elasticGC enabled" value="1" />
  <attribute name= "numThreadsSpecified" value="16" />
  <attribute name="heapSize specified" value="0" />
  <attribute name="Current GC Util" value="174" />
  <attribute name= "Current Time Running" value="134847" />
  <attribute name ="GC Interval" value="0" />
  <attribute name="ProportionalT" value="47.000000" />
  <attribute name="ProportionalI" value="47.000000" />
  <attribute name="ProportionalH" value="47.000000" />
  <attribute name="Current Error" value="94.000000" />
  <attribute name="IntegralT" value="94.000000" />
  <attribute name="IntegralI" value="94.000000" />
  <attribute name="IntegralH" value="94.000000" />
  <attribute name="DerivativeT" value="47.000000" />
  <attribute name="DerivativeI" value="47.000000" />
  <attribute name="DerivativeH" value="47.000000" />
  <attribute name="Loop Time for DT" value="2.000000" />
  <attribute name="Output H" value="8388608"/>
  <attribute name="Output I" value="200"/>
  <attribute name="Output T" value="16"/>
  <attribute name="Target GC Util Change" value ="80.000000" />
  <attribute name="Current GC Util Change" value="174.000000"/>
  <attribute name="GC Util currently" value="174" />
  <attribute name="CPU Util currently" value="980148693828" />
<exclusive-end id="2622" timestamp="2019-08-11T05:39:12.969" durationms="8.894" />

<exclusive-start id="2623" timestamp="2019-08-11T05:39:12.991" intervalms="31.755">
  <response-info timems="0.015" idlems="0.015" threads="0" lastid="000000000239EF00" lastname="main" />
</exclusive-start>
<allocation-taxation id="2624" taxation-threshold="67108864" timestamp="2019-08-11T05:39:12.992" intervalms="31.741" />
<cycle-start id="2625" type="partial gc" contextid="0" timestamp="2019-08-11T05:39:12.992" intervalms="31.664" />
<gc-start id="2626" type="partial gc" contextid="2625" timestamp="2019-08-11T05:39:12.992">
  <mem-info id="2627" free="75497472" total="241172480" percent="31">
    <mem type="eden" free="0" total="67108864" percent="0" />
    <remembered-set count="5056" freebytes="9621376" totalbytes="9641600" percent="99" regionsoverflowed="0" regionsstable="9" regionsrebuilding="0"/>
  </mem-info>
</gc-start>
<allocation-stats totalBytes="66885448" >
  <allocated-bytes non-tlh="0" tlh="66885448" arrayletleaf="0"/>
  <largest-consumer threadName="main" threadId="000000000239EF00" bytes="66885448" />
</allocation-stats>
<gc-op id="2628" type="copy forward" timems="7.913" contextid="2625" timestamp="2019-08-11T05:39:13.001">
  <memory-copied type="eden" objects="2" bytes="56" bytesdiscarded="736" />
  <memory-copied type="other" objects="67" bytes="2872" bytesdiscarded="960" />
  <memory-cardclean objects="59" bytes="1960" />
  <regions eden="32" other="1" />
  <remembered-set-cleared processed="504" cleared="10" durationms="0.114" />
  <stringconstants candidates="13725" cleared="0"  />
</gc-op>
<gc-op id="2629" type="classunload" timems="0.005" contextid="2625" timestamp="2019-08-11T05:39:13.001">
  <classunload-info classloadercandidates="54" classloadersunloaded="0" classesunloaded="0" anonymousclassesunloaded="0" quiescems="0.000" setupms="0.005" scanms="0.000" postms="0.000" />
</gc-op>
<gc-end id="2630" type="partial gc" contextid="2625" durationms="9.006" usertimems="22.456" systemtimems="0.000" timestamp="2019-08-11T05:39:13.001" activeThreads="16">
  <mem-info id="2631" free="140509184" total="241172480" percent="58">
    <mem type="eden" free="2096360" total="2097152" percent="99" />
    <remembered-set count="4640" freebytes="9623040" totalbytes="9641600" percent="99" regionsoverflowed="0" regionsstable="9" regionsrebuilding="0"/>
  </mem-info>
</gc-end>
<cycle-end id="2632" type="partial gc" contextid="2625" timestamp="2019-08-11T05:39:13.001" />
  <attribute name="elasticGC enabled" value="1" />
  <attribute name= "numThreadsSpecified" value="16" />
  <attribute name="heapSize specified" value="0" />
  <attribute name="Current GC Util" value="132" />
  <attribute name= "Current Time Running" value="134878" />
  <attribute name ="GC Interval" value="0" />
  <attribute name="ProportionalT" value="26.000000" />
  <attribute name="ProportionalI" value="26.000000" />
  <attribute name="ProportionalH" value="26.000000" />
  <attribute name="Current Error" value="52.000000" />
  <attribute name="IntegralT" value="26.000000" />
  <attribute name="IntegralI" value="26.000000" />
  <attribute name="IntegralH" value="26.000000" />
  <attribute name="DerivativeT" value="52.000000" />
  <attribute name="DerivativeI" value="52.000000" />
  <attribute name="DerivativeH" value="52.000000" />
  <attribute name="Loop Time for DT" value="1.000000" />
  <attribute name="Output H" value="8388608"/>
  <attribute name="Output I" value="200"/>
  <attribute name="Output T" value="16"/>
  <attribute name="Target GC Util Change" value ="80.000000" />
  <attribute name="Current GC Util Change" value="132.000000"/>
  <attribute name="GC Util currently" value="132" />
  <attribute name="CPU Util currently" value="1727425023874" />
<exclusive-end id="2633" timestamp="2019-08-11T05:39:13.001" durationms="9.659" />

<exclusive-start id="2634" timestamp="2019-08-11T05:39:13.024" intervalms="32.907">
  <response-info timems="0.013" idlems="0.013" threads="0" lastid="000000000239EF00" lastname="main" />
</exclusive-start>
<allocation-taxation id="2635" taxation-threshold="67108864" timestamp="2019-08-11T05:39:13.024" intervalms="32.904" />
<cycle-start id="2636" type="partial gc" contextid="0" timestamp="2019-08-11T05:39:13.025" intervalms="32.900" />
<gc-start id="2637" type="partial gc" contextid="2636" timestamp="2019-08-11T05:39:13.025">
  <mem-info id="2638" free="73400320" total="241172480" percent="30">
    <mem type="eden" free="2096360" total="69206016" percent="3" />
    <remembered-set count="4192" freebytes="9624832" totalbytes="9641600" percent="99" regionsoverflowed="0" regionsstable="9" regionsrebuilding="0"/>
  </mem-info>
</gc-start>
<allocation-stats totalBytes="66885448" >
  <allocated-bytes non-tlh="0" tlh="66885448" arrayletleaf="0"/>
  <largest-consumer threadName="main" threadId="000000000239EF00" bytes="66885448" />
</allocation-stats>
<gc-op id="2639" type="copy forward" timems="7.544" contextid="2636" timestamp="2019-08-11T05:39:13.034">
  <memory-copied type="eden" objects="2" bytes="56" bytesdiscarded="0" />
  <memory-copied type="other" objects="0" bytes="0" bytesdiscarded="0" />
  <memory-cardclean objects="16" bytes="432" />
  <regions eden="32" other="1" />
  <remembered-set-cleared processed="509" cleared="1" durationms="0.165" />
  <stringconstants candidates="13725" cleared="0"  />
</gc-op>
<gc-op id="2640" type="classunload" timems="0.008" contextid="2636" timestamp="2019-08-11T05:39:13.034">
  <classunload-info classloadercandidates="54" classloadersunloaded="0" classesunloaded="0" anonymousclassesunloaded="0" quiescems="0.000" setupms="0.007" scanms="0.000" postms="0.000" />
</gc-op>
<gc-end id="2641" type="partial gc" contextid="2636" durationms="8.971" usertimems="19.811" systemtimems="0.000" timestamp="2019-08-11T05:39:13.034" activeThreads="16">
  <mem-info id="2642" free="140509184" total="241172480" percent="58">
    <mem type="eden" free="2097096" total="2097152" percent="99" />
    <remembered-set count="3808" freebytes="9626368" totalbytes="9641600" percent="99" regionsoverflowed="0" regionsstable="9" regionsrebuilding="0"/>
  </mem-info>
</gc-end>
<cycle-end id="2643" type="partial gc" contextid="2636" timestamp="2019-08-11T05:39:13.034" />
  <attribute name="elasticGC enabled" value="1" />
  <attribute name= "numThreadsSpecified" value="16" />
  <attribute name="heapSize specified" value="0" />
  <attribute name="Current GC Util" value="205" />
  <attribute name= "Current Time Running" value="134911" />
  <attribute name ="GC Interval" value="0" />
  <attribute name="ProportionalT" value="62.500000" />
  <attribute name="ProportionalI" value="62.500000" />
  <attribute name="ProportionalH" value="62.500000" />
  <attribute name="Current Error" value="125.000000" />
  <attribute name="IntegralT" value="62.500000" />
  <attribute name="IntegralI" value="62.500000" />
  <attribute name="IntegralH" value="62.500000" />
  <attribute name="DerivativeT" value="125.000000" />
  <attribute name="DerivativeI" value="125.000000" />
  <attribute name="DerivativeH" value="125.000000" />
  <attribute name="Loop Time for DT" value="1.000000" />
  <attribute name="Output H" value="8388608"/>
  <attribute name="Output I" value="256"/>
  <attribute name="Output T" value="16"/>
  <attribute name="Target GC Util Change" value ="80.000000" />
  <attribute name="Current GC Util Change" value="205.000000"/>
  <attribute name="GC Util currently" value="205" />
  <attribute name="CPU Util currently" value="1210751813768" />
<exclusive-end id="2644" timestamp="2019-08-11T05:39:13.034" durationms="9.599" />

<exclusive-start id="2645" timestamp="2019-08-11T05:39:13.055" intervalms="30.797">
  <response-info timems="0.016" idlems="0.016" threads="0" lastid="000000000239EF00" lastname="main" />
</exclusive-start>
<allocation-taxation id="2646" taxation-threshold="67108864" timestamp="2019-08-11T05:39:13.055" intervalms="30.799" />
<cycle-start id="2647" type="partial gc" contextid="0" timestamp="2019-08-11T05:39:13.055" intervalms="30.780" />
<gc-start id="2648" type="partial gc" contextid="2647" timestamp="2019-08-11T05:39:13.056">
  <mem-info id="2649" free="73400320" total="241172480" percent="30">
    <mem type="eden" free="2097096" total="69206016" percent="3" />
    <remembered-set count="3328" freebytes="9628288" totalbytes="9641600" percent="99" regionsoverflowed="0" regionsstable="9" regionsrebuilding="0"/>
  </mem-info>
</gc-start>
<allocation-stats totalBytes="66885472" >
  <allocated-bytes non-tlh="0" tlh="66885472" arrayletleaf="0"/>
  <largest-consumer threadName="main" threadId="000000000239EF00" bytes="66885472" />
</allocation-stats>
<gc-op id="2650" type="copy forward" timems="7.040" contextid="2647" timestamp="2019-08-11T05:39:13.064">
  <memory-copied type="eden" objects="2" bytes="56" bytesdiscarded="0" />
  <memory-copied type="other" objects="0" bytes="0" bytesdiscarded="0" />
  <memory-cardclean objects="16" bytes="432" />
  <regions eden="32" other="1" />
  <remembered-set-cleared processed="509" cleared="1" durationms="0.100" />
  <stringconstants candidates="13725" cleared="0"  />
</gc-op>
<gc-op id="2651" type="classunload" timems="0.004" contextid="2647" timestamp="2019-08-11T05:39:13.064">
  <classunload-info classloadercandidates="54" classloadersunloaded="0" classesunloaded="0" anonymousclassesunloaded="0" quiescems="0.000" setupms="0.004" scanms="0.000" postms="0.000" />
</gc-op>
<heap-resize id="2652" type="expand" space="default" amount="10485760" count="1" timems="0.117" reason="excessive time being spent in gc" timestamp="2019-08-11T05:39:13.064" />
<gc-end id="2653" type="partial gc" contextid="2647" durationms="8.544" usertimems="19.721" systemtimems="0.000" timestamp="2019-08-11T05:39:13.064" activeThreads="16">
  <mem-info id="2654" free="150994944" total="251658240" percent="60">
    <mem type="eden" free="2097096" total="2097152" percent="99" />
    <remembered-set count="3808" freebytes="10045568" totalbytes="10060800" percent="99" regionsoverflowed="0" regionsstable="9" regionsrebuilding="0"/>
  </mem-info>
</gc-end>
<cycle-end id="2655" type="partial gc" contextid="2647" timestamp="2019-08-11T05:39:13.064" />
  <attribute name="elasticGC enabled" value="1" />
  <attribute name= "numThreadsSpecified" value="16" />
  <attribute name="heapSize specified" value="0" />
  <attribute name="Current GC Util" value="240" />
  <attribute name= "Current Time Running" value="134942" />
  <attribute name ="GC Interval" value="0" />
  <attribute name="ProportionalT" value="80.000000" />
  <attribute name="ProportionalI" value="80.000000" />
  <attribute name="ProportionalH" value="80.000000" />
  <attribute name="Current Error" value="160.000000" />
  <attribute name="IntegralT" value="80.000000" />
  <attribute name="IntegralI" value="80.000000" />
  <attribute name="IntegralH" value="80.000000" />
  <attribute name="DerivativeT" value="160.000000" />
  <attribute name="DerivativeI" value="160.000000" />
  <attribute name="DerivativeH" value="160.000000" />
  <attribute name="Loop Time for DT" value="1.000000" />
  <attribute name="Output H" value="8388608"/>
  <attribute name="Output I" value="320"/>
  <attribute name="Output T" value="16"/>
  <attribute name="Target GC Util Change" value ="80.000000" />
  <attribute name="Current GC Util Change" value="240.000000"/>
  <attribute name="GC Util currently" value="240" />
  <attribute name="CPU Util currently" value="1406080663074" />
<exclusive-end id="2656" timestamp="2019-08-11T05:39:13.064" durationms="9.189" />

<exclusive-start id="2657" timestamp="2019-08-11T05:39:13.086" intervalms="30.513">
  <response-info timems="0.014" idlems="0.014" threads="0" lastid="000000000239EF00" lastname="main" />
</exclusive-start>
<allocation-taxation id="2658" taxation-threshold="69206016" timestamp="2019-08-11T05:39:13.086" intervalms="30.510" />
<cycle-start id="2659" type="partial gc" contextid="0" timestamp="2019-08-11T05:39:13.086" intervalms="30.621" />
<gc-start id="2660" type="partial gc" contextid="2659" timestamp="2019-08-11T05:39:13.086">
  <mem-info id="2661" free="81788928" total="251658240" percent="32">
    <mem type="eden" free="2097096" total="71303168" percent="2" />
    <remembered-set count="3328" freebytes="10047488" totalbytes="10060800" percent="99" regionsoverflowed="0" regionsstable="9" regionsrebuilding="0"/>
  </mem-info>
</gc-start>
<allocation-stats totalBytes="68975736" >
  <allocated-bytes non-tlh="0" tlh="68975736" arrayletleaf="0"/>
  <largest-consumer threadName="main" threadId="000000000239EF00" bytes="68975736" />
</allocation-stats>
<gc-op id="2662" type="copy forward" timems="7.471" contextid="2659" timestamp="2019-08-11T05:39:13.095">
  <memory-copied type="eden" objects="2" bytes="56" bytesdiscarded="736" />
  <memory-copied type="other" objects="67" bytes="2872" bytesdiscarded="1128" />
  <memory-cardclean objects="59" bytes="1960" />
  <regions eden="33" other="2" />
  <remembered-set-cleared processed="504" cleared="10" durationms="0.112" />
  <stringconstants candidates="13725" cleared="0"  />
</gc-op>
<gc-op id="2663" type="classunload" timems="0.005" contextid="2659" timestamp="2019-08-11T05:39:13.095">
  <classunload-info classloadercandidates="54" classloadersunloaded="0" classesunloaded="0" anonymousclassesunloaded="0" quiescems="0.000" setupms="0.005" scanms="0.000" postms="0.000" />
</gc-op>
<gc-end id="2664" type="partial gc" contextid="2659" durationms="9.143" usertimems="20.926" systemtimems="0.000" timestamp="2019-08-11T05:39:13.095" activeThreads="16">
  <mem-info id="2665" free="150994944" total="251658240" percent="60">
    <mem type="eden" free="2096360" total="2097152" percent="99" />
    <remembered-set count="5152" freebytes="10040192" totalbytes="10060800" percent="99" regionsoverflowed="0" regionsstable="9" regionsrebuilding="0"/>
  </mem-info>
</gc-end>
<cycle-end id="2666" type="partial gc" contextid="2659" timestamp="2019-08-11T05:39:13.095" />
  <attribute name="elasticGC enabled" value="1" />
  <attribute name= "numThreadsSpecified" value="16" />
  <attribute name="heapSize specified" value="0" />
  <attribute name="Current GC Util" value="196" />
  <attribute name= "Current Time Running" value="134973" />
  <attribute name ="GC Interval" value="0" />
  <attribute name="ProportionalT" value="58.000000" />
  <attribute name="ProportionalI" value="58.000000" />
  <attribute name="ProportionalH" value="58.000000" />
  <attribute name="Current Error" value="116.000000" />
  <attribute name="IntegralT" value="116.000000" />
  <attribute name="IntegralI" value="116.000000" />
  <attribute name="IntegralH" value="116.000000" />
  <attribute name="DerivativeT" value="58.000000" />
  <attribute name="DerivativeI" value="58.000000" />
  <attribute name="DerivativeH" value="58.000000" />
  <attribute name="Loop Time for DT" value="2.000000" />
  <attribute name="Output H" value="8388608"/>
  <attribute name="Output I" value="232"/>
  <attribute name="Output T" value="16"/>
  <attribute name="Target GC Util Change" value ="80.000000" />
  <attribute name="Current GC Util Change" value="196.000000"/>
  <attribute name="GC Util currently" value="196" />
  <attribute name="CPU Util currently" value="1068237967266" />
<exclusive-end id="2667" timestamp="2019-08-11T05:39:13.095" durationms="9.807" />

<exclusive-start id="2668" timestamp="2019-08-11T05:39:13.120" intervalms="33.946">
  <response-info timems="0.014" idlems="0.014" threads="0" lastid="000000000239EF00" lastname="main" />
</exclusive-start>
<allocation-taxation id="2669" taxation-threshold="69206016" timestamp="2019-08-11T05:39:13.120" intervalms="33.941" />
<cycle-start id="2670" type="partial gc" contextid="0" timestamp="2019-08-11T05:39:13.120" intervalms="33.814" />
<gc-start id="2671" type="partial gc" contextid="2670" timestamp="2019-08-11T05:39:13.120">
  <mem-info id="2672" free="81788928" total="251658240" percent="32">
    <mem type="eden" free="2096360" total="71303168" percent="2" />
    <remembered-set count="4672" freebytes="10042112" totalbytes="10060800" percent="99" regionsoverflowed="0" regionsstable="9" regionsrebuilding="0"/>
  </mem-info>
</gc-start>
<allocation-stats totalBytes="68975736" >
  <allocated-bytes non-tlh="0" tlh="68975736" arrayletleaf="0"/>
  <largest-consumer threadName="main" threadId="000000000239EF00" bytes="68975736" />
</allocation-stats>
<gc-op id="2673" type="copy forward" timems="6.987" contextid="2670" timestamp="2019-08-11T05:39:13.128">
  <memory-copied type="eden" objects="2" bytes="56" bytesdiscarded="0" />
  <memory-copied type="other" objects="67" bytes="2872" bytesdiscarded="336" />
  <memory-cardclean objects="59" bytes="1960" />
  <regions eden="33" other="2" />
  <remembered-set-cleared processed="504" cleared="10" durationms="0.107" />
  <stringconstants candidates="13725" cleared="0"  />
</gc-op>
<gc-op id="2674" type="classunload" timems="0.008" contextid="2670" timestamp="2019-08-11T05:39:13.128">
  <classunload-info classloadercandidates="54" classloadersunloaded="0" classesunloaded="0" anonymousclassesunloaded="0" quiescems="0.000" setupms="0.007" scanms="0.000" postms="0.000" />
</gc-op>
<gc-end id="2675" type="partial gc" contextid="2670" durationms="8.619" usertimems="18.054" systemtimems="0.000" timestamp="2019-08-11T05:39:13.129" activeThreads="16">
  <mem-info id="2676" free="150994944" total="251658240" percent="60">
    <mem type="eden" free="2097096" total="2097152" percent="99" />
    <remembered-set count="4640" freebytes="10042240" totalbytes="10060800" percent="99" regionsoverflowed="0" regionsstable="9" regionsrebuilding="0"/>
  </mem-info>
</gc-end>
<cycle-end id="2677" type="partial gc" contextid="2670" timestamp="2019-08-11T05:39:13.129" />
  <attribute name="elasticGC enabled" value="1" />
  <attribute name= "numThreadsSpecified" value="16" />
  <attribute name="heapSize specified" value="0" />
  <attribute name="Current GC Util" value="192" />
  <attribute name= "Current Time Running" value="135006" />
  <attribute name ="GC Interval" value="0" />
  <attribute name="ProportionalT" value="56.000000" />
  <attribute name="ProportionalI" value="56.000000" />
  <attribute name="ProportionalH" value="56.000000" />
  <attribute name="Current Error" value="112.000000" />
  <attribute name="IntegralT" value="56.000000" />
  <attribute name="IntegralI" value="56.000000" />
  <attribute name="IntegralH" value="56.000000" />
  <attribute name="DerivativeT" value="112.000000" />
  <attribute name="DerivativeI" value="112.000000" />
  <attribute name="DerivativeH" value="112.000000" />
  <attribute name="Loop Time for DT" value="1.000000" />
  <attribute name="Output H" value="8388608"/>
  <attribute name="Output I" value="224"/>
  <attribute name="Output T" value="16"/>
  <attribute name="Target GC Util Change" value ="80.000000" />
  <attribute name="Current GC Util Change" value="192.000000"/>
  <attribute name="GC Util currently" value="192" />
  <attribute name="CPU Util currently" value="988291813464" />
<exclusive-end id="2678" timestamp="2019-08-11T05:39:13.129" durationms="9.196" />

<exclusive-start id="2679" timestamp="2019-08-11T05:39:13.151" intervalms="31.427">
  <response-info timems="0.015" idlems="0.015" threads="0" lastid="000000000239EF00" lastname="main" />
</exclusive-start>
<allocation-taxation id="2680" taxation-threshold="69206016" timestamp="2019-08-11T05:39:13.151" intervalms="31.444" />
<cycle-start id="2681" type="partial gc" contextid="0" timestamp="2019-08-11T05:39:13.151" intervalms="31.455" />
<gc-start id="2682" type="partial gc" contextid="2681" timestamp="2019-08-11T05:39:13.151">
  <mem-info id="2683" free="81788928" total="251658240" percent="32">
    <mem type="eden" free="2097096" total="71303168" percent="2" />
    <remembered-set count="4160" freebytes="10044160" totalbytes="10060800" percent="99" regionsoverflowed="0" regionsstable="9" regionsrebuilding="0"/>
  </mem-info>
</gc-start>
<allocation-stats totalBytes="68975760" >
  <allocated-bytes non-tlh="0" tlh="68975760" arrayletleaf="0"/>
  <largest-consumer threadName="main" threadId="000000000239EF00" bytes="68975760" />
</allocation-stats>
<gc-op id="2684" type="copy forward" timems="1.915" contextid="2681" timestamp="2019-08-11T05:39:13.154">
  <memory-copied type="eden" objects="2" bytes="56" bytesdiscarded="0" />
  <memory-copied type="other" objects="67" bytes="2872" bytesdiscarded="0" />
  <memory-cardclean objects="59" bytes="1960" />
  <regions eden="33" other="2" />
  <remembered-set-cleared processed="503" cleared="9" durationms="0.395" />
  <stringconstants candidates="13725" cleared="0"  />
</gc-op>
<gc-op id="2685" type="classunload" timems="0.005" contextid="2681" timestamp="2019-08-11T05:39:13.154">
  <classunload-info classloadercandidates="54" classloadersunloaded="0" classesunloaded="0" anonymousclassesunloaded="0" quiescems="0.000" setupms="0.005" scanms="0.000" postms="0.000" />
</gc-op>
<gc-end id="2686" type="partial gc" contextid="2681" durationms="2.954" usertimems="3.806" systemtimems="0.000" timestamp="2019-08-11T05:39:13.154" activeThreads="1">
  <mem-info id="2687" free="150994944" total="251658240" percent="60">
    <mem type="eden" free="2097096" total="2097152" percent="99" />
    <remembered-set count="4320" freebytes="10043520" totalbytes="10060800" percent="99" regionsoverflowed="0" regionsstable="9" regionsrebuilding="0"/>
  </mem-info>
</gc-end>
<cycle-end id="2688" type="partial gc" contextid="2681" timestamp="2019-08-11T05:39:13.154" />
  <attribute name="elasticGC enabled" value="1" />
  <attribute name= "numThreadsSpecified" value="1" />
  <attribute name="heapSize specified" value="0" />
  <attribute name="Current GC Util" value="124" />
  <attribute name= "Current Time Running" value="135037" />
  <attribute name ="GC Interval" value="0" />
  <attribute name="ProportionalT" value="22.000000" />
  <attribute name="ProportionalI" value="22.000000" />
  <attribute name="ProportionalH" value="22.000000" />
  <attribute name="Current Error" value="44.000000" />
  <attribute name="IntegralT" value="0.000000" />
  <attribute name="IntegralI" value="0.000000" />
  <attribute name="IntegralH" value="0.000000" />
  <attribute name="DerivativeT" value="inf" />
  <attribute name="DerivativeI" value="inf" />
  <attribute name="DerivativeH" value="inf" />
  <attribute name="Loop Time for DT" value="0.000000" />
  <attribute name="Output H" value="8388608"/>
  <attribute name="Output I" value="200"/>
  <attribute name="Output T" value="1"/>
  <attribute name="Target GC Util Change" value ="80.000000" />
  <attribute name="Current GC Util Change" value="124.000000"/>
  <attribute name="GC Util currently" value="124" />
  <attribute name="CPU Util currently" value="2025028214705" />
<exclusive-end id="2689" timestamp="2019-08-11T05:39:13.155" durationms="3.513" />

<exclusive-start id="2690" timestamp="2019-08-11T05:39:13.176" intervalms="25.052">
  <response-info timems="0.016" idlems="0.016" threads="0" lastid="000000000239EF00" lastname="main" />
</exclusive-start>
<allocation-taxation id="2691" taxation-threshold="69206016" timestamp="2019-08-11T05:39:13.176" intervalms="25.043" />
<cycle-start id="2692" type="partial gc" contextid="0" timestamp="2019-08-11T05:39:13.176" intervalms="25.037" />
<gc-start id="2693" type="partial gc" contextid="2692" timestamp="2019-08-11T05:39:13.177">
  <mem-info id="2694" free="81788928" total="251658240" percent="32">
    <mem type="eden" free="2097096" total="71303168" percent="2" />
    <remembered-set count="3904" freebytes="10045184" totalbytes="10060800" percent="99" regionsoverflowed="0" regionsstable="9" regionsrebuilding="0"/>
  </mem-info>
</gc-start>
<allocation-stats totalBytes="68975736" >
  <allocated-bytes non-tlh="0" tlh="68975736" arrayletleaf="0"/>
  <largest-consumer threadName="main" threadId="000000000239EF00" bytes="68975736" />
</allocation-stats>
<gc-op id="2695" type="copy forward" timems="6.708" contextid="2692" timestamp="2019-08-11T05:39:13.185">
  <memory-copied type="eden" objects="2" bytes="56" bytesdiscarded="736" />
  <memory-copied type="other" objects="67" bytes="2872" bytesdiscarded="1168" />
  <memory-cardclean objects="59" bytes="1960" />
  <regions eden="33" other="2" />
  <remembered-set-cleared processed="503" cleared="9" durationms="0.151" />
  <stringconstants candidates="13725" cleared="0"  />
</gc-op>
<gc-op id="2696" type="classunload" timems="0.007" contextid="2692" timestamp="2019-08-11T05:39:13.185">
  <classunload-info classloadercandidates="54" classloadersunloaded="0" classesunloaded="0" anonymousclassesunloaded="0" quiescems="0.000" setupms="0.007" scanms="0.000" postms="0.000" />
</gc-op>
<gc-end id="2697" type="partial gc" contextid="2692" durationms="8.309" usertimems="17.874" systemtimems="0.000" timestamp="2019-08-11T05:39:13.185" activeThreads="16">
  <mem-info id="2698" free="150994944" total="251658240" percent="60">
    <mem type="eden" free="2096360" total="2097152" percent="99" />
    <remembered-set count="5152" freebytes="10040192" totalbytes="10060800" percent="99" regionsoverflowed="0" regionsstable="9" regionsrebuilding="0"/>
  </mem-info>
</gc-end>
<cycle-end id="2699" type="partial gc" contextid="2692" timestamp="2019-08-11T05:39:13.185" />
  <attribute name="elasticGC enabled" value="1" />
  <attribute name= "numThreadsSpecified" value="16" />
  <attribute name="heapSize specified" value="0" />
  <attribute name="Current GC Util" value="256" />
  <attribute name= "Current Time Running" value="135063" />
  <attribute name ="GC Interval" value="0" />
  <attribute name="ProportionalT" value="88.000000" />
  <attribute name="ProportionalI" value="88.000000" />
  <attribute name="ProportionalH" value="88.000000" />
  <attribute name="Current Error" value="176.000000" />
  <attribute name="IntegralT" value="88.000000" />
  <attribute name="IntegralI" value="88.000000" />
  <attribute name="IntegralH" value="88.000000" />
  <attribute name="DerivativeT" value="176.000000" />
  <attribute name="DerivativeI" value="176.000000" />
  <attribute name="DerivativeH" value="176.000000" />
  <attribute name="Loop Time for DT" value="1.000000" />
  <attribute name="Output H" value="8388608"/>
  <attribute name="Output I" value="352"/>
  <attribute name="Output T" value="16"/>
  <attribute name="Target GC Util Change" value ="80.000000" />
  <attribute name="Current GC Util Change" value="256.000000"/>
  <attribute name="GC Util currently" value="256" />
  <attribute name="CPU Util currently" value="1143002488082" />
<exclusive-end id="2700" timestamp="2019-08-11T05:39:13.185" durationms="8.900" />

<exclusive-start id="2701" timestamp="2019-08-11T05:39:13.207" intervalms="30.607">
  <response-info timems="0.014" idlems="0.014" threads="0" lastid="000000000239EF00" lastname="main" />
</exclusive-start>
<allocation-taxation id="2702" taxation-threshold="69206016" timestamp="2019-08-11T05:39:13.207" intervalms="30.611" />
<cycle-start id="2703" type="partial gc" contextid="0" timestamp="2019-08-11T05:39:13.207" intervalms="30.632" />
<gc-start id="2704" type="partial gc" contextid="2703" timestamp="2019-08-11T05:39:13.207">
  <mem-info id="2705" free="81788928" total="251658240" percent="32">
    <mem type="eden" free="2096360" total="71303168" percent="2" />
    <remembered-set count="4704" freebytes="10041984" totalbytes="10060800" percent="99" regionsoverflowed="0" regionsstable="9" regionsrebuilding="0"/>
  </mem-info>
</gc-start>
<allocation-stats totalBytes="68975736" >
  <allocated-bytes non-tlh="0" tlh="68975736" arrayletleaf="0"/>
  <largest-consumer threadName="main" threadId="000000000239EF00" bytes="68975736" />
</allocation-stats>
<gc-op id="2706" type="copy forward" timems="7.135" contextid="2703" timestamp="2019-08-11T05:39:13.216">
  <memory-copied type="eden" objects="2" bytes="56" bytesdiscarded="736" />
  <memory-copied type="other" objects="67" bytes="2872" bytesdiscarded="1048" />
  <memory-cardclean objects="59" bytes="1960" />
  <regions eden="33" other="2" />
  <remembered-set-cleared processed="504" cleared="10" durationms="0.123" />
  <stringconstants candidates="13725" cleared="0"  />
</gc-op>
<gc-op id="2707" type="classunload" timems="0.008" contextid="2703" timestamp="2019-08-11T05:39:13.216">
  <classunload-info classloadercandidates="54" classloadersunloaded="0" classesunloaded="0" anonymousclassesunloaded="0" quiescems="0.000" setupms="0.008" scanms="0.000" postms="0.000" />
</gc-op>
<gc-end id="2708" type="partial gc" contextid="2703" durationms="9.034" usertimems="20.120" systemtimems="0.000" timestamp="2019-08-11T05:39:13.216" activeThreads="16">
  <mem-info id="2709" free="150994944" total="251658240" percent="60">
    <mem type="eden" free="2096360" total="2097152" percent="99" />
    <remembered-set count="5152" freebytes="10040192" totalbytes="10060800" percent="99" regionsoverflowed="0" regionsstable="9" regionsrebuilding="0"/>
  </mem-info>
</gc-end>
<cycle-end id="2710" type="partial gc" contextid="2703" timestamp="2019-08-11T05:39:13.216" />
  <attribute name="elasticGC enabled" value="1" />
  <attribute name= "numThreadsSpecified" value="16" />
  <attribute name="heapSize specified" value="0" />
  <attribute name="Current GC Util" value="176" />
  <attribute name= "Current Time Running" value="135094" />
  <attribute name ="GC Interval" value="0" />
  <attribute name="ProportionalT" value="48.000000" />
  <attribute name="ProportionalI" value="48.000000" />
  <attribute name="ProportionalH" value="48.000000" />
  <attribute name="Current Error" value="96.000000" />
  <attribute name="IntegralT" value="96.000000" />
  <attribute name="IntegralI" value="96.000000" />
  <attribute name="IntegralH" value="96.000000" />
  <attribute name="DerivativeT" value="48.000000" />
  <attribute name="DerivativeI" value="48.000000" />
  <attribute name="DerivativeH" value="48.000000" />
  <attribute name="Loop Time for DT" value="2.000000" />
  <attribute name="Output H" value="8388608"/>
  <attribute name="Output I" value="200"/>
  <attribute name="Output T" value="16"/>
  <attribute name="Target GC Util Change" value ="80.000000" />
  <attribute name="Current GC Util Change" value="176.000000"/>
  <attribute name="GC Util currently" value="176" />
  <attribute name="CPU Util currently" value="813763537635" />
<exclusive-end id="2711" timestamp="2019-08-11T05:39:13.216" durationms="9.629" />

<exclusive-start id="2712" timestamp="2019-08-11T05:39:13.251" intervalms="44.298">
  <response-info timems="0.014" idlems="0.014" threads="0" lastid="000000000239EF00" lastname="main" />
</exclusive-start>
<allocation-taxation id="2713" taxation-threshold="69206016" timestamp="2019-08-11T05:39:13.251" intervalms="44.297" />
<cycle-start id="2714" type="partial gc" contextid="0" timestamp="2019-08-11T05:39:13.251" intervalms="44.308" />
<gc-start id="2715" type="partial gc" contextid="2714" timestamp="2019-08-11T05:39:13.251">
  <mem-info id="2716" free="81788928" total="251658240" percent="32">
    <mem type="eden" free="2096360" total="71303168" percent="2" />
    <remembered-set count="4704" freebytes="10041984" totalbytes="10060800" percent="99" regionsoverflowed="0" regionsstable="9" regionsrebuilding="0"/>
  </mem-info>
</gc-start>
<allocation-stats totalBytes="68771648" >
  <allocated-bytes non-tlh="0" tlh="68771648" arrayletleaf="0"/>
  <largest-consumer threadName="main" threadId="000000000239EF00" bytes="68771648" />
</allocation-stats>
<gc-op id="2717" type="copy forward" timems="7.918" contextid="2714" timestamp="2019-08-11T05:39:13.261">
  <memory-copied type="eden" objects="27" bytes="1944" bytesdiscarded="816" />
  <memory-copied type="other" objects="48" bytes="1152" bytesdiscarded="576" />
  <memory-cardclean objects="83" bytes="2456" />
  <regions eden="33" other="2" />
  <remembered-set-cleared processed="504" cleared="10" durationms="0.138" />
  <stringconstants candidates="13725" cleared="0"  />
</gc-op>
<gc-op id="2718" type="classunload" timems="0.009" contextid="2714" timestamp="2019-08-11T05:39:13.261">
  <classunload-info classloadercandidates="54" classloadersunloaded="0" classesunloaded="0" anonymousclassesunloaded="0" quiescems="0.000" setupms="0.009" scanms="0.000" postms="0.000" />
</gc-op>
<gc-end id="2719" type="partial gc" contextid="2714" durationms="9.556" usertimems="20.605" systemtimems="0.000" timestamp="2019-08-11T05:39:13.261" activeThreads="16">
  <mem-info id="2720" free="150994944" total="251658240" percent="60">
    <mem type="eden" free="2094392" total="2097152" percent="99" />
    <remembered-set count="4640" freebytes="10042240" totalbytes="10060800" percent="99" regionsoverflowed="0" regionsstable="9" regionsrebuilding="0"/>
  </mem-info>
</gc-end>
<cycle-end id="2721" type="partial gc" contextid="2714" timestamp="2019-08-11T05:39:13.261" />
  <attribute name="elasticGC enabled" value="1" />
  <attribute name= "numThreadsSpecified" value="16" />
  <attribute name="heapSize specified" value="0" />
  <attribute name="Current GC Util" value="199" />
  <attribute name= "Current Time Running" value="135138" />
  <attribute name ="GC Interval" value="0" />
  <attribute name="ProportionalT" value="59.500000" />
  <attribute name="ProportionalI" value="59.500000" />
  <attribute name="ProportionalH" value="59.500000" />
  <attribute name="Current Error" value="119.000000" />
  <attribute name="IntegralT" value="59.500000" />
  <attribute name="IntegralI" value="59.500000" />
  <attribute name="IntegralH" value="59.500000" />
  <attribute name="DerivativeT" value="119.000000" />
  <attribute name="DerivativeI" value="119.000000" />
  <attribute name="DerivativeH" value="119.000000" />
  <attribute name="Loop Time for DT" value="1.000000" />
  <attribute name="Output H" value="8388608"/>
  <attribute name="Output I" value="240"/>
  <attribute name="Output T" value="16"/>
  <attribute name="Target GC Util Change" value ="80.000000" />
  <attribute name="Current GC Util Change" value="199.000000"/>
  <attribute name="GC Util currently" value="199" />
  <attribute name="CPU Util currently" value="1203473361943" />
<exclusive-end id="2722" timestamp="2019-08-11T05:39:13.261" durationms="10.243" />

<exclusive-start id="2723" timestamp="2019-08-11T05:39:13.284" intervalms="33.105">
  <response-info timems="0.016" idlems="0.016" threads="0" lastid="000000000239EF00" lastname="main" />
</exclusive-start>
<allocation-taxation id="2724" taxation-threshold="69206016" timestamp="2019-08-11T05:39:13.284" intervalms="33.107" />
<cycle-start id="2725" type="partial gc" contextid="0" timestamp="2019-08-11T05:39:13.284" intervalms="33.114" />
<gc-start id="2726" type="partial gc" contextid="2725" timestamp="2019-08-11T05:39:13.285">
  <mem-info id="2727" free="81788928" total="251658240" percent="32">
    <mem type="eden" free="0" total="69206016" percent="0" />
    <remembered-set count="4640" freebytes="10042240" totalbytes="10060800" percent="99" regionsoverflowed="0" regionsstable="9" regionsrebuilding="0"/>
  </mem-info>
</gc-start>
<allocation-stats totalBytes="68773456" >
  <allocated-bytes non-tlh="0" tlh="68773456" arrayletleaf="0"/>
  <largest-consumer threadName="main" threadId="000000000239EF00" bytes="68773456" />
</allocation-stats>
<gc-op id="2728" type="copy forward" timems="1.633" contextid="2725" timestamp="2019-08-11T05:39:13.287">
  <memory-copied type="eden" objects="2" bytes="64" bytesdiscarded="0" />
  <memory-copied type="other" objects="73" bytes="3032" bytesdiscarded="0" />
  <memory-cardclean objects="59" bytes="1960" />
  <regions eden="33" other="2" />
  <remembered-set-cleared processed="502" cleared="8" durationms="0.289" />
  <stringconstants candidates="13725" cleared="0"  />
</gc-op>
<gc-op id="2729" type="classunload" timems="0.004" contextid="2725" timestamp="2019-08-11T05:39:13.287">
  <classunload-info classloadercandidates="54" classloadersunloaded="0" classesunloaded="0" anonymousclassesunloaded="0" quiescems="0.000" setupms="0.004" scanms="0.000" postms="0.000" />
</gc-op>
<heap-resize id="2730" type="expand" space="default" amount="6291456" count="1" timems="0.072" reason="excessive time being spent in gc" timestamp="2019-08-11T05:39:13.287" />
<gc-end id="2731" type="partial gc" contextid="2725" durationms="2.849" usertimems="3.966" systemtimems="0.000" timestamp="2019-08-11T05:39:13.287" activeThreads="1">
  <mem-info id="2732" free="155189248" total="257949696" percent="60">
    <mem type="eden" free="2097088" total="2097152" percent="99" />
    <remembered-set count="4832" freebytes="10292992" totalbytes="10312320" percent="99" regionsoverflowed="0" regionsstable="9" regionsrebuilding="0"/>
  </mem-info>
</gc-end>
<cycle-end id="2733" type="partial gc" contextid="2725" timestamp="2019-08-11T05:39:13.288" />
  <attribute name="elasticGC enabled" value="1" />
  <attribute name= "numThreadsSpecified" value="1" />
  <attribute name="heapSize specified" value="0" />
  <attribute name="Current GC Util" value="157" />
  <attribute name= "Current Time Running" value="135170" />
  <attribute name ="GC Interval" value="0" />
  <attribute name="ProportionalT" value="38.500000" />
  <attribute name="ProportionalI" value="38.500000" />
  <attribute name="ProportionalH" value="38.500000" />
  <attribute name="Current Error" value="77.000000" />
  <attribute name="IntegralT" value="0.000000" />
  <attribute name="IntegralI" value="0.000000" />
  <attribute name="IntegralH" value="0.000000" />
  <attribute name="DerivativeT" value="inf" />
  <attribute name="DerivativeI" value="inf" />
  <attribute name="DerivativeH" value="inf" />
  <attribute name="Loop Time for DT" value="0.000000" />
  <attribute name="Output H" value="8388608"/>
  <attribute name="Output I" value="200"/>
  <attribute name="Output T" value="1"/>
  <attribute name="Target GC Util Change" value ="80.000000" />
  <attribute name="Current GC Util Change" value="157.000000"/>
  <attribute name="GC Util currently" value="157" />
  <attribute name="CPU Util currently" value="2051206190067" />
<exclusive-end id="2734" timestamp="2019-08-11T05:39:13.288" durationms="3.552" />

<exclusive-start id="2735" timestamp="2019-08-11T05:39:13.309" intervalms="25.357">
  <response-info timems="0.017" idlems="0.017" threads="0" lastid="000000000239EF00" lastname="main" />
</exclusive-start>
<allocation-taxation id="2736" taxation-threshold="71303168" timestamp="2019-08-11T05:39:13.310" intervalms="25.358" />
<cycle-start id="2737" type="partial gc" contextid="0" timestamp="2019-08-11T05:39:13.310" intervalms="25.318" />
<gc-start id="2738" type="partial gc" contextid="2737" timestamp="2019-08-11T05:39:13.310">
  <mem-info id="2739" free="83886080" total="257949696" percent="32">
    <mem type="eden" free="2097088" total="73400320" percent="2" />
    <remembered-set count="4448" freebytes="10294528" totalbytes="10312320" percent="99" regionsoverflowed="0" regionsstable="9" regionsrebuilding="0"/>
  </mem-info>
</gc-start>
<allocation-stats totalBytes="70857448" >
  <allocated-bytes non-tlh="0" tlh="70857448" arrayletleaf="0"/>
  <largest-consumer threadName="main" threadId="000000000239EF00" bytes="70857448" />
</allocation-stats>
<gc-op id="2740" type="copy forward" timems="6.816" contextid="2737" timestamp="2019-08-11T05:39:13.318">
  <memory-copied type="eden" objects="2" bytes="64" bytesdiscarded="0" />
  <memory-copied type="other" objects="25" bytes="1880" bytesdiscarded="816" />
  <memory-cardclean objects="45" bytes="1568" />
  <regions eden="34" other="2" />
  <remembered-set-cleared processed="505" cleared="9" durationms="0.142" />
  <stringconstants candidates="13725" cleared="0"  />
</gc-op>
<gc-op id="2741" type="classunload" timems="0.009" contextid="2737" timestamp="2019-08-11T05:39:13.318">
  <classunload-info classloadercandidates="54" classloadersunloaded="0" classesunloaded="0" anonymousclassesunloaded="0" quiescems="0.000" setupms="0.009" scanms="0.000" postms="0.000" />
</gc-op>
<gc-end id="2742" type="partial gc" contextid="2737" durationms="8.404" usertimems="18.942" systemtimems="0.000" timestamp="2019-08-11T05:39:13.318" activeThreads="16">
  <mem-info id="2743" free="155189248" total="257949696" percent="60">
    <mem type="eden" free="2097088" total="2097152" percent="99" />
    <remembered-set count="5216" freebytes="10291456" totalbytes="10312320" percent="99" regionsoverflowed="0" regionsstable="9" regionsrebuilding="0"/>
  </mem-info>
</gc-end>
<cycle-end id="2744" type="partial gc" contextid="2737" timestamp="2019-08-11T05:39:13.318" />
  <attribute name="elasticGC enabled" value="1" />
  <attribute name= "numThreadsSpecified" value="16" />
  <attribute name="heapSize specified" value="0" />
  <attribute name="Current GC Util" value="335" />
  <attribute name= "Current Time Running" value="135196" />
  <attribute name ="GC Interval" value="0" />
  <attribute name="ProportionalT" value="127.500000" />
  <attribute name="ProportionalI" value="127.500000" />
  <attribute name="ProportionalH" value="127.500000" />
  <attribute name="Current Error" value="255.000000" />
  <attribute name="IntegralT" value="127.500000" />
  <attribute name="IntegralI" value="127.500000" />
  <attribute name="IntegralH" value="127.500000" />
  <attribute name="DerivativeT" value="255.000000" />
  <attribute name="DerivativeI" value="255.000000" />
  <attribute name="DerivativeH" value="255.000000" />
  <attribute name="Loop Time for DT" value="1.000000" />
  <attribute name="Output H" value="8388608"/>
  <attribute name="Output I" value="512"/>
  <attribute name="Output T" value="16"/>
  <attribute name="Target GC Util Change" value ="80.000000" />
  <attribute name="Current GC Util Change" value="335.000000"/>
  <attribute name="GC Util currently" value="335" />
  <attribute name="CPU Util currently" value="1084196420507" />
<exclusive-end id="2745" timestamp="2019-08-11T05:39:13.318" durationms="9.007" />

<exclusive-start id="2746" timestamp="2019-08-11T05:39:13.340" intervalms="31.004">
  <response-info timems="0.014" idlems="0.014" threads="0" lastid="000000000239EF00" lastname="main" />
</exclusive-start>
<allocation-taxation id="2747" taxation-threshold="71303168" timestamp="2019-08-11T05:39:13.341" intervalms="30.998" />
<cycle-start id="2748" type="partial gc" contextid="0" timestamp="2019-08-11T05:39:13.341" intervalms="31.000" />
<gc-start id="2749" type="partial gc" contextid="2748" timestamp="2019-08-11T05:39:13.341">
  <mem-info id="2750" free="83886080" total="257949696" percent="32">
    <mem type="eden" free="2097088" total="73400320" percent="2" />
    <remembered-set count="5216" freebytes="10291456" totalbytes="10312320" percent="99" regionsoverflowed="0" regionsstable="9" regionsrebuilding="0"/>
  </mem-info>
</gc-start>
<allocation-stats totalBytes="70856232" >
  <allocated-bytes non-tlh="0" tlh="70856232" arrayletleaf="0"/>
  <largest-consumer threadName="main" threadId="000000000239EF00" bytes="70856232" />
</allocation-stats>
<gc-op id="2751" type="copy forward" timems="6.817" contextid="2748" timestamp="2019-08-11T05:39:13.349">
  <memory-copied type="eden" objects="2" bytes="64" bytesdiscarded="0" />
  <memory-copied type="other" objects="25" bytes="1880" bytesdiscarded="816" />
  <memory-cardclean objects="45" bytes="1568" />
  <regions eden="34" other="2" />
  <remembered-set-cleared processed="505" cleared="9" durationms="0.130" />
  <stringconstants candidates="13725" cleared="0"  />
</gc-op>
<gc-op id="2752" type="classunload" timems="0.013" contextid="2748" timestamp="2019-08-11T05:39:13.349">
  <classunload-info classloadercandidates="54" classloadersunloaded="0" classesunloaded="0" anonymousclassesunloaded="0" quiescems="0.000" setupms="0.012" scanms="0.000" postms="0.000" />
</gc-op>
<gc-end id="2753" type="partial gc" contextid="2748" durationms="8.076" usertimems="17.176" systemtimems="0.000" timestamp="2019-08-11T05:39:13.349" activeThreads="16">
  <mem-info id="2754" free="155189248" total="257949696" percent="60">
    <mem type="eden" free="2097088" total="2097152" percent="99" />
    <remembered-set count="4704" freebytes="10293504" totalbytes="10312320" percent="99" regionsoverflowed="0" regionsstable="9" regionsrebuilding="0"/>
  </mem-info>
</gc-end>
<cycle-end id="2755" type="partial gc" contextid="2748" timestamp="2019-08-11T05:39:13.349" />
  <attribute name="elasticGC enabled" value="1" />
  <attribute name= "numThreadsSpecified" value="16" />
  <attribute name="heapSize specified" value="0" />
  <attribute name="Current GC Util" value="120" />
  <attribute name= "Current Time Running" value="135227" />
  <attribute name ="GC Interval" value="0" />
  <attribute name="ProportionalT" value="20.000000" />
  <attribute name="ProportionalI" value="20.000000" />
  <attribute name="ProportionalH" value="20.000000" />
  <attribute name="Current Error" value="40.000000" />
  <attribute name="IntegralT" value="20.000000" />
  <attribute name="IntegralI" value="20.000000" />
  <attribute name="IntegralH" value="20.000000" />
  <attribute name="DerivativeT" value="40.000000" />
  <attribute name="DerivativeI" value="40.000000" />
  <attribute name="DerivativeH" value="40.000000" />
  <attribute name="Loop Time for DT" value="1.000000" />
  <attribute name="Output H" value="8388608"/>
  <attribute name="Output I" value="200"/>
  <attribute name="Output T" value="16"/>
  <attribute name="Target GC Util Change" value ="80.000000" />
  <attribute name="Current GC Util Change" value="120.000000"/>
  <attribute name="GC Util currently" value="120" />
  <attribute name="CPU Util currently" value="1742939650731" />
<exclusive-end id="2756" timestamp="2019-08-11T05:39:13.349" durationms="8.651" />

<exclusive-start id="2757" timestamp="2019-08-11T05:39:13.373" intervalms="32.642">
  <response-info timems="0.023" idlems="0.023" threads="0" lastid="000000000239EF00" lastname="main" />
</exclusive-start>
<allocation-taxation id="2758" taxation-threshold="71303168" timestamp="2019-08-11T05:39:13.373" intervalms="32.647" />
<cycle-start id="2759" type="partial gc" contextid="0" timestamp="2019-08-11T05:39:13.373" intervalms="32.685" />
<gc-start id="2760" type="partial gc" contextid="2759" timestamp="2019-08-11T05:39:13.374">
  <mem-info id="2761" free="83886080" total="257949696" percent="32">
    <mem type="eden" free="2097088" total="73400320" percent="2" />
    <remembered-set count="4704" freebytes="10293504" totalbytes="10312320" percent="99" regionsoverflowed="0" regionsstable="9" regionsrebuilding="0"/>
  </mem-info>
</gc-start>
<allocation-stats totalBytes="70857448" >
  <allocated-bytes non-tlh="0" tlh="70857448" arrayletleaf="0"/>
  <largest-consumer threadName="main" threadId="000000000239EF00" bytes="70857448" />
</allocation-stats>
<gc-op id="2762" type="copy forward" timems="1.624" contextid="2759" timestamp="2019-08-11T05:39:13.376">
  <memory-copied type="eden" objects="2" bytes="64" bytesdiscarded="0" />
  <memory-copied type="other" objects="25" bytes="1880" bytesdiscarded="0" />
  <memory-cardclean objects="45" bytes="1568" />
  <regions eden="34" other="2" />
  <remembered-set-cleared processed="505" cleared="9" durationms="0.281" />
  <stringconstants candidates="13725" cleared="0"  />
</gc-op>
<gc-op id="2763" type="classunload" timems="0.005" contextid="2759" timestamp="2019-08-11T05:39:13.376">
  <classunload-info classloadercandidates="54" classloadersunloaded="0" classesunloaded="0" anonymousclassesunloaded="0" quiescems="0.000" setupms="0.004" scanms="0.000" postms="0.000" />
</gc-op>
<gc-end id="2764" type="partial gc" contextid="2759" durationms="2.660" usertimems="3.667" systemtimems="0.000" timestamp="2019-08-11T05:39:13.376" activeThreads="1">
  <mem-info id="2765" free="155189248" total="257949696" percent="60">
    <mem type="eden" free="2097088" total="2097152" percent="99" />
    <remembered-set count="4864" freebytes="10292864" totalbytes="10312320" percent="99" regionsoverflowed="0" regionsstable="9" regionsrebuilding="0"/>
  </mem-info>
</gc-end>
<cycle-end id="2766" type="partial gc" contextid="2759" timestamp="2019-08-11T05:39:13.376" />
  <attribute name="elasticGC enabled" value="1" />
  <attribute name= "numThreadsSpecified" value="1" />
  <attribute name="heapSize specified" value="0" />
  <attribute name="Current GC Util" value="118" />
  <attribute name= "Current Time Running" value="135259" />
  <attribute name ="GC Interval" value="0" />
  <attribute name="ProportionalT" value="19.000000" />
  <attribute name="ProportionalI" value="19.000000" />
  <attribute name="ProportionalH" value="19.000000" />
  <attribute name="Current Error" value="38.000000" />
  <attribute name="IntegralT" value="0.000000" />
  <attribute name="IntegralI" value="0.000000" />
  <attribute name="IntegralH" value="0.000000" />
  <attribute name="DerivativeT" value="inf" />
  <attribute name="DerivativeI" value="inf" />
  <attribute name="DerivativeH" value="inf" />
  <attribute name="Loop Time for DT" value="0.000000" />
  <attribute name="Output H" value="8388608"/>
  <attribute name="Output I" value="200"/>
  <attribute name="Output T" value="1"/>
  <attribute name="Target GC Util Change" value ="80.000000" />
  <attribute name="Current GC Util Change" value="118.000000"/>
  <attribute name="GC Util currently" value="118" />
  <attribute name="CPU Util currently" value="1959904162140" />
<exclusive-end id="2767" timestamp="2019-08-11T05:39:13.376" durationms="3.359" />

<exclusive-start id="2768" timestamp="2019-08-11T05:39:13.474" intervalms="100.491">
  <response-info timems="0.017" idlems="0.017" threads="0" lastid="000000000239EF00" lastname="main" />
</exclusive-start>
<allocation-taxation id="2769" taxation-threshold="71303168" timestamp="2019-08-11T05:39:13.474" intervalms="100.487" />
<cycle-start id="2770" type="partial gc" contextid="0" timestamp="2019-08-11T05:39:13.474" intervalms="100.474" />
<gc-start id="2771" type="partial gc" contextid="2770" timestamp="2019-08-11T05:39:13.474">
  <mem-info id="2772" free="83886080" total="257949696" percent="32">
    <mem type="eden" free="2097088" total="73400320" percent="2" />
    <remembered-set count="4416" freebytes="10294656" totalbytes="10312320" percent="99" regionsoverflowed="0" regionsstable="9" regionsrebuilding="0"/>
  </mem-info>
</gc-start>
<allocation-stats totalBytes="71287304" >
  <allocated-bytes non-tlh="0" tlh="71287304" arrayletleaf="0"/>
  <largest-consumer threadName="main" threadId="000000000239EF00" bytes="71287304" />
</allocation-stats>
<gc-op id="2773" type="copy forward" timems="8.265" contextid="2770" timestamp="2019-08-11T05:39:13.483">
  <memory-copied type="eden" objects="246" bytes="8112" bytesdiscarded="2648" />
  <memory-copied type="other" objects="6" bytes="144" bytesdiscarded="744" />
  <memory-cardclean objects="161" bytes="12568" />
  <regions eden="34" other="2" />
  <remembered-set-cleared processed="505" cleared="19" durationms="0.236" />
  <references type="weak" candidates="37" cleared="0" enqueued="0" />
  <stringconstants candidates="13725" cleared="0"  />
</gc-op>
<gc-op id="2774" type="classunload" timems="0.010" contextid="2770" timestamp="2019-08-11T05:39:13.483">
  <classunload-info classloadercandidates="54" classloadersunloaded="0" classesunloaded="0" anonymousclassesunloaded="0" quiescems="0.000" setupms="0.010" scanms="0.000" postms="0.000" />
</gc-op>
<gc-end id="2775" type="partial gc" contextid="2770" durationms="9.323" usertimems="22.740" systemtimems="0.000" timestamp="2019-08-11T05:39:13.483" activeThreads="16">
  <mem-info id="2776" free="155189248" total="257949696" percent="60">
    <mem type="eden" free="2086344" total="2097152" percent="99" />
    <remembered-set count="5216" freebytes="10291456" totalbytes="10312320" percent="99" regionsoverflowed="0" regionsstable="9" regionsrebuilding="0"/>
  </mem-info>
</gc-end>
<cycle-end id="2777" type="partial gc" contextid="2770" timestamp="2019-08-11T05:39:13.483" />
  <attribute name="elasticGC enabled" value="1" />
  <attribute name= "numThreadsSpecified" value="16" />
  <attribute name="heapSize specified" value="0" />
  <attribute name="Current GC Util" value="269" />
  <attribute name= "Current Time Running" value="135360" />
  <attribute name ="GC Interval" value="0" />
  <attribute name="ProportionalT" value="94.500000" />
  <attribute name="ProportionalI" value="94.500000" />
  <attribute name="ProportionalH" value="94.500000" />
  <attribute name="Current Error" value="189.000000" />
  <attribute name="IntegralT" value="94.500000" />
  <attribute name="IntegralI" value="94.500000" />
  <attribute name="IntegralH" value="94.500000" />
  <attribute name="DerivativeT" value="189.000000" />
  <attribute name="DerivativeI" value="189.000000" />
  <attribute name="DerivativeH" value="189.000000" />
  <attribute name="Loop Time for DT" value="1.000000" />
  <attribute name="Output H" value="8388608"/>
  <attribute name="Output I" value="384"/>
  <attribute name="Output T" value="16"/>
  <attribute name="Target GC Util Change" value ="80.000000" />
  <attribute name="Current GC Util Change" value="269.000000"/>
  <attribute name="GC Util currently" value="269" />
  <attribute name="CPU Util currently" value="2001940370008" />
<exclusive-end id="2778" timestamp="2019-08-11T05:39:13.483" durationms="9.887" />

<exclusive-start id="2779" timestamp="2019-08-11T05:39:13.574" intervalms="100.137">
  <response-info timems="0.021" idlems="0.021" threads="0" lastid="000000000239EF00" lastname="main" />
</exclusive-start>
<allocation-taxation id="2780" taxation-threshold="71303168" timestamp="2019-08-11T05:39:13.574" intervalms="100.151" />
<cycle-start id="2781" type="partial gc" contextid="0" timestamp="2019-08-11T05:39:13.574" intervalms="100.138" />
<gc-start id="2782" type="partial gc" contextid="2781" timestamp="2019-08-11T05:39:13.574">
  <mem-info id="2783" free="83886080" total="257949696" percent="32">
    <mem type="eden" free="0" total="71303168" percent="0" />
    <remembered-set count="5216" freebytes="10291456" totalbytes="10312320" percent="99" regionsoverflowed="0" regionsstable="9" regionsrebuilding="0"/>
  </mem-info>
</gc-start>
<allocation-stats totalBytes="71283712" >
  <allocated-bytes non-tlh="0" tlh="71283712" arrayletleaf="0"/>
  <largest-consumer threadName="main" threadId="000000000239EF00" bytes="71283712" />
</allocation-stats>
<gc-op id="2784" type="copy forward" timems="7.243" contextid="2781" timestamp="2019-08-11T05:39:13.583">
  <memory-copied type="eden" objects="23" bytes="936" bytesdiscarded="672" />
  <memory-copied type="other" objects="115" bytes="3928" bytesdiscarded="2192" />
  <memory-cardclean objects="124" bytes="11928" />
  <regions eden="34" other="2" />
  <remembered-set-cleared processed="502" cleared="18" durationms="0.194" />
  <references type="weak" candidates="37" cleared="0" enqueued="0" />
  <stringconstants candidates="13725" cleared="0"  />
</gc-op>
<gc-op id="2785" type="classunload" timems="0.009" contextid="2781" timestamp="2019-08-11T05:39:13.583">
  <classunload-info classloadercandidates="54" classloadersunloaded="0" classesunloaded="0" anonymousclassesunloaded="0" quiescems="0.000" setupms="0.008" scanms="0.000" postms="0.000" />
</gc-op>
<gc-end id="2786" type="partial gc" contextid="2781" durationms="9.031" usertimems="19.015" systemtimems="0.000" timestamp="2019-08-11T05:39:13.583" activeThreads="16">
  <mem-info id="2787" free="153092096" total="257949696" percent="59">
    <mem type="eden" free="2095544" total="2097152" percent="99" />
    <remembered-set count="5216" freebytes="10291456" totalbytes="10312320" percent="99" regionsoverflowed="0" regionsstable="9" regionsrebuilding="0"/>
  </mem-info>
</gc-end>
<cycle-end id="2788" type="partial gc" contextid="2781" timestamp="2019-08-11T05:39:13.583" />
  <attribute name="elasticGC enabled" value="1" />
  <attribute name= "numThreadsSpecified" value="16" />
  <attribute name="heapSize specified" value="0" />
  <attribute name="Current GC Util" value="196" />
  <attribute name= "Current Time Running" value="135461" />
  <attribute name ="GC Interval" value="0" />
  <attribute name="ProportionalT" value="58.000000" />
  <attribute name="ProportionalI" value="58.000000" />
  <attribute name="ProportionalH" value="58.000000" />
  <attribute name="Current Error" value="116.000000" />
  <attribute name="IntegralT" value="116.000000" />
  <attribute name="IntegralI" value="116.000000" />
  <attribute name="IntegralH" value="116.000000" />
  <attribute name="DerivativeT" value="58.000000" />
  <attribute name="DerivativeI" value="58.000000" />
  <attribute name="DerivativeH" value="58.000000" />
  <attribute name="Loop Time for DT" value="2.000000" />
  <attribute name="Output H" value="8388608"/>
  <attribute name="Output I" value="232"/>
  <attribute name="Output T" value="16"/>
  <attribute name="Target GC Util Change" value ="80.000000" />
  <attribute name="Current GC Util Change" value="196.000000"/>
  <attribute name="GC Util currently" value="196" />
  <attribute name="CPU Util currently" value="947988994040" />
<exclusive-end id="2789" timestamp="2019-08-11T05:39:13.583" durationms="9.610" />

<exclusive-start id="2790" timestamp="2019-08-11T05:39:13.608" intervalms="34.375">
  <response-info timems="0.015" idlems="0.015" threads="0" lastid="000000000239EF00" lastname="main" />
</exclusive-start>
<allocation-taxation id="2791" taxation-threshold="71303168" timestamp="2019-08-11T05:39:13.608" intervalms="34.363" />
<cycle-start id="2792" type="partial gc" contextid="0" timestamp="2019-08-11T05:39:13.608" intervalms="34.410" />
<gc-start id="2793" type="partial gc" contextid="2792" timestamp="2019-08-11T05:39:13.609">
  <mem-info id="2794" free="81788928" total="257949696" percent="31">
    <mem type="eden" free="0" total="71303168" percent="0" />
    <remembered-set count="4768" freebytes="10293248" totalbytes="10312320" percent="99" regionsoverflowed="0" regionsstable="9" regionsrebuilding="0"/>
  </mem-info>
</gc-start>
<allocation-stats totalBytes="71266640" >
  <allocated-bytes non-tlh="0" tlh="71266640" arrayletleaf="0"/>
  <largest-consumer threadName="main" threadId="000000000239EF00" bytes="71266640" />
</allocation-stats>
<gc-op id="2795" type="copy forward" timems="9.291" contextid="2792" timestamp="2019-08-11T05:39:13.619">
  <memory-copied type="eden" objects="5" bytes="344" bytesdiscarded="0" />
  <memory-copied type="other" objects="126" bytes="4336" bytesdiscarded="2208" />
  <memory-cardclean objects="84" bytes="10896" />
  <regions eden="34" other="2" />
  <remembered-set-cleared processed="503" cleared="15" durationms="0.123" />
  <references type="weak" candidates="37" cleared="0" enqueued="0" />
  <stringconstants candidates="13725" cleared="0"  />
</gc-op>
<gc-op id="2796" type="classunload" timems="0.009" contextid="2792" timestamp="2019-08-11T05:39:13.619">
  <classunload-info classloadercandidates="54" classloadersunloaded="0" classesunloaded="0" anonymousclassesunloaded="0" quiescems="0.000" setupms="0.009" scanms="0.000" postms="0.000" />
</gc-op>
<gc-end id="2797" type="partial gc" contextid="2792" durationms="10.783" usertimems="19.043" systemtimems="0.000" timestamp="2019-08-11T05:39:13.619" activeThreads="16">
  <mem-info id="2798" free="150994944" total="257949696" percent="58">
    <mem type="eden" free="2096808" total="2097152" percent="99" />
    <remembered-set count="5344" freebytes="10290944" totalbytes="10312320" percent="99" regionsoverflowed="0" regionsstable="9" regionsrebuilding="0"/>
  </mem-info>
</gc-end>
<cycle-end id="2799" type="partial gc" contextid="2792" timestamp="2019-08-11T05:39:13.619" />
  <attribute name="elasticGC enabled" value="1" />
  <attribute name= "numThreadsSpecified" value="16" />
  <attribute name="heapSize specified" value="0" />
  <attribute name="Current GC Util" value="276" />
  <attribute name= "Current Time Running" value="135495" />
  <attribute name ="GC Interval" value="0" />
  <attribute name="ProportionalT" value="98.000000" />
  <attribute name="ProportionalI" value="98.000000" />
  <attribute name="ProportionalH" value="98.000000" />
  <attribute name="Current Error" value="196.000000" />
  <attribute name="IntegralT" value="98.000000" />
  <attribute name="IntegralI" value="98.000000" />
  <attribute name="IntegralH" value="98.000000" />
  <attribute name="DerivativeT" value="196.000000" />
  <attribute name="DerivativeI" value="196.000000" />
  <attribute name="DerivativeH" value="196.000000" />
  <attribute name="Loop Time for DT" value="1.000000" />
  <attribute name="Output H" value="8388608"/>
  <attribute name="Output I" value="392"/>
  <attribute name="Output T" value="16"/>
  <attribute name="Target GC Util Change" value ="80.000000" />
  <attribute name="Current GC Util Change" value="276.000000"/>
  <attribute name="GC Util currently" value="276" />
  <attribute name="CPU Util currently" value="1202511848829" />
<exclusive-end id="2800" timestamp="2019-08-11T05:39:13.620" durationms="11.397" />

<exclusive-start id="2801" timestamp="2019-08-11T05:39:13.643" intervalms="34.497">
  <response-info timems="0.016" idlems="0.016" threads="0" lastid="000000000239EF00" lastname="main" />
</exclusive-start>
<allocation-taxation id="2802" taxation-threshold="71303168" timestamp="2019-08-11T05:39:13.643" intervalms="34.493" />
<cycle-start id="2803" type="partial gc" contextid="0" timestamp="2019-08-11T05:39:13.643" intervalms="34.552" />
<gc-start id="2804" type="partial gc" contextid="2803" timestamp="2019-08-11T05:39:13.643">
  <mem-info id="2805" free="79691776" total="257949696" percent="30">
    <mem type="eden" free="2096808" total="73400320" percent="2" />
    <remembered-set count="4928" freebytes="10292608" totalbytes="10312320" percent="99" regionsoverflowed="0" regionsstable="9" regionsrebuilding="0"/>
  </mem-info>
</gc-start>
<allocation-stats totalBytes="71266728" >
  <allocated-bytes non-tlh="0" tlh="71266728" arrayletleaf="0"/>
  <largest-consumer threadName="main" threadId="000000000239EF00" bytes="71266728" />
</allocation-stats>
<gc-op id="2806" type="copy forward" timems="9.775" contextid="2803" timestamp="2019-08-11T05:39:13.654">
  <memory-copied type="eden" objects="6" bytes="360" bytesdiscarded="0" />
  <memory-copied type="other" objects="17" bytes="552" bytesdiscarded="672" />
  <memory-cardclean objects="43" bytes="1512" />
  <regions eden="34" other="2" />
  <remembered-set-cleared processed="510" cleared="8" durationms="0.249" />
  <stringconstants candidates="13725" cleared="0"  />
</gc-op>
<gc-op id="2807" type="classunload" timems="0.012" contextid="2803" timestamp="2019-08-11T05:39:13.654">
  <classunload-info classloadercandidates="54" classloadersunloaded="0" classesunloaded="0" anonymousclassesunloaded="0" quiescems="0.000" setupms="0.012" scanms="0.000" postms="0.000" />
</gc-op>
<heap-resize id="2808" type="expand" space="default" amount="10485760" count="1" timems="0.117" reason="excessive time being spent in gc" timestamp="2019-08-11T05:39:13.654" />
<gc-end id="2809" type="partial gc" contextid="2803" durationms="11.347" usertimems="24.731" systemtimems="0.000" timestamp="2019-08-11T05:39:13.654" activeThreads="16">
  <mem-info id="2810" free="161480704" total="268435456" percent="60">
    <mem type="eden" free="2096792" total="2097152" percent="99" />
    <remembered-set count="5536" freebytes="10709376" totalbytes="10731520" percent="99" regionsoverflowed="0" regionsstable="9" regionsrebuilding="0"/>
  </mem-info>
</gc-end>
<cycle-end id="2811" type="partial gc" contextid="2803" timestamp="2019-08-11T05:39:13.655" />
  <attribute name="elasticGC enabled" value="1" />
  <attribute name= "numThreadsSpecified" value="16" />
  <attribute name="heapSize specified" value="0" />
  <attribute name="Current GC Util" value="268" />
  <attribute name= "Current Time Running" value="135529" />
  <attribute name ="GC Interval" value="0" />
  <attribute name="ProportionalT" value="94.000000" />
  <attribute name="ProportionalI" value="94.000000" />
  <attribute name="ProportionalH" value="94.000000" />
  <attribute name="Current Error" value="188.000000" />
  <attribute name="IntegralT" value="94.000000" />
  <attribute name="IntegralI" value="94.000000" />
  <attribute name="IntegralH" value="94.000000" />
  <attribute name="DerivativeT" value="188.000000" />
  <attribute name="DerivativeI" value="188.000000" />
  <attribute name="DerivativeH" value="188.000000" />
  <attribute name="Loop Time for DT" value="1.000000" />
  <attribute name="Output H" value="8388608"/>
  <attribute name="Output I" value="376"/>
  <attribute name="Output T" value="16"/>
  <attribute name="Target GC Util Change" value ="80.000000" />
  <attribute name="Current GC Util Change" value="268.000000"/>
  <attribute name="GC Util currently" value="268" />
  <attribute name="CPU Util currently" value="1214923888356" />
<exclusive-end id="2812" timestamp="2019-08-11T05:39:13.655" durationms="12.039" />

<exclusive-start id="2813" timestamp="2019-08-11T05:39:13.678" intervalms="35.309">
  <response-info timems="0.014" idlems="0.014" threads="0" lastid="000000000239EF00" lastname="main" />
</exclusive-start>
<allocation-taxation id="2814" taxation-threshold="73400320" timestamp="2019-08-11T05:39:13.678" intervalms="35.311" />
<cycle-start id="2815" type="partial gc" contextid="0" timestamp="2019-08-11T05:39:13.678" intervalms="35.221" />
<gc-start id="2816" type="partial gc" contextid="2815" timestamp="2019-08-11T05:39:13.678">
  <mem-info id="2817" free="88080384" total="268435456" percent="32">
    <mem type="eden" free="2096792" total="75497472" percent="2" />
    <remembered-set count="5536" freebytes="10709376" totalbytes="10731520" percent="99" regionsoverflowed="0" regionsstable="9" regionsrebuilding="0"/>
  </mem-info>
</gc-start>
<allocation-stats totalBytes="73362120" >
  <allocated-bytes non-tlh="0" tlh="73362120" arrayletleaf="0"/>
  <largest-consumer threadName="main" threadId="000000000239EF00" bytes="73362120" />
</allocation-stats>
<gc-op id="2818" type="copy forward" timems="7.849" contextid="2815" timestamp="2019-08-11T05:39:13.688">
  <memory-copied type="eden" objects="22" bytes="896" bytesdiscarded="672" />
  <memory-copied type="other" objects="6" bytes="144" bytesdiscarded="720" />
  <memory-cardclean objects="82" bytes="2480" />
  <regions eden="35" other="2" />
  <remembered-set-cleared processed="510" cleared="11" durationms="0.137" />
  <stringconstants candidates="13725" cleared="0"  />
</gc-op>
<gc-op id="2819" type="classunload" timems="0.012" contextid="2815" timestamp="2019-08-11T05:39:13.688">
  <classunload-info classloadercandidates="54" classloadersunloaded="0" classesunloaded="0" anonymousclassesunloaded="0" quiescems="0.000" setupms="0.011" scanms="0.000" postms="0.000" />
</gc-op>
<gc-end id="2820" type="partial gc" contextid="2815" durationms="9.514" usertimems="20.871" systemtimems="0.000" timestamp="2019-08-11T05:39:13.688" activeThreads="16">
  <mem-info id="2821" free="161480704" total="268435456" percent="60">
    <mem type="eden" free="2095584" total="2097152" percent="99" />
    <remembered-set count="4512" freebytes="10713472" totalbytes="10731520" percent="99" regionsoverflowed="0" regionsstable="9" regionsrebuilding="0"/>
  </mem-info>
</gc-end>
<cycle-end id="2822" type="partial gc" contextid="2815" timestamp="2019-08-11T05:39:13.688" />
  <attribute name="elasticGC enabled" value="1" />
  <attribute name= "numThreadsSpecified" value="16" />
  <attribute name="heapSize specified" value="0" />
  <attribute name="Current GC Util" value="200" />
  <attribute name= "Current Time Running" value="135565" />
  <attribute name ="GC Interval" value="0" />
  <attribute name="ProportionalT" value="60.000000" />
  <attribute name="ProportionalI" value="60.000000" />
  <attribute name="ProportionalH" value="60.000000" />
  <attribute name="Current Error" value="120.000000" />
  <attribute name="IntegralT" value="60.000000" />
  <attribute name="IntegralI" value="60.000000" />
  <attribute name="IntegralH" value="60.000000" />
  <attribute name="DerivativeT" value="120.000000" />
  <attribute name="DerivativeI" value="120.000000" />
  <attribute name="DerivativeH" value="120.000000" />
  <attribute name="Loop Time for DT" value="1.000000" />
  <attribute name="Output H" value="8388608"/>
  <attribute name="Output I" value="240"/>
  <attribute name="Output T" value="16"/>
  <attribute name="Target GC Util Change" value ="80.000000" />
  <attribute name="Current GC Util Change" value="200.000000"/>
  <attribute name="GC Util currently" value="200" />
  <attribute name="CPU Util currently" value="1061415749262" />
<exclusive-end id="2823" timestamp="2019-08-11T05:39:13.688" durationms="10.127" />

<exclusive-start id="2824" timestamp="2019-08-11T05:39:13.717" intervalms="38.683">
  <response-info timems="0.023" idlems="0.023" threads="0" lastid="000000000239EF00" lastname="main" />
</exclusive-start>
<allocation-taxation id="2825" taxation-threshold="73400320" timestamp="2019-08-11T05:39:13.717" intervalms="38.689" />
<cycle-start id="2826" type="partial gc" contextid="0" timestamp="2019-08-11T05:39:13.717" intervalms="38.678" />
<gc-start id="2827" type="partial gc" contextid="2826" timestamp="2019-08-11T05:39:13.717">
  <mem-info id="2828" free="88080384" total="268435456" percent="32">
    <mem type="eden" free="0" total="73400320" percent="0" />
    <remembered-set count="4512" freebytes="10713472" totalbytes="10731520" percent="99" regionsoverflowed="0" regionsstable="9" regionsrebuilding="0"/>
  </mem-info>
</gc-start>
<allocation-stats totalBytes="73332656" >
  <allocated-bytes non-tlh="0" tlh="73332656" arrayletleaf="0"/>
  <largest-consumer threadName="main" threadId="000000000239EF00" bytes="73332656" />
</allocation-stats>
<gc-op id="2829" type="copy forward" timems="8.393" contextid="2826" timestamp="2019-08-11T05:39:13.727">
  <memory-copied type="eden" objects="6" bytes="288" bytesdiscarded="0" />
  <memory-copied type="other" objects="23" bytes="696" bytesdiscarded="1392" />
  <memory-cardclean objects="57" bytes="1968" />
  <regions eden="35" other="2" />
  <remembered-set-cleared processed="509" cleared="10" durationms="0.291" />
  <stringconstants candidates="13725" cleared="0"  />
</gc-op>
<gc-op id="2830" type="classunload" timems="0.010" contextid="2826" timestamp="2019-08-11T05:39:13.727">
  <classunload-info classloadercandidates="54" classloadersunloaded="0" classesunloaded="0" anonymousclassesunloaded="0" quiescems="0.000" setupms="0.009" scanms="0.000" postms="0.000" />
</gc-op>
<heap-resize id="2831" type="expand" space="default" amount="4194304" count="1" timems="0.078" reason="excessive time being spent in gc" timestamp="2019-08-11T05:39:13.727" />
<gc-end id="2832" type="partial gc" contextid="2826" durationms="9.899" usertimems="22.199" systemtimems="0.000" timestamp="2019-08-11T05:39:13.727" activeThreads="16">
  <mem-info id="2833" free="163577856" total="272629760" percent="60">
    <mem type="eden" free="2096864" total="2097152" percent="99" />
    <remembered-set count="5536" freebytes="10877056" totalbytes="10899200" percent="99" regionsoverflowed="0" regionsstable="9" regionsrebuilding="0"/>
  </mem-info>
</gc-end>
<cycle-end id="2834" type="partial gc" contextid="2826" timestamp="2019-08-11T05:39:13.727" />
  <attribute name="elasticGC enabled" value="1" />
  <attribute name= "numThreadsSpecified" value="16" />
  <attribute name="heapSize specified" value="0" />
  <attribute name="Current GC Util" value="147" />
  <attribute name= "Current Time Running" value="135603" />
  <attribute name ="GC Interval" value="0" />
  <attribute name="ProportionalT" value="33.500000" />
  <attribute name="ProportionalI" value="33.500000" />
  <attribute name="ProportionalH" value="33.500000" />
  <attribute name="Current Error" value="67.000000" />
  <attribute name="IntegralT" value="33.500000" />
  <attribute name="IntegralI" value="33.500000" />
  <attribute name="IntegralH" value="33.500000" />
  <attribute name="DerivativeT" value="67.000000" />
  <attribute name="DerivativeI" value="67.000000" />
  <attribute name="DerivativeH" value="67.000000" />
  <attribute name="Loop Time for DT" value="1.000000" />
  <attribute name="Output H" value="8388608"/>
  <attribute name="Output I" value="200"/>
  <attribute name="Output T" value="16"/>
  <attribute name="Target GC Util Change" value ="80.000000" />
  <attribute name="Current GC Util Change" value="147.000000"/>
  <attribute name="GC Util currently" value="147" />
  <attribute name="CPU Util currently" value="1354061948498" />
<exclusive-end id="2835" timestamp="2019-08-11T05:39:13.727" durationms="10.632" />

<exclusive-start id="2836" timestamp="2019-08-11T05:39:13.814" intervalms="97.171">
  <response-info timems="0.027" idlems="0.027" threads="0" lastid="000000000239EF00" lastname="main" />
</exclusive-start>
<allocation-taxation id="2837" taxation-threshold="75497472" timestamp="2019-08-11T05:39:13.814" intervalms="97.168" />
<cycle-start id="2838" type="partial gc" contextid="0" timestamp="2019-08-11T05:39:13.814" intervalms="97.194" />
<gc-start id="2839" type="partial gc" contextid="2838" timestamp="2019-08-11T05:39:13.814">
  <mem-info id="2840" free="88080384" total="272629760" percent="32">
    <mem type="eden" free="2096864" total="77594624" percent="2" />
    <remembered-set count="5120" freebytes="10878720" totalbytes="10899200" percent="99" regionsoverflowed="0" regionsstable="9" regionsrebuilding="0"/>
  </mem-info>
</gc-start>
<allocation-stats totalBytes="75473288" >
  <allocated-bytes non-tlh="0" tlh="75473288" arrayletleaf="0"/>
  <largest-consumer threadName="main" threadId="000000000239EF00" bytes="75473288" />
</allocation-stats>
<gc-op id="2841" type="copy forward" timems="13.738" contextid="2838" timestamp="2019-08-11T05:39:13.829">
  <memory-copied type="eden" objects="37" bytes="1472" bytesdiscarded="672" />
  <memory-copied type="other" objects="6" bytes="144" bytesdiscarded="744" />
  <memory-cardclean objects="81" bytes="2464" />
  <regions eden="36" other="2" />
  <remembered-set-cleared processed="511" cleared="11" durationms="0.551" />
  <stringconstants candidates="13725" cleared="0"  />
</gc-op>
<gc-op id="2842" type="classunload" timems="0.009" contextid="2838" timestamp="2019-08-11T05:39:13.829">
  <classunload-info classloadercandidates="54" classloadersunloaded="0" classesunloaded="0" anonymousclassesunloaded="0" quiescems="0.000" setupms="0.009" scanms="0.000" postms="0.000" />
</gc-op>
<gc-end id="2843" type="partial gc" contextid="2838" durationms="14.815" usertimems="29.499" systemtimems="0.000" timestamp="2019-08-11T05:39:13.829" activeThreads="16">
  <mem-info id="2844" free="163577856" total="272629760" percent="60">
    <mem type="eden" free="2095008" total="2097152" percent="99" />
    <remembered-set count="5024" freebytes="10879104" totalbytes="10899200" percent="99" regionsoverflowed="0" regionsstable="9" regionsrebuilding="0"/>
  </mem-info>
</gc-end>
<cycle-end id="2845" type="partial gc" contextid="2838" timestamp="2019-08-11T05:39:13.829" />
  <attribute name="elasticGC enabled" value="1" />
  <attribute name= "numThreadsSpecified" value="16" />
  <attribute name="heapSize specified" value="0" />
  <attribute name="Current GC Util" value="127" />
  <attribute name= "Current Time Running" value="135700" />
  <attribute name ="GC Interval" value="0" />
  <attribute name="ProportionalT" value="23.500000" />
  <attribute name="ProportionalI" value="23.500000" />
  <attribute name="ProportionalH" value="23.500000" />
  <attribute name="Current Error" value="47.000000" />
  <attribute name="IntegralT" value="23.500000" />
  <attribute name="IntegralI" value="23.500000" />
  <attribute name="IntegralH" value="23.500000" />
  <attribute name="DerivativeT" value="47.000000" />
  <attribute name="DerivativeI" value="47.000000" />
  <attribute name="DerivativeH" value="47.000000" />
  <attribute name="Loop Time for DT" value="1.000000" />
  <attribute name="Output H" value="8388608"/>
  <attribute name="Output I" value="200"/>
  <attribute name="Output T" value="16"/>
  <attribute name="Target GC Util Change" value ="80.000000" />
  <attribute name="Current GC Util Change" value="127.000000"/>
  <attribute name="GC Util currently" value="127" />
  <attribute name="CPU Util currently" value="1837790710667" />
<exclusive-end id="2846" timestamp="2019-08-11T05:39:13.829" durationms="15.556" />

<exclusive-start id="2847" timestamp="2019-08-11T05:39:14.046" intervalms="232.625">
  <response-info timems="0.023" idlems="0.023" threads="0" lastid="000000000239EF00" lastname="main" />
</exclusive-start>
<allocation-taxation id="2848" taxation-threshold="75497472" timestamp="2019-08-11T05:39:14.046" intervalms="232.638" />
<cycle-start id="2849" type="partial gc" contextid="0" timestamp="2019-08-11T05:39:14.047" intervalms="232.642" />
<gc-start id="2850" type="partial gc" contextid="2849" timestamp="2019-08-11T05:39:14.047">
  <mem-info id="2851" free="88080384" total="272629760" percent="32">
    <mem type="eden" free="0" total="75497472" percent="0" />
    <remembered-set count="5024" freebytes="10879104" totalbytes="10899200" percent="99" regionsoverflowed="0" regionsstable="9" regionsrebuilding="0"/>
  </mem-info>
</gc-start>
<allocation-stats totalBytes="72134288" >
  <allocated-bytes non-tlh="0" tlh="72134288" arrayletleaf="0"/>
  <largest-consumer threadName="main" threadId="000000000239EF00" bytes="72134288" />
</allocation-stats>
<gc-op id="2852" type="copy forward" timems="15.749" contextid="2849" timestamp="2019-08-11T05:39:14.064">
  <memory-copied type="eden" objects="67" bytes="41272" bytesdiscarded="2272" />
  <memory-copied type="other" objects="12" bytes="288" bytesdiscarded="1440" />
  <memory-cardclean objects="129" bytes="3520" />
  <regions eden="36" other="2" />
  <remembered-set-cleared processed="510" cleared="17" durationms="0.219" />
  <stringconstants candidates="13725" cleared="0"  />
</gc-op>
<gc-op id="2853" type="classunload" timems="0.009" contextid="2849" timestamp="2019-08-11T05:39:14.064">
  <classunload-info classloadercandidates="54" classloadersunloaded="0" classesunloaded="0" anonymousclassesunloaded="0" quiescems="0.000" setupms="0.009" scanms="0.000" postms="0.000" />
</gc-op>
<gc-end id="2854" type="partial gc" contextid="2849" durationms="17.295" usertimems="30.689" systemtimems="0.000" timestamp="2019-08-11T05:39:14.064" activeThreads="16">
  <mem-info id="2855" free="161480704" total="272629760" percent="59">
    <mem type="eden" free="2053608" total="2097152" percent="97" />
    <remembered-set count="4832" freebytes="10879872" totalbytes="10899200" percent="99" regionsoverflowed="0" regionsstable="9" regionsrebuilding="0"/>
  </mem-info>
</gc-end>
<cycle-end id="2856" type="partial gc" contextid="2849" timestamp="2019-08-11T05:39:14.064" />
  <attribute name="elasticGC enabled" value="1" />
  <attribute name= "numThreadsSpecified" value="16" />
  <attribute name="heapSize specified" value="0" />
  <attribute name="Current GC Util" value="202" />
  <attribute name= "Current Time Running" value="135933" />
  <attribute name ="GC Interval" value="0" />
  <attribute name="ProportionalT" value="61.000000" />
  <attribute name="ProportionalI" value="61.000000" />
  <attribute name="ProportionalH" value="61.000000" />
  <attribute name="Current Error" value="122.000000" />
  <attribute name="IntegralT" value="61.000000" />
  <attribute name="IntegralI" value="61.000000" />
  <attribute name="IntegralH" value="61.000000" />
  <attribute name="DerivativeT" value="122.000000" />
  <attribute name="DerivativeI" value="122.000000" />
  <attribute name="DerivativeH" value="122.000000" />
  <attribute name="Loop Time for DT" value="1.000000" />
  <attribute name="Output H" value="8388608"/>
  <attribute name="Output I" value="248"/>
  <attribute name="Output T" value="16"/>
  <attribute name="Target GC Util Change" value ="80.000000" />
  <attribute name="Current GC Util Change" value="202.000000"/>
  <attribute name="GC Util currently" value="202" />
  <attribute name="CPU Util currently" value="1128608967588" />
<exclusive-end id="2857" timestamp="2019-08-11T05:39:14.065" durationms="18.167" />

<exclusive-start id="2858" timestamp="2019-08-11T05:39:14.259" intervalms="212.832">
  <response-info timems="0.021" idlems="0.021" threads="0" lastid="000000000239EF00" lastname="main" />
</exclusive-start>
<allocation-taxation id="2859" taxation-threshold="75497472" timestamp="2019-08-11T05:39:14.259" intervalms="212.804" />
<cycle-start id="2860" type="partial gc" contextid="0" timestamp="2019-08-11T05:39:14.259" intervalms="212.808" />
<gc-start id="2861" type="partial gc" contextid="2860" timestamp="2019-08-11T05:39:14.260">
  <mem-info id="2862" free="85983232" total="272629760" percent="31">
    <mem type="eden" free="0" total="75497472" percent="0" />
    <remembered-set count="4832" freebytes="10879872" totalbytes="10899200" percent="99" regionsoverflowed="0" regionsstable="9" regionsrebuilding="0"/>
  </mem-info>
</gc-start>
<allocation-stats totalBytes="75489536" >
  <allocated-bytes non-tlh="0" tlh="75489536" arrayletleaf="0"/>
  <largest-consumer threadName="main" threadId="000000000239EF00" bytes="75489536" />
</allocation-stats>
<gc-op id="2863" type="copy forward" timems="8.200" contextid="2860" timestamp="2019-08-11T05:39:14.270">
  <memory-copied type="eden" objects="41" bytes="1216" bytesdiscarded="528" />
  <memory-copied type="other" objects="42" bytes="1008" bytesdiscarded="1584" />
  <memory-cardclean objects="178" bytes="4776" />
  <regions eden="36" other="2" />
  <remembered-set-cleared processed="510" cleared="28" durationms="0.572" />
  <stringconstants candidates="13725" cleared="0"  />
</gc-op>
<gc-op id="2864" type="classunload" timems="0.009" contextid="2860" timestamp="2019-08-11T05:39:14.270">
  <classunload-info classloadercandidates="54" classloadersunloaded="0" classesunloaded="0" anonymousclassesunloaded="0" quiescems="0.000" setupms="0.009" scanms="0.000" postms="0.000" />
</gc-op>
<gc-end id="2865" type="partial gc" contextid="2860" durationms="10.938" usertimems="20.825" systemtimems="0.000" timestamp="2019-08-11T05:39:14.271" activeThreads="16">
  <mem-info id="2866" free="159383552" total="272629760" percent="58">
    <mem type="eden" free="2095408" total="2097152" percent="99" />
    <remembered-set count="4512" freebytes="10881152" totalbytes="10899200" percent="99" regionsoverflowed="0" regionsstable="9" regionsrebuilding="0"/>
  </mem-info>
</gc-end>
<cycle-end id="2867" type="partial gc" contextid="2860" timestamp="2019-08-11T05:39:14.271" />
  <attribute name="elasticGC enabled" value="1" />
  <attribute name= "numThreadsSpecified" value="16" />
  <attribute name="heapSize specified" value="0" />
  <attribute name="Current GC Util" value="42" />
  <attribute name= "Current Time Running" value="136147" />
  <attribute name ="GC Interval" value="0" />
  <attribute name="ProportionalT" value="-19.000000" />
  <attribute name="ProportionalI" value="-19.000000" />
  <attribute name="ProportionalH" value="-19.000000" />
  <attribute name="Current Error" value="-38.000000" />
  <attribute name="IntegralT" value="-38.000000" />
  <attribute name="IntegralI" value="-38.000000" />
  <attribute name="IntegralH" value="-38.000000" />
  <attribute name="DerivativeT" value="-19.000000" />
  <attribute name="DerivativeI" value="-19.000000" />
  <attribute name="DerivativeH" value="-19.000000" />
  <attribute name="Loop Time for DT" value="2.000000" />
  <attribute name="Output H" value="4202627072"/>
  <attribute name="Output I" value="200"/>
  <attribute name="Output T" value="16"/>
  <attribute name="Target GC Util Change" value ="80.000000" />
  <attribute name="Current GC Util Change" value="42.000000"/>
  <attribute name="GC Util currently" value="42" />
  <attribute name="CPU Util currently" value="534215750652" />
<exclusive-end id="2868" timestamp="2019-08-11T05:39:14.271" durationms="11.443" />

<exclusive-start id="2869" timestamp="2019-08-11T05:39:14.352" intervalms="92.392">
  <response-info timems="0.020" idlems="0.020" threads="0" lastid="000000000239EF00" lastname="main" />
</exclusive-start>
<allocation-taxation id="2870" taxation-threshold="75497472" timestamp="2019-08-11T05:39:14.352" intervalms="92.409" />
<cycle-start id="2871" type="partial gc" contextid="0" timestamp="2019-08-11T05:39:14.352" intervalms="92.412" />
<gc-start id="2872" type="partial gc" contextid="2871" timestamp="2019-08-11T05:39:14.352">
  <mem-info id="2873" free="83886080" total="272629760" percent="30">
    <mem type="eden" free="0" total="75497472" percent="0" />
    <remembered-set count="4416" freebytes="10881536" totalbytes="10899200" percent="99" regionsoverflowed="0" regionsstable="9" regionsrebuilding="0"/>
  </mem-info>
</gc-start>
<allocation-stats totalBytes="75476880" >
  <allocated-bytes non-tlh="0" tlh="75476880" arrayletleaf="0"/>
  <largest-consumer threadName="main" threadId="000000000239EF00" bytes="75476880" />
</allocation-stats>
<gc-op id="2874" type="copy forward" timems="8.492" contextid="2871" timestamp="2019-08-11T05:39:14.362">
  <memory-copied type="eden" objects="31" bytes="1048" bytesdiscarded="624" />
  <memory-copied type="other" objects="64" bytes="1608" bytesdiscarded="1632" />
  <memory-cardclean objects="150" bytes="4152" />
  <regions eden="36" other="2" />
  <remembered-set-cleared processed="507" cleared="23" durationms="0.121" />
  <stringconstants candidates="13725" cleared="0"  />
</gc-op>
<gc-op id="2875" type="classunload" timems="0.008" contextid="2871" timestamp="2019-08-11T05:39:14.362">
  <classunload-info classloadercandidates="54" classloadersunloaded="0" classesunloaded="0" anonymousclassesunloaded="0" quiescems="0.000" setupms="0.007" scanms="0.000" postms="0.000" />
</gc-op>
<gc-end id="2876" type="partial gc" contextid="2871" durationms="9.922" usertimems="22.177" systemtimems="0.000" timestamp="2019-08-11T05:39:14.362" activeThreads="16">
  <mem-info id="2877" free="157286400" total="272629760" percent="57">
    <mem type="eden" free="2095480" total="2097152" percent="99" />
    <remembered-set count="5056" freebytes="10878976" totalbytes="10899200" percent="99" regionsoverflowed="0" regionsstable="9" regionsrebuilding="0"/>
  </mem-info>
</gc-end>
<cycle-end id="2878" type="partial gc" contextid="2871" timestamp="2019-08-11T05:39:14.362" />
  <attribute name="elasticGC enabled" value="1" />
  <attribute name= "numThreadsSpecified" value="16" />
  <attribute name="heapSize specified" value="0" />
  <attribute name="Current GC Util" value="135" />
  <attribute name= "Current Time Running" value="136238" />
  <attribute name ="GC Interval" value="0" />
  <attribute name="ProportionalT" value="27.500000" />
  <attribute name="ProportionalI" value="27.500000" />
  <attribute name="ProportionalH" value="27.500000" />
  <attribute name="Current Error" value="55.000000" />
  <attribute name="IntegralT" value="27.500000" />
  <attribute name="IntegralI" value="27.500000" />
  <attribute name="IntegralH" value="27.500000" />
  <attribute name="DerivativeT" value="55.000000" />
  <attribute name="DerivativeI" value="55.000000" />
  <attribute name="DerivativeH" value="55.000000" />
  <attribute name="Loop Time for DT" value="1.000000" />
  <attribute name="Output H" value="8388608"/>
  <attribute name="Output I" value="200"/>
  <attribute name="Output T" value="16"/>
  <attribute name="Target GC Util Change" value ="80.000000" />
  <attribute name="Current GC Util Change" value="135.000000"/>
  <attribute name="GC Util currently" value="135" />
  <attribute name="CPU Util currently" value="1888298567570" />
<exclusive-end id="2879" timestamp="2019-08-11T05:39:14.362" durationms="10.710" />

<exclusive-start id="2880" timestamp="2019-08-11T05:39:14.486" intervalms="134.430">
  <response-info timems="0.016" idlems="0.016" threads="0" lastid="000000000239EF00" lastname="main" />
</exclusive-start>
<allocation-taxation id="2881" taxation-threshold="75497472" timestamp="2019-08-11T05:39:14.486" intervalms="134.425" />
<cycle-start id="2882" type="partial gc" contextid="0" timestamp="2019-08-11T05:39:14.486" intervalms="134.375" />
<gc-start id="2883" type="partial gc" contextid="2882" timestamp="2019-08-11T05:39:14.486">
  <mem-info id="2884" free="81788928" total="272629760" percent="30">
    <mem type="eden" free="0" total="75497472" percent="0" />
    <remembered-set count="5056" freebytes="10878976" totalbytes="10899200" percent="99" regionsoverflowed="0" regionsstable="9" regionsrebuilding="0"/>
  </mem-info>
</gc-start>
<allocation-stats totalBytes="75486144" >
  <allocated-bytes non-tlh="0" tlh="75486144" arrayletleaf="0"/>
  <largest-consumer threadName="main" threadId="000000000239EF00" bytes="75486144" />
</allocation-stats>
<gc-op id="2885" type="copy forward" timems="7.668" contextid="2882" timestamp="2019-08-11T05:39:14.495">
  <memory-copied type="eden" objects="41" bytes="1184" bytesdiscarded="576" />
  <memory-copied type="other" objects="41" bytes="1080" bytesdiscarded="1248" />
  <memory-cardclean objects="134" bytes="3776" />
  <regions eden="36" other="2" />
  <remembered-set-cleared processed="510" cleared="14" durationms="0.140" />
  <stringconstants candidates="13725" cleared="0"  />
</gc-op>
<gc-op id="2886" type="classunload" timems="0.012" contextid="2882" timestamp="2019-08-11T05:39:14.495">
  <classunload-info classloadercandidates="54" classloadersunloaded="0" classesunloaded="0" anonymousclassesunloaded="0" quiescems="0.000" setupms="0.012" scanms="0.000" postms="0.000" />
</gc-op>
<gc-end id="2887" type="partial gc" contextid="2882" durationms="9.178" usertimems="19.408" systemtimems="0.000" timestamp="2019-08-11T05:39:14.496" activeThreads="16">
  <mem-info id="2888" free="155189248" total="272629760" percent="56">
    <mem type="eden" free="2095392" total="2097152" percent="99" />
    <remembered-set count="4864" freebytes="10879744" totalbytes="10899200" percent="99" regionsoverflowed="0" regionsstable="9" regionsrebuilding="0"/>
  </mem-info>
</gc-end>
<cycle-end id="2889" type="partial gc" contextid="2882" timestamp="2019-08-11T05:39:14.496" />
  <attribute name="elasticGC enabled" value="1" />
  <attribute name= "numThreadsSpecified" value="16" />
  <attribute name="heapSize specified" value="0" />
  <attribute name="Current GC Util" value="189" />
  <attribute name= "Current Time Running" value="136373" />
  <attribute name ="GC Interval" value="0" />
  <attribute name="ProportionalT" value="54.500000" />
  <attribute name="ProportionalI" value="54.500000" />
  <attribute name="ProportionalH" value="54.500000" />
  <attribute name="Current Error" value="109.000000" />
  <attribute name="IntegralT" value="54.500000" />
  <attribute name="IntegralI" value="54.500000" />
  <attribute name="IntegralH" value="54.500000" />
  <attribute name="DerivativeT" value="109.000000" />
  <attribute name="DerivativeI" value="109.000000" />
  <attribute name="DerivativeH" value="109.000000" />
  <attribute name="Loop Time for DT" value="1.000000" />
  <attribute name="Output H" value="8388608"/>
  <attribute name="Output I" value="224"/>
  <attribute name="Output T" value="16"/>
  <attribute name="Target GC Util Change" value ="80.000000" />
  <attribute name="Current GC Util Change" value="189.000000"/>
  <attribute name="GC Util currently" value="189" />
  <attribute name="CPU Util currently" value="1192193507846" />
<exclusive-end id="2890" timestamp="2019-08-11T05:39:14.496" durationms="9.778" />

<exclusive-start id="2891" timestamp="2019-08-11T05:39:14.570" intervalms="84.345">
  <response-info timems="0.015" idlems="0.015" threads="0" lastid="000000000239EF00" lastname="main" />
</exclusive-start>
<allocation-taxation id="2892" taxation-threshold="75497472" timestamp="2019-08-11T05:39:14.570" intervalms="84.346" />
<cycle-start id="2893" type="partial gc" contextid="0" timestamp="2019-08-11T05:39:14.571" intervalms="84.547" />
<gc-start id="2894" type="partial gc" contextid="2893" timestamp="2019-08-11T05:39:14.571">
  <mem-info id="2895" free="79691776" total="272629760" percent="29">
    <mem type="eden" free="0" total="75497472" percent="0" />
    <remembered-set count="4864" freebytes="10879744" totalbytes="10899200" percent="99" regionsoverflowed="0" regionsstable="9" regionsrebuilding="0"/>
  </mem-info>
</gc-start>
<allocation-stats totalBytes="75489744" >
  <allocated-bytes non-tlh="0" tlh="75489744" arrayletleaf="0"/>
  <largest-consumer threadName="main" threadId="000000000239EF00" bytes="75489744" />
</allocation-stats>
<gc-op id="2896" type="copy forward" timems="7.733" contextid="2893" timestamp="2019-08-11T05:39:14.580">
  <memory-copied type="eden" objects="21" bytes="680" bytesdiscarded="672" />
  <memory-copied type="other" objects="31" bytes="768" bytesdiscarded="1296" />
  <memory-cardclean objects="140" bytes="3896" />
  <regions eden="36" other="2" />
  <remembered-set-cleared processed="514" cleared="17" durationms="0.131" />
  <stringconstants candidates="13725" cleared="0"  />
</gc-op>
<gc-op id="2897" type="classunload" timems="0.008" contextid="2893" timestamp="2019-08-11T05:39:14.580">
  <classunload-info classloadercandidates="54" classloadersunloaded="0" classesunloaded="0" anonymousclassesunloaded="0" quiescems="0.000" setupms="0.008" scanms="0.000" postms="0.000" />
</gc-op>
<gc-end id="2898" type="partial gc" contextid="2893" durationms="9.244" usertimems="22.362" systemtimems="0.000" timestamp="2019-08-11T05:39:14.580" activeThreads="16">
  <mem-info id="2899" free="153092096" total="272629760" percent="56">
    <mem type="eden" free="2095800" total="2097152" percent="99" />
    <remembered-set count="4896" freebytes="10879616" totalbytes="10899200" percent="99" regionsoverflowed="0" regionsstable="9" regionsrebuilding="0"/>
  </mem-info>
</gc-end>
<cycle-end id="2900" type="partial gc" contextid="2893" timestamp="2019-08-11T05:39:14.580" />
  <attribute name="elasticGC enabled" value="1" />
  <attribute name= "numThreadsSpecified" value="16" />
  <attribute name="heapSize specified" value="0" />
  <attribute name="Current GC Util" value="184" />
  <attribute name= "Current Time Running" value="136457" />
  <attribute name ="GC Interval" value="0" />
  <attribute name="ProportionalT" value="52.000000" />
  <attribute name="ProportionalI" value="52.000000" />
  <attribute name="ProportionalH" value="52.000000" />
  <attribute name="Current Error" value="104.000000" />
  <attribute name="IntegralT" value="52.000000" />
  <attribute name="IntegralI" value="52.000000" />
  <attribute name="IntegralH" value="52.000000" />
  <attribute name="DerivativeT" value="104.000000" />
  <attribute name="DerivativeI" value="104.000000" />
  <attribute name="DerivativeH" value="104.000000" />
  <attribute name="Loop Time for DT" value="1.000000" />
  <attribute name="Output H" value="8388608"/>
  <attribute name="Output I" value="208"/>
  <attribute name="Output T" value="16"/>
  <attribute name="Target GC Util Change" value ="80.000000" />
  <attribute name="Current GC Util Change" value="184.000000"/>
  <attribute name="GC Util currently" value="184" />
  <attribute name="CPU Util currently" value="1196666813478" />
<exclusive-end id="2901" timestamp="2019-08-11T05:39:14.581" durationms="10.109" />

<exclusive-start id="2902" timestamp="2019-08-11T05:39:14.787" intervalms="216.988">
  <response-info timems="0.019" idlems="0.019" threads="0" lastid="000000000239EF00" lastname="main" />
</exclusive-start>
<allocation-taxation id="2903" taxation-threshold="75497472" timestamp="2019-08-11T05:39:14.787" intervalms="216.993" />
<cycle-start id="2904" type="partial gc" contextid="0" timestamp="2019-08-11T05:39:14.788" intervalms="216.782" />
<gc-start id="2905" type="partial gc" contextid="2904" timestamp="2019-08-11T05:39:14.788">
  <mem-info id="2906" free="77594624" total="272629760" percent="28">
    <mem type="eden" free="0" total="75497472" percent="0" />
    <remembered-set count="4736" freebytes="10880256" totalbytes="10899200" percent="99" regionsoverflowed="0" regionsstable="9" regionsrebuilding="0"/>
  </mem-info>
</gc-start>
<allocation-stats totalBytes="75492256" >
  <allocated-bytes non-tlh="0" tlh="75492256" arrayletleaf="0"/>
  <largest-consumer threadName="main" threadId="000000000239EF00" bytes="75492256" />
</allocation-stats>
<gc-op id="2907" type="copy forward" timems="14.743" contextid="2904" timestamp="2019-08-11T05:39:14.804">
  <memory-copied type="eden" objects="51" bytes="1376" bytesdiscarded="432" />
  <memory-copied type="other" objects="24" bytes="576" bytesdiscarded="1344" />
  <memory-cardclean objects="113" bytes="3144" />
  <regions eden="36" other="2" />
  <remembered-set-cleared processed="518" cleared="15" durationms="0.129" />
  <stringconstants candidates="13725" cleared="0"  />
</gc-op>
<gc-op id="2908" type="classunload" timems="0.009" contextid="2904" timestamp="2019-08-11T05:39:14.804">
  <classunload-info classloadercandidates="54" classloadersunloaded="0" classesunloaded="0" anonymousclassesunloaded="0" quiescems="0.000" setupms="0.009" scanms="0.000" postms="0.000" />
</gc-op>
<gc-end id="2909" type="partial gc" contextid="2904" durationms="16.356" usertimems="35.413" systemtimems="0.000" timestamp="2019-08-11T05:39:14.804" activeThreads="16">
  <mem-info id="2910" free="150994944" total="272629760" percent="55">
    <mem type="eden" free="2095344" total="2097152" percent="99" />
    <remembered-set count="5024" freebytes="10879104" totalbytes="10899200" percent="99" regionsoverflowed="0" regionsstable="9" regionsrebuilding="0"/>
  </mem-info>
</gc-end>
<cycle-end id="2911" type="partial gc" contextid="2904" timestamp="2019-08-11T05:39:14.804" />
  <attribute name="elasticGC enabled" value="1" />
  <attribute name= "numThreadsSpecified" value="16" />
  <attribute name="heapSize specified" value="0" />
  <attribute name="Current GC Util" value="189" />
  <attribute name= "Current Time Running" value="136674" />
  <attribute name ="GC Interval" value="0" />
  <attribute name="ProportionalT" value="54.500000" />
  <attribute name="ProportionalI" value="54.500000" />
  <attribute name="ProportionalH" value="54.500000" />
  <attribute name="Current Error" value="109.000000" />
  <attribute name="IntegralT" value="54.500000" />
  <attribute name="IntegralI" value="54.500000" />
  <attribute name="IntegralH" value="54.500000" />
  <attribute name="DerivativeT" value="109.000000" />
  <attribute name="DerivativeI" value="109.000000" />
  <attribute name="DerivativeH" value="109.000000" />
  <attribute name="Loop Time for DT" value="1.000000" />
  <attribute name="Output H" value="8388608"/>
  <attribute name="Output I" value="224"/>
  <attribute name="Output T" value="16"/>
  <attribute name="Target GC Util Change" value ="80.000000" />
  <attribute name="Current GC Util Change" value="189.000000"/>
  <attribute name="GC Util currently" value="189" />
  <attribute name="CPU Util currently" value="1042756339485" />
<exclusive-end id="2912" timestamp="2019-08-11T05:39:14.804" durationms="16.905" />

<exclusive-start id="2913" timestamp="2019-08-11T05:39:14.895" intervalms="107.792">
  <response-info timems="0.021" idlems="0.021" threads="0" lastid="000000000239EF00" lastname="main" />
</exclusive-start>
<allocation-taxation id="2914" taxation-threshold="75497472" timestamp="2019-08-11T05:39:14.895" intervalms="107.792" />
<cycle-start id="2915" type="partial gc" contextid="0" timestamp="2019-08-11T05:39:14.895" intervalms="107.839" />
<gc-start id="2916" type="partial gc" contextid="2915" timestamp="2019-08-11T05:39:14.896">
  <mem-info id="2917" free="75497472" total="272629760" percent="27">
    <mem type="eden" free="0" total="75497472" percent="0" />
    <remembered-set count="5024" freebytes="10879104" totalbytes="10899200" percent="99" regionsoverflowed="0" regionsstable="9" regionsrebuilding="0"/>
  </mem-info>
</gc-start>
<allocation-stats totalBytes="75492192" >
  <allocated-bytes non-tlh="0" tlh="75492192" arrayletleaf="0"/>
  <largest-consumer threadName="main" threadId="000000000239EF00" bytes="75492192" />
</allocation-stats>
<gc-op id="2918" type="copy forward" timems="1.566" contextid="2915" timestamp="2019-08-11T05:39:14.898">
  <memory-copied type="eden" objects="35" bytes="1032" bytesdiscarded="0" />
  <memory-copied type="other" objects="42" bytes="1008" bytesdiscarded="0" />
  <memory-cardclean objects="111" bytes="3072" />
  <regions eden="36" other="2" />
  <remembered-set-cleared processed="519" cleared="15" durationms="0.334" />
  <stringconstants candidates="13725" cleared="0"  />
</gc-op>
<gc-op id="2919" type="classunload" timems="0.003" contextid="2915" timestamp="2019-08-11T05:39:14.898">
  <classunload-info classloadercandidates="54" classloadersunloaded="0" classesunloaded="0" anonymousclassesunloaded="0" quiescems="0.000" setupms="0.003" scanms="0.000" postms="0.000" />
</gc-op>
<gc-end id="2920" type="partial gc" contextid="2915" durationms="2.737" usertimems="3.983" systemtimems="0.000" timestamp="2019-08-11T05:39:14.898" activeThreads="1">
  <mem-info id="2921" free="148897792" total="272629760" percent="54">
    <mem type="eden" free="2096120" total="2097152" percent="99" />
    <remembered-set count="5088" freebytes="10878848" totalbytes="10899200" percent="99" regionsoverflowed="0" regionsstable="9" regionsrebuilding="0"/>
  </mem-info>
</gc-end>
<cycle-end id="2922" type="partial gc" contextid="2915" timestamp="2019-08-11T05:39:14.898" />
  <attribute name="elasticGC enabled" value="1" />
  <attribute name= "numThreadsSpecified" value="1" />
  <attribute name="heapSize specified" value="0" />
  <attribute name="Current GC Util" value="137" />
  <attribute name= "Current Time Running" value="136781" />
  <attribute name ="GC Interval" value="0" />
  <attribute name="ProportionalT" value="28.500000" />
  <attribute name="ProportionalI" value="28.500000" />
  <attribute name="ProportionalH" value="28.500000" />
  <attribute name="Current Error" value="57.000000" />
  <attribute name="IntegralT" value="0.000000" />
  <attribute name="IntegralI" value="0.000000" />
  <attribute name="IntegralH" value="0.000000" />
  <attribute name="DerivativeT" value="inf" />
  <attribute name="DerivativeI" value="inf" />
  <attribute name="DerivativeH" value="inf" />
  <attribute name="Loop Time for DT" value="0.000000" />
  <attribute name="Output H" value="8388608"/>
  <attribute name="Output I" value="200"/>
  <attribute name="Output T" value="1"/>
  <attribute name="Target GC Util Change" value ="80.000000" />
  <attribute name="Current GC Util Change" value="137.000000"/>
  <attribute name="GC Util currently" value="137" />
  <attribute name="CPU Util currently" value="1707437352959" />
<exclusive-end id="2923" timestamp="2019-08-11T05:39:14.898" durationms="3.315" />

<exclusive-start id="2924" timestamp="2019-08-11T05:39:15.034" intervalms="139.237">
  <response-info timems="0.018" idlems="0.018" threads="0" lastid="000000000239EF00" lastname="main" />
</exclusive-start>
<allocation-taxation id="2925" taxation-threshold="75497472" timestamp="2019-08-11T05:39:15.034" intervalms="139.235" />
<cycle-start id="2926" type="partial gc" contextid="0" timestamp="2019-08-11T05:39:15.035" intervalms="139.199" />
<gc-start id="2927" type="partial gc" contextid="2926" timestamp="2019-08-11T05:39:15.035">
  <mem-info id="2928" free="73400320" total="272629760" percent="26">
    <mem type="eden" free="0" total="75497472" percent="0" />
    <remembered-set count="4928" freebytes="10879488" totalbytes="10899200" percent="99" regionsoverflowed="0" regionsstable="9" regionsrebuilding="0"/>
  </mem-info>
</gc-start>
<allocation-stats totalBytes="75470032" >
  <allocated-bytes non-tlh="0" tlh="75470032" arrayletleaf="0"/>
  <largest-consumer threadName="main" threadId="000000000239EF00" bytes="75470032" />
</allocation-stats>
<gc-op id="2929" type="copy forward" timems="8.994" contextid="2926" timestamp="2019-08-11T05:39:15.045">
  <memory-copied type="eden" objects="48" bytes="2096" bytesdiscarded="576" />
  <memory-copied type="other" objects="48" bytes="1152" bytesdiscarded="1152" />
  <memory-cardclean objects="124" bytes="3424" />
  <regions eden="36" other="2" />
  <remembered-set-cleared processed="520" cleared="15" durationms="0.145" />
  <stringconstants candidates="13725" cleared="0"  />
</gc-op>
<gc-op id="2930" type="classunload" timems="0.009" contextid="2926" timestamp="2019-08-11T05:39:15.045">
  <classunload-info classloadercandidates="54" classloadersunloaded="0" classesunloaded="0" anonymousclassesunloaded="0" quiescems="0.000" setupms="0.009" scanms="0.000" postms="0.000" />
</gc-op>
<gc-end id="2931" type="partial gc" contextid="2926" durationms="10.057" usertimems="23.071" systemtimems="0.000" timestamp="2019-08-11T05:39:15.045" activeThreads="16">
  <mem-info id="2932" free="146800640" total="272629760" percent="53">
    <mem type="eden" free="2094480" total="2097152" percent="99" />
    <remembered-set count="5024" freebytes="10879104" totalbytes="10899200" percent="99" regionsoverflowed="0" regionsstable="9" regionsrebuilding="0"/>
  </mem-info>
</gc-end>
<cycle-end id="2933" type="partial gc" contextid="2926" timestamp="2019-08-11T05:39:15.045" />
  <attribute name="elasticGC enabled" value="1" />
  <attribute name= "numThreadsSpecified" value="16" />
  <attribute name="heapSize specified" value="0" />
  <attribute name="Current GC Util" value="226" />
  <attribute name= "Current Time Running" value="136921" />
  <attribute name ="GC Interval" value="0" />
  <attribute name="ProportionalT" value="73.000000" />
  <attribute name="ProportionalI" value="73.000000" />
  <attribute name="ProportionalH" value="73.000000" />
  <attribute name="Current Error" value="146.000000" />
  <attribute name="IntegralT" value="73.000000" />
  <attribute name="IntegralI" value="73.000000" />
  <attribute name="IntegralH" value="73.000000" />
  <attribute name="DerivativeT" value="146.000000" />
  <attribute name="DerivativeI" value="146.000000" />
  <attribute name="DerivativeH" value="146.000000" />
  <attribute name="Loop Time for DT" value="1.000000" />
  <attribute name="Output H" value="8388608"/>
  <attribute name="Output I" value="296"/>
  <attribute name="Output T" value="16"/>
  <attribute name="Target GC Util Change" value ="80.000000" />
  <attribute name="Current GC Util Change" value="226.000000"/>
  <attribute name="GC Util currently" value="226" />
  <attribute name="CPU Util currently" value="2074853618374" />
<exclusive-end id="2934" timestamp="2019-08-11T05:39:15.045" durationms="10.654" />

<exclusive-start id="2935" timestamp="2019-08-11T05:39:15.155" intervalms="120.895">
  <response-info timems="0.023" idlems="0.023" threads="0" lastid="000000000239EF00" lastname="main" />
</exclusive-start>
<allocation-taxation id="2936" taxation-threshold="75497472" timestamp="2019-08-11T05:39:15.155" intervalms="120.904" />
<cycle-start id="2937" type="partial gc" contextid="0" timestamp="2019-08-11T05:39:15.155" intervalms="120.956" />
<gc-start id="2938" type="partial gc" contextid="2937" timestamp="2019-08-11T05:39:15.156">
  <mem-info id="2939" free="71303168" total="272629760" percent="26">
    <mem type="eden" free="0" total="75497472" percent="0" />
    <remembered-set count="5024" freebytes="10879104" totalbytes="10899200" percent="99" regionsoverflowed="0" regionsstable="9" regionsrebuilding="0"/>
  </mem-info>
</gc-start>
<allocation-stats totalBytes="75458648" >
  <allocated-bytes non-tlh="0" tlh="75458648" arrayletleaf="0"/>
  <largest-consumer threadName="main" threadId="000000000239EF00" bytes="75458648" />
</allocation-stats>
<gc-op id="2940" type="copy forward" timems="15.156" contextid="2937" timestamp="2019-08-11T05:39:15.173">
  <memory-copied type="eden" objects="29" bytes="1400" bytesdiscarded="1296" />
  <memory-copied type="other" objects="30" bytes="720" bytesdiscarded="936" />
  <memory-cardclean objects="111" bytes="3096" />
  <regions eden="36" other="2" />
  <remembered-set-cleared processed="523" cleared="11" durationms="0.318" />
  <stringconstants candidates="13725" cleared="0"  />
</gc-op>
<gc-op id="2941" type="classunload" timems="0.011" contextid="2937" timestamp="2019-08-11T05:39:15.173">
  <classunload-info classloadercandidates="54" classloadersunloaded="0" classesunloaded="0" anonymousclassesunloaded="0" quiescems="0.000" setupms="0.011" scanms="0.000" postms="0.000" />
</gc-op>
<gc-end id="2942" type="partial gc" contextid="2937" durationms="17.514" usertimems="34.787" systemtimems="0.000" timestamp="2019-08-11T05:39:15.173" activeThreads="16">
  <mem-info id="2943" free="144703488" total="272629760" percent="53">
    <mem type="eden" free="2094456" total="2097152" percent="99" />
    <remembered-set count="5728" freebytes="10876288" totalbytes="10899200" percent="99" regionsoverflowed="0" regionsstable="9" regionsrebuilding="0"/>
  </mem-info>
</gc-end>
<cycle-end id="2944" type="partial gc" contextid="2937" timestamp="2019-08-11T05:39:15.173" />
  <attribute name="elasticGC enabled" value="1" />
  <attribute name= "numThreadsSpecified" value="16" />
  <attribute name="heapSize specified" value="0" />
  <attribute name="Current GC Util" value="189" />
  <attribute name= "Current Time Running" value="137043" />
  <attribute name ="GC Interval" value="0" />
  <attribute name="ProportionalT" value="54.500000" />
  <attribute name="ProportionalI" value="54.500000" />
  <attribute name="ProportionalH" value="54.500000" />
  <attribute name="Current Error" value="109.000000" />
  <attribute name="IntegralT" value="109.000000" />
  <attribute name="IntegralI" value="109.000000" />
  <attribute name="IntegralH" value="109.000000" />
  <attribute name="DerivativeT" value="54.500000" />
  <attribute name="DerivativeI" value="54.500000" />
  <attribute name="DerivativeH" value="54.500000" />
  <attribute name="Loop Time for DT" value="2.000000" />
  <attribute name="Output H" value="8388608"/>
  <attribute name="Output I" value="224"/>
  <attribute name="Output T" value="16"/>
  <attribute name="Target GC Util Change" value ="80.000000" />
  <attribute name="Current GC Util Change" value="189.000000"/>
  <attribute name="GC Util currently" value="189" />
  <attribute name="CPU Util currently" value="614908171282" />
<exclusive-end id="2945" timestamp="2019-08-11T05:39:15.174" durationms="18.341" />

<exclusive-start id="2946" timestamp="2019-08-11T05:39:15.202" intervalms="46.542">
  <response-info timems="0.020" idlems="0.020" threads="0" lastid="000000000239EF00" lastname="main" />
</exclusive-start>
<allocation-taxation id="2947" taxation-threshold="75497472" timestamp="2019-08-11T05:39:15.202" intervalms="46.533" />
<cycle-start id="2948" type="partial gc" contextid="0" timestamp="2019-08-11T05:39:15.202" intervalms="46.478" />
<gc-start id="2949" type="partial gc" contextid="2948" timestamp="2019-08-11T05:39:15.202">
  <mem-info id="2950" free="69206016" total="272629760" percent="25">
    <mem type="eden" free="0" total="75497472" percent="0" />
    <remembered-set count="5472" freebytes="10877312" totalbytes="10899200" percent="99" regionsoverflowed="0" regionsstable="9" regionsrebuilding="0"/>
  </mem-info>
</gc-start>
<allocation-stats totalBytes="75367992" >
  <allocated-bytes non-tlh="0" tlh="75367992" arrayletleaf="0"/>
  <largest-consumer threadName="main" threadId="000000000239EF00" bytes="75367992" />
</allocation-stats>
<gc-op id="2951" type="copy forward" timems="8.331" contextid="2948" timestamp="2019-08-11T05:39:15.212">
  <memory-copied type="eden" objects="4" bytes="104" bytesdiscarded="0" />
  <memory-copied type="other" objects="45" bytes="1784" bytesdiscarded="1176" />
  <memory-cardclean objects="66" bytes="2072" />
  <regions eden="36" other="2" />
  <remembered-set-cleared processed="526" cleared="7" durationms="0.236" />
  <stringconstants candidates="13725" cleared="0"  />
</gc-op>
<gc-op id="2952" type="classunload" timems="0.012" contextid="2948" timestamp="2019-08-11T05:39:15.212">
  <classunload-info classloadercandidates="54" classloadersunloaded="0" classesunloaded="0" anonymousclassesunloaded="0" quiescems="0.000" setupms="0.011" scanms="0.000" postms="0.000" />
</gc-op>
<gc-end id="2953" type="partial gc" contextid="2948" durationms="10.528" usertimems="24.866" systemtimems="0.000" timestamp="2019-08-11T05:39:15.213" activeThreads="16">
  <mem-info id="2954" free="142606336" total="272629760" percent="52">
    <mem type="eden" free="2097048" total="2097152" percent="99" />
    <remembered-set count="5888" freebytes="10875648" totalbytes="10899200" percent="99" regionsoverflowed="0" regionsstable="9" regionsrebuilding="0"/>
  </mem-info>
</gc-end>
<cycle-end id="2955" type="partial gc" contextid="2948" timestamp="2019-08-11T05:39:15.213" />
  <attribute name="elasticGC enabled" value="1" />
  <attribute name= "numThreadsSpecified" value="16" />
  <attribute name="heapSize specified" value="0" />
  <attribute name="Current GC Util" value="202" />
  <attribute name= "Current Time Running" value="137089" />
  <attribute name ="GC Interval" value="0" />
  <attribute name="ProportionalT" value="61.000000" />
  <attribute name="ProportionalI" value="61.000000" />
  <attribute name="ProportionalH" value="61.000000" />
  <attribute name="Current Error" value="122.000000" />
  <attribute name="IntegralT" value="122.000000" />
  <attribute name="IntegralI" value="122.000000" />
  <attribute name="IntegralH" value="122.000000" />
  <attribute name="DerivativeT" value="61.000000" />
  <attribute name="DerivativeI" value="61.000000" />
  <attribute name="DerivativeH" value="61.000000" />
  <attribute name="Loop Time for DT" value="2.000000" />
  <attribute name="Output H" value="8388608"/>
  <attribute name="Output I" value="248"/>
  <attribute name="Output T" value="16"/>
  <attribute name="Target GC Util Change" value ="80.000000" />
  <attribute name="Current GC Util Change" value="202.000000"/>
  <attribute name="GC Util currently" value="202" />
  <attribute name="CPU Util currently" value="743821736870" />
<exclusive-end id="2956" timestamp="2019-08-11T05:39:15.213" durationms="11.086" />

<exclusive-start id="2957" timestamp="2019-08-11T05:39:15.240" intervalms="38.615">
  <response-info timems="0.022" idlems="0.022" threads="0" lastid="000000000239EF00" lastname="main" />
</exclusive-start>
<allocation-taxation id="2958" taxation-threshold="75497472" timestamp="2019-08-11T05:39:15.241" intervalms="38.614" />
<cycle-start id="2959" type="partial gc" contextid="0" timestamp="2019-08-11T05:39:15.241" intervalms="38.608" />
<gc-start id="2960" type="partial gc" contextid="2959" timestamp="2019-08-11T05:39:15.241">
  <mem-info id="2961" free="67108864" total="272629760" percent="24">
    <mem type="eden" free="2097048" total="77594624" percent="2" />
    <remembered-set count="5568" freebytes="10876928" totalbytes="10899200" percent="99" regionsoverflowed="0" regionsstable="9" regionsrebuilding="0"/>
  </mem-info>
</gc-start>
<allocation-stats totalBytes="75364384" >
  <allocated-bytes non-tlh="0" tlh="75364384" arrayletleaf="0"/>
  <largest-consumer threadName="main" threadId="000000000239EF00" bytes="75364384" />
</allocation-stats>
<gc-op id="2962" type="copy forward" timems="2.292" contextid="2959" timestamp="2019-08-11T05:39:15.244">
  <memory-copied type="eden" objects="3" bytes="72" bytesdiscarded="0" />
  <memory-copied type="other" objects="27" bytes="1352" bytesdiscarded="0" />
  <memory-cardclean objects="51" bytes="1688" />
  <regions eden="36" other="2" />
  <remembered-set-cleared processed="528" cleared="6" durationms="0.367" />
  <stringconstants candidates="13725" cleared="0"  />
</gc-op>
<gc-op id="2963" type="classunload" timems="0.004" contextid="2959" timestamp="2019-08-11T05:39:15.244">
  <classunload-info classloadercandidates="54" classloadersunloaded="0" classesunloaded="0" anonymousclassesunloaded="0" quiescems="0.000" setupms="0.004" scanms="0.000" postms="0.000" />
</gc-op>
<heap-resize id="2964" type="expand" space="default" amount="48234496" count="1" timems="0.229" reason="excessive time being spent in gc" timestamp="2019-08-11T05:39:15.244" />
<gc-end id="2965" type="partial gc" contextid="2959" durationms="3.460" usertimems="6.580" systemtimems="0.000" timestamp="2019-08-11T05:39:15.244" activeThreads="1">
  <mem-info id="2966" free="190840832" total="320864256" percent="59">
    <mem type="eden" free="2097080" total="2097152" percent="99" />
    <remembered-set count="5824" freebytes="12804224" totalbytes="12827520" percent="99" regionsoverflowed="0" regionsstable="9" regionsrebuilding="0"/>
  </mem-info>
</gc-end>
<cycle-end id="2967" type="partial gc" contextid="2959" timestamp="2019-08-11T05:39:15.244" />
  <attribute name="elasticGC enabled" value="1" />
  <attribute name= "numThreadsSpecified" value="1" />
  <attribute name="heapSize specified" value="0" />
  <attribute name="Current GC Util" value="154" />
  <attribute name= "Current Time Running" value="137126" />
  <attribute name ="GC Interval" value="0" />
  <attribute name="ProportionalT" value="37.000000" />
  <attribute name="ProportionalI" value="37.000000" />
  <attribute name="ProportionalH" value="37.000000" />
  <attribute name="Current Error" value="74.000000" />
  <attribute name="IntegralT" value="0.000000" />
  <attribute name="IntegralI" value="0.000000" />
  <attribute name="IntegralH" value="0.000000" />
  <attribute name="DerivativeT" value="inf" />
  <attribute name="DerivativeI" value="inf" />
  <attribute name="DerivativeH" value="inf" />
  <attribute name="Loop Time for DT" value="0.000000" />
  <attribute name="Output H" value="8388608"/>
  <attribute name="Output I" value="200"/>
  <attribute name="Output T" value="1"/>
  <attribute name="Target GC Util Change" value ="80.000000" />
  <attribute name="Current GC Util Change" value="154.000000"/>
  <attribute name="GC Util currently" value="154" />
  <attribute name="CPU Util currently" value="2208513721263" />
<exclusive-end id="2968" timestamp="2019-08-11T05:39:15.244" durationms="3.965" />

<exclusive-start id="2969" timestamp="2019-08-11T05:39:15.332" intervalms="91.933">
  <response-info timems="0.020" idlems="0.020" threads="0" lastid="000000000239EF00" lastname="main" />
</exclusive-start>
<allocation-taxation id="2970" taxation-threshold="88080384" timestamp="2019-08-11T05:39:15.332" intervalms="91.946" />
<cycle-start id="2971" type="partial gc" contextid="0" timestamp="2019-08-11T05:39:15.333" intervalms="91.951" />
<gc-start id="2972" type="partial gc" contextid="2971" timestamp="2019-08-11T05:39:15.333">
  <mem-info id="2973" free="102760448" total="320864256" percent="32">
    <mem type="eden" free="2097080" total="90177536" percent="2" />
    <remembered-set count="5504" freebytes="12805504" totalbytes="12827520" percent="99" regionsoverflowed="0" regionsstable="9" regionsrebuilding="0"/>
  </mem-info>
</gc-start>
<allocation-stats totalBytes="87960904" >
  <allocated-bytes non-tlh="0" tlh="87960904" arrayletleaf="0"/>
  <largest-consumer threadName="main" threadId="000000000239EF00" bytes="87960904" />
</allocation-stats>
<gc-op id="2974" type="copy forward" timems="8.014" contextid="2971" timestamp="2019-08-11T05:39:15.342">
  <memory-copied type="eden" objects="42" bytes="2040" bytesdiscarded="456" />
  <memory-copied type="other" objects="12" bytes="288" bytesdiscarded="1344" />
  <memory-cardclean objects="107" bytes="2952" />
  <regions eden="42" other="2" />
  <remembered-set-cleared processed="528" cleared="13" durationms="0.131" />
  <stringconstants candidates="13725" cleared="0"  />
</gc-op>
<gc-op id="2975" type="classunload" timems="0.008" contextid="2971" timestamp="2019-08-11T05:39:15.342">
  <classunload-info classloadercandidates="54" classloadersunloaded="0" classesunloaded="0" anonymousclassesunloaded="0" quiescems="0.000" setupms="0.008" scanms="0.000" postms="0.000" />
</gc-op>
<heap-resize id="2976" type="expand" space="default" amount="4194304" count="1" timems="0.081" reason="excessive time being spent in gc" timestamp="2019-08-11T05:39:15.342" />
<gc-end id="2977" type="partial gc" contextid="2971" durationms="9.271" usertimems="20.875" systemtimems="0.000" timestamp="2019-08-11T05:39:15.342" activeThreads="16">
  <mem-info id="2978" free="195035136" total="325058560" percent="60">
    <mem type="eden" free="2094656" total="2097152" percent="99" />
    <remembered-set count="5792" freebytes="12972032" totalbytes="12995200" percent="99" regionsoverflowed="0" regionsstable="9" regionsrebuilding="0"/>
  </mem-info>
</gc-end>
<cycle-end id="2979" type="partial gc" contextid="2971" timestamp="2019-08-11T05:39:15.342" />
  <attribute name="elasticGC enabled" value="1" />
  <attribute name= "numThreadsSpecified" value="16" />
  <attribute name="heapSize specified" value="0" />
  <attribute name="Current GC Util" value="568" />
  <attribute name= "Current Time Running" value="137219" />
  <attribute name ="GC Interval" value="0" />
  <attribute name="ProportionalT" value="244.000000" />
  <attribute name="ProportionalI" value="244.000000" />
  <attribute name="ProportionalH" value="244.000000" />
  <attribute name="Current Error" value="488.000000" />
  <attribute name="IntegralT" value="244.000000" />
  <attribute name="IntegralI" value="244.000000" />
  <attribute name="IntegralH" value="244.000000" />
  <attribute name="DerivativeT" value="488.000000" />
  <attribute name="DerivativeI" value="488.000000" />
  <attribute name="DerivativeH" value="488.000000" />
  <attribute name="Loop Time for DT" value="1.000000" />
  <attribute name="Output H" value="8388608"/>
  <attribute name="Output I" value="976"/>
  <attribute name="Output T" value="16"/>
  <attribute name="Target GC Util Change" value ="80.000000" />
  <attribute name="Current GC Util Change" value="568.000000"/>
  <attribute name="GC Util currently" value="568" />
  <attribute name="CPU Util currently" value="1770823896903" />
<exclusive-end id="2980" timestamp="2019-08-11T05:39:15.342" durationms="9.900" />

<exclusive-start id="2981" timestamp="2019-08-11T05:39:15.397" intervalms="64.978">
  <response-info timems="0.020" idlems="0.020" threads="0" lastid="000000000239EF00" lastname="main" />
</exclusive-start>
<allocation-taxation id="2982" taxation-threshold="88080384" timestamp="2019-08-11T05:39:15.397" intervalms="64.966" />
<cycle-start id="2983" type="partial gc" contextid="0" timestamp="2019-08-11T05:39:15.398" intervalms="64.967" />
<gc-start id="2984" type="partial gc" contextid="2983" timestamp="2019-08-11T05:39:15.398">
  <mem-info id="2985" free="106954752" total="325058560" percent="32">
    <mem type="eden" free="0" total="88080384" percent="0" />
    <remembered-set count="5792" freebytes="12972032" totalbytes="12995200" percent="99" regionsoverflowed="0" regionsstable="9" regionsrebuilding="0"/>
  </mem-info>
</gc-start>
<allocation-stats totalBytes="88011960" >
  <allocated-bytes non-tlh="0" tlh="88011960" arrayletleaf="0"/>
  <largest-consumer threadName="main" threadId="000000000239EF00" bytes="88011960" />
</allocation-stats>
<gc-op id="2986" type="copy forward" timems="8.632" contextid="2983" timestamp="2019-08-11T05:39:15.408">
  <memory-copied type="eden" objects="42" bytes="6352" bytesdiscarded="1344" />
  <memory-copied type="other" objects="24" bytes="576" bytesdiscarded="1296" />
  <memory-cardclean objects="117" bytes="3328" />
  <regions eden="42" other="2" />
  <remembered-set-cleared processed="527" cleared="14" durationms="0.122" />
  <stringconstants candidates="13725" cleared="0"  />
</gc-op>
<gc-op id="2987" type="classunload" timems="0.007" contextid="2983" timestamp="2019-08-11T05:39:15.408">
  <classunload-info classloadercandidates="54" classloadersunloaded="0" classesunloaded="0" anonymousclassesunloaded="0" quiescems="0.000" setupms="0.007" scanms="0.000" postms="0.000" />
</gc-op>
<gc-end id="2988" type="partial gc" contextid="2983" durationms="10.287" usertimems="26.349" systemtimems="0.000" timestamp="2019-08-11T05:39:15.408" activeThreads="16">
  <mem-info id="2989" free="192937984" total="325058560" percent="59">
    <mem type="eden" free="2089456" total="2097152" percent="99" />
    <remembered-set count="6752" freebytes="12968192" totalbytes="12995200" percent="99" regionsoverflowed="0" regionsstable="9" regionsrebuilding="0"/>
  </mem-info>
</gc-end>
<cycle-end id="2990" type="partial gc" contextid="2983" timestamp="2019-08-11T05:39:15.408" />
  <attribute name="elasticGC enabled" value="1" />
  <attribute name= "numThreadsSpecified" value="16" />
  <attribute name="heapSize specified" value="0" />
  <attribute name="Current GC Util" value="221" />
  <attribute name= "Current Time Running" value="137284" />
  <attribute name ="GC Interval" value="0" />
  <attribute name="ProportionalT" value="70.500000" />
  <attribute name="ProportionalI" value="70.500000" />
  <attribute name="ProportionalH" value="70.500000" />
  <attribute name="Current Error" value="141.000000" />
  <attribute name="IntegralT" value="70.500000" />
  <attribute name="IntegralI" value="70.500000" />
  <attribute name="IntegralH" value="70.500000" />
  <attribute name="DerivativeT" value="141.000000" />
  <attribute name="DerivativeI" value="141.000000" />
  <attribute name="DerivativeH" value="141.000000" />
  <attribute name="Loop Time for DT" value="1.000000" />
  <attribute name="Output H" value="8388608"/>
  <attribute name="Output I" value="288"/>
  <attribute name="Output T" value="16"/>
  <attribute name="Target GC Util Change" value ="80.000000" />
  <attribute name="Current GC Util Change" value="221.000000"/>
  <attribute name="GC Util currently" value="221" />
  <attribute name="CPU Util currently" value="1004434851730" />
<exclusive-end id="2991" timestamp="2019-08-11T05:39:15.408" durationms="10.858" />

<exclusive-start id="2992" timestamp="2019-08-11T05:39:15.581" intervalms="183.144">
  <response-info timems="0.019" idlems="0.019" threads="0" lastid="000000000239EF00" lastname="main" />
</exclusive-start>
<allocation-taxation id="2993" taxation-threshold="88080384" timestamp="2019-08-11T05:39:15.581" intervalms="183.152" />
<cycle-start id="2994" type="partial gc" contextid="0" timestamp="2019-08-11T05:39:15.581" intervalms="183.190" />
<gc-start id="2995" type="partial gc" contextid="2994" timestamp="2019-08-11T05:39:15.581">
  <mem-info id="2996" free="104857600" total="325058560" percent="32">
    <mem type="eden" free="0" total="88080384" percent="0" />
    <remembered-set count="6624" freebytes="12968704" totalbytes="12995200" percent="99" regionsoverflowed="0" regionsstable="9" regionsrebuilding="0"/>
  </mem-info>
</gc-start>
<allocation-stats totalBytes="87958272" >
  <allocated-bytes non-tlh="0" tlh="87958272" arrayletleaf="0"/>
  <largest-consumer threadName="main" threadId="000000000239EF00" bytes="87958272" />
</allocation-stats>
<gc-op id="2997" type="copy forward" timems="7.331" contextid="2994" timestamp="2019-08-11T05:39:15.589">
  <memory-copied type="eden" objects="25" bytes="768" bytesdiscarded="0" />
  <memory-copied type="other" objects="24" bytes="576" bytesdiscarded="1896" />
  <memory-cardclean objects="108" bytes="3064" />
  <regions eden="42" other="2" />
  <remembered-set-cleared processed="530" cleared="14" durationms="0.149" />
  <stringconstants candidates="13725" cleared="0"  />
</gc-op>
<gc-op id="2998" type="classunload" timems="0.008" contextid="2994" timestamp="2019-08-11T05:39:15.589">
  <classunload-info classloadercandidates="54" classloadersunloaded="0" classesunloaded="0" anonymousclassesunloaded="0" quiescems="0.000" setupms="0.008" scanms="0.000" postms="0.000" />
</gc-op>
<gc-end id="2999" type="partial gc" contextid="2994" durationms="8.340" usertimems="19.158" systemtimems="0.000" timestamp="2019-08-11T05:39:15.589" activeThreads="16">
  <mem-info id="3000" free="190840832" total="325058560" percent="58">
    <mem type="eden" free="2096384" total="2097152" percent="99" />
    <remembered-set count="5792" freebytes="12972032" totalbytes="12995200" percent="99" regionsoverflowed="0" regionsstable="9" regionsrebuilding="0"/>
  </mem-info>
</gc-end>
<cycle-end id="3001" type="partial gc" contextid="2994" timestamp="2019-08-11T05:39:15.589" />
  <attribute name="elasticGC enabled" value="1" />
  <attribute name= "numThreadsSpecified" value="16" />
  <attribute name="heapSize specified" value="0" />
  <attribute name="Current GC Util" value="162" />
  <attribute name= "Current Time Running" value="137467" />
  <attribute name ="GC Interval" value="0" />
  <attribute name="ProportionalT" value="41.000000" />
  <attribute name="ProportionalI" value="41.000000" />
  <attribute name="ProportionalH" value="41.000000" />
  <attribute name="Current Error" value="82.000000" />
  <attribute name="IntegralT" value="41.000000" />
  <attribute name="IntegralI" value="41.000000" />
  <attribute name="IntegralH" value="41.000000" />
  <attribute name="DerivativeT" value="82.000000" />
  <attribute name="DerivativeI" value="82.000000" />
  <attribute name="DerivativeH" value="82.000000" />
  <attribute name="Loop Time for DT" value="1.000000" />
  <attribute name="Output H" value="8388608"/>
  <attribute name="Output I" value="200"/>
  <attribute name="Output T" value="16"/>
  <attribute name="Target GC Util Change" value ="80.000000" />
  <attribute name="Current GC Util Change" value="162.000000"/>
  <attribute name="GC Util currently" value="162" />
  <attribute name="CPU Util currently" value="2109286910262" />
<exclusive-end id="3002" timestamp="2019-08-11T05:39:15.590" durationms="8.974" />

<exclusive-start id="3003" timestamp="2019-08-11T05:39:15.761" intervalms="180.813">
  <response-info timems="0.019" idlems="0.019" threads="0" lastid="000000000239EF00" lastname="main" />
</exclusive-start>
<allocation-taxation id="3004" taxation-threshold="88080384" timestamp="2019-08-11T05:39:15.761" intervalms="180.802" />
<cycle-start id="3005" type="partial gc" contextid="0" timestamp="2019-08-11T05:39:15.761" intervalms="180.759" />
<gc-start id="3006" type="partial gc" contextid="3005" timestamp="2019-08-11T05:39:15.762">
  <mem-info id="3007" free="102760448" total="325058560" percent="31">
    <mem type="eden" free="0" total="88080384" percent="0" />
    <remembered-set count="5344" freebytes="12973824" totalbytes="12995200" percent="99" regionsoverflowed="0" regionsstable="9" regionsrebuilding="0"/>
  </mem-info>
</gc-start>
<allocation-stats totalBytes="88064232" >
  <allocated-bytes non-tlh="0" tlh="88064232" arrayletleaf="0"/>
  <largest-consumer threadName="main" threadId="000000000239EF00" bytes="88064232" />
</allocation-stats>
<gc-op id="3008" type="copy forward" timems="9.057" contextid="3005" timestamp="2019-08-11T05:39:15.772">
  <memory-copied type="eden" objects="21" bytes="696" bytesdiscarded="696" />
  <memory-copied type="other" objects="18" bytes="432" bytesdiscarded="2016" />
  <memory-cardclean objects="83" bytes="2392" />
  <regions eden="42" other="2" />
  <remembered-set-cleared processed="533" cleared="10" durationms="0.148" />
  <stringconstants candidates="13725" cleared="0"  />
</gc-op>
<gc-op id="3009" type="classunload" timems="0.007" contextid="3005" timestamp="2019-08-11T05:39:15.772">
  <classunload-info classloadercandidates="54" classloadersunloaded="0" classesunloaded="0" anonymousclassesunloaded="0" quiescems="0.000" setupms="0.007" scanms="0.000" postms="0.000" />
</gc-op>
<gc-end id="3010" type="partial gc" contextid="3005" durationms="10.618" usertimems="25.817" systemtimems="0.000" timestamp="2019-08-11T05:39:15.772" activeThreads="16">
  <mem-info id="3011" free="188743680" total="325058560" percent="58">
    <mem type="eden" free="2095760" total="2097152" percent="99" />
    <remembered-set count="6016" freebytes="12971136" totalbytes="12995200" percent="99" regionsoverflowed="0" regionsstable="9" regionsrebuilding="0"/>
  </mem-info>
</gc-end>
<cycle-end id="3012" type="partial gc" contextid="3005" timestamp="2019-08-11T05:39:15.772" />
  <attribute name="elasticGC enabled" value="1" />
  <attribute name= "numThreadsSpecified" value="16" />
  <attribute name="heapSize specified" value="0" />
  <attribute name="Current GC Util" value="219" />
  <attribute name= "Current Time Running" value="137648" />
  <attribute name ="GC Interval" value="0" />
  <attribute name="ProportionalT" value="69.500000" />
  <attribute name="ProportionalI" value="69.500000" />
  <attribute name="ProportionalH" value="69.500000" />
  <attribute name="Current Error" value="139.000000" />
  <attribute name="IntegralT" value="69.500000" />
  <attribute name="IntegralI" value="69.500000" />
  <attribute name="IntegralH" value="69.500000" />
  <attribute name="DerivativeT" value="139.000000" />
  <attribute name="DerivativeI" value="139.000000" />
  <attribute name="DerivativeH" value="139.000000" />
  <attribute name="Loop Time for DT" value="1.000000" />
  <attribute name="Output H" value="8388608"/>
  <attribute name="Output I" value="280"/>
  <attribute name="Output T" value="16"/>
  <attribute name="Target GC Util Change" value ="80.000000" />
  <attribute name="Current GC Util Change" value="219.000000"/>
  <attribute name="GC Util currently" value="219" />
  <attribute name="CPU Util currently" value="1070270862893" />
<exclusive-end id="3013" timestamp="2019-08-11T05:39:15.772" durationms="11.108" />

<exclusive-start id="3014" timestamp="2019-08-11T05:39:15.936" intervalms="174.744">
  <response-info timems="0.020" idlems="0.020" threads="0" lastid="000000000239EF00" lastname="main" />
</exclusive-start>
<allocation-taxation id="3015" taxation-threshold="88080384" timestamp="2019-08-11T05:39:15.936" intervalms="174.747" />
<cycle-start id="3016" type="partial gc" contextid="0" timestamp="2019-08-11T05:39:15.936" intervalms="174.783" />
<gc-start id="3017" type="partial gc" contextid="3016" timestamp="2019-08-11T05:39:15.937">
  <mem-info id="3018" free="100663296" total="325058560" percent="30">
    <mem type="eden" free="0" total="88080384" percent="0" />
    <remembered-set count="5600" freebytes="12972800" totalbytes="12995200" percent="99" regionsoverflowed="0" regionsstable="9" regionsrebuilding="0"/>
  </mem-info>
</gc-start>
<allocation-stats totalBytes="88064704" >
  <allocated-bytes non-tlh="0" tlh="88064704" arrayletleaf="0"/>
  <largest-consumer threadName="main" threadId="000000000239EF00" bytes="88064704" />
</allocation-stats>
<gc-op id="3019" type="copy forward" timems="7.498" contextid="3016" timestamp="2019-08-11T05:39:15.946">
  <memory-copied type="eden" objects="3" bytes="120" bytesdiscarded="0" />
  <memory-copied type="other" objects="26" bytes="816" bytesdiscarded="0" />
  <memory-cardclean objects="54" bytes="1696" />
  <regions eden="42" other="2" />
  <remembered-set-cleared processed="536" cleared="7" durationms="0.148" />
  <stringconstants candidates="13725" cleared="0"  />
</gc-op>
<gc-op id="3020" type="classunload" timems="0.012" contextid="3016" timestamp="2019-08-11T05:39:15.946">
  <classunload-info classloadercandidates="54" classloadersunloaded="0" classesunloaded="0" anonymousclassesunloaded="0" quiescems="0.000" setupms="0.012" scanms="0.000" postms="0.000" />
</gc-op>
<gc-end id="3021" type="partial gc" contextid="3016" durationms="9.337" usertimems="20.808" systemtimems="0.000" timestamp="2019-08-11T05:39:15.946" activeThreads="16">
  <mem-info id="3022" free="186646528" total="325058560" percent="57">
    <mem type="eden" free="2097032" total="2097152" percent="99" />
    <remembered-set count="5696" freebytes="12972416" totalbytes="12995200" percent="99" regionsoverflowed="0" regionsstable="9" regionsrebuilding="0"/>
  </mem-info>
</gc-end>
<cycle-end id="3023" type="partial gc" contextid="3016" timestamp="2019-08-11T05:39:15.946" />
  <attribute name="elasticGC enabled" value="1" />
  <attribute name= "numThreadsSpecified" value="16" />
  <attribute name="heapSize specified" value="0" />
  <attribute name="Current GC Util" value="207" />
  <attribute name= "Current Time Running" value="137823" />
  <attribute name ="GC Interval" value="0" />
  <attribute name="ProportionalT" value="63.500000" />
  <attribute name="ProportionalI" value="63.500000" />
  <attribute name="ProportionalH" value="63.500000" />
  <attribute name="Current Error" value="127.000000" />
  <attribute name="IntegralT" value="63.500000" />
  <attribute name="IntegralI" value="63.500000" />
  <attribute name="IntegralH" value="63.500000" />
  <attribute name="DerivativeT" value="127.000000" />
  <attribute name="DerivativeI" value="127.000000" />
  <attribute name="DerivativeH" value="127.000000" />
  <attribute name="Loop Time for DT" value="1.000000" />
  <attribute name="Output H" value="8388608"/>
  <attribute name="Output I" value="256"/>
  <attribute name="Output T" value="16"/>
  <attribute name="Target GC Util Change" value ="80.000000" />
  <attribute name="Current GC Util Change" value="207.000000"/>
  <attribute name="GC Util currently" value="207" />
  <attribute name="CPU Util currently" value="894859956011" />
<exclusive-end id="3024" timestamp="2019-08-11T05:39:15.946" durationms="9.985" />

<exclusive-start id="3025" timestamp="2019-08-11T05:39:16.026" intervalms="89.451">
  <response-info timems="0.018" idlems="0.018" threads="0" lastid="000000000239EF00" lastname="main" />
</exclusive-start>
<allocation-taxation id="3026" taxation-threshold="88080384" timestamp="2019-08-11T05:39:16.026" intervalms="89.448" />
<cycle-start id="3027" type="partial gc" contextid="0" timestamp="2019-08-11T05:39:16.026" intervalms="89.423" />
<gc-start id="3028" type="partial gc" contextid="3027" timestamp="2019-08-11T05:39:16.026">
  <mem-info id="3029" free="98566144" total="325058560" percent="30">
    <mem type="eden" free="2097032" total="90177536" percent="2" />
    <remembered-set count="5312" freebytes="12973952" totalbytes="12995200" percent="99" regionsoverflowed="0" regionsstable="9" regionsrebuilding="0"/>
  </mem-info>
</gc-start>
<allocation-stats totalBytes="87989688" >
  <allocated-bytes non-tlh="0" tlh="87989688" arrayletleaf="0"/>
  <largest-consumer threadName="main" threadId="000000000239EF00" bytes="87989688" />
</allocation-stats>
<gc-op id="3030" type="copy forward" timems="9.479" contextid="3027" timestamp="2019-08-11T05:39:16.036">
  <memory-copied type="eden" objects="25" bytes="1328" bytesdiscarded="696" />
  <memory-copied type="other" objects="6" bytes="144" bytesdiscarded="672" />
  <memory-cardclean objects="69" bytes="1984" />
  <regions eden="42" other="2" />
  <remembered-set-cleared processed="538" cleared="8" durationms="0.182" />
  <stringconstants candidates="13725" cleared="0"  />
</gc-op>
<gc-op id="3031" type="classunload" timems="0.010" contextid="3027" timestamp="2019-08-11T05:39:16.036">
  <classunload-info classloadercandidates="54" classloadersunloaded="0" classesunloaded="0" anonymousclassesunloaded="0" quiescems="0.000" setupms="0.010" scanms="0.000" postms="0.000" />
</gc-op>
<gc-end id="3032" type="partial gc" contextid="3027" durationms="10.469" usertimems="24.269" systemtimems="0.000" timestamp="2019-08-11T05:39:16.036" activeThreads="16">
  <mem-info id="3033" free="186646528" total="325058560" percent="57">
    <mem type="eden" free="2095128" total="2097152" percent="99" />
    <remembered-set count="5728" freebytes="12972288" totalbytes="12995200" percent="99" regionsoverflowed="0" regionsstable="9" regionsrebuilding="0"/>
  </mem-info>
</gc-end>
<cycle-end id="3034" type="partial gc" contextid="3027" timestamp="2019-08-11T05:39:16.036" />
  <attribute name="elasticGC enabled" value="1" />
  <attribute name= "numThreadsSpecified" value="16" />
  <attribute name="heapSize specified" value="0" />
  <attribute name="Current GC Util" value="178" />
  <attribute name= "Current Time Running" value="137912" />
  <attribute name ="GC Interval" value="0" />
  <attribute name="ProportionalT" value="49.000000" />
  <attribute name="ProportionalI" value="49.000000" />
  <attribute name="ProportionalH" value="49.000000" />
  <attribute name="Current Error" value="98.000000" />
  <attribute name="IntegralT" value="49.000000" />
  <attribute name="IntegralI" value="49.000000" />
  <attribute name="IntegralH" value="49.000000" />
  <attribute name="DerivativeT" value="98.000000" />
  <attribute name="DerivativeI" value="98.000000" />
  <attribute name="DerivativeH" value="98.000000" />
  <attribute name="Loop Time for DT" value="1.000000" />
  <attribute name="Output H" value="8388608"/>
  <attribute name="Output I" value="200"/>
  <attribute name="Output T" value="16"/>
  <attribute name="Target GC Util Change" value ="80.000000" />
  <attribute name="Current GC Util Change" value="178.000000"/>
  <attribute name="GC Util currently" value="178" />
  <attribute name="CPU Util currently" value="2227114424542" />
<exclusive-end id="3035" timestamp="2019-08-11T05:39:16.037" durationms="11.075" />

<exclusive-start id="3036" timestamp="2019-08-11T05:39:16.087" intervalms="61.017">
  <response-info timems="0.025" idlems="0.025" threads="0" lastid="000000000239EF00" lastname="main" />
</exclusive-start>
<allocation-taxation id="3037" taxation-threshold="88080384" timestamp="2019-08-11T05:39:16.087" intervalms="61.028" />
<cycle-start id="3038" type="partial gc" contextid="0" timestamp="2019-08-11T05:39:16.087" intervalms="61.054" />
<gc-start id="3039" type="partial gc" contextid="3038" timestamp="2019-08-11T05:39:16.087">
  <mem-info id="3040" free="98566144" total="325058560" percent="30">
    <mem type="eden" free="0" total="88080384" percent="0" />
    <remembered-set count="5312" freebytes="12973952" totalbytes="12995200" percent="99" regionsoverflowed="0" regionsstable="9" regionsrebuilding="0"/>
  </mem-info>
</gc-start>
<allocation-stats totalBytes="87958872" >
  <allocated-bytes non-tlh="0" tlh="87958872" arrayletleaf="0"/>
  <largest-consumer threadName="main" threadId="000000000239EF00" bytes="87958872" />
</allocation-stats>
<gc-op id="3041" type="copy forward" timems="7.967" contextid="3038" timestamp="2019-08-11T05:39:16.097">
  <memory-copied type="eden" objects="4" bytes="112" bytesdiscarded="680" />
  <memory-copied type="other" objects="27" bytes="1360" bytesdiscarded="1248" />
  <memory-cardclean objects="45" bytes="1488" />
  <regions eden="42" other="2" />
  <remembered-set-cleared processed="538" cleared="8" durationms="0.197" />
  <stringconstants candidates="13725" cleared="0"  />
</gc-op>
<gc-op id="3042" type="classunload" timems="0.009" contextid="3038" timestamp="2019-08-11T05:39:16.097">
  <classunload-info classloadercandidates="54" classloadersunloaded="0" classesunloaded="0" anonymousclassesunloaded="0" quiescems="0.000" setupms="0.009" scanms="0.000" postms="0.000" />
</gc-op>
<gc-end id="3043" type="partial gc" contextid="3038" durationms="10.385" usertimems="24.893" systemtimems="0.000" timestamp="2019-08-11T05:39:16.097" activeThreads="16">
  <mem-info id="3044" free="184549376" total="325058560" percent="56">
    <mem type="eden" free="2096360" total="2097152" percent="99" />
    <remembered-set count="6240" freebytes="12970240" totalbytes="12995200" percent="99" regionsoverflowed="0" regionsstable="9" regionsrebuilding="0"/>
  </mem-info>
</gc-end>
<cycle-end id="3045" type="partial gc" contextid="3038" timestamp="2019-08-11T05:39:16.097" />
  <attribute name="elasticGC enabled" value="1" />
  <attribute name= "numThreadsSpecified" value="16" />
  <attribute name="heapSize specified" value="0" />
  <attribute name="Current GC Util" value="186" />
  <attribute name= "Current Time Running" value="137974" />
  <attribute name ="GC Interval" value="0" />
  <attribute name="ProportionalT" value="53.000000" />
  <attribute name="ProportionalI" value="53.000000" />
  <attribute name="ProportionalH" value="53.000000" />
  <attribute name="Current Error" value="106.000000" />
  <attribute name="IntegralT" value="106.000000" />
  <attribute name="IntegralI" value="106.000000" />
  <attribute name="IntegralH" value="106.000000" />
  <attribute name="DerivativeT" value="53.000000" />
  <attribute name="DerivativeI" value="53.000000" />
  <attribute name="DerivativeH" value="53.000000" />
  <attribute name="Loop Time for DT" value="2.000000" />
  <attribute name="Output H" value="8388608"/>
  <attribute name="Output I" value="216"/>
  <attribute name="Output T" value="16"/>
  <attribute name="Target GC Util Change" value ="80.000000" />
  <attribute name="Current GC Util Change" value="186.000000"/>
  <attribute name="GC Util currently" value="186" />
  <attribute name="CPU Util currently" value="601425919737" />
<exclusive-end id="3046" timestamp="2019-08-11T05:39:16.098" durationms="11.083" />

* Round 3 done in 3.416 seconds.
<exclusive-start id="3047" timestamp="2019-08-11T05:39:16.171" intervalms="84.661">
  <response-info timems="0.015" idlems="0.015" threads="0" lastid="000000000239EF00" lastname="main" />
</exclusive-start>
<allocation-taxation id="3048" taxation-threshold="88080384" timestamp="2019-08-11T05:39:16.171" intervalms="84.669" />
<cycle-start id="3049" type="partial gc" contextid="0" timestamp="2019-08-11T05:39:16.171" intervalms="84.649" />
<gc-start id="3050" type="partial gc" contextid="3049" timestamp="2019-08-11T05:39:16.172">
  <mem-info id="3051" free="96468992" total="325058560" percent="29">
    <mem type="eden" free="2096360" total="90177536" percent="2" />
    <remembered-set count="5792" freebytes="12972032" totalbytes="12995200" percent="99" regionsoverflowed="0" regionsstable="9" regionsrebuilding="0"/>
  </mem-info>
</gc-start>
<allocation-stats totalBytes="88028144" >
  <allocated-bytes non-tlh="0" tlh="88028144" arrayletleaf="0"/>
  <largest-consumer threadName="main" threadId="000000000239EF00" bytes="88028144" />
</allocation-stats>
<gc-op id="3052" type="copy forward" timems="15.584" contextid="3049" timestamp="2019-08-11T05:39:16.189">
  <memory-copied type="eden" objects="36" bytes="1248" bytesdiscarded="648" />
  <memory-copied type="other" objects="6" bytes="144" bytesdiscarded="648" />
  <memory-cardclean objects="145" bytes="4248" />
  <regions eden="42" other="2" />
  <remembered-set-cleared processed="540" cleared="14" durationms="0.438" />
  <stringconstants candidates="13725" cleared="0"  />
</gc-op>
<gc-op id="3053" type="classunload" timems="0.012" contextid="3049" timestamp="2019-08-11T05:39:16.189">
  <classunload-info classloadercandidates="54" classloadersunloaded="0" classesunloaded="0" anonymousclassesunloaded="0" quiescems="0.000" setupms="0.012" scanms="0.000" postms="0.000" />
</gc-op>
<heap-resize id="3054" type="expand" space="default" amount="27262976" count="1" timems="0.159" reason="excessive time being spent in gc" timestamp="2019-08-11T05:39:16.189" />
<gc-end id="3055" type="partial gc" contextid="3049" durationms="17.665" usertimems="40.755" systemtimems="0.000" timestamp="2019-08-11T05:39:16.189" activeThreads="16">
  <mem-info id="3056" free="211812352" total="352321536" percent="60">
    <mem type="eden" free="2095256" total="2097152" percent="99" />
    <remembered-set count="6176" freebytes="14060416" totalbytes="14085120" percent="99" regionsoverflowed="0" regionsstable="9" regionsrebuilding="0"/>
  </mem-info>
</gc-end>
<cycle-end id="3057" type="partial gc" contextid="3049" timestamp="2019-08-11T05:39:16.189" />
  <attribute name="elasticGC enabled" value="1" />
  <attribute name= "numThreadsSpecified" value="16" />
  <attribute name="heapSize specified" value="0" />
  <attribute name="Current GC Util" value="201" />
  <attribute name= "Current Time Running" value="138058" />
  <attribute name ="GC Interval" value="0" />
  <attribute name="ProportionalT" value="60.500000" />
  <attribute name="ProportionalI" value="60.500000" />
  <attribute name="ProportionalH" value="60.500000" />
  <attribute name="Current Error" value="121.000000" />
  <attribute name="IntegralT" value="60.500000" />
  <attribute name="IntegralI" value="60.500000" />
  <attribute name="IntegralH" value="60.500000" />
  <attribute name="DerivativeT" value="121.000000" />
  <attribute name="DerivativeI" value="121.000000" />
  <attribute name="DerivativeH" value="121.000000" />
  <attribute name="Loop Time for DT" value="1.000000" />
  <attribute name="Output H" value="8388608"/>
  <attribute name="Output I" value="248"/>
  <attribute name="Output T" value="16"/>
  <attribute name="Target GC Util Change" value ="80.000000" />
  <attribute name="Current GC Util Change" value="201.000000"/>
  <attribute name="GC Util currently" value="201" />
  <attribute name="CPU Util currently" value="836562718835" />
<exclusive-end id="3058" timestamp="2019-08-11T05:39:16.190" durationms="18.342" />

<exclusive-start id="3059" timestamp="2019-08-11T05:39:16.414" intervalms="242.868">
  <response-info timems="0.018" idlems="0.018" threads="0" lastid="000000000239EF00" lastname="main" />
</exclusive-start>
<allocation-taxation id="3060" taxation-threshold="94371840" timestamp="2019-08-11T05:39:16.414" intervalms="242.851" />
<cycle-start id="3061" type="partial gc" contextid="0" timestamp="2019-08-11T05:39:16.414" intervalms="242.877" />
<gc-start id="3062" type="partial gc" contextid="3061" timestamp="2019-08-11T05:39:16.414">
  <mem-info id="3063" free="117440512" total="352321536" percent="33">
    <mem type="eden" free="0" total="94371840" percent="0" />
    <remembered-set count="5696" freebytes="14062336" totalbytes="14085120" percent="99" regionsoverflowed="0" regionsstable="9" regionsrebuilding="0"/>
  </mem-info>
</gc-start>
<allocation-stats totalBytes="94053672" >
  <allocated-bytes non-tlh="0" tlh="94053672" arrayletleaf="0"/>
  <largest-consumer threadName="main" threadId="000000000239EF00" bytes="94053672" />
</allocation-stats>
<gc-op id="3064" type="copy forward" timems="8.379" contextid="3061" timestamp="2019-08-11T05:39:16.425">
  <memory-copied type="eden" objects="69" bytes="2928" bytesdiscarded="864" />
  <memory-copied type="other" objects="25" bytes="800" bytesdiscarded="1968" />
  <memory-cardclean objects="162" bytes="4512" />
  <regions eden="45" other="2" />
  <remembered-set-cleared processed="537" cleared="19" durationms="0.361" />
  <stringconstants candidates="13725" cleared="0"  />
</gc-op>
<gc-op id="3065" type="classunload" timems="0.013" contextid="3061" timestamp="2019-08-11T05:39:16.425">
  <classunload-info classloadercandidates="54" classloadersunloaded="0" classesunloaded="0" anonymousclassesunloaded="0" quiescems="0.000" setupms="0.013" scanms="0.000" postms="0.000" />
</gc-op>
<gc-end id="3066" type="partial gc" contextid="3061" durationms="10.566" usertimems="22.831" systemtimems="0.000" timestamp="2019-08-11T05:39:16.425" activeThreads="16">
  <mem-info id="3067" free="209715200" total="352321536" percent="59">
    <mem type="eden" free="2093360" total="2097152" percent="99" />
    <remembered-set count="6432" freebytes="14059392" totalbytes="14085120" percent="99" regionsoverflowed="0" regionsstable="9" regionsrebuilding="0"/>
  </mem-info>
</gc-end>
<cycle-end id="3068" type="partial gc" contextid="3061" timestamp="2019-08-11T05:39:16.425" />
  <attribute name="elasticGC enabled" value="1" />
  <attribute name= "numThreadsSpecified" value="16" />
  <attribute name="heapSize specified" value="0" />
  <attribute name="Current GC Util" value="218" />
  <attribute name= "Current Time Running" value="138301" />
  <attribute name ="GC Interval" value="0" />
  <attribute name="ProportionalT" value="69.000000" />
  <attribute name="ProportionalI" value="69.000000" />
  <attribute name="ProportionalH" value="69.000000" />
  <attribute name="Current Error" value="138.000000" />
  <attribute name="IntegralT" value="69.000000" />
  <attribute name="IntegralI" value="69.000000" />
  <attribute name="IntegralH" value="69.000000" />
  <attribute name="DerivativeT" value="138.000000" />
  <attribute name="DerivativeI" value="138.000000" />
  <attribute name="DerivativeH" value="138.000000" />
  <attribute name="Loop Time for DT" value="1.000000" />
  <attribute name="Output H" value="8388608"/>
  <attribute name="Output I" value="280"/>
  <attribute name="Output T" value="16"/>
  <attribute name="Target GC Util Change" value ="80.000000" />
  <attribute name="Current GC Util Change" value="218.000000"/>
  <attribute name="GC Util currently" value="218" />
  <attribute name="CPU Util currently" value="735553153369" />
<exclusive-end id="3069" timestamp="2019-08-11T05:39:16.425" durationms="11.197" />

<exclusive-start id="3070" timestamp="2019-08-11T05:39:16.454" intervalms="40.402">
  <response-info timems="0.020" idlems="0.020" threads="0" lastid="000000000239EF00" lastname="main" />
</exclusive-start>
<allocation-taxation id="3071" taxation-threshold="94371840" timestamp="2019-08-11T05:39:16.455" intervalms="40.413" />
<cycle-start id="3072" type="partial gc" contextid="0" timestamp="2019-08-11T05:39:16.455" intervalms="40.415" />
<gc-start id="3073" type="partial gc" contextid="3072" timestamp="2019-08-11T05:39:16.455">
  <mem-info id="3074" free="115343360" total="352321536" percent="32">
    <mem type="eden" free="0" total="94371840" percent="0" />
    <remembered-set count="6432" freebytes="14059392" totalbytes="14085120" percent="99" regionsoverflowed="0" regionsstable="9" regionsrebuilding="0"/>
  </mem-info>
</gc-start>
<allocation-stats totalBytes="94059192" >
  <allocated-bytes non-tlh="0" tlh="94059192" arrayletleaf="0"/>
  <largest-consumer threadName="main" threadId="000000000239EF00" bytes="94059192" />
</allocation-stats>
<gc-op id="3075" type="copy forward" timems="8.090" contextid="3072" timestamp="2019-08-11T05:39:16.465">
  <memory-copied type="eden" objects="2" bytes="56" bytesdiscarded="736" />
  <memory-copied type="other" objects="86" bytes="3528" bytesdiscarded="1544" />
  <memory-cardclean objects="113" bytes="3408" />
  <regions eden="45" other="2" />
  <remembered-set-cleared processed="538" cleared="12" durationms="0.171" />
  <stringconstants candidates="13725" cleared="0"  />
</gc-op>
<gc-op id="3076" type="classunload" timems="0.007" contextid="3072" timestamp="2019-08-11T05:39:16.465">
  <classunload-info classloadercandidates="54" classloadersunloaded="0" classesunloaded="0" anonymousclassesunloaded="0" quiescems="0.000" setupms="0.007" scanms="0.000" postms="0.000" />
</gc-op>
<gc-end id="3077" type="partial gc" contextid="3072" durationms="10.222" usertimems="22.728" systemtimems="0.000" timestamp="2019-08-11T05:39:16.465" activeThreads="16">
  <mem-info id="3078" free="207618048" total="352321536" percent="58">
    <mem type="eden" free="2096360" total="2097152" percent="99" />
    <remembered-set count="6176" freebytes="14060416" totalbytes="14085120" percent="99" regionsoverflowed="0" regionsstable="9" regionsrebuilding="0"/>
  </mem-info>
</gc-end>
<cycle-end id="3079" type="partial gc" contextid="3072" timestamp="2019-08-11T05:39:16.465" />
  <attribute name="elasticGC enabled" value="1" />
  <attribute name= "numThreadsSpecified" value="16" />
  <attribute name="heapSize specified" value="0" />
  <attribute name="Current GC Util" value="182" />
  <attribute name= "Current Time Running" value="138342" />
  <attribute name ="GC Interval" value="0" />
  <attribute name="ProportionalT" value="51.000000" />
  <attribute name="ProportionalI" value="51.000000" />
  <attribute name="ProportionalH" value="51.000000" />
  <attribute name="Current Error" value="102.000000" />
  <attribute name="IntegralT" value="102.000000" />
  <attribute name="IntegralI" value="102.000000" />
  <attribute name="IntegralH" value="102.000000" />
  <attribute name="DerivativeT" value="51.000000" />
  <attribute name="DerivativeI" value="51.000000" />
  <attribute name="DerivativeH" value="51.000000" />
  <attribute name="Loop Time for DT" value="2.000000" />
  <attribute name="Output H" value="8388608"/>
  <attribute name="Output I" value="208"/>
  <attribute name="Output T" value="16"/>
  <attribute name="Target GC Util Change" value ="80.000000" />
  <attribute name="Current GC Util Change" value="182.000000"/>
  <attribute name="GC Util currently" value="182" />
  <attribute name="CPU Util currently" value="711286071271" />
<exclusive-end id="3080" timestamp="2019-08-11T05:39:16.465" durationms="10.904" />

<exclusive-start id="3081" timestamp="2019-08-11T05:39:16.497" intervalms="42.194">
  <response-info timems="0.019" idlems="0.019" threads="0" lastid="000000000239EF00" lastname="main" />
</exclusive-start>
<allocation-taxation id="3082" taxation-threshold="94371840" timestamp="2019-08-11T05:39:16.497" intervalms="42.184" />
<cycle-start id="3083" type="partial gc" contextid="0" timestamp="2019-08-11T05:39:16.497" intervalms="42.199" />
<gc-start id="3084" type="partial gc" contextid="3083" timestamp="2019-08-11T05:39:16.497">
  <mem-info id="3085" free="113246208" total="352321536" percent="32">
    <mem type="eden" free="2096360" total="96468992" percent="2" />
    <remembered-set count="5952" freebytes="14061312" totalbytes="14085120" percent="99" regionsoverflowed="0" regionsstable="9" regionsrebuilding="0"/>
  </mem-info>
</gc-start>
<allocation-stats totalBytes="94059168" >
  <allocated-bytes non-tlh="0" tlh="94059168" arrayletleaf="0"/>
  <largest-consumer threadName="main" threadId="000000000239EF00" bytes="94059168" />
</allocation-stats>
<gc-op id="3086" type="copy forward" timems="10.726" contextid="3083" timestamp="2019-08-11T05:39:16.509">
  <memory-copied type="eden" objects="2" bytes="56" bytesdiscarded="736" />
  <memory-copied type="other" objects="67" bytes="2872" bytesdiscarded="1000" />
  <memory-cardclean objects="59" bytes="1960" />
  <regions eden="45" other="2" />
  <remembered-set-cleared processed="543" cleared="10" durationms="0.416" />
  <stringconstants candidates="13725" cleared="0"  />
</gc-op>
<gc-op id="3087" type="classunload" timems="0.008" contextid="3083" timestamp="2019-08-11T05:39:16.509">
  <classunload-info classloadercandidates="54" classloadersunloaded="0" classesunloaded="0" anonymousclassesunloaded="0" quiescems="0.000" setupms="0.008" scanms="0.000" postms="0.000" />
</gc-op>
<gc-end id="3088" type="partial gc" contextid="3083" durationms="12.244" usertimems="27.922" systemtimems="0.000" timestamp="2019-08-11T05:39:16.509" activeThreads="16">
  <mem-info id="3089" free="207618048" total="352321536" percent="58">
    <mem type="eden" free="2096360" total="2097152" percent="99" />
    <remembered-set count="6240" freebytes="14060160" totalbytes="14085120" percent="99" regionsoverflowed="0" regionsstable="9" regionsrebuilding="0"/>
  </mem-info>
</gc-end>
<cycle-end id="3090" type="partial gc" contextid="3083" timestamp="2019-08-11T05:39:16.509" />
  <attribute name="elasticGC enabled" value="1" />
  <attribute name= "numThreadsSpecified" value="16" />
  <attribute name="heapSize specified" value="0" />
  <attribute name="Current GC Util" value="236" />
  <attribute name= "Current Time Running" value="138383" />
  <attribute name ="GC Interval" value="0" />
  <attribute name="ProportionalT" value="78.000000" />
  <attribute name="ProportionalI" value="78.000000" />
  <attribute name="ProportionalH" value="78.000000" />
  <attribute name="Current Error" value="156.000000" />
  <attribute name="IntegralT" value="78.000000" />
  <attribute name="IntegralI" value="78.000000" />
  <attribute name="IntegralH" value="78.000000" />
  <attribute name="DerivativeT" value="156.000000" />
  <attribute name="DerivativeI" value="156.000000" />
  <attribute name="DerivativeH" value="156.000000" />
  <attribute name="Loop Time for DT" value="1.000000" />
  <attribute name="Output H" value="8388608"/>
  <attribute name="Output I" value="312"/>
  <attribute name="Output T" value="16"/>
  <attribute name="Target GC Util Change" value ="80.000000" />
  <attribute name="Current GC Util Change" value="236.000000"/>
  <attribute name="GC Util currently" value="236" />
  <attribute name="CPU Util currently" value="1107484684704" />
<exclusive-end id="3091" timestamp="2019-08-11T05:39:16.510" durationms="12.920" />

<exclusive-start id="3092" timestamp="2019-08-11T05:39:16.538" intervalms="41.572">
  <response-info timems="0.015" idlems="0.015" threads="0" lastid="000000000239EF00" lastname="main" />
</exclusive-start>
<allocation-taxation id="3093" taxation-threshold="94371840" timestamp="2019-08-11T05:39:16.538" intervalms="41.570" />
<cycle-start id="3094" type="partial gc" contextid="0" timestamp="2019-08-11T05:39:16.538" intervalms="41.548" />
<gc-start id="3095" type="partial gc" contextid="3094" timestamp="2019-08-11T05:39:16.539">
  <mem-info id="3096" free="113246208" total="352321536" percent="32">
    <mem type="eden" free="2096360" total="96468992" percent="2" />
    <remembered-set count="6240" freebytes="14060160" totalbytes="14085120" percent="99" regionsoverflowed="0" regionsstable="9" regionsrebuilding="0"/>
  </mem-info>
</gc-start>
<allocation-stats totalBytes="94059168" >
  <allocated-bytes non-tlh="0" tlh="94059168" arrayletleaf="0"/>
  <largest-consumer threadName="main" threadId="000000000239EF00" bytes="94059168" />
</allocation-stats>
<gc-op id="3097" type="copy forward" timems="8.860" contextid="3094" timestamp="2019-08-11T05:39:16.549">
  <memory-copied type="eden" objects="2" bytes="56" bytesdiscarded="736" />
  <memory-copied type="other" objects="67" bytes="2872" bytesdiscarded="1048" />
  <memory-cardclean objects="59" bytes="1960" />
  <regions eden="45" other="2" />
  <remembered-set-cleared processed="545" cleared="12" durationms="0.189" />
  <stringconstants candidates="13725" cleared="0"  />
</gc-op>
<gc-op id="3098" type="classunload" timems="0.005" contextid="3094" timestamp="2019-08-11T05:39:16.549">
  <classunload-info classloadercandidates="54" classloadersunloaded="0" classesunloaded="0" anonymousclassesunloaded="0" quiescems="0.000" setupms="0.005" scanms="0.000" postms="0.000" />
</gc-op>
<heap-resize id="3099" type="expand" space="default" amount="10485760" count="1" timems="0.090" reason="excessive time being spent in gc" timestamp="2019-08-11T05:39:16.550" />
<gc-end id="3100" type="partial gc" contextid="3094" durationms="11.029" usertimems="25.375" systemtimems="0.000" timestamp="2019-08-11T05:39:16.550" activeThreads="16">
  <mem-info id="3101" free="218103808" total="362807296" percent="60">
    <mem type="eden" free="2096360" total="2097152" percent="99" />
    <remembered-set count="6240" freebytes="14479360" totalbytes="14504320" percent="99" regionsoverflowed="0" regionsstable="9" regionsrebuilding="0"/>
  </mem-info>
</gc-end>
<cycle-end id="3102" type="partial gc" contextid="3094" timestamp="2019-08-11T05:39:16.550" />
  <attribute name="elasticGC enabled" value="1" />
  <attribute name= "numThreadsSpecified" value="16" />
  <attribute name="heapSize specified" value="0" />
  <attribute name="Current GC Util" value="203" />
  <attribute name= "Current Time Running" value="138425" />
  <attribute name ="GC Interval" value="0" />
  <attribute name="ProportionalT" value="61.500000" />
  <attribute name="ProportionalI" value="61.500000" />
  <attribute name="ProportionalH" value="61.500000" />
  <attribute name="Current Error" value="123.000000" />
  <attribute name="IntegralT" value="61.500000" />
  <attribute name="IntegralI" value="61.500000" />
  <attribute name="IntegralH" value="61.500000" />
  <attribute name="DerivativeT" value="123.000000" />
  <attribute name="DerivativeI" value="123.000000" />
  <attribute name="DerivativeH" value="123.000000" />
  <attribute name="Loop Time for DT" value="1.000000" />
  <attribute name="Output H" value="8388608"/>
  <attribute name="Output I" value="248"/>
  <attribute name="Output T" value="16"/>
  <attribute name="Target GC Util Change" value ="80.000000" />
  <attribute name="Current GC Util Change" value="203.000000"/>
  <attribute name="GC Util currently" value="203" />
  <attribute name="CPU Util currently" value="749889075643" />
<exclusive-end id="3103" timestamp="2019-08-11T05:39:16.550" durationms="11.632" />

<exclusive-start id="3104" timestamp="2019-08-11T05:39:16.579" intervalms="41.046">
  <response-info timems="0.016" idlems="0.016" threads="0" lastid="000000000239EF00" lastname="main" />
</exclusive-start>
<allocation-taxation id="3105" taxation-threshold="96468992" timestamp="2019-08-11T05:39:16.579" intervalms="41.046" />
<cycle-start id="3106" type="partial gc" contextid="0" timestamp="2019-08-11T05:39:16.579" intervalms="41.007" />
<gc-start id="3107" type="partial gc" contextid="3106" timestamp="2019-08-11T05:39:16.580">
  <mem-info id="3108" free="121634816" total="362807296" percent="33">
    <mem type="eden" free="2096360" total="98566144" percent="2" />
    <remembered-set count="6240" freebytes="14479360" totalbytes="14504320" percent="99" regionsoverflowed="0" regionsstable="9" regionsrebuilding="0"/>
  </mem-info>
</gc-start>
<allocation-stats totalBytes="96149480" >
  <allocated-bytes non-tlh="0" tlh="96149480" arrayletleaf="0"/>
  <largest-consumer threadName="main" threadId="000000000239EF00" bytes="96149480" />
</allocation-stats>
<gc-op id="3109" type="copy forward" timems="1.793" contextid="3106" timestamp="2019-08-11T05:39:16.582">
  <memory-copied type="eden" objects="2" bytes="56" bytesdiscarded="0" />
  <memory-copied type="other" objects="67" bytes="2872" bytesdiscarded="0" />
  <memory-cardclean objects="59" bytes="1960" />
  <regions eden="46" other="2" />
  <remembered-set-cleared processed="545" cleared="12" durationms="0.338" />
  <stringconstants candidates="13725" cleared="0"  />
</gc-op>
<gc-op id="3110" type="classunload" timems="0.004" contextid="3106" timestamp="2019-08-11T05:39:16.582">
  <classunload-info classloadercandidates="54" classloadersunloaded="0" classesunloaded="0" anonymousclassesunloaded="0" quiescems="0.000" setupms="0.003" scanms="0.000" postms="0.000" />
</gc-op>
<gc-end id="3111" type="partial gc" contextid="3106" durationms="2.934" usertimems="4.267" systemtimems="0.000" timestamp="2019-08-11T05:39:16.583" activeThreads="1">
  <mem-info id="3112" free="218103808" total="362807296" percent="60">
    <mem type="eden" free="2097096" total="2097152" percent="99" />
    <remembered-set count="6336" freebytes="14478976" totalbytes="14504320" percent="99" regionsoverflowed="0" regionsstable="9" regionsrebuilding="0"/>
  </mem-info>
</gc-end>
<cycle-end id="3113" type="partial gc" contextid="3106" timestamp="2019-08-11T05:39:16.583" />
  <attribute name="elasticGC enabled" value="1" />
  <attribute name= "numThreadsSpecified" value="1" />
  <attribute name="heapSize specified" value="0" />
  <attribute name="Current GC Util" value="159" />
  <attribute name= "Current Time Running" value="138465" />
  <attribute name ="GC Interval" value="0" />
  <attribute name="ProportionalT" value="39.500000" />
  <attribute name="ProportionalI" value="39.500000" />
  <attribute name="ProportionalH" value="39.500000" />
  <attribute name="Current Error" value="79.000000" />
  <attribute name="IntegralT" value="0.000000" />
  <attribute name="IntegralI" value="0.000000" />
  <attribute name="IntegralH" value="0.000000" />
  <attribute name="DerivativeT" value="inf" />
  <attribute name="DerivativeI" value="inf" />
  <attribute name="DerivativeH" value="inf" />
  <attribute name="Loop Time for DT" value="0.000000" />
  <attribute name="Output H" value="8388608"/>
  <attribute name="Output I" value="200"/>
  <attribute name="Output T" value="1"/>
  <attribute name="Target GC Util Change" value ="80.000000" />
  <attribute name="Current GC Util Change" value="159.000000"/>
  <attribute name="GC Util currently" value="159" />
  <attribute name="CPU Util currently" value="1858984049275" />
<exclusive-end id="3114" timestamp="2019-08-11T05:39:16.583" durationms="3.547" />

<exclusive-start id="3115" timestamp="2019-08-11T05:39:16.613" intervalms="33.425">
  <response-info timems="0.019" idlems="0.019" threads="0" lastid="000000000239EF00" lastname="main" />
</exclusive-start>
<allocation-taxation id="3116" taxation-threshold="96468992" timestamp="2019-08-11T05:39:16.613" intervalms="33.435" />
<cycle-start id="3117" type="partial gc" contextid="0" timestamp="2019-08-11T05:39:16.613" intervalms="33.439" />
<gc-start id="3118" type="partial gc" contextid="3117" timestamp="2019-08-11T05:39:16.613">
  <mem-info id="3119" free="121634816" total="362807296" percent="33">
    <mem type="eden" free="2097096" total="98566144" percent="2" />
    <remembered-set count="6080" freebytes="14480000" totalbytes="14504320" percent="99" regionsoverflowed="0" regionsstable="9" regionsrebuilding="0"/>
  </mem-info>
</gc-start>
<allocation-stats totalBytes="96149456" >
  <allocated-bytes non-tlh="0" tlh="96149456" arrayletleaf="0"/>
  <largest-consumer threadName="main" threadId="000000000239EF00" bytes="96149456" />
</allocation-stats>
<gc-op id="3120" type="copy forward" timems="9.742" contextid="3117" timestamp="2019-08-11T05:39:16.624">
  <memory-copied type="eden" objects="2" bytes="56" bytesdiscarded="736" />
  <memory-copied type="other" objects="67" bytes="2872" bytesdiscarded="712" />
  <memory-cardclean objects="59" bytes="1960" />
  <regions eden="46" other="2" />
  <remembered-set-cleared processed="543" cleared="10" durationms="0.169" />
  <stringconstants candidates="13725" cleared="0"  />
</gc-op>
<gc-op id="3121" type="classunload" timems="0.006" contextid="3117" timestamp="2019-08-11T05:39:16.624">
  <classunload-info classloadercandidates="54" classloadersunloaded="0" classesunloaded="0" anonymousclassesunloaded="0" quiescems="0.000" setupms="0.006" scanms="0.000" postms="0.000" />
</gc-op>
<gc-end id="3122" type="partial gc" contextid="3117" durationms="10.977" usertimems="26.598" systemtimems="0.000" timestamp="2019-08-11T05:39:16.624" activeThreads="16">
  <mem-info id="3123" free="218103808" total="362807296" percent="60">
    <mem type="eden" free="2096360" total="2097152" percent="99" />
    <remembered-set count="5728" freebytes="14481408" totalbytes="14504320" percent="99" regionsoverflowed="0" regionsstable="9" regionsrebuilding="0"/>
  </mem-info>
</gc-end>
<cycle-end id="3124" type="partial gc" contextid="3117" timestamp="2019-08-11T05:39:16.624" />
  <attribute name="elasticGC enabled" value="1" />
  <attribute name= "numThreadsSpecified" value="16" />
  <attribute name="heapSize specified" value="0" />
  <attribute name="Current GC Util" value="254" />
  <attribute name= "Current Time Running" value="138499" />
  <attribute name ="GC Interval" value="0" />
  <attribute name="ProportionalT" value="87.000000" />
  <attribute name="ProportionalI" value="87.000000" />
  <attribute name="ProportionalH" value="87.000000" />
  <attribute name="Current Error" value="174.000000" />
  <attribute name="IntegralT" value="87.000000" />
  <attribute name="IntegralI" value="87.000000" />
  <attribute name="IntegralH" value="87.000000" />
  <attribute name="DerivativeT" value="174.000000" />
  <attribute name="DerivativeI" value="174.000000" />
  <attribute name="DerivativeH" value="174.000000" />
  <attribute name="Loop Time for DT" value="1.000000" />
  <attribute name="Output H" value="8388608"/>
  <attribute name="Output I" value="352"/>
  <attribute name="Output T" value="16"/>
  <attribute name="Target GC Util Change" value ="80.000000" />
  <attribute name="Current GC Util Change" value="254.000000"/>
  <attribute name="GC Util currently" value="254" />
  <attribute name="CPU Util currently" value="1525714552270" />
<exclusive-end id="3125" timestamp="2019-08-11T05:39:16.624" durationms="11.518" />

<exclusive-start id="3126" timestamp="2019-08-11T05:39:16.655" intervalms="42.717">
  <response-info timems="0.014" idlems="0.014" threads="0" lastid="000000000239EF00" lastname="main" />
</exclusive-start>
<allocation-taxation id="3127" taxation-threshold="96468992" timestamp="2019-08-11T05:39:16.655" intervalms="42.705" />
<cycle-start id="3128" type="partial gc" contextid="0" timestamp="2019-08-11T05:39:16.656" intervalms="42.701" />
<gc-start id="3129" type="partial gc" contextid="3128" timestamp="2019-08-11T05:39:16.656">
  <mem-info id="3130" free="121634816" total="362807296" percent="33">
    <mem type="eden" free="2096360" total="98566144" percent="2" />
    <remembered-set count="5728" freebytes="14481408" totalbytes="14504320" percent="99" regionsoverflowed="0" regionsstable="9" regionsrebuilding="0"/>
  </mem-info>
</gc-start>
<allocation-stats totalBytes="96003928" >
  <allocated-bytes non-tlh="0" tlh="96003928" arrayletleaf="0"/>
  <largest-consumer threadName="main" threadId="000000000239EF00" bytes="96003928" />
</allocation-stats>
<gc-op id="3131" type="copy forward" timems="17.860" contextid="3128" timestamp="2019-08-11T05:39:16.675">
  <memory-copied type="eden" objects="26" bytes="1920" bytesdiscarded="816" />
  <memory-copied type="other" objects="48" bytes="1152" bytesdiscarded="384" />
  <memory-cardclean objects="83" bytes="2456" />
  <regions eden="46" other="2" />
  <remembered-set-cleared processed="545" cleared="12" durationms="0.168" />
  <stringconstants candidates="13725" cleared="0"  />
</gc-op>
<gc-op id="3132" type="classunload" timems="0.008" contextid="3128" timestamp="2019-08-11T05:39:16.676">
  <classunload-info classloadercandidates="54" classloadersunloaded="0" classesunloaded="0" anonymousclassesunloaded="0" quiescems="0.000" setupms="0.008" scanms="0.000" postms="0.000" />
</gc-op>
<gc-end id="3133" type="partial gc" contextid="3128" durationms="20.272" usertimems="43.128" systemtimems="0.000" timestamp="2019-08-11T05:39:16.676" activeThreads="16">
  <mem-info id="3134" free="218103808" total="362807296" percent="60">
    <mem type="eden" free="2094416" total="2097152" percent="99" />
    <remembered-set count="5728" freebytes="14481408" totalbytes="14504320" percent="99" regionsoverflowed="0" regionsstable="9" regionsrebuilding="0"/>
  </mem-info>
</gc-end>
<cycle-end id="3135" type="partial gc" contextid="3128" timestamp="2019-08-11T05:39:16.676" />
  <attribute name="elasticGC enabled" value="1" />
  <attribute name= "numThreadsSpecified" value="16" />
  <attribute name="heapSize specified" value="0" />
  <attribute name="Current GC Util" value="202" />
  <attribute name= "Current Time Running" value="138542" />
  <attribute name ="GC Interval" value="0" />
  <attribute name="ProportionalT" value="61.000000" />
  <attribute name="ProportionalI" value="61.000000" />
  <attribute name="ProportionalH" value="61.000000" />
  <attribute name="Current Error" value="122.000000" />
  <attribute name="IntegralT" value="61.000000" />
  <attribute name="IntegralI" value="61.000000" />
  <attribute name="IntegralH" value="61.000000" />
  <attribute name="DerivativeT" value="122.000000" />
  <attribute name="DerivativeI" value="122.000000" />
  <attribute name="DerivativeH" value="122.000000" />
  <attribute name="Loop Time for DT" value="1.000000" />
  <attribute name="Output H" value="8388608"/>
  <attribute name="Output I" value="248"/>
  <attribute name="Output T" value="16"/>
  <attribute name="Target GC Util Change" value ="80.000000" />
  <attribute name="Current GC Util Change" value="202.000000"/>
  <attribute name="GC Util currently" value="202" />
  <attribute name="CPU Util currently" value="744177500937" />
<exclusive-end id="3136" timestamp="2019-08-11T05:39:16.676" durationms="20.934" />

<exclusive-start id="3137" timestamp="2019-08-11T05:39:16.707" intervalms="51.889">
  <response-info timems="0.014" idlems="0.014" threads="0" lastid="000000000239EF00" lastname="main" />
</exclusive-start>
<allocation-taxation id="3138" taxation-threshold="96468992" timestamp="2019-08-11T05:39:16.707" intervalms="51.902" />
<cycle-start id="3139" type="partial gc" contextid="0" timestamp="2019-08-11T05:39:16.708" intervalms="52.036" />
<gc-start id="3140" type="partial gc" contextid="3139" timestamp="2019-08-11T05:39:16.708">
  <mem-info id="3141" free="121634816" total="362807296" percent="33">
    <mem type="eden" free="0" total="96468992" percent="0" />
    <remembered-set count="5472" freebytes="14482432" totalbytes="14504320" percent="99" regionsoverflowed="0" regionsstable="9" regionsrebuilding="0"/>
  </mem-info>
</gc-start>
<allocation-stats totalBytes="95861128" >
  <allocated-bytes non-tlh="0" tlh="95861128" arrayletleaf="0"/>
  <largest-consumer threadName="main" threadId="000000000239EF00" bytes="95861128" />
</allocation-stats>
<gc-op id="3142" type="copy forward" timems="8.956" contextid="3139" timestamp="2019-08-11T05:39:16.718">
  <memory-copied type="eden" objects="2" bytes="64" bytesdiscarded="0" />
  <memory-copied type="other" objects="73" bytes="3032" bytesdiscarded="1440" />
  <memory-cardclean objects="59" bytes="1960" />
  <regions eden="46" other="2" />
  <remembered-set-cleared processed="543" cleared="10" durationms="0.137" />
  <stringconstants candidates="13725" cleared="0"  />
</gc-op>
<gc-op id="3143" type="classunload" timems="0.010" contextid="3139" timestamp="2019-08-11T05:39:16.718">
  <classunload-info classloadercandidates="54" classloadersunloaded="0" classesunloaded="0" anonymousclassesunloaded="0" quiescems="0.000" setupms="0.010" scanms="0.000" postms="0.000" />
</gc-op>
<heap-resize id="3144" type="expand" space="default" amount="4194304" count="1" timems="0.068" reason="excessive time being spent in gc" timestamp="2019-08-11T05:39:16.718" />
<gc-end id="3145" type="partial gc" contextid="3139" durationms="10.442" usertimems="25.303" systemtimems="0.000" timestamp="2019-08-11T05:39:16.718" activeThreads="16">
  <mem-info id="3146" free="220200960" total="367001600" percent="60">
    <mem type="eden" free="2097088" total="2097152" percent="99" />
    <remembered-set count="6240" freebytes="14647040" totalbytes="14672000" percent="99" regionsoverflowed="0" regionsstable="9" regionsrebuilding="0"/>
  </mem-info>
</gc-end>
<cycle-end id="3147" type="partial gc" contextid="3139" timestamp="2019-08-11T05:39:16.719" />
  <attribute name="elasticGC enabled" value="1" />
  <attribute name= "numThreadsSpecified" value="16" />
  <attribute name="heapSize specified" value="0" />
  <attribute name="Current GC Util" value="249" />
  <attribute name= "Current Time Running" value="138594" />
  <attribute name ="GC Interval" value="0" />
  <attribute name="ProportionalT" value="84.500000" />
  <attribute name="ProportionalI" value="84.500000" />
  <attribute name="ProportionalH" value="84.500000" />
  <attribute name="Current Error" value="169.000000" />
  <attribute name="IntegralT" value="84.500000" />
  <attribute name="IntegralI" value="84.500000" />
  <attribute name="IntegralH" value="84.500000" />
  <attribute name="DerivativeT" value="169.000000" />
  <attribute name="DerivativeI" value="169.000000" />
  <attribute name="DerivativeH" value="169.000000" />
  <attribute name="Loop Time for DT" value="1.000000" />
  <attribute name="Output H" value="8388608"/>
  <attribute name="Output I" value="344"/>
  <attribute name="Output T" value="16"/>
  <attribute name="Target GC Util Change" value ="80.000000" />
  <attribute name="Current GC Util Change" value="249.000000"/>
  <attribute name="GC Util currently" value="249" />
  <attribute name="CPU Util currently" value="1348996792920" />
<exclusive-end id="3148" timestamp="2019-08-11T05:39:16.719" durationms="11.332" />

<exclusive-start id="3149" timestamp="2019-08-11T05:39:16.748" intervalms="40.996">
  <response-info timems="0.015" idlems="0.015" threads="0" lastid="000000000239EF00" lastname="main" />
</exclusive-start>
<allocation-taxation id="3150" taxation-threshold="98566144" timestamp="2019-08-11T05:39:16.748" intervalms="40.983" />
<cycle-start id="3151" type="partial gc" contextid="0" timestamp="2019-08-11T05:39:16.748" intervalms="40.856" />
<gc-start id="3152" type="partial gc" contextid="3151" timestamp="2019-08-11T05:39:16.749">
  <mem-info id="3153" free="121634816" total="367001600" percent="33">
    <mem type="eden" free="2097088" total="100663296" percent="2" />
    <remembered-set count="5792" freebytes="14648832" totalbytes="14672000" percent="99" regionsoverflowed="0" regionsstable="9" regionsrebuilding="0"/>
  </mem-info>
</gc-start>
<allocation-stats totalBytes="97949536" >
  <allocated-bytes non-tlh="0" tlh="97949536" arrayletleaf="0"/>
  <largest-consumer threadName="main" threadId="000000000239EF00" bytes="97949536" />
</allocation-stats>
<gc-op id="3154" type="copy forward" timems="8.659" contextid="3151" timestamp="2019-08-11T05:39:16.758">
  <memory-copied type="eden" objects="2" bytes="64" bytesdiscarded="0" />
  <memory-copied type="other" objects="25" bytes="1880" bytesdiscarded="1056" />
  <memory-cardclean objects="45" bytes="1568" />
  <regions eden="47" other="2" />
  <remembered-set-cleared processed="546" cleared="10" durationms="0.152" />
  <stringconstants candidates="13725" cleared="0"  />
</gc-op>
<gc-op id="3155" type="classunload" timems="0.005" contextid="3151" timestamp="2019-08-11T05:39:16.758">
  <classunload-info classloadercandidates="54" classloadersunloaded="0" classesunloaded="0" anonymousclassesunloaded="0" quiescems="0.000" setupms="0.005" scanms="0.000" postms="0.000" />
</gc-op>
<gc-end id="3156" type="partial gc" contextid="3151" durationms="9.851" usertimems="25.979" systemtimems="0.000" timestamp="2019-08-11T05:39:16.759" activeThreads="16">
  <mem-info id="3157" free="220200960" total="367001600" percent="60">
    <mem type="eden" free="2097088" total="2097152" percent="99" />
    <remembered-set count="6336" freebytes="14646656" totalbytes="14672000" percent="99" regionsoverflowed="0" regionsstable="9" regionsrebuilding="0"/>
  </mem-info>
</gc-end>
<cycle-end id="3158" type="partial gc" contextid="3151" timestamp="2019-08-11T05:39:16.759" />
  <attribute name="elasticGC enabled" value="1" />
  <attribute name= "numThreadsSpecified" value="16" />
  <attribute name="heapSize specified" value="0" />
  <attribute name="Current GC Util" value="164" />
  <attribute name= "Current Time Running" value="138635" />
  <attribute name ="GC Interval" value="0" />
  <attribute name="ProportionalT" value="42.000000" />
  <attribute name="ProportionalI" value="42.000000" />
  <attribute name="ProportionalH" value="42.000000" />
  <attribute name="Current Error" value="84.000000" />
  <attribute name="IntegralT" value="42.000000" />
  <attribute name="IntegralI" value="42.000000" />
  <attribute name="IntegralH" value="42.000000" />
  <attribute name="DerivativeT" value="84.000000" />
  <attribute name="DerivativeI" value="84.000000" />
  <attribute name="DerivativeH" value="84.000000" />
  <attribute name="Loop Time for DT" value="1.000000" />
  <attribute name="Output H" value="8388608"/>
  <attribute name="Output I" value="200"/>
  <attribute name="Output T" value="16"/>
  <attribute name="Target GC Util Change" value ="80.000000" />
  <attribute name="Current GC Util Change" value="164.000000"/>
  <attribute name="GC Util currently" value="164" />
  <attribute name="CPU Util currently" value="2002135046374" />
<exclusive-end id="3159" timestamp="2019-08-11T05:39:16.759" durationms="10.350" />

<exclusive-start id="3160" timestamp="2019-08-11T05:39:16.788" intervalms="40.123">
  <response-info timems="0.015" idlems="0.015" threads="0" lastid="000000000239EF00" lastname="main" />
</exclusive-start>
<allocation-taxation id="3161" taxation-threshold="98566144" timestamp="2019-08-11T05:39:16.789" intervalms="40.129" />
<cycle-start id="3162" type="partial gc" contextid="0" timestamp="2019-08-11T05:39:16.789" intervalms="40.237" />
<gc-start id="3163" type="partial gc" contextid="3162" timestamp="2019-08-11T05:39:16.789">
  <mem-info id="3164" free="121634816" total="367001600" percent="33">
    <mem type="eden" free="2097088" total="100663296" percent="2" />
    <remembered-set count="6336" freebytes="14646656" totalbytes="14672000" percent="99" regionsoverflowed="0" regionsstable="9" regionsrebuilding="0"/>
  </mem-info>
</gc-start>
<allocation-stats totalBytes="97949536" >
  <allocated-bytes non-tlh="0" tlh="97949536" arrayletleaf="0"/>
  <largest-consumer threadName="main" threadId="000000000239EF00" bytes="97949536" />
</allocation-stats>
<gc-op id="3165" type="copy forward" timems="8.063" contextid="3162" timestamp="2019-08-11T05:39:16.798">
  <memory-copied type="eden" objects="2" bytes="64" bytesdiscarded="0" />
  <memory-copied type="other" objects="25" bytes="1880" bytesdiscarded="816" />
  <memory-cardclean objects="45" bytes="1568" />
  <regions eden="47" other="2" />
  <remembered-set-cleared processed="546" cleared="10" durationms="0.228" />
  <stringconstants candidates="13725" cleared="0"  />
</gc-op>
<gc-op id="3166" type="classunload" timems="0.009" contextid="3162" timestamp="2019-08-11T05:39:16.798">
  <classunload-info classloadercandidates="54" classloadersunloaded="0" classesunloaded="0" anonymousclassesunloaded="0" quiescems="0.000" setupms="0.008" scanms="0.000" postms="0.000" />
</gc-op>
<gc-end id="3167" type="partial gc" contextid="3162" durationms="9.235" usertimems="21.598" systemtimems="0.000" timestamp="2019-08-11T05:39:16.798" activeThreads="16">
  <mem-info id="3168" free="220200960" total="367001600" percent="60">
    <mem type="eden" free="2097088" total="2097152" percent="99" />
    <remembered-set count="6336" freebytes="14646656" totalbytes="14672000" percent="99" regionsoverflowed="0" regionsstable="9" regionsrebuilding="0"/>
  </mem-info>
</gc-end>
<cycle-end id="3169" type="partial gc" contextid="3162" timestamp="2019-08-11T05:39:16.798" />
  <attribute name="elasticGC enabled" value="1" />
  <attribute name= "numThreadsSpecified" value="16" />
  <attribute name="heapSize specified" value="0" />
  <attribute name="Current GC Util" value="153" />
  <attribute name= "Current Time Running" value="138675" />
  <attribute name ="GC Interval" value="0" />
  <attribute name="ProportionalT" value="36.500000" />
  <attribute name="ProportionalI" value="36.500000" />
  <attribute name="ProportionalH" value="36.500000" />
  <attribute name="Current Error" value="73.000000" />
  <attribute name="IntegralT" value="36.500000" />
  <attribute name="IntegralI" value="36.500000" />
  <attribute name="IntegralH" value="36.500000" />
  <attribute name="DerivativeT" value="73.000000" />
  <attribute name="DerivativeI" value="73.000000" />
  <attribute name="DerivativeH" value="73.000000" />
  <attribute name="Loop Time for DT" value="1.000000" />
  <attribute name="Output H" value="8388608"/>
  <attribute name="Output I" value="200"/>
  <attribute name="Output T" value="16"/>
  <attribute name="Target GC Util Change" value ="80.000000" />
  <attribute name="Current GC Util Change" value="153.000000"/>
  <attribute name="GC Util currently" value="153" />
  <attribute name="CPU Util currently" value="2448694877254" />
<exclusive-end id="3170" timestamp="2019-08-11T05:39:16.799" durationms="10.185" />

<exclusive-start id="3171" timestamp="2019-08-11T05:39:16.932" intervalms="143.126">
  <response-info timems="0.015" idlems="0.015" threads="0" lastid="000000000239EF00" lastname="main" />
</exclusive-start>
<allocation-taxation id="3172" taxation-threshold="98566144" timestamp="2019-08-11T05:39:16.932" intervalms="143.130" />
<cycle-start id="3173" type="partial gc" contextid="0" timestamp="2019-08-11T05:39:16.932" intervalms="143.178" />
<gc-start id="3174" type="partial gc" contextid="3173" timestamp="2019-08-11T05:39:16.932">
  <mem-info id="3175" free="121634816" total="367001600" percent="33">
    <mem type="eden" free="2097088" total="100663296" percent="2" />
    <remembered-set count="5888" freebytes="14648448" totalbytes="14672000" percent="99" regionsoverflowed="0" regionsstable="9" regionsrebuilding="0"/>
  </mem-info>
</gc-start>
<allocation-stats totalBytes="98546312" >
  <allocated-bytes non-tlh="0" tlh="98546312" arrayletleaf="0"/>
  <largest-consumer threadName="main" threadId="000000000239EF00" bytes="98546312" />
</allocation-stats>
<gc-op id="3176" type="copy forward" timems="9.370" contextid="3173" timestamp="2019-08-11T05:39:16.943">
  <memory-copied type="eden" objects="244" bytes="7936" bytesdiscarded="1840" />
  <memory-copied type="other" objects="6" bytes="144" bytesdiscarded="720" />
  <memory-cardclean objects="158" bytes="12456" />
  <regions eden="47" other="2" />
  <remembered-set-cleared processed="546" cleared="20" durationms="0.212" />
  <references type="weak" candidates="37" cleared="0" enqueued="0" />
  <stringconstants candidates="13725" cleared="0"  />
</gc-op>
<gc-op id="3177" type="classunload" timems="0.010" contextid="3173" timestamp="2019-08-11T05:39:16.943">
  <classunload-info classloadercandidates="54" classloadersunloaded="0" classesunloaded="0" anonymousclassesunloaded="0" quiescems="0.000" setupms="0.009" scanms="0.000" postms="0.000" />
</gc-op>
<gc-end id="3178" type="partial gc" contextid="3173" durationms="10.913" usertimems="22.277" systemtimems="0.000" timestamp="2019-08-11T05:39:16.943" activeThreads="16">
  <mem-info id="3179" free="220200960" total="367001600" percent="60">
    <mem type="eden" free="2087328" total="2097152" percent="99" />
    <remembered-set count="6688" freebytes="14645248" totalbytes="14672000" percent="99" regionsoverflowed="0" regionsstable="9" regionsrebuilding="0"/>
  </mem-info>
</gc-end>
<cycle-end id="3180" type="partial gc" contextid="3173" timestamp="2019-08-11T05:39:16.943" />
  <attribute name="elasticGC enabled" value="1" />
  <attribute name= "numThreadsSpecified" value="16" />
  <attribute name="heapSize specified" value="0" />
  <attribute name="Current GC Util" value="172" />
  <attribute name= "Current Time Running" value="138818" />
  <attribute name ="GC Interval" value="0" />
  <attribute name="ProportionalT" value="46.000000" />
  <attribute name="ProportionalI" value="46.000000" />
  <attribute name="ProportionalH" value="46.000000" />
  <attribute name="Current Error" value="92.000000" />
  <attribute name="IntegralT" value="46.000000" />
  <attribute name="IntegralI" value="46.000000" />
  <attribute name="IntegralH" value="46.000000" />
  <attribute name="DerivativeT" value="92.000000" />
  <attribute name="DerivativeI" value="92.000000" />
  <attribute name="DerivativeH" value="92.000000" />
  <attribute name="Loop Time for DT" value="1.000000" />
  <attribute name="Output H" value="8388608"/>
  <attribute name="Output I" value="200"/>
  <attribute name="Output T" value="16"/>
  <attribute name="Target GC Util Change" value ="80.000000" />
  <attribute name="Current GC Util Change" value="172.000000"/>
  <attribute name="GC Util currently" value="172" />
  <attribute name="CPU Util currently" value="1515777329385" />
<exclusive-end id="3181" timestamp="2019-08-11T05:39:16.944" durationms="11.932" />

<exclusive-start id="3182" timestamp="2019-08-11T05:39:17.017" intervalms="85.878">
  <response-info timems="0.014" idlems="0.014" threads="0" lastid="000000000239EF00" lastname="main" />
</exclusive-start>
<allocation-taxation id="3183" taxation-threshold="98566144" timestamp="2019-08-11T05:39:17.018" intervalms="85.869" />
<cycle-start id="3184" type="partial gc" contextid="0" timestamp="2019-08-11T05:39:17.018" intervalms="85.821" />
<gc-start id="3185" type="partial gc" contextid="3184" timestamp="2019-08-11T05:39:17.018">
  <mem-info id="3186" free="121634816" total="367001600" percent="33">
    <mem type="eden" free="0" total="98566144" percent="0" />
    <remembered-set count="6208" freebytes="14647168" totalbytes="14672000" percent="99" regionsoverflowed="0" regionsstable="9" regionsrebuilding="0"/>
  </mem-info>
</gc-start>
<allocation-stats totalBytes="98526352" >
  <allocated-bytes non-tlh="0" tlh="98526352" arrayletleaf="0"/>
  <largest-consumer threadName="main" threadId="000000000239EF00" bytes="98526352" />
</allocation-stats>
<gc-op id="3187" type="copy forward" timems="11.025" contextid="3184" timestamp="2019-08-11T05:39:17.030">
  <memory-copied type="eden" objects="23" bytes="904" bytesdiscarded="672" />
  <memory-copied type="other" objects="114" bytes="3792" bytesdiscarded="3416" />
  <memory-cardclean objects="132" bytes="12224" />
  <regions eden="47" other="2" />
  <remembered-set-cleared processed="545" cleared="21" durationms="0.170" />
  <references type="weak" candidates="37" cleared="0" enqueued="0" />
  <stringconstants candidates="13725" cleared="0"  />
</gc-op>
<gc-op id="3188" type="classunload" timems="0.010" contextid="3184" timestamp="2019-08-11T05:39:17.030">
  <classunload-info classloadercandidates="54" classloadersunloaded="0" classesunloaded="0" anonymousclassesunloaded="0" quiescems="0.000" setupms="0.010" scanms="0.000" postms="0.000" />
</gc-op>
<gc-end id="3189" type="partial gc" contextid="3184" durationms="12.514" usertimems="21.125" systemtimems="0.000" timestamp="2019-08-11T05:39:17.031" activeThreads="16">
  <mem-info id="3190" free="218103808" total="367001600" percent="59">
    <mem type="eden" free="2095576" total="2097152" percent="99" />
    <remembered-set count="7648" freebytes="14641408" totalbytes="14672000" percent="99" regionsoverflowed="0" regionsstable="9" regionsrebuilding="0"/>
  </mem-info>
</gc-end>
<cycle-end id="3191" type="partial gc" contextid="3184" timestamp="2019-08-11T05:39:17.031" />
  <attribute name="elasticGC enabled" value="1" />
  <attribute name= "numThreadsSpecified" value="16" />
  <attribute name="heapSize specified" value="0" />
  <attribute name="Current GC Util" value="119" />
  <attribute name= "Current Time Running" value="138904" />
  <attribute name ="GC Interval" value="0" />
  <attribute name="ProportionalT" value="19.500000" />
  <attribute name="ProportionalI" value="19.500000" />
  <attribute name="ProportionalH" value="19.500000" />
  <attribute name="Current Error" value="39.000000" />
  <attribute name="IntegralT" value="19.500000" />
  <attribute name="IntegralI" value="19.500000" />
  <attribute name="IntegralH" value="19.500000" />
  <attribute name="DerivativeT" value="39.000000" />
  <attribute name="DerivativeI" value="39.000000" />
  <attribute name="DerivativeH" value="39.000000" />
  <attribute name="Loop Time for DT" value="1.000000" />
  <attribute name="Output H" value="8388608"/>
  <attribute name="Output I" value="200"/>
  <attribute name="Output T" value="16"/>
  <attribute name="Target GC Util Change" value ="80.000000" />
  <attribute name="Current GC Util Change" value="119.000000"/>
  <attribute name="GC Util currently" value="119" />
  <attribute name="CPU Util currently" value="1641300171225" />
<exclusive-end id="3192" timestamp="2019-08-11T05:39:17.031" durationms="13.360" />

<exclusive-start id="3193" timestamp="2019-08-11T05:39:17.062" intervalms="44.484">
  <response-info timems="0.012" idlems="0.012" threads="0" lastid="000000000239EF00" lastname="main" />
</exclusive-start>
<allocation-taxation id="3194" taxation-threshold="98566144" timestamp="2019-08-11T05:39:17.062" intervalms="44.479" />
<cycle-start id="3195" type="partial gc" contextid="0" timestamp="2019-08-11T05:39:17.062" intervalms="44.366" />
<gc-start id="3196" type="partial gc" contextid="3195" timestamp="2019-08-11T05:39:17.062">
  <mem-info id="3197" free="119537664" total="367001600" percent="32">
    <mem type="eden" free="0" total="98566144" percent="0" />
    <remembered-set count="7168" freebytes="14643328" totalbytes="14672000" percent="99" regionsoverflowed="0" regionsstable="9" regionsrebuilding="0"/>
  </mem-info>
</gc-start>
<allocation-stats totalBytes="98515904" >
  <allocated-bytes non-tlh="0" tlh="98515904" arrayletleaf="0"/>
  <largest-consumer threadName="main" threadId="000000000239EF00" bytes="98515904" />
</allocation-stats>
<gc-op id="3198" type="copy forward" timems="8.360" contextid="3195" timestamp="2019-08-11T05:39:17.072">
  <memory-copied type="eden" objects="7" bytes="304" bytesdiscarded="0" />
  <memory-copied type="other" objects="125" bytes="4200" bytesdiscarded="2264" />
  <memory-cardclean objects="92" bytes="11192" />
  <regions eden="47" other="2" />
  <remembered-set-cleared processed="547" cleared="18" durationms="0.171" />
  <references type="weak" candidates="37" cleared="0" enqueued="0" />
  <stringconstants candidates="13725" cleared="0"  />
</gc-op>
<gc-op id="3199" type="classunload" timems="0.007" contextid="3195" timestamp="2019-08-11T05:39:17.072">
  <classunload-info classloadercandidates="54" classloadersunloaded="0" classesunloaded="0" anonymousclassesunloaded="0" quiescems="0.000" setupms="0.007" scanms="0.000" postms="0.000" />
</gc-op>
<gc-end id="3200" type="partial gc" contextid="3195" durationms="9.442" usertimems="22.692" systemtimems="0.000" timestamp="2019-08-11T05:39:17.072" activeThreads="16">
  <mem-info id="3201" free="216006656" total="367001600" percent="58">
    <mem type="eden" free="2096848" total="2097152" percent="99" />
    <remembered-set count="7808" freebytes="14640768" totalbytes="14672000" percent="99" regionsoverflowed="0" regionsstable="9" regionsrebuilding="0"/>
  </mem-info>
</gc-end>
<cycle-end id="3202" type="partial gc" contextid="3195" timestamp="2019-08-11T05:39:17.072" />
  <attribute name="elasticGC enabled" value="1" />
  <attribute name= "numThreadsSpecified" value="16" />
  <attribute name="heapSize specified" value="0" />
  <attribute name="Current GC Util" value="140" />
  <attribute name= "Current Time Running" value="138948" />
  <attribute name ="GC Interval" value="0" />
  <attribute name="ProportionalT" value="30.000000" />
  <attribute name="ProportionalI" value="30.000000" />
  <attribute name="ProportionalH" value="30.000000" />
  <attribute name="Current Error" value="60.000000" />
  <attribute name="IntegralT" value="30.000000" />
  <attribute name="IntegralI" value="30.000000" />
  <attribute name="IntegralH" value="30.000000" />
  <attribute name="DerivativeT" value="60.000000" />
  <attribute name="DerivativeI" value="60.000000" />
  <attribute name="DerivativeH" value="60.000000" />
  <attribute name="Loop Time for DT" value="1.000000" />
  <attribute name="Output H" value="8388608"/>
  <attribute name="Output I" value="200"/>
  <attribute name="Output T" value="16"/>
  <attribute name="Target GC Util Change" value ="80.000000" />
  <attribute name="Current GC Util Change" value="140.000000"/>
  <attribute name="GC Util currently" value="140" />
  <attribute name="CPU Util currently" value="1875525983973" />
<exclusive-end id="3203" timestamp="2019-08-11T05:39:17.072" durationms="10.013" />

<exclusive-start id="3204" timestamp="2019-08-11T05:39:17.104" intervalms="41.570">
  <response-info timems="0.012" idlems="0.012" threads="0" lastid="000000000239EF00" lastname="main" />
</exclusive-start>
<allocation-taxation id="3205" taxation-threshold="98566144" timestamp="2019-08-11T05:39:17.104" intervalms="41.573" />
<cycle-start id="3206" type="partial gc" contextid="0" timestamp="2019-08-11T05:39:17.104" intervalms="41.558" />
<gc-start id="3207" type="partial gc" contextid="3206" timestamp="2019-08-11T05:39:17.104">
  <mem-info id="3208" free="117440512" total="367001600" percent="32">
    <mem type="eden" free="2096848" total="100663296" percent="2" />
    <remembered-set count="7328" freebytes="14642688" totalbytes="14672000" percent="99" regionsoverflowed="0" regionsstable="9" regionsrebuilding="0"/>
  </mem-info>
</gc-start>
<allocation-stats totalBytes="98504224" >
  <allocated-bytes non-tlh="0" tlh="98504224" arrayletleaf="0"/>
  <largest-consumer threadName="main" threadId="000000000239EF00" bytes="98504224" />
</allocation-stats>
<gc-op id="3209" type="copy forward" timems="8.065" contextid="3206" timestamp="2019-08-11T05:39:17.113">
  <memory-copied type="eden" objects="23" bytes="984" bytesdiscarded="672" />
  <memory-copied type="other" objects="6" bytes="144" bytesdiscarded="720" />
  <memory-cardclean objects="82" bytes="2480" />
  <regions eden="47" other="2" />
  <remembered-set-cleared processed="554" cleared="12" durationms="0.155" />
  <stringconstants candidates="13725" cleared="0"  />
</gc-op>
<gc-op id="3210" type="classunload" timems="0.009" contextid="3206" timestamp="2019-08-11T05:39:17.113">
  <classunload-info classloadercandidates="54" classloadersunloaded="0" classesunloaded="0" anonymousclassesunloaded="0" quiescems="0.000" setupms="0.009" scanms="0.000" postms="0.000" />
</gc-op>
<heap-resize id="3211" type="expand" space="default" amount="10485760" count="1" timems="0.106" reason="excessive time being spent in gc" timestamp="2019-08-11T05:39:17.113" />
<gc-end id="3212" type="partial gc" contextid="3206" durationms="9.583" usertimems="20.021" systemtimems="0.000" timestamp="2019-08-11T05:39:17.114" activeThreads="16">
  <mem-info id="3213" free="226492416" total="377487360" percent="60">
    <mem type="eden" free="2095496" total="2097152" percent="99" />
    <remembered-set count="6112" freebytes="15066752" totalbytes="15091200" percent="99" regionsoverflowed="0" regionsstable="9" regionsrebuilding="0"/>
  </mem-info>
</gc-end>
<cycle-end id="3214" type="partial gc" contextid="3206" timestamp="2019-08-11T05:39:17.114" />
  <attribute name="elasticGC enabled" value="1" />
  <attribute name= "numThreadsSpecified" value="16" />
  <attribute name="heapSize specified" value="0" />
  <attribute name="Current GC Util" value="189" />
  <attribute name= "Current Time Running" value="138990" />
  <attribute name ="GC Interval" value="0" />
  <attribute name="ProportionalT" value="54.500000" />
  <attribute name="ProportionalI" value="54.500000" />
  <attribute name="ProportionalH" value="54.500000" />
  <attribute name="Current Error" value="109.000000" />
  <attribute name="IntegralT" value="54.500000" />
  <attribute name="IntegralI" value="54.500000" />
  <attribute name="IntegralH" value="54.500000" />
  <attribute name="DerivativeT" value="109.000000" />
  <attribute name="DerivativeI" value="109.000000" />
  <attribute name="DerivativeH" value="109.000000" />
  <attribute name="Loop Time for DT" value="1.000000" />
  <attribute name="Output H" value="8388608"/>
  <attribute name="Output I" value="224"/>
  <attribute name="Output T" value="16"/>
  <attribute name="Target GC Util Change" value ="80.000000" />
  <attribute name="Current GC Util Change" value="189.000000"/>
  <attribute name="GC Util currently" value="189" />
  <attribute name="CPU Util currently" value="1385679602793" />
<exclusive-end id="3215" timestamp="2019-08-11T05:39:17.114" durationms="10.197" />

<exclusive-start id="3216" timestamp="2019-08-11T05:39:17.178" intervalms="74.460">
  <response-info timems="0.014" idlems="0.014" threads="0" lastid="000000000239EF00" lastname="main" />
</exclusive-start>
<allocation-taxation id="3217" taxation-threshold="100663296" timestamp="2019-08-11T05:39:17.178" intervalms="74.484" />
<cycle-start id="3218" type="partial gc" contextid="0" timestamp="2019-08-11T05:39:17.179" intervalms="75.126" />
<gc-start id="3219" type="partial gc" contextid="3218" timestamp="2019-08-11T05:39:17.179">
  <mem-info id="3220" free="125829120" total="377487360" percent="33">
    <mem type="eden" free="0" total="100663296" percent="0" />
    <remembered-set count="6112" freebytes="15066752" totalbytes="15091200" percent="99" regionsoverflowed="0" regionsstable="9" regionsrebuilding="0"/>
  </mem-info>
</gc-start>
<allocation-stats totalBytes="100601416" >
  <allocated-bytes non-tlh="0" tlh="100601416" arrayletleaf="0"/>
  <largest-consumer threadName="main" threadId="000000000239EF00" bytes="100601416" />
</allocation-stats>
<gc-op id="3221" type="copy forward" timems="7.548" contextid="3218" timestamp="2019-08-11T05:39:17.187">
  <memory-copied type="eden" objects="31" bytes="1152" bytesdiscarded="672" />
  <memory-copied type="other" objects="12" bytes="288" bytesdiscarded="1440" />
  <memory-cardclean objects="81" bytes="2464" />
  <regions eden="48" other="2" />
  <remembered-set-cleared processed="554" cleared="12" durationms="0.159" />
  <stringconstants candidates="13725" cleared="0"  />
</gc-op>
<gc-op id="3222" type="classunload" timems="0.005" contextid="3218" timestamp="2019-08-11T05:39:17.187">
  <classunload-info classloadercandidates="54" classloadersunloaded="0" classesunloaded="0" anonymousclassesunloaded="0" quiescems="0.000" setupms="0.005" scanms="0.000" postms="0.000" />
</gc-op>
<heap-resize id="3223" type="expand" space="default" amount="6291456" count="1" timems="0.077" reason="excessive time being spent in gc" timestamp="2019-08-11T05:39:17.188" />
<gc-end id="3224" type="partial gc" contextid="3218" durationms="8.602" usertimems="17.982" systemtimems="0.000" timestamp="2019-08-11T05:39:17.188" activeThreads="16">
  <mem-info id="3225" free="230686720" total="383778816" percent="60">
    <mem type="eden" free="2095328" total="2097152" percent="99" />
    <remembered-set count="6112" freebytes="15318272" totalbytes="15342720" percent="99" regionsoverflowed="0" regionsstable="9" regionsrebuilding="0"/>
  </mem-info>
</gc-end>
<cycle-end id="3226" type="partial gc" contextid="3218" timestamp="2019-08-11T05:39:17.188" />
  <attribute name="elasticGC enabled" value="1" />
  <attribute name= "numThreadsSpecified" value="16" />
  <attribute name="heapSize specified" value="0" />
  <attribute name="Current GC Util" value="137" />
  <attribute name= "Current Time Running" value="139065" />
  <attribute name ="GC Interval" value="0" />
  <attribute name="ProportionalT" value="28.500000" />
  <attribute name="ProportionalI" value="28.500000" />
  <attribute name="ProportionalH" value="28.500000" />
  <attribute name="Current Error" value="57.000000" />
  <attribute name="IntegralT" value="28.500000" />
  <attribute name="IntegralI" value="28.500000" />
  <attribute name="IntegralH" value="28.500000" />
  <attribute name="DerivativeT" value="57.000000" />
  <attribute name="DerivativeI" value="57.000000" />
  <attribute name="DerivativeH" value="57.000000" />
  <attribute name="Loop Time for DT" value="1.000000" />
  <attribute name="Output H" value="8388608"/>
  <attribute name="Output I" value="200"/>
  <attribute name="Output T" value="16"/>
  <attribute name="Target GC Util Change" value ="80.000000" />
  <attribute name="Current GC Util Change" value="137.000000"/>
  <attribute name="GC Util currently" value="137" />
  <attribute name="CPU Util currently" value="2312493645871" />
<exclusive-end id="3227" timestamp="2019-08-11T05:39:17.188" durationms="9.920" />

<exclusive-start id="3228" timestamp="2019-08-11T05:39:17.416" intervalms="237.758">
  <response-info timems="0.023" idlems="0.023" threads="0" lastid="000000000239EF00" lastname="main" />
</exclusive-start>
<allocation-taxation id="3229" taxation-threshold="102760448" timestamp="2019-08-11T05:39:17.416" intervalms="237.757" />
<cycle-start id="3230" type="partial gc" contextid="0" timestamp="2019-08-11T05:39:17.416" intervalms="237.146" />
<gc-start id="3231" type="partial gc" contextid="3230" timestamp="2019-08-11T05:39:17.416">
  <mem-info id="3232" free="127926272" total="383778816" percent="33">
    <mem type="eden" free="0" total="102760448" percent="0" />
    <remembered-set count="5728" freebytes="15319808" totalbytes="15342720" percent="99" regionsoverflowed="0" regionsstable="9" regionsrebuilding="0"/>
  </mem-info>
</gc-start>
<allocation-stats totalBytes="99022232" >
  <allocated-bytes non-tlh="0" tlh="99022232" arrayletleaf="0"/>
  <largest-consumer threadName="main" threadId="000000000239EF00" bytes="99022232" />
</allocation-stats>
<gc-op id="3233" type="copy forward" timems="15.060" contextid="3230" timestamp="2019-08-11T05:39:17.432">
  <memory-copied type="eden" objects="67" bytes="39704" bytesdiscarded="1008" />
  <memory-copied type="other" objects="12" bytes="288" bytesdiscarded="1440" />
  <memory-cardclean objects="129" bytes="3520" />
  <regions eden="49" other="2" />
  <remembered-set-cleared processed="556" cleared="16" durationms="0.135" />
  <stringconstants candidates="13725" cleared="0"  />
</gc-op>
<gc-op id="3234" type="classunload" timems="0.007" contextid="3230" timestamp="2019-08-11T05:39:17.432">
  <classunload-info classloadercandidates="54" classloadersunloaded="0" classesunloaded="0" anonymousclassesunloaded="0" quiescems="0.000" setupms="0.007" scanms="0.000" postms="0.000" />
</gc-op>
<gc-end id="3235" type="partial gc" contextid="3230" durationms="16.251" usertimems="30.541" systemtimems="0.000" timestamp="2019-08-11T05:39:17.432" activeThreads="16">
  <mem-info id="3236" free="228589568" total="383778816" percent="59">
    <mem type="eden" free="2056440" total="2097152" percent="98" />
    <remembered-set count="6560" freebytes="15316480" totalbytes="15342720" percent="99" regionsoverflowed="0" regionsstable="9" regionsrebuilding="0"/>
  </mem-info>
</gc-end>
<cycle-end id="3237" type="partial gc" contextid="3230" timestamp="2019-08-11T05:39:17.432" />
  <attribute name="elasticGC enabled" value="1" />
  <attribute name= "numThreadsSpecified" value="16" />
  <attribute name="heapSize specified" value="0" />
  <attribute name="Current GC Util" value="141" />
  <attribute name= "Current Time Running" value="139302" />
  <attribute name ="GC Interval" value="0" />
  <attribute name="ProportionalT" value="30.500000" />
  <attribute name="ProportionalI" value="30.500000" />
  <attribute name="ProportionalH" value="30.500000" />
  <attribute name="Current Error" value="61.000000" />
  <attribute name="IntegralT" value="30.500000" />
  <attribute name="IntegralI" value="30.500000" />
  <attribute name="IntegralH" value="30.500000" />
  <attribute name="DerivativeT" value="61.000000" />
  <attribute name="DerivativeI" value="61.000000" />
  <attribute name="DerivativeH" value="61.000000" />
  <attribute name="Loop Time for DT" value="1.000000" />
  <attribute name="Output H" value="8388608"/>
  <attribute name="Output I" value="200"/>
  <attribute name="Output T" value="16"/>
  <attribute name="Target GC Util Change" value ="80.000000" />
  <attribute name="Current GC Util Change" value="141.000000"/>
  <attribute name="GC Util currently" value="141" />
  <attribute name="CPU Util currently" value="1827165698543" />
<exclusive-end id="3238" timestamp="2019-08-11T05:39:17.433" durationms="16.949" />

<exclusive-start id="3239" timestamp="2019-08-11T05:39:17.688" intervalms="272.005">
  <response-info timems="0.021" idlems="0.021" threads="0" lastid="000000000239EF00" lastname="main" />
</exclusive-start>
<allocation-taxation id="3240" taxation-threshold="102760448" timestamp="2019-08-11T05:39:17.688" intervalms="272.011" />
<cycle-start id="3241" type="partial gc" contextid="0" timestamp="2019-08-11T05:39:17.688" intervalms="272.009" />
<gc-start id="3242" type="partial gc" contextid="3241" timestamp="2019-08-11T05:39:17.688">
  <mem-info id="3243" free="125829120" total="383778816" percent="32">
    <mem type="eden" free="0" total="102760448" percent="0" />
    <remembered-set count="6176" freebytes="15318016" totalbytes="15342720" percent="99" regionsoverflowed="0" regionsstable="9" regionsrebuilding="0"/>
  </mem-info>
</gc-start>
<allocation-stats totalBytes="102746576" >
  <allocated-bytes non-tlh="0" tlh="102746576" arrayletleaf="0"/>
  <largest-consumer threadName="main" threadId="000000000239EF00" bytes="102746576" />
</allocation-stats>
<gc-op id="3244" type="copy forward" timems="14.291" contextid="3241" timestamp="2019-08-11T05:39:17.704">
  <memory-copied type="eden" objects="73" bytes="2232" bytesdiscarded="480" />
  <memory-copied type="other" objects="42" bytes="1008" bytesdiscarded="1800" />
  <memory-cardclean objects="178" bytes="4776" />
  <regions eden="49" other="2" />
  <remembered-set-cleared processed="561" cleared="28" durationms="0.432" />
  <stringconstants candidates="13725" cleared="0"  />
</gc-op>
<gc-op id="3245" type="classunload" timems="0.007" contextid="3241" timestamp="2019-08-11T05:39:17.704">
  <classunload-info classloadercandidates="54" classloadersunloaded="0" classesunloaded="0" anonymousclassesunloaded="0" quiescems="0.000" setupms="0.007" scanms="0.000" postms="0.000" />
</gc-op>
<gc-end id="3246" type="partial gc" contextid="3241" durationms="15.610" usertimems="36.305" systemtimems="0.000" timestamp="2019-08-11T05:39:17.704" activeThreads="16">
  <mem-info id="3247" free="226492416" total="383778816" percent="59">
    <mem type="eden" free="2094440" total="2097152" percent="99" />
    <remembered-set count="6880" freebytes="15315200" totalbytes="15342720" percent="99" regionsoverflowed="0" regionsstable="9" regionsrebuilding="0"/>
  </mem-info>
</gc-end>
<cycle-end id="3248" type="partial gc" contextid="3241" timestamp="2019-08-11T05:39:17.704" />
  <attribute name="elasticGC enabled" value="1" />
  <attribute name= "numThreadsSpecified" value="16" />
  <attribute name="heapSize specified" value="0" />
  <attribute name="Current GC Util" value="188" />
  <attribute name= "Current Time Running" value="139574" />
  <attribute name ="GC Interval" value="0" />
  <attribute name="ProportionalT" value="54.000000" />
  <attribute name="ProportionalI" value="54.000000" />
  <attribute name="ProportionalH" value="54.000000" />
  <attribute name="Current Error" value="108.000000" />
  <attribute name="IntegralT" value="54.000000" />
  <attribute name="IntegralI" value="54.000000" />
  <attribute name="IntegralH" value="54.000000" />
  <attribute name="DerivativeT" value="108.000000" />
  <attribute name="DerivativeI" value="108.000000" />
  <attribute name="DerivativeH" value="108.000000" />
  <attribute name="Loop Time for DT" value="1.000000" />
  <attribute name="Output H" value="8388608"/>
  <attribute name="Output I" value="216"/>
  <attribute name="Output T" value="16"/>
  <attribute name="Target GC Util Change" value ="80.000000" />
  <attribute name="Current GC Util Change" value="188.000000"/>
  <attribute name="GC Util currently" value="188" />
  <attribute name="CPU Util currently" value="1429014132245" />
<exclusive-end id="3249" timestamp="2019-08-11T05:39:17.704" durationms="16.435" />

<exclusive-start id="3250" timestamp="2019-08-11T05:39:17.835" intervalms="147.746">
  <response-info timems="0.020" idlems="0.020" threads="0" lastid="000000000239EF00" lastname="main" />
</exclusive-start>
<allocation-taxation id="3251" taxation-threshold="102760448" timestamp="2019-08-11T05:39:17.836" intervalms="147.715" />
<cycle-start id="3252" type="partial gc" contextid="0" timestamp="2019-08-11T05:39:17.836" intervalms="147.733" />
<gc-start id="3253" type="partial gc" contextid="3252" timestamp="2019-08-11T05:39:17.836">
  <mem-info id="3254" free="123731968" total="383778816" percent="32">
    <mem type="eden" free="0" total="102760448" percent="0" />
    <remembered-set count="6496" freebytes="15316736" totalbytes="15342720" percent="99" regionsoverflowed="0" regionsstable="9" regionsrebuilding="0"/>
  </mem-info>
</gc-start>
<allocation-stats totalBytes="102736104" >
  <allocated-bytes non-tlh="0" tlh="102736104" arrayletleaf="0"/>
  <largest-consumer threadName="main" threadId="000000000239EF00" bytes="102736104" />
</allocation-stats>
<gc-op id="3255" type="copy forward" timems="8.883" contextid="3252" timestamp="2019-08-11T05:39:17.846">
  <memory-copied type="eden" objects="42" bytes="1240" bytesdiscarded="576" />
  <memory-copied type="other" objects="70" bytes="1752" bytesdiscarded="1584" />
  <memory-cardclean objects="180" bytes="4912" />
  <regions eden="49" other="2" />
  <remembered-set-cleared processed="560" cleared="25" durationms="0.244" />
  <stringconstants candidates="13725" cleared="0"  />
</gc-op>
<gc-op id="3256" type="classunload" timems="0.007" contextid="3252" timestamp="2019-08-11T05:39:17.846">
  <classunload-info classloadercandidates="54" classloadersunloaded="0" classesunloaded="0" anonymousclassesunloaded="0" quiescems="0.000" setupms="0.007" scanms="0.000" postms="0.000" />
</gc-op>
<gc-end id="3257" type="partial gc" contextid="3252" durationms="9.947" usertimems="23.809" systemtimems="0.000" timestamp="2019-08-11T05:39:17.846" activeThreads="16">
  <mem-info id="3258" free="224395264" total="383778816" percent="58">
    <mem type="eden" free="2095336" total="2097152" percent="99" />
    <remembered-set count="6432" freebytes="15316992" totalbytes="15342720" percent="99" regionsoverflowed="0" regionsstable="9" regionsrebuilding="0"/>
  </mem-info>
</gc-end>
<cycle-end id="3259" type="partial gc" contextid="3252" timestamp="2019-08-11T05:39:17.846" />
  <attribute name="elasticGC enabled" value="1" />
  <attribute name= "numThreadsSpecified" value="16" />
  <attribute name="heapSize specified" value="0" />
  <attribute name="Current GC Util" value="148" />
  <attribute name= "Current Time Running" value="139722" />
  <attribute name ="GC Interval" value="0" />
  <attribute name="ProportionalT" value="34.000000" />
  <attribute name="ProportionalI" value="34.000000" />
  <attribute name="ProportionalH" value="34.000000" />
  <attribute name="Current Error" value="68.000000" />
  <attribute name="IntegralT" value="34.000000" />
  <attribute name="IntegralI" value="34.000000" />
  <attribute name="IntegralH" value="34.000000" />
  <attribute name="DerivativeT" value="68.000000" />
  <attribute name="DerivativeI" value="68.000000" />
  <attribute name="DerivativeH" value="68.000000" />
  <attribute name="Loop Time for DT" value="1.000000" />
  <attribute name="Output H" value="8388608"/>
  <attribute name="Output I" value="200"/>
  <attribute name="Output T" value="16"/>
  <attribute name="Target GC Util Change" value ="80.000000" />
  <attribute name="Current GC Util Change" value="148.000000"/>
  <attribute name="GC Util currently" value="148" />
  <attribute name="CPU Util currently" value="1934542333859" />
<exclusive-end id="3260" timestamp="2019-08-11T05:39:17.846" durationms="10.650" />

<exclusive-start id="3261" timestamp="2019-08-11T05:39:18.024" intervalms="188.328">
  <response-info timems="0.020" idlems="0.020" threads="0" lastid="000000000239EF00" lastname="main" />
</exclusive-start>
<allocation-taxation id="3262" taxation-threshold="102760448" timestamp="2019-08-11T05:39:18.024" intervalms="188.401" />
<cycle-start id="3263" type="partial gc" contextid="0" timestamp="2019-08-11T05:39:18.024" intervalms="188.415" />
<gc-start id="3264" type="partial gc" contextid="3263" timestamp="2019-08-11T05:39:18.024">
  <mem-info id="3265" free="121634816" total="383778816" percent="31">
    <mem type="eden" free="0" total="102760448" percent="0" />
    <remembered-set count="6400" freebytes="15317120" totalbytes="15342720" percent="99" regionsoverflowed="0" regionsstable="9" regionsrebuilding="0"/>
  </mem-info>
</gc-start>
<allocation-stats totalBytes="102750576" >
  <allocated-bytes non-tlh="0" tlh="102750576" arrayletleaf="0"/>
  <largest-consumer threadName="main" threadId="000000000239EF00" bytes="102750576" />
</allocation-stats>
<gc-op id="3266" type="copy forward" timems="24.337" contextid="3263" timestamp="2019-08-11T05:39:18.051">
  <memory-copied type="eden" objects="37" bytes="1040" bytesdiscarded="528" />
  <memory-copied type="other" objects="53" bytes="1368" bytesdiscarded="1152" />
  <memory-cardclean objects="176" bytes="4760" />
  <regions eden="49" other="2" />
  <remembered-set-cleared processed="566" cleared="22" durationms="0.392" />
  <stringconstants candidates="13725" cleared="0"  />
</gc-op>
<gc-op id="3267" type="classunload" timems="0.011" contextid="3263" timestamp="2019-08-11T05:39:18.051">
  <classunload-info classloadercandidates="54" classloadersunloaded="0" classesunloaded="0" anonymousclassesunloaded="0" quiescems="0.000" setupms="0.011" scanms="0.000" postms="0.000" />
</gc-op>
<gc-end id="3268" type="partial gc" contextid="3263" durationms="26.633" usertimems="47.333" systemtimems="0.000" timestamp="2019-08-11T05:39:18.051" activeThreads="16">
  <mem-info id="3269" free="222298112" total="383778816" percent="57">
    <mem type="eden" free="2095584" total="2097152" percent="99" />
    <remembered-set count="6592" freebytes="15316352" totalbytes="15342720" percent="99" regionsoverflowed="0" regionsstable="9" regionsrebuilding="0"/>
  </mem-info>
</gc-end>
<cycle-end id="3270" type="partial gc" contextid="3263" timestamp="2019-08-11T05:39:18.051" />
  <attribute name="elasticGC enabled" value="1" />
  <attribute name= "numThreadsSpecified" value="16" />
  <attribute name="heapSize specified" value="0" />
  <attribute name="Current GC Util" value="56" />
  <attribute name= "Current Time Running" value="139911" />
  <attribute name ="GC Interval" value="0" />
  <attribute name="ProportionalT" value="-12.000000" />
  <attribute name="ProportionalI" value="-12.000000" />
  <attribute name="ProportionalH" value="-12.000000" />
  <attribute name="Current Error" value="-24.000000" />
  <attribute name="IntegralT" value="-24.000000" />
  <attribute name="IntegralI" value="-24.000000" />
  <attribute name="IntegralH" value="-24.000000" />
  <attribute name="DerivativeT" value="-12.000000" />
  <attribute name="DerivativeI" value="-12.000000" />
  <attribute name="DerivativeH" value="-12.000000" />
  <attribute name="Loop Time for DT" value="2.000000" />
  <attribute name="Output H" value="4202627072"/>
  <attribute name="Output I" value="200"/>
  <attribute name="Output T" value="16"/>
  <attribute name="Target GC Util Change" value ="80.000000" />
  <attribute name="Current GC Util Change" value="56.000000"/>
  <attribute name="GC Util currently" value="56" />
  <attribute name="CPU Util currently" value="674678383183" />
<exclusive-end id="3271" timestamp="2019-08-11T05:39:18.051" durationms="27.399" />

<exclusive-start id="3272" timestamp="2019-08-11T05:39:18.237" intervalms="213.154">
  <response-info timems="0.037" idlems="0.037" threads="0" lastid="000000000239EF00" lastname="main" />
</exclusive-start>
<allocation-taxation id="3273" taxation-threshold="102760448" timestamp="2019-08-11T05:39:18.237" intervalms="213.100" />
<cycle-start id="3274" type="partial gc" contextid="0" timestamp="2019-08-11T05:39:18.237" intervalms="213.126" />
<gc-start id="3275" type="partial gc" contextid="3274" timestamp="2019-08-11T05:39:18.237">
  <mem-info id="3276" free="119537664" total="383778816" percent="31">
    <mem type="eden" free="0" total="102760448" percent="0" />
    <remembered-set count="6592" freebytes="15316352" totalbytes="15342720" percent="99" regionsoverflowed="0" regionsstable="9" regionsrebuilding="0"/>
  </mem-info>
</gc-start>
<allocation-stats totalBytes="102753256" >
  <allocated-bytes non-tlh="0" tlh="102753256" arrayletleaf="0"/>
  <largest-consumer threadName="main" threadId="000000000239EF00" bytes="102753256" />
</allocation-stats>
<gc-op id="3277" type="copy forward" timems="1.625" contextid="3274" timestamp="2019-08-11T05:39:18.240">
  <memory-copied type="eden" objects="54" bytes="1488" bytesdiscarded="0" />
  <memory-copied type="other" objects="43" bytes="1056" bytesdiscarded="0" />
  <memory-cardclean objects="146" bytes="3984" />
  <regions eden="49" other="2" />
  <remembered-set-cleared processed="573" cleared="23" durationms="0.439" />
  <stringconstants candidates="13725" cleared="0"  />
</gc-op>
<gc-op id="3278" type="classunload" timems="0.005" contextid="3274" timestamp="2019-08-11T05:39:18.240">
  <classunload-info classloadercandidates="54" classloadersunloaded="0" classesunloaded="0" anonymousclassesunloaded="0" quiescems="0.000" setupms="0.005" scanms="0.000" postms="0.000" />
</gc-op>
<gc-end id="3279" type="partial gc" contextid="3274" durationms="2.681" usertimems="3.736" systemtimems="0.000" timestamp="2019-08-11T05:39:18.240" activeThreads="1">
  <mem-info id="3280" free="220200960" total="383778816" percent="57">
    <mem type="eden" free="2095664" total="2097152" percent="99" />
    <remembered-set count="6592" freebytes="15316352" totalbytes="15342720" percent="99" regionsoverflowed="0" regionsstable="9" regionsrebuilding="0"/>
  </mem-info>
</gc-end>
<cycle-end id="3281" type="partial gc" contextid="3274" timestamp="2019-08-11T05:39:18.240" />
  <attribute name="elasticGC enabled" value="1" />
  <attribute name= "numThreadsSpecified" value="1" />
  <attribute name="heapSize specified" value="0" />
  <attribute name="Current GC Util" value="145" />
  <attribute name= "Current Time Running" value="140123" />
  <attribute name ="GC Interval" value="0" />
  <attribute name="ProportionalT" value="32.500000" />
  <attribute name="ProportionalI" value="32.500000" />
  <attribute name="ProportionalH" value="32.500000" />
  <attribute name="Current Error" value="65.000000" />
  <attribute name="IntegralT" value="0.000000" />
  <attribute name="IntegralI" value="0.000000" />
  <attribute name="IntegralH" value="0.000000" />
  <attribute name="DerivativeT" value="inf" />
  <attribute name="DerivativeI" value="inf" />
  <attribute name="DerivativeH" value="inf" />
  <attribute name="Loop Time for DT" value="0.000000" />
  <attribute name="Output H" value="8388608"/>
  <attribute name="Output I" value="200"/>
  <attribute name="Output T" value="1"/>
  <attribute name="Target GC Util Change" value ="80.000000" />
  <attribute name="Current GC Util Change" value="145.000000"/>
  <attribute name="GC Util currently" value="145" />
  <attribute name="CPU Util currently" value="1865508326843" />
<exclusive-end id="3282" timestamp="2019-08-11T05:39:18.240" durationms="3.347" />

<exclusive-start id="3283" timestamp="2019-08-11T05:39:18.435" intervalms="197.652">
  <response-info timems="0.020" idlems="0.020" threads="0" lastid="000000000239EF00" lastname="main" />
</exclusive-start>
<allocation-taxation id="3284" taxation-threshold="102760448" timestamp="2019-08-11T05:39:18.435" intervalms="197.639" />
<cycle-start id="3285" type="partial gc" contextid="0" timestamp="2019-08-11T05:39:18.435" intervalms="197.600" />
<gc-start id="3286" type="partial gc" contextid="3285" timestamp="2019-08-11T05:39:18.435">
  <mem-info id="3287" free="117440512" total="383778816" percent="30">
    <mem type="eden" free="0" total="102760448" percent="0" />
    <remembered-set count="6560" freebytes="15316480" totalbytes="15342720" percent="99" regionsoverflowed="0" regionsstable="9" regionsrebuilding="0"/>
  </mem-info>
</gc-start>
<allocation-stats totalBytes="102736640" >
  <allocated-bytes non-tlh="0" tlh="102736640" arrayletleaf="0"/>
  <largest-consumer threadName="main" threadId="000000000239EF00" bytes="102736640" />
</allocation-stats>
<gc-op id="3288" type="copy forward" timems="7.619" contextid="3285" timestamp="2019-08-11T05:39:18.443">
  <memory-copied type="eden" objects="55" bytes="2416" bytesdiscarded="528" />
  <memory-copied type="other" objects="54" bytes="1296" bytesdiscarded="1104" />
  <memory-cardclean objects="150" bytes="4104" />
  <regions eden="49" other="2" />
  <remembered-set-cleared processed="583" cleared="26" durationms="0.195" />
  <stringconstants candidates="13725" cleared="0"  />
</gc-op>
<gc-op id="3289" type="classunload" timems="0.012" contextid="3285" timestamp="2019-08-11T05:39:18.443">
  <classunload-info classloadercandidates="54" classloadersunloaded="0" classesunloaded="0" anonymousclassesunloaded="0" quiescems="0.000" setupms="0.012" scanms="0.000" postms="0.000" />
</gc-op>
<gc-end id="3290" type="partial gc" contextid="3285" durationms="8.610" usertimems="21.377" systemtimems="0.000" timestamp="2019-08-11T05:39:18.444" activeThreads="16">
  <mem-info id="3291" free="218103808" total="383778816" percent="56">
    <mem type="eden" free="2094208" total="2097152" percent="99" />
    <remembered-set count="6336" freebytes="15317376" totalbytes="15342720" percent="99" regionsoverflowed="0" regionsstable="9" regionsrebuilding="0"/>
  </mem-info>
</gc-end>
<cycle-end id="3292" type="partial gc" contextid="3285" timestamp="2019-08-11T05:39:18.444" />
  <attribute name="elasticGC enabled" value="1" />
  <attribute name= "numThreadsSpecified" value="16" />
  <attribute name="heapSize specified" value="0" />
  <attribute name="Current GC Util" value="188" />
  <attribute name= "Current Time Running" value="140321" />
  <attribute name ="GC Interval" value="0" />
  <attribute name="ProportionalT" value="54.000000" />
  <attribute name="ProportionalI" value="54.000000" />
  <attribute name="ProportionalH" value="54.000000" />
  <attribute name="Current Error" value="108.000000" />
  <attribute name="IntegralT" value="54.000000" />
  <attribute name="IntegralI" value="54.000000" />
  <attribute name="IntegralH" value="54.000000" />
  <attribute name="DerivativeT" value="108.000000" />
  <attribute name="DerivativeI" value="108.000000" />
  <attribute name="DerivativeH" value="108.000000" />
  <attribute name="Loop Time for DT" value="1.000000" />
  <attribute name="Output H" value="8388608"/>
  <attribute name="Output I" value="216"/>
  <attribute name="Output T" value="16"/>
  <attribute name="Target GC Util Change" value ="80.000000" />
  <attribute name="Current GC Util Change" value="188.000000"/>
  <attribute name="GC Util currently" value="188" />
  <attribute name="CPU Util currently" value="2391690241675" />
<exclusive-end id="3293" timestamp="2019-08-11T05:39:18.444" durationms="9.282" />

<exclusive-start id="3294" timestamp="2019-08-11T05:39:18.593" intervalms="158.075">
  <response-info timems="0.011" idlems="0.011" threads="0" lastid="000000000239EF00" lastname="main" />
</exclusive-start>
<allocation-taxation id="3295" taxation-threshold="102760448" timestamp="2019-08-11T05:39:18.593" intervalms="158.076" />
<cycle-start id="3296" type="partial gc" contextid="0" timestamp="2019-08-11T05:39:18.593" intervalms="158.081" />
<gc-start id="3297" type="partial gc" contextid="3296" timestamp="2019-08-11T05:39:18.593">
  <mem-info id="3298" free="115343360" total="383778816" percent="30">
    <mem type="eden" free="0" total="102760448" percent="0" />
    <remembered-set count="6144" freebytes="15318144" totalbytes="15342720" percent="99" regionsoverflowed="0" regionsstable="9" regionsrebuilding="0"/>
  </mem-info>
</gc-start>
<allocation-stats totalBytes="102688104" >
  <allocated-bytes non-tlh="0" tlh="102688104" arrayletleaf="0"/>
  <largest-consumer threadName="main" threadId="000000000239EF00" bytes="102688104" />
</allocation-stats>
<gc-op id="3299" type="copy forward" timems="7.505" contextid="3296" timestamp="2019-08-11T05:39:18.601">
  <memory-copied type="eden" objects="30" bytes="1424" bytesdiscarded="1296" />
  <memory-copied type="other" objects="54" bytes="1296" bytesdiscarded="864" />
  <memory-cardclean objects="142" bytes="4008" />
  <regions eden="49" other="2" />
  <remembered-set-cleared processed="586" cleared="19" durationms="0.295" />
  <stringconstants candidates="13725" cleared="0"  />
</gc-op>
<gc-op id="3300" type="classunload" timems="0.007" contextid="3296" timestamp="2019-08-11T05:39:18.601">
  <classunload-info classloadercandidates="54" classloadersunloaded="0" classesunloaded="0" anonymousclassesunloaded="0" quiescems="0.000" setupms="0.007" scanms="0.000" postms="0.000" />
</gc-op>
<gc-end id="3301" type="partial gc" contextid="3296" durationms="8.522" usertimems="17.151" systemtimems="0.000" timestamp="2019-08-11T05:39:18.602" activeThreads="16">
  <mem-info id="3302" free="216006656" total="383778816" percent="56">
    <mem type="eden" free="2094432" total="2097152" percent="99" />
    <remembered-set count="6976" freebytes="15314816" totalbytes="15342720" percent="99" regionsoverflowed="0" regionsstable="9" regionsrebuilding="0"/>
  </mem-info>
</gc-end>
<cycle-end id="3303" type="partial gc" contextid="3296" timestamp="2019-08-11T05:39:18.602" />
  <attribute name="elasticGC enabled" value="1" />
  <attribute name= "numThreadsSpecified" value="16" />
  <attribute name="heapSize specified" value="0" />
  <attribute name="Current GC Util" value="133" />
  <attribute name= "Current Time Running" value="140479" />
  <attribute name ="GC Interval" value="0" />
  <attribute name="ProportionalT" value="26.500000" />
  <attribute name="ProportionalI" value="26.500000" />
  <attribute name="ProportionalH" value="26.500000" />
  <attribute name="Current Error" value="53.000000" />
  <attribute name="IntegralT" value="26.500000" />
  <attribute name="IntegralI" value="26.500000" />
  <attribute name="IntegralH" value="26.500000" />
  <attribute name="DerivativeT" value="53.000000" />
  <attribute name="DerivativeI" value="53.000000" />
  <attribute name="DerivativeH" value="53.000000" />
  <attribute name="Loop Time for DT" value="1.000000" />
  <attribute name="Output H" value="8388608"/>
  <attribute name="Output I" value="200"/>
  <attribute name="Output T" value="16"/>
  <attribute name="Target GC Util Change" value ="80.000000" />
  <attribute name="Current GC Util Change" value="133.000000"/>
  <attribute name="GC Util currently" value="133" />
  <attribute name="CPU Util currently" value="1994149386209" />
<exclusive-end id="3304" timestamp="2019-08-11T05:39:18.602" durationms="9.078" />

<exclusive-start id="3305" timestamp="2019-08-11T05:39:18.641" intervalms="47.819">
  <response-info timems="0.021" idlems="0.021" threads="0" lastid="000000000239EF00" lastname="main" />
</exclusive-start>
<allocation-taxation id="3306" taxation-threshold="102760448" timestamp="2019-08-11T05:39:18.641" intervalms="47.814" />
<cycle-start id="3307" type="partial gc" contextid="0" timestamp="2019-08-11T05:39:18.641" intervalms="47.804" />
<gc-start id="3308" type="partial gc" contextid="3307" timestamp="2019-08-11T05:39:18.641">
  <mem-info id="3309" free="113246208" total="383778816" percent="29">
    <mem type="eden" free="0" total="102760448" percent="0" />
    <remembered-set count="6688" freebytes="15315968" totalbytes="15342720" percent="99" regionsoverflowed="0" regionsstable="9" regionsrebuilding="0"/>
  </mem-info>
</gc-start>
<allocation-stats totalBytes="102577544" >
  <allocated-bytes non-tlh="0" tlh="102577544" arrayletleaf="0"/>
  <largest-consumer threadName="main" threadId="000000000239EF00" bytes="102577544" />
</allocation-stats>
<gc-op id="3310" type="copy forward" timems="8.859" contextid="3307" timestamp="2019-08-11T05:39:18.653">
  <memory-copied type="eden" objects="4" bytes="104" bytesdiscarded="0" />
  <memory-copied type="other" objects="51" bytes="1928" bytesdiscarded="1920" />
  <memory-cardclean objects="71" bytes="2200" />
  <regions eden="49" other="2" />
  <remembered-set-cleared processed="591" cleared="11" durationms="0.201" />
  <stringconstants candidates="13725" cleared="0"  />
</gc-op>
<gc-op id="3311" type="classunload" timems="0.012" contextid="3307" timestamp="2019-08-11T05:39:18.653">
  <classunload-info classloadercandidates="54" classloadersunloaded="0" classesunloaded="0" anonymousclassesunloaded="0" quiescems="0.000" setupms="0.011" scanms="0.000" postms="0.000" />
</gc-op>
<gc-end id="3312" type="partial gc" contextid="3307" durationms="12.592" usertimems="21.537" systemtimems="0.000" timestamp="2019-08-11T05:39:18.654" activeThreads="16">
  <mem-info id="3313" free="213909504" total="383778816" percent="55">
    <mem type="eden" free="2097048" total="2097152" percent="99" />
    <remembered-set count="7200" freebytes="15313920" totalbytes="15342720" percent="99" regionsoverflowed="0" regionsstable="9" regionsrebuilding="0"/>
  </mem-info>
</gc-end>
<cycle-end id="3314" type="partial gc" contextid="3307" timestamp="2019-08-11T05:39:18.654" />
  <attribute name="elasticGC enabled" value="1" />
  <attribute name= "numThreadsSpecified" value="16" />
  <attribute name="heapSize specified" value="0" />
  <attribute name="Current GC Util" value="87" />
  <attribute name= "Current Time Running" value="140529" />
  <attribute name ="GC Interval" value="0" />
  <attribute name="ProportionalT" value="3.500000" />
  <attribute name="ProportionalI" value="3.500000" />
  <attribute name="ProportionalH" value="3.500000" />
  <attribute name="Current Error" value="7.000000" />
  <attribute name="IntegralT" value="3.500000" />
  <attribute name="IntegralI" value="3.500000" />
  <attribute name="IntegralH" value="3.500000" />
  <attribute name="DerivativeT" value="7.000000" />
  <attribute name="DerivativeI" value="7.000000" />
  <attribute name="DerivativeH" value="7.000000" />
  <attribute name="Loop Time for DT" value="1.000000" />
  <attribute name="Output H" value="8388608"/>
  <attribute name="Output I" value="200"/>
  <attribute name="Output T" value="16"/>
  <attribute name="Target GC Util Change" value ="80.000000" />
  <attribute name="Current GC Util Change" value="87.000000"/>
  <attribute name="GC Util currently" value="87" />
  <attribute name="CPU Util currently" value="1200422160790" />
<exclusive-end id="3315" timestamp="2019-08-11T05:39:18.654" durationms="13.356" />

<exclusive-start id="3316" timestamp="2019-08-11T05:39:18.737" intervalms="96.296">
  <response-info timems="0.020" idlems="0.020" threads="0" lastid="000000000239EF00" lastname="main" />
</exclusive-start>
<allocation-taxation id="3317" taxation-threshold="102760448" timestamp="2019-08-11T05:39:18.737" intervalms="96.315" />
<cycle-start id="3318" type="partial gc" contextid="0" timestamp="2019-08-11T05:39:18.737" intervalms="96.287" />
<gc-start id="3319" type="partial gc" contextid="3318" timestamp="2019-08-11T05:39:18.737">
  <mem-info id="3320" free="111149056" total="383778816" percent="28">
    <mem type="eden" free="2097048" total="104857600" percent="1" />
    <remembered-set count="6816" freebytes="15315456" totalbytes="15342720" percent="99" regionsoverflowed="0" regionsstable="9" regionsrebuilding="0"/>
  </mem-info>
</gc-start>
<allocation-stats totalBytes="102603160" >
  <allocated-bytes non-tlh="0" tlh="102603160" arrayletleaf="0"/>
  <largest-consumer threadName="main" threadId="000000000239EF00" bytes="102603160" />
</allocation-stats>
<gc-op id="3321" type="copy forward" timems="6.898" contextid="3318" timestamp="2019-08-11T05:39:18.745">
  <memory-copied type="eden" objects="42" bytes="2040" bytesdiscarded="1224" />
  <memory-copied type="other" objects="12" bytes="288" bytesdiscarded="1344" />
  <memory-cardclean objects="107" bytes="2952" />
  <regions eden="49" other="2" />
  <remembered-set-cleared processed="594" cleared="13" durationms="0.175" />
  <stringconstants candidates="13725" cleared="0"  />
</gc-op>
<gc-op id="3322" type="classunload" timems="0.009" contextid="3318" timestamp="2019-08-11T05:39:18.745">
  <classunload-info classloadercandidates="54" classloadersunloaded="0" classesunloaded="0" anonymousclassesunloaded="0" quiescems="0.000" setupms="0.009" scanms="0.000" postms="0.000" />
</gc-op>
<gc-end id="3323" type="partial gc" contextid="3318" durationms="8.000" usertimems="18.481" systemtimems="0.000" timestamp="2019-08-11T05:39:18.745" activeThreads="16">
  <mem-info id="3324" free="213909504" total="383778816" percent="55">
    <mem type="eden" free="2093888" total="2097152" percent="99" />
    <remembered-set count="7584" freebytes="15312384" totalbytes="15342720" percent="99" regionsoverflowed="0" regionsstable="9" regionsrebuilding="0"/>
  </mem-info>
</gc-end>
<cycle-end id="3325" type="partial gc" contextid="3318" timestamp="2019-08-11T05:39:18.745" />
  <attribute name="elasticGC enabled" value="1" />
  <attribute name= "numThreadsSpecified" value="16" />
  <attribute name="heapSize specified" value="0" />
  <attribute name="Current GC Util" value="107" />
  <attribute name= "Current Time Running" value="140623" />
  <attribute name ="GC Interval" value="0" />
  <attribute name="ProportionalT" value="13.500000" />
  <attribute name="ProportionalI" value="13.500000" />
  <attribute name="ProportionalH" value="13.500000" />
  <attribute name="Current Error" value="27.000000" />
  <attribute name="IntegralT" value="13.500000" />
  <attribute name="IntegralI" value="13.500000" />
  <attribute name="IntegralH" value="13.500000" />
  <attribute name="DerivativeT" value="27.000000" />
  <attribute name="DerivativeI" value="27.000000" />
  <attribute name="DerivativeH" value="27.000000" />
  <attribute name="Loop Time for DT" value="1.000000" />
  <attribute name="Output H" value="8388608"/>
  <attribute name="Output I" value="200"/>
  <attribute name="Output T" value="16"/>
  <attribute name="Target GC Util Change" value ="80.000000" />
  <attribute name="Current GC Util Change" value="107.000000"/>
  <attribute name="GC Util currently" value="107" />
  <attribute name="CPU Util currently" value="1780073331805" />
<exclusive-end id="3326" timestamp="2019-08-11T05:39:18.745" durationms="8.581" />

<exclusive-start id="3327" timestamp="2019-08-11T05:39:18.826" intervalms="89.053">
  <response-info timems="0.083" idlems="0.083" threads="0" lastid="000000000239EF00" lastname="main" />
</exclusive-start>
<allocation-taxation id="3328" taxation-threshold="102760448" timestamp="2019-08-11T05:39:18.826" intervalms="89.031" />
<cycle-start id="3329" type="partial gc" contextid="0" timestamp="2019-08-11T05:39:18.826" intervalms="89.032" />
<gc-start id="3330" type="partial gc" contextid="3329" timestamp="2019-08-11T05:39:18.826">
  <mem-info id="3331" free="111149056" total="383778816" percent="28">
    <mem type="eden" free="0" total="102760448" percent="0" />
    <remembered-set count="7584" freebytes="15312384" totalbytes="15342720" percent="99" regionsoverflowed="0" regionsstable="9" regionsrebuilding="0"/>
  </mem-info>
</gc-start>
<allocation-stats totalBytes="102681288" >
  <allocated-bytes non-tlh="0" tlh="102681288" arrayletleaf="0"/>
  <largest-consumer threadName="main" threadId="000000000239EF00" bytes="102681288" />
</allocation-stats>
<gc-op id="3332" type="copy forward" timems="8.876" contextid="3329" timestamp="2019-08-11T05:39:18.837">
  <memory-copied type="eden" objects="42" bytes="5352" bytesdiscarded="1344" />
  <memory-copied type="other" objects="24" bytes="576" bytesdiscarded="1344" />
  <memory-cardclean objects="117" bytes="3328" />
  <regions eden="49" other="2" />
  <remembered-set-cleared processed="594" cleared="15" durationms="0.200" />
  <stringconstants candidates="13725" cleared="0"  />
</gc-op>
<gc-op id="3333" type="classunload" timems="0.008" contextid="3329" timestamp="2019-08-11T05:39:18.837">
  <classunload-info classloadercandidates="54" classloadersunloaded="0" classesunloaded="0" anonymousclassesunloaded="0" quiescems="0.000" setupms="0.008" scanms="0.000" postms="0.000" />
</gc-op>
<heap-resize id="3334" type="expand" space="default" amount="46137344" count="1" timems="0.244" reason="excessive time being spent in gc" timestamp="2019-08-11T05:39:18.837" />
<gc-end id="3335" type="partial gc" contextid="3329" durationms="10.791" usertimems="22.506" systemtimems="0.000" timestamp="2019-08-11T05:39:18.837" activeThreads="16">
  <mem-info id="3336" free="257949696" total="429916160" percent="60">
    <mem type="eden" free="2090456" total="2097152" percent="99" />
    <remembered-set count="8544" freebytes="17153024" totalbytes="17187200" percent="99" regionsoverflowed="0" regionsstable="9" regionsrebuilding="0"/>
  </mem-info>
</gc-end>
<cycle-end id="3337" type="partial gc" contextid="3329" timestamp="2019-08-11T05:39:18.837" />
  <attribute name="elasticGC enabled" value="1" />
  <attribute name= "numThreadsSpecified" value="16" />
  <attribute name="heapSize specified" value="0" />
  <attribute name="Current GC Util" value="103" />
  <attribute name= "Current Time Running" value="140713" />
  <attribute name ="GC Interval" value="0" />
  <attribute name="ProportionalT" value="11.500000" />
  <attribute name="ProportionalI" value="11.500000" />
  <attribute name="ProportionalH" value="11.500000" />
  <attribute name="Current Error" value="23.000000" />
  <attribute name="IntegralT" value="23.000000" />
  <attribute name="IntegralI" value="23.000000" />
  <attribute name="IntegralH" value="23.000000" />
  <attribute name="DerivativeT" value="11.500000" />
  <attribute name="DerivativeI" value="11.500000" />
  <attribute name="DerivativeH" value="11.500000" />
  <attribute name="Loop Time for DT" value="2.000000" />
  <attribute name="Output H" value="8388608"/>
  <attribute name="Output I" value="200"/>
  <attribute name="Output T" value="16"/>
  <attribute name="Target GC Util Change" value ="80.000000" />
  <attribute name="Current GC Util Change" value="103.000000"/>
  <attribute name="GC Util currently" value="103" />
  <attribute name="CPU Util currently" value="981183027841" />
<exclusive-end id="3338" timestamp="2019-08-11T05:39:18.837" durationms="11.285" />

<exclusive-start id="3339" timestamp="2019-08-11T05:39:19.060" intervalms="234.193">
  <response-info timems="0.020" idlems="0.020" threads="0" lastid="000000000239EF00" lastname="main" />
</exclusive-start>
<allocation-taxation id="3340" taxation-threshold="113246208" timestamp="2019-08-11T05:39:19.060" intervalms="234.209" />
<cycle-start id="3341" type="partial gc" contextid="0" timestamp="2019-08-11T05:39:19.060" intervalms="234.247" />
<gc-start id="3342" type="partial gc" contextid="3341" timestamp="2019-08-11T05:39:19.060">
  <mem-info id="3343" free="144703488" total="429916160" percent="33">
    <mem type="eden" free="0" total="113246208" percent="0" />
    <remembered-set count="8064" freebytes="17154944" totalbytes="17187200" percent="99" regionsoverflowed="0" regionsstable="9" regionsrebuilding="0"/>
  </mem-info>
</gc-start>
<allocation-stats totalBytes="113122920" >
  <allocated-bytes non-tlh="0" tlh="113122920" arrayletleaf="0"/>
  <largest-consumer threadName="main" threadId="000000000239EF00" bytes="113122920" />
</allocation-stats>
<gc-op id="3344" type="copy forward" timems="1.837" contextid="3341" timestamp="2019-08-11T05:39:19.063">
  <memory-copied type="eden" objects="36" bytes="1176" bytesdiscarded="0" />
  <memory-copied type="other" objects="24" bytes="576" bytesdiscarded="0" />
  <memory-cardclean objects="114" bytes="11384" />
  <regions eden="54" other="2" />
  <remembered-set-cleared processed="599" cleared="23" durationms="0.427" />
  <references type="weak" candidates="2" cleared="0" enqueued="0" />
  <stringconstants candidates="13725" cleared="0"  />
</gc-op>
<gc-op id="3345" type="classunload" timems="0.004" contextid="3341" timestamp="2019-08-11T05:39:19.063">
  <classunload-info classloadercandidates="54" classloadersunloaded="0" classesunloaded="0" anonymousclassesunloaded="0" quiescems="0.000" setupms="0.004" scanms="0.000" postms="0.000" />
</gc-op>
<gc-end id="3346" type="partial gc" contextid="3341" durationms="2.896" usertimems="3.814" systemtimems="0.000" timestamp="2019-08-11T05:39:19.063" activeThreads="1">
  <mem-info id="3347" free="255852544" total="429916160" percent="59">
    <mem type="eden" free="2095976" total="2097152" percent="99" />
    <remembered-set count="7904" freebytes="17155584" totalbytes="17187200" percent="99" regionsoverflowed="0" regionsstable="9" regionsrebuilding="0"/>
  </mem-info>
</gc-end>
<cycle-end id="3348" type="partial gc" contextid="3341" timestamp="2019-08-11T05:39:19.064" />
  <attribute name="elasticGC enabled" value="1" />
  <attribute name= "numThreadsSpecified" value="1" />
  <attribute name="heapSize specified" value="0" />
  <attribute name="Current GC Util" value="142" />
  <attribute name= "Current Time Running" value="140946" />
  <attribute name ="GC Interval" value="0" />
  <attribute name="ProportionalT" value="31.000000" />
  <attribute name="ProportionalI" value="31.000000" />
  <attribute name="ProportionalH" value="31.000000" />
  <attribute name="Current Error" value="62.000000" />
  <attribute name="IntegralT" value="0.000000" />
  <attribute name="IntegralI" value="0.000000" />
  <attribute name="IntegralH" value="0.000000" />
  <attribute name="DerivativeT" value="inf" />
  <attribute name="DerivativeI" value="inf" />
  <attribute name="DerivativeH" value="inf" />
  <attribute name="Loop Time for DT" value="0.000000" />
  <attribute name="Output H" value="8388608"/>
  <attribute name="Output I" value="200"/>
  <attribute name="Output T" value="1"/>
  <attribute name="Target GC Util Change" value ="80.000000" />
  <attribute name="Current GC Util Change" value="142.000000"/>
  <attribute name="GC Util currently" value="142" />
  <attribute name="CPU Util currently" value="1963057701196" />
<exclusive-end id="3349" timestamp="2019-08-11T05:39:19.064" durationms="3.886" />

<exclusive-start id="3350" timestamp="2019-08-11T05:39:19.275" intervalms="215.071">
  <response-info timems="0.017" idlems="0.017" threads="0" lastid="000000000239EF00" lastname="main" />
</exclusive-start>
<allocation-taxation id="3351" taxation-threshold="113246208" timestamp="2019-08-11T05:39:19.275" intervalms="215.073" />
<cycle-start id="3352" type="partial gc" contextid="0" timestamp="2019-08-11T05:39:19.275" intervalms="215.084" />
<gc-start id="3353" type="partial gc" contextid="3352" timestamp="2019-08-11T05:39:19.276">
  <mem-info id="3354" free="142606336" total="429916160" percent="33">
    <mem type="eden" free="0" total="113246208" percent="0" />
    <remembered-set count="7872" freebytes="17155712" totalbytes="17187200" percent="99" regionsoverflowed="0" regionsstable="9" regionsrebuilding="0"/>
  </mem-info>
</gc-start>
<allocation-stats totalBytes="113225272" >
  <allocated-bytes non-tlh="0" tlh="113225272" arrayletleaf="0"/>
  <largest-consumer threadName="main" threadId="000000000239EF00" bytes="113225272" />
</allocation-stats>
<gc-op id="3355" type="copy forward" timems="7.132" contextid="3352" timestamp="2019-08-11T05:39:19.285">
  <memory-copied type="eden" objects="3" bytes="120" bytesdiscarded="0" />
  <memory-copied type="other" objects="40" bytes="1168" bytesdiscarded="2672" />
  <memory-cardclean objects="69" bytes="10312" />
  <regions eden="54" other="2" />
  <remembered-set-cleared processed="603" cleared="19" durationms="0.157" />
  <references type="weak" candidates="2" cleared="0" enqueued="0" />
  <stringconstants candidates="13725" cleared="0"  />
</gc-op>
<gc-op id="3356" type="classunload" timems="0.009" contextid="3352" timestamp="2019-08-11T05:39:19.285">
  <classunload-info classloadercandidates="54" classloadersunloaded="0" classesunloaded="0" anonymousclassesunloaded="0" quiescems="0.000" setupms="0.009" scanms="0.000" postms="0.000" />
</gc-op>
<gc-end id="3357" type="partial gc" contextid="3352" durationms="9.193" usertimems="22.149" systemtimems="0.000" timestamp="2019-08-11T05:39:19.285" activeThreads="16">
  <mem-info id="3358" free="253755392" total="429916160" percent="59">
    <mem type="eden" free="2097032" total="2097152" percent="99" />
    <remembered-set count="8096" freebytes="17154816" totalbytes="17187200" percent="99" regionsoverflowed="0" regionsstable="9" regionsrebuilding="0"/>
  </mem-info>
</gc-end>
<cycle-end id="3359" type="partial gc" contextid="3352" timestamp="2019-08-11T05:39:19.285" />
  <attribute name="elasticGC enabled" value="1" />
  <attribute name= "numThreadsSpecified" value="16" />
  <attribute name="heapSize specified" value="0" />
  <attribute name="Current GC Util" value="226" />
  <attribute name= "Current Time Running" value="141162" />
  <attribute name ="GC Interval" value="0" />
  <attribute name="ProportionalT" value="73.000000" />
  <attribute name="ProportionalI" value="73.000000" />
  <attribute name="ProportionalH" value="73.000000" />
  <attribute name="Current Error" value="146.000000" />
  <attribute name="IntegralT" value="73.000000" />
  <attribute name="IntegralI" value="73.000000" />
  <attribute name="IntegralH" value="73.000000" />
  <attribute name="DerivativeT" value="146.000000" />
  <attribute name="DerivativeI" value="146.000000" />
  <attribute name="DerivativeH" value="146.000000" />
  <attribute name="Loop Time for DT" value="1.000000" />
  <attribute name="Output H" value="8388608"/>
  <attribute name="Output I" value="296"/>
  <attribute name="Output T" value="16"/>
  <attribute name="Target GC Util Change" value ="80.000000" />
  <attribute name="Current GC Util Change" value="226.000000"/>
  <attribute name="GC Util currently" value="226" />
  <attribute name="CPU Util currently" value="771145717978" />
<exclusive-end id="3360" timestamp="2019-08-11T05:39:19.285" durationms="9.848" />

<exclusive-start id="3361" timestamp="2019-08-11T05:39:19.418" intervalms="143.038">
  <response-info timems="0.020" idlems="0.020" threads="0" lastid="000000000239EF00" lastname="main" />
</exclusive-start>
<allocation-taxation id="3362" taxation-threshold="113246208" timestamp="2019-08-11T05:39:19.418" intervalms="143.038" />
<cycle-start id="3363" type="partial gc" contextid="0" timestamp="2019-08-11T05:39:19.418" intervalms="143.044" />
<gc-start id="3364" type="partial gc" contextid="3363" timestamp="2019-08-11T05:39:19.419">
  <mem-info id="3365" free="140509184" total="429916160" percent="32">
    <mem type="eden" free="2097032" total="115343360" percent="1" />
    <remembered-set count="7648" freebytes="17156608" totalbytes="17187200" percent="99" regionsoverflowed="0" regionsstable="9" regionsrebuilding="0"/>
  </mem-info>
</gc-start>
<allocation-stats totalBytes="113165704" >
  <allocated-bytes non-tlh="0" tlh="113165704" arrayletleaf="0"/>
  <largest-consumer threadName="main" threadId="000000000239EF00" bytes="113165704" />
</allocation-stats>
<gc-op id="3366" type="copy forward" timems="14.615" contextid="3363" timestamp="2019-08-11T05:39:19.435">
  <memory-copied type="eden" objects="26" bytes="1352" bytesdiscarded="696" />
  <memory-copied type="other" objects="14" bytes="352" bytesdiscarded="512" />
  <memory-cardclean objects="70" bytes="10184" />
  <regions eden="54" other="2" />
  <remembered-set-cleared processed="606" cleared="16" durationms="0.246" />
  <references type="weak" candidates="2" cleared="0" enqueued="0" />
  <stringconstants candidates="13725" cleared="0"  />
</gc-op>
<gc-op id="3367" type="classunload" timems="0.012" contextid="3363" timestamp="2019-08-11T05:39:19.435">
  <classunload-info classloadercandidates="54" classloadersunloaded="0" classesunloaded="0" anonymousclassesunloaded="0" quiescems="0.000" setupms="0.012" scanms="0.000" postms="0.000" />
</gc-op>
<heap-resize id="3368" type="contract" space="default" amount="23068672" count="1" timems="0.121" reason="insufficient time being spent in gc" timestamp="2019-08-11T05:39:19.436" />
<gc-end id="3369" type="partial gc" contextid="3363" durationms="17.067" usertimems="33.161" systemtimems="0.000" timestamp="2019-08-11T05:39:19.436" activeThreads="16">
  <mem-info id="3370" free="230686720" total="406847488" percent="56">
    <mem type="eden" free="2095104" total="2097152" percent="99" />
    <remembered-set count="6752" freebytes="17160192" totalbytes="17187200" percent="99" regionsoverflowed="0" regionsstable="9" regionsrebuilding="0"/>
  </mem-info>
</gc-end>
<cycle-end id="3371" type="partial gc" contextid="3363" timestamp="2019-08-11T05:39:19.436" />
  <attribute name="elasticGC enabled" value="1" />
  <attribute name= "numThreadsSpecified" value="16" />
  <attribute name="heapSize specified" value="0" />
  <attribute name="Current GC Util" value="201" />
  <attribute name= "Current Time Running" value="141306" />
  <attribute name ="GC Interval" value="0" />
  <attribute name="ProportionalT" value="60.500000" />
  <attribute name="ProportionalI" value="60.500000" />
  <attribute name="ProportionalH" value="60.500000" />
  <attribute name="Current Error" value="121.000000" />
  <attribute name="IntegralT" value="121.000000" />
  <attribute name="IntegralI" value="121.000000" />
  <attribute name="IntegralH" value="121.000000" />
  <attribute name="DerivativeT" value="60.500000" />
  <attribute name="DerivativeI" value="60.500000" />
  <attribute name="DerivativeH" value="60.500000" />
  <attribute name="Loop Time for DT" value="2.000000" />
  <attribute name="Output H" value="8388608"/>
  <attribute name="Output I" value="248"/>
  <attribute name="Output T" value="16"/>
  <attribute name="Target GC Util Change" value ="80.000000" />
  <attribute name="Current GC Util Change" value="201.000000"/>
  <attribute name="GC Util currently" value="201" />
  <attribute name="CPU Util currently" value="704054823073" />
<exclusive-end id="3372" timestamp="2019-08-11T05:39:19.436" durationms="17.745" />

<exclusive-start id="3373" timestamp="2019-08-11T05:39:19.478" intervalms="59.418">
  <response-info timems="0.016" idlems="0.016" threads="0" lastid="000000000239EF00" lastname="main" />
</exclusive-start>
<allocation-taxation id="3374" taxation-threshold="109051904" timestamp="2019-08-11T05:39:19.478" intervalms="59.430" />
<cycle-start id="3375" type="partial gc" contextid="0" timestamp="2019-08-11T05:39:19.478" intervalms="59.465" />
<gc-start id="3376" type="partial gc" contextid="3375" timestamp="2019-08-11T05:39:19.478">
  <mem-info id="3377" free="121634816" total="406847488" percent="29">
    <mem type="eden" free="0" total="109051904" percent="0" />
    <remembered-set count="6336" freebytes="17161856" totalbytes="17187200" percent="99" regionsoverflowed="0" regionsstable="9" regionsrebuilding="0"/>
  </mem-info>
</gc-start>
<allocation-stats totalBytes="108902584" >
  <allocated-bytes non-tlh="0" tlh="108902584" arrayletleaf="0"/>
  <largest-consumer threadName="main" threadId="000000000239EF00" bytes="108902584" />
</allocation-stats>
<gc-op id="3378" type="copy forward" timems="2.214" contextid="3375" timestamp="2019-08-11T05:39:19.482">
  <memory-copied type="eden" objects="4" bytes="112" bytesdiscarded="0" />
  <memory-copied type="other" objects="35" bytes="1568" bytesdiscarded="0" />
  <memory-cardclean objects="46" bytes="9688" />
  <regions eden="52" other="2" />
  <remembered-set-cleared processed="607" cleared="17" durationms="0.626" />
  <references type="weak" candidates="2" cleared="0" enqueued="0" />
  <stringconstants candidates="13725" cleared="0"  />
</gc-op>
<gc-op id="3379" type="classunload" timems="0.005" contextid="3375" timestamp="2019-08-11T05:39:19.482">
  <classunload-info classloadercandidates="54" classloadersunloaded="0" classesunloaded="0" anonymousclassesunloaded="0" quiescems="0.000" setupms="0.005" scanms="0.000" postms="0.000" />
</gc-op>
<gc-end id="3380" type="partial gc" contextid="3375" durationms="4.518" usertimems="5.881" systemtimems="0.000" timestamp="2019-08-11T05:39:19.483" activeThreads="1">
  <mem-info id="3381" free="228589568" total="406847488" percent="56">
    <mem type="eden" free="2097040" total="2097152" percent="99" />
    <remembered-set count="5728" freebytes="16242048" totalbytes="16264960" percent="99" regionsoverflowed="0" regionsstable="9" regionsrebuilding="0"/>
  </mem-info>
</gc-end>
<cycle-end id="3382" type="partial gc" contextid="3375" timestamp="2019-08-11T05:39:19.483" />
  <attribute name="elasticGC enabled" value="1" />
  <attribute name= "numThreadsSpecified" value="1" />
  <attribute name="heapSize specified" value="0" />
  <attribute name="Current GC Util" value="77" />
  <attribute name= "Current Time Running" value="141365" />
  <attribute name ="GC Interval" value="0" />
  <attribute name="ProportionalT" value="-1.500000" />
  <attribute name="ProportionalI" value="-1.500000" />
  <attribute name="ProportionalH" value="-1.500000" />
  <attribute name="Current Error" value="-3.000000" />
  <attribute name="IntegralT" value="-3.000000" />
  <attribute name="IntegralI" value="-3.000000" />
  <attribute name="IntegralH" value="-3.000000" />
  <attribute name="DerivativeT" value="-1.500000" />
  <attribute name="DerivativeI" value="-1.500000" />
  <attribute name="DerivativeH" value="-1.500000" />
  <attribute name="Loop Time for DT" value="2.000000" />
  <attribute name="Output H" value="8388608"/>
  <attribute name="Output I" value="200"/>
  <attribute name="Output T" value="1"/>
  <attribute name="Target GC Util Change" value ="80.000000" />
  <attribute name="Current GC Util Change" value="77.000000"/>
  <attribute name="GC Util currently" value="77" />
  <attribute name="CPU Util currently" value="643077082538" />
<exclusive-end id="3383" timestamp="2019-08-11T05:39:19.483" durationms="5.275" />

* Round 4 done in 3.378 seconds.

-------------------------------------------------------------------------------
Benchmark: 2019-08-11 05:38:50
-------------------------------------------------------------------------------

    Rounds: 4
    Warp:   10
    Timer:  time.time

Test                             minimum  average  operation  overhead
-------------------------------------------------------------------------------
          BuiltinFunctionCalls:     19ms     75ms    0.15us    0.000ms
           BuiltinMethodLookup:     50ms    108ms    0.10us    0.000ms
                 CompareFloats:     16ms    126ms    0.11us    0.000ms
         CompareFloatsIntegers:     19ms     90ms    0.10us    0.000ms
               CompareIntegers:     25ms     86ms    0.05us    0.000ms
        CompareInternedStrings:     42ms    136ms    0.09us    0.000ms
                  CompareLongs:     18ms     48ms    0.05us    0.000ms
                CompareStrings:     30ms     87ms    0.09us    0.000ms
                CompareUnicode:     26ms     58ms    0.08us    0.000ms
                 ConcatStrings:    259ms    426ms    0.85us    0.000ms
                 ConcatUnicode:    168ms    254ms    0.85us    0.000ms
               CreateInstances:     85ms    126ms    1.13us    0.000ms
            CreateNewInstances:     98ms    155ms    1.85us    0.000ms
       CreateStringsWithConcat:     94ms    168ms    0.17us    0.000ms
       CreateUnicodeWithConcat:     41ms     76ms    0.19us    0.000ms
                  DictCreation:    100ms    156ms    0.39us    0.000ms
             DictWithFloatKeys:     17ms    204ms    0.23us    0.000ms
           DictWithIntegerKeys:     19ms     67ms    0.06us    0.000ms
            DictWithStringKeys:     20ms     62ms    0.05us    0.000ms
                      ForLoops:     96ms    127ms    5.10us    0.000ms
                    IfThenElse:     21ms     60ms    0.04us    0.000ms
                   ListSlicing:     20ms     35ms    2.52us    0.000ms
                NestedForLoops:     91ms    114ms    0.08us    0.000ms
          NormalClassAttribute:     29ms    119ms    0.10us    0.000ms
       NormalInstanceAttribute:     27ms     91ms    0.08us    0.000ms
           PythonFunctionCalls:     51ms    141ms    0.43us    0.000ms
             PythonMethodCalls:     38ms     95ms    0.42us    0.000ms
                     Recursion:     53ms    196ms    3.91us    0.000ms
                  SecondImport:     40ms    190ms    1.90us    0.000ms
           SecondPackageImport:     40ms     75ms    0.75us    0.000ms
         SecondSubmoduleImport:     68ms    106ms    1.06us    0.000ms
       SimpleComplexArithmetic:     22ms    109ms    0.12us    0.000ms
        SimpleDictManipulation:     63ms    199ms    0.17us    0.000ms
         SimpleFloatArithmetic:     25ms    133ms    0.10us    0.000ms
      SimpleIntFloatArithmetic:     21ms    110ms    0.08us    0.000ms
       SimpleIntegerArithmetic:     20ms    104ms    0.08us    0.000ms
        SimpleListManipulation:     43ms    146ms    0.13us    0.000ms
          SimpleLongArithmetic:     28ms    117ms    0.18us    0.000ms
                    SmallLists:     70ms    122ms    0.18us    0.000ms
                   SmallTuples:     67ms    193ms    0.36us    0.000ms
         SpecialClassAttribute:     24ms     90ms    0.08us    0.000ms
      SpecialInstanceAttribute:     25ms     98ms    0.08us    0.000ms
                StringMappings:    112ms    247ms    0.98us    0.000ms
              StringPredicates:     40ms    141ms    0.20us    0.000ms
                 StringSlicing:     90ms    173ms    0.31us    0.000ms
                     TryExcept:      2ms     38ms    0.02us    0.000ms
                TryRaiseExcept:    100ms    150ms    2.34us    0.000ms
                  TupleSlicing:     31ms     67ms    0.26us    0.000ms
               UnicodeMappings:    130ms    216ms    5.99us    0.000ms
             UnicodePredicates:     47ms    108ms    0.20us    0.000ms
             UnicodeProperties:    401ms    577ms    1.44us    0.000ms
                UnicodeSlicing:     74ms    131ms    0.27us    0.000ms
-------------------------------------------------------------------------------
Totals:                           3155ms   7127ms

===== DaCapo 9.12-MR1 jython PASSED in 32483 msec =====
<exclusive-start id="3384" timestamp="2019-08-11T05:39:19.721" intervalms="242.975">
  <response-info timems="0.028" idlems="0.028" threads="0" lastid="000000000239EF00" lastname="main" />
</exclusive-start>
<allocation-taxation id="3385" taxation-threshold="109051904" timestamp="2019-08-11T05:39:19.721" intervalms="242.961" />
<cycle-start id="3386" type="partial gc" contextid="0" timestamp="2019-08-11T05:39:19.721" intervalms="242.936" />
<gc-start id="3387" type="partial gc" contextid="3386" timestamp="2019-08-11T05:39:19.721">
  <mem-info id="3388" free="119537664" total="406847488" percent="29">
    <mem type="eden" free="2275616" total="111149056" percent="2" />
    <remembered-set count="5504" freebytes="16242944" totalbytes="16264960" percent="99" regionsoverflowed="0" regionsstable="9" regionsrebuilding="0"/>
  </mem-info>
</gc-start>
<allocation-stats totalBytes="99301712" >
  <allocated-bytes non-tlh="10155552" tlh="89146160" arrayletleaf="0"/>
  <largest-consumer threadName="main" threadId="000000000239EF00" bytes="99301712" />
</allocation-stats>
<gc-op id="3389" type="copy forward" timems="17.878" contextid="3386" timestamp="2019-08-11T05:39:19.740">
  <memory-copied type="eden" objects="5035" bytes="673952" bytesdiscarded="62440" />
  <memory-copied type="other" objects="6" bytes="144" bytesdiscarded="672" />
  <memory-cardclean objects="672" bytes="40624" />
  <regions eden="52" other="2" />
  <remembered-set-cleared processed="610" cleared="22" durationms="0.151" />
  <finalization candidates="1" enqueued="1" />
  <ownableSynchronizers candidates="3" cleared="3" />
  <references type="soft" candidates="11" cleared="0" enqueued="0" dynamicThreshold="17" maxThreshold="32" />
  <references type="weak" candidates="77" cleared="0" enqueued="0" />
  <references type="phantom" candidates="38" cleared="0" enqueued="0" />
  <stringconstants candidates="14144" cleared="0"  />
</gc-op>
<gc-op id="3390" type="classunload" timems="0.009" contextid="3386" timestamp="2019-08-11T05:39:19.740">
  <classunload-info classloadercandidates="55" classloadersunloaded="0" classesunloaded="0" anonymousclassesunloaded="0" quiescems="0.000" setupms="0.009" scanms="0.000" postms="0.000" />
</gc-op>
<gc-end id="3391" type="partial gc" contextid="3386" durationms="19.066" usertimems="64.327" systemtimems="0.000" timestamp="2019-08-11T05:39:19.740" activeThreads="16">
  <mem-info id="3392" free="228589568" total="406847488" percent="56">
    <mem type="eden" free="1360176" total="2097152" percent="64" />
    <pending-finalizers system="1" default="0" reference="0" classloader="0" />
    <remembered-set count="7392" freebytes="16235392" totalbytes="16264960" percent="99" regionsoverflowed="0" regionsstable="9" regionsrebuilding="0"/>
  </mem-info>
</gc-end>
<cycle-end id="3393" type="partial gc" contextid="3386" timestamp="2019-08-11T05:39:19.740" />
  <attribute name="elasticGC enabled" value="1" />
  <attribute name= "numThreadsSpecified" value="16" />
  <attribute name="heapSize specified" value="0" />
  <attribute name="Current GC Util" value="216" />
  <attribute name= "Current Time Running" value="141607" />
  <attribute name ="GC Interval" value="0" />
  <attribute name="ProportionalT" value="68.000000" />
  <attribute name="ProportionalI" value="68.000000" />
  <attribute name="ProportionalH" value="68.000000" />
  <attribute name="Current Error" value="136.000000" />
  <attribute name="IntegralT" value="68.000000" />
  <attribute name="IntegralI" value="68.000000" />
  <attribute name="IntegralH" value="68.000000" />
  <attribute name="DerivativeT" value="136.000000" />
  <attribute name="DerivativeI" value="136.000000" />
  <attribute name="DerivativeH" value="136.000000" />
  <attribute name="Loop Time for DT" value="1.000000" />
  <attribute name="Output H" value="8388608"/>
  <attribute name="Output I" value="272"/>
  <attribute name="Output T" value="16"/>
  <attribute name="Target GC Util Change" value ="80.000000" />
  <attribute name="Current GC Util Change" value="216.000000"/>
  <attribute name="GC Util currently" value="216" />
  <attribute name="CPU Util currently" value="2173408440143" />
<exclusive-end id="3394" timestamp="2019-08-11T05:39:19.741" durationms="20.028" />

<exclusive-start id="3395" timestamp="2019-08-11T05:39:19.756" intervalms="35.173">
  <response-info timems="0.063" idlems="0.063" threads="0" lastid="000000000239EF00" lastname="main" />
</exclusive-start>
<sys-start reason="explicit" id="3396" timestamp="2019-08-11T05:39:19.756" intervalms="32752.876" />
<cycle-start id="3397" type="global garbage collect" contextid="0" timestamp="2019-08-11T05:39:19.756" intervalms="141451.105" />
<gc-start id="3398" type="global garbage collect" contextid="3397" timestamp="2019-08-11T05:39:19.756">
  <mem-info id="3399" free="128721552" total="406847488" percent="31">
    <mem type="eden" free="2892992" total="102760448" percent="2" />
    <remembered-set count="6976" freebytes="16237056" totalbytes="16264960" percent="99" regionsoverflowed="0" regionsstable="9" regionsrebuilding="0"/>
  </mem-info>
</gc-start>
<allocation-stats totalBytes="94735392" >
  <allocated-bytes non-tlh="64442600" tlh="30292792" arrayletleaf="0"/>
  <largest-consumer threadName="main" threadId="000000000239EF00" bytes="94735392" />
</allocation-stats>
<gc-op id="3400" type="global mark" timems="16.770" contextid="3397" timestamp="2019-08-11T05:39:19.773">
  <trace-info objectcount="605194" scancount="522681" scanbytes="13493148" />
  <finalization candidates="80" enqueued="0" />
  <ownableSynchronizers candidates="22" cleared="0" />
  <references type="soft" candidates="3911" cleared="0" enqueued="0" dynamicThreshold="17" maxThreshold="32" />
  <references type="weak" candidates="5820" cleared="81" enqueued="69" />
  <references type="phantom" candidates="133" cleared="11" enqueued="11" />
  <stringconstants candidates="14144" cleared="0"  />
</gc-op>
<gc-op id="3401" type="classunload" timems="0.010" contextid="3397" timestamp="2019-08-11T05:39:19.773">
  <classunload-info classloadercandidates="55" classloadersunloaded="0" classesunloaded="0" anonymousclassesunloaded="0" quiescems="0.000" setupms="0.010" scanms="0.000" postms="0.000" />
</gc-op>
<gc-op id="3402" type="sweep" timems="3.776" contextid="3397" timestamp="2019-08-11T05:39:19.777" />
<gc-op id="3403" type="compact" timems="29.941" contextid="3397" timestamp="2019-08-11T05:39:19.808">
  <compact-info movecount="605191" movebytes="18629184" />
  <remembered-set-cleared processed="104416" cleared="104416" durationms="0.591" />
</gc-op>
<heap-resize id="3404" type="contract" space="default" amount="20971520" count="1" timems="0.143" reason="excess free space following gc" timestamp="2019-08-11T05:39:19.808" />
<gc-end id="3405" type="global garbage collect" contextid="3397" durationms="51.761" usertimems="230.731" systemtimems="0.000" timestamp="2019-08-11T05:39:19.808" activeThreads="16">
  <mem-info id="3406" free="354418688" total="385875968" percent="91">
    <pending-finalizers system="0" default="0" reference="80" classloader="0" />
    <remembered-set count="43520" freebytes="16090880" totalbytes="16264960" percent="98" regionsoverflowed="0" regionsstable="0" regionsrebuilding="0"/>
  </mem-info>
</gc-end>
<cycle-end id="3407" type="global garbage collect" contextid="3397" timestamp="2019-08-11T05:39:19.808" />
  <attribute name="elasticGC enabled" value="1" />
  <attribute name= "numThreadsSpecified" value="16" />
  <attribute name="heapSize specified" value="0" />
  <attribute name="Current GC Util" value="179" />
  <attribute name= "Current Time Running" value="141663" />
  <attribute name ="GC Interval" value="0" />
  <attribute name="ProportionalT" value="49.500000" />
  <attribute name="ProportionalI" value="49.500000" />
  <attribute name="ProportionalH" value="49.500000" />
  <attribute name="Current Error" value="99.000000" />
  <attribute name="IntegralT" value="198.000000" />
  <attribute name="IntegralI" value="198.000000" />
  <attribute name="IntegralH" value="198.000000" />
  <attribute name="DerivativeT" value="-70.000000" />
  <attribute name="DerivativeI" value="-70.000000" />
  <attribute name="DerivativeH" value="-70.000000" />
  <attribute name="Loop Time for DT" value="4.000000" />
  <attribute name="Output H" value="8388608"/>
  <attribute name="Output I" value="200"/>
  <attribute name="Output T" value="16"/>
  <attribute name="Target GC Util Change" value ="80.000000" />
  <attribute name="Current GC Util Change" value="179.000000"/>
  <attribute name="GC Util currently" value="179" />
  <attribute name="CPU Util currently" value="292126824149" />
<sys-end id="3408" timestamp="2019-08-11T05:39:19.808" />
<exclusive-end id="3409" timestamp="2019-08-11T05:39:19.808" durationms="52.423" />

===== DaCapo 9.12-MR1 pmd starting =====
<exclusive-start id="3410" timestamp="2019-08-11T05:39:20.773" intervalms="1017.118">
  <response-info timems="0.259" idlems="0.096" threads="3" lastid="0000000002698300" lastname="PmdThread 3" />
</exclusive-start>
<allocation-taxation id="3411" taxation-threshold="102760448" timestamp="2019-08-11T05:39:20.773" intervalms="1052.285" />
<cycle-start id="3412" type="partial gc" contextid="0" timestamp="2019-08-11T05:39:20.773" intervalms="1052.215" />
<gc-start id="3413" type="partial gc" contextid="3412" timestamp="2019-08-11T05:39:20.773">
  <mem-info id="3414" free="251658240" total="385875968" percent="65">
    <mem type="eden" free="480" total="102760448" percent="0" />
    <remembered-set count="43488" freebytes="16091008" totalbytes="16264960" percent="98" regionsoverflowed="0" regionsstable="0" regionsrebuilding="0"/>
  </mem-info>
</gc-start>
<allocation-stats totalBytes="102661104" >
  <allocated-bytes non-tlh="602224" tlh="102058880" arrayletleaf="0"/>
  <largest-consumer threadName="PmdThread 2" threadId="0000000002689300" bytes="10956176" />
</allocation-stats>
<gc-op id="3415" type="copy forward" timems="21.181" contextid="3412" timestamp="2019-08-11T05:39:20.797">
  <memory-copied type="eden" objects="220211" bytes="10587456" bytesdiscarded="970944" />
  <memory-copied type="other" objects="0" bytes="0" bytesdiscarded="0" />
  <memory-cardclean objects="1811" bytes="83456" />
  <regions eden="49" other="0" />
  <remembered-set-cleared processed="38597" cleared="321" durationms="0.276" />
  <finalization candidates="4" enqueued="0" />
  <ownableSynchronizers candidates="19" cleared="0" />
  <references type="soft" candidates="153" cleared="0" enqueued="0" dynamicThreshold="29" maxThreshold="32" />
  <references type="weak" candidates="1664" cleared="0" enqueued="0" />
  <references type="phantom" candidates="268" cleared="0" enqueued="0" />
  <stringconstants candidates="15651" cleared="10"  />
</gc-op>
<gc-op id="3416" type="classunload" timems="0.886" contextid="3412" timestamp="2019-08-11T05:39:20.797">
  <classunload-info classloadercandidates="64" classloadersunloaded="6" classesunloaded="6" anonymousclassesunloaded="0" quiescems="0.000" setupms="0.836" scanms="0.038" postms="0.012" />
</gc-op>
<heap-resize id="3417" type="contract" space="default" amount="20971520" count="1" timems="0.150" reason="excess free space following gc" timestamp="2019-08-11T05:39:20.798" />
<gc-end id="3418" type="partial gc" contextid="3412" durationms="24.550" usertimems="94.360" systemtimems="0.000" timestamp="2019-08-11T05:39:20.798" activeThreads="16">
  <mem-info id="3419" free="320864256" total="364904448" percent="87">
    <mem type="eden" free="972448" total="12582912" percent="7" />
    <remembered-set count="67712" freebytes="15155712" totalbytes="15426560" percent="98" regionsoverflowed="0" regionsstable="0" regionsrebuilding="0"/>
  </mem-info>
</gc-end>
<cycle-end id="3420" type="partial gc" contextid="3412" timestamp="2019-08-11T05:39:20.798" />
  <attribute name="elasticGC enabled" value="1" />
  <attribute name= "numThreadsSpecified" value="16" />
  <attribute name="heapSize specified" value="0" />
  <attribute name="Current GC Util" value="62" />
  <attribute name= "Current Time Running" value="142660" />
  <attribute name ="GC Interval" value="0" />
  <attribute name="ProportionalT" value="-9.000000" />
  <attribute name="ProportionalI" value="-9.000000" />
  <attribute name="ProportionalH" value="-9.000000" />
  <attribute name="Current Error" value="-18.000000" />
  <attribute name="IntegralT" value="-18.000000" />
  <attribute name="IntegralI" value="-18.000000" />
  <attribute name="IntegralH" value="-18.000000" />
  <attribute name="DerivativeT" value="-9.000000" />
  <attribute name="DerivativeI" value="-9.000000" />
  <attribute name="DerivativeH" value="-9.000000" />
  <attribute name="Loop Time for DT" value="2.000000" />
  <attribute name="Output H" value="4202627072"/>
  <attribute name="Output I" value="200"/>
  <attribute name="Output T" value="16"/>
  <attribute name="Target GC Util Change" value ="80.000000" />
  <attribute name="Current GC Util Change" value="62.000000"/>
  <attribute name="GC Util currently" value="62" />
  <attribute name="CPU Util currently" value="641773359718" />
<exclusive-end id="3421" timestamp="2019-08-11T05:39:20.799" durationms="25.787" />

<exclusive-start id="3422" timestamp="2019-08-11T05:39:21.072" intervalms="298.882">
  <response-info timems="0.526" idlems="0.282" threads="1" lastid="00000000023B5600" lastname="JIT Compilation Thread-5" />
</exclusive-start>
<allocation-taxation id="3423" taxation-threshold="98566144" timestamp="2019-08-11T05:39:21.072" intervalms="298.971" />
<cycle-start id="3424" type="partial gc" contextid="0" timestamp="2019-08-11T05:39:21.072" intervalms="298.993" />
<gc-start id="3425" type="partial gc" contextid="3424" timestamp="2019-08-11T05:39:21.072">
  <mem-info id="3426" free="222298112" total="364904448" percent="60">
    <mem type="eden" free="0" total="98566144" percent="0" />
    <remembered-set count="22912" freebytes="15334912" totalbytes="15426560" percent="99" regionsoverflowed="0" regionsstable="8" regionsrebuilding="0"/>
  </mem-info>
</gc-start>
<allocation-stats totalBytes="98533536" >
  <allocated-bytes non-tlh="17200" tlh="98516336" arrayletleaf="0"/>
  <largest-consumer threadName="PmdThread 9" threadId="0000000002685700" bytes="12705152" />
</allocation-stats>
<gc-op id="3427" type="copy forward" timems="24.452" contextid="3424" timestamp="2019-08-11T05:39:21.099">
  <memory-copied type="eden" objects="254621" bytes="11793424" bytesdiscarded="854920" />
  <memory-copied type="other" objects="144966" bytes="5715896" bytesdiscarded="661488" />
  <memory-cardclean objects="820" bytes="45192" />
  <regions eden="47" other="6" />
  <remembered-set-cleared processed="7378" cleared="2037" durationms="0.126" />
  <finalization candidates="4" enqueued="0" />
  <ownableSynchronizers candidates="19" cleared="0" />
  <references type="soft" candidates="153" cleared="0" enqueued="0" dynamicThreshold="28" maxThreshold="32" />
  <references type="weak" candidates="2325" cleared="0" enqueued="0" />
  <references type="phantom" candidates="612" cleared="0" enqueued="0" />
  <stringconstants candidates="15738" cleared="0"  />
</gc-op>
<gc-op id="3428" type="classunload" timems="0.009" contextid="3424" timestamp="2019-08-11T05:39:21.099">
  <classunload-info classloadercandidates="58" classloadersunloaded="0" classesunloaded="0" anonymousclassesunloaded="0" quiescems="0.000" setupms="0.008" scanms="0.000" postms="0.000" />
</gc-op>
<heap-resize id="3429" type="contract" space="default" amount="18874368" count="1" timems="0.121" reason="excess free space following gc" timestamp="2019-08-11T05:39:21.099" />
<gc-end id="3430" type="partial gc" contextid="3424" durationms="26.908" usertimems="103.600" systemtimems="0.000" timestamp="2019-08-11T05:39:21.099" activeThreads="16">
  <mem-info id="3431" free="291504128" total="346030080" percent="84">
    <mem type="eden" free="2013680" total="14680064" percent="13" />
    <remembered-set count="38656" freebytes="14433536" totalbytes="14588160" percent="98" regionsoverflowed="0" regionsstable="8" regionsrebuilding="0"/>
  </mem-info>
</gc-end>
<cycle-end id="3432" type="partial gc" contextid="3424" timestamp="2019-08-11T05:39:21.099" />
  <attribute name="elasticGC enabled" value="1" />
  <attribute name= "numThreadsSpecified" value="16" />
  <attribute name="heapSize specified" value="0" />
  <attribute name="Current GC Util" value="73" />
  <attribute name= "Current Time Running" value="142959" />
  <attribute name ="GC Interval" value="0" />
  <attribute name="ProportionalT" value="-3.500000" />
  <attribute name="ProportionalI" value="-3.500000" />
  <attribute name="ProportionalH" value="-3.500000" />
  <attribute name="Current Error" value="-7.000000" />
  <attribute name="IntegralT" value="-7.000000" />
  <attribute name="IntegralI" value="-7.000000" />
  <attribute name="IntegralH" value="-7.000000" />
  <attribute name="DerivativeT" value="-3.500000" />
  <attribute name="DerivativeI" value="-3.500000" />
  <attribute name="DerivativeH" value="-3.500000" />
  <attribute name="Loop Time for DT" value="2.000000" />
  <attribute name="Output H" value="4202627072"/>
  <attribute name="Output I" value="200"/>
  <attribute name="Output T" value="16"/>
  <attribute name="Target GC Util Change" value ="80.000000" />
  <attribute name="Current GC Util Change" value="73.000000"/>
  <attribute name="GC Util currently" value="73" />
  <attribute name="CPU Util currently" value="609057482856" />
<exclusive-end id="3433" timestamp="2019-08-11T05:39:21.099" durationms="27.737" />

<exclusive-start id="3434" timestamp="2019-08-11T05:39:21.351" intervalms="279.601">
  <response-info timems="1.713" idlems="1.713" threads="0" lastid="0000000002698300" lastname="PmdThread 3" />
</exclusive-start>
<allocation-taxation id="3435" taxation-threshold="94371840" timestamp="2019-08-11T05:39:21.351" intervalms="279.524" />
<cycle-start id="3436" type="partial gc" contextid="0" timestamp="2019-08-11T05:39:21.351" intervalms="279.511" />
<gc-start id="3437" type="partial gc" contextid="3436" timestamp="2019-08-11T05:39:21.352">
  <mem-info id="3438" free="197132288" total="346030080" percent="56">
    <mem type="eden" free="0" total="94371840" percent="0" />
    <remembered-set count="38304" freebytes="14434944" totalbytes="14588160" percent="98" regionsoverflowed="0" regionsstable="8" regionsrebuilding="0"/>
  </mem-info>
</gc-start>
<allocation-stats totalBytes="94329088" >
  <allocated-bytes non-tlh="17928" tlh="94311160" arrayletleaf="0"/>
  <largest-consumer threadName="PmdThread 2" threadId="0000000002689300" bytes="16638488" />
</allocation-stats>
<gc-op id="3439" type="copy forward" timems="35.521" contextid="3436" timestamp="2019-08-11T05:39:21.393">
  <memory-copied type="eden" objects="237859" bytes="10823224" bytesdiscarded="755064" />
  <memory-copied type="other" objects="323009" bytes="13254880" bytesdiscarded="1296976" />
  <memory-cardclean objects="3298" bytes="140024" />
  <regions eden="45" other="10" />
  <remembered-set-cleared processed="7035" cleared="1596" durationms="0.396" />
  <finalization candidates="3" enqueued="0" />
  <ownableSynchronizers candidates="19" cleared="0" />
  <references type="soft" candidates="147" cleared="0" enqueued="0" dynamicThreshold="26" maxThreshold="32" />
  <references type="weak" candidates="1792" cleared="0" enqueued="0" />
  <references type="phantom" candidates="790" cleared="0" enqueued="0" />
  <stringconstants candidates="15815" cleared="0"  />
</gc-op>
<gc-op id="3440" type="classunload" timems="0.010" contextid="3436" timestamp="2019-08-11T05:39:21.393">
  <classunload-info classloadercandidates="58" classloadersunloaded="0" classesunloaded="0" anonymousclassesunloaded="0" quiescems="0.000" setupms="0.009" scanms="0.000" postms="0.000" />
</gc-op>
<heap-resize id="3441" type="contract" space="default" amount="18874368" count="1" timems="0.125" reason="excess free space following gc" timestamp="2019-08-11T05:39:21.393" />
<gc-end id="3442" type="partial gc" contextid="3436" durationms="41.739" usertimems="127.764" systemtimems="25.807" timestamp="2019-08-11T05:39:21.394" activeThreads="16">
  <mem-info id="3443" free="266338304" total="327155712" percent="81">
    <mem type="eden" free="967880" total="12582912" percent="7" />
    <remembered-set count="50112" freebytes="13633152" totalbytes="13833600" percent="98" regionsoverflowed="0" regionsstable="8" regionsrebuilding="0"/>
  </mem-info>
</gc-end>
<cycle-end id="3444" type="partial gc" contextid="3436" timestamp="2019-08-11T05:39:21.394" />
  <attribute name="elasticGC enabled" value="1" />
  <attribute name= "numThreadsSpecified" value="16" />
  <attribute name="heapSize specified" value="0" />
  <attribute name="Current GC Util" value="26" />
  <attribute name= "Current Time Running" value="143242" />
  <attribute name ="GC Interval" value="0" />
  <attribute name="ProportionalT" value="-27.000000" />
  <attribute name="ProportionalI" value="-27.000000" />
  <attribute name="ProportionalH" value="-27.000000" />
  <attribute name="Current Error" value="-54.000000" />
  <attribute name="IntegralT" value="-108.000000" />
  <attribute name="IntegralI" value="-108.000000" />
  <attribute name="IntegralH" value="-108.000000" />
  <attribute name="DerivativeT" value="-13.500000" />
  <attribute name="DerivativeI" value="-13.500000" />
  <attribute name="DerivativeH" value="-13.500000" />
  <attribute name="Loop Time for DT" value="4.000000" />
  <attribute name="Output H" value="4202627072"/>
  <attribute name="Output I" value="200"/>
  <attribute name="Output T" value="16"/>
  <attribute name="Target GC Util Change" value ="80.000000" />
  <attribute name="Current GC Util Change" value="26.000000"/>
  <attribute name="GC Util currently" value="26" />
  <attribute name="CPU Util currently" value="266403522811" />
<exclusive-end id="3445" timestamp="2019-08-11T05:39:21.394" durationms="42.641" />

<exclusive-start id="3446" timestamp="2019-08-11T05:39:21.743" intervalms="392.017">
  <response-info timems="0.214" idlems="0.214" threads="0" lastid="00000000026D8200" lastname="PmdThread 4" />
</exclusive-start>
<allocation-taxation id="3447" taxation-threshold="88080384" timestamp="2019-08-11T05:39:21.743" intervalms="392.032" />
<cycle-start id="3448" type="partial gc" contextid="0" timestamp="2019-08-11T05:39:21.744" intervalms="392.093" />
<gc-start id="3449" type="partial gc" contextid="3448" timestamp="2019-08-11T05:39:21.744">
  <mem-info id="3450" free="178257920" total="327155712" percent="54">
    <mem type="eden" free="0" total="88080384" percent="0" />
    <remembered-set count="50016" freebytes="13633536" totalbytes="13833600" percent="98" regionsoverflowed="0" regionsstable="8" regionsrebuilding="0"/>
  </mem-info>
</gc-start>
<allocation-stats totalBytes="88041656" >
  <allocated-bytes non-tlh="474360" tlh="87567296" arrayletleaf="0"/>
  <largest-consumer threadName="PmdThread 2" threadId="0000000002689300" bytes="12629752" />
</allocation-stats>
<gc-op id="3451" type="copy forward" timems="26.698" contextid="3448" timestamp="2019-08-11T05:39:21.773">
  <memory-copied type="eden" objects="170582" bytes="8162368" bytesdiscarded="1138064" />
  <memory-copied type="other" objects="348889" bytes="14296712" bytesdiscarded="1373992" />
  <memory-cardclean objects="41540" bytes="2000784" />
  <regions eden="42" other="10" />
  <remembered-set-cleared processed="12486" cleared="5688" durationms="0.167" />
  <references type="soft" candidates="6" cleared="0" enqueued="0" dynamicThreshold="26" maxThreshold="32" />
  <references type="weak" candidates="1896" cleared="0" enqueued="0" />
  <references type="phantom" candidates="750" cleared="0" enqueued="0" />
  <stringconstants candidates="15888" cleared="0"  />
</gc-op>
<gc-op id="3452" type="classunload" timems="0.013" contextid="3448" timestamp="2019-08-11T05:39:21.773">
  <classunload-info classloadercandidates="58" classloadersunloaded="0" classesunloaded="0" anonymousclassesunloaded="0" quiescems="0.000" setupms="0.013" scanms="0.000" postms="0.000" />
</gc-op>
<heap-resize id="3453" type="contract" space="default" amount="16777216" count="1" timems="0.641" reason="excess free space following gc" timestamp="2019-08-11T05:39:21.774" />
<gc-end id="3454" type="partial gc" contextid="3448" durationms="29.962" usertimems="120.894" systemtimems="22.021" timestamp="2019-08-11T05:39:21.774" activeThreads="16">
  <mem-info id="3455" free="243269632" total="310378496" percent="78">
    <mem type="eden" free="1158504" total="10485760" percent="11" />
    <remembered-set count="65280" freebytes="12817920" totalbytes="13079040" percent="98" regionsoverflowed="0" regionsstable="8" regionsrebuilding="0"/>
  </mem-info>
</gc-end>
<cycle-end id="3456" type="partial gc" contextid="3448" timestamp="2019-08-11T05:39:21.774" />
  <attribute name="elasticGC enabled" value="1" />
  <attribute name= "numThreadsSpecified" value="16" />
  <attribute name="heapSize specified" value="0" />
  <attribute name="Current GC Util" value="62" />
  <attribute name= "Current Time Running" value="143631" />
  <attribute name ="GC Interval" value="0" />
  <attribute name="ProportionalT" value="-9.000000" />
  <attribute name="ProportionalI" value="-9.000000" />
  <attribute name="ProportionalH" value="-9.000000" />
  <attribute name="Current Error" value="-18.000000" />
  <attribute name="IntegralT" value="-18.000000" />
  <attribute name="IntegralI" value="-18.000000" />
  <attribute name="IntegralH" value="-18.000000" />
  <attribute name="DerivativeT" value="-9.000000" />
  <attribute name="DerivativeI" value="-9.000000" />
  <attribute name="DerivativeH" value="-9.000000" />
  <attribute name="Loop Time for DT" value="2.000000" />
  <attribute name="Output H" value="4202627072"/>
  <attribute name="Output I" value="200"/>
  <attribute name="Output T" value="16"/>
  <attribute name="Target GC Util Change" value ="80.000000" />
  <attribute name="Current GC Util Change" value="62.000000"/>
  <attribute name="GC Util currently" value="62" />
  <attribute name="CPU Util currently" value="562407566551" />
<exclusive-end id="3457" timestamp="2019-08-11T05:39:21.774" durationms="30.815" />

<exclusive-start id="3458" timestamp="2019-08-11T05:39:21.933" intervalms="190.084">
  <response-info timems="0.774" idlems="0.774" threads="0" lastid="00000000026BA200" lastname="PmdThread 8" />
</exclusive-start>
<allocation-taxation id="3459" taxation-threshold="83886080" timestamp="2019-08-11T05:39:21.933" intervalms="190.050" />
<cycle-start id="3460" type="partial gc" contextid="0" timestamp="2019-08-11T05:39:21.934" intervalms="190.258" />
<gc-start id="3461" type="partial gc" contextid="3460" timestamp="2019-08-11T05:39:21.934">
  <mem-info id="3462" free="159383552" total="310378496" percent="51">
    <mem type="eden" free="0" total="83886080" percent="0" />
    <remembered-set count="65088" freebytes="12818688" totalbytes="13079040" percent="98" regionsoverflowed="0" regionsstable="8" regionsrebuilding="0"/>
  </mem-info>
</gc-start>
<allocation-stats totalBytes="83848544" >
  <allocated-bytes non-tlh="146704" tlh="83701840" arrayletleaf="0"/>
  <largest-consumer threadName="PmdThread 9" threadId="0000000002685700" bytes="8553000" />
</allocation-stats>
<gc-op id="3463" type="copy forward" timems="29.290" contextid="3460" timestamp="2019-08-11T05:39:21.966">
  <memory-copied type="eden" objects="64158" bytes="4237592" bytesdiscarded="734712" />
  <memory-copied type="other" objects="285379" bytes="11462152" bytesdiscarded="842288" />
  <memory-cardclean objects="105177" bytes="4989928" />
  <regions eden="40" other="9" />
  <remembered-set-cleared processed="32895" cleared="20620" durationms="0.171" />
  <references type="soft" candidates="29" cleared="0" enqueued="0" dynamicThreshold="25" maxThreshold="32" />
  <references type="weak" candidates="2779" cleared="0" enqueued="0" />
  <references type="phantom" candidates="833" cleared="0" enqueued="0" />
  <stringconstants candidates="15971" cleared="0"  />
</gc-op>
<gc-op id="3464" type="classunload" timems="0.014" contextid="3460" timestamp="2019-08-11T05:39:21.966">
  <classunload-info classloadercandidates="58" classloadersunloaded="0" classesunloaded="0" anonymousclassesunloaded="0" quiescems="0.000" setupms="0.014" scanms="0.000" postms="0.000" />
</gc-op>
<heap-resize id="3465" type="contract" space="default" amount="16777216" count="1" timems="0.155" reason="excess free space following gc" timestamp="2019-08-11T05:39:21.967" />
<gc-end id="3466" type="partial gc" contextid="3460" durationms="32.707" usertimems="95.885" systemtimems="21.548" timestamp="2019-08-11T05:39:21.967" activeThreads="16">
  <mem-info id="3467" free="224395264" total="293601280" percent="76">
    <mem type="eden" free="1300400" total="6291456" percent="20" />
    <remembered-set count="66624" freebytes="12141824" totalbytes="12408320" percent="97" regionsoverflowed="0" regionsstable="8" regionsrebuilding="0"/>
  </mem-info>
</gc-end>
<cycle-end id="3468" type="partial gc" contextid="3460" timestamp="2019-08-11T05:39:21.968" />
  <attribute name="elasticGC enabled" value="1" />
  <attribute name= "numThreadsSpecified" value="16" />
  <attribute name="heapSize specified" value="0" />
  <attribute name="Current GC Util" value="56" />
  <attribute name= "Current Time Running" value="143822" />
  <attribute name ="GC Interval" value="0" />
  <attribute name="ProportionalT" value="-12.000000" />
  <attribute name="ProportionalI" value="-12.000000" />
  <attribute name="ProportionalH" value="-12.000000" />
  <attribute name="Current Error" value="-24.000000" />
  <attribute name="IntegralT" value="-24.000000" />
  <attribute name="IntegralI" value="-24.000000" />
  <attribute name="IntegralH" value="-24.000000" />
  <attribute name="DerivativeT" value="-12.000000" />
  <attribute name="DerivativeI" value="-12.000000" />
  <attribute name="DerivativeH" value="-12.000000" />
  <attribute name="Loop Time for DT" value="2.000000" />
  <attribute name="Output H" value="4202627072"/>
  <attribute name="Output I" value="200"/>
  <attribute name="Output T" value="16"/>
  <attribute name="Target GC Util Change" value ="80.000000" />
  <attribute name="Current GC Util Change" value="56.000000"/>
  <attribute name="GC Util currently" value="56" />
  <attribute name="CPU Util currently" value="619786597459" />
<exclusive-end id="3469" timestamp="2019-08-11T05:39:21.968" durationms="34.680" />

<exclusive-start id="3470" timestamp="2019-08-11T05:39:22.187" intervalms="253.467">
  <response-info timems="0.102" idlems="0.102" threads="0" lastid="0000000002689300" lastname="PmdThread 2" />
</exclusive-start>
<allocation-taxation id="3471" taxation-threshold="79691776" timestamp="2019-08-11T05:39:22.187" intervalms="253.466" />
<cycle-start id="3472" type="partial gc" contextid="0" timestamp="2019-08-11T05:39:22.187" intervalms="253.294" />
<gc-start id="3473" type="partial gc" contextid="3472" timestamp="2019-08-11T05:39:22.187">
  <mem-info id="3474" free="144703488" total="293601280" percent="49">
    <mem type="eden" free="0" total="79691776" percent="0" />
    <remembered-set count="66560" freebytes="12142080" totalbytes="12408320" percent="97" regionsoverflowed="0" regionsstable="8" regionsrebuilding="0"/>
  </mem-info>
</gc-start>
<allocation-stats totalBytes="79648640" >
  <allocated-bytes non-tlh="18864" tlh="79629776" arrayletleaf="0"/>
  <largest-consumer threadName="PmdThread 3" threadId="0000000002698300" bytes="12624536" />
</allocation-stats>
<gc-op id="3475" type="copy forward" timems="26.311" contextid="3472" timestamp="2019-08-11T05:39:22.215">
  <memory-copied type="eden" objects="88410" bytes="4472272" bytesdiscarded="488920" />
  <memory-copied type="other" objects="150482" bytes="6092376" bytesdiscarded="520768" />
  <memory-cardclean objects="121766" bytes="6001280" />
  <regions eden="38" other="6" />
  <remembered-set-cleared processed="37301" cleared="19428" durationms="0.335" />
  <references type="soft" candidates="2" cleared="0" enqueued="0" dynamicThreshold="24" maxThreshold="32" />
  <references type="weak" candidates="3782" cleared="0" enqueued="0" />
  <references type="phantom" candidates="521" cleared="0" enqueued="0" />
  <stringconstants candidates="16079" cleared="0"  />
</gc-op>
<gc-op id="3476" type="classunload" timems="0.009" contextid="3472" timestamp="2019-08-11T05:39:22.216">
  <classunload-info classloadercandidates="58" classloadersunloaded="0" classesunloaded="0" anonymousclassesunloaded="0" quiescems="0.000" setupms="0.009" scanms="0.000" postms="0.000" />
</gc-op>
<heap-resize id="3477" type="contract" space="default" amount="14680064" count="1" timems="0.629" reason="excess free space following gc" timestamp="2019-08-11T05:39:22.216" />
<gc-end id="3478" type="partial gc" contextid="3472" durationms="29.211" usertimems="137.613" systemtimems="15.258" timestamp="2019-08-11T05:39:22.217" activeThreads="16">
  <mem-info id="3479" free="207618048" total="278921216" percent="74">
    <mem type="eden" free="1289104" total="6291456" percent="20" />
    <remembered-set count="71840" freebytes="11450240" totalbytes="11737600" percent="97" regionsoverflowed="0" regionsstable="8" regionsrebuilding="0"/>
  </mem-info>
</gc-end>
<cycle-end id="3480" type="partial gc" contextid="3472" timestamp="2019-08-11T05:39:22.217" />
  <attribute name="elasticGC enabled" value="1" />
  <attribute name= "numThreadsSpecified" value="16" />
  <attribute name="heapSize specified" value="0" />
  <attribute name="Current GC Util" value="76" />
  <attribute name= "Current Time Running" value="144074" />
  <attribute name ="GC Interval" value="0" />
  <attribute name="ProportionalT" value="-2.000000" />
  <attribute name="ProportionalI" value="-2.000000" />
  <attribute name="ProportionalH" value="-2.000000" />
  <attribute name="Current Error" value="-4.000000" />
  <attribute name="IntegralT" value="-2.000000" />
  <attribute name="IntegralI" value="-2.000000" />
  <attribute name="IntegralH" value="-2.000000" />
  <attribute name="DerivativeT" value="-4.000000" />
  <attribute name="DerivativeI" value="-4.000000" />
  <attribute name="DerivativeH" value="-4.000000" />
  <attribute name="Loop Time for DT" value="1.000000" />
  <attribute name="Output H" value="4202627072"/>
  <attribute name="Output I" value="200"/>
  <attribute name="Output T" value="16"/>
  <attribute name="Target GC Util Change" value ="80.000000" />
  <attribute name="Current GC Util Change" value="76.000000"/>
  <attribute name="GC Util currently" value="76" />
  <attribute name="CPU Util currently" value="893524220305" />
<exclusive-end id="3481" timestamp="2019-08-11T05:39:22.217" durationms="30.286" />

===== DaCapo 9.12-MR1 pmd PASSED in 2861 msec =====
Using scaled threading model. 16 processors detected, 16 threads used to drive the workload, in a possible range of [1,512]
<exclusive-start id="3482" timestamp="2019-08-11T05:39:22.819" intervalms="631.623">
  <response-info timems="0.018" idlems="0.018" threads="0" lastid="000000000239EF00" lastname="main" />
</exclusive-start>
<sys-start reason="explicit" id="3483" timestamp="2019-08-11T05:39:22.819" intervalms="3062.763" />
<cycle-start id="3484" type="global garbage collect" contextid="0" timestamp="2019-08-11T05:39:22.819" intervalms="3062.752" />
<gc-start id="3485" type="global garbage collect" contextid="3484" timestamp="2019-08-11T05:39:22.819">
  <mem-info id="3486" free="132644856" total="278921216" percent="47">
    <mem type="eden" free="524280" total="75497472" percent="0" />
    <remembered-set count="71776" freebytes="11450496" totalbytes="11737600" percent="97" regionsoverflowed="0" regionsstable="8" regionsrebuilding="0"/>
  </mem-info>
</gc-start>
<allocation-stats totalBytes="74921544" >
  <allocated-bytes non-tlh="2915624" tlh="72005920" arrayletleaf="0"/>
  <largest-consumer threadName="main" threadId="000000000239EF00" bytes="9694752" />
</allocation-stats>
<gc-op id="3487" type="global mark" timems="18.831" contextid="3484" timestamp="2019-08-11T05:39:22.838">
  <trace-info objectcount="633191" scancount="545928" scanbytes="14236848" />
  <finalization candidates="152" enqueued="1" />
  <ownableSynchronizers candidates="43" cleared="19" />
  <references type="soft" candidates="3945" cleared="0" enqueued="0" dynamicThreshold="23" maxThreshold="32" />
  <references type="weak" candidates="12157" cleared="5938" enqueued="5863" />
  <references type="phantom" candidates="1599" cleared="746" enqueued="746" />
  <stringconstants candidates="16275" cleared="1766"  />
</gc-op>
<gc-op id="3488" type="classunload" timems="20.814" contextid="3484" timestamp="2019-08-11T05:39:22.859">
  <classunload-info classloadercandidates="59" classloadersunloaded="4" classesunloaded="1006" anonymousclassesunloaded="0" quiescems="0.000" setupms="9.613" scanms="11.154" postms="0.046" />
</gc-op>
<gc-op id="3489" type="sweep" timems="3.825" contextid="3484" timestamp="2019-08-11T05:39:22.864" />
<gc-op id="3490" type="compact" timems="46.110" contextid="3484" timestamp="2019-08-11T05:39:22.910">
  <compact-info movecount="632892" movebytes="22521456" />
  <remembered-set-cleared processed="118128" cleared="118128" durationms="0.600" />
</gc-op>
<heap-resize id="3491" type="contract" space="default" amount="14680064" count="1" timems="0.968" reason="excess free space following gc" timestamp="2019-08-11T05:39:22.912" />
<gc-end id="3492" type="global garbage collect" contextid="3484" durationms="92.670" usertimems="250.992" systemtimems="13.570" timestamp="2019-08-11T05:39:22.912" activeThreads="16">
  <mem-info id="3493" free="228589568" total="264241152" percent="86">
    <pending-finalizers system="1" default="0" reference="6609" classloader="0" />
    <remembered-set count="49664" freebytes="11538944" totalbytes="11737600" percent="98" regionsoverflowed="0" regionsstable="0" regionsrebuilding="0"/>
  </mem-info>
</gc-end>
<cycle-end id="3494" type="global garbage collect" contextid="3484" timestamp="2019-08-11T05:39:22.914" />
  <attribute name="elasticGC enabled" value="1" />
  <attribute name= "numThreadsSpecified" value="16" />
  <attribute name="heapSize specified" value="0" />
  <attribute name="Current GC Util" value="149" />
  <attribute name= "Current Time Running" value="144749" />
  <attribute name ="GC Interval" value="0" />
  <attribute name="ProportionalT" value="34.500000" />
  <attribute name="ProportionalI" value="34.500000" />
  <attribute name="ProportionalH" value="34.500000" />
  <attribute name="Current Error" value="69.000000" />
  <attribute name="IntegralT" value="138.000000" />
  <attribute name="IntegralI" value="138.000000" />
  <attribute name="IntegralH" value="138.000000" />
  <attribute name="DerivativeT" value="-14.250000" />
  <attribute name="DerivativeI" value="-14.250000" />
  <attribute name="DerivativeH" value="-14.250000" />
  <attribute name="Loop Time for DT" value="4.000000" />
  <attribute name="Output H" value="8388608"/>
  <attribute name="Output I" value="200"/>
  <attribute name="Output T" value="16"/>
  <attribute name="Target GC Util Change" value ="80.000000" />
  <attribute name="Current GC Util Change" value="149.000000"/>
  <attribute name="GC Util currently" value="149" />
  <attribute name="CPU Util currently" value="287080032407" />
<sys-end id="3495" timestamp="2019-08-11T05:39:22.914" />
<exclusive-end id="3496" timestamp="2019-08-11T05:39:22.914" durationms="95.555" />

===== DaCapo 9.12-MR1 sunflow starting =====
<exclusive-start id="3497" timestamp="2019-08-11T05:39:23.755" intervalms="936.909">
  <response-info timems="13.741" idlems="8.727" threads="3" lastid="0000000002698300" lastname="Thread-25" />
</exclusive-start>
<allocation-taxation id="3498" taxation-threshold="73400320" timestamp="2019-08-11T05:39:23.759" intervalms="1571.701" />
<cycle-start id="3499" type="partial gc" contextid="0" timestamp="2019-08-11T05:39:23.764" intervalms="1576.947" />
<gc-start id="3500" type="partial gc" contextid="3499" timestamp="2019-08-11T05:39:23.773">
  <mem-info id="3501" free="155189248" total="264241152" percent="58">
    <mem type="eden" free="0" total="73400320" percent="0" />
    <remembered-set count="49568" freebytes="11539328" totalbytes="11737600" percent="98" regionsoverflowed="0" regionsstable="0" regionsrebuilding="0"/>
  </mem-info>
</gc-start>
<allocation-stats totalBytes="73287080" >
  <allocated-bytes non-tlh="3310248" tlh="69976832" arrayletleaf="0"/>
  <largest-consumer threadName="Thread-26" threadId="0000000002689300" bytes="5945760" />
</allocation-stats>
<gc-op id="3502" type="copy forward" timems="280.233" contextid="3499" timestamp="2019-08-11T05:39:24.112">
  <memory-copied type="eden" objects="109991" bytes="6462376" bytesdiscarded="614344" />
  <memory-copied type="other" objects="0" bytes="0" bytesdiscarded="0" />
  <memory-cardclean objects="286618" bytes="9187056" />
  <regions eden="35" other="0" />
  <remembered-set-cleared processed="1459" cleared="1032" durationms="0.297" />
  <references type="soft" candidates="15" cleared="0" enqueued="0" dynamicThreshold="27" maxThreshold="32" />
  <references type="weak" candidates="38" cleared="0" enqueued="0" />
  <references type="phantom" candidates="2" cleared="0" enqueued="0" />
  <stringconstants candidates="15062" cleared="1"  />
</gc-op>
<gc-op id="3503" type="classunload" timems="0.016" contextid="3499" timestamp="2019-08-11T05:39:24.112">
  <classunload-info classloadercandidates="55" classloadersunloaded="0" classesunloaded="0" anonymousclassesunloaded="0" quiescems="0.000" setupms="0.015" scanms="0.000" postms="0.000" />
</gc-op>
<heap-resize id="3504" type="contract" space="default" amount="14680064" count="1" timems="0.589" reason="excess free space following gc" timestamp="2019-08-11T05:39:24.113" />
<gc-end id="3505" type="partial gc" contextid="3499" durationms="340.507" usertimems="160.796" systemtimems="172.107" timestamp="2019-08-11T05:39:24.113" activeThreads="16">
  <mem-info id="3506" free="203423744" total="249561088" percent="81">
    <mem type="eden" free="3408536" total="10485760" percent="32" />
    <remembered-set count="53056" freebytes="10351616" totalbytes="10563840" percent="97" regionsoverflowed="0" regionsstable="0" regionsrebuilding="0"/>
  </mem-info>
</gc-end>
<cycle-end id="3507" type="partial gc" contextid="3499" timestamp="2019-08-11T05:39:24.113" />
  <attribute name="elasticGC enabled" value="1" />
  <attribute name= "numThreadsSpecified" value="16" />
  <attribute name="heapSize specified" value="0" />
  <attribute name="Current GC Util" value="76" />
  <attribute name= "Current Time Running" value="145717" />
  <attribute name ="GC Interval" value="0" />
  <attribute name="ProportionalT" value="-2.000000" />
  <attribute name="ProportionalI" value="-2.000000" />
  <attribute name="ProportionalH" value="-2.000000" />
  <attribute name="Current Error" value="-4.000000" />
  <attribute name="IntegralT" value="-118.000000" />
  <attribute name="IntegralI" value="-118.000000" />
  <attribute name="IntegralH" value="-118.000000" />
  <attribute name="DerivativeT" value="-0.067797" />
  <attribute name="DerivativeI" value="-0.067797" />
  <attribute name="DerivativeH" value="-0.067797" />
  <attribute name="Loop Time for DT" value="59.000000" />
  <attribute name="Output H" value="4202627072"/>
  <attribute name="Output I" value="200"/>
  <attribute name="Output T" value="16"/>
  <attribute name="Target GC Util Change" value ="80.000000" />
  <attribute name="Current GC Util Change" value="76.000000"/>
  <attribute name="GC Util currently" value="76" />
  <attribute name="CPU Util currently" value="19734796068" />
<exclusive-end id="3508" timestamp="2019-08-11T05:39:24.113" durationms="358.034" />

<exclusive-start id="3509" timestamp="2019-08-11T05:39:24.280" intervalms="525.078">
  <response-info timems="10.300" idlems="10.300" threads="0" lastid="000000000269FB00" lastname="Thread-34" />
</exclusive-start>
<allocation-taxation id="3510" taxation-threshold="69206016" timestamp="2019-08-11T05:39:24.281" intervalms="521.916" />
<cycle-start id="3511" type="partial gc" contextid="0" timestamp="2019-08-11T05:39:24.297" intervalms="532.967" />
<gc-start id="3512" type="partial gc" contextid="3511" timestamp="2019-08-11T05:39:24.297">
  <mem-info id="3513" free="134217728" total="249561088" percent="53">
    <mem type="eden" free="0" total="69206016" percent="0" />
    <remembered-set count="10752" freebytes="10520832" totalbytes="10563840" percent="99" regionsoverflowed="0" regionsstable="9" regionsrebuilding="0"/>
  </mem-info>
</gc-start>
<allocation-stats totalBytes="69197696" >
  <allocated-bytes non-tlh="0" tlh="69197696" arrayletleaf="0"/>
  <largest-consumer threadName="Thread-28" threadId="0000000002685700" bytes="6204752" />
</allocation-stats>
<gc-op id="3514" type="copy forward" timems="217.415" contextid="3511" timestamp="2019-08-11T05:39:24.518">
  <memory-copied type="eden" objects="24462" bytes="591752" bytesdiscarded="41472" />
  <memory-copied type="other" objects="109040" bytes="6434704" bytesdiscarded="428560" />
  <memory-cardclean objects="2392" bytes="96200" />
  <regions eden="33" other="5" />
  <remembered-set-cleared processed="3198" cleared="131" durationms="0.186" />
  <references type="soft" candidates="15" cleared="0" enqueued="0" dynamicThreshold="26" maxThreshold="32" />
  <references type="weak" candidates="38" cleared="0" enqueued="0" />
  <references type="phantom" candidates="2" cleared="0" enqueued="0" />
  <stringconstants candidates="15061" cleared="0"  />
</gc-op>
<gc-op id="3515" type="classunload" timems="0.017" contextid="3511" timestamp="2019-08-11T05:39:24.519">
  <classunload-info classloadercandidates="55" classloadersunloaded="0" classesunloaded="0" anonymousclassesunloaded="0" quiescems="0.000" setupms="0.017" scanms="0.000" postms="0.000" />
</gc-op>
<heap-resize id="3516" type="contract" space="default" amount="12582912" count="1" timems="0.859" reason="excess free space following gc" timestamp="2019-08-11T05:39:24.520" />
<gc-end id="3517" type="partial gc" contextid="3511" durationms="222.366" usertimems="98.156" systemtimems="97.804" timestamp="2019-08-11T05:39:24.520" activeThreads="16">
  <mem-info id="3518" free="190840832" total="236978176" percent="80">
    <mem type="eden" free="1463928" total="2097152" percent="69" />
    <remembered-set count="13888" freebytes="9921408" totalbytes="9976960" percent="99" regionsoverflowed="0" regionsstable="9" regionsrebuilding="0"/>
  </mem-info>
</gc-end>
<cycle-end id="3519" type="partial gc" contextid="3511" timestamp="2019-08-11T05:39:24.520" />
  <attribute name="elasticGC enabled" value="1" />
  <attribute name= "numThreadsSpecified" value="16" />
  <attribute name="heapSize specified" value="0" />
  <attribute name="Current GC Util" value="24" />
  <attribute name= "Current Time Running" value="146185" />
  <attribute name ="GC Interval" value="0" />
  <attribute name="ProportionalT" value="-28.000000" />
  <attribute name="ProportionalI" value="-28.000000" />
  <attribute name="ProportionalH" value="-28.000000" />
  <attribute name="Current Error" value="-56.000000" />
  <attribute name="IntegralT" value="-84.000000" />
  <attribute name="IntegralI" value="-84.000000" />
  <attribute name="IntegralH" value="-84.000000" />
  <attribute name="DerivativeT" value="-18.666667" />
  <attribute name="DerivativeI" value="-18.666667" />
  <attribute name="DerivativeH" value="-18.666667" />
  <attribute name="Loop Time for DT" value="3.000000" />
  <attribute name="Output H" value="4202627072"/>
  <attribute name="Output I" value="200"/>
  <attribute name="Output T" value="16"/>
  <attribute name="Target GC Util Change" value ="80.000000" />
  <attribute name="Current GC Util Change" value="24.000000"/>
  <attribute name="GC Util currently" value="24" />
  <attribute name="CPU Util currently" value="391907808508" />
<exclusive-end id="3520" timestamp="2019-08-11T05:39:24.534" durationms="253.509" />

<exclusive-start id="3521" timestamp="2019-08-11T05:39:24.727" intervalms="446.946">
  <response-info timems="13.465" idlems="12.919" threads="1" lastid="0000000002689300" lastname="Thread-26" />
</exclusive-start>
<allocation-taxation id="3522" taxation-threshold="67108864" timestamp="2019-08-11T05:39:24.728" intervalms="446.966" />
<cycle-start id="3523" type="partial gc" contextid="0" timestamp="2019-08-11T05:39:24.728" intervalms="431.125" />
<gc-start id="3524" type="partial gc" contextid="3523" timestamp="2019-08-11T05:39:24.728">
  <mem-info id="3525" free="123731968" total="236978176" percent="52">
    <mem type="eden" free="0" total="67108864" percent="0" />
    <remembered-set count="13504" freebytes="9922944" totalbytes="9976960" percent="99" regionsoverflowed="0" regionsstable="9" regionsrebuilding="0"/>
  </mem-info>
</gc-start>
<allocation-stats totalBytes="67100448" >
  <allocated-bytes non-tlh="168" tlh="67100280" arrayletleaf="0"/>
  <largest-consumer threadName="Thread-21" threadId="000000000269BF00" bytes="9214792" />
</allocation-stats>
<gc-op id="3526" type="copy forward" timems="51.541" contextid="3523" timestamp="2019-08-11T05:39:24.786">
  <memory-copied type="eden" objects="38473" bytes="1497984" bytesdiscarded="105176" />
  <memory-copied type="other" objects="76087" bytes="3943472" bytesdiscarded="452280" />
  <memory-cardclean objects="16824" bytes="825112" />
  <regions eden="32" other="3" />
  <remembered-set-cleared processed="3553" cleared="324" durationms="0.160" />
  <references type="soft" candidates="3" cleared="0" enqueued="0" dynamicThreshold="25" maxThreshold="32" />
  <references type="weak" candidates="4" cleared="0" enqueued="0" />
  <references type="phantom" candidates="2" cleared="0" enqueued="0" />
  <stringconstants candidates="15062" cleared="0"  />
</gc-op>
<gc-op id="3527" type="classunload" timems="0.018" contextid="3523" timestamp="2019-08-11T05:39:24.786">
  <classunload-info classloadercandidates="55" classloadersunloaded="0" classesunloaded="0" anonymousclassesunloaded="0" quiescems="0.000" setupms="0.018" scanms="0.000" postms="0.000" />
</gc-op>
<heap-resize id="3528" type="contract" space="default" amount="12582912" count="1" timems="1.518" reason="excess free space following gc" timestamp="2019-08-11T05:39:24.788" />
<gc-end id="3529" type="partial gc" contextid="3523" durationms="59.661" usertimems="94.828" systemtimems="18.190" timestamp="2019-08-11T05:39:24.788" activeThreads="16">
  <mem-info id="3530" free="176160768" total="224395264" percent="78">
    <mem type="eden" free="493992" total="2097152" percent="23" />
    <remembered-set count="14880" freebytes="9414400" totalbytes="9473920" percent="99" regionsoverflowed="0" regionsstable="9" regionsrebuilding="0"/>
  </mem-info>
</gc-end>
<cycle-end id="3531" type="partial gc" contextid="3523" timestamp="2019-08-11T05:39:24.789" />
  <attribute name="elasticGC enabled" value="1" />
  <attribute name= "numThreadsSpecified" value="16" />
  <attribute name="heapSize specified" value="0" />
  <attribute name="Current GC Util" value="26" />
  <attribute name= "Current Time Running" value="146619" />
  <attribute name ="GC Interval" value="0" />
  <attribute name="ProportionalT" value="-27.000000" />
  <attribute name="ProportionalI" value="-27.000000" />
  <attribute name="ProportionalH" value="-27.000000" />
  <attribute name="Current Error" value="-54.000000" />
  <attribute name="IntegralT" value="-135.000000" />
  <attribute name="IntegralI" value="-135.000000" />
  <attribute name="IntegralH" value="-135.000000" />
  <attribute name="DerivativeT" value="-10.800000" />
  <attribute name="DerivativeI" value="-10.800000" />
  <attribute name="DerivativeH" value="-10.800000" />
  <attribute name="Loop Time for DT" value="5.000000" />
  <attribute name="Output H" value="4202627072"/>
  <attribute name="Output I" value="200"/>
  <attribute name="Output T" value="16"/>
  <attribute name="Target GC Util Change" value ="80.000000" />
  <attribute name="Current GC Util Change" value="26.000000"/>
  <attribute name="GC Util currently" value="26" />
  <attribute name="CPU Util currently" value="224204984462" />
<exclusive-end id="3532" timestamp="2019-08-11T05:39:24.789" durationms="61.825" />

<exclusive-start id="3533" timestamp="2019-08-11T05:39:24.930" intervalms="202.498">
  <response-info timems="4.453" idlems="4.453" threads="0" lastid="00000000026A3600" lastname="Thread-35" />
</exclusive-start>
<allocation-taxation id="3534" taxation-threshold="62914560" timestamp="2019-08-11T05:39:24.930" intervalms="202.482" />
<cycle-start id="3535" type="partial gc" contextid="0" timestamp="2019-08-11T05:39:24.930" intervalms="202.032" />
<gc-start id="3536" type="partial gc" contextid="3535" timestamp="2019-08-11T05:39:24.931">
  <mem-info id="3537" free="113246208" total="224395264" percent="50">
    <mem type="eden" free="0" total="62914560" percent="0" />
    <remembered-set count="14720" freebytes="9415040" totalbytes="9473920" percent="99" regionsoverflowed="0" regionsstable="9" regionsrebuilding="0"/>
  </mem-info>
</gc-start>
<allocation-stats totalBytes="62906632" >
  <allocated-bytes non-tlh="0" tlh="62906632" arrayletleaf="0"/>
  <largest-consumer threadName="Thread-21" threadId="000000000269BF00" bytes="8084416" />
</allocation-stats>
<gc-op id="3538" type="copy forward" timems="29.950" contextid="3535" timestamp="2019-08-11T05:39:24.963">
  <memory-copied type="eden" objects="40568" bytes="1664280" bytesdiscarded="147200" />
  <memory-copied type="other" objects="58276" bytes="3369800" bytesdiscarded="355808" />
  <memory-cardclean objects="12475" bytes="631216" />
  <regions eden="30" other="3" />
  <remembered-set-cleared processed="6717" cleared="3025" durationms="0.120" />
  <references type="soft" candidates="12" cleared="0" enqueued="0" dynamicThreshold="25" maxThreshold="32" />
  <references type="weak" candidates="34" cleared="0" enqueued="0" />
  <stringconstants candidates="15062" cleared="0"  />
</gc-op>
<gc-op id="3539" type="classunload" timems="0.010" contextid="3535" timestamp="2019-08-11T05:39:24.963">
  <classunload-info classloadercandidates="55" classloadersunloaded="0" classesunloaded="0" anonymousclassesunloaded="0" quiescems="0.000" setupms="0.010" scanms="0.000" postms="0.000" />
</gc-op>
<heap-resize id="3540" type="contract" space="default" amount="12582912" count="1" timems="0.610" reason="excess free space following gc" timestamp="2019-08-11T05:39:24.964" />
<gc-end id="3541" type="partial gc" contextid="3535" durationms="32.966" usertimems="59.561" systemtimems="10.586" timestamp="2019-08-11T05:39:24.964" activeThreads="16">
  <mem-info id="3542" free="163577856" total="211812352" percent="77">
    <mem type="eden" free="285672" total="2097152" percent="13" />
    <remembered-set count="16512" freebytes="8904832" totalbytes="8970880" percent="99" regionsoverflowed="0" regionsstable="9" regionsrebuilding="0"/>
  </mem-info>
</gc-end>
<cycle-end id="3543" type="partial gc" contextid="3535" timestamp="2019-08-11T05:39:24.964" />
  <attribute name="elasticGC enabled" value="1" />
  <attribute name= "numThreadsSpecified" value="16" />
  <attribute name="heapSize specified" value="0" />
  <attribute name="Current GC Util" value="49" />
  <attribute name= "Current Time Running" value="146818" />
  <attribute name ="GC Interval" value="0" />
  <attribute name="ProportionalT" value="-15.500000" />
  <attribute name="ProportionalI" value="-15.500000" />
  <attribute name="ProportionalH" value="-15.500000" />
  <attribute name="Current Error" value="-31.000000" />
  <attribute name="IntegralT" value="-31.000000" />
  <attribute name="IntegralI" value="-31.000000" />
  <attribute name="IntegralH" value="-31.000000" />
  <attribute name="DerivativeT" value="-15.500000" />
  <attribute name="DerivativeI" value="-15.500000" />
  <attribute name="DerivativeH" value="-15.500000" />
  <attribute name="Loop Time for DT" value="2.000000" />
  <attribute name="Output H" value="4202627072"/>
  <attribute name="Output I" value="200"/>
  <attribute name="Output T" value="16"/>
  <attribute name="Target GC Util Change" value ="80.000000" />
  <attribute name="Current GC Util Change" value="49.000000"/>
  <attribute name="GC Util currently" value="49" />
  <attribute name="CPU Util currently" value="659265451447" />
<exclusive-end id="3544" timestamp="2019-08-11T05:39:24.964" durationms="34.484" />

<exclusive-start id="3545" timestamp="2019-08-11T05:39:25.023" intervalms="93.437">
  <response-info timems="2.792" idlems="1.400" threads="1" lastid="0000000002689300" lastname="Thread-26" />
</exclusive-start>
<allocation-taxation id="3546" taxation-threshold="60817408" timestamp="2019-08-11T05:39:25.023" intervalms="93.430" />
<cycle-start id="3547" type="partial gc" contextid="0" timestamp="2019-08-11T05:39:25.024" intervalms="93.430" />
<gc-start id="3548" type="partial gc" contextid="3547" timestamp="2019-08-11T05:39:25.024">
  <mem-info id="3549" free="102760448" total="211812352" percent="48">
    <mem type="eden" free="0" total="60817408" percent="0" />
    <remembered-set count="16096" freebytes="8906496" totalbytes="8970880" percent="99" regionsoverflowed="0" regionsstable="9" regionsrebuilding="0"/>
  </mem-info>
</gc-start>
<allocation-stats totalBytes="60808056" >
  <allocated-bytes non-tlh="0" tlh="60808056" arrayletleaf="0"/>
  <largest-consumer threadName="Thread-21" threadId="000000000269BF00" bytes="7113736" />
</allocation-stats>
<gc-op id="3550" type="copy forward" timems="36.398" contextid="3547" timestamp="2019-08-11T05:39:25.063">
  <memory-copied type="eden" objects="30197" bytes="1141536" bytesdiscarded="127288" />
  <memory-copied type="other" objects="80471" bytes="4577880" bytesdiscarded="570184" />
  <memory-cardclean objects="10035" bytes="549160" />
  <regions eden="29" other="3" />
  <remembered-set-cleared processed="6884" cleared="3531" durationms="0.123" />
  <references type="soft" candidates="3" cleared="0" enqueued="0" dynamicThreshold="24" maxThreshold="32" />
  <references type="weak" candidates="4" cleared="0" enqueued="0" />
  <references type="phantom" candidates="2" cleared="0" enqueued="0" />
  <stringconstants candidates="15062" cleared="0"  />
</gc-op>
<gc-op id="3551" type="classunload" timems="0.017" contextid="3547" timestamp="2019-08-11T05:39:25.065">
  <classunload-info classloadercandidates="55" classloadersunloaded="0" classesunloaded="0" anonymousclassesunloaded="0" quiescems="0.000" setupms="0.016" scanms="0.000" postms="0.000" />
</gc-op>
<heap-resize id="3552" type="contract" space="default" amount="12582912" count="1" timems="6.766" reason="excess free space following gc" timestamp="2019-08-11T05:39:25.074" />
<gc-end id="3553" type="partial gc" contextid="3547" durationms="49.923" usertimems="37.094" systemtimems="23.727" timestamp="2019-08-11T05:39:25.074" activeThreads="16">
  <mem-info id="3554" free="146800640" total="199229440" percent="73">
    <mem type="eden" free="2925480" total="4194304" percent="69" />
    <remembered-set count="19776" freebytes="8388736" totalbytes="8467840" percent="99" regionsoverflowed="0" regionsstable="9" regionsrebuilding="0"/>
  </mem-info>
</gc-end>
<cycle-end id="3555" type="partial gc" contextid="3547" timestamp="2019-08-11T05:39:25.074" />
  <attribute name="elasticGC enabled" value="1" />
  <attribute name= "numThreadsSpecified" value="16" />
  <attribute name="heapSize specified" value="0" />
  <attribute name="Current GC Util" value="42" />
  <attribute name= "Current Time Running" value="146911" />
  <attribute name ="GC Interval" value="0" />
  <attribute name="ProportionalT" value="-19.000000" />
  <attribute name="ProportionalI" value="-19.000000" />
  <attribute name="ProportionalH" value="-19.000000" />
  <attribute name="Current Error" value="-38.000000" />
  <attribute name="IntegralT" value="-38.000000" />
  <attribute name="IntegralI" value="-38.000000" />
  <attribute name="IntegralH" value="-38.000000" />
  <attribute name="DerivativeT" value="-19.000000" />
  <attribute name="DerivativeI" value="-19.000000" />
  <attribute name="DerivativeH" value="-19.000000" />
  <attribute name="Loop Time for DT" value="2.000000" />
  <attribute name="Output H" value="4202627072"/>
  <attribute name="Output I" value="200"/>
  <attribute name="Output T" value="16"/>
  <attribute name="Target GC Util Change" value ="80.000000" />
  <attribute name="Current GC Util Change" value="42.000000"/>
  <attribute name="GC Util currently" value="42" />
  <attribute name="CPU Util currently" value="626186845252" />
<exclusive-end id="3556" timestamp="2019-08-11T05:39:25.089" durationms="65.764" />

<exclusive-start id="3557" timestamp="2019-08-11T05:39:25.176" intervalms="152.148">
  <response-info timems="10.510" idlems="10.510" threads="0" lastid="00000000026AAE00" lastname="Thread-29" />
</exclusive-start>
<allocation-taxation id="3558" taxation-threshold="56623104" timestamp="2019-08-11T05:39:25.176" intervalms="152.165" />
<cycle-start id="3559" type="partial gc" contextid="0" timestamp="2019-08-11T05:39:25.177" intervalms="152.942" />
<gc-start id="3560" type="partial gc" contextid="3559" timestamp="2019-08-11T05:39:25.178">
  <mem-info id="3561" free="90177536" total="199229440" percent="45">
    <mem type="eden" free="0" total="56623104" percent="0" />
    <remembered-set count="19424" freebytes="8390144" totalbytes="8467840" percent="99" regionsoverflowed="0" regionsstable="9" regionsrebuilding="0"/>
  </mem-info>
</gc-start>
<allocation-stats totalBytes="56614528" >
  <allocated-bytes non-tlh="0" tlh="56614528" arrayletleaf="0"/>
  <largest-consumer threadName="Thread-36" threadId="00000000026BDE00" bytes="10103496" />
</allocation-stats>
<gc-op id="3562" type="copy forward" timems="90.026" contextid="3559" timestamp="2019-08-11T05:39:25.271">
  <memory-copied type="eden" objects="33575" bytes="1359432" bytesdiscarded="112736" />
  <memory-copied type="other" objects="72678" bytes="4491032" bytesdiscarded="411040" />
  <memory-cardclean objects="18173" bytes="992288" />
  <regions eden="27" other="4" />
  <remembered-set-cleared processed="6866" cleared="3207" durationms="0.137" />
  <references type="soft" candidates="14" cleared="0" enqueued="0" dynamicThreshold="23" maxThreshold="32" />
  <references type="weak" candidates="34" cleared="0" enqueued="0" />
  <stringconstants candidates="15062" cleared="0"  />
</gc-op>
<gc-op id="3563" type="classunload" timems="0.017" contextid="3559" timestamp="2019-08-11T05:39:25.271">
  <classunload-info classloadercandidates="55" classloadersunloaded="0" classesunloaded="0" anonymousclassesunloaded="0" quiescems="0.000" setupms="0.017" scanms="0.000" postms="0.000" />
</gc-op>
<heap-resize id="3564" type="contract" space="default" amount="10485760" count="1" timems="0.501" reason="excess free space following gc" timestamp="2019-08-11T05:39:25.271" />
<gc-end id="3565" type="partial gc" contextid="3559" durationms="93.435" usertimems="38.836" systemtimems="32.245" timestamp="2019-08-11T05:39:25.272" activeThreads="16">
  <mem-info id="3566" free="136314880" total="188743680" percent="72">
    <mem type="eden" free="2722136" total="4194304" percent="64" />
    <remembered-set count="18912" freebytes="7889152" totalbytes="7964800" percent="99" regionsoverflowed="0" regionsstable="9" regionsrebuilding="0"/>
  </mem-info>
</gc-end>
<cycle-end id="3567" type="partial gc" contextid="3559" timestamp="2019-08-11T05:39:25.272" />
  <attribute name="elasticGC enabled" value="1" />
  <attribute name= "numThreadsSpecified" value="16" />
  <attribute name="heapSize specified" value="0" />
  <attribute name="Current GC Util" value="128" />
  <attribute name= "Current Time Running" value="147065" />
  <attribute name ="GC Interval" value="0" />
  <attribute name="ProportionalT" value="24.000000" />
  <attribute name="ProportionalI" value="24.000000" />
  <attribute name="ProportionalH" value="24.000000" />
  <attribute name="Current Error" value="48.000000" />
  <attribute name="IntegralT" value="48.000000" />
  <attribute name="IntegralI" value="48.000000" />
  <attribute name="IntegralH" value="48.000000" />
  <attribute name="DerivativeT" value="24.000000" />
  <attribute name="DerivativeI" value="24.000000" />
  <attribute name="DerivativeH" value="24.000000" />
  <attribute name="Loop Time for DT" value="2.000000" />
  <attribute name="Output H" value="8388608"/>
  <attribute name="Output I" value="200"/>
  <attribute name="Output T" value="16"/>
  <attribute name="Target GC Util Change" value ="80.000000" />
  <attribute name="Current GC Util Change" value="128.000000"/>
  <attribute name="GC Util currently" value="128" />
  <attribute name="CPU Util currently" value="540624608448" />
<exclusive-end id="3568" timestamp="2019-08-11T05:39:25.272" durationms="96.316" />

<exclusive-start id="3569" timestamp="2019-08-11T05:39:25.332" intervalms="156.395">
  <response-info timems="7.043" idlems="6.019" threads="1" lastid="00000000026BA200" lastname="Thread-22" />
</exclusive-start>
<allocation-taxation id="3570" taxation-threshold="54525952" timestamp="2019-08-11T05:39:25.332" intervalms="156.385" />
<cycle-start id="3571" type="partial gc" contextid="0" timestamp="2019-08-11T05:39:25.332" intervalms="155.478" />
<gc-start id="3572" type="partial gc" contextid="3571" timestamp="2019-08-11T05:39:25.332">
  <mem-info id="3573" free="81788928" total="188743680" percent="43">
    <mem type="eden" free="0" total="54525952" percent="0" />
    <remembered-set count="18432" freebytes="7891072" totalbytes="7964800" percent="99" regionsoverflowed="0" regionsstable="9" regionsrebuilding="0"/>
  </mem-info>
</gc-start>
<allocation-stats totalBytes="54517552" >
  <allocated-bytes non-tlh="0" tlh="54517552" arrayletleaf="0"/>
  <largest-consumer threadName="Thread-29" threadId="00000000026AAE00" bytes="5836080" />
</allocation-stats>
<gc-op id="3574" type="copy forward" timems="89.920" contextid="3571" timestamp="2019-08-11T05:39:25.424">
  <memory-copied type="eden" objects="21816" bytes="802952" bytesdiscarded="109088" />
  <memory-copied type="other" objects="56035" bytes="2927224" bytesdiscarded="245720" />
  <memory-cardclean objects="25961" bytes="1335656" />
  <regions eden="26" other="3" />
  <remembered-set-cleared processed="8173" cleared="3248" durationms="0.129" />
  <references type="soft" candidates="3" cleared="0" enqueued="0" dynamicThreshold="23" maxThreshold="32" />
  <references type="weak" candidates="4" cleared="0" enqueued="0" />
  <references type="phantom" candidates="2" cleared="0" enqueued="0" />
  <stringconstants candidates="15062" cleared="0"  />
</gc-op>
<gc-op id="3575" type="classunload" timems="0.013" contextid="3571" timestamp="2019-08-11T05:39:25.424">
  <classunload-info classloadercandidates="55" classloadersunloaded="0" classesunloaded="0" anonymousclassesunloaded="0" quiescems="0.000" setupms="0.013" scanms="0.000" postms="0.000" />
</gc-op>
<heap-resize id="3576" type="contract" space="default" amount="10485760" count="1" timems="0.432" reason="excess free space following gc" timestamp="2019-08-11T05:39:25.425" />
<gc-end id="3577" type="partial gc" contextid="3571" durationms="92.487" usertimems="41.391" systemtimems="36.661" timestamp="2019-08-11T05:39:25.425" activeThreads="16">
  <mem-info id="3578" free="125829120" total="178257920" percent="70">
    <mem type="eden" free="1185112" total="2097152" percent="56" />
    <remembered-set count="21344" freebytes="7460224" totalbytes="7545600" percent="98" regionsoverflowed="0" regionsstable="9" regionsrebuilding="0"/>
  </mem-info>
</gc-end>
<cycle-end id="3579" type="partial gc" contextid="3571" timestamp="2019-08-11T05:39:25.425" />
  <attribute name="elasticGC enabled" value="1" />
  <attribute name= "numThreadsSpecified" value="16" />
  <attribute name="heapSize specified" value="0" />
  <attribute name="Current GC Util" value="72" />
  <attribute name= "Current Time Running" value="147219" />
  <attribute name ="GC Interval" value="0" />
  <attribute name="ProportionalT" value="-4.000000" />
  <attribute name="ProportionalI" value="-4.000000" />
  <attribute name="ProportionalH" value="-4.000000" />
  <attribute name="Current Error" value="-8.000000" />
  <attribute name="IntegralT" value="-4.000000" />
  <attribute name="IntegralI" value="-4.000000" />
  <attribute name="IntegralH" value="-4.000000" />
  <attribute name="DerivativeT" value="-8.000000" />
  <attribute name="DerivativeI" value="-8.000000" />
  <attribute name="DerivativeH" value="-8.000000" />
  <attribute name="Loop Time for DT" value="1.000000" />
  <attribute name="Output H" value="4202627072"/>
  <attribute name="Output I" value="200"/>
  <attribute name="Output T" value="16"/>
  <attribute name="Target GC Util Change" value ="80.000000" />
  <attribute name="Current GC Util Change" value="72.000000"/>
  <attribute name="GC Util currently" value="72" />
  <attribute name="CPU Util currently" value="819340774803" />
<exclusive-end id="3580" timestamp="2019-08-11T05:39:25.425" durationms="93.031" />

<exclusive-start id="3581" timestamp="2019-08-11T05:39:25.463" intervalms="131.129">
  <response-info timems="2.677" idlems="1.589" threads="2" lastid="0000000002698300" lastname="Thread-25" />
</exclusive-start>
<allocation-taxation id="3582" taxation-threshold="52428800" timestamp="2019-08-11T05:39:25.463" intervalms="131.148" />
<cycle-start id="3583" type="partial gc" contextid="0" timestamp="2019-08-11T05:39:25.465" intervalms="133.091" />
<gc-start id="3584" type="partial gc" contextid="3583" timestamp="2019-08-11T05:39:25.465">
  <mem-info id="3585" free="73400320" total="178257920" percent="41">
    <mem type="eden" free="0" total="52428800" percent="0" />
    <remembered-set count="21216" freebytes="7460736" totalbytes="7545600" percent="98" regionsoverflowed="0" regionsstable="9" regionsrebuilding="0"/>
  </mem-info>
</gc-start>
<allocation-stats totalBytes="52420728" >
  <allocated-bytes non-tlh="0" tlh="52420728" arrayletleaf="0"/>
  <largest-consumer threadName="Thread-24" threadId="00000000026DBD00" bytes="6290488" />
</allocation-stats>
<gc-op id="3586" type="copy forward" timems="29.851" contextid="3583" timestamp="2019-08-11T05:39:25.511">
  <memory-copied type="eden" objects="29150" bytes="1116704" bytesdiscarded="68576" />
  <memory-copied type="other" objects="34450" bytes="2268144" bytesdiscarded="224208" />
  <memory-cardclean objects="35794" bytes="1893320" />
  <regions eden="25" other="2" />
  <remembered-set-cleared processed="9543" cleared="3663" durationms="0.146" />
  <references type="soft" candidates="12" cleared="0" enqueued="0" dynamicThreshold="22" maxThreshold="32" />
  <references type="weak" candidates="34" cleared="0" enqueued="0" />
  <stringconstants candidates="15062" cleared="0"  />
</gc-op>
<gc-op id="3587" type="classunload" timems="0.012" contextid="3583" timestamp="2019-08-11T05:39:25.511">
  <classunload-info classloadercandidates="55" classloadersunloaded="0" classesunloaded="0" anonymousclassesunloaded="0" quiescems="0.000" setupms="0.012" scanms="0.000" postms="0.000" />
</gc-op>
<heap-resize id="3588" type="contract" space="default" amount="10485760" count="1" timems="0.466" reason="excess free space following gc" timestamp="2019-08-11T05:39:25.512" />
<gc-end id="3589" type="partial gc" contextid="3583" durationms="46.783" usertimems="49.094" systemtimems="17.649" timestamp="2019-08-11T05:39:25.512" activeThreads="16">
  <mem-info id="3590" free="111149056" total="167772160" percent="66">
    <mem type="eden" free="3009024" total="4194304" percent="71" />
    <remembered-set count="23680" freebytes="7031680" totalbytes="7126400" percent="98" regionsoverflowed="0" regionsstable="9" regionsrebuilding="0"/>
  </mem-info>
</gc-end>
<cycle-end id="3591" type="partial gc" contextid="3583" timestamp="2019-08-11T05:39:25.512" />
  <attribute name="elasticGC enabled" value="1" />
  <attribute name= "numThreadsSpecified" value="16" />
  <attribute name="heapSize specified" value="0" />
  <attribute name="Current GC Util" value="7" />
  <attribute name= "Current Time Running" value="147366" />
  <attribute name ="GC Interval" value="0" />
  <attribute name="ProportionalT" value="-36.500000" />
  <attribute name="ProportionalI" value="-36.500000" />
  <attribute name="ProportionalH" value="-36.500000" />
  <attribute name="Current Error" value="-73.000000" />
  <attribute name="IntegralT" value="-547.500000" />
  <attribute name="IntegralI" value="-547.500000" />
  <attribute name="IntegralH" value="-547.500000" />
  <attribute name="DerivativeT" value="-4.866667" />
  <attribute name="DerivativeI" value="-4.866667" />
  <attribute name="DerivativeH" value="-4.866667" />
  <attribute name="Loop Time for DT" value="15.000000" />
  <attribute name="Output H" value="4202627072"/>
  <attribute name="Output I" value="200"/>
  <attribute name="Output T" value="16"/>
  <attribute name="Target GC Util Change" value ="80.000000" />
  <attribute name="Current GC Util Change" value="7.000000"/>
  <attribute name="GC Util currently" value="7" />
  <attribute name="CPU Util currently" value="75246833143" />
<exclusive-end id="3592" timestamp="2019-08-11T05:39:25.513" durationms="49.491" />

<exclusive-start id="3593" timestamp="2019-08-11T05:39:25.545" intervalms="81.837">
  <response-info timems="0.948" idlems="0.583" threads="2" lastid="00000000026CCE00" lastname="Thread-23" />
</exclusive-start>
<allocation-taxation id="3594" taxation-threshold="48234496" timestamp="2019-08-11T05:39:25.545" intervalms="81.845" />
<cycle-start id="3595" type="partial gc" contextid="0" timestamp="2019-08-11T05:39:25.545" intervalms="79.963" />
<gc-start id="3596" type="partial gc" contextid="3595" timestamp="2019-08-11T05:39:25.545">
  <mem-info id="3597" free="62914560" total="167772160" percent="37">
    <mem type="eden" free="0" total="48234496" percent="0" />
    <remembered-set count="23264" freebytes="7033344" totalbytes="7126400" percent="98" regionsoverflowed="0" regionsstable="9" regionsrebuilding="0"/>
  </mem-info>
</gc-start>
<allocation-stats totalBytes="48227472" >
  <allocated-bytes non-tlh="0" tlh="48227472" arrayletleaf="0"/>
  <largest-consumer threadName="Thread-26" threadId="0000000002689300" bytes="5795128" />
</allocation-stats>
<gc-op id="3598" type="copy forward" timems="32.791" contextid="3595" timestamp="2019-08-11T05:39:25.581">
  <memory-copied type="eden" objects="15960" bytes="526144" bytesdiscarded="68784" />
  <memory-copied type="other" objects="43830" bytes="1738800" bytesdiscarded="92624" />
  <memory-cardclean objects="29686" bytes="1508296" />
  <regions eden="23" other="3" />
  <remembered-set-cleared processed="11016" cleared="4955" durationms="0.154" />
  <stringconstants candidates="15062" cleared="0"  />
</gc-op>
<gc-op id="3599" type="classunload" timems="0.019" contextid="3595" timestamp="2019-08-11T05:39:25.581">
  <classunload-info classloadercandidates="55" classloadersunloaded="0" classesunloaded="0" anonymousclassesunloaded="0" quiescems="0.000" setupms="0.019" scanms="0.000" postms="0.000" />
</gc-op>
<heap-resize id="3600" type="contract" space="default" amount="8388608" count="1" timems="0.472" reason="excess free space following gc" timestamp="2019-08-11T05:39:25.581" />
<gc-end id="3601" type="partial gc" contextid="3595" durationms="36.120" usertimems="35.297" systemtimems="24.300" timestamp="2019-08-11T05:39:25.581" activeThreads="16">
  <mem-info id="3602" free="102760448" total="159383552" percent="64">
    <mem type="eden" free="1502224" total="2097152" percent="71" />
    <remembered-set count="21248" freebytes="6622208" totalbytes="6707200" percent="98" regionsoverflowed="0" regionsstable="9" regionsrebuilding="0"/>
  </mem-info>
</gc-end>
<cycle-end id="3603" type="partial gc" contextid="3595" timestamp="2019-08-11T05:39:25.582" />
  <attribute name="elasticGC enabled" value="1" />
  <attribute name= "numThreadsSpecified" value="16" />
  <attribute name="heapSize specified" value="0" />
  <attribute name="Current GC Util" value="47" />
  <attribute name= "Current Time Running" value="147432" />
  <attribute name ="GC Interval" value="0" />
  <attribute name="ProportionalT" value="-16.500000" />
  <attribute name="ProportionalI" value="-16.500000" />
  <attribute name="ProportionalH" value="-16.500000" />
  <attribute name="Current Error" value="-33.000000" />
  <attribute name="IntegralT" value="-16.500000" />
  <attribute name="IntegralI" value="-16.500000" />
  <attribute name="IntegralH" value="-16.500000" />
  <attribute name="DerivativeT" value="-54.000000" />
  <attribute name="DerivativeI" value="-54.000000" />
  <attribute name="DerivativeH" value="-54.000000" />
  <attribute name="Loop Time for DT" value="1.000000" />
  <attribute name="Output H" value="4202627072"/>
  <attribute name="Output I" value="200"/>
  <attribute name="Output T" value="16"/>
  <attribute name="Target GC Util Change" value ="80.000000" />
  <attribute name="Current GC Util Change" value="47.000000"/>
  <attribute name="GC Util currently" value="47" />
  <attribute name="CPU Util currently" value="602219138905" />
<exclusive-end id="3604" timestamp="2019-08-11T05:39:25.582" durationms="37.304" />

<exclusive-start id="3605" timestamp="2019-08-11T05:39:25.609" intervalms="64.563">
  <response-info timems="12.305" idlems="12.305" threads="0" lastid="00000000026BDE00" lastname="Thread-36" />
</exclusive-start>
<allocation-taxation id="3606" taxation-threshold="23068672" timestamp="2019-08-11T05:39:25.610" intervalms="64.536" />
<cycle-start id="3607" type="global mark phase" contextid="0" timestamp="2019-08-11T05:39:25.610" intervalms="17045.423" />
<gc-start id="3608" type="global mark phase" contextid="3607" timestamp="2019-08-11T05:39:25.610">
  <mem-info id="3609" free="79691776" total="159383552" percent="50">
    <remembered-set count="20896" freebytes="6623616" totalbytes="6707200" percent="98" regionsoverflowed="0" regionsstable="9" regionsrebuilding="0"/>
  </mem-info>
</gc-start>
<gc-op id="3610" type="mark increment" timems="32.353" contextid="3607" timestamp="2019-08-11T05:39:25.642">
  <trace-info objectcount="726448" scancount="635980" scanbytes="18774900" />
</gc-op>
<gc-end id="3611" type="global mark phase" contextid="3607" durationms="32.406" usertimems="76.925" systemtimems="27.237" timestamp="2019-08-11T05:39:25.642" activeThreads="16">
  <mem-info id="3612" free="79691776" total="159383552" percent="50">
    <remembered-set count="141216" freebytes="6142336" totalbytes="6707200" percent="91" regionsoverflowed="0" regionsstable="0" regionsrebuilding="9"/>
  </mem-info>
</gc-end>
<concurrent-start id="3613" type="GMP work packet processing" contextid="3607" timestamp="2019-08-11T05:39:25.642">
  <concurrent-mark-start scanTarget="45133839" />
</concurrent-start>
<exclusive-end id="3614" timestamp="2019-08-11T05:39:25.644" durationms="34.055" />

<exclusive-start id="3615" timestamp="2019-08-11T05:39:25.719" intervalms="109.295">
  <response-info timems="42.546" idlems="9.094" threads="5" lastid="00000000026A3600" lastname="Thread-35" />
</exclusive-start>
<allocation-taxation id="3616" taxation-threshold="23068672" timestamp="2019-08-11T05:39:25.719" intervalms="109.346" />
<concurrent-end id="3617" type="GMP work packet processing" contextid="3607" timestamp="2019-08-11T05:39:25.721">
  <concurrent-mark-end bytesScanned="482096" reasonForTermination="Termination requested" />
</concurrent-end>

<cycle-start id="3618" type="partial gc" contextid="0" timestamp="2019-08-11T05:39:25.722" intervalms="176.466" />
<gc-start id="3619" type="partial gc" contextid="3618" timestamp="2019-08-11T05:39:25.722">
  <mem-info id="3620" free="56623104" total="159383552" percent="35">
    <mem type="eden" free="0" total="46137344" percent="0" />
    <remembered-set count="144704" freebytes="6128384" totalbytes="6707200" percent="91" regionsoverflowed="0" regionsstable="0" regionsrebuilding="9"/>
  </mem-info>
</gc-start>
<allocation-stats totalBytes="46130224" >
  <allocated-bytes non-tlh="0" tlh="46130224" arrayletleaf="0"/>
  <largest-consumer threadName="Thread-22" threadId="00000000026BA200" bytes="3608080" />
</allocation-stats>
<gc-op id="3621" type="copy forward" timems="53.148" contextid="3618" timestamp="2019-08-11T05:39:25.783">
  <memory-copied type="eden" objects="14402" bytes="487936" bytesdiscarded="28664" />
  <memory-copied type="other" objects="29629" bytes="1123224" bytesdiscarded="92496" />
  <memory-cardclean objects="34723" bytes="1735688" />
  <regions eden="22" other="2" />
  <remembered-set-cleared processed="131307" cleared="5548" durationms="1.673" />
  <stringconstants candidates="15062" cleared="0"  />
</gc-op>
<gc-op id="3622" type="classunload" timems="0.011" contextid="3618" timestamp="2019-08-11T05:39:25.783">
  <classunload-info classloadercandidates="55" classloadersunloaded="0" classesunloaded="0" anonymousclassesunloaded="0" quiescems="0.000" setupms="0.011" scanms="0.000" postms="0.000" />
</gc-op>
<heap-resize id="3623" type="contract" space="default" amount="2097152" count="1" timems="0.142" reason="excess free space following gc" timestamp="2019-08-11T05:39:25.784" />
<gc-end id="3624" type="partial gc" contextid="3618" durationms="61.586" usertimems="61.466" systemtimems="66.402" timestamp="2019-08-11T05:39:25.784" activeThreads="16">
  <mem-info id="3625" free="96468992" total="157286400" percent="61">
    <mem type="eden" free="3677704" total="4194304" percent="87" />
    <remembered-set count="143584" freebytes="5797504" totalbytes="6371840" percent="90" regionsoverflowed="0" regionsstable="0" regionsrebuilding="9"/>
  </mem-info>
</gc-end>
<cycle-end id="3626" type="partial gc" contextid="3618" timestamp="2019-08-11T05:39:25.784" />
  <attribute name="elasticGC enabled" value="1" />
  <attribute name= "numThreadsSpecified" value="16" />
  <attribute name="heapSize specified" value="0" />
  <attribute name="Current GC Util" value="20" />
  <attribute name= "Current Time Running" value="147615" />
  <attribute name ="GC Interval" value="0" />
  <attribute name="ProportionalT" value="-30.000000" />
  <attribute name="ProportionalI" value="-30.000000" />
  <attribute name="ProportionalH" value="-30.000000" />
  <attribute name="Current Error" value="-60.000000" />
  <attribute name="IntegralT" value="-240.000000" />
  <attribute name="IntegralI" value="-240.000000" />
  <attribute name="IntegralH" value="-240.000000" />
  <attribute name="DerivativeT" value="-7.500000" />
  <attribute name="DerivativeI" value="-7.500000" />
  <attribute name="DerivativeH" value="-7.500000" />
  <attribute name="Loop Time for DT" value="8.000000" />
  <attribute name="Output H" value="4202627072"/>
  <attribute name="Output I" value="200"/>
  <attribute name="Output T" value="16"/>
  <attribute name="Target GC Util Change" value ="80.000000" />
  <attribute name="Current GC Util Change" value="20.000000"/>
  <attribute name="GC Util currently" value="20" />
  <attribute name="CPU Util currently" value="148175332409" />
<exclusive-end id="3627" timestamp="2019-08-11T05:39:25.784" durationms="65.385" />

<exclusive-start id="3628" timestamp="2019-08-11T05:39:25.803" intervalms="84.614">
  <response-info timems="5.339" idlems="2.674" threads="1" lastid="0000000002685700" lastname="Thread-28" />
</exclusive-start>
<allocation-taxation id="3629" taxation-threshold="23068672" timestamp="2019-08-11T05:39:25.803" intervalms="84.563" />
<gc-start id="3630" type="global mark phase" contextid="3607" timestamp="2019-08-11T05:39:25.804">
  <mem-info id="3631" free="73400320" total="157286400" percent="46">
    <remembered-set count="143136" freebytes="5799296" totalbytes="6371840" percent="91" regionsoverflowed="0" regionsstable="0" regionsrebuilding="9"/>
  </mem-info>
</gc-start>
<gc-op id="3632" type="mark increment" timems="63.709" contextid="3607" timestamp="2019-08-11T05:39:25.867">
  <trace-info objectcount="15897" scancount="15897" scanbytes="531584" />
  <cardclean-info objects="42981" bytes="2104284" />
  <finalization candidates="151" enqueued="0" />
  <ownableSynchronizers candidates="24" cleared="0" />
  <references type="soft" candidates="3960" cleared="0" enqueued="0" dynamicThreshold="19" maxThreshold="32" />
  <references type="weak" candidates="6257" cleared="25" enqueued="25" />
  <references type="phantom" candidates="835" cleared="0" enqueued="0" />
  <stringconstants candidates="15062" cleared="1"  />
</gc-op>
<gc-op id="3633" type="classunload" timems="0.016" contextid="3607" timestamp="2019-08-11T05:39:25.867">
  <classunload-info classloadercandidates="55" classloadersunloaded="0" classesunloaded="0" anonymousclassesunloaded="0" quiescems="0.000" setupms="0.015" scanms="0.000" postms="0.000" />
</gc-op>
<gc-end id="3634" type="global mark phase" contextid="3607" durationms="63.863" usertimems="19.042" systemtimems="27.781" timestamp="2019-08-11T05:39:25.867" activeThreads="16">
  <mem-info id="3635" free="73400320" total="157286400" percent="46">
    <pending-finalizers system="0" default="0" reference="25" classloader="0" />
    <remembered-set count="146720" freebytes="5784960" totalbytes="6371840" percent="90" regionsoverflowed="0" regionsstable="0" regionsrebuilding="0"/>
  </mem-info>
</gc-end>
<cycle-end id="3636" type="global mark phase" contextid="3607" timestamp="2019-08-11T05:39:25.867" />
  <attribute name="elasticGC enabled" value="1" />
  <attribute name= "numThreadsSpecified" value="16" />
  <attribute name="heapSize specified" value="0" />
  <attribute name="Current GC Util" value="28" />
  <attribute name= "Current Time Running" value="147699" />
  <attribute name ="GC Interval" value="0" />
  <attribute name="ProportionalT" value="-26.000000" />
  <attribute name="ProportionalI" value="-26.000000" />
  <attribute name="ProportionalH" value="-26.000000" />
  <attribute name="Current Error" value="-52.000000" />
  <attribute name="IntegralT" value="-208.000000" />
  <attribute name="IntegralI" value="-208.000000" />
  <attribute name="IntegralH" value="-208.000000" />
  <attribute name="DerivativeT" value="-28.000000" />
  <attribute name="DerivativeI" value="-28.000000" />
  <attribute name="DerivativeH" value="-28.000000" />
  <attribute name="Loop Time for DT" value="8.000000" />
  <attribute name="Output H" value="4202627072"/>
  <attribute name="Output I" value="200"/>
  <attribute name="Output T" value="16"/>
  <attribute name="Target GC Util Change" value ="80.000000" />
  <attribute name="Current GC Util Change" value="28.000000"/>
  <attribute name="GC Util currently" value="28" />
  <attribute name="CPU Util currently" value="142932431989" />
<exclusive-end id="3637" timestamp="2019-08-11T05:39:25.868" durationms="64.616" />

<exclusive-start id="3638" timestamp="2019-08-11T05:39:25.881" intervalms="77.652">
  <response-info timems="1.264" idlems="1.260" threads="1" lastid="00000000026A3600" lastname="Thread-35" />
</exclusive-start>
<allocation-taxation id="3639" taxation-threshold="23068672" timestamp="2019-08-11T05:39:25.881" intervalms="77.689" />
<cycle-start id="3640" type="partial gc" contextid="0" timestamp="2019-08-11T05:39:25.881" intervalms="159.618" />
<gc-start id="3641" type="partial gc" contextid="3640" timestamp="2019-08-11T05:39:25.882">
  <mem-info id="3642" free="50331648" total="157286400" percent="32">
    <mem type="eden" free="0" total="46137344" percent="0" />
    <remembered-set count="23328" freebytes="6278528" totalbytes="6371840" percent="98" regionsoverflowed="0" regionsstable="9" regionsrebuilding="0"/>
  </mem-info>
</gc-start>
<allocation-stats totalBytes="46130400" >
  <allocated-bytes non-tlh="0" tlh="46130400" arrayletleaf="0"/>
  <largest-consumer threadName="Thread-26" threadId="0000000002689300" bytes="2358984" />
</allocation-stats>
<gc-op id="3643" type="sweep" timems="4.600" contextid="3640" timestamp="2019-08-11T05:39:25.887" />
<gc-op id="3644" type="copy forward" timems="122.522" contextid="3640" timestamp="2019-08-11T05:39:26.014">
  <memory-copied type="eden" objects="22586" bytes="960144" bytesdiscarded="62380" />
  <memory-copied type="other" objects="25477" bytes="886200" bytesdiscarded="56132" />
  <memory-cardclean objects="28578" bytes="1451712" />
  <regions eden="11" other="14" />
  <remembered-set-cleared processed="12866" cleared="2423" durationms="7.255" />
  <stringconstants candidates="15061" cleared="0"  />
</gc-op>
<gc-op id="3645" type="classunload" timems="0.010" contextid="3640" timestamp="2019-08-11T05:39:26.014">
  <classunload-info classloadercandidates="55" classloadersunloaded="0" classesunloaded="0" anonymousclassesunloaded="0" quiescems="0.000" setupms="0.009" scanms="0.000" postms="0.000" />
</gc-op>
<gc-end id="3646" type="partial gc" contextid="3640" durationms="132.913" usertimems="36.568" systemtimems="47.433" timestamp="2019-08-11T05:39:26.015" activeThreads="16">
  <mem-info id="3647" free="96468992" total="157286400" percent="61">
    <mem type="eden" free="653632" total="2097152" percent="31" />
    <remembered-set count="24320" freebytes="6190720" totalbytes="6288000" percent="98" regionsoverflowed="0" regionsstable="9" regionsrebuilding="0"/>
  </mem-info>
</gc-end>
<cycle-end id="3648" type="partial gc" contextid="3640" timestamp="2019-08-11T05:39:26.015" />
  <attribute name="elasticGC enabled" value="1" />
  <attribute name= "numThreadsSpecified" value="16" />
  <attribute name="heapSize specified" value="0" />
  <attribute name="Current GC Util" value="20" />
  <attribute name= "Current Time Running" value="147776" />
  <attribute name ="GC Interval" value="0" />
  <attribute name="ProportionalT" value="-30.000000" />
  <attribute name="ProportionalI" value="-30.000000" />
  <attribute name="ProportionalH" value="-30.000000" />
  <attribute name="Current Error" value="-60.000000" />
  <attribute name="IntegralT" value="-90.000000" />
  <attribute name="IntegralI" value="-90.000000" />
  <attribute name="IntegralH" value="-90.000000" />
  <attribute name="DerivativeT" value="-26.000000" />
  <attribute name="DerivativeI" value="-26.000000" />
  <attribute name="DerivativeH" value="-26.000000" />
  <attribute name="Loop Time for DT" value="3.000000" />
  <attribute name="Output H" value="4202627072"/>
  <attribute name="Output I" value="200"/>
  <attribute name="Output T" value="16"/>
  <attribute name="Target GC Util Change" value ="80.000000" />
  <attribute name="Current GC Util Change" value="20.000000"/>
  <attribute name="GC Util currently" value="20" />
  <attribute name="CPU Util currently" value="337360211910" />
<exclusive-end id="3649" timestamp="2019-08-11T05:39:26.015" durationms="134.173" />

<exclusive-start id="3650" timestamp="2019-08-11T05:39:26.052" intervalms="170.611">
  <response-info timems="6.839" idlems="3.421" threads="1" lastid="000000000269BF00" lastname="Thread-21" />
</exclusive-start>
<allocation-taxation id="3651" taxation-threshold="46137344" timestamp="2019-08-11T05:39:26.052" intervalms="170.592" />
<cycle-start id="3652" type="partial gc" contextid="0" timestamp="2019-08-11T05:39:26.052" intervalms="171.298" />
<gc-start id="3653" type="partial gc" contextid="3652" timestamp="2019-08-11T05:39:26.053">
  <mem-info id="3654" free="50331648" total="157286400" percent="32">
    <mem type="eden" free="0" total="46137344" percent="0" />
    <remembered-set count="24000" freebytes="6192000" totalbytes="6288000" percent="98" regionsoverflowed="0" regionsstable="9" regionsrebuilding="0"/>
  </mem-info>
</gc-start>
<allocation-stats totalBytes="46130288" >
  <allocated-bytes non-tlh="0" tlh="46130288" arrayletleaf="0"/>
  <largest-consumer threadName="Thread-35" threadId="00000000026A3600" bytes="6601848" />
</allocation-stats>
<gc-op id="3655" type="copy forward" timems="9.289" contextid="3652" timestamp="2019-08-11T05:39:26.064">
  <memory-copied type="eden" objects="8054" bytes="197528" bytesdiscarded="0" />
  <memory-copied type="other" objects="44013" bytes="3013136" bytesdiscarded="0" />
  <memory-cardclean objects="26472" bytes="1333280" />
  <regions eden="22" other="9" />
  <remembered-set-cleared processed="12556" cleared="3878" durationms="0.305" />
  <finalization candidates="71" enqueued="0" />
  <ownableSynchronizers candidates="2" cleared="0" />
  <references type="soft" candidates="37" cleared="0" enqueued="0" dynamicThreshold="19" maxThreshold="32" />
  <references type="weak" candidates="486" cleared="0" enqueued="0" />
  <references type="phantom" candidates="735" cleared="0" enqueued="0" />
  <stringconstants candidates="15061" cleared="0"  />
</gc-op>
<gc-op id="3656" type="classunload" timems="0.009" contextid="3652" timestamp="2019-08-11T05:39:26.064">
  <classunload-info classloadercandidates="55" classloadersunloaded="0" classesunloaded="0" anonymousclassesunloaded="0" quiescems="0.000" setupms="0.008" scanms="0.000" postms="0.000" />
</gc-op>
<heap-resize id="3657" type="contract" space="default" amount="8388608" count="1" timems="0.350" reason="excess free space following gc" timestamp="2019-08-11T05:39:26.064" />
<gc-end id="3658" type="partial gc" contextid="3652" durationms="11.582" usertimems="10.990" systemtimems="1.334" timestamp="2019-08-11T05:39:26.064" activeThreads="1">
  <mem-info id="3659" free="98566144" total="148897792" percent="66">
    <mem type="eden" free="1899624" total="2097152" percent="90" />
    <remembered-set count="24480" freebytes="6190080" totalbytes="6288000" percent="98" regionsoverflowed="0" regionsstable="9" regionsrebuilding="0"/>
  </mem-info>
</gc-end>
<cycle-end id="3660" type="partial gc" contextid="3652" timestamp="2019-08-11T05:39:26.065" />
  <attribute name="elasticGC enabled" value="1" />
  <attribute name= "numThreadsSpecified" value="1" />
  <attribute name="heapSize specified" value="0" />
  <attribute name="Current GC Util" value="79" />
  <attribute name= "Current Time Running" value="147939" />
  <attribute name ="GC Interval" value="0" />
  <attribute name="ProportionalT" value="-0.500000" />
  <attribute name="ProportionalI" value="-0.500000" />
  <attribute name="ProportionalH" value="-0.500000" />
  <attribute name="Current Error" value="-1.000000" />
  <attribute name="IntegralT" value="-0.500000" />
  <attribute name="IntegralI" value="-0.500000" />
  <attribute name="IntegralH" value="-0.500000" />
  <attribute name="DerivativeT" value="-1.000000" />
  <attribute name="DerivativeI" value="-1.000000" />
  <attribute name="DerivativeH" value="-1.000000" />
  <attribute name="Loop Time for DT" value="1.000000" />
  <attribute name="Output H" value="8388608"/>
  <attribute name="Output I" value="200"/>
  <attribute name="Output T" value="1"/>
  <attribute name="Target GC Util Change" value ="80.000000" />
  <attribute name="Current GC Util Change" value="79.000000"/>
  <attribute name="GC Util currently" value="79" />
  <attribute name="CPU Util currently" value="991617072933" />
<exclusive-end id="3661" timestamp="2019-08-11T05:39:26.065" durationms="13.144" />

<exclusive-start id="3662" timestamp="2019-08-11T05:39:26.078" intervalms="26.500">
  <response-info timems="1.469" idlems="0.847" threads="2" lastid="00000000026BDE00" lastname="Thread-36" />
</exclusive-start>
<allocation-taxation id="3663" taxation-threshold="20971520" timestamp="2019-08-11T05:39:26.078" intervalms="26.490" />
<cycle-start id="3664" type="global mark phase" contextid="0" timestamp="2019-08-11T05:39:26.079" intervalms="469.234" />
<gc-start id="3665" type="global mark phase" contextid="3664" timestamp="2019-08-11T05:39:26.079">
  <mem-info id="3666" free="77594624" total="148897792" percent="52">
    <remembered-set count="24416" freebytes="6190336" totalbytes="6288000" percent="98" regionsoverflowed="0" regionsstable="9" regionsrebuilding="0"/>
  </mem-info>
</gc-start>
<gc-op id="3667" type="mark increment" timems="53.633" contextid="3664" timestamp="2019-08-11T05:39:26.133">
  <trace-info objectcount="231219" scancount="190070" scanbytes="7407132" />
</gc-op>
<gc-end id="3668" type="global mark phase" contextid="3664" durationms="53.694" usertimems="60.237" systemtimems="33.324" timestamp="2019-08-11T05:39:26.133" activeThreads="16">
  <mem-info id="3669" free="77594624" total="148897792" percent="52">
    <remembered-set count="42336" freebytes="6118656" totalbytes="6288000" percent="97" regionsoverflowed="0" regionsstable="0" regionsrebuilding="9"/>
  </mem-info>
</gc-end>
<concurrent-start id="3670" type="GMP work packet processing" contextid="3664" timestamp="2019-08-11T05:39:26.133">
  <concurrent-mark-start scanTarget="17479120" />
</concurrent-start>
<exclusive-end id="3671" timestamp="2019-08-11T05:39:26.133" durationms="55.128" />

<exclusive-start id="3672" timestamp="2019-08-11T05:39:26.200" intervalms="121.702">
  <response-info timems="2.437" idlems="1.128" threads="4" lastid="0000000002690B00" lastname="Thread-33" />
</exclusive-start>
<allocation-taxation id="3673" taxation-threshold="20971520" timestamp="2019-08-11T05:39:26.200" intervalms="121.769" />
<concurrent-end id="3674" type="GMP work packet processing" contextid="3664" timestamp="2019-08-11T05:39:26.200">
  <concurrent-mark-end bytesScanned="11878240" reasonForTermination="Termination requested" />
</concurrent-end>

<cycle-start id="3675" type="partial gc" contextid="0" timestamp="2019-08-11T05:39:26.200" intervalms="147.748" />
<gc-start id="3676" type="partial gc" contextid="3675" timestamp="2019-08-11T05:39:26.200">
  <mem-info id="3677" free="56623104" total="148897792" percent="38">
    <mem type="eden" free="0" total="41943040" percent="0" />
    <remembered-set count="138048" freebytes="5735808" totalbytes="6288000" percent="91" regionsoverflowed="0" regionsstable="0" regionsrebuilding="9"/>
  </mem-info>
</gc-start>
<allocation-stats totalBytes="41937000" >
  <allocated-bytes non-tlh="0" tlh="41937000" arrayletleaf="0"/>
  <largest-consumer threadName="Thread-34" threadId="000000000269FB00" bytes="2752176" />
</allocation-stats>
<gc-op id="3678" type="copy forward" timems="82.732" contextid="3675" timestamp="2019-08-11T05:39:26.295">
  <memory-copied type="eden" objects="19300" bytes="742344" bytesdiscarded="46336" />
  <memory-copied type="other" objects="21392" bytes="650784" bytesdiscarded="22864" />
  <memory-cardclean objects="248605" bytes="9005112" />
  <regions eden="20" other="2" />
  <remembered-set-cleared processed="57105" cleared="28924" durationms="0.525" />
  <stringconstants candidates="15061" cleared="0"  />
</gc-op>
<gc-op id="3679" type="classunload" timems="0.013" contextid="3675" timestamp="2019-08-11T05:39:26.295">
  <classunload-info classloadercandidates="55" classloadersunloaded="0" classesunloaded="0" anonymousclassesunloaded="0" quiescems="0.000" setupms="0.013" scanms="0.000" postms="0.000" />
</gc-op>
<heap-resize id="3680" type="contract" space="default" amount="8388608" count="1" timems="0.405" reason="excess free space following gc" timestamp="2019-08-11T05:39:26.296" />
<gc-end id="3681" type="partial gc" contextid="3675" durationms="95.384" usertimems="98.235" systemtimems="35.527" timestamp="2019-08-11T05:39:26.296" activeThreads="16">
  <mem-info id="3682" free="88080384" total="140509184" percent="62">
    <mem type="eden" free="1308472" total="2097152" percent="62" />
    <remembered-set count="78208" freebytes="5639808" totalbytes="5952640" percent="94" regionsoverflowed="0" regionsstable="0" regionsrebuilding="9"/>
  </mem-info>
</gc-end>
<cycle-end id="3683" type="partial gc" contextid="3675" timestamp="2019-08-11T05:39:26.296" />
  <attribute name="elasticGC enabled" value="1" />
  <attribute name= "numThreadsSpecified" value="16" />
  <attribute name="heapSize specified" value="0" />
  <attribute name="Current GC Util" value="11" />
  <attribute name= "Current Time Running" value="148097" />
  <attribute name ="GC Interval" value="0" />
  <attribute name="ProportionalT" value="-34.500000" />
  <attribute name="ProportionalI" value="-34.500000" />
  <attribute name="ProportionalH" value="-34.500000" />
  <attribute name="Current Error" value="-69.000000" />
  <attribute name="IntegralT" value="-379.500000" />
  <attribute name="IntegralI" value="-379.500000" />
  <attribute name="IntegralH" value="-379.500000" />
  <attribute name="DerivativeT" value="-15.454545" />
  <attribute name="DerivativeI" value="-15.454545" />
  <attribute name="DerivativeH" value="-15.454545" />
  <attribute name="Loop Time for DT" value="11.000000" />
  <attribute name="Output H" value="4202627072"/>
  <attribute name="Output I" value="200"/>
  <attribute name="Output T" value="16"/>
  <attribute name="Target GC Util Change" value ="80.000000" />
  <attribute name="Current GC Util Change" value="11.000000"/>
  <attribute name="GC Util currently" value="11" />
  <attribute name="CPU Util currently" value="99389899092" />
<exclusive-end id="3684" timestamp="2019-08-11T05:39:26.296" durationms="96.220" />

<exclusive-start id="3685" timestamp="2019-08-11T05:39:26.315" intervalms="115.491">
  <response-info timems="0.989" idlems="0.496" threads="1" lastid="00000000026CCE00" lastname="Thread-23" />
</exclusive-start>
<allocation-taxation id="3686" taxation-threshold="20971520" timestamp="2019-08-11T05:39:26.315" intervalms="115.442" />
<gc-start id="3687" type="global mark phase" contextid="3664" timestamp="2019-08-11T05:39:26.316">
  <mem-info id="3688" free="67108864" total="140509184" percent="47">
    <remembered-set count="77888" freebytes="5641088" totalbytes="5952640" percent="94" regionsoverflowed="0" regionsstable="0" regionsrebuilding="9"/>
  </mem-info>
</gc-start>
<gc-op id="3689" type="mark increment" timems="15.504" contextid="3664" timestamp="2019-08-11T05:39:26.331">
  <trace-info objectcount="12588" scancount="12588" scanbytes="809764" />
  <cardclean-info objects="358637" bytes="10321308" />
  <finalization candidates="151" enqueued="0" />
  <ownableSynchronizers candidates="24" cleared="0" />
  <references type="soft" candidates="3960" cleared="0" enqueued="0" dynamicThreshold="20" maxThreshold="32" />
  <references type="weak" candidates="6232" cleared="0" enqueued="0" />
  <references type="phantom" candidates="835" cleared="0" enqueued="0" />
  <stringconstants candidates="15061" cleared="0"  />
</gc-op>
<gc-op id="3690" type="classunload" timems="0.015" contextid="3664" timestamp="2019-08-11T05:39:26.332">
  <classunload-info classloadercandidates="55" classloadersunloaded="0" classesunloaded="0" anonymousclassesunloaded="0" quiescems="0.000" setupms="0.015" scanms="0.000" postms="0.000" />
</gc-op>
<gc-end id="3691" type="global mark phase" contextid="3664" durationms="15.656" usertimems="30.715" systemtimems="11.232" timestamp="2019-08-11T05:39:26.332" activeThreads="16">
  <mem-info id="3692" free="67108864" total="140509184" percent="47">
    <remembered-set count="108608" freebytes="5518208" totalbytes="5952640" percent="92" regionsoverflowed="0" regionsstable="0" regionsrebuilding="0"/>
  </mem-info>
</gc-end>
<cycle-end id="3693" type="global mark phase" contextid="3664" timestamp="2019-08-11T05:39:26.332" />
  <attribute name="elasticGC enabled" value="1" />
  <attribute name= "numThreadsSpecified" value="16" />
  <attribute name="heapSize specified" value="0" />
  <attribute name="Current GC Util" value="104" />
  <attribute name= "Current Time Running" value="148209" />
  <attribute name ="GC Interval" value="0" />
  <attribute name="ProportionalT" value="12.000000" />
  <attribute name="ProportionalI" value="12.000000" />
  <attribute name="ProportionalH" value="12.000000" />
  <attribute name="Current Error" value="24.000000" />
  <attribute name="IntegralT" value="24.000000" />
  <attribute name="IntegralI" value="24.000000" />
  <attribute name="IntegralH" value="24.000000" />
  <attribute name="DerivativeT" value="-161.000000" />
  <attribute name="DerivativeI" value="-161.000000" />
  <attribute name="DerivativeH" value="-161.000000" />
  <attribute name="Loop Time for DT" value="2.000000" />
  <attribute name="Output H" value="4202627072"/>
  <attribute name="Output I" value="200"/>
  <attribute name="Output T" value="16"/>
  <attribute name="Target GC Util Change" value ="80.000000" />
  <attribute name="Current GC Util Change" value="104.000000"/>
  <attribute name="GC Util currently" value="104" />
  <attribute name="CPU Util currently" value="469080270169" />
<exclusive-end id="3694" timestamp="2019-08-11T05:39:26.332" durationms="16.582" />

<exclusive-start id="3695" timestamp="2019-08-11T05:39:26.373" intervalms="57.441">
  <response-info timems="26.914" idlems="20.626" threads="3" lastid="00000000026A3600" lastname="Thread-35" />
</exclusive-start>
<allocation-taxation id="3696" taxation-threshold="20971520" timestamp="2019-08-11T05:39:26.375" intervalms="59.232" />
<cycle-start id="3697" type="partial gc" contextid="0" timestamp="2019-08-11T05:39:26.378" intervalms="178.065" />
<gc-start id="3698" type="partial gc" contextid="3697" timestamp="2019-08-11T05:39:26.378">
  <mem-info id="3699" free="46137344" total="140509184" percent="32">
    <mem type="eden" free="0" total="41943040" percent="0" />
    <remembered-set count="24864" freebytes="5853184" totalbytes="5952640" percent="98" regionsoverflowed="0" regionsstable="7" regionsrebuilding="0"/>
  </mem-info>
</gc-start>
<allocation-stats totalBytes="41936640" >
  <allocated-bytes non-tlh="0" tlh="41936640" arrayletleaf="0"/>
  <largest-consumer threadName="Thread-33" threadId="0000000002690B00" bytes="3161720" />
</allocation-stats>
<gc-op id="3700" type="sweep" timems="13.036" contextid="3697" timestamp="2019-08-11T05:39:26.392" />
<gc-op id="3701" type="copy forward" timems="98.514" contextid="3697" timestamp="2019-08-11T05:39:26.500">
  <memory-copied type="eden" objects="9240" bytes="363752" bytesdiscarded="16746" />
  <memory-copied type="other" objects="20804" bytes="774456" bytesdiscarded="13174" />
  <memory-cardclean objects="34926" bytes="1739064" />
  <regions eden="10" other="12" />
  <remembered-set-cleared processed="14582" cleared="4981" durationms="4.958" />
  <stringconstants candidates="15061" cleared="0"  />
</gc-op>
<gc-op id="3702" type="classunload" timems="0.015" contextid="3697" timestamp="2019-08-11T05:39:26.500">
  <classunload-info classloadercandidates="55" classloadersunloaded="0" classesunloaded="0" anonymousclassesunloaded="0" quiescems="0.000" setupms="0.014" scanms="0.000" postms="0.000" />
</gc-op>
<gc-end id="3703" type="partial gc" contextid="3697" durationms="121.935" usertimems="59.658" systemtimems="59.767" timestamp="2019-08-11T05:39:26.500" activeThreads="16">
  <mem-info id="3704" free="85983232" total="140509184" percent="61">
    <mem type="eden" free="1638032" total="2097152" percent="78" />
    <remembered-set count="22272" freebytes="5528192" totalbytes="5617280" percent="98" regionsoverflowed="0" regionsstable="7" regionsrebuilding="0"/>
  </mem-info>
</gc-end>
<cycle-end id="3705" type="partial gc" contextid="3697" timestamp="2019-08-11T05:39:26.501" />
  <attribute name="elasticGC enabled" value="1" />
  <attribute name= "numThreadsSpecified" value="16" />
  <attribute name="heapSize specified" value="0" />
  <attribute name="Current GC Util" value="33" />
  <attribute name= "Current Time Running" value="148286" />
  <attribute name ="GC Interval" value="0" />
  <attribute name="ProportionalT" value="-23.500000" />
  <attribute name="ProportionalI" value="-23.500000" />
  <attribute name="ProportionalH" value="-23.500000" />
  <attribute name="Current Error" value="-47.000000" />
  <attribute name="IntegralT" value="-211.500000" />
  <attribute name="IntegralI" value="-211.500000" />
  <attribute name="IntegralH" value="-211.500000" />
  <attribute name="DerivativeT" value="-5.222222" />
  <attribute name="DerivativeI" value="-5.222222" />
  <attribute name="DerivativeH" value="-5.222222" />
  <attribute name="Loop Time for DT" value="9.000000" />
  <attribute name="Output H" value="4202627072"/>
  <attribute name="Output I" value="200"/>
  <attribute name="Output T" value="16"/>
  <attribute name="Target GC Util Change" value ="80.000000" />
  <attribute name="Current GC Util Change" value="33.000000"/>
  <attribute name="GC Util currently" value="33" />
  <attribute name="CPU Util currently" value="127643517616" />
<exclusive-end id="3706" timestamp="2019-08-11T05:39:26.502" durationms="129.611" />

<exclusive-start id="3707" timestamp="2019-08-11T05:39:26.513" intervalms="140.057">
  <response-info timems="0.589" idlems="0.313" threads="1" lastid="0000000002690B00" lastname="Thread-33" />
</exclusive-start>
<allocation-taxation id="3708" taxation-threshold="20971520" timestamp="2019-08-11T05:39:26.513" intervalms="138.266" />
<cycle-start id="3709" type="global mark phase" contextid="0" timestamp="2019-08-11T05:39:26.513" intervalms="433.818" />
<gc-start id="3710" type="global mark phase" contextid="3709" timestamp="2019-08-11T05:39:26.513">
  <mem-info id="3711" free="65011712" total="140509184" percent="46">
    <remembered-set count="22176" freebytes="5528576" totalbytes="5617280" percent="98" regionsoverflowed="0" regionsstable="7" regionsrebuilding="0"/>
  </mem-info>
</gc-start>
<gc-op id="3712" type="mark increment" timems="15.596" contextid="3709" timestamp="2019-08-11T05:39:26.529">
  <trace-info objectcount="746166" scancount="660010" scanbytes="19321628" />
</gc-op>
<gc-end id="3713" type="global mark phase" contextid="3709" durationms="15.723" usertimems="81.095" systemtimems="5.453" timestamp="2019-08-11T05:39:26.529" activeThreads="16">
  <mem-info id="3714" free="65011712" total="140509184" percent="46">
    <remembered-set count="138912" freebytes="5061632" totalbytes="5617280" percent="90" regionsoverflowed="0" regionsstable="0" regionsrebuilding="7"/>
  </mem-info>
</gc-end>
<exclusive-end id="3715" timestamp="2019-08-11T05:39:26.529" durationms="16.202" />

<exclusive-start id="3716" timestamp="2019-08-11T05:39:26.556" intervalms="42.714">
  <response-info timems="1.847" idlems="1.847" threads="0" lastid="00000000026BDE00" lastname="Thread-36" />
</exclusive-start>
<allocation-taxation id="3717" taxation-threshold="20971520" timestamp="2019-08-11T05:39:26.556" intervalms="42.692" />
<cycle-start id="3718" type="partial gc" contextid="0" timestamp="2019-08-11T05:39:26.556" intervalms="177.453" />
<gc-start id="3719" type="partial gc" contextid="3718" timestamp="2019-08-11T05:39:26.556">
  <mem-info id="3720" free="44040192" total="140509184" percent="31">
    <mem type="eden" free="0" total="41943040" percent="0" />
    <remembered-set count="138880" freebytes="5061760" totalbytes="5617280" percent="90" regionsoverflowed="0" regionsstable="0" regionsrebuilding="7"/>
  </mem-info>
</gc-start>
<allocation-stats totalBytes="41937248" >
  <allocated-bytes non-tlh="0" tlh="41937248" arrayletleaf="0"/>
  <largest-consumer threadName="Thread-23" threadId="00000000026CCE00" bytes="2608816" />
</allocation-stats>
<gc-op id="3721" type="copy forward" timems="38.606" contextid="3718" timestamp="2019-08-11T05:39:26.596">
  <memory-copied type="eden" objects="11540" bytes="419168" bytesdiscarded="28256" />
  <memory-copied type="other" objects="79396" bytes="3149816" bytesdiscarded="207184" />
  <memory-cardclean objects="35741" bytes="1830128" />
  <regions eden="20" other="4" />
  <remembered-set-cleared processed="128314" cleared="25998" durationms="1.254" />
  <references type="soft" candidates="64" cleared="0" enqueued="0" dynamicThreshold="14" maxThreshold="32" />
  <references type="weak" candidates="73" cleared="0" enqueued="0" />
  <stringconstants candidates="15061" cleared="0"  />
</gc-op>
<gc-op id="3722" type="classunload" timems="0.015" contextid="3718" timestamp="2019-08-11T05:39:26.596">
  <classunload-info classloadercandidates="55" classloadersunloaded="0" classesunloaded="0" anonymousclassesunloaded="0" quiescems="0.000" setupms="0.015" scanms="0.000" postms="0.000" />
</gc-op>
<heap-resize id="3723" type="expand" space="default" amount="6291456" count="1" timems="0.073" reason="excessive time being spent in gc" timestamp="2019-08-11T05:39:26.596" />
<gc-end id="3724" type="partial gc" contextid="3718" durationms="39.935" usertimems="64.925" systemtimems="6.335" timestamp="2019-08-11T05:39:26.596" activeThreads="16">
  <mem-info id="3725" free="88080384" total="146800640" percent="60">
    <mem type="eden" free="3746880" total="4194304" percent="89" />
    <remembered-set count="123872" freebytes="5373312" totalbytes="5868800" percent="91" regionsoverflowed="0" regionsstable="0" regionsrebuilding="7"/>
  </mem-info>
</gc-end>
<cycle-end id="3726" type="partial gc" contextid="3718" timestamp="2019-08-11T05:39:26.596" />
  <attribute name="elasticGC enabled" value="1" />
  <attribute name= "numThreadsSpecified" value="16" />
  <attribute name="heapSize specified" value="0" />
  <attribute name="Current GC Util" value="171" />
  <attribute name= "Current Time Running" value="148442" />
  <attribute name ="GC Interval" value="0" />
  <attribute name="ProportionalT" value="45.500000" />
  <attribute name="ProportionalI" value="45.500000" />
  <attribute name="ProportionalH" value="45.500000" />
  <attribute name="Current Error" value="91.000000" />
  <attribute name="IntegralT" value="45.500000" />
  <attribute name="IntegralI" value="45.500000" />
  <attribute name="IntegralH" value="45.500000" />
  <attribute name="DerivativeT" value="-23.000000" />
  <attribute name="DerivativeI" value="-23.000000" />
  <attribute name="DerivativeH" value="-23.000000" />
  <attribute name="Loop Time for DT" value="1.000000" />
  <attribute name="Output H" value="8388608"/>
  <attribute name="Output I" value="200"/>
  <attribute name="Output T" value="16"/>
  <attribute name="Target GC Util Change" value ="80.000000" />
  <attribute name="Current GC Util Change" value="171.000000"/>
  <attribute name="GC Util currently" value="171" />
  <attribute name="CPU Util currently" value="2036902487614" />
<exclusive-end id="3727" timestamp="2019-08-11T05:39:26.596" durationms="40.717" />

<exclusive-start id="3728" timestamp="2019-08-11T05:39:26.613" intervalms="57.293">
  <response-info timems="2.577" idlems="1.331" threads="1" lastid="0000000002698300" lastname="Thread-25" />
</exclusive-start>
<allocation-taxation id="3729" taxation-threshold="20971520" timestamp="2019-08-11T05:39:26.613" intervalms="57.276" />
<gc-start id="3730" type="global mark phase" contextid="3709" timestamp="2019-08-11T05:39:26.613">
  <mem-info id="3731" free="67108864" total="146800640" percent="45">
    <remembered-set count="123552" freebytes="5374592" totalbytes="5868800" percent="91" regionsoverflowed="0" regionsstable="0" regionsrebuilding="7"/>
  </mem-info>
</gc-start>
<gc-op id="3732" type="mark increment" timems="36.950" contextid="3709" timestamp="2019-08-11T05:39:26.650">
  <trace-info objectcount="17080" scancount="17080" scanbytes="921068" />
  <cardclean-info objects="44404" bytes="1796944" />
  <finalization candidates="151" enqueued="0" />
  <ownableSynchronizers candidates="24" cleared="0" />
  <references type="soft" candidates="3960" cleared="2" enqueued="2" dynamicThreshold="19" maxThreshold="32" />
  <references type="weak" candidates="6232" cleared="0" enqueued="0" />
  <references type="phantom" candidates="835" cleared="0" enqueued="0" />
  <stringconstants candidates="15061" cleared="0"  />
</gc-op>
<gc-op id="3733" type="classunload" timems="0.018" contextid="3709" timestamp="2019-08-11T05:39:26.650">
  <classunload-info classloadercandidates="55" classloadersunloaded="0" classesunloaded="0" anonymousclassesunloaded="0" quiescems="0.000" setupms="0.017" scanms="0.000" postms="0.000" />
</gc-op>
<gc-end id="3734" type="global mark phase" contextid="3709" durationms="37.152" usertimems="32.713" systemtimems="17.291" timestamp="2019-08-11T05:39:26.650" activeThreads="16">
  <mem-info id="3735" free="67108864" total="146800640" percent="45">
    <pending-finalizers system="0" default="0" reference="2" classloader="0" />
    <remembered-set count="129184" freebytes="5352064" totalbytes="5868800" percent="91" regionsoverflowed="0" regionsstable="0" regionsrebuilding="0"/>
  </mem-info>
</gc-end>
<cycle-end id="3736" type="global mark phase" contextid="3709" timestamp="2019-08-11T05:39:26.650" />
  <attribute name="elasticGC enabled" value="1" />
  <attribute name= "numThreadsSpecified" value="16" />
  <attribute name="heapSize specified" value="0" />
  <attribute name="Current GC Util" value="40" />
  <attribute name= "Current Time Running" value="148508" />
  <attribute name ="GC Interval" value="0" />
  <attribute name="ProportionalT" value="-20.000000" />
  <attribute name="ProportionalI" value="-20.000000" />
  <attribute name="ProportionalH" value="-20.000000" />
  <attribute name="Current Error" value="-40.000000" />
  <attribute name="IntegralT" value="-160.000000" />
  <attribute name="IntegralI" value="-160.000000" />
  <attribute name="IntegralH" value="-160.000000" />
  <attribute name="DerivativeT" value="-19.000000" />
  <attribute name="DerivativeI" value="-19.000000" />
  <attribute name="DerivativeH" value="-19.000000" />
  <attribute name="Loop Time for DT" value="8.000000" />
  <attribute name="Output H" value="4202627072"/>
  <attribute name="Output I" value="200"/>
  <attribute name="Output T" value="16"/>
  <attribute name="Target GC Util Change" value ="80.000000" />
  <attribute name="Current GC Util Change" value="40.000000"/>
  <attribute name="GC Util currently" value="40" />
  <attribute name="CPU Util currently" value="136649990435" />
<exclusive-end id="3737" timestamp="2019-08-11T05:39:26.651" durationms="38.100" />

<exclusive-start id="3738" timestamp="2019-08-11T05:39:26.693" intervalms="79.745">
  <response-info timems="13.052" idlems="13.052" threads="0" lastid="000000000269BF00" lastname="Thread-21" />
</exclusive-start>
<allocation-taxation id="3739" taxation-threshold="20971520" timestamp="2019-08-11T05:39:26.693" intervalms="79.780" />
<cycle-start id="3740" type="partial gc" contextid="0" timestamp="2019-08-11T05:39:26.694" intervalms="138.295" />
<gc-start id="3741" type="partial gc" contextid="3740" timestamp="2019-08-11T05:39:26.694">
  <mem-info id="3742" free="46137344" total="146800640" percent="31">
    <mem type="eden" free="0" total="41943040" percent="0" />
    <remembered-set count="24928" freebytes="5769088" totalbytes="5868800" percent="98" regionsoverflowed="0" regionsstable="7" regionsrebuilding="0"/>
  </mem-info>
</gc-start>
<allocation-stats totalBytes="41936864" >
  <allocated-bytes non-tlh="0" tlh="41936864" arrayletleaf="0"/>
  <largest-consumer threadName="Thread-22" threadId="00000000026BA200" bytes="2547344" />
</allocation-stats>
<gc-op id="3743" type="sweep" timems="50.459" contextid="3740" timestamp="2019-08-11T05:39:26.745" />
<gc-op id="3744" type="copy forward" timems="18.948" contextid="3740" timestamp="2019-08-11T05:39:26.767">
  <memory-copied type="eden" objects="3569" bytes="91208" bytesdiscarded="11751" />
  <memory-copied type="other" objects="19884" bytes="751968" bytesdiscarded="19593" />
  <memory-cardclean objects="21910" bytes="1081624" />
  <regions eden="10" other="13" />
  <remembered-set-cleared processed="16606" cleared="2548" durationms="0.197" />
  <stringconstants candidates="15061" cleared="0"  />
</gc-op>
<gc-op id="3745" type="classunload" timems="0.011" contextid="3740" timestamp="2019-08-11T05:39:26.767">
  <classunload-info classloadercandidates="55" classloadersunloaded="0" classesunloaded="0" anonymousclassesunloaded="0" quiescems="0.000" setupms="0.010" scanms="0.000" postms="0.000" />
</gc-op>
<gc-end id="3746" type="partial gc" contextid="3740" durationms="72.777" usertimems="51.656" systemtimems="40.599" timestamp="2019-08-11T05:39:26.767" activeThreads="16">
  <mem-info id="3747" free="88080384" total="146800640" percent="60">
    <mem type="eden" free="1647384" total="2097152" percent="78" />
    <remembered-set count="27456" freebytes="5758976" totalbytes="5868800" percent="98" regionsoverflowed="0" regionsstable="7" regionsrebuilding="0"/>
  </mem-info>
</gc-end>
<cycle-end id="3748" type="partial gc" contextid="3740" timestamp="2019-08-11T05:39:26.767" />
  <attribute name="elasticGC enabled" value="1" />
  <attribute name= "numThreadsSpecified" value="16" />
  <attribute name="heapSize specified" value="0" />
  <attribute name="Current GC Util" value="155" />
  <attribute name= "Current Time Running" value="148632" />
  <attribute name ="GC Interval" value="0" />
  <attribute name="ProportionalT" value="37.500000" />
  <attribute name="ProportionalI" value="37.500000" />
  <attribute name="ProportionalH" value="37.500000" />
  <attribute name="Current Error" value="75.000000" />
  <attribute name="IntegralT" value="75.000000" />
  <attribute name="IntegralI" value="75.000000" />
  <attribute name="IntegralH" value="75.000000" />
  <attribute name="DerivativeT" value="37.500000" />
  <attribute name="DerivativeI" value="37.500000" />
  <attribute name="DerivativeH" value="37.500000" />
  <attribute name="Loop Time for DT" value="2.000000" />
  <attribute name="Output H" value="8388608"/>
  <attribute name="Output I" value="200"/>
  <attribute name="Output T" value="16"/>
  <attribute name="Target GC Util Change" value ="80.000000" />
  <attribute name="Current GC Util Change" value="155.000000"/>
  <attribute name="GC Util currently" value="155" />
  <attribute name="CPU Util currently" value="493164705490" />
<exclusive-end id="3749" timestamp="2019-08-11T05:39:26.767" durationms="74.709" />

<exclusive-start id="3750" timestamp="2019-08-11T05:39:26.791" intervalms="98.261">
  <response-info timems="2.062" idlems="2.062" threads="0" lastid="00000000026DBD00" lastname="Thread-24" />
</exclusive-start>
<allocation-taxation id="3751" taxation-threshold="44040192" timestamp="2019-08-11T05:39:26.791" intervalms="98.264" />
<cycle-start id="3752" type="partial gc" contextid="0" timestamp="2019-08-11T05:39:26.791" intervalms="96.972" />
<gc-start id="3753" type="partial gc" contextid="3752" timestamp="2019-08-11T05:39:26.791">
  <mem-info id="3754" free="44040192" total="146800640" percent="30">
    <mem type="eden" free="0" total="44040192" percent="0" />
    <remembered-set count="27136" freebytes="5760256" totalbytes="5868800" percent="98" regionsoverflowed="0" regionsstable="7" regionsrebuilding="0"/>
  </mem-info>
</gc-start>
<allocation-stats totalBytes="44033728" >
  <allocated-bytes non-tlh="0" tlh="44033728" arrayletleaf="0"/>
  <largest-consumer threadName="Thread-21" threadId="000000000269BF00" bytes="4885744" />
</allocation-stats>
<gc-op id="3755" type="copy forward" timems="48.102" contextid="3752" timestamp="2019-08-11T05:39:26.842">
  <memory-copied type="eden" objects="12267" bytes="436112" bytesdiscarded="42944" />
  <memory-copied type="other" objects="78826" bytes="3136136" bytesdiscarded="223584" />
  <memory-cardclean objects="34831" bytes="1767864" />
  <regions eden="21" other="4" />
  <remembered-set-cleared processed="16764" cleared="2443" durationms="1.467" />
  <references type="soft" candidates="64" cleared="0" enqueued="0" dynamicThreshold="19" maxThreshold="32" />
  <references type="weak" candidates="73" cleared="0" enqueued="0" />
  <stringconstants candidates="15061" cleared="0"  />
</gc-op>
<gc-op id="3756" type="classunload" timems="0.015" contextid="3752" timestamp="2019-08-11T05:39:26.842">
  <classunload-info classloadercandidates="55" classloadersunloaded="0" classesunloaded="0" anonymousclassesunloaded="0" quiescems="0.000" setupms="0.014" scanms="0.000" postms="0.000" />
</gc-op>
<heap-resize id="3757" type="expand" space="default" amount="10485760" count="1" timems="0.171" reason="excessive time being spent in gc" timestamp="2019-08-11T05:39:26.842" />
<gc-end id="3758" type="partial gc" contextid="3752" durationms="50.491" usertimems="56.290" systemtimems="29.319" timestamp="2019-08-11T05:39:26.842" activeThreads="16">
  <mem-info id="3759" free="94371840" total="157286400" percent="60">
    <mem type="eden" free="3715248" total="4194304" percent="88" />
    <remembered-set count="30464" freebytes="6166144" totalbytes="6288000" percent="98" regionsoverflowed="0" regionsstable="7" regionsrebuilding="0"/>
  </mem-info>
</gc-end>
<cycle-end id="3760" type="partial gc" contextid="3752" timestamp="2019-08-11T05:39:26.842" />
  <attribute name="elasticGC enabled" value="1" />
  <attribute name= "numThreadsSpecified" value="16" />
  <attribute name="heapSize specified" value="0" />
  <attribute name="Current GC Util" value="173" />
  <attribute name= "Current Time Running" value="148678" />
  <attribute name ="GC Interval" value="0" />
  <attribute name="ProportionalT" value="46.500000" />
  <attribute name="ProportionalI" value="46.500000" />
  <attribute name="ProportionalH" value="46.500000" />
  <attribute name="Current Error" value="93.000000" />
  <attribute name="IntegralT" value="46.500000" />
  <attribute name="IntegralI" value="46.500000" />
  <attribute name="IntegralH" value="46.500000" />
  <attribute name="DerivativeT" value="53.000000" />
  <attribute name="DerivativeI" value="53.000000" />
  <attribute name="DerivativeH" value="53.000000" />
  <attribute name="Loop Time for DT" value="1.000000" />
  <attribute name="Output H" value="8388608"/>
  <attribute name="Output I" value="200"/>
  <attribute name="Output T" value="16"/>
  <attribute name="Target GC Util Change" value ="80.000000" />
  <attribute name="Current GC Util Change" value="173.000000"/>
  <attribute name="GC Util currently" value="173" />
  <attribute name="CPU Util currently" value="752668259936" />
<exclusive-end id="3761" timestamp="2019-08-11T05:39:26.842" durationms="51.631" />

<exclusive-start id="3762" timestamp="2019-08-11T05:39:26.886" intervalms="95.182">
  <response-info timems="1.920" idlems="0.763" threads="2" lastid="00000000026D4600" lastname="Thread-30" />
</exclusive-start>
<allocation-taxation id="3763" taxation-threshold="23068672" timestamp="2019-08-11T05:39:26.886" intervalms="95.219" />
<cycle-start id="3764" type="global mark phase" contextid="0" timestamp="2019-08-11T05:39:26.886" intervalms="373.388" />
<gc-start id="3765" type="global mark phase" contextid="3764" timestamp="2019-08-11T05:39:26.886">
  <mem-info id="3766" free="71303168" total="157286400" percent="45">
    <remembered-set count="28704" freebytes="6173184" totalbytes="6288000" percent="98" regionsoverflowed="0" regionsstable="8" regionsrebuilding="0"/>
  </mem-info>
</gc-start>
<gc-op id="3767" type="mark increment" timems="26.538" contextid="3764" timestamp="2019-08-11T05:39:26.913">
  <trace-info objectcount="591394" scancount="513276" scanbytes="15773756" />
</gc-op>
<gc-end id="3768" type="global mark phase" contextid="3764" durationms="26.587" usertimems="53.960" systemtimems="17.746" timestamp="2019-08-11T05:39:26.913" activeThreads="16">
  <mem-info id="3769" free="71303168" total="157286400" percent="45">
    <remembered-set count="119840" freebytes="5808640" totalbytes="6288000" percent="92" regionsoverflowed="0" regionsstable="0" regionsrebuilding="8"/>
  </mem-info>
</gc-end>
<concurrent-start id="3770" type="GMP work packet processing" contextid="3764" timestamp="2019-08-11T05:39:26.913">
  <concurrent-mark-start scanTarget="32315863" />
</concurrent-start>
<exclusive-end id="3771" timestamp="2019-08-11T05:39:26.914" durationms="28.007" />

<exclusive-start id="3772" timestamp="2019-08-11T05:39:26.969" intervalms="83.057">
  <response-info timems="9.808" idlems="3.342" threads="3" lastid="00000000026BA200" lastname="Thread-22" />
</exclusive-start>
<allocation-taxation id="3773" taxation-threshold="23068672" timestamp="2019-08-11T05:39:26.969" intervalms="83.006" />
<concurrent-end id="3774" type="GMP work packet processing" contextid="3764" timestamp="2019-08-11T05:39:26.969">
  <concurrent-mark-end bytesScanned="3491036" reasonForTermination="Termination requested" />
</concurrent-end>

<cycle-start id="3775" type="partial gc" contextid="0" timestamp="2019-08-11T05:39:26.969" intervalms="178.217" />
<gc-start id="3776" type="partial gc" contextid="3775" timestamp="2019-08-11T05:39:26.969">
  <mem-info id="3777" free="48234496" total="157286400" percent="30">
    <mem type="eden" free="0" total="46137344" percent="0" />
    <remembered-set count="144480" freebytes="5710080" totalbytes="6288000" percent="90" regionsoverflowed="0" regionsstable="0" regionsrebuilding="8"/>
  </mem-info>
</gc-start>
<allocation-stats totalBytes="46130248" >
  <allocated-bytes non-tlh="0" tlh="46130248" arrayletleaf="0"/>
  <largest-consumer threadName="Thread-21" threadId="000000000269BF00" bytes="2383504" />
</allocation-stats>
<gc-op id="3778" type="copy forward" timems="13.455" contextid="3775" timestamp="2019-08-11T05:39:26.984">
  <memory-copied type="eden" objects="24700" bytes="1010224" bytesdiscarded="0" />
  <memory-copied type="other" objects="12089" bytes="448928" bytesdiscarded="0" />
  <memory-cardclean objects="21356" bytes="1062520" />
  <regions eden="22" other="3" />
  <remembered-set-cleared processed="133810" cleared="2588" durationms="1.823" />
  <stringconstants candidates="15061" cleared="0"  />
</gc-op>
<gc-op id="3779" type="classunload" timems="0.017" contextid="3775" timestamp="2019-08-11T05:39:26.984">
  <classunload-info classloadercandidates="55" classloadersunloaded="0" classesunloaded="0" anonymousclassesunloaded="0" quiescems="0.000" setupms="0.017" scanms="0.000" postms="0.000" />
</gc-op>
<gc-end id="3780" type="partial gc" contextid="3775" durationms="14.604" usertimems="11.335" systemtimems="4.079" timestamp="2019-08-11T05:39:26.984" activeThreads="1">
  <mem-info id="3781" free="94371840" total="157286400" percent="60">
    <mem type="eden" free="1086928" total="2097152" percent="51" />
    <remembered-set count="147520" freebytes="5697920" totalbytes="6288000" percent="90" regionsoverflowed="0" regionsstable="0" regionsrebuilding="8"/>
  </mem-info>
</gc-end>
<cycle-end id="3782" type="partial gc" contextid="3775" timestamp="2019-08-11T05:39:26.984" />
  <attribute name="elasticGC enabled" value="1" />
  <attribute name= "numThreadsSpecified" value="1" />
  <attribute name="heapSize specified" value="0" />
  <attribute name="Current GC Util" value="134" />
  <attribute name= "Current Time Running" value="148855" />
  <attribute name ="GC Interval" value="0" />
  <attribute name="ProportionalT" value="27.000000" />
  <attribute name="ProportionalI" value="27.000000" />
  <attribute name="ProportionalH" value="27.000000" />
  <attribute name="Current Error" value="54.000000" />
  <attribute name="IntegralT" value="0.000000" />
  <attribute name="IntegralI" value="0.000000" />
  <attribute name="IntegralH" value="0.000000" />
  <attribute name="DerivativeT" value="inf" />
  <attribute name="DerivativeI" value="inf" />
  <attribute name="DerivativeH" value="inf" />
  <attribute name="Loop Time for DT" value="0.000000" />
  <attribute name="Output H" value="8388608"/>
  <attribute name="Output I" value="200"/>
  <attribute name="Output T" value="1"/>
  <attribute name="Target GC Util Change" value ="80.000000" />
  <attribute name="Current GC Util Change" value="134.000000"/>
  <attribute name="GC Util currently" value="134" />
  <attribute name="CPU Util currently" value="1759709869602" />
<exclusive-end id="3783" timestamp="2019-08-11T05:39:26.984" durationms="15.317" />

<exclusive-start id="3784" timestamp="2019-08-11T05:39:27.015" intervalms="46.362">
  <response-info timems="2.584" idlems="1.310" threads="1" lastid="00000000026CCE00" lastname="Thread-23" />
</exclusive-start>
<allocation-taxation id="3785" taxation-threshold="23068672" timestamp="2019-08-11T05:39:27.016" intervalms="46.393" />
<gc-start id="3786" type="global mark phase" contextid="3764" timestamp="2019-08-11T05:39:27.016">
  <mem-info id="3787" free="71303168" total="157286400" percent="45">
    <remembered-set count="147200" freebytes="5699200" totalbytes="6288000" percent="90" regionsoverflowed="0" regionsstable="0" regionsrebuilding="8"/>
  </mem-info>
</gc-start>
<gc-op id="3788" type="mark increment" timems="13.609" contextid="3764" timestamp="2019-08-11T05:39:27.029">
  <trace-info objectcount="18948" scancount="18948" scanbytes="739136" />
  <cardclean-info objects="25732" bytes="1271188" />
  <finalization candidates="151" enqueued="0" />
  <ownableSynchronizers candidates="24" cleared="0" />
  <references type="soft" candidates="3958" cleared="0" enqueued="0" dynamicThreshold="19" maxThreshold="32" />
  <references type="weak" candidates="6232" cleared="0" enqueued="0" />
  <references type="phantom" candidates="835" cleared="0" enqueued="0" />
  <stringconstants candidates="15061" cleared="0"  />
</gc-op>
<gc-op id="3789" type="classunload" timems="0.021" contextid="3764" timestamp="2019-08-11T05:39:27.029">
  <classunload-info classloadercandidates="55" classloadersunloaded="0" classesunloaded="0" anonymousclassesunloaded="0" quiescems="0.000" setupms="0.021" scanms="0.000" postms="0.000" />
</gc-op>
<gc-end id="3790" type="global mark phase" contextid="3764" durationms="13.829" usertimems="10.691" systemtimems="7.049" timestamp="2019-08-11T05:39:27.029" activeThreads="16">
  <mem-info id="3791" free="71303168" total="157286400" percent="45">
    <remembered-set count="149760" freebytes="5688960" totalbytes="6288000" percent="90" regionsoverflowed="0" regionsstable="0" regionsrebuilding="0"/>
  </mem-info>
</gc-end>
<cycle-end id="3792" type="global mark phase" contextid="3764" timestamp="2019-08-11T05:39:27.030" />
  <attribute name="elasticGC enabled" value="1" />
  <attribute name= "numThreadsSpecified" value="16" />
  <attribute name="heapSize specified" value="0" />
  <attribute name="Current GC Util" value="150" />
  <attribute name= "Current Time Running" value="148904" />
  <attribute name ="GC Interval" value="0" />
  <attribute name="ProportionalT" value="35.000000" />
  <attribute name="ProportionalI" value="35.000000" />
  <attribute name="ProportionalH" value="35.000000" />
  <attribute name="Current Error" value="70.000000" />
  <attribute name="IntegralT" value="70.000000" />
  <attribute name="IntegralI" value="70.000000" />
  <attribute name="IntegralH" value="70.000000" />
  <attribute name="DerivativeT" value="-57.000000" />
  <attribute name="DerivativeI" value="-57.000000" />
  <attribute name="DerivativeH" value="-57.000000" />
  <attribute name="Loop Time for DT" value="2.000000" />
  <attribute name="Output H" value="8388608"/>
  <attribute name="Output I" value="200"/>
  <attribute name="Output T" value="16"/>
  <attribute name="Target GC Util Change" value ="80.000000" />
  <attribute name="Current GC Util Change" value="150.000000"/>
  <attribute name="GC Util currently" value="150" />
  <attribute name="CPU Util currently" value="734709876989" />
<exclusive-end id="3793" timestamp="2019-08-11T05:39:27.030" durationms="14.524" />

<exclusive-start id="3794" timestamp="2019-08-11T05:39:27.085" intervalms="69.666">
  <response-info timems="2.435" idlems="1.830" threads="3" lastid="0000000002698300" lastname="Thread-25" />
</exclusive-start>
<allocation-taxation id="3795" taxation-threshold="23068672" timestamp="2019-08-11T05:39:27.085" intervalms="69.626" />
<cycle-start id="3796" type="partial gc" contextid="0" timestamp="2019-08-11T05:39:27.086" intervalms="116.659" />
<gc-start id="3797" type="partial gc" contextid="3796" timestamp="2019-08-11T05:39:27.086">
  <mem-info id="3798" free="48234496" total="157286400" percent="30">
    <mem type="eden" free="0" total="46137344" percent="0" />
    <remembered-set count="31008" freebytes="6163968" totalbytes="6288000" percent="98" regionsoverflowed="0" regionsstable="8" regionsrebuilding="0"/>
  </mem-info>
</gc-start>
<allocation-stats totalBytes="46130488" >
  <allocated-bytes non-tlh="0" tlh="46130488" arrayletleaf="0"/>
  <largest-consumer threadName="Thread-29" threadId="00000000026AAE00" bytes="2297504" />
</allocation-stats>
<gc-op id="3799" type="sweep" timems="4.670" contextid="3796" timestamp="2019-08-11T05:39:27.091" />
<gc-op id="3800" type="copy forward" timems="30.777" contextid="3796" timestamp="2019-08-11T05:39:27.124">
  <memory-copied type="eden" objects="4282" bytes="107376" bytesdiscarded="13092" />
  <memory-copied type="other" objects="26559" bytes="1049544" bytesdiscarded="91500" />
  <memory-cardclean objects="19793" bytes="980168" />
  <regions eden="11" other="13" />
  <remembered-set-cleared processed="20512" cleared="5107" durationms="0.326" />
  <stringconstants candidates="15061" cleared="0"  />
</gc-op>
<gc-op id="3801" type="classunload" timems="0.014" contextid="3796" timestamp="2019-08-11T05:39:27.124">
  <classunload-info classloadercandidates="55" classloadersunloaded="0" classesunloaded="0" anonymousclassesunloaded="0" quiescems="0.000" setupms="0.014" scanms="0.000" postms="0.000" />
</gc-op>
<heap-resize id="3802" type="expand" space="default" amount="10485760" count="1" timems="0.079" reason="excessive time being spent in gc" timestamp="2019-08-11T05:39:27.124" />
<gc-end id="3803" type="partial gc" contextid="3796" durationms="38.471" usertimems="23.483" systemtimems="5.461" timestamp="2019-08-11T05:39:27.125" activeThreads="16">
  <mem-info id="3804" free="100663296" total="167772160" percent="60">
    <mem type="eden" free="3974632" total="4194304" percent="94" />
    <remembered-set count="29248" freebytes="6590208" totalbytes="6707200" percent="98" regionsoverflowed="0" regionsstable="8" regionsrebuilding="0"/>
  </mem-info>
</gc-end>
<cycle-end id="3805" type="partial gc" contextid="3796" timestamp="2019-08-11T05:39:27.126" />
  <attribute name="elasticGC enabled" value="1" />
  <attribute name= "numThreadsSpecified" value="16" />
  <attribute name="heapSize specified" value="0" />
  <attribute name="Current GC Util" value="36" />
  <attribute name= "Current Time Running" value="148978" />
  <attribute name ="GC Interval" value="0" />
  <attribute name="ProportionalT" value="-22.000000" />
  <attribute name="ProportionalI" value="-22.000000" />
  <attribute name="ProportionalH" value="-22.000000" />
  <attribute name="Current Error" value="-44.000000" />
  <attribute name="IntegralT" value="-44.000000" />
  <attribute name="IntegralI" value="-44.000000" />
  <attribute name="IntegralH" value="-44.000000" />
  <attribute name="DerivativeT" value="-22.000000" />
  <attribute name="DerivativeI" value="-22.000000" />
  <attribute name="DerivativeH" value="-22.000000" />
  <attribute name="Loop Time for DT" value="2.000000" />
  <attribute name="Output H" value="4202627072"/>
  <attribute name="Output I" value="200"/>
  <attribute name="Output T" value="16"/>
  <attribute name="Target GC Util Change" value ="80.000000" />
  <attribute name="Current GC Util Change" value="36.000000"/>
  <attribute name="GC Util currently" value="36" />
  <attribute name="CPU Util currently" value="632597757870" />
<exclusive-end id="3806" timestamp="2019-08-11T05:39:27.126" durationms="41.220" />

<exclusive-start id="3807" timestamp="2019-08-11T05:39:27.253" intervalms="167.932">
  <response-info timems="0.452" idlems="0.262" threads="2" lastid="00000000026DBD00" lastname="Thread-24" />
</exclusive-start>
<allocation-taxation id="3808" taxation-threshold="48234496" timestamp="2019-08-11T05:39:27.253" intervalms="167.944" />
<cycle-start id="3809" type="partial gc" contextid="0" timestamp="2019-08-11T05:39:27.253" intervalms="167.427" />
<gc-start id="3810" type="partial gc" contextid="3809" timestamp="2019-08-11T05:39:27.254">
  <mem-info id="3811" free="52428800" total="167772160" percent="31">
    <mem type="eden" free="0" total="48234496" percent="0" />
    <remembered-set count="29216" freebytes="6590336" totalbytes="6707200" percent="98" regionsoverflowed="0" regionsstable="8" regionsrebuilding="0"/>
  </mem-info>
</gc-start>
<allocation-stats totalBytes="48226920" >
  <allocated-bytes non-tlh="0" tlh="48226920" arrayletleaf="0"/>
  <largest-consumer threadName="Thread-21" threadId="000000000269BF00" bytes="5819464" />
</allocation-stats>
<gc-op id="3812" type="copy forward" timems="22.266" contextid="3809" timestamp="2019-08-11T05:39:27.277">
  <memory-copied type="eden" objects="25004" bytes="1017200" bytesdiscarded="64680" />
  <memory-copied type="other" objects="7669" bytes="184056" bytesdiscarded="10904" />
  <memory-cardclean objects="24082" bytes="1235776" />
  <regions eden="23" other="3" />
  <remembered-set-cleared processed="19009" cleared="4853" durationms="0.184" />
  <stringconstants candidates="15061" cleared="0"  />
</gc-op>
<gc-op id="3813" type="classunload" timems="0.015" contextid="3809" timestamp="2019-08-11T05:39:27.278">
  <classunload-info classloadercandidates="55" classloadersunloaded="0" classesunloaded="0" anonymousclassesunloaded="0" quiescems="0.000" setupms="0.015" scanms="0.000" postms="0.000" />
</gc-op>
<gc-end id="3814" type="partial gc" contextid="3809" durationms="24.147" usertimems="13.967" systemtimems="25.756" timestamp="2019-08-11T05:39:27.278" activeThreads="16">
  <mem-info id="3815" free="100663296" total="167772160" percent="60">
    <mem type="eden" free="1015272" total="2097152" percent="48" />
    <remembered-set count="25920" freebytes="6603520" totalbytes="6707200" percent="98" regionsoverflowed="0" regionsstable="8" regionsrebuilding="0"/>
  </mem-info>
</gc-end>
<cycle-end id="3816" type="partial gc" contextid="3809" timestamp="2019-08-11T05:39:27.278" />
  <attribute name="elasticGC enabled" value="1" />
  <attribute name= "numThreadsSpecified" value="16" />
  <attribute name="heapSize specified" value="0" />
  <attribute name="Current GC Util" value="65" />
  <attribute name= "Current Time Running" value="149140" />
  <attribute name ="GC Interval" value="0" />
  <attribute name="ProportionalT" value="-7.500000" />
  <attribute name="ProportionalI" value="-7.500000" />
  <attribute name="ProportionalH" value="-7.500000" />
  <attribute name="Current Error" value="-15.000000" />
  <attribute name="IntegralT" value="-7.500000" />
  <attribute name="IntegralI" value="-7.500000" />
  <attribute name="IntegralH" value="-7.500000" />
  <attribute name="DerivativeT" value="-15.000000" />
  <attribute name="DerivativeI" value="-15.000000" />
  <attribute name="DerivativeH" value="-15.000000" />
  <attribute name="Loop Time for DT" value="1.000000" />
  <attribute name="Output H" value="4202627072"/>
  <attribute name="Output I" value="200"/>
  <attribute name="Output T" value="16"/>
  <attribute name="Target GC Util Change" value ="80.000000" />
  <attribute name="Current GC Util Change" value="65.000000"/>
  <attribute name="GC Util currently" value="65" />
  <attribute name="CPU Util currently" value="854480460426" />
<exclusive-end id="3817" timestamp="2019-08-11T05:39:27.278" durationms="25.007" />

<exclusive-start id="3818" timestamp="2019-08-11T05:39:27.457" intervalms="203.878">
  <response-info timems="1.619" idlems="0.840" threads="4" lastid="00000000026AAE00" lastname="Thread-29" />
</exclusive-start>
<allocation-taxation id="3819" taxation-threshold="48234496" timestamp="2019-08-11T05:39:27.457" intervalms="203.867" />
<cycle-start id="3820" type="partial gc" contextid="0" timestamp="2019-08-11T05:39:27.457" intervalms="203.750" />
<gc-start id="3821" type="partial gc" contextid="3820" timestamp="2019-08-11T05:39:27.457">
  <mem-info id="3822" free="52428800" total="167772160" percent="31">
    <mem type="eden" free="0" total="48234496" percent="0" />
    <remembered-set count="25504" freebytes="6605184" totalbytes="6707200" percent="98" regionsoverflowed="0" regionsstable="8" regionsrebuilding="0"/>
  </mem-info>
</gc-start>
<allocation-stats totalBytes="48227256" >
  <allocated-bytes non-tlh="0" tlh="48227256" arrayletleaf="0"/>
  <largest-consumer threadName="Thread-24" threadId="00000000026DBD00" bytes="6524080" />
</allocation-stats>
<gc-op id="3823" type="copy forward" timems="17.891" contextid="3820" timestamp="2019-08-11T05:39:27.477">
  <memory-copied type="eden" objects="14909" bytes="500104" bytesdiscarded="98424" />
  <memory-copied type="other" objects="24719" bytes="1005384" bytesdiscarded="57504" />
  <memory-cardclean objects="23553" bytes="1187336" />
  <regions eden="23" other="2" />
  <remembered-set-cleared processed="18560" cleared="3030" durationms="0.256" />
  <stringconstants candidates="15061" cleared="0"  />
</gc-op>
<gc-op id="3824" type="classunload" timems="0.014" contextid="3820" timestamp="2019-08-11T05:39:27.477">
  <classunload-info classloadercandidates="55" classloadersunloaded="0" classesunloaded="0" anonymousclassesunloaded="0" quiescems="0.000" setupms="0.014" scanms="0.000" postms="0.000" />
</gc-op>
<heap-resize id="3825" type="expand" space="default" amount="10485760" count="1" timems="0.091" reason="excessive time being spent in gc" timestamp="2019-08-11T05:39:27.477" />
<gc-end id="3826" type="partial gc" contextid="3820" durationms="20.062" usertimems="15.382" systemtimems="7.901" timestamp="2019-08-11T05:39:27.477" activeThreads="16">
  <mem-info id="3827" free="106954752" total="178257920" percent="60">
    <mem type="eden" free="3595776" total="4194304" percent="85" />
    <remembered-set count="29088" freebytes="7010048" totalbytes="7126400" percent="98" regionsoverflowed="0" regionsstable="8" regionsrebuilding="0"/>
  </mem-info>
</gc-end>
<cycle-end id="3828" type="partial gc" contextid="3820" timestamp="2019-08-11T05:39:27.477" />
  <attribute name="elasticGC enabled" value="1" />
  <attribute name= "numThreadsSpecified" value="16" />
  <attribute name="heapSize specified" value="0" />
  <attribute name="Current GC Util" value="44" />
  <attribute name= "Current Time Running" value="149344" />
  <attribute name ="GC Interval" value="0" />
  <attribute name="ProportionalT" value="-18.000000" />
  <attribute name="ProportionalI" value="-18.000000" />
  <attribute name="ProportionalH" value="-18.000000" />
  <attribute name="Current Error" value="-36.000000" />
  <attribute name="IntegralT" value="-36.000000" />
  <attribute name="IntegralI" value="-36.000000" />
  <attribute name="IntegralH" value="-36.000000" />
  <attribute name="DerivativeT" value="-18.000000" />
  <attribute name="DerivativeI" value="-18.000000" />
  <attribute name="DerivativeH" value="-18.000000" />
  <attribute name="Loop Time for DT" value="2.000000" />
  <attribute name="Output H" value="4202627072"/>
  <attribute name="Output I" value="200"/>
  <attribute name="Output T" value="16"/>
  <attribute name="Target GC Util Change" value ="80.000000" />
  <attribute name="Current GC Util Change" value="44.000000"/>
  <attribute name="GC Util currently" value="44" />
  <attribute name="CPU Util currently" value="762010703687" />
<exclusive-end id="3829" timestamp="2019-08-11T05:39:27.478" durationms="20.709" />

<exclusive-start id="3830" timestamp="2019-08-11T05:39:27.613" intervalms="156.184">
  <response-info timems="0.628" idlems="0.246" threads="2" lastid="0000000002685700" lastname="Thread-28" />
</exclusive-start>
<allocation-taxation id="3831" taxation-threshold="52428800" timestamp="2019-08-11T05:39:27.613" intervalms="156.214" />
<cycle-start id="3832" type="partial gc" contextid="0" timestamp="2019-08-11T05:39:27.614" intervalms="156.888" />
<gc-start id="3833" type="partial gc" contextid="3832" timestamp="2019-08-11T05:39:27.614">
  <mem-info id="3834" free="54525952" total="178257920" percent="30">
    <mem type="eden" free="0" total="52428800" percent="0" />
    <remembered-set count="28832" freebytes="7011072" totalbytes="7126400" percent="98" regionsoverflowed="0" regionsstable="8" regionsrebuilding="0"/>
  </mem-info>
</gc-start>
<allocation-stats totalBytes="52419016" >
  <allocated-bytes non-tlh="0" tlh="52419016" arrayletleaf="0"/>
  <largest-consumer threadName="Thread-21" threadId="000000000269BF00" bytes="6736704" />
</allocation-stats>
<gc-op id="3835" type="copy forward" timems="55.539" contextid="3832" timestamp="2019-08-11T05:39:27.672">
  <memory-copied type="eden" objects="15663" bytes="517968" bytesdiscarded="65360" />
  <memory-copied type="other" objects="14922" bytes="495504" bytesdiscarded="23320" />
  <memory-cardclean objects="24614" bytes="1238136" />
  <regions eden="25" other="3" />
  <remembered-set-cleared processed="19851" cleared="4195" durationms="0.477" />
  <stringconstants candidates="15061" cleared="0"  />
</gc-op>
<gc-op id="3836" type="classunload" timems="0.012" contextid="3832" timestamp="2019-08-11T05:39:27.672">
  <classunload-info classloadercandidates="55" classloadersunloaded="0" classesunloaded="0" anonymousclassesunloaded="0" quiescems="0.000" setupms="0.012" scanms="0.000" postms="0.000" />
</gc-op>
<heap-resize id="3837" type="expand" space="default" amount="6291456" count="1" timems="0.067" reason="excessive time being spent in gc" timestamp="2019-08-11T05:39:27.673" />
<gc-end id="3838" type="partial gc" contextid="3832" durationms="58.385" usertimems="28.286" systemtimems="27.287" timestamp="2019-08-11T05:39:27.673" activeThreads="16">
  <mem-info id="3839" free="111149056" total="184549376" percent="60">
    <mem type="eden" free="3610976" total="4194304" percent="86" />
    <remembered-set count="29088" freebytes="7261568" totalbytes="7377920" percent="98" regionsoverflowed="0" regionsstable="8" regionsrebuilding="0"/>
  </mem-info>
</gc-end>
<cycle-end id="3840" type="partial gc" contextid="3832" timestamp="2019-08-11T05:39:27.674" />
  <attribute name="elasticGC enabled" value="1" />
  <attribute name= "numThreadsSpecified" value="16" />
  <attribute name="heapSize specified" value="0" />
  <attribute name="Current GC Util" value="47" />
  <attribute name= "Current Time Running" value="149502" />
  <attribute name ="GC Interval" value="0" />
  <attribute name="ProportionalT" value="-16.500000" />
  <attribute name="ProportionalI" value="-16.500000" />
  <attribute name="ProportionalH" value="-16.500000" />
  <attribute name="Current Error" value="-33.000000" />
  <attribute name="IntegralT" value="-49.500000" />
  <attribute name="IntegralI" value="-49.500000" />
  <attribute name="IntegralH" value="-49.500000" />
  <attribute name="DerivativeT" value="-11.000000" />
  <attribute name="DerivativeI" value="-11.000000" />
  <attribute name="DerivativeH" value="-11.000000" />
  <attribute name="Loop Time for DT" value="3.000000" />
  <attribute name="Output H" value="4202627072"/>
  <attribute name="Output I" value="200"/>
  <attribute name="Output T" value="16"/>
  <attribute name="Target GC Util Change" value ="80.000000" />
  <attribute name="Current GC Util Change" value="47.000000"/>
  <attribute name="GC Util currently" value="47" />
  <attribute name="CPU Util currently" value="543352355535" />
<exclusive-end id="3841" timestamp="2019-08-11T05:39:27.674" durationms="60.537" />

<exclusive-start id="3842" timestamp="2019-08-11T05:39:27.796" intervalms="182.854">
  <response-info timems="5.323" idlems="2.331" threads="3" lastid="00000000026BA200" lastname="Thread-22" />
</exclusive-start>
<allocation-taxation id="3843" taxation-threshold="52428800" timestamp="2019-08-11T05:39:27.796" intervalms="182.846" />
<cycle-start id="3844" type="partial gc" contextid="0" timestamp="2019-08-11T05:39:27.796" intervalms="182.237" />
<gc-start id="3845" type="partial gc" contextid="3844" timestamp="2019-08-11T05:39:27.797">
  <mem-info id="3846" free="58720256" total="184549376" percent="31">
    <mem type="eden" free="0" total="52428800" percent="0" />
    <remembered-set count="28736" freebytes="7262976" totalbytes="7377920" percent="98" regionsoverflowed="0" regionsstable="8" regionsrebuilding="0"/>
  </mem-info>
</gc-start>
<allocation-stats totalBytes="52419056" >
  <allocated-bytes non-tlh="0" tlh="52419056" arrayletleaf="0"/>
  <largest-consumer threadName="Thread-29" threadId="00000000026AAE00" bytes="6736784" />
</allocation-stats>
<gc-op id="3847" type="copy forward" timems="70.996" contextid="3844" timestamp="2019-08-11T05:39:27.870">
  <memory-copied type="eden" objects="29003" bytes="1113544" bytesdiscarded="67048" />
  <memory-copied type="other" objects="15812" bytes="516864" bytesdiscarded="51136" />
  <memory-cardclean objects="25563" bytes="1265040" />
  <regions eden="25" other="3" />
  <remembered-set-cleared processed="20398" cleared="2492" durationms="4.116" />
  <stringconstants candidates="15061" cleared="0"  />
</gc-op>
<gc-op id="3848" type="classunload" timems="0.011" contextid="3844" timestamp="2019-08-11T05:39:27.870">
  <classunload-info classloadercandidates="55" classloadersunloaded="0" classesunloaded="0" anonymousclassesunloaded="0" quiescems="0.000" setupms="0.011" scanms="0.000" postms="0.000" />
</gc-op>
<heap-resize id="3849" type="expand" space="default" amount="4194304" count="1" timems="0.056" reason="excessive time being spent in gc" timestamp="2019-08-11T05:39:27.870" />
<gc-end id="3850" type="partial gc" contextid="3844" durationms="73.975" usertimems="77.648" systemtimems="55.451" timestamp="2019-08-11T05:39:27.871" activeThreads="16">
  <mem-info id="3851" free="113246208" total="188743680" percent="60">
    <mem type="eden" free="3013712" total="4194304" percent="71" />
    <remembered-set count="32832" freebytes="7414272" totalbytes="7545600" percent="98" regionsoverflowed="0" regionsstable="8" regionsrebuilding="0"/>
  </mem-info>
</gc-end>
<cycle-end id="3852" type="partial gc" contextid="3844" timestamp="2019-08-11T05:39:27.871" />
  <attribute name="elasticGC enabled" value="1" />
  <attribute name= "numThreadsSpecified" value="16" />
  <attribute name="heapSize specified" value="0" />
  <attribute name="Current GC Util" value="39" />
  <attribute name= "Current Time Running" value="149684" />
  <attribute name ="GC Interval" value="0" />
  <attribute name="ProportionalT" value="-20.500000" />
  <attribute name="ProportionalI" value="-20.500000" />
  <attribute name="ProportionalH" value="-20.500000" />
  <attribute name="Current Error" value="-41.000000" />
  <attribute name="IntegralT" value="-41.000000" />
  <attribute name="IntegralI" value="-41.000000" />
  <attribute name="IntegralH" value="-41.000000" />
  <attribute name="DerivativeT" value="-20.500000" />
  <attribute name="DerivativeI" value="-20.500000" />
  <attribute name="DerivativeH" value="-20.500000" />
  <attribute name="Loop Time for DT" value="2.000000" />
  <attribute name="Output H" value="4202627072"/>
  <attribute name="Output I" value="200"/>
  <attribute name="Output T" value="16"/>
  <attribute name="Target GC Util Change" value ="80.000000" />
  <attribute name="Current GC Util Change" value="39.000000"/>
  <attribute name="GC Util currently" value="39" />
  <attribute name="CPU Util currently" value="589847602350" />
<exclusive-end id="3853" timestamp="2019-08-11T05:39:27.871" durationms="75.531" />

<exclusive-start id="3854" timestamp="2019-08-11T05:39:28.059" intervalms="262.674">
  <response-info timems="10.534" idlems="10.534" threads="0" lastid="0000000002685700" lastname="Thread-28" />
</exclusive-start>
<allocation-taxation id="3855" taxation-threshold="54525952" timestamp="2019-08-11T05:39:28.059" intervalms="262.657" />
<cycle-start id="3856" type="partial gc" contextid="0" timestamp="2019-08-11T05:39:28.059" intervalms="262.696" />
<gc-start id="3857" type="partial gc" contextid="3856" timestamp="2019-08-11T05:39:28.059">
  <mem-info id="3858" free="58720256" total="188743680" percent="31">
    <mem type="eden" free="0" total="54525952" percent="0" />
    <remembered-set count="32832" freebytes="7414272" totalbytes="7545600" percent="98" regionsoverflowed="0" regionsstable="8" regionsrebuilding="0"/>
  </mem-info>
</gc-start>
<allocation-stats totalBytes="54515440" >
  <allocated-bytes non-tlh="0" tlh="54515440" arrayletleaf="0"/>
  <largest-consumer threadName="Thread-23" threadId="00000000026CCE00" bytes="5499960" />
</allocation-stats>
<gc-op id="3859" type="copy forward" timems="31.777" contextid="3856" timestamp="2019-08-11T05:39:28.095">
  <memory-copied type="eden" objects="19556" bytes="611600" bytesdiscarded="69504" />
  <memory-copied type="other" objects="28486" bytes="1117208" bytesdiscarded="85472" />
  <memory-cardclean objects="27277" bytes="1347376" />
  <regions eden="26" other="3" />
  <remembered-set-cleared processed="22410" cleared="2796" durationms="3.802" />
  <stringconstants candidates="15061" cleared="0"  />
</gc-op>
<gc-op id="3860" type="classunload" timems="0.017" contextid="3856" timestamp="2019-08-11T05:39:28.095">
  <classunload-info classloadercandidates="55" classloadersunloaded="0" classesunloaded="0" anonymousclassesunloaded="0" quiescems="0.000" setupms="0.017" scanms="0.000" postms="0.000" />
</gc-op>
<gc-end id="3861" type="partial gc" contextid="3856" durationms="36.132" usertimems="30.622" systemtimems="19.881" timestamp="2019-08-11T05:39:28.095" activeThreads="16">
  <mem-info id="3862" free="113246208" total="188743680" percent="60">
    <mem type="eden" free="1416048" total="2097152" percent="67" />
    <remembered-set count="36064" freebytes="7401344" totalbytes="7545600" percent="98" regionsoverflowed="0" regionsstable="8" regionsrebuilding="0"/>
  </mem-info>
</gc-end>
<cycle-end id="3863" type="partial gc" contextid="3856" timestamp="2019-08-11T05:39:28.095" />
  <attribute name="elasticGC enabled" value="1" />
  <attribute name= "numThreadsSpecified" value="16" />
  <attribute name="heapSize specified" value="0" />
  <attribute name="Current GC Util" value="44" />
  <attribute name= "Current Time Running" value="149948" />
  <attribute name ="GC Interval" value="0" />
  <attribute name="ProportionalT" value="-18.000000" />
  <attribute name="ProportionalI" value="-18.000000" />
  <attribute name="ProportionalH" value="-18.000000" />
  <attribute name="Current Error" value="-36.000000" />
  <attribute name="IntegralT" value="-72.000000" />
  <attribute name="IntegralI" value="-72.000000" />
  <attribute name="IntegralH" value="-72.000000" />
  <attribute name="DerivativeT" value="-9.000000" />
  <attribute name="DerivativeI" value="-9.000000" />
  <attribute name="DerivativeH" value="-9.000000" />
  <attribute name="Loop Time for DT" value="4.000000" />
  <attribute name="Output H" value="4202627072"/>
  <attribute name="Output I" value="200"/>
  <attribute name="Output T" value="16"/>
  <attribute name="Target GC Util Change" value ="80.000000" />
  <attribute name="Current GC Util Change" value="44.000000"/>
  <attribute name="GC Util currently" value="44" />
  <attribute name="CPU Util currently" value="310944629968" />
<exclusive-end id="3864" timestamp="2019-08-11T05:39:28.096" durationms="36.939" />

<exclusive-start id="3865" timestamp="2019-08-11T05:39:28.314" intervalms="255.282">
  <response-info timems="5.650" idlems="2.549" threads="3" lastid="00000000026A7200" lastname="Thread-27" />
</exclusive-start>
<allocation-taxation id="3866" taxation-threshold="54525952" timestamp="2019-08-11T05:39:28.314" intervalms="255.288" />
<cycle-start id="3867" type="partial gc" contextid="0" timestamp="2019-08-11T05:39:28.314" intervalms="255.208" />
<gc-start id="3868" type="partial gc" contextid="3867" timestamp="2019-08-11T05:39:28.314">
  <mem-info id="3869" free="58720256" total="188743680" percent="31">
    <mem type="eden" free="0" total="54525952" percent="0" />
    <remembered-set count="35648" freebytes="7403008" totalbytes="7545600" percent="98" regionsoverflowed="0" regionsstable="8" regionsrebuilding="0"/>
  </mem-info>
</gc-start>
<allocation-stats totalBytes="54515896" >
  <allocated-bytes non-tlh="0" tlh="54515896" arrayletleaf="0"/>
  <largest-consumer threadName="Thread-26" threadId="0000000002689300" bytes="6466392" />
</allocation-stats>
<gc-op id="3870" type="copy forward" timems="29.554" contextid="3867" timestamp="2019-08-11T05:39:28.346">
  <memory-copied type="eden" objects="25986" bytes="903376" bytesdiscarded="70000" />
  <memory-copied type="other" objects="51832" bytes="1373320" bytesdiscarded="84400" />
  <memory-cardclean objects="41998" bytes="2163480" />
  <regions eden="26" other="3" />
  <remembered-set-cleared processed="23362" cleared="4514" durationms="0.195" />
  <references type="weak" candidates="3" cleared="0" enqueued="0" />
  <stringconstants candidates="15061" cleared="0"  />
</gc-op>
<gc-op id="3871" type="classunload" timems="0.020" contextid="3867" timestamp="2019-08-11T05:39:28.346">
  <classunload-info classloadercandidates="55" classloadersunloaded="0" classesunloaded="0" anonymousclassesunloaded="0" quiescems="0.000" setupms="0.020" scanms="0.000" postms="0.000" />
</gc-op>
<heap-resize id="3872" type="expand" space="default" amount="6291456" count="1" timems="0.073" reason="excessive time being spent in gc" timestamp="2019-08-11T05:39:28.346" />
<gc-end id="3873" type="partial gc" contextid="3867" durationms="31.835" usertimems="61.801" systemtimems="23.191" timestamp="2019-08-11T05:39:28.346" activeThreads="16">
  <mem-info id="3874" free="117440512" total="195035136" percent="60">
    <mem type="eden" free="1123776" total="2097152" percent="53" />
    <remembered-set count="36896" freebytes="7649536" totalbytes="7797120" percent="98" regionsoverflowed="0" regionsstable="8" regionsrebuilding="0"/>
  </mem-info>
</gc-end>
<cycle-end id="3875" type="partial gc" contextid="3867" timestamp="2019-08-11T05:39:28.346" />
  <attribute name="elasticGC enabled" value="1" />
  <attribute name= "numThreadsSpecified" value="16" />
  <attribute name="heapSize specified" value="0" />
  <attribute name="Current GC Util" value="57" />
  <attribute name= "Current Time Running" value="150201" />
  <attribute name ="GC Interval" value="0" />
  <attribute name="ProportionalT" value="-11.500000" />
  <attribute name="ProportionalI" value="-11.500000" />
  <attribute name="ProportionalH" value="-11.500000" />
  <attribute name="Current Error" value="-23.000000" />
  <attribute name="IntegralT" value="-11.500000" />
  <attribute name="IntegralI" value="-11.500000" />
  <attribute name="IntegralH" value="-11.500000" />
  <attribute name="DerivativeT" value="-23.000000" />
  <attribute name="DerivativeI" value="-23.000000" />
  <attribute name="DerivativeH" value="-23.000000" />
  <attribute name="Loop Time for DT" value="1.000000" />
  <attribute name="Output H" value="4202627072"/>
  <attribute name="Output I" value="200"/>
  <attribute name="Output T" value="16"/>
  <attribute name="Target GC Util Change" value ="80.000000" />
  <attribute name="Current GC Util Change" value="57.000000"/>
  <attribute name="GC Util currently" value="57" />
  <attribute name="CPU Util currently" value="819516069763" />
<exclusive-end id="3876" timestamp="2019-08-11T05:39:28.346" durationms="32.546" />

<exclusive-start id="3877" timestamp="2019-08-11T05:39:28.501" intervalms="186.983">
  <response-info timems="4.981" idlems="4.981" threads="0" lastid="000000000269FB00" lastname="Thread-34" />
</exclusive-start>
<allocation-taxation id="3878" taxation-threshold="56623104" timestamp="2019-08-11T05:39:28.501" intervalms="186.992" />
<cycle-start id="3879" type="partial gc" contextid="0" timestamp="2019-08-11T05:39:28.501" intervalms="186.990" />
<gc-start id="3880" type="partial gc" contextid="3879" timestamp="2019-08-11T05:39:28.501">
  <mem-info id="3881" free="60817408" total="195035136" percent="31">
    <mem type="eden" free="0" total="56623104" percent="0" />
    <remembered-set count="36896" freebytes="7649536" totalbytes="7797120" percent="98" regionsoverflowed="0" regionsstable="8" regionsrebuilding="0"/>
  </mem-info>
</gc-start>
<allocation-stats totalBytes="56612984" >
  <allocated-bytes non-tlh="0" tlh="56612984" arrayletleaf="0"/>
  <largest-consumer threadName="Thread-25" threadId="0000000002698300" bytes="7138120" />
</allocation-stats>
<gc-op id="3882" type="copy forward" timems="21.491" contextid="3879" timestamp="2019-08-11T05:39:28.524">
  <memory-copied type="eden" objects="32815" bytes="1205320" bytesdiscarded="57672" />
  <memory-copied type="other" objects="37013" bytes="1966152" bytesdiscarded="251904" />
  <memory-cardclean objects="30803" bytes="1586336" />
  <regions eden="27" other="3" />
  <remembered-set-cleared processed="26344" cleared="4672" durationms="0.240" />
  <references type="soft" candidates="12" cleared="0" enqueued="0" dynamicThreshold="19" maxThreshold="32" />
  <references type="weak" candidates="12" cleared="0" enqueued="0" />
  <stringconstants candidates="15061" cleared="0"  />
</gc-op>
<gc-op id="3883" type="classunload" timems="0.015" contextid="3879" timestamp="2019-08-11T05:39:28.524">
  <classunload-info classloadercandidates="55" classloadersunloaded="0" classesunloaded="0" anonymousclassesunloaded="0" quiescems="0.000" setupms="0.015" scanms="0.000" postms="0.000" />
</gc-op>
<gc-end id="3884" type="partial gc" contextid="3879" durationms="22.813" usertimems="46.655" systemtimems="15.358" timestamp="2019-08-11T05:39:28.524" activeThreads="16">
  <mem-info id="3885" free="117440512" total="195035136" percent="60">
    <mem type="eden" free="834160" total="2097152" percent="39" />
    <remembered-set count="38432" freebytes="7643392" totalbytes="7797120" percent="98" regionsoverflowed="0" regionsstable="8" regionsrebuilding="0"/>
  </mem-info>
</gc-end>
<cycle-end id="3886" type="partial gc" contextid="3879" timestamp="2019-08-11T05:39:28.524" />
  <attribute name="elasticGC enabled" value="1" />
  <attribute name= "numThreadsSpecified" value="16" />
  <attribute name="heapSize specified" value="0" />
  <attribute name="Current GC Util" value="101" />
  <attribute name= "Current Time Running" value="150387" />
  <attribute name ="GC Interval" value="0" />
  <attribute name="ProportionalT" value="10.500000" />
  <attribute name="ProportionalI" value="10.500000" />
  <attribute name="ProportionalH" value="10.500000" />
  <attribute name="Current Error" value="21.000000" />
  <attribute name="IntegralT" value="10.500000" />
  <attribute name="IntegralI" value="10.500000" />
  <attribute name="IntegralH" value="10.500000" />
  <attribute name="DerivativeT" value="21.000000" />
  <attribute name="DerivativeI" value="21.000000" />
  <attribute name="DerivativeH" value="21.000000" />
  <attribute name="Loop Time for DT" value="1.000000" />
  <attribute name="Output H" value="8388608"/>
  <attribute name="Output I" value="200"/>
  <attribute name="Output T" value="16"/>
  <attribute name="Target GC Util Change" value ="80.000000" />
  <attribute name="Current GC Util Change" value="101.000000"/>
  <attribute name="GC Util currently" value="101" />
  <attribute name="CPU Util currently" value="1826829816011" />
<exclusive-end id="3887" timestamp="2019-08-11T05:39:28.525" durationms="24.091" />

<exclusive-start id="3888" timestamp="2019-08-11T05:39:28.610" intervalms="109.559">
  <response-info timems="3.813" idlems="3.813" threads="0" lastid="00000000026DBD00" lastname="Thread-24" />
</exclusive-start>
<allocation-taxation id="3889" taxation-threshold="56623104" timestamp="2019-08-11T05:39:28.611" intervalms="109.541" />
<cycle-start id="3890" type="partial gc" contextid="0" timestamp="2019-08-11T05:39:28.611" intervalms="109.530" />
<gc-start id="3891" type="partial gc" contextid="3890" timestamp="2019-08-11T05:39:28.611">
  <mem-info id="3892" free="60817408" total="195035136" percent="31">
    <mem type="eden" free="0" total="56623104" percent="0" />
    <remembered-set count="38336" freebytes="7643776" totalbytes="7797120" percent="98" regionsoverflowed="0" regionsstable="8" regionsrebuilding="0"/>
  </mem-info>
</gc-start>
<allocation-stats totalBytes="56612736" >
  <allocated-bytes non-tlh="0" tlh="56612736" arrayletleaf="0"/>
  <largest-consumer threadName="Thread-26" threadId="0000000002689300" bytes="6572920" />
</allocation-stats>
<gc-op id="3893" type="copy forward" timems="9.013" contextid="3890" timestamp="2019-08-11T05:39:28.623">
  <memory-copied type="eden" objects="37149" bytes="1446424" bytesdiscarded="87472" />
  <memory-copied type="other" objects="32591" bytes="1194312" bytesdiscarded="87760" />
  <memory-cardclean objects="28433" bytes="1433720" />
  <regions eden="27" other="2" />
  <remembered-set-cleared processed="26674" cleared="4356" durationms="0.362" />
  <stringconstants candidates="15061" cleared="0"  />
</gc-op>
<gc-op id="3894" type="classunload" timems="0.011" contextid="3890" timestamp="2019-08-11T05:39:28.623">
  <classunload-info classloadercandidates="55" classloadersunloaded="0" classesunloaded="0" anonymousclassesunloaded="0" quiescems="0.000" setupms="0.010" scanms="0.000" postms="0.000" />
</gc-op>
<heap-resize id="3895" type="expand" space="default" amount="10485760" count="1" timems="0.064" reason="excessive time being spent in gc" timestamp="2019-08-11T05:39:28.623" />
<gc-end id="3896" type="partial gc" contextid="3890" durationms="11.854" usertimems="18.349" systemtimems="8.448" timestamp="2019-08-11T05:39:28.623" activeThreads="16">
  <mem-info id="3897" free="123731968" total="205520896" percent="60">
    <mem type="eden" free="2660408" total="4194304" percent="63" />
    <remembered-set count="39712" freebytes="8057472" totalbytes="8216320" percent="98" regionsoverflowed="0" regionsstable="8" regionsrebuilding="0"/>
  </mem-info>
</gc-end>
<cycle-end id="3898" type="partial gc" contextid="3890" timestamp="2019-08-11T05:39:28.623" />
  <attribute name="elasticGC enabled" value="1" />
  <attribute name= "numThreadsSpecified" value="16" />
  <attribute name="heapSize specified" value="0" />
  <attribute name="Current GC Util" value="92" />
  <attribute name= "Current Time Running" value="150499" />
  <attribute name ="GC Interval" value="0" />
  <attribute name="ProportionalT" value="6.000000" />
  <attribute name="ProportionalI" value="6.000000" />
  <attribute name="ProportionalH" value="6.000000" />
  <attribute name="Current Error" value="12.000000" />
  <attribute name="IntegralT" value="12.000000" />
  <attribute name="IntegralI" value="12.000000" />
  <attribute name="IntegralH" value="12.000000" />
  <attribute name="DerivativeT" value="6.000000" />
  <attribute name="DerivativeI" value="6.000000" />
  <attribute name="DerivativeH" value="6.000000" />
  <attribute name="Loop Time for DT" value="2.000000" />
  <attribute name="Output H" value="8388608"/>
  <attribute name="Output I" value="200"/>
  <attribute name="Output T" value="16"/>
  <attribute name="Target GC Util Change" value ="80.000000" />
  <attribute name="Current GC Util Change" value="92.000000"/>
  <attribute name="GC Util currently" value="92" />
  <attribute name="CPU Util currently" value="1080693294407" />
<exclusive-end id="3899" timestamp="2019-08-11T05:39:28.623" durationms="12.936" />

<exclusive-start id="3900" timestamp="2019-08-11T05:39:28.680" intervalms="69.112">
  <response-info timems="1.957" idlems="1.957" threads="0" lastid="0000000002690B00" lastname="Thread-33" />
</exclusive-start>
<allocation-taxation id="3901" taxation-threshold="58720256" timestamp="2019-08-11T05:39:28.680" intervalms="69.102" />
<cycle-start id="3902" type="partial gc" contextid="0" timestamp="2019-08-11T05:39:28.680" intervalms="69.154" />
<gc-start id="3903" type="partial gc" contextid="3902" timestamp="2019-08-11T05:39:28.680">
  <mem-info id="3904" free="65011712" total="205520896" percent="31">
    <mem type="eden" free="0" total="58720256" percent="0" />
    <remembered-set count="39680" freebytes="8057600" totalbytes="8216320" percent="98" regionsoverflowed="0" regionsstable="8" regionsrebuilding="0"/>
  </mem-info>
</gc-start>
<allocation-stats totalBytes="58709232" >
  <allocated-bytes non-tlh="0" tlh="58709232" arrayletleaf="0"/>
  <largest-consumer threadName="Thread-25" threadId="0000000002698300" bytes="5909472" />
</allocation-stats>
<gc-op id="3905" type="copy forward" timems="8.357" contextid="3902" timestamp="2019-08-11T05:39:28.689">
  <memory-copied type="eden" objects="19512" bytes="748240" bytesdiscarded="88472" />
  <memory-copied type="other" objects="44242" bytes="1748688" bytesdiscarded="113136" />
  <memory-cardclean objects="34465" bytes="1718544" />
  <regions eden="28" other="4" />
  <remembered-set-cleared processed="27055" cleared="6829" durationms="0.343" />
  <stringconstants candidates="15061" cleared="0"  />
</gc-op>
<gc-op id="3906" type="classunload" timems="0.011" contextid="3902" timestamp="2019-08-11T05:39:28.689">
  <classunload-info classloadercandidates="55" classloadersunloaded="0" classesunloaded="0" anonymousclassesunloaded="0" quiescems="0.000" setupms="0.011" scanms="0.000" postms="0.000" />
</gc-op>
<gc-end id="3907" type="partial gc" contextid="3902" durationms="9.552" usertimems="23.479" systemtimems="6.274" timestamp="2019-08-11T05:39:28.690" activeThreads="16">
  <mem-info id="3908" free="123731968" total="205520896" percent="60">
    <mem type="eden" free="1260440" total="2097152" percent="60" />
    <remembered-set count="39168" freebytes="8059648" totalbytes="8216320" percent="98" regionsoverflowed="0" regionsstable="8" regionsrebuilding="0"/>
  </mem-info>
</gc-end>
<cycle-end id="3909" type="partial gc" contextid="3902" timestamp="2019-08-11T05:39:28.690" />
  <attribute name="elasticGC enabled" value="1" />
  <attribute name= "numThreadsSpecified" value="16" />
  <attribute name="heapSize specified" value="0" />
  <attribute name="Current GC Util" value="118" />
  <attribute name= "Current Time Running" value="150566" />
  <attribute name ="GC Interval" value="0" />
  <attribute name="ProportionalT" value="19.000000" />
  <attribute name="ProportionalI" value="19.000000" />
  <attribute name="ProportionalH" value="19.000000" />
  <attribute name="Current Error" value="38.000000" />
  <attribute name="IntegralT" value="19.000000" />
  <attribute name="IntegralI" value="19.000000" />
  <attribute name="IntegralH" value="19.000000" />
  <attribute name="DerivativeT" value="38.000000" />
  <attribute name="DerivativeI" value="38.000000" />
  <attribute name="DerivativeH" value="38.000000" />
  <attribute name="Loop Time for DT" value="1.000000" />
  <attribute name="Output H" value="8388608"/>
  <attribute name="Output I" value="200"/>
  <attribute name="Output T" value="16"/>
  <attribute name="Target GC Util Change" value ="80.000000" />
  <attribute name="Current GC Util Change" value="118.000000"/>
  <attribute name="GC Util currently" value="118" />
  <attribute name="CPU Util currently" value="2122380082082" />
<exclusive-end id="3910" timestamp="2019-08-11T05:39:28.690" durationms="10.400" />

<exclusive-start id="3911" timestamp="2019-08-11T05:39:28.721" intervalms="41.085">
  <response-info timems="2.700" idlems="2.700" threads="0" lastid="000000000269FB00" lastname="Thread-34" />
</exclusive-start>
<allocation-taxation id="3912" taxation-threshold="58720256" timestamp="2019-08-11T05:39:28.721" intervalms="41.274" />
<cycle-start id="3913" type="partial gc" contextid="0" timestamp="2019-08-11T05:39:28.721" intervalms="41.311" />
<gc-start id="3914" type="partial gc" contextid="3913" timestamp="2019-08-11T05:39:28.721">
  <mem-info id="3915" free="65011712" total="205520896" percent="31">
    <mem type="eden" free="0" total="58720256" percent="0" />
    <remembered-set count="39072" freebytes="8060032" totalbytes="8216320" percent="98" regionsoverflowed="0" regionsstable="8" regionsrebuilding="0"/>
  </mem-info>
</gc-start>
<allocation-stats totalBytes="58709600" >
  <allocated-bytes non-tlh="0" tlh="58709600" arrayletleaf="0"/>
  <largest-consumer threadName="Thread-26" threadId="0000000002689300" bytes="6036264" />
</allocation-stats>
<gc-op id="3916" type="copy forward" timems="11.617" contextid="3913" timestamp="2019-08-11T05:39:28.734">
  <memory-copied type="eden" objects="8973" bytes="358352" bytesdiscarded="0" />
  <memory-copied type="other" objects="29760" bytes="1940648" bytesdiscarded="360" />
  <memory-cardclean objects="55260" bytes="2809784" />
  <regions eden="28" other="5" />
  <remembered-set-cleared processed="22439" cleared="12691" durationms="1.180" />
  <references type="soft" candidates="3" cleared="0" enqueued="0" dynamicThreshold="19" maxThreshold="32" />
  <references type="weak" candidates="1" cleared="0" enqueued="0" />
  <references type="phantom" candidates="2" cleared="0" enqueued="0" />
  <stringconstants candidates="15061" cleared="0"  />
</gc-op>
<gc-op id="3917" type="classunload" timems="0.010" contextid="3913" timestamp="2019-08-11T05:39:28.734">
  <classunload-info classloadercandidates="55" classloadersunloaded="0" classesunloaded="0" anonymousclassesunloaded="0" quiescems="0.000" setupms="0.010" scanms="0.000" postms="0.000" />
</gc-op>
<gc-end id="3918" type="partial gc" contextid="3913" durationms="12.913" usertimems="14.648" systemtimems="2.049" timestamp="2019-08-11T05:39:28.734" activeThreads="1">
  <mem-info id="3919" free="125829120" total="205520896" percent="61">
    <mem type="eden" free="1738800" total="2097152" percent="82" />
    <remembered-set count="36448" freebytes="8070528" totalbytes="8216320" percent="98" regionsoverflowed="0" regionsstable="8" regionsrebuilding="0"/>
  </mem-info>
</gc-end>
<cycle-end id="3920" type="partial gc" contextid="3913" timestamp="2019-08-11T05:39:28.734" />
  <attribute name="elasticGC enabled" value="1" />
  <attribute name= "numThreadsSpecified" value="1" />
  <attribute name="heapSize specified" value="0" />
  <attribute name="Current GC Util" value="97" />
  <attribute name= "Current Time Running" value="150607" />
  <attribute name ="GC Interval" value="0" />
  <attribute name="ProportionalT" value="8.500000" />
  <attribute name="ProportionalI" value="8.500000" />
  <attribute name="ProportionalH" value="8.500000" />
  <attribute name="Current Error" value="17.000000" />
  <attribute name="IntegralT" value="0.000000" />
  <attribute name="IntegralI" value="0.000000" />
  <attribute name="IntegralH" value="0.000000" />
  <attribute name="DerivativeT" value="inf" />
  <attribute name="DerivativeI" value="inf" />
  <attribute name="DerivativeH" value="inf" />
  <attribute name="Loop Time for DT" value="0.000000" />
  <attribute name="Output H" value="8388608"/>
  <attribute name="Output I" value="200"/>
  <attribute name="Output T" value="1"/>
  <attribute name="Target GC Util Change" value ="80.000000" />
  <attribute name="Current GC Util Change" value="97.000000"/>
  <attribute name="GC Util currently" value="97" />
  <attribute name="CPU Util currently" value="1961127615259" />
<exclusive-end id="3921" timestamp="2019-08-11T05:39:28.735" durationms="14.100" />

<exclusive-start id="3922" timestamp="2019-08-11T05:39:28.769" intervalms="48.225">
  <response-info timems="1.076" idlems="1.076" threads="0" lastid="000000000269BF00" lastname="Thread-21" />
</exclusive-start>
<allocation-taxation id="3923" taxation-threshold="58720256" timestamp="2019-08-11T05:39:28.769" intervalms="48.049" />
<cycle-start id="3924" type="partial gc" contextid="0" timestamp="2019-08-11T05:39:28.769" intervalms="47.991" />
<gc-start id="3925" type="partial gc" contextid="3924" timestamp="2019-08-11T05:39:28.769">
  <mem-info id="3926" free="67108864" total="205520896" percent="32">
    <mem type="eden" free="0" total="58720256" percent="0" />
    <remembered-set count="36320" freebytes="8071040" totalbytes="8216320" percent="98" regionsoverflowed="0" regionsstable="8" regionsrebuilding="0"/>
  </mem-info>
</gc-start>
<allocation-stats totalBytes="58709088" >
  <allocated-bytes non-tlh="0" tlh="58709088" arrayletleaf="0"/>
  <largest-consumer threadName="Thread-24" threadId="00000000026DBD00" bytes="6073208" />
</allocation-stats>
<gc-op id="3927" type="copy forward" timems="9.846" contextid="3924" timestamp="2019-08-11T05:39:28.780">
  <memory-copied type="eden" objects="10674" bytes="399144" bytesdiscarded="0" />
  <memory-copied type="other" objects="22351" bytes="948552" bytesdiscarded="0" />
  <memory-cardclean objects="21397" bytes="1092584" />
  <regions eden="28" other="3" />
  <remembered-set-cleared processed="25836" cleared="7489" durationms="0.833" />
  <stringconstants candidates="15061" cleared="0"  />
</gc-op>
<gc-op id="3928" type="classunload" timems="0.014" contextid="3924" timestamp="2019-08-11T05:39:28.780">
  <classunload-info classloadercandidates="55" classloadersunloaded="0" classesunloaded="0" anonymousclassesunloaded="0" quiescems="0.000" setupms="0.014" scanms="0.000" postms="0.000" />
</gc-op>
<gc-end id="3929" type="partial gc" contextid="3924" durationms="11.038" usertimems="15.194" systemtimems="0.000" timestamp="2019-08-11T05:39:28.780" activeThreads="1">
  <mem-info id="3930" free="123731968" total="205520896" percent="60">
    <mem type="eden" free="1698008" total="2097152" percent="80" />
    <remembered-set count="37152" freebytes="8067712" totalbytes="8216320" percent="98" regionsoverflowed="0" regionsstable="8" regionsrebuilding="0"/>
  </mem-info>
</gc-end>
<cycle-end id="3931" type="partial gc" contextid="3924" timestamp="2019-08-11T05:39:28.780" />
  <attribute name="elasticGC enabled" value="1" />
  <attribute name= "numThreadsSpecified" value="1" />
  <attribute name="heapSize specified" value="0" />
  <attribute name="Current GC Util" value="156" />
  <attribute name= "Current Time Running" value="150655" />
  <attribute name ="GC Interval" value="0" />
  <attribute name="ProportionalT" value="38.000000" />
  <attribute name="ProportionalI" value="38.000000" />
  <attribute name="ProportionalH" value="38.000000" />
  <attribute name="Current Error" value="76.000000" />
  <attribute name="IntegralT" value="0.000000" />
  <attribute name="IntegralI" value="0.000000" />
  <attribute name="IntegralH" value="0.000000" />
  <attribute name="DerivativeT" value="inf" />
  <attribute name="DerivativeI" value="inf" />
  <attribute name="DerivativeH" value="inf" />
  <attribute name="Loop Time for DT" value="0.000000" />
  <attribute name="Output H" value="8388608"/>
  <attribute name="Output I" value="200"/>
  <attribute name="Output T" value="1"/>
  <attribute name="Target GC Util Change" value ="80.000000" />
  <attribute name="Current GC Util Change" value="156.000000"/>
  <attribute name="GC Util currently" value="156" />
  <attribute name="CPU Util currently" value="2332394843566" />
<exclusive-end id="3932" timestamp="2019-08-11T05:39:28.781" durationms="11.728" />

<exclusive-start id="3933" timestamp="2019-08-11T05:39:28.828" intervalms="58.760">
  <response-info timems="7.956" idlems="4.301" threads="1" lastid="0000000002689300" lastname="Thread-26" />
</exclusive-start>
<allocation-taxation id="3934" taxation-threshold="58720256" timestamp="2019-08-11T05:39:28.828" intervalms="58.797" />
<cycle-start id="3935" type="partial gc" contextid="0" timestamp="2019-08-11T05:39:28.828" intervalms="58.882" />
<gc-start id="3936" type="partial gc" contextid="3935" timestamp="2019-08-11T05:39:28.828">
  <mem-info id="3937" free="65011712" total="205520896" percent="31">
    <mem type="eden" free="0" total="58720256" percent="0" />
    <remembered-set count="37088" freebytes="8067968" totalbytes="8216320" percent="98" regionsoverflowed="0" regionsstable="8" regionsrebuilding="0"/>
  </mem-info>
</gc-start>
<allocation-stats totalBytes="58709224" >
  <allocated-bytes non-tlh="0" tlh="58709224" arrayletleaf="0"/>
  <largest-consumer threadName="Thread-28" threadId="0000000002685700" bytes="5876704" />
</allocation-stats>
<gc-op id="3938" type="copy forward" timems="15.507" contextid="3935" timestamp="2019-08-11T05:39:28.846">
  <memory-copied type="eden" objects="10220" bytes="387432" bytesdiscarded="48488" />
  <memory-copied type="other" objects="20295" bytes="899208" bytesdiscarded="53624" />
  <memory-cardclean objects="15800" bytes="827720" />
  <regions eden="28" other="3" />
  <remembered-set-cleared processed="26189" cleared="10388" durationms="0.243" />
  <stringconstants candidates="15061" cleared="0"  />
</gc-op>
<gc-op id="3939" type="classunload" timems="0.013" contextid="3935" timestamp="2019-08-11T05:39:28.846">
  <classunload-info classloadercandidates="55" classloadersunloaded="0" classesunloaded="0" anonymousclassesunloaded="0" quiescems="0.000" setupms="0.013" scanms="0.000" postms="0.000" />
</gc-op>
<heap-resize id="3940" type="expand" space="default" amount="4194304" count="1" timems="0.199" reason="excessive time being spent in gc" timestamp="2019-08-11T05:39:28.846" />
<gc-end id="3941" type="partial gc" contextid="3935" durationms="17.751" usertimems="34.683" systemtimems="16.605" timestamp="2019-08-11T05:39:28.846" activeThreads="16">
  <mem-info id="3942" free="125829120" total="209715200" percent="60">
    <mem type="eden" free="1661232" total="2097152" percent="79" />
    <remembered-set count="31872" freebytes="8256512" totalbytes="8384000" percent="98" regionsoverflowed="0" regionsstable="8" regionsrebuilding="0"/>
  </mem-info>
</gc-end>
<cycle-end id="3943" type="partial gc" contextid="3935" timestamp="2019-08-11T05:39:28.846" />
  <attribute name="elasticGC enabled" value="1" />
  <attribute name= "numThreadsSpecified" value="16" />
  <attribute name="heapSize specified" value="0" />
  <attribute name="Current GC Util" value="59" />
  <attribute name= "Current Time Running" value="150715" />
  <attribute name ="GC Interval" value="0" />
  <attribute name="ProportionalT" value="-10.500000" />
  <attribute name="ProportionalI" value="-10.500000" />
  <attribute name="ProportionalH" value="-10.500000" />
  <attribute name="Current Error" value="-21.000000" />
  <attribute name="IntegralT" value="-21.000000" />
  <attribute name="IntegralI" value="-21.000000" />
  <attribute name="IntegralH" value="-21.000000" />
  <attribute name="DerivativeT" value="-10.500000" />
  <attribute name="DerivativeI" value="-10.500000" />
  <attribute name="DerivativeH" value="-10.500000" />
  <attribute name="Loop Time for DT" value="2.000000" />
  <attribute name="Output H" value="4202627072"/>
  <attribute name="Output I" value="200"/>
  <attribute name="Output T" value="16"/>
  <attribute name="Target GC Util Change" value ="80.000000" />
  <attribute name="Current GC Util Change" value="59.000000"/>
  <attribute name="GC Util currently" value="59" />
  <attribute name="CPU Util currently" value="762996597266" />
<exclusive-end id="3944" timestamp="2019-08-11T05:39:28.846" durationms="18.520" />

<exclusive-start id="3945" timestamp="2019-08-11T05:39:28.884" intervalms="56.293">
  <response-info timems="4.015" idlems="4.015" threads="0" lastid="00000000026CCE00" lastname="Thread-23" />
</exclusive-start>
<allocation-taxation id="3946" taxation-threshold="58720256" timestamp="2019-08-11T05:39:28.884" intervalms="56.266" />
<cycle-start id="3947" type="partial gc" contextid="0" timestamp="2019-08-11T05:39:28.884" intervalms="56.148" />
<gc-start id="3948" type="partial gc" contextid="3947" timestamp="2019-08-11T05:39:28.884">
  <mem-info id="3949" free="67108864" total="209715200" percent="32">
    <mem type="eden" free="0" total="58720256" percent="0" />
    <remembered-set count="31488" freebytes="8258048" totalbytes="8384000" percent="98" regionsoverflowed="0" regionsstable="8" regionsrebuilding="0"/>
  </mem-info>
</gc-start>
<allocation-stats totalBytes="58709440" >
  <allocated-bytes non-tlh="0" tlh="58709440" arrayletleaf="0"/>
  <largest-consumer threadName="Thread-36" threadId="00000000026BDE00" bytes="7858912" />
</allocation-stats>
<gc-op id="3950" type="copy forward" timems="18.977" contextid="3947" timestamp="2019-08-11T05:39:28.905">
  <memory-copied type="eden" objects="19254" bytes="741984" bytesdiscarded="26064" />
  <memory-copied type="other" objects="16244" bytes="527232" bytesdiscarded="44272" />
  <memory-cardclean objects="28206" bytes="1430432" />
  <regions eden="28" other="3" />
  <remembered-set-cleared processed="20798" cleared="9862" durationms="0.192" />
  <stringconstants candidates="15061" cleared="0"  />
</gc-op>
<gc-op id="3951" type="classunload" timems="0.011" contextid="3947" timestamp="2019-08-11T05:39:28.905">
  <classunload-info classloadercandidates="55" classloadersunloaded="0" classesunloaded="0" anonymousclassesunloaded="0" quiescems="0.000" setupms="0.011" scanms="0.000" postms="0.000" />
</gc-op>
<heap-resize id="3952" type="expand" space="default" amount="6291456" count="1" timems="0.057" reason="excessive time being spent in gc" timestamp="2019-08-11T05:39:28.905" />
<gc-end id="3953" type="partial gc" contextid="3947" durationms="20.980" usertimems="15.038" systemtimems="10.300" timestamp="2019-08-11T05:39:28.905" activeThreads="16">
  <mem-info id="3954" free="130023424" total="216006656" percent="60">
    <mem type="eden" free="1329104" total="2097152" percent="63" />
    <remembered-set count="28096" freebytes="8523136" totalbytes="8635520" percent="98" regionsoverflowed="0" regionsstable="8" regionsrebuilding="0"/>
  </mem-info>
</gc-end>
<cycle-end id="3955" type="partial gc" contextid="3947" timestamp="2019-08-11T05:39:28.905" />
  <attribute name="elasticGC enabled" value="1" />
  <attribute name= "numThreadsSpecified" value="16" />
  <attribute name="heapSize specified" value="0" />
  <attribute name="Current GC Util" value="49" />
  <attribute name= "Current Time Running" value="150771" />
  <attribute name ="GC Interval" value="0" />
  <attribute name="ProportionalT" value="-15.500000" />
  <attribute name="ProportionalI" value="-15.500000" />
  <attribute name="ProportionalH" value="-15.500000" />
  <attribute name="Current Error" value="-31.000000" />
  <attribute name="IntegralT" value="-15.500000" />
  <attribute name="IntegralI" value="-15.500000" />
  <attribute name="IntegralH" value="-15.500000" />
  <attribute name="DerivativeT" value="-31.000000" />
  <attribute name="DerivativeI" value="-31.000000" />
  <attribute name="DerivativeH" value="-31.000000" />
  <attribute name="Loop Time for DT" value="1.000000" />
  <attribute name="Output H" value="4202627072"/>
  <attribute name="Output I" value="200"/>
  <attribute name="Output T" value="16"/>
  <attribute name="Target GC Util Change" value ="80.000000" />
  <attribute name="Current GC Util Change" value="49.000000"/>
  <attribute name="GC Util currently" value="49" />
  <attribute name="CPU Util currently" value="816354132092" />
<exclusive-end id="3956" timestamp="2019-08-11T05:39:28.906" durationms="21.614" />

<exclusive-start id="3957" timestamp="2019-08-11T05:39:28.968" intervalms="84.311">
  <response-info timems="5.961" idlems="1.241" threads="4" lastid="0000000002689300" lastname="Thread-26" />
</exclusive-start>
<allocation-taxation id="3958" taxation-threshold="60817408" timestamp="2019-08-11T05:39:28.968" intervalms="84.292" />
<cycle-start id="3959" type="partial gc" contextid="0" timestamp="2019-08-11T05:39:28.969" intervalms="84.719" />
<gc-start id="3960" type="partial gc" contextid="3959" timestamp="2019-08-11T05:39:28.969">
  <mem-info id="3961" free="69206016" total="216006656" percent="32">
    <mem type="eden" free="0" total="60817408" percent="0" />
    <remembered-set count="27744" freebytes="8524544" totalbytes="8635520" percent="98" regionsoverflowed="0" regionsstable="8" regionsrebuilding="0"/>
  </mem-info>
</gc-start>
<allocation-stats totalBytes="60806208" >
  <allocated-bytes non-tlh="0" tlh="60806208" arrayletleaf="0"/>
  <largest-consumer threadName="Thread-23" threadId="00000000026CCE00" bytes="7568360" />
</allocation-stats>
<gc-op id="3962" type="copy forward" timems="22.294" contextid="3959" timestamp="2019-08-11T05:39:28.993">
  <memory-copied type="eden" objects="16938" bytes="686624" bytesdiscarded="49888" />
  <memory-copied type="other" objects="55349" bytes="2290008" bytesdiscarded="269496" />
  <memory-cardclean objects="25889" bytes="1285928" />
  <regions eden="29" other="3" />
  <remembered-set-cleared processed="16243" cleared="6453" durationms="0.160" />
  <stringconstants candidates="15061" cleared="0"  />
</gc-op>
<gc-op id="3963" type="classunload" timems="0.011" contextid="3959" timestamp="2019-08-11T05:39:28.993">
  <classunload-info classloadercandidates="55" classloadersunloaded="0" classesunloaded="0" anonymousclassesunloaded="0" quiescems="0.000" setupms="0.011" scanms="0.000" postms="0.000" />
</gc-op>
<heap-resize id="3964" type="expand" space="default" amount="10485760" count="1" timems="0.068" reason="excessive time being spent in gc" timestamp="2019-08-11T05:39:28.993" />
<gc-end id="3965" type="partial gc" contextid="3959" durationms="23.932" usertimems="35.606" systemtimems="11.745" timestamp="2019-08-11T05:39:28.993" activeThreads="16">
  <mem-info id="3966" free="136314880" total="226492416" percent="60">
    <mem type="eden" free="3457792" total="4194304" percent="82" />
    <remembered-set count="29824" freebytes="8935424" totalbytes="9054720" percent="98" regionsoverflowed="0" regionsstable="8" regionsrebuilding="0"/>
  </mem-info>
</gc-end>
<cycle-end id="3967" type="partial gc" contextid="3959" timestamp="2019-08-11T05:39:28.993" />
  <attribute name="elasticGC enabled" value="1" />
  <attribute name= "numThreadsSpecified" value="16" />
  <attribute name="heapSize specified" value="0" />
  <attribute name="Current GC Util" value="158" />
  <attribute name= "Current Time Running" value="150855" />
  <attribute name ="GC Interval" value="0" />
  <attribute name="ProportionalT" value="39.000000" />
  <attribute name="ProportionalI" value="39.000000" />
  <attribute name="ProportionalH" value="39.000000" />
  <attribute name="Current Error" value="78.000000" />
  <attribute name="IntegralT" value="39.000000" />
  <attribute name="IntegralI" value="39.000000" />
  <attribute name="IntegralH" value="39.000000" />
  <attribute name="DerivativeT" value="78.000000" />
  <attribute name="DerivativeI" value="78.000000" />
  <attribute name="DerivativeH" value="78.000000" />
  <attribute name="Loop Time for DT" value="1.000000" />
  <attribute name="Output H" value="8388608"/>
  <attribute name="Output I" value="200"/>
  <attribute name="Output T" value="16"/>
  <attribute name="Target GC Util Change" value ="80.000000" />
  <attribute name="Current GC Util Change" value="158.000000"/>
  <attribute name="GC Util currently" value="158" />
  <attribute name="CPU Util currently" value="1458247921408" />
<exclusive-end id="3968" timestamp="2019-08-11T05:39:28.993" durationms="25.014" />

<exclusive-start id="3969" timestamp="2019-08-11T05:39:29.044" intervalms="75.915">
  <response-info timems="1.329" idlems="1.329" threads="0" lastid="000000000269FB00" lastname="Thread-34" />
</exclusive-start>
<allocation-taxation id="3970" taxation-threshold="62914560" timestamp="2019-08-11T05:39:29.044" intervalms="75.928" />
<cycle-start id="3971" type="partial gc" contextid="0" timestamp="2019-08-11T05:39:29.044" intervalms="75.547" />
<gc-start id="3972" type="partial gc" contextid="3971" timestamp="2019-08-11T05:39:29.045">
  <mem-info id="3973" free="73400320" total="226492416" percent="32">
    <mem type="eden" free="0" total="62914560" percent="0" />
    <remembered-set count="29728" freebytes="8935808" totalbytes="9054720" percent="98" regionsoverflowed="0" regionsstable="8" regionsrebuilding="0"/>
  </mem-info>
</gc-start>
<allocation-stats totalBytes="62903000" >
  <allocated-bytes non-tlh="0" tlh="62903000" arrayletleaf="0"/>
  <largest-consumer threadName="Thread-36" threadId="00000000026BDE00" bytes="7048040" />
</allocation-stats>
<gc-op id="3974" type="copy forward" timems="12.582" contextid="3971" timestamp="2019-08-11T05:39:29.059">
  <memory-copied type="eden" objects="7553" bytes="186856" bytesdiscarded="35480" />
  <memory-copied type="other" objects="24081" bytes="852696" bytesdiscarded="77136" />
  <memory-cardclean objects="29099" bytes="1512344" />
  <regions eden="30" other="4" />
  <remembered-set-cleared processed="17495" cleared="7087" durationms="0.293" />
  <stringconstants candidates="15061" cleared="0"  />
</gc-op>
<gc-op id="3975" type="classunload" timems="0.010" contextid="3971" timestamp="2019-08-11T05:39:29.059">
  <classunload-info classloadercandidates="55" classloadersunloaded="0" classesunloaded="0" anonymousclassesunloaded="0" quiescems="0.000" setupms="0.010" scanms="0.000" postms="0.000" />
</gc-op>
<heap-resize id="3976" type="expand" space="default" amount="4194304" count="1" timems="0.072" reason="excessive time being spent in gc" timestamp="2019-08-11T05:39:29.059" />
<gc-end id="3977" type="partial gc" contextid="3971" durationms="14.814" usertimems="44.617" systemtimems="0.745" timestamp="2019-08-11T05:39:29.059" activeThreads="16">
  <mem-info id="3978" free="138412032" total="230686720" percent="60">
    <mem type="eden" free="3971968" total="4194304" percent="94" />
    <remembered-set count="30592" freebytes="9100032" totalbytes="9222400" percent="98" regionsoverflowed="0" regionsstable="8" regionsrebuilding="0"/>
  </mem-info>
</gc-end>
<cycle-end id="3979" type="partial gc" contextid="3971" timestamp="2019-08-11T05:39:29.060" />
  <attribute name="elasticGC enabled" value="1" />
  <attribute name= "numThreadsSpecified" value="16" />
  <attribute name="heapSize specified" value="0" />
  <attribute name="Current GC Util" value="109" />
  <attribute name= "Current Time Running" value="150931" />
  <attribute name ="GC Interval" value="0" />
  <attribute name="ProportionalT" value="14.500000" />
  <attribute name="ProportionalI" value="14.500000" />
  <attribute name="ProportionalH" value="14.500000" />
  <attribute name="Current Error" value="29.000000" />
  <attribute name="IntegralT" value="14.500000" />
  <attribute name="IntegralI" value="14.500000" />
  <attribute name="IntegralH" value="14.500000" />
  <attribute name="DerivativeT" value="29.000000" />
  <attribute name="DerivativeI" value="29.000000" />
  <attribute name="DerivativeH" value="29.000000" />
  <attribute name="Loop Time for DT" value="1.000000" />
  <attribute name="Output H" value="8388608"/>
  <attribute name="Output I" value="200"/>
  <attribute name="Output T" value="16"/>
  <attribute name="Target GC Util Change" value ="80.000000" />
  <attribute name="Current GC Util Change" value="109.000000"/>
  <attribute name="GC Util currently" value="109" />
  <attribute name="CPU Util currently" value="1414596278351" />
<exclusive-end id="3980" timestamp="2019-08-11T05:39:29.060" durationms="15.686" />

<exclusive-start id="3981" timestamp="2019-08-11T05:39:29.126" intervalms="81.833">
  <response-info timems="0.518" idlems="0.518" threads="0" lastid="00000000026BA200" lastname="Thread-22" />
</exclusive-start>
<allocation-taxation id="3982" taxation-threshold="65011712" timestamp="2019-08-11T05:39:29.126" intervalms="81.828" />
<cycle-start id="3983" type="partial gc" contextid="0" timestamp="2019-08-11T05:39:29.126" intervalms="81.761" />
<gc-start id="3984" type="partial gc" contextid="3983" timestamp="2019-08-11T05:39:29.126">
  <mem-info id="3985" free="73400320" total="230686720" percent="31">
    <mem type="eden" free="0" total="65011712" percent="0" />
    <remembered-set count="30144" freebytes="9101824" totalbytes="9222400" percent="98" regionsoverflowed="0" regionsstable="8" regionsrebuilding="0"/>
  </mem-info>
</gc-start>
<allocation-stats totalBytes="65000392" >
  <allocated-bytes non-tlh="0" tlh="65000392" arrayletleaf="0"/>
  <largest-consumer threadName="Thread-32" threadId="00000000026E3500" bytes="8186712" />
</allocation-stats>
<gc-op id="3986" type="copy forward" timems="16.911" contextid="3983" timestamp="2019-08-11T05:39:29.145">
  <memory-copied type="eden" objects="19831" bytes="756392" bytesdiscarded="26368" />
  <memory-copied type="other" objects="32071" bytes="1319208" bytesdiscarded="132328" />
  <memory-cardclean objects="28000" bytes="1393688" />
  <regions eden="31" other="4" />
  <remembered-set-cleared processed="16992" cleared="7168" durationms="0.430" />
  <stringconstants candidates="15061" cleared="0"  />
</gc-op>
<gc-op id="3987" type="classunload" timems="0.011" contextid="3983" timestamp="2019-08-11T05:39:29.145">
  <classunload-info classloadercandidates="55" classloadersunloaded="0" classesunloaded="0" anonymousclassesunloaded="0" quiescems="0.000" setupms="0.011" scanms="0.000" postms="0.000" />
</gc-op>
<heap-resize id="3988" type="expand" space="default" amount="6291456" count="1" timems="0.060" reason="excessive time being spent in gc" timestamp="2019-08-11T05:39:29.145" />
<gc-end id="3989" type="partial gc" contextid="3983" durationms="19.067" usertimems="48.734" systemtimems="6.483" timestamp="2019-08-11T05:39:29.145" activeThreads="16">
  <mem-info id="3990" free="142606336" total="236978176" percent="60">
    <mem type="eden" free="3411544" total="4194304" percent="81" />
    <remembered-set count="30976" freebytes="9350016" totalbytes="9473920" percent="98" regionsoverflowed="0" regionsstable="8" regionsrebuilding="0"/>
  </mem-info>
</gc-end>
<cycle-end id="3991" type="partial gc" contextid="3983" timestamp="2019-08-11T05:39:29.145" />
  <attribute name="elasticGC enabled" value="1" />
  <attribute name= "numThreadsSpecified" value="16" />
  <attribute name="heapSize specified" value="0" />
  <attribute name="Current GC Util" value="52" />
  <attribute name= "Current Time Running" value="151013" />
  <attribute name ="GC Interval" value="0" />
  <attribute name="ProportionalT" value="-14.000000" />
  <attribute name="ProportionalI" value="-14.000000" />
  <attribute name="ProportionalH" value="-14.000000" />
  <attribute name="Current Error" value="-28.000000" />
  <attribute name="IntegralT" value="-14.000000" />
  <attribute name="IntegralI" value="-14.000000" />
  <attribute name="IntegralH" value="-14.000000" />
  <attribute name="DerivativeT" value="-28.000000" />
  <attribute name="DerivativeI" value="-28.000000" />
  <attribute name="DerivativeH" value="-28.000000" />
  <attribute name="Loop Time for DT" value="1.000000" />
  <attribute name="Output H" value="4202627072"/>
  <attribute name="Output I" value="200"/>
  <attribute name="Output T" value="16"/>
  <attribute name="Target GC Util Change" value ="80.000000" />
  <attribute name="Current GC Util Change" value="52.000000"/>
  <attribute name="GC Util currently" value="52" />
  <attribute name="CPU Util currently" value="746306198904" />
<exclusive-end id="3992" timestamp="2019-08-11T05:39:29.146" durationms="19.597" />

<exclusive-start id="3993" timestamp="2019-08-11T05:39:29.222" intervalms="96.081">
  <response-info timems="10.286" idlems="10.286" threads="0" lastid="00000000026AAE00" lastname="Thread-29" />
</exclusive-start>
<allocation-taxation id="3994" taxation-threshold="67108864" timestamp="2019-08-11T05:39:29.222" intervalms="96.079" />
<cycle-start id="3995" type="partial gc" contextid="0" timestamp="2019-08-11T05:39:29.222" intervalms="96.097" />
<gc-start id="3996" type="partial gc" contextid="3995" timestamp="2019-08-11T05:39:29.222">
  <mem-info id="3997" free="75497472" total="236978176" percent="31">
    <mem type="eden" free="0" total="67108864" percent="0" />
    <remembered-set count="30912" freebytes="9350272" totalbytes="9473920" percent="98" regionsoverflowed="0" regionsstable="8" regionsrebuilding="0"/>
  </mem-info>
</gc-start>
<allocation-stats totalBytes="67096872" >
  <allocated-bytes non-tlh="0" tlh="67096872" arrayletleaf="0"/>
  <largest-consumer threadName="Thread-26" threadId="0000000002689300" bytes="10119728" />
</allocation-stats>
<gc-op id="3998" type="copy forward" timems="13.143" contextid="3995" timestamp="2019-08-11T05:39:29.237">
  <memory-copied type="eden" objects="21304" bytes="791528" bytesdiscarded="90664" />
  <memory-copied type="other" objects="39977" bytes="1508952" bytesdiscarded="124744" />
  <memory-cardclean objects="33465" bytes="1725728" />
  <regions eden="32" other="5" />
  <remembered-set-cleared processed="16576" cleared="7765" durationms="0.218" />
  <stringconstants candidates="15061" cleared="0"  />
</gc-op>
<gc-op id="3999" type="classunload" timems="0.014" contextid="3995" timestamp="2019-08-11T05:39:29.237">
  <classunload-info classloadercandidates="55" classloadersunloaded="0" classesunloaded="0" anonymousclassesunloaded="0" quiescems="0.000" setupms="0.014" scanms="0.000" postms="0.000" />
</gc-op>
<heap-resize id="4000" type="expand" space="default" amount="4194304" count="1" timems="0.077" reason="excessive time being spent in gc" timestamp="2019-08-11T05:39:29.238" />
<gc-end id="4001" type="partial gc" contextid="3995" durationms="15.183" usertimems="24.477" systemtimems="9.366" timestamp="2019-08-11T05:39:29.238" activeThreads="16">
  <mem-info id="4002" free="144703488" total="241172480" percent="60">
    <mem type="eden" free="3312112" total="4194304" percent="78" />
    <remembered-set count="31392" freebytes="9516032" totalbytes="9641600" percent="98" regionsoverflowed="0" regionsstable="8" regionsrebuilding="0"/>
  </mem-info>
</gc-end>
<cycle-end id="4003" type="partial gc" contextid="3995" timestamp="2019-08-11T05:39:29.238" />
  <attribute name="elasticGC enabled" value="1" />
  <attribute name= "numThreadsSpecified" value="16" />
  <attribute name="heapSize specified" value="0" />
  <attribute name="Current GC Util" value="59" />
  <attribute name= "Current Time Running" value="151109" />
  <attribute name ="GC Interval" value="0" />
  <attribute name="ProportionalT" value="-10.500000" />
  <attribute name="ProportionalI" value="-10.500000" />
  <attribute name="ProportionalH" value="-10.500000" />
  <attribute name="Current Error" value="-21.000000" />
  <attribute name="IntegralT" value="-10.500000" />
  <attribute name="IntegralI" value="-10.500000" />
  <attribute name="IntegralH" value="-10.500000" />
  <attribute name="DerivativeT" value="-21.000000" />
  <attribute name="DerivativeI" value="-21.000000" />
  <attribute name="DerivativeH" value="-21.000000" />
  <attribute name="Loop Time for DT" value="1.000000" />
  <attribute name="Output H" value="4202627072"/>
  <attribute name="Output I" value="200"/>
  <attribute name="Output T" value="16"/>
  <attribute name="Target GC Util Change" value ="80.000000" />
  <attribute name="Current GC Util Change" value="59.000000"/>
  <attribute name="GC Util currently" value="59" />
  <attribute name="CPU Util currently" value="935977708011" />
<exclusive-end id="4004" timestamp="2019-08-11T05:39:29.238" durationms="15.768" />

<exclusive-start id="4005" timestamp="2019-08-11T05:39:29.309" intervalms="86.879">
  <response-info timems="11.709" idlems="5.888" threads="1" lastid="00000000026D4600" lastname="Thread-30" />
</exclusive-start>
<allocation-taxation id="4006" taxation-threshold="67108864" timestamp="2019-08-11T05:39:29.309" intervalms="86.893" />
<cycle-start id="4007" type="partial gc" contextid="0" timestamp="2019-08-11T05:39:29.309" intervalms="86.936" />
<gc-start id="4008" type="partial gc" contextid="4007" timestamp="2019-08-11T05:39:29.309">
  <mem-info id="4009" free="77594624" total="241172480" percent="32">
    <mem type="eden" free="0" total="67108864" percent="0" />
    <remembered-set count="30976" freebytes="9517696" totalbytes="9641600" percent="98" regionsoverflowed="0" regionsstable="8" regionsrebuilding="0"/>
  </mem-info>
</gc-start>
<allocation-stats totalBytes="67096616" >
  <allocated-bytes non-tlh="0" tlh="67096616" arrayletleaf="0"/>
  <largest-consumer threadName="Thread-29" threadId="00000000026AAE00" bytes="8002256" />
</allocation-stats>
<gc-op id="4010" type="copy forward" timems="17.134" contextid="4007" timestamp="2019-08-11T05:39:29.328">
  <memory-copied type="eden" objects="17849" bytes="708408" bytesdiscarded="40528" />
  <memory-copied type="other" objects="60947" bytes="2561736" bytesdiscarded="239248" />
  <memory-cardclean objects="24155" bytes="1237136" />
  <regions eden="32" other="5" />
  <remembered-set-cleared processed="17390" cleared="7717" durationms="0.301" />
  <stringconstants candidates="15061" cleared="0"  />
</gc-op>
<gc-op id="4011" type="classunload" timems="0.010" contextid="4007" timestamp="2019-08-11T05:39:29.328">
  <classunload-info classloadercandidates="55" classloadersunloaded="0" classesunloaded="0" anonymousclassesunloaded="0" quiescems="0.000" setupms="0.010" scanms="0.000" postms="0.000" />
</gc-op>
<heap-resize id="4012" type="expand" space="default" amount="10485760" count="1" timems="0.062" reason="excessive time being spent in gc" timestamp="2019-08-11T05:39:29.328" />
<gc-end id="4013" type="partial gc" contextid="4007" durationms="18.959" usertimems="25.394" systemtimems="7.208" timestamp="2019-08-11T05:39:29.328" activeThreads="16">
  <mem-info id="4014" free="150994944" total="251658240" percent="60">
    <mem type="eden" free="5542520" total="6291456" percent="88" />
    <remembered-set count="30624" freebytes="9938304" totalbytes="10060800" percent="98" regionsoverflowed="0" regionsstable="8" regionsrebuilding="0"/>
  </mem-info>
</gc-end>
<cycle-end id="4015" type="partial gc" contextid="4007" timestamp="2019-08-11T05:39:29.328" />
  <attribute name="elasticGC enabled" value="1" />
  <attribute name= "numThreadsSpecified" value="16" />
  <attribute name="heapSize specified" value="0" />
  <attribute name="Current GC Util" value="67" />
  <attribute name= "Current Time Running" value="151196" />
  <attribute name ="GC Interval" value="0" />
  <attribute name="ProportionalT" value="-6.500000" />
  <attribute name="ProportionalI" value="-6.500000" />
  <attribute name="ProportionalH" value="-6.500000" />
  <attribute name="Current Error" value="-13.000000" />
  <attribute name="IntegralT" value="-6.500000" />
  <attribute name="IntegralI" value="-6.500000" />
  <attribute name="IntegralH" value="-6.500000" />
  <attribute name="DerivativeT" value="-13.000000" />
  <attribute name="DerivativeI" value="-13.000000" />
  <attribute name="DerivativeH" value="-13.000000" />
  <attribute name="Loop Time for DT" value="1.000000" />
  <attribute name="Output H" value="4202627072"/>
  <attribute name="Output I" value="200"/>
  <attribute name="Output T" value="16"/>
  <attribute name="Target GC Util Change" value ="80.000000" />
  <attribute name="Current GC Util Change" value="67.000000"/>
  <attribute name="GC Util currently" value="67" />
  <attribute name="CPU Util currently" value="1039791115769" />
<exclusive-end id="4016" timestamp="2019-08-11T05:39:29.329" durationms="19.587" />

<exclusive-start id="4017" timestamp="2019-08-11T05:39:29.523" intervalms="214.371">
  <response-info timems="12.033" idlems="12.033" threads="0" lastid="0000000002689300" lastname="Thread-26" />
</exclusive-start>
<allocation-taxation id="4018" taxation-threshold="69206016" timestamp="2019-08-11T05:39:29.523" intervalms="214.351" />
<cycle-start id="4019" type="partial gc" contextid="0" timestamp="2019-08-11T05:39:29.523" intervalms="214.308" />
<gc-start id="4020" type="partial gc" contextid="4019" timestamp="2019-08-11T05:39:29.524">
  <mem-info id="4021" free="81788928" total="251658240" percent="32">
    <mem type="eden" free="0" total="69206016" percent="0" />
    <remembered-set count="30464" freebytes="9938944" totalbytes="10060800" percent="98" regionsoverflowed="0" regionsstable="8" regionsrebuilding="0"/>
  </mem-info>
</gc-start>
<allocation-stats totalBytes="69193240" >
  <allocated-bytes non-tlh="0" tlh="69193240" arrayletleaf="0"/>
  <largest-consumer threadName="Thread-29" threadId="00000000026AAE00" bytes="8235576" />
</allocation-stats>
<gc-op id="4022" type="copy forward" timems="17.450" contextid="4019" timestamp="2019-08-11T05:39:29.543">
  <memory-copied type="eden" objects="19305" bytes="744144" bytesdiscarded="74312" />
  <memory-copied type="other" objects="51496" bytes="2060160" bytesdiscarded="162184" />
  <memory-cardclean objects="28850" bytes="1511912" />
  <regions eden="33" other="6" />
  <remembered-set-cleared processed="17940" cleared="7146" durationms="0.178" />
  <stringconstants candidates="15061" cleared="0"  />
</gc-op>
<gc-op id="4023" type="classunload" timems="0.010" contextid="4019" timestamp="2019-08-11T05:39:29.543">
  <classunload-info classloadercandidates="55" classloadersunloaded="0" classesunloaded="0" anonymousclassesunloaded="0" quiescems="0.000" setupms="0.010" scanms="0.000" postms="0.000" />
</gc-op>
<gc-end id="4024" type="partial gc" contextid="4019" durationms="19.173" usertimems="24.381" systemtimems="8.836" timestamp="2019-08-11T05:39:29.543" activeThreads="16">
  <mem-info id="4025" free="150994944" total="251658240" percent="60">
    <mem type="eden" free="3375848" total="4194304" percent="80" />
    <remembered-set count="33440" freebytes="9927040" totalbytes="10060800" percent="98" regionsoverflowed="0" regionsstable="8" regionsrebuilding="0"/>
  </mem-info>
</gc-end>
<cycle-end id="4026" type="partial gc" contextid="4019" timestamp="2019-08-11T05:39:29.543" />
  <attribute name="elasticGC enabled" value="1" />
  <attribute name= "numThreadsSpecified" value="16" />
  <attribute name="heapSize specified" value="0" />
  <attribute name="Current GC Util" value="59" />
  <attribute name= "Current Time Running" value="151410" />
  <attribute name ="GC Interval" value="0" />
  <attribute name="ProportionalT" value="-10.500000" />
  <attribute name="ProportionalI" value="-10.500000" />
  <attribute name="ProportionalH" value="-10.500000" />
  <attribute name="Current Error" value="-21.000000" />
  <attribute name="IntegralT" value="-10.500000" />
  <attribute name="IntegralI" value="-10.500000" />
  <attribute name="IntegralH" value="-10.500000" />
  <attribute name="DerivativeT" value="-21.000000" />
  <attribute name="DerivativeI" value="-21.000000" />
  <attribute name="DerivativeH" value="-21.000000" />
  <attribute name="Loop Time for DT" value="1.000000" />
  <attribute name="Output H" value="4202627072"/>
  <attribute name="Output I" value="200"/>
  <attribute name="Output T" value="16"/>
  <attribute name="Target GC Util Change" value ="80.000000" />
  <attribute name="Current GC Util Change" value="59.000000"/>
  <attribute name="GC Util currently" value="59" />
  <attribute name="CPU Util currently" value="929747603260" />
<exclusive-end id="4027" timestamp="2019-08-11T05:39:29.543" durationms="20.164" />

<exclusive-start id="4028" timestamp="2019-08-11T05:39:29.596" intervalms="72.549">
  <response-info timems="1.137" idlems="0.584" threads="1" lastid="00000000026CCE00" lastname="Thread-23" />
</exclusive-start>
<allocation-taxation id="4029" taxation-threshold="69206016" timestamp="2019-08-11T05:39:29.596" intervalms="72.550" />
<cycle-start id="4030" type="partial gc" contextid="0" timestamp="2019-08-11T05:39:29.596" intervalms="72.542" />
<gc-start id="4031" type="partial gc" contextid="4030" timestamp="2019-08-11T05:39:29.596">
  <mem-info id="4032" free="81788928" total="251658240" percent="32">
    <mem type="eden" free="0" total="69206016" percent="0" />
    <remembered-set count="33024" freebytes="9928704" totalbytes="10060800" percent="98" regionsoverflowed="0" regionsstable="8" regionsrebuilding="0"/>
  </mem-info>
</gc-start>
<allocation-stats totalBytes="69193568" >
  <allocated-bytes non-tlh="0" tlh="69193568" arrayletleaf="0"/>
  <largest-consumer threadName="Thread-32" threadId="00000000026E3500" bytes="8256296" />
</allocation-stats>
<gc-op id="4033" type="copy forward" timems="12.363" contextid="4030" timestamp="2019-08-11T05:39:29.610">
  <memory-copied type="eden" objects="13705" bytes="334960" bytesdiscarded="47912" />
  <memory-copied type="other" objects="51231" bytes="2191176" bytesdiscarded="166312" />
  <memory-cardclean objects="20434" bytes="1049792" />
  <regions eden="33" other="5" />
  <remembered-set-cleared processed="19286" cleared="6617" durationms="0.705" />
  <stringconstants candidates="15061" cleared="0"  />
</gc-op>
<gc-op id="4034" type="classunload" timems="0.011" contextid="4030" timestamp="2019-08-11T05:39:29.610">
  <classunload-info classloadercandidates="55" classloadersunloaded="0" classesunloaded="0" anonymousclassesunloaded="0" quiescems="0.000" setupms="0.010" scanms="0.000" postms="0.000" />
</gc-op>
<heap-resize id="4035" type="expand" space="default" amount="6291456" count="1" timems="0.064" reason="excessive time being spent in gc" timestamp="2019-08-11T05:39:29.610" />
<gc-end id="4036" type="partial gc" contextid="4030" durationms="13.769" usertimems="35.541" systemtimems="0.000" timestamp="2019-08-11T05:39:29.610" activeThreads="16">
  <mem-info id="4037" free="155189248" total="257949696" percent="60">
    <mem type="eden" free="3811432" total="4194304" percent="90" />
    <remembered-set count="36128" freebytes="10167808" totalbytes="10312320" percent="98" regionsoverflowed="0" regionsstable="8" regionsrebuilding="0"/>
  </mem-info>
</gc-end>
<cycle-end id="4038" type="partial gc" contextid="4030" timestamp="2019-08-11T05:39:29.610" />
  <attribute name="elasticGC enabled" value="1" />
  <attribute name= "numThreadsSpecified" value="16" />
  <attribute name="heapSize specified" value="0" />
  <attribute name="Current GC Util" value="153" />
  <attribute name= "Current Time Running" value="151482" />
  <attribute name ="GC Interval" value="0" />
  <attribute name="ProportionalT" value="36.500000" />
  <attribute name="ProportionalI" value="36.500000" />
  <attribute name="ProportionalH" value="36.500000" />
  <attribute name="Current Error" value="73.000000" />
  <attribute name="IntegralT" value="36.500000" />
  <attribute name="IntegralI" value="36.500000" />
  <attribute name="IntegralH" value="36.500000" />
  <attribute name="DerivativeT" value="73.000000" />
  <attribute name="DerivativeI" value="73.000000" />
  <attribute name="DerivativeH" value="73.000000" />
  <attribute name="Loop Time for DT" value="1.000000" />
  <attribute name="Output H" value="8388608"/>
  <attribute name="Output I" value="200"/>
  <attribute name="Output T" value="16"/>
  <attribute name="Target GC Util Change" value ="80.000000" />
  <attribute name="Current GC Util Change" value="153.000000"/>
  <attribute name="GC Util currently" value="153" />
  <attribute name="CPU Util currently" value="1564706911037" />
<exclusive-end id="4039" timestamp="2019-08-11T05:39:29.610" durationms="14.416" />

<exclusive-start id="4040" timestamp="2019-08-11T05:39:29.659" intervalms="63.500">
  <response-info timems="2.363" idlems="2.363" threads="0" lastid="00000000026BA200" lastname="Thread-22" />
</exclusive-start>
<allocation-taxation id="4041" taxation-threshold="71303168" timestamp="2019-08-11T05:39:29.659" intervalms="63.508" />
<cycle-start id="4042" type="partial gc" contextid="0" timestamp="2019-08-11T05:39:29.659" intervalms="63.489" />
<gc-start id="4043" type="partial gc" contextid="4042" timestamp="2019-08-11T05:39:29.660">
  <mem-info id="4044" free="83886080" total="257949696" percent="32">
    <mem type="eden" free="0" total="71303168" percent="0" />
    <remembered-set count="35968" freebytes="10168448" totalbytes="10312320" percent="98" regionsoverflowed="0" regionsstable="8" regionsrebuilding="0"/>
  </mem-info>
</gc-start>
<allocation-stats totalBytes="71290752" >
  <allocated-bytes non-tlh="0" tlh="71290752" arrayletleaf="0"/>
  <largest-consumer threadName="Thread-32" threadId="00000000026E3500" bytes="7760728" />
</allocation-stats>
<gc-op id="4045" type="copy forward" timems="10.830" contextid="4042" timestamp="2019-08-11T05:39:29.672">
  <memory-copied type="eden" objects="29999" bytes="1274648" bytesdiscarded="144736" />
  <memory-copied type="other" objects="39269" bytes="1491960" bytesdiscarded="198456" />
  <memory-cardclean objects="32391" bytes="1715672" />
  <regions eden="34" other="5" />
  <remembered-set-cleared processed="19167" cleared="8113" durationms="0.193" />
  <stringconstants candidates="15061" cleared="0"  />
</gc-op>
<gc-op id="4046" type="classunload" timems="0.012" contextid="4042" timestamp="2019-08-11T05:39:29.672">
  <classunload-info classloadercandidates="55" classloadersunloaded="0" classesunloaded="0" anonymousclassesunloaded="0" quiescems="0.000" setupms="0.011" scanms="0.000" postms="0.000" />
</gc-op>
<gc-end id="4047" type="partial gc" contextid="4042" durationms="12.093" usertimems="25.708" systemtimems="9.130" timestamp="2019-08-11T05:39:29.672" activeThreads="16">
  <mem-info id="4048" free="155189248" total="257949696" percent="60">
    <mem type="eden" free="677768" total="2097152" percent="32" />
    <remembered-set count="35200" freebytes="10171520" totalbytes="10312320" percent="98" regionsoverflowed="0" regionsstable="8" regionsrebuilding="0"/>
  </mem-info>
</gc-end>
<cycle-end id="4049" type="partial gc" contextid="4042" timestamp="2019-08-11T05:39:29.672" />
  <attribute name="elasticGC enabled" value="1" />
  <attribute name= "numThreadsSpecified" value="16" />
  <attribute name="heapSize specified" value="0" />
  <attribute name="Current GC Util" value="118" />
  <attribute name= "Current Time Running" value="151546" />
  <attribute name ="GC Interval" value="0" />
  <attribute name="ProportionalT" value="19.000000" />
  <attribute name="ProportionalI" value="19.000000" />
  <attribute name="ProportionalH" value="19.000000" />
  <attribute name="Current Error" value="38.000000" />
  <attribute name="IntegralT" value="19.000000" />
  <attribute name="IntegralI" value="19.000000" />
  <attribute name="IntegralH" value="19.000000" />
  <attribute name="DerivativeT" value="38.000000" />
  <attribute name="DerivativeI" value="38.000000" />
  <attribute name="DerivativeH" value="38.000000" />
  <attribute name="Loop Time for DT" value="1.000000" />
  <attribute name="Output H" value="8388608"/>
  <attribute name="Output I" value="200"/>
  <attribute name="Output T" value="16"/>
  <attribute name="Target GC Util Change" value ="80.000000" />
  <attribute name="Current GC Util Change" value="118.000000"/>
  <attribute name="GC Util currently" value="118" />
  <attribute name="CPU Util currently" value="1654067487496" />
<exclusive-end id="4050" timestamp="2019-08-11T05:39:29.672" durationms="12.722" />

<exclusive-start id="4051" timestamp="2019-08-11T05:39:29.756" intervalms="96.896">
  <response-info timems="10.170" idlems="10.170" threads="0" lastid="00000000026E3500" lastname="Thread-32" />
</exclusive-start>
<allocation-taxation id="4052" taxation-threshold="71303168" timestamp="2019-08-11T05:39:29.756" intervalms="96.904" />
<cycle-start id="4053" type="partial gc" contextid="0" timestamp="2019-08-11T05:39:29.756" intervalms="96.935" />
<gc-start id="4054" type="partial gc" contextid="4053" timestamp="2019-08-11T05:39:29.757">
  <mem-info id="4055" free="83886080" total="257949696" percent="32">
    <mem type="eden" free="0" total="71303168" percent="0" />
    <remembered-set count="34752" freebytes="10173312" totalbytes="10312320" percent="98" regionsoverflowed="0" regionsstable="8" regionsrebuilding="0"/>
  </mem-info>
</gc-start>
<allocation-stats totalBytes="71290536" >
  <allocated-bytes non-tlh="0" tlh="71290536" arrayletleaf="0"/>
  <largest-consumer threadName="Thread-30" threadId="00000000026D4600" bytes="8551024" />
</allocation-stats>
<gc-op id="4056" type="copy forward" timems="13.604" contextid="4053" timestamp="2019-08-11T05:39:29.772">
  <memory-copied type="eden" objects="11606" bytes="283720" bytesdiscarded="45592" />
  <memory-copied type="other" objects="53707" bytes="2113224" bytesdiscarded="173672" />
  <memory-cardclean objects="32002" bytes="1678040" />
  <regions eden="34" other="4" />
  <remembered-set-cleared processed="20712" cleared="7581" durationms="0.213" />
  <stringconstants candidates="15061" cleared="0"  />
</gc-op>
<gc-op id="4057" type="classunload" timems="0.014" contextid="4053" timestamp="2019-08-11T05:39:29.772">
  <classunload-info classloadercandidates="55" classloadersunloaded="0" classesunloaded="0" anonymousclassesunloaded="0" quiescems="0.000" setupms="0.014" scanms="0.000" postms="0.000" />
</gc-op>
<heap-resize id="4058" type="expand" space="default" amount="10485760" count="1" timems="0.167" reason="excessive time being spent in gc" timestamp="2019-08-11T05:39:29.772" />
<gc-end id="4059" type="partial gc" contextid="4053" durationms="15.224" usertimems="35.266" systemtimems="3.288" timestamp="2019-08-11T05:39:29.772" activeThreads="16">
  <mem-info id="4060" free="161480704" total="268435456" percent="60">
    <mem type="eden" free="3864992" total="4194304" percent="92" />
    <remembered-set count="36992" freebytes="10583552" totalbytes="10731520" percent="98" regionsoverflowed="0" regionsstable="8" regionsrebuilding="0"/>
  </mem-info>
</gc-end>
<cycle-end id="4061" type="partial gc" contextid="4053" timestamp="2019-08-11T05:39:29.772" />
  <attribute name="elasticGC enabled" value="1" />
  <attribute name= "numThreadsSpecified" value="16" />
  <attribute name="heapSize specified" value="0" />
  <attribute name="Current GC Util" value="119" />
  <attribute name= "Current Time Running" value="151643" />
  <attribute name ="GC Interval" value="0" />
  <attribute name="ProportionalT" value="19.500000" />
  <attribute name="ProportionalI" value="19.500000" />
  <attribute name="ProportionalH" value="19.500000" />
  <attribute name="Current Error" value="39.000000" />
  <attribute name="IntegralT" value="19.500000" />
  <attribute name="IntegralI" value="19.500000" />
  <attribute name="IntegralH" value="19.500000" />
  <attribute name="DerivativeT" value="39.000000" />
  <attribute name="DerivativeI" value="39.000000" />
  <attribute name="DerivativeH" value="39.000000" />
  <attribute name="Loop Time for DT" value="1.000000" />
  <attribute name="Output H" value="8388608"/>
  <attribute name="Output I" value="200"/>
  <attribute name="Output T" value="16"/>
  <attribute name="Target GC Util Change" value ="80.000000" />
  <attribute name="Current GC Util Change" value="119.000000"/>
  <attribute name="GC Util currently" value="119" />
  <attribute name="CPU Util currently" value="1430137935368" />
<exclusive-end id="4062" timestamp="2019-08-11T05:39:29.772" durationms="15.872" />

<exclusive-start id="4063" timestamp="2019-08-11T05:39:29.844" intervalms="88.025">
  <response-info timems="5.218" idlems="5.218" threads="0" lastid="00000000026D4600" lastname="Thread-30" />
</exclusive-start>
<allocation-taxation id="4064" taxation-threshold="73400320" timestamp="2019-08-11T05:39:29.844" intervalms="88.027" />
<cycle-start id="4065" type="partial gc" contextid="0" timestamp="2019-08-11T05:39:29.844" intervalms="88.060" />
<gc-start id="4066" type="partial gc" contextid="4065" timestamp="2019-08-11T05:39:29.845">
  <mem-info id="4067" free="88080384" total="268435456" percent="32">
    <mem type="eden" free="0" total="73400320" percent="0" />
    <remembered-set count="36512" freebytes="10585472" totalbytes="10731520" percent="98" regionsoverflowed="0" regionsstable="8" regionsrebuilding="0"/>
  </mem-info>
</gc-start>
<allocation-stats totalBytes="73387496" >
  <allocated-bytes non-tlh="0" tlh="73387496" arrayletleaf="0"/>
  <largest-consumer threadName="Thread-32" threadId="00000000026E3500" bytes="7727896" />
</allocation-stats>
<gc-op id="4068" type="copy forward" timems="13.767" contextid="4065" timestamp="2019-08-11T05:39:29.860">
  <memory-copied type="eden" objects="15081" bytes="642200" bytesdiscarded="63904" />
  <memory-copied type="other" objects="26265" bytes="905112" bytesdiscarded="110440" />
  <memory-cardclean objects="25526" bytes="1293464" />
  <regions eden="35" other="5" />
  <remembered-set-cleared processed="20691" cleared="4794" durationms="0.354" />
  <stringconstants candidates="15061" cleared="0"  />
</gc-op>
<gc-op id="4069" type="classunload" timems="0.011" contextid="4065" timestamp="2019-08-11T05:39:29.860">
  <classunload-info classloadercandidates="55" classloadersunloaded="0" classesunloaded="0" anonymousclassesunloaded="0" quiescems="0.000" setupms="0.010" scanms="0.000" postms="0.000" />
</gc-op>
<gc-end id="4070" type="partial gc" contextid="4065" durationms="15.202" usertimems="31.497" systemtimems="10.363" timestamp="2019-08-11T05:39:29.860" activeThreads="16">
  <mem-info id="4071" free="161480704" total="268435456" percent="60">
    <mem type="eden" free="1391048" total="2097152" percent="66" />
    <remembered-set count="35552" freebytes="10589312" totalbytes="10731520" percent="98" regionsoverflowed="0" regionsstable="8" regionsrebuilding="0"/>
  </mem-info>
</gc-end>
<cycle-end id="4072" type="partial gc" contextid="4065" timestamp="2019-08-11T05:39:29.860" />
  <attribute name="elasticGC enabled" value="1" />
  <attribute name= "numThreadsSpecified" value="16" />
  <attribute name="heapSize specified" value="0" />
  <attribute name="Current GC Util" value="109" />
  <attribute name= "Current Time Running" value="151731" />
  <attribute name ="GC Interval" value="0" />
  <attribute name="ProportionalT" value="14.500000" />
  <attribute name="ProportionalI" value="14.500000" />
  <attribute name="ProportionalH" value="14.500000" />
  <attribute name="Current Error" value="29.000000" />
  <attribute name="IntegralT" value="14.500000" />
  <attribute name="IntegralI" value="14.500000" />
  <attribute name="IntegralH" value="14.500000" />
  <attribute name="DerivativeT" value="29.000000" />
  <attribute name="DerivativeI" value="29.000000" />
  <attribute name="DerivativeH" value="29.000000" />
  <attribute name="Loop Time for DT" value="1.000000" />
  <attribute name="Output H" value="8388608"/>
  <attribute name="Output I" value="200"/>
  <attribute name="Output T" value="16"/>
  <attribute name="Target GC Util Change" value ="80.000000" />
  <attribute name="Current GC Util Change" value="109.000000"/>
  <attribute name="GC Util currently" value="109" />
  <attribute name="CPU Util currently" value="1356805943366" />
<exclusive-end id="4073" timestamp="2019-08-11T05:39:29.860" durationms="15.964" />

<exclusive-start id="4074" timestamp="2019-08-11T05:39:29.912" intervalms="67.648">
  <response-info timems="0.303" idlems="0.155" threads="1" lastid="00000000026AAE00" lastname="Thread-29" />
</exclusive-start>
<allocation-taxation id="4075" taxation-threshold="73400320" timestamp="2019-08-11T05:39:29.912" intervalms="67.645" />
<cycle-start id="4076" type="partial gc" contextid="0" timestamp="2019-08-11T05:39:29.912" intervalms="67.646" />
<gc-start id="4077" type="partial gc" contextid="4076" timestamp="2019-08-11T05:39:29.912">
  <mem-info id="4078" free="88080384" total="268435456" percent="32">
    <mem type="eden" free="0" total="73400320" percent="0" />
    <remembered-set count="35552" freebytes="10589312" totalbytes="10731520" percent="98" regionsoverflowed="0" regionsstable="8" regionsrebuilding="0"/>
  </mem-info>
</gc-start>
<allocation-stats totalBytes="73387472" >
  <allocated-bytes non-tlh="0" tlh="73387472" arrayletleaf="0"/>
  <largest-consumer threadName="Thread-30" threadId="00000000026D4600" bytes="10594712" />
</allocation-stats>
<gc-op id="4079" type="copy forward" timems="11.438" contextid="4076" timestamp="2019-08-11T05:39:29.925">
  <memory-copied type="eden" objects="6599" bytes="163856" bytesdiscarded="0" />
  <memory-copied type="other" objects="45241" bytes="2047416" bytesdiscarded="0" />
  <memory-cardclean objects="21236" bytes="1060160" />
  <regions eden="35" other="4" />
  <remembered-set-cleared processed="21889" cleared="8573" durationms="0.667" />
  <stringconstants candidates="15061" cleared="0"  />
</gc-op>
<gc-op id="4080" type="classunload" timems="0.011" contextid="4076" timestamp="2019-08-11T05:39:29.925">
  <classunload-info classloadercandidates="55" classloadersunloaded="0" classesunloaded="0" anonymousclassesunloaded="0" quiescems="0.000" setupms="0.010" scanms="0.000" postms="0.000" />
</gc-op>
<heap-resize id="4081" type="expand" space="default" amount="4194304" count="1" timems="0.056" reason="excessive time being spent in gc" timestamp="2019-08-11T05:39:29.925" />
<gc-end id="4082" type="partial gc" contextid="4076" durationms="12.946" usertimems="24.986" systemtimems="0.000" timestamp="2019-08-11T05:39:29.925" activeThreads="1">
  <mem-info id="4083" free="163577856" total="272629760" percent="60">
    <mem type="eden" free="1933296" total="2097152" percent="92" />
    <remembered-set count="36800" freebytes="10752000" totalbytes="10899200" percent="98" regionsoverflowed="0" regionsstable="8" regionsrebuilding="0"/>
  </mem-info>
</gc-end>
<cycle-end id="4084" type="partial gc" contextid="4076" timestamp="2019-08-11T05:39:29.925" />
  <attribute name="elasticGC enabled" value="1" />
  <attribute name= "numThreadsSpecified" value="1" />
  <attribute name="heapSize specified" value="0" />
  <attribute name="Current GC Util" value="100" />
  <attribute name= "Current Time Running" value="151798" />
  <attribute name ="GC Interval" value="0" />
  <attribute name="ProportionalT" value="10.000000" />
  <attribute name="ProportionalI" value="10.000000" />
  <attribute name="ProportionalH" value="10.000000" />
  <attribute name="Current Error" value="20.000000" />
  <attribute name="IntegralT" value="0.000000" />
  <attribute name="IntegralI" value="0.000000" />
  <attribute name="IntegralH" value="0.000000" />
  <attribute name="DerivativeT" value="inf" />
  <attribute name="DerivativeI" value="inf" />
  <attribute name="DerivativeH" value="inf" />
  <attribute name="Loop Time for DT" value="0.000000" />
  <attribute name="Output H" value="8388608"/>
  <attribute name="Output I" value="200"/>
  <attribute name="Output T" value="1"/>
  <attribute name="Target GC Util Change" value ="80.000000" />
  <attribute name="Current GC Util Change" value="100.000000"/>
  <attribute name="GC Util currently" value="100" />
  <attribute name="CPU Util currently" value="1455244003684" />
<exclusive-end id="4085" timestamp="2019-08-11T05:39:29.926" durationms="13.649" />

<exclusive-start id="4086" timestamp="2019-08-11T05:39:30.039" intervalms="127.160">
  <response-info timems="1.263" idlems="1.263" threads="0" lastid="00000000026B2A00" lastname="Thread-31" />
</exclusive-start>
<allocation-taxation id="4087" taxation-threshold="75497472" timestamp="2019-08-11T05:39:30.039" intervalms="127.153" />
<cycle-start id="4088" type="partial gc" contextid="0" timestamp="2019-08-11T05:39:30.039" intervalms="127.106" />
<gc-start id="4089" type="partial gc" contextid="4088" timestamp="2019-08-11T05:39:30.040">
  <mem-info id="4090" free="88080384" total="272629760" percent="32">
    <mem type="eden" free="0" total="75497472" percent="0" />
    <remembered-set count="36448" freebytes="10753408" totalbytes="10899200" percent="98" regionsoverflowed="0" regionsstable="8" regionsrebuilding="0"/>
  </mem-info>
</gc-start>
<allocation-stats totalBytes="75484864" >
  <allocated-bytes non-tlh="0" tlh="75484864" arrayletleaf="0"/>
  <largest-consumer threadName="Thread-34" threadId="000000000269FB00" bytes="8248112" />
</allocation-stats>
<gc-op id="4091" type="copy forward" timems="19.664" contextid="4088" timestamp="2019-08-11T05:39:30.062">
  <memory-copied type="eden" objects="5886" bytes="146144" bytesdiscarded="9600" />
  <memory-copied type="other" objects="30652" bytes="1147776" bytesdiscarded="118392" />
  <memory-cardclean objects="33647" bytes="1722272" />
  <regions eden="36" other="4" />
  <remembered-set-cleared processed="22693" cleared="9123" durationms="0.474" />
  <stringconstants candidates="15061" cleared="0"  />
</gc-op>
<gc-op id="4092" type="classunload" timems="0.010" contextid="4088" timestamp="2019-08-11T05:39:30.062">
  <classunload-info classloadercandidates="55" classloadersunloaded="0" classesunloaded="0" anonymousclassesunloaded="0" quiescems="0.000" setupms="0.010" scanms="0.000" postms="0.000" />
</gc-op>
<heap-resize id="4093" type="expand" space="default" amount="6291456" count="1" timems="0.059" reason="excessive time being spent in gc" timestamp="2019-08-11T05:39:30.062" />
<gc-end id="4094" type="partial gc" contextid="4088" durationms="22.928" usertimems="50.462" systemtimems="12.938" timestamp="2019-08-11T05:39:30.063" activeThreads="16">
  <mem-info id="4095" free="167772160" total="278921216" percent="60">
    <mem type="eden" free="1941408" total="2097152" percent="92" />
    <remembered-set count="38272" freebytes="10997632" totalbytes="11150720" percent="98" regionsoverflowed="0" regionsstable="8" regionsrebuilding="0"/>
  </mem-info>
</gc-end>
<cycle-end id="4096" type="partial gc" contextid="4088" timestamp="2019-08-11T05:39:30.063" />
  <attribute name="elasticGC enabled" value="1" />
  <attribute name= "numThreadsSpecified" value="16" />
  <attribute name="heapSize specified" value="0" />
  <attribute name="Current GC Util" value="49" />
  <attribute name= "Current Time Running" value="151927" />
  <attribute name ="GC Interval" value="0" />
  <attribute name="ProportionalT" value="-15.500000" />
  <attribute name="ProportionalI" value="-15.500000" />
  <attribute name="ProportionalH" value="-15.500000" />
  <attribute name="Current Error" value="-31.000000" />
  <attribute name="IntegralT" value="-31.000000" />
  <attribute name="IntegralI" value="-31.000000" />
  <attribute name="IntegralH" value="-31.000000" />
  <attribute name="DerivativeT" value="-15.500000" />
  <attribute name="DerivativeI" value="-15.500000" />
  <attribute name="DerivativeH" value="-15.500000" />
  <attribute name="Loop Time for DT" value="2.000000" />
  <attribute name="Output H" value="4202627072"/>
  <attribute name="Output I" value="200"/>
  <attribute name="Output T" value="16"/>
  <attribute name="Target GC Util Change" value ="80.000000" />
  <attribute name="Current GC Util Change" value="49.000000"/>
  <attribute name="GC Util currently" value="49" />
  <attribute name="CPU Util currently" value="516820181700" />
<exclusive-end id="4097" timestamp="2019-08-11T05:39:30.063" durationms="23.778" />

<exclusive-start id="4098" timestamp="2019-08-11T05:39:30.198" intervalms="158.995">
  <response-info timems="5.855" idlems="5.855" threads="0" lastid="000000000269FB00" lastname="Thread-34" />
</exclusive-start>
<allocation-taxation id="4099" taxation-threshold="77594624" timestamp="2019-08-11T05:39:30.198" intervalms="158.996" />
<cycle-start id="4100" type="partial gc" contextid="0" timestamp="2019-08-11T05:39:30.200" intervalms="160.406" />
<gc-start id="4101" type="partial gc" contextid="4100" timestamp="2019-08-11T05:39:30.200">
  <mem-info id="4102" free="90177536" total="278921216" percent="32">
    <mem type="eden" free="0" total="77594624" percent="0" />
    <remembered-set count="37888" freebytes="10999168" totalbytes="11150720" percent="98" regionsoverflowed="0" regionsstable="8" regionsrebuilding="0"/>
  </mem-info>
</gc-start>
<allocation-stats totalBytes="77581328" >
  <allocated-bytes non-tlh="0" tlh="77581328" arrayletleaf="0"/>
  <largest-consumer threadName="Thread-31" threadId="00000000026B2A00" bytes="7510680" />
</allocation-stats>
<gc-op id="4103" type="copy forward" timems="35.823" contextid="4100" timestamp="2019-08-11T05:39:30.238">
  <memory-copied type="eden" objects="10325" bytes="390744" bytesdiscarded="30344" />
  <memory-copied type="other" objects="26915" bytes="920712" bytesdiscarded="68344" />
  <memory-cardclean objects="32201" bytes="1676072" />
  <regions eden="37" other="4" />
  <remembered-set-cleared processed="23270" cleared="8065" durationms="0.201" />
  <stringconstants candidates="15061" cleared="0"  />
</gc-op>
<gc-op id="4104" type="classunload" timems="0.012" contextid="4100" timestamp="2019-08-11T05:39:30.238">
  <classunload-info classloadercandidates="55" classloadersunloaded="0" classesunloaded="0" anonymousclassesunloaded="0" quiescems="0.000" setupms="0.012" scanms="0.000" postms="0.000" />
</gc-op>
<heap-resize id="4105" type="expand" space="default" amount="10485760" count="1" timems="0.128" reason="excessive time being spent in gc" timestamp="2019-08-11T05:39:30.238" />
<gc-end id="4106" type="partial gc" contextid="4100" durationms="37.798" usertimems="42.706" systemtimems="25.331" timestamp="2019-08-11T05:39:30.238" activeThreads="16">
  <mem-info id="4107" free="174063616" total="289406976" percent="60">
    <mem type="eden" free="3773216" total="4194304" percent="89" />
    <remembered-set count="40960" freebytes="11406080" totalbytes="11569920" percent="98" regionsoverflowed="0" regionsstable="8" regionsrebuilding="0"/>
  </mem-info>
</gc-end>
<cycle-end id="4108" type="partial gc" contextid="4100" timestamp="2019-08-11T05:39:30.238" />
  <attribute name="elasticGC enabled" value="1" />
  <attribute name= "numThreadsSpecified" value="16" />
  <attribute name="heapSize specified" value="0" />
  <attribute name="Current GC Util" value="72" />
  <attribute name= "Current Time Running" value="152086" />
  <attribute name ="GC Interval" value="0" />
  <attribute name="ProportionalT" value="-4.000000" />
  <attribute name="ProportionalI" value="-4.000000" />
  <attribute name="ProportionalH" value="-4.000000" />
  <attribute name="Current Error" value="-8.000000" />
  <attribute name="IntegralT" value="-4.000000" />
  <attribute name="IntegralI" value="-4.000000" />
  <attribute name="IntegralH" value="-4.000000" />
  <attribute name="DerivativeT" value="-8.000000" />
  <attribute name="DerivativeI" value="-8.000000" />
  <attribute name="DerivativeH" value="-8.000000" />
  <attribute name="Loop Time for DT" value="1.000000" />
  <attribute name="Output H" value="4202627072"/>
  <attribute name="Output I" value="200"/>
  <attribute name="Output T" value="16"/>
  <attribute name="Target GC Util Change" value ="80.000000" />
  <attribute name="Current GC Util Change" value="72.000000"/>
  <attribute name="GC Util currently" value="72" />
  <attribute name="CPU Util currently" value="939196087346" />
<exclusive-end id="4109" timestamp="2019-08-11T05:39:30.238" durationms="40.087" />

<exclusive-start id="4110" timestamp="2019-08-11T05:39:30.387" intervalms="189.286">
  <response-info timems="6.876" idlems="3.459" threads="1" lastid="0000000002690B00" lastname="Thread-33" />
</exclusive-start>
<allocation-taxation id="4111" taxation-threshold="79691776" timestamp="2019-08-11T05:39:30.387" intervalms="189.303" />
<cycle-start id="4112" type="partial gc" contextid="0" timestamp="2019-08-11T05:39:30.388" intervalms="187.898" />
<gc-start id="4113" type="partial gc" contextid="4112" timestamp="2019-08-11T05:39:30.388">
  <mem-info id="4114" free="94371840" total="289406976" percent="32">
    <mem type="eden" free="0" total="79691776" percent="0" />
    <remembered-set count="40480" freebytes="11408000" totalbytes="11569920" percent="98" regionsoverflowed="0" regionsstable="8" regionsrebuilding="0"/>
  </mem-info>
</gc-start>
<allocation-stats totalBytes="79677616" >
  <allocated-bytes non-tlh="0" tlh="79677616" arrayletleaf="0"/>
  <largest-consumer threadName="Thread-36" threadId="00000000026BDE00" bytes="9902400" />
</allocation-stats>
<gc-op id="4115" type="copy forward" timems="13.870" contextid="4112" timestamp="2019-08-11T05:39:30.403">
  <memory-copied type="eden" objects="9860" bytes="378736" bytesdiscarded="25896" />
  <memory-copied type="other" objects="33496" bytes="1353408" bytesdiscarded="130808" />
  <memory-cardclean objects="27930" bytes="1409648" />
  <regions eden="38" other="5" />
  <remembered-set-cleared processed="24877" cleared="9718" durationms="0.178" />
  <stringconstants candidates="15061" cleared="0"  />
</gc-op>
<gc-op id="4116" type="classunload" timems="0.010" contextid="4112" timestamp="2019-08-11T05:39:30.403">
  <classunload-info classloadercandidates="55" classloadersunloaded="0" classesunloaded="0" anonymousclassesunloaded="0" quiescems="0.000" setupms="0.010" scanms="0.000" postms="0.000" />
</gc-op>
<gc-end id="4117" type="partial gc" contextid="4112" durationms="15.010" usertimems="27.907" systemtimems="27.274" timestamp="2019-08-11T05:39:30.403" activeThreads="16">
  <mem-info id="4118" free="174063616" total="289406976" percent="60">
    <mem type="eden" free="1692520" total="2097152" percent="80" />
    <remembered-set count="40576" freebytes="11407616" totalbytes="11569920" percent="98" regionsoverflowed="0" regionsstable="8" regionsrebuilding="0"/>
  </mem-info>
</gc-end>
<cycle-end id="4119" type="partial gc" contextid="4112" timestamp="2019-08-11T05:39:30.403" />
  <attribute name="elasticGC enabled" value="1" />
  <attribute name= "numThreadsSpecified" value="16" />
  <attribute name="heapSize specified" value="0" />
  <attribute name="Current GC Util" value="138" />
  <attribute name= "Current Time Running" value="152274" />
  <attribute name ="GC Interval" value="0" />
  <attribute name="ProportionalT" value="29.000000" />
  <attribute name="ProportionalI" value="29.000000" />
  <attribute name="ProportionalH" value="29.000000" />
  <attribute name="Current Error" value="58.000000" />
  <attribute name="IntegralT" value="29.000000" />
  <attribute name="IntegralI" value="29.000000" />
  <attribute name="IntegralH" value="29.000000" />
  <attribute name="DerivativeT" value="58.000000" />
  <attribute name="DerivativeI" value="58.000000" />
  <attribute name="DerivativeH" value="58.000000" />
  <attribute name="Loop Time for DT" value="1.000000" />
  <attribute name="Output H" value="8388608"/>
  <attribute name="Output I" value="200"/>
  <attribute name="Output T" value="16"/>
  <attribute name="Target GC Util Change" value ="80.000000" />
  <attribute name="Current GC Util Change" value="138.000000"/>
  <attribute name="GC Util currently" value="138" />
  <attribute name="CPU Util currently" value="1723342685899" />
<exclusive-end id="4120" timestamp="2019-08-11T05:39:30.403" durationms="15.728" />

<exclusive-start id="4121" timestamp="2019-08-11T05:39:30.455" intervalms="68.005">
  <response-info timems="1.830" idlems="0.931" threads="1" lastid="00000000026A7200" lastname="Thread-27" />
</exclusive-start>
<allocation-taxation id="4122" taxation-threshold="79691776" timestamp="2019-08-11T05:39:30.455" intervalms="67.980" />
<cycle-start id="4123" type="partial gc" contextid="0" timestamp="2019-08-11T05:39:30.456" intervalms="68.033" />
<gc-start id="4124" type="partial gc" contextid="4123" timestamp="2019-08-11T05:39:30.456">
  <mem-info id="4125" free="94371840" total="289406976" percent="32">
    <mem type="eden" free="0" total="79691776" percent="0" />
    <remembered-set count="40288" freebytes="11408768" totalbytes="11569920" percent="98" regionsoverflowed="0" regionsstable="8" regionsrebuilding="0"/>
  </mem-info>
</gc-start>
<allocation-stats totalBytes="79677936" >
  <allocated-bytes non-tlh="0" tlh="79677936" arrayletleaf="0"/>
  <largest-consumer threadName="Thread-29" threadId="00000000026AAE00" bytes="9095960" />
</allocation-stats>
<gc-op id="4126" type="copy forward" timems="25.028" contextid="4123" timestamp="2019-08-11T05:39:30.484">
  <memory-copied type="eden" objects="17110" bytes="691288" bytesdiscarded="51304" />
  <memory-copied type="other" objects="39666" bytes="1638864" bytesdiscarded="133376" />
  <memory-cardclean objects="29326" bytes="1468232" />
  <regions eden="38" other="4" />
  <remembered-set-cleared processed="24368" cleared="7782" durationms="0.547" />
  <stringconstants candidates="15061" cleared="0"  />
</gc-op>
<gc-op id="4127" type="classunload" timems="0.015" contextid="4123" timestamp="2019-08-11T05:39:30.484">
  <classunload-info classloadercandidates="55" classloadersunloaded="0" classesunloaded="0" anonymousclassesunloaded="0" quiescems="0.000" setupms="0.015" scanms="0.000" postms="0.000" />
</gc-op>
<heap-resize id="4128" type="expand" space="default" amount="4194304" count="1" timems="0.064" reason="excessive time being spent in gc" timestamp="2019-08-11T05:39:30.484" />
<gc-end id="4129" type="partial gc" contextid="4123" durationms="28.093" usertimems="59.388" systemtimems="12.380" timestamp="2019-08-11T05:39:30.484" activeThreads="16">
  <mem-info id="4130" free="176160768" total="293601280" percent="60">
    <mem type="eden" free="1354560" total="2097152" percent="64" />
    <remembered-set count="42304" freebytes="11568384" totalbytes="11737600" percent="98" regionsoverflowed="0" regionsstable="8" regionsrebuilding="0"/>
  </mem-info>
</gc-end>
<cycle-end id="4131" type="partial gc" contextid="4123" timestamp="2019-08-11T05:39:30.484" />
  <attribute name="elasticGC enabled" value="1" />
  <attribute name= "numThreadsSpecified" value="16" />
  <attribute name="heapSize specified" value="0" />
  <attribute name="Current GC Util" value="75" />
  <attribute name= "Current Time Running" value="152343" />
  <attribute name ="GC Interval" value="0" />
  <attribute name="ProportionalT" value="-2.500000" />
  <attribute name="ProportionalI" value="-2.500000" />
  <attribute name="ProportionalH" value="-2.500000" />
  <attribute name="Current Error" value="-5.000000" />
  <attribute name="IntegralT" value="-5.000000" />
  <attribute name="IntegralI" value="-5.000000" />
  <attribute name="IntegralH" value="-5.000000" />
  <attribute name="DerivativeT" value="-2.500000" />
  <attribute name="DerivativeI" value="-2.500000" />
  <attribute name="DerivativeH" value="-2.500000" />
  <attribute name="Loop Time for DT" value="2.000000" />
  <attribute name="Output H" value="4202627072"/>
  <attribute name="Output I" value="200"/>
  <attribute name="Output T" value="16"/>
  <attribute name="Target GC Util Change" value ="80.000000" />
  <attribute name="Current GC Util Change" value="75.000000"/>
  <attribute name="GC Util currently" value="75" />
  <attribute name="CPU Util currently" value="549978164720" />
<exclusive-end id="4132" timestamp="2019-08-11T05:39:30.484" durationms="29.039" />

<exclusive-start id="4133" timestamp="2019-08-11T05:39:30.617" intervalms="161.780">
  <response-info timems="3.787" idlems="0.974" threads="6" lastid="0000000002690B00" lastname="Thread-33" />
</exclusive-start>
<allocation-taxation id="4134" taxation-threshold="79691776" timestamp="2019-08-11T05:39:30.617" intervalms="161.789" />
<cycle-start id="4135" type="partial gc" contextid="0" timestamp="2019-08-11T05:39:30.617" intervalms="161.765" />
<gc-start id="4136" type="partial gc" contextid="4135" timestamp="2019-08-11T05:39:30.618">
  <mem-info id="4137" free="96468992" total="293601280" percent="32">
    <mem type="eden" free="0" total="79691776" percent="0" />
    <remembered-set count="41888" freebytes="11570048" totalbytes="11737600" percent="98" regionsoverflowed="0" regionsstable="8" regionsrebuilding="0"/>
  </mem-info>
</gc-start>
<allocation-stats totalBytes="79677728" >
  <allocated-bytes non-tlh="0" tlh="79677728" arrayletleaf="0"/>
  <largest-consumer threadName="Thread-34" threadId="000000000269FB00" bytes="8284768" />
</allocation-stats>
<gc-op id="4138" type="copy forward" timems="12.769" contextid="4135" timestamp="2019-08-11T05:39:30.632">
  <memory-copied type="eden" objects="10391" bytes="391232" bytesdiscarded="71944" />
  <memory-copied type="other" objects="39864" bytes="1780992" bytesdiscarded="185736" />
  <memory-cardclean objects="20881" bytes="1103744" />
  <regions eden="38" other="4" />
  <remembered-set-cleared processed="26560" cleared="11400" durationms="0.227" />
  <stringconstants candidates="15061" cleared="0"  />
</gc-op>
<gc-op id="4139" type="classunload" timems="0.012" contextid="4135" timestamp="2019-08-11T05:39:30.632">
  <classunload-info classloadercandidates="55" classloadersunloaded="0" classesunloaded="0" anonymousclassesunloaded="0" quiescems="0.000" setupms="0.012" scanms="0.000" postms="0.000" />
</gc-op>
<heap-resize id="4140" type="expand" space="default" amount="6291456" count="1" timems="0.071" reason="excessive time being spent in gc" timestamp="2019-08-11T05:39:30.632" />
<gc-end id="4141" type="partial gc" contextid="4135" durationms="14.258" usertimems="41.623" systemtimems="14.569" timestamp="2019-08-11T05:39:30.632" activeThreads="16">
  <mem-info id="4142" free="180355072" total="299892736" percent="60">
    <mem type="eden" free="1633976" total="2097152" percent="77" />
    <remembered-set count="41376" freebytes="11823616" totalbytes="11989120" percent="98" regionsoverflowed="0" regionsstable="8" regionsrebuilding="0"/>
  </mem-info>
</gc-end>
<cycle-end id="4143" type="partial gc" contextid="4135" timestamp="2019-08-11T05:39:30.632" />
  <attribute name="elasticGC enabled" value="1" />
  <attribute name= "numThreadsSpecified" value="16" />
  <attribute name="heapSize specified" value="0" />
  <attribute name="Current GC Util" value="136" />
  <attribute name= "Current Time Running" value="152504" />
  <attribute name ="GC Interval" value="0" />
  <attribute name="ProportionalT" value="28.000000" />
  <attribute name="ProportionalI" value="28.000000" />
  <attribute name="ProportionalH" value="28.000000" />
  <attribute name="Current Error" value="56.000000" />
  <attribute name="IntegralT" value="28.000000" />
  <attribute name="IntegralI" value="28.000000" />
  <attribute name="IntegralH" value="28.000000" />
  <attribute name="DerivativeT" value="56.000000" />
  <attribute name="DerivativeI" value="56.000000" />
  <attribute name="DerivativeH" value="56.000000" />
  <attribute name="Loop Time for DT" value="1.000000" />
  <attribute name="Output H" value="8388608"/>
  <attribute name="Output I" value="200"/>
  <attribute name="Output T" value="16"/>
  <attribute name="Target GC Util Change" value ="80.000000" />
  <attribute name="Current GC Util Change" value="136.000000"/>
  <attribute name="GC Util currently" value="136" />
  <attribute name="CPU Util currently" value="1773370597015" />
<exclusive-end id="4144" timestamp="2019-08-11T05:39:30.632" durationms="14.958" />

<exclusive-start id="4145" timestamp="2019-08-11T05:39:30.765" intervalms="147.481">
  <response-info timems="4.664" idlems="1.826" threads="12" lastid="00000000026CCE00" lastname="Thread-23" />
</exclusive-start>
<allocation-taxation id="4146" taxation-threshold="81788928" timestamp="2019-08-11T05:39:30.765" intervalms="147.490" />
<cycle-start id="4147" type="partial gc" contextid="0" timestamp="2019-08-11T05:39:30.765" intervalms="147.427" />
<gc-start id="4148" type="partial gc" contextid="4147" timestamp="2019-08-11T05:39:30.765">
  <mem-info id="4149" free="98566144" total="299892736" percent="32">
    <mem type="eden" free="0" total="81788928" percent="0" />
    <remembered-set count="41024" freebytes="11825024" totalbytes="11989120" percent="98" regionsoverflowed="0" regionsstable="8" regionsrebuilding="0"/>
  </mem-info>
</gc-start>
<allocation-stats totalBytes="81774376" >
  <allocated-bytes non-tlh="0" tlh="81774376" arrayletleaf="0"/>
  <largest-consumer threadName="Thread-24" threadId="00000000026DBD00" bytes="11479016" />
</allocation-stats>
<gc-op id="4150" type="copy forward" timems="9.554" contextid="4147" timestamp="2019-08-11T05:39:30.776">
  <memory-copied type="eden" objects="18060" bytes="714544" bytesdiscarded="0" />
  <memory-copied type="other" objects="45024" bytes="1904832" bytesdiscarded="0" />
  <memory-cardclean objects="20537" bytes="1082288" />
  <regions eden="39" other="4" />
  <remembered-set-cleared processed="24446" cleared="6096" durationms="0.716" />
  <stringconstants candidates="15061" cleared="0"  />
</gc-op>
<gc-op id="4151" type="classunload" timems="0.014" contextid="4147" timestamp="2019-08-11T05:39:30.776">
  <classunload-info classloadercandidates="55" classloadersunloaded="0" classesunloaded="0" anonymousclassesunloaded="0" quiescems="0.000" setupms="0.014" scanms="0.000" postms="0.000" />
</gc-op>
<heap-resize id="4152" type="expand" space="default" amount="4194304" count="1" timems="0.065" reason="excessive time being spent in gc" timestamp="2019-08-11T05:39:30.777" />
<gc-end id="4153" type="partial gc" contextid="4147" durationms="11.577" usertimems="12.118" systemtimems="0.843" timestamp="2019-08-11T05:39:30.777" activeThreads="1">
  <mem-info id="4154" free="182452224" total="304087040" percent="60">
    <mem type="eden" free="1382608" total="2097152" percent="65" />
    <remembered-set count="45600" freebytes="11974400" totalbytes="12156800" percent="98" regionsoverflowed="0" regionsstable="8" regionsrebuilding="0"/>
  </mem-info>
</gc-end>
<cycle-end id="4155" type="partial gc" contextid="4147" timestamp="2019-08-11T05:39:30.777" />
  <attribute name="elasticGC enabled" value="1" />
  <attribute name= "numThreadsSpecified" value="1" />
  <attribute name="heapSize specified" value="0" />
  <attribute name="Current GC Util" value="159" />
  <attribute name= "Current Time Running" value="152651" />
  <attribute name ="GC Interval" value="0" />
  <attribute name="ProportionalT" value="39.500000" />
  <attribute name="ProportionalI" value="39.500000" />
  <attribute name="ProportionalH" value="39.500000" />
  <attribute name="Current Error" value="79.000000" />
  <attribute name="IntegralT" value="0.000000" />
  <attribute name="IntegralI" value="0.000000" />
  <attribute name="IntegralH" value="0.000000" />
  <attribute name="DerivativeT" value="inf" />
  <attribute name="DerivativeI" value="inf" />
  <attribute name="DerivativeH" value="inf" />
  <attribute name="Loop Time for DT" value="0.000000" />
  <attribute name="Output H" value="8388608"/>
  <attribute name="Output I" value="200"/>
  <attribute name="Output T" value="1"/>
  <attribute name="Target GC Util Change" value ="80.000000" />
  <attribute name="Current GC Util Change" value="159.000000"/>
  <attribute name="GC Util currently" value="159" />
  <attribute name="CPU Util currently" value="1620461976941" />
<exclusive-end id="4156" timestamp="2019-08-11T05:39:30.777" durationms="12.414" />

<exclusive-start id="4157" timestamp="2019-08-11T05:39:30.840" intervalms="75.485">
  <response-info timems="2.955" idlems="2.955" threads="0" lastid="0000000002689300" lastname="Thread-26" />
</exclusive-start>
<allocation-taxation id="4158" taxation-threshold="83886080" timestamp="2019-08-11T05:39:30.840" intervalms="75.460" />
<cycle-start id="4159" type="partial gc" contextid="0" timestamp="2019-08-11T05:39:30.840" intervalms="75.476" />
<gc-start id="4160" type="partial gc" contextid="4159" timestamp="2019-08-11T05:39:30.841">
  <mem-info id="4161" free="98566144" total="304087040" percent="32">
    <mem type="eden" free="0" total="83886080" percent="0" />
    <remembered-set count="45184" freebytes="11976064" totalbytes="12156800" percent="98" regionsoverflowed="0" regionsstable="8" regionsrebuilding="0"/>
  </mem-info>
</gc-start>
<allocation-stats totalBytes="83871688" >
  <allocated-bytes non-tlh="0" tlh="83871688" arrayletleaf="0"/>
  <largest-consumer threadName="Thread-24" threadId="00000000026DBD00" bytes="10103208" />
</allocation-stats>
<gc-op id="4162" type="copy forward" timems="17.405" contextid="4159" timestamp="2019-08-11T05:39:30.859">
  <memory-copied type="eden" objects="12842" bytes="452376" bytesdiscarded="44488" />
  <memory-copied type="other" objects="33221" bytes="1346808" bytesdiscarded="139152" />
  <memory-cardclean objects="28463" bytes="1492424" />
  <regions eden="40" other="4" />
  <remembered-set-cleared processed="25840" cleared="8367" durationms="0.237" />
  <stringconstants candidates="15061" cleared="0"  />
</gc-op>
<gc-op id="4163" type="classunload" timems="0.013" contextid="4159" timestamp="2019-08-11T05:39:30.859">
  <classunload-info classloadercandidates="55" classloadersunloaded="0" classesunloaded="0" anonymousclassesunloaded="0" quiescems="0.000" setupms="0.013" scanms="0.000" postms="0.000" />
</gc-op>
<heap-resize id="4164" type="expand" space="default" amount="6291456" count="1" timems="0.094" reason="excessive time being spent in gc" timestamp="2019-08-11T05:39:30.860" />
<gc-end id="4165" type="partial gc" contextid="4159" durationms="19.329" usertimems="23.949" systemtimems="13.606" timestamp="2019-08-11T05:39:30.860" activeThreads="16">
  <mem-info id="4166" free="186646528" total="310378496" percent="60">
    <mem type="eden" free="1600288" total="2097152" percent="76" />
    <remembered-set count="42304" freebytes="12239104" totalbytes="12408320" percent="98" regionsoverflowed="0" regionsstable="8" regionsrebuilding="0"/>
  </mem-info>
</gc-end>
<cycle-end id="4167" type="partial gc" contextid="4159" timestamp="2019-08-11T05:39:30.860" />
  <attribute name="elasticGC enabled" value="1" />
  <attribute name= "numThreadsSpecified" value="16" />
  <attribute name="heapSize specified" value="0" />
  <attribute name="Current GC Util" value="155" />
  <attribute name= "Current Time Running" value="152727" />
  <attribute name ="GC Interval" value="0" />
  <attribute name="ProportionalT" value="37.500000" />
  <attribute name="ProportionalI" value="37.500000" />
  <attribute name="ProportionalH" value="37.500000" />
  <attribute name="Current Error" value="75.000000" />
  <attribute name="IntegralT" value="37.500000" />
  <attribute name="IntegralI" value="37.500000" />
  <attribute name="IntegralH" value="37.500000" />
  <attribute name="DerivativeT" value="75.000000" />
  <attribute name="DerivativeI" value="75.000000" />
  <attribute name="DerivativeH" value="75.000000" />
  <attribute name="Loop Time for DT" value="1.000000" />
  <attribute name="Output H" value="8388608"/>
  <attribute name="Output I" value="200"/>
  <attribute name="Output T" value="16"/>
  <attribute name="Target GC Util Change" value ="80.000000" />
  <attribute name="Current GC Util Change" value="155.000000"/>
  <attribute name="GC Util currently" value="155" />
  <attribute name="CPU Util currently" value="1054246099470" />
<exclusive-end id="4168" timestamp="2019-08-11T05:39:30.860" durationms="20.088" />

<exclusive-start id="4169" timestamp="2019-08-11T05:39:30.931" intervalms="90.893">
  <response-info timems="2.579" idlems="2.579" threads="0" lastid="0000000002689300" lastname="Thread-26" />
</exclusive-start>
<allocation-taxation id="4170" taxation-threshold="83886080" timestamp="2019-08-11T05:39:30.931" intervalms="90.905" />
<cycle-start id="4171" type="partial gc" contextid="0" timestamp="2019-08-11T05:39:30.931" intervalms="91.079" />
<gc-start id="4172" type="partial gc" contextid="4171" timestamp="2019-08-11T05:39:30.932">
  <mem-info id="4173" free="102760448" total="310378496" percent="33">
    <mem type="eden" free="0" total="83886080" percent="0" />
    <remembered-set count="42016" freebytes="12240256" totalbytes="12408320" percent="98" regionsoverflowed="0" regionsstable="8" regionsrebuilding="0"/>
  </mem-info>
</gc-start>
<allocation-stats totalBytes="83872008" >
  <allocated-bytes non-tlh="0" tlh="83872008" arrayletleaf="0"/>
  <largest-consumer threadName="Thread-31" threadId="00000000026B2A00" bytes="9800208" />
</allocation-stats>
<gc-op id="4174" type="copy forward" timems="24.335" contextid="4171" timestamp="2019-08-11T05:39:30.958">
  <memory-copied type="eden" objects="28277" bytes="1097232" bytesdiscarded="77880" />
  <memory-copied type="other" objects="43022" bytes="1719408" bytesdiscarded="156368" />
  <memory-cardclean objects="26731" bytes="1364240" />
  <regions eden="40" other="4" />
  <remembered-set-cleared processed="24886" cleared="5093" durationms="0.222" />
  <stringconstants candidates="15061" cleared="0"  />
</gc-op>
<gc-op id="4175" type="classunload" timems="0.014" contextid="4171" timestamp="2019-08-11T05:39:30.958">
  <classunload-info classloadercandidates="55" classloadersunloaded="0" classesunloaded="0" anonymousclassesunloaded="0" quiescems="0.000" setupms="0.014" scanms="0.000" postms="0.000" />
</gc-op>
<heap-resize id="4176" type="expand" space="default" amount="4194304" count="1" timems="0.097" reason="excessive time being spent in gc" timestamp="2019-08-11T05:39:30.958" />
<gc-end id="4177" type="partial gc" contextid="4171" durationms="26.695" usertimems="53.533" systemtimems="24.097" timestamp="2019-08-11T05:39:30.958" activeThreads="16">
  <mem-info id="4178" free="188743680" total="314572800" percent="60">
    <mem type="eden" free="922040" total="2097152" percent="43" />
    <remembered-set count="46240" freebytes="12391040" totalbytes="12576000" percent="98" regionsoverflowed="0" regionsstable="8" regionsrebuilding="0"/>
  </mem-info>
</gc-end>
<cycle-end id="4179" type="partial gc" contextid="4171" timestamp="2019-08-11T05:39:30.959" />
  <attribute name="elasticGC enabled" value="1" />
  <attribute name= "numThreadsSpecified" value="16" />
  <attribute name="heapSize specified" value="0" />
  <attribute name="Current GC Util" value="72" />
  <attribute name= "Current Time Running" value="152818" />
  <attribute name ="GC Interval" value="0" />
  <attribute name="ProportionalT" value="-4.000000" />
  <attribute name="ProportionalI" value="-4.000000" />
  <attribute name="ProportionalH" value="-4.000000" />
  <attribute name="Current Error" value="-8.000000" />
  <attribute name="IntegralT" value="-4.000000" />
  <attribute name="IntegralI" value="-4.000000" />
  <attribute name="IntegralH" value="-4.000000" />
  <attribute name="DerivativeT" value="-8.000000" />
  <attribute name="DerivativeI" value="-8.000000" />
  <attribute name="DerivativeH" value="-8.000000" />
  <attribute name="Loop Time for DT" value="1.000000" />
  <attribute name="Output H" value="4202627072"/>
  <attribute name="Output I" value="200"/>
  <attribute name="Output T" value="16"/>
  <attribute name="Target GC Util Change" value ="80.000000" />
  <attribute name="Current GC Util Change" value="72.000000"/>
  <attribute name="GC Util currently" value="72" />
  <attribute name="CPU Util currently" value="788757035094" />
<exclusive-end id="4180" timestamp="2019-08-11T05:39:30.959" durationms="27.700" />

<exclusive-start id="4181" timestamp="2019-08-11T05:39:31.044" intervalms="113.068">
  <response-info timems="3.052" idlems="3.052" threads="0" lastid="0000000002689300" lastname="Thread-26" />
</exclusive-start>
<allocation-taxation id="4182" taxation-threshold="85983232" timestamp="2019-08-11T05:39:31.044" intervalms="113.156" />
<cycle-start id="4183" type="partial gc" contextid="0" timestamp="2019-08-11T05:39:31.045" intervalms="113.259" />
<gc-start id="4184" type="partial gc" contextid="4183" timestamp="2019-08-11T05:39:31.045">
  <mem-info id="4185" free="102760448" total="314572800" percent="32">
    <mem type="eden" free="0" total="85983232" percent="0" />
    <remembered-set count="45824" freebytes="12392704" totalbytes="12576000" percent="98" regionsoverflowed="0" regionsstable="8" regionsrebuilding="0"/>
  </mem-info>
</gc-start>
<allocation-stats totalBytes="85969160" >
  <allocated-bytes non-tlh="0" tlh="85969160" arrayletleaf="0"/>
  <largest-consumer threadName="Thread-32" threadId="00000000026E3500" bytes="7404408" />
</allocation-stats>
<gc-op id="4186" type="copy forward" timems="11.163" contextid="4183" timestamp="2019-08-11T05:39:31.057">
  <memory-copied type="eden" objects="23051" bytes="971656" bytesdiscarded="157688" />
  <memory-copied type="other" objects="34836" bytes="1248192" bytesdiscarded="141080" />
  <memory-cardclean objects="31582" bytes="1624160" />
  <regions eden="41" other="4" />
  <remembered-set-cleared processed="26971" cleared="7504" durationms="0.255" />
  <stringconstants candidates="15061" cleared="0"  />
</gc-op>
<gc-op id="4187" type="classunload" timems="0.015" contextid="4183" timestamp="2019-08-11T05:39:31.058">
  <classunload-info classloadercandidates="55" classloadersunloaded="0" classesunloaded="0" anonymousclassesunloaded="0" quiescems="0.000" setupms="0.014" scanms="0.000" postms="0.000" />
</gc-op>
<heap-resize id="4188" type="expand" space="default" amount="6291456" count="1" timems="0.061" reason="excessive time being spent in gc" timestamp="2019-08-11T05:39:31.058" />
<gc-end id="4189" type="partial gc" contextid="4183" durationms="13.145" usertimems="35.815" systemtimems="6.129" timestamp="2019-08-11T05:39:31.058" activeThreads="16">
  <mem-info id="4190" free="192937984" total="320864256" percent="60">
    <mem type="eden" free="967808" total="2097152" percent="46" />
    <remembered-set count="47744" freebytes="12636544" totalbytes="12827520" percent="98" regionsoverflowed="0" regionsstable="8" regionsrebuilding="0"/>
  </mem-info>
</gc-end>
<cycle-end id="4191" type="partial gc" contextid="4183" timestamp="2019-08-11T05:39:31.058" />
  <attribute name="elasticGC enabled" value="1" />
  <attribute name= "numThreadsSpecified" value="16" />
  <attribute name="heapSize specified" value="0" />
  <attribute name="Current GC Util" value="132" />
  <attribute name= "Current Time Running" value="152931" />
  <attribute name ="GC Interval" value="0" />
  <attribute name="ProportionalT" value="26.000000" />
  <attribute name="ProportionalI" value="26.000000" />
  <attribute name="ProportionalH" value="26.000000" />
  <attribute name="Current Error" value="52.000000" />
  <attribute name="IntegralT" value="26.000000" />
  <attribute name="IntegralI" value="26.000000" />
  <attribute name="IntegralH" value="26.000000" />
  <attribute name="DerivativeT" value="52.000000" />
  <attribute name="DerivativeI" value="52.000000" />
  <attribute name="DerivativeH" value="52.000000" />
  <attribute name="Loop Time for DT" value="1.000000" />
  <attribute name="Output H" value="8388608"/>
  <attribute name="Output I" value="200"/>
  <attribute name="Output T" value="16"/>
  <attribute name="Target GC Util Change" value ="80.000000" />
  <attribute name="Current GC Util Change" value="132.000000"/>
  <attribute name="GC Util currently" value="132" />
  <attribute name="CPU Util currently" value="1584196834796" />
<exclusive-end id="4192" timestamp="2019-08-11T05:39:31.059" durationms="14.507" />

<exclusive-start id="4193" timestamp="2019-08-11T05:39:31.148" intervalms="104.248">
  <response-info timems="0.999" idlems="0.999" threads="0" lastid="00000000026CCE00" lastname="Thread-23" />
</exclusive-start>
<allocation-taxation id="4194" taxation-threshold="88080384" timestamp="2019-08-11T05:39:31.148" intervalms="104.196" />
<cycle-start id="4195" type="partial gc" contextid="0" timestamp="2019-08-11T05:39:31.149" intervalms="104.155" />
<gc-start id="4196" type="partial gc" contextid="4195" timestamp="2019-08-11T05:39:31.149">
  <mem-info id="4197" free="104857600" total="320864256" percent="32">
    <mem type="eden" free="0" total="88080384" percent="0" />
    <remembered-set count="47520" freebytes="12637440" totalbytes="12827520" percent="98" regionsoverflowed="0" regionsstable="8" regionsrebuilding="0"/>
  </mem-info>
</gc-start>
<allocation-stats totalBytes="88065568" >
  <allocated-bytes non-tlh="0" tlh="88065568" arrayletleaf="0"/>
  <largest-consumer threadName="Thread-36" threadId="00000000026BDE00" bytes="8022624" />
</allocation-stats>
<gc-op id="4198" type="copy forward" timems="19.856" contextid="4195" timestamp="2019-08-11T05:39:31.170">
  <memory-copied type="eden" objects="12741" bytes="312192" bytesdiscarded="64792" />
  <memory-copied type="other" objects="74247" bytes="3018312" bytesdiscarded="282368" />
  <memory-cardclean objects="28438" bytes="1450064" />
  <regions eden="42" other="5" />
  <remembered-set-cleared processed="26370" cleared="5415" durationms="0.301" />
  <stringconstants candidates="15061" cleared="0"  />
</gc-op>
<gc-op id="4199" type="classunload" timems="0.014" contextid="4195" timestamp="2019-08-11T05:39:31.170">
  <classunload-info classloadercandidates="55" classloadersunloaded="0" classesunloaded="0" anonymousclassesunloaded="0" quiescems="0.000" setupms="0.013" scanms="0.000" postms="0.000" />
</gc-op>
<heap-resize id="4200" type="expand" space="default" amount="4194304" count="1" timems="0.062" reason="excessive time being spent in gc" timestamp="2019-08-11T05:39:31.170" />
<gc-end id="4201" type="partial gc" contextid="4195" durationms="21.373" usertimems="39.797" systemtimems="19.172" timestamp="2019-08-11T05:39:31.171" activeThreads="16">
  <mem-info id="4202" free="195035136" total="325058560" percent="60">
    <mem type="eden" free="1720168" total="2097152" percent="82" />
    <remembered-set count="49280" freebytes="12798080" totalbytes="12995200" percent="98" regionsoverflowed="0" regionsstable="8" regionsrebuilding="0"/>
  </mem-info>
</gc-end>
<cycle-end id="4203" type="partial gc" contextid="4195" timestamp="2019-08-11T05:39:31.171" />
  <attribute name="elasticGC enabled" value="1" />
  <attribute name= "numThreadsSpecified" value="16" />
  <attribute name="heapSize specified" value="0" />
  <attribute name="Current GC Util" value="115" />
  <attribute name= "Current Time Running" value="153035" />
  <attribute name ="GC Interval" value="0" />
  <attribute name="ProportionalT" value="17.500000" />
  <attribute name="ProportionalI" value="17.500000" />
  <attribute name="ProportionalH" value="17.500000" />
  <attribute name="Current Error" value="35.000000" />
  <attribute name="IntegralT" value="17.500000" />
  <attribute name="IntegralI" value="17.500000" />
  <attribute name="IntegralH" value="17.500000" />
  <attribute name="DerivativeT" value="35.000000" />
  <attribute name="DerivativeI" value="35.000000" />
  <attribute name="DerivativeH" value="35.000000" />
  <attribute name="Loop Time for DT" value="1.000000" />
  <attribute name="Output H" value="8388608"/>
  <attribute name="Output I" value="200"/>
  <attribute name="Output T" value="16"/>
  <attribute name="Target GC Util Change" value ="80.000000" />
  <attribute name="Current GC Util Change" value="115.000000"/>
  <attribute name="GC Util currently" value="115" />
  <attribute name="CPU Util currently" value="1512843545916" />
<exclusive-end id="4204" timestamp="2019-08-11T05:39:31.171" durationms="22.403" />

<exclusive-start id="4205" timestamp="2019-08-11T05:39:31.272" intervalms="123.423">
  <response-info timems="11.508" idlems="11.508" threads="0" lastid="0000000002690B00" lastname="Thread-33" />
</exclusive-start>
<allocation-taxation id="4206" taxation-threshold="88080384" timestamp="2019-08-11T05:39:31.272" intervalms="123.601" />
<cycle-start id="4207" type="partial gc" contextid="0" timestamp="2019-08-11T05:39:31.275" intervalms="126.303" />
<gc-start id="4208" type="partial gc" contextid="4207" timestamp="2019-08-11T05:39:31.275">
  <mem-info id="4209" free="106954752" total="325058560" percent="32">
    <mem type="eden" free="0" total="88080384" percent="0" />
    <remembered-set count="49120" freebytes="12798720" totalbytes="12995200" percent="98" regionsoverflowed="0" regionsstable="8" regionsrebuilding="0"/>
  </mem-info>
</gc-start>
<allocation-stats totalBytes="88065376" >
  <allocated-bytes non-tlh="0" tlh="88065376" arrayletleaf="0"/>
  <largest-consumer threadName="Thread-33" threadId="0000000002690B00" bytes="10479744" />
</allocation-stats>
<gc-op id="4210" type="copy forward" timems="42.670" contextid="4207" timestamp="2019-08-11T05:39:31.320">
  <memory-copied type="eden" objects="23180" bytes="974880" bytesdiscarded="75656" />
  <memory-copied type="other" objects="50192" bytes="1891488" bytesdiscarded="188264" />
  <memory-cardclean objects="31721" bytes="1645328" />
  <regions eden="42" other="5" />
  <remembered-set-cleared processed="28717" cleared="8712" durationms="0.521" />
  <stringconstants candidates="15061" cleared="0"  />
</gc-op>
<gc-op id="4211" type="classunload" timems="0.015" contextid="4207" timestamp="2019-08-11T05:39:31.320">
  <classunload-info classloadercandidates="55" classloadersunloaded="0" classesunloaded="0" anonymousclassesunloaded="0" quiescems="0.000" setupms="0.015" scanms="0.000" postms="0.000" />
</gc-op>
<heap-resize id="4212" type="expand" space="default" amount="6291456" count="1" timems="0.071" reason="excessive time being spent in gc" timestamp="2019-08-11T05:39:31.320" />
<gc-end id="4213" type="partial gc" contextid="4207" durationms="44.928" usertimems="61.228" systemtimems="9.925" timestamp="2019-08-11T05:39:31.320" activeThreads="16">
  <mem-info id="4214" free="199229440" total="331350016" percent="60">
    <mem type="eden" free="1046616" total="2097152" percent="49" />
    <remembered-set count="47296" freebytes="13057536" totalbytes="13246720" percent="98" regionsoverflowed="0" regionsstable="8" regionsrebuilding="0"/>
  </mem-info>
</gc-end>
<cycle-end id="4215" type="partial gc" contextid="4207" timestamp="2019-08-11T05:39:31.320" />
  <attribute name="elasticGC enabled" value="1" />
  <attribute name= "numThreadsSpecified" value="16" />
  <attribute name="heapSize specified" value="0" />
  <attribute name="Current GC Util" value="60" />
  <attribute name= "Current Time Running" value="153162" />
  <attribute name ="GC Interval" value="0" />
  <attribute name="ProportionalT" value="-10.000000" />
  <attribute name="ProportionalI" value="-10.000000" />
  <attribute name="ProportionalH" value="-10.000000" />
  <attribute name="Current Error" value="-20.000000" />
  <attribute name="IntegralT" value="-10.000000" />
  <attribute name="IntegralI" value="-10.000000" />
  <attribute name="IntegralH" value="-10.000000" />
  <attribute name="DerivativeT" value="-20.000000" />
  <attribute name="DerivativeI" value="-20.000000" />
  <attribute name="DerivativeH" value="-20.000000" />
  <attribute name="Loop Time for DT" value="1.000000" />
  <attribute name="Output H" value="4202627072"/>
  <attribute name="Output I" value="200"/>
  <attribute name="Output T" value="16"/>
  <attribute name="Target GC Util Change" value ="80.000000" />
  <attribute name="Current GC Util Change" value="60.000000"/>
  <attribute name="GC Util currently" value="60" />
  <attribute name="CPU Util currently" value="840326025601" />
<exclusive-end id="4216" timestamp="2019-08-11T05:39:31.320" durationms="48.752" />

<exclusive-start id="4217" timestamp="2019-08-11T05:39:31.433" intervalms="161.073">
  <response-info timems="3.636" idlems="2.289" threads="1" lastid="00000000026CCE00" lastname="Thread-23" />
</exclusive-start>
<allocation-taxation id="4218" taxation-threshold="90177536" timestamp="2019-08-11T05:39:31.433" intervalms="160.871" />
<cycle-start id="4219" type="partial gc" contextid="0" timestamp="2019-08-11T05:39:31.434" intervalms="158.935" />
<gc-start id="4220" type="partial gc" contextid="4219" timestamp="2019-08-11T05:39:31.434">
  <mem-info id="4221" free="109051904" total="331350016" percent="32">
    <mem type="eden" free="0" total="90177536" percent="0" />
    <remembered-set count="47008" freebytes="13058688" totalbytes="13246720" percent="98" regionsoverflowed="0" regionsstable="8" regionsrebuilding="0"/>
  </mem-info>
</gc-start>
<allocation-stats totalBytes="90162560" >
  <allocated-bytes non-tlh="0" tlh="90162560" arrayletleaf="0"/>
  <largest-consumer threadName="Thread-33" threadId="0000000002690B00" bytes="10287504" />
</allocation-stats>
<gc-op id="4222" type="copy forward" timems="31.317" contextid="4219" timestamp="2019-08-11T05:39:31.469">
  <memory-copied type="eden" objects="11558" bytes="421664" bytesdiscarded="39024" />
  <memory-copied type="other" objects="41314" bytes="1678416" bytesdiscarded="98224" />
  <memory-cardclean objects="34250" bytes="1730912" />
  <regions eden="43" other="5" />
  <remembered-set-cleared processed="29693" cleared="11505" durationms="1.694" />
  <stringconstants candidates="15061" cleared="0"  />
</gc-op>
<gc-op id="4223" type="classunload" timems="0.010" contextid="4219" timestamp="2019-08-11T05:39:31.469">
  <classunload-info classloadercandidates="55" classloadersunloaded="0" classesunloaded="0" anonymousclassesunloaded="0" quiescems="0.000" setupms="0.010" scanms="0.000" postms="0.000" />
</gc-op>
<heap-resize id="4224" type="expand" space="default" amount="4194304" count="1" timems="0.054" reason="excessive time being spent in gc" timestamp="2019-08-11T05:39:31.469" />
<gc-end id="4225" type="partial gc" contextid="4219" durationms="34.904" usertimems="22.168" systemtimems="9.599" timestamp="2019-08-11T05:39:31.469" activeThreads="16">
  <mem-info id="4226" free="201326592" total="335544320" percent="60">
    <mem type="eden" free="1636464" total="2097152" percent="78" />
    <remembered-set count="48416" freebytes="13220736" totalbytes="13414400" percent="98" regionsoverflowed="0" regionsstable="8" regionsrebuilding="0"/>
  </mem-info>
</gc-end>
<cycle-end id="4227" type="partial gc" contextid="4219" timestamp="2019-08-11T05:39:31.469" />
  <attribute name="elasticGC enabled" value="1" />
  <attribute name= "numThreadsSpecified" value="16" />
  <attribute name="heapSize specified" value="0" />
  <attribute name="Current GC Util" value="26" />
  <attribute name= "Current Time Running" value="153322" />
  <attribute name ="GC Interval" value="0" />
  <attribute name="ProportionalT" value="-27.000000" />
  <attribute name="ProportionalI" value="-27.000000" />
  <attribute name="ProportionalH" value="-27.000000" />
  <attribute name="Current Error" value="-54.000000" />
  <attribute name="IntegralT" value="-81.000000" />
  <attribute name="IntegralI" value="-81.000000" />
  <attribute name="IntegralH" value="-81.000000" />
  <attribute name="DerivativeT" value="-18.000000" />
  <attribute name="DerivativeI" value="-18.000000" />
  <attribute name="DerivativeH" value="-18.000000" />
  <attribute name="Loop Time for DT" value="3.000000" />
  <attribute name="Output H" value="4202627072"/>
  <attribute name="Output I" value="200"/>
  <attribute name="Output T" value="16"/>
  <attribute name="Target GC Util Change" value ="80.000000" />
  <attribute name="Current GC Util Change" value="26.000000"/>
  <attribute name="GC Util currently" value="26" />
  <attribute name="CPU Util currently" value="398334903543" />
<exclusive-end id="4228" timestamp="2019-08-11T05:39:31.469" durationms="36.498" />

<exclusive-start id="4229" timestamp="2019-08-11T05:39:31.547" intervalms="114.168">
  <response-info timems="4.698" idlems="4.698" threads="0" lastid="00000000026E3500" lastname="Thread-32" />
</exclusive-start>
<allocation-taxation id="4230" taxation-threshold="90177536" timestamp="2019-08-11T05:39:31.547" intervalms="114.152" />
<cycle-start id="4231" type="partial gc" contextid="0" timestamp="2019-08-11T05:39:31.547" intervalms="113.256" />
<gc-start id="4232" type="partial gc" contextid="4231" timestamp="2019-08-11T05:39:31.547">
  <mem-info id="4233" free="111149056" total="335544320" percent="33">
    <mem type="eden" free="0" total="90177536" percent="0" />
    <remembered-set count="48288" freebytes="13221248" totalbytes="13414400" percent="98" regionsoverflowed="0" regionsstable="8" regionsrebuilding="0"/>
  </mem-info>
</gc-start>
<allocation-stats totalBytes="90162456" >
  <allocated-bytes non-tlh="0" tlh="90162456" arrayletleaf="0"/>
  <largest-consumer threadName="Thread-32" threadId="00000000026E3500" bytes="10934616" />
</allocation-stats>
<gc-op id="4234" type="copy forward" timems="54.256" contextid="4231" timestamp="2019-08-11T05:39:31.605">
  <memory-copied type="eden" objects="14122" bytes="482824" bytesdiscarded="50296" />
  <memory-copied type="other" objects="55734" bytes="2299248" bytesdiscarded="161152" />
  <memory-cardclean objects="33800" bytes="1722152" />
  <regions eden="43" other="5" />
  <remembered-set-cleared processed="29129" cleared="8471" durationms="0.223" />
  <stringconstants candidates="15061" cleared="0"  />
</gc-op>
<gc-op id="4235" type="classunload" timems="0.018" contextid="4231" timestamp="2019-08-11T05:39:31.605">
  <classunload-info classloadercandidates="55" classloadersunloaded="0" classesunloaded="0" anonymousclassesunloaded="0" quiescems="0.000" setupms="0.018" scanms="0.000" postms="0.000" />
</gc-op>
<heap-resize id="4236" type="expand" space="default" amount="6291456" count="1" timems="0.073" reason="excessive time being spent in gc" timestamp="2019-08-11T05:39:31.605" />
<gc-end id="4237" type="partial gc" contextid="4231" durationms="57.829" usertimems="37.018" systemtimems="22.262" timestamp="2019-08-11T05:39:31.605" activeThreads="16">
  <mem-info id="4238" free="205520896" total="341835776" percent="60">
    <mem type="eden" free="1564032" total="2097152" percent="74" />
    <remembered-set count="49344" freebytes="13468544" totalbytes="13665920" percent="98" regionsoverflowed="0" regionsstable="8" regionsrebuilding="0"/>
  </mem-info>
</gc-end>
<cycle-end id="4239" type="partial gc" contextid="4231" timestamp="2019-08-11T05:39:31.605" />
  <attribute name="elasticGC enabled" value="1" />
  <attribute name= "numThreadsSpecified" value="16" />
  <attribute name="heapSize specified" value="0" />
  <attribute name="Current GC Util" value="73" />
  <attribute name= "Current Time Running" value="153435" />
  <attribute name ="GC Interval" value="0" />
  <attribute name="ProportionalT" value="-3.500000" />
  <attribute name="ProportionalI" value="-3.500000" />
  <attribute name="ProportionalH" value="-3.500000" />
  <attribute name="Current Error" value="-7.000000" />
  <attribute name="IntegralT" value="-7.000000" />
  <attribute name="IntegralI" value="-7.000000" />
  <attribute name="IntegralH" value="-7.000000" />
  <attribute name="DerivativeT" value="-3.500000" />
  <attribute name="DerivativeI" value="-3.500000" />
  <attribute name="DerivativeH" value="-3.500000" />
  <attribute name="Loop Time for DT" value="2.000000" />
  <attribute name="Output H" value="4202627072"/>
  <attribute name="Output I" value="200"/>
  <attribute name="Output T" value="16"/>
  <attribute name="Target GC Util Change" value ="80.000000" />
  <attribute name="Current GC Util Change" value="73.000000"/>
  <attribute name="GC Util currently" value="73" />
  <attribute name="CPU Util currently" value="473659151066" />
<exclusive-end id="4240" timestamp="2019-08-11T05:39:31.606" durationms="59.014" />

<exclusive-start id="4241" timestamp="2019-08-11T05:39:31.686" intervalms="139.393">
  <response-info timems="0.750" idlems="0.750" threads="0" lastid="00000000026D4600" lastname="Thread-30" />
</exclusive-start>
<allocation-taxation id="4242" taxation-threshold="92274688" timestamp="2019-08-11T05:39:31.687" intervalms="139.465" />
<cycle-start id="4243" type="partial gc" contextid="0" timestamp="2019-08-11T05:39:31.687" intervalms="139.385" />
<gc-start id="4244" type="partial gc" contextid="4243" timestamp="2019-08-11T05:39:31.687">
  <mem-info id="4245" free="113246208" total="341835776" percent="33">
    <mem type="eden" free="0" total="92274688" percent="0" />
    <remembered-set count="48960" freebytes="13470080" totalbytes="13665920" percent="98" regionsoverflowed="0" regionsstable="8" regionsrebuilding="0"/>
  </mem-info>
</gc-start>
<allocation-stats totalBytes="92259248" >
  <allocated-bytes non-tlh="0" tlh="92259248" arrayletleaf="0"/>
  <largest-consumer threadName="Thread-32" threadId="00000000026E3500" bytes="13068352" />
</allocation-stats>
<gc-op id="4246" type="copy forward" timems="24.497" contextid="4243" timestamp="2019-08-11T05:39:31.713">
  <memory-copied type="eden" objects="24602" bytes="1008872" bytesdiscarded="72992" />
  <memory-copied type="other" objects="37167" bytes="1441512" bytesdiscarded="108720" />
  <memory-cardclean objects="35738" bytes="1847888" />
  <regions eden="44" other="5" />
  <remembered-set-cleared processed="31570" cleared="10012" durationms="0.301" />
  <stringconstants candidates="15061" cleared="0"  />
</gc-op>
<gc-op id="4247" type="classunload" timems="0.010" contextid="4243" timestamp="2019-08-11T05:39:31.713">
  <classunload-info classloadercandidates="55" classloadersunloaded="0" classesunloaded="0" anonymousclassesunloaded="0" quiescems="0.000" setupms="0.010" scanms="0.000" postms="0.000" />
</gc-op>
<heap-resize id="4248" type="expand" space="default" amount="4194304" count="1" timems="0.053" reason="excessive time being spent in gc" timestamp="2019-08-11T05:39:31.713" />
<gc-end id="4249" type="partial gc" contextid="4243" durationms="26.134" usertimems="32.772" systemtimems="26.471" timestamp="2019-08-11T05:39:31.713" activeThreads="16">
  <mem-info id="4250" free="207618048" total="346030080" percent="60">
    <mem type="eden" free="1015288" total="2097152" percent="48" />
    <remembered-set count="52384" freebytes="13624064" totalbytes="13833600" percent="98" regionsoverflowed="0" regionsstable="8" regionsrebuilding="0"/>
  </mem-info>
</gc-end>
<cycle-end id="4251" type="partial gc" contextid="4243" timestamp="2019-08-11T05:39:31.713" />
  <attribute name="elasticGC enabled" value="1" />
  <attribute name= "numThreadsSpecified" value="16" />
  <attribute name="heapSize specified" value="0" />
  <attribute name="Current GC Util" value="71" />
  <attribute name= "Current Time Running" value="153573" />
  <attribute name ="GC Interval" value="0" />
  <attribute name="ProportionalT" value="-4.500000" />
  <attribute name="ProportionalI" value="-4.500000" />
  <attribute name="ProportionalH" value="-4.500000" />
  <attribute name="Current Error" value="-9.000000" />
  <attribute name="IntegralT" value="-4.500000" />
  <attribute name="IntegralI" value="-4.500000" />
  <attribute name="IntegralH" value="-4.500000" />
  <attribute name="DerivativeT" value="-9.000000" />
  <attribute name="DerivativeI" value="-9.000000" />
  <attribute name="DerivativeH" value="-9.000000" />
  <attribute name="Loop Time for DT" value="1.000000" />
  <attribute name="Output H" value="4202627072"/>
  <attribute name="Output I" value="200"/>
  <attribute name="Output T" value="16"/>
  <attribute name="Target GC Util Change" value ="80.000000" />
  <attribute name="Current GC Util Change" value="71.000000"/>
  <attribute name="GC Util currently" value="71" />
  <attribute name="CPU Util currently" value="1084815614923" />
<exclusive-end id="4252" timestamp="2019-08-11T05:39:31.713" durationms="26.941" />

<exclusive-start id="4253" timestamp="2019-08-11T05:39:31.827" intervalms="141.035">
  <response-info timems="21.205" idlems="8.876" threads="4" lastid="00000000026AAE00" lastname="Thread-29" />
</exclusive-start>
<allocation-taxation id="4254" taxation-threshold="94371840" timestamp="2019-08-11T05:39:31.828" intervalms="141.636" />
<cycle-start id="4255" type="partial gc" contextid="0" timestamp="2019-08-11T05:39:31.828" intervalms="141.854" />
<gc-start id="4256" type="partial gc" contextid="4255" timestamp="2019-08-11T05:39:31.829">
  <mem-info id="4257" free="113246208" total="346030080" percent="32">
    <mem type="eden" free="0" total="94371840" percent="0" />
    <remembered-set count="52352" freebytes="13624192" totalbytes="13833600" percent="98" regionsoverflowed="0" regionsstable="8" regionsrebuilding="0"/>
  </mem-info>
</gc-start>
<allocation-stats totalBytes="94355632" >
  <allocated-bytes non-tlh="0" tlh="94355632" arrayletleaf="0"/>
  <largest-consumer threadName="Thread-30" threadId="00000000026D4600" bytes="8763808" />
</allocation-stats>
<gc-op id="4258" type="copy forward" timems="16.049" contextid="4255" timestamp="2019-08-11T05:39:31.847">
  <memory-copied type="eden" objects="13456" bytes="466168" bytesdiscarded="53488" />
  <memory-copied type="other" objects="55439" bytes="2154792" bytesdiscarded="175336" />
  <memory-cardclean objects="35185" bytes="1793096" />
  <regions eden="45" other="4" />
  <remembered-set-cleared processed="31916" cleared="8005" durationms="0.362" />
  <stringconstants candidates="15061" cleared="0"  />
</gc-op>
<gc-op id="4259" type="classunload" timems="0.013" contextid="4255" timestamp="2019-08-11T05:39:31.847">
  <classunload-info classloadercandidates="55" classloadersunloaded="0" classesunloaded="0" anonymousclassesunloaded="0" quiescems="0.000" setupms="0.013" scanms="0.000" postms="0.000" />
</gc-op>
<heap-resize id="4260" type="expand" space="default" amount="6291456" count="1" timems="0.067" reason="excessive time being spent in gc" timestamp="2019-08-11T05:39:31.847" />
<gc-end id="4261" type="partial gc" contextid="4255" durationms="18.297" usertimems="25.847" systemtimems="12.566" timestamp="2019-08-11T05:39:31.847" activeThreads="16">
  <mem-info id="4262" free="211812352" total="352321536" percent="60">
    <mem type="eden" free="1577496" total="2097152" percent="75" />
    <remembered-set count="53312" freebytes="13871872" totalbytes="14085120" percent="98" regionsoverflowed="0" regionsstable="8" regionsrebuilding="0"/>
  </mem-info>
</gc-end>
<cycle-end id="4263" type="partial gc" contextid="4255" timestamp="2019-08-11T05:39:31.847" />
  <attribute name="elasticGC enabled" value="1" />
  <attribute name= "numThreadsSpecified" value="16" />
  <attribute name="heapSize specified" value="0" />
  <attribute name="Current GC Util" value="60" />
  <attribute name= "Current Time Running" value="153715" />
  <attribute name ="GC Interval" value="0" />
  <attribute name="ProportionalT" value="-10.000000" />
  <attribute name="ProportionalI" value="-10.000000" />
  <attribute name="ProportionalH" value="-10.000000" />
  <attribute name="Current Error" value="-20.000000" />
  <attribute name="IntegralT" value="-10.000000" />
  <attribute name="IntegralI" value="-10.000000" />
  <attribute name="IntegralH" value="-10.000000" />
  <attribute name="DerivativeT" value="-20.000000" />
  <attribute name="DerivativeI" value="-20.000000" />
  <attribute name="DerivativeH" value="-20.000000" />
  <attribute name="Loop Time for DT" value="1.000000" />
  <attribute name="Output H" value="4202627072"/>
  <attribute name="Output I" value="200"/>
  <attribute name="Output T" value="16"/>
  <attribute name="Target GC Util Change" value ="80.000000" />
  <attribute name="Current GC Util Change" value="60.000000"/>
  <attribute name="GC Util currently" value="60" />
  <attribute name="CPU Util currently" value="785885424427" />
<exclusive-end id="4264" timestamp="2019-08-11T05:39:31.847" durationms="20.032" />

<exclusive-start id="4265" timestamp="2019-08-11T05:39:31.895" intervalms="67.928">
  <response-info timems="0.633" idlems="0.633" threads="0" lastid="00000000026B2A00" lastname="Thread-31" />
</exclusive-start>
<allocation-taxation id="4266" taxation-threshold="94371840" timestamp="2019-08-11T05:39:31.895" intervalms="67.269" />
<cycle-start id="4267" type="partial gc" contextid="0" timestamp="2019-08-11T05:39:31.896" intervalms="67.070" />
<gc-start id="4268" type="partial gc" contextid="4267" timestamp="2019-08-11T05:39:31.896">
  <mem-info id="4269" free="117440512" total="352321536" percent="33">
    <mem type="eden" free="0" total="94371840" percent="0" />
    <remembered-set count="53184" freebytes="13872384" totalbytes="14085120" percent="98" regionsoverflowed="0" regionsstable="8" regionsrebuilding="0"/>
  </mem-info>
</gc-start>
<allocation-stats totalBytes="94356032" >
  <allocated-bytes non-tlh="0" tlh="94356032" arrayletleaf="0"/>
  <largest-consumer threadName="Thread-28" threadId="0000000002685700" bytes="10197648" />
</allocation-stats>
<gc-op id="4270" type="copy forward" timems="61.537" contextid="4267" timestamp="2019-08-11T05:39:31.959">
  <memory-copied type="eden" objects="22827" bytes="828600" bytesdiscarded="37216" />
  <memory-copied type="other" objects="63936" bytes="2496096" bytesdiscarded="219992" />
  <memory-cardclean objects="37967" bytes="1910912" />
  <regions eden="45" other="5" />
  <remembered-set-cleared processed="32444" cleared="9047" durationms="0.277" />
  <stringconstants candidates="15061" cleared="0"  />
</gc-op>
<gc-op id="4271" type="classunload" timems="0.027" contextid="4267" timestamp="2019-08-11T05:39:31.959">
  <classunload-info classloadercandidates="55" classloadersunloaded="0" classesunloaded="0" anonymousclassesunloaded="0" quiescems="0.000" setupms="0.027" scanms="0.000" postms="0.000" />
</gc-op>
<heap-resize id="4272" type="expand" space="default" amount="10485760" count="1" timems="0.074" reason="excessive time being spent in gc" timestamp="2019-08-11T05:39:31.959" />
<gc-end id="4273" type="partial gc" contextid="4267" durationms="63.011" usertimems="71.718" systemtimems="39.708" timestamp="2019-08-11T05:39:31.959" activeThreads="16">
  <mem-info id="4274" free="218103808" total="362807296" percent="60">
    <mem type="eden" free="3328488" total="4194304" percent="79" />
    <remembered-set count="55744" freebytes="14281344" totalbytes="14504320" percent="98" regionsoverflowed="0" regionsstable="8" regionsrebuilding="0"/>
  </mem-info>
</gc-end>
<cycle-end id="4275" type="partial gc" contextid="4267" timestamp="2019-08-11T05:39:31.959" />
  <attribute name="elasticGC enabled" value="1" />
  <attribute name= "numThreadsSpecified" value="16" />
  <attribute name="heapSize specified" value="0" />
  <attribute name="Current GC Util" value="132" />
  <attribute name= "Current Time Running" value="153782" />
  <attribute name ="GC Interval" value="0" />
  <attribute name="ProportionalT" value="26.000000" />
  <attribute name="ProportionalI" value="26.000000" />
  <attribute name="ProportionalH" value="26.000000" />
  <attribute name="Current Error" value="52.000000" />
  <attribute name="IntegralT" value="26.000000" />
  <attribute name="IntegralI" value="26.000000" />
  <attribute name="IntegralH" value="26.000000" />
  <attribute name="DerivativeT" value="52.000000" />
  <attribute name="DerivativeI" value="52.000000" />
  <attribute name="DerivativeH" value="52.000000" />
  <attribute name="Loop Time for DT" value="1.000000" />
  <attribute name="Output H" value="8388608"/>
  <attribute name="Output I" value="200"/>
  <attribute name="Output T" value="16"/>
  <attribute name="Target GC Util Change" value ="80.000000" />
  <attribute name="Current GC Util Change" value="132.000000"/>
  <attribute name="GC Util currently" value="132" />
  <attribute name="CPU Util currently" value="1716865328398" />
<exclusive-end id="4276" timestamp="2019-08-11T05:39:31.959" durationms="64.148" />

<exclusive-start id="4277" timestamp="2019-08-11T05:39:32.052" intervalms="156.922">
  <response-info timems="2.150" idlems="2.150" threads="0" lastid="00000000026D4600" lastname="Thread-30" />
</exclusive-start>
<allocation-taxation id="4278" taxation-threshold="96468992" timestamp="2019-08-11T05:39:32.052" intervalms="156.918" />
<cycle-start id="4279" type="partial gc" contextid="0" timestamp="2019-08-11T05:39:32.052" intervalms="156.880" />
<gc-start id="4280" type="partial gc" contextid="4279" timestamp="2019-08-11T05:39:32.053">
  <mem-info id="4281" free="121634816" total="362807296" percent="33">
    <mem type="eden" free="0" total="96468992" percent="0" />
    <remembered-set count="55328" freebytes="14283008" totalbytes="14504320" percent="98" regionsoverflowed="0" regionsstable="8" regionsrebuilding="0"/>
  </mem-info>
</gc-start>
<allocation-stats totalBytes="96452280" >
  <allocated-bytes non-tlh="0" tlh="96452280" arrayletleaf="0"/>
  <largest-consumer threadName="Thread-28" threadId="0000000002685700" bytes="10774912" />
</allocation-stats>
<gc-op id="4282" type="copy forward" timems="13.778" contextid="4279" timestamp="2019-08-11T05:39:32.067">
  <memory-copied type="eden" objects="22657" bytes="961408" bytesdiscarded="0" />
  <memory-copied type="other" objects="48405" bytes="1848600" bytesdiscarded="0" />
  <memory-cardclean objects="36747" bytes="1880552" />
  <regions eden="46" other="5" />
  <remembered-set-cleared processed="35115" cleared="9483" durationms="0.780" />
  <stringconstants candidates="15061" cleared="0"  />
</gc-op>
<gc-op id="4283" type="classunload" timems="0.013" contextid="4279" timestamp="2019-08-11T05:39:32.067">
  <classunload-info classloadercandidates="55" classloadersunloaded="0" classesunloaded="0" anonymousclassesunloaded="0" quiescems="0.000" setupms="0.013" scanms="0.000" postms="0.000" />
</gc-op>
<gc-end id="4284" type="partial gc" contextid="4279" durationms="14.963" usertimems="18.382" systemtimems="0.000" timestamp="2019-08-11T05:39:32.068" activeThreads="1">
  <mem-info id="4285" free="218103808" total="362807296" percent="60">
    <mem type="eden" free="1135744" total="2097152" percent="54" />
    <remembered-set count="59968" freebytes="14264448" totalbytes="14504320" percent="98" regionsoverflowed="0" regionsstable="8" regionsrebuilding="0"/>
  </mem-info>
</gc-end>
<cycle-end id="4286" type="partial gc" contextid="4279" timestamp="2019-08-11T05:39:32.068" />
  <attribute name="elasticGC enabled" value="1" />
  <attribute name= "numThreadsSpecified" value="1" />
  <attribute name="heapSize specified" value="0" />
  <attribute name="Current GC Util" value="149" />
  <attribute name= "Current Time Running" value="153938" />
  <attribute name ="GC Interval" value="0" />
  <attribute name="ProportionalT" value="34.500000" />
  <attribute name="ProportionalI" value="34.500000" />
  <attribute name="ProportionalH" value="34.500000" />
  <attribute name="Current Error" value="69.000000" />
  <attribute name="IntegralT" value="0.000000" />
  <attribute name="IntegralI" value="0.000000" />
  <attribute name="IntegralH" value="0.000000" />
  <attribute name="DerivativeT" value="inf" />
  <attribute name="DerivativeI" value="inf" />
  <attribute name="DerivativeH" value="inf" />
  <attribute name="Loop Time for DT" value="0.000000" />
  <attribute name="Output H" value="8388608"/>
  <attribute name="Output I" value="200"/>
  <attribute name="Output T" value="1"/>
  <attribute name="Target GC Util Change" value ="80.000000" />
  <attribute name="Current GC Util Change" value="149.000000"/>
  <attribute name="GC Util currently" value="149" />
  <attribute name="CPU Util currently" value="1875443553834" />
<exclusive-end id="4287" timestamp="2019-08-11T05:39:32.068" durationms="15.723" />

<exclusive-start id="4288" timestamp="2019-08-11T05:39:32.125" intervalms="72.304">
  <response-info timems="4.032" idlems="2.362" threads="1" lastid="00000000026DBD00" lastname="Thread-24" />
</exclusive-start>
<allocation-taxation id="4289" taxation-threshold="96468992" timestamp="2019-08-11T05:39:32.125" intervalms="72.295" />
<cycle-start id="4290" type="partial gc" contextid="0" timestamp="2019-08-11T05:39:32.125" intervalms="72.295" />
<gc-start id="4291" type="partial gc" contextid="4290" timestamp="2019-08-11T05:39:32.125">
  <mem-info id="4292" free="121634816" total="362807296" percent="33">
    <mem type="eden" free="0" total="96468992" percent="0" />
    <remembered-set count="59680" freebytes="14265600" totalbytes="14504320" percent="98" regionsoverflowed="0" regionsstable="8" regionsrebuilding="0"/>
  </mem-info>
</gc-start>
<allocation-stats totalBytes="96451936" >
  <allocated-bytes non-tlh="0" tlh="96451936" arrayletleaf="0"/>
  <largest-consumer threadName="Thread-29" threadId="00000000026AAE00" bytes="9636200" />
</allocation-stats>
<gc-op id="4293" type="copy forward" timems="97.395" contextid="4290" timestamp="2019-08-11T05:39:32.224">
  <memory-copied type="eden" objects="6748" bytes="167664" bytesdiscarded="51832" />
  <memory-copied type="other" objects="80108" bytes="3296352" bytesdiscarded="358544" />
  <memory-cardclean objects="36463" bytes="1881824" />
  <regions eden="46" other="5" />
  <remembered-set-cleared processed="35516" cleared="10839" durationms="0.574" />
  <stringconstants candidates="15061" cleared="0"  />
</gc-op>
<gc-op id="4294" type="classunload" timems="0.011" contextid="4290" timestamp="2019-08-11T05:39:32.224">
  <classunload-info classloadercandidates="55" classloadersunloaded="0" classesunloaded="0" anonymousclassesunloaded="0" quiescems="0.000" setupms="0.010" scanms="0.000" postms="0.000" />
</gc-op>
<heap-resize id="4295" type="expand" space="default" amount="4194304" count="1" timems="0.063" reason="excessive time being spent in gc" timestamp="2019-08-11T05:39:32.224" />
<gc-end id="4296" type="partial gc" contextid="4290" durationms="99.129" usertimems="47.794" systemtimems="34.916" timestamp="2019-08-11T05:39:32.224" activeThreads="16">
  <mem-info id="4297" free="220200960" total="367001600" percent="60">
    <mem type="eden" free="1877656" total="2097152" percent="89" />
    <remembered-set count="59360" freebytes="14434560" totalbytes="14672000" percent="98" regionsoverflowed="0" regionsstable="8" regionsrebuilding="0"/>
  </mem-info>
</gc-end>
<cycle-end id="4298" type="partial gc" contextid="4290" timestamp="2019-08-11T05:39:32.224" />
  <attribute name="elasticGC enabled" value="1" />
  <attribute name= "numThreadsSpecified" value="16" />
  <attribute name="heapSize specified" value="0" />
  <attribute name="Current GC Util" value="214" />
  <attribute name= "Current Time Running" value="154011" />
  <attribute name ="GC Interval" value="0" />
  <attribute name="ProportionalT" value="67.000000" />
  <attribute name="ProportionalI" value="67.000000" />
  <attribute name="ProportionalH" value="67.000000" />
  <attribute name="Current Error" value="134.000000" />
  <attribute name="IntegralT" value="67.000000" />
  <attribute name="IntegralI" value="67.000000" />
  <attribute name="IntegralH" value="67.000000" />
  <attribute name="DerivativeT" value="134.000000" />
  <attribute name="DerivativeI" value="134.000000" />
  <attribute name="DerivativeH" value="134.000000" />
  <attribute name="Loop Time for DT" value="1.000000" />
  <attribute name="Output H" value="8388608"/>
  <attribute name="Output I" value="272"/>
  <attribute name="Output T" value="16"/>
  <attribute name="Target GC Util Change" value ="80.000000" />
  <attribute name="Current GC Util Change" value="214.000000"/>
  <attribute name="GC Util currently" value="214" />
  <attribute name="CPU Util currently" value="1072052234592" />
<exclusive-end id="4299" timestamp="2019-08-11T05:39:32.224" durationms="99.801" />

<exclusive-start id="4300" timestamp="2019-08-11T05:39:32.358" intervalms="232.987">
  <response-info timems="45.350" idlems="45.350" threads="0" lastid="000000000269BF00" lastname="Thread-21" />
</exclusive-start>
<allocation-taxation id="4301" taxation-threshold="98566144" timestamp="2019-08-11T05:39:32.364" intervalms="239.271" />
<cycle-start id="4302" type="partial gc" contextid="0" timestamp="2019-08-11T05:39:32.365" intervalms="240.236" />
<gc-start id="4303" type="partial gc" contextid="4302" timestamp="2019-08-11T05:39:32.365">
  <mem-info id="4304" free="121634816" total="367001600" percent="33">
    <mem type="eden" free="0" total="98566144" percent="0" />
    <remembered-set count="59072" freebytes="14435712" totalbytes="14672000" percent="98" regionsoverflowed="0" regionsstable="8" regionsrebuilding="0"/>
  </mem-info>
</gc-start>
<allocation-stats totalBytes="98548344" >
  <allocated-bytes non-tlh="0" tlh="98548344" arrayletleaf="0"/>
  <largest-consumer threadName="Thread-29" threadId="00000000026AAE00" bytes="10700864" />
</allocation-stats>
<gc-op id="4305" type="copy forward" timems="22.235" contextid="4302" timestamp="2019-08-11T05:39:32.444">
  <memory-copied type="eden" objects="14477" bytes="490184" bytesdiscarded="43288" />
  <memory-copied type="other" objects="64507" bytes="2509800" bytesdiscarded="255288" />
  <memory-cardclean objects="37785" bytes="1921424" />
  <regions eden="47" other="5" />
  <remembered-set-cleared processed="37203" cleared="9613" durationms="1.705" />
  <stringconstants candidates="15061" cleared="0"  />
</gc-op>
<gc-op id="4306" type="classunload" timems="0.013" contextid="4302" timestamp="2019-08-11T05:39:32.444">
  <classunload-info classloadercandidates="55" classloadersunloaded="0" classesunloaded="0" anonymousclassesunloaded="0" quiescems="0.000" setupms="0.013" scanms="0.000" postms="0.000" />
</gc-op>
<heap-resize id="4307" type="expand" space="default" amount="6291456" count="1" timems="0.063" reason="excessive time being spent in gc" timestamp="2019-08-11T05:39:32.445" />
<gc-end id="4308" type="partial gc" contextid="4302" durationms="79.449" usertimems="42.349" systemtimems="22.352" timestamp="2019-08-11T05:39:32.445" activeThreads="16">
  <mem-info id="4309" free="224395264" total="373293056" percent="60">
    <mem type="eden" free="1563680" total="2097152" percent="74" />
    <remembered-set count="59520" freebytes="14685440" totalbytes="14923520" percent="98" regionsoverflowed="0" regionsstable="8" regionsrebuilding="0"/>
  </mem-info>
</gc-end>
<cycle-end id="4310" type="partial gc" contextid="4302" timestamp="2019-08-11T05:39:32.445" />
  <attribute name="elasticGC enabled" value="1" />
  <attribute name= "numThreadsSpecified" value="16" />
  <attribute name="heapSize specified" value="0" />
  <attribute name="Current GC Util" value="10" />
  <attribute name= "Current Time Running" value="154307" />
  <attribute name ="GC Interval" value="0" />
  <attribute name="ProportionalT" value="-35.000000" />
  <attribute name="ProportionalI" value="-35.000000" />
  <attribute name="ProportionalH" value="-35.000000" />
  <attribute name="Current Error" value="-70.000000" />
  <attribute name="IntegralT" value="-1995.000000" />
  <attribute name="IntegralI" value="-1995.000000" />
  <attribute name="IntegralH" value="-1995.000000" />
  <attribute name="DerivativeT" value="-1.228070" />
  <attribute name="DerivativeI" value="-1.228070" />
  <attribute name="DerivativeH" value="-1.228070" />
  <attribute name="Loop Time for DT" value="57.000000" />
  <attribute name="Output H" value="4202627072"/>
  <attribute name="Output I" value="200"/>
  <attribute name="Output T" value="16"/>
  <attribute name="Target GC Util Change" value ="80.000000" />
  <attribute name="Current GC Util Change" value="10.000000"/>
  <attribute name="GC Util currently" value="10" />
  <attribute name="CPU Util currently" value="20371203549" />
<exclusive-end id="4311" timestamp="2019-08-11T05:39:32.445" durationms="87.767" />

<exclusive-start id="4312" timestamp="2019-08-11T05:39:32.550" intervalms="192.324">
  <response-info timems="1.368" idlems="0.469" threads="2" lastid="00000000026CCE00" lastname="Thread-23" />
</exclusive-start>
<allocation-taxation id="4313" taxation-threshold="100663296" timestamp="2019-08-11T05:39:32.550" intervalms="186.047" />
<cycle-start id="4314" type="partial gc" contextid="0" timestamp="2019-08-11T05:39:32.550" intervalms="185.122" />
<gc-start id="4315" type="partial gc" contextid="4314" timestamp="2019-08-11T05:39:32.551">
  <mem-info id="4316" free="123731968" total="373293056" percent="33">
    <mem type="eden" free="0" total="100663296" percent="0" />
    <remembered-set count="59136" freebytes="14686976" totalbytes="14923520" percent="98" regionsoverflowed="0" regionsstable="8" regionsrebuilding="0"/>
  </mem-info>
</gc-start>
<allocation-stats totalBytes="100645240" >
  <allocated-bytes non-tlh="0" tlh="100645240" arrayletleaf="0"/>
  <largest-consumer threadName="Thread-29" threadId="00000000026AAE00" bytes="11806440" />
</allocation-stats>
<gc-op id="4317" type="copy forward" timems="96.411" contextid="4314" timestamp="2019-08-11T05:39:32.651">
  <memory-copied type="eden" objects="23237" bytes="836848" bytesdiscarded="58400" />
  <memory-copied type="other" objects="44719" bytes="1622760" bytesdiscarded="108720" />
  <memory-cardclean objects="47115" bytes="2406440" />
  <regions eden="48" other="5" />
  <remembered-set-cleared processed="38931" cleared="13682" durationms="0.619" />
  <stringconstants candidates="15061" cleared="0"  />
</gc-op>
<gc-op id="4318" type="classunload" timems="0.013" contextid="4314" timestamp="2019-08-11T05:39:32.651">
  <classunload-info classloadercandidates="55" classloadersunloaded="0" classesunloaded="0" anonymousclassesunloaded="0" quiescems="0.000" setupms="0.012" scanms="0.000" postms="0.000" />
</gc-op>
<heap-resize id="4319" type="expand" space="default" amount="10485760" count="1" timems="0.333" reason="excessive time being spent in gc" timestamp="2019-08-11T05:39:32.652" />
<gc-end id="4320" type="partial gc" contextid="4314" durationms="101.338" usertimems="53.876" systemtimems="42.952" timestamp="2019-08-11T05:39:32.652" activeThreads="16">
  <mem-info id="4321" free="230686720" total="383778816" percent="60">
    <mem type="eden" free="3299056" total="4194304" percent="78" />
    <remembered-set count="60768" freebytes="15099648" totalbytes="15342720" percent="98" regionsoverflowed="0" regionsstable="8" regionsrebuilding="0"/>
  </mem-info>
</gc-end>
<cycle-end id="4322" type="partial gc" contextid="4314" timestamp="2019-08-11T05:39:32.652" />
  <attribute name="elasticGC enabled" value="1" />
  <attribute name= "numThreadsSpecified" value="16" />
  <attribute name="heapSize specified" value="0" />
  <attribute name="Current GC Util" value="31" />
  <attribute name= "Current Time Running" value="154440" />
  <attribute name ="GC Interval" value="0" />
  <attribute name="ProportionalT" value="-24.500000" />
  <attribute name="ProportionalI" value="-24.500000" />
  <attribute name="ProportionalH" value="-24.500000" />
  <attribute name="Current Error" value="-49.000000" />
  <attribute name="IntegralT" value="-98.000000" />
  <attribute name="IntegralI" value="-98.000000" />
  <attribute name="IntegralH" value="-98.000000" />
  <attribute name="DerivativeT" value="-12.250000" />
  <attribute name="DerivativeI" value="-12.250000" />
  <attribute name="DerivativeH" value="-12.250000" />
  <attribute name="Loop Time for DT" value="4.000000" />
  <attribute name="Output H" value="4202627072"/>
  <attribute name="Output I" value="200"/>
  <attribute name="Output T" value="16"/>
  <attribute name="Target GC Util Change" value ="80.000000" />
  <attribute name="Current GC Util Change" value="31.000000"/>
  <attribute name="GC Util currently" value="31" />
  <attribute name="CPU Util currently" value="331002403323" />
<exclusive-end id="4323" timestamp="2019-08-11T05:39:32.652" durationms="102.410" />

<exclusive-start id="4324" timestamp="2019-08-11T05:39:32.742" intervalms="191.816">
  <response-info timems="6.480" idlems="6.480" threads="0" lastid="000000000269BF00" lastname="Thread-21" />
</exclusive-start>
<allocation-taxation id="4325" taxation-threshold="102760448" timestamp="2019-08-11T05:39:32.742" intervalms="192.057" />
<cycle-start id="4326" type="partial gc" contextid="0" timestamp="2019-08-11T05:39:32.742" intervalms="192.115" />
<gc-start id="4327" type="partial gc" contextid="4326" timestamp="2019-08-11T05:39:32.742">
  <mem-info id="4328" free="127926272" total="383778816" percent="33">
    <mem type="eden" free="0" total="102760448" percent="0" />
    <remembered-set count="60672" freebytes="15100032" totalbytes="15342720" percent="98" regionsoverflowed="0" regionsstable="8" regionsrebuilding="0"/>
  </mem-info>
</gc-start>
<allocation-stats totalBytes="102741528" >
  <allocated-bytes non-tlh="0" tlh="102741528" arrayletleaf="0"/>
  <largest-consumer threadName="Thread-34" threadId="000000000269FB00" bytes="10704952" />
</allocation-stats>
<gc-op id="4329" type="copy forward" timems="106.011" contextid="4326" timestamp="2019-08-11T05:39:32.852">
  <memory-copied type="eden" objects="30848" bytes="1156752" bytesdiscarded="46824" />
  <memory-copied type="other" objects="65174" bytes="2525808" bytesdiscarded="185072" />
  <memory-cardclean objects="43613" bytes="2190296" />
  <regions eden="49" other="6" />
  <remembered-set-cleared processed="38362" cleared="12333" durationms="0.346" />
  <stringconstants candidates="15061" cleared="0"  />
</gc-op>
<gc-op id="4330" type="classunload" timems="0.014" contextid="4326" timestamp="2019-08-11T05:39:32.852">
  <classunload-info classloadercandidates="55" classloadersunloaded="0" classesunloaded="0" anonymousclassesunloaded="0" quiescems="0.000" setupms="0.014" scanms="0.000" postms="0.000" />
</gc-op>
<heap-resize id="4331" type="expand" space="default" amount="4194304" count="1" timems="0.190" reason="excessive time being spent in gc" timestamp="2019-08-11T05:39:32.852" />
<gc-end id="4332" type="partial gc" contextid="4326" durationms="109.805" usertimems="68.840" systemtimems="50.646" timestamp="2019-08-11T05:39:32.852" activeThreads="16">
  <mem-info id="4333" free="232783872" total="387973120" percent="60">
    <mem type="eden" free="2990728" total="4194304" percent="71" />
    <remembered-set count="62112" freebytes="15261952" totalbytes="15510400" percent="98" regionsoverflowed="0" regionsstable="8" regionsrebuilding="0"/>
  </mem-info>
</gc-end>
<cycle-end id="4334" type="partial gc" contextid="4326" timestamp="2019-08-11T05:39:32.852" />
  <attribute name="elasticGC enabled" value="1" />
  <attribute name= "numThreadsSpecified" value="16" />
  <attribute name="heapSize specified" value="0" />
  <attribute name="Current GC Util" value="30" />
  <attribute name= "Current Time Running" value="154631" />
  <attribute name ="GC Interval" value="0" />
  <attribute name="ProportionalT" value="-25.000000" />
  <attribute name="ProportionalI" value="-25.000000" />
  <attribute name="ProportionalH" value="-25.000000" />
  <attribute name="Current Error" value="-50.000000" />
  <attribute name="IntegralT" value="-75.000000" />
  <attribute name="IntegralI" value="-75.000000" />
  <attribute name="IntegralH" value="-75.000000" />
  <attribute name="DerivativeT" value="-16.666667" />
  <attribute name="DerivativeI" value="-16.666667" />
  <attribute name="DerivativeH" value="-16.666667" />
  <attribute name="Loop Time for DT" value="3.000000" />
  <attribute name="Output H" value="4202627072"/>
  <attribute name="Output I" value="200"/>
  <attribute name="Output T" value="16"/>
  <attribute name="Target GC Util Change" value ="80.000000" />
  <attribute name="Current GC Util Change" value="30.000000"/>
  <attribute name="GC Util currently" value="30" />
  <attribute name="CPU Util currently" value="389719829289" />
<exclusive-end id="4335" timestamp="2019-08-11T05:39:32.853" durationms="111.102" />

<exclusive-start id="4336" timestamp="2019-08-11T05:39:32.951" intervalms="209.608">
  <response-info timems="4.231" idlems="4.231" threads="0" lastid="0000000002698300" lastname="Thread-25" />
</exclusive-start>
<allocation-taxation id="4337" taxation-threshold="102760448" timestamp="2019-08-11T05:39:32.951" intervalms="209.389" />
<cycle-start id="4338" type="partial gc" contextid="0" timestamp="2019-08-11T05:39:32.951" intervalms="209.326" />
<gc-start id="4339" type="partial gc" contextid="4338" timestamp="2019-08-11T05:39:32.952">
  <mem-info id="4340" free="130023424" total="387973120" percent="33">
    <mem type="eden" free="0" total="102760448" percent="0" />
    <remembered-set count="61632" freebytes="15263872" totalbytes="15510400" percent="98" regionsoverflowed="0" regionsstable="8" regionsrebuilding="0"/>
  </mem-info>
</gc-start>
<allocation-stats totalBytes="102741888" >
  <allocated-bytes non-tlh="0" tlh="102741888" arrayletleaf="0"/>
  <largest-consumer threadName="Thread-34" threadId="000000000269FB00" bytes="12138336" />
</allocation-stats>
<gc-op id="4341" type="copy forward" timems="102.470" contextid="4338" timestamp="2019-08-11T05:39:33.056">
  <memory-copied type="eden" objects="17372" bytes="558384" bytesdiscarded="76200" />
  <memory-copied type="other" objects="68530" bytes="2743728" bytesdiscarded="274104" />
  <memory-cardclean objects="35207" bytes="1835240" />
  <regions eden="49" other="6" />
  <remembered-set-cleared processed="39112" cleared="12924" durationms="0.251" />
  <stringconstants candidates="15061" cleared="0"  />
</gc-op>
<gc-op id="4342" type="classunload" timems="0.014" contextid="4338" timestamp="2019-08-11T05:39:33.056">
  <classunload-info classloadercandidates="55" classloadersunloaded="0" classesunloaded="0" anonymousclassesunloaded="0" quiescems="0.000" setupms="0.014" scanms="0.000" postms="0.000" />
</gc-op>
<heap-resize id="4343" type="expand" space="default" amount="6291456" count="1" timems="0.066" reason="excessive time being spent in gc" timestamp="2019-08-11T05:39:33.056" />
<gc-end id="4344" type="partial gc" contextid="4338" durationms="104.583" usertimems="123.632" systemtimems="55.461" timestamp="2019-08-11T05:39:33.057" activeThreads="16">
  <mem-info id="4345" free="236978176" total="394264576" percent="60">
    <mem type="eden" free="3559720" total="4194304" percent="84" />
    <remembered-set count="59872" freebytes="15522432" totalbytes="15761920" percent="98" regionsoverflowed="0" regionsstable="8" regionsrebuilding="0"/>
  </mem-info>
</gc-end>
<cycle-end id="4346" type="partial gc" contextid="4338" timestamp="2019-08-11T05:39:33.057" />
  <attribute name="elasticGC enabled" value="1" />
  <attribute name= "numThreadsSpecified" value="16" />
  <attribute name="heapSize specified" value="0" />
  <attribute name="Current GC Util" value="101" />
  <attribute name= "Current Time Running" value="154839" />
  <attribute name ="GC Interval" value="0" />
  <attribute name="ProportionalT" value="10.500000" />
  <attribute name="ProportionalI" value="10.500000" />
  <attribute name="ProportionalH" value="10.500000" />
  <attribute name="Current Error" value="21.000000" />
  <attribute name="IntegralT" value="21.000000" />
  <attribute name="IntegralI" value="21.000000" />
  <attribute name="IntegralH" value="21.000000" />
  <attribute name="DerivativeT" value="10.500000" />
  <attribute name="DerivativeI" value="10.500000" />
  <attribute name="DerivativeH" value="10.500000" />
  <attribute name="Loop Time for DT" value="2.000000" />
  <attribute name="Output H" value="8388608"/>
  <attribute name="Output I" value="200"/>
  <attribute name="Output T" value="16"/>
  <attribute name="Target GC Util Change" value ="80.000000" />
  <attribute name="Current GC Util Change" value="101.000000"/>
  <attribute name="GC Util currently" value="101" />
  <attribute name="CPU Util currently" value="966451390088" />
<exclusive-end id="4347" timestamp="2019-08-11T05:39:33.057" durationms="105.539" />

<exclusive-start id="4348" timestamp="2019-08-11T05:39:33.167" intervalms="215.638">
  <response-info timems="7.383" idlems="4.752" threads="2" lastid="00000000026CCE00" lastname="Thread-23" />
</exclusive-start>
<allocation-taxation id="4349" taxation-threshold="104857600" timestamp="2019-08-11T05:39:33.167" intervalms="215.613" />
<cycle-start id="4350" type="partial gc" contextid="0" timestamp="2019-08-11T05:39:33.167" intervalms="215.569" />
<gc-start id="4351" type="partial gc" contextid="4350" timestamp="2019-08-11T05:39:33.167">
  <mem-info id="4352" free="132120576" total="394264576" percent="33">
    <mem type="eden" free="0" total="104857600" percent="0" />
    <remembered-set count="59776" freebytes="15522816" totalbytes="15761920" percent="98" regionsoverflowed="0" regionsstable="8" regionsrebuilding="0"/>
  </mem-info>
</gc-start>
<allocation-stats totalBytes="104839080" >
  <allocated-bytes non-tlh="0" tlh="104839080" arrayletleaf="0"/>
  <largest-consumer threadName="Thread-30" threadId="00000000026D4600" bytes="12437432" />
</allocation-stats>
<gc-op id="4353" type="copy forward" timems="50.602" contextid="4350" timestamp="2019-08-11T05:39:33.314">
  <memory-copied type="eden" objects="20042" bytes="622904" bytesdiscarded="45120" />
  <memory-copied type="other" objects="69490" bytes="2629392" bytesdiscarded="229832" />
  <memory-cardclean objects="35696" bytes="1778576" />
  <regions eden="50" other="6" />
  <remembered-set-cleared processed="37240" cleared="9110" durationms="2.333" />
  <stringconstants candidates="15061" cleared="0"  />
</gc-op>
<gc-op id="4354" type="classunload" timems="0.013" contextid="4350" timestamp="2019-08-11T05:39:33.314">
  <classunload-info classloadercandidates="55" classloadersunloaded="0" classesunloaded="0" anonymousclassesunloaded="0" quiescems="0.000" setupms="0.013" scanms="0.000" postms="0.000" />
</gc-op>
<gc-end id="4355" type="partial gc" contextid="4350" durationms="146.919" usertimems="114.673" systemtimems="97.015" timestamp="2019-08-11T05:39:33.314" activeThreads="16">
  <mem-info id="4356" free="236978176" total="394264576" percent="60">
    <mem type="eden" free="1429128" total="2097152" percent="68" />
    <remembered-set count="61824" freebytes="15514624" totalbytes="15761920" percent="98" regionsoverflowed="0" regionsstable="8" regionsrebuilding="0"/>
  </mem-info>
</gc-end>
<cycle-end id="4357" type="partial gc" contextid="4350" timestamp="2019-08-11T05:39:33.314" />
  <attribute name="elasticGC enabled" value="1" />
  <attribute name= "numThreadsSpecified" value="16" />
  <attribute name="heapSize specified" value="0" />
  <attribute name="Current GC Util" value="31" />
  <attribute name= "Current Time Running" value="155148" />
  <attribute name ="GC Interval" value="0" />
  <attribute name="ProportionalT" value="-24.500000" />
  <attribute name="ProportionalI" value="-24.500000" />
  <attribute name="ProportionalH" value="-24.500000" />
  <attribute name="Current Error" value="-49.000000" />
  <attribute name="IntegralT" value="-2303.000000" />
  <attribute name="IntegralI" value="-2303.000000" />
  <attribute name="IntegralH" value="-2303.000000" />
  <attribute name="DerivativeT" value="-0.521277" />
  <attribute name="DerivativeI" value="-0.521277" />
  <attribute name="DerivativeH" value="-0.521277" />
  <attribute name="Loop Time for DT" value="94.000000" />
  <attribute name="Output H" value="4202627072"/>
  <attribute name="Output I" value="200"/>
  <attribute name="Output T" value="16"/>
  <attribute name="Target GC Util Change" value ="80.000000" />
  <attribute name="Current GC Util Change" value="31.000000"/>
  <attribute name="GC Util currently" value="31" />
  <attribute name="CPU Util currently" value="12216468267" />
<exclusive-end id="4358" timestamp="2019-08-11T05:39:33.315" durationms="147.790" />

<exclusive-start id="4359" timestamp="2019-08-11T05:39:33.525" intervalms="358.041">
  <response-info timems="54.888" idlems="54.888" threads="0" lastid="00000000026CCE00" lastname="Thread-23" />
</exclusive-start>
<allocation-taxation id="4360" taxation-threshold="104857600" timestamp="2019-08-11T05:39:33.525" intervalms="358.032" />
<cycle-start id="4361" type="partial gc" contextid="0" timestamp="2019-08-11T05:39:33.526" intervalms="359.120" />
<gc-start id="4362" type="partial gc" contextid="4361" timestamp="2019-08-11T05:39:33.527">
  <mem-info id="4363" free="132120576" total="394264576" percent="33">
    <mem type="eden" free="0" total="104857600" percent="0" />
    <remembered-set count="61600" freebytes="15515520" totalbytes="15761920" percent="98" regionsoverflowed="0" regionsstable="8" regionsrebuilding="0"/>
  </mem-info>
</gc-start>
<allocation-stats totalBytes="104839120" >
  <allocated-bytes non-tlh="0" tlh="104839120" arrayletleaf="0"/>
  <largest-consumer threadName="Thread-36" threadId="00000000026BDE00" bytes="13408008" />
</allocation-stats>
<gc-op id="4364" type="copy forward" timems="24.224" contextid="4361" timestamp="2019-08-11T05:39:33.553">
  <memory-copied type="eden" objects="47652" bytes="1973800" bytesdiscarded="112040" />
  <memory-copied type="other" objects="58534" bytes="2091696" bytesdiscarded="140672" />
  <memory-cardclean objects="42314" bytes="2188232" />
  <regions eden="50" other="5" />
  <remembered-set-cleared processed="38576" cleared="9867" durationms="0.767" />
  <stringconstants candidates="15061" cleared="0"  />
</gc-op>
<gc-op id="4365" type="classunload" timems="0.015" contextid="4361" timestamp="2019-08-11T05:39:33.554">
  <classunload-info classloadercandidates="55" classloadersunloaded="0" classesunloaded="0" anonymousclassesunloaded="0" quiescems="0.000" setupms="0.014" scanms="0.000" postms="0.000" />
</gc-op>
<heap-resize id="4366" type="expand" space="default" amount="10485760" count="1" timems="0.089" reason="excessive time being spent in gc" timestamp="2019-08-11T05:39:33.554" />
<gc-end id="4367" type="partial gc" contextid="4361" durationms="27.543" usertimems="34.427" systemtimems="18.387" timestamp="2019-08-11T05:39:33.554" activeThreads="16">
  <mem-info id="4368" free="243269632" total="404750336" percent="60">
    <mem type="eden" free="2108464" total="4194304" percent="50" />
    <remembered-set count="62848" freebytes="15929728" totalbytes="16181120" percent="98" regionsoverflowed="0" regionsstable="8" regionsrebuilding="0"/>
  </mem-info>
</gc-end>
<cycle-end id="4369" type="partial gc" contextid="4361" timestamp="2019-08-11T05:39:33.554" />
  <attribute name="elasticGC enabled" value="1" />
  <attribute name= "numThreadsSpecified" value="16" />
  <attribute name="heapSize specified" value="0" />
  <attribute name="Current GC Util" value="47" />
  <attribute name= "Current Time Running" value="155414" />
  <attribute name ="GC Interval" value="0" />
  <attribute name="ProportionalT" value="-16.500000" />
  <attribute name="ProportionalI" value="-16.500000" />
  <attribute name="ProportionalH" value="-16.500000" />
  <attribute name="Current Error" value="-33.000000" />
  <attribute name="IntegralT" value="-16.500000" />
  <attribute name="IntegralI" value="-16.500000" />
  <attribute name="IntegralH" value="-16.500000" />
  <attribute name="DerivativeT" value="-33.000000" />
  <attribute name="DerivativeI" value="-33.000000" />
  <attribute name="DerivativeH" value="-33.000000" />
  <attribute name="Loop Time for DT" value="1.000000" />
  <attribute name="Output H" value="4202627072"/>
  <attribute name="Output I" value="200"/>
  <attribute name="Output T" value="16"/>
  <attribute name="Target GC Util Change" value ="80.000000" />
  <attribute name="Current GC Util Change" value="47.000000"/>
  <attribute name="GC Util currently" value="47" />
  <attribute name="CPU Util currently" value="776880809095" />
<exclusive-end id="4370" timestamp="2019-08-11T05:39:33.555" durationms="29.884" />

<exclusive-start id="4371" timestamp="2019-08-11T05:39:33.722" intervalms="197.024">
  <response-info timems="42.681" idlems="42.681" threads="0" lastid="0000000002685700" lastname="Thread-28" />
</exclusive-start>
<allocation-taxation id="4372" taxation-threshold="106954752" timestamp="2019-08-11T05:39:33.722" intervalms="197.034" />
<cycle-start id="4373" type="partial gc" contextid="0" timestamp="2019-08-11T05:39:33.723" intervalms="196.533" />
<gc-start id="4374" type="partial gc" contextid="4373" timestamp="2019-08-11T05:39:33.723">
  <mem-info id="4375" free="136314880" total="404750336" percent="33">
    <mem type="eden" free="0" total="106954752" percent="0" />
    <remembered-set count="62432" freebytes="15931392" totalbytes="16181120" percent="98" regionsoverflowed="0" regionsstable="8" regionsrebuilding="0"/>
  </mem-info>
</gc-start>
<allocation-stats totalBytes="106936128" >
  <allocated-bytes non-tlh="0" tlh="106936128" arrayletleaf="0"/>
  <largest-consumer threadName="Thread-25" threadId="0000000002698300" bytes="12400568" />
</allocation-stats>
<gc-op id="4376" type="copy forward" timems="126.302" contextid="4373" timestamp="2019-08-11T05:39:33.871">
  <memory-copied type="eden" objects="44083" bytes="1750560" bytesdiscarded="207720" />
  <memory-copied type="other" objects="66007" bytes="2683176" bytesdiscarded="353752" />
  <memory-cardclean objects="30385" bytes="1506752" />
  <regions eden="51" other="6" />
  <remembered-set-cleared processed="38721" cleared="9837" durationms="1.281" />
  <stringconstants candidates="15061" cleared="0"  />
</gc-op>
<gc-op id="4377" type="classunload" timems="0.026" contextid="4373" timestamp="2019-08-11T05:39:33.871">
  <classunload-info classloadercandidates="55" classloadersunloaded="0" classesunloaded="0" anonymousclassesunloaded="0" quiescems="0.000" setupms="0.026" scanms="0.000" postms="0.000" />
</gc-op>
<gc-end id="4378" type="partial gc" contextid="4373" durationms="148.469" usertimems="68.490" systemtimems="69.183" timestamp="2019-08-11T05:39:33.871" activeThreads="16">
  <mem-info id="4379" free="243269632" total="404750336" percent="60">
    <mem type="eden" free="138872" total="2097152" percent="6" />
    <remembered-set count="60128" freebytes="15940608" totalbytes="16181120" percent="98" regionsoverflowed="0" regionsstable="8" regionsrebuilding="0"/>
  </mem-info>
</gc-end>
<cycle-end id="4380" type="partial gc" contextid="4373" timestamp="2019-08-11T05:39:33.872" />
  <attribute name="elasticGC enabled" value="1" />
  <attribute name= "numThreadsSpecified" value="16" />
  <attribute name="heapSize specified" value="0" />
  <attribute name="Current GC Util" value="4" />
  <attribute name= "Current Time Running" value="155629" />
  <attribute name ="GC Interval" value="0" />
  <attribute name="ProportionalT" value="-38.000000" />
  <attribute name="ProportionalI" value="-38.000000" />
  <attribute name="ProportionalH" value="-38.000000" />
  <attribute name="Current Error" value="-76.000000" />
  <attribute name="IntegralT" value="-646.000000" />
  <attribute name="IntegralI" value="-646.000000" />
  <attribute name="IntegralH" value="-646.000000" />
  <attribute name="DerivativeT" value="-4.470588" />
  <attribute name="DerivativeI" value="-4.470588" />
  <attribute name="DerivativeH" value="-4.470588" />
  <attribute name="Loop Time for DT" value="17.000000" />
  <attribute name="Output H" value="4202627072"/>
  <attribute name="Output I" value="200"/>
  <attribute name="Output T" value="16"/>
  <attribute name="Target GC Util Change" value ="80.000000" />
  <attribute name="Current GC Util Change" value="4.000000"/>
  <attribute name="GC Util currently" value="4" />
  <attribute name="CPU Util currently" value="67012696976" />
<exclusive-end id="4381" timestamp="2019-08-11T05:39:33.872" durationms="149.945" />

<exclusive-start id="4382" timestamp="2019-08-11T05:39:34.104" intervalms="381.844">
  <response-info timems="0.830" idlems="0.442" threads="1" lastid="00000000026D4600" lastname="Thread-30" />
</exclusive-start>
<allocation-taxation id="4383" taxation-threshold="106954752" timestamp="2019-08-11T05:39:34.104" intervalms="381.861" />
<cycle-start id="4384" type="partial gc" contextid="0" timestamp="2019-08-11T05:39:34.104" intervalms="381.512" />
<gc-start id="4385" type="partial gc" contextid="4384" timestamp="2019-08-11T05:39:34.104">
  <mem-info id="4386" free="136314880" total="404750336" percent="33">
    <mem type="eden" free="0" total="106954752" percent="0" />
    <remembered-set count="59872" freebytes="15941632" totalbytes="16181120" percent="98" regionsoverflowed="0" regionsstable="8" regionsrebuilding="0"/>
  </mem-info>
</gc-start>
<allocation-stats totalBytes="106935824" >
  <allocated-bytes non-tlh="0" tlh="106935824" arrayletleaf="0"/>
  <largest-consumer threadName="Thread-26" threadId="0000000002689300" bytes="14353960" />
</allocation-stats>
<gc-op id="4387" type="copy forward" timems="119.950" contextid="4384" timestamp="2019-08-11T05:39:34.228">
  <memory-copied type="eden" objects="26540" bytes="917704" bytesdiscarded="75016" />
  <memory-copied type="other" objects="88848" bytes="3643488" bytesdiscarded="282824" />
  <memory-cardclean objects="28091" bytes="1441280" />
  <regions eden="51" other="5" />
  <remembered-set-cleared processed="37302" cleared="8750" durationms="0.641" />
  <stringconstants candidates="15061" cleared="0"  />
</gc-op>
<gc-op id="4388" type="classunload" timems="0.018" contextid="4384" timestamp="2019-08-11T05:39:34.228">
  <classunload-info classloadercandidates="55" classloadersunloaded="0" classesunloaded="0" anonymousclassesunloaded="0" quiescems="0.000" setupms="0.018" scanms="0.000" postms="0.000" />
</gc-op>
<heap-resize id="4389" type="expand" space="default" amount="4194304" count="1" timems="3.464" reason="excessive time being spent in gc" timestamp="2019-08-11T05:39:34.232" />
<gc-end id="4390" type="partial gc" contextid="4384" durationms="130.024" usertimems="67.422" systemtimems="50.706" timestamp="2019-08-11T05:39:34.234" activeThreads="16">
  <mem-info id="4391" free="245366784" total="408944640" percent="60">
    <mem type="eden" free="1104432" total="2097152" percent="52" />
    <remembered-set count="59776" freebytes="16109696" totalbytes="16348800" percent="98" regionsoverflowed="0" regionsstable="8" regionsrebuilding="0"/>
  </mem-info>
</gc-end>
<cycle-end id="4392" type="partial gc" contextid="4384" timestamp="2019-08-11T05:39:34.235" />
  <attribute name="elasticGC enabled" value="1" />
  <attribute name= "numThreadsSpecified" value="16" />
  <attribute name="heapSize specified" value="0" />
  <attribute name="Current GC Util" value="94" />
  <attribute name= "Current Time Running" value="155993" />
  <attribute name ="GC Interval" value="0" />
  <attribute name="ProportionalT" value="7.000000" />
  <attribute name="ProportionalI" value="7.000000" />
  <attribute name="ProportionalH" value="7.000000" />
  <attribute name="Current Error" value="14.000000" />
  <attribute name="IntegralT" value="21.000000" />
  <attribute name="IntegralI" value="21.000000" />
  <attribute name="IntegralH" value="21.000000" />
  <attribute name="DerivativeT" value="4.666667" />
  <attribute name="DerivativeI" value="4.666667" />
  <attribute name="DerivativeH" value="4.666667" />
  <attribute name="Loop Time for DT" value="3.000000" />
  <attribute name="Output H" value="8388608"/>
  <attribute name="Output I" value="200"/>
  <attribute name="Output T" value="16"/>
  <attribute name="Target GC Util Change" value ="80.000000" />
  <attribute name="Current GC Util Change" value="94.000000"/>
  <attribute name="GC Util currently" value="94" />
  <attribute name="CPU Util currently" value="373751402993" />
<exclusive-end id="4393" timestamp="2019-08-11T05:39:34.261" durationms="157.023" />

<exclusive-start id="4394" timestamp="2019-08-11T05:39:34.610" intervalms="505.964">
  <response-info timems="4.173" idlems="4.173" threads="0" lastid="00000000026E3500" lastname="Thread-32" />
</exclusive-start>
<allocation-taxation id="4395" taxation-threshold="109051904" timestamp="2019-08-11T05:39:34.613" intervalms="509.068" />
<cycle-start id="4396" type="partial gc" contextid="0" timestamp="2019-08-11T05:39:34.613" intervalms="508.831" />
<gc-start id="4397" type="partial gc" contextid="4396" timestamp="2019-08-11T05:39:34.614">
  <mem-info id="4398" free="136314880" total="408944640" percent="33">
    <mem type="eden" free="0" total="109051904" percent="0" />
    <remembered-set count="59488" freebytes="16110848" totalbytes="16348800" percent="98" regionsoverflowed="0" regionsstable="8" regionsrebuilding="0"/>
  </mem-info>
</gc-start>
<allocation-stats totalBytes="109032976" >
  <allocated-bytes non-tlh="0" tlh="109032976" arrayletleaf="0"/>
  <largest-consumer threadName="Thread-24" threadId="00000000026DBD00" bytes="15803752" />
</allocation-stats>
<gc-op id="4399" type="copy forward" timems="59.016" contextid="4396" timestamp="2019-08-11T05:39:34.695">
  <memory-copied type="eden" objects="32816" bytes="1478792" bytesdiscarded="84320" />
  <memory-copied type="other" objects="67725" bytes="2587032" bytesdiscarded="251848" />
  <memory-cardclean objects="26341" bytes="1329368" />
  <regions eden="52" other="5" />
  <remembered-set-cleared processed="36907" cleared="6716" durationms="0.497" />
  <stringconstants candidates="15061" cleared="0"  />
</gc-op>
<gc-op id="4400" type="classunload" timems="0.016" contextid="4396" timestamp="2019-08-11T05:39:34.695">
  <classunload-info classloadercandidates="55" classloadersunloaded="0" classesunloaded="0" anonymousclassesunloaded="0" quiescems="0.000" setupms="0.016" scanms="0.000" postms="0.000" />
</gc-op>
<heap-resize id="4401" type="expand" space="default" amount="10485760" count="1" timems="0.089" reason="excessive time being spent in gc" timestamp="2019-08-11T05:39:34.696" />
<gc-end id="4402" type="partial gc" contextid="4396" durationms="81.814" usertimems="60.492" systemtimems="58.289" timestamp="2019-08-11T05:39:34.696" activeThreads="16">
  <mem-info id="4403" free="251658240" total="419430400" percent="60">
    <mem type="eden" free="2631192" total="4194304" percent="62" />
    <remembered-set count="60384" freebytes="16526464" totalbytes="16768000" percent="98" regionsoverflowed="0" regionsstable="8" regionsrebuilding="0"/>
  </mem-info>
</gc-end>
<cycle-end id="4404" type="partial gc" contextid="4396" timestamp="2019-08-11T05:39:34.696" />
  <attribute name="elasticGC enabled" value="1" />
  <attribute name= "numThreadsSpecified" value="16" />
  <attribute name="heapSize specified" value="0" />
  <attribute name="Current GC Util" value="15" />
  <attribute name= "Current Time Running" value="156521" />
  <attribute name ="GC Interval" value="0" />
  <attribute name="ProportionalT" value="-32.500000" />
  <attribute name="ProportionalI" value="-32.500000" />
  <attribute name="ProportionalH" value="-32.500000" />
  <attribute name="Current Error" value="-65.000000" />
  <attribute name="IntegralT" value="-552.500000" />
  <attribute name="IntegralI" value="-552.500000" />
  <attribute name="IntegralH" value="-552.500000" />
  <attribute name="DerivativeT" value="-3.823529" />
  <attribute name="DerivativeI" value="-3.823529" />
  <attribute name="DerivativeH" value="-3.823529" />
  <attribute name="Loop Time for DT" value="17.000000" />
  <attribute name="Output H" value="4202627072"/>
  <attribute name="Output I" value="200"/>
  <attribute name="Output T" value="16"/>
  <attribute name="Target GC Util Change" value ="80.000000" />
  <attribute name="Current GC Util Change" value="15.000000"/>
  <attribute name="GC Util currently" value="15" />
  <attribute name="CPU Util currently" value="65398181671" />
<exclusive-end id="4405" timestamp="2019-08-11T05:39:34.696" durationms="86.497" />

<exclusive-start id="4406" timestamp="2019-08-11T05:39:34.868" intervalms="258.155">
  <response-info timems="9.615" idlems="5.276" threads="5" lastid="00000000026BDE00" lastname="Thread-36" />
</exclusive-start>
<allocation-taxation id="4407" taxation-threshold="111149056" timestamp="2019-08-11T05:39:34.868" intervalms="255.050" />
<cycle-start id="4408" type="partial gc" contextid="0" timestamp="2019-08-11T05:39:34.876" intervalms="262.773" />
<gc-start id="4409" type="partial gc" contextid="4408" timestamp="2019-08-11T05:39:34.876">
  <mem-info id="4410" free="140509184" total="419430400" percent="33">
    <mem type="eden" free="0" total="111149056" percent="0" />
    <remembered-set count="59904" freebytes="16528384" totalbytes="16768000" percent="98" regionsoverflowed="0" regionsstable="8" regionsrebuilding="0"/>
  </mem-info>
</gc-start>
<allocation-stats totalBytes="111129064" >
  <allocated-bytes non-tlh="0" tlh="111129064" arrayletleaf="0"/>
  <largest-consumer threadName="Thread-32" threadId="00000000026E3500" bytes="16737536" />
</allocation-stats>
<gc-op id="4411" type="copy forward" timems="164.813" contextid="4408" timestamp="2019-08-11T05:39:35.044">
  <memory-copied type="eden" objects="29886" bytes="1134992" bytesdiscarded="185936" />
  <memory-copied type="other" objects="68043" bytes="2732040" bytesdiscarded="90800" />
  <memory-cardclean objects="29895" bytes="1541168" />
  <regions eden="53" other="6" />
  <remembered-set-cleared processed="37646" cleared="10916" durationms="1.200" />
  <stringconstants candidates="15061" cleared="0"  />
</gc-op>
<gc-op id="4412" type="classunload" timems="0.012" contextid="4408" timestamp="2019-08-11T05:39:35.044">
  <classunload-info classloadercandidates="55" classloadersunloaded="0" classesunloaded="0" anonymousclassesunloaded="0" quiescems="0.000" setupms="0.011" scanms="0.000" postms="0.000" />
</gc-op>
<gc-end id="4413" type="partial gc" contextid="4408" durationms="168.180" usertimems="83.467" systemtimems="94.866" timestamp="2019-08-11T05:39:35.045" activeThreads="16">
  <mem-info id="4414" free="251658240" total="419430400" percent="60">
    <mem type="eden" free="776224" total="2097152" percent="37" />
    <remembered-set count="56224" freebytes="16543104" totalbytes="16768000" percent="98" regionsoverflowed="0" regionsstable="8" regionsrebuilding="0"/>
  </mem-info>
</gc-end>
<cycle-end id="4415" type="partial gc" contextid="4408" timestamp="2019-08-11T05:39:35.045" />
  <attribute name="elasticGC enabled" value="1" />
  <attribute name= "numThreadsSpecified" value="16" />
  <attribute name="heapSize specified" value="0" />
  <attribute name="Current GC Util" value="22" />
  <attribute name= "Current Time Running" value="156764" />
  <attribute name ="GC Interval" value="0" />
  <attribute name="ProportionalT" value="-29.000000" />
  <attribute name="ProportionalI" value="-29.000000" />
  <attribute name="ProportionalH" value="-29.000000" />
  <attribute name="Current Error" value="-58.000000" />
  <attribute name="IntegralT" value="-58.000000" />
  <attribute name="IntegralI" value="-58.000000" />
  <attribute name="IntegralH" value="-58.000000" />
  <attribute name="DerivativeT" value="-29.000000" />
  <attribute name="DerivativeI" value="-29.000000" />
  <attribute name="DerivativeH" value="-29.000000" />
  <attribute name="Loop Time for DT" value="2.000000" />
  <attribute name="Output H" value="4202627072"/>
  <attribute name="Output I" value="200"/>
  <attribute name="Output T" value="16"/>
  <attribute name="Target GC Util Change" value ="80.000000" />
  <attribute name="Current GC Util Change" value="22.000000"/>
  <attribute name="GC Util currently" value="22" />
  <attribute name="CPU Util currently" value="437114007890" />
<exclusive-end id="4416" timestamp="2019-08-11T05:39:35.045" durationms="176.878" />

<exclusive-start id="4417" timestamp="2019-08-11T05:39:35.162" intervalms="294.333">
  <response-info timems="9.590" idlems="9.590" threads="0" lastid="00000000026D4600" lastname="Thread-30" />
</exclusive-start>
<allocation-taxation id="4418" taxation-threshold="111149056" timestamp="2019-08-11T05:39:35.162" intervalms="294.359" />
<cycle-start id="4419" type="partial gc" contextid="0" timestamp="2019-08-11T05:39:35.163" intervalms="286.719" />
<gc-start id="4420" type="partial gc" contextid="4419" timestamp="2019-08-11T05:39:35.163">
  <mem-info id="4421" free="140509184" total="419430400" percent="33">
    <mem type="eden" free="0" total="111149056" percent="0" />
    <remembered-set count="55808" freebytes="16544768" totalbytes="16768000" percent="98" regionsoverflowed="0" regionsstable="8" regionsrebuilding="0"/>
  </mem-info>
</gc-start>
<allocation-stats totalBytes="111129312" >
  <allocated-bytes non-tlh="0" tlh="111129312" arrayletleaf="0"/>
  <largest-consumer threadName="Thread-30" threadId="00000000026D4600" bytes="12490528" />
</allocation-stats>
<gc-op id="4422" type="copy forward" timems="116.547" contextid="4419" timestamp="2019-08-11T05:39:35.283">
  <memory-copied type="eden" objects="36486" bytes="1431056" bytesdiscarded="72616" />
  <memory-copied type="other" objects="61158" bytes="2429424" bytesdiscarded="160064" />
  <memory-cardclean objects="28454" bytes="1464560" />
  <regions eden="53" other="5" />
  <remembered-set-cleared processed="34233" cleared="5387" durationms="3.059" />
  <stringconstants candidates="15061" cleared="0"  />
</gc-op>
<gc-op id="4423" type="classunload" timems="0.011" contextid="4419" timestamp="2019-08-11T05:39:35.283">
  <classunload-info classloadercandidates="55" classloadersunloaded="0" classesunloaded="0" anonymousclassesunloaded="0" quiescems="0.000" setupms="0.011" scanms="0.000" postms="0.000" />
</gc-op>
<heap-resize id="4424" type="expand" space="default" amount="6291456" count="1" timems="0.069" reason="excessive time being spent in gc" timestamp="2019-08-11T05:39:35.284" />
<gc-end id="4425" type="partial gc" contextid="4419" durationms="120.766" usertimems="51.470" systemtimems="40.386" timestamp="2019-08-11T05:39:35.284" activeThreads="16">
  <mem-info id="4426" free="255852544" total="425721856" percent="60">
    <mem type="eden" free="593480" total="2097152" percent="28" />
    <remembered-set count="56320" freebytes="16794240" totalbytes="17019520" percent="98" regionsoverflowed="0" regionsstable="8" regionsrebuilding="0"/>
  </mem-info>
</gc-end>
<cycle-end id="4427" type="partial gc" contextid="4419" timestamp="2019-08-11T05:39:35.284" />
  <attribute name="elasticGC enabled" value="1" />
  <attribute name= "numThreadsSpecified" value="16" />
  <attribute name="heapSize specified" value="0" />
  <attribute name="Current GC Util" value="63" />
  <attribute name= "Current Time Running" value="157052" />
  <attribute name ="GC Interval" value="0" />
  <attribute name="ProportionalT" value="-8.500000" />
  <attribute name="ProportionalI" value="-8.500000" />
  <attribute name="ProportionalH" value="-8.500000" />
  <attribute name="Current Error" value="-17.000000" />
  <attribute name="IntegralT" value="-34.000000" />
  <attribute name="IntegralI" value="-34.000000" />
  <attribute name="IntegralH" value="-34.000000" />
  <attribute name="DerivativeT" value="-4.250000" />
  <attribute name="DerivativeI" value="-4.250000" />
  <attribute name="DerivativeH" value="-4.250000" />
  <attribute name="Loop Time for DT" value="4.000000" />
  <attribute name="Output H" value="4202627072"/>
  <attribute name="Output I" value="200"/>
  <attribute name="Output T" value="16"/>
  <attribute name="Target GC Util Change" value ="80.000000" />
  <attribute name="Current GC Util Change" value="63.000000"/>
  <attribute name="GC Util currently" value="63" />
  <attribute name="CPU Util currently" value="312041626253" />
<exclusive-end id="4428" timestamp="2019-08-11T05:39:35.284" durationms="121.989" />

<exclusive-start id="4429" timestamp="2019-08-11T05:39:35.365" intervalms="202.369">
  <response-info timems="2.278" idlems="2.267" threads="1" lastid="0000000002685700" lastname="Thread-28" />
</exclusive-start>
<allocation-taxation id="4430" taxation-threshold="113246208" timestamp="2019-08-11T05:39:35.365" intervalms="202.334" />
<cycle-start id="4431" type="partial gc" contextid="0" timestamp="2019-08-11T05:39:35.365" intervalms="202.481" />
<gc-start id="4432" type="partial gc" contextid="4431" timestamp="2019-08-11T05:39:35.365">
  <mem-info id="4433" free="142606336" total="425721856" percent="33">
    <mem type="eden" free="0" total="113246208" percent="0" />
    <remembered-set count="55840" freebytes="16796160" totalbytes="17019520" percent="98" regionsoverflowed="0" regionsstable="8" regionsrebuilding="0"/>
  </mem-info>
</gc-start>
<allocation-stats totalBytes="113226488" >
  <allocated-bytes non-tlh="0" tlh="113226488" arrayletleaf="0"/>
  <largest-consumer threadName="Thread-30" threadId="00000000026D4600" bytes="12961528" />
</allocation-stats>
<gc-op id="4434" type="copy forward" timems="42.455" contextid="4431" timestamp="2019-08-11T05:39:35.411">
  <memory-copied type="eden" objects="43326" bytes="1732840" bytesdiscarded="183328" />
  <memory-copied type="other" objects="46961" bytes="1813944" bytesdiscarded="238160" />
  <memory-cardclean objects="34120" bytes="1775984" />
  <regions eden="54" other="5" />
  <remembered-set-cleared processed="36374" cleared="8939" durationms="0.295" />
  <stringconstants candidates="15061" cleared="0"  />
</gc-op>
<gc-op id="4435" type="classunload" timems="0.010" contextid="4431" timestamp="2019-08-11T05:39:35.412">
  <classunload-info classloadercandidates="55" classloadersunloaded="0" classesunloaded="0" anonymousclassesunloaded="0" quiescems="0.000" setupms="0.010" scanms="0.000" postms="0.000" />
</gc-op>
<heap-resize id="4436" type="expand" space="default" amount="4194304" count="1" timems="0.062" reason="excessive time being spent in gc" timestamp="2019-08-11T05:39:35.412" />
<gc-end id="4437" type="partial gc" contextid="4431" durationms="46.938" usertimems="42.849" systemtimems="22.558" timestamp="2019-08-11T05:39:35.412" activeThreads="16">
  <mem-info id="4438" free="257949696" total="429916160" percent="60">
    <mem type="eden" free="180984" total="2097152" percent="8" />
    <remembered-set count="59200" freebytes="16950400" totalbytes="17187200" percent="98" regionsoverflowed="0" regionsstable="8" regionsrebuilding="0"/>
  </mem-info>
</gc-end>
<cycle-end id="4439" type="partial gc" contextid="4431" timestamp="2019-08-11T05:39:35.412" />
  <attribute name="elasticGC enabled" value="1" />
  <attribute name= "numThreadsSpecified" value="16" />
  <attribute name="heapSize specified" value="0" />
  <attribute name="Current GC Util" value="163" />
  <attribute name= "Current Time Running" value="157254" />
  <attribute name ="GC Interval" value="0" />
  <attribute name="ProportionalT" value="41.500000" />
  <attribute name="ProportionalI" value="41.500000" />
  <attribute name="ProportionalH" value="41.500000" />
  <attribute name="Current Error" value="83.000000" />
  <attribute name="IntegralT" value="124.500000" />
  <attribute name="IntegralI" value="124.500000" />
  <attribute name="IntegralH" value="124.500000" />
  <attribute name="DerivativeT" value="27.666667" />
  <attribute name="DerivativeI" value="27.666667" />
  <attribute name="DerivativeH" value="27.666667" />
  <attribute name="Loop Time for DT" value="3.000000" />
  <attribute name="Output H" value="8388608"/>
  <attribute name="Output I" value="200"/>
  <attribute name="Output T" value="16"/>
  <attribute name="Target GC Util Change" value ="80.000000" />
  <attribute name="Current GC Util Change" value="163.000000"/>
  <attribute name="GC Util currently" value="163" />
  <attribute name="CPU Util currently" value="344717999550" />
<exclusive-end id="4440" timestamp="2019-08-11T05:39:35.413" durationms="47.913" />

<exclusive-start id="4441" timestamp="2019-08-11T05:39:35.536" intervalms="171.533">
  <response-info timems="5.414" idlems="5.414" threads="0" lastid="0000000002690B00" lastname="Thread-33" />
</exclusive-start>
<allocation-taxation id="4442" taxation-threshold="113246208" timestamp="2019-08-11T05:39:35.536" intervalms="171.536" />
<cycle-start id="4443" type="partial gc" contextid="0" timestamp="2019-08-11T05:39:35.536" intervalms="171.323" />
<gc-start id="4444" type="partial gc" contextid="4443" timestamp="2019-08-11T05:39:35.537">
  <mem-info id="4445" free="144703488" total="429916160" percent="33">
    <mem type="eden" free="0" total="113246208" percent="0" />
    <remembered-set count="59136" freebytes="16950656" totalbytes="17187200" percent="98" regionsoverflowed="0" regionsstable="8" regionsrebuilding="0"/>
  </mem-info>
</gc-start>
<allocation-stats totalBytes="113226704" >
  <allocated-bytes non-tlh="0" tlh="113226704" arrayletleaf="0"/>
  <largest-consumer threadName="Thread-30" threadId="00000000026D4600" bytes="10201432" />
</allocation-stats>
<gc-op id="4446" type="copy forward" timems="59.121" contextid="4443" timestamp="2019-08-11T05:39:35.597">
  <memory-copied type="eden" objects="30469" bytes="1286520" bytesdiscarded="0" />
  <memory-copied type="other" objects="63460" bytes="2759424" bytesdiscarded="0" />
  <memory-cardclean objects="19200" bytes="994424" />
  <regions eden="54" other="5" />
  <remembered-set-cleared processed="36064" cleared="7127" durationms="0.939" />
  <stringconstants candidates="15061" cleared="0"  />
</gc-op>
<gc-op id="4447" type="classunload" timems="0.012" contextid="4443" timestamp="2019-08-11T05:39:35.597">
  <classunload-info classloadercandidates="55" classloadersunloaded="0" classesunloaded="0" anonymousclassesunloaded="0" quiescems="0.000" setupms="0.011" scanms="0.000" postms="0.000" />
</gc-op>
<heap-resize id="4448" type="expand" space="default" amount="6291456" count="1" timems="0.092" reason="excessive time being spent in gc" timestamp="2019-08-11T05:39:35.597" />
<gc-end id="4449" type="partial gc" contextid="4443" durationms="60.413" usertimems="26.885" systemtimems="2.757" timestamp="2019-08-11T05:39:35.597" activeThreads="1">
  <mem-info id="4450" free="262144000" total="436207616" percent="60">
    <mem type="eden" free="810632" total="2097152" percent="38" />
    <remembered-set count="61632" freebytes="17192192" totalbytes="17438720" percent="98" regionsoverflowed="0" regionsstable="8" regionsrebuilding="0"/>
  </mem-info>
</gc-end>
<cycle-end id="4451" type="partial gc" contextid="4443" timestamp="2019-08-11T05:39:35.597" />
  <attribute name="elasticGC enabled" value="1" />
  <attribute name= "numThreadsSpecified" value="1" />
  <attribute name="heapSize specified" value="0" />
  <attribute name="Current GC Util" value="164" />
  <attribute name= "Current Time Running" value="157422" />
  <attribute name ="GC Interval" value="0" />
  <attribute name="ProportionalT" value="42.000000" />
  <attribute name="ProportionalI" value="42.000000" />
  <attribute name="ProportionalH" value="42.000000" />
  <attribute name="Current Error" value="84.000000" />
  <attribute name="IntegralT" value="0.000000" />
  <attribute name="IntegralI" value="0.000000" />
  <attribute name="IntegralH" value="0.000000" />
  <attribute name="DerivativeT" value="inf" />
  <attribute name="DerivativeI" value="inf" />
  <attribute name="DerivativeH" value="inf" />
  <attribute name="Loop Time for DT" value="0.000000" />
  <attribute name="Output H" value="8388608"/>
  <attribute name="Output I" value="200"/>
  <attribute name="Output T" value="1"/>
  <attribute name="Target GC Util Change" value ="80.000000" />
  <attribute name="Current GC Util Change" value="164.000000"/>
  <attribute name="GC Util currently" value="164" />
  <attribute name="CPU Util currently" value="2350363412140" />
<exclusive-end id="4452" timestamp="2019-08-11T05:39:35.597" durationms="61.212" />

<exclusive-start id="4453" timestamp="2019-08-11T05:39:35.733" intervalms="196.923">
  <response-info timems="16.458" idlems="16.458" threads="0" lastid="0000000002690B00" lastname="Thread-33" />
</exclusive-start>
<allocation-taxation id="4454" taxation-threshold="115343360" timestamp="2019-08-11T05:39:35.734" intervalms="197.271" />
<cycle-start id="4455" type="partial gc" contextid="0" timestamp="2019-08-11T05:39:35.734" intervalms="197.528" />
<gc-start id="4456" type="partial gc" contextid="4455" timestamp="2019-08-11T05:39:35.734">
  <mem-info id="4457" free="146800640" total="436207616" percent="33">
    <mem type="eden" free="0" total="115343360" percent="0" />
    <remembered-set count="61408" freebytes="17193088" totalbytes="17438720" percent="98" regionsoverflowed="0" regionsstable="8" regionsrebuilding="0"/>
  </mem-info>
</gc-start>
<allocation-stats totalBytes="115323544" >
  <allocated-bytes non-tlh="0" tlh="115323544" arrayletleaf="0"/>
  <largest-consumer threadName="Thread-35" threadId="00000000026A3600" bytes="13170712" />
</allocation-stats>
<gc-op id="4458" type="copy forward" timems="68.121" contextid="4455" timestamp="2019-08-11T05:39:35.804">
  <memory-copied type="eden" objects="28655" bytes="1106312" bytesdiscarded="119736" />
  <memory-copied type="other" objects="66787" bytes="2839272" bytesdiscarded="200800" />
  <memory-cardclean objects="22363" bytes="1190960" />
  <regions eden="55" other="5" />
  <remembered-set-cleared processed="36735" cleared="7132" durationms="0.252" />
  <stringconstants candidates="15061" cleared="0"  />
</gc-op>
<gc-op id="4459" type="classunload" timems="0.011" contextid="4455" timestamp="2019-08-11T05:39:35.804">
  <classunload-info classloadercandidates="55" classloadersunloaded="0" classesunloaded="0" anonymousclassesunloaded="0" quiescems="0.000" setupms="0.011" scanms="0.000" postms="0.000" />
</gc-op>
<heap-resize id="4460" type="expand" space="default" amount="10485760" count="1" timems="0.112" reason="excessive time being spent in gc" timestamp="2019-08-11T05:39:35.804" />
<gc-end id="4461" type="partial gc" contextid="4455" durationms="70.185" usertimems="35.571" systemtimems="31.214" timestamp="2019-08-11T05:39:35.804" activeThreads="16">
  <mem-info id="4462" free="268435456" total="446693376" percent="60">
    <mem type="eden" free="2968256" total="4194304" percent="70" />
    <remembered-set count="58496" freebytes="17623936" totalbytes="17857920" percent="98" regionsoverflowed="0" regionsstable="8" regionsrebuilding="0"/>
  </mem-info>
</gc-end>
<cycle-end id="4463" type="partial gc" contextid="4455" timestamp="2019-08-11T05:39:35.805" />
  <attribute name="elasticGC enabled" value="1" />
  <attribute name= "numThreadsSpecified" value="16" />
  <attribute name="heapSize specified" value="0" />
  <attribute name="Current GC Util" value="138" />
  <attribute name= "Current Time Running" value="157621" />
  <attribute name ="GC Interval" value="0" />
  <attribute name="ProportionalT" value="29.000000" />
  <attribute name="ProportionalI" value="29.000000" />
  <attribute name="ProportionalH" value="29.000000" />
  <attribute name="Current Error" value="58.000000" />
  <attribute name="IntegralT" value="58.000000" />
  <attribute name="IntegralI" value="58.000000" />
  <attribute name="IntegralH" value="58.000000" />
  <attribute name="DerivativeT" value="29.000000" />
  <attribute name="DerivativeI" value="29.000000" />
  <attribute name="DerivativeH" value="29.000000" />
  <attribute name="Loop Time for DT" value="2.000000" />
  <attribute name="Output H" value="8388608"/>
  <attribute name="Output I" value="200"/>
  <attribute name="Output T" value="16"/>
  <attribute name="Target GC Util Change" value ="80.000000" />
  <attribute name="Current GC Util Change" value="138.000000"/>
  <attribute name="GC Util currently" value="138" />
  <attribute name="CPU Util currently" value="774688869743" />
<exclusive-end id="4464" timestamp="2019-08-11T05:39:35.805" durationms="71.586" />

<exclusive-start id="4465" timestamp="2019-08-11T05:39:35.909" intervalms="175.484">
  <response-info timems="6.727" idlems="6.727" threads="0" lastid="00000000026BDE00" lastname="Thread-36" />
</exclusive-start>
<allocation-taxation id="4466" taxation-threshold="117440512" timestamp="2019-08-11T05:39:35.909" intervalms="175.354" />
<cycle-start id="4467" type="partial gc" contextid="0" timestamp="2019-08-11T05:39:35.909" intervalms="175.145" />
<gc-start id="4468" type="partial gc" contextid="4467" timestamp="2019-08-11T05:39:35.909">
  <mem-info id="4469" free="150994944" total="446693376" percent="33">
    <mem type="eden" free="0" total="117440512" percent="0" />
    <remembered-set count="58368" freebytes="17624448" totalbytes="17857920" percent="98" regionsoverflowed="0" regionsstable="8" regionsrebuilding="0"/>
  </mem-info>
</gc-start>
<allocation-stats totalBytes="117421560" >
  <allocated-bytes non-tlh="0" tlh="117421560" arrayletleaf="0"/>
  <largest-consumer threadName="Thread-34" threadId="000000000269FB00" bytes="11540856" />
</allocation-stats>
<gc-op id="4470" type="copy forward" timems="43.762" contextid="4467" timestamp="2019-08-11T05:39:35.954">
  <memory-copied type="eden" objects="15798" bytes="523144" bytesdiscarded="75728" />
  <memory-copied type="other" objects="86341" bytes="3720696" bytesdiscarded="299488" />
  <memory-cardclean objects="17776" bytes="888824" />
  <regions eden="56" other="7" />
  <remembered-set-cleared processed="34149" cleared="6187" durationms="0.215" />
  <stringconstants candidates="15061" cleared="0"  />
</gc-op>
<gc-op id="4471" type="classunload" timems="0.016" contextid="4467" timestamp="2019-08-11T05:39:35.954">
  <classunload-info classloadercandidates="55" classloadersunloaded="0" classesunloaded="0" anonymousclassesunloaded="0" quiescems="0.000" setupms="0.015" scanms="0.000" postms="0.000" />
</gc-op>
<gc-end id="4472" type="partial gc" contextid="4467" durationms="45.183" usertimems="25.075" systemtimems="27.210" timestamp="2019-08-11T05:39:35.954" activeThreads="16">
  <mem-info id="4473" free="268435456" total="446693376" percent="60">
    <mem type="eden" free="1498280" total="2097152" percent="71" />
    <remembered-set count="57344" freebytes="17628544" totalbytes="17857920" percent="98" regionsoverflowed="0" regionsstable="8" regionsrebuilding="0"/>
  </mem-info>
</gc-end>
<cycle-end id="4474" type="partial gc" contextid="4467" timestamp="2019-08-11T05:39:35.955" />
  <attribute name="elasticGC enabled" value="1" />
  <attribute name= "numThreadsSpecified" value="16" />
  <attribute name="heapSize specified" value="0" />
  <attribute name="Current GC Util" value="130" />
  <attribute name= "Current Time Running" value="157795" />
  <attribute name ="GC Interval" value="0" />
  <attribute name="ProportionalT" value="25.000000" />
  <attribute name="ProportionalI" value="25.000000" />
  <attribute name="ProportionalH" value="25.000000" />
  <attribute name="Current Error" value="50.000000" />
  <attribute name="IntegralT" value="25.000000" />
  <attribute name="IntegralI" value="25.000000" />
  <attribute name="IntegralH" value="25.000000" />
  <attribute name="DerivativeT" value="50.000000" />
  <attribute name="DerivativeI" value="50.000000" />
  <attribute name="DerivativeH" value="50.000000" />
  <attribute name="Loop Time for DT" value="1.000000" />
  <attribute name="Output H" value="8388608"/>
  <attribute name="Output I" value="200"/>
  <attribute name="Output T" value="16"/>
  <attribute name="Target GC Util Change" value ="80.000000" />
  <attribute name="Current GC Util Change" value="130.000000"/>
  <attribute name="GC Util currently" value="130" />
  <attribute name="CPU Util currently" value="1853824740755" />
<exclusive-end id="4475" timestamp="2019-08-11T05:39:35.955" durationms="46.527" />

<exclusive-start id="4476" timestamp="2019-08-11T05:39:36.040" intervalms="131.489">
  <response-info timems="6.228" idlems="1.951" threads="3" lastid="00000000026A7200" lastname="Thread-27" />
</exclusive-start>
<allocation-taxation id="4477" taxation-threshold="117440512" timestamp="2019-08-11T05:39:36.040" intervalms="131.259" />
<cycle-start id="4478" type="partial gc" contextid="0" timestamp="2019-08-11T05:39:36.040" intervalms="131.231" />
<gc-start id="4479" type="partial gc" contextid="4478" timestamp="2019-08-11T05:39:36.040">
  <mem-info id="4480" free="150994944" total="446693376" percent="33">
    <mem type="eden" free="0" total="117440512" percent="0" />
    <remembered-set count="57184" freebytes="17629184" totalbytes="17857920" percent="98" regionsoverflowed="0" regionsstable="8" regionsrebuilding="0"/>
  </mem-info>
</gc-start>
<allocation-stats totalBytes="117420056" >
  <allocated-bytes non-tlh="0" tlh="117420056" arrayletleaf="0"/>
  <largest-consumer threadName="Thread-29" threadId="00000000026AAE00" bytes="12060416" />
</allocation-stats>
<gc-op id="4481" type="copy forward" timems="20.155" contextid="4478" timestamp="2019-08-11T05:39:36.062">
  <memory-copied type="eden" objects="17530" bytes="564560" bytesdiscarded="0" />
  <memory-copied type="other" objects="88593" bytes="3774744" bytesdiscarded="0" />
  <memory-cardclean objects="14763" bytes="744200" />
  <regions eden="56" other="5" />
  <remembered-set-cleared processed="34609" cleared="5689" durationms="1.029" />
  <stringconstants candidates="15061" cleared="0"  />
</gc-op>
<gc-op id="4482" type="classunload" timems="0.011" contextid="4478" timestamp="2019-08-11T05:39:36.062">
  <classunload-info classloadercandidates="55" classloadersunloaded="0" classesunloaded="0" anonymousclassesunloaded="0" quiescems="0.000" setupms="0.010" scanms="0.000" postms="0.000" />
</gc-op>
<heap-resize id="4483" type="expand" space="default" amount="4194304" count="1" timems="0.088" reason="excessive time being spent in gc" timestamp="2019-08-11T05:39:36.062" />
<gc-end id="4484" type="partial gc" contextid="4478" durationms="22.414" usertimems="21.853" systemtimems="0.000" timestamp="2019-08-11T05:39:36.063" activeThreads="1">
  <mem-info id="4485" free="270532608" total="450887680" percent="60">
    <mem type="eden" free="1532592" total="2097152" percent="73" />
    <remembered-set count="59520" freebytes="17787520" totalbytes="18025600" percent="98" regionsoverflowed="0" regionsstable="8" regionsrebuilding="0"/>
  </mem-info>
</gc-end>
<cycle-end id="4486" type="partial gc" contextid="4478" timestamp="2019-08-11T05:39:36.063" />
  <attribute name="elasticGC enabled" value="1" />
  <attribute name= "numThreadsSpecified" value="1" />
  <attribute name="heapSize specified" value="0" />
  <attribute name="Current GC Util" value="142" />
  <attribute name= "Current Time Running" value="157926" />
  <attribute name ="GC Interval" value="0" />
  <attribute name="ProportionalT" value="31.000000" />
  <attribute name="ProportionalI" value="31.000000" />
  <attribute name="ProportionalH" value="31.000000" />
  <attribute name="Current Error" value="62.000000" />
  <attribute name="IntegralT" value="0.000000" />
  <attribute name="IntegralI" value="0.000000" />
  <attribute name="IntegralH" value="0.000000" />
  <attribute name="DerivativeT" value="inf" />
  <attribute name="DerivativeI" value="inf" />
  <attribute name="DerivativeH" value="inf" />
  <attribute name="Loop Time for DT" value="0.000000" />
  <attribute name="Output H" value="8388608"/>
  <attribute name="Output I" value="200"/>
  <attribute name="Output T" value="1"/>
  <attribute name="Target GC Util Change" value ="80.000000" />
  <attribute name="Current GC Util Change" value="142.000000"/>
  <attribute name="GC Util currently" value="142" />
  <attribute name="CPU Util currently" value="2231049135296" />
<exclusive-end id="4487" timestamp="2019-08-11T05:39:36.063" durationms="23.105" />

<exclusive-start id="4488" timestamp="2019-08-11T05:39:36.168" intervalms="128.219">
  <response-info timems="4.372" idlems="4.372" threads="0" lastid="0000000002690B00" lastname="Thread-33" />
</exclusive-start>
<allocation-taxation id="4489" taxation-threshold="119537664" timestamp="2019-08-11T05:39:36.168" intervalms="128.230" />
<cycle-start id="4490" type="partial gc" contextid="0" timestamp="2019-08-11T05:39:36.168" intervalms="128.215" />
<gc-start id="4491" type="partial gc" contextid="4490" timestamp="2019-08-11T05:39:36.169">
  <mem-info id="4492" free="150994944" total="450887680" percent="33">
    <mem type="eden" free="0" total="119537664" percent="0" />
    <remembered-set count="59392" freebytes="17788032" totalbytes="18025600" percent="98" regionsoverflowed="0" regionsstable="8" regionsrebuilding="0"/>
  </mem-info>
</gc-start>
<allocation-stats totalBytes="119518240" >
  <allocated-bytes non-tlh="0" tlh="119518240" arrayletleaf="0"/>
  <largest-consumer threadName="Thread-34" threadId="000000000269FB00" bytes="11561240" />
</allocation-stats>
<gc-op id="4493" type="copy forward" timems="19.347" contextid="4490" timestamp="2019-08-11T05:39:36.189">
  <memory-copied type="eden" objects="30057" bytes="1141136" bytesdiscarded="65408" />
  <memory-copied type="other" objects="43169" bytes="1585560" bytesdiscarded="74576" />
  <memory-cardclean objects="39512" bytes="2133704" />
  <regions eden="57" other="5" />
  <remembered-set-cleared processed="37387" cleared="8428" durationms="0.269" />
  <stringconstants candidates="15061" cleared="0"  />
</gc-op>
<gc-op id="4494" type="classunload" timems="0.011" contextid="4490" timestamp="2019-08-11T05:39:36.189">
  <classunload-info classloadercandidates="55" classloadersunloaded="0" classesunloaded="0" anonymousclassesunloaded="0" quiescems="0.000" setupms="0.011" scanms="0.000" postms="0.000" />
</gc-op>
<heap-resize id="4495" type="expand" space="default" amount="10485760" count="1" timems="0.156" reason="excessive time being spent in gc" timestamp="2019-08-11T05:39:36.190" />
<gc-end id="4496" type="partial gc" contextid="4490" durationms="21.061" usertimems="21.221" systemtimems="26.603" timestamp="2019-08-11T05:39:36.190" activeThreads="16">
  <mem-info id="4497" free="276824064" total="461373440" percent="60">
    <mem type="eden" free="2987760" total="4194304" percent="71" />
    <remembered-set count="58368" freebytes="18211328" totalbytes="18444800" percent="98" regionsoverflowed="0" regionsstable="8" regionsrebuilding="0"/>
  </mem-info>
</gc-end>
<cycle-end id="4498" type="partial gc" contextid="4490" timestamp="2019-08-11T05:39:36.190" />
  <attribute name="elasticGC enabled" value="1" />
  <attribute name= "numThreadsSpecified" value="16" />
  <attribute name="heapSize specified" value="0" />
  <attribute name="Current GC Util" value="200" />
  <attribute name= "Current Time Running" value="158055" />
  <attribute name ="GC Interval" value="0" />
  <attribute name="ProportionalT" value="60.000000" />
  <attribute name="ProportionalI" value="60.000000" />
  <attribute name="ProportionalH" value="60.000000" />
  <attribute name="Current Error" value="120.000000" />
  <attribute name="IntegralT" value="60.000000" />
  <attribute name="IntegralI" value="60.000000" />
  <attribute name="IntegralH" value="60.000000" />
  <attribute name="DerivativeT" value="120.000000" />
  <attribute name="DerivativeI" value="120.000000" />
  <attribute name="DerivativeH" value="120.000000" />
  <attribute name="Loop Time for DT" value="1.000000" />
  <attribute name="Output H" value="8388608"/>
  <attribute name="Output I" value="240"/>
  <attribute name="Output T" value="16"/>
  <attribute name="Target GC Util Change" value ="80.000000" />
  <attribute name="Current GC Util Change" value="200.000000"/>
  <attribute name="GC Util currently" value="200" />
  <attribute name="CPU Util currently" value="1682839000031" />
<exclusive-end id="4499" timestamp="2019-08-11T05:39:36.191" durationms="22.892" />

<exclusive-start id="4500" timestamp="2019-08-11T05:39:36.375" intervalms="206.475">
  <response-info timems="15.881" idlems="15.881" threads="0" lastid="0000000002689300" lastname="Thread-26" />
</exclusive-start>
<allocation-taxation id="4501" taxation-threshold="121634816" timestamp="2019-08-11T05:39:36.380" intervalms="211.469" />
<cycle-start id="4502" type="partial gc" contextid="0" timestamp="2019-08-11T05:39:36.385" intervalms="216.175" />
<gc-start id="4503" type="partial gc" contextid="4502" timestamp="2019-08-11T05:39:36.386">
  <mem-info id="4504" free="155189248" total="461373440" percent="33">
    <mem type="eden" free="0" total="121634816" percent="0" />
    <remembered-set count="57920" freebytes="18213120" totalbytes="18444800" percent="98" regionsoverflowed="0" regionsstable="8" regionsrebuilding="0"/>
  </mem-info>
</gc-start>
<allocation-stats totalBytes="121615432" >
  <allocated-bytes non-tlh="0" tlh="121615432" arrayletleaf="0"/>
  <largest-consumer threadName="Thread-22" threadId="00000000026BA200" bytes="13535544" />
</allocation-stats>
<gc-op id="4505" type="copy forward" timems="72.523" contextid="4502" timestamp="2019-08-11T05:39:36.472">
  <memory-copied type="eden" objects="24963" bytes="1018056" bytesdiscarded="63904" />
  <memory-copied type="other" objects="61521" bytes="2712888" bytesdiscarded="178832" />
  <memory-cardclean objects="14793" bytes="779576" />
  <regions eden="58" other="7" />
  <remembered-set-cleared processed="36685" cleared="9109" durationms="0.560" />
  <stringconstants candidates="15061" cleared="0"  />
</gc-op>
<gc-op id="4506" type="classunload" timems="0.012" contextid="4502" timestamp="2019-08-11T05:39:36.472">
  <classunload-info classloadercandidates="55" classloadersunloaded="0" classesunloaded="0" anonymousclassesunloaded="0" quiescems="0.000" setupms="0.011" scanms="0.000" postms="0.000" />
</gc-op>
<heap-resize id="4507" type="expand" space="default" amount="6291456" count="1" timems="0.114" reason="excessive time being spent in gc" timestamp="2019-08-11T05:39:36.473" />
<gc-end id="4508" type="partial gc" contextid="4502" durationms="87.467" usertimems="54.960" systemtimems="58.131" timestamp="2019-08-11T05:39:36.473" activeThreads="16">
  <mem-info id="4509" free="281018368" total="467664896" percent="60">
    <mem type="eden" free="3112344" total="4194304" percent="74" />
    <remembered-set count="53472" freebytes="18482432" totalbytes="18696320" percent="98" regionsoverflowed="0" regionsstable="8" regionsrebuilding="0"/>
  </mem-info>
</gc-end>
<cycle-end id="4510" type="partial gc" contextid="4502" timestamp="2019-08-11T05:39:36.473" />
  <attribute name="elasticGC enabled" value="1" />
  <attribute name= "numThreadsSpecified" value="16" />
  <attribute name="heapSize specified" value="0" />
  <attribute name="Current GC Util" value="25" />
  <attribute name= "Current Time Running" value="158285" />
  <attribute name ="GC Interval" value="0" />
  <attribute name="ProportionalT" value="-27.500000" />
  <attribute name="ProportionalI" value="-27.500000" />
  <attribute name="ProportionalH" value="-27.500000" />
  <attribute name="Current Error" value="-55.000000" />
  <attribute name="IntegralT" value="-110.000000" />
  <attribute name="IntegralI" value="-110.000000" />
  <attribute name="IntegralH" value="-110.000000" />
  <attribute name="DerivativeT" value="-13.750000" />
  <attribute name="DerivativeI" value="-13.750000" />
  <attribute name="DerivativeH" value="-13.750000" />
  <attribute name="Loop Time for DT" value="4.000000" />
  <attribute name="Output H" value="4202627072"/>
  <attribute name="Output I" value="200"/>
  <attribute name="Output T" value="16"/>
  <attribute name="Target GC Util Change" value ="80.000000" />
  <attribute name="Current GC Util Change" value="25.000000"/>
  <attribute name="GC Util currently" value="25" />
  <attribute name="CPU Util currently" value="332560981451" />
<exclusive-end id="4511" timestamp="2019-08-11T05:39:36.474" durationms="98.887" />

<exclusive-start id="4512" timestamp="2019-08-11T05:39:36.538" intervalms="163.701">
  <response-info timems="4.696" idlems="4.696" threads="0" lastid="0000000002685700" lastname="Thread-28" />
</exclusive-start>
<allocation-taxation id="4513" taxation-threshold="123731968" timestamp="2019-08-11T05:39:36.539" intervalms="158.717" />
<cycle-start id="4514" type="partial gc" contextid="0" timestamp="2019-08-11T05:39:36.539" intervalms="154.060" />
<gc-start id="4515" type="partial gc" contextid="4514" timestamp="2019-08-11T05:39:36.539">
  <mem-info id="4516" free="157286400" total="467664896" percent="33">
    <mem type="eden" free="0" total="123731968" percent="0" />
    <remembered-set count="53056" freebytes="18484096" totalbytes="18696320" percent="98" regionsoverflowed="0" regionsstable="8" regionsrebuilding="0"/>
  </mem-info>
</gc-start>
<allocation-stats totalBytes="123713808" >
  <allocated-bytes non-tlh="19056" tlh="123694752" arrayletleaf="0"/>
  <largest-consumer threadName="Thread-22" threadId="00000000026BA200" bytes="14014664" />
</allocation-stats>
<gc-op id="4517" type="copy forward" timems="49.427" contextid="4514" timestamp="2019-08-11T05:39:36.590">
  <memory-copied type="eden" objects="26093" bytes="1045704" bytesdiscarded="101304" />
  <memory-copied type="other" objects="57272" bytes="2473536" bytesdiscarded="226208" />
  <memory-cardclean objects="17749" bytes="900584" />
  <regions eden="59" other="7" />
  <remembered-set-cleared processed="33451" cleared="6909" durationms="0.216" />
  <stringconstants candidates="15061" cleared="0"  />
</gc-op>
<gc-op id="4518" type="classunload" timems="0.011" contextid="4514" timestamp="2019-08-11T05:39:36.590">
  <classunload-info classloadercandidates="55" classloadersunloaded="0" classesunloaded="0" anonymousclassesunloaded="0" quiescems="0.000" setupms="0.011" scanms="0.000" postms="0.000" />
</gc-op>
<gc-end id="4519" type="partial gc" contextid="4514" durationms="50.773" usertimems="44.488" systemtimems="34.040" timestamp="2019-08-11T05:39:36.590" activeThreads="16">
  <mem-info id="4520" free="281018368" total="467664896" percent="60">
    <mem type="eden" free="950144" total="2097152" percent="45" />
    <remembered-set count="54304" freebytes="18479104" totalbytes="18696320" percent="98" regionsoverflowed="0" regionsstable="8" regionsrebuilding="0"/>
  </mem-info>
</gc-end>
<cycle-end id="4521" type="partial gc" contextid="4514" timestamp="2019-08-11T05:39:36.590" />
  <attribute name="elasticGC enabled" value="1" />
  <attribute name= "numThreadsSpecified" value="16" />
  <attribute name="heapSize specified" value="0" />
  <attribute name="Current GC Util" value="171" />
  <attribute name= "Current Time Running" value="158425" />
  <attribute name ="GC Interval" value="0" />
  <attribute name="ProportionalT" value="45.500000" />
  <attribute name="ProportionalI" value="45.500000" />
  <attribute name="ProportionalH" value="45.500000" />
  <attribute name="Current Error" value="91.000000" />
  <attribute name="IntegralT" value="45.500000" />
  <attribute name="IntegralI" value="45.500000" />
  <attribute name="IntegralH" value="45.500000" />
  <attribute name="DerivativeT" value="90.000000" />
  <attribute name="DerivativeI" value="90.000000" />
  <attribute name="DerivativeH" value="90.000000" />
  <attribute name="Loop Time for DT" value="1.000000" />
  <attribute name="Output H" value="8388608"/>
  <attribute name="Output I" value="200"/>
  <attribute name="Output T" value="16"/>
  <attribute name="Target GC Util Change" value ="80.000000" />
  <attribute name="Current GC Util Change" value="171.000000"/>
  <attribute name="GC Util currently" value="171" />
  <attribute name="CPU Util currently" value="1419186309021" />
<exclusive-end id="4522" timestamp="2019-08-11T05:39:36.590" durationms="51.559" />

<exclusive-start id="4523" timestamp="2019-08-11T05:39:36.675" intervalms="136.186">
  <response-info timems="8.546" idlems="3.060" threads="5" lastid="0000000002698300" lastname="Thread-25" />
</exclusive-start>
<allocation-taxation id="4524" taxation-threshold="123731968" timestamp="2019-08-11T05:39:36.679" intervalms="140.121" />
<cycle-start id="4525" type="partial gc" contextid="0" timestamp="2019-08-11T05:39:36.697" intervalms="158.666" />
<gc-start id="4526" type="partial gc" contextid="4525" timestamp="2019-08-11T05:39:36.698">
  <mem-info id="4527" free="157286400" total="467664896" percent="33">
    <mem type="eden" free="0" total="123731968" percent="0" />
    <remembered-set count="54080" freebytes="18480000" totalbytes="18696320" percent="98" regionsoverflowed="0" regionsstable="8" regionsrebuilding="0"/>
  </mem-info>
</gc-start>
<allocation-stats totalBytes="123712960" >
  <allocated-bytes non-tlh="0" tlh="123712960" arrayletleaf="0"/>
  <largest-consumer threadName="Thread-31" threadId="00000000026B2A00" bytes="12561096" />
</allocation-stats>
<gc-op id="4528" type="copy forward" timems="70.152" contextid="4525" timestamp="2019-08-11T05:39:36.790">
  <memory-copied type="eden" objects="22691" bytes="826512" bytesdiscarded="63384" />
  <memory-copied type="other" objects="89657" bytes="3800280" bytesdiscarded="234568" />
  <memory-cardclean objects="18734" bytes="953552" />
  <regions eden="59" other="6" />
  <remembered-set-cleared processed="32042" cleared="5100" durationms="0.467" />
  <stringconstants candidates="15061" cleared="0"  />
</gc-op>
<gc-op id="4529" type="classunload" timems="0.012" contextid="4525" timestamp="2019-08-11T05:39:36.790">
  <classunload-info classloadercandidates="55" classloadersunloaded="0" classesunloaded="0" anonymousclassesunloaded="0" quiescems="0.000" setupms="0.012" scanms="0.000" postms="0.000" />
</gc-op>
<heap-resize id="4530" type="expand" space="default" amount="4194304" count="1" timems="0.071" reason="excessive time being spent in gc" timestamp="2019-08-11T05:39:36.790" />
<gc-end id="4531" type="partial gc" contextid="4525" durationms="92.642" usertimems="41.282" systemtimems="38.088" timestamp="2019-08-11T05:39:36.790" activeThreads="16">
  <mem-info id="4532" free="283115520" total="471859200" percent="60">
    <mem type="eden" free="1207256" total="2097152" percent="57" />
    <remembered-set count="54208" freebytes="18647168" totalbytes="18864000" percent="98" regionsoverflowed="0" regionsstable="8" regionsrebuilding="0"/>
  </mem-info>
</gc-end>
<cycle-end id="4533" type="partial gc" contextid="4525" timestamp="2019-08-11T05:39:36.790" />
  <attribute name="elasticGC enabled" value="1" />
  <attribute name= "numThreadsSpecified" value="16" />
  <attribute name="heapSize specified" value="0" />
  <attribute name="Current GC Util" value="5" />
  <attribute name= "Current Time Running" value="158604" />
  <attribute name ="GC Interval" value="0" />
  <attribute name="ProportionalT" value="-37.500000" />
  <attribute name="ProportionalI" value="-37.500000" />
  <attribute name="ProportionalH" value="-37.500000" />
  <attribute name="Current Error" value="-75.000000" />
  <attribute name="IntegralT" value="-787.500000" />
  <attribute name="IntegralI" value="-787.500000" />
  <attribute name="IntegralH" value="-787.500000" />
  <attribute name="DerivativeT" value="-3.571429" />
  <attribute name="DerivativeI" value="-3.571429" />
  <attribute name="DerivativeH" value="-3.571429" />
  <attribute name="Loop Time for DT" value="21.000000" />
  <attribute name="Output H" value="4202627072"/>
  <attribute name="Output I" value="200"/>
  <attribute name="Output T" value="16"/>
  <attribute name="Target GC Util Change" value ="80.000000" />
  <attribute name="Current GC Util Change" value="5.000000"/>
  <attribute name="GC Util currently" value="5" />
  <attribute name="CPU Util currently" value="53351005255" />
<exclusive-end id="4534" timestamp="2019-08-11T05:39:36.790" durationms="115.790" />

<exclusive-start id="4535" timestamp="2019-08-11T05:39:36.917" intervalms="242.006">
  <response-info timems="29.911" idlems="29.911" threads="0" lastid="0000000002690B00" lastname="Thread-33" />
</exclusive-start>
<allocation-taxation id="4536" taxation-threshold="123731968" timestamp="2019-08-11T05:39:36.918" intervalms="239.086" />
<cycle-start id="4537" type="partial gc" contextid="0" timestamp="2019-08-11T05:39:36.918" intervalms="220.577" />
<gc-start id="4538" type="partial gc" contextid="4537" timestamp="2019-08-11T05:39:36.918">
  <mem-info id="4539" free="159383552" total="471859200" percent="33">
    <mem type="eden" free="0" total="123731968" percent="0" />
    <remembered-set count="54208" freebytes="18647168" totalbytes="18864000" percent="98" regionsoverflowed="0" regionsstable="8" regionsrebuilding="0"/>
  </mem-info>
</gc-start>
<allocation-stats totalBytes="123711368" >
  <allocated-bytes non-tlh="0" tlh="123711368" arrayletleaf="0"/>
  <largest-consumer threadName="Thread-28" threadId="0000000002685700" bytes="12544088" />
</allocation-stats>
<gc-op id="4540" type="copy forward" timems="52.011" contextid="4537" timestamp="2019-08-11T05:39:36.974">
  <memory-copied type="eden" objects="23353" bytes="843312" bytesdiscarded="91312" />
  <memory-copied type="other" objects="81197" bytes="3459864" bytesdiscarded="357992" />
  <memory-cardclean objects="20942" bytes="1078088" />
  <regions eden="59" other="6" />
  <remembered-set-cleared processed="34396" cleared="7469" durationms="19.276" />
  <stringconstants candidates="15061" cleared="0"  />
</gc-op>
<gc-op id="4541" type="classunload" timems="0.013" contextid="4537" timestamp="2019-08-11T05:39:36.974">
  <classunload-info classloadercandidates="55" classloadersunloaded="0" classesunloaded="0" anonymousclassesunloaded="0" quiescems="0.000" setupms="0.012" scanms="0.000" postms="0.000" />
</gc-op>
<heap-resize id="4542" type="expand" space="default" amount="6291456" count="1" timems="0.095" reason="excessive time being spent in gc" timestamp="2019-08-11T05:39:36.975" />
<gc-end id="4543" type="partial gc" contextid="4537" durationms="56.406" usertimems="34.885" systemtimems="26.811" timestamp="2019-08-11T05:39:36.975" activeThreads="16">
  <mem-info id="4544" free="287309824" total="478150656" percent="60">
    <mem type="eden" free="1162528" total="2097152" percent="55" />
    <remembered-set count="58240" freebytes="18882560" totalbytes="19115520" percent="98" regionsoverflowed="0" regionsstable="8" regionsrebuilding="0"/>
  </mem-info>
</gc-end>
<cycle-end id="4545" type="partial gc" contextid="4537" timestamp="2019-08-11T05:39:36.975" />
  <attribute name="elasticGC enabled" value="1" />
  <attribute name= "numThreadsSpecified" value="16" />
  <attribute name="heapSize specified" value="0" />
  <attribute name="Current GC Util" value="15" />
  <attribute name= "Current Time Running" value="158807" />
  <attribute name ="GC Interval" value="0" />
  <attribute name="ProportionalT" value="-32.500000" />
  <attribute name="ProportionalI" value="-32.500000" />
  <attribute name="ProportionalH" value="-32.500000" />
  <attribute name="Current Error" value="-65.000000" />
  <attribute name="IntegralT" value="-130.000000" />
  <attribute name="IntegralI" value="-130.000000" />
  <attribute name="IntegralH" value="-130.000000" />
  <attribute name="DerivativeT" value="-16.250000" />
  <attribute name="DerivativeI" value="-16.250000" />
  <attribute name="DerivativeH" value="-16.250000" />
  <attribute name="Loop Time for DT" value="4.000000" />
  <attribute name="Output H" value="4202627072"/>
  <attribute name="Output I" value="200"/>
  <attribute name="Output T" value="16"/>
  <attribute name="Target GC Util Change" value ="80.000000" />
  <attribute name="Current GC Util Change" value="15.000000"/>
  <attribute name="GC Util currently" value="15" />
  <attribute name="CPU Util currently" value="314530445064" />
<exclusive-end id="4546" timestamp="2019-08-11T05:39:36.975" durationms="58.804" />

<exclusive-start id="4547" timestamp="2019-08-11T05:39:37.056" intervalms="139.208">
  <response-info timems="2.023" idlems="2.023" threads="0" lastid="0000000002689300" lastname="Thread-26" />
</exclusive-start>
<allocation-taxation id="4548" taxation-threshold="125829120" timestamp="2019-08-11T05:39:37.056" intervalms="138.170" />
<cycle-start id="4549" type="partial gc" contextid="0" timestamp="2019-08-11T05:39:37.056" intervalms="138.379" />
<gc-start id="4550" type="partial gc" contextid="4549" timestamp="2019-08-11T05:39:37.057">
  <mem-info id="4551" free="161480704" total="478150656" percent="33">
    <mem type="eden" free="0" total="125829120" percent="0" />
    <remembered-set count="57856" freebytes="18884096" totalbytes="19115520" percent="98" regionsoverflowed="0" regionsstable="8" regionsrebuilding="0"/>
  </mem-info>
</gc-start>
<allocation-stats totalBytes="125808312" >
  <allocated-bytes non-tlh="0" tlh="125808312" arrayletleaf="0"/>
  <largest-consumer threadName="Thread-23" threadId="00000000026CCE00" bytes="14108592" />
</allocation-stats>
<gc-op id="4552" type="copy forward" timems="107.600" contextid="4549" timestamp="2019-08-11T05:39:37.166">
  <memory-copied type="eden" objects="14330" bytes="489248" bytesdiscarded="62672" />
  <memory-copied type="other" objects="92811" bytes="3875976" bytesdiscarded="367928" />
  <memory-cardclean objects="19664" bytes="979064" />
  <regions eden="60" other="6" />
  <remembered-set-cleared processed="34477" cleared="6387" durationms="5.351" />
  <stringconstants candidates="15061" cleared="0"  />
</gc-op>
<gc-op id="4553" type="classunload" timems="0.014" contextid="4549" timestamp="2019-08-11T05:39:37.167">
  <classunload-info classloadercandidates="55" classloadersunloaded="0" classesunloaded="0" anonymousclassesunloaded="0" quiescems="0.000" setupms="0.013" scanms="0.000" postms="0.000" />
</gc-op>
<heap-resize id="4554" type="expand" space="default" amount="10485760" count="1" timems="0.128" reason="excessive time being spent in gc" timestamp="2019-08-11T05:39:37.167" />
<gc-end id="4555" type="partial gc" contextid="4549" durationms="110.592" usertimems="58.007" systemtimems="46.750" timestamp="2019-08-11T05:39:37.168" activeThreads="16">
  <mem-info id="4556" free="293601280" total="488636416" percent="60">
    <mem type="eden" free="3642384" total="4194304" percent="86" />
    <remembered-set count="59648" freebytes="19296128" totalbytes="19534720" percent="98" regionsoverflowed="0" regionsstable="8" regionsrebuilding="0"/>
  </mem-info>
</gc-end>
<cycle-end id="4557" type="partial gc" contextid="4549" timestamp="2019-08-11T05:39:37.168" />
  <attribute name="elasticGC enabled" value="1" />
  <attribute name= "numThreadsSpecified" value="16" />
  <attribute name="heapSize specified" value="0" />
  <attribute name="Current GC Util" value="97" />
  <attribute name= "Current Time Running" value="158944" />
  <attribute name ="GC Interval" value="0" />
  <attribute name="ProportionalT" value="8.500000" />
  <attribute name="ProportionalI" value="8.500000" />
  <attribute name="ProportionalH" value="8.500000" />
  <attribute name="Current Error" value="17.000000" />
  <attribute name="IntegralT" value="17.000000" />
  <attribute name="IntegralI" value="17.000000" />
  <attribute name="IntegralH" value="17.000000" />
  <attribute name="DerivativeT" value="8.500000" />
  <attribute name="DerivativeI" value="8.500000" />
  <attribute name="DerivativeH" value="8.500000" />
  <attribute name="Loop Time for DT" value="2.000000" />
  <attribute name="Output H" value="8388608"/>
  <attribute name="Output I" value="200"/>
  <attribute name="Output T" value="16"/>
  <attribute name="Target GC Util Change" value ="80.000000" />
  <attribute name="Current GC Util Change" value="97.000000"/>
  <attribute name="GC Util currently" value="97" />
  <attribute name="CPU Util currently" value="924481185341" />
<exclusive-end id="4558" timestamp="2019-08-11T05:39:37.168" durationms="112.236" />

<exclusive-start id="4559" timestamp="2019-08-11T05:39:37.296" intervalms="240.469">
  <response-info timems="7.236" idlems="4.540" threads="2" lastid="00000000026BA200" lastname="Thread-22" />
</exclusive-start>
<allocation-taxation id="4560" taxation-threshold="127926272" timestamp="2019-08-11T05:39:37.296" intervalms="240.476" />
<cycle-start id="4561" type="partial gc" contextid="0" timestamp="2019-08-11T05:39:37.297" intervalms="240.292" />
<gc-start id="4562" type="partial gc" contextid="4561" timestamp="2019-08-11T05:39:37.297">
  <mem-info id="4563" free="165675008" total="488636416" percent="33">
    <mem type="eden" free="0" total="127926272" percent="0" />
    <remembered-set count="59456" freebytes="19296896" totalbytes="19534720" percent="98" regionsoverflowed="0" regionsstable="8" regionsrebuilding="0"/>
  </mem-info>
</gc-start>
<allocation-stats totalBytes="127905048" >
  <allocated-bytes non-tlh="0" tlh="127905048" arrayletleaf="0"/>
  <largest-consumer threadName="Thread-23" threadId="00000000026CCE00" bytes="15169712" />
</allocation-stats>
<gc-op id="4564" type="copy forward" timems="111.913" contextid="4561" timestamp="2019-08-11T05:39:37.410">
  <memory-copied type="eden" objects="29313" bytes="1122960" bytesdiscarded="93496" />
  <memory-copied type="other" objects="73401" bytes="2998008" bytesdiscarded="248016" />
  <memory-cardclean objects="25307" bytes="1287344" />
  <regions eden="61" other="7" />
  <remembered-set-cleared processed="35492" cleared="7604" durationms="0.246" />
  <stringconstants candidates="15061" cleared="0"  />
</gc-op>
<gc-op id="4565" type="classunload" timems="0.014" contextid="4561" timestamp="2019-08-11T05:39:37.410">
  <classunload-info classloadercandidates="55" classloadersunloaded="0" classesunloaded="0" anonymousclassesunloaded="0" quiescems="0.000" setupms="0.014" scanms="0.000" postms="0.000" />
</gc-op>
<gc-end id="4566" type="partial gc" contextid="4561" durationms="113.188" usertimems="52.825" systemtimems="43.825" timestamp="2019-08-11T05:39:37.410" activeThreads="16">
  <mem-info id="4567" free="293601280" total="488636416" percent="60">
    <mem type="eden" free="880696" total="2097152" percent="41" />
    <remembered-set count="59360" freebytes="19297280" totalbytes="19534720" percent="98" regionsoverflowed="0" regionsstable="8" regionsrebuilding="0"/>
  </mem-info>
</gc-end>
<cycle-end id="4568" type="partial gc" contextid="4561" timestamp="2019-08-11T05:39:37.410" />
  <attribute name="elasticGC enabled" value="1" />
  <attribute name= "numThreadsSpecified" value="16" />
  <attribute name="heapSize specified" value="0" />
  <attribute name="Current GC Util" value="139" />
  <attribute name= "Current Time Running" value="159183" />
  <attribute name ="GC Interval" value="0" />
  <attribute name="ProportionalT" value="29.500000" />
  <attribute name="ProportionalI" value="29.500000" />
  <attribute name="ProportionalH" value="29.500000" />
  <attribute name="Current Error" value="59.000000" />
  <attribute name="IntegralT" value="29.500000" />
  <attribute name="IntegralI" value="29.500000" />
  <attribute name="IntegralH" value="29.500000" />
  <attribute name="DerivativeT" value="59.000000" />
  <attribute name="DerivativeI" value="59.000000" />
  <attribute name="DerivativeH" value="59.000000" />
  <attribute name="Loop Time for DT" value="1.000000" />
  <attribute name="Output H" value="8388608"/>
  <attribute name="Output I" value="200"/>
  <attribute name="Output T" value="16"/>
  <attribute name="Target GC Util Change" value ="80.000000" />
  <attribute name="Current GC Util Change" value="139.000000"/>
  <attribute name="GC Util currently" value="139" />
  <attribute name="CPU Util currently" value="1702731808200" />
<exclusive-end id="4569" timestamp="2019-08-11T05:39:37.410" durationms="113.971" />

<exclusive-start id="4570" timestamp="2019-08-11T05:39:37.529" intervalms="232.924">
  <response-info timems="4.437" idlems="2.352" threads="1" lastid="00000000026DBD00" lastname="Thread-24" />
</exclusive-start>
<allocation-taxation id="4571" taxation-threshold="127926272" timestamp="2019-08-11T05:39:37.529" intervalms="232.955" />
<cycle-start id="4572" type="partial gc" contextid="0" timestamp="2019-08-11T05:39:37.529" intervalms="232.870" />
<gc-start id="4573" type="partial gc" contextid="4572" timestamp="2019-08-11T05:39:37.530">
  <mem-info id="4574" free="165675008" total="488636416" percent="33">
    <mem type="eden" free="0" total="127926272" percent="0" />
    <remembered-set count="59200" freebytes="19297920" totalbytes="19534720" percent="98" regionsoverflowed="0" regionsstable="8" regionsrebuilding="0"/>
  </mem-info>
</gc-start>
<allocation-stats totalBytes="127905064" >
  <allocated-bytes non-tlh="0" tlh="127905064" arrayletleaf="0"/>
  <largest-consumer threadName="Thread-23" threadId="00000000026CCE00" bytes="12298552" />
</allocation-stats>
<gc-op id="4575" type="copy forward" timems="121.133" contextid="4572" timestamp="2019-08-11T05:39:37.653">
  <memory-copied type="eden" objects="49369" bytes="1878152" bytesdiscarded="106920" />
  <memory-copied type="other" objects="50741" bytes="2042040" bytesdiscarded="159920" />
  <memory-cardclean objects="24507" bytes="1309664" />
  <regions eden="61" other="6" />
  <remembered-set-cleared processed="36942" cleared="8704" durationms="0.354" />
  <stringconstants candidates="15061" cleared="0"  />
</gc-op>
<gc-op id="4576" type="classunload" timems="0.013" contextid="4572" timestamp="2019-08-11T05:39:37.653">
  <classunload-info classloadercandidates="55" classloadersunloaded="0" classesunloaded="0" anonymousclassesunloaded="0" quiescems="0.000" setupms="0.013" scanms="0.000" postms="0.000" />
</gc-op>
<heap-resize id="4577" type="expand" space="default" amount="10485760" count="1" timems="0.104" reason="excessive time being spent in gc" timestamp="2019-08-11T05:39:37.653" />
<gc-end id="4578" type="partial gc" contextid="4572" durationms="122.855" usertimems="56.731" systemtimems="67.175" timestamp="2019-08-11T05:39:37.653" activeThreads="16">
  <mem-info id="4579" free="299892736" total="499122176" percent="60">
    <mem type="eden" free="2209232" total="4194304" percent="52" />
    <remembered-set count="59360" freebytes="19716480" totalbytes="19953920" percent="98" regionsoverflowed="0" regionsstable="8" regionsrebuilding="0"/>
  </mem-info>
</gc-end>
<cycle-end id="4580" type="partial gc" contextid="4572" timestamp="2019-08-11T05:39:37.653" />
  <attribute name="elasticGC enabled" value="1" />
  <attribute name= "numThreadsSpecified" value="16" />
  <attribute name="heapSize specified" value="0" />
  <attribute name="Current GC Util" value="126" />
  <attribute name= "Current Time Running" value="159417" />
  <attribute name ="GC Interval" value="0" />
  <attribute name="ProportionalT" value="23.000000" />
  <attribute name="ProportionalI" value="23.000000" />
  <attribute name="ProportionalH" value="23.000000" />
  <attribute name="Current Error" value="46.000000" />
  <attribute name="IntegralT" value="23.000000" />
  <attribute name="IntegralI" value="23.000000" />
  <attribute name="IntegralH" value="23.000000" />
  <attribute name="DerivativeT" value="46.000000" />
  <attribute name="DerivativeI" value="46.000000" />
  <attribute name="DerivativeH" value="46.000000" />
  <attribute name="Loop Time for DT" value="1.000000" />
  <attribute name="Output H" value="8388608"/>
  <attribute name="Output I" value="200"/>
  <attribute name="Output T" value="16"/>
  <attribute name="Target GC Util Change" value ="80.000000" />
  <attribute name="Current GC Util Change" value="126.000000"/>
  <attribute name="GC Util currently" value="126" />
  <attribute name="CPU Util currently" value="1995958314797" />
<exclusive-end id="4581" timestamp="2019-08-11T05:39:37.657" durationms="128.125" />

<exclusive-start id="4582" timestamp="2019-08-11T05:39:37.800" intervalms="271.118">
  <response-info timems="6.903" idlems="6.903" threads="0" lastid="000000000269FB00" lastname="Thread-34" />
</exclusive-start>
<allocation-taxation id="4583" taxation-threshold="132120576" timestamp="2019-08-11T05:39:37.801" intervalms="271.177" />
<cycle-start id="4584" type="partial gc" contextid="0" timestamp="2019-08-11T05:39:37.801" intervalms="271.638" />
<gc-start id="4585" type="partial gc" contextid="4584" timestamp="2019-08-11T05:39:37.802">
  <mem-info id="4586" free="167772160" total="499122176" percent="33">
    <mem type="eden" free="0" total="132120576" percent="0" />
    <remembered-set count="59296" freebytes="19716736" totalbytes="19953920" percent="98" regionsoverflowed="0" regionsstable="8" regionsrebuilding="0"/>
  </mem-info>
</gc-start>
<allocation-stats totalBytes="132098208" >
  <allocated-bytes non-tlh="0" tlh="132098208" arrayletleaf="0"/>
  <largest-consumer threadName="Thread-23" threadId="00000000026CCE00" bytes="13437080" />
</allocation-stats>
<gc-op id="4587" type="copy forward" timems="99.669" contextid="4584" timestamp="2019-08-11T05:39:37.904">
  <memory-copied type="eden" objects="49763" bytes="2024464" bytesdiscarded="199392" />
  <memory-copied type="other" objects="60744" bytes="2419488" bytesdiscarded="261784" />
  <memory-cardclean objects="23023" bytes="1186016" />
  <regions eden="63" other="7" />
  <remembered-set-cleared processed="36251" cleared="6560" durationms="0.548" />
  <stringconstants candidates="15061" cleared="0"  />
</gc-op>
<gc-op id="4588" type="classunload" timems="0.014" contextid="4584" timestamp="2019-08-11T05:39:37.904">
  <classunload-info classloadercandidates="55" classloadersunloaded="0" classesunloaded="0" anonymousclassesunloaded="0" quiescems="0.000" setupms="0.014" scanms="0.000" postms="0.000" />
</gc-op>
<heap-resize id="4589" type="expand" space="default" amount="4194304" count="1" timems="0.071" reason="excessive time being spent in gc" timestamp="2019-08-11T05:39:37.904" />
<gc-end id="4590" type="partial gc" contextid="4584" durationms="102.362" usertimems="61.435" systemtimems="39.781" timestamp="2019-08-11T05:39:37.904" activeThreads="16">
  <mem-info id="4591" free="301989888" total="503316480" percent="60">
    <mem type="eden" free="1970448" total="4194304" percent="46" />
    <remembered-set count="60256" freebytes="19880576" totalbytes="20121600" percent="98" regionsoverflowed="0" regionsstable="8" regionsrebuilding="0"/>
  </mem-info>
</gc-end>
<cycle-end id="4592" type="partial gc" contextid="4584" timestamp="2019-08-11T05:39:37.904" />
  <attribute name="elasticGC enabled" value="1" />
  <attribute name= "numThreadsSpecified" value="16" />
  <attribute name="heapSize specified" value="0" />
  <attribute name="Current GC Util" value="85" />
  <attribute name= "Current Time Running" value="159689" />
  <attribute name ="GC Interval" value="0" />
  <attribute name="ProportionalT" value="2.500000" />
  <attribute name="ProportionalI" value="2.500000" />
  <attribute name="ProportionalH" value="2.500000" />
  <attribute name="Current Error" value="5.000000" />
  <attribute name="IntegralT" value="5.000000" />
  <attribute name="IntegralI" value="5.000000" />
  <attribute name="IntegralH" value="5.000000" />
  <attribute name="DerivativeT" value="2.500000" />
  <attribute name="DerivativeI" value="2.500000" />
  <attribute name="DerivativeH" value="2.500000" />
  <attribute name="Loop Time for DT" value="2.000000" />
  <attribute name="Output H" value="8388608"/>
  <attribute name="Output I" value="200"/>
  <attribute name="Output T" value="16"/>
  <attribute name="Target GC Util Change" value ="80.000000" />
  <attribute name="Current GC Util Change" value="85.000000"/>
  <attribute name="GC Util currently" value="85" />
  <attribute name="CPU Util currently" value="708796131748" />
<exclusive-end id="4593" timestamp="2019-08-11T05:39:37.904" durationms="103.904" />

<exclusive-start id="4594" timestamp="2019-08-11T05:39:38.019" intervalms="218.119">
  <response-info timems="0.582" idlems="0.295" threads="1" lastid="000000000269BF00" lastname="Thread-21" />
</exclusive-start>
<allocation-taxation id="4595" taxation-threshold="132120576" timestamp="2019-08-11T05:39:38.019" intervalms="218.017" />
<cycle-start id="4596" type="partial gc" contextid="0" timestamp="2019-08-11T05:39:38.019" intervalms="218.044" />
<gc-start id="4597" type="partial gc" contextid="4596" timestamp="2019-08-11T05:39:38.019">
  <mem-info id="4598" free="169869312" total="503316480" percent="33">
    <mem type="eden" free="0" total="132120576" percent="0" />
    <remembered-set count="60128" freebytes="19881088" totalbytes="20121600" percent="98" regionsoverflowed="0" regionsstable="8" regionsrebuilding="0"/>
  </mem-info>
</gc-start>
<allocation-stats totalBytes="132097368" >
  <allocated-bytes non-tlh="0" tlh="132097368" arrayletleaf="0"/>
  <largest-consumer threadName="Thread-24" threadId="00000000026DBD00" bytes="12830560" />
</allocation-stats>
<gc-op id="4599" type="copy forward" timems="74.460" contextid="4596" timestamp="2019-08-11T05:39:38.097">
  <memory-copied type="eden" objects="54115" bytes="2130256" bytesdiscarded="179640" />
  <memory-copied type="other" objects="60656" bytes="2280000" bytesdiscarded="99840" />
  <memory-cardclean objects="27576" bytes="1423760" />
  <regions eden="63" other="7" />
  <remembered-set-cleared processed="37100" cleared="8187" durationms="0.270" />
  <stringconstants candidates="15061" cleared="0"  />
</gc-op>
<gc-op id="4600" type="classunload" timems="0.089" contextid="4596" timestamp="2019-08-11T05:39:38.097">
  <classunload-info classloadercandidates="55" classloadersunloaded="0" classesunloaded="0" anonymousclassesunloaded="0" quiescems="0.000" setupms="0.089" scanms="0.000" postms="0.000" />
</gc-op>
<gc-end id="4601" type="partial gc" contextid="4596" durationms="77.491" usertimems="39.537" systemtimems="52.304" timestamp="2019-08-11T05:39:38.097" activeThreads="16">
  <mem-info id="4602" free="301989888" total="503316480" percent="60">
    <mem type="eden" free="1884408" total="4194304" percent="44" />
    <remembered-set count="60224" freebytes="19880704" totalbytes="20121600" percent="98" regionsoverflowed="0" regionsstable="8" regionsrebuilding="0"/>
  </mem-info>
</gc-end>
<cycle-end id="4603" type="partial gc" contextid="4596" timestamp="2019-08-11T05:39:38.097" />
  <attribute name="elasticGC enabled" value="1" />
  <attribute name= "numThreadsSpecified" value="16" />
  <attribute name="heapSize specified" value="0" />
  <attribute name="Current GC Util" value="35" />
  <attribute name= "Current Time Running" value="159907" />
  <attribute name ="GC Interval" value="0" />
  <attribute name="ProportionalT" value="-22.500000" />
  <attribute name="ProportionalI" value="-22.500000" />
  <attribute name="ProportionalH" value="-22.500000" />
  <attribute name="Current Error" value="-45.000000" />
  <attribute name="IntegralT" value="-45.000000" />
  <attribute name="IntegralI" value="-45.000000" />
  <attribute name="IntegralH" value="-45.000000" />
  <attribute name="DerivativeT" value="-22.500000" />
  <attribute name="DerivativeI" value="-22.500000" />
  <attribute name="DerivativeH" value="-22.500000" />
  <attribute name="Loop Time for DT" value="2.000000" />
  <attribute name="Output H" value="4202627072"/>
  <attribute name="Output I" value="200"/>
  <attribute name="Output T" value="16"/>
  <attribute name="Target GC Util Change" value ="80.000000" />
  <attribute name="Current GC Util Change" value="35.000000"/>
  <attribute name="GC Util currently" value="35" />
  <attribute name="CPU Util currently" value="577844931618" />
<exclusive-end id="4604" timestamp="2019-08-11T05:39:38.098" durationms="79.280" />

<exclusive-start id="4605" timestamp="2019-08-11T05:39:38.182" intervalms="163.715">
  <response-info timems="6.389" idlems="6.389" threads="0" lastid="0000000002689300" lastname="Thread-26" />
</exclusive-start>
<allocation-taxation id="4606" taxation-threshold="132120576" timestamp="2019-08-11T05:39:38.182" intervalms="163.725" />
<cycle-start id="4607" type="partial gc" contextid="0" timestamp="2019-08-11T05:39:38.182" intervalms="163.316" />
<gc-start id="4608" type="partial gc" contextid="4607" timestamp="2019-08-11T05:39:38.183">
  <mem-info id="4609" free="169869312" total="503316480" percent="33">
    <mem type="eden" free="0" total="132120576" percent="0" />
    <remembered-set count="59776" freebytes="19882496" totalbytes="20121600" percent="98" regionsoverflowed="0" regionsstable="8" regionsrebuilding="0"/>
  </mem-info>
</gc-start>
<allocation-stats totalBytes="132097496" >
  <allocated-bytes non-tlh="0" tlh="132097496" arrayletleaf="0"/>
  <largest-consumer threadName="Thread-36" threadId="00000000026BDE00" bytes="12679088" />
</allocation-stats>
<gc-op id="4610" type="copy forward" timems="125.315" contextid="4607" timestamp="2019-08-11T05:39:38.310">
  <memory-copied type="eden" objects="63661" bytes="2632664" bytesdiscarded="174040" />
  <memory-copied type="other" objects="44849" bytes="1625880" bytesdiscarded="130304" />
  <memory-cardclean objects="30346" bytes="1575968" />
  <regions eden="63" other="7" />
  <remembered-set-cleared processed="37784" cleared="9573" durationms="1.361" />
  <stringconstants candidates="15061" cleared="0"  />
</gc-op>
<gc-op id="4611" type="classunload" timems="0.013" contextid="4607" timestamp="2019-08-11T05:39:38.310">
  <classunload-info classloadercandidates="55" classloadersunloaded="0" classesunloaded="0" anonymousclassesunloaded="0" quiescems="0.000" setupms="0.012" scanms="0.000" postms="0.000" />
</gc-op>
<heap-resize id="4612" type="expand" space="default" amount="6291456" count="1" timems="0.080" reason="excessive time being spent in gc" timestamp="2019-08-11T05:39:38.310" />
<gc-end id="4613" type="partial gc" contextid="4607" durationms="127.058" usertimems="64.964" systemtimems="70.082" timestamp="2019-08-11T05:39:38.310" activeThreads="16">
  <mem-info id="4614" free="306184192" total="509607936" percent="60">
    <mem type="eden" free="1387600" total="4194304" percent="33" />
    <remembered-set count="58944" freebytes="20137344" totalbytes="20373120" percent="98" regionsoverflowed="0" regionsstable="8" regionsrebuilding="0"/>
  </mem-info>
</gc-end>
<cycle-end id="4615" type="partial gc" contextid="4607" timestamp="2019-08-11T05:39:38.310" />
  <attribute name="elasticGC enabled" value="1" />
  <attribute name= "numThreadsSpecified" value="16" />
  <attribute name="heapSize specified" value="0" />
  <attribute name="Current GC Util" value="140" />
  <attribute name= "Current Time Running" value="160069" />
  <attribute name ="GC Interval" value="0" />
  <attribute name="ProportionalT" value="30.000000" />
  <attribute name="ProportionalI" value="30.000000" />
  <attribute name="ProportionalH" value="30.000000" />
  <attribute name="Current Error" value="60.000000" />
  <attribute name="IntegralT" value="30.000000" />
  <attribute name="IntegralI" value="30.000000" />
  <attribute name="IntegralH" value="30.000000" />
  <attribute name="DerivativeT" value="60.000000" />
  <attribute name="DerivativeI" value="60.000000" />
  <attribute name="DerivativeH" value="60.000000" />
  <attribute name="Loop Time for DT" value="1.000000" />
  <attribute name="Output H" value="8388608"/>
  <attribute name="Output I" value="200"/>
  <attribute name="Output T" value="16"/>
  <attribute name="Target GC Util Change" value ="80.000000" />
  <attribute name="Current GC Util Change" value="140.000000"/>
  <attribute name="GC Util currently" value="140" />
  <attribute name="CPU Util currently" value="1442935588458" />
<exclusive-end id="4616" timestamp="2019-08-11T05:39:38.311" durationms="128.315" />

<exclusive-start id="4617" timestamp="2019-08-11T05:39:38.397" intervalms="215.232">
  <response-info timems="4.123" idlems="4.123" threads="0" lastid="0000000002689300" lastname="Thread-26" />
</exclusive-start>
<allocation-taxation id="4618" taxation-threshold="134217728" timestamp="2019-08-11T05:39:38.398" intervalms="215.241" />
<cycle-start id="4619" type="partial gc" contextid="0" timestamp="2019-08-11T05:39:38.398" intervalms="215.331" />
<gc-start id="4620" type="partial gc" contextid="4619" timestamp="2019-08-11T05:39:38.398">
  <mem-info id="4621" free="171966464" total="509607936" percent="33">
    <mem type="eden" free="0" total="134217728" percent="0" />
    <remembered-set count="58944" freebytes="20137344" totalbytes="20373120" percent="98" regionsoverflowed="0" regionsstable="8" regionsrebuilding="0"/>
  </mem-info>
</gc-start>
<allocation-stats totalBytes="134193840" >
  <allocated-bytes non-tlh="0" tlh="134193840" arrayletleaf="0"/>
  <largest-consumer threadName="Thread-27" threadId="00000000026A7200" bytes="12089368" />
</allocation-stats>
<gc-op id="4622" type="copy forward" timems="60.884" contextid="4619" timestamp="2019-08-11T05:39:38.461">
  <memory-copied type="eden" objects="43510" bytes="1874392" bytesdiscarded="256344" />
  <memory-copied type="other" objects="37665" bytes="1453464" bytesdiscarded="128336" />
  <memory-cardclean objects="21560" bytes="1103552" />
  <regions eden="64" other="7" />
  <remembered-set-cleared processed="38984" cleared="10614" durationms="0.286" />
  <stringconstants candidates="15061" cleared="0"  />
</gc-op>
<gc-op id="4623" type="classunload" timems="0.015" contextid="4619" timestamp="2019-08-11T05:39:38.461">
  <classunload-info classloadercandidates="55" classloadersunloaded="0" classesunloaded="0" anonymousclassesunloaded="0" quiescems="0.000" setupms="0.015" scanms="0.000" postms="0.000" />
</gc-op>
<gc-end id="4624" type="partial gc" contextid="4619" durationms="63.168" usertimems="39.811" systemtimems="23.642" timestamp="2019-08-11T05:39:38.461" activeThreads="16">
  <mem-info id="4625" free="306184192" total="509607936" percent="60">
    <mem type="eden" free="2063568" total="4194304" percent="49" />
    <remembered-set count="55712" freebytes="20150272" totalbytes="20373120" percent="98" regionsoverflowed="0" regionsstable="8" regionsrebuilding="0"/>
  </mem-info>
</gc-end>
<cycle-end id="4626" type="partial gc" contextid="4619" timestamp="2019-08-11T05:39:38.461" />
  <attribute name="elasticGC enabled" value="1" />
  <attribute name= "numThreadsSpecified" value="16" />
  <attribute name="heapSize specified" value="0" />
  <attribute name="Current GC Util" value="130" />
  <attribute name= "Current Time Running" value="160285" />
  <attribute name ="GC Interval" value="0" />
  <attribute name="ProportionalT" value="25.000000" />
  <attribute name="ProportionalI" value="25.000000" />
  <attribute name="ProportionalH" value="25.000000" />
  <attribute name="Current Error" value="50.000000" />
  <attribute name="IntegralT" value="25.000000" />
  <attribute name="IntegralI" value="25.000000" />
  <attribute name="IntegralH" value="25.000000" />
  <attribute name="DerivativeT" value="50.000000" />
  <attribute name="DerivativeI" value="50.000000" />
  <attribute name="DerivativeH" value="50.000000" />
  <attribute name="Loop Time for DT" value="1.000000" />
  <attribute name="Output H" value="8388608"/>
  <attribute name="Output I" value="200"/>
  <attribute name="Output T" value="16"/>
  <attribute name="Target GC Util Change" value ="80.000000" />
  <attribute name="Current GC Util Change" value="130.000000"/>
  <attribute name="GC Util currently" value="130" />
  <attribute name="CPU Util currently" value="833341578181" />
<exclusive-end id="4627" timestamp="2019-08-11T05:39:38.462" durationms="64.168" />

<exclusive-start id="4628" timestamp="2019-08-11T05:39:38.563" intervalms="165.903">
  <response-info timems="1.958" idlems="1.958" threads="0" lastid="00000000026AAE00" lastname="Thread-29" />
</exclusive-start>
<allocation-taxation id="4629" taxation-threshold="134217728" timestamp="2019-08-11T05:39:38.563" intervalms="165.906" />
<cycle-start id="4630" type="partial gc" contextid="0" timestamp="2019-08-11T05:39:38.564" intervalms="165.786" />
<gc-start id="4631" type="partial gc" contextid="4630" timestamp="2019-08-11T05:39:38.564">
  <mem-info id="4632" free="171966464" total="509607936" percent="33">
    <mem type="eden" free="0" total="134217728" percent="0" />
    <remembered-set count="55424" freebytes="20151424" totalbytes="20373120" percent="98" regionsoverflowed="0" regionsstable="8" regionsrebuilding="0"/>
  </mem-info>
</gc-start>
<allocation-stats totalBytes="134194528" >
  <allocated-bytes non-tlh="0" tlh="134194528" arrayletleaf="0"/>
  <largest-consumer threadName="Thread-27" threadId="00000000026A7200" bytes="12388264" />
</allocation-stats>
<gc-op id="4633" type="copy forward" timems="52.382" contextid="4630" timestamp="2019-08-11T05:39:38.617">
  <memory-copied type="eden" objects="59272" bytes="2527296" bytesdiscarded="247040" />
  <memory-copied type="other" objects="41294" bytes="1815312" bytesdiscarded="111328" />
  <memory-cardclean objects="11119" bytes="564200" />
  <regions eden="64" other="7" />
  <remembered-set-cleared processed="35047" cleared="7102" durationms="0.316" />
  <stringconstants candidates="15061" cleared="0"  />
</gc-op>
<gc-op id="4634" type="classunload" timems="0.011" contextid="4630" timestamp="2019-08-11T05:39:38.617">
  <classunload-info classloadercandidates="55" classloadersunloaded="0" classesunloaded="0" anonymousclassesunloaded="0" quiescems="0.000" setupms="0.011" scanms="0.000" postms="0.000" />
</gc-op>
<gc-end id="4635" type="partial gc" contextid="4630" durationms="53.749" usertimems="35.097" systemtimems="33.420" timestamp="2019-08-11T05:39:38.618" activeThreads="16">
  <mem-info id="4636" free="306184192" total="509607936" percent="60">
    <mem type="eden" free="1419968" total="4194304" percent="33" />
    <remembered-set count="51328" freebytes="20167808" totalbytes="20373120" percent="98" regionsoverflowed="0" regionsstable="8" regionsrebuilding="0"/>
  </mem-info>
</gc-end>
<cycle-end id="4637" type="partial gc" contextid="4630" timestamp="2019-08-11T05:39:38.618" />
  <attribute name="elasticGC enabled" value="1" />
  <attribute name= "numThreadsSpecified" value="16" />
  <attribute name="heapSize specified" value="0" />
  <attribute name="Current GC Util" value="503" />
  <attribute name= "Current Time Running" value="160450" />
  <attribute name ="GC Interval" value="0" />
  <attribute name="ProportionalT" value="211.500000" />
  <attribute name="ProportionalI" value="211.500000" />
  <attribute name="ProportionalH" value="211.500000" />
  <attribute name="Current Error" value="423.000000" />
  <attribute name="IntegralT" value="211.500000" />
  <attribute name="IntegralI" value="211.500000" />
  <attribute name="IntegralH" value="211.500000" />
  <attribute name="DerivativeT" value="423.000000" />
  <attribute name="DerivativeI" value="423.000000" />
  <attribute name="DerivativeH" value="423.000000" />
  <attribute name="Loop Time for DT" value="1.000000" />
  <attribute name="Output H" value="8388608"/>
  <attribute name="Output I" value="848"/>
  <attribute name="Output T" value="16"/>
  <attribute name="Target GC Util Change" value ="80.000000" />
  <attribute name="Current GC Util Change" value="503.000000"/>
  <attribute name="GC Util currently" value="503" />
  <attribute name="CPU Util currently" value="1770141384871" />
<exclusive-end id="4638" timestamp="2019-08-11T05:39:38.618" durationms="54.661" />

<exclusive-start id="4639" timestamp="2019-08-11T05:39:38.779" intervalms="215.702">
  <response-info timems="8.031" idlems="4.070" threads="1" lastid="00000000026DBD00" lastname="Thread-24" />
</exclusive-start>
<allocation-taxation id="4640" taxation-threshold="134217728" timestamp="2019-08-11T05:39:38.779" intervalms="215.936" />
<cycle-start id="4641" type="partial gc" contextid="0" timestamp="2019-08-11T05:39:38.794" intervalms="230.658" />
<gc-start id="4642" type="partial gc" contextid="4641" timestamp="2019-08-11T05:39:38.795">
  <mem-info id="4643" free="171966464" total="509607936" percent="33">
    <mem type="eden" free="0" total="134217728" percent="0" />
    <remembered-set count="51264" freebytes="20168064" totalbytes="20373120" percent="98" regionsoverflowed="0" regionsstable="8" regionsrebuilding="0"/>
  </mem-info>
</gc-start>
<allocation-stats totalBytes="134194080" >
  <allocated-bytes non-tlh="0" tlh="134194080" arrayletleaf="0"/>
  <largest-consumer threadName="Thread-27" threadId="00000000026A7200" bytes="15754560" />
</allocation-stats>
<gc-op id="4644" type="copy forward" timems="91.892" contextid="4641" timestamp="2019-08-11T05:39:38.888">
  <memory-copied type="eden" objects="53882" bytes="2260160" bytesdiscarded="301400" />
  <memory-copied type="other" objects="45079" bytes="2043528" bytesdiscarded="156776" />
  <memory-cardclean objects="10397" bytes="545288" />
  <regions eden="64" other="7" />
  <remembered-set-cleared processed="32881" cleared="5627" durationms="0.261" />
  <stringconstants candidates="15061" cleared="0"  />
</gc-op>
<gc-op id="4645" type="classunload" timems="0.010" contextid="4641" timestamp="2019-08-11T05:39:38.888">
  <classunload-info classloadercandidates="55" classloadersunloaded="0" classesunloaded="0" anonymousclassesunloaded="0" quiescems="0.000" setupms="0.010" scanms="0.000" postms="0.000" />
</gc-op>
<heap-resize id="4646" type="expand" space="default" amount="10485760" count="1" timems="0.092" reason="excessive time being spent in gc" timestamp="2019-08-11T05:39:38.888" />
<gc-end id="4647" type="partial gc" contextid="4641" durationms="93.655" usertimems="44.565" systemtimems="39.837" timestamp="2019-08-11T05:39:38.888" activeThreads="16">
  <mem-info id="4648" free="312475648" total="520093696" percent="60">
    <mem type="eden" free="3729896" total="6291456" percent="59" />
    <remembered-set count="52160" freebytes="20583680" totalbytes="20792320" percent="98" regionsoverflowed="0" regionsstable="8" regionsrebuilding="0"/>
  </mem-info>
</gc-end>
<cycle-end id="4649" type="partial gc" contextid="4641" timestamp="2019-08-11T05:39:38.888" />
  <attribute name="elasticGC enabled" value="1" />
  <attribute name= "numThreadsSpecified" value="16" />
  <attribute name="heapSize specified" value="0" />
  <attribute name="Current GC Util" value="64" />
  <attribute name= "Current Time Running" value="160681" />
  <attribute name ="GC Interval" value="0" />
  <attribute name="ProportionalT" value="-8.000000" />
  <attribute name="ProportionalI" value="-8.000000" />
  <attribute name="ProportionalH" value="-8.000000" />
  <attribute name="Current Error" value="-16.000000" />
  <attribute name="IntegralT" value="-8.000000" />
  <attribute name="IntegralI" value="-8.000000" />
  <attribute name="IntegralH" value="-8.000000" />
  <attribute name="DerivativeT" value="-16.000000" />
  <attribute name="DerivativeI" value="-16.000000" />
  <attribute name="DerivativeH" value="-16.000000" />
  <attribute name="Loop Time for DT" value="1.000000" />
  <attribute name="Output H" value="4202627072"/>
  <attribute name="Output I" value="200"/>
  <attribute name="Output T" value="16"/>
  <attribute name="Target GC Util Change" value ="80.000000" />
  <attribute name="Current GC Util Change" value="64.000000"/>
  <attribute name="GC Util currently" value="64" />
  <attribute name="CPU Util currently" value="1288177463068" />
<exclusive-end id="4650" timestamp="2019-08-11T05:39:38.889" durationms="109.589" />

<exclusive-start id="4651" timestamp="2019-08-11T05:39:39.020" intervalms="241.215">
  <response-info timems="3.100" idlems="3.100" threads="0" lastid="00000000026E3500" lastname="Thread-32" />
</exclusive-start>
<allocation-taxation id="4652" taxation-threshold="136314880" timestamp="2019-08-11T05:39:39.020" intervalms="240.967" />
<cycle-start id="4653" type="partial gc" contextid="0" timestamp="2019-08-11T05:39:39.021" intervalms="226.287" />
<gc-start id="4654" type="partial gc" contextid="4653" timestamp="2019-08-11T05:39:39.021">
  <mem-info id="4655" free="176160768" total="520093696" percent="33">
    <mem type="eden" free="0" total="136314880" percent="0" />
    <remembered-set count="52160" freebytes="20583680" totalbytes="20792320" percent="98" regionsoverflowed="0" regionsstable="8" regionsrebuilding="0"/>
  </mem-info>
</gc-start>
<allocation-stats totalBytes="136277136" >
  <allocated-bytes non-tlh="0" tlh="136277136" arrayletleaf="0"/>
  <largest-consumer threadName="Thread-29" threadId="00000000026AAE00" bytes="14624128" />
</allocation-stats>
<gc-op id="4656" type="copy forward" timems="122.489" contextid="4653" timestamp="2019-08-11T05:39:39.146">
  <memory-copied type="eden" objects="43564" bytes="1740016" bytesdiscarded="173376" />
  <memory-copied type="other" objects="54795" bytes="2551464" bytesdiscarded="148344" />
  <memory-cardclean objects="5833" bytes="307496" />
  <regions eden="65" other="8" />
  <remembered-set-cleared processed="31935" cleared="4802" durationms="0.485" />
  <stringconstants candidates="15061" cleared="0"  />
</gc-op>
<gc-op id="4657" type="classunload" timems="0.010" contextid="4653" timestamp="2019-08-11T05:39:39.146">
  <classunload-info classloadercandidates="55" classloadersunloaded="0" classesunloaded="0" anonymousclassesunloaded="0" quiescems="0.000" setupms="0.009" scanms="0.000" postms="0.000" />
</gc-op>
<gc-end id="4658" type="partial gc" contextid="4653" durationms="125.328" usertimems="46.124" systemtimems="60.495" timestamp="2019-08-11T05:39:39.146" activeThreads="16">
  <mem-info id="4659" free="314572800" total="520093696" percent="60">
    <mem type="eden" free="183760" total="2097152" percent="8" />
    <remembered-set count="50976" freebytes="20588416" totalbytes="20792320" percent="99" regionsoverflowed="0" regionsstable="8" regionsrebuilding="0"/>
  </mem-info>
</gc-end>
<cycle-end id="4660" type="partial gc" contextid="4653" timestamp="2019-08-11T05:39:39.146" />
  <attribute name="elasticGC enabled" value="1" />
  <attribute name= "numThreadsSpecified" value="16" />
  <attribute name="heapSize specified" value="0" />
  <attribute name="Current GC Util" value="70" />
  <attribute name= "Current Time Running" value="160909" />
  <attribute name ="GC Interval" value="0" />
  <attribute name="ProportionalT" value="-5.000000" />
  <attribute name="ProportionalI" value="-5.000000" />
  <attribute name="ProportionalH" value="-5.000000" />
  <attribute name="Current Error" value="-10.000000" />
  <attribute name="IntegralT" value="-15.000000" />
  <attribute name="IntegralI" value="-15.000000" />
  <attribute name="IntegralH" value="-15.000000" />
  <attribute name="DerivativeT" value="-3.333333" />
  <attribute name="DerivativeI" value="-3.333333" />
  <attribute name="DerivativeH" value="-3.333333" />
  <attribute name="Loop Time for DT" value="3.000000" />
  <attribute name="Output H" value="4202627072"/>
  <attribute name="Output I" value="200"/>
  <attribute name="Output T" value="16"/>
  <attribute name="Target GC Util Change" value ="80.000000" />
  <attribute name="Current GC Util Change" value="70.000000"/>
  <attribute name="GC Util currently" value="70" />
  <attribute name="CPU Util currently" value="481882372305" />
<exclusive-end id="4661" timestamp="2019-08-11T05:39:39.147" durationms="126.332" />

<exclusive-start id="4662" timestamp="2019-08-11T05:39:39.276" intervalms="255.571">
  <response-info timems="19.170" idlems="19.170" threads="0" lastid="0000000002690B00" lastname="Thread-33" />
</exclusive-start>
<allocation-taxation id="4663" taxation-threshold="136314880" timestamp="2019-08-11T05:39:39.278" intervalms="257.578" />
<cycle-start id="4664" type="partial gc" contextid="0" timestamp="2019-08-11T05:39:39.282" intervalms="261.858" />
<gc-start id="4665" type="partial gc" contextid="4664" timestamp="2019-08-11T05:39:39.283">
  <mem-info id="4666" free="178257920" total="520093696" percent="34">
    <mem type="eden" free="0" total="136314880" percent="0" />
    <remembered-set count="50976" freebytes="20588416" totalbytes="20792320" percent="99" regionsoverflowed="0" regionsstable="8" regionsrebuilding="0"/>
  </mem-info>
</gc-start>
<allocation-stats totalBytes="136289704" >
  <allocated-bytes non-tlh="0" tlh="136289704" arrayletleaf="0"/>
  <largest-consumer threadName="Thread-29" threadId="00000000026AAE00" bytes="14140864" />
</allocation-stats>
<gc-op id="4667" type="copy forward" timems="63.417" contextid="4664" timestamp="2019-08-11T05:39:39.383">
  <memory-copied type="eden" objects="48838" bytes="1858904" bytesdiscarded="158208" />
  <memory-copied type="other" objects="59830" bytes="2676384" bytesdiscarded="201760" />
  <memory-cardclean objects="5629" bytes="297704" />
  <regions eden="65" other="4" />
  <remembered-set-cleared processed="31731" cleared="2707" durationms="0.427" />
  <stringconstants candidates="15061" cleared="0"  />
</gc-op>
<gc-op id="4668" type="classunload" timems="0.018" contextid="4664" timestamp="2019-08-11T05:39:39.393">
  <classunload-info classloadercandidates="55" classloadersunloaded="0" classesunloaded="0" anonymousclassesunloaded="0" quiescems="0.000" setupms="0.018" scanms="0.000" postms="0.000" />
</gc-op>
<gc-end id="4669" type="partial gc" contextid="4664" durationms="131.834" usertimems="46.972" systemtimems="39.761" timestamp="2019-08-11T05:39:39.414" activeThreads="16">
  <mem-info id="4670" free="312475648" total="520093696" percent="60">
    <mem type="eden" free="80040" total="2097152" percent="3" />
    <remembered-set count="53408" freebytes="20578688" totalbytes="20792320" percent="98" regionsoverflowed="0" regionsstable="8" regionsrebuilding="0"/>
  </mem-info>
</gc-end>
<cycle-end id="4671" type="partial gc" contextid="4664" timestamp="2019-08-11T05:39:39.415" />
  <attribute name="elasticGC enabled" value="1" />
  <attribute name= "numThreadsSpecified" value="16" />
  <attribute name="heapSize specified" value="0" />
  <attribute name="Current GC Util" value="2" />
  <attribute name= "Current Time Running" value="161204" />
  <attribute name ="GC Interval" value="0" />
  <attribute name="ProportionalT" value="-39.000000" />
  <attribute name="ProportionalI" value="-39.000000" />
  <attribute name="ProportionalH" value="-39.000000" />
  <attribute name="Current Error" value="-78.000000" />
  <attribute name="IntegralT" value="-1404.000000" />
  <attribute name="IntegralI" value="-1404.000000" />
  <attribute name="IntegralH" value="-1404.000000" />
  <attribute name="DerivativeT" value="-2.166667" />
  <attribute name="DerivativeI" value="-2.166667" />
  <attribute name="DerivativeH" value="-2.166667" />
  <attribute name="Loop Time for DT" value="36.000000" />
  <attribute name="Output H" value="4202627072"/>
  <attribute name="Output I" value="200"/>
  <attribute name="Output T" value="16"/>
  <attribute name="Target GC Util Change" value ="80.000000" />
  <attribute name="Current GC Util Change" value="2.000000"/>
  <attribute name="GC Util currently" value="2" />
  <attribute name="CPU Util currently" value="31629600799" />
<exclusive-end id="4672" timestamp="2019-08-11T05:39:39.417" durationms="141.276" />

<exclusive-start id="4673" timestamp="2019-08-11T05:39:39.579" intervalms="302.885">
  <response-info timems="1.515" idlems="1.515" threads="0" lastid="0000000002698300" lastname="Thread-25" />
</exclusive-start>
<allocation-taxation id="4674" taxation-threshold="136314880" timestamp="2019-08-11T05:39:39.579" intervalms="300.900" />
<cycle-start id="4675" type="partial gc" contextid="0" timestamp="2019-08-11T05:39:39.579" intervalms="296.925" />
<gc-start id="4676" type="partial gc" contextid="4675" timestamp="2019-08-11T05:39:39.580">
  <mem-info id="4677" free="176160768" total="520093696" percent="33">
    <mem type="eden" free="0" total="136314880" percent="0" />
    <remembered-set count="53312" freebytes="20579072" totalbytes="20792320" percent="98" regionsoverflowed="0" regionsstable="8" regionsrebuilding="0"/>
  </mem-info>
</gc-start>
<allocation-stats totalBytes="136290072" >
  <allocated-bytes non-tlh="0" tlh="136290072" arrayletleaf="0"/>
  <largest-consumer threadName="Thread-29" threadId="00000000026AAE00" bytes="16774288" />
</allocation-stats>
<gc-op id="4678" type="copy forward" timems="61.757" contextid="4675" timestamp="2019-08-11T05:39:39.644">
  <memory-copied type="eden" objects="53551" bytes="2251928" bytesdiscarded="201400" />
  <memory-copied type="other" objects="46029" bytes="1928952" bytesdiscarded="139192" />
  <memory-cardclean objects="12801" bytes="660320" />
  <regions eden="65" other="6" />
  <remembered-set-cleared processed="32092" cleared="4922" durationms="0.248" />
  <stringconstants candidates="15061" cleared="0"  />
</gc-op>
<gc-op id="4679" type="classunload" timems="0.018" contextid="4675" timestamp="2019-08-11T05:39:39.644">
  <classunload-info classloadercandidates="55" classloadersunloaded="0" classesunloaded="0" anonymousclassesunloaded="0" quiescems="0.000" setupms="0.018" scanms="0.000" postms="0.000" />
</gc-op>
<heap-resize id="4680" type="expand" space="default" amount="4194304" count="1" timems="0.088" reason="excessive time being spent in gc" timestamp="2019-08-11T05:39:39.644" />
<gc-end id="4681" type="partial gc" contextid="4675" durationms="65.005" usertimems="43.390" systemtimems="27.871" timestamp="2019-08-11T05:39:39.645" activeThreads="16">
  <mem-info id="4682" free="314572800" total="524288000" percent="60">
    <mem type="eden" free="1740976" total="4194304" percent="41" />
    <remembered-set count="52672" freebytes="20749312" totalbytes="20960000" percent="98" regionsoverflowed="0" regionsstable="8" regionsrebuilding="0"/>
  </mem-info>
</gc-end>
<cycle-end id="4683" type="partial gc" contextid="4675" timestamp="2019-08-11T05:39:39.645" />
  <attribute name="elasticGC enabled" value="1" />
  <attribute name= "numThreadsSpecified" value="16" />
  <attribute name="heapSize specified" value="0" />
  <attribute name="Current GC Util" value="43" />
  <attribute name= "Current Time Running" value="161466" />
  <attribute name ="GC Interval" value="0" />
  <attribute name="ProportionalT" value="-18.500000" />
  <attribute name="ProportionalI" value="-18.500000" />
  <attribute name="ProportionalH" value="-18.500000" />
  <attribute name="Current Error" value="-37.000000" />
  <attribute name="IntegralT" value="-18.500000" />
  <attribute name="IntegralI" value="-18.500000" />
  <attribute name="IntegralH" value="-18.500000" />
  <attribute name="DerivativeT" value="-37.000000" />
  <attribute name="DerivativeI" value="-37.000000" />
  <attribute name="DerivativeH" value="-37.000000" />
  <attribute name="Loop Time for DT" value="1.000000" />
  <attribute name="Output H" value="4202627072"/>
  <attribute name="Output I" value="200"/>
  <attribute name="Output T" value="16"/>
  <attribute name="Target GC Util Change" value ="80.000000" />
  <attribute name="Current GC Util Change" value="43.000000"/>
  <attribute name="GC Util currently" value="43" />
  <attribute name="CPU Util currently" value="734767451635" />
<exclusive-end id="4684" timestamp="2019-08-11T05:39:39.646" durationms="67.549" />

<exclusive-start id="4685" timestamp="2019-08-11T05:39:39.842" intervalms="262.752">
  <response-info timems="5.846" idlems="5.846" threads="0" lastid="0000000002685700" lastname="Thread-28" />
</exclusive-start>
<allocation-taxation id="4686" taxation-threshold="138412032" timestamp="2019-08-11T05:39:39.842" intervalms="262.737" />
<cycle-start id="4687" type="partial gc" contextid="0" timestamp="2019-08-11T05:39:39.842" intervalms="262.300" />
<gc-start id="4688" type="partial gc" contextid="4687" timestamp="2019-08-11T05:39:39.842">
  <mem-info id="4689" free="176160768" total="524288000" percent="33">
    <mem type="eden" free="0" total="138412032" percent="0" />
    <remembered-set count="52192" freebytes="20751232" totalbytes="20960000" percent="99" regionsoverflowed="0" regionsstable="8" regionsrebuilding="0"/>
  </mem-info>
</gc-start>
<allocation-stats totalBytes="138387424" >
  <allocated-bytes non-tlh="0" tlh="138387424" arrayletleaf="0"/>
  <largest-consumer threadName="Thread-29" threadId="00000000026AAE00" bytes="16254288" />
</allocation-stats>
<gc-op id="4690" type="copy forward" timems="22.016" contextid="4687" timestamp="2019-08-11T05:39:39.866">
  <memory-copied type="eden" objects="33480" bytes="1219216" bytesdiscarded="146640" />
  <memory-copied type="other" objects="54759" bytes="2275848" bytesdiscarded="136200" />
  <memory-cardclean objects="15958" bytes="820616" />
  <regions eden="66" other="7" />
  <remembered-set-cleared processed="31444" cleared="4437" durationms="0.202" />
  <stringconstants candidates="15061" cleared="0"  />
</gc-op>
<gc-op id="4691" type="classunload" timems="0.012" contextid="4687" timestamp="2019-08-11T05:39:39.866">
  <classunload-info classloadercandidates="55" classloadersunloaded="0" classesunloaded="0" anonymousclassesunloaded="0" quiescems="0.000" setupms="0.012" scanms="0.000" postms="0.000" />
</gc-op>
<gc-end id="4692" type="partial gc" contextid="4687" durationms="23.930" usertimems="36.865" systemtimems="21.566" timestamp="2019-08-11T05:39:39.866" activeThreads="16">
  <mem-info id="4693" free="314572800" total="524288000" percent="60">
    <mem type="eden" free="731296" total="2097152" percent="34" />
    <remembered-set count="52256" freebytes="20750976" totalbytes="20960000" percent="99" regionsoverflowed="0" regionsstable="8" regionsrebuilding="0"/>
  </mem-info>
</gc-end>
<cycle-end id="4694" type="partial gc" contextid="4687" timestamp="2019-08-11T05:39:39.866" />
  <attribute name="elasticGC enabled" value="1" />
  <attribute name= "numThreadsSpecified" value="16" />
  <attribute name="heapSize specified" value="0" />
  <attribute name="Current GC Util" value="65" />
  <attribute name= "Current Time Running" value="161728" />
  <attribute name ="GC Interval" value="0" />
  <attribute name="ProportionalT" value="-7.500000" />
  <attribute name="ProportionalI" value="-7.500000" />
  <attribute name="ProportionalH" value="-7.500000" />
  <attribute name="Current Error" value="-15.000000" />
  <attribute name="IntegralT" value="-7.500000" />
  <attribute name="IntegralI" value="-7.500000" />
  <attribute name="IntegralH" value="-7.500000" />
  <attribute name="DerivativeT" value="-15.000000" />
  <attribute name="DerivativeI" value="-15.000000" />
  <attribute name="DerivativeH" value="-15.000000" />
  <attribute name="Loop Time for DT" value="1.000000" />
  <attribute name="Output H" value="4202627072"/>
  <attribute name="Output I" value="200"/>
  <attribute name="Output T" value="16"/>
  <attribute name="Target GC Util Change" value ="80.000000" />
  <attribute name="Current GC Util Change" value="65.000000"/>
  <attribute name="GC Util currently" value="65" />
  <attribute name="CPU Util currently" value="919561518401" />
<exclusive-end id="4695" timestamp="2019-08-11T05:39:39.866" durationms="24.587" />

<exclusive-start id="4696" timestamp="2019-08-11T05:39:40.062" intervalms="220.929">
  <response-info timems="0.611" idlems="0.611" threads="0" lastid="00000000026BA200" lastname="Thread-22" />
</exclusive-start>
<allocation-taxation id="4697" taxation-threshold="138412032" timestamp="2019-08-11T05:39:40.063" intervalms="220.930" />
<cycle-start id="4698" type="partial gc" contextid="0" timestamp="2019-08-11T05:39:40.063" intervalms="220.951" />
<gc-start id="4699" type="partial gc" contextid="4698" timestamp="2019-08-11T05:39:40.064">
  <mem-info id="4700" free="176160768" total="524288000" percent="33">
    <mem type="eden" free="0" total="138412032" percent="0" />
    <remembered-set count="52160" freebytes="20751360" totalbytes="20960000" percent="99" regionsoverflowed="0" regionsstable="8" regionsrebuilding="0"/>
  </mem-info>
</gc-start>
<allocation-stats totalBytes="138388256" >
  <allocated-bytes non-tlh="0" tlh="138388256" arrayletleaf="0"/>
  <largest-consumer threadName="Thread-34" threadId="000000000269FB00" bytes="29256624" />
</allocation-stats>
<gc-op id="4701" type="copy forward" timems="63.973" contextid="4698" timestamp="2019-08-11T05:39:40.132">
  <memory-copied type="eden" objects="6520" bytes="157384" bytesdiscarded="26072" />
  <memory-copied type="other" objects="12313" bytes="432888" bytesdiscarded="58184" />
  <memory-cardclean objects="9562" bytes="489048" />
  <regions eden="66" other="6" />
  <remembered-set-cleared processed="31765" cleared="3768" durationms="1.721" />
  <stringconstants candidates="15061" cleared="0"  />
</gc-op>
<gc-op id="4702" type="classunload" timems="0.010" contextid="4698" timestamp="2019-08-11T05:39:40.132">
  <classunload-info classloadercandidates="55" classloadersunloaded="0" classesunloaded="0" anonymousclassesunloaded="0" quiescems="0.000" setupms="0.010" scanms="0.000" postms="0.000" />
</gc-op>
<heap-resize id="4703" type="expand" space="default" amount="6291456" count="1" timems="0.075" reason="excessive time being spent in gc" timestamp="2019-08-11T05:39:40.132" />
<gc-end id="4704" type="partial gc" contextid="4698" durationms="68.141" usertimems="25.172" systemtimems="34.383" timestamp="2019-08-11T05:39:40.132" activeThreads="16">
  <mem-info id="4705" free="318767104" total="530579456" percent="60">
    <mem type="eden" free="1913696" total="2097152" percent="91" />
    <remembered-set count="45792" freebytes="21028352" totalbytes="21211520" percent="99" regionsoverflowed="0" regionsstable="8" regionsrebuilding="0"/>
  </mem-info>
</gc-end>
<cycle-end id="4706" type="partial gc" contextid="4698" timestamp="2019-08-11T05:39:40.132" />
  <attribute name="elasticGC enabled" value="1" />
  <attribute name= "numThreadsSpecified" value="16" />
  <attribute name="heapSize specified" value="0" />
  <attribute name="Current GC Util" value="26" />
  <attribute name= "Current Time Running" value="161953" />
  <attribute name ="GC Interval" value="0" />
  <attribute name="ProportionalT" value="-27.000000" />
  <attribute name="ProportionalI" value="-27.000000" />
  <attribute name="ProportionalH" value="-27.000000" />
  <attribute name="Current Error" value="-54.000000" />
  <attribute name="IntegralT" value="-81.000000" />
  <attribute name="IntegralI" value="-81.000000" />
  <attribute name="IntegralH" value="-81.000000" />
  <attribute name="DerivativeT" value="-18.000000" />
  <attribute name="DerivativeI" value="-18.000000" />
  <attribute name="DerivativeH" value="-18.000000" />
  <attribute name="Loop Time for DT" value="3.000000" />
  <attribute name="Output H" value="4202627072"/>
  <attribute name="Output I" value="200"/>
  <attribute name="Output T" value="16"/>
  <attribute name="Target GC Util Change" value ="80.000000" />
  <attribute name="Current GC Util Change" value="26.000000"/>
  <attribute name="GC Util currently" value="26" />
  <attribute name="CPU Util currently" value="345108967706" />
<exclusive-end id="4707" timestamp="2019-08-11T05:39:40.132" durationms="70.070" />

===== DaCapo 9.12-MR1 sunflow PASSED in 17446 msec =====
Using scaled threading model. 16 processors detected, 16 threads used to drive the workload, in a possible range of [1,1000]
<exclusive-start id="4708" timestamp="2019-08-11T05:39:41.444" intervalms="1381.604">
  <response-info timems="0.097" idlems="0.097" threads="0" lastid="000000000239EF00" lastname="main" />
</exclusive-start>
<sys-start reason="explicit" id="4709" timestamp="2019-08-11T05:39:41.444" intervalms="18625.548" />
<cycle-start id="4710" type="global garbage collect" contextid="0" timestamp="2019-08-11T05:39:41.444" intervalms="18625.515" />
<gc-start id="4711" type="global garbage collect" contextid="4710" timestamp="2019-08-11T05:39:41.444">
  <mem-info id="4712" free="268954528" total="530579456" percent="50">
    <mem type="eden" free="519072" total="50331648" percent="1" />
    <remembered-set count="45440" freebytes="21029760" totalbytes="21211520" percent="99" regionsoverflowed="0" regionsstable="8" regionsrebuilding="0"/>
  </mem-info>
</gc-start>
<allocation-stats totalBytes="49794768" >
  <allocated-bytes non-tlh="500904" tlh="49293864" arrayletleaf="0"/>
  <largest-consumer threadName="main" threadId="000000000239EF00" bytes="11265960" />
</allocation-stats>
<gc-op id="4713" type="global mark" timems="76.043" contextid="4710" timestamp="2019-08-11T05:39:41.521">
  <trace-info objectcount="636790" scancount="547860" scanbytes="14486704" />
  <finalization candidates="154" enqueued="1" />
  <ownableSynchronizers candidates="24" cleared="0" />
  <references type="soft" candidates="4029" cleared="0" enqueued="0" dynamicThreshold="19" maxThreshold="32" />
  <references type="weak" candidates="6326" cleared="92" enqueued="92" />
  <references type="phantom" candidates="873" cleared="10" enqueued="10" />
  <stringconstants candidates="16050" cleared="22"  />
</gc-op>
<gc-op id="4714" type="classunload" timems="0.042" contextid="4710" timestamp="2019-08-11T05:39:41.521">
  <classunload-info classloadercandidates="68" classloadersunloaded="0" classesunloaded="0" anonymousclassesunloaded="0" quiescems="0.000" setupms="0.041" scanms="0.000" postms="0.000" />
</gc-op>
<gc-op id="4715" type="sweep" timems="1.931" contextid="4710" timestamp="2019-08-11T05:39:41.523" />
<gc-op id="4716" type="compact" timems="437.589" contextid="4710" timestamp="2019-08-11T05:39:41.961">
  <compact-info movecount="636769" movebytes="22749592" />
  <remembered-set-cleared processed="125019" cleared="125019" durationms="2.198" />
</gc-op>
<gc-end id="4717" type="global garbage collect" contextid="4710" durationms="516.590" usertimems="362.818" systemtimems="167.838" timestamp="2019-08-11T05:39:41.961" activeThreads="16">
  <mem-info id="4718" free="505413632" total="530579456" percent="95">
    <pending-finalizers system="1" default="0" reference="102" classloader="0" />
    <remembered-set count="51200" freebytes="21006720" totalbytes="21211520" percent="99" regionsoverflowed="0" regionsstable="0" regionsrebuilding="0"/>
  </mem-info>
</gc-end>
<cycle-end id="4719" type="global garbage collect" contextid="4710" timestamp="2019-08-11T05:39:41.961" />
  <attribute name="elasticGC enabled" value="1" />
  <attribute name= "numThreadsSpecified" value="16" />
  <attribute name="heapSize specified" value="0" />
  <attribute name="Current GC Util" value="149" />
  <attribute name= "Current Time Running" value="163408" />
  <attribute name ="GC Interval" value="0" />
  <attribute name="ProportionalT" value="34.500000" />
  <attribute name="ProportionalI" value="34.500000" />
  <attribute name="ProportionalH" value="34.500000" />
  <attribute name="Current Error" value="69.000000" />
  <attribute name="IntegralT" value="69.000000" />
  <attribute name="IntegralI" value="69.000000" />
  <attribute name="IntegralH" value="69.000000" />
  <attribute name="DerivativeT" value="-8.500000" />
  <attribute name="DerivativeI" value="-8.500000" />
  <attribute name="DerivativeH" value="-8.500000" />
  <attribute name="Loop Time for DT" value="2.000000" />
  <attribute name="Output H" value="8388608"/>
  <attribute name="Output I" value="200"/>
  <attribute name="Output T" value="16"/>
  <attribute name="Target GC Util Change" value ="80.000000" />
  <attribute name="Current GC Util Change" value="149.000000"/>
  <attribute name="GC Util currently" value="149" />
  <attribute name="CPU Util currently" value="553862821031" />
<sys-end id="4720" timestamp="2019-08-11T05:39:41.961" />
<exclusive-end id="4721" timestamp="2019-08-11T05:39:41.961" durationms="517.321" />

===== DaCapo 9.12-MR1 xalan starting =====
<exclusive-start id="4722" timestamp="2019-08-11T05:39:44.361" intervalms="2916.490">
  <response-info timems="9.627" idlems="9.627" threads="0" lastid="00000000026B6600" lastname="Thread-40" />
</exclusive-start>
<allocation-taxation id="4723" taxation-threshold="138412032" timestamp="2019-08-11T05:39:44.361" intervalms="4298.091" />
<cycle-start id="4724" type="partial gc" contextid="0" timestamp="2019-08-11T05:39:44.361" intervalms="4298.127" />
<gc-start id="4725" type="partial gc" contextid="4724" timestamp="2019-08-11T05:39:44.361">
  <mem-info id="4726" free="367001600" total="530579456" percent="69">
    <mem type="eden" free="0" total="138412032" percent="0" />
    <remembered-set count="51200" freebytes="21006720" totalbytes="21211520" percent="99" regionsoverflowed="0" regionsstable="0" regionsrebuilding="0"/>
  </mem-info>
</gc-start>
<allocation-stats totalBytes="138122544" >
  <allocated-bytes non-tlh="1124384" tlh="136998160" arrayletleaf="0"/>
  <largest-consumer threadName="Thread-40" threadId="00000000026B6600" bytes="11034512" />
</allocation-stats>
<gc-op id="4727" type="copy forward" timems="110.945" contextid="4724" timestamp="2019-08-11T05:39:44.486">
  <memory-copied type="eden" objects="38034" bytes="4681376" bytesdiscarded="509088" />
  <memory-copied type="other" objects="0" bytes="0" bytesdiscarded="0" />
  <memory-cardclean objects="1961" bytes="151104" />
  <regions eden="66" other="0" />
  <remembered-set-cleared processed="46353" cleared="285" durationms="0.715" />
  <finalization candidates="1" enqueued="0" />
  <references type="soft" candidates="25" cleared="0" enqueued="0" dynamicThreshold="30" maxThreshold="32" />
  <references type="weak" candidates="96" cleared="0" enqueued="0" />
  <references type="phantom" candidates="27" cleared="0" enqueued="0" />
  <stringconstants candidates="16403" cleared="0"  />
</gc-op>
<gc-op id="4728" type="classunload" timems="0.015" contextid="4724" timestamp="2019-08-11T05:39:44.486">
  <classunload-info classloadercandidates="69" classloadersunloaded="0" classesunloaded="0" anonymousclassesunloaded="0" quiescems="0.000" setupms="0.015" scanms="0.000" postms="0.000" />
</gc-op>
<gc-end id="4729" type="partial gc" contextid="4724" durationms="124.983" usertimems="67.853" systemtimems="49.759" timestamp="2019-08-11T05:39:44.486" activeThreads="16">
  <mem-info id="4730" free="499122176" total="530579456" percent="94">
    <mem type="eden" free="1100184" total="6291456" percent="17" />
    <remembered-set count="57664" freebytes="20980864" totalbytes="21211520" percent="98" regionsoverflowed="0" regionsstable="0" regionsrebuilding="0"/>
  </mem-info>
</gc-end>
<cycle-end id="4731" type="partial gc" contextid="4724" timestamp="2019-08-11T05:39:44.486" />
  <attribute name="elasticGC enabled" value="1" />
  <attribute name= "numThreadsSpecified" value="16" />
  <attribute name="heapSize specified" value="0" />
  <attribute name="Current GC Util" value="17" />
  <attribute name= "Current Time Running" value="166260" />
  <attribute name ="GC Interval" value="0" />
  <attribute name="ProportionalT" value="-31.500000" />
  <attribute name="ProportionalI" value="-31.500000" />
  <attribute name="ProportionalH" value="-31.500000" />
  <attribute name="Current Error" value="-63.000000" />
  <attribute name="IntegralT" value="-409.500000" />
  <attribute name="IntegralI" value="-409.500000" />
  <attribute name="IntegralH" value="-409.500000" />
  <attribute name="DerivativeT" value="-4.846154" />
  <attribute name="DerivativeI" value="-4.846154" />
  <attribute name="DerivativeH" value="-4.846154" />
  <attribute name="Loop Time for DT" value="13.000000" />
  <attribute name="Output H" value="4202627072"/>
  <attribute name="Output I" value="200"/>
  <attribute name="Output T" value="16"/>
  <attribute name="Target GC Util Change" value ="80.000000" />
  <attribute name="Current GC Util Change" value="17.000000"/>
  <attribute name="GC Util currently" value="17" />
  <attribute name="CPU Util currently" value="85933833889" />
<exclusive-end id="4732" timestamp="2019-08-11T05:39:44.487" durationms="126.040" />

<exclusive-start id="4733" timestamp="2019-08-11T05:39:45.241" intervalms="880.676">
  <response-info timems="3.330" idlems="1.725" threads="1" lastid="00000000023B1B00" lastname="JIT Compilation Thread-4" />
</exclusive-start>
<allocation-taxation id="4734" taxation-threshold="138412032" timestamp="2019-08-11T05:39:45.241" intervalms="880.677" />
<cycle-start id="4735" type="partial gc" contextid="0" timestamp="2019-08-11T05:39:45.242" intervalms="881.752" />
<gc-start id="4736" type="partial gc" contextid="4735" timestamp="2019-08-11T05:39:45.243">
  <mem-info id="4737" free="360710144" total="530579456" percent="67">
    <mem type="eden" free="0" total="138412032" percent="0" />
    <remembered-set count="8032" freebytes="21179392" totalbytes="21211520" percent="99" regionsoverflowed="0" regionsstable="10" regionsrebuilding="0"/>
  </mem-info>
</gc-start>
<allocation-stats totalBytes="138198920" >
  <allocated-bytes non-tlh="16392" tlh="138182528" arrayletleaf="0"/>
  <largest-consumer threadName="Thread-42" threadId="00000000026C1A00" bytes="12329624" />
</allocation-stats>
<gc-op id="4738" type="copy forward" timems="30.630" contextid="4735" timestamp="2019-08-11T05:39:45.279">
  <memory-copied type="eden" objects="7966" bytes="3119880" bytesdiscarded="411312" />
  <memory-copied type="other" objects="28506" bytes="1056640" bytesdiscarded="45544" />
  <memory-cardclean objects="561" bytes="88152" />
  <regions eden="66" other="3" />
  <remembered-set-cleared processed="1229" cleared="692" durationms="0.131" />
  <finalization candidates="1" enqueued="0" />
  <references type="soft" candidates="25" cleared="0" enqueued="0" dynamicThreshold="30" maxThreshold="32" />
  <references type="weak" candidates="95" cleared="0" enqueued="0" />
  <references type="phantom" candidates="28" cleared="0" enqueued="0" />
  <stringconstants candidates="16403" cleared="0"  />
</gc-op>
<gc-op id="4739" type="classunload" timems="0.011" contextid="4735" timestamp="2019-08-11T05:39:45.279">
  <classunload-info classloadercandidates="69" classloadersunloaded="0" classesunloaded="0" anonymousclassesunloaded="0" quiescems="0.000" setupms="0.011" scanms="0.000" postms="0.000" />
</gc-op>
<heap-resize id="4740" type="contract" space="default" amount="27262976" count="1" timems="1.981" reason="excess free space following gc" timestamp="2019-08-11T05:39:45.281" />
<gc-end id="4741" type="partial gc" contextid="4735" durationms="38.449" usertimems="45.768" systemtimems="20.192" timestamp="2019-08-11T05:39:45.282" activeThreads="16">
  <mem-info id="4742" free="471859200" total="503316480" percent="93">
    <mem type="eden" free="662864" total="4194304" percent="15" />
    <remembered-set count="6016" freebytes="21187456" totalbytes="21211520" percent="99" regionsoverflowed="0" regionsstable="10" regionsrebuilding="0"/>
  </mem-info>
</gc-end>
<cycle-end id="4743" type="partial gc" contextid="4735" timestamp="2019-08-11T05:39:45.282" />
  <attribute name="elasticGC enabled" value="1" />
  <attribute name= "numThreadsSpecified" value="16" />
  <attribute name="heapSize specified" value="0" />
  <attribute name="Current GC Util" value="12" />
  <attribute name= "Current Time Running" value="167133" />
  <attribute name ="GC Interval" value="0" />
  <attribute name="ProportionalT" value="-34.000000" />
  <attribute name="ProportionalI" value="-34.000000" />
  <attribute name="ProportionalH" value="-34.000000" />
  <attribute name="Current Error" value="-68.000000" />
  <attribute name="IntegralT" value="-170.000000" />
  <attribute name="IntegralI" value="-170.000000" />
  <attribute name="IntegralH" value="-170.000000" />
  <attribute name="DerivativeT" value="-13.600000" />
  <attribute name="DerivativeI" value="-13.600000" />
  <attribute name="DerivativeH" value="-13.600000" />
  <attribute name="Loop Time for DT" value="5.000000" />
  <attribute name="Output H" value="4202627072"/>
  <attribute name="Output I" value="200"/>
  <attribute name="Output T" value="16"/>
  <attribute name="Target GC Util Change" value ="80.000000" />
  <attribute name="Current GC Util Change" value="12.000000"/>
  <attribute name="GC Util currently" value="12" />
  <attribute name="CPU Util currently" value="225361922927" />
<exclusive-end id="4744" timestamp="2019-08-11T05:39:45.282" durationms="40.682" />

<exclusive-start id="4745" timestamp="2019-08-11T05:39:45.751" intervalms="509.871">
  <response-info timems="31.185" idlems="31.185" threads="0" lastid="00000000026C5600" lastname="Thread-41" />
</exclusive-start>
<allocation-taxation id="4746" taxation-threshold="132120576" timestamp="2019-08-11T05:39:45.751" intervalms="509.880" />
<cycle-start id="4747" type="partial gc" contextid="0" timestamp="2019-08-11T05:39:45.754" intervalms="511.679" />
<gc-start id="4748" type="partial gc" contextid="4747" timestamp="2019-08-11T05:39:45.754">
  <mem-info id="4749" free="339738624" total="503316480" percent="67">
    <mem type="eden" free="0" total="132120576" percent="0" />
    <remembered-set count="5728" freebytes="21188608" totalbytes="21211520" percent="99" regionsoverflowed="0" regionsstable="10" regionsrebuilding="0"/>
  </mem-info>
</gc-start>
<allocation-stats totalBytes="131806408" >
  <allocated-bytes non-tlh="49184" tlh="131757224" arrayletleaf="0"/>
  <largest-consumer threadName="Thread-52" threadId="00000000026A7200" bytes="12045632" />
</allocation-stats>
<gc-op id="4750" type="copy forward" timems="17.248" contextid="4747" timestamp="2019-08-11T05:39:45.845">
  <memory-copied type="eden" objects="8228" bytes="3269160" bytesdiscarded="435392" />
  <memory-copied type="other" objects="28405" bytes="1058304" bytesdiscarded="59272" />
  <memory-cardclean objects="2926" bytes="295216" />
  <regions eden="63" other="3" />
  <remembered-set-cleared processed="558" cleared="224" durationms="0.430" />
  <finalization candidates="1" enqueued="0" />
  <references type="soft" candidates="25" cleared="0" enqueued="0" dynamicThreshold="30" maxThreshold="32" />
  <references type="weak" candidates="96" cleared="0" enqueued="0" />
  <references type="phantom" candidates="30" cleared="0" enqueued="0" />
  <stringconstants candidates="16403" cleared="0"  />
</gc-op>
<gc-op id="4751" type="classunload" timems="0.013" contextid="4747" timestamp="2019-08-11T05:39:45.845">
  <classunload-info classloadercandidates="69" classloadersunloaded="0" classesunloaded="0" anonymousclassesunloaded="0" quiescems="0.000" setupms="0.013" scanms="0.000" postms="0.000" />
</gc-op>
<heap-resize id="4752" type="contract" space="default" amount="25165824" count="1" timems="0.166" reason="excess free space following gc" timestamp="2019-08-11T05:39:45.846" />
<gc-end id="4753" type="partial gc" contextid="4747" durationms="91.302" usertimems="85.095" systemtimems="46.902" timestamp="2019-08-11T05:39:45.846" activeThreads="16">
  <mem-info id="4754" free="444596224" total="478150656" percent="92">
    <mem type="eden" free="489496" total="4194304" percent="11" />
    <remembered-set count="6720" freebytes="20094720" totalbytes="20121600" percent="99" regionsoverflowed="0" regionsstable="10" regionsrebuilding="0"/>
  </mem-info>
</gc-end>
<cycle-end id="4755" type="partial gc" contextid="4747" timestamp="2019-08-11T05:39:45.846" />
  <attribute name="elasticGC enabled" value="1" />
  <attribute name= "numThreadsSpecified" value="16" />
  <attribute name="heapSize specified" value="0" />
  <attribute name="Current GC Util" value="2" />
  <attribute name= "Current Time Running" value="167713" />
  <attribute name ="GC Interval" value="0" />
  <attribute name="ProportionalT" value="-39.000000" />
  <attribute name="ProportionalI" value="-39.000000" />
  <attribute name="ProportionalH" value="-39.000000" />
  <attribute name="Current Error" value="-78.000000" />
  <attribute name="IntegralT" value="-2808.000000" />
  <attribute name="IntegralI" value="-2808.000000" />
  <attribute name="IntegralH" value="-2808.000000" />
  <attribute name="DerivativeT" value="-1.083333" />
  <attribute name="DerivativeI" value="-1.083333" />
  <attribute name="DerivativeH" value="-1.083333" />
  <attribute name="Loop Time for DT" value="72.000000" />
  <attribute name="Output H" value="4202627072"/>
  <attribute name="Output I" value="200"/>
  <attribute name="Output T" value="16"/>
  <attribute name="Target GC Util Change" value ="80.000000" />
  <attribute name="Current GC Util Change" value="2.000000"/>
  <attribute name="GC Util currently" value="2" />
  <attribute name="CPU Util currently" value="16115584904" />
<exclusive-end id="4756" timestamp="2019-08-11T05:39:45.846" durationms="94.926" />

<exclusive-start id="4757" timestamp="2019-08-11T05:39:46.292" intervalms="540.485">
  <response-info timems="3.489" idlems="3.489" threads="0" lastid="00000000026D8200" lastname="Thread-38" />
</exclusive-start>
<allocation-taxation id="4758" taxation-threshold="125829120" timestamp="2019-08-11T05:39:46.292" intervalms="540.828" />
<cycle-start id="4759" type="partial gc" contextid="0" timestamp="2019-08-11T05:39:46.292" intervalms="537.922" />
<gc-start id="4760" type="partial gc" contextid="4759" timestamp="2019-08-11T05:39:46.292">
  <mem-info id="4761" free="318767104" total="478150656" percent="66">
    <mem type="eden" free="0" total="125829120" percent="0" />
    <remembered-set count="6464" freebytes="20095744" totalbytes="20121600" percent="99" regionsoverflowed="0" regionsstable="10" regionsrebuilding="0"/>
  </mem-info>
</gc-start>
<allocation-stats totalBytes="125695528" >
  <allocated-bytes non-tlh="40976" tlh="125654552" arrayletleaf="0"/>
  <largest-consumer threadName="Thread-50" threadId="000000000269BF00" bytes="12074688" />
</allocation-stats>
<gc-op id="4762" type="copy forward" timems="111.756" contextid="4759" timestamp="2019-08-11T05:39:46.407">
  <memory-copied type="eden" objects="9291" bytes="3754792" bytesdiscarded="599544" />
  <memory-copied type="other" objects="28279" bytes="1062480" bytesdiscarded="53408" />
  <memory-cardclean objects="587" bytes="89400" />
  <regions eden="60" other="4" />
  <remembered-set-cleared processed="1277" cleared="744" durationms="2.183" />
  <finalization candidates="1" enqueued="0" />
  <references type="soft" candidates="25" cleared="0" enqueued="0" dynamicThreshold="29" maxThreshold="32" />
  <references type="weak" candidates="97" cleared="0" enqueued="0" />
  <references type="phantom" candidates="32" cleared="0" enqueued="0" />
  <stringconstants candidates="16403" cleared="0"  />
</gc-op>
<gc-op id="4763" type="classunload" timems="0.011" contextid="4759" timestamp="2019-08-11T05:39:46.407">
  <classunload-info classloadercandidates="69" classloadersunloaded="0" classesunloaded="0" anonymousclassesunloaded="0" quiescems="0.000" setupms="0.010" scanms="0.000" postms="0.000" />
</gc-op>
<heap-resize id="4764" type="contract" space="default" amount="25165824" count="1" timems="0.175" reason="excess free space following gc" timestamp="2019-08-11T05:39:46.408" />
<gc-end id="4765" type="partial gc" contextid="4759" durationms="115.435" usertimems="46.613" systemtimems="47.430" timestamp="2019-08-11T05:39:46.408" activeThreads="16">
  <mem-info id="4766" free="415236096" total="452984832" percent="91">
    <mem type="eden" free="1936840" total="6291456" percent="30" />
    <remembered-set count="7072" freebytes="19087232" totalbytes="19115520" percent="99" regionsoverflowed="0" regionsstable="10" regionsrebuilding="0"/>
  </mem-info>
</gc-end>
<cycle-end id="4767" type="partial gc" contextid="4759" timestamp="2019-08-11T05:39:46.408" />
  <attribute name="elasticGC enabled" value="1" />
  <attribute name= "numThreadsSpecified" value="16" />
  <attribute name="heapSize specified" value="0" />
  <attribute name="Current GC Util" value="27" />
  <attribute name= "Current Time Running" value="168180" />
  <attribute name ="GC Interval" value="0" />
  <attribute name="ProportionalT" value="-26.500000" />
  <attribute name="ProportionalI" value="-26.500000" />
  <attribute name="ProportionalH" value="-26.500000" />
  <attribute name="Current Error" value="-53.000000" />
  <attribute name="IntegralT" value="-53.000000" />
  <attribute name="IntegralI" value="-53.000000" />
  <attribute name="IntegralH" value="-53.000000" />
  <attribute name="DerivativeT" value="-26.500000" />
  <attribute name="DerivativeI" value="-26.500000" />
  <attribute name="DerivativeH" value="-26.500000" />
  <attribute name="Loop Time for DT" value="2.000000" />
  <attribute name="Output H" value="4202627072"/>
  <attribute name="Output I" value="200"/>
  <attribute name="Output T" value="16"/>
  <attribute name="Target GC Util Change" value ="80.000000" />
  <attribute name="Current GC Util Change" value="27.000000"/>
  <attribute name="GC Util currently" value="27" />
  <attribute name="CPU Util currently" value="391454970049" />
<exclusive-end id="4768" timestamp="2019-08-11T05:39:46.408" durationms="116.709" />

<exclusive-start id="4769" timestamp="2019-08-11T05:39:46.682" intervalms="390.471">
  <response-info timems="0.895" idlems="0.467" threads="1" lastid="00000000026E3500" lastname="Thread-46" />
</exclusive-start>
<allocation-taxation id="4770" taxation-threshold="119537664" timestamp="2019-08-11T05:39:46.682" intervalms="390.104" />
<cycle-start id="4771" type="partial gc" contextid="0" timestamp="2019-08-11T05:39:46.682" intervalms="390.091" />
<gc-start id="4772" type="partial gc" contextid="4771" timestamp="2019-08-11T05:39:46.682">
  <mem-info id="4773" free="295698432" total="452984832" percent="65">
    <mem type="eden" free="0" total="119537664" percent="0" />
    <remembered-set count="6880" freebytes="19088000" totalbytes="19115520" percent="99" regionsoverflowed="0" regionsstable="10" regionsrebuilding="0"/>
  </mem-info>
</gc-start>
<allocation-stats totalBytes="119260416" >
  <allocated-bytes non-tlh="16392" tlh="119244024" arrayletleaf="0"/>
  <largest-consumer threadName="Thread-38" threadId="00000000026D8200" bytes="11670016" />
</allocation-stats>
<gc-op id="4774" type="copy forward" timems="115.549" contextid="4771" timestamp="2019-08-11T05:39:46.808">
  <memory-copied type="eden" objects="8614" bytes="3510256" bytesdiscarded="330752" />
  <memory-copied type="other" objects="27930" bytes="1048824" bytesdiscarded="50632" />
  <memory-cardclean objects="637" bytes="91464" />
  <regions eden="57" other="5" />
  <remembered-set-cleared processed="1323" cleared="788" durationms="9.859" />
  <finalization candidates="1" enqueued="0" />
  <references type="soft" candidates="25" cleared="0" enqueued="0" dynamicThreshold="29" maxThreshold="32" />
  <references type="weak" candidates="97" cleared="0" enqueued="0" />
  <references type="phantom" candidates="40" cleared="0" enqueued="0" />
  <stringconstants candidates="16403" cleared="0"  />
</gc-op>
<gc-op id="4775" type="classunload" timems="0.017" contextid="4771" timestamp="2019-08-11T05:39:46.808">
  <classunload-info classloadercandidates="69" classloadersunloaded="0" classesunloaded="0" anonymousclassesunloaded="0" quiescems="0.000" setupms="0.016" scanms="0.000" postms="0.000" />
</gc-op>
<heap-resize id="4776" type="contract" space="default" amount="23068672" count="1" timems="0.174" reason="excess free space following gc" timestamp="2019-08-11T05:39:46.809" />
<gc-end id="4777" type="partial gc" contextid="4771" durationms="126.610" usertimems="94.901" systemtimems="64.804" timestamp="2019-08-11T05:39:46.809" activeThreads="16">
  <mem-info id="4778" free="390070272" total="429916160" percent="90">
    <mem type="eden" free="2450192" total="6291456" percent="38" />
    <remembered-set count="6080" freebytes="18085120" totalbytes="18109440" percent="99" regionsoverflowed="0" regionsstable="10" regionsrebuilding="0"/>
  </mem-info>
</gc-end>
<cycle-end id="4779" type="partial gc" contextid="4771" timestamp="2019-08-11T05:39:46.809" />
  <attribute name="elasticGC enabled" value="1" />
  <attribute name= "numThreadsSpecified" value="16" />
  <attribute name="heapSize specified" value="0" />
  <attribute name="Current GC Util" value="11" />
  <attribute name= "Current Time Running" value="168578" />
  <attribute name ="GC Interval" value="0" />
  <attribute name="ProportionalT" value="-34.500000" />
  <attribute name="ProportionalI" value="-34.500000" />
  <attribute name="ProportionalH" value="-34.500000" />
  <attribute name="Current Error" value="-69.000000" />
  <attribute name="IntegralT" value="-345.000000" />
  <attribute name="IntegralI" value="-345.000000" />
  <attribute name="IntegralH" value="-345.000000" />
  <attribute name="DerivativeT" value="-6.900000" />
  <attribute name="DerivativeI" value="-6.900000" />
  <attribute name="DerivativeH" value="-6.900000" />
  <attribute name="Loop Time for DT" value="10.000000" />
  <attribute name="Output H" value="4202627072"/>
  <attribute name="Output I" value="200"/>
  <attribute name="Output T" value="16"/>
  <attribute name="Target GC Util Change" value ="80.000000" />
  <attribute name="Current GC Util Change" value="11.000000"/>
  <attribute name="GC Util currently" value="11" />
  <attribute name="CPU Util currently" value="115202339574" />
<exclusive-end id="4780" timestamp="2019-08-11T05:39:46.809" durationms="127.275" />

<exclusive-start id="4781" timestamp="2019-08-11T05:39:47.184" intervalms="501.914">
  <response-info timems="10.943" idlems="10.943" threads="0" lastid="00000000026CCE00" lastname="Thread-45" />
</exclusive-start>
<allocation-taxation id="4782" taxation-threshold="113246208" timestamp="2019-08-11T05:39:47.184" intervalms="501.956" />
<cycle-start id="4783" type="partial gc" contextid="0" timestamp="2019-08-11T05:39:47.184" intervalms="501.983" />
<gc-start id="4784" type="partial gc" contextid="4783" timestamp="2019-08-11T05:39:47.184">
  <mem-info id="4785" free="276824064" total="429916160" percent="64">
    <mem type="eden" free="0" total="113246208" percent="0" />
    <remembered-set count="6016" freebytes="18085376" totalbytes="18109440" percent="99" regionsoverflowed="0" regionsstable="10" regionsrebuilding="0"/>
  </mem-info>
</gc-start>
<allocation-stats totalBytes="112953512" >
  <allocated-bytes non-tlh="32776" tlh="112920736" arrayletleaf="0"/>
  <largest-consumer threadName="Thread-52" threadId="00000000026A7200" bytes="11866904" />
</allocation-stats>
<gc-op id="4786" type="copy forward" timems="65.151" contextid="4783" timestamp="2019-08-11T05:39:47.253">
  <memory-copied type="eden" objects="5965" bytes="2670440" bytesdiscarded="454016" />
  <memory-copied type="other" objects="27665" bytes="1036480" bytesdiscarded="78552" />
  <memory-cardclean objects="680" bytes="92960" />
  <regions eden="54" other="5" />
  <remembered-set-cleared processed="1336" cleared="798" durationms="0.252" />
  <finalization candidates="1" enqueued="0" />
  <references type="soft" candidates="25" cleared="0" enqueued="0" dynamicThreshold="29" maxThreshold="32" />
  <references type="weak" candidates="95" cleared="0" enqueued="0" />
  <references type="phantom" candidates="47" cleared="0" enqueued="0" />
  <stringconstants candidates="16403" cleared="0"  />
</gc-op>
<gc-op id="4787" type="classunload" timems="0.011" contextid="4783" timestamp="2019-08-11T05:39:47.253">
  <classunload-info classloadercandidates="69" classloadersunloaded="0" classesunloaded="0" anonymousclassesunloaded="0" quiescems="0.000" setupms="0.011" scanms="0.000" postms="0.000" />
</gc-op>
<heap-resize id="4788" type="contract" space="default" amount="23068672" count="1" timems="1.667" reason="excess free space following gc" timestamp="2019-08-11T05:39:47.255" />
<gc-end id="4789" type="partial gc" contextid="4783" durationms="70.316" usertimems="64.275" systemtimems="21.844" timestamp="2019-08-11T05:39:47.255" activeThreads="16">
  <mem-info id="4790" free="367001600" total="406847488" percent="90">
    <mem type="eden" free="1069512" total="4194304" percent="25" />
    <remembered-set count="8672" freebytes="17152512" totalbytes="17187200" percent="99" regionsoverflowed="0" regionsstable="10" regionsrebuilding="0"/>
  </mem-info>
</gc-end>
<cycle-end id="4791" type="partial gc" contextid="4783" timestamp="2019-08-11T05:39:47.255" />
  <attribute name="elasticGC enabled" value="1" />
  <attribute name= "numThreadsSpecified" value="16" />
  <attribute name="heapSize specified" value="0" />
  <attribute name="Current GC Util" value="33" />
  <attribute name= "Current Time Running" value="169072" />
  <attribute name ="GC Interval" value="0" />
  <attribute name="ProportionalT" value="-23.500000" />
  <attribute name="ProportionalI" value="-23.500000" />
  <attribute name="ProportionalH" value="-23.500000" />
  <attribute name="Current Error" value="-47.000000" />
  <attribute name="IntegralT" value="-47.000000" />
  <attribute name="IntegralI" value="-47.000000" />
  <attribute name="IntegralH" value="-47.000000" />
  <attribute name="DerivativeT" value="-23.500000" />
  <attribute name="DerivativeI" value="-23.500000" />
  <attribute name="DerivativeH" value="-23.500000" />
  <attribute name="Loop Time for DT" value="2.000000" />
  <attribute name="Output H" value="4202627072"/>
  <attribute name="Output I" value="200"/>
  <attribute name="Output T" value="16"/>
  <attribute name="Target GC Util Change" value ="80.000000" />
  <attribute name="Current GC Util Change" value="33.000000"/>
  <attribute name="GC Util currently" value="33" />
  <attribute name="CPU Util currently" value="442557256019" />
<exclusive-end id="4792" timestamp="2019-08-11T05:39:47.255" durationms="71.107" />

<exclusive-start id="4793" timestamp="2019-08-11T05:39:47.442" intervalms="258.332">
  <response-info timems="0.839" idlems="0.839" threads="0" lastid="00000000026B6600" lastname="Thread-40" />
</exclusive-start>
<allocation-taxation id="4794" taxation-threshold="109051904" timestamp="2019-08-11T05:39:47.442" intervalms="258.307" />
<cycle-start id="4795" type="partial gc" contextid="0" timestamp="2019-08-11T05:39:47.442" intervalms="258.262" />
<gc-start id="4796" type="partial gc" contextid="4795" timestamp="2019-08-11T05:39:47.443">
  <mem-info id="4797" free="257949696" total="406847488" percent="63">
    <mem type="eden" free="0" total="109051904" percent="0" />
    <remembered-set count="8512" freebytes="17153152" totalbytes="17187200" percent="99" regionsoverflowed="0" regionsstable="10" regionsrebuilding="0"/>
  </mem-info>
</gc-start>
<allocation-stats totalBytes="108865640" >
  <allocated-bytes non-tlh="24592" tlh="108841048" arrayletleaf="0"/>
  <largest-consumer threadName="Thread-47" threadId="0000000002689300" bytes="12168952" />
</allocation-stats>
<gc-op id="4798" type="copy forward" timems="94.615" contextid="4795" timestamp="2019-08-11T05:39:47.543">
  <memory-copied type="eden" objects="7858" bytes="3199800" bytesdiscarded="397648" />
  <memory-copied type="other" objects="27446" bytes="1031472" bytesdiscarded="76648" />
  <memory-cardclean objects="697" bytes="93608" />
  <regions eden="52" other="4" />
  <remembered-set-cleared processed="1265" cleared="726" durationms="14.234" />
  <finalization candidates="1" enqueued="0" />
  <references type="soft" candidates="25" cleared="0" enqueued="0" dynamicThreshold="28" maxThreshold="32" />
  <references type="weak" candidates="96" cleared="0" enqueued="0" />
  <references type="phantom" candidates="42" cleared="0" enqueued="0" />
  <stringconstants candidates="16403" cleared="0"  />
</gc-op>
<gc-op id="4799" type="classunload" timems="0.012" contextid="4795" timestamp="2019-08-11T05:39:47.543">
  <classunload-info classloadercandidates="69" classloadersunloaded="0" classesunloaded="0" anonymousclassesunloaded="0" quiescems="0.000" setupms="0.012" scanms="0.000" postms="0.000" />
</gc-op>
<heap-resize id="4800" type="contract" space="default" amount="20971520" count="1" timems="0.135" reason="excess free space following gc" timestamp="2019-08-11T05:39:47.543" />
<gc-end id="4801" type="partial gc" contextid="4795" durationms="100.554" usertimems="46.038" systemtimems="21.401" timestamp="2019-08-11T05:39:47.543" activeThreads="16">
  <mem-info id="4802" free="343932928" total="385875968" percent="89">
    <mem type="eden" free="596568" total="4194304" percent="14" />
    <remembered-set count="8704" freebytes="16230144" totalbytes="16264960" percent="99" regionsoverflowed="0" regionsstable="10" regionsrebuilding="0"/>
  </mem-info>
</gc-end>
<cycle-end id="4803" type="partial gc" contextid="4795" timestamp="2019-08-11T05:39:47.543" />
  <attribute name="elasticGC enabled" value="1" />
  <attribute name= "numThreadsSpecified" value="16" />
  <attribute name="heapSize specified" value="0" />
  <attribute name="Current GC Util" value="14" />
  <attribute name= "Current Time Running" value="169333" />
  <attribute name ="GC Interval" value="0" />
  <attribute name="ProportionalT" value="-33.000000" />
  <attribute name="ProportionalI" value="-33.000000" />
  <attribute name="ProportionalH" value="-33.000000" />
  <attribute name="Current Error" value="-66.000000" />
  <attribute name="IntegralT" value="-165.000000" />
  <attribute name="IntegralI" value="-165.000000" />
  <attribute name="IntegralH" value="-165.000000" />
  <attribute name="DerivativeT" value="-13.200000" />
  <attribute name="DerivativeI" value="-13.200000" />
  <attribute name="DerivativeH" value="-13.200000" />
  <attribute name="Loop Time for DT" value="5.000000" />
  <attribute name="Output H" value="4202627072"/>
  <attribute name="Output I" value="200"/>
  <attribute name="Output T" value="16"/>
  <attribute name="Target GC Util Change" value ="80.000000" />
  <attribute name="Current GC Util Change" value="14.000000"/>
  <attribute name="GC Util currently" value="14" />
  <attribute name="CPU Util currently" value="228811856978" />
<exclusive-end id="4804" timestamp="2019-08-11T05:39:47.543" durationms="101.121" />

<exclusive-start id="4805" timestamp="2019-08-11T05:39:47.837" intervalms="395.107">
  <response-info timems="8.094" idlems="8.094" threads="0" lastid="00000000026B6600" lastname="Thread-40" />
</exclusive-start>
<allocation-taxation id="4806" taxation-threshold="102760448" timestamp="2019-08-11T05:39:47.837" intervalms="395.121" />
<cycle-start id="4807" type="partial gc" contextid="0" timestamp="2019-08-11T05:39:47.838" intervalms="395.275" />
<gc-start id="4808" type="partial gc" contextid="4807" timestamp="2019-08-11T05:39:47.838">
  <mem-info id="4809" free="241172480" total="385875968" percent="62">
    <mem type="eden" free="0" total="102760448" percent="0" />
    <remembered-set count="8512" freebytes="16230912" totalbytes="16264960" percent="99" regionsoverflowed="0" regionsstable="10" regionsrebuilding="0"/>
  </mem-info>
</gc-start>
<allocation-stats totalBytes="102546760" >
  <allocated-bytes non-tlh="98336" tlh="102448424" arrayletleaf="0"/>
  <largest-consumer threadName="Thread-41" threadId="00000000026C5600" bytes="12575056" />
</allocation-stats>
<gc-op id="4810" type="copy forward" timems="119.703" contextid="4807" timestamp="2019-08-11T05:39:47.961">
  <memory-copied type="eden" objects="7823" bytes="3237920" bytesdiscarded="634768" />
  <memory-copied type="other" objects="27219" bytes="1025120" bytesdiscarded="104440" />
  <memory-cardclean objects="733" bytes="95504" />
  <regions eden="49" other="4" />
  <remembered-set-cleared processed="1358" cleared="819" durationms="0.113" />
  <finalization candidates="1" enqueued="0" />
  <references type="soft" candidates="25" cleared="0" enqueued="0" dynamicThreshold="28" maxThreshold="32" />
  <references type="weak" candidates="95" cleared="0" enqueued="0" />
  <references type="phantom" candidates="31" cleared="0" enqueued="0" />
  <stringconstants candidates="16403" cleared="0"  />
</gc-op>
<gc-op id="4811" type="classunload" timems="0.015" contextid="4807" timestamp="2019-08-11T05:39:47.961">
  <classunload-info classloadercandidates="69" classloadersunloaded="0" classesunloaded="0" anonymousclassesunloaded="0" quiescems="0.000" setupms="0.015" scanms="0.000" postms="0.000" />
</gc-op>
<heap-resize id="4812" type="contract" space="default" amount="20971520" count="1" timems="0.878" reason="excess free space following gc" timestamp="2019-08-11T05:39:47.962" />
<gc-end id="4813" type="partial gc" contextid="4807" durationms="124.439" usertimems="68.723" systemtimems="68.440" timestamp="2019-08-11T05:39:47.962" activeThreads="16">
  <mem-info id="4814" free="320864256" total="364904448" percent="87">
    <mem type="eden" free="321336" total="4194304" percent="7" />
    <remembered-set count="8704" freebytes="15391744" totalbytes="15426560" percent="99" regionsoverflowed="0" regionsstable="10" regionsrebuilding="0"/>
  </mem-info>
</gc-end>
<cycle-end id="4815" type="partial gc" contextid="4807" timestamp="2019-08-11T05:39:47.963" />
  <attribute name="elasticGC enabled" value="1" />
  <attribute name= "numThreadsSpecified" value="16" />
  <attribute name="heapSize specified" value="0" />
  <attribute name="Current GC Util" value="41" />
  <attribute name= "Current Time Running" value="169726" />
  <attribute name ="GC Interval" value="0" />
  <attribute name="ProportionalT" value="-19.500000" />
  <attribute name="ProportionalI" value="-19.500000" />
  <attribute name="ProportionalH" value="-19.500000" />
  <attribute name="Current Error" value="-39.000000" />
  <attribute name="IntegralT" value="-58.500000" />
  <attribute name="IntegralI" value="-58.500000" />
  <attribute name="IntegralH" value="-58.500000" />
  <attribute name="DerivativeT" value="-13.000000" />
  <attribute name="DerivativeI" value="-13.000000" />
  <attribute name="DerivativeH" value="-13.000000" />
  <attribute name="Loop Time for DT" value="3.000000" />
  <attribute name="Output H" value="4202627072"/>
  <attribute name="Output I" value="200"/>
  <attribute name="Output T" value="16"/>
  <attribute name="Target GC Util Change" value ="80.000000" />
  <attribute name="Current GC Util Change" value="41.000000"/>
  <attribute name="GC Util currently" value="41" />
  <attribute name="CPU Util currently" value="363625679186" />
<exclusive-end id="4816" timestamp="2019-08-11T05:39:47.963" durationms="125.276" />

<exclusive-start id="4817" timestamp="2019-08-11T05:39:48.282" intervalms="444.130">
  <response-info timems="0.198" idlems="0.198" threads="0" lastid="0000000002689300" lastname="Thread-47" />
</exclusive-start>
<allocation-taxation id="4818" taxation-threshold="98566144" timestamp="2019-08-11T05:39:48.282" intervalms="444.101" />
<cycle-start id="4819" type="partial gc" contextid="0" timestamp="2019-08-11T05:39:48.283" intervalms="444.999" />
<gc-start id="4820" type="partial gc" contextid="4819" timestamp="2019-08-11T05:39:48.283">
  <mem-info id="4821" free="222298112" total="364904448" percent="60">
    <mem type="eden" free="0" total="98566144" percent="0" />
    <remembered-set count="8576" freebytes="15392256" totalbytes="15426560" percent="99" regionsoverflowed="0" regionsstable="10" regionsrebuilding="0"/>
  </mem-info>
</gc-start>
<allocation-stats totalBytes="98437192" >
  <allocated-bytes non-tlh="16392" tlh="98420800" arrayletleaf="0"/>
  <largest-consumer threadName="Thread-51" threadId="0000000002685700" bytes="8904832" />
</allocation-stats>
<gc-op id="4822" type="copy forward" timems="118.088" contextid="4819" timestamp="2019-08-11T05:39:48.421">
  <memory-copied type="eden" objects="8999" bytes="3419600" bytesdiscarded="512288" />
  <memory-copied type="other" objects="27022" bytes="1019928" bytesdiscarded="63376" />
  <memory-cardclean objects="745" bytes="96264" />
  <regions eden="47" other="4" />
  <remembered-set-cleared processed="1344" cleared="803" durationms="0.156" />
  <finalization candidates="1" enqueued="0" />
  <references type="soft" candidates="25" cleared="0" enqueued="0" dynamicThreshold="28" maxThreshold="32" />
  <references type="weak" candidates="95" cleared="0" enqueued="0" />
  <references type="phantom" candidates="27" cleared="0" enqueued="0" />
  <stringconstants candidates="16403" cleared="0"  />
</gc-op>
<gc-op id="4823" type="classunload" timems="0.015" contextid="4819" timestamp="2019-08-11T05:39:48.421">
  <classunload-info classloadercandidates="69" classloadersunloaded="0" classesunloaded="0" anonymousclassesunloaded="0" quiescems="0.000" setupms="0.014" scanms="0.000" postms="0.000" />
</gc-op>
<heap-resize id="4824" type="contract" space="default" amount="18874368" count="1" timems="3.105" reason="excess free space following gc" timestamp="2019-08-11T05:39:48.424" />
<gc-end id="4825" type="partial gc" contextid="4819" durationms="141.351" usertimems="176.371" systemtimems="115.088" timestamp="2019-08-11T05:39:48.424" activeThreads="16">
  <mem-info id="4826" free="299892736" total="346030080" percent="86">
    <mem type="eden" free="262168" total="4194304" percent="6" />
    <remembered-set count="8768" freebytes="14553088" totalbytes="14588160" percent="99" regionsoverflowed="0" regionsstable="10" regionsrebuilding="0"/>
  </mem-info>
</gc-end>
<cycle-end id="4827" type="partial gc" contextid="4819" timestamp="2019-08-11T05:39:48.425" />
  <attribute name="elasticGC enabled" value="1" />
  <attribute name= "numThreadsSpecified" value="16" />
  <attribute name="heapSize specified" value="0" />
  <attribute name="Current GC Util" value="5" />
  <attribute name= "Current Time Running" value="170188" />
  <attribute name ="GC Interval" value="0" />
  <attribute name="ProportionalT" value="-37.500000" />
  <attribute name="ProportionalI" value="-37.500000" />
  <attribute name="ProportionalH" value="-37.500000" />
  <attribute name="Current Error" value="-75.000000" />
  <attribute name="IntegralT" value="-750.000000" />
  <attribute name="IntegralI" value="-750.000000" />
  <attribute name="IntegralH" value="-750.000000" />
  <attribute name="DerivativeT" value="-3.750000" />
  <attribute name="DerivativeI" value="-3.750000" />
  <attribute name="DerivativeH" value="-3.750000" />
  <attribute name="Loop Time for DT" value="20.000000" />
  <attribute name="Output H" value="4202627072"/>
  <attribute name="Output I" value="200"/>
  <attribute name="Output T" value="16"/>
  <attribute name="Target GC Util Change" value ="80.000000" />
  <attribute name="Current GC Util Change" value="5.000000"/>
  <attribute name="GC Util currently" value="5" />
  <attribute name="CPU Util currently" value="60404232795" />
<exclusive-end id="4828" timestamp="2019-08-11T05:39:48.425" durationms="143.155" />

<exclusive-start id="4829" timestamp="2019-08-11T05:39:48.618" intervalms="336.489">
  <response-info timems="0.695" idlems="0.695" threads="0" lastid="00000000026D8200" lastname="Thread-38" />
</exclusive-start>
<allocation-taxation id="4830" taxation-threshold="94371840" timestamp="2019-08-11T05:39:48.618" intervalms="336.485" />
<cycle-start id="4831" type="partial gc" contextid="0" timestamp="2019-08-11T05:39:48.618" intervalms="335.446" />
<gc-start id="4832" type="partial gc" contextid="4831" timestamp="2019-08-11T05:39:48.618">
  <mem-info id="4833" free="205520896" total="346030080" percent="59">
    <mem type="eden" free="0" total="94371840" percent="0" />
    <remembered-set count="8480" freebytes="14554240" totalbytes="14588160" percent="99" regionsoverflowed="0" regionsstable="10" regionsrebuilding="0"/>
  </mem-info>
</gc-start>
<allocation-stats totalBytes="94159256" >
  <allocated-bytes non-tlh="16392" tlh="94142864" arrayletleaf="0"/>
  <largest-consumer threadName="Thread-41" threadId="00000000026C5600" bytes="13511440" />
</allocation-stats>
<gc-op id="4834" type="copy forward" timems="66.576" contextid="4831" timestamp="2019-08-11T05:39:48.688">
  <memory-copied type="eden" objects="10166" bytes="4016312" bytesdiscarded="774680" />
  <memory-copied type="other" objects="26884" bytes="1017896" bytesdiscarded="67336" />
  <memory-cardclean objects="6272" bytes="232264" />
  <regions eden="45" other="4" />
  <remembered-set-cleared processed="525" cleared="305" durationms="0.240" />
  <finalization candidates="1" enqueued="0" />
  <references type="soft" candidates="25" cleared="0" enqueued="0" dynamicThreshold="27" maxThreshold="32" />
  <references type="weak" candidates="96" cleared="0" enqueued="0" />
  <references type="phantom" candidates="29" cleared="0" enqueued="0" />
  <stringconstants candidates="16403" cleared="0"  />
</gc-op>
<gc-op id="4835" type="classunload" timems="0.015" contextid="4831" timestamp="2019-08-11T05:39:48.688">
  <classunload-info classloadercandidates="69" classloadersunloaded="0" classesunloaded="0" anonymousclassesunloaded="0" quiescems="0.000" setupms="0.015" scanms="0.000" postms="0.000" />
</gc-op>
<heap-resize id="4836" type="contract" space="default" amount="18874368" count="1" timems="0.927" reason="excess free space following gc" timestamp="2019-08-11T05:39:48.689" />
<gc-end id="4837" type="partial gc" contextid="4831" durationms="70.544" usertimems="25.653" systemtimems="14.867" timestamp="2019-08-11T05:39:48.689" activeThreads="16">
  <mem-info id="4838" free="276824064" total="327155712" percent="84">
    <mem type="eden" free="1500184" total="6291456" percent="23" />
    <remembered-set count="10176" freebytes="13792896" totalbytes="13833600" percent="99" regionsoverflowed="0" regionsstable="10" regionsrebuilding="0"/>
  </mem-info>
</gc-end>
<cycle-end id="4839" type="partial gc" contextid="4831" timestamp="2019-08-11T05:39:48.689" />
  <attribute name="elasticGC enabled" value="1" />
  <attribute name= "numThreadsSpecified" value="16" />
  <attribute name="heapSize specified" value="0" />
  <attribute name="Current GC Util" value="46" />
  <attribute name= "Current Time Running" value="170506" />
  <attribute name ="GC Interval" value="0" />
  <attribute name="ProportionalT" value="-17.000000" />
  <attribute name="ProportionalI" value="-17.000000" />
  <attribute name="ProportionalH" value="-17.000000" />
  <attribute name="Current Error" value="-34.000000" />
  <attribute name="IntegralT" value="-34.000000" />
  <attribute name="IntegralI" value="-34.000000" />
  <attribute name="IntegralH" value="-34.000000" />
  <attribute name="DerivativeT" value="-17.000000" />
  <attribute name="DerivativeI" value="-17.000000" />
  <attribute name="DerivativeH" value="-17.000000" />
  <attribute name="Loop Time for DT" value="2.000000" />
  <attribute name="Output H" value="4202627072"/>
  <attribute name="Output I" value="200"/>
  <attribute name="Output T" value="16"/>
  <attribute name="Target GC Util Change" value ="80.000000" />
  <attribute name="Current GC Util Change" value="46.000000"/>
  <attribute name="GC Util currently" value="46" />
  <attribute name="CPU Util currently" value="559845599736" />
<exclusive-end id="4840" timestamp="2019-08-11T05:39:48.689" durationms="71.269" />

<exclusive-start id="4841" timestamp="2019-08-11T05:39:48.873" intervalms="255.202">
  <response-info timems="1.854" idlems="0.737" threads="2" lastid="00000000026B6600" lastname="Thread-40" />
</exclusive-start>
<allocation-taxation id="4842" taxation-threshold="88080384" timestamp="2019-08-11T05:39:48.873" intervalms="255.208" />
<cycle-start id="4843" type="partial gc" contextid="0" timestamp="2019-08-11T05:39:48.873" intervalms="255.204" />
<gc-start id="4844" type="partial gc" contextid="4843" timestamp="2019-08-11T05:39:48.874">
  <mem-info id="4845" free="188743680" total="327155712" percent="57">
    <mem type="eden" free="0" total="88080384" percent="0" />
    <remembered-set count="9792" freebytes="13794432" totalbytes="13833600" percent="99" regionsoverflowed="0" regionsstable="10" regionsrebuilding="0"/>
  </mem-info>
</gc-start>
<allocation-stats totalBytes="87835440" >
  <allocated-bytes non-tlh="16392" tlh="87819048" arrayletleaf="0"/>
  <largest-consumer threadName="Thread-45" threadId="00000000026CCE00" bytes="9394768" />
</allocation-stats>
<gc-op id="4846" type="copy forward" timems="45.295" contextid="4843" timestamp="2019-08-11T05:39:48.922">
  <memory-copied type="eden" objects="9093" bytes="3704152" bytesdiscarded="568176" />
  <memory-copied type="other" objects="26705" bytes="1013280" bytesdiscarded="68984" />
  <memory-cardclean objects="744" bytes="96248" />
  <regions eden="42" other="5" />
  <remembered-set-cleared processed="1405" cleared="860" durationms="0.103" />
  <finalization candidates="1" enqueued="0" />
  <references type="soft" candidates="25" cleared="0" enqueued="0" dynamicThreshold="27" maxThreshold="32" />
  <references type="weak" candidates="95" cleared="0" enqueued="0" />
  <references type="phantom" candidates="29" cleared="0" enqueued="0" />
  <stringconstants candidates="16403" cleared="0"  />
</gc-op>
<gc-op id="4847" type="classunload" timems="0.018" contextid="4843" timestamp="2019-08-11T05:39:48.930">
  <classunload-info classloadercandidates="69" classloadersunloaded="0" classesunloaded="0" anonymousclassesunloaded="0" quiescems="0.000" setupms="0.018" scanms="0.000" postms="0.000" />
</gc-op>
<heap-resize id="4848" type="contract" space="default" amount="16777216" count="1" timems="3.104" reason="excess free space following gc" timestamp="2019-08-11T05:39:48.936" />
<gc-end id="4849" type="partial gc" contextid="4843" durationms="69.797" usertimems="77.842" systemtimems="32.681" timestamp="2019-08-11T05:39:48.943" activeThreads="16">
  <mem-info id="4850" free="257949696" total="310378496" percent="83">
    <mem type="eden" free="2018848" total="6291456" percent="32" />
    <remembered-set count="8864" freebytes="13043584" totalbytes="13079040" percent="99" regionsoverflowed="0" regionsstable="10" regionsrebuilding="0"/>
  </mem-info>
</gc-end>
<cycle-end id="4851" type="partial gc" contextid="4843" timestamp="2019-08-11T05:39:48.943" />
  <attribute name="elasticGC enabled" value="1" />
  <attribute name= "numThreadsSpecified" value="16" />
  <attribute name="heapSize specified" value="0" />
  <attribute name="Current GC Util" value="31" />
  <attribute name= "Current Time Running" value="170761" />
  <attribute name ="GC Interval" value="0" />
  <attribute name="ProportionalT" value="-24.500000" />
  <attribute name="ProportionalI" value="-24.500000" />
  <attribute name="ProportionalH" value="-24.500000" />
  <attribute name="Current Error" value="-49.000000" />
  <attribute name="IntegralT" value="-49.000000" />
  <attribute name="IntegralI" value="-49.000000" />
  <attribute name="IntegralH" value="-49.000000" />
  <attribute name="DerivativeT" value="-24.500000" />
  <attribute name="DerivativeI" value="-24.500000" />
  <attribute name="DerivativeH" value="-24.500000" />
  <attribute name="Loop Time for DT" value="2.000000" />
  <attribute name="Output H" value="4202627072"/>
  <attribute name="Output I" value="200"/>
  <attribute name="Output T" value="16"/>
  <attribute name="Target GC Util Change" value ="80.000000" />
  <attribute name="Current GC Util Change" value="31.000000"/>
  <attribute name="GC Util currently" value="31" />
  <attribute name="CPU Util currently" value="484923199714" />
<exclusive-end id="4852" timestamp="2019-08-11T05:39:48.969" durationms="95.794" />

<exclusive-start id="4853" timestamp="2019-08-11T05:39:49.103" intervalms="230.092">
  <response-info timems="0.228" idlems="0.228" threads="0" lastid="00000000026BDE00" lastname="Thread-43" />
</exclusive-start>
<allocation-taxation id="4854" taxation-threshold="83886080" timestamp="2019-08-11T05:39:49.103" intervalms="230.076" />
<cycle-start id="4855" type="partial gc" contextid="0" timestamp="2019-08-11T05:39:49.103" intervalms="230.170" />
<gc-start id="4856" type="partial gc" contextid="4855" timestamp="2019-08-11T05:39:49.104">
  <mem-info id="4857" free="174063616" total="310378496" percent="56">
    <mem type="eden" free="0" total="83886080" percent="0" />
    <remembered-set count="8864" freebytes="13043584" totalbytes="13079040" percent="99" regionsoverflowed="0" regionsstable="10" regionsrebuilding="0"/>
  </mem-info>
</gc-start>
<allocation-stats totalBytes="83612384" >
  <allocated-bytes non-tlh="65560" tlh="83546824" arrayletleaf="0"/>
  <largest-consumer threadName="Thread-40" threadId="00000000026B6600" bytes="8624760" />
</allocation-stats>
<gc-op id="4858" type="copy forward" timems="119.012" contextid="4855" timestamp="2019-08-11T05:39:49.227">
  <memory-copied type="eden" objects="9392" bytes="3806280" bytesdiscarded="660592" />
  <memory-copied type="other" objects="26537" bytes="1008168" bytesdiscarded="91136" />
  <memory-cardclean objects="1144" bytes="106880" />
  <regions eden="40" other="5" />
  <remembered-set-cleared processed="1400" cleared="873" durationms="0.139" />
  <finalization candidates="1" enqueued="0" />
  <references type="soft" candidates="25" cleared="0" enqueued="0" dynamicThreshold="26" maxThreshold="32" />
  <references type="weak" candidates="95" cleared="0" enqueued="0" />
  <references type="phantom" candidates="29" cleared="0" enqueued="0" />
  <stringconstants candidates="16403" cleared="0"  />
</gc-op>
<gc-op id="4859" type="classunload" timems="0.014" contextid="4855" timestamp="2019-08-11T05:39:49.227">
  <classunload-info classloadercandidates="69" classloadersunloaded="0" classesunloaded="0" anonymousclassesunloaded="0" quiescems="0.000" setupms="0.014" scanms="0.000" postms="0.000" />
</gc-op>
<heap-resize id="4860" type="contract" space="default" amount="16777216" count="1" timems="1.683" reason="excess free space following gc" timestamp="2019-08-11T05:39:49.229" />
<gc-end id="4861" type="partial gc" contextid="4855" durationms="124.884" usertimems="133.545" systemtimems="57.470" timestamp="2019-08-11T05:39:49.229" activeThreads="16">
  <mem-info id="4862" free="239075328" total="293601280" percent="81">
    <mem type="eden" free="1824304" total="6291456" percent="28" />
    <remembered-set count="7296" freebytes="12379136" totalbytes="12408320" percent="99" regionsoverflowed="0" regionsstable="10" regionsrebuilding="0"/>
  </mem-info>
</gc-end>
<cycle-end id="4863" type="partial gc" contextid="4855" timestamp="2019-08-11T05:39:49.229" />
  <attribute name="elasticGC enabled" value="1" />
  <attribute name= "numThreadsSpecified" value="16" />
  <attribute name="heapSize specified" value="0" />
  <attribute name="Current GC Util" value="216" />
  <attribute name= "Current Time Running" value="170993" />
  <attribute name ="GC Interval" value="0" />
  <attribute name="ProportionalT" value="68.000000" />
  <attribute name="ProportionalI" value="68.000000" />
  <attribute name="ProportionalH" value="68.000000" />
  <attribute name="Current Error" value="136.000000" />
  <attribute name="IntegralT" value="204.000000" />
  <attribute name="IntegralI" value="204.000000" />
  <attribute name="IntegralH" value="204.000000" />
  <attribute name="DerivativeT" value="45.333333" />
  <attribute name="DerivativeI" value="45.333333" />
  <attribute name="DerivativeH" value="45.333333" />
  <attribute name="Loop Time for DT" value="3.000000" />
  <attribute name="Output H" value="8388608"/>
  <attribute name="Output I" value="320"/>
  <attribute name="Output T" value="16"/>
  <attribute name="Target GC Util Change" value ="80.000000" />
  <attribute name="Current GC Util Change" value="216.000000"/>
  <attribute name="GC Util currently" value="216" />
  <attribute name="CPU Util currently" value="404275937085" />
<exclusive-end id="4864" timestamp="2019-08-11T05:39:49.229" durationms="126.189" />

<exclusive-start id="4865" timestamp="2019-08-11T05:39:49.311" intervalms="208.084">
  <response-info timems="0.618" idlems="0.185" threads="6" lastid="00000000026BDE00" lastname="Thread-43" />
</exclusive-start>
<allocation-taxation id="4866" taxation-threshold="79691776" timestamp="2019-08-11T05:39:49.311" intervalms="208.135" />
<cycle-start id="4867" type="partial gc" contextid="0" timestamp="2019-08-11T05:39:49.312" intervalms="208.073" />
<gc-start id="4868" type="partial gc" contextid="4867" timestamp="2019-08-11T05:39:49.312">
  <mem-info id="4869" free="159383552" total="293601280" percent="54">
    <mem type="eden" free="0" total="79691776" percent="0" />
    <remembered-set count="7232" freebytes="12379392" totalbytes="12408320" percent="99" regionsoverflowed="0" regionsstable="10" regionsrebuilding="0"/>
  </mem-info>
</gc-start>
<allocation-stats totalBytes="79466536" >
  <allocated-bytes non-tlh="57368" tlh="79409168" arrayletleaf="0"/>
  <largest-consumer threadName="Thread-42" threadId="00000000026C1A00" bytes="11100248" />
</allocation-stats>
<gc-op id="4870" type="copy forward" timems="122.299" contextid="4867" timestamp="2019-08-11T05:39:49.437">
  <memory-copied type="eden" objects="8769" bytes="3587720" bytesdiscarded="664320" />
  <memory-copied type="other" objects="26399" bytes="1005168" bytesdiscarded="96144" />
  <memory-cardclean objects="780" bytes="98688" />
  <regions eden="38" other="5" />
  <remembered-set-cleared processed="1412" cleared="870" durationms="14.846" />
  <finalization candidates="1" enqueued="0" />
  <references type="soft" candidates="25" cleared="0" enqueued="0" dynamicThreshold="26" maxThreshold="32" />
  <references type="weak" candidates="96" cleared="0" enqueued="0" />
  <references type="phantom" candidates="32" cleared="0" enqueued="0" />
  <stringconstants candidates="16403" cleared="0"  />
</gc-op>
<gc-op id="4871" type="classunload" timems="0.013" contextid="4867" timestamp="2019-08-11T05:39:49.437">
  <classunload-info classloadercandidates="69" classloadersunloaded="0" classesunloaded="0" anonymousclassesunloaded="0" quiescems="0.000" setupms="0.013" scanms="0.000" postms="0.000" />
</gc-op>
<heap-resize id="4872" type="contract" space="default" amount="14680064" count="1" timems="1.132" reason="excess free space following gc" timestamp="2019-08-11T05:39:49.438" />
<gc-end id="4873" type="partial gc" contextid="4867" durationms="126.178" usertimems="105.690" systemtimems="52.362" timestamp="2019-08-11T05:39:49.438" activeThreads="16">
  <mem-info id="4874" free="222298112" total="278921216" percent="79">
    <mem type="eden" free="2039120" total="6291456" percent="32" />
    <remembered-set count="9888" freebytes="11698048" totalbytes="11737600" percent="99" regionsoverflowed="0" regionsstable="10" regionsrebuilding="0"/>
  </mem-info>
</gc-end>
<cycle-end id="4875" type="partial gc" contextid="4867" timestamp="2019-08-11T05:39:49.438" />
  <attribute name="elasticGC enabled" value="1" />
  <attribute name= "numThreadsSpecified" value="16" />
  <attribute name="heapSize specified" value="0" />
  <attribute name="Current GC Util" value="67" />
  <attribute name= "Current Time Running" value="171199" />
  <attribute name ="GC Interval" value="0" />
  <attribute name="ProportionalT" value="-6.500000" />
  <attribute name="ProportionalI" value="-6.500000" />
  <attribute name="ProportionalH" value="-6.500000" />
  <attribute name="Current Error" value="-13.000000" />
  <attribute name="IntegralT" value="-13.000000" />
  <attribute name="IntegralI" value="-13.000000" />
  <attribute name="IntegralH" value="-13.000000" />
  <attribute name="DerivativeT" value="-6.500000" />
  <attribute name="DerivativeI" value="-6.500000" />
  <attribute name="DerivativeH" value="-6.500000" />
  <attribute name="Loop Time for DT" value="2.000000" />
  <attribute name="Output H" value="4202627072"/>
  <attribute name="Output I" value="200"/>
  <attribute name="Output T" value="16"/>
  <attribute name="Target GC Util Change" value ="80.000000" />
  <attribute name="Current GC Util Change" value="67.000000"/>
  <attribute name="GC Util currently" value="67" />
  <attribute name="CPU Util currently" value="580327710613" />
<exclusive-end id="4876" timestamp="2019-08-11T05:39:49.438" durationms="127.026" />

<exclusive-start id="4877" timestamp="2019-08-11T05:39:49.644" intervalms="333.056">
  <response-info timems="1.369" idlems="0.482" threads="2" lastid="00000000026CCE00" lastname="Thread-45" />
</exclusive-start>
<allocation-taxation id="4878" taxation-threshold="77594624" timestamp="2019-08-11T05:39:49.644" intervalms="333.019" />
<cycle-start id="4879" type="partial gc" contextid="0" timestamp="2019-08-11T05:39:49.645" intervalms="333.043" />
<gc-start id="4880" type="partial gc" contextid="4879" timestamp="2019-08-11T05:39:49.646">
  <mem-info id="4881" free="144703488" total="278921216" percent="51">
    <mem type="eden" free="0" total="77594624" percent="0" />
    <remembered-set count="9440" freebytes="11699840" totalbytes="11737600" percent="99" regionsoverflowed="0" regionsstable="10" regionsrebuilding="0"/>
  </mem-info>
</gc-start>
<allocation-stats totalBytes="77477120" >
  <allocated-bytes non-tlh="32776" tlh="77444344" arrayletleaf="0"/>
  <largest-consumer threadName="Thread-42" threadId="00000000026C1A00" bytes="8496632" />
</allocation-stats>
<gc-op id="4882" type="copy forward" timems="82.189" contextid="4879" timestamp="2019-08-11T05:39:49.732">
  <memory-copied type="eden" objects="8980" bytes="3606416" bytesdiscarded="443392" />
  <memory-copied type="other" objects="26251" bytes="1001576" bytesdiscarded="97568" />
  <memory-cardclean objects="1776" bytes="125904" />
  <regions eden="37" other="5" />
  <remembered-set-cleared processed="1318" cleared="850" durationms="0.315" />
  <finalization candidates="1" enqueued="0" />
  <references type="soft" candidates="25" cleared="0" enqueued="0" dynamicThreshold="25" maxThreshold="32" />
  <references type="weak" candidates="95" cleared="0" enqueued="0" />
  <references type="phantom" candidates="30" cleared="0" enqueued="0" />
  <stringconstants candidates="16403" cleared="0"  />
</gc-op>
<gc-op id="4883" type="classunload" timems="0.018" contextid="4879" timestamp="2019-08-11T05:39:49.732">
  <classunload-info classloadercandidates="69" classloadersunloaded="0" classesunloaded="0" anonymousclassesunloaded="0" quiescems="0.000" setupms="0.017" scanms="0.000" postms="0.000" />
</gc-op>
<heap-resize id="4884" type="contract" space="default" amount="14680064" count="1" timems="1.755" reason="excess free space following gc" timestamp="2019-08-11T05:39:49.733" />
<gc-end id="4885" type="partial gc" contextid="4879" durationms="87.994" usertimems="95.765" systemtimems="64.959" timestamp="2019-08-11T05:39:49.734" activeThreads="16">
  <mem-info id="4886" free="207618048" total="264241152" percent="78">
    <mem type="eden" free="144200" total="4194304" percent="3" />
    <remembered-set count="9280" freebytes="11113600" totalbytes="11150720" percent="99" regionsoverflowed="0" regionsstable="10" regionsrebuilding="0"/>
  </mem-info>
</gc-end>
<cycle-end id="4887" type="partial gc" contextid="4879" timestamp="2019-08-11T05:39:49.734" />
  <attribute name="elasticGC enabled" value="1" />
  <attribute name= "numThreadsSpecified" value="16" />
  <attribute name="heapSize specified" value="0" />
  <attribute name="Current GC Util" value="45" />
  <attribute name= "Current Time Running" value="171533" />
  <attribute name ="GC Interval" value="0" />
  <attribute name="ProportionalT" value="-17.500000" />
  <attribute name="ProportionalI" value="-17.500000" />
  <attribute name="ProportionalH" value="-17.500000" />
  <attribute name="Current Error" value="-35.000000" />
  <attribute name="IntegralT" value="-35.000000" />
  <attribute name="IntegralI" value="-35.000000" />
  <attribute name="IntegralH" value="-35.000000" />
  <attribute name="DerivativeT" value="-17.500000" />
  <attribute name="DerivativeI" value="-17.500000" />
  <attribute name="DerivativeH" value="-17.500000" />
  <attribute name="Loop Time for DT" value="2.000000" />
  <attribute name="Output H" value="4202627072"/>
  <attribute name="Output I" value="200"/>
  <attribute name="Output T" value="16"/>
  <attribute name="Target GC Util Change" value ="80.000000" />
  <attribute name="Current GC Util Change" value="45.000000"/>
  <attribute name="GC Util currently" value="45" />
  <attribute name="CPU Util currently" value="609971299949" />
<exclusive-end id="4888" timestamp="2019-08-11T05:39:49.734" durationms="89.398" />

<exclusive-start id="4889" timestamp="2019-08-11T05:39:49.798" intervalms="153.677">
  <response-info timems="2.562" idlems="2.562" threads="0" lastid="0000000002685700" lastname="Thread-51" />
</exclusive-start>
<allocation-taxation id="4890" taxation-threshold="73400320" timestamp="2019-08-11T05:39:49.798" intervalms="153.692" />
<cycle-start id="4891" type="partial gc" contextid="0" timestamp="2019-08-11T05:39:49.798" intervalms="153.644" />
<gc-start id="4892" type="partial gc" contextid="4891" timestamp="2019-08-11T05:39:49.799">
  <mem-info id="4893" free="134217728" total="264241152" percent="50">
    <mem type="eden" free="0" total="73400320" percent="0" />
    <remembered-set count="9120" freebytes="11114240" totalbytes="11150720" percent="99" regionsoverflowed="0" regionsstable="10" regionsrebuilding="0"/>
  </mem-info>
</gc-start>
<allocation-stats totalBytes="73234232" >
  <allocated-bytes non-tlh="73752" tlh="73160480" arrayletleaf="0"/>
  <largest-consumer threadName="Thread-42" threadId="00000000026C1A00" bytes="9396192" />
</allocation-stats>
<gc-op id="4894" type="copy forward" timems="155.467" contextid="4891" timestamp="2019-08-11T05:39:49.958">
  <memory-copied type="eden" objects="8957" bytes="3660328" bytesdiscarded="557528" />
  <memory-copied type="other" objects="26101" bytes="997520" bytesdiscarded="96384" />
  <memory-cardclean objects="796" bytes="99184" />
  <regions eden="35" other="4" />
  <remembered-set-cleared processed="1373" cleared="832" durationms="0.461" />
  <finalization candidates="1" enqueued="0" />
  <references type="soft" candidates="25" cleared="0" enqueued="0" dynamicThreshold="25" maxThreshold="32" />
  <references type="weak" candidates="95" cleared="0" enqueued="0" />
  <references type="phantom" candidates="30" cleared="0" enqueued="0" />
  <stringconstants candidates="16403" cleared="0"  />
</gc-op>
<gc-op id="4895" type="classunload" timems="0.011" contextid="4891" timestamp="2019-08-11T05:39:49.958">
  <classunload-info classloadercandidates="69" classloadersunloaded="0" classesunloaded="0" anonymousclassesunloaded="0" quiescems="0.000" setupms="0.011" scanms="0.000" postms="0.000" />
</gc-op>
<heap-resize id="4896" type="contract" space="default" amount="14680064" count="1" timems="1.642" reason="excess free space following gc" timestamp="2019-08-11T05:39:49.960" />
<gc-end id="4897" type="partial gc" contextid="4891" durationms="161.158" usertimems="127.370" systemtimems="98.149" timestamp="2019-08-11T05:39:49.960" activeThreads="16">
  <mem-info id="4898" free="188743680" total="249561088" percent="75">
    <mem type="eden" free="2073312" total="6291456" percent="32" />
    <remembered-set count="8864" freebytes="10528384" totalbytes="10563840" percent="99" regionsoverflowed="0" regionsstable="10" regionsrebuilding="0"/>
  </mem-info>
</gc-end>
<cycle-end id="4899" type="partial gc" contextid="4891" timestamp="2019-08-11T05:39:49.960" />
  <attribute name="elasticGC enabled" value="1" />
  <attribute name= "numThreadsSpecified" value="16" />
  <attribute name="heapSize specified" value="0" />
  <attribute name="Current GC Util" value="160" />
  <attribute name= "Current Time Running" value="171687" />
  <attribute name ="GC Interval" value="0" />
  <attribute name="ProportionalT" value="40.000000" />
  <attribute name="ProportionalI" value="40.000000" />
  <attribute name="ProportionalH" value="40.000000" />
  <attribute name="Current Error" value="80.000000" />
  <attribute name="IntegralT" value="120.000000" />
  <attribute name="IntegralI" value="120.000000" />
  <attribute name="IntegralH" value="120.000000" />
  <attribute name="DerivativeT" value="26.666667" />
  <attribute name="DerivativeI" value="26.666667" />
  <attribute name="DerivativeH" value="26.666667" />
  <attribute name="Loop Time for DT" value="3.000000" />
  <attribute name="Output H" value="8388608"/>
  <attribute name="Output I" value="200"/>
  <attribute name="Output T" value="16"/>
  <attribute name="Target GC Util Change" value ="80.000000" />
  <attribute name="Current GC Util Change" value="160.000000"/>
  <attribute name="GC Util currently" value="160" />
  <attribute name="CPU Util currently" value="374118754918" />
<exclusive-end id="4900" timestamp="2019-08-11T05:39:49.960" durationms="161.930" />

<exclusive-start id="4901" timestamp="2019-08-11T05:39:50.215" intervalms="417.167">
  <response-info timems="17.899" idlems="17.899" threads="0" lastid="0000000002685700" lastname="Thread-51" />
</exclusive-start>
<allocation-taxation id="4902" taxation-threshold="69206016" timestamp="2019-08-11T05:39:50.215" intervalms="417.163" />
<cycle-start id="4903" type="partial gc" contextid="0" timestamp="2019-08-11T05:39:50.215" intervalms="417.177" />
<gc-start id="4904" type="partial gc" contextid="4903" timestamp="2019-08-11T05:39:50.216">
  <mem-info id="4905" free="119537664" total="249561088" percent="47">
    <mem type="eden" free="0" total="69206016" percent="0" />
    <remembered-set count="8832" freebytes="10528512" totalbytes="10563840" percent="99" regionsoverflowed="0" regionsstable="10" regionsrebuilding="0"/>
  </mem-info>
</gc-start>
<allocation-stats totalBytes="69087144" >
  <allocated-bytes non-tlh="98336" tlh="68988808" arrayletleaf="0"/>
  <largest-consumer threadName="Thread-45" threadId="00000000026CCE00" bytes="7107280" />
</allocation-stats>
<gc-op id="4906" type="copy forward" timems="129.447" contextid="4903" timestamp="2019-08-11T05:39:50.348">
  <memory-copied type="eden" objects="9603" bytes="3784904" bytesdiscarded="778976" />
  <memory-copied type="other" objects="25971" bytes="994200" bytesdiscarded="62408" />
  <memory-cardclean objects="1419" bytes="116248" />
  <regions eden="33" other="5" />
  <remembered-set-cleared processed="1118" cleared="627" durationms="0.135" />
  <finalization candidates="1" enqueued="0" />
  <references type="soft" candidates="25" cleared="0" enqueued="0" dynamicThreshold="24" maxThreshold="32" />
  <references type="weak" candidates="95" cleared="0" enqueued="0" />
  <references type="phantom" candidates="29" cleared="0" enqueued="0" />
  <stringconstants candidates="16403" cleared="0"  />
</gc-op>
<gc-op id="4907" type="classunload" timems="0.017" contextid="4903" timestamp="2019-08-11T05:39:50.348">
  <classunload-info classloadercandidates="69" classloadersunloaded="0" classesunloaded="0" anonymousclassesunloaded="0" quiescems="0.000" setupms="0.017" scanms="0.000" postms="0.000" />
</gc-op>
<heap-resize id="4908" type="contract" space="default" amount="12582912" count="1" timems="0.553" reason="excess free space following gc" timestamp="2019-08-11T05:39:50.348" />
<gc-end id="4909" type="partial gc" contextid="4903" durationms="132.800" usertimems="49.106" systemtimems="53.512" timestamp="2019-08-11T05:39:50.349" activeThreads="16">
  <mem-info id="4910" free="176160768" total="236978176" percent="74">
    <mem type="eden" free="1727296" total="6291456" percent="27" />
    <remembered-set count="10208" freebytes="9936128" totalbytes="9976960" percent="99" regionsoverflowed="0" regionsstable="10" regionsrebuilding="0"/>
  </mem-info>
</gc-end>
<cycle-end id="4911" type="partial gc" contextid="4903" timestamp="2019-08-11T05:39:50.349" />
  <attribute name="elasticGC enabled" value="1" />
  <attribute name= "numThreadsSpecified" value="16" />
  <attribute name="heapSize specified" value="0" />
  <attribute name="Current GC Util" value="40" />
  <attribute name= "Current Time Running" value="172103" />
  <attribute name ="GC Interval" value="0" />
  <attribute name="ProportionalT" value="-20.000000" />
  <attribute name="ProportionalI" value="-20.000000" />
  <attribute name="ProportionalH" value="-20.000000" />
  <attribute name="Current Error" value="-40.000000" />
  <attribute name="IntegralT" value="-40.000000" />
  <attribute name="IntegralI" value="-40.000000" />
  <attribute name="IntegralH" value="-40.000000" />
  <attribute name="DerivativeT" value="-20.000000" />
  <attribute name="DerivativeI" value="-20.000000" />
  <attribute name="DerivativeH" value="-20.000000" />
  <attribute name="Loop Time for DT" value="2.000000" />
  <attribute name="Output H" value="4202627072"/>
  <attribute name="Output I" value="200"/>
  <attribute name="Output T" value="16"/>
  <attribute name="Target GC Util Change" value ="80.000000" />
  <attribute name="Current GC Util Change" value="40.000000"/>
  <attribute name="GC Util currently" value="40" />
  <attribute name="CPU Util currently" value="603371676076" />
<exclusive-end id="4912" timestamp="2019-08-11T05:39:50.349" durationms="133.521" />

<exclusive-start id="4913" timestamp="2019-08-11T05:39:50.431" intervalms="215.944">
  <response-info timems="2.338" idlems="2.315" threads="1" lastid="00000000026DBD00" lastname="Thread-44" />
</exclusive-start>
<allocation-taxation id="4914" taxation-threshold="67108864" timestamp="2019-08-11T05:39:50.431" intervalms="215.942" />
<cycle-start id="4915" type="partial gc" contextid="0" timestamp="2019-08-11T05:39:50.432" intervalms="216.947" />
<gc-start id="4916" type="partial gc" contextid="4915" timestamp="2019-08-11T05:39:50.433">
  <mem-info id="4917" free="109051904" total="236978176" percent="46">
    <mem type="eden" free="0" total="67108864" percent="0" />
    <remembered-set count="9856" freebytes="9937536" totalbytes="9976960" percent="99" regionsoverflowed="0" regionsstable="10" regionsrebuilding="0"/>
  </mem-info>
</gc-start>
<allocation-stats totalBytes="66870992" >
  <allocated-bytes non-tlh="81944" tlh="66789048" arrayletleaf="0"/>
  <largest-consumer threadName="Thread-42" threadId="00000000026C1A00" bytes="10384168" />
</allocation-stats>
<gc-op id="4918" type="copy forward" timems="41.192" contextid="4915" timestamp="2019-08-11T05:39:50.476">
  <memory-copied type="eden" objects="9758" bytes="3798872" bytesdiscarded="517360" />
  <memory-copied type="other" objects="26469" bytes="1296608" bytesdiscarded="110312" />
  <memory-cardclean objects="799" bytes="99920" />
  <regions eden="32" other="5" />
  <remembered-set-cleared processed="1323" cleared="781" durationms="0.170" />
  <finalization candidates="1" enqueued="0" />
  <references type="soft" candidates="25" cleared="0" enqueued="0" dynamicThreshold="23" maxThreshold="32" />
  <references type="weak" candidates="95" cleared="0" enqueued="0" />
  <references type="phantom" candidates="28" cleared="0" enqueued="0" />
  <stringconstants candidates="16403" cleared="0"  />
</gc-op>
<gc-op id="4919" type="classunload" timems="0.018" contextid="4915" timestamp="2019-08-11T05:39:50.476">
  <classunload-info classloadercandidates="69" classloadersunloaded="0" classesunloaded="0" anonymousclassesunloaded="0" quiescems="0.000" setupms="0.018" scanms="0.000" postms="0.000" />
</gc-op>
<heap-resize id="4920" type="contract" space="default" amount="12582912" count="1" timems="0.740" reason="excess free space following gc" timestamp="2019-08-11T05:39:50.477" />
<gc-end id="4921" type="partial gc" contextid="4915" durationms="44.401" usertimems="50.698" systemtimems="12.261" timestamp="2019-08-11T05:39:50.477" activeThreads="16">
  <mem-info id="4922" free="161480704" total="224395264" percent="71">
    <mem type="eden" free="1974968" total="6291456" percent="31" />
    <remembered-set count="10368" freebytes="9432448" totalbytes="9473920" percent="99" regionsoverflowed="0" regionsstable="10" regionsrebuilding="0"/>
  </mem-info>
</gc-end>
<cycle-end id="4923" type="partial gc" contextid="4915" timestamp="2019-08-11T05:39:50.478" />
  <attribute name="elasticGC enabled" value="1" />
  <attribute name= "numThreadsSpecified" value="16" />
  <attribute name="heapSize specified" value="0" />
  <attribute name="Current GC Util" value="43" />
  <attribute name= "Current Time Running" value="172320" />
  <attribute name ="GC Interval" value="0" />
  <attribute name="ProportionalT" value="-18.500000" />
  <attribute name="ProportionalI" value="-18.500000" />
  <attribute name="ProportionalH" value="-18.500000" />
  <attribute name="Current Error" value="-37.000000" />
  <attribute name="IntegralT" value="-37.000000" />
  <attribute name="IntegralI" value="-37.000000" />
  <attribute name="IntegralH" value="-37.000000" />
  <attribute name="DerivativeT" value="-18.500000" />
  <attribute name="DerivativeI" value="-18.500000" />
  <attribute name="DerivativeH" value="-18.500000" />
  <attribute name="Loop Time for DT" value="2.000000" />
  <attribute name="Output H" value="4202627072"/>
  <attribute name="Output I" value="200"/>
  <attribute name="Output T" value="16"/>
  <attribute name="Target GC Util Change" value ="80.000000" />
  <attribute name="Current GC Util Change" value="43.000000"/>
  <attribute name="GC Util currently" value="43" />
  <attribute name="CPU Util currently" value="630985751976" />
<exclusive-end id="4924" timestamp="2019-08-11T05:39:50.478" durationms="46.706" />

<exclusive-start id="4925" timestamp="2019-08-11T05:39:50.636" intervalms="204.667">
  <response-info timems="4.656" idlems="4.656" threads="0" lastid="00000000026CCE00" lastname="Thread-45" />
</exclusive-start>
<allocation-taxation id="4926" taxation-threshold="62914560" timestamp="2019-08-11T05:39:50.636" intervalms="204.671" />
<cycle-start id="4927" type="partial gc" contextid="0" timestamp="2019-08-11T05:39:50.636" intervalms="203.651" />
<gc-start id="4928" type="partial gc" contextid="4927" timestamp="2019-08-11T05:39:50.636">
  <mem-info id="4929" free="98566144" total="224395264" percent="43">
    <mem type="eden" free="0" total="62914560" percent="0" />
    <remembered-set count="10080" freebytes="9433600" totalbytes="9473920" percent="99" regionsoverflowed="0" regionsstable="10" regionsrebuilding="0"/>
  </mem-info>
</gc-start>
<allocation-stats totalBytes="62761944" >
  <allocated-bytes non-tlh="65560" tlh="62696384" arrayletleaf="0"/>
  <largest-consumer threadName="Thread-50" threadId="000000000269BF00" bytes="7702592" />
</allocation-stats>
<gc-op id="4930" type="copy forward" timems="12.934" contextid="4927" timestamp="2019-08-11T05:39:50.651">
  <memory-copied type="eden" objects="10006" bytes="3984608" bytesdiscarded="816608" />
  <memory-copied type="other" objects="25766" bytes="1005088" bytesdiscarded="69856" />
  <memory-cardclean objects="782" bytes="98696" />
  <regions eden="30" other="5" />
  <remembered-set-cleared processed="1465" cleared="920" durationms="0.112" />
  <finalization candidates="1" enqueued="0" />
  <references type="soft" candidates="25" cleared="0" enqueued="0" dynamicThreshold="23" maxThreshold="32" />
  <references type="weak" candidates="96" cleared="0" enqueued="0" />
  <references type="phantom" candidates="28" cleared="0" enqueued="0" />
  <stringconstants candidates="16403" cleared="0"  />
</gc-op>
<gc-op id="4931" type="classunload" timems="0.012" contextid="4927" timestamp="2019-08-11T05:39:50.651">
  <classunload-info classloadercandidates="69" classloadersunloaded="0" classesunloaded="0" anonymousclassesunloaded="0" quiescems="0.000" setupms="0.012" scanms="0.000" postms="0.000" />
</gc-op>
<heap-resize id="4932" type="contract" space="default" amount="12582912" count="1" timems="0.997" reason="excess free space following gc" timestamp="2019-08-11T05:39:50.652" />
<gc-end id="4933" type="partial gc" contextid="4927" durationms="15.974" usertimems="48.762" systemtimems="12.757" timestamp="2019-08-11T05:39:50.652" activeThreads="16">
  <mem-info id="4934" free="146800640" total="211812352" percent="69">
    <mem type="eden" free="1489976" total="6291456" percent="23" />
    <remembered-set count="9344" freebytes="8933504" totalbytes="8970880" percent="99" regionsoverflowed="0" regionsstable="10" regionsrebuilding="0"/>
  </mem-info>
</gc-end>
<cycle-end id="4935" type="partial gc" contextid="4927" timestamp="2019-08-11T05:39:50.652" />
  <attribute name="elasticGC enabled" value="1" />
  <attribute name= "numThreadsSpecified" value="16" />
  <attribute name="heapSize specified" value="0" />
  <attribute name="Current GC Util" value="58" />
  <attribute name= "Current Time Running" value="172523" />
  <attribute name ="GC Interval" value="0" />
  <attribute name="ProportionalT" value="-11.000000" />
  <attribute name="ProportionalI" value="-11.000000" />
  <attribute name="ProportionalH" value="-11.000000" />
  <attribute name="Current Error" value="-22.000000" />
  <attribute name="IntegralT" value="-22.000000" />
  <attribute name="IntegralI" value="-22.000000" />
  <attribute name="IntegralH" value="-22.000000" />
  <attribute name="DerivativeT" value="-11.000000" />
  <attribute name="DerivativeI" value="-11.000000" />
  <attribute name="DerivativeH" value="-11.000000" />
  <attribute name="Loop Time for DT" value="2.000000" />
  <attribute name="Output H" value="4202627072"/>
  <attribute name="Output I" value="200"/>
  <attribute name="Output T" value="16"/>
  <attribute name="Target GC Util Change" value ="80.000000" />
  <attribute name="Current GC Util Change" value="58.000000"/>
  <attribute name="GC Util currently" value="58" />
  <attribute name="CPU Util currently" value="775725073866" />
<exclusive-end id="4936" timestamp="2019-08-11T05:39:50.653" durationms="16.652" />

<exclusive-start id="4937" timestamp="2019-08-11T05:39:50.744" intervalms="108.249">
  <response-info timems="7.650" idlems="7.650" threads="0" lastid="0000000002685700" lastname="Thread-51" />
</exclusive-start>
<allocation-taxation id="4938" taxation-threshold="60817408" timestamp="2019-08-11T05:39:50.744" intervalms="108.231" />
<cycle-start id="4939" type="partial gc" contextid="0" timestamp="2019-08-11T05:39:50.744" intervalms="108.193" />
<gc-start id="4940" type="partial gc" contextid="4939" timestamp="2019-08-11T05:39:50.744">
  <mem-info id="4941" free="85983232" total="211812352" percent="40">
    <mem type="eden" free="0" total="60817408" percent="0" />
    <remembered-set count="9120" freebytes="8934400" totalbytes="8970880" percent="99" regionsoverflowed="0" regionsstable="10" regionsrebuilding="0"/>
  </mem-info>
</gc-start>
<allocation-stats totalBytes="60722040" >
  <allocated-bytes non-tlh="16392" tlh="60705648" arrayletleaf="0"/>
  <largest-consumer threadName="Thread-37" threadId="00000000026E7100" bytes="5917048" />
</allocation-stats>
<gc-op id="4942" type="copy forward" timems="14.561" contextid="4939" timestamp="2019-08-11T05:39:50.761">
  <memory-copied type="eden" objects="9814" bytes="3768456" bytesdiscarded="383184" />
  <memory-copied type="other" objects="25623" bytes="986248" bytesdiscarded="93528" />
  <memory-cardclean objects="795" bytes="99960" />
  <regions eden="29" other="4" />
  <remembered-set-cleared processed="1520" cleared="975" durationms="0.122" />
  <finalization candidates="1" enqueued="0" />
  <references type="soft" candidates="25" cleared="0" enqueued="0" dynamicThreshold="22" maxThreshold="32" />
  <references type="weak" candidates="95" cleared="0" enqueued="0" />
  <references type="phantom" candidates="30" cleared="0" enqueued="0" />
  <stringconstants candidates="16403" cleared="0"  />
</gc-op>
<gc-op id="4943" type="classunload" timems="0.011" contextid="4939" timestamp="2019-08-11T05:39:50.761">
  <classunload-info classloadercandidates="69" classloadersunloaded="0" classesunloaded="0" anonymousclassesunloaded="0" quiescems="0.000" setupms="0.011" scanms="0.000" postms="0.000" />
</gc-op>
<heap-resize id="4944" type="contract" space="default" amount="12582912" count="1" timems="0.860" reason="excess free space following gc" timestamp="2019-08-11T05:39:50.762" />
<gc-end id="4945" type="partial gc" contextid="4939" durationms="17.181" usertimems="42.342" systemtimems="11.619" timestamp="2019-08-11T05:39:50.762" activeThreads="16">
  <mem-info id="4946" free="134217728" total="199229440" percent="67">
    <mem type="eden" free="42376" total="4194304" percent="1" />
    <remembered-set count="9888" freebytes="8428288" totalbytes="8467840" percent="99" regionsoverflowed="0" regionsstable="10" regionsrebuilding="0"/>
  </mem-info>
</gc-end>
<cycle-end id="4947" type="partial gc" contextid="4939" timestamp="2019-08-11T05:39:50.762" />
  <attribute name="elasticGC enabled" value="1" />
  <attribute name= "numThreadsSpecified" value="16" />
  <attribute name="heapSize specified" value="0" />
  <attribute name="Current GC Util" value="60" />
  <attribute name= "Current Time Running" value="172631" />
  <attribute name ="GC Interval" value="0" />
  <attribute name="ProportionalT" value="-10.000000" />
  <attribute name="ProportionalI" value="-10.000000" />
  <attribute name="ProportionalH" value="-10.000000" />
  <attribute name="Current Error" value="-20.000000" />
  <attribute name="IntegralT" value="-10.000000" />
  <attribute name="IntegralI" value="-10.000000" />
  <attribute name="IntegralH" value="-10.000000" />
  <attribute name="DerivativeT" value="-20.000000" />
  <attribute name="DerivativeI" value="-20.000000" />
  <attribute name="DerivativeH" value="-20.000000" />
  <attribute name="Loop Time for DT" value="1.000000" />
  <attribute name="Output H" value="4202627072"/>
  <attribute name="Output I" value="200"/>
  <attribute name="Output T" value="16"/>
  <attribute name="Target GC Util Change" value ="80.000000" />
  <attribute name="Current GC Util Change" value="60.000000"/>
  <attribute name="GC Util currently" value="60" />
  <attribute name="CPU Util currently" value="919987831702" />
<exclusive-end id="4948" timestamp="2019-08-11T05:39:50.762" durationms="17.633" />

<exclusive-start id="4949" timestamp="2019-08-11T05:39:50.790" intervalms="45.949">
  <response-info timems="1.773" idlems="0.901" threads="1" lastid="00000000026A7200" lastname="Thread-52" />
</exclusive-start>
<allocation-taxation id="4950" taxation-threshold="27262976" timestamp="2019-08-11T05:39:50.790" intervalms="45.991" />
<cycle-start id="4951" type="global mark phase" contextid="0" timestamp="2019-08-11T05:39:50.790" intervalms="23903.878" />
<gc-start id="4952" type="global mark phase" contextid="4951" timestamp="2019-08-11T05:39:50.790">
  <mem-info id="4953" free="106954752" total="199229440" percent="53">
    <remembered-set count="9824" freebytes="8428544" totalbytes="8467840" percent="99" regionsoverflowed="0" regionsstable="10" regionsrebuilding="0"/>
  </mem-info>
</gc-start>
<gc-op id="4954" type="mark increment" timems="18.176" contextid="4951" timestamp="2019-08-11T05:39:50.808">
  <trace-info objectcount="671390" scancount="577659" scanbytes="16857104" />
</gc-op>
<gc-end id="4955" type="global mark phase" contextid="4951" durationms="18.231" usertimems="90.854" systemtimems="2.138" timestamp="2019-08-11T05:39:50.809" activeThreads="16">
  <mem-info id="4956" free="106954752" total="199229440" percent="53">
    <remembered-set count="137312" freebytes="7918592" totalbytes="8467840" percent="93" regionsoverflowed="0" regionsstable="0" regionsrebuilding="10"/>
  </mem-info>
</gc-end>
<exclusive-end id="4957" timestamp="2019-08-11T05:39:50.809" durationms="18.689" />

<exclusive-start id="4958" timestamp="2019-08-11T05:39:50.885" intervalms="94.460">
  <response-info timems="5.388" idlems="5.388" threads="0" lastid="00000000026BDE00" lastname="Thread-43" />
</exclusive-start>
<allocation-taxation id="4959" taxation-threshold="27262976" timestamp="2019-08-11T05:39:50.885" intervalms="94.426" />
<cycle-start id="4960" type="partial gc" contextid="0" timestamp="2019-08-11T05:39:50.885" intervalms="140.492" />
<gc-start id="4961" type="partial gc" contextid="4960" timestamp="2019-08-11T05:39:50.885">
  <mem-info id="4962" free="79691776" total="199229440" percent="40">
    <mem type="eden" free="0" total="54525952" percent="0" />
    <remembered-set count="137056" freebytes="7919616" totalbytes="8467840" percent="93" regionsoverflowed="0" regionsstable="0" regionsrebuilding="10"/>
  </mem-info>
</gc-start>
<allocation-stats totalBytes="54190064" >
  <allocated-bytes non-tlh="180280" tlh="54009784" arrayletleaf="0"/>
  <largest-consumer threadName="Thread-45" threadId="00000000026CCE00" bytes="3541984" />
</allocation-stats>
<gc-op id="4963" type="copy forward" timems="11.540" contextid="4960" timestamp="2019-08-11T05:39:50.898">
  <memory-copied type="eden" objects="10103" bytes="4074616" bytesdiscarded="322320" />
  <memory-copied type="other" objects="25530" bytes="984592" bytesdiscarded="63416" />
  <memory-cardclean objects="11700" bytes="604976" />
  <regions eden="26" other="3" />
  <remembered-set-cleared processed="124889" cleared="7752" durationms="0.993" />
  <finalization candidates="1" enqueued="0" />
  <references type="soft" candidates="25" cleared="0" enqueued="0" dynamicThreshold="17" maxThreshold="32" />
  <references type="weak" candidates="95" cleared="0" enqueued="0" />
  <references type="phantom" candidates="26" cleared="0" enqueued="0" />
  <stringconstants candidates="16403" cleared="0"  />
</gc-op>
<gc-op id="4964" type="classunload" timems="0.012" contextid="4960" timestamp="2019-08-11T05:39:50.898">
  <classunload-info classloadercandidates="69" classloadersunloaded="0" classesunloaded="0" anonymousclassesunloaded="0" quiescems="0.000" setupms="0.011" scanms="0.000" postms="0.000" />
</gc-op>
<gc-end id="4965" type="partial gc" contextid="4960" durationms="13.380" usertimems="31.637" systemtimems="7.122" timestamp="2019-08-11T05:39:50.899" activeThreads="16">
  <mem-info id="4966" free="119537664" total="199229440" percent="60">
    <mem type="eden" free="12380024" total="16777216" percent="73" />
    <remembered-set count="132512" freebytes="7434752" totalbytes="7964800" percent="93" regionsoverflowed="0" regionsstable="0" regionsrebuilding="10"/>
  </mem-info>
</gc-end>
<cycle-end id="4967" type="partial gc" contextid="4960" timestamp="2019-08-11T05:39:50.899" />
  <attribute name="elasticGC enabled" value="1" />
  <attribute name= "numThreadsSpecified" value="16" />
  <attribute name="heapSize specified" value="0" />
  <attribute name="Current GC Util" value="0" />
  <attribute name= "Current Time Running" value="172772" />
  <attribute name ="GC Interval" value="0" />
  <attribute name="ProportionalT" value="-40.000000" />
  <attribute name="ProportionalI" value="-40.000000" />
  <attribute name="ProportionalH" value="-40.000000" />
  <attribute name="Current Error" value="-80.000000" />
  <attribute name="IntegralT" value="-80.000000" />
  <attribute name="IntegralI" value="-80.000000" />
  <attribute name="IntegralH" value="-80.000000" />
  <attribute name="DerivativeT" value="-40.000000" />
  <attribute name="DerivativeI" value="-40.000000" />
  <attribute name="DerivativeH" value="-40.000000" />
  <attribute name="Loop Time for DT" value="2.000000" />
  <attribute name="Output H" value="4202627072"/>
  <attribute name="Output I" value="200"/>
  <attribute name="Output T" value="16"/>
  <attribute name="Target GC Util Change" value ="80.000000" />
  <attribute name="Current GC Util Change" value="0.000000"/>
  <attribute name="GC Util currently" value="0" />
  <attribute name="CPU Util currently" value="847865989775" />
<exclusive-end id="4968" timestamp="2019-08-11T05:39:50.899" durationms="14.162" />

<exclusive-start id="4969" timestamp="2019-08-11T05:39:50.997" intervalms="112.070">
  <response-info timems="1.359" idlems="1.359" threads="0" lastid="0000000002690B00" lastname="Thread-48" />
</exclusive-start>
<allocation-taxation id="4970" taxation-threshold="27262976" timestamp="2019-08-11T05:39:50.997" intervalms="112.095" />
<gc-start id="4971" type="global mark phase" contextid="4951" timestamp="2019-08-11T05:39:50.997">
  <mem-info id="4972" free="92274688" total="199229440" percent="46">
    <remembered-set count="132384" freebytes="7435264" totalbytes="7964800" percent="93" regionsoverflowed="0" regionsstable="0" regionsrebuilding="10"/>
  </mem-info>
</gc-start>
<gc-op id="4973" type="mark increment" timems="10.418" contextid="4951" timestamp="2019-08-11T05:39:51.007">
  <trace-info objectcount="9599" scancount="7730" scanbytes="1707384" />
  <cardclean-info objects="23709" bytes="861216" />
  <finalization candidates="154" enqueued="0" />
  <ownableSynchronizers candidates="24" cleared="2" />
  <references type="soft" candidates="4054" cleared="0" enqueued="0" dynamicThreshold="19" maxThreshold="32" />
  <references type="weak" candidates="6329" cleared="21" enqueued="20" />
  <references type="phantom" candidates="899" cleared="0" enqueued="0" />
  <stringconstants candidates="16403" cleared="0"  />
</gc-op>
<gc-op id="4974" type="classunload" timems="0.012" contextid="4951" timestamp="2019-08-11T05:39:51.007">
  <classunload-info classloadercandidates="69" classloadersunloaded="0" classesunloaded="0" anonymousclassesunloaded="0" quiescems="0.000" setupms="0.011" scanms="0.000" postms="0.000" />
</gc-op>
<gc-end id="4975" type="global mark phase" contextid="4951" durationms="10.542" usertimems="19.430" systemtimems="11.606" timestamp="2019-08-11T05:39:51.007" activeThreads="16">
  <mem-info id="4976" free="92274688" total="199229440" percent="46">
    <pending-finalizers system="0" default="0" reference="20" classloader="0" />
    <remembered-set count="139552" freebytes="7406592" totalbytes="7964800" percent="92" regionsoverflowed="0" regionsstable="0" regionsrebuilding="0"/>
  </mem-info>
</gc-end>
<cycle-end id="4977" type="global mark phase" contextid="4951" timestamp="2019-08-11T05:39:51.008" />
  <attribute name="elasticGC enabled" value="1" />
  <attribute name= "numThreadsSpecified" value="16" />
  <attribute name="heapSize specified" value="0" />
  <attribute name="Current GC Util" value="223" />
  <attribute name= "Current Time Running" value="172886" />
  <attribute name ="GC Interval" value="0" />
  <attribute name="ProportionalT" value="71.500000" />
  <attribute name="ProportionalI" value="71.500000" />
  <attribute name="ProportionalH" value="71.500000" />
  <attribute name="Current Error" value="143.000000" />
  <attribute name="IntegralT" value="214.500000" />
  <attribute name="IntegralI" value="214.500000" />
  <attribute name="IntegralH" value="214.500000" />
  <attribute name="DerivativeT" value="-28.333333" />
  <attribute name="DerivativeI" value="-28.333333" />
  <attribute name="DerivativeH" value="-28.333333" />
  <attribute name="Loop Time for DT" value="3.000000" />
  <attribute name="Output H" value="8388608"/>
  <attribute name="Output I" value="264"/>
  <attribute name="Output T" value="16"/>
  <attribute name="Target GC Util Change" value ="80.000000" />
  <attribute name="Current GC Util Change" value="223.000000"/>
  <attribute name="GC Util currently" value="223" />
  <attribute name="CPU Util currently" value="442768003213" />
<exclusive-end id="4978" timestamp="2019-08-11T05:39:51.008" durationms="11.292" />

<exclusive-start id="4979" timestamp="2019-08-11T05:39:51.028" intervalms="31.556">
  <response-info timems="0.261" idlems="0.167" threads="2" lastid="00000000026D8200" lastname="Thread-38" />
</exclusive-start>
<allocation-taxation id="4980" taxation-threshold="27262976" timestamp="2019-08-11T05:39:51.028" intervalms="31.523" />
<cycle-start id="4981" type="partial gc" contextid="0" timestamp="2019-08-11T05:39:51.028" intervalms="143.554" />
<gc-start id="4982" type="partial gc" contextid="4981" timestamp="2019-08-11T05:39:51.029">
  <mem-info id="4983" free="65011712" total="199229440" percent="32">
    <mem type="eden" free="0" total="54525952" percent="0" />
    <remembered-set count="10688" freebytes="7922048" totalbytes="7964800" percent="99" regionsoverflowed="0" regionsstable="10" regionsrebuilding="0"/>
  </mem-info>
</gc-start>
<allocation-stats totalBytes="54274568" >
  <allocated-bytes non-tlh="49176" tlh="54225392" arrayletleaf="0"/>
  <largest-consumer threadName="Thread-43" threadId="00000000026BDE00" bytes="2629936" />
</allocation-stats>
<gc-op id="4984" type="sweep" timems="5.212" contextid="4981" timestamp="2019-08-11T05:39:51.034" />
<gc-op id="4985" type="copy forward" timems="16.476" contextid="4981" timestamp="2019-08-11T05:39:51.052">
  <memory-copied type="eden" objects="8643" bytes="3419064" bytesdiscarded="559746" />
  <memory-copied type="other" objects="782" bytes="304256" bytesdiscarded="28574" />
  <memory-cardclean objects="3158" bytes="179584" />
  <regions eden="13" other="21" />
  <remembered-set-cleared processed="2055" cleared="1085" durationms="0.129" />
  <references type="phantom" candidates="4" cleared="0" enqueued="0" />
  <stringconstants candidates="16403" cleared="0"  />
</gc-op>
<gc-op id="4986" type="classunload" timems="0.012" contextid="4981" timestamp="2019-08-11T05:39:51.052">
  <classunload-info classloadercandidates="69" classloadersunloaded="0" classesunloaded="0" anonymousclassesunloaded="0" quiescems="0.000" setupms="0.012" scanms="0.000" postms="0.000" />
</gc-op>
<heap-resize id="4987" type="contract" space="default" amount="10485760" count="1" timems="0.814" reason="excess free space following gc" timestamp="2019-08-11T05:39:51.053" />
<gc-end id="4988" type="partial gc" contextid="4981" durationms="24.765" usertimems="64.722" systemtimems="17.924" timestamp="2019-08-11T05:39:51.053" activeThreads="16">
  <mem-info id="4989" free="119537664" total="188743680" percent="63">
    <mem type="eden" free="1980104" total="6291456" percent="31" />
    <remembered-set count="9152" freebytes="7928192" totalbytes="7964800" percent="99" regionsoverflowed="0" regionsstable="10" regionsrebuilding="0"/>
  </mem-info>
</gc-end>
<cycle-end id="4990" type="partial gc" contextid="4981" timestamp="2019-08-11T05:39:51.053" />
  <attribute name="elasticGC enabled" value="1" />
  <attribute name= "numThreadsSpecified" value="16" />
  <attribute name="heapSize specified" value="0" />
  <attribute name="Current GC Util" value="103" />
  <attribute name= "Current Time Running" value="172921" />
  <attribute name ="GC Interval" value="0" />
  <attribute name="ProportionalT" value="11.500000" />
  <attribute name="ProportionalI" value="11.500000" />
  <attribute name="ProportionalH" value="11.500000" />
  <attribute name="Current Error" value="23.000000" />
  <attribute name="IntegralT" value="23.000000" />
  <attribute name="IntegralI" value="23.000000" />
  <attribute name="IntegralH" value="23.000000" />
  <attribute name="DerivativeT" value="11.500000" />
  <attribute name="DerivativeI" value="11.500000" />
  <attribute name="DerivativeH" value="11.500000" />
  <attribute name="Loop Time for DT" value="2.000000" />
  <attribute name="Output H" value="8388608"/>
  <attribute name="Output I" value="200"/>
  <attribute name="Output T" value="16"/>
  <attribute name="Target GC Util Change" value ="80.000000" />
  <attribute name="Current GC Util Change" value="103.000000"/>
  <attribute name="GC Util currently" value="103" />
  <attribute name="CPU Util currently" value="972768545974" />
<exclusive-end id="4991" timestamp="2019-08-11T05:39:51.054" durationms="25.335" />

<exclusive-start id="4992" timestamp="2019-08-11T05:39:51.067" intervalms="38.904">
  <response-info timems="1.917" idlems="0.661" threads="2" lastid="0000000002689300" lastname="Thread-47" />
</exclusive-start>
<allocation-taxation id="4993" taxation-threshold="27262976" timestamp="2019-08-11T05:39:51.067" intervalms="38.904" />
<cycle-start id="4994" type="global mark phase" contextid="0" timestamp="2019-08-11T05:39:51.067" intervalms="276.926" />
<gc-start id="4995" type="global mark phase" contextid="4994" timestamp="2019-08-11T05:39:51.067">
  <mem-info id="4996" free="92274688" total="188743680" percent="48">
    <remembered-set count="9056" freebytes="7928576" totalbytes="7964800" percent="99" regionsoverflowed="0" regionsstable="10" regionsrebuilding="0"/>
  </mem-info>
</gc-start>
<gc-op id="4997" type="mark increment" timems="16.111" contextid="4994" timestamp="2019-08-11T05:39:51.083">
  <trace-info objectcount="657446" scancount="561942" scanbytes="16564172" />
</gc-op>
<gc-end id="4998" type="global mark phase" contextid="4994" durationms="16.172" usertimems="89.094" systemtimems="1.381" timestamp="2019-08-11T05:39:51.083" activeThreads="16">
  <mem-info id="4999" free="92274688" total="188743680" percent="48">
    <remembered-set count="132448" freebytes="7435008" totalbytes="7964800" percent="93" regionsoverflowed="0" regionsstable="0" regionsrebuilding="10"/>
  </mem-info>
</gc-end>
<concurrent-start id="5000" type="GMP work packet processing" contextid="4994" timestamp="2019-08-11T05:39:51.083">
  <concurrent-mark-start scanTarget="32888895" />
</concurrent-start>
<exclusive-end id="5001" timestamp="2019-08-11T05:39:51.084" durationms="16.568" />

<concurrent-end id="5002" type="GMP work packet processing" contextid="4994" timestamp="2019-08-11T05:39:51.101">
  <concurrent-mark-end bytesScanned="359248" reasonForTermination="Completed all work in GC phase" />
</concurrent-end>

<exclusive-start id="5003" timestamp="2019-08-11T05:39:51.108" intervalms="40.919">
  <response-info timems="1.923" idlems="0.874" threads="3" lastid="0000000002690B00" lastname="Thread-48" />
</exclusive-start>
<allocation-taxation id="5004" taxation-threshold="27262976" timestamp="2019-08-11T05:39:51.108" intervalms="40.939" />
<cycle-start id="5005" type="partial gc" contextid="0" timestamp="2019-08-11T05:39:51.108" intervalms="79.845" />
<gc-start id="5006" type="partial gc" contextid="5005" timestamp="2019-08-11T05:39:51.108">
  <mem-info id="5007" free="65011712" total="188743680" percent="34">
    <mem type="eden" free="0" total="54525952" percent="0" />
    <remembered-set count="132384" freebytes="7435264" totalbytes="7964800" percent="93" regionsoverflowed="0" regionsstable="0" regionsrebuilding="10"/>
  </mem-info>
</gc-start>
<allocation-stats totalBytes="54195592" >
  <allocated-bytes non-tlh="90144" tlh="54105448" arrayletleaf="0"/>
  <largest-consumer threadName="Thread-41" threadId="00000000026C5600" bytes="3452152" />
</allocation-stats>
<gc-op id="5008" type="copy forward" timems="22.383" contextid="5005" timestamp="2019-08-11T05:39:51.133">
  <memory-copied type="eden" objects="9346" bytes="3670264" bytesdiscarded="633376" />
  <memory-copied type="other" objects="17425" bytes="553168" bytesdiscarded="39152" />
  <memory-cardclean objects="173027" bytes="5688600" />
  <regions eden="26" other="6" />
  <remembered-set-cleared processed="80192" cleared="44984" durationms="0.692" />
  <references type="soft" candidates="291" cleared="0" enqueued="0" dynamicThreshold="15" maxThreshold="32" />
  <references type="weak" candidates="75" cleared="0" enqueued="0" />
  <references type="phantom" candidates="3" cleared="0" enqueued="0" />
  <stringconstants candidates="16403" cleared="0"  />
</gc-op>
<gc-op id="5009" type="classunload" timems="0.016" contextid="5005" timestamp="2019-08-11T05:39:51.133">
  <classunload-info classloadercandidates="69" classloadersunloaded="0" classesunloaded="0" anonymousclassesunloaded="0" quiescems="0.000" setupms="0.016" scanms="0.000" postms="0.000" />
</gc-op>
<heap-resize id="5010" type="contract" space="default" amount="4194304" count="1" timems="0.351" reason="excess free space following gc" timestamp="2019-08-11T05:39:51.134" />
<gc-end id="5011" type="partial gc" contextid="5005" durationms="25.726" usertimems="51.761" systemtimems="15.615" timestamp="2019-08-11T05:39:51.134" activeThreads="16">
  <mem-info id="5012" free="113246208" total="184549376" percent="61">
    <mem type="eden" free="1987536" total="6291456" percent="31" />
    <remembered-set count="76032" freebytes="7241472" totalbytes="7545600" percent="95" regionsoverflowed="0" regionsstable="0" regionsrebuilding="10"/>
  </mem-info>
</gc-end>
<cycle-end id="5013" type="partial gc" contextid="5005" timestamp="2019-08-11T05:39:51.134" />
  <attribute name="elasticGC enabled" value="1" />
  <attribute name= "numThreadsSpecified" value="16" />
  <attribute name="heapSize specified" value="0" />
  <attribute name="Current GC Util" value="183" />
  <attribute name= "Current Time Running" value="172996" />
  <attribute name ="GC Interval" value="0" />
  <attribute name="ProportionalT" value="51.500000" />
  <attribute name="ProportionalI" value="51.500000" />
  <attribute name="ProportionalH" value="51.500000" />
  <attribute name="Current Error" value="103.000000" />
  <attribute name="IntegralT" value="103.000000" />
  <attribute name="IntegralI" value="103.000000" />
  <attribute name="IntegralH" value="103.000000" />
  <attribute name="DerivativeT" value="51.500000" />
  <attribute name="DerivativeI" value="51.500000" />
  <attribute name="DerivativeH" value="51.500000" />
  <attribute name="Loop Time for DT" value="2.000000" />
  <attribute name="Output H" value="8388608"/>
  <attribute name="Output I" value="208"/>
  <attribute name="Output T" value="16"/>
  <attribute name="Target GC Util Change" value ="80.000000" />
  <attribute name="Current GC Util Change" value="183.000000"/>
  <attribute name="GC Util currently" value="183" />
  <attribute name="CPU Util currently" value="502034133992" />
<exclusive-end id="5014" timestamp="2019-08-11T05:39:51.134" durationms="26.439" />

<exclusive-start id="5015" timestamp="2019-08-11T05:39:51.148" intervalms="40.106">
  <response-info timems="0.389" idlems="0.389" threads="0" lastid="00000000026A7200" lastname="Thread-52" />
</exclusive-start>
<allocation-taxation id="5016" taxation-threshold="25165824" timestamp="2019-08-11T05:39:51.148" intervalms="40.098" />
<gc-start id="5017" type="global mark phase" contextid="4994" timestamp="2019-08-11T05:39:51.148">
  <mem-info id="5018" free="88080384" total="184549376" percent="47">
    <remembered-set count="75840" freebytes="7242240" totalbytes="7545600" percent="95" regionsoverflowed="0" regionsstable="0" regionsrebuilding="10"/>
  </mem-info>
</gc-start>
<gc-op id="5019" type="mark increment" timems="14.962" contextid="4994" timestamp="2019-08-11T05:39:51.163">
  <trace-info objectcount="8201" scancount="6630" scanbytes="1662248" />
  <cardclean-info objects="254354" bytes="7043056" />
  <finalization candidates="154" enqueued="0" />
  <ownableSynchronizers candidates="22" cleared="0" />
  <references type="soft" candidates="4054" cleared="3" enqueued="3" dynamicThreshold="19" maxThreshold="32" />
  <references type="weak" candidates="6309" cleared="0" enqueued="0" />
  <references type="phantom" candidates="903" cleared="0" enqueued="0" />
  <stringconstants candidates="16403" cleared="0"  />
</gc-op>
<gc-op id="5020" type="classunload" timems="0.017" contextid="4994" timestamp="2019-08-11T05:39:51.163">
  <classunload-info classloadercandidates="69" classloadersunloaded="0" classesunloaded="0" anonymousclassesunloaded="0" quiescems="0.000" setupms="0.016" scanms="0.000" postms="0.000" />
</gc-op>
<gc-end id="5021" type="global mark phase" contextid="4994" durationms="15.451" usertimems="42.634" systemtimems="6.835" timestamp="2019-08-11T05:39:51.164" activeThreads="16">
  <mem-info id="5022" free="88080384" total="184549376" percent="47">
    <pending-finalizers system="0" default="0" reference="3" classloader="0" />
    <remembered-set count="105536" freebytes="7123456" totalbytes="7545600" percent="94" regionsoverflowed="0" regionsstable="0" regionsrebuilding="0"/>
  </mem-info>
</gc-end>
<cycle-end id="5023" type="global mark phase" contextid="4994" timestamp="2019-08-11T05:39:51.164" />
  <attribute name="elasticGC enabled" value="1" />
  <attribute name= "numThreadsSpecified" value="16" />
  <attribute name="heapSize specified" value="0" />
  <attribute name="Current GC Util" value="199" />
  <attribute name= "Current Time Running" value="173041" />
  <attribute name ="GC Interval" value="0" />
  <attribute name="ProportionalT" value="59.500000" />
  <attribute name="ProportionalI" value="59.500000" />
  <attribute name="ProportionalH" value="59.500000" />
  <attribute name="Current Error" value="119.000000" />
  <attribute name="IntegralT" value="119.000000" />
  <attribute name="IntegralI" value="119.000000" />
  <attribute name="IntegralH" value="119.000000" />
  <attribute name="DerivativeT" value="-72.000000" />
  <attribute name="DerivativeI" value="-72.000000" />
  <attribute name="DerivativeH" value="-72.000000" />
  <attribute name="Loop Time for DT" value="2.000000" />
  <attribute name="Output H" value="8388608"/>
  <attribute name="Output I" value="200"/>
  <attribute name="Output T" value="16"/>
  <attribute name="Target GC Util Change" value ="80.000000" />
  <attribute name="Current GC Util Change" value="199.000000"/>
  <attribute name="GC Util currently" value="199" />
  <attribute name="CPU Util currently" value="604415516139" />
<exclusive-end id="5024" timestamp="2019-08-11T05:39:51.164" durationms="16.039" />

<exclusive-start id="5025" timestamp="2019-08-11T05:39:51.178" intervalms="30.163">
  <response-info timems="0.841" idlems="0.841" threads="0" lastid="00000000026E3500" lastname="Thread-46" />
</exclusive-start>
<allocation-taxation id="5026" taxation-threshold="25165824" timestamp="2019-08-11T05:39:51.178" intervalms="30.176" />
<cycle-start id="5027" type="partial gc" contextid="0" timestamp="2019-08-11T05:39:51.178" intervalms="70.317" />
<gc-start id="5028" type="partial gc" contextid="5027" timestamp="2019-08-11T05:39:51.179">
  <mem-info id="5029" free="62914560" total="184549376" percent="34">
    <mem type="eden" free="0" total="50331648" percent="0" />
    <remembered-set count="7072" freebytes="7517312" totalbytes="7545600" percent="99" regionsoverflowed="0" regionsstable="10" regionsrebuilding="0"/>
  </mem-info>
</gc-start>
<allocation-stats totalBytes="49925832" >
  <allocated-bytes non-tlh="0" tlh="49925832" arrayletleaf="0"/>
  <largest-consumer threadName="Thread-51" threadId="0000000002685700" bytes="4075024" />
</allocation-stats>
<gc-op id="5030" type="sweep" timems="3.321" contextid="5027" timestamp="2019-08-11T05:39:51.182" />
<gc-op id="5031" type="copy forward" timems="20.055" contextid="5027" timestamp="2019-08-11T05:39:51.205">
  <memory-copied type="eden" objects="8173" bytes="3242800" bytesdiscarded="427377" />
  <memory-copied type="other" objects="1683" bytes="699376" bytesdiscarded="104735" />
  <memory-cardclean objects="3591" bytes="157168" />
  <regions eden="12" other="16" />
  <remembered-set-cleared processed="1889" cleared="989" durationms="0.288" />
  <references type="phantom" candidates="5" cleared="0" enqueued="0" />
  <stringconstants candidates="16403" cleared="0"  />
</gc-op>
<gc-op id="5032" type="classunload" timems="0.012" contextid="5027" timestamp="2019-08-11T05:39:51.205">
  <classunload-info classloadercandidates="69" classloadersunloaded="0" classesunloaded="0" anonymousclassesunloaded="0" quiescems="0.000" setupms="0.012" scanms="0.000" postms="0.000" />
</gc-op>
<heap-resize id="5033" type="expand" space="default" amount="4194304" count="1" timems="0.058" reason="excessive time being spent in gc" timestamp="2019-08-11T05:39:51.206" />
<gc-end id="5034" type="partial gc" contextid="5027" durationms="27.058" usertimems="31.507" systemtimems="29.990" timestamp="2019-08-11T05:39:51.206" activeThreads="16">
  <mem-info id="5035" free="113246208" total="188743680" percent="60">
    <mem type="eden" free="3914992" total="8388608" percent="46" />
    <remembered-set count="11424" freebytes="7499904" totalbytes="7545600" percent="99" regionsoverflowed="0" regionsstable="10" regionsrebuilding="0"/>
  </mem-info>
</gc-end>
<cycle-end id="5036" type="partial gc" contextid="5027" timestamp="2019-08-11T05:39:51.206" />
  <attribute name="elasticGC enabled" value="1" />
  <attribute name= "numThreadsSpecified" value="16" />
  <attribute name="heapSize specified" value="0" />
  <attribute name="Current GC Util" value="152" />
  <attribute name= "Current Time Running" value="173070" />
  <attribute name ="GC Interval" value="0" />
  <attribute name="ProportionalT" value="36.000000" />
  <attribute name="ProportionalI" value="36.000000" />
  <attribute name="ProportionalH" value="36.000000" />
  <attribute name="Current Error" value="72.000000" />
  <attribute name="IntegralT" value="108.000000" />
  <attribute name="IntegralI" value="108.000000" />
  <attribute name="IntegralH" value="108.000000" />
  <attribute name="DerivativeT" value="-36.000000" />
  <attribute name="DerivativeI" value="-36.000000" />
  <attribute name="DerivativeH" value="-36.000000" />
  <attribute name="Loop Time for DT" value="3.000000" />
  <attribute name="Output H" value="8388608"/>
  <attribute name="Output I" value="200"/>
  <attribute name="Output T" value="16"/>
  <attribute name="Target GC Util Change" value ="80.000000" />
  <attribute name="Current GC Util Change" value="152.000000"/>
  <attribute name="GC Util currently" value="152" />
  <attribute name="CPU Util currently" value="449037012034" />
<exclusive-end id="5037" timestamp="2019-08-11T05:39:51.206" durationms="27.815" />

<exclusive-start id="5038" timestamp="2019-08-11T05:39:51.263" intervalms="85.124">
  <response-info timems="12.562" idlems="12.562" threads="0" lastid="00000000026C5600" lastname="Thread-41" />
</exclusive-start>
<allocation-taxation id="5039" taxation-threshold="27262976" timestamp="2019-08-11T05:39:51.263" intervalms="85.110" />
<cycle-start id="5040" type="global mark phase" contextid="0" timestamp="2019-08-11T05:39:51.264" intervalms="196.458" />
<gc-start id="5041" type="global mark phase" contextid="5040" timestamp="2019-08-11T05:39:51.264">
  <mem-info id="5042" free="85983232" total="188743680" percent="45">
    <remembered-set count="11040" freebytes="7501440" totalbytes="7545600" percent="99" regionsoverflowed="0" regionsstable="10" regionsrebuilding="0"/>
  </mem-info>
</gc-start>
<gc-op id="5043" type="mark increment" timems="13.906" contextid="5040" timestamp="2019-08-11T05:39:51.278">
  <trace-info objectcount="351724" scancount="284508" scanbytes="9577712" />
</gc-op>
<gc-end id="5044" type="global mark phase" contextid="5040" durationms="14.133" usertimems="67.230" systemtimems="8.383" timestamp="2019-08-11T05:39:51.278" activeThreads="16">
  <mem-info id="5045" free="85983232" total="188743680" percent="45">
    <remembered-set count="71456" freebytes="7259776" totalbytes="7545600" percent="96" regionsoverflowed="0" regionsstable="0" regionsrebuilding="10"/>
  </mem-info>
</gc-end>
<concurrent-start id="5046" type="GMP work packet processing" contextid="5040" timestamp="2019-08-11T05:39:51.278">
  <concurrent-mark-start scanTarget="32674844" />
</concurrent-start>
<exclusive-end id="5047" timestamp="2019-08-11T05:39:51.279" durationms="15.458" />

<concurrent-end id="5048" type="GMP work packet processing" contextid="5040" timestamp="2019-08-11T05:39:51.296">
  <concurrent-mark-end bytesScanned="7308196" reasonForTermination="Completed all work in GC phase" />
</concurrent-end>

<exclusive-start id="5049" timestamp="2019-08-11T05:39:51.315" intervalms="51.929">
  <response-info timems="17.397" idlems="17.397" threads="0" lastid="0000000002690B00" lastname="Thread-48" />
</exclusive-start>
<allocation-taxation id="5050" taxation-threshold="27262976" timestamp="2019-08-11T05:39:51.315" intervalms="51.943" />
<cycle-start id="5051" type="partial gc" contextid="0" timestamp="2019-08-11T05:39:51.316" intervalms="137.202" />
<gc-start id="5052" type="partial gc" contextid="5051" timestamp="2019-08-11T05:39:51.316">
  <mem-info id="5053" free="58720256" total="188743680" percent="31">
    <mem type="eden" free="0" total="54525952" percent="0" />
    <remembered-set count="135648" freebytes="7003008" totalbytes="7545600" percent="92" regionsoverflowed="0" regionsstable="0" regionsrebuilding="10"/>
  </mem-info>
</gc-start>
<allocation-stats totalBytes="54209368" >
  <allocated-bytes non-tlh="81944" tlh="54127424" arrayletleaf="0"/>
  <largest-consumer threadName="Thread-41" threadId="00000000026C5600" bytes="4076992" />
</allocation-stats>
<gc-op id="5054" type="copy forward" timems="13.741" contextid="5051" timestamp="2019-08-11T05:39:51.331">
  <memory-copied type="eden" objects="8917" bytes="3565056" bytesdiscarded="0" />
  <memory-copied type="other" objects="30694" bytes="1934024" bytesdiscarded="0" />
  <memory-cardclean objects="12463" bytes="555344" />
  <regions eden="26" other="8" />
  <remembered-set-cleared processed="124475" cleared="7459" durationms="1.319" />
  <finalization candidates="2" enqueued="0" />
  <references type="soft" candidates="362" cleared="0" enqueued="0" dynamicThreshold="14" maxThreshold="32" />
  <references type="weak" candidates="77" cleared="0" enqueued="0" />
  <references type="phantom" candidates="33" cleared="0" enqueued="0" />
  <stringconstants candidates="16403" cleared="0"  />
</gc-op>
<gc-op id="5055" type="classunload" timems="0.012" contextid="5051" timestamp="2019-08-11T05:39:51.331">
  <classunload-info classloadercandidates="69" classloadersunloaded="0" classesunloaded="0" anonymousclassesunloaded="0" quiescems="0.000" setupms="0.012" scanms="0.000" postms="0.000" />
</gc-op>
<gc-end id="5056" type="partial gc" contextid="5051" durationms="15.263" usertimems="15.959" systemtimems="0.299" timestamp="2019-08-11T05:39:51.331" activeThreads="1">
  <mem-info id="5057" free="119537664" total="188743680" percent="63">
    <mem type="eden" free="628984" total="4194304" percent="14" />
    <remembered-set count="132672" freebytes="7014912" totalbytes="7545600" percent="92" regionsoverflowed="0" regionsstable="0" regionsrebuilding="10"/>
  </mem-info>
</gc-end>
<cycle-end id="5058" type="partial gc" contextid="5051" timestamp="2019-08-11T05:39:51.331" />
  <attribute name="elasticGC enabled" value="1" />
  <attribute name= "numThreadsSpecified" value="1" />
  <attribute name="heapSize specified" value="0" />
  <attribute name="Current GC Util" value="80" />
  <attribute name= "Current Time Running" value="173202" />
  <attribute name ="GC Interval" value="0" />
  <attribute name="ProportionalT" value="0.000000" />
  <attribute name="ProportionalI" value="0.000000" />
  <attribute name="ProportionalH" value="0.000000" />
  <attribute name="Current Error" value="0.000000" />
  <attribute name="IntegralT" value="0.000000" />
  <attribute name="IntegralI" value="0.000000" />
  <attribute name="IntegralH" value="0.000000" />
  <attribute name="DerivativeT" value="0.000000" />
  <attribute name="DerivativeI" value="0.000000" />
  <attribute name="DerivativeH" value="0.000000" />
  <attribute name="Loop Time for DT" value="1.000000" />
  <attribute name="Output H" value="8388608"/>
  <attribute name="Output I" value="200"/>
  <attribute name="Output T" value="1"/>
  <attribute name="Target GC Util Change" value ="80.000000" />
  <attribute name="Current GC Util Change" value="80.000000"/>
  <attribute name="GC Util currently" value="80" />
  <attribute name="CPU Util currently" value="1266399661486" />
<exclusive-end id="5059" timestamp="2019-08-11T05:39:51.332" durationms="16.421" />

<exclusive-start id="5060" timestamp="2019-08-11T05:39:51.368" intervalms="52.738">
  <response-info timems="0.407" idlems="0.407" threads="0" lastid="00000000026C5600" lastname="Thread-41" />
</exclusive-start>
<allocation-taxation id="5061" taxation-threshold="27262976" timestamp="2019-08-11T05:39:51.368" intervalms="52.728" />
<gc-start id="5062" type="global mark phase" contextid="5040" timestamp="2019-08-11T05:39:51.368">
  <mem-info id="5063" free="92274688" total="188743680" percent="48">
    <remembered-set count="132224" freebytes="7016704" totalbytes="7545600" percent="92" regionsoverflowed="0" regionsstable="0" regionsrebuilding="10"/>
  </mem-info>
</gc-start>
<gc-op id="5064" type="mark increment" timems="22.138" contextid="5040" timestamp="2019-08-11T05:39:51.390">
  <trace-info objectcount="10227" scancount="8199" scanbytes="1920668" />
  <cardclean-info objects="15409" bytes="726480" />
  <finalization candidates="154" enqueued="0" />
  <ownableSynchronizers candidates="22" cleared="0" />
  <references type="soft" candidates="4051" cleared="1152" enqueued="732" dynamicThreshold="20" maxThreshold="32" />
  <references type="weak" candidates="6308" cleared="0" enqueued="0" />
  <references type="phantom" candidates="900" cleared="0" enqueued="0" />
  <stringconstants candidates="16403" cleared="148"  />
</gc-op>
<gc-op id="5065" type="classunload" timems="0.016" contextid="5040" timestamp="2019-08-11T05:39:51.390">
  <classunload-info classloadercandidates="69" classloadersunloaded="0" classesunloaded="0" anonymousclassesunloaded="0" quiescems="0.000" setupms="0.015" scanms="0.000" postms="0.000" />
</gc-op>
<gc-end id="5066" type="global mark phase" contextid="5040" durationms="22.318" usertimems="15.511" systemtimems="16.187" timestamp="2019-08-11T05:39:51.391" activeThreads="16">
  <mem-info id="5067" free="92274688" total="188743680" percent="48">
    <pending-finalizers system="0" default="0" reference="732" classloader="0" />
    <remembered-set count="135808" freebytes="7002368" totalbytes="7545600" percent="92" regionsoverflowed="0" regionsstable="0" regionsrebuilding="0"/>
  </mem-info>
</gc-end>
<cycle-end id="5068" type="global mark phase" contextid="5040" timestamp="2019-08-11T05:39:51.391" />
  <attribute name="elasticGC enabled" value="1" />
  <attribute name= "numThreadsSpecified" value="16" />
  <attribute name="heapSize specified" value="0" />
  <attribute name="Current GC Util" value="74" />
  <attribute name= "Current Time Running" value="173268" />
  <attribute name ="GC Interval" value="0" />
  <attribute name="ProportionalT" value="-3.000000" />
  <attribute name="ProportionalI" value="-3.000000" />
  <attribute name="ProportionalH" value="-3.000000" />
  <attribute name="Current Error" value="-6.000000" />
  <attribute name="IntegralT" value="-39.000000" />
  <attribute name="IntegralI" value="-39.000000" />
  <attribute name="IntegralH" value="-39.000000" />
  <attribute name="DerivativeT" value="-12.384615" />
  <attribute name="DerivativeI" value="-12.384615" />
  <attribute name="DerivativeH" value="-12.384615" />
  <attribute name="Loop Time for DT" value="13.000000" />
  <attribute name="Output H" value="4202627072"/>
  <attribute name="Output I" value="200"/>
  <attribute name="Output T" value="16"/>
  <attribute name="Target GC Util Change" value ="80.000000" />
  <attribute name="Current GC Util Change" value="74.000000"/>
  <attribute name="GC Util currently" value="74" />
  <attribute name="CPU Util currently" value="92332684232" />
<exclusive-end id="5069" timestamp="2019-08-11T05:39:51.391" durationms="22.850" />

<exclusive-start id="5070" timestamp="2019-08-11T05:39:51.419" intervalms="51.014">
  <response-info timems="3.313" idlems="1.183" threads="8" lastid="00000000026D8200" lastname="Thread-38" />
</exclusive-start>
<allocation-taxation id="5071" taxation-threshold="27262976" timestamp="2019-08-11T05:39:51.419" intervalms="51.018" />
<cycle-start id="5072" type="partial gc" contextid="0" timestamp="2019-08-11T05:39:51.419" intervalms="103.622" />
<gc-start id="5073" type="partial gc" contextid="5072" timestamp="2019-08-11T05:39:51.420">
  <mem-info id="5074" free="65011712" total="188743680" percent="34">
    <mem type="eden" free="0" total="54525952" percent="0" />
    <remembered-set count="8672" freebytes="7510912" totalbytes="7545600" percent="99" regionsoverflowed="0" regionsstable="10" regionsrebuilding="0"/>
  </mem-info>
</gc-start>
<allocation-stats totalBytes="54342128" >
  <allocated-bytes non-tlh="65560" tlh="54276568" arrayletleaf="0"/>
  <largest-consumer threadName="Thread-37" threadId="00000000026E7100" bytes="4062024" />
</allocation-stats>
<gc-op id="5075" type="sweep" timems="8.088" contextid="5072" timestamp="2019-08-11T05:39:51.428" />
<gc-op id="5076" type="copy forward" timems="23.805" contextid="5072" timestamp="2019-08-11T05:39:51.453">
  <memory-copied type="eden" objects="7618" bytes="3082256" bytesdiscarded="521673" />
  <memory-copied type="other" objects="2077" bytes="861904" bytesdiscarded="132407" />
  <memory-cardclean objects="3406" bytes="247352" />
  <regions eden="13" other="16" />
  <remembered-set-cleared processed="1938" cleared="994" durationms="0.372" />
  <stringconstants candidates="16255" cleared="0"  />
</gc-op>
<gc-op id="5077" type="classunload" timems="0.012" contextid="5072" timestamp="2019-08-11T05:39:51.453">
  <classunload-info classloadercandidates="69" classloadersunloaded="0" classesunloaded="0" anonymousclassesunloaded="0" quiescems="0.000" setupms="0.011" scanms="0.000" postms="0.000" />
</gc-op>
<heap-resize id="5078" type="contract" space="default" amount="4194304" count="1" timems="0.076" reason="excess free space following gc" timestamp="2019-08-11T05:39:51.453" />
<gc-end id="5079" type="partial gc" contextid="5072" durationms="33.594" usertimems="46.143" systemtimems="19.586" timestamp="2019-08-11T05:39:51.453" activeThreads="16">
  <mem-info id="5080" free="113246208" total="184549376" percent="61">
    <mem type="eden" free="2018504" total="6291456" percent="32" />
    <remembered-set count="9568" freebytes="7507328" totalbytes="7545600" percent="99" regionsoverflowed="0" regionsstable="10" regionsrebuilding="0"/>
  </mem-info>
</gc-end>
<cycle-end id="5081" type="partial gc" contextid="5072" timestamp="2019-08-11T05:39:51.453" />
  <attribute name="elasticGC enabled" value="1" />
  <attribute name= "numThreadsSpecified" value="16" />
  <attribute name="heapSize specified" value="0" />
  <attribute name="Current GC Util" value="85" />
  <attribute name= "Current Time Running" value="173314" />
  <attribute name ="GC Interval" value="0" />
  <attribute name="ProportionalT" value="2.500000" />
  <attribute name="ProportionalI" value="2.500000" />
  <attribute name="ProportionalH" value="2.500000" />
  <attribute name="Current Error" value="5.000000" />
  <attribute name="IntegralT" value="2.500000" />
  <attribute name="IntegralI" value="2.500000" />
  <attribute name="IntegralH" value="2.500000" />
  <attribute name="DerivativeT" value="-46.000000" />
  <attribute name="DerivativeI" value="-46.000000" />
  <attribute name="DerivativeH" value="-46.000000" />
  <attribute name="Loop Time for DT" value="1.000000" />
  <attribute name="Output H" value="4202627072"/>
  <attribute name="Output I" value="200"/>
  <attribute name="Output T" value="16"/>
  <attribute name="Target GC Util Change" value ="80.000000" />
  <attribute name="Current GC Util Change" value="85.000000"/>
  <attribute name="GC Util currently" value="85" />
  <attribute name="CPU Util currently" value="1211950655273" />
<exclusive-end id="5082" timestamp="2019-08-11T05:39:51.453" durationms="34.359" />

<exclusive-start id="5083" timestamp="2019-08-11T05:39:51.492" intervalms="72.843">
  <response-info timems="1.889" idlems="1.889" threads="0" lastid="0000000002685700" lastname="Thread-51" />
</exclusive-start>
<allocation-taxation id="5084" taxation-threshold="52428800" timestamp="2019-08-11T05:39:51.492" intervalms="72.834" />
<cycle-start id="5085" type="partial gc" contextid="0" timestamp="2019-08-11T05:39:51.492" intervalms="72.793" />
<gc-start id="5086" type="partial gc" contextid="5085" timestamp="2019-08-11T05:39:51.492">
  <mem-info id="5087" free="60817408" total="184549376" percent="32">
    <mem type="eden" free="0" total="52428800" percent="0" />
    <remembered-set count="9088" freebytes="7509248" totalbytes="7545600" percent="99" regionsoverflowed="0" regionsstable="10" regionsrebuilding="0"/>
  </mem-info>
</gc-start>
<allocation-stats totalBytes="52198480" >
  <allocated-bytes non-tlh="57368" tlh="52141112" arrayletleaf="0"/>
  <largest-consumer threadName="Thread-49" threadId="0000000002698300" bytes="5329344" />
</allocation-stats>
<gc-op id="5088" type="copy forward" timems="14.775" contextid="5085" timestamp="2019-08-11T05:39:51.511">
  <memory-copied type="eden" objects="10256" bytes="4065896" bytesdiscarded="810904" />
  <memory-copied type="other" objects="24226" bytes="1073096" bytesdiscarded="105704" />
  <memory-cardclean objects="1781" bytes="228520" />
  <regions eden="25" other="6" />
  <remembered-set-cleared processed="1310" cleared="810" durationms="0.311" />
  <finalization candidates="1" enqueued="0" />
  <references type="soft" candidates="22" cleared="0" enqueued="0" dynamicThreshold="19" maxThreshold="32" />
  <references type="weak" candidates="74" cleared="0" enqueued="0" />
  <references type="phantom" candidates="29" cleared="0" enqueued="0" />
  <stringconstants candidates="16255" cleared="0"  />
</gc-op>
<gc-op id="5089" type="classunload" timems="0.011" contextid="5085" timestamp="2019-08-11T05:39:51.511">
  <classunload-info classloadercandidates="69" classloadersunloaded="0" classesunloaded="0" anonymousclassesunloaded="0" quiescems="0.000" setupms="0.011" scanms="0.000" postms="0.000" />
</gc-op>
<gc-end id="5090" type="partial gc" contextid="5085" durationms="18.995" usertimems="48.249" systemtimems="4.272" timestamp="2019-08-11T05:39:51.511" activeThreads="16">
  <mem-info id="5091" free="111149056" total="184549376" percent="60">
    <mem type="eden" free="3511520" total="8388608" percent="41" />
    <remembered-set count="9504" freebytes="7339904" totalbytes="7377920" percent="99" regionsoverflowed="0" regionsstable="10" regionsrebuilding="0"/>
  </mem-info>
</gc-end>
<cycle-end id="5092" type="partial gc" contextid="5085" timestamp="2019-08-11T05:39:51.511" />
  <attribute name="elasticGC enabled" value="1" />
  <attribute name= "numThreadsSpecified" value="16" />
  <attribute name="heapSize specified" value="0" />
  <attribute name="Current GC Util" value="40" />
  <attribute name= "Current Time Running" value="173381" />
  <attribute name ="GC Interval" value="0" />
  <attribute name="ProportionalT" value="-20.000000" />
  <attribute name="ProportionalI" value="-20.000000" />
  <attribute name="ProportionalH" value="-20.000000" />
  <attribute name="Current Error" value="-40.000000" />
  <attribute name="IntegralT" value="-60.000000" />
  <attribute name="IntegralI" value="-60.000000" />
  <attribute name="IntegralH" value="-60.000000" />
  <attribute name="DerivativeT" value="-13.333333" />
  <attribute name="DerivativeI" value="-13.333333" />
  <attribute name="DerivativeH" value="-13.333333" />
  <attribute name="Loop Time for DT" value="3.000000" />
  <attribute name="Output H" value="4202627072"/>
  <attribute name="Output I" value="200"/>
  <attribute name="Output T" value="16"/>
  <attribute name="Target GC Util Change" value ="80.000000" />
  <attribute name="Current GC Util Change" value="40.000000"/>
  <attribute name="GC Util currently" value="40" />
  <attribute name="CPU Util currently" value="313311308533" />
<exclusive-end id="5093" timestamp="2019-08-11T05:39:51.512" durationms="19.664" />

<exclusive-start id="5094" timestamp="2019-08-11T05:39:51.527" intervalms="34.823">
  <response-info timems="1.266" idlems="0.565" threads="4" lastid="00000000026C1A00" lastname="Thread-42" />
</exclusive-start>
<allocation-taxation id="5095" taxation-threshold="25165824" timestamp="2019-08-11T05:39:51.527" intervalms="34.849" />
<cycle-start id="5096" type="global mark phase" contextid="0" timestamp="2019-08-11T05:39:51.527" intervalms="263.266" />
<gc-start id="5097" type="global mark phase" contextid="5096" timestamp="2019-08-11T05:39:51.527">
  <mem-info id="5098" free="85983232" total="184549376" percent="46">
    <remembered-set count="9408" freebytes="7340288" totalbytes="7377920" percent="99" regionsoverflowed="0" regionsstable="10" regionsrebuilding="0"/>
  </mem-info>
</gc-start>
<gc-op id="5099" type="mark increment" timems="13.034" contextid="5096" timestamp="2019-08-11T05:39:51.540">
  <trace-info objectcount="256382" scancount="203651" scanbytes="7245632" />
</gc-op>
<gc-end id="5100" type="global mark phase" contextid="5096" durationms="13.082" usertimems="38.936" systemtimems="3.922" timestamp="2019-08-11T05:39:51.540" activeThreads="16">
  <mem-info id="5101" free="85983232" total="184549376" percent="46">
    <remembered-set count="57536" freebytes="7147776" totalbytes="7377920" percent="96" regionsoverflowed="0" regionsstable="0" regionsrebuilding="10"/>
  </mem-info>
</gc-end>
<concurrent-start id="5102" type="GMP work packet processing" contextid="5096" timestamp="2019-08-11T05:39:51.540">
  <concurrent-mark-start scanTarget="17914472" />
</concurrent-start>
<exclusive-end id="5103" timestamp="2019-08-11T05:39:51.540" durationms="13.753" />

<concurrent-end id="5104" type="GMP work packet processing" contextid="5096" timestamp="2019-08-11T05:39:51.564">
  <concurrent-mark-end bytesScanned="9581040" reasonForTermination="Completed all work in GC phase" />
</concurrent-end>

<exclusive-start id="5105" timestamp="2019-08-11T05:39:51.576" intervalms="49.640">
  <response-info timems="3.384" idlems="2.303" threads="3" lastid="0000000002698300" lastname="Thread-49" />
</exclusive-start>
<allocation-taxation id="5106" taxation-threshold="25165824" timestamp="2019-08-11T05:39:51.576" intervalms="49.617" />
<cycle-start id="5107" type="partial gc" contextid="0" timestamp="2019-08-11T05:39:51.577" intervalms="84.476" />
<gc-start id="5108" type="partial gc" contextid="5107" timestamp="2019-08-11T05:39:51.577">
  <mem-info id="5109" free="60817408" total="184549376" percent="32">
    <mem type="eden" free="0" total="50331648" percent="0" />
    <remembered-set count="136352" freebytes="6832512" totalbytes="7377920" percent="92" regionsoverflowed="0" regionsstable="0" regionsrebuilding="10"/>
  </mem-info>
</gc-start>
<allocation-stats totalBytes="49964800" >
  <allocated-bytes non-tlh="16392" tlh="49948408" arrayletleaf="0"/>
  <largest-consumer threadName="Thread-52" threadId="00000000026A7200" bytes="3499008" />
</allocation-stats>
<gc-op id="5110" type="copy forward" timems="49.393" contextid="5107" timestamp="2019-08-11T05:39:51.628">
  <memory-copied type="eden" objects="9701" bytes="3891000" bytesdiscarded="460416" />
  <memory-copied type="other" objects="30037" bytes="1766680" bytesdiscarded="252096" />
  <memory-cardclean objects="12282" bytes="627624" />
  <regions eden="24" other="7" />
  <remembered-set-cleared processed="125345" cleared="6872" durationms="0.729" />
  <finalization candidates="2" enqueued="0" />
  <references type="soft" candidates="173" cleared="0" enqueued="0" dynamicThreshold="14" maxThreshold="32" />
  <references type="weak" candidates="151" cleared="0" enqueued="0" />
  <references type="phantom" candidates="58" cleared="0" enqueued="0" />
  <stringconstants candidates="16255" cleared="0"  />
</gc-op>
<gc-op id="5111" type="classunload" timems="0.020" contextid="5107" timestamp="2019-08-11T05:39:51.628">
  <classunload-info classloadercandidates="69" classloadersunloaded="0" classesunloaded="0" anonymousclassesunloaded="0" quiescems="0.000" setupms="0.019" scanms="0.000" postms="0.000" />
</gc-op>
<gc-end id="5112" type="partial gc" contextid="5107" durationms="51.054" usertimems="70.414" systemtimems="13.203" timestamp="2019-08-11T05:39:51.628" activeThreads="16">
  <mem-info id="5113" free="113246208" total="184549376" percent="61">
    <mem type="eden" free="1939776" total="6291456" percent="30" />
    <remembered-set count="132928" freebytes="6846208" totalbytes="7377920" percent="92" regionsoverflowed="0" regionsstable="0" regionsrebuilding="10"/>
  </mem-info>
</gc-end>
<cycle-end id="5114" type="partial gc" contextid="5107" timestamp="2019-08-11T05:39:51.629" />
  <attribute name="elasticGC enabled" value="1" />
  <attribute name= "numThreadsSpecified" value="16" />
  <attribute name="heapSize specified" value="0" />
  <attribute name="Current GC Util" value="98" />
  <attribute name= "Current Time Running" value="173463" />
  <attribute name ="GC Interval" value="0" />
  <attribute name="ProportionalT" value="9.000000" />
  <attribute name="ProportionalI" value="9.000000" />
  <attribute name="ProportionalH" value="9.000000" />
  <attribute name="Current Error" value="18.000000" />
  <attribute name="IntegralT" value="9.000000" />
  <attribute name="IntegralI" value="9.000000" />
  <attribute name="IntegralH" value="9.000000" />
  <attribute name="DerivativeT" value="-144.000000" />
  <attribute name="DerivativeI" value="-144.000000" />
  <attribute name="DerivativeH" value="-144.000000" />
  <attribute name="Loop Time for DT" value="1.000000" />
  <attribute name="Output H" value="4202627072"/>
  <attribute name="Output I" value="200"/>
  <attribute name="Output T" value="16"/>
  <attribute name="Target GC Util Change" value ="80.000000" />
  <attribute name="Current GC Util Change" value="98.000000"/>
  <attribute name="GC Util currently" value="98" />
  <attribute name="CPU Util currently" value="1250039450438" />
<exclusive-end id="5115" timestamp="2019-08-11T05:39:51.629" durationms="52.722" />

<exclusive-start id="5116" timestamp="2019-08-11T05:39:51.707" intervalms="130.260">
  <response-info timems="1.512" idlems="1.512" threads="0" lastid="00000000026BDE00" lastname="Thread-43" />
</exclusive-start>
<allocation-taxation id="5117" taxation-threshold="25165824" timestamp="2019-08-11T05:39:51.707" intervalms="130.258" />
<gc-start id="5118" type="global mark phase" contextid="5096" timestamp="2019-08-11T05:39:51.707">
  <mem-info id="5119" free="88080384" total="184549376" percent="47">
    <remembered-set count="131392" freebytes="6852352" totalbytes="7377920" percent="92" regionsoverflowed="0" regionsstable="1" regionsrebuilding="10"/>
  </mem-info>
</gc-start>
<gc-op id="5120" type="mark increment" timems="150.672" contextid="5096" timestamp="2019-08-11T05:39:51.858">
  <trace-info objectcount="10046" scancount="8084" scanbytes="1998464" />
  <cardclean-info objects="16169" bytes="941704" />
  <finalization candidates="154" enqueued="0" />
  <ownableSynchronizers candidates="22" cleared="0" />
  <references type="soft" candidates="2899" cleared="35" enqueued="34" dynamicThreshold="19" maxThreshold="32" />
  <references type="weak" candidates="6309" cleared="0" enqueued="0" />
  <references type="phantom" candidates="902" cleared="0" enqueued="0" />
  <stringconstants candidates="16255" cleared="13"  />
</gc-op>
<gc-op id="5121" type="classunload" timems="0.017" contextid="5096" timestamp="2019-08-11T05:39:51.858">
  <classunload-info classloadercandidates="69" classloadersunloaded="0" classesunloaded="0" anonymousclassesunloaded="0" quiescems="0.000" setupms="0.017" scanms="0.000" postms="0.000" />
</gc-op>
<gc-end id="5122" type="global mark phase" contextid="5096" durationms="150.873" usertimems="190.651" systemtimems="63.800" timestamp="2019-08-11T05:39:51.858" activeThreads="16">
  <mem-info id="5123" free="88080384" total="184549376" percent="47">
    <pending-finalizers system="0" default="0" reference="34" classloader="0" />
    <remembered-set count="136512" freebytes="6831872" totalbytes="7377920" percent="92" regionsoverflowed="0" regionsstable="1" regionsrebuilding="0"/>
  </mem-info>
</gc-end>
<cycle-end id="5124" type="global mark phase" contextid="5096" timestamp="2019-08-11T05:39:51.858" />
  <attribute name="elasticGC enabled" value="1" />
  <attribute name= "numThreadsSpecified" value="16" />
  <attribute name="heapSize specified" value="0" />
  <attribute name="Current GC Util" value="32" />
  <attribute name= "Current Time Running" value="173634" />
  <attribute name ="GC Interval" value="0" />
  <attribute name="ProportionalT" value="-24.000000" />
  <attribute name="ProportionalI" value="-24.000000" />
  <attribute name="ProportionalH" value="-24.000000" />
  <attribute name="Current Error" value="-48.000000" />
  <attribute name="IntegralT" value="-696.000000" />
  <attribute name="IntegralI" value="-696.000000" />
  <attribute name="IntegralH" value="-696.000000" />
  <attribute name="DerivativeT" value="-4.448276" />
  <attribute name="DerivativeI" value="-4.448276" />
  <attribute name="DerivativeH" value="-4.448276" />
  <attribute name="Loop Time for DT" value="29.000000" />
  <attribute name="Output H" value="4202627072"/>
  <attribute name="Output I" value="200"/>
  <attribute name="Output T" value="16"/>
  <attribute name="Target GC Util Change" value ="80.000000" />
  <attribute name="Current GC Util Change" value="32.000000"/>
  <attribute name="GC Util currently" value="32" />
  <attribute name="CPU Util currently" value="39719287319" />
<exclusive-end id="5125" timestamp="2019-08-11T05:39:51.858" durationms="151.668" />

<exclusive-start id="5126" timestamp="2019-08-11T05:39:51.928" intervalms="220.880">
  <response-info timems="21.665" idlems="21.665" threads="0" lastid="00000000026C1A00" lastname="Thread-42" />
</exclusive-start>
<allocation-taxation id="5127" taxation-threshold="25165824" timestamp="2019-08-11T05:39:51.928" intervalms="220.886" />
<cycle-start id="5128" type="partial gc" contextid="0" timestamp="2019-08-11T05:39:51.934" intervalms="357.575" />
<gc-start id="5129" type="partial gc" contextid="5128" timestamp="2019-08-11T05:39:51.936">
  <mem-info id="5130" free="62914560" total="184549376" percent="34">
    <mem type="eden" free="0" total="50331648" percent="0" />
    <remembered-set count="7360" freebytes="7348480" totalbytes="7377920" percent="99" regionsoverflowed="0" regionsstable="11" regionsrebuilding="0"/>
  </mem-info>
</gc-start>
<allocation-stats totalBytes="50027280" >
  <allocated-bytes non-tlh="16392" tlh="50010888" arrayletleaf="0"/>
  <largest-consumer threadName="Thread-39" threadId="00000000026C9200" bytes="2992320" />
</allocation-stats>
<gc-op id="5131" type="sweep" timems="33.489" contextid="5128" timestamp="2019-08-11T05:39:51.969" />
<gc-op id="5132" type="copy forward" timems="473.067" contextid="5128" timestamp="2019-08-11T05:39:52.481">
  <memory-copied type="eden" objects="8622" bytes="3528880" bytesdiscarded="378371" />
  <memory-copied type="other" objects="782" bytes="304776" bytesdiscarded="24661" />
  <memory-cardclean objects="3113" bytes="145904" />
  <regions eden="12" other="16" />
  <remembered-set-cleared processed="800" cleared="133" durationms="0.160" />
  <references type="phantom" candidates="3" cleared="0" enqueued="0" />
  <stringconstants candidates="16242" cleared="0"  />
</gc-op>
<gc-op id="5133" type="classunload" timems="0.020" contextid="5128" timestamp="2019-08-11T05:39:52.481">
  <classunload-info classloadercandidates="69" classloadersunloaded="0" classesunloaded="0" anonymousclassesunloaded="0" quiescems="0.000" setupms="0.020" scanms="0.000" postms="0.000" />
</gc-op>
<gc-end id="5134" type="partial gc" contextid="5128" durationms="545.584" usertimems="557.983" systemtimems="298.680" timestamp="2019-08-11T05:39:52.481" activeThreads="16">
  <mem-info id="5135" free="111149056" total="184549376" percent="60">
    <mem type="eden" free="4152208" total="8388608" percent="49" />
    <remembered-set count="6784" freebytes="7350784" totalbytes="7377920" percent="99" regionsoverflowed="0" regionsstable="11" regionsrebuilding="0"/>
  </mem-info>
</gc-end>
<cycle-end id="5136" type="partial gc" contextid="5128" timestamp="2019-08-11T05:39:52.481" />
  <attribute name="elasticGC enabled" value="1" />
  <attribute name= "numThreadsSpecified" value="16" />
  <attribute name="heapSize specified" value="0" />
  <attribute name="Current GC Util" value="52" />
  <attribute name= "Current Time Running" value="173893" />
  <attribute name ="GC Interval" value="0" />
  <attribute name="ProportionalT" value="-14.000000" />
  <attribute name="ProportionalI" value="-14.000000" />
  <attribute name="ProportionalH" value="-14.000000" />
  <attribute name="Current Error" value="-28.000000" />
  <attribute name="IntegralT" value="-532.000000" />
  <attribute name="IntegralI" value="-532.000000" />
  <attribute name="IntegralH" value="-532.000000" />
  <attribute name="DerivativeT" value="-0.736842" />
  <attribute name="DerivativeI" value="-0.736842" />
  <attribute name="DerivativeH" value="-0.736842" />
  <attribute name="Loop Time for DT" value="38.000000" />
  <attribute name="Output H" value="4202627072"/>
  <attribute name="Output I" value="200"/>
  <attribute name="Output T" value="16"/>
  <attribute name="Target GC Util Change" value ="80.000000" />
  <attribute name="Current GC Util Change" value="52.000000"/>
  <attribute name="GC Util currently" value="52" />
  <attribute name="CPU Util currently" value="30440892762" />
<exclusive-end id="5137" timestamp="2019-08-11T05:39:52.482" durationms="554.102" />

<exclusive-start id="5138" timestamp="2019-08-11T05:39:52.617" intervalms="689.639">
  <response-info timems="29.910" idlems="28.848" threads="1" lastid="000000000269BF00" lastname="Thread-50" />
</exclusive-start>
<allocation-taxation id="5139" taxation-threshold="52428800" timestamp="2019-08-11T05:39:52.617" intervalms="689.636" />
<cycle-start id="5140" type="partial gc" contextid="0" timestamp="2019-08-11T05:39:52.618" intervalms="683.963" />
<gc-start id="5141" type="partial gc" contextid="5140" timestamp="2019-08-11T05:39:52.618">
  <mem-info id="5142" free="58720256" total="184549376" percent="31">
    <mem type="eden" free="0" total="52428800" percent="0" />
    <remembered-set count="6432" freebytes="7352192" totalbytes="7377920" percent="99" regionsoverflowed="0" regionsstable="11" regionsrebuilding="0"/>
  </mem-info>
</gc-start>
<allocation-stats totalBytes="52271536" >
  <allocated-bytes non-tlh="32776" tlh="52238760" arrayletleaf="0"/>
  <largest-consumer threadName="Thread-40" threadId="00000000026B6600" bytes="6170176" />
</allocation-stats>
<gc-op id="5143" type="copy forward" timems="77.486" contextid="5140" timestamp="2019-08-11T05:39:52.705">
  <memory-copied type="eden" objects="7733" bytes="3209432" bytesdiscarded="342256" />
  <memory-copied type="other" objects="22000" bytes="756472" bytesdiscarded="64344" />
  <memory-cardclean objects="10881" bytes="516024" />
  <regions eden="25" other="9" />
  <remembered-set-cleared processed="125" cleared="48" durationms="0.201" />
  <references type="soft" candidates="95" cleared="0" enqueued="0" dynamicThreshold="19" maxThreshold="32" />
  <references type="weak" candidates="75" cleared="0" enqueued="0" />
  <references type="phantom" candidates="12" cleared="0" enqueued="0" />
  <stringconstants candidates="16242" cleared="0"  />
</gc-op>
<gc-op id="5144" type="classunload" timems="0.011" contextid="5140" timestamp="2019-08-11T05:39:52.705">
  <classunload-info classloadercandidates="69" classloadersunloaded="0" classesunloaded="0" anonymousclassesunloaded="0" quiescems="0.000" setupms="0.011" scanms="0.000" postms="0.000" />
</gc-op>
<heap-resize id="5145" type="contract" space="default" amount="10485760" count="1" timems="1.139" reason="excess free space following gc" timestamp="2019-08-11T05:39:52.706" />
<gc-end id="5146" type="partial gc" contextid="5140" durationms="87.595" usertimems="130.128" systemtimems="47.204" timestamp="2019-08-11T05:39:52.706" activeThreads="16">
  <mem-info id="5147" free="106954752" total="174063616" percent="61">
    <mem type="eden" free="642352" total="4194304" percent="15" />
    <remembered-set count="6784" freebytes="7350784" totalbytes="7377920" percent="99" regionsoverflowed="0" regionsstable="11" regionsrebuilding="0"/>
  </mem-info>
</gc-end>
<cycle-end id="5148" type="partial gc" contextid="5140" timestamp="2019-08-11T05:39:52.706" />
  <attribute name="elasticGC enabled" value="1" />
  <attribute name= "numThreadsSpecified" value="16" />
  <attribute name="heapSize specified" value="0" />
  <attribute name="Current GC Util" value="38" />
  <attribute name= "Current Time Running" value="174512" />
  <attribute name ="GC Interval" value="0" />
  <attribute name="ProportionalT" value="-21.000000" />
  <attribute name="ProportionalI" value="-21.000000" />
  <attribute name="ProportionalH" value="-21.000000" />
  <attribute name="Current Error" value="-42.000000" />
  <attribute name="IntegralT" value="-189.000000" />
  <attribute name="IntegralI" value="-189.000000" />
  <attribute name="IntegralH" value="-189.000000" />
  <attribute name="DerivativeT" value="-4.666667" />
  <attribute name="DerivativeI" value="-4.666667" />
  <attribute name="DerivativeH" value="-4.666667" />
  <attribute name="Loop Time for DT" value="9.000000" />
  <attribute name="Output H" value="4202627072"/>
  <attribute name="Output I" value="200"/>
  <attribute name="Output T" value="16"/>
  <attribute name="Target GC Util Change" value ="80.000000" />
  <attribute name="Current GC Util Change" value="38.000000"/>
  <attribute name="GC Util currently" value="38" />
  <attribute name="CPU Util currently" value="135847830524" />
<exclusive-end id="5149" timestamp="2019-08-11T05:39:52.706" durationms="89.178" />

<exclusive-start id="5150" timestamp="2019-08-11T05:39:52.729" intervalms="112.194">
  <response-info timems="0.415" idlems="0.409" threads="1" lastid="0000000002689300" lastname="Thread-47" />
</exclusive-start>
<allocation-taxation id="5151" taxation-threshold="50331648" timestamp="2019-08-11T05:39:52.729" intervalms="112.181" />
<cycle-start id="5152" type="partial gc" contextid="0" timestamp="2019-08-11T05:39:52.729" intervalms="111.396" />
<gc-start id="5153" type="partial gc" contextid="5152" timestamp="2019-08-11T05:39:52.730">
  <mem-info id="5154" free="56623104" total="174063616" percent="32">
    <mem type="eden" free="0" total="50331648" percent="0" />
    <remembered-set count="6560" freebytes="7351680" totalbytes="7377920" percent="99" regionsoverflowed="0" regionsstable="11" regionsrebuilding="0"/>
  </mem-info>
</gc-start>
<allocation-stats totalBytes="50193960" >
  <allocated-bytes non-tlh="40976" tlh="50152984" arrayletleaf="0"/>
  <largest-consumer threadName="Thread-50" threadId="000000000269BF00" bytes="6177376" />
</allocation-stats>
<gc-op id="5155" type="copy forward" timems="420.126" contextid="5152" timestamp="2019-08-11T05:39:53.152">
  <memory-copied type="eden" objects="8962" bytes="3757808" bytesdiscarded="611280" />
  <memory-copied type="other" objects="16" bytes="1088" bytesdiscarded="672" />
  <memory-cardclean objects="7931" bytes="284008" />
  <regions eden="24" other="3" />
  <remembered-set-cleared processed="330" cleared="94" durationms="0.156" />
  <references type="phantom" candidates="4" cleared="0" enqueued="0" />
  <stringconstants candidates="16242" cleared="0"  />
</gc-op>
<gc-op id="5156" type="classunload" timems="0.017" contextid="5152" timestamp="2019-08-11T05:39:53.152">
  <classunload-info classloadercandidates="69" classloadersunloaded="0" classesunloaded="0" anonymousclassesunloaded="0" quiescems="0.000" setupms="0.017" scanms="0.000" postms="0.000" />
</gc-op>
<heap-resize id="5157" type="expand" space="default" amount="4194304" count="1" timems="0.061" reason="excessive time being spent in gc" timestamp="2019-08-11T05:39:53.152" />
<gc-end id="5158" type="partial gc" contextid="5152" durationms="422.587" usertimems="441.401" systemtimems="232.440" timestamp="2019-08-11T05:39:53.152" activeThreads="16">
  <mem-info id="5159" free="106954752" total="178257920" percent="60">
    <mem type="eden" free="1922080" total="6291456" percent="30" />
    <remembered-set count="7200" freebytes="7097600" totalbytes="7126400" percent="99" regionsoverflowed="0" regionsstable="11" regionsrebuilding="0"/>
  </mem-info>
</gc-end>
<cycle-end id="5160" type="partial gc" contextid="5152" timestamp="2019-08-11T05:39:53.152" />
  <attribute name="elasticGC enabled" value="1" />
  <attribute name= "numThreadsSpecified" value="16" />
  <attribute name="heapSize specified" value="0" />
  <attribute name="Current GC Util" value="60" />
  <attribute name= "Current Time Running" value="174616" />
  <attribute name ="GC Interval" value="0" />
  <attribute name="ProportionalT" value="-10.000000" />
  <attribute name="ProportionalI" value="-10.000000" />
  <attribute name="ProportionalH" value="-10.000000" />
  <attribute name="Current Error" value="-20.000000" />
  <attribute name="IntegralT" value="-10.000000" />
  <attribute name="IntegralI" value="-10.000000" />
  <attribute name="IntegralH" value="-10.000000" />
  <attribute name="DerivativeT" value="-25.000000" />
  <attribute name="DerivativeI" value="-25.000000" />
  <attribute name="DerivativeH" value="-25.000000" />
  <attribute name="Loop Time for DT" value="1.000000" />
  <attribute name="Output H" value="4202627072"/>
  <attribute name="Output I" value="200"/>
  <attribute name="Output T" value="16"/>
  <attribute name="Target GC Util Change" value ="80.000000" />
  <attribute name="Current GC Util Change" value="60.000000"/>
  <attribute name="GC Util currently" value="60" />
  <attribute name="CPU Util currently" value="1004670232958" />
<exclusive-end id="5161" timestamp="2019-08-11T05:39:53.153" durationms="423.568" />

<exclusive-start id="5162" timestamp="2019-08-11T05:39:53.358" intervalms="628.683">
  <response-info timems="25.167" idlems="12.324" threads="5" lastid="00000000026DBD00" lastname="Thread-44" />
</exclusive-start>
<allocation-taxation id="5163" taxation-threshold="52428800" timestamp="2019-08-11T05:39:53.358" intervalms="628.700" />
<cycle-start id="5164" type="partial gc" contextid="0" timestamp="2019-08-11T05:39:53.360" intervalms="630.259" />
<gc-start id="5165" type="partial gc" contextid="5164" timestamp="2019-08-11T05:39:53.360">
  <mem-info id="5166" free="54525952" total="178257920" percent="30">
    <mem type="eden" free="0" total="52428800" percent="0" />
    <remembered-set count="7040" freebytes="7098240" totalbytes="7126400" percent="99" regionsoverflowed="0" regionsstable="11" regionsrebuilding="0"/>
  </mem-info>
</gc-start>
<allocation-stats totalBytes="52342936" >
  <allocated-bytes non-tlh="32776" tlh="52310160" arrayletleaf="0"/>
  <largest-consumer threadName="Thread-51" threadId="0000000002685700" bytes="6234368" />
</allocation-stats>
<gc-op id="5167" type="copy forward" timems="53.089" contextid="5164" timestamp="2019-08-11T05:39:53.416">
  <memory-copied type="eden" objects="8664" bytes="3517816" bytesdiscarded="463968" />
  <memory-copied type="other" objects="726" bytes="303488" bytesdiscarded="27016" />
  <memory-cardclean objects="2999" bytes="139088" />
  <regions eden="25" other="6" />
  <remembered-set-cleared processed="734" cleared="114" durationms="0.162" />
  <references type="weak" candidates="1" cleared="0" enqueued="0" />
  <references type="phantom" candidates="3" cleared="0" enqueued="0" />
  <stringconstants candidates="16242" cleared="0"  />
</gc-op>
<gc-op id="5168" type="classunload" timems="0.023" contextid="5164" timestamp="2019-08-11T05:39:53.416">
  <classunload-info classloadercandidates="69" classloadersunloaded="0" classesunloaded="0" anonymousclassesunloaded="0" quiescems="0.000" setupms="0.023" scanms="0.000" postms="0.000" />
</gc-op>
<gc-end id="5169" type="partial gc" contextid="5164" durationms="56.189" usertimems="21.760" systemtimems="17.658" timestamp="2019-08-11T05:39:53.416" activeThreads="16">
  <mem-info id="5170" free="109051904" total="178257920" percent="61">
    <mem type="eden" free="2309424" total="6291456" percent="36" />
    <remembered-set count="6272" freebytes="7101312" totalbytes="7126400" percent="99" regionsoverflowed="0" regionsstable="11" regionsrebuilding="0"/>
  </mem-info>
</gc-end>
<cycle-end id="5171" type="partial gc" contextid="5164" timestamp="2019-08-11T05:39:53.416" />
  <attribute name="elasticGC enabled" value="1" />
  <attribute name= "numThreadsSpecified" value="16" />
  <attribute name="heapSize specified" value="0" />
  <attribute name="Current GC Util" value="33" />
  <attribute name= "Current Time Running" value="175247" />
  <attribute name ="GC Interval" value="0" />
  <attribute name="ProportionalT" value="-23.500000" />
  <attribute name="ProportionalI" value="-23.500000" />
  <attribute name="ProportionalH" value="-23.500000" />
  <attribute name="Current Error" value="-47.000000" />
  <attribute name="IntegralT" value="-47.000000" />
  <attribute name="IntegralI" value="-47.000000" />
  <attribute name="IntegralH" value="-47.000000" />
  <attribute name="DerivativeT" value="-23.500000" />
  <attribute name="DerivativeI" value="-23.500000" />
  <attribute name="DerivativeH" value="-23.500000" />
  <attribute name="Loop Time for DT" value="2.000000" />
  <attribute name="Output H" value="4202627072"/>
  <attribute name="Output I" value="200"/>
  <attribute name="Output T" value="16"/>
  <attribute name="Target GC Util Change" value ="80.000000" />
  <attribute name="Current GC Util Change" value="33.000000"/>
  <attribute name="GC Util currently" value="33" />
  <attribute name="CPU Util currently" value="545293357719" />
<exclusive-end id="5172" timestamp="2019-08-11T05:39:53.417" durationms="58.647" />

<exclusive-start id="5173" timestamp="2019-08-11T05:39:53.574" intervalms="216.030">
  <response-info timems="21.353" idlems="21.353" threads="0" lastid="00000000026D8200" lastname="Thread-38" />
</exclusive-start>
<allocation-taxation id="5174" taxation-threshold="52428800" timestamp="2019-08-11T05:39:53.578" intervalms="220.179" />
<cycle-start id="5175" type="partial gc" contextid="0" timestamp="2019-08-11T05:39:53.578" intervalms="218.675" />
<gc-start id="5176" type="partial gc" contextid="5175" timestamp="2019-08-11T05:39:53.579">
  <mem-info id="5177" free="56623104" total="178257920" percent="31">
    <mem type="eden" free="0" total="52428800" percent="0" />
    <remembered-set count="5952" freebytes="7102592" totalbytes="7126400" percent="99" regionsoverflowed="0" regionsstable="11" regionsrebuilding="0"/>
  </mem-info>
</gc-start>
<allocation-stats totalBytes="52238832" >
  <allocated-bytes non-tlh="65552" tlh="52173280" arrayletleaf="0"/>
  <largest-consumer threadName="Thread-44" threadId="00000000026DBD00" bytes="6311872" />
</allocation-stats>
<gc-op id="5178" type="copy forward" timems="38.870" contextid="5175" timestamp="2019-08-11T05:39:53.628">
  <memory-copied type="eden" objects="9518" bytes="3908096" bytesdiscarded="531816" />
  <memory-copied type="other" objects="38" bytes="2584" bytesdiscarded="2280" />
  <memory-cardclean objects="3221" bytes="229440" />
  <regions eden="25" other="4" />
  <remembered-set-cleared processed="755" cleared="133" durationms="0.183" />
  <references type="weak" candidates="1" cleared="0" enqueued="0" />
  <references type="phantom" candidates="5" cleared="0" enqueued="0" />
  <stringconstants candidates="16242" cleared="0"  />
</gc-op>
<gc-op id="5179" type="classunload" timems="0.012" contextid="5175" timestamp="2019-08-11T05:39:53.628">
  <classunload-info classloadercandidates="69" classloadersunloaded="0" classesunloaded="0" anonymousclassesunloaded="0" quiescems="0.000" setupms="0.012" scanms="0.000" postms="0.000" />
</gc-op>
<gc-end id="5180" type="partial gc" contextid="5175" durationms="49.807" usertimems="20.477" systemtimems="20.853" timestamp="2019-08-11T05:39:53.629" activeThreads="16">
  <mem-info id="5181" free="106954752" total="178257920" percent="60">
    <mem type="eden" free="1851240" total="6291456" percent="29" />
    <remembered-set count="6784" freebytes="7099264" totalbytes="7126400" percent="99" regionsoverflowed="0" regionsstable="11" regionsrebuilding="0"/>
  </mem-info>
</gc-end>
<cycle-end id="5182" type="partial gc" contextid="5175" timestamp="2019-08-11T05:39:53.629" />
  <attribute name="elasticGC enabled" value="1" />
  <attribute name= "numThreadsSpecified" value="16" />
  <attribute name="heapSize specified" value="0" />
  <attribute name="Current GC Util" value="14" />
  <attribute name= "Current Time Running" value="175474" />
  <attribute name ="GC Interval" value="0" />
  <attribute name="ProportionalT" value="-33.000000" />
  <attribute name="ProportionalI" value="-33.000000" />
  <attribute name="ProportionalH" value="-33.000000" />
  <attribute name="Current Error" value="-66.000000" />
  <attribute name="IntegralT" value="-264.000000" />
  <attribute name="IntegralI" value="-264.000000" />
  <attribute name="IntegralH" value="-264.000000" />
  <attribute name="DerivativeT" value="-8.250000" />
  <attribute name="DerivativeI" value="-8.250000" />
  <attribute name="DerivativeH" value="-8.250000" />
  <attribute name="Loop Time for DT" value="8.000000" />
  <attribute name="Output H" value="4202627072"/>
  <attribute name="Output I" value="200"/>
  <attribute name="Output T" value="16"/>
  <attribute name="Target GC Util Change" value ="80.000000" />
  <attribute name="Current GC Util Change" value="14.000000"/>
  <attribute name="GC Util currently" value="14" />
  <attribute name="CPU Util currently" value="135233175908" />
<exclusive-end id="5183" timestamp="2019-08-11T05:39:53.629" durationms="55.146" />

<exclusive-start id="5184" timestamp="2019-08-11T05:39:53.655" intervalms="81.157">
  <response-info timems="0.745" idlems="0.450" threads="3" lastid="00000000026BDE00" lastname="Thread-43" />
</exclusive-start>
<allocation-taxation id="5185" taxation-threshold="52428800" timestamp="2019-08-11T05:39:53.655" intervalms="76.994" />
<cycle-start id="5186" type="partial gc" contextid="0" timestamp="2019-08-11T05:39:53.655" intervalms="76.962" />
<gc-start id="5187" type="partial gc" contextid="5186" timestamp="2019-08-11T05:39:53.656">
  <mem-info id="5188" free="54525952" total="178257920" percent="30">
    <mem type="eden" free="0" total="52428800" percent="0" />
    <remembered-set count="6464" freebytes="7100544" totalbytes="7126400" percent="99" regionsoverflowed="0" regionsstable="11" regionsrebuilding="0"/>
  </mem-info>
</gc-start>
<allocation-stats totalBytes="52227840" >
  <allocated-bytes non-tlh="32776" tlh="52195064" arrayletleaf="0"/>
  <largest-consumer threadName="Thread-43" threadId="00000000026BDE00" bytes="5796888" />
</allocation-stats>
<gc-op id="5189" type="copy forward" timems="217.975" contextid="5186" timestamp="2019-08-11T05:39:53.879">
  <memory-copied type="eden" objects="8915" bytes="3609760" bytesdiscarded="379976" />
  <memory-copied type="other" objects="80" bytes="40376" bytesdiscarded="5240" />
  <memory-cardclean objects="3106" bytes="176568" />
  <regions eden="25" other="6" />
  <remembered-set-cleared processed="734" cleared="137" durationms="0.104" />
  <references type="phantom" candidates="6" cleared="0" enqueued="0" />
  <stringconstants candidates="16242" cleared="0"  />
</gc-op>
<gc-op id="5190" type="classunload" timems="0.020" contextid="5186" timestamp="2019-08-11T05:39:53.879">
  <classunload-info classloadercandidates="69" classloadersunloaded="0" classesunloaded="0" anonymousclassesunloaded="0" quiescems="0.000" setupms="0.019" scanms="0.000" postms="0.000" />
</gc-op>
<heap-resize id="5191" type="contract" space="default" amount="4194304" count="1" timems="0.090" reason="excess free space following gc" timestamp="2019-08-11T05:39:53.880" />
<gc-end id="5192" type="partial gc" contextid="5186" durationms="224.510" usertimems="48.182" systemtimems="66.804" timestamp="2019-08-11T05:39:53.880" activeThreads="16">
  <mem-info id="5193" free="106954752" total="174063616" percent="61">
    <mem type="eden" free="204280" total="4194304" percent="4" />
    <remembered-set count="8256" freebytes="7093376" totalbytes="7126400" percent="99" regionsoverflowed="0" regionsstable="11" regionsrebuilding="0"/>
  </mem-info>
</gc-end>
<cycle-end id="5194" type="partial gc" contextid="5186" timestamp="2019-08-11T05:39:53.881" />
  <attribute name="elasticGC enabled" value="1" />
  <attribute name= "numThreadsSpecified" value="16" />
  <attribute name="heapSize specified" value="0" />
  <attribute name="Current GC Util" value="57" />
  <attribute name= "Current Time Running" value="175543" />
  <attribute name ="GC Interval" value="0" />
  <attribute name="ProportionalT" value="-11.500000" />
  <attribute name="ProportionalI" value="-11.500000" />
  <attribute name="ProportionalH" value="-11.500000" />
  <attribute name="Current Error" value="-23.000000" />
  <attribute name="IntegralT" value="-23.000000" />
  <attribute name="IntegralI" value="-23.000000" />
  <attribute name="IntegralH" value="-23.000000" />
  <attribute name="DerivativeT" value="-11.500000" />
  <attribute name="DerivativeI" value="-11.500000" />
  <attribute name="DerivativeH" value="-11.500000" />
  <attribute name="Loop Time for DT" value="2.000000" />
  <attribute name="Output H" value="4202627072"/>
  <attribute name="Output I" value="200"/>
  <attribute name="Output T" value="16"/>
  <attribute name="Target GC Util Change" value ="80.000000" />
  <attribute name="Current GC Util Change" value="57.000000"/>
  <attribute name="GC Util currently" value="57" />
  <attribute name="CPU Util currently" value="845844353896" />
<exclusive-end id="5195" timestamp="2019-08-11T05:39:53.882" durationms="227.042" />

<exclusive-start id="5196" timestamp="2019-08-11T05:39:54.172" intervalms="516.901">
  <response-info timems="0.224" idlems="0.224" threads="0" lastid="00000000026E3500" lastname="Thread-46" />
</exclusive-start>
<allocation-taxation id="5197" taxation-threshold="50331648" timestamp="2019-08-11T05:39:54.172" intervalms="516.902" />
<cycle-start id="5198" type="partial gc" contextid="0" timestamp="2019-08-11T05:39:54.172" intervalms="516.883" />
<gc-start id="5199" type="partial gc" contextid="5198" timestamp="2019-08-11T05:39:54.173">
  <mem-info id="5200" free="56623104" total="174063616" percent="32">
    <mem type="eden" free="0" total="50331648" percent="0" />
    <remembered-set count="7840" freebytes="7095040" totalbytes="7126400" percent="99" regionsoverflowed="0" regionsstable="11" regionsrebuilding="0"/>
  </mem-info>
</gc-start>
<allocation-stats totalBytes="50107872" >
  <allocated-bytes non-tlh="32776" tlh="50075096" arrayletleaf="0"/>
  <largest-consumer threadName="Thread-38" threadId="00000000026D8200" bytes="6128352" />
</allocation-stats>
<gc-op id="5201" type="copy forward" timems="20.947" contextid="5198" timestamp="2019-08-11T05:39:54.195">
  <memory-copied type="eden" objects="9101" bytes="3709160" bytesdiscarded="473512" />
  <memory-copied type="other" objects="22" bytes="904" bytesdiscarded="0" />
  <memory-cardclean objects="3126" bytes="178600" />
  <regions eden="24" other="3" />
  <remembered-set-cleared processed="670" cleared="75" durationms="0.116" />
  <references type="weak" candidates="1" cleared="0" enqueued="0" />
  <references type="phantom" candidates="8" cleared="0" enqueued="0" />
  <stringconstants candidates="16242" cleared="0"  />
</gc-op>
<gc-op id="5202" type="classunload" timems="0.013" contextid="5198" timestamp="2019-08-11T05:39:54.195">
  <classunload-info classloadercandidates="69" classloadersunloaded="0" classesunloaded="0" anonymousclassesunloaded="0" quiescems="0.000" setupms="0.013" scanms="0.000" postms="0.000" />
</gc-op>
<gc-end id="5203" type="partial gc" contextid="5198" durationms="22.874" usertimems="31.619" systemtimems="19.268" timestamp="2019-08-11T05:39:54.195" activeThreads="16">
  <mem-info id="5204" free="104857600" total="174063616" percent="60">
    <mem type="eden" free="11312" total="4194304" percent="0" />
    <remembered-set count="7200" freebytes="6929920" totalbytes="6958720" percent="99" regionsoverflowed="0" regionsstable="11" regionsrebuilding="0"/>
  </mem-info>
</gc-end>
<cycle-end id="5205" type="partial gc" contextid="5198" timestamp="2019-08-11T05:39:54.196" />
  <attribute name="elasticGC enabled" value="1" />
  <attribute name= "numThreadsSpecified" value="16" />
  <attribute name="heapSize specified" value="0" />
  <attribute name="Current GC Util" value="58" />
  <attribute name= "Current Time Running" value="176059" />
  <attribute name ="GC Interval" value="0" />
  <attribute name="ProportionalT" value="-11.000000" />
  <attribute name="ProportionalI" value="-11.000000" />
  <attribute name="ProportionalH" value="-11.000000" />
  <attribute name="Current Error" value="-22.000000" />
  <attribute name="IntegralT" value="-11.000000" />
  <attribute name="IntegralI" value="-11.000000" />
  <attribute name="IntegralH" value="-11.000000" />
  <attribute name="DerivativeT" value="-22.000000" />
  <attribute name="DerivativeI" value="-22.000000" />
  <attribute name="DerivativeH" value="-22.000000" />
  <attribute name="Loop Time for DT" value="1.000000" />
  <attribute name="Output H" value="4202627072"/>
  <attribute name="Output I" value="200"/>
  <attribute name="Output T" value="16"/>
  <attribute name="Target GC Util Change" value ="80.000000" />
  <attribute name="Current GC Util Change" value="58.000000"/>
  <attribute name="GC Util currently" value="58" />
  <attribute name="CPU Util currently" value="877137839555" />
<exclusive-end id="5206" timestamp="2019-08-11T05:39:54.197" durationms="25.047" />

<exclusive-start id="5207" timestamp="2019-08-11T05:39:54.477" intervalms="304.609">
  <response-info timems="15.398" idlems="14.246" threads="1" lastid="00000000026CCE00" lastname="Thread-45" />
</exclusive-start>
<allocation-taxation id="5208" taxation-threshold="50331648" timestamp="2019-08-11T05:39:54.477" intervalms="304.627" />
<cycle-start id="5209" type="partial gc" contextid="0" timestamp="2019-08-11T05:39:54.477" intervalms="304.751" />
<gc-start id="5210" type="partial gc" contextid="5209" timestamp="2019-08-11T05:39:54.477">
  <mem-info id="5211" free="54525952" total="174063616" percent="31">
    <mem type="eden" free="0" total="50331648" percent="0" />
    <remembered-set count="6848" freebytes="6931328" totalbytes="6958720" percent="99" regionsoverflowed="0" regionsstable="11" regionsrebuilding="0"/>
  </mem-info>
</gc-start>
<allocation-stats totalBytes="50162312" >
  <allocated-bytes non-tlh="16392" tlh="50145920" arrayletleaf="0"/>
  <largest-consumer threadName="Thread-44" threadId="00000000026DBD00" bytes="9330584" />
</allocation-stats>
<gc-op id="5212" type="copy forward" timems="164.486" contextid="5209" timestamp="2019-08-11T05:39:54.648">
  <memory-copied type="eden" objects="9969" bytes="3928360" bytesdiscarded="255720" />
  <memory-copied type="other" objects="18" bytes="864" bytesdiscarded="0" />
  <memory-cardclean objects="3098" bytes="143504" />
  <regions eden="24" other="3" />
  <remembered-set-cleared processed="711" cleared="104" durationms="0.246" />
  <references type="phantom" candidates="2" cleared="0" enqueued="0" />
  <stringconstants candidates="16242" cleared="0"  />
</gc-op>
<gc-op id="5213" type="classunload" timems="0.011" contextid="5209" timestamp="2019-08-11T05:39:54.648">
  <classunload-info classloadercandidates="69" classloadersunloaded="0" classesunloaded="0" anonymousclassesunloaded="0" quiescems="0.000" setupms="0.011" scanms="0.000" postms="0.000" />
</gc-op>
<heap-resize id="5214" type="expand" space="default" amount="20971520" count="1" timems="0.109" reason="excessive time being spent in gc" timestamp="2019-08-11T05:39:54.649" />
<gc-end id="5215" type="partial gc" contextid="5209" durationms="171.718" usertimems="65.500" systemtimems="60.813" timestamp="2019-08-11T05:39:54.649" activeThreads="16">
  <mem-info id="5216" free="117440512" total="195035136" percent="60">
    <mem type="eden" free="6301408" total="10485760" percent="60" />
    <remembered-set count="9920" freebytes="7757440" totalbytes="7797120" percent="99" regionsoverflowed="0" regionsstable="11" regionsrebuilding="0"/>
  </mem-info>
</gc-end>
<cycle-end id="5217" type="partial gc" contextid="5209" timestamp="2019-08-11T05:39:54.649" />
  <attribute name="elasticGC enabled" value="1" />
  <attribute name= "numThreadsSpecified" value="16" />
  <attribute name="heapSize specified" value="0" />
  <attribute name="Current GC Util" value="24" />
  <attribute name= "Current Time Running" value="176369" />
  <attribute name ="GC Interval" value="0" />
  <attribute name="ProportionalT" value="-28.000000" />
  <attribute name="ProportionalI" value="-28.000000" />
  <attribute name="ProportionalH" value="-28.000000" />
  <attribute name="Current Error" value="-56.000000" />
  <attribute name="IntegralT" value="-168.000000" />
  <attribute name="IntegralI" value="-168.000000" />
  <attribute name="IntegralH" value="-168.000000" />
  <attribute name="DerivativeT" value="-9.333333" />
  <attribute name="DerivativeI" value="-9.333333" />
  <attribute name="DerivativeH" value="-9.333333" />
  <attribute name="Loop Time for DT" value="6.000000" />
  <attribute name="Output H" value="4202627072"/>
  <attribute name="Output I" value="200"/>
  <attribute name="Output T" value="16"/>
  <attribute name="Target GC Util Change" value ="80.000000" />
  <attribute name="Current GC Util Change" value="24.000000"/>
  <attribute name="GC Util currently" value="24" />
  <attribute name="CPU Util currently" value="188669528797" />
<exclusive-end id="5218" timestamp="2019-08-11T05:39:54.649" durationms="172.669" />

<exclusive-start id="5219" timestamp="2019-08-11T05:39:54.751" intervalms="274.662">
  <response-info timems="15.973" idlems="12.890" threads="4" lastid="0000000002690B00" lastname="Thread-48" />
</exclusive-start>
<allocation-taxation id="5220" taxation-threshold="56623104" timestamp="2019-08-11T05:39:54.761" intervalms="283.965" />
<cycle-start id="5221" type="partial gc" contextid="0" timestamp="2019-08-11T05:39:54.774" intervalms="296.538" />
<gc-start id="5222" type="partial gc" contextid="5221" timestamp="2019-08-11T05:39:54.777">
  <mem-info id="5223" free="60817408" total="195035136" percent="31">
    <mem type="eden" free="0" total="56623104" percent="0" />
    <remembered-set count="9600" freebytes="7758720" totalbytes="7797120" percent="99" regionsoverflowed="0" regionsstable="11" regionsrebuilding="0"/>
  </mem-info>
</gc-start>
<allocation-stats totalBytes="56474856" >
  <allocated-bytes non-tlh="32784" tlh="56442072" arrayletleaf="0"/>
  <largest-consumer threadName="Thread-42" threadId="00000000026C1A00" bytes="10715008" />
</allocation-stats>
<gc-op id="5224" type="copy forward" timems="251.612" contextid="5221" timestamp="2019-08-11T05:39:55.056">
  <memory-copied type="eden" objects="8941" bytes="3673360" bytesdiscarded="272376" />
  <memory-copied type="other" objects="670" bytes="289680" bytesdiscarded="16688" />
  <memory-cardclean objects="2988" bytes="139864" />
  <regions eden="27" other="7" />
  <remembered-set-cleared processed="709" cleared="106" durationms="11.454" />
  <references type="phantom" candidates="2" cleared="0" enqueued="0" />
  <stringconstants candidates="16242" cleared="0"  />
</gc-op>
<gc-op id="5225" type="classunload" timems="0.013" contextid="5221" timestamp="2019-08-11T05:39:55.056">
  <classunload-info classloadercandidates="69" classloadersunloaded="0" classesunloaded="0" anonymousclassesunloaded="0" quiescems="0.000" setupms="0.013" scanms="0.000" postms="0.000" />
</gc-op>
<gc-end id="5226" type="partial gc" contextid="5221" durationms="279.469" usertimems="56.886" systemtimems="59.130" timestamp="2019-08-11T05:39:55.057" activeThreads="16">
  <mem-info id="5227" free="119537664" total="195035136" percent="61">
    <mem type="eden" free="2345464" total="6291456" percent="37" />
    <remembered-set count="5728" freebytes="7774208" totalbytes="7797120" percent="99" regionsoverflowed="0" regionsstable="11" regionsrebuilding="0"/>
  </mem-info>
</gc-end>
<cycle-end id="5228" type="partial gc" contextid="5221" timestamp="2019-08-11T05:39:55.057" />
  <attribute name="elasticGC enabled" value="1" />
  <attribute name= "numThreadsSpecified" value="16" />
  <attribute name="heapSize specified" value="0" />
  <attribute name="Current GC Util" value="16" />
  <attribute name= "Current Time Running" value="176691" />
  <attribute name ="GC Interval" value="0" />
  <attribute name="ProportionalT" value="-32.000000" />
  <attribute name="ProportionalI" value="-32.000000" />
  <attribute name="ProportionalH" value="-32.000000" />
  <attribute name="Current Error" value="-64.000000" />
  <attribute name="IntegralT" value="-896.000000" />
  <attribute name="IntegralI" value="-896.000000" />
  <attribute name="IntegralH" value="-896.000000" />
  <attribute name="DerivativeT" value="-2.285714" />
  <attribute name="DerivativeI" value="-2.285714" />
  <attribute name="DerivativeH" value="-2.285714" />
  <attribute name="Loop Time for DT" value="28.000000" />
  <attribute name="Output H" value="4202627072"/>
  <attribute name="Output I" value="200"/>
  <attribute name="Output T" value="16"/>
  <attribute name="Target GC Util Change" value ="80.000000" />
  <attribute name="Current GC Util Change" value="16.000000"/>
  <attribute name="GC Util currently" value="16" />
  <attribute name="CPU Util currently" value="40692561182" />
<exclusive-end id="5229" timestamp="2019-08-11T05:39:55.057" durationms="305.674" />

<exclusive-start id="5230" timestamp="2019-08-11T05:39:55.095" intervalms="343.948">
  <response-info timems="0.352" idlems="0.352" threads="0" lastid="0000000002690B00" lastname="Thread-48" />
</exclusive-start>
<allocation-taxation id="5231" taxation-threshold="56623104" timestamp="2019-08-11T05:39:55.095" intervalms="334.700" />
<cycle-start id="5232" type="partial gc" contextid="0" timestamp="2019-08-11T05:39:55.096" intervalms="322.044" />
<gc-start id="5233" type="partial gc" contextid="5232" timestamp="2019-08-11T05:39:55.096">
  <mem-info id="5234" free="62914560" total="195035136" percent="32">
    <mem type="eden" free="0" total="56623104" percent="0" />
    <remembered-set count="5376" freebytes="7775616" totalbytes="7797120" percent="99" regionsoverflowed="0" regionsstable="11" regionsrebuilding="0"/>
  </mem-info>
</gc-start>
<allocation-stats totalBytes="56441912" >
  <allocated-bytes non-tlh="131112" tlh="56310800" arrayletleaf="0"/>
  <largest-consumer threadName="Thread-51" threadId="0000000002685700" bytes="6938752" />
</allocation-stats>
<gc-op id="5235" type="copy forward" timems="287.934" contextid="5232" timestamp="2019-08-11T05:39:55.385">
  <memory-copied type="eden" objects="9349" bytes="3740656" bytesdiscarded="381768" />
  <memory-copied type="other" objects="116" bytes="23472" bytesdiscarded="4064" />
  <memory-cardclean objects="3083" bytes="227032" />
  <regions eden="27" other="5" />
  <remembered-set-cleared processed="724" cleared="132" durationms="0.144" />
  <references type="phantom" candidates="2" cleared="0" enqueued="0" />
  <stringconstants candidates="16242" cleared="0"  />
</gc-op>
<gc-op id="5236" type="classunload" timems="0.019" contextid="5232" timestamp="2019-08-11T05:39:55.385">
  <classunload-info classloadercandidates="69" classloadersunloaded="0" classesunloaded="0" anonymousclassesunloaded="0" quiescems="0.000" setupms="0.019" scanms="0.000" postms="0.000" />
</gc-op>
<gc-end id="5237" type="partial gc" contextid="5232" durationms="298.073" usertimems="93.361" systemtimems="136.631" timestamp="2019-08-11T05:39:55.394" activeThreads="16">
  <mem-info id="5238" free="119537664" total="195035136" percent="61">
    <mem type="eden" free="71608" total="4194304" percent="1" />
    <remembered-set count="7072" freebytes="7768832" totalbytes="7797120" percent="99" regionsoverflowed="0" regionsstable="11" regionsrebuilding="0"/>
  </mem-info>
</gc-end>
<cycle-end id="5239" type="partial gc" contextid="5232" timestamp="2019-08-11T05:39:55.394" />
  <attribute name="elasticGC enabled" value="1" />
  <attribute name= "numThreadsSpecified" value="16" />
  <attribute name="heapSize specified" value="0" />
  <attribute name="Current GC Util" value="191" />
  <attribute name= "Current Time Running" value="176982" />
  <attribute name ="GC Interval" value="0" />
  <attribute name="ProportionalT" value="55.500000" />
  <attribute name="ProportionalI" value="55.500000" />
  <attribute name="ProportionalH" value="55.500000" />
  <attribute name="Current Error" value="111.000000" />
  <attribute name="IntegralT" value="55.500000" />
  <attribute name="IntegralI" value="55.500000" />
  <attribute name="IntegralH" value="55.500000" />
  <attribute name="DerivativeT" value="111.000000" />
  <attribute name="DerivativeI" value="111.000000" />
  <attribute name="DerivativeH" value="111.000000" />
  <attribute name="Loop Time for DT" value="1.000000" />
  <attribute name="Output H" value="8388608"/>
  <attribute name="Output I" value="224"/>
  <attribute name="Output T" value="16"/>
  <attribute name="Target GC Util Change" value ="80.000000" />
  <attribute name="Current GC Util Change" value="191.000000"/>
  <attribute name="GC Util currently" value="191" />
  <attribute name="CPU Util currently" value="1277799438603" />
<exclusive-end id="5240" timestamp="2019-08-11T05:39:55.396" durationms="300.756" />

<exclusive-start id="5241" timestamp="2019-08-11T05:39:55.473" intervalms="377.397">
  <response-info timems="0.780" idlems="0.410" threads="1" lastid="00000000026C1A00" lastname="Thread-42" />
</exclusive-start>
<allocation-taxation id="5242" taxation-threshold="56623104" timestamp="2019-08-11T05:39:55.473" intervalms="377.326" />
<cycle-start id="5243" type="partial gc" contextid="0" timestamp="2019-08-11T05:39:55.473" intervalms="377.383" />
<gc-start id="5244" type="partial gc" contextid="5243" timestamp="2019-08-11T05:39:55.473">
  <mem-info id="5245" free="62914560" total="195035136" percent="32">
    <mem type="eden" free="0" total="56623104" percent="0" />
    <remembered-set count="6752" freebytes="7770112" totalbytes="7797120" percent="99" regionsoverflowed="0" regionsstable="11" regionsrebuilding="0"/>
  </mem-info>
</gc-start>
<allocation-stats totalBytes="56548928" >
  <allocated-bytes non-tlh="32776" tlh="56516152" arrayletleaf="0"/>
  <largest-consumer threadName="Thread-52" threadId="00000000026A7200" bytes="6936456" />
</allocation-stats>
<gc-op id="5246" type="copy forward" timems="102.769" contextid="5243" timestamp="2019-08-11T05:39:55.578">
  <memory-copied type="eden" objects="10065" bytes="4019872" bytesdiscarded="540688" />
  <memory-copied type="other" objects="151" bytes="143648" bytesdiscarded="280" />
  <memory-cardclean objects="3118" bytes="145712" />
  <regions eden="27" other="3" />
  <remembered-set-cleared processed="719" cleared="125" durationms="0.543" />
  <references type="phantom" candidates="1" cleared="0" enqueued="0" />
  <stringconstants candidates="16242" cleared="0"  />
</gc-op>
<gc-op id="5247" type="classunload" timems="0.018" contextid="5243" timestamp="2019-08-11T05:39:55.578">
  <classunload-info classloadercandidates="69" classloadersunloaded="0" classesunloaded="0" anonymousclassesunloaded="0" quiescems="0.000" setupms="0.018" scanms="0.000" postms="0.000" />
</gc-op>
<heap-resize id="5248" type="expand" space="default" amount="4194304" count="1" timems="0.090" reason="excessive time being spent in gc" timestamp="2019-08-11T05:39:55.579" />
<gc-end id="5249" type="partial gc" contextid="5243" durationms="105.539" usertimems="51.063" systemtimems="34.056" timestamp="2019-08-11T05:39:55.579" activeThreads="16">
  <mem-info id="5250" free="119537664" total="199229440" percent="60">
    <mem type="eden" free="1730640" total="6291456" percent="27" />
    <remembered-set count="8224" freebytes="7931904" totalbytes="7964800" percent="99" regionsoverflowed="0" regionsstable="11" regionsrebuilding="0"/>
  </mem-info>
</gc-end>
<cycle-end id="5251" type="partial gc" contextid="5243" timestamp="2019-08-11T05:39:55.598" />
  <attribute name="elasticGC enabled" value="1" />
  <attribute name= "numThreadsSpecified" value="16" />
  <attribute name="heapSize specified" value="0" />
  <attribute name="Current GC Util" value="52" />
  <attribute name= "Current Time Running" value="177360" />
  <attribute name ="GC Interval" value="0" />
  <attribute name="ProportionalT" value="-14.000000" />
  <attribute name="ProportionalI" value="-14.000000" />
  <attribute name="ProportionalH" value="-14.000000" />
  <attribute name="Current Error" value="-28.000000" />
  <attribute name="IntegralT" value="-28.000000" />
  <attribute name="IntegralI" value="-28.000000" />
  <attribute name="IntegralH" value="-28.000000" />
  <attribute name="DerivativeT" value="-14.000000" />
  <attribute name="DerivativeI" value="-14.000000" />
  <attribute name="DerivativeH" value="-14.000000" />
  <attribute name="Loop Time for DT" value="2.000000" />
  <attribute name="Output H" value="4202627072"/>
  <attribute name="Output I" value="200"/>
  <attribute name="Output T" value="16"/>
  <attribute name="Target GC Util Change" value ="80.000000" />
  <attribute name="Current GC Util Change" value="52.000000"/>
  <attribute name="GC Util currently" value="52" />
  <attribute name="CPU Util currently" value="628640009065" />
<exclusive-end id="5252" timestamp="2019-08-11T05:39:55.602" durationms="129.238" />

<exclusive-start id="5253" timestamp="2019-08-11T05:39:55.693" intervalms="220.413">
  <response-info timems="1.408" idlems="1.408" threads="0" lastid="00000000026E3500" lastname="Thread-46" />
</exclusive-start>
<allocation-taxation id="5254" taxation-threshold="56623104" timestamp="2019-08-11T05:39:55.693" intervalms="220.408" />
<cycle-start id="5255" type="partial gc" contextid="0" timestamp="2019-08-11T05:39:55.693" intervalms="220.338" />
<gc-start id="5256" type="partial gc" contextid="5255" timestamp="2019-08-11T05:39:55.694">
  <mem-info id="5257" free="62914560" total="199229440" percent="31">
    <mem type="eden" free="0" total="56623104" percent="0" />
    <remembered-set count="7936" freebytes="7933056" totalbytes="7964800" percent="99" regionsoverflowed="0" regionsstable="11" regionsrebuilding="0"/>
  </mem-info>
</gc-start>
<allocation-stats totalBytes="56455480" >
  <allocated-bytes non-tlh="8200" tlh="56447280" arrayletleaf="0"/>
  <largest-consumer threadName="Thread-39" threadId="00000000026C9200" bytes="7336144" />
</allocation-stats>
<gc-op id="5258" type="copy forward" timems="155.951" contextid="5255" timestamp="2019-08-11T05:39:55.852">
  <memory-copied type="eden" objects="8497" bytes="3542400" bytesdiscarded="188960" />
  <memory-copied type="other" objects="12" bytes="432" bytesdiscarded="0" />
  <memory-cardclean objects="3100" bytes="145168" />
  <regions eden="27" other="3" />
  <remembered-set-cleared processed="722" cleared="115" durationms="0.447" />
  <references type="weak" candidates="1" cleared="0" enqueued="0" />
  <references type="phantom" candidates="3" cleared="0" enqueued="0" />
  <stringconstants candidates="16242" cleared="0"  />
</gc-op>
<gc-op id="5259" type="classunload" timems="0.021" contextid="5255" timestamp="2019-08-11T05:39:55.852">
  <classunload-info classloadercandidates="69" classloadersunloaded="0" classesunloaded="0" anonymousclassesunloaded="0" quiescems="0.000" setupms="0.021" scanms="0.000" postms="0.000" />
</gc-op>
<gc-end id="5260" type="partial gc" contextid="5255" durationms="158.373" usertimems="49.167" systemtimems="60.276" timestamp="2019-08-11T05:39:55.852" activeThreads="16">
  <mem-info id="5261" free="119537664" total="199229440" percent="60">
    <mem type="eden" free="462672" total="4194304" percent="11" />
    <remembered-set count="4832" freebytes="7945472" totalbytes="7964800" percent="99" regionsoverflowed="0" regionsstable="11" regionsrebuilding="0"/>
  </mem-info>
</gc-end>
<cycle-end id="5262" type="partial gc" contextid="5255" timestamp="2019-08-11T05:39:55.852" />
  <attribute name="elasticGC enabled" value="1" />
  <attribute name= "numThreadsSpecified" value="16" />
  <attribute name="heapSize specified" value="0" />
  <attribute name="Current GC Util" value="48" />
  <attribute name= "Current Time Running" value="177580" />
  <attribute name ="GC Interval" value="0" />
  <attribute name="ProportionalT" value="-16.000000" />
  <attribute name="ProportionalI" value="-16.000000" />
  <attribute name="ProportionalH" value="-16.000000" />
  <attribute name="Current Error" value="-32.000000" />
  <attribute name="IntegralT" value="-16.000000" />
  <attribute name="IntegralI" value="-16.000000" />
  <attribute name="IntegralH" value="-16.000000" />
  <attribute name="DerivativeT" value="-32.000000" />
  <attribute name="DerivativeI" value="-32.000000" />
  <attribute name="DerivativeH" value="-32.000000" />
  <attribute name="Loop Time for DT" value="1.000000" />
  <attribute name="Output H" value="4202627072"/>
  <attribute name="Output I" value="200"/>
  <attribute name="Output T" value="16"/>
  <attribute name="Target GC Util Change" value ="80.000000" />
  <attribute name="Current GC Util Change" value="48.000000"/>
  <attribute name="GC Util currently" value="48" />
  <attribute name="CPU Util currently" value="893007864502" />
<exclusive-end id="5263" timestamp="2019-08-11T05:39:55.860" durationms="167.284" />

<exclusive-start id="5264" timestamp="2019-08-11T05:39:55.967" intervalms="273.724">
  <response-info timems="0.790" idlems="0.790" threads="0" lastid="0000000002690B00" lastname="Thread-48" />
</exclusive-start>
<allocation-taxation id="5265" taxation-threshold="56623104" timestamp="2019-08-11T05:39:55.967" intervalms="273.749" />
<cycle-start id="5266" type="partial gc" contextid="0" timestamp="2019-08-11T05:39:55.967" intervalms="273.789" />
<gc-start id="5267" type="partial gc" contextid="5266" timestamp="2019-08-11T05:39:55.967">
  <mem-info id="5268" free="62914560" total="199229440" percent="31">
    <mem type="eden" free="0" total="56623104" percent="0" />
    <remembered-set count="4448" freebytes="7947008" totalbytes="7964800" percent="99" regionsoverflowed="0" regionsstable="11" regionsrebuilding="0"/>
  </mem-info>
</gc-start>
<allocation-stats totalBytes="56462424" >
  <allocated-bytes non-tlh="16392" tlh="56446032" arrayletleaf="0"/>
  <largest-consumer threadName="Thread-42" threadId="00000000026C1A00" bytes="7252312" />
</allocation-stats>
<gc-op id="5269" type="copy forward" timems="200.863" contextid="5266" timestamp="2019-08-11T05:39:56.170">
  <memory-copied type="eden" objects="9534" bytes="3958192" bytesdiscarded="553200" />
  <memory-copied type="other" objects="13" bytes="536" bytesdiscarded="0" />
  <memory-cardclean objects="3117" bytes="145864" />
  <regions eden="27" other="2" />
  <remembered-set-cleared processed="725" cleared="118" durationms="1.189" />
  <references type="weak" candidates="1" cleared="0" enqueued="0" />
  <references type="phantom" candidates="5" cleared="0" enqueued="0" />
  <stringconstants candidates="16242" cleared="0"  />
</gc-op>
<gc-op id="5270" type="classunload" timems="0.018" contextid="5266" timestamp="2019-08-11T05:39:56.170">
  <classunload-info classloadercandidates="69" classloadersunloaded="0" classesunloaded="0" anonymousclassesunloaded="0" quiescems="0.000" setupms="0.018" scanms="0.000" postms="0.000" />
</gc-op>
<heap-resize id="5271" type="expand" space="default" amount="10485760" count="1" timems="0.074" reason="excessive time being spent in gc" timestamp="2019-08-11T05:39:56.170" />
<gc-end id="5272" type="partial gc" contextid="5266" durationms="202.739" usertimems="48.083" systemtimems="92.015" timestamp="2019-08-11T05:39:56.170" activeThreads="16">
  <mem-info id="5273" free="125829120" total="209715200" percent="60">
    <mem type="eden" free="1779776" total="6291456" percent="28" />
    <remembered-set count="8416" freebytes="8350336" totalbytes="8384000" percent="99" regionsoverflowed="0" regionsstable="11" regionsrebuilding="0"/>
  </mem-info>
</gc-end>
<cycle-end id="5274" type="partial gc" contextid="5266" timestamp="2019-08-11T05:39:56.170" />
  <attribute name="elasticGC enabled" value="1" />
  <attribute name= "numThreadsSpecified" value="16" />
  <attribute name="heapSize specified" value="0" />
  <attribute name="Current GC Util" value="124" />
  <attribute name= "Current Time Running" value="177854" />
  <attribute name ="GC Interval" value="0" />
  <attribute name="ProportionalT" value="22.000000" />
  <attribute name="ProportionalI" value="22.000000" />
  <attribute name="ProportionalH" value="22.000000" />
  <attribute name="Current Error" value="44.000000" />
  <attribute name="IntegralT" value="22.000000" />
  <attribute name="IntegralI" value="22.000000" />
  <attribute name="IntegralH" value="22.000000" />
  <attribute name="DerivativeT" value="44.000000" />
  <attribute name="DerivativeI" value="44.000000" />
  <attribute name="DerivativeH" value="44.000000" />
  <attribute name="Loop Time for DT" value="1.000000" />
  <attribute name="Output H" value="8388608"/>
  <attribute name="Output I" value="200"/>
  <attribute name="Output T" value="16"/>
  <attribute name="Target GC Util Change" value ="80.000000" />
  <attribute name="Current GC Util Change" value="124.000000"/>
  <attribute name="GC Util currently" value="124" />
  <attribute name="CPU Util currently" value="972670051542" />
<exclusive-end id="5275" timestamp="2019-08-11T05:39:56.181" durationms="214.059" />

<exclusive-start id="5276" timestamp="2019-08-11T05:39:56.425" intervalms="457.951">
  <response-info timems="2.304" idlems="2.304" threads="0" lastid="00000000026D8200" lastname="Thread-38" />
</exclusive-start>
<allocation-taxation id="5277" taxation-threshold="58720256" timestamp="2019-08-11T05:39:56.425" intervalms="458.063" />
<cycle-start id="5278" type="partial gc" contextid="0" timestamp="2019-08-11T05:39:56.425" intervalms="458.225" />
<gc-start id="5279" type="partial gc" contextid="5278" timestamp="2019-08-11T05:39:56.426">
  <mem-info id="5280" free="67108864" total="209715200" percent="32">
    <mem type="eden" free="0" total="58720256" percent="0" />
    <remembered-set count="8064" freebytes="8351744" totalbytes="8384000" percent="99" regionsoverflowed="0" regionsstable="11" regionsrebuilding="0"/>
  </mem-info>
</gc-start>
<allocation-stats totalBytes="58519152" >
  <allocated-bytes non-tlh="0" tlh="58519152" arrayletleaf="0"/>
  <largest-consumer threadName="Thread-44" threadId="00000000026DBD00" bytes="5770000" />
</allocation-stats>
<gc-op id="5281" type="copy forward" timems="18.259" contextid="5278" timestamp="2019-08-11T05:39:56.446">
  <memory-copied type="eden" objects="9836" bytes="4058464" bytesdiscarded="639040" />
  <memory-copied type="other" objects="27" bytes="1688" bytesdiscarded="384" />
  <memory-cardclean objects="3113" bytes="145280" />
  <regions eden="28" other="3" />
  <remembered-set-cleared processed="726" cleared="118" durationms="0.168" />
  <references type="phantom" candidates="5" cleared="0" enqueued="0" />
  <stringconstants candidates="16242" cleared="0"  />
</gc-op>
<gc-op id="5282" type="classunload" timems="0.010" contextid="5278" timestamp="2019-08-11T05:39:56.446">
  <classunload-info classloadercandidates="69" classloadersunloaded="0" classesunloaded="0" anonymousclassesunloaded="0" quiescems="0.000" setupms="0.010" scanms="0.000" postms="0.000" />
</gc-op>
<heap-resize id="5283" type="expand" space="default" amount="6291456" count="1" timems="0.058" reason="excessive time being spent in gc" timestamp="2019-08-11T05:39:56.446" />
<gc-end id="5284" type="partial gc" contextid="5278" durationms="20.659" usertimems="35.174" systemtimems="17.578" timestamp="2019-08-11T05:39:56.446" activeThreads="16">
  <mem-info id="5285" free="130023424" total="216006656" percent="60">
    <mem type="eden" free="1593656" total="6291456" percent="25" />
    <remembered-set count="8416" freebytes="8601856" totalbytes="8635520" percent="99" regionsoverflowed="0" regionsstable="11" regionsrebuilding="0"/>
  </mem-info>
</gc-end>
<cycle-end id="5286" type="partial gc" contextid="5278" timestamp="2019-08-11T05:39:56.446" />
  <attribute name="elasticGC enabled" value="1" />
  <attribute name= "numThreadsSpecified" value="16" />
  <attribute name="heapSize specified" value="0" />
  <attribute name="Current GC Util" value="1465" />
  <attribute name= "Current Time Running" value="178313" />
  <attribute name ="GC Interval" value="0" />
  <attribute name="ProportionalT" value="692.500000" />
  <attribute name="ProportionalI" value="692.500000" />
  <attribute name="ProportionalH" value="692.500000" />
  <attribute name="Current Error" value="1385.000000" />
  <attribute name="IntegralT" value="1385.000000" />
  <attribute name="IntegralI" value="1385.000000" />
  <attribute name="IntegralH" value="1385.000000" />
  <attribute name="DerivativeT" value="692.500000" />
  <attribute name="DerivativeI" value="692.500000" />
  <attribute name="DerivativeH" value="692.500000" />
  <attribute name="Loop Time for DT" value="2.000000" />
  <attribute name="Output H" value="8388608"/>
  <attribute name="Output I" value="2776"/>
  <attribute name="Output T" value="16"/>
  <attribute name="Target GC Util Change" value ="80.000000" />
  <attribute name="Current GC Util Change" value="1465.000000"/>
  <attribute name="GC Util currently" value="1465" />
  <attribute name="CPU Util currently" value="857061894005" />
<exclusive-end id="5287" timestamp="2019-08-11T05:39:56.447" durationms="21.788" />

<exclusive-start id="5288" timestamp="2019-08-11T05:39:56.553" intervalms="128.668">
  <response-info timems="19.771" idlems="19.771" threads="0" lastid="0000000002685700" lastname="Thread-51" />
</exclusive-start>
<allocation-taxation id="5289" taxation-threshold="60817408" timestamp="2019-08-11T05:39:56.554" intervalms="128.555" />
<cycle-start id="5290" type="partial gc" contextid="0" timestamp="2019-08-11T05:39:56.554" intervalms="128.748" />
<gc-start id="5291" type="partial gc" contextid="5290" timestamp="2019-08-11T05:39:56.554">
  <mem-info id="5292" free="69206016" total="216006656" percent="32">
    <mem type="eden" free="0" total="60817408" percent="0" />
    <remembered-set count="8032" freebytes="8603392" totalbytes="8635520" percent="99" regionsoverflowed="0" regionsstable="11" regionsrebuilding="0"/>
  </mem-info>
</gc-start>
<allocation-stats totalBytes="60699264" >
  <allocated-bytes non-tlh="40976" tlh="60658288" arrayletleaf="0"/>
  <largest-consumer threadName="Thread-49" threadId="0000000002698300" bytes="6550992" />
</allocation-stats>
<gc-op id="5293" type="copy forward" timems="141.310" contextid="5290" timestamp="2019-08-11T05:39:56.717">
  <memory-copied type="eden" objects="9289" bytes="3635952" bytesdiscarded="534880" />
  <memory-copied type="other" objects="18" bytes="1128" bytesdiscarded="0" />
  <memory-cardclean objects="3139" bytes="146920" />
  <regions eden="29" other="3" />
  <remembered-set-cleared processed="735" cleared="127" durationms="0.431" />
  <references type="phantom" candidates="3" cleared="0" enqueued="0" />
  <stringconstants candidates="16242" cleared="0"  />
</gc-op>
<gc-op id="5294" type="classunload" timems="0.012" contextid="5290" timestamp="2019-08-11T05:39:56.717">
  <classunload-info classloadercandidates="69" classloadersunloaded="0" classesunloaded="0" anonymousclassesunloaded="0" quiescems="0.000" setupms="0.012" scanms="0.000" postms="0.000" />
</gc-op>
<gc-end id="5295" type="partial gc" contextid="5290" durationms="162.923" usertimems="42.581" systemtimems="49.585" timestamp="2019-08-11T05:39:56.717" activeThreads="16">
  <mem-info id="5296" free="130023424" total="216006656" percent="60">
    <mem type="eden" free="23200" total="4194304" percent="0" />
    <remembered-set count="7936" freebytes="8603776" totalbytes="8635520" percent="99" regionsoverflowed="0" regionsstable="11" regionsrebuilding="0"/>
  </mem-info>
</gc-end>
<cycle-end id="5297" type="partial gc" contextid="5290" timestamp="2019-08-11T05:39:56.717" />
  <attribute name="elasticGC enabled" value="1" />
  <attribute name= "numThreadsSpecified" value="16" />
  <attribute name="heapSize specified" value="0" />
  <attribute name="Current GC Util" value="6" />
  <attribute name= "Current Time Running" value="178461" />
  <attribute name ="GC Interval" value="0" />
  <attribute name="ProportionalT" value="-37.000000" />
  <attribute name="ProportionalI" value="-37.000000" />
  <attribute name="ProportionalH" value="-37.000000" />
  <attribute name="Current Error" value="-74.000000" />
  <attribute name="IntegralT" value="-666.000000" />
  <attribute name="IntegralI" value="-666.000000" />
  <attribute name="IntegralH" value="-666.000000" />
  <attribute name="DerivativeT" value="-4.111111" />
  <attribute name="DerivativeI" value="-4.111111" />
  <attribute name="DerivativeH" value="-4.111111" />
  <attribute name="Loop Time for DT" value="18.000000" />
  <attribute name="Output H" value="4202627072"/>
  <attribute name="Output I" value="200"/>
  <attribute name="Output T" value="16"/>
  <attribute name="Target GC Util Change" value ="80.000000" />
  <attribute name="Current GC Util Change" value="6.000000"/>
  <attribute name="GC Util currently" value="6" />
  <attribute name="CPU Util currently" value="66251624747" />
<exclusive-end id="5298" timestamp="2019-08-11T05:39:56.718" durationms="164.535" />

<exclusive-start id="5299" timestamp="2019-08-11T05:39:56.761" intervalms="207.646">
  <response-info timems="0.694" idlems="0.399" threads="1" lastid="0000000002690B00" lastname="Thread-48" />
</exclusive-start>
<allocation-taxation id="5300" taxation-threshold="60817408" timestamp="2019-08-11T05:39:56.761" intervalms="207.633" />
<cycle-start id="5301" type="partial gc" contextid="0" timestamp="2019-08-11T05:39:56.761" intervalms="207.273" />
<gc-start id="5302" type="partial gc" contextid="5301" timestamp="2019-08-11T05:39:56.762">
  <mem-info id="5303" free="69206016" total="216006656" percent="32">
    <mem type="eden" free="0" total="60817408" percent="0" />
    <remembered-set count="7552" freebytes="8605312" totalbytes="8635520" percent="99" regionsoverflowed="0" regionsstable="11" regionsrebuilding="0"/>
  </mem-info>
</gc-start>
<allocation-stats totalBytes="60714808" >
  <allocated-bytes non-tlh="16392" tlh="60698416" arrayletleaf="0"/>
  <largest-consumer threadName="Thread-41" threadId="00000000026C5600" bytes="7186048" />
</allocation-stats>
<gc-op id="5304" type="copy forward" timems="12.401" contextid="5301" timestamp="2019-08-11T05:39:56.775">
  <memory-copied type="eden" objects="9875" bytes="3948456" bytesdiscarded="599856" />
  <memory-copied type="other" objects="18" bytes="608" bytesdiscarded="0" />
  <memory-cardclean objects="3154" bytes="147896" />
  <regions eden="29" other="2" />
  <remembered-set-cleared processed="728" cleared="121" durationms="0.368" />
  <references type="weak" candidates="1" cleared="0" enqueued="0" />
  <references type="phantom" candidates="3" cleared="0" enqueued="0" />
  <stringconstants candidates="16242" cleared="0"  />
</gc-op>
<gc-op id="5305" type="classunload" timems="0.015" contextid="5301" timestamp="2019-08-11T05:39:56.775">
  <classunload-info classloadercandidates="69" classloadersunloaded="0" classesunloaded="0" anonymousclassesunloaded="0" quiescems="0.000" setupms="0.015" scanms="0.000" postms="0.000" />
</gc-op>
<heap-resize id="5306" type="expand" space="default" amount="10485760" count="1" timems="0.101" reason="excessive time being spent in gc" timestamp="2019-08-11T05:39:56.776" />
<gc-end id="5307" type="partial gc" contextid="5301" durationms="14.011" usertimems="19.681" systemtimems="9.060" timestamp="2019-08-11T05:39:56.776" activeThreads="16">
  <mem-info id="5308" free="136314880" total="226492416" percent="60">
    <mem type="eden" free="1742872" total="6291456" percent="27" />
    <remembered-set count="9472" freebytes="9016832" totalbytes="9054720" percent="99" regionsoverflowed="0" regionsstable="11" regionsrebuilding="0"/>
  </mem-info>
</gc-end>
<cycle-end id="5309" type="partial gc" contextid="5301" timestamp="2019-08-11T05:39:56.776" />
  <attribute name="elasticGC enabled" value="1" />
  <attribute name= "numThreadsSpecified" value="16" />
  <attribute name="heapSize specified" value="0" />
  <attribute name="Current GC Util" value="99" />
  <attribute name= "Current Time Running" value="178648" />
  <attribute name ="GC Interval" value="0" />
  <attribute name="ProportionalT" value="9.500000" />
  <attribute name="ProportionalI" value="9.500000" />
  <attribute name="ProportionalH" value="9.500000" />
  <attribute name="Current Error" value="19.000000" />
  <attribute name="IntegralT" value="9.500000" />
  <attribute name="IntegralI" value="9.500000" />
  <attribute name="IntegralH" value="9.500000" />
  <attribute name="DerivativeT" value="19.000000" />
  <attribute name="DerivativeI" value="19.000000" />
  <attribute name="DerivativeH" value="19.000000" />
  <attribute name="Loop Time for DT" value="1.000000" />
  <attribute name="Output H" value="8388608"/>
  <attribute name="Output I" value="200"/>
  <attribute name="Output T" value="16"/>
  <attribute name="Target GC Util Change" value ="80.000000" />
  <attribute name="Current GC Util Change" value="99.000000"/>
  <attribute name="GC Util currently" value="99" />
  <attribute name="CPU Util currently" value="1809443606175" />
<exclusive-end id="5310" timestamp="2019-08-11T05:39:56.784" durationms="22.637" />

<exclusive-start id="5311" timestamp="2019-08-11T05:39:56.997" intervalms="235.415">
  <response-info timems="38.113" idlems="38.113" threads="0" lastid="00000000026B6600" lastname="Thread-40" />
</exclusive-start>
<allocation-taxation id="5312" taxation-threshold="62914560" timestamp="2019-08-11T05:39:56.997" intervalms="235.428" />
<cycle-start id="5313" type="partial gc" contextid="0" timestamp="2019-08-11T05:39:56.997" intervalms="235.499" />
<gc-start id="5314" type="partial gc" contextid="5313" timestamp="2019-08-11T05:39:56.997">
  <mem-info id="5315" free="73400320" total="226492416" percent="32">
    <mem type="eden" free="0" total="62914560" percent="0" />
    <remembered-set count="9056" freebytes="9018496" totalbytes="9054720" percent="99" regionsoverflowed="0" regionsstable="11" regionsrebuilding="0"/>
  </mem-info>
</gc-start>
<allocation-stats totalBytes="62671792" >
  <allocated-bytes non-tlh="0" tlh="62671792" arrayletleaf="0"/>
  <largest-consumer threadName="Thread-39" threadId="00000000026C9200" bytes="7257864" />
</allocation-stats>
<gc-op id="5316" type="copy forward" timems="66.245" contextid="5313" timestamp="2019-08-11T05:39:57.066">
  <memory-copied type="eden" objects="9926" bytes="3898488" bytesdiscarded="201016" />
  <memory-copied type="other" objects="25" bytes="1312" bytesdiscarded="0" />
  <memory-cardclean objects="3136" bytes="146856" />
  <regions eden="30" other="3" />
  <remembered-set-cleared processed="728" cleared="120" durationms="0.184" />
  <references type="phantom" candidates="2" cleared="0" enqueued="0" />
  <stringconstants candidates="16242" cleared="0"  />
</gc-op>
<gc-op id="5317" type="classunload" timems="0.021" contextid="5313" timestamp="2019-08-11T05:39:57.066">
  <classunload-info classloadercandidates="69" classloadersunloaded="0" classesunloaded="0" anonymousclassesunloaded="0" quiescems="0.000" setupms="0.021" scanms="0.000" postms="0.000" />
</gc-op>
<gc-end id="5318" type="partial gc" contextid="5313" durationms="69.291" usertimems="33.542" systemtimems="28.683" timestamp="2019-08-11T05:39:57.067" activeThreads="16">
  <mem-info id="5319" free="136314880" total="226492416" percent="60">
    <mem type="eden" free="94528" total="4194304" percent="2" />
    <remembered-set count="5888" freebytes="9031168" totalbytes="9054720" percent="99" regionsoverflowed="0" regionsstable="11" regionsrebuilding="0"/>
  </mem-info>
</gc-end>
<cycle-end id="5320" type="partial gc" contextid="5313" timestamp="2019-08-11T05:39:57.067" />
  <attribute name="elasticGC enabled" value="1" />
  <attribute name= "numThreadsSpecified" value="16" />
  <attribute name="heapSize specified" value="0" />
  <attribute name="Current GC Util" value="41" />
  <attribute name= "Current Time Running" value="178885" />
  <attribute name ="GC Interval" value="0" />
  <attribute name="ProportionalT" value="-19.500000" />
  <attribute name="ProportionalI" value="-19.500000" />
  <attribute name="ProportionalH" value="-19.500000" />
  <attribute name="Current Error" value="-39.000000" />
  <attribute name="IntegralT" value="-58.500000" />
  <attribute name="IntegralI" value="-58.500000" />
  <attribute name="IntegralH" value="-58.500000" />
  <attribute name="DerivativeT" value="-13.000000" />
  <attribute name="DerivativeI" value="-13.000000" />
  <attribute name="DerivativeH" value="-13.000000" />
  <attribute name="Loop Time for DT" value="3.000000" />
  <attribute name="Output H" value="4202627072"/>
  <attribute name="Output I" value="200"/>
  <attribute name="Output T" value="16"/>
  <attribute name="Target GC Util Change" value ="80.000000" />
  <attribute name="Current GC Util Change" value="41.000000"/>
  <attribute name="GC Util currently" value="41" />
  <attribute name="CPU Util currently" value="482122559942" />
<exclusive-end id="5321" timestamp="2019-08-11T05:39:57.067" durationms="70.379" />

<exclusive-start id="5322" timestamp="2019-08-11T05:39:57.115" intervalms="118.081">
  <response-info timems="0.186" idlems="0.186" threads="0" lastid="00000000026C1A00" lastname="Thread-42" />
</exclusive-start>
<allocation-taxation id="5323" taxation-threshold="62914560" timestamp="2019-08-11T05:39:57.115" intervalms="118.066" />
<cycle-start id="5324" type="partial gc" contextid="0" timestamp="2019-08-11T05:39:57.115" intervalms="118.089" />
<gc-start id="5325" type="partial gc" contextid="5324" timestamp="2019-08-11T05:39:57.115">
  <mem-info id="5326" free="73400320" total="226492416" percent="32">
    <mem type="eden" free="0" total="62914560" percent="0" />
    <remembered-set count="5568" freebytes="9032448" totalbytes="9054720" percent="99" regionsoverflowed="0" regionsstable="11" regionsrebuilding="0"/>
  </mem-info>
</gc-start>
<allocation-stats totalBytes="62778520" >
  <allocated-bytes non-tlh="16392" tlh="62762128" arrayletleaf="0"/>
  <largest-consumer threadName="Thread-37" threadId="00000000026E7100" bytes="6816648" />
</allocation-stats>
<gc-op id="5327" type="copy forward" timems="77.128" contextid="5324" timestamp="2019-08-11T05:39:57.195">
  <memory-copied type="eden" objects="9288" bytes="3608216" bytesdiscarded="594440" />
  <memory-copied type="other" objects="15" bytes="832" bytesdiscarded="0" />
  <memory-cardclean objects="3163" bytes="147936" />
  <regions eden="30" other="2" />
  <remembered-set-cleared processed="728" cleared="121" durationms="0.211" />
  <references type="weak" candidates="1" cleared="0" enqueued="0" />
  <references type="phantom" candidates="3" cleared="0" enqueued="0" />
  <stringconstants candidates="16242" cleared="0"  />
</gc-op>
<gc-op id="5328" type="classunload" timems="0.016" contextid="5324" timestamp="2019-08-11T05:39:57.195">
  <classunload-info classloadercandidates="69" classloadersunloaded="0" classesunloaded="0" anonymousclassesunloaded="0" quiescems="0.000" setupms="0.016" scanms="0.000" postms="0.000" />
</gc-op>
<heap-resize id="5329" type="expand" space="default" amount="10485760" count="1" timems="1.283" reason="excessive time being spent in gc" timestamp="2019-08-11T05:39:57.197" />
<gc-end id="5330" type="partial gc" contextid="5324" durationms="84.053" usertimems="32.296" systemtimems="41.370" timestamp="2019-08-11T05:39:57.199" activeThreads="16">
  <mem-info id="5331" free="142606336" total="236978176" percent="60">
    <mem type="eden" free="2088528" total="6291456" percent="33" />
    <remembered-set count="8960" freebytes="9438080" totalbytes="9473920" percent="99" regionsoverflowed="0" regionsstable="11" regionsrebuilding="0"/>
  </mem-info>
</gc-end>
<cycle-end id="5332" type="partial gc" contextid="5324" timestamp="2019-08-11T05:39:57.199" />
  <attribute name="elasticGC enabled" value="1" />
  <attribute name= "numThreadsSpecified" value="16" />
  <attribute name="heapSize specified" value="0" />
  <attribute name="Current GC Util" value="167" />
  <attribute name= "Current Time Running" value="179003" />
  <attribute name ="GC Interval" value="0" />
  <attribute name="ProportionalT" value="43.500000" />
  <attribute name="ProportionalI" value="43.500000" />
  <attribute name="ProportionalH" value="43.500000" />
  <attribute name="Current Error" value="87.000000" />
  <attribute name="IntegralT" value="87.000000" />
  <attribute name="IntegralI" value="87.000000" />
  <attribute name="IntegralH" value="87.000000" />
  <attribute name="DerivativeT" value="43.500000" />
  <attribute name="DerivativeI" value="43.500000" />
  <attribute name="DerivativeH" value="43.500000" />
  <attribute name="Loop Time for DT" value="2.000000" />
  <attribute name="Output H" value="8388608"/>
  <attribute name="Output I" value="200"/>
  <attribute name="Output T" value="16"/>
  <attribute name="Target GC Util Change" value ="80.000000" />
  <attribute name="Current GC Util Change" value="167.000000"/>
  <attribute name="GC Util currently" value="167" />
  <attribute name="CPU Util currently" value="473716347701" />
<exclusive-end id="5333" timestamp="2019-08-11T05:39:57.200" durationms="85.301" />

<exclusive-start id="5334" timestamp="2019-08-11T05:39:57.281" intervalms="166.801">
  <response-info timems="0.447" idlems="0.447" threads="0" lastid="00000000026C5600" lastname="Thread-41" />
</exclusive-start>
<allocation-taxation id="5335" taxation-threshold="67108864" timestamp="2019-08-11T05:39:57.282" intervalms="166.817" />
<cycle-start id="5336" type="partial gc" contextid="0" timestamp="2019-08-11T05:39:57.282" intervalms="166.666" />
<gc-start id="5337" type="partial gc" contextid="5336" timestamp="2019-08-11T05:39:57.282">
  <mem-info id="5338" free="75497472" total="236978176" percent="31">
    <mem type="eden" free="0" total="67108864" percent="0" />
    <remembered-set count="8704" freebytes="9439104" totalbytes="9473920" percent="99" regionsoverflowed="0" regionsstable="11" regionsrebuilding="0"/>
  </mem-info>
</gc-start>
<allocation-stats totalBytes="66971080" >
  <allocated-bytes non-tlh="49176" tlh="66921904" arrayletleaf="0"/>
  <largest-consumer threadName="Thread-39" threadId="00000000026C9200" bytes="8050288" />
</allocation-stats>
<gc-op id="5339" type="copy forward" timems="19.623" contextid="5336" timestamp="2019-08-11T05:39:57.306">
  <memory-copied type="eden" objects="9764" bytes="3832432" bytesdiscarded="479240" />
  <memory-copied type="other" objects="27" bytes="1184" bytesdiscarded="0" />
  <memory-cardclean objects="3158" bytes="147880" />
  <regions eden="32" other="4" />
  <remembered-set-cleared processed="725" cleared="118" durationms="0.539" />
  <references type="phantom" candidates="4" cleared="0" enqueued="0" />
  <stringconstants candidates="16242" cleared="0"  />
</gc-op>
<gc-op id="5340" type="classunload" timems="0.019" contextid="5336" timestamp="2019-08-11T05:39:57.306">
  <classunload-info classloadercandidates="69" classloadersunloaded="0" classesunloaded="0" anonymousclassesunloaded="0" quiescems="0.000" setupms="0.019" scanms="0.000" postms="0.000" />
</gc-op>
<heap-resize id="5341" type="expand" space="default" amount="4194304" count="1" timems="0.069" reason="excessive time being spent in gc" timestamp="2019-08-11T05:39:57.307" />
<gc-end id="5342" type="partial gc" contextid="5336" durationms="24.592" usertimems="18.909" systemtimems="22.980" timestamp="2019-08-11T05:39:57.307" activeThreads="16">
  <mem-info id="5343" free="144703488" total="241172480" percent="60">
    <mem type="eden" free="1979496" total="6291456" percent="31" />
    <remembered-set count="6912" freebytes="9613952" totalbytes="9641600" percent="99" regionsoverflowed="0" regionsstable="11" regionsrebuilding="0"/>
  </mem-info>
</gc-end>
<cycle-end id="5344" type="partial gc" contextid="5336" timestamp="2019-08-11T05:39:57.307" />
  <attribute name="elasticGC enabled" value="1" />
  <attribute name= "numThreadsSpecified" value="16" />
  <attribute name="heapSize specified" value="0" />
  <attribute name="Current GC Util" value="89" />
  <attribute name= "Current Time Running" value="179171" />
  <attribute name ="GC Interval" value="0" />
  <attribute name="ProportionalT" value="4.500000" />
  <attribute name="ProportionalI" value="4.500000" />
  <attribute name="ProportionalH" value="4.500000" />
  <attribute name="Current Error" value="9.000000" />
  <attribute name="IntegralT" value="18.000000" />
  <attribute name="IntegralI" value="18.000000" />
  <attribute name="IntegralH" value="18.000000" />
  <attribute name="DerivativeT" value="2.250000" />
  <attribute name="DerivativeI" value="2.250000" />
  <attribute name="DerivativeH" value="2.250000" />
  <attribute name="Loop Time for DT" value="4.000000" />
  <attribute name="Output H" value="8388608"/>
  <attribute name="Output I" value="200"/>
  <attribute name="Output T" value="16"/>
  <attribute name="Target GC Util Change" value ="80.000000" />
  <attribute name="Current GC Util Change" value="89.000000"/>
  <attribute name="GC Util currently" value="89" />
  <attribute name="CPU Util currently" value="278877624196" />
<exclusive-end id="5345" timestamp="2019-08-11T05:39:57.307" durationms="25.437" />

<exclusive-start id="5346" timestamp="2019-08-11T05:39:57.496" intervalms="214.551">
  <response-info timems="1.180" idlems="0.747" threads="2" lastid="0000000002685700" lastname="Thread-51" />
</exclusive-start>
<allocation-taxation id="5347" taxation-threshold="67108864" timestamp="2019-08-11T05:39:57.496" intervalms="214.550" />
<cycle-start id="5348" type="partial gc" contextid="0" timestamp="2019-08-11T05:39:57.496" intervalms="214.809" />
<gc-start id="5349" type="partial gc" contextid="5348" timestamp="2019-08-11T05:39:57.497">
  <mem-info id="5350" free="77594624" total="241172480" percent="32">
    <mem type="eden" free="0" total="67108864" percent="0" />
    <remembered-set count="6688" freebytes="9614848" totalbytes="9641600" percent="99" regionsoverflowed="0" regionsstable="11" regionsrebuilding="0"/>
  </mem-info>
</gc-start>
<allocation-stats totalBytes="66897440" >
  <allocated-bytes non-tlh="73752" tlh="66823688" arrayletleaf="0"/>
  <largest-consumer threadName="Thread-49" threadId="0000000002698300" bytes="7478848" />
</allocation-stats>
<gc-op id="5351" type="copy forward" timems="87.795" contextid="5348" timestamp="2019-08-11T05:39:57.587">
  <memory-copied type="eden" objects="9973" bytes="4016296" bytesdiscarded="297304" />
  <memory-copied type="other" objects="24" bytes="1144" bytesdiscarded="0" />
  <memory-cardclean objects="3158" bytes="146440" />
  <regions eden="32" other="4" />
  <remembered-set-cleared processed="728" cleared="116" durationms="0.365" />
  <references type="phantom" candidates="1" cleared="0" enqueued="0" />
  <stringconstants candidates="16242" cleared="0"  />
</gc-op>
<gc-op id="5352" type="classunload" timems="0.016" contextid="5348" timestamp="2019-08-11T05:39:57.587">
  <classunload-info classloadercandidates="69" classloadersunloaded="0" classesunloaded="0" anonymousclassesunloaded="0" quiescems="0.000" setupms="0.014" scanms="0.000" postms="0.000" />
</gc-op>
<heap-resize id="5353" type="expand" space="default" amount="6291456" count="1" timems="0.063" reason="excessive time being spent in gc" timestamp="2019-08-11T05:39:57.587" />
<gc-end id="5354" type="partial gc" contextid="5348" durationms="90.112" usertimems="39.170" systemtimems="50.473" timestamp="2019-08-11T05:39:57.587" activeThreads="16">
  <mem-info id="5355" free="148897792" total="247463936" percent="60">
    <mem type="eden" free="1977592" total="6291456" percent="31" />
    <remembered-set count="6912" freebytes="9865472" totalbytes="9893120" percent="99" regionsoverflowed="0" regionsstable="11" regionsrebuilding="0"/>
  </mem-info>
</gc-end>
<cycle-end id="5356" type="partial gc" contextid="5348" timestamp="2019-08-11T05:39:57.588" />
  <attribute name="elasticGC enabled" value="1" />
  <attribute name= "numThreadsSpecified" value="16" />
  <attribute name="heapSize specified" value="0" />
  <attribute name="Current GC Util" value="42" />
  <attribute name= "Current Time Running" value="179384" />
  <attribute name ="GC Interval" value="0" />
  <attribute name="ProportionalT" value="-19.000000" />
  <attribute name="ProportionalI" value="-19.000000" />
  <attribute name="ProportionalH" value="-19.000000" />
  <attribute name="Current Error" value="-38.000000" />
  <attribute name="IntegralT" value="-19.000000" />
  <attribute name="IntegralI" value="-19.000000" />
  <attribute name="IntegralH" value="-19.000000" />
  <attribute name="DerivativeT" value="-38.000000" />
  <attribute name="DerivativeI" value="-38.000000" />
  <attribute name="DerivativeH" value="-38.000000" />
  <attribute name="Loop Time for DT" value="1.000000" />
  <attribute name="Output H" value="4202627072"/>
  <attribute name="Output I" value="200"/>
  <attribute name="Output T" value="16"/>
  <attribute name="Target GC Util Change" value ="80.000000" />
  <attribute name="Current GC Util Change" value="42.000000"/>
  <attribute name="GC Util currently" value="42" />
  <attribute name="CPU Util currently" value="727565947345" />
<exclusive-end id="5357" timestamp="2019-08-11T05:39:57.588" durationms="91.664" />

<exclusive-start id="5358" timestamp="2019-08-11T05:39:57.695" intervalms="199.257">
  <response-info timems="2.409" idlems="1.249" threads="1" lastid="00000000026D8200" lastname="Thread-38" />
</exclusive-start>
<allocation-taxation id="5359" taxation-threshold="69206016" timestamp="2019-08-11T05:39:57.695" intervalms="199.269" />
<cycle-start id="5360" type="partial gc" contextid="0" timestamp="2019-08-11T05:39:57.695" intervalms="199.020" />
<gc-start id="5361" type="partial gc" contextid="5360" timestamp="2019-08-11T05:39:57.696">
  <mem-info id="5362" free="79691776" total="247463936" percent="32">
    <mem type="eden" free="0" total="69206016" percent="0" />
    <remembered-set count="6720" freebytes="9866240" totalbytes="9893120" percent="99" regionsoverflowed="0" regionsstable="11" regionsrebuilding="0"/>
  </mem-info>
</gc-start>
<allocation-stats totalBytes="68998536" >
  <allocated-bytes non-tlh="147496" tlh="68851040" arrayletleaf="0"/>
  <largest-consumer threadName="Thread-44" threadId="00000000026DBD00" bytes="6824984" />
</allocation-stats>
<gc-op id="5363" type="copy forward" timems="18.955" contextid="5360" timestamp="2019-08-11T05:39:57.718">
  <memory-copied type="eden" objects="8071" bytes="3308904" bytesdiscarded="523784" />
  <memory-copied type="other" objects="34" bytes="1360" bytesdiscarded="0" />
  <memory-cardclean objects="3187" bytes="148520" />
  <regions eden="33" other="4" />
  <remembered-set-cleared processed="722" cleared="112" durationms="0.311" />
  <references type="weak" candidates="1" cleared="0" enqueued="0" />
  <references type="phantom" candidates="6" cleared="0" enqueued="0" />
  <stringconstants candidates="16242" cleared="0"  />
</gc-op>
<gc-op id="5364" type="classunload" timems="0.015" contextid="5360" timestamp="2019-08-11T05:39:57.718">
  <classunload-info classloadercandidates="69" classloadersunloaded="0" classesunloaded="0" anonymousclassesunloaded="0" quiescems="0.000" setupms="0.015" scanms="0.000" postms="0.000" />
</gc-op>
<gc-end id="5365" type="partial gc" contextid="5360" durationms="22.047" usertimems="14.582" systemtimems="18.295" timestamp="2019-08-11T05:39:57.718" activeThreads="16">
  <mem-info id="5366" free="148897792" total="247463936" percent="60">
    <mem type="eden" free="361320" total="4194304" percent="8" />
    <remembered-set count="7424" freebytes="9863424" totalbytes="9893120" percent="99" regionsoverflowed="0" regionsstable="11" regionsrebuilding="0"/>
  </mem-info>
</gc-end>
<cycle-end id="5367" type="partial gc" contextid="5360" timestamp="2019-08-11T05:39:57.718" />
  <attribute name="elasticGC enabled" value="1" />
  <attribute name= "numThreadsSpecified" value="16" />
  <attribute name="heapSize specified" value="0" />
  <attribute name="Current GC Util" value="51" />
  <attribute name= "Current Time Running" value="179584" />
  <attribute name ="GC Interval" value="0" />
  <attribute name="ProportionalT" value="-14.500000" />
  <attribute name="ProportionalI" value="-14.500000" />
  <attribute name="ProportionalH" value="-14.500000" />
  <attribute name="Current Error" value="-29.000000" />
  <attribute name="IntegralT" value="-43.500000" />
  <attribute name="IntegralI" value="-43.500000" />
  <attribute name="IntegralH" value="-43.500000" />
  <attribute name="DerivativeT" value="-9.666667" />
  <attribute name="DerivativeI" value="-9.666667" />
  <attribute name="DerivativeH" value="-9.666667" />
  <attribute name="Loop Time for DT" value="3.000000" />
  <attribute name="Output H" value="4202627072"/>
  <attribute name="Output I" value="200"/>
  <attribute name="Output T" value="16"/>
  <attribute name="Target GC Util Change" value ="80.000000" />
  <attribute name="Current GC Util Change" value="51.000000"/>
  <attribute name="GC Util currently" value="51" />
  <attribute name="CPU Util currently" value="500584360896" />
<exclusive-end id="5368" timestamp="2019-08-11T05:39:57.718" durationms="23.240" />

<exclusive-start id="5369" timestamp="2019-08-11T05:39:57.776" intervalms="80.973">
  <response-info timems="6.324" idlems="3.710" threads="1" lastid="0000000002690B00" lastname="Thread-48" />
</exclusive-start>
<allocation-taxation id="5370" taxation-threshold="69206016" timestamp="2019-08-11T05:39:57.776" intervalms="81.023" />
<cycle-start id="5371" type="partial gc" contextid="0" timestamp="2019-08-11T05:39:57.780" intervalms="85.012" />
<gc-start id="5372" type="partial gc" contextid="5371" timestamp="2019-08-11T05:39:57.781">
  <mem-info id="5373" free="79691776" total="247463936" percent="32">
    <mem type="eden" free="0" total="69206016" percent="0" />
    <remembered-set count="7040" freebytes="9864960" totalbytes="9893120" percent="99" regionsoverflowed="0" regionsstable="11" regionsrebuilding="0"/>
  </mem-info>
</gc-start>
<allocation-stats totalBytes="69110080" >
  <allocated-bytes non-tlh="32776" tlh="69077304" arrayletleaf="0"/>
  <largest-consumer threadName="Thread-40" threadId="00000000026B6600" bytes="8328112" />
</allocation-stats>
<gc-op id="5374" type="copy forward" timems="115.024" contextid="5371" timestamp="2019-08-11T05:39:57.929">
  <memory-copied type="eden" objects="10144" bytes="3985880" bytesdiscarded="234944" />
  <memory-copied type="other" objects="38" bytes="1776" bytesdiscarded="248" />
  <memory-cardclean objects="3190" bytes="148560" />
  <regions eden="33" other="3" />
  <remembered-set-cleared processed="731" cleared="122" durationms="1.295" />
  <references type="phantom" candidates="1" cleared="0" enqueued="0" />
  <stringconstants candidates="16242" cleared="0"  />
</gc-op>
<gc-op id="5375" type="classunload" timems="0.020" contextid="5371" timestamp="2019-08-11T05:39:57.929">
  <classunload-info classloadercandidates="69" classloadersunloaded="0" classesunloaded="0" anonymousclassesunloaded="0" quiescems="0.000" setupms="0.020" scanms="0.000" postms="0.000" />
</gc-op>
<heap-resize id="5376" type="expand" space="default" amount="10485760" count="1" timems="0.081" reason="excessive time being spent in gc" timestamp="2019-08-11T05:39:57.930" />
<gc-end id="5377" type="partial gc" contextid="5371" durationms="148.991" usertimems="51.481" systemtimems="63.199" timestamp="2019-08-11T05:39:57.930" activeThreads="16">
  <mem-info id="5378" free="155189248" total="257949696" percent="60">
    <mem type="eden" free="2070368" total="6291456" percent="32" />
    <remembered-set count="6400" freebytes="10286720" totalbytes="10312320" percent="99" regionsoverflowed="0" regionsstable="11" regionsrebuilding="0"/>
  </mem-info>
</gc-end>
<cycle-end id="5379" type="partial gc" contextid="5371" timestamp="2019-08-11T05:39:57.930" />
  <attribute name="elasticGC enabled" value="1" />
  <attribute name= "numThreadsSpecified" value="16" />
  <attribute name="heapSize specified" value="0" />
  <attribute name="Current GC Util" value="5" />
  <attribute name= "Current Time Running" value="179699" />
  <attribute name ="GC Interval" value="0" />
  <attribute name="ProportionalT" value="-37.500000" />
  <attribute name="ProportionalI" value="-37.500000" />
  <attribute name="ProportionalH" value="-37.500000" />
  <attribute name="Current Error" value="-75.000000" />
  <attribute name="IntegralT" value="-1012.500000" />
  <attribute name="IntegralI" value="-1012.500000" />
  <attribute name="IntegralH" value="-1012.500000" />
  <attribute name="DerivativeT" value="-2.777778" />
  <attribute name="DerivativeI" value="-2.777778" />
  <attribute name="DerivativeH" value="-2.777778" />
  <attribute name="Loop Time for DT" value="27.000000" />
  <attribute name="Output H" value="4202627072"/>
  <attribute name="Output I" value="200"/>
  <attribute name="Output T" value="16"/>
  <attribute name="Target GC Util Change" value ="80.000000" />
  <attribute name="Current GC Util Change" value="5.000000"/>
  <attribute name="GC Util currently" value="5" />
  <attribute name="CPU Util currently" value="41806505524" />
<exclusive-end id="5380" timestamp="2019-08-11T05:39:57.930" durationms="154.099" />

<exclusive-start id="5381" timestamp="2019-08-11T05:39:58.141" intervalms="364.340">
  <response-info timems="1.564" idlems="1.272" threads="2" lastid="00000000026BDE00" lastname="Thread-43" />
</exclusive-start>
<allocation-taxation id="5382" taxation-threshold="71303168" timestamp="2019-08-11T05:39:58.141" intervalms="364.570" />
<cycle-start id="5383" type="partial gc" contextid="0" timestamp="2019-08-11T05:39:58.141" intervalms="360.615" />
<gc-start id="5384" type="partial gc" contextid="5383" timestamp="2019-08-11T05:39:58.141">
  <mem-info id="5385" free="83886080" total="257949696" percent="32">
    <mem type="eden" free="0" total="71303168" percent="0" />
    <remembered-set count="6240" freebytes="10287360" totalbytes="10312320" percent="99" regionsoverflowed="0" regionsstable="11" regionsrebuilding="0"/>
  </mem-info>
</gc-start>
<allocation-stats totalBytes="71159640" >
  <allocated-bytes non-tlh="65552" tlh="71094088" arrayletleaf="0"/>
  <largest-consumer threadName="Thread-44" threadId="00000000026DBD00" bytes="7734712" />
</allocation-stats>
<gc-op id="5386" type="copy forward" timems="248.135" contextid="5383" timestamp="2019-08-11T05:39:58.392">
  <memory-copied type="eden" objects="9470" bytes="3777456" bytesdiscarded="717800" />
  <memory-copied type="other" objects="26" bytes="1344" bytesdiscarded="696" />
  <memory-cardclean objects="3198" bytes="149408" />
  <regions eden="34" other="4" />
  <remembered-set-cleared processed="746" cleared="139" durationms="0.450" />
  <references type="weak" candidates="1" cleared="0" enqueued="0" />
  <references type="phantom" candidates="2" cleared="0" enqueued="0" />
  <stringconstants candidates="16242" cleared="0"  />
</gc-op>
<gc-op id="5387" type="classunload" timems="0.019" contextid="5383" timestamp="2019-08-11T05:39:58.392">
  <classunload-info classloadercandidates="69" classloadersunloaded="0" classesunloaded="0" anonymousclassesunloaded="0" quiescems="0.000" setupms="0.019" scanms="0.000" postms="0.000" />
</gc-op>
<heap-resize id="5388" type="expand" space="default" amount="4194304" count="1" timems="0.072" reason="excessive time being spent in gc" timestamp="2019-08-11T05:39:58.393" />
<gc-end id="5389" type="partial gc" contextid="5383" durationms="251.404" usertimems="66.615" systemtimems="84.134" timestamp="2019-08-11T05:39:58.393" activeThreads="16">
  <mem-info id="5390" free="157286400" total="262144000" percent="60">
    <mem type="eden" free="1795944" total="6291456" percent="28" />
    <remembered-set count="9472" freebytes="10442112" totalbytes="10480000" percent="99" regionsoverflowed="0" regionsstable="11" regionsrebuilding="0"/>
  </mem-info>
</gc-end>
<cycle-end id="5391" type="partial gc" contextid="5383" timestamp="2019-08-11T05:39:58.393" />
  <attribute name="elasticGC enabled" value="1" />
  <attribute name= "numThreadsSpecified" value="16" />
  <attribute name="heapSize specified" value="0" />
  <attribute name="Current GC Util" value="101" />
  <attribute name= "Current Time Running" value="180028" />
  <attribute name ="GC Interval" value="0" />
  <attribute name="ProportionalT" value="10.500000" />
  <attribute name="ProportionalI" value="10.500000" />
  <attribute name="ProportionalH" value="10.500000" />
  <attribute name="Current Error" value="21.000000" />
  <attribute name="IntegralT" value="10.500000" />
  <attribute name="IntegralI" value="10.500000" />
  <attribute name="IntegralH" value="10.500000" />
  <attribute name="DerivativeT" value="21.000000" />
  <attribute name="DerivativeI" value="21.000000" />
  <attribute name="DerivativeH" value="21.000000" />
  <attribute name="Loop Time for DT" value="1.000000" />
  <attribute name="Output H" value="8388608"/>
  <attribute name="Output I" value="200"/>
  <attribute name="Output T" value="16"/>
  <attribute name="Target GC Util Change" value ="80.000000" />
  <attribute name="Current GC Util Change" value="101.000000"/>
  <attribute name="GC Util currently" value="101" />
  <attribute name="CPU Util currently" value="661734810781" />
<exclusive-end id="5392" timestamp="2019-08-11T05:39:58.393" durationms="252.674" />

<exclusive-start id="5393" timestamp="2019-08-11T05:39:58.528" intervalms="386.982">
  <response-info timems="6.026" idlems="4.625" threads="3" lastid="00000000026C9200" lastname="Thread-39" />
</exclusive-start>
<allocation-taxation id="5394" taxation-threshold="73400320" timestamp="2019-08-11T05:39:58.530" intervalms="388.963" />
<cycle-start id="5395" type="partial gc" contextid="0" timestamp="2019-08-11T05:39:58.533" intervalms="391.732" />
<gc-start id="5396" type="partial gc" contextid="5395" timestamp="2019-08-11T05:39:58.533">
  <mem-info id="5397" free="83886080" total="262144000" percent="32">
    <mem type="eden" free="0" total="73400320" percent="0" />
    <remembered-set count="9344" freebytes="10442624" totalbytes="10480000" percent="99" regionsoverflowed="0" regionsstable="11" regionsrebuilding="0"/>
  </mem-info>
</gc-start>
<allocation-stats totalBytes="73217176" >
  <allocated-bytes non-tlh="32776" tlh="73184400" arrayletleaf="0"/>
  <largest-consumer threadName="Thread-43" threadId="00000000026BDE00" bytes="7200096" />
</allocation-stats>
<gc-op id="5398" type="copy forward" timems="10.981" contextid="5395" timestamp="2019-08-11T05:39:58.552">
  <memory-copied type="eden" objects="9498" bytes="3763584" bytesdiscarded="593192" />
  <memory-copied type="other" objects="21" bytes="824" bytesdiscarded="368" />
  <memory-cardclean objects="3198" bytes="149200" />
  <regions eden="35" other="6" />
  <remembered-set-cleared processed="741" cleared="132" durationms="0.148" />
  <references type="phantom" candidates="3" cleared="0" enqueued="0" />
  <stringconstants candidates="16242" cleared="0"  />
</gc-op>
<gc-op id="5399" type="classunload" timems="0.011" contextid="5395" timestamp="2019-08-11T05:39:58.552">
  <classunload-info classloadercandidates="69" classloadersunloaded="0" classesunloaded="0" anonymousclassesunloaded="0" quiescems="0.000" setupms="0.011" scanms="0.000" postms="0.000" />
</gc-op>
<gc-end id="5400" type="partial gc" contextid="5395" durationms="18.974" usertimems="12.766" systemtimems="17.997" timestamp="2019-08-11T05:39:58.552" activeThreads="16">
  <mem-info id="5401" free="159383552" total="262144000" percent="60">
    <mem type="eden" free="1934400" total="6291456" percent="30" />
    <remembered-set count="6912" freebytes="10452352" totalbytes="10480000" percent="99" regionsoverflowed="0" regionsstable="11" regionsrebuilding="0"/>
  </mem-info>
</gc-end>
<cycle-end id="5402" type="partial gc" contextid="5395" timestamp="2019-08-11T05:39:58.552" />
  <attribute name="elasticGC enabled" value="1" />
  <attribute name= "numThreadsSpecified" value="16" />
  <attribute name="heapSize specified" value="0" />
  <attribute name="Current GC Util" value="17" />
  <attribute name= "Current Time Running" value="180426" />
  <attribute name ="GC Interval" value="0" />
  <attribute name="ProportionalT" value="-31.500000" />
  <attribute name="ProportionalI" value="-31.500000" />
  <attribute name="ProportionalH" value="-31.500000" />
  <attribute name="Current Error" value="-63.000000" />
  <attribute name="IntegralT" value="-189.000000" />
  <attribute name="IntegralI" value="-189.000000" />
  <attribute name="IntegralH" value="-189.000000" />
  <attribute name="DerivativeT" value="-10.500000" />
  <attribute name="DerivativeI" value="-10.500000" />
  <attribute name="DerivativeH" value="-10.500000" />
  <attribute name="Loop Time for DT" value="6.000000" />
  <attribute name="Output H" value="4202627072"/>
  <attribute name="Output I" value="200"/>
  <attribute name="Output T" value="16"/>
  <attribute name="Target GC Util Change" value ="80.000000" />
  <attribute name="Current GC Util Change" value="17.000000"/>
  <attribute name="GC Util currently" value="17" />
  <attribute name="CPU Util currently" value="188686262850" />
<exclusive-end id="5403" timestamp="2019-08-11T05:39:58.552" durationms="24.748" />

<exclusive-start id="5404" timestamp="2019-08-11T05:39:58.740" intervalms="212.551">
  <response-info timems="9.014" idlems="7.331" threads="1" lastid="00000000026BDE00" lastname="Thread-43" />
</exclusive-start>
<allocation-taxation id="5405" taxation-threshold="73400320" timestamp="2019-08-11T05:39:58.740" intervalms="210.270" />
<cycle-start id="5406" type="partial gc" contextid="0" timestamp="2019-08-11T05:39:58.740" intervalms="207.455" />
<gc-start id="5407" type="partial gc" contextid="5406" timestamp="2019-08-11T05:39:58.741">
  <mem-info id="5408" free="85983232" total="262144000" percent="32">
    <mem type="eden" free="0" total="73400320" percent="0" />
    <remembered-set count="6528" freebytes="10453888" totalbytes="10480000" percent="99" regionsoverflowed="0" regionsstable="11" regionsrebuilding="0"/>
  </mem-info>
</gc-start>
<allocation-stats totalBytes="73189456" >
  <allocated-bytes non-tlh="81944" tlh="73107512" arrayletleaf="0"/>
  <largest-consumer threadName="Thread-44" threadId="00000000026DBD00" bytes="7075536" />
</allocation-stats>
<gc-op id="5409" type="copy forward" timems="75.173" contextid="5406" timestamp="2019-08-11T05:39:58.820">
  <memory-copied type="eden" objects="9091" bytes="3623080" bytesdiscarded="356856" />
  <memory-copied type="other" objects="25" bytes="968" bytesdiscarded="0" />
  <memory-cardclean objects="3182" bytes="148200" />
  <regions eden="35" other="4" />
  <remembered-set-cleared processed="736" cleared="126" durationms="0.445" />
  <references type="phantom" candidates="3" cleared="0" enqueued="0" />
  <stringconstants candidates="16242" cleared="0"  />
</gc-op>
<gc-op id="5410" type="classunload" timems="0.013" contextid="5406" timestamp="2019-08-11T05:39:58.820">
  <classunload-info classloadercandidates="69" classloadersunloaded="0" classesunloaded="0" anonymousclassesunloaded="0" quiescems="0.000" setupms="0.013" scanms="0.000" postms="0.000" />
</gc-op>
<gc-end id="5411" type="partial gc" contextid="5406" durationms="79.619" usertimems="60.795" systemtimems="29.685" timestamp="2019-08-11T05:39:58.820" activeThreads="16">
  <mem-info id="5412" free="159383552" total="262144000" percent="60">
    <mem type="eden" free="214096" total="4194304" percent="5" />
    <remembered-set count="5408" freebytes="10458368" totalbytes="10480000" percent="99" regionsoverflowed="0" regionsstable="11" regionsrebuilding="0"/>
  </mem-info>
</gc-end>
<cycle-end id="5413" type="partial gc" contextid="5406" timestamp="2019-08-11T05:39:58.821" />
  <attribute name="elasticGC enabled" value="1" />
  <attribute name= "numThreadsSpecified" value="16" />
  <attribute name="heapSize specified" value="0" />
  <attribute name="Current GC Util" value="18" />
  <attribute name= "Current Time Running" value="180629" />
  <attribute name ="GC Interval" value="0" />
  <attribute name="ProportionalT" value="-31.000000" />
  <attribute name="ProportionalI" value="-31.000000" />
  <attribute name="ProportionalH" value="-31.000000" />
  <attribute name="Current Error" value="-62.000000" />
  <attribute name="IntegralT" value="-93.000000" />
  <attribute name="IntegralI" value="-93.000000" />
  <attribute name="IntegralH" value="-93.000000" />
  <attribute name="DerivativeT" value="-20.666667" />
  <attribute name="DerivativeI" value="-20.666667" />
  <attribute name="DerivativeH" value="-20.666667" />
  <attribute name="Loop Time for DT" value="3.000000" />
  <attribute name="Output H" value="4202627072"/>
  <attribute name="Output I" value="200"/>
  <attribute name="Output T" value="16"/>
  <attribute name="Target GC Util Change" value ="80.000000" />
  <attribute name="Current GC Util Change" value="18.000000"/>
  <attribute name="GC Util currently" value="18" />
  <attribute name="CPU Util currently" value="325431563400" />
<exclusive-end id="5414" timestamp="2019-08-11T05:39:58.821" durationms="80.931" />

<exclusive-start id="5415" timestamp="2019-08-11T05:39:58.877" intervalms="137.251">
  <response-info timems="2.629" idlems="1.780" threads="3" lastid="00000000026E7100" lastname="Thread-37" />
</exclusive-start>
<allocation-taxation id="5416" taxation-threshold="73400320" timestamp="2019-08-11T05:39:58.877" intervalms="137.247" />
<cycle-start id="5417" type="partial gc" contextid="0" timestamp="2019-08-11T05:39:58.878" intervalms="137.379" />
<gc-start id="5418" type="partial gc" contextid="5417" timestamp="2019-08-11T05:39:58.878">
  <mem-info id="5419" free="85983232" total="262144000" percent="32">
    <mem type="eden" free="0" total="73400320" percent="0" />
    <remembered-set count="5312" freebytes="10458752" totalbytes="10480000" percent="99" regionsoverflowed="0" regionsstable="11" regionsrebuilding="0"/>
  </mem-info>
</gc-start>
<allocation-stats totalBytes="73267288" >
  <allocated-bytes non-tlh="81960" tlh="73185328" arrayletleaf="0"/>
  <largest-consumer threadName="Thread-52" threadId="00000000026A7200" bytes="7361800" />
</allocation-stats>
<gc-op id="5420" type="copy forward" timems="17.370" contextid="5417" timestamp="2019-08-11T05:39:58.899">
  <memory-copied type="eden" objects="8725" bytes="3625696" bytesdiscarded="395424" />
  <memory-copied type="other" objects="33" bytes="1256" bytesdiscarded="664" />
  <memory-cardclean objects="3188" bytes="148712" />
  <regions eden="35" other="3" />
  <remembered-set-cleared processed="735" cleared="126" durationms="0.140" />
  <references type="phantom" candidates="1" cleared="0" enqueued="0" />
  <stringconstants candidates="16242" cleared="0"  />
</gc-op>
<gc-op id="5421" type="classunload" timems="0.017" contextid="5417" timestamp="2019-08-11T05:39:58.899">
  <classunload-info classloadercandidates="69" classloadersunloaded="0" classesunloaded="0" anonymousclassesunloaded="0" quiescems="0.000" setupms="0.017" scanms="0.000" postms="0.000" />
</gc-op>
<heap-resize id="5422" type="expand" space="default" amount="6291456" count="1" timems="0.072" reason="excessive time being spent in gc" timestamp="2019-08-11T05:39:58.899" />
<gc-end id="5423" type="partial gc" contextid="5417" durationms="21.532" usertimems="45.358" systemtimems="16.253" timestamp="2019-08-11T05:39:58.899" activeThreads="16">
  <mem-info id="5424" free="161480704" total="268435456" percent="60">
    <mem type="eden" free="2270072" total="6291456" percent="36" />
    <remembered-set count="8448" freebytes="10697728" totalbytes="10731520" percent="99" regionsoverflowed="0" regionsstable="11" regionsrebuilding="0"/>
  </mem-info>
</gc-end>
<cycle-end id="5425" type="partial gc" contextid="5417" timestamp="2019-08-11T05:39:58.900" />
  <attribute name="elasticGC enabled" value="1" />
  <attribute name= "numThreadsSpecified" value="16" />
  <attribute name="heapSize specified" value="0" />
  <attribute name="Current GC Util" value="59" />
  <attribute name= "Current Time Running" value="180766" />
  <attribute name ="GC Interval" value="0" />
  <attribute name="ProportionalT" value="-10.500000" />
  <attribute name="ProportionalI" value="-10.500000" />
  <attribute name="ProportionalH" value="-10.500000" />
  <attribute name="Current Error" value="-21.000000" />
  <attribute name="IntegralT" value="-10.500000" />
  <attribute name="IntegralI" value="-10.500000" />
  <attribute name="IntegralH" value="-10.500000" />
  <attribute name="DerivativeT" value="-21.000000" />
  <attribute name="DerivativeI" value="-21.000000" />
  <attribute name="DerivativeH" value="-21.000000" />
  <attribute name="Loop Time for DT" value="1.000000" />
  <attribute name="Output H" value="4202627072"/>
  <attribute name="Output I" value="200"/>
  <attribute name="Output T" value="16"/>
  <attribute name="Target GC Util Change" value ="80.000000" />
  <attribute name="Current GC Util Change" value="59.000000"/>
  <attribute name="GC Util currently" value="59" />
  <attribute name="CPU Util currently" value="648198060271" />
<exclusive-end id="5426" timestamp="2019-08-11T05:39:58.901" durationms="23.548" />

<exclusive-start id="5427" timestamp="2019-08-11T05:39:59.023" intervalms="145.949">
  <response-info timems="18.262" idlems="7.062" threads="4" lastid="00000000026CCE00" lastname="Thread-45" />
</exclusive-start>
<allocation-taxation id="5428" taxation-threshold="73400320" timestamp="2019-08-11T05:39:59.023" intervalms="146.038" />
<cycle-start id="5429" type="partial gc" contextid="0" timestamp="2019-08-11T05:39:59.024" intervalms="146.004" />
<gc-start id="5430" type="partial gc" contextid="5429" timestamp="2019-08-11T05:39:59.024">
  <mem-info id="5431" free="88080384" total="268435456" percent="32">
    <mem type="eden" free="0" total="73400320" percent="0" />
    <remembered-set count="8000" freebytes="10699520" totalbytes="10731520" percent="99" regionsoverflowed="0" regionsstable="11" regionsrebuilding="0"/>
  </mem-info>
</gc-start>
<allocation-stats totalBytes="73186024" >
  <allocated-bytes non-tlh="40984" tlh="73145040" arrayletleaf="0"/>
  <largest-consumer threadName="Thread-37" threadId="00000000026E7100" bytes="8304968" />
</allocation-stats>
<gc-op id="5432" type="copy forward" timems="31.606" contextid="5429" timestamp="2019-08-11T05:39:59.061">
  <memory-copied type="eden" objects="10107" bytes="3974904" bytesdiscarded="474960" />
  <memory-copied type="other" objects="32" bytes="1152" bytesdiscarded="0" />
  <memory-cardclean objects="3202" bytes="149216" />
  <regions eden="35" other="4" />
  <remembered-set-cleared processed="735" cleared="126" durationms="2.192" />
  <references type="phantom" candidates="1" cleared="0" enqueued="0" />
  <stringconstants candidates="16242" cleared="0"  />
</gc-op>
<gc-op id="5433" type="classunload" timems="0.011" contextid="5429" timestamp="2019-08-11T05:39:59.061">
  <classunload-info classloadercandidates="69" classloadersunloaded="0" classesunloaded="0" anonymousclassesunloaded="0" quiescems="0.000" setupms="0.011" scanms="0.000" postms="0.000" />
</gc-op>
<heap-resize id="5434" type="expand" space="default" amount="4194304" count="1" timems="0.061" reason="excessive time being spent in gc" timestamp="2019-08-11T05:39:59.062" />
<gc-end id="5435" type="partial gc" contextid="5429" durationms="37.855" usertimems="20.234" systemtimems="36.516" timestamp="2019-08-11T05:39:59.062" activeThreads="16">
  <mem-info id="5436" free="163577856" total="272629760" percent="60">
    <mem type="eden" free="1841328" total="6291456" percent="29" />
    <remembered-set count="6912" freebytes="10871552" totalbytes="10899200" percent="99" regionsoverflowed="0" regionsstable="11" regionsrebuilding="0"/>
  </mem-info>
</gc-end>
<cycle-end id="5437" type="partial gc" contextid="5429" timestamp="2019-08-11T05:39:59.063" />
  <attribute name="elasticGC enabled" value="1" />
  <attribute name= "numThreadsSpecified" value="16" />
  <attribute name="heapSize specified" value="0" />
  <attribute name="Current GC Util" value="22" />
  <attribute name= "Current Time Running" value="180914" />
  <attribute name ="GC Interval" value="0" />
  <attribute name="ProportionalT" value="-29.000000" />
  <attribute name="ProportionalI" value="-29.000000" />
  <attribute name="ProportionalH" value="-29.000000" />
  <attribute name="Current Error" value="-58.000000" />
  <attribute name="IntegralT" value="-145.000000" />
  <attribute name="IntegralI" value="-145.000000" />
  <attribute name="IntegralH" value="-145.000000" />
  <attribute name="DerivativeT" value="-11.600000" />
  <attribute name="DerivativeI" value="-11.600000" />
  <attribute name="DerivativeH" value="-11.600000" />
  <attribute name="Loop Time for DT" value="5.000000" />
  <attribute name="Output H" value="4202627072"/>
  <attribute name="Output I" value="200"/>
  <attribute name="Output T" value="16"/>
  <attribute name="Target GC Util Change" value ="80.000000" />
  <attribute name="Current GC Util Change" value="22.000000"/>
  <attribute name="GC Util currently" value="22" />
  <attribute name="CPU Util currently" value="232255444624" />
<exclusive-end id="5438" timestamp="2019-08-11T05:39:59.064" durationms="40.373" />

<exclusive-start id="5439" timestamp="2019-08-11T05:39:59.210" intervalms="186.874">
  <response-info timems="1.320" idlems="1.320" threads="0" lastid="00000000026B6600" lastname="Thread-40" />
</exclusive-start>
<allocation-taxation id="5440" taxation-threshold="75497472" timestamp="2019-08-11T05:39:59.210" intervalms="186.781" />
<cycle-start id="5441" type="partial gc" contextid="0" timestamp="2019-08-11T05:39:59.210" intervalms="186.672" />
<gc-start id="5442" type="partial gc" contextid="5441" timestamp="2019-08-11T05:39:59.211">
  <mem-info id="5443" free="88080384" total="272629760" percent="32">
    <mem type="eden" free="0" total="75497472" percent="0" />
    <remembered-set count="6560" freebytes="10872960" totalbytes="10899200" percent="99" regionsoverflowed="0" regionsstable="11" regionsrebuilding="0"/>
  </mem-info>
</gc-start>
<allocation-stats totalBytes="75312544" >
  <allocated-bytes non-tlh="40984" tlh="75271560" arrayletleaf="0"/>
  <largest-consumer threadName="Thread-38" threadId="00000000026D8200" bytes="7959712" />
</allocation-stats>
<gc-op id="5444" type="copy forward" timems="5.794" contextid="5441" timestamp="2019-08-11T05:39:59.217">
  <memory-copied type="eden" objects="10415" bytes="4019904" bytesdiscarded="0" />
  <memory-copied type="other" objects="25" bytes="968" bytesdiscarded="0" />
  <memory-cardclean objects="3209" bytes="149208" />
  <regions eden="36" other="4" />
  <remembered-set-cleared processed="738" cleared="128" durationms="0.297" />
  <references type="phantom" candidates="1" cleared="0" enqueued="0" />
  <stringconstants candidates="16242" cleared="0"  />
</gc-op>
<gc-op id="5445" type="classunload" timems="0.014" contextid="5441" timestamp="2019-08-11T05:39:59.217">
  <classunload-info classloadercandidates="69" classloadersunloaded="0" classesunloaded="0" anonymousclassesunloaded="0" quiescems="0.000" setupms="0.013" scanms="0.000" postms="0.000" />
</gc-op>
<gc-end id="5446" type="partial gc" contextid="5441" durationms="6.947" usertimems="18.262" systemtimems="0.000" timestamp="2019-08-11T05:39:59.217" activeThreads="1">
  <mem-info id="5447" free="163577856" total="272629760" percent="60">
    <mem type="eden" free="174136" total="4194304" percent="4" />
    <remembered-set count="6176" freebytes="10874496" totalbytes="10899200" percent="99" regionsoverflowed="0" regionsstable="11" regionsrebuilding="0"/>
  </mem-info>
</gc-end>
<cycle-end id="5448" type="partial gc" contextid="5441" timestamp="2019-08-11T05:39:59.220" />
  <attribute name="elasticGC enabled" value="1" />
  <attribute name= "numThreadsSpecified" value="1" />
  <attribute name="heapSize specified" value="0" />
  <attribute name="Current GC Util" value="154" />
  <attribute name= "Current Time Running" value="181096" />
  <attribute name ="GC Interval" value="0" />
  <attribute name="ProportionalT" value="37.000000" />
  <attribute name="ProportionalI" value="37.000000" />
  <attribute name="ProportionalH" value="37.000000" />
  <attribute name="Current Error" value="74.000000" />
  <attribute name="IntegralT" value="0.000000" />
  <attribute name="IntegralI" value="0.000000" />
  <attribute name="IntegralH" value="0.000000" />
  <attribute name="DerivativeT" value="inf" />
  <attribute name="DerivativeI" value="inf" />
  <attribute name="DerivativeH" value="inf" />
  <attribute name="Loop Time for DT" value="0.000000" />
  <attribute name="Output H" value="8388608"/>
  <attribute name="Output I" value="200"/>
  <attribute name="Output T" value="1"/>
  <attribute name="Target GC Util Change" value ="80.000000" />
  <attribute name="Current GC Util Change" value="154.000000"/>
  <attribute name="GC Util currently" value="154" />
  <attribute name="CPU Util currently" value="2405763727416" />
<exclusive-end id="5449" timestamp="2019-08-11T05:39:59.220" durationms="10.253" />

<exclusive-start id="5450" timestamp="2019-08-11T05:39:59.343" intervalms="133.197">
  <response-info timems="0.637" idlems="0.637" threads="0" lastid="00000000026E3500" lastname="Thread-46" />
</exclusive-start>
<allocation-taxation id="5451" taxation-threshold="75497472" timestamp="2019-08-11T05:39:59.343" intervalms="133.219" />
<cycle-start id="5452" type="partial gc" contextid="0" timestamp="2019-08-11T05:39:59.344" intervalms="133.343" />
<gc-start id="5453" type="partial gc" contextid="5452" timestamp="2019-08-11T05:39:59.345">
  <mem-info id="5454" free="88080384" total="272629760" percent="32">
    <mem type="eden" free="0" total="75497472" percent="0" />
    <remembered-set count="5856" freebytes="10875776" totalbytes="10899200" percent="99" regionsoverflowed="0" regionsstable="11" regionsrebuilding="0"/>
  </mem-info>
</gc-start>
<allocation-stats totalBytes="75345456" >
  <allocated-bytes non-tlh="0" tlh="75345456" arrayletleaf="0"/>
  <largest-consumer threadName="Thread-39" threadId="00000000026C9200" bytes="7878056" />
</allocation-stats>
<gc-op id="5455" type="copy forward" timems="32.180" contextid="5452" timestamp="2019-08-11T05:39:59.378">
  <memory-copied type="eden" objects="8026" bytes="3289832" bytesdiscarded="632480" />
  <memory-copied type="other" objects="24" bytes="968" bytesdiscarded="0" />
  <memory-cardclean objects="3177" bytes="147656" />
  <regions eden="36" other="3" />
  <remembered-set-cleared processed="739" cleared="128" durationms="0.429" />
  <references type="phantom" candidates="3" cleared="0" enqueued="0" />
  <stringconstants candidates="16242" cleared="0"  />
</gc-op>
<gc-op id="5456" type="classunload" timems="0.014" contextid="5452" timestamp="2019-08-11T05:39:59.378">
  <classunload-info classloadercandidates="69" classloadersunloaded="0" classesunloaded="0" anonymousclassesunloaded="0" quiescems="0.000" setupms="0.013" scanms="0.000" postms="0.000" />
</gc-op>
<heap-resize id="5457" type="expand" space="default" amount="6291456" count="1" timems="0.076" reason="excessive time being spent in gc" timestamp="2019-08-11T05:39:59.379" />
<gc-end id="5458" type="partial gc" contextid="5452" durationms="34.561" usertimems="21.666" systemtimems="13.561" timestamp="2019-08-11T05:39:59.379" activeThreads="16">
  <mem-info id="5459" free="167772160" total="278921216" percent="60">
    <mem type="eden" free="271712" total="4194304" percent="6" />
    <remembered-set count="8992" freebytes="11114752" totalbytes="11150720" percent="99" regionsoverflowed="0" regionsstable="11" regionsrebuilding="0"/>
  </mem-info>
</gc-end>
<cycle-end id="5460" type="partial gc" contextid="5452" timestamp="2019-08-11T05:39:59.379" />
  <attribute name="elasticGC enabled" value="1" />
  <attribute name= "numThreadsSpecified" value="16" />
  <attribute name="heapSize specified" value="0" />
  <attribute name="Current GC Util" value="107" />
  <attribute name= "Current Time Running" value="181231" />
  <attribute name ="GC Interval" value="0" />
  <attribute name="ProportionalT" value="13.500000" />
  <attribute name="ProportionalI" value="13.500000" />
  <attribute name="ProportionalH" value="13.500000" />
  <attribute name="Current Error" value="27.000000" />
  <attribute name="IntegralT" value="13.500000" />
  <attribute name="IntegralI" value="13.500000" />
  <attribute name="IntegralH" value="13.500000" />
  <attribute name="DerivativeT" value="27.000000" />
  <attribute name="DerivativeI" value="27.000000" />
  <attribute name="DerivativeH" value="27.000000" />
  <attribute name="Loop Time for DT" value="1.000000" />
  <attribute name="Output H" value="8388608"/>
  <attribute name="Output I" value="200"/>
  <attribute name="Output T" value="16"/>
  <attribute name="Target GC Util Change" value ="80.000000" />
  <attribute name="Current GC Util Change" value="107.000000"/>
  <attribute name="GC Util currently" value="107" />
  <attribute name="CPU Util currently" value="1148241137445" />
<exclusive-end id="5461" timestamp="2019-08-11T05:39:59.380" durationms="36.288" />

<exclusive-start id="5462" timestamp="2019-08-11T05:39:59.451" intervalms="107.317">
  <response-info timems="2.580" idlems="2.580" threads="0" lastid="00000000026C9200" lastname="Thread-39" />
</exclusive-start>
<allocation-taxation id="5463" taxation-threshold="77594624" timestamp="2019-08-11T05:39:59.451" intervalms="107.436" />
<cycle-start id="5464" type="partial gc" contextid="0" timestamp="2019-08-11T05:39:59.451" intervalms="107.601" />
<gc-start id="5465" type="partial gc" contextid="5464" timestamp="2019-08-11T05:39:59.452">
  <mem-info id="5466" free="90177536" total="278921216" percent="32">
    <mem type="eden" free="0" total="77594624" percent="0" />
    <remembered-set count="8960" freebytes="11114880" totalbytes="11150720" percent="99" regionsoverflowed="0" regionsstable="11" regionsrebuilding="0"/>
  </mem-info>
</gc-start>
<allocation-stats totalBytes="77374584" >
  <allocated-bytes non-tlh="32776" tlh="77341808" arrayletleaf="0"/>
  <largest-consumer threadName="Thread-48" threadId="0000000002690B00" bytes="10316984" />
</allocation-stats>
<gc-op id="5467" type="copy forward" timems="20.774" contextid="5464" timestamp="2019-08-11T05:39:59.474">
  <memory-copied type="eden" objects="8699" bytes="3517624" bytesdiscarded="435808" />
  <memory-copied type="other" objects="17" bytes="688" bytesdiscarded="0" />
  <memory-cardclean objects="3188" bytes="148736" />
  <regions eden="37" other="3" />
  <remembered-set-cleared processed="737" cleared="128" durationms="0.229" />
  <references type="weak" candidates="1" cleared="0" enqueued="0" />
  <references type="phantom" candidates="4" cleared="0" enqueued="0" />
  <stringconstants candidates="16242" cleared="0"  />
</gc-op>
<gc-op id="5468" type="classunload" timems="0.012" contextid="5464" timestamp="2019-08-11T05:39:59.474">
  <classunload-info classloadercandidates="69" classloadersunloaded="0" classesunloaded="0" anonymousclassesunloaded="0" quiescems="0.000" setupms="0.012" scanms="0.000" postms="0.000" />
</gc-op>
<heap-resize id="5469" type="expand" space="default" amount="4194304" count="1" timems="0.069" reason="excessive time being spent in gc" timestamp="2019-08-11T05:39:59.475" />
<gc-end id="5470" type="partial gc" contextid="5464" durationms="23.453" usertimems="17.406" systemtimems="23.360" timestamp="2019-08-11T05:39:59.475" activeThreads="16">
  <mem-info id="5471" free="169869312" total="283115520" percent="60">
    <mem type="eden" free="240608" total="4194304" percent="5" />
    <remembered-set count="8960" freebytes="11282560" totalbytes="11318400" percent="99" regionsoverflowed="0" regionsstable="11" regionsrebuilding="0"/>
  </mem-info>
</gc-end>
<cycle-end id="5472" type="partial gc" contextid="5464" timestamp="2019-08-11T05:39:59.475" />
  <attribute name="elasticGC enabled" value="1" />
  <attribute name= "numThreadsSpecified" value="16" />
  <attribute name="heapSize specified" value="0" />
  <attribute name="Current GC Util" value="131" />
  <attribute name= "Current Time Running" value="181338" />
  <attribute name ="GC Interval" value="0" />
  <attribute name="ProportionalT" value="25.500000" />
  <attribute name="ProportionalI" value="25.500000" />
  <attribute name="ProportionalH" value="25.500000" />
  <attribute name="Current Error" value="51.000000" />
  <attribute name="IntegralT" value="25.500000" />
  <attribute name="IntegralI" value="25.500000" />
  <attribute name="IntegralH" value="25.500000" />
  <attribute name="DerivativeT" value="51.000000" />
  <attribute name="DerivativeI" value="51.000000" />
  <attribute name="DerivativeH" value="51.000000" />
  <attribute name="Loop Time for DT" value="1.000000" />
  <attribute name="Output H" value="8388608"/>
  <attribute name="Output I" value="200"/>
  <attribute name="Output T" value="16"/>
  <attribute name="Target GC Util Change" value ="80.000000" />
  <attribute name="Current GC Util Change" value="131.000000"/>
  <attribute name="GC Util currently" value="131" />
  <attribute name="CPU Util currently" value="1091244243521" />
<exclusive-end id="5473" timestamp="2019-08-11T05:39:59.476" durationms="25.528" />

<exclusive-start id="5474" timestamp="2019-08-11T05:39:59.614" intervalms="163.177">
  <response-info timems="12.729" idlems="9.951" threads="3" lastid="00000000026CCE00" lastname="Thread-45" />
</exclusive-start>
<allocation-taxation id="5475" taxation-threshold="77594624" timestamp="2019-08-11T05:39:59.614" intervalms="163.038" />
<cycle-start id="5476" type="partial gc" contextid="0" timestamp="2019-08-11T05:39:59.614" intervalms="162.745" />
<gc-start id="5477" type="partial gc" contextid="5476" timestamp="2019-08-11T05:39:59.615">
  <mem-info id="5478" free="92274688" total="283115520" percent="32">
    <mem type="eden" free="0" total="77594624" percent="0" />
    <remembered-set count="8960" freebytes="11282560" totalbytes="11318400" percent="99" regionsoverflowed="0" regionsstable="11" regionsrebuilding="0"/>
  </mem-info>
</gc-start>
<allocation-stats totalBytes="77377104" >
  <allocated-bytes non-tlh="81944" tlh="77295160" arrayletleaf="0"/>
  <largest-consumer threadName="Thread-42" threadId="00000000026C1A00" bytes="9027352" />
</allocation-stats>
<gc-op id="5479" type="copy forward" timems="15.459" contextid="5476" timestamp="2019-08-11T05:39:59.634">
  <memory-copied type="eden" objects="8722" bytes="3426592" bytesdiscarded="467648" />
  <memory-copied type="other" objects="26" bytes="920" bytesdiscarded="0" />
  <memory-cardclean objects="3200" bytes="148696" />
  <regions eden="37" other="3" />
  <remembered-set-cleared processed="744" cleared="135" durationms="0.207" />
  <references type="weak" candidates="1" cleared="0" enqueued="0" />
  <references type="phantom" candidates="2" cleared="0" enqueued="0" />
  <stringconstants candidates="16242" cleared="0"  />
</gc-op>
<gc-op id="5480" type="classunload" timems="0.012" contextid="5476" timestamp="2019-08-11T05:39:59.634">
  <classunload-info classloadercandidates="69" classloadersunloaded="0" classesunloaded="0" anonymousclassesunloaded="0" quiescems="0.000" setupms="0.012" scanms="0.000" postms="0.000" />
</gc-op>
<heap-resize id="5481" type="expand" space="default" amount="6291456" count="1" timems="0.109" reason="excessive time being spent in gc" timestamp="2019-08-11T05:39:59.634" />
<gc-end id="5482" type="partial gc" contextid="5476" durationms="19.657" usertimems="11.601" systemtimems="16.762" timestamp="2019-08-11T05:39:59.634" activeThreads="16">
  <mem-info id="5483" free="174063616" total="289406976" percent="60">
    <mem type="eden" free="299808" total="4194304" percent="7" />
    <remembered-set count="8448" freebytes="11536128" totalbytes="11569920" percent="99" regionsoverflowed="0" regionsstable="11" regionsrebuilding="0"/>
  </mem-info>
</gc-end>
<cycle-end id="5484" type="partial gc" contextid="5476" timestamp="2019-08-11T05:39:59.634" />
  <attribute name="elasticGC enabled" value="1" />
  <attribute name= "numThreadsSpecified" value="16" />
  <attribute name="heapSize specified" value="0" />
  <attribute name="Current GC Util" value="22" />
  <attribute name= "Current Time Running" value="181503" />
  <attribute name ="GC Interval" value="0" />
  <attribute name="ProportionalT" value="-29.000000" />
  <attribute name="ProportionalI" value="-29.000000" />
  <attribute name="ProportionalH" value="-29.000000" />
  <attribute name="Current Error" value="-58.000000" />
  <attribute name="IntegralT" value="-87.000000" />
  <attribute name="IntegralI" value="-87.000000" />
  <attribute name="IntegralH" value="-87.000000" />
  <attribute name="DerivativeT" value="-19.333333" />
  <attribute name="DerivativeI" value="-19.333333" />
  <attribute name="DerivativeH" value="-19.333333" />
  <attribute name="Loop Time for DT" value="3.000000" />
  <attribute name="Output H" value="4202627072"/>
  <attribute name="Output I" value="200"/>
  <attribute name="Output T" value="16"/>
  <attribute name="Target GC Util Change" value ="80.000000" />
  <attribute name="Current GC Util Change" value="22.000000"/>
  <attribute name="GC Util currently" value="22" />
  <attribute name="CPU Util currently" value="353776559385" />
<exclusive-end id="5485" timestamp="2019-08-11T05:39:59.635" durationms="20.778" />

<exclusive-start id="5486" timestamp="2019-08-11T05:39:59.697" intervalms="82.708">
  <response-info timems="8.216" idlems="4.227" threads="1" lastid="00000000026C9200" lastname="Thread-39" />
</exclusive-start>
<allocation-taxation id="5487" taxation-threshold="79691776" timestamp="2019-08-11T05:39:59.698" intervalms="83.674" />
<cycle-start id="5488" type="partial gc" contextid="0" timestamp="2019-08-11T05:39:59.698" intervalms="83.963" />
<gc-start id="5489" type="partial gc" contextid="5488" timestamp="2019-08-11T05:39:59.698">
  <mem-info id="5490" free="94371840" total="289406976" percent="32">
    <mem type="eden" free="0" total="79691776" percent="0" />
    <remembered-set count="7968" freebytes="11538048" totalbytes="11569920" percent="99" regionsoverflowed="0" regionsstable="11" regionsrebuilding="0"/>
  </mem-info>
</gc-start>
<allocation-stats totalBytes="79537248" >
  <allocated-bytes non-tlh="16392" tlh="79520856" arrayletleaf="0"/>
  <largest-consumer threadName="Thread-47" threadId="0000000002689300" bytes="11209848" />
</allocation-stats>
<gc-op id="5491" type="copy forward" timems="8.749" contextid="5488" timestamp="2019-08-11T05:39:59.709">
  <memory-copied type="eden" objects="10480" bytes="4074224" bytesdiscarded="208" />
  <memory-copied type="other" objects="30" bytes="1216" bytesdiscarded="0" />
  <memory-cardclean objects="3210" bytes="149504" />
  <regions eden="38" other="3" />
  <remembered-set-cleared processed="736" cleared="127" durationms="0.524" />
  <references type="phantom" candidates="1" cleared="0" enqueued="0" />
  <stringconstants candidates="16242" cleared="0"  />
</gc-op>
<gc-op id="5492" type="classunload" timems="0.012" contextid="5488" timestamp="2019-08-11T05:39:59.709">
  <classunload-info classloadercandidates="69" classloadersunloaded="0" classesunloaded="0" anonymousclassesunloaded="0" quiescems="0.000" setupms="0.011" scanms="0.000" postms="0.000" />
</gc-op>
<heap-resize id="5493" type="expand" space="default" amount="4194304" count="1" timems="0.058" reason="excessive time being spent in gc" timestamp="2019-08-11T05:39:59.710" />
<gc-end id="5494" type="partial gc" contextid="5488" durationms="11.837" usertimems="8.606" systemtimems="0.767" timestamp="2019-08-11T05:39:59.710" activeThreads="1">
  <mem-info id="5495" free="176160768" total="293601280" percent="60">
    <mem type="eden" free="119608" total="4194304" percent="2" />
    <remembered-set count="7712" freebytes="11706752" totalbytes="11737600" percent="99" regionsoverflowed="0" regionsstable="11" regionsrebuilding="0"/>
  </mem-info>
</gc-end>
<cycle-end id="5496" type="partial gc" contextid="5488" timestamp="2019-08-11T05:39:59.710" />
  <attribute name="elasticGC enabled" value="1" />
  <attribute name= "numThreadsSpecified" value="1" />
  <attribute name="heapSize specified" value="0" />
  <attribute name="Current GC Util" value="77" />
  <attribute name= "Current Time Running" value="181585" />
  <attribute name ="GC Interval" value="0" />
  <attribute name="ProportionalT" value="-1.500000" />
  <attribute name="ProportionalI" value="-1.500000" />
  <attribute name="ProportionalH" value="-1.500000" />
  <attribute name="Current Error" value="-3.000000" />
  <attribute name="IntegralT" value="-1.500000" />
  <attribute name="IntegralI" value="-1.500000" />
  <attribute name="IntegralH" value="-1.500000" />
  <attribute name="DerivativeT" value="-3.000000" />
  <attribute name="DerivativeI" value="-3.000000" />
  <attribute name="DerivativeH" value="-3.000000" />
  <attribute name="Loop Time for DT" value="1.000000" />
  <attribute name="Output H" value="8388608"/>
  <attribute name="Output I" value="200"/>
  <attribute name="Output T" value="1"/>
  <attribute name="Target GC Util Change" value ="80.000000" />
  <attribute name="Current GC Util Change" value="77.000000"/>
  <attribute name="GC Util currently" value="77" />
  <attribute name="CPU Util currently" value="762761827871" />
<exclusive-end id="5497" timestamp="2019-08-11T05:39:59.711" durationms="13.986" />

<exclusive-start id="5498" timestamp="2019-08-11T05:39:59.820" intervalms="123.569">
  <response-info timems="1.890" idlems="0.947" threads="1" lastid="0000000002690B00" lastname="Thread-48" />
</exclusive-start>
<allocation-taxation id="5499" taxation-threshold="79691776" timestamp="2019-08-11T05:39:59.820" intervalms="122.677" />
<cycle-start id="5500" type="partial gc" contextid="0" timestamp="2019-08-11T05:39:59.820" intervalms="122.506" />
<gc-start id="5501" type="partial gc" contextid="5500" timestamp="2019-08-11T05:39:59.821">
  <mem-info id="5502" free="96468992" total="293601280" percent="32">
    <mem type="eden" free="0" total="79691776" percent="0" />
    <remembered-set count="7456" freebytes="11707776" totalbytes="11737600" percent="99" regionsoverflowed="0" regionsstable="11" regionsrebuilding="0"/>
  </mem-info>
</gc-start>
<allocation-stats totalBytes="79518760" >
  <allocated-bytes non-tlh="32784" tlh="79485976" arrayletleaf="0"/>
  <largest-consumer threadName="Thread-44" threadId="00000000026DBD00" bytes="10934224" />
</allocation-stats>
<gc-op id="5503" type="copy forward" timems="16.043" contextid="5500" timestamp="2019-08-11T05:39:59.838">
  <memory-copied type="eden" objects="9924" bytes="3969368" bytesdiscarded="579552" />
  <memory-copied type="other" objects="26" bytes="1256" bytesdiscarded="0" />
  <memory-cardclean objects="3213" bytes="150000" />
  <regions eden="38" other="3" />
  <remembered-set-cleared processed="745" cleared="137" durationms="0.444" />
  <references type="phantom" candidates="2" cleared="0" enqueued="0" />
  <stringconstants candidates="16242" cleared="0"  />
</gc-op>
<gc-op id="5504" type="classunload" timems="0.016" contextid="5500" timestamp="2019-08-11T05:39:59.838">
  <classunload-info classloadercandidates="69" classloadersunloaded="0" classesunloaded="0" anonymousclassesunloaded="0" quiescems="0.000" setupms="0.016" scanms="0.000" postms="0.000" />
</gc-op>
<heap-resize id="5505" type="expand" space="default" amount="10485760" count="1" timems="0.080" reason="excessive time being spent in gc" timestamp="2019-08-11T05:39:59.839" />
<gc-end id="5506" type="partial gc" contextid="5500" durationms="17.706" usertimems="16.910" systemtimems="7.223" timestamp="2019-08-11T05:39:59.839" activeThreads="16">
  <mem-info id="5507" free="182452224" total="304087040" percent="60">
    <mem type="eden" free="1742264" total="6291456" percent="27" />
    <remembered-set count="7424" freebytes="12127104" totalbytes="12156800" percent="99" regionsoverflowed="0" regionsstable="11" regionsrebuilding="0"/>
  </mem-info>
</gc-end>
<cycle-end id="5508" type="partial gc" contextid="5500" timestamp="2019-08-11T05:39:59.839" />
  <attribute name="elasticGC enabled" value="1" />
  <attribute name= "numThreadsSpecified" value="16" />
  <attribute name="heapSize specified" value="0" />
  <attribute name="Current GC Util" value="171" />
  <attribute name= "Current Time Running" value="181707" />
  <attribute name ="GC Interval" value="0" />
  <attribute name="ProportionalT" value="45.500000" />
  <attribute name="ProportionalI" value="45.500000" />
  <attribute name="ProportionalH" value="45.500000" />
  <attribute name="Current Error" value="91.000000" />
  <attribute name="IntegralT" value="45.500000" />
  <attribute name="IntegralI" value="45.500000" />
  <attribute name="IntegralH" value="45.500000" />
  <attribute name="DerivativeT" value="91.000000" />
  <attribute name="DerivativeI" value="91.000000" />
  <attribute name="DerivativeH" value="91.000000" />
  <attribute name="Loop Time for DT" value="1.000000" />
  <attribute name="Output H" value="8388608"/>
  <attribute name="Output I" value="200"/>
  <attribute name="Output T" value="16"/>
  <attribute name="Target GC Util Change" value ="80.000000" />
  <attribute name="Current GC Util Change" value="171.000000"/>
  <attribute name="GC Util currently" value="171" />
  <attribute name="CPU Util currently" value="1186584777898" />
<exclusive-end id="5509" timestamp="2019-08-11T05:39:59.839" durationms="19.248" />

<exclusive-start id="5510" timestamp="2019-08-11T05:39:59.936" intervalms="116.196">
  <response-info timems="2.214" idlems="2.214" threads="0" lastid="00000000026C5600" lastname="Thread-41" />
</exclusive-start>
<allocation-taxation id="5511" taxation-threshold="83886080" timestamp="2019-08-11T05:39:59.936" intervalms="116.127" />
<cycle-start id="5512" type="partial gc" contextid="0" timestamp="2019-08-11T05:39:59.937" intervalms="116.070" />
<gc-start id="5513" type="partial gc" contextid="5512" timestamp="2019-08-11T05:39:59.937">
  <mem-info id="5514" free="98566144" total="304087040" percent="32">
    <mem type="eden" free="0" total="83886080" percent="0" />
    <remembered-set count="7136" freebytes="12128256" totalbytes="12156800" percent="99" regionsoverflowed="0" regionsstable="11" regionsrebuilding="0"/>
  </mem-info>
</gc-start>
<allocation-stats totalBytes="83689376" >
  <allocated-bytes non-tlh="16392" tlh="83672984" arrayletleaf="0"/>
  <largest-consumer threadName="Thread-37" threadId="00000000026E7100" bytes="9368864" />
</allocation-stats>
<gc-op id="5515" type="copy forward" timems="32.629" contextid="5512" timestamp="2019-08-11T05:39:59.971">
  <memory-copied type="eden" objects="9419" bytes="3702216" bytesdiscarded="475928" />
  <memory-copied type="other" objects="22" bytes="1024" bytesdiscarded="456" />
  <memory-cardclean objects="3200" bytes="149968" />
  <regions eden="40" other="4" />
  <remembered-set-cleared processed="742" cleared="135" durationms="0.157" />
  <references type="phantom" candidates="3" cleared="0" enqueued="0" />
  <stringconstants candidates="16242" cleared="0"  />
</gc-op>
<gc-op id="5516" type="classunload" timems="0.011" contextid="5512" timestamp="2019-08-11T05:39:59.971">
  <classunload-info classloadercandidates="69" classloadersunloaded="0" classesunloaded="0" anonymousclassesunloaded="0" quiescems="0.000" setupms="0.011" scanms="0.000" postms="0.000" />
</gc-op>
<heap-resize id="5517" type="expand" space="default" amount="6291456" count="1" timems="0.065" reason="excessive time being spent in gc" timestamp="2019-08-11T05:39:59.971" />
<gc-end id="5518" type="partial gc" contextid="5512" durationms="34.363" usertimems="10.894" systemtimems="28.047" timestamp="2019-08-11T05:39:59.972" activeThreads="16">
  <mem-info id="5519" free="186646528" total="310378496" percent="60">
    <mem type="eden" free="2113032" total="6291456" percent="33" />
    <remembered-set count="7904" freebytes="12376704" totalbytes="12408320" percent="99" regionsoverflowed="0" regionsstable="11" regionsrebuilding="0"/>
  </mem-info>
</gc-end>
<cycle-end id="5520" type="partial gc" contextid="5512" timestamp="2019-08-11T05:39:59.972" />
  <attribute name="elasticGC enabled" value="1" />
  <attribute name= "numThreadsSpecified" value="16" />
  <attribute name="heapSize specified" value="0" />
  <attribute name="Current GC Util" value="143" />
  <attribute name= "Current Time Running" value="181823" />
  <attribute name ="GC Interval" value="0" />
  <attribute name="ProportionalT" value="31.500000" />
  <attribute name="ProportionalI" value="31.500000" />
  <attribute name="ProportionalH" value="31.500000" />
  <attribute name="Current Error" value="63.000000" />
  <attribute name="IntegralT" value="31.500000" />
  <attribute name="IntegralI" value="31.500000" />
  <attribute name="IntegralH" value="31.500000" />
  <attribute name="DerivativeT" value="63.000000" />
  <attribute name="DerivativeI" value="63.000000" />
  <attribute name="DerivativeH" value="63.000000" />
  <attribute name="Loop Time for DT" value="1.000000" />
  <attribute name="Output H" value="8388608"/>
  <attribute name="Output I" value="200"/>
  <attribute name="Output T" value="16"/>
  <attribute name="Target GC Util Change" value ="80.000000" />
  <attribute name="Current GC Util Change" value="143.000000"/>
  <attribute name="GC Util currently" value="143" />
  <attribute name="CPU Util currently" value="1171143184274" />
<exclusive-end id="5521" timestamp="2019-08-11T05:39:59.972" durationms="35.783" />

<exclusive-start id="5522" timestamp="2019-08-11T05:40:00.077" intervalms="140.934">
  <response-info timems="14.951" idlems="14.012" threads="1" lastid="00000000026DBD00" lastname="Thread-44" />
</exclusive-start>
<allocation-taxation id="5523" taxation-threshold="83886080" timestamp="2019-08-11T05:40:00.077" intervalms="140.923" />
<cycle-start id="5524" type="partial gc" contextid="0" timestamp="2019-08-11T05:40:00.077" intervalms="140.894" />
<gc-start id="5525" type="partial gc" contextid="5524" timestamp="2019-08-11T05:40:00.078">
  <mem-info id="5526" free="102760448" total="310378496" percent="33">
    <mem type="eden" free="0" total="83886080" percent="0" />
    <remembered-set count="7488" freebytes="12378368" totalbytes="12408320" percent="99" regionsoverflowed="0" regionsstable="11" regionsrebuilding="0"/>
  </mem-info>
</gc-start>
<allocation-stats totalBytes="83651488" >
  <allocated-bytes non-tlh="8200" tlh="83643288" arrayletleaf="0"/>
  <largest-consumer threadName="Thread-43" threadId="00000000026BDE00" bytes="11321760" />
</allocation-stats>
<gc-op id="5527" type="copy forward" timems="36.021" contextid="5524" timestamp="2019-08-11T05:40:00.115">
  <memory-copied type="eden" objects="8802" bytes="3599488" bytesdiscarded="386392" />
  <memory-copied type="other" objects="34" bytes="1624" bytesdiscarded="1992" />
  <memory-cardclean objects="3221" bytes="150592" />
  <regions eden="40" other="4" />
  <remembered-set-cleared processed="745" cleared="136" durationms="0.253" />
  <references type="phantom" candidates="4" cleared="0" enqueued="0" />
  <stringconstants candidates="16242" cleared="0"  />
</gc-op>
<gc-op id="5528" type="classunload" timems="0.011" contextid="5524" timestamp="2019-08-11T05:40:00.115">
  <classunload-info classloadercandidates="69" classloadersunloaded="0" classesunloaded="0" anonymousclassesunloaded="0" quiescems="0.000" setupms="0.011" scanms="0.000" postms="0.000" />
</gc-op>
<gc-end id="5529" type="partial gc" contextid="5524" durationms="37.664" usertimems="13.839" systemtimems="18.714" timestamp="2019-08-11T05:40:00.115" activeThreads="16">
  <mem-info id="5530" free="186646528" total="310378496" percent="60">
    <mem type="eden" free="208136" total="4194304" percent="4" />
    <remembered-set count="6912" freebytes="12380672" totalbytes="12408320" percent="99" regionsoverflowed="0" regionsstable="11" regionsrebuilding="0"/>
  </mem-info>
</gc-end>
<cycle-end id="5531" type="partial gc" contextid="5524" timestamp="2019-08-11T05:40:00.116" />
  <attribute name="elasticGC enabled" value="1" />
  <attribute name= "numThreadsSpecified" value="16" />
  <attribute name="heapSize specified" value="0" />
  <attribute name="Current GC Util" value="106" />
  <attribute name= "Current Time Running" value="181964" />
  <attribute name ="GC Interval" value="0" />
  <attribute name="ProportionalT" value="13.000000" />
  <attribute name="ProportionalI" value="13.000000" />
  <attribute name="ProportionalH" value="13.000000" />
  <attribute name="Current Error" value="26.000000" />
  <attribute name="IntegralT" value="13.000000" />
  <attribute name="IntegralI" value="13.000000" />
  <attribute name="IntegralH" value="13.000000" />
  <attribute name="DerivativeT" value="26.000000" />
  <attribute name="DerivativeI" value="26.000000" />
  <attribute name="DerivativeH" value="26.000000" />
  <attribute name="Loop Time for DT" value="1.000000" />
  <attribute name="Output H" value="8388608"/>
  <attribute name="Output I" value="200"/>
  <attribute name="Output T" value="16"/>
  <attribute name="Target GC Util Change" value ="80.000000" />
  <attribute name="Current GC Util Change" value="106.000000"/>
  <attribute name="GC Util currently" value="106" />
  <attribute name="CPU Util currently" value="1929091219423" />
<exclusive-end id="5532" timestamp="2019-08-11T05:40:00.116" durationms="39.137" />

<exclusive-start id="5533" timestamp="2019-08-11T05:40:00.170" intervalms="92.814">
  <response-info timems="0.515" idlems="0.515" threads="0" lastid="00000000026E3500" lastname="Thread-46" />
</exclusive-start>
<allocation-taxation id="5534" taxation-threshold="83886080" timestamp="2019-08-11T05:40:00.170" intervalms="92.824" />
<cycle-start id="5535" type="partial gc" contextid="0" timestamp="2019-08-11T05:40:00.170" intervalms="92.817" />
<gc-start id="5536" type="partial gc" contextid="5535" timestamp="2019-08-11T05:40:00.171">
  <mem-info id="5537" free="102760448" total="310378496" percent="33">
    <mem type="eden" free="0" total="83886080" percent="0" />
    <remembered-set count="6496" freebytes="12382336" totalbytes="12408320" percent="99" regionsoverflowed="0" regionsstable="11" regionsrebuilding="0"/>
  </mem-info>
</gc-start>
<allocation-stats totalBytes="83749128" >
  <allocated-bytes non-tlh="16392" tlh="83732736" arrayletleaf="0"/>
  <largest-consumer threadName="Thread-47" threadId="0000000002689300" bytes="9805200" />
</allocation-stats>
<gc-op id="5538" type="copy forward" timems="30.635" contextid="5535" timestamp="2019-08-11T05:40:00.204">
  <memory-copied type="eden" objects="9325" bytes="3871576" bytesdiscarded="470656" />
  <memory-copied type="other" objects="38" bytes="1496" bytesdiscarded="0" />
  <memory-cardclean objects="3230" bytes="151064" />
  <regions eden="40" other="3" />
  <remembered-set-cleared processed="747" cleared="139" durationms="0.432" />
  <references type="phantom" candidates="5" cleared="0" enqueued="0" />
  <stringconstants candidates="16242" cleared="0"  />
</gc-op>
<gc-op id="5539" type="classunload" timems="0.012" contextid="5535" timestamp="2019-08-11T05:40:00.204">
  <classunload-info classloadercandidates="69" classloadersunloaded="0" classesunloaded="0" anonymousclassesunloaded="0" quiescems="0.000" setupms="0.011" scanms="0.000" postms="0.000" />
</gc-op>
<heap-resize id="5540" type="expand" space="default" amount="10485760" count="1" timems="0.071" reason="excessive time being spent in gc" timestamp="2019-08-11T05:40:00.204" />
<gc-end id="5541" type="partial gc" contextid="5535" durationms="33.616" usertimems="55.423" systemtimems="11.669" timestamp="2019-08-11T05:40:00.204" activeThreads="16">
  <mem-info id="5542" free="192937984" total="320864256" percent="60">
    <mem type="eden" free="1948928" total="6291456" percent="30" />
    <remembered-set count="8416" freebytes="12793856" totalbytes="12827520" percent="99" regionsoverflowed="0" regionsstable="11" regionsrebuilding="0"/>
  </mem-info>
</gc-end>
<cycle-end id="5543" type="partial gc" contextid="5535" timestamp="2019-08-11T05:40:00.204" />
  <attribute name="elasticGC enabled" value="1" />
  <attribute name= "numThreadsSpecified" value="16" />
  <attribute name="heapSize specified" value="0" />
  <attribute name="Current GC Util" value="34" />
  <attribute name= "Current Time Running" value="182058" />
  <attribute name ="GC Interval" value="0" />
  <attribute name="ProportionalT" value="-23.000000" />
  <attribute name="ProportionalI" value="-23.000000" />
  <attribute name="ProportionalH" value="-23.000000" />
  <attribute name="Current Error" value="-46.000000" />
  <attribute name="IntegralT" value="-46.000000" />
  <attribute name="IntegralI" value="-46.000000" />
  <attribute name="IntegralH" value="-46.000000" />
  <attribute name="DerivativeT" value="-23.000000" />
  <attribute name="DerivativeI" value="-23.000000" />
  <attribute name="DerivativeH" value="-23.000000" />
  <attribute name="Loop Time for DT" value="2.000000" />
  <attribute name="Output H" value="4202627072"/>
  <attribute name="Output I" value="200"/>
  <attribute name="Output T" value="16"/>
  <attribute name="Target GC Util Change" value ="80.000000" />
  <attribute name="Current GC Util Change" value="34.000000"/>
  <attribute name="GC Util currently" value="34" />
  <attribute name="CPU Util currently" value="560533679538" />
<exclusive-end id="5544" timestamp="2019-08-11T05:40:00.205" durationms="34.477" />

<exclusive-start id="5545" timestamp="2019-08-11T05:40:00.310" intervalms="139.866">
  <response-info timems="0.499" idlems="0.263" threads="1" lastid="00000000026A7200" lastname="Thread-52" />
</exclusive-start>
<allocation-taxation id="5546" taxation-threshold="88080384" timestamp="2019-08-11T05:40:00.310" intervalms="139.872" />
<cycle-start id="5547" type="partial gc" contextid="0" timestamp="2019-08-11T05:40:00.310" intervalms="139.858" />
<gc-start id="5548" type="partial gc" contextid="5547" timestamp="2019-08-11T05:40:00.310">
  <mem-info id="5549" free="104857600" total="320864256" percent="32">
    <mem type="eden" free="0" total="88080384" percent="0" />
    <remembered-set count="7968" freebytes="12795648" totalbytes="12827520" percent="99" regionsoverflowed="0" regionsstable="11" regionsrebuilding="0"/>
  </mem-info>
</gc-start>
<allocation-stats totalBytes="87900240" >
  <allocated-bytes non-tlh="32784" tlh="87867456" arrayletleaf="0"/>
  <largest-consumer threadName="Thread-39" threadId="00000000026C9200" bytes="9473496" />
</allocation-stats>
<gc-op id="5550" type="copy forward" timems="63.373" contextid="5547" timestamp="2019-08-11T05:40:00.376">
  <memory-copied type="eden" objects="9767" bytes="3983840" bytesdiscarded="681712" />
  <memory-copied type="other" objects="20" bytes="720" bytesdiscarded="0" />
  <memory-cardclean objects="3243" bytes="151704" />
  <regions eden="42" other="4" />
  <remembered-set-cleared processed="751" cleared="142" durationms="0.362" />
  <references type="phantom" candidates="1" cleared="0" enqueued="0" />
  <stringconstants candidates="16242" cleared="0"  />
</gc-op>
<gc-op id="5551" type="classunload" timems="0.012" contextid="5547" timestamp="2019-08-11T05:40:00.376">
  <classunload-info classloadercandidates="69" classloadersunloaded="0" classesunloaded="0" anonymousclassesunloaded="0" quiescems="0.000" setupms="0.012" scanms="0.000" postms="0.000" />
</gc-op>
<heap-resize id="5552" type="expand" space="default" amount="10485760" count="1" timems="0.077" reason="excessive time being spent in gc" timestamp="2019-08-11T05:40:00.376" />
<gc-end id="5553" type="partial gc" contextid="5547" durationms="65.812" usertimems="33.380" systemtimems="33.553" timestamp="2019-08-11T05:40:00.376" activeThreads="16">
  <mem-info id="5554" free="199229440" total="331350016" percent="60">
    <mem type="eden" free="3722792" total="8388608" percent="44" />
    <remembered-set count="10528" freebytes="13204608" totalbytes="13246720" percent="99" regionsoverflowed="0" regionsstable="11" regionsrebuilding="0"/>
  </mem-info>
</gc-end>
<cycle-end id="5555" type="partial gc" contextid="5547" timestamp="2019-08-11T05:40:00.376" />
  <attribute name="elasticGC enabled" value="1" />
  <attribute name= "numThreadsSpecified" value="16" />
  <attribute name="heapSize specified" value="0" />
  <attribute name="Current GC Util" value="96" />
  <attribute name= "Current Time Running" value="182197" />
  <attribute name ="GC Interval" value="0" />
  <attribute name="ProportionalT" value="8.000000" />
  <attribute name="ProportionalI" value="8.000000" />
  <attribute name="ProportionalH" value="8.000000" />
  <attribute name="Current Error" value="16.000000" />
  <attribute name="IntegralT" value="8.000000" />
  <attribute name="IntegralI" value="8.000000" />
  <attribute name="IntegralH" value="8.000000" />
  <attribute name="DerivativeT" value="16.000000" />
  <attribute name="DerivativeI" value="16.000000" />
  <attribute name="DerivativeH" value="16.000000" />
  <attribute name="Loop Time for DT" value="1.000000" />
  <attribute name="Output H" value="8388608"/>
  <attribute name="Output I" value="200"/>
  <attribute name="Output T" value="16"/>
  <attribute name="Target GC Util Change" value ="80.000000" />
  <attribute name="Current GC Util Change" value="96.000000"/>
  <attribute name="GC Util currently" value="96" />
  <attribute name="CPU Util currently" value="1399378510691" />
<exclusive-end id="5556" timestamp="2019-08-11T05:40:00.377" durationms="66.657" />

<exclusive-start id="5557" timestamp="2019-08-11T05:40:00.428" intervalms="118.077">
  <response-info timems="1.438" idlems="1.438" threads="0" lastid="0000000002698300" lastname="Thread-49" />
</exclusive-start>
<allocation-taxation id="5558" taxation-threshold="90177536" timestamp="2019-08-11T05:40:00.428" intervalms="118.087" />
<cycle-start id="5559" type="partial gc" contextid="0" timestamp="2019-08-11T05:40:00.428" intervalms="118.126" />
<gc-start id="5560" type="partial gc" contextid="5559" timestamp="2019-08-11T05:40:00.428">
  <mem-info id="5561" free="109051904" total="331350016" percent="32">
    <mem type="eden" free="0" total="90177536" percent="0" />
    <remembered-set count="10144" freebytes="13206144" totalbytes="13246720" percent="99" regionsoverflowed="0" regionsstable="11" regionsrebuilding="0"/>
  </mem-info>
</gc-start>
<allocation-stats totalBytes="90072808" >
  <allocated-bytes non-tlh="0" tlh="90072808" arrayletleaf="0"/>
  <largest-consumer threadName="Thread-39" threadId="00000000026C9200" bytes="10216152" />
</allocation-stats>
<gc-op id="5562" type="copy forward" timems="36.726" contextid="5559" timestamp="2019-08-11T05:40:00.467">
  <memory-copied type="eden" objects="10130" bytes="4051328" bytesdiscarded="454680" />
  <memory-copied type="other" objects="33" bytes="1760" bytesdiscarded="0" />
  <memory-cardclean objects="3227" bytes="150520" />
  <regions eden="43" other="5" />
  <remembered-set-cleared processed="756" cleared="148" durationms="0.932" />
  <references type="phantom" candidates="3" cleared="0" enqueued="0" />
  <stringconstants candidates="16242" cleared="0"  />
</gc-op>
<gc-op id="5563" type="classunload" timems="0.015" contextid="5559" timestamp="2019-08-11T05:40:00.467">
  <classunload-info classloadercandidates="69" classloadersunloaded="0" classesunloaded="0" anonymousclassesunloaded="0" quiescems="0.000" setupms="0.015" scanms="0.000" postms="0.000" />
</gc-op>
<heap-resize id="5564" type="expand" space="default" amount="4194304" count="1" timems="0.064" reason="excessive time being spent in gc" timestamp="2019-08-11T05:40:00.467" />
<gc-end id="5565" type="partial gc" contextid="5559" durationms="38.888" usertimems="20.147" systemtimems="21.532" timestamp="2019-08-11T05:40:00.467" activeThreads="16">
  <mem-info id="5566" free="201326592" total="335544320" percent="60">
    <mem type="eden" free="3882320" total="8388608" percent="46" />
    <remembered-set count="8512" freebytes="13380352" totalbytes="13414400" percent="99" regionsoverflowed="0" regionsstable="11" regionsrebuilding="0"/>
  </mem-info>
</gc-end>
<cycle-end id="5567" type="partial gc" contextid="5559" timestamp="2019-08-11T05:40:00.467" />
  <attribute name="elasticGC enabled" value="1" />
  <attribute name= "numThreadsSpecified" value="16" />
  <attribute name="heapSize specified" value="0" />
  <attribute name="Current GC Util" value="88" />
  <attribute name= "Current Time Running" value="182315" />
  <attribute name ="GC Interval" value="0" />
  <attribute name="ProportionalT" value="4.000000" />
  <attribute name="ProportionalI" value="4.000000" />
  <attribute name="ProportionalH" value="4.000000" />
  <attribute name="Current Error" value="8.000000" />
  <attribute name="IntegralT" value="4.000000" />
  <attribute name="IntegralI" value="4.000000" />
  <attribute name="IntegralH" value="4.000000" />
  <attribute name="DerivativeT" value="8.000000" />
  <attribute name="DerivativeI" value="8.000000" />
  <attribute name="DerivativeH" value="8.000000" />
  <attribute name="Loop Time for DT" value="1.000000" />
  <attribute name="Output H" value="8388608"/>
  <attribute name="Output I" value="200"/>
  <attribute name="Output T" value="16"/>
  <attribute name="Target GC Util Change" value ="80.000000" />
  <attribute name="Current GC Util Change" value="88.000000"/>
  <attribute name="GC Util currently" value="88" />
  <attribute name="CPU Util currently" value="1035627258659" />
<exclusive-end id="5568" timestamp="2019-08-11T05:40:00.468" durationms="39.735" />

<exclusive-start id="5569" timestamp="2019-08-11T05:40:00.530" intervalms="102.271">
  <response-info timems="7.133" idlems="3.578" threads="1" lastid="00000000026A7200" lastname="Thread-52" />
</exclusive-start>
<allocation-taxation id="5570" taxation-threshold="90177536" timestamp="2019-08-11T05:40:00.530" intervalms="102.284" />
<cycle-start id="5571" type="partial gc" contextid="0" timestamp="2019-08-11T05:40:00.531" intervalms="102.814" />
<gc-start id="5572" type="partial gc" contextid="5571" timestamp="2019-08-11T05:40:00.531">
  <mem-info id="5573" free="111149056" total="335544320" percent="33">
    <mem type="eden" free="0" total="90177536" percent="0" />
    <remembered-set count="8224" freebytes="13381504" totalbytes="13414400" percent="99" regionsoverflowed="0" regionsstable="11" regionsrebuilding="0"/>
  </mem-info>
</gc-start>
<allocation-stats totalBytes="89946728" >
  <allocated-bytes non-tlh="98344" tlh="89848384" arrayletleaf="0"/>
  <largest-consumer threadName="Thread-45" threadId="00000000026CCE00" bytes="8870080" />
</allocation-stats>
<gc-op id="5574" type="copy forward" timems="22.562" contextid="5571" timestamp="2019-08-11T05:40:00.568">
  <memory-copied type="eden" objects="9897" bytes="3906896" bytesdiscarded="518664" />
  <memory-copied type="other" objects="31" bytes="1912" bytesdiscarded="664" />
  <memory-cardclean objects="3226" bytes="150304" />
  <regions eden="43" other="5" />
  <remembered-set-cleared processed="755" cleared="147" durationms="0.148" />
  <references type="weak" candidates="1" cleared="0" enqueued="0" />
  <references type="phantom" candidates="2" cleared="0" enqueued="0" />
  <stringconstants candidates="16242" cleared="0"  />
</gc-op>
<gc-op id="5575" type="classunload" timems="0.015" contextid="5571" timestamp="2019-08-11T05:40:00.568">
  <classunload-info classloadercandidates="69" classloadersunloaded="0" classesunloaded="0" anonymousclassesunloaded="0" quiescems="0.000" setupms="0.015" scanms="0.000" postms="0.000" />
</gc-op>
<gc-end id="5576" type="partial gc" contextid="5571" durationms="37.302" usertimems="16.786" systemtimems="32.871" timestamp="2019-08-11T05:40:00.569" activeThreads="16">
  <mem-info id="5577" free="201326592" total="335544320" percent="60">
    <mem type="eden" free="1865632" total="6291456" percent="29" />
    <remembered-set count="6944" freebytes="13386624" totalbytes="13414400" percent="99" regionsoverflowed="0" regionsstable="11" regionsrebuilding="0"/>
  </mem-info>
</gc-end>
<cycle-end id="5578" type="partial gc" contextid="5571" timestamp="2019-08-11T05:40:00.569" />
  <attribute name="elasticGC enabled" value="1" />
  <attribute name= "numThreadsSpecified" value="16" />
  <attribute name="heapSize specified" value="0" />
  <attribute name="Current GC Util" value="28" />
  <attribute name= "Current Time Running" value="182430" />
  <attribute name ="GC Interval" value="0" />
  <attribute name="ProportionalT" value="-26.000000" />
  <attribute name="ProportionalI" value="-26.000000" />
  <attribute name="ProportionalH" value="-26.000000" />
  <attribute name="Current Error" value="-52.000000" />
  <attribute name="IntegralT" value="-364.000000" />
  <attribute name="IntegralI" value="-364.000000" />
  <attribute name="IntegralH" value="-364.000000" />
  <attribute name="DerivativeT" value="-3.714286" />
  <attribute name="DerivativeI" value="-3.714286" />
  <attribute name="DerivativeH" value="-3.714286" />
  <attribute name="Loop Time for DT" value="14.000000" />
  <attribute name="Output H" value="4202627072"/>
  <attribute name="Output I" value="200"/>
  <attribute name="Output T" value="16"/>
  <attribute name="Target GC Util Change" value ="80.000000" />
  <attribute name="Current GC Util Change" value="28.000000"/>
  <attribute name="GC Util currently" value="28" />
  <attribute name="CPU Util currently" value="82400548615" />
<exclusive-end id="5579" timestamp="2019-08-11T05:40:00.569" durationms="38.809" />

<exclusive-start id="5580" timestamp="2019-08-11T05:40:00.673" intervalms="143.027">
  <response-info timems="0.640" idlems="0.203" threads="3" lastid="00000000026BDE00" lastname="Thread-43" />
</exclusive-start>
<allocation-taxation id="5581" taxation-threshold="90177536" timestamp="2019-08-11T05:40:00.673" intervalms="143.015" />
<cycle-start id="5582" type="partial gc" contextid="0" timestamp="2019-08-11T05:40:00.673" intervalms="142.429" />
<gc-start id="5583" type="partial gc" contextid="5582" timestamp="2019-08-11T05:40:00.674">
  <mem-info id="5584" free="111149056" total="335544320" percent="33">
    <mem type="eden" free="0" total="90177536" percent="0" />
    <remembered-set count="6496" freebytes="13388416" totalbytes="13414400" percent="99" regionsoverflowed="0" regionsstable="11" regionsrebuilding="0"/>
  </mem-info>
</gc-start>
<allocation-stats totalBytes="90034656" >
  <allocated-bytes non-tlh="114720" tlh="89919936" arrayletleaf="0"/>
  <largest-consumer threadName="Thread-45" threadId="00000000026CCE00" bytes="9946872" />
</allocation-stats>
<gc-op id="5585" type="copy forward" timems="56.521" contextid="5582" timestamp="2019-08-11T05:40:00.737">
  <memory-copied type="eden" objects="9162" bytes="3753496" bytesdiscarded="315928" />
  <memory-copied type="other" objects="28" bytes="1008" bytesdiscarded="0" />
  <memory-cardclean objects="3215" bytes="150192" />
  <regions eden="43" other="4" />
  <remembered-set-cleared processed="757" cleared="146" durationms="0.226" />
  <references type="phantom" candidates="3" cleared="0" enqueued="0" />
  <stringconstants candidates="16242" cleared="0"  />
</gc-op>
<gc-op id="5586" type="classunload" timems="0.012" contextid="5582" timestamp="2019-08-11T05:40:00.738">
  <classunload-info classloadercandidates="69" classloadersunloaded="0" classesunloaded="0" anonymousclassesunloaded="0" quiescems="0.000" setupms="0.012" scanms="0.000" postms="0.000" />
</gc-op>
<gc-end id="5587" type="partial gc" contextid="5582" durationms="64.258" usertimems="14.011" systemtimems="30.121" timestamp="2019-08-11T05:40:00.738" activeThreads="16">
  <mem-info id="5588" free="201326592" total="335544320" percent="60">
    <mem type="eden" free="124608" total="4194304" percent="2" />
    <remembered-set count="7008" freebytes="13386368" totalbytes="13414400" percent="99" regionsoverflowed="0" regionsstable="11" regionsrebuilding="0"/>
  </mem-info>
</gc-end>
<cycle-end id="5589" type="partial gc" contextid="5582" timestamp="2019-08-11T05:40:00.738" />
  <attribute name="elasticGC enabled" value="1" />
  <attribute name= "numThreadsSpecified" value="16" />
  <attribute name="heapSize specified" value="0" />
  <attribute name="Current GC Util" value="90" />
  <attribute name= "Current Time Running" value="182566" />
  <attribute name ="GC Interval" value="0" />
  <attribute name="ProportionalT" value="5.000000" />
  <attribute name="ProportionalI" value="5.000000" />
  <attribute name="ProportionalH" value="5.000000" />
  <attribute name="Current Error" value="10.000000" />
  <attribute name="IntegralT" value="30.000000" />
  <attribute name="IntegralI" value="30.000000" />
  <attribute name="IntegralH" value="30.000000" />
  <attribute name="DerivativeT" value="1.666667" />
  <attribute name="DerivativeI" value="1.666667" />
  <attribute name="DerivativeH" value="1.666667" />
  <attribute name="Loop Time for DT" value="6.000000" />
  <attribute name="Output H" value="8388608"/>
  <attribute name="Output I" value="200"/>
  <attribute name="Output T" value="16"/>
  <attribute name="Target GC Util Change" value ="80.000000" />
  <attribute name="Current GC Util Change" value="90.000000"/>
  <attribute name="GC Util currently" value="90" />
  <attribute name="CPU Util currently" value="225512849999" />
<exclusive-end id="5590" timestamp="2019-08-11T05:40:00.739" durationms="65.218" />

<exclusive-start id="5591" timestamp="2019-08-11T05:40:00.819" intervalms="145.636">
  <response-info timems="6.762" idlems="6.762" threads="0" lastid="00000000026E7100" lastname="Thread-37" />
</exclusive-start>
<allocation-taxation id="5592" taxation-threshold="90177536" timestamp="2019-08-11T05:40:00.819" intervalms="145.617" />
<cycle-start id="5593" type="partial gc" contextid="0" timestamp="2019-08-11T05:40:00.819" intervalms="145.707" />
<gc-start id="5594" type="partial gc" contextid="5593" timestamp="2019-08-11T05:40:00.820">
  <mem-info id="5595" free="111149056" total="335544320" percent="33">
    <mem type="eden" free="0" total="90177536" percent="0" />
    <remembered-set count="7008" freebytes="13386368" totalbytes="13414400" percent="99" regionsoverflowed="0" regionsstable="11" regionsrebuilding="0"/>
  </mem-info>
</gc-start>
<allocation-stats totalBytes="90045512" >
  <allocated-bytes non-tlh="0" tlh="90045512" arrayletleaf="0"/>
  <largest-consumer threadName="Thread-44" threadId="00000000026DBD00" bytes="9065568" />
</allocation-stats>
<gc-op id="5596" type="copy forward" timems="7.937" contextid="5593" timestamp="2019-08-11T05:40:00.831">
  <memory-copied type="eden" objects="10227" bytes="4041176" bytesdiscarded="736" />
  <memory-copied type="other" objects="20" bytes="720" bytesdiscarded="0" />
  <memory-cardclean objects="3234" bytes="151072" />
  <regions eden="43" other="3" />
  <remembered-set-cleared processed="753" cleared="143" durationms="0.513" />
  <references type="weak" candidates="1" cleared="0" enqueued="0" />
  <references type="phantom" candidates="2" cleared="0" enqueued="0" />
  <stringconstants candidates="16242" cleared="0"  />
</gc-op>
<gc-op id="5597" type="classunload" timems="0.011" contextid="5593" timestamp="2019-08-11T05:40:00.831">
  <classunload-info classloadercandidates="69" classloadersunloaded="0" classesunloaded="0" anonymousclassesunloaded="0" quiescems="0.000" setupms="0.011" scanms="0.000" postms="0.000" />
</gc-op>
<heap-resize id="5598" type="expand" space="default" amount="6291456" count="1" timems="0.059" reason="excessive time being spent in gc" timestamp="2019-08-11T05:40:00.831" />
<gc-end id="5599" type="partial gc" contextid="5593" durationms="11.473" usertimems="10.562" systemtimems="2.976" timestamp="2019-08-11T05:40:00.832" activeThreads="1">
  <mem-info id="5600" free="205520896" total="341835776" percent="60">
    <mem type="eden" free="152136" total="4194304" percent="3" />
    <remembered-set count="6976" freebytes="13638016" totalbytes="13665920" percent="99" regionsoverflowed="0" regionsstable="11" regionsrebuilding="0"/>
  </mem-info>
</gc-end>
<cycle-end id="5601" type="partial gc" contextid="5593" timestamp="2019-08-11T05:40:00.832" />
  <attribute name="elasticGC enabled" value="1" />
  <attribute name= "numThreadsSpecified" value="1" />
  <attribute name="heapSize specified" value="0" />
  <attribute name="Current GC Util" value="77" />
  <attribute name= "Current Time Running" value="182708" />
  <attribute name ="GC Interval" value="0" />
  <attribute name="ProportionalT" value="-1.500000" />
  <attribute name="ProportionalI" value="-1.500000" />
  <attribute name="ProportionalH" value="-1.500000" />
  <attribute name="Current Error" value="-3.000000" />
  <attribute name="IntegralT" value="-4.500000" />
  <attribute name="IntegralI" value="-4.500000" />
  <attribute name="IntegralH" value="-4.500000" />
  <attribute name="DerivativeT" value="-1.000000" />
  <attribute name="DerivativeI" value="-1.000000" />
  <attribute name="DerivativeH" value="-1.000000" />
  <attribute name="Loop Time for DT" value="3.000000" />
  <attribute name="Output H" value="8388608"/>
  <attribute name="Output I" value="200"/>
  <attribute name="Output T" value="1"/>
  <attribute name="Target GC Util Change" value ="80.000000" />
  <attribute name="Current GC Util Change" value="77.000000"/>
  <attribute name="GC Util currently" value="77" />
  <attribute name="CPU Util currently" value="414335984170" />
<exclusive-end id="5602" timestamp="2019-08-11T05:40:00.832" durationms="12.930" />

<exclusive-start id="5603" timestamp="2019-08-11T05:40:00.939" intervalms="119.552">
  <response-info timems="2.203" idlems="1.055" threads="2" lastid="00000000026A7200" lastname="Thread-52" />
</exclusive-start>
<allocation-taxation id="5604" taxation-threshold="92274688" timestamp="2019-08-11T05:40:00.939" intervalms="119.657" />
<cycle-start id="5605" type="partial gc" contextid="0" timestamp="2019-08-11T05:40:00.940" intervalms="120.942" />
<gc-start id="5606" type="partial gc" contextid="5605" timestamp="2019-08-11T05:40:00.940">
  <mem-info id="5607" free="113246208" total="341835776" percent="33">
    <mem type="eden" free="0" total="92274688" percent="0" />
    <remembered-set count="6816" freebytes="13638656" totalbytes="13665920" percent="99" regionsoverflowed="0" regionsstable="11" regionsrebuilding="0"/>
  </mem-info>
</gc-start>
<allocation-stats totalBytes="92093304" >
  <allocated-bytes non-tlh="0" tlh="92093304" arrayletleaf="0"/>
  <largest-consumer threadName="Thread-40" threadId="00000000026B6600" bytes="11343608" />
</allocation-stats>
<gc-op id="5608" type="copy forward" timems="23.640" contextid="5605" timestamp="2019-08-11T05:40:00.984">
  <memory-copied type="eden" objects="10315" bytes="3907688" bytesdiscarded="526720" />
  <memory-copied type="other" objects="17" bytes="680" bytesdiscarded="0" />
  <memory-cardclean objects="3215" bytes="149968" />
  <regions eden="44" other="3" />
  <remembered-set-cleared processed="752" cleared="141" durationms="0.492" />
  <references type="phantom" candidates="1" cleared="0" enqueued="0" />
  <stringconstants candidates="16242" cleared="0"  />
</gc-op>
<gc-op id="5609" type="classunload" timems="0.013" contextid="5605" timestamp="2019-08-11T05:40:00.985">
  <classunload-info classloadercandidates="69" classloadersunloaded="0" classesunloaded="0" anonymousclassesunloaded="0" quiescems="0.000" setupms="0.012" scanms="0.000" postms="0.000" />
</gc-op>
<heap-resize id="5610" type="expand" space="default" amount="14680064" count="1" timems="0.085" reason="excessive time being spent in gc" timestamp="2019-08-11T05:40:00.985" />
<gc-end id="5611" type="partial gc" contextid="5605" durationms="44.787" usertimems="35.841" systemtimems="21.686" timestamp="2019-08-11T05:40:00.985" activeThreads="16">
  <mem-info id="5612" free="213909504" total="356515840" percent="60">
    <mem type="eden" free="3953936" total="8388608" percent="47" />
    <remembered-set count="9024" freebytes="14216704" totalbytes="14252800" percent="99" regionsoverflowed="0" regionsstable="11" regionsrebuilding="0"/>
  </mem-info>
</gc-end>
<cycle-end id="5613" type="partial gc" contextid="5605" timestamp="2019-08-11T05:40:00.985" />
  <attribute name="elasticGC enabled" value="1" />
  <attribute name= "numThreadsSpecified" value="16" />
  <attribute name="heapSize specified" value="0" />
  <attribute name="Current GC Util" value="7" />
  <attribute name= "Current Time Running" value="182845" />
  <attribute name ="GC Interval" value="0" />
  <attribute name="ProportionalT" value="-36.500000" />
  <attribute name="ProportionalI" value="-36.500000" />
  <attribute name="ProportionalH" value="-36.500000" />
  <attribute name="Current Error" value="-73.000000" />
  <attribute name="IntegralT" value="-584.000000" />
  <attribute name="IntegralI" value="-584.000000" />
  <attribute name="IntegralH" value="-584.000000" />
  <attribute name="DerivativeT" value="-4.562500" />
  <attribute name="DerivativeI" value="-4.562500" />
  <attribute name="DerivativeH" value="-4.562500" />
  <attribute name="Loop Time for DT" value="16.000000" />
  <attribute name="Output H" value="4202627072"/>
  <attribute name="Output I" value="200"/>
  <attribute name="Output T" value="16"/>
  <attribute name="Target GC Util Change" value ="80.000000" />
  <attribute name="Current GC Util Change" value="7.000000"/>
  <attribute name="GC Util currently" value="7" />
  <attribute name="CPU Util currently" value="71972024154" />
<exclusive-end id="5614" timestamp="2019-08-11T05:40:00.985" durationms="46.981" />

<exclusive-start id="5615" timestamp="2019-08-11T05:40:01.143" intervalms="204.626">
  <response-info timems="1.174" idlems="0.591" threads="1" lastid="00000000026BDE00" lastname="Thread-43" />
</exclusive-start>
<allocation-taxation id="5616" taxation-threshold="96468992" timestamp="2019-08-11T05:40:01.143" intervalms="204.524" />
<cycle-start id="5617" type="partial gc" contextid="0" timestamp="2019-08-11T05:40:01.143" intervalms="203.178" />
<gc-start id="5618" type="partial gc" contextid="5617" timestamp="2019-08-11T05:40:01.144">
  <mem-info id="5619" free="117440512" total="356515840" percent="32">
    <mem type="eden" free="0" total="96468992" percent="0" />
    <remembered-set count="8640" freebytes="14218240" totalbytes="14252800" percent="99" regionsoverflowed="0" regionsstable="11" regionsrebuilding="0"/>
  </mem-info>
</gc-start>
<allocation-stats totalBytes="96354664" >
  <allocated-bytes non-tlh="32784" tlh="96321880" arrayletleaf="0"/>
  <largest-consumer threadName="Thread-46" threadId="00000000026E3500" bytes="8547312" />
</allocation-stats>
<gc-op id="5620" type="copy forward" timems="14.209" contextid="5617" timestamp="2019-08-11T05:40:01.160">
  <memory-copied type="eden" objects="10179" bytes="4076288" bytesdiscarded="560712" />
  <memory-copied type="other" objects="23" bytes="1120" bytesdiscarded="0" />
  <memory-cardclean objects="3181" bytes="149056" />
  <regions eden="46" other="5" />
  <remembered-set-cleared processed="760" cleared="146" durationms="0.293" />
  <references type="phantom" candidates="2" cleared="0" enqueued="0" />
  <stringconstants candidates="16242" cleared="0"  />
</gc-op>
<gc-op id="5621" type="classunload" timems="0.010" contextid="5617" timestamp="2019-08-11T05:40:01.160">
  <classunload-info classloadercandidates="69" classloadersunloaded="0" classesunloaded="0" anonymousclassesunloaded="0" quiescems="0.000" setupms="0.010" scanms="0.000" postms="0.000" />
</gc-op>
<gc-end id="5622" type="partial gc" contextid="5617" durationms="16.332" usertimems="24.123" systemtimems="17.468" timestamp="2019-08-11T05:40:01.160" activeThreads="16">
  <mem-info id="5623" free="213909504" total="356515840" percent="60">
    <mem type="eden" free="1654176" total="6291456" percent="26" />
    <remembered-set count="9088" freebytes="14216448" totalbytes="14252800" percent="99" regionsoverflowed="0" regionsstable="11" regionsrebuilding="0"/>
  </mem-info>
</gc-end>
<cycle-end id="5624" type="partial gc" contextid="5617" timestamp="2019-08-11T05:40:01.160" />
  <attribute name="elasticGC enabled" value="1" />
  <attribute name= "numThreadsSpecified" value="16" />
  <attribute name="heapSize specified" value="0" />
  <attribute name="Current GC Util" value="48" />
  <attribute name= "Current Time Running" value="183030" />
  <attribute name ="GC Interval" value="0" />
  <attribute name="ProportionalT" value="-16.000000" />
  <attribute name="ProportionalI" value="-16.000000" />
  <attribute name="ProportionalH" value="-16.000000" />
  <attribute name="Current Error" value="-32.000000" />
  <attribute name="IntegralT" value="-16.000000" />
  <attribute name="IntegralI" value="-16.000000" />
  <attribute name="IntegralH" value="-16.000000" />
  <attribute name="DerivativeT" value="-32.000000" />
  <attribute name="DerivativeI" value="-32.000000" />
  <attribute name="DerivativeH" value="-32.000000" />
  <attribute name="Loop Time for DT" value="1.000000" />
  <attribute name="Output H" value="4202627072"/>
  <attribute name="Output I" value="200"/>
  <attribute name="Output T" value="16"/>
  <attribute name="Target GC Util Change" value ="80.000000" />
  <attribute name="Current GC Util Change" value="48.000000"/>
  <attribute name="GC Util currently" value="48" />
  <attribute name="CPU Util currently" value="838962966051" />
<exclusive-end id="5625" timestamp="2019-08-11T05:40:01.160" durationms="17.060" />

<exclusive-start id="5626" timestamp="2019-08-11T05:40:01.262" intervalms="119.338">
  <response-info timems="8.821" idlems="6.507" threads="2" lastid="00000000026DBD00" lastname="Thread-44" />
</exclusive-start>
<allocation-taxation id="5627" taxation-threshold="96468992" timestamp="2019-08-11T05:40:01.263" intervalms="119.350" />
<cycle-start id="5628" type="partial gc" contextid="0" timestamp="2019-08-11T05:40:01.263" intervalms="119.653" />
<gc-start id="5629" type="partial gc" contextid="5628" timestamp="2019-08-11T05:40:01.263">
  <mem-info id="5630" free="117440512" total="356515840" percent="32">
    <mem type="eden" free="0" total="96468992" percent="0" />
    <remembered-set count="8640" freebytes="14218240" totalbytes="14252800" percent="99" regionsoverflowed="0" regionsstable="11" regionsrebuilding="0"/>
  </mem-info>
</gc-start>
<allocation-stats totalBytes="96387632" >
  <allocated-bytes non-tlh="114736" tlh="96272896" arrayletleaf="0"/>
  <largest-consumer threadName="Thread-42" threadId="00000000026C1A00" bytes="10395928" />
</allocation-stats>
<gc-op id="5631" type="copy forward" timems="40.371" contextid="5628" timestamp="2019-08-11T05:40:01.346">
  <memory-copied type="eden" objects="9891" bytes="3885864" bytesdiscarded="443328" />
  <memory-copied type="other" objects="24" bytes="864" bytesdiscarded="0" />
  <memory-cardclean objects="3190" bytes="149576" />
  <regions eden="46" other="4" />
  <remembered-set-cleared processed="751" cleared="140" durationms="0.336" />
  <references type="phantom" candidates="1" cleared="0" enqueued="0" />
  <stringconstants candidates="16242" cleared="0"  />
</gc-op>
<gc-op id="5632" type="classunload" timems="0.014" contextid="5628" timestamp="2019-08-11T05:40:01.346">
  <classunload-info classloadercandidates="69" classloadersunloaded="0" classesunloaded="0" anonymousclassesunloaded="0" quiescems="0.000" setupms="0.013" scanms="0.000" postms="0.000" />
</gc-op>
<heap-resize id="5633" type="expand" space="default" amount="6291456" count="1" timems="0.083" reason="excessive time being spent in gc" timestamp="2019-08-11T05:40:01.347" />
<gc-end id="5634" type="partial gc" contextid="5628" durationms="83.417" usertimems="97.572" systemtimems="56.837" timestamp="2019-08-11T05:40:01.347" activeThreads="16">
  <mem-info id="5635" free="218103808" total="362807296" percent="60">
    <mem type="eden" free="1962000" total="6291456" percent="31" />
    <remembered-set count="9504" freebytes="14466304" totalbytes="14504320" percent="99" regionsoverflowed="0" regionsstable="11" regionsrebuilding="0"/>
  </mem-info>
</gc-end>
<cycle-end id="5636" type="partial gc" contextid="5628" timestamp="2019-08-11T05:40:01.347" />
  <attribute name="elasticGC enabled" value="1" />
  <attribute name= "numThreadsSpecified" value="16" />
  <attribute name="heapSize specified" value="0" />
  <attribute name="Current GC Util" value="2" />
  <attribute name= "Current Time Running" value="183191" />
  <attribute name ="GC Interval" value="0" />
  <attribute name="ProportionalT" value="-39.000000" />
  <attribute name="ProportionalI" value="-39.000000" />
  <attribute name="ProportionalH" value="-39.000000" />
  <attribute name="Current Error" value="-78.000000" />
  <attribute name="IntegralT" value="-1638.000000" />
  <attribute name="IntegralI" value="-1638.000000" />
  <attribute name="IntegralH" value="-1638.000000" />
  <attribute name="DerivativeT" value="-1.857143" />
  <attribute name="DerivativeI" value="-1.857143" />
  <attribute name="DerivativeH" value="-1.857143" />
  <attribute name="Loop Time for DT" value="42.000000" />
  <attribute name="Output H" value="4202627072"/>
  <attribute name="Output I" value="200"/>
  <attribute name="Output T" value="16"/>
  <attribute name="Target GC Util Change" value ="80.000000" />
  <attribute name="Current GC Util Change" value="2.000000"/>
  <attribute name="GC Util currently" value="2" />
  <attribute name="CPU Util currently" value="27345054467" />
<exclusive-end id="5637" timestamp="2019-08-11T05:40:01.347" durationms="84.837" />

<exclusive-start id="5638" timestamp="2019-08-11T05:40:01.408" intervalms="145.550">
  <response-info timems="5.728" idlems="1.984" threads="2" lastid="00000000026C9200" lastname="Thread-39" />
</exclusive-start>
<allocation-taxation id="5639" taxation-threshold="96468992" timestamp="2019-08-11T05:40:01.408" intervalms="145.528" />
<cycle-start id="5640" type="partial gc" contextid="0" timestamp="2019-08-11T05:40:01.408" intervalms="145.402" />
<gc-start id="5641" type="partial gc" contextid="5640" timestamp="2019-08-11T05:40:01.409">
  <mem-info id="5642" free="121634816" total="362807296" percent="33">
    <mem type="eden" free="0" total="96468992" percent="0" />
    <remembered-set count="9088" freebytes="14467968" totalbytes="14504320" percent="99" regionsoverflowed="0" regionsstable="11" regionsrebuilding="0"/>
  </mem-info>
</gc-start>
<allocation-stats totalBytes="96282232" >
  <allocated-bytes non-tlh="32784" tlh="96249448" arrayletleaf="0"/>
  <largest-consumer threadName="Thread-44" threadId="00000000026DBD00" bytes="9421688" />
</allocation-stats>
<gc-op id="5643" type="copy forward" timems="30.648" contextid="5640" timestamp="2019-08-11T05:40:01.442">
  <memory-copied type="eden" objects="7942" bytes="3274304" bytesdiscarded="435448" />
  <memory-copied type="other" objects="24" bytes="864" bytesdiscarded="0" />
  <memory-cardclean objects="3182" bytes="148392" />
  <regions eden="46" other="4" />
  <remembered-set-cleared processed="752" cleared="140" durationms="0.165" />
  <references type="phantom" candidates="4" cleared="0" enqueued="0" />
  <stringconstants candidates="16242" cleared="0"  />
</gc-op>
<gc-op id="5644" type="classunload" timems="0.022" contextid="5640" timestamp="2019-08-11T05:40:01.442">
  <classunload-info classloadercandidates="69" classloadersunloaded="0" classesunloaded="0" anonymousclassesunloaded="0" quiescems="0.000" setupms="0.021" scanms="0.000" postms="0.000" />
</gc-op>
<gc-end id="5645" type="partial gc" contextid="5640" durationms="38.617" usertimems="36.060" systemtimems="27.174" timestamp="2019-08-11T05:40:01.447" activeThreads="16">
  <mem-info id="5646" free="218103808" total="362807296" percent="60">
    <mem type="eden" free="484280" total="4194304" percent="11" />
    <remembered-set count="7456" freebytes="14474496" totalbytes="14504320" percent="99" regionsoverflowed="0" regionsstable="11" regionsrebuilding="0"/>
  </mem-info>
</gc-end>
<cycle-end id="5647" type="partial gc" contextid="5640" timestamp="2019-08-11T05:40:01.448" />
  <attribute name="elasticGC enabled" value="1" />
  <attribute name= "numThreadsSpecified" value="16" />
  <attribute name="heapSize specified" value="0" />
  <attribute name="Current GC Util" value="97" />
  <attribute name= "Current Time Running" value="183296" />
  <attribute name ="GC Interval" value="0" />
  <attribute name="ProportionalT" value="8.500000" />
  <attribute name="ProportionalI" value="8.500000" />
  <attribute name="ProportionalH" value="8.500000" />
  <attribute name="Current Error" value="17.000000" />
  <attribute name="IntegralT" value="8.500000" />
  <attribute name="IntegralI" value="8.500000" />
  <attribute name="IntegralH" value="8.500000" />
  <attribute name="DerivativeT" value="17.000000" />
  <attribute name="DerivativeI" value="17.000000" />
  <attribute name="DerivativeH" value="17.000000" />
  <attribute name="Loop Time for DT" value="1.000000" />
  <attribute name="Output H" value="8388608"/>
  <attribute name="Output I" value="200"/>
  <attribute name="Output T" value="16"/>
  <attribute name="Target GC Util Change" value ="80.000000" />
  <attribute name="Current GC Util Change" value="97.000000"/>
  <attribute name="GC Util currently" value="97" />
  <attribute name="CPU Util currently" value="1294425355430" />
<exclusive-end id="5648" timestamp="2019-08-11T05:40:01.452" durationms="44.252" />

<exclusive-start id="5649" timestamp="2019-08-11T05:40:01.532" intervalms="124.186">
  <response-info timems="1.441" idlems="1.441" threads="0" lastid="00000000026E7100" lastname="Thread-37" />
</exclusive-start>
<allocation-taxation id="5650" taxation-threshold="96468992" timestamp="2019-08-11T05:40:01.532" intervalms="124.277" />
<cycle-start id="5651" type="partial gc" contextid="0" timestamp="2019-08-11T05:40:01.533" intervalms="124.189" />
<gc-start id="5652" type="partial gc" contextid="5651" timestamp="2019-08-11T05:40:01.533">
  <mem-info id="5653" free="121634816" total="362807296" percent="33">
    <mem type="eden" free="0" total="96468992" percent="0" />
    <remembered-set count="7168" freebytes="14475648" totalbytes="14504320" percent="99" regionsoverflowed="0" regionsstable="11" regionsrebuilding="0"/>
  </mem-info>
</gc-start>
<allocation-stats totalBytes="96289032" >
  <allocated-bytes non-tlh="32784" tlh="96256248" arrayletleaf="0"/>
  <largest-consumer threadName="Thread-50" threadId="000000000269BF00" bytes="8606168" />
</allocation-stats>
<gc-op id="5654" type="copy forward" timems="54.234" contextid="5651" timestamp="2019-08-11T05:40:01.589">
  <memory-copied type="eden" objects="9592" bytes="3758352" bytesdiscarded="555672" />
  <memory-copied type="other" objects="25" bytes="976" bytesdiscarded="0" />
  <memory-cardclean objects="3205" bytes="149400" />
  <regions eden="46" other="3" />
  <remembered-set-cleared processed="750" cleared="139" durationms="0.237" />
  <references type="phantom" candidates="2" cleared="0" enqueued="0" />
  <stringconstants candidates="16242" cleared="0"  />
</gc-op>
<gc-op id="5655" type="classunload" timems="0.016" contextid="5651" timestamp="2019-08-11T05:40:01.589">
  <classunload-info classloadercandidates="69" classloadersunloaded="0" classesunloaded="0" anonymousclassesunloaded="0" quiescems="0.000" setupms="0.015" scanms="0.000" postms="0.000" />
</gc-op>
<heap-resize id="5656" type="expand" space="default" amount="10485760" count="1" timems="0.079" reason="excessive time being spent in gc" timestamp="2019-08-11T05:40:01.589" />
<gc-end id="5657" type="partial gc" contextid="5651" durationms="56.357" usertimems="43.847" systemtimems="36.842" timestamp="2019-08-11T05:40:01.589" activeThreads="8">
  <mem-info id="5658" free="224395264" total="373293056" percent="60">
    <mem type="eden" free="1977152" total="6291456" percent="31" />
    <remembered-set count="9312" freebytes="14886272" totalbytes="14923520" percent="99" regionsoverflowed="0" regionsstable="11" regionsrebuilding="0"/>
  </mem-info>
</gc-end>
<cycle-end id="5659" type="partial gc" contextid="5651" timestamp="2019-08-11T05:40:01.589" />
  <attribute name="elasticGC enabled" value="1" />
  <attribute name= "numThreadsSpecified" value="8" />
  <attribute name="heapSize specified" value="0" />
  <attribute name="Current GC Util" value="83" />
  <attribute name= "Current Time Running" value="183419" />
  <attribute name ="GC Interval" value="0" />
  <attribute name="ProportionalT" value="1.500000" />
  <attribute name="ProportionalI" value="1.500000" />
  <attribute name="ProportionalH" value="1.500000" />
  <attribute name="Current Error" value="3.000000" />
  <attribute name="IntegralT" value="1.500000" />
  <attribute name="IntegralI" value="1.500000" />
  <attribute name="IntegralH" value="1.500000" />
  <attribute name="DerivativeT" value="3.000000" />
  <attribute name="DerivativeI" value="3.000000" />
  <attribute name="DerivativeH" value="3.000000" />
  <attribute name="Loop Time for DT" value="1.000000" />
  <attribute name="Output H" value="8388608"/>
  <attribute name="Output I" value="200"/>
  <attribute name="Output T" value="8"/>
  <attribute name="Target GC Util Change" value ="80.000000" />
  <attribute name="Current GC Util Change" value="83.000000"/>
  <attribute name="GC Util currently" value="83" />
  <attribute name="CPU Util currently" value="1214385033903" />
<exclusive-end id="5660" timestamp="2019-08-11T05:40:01.590" durationms="57.474" />

<exclusive-start id="5661" timestamp="2019-08-11T05:40:01.766" intervalms="233.879">
  <response-info timems="18.407" idlems="9.238" threads="1" lastid="0000000002685700" lastname="Thread-51" />
</exclusive-start>
<allocation-taxation id="5662" taxation-threshold="100663296" timestamp="2019-08-11T05:40:01.766" intervalms="233.793" />
<cycle-start id="5663" type="partial gc" contextid="0" timestamp="2019-08-11T05:40:01.766" intervalms="233.695" />
<gc-start id="5664" type="partial gc" contextid="5663" timestamp="2019-08-11T05:40:01.766">
  <mem-info id="5665" free="123731968" total="373293056" percent="33">
    <mem type="eden" free="0" total="100663296" percent="0" />
    <remembered-set count="8992" freebytes="14887552" totalbytes="14923520" percent="99" regionsoverflowed="0" regionsstable="11" regionsrebuilding="0"/>
  </mem-info>
</gc-start>
<allocation-stats totalBytes="100508080" >
  <allocated-bytes non-tlh="49168" tlh="100458912" arrayletleaf="0"/>
  <largest-consumer threadName="Thread-38" threadId="00000000026D8200" bytes="11035816" />
</allocation-stats>
<gc-op id="5666" type="copy forward" timems="7.324" contextid="5663" timestamp="2019-08-11T05:40:01.775">
  <memory-copied type="eden" objects="10661" bytes="4245384" bytesdiscarded="0" />
  <memory-copied type="other" objects="19" bytes="984" bytesdiscarded="0" />
  <memory-cardclean objects="3208" bytes="149640" />
  <regions eden="48" other="4" />
  <remembered-set-cleared processed="758" cleared="142" durationms="0.352" />
  <references type="phantom" candidates="1" cleared="0" enqueued="0" />
  <stringconstants candidates="16242" cleared="0"  />
</gc-op>
<gc-op id="5667" type="classunload" timems="0.019" contextid="5663" timestamp="2019-08-11T05:40:01.784">
  <classunload-info classloadercandidates="69" classloadersunloaded="0" classesunloaded="0" anonymousclassesunloaded="0" quiescems="0.000" setupms="0.019" scanms="0.000" postms="0.000" />
</gc-op>
<heap-resize id="5668" type="expand" space="default" amount="4194304" count="1" timems="0.069" reason="excessive time being spent in gc" timestamp="2019-08-11T05:40:01.784" />
<gc-end id="5669" type="partial gc" contextid="5663" durationms="17.776" usertimems="27.494" systemtimems="7.904" timestamp="2019-08-11T05:40:01.784" activeThreads="1">
  <mem-info id="5670" free="226492416" total="377487360" percent="60">
    <mem type="eden" free="2045808" total="6291456" percent="32" />
    <remembered-set count="8768" freebytes="15056128" totalbytes="15091200" percent="99" regionsoverflowed="0" regionsstable="11" regionsrebuilding="0"/>
  </mem-info>
</gc-end>
<cycle-end id="5671" type="partial gc" contextid="5663" timestamp="2019-08-11T05:40:01.784" />
  <attribute name="elasticGC enabled" value="1" />
  <attribute name= "numThreadsSpecified" value="1" />
  <attribute name="heapSize specified" value="0" />
  <attribute name="Current GC Util" value="167" />
  <attribute name= "Current Time Running" value="183652" />
  <attribute name ="GC Interval" value="0" />
  <attribute name="ProportionalT" value="43.500000" />
  <attribute name="ProportionalI" value="43.500000" />
  <attribute name="ProportionalH" value="43.500000" />
  <attribute name="Current Error" value="87.000000" />
  <attribute name="IntegralT" value="0.000000" />
  <attribute name="IntegralI" value="0.000000" />
  <attribute name="IntegralH" value="0.000000" />
  <attribute name="DerivativeT" value="inf" />
  <attribute name="DerivativeI" value="inf" />
  <attribute name="DerivativeH" value="inf" />
  <attribute name="Loop Time for DT" value="0.000000" />
  <attribute name="Output H" value="8388608"/>
  <attribute name="Output I" value="200"/>
  <attribute name="Output T" value="1"/>
  <attribute name="Target GC Util Change" value ="80.000000" />
  <attribute name="Current GC Util Change" value="167.000000"/>
  <attribute name="GC Util currently" value="167" />
  <attribute name="CPU Util currently" value="1412843617058" />
<exclusive-end id="5672" timestamp="2019-08-11T05:40:01.786" durationms="19.629" />

<exclusive-start id="5673" timestamp="2019-08-11T05:40:01.964" intervalms="197.893">
  <response-info timems="4.803" idlems="3.411" threads="2" lastid="00000000026A7200" lastname="Thread-52" />
</exclusive-start>
<allocation-taxation id="5674" taxation-threshold="100663296" timestamp="2019-08-11T05:40:01.964" intervalms="197.947" />
<cycle-start id="5675" type="partial gc" contextid="0" timestamp="2019-08-11T05:40:01.964" intervalms="197.949" />
<gc-start id="5676" type="partial gc" contextid="5675" timestamp="2019-08-11T05:40:01.964">
  <mem-info id="5677" free="125829120" total="377487360" percent="33">
    <mem type="eden" free="0" total="100663296" percent="0" />
    <remembered-set count="8768" freebytes="15056128" totalbytes="15091200" percent="99" regionsoverflowed="0" regionsstable="11" regionsrebuilding="0"/>
  </mem-info>
</gc-start>
<allocation-stats totalBytes="100518944" >
  <allocated-bytes non-tlh="32784" tlh="100486160" arrayletleaf="0"/>
  <largest-consumer threadName="Thread-43" threadId="00000000026BDE00" bytes="12373168" />
</allocation-stats>
<gc-op id="5678" type="copy forward" timems="5.832" contextid="5675" timestamp="2019-08-11T05:40:01.971">
  <memory-copied type="eden" objects="9356" bytes="3850704" bytesdiscarded="0" />
  <memory-copied type="other" objects="20" bytes="720" bytesdiscarded="0" />
  <memory-cardclean objects="3205" bytes="150128" />
  <regions eden="48" other="4" />
  <remembered-set-cleared processed="765" cleared="149" durationms="0.436" />
  <references type="phantom" candidates="4" cleared="0" enqueued="0" />
  <stringconstants candidates="16242" cleared="0"  />
</gc-op>
<gc-op id="5679" type="classunload" timems="0.012" contextid="5675" timestamp="2019-08-11T05:40:01.972">
  <classunload-info classloadercandidates="69" classloadersunloaded="0" classesunloaded="0" anonymousclassesunloaded="0" quiescems="0.000" setupms="0.012" scanms="0.000" postms="0.000" />
</gc-op>
<gc-end id="5680" type="partial gc" contextid="5675" durationms="7.275" usertimems="11.828" systemtimems="2.021" timestamp="2019-08-11T05:40:01.972" activeThreads="1">
  <mem-info id="5681" free="226492416" total="377487360" percent="60">
    <mem type="eden" free="343312" total="4194304" percent="8" />
    <remembered-set count="8736" freebytes="15056256" totalbytes="15091200" percent="99" regionsoverflowed="0" regionsstable="11" regionsrebuilding="0"/>
  </mem-info>
</gc-end>
<cycle-end id="5682" type="partial gc" contextid="5675" timestamp="2019-08-11T05:40:01.972" />
  <attribute name="elasticGC enabled" value="1" />
  <attribute name= "numThreadsSpecified" value="1" />
  <attribute name="heapSize specified" value="0" />
  <attribute name="Current GC Util" value="177" />
  <attribute name= "Current Time Running" value="183850" />
  <attribute name ="GC Interval" value="0" />
  <attribute name="ProportionalT" value="48.500000" />
  <attribute name="ProportionalI" value="48.500000" />
  <attribute name="ProportionalH" value="48.500000" />
  <attribute name="Current Error" value="97.000000" />
  <attribute name="IntegralT" value="0.000000" />
  <attribute name="IntegralI" value="0.000000" />
  <attribute name="IntegralH" value="0.000000" />
  <attribute name="DerivativeT" value="inf" />
  <attribute name="DerivativeI" value="inf" />
  <attribute name="DerivativeH" value="inf" />
  <attribute name="Loop Time for DT" value="0.000000" />
  <attribute name="Output H" value="8388608"/>
  <attribute name="Output I" value="200"/>
  <attribute name="Output T" value="1"/>
  <attribute name="Target GC Util Change" value ="80.000000" />
  <attribute name="Current GC Util Change" value="177.000000"/>
  <attribute name="GC Util currently" value="177" />
  <attribute name="CPU Util currently" value="1466492698584" />
<exclusive-end id="5683" timestamp="2019-08-11T05:40:01.972" durationms="8.200" />

<exclusive-start id="5684" timestamp="2019-08-11T05:40:02.062" intervalms="98.065">
  <response-info timems="1.658" idlems="1.114" threads="2" lastid="000000000269BF00" lastname="Thread-50" />
</exclusive-start>
<allocation-taxation id="5685" taxation-threshold="100663296" timestamp="2019-08-11T05:40:02.062" intervalms="98.106" />
<cycle-start id="5686" type="partial gc" contextid="0" timestamp="2019-08-11T05:40:02.063" intervalms="99.141" />
<gc-start id="5687" type="partial gc" contextid="5686" timestamp="2019-08-11T05:40:02.064">
  <mem-info id="5688" free="125829120" total="377487360" percent="33">
    <mem type="eden" free="0" total="100663296" percent="0" />
    <remembered-set count="8608" freebytes="15056768" totalbytes="15091200" percent="99" regionsoverflowed="0" regionsstable="11" regionsrebuilding="0"/>
  </mem-info>
</gc-start>
<allocation-stats totalBytes="100553040" >
  <allocated-bytes non-tlh="32776" tlh="100520264" arrayletleaf="0"/>
  <largest-consumer threadName="Thread-42" threadId="00000000026C1A00" bytes="13007440" />
</allocation-stats>
<gc-op id="5689" type="copy forward" timems="22.864" contextid="5686" timestamp="2019-08-11T05:40:02.103">
  <memory-copied type="eden" objects="9875" bytes="3914352" bytesdiscarded="576496" />
  <memory-copied type="other" objects="24" bytes="864" bytesdiscarded="0" />
  <memory-cardclean objects="3200" bytes="149584" />
  <regions eden="48" other="3" />
  <remembered-set-cleared processed="749" cleared="132" durationms="0.673" />
  <references type="phantom" candidates="2" cleared="0" enqueued="0" />
  <stringconstants candidates="16242" cleared="0"  />
</gc-op>
<gc-op id="5690" type="classunload" timems="0.016" contextid="5686" timestamp="2019-08-11T05:40:02.103">
  <classunload-info classloadercandidates="69" classloadersunloaded="0" classesunloaded="0" anonymousclassesunloaded="0" quiescems="0.000" setupms="0.016" scanms="0.000" postms="0.000" />
</gc-op>
<heap-resize id="5691" type="expand" space="default" amount="10485760" count="1" timems="0.077" reason="excessive time being spent in gc" timestamp="2019-08-11T05:40:02.103" />
<gc-end id="5692" type="partial gc" contextid="5686" durationms="39.643" usertimems="32.019" systemtimems="29.468" timestamp="2019-08-11T05:40:02.103" activeThreads="16">
  <mem-info id="5693" free="232783872" total="387973120" percent="60">
    <mem type="eden" free="1800336" total="6291456" percent="28" />
    <remembered-set count="9056" freebytes="15474176" totalbytes="15510400" percent="99" regionsoverflowed="0" regionsstable="11" regionsrebuilding="0"/>
  </mem-info>
</gc-end>
<cycle-end id="5694" type="partial gc" contextid="5686" timestamp="2019-08-11T05:40:02.104" />
  <attribute name="elasticGC enabled" value="1" />
  <attribute name= "numThreadsSpecified" value="16" />
  <attribute name="heapSize specified" value="0" />
  <attribute name="Current GC Util" value="128" />
  <attribute name= "Current Time Running" value="183965" />
  <attribute name ="GC Interval" value="0" />
  <attribute name="ProportionalT" value="24.000000" />
  <attribute name="ProportionalI" value="24.000000" />
  <attribute name="ProportionalH" value="24.000000" />
  <attribute name="Current Error" value="48.000000" />
  <attribute name="IntegralT" value="384.000000" />
  <attribute name="IntegralI" value="384.000000" />
  <attribute name="IntegralH" value="384.000000" />
  <attribute name="DerivativeT" value="3.000000" />
  <attribute name="DerivativeI" value="3.000000" />
  <attribute name="DerivativeH" value="3.000000" />
  <attribute name="Loop Time for DT" value="16.000000" />
  <attribute name="Output H" value="8388608"/>
  <attribute name="Output I" value="416"/>
  <attribute name="Output T" value="16"/>
  <attribute name="Target GC Util Change" value ="80.000000" />
  <attribute name="Current GC Util Change" value="128.000000"/>
  <attribute name="GC Util currently" value="128" />
  <attribute name="CPU Util currently" value="72883068000" />
<exclusive-end id="5695" timestamp="2019-08-11T05:40:02.104" durationms="41.961" />

<exclusive-start id="5696" timestamp="2019-08-11T05:40:02.198" intervalms="135.841">
  <response-info timems="0.866" idlems="0.626" threads="3" lastid="00000000026C5600" lastname="Thread-41" />
</exclusive-start>
<allocation-taxation id="5697" taxation-threshold="102760448" timestamp="2019-08-11T05:40:02.198" intervalms="135.834" />
<cycle-start id="5698" type="partial gc" contextid="0" timestamp="2019-08-11T05:40:02.198" intervalms="134.836" />
<gc-start id="5699" type="partial gc" contextid="5698" timestamp="2019-08-11T05:40:02.198">
  <mem-info id="5700" free="130023424" total="387973120" percent="33">
    <mem type="eden" free="0" total="102760448" percent="0" />
    <remembered-set count="8736" freebytes="15475456" totalbytes="15510400" percent="99" regionsoverflowed="0" regionsstable="11" regionsrebuilding="0"/>
  </mem-info>
</gc-start>
<allocation-stats totalBytes="102487984" >
  <allocated-bytes non-tlh="16392" tlh="102471592" arrayletleaf="0"/>
  <largest-consumer threadName="Thread-42" threadId="00000000026C1A00" bytes="13826696" />
</allocation-stats>
<gc-op id="5701" type="copy forward" timems="40.484" contextid="5698" timestamp="2019-08-11T05:40:02.241">
  <memory-copied type="eden" objects="8556" bytes="3515552" bytesdiscarded="602576" />
  <memory-copied type="other" objects="21" bytes="824" bytesdiscarded="0" />
  <memory-cardclean objects="3210" bytes="149712" />
  <regions eden="49" other="4" />
  <remembered-set-cleared processed="754" cleared="139" durationms="1.430" />
  <references type="phantom" candidates="2" cleared="0" enqueued="0" />
  <stringconstants candidates="16242" cleared="0"  />
</gc-op>
<gc-op id="5702" type="classunload" timems="0.042" contextid="5698" timestamp="2019-08-11T05:40:02.241">
  <classunload-info classloadercandidates="69" classloadersunloaded="0" classesunloaded="0" anonymousclassesunloaded="0" quiescems="0.000" setupms="0.041" scanms="0.000" postms="0.000" />
</gc-op>
<gc-end id="5703" type="partial gc" contextid="5698" durationms="43.116" usertimems="20.437" systemtimems="14.982" timestamp="2019-08-11T05:40:02.242" activeThreads="16">
  <mem-info id="5704" free="232783872" total="387973120" percent="60">
    <mem type="eden" free="75904" total="4194304" percent="1" />
    <remembered-set count="9056" freebytes="15474176" totalbytes="15510400" percent="99" regionsoverflowed="0" regionsstable="11" regionsrebuilding="0"/>
  </mem-info>
</gc-end>
<cycle-end id="5705" type="partial gc" contextid="5698" timestamp="2019-08-11T05:40:02.242" />
  <attribute name="elasticGC enabled" value="1" />
  <attribute name= "numThreadsSpecified" value="16" />
  <attribute name="heapSize specified" value="0" />
  <attribute name="Current GC Util" value="102" />
  <attribute name= "Current Time Running" value="184085" />
  <attribute name ="GC Interval" value="0" />
  <attribute name="ProportionalT" value="11.000000" />
  <attribute name="ProportionalI" value="11.000000" />
  <attribute name="ProportionalH" value="11.000000" />
  <attribute name="Current Error" value="22.000000" />
  <attribute name="IntegralT" value="11.000000" />
  <attribute name="IntegralI" value="11.000000" />
  <attribute name="IntegralH" value="11.000000" />
  <attribute name="DerivativeT" value="22.000000" />
  <attribute name="DerivativeI" value="22.000000" />
  <attribute name="DerivativeH" value="22.000000" />
  <attribute name="Loop Time for DT" value="1.000000" />
  <attribute name="Output H" value="8388608"/>
  <attribute name="Output I" value="200"/>
  <attribute name="Output T" value="16"/>
  <attribute name="Target GC Util Change" value ="80.000000" />
  <attribute name="Current GC Util Change" value="102.000000"/>
  <attribute name="GC Util currently" value="102" />
  <attribute name="CPU Util currently" value="1009051770975" />
<exclusive-end id="5706" timestamp="2019-08-11T05:40:02.243" durationms="45.472" />

<exclusive-start id="5707" timestamp="2019-08-11T05:40:02.417" intervalms="218.718">
  <response-info timems="2.336" idlems="0.937" threads="3" lastid="00000000026E7100" lastname="Thread-37" />
</exclusive-start>
<allocation-taxation id="5708" taxation-threshold="102760448" timestamp="2019-08-11T05:40:02.417" intervalms="219.233" />
<cycle-start id="5709" type="partial gc" contextid="0" timestamp="2019-08-11T05:40:02.417" intervalms="219.274" />
<gc-start id="5710" type="partial gc" contextid="5709" timestamp="2019-08-11T05:40:02.418">
  <mem-info id="5711" free="130023424" total="387973120" percent="33">
    <mem type="eden" free="0" total="102760448" percent="0" />
    <remembered-set count="8608" freebytes="15475968" totalbytes="15510400" percent="99" regionsoverflowed="0" regionsstable="11" regionsrebuilding="0"/>
  </mem-info>
</gc-start>
<allocation-stats totalBytes="102491408" >
  <allocated-bytes non-tlh="0" tlh="102491408" arrayletleaf="0"/>
  <largest-consumer threadName="Thread-51" threadId="0000000002685700" bytes="10453144" />
</allocation-stats>
<gc-op id="5712" type="copy forward" timems="16.750" contextid="5709" timestamp="2019-08-11T05:40:02.436">
  <memory-copied type="eden" objects="9737" bytes="3908312" bytesdiscarded="504256" />
  <memory-copied type="other" objects="21" bytes="824" bytesdiscarded="0" />
  <memory-cardclean objects="3219" bytes="150320" />
  <regions eden="49" other="3" />
  <remembered-set-cleared processed="751" cleared="136" durationms="0.151" />
  <references type="phantom" candidates="3" cleared="0" enqueued="0" />
  <stringconstants candidates="16242" cleared="0"  />
</gc-op>
<gc-op id="5713" type="classunload" timems="0.011" contextid="5709" timestamp="2019-08-11T05:40:02.436">
  <classunload-info classloadercandidates="69" classloadersunloaded="0" classesunloaded="0" anonymousclassesunloaded="0" quiescems="0.000" setupms="0.010" scanms="0.000" postms="0.000" />
</gc-op>
<heap-resize id="5714" type="expand" space="default" amount="10485760" count="1" timems="0.067" reason="excessive time being spent in gc" timestamp="2019-08-11T05:40:02.436" />
<gc-end id="5715" type="partial gc" contextid="5709" durationms="18.629" usertimems="7.963" systemtimems="28.888" timestamp="2019-08-11T05:40:02.436" activeThreads="16">
  <mem-info id="5716" free="239075328" total="398458880" percent="60">
    <mem type="eden" free="1878608" total="6291456" percent="29" />
    <remembered-set count="8032" freebytes="15897472" totalbytes="15929600" percent="99" regionsoverflowed="0" regionsstable="11" regionsrebuilding="0"/>
  </mem-info>
</gc-end>
<cycle-end id="5717" type="partial gc" contextid="5709" timestamp="2019-08-11T05:40:02.437" />
  <attribute name="elasticGC enabled" value="1" />
  <attribute name= "numThreadsSpecified" value="16" />
  <attribute name="heapSize specified" value="0" />
  <attribute name="Current GC Util" value="140" />
  <attribute name= "Current Time Running" value="184304" />
  <attribute name ="GC Interval" value="0" />
  <attribute name="ProportionalT" value="30.000000" />
  <attribute name="ProportionalI" value="30.000000" />
  <attribute name="ProportionalH" value="30.000000" />
  <attribute name="Current Error" value="60.000000" />
  <attribute name="IntegralT" value="30.000000" />
  <attribute name="IntegralI" value="30.000000" />
  <attribute name="IntegralH" value="30.000000" />
  <attribute name="DerivativeT" value="60.000000" />
  <attribute name="DerivativeI" value="60.000000" />
  <attribute name="DerivativeH" value="60.000000" />
  <attribute name="Loop Time for DT" value="1.000000" />
  <attribute name="Output H" value="8388608"/>
  <attribute name="Output I" value="200"/>
  <attribute name="Output T" value="16"/>
  <attribute name="Target GC Util Change" value ="80.000000" />
  <attribute name="Current GC Util Change" value="140.000000"/>
  <attribute name="GC Util currently" value="140" />
  <attribute name="CPU Util currently" value="1505899745959" />
<exclusive-end id="5718" timestamp="2019-08-11T05:40:02.437" durationms="20.427" />

<exclusive-start id="5719" timestamp="2019-08-11T05:40:02.579" intervalms="162.805">
  <response-info timems="1.323" idlems="0.687" threads="1" lastid="0000000002690B00" lastname="Thread-48" />
</exclusive-start>
<allocation-taxation id="5720" taxation-threshold="106954752" timestamp="2019-08-11T05:40:02.579" intervalms="162.194" />
<cycle-start id="5721" type="partial gc" contextid="0" timestamp="2019-08-11T05:40:02.580" intervalms="162.252" />
<gc-start id="5722" type="partial gc" contextid="5721" timestamp="2019-08-11T05:40:02.580">
  <mem-info id="5723" free="132120576" total="398458880" percent="33">
    <mem type="eden" free="0" total="106954752" percent="0" />
    <remembered-set count="7648" freebytes="15899008" totalbytes="15929600" percent="99" regionsoverflowed="0" regionsstable="11" regionsrebuilding="0"/>
  </mem-info>
</gc-start>
<allocation-stats totalBytes="106731784" >
  <allocated-bytes non-tlh="24592" tlh="106707192" arrayletleaf="0"/>
  <largest-consumer threadName="Thread-49" threadId="0000000002698300" bytes="11750856" />
</allocation-stats>
<gc-op id="5724" type="copy forward" timems="7.187" contextid="5721" timestamp="2019-08-11T05:40:02.589">
  <memory-copied type="eden" objects="10454" bytes="4038480" bytesdiscarded="0" />
  <memory-copied type="other" objects="24" bytes="864" bytesdiscarded="0" />
  <memory-cardclean objects="3206" bytes="149520" />
  <regions eden="51" other="4" />
  <remembered-set-cleared processed="760" cleared="144" durationms="0.587" />
  <stringconstants candidates="16242" cleared="0"  />
</gc-op>
<gc-op id="5725" type="classunload" timems="0.011" contextid="5721" timestamp="2019-08-11T05:40:02.589">
  <classunload-info classloadercandidates="69" classloadersunloaded="0" classesunloaded="0" anonymousclassesunloaded="0" quiescems="0.000" setupms="0.011" scanms="0.000" postms="0.000" />
</gc-op>
<gc-end id="5726" type="partial gc" contextid="5721" durationms="8.749" usertimems="6.797" systemtimems="4.969" timestamp="2019-08-11T05:40:02.589" activeThreads="1">
  <mem-info id="5727" free="239075328" total="398458880" percent="60">
    <mem type="eden" free="155560" total="4194304" percent="3" />
    <remembered-set count="6848" freebytes="15902208" totalbytes="15929600" percent="99" regionsoverflowed="0" regionsstable="11" regionsrebuilding="0"/>
  </mem-info>
</gc-end>
<cycle-end id="5728" type="partial gc" contextid="5721" timestamp="2019-08-11T05:40:02.589" />
  <attribute name="elasticGC enabled" value="1" />
  <attribute name= "numThreadsSpecified" value="1" />
  <attribute name="heapSize specified" value="0" />
  <attribute name="Current GC Util" value="119" />
  <attribute name= "Current Time Running" value="184466" />
  <attribute name ="GC Interval" value="0" />
  <attribute name="ProportionalT" value="19.500000" />
  <attribute name="ProportionalI" value="19.500000" />
  <attribute name="ProportionalH" value="19.500000" />
  <attribute name="Current Error" value="39.000000" />
  <attribute name="IntegralT" value="0.000000" />
  <attribute name="IntegralI" value="0.000000" />
  <attribute name="IntegralH" value="0.000000" />
  <attribute name="DerivativeT" value="inf" />
  <attribute name="DerivativeI" value="inf" />
  <attribute name="DerivativeH" value="inf" />
  <attribute name="Loop Time for DT" value="0.000000" />
  <attribute name="Output H" value="8388608"/>
  <attribute name="Output I" value="200"/>
  <attribute name="Output T" value="1"/>
  <attribute name="Target GC Util Change" value ="80.000000" />
  <attribute name="Current GC Util Change" value="119.000000"/>
  <attribute name="GC Util currently" value="119" />
  <attribute name="CPU Util currently" value="1269984746929" />
<exclusive-end id="5729" timestamp="2019-08-11T05:40:02.589" durationms="9.998" />

<exclusive-start id="5730" timestamp="2019-08-11T05:40:02.777" intervalms="197.599">
  <response-info timems="0.317" idlems="0.317" threads="0" lastid="00000000026B6600" lastname="Thread-40" />
</exclusive-start>
<allocation-taxation id="5731" taxation-threshold="106954752" timestamp="2019-08-11T05:40:02.777" intervalms="197.616" />
<cycle-start id="5732" type="partial gc" contextid="0" timestamp="2019-08-11T05:40:02.777" intervalms="197.519" />
<gc-start id="5733" type="partial gc" contextid="5732" timestamp="2019-08-11T05:40:02.778">
  <mem-info id="5734" free="132120576" total="398458880" percent="33">
    <mem type="eden" free="0" total="106954752" percent="0" />
    <remembered-set count="6752" freebytes="15902592" totalbytes="15929600" percent="99" regionsoverflowed="0" regionsstable="11" regionsrebuilding="0"/>
  </mem-info>
</gc-start>
<allocation-stats totalBytes="106776712" >
  <allocated-bytes non-tlh="49168" tlh="106727544" arrayletleaf="0"/>
  <largest-consumer threadName="Thread-49" threadId="0000000002698300" bytes="11392600" />
</allocation-stats>
<gc-op id="5735" type="copy forward" timems="23.996" contextid="5732" timestamp="2019-08-11T05:40:02.806">
  <memory-copied type="eden" objects="9901" bytes="3902656" bytesdiscarded="671896" />
  <memory-copied type="other" objects="29" bytes="1120" bytesdiscarded="0" />
  <memory-cardclean objects="3245" bytes="151408" />
  <regions eden="51" other="3" />
  <remembered-set-cleared processed="754" cleared="139" durationms="0.171" />
  <references type="phantom" candidates="2" cleared="0" enqueued="0" />
  <stringconstants candidates="16242" cleared="0"  />
</gc-op>
<gc-op id="5736" type="classunload" timems="0.035" contextid="5732" timestamp="2019-08-11T05:40:02.806">
  <classunload-info classloadercandidates="69" classloadersunloaded="0" classesunloaded="0" anonymousclassesunloaded="0" quiescems="0.000" setupms="0.035" scanms="0.000" postms="0.000" />
</gc-op>
<gc-end id="5737" type="partial gc" contextid="5732" durationms="28.925" usertimems="15.466" systemtimems="24.333" timestamp="2019-08-11T05:40:02.807" activeThreads="16">
  <mem-info id="5738" free="234881024" total="398458880" percent="58">
    <mem type="eden" free="1716632" total="6291456" percent="27" />
    <remembered-set count="9056" freebytes="15893376" totalbytes="15929600" percent="99" regionsoverflowed="0" regionsstable="11" regionsrebuilding="0"/>
  </mem-info>
</gc-end>
<cycle-end id="5739" type="partial gc" contextid="5732" timestamp="2019-08-11T05:40:02.815" />
  <attribute name="elasticGC enabled" value="1" />
  <attribute name= "numThreadsSpecified" value="16" />
  <attribute name="heapSize specified" value="0" />
  <attribute name="Current GC Util" value="231" />
  <attribute name= "Current Time Running" value="184667" />
  <attribute name ="GC Interval" value="0" />
  <attribute name="ProportionalT" value="75.500000" />
  <attribute name="ProportionalI" value="75.500000" />
  <attribute name="ProportionalH" value="75.500000" />
  <attribute name="Current Error" value="151.000000" />
  <attribute name="IntegralT" value="226.500000" />
  <attribute name="IntegralI" value="226.500000" />
  <attribute name="IntegralH" value="226.500000" />
  <attribute name="DerivativeT" value="50.333333" />
  <attribute name="DerivativeI" value="50.333333" />
  <attribute name="DerivativeH" value="50.333333" />
  <attribute name="Loop Time for DT" value="3.000000" />
  <attribute name="Output H" value="8388608"/>
  <attribute name="Output I" value="352"/>
  <attribute name="Output T" value="16"/>
  <attribute name="Target GC Util Change" value ="80.000000" />
  <attribute name="Current GC Util Change" value="231.000000"/>
  <attribute name="GC Util currently" value="231" />
  <attribute name="CPU Util currently" value="399075301547" />
<exclusive-end id="5740" timestamp="2019-08-11T05:40:02.816" durationms="38.781" />

<exclusive-start id="5741" timestamp="2019-08-11T05:40:02.913" intervalms="135.973">
  <response-info timems="1.580" idlems="0.807" threads="1" lastid="0000000002698300" lastname="Thread-49" />
</exclusive-start>
<allocation-taxation id="5742" taxation-threshold="106954752" timestamp="2019-08-11T05:40:02.913" intervalms="135.977" />
<cycle-start id="5743" type="partial gc" contextid="0" timestamp="2019-08-11T05:40:02.913" intervalms="135.939" />
<gc-start id="5744" type="partial gc" contextid="5743" timestamp="2019-08-11T05:40:02.914">
  <mem-info id="5745" free="127926272" total="398458880" percent="32">
    <mem type="eden" free="0" total="106954752" percent="0" />
    <remembered-set count="8608" freebytes="15895168" totalbytes="15929600" percent="99" regionsoverflowed="0" regionsstable="11" regionsrebuilding="0"/>
  </mem-info>
</gc-start>
<allocation-stats totalBytes="106767544" >
  <allocated-bytes non-tlh="0" tlh="106767544" arrayletleaf="0"/>
  <largest-consumer threadName="Thread-52" threadId="00000000026A7200" bytes="11443312" />
</allocation-stats>
<gc-op id="5746" type="copy forward" timems="52.445" contextid="5743" timestamp="2019-08-11T05:40:02.969">
  <memory-copied type="eden" objects="9554" bytes="3810984" bytesdiscarded="625824" />
  <memory-copied type="other" objects="33" bytes="1264" bytesdiscarded="0" />
  <memory-cardclean objects="3214" bytes="150320" />
  <regions eden="51" other="4" />
  <remembered-set-cleared processed="763" cleared="150" durationms="0.639" />
  <references type="phantom" candidates="2" cleared="0" enqueued="0" />
  <stringconstants candidates="16242" cleared="0"  />
</gc-op>
<gc-op id="5747" type="classunload" timems="0.021" contextid="5743" timestamp="2019-08-11T05:40:02.970">
  <classunload-info classloadercandidates="69" classloadersunloaded="0" classesunloaded="0" anonymousclassesunloaded="0" quiescems="0.000" setupms="0.021" scanms="0.000" postms="0.000" />
</gc-op>
<heap-resize id="5748" type="expand" space="default" amount="16777216" count="1" timems="0.169" reason="excessive time being spent in gc" timestamp="2019-08-11T05:40:02.971" />
<gc-end id="5749" type="partial gc" contextid="5743" durationms="56.418" usertimems="53.788" systemtimems="14.182" timestamp="2019-08-11T05:40:02.971" activeThreads="16">
  <mem-info id="5750" free="249561088" total="415236096" percent="60">
    <mem type="eden" free="1854384" total="6291456" percent="29" />
    <remembered-set count="9536" freebytes="16562176" totalbytes="16600320" percent="99" regionsoverflowed="0" regionsstable="11" regionsrebuilding="0"/>
  </mem-info>
</gc-end>
<cycle-end id="5751" type="partial gc" contextid="5743" timestamp="2019-08-11T05:40:02.971" />
  <attribute name="elasticGC enabled" value="1" />
  <attribute name= "numThreadsSpecified" value="16" />
  <attribute name="heapSize specified" value="0" />
  <attribute name="Current GC Util" value="95" />
  <attribute name= "Current Time Running" value="184802" />
  <attribute name ="GC Interval" value="0" />
  <attribute name="ProportionalT" value="7.500000" />
  <attribute name="ProportionalI" value="7.500000" />
  <attribute name="ProportionalH" value="7.500000" />
  <attribute name="Current Error" value="15.000000" />
  <attribute name="IntegralT" value="15.000000" />
  <attribute name="IntegralI" value="15.000000" />
  <attribute name="IntegralH" value="15.000000" />
  <attribute name="DerivativeT" value="7.500000" />
  <attribute name="DerivativeI" value="7.500000" />
  <attribute name="DerivativeH" value="7.500000" />
  <attribute name="Loop Time for DT" value="2.000000" />
  <attribute name="Output H" value="8388608"/>
  <attribute name="Output I" value="200"/>
  <attribute name="Output T" value="16"/>
  <attribute name="Target GC Util Change" value ="80.000000" />
  <attribute name="Current GC Util Change" value="95.000000"/>
  <attribute name="GC Util currently" value="95" />
  <attribute name="CPU Util currently" value="694633462496" />
<exclusive-end id="5752" timestamp="2019-08-11T05:40:02.972" durationms="58.645" />

<exclusive-start id="5753" timestamp="2019-08-11T05:40:03.055" intervalms="142.431">
  <response-info timems="0.088" idlems="0.088" threads="0" lastid="00000000026E7100" lastname="Thread-37" />
</exclusive-start>
<allocation-taxation id="5754" taxation-threshold="111149056" timestamp="2019-08-11T05:40:03.055" intervalms="142.412" />
<cycle-start id="5755" type="partial gc" contextid="0" timestamp="2019-08-11T05:40:03.056" intervalms="142.516" />
<gc-start id="5756" type="partial gc" contextid="5755" timestamp="2019-08-11T05:40:03.056">
  <mem-info id="5757" free="138412032" total="415236096" percent="33">
    <mem type="eden" free="0" total="111149056" percent="0" />
    <remembered-set count="9248" freebytes="16563328" totalbytes="16600320" percent="99" regionsoverflowed="0" regionsstable="11" regionsrebuilding="0"/>
  </mem-info>
</gc-start>
<allocation-stats totalBytes="111031440" >
  <allocated-bytes non-tlh="49168" tlh="110982272" arrayletleaf="0"/>
  <largest-consumer threadName="Thread-50" threadId="000000000269BF00" bytes="12766104" />
</allocation-stats>
<gc-op id="5758" type="copy forward" timems="23.551" contextid="5755" timestamp="2019-08-11T05:40:03.081">
  <memory-copied type="eden" objects="9459" bytes="3836184" bytesdiscarded="0" />
  <memory-copied type="other" objects="20" bytes="720" bytesdiscarded="0" />
  <memory-cardclean objects="3219" bytes="149600" />
  <regions eden="53" other="4" />
  <remembered-set-cleared processed="755" cleared="141" durationms="0.530" />
  <references type="weak" candidates="2" cleared="0" enqueued="0" />
  <references type="phantom" candidates="4" cleared="0" enqueued="0" />
  <stringconstants candidates="16242" cleared="0"  />
</gc-op>
<gc-op id="5759" type="classunload" timems="0.016" contextid="5755" timestamp="2019-08-11T05:40:03.081">
  <classunload-info classloadercandidates="69" classloadersunloaded="0" classesunloaded="0" anonymousclassesunloaded="0" quiescems="0.000" setupms="0.016" scanms="0.000" postms="0.000" />
</gc-op>
<gc-end id="5760" type="partial gc" contextid="5755" durationms="25.158" usertimems="14.041" systemtimems="2.550" timestamp="2019-08-11T05:40:03.081" activeThreads="1">
  <mem-info id="5761" free="249561088" total="415236096" percent="60">
    <mem type="eden" free="357848" total="4194304" percent="8" />
    <remembered-set count="8800" freebytes="16565120" totalbytes="16600320" percent="99" regionsoverflowed="0" regionsstable="11" regionsrebuilding="0"/>
  </mem-info>
</gc-end>
<cycle-end id="5762" type="partial gc" contextid="5755" timestamp="2019-08-11T05:40:03.082" />
  <attribute name="elasticGC enabled" value="1" />
  <attribute name= "numThreadsSpecified" value="1" />
  <attribute name="heapSize specified" value="0" />
  <attribute name="Current GC Util" value="115" />
  <attribute name= "Current Time Running" value="184942" />
  <attribute name ="GC Interval" value="0" />
  <attribute name="ProportionalT" value="17.500000" />
  <attribute name="ProportionalI" value="17.500000" />
  <attribute name="ProportionalH" value="17.500000" />
  <attribute name="Current Error" value="35.000000" />
  <attribute name="IntegralT" value="0.000000" />
  <attribute name="IntegralI" value="0.000000" />
  <attribute name="IntegralH" value="0.000000" />
  <attribute name="DerivativeT" value="inf" />
  <attribute name="DerivativeI" value="inf" />
  <attribute name="DerivativeH" value="inf" />
  <attribute name="Loop Time for DT" value="0.000000" />
  <attribute name="Output H" value="8388608"/>
  <attribute name="Output I" value="200"/>
  <attribute name="Output T" value="1"/>
  <attribute name="Target GC Util Change" value ="80.000000" />
  <attribute name="Current GC Util Change" value="115.000000"/>
  <attribute name="GC Util currently" value="115" />
  <attribute name="CPU Util currently" value="1747968189162" />
<exclusive-end id="5763" timestamp="2019-08-11T05:40:03.082" durationms="26.850" />

<exclusive-start id="5764" timestamp="2019-08-11T05:40:03.169" intervalms="113.519">
  <response-info timems="1.165" idlems="0.586" threads="1" lastid="00000000026C5600" lastname="Thread-41" />
</exclusive-start>
<allocation-taxation id="5765" taxation-threshold="111149056" timestamp="2019-08-11T05:40:03.170" intervalms="114.235" />
<cycle-start id="5766" type="partial gc" contextid="0" timestamp="2019-08-11T05:40:03.170" intervalms="114.196" />
<gc-start id="5767" type="partial gc" contextid="5766" timestamp="2019-08-11T05:40:03.170">
  <mem-info id="5768" free="138412032" total="415236096" percent="33">
    <mem type="eden" free="0" total="111149056" percent="0" />
    <remembered-set count="8640" freebytes="16565760" totalbytes="16600320" percent="99" regionsoverflowed="0" regionsstable="11" regionsrebuilding="0"/>
  </mem-info>
</gc-start>
<allocation-stats totalBytes="110893528" >
  <allocated-bytes non-tlh="49176" tlh="110844352" arrayletleaf="0"/>
  <largest-consumer threadName="Thread-39" threadId="00000000026C9200" bytes="13640712" />
</allocation-stats>
<gc-op id="5769" type="copy forward" timems="47.095" contextid="5766" timestamp="2019-08-11T05:40:03.219">
  <memory-copied type="eden" objects="8217" bytes="3295024" bytesdiscarded="440520" />
  <memory-copied type="other" objects="28" bytes="1008" bytesdiscarded="0" />
  <memory-cardclean objects="3240" bytes="151096" />
  <regions eden="53" other="3" />
  <remembered-set-cleared processed="759" cleared="145" durationms="0.387" />
  <references type="weak" candidates="1" cleared="0" enqueued="0" />
  <references type="phantom" candidates="7" cleared="0" enqueued="0" />
  <stringconstants candidates="16242" cleared="0"  />
</gc-op>
<gc-op id="5770" type="classunload" timems="0.018" contextid="5766" timestamp="2019-08-11T05:40:03.219">
  <classunload-info classloadercandidates="69" classloadersunloaded="0" classesunloaded="0" anonymousclassesunloaded="0" quiescems="0.000" setupms="0.018" scanms="0.000" postms="0.000" />
</gc-op>
<gc-end id="5771" type="partial gc" contextid="5766" durationms="49.163" usertimems="11.386" systemtimems="23.004" timestamp="2019-08-11T05:40:03.219" activeThreads="16">
  <mem-info id="5772" free="249561088" total="415236096" percent="60">
    <mem type="eden" free="458464" total="4194304" percent="10" />
    <remembered-set count="6496" freebytes="16574336" totalbytes="16600320" percent="99" regionsoverflowed="0" regionsstable="11" regionsrebuilding="0"/>
  </mem-info>
</gc-end>
<cycle-end id="5773" type="partial gc" contextid="5766" timestamp="2019-08-11T05:40:03.219" />
  <attribute name="elasticGC enabled" value="1" />
  <attribute name= "numThreadsSpecified" value="16" />
  <attribute name="heapSize specified" value="0" />
  <attribute name="Current GC Util" value="159" />
  <attribute name= "Current Time Running" value="185057" />
  <attribute name ="GC Interval" value="0" />
  <attribute name="ProportionalT" value="39.500000" />
  <attribute name="ProportionalI" value="39.500000" />
  <attribute name="ProportionalH" value="39.500000" />
  <attribute name="Current Error" value="79.000000" />
  <attribute name="IntegralT" value="79.000000" />
  <attribute name="IntegralI" value="79.000000" />
  <attribute name="IntegralH" value="79.000000" />
  <attribute name="DerivativeT" value="39.500000" />
  <attribute name="DerivativeI" value="39.500000" />
  <attribute name="DerivativeH" value="39.500000" />
  <attribute name="Loop Time for DT" value="2.000000" />
  <attribute name="Output H" value="8388608"/>
  <attribute name="Output I" value="200"/>
  <attribute name="Output T" value="16"/>
  <attribute name="Target GC Util Change" value ="80.000000" />
  <attribute name="Current GC Util Change" value="159.000000"/>
  <attribute name="GC Util currently" value="159" />
  <attribute name="CPU Util currently" value="857950320486" />
<exclusive-end id="5774" timestamp="2019-08-11T05:40:03.220" durationms="50.659" />

<exclusive-start id="5775" timestamp="2019-08-11T05:40:03.297" intervalms="128.244">
  <response-info timems="3.937" idlems="2.270" threads="1" lastid="0000000002698300" lastname="Thread-49" />
</exclusive-start>
<allocation-taxation id="5776" taxation-threshold="111149056" timestamp="2019-08-11T05:40:03.297" intervalms="127.553" />
<cycle-start id="5777" type="partial gc" contextid="0" timestamp="2019-08-11T05:40:03.299" intervalms="129.002" />
<gc-start id="5778" type="partial gc" contextid="5777" timestamp="2019-08-11T05:40:03.306">
  <mem-info id="5779" free="138412032" total="415236096" percent="33">
    <mem type="eden" free="0" total="111149056" percent="0" />
    <remembered-set count="6080" freebytes="16576000" totalbytes="16600320" percent="99" regionsoverflowed="0" regionsstable="11" regionsrebuilding="0"/>
  </mem-info>
</gc-start>
<allocation-stats totalBytes="110963784" >
  <allocated-bytes non-tlh="16392" tlh="110947392" arrayletleaf="0"/>
  <largest-consumer threadName="Thread-52" threadId="00000000026A7200" bytes="12180752" />
</allocation-stats>
<gc-op id="5780" type="copy forward" timems="32.125" contextid="5777" timestamp="2019-08-11T05:40:03.385">
  <memory-copied type="eden" objects="8856" bytes="3670144" bytesdiscarded="413960" />
  <memory-copied type="other" objects="26" bytes="1072" bytesdiscarded="0" />
  <memory-cardclean objects="3224" bytes="149552" />
  <regions eden="53" other="3" />
  <remembered-set-cleared processed="753" cleared="137" durationms="0.625" />
  <references type="phantom" candidates="3" cleared="0" enqueued="0" />
  <stringconstants candidates="16242" cleared="0"  />
</gc-op>
<gc-op id="5781" type="classunload" timems="0.016" contextid="5777" timestamp="2019-08-11T05:40:03.385">
  <classunload-info classloadercandidates="69" classloadersunloaded="0" classesunloaded="0" anonymousclassesunloaded="0" quiescems="0.000" setupms="0.016" scanms="0.000" postms="0.000" />
</gc-op>
<heap-resize id="5782" type="expand" space="default" amount="4194304" count="1" timems="0.060" reason="excessive time being spent in gc" timestamp="2019-08-11T05:40:03.386" />
<gc-end id="5783" type="partial gc" contextid="5777" durationms="79.068" usertimems="30.358" systemtimems="25.151" timestamp="2019-08-11T05:40:03.386" activeThreads="16">
  <mem-info id="5784" free="251658240" total="419430400" percent="60">
    <mem type="eden" free="109912" total="4194304" percent="2" />
    <remembered-set count="7040" freebytes="16739840" totalbytes="16768000" percent="99" regionsoverflowed="0" regionsstable="11" regionsrebuilding="0"/>
  </mem-info>
</gc-end>
<cycle-end id="5785" type="partial gc" contextid="5777" timestamp="2019-08-11T05:40:03.386" />
  <attribute name="elasticGC enabled" value="1" />
  <attribute name= "numThreadsSpecified" value="16" />
  <attribute name="heapSize specified" value="0" />
  <attribute name="Current GC Util" value="6" />
  <attribute name= "Current Time Running" value="185238" />
  <attribute name ="GC Interval" value="0" />
  <attribute name="ProportionalT" value="-37.000000" />
  <attribute name="ProportionalI" value="-37.000000" />
  <attribute name="ProportionalH" value="-37.000000" />
  <attribute name="Current Error" value="-74.000000" />
  <attribute name="IntegralT" value="-1702.000000" />
  <attribute name="IntegralI" value="-1702.000000" />
  <attribute name="IntegralH" value="-1702.000000" />
  <attribute name="DerivativeT" value="-1.608696" />
  <attribute name="DerivativeI" value="-1.608696" />
  <attribute name="DerivativeH" value="-1.608696" />
  <attribute name="Loop Time for DT" value="46.000000" />
  <attribute name="Output H" value="4202627072"/>
  <attribute name="Output I" value="200"/>
  <attribute name="Output T" value="16"/>
  <attribute name="Target GC Util Change" value ="80.000000" />
  <attribute name="Current GC Util Change" value="6.000000"/>
  <attribute name="GC Util currently" value="6" />
  <attribute name="CPU Util currently" value="24931005572" />
<exclusive-end id="5786" timestamp="2019-08-11T05:40:03.386" durationms="88.533" />

<exclusive-start id="5787" timestamp="2019-08-11T05:40:03.483" intervalms="186.093">
  <response-info timems="12.360" idlems="12.360" threads="0" lastid="0000000002690B00" lastname="Thread-48" />
</exclusive-start>
<allocation-taxation id="5788" taxation-threshold="111149056" timestamp="2019-08-11T05:40:03.483" intervalms="186.061" />
<cycle-start id="5789" type="partial gc" contextid="0" timestamp="2019-08-11T05:40:03.483" intervalms="184.651" />
<gc-start id="5790" type="partial gc" contextid="5789" timestamp="2019-08-11T05:40:03.484">
  <mem-info id="5791" free="140509184" total="419430400" percent="33">
    <mem type="eden" free="0" total="111149056" percent="0" />
    <remembered-set count="6688" freebytes="16741248" totalbytes="16768000" percent="99" regionsoverflowed="0" regionsstable="11" regionsrebuilding="0"/>
  </mem-info>
</gc-start>
<allocation-stats totalBytes="111035936" >
  <allocated-bytes non-tlh="49168" tlh="110986768" arrayletleaf="0"/>
  <largest-consumer threadName="Thread-44" threadId="00000000026DBD00" bytes="13142000" />
</allocation-stats>
<gc-op id="5792" type="copy forward" timems="40.244" contextid="5789" timestamp="2019-08-11T05:40:03.527">
  <memory-copied type="eden" objects="10009" bytes="3961808" bytesdiscarded="597208" />
  <memory-copied type="other" objects="18" bytes="784" bytesdiscarded="0" />
  <memory-cardclean objects="3220" bytes="149528" />
  <regions eden="53" other="3" />
  <remembered-set-cleared processed="759" cleared="144" durationms="0.713" />
  <stringconstants candidates="16242" cleared="0"  />
</gc-op>
<gc-op id="5793" type="classunload" timems="0.047" contextid="5789" timestamp="2019-08-11T05:40:03.528">
  <classunload-info classloadercandidates="69" classloadersunloaded="0" classesunloaded="0" anonymousclassesunloaded="0" quiescems="0.000" setupms="0.047" scanms="0.000" postms="0.000" />
</gc-op>
<heap-resize id="5794" type="expand" space="default" amount="10485760" count="1" timems="0.087" reason="excessive time being spent in gc" timestamp="2019-08-11T05:40:03.528" />
<gc-end id="5795" type="partial gc" contextid="5789" durationms="43.932" usertimems="48.726" systemtimems="36.132" timestamp="2019-08-11T05:40:03.528" activeThreads="16">
  <mem-info id="5796" free="257949696" total="429916160" percent="60">
    <mem type="eden" free="1732192" total="6291456" percent="27" />
    <remembered-set count="10144" freebytes="17146624" totalbytes="17187200" percent="99" regionsoverflowed="0" regionsstable="11" regionsrebuilding="0"/>
  </mem-info>
</gc-end>
<cycle-end id="5797" type="partial gc" contextid="5789" timestamp="2019-08-11T05:40:03.529" />
  <attribute name="elasticGC enabled" value="1" />
  <attribute name= "numThreadsSpecified" value="16" />
  <attribute name="heapSize specified" value="0" />
  <attribute name="Current GC Util" value="177" />
  <attribute name= "Current Time Running" value="185371" />
  <attribute name ="GC Interval" value="0" />
  <attribute name="ProportionalT" value="48.500000" />
  <attribute name="ProportionalI" value="48.500000" />
  <attribute name="ProportionalH" value="48.500000" />
  <attribute name="Current Error" value="97.000000" />
  <attribute name="IntegralT" value="97.000000" />
  <attribute name="IntegralI" value="97.000000" />
  <attribute name="IntegralH" value="97.000000" />
  <attribute name="DerivativeT" value="48.500000" />
  <attribute name="DerivativeI" value="48.500000" />
  <attribute name="DerivativeH" value="48.500000" />
  <attribute name="Loop Time for DT" value="2.000000" />
  <attribute name="Output H" value="8388608"/>
  <attribute name="Output I" value="200"/>
  <attribute name="Output T" value="16"/>
  <attribute name="Target GC Util Change" value ="80.000000" />
  <attribute name="Current GC Util Change" value="177.000000"/>
  <attribute name="GC Util currently" value="177" />
  <attribute name="CPU Util currently" value="731677223707" />
<exclusive-end id="5798" timestamp="2019-08-11T05:40:03.529" durationms="45.998" />

<exclusive-start id="5799" timestamp="2019-08-11T05:40:03.648" intervalms="164.870">
  <response-info timems="0.224" idlems="0.079" threads="2" lastid="0000000002685700" lastname="Thread-51" />
</exclusive-start>
<allocation-taxation id="5800" taxation-threshold="113246208" timestamp="2019-08-11T05:40:03.648" intervalms="164.876" />
<cycle-start id="5801" type="partial gc" contextid="0" timestamp="2019-08-11T05:40:03.648" intervalms="164.791" />
<gc-start id="5802" type="partial gc" contextid="5801" timestamp="2019-08-11T05:40:03.649">
  <mem-info id="5803" free="144703488" total="429916160" percent="33">
    <mem type="eden" free="0" total="113246208" percent="0" />
    <remembered-set count="9664" freebytes="17148544" totalbytes="17187200" percent="99" regionsoverflowed="0" regionsstable="11" regionsrebuilding="0"/>
  </mem-info>
</gc-start>
<allocation-stats totalBytes="113078520" >
  <allocated-bytes non-tlh="90152" tlh="112988368" arrayletleaf="0"/>
  <largest-consumer threadName="Thread-45" threadId="00000000026CCE00" bytes="11147648" />
</allocation-stats>
<gc-op id="5804" type="copy forward" timems="54.890" contextid="5801" timestamp="2019-08-11T05:40:03.705">
  <memory-copied type="eden" objects="8824" bytes="3511984" bytesdiscarded="568432" />
  <memory-copied type="other" objects="29" bytes="1120" bytesdiscarded="0" />
  <memory-cardclean objects="3228" bytes="150464" />
  <regions eden="54" other="4" />
  <remembered-set-cleared processed="756" cleared="143" durationms="0.185" />
  <references type="weak" candidates="1" cleared="0" enqueued="0" />
  <references type="phantom" candidates="4" cleared="0" enqueued="0" />
  <stringconstants candidates="16242" cleared="0"  />
</gc-op>
<gc-op id="5805" type="classunload" timems="0.051" contextid="5801" timestamp="2019-08-11T05:40:03.705">
  <classunload-info classloadercandidates="69" classloadersunloaded="0" classesunloaded="0" anonymousclassesunloaded="0" quiescems="0.000" setupms="0.050" scanms="0.000" postms="0.000" />
</gc-op>
<gc-end id="5806" type="partial gc" contextid="5801" durationms="56.869" usertimems="48.290" systemtimems="23.078" timestamp="2019-08-11T05:40:03.705" activeThreads="16">
  <mem-info id="5807" free="260046848" total="429916160" percent="60">
    <mem type="eden" free="113616" total="4194304" percent="2" />
    <remembered-set count="8032" freebytes="17155072" totalbytes="17187200" percent="99" regionsoverflowed="0" regionsstable="11" regionsrebuilding="0"/>
  </mem-info>
</gc-end>
<cycle-end id="5808" type="partial gc" contextid="5801" timestamp="2019-08-11T05:40:03.706" />
  <attribute name="elasticGC enabled" value="1" />
  <attribute name= "numThreadsSpecified" value="16" />
  <attribute name="heapSize specified" value="0" />
  <attribute name="Current GC Util" value="96" />
  <attribute name= "Current Time Running" value="185535" />
  <attribute name ="GC Interval" value="0" />
  <attribute name="ProportionalT" value="8.000000" />
  <attribute name="ProportionalI" value="8.000000" />
  <attribute name="ProportionalH" value="8.000000" />
  <attribute name="Current Error" value="16.000000" />
  <attribute name="IntegralT" value="8.000000" />
  <attribute name="IntegralI" value="8.000000" />
  <attribute name="IntegralH" value="8.000000" />
  <attribute name="DerivativeT" value="16.000000" />
  <attribute name="DerivativeI" value="16.000000" />
  <attribute name="DerivativeH" value="16.000000" />
  <attribute name="Loop Time for DT" value="1.000000" />
  <attribute name="Output H" value="8388608"/>
  <attribute name="Output I" value="200"/>
  <attribute name="Output T" value="16"/>
  <attribute name="Target GC Util Change" value ="80.000000" />
  <attribute name="Current GC Util Change" value="96.000000"/>
  <attribute name="GC Util currently" value="96" />
  <attribute name="CPU Util currently" value="1547765670497" />
<exclusive-end id="5809" timestamp="2019-08-11T05:40:03.706" durationms="57.545" />

<exclusive-start id="5810" timestamp="2019-08-11T05:40:03.779" intervalms="131.166">
  <response-info timems="0.235" idlems="0.235" threads="0" lastid="0000000002698300" lastname="Thread-49" />
</exclusive-start>
<allocation-taxation id="5811" taxation-threshold="113246208" timestamp="2019-08-11T05:40:03.779" intervalms="131.180" />
<cycle-start id="5812" type="partial gc" contextid="0" timestamp="2019-08-11T05:40:03.779" intervalms="131.153" />
<gc-start id="5813" type="partial gc" contextid="5812" timestamp="2019-08-11T05:40:03.780">
  <mem-info id="5814" free="146800640" total="429916160" percent="34">
    <mem type="eden" free="0" total="113246208" percent="0" />
    <remembered-set count="7584" freebytes="17156864" totalbytes="17187200" percent="99" regionsoverflowed="0" regionsstable="11" regionsrebuilding="0"/>
  </mem-info>
</gc-start>
<allocation-stats totalBytes="113106592" >
  <allocated-bytes non-tlh="16392" tlh="113090200" arrayletleaf="0"/>
  <largest-consumer threadName="Thread-40" threadId="00000000026B6600" bytes="11881184" />
</allocation-stats>
<gc-op id="5815" type="copy forward" timems="53.061" contextid="5812" timestamp="2019-08-11T05:40:03.834">
  <memory-copied type="eden" objects="9390" bytes="3739560" bytesdiscarded="623040" />
  <memory-copied type="other" objects="21" bytes="832" bytesdiscarded="0" />
  <memory-cardclean objects="3241" bytes="150400" />
  <regions eden="54" other="3" />
  <remembered-set-cleared processed="755" cleared="139" durationms="0.308" />
  <references type="weak" candidates="1" cleared="0" enqueued="0" />
  <references type="phantom" candidates="3" cleared="0" enqueued="0" />
  <stringconstants candidates="16242" cleared="0"  />
</gc-op>
<gc-op id="5816" type="classunload" timems="0.015" contextid="5812" timestamp="2019-08-11T05:40:03.834">
  <classunload-info classloadercandidates="69" classloadersunloaded="0" classesunloaded="0" anonymousclassesunloaded="0" quiescems="0.000" setupms="0.015" scanms="0.000" postms="0.000" />
</gc-op>
<heap-resize id="5817" type="expand" space="default" amount="6291456" count="1" timems="0.068" reason="excessive time being spent in gc" timestamp="2019-08-11T05:40:03.835" />
<gc-end id="5818" type="partial gc" contextid="5812" durationms="54.971" usertimems="27.809" systemtimems="17.192" timestamp="2019-08-11T05:40:03.835" activeThreads="16">
  <mem-info id="5819" free="262144000" total="436207616" percent="60">
    <mem type="eden" free="1928592" total="6291456" percent="30" />
    <remembered-set count="9568" freebytes="17400448" totalbytes="17438720" percent="99" regionsoverflowed="0" regionsstable="11" regionsrebuilding="0"/>
  </mem-info>
</gc-end>
<cycle-end id="5820" type="partial gc" contextid="5812" timestamp="2019-08-11T05:40:03.835" />
  <attribute name="elasticGC enabled" value="1" />
  <attribute name= "numThreadsSpecified" value="16" />
  <attribute name="heapSize specified" value="0" />
  <attribute name="Current GC Util" value="103" />
  <attribute name= "Current Time Running" value="185666" />
  <attribute name ="GC Interval" value="0" />
  <attribute name="ProportionalT" value="11.500000" />
  <attribute name="ProportionalI" value="11.500000" />
  <attribute name="ProportionalH" value="11.500000" />
  <attribute name="Current Error" value="23.000000" />
  <attribute name="IntegralT" value="11.500000" />
  <attribute name="IntegralI" value="11.500000" />
  <attribute name="IntegralH" value="11.500000" />
  <attribute name="DerivativeT" value="23.000000" />
  <attribute name="DerivativeI" value="23.000000" />
  <attribute name="DerivativeH" value="23.000000" />
  <attribute name="Loop Time for DT" value="1.000000" />
  <attribute name="Output H" value="8388608"/>
  <attribute name="Output I" value="200"/>
  <attribute name="Output T" value="16"/>
  <attribute name="Target GC Util Change" value ="80.000000" />
  <attribute name="Current GC Util Change" value="103.000000"/>
  <attribute name="GC Util currently" value="103" />
  <attribute name="CPU Util currently" value="1283420879484" />
<exclusive-end id="5821" timestamp="2019-08-11T05:40:03.835" durationms="55.872" />

<exclusive-start id="5822" timestamp="2019-08-11T05:40:03.974" intervalms="194.667">
  <response-info timems="5.388" idlems="2.386" threads="4" lastid="00000000026C5600" lastname="Thread-41" />
</exclusive-start>
<allocation-taxation id="5823" taxation-threshold="115343360" timestamp="2019-08-11T05:40:03.974" intervalms="194.661" />
<cycle-start id="5824" type="partial gc" contextid="0" timestamp="2019-08-11T05:40:03.974" intervalms="194.662" />
<gc-start id="5825" type="partial gc" contextid="5824" timestamp="2019-08-11T05:40:03.974">
  <mem-info id="5826" free="146800640" total="436207616" percent="33">
    <mem type="eden" free="0" total="115343360" percent="0" />
    <remembered-set count="9184" freebytes="17401984" totalbytes="17438720" percent="99" regionsoverflowed="0" regionsstable="11" regionsrebuilding="0"/>
  </mem-info>
</gc-start>
<allocation-stats totalBytes="115216464" >
  <allocated-bytes non-tlh="49168" tlh="115167296" arrayletleaf="0"/>
  <largest-consumer threadName="Thread-37" threadId="00000000026E7100" bytes="13005552" />
</allocation-stats>
<gc-op id="5827" type="copy forward" timems="62.800" contextid="5824" timestamp="2019-08-11T05:40:04.046">
  <memory-copied type="eden" objects="9923" bytes="3897096" bytesdiscarded="325944" />
  <memory-copied type="other" objects="35" bytes="1552" bytesdiscarded="0" />
  <memory-cardclean objects="3231" bytes="150336" />
  <regions eden="55" other="4" />
  <remembered-set-cleared processed="760" cleared="145" durationms="5.819" />
  <references type="phantom" candidates="1" cleared="0" enqueued="0" />
  <stringconstants candidates="16242" cleared="0"  />
</gc-op>
<gc-op id="5828" type="classunload" timems="0.015" contextid="5824" timestamp="2019-08-11T05:40:04.046">
  <classunload-info classloadercandidates="69" classloadersunloaded="0" classesunloaded="0" anonymousclassesunloaded="0" quiescems="0.000" setupms="0.015" scanms="0.000" postms="0.000" />
</gc-op>
<heap-resize id="5829" type="expand" space="default" amount="4194304" count="1" timems="0.060" reason="excessive time being spent in gc" timestamp="2019-08-11T05:40:04.047" />
<gc-end id="5830" type="partial gc" contextid="5824" durationms="72.722" usertimems="83.148" systemtimems="51.856" timestamp="2019-08-11T05:40:04.047" activeThreads="16">
  <mem-info id="5831" free="264241152" total="440401920" percent="60">
    <mem type="eden" free="2068152" total="6291456" percent="32" />
    <remembered-set count="8000" freebytes="17574400" totalbytes="17606400" percent="99" regionsoverflowed="0" regionsstable="11" regionsrebuilding="0"/>
  </mem-info>
</gc-end>
<cycle-end id="5832" type="partial gc" contextid="5824" timestamp="2019-08-11T05:40:04.047" />
  <attribute name="elasticGC enabled" value="1" />
  <attribute name= "numThreadsSpecified" value="16" />
  <attribute name="heapSize specified" value="0" />
  <attribute name="Current GC Util" value="15" />
  <attribute name= "Current Time Running" value="185870" />
  <attribute name ="GC Interval" value="0" />
  <attribute name="ProportionalT" value="-32.500000" />
  <attribute name="ProportionalI" value="-32.500000" />
  <attribute name="ProportionalH" value="-32.500000" />
  <attribute name="Current Error" value="-65.000000" />
  <attribute name="IntegralT" value="-357.500000" />
  <attribute name="IntegralI" value="-357.500000" />
  <attribute name="IntegralH" value="-357.500000" />
  <attribute name="DerivativeT" value="-5.909091" />
  <attribute name="DerivativeI" value="-5.909091" />
  <attribute name="DerivativeH" value="-5.909091" />
  <attribute name="Loop Time for DT" value="11.000000" />
  <attribute name="Output H" value="4202627072"/>
  <attribute name="Output I" value="200"/>
  <attribute name="Output T" value="16"/>
  <attribute name="Target GC Util Change" value ="80.000000" />
  <attribute name="Current GC Util Change" value="15.000000"/>
  <attribute name="GC Util currently" value="15" />
  <attribute name="CPU Util currently" value="115174439371" />
<exclusive-end id="5833" timestamp="2019-08-11T05:40:04.048" durationms="73.593" />

<exclusive-start id="5834" timestamp="2019-08-11T05:40:04.334" intervalms="360.414">
  <response-info timems="0.504" idlems="0.504" threads="0" lastid="000000000269BF00" lastname="Thread-50" />
</exclusive-start>
<allocation-taxation id="5835" taxation-threshold="117440512" timestamp="2019-08-11T05:40:04.334" intervalms="360.417" />
<cycle-start id="5836" type="partial gc" contextid="0" timestamp="2019-08-11T05:40:04.335" intervalms="360.413" />
<gc-start id="5837" type="partial gc" contextid="5836" timestamp="2019-08-11T05:40:04.335">
  <mem-info id="5838" free="146800640" total="440401920" percent="33">
    <mem type="eden" free="0" total="117440512" percent="0" />
    <remembered-set count="7712" freebytes="17575552" totalbytes="17606400" percent="99" regionsoverflowed="0" regionsstable="11" regionsrebuilding="0"/>
  </mem-info>
</gc-start>
<allocation-stats totalBytes="117185304" >
  <allocated-bytes non-tlh="73760" tlh="117111544" arrayletleaf="0"/>
  <largest-consumer threadName="Thread-44" threadId="00000000026DBD00" bytes="10901320" />
</allocation-stats>
<gc-op id="5839" type="copy forward" timems="26.076" contextid="5836" timestamp="2019-08-11T05:40:04.363">
  <memory-copied type="eden" objects="9488" bytes="3805384" bytesdiscarded="581160" />
  <memory-copied type="other" objects="21" bytes="824" bytesdiscarded="0" />
  <memory-cardclean objects="3219" bytes="149416" />
  <regions eden="56" other="4" />
  <remembered-set-cleared processed="758" cleared="142" durationms="0.248" />
  <references type="phantom" candidates="5" cleared="0" enqueued="0" />
  <stringconstants candidates="16242" cleared="0"  />
</gc-op>
<gc-op id="5840" type="classunload" timems="0.015" contextid="5836" timestamp="2019-08-11T05:40:04.363">
  <classunload-info classloadercandidates="69" classloadersunloaded="0" classesunloaded="0" anonymousclassesunloaded="0" quiescems="0.000" setupms="0.015" scanms="0.000" postms="0.000" />
</gc-op>
<heap-resize id="5841" type="expand" space="default" amount="10485760" count="1" timems="0.088" reason="excessive time being spent in gc" timestamp="2019-08-11T05:40:04.363" />
<gc-end id="5842" type="partial gc" contextid="5836" durationms="28.263" usertimems="13.170" systemtimems="15.135" timestamp="2019-08-11T05:40:04.363" activeThreads="16">
  <mem-info id="5843" free="270532608" total="450887680" percent="60">
    <mem type="eden" free="4001768" total="8388608" percent="47" />
    <remembered-set count="7520" freebytes="17995520" totalbytes="18025600" percent="99" regionsoverflowed="0" regionsstable="11" regionsrebuilding="0"/>
  </mem-info>
</gc-end>
<cycle-end id="5844" type="partial gc" contextid="5836" timestamp="2019-08-11T05:40:04.363" />
  <attribute name="elasticGC enabled" value="1" />
  <attribute name= "numThreadsSpecified" value="16" />
  <attribute name="heapSize specified" value="0" />
  <attribute name="Current GC Util" value="128" />
  <attribute name= "Current Time Running" value="186221" />
  <attribute name ="GC Interval" value="0" />
  <attribute name="ProportionalT" value="24.000000" />
  <attribute name="ProportionalI" value="24.000000" />
  <attribute name="ProportionalH" value="24.000000" />
  <attribute name="Current Error" value="48.000000" />
  <attribute name="IntegralT" value="24.000000" />
  <attribute name="IntegralI" value="24.000000" />
  <attribute name="IntegralH" value="24.000000" />
  <attribute name="DerivativeT" value="48.000000" />
  <attribute name="DerivativeI" value="48.000000" />
  <attribute name="DerivativeH" value="48.000000" />
  <attribute name="Loop Time for DT" value="1.000000" />
  <attribute name="Output H" value="8388608"/>
  <attribute name="Output I" value="200"/>
  <attribute name="Output T" value="16"/>
  <attribute name="Target GC Util Change" value ="80.000000" />
  <attribute name="Current GC Util Change" value="128.000000"/>
  <attribute name="GC Util currently" value="128" />
  <attribute name="CPU Util currently" value="1009043820078" />
<exclusive-end id="5845" timestamp="2019-08-11T05:40:04.364" durationms="29.379" />

<exclusive-start id="5846" timestamp="2019-08-11T05:40:04.471" intervalms="136.530">
  <response-info timems="13.913" idlems="8.820" threads="3" lastid="00000000026E3500" lastname="Thread-46" />
</exclusive-start>
<allocation-taxation id="5847" taxation-threshold="119537664" timestamp="2019-08-11T05:40:04.471" intervalms="136.559" />
<cycle-start id="5848" type="partial gc" contextid="0" timestamp="2019-08-11T05:40:04.471" intervalms="136.645" />
<gc-start id="5849" type="partial gc" contextid="5848" timestamp="2019-08-11T05:40:04.471">
  <mem-info id="5850" free="150994944" total="450887680" percent="33">
    <mem type="eden" free="0" total="119537664" percent="0" />
    <remembered-set count="7232" freebytes="17996672" totalbytes="18025600" percent="99" regionsoverflowed="0" regionsstable="11" regionsrebuilding="0"/>
  </mem-info>
</gc-start>
<allocation-stats totalBytes="119256312" >
  <allocated-bytes non-tlh="65568" tlh="119190744" arrayletleaf="0"/>
  <largest-consumer threadName="Thread-37" threadId="00000000026E7100" bytes="13621392" />
</allocation-stats>
<gc-op id="5851" type="copy forward" timems="57.175" contextid="5848" timestamp="2019-08-11T05:40:04.531">
  <memory-copied type="eden" objects="9040" bytes="3811176" bytesdiscarded="349200" />
  <memory-copied type="other" objects="24" bytes="864" bytesdiscarded="0" />
  <memory-cardclean objects="3213" bytes="148792" />
  <regions eden="57" other="5" />
  <remembered-set-cleared processed="757" cleared="141" durationms="1.194" />
  <references type="phantom" candidates="3" cleared="0" enqueued="0" />
  <stringconstants candidates="16242" cleared="0"  />
</gc-op>
<gc-op id="5852" type="classunload" timems="0.020" contextid="5848" timestamp="2019-08-11T05:40:04.531">
  <classunload-info classloadercandidates="69" classloadersunloaded="0" classesunloaded="0" anonymousclassesunloaded="0" quiescems="0.000" setupms="0.020" scanms="0.000" postms="0.000" />
</gc-op>
<gc-end id="5853" type="partial gc" contextid="5848" durationms="59.772" usertimems="82.219" systemtimems="19.446" timestamp="2019-08-11T05:40:04.531" activeThreads="16">
  <mem-info id="5854" free="272629760" total="450887680" percent="60">
    <mem type="eden" free="33648" total="4194304" percent="0" />
    <remembered-set count="6496" freebytes="17999616" totalbytes="18025600" percent="99" regionsoverflowed="0" regionsstable="11" regionsrebuilding="0"/>
  </mem-info>
</gc-end>
<cycle-end id="5855" type="partial gc" contextid="5848" timestamp="2019-08-11T05:40:04.531" />
  <attribute name="elasticGC enabled" value="1" />
  <attribute name= "numThreadsSpecified" value="16" />
  <attribute name="heapSize specified" value="0" />
  <attribute name="Current GC Util" value="33" />
  <attribute name= "Current Time Running" value="186358" />
  <attribute name ="GC Interval" value="0" />
  <attribute name="ProportionalT" value="-23.500000" />
  <attribute name="ProportionalI" value="-23.500000" />
  <attribute name="ProportionalH" value="-23.500000" />
  <attribute name="Current Error" value="-47.000000" />
  <attribute name="IntegralT" value="-23.500000" />
  <attribute name="IntegralI" value="-23.500000" />
  <attribute name="IntegralH" value="-23.500000" />
  <attribute name="DerivativeT" value="-47.000000" />
  <attribute name="DerivativeI" value="-47.000000" />
  <attribute name="DerivativeH" value="-47.000000" />
  <attribute name="Loop Time for DT" value="1.000000" />
  <attribute name="Output H" value="4202627072"/>
  <attribute name="Output I" value="200"/>
  <attribute name="Output T" value="16"/>
  <attribute name="Target GC Util Change" value ="80.000000" />
  <attribute name="Current GC Util Change" value="33.000000"/>
  <attribute name="GC Util currently" value="33" />
  <attribute name="CPU Util currently" value="710423454892" />
<exclusive-end id="5856" timestamp="2019-08-11T05:40:04.532" durationms="61.061" />

<exclusive-start id="5857" timestamp="2019-08-11T05:40:04.614" intervalms="143.318">
  <response-info timems="2.248" idlems="1.891" threads="2" lastid="000000000269BF00" lastname="Thread-50" />
</exclusive-start>
<allocation-taxation id="5858" taxation-threshold="119537664" timestamp="2019-08-11T05:40:04.614" intervalms="143.279" />
<cycle-start id="5859" type="partial gc" contextid="0" timestamp="2019-08-11T05:40:04.614" intervalms="143.230" />
<gc-start id="5860" type="partial gc" contextid="5859" timestamp="2019-08-11T05:40:04.616">
  <mem-info id="5861" free="153092096" total="450887680" percent="33">
    <mem type="eden" free="0" total="119537664" percent="0" />
    <remembered-set count="6176" freebytes="18000896" totalbytes="18025600" percent="99" regionsoverflowed="0" regionsstable="11" regionsrebuilding="0"/>
  </mem-info>
</gc-start>
<allocation-stats totalBytes="119381992" >
  <allocated-bytes non-tlh="65560" tlh="119316432" arrayletleaf="0"/>
  <largest-consumer threadName="Thread-52" threadId="00000000026A7200" bytes="11882968" />
</allocation-stats>
<gc-op id="5862" type="copy forward" timems="11.624" contextid="5859" timestamp="2019-08-11T05:40:04.629">
  <memory-copied type="eden" objects="9466" bytes="3754168" bytesdiscarded="479256" />
  <memory-copied type="other" objects="12" bytes="432" bytesdiscarded="0" />
  <memory-cardclean objects="3244" bytes="150232" />
  <regions eden="57" other="3" />
  <remembered-set-cleared processed="766" cleared="152" durationms="0.565" />
  <references type="weak" candidates="2" cleared="0" enqueued="0" />
  <references type="phantom" candidates="4" cleared="0" enqueued="0" />
  <stringconstants candidates="16242" cleared="0"  />
</gc-op>
<gc-op id="5863" type="classunload" timems="0.012" contextid="5859" timestamp="2019-08-11T05:40:04.630">
  <classunload-info classloadercandidates="69" classloadersunloaded="0" classesunloaded="0" anonymousclassesunloaded="0" quiescems="0.000" setupms="0.011" scanms="0.000" postms="0.000" />
</gc-op>
<heap-resize id="5864" type="expand" space="default" amount="6291456" count="1" timems="0.090" reason="excessive time being spent in gc" timestamp="2019-08-11T05:40:04.630" />
<gc-end id="5865" type="partial gc" contextid="5859" durationms="13.721" usertimems="37.813" systemtimems="2.194" timestamp="2019-08-11T05:40:04.630" activeThreads="16">
  <mem-info id="5866" free="274726912" total="457179136" percent="60">
    <mem type="eden" free="2057768" total="6291456" percent="32" />
    <remembered-set count="8000" freebytes="18245120" totalbytes="18277120" percent="99" regionsoverflowed="0" regionsstable="11" regionsrebuilding="0"/>
  </mem-info>
</gc-end>
<cycle-end id="5867" type="partial gc" contextid="5859" timestamp="2019-08-11T05:40:04.630" />
  <attribute name="elasticGC enabled" value="1" />
  <attribute name= "numThreadsSpecified" value="16" />
  <attribute name="heapSize specified" value="0" />
  <attribute name="Current GC Util" value="176" />
  <attribute name= "Current Time Running" value="186503" />
  <attribute name ="GC Interval" value="0" />
  <attribute name="ProportionalT" value="48.000000" />
  <attribute name="ProportionalI" value="48.000000" />
  <attribute name="ProportionalH" value="48.000000" />
  <attribute name="Current Error" value="96.000000" />
  <attribute name="IntegralT" value="48.000000" />
  <attribute name="IntegralI" value="48.000000" />
  <attribute name="IntegralH" value="48.000000" />
  <attribute name="DerivativeT" value="96.000000" />
  <attribute name="DerivativeI" value="96.000000" />
  <attribute name="DerivativeH" value="96.000000" />
  <attribute name="Loop Time for DT" value="1.000000" />
  <attribute name="Output H" value="8388608"/>
  <attribute name="Output I" value="200"/>
  <attribute name="Output T" value="16"/>
  <attribute name="Target GC Util Change" value ="80.000000" />
  <attribute name="Current GC Util Change" value="176.000000"/>
  <attribute name="GC Util currently" value="176" />
  <attribute name="CPU Util currently" value="1936976530798" />
<exclusive-end id="5868" timestamp="2019-08-11T05:40:04.630" durationms="16.044" />

<exclusive-start id="5869" timestamp="2019-08-11T05:40:04.772" intervalms="157.986">
  <response-info timems="14.675" idlems="11.500" threads="9" lastid="00000000026E3500" lastname="Thread-46" />
</exclusive-start>
<allocation-taxation id="5870" taxation-threshold="121634816" timestamp="2019-08-11T05:40:04.772" intervalms="157.994" />
<cycle-start id="5871" type="partial gc" contextid="0" timestamp="2019-08-11T05:40:04.772" intervalms="157.993" />
<gc-start id="5872" type="partial gc" contextid="5871" timestamp="2019-08-11T05:40:04.773">
  <mem-info id="5873" free="153092096" total="457179136" percent="33">
    <mem type="eden" free="0" total="121634816" percent="0" />
    <remembered-set count="7808" freebytes="18245888" totalbytes="18277120" percent="99" regionsoverflowed="0" regionsstable="11" regionsrebuilding="0"/>
  </mem-info>
</gc-start>
<allocation-stats totalBytes="121453920" >
  <allocated-bytes non-tlh="0" tlh="121453920" arrayletleaf="0"/>
  <largest-consumer threadName="Thread-51" threadId="0000000002685700" bytes="13960656" />
</allocation-stats>
<gc-op id="5874" type="copy forward" timems="15.749" contextid="5871" timestamp="2019-08-11T05:40:04.790">
  <memory-copied type="eden" objects="9187" bytes="3637920" bytesdiscarded="506880" />
  <memory-copied type="other" objects="20" bytes="720" bytesdiscarded="0" />
  <memory-cardclean objects="3245" bytes="150072" />
  <regions eden="58" other="4" />
  <remembered-set-cleared processed="774" cleared="158" durationms="0.586" />
  <references type="phantom" candidates="4" cleared="0" enqueued="0" />
  <stringconstants candidates="16242" cleared="0"  />
</gc-op>
<gc-op id="5875" type="classunload" timems="0.014" contextid="5871" timestamp="2019-08-11T05:40:04.790">
  <classunload-info classloadercandidates="69" classloadersunloaded="0" classesunloaded="0" anonymousclassesunloaded="0" quiescems="0.000" setupms="0.013" scanms="0.000" postms="0.000" />
</gc-op>
<gc-end id="5876" type="partial gc" contextid="5871" durationms="17.586" usertimems="28.361" systemtimems="13.058" timestamp="2019-08-11T05:40:04.791" activeThreads="16">
  <mem-info id="5877" free="274726912" total="457179136" percent="60">
    <mem type="eden" free="2146384" total="6291456" percent="34" />
    <remembered-set count="8096" freebytes="18244736" totalbytes="18277120" percent="99" regionsoverflowed="0" regionsstable="11" regionsrebuilding="0"/>
  </mem-info>
</gc-end>
<cycle-end id="5878" type="partial gc" contextid="5871" timestamp="2019-08-11T05:40:04.791" />
  <attribute name="elasticGC enabled" value="1" />
  <attribute name= "numThreadsSpecified" value="16" />
  <attribute name="heapSize specified" value="0" />
  <attribute name="Current GC Util" value="59" />
  <attribute name= "Current Time Running" value="186659" />
  <attribute name ="GC Interval" value="0" />
  <attribute name="ProportionalT" value="-10.500000" />
  <attribute name="ProportionalI" value="-10.500000" />
  <attribute name="ProportionalH" value="-10.500000" />
  <attribute name="Current Error" value="-21.000000" />
  <attribute name="IntegralT" value="-10.500000" />
  <attribute name="IntegralI" value="-10.500000" />
  <attribute name="IntegralH" value="-10.500000" />
  <attribute name="DerivativeT" value="-21.000000" />
  <attribute name="DerivativeI" value="-21.000000" />
  <attribute name="DerivativeH" value="-21.000000" />
  <attribute name="Loop Time for DT" value="1.000000" />
  <attribute name="Output H" value="4202627072"/>
  <attribute name="Output I" value="200"/>
  <attribute name="Output T" value="16"/>
  <attribute name="Target GC Util Change" value ="80.000000" />
  <attribute name="Current GC Util Change" value="59.000000"/>
  <attribute name="GC Util currently" value="59" />
  <attribute name="CPU Util currently" value="1021759158240" />
<exclusive-end id="5879" timestamp="2019-08-11T05:40:04.791" durationms="18.771" />

<exclusive-start id="5880" timestamp="2019-08-11T05:40:04.877" intervalms="104.406">
  <response-info timems="1.385" idlems="1.385" threads="0" lastid="0000000002698300" lastname="Thread-49" />
</exclusive-start>
<allocation-taxation id="5881" taxation-threshold="121634816" timestamp="2019-08-11T05:40:04.877" intervalms="104.414" />
<cycle-start id="5882" type="partial gc" contextid="0" timestamp="2019-08-11T05:40:04.878" intervalms="105.576" />
<gc-start id="5883" type="partial gc" contextid="5882" timestamp="2019-08-11T05:40:04.879">
  <mem-info id="5884" free="153092096" total="457179136" percent="33">
    <mem type="eden" free="0" total="121634816" percent="0" />
    <remembered-set count="7808" freebytes="18245888" totalbytes="18277120" percent="99" regionsoverflowed="0" regionsstable="11" regionsrebuilding="0"/>
  </mem-info>
</gc-start>
<allocation-stats totalBytes="121418528" >
  <allocated-bytes non-tlh="81952" tlh="121336576" arrayletleaf="0"/>
  <largest-consumer threadName="Thread-45" threadId="00000000026CCE00" bytes="12092976" />
</allocation-stats>
<gc-op id="5885" type="copy forward" timems="18.131" contextid="5882" timestamp="2019-08-11T05:40:04.912">
  <memory-copied type="eden" objects="9571" bytes="3805144" bytesdiscarded="539912" />
  <memory-copied type="other" objects="26" bytes="1088" bytesdiscarded="0" />
  <memory-cardclean objects="3235" bytes="150232" />
  <regions eden="58" other="4" />
  <remembered-set-cleared processed="760" cleared="143" durationms="0.311" />
  <references type="weak" candidates="1" cleared="0" enqueued="0" />
  <references type="phantom" candidates="5" cleared="0" enqueued="0" />
  <stringconstants candidates="16242" cleared="0"  />
</gc-op>
<gc-op id="5886" type="classunload" timems="0.012" contextid="5882" timestamp="2019-08-11T05:40:04.912">
  <classunload-info classloadercandidates="69" classloadersunloaded="0" classesunloaded="0" anonymousclassesunloaded="0" quiescems="0.000" setupms="0.012" scanms="0.000" postms="0.000" />
</gc-op>
<heap-resize id="5887" type="expand" space="default" amount="4194304" count="1" timems="0.055" reason="excessive time being spent in gc" timestamp="2019-08-11T05:40:04.912" />
<gc-end id="5888" type="partial gc" contextid="5882" durationms="33.106" usertimems="23.819" systemtimems="17.567" timestamp="2019-08-11T05:40:04.912" activeThreads="16">
  <mem-info id="5889" free="276824064" total="461373440" percent="60">
    <mem type="eden" free="1946112" total="6291456" percent="30" />
    <remembered-set count="7104" freebytes="18416384" totalbytes="18444800" percent="99" regionsoverflowed="0" regionsstable="11" regionsrebuilding="0"/>
  </mem-info>
</gc-end>
<cycle-end id="5890" type="partial gc" contextid="5882" timestamp="2019-08-11T05:40:04.913" />
  <attribute name="elasticGC enabled" value="1" />
  <attribute name= "numThreadsSpecified" value="16" />
  <attribute name="heapSize specified" value="0" />
  <attribute name="Current GC Util" value="9" />
  <attribute name= "Current Time Running" value="186779" />
  <attribute name ="GC Interval" value="0" />
  <attribute name="ProportionalT" value="-35.500000" />
  <attribute name="ProportionalI" value="-35.500000" />
  <attribute name="ProportionalH" value="-35.500000" />
  <attribute name="Current Error" value="-71.000000" />
  <attribute name="IntegralT" value="-319.500000" />
  <attribute name="IntegralI" value="-319.500000" />
  <attribute name="IntegralH" value="-319.500000" />
  <attribute name="DerivativeT" value="-7.888889" />
  <attribute name="DerivativeI" value="-7.888889" />
  <attribute name="DerivativeH" value="-7.888889" />
  <attribute name="Loop Time for DT" value="9.000000" />
  <attribute name="Output H" value="4202627072"/>
  <attribute name="Output I" value="200"/>
  <attribute name="Output T" value="16"/>
  <attribute name="Target GC Util Change" value ="80.000000" />
  <attribute name="Current GC Util Change" value="9.000000"/>
  <attribute name="GC Util currently" value="9" />
  <attribute name="CPU Util currently" value="127594123359" />
<exclusive-end id="5891" timestamp="2019-08-11T05:40:04.913" durationms="36.339" />

<exclusive-start id="5892" timestamp="2019-08-11T05:40:05.129" intervalms="252.471">
  <response-info timems="1.085" idlems="0.892" threads="10" lastid="0000000002690B00" lastname="Thread-48" />
</exclusive-start>
<allocation-taxation id="5893" taxation-threshold="121634816" timestamp="2019-08-11T05:40:05.129" intervalms="252.478" />
<cycle-start id="5894" type="partial gc" contextid="0" timestamp="2019-08-11T05:40:05.129" intervalms="251.295" />
<gc-start id="5895" type="partial gc" contextid="5894" timestamp="2019-08-11T05:40:05.130">
  <mem-info id="5896" free="155189248" total="461373440" percent="33">
    <mem type="eden" free="0" total="121634816" percent="0" />
    <remembered-set count="6784" freebytes="18417664" totalbytes="18444800" percent="99" regionsoverflowed="0" regionsstable="11" regionsrebuilding="0"/>
  </mem-info>
</gc-start>
<allocation-stats totalBytes="121304840" >
  <allocated-bytes non-tlh="16392" tlh="121288448" arrayletleaf="0"/>
  <largest-consumer threadName="Thread-42" threadId="00000000026C1A00" bytes="15952088" />
</allocation-stats>
<gc-op id="5897" type="copy forward" timems="7.981" contextid="5894" timestamp="2019-08-11T05:40:05.139">
  <memory-copied type="eden" objects="9799" bytes="3791400" bytesdiscarded="80" />
  <memory-copied type="other" objects="30" bytes="1232" bytesdiscarded="0" />
  <memory-cardclean objects="3221" bytes="149160" />
  <regions eden="58" other="4" />
  <remembered-set-cleared processed="765" cleared="148" durationms="0.514" />
  <references type="phantom" candidates="1" cleared="0" enqueued="0" />
  <stringconstants candidates="16242" cleared="0"  />
</gc-op>
<gc-op id="5898" type="classunload" timems="0.011" contextid="5894" timestamp="2019-08-11T05:40:05.139">
  <classunload-info classloadercandidates="69" classloadersunloaded="0" classesunloaded="0" anonymousclassesunloaded="0" quiescems="0.000" setupms="0.011" scanms="0.000" postms="0.000" />
</gc-op>
<gc-end id="5899" type="partial gc" contextid="5894" durationms="9.375" usertimems="19.246" systemtimems="0.000" timestamp="2019-08-11T05:40:05.139" activeThreads="1">
  <mem-info id="5900" free="276824064" total="461373440" percent="60">
    <mem type="eden" free="402560" total="4194304" percent="9" />
    <remembered-set count="6528" freebytes="18418688" totalbytes="18444800" percent="99" regionsoverflowed="0" regionsstable="11" regionsrebuilding="0"/>
  </mem-info>
</gc-end>
<cycle-end id="5901" type="partial gc" contextid="5894" timestamp="2019-08-11T05:40:05.139" />
  <attribute name="elasticGC enabled" value="1" />
  <attribute name= "numThreadsSpecified" value="1" />
  <attribute name="heapSize specified" value="0" />
  <attribute name="Current GC Util" value="93" />
  <attribute name= "Current Time Running" value="187015" />
  <attribute name ="GC Interval" value="0" />
  <attribute name="ProportionalT" value="6.500000" />
  <attribute name="ProportionalI" value="6.500000" />
  <attribute name="ProportionalH" value="6.500000" />
  <attribute name="Current Error" value="13.000000" />
  <attribute name="IntegralT" value="0.000000" />
  <attribute name="IntegralI" value="0.000000" />
  <attribute name="IntegralH" value="0.000000" />
  <attribute name="DerivativeT" value="inf" />
  <attribute name="DerivativeI" value="inf" />
  <attribute name="DerivativeH" value="inf" />
  <attribute name="Loop Time for DT" value="0.000000" />
  <attribute name="Output H" value="8388608"/>
  <attribute name="Output I" value="200"/>
  <attribute name="Output T" value="1"/>
  <attribute name="Target GC Util Change" value ="80.000000" />
  <attribute name="Current GC Util Change" value="93.000000"/>
  <attribute name="GC Util currently" value="93" />
  <attribute name="CPU Util currently" value="1729363015870" />
<exclusive-end id="5902" timestamp="2019-08-11T05:40:05.139" durationms="10.107" />

<exclusive-start id="5903" timestamp="2019-08-11T05:40:05.245" intervalms="115.904">
  <response-info timems="0.364" idlems="0.364" threads="0" lastid="00000000026D8200" lastname="Thread-38" />
</exclusive-start>
<allocation-taxation id="5904" taxation-threshold="121634816" timestamp="2019-08-11T05:40:05.245" intervalms="115.900" />
<cycle-start id="5905" type="partial gc" contextid="0" timestamp="2019-08-11T05:40:05.245" intervalms="115.893" />
<gc-start id="5906" type="partial gc" contextid="5905" timestamp="2019-08-11T05:40:05.245">
  <mem-info id="5907" free="155189248" total="461373440" percent="33">
    <mem type="eden" free="0" total="121634816" percent="0" />
    <remembered-set count="6528" freebytes="18418688" totalbytes="18444800" percent="99" regionsoverflowed="0" regionsstable="11" regionsrebuilding="0"/>
  </mem-info>
</gc-start>
<allocation-stats totalBytes="121478400" >
  <allocated-bytes non-tlh="16392" tlh="121462008" arrayletleaf="0"/>
  <largest-consumer threadName="Thread-39" threadId="00000000026C9200" bytes="14640232" />
</allocation-stats>
<gc-op id="5908" type="copy forward" timems="24.032" contextid="5905" timestamp="2019-08-11T05:40:05.273">
  <memory-copied type="eden" objects="9726" bytes="3809184" bytesdiscarded="515792" />
  <memory-copied type="other" objects="24" bytes="864" bytesdiscarded="0" />
  <memory-cardclean objects="3235" bytes="150048" />
  <regions eden="58" other="3" />
  <remembered-set-cleared processed="764" cleared="146" durationms="2.528" />
  <references type="phantom" candidates="2" cleared="0" enqueued="0" />
  <stringconstants candidates="16242" cleared="0"  />
</gc-op>
<gc-op id="5909" type="classunload" timems="0.014" contextid="5905" timestamp="2019-08-11T05:40:05.273">
  <classunload-info classloadercandidates="69" classloadersunloaded="0" classesunloaded="0" anonymousclassesunloaded="0" quiescems="0.000" setupms="0.014" scanms="0.000" postms="0.000" />
</gc-op>
<heap-resize id="5910" type="expand" space="default" amount="10485760" count="1" timems="0.070" reason="excessive time being spent in gc" timestamp="2019-08-11T05:40:05.274" />
<gc-end id="5911" type="partial gc" contextid="5905" durationms="28.238" usertimems="42.607" systemtimems="12.537" timestamp="2019-08-11T05:40:05.274" activeThreads="16">
  <mem-info id="5912" free="283115520" total="471859200" percent="60">
    <mem type="eden" free="1966216" total="6291456" percent="31" />
    <remembered-set count="10176" freebytes="18823296" totalbytes="18864000" percent="99" regionsoverflowed="0" regionsstable="11" regionsrebuilding="0"/>
  </mem-info>
</gc-end>
<cycle-end id="5913" type="partial gc" contextid="5905" timestamp="2019-08-11T05:40:05.274" />
  <attribute name="elasticGC enabled" value="1" />
  <attribute name= "numThreadsSpecified" value="16" />
  <attribute name="heapSize specified" value="0" />
  <attribute name="Current GC Util" value="96" />
  <attribute name= "Current Time Running" value="187134" />
  <attribute name ="GC Interval" value="0" />
  <attribute name="ProportionalT" value="8.000000" />
  <attribute name="ProportionalI" value="8.000000" />
  <attribute name="ProportionalH" value="8.000000" />
  <attribute name="Current Error" value="16.000000" />
  <attribute name="IntegralT" value="16.000000" />
  <attribute name="IntegralI" value="16.000000" />
  <attribute name="IntegralH" value="16.000000" />
  <attribute name="DerivativeT" value="8.000000" />
  <attribute name="DerivativeI" value="8.000000" />
  <attribute name="DerivativeH" value="8.000000" />
  <attribute name="Loop Time for DT" value="2.000000" />
  <attribute name="Output H" value="8388608"/>
  <attribute name="Output I" value="200"/>
  <attribute name="Output T" value="16"/>
  <attribute name="Target GC Util Change" value ="80.000000" />
  <attribute name="Current GC Util Change" value="96.000000"/>
  <attribute name="GC Util currently" value="96" />
  <attribute name="CPU Util currently" value="495423299652" />
<exclusive-end id="5914" timestamp="2019-08-11T05:40:05.274" durationms="28.956" />

<exclusive-start id="5915" timestamp="2019-08-11T05:40:05.513" intervalms="268.489">
  <response-info timems="0.086" idlems="0.086" threads="0" lastid="00000000026C9200" lastname="Thread-39" />
</exclusive-start>
<allocation-taxation id="5916" taxation-threshold="123731968" timestamp="2019-08-11T05:40:05.514" intervalms="268.496" />
<cycle-start id="5917" type="partial gc" contextid="0" timestamp="2019-08-11T05:40:05.514" intervalms="268.578" />
<gc-start id="5918" type="partial gc" contextid="5917" timestamp="2019-08-11T05:40:05.514">
  <mem-info id="5919" free="159383552" total="471859200" percent="33">
    <mem type="eden" free="0" total="123731968" percent="0" />
    <remembered-set count="9696" freebytes="18825216" totalbytes="18864000" percent="99" regionsoverflowed="0" regionsstable="11" regionsrebuilding="0"/>
  </mem-info>
</gc-start>
<allocation-stats totalBytes="123557752" >
  <allocated-bytes non-tlh="8200" tlh="123549552" arrayletleaf="0"/>
  <largest-consumer threadName="Thread-44" threadId="00000000026DBD00" bytes="13007192" />
</allocation-stats>
<gc-op id="5920" type="copy forward" timems="50.399" contextid="5917" timestamp="2019-08-11T05:40:05.570">
  <memory-copied type="eden" objects="10791" bytes="4202360" bytesdiscarded="549088" />
  <memory-copied type="other" objects="12" bytes="432" bytesdiscarded="0" />
  <memory-cardclean objects="3219" bytes="148192" />
  <regions eden="59" other="4" />
  <remembered-set-cleared processed="763" cleared="143" durationms="0.298" />
  <stringconstants candidates="16242" cleared="0"  />
</gc-op>
<gc-op id="5921" type="classunload" timems="0.019" contextid="5917" timestamp="2019-08-11T05:40:05.570">
  <classunload-info classloadercandidates="69" classloadersunloaded="0" classesunloaded="0" anonymousclassesunloaded="0" quiescems="0.000" setupms="0.019" scanms="0.000" postms="0.000" />
</gc-op>
<gc-end id="5922" type="partial gc" contextid="5917" durationms="56.085" usertimems="83.706" systemtimems="11.481" timestamp="2019-08-11T05:40:05.570" activeThreads="16">
  <mem-info id="5923" free="281018368" total="471859200" percent="59">
    <mem type="eden" free="3636904" total="8388608" percent="43" />
    <remembered-set count="9152" freebytes="18827392" totalbytes="18864000" percent="99" regionsoverflowed="0" regionsstable="11" regionsrebuilding="0"/>
  </mem-info>
</gc-end>
<cycle-end id="5924" type="partial gc" contextid="5917" timestamp="2019-08-11T05:40:05.571" />
  <attribute name="elasticGC enabled" value="1" />
  <attribute name= "numThreadsSpecified" value="16" />
  <attribute name="heapSize specified" value="0" />
  <attribute name="Current GC Util" value="27" />
  <attribute name= "Current Time Running" value="187405" />
  <attribute name ="GC Interval" value="0" />
  <attribute name="ProportionalT" value="-26.500000" />
  <attribute name="ProportionalI" value="-26.500000" />
  <attribute name="ProportionalH" value="-26.500000" />
  <attribute name="Current Error" value="-53.000000" />
  <attribute name="IntegralT" value="-132.500000" />
  <attribute name="IntegralI" value="-132.500000" />
  <attribute name="IntegralH" value="-132.500000" />
  <attribute name="DerivativeT" value="-10.600000" />
  <attribute name="DerivativeI" value="-10.600000" />
  <attribute name="DerivativeH" value="-10.600000" />
  <attribute name="Loop Time for DT" value="5.000000" />
  <attribute name="Output H" value="4202627072"/>
  <attribute name="Output I" value="200"/>
  <attribute name="Output T" value="16"/>
  <attribute name="Target GC Util Change" value ="80.000000" />
  <attribute name="Current GC Util Change" value="27.000000"/>
  <attribute name="GC Util currently" value="27" />
  <attribute name="CPU Util currently" value="240595498652" />
<exclusive-end id="5925" timestamp="2019-08-11T05:40:05.571" durationms="57.218" />

<exclusive-start id="5926" timestamp="2019-08-11T05:40:05.656" intervalms="142.562">
