<?xml version="1.0" ?>

<verbosegc xmlns="http://www.ibm.com/j9/verbosegc" version="10b4217_CMPRSS">

<initialized id="1" timestamp="2019-06-20T23:32:44.253">
  <attribute name="gcPolicy" value="-Xgcpolicy:gencon" />
  <attribute name="elasticGC enabled" value="1" />
  <attribute name= "numThreadsSpecified" value="0" />
  <attribute name="heapSize specified" value="0" />
  <attribute name="Current GC Util" value="0" />
  <attribute name= "Current Time Running" value="0" />
  <attribute name ="GC Interval" value="0" />
  <attribute name="ProportionalT" value="0.000000" />
  <attribute name="ProportionalI" value="0.000000" />
  <attribute name="ProportionalH" value="0.000000" />
  <attribute name="IntegralT" value="0.000000" />
  <attribute name="IntegralI" value="0.000000" />
  <attribute name="IntegralH" value="0.000000" />
  <attribute name="DerivativeT" value="0.000000" />
  <attribute name="DerivativeI" value="0.000000" />
  <attribute name="DerivativeH" value="0.000000" />
  <attribute name="Target GC Util Change" value ="0.000000" />
  <attribute name="Current GC Util Change" value="0.000000"/>
  <attribute name="Current Error" value="0.000000" />
  <attribute name="Loop Time for DT" value="0.000000" />
  <attribute name="Output H" value="0"/>
  <attribute name="Output I" value="0"/>
  <attribute name="Output T" value="0"/>
  <attribute name="GC Util currently" value="0" />
  <attribute name="CPU Util currently" value="0" />
  <attribute name="maxHeapSize" value="0x7cbc0000" />
  <attribute name="initialHeapSize" value="0x800000" />
  <attribute name="compressedRefs" value="true" />
  <attribute name="compressedRefsDisplacement" value="0x0" />
  <attribute name="compressedRefsShift" value="0x0" />
  <attribute name="pageSize" value="0x1000" />
  <attribute name="pageType" value="not used" />
  <attribute name="requestedPageSize" value="0x1000" />
  <attribute name="requestedPageType" value="not used" />
  <attribute name="gcthreads" value="4" />
  <attribute name="gcthreads Concurrent Mark" value="1" />
  <attribute name="packetListSplit" value="4" />
  <attribute name="cacheListSplit" value="4" />
  <attribute name="splitFreeListSplitAmount" value="1" />
  <attribute name="numaNodes" value="0" />
  <system>
    <attribute name="physicalMemory" value="8370958336" />
    <attribute name="numCPUs" value="4" />
    <attribute name="architecture" value="amd64" />
    <attribute name="os" value="Linux" />
    <attribute name="osVersion" value="4.4.0-150-generic" />
  </system>
  <vmargs>
    <vmarg name="-Xoptionsfile=/vagrant/jdk/lib/options.default" />
    <vmarg name="-Xlockword:mode=default,noLockword=java/lang/String,noLockword=java/util/MapEntry,noLockword=java/util/HashMap$Entry,noLockword..." />
    <vmarg name="-Xjcl:jclse29" />
    <vmarg name="-Dcom.ibm.oti.vm.bootstrap.library.path=/vagrant/jdk/lib/compressedrefs:/vagrant/jdk/lib" />
    <vmarg name="-Dsun.boot.library.path=/vagrant/jdk/lib/compressedrefs:/vagrant/jdk/lib" />
    <vmarg name="-Djava.library.path=/vagrant/jdk/lib/compressedrefs:/vagrant/jdk/lib:/usr/lib64:/usr/lib" />
    <vmarg name="-Djava.home=/vagrant/jdk" />
    <vmarg name="-Duser.dir=/vagrant" />
    <vmarg name="-Xgcpolicy:gencon" />
    <vmarg name="-Xgcelastic" />
    <vmarg name="-Xcheck:gc:::elasticGC" />
    <vmarg name="-verbose:gc" />
    <vmarg name="-Xloggc:jdk-1.5-1-1-large-GEN-4CORE-elasticverbose6avrora.txt" />
    <vmarg name="-Djava.class.path=dacapo-9.12-MR1-bach.jar" />
    <vmarg name="-Dsun.java.command=dacapo-9.12-MR1-bach.jar avrora --size=large" />
    <vmarg name="-Dsun.java.launcher=SUN_STANDARD" />
    <vmarg name="-Dsun.java.launcher.pid=14412" />
  </vmargs>
</initialized>

<exclusive-start id="2" timestamp="2019-06-20T23:32:44.453" intervalms="199.656">
  <response-info timems="0.022" idlems="0.022" threads="0" lastid="0000000001902700" lastname="main" />
</exclusive-start>
<af-start id="3" threadId="0000000001903088" totalBytesRequested="7176" timestamp="2019-06-20T23:32:44.453" intervalms="199.897" type="nursery" />
<cycle-start id="4" type="scavenge" contextid="0" timestamp="2019-06-20T23:32:44.453" intervalms="200.260" />
<gc-start id="5" type="scavenge" contextid="4" timestamp="2019-06-20T23:32:44.459">
  <mem-info id="6" free="6062624" total="8388608" percent="72">
    <mem type="nursery" free="0" total="2097152" percent="0">
      <mem type="allocate" free="0" total="1048576" percent="0" />
      <mem type="survivor" free="0" total="1048576" percent="0" />
    </mem>
    <mem type="tenure" free="6062624" total="6291456" percent="96">
      <mem type="soa" free="5748256" total="5977088" percent="96" />
      <mem type="loa" free="314368" total="314368" percent="100" />
    </mem>
    <remembered-set count="3161" />
  </mem-info>
</gc-start>
<allocation-stats totalBytes="1275408" >
  <allocated-bytes non-tlh="344784" tlh="930624" />
  <largest-consumer threadName="main" threadId="0000000001902700" bytes="1198840" />
</allocation-stats>
<gc-op id="7" type="scavenge" timems="2.236" contextid="4" timestamp="2019-06-20T23:32:44.461">
  <scavenger-info tenureage="2" tenuremask="fffc" tiltratio="50" />
  <memory-copied type="nursery" objects="10578" bytes="479600" bytesdiscarded="107488" />
  <finalization candidates="11" enqueued="0" />
  <references type="soft" candidates="62" cleared="0" enqueued="0" dynamicThreshold="32" maxThreshold="32" />
  <references type="weak" candidates="309" cleared="177" enqueued="141" />
  <references type="phantom" candidates="25" cleared="6" enqueued="6" />
</gc-op>
<gc-end id="8" type="scavenge" contextid="4" durationms="5.815" usertimems="8.000" systemtimems="0.000" timestamp="2019-06-20T23:32:44.464" activeThreads="4">
  <mem-info id="9" free="6522016" total="8388608" percent="77">
    <mem type="nursery" free="459392" total="2097152" percent="21">
      <mem type="allocate" free="459392" total="1048576" percent="43" />
      <mem type="survivor" free="0" total="1048576" percent="0" />
    </mem>
    <mem type="tenure" free="6062624" total="6291456" percent="96">
      <mem type="soa" free="5748256" total="5977088" percent="96" />
      <mem type="loa" free="314368" total="314368" percent="100" />
    </mem>
    <pending-finalizers system="0" default="0" reference="147" classloader="0" />
    <remembered-set count="3161" />
  </mem-info>
</gc-end>
<cycle-end id="10" type="scavenge" contextid="4" timestamp="2019-06-20T23:32:44.465" />
  <attribute name="elasticGC enabled" value="1" />
  <attribute name= "numThreadsSpecified" value="0" />
  <attribute name="heapSize specified" value="0" />
  <attribute name="Current GC Util" value="0" />
  <attribute name= "Current Time Running" value="70" />
  <attribute name ="GC Interval" value="1" />
  <attribute name="ProportionalT" value="0.000000" />
  <attribute name="ProportionalI" value="0.000000" />
  <attribute name="ProportionalH" value="0.000000" />
  <attribute name="Current Error" value="0.000000" />
  <attribute name="IntegralT" value="0.000000" />
  <attribute name="IntegralI" value="0.000000" />
  <attribute name="IntegralH" value="0.000000" />
  <attribute name="DerivativeT" value="0.000000" />
  <attribute name="DerivativeI" value="0.000000" />
  <attribute name="DerivativeH" value="0.000000" />
  <attribute name="Loop Time for DT" value="0.000000" />
  <attribute name="Output H" value="0"/>
  <attribute name="Output I" value="0"/>
  <attribute name="Output T" value="0"/>
  <attribute name="Target GC Util Change" value ="20.000000" />
  <attribute name="Current GC Util Change" value="0.000000"/>
  <attribute name="GC Util currently" value="0" />
  <attribute name="CPU Util currently" value="21" />
<allocation-satisfied id="11" threadId="0000000001902700" bytesRequested="7176" />
<af-end id="12" timestamp="2019-06-20T23:32:44.465" threadId="0000000001903088" success="true" from="nursery"/>
<exclusive-end id="13" timestamp="2019-06-20T23:32:44.465" durationms="11.894" />

<exclusive-start id="14" timestamp="2019-06-20T23:32:44.816" intervalms="363.280">
  <response-info timems="0.160" idlems="0.160" threads="0" lastid="0000000001902700" lastname="main" />
</exclusive-start>
<af-start id="15" threadId="0000000001903088" totalBytesRequested="16" timestamp="2019-06-20T23:32:44.817" intervalms="363.545" type="nursery" />
<cycle-start id="16" type="scavenge" contextid="0" timestamp="2019-06-20T23:32:44.817" intervalms="363.661" />
<gc-start id="17" type="scavenge" contextid="16" timestamp="2019-06-20T23:32:44.835">
  <mem-info id="18" free="6054888" total="8388608" percent="72">
    <mem type="nursery" free="0" total="2097152" percent="0">
      <mem type="allocate" free="0" total="1048576" percent="0" />
      <mem type="survivor" free="0" total="1048576" percent="0" />
    </mem>
    <mem type="tenure" free="6054888" total="6291456" percent="96">
      <mem type="soa" free="5740520" total="5977088" percent="96" />
      <mem type="loa" free="314368" total="314368" percent="100" />
    </mem>
    <remembered-set count="3262" />
  </mem-info>
</gc-start>
<allocation-stats totalBytes="465984" >
  <allocated-bytes non-tlh="14912" tlh="451072" />
  <largest-consumer threadName="main" threadId="0000000001902700" bytes="454008" />
</allocation-stats>
<gc-op id="19" type="scavenge" timems="4.426" contextid="16" timestamp="2019-06-20T23:32:44.840">
  <scavenger-info tenureage="5" tenuremask="7fe0" tiltratio="50" />
  <memory-copied type="nursery" objects="11147" bytes="491440" bytesdiscarded="112680" />
  <finalization candidates="11" enqueued="0" />
  <references type="soft" candidates="62" cleared="0" enqueued="0" dynamicThreshold="32" maxThreshold="32" />
  <references type="weak" candidates="237" cleared="93" enqueued="90" />
  <references type="phantom" candidates="35" cleared="11" enqueued="11" />
</gc-op>
<gc-end id="20" type="scavenge" contextid="16" durationms="5.878" usertimems="4.000" systemtimems="0.000" timestamp="2019-06-20T23:32:44.840" activeThreads="4">
  <mem-info id="21" free="6497888" total="8388608" percent="77">
    <mem type="nursery" free="443000" total="2097152" percent="21">
      <mem type="allocate" free="443000" total="1048576" percent="42" />
      <mem type="survivor" free="0" total="1048576" percent="0" />
    </mem>
    <mem type="tenure" free="6054888" total="6291456" percent="96">
      <mem type="soa" free="5740520" total="5977088" percent="96" />
      <mem type="loa" free="314368" total="314368" percent="100" />
    </mem>
    <pending-finalizers system="0" default="0" reference="101" classloader="0" />
    <remembered-set count="3262" />
  </mem-info>
</gc-end>
<cycle-end id="22" type="scavenge" contextid="16" timestamp="2019-06-20T23:32:44.841" />
  <attribute name="elasticGC enabled" value="1" />
  <attribute name= "numThreadsSpecified" value="4" />
  <attribute name="heapSize specified" value="0" />
  <attribute name="Current GC Util" value="3" />
  <attribute name= "Current Time Running" value="447" />
  <attribute name ="GC Interval" value="200" />
  <attribute name="ProportionalT" value="-25.500000" />
  <attribute name="ProportionalI" value="-25.500000" />
  <attribute name="ProportionalH" value="-25.500000" />
  <attribute name="Current Error" value="-17.000000" />
  <attribute name="IntegralT" value="-6409.000000" />
  <attribute name="IntegralI" value="-6409.000000" />
  <attribute name="IntegralH" value="-6409.000000" />
  <attribute name="DerivativeT" value="-0.045093" />
  <attribute name="DerivativeI" value="-0.045093" />
  <attribute name="DerivativeH" value="-0.045093" />
  <attribute name="Loop Time for DT" value="377.000000" />
  <attribute name="Output H" value="2092630016"/>
  <attribute name="Output I" value="200"/>
  <attribute name="Output T" value="4"/>
  <attribute name="Target GC Util Change" value ="20.000000" />
  <attribute name="Current GC Util Change" value="3.000000"/>
  <attribute name="GC Util currently" value="3" />
  <attribute name="CPU Util currently" value="3" />
<allocation-satisfied id="23" threadId="0000000001902700" bytesRequested="16" />
<af-end id="24" timestamp="2019-06-20T23:32:44.842" threadId="0000000001903088" success="true" from="nursery"/>
<exclusive-end id="25" timestamp="2019-06-20T23:32:44.842" durationms="26.145" />

<exclusive-start id="26" timestamp="2019-06-20T23:32:46.886" intervalms="2069.978">
  <response-info timems="0.027" idlems="0.027" threads="0" lastid="0000000001902700" lastname="main" />
</exclusive-start>
<af-start id="27" threadId="0000000001903088" totalBytesRequested="144" timestamp="2019-06-20T23:32:46.886" intervalms="2069.561" type="nursery" />
<cycle-start id="28" type="scavenge" contextid="0" timestamp="2019-06-20T23:32:46.886" intervalms="2069.152" />
<gc-start id="29" type="scavenge" contextid="28" timestamp="2019-06-20T23:32:46.886">
  <mem-info id="30" free="6054888" total="8388608" percent="72">
    <mem type="nursery" free="0" total="2097152" percent="0">
      <mem type="allocate" free="0" total="1048576" percent="0" />
      <mem type="survivor" free="0" total="1048576" percent="0" />
    </mem>
    <mem type="tenure" free="6054888" total="6291456" percent="96">
      <mem type="soa" free="5740520" total="5977088" percent="96" />
      <mem type="loa" free="314368" total="314368" percent="100" />
    </mem>
    <remembered-set count="3262" />
  </mem-info>
</gc-start>
<allocation-stats totalBytes="442632" >
  <allocated-bytes non-tlh="16" tlh="442616" />
  <largest-consumer threadName="main" threadId="0000000001902700" bytes="434440" />
</allocation-stats>
<gc-op id="31" type="scavenge" timems="0.877" contextid="28" timestamp="2019-06-20T23:32:46.887">
  <scavenger-info tenureage="4" tenuremask="7ff0" tiltratio="50" />
  <memory-copied type="nursery" objects="10892" bytes="485240" bytesdiscarded="76656" />
  <finalization candidates="11" enqueued="0" />
  <references type="soft" candidates="62" cleared="0" enqueued="0" dynamicThreshold="32" maxThreshold="32" />
  <references type="weak" candidates="144" cleared="0" enqueued="0" />
  <references type="phantom" candidates="24" cleared="0" enqueued="0" />
</gc-op>
<gc-end id="32" type="scavenge" contextid="28" durationms="1.064" usertimems="0.000" systemtimems="0.000" timestamp="2019-06-20T23:32:46.887" activeThreads="4">
  <mem-info id="33" free="6540120" total="8388608" percent="77">
    <mem type="nursery" free="485232" total="2097152" percent="23">
      <mem type="allocate" free="485232" total="1048576" percent="46" />
      <mem type="survivor" free="0" total="1048576" percent="0" />
    </mem>
    <mem type="tenure" free="6054888" total="6291456" percent="96">
      <mem type="soa" free="5740520" total="5977088" percent="96" />
      <mem type="loa" free="314368" total="314368" percent="100" />
    </mem>
    <remembered-set count="992" />
  </mem-info>
</gc-end>
<cycle-end id="34" type="scavenge" contextid="28" timestamp="2019-06-20T23:32:46.887" />
  <attribute name="elasticGC enabled" value="1" />
  <attribute name= "numThreadsSpecified" value="4" />
  <attribute name="heapSize specified" value="0" />
  <attribute name="Current GC Util" value="1" />
  <attribute name= "Current Time Running" value="2498" />
  <attribute name ="GC Interval" value="200" />
  <attribute name="ProportionalT" value="-28.500000" />
  <attribute name="ProportionalI" value="-28.500000" />
  <attribute name="ProportionalH" value="-28.500000" />
  <attribute name="Current Error" value="-19.000000" />
  <attribute name="IntegralT" value="-45378.000000" />
  <attribute name="IntegralI" value="-45378.000000" />
  <attribute name="IntegralH" value="-45378.000000" />
  <attribute name="DerivativeT" value="-0.009264" />
  <attribute name="DerivativeI" value="-0.009264" />
  <attribute name="DerivativeH" value="-0.009264" />
  <attribute name="Loop Time for DT" value="2051.000000" />
  <attribute name="Output H" value="2092630016"/>
  <attribute name="Output I" value="200"/>
  <attribute name="Output T" value="4"/>
  <attribute name="Target GC Util Change" value ="20.000000" />
  <attribute name="Current GC Util Change" value="1.000000"/>
  <attribute name="GC Util currently" value="1" />
  <attribute name="CPU Util currently" value="3" />
<allocation-satisfied id="35" threadId="0000000001902700" bytesRequested="144" />
<af-end id="36" timestamp="2019-06-20T23:32:46.888" threadId="0000000001903088" success="true" from="nursery"/>
<exclusive-end id="37" timestamp="2019-06-20T23:32:46.888" durationms="1.599" />

<exclusive-start id="38" timestamp="2019-06-20T23:32:46.962" intervalms="75.714">
  <response-info timems="0.057" idlems="0.057" threads="0" lastid="0000000001902700" lastname="main" />
</exclusive-start>
<af-start id="39" threadId="0000000001903088" totalBytesRequested="20232" timestamp="2019-06-20T23:32:46.962" intervalms="75.764" type="nursery" />
<cycle-start id="40" type="scavenge" contextid="0" timestamp="2019-06-20T23:32:46.962" intervalms="75.784" />
<gc-start id="41" type="scavenge" contextid="40" timestamp="2019-06-20T23:32:46.962">
  <mem-info id="42" free="6052200" total="8388608" percent="72">
    <mem type="nursery" free="0" total="2097152" percent="0">
      <mem type="allocate" free="0" total="1048576" percent="0" />
      <mem type="survivor" free="0" total="1048576" percent="0" />
    </mem>
    <mem type="tenure" free="6052200" total="6291456" percent="96">
      <mem type="soa" free="5737832" total="5977088" percent="95" />
      <mem type="loa" free="314368" total="314368" percent="100" />
    </mem>
    <remembered-set count="1025" />
  </mem-info>
</gc-start>
<allocation-stats totalBytes="474288" >
  <allocated-bytes non-tlh="2832" tlh="471456" />
  <largest-consumer threadName="main" threadId="0000000001902700" bytes="474288" />
</allocation-stats>
<gc-op id="43" type="scavenge" timems="0.981" contextid="40" timestamp="2019-06-20T23:32:46.963">
  <scavenger-info tenureage="3" tenuremask="fff8" tiltratio="50" />
  <memory-copied type="nursery" objects="637" bytes="79864" bytesdiscarded="86904" />
  <memory-copied type="tenure" objects="10291" bytes="460056" bytesdiscarded="48" />
  <finalization candidates="11" enqueued="0" />
  <references type="weak" candidates="95" cleared="78" enqueued="78" />
  <references type="phantom" candidates="18" cleared="10" enqueued="10" />
</gc-op>
<gc-end id="44" type="scavenge" contextid="40" durationms="1.272" usertimems="0.000" systemtimems="0.000" timestamp="2019-06-20T23:32:46.963" activeThreads="4">
  <mem-info id="45" free="6376528" total="8388608" percent="76">
    <mem type="nursery" free="881792" total="2097152" percent="42">
      <mem type="allocate" free="881792" total="1048576" percent="84" />
      <mem type="survivor" free="0" total="1048576" percent="0" />
    </mem>
    <mem type="tenure" free="5494736" total="6291456" percent="87">
      <mem type="soa" free="5180368" total="5977088" percent="86" />
      <mem type="loa" free="314368" total="314368" percent="100" />
    </mem>
    <pending-finalizers system="0" default="0" reference="88" classloader="0" />
    <remembered-set count="141" />
  </mem-info>
</gc-end>
<cycle-end id="46" type="scavenge" contextid="40" timestamp="2019-06-20T23:32:46.963" />
  <attribute name="elasticGC enabled" value="1" />
  <attribute name= "numThreadsSpecified" value="4" />
  <attribute name="heapSize specified" value="0" />
  <attribute name="Current GC Util" value="2" />
  <attribute name= "Current Time Running" value="2574" />
  <attribute name ="GC Interval" value="200" />
  <attribute name="ProportionalT" value="-27.000000" />
  <attribute name="ProportionalI" value="-27.000000" />
  <attribute name="ProportionalH" value="-27.000000" />
  <attribute name="Current Error" value="-18.000000" />
  <attribute name="IntegralT" value="-46746.000000" />
  <attribute name="IntegralI" value="-46746.000000" />
  <attribute name="IntegralH" value="-46746.000000" />
  <attribute name="DerivativeT" value="-0.236842" />
  <attribute name="DerivativeI" value="-0.236842" />
  <attribute name="DerivativeH" value="-0.236842" />
  <attribute name="Loop Time for DT" value="76.000000" />
  <attribute name="Output H" value="2092630016"/>
  <attribute name="Output I" value="200"/>
  <attribute name="Output T" value="4"/>
  <attribute name="Target GC Util Change" value ="20.000000" />
  <attribute name="Current GC Util Change" value="2.000000"/>
  <attribute name="GC Util currently" value="2" />
  <attribute name="CPU Util currently" value="60754266535" />
<allocation-satisfied id="47" threadId="0000000001902700" bytesRequested="20232" />
<af-end id="48" timestamp="2019-06-20T23:32:46.964" threadId="0000000001903088" success="true" from="nursery"/>
<exclusive-end id="49" timestamp="2019-06-20T23:32:46.964" durationms="1.891" />

<exclusive-start id="50" timestamp="2019-06-20T23:32:49.351" intervalms="2388.888">
  <response-info timems="0.201" idlems="0.201" threads="0" lastid="0000000001902700" lastname="main" />
</exclusive-start>
<af-start id="51" threadId="0000000001903088" totalBytesRequested="2056" timestamp="2019-06-20T23:32:49.351" intervalms="2389.409" type="nursery" />
<cycle-start id="52" type="scavenge" contextid="0" timestamp="2019-06-20T23:32:49.352" intervalms="2390.024" />
<gc-start id="53" type="scavenge" contextid="52" timestamp="2019-06-20T23:32:49.353">
  <mem-info id="54" free="5490152" total="8388608" percent="65">
    <mem type="nursery" free="0" total="2097152" percent="0">
      <mem type="allocate" free="0" total="1048576" percent="0" />
      <mem type="survivor" free="0" total="1048576" percent="0" />
    </mem>
    <mem type="tenure" free="5490152" total="6291456" percent="87">
      <mem type="soa" free="5175784" total="5977088" percent="86" />
      <mem type="loa" free="314368" total="314368" percent="100" />
    </mem>
    <remembered-set count="222" />
  </mem-info>
</gc-start>
<allocation-stats totalBytes="878368" >
  <allocated-bytes non-tlh="24816" tlh="853552" />
  <largest-consumer threadName="main" threadId="0000000001902700" bytes="878368" />
</allocation-stats>
<gc-op id="55" type="scavenge" timems="3.219" contextid="52" timestamp="2019-06-20T23:32:49.357">
  <scavenger-info tenureage="4" tenuremask="fff0" tiltratio="50" />
  <memory-copied type="nursery" objects="742" bytes="112600" bytesdiscarded="39768" />
  <finalization candidates="3" enqueued="1" />
  <references type="soft" candidates="1" cleared="0" enqueued="0" dynamicThreshold="32" maxThreshold="32" />
  <references type="weak" candidates="64" cleared="48" enqueued="48" />
  <references type="phantom" candidates="21" cleared="10" enqueued="10" />
</gc-op>
<gc-end id="56" type="scavenge" contextid="52" durationms="4.902" usertimems="4.000" systemtimems="0.000" timestamp="2019-06-20T23:32:49.358" activeThreads="4">
  <mem-info id="57" free="6386272" total="8388608" percent="76">
    <mem type="nursery" free="896120" total="2097152" percent="42">
      <mem type="allocate" free="896120" total="1048576" percent="85" />
      <mem type="survivor" free="0" total="1048576" percent="0" />
    </mem>
    <mem type="tenure" free="5490152" total="6291456" percent="87">
      <mem type="soa" free="5175784" total="5977088" percent="86" />
      <mem type="loa" free="314368" total="314368" percent="100" />
    </mem>
    <pending-finalizers system="1" default="0" reference="58" classloader="0" />
    <remembered-set count="219" />
  </mem-info>
</gc-end>
<cycle-end id="58" type="scavenge" contextid="52" timestamp="2019-06-20T23:32:49.358" />
  <attribute name="elasticGC enabled" value="1" />
  <attribute name= "numThreadsSpecified" value="4" />
  <attribute name="heapSize specified" value="0" />
  <attribute name="Current GC Util" value="0" />
  <attribute name= "Current Time Running" value="4965" />
  <attribute name ="GC Interval" value="200" />
  <attribute name="ProportionalT" value="-30.000000" />
  <attribute name="ProportionalI" value="-30.000000" />
  <attribute name="ProportionalH" value="-30.000000" />
  <attribute name="Current Error" value="-20.000000" />
  <attribute name="IntegralT" value="-94566.000000" />
  <attribute name="IntegralI" value="-94566.000000" />
  <attribute name="IntegralH" value="-94566.000000" />
  <attribute name="DerivativeT" value="-0.008365" />
  <attribute name="DerivativeI" value="-0.008365" />
  <attribute name="DerivativeH" value="-0.008365" />
  <attribute name="Loop Time for DT" value="2391.000000" />
  <attribute name="Output H" value="2092630016"/>
  <attribute name="Output I" value="200"/>
  <attribute name="Output T" value="4"/>
  <attribute name="Target GC Util Change" value ="20.000000" />
  <attribute name="Current GC Util Change" value="0.000000"/>
  <attribute name="GC Util currently" value="0" />
  <attribute name="CPU Util currently" value="2" />
<allocation-satisfied id="59" threadId="0000000001902700" bytesRequested="2056" />
<af-end id="60" timestamp="2019-06-20T23:32:49.359" threadId="0000000001903088" success="true" from="nursery"/>
<exclusive-end id="61" timestamp="2019-06-20T23:32:49.359" durationms="8.695" />

<exclusive-start id="62" timestamp="2019-06-20T23:32:52.546" intervalms="3195.717">
  <response-info timems="1.306" idlems="1.306" threads="0" lastid="0000000001902700" lastname="main" />
</exclusive-start>
<af-start id="63" threadId="0000000001903088" totalBytesRequested="48" timestamp="2019-06-20T23:32:52.547" intervalms="3195.534" type="nursery" />
<cycle-start id="64" type="scavenge" contextid="0" timestamp="2019-06-20T23:32:52.548" intervalms="3195.936" />
<gc-start id="65" type="scavenge" contextid="64" timestamp="2019-06-20T23:32:52.549">
  <mem-info id="66" free="5490152" total="8388608" percent="65">
    <mem type="nursery" free="0" total="2097152" percent="0">
      <mem type="allocate" free="0" total="1048576" percent="0" />
      <mem type="survivor" free="0" total="1048576" percent="0" />
    </mem>
    <mem type="tenure" free="5490152" total="6291456" percent="87">
      <mem type="soa" free="5175784" total="5977088" percent="86" />
      <mem type="loa" free="314368" total="314368" percent="100" />
    </mem>
    <remembered-set count="220" />
  </mem-info>
</gc-start>
<allocation-stats totalBytes="893720" >
  <allocated-bytes non-tlh="2056" tlh="891664" />
  <largest-consumer threadName="main" threadId="0000000001902700" bytes="893720" />
</allocation-stats>
<gc-op id="67" type="scavenge" timems="2.728" contextid="64" timestamp="2019-06-20T23:32:52.552">
  <scavenger-info tenureage="3" tenuremask="fff8" tiltratio="50" />
  <memory-copied type="nursery" objects="297" bytes="79616" bytesdiscarded="15048" />
  <memory-copied type="tenure" objects="302" bytes="16080" bytesdiscarded="0" />
  <finalization candidates="2" enqueued="0" />
  <references type="soft" candidates="1" cleared="0" enqueued="0" dynamicThreshold="32" maxThreshold="32" />
  <references type="weak" candidates="2" cleared="0" enqueued="0" />
  <references type="phantom" candidates="4" cleared="0" enqueued="0" />
</gc-op>
<gc-end id="68" type="scavenge" contextid="64" durationms="5.801" usertimems="4.000" systemtimems="0.000" timestamp="2019-06-20T23:32:52.554" activeThreads="4">
  <mem-info id="69" free="6535896" total="8388608" percent="77">
    <mem type="nursery" free="1084912" total="2097152" percent="51">
      <mem type="allocate" free="1084912" total="1179648" percent="91" />
      <mem type="survivor" free="0" total="917504" percent="0" />
    </mem>
    <mem type="tenure" free="5450984" total="6291456" percent="86" macro-fragmented="2592282">
      <mem type="soa" free="5136616" total="5977088" percent="85" />
      <mem type="loa" free="314368" total="314368" percent="100" />
    </mem>
    <remembered-set count="157" />
  </mem-info>
</gc-end>
<cycle-end id="70" type="scavenge" contextid="64" timestamp="2019-06-20T23:32:52.555" />
  <attribute name="elasticGC enabled" value="1" />
  <attribute name= "numThreadsSpecified" value="4" />
  <attribute name="heapSize specified" value="0" />
  <attribute name="Current GC Util" value="0" />
  <attribute name= "Current Time Running" value="8161" />
  <attribute name ="GC Interval" value="200" />
  <attribute name="ProportionalT" value="-30.000000" />
  <attribute name="ProportionalI" value="-30.000000" />
  <attribute name="ProportionalH" value="-30.000000" />
  <attribute name="Current Error" value="-20.000000" />
  <attribute name="IntegralT" value="-158486.000000" />
  <attribute name="IntegralI" value="-158486.000000" />
  <attribute name="IntegralH" value="-158486.000000" />
  <attribute name="DerivativeT" value="-0.006258" />
  <attribute name="DerivativeI" value="-0.006258" />
  <attribute name="DerivativeH" value="-0.006258" />
  <attribute name="Loop Time for DT" value="3196.000000" />
  <attribute name="Output H" value="2092630016"/>
  <attribute name="Output I" value="200"/>
  <attribute name="Output T" value="4"/>
  <attribute name="Target GC Util Change" value ="20.000000" />
  <attribute name="Current GC Util Change" value="0.000000"/>
  <attribute name="GC Util currently" value="0" />
  <attribute name="CPU Util currently" value="1" />
<allocation-satisfied id="71" threadId="0000000001902700" bytesRequested="48" />
<af-end id="72" timestamp="2019-06-20T23:32:52.556" threadId="0000000001903088" success="true" from="nursery"/>
<exclusive-end id="73" timestamp="2019-06-20T23:32:52.556" durationms="9.890" />

<exclusive-start id="74" timestamp="2019-06-20T23:32:56.417" intervalms="3870.244">
  <response-info timems="0.194" idlems="0.194" threads="0" lastid="0000000001902700" lastname="main" />
</exclusive-start>
<af-start id="75" threadId="0000000001903088" totalBytesRequested="2056" timestamp="2019-06-20T23:32:56.417" intervalms="3870.346" type="nursery" />
<cycle-start id="76" type="scavenge" contextid="0" timestamp="2019-06-20T23:32:56.418" intervalms="3869.787" />
<gc-start id="77" type="scavenge" contextid="76" timestamp="2019-06-20T23:32:56.418">
  <mem-info id="78" free="5450984" total="8388608" percent="64">
    <mem type="nursery" free="0" total="2097152" percent="0">
      <mem type="allocate" free="0" total="1179648" percent="0" />
      <mem type="survivor" free="0" total="917504" percent="0" />
    </mem>
    <mem type="tenure" free="5450984" total="6291456" percent="86">
      <mem type="soa" free="5136616" total="5977088" percent="85" />
      <mem type="loa" free="314368" total="314368" percent="100" />
    </mem>
    <remembered-set count="157" />
  </mem-info>
</gc-start>
<allocation-stats totalBytes="1075136" >
  <allocated-bytes non-tlh="48" tlh="1075088" />
  <largest-consumer threadName="main" threadId="0000000001902700" bytes="1075136" />
</allocation-stats>
<gc-op id="79" type="scavenge" timems="1.309" contextid="76" timestamp="2019-06-20T23:32:56.420">
  <scavenger-info tenureage="5" tenuremask="ffe0" tiltratio="56" />
  <memory-copied type="nursery" objects="299" bytes="79592" bytesdiscarded="23256" />
  <finalization candidates="2" enqueued="0" />
  <references type="soft" candidates="1" cleared="0" enqueued="0" dynamicThreshold="32" maxThreshold="32" />
  <references type="weak" candidates="2" cleared="0" enqueued="0" />
  <references type="phantom" candidates="5" cleared="0" enqueued="0" />
</gc-op>
<gc-end id="80" type="scavenge" contextid="76" durationms="2.791" usertimems="4.000" systemtimems="0.000" timestamp="2019-06-20T23:32:56.421" activeThreads="4">
  <mem-info id="81" free="6658776" total="8388608" percent="79">
    <mem type="nursery" free="1207792" total="2097152" percent="57">
      <mem type="allocate" free="1207792" total="1310720" percent="92" />
      <mem type="survivor" free="0" total="786432" percent="0" />
    </mem>
    <mem type="tenure" free="5450984" total="6291456" percent="86" macro-fragmented="3732887">
      <mem type="soa" free="5136616" total="5977088" percent="85" />
      <mem type="loa" free="314368" total="314368" percent="100" />
    </mem>
    <remembered-set count="86" />
  </mem-info>
</gc-end>
<cycle-end id="82" type="scavenge" contextid="76" timestamp="2019-06-20T23:32:56.422" />
  <attribute name="elasticGC enabled" value="1" />
  <attribute name= "numThreadsSpecified" value="4" />
  <attribute name="heapSize specified" value="0" />
  <attribute name="Current GC Util" value="0" />
  <attribute name= "Current Time Running" value="12031" />
  <attribute name ="GC Interval" value="200" />
  <attribute name="ProportionalT" value="-30.000000" />
  <attribute name="ProportionalI" value="-30.000000" />
  <attribute name="ProportionalH" value="-30.000000" />
  <attribute name="Current Error" value="-20.000000" />
  <attribute name="IntegralT" value="-77400.000000" />
  <attribute name="IntegralI" value="-77400.000000" />
  <attribute name="IntegralH" value="-77400.000000" />
  <attribute name="DerivativeT" value="-0.005168" />
  <attribute name="DerivativeI" value="-0.005168" />
  <attribute name="DerivativeH" value="-0.005168" />
  <attribute name="Loop Time for DT" value="3870.000000" />
  <attribute name="Output H" value="2092630016"/>
  <attribute name="Output I" value="200"/>
  <attribute name="Output T" value="4"/>
  <attribute name="Target GC Util Change" value ="20.000000" />
  <attribute name="Current GC Util Change" value="0.000000"/>
  <attribute name="GC Util currently" value="0" />
  <attribute name="CPU Util currently" value="1" />
<allocation-satisfied id="83" threadId="0000000001902700" bytesRequested="2056" />
<af-end id="84" timestamp="2019-06-20T23:32:56.422" threadId="0000000001903088" success="true" from="nursery"/>
<exclusive-end id="85" timestamp="2019-06-20T23:32:56.423" durationms="6.262" />

<exclusive-start id="86" timestamp="2019-06-20T23:32:59.469" intervalms="3052.543">
  <response-info timems="0.099" idlems="0.099" threads="0" lastid="0000000001902700" lastname="main" />
</exclusive-start>
<sys-start reason="explicit" id="87" timestamp="2019-06-20T23:32:59.469" intervalms="15216.169" />
<cycle-start id="88" type="global" contextid="0" timestamp="2019-06-20T23:32:59.470" intervalms="15216.506" />
<gc-start id="89" type="global" contextid="88" timestamp="2019-06-20T23:32:59.470">
  <mem-info id="90" free="5456440" total="8388608" percent="65">
    <mem type="nursery" free="12456" total="2097152" percent="0">
      <mem type="allocate" free="12456" total="1310720" percent="0" />
      <mem type="survivor" free="0" total="786432" percent="0" />
    </mem>
    <mem type="tenure" free="5443984" total="6291456" percent="86">
      <mem type="soa" free="5129616" total="5977088" percent="85" />
      <mem type="loa" free="314368" total="314368" percent="100" />
    </mem>
    <remembered-set count="164" />
  </mem-info>
</gc-start>
<allocation-stats totalBytes="1188864" >
  <allocated-bytes non-tlh="174240" tlh="1014624" />
  <largest-consumer threadName="main" threadId="0000000001902700" bytes="1188864" />
</allocation-stats>
<gc-op id="91" type="mark" timems="2.343" contextid="88" timestamp="2019-06-20T23:32:59.472">
  <trace-info objectcount="16946" scancount="13954" scanbytes="446268" />
  <finalization candidates="13" enqueued="0" />
  <references type="soft" candidates="66" cleared="0" enqueued="0" dynamicThreshold="32" maxThreshold="32" />
  <references type="weak" candidates="172" cleared="43" enqueued="35" />
  <references type="phantom" candidates="34" cleared="4" enqueued="4" />
  <stringconstants candidates="2456" cleared="0"  />
</gc-op>
<gc-op id="92" type="classunload" timems="0.064" contextid="88" timestamp="2019-06-20T23:32:59.473">
  <classunload-info classloadercandidates="6" classloadersunloaded="0" classesunloaded="0" anonymousclassesunloaded="0" quiescems="0.000" setupms="0.064" scanms="0.000" postms="0.000" />
</gc-op>
<gc-op id="93" type="sweep" timems="0.639" contextid="88" timestamp="2019-06-20T23:32:59.473" />
<mem-info id="94" free="6591632" total="8388608" percent="78">
  <mem type="nursery" free="1028648" total="2097152" percent="49">
    <mem type="allocate" free="1028648" total="1310720" percent="78" />
    <mem type="survivor" free="0" total="786432" percent="0" />
  </mem>
  <mem type="tenure" free="5562984" total="6291456" percent="88" micro-fragmented="17984" macro-fragmented="4479464">
    <mem type="soa" free="5248616" total="5977088" percent="87" />
    <mem type="loa" free="314368" total="314368" percent="100" />
  </mem>
  <pending-finalizers system="0" default="0" reference="39" classloader="0" />
  <remembered-set count="163" />
</mem-info>
<gc-op id="95" type="compact" timems="4.862" contextid="88" timestamp="2019-06-20T23:32:59.479">
  <compact-info movecount="12523" movebytes="801984" reason="compact to aid heap contraction" />
</gc-op>
<gc-end id="96" type="global" contextid="88" durationms="9.363" usertimems="0.000" systemtimems="8.000" timestamp="2019-06-20T23:32:59.479" activeThreads="4">
  <mem-info id="97" free="6616384" total="8388608" percent="78">
    <mem type="nursery" free="1051344" total="2097152" percent="50">
      <mem type="allocate" free="1051344" total="1310720" percent="80" />
      <mem type="survivor" free="0" total="786432" percent="0" />
    </mem>
    <mem type="tenure" free="5565040" total="6291456" percent="88">
      <mem type="soa" free="5250672" total="5977088" percent="87" />
      <mem type="loa" free="314368" total="314368" percent="100" />
    </mem>
    <pending-finalizers system="0" default="0" reference="39" classloader="0" />
    <remembered-set count="163" />
  </mem-info>
</gc-end>
<cycle-end id="98" type="global" contextid="88" timestamp="2019-06-20T23:32:59.479" />
  <attribute name="elasticGC enabled" value="1" />
  <attribute name= "numThreadsSpecified" value="4" />
  <attribute name="heapSize specified" value="8388608" />
  <attribute name="Current GC Util" value="28" />
  <attribute name= "Current Time Running" value="15090" />
  <attribute name ="GC Interval" value="200" />
  <attribute name="ProportionalT" value="12.000000" />
  <attribute name="ProportionalI" value="12.000000" />
  <attribute name="ProportionalH" value="12.000000" />
  <attribute name="Current Error" value="8.000000" />
  <attribute name="IntegralT" value="40.000000" />
  <attribute name="IntegralI" value="40.000000" />
  <attribute name="IntegralH" value="40.000000" />
  <attribute name="DerivativeT" value="1.600000" />
  <attribute name="DerivativeI" value="1.600000" />
  <attribute name="DerivativeH" value="1.600000" />
  <attribute name="Loop Time for DT" value="5.000000" />
  <attribute name="Output H" value="8388608"/>
  <attribute name="Output I" value="200"/>
  <attribute name="Output T" value="4"/>
  <attribute name="Target GC Util Change" value ="20.000000" />
  <attribute name="Current GC Util Change" value="28.000000"/>
  <attribute name="GC Util currently" value="28" />
  <attribute name="CPU Util currently" value="933992874089" />
<sys-end id="99" timestamp="2019-06-20T23:32:59.479" />
<exclusive-end id="100" timestamp="2019-06-20T23:32:59.479" durationms="10.308" />

<exclusive-start id="101" timestamp="2019-06-20T23:32:59.585" intervalms="116.187">
  <response-info timems="0.028" idlems="0.028" threads="0" lastid="0000000001902700" lastname="main" />
</exclusive-start>
<af-start id="102" threadId="0000000001903088" totalBytesRequested="6136" timestamp="2019-06-20T23:32:59.585" intervalms="3168.229" type="nursery" />
<cycle-start id="103" type="scavenge" contextid="0" timestamp="2019-06-20T23:32:59.585" intervalms="3167.744" />
<gc-start id="104" type="scavenge" contextid="103" timestamp="2019-06-20T23:32:59.586">
  <mem-info id="105" free="5502528" total="8388608" percent="65">
    <mem type="nursery" free="0" total="2097152" percent="0">
      <mem type="allocate" free="0" total="1310720" percent="0" />
      <mem type="survivor" free="0" total="786432" percent="0" />
    </mem>
    <mem type="tenure" free="5502528" total="6291456" percent="87">
      <mem type="soa" free="5188160" total="5977088" percent="86" />
      <mem type="loa" free="314368" total="314368" percent="100" />
    </mem>
    <remembered-set count="566" />
  </mem-info>
</gc-start>
<allocation-stats totalBytes="1108712" >
  <allocated-bytes non-tlh="62512" tlh="1046200" />
  <largest-consumer threadName="main" threadId="0000000001902700" bytes="1104616" />
</allocation-stats>
<gc-op id="106" type="scavenge" timems="0.497" contextid="103" timestamp="2019-06-20T23:32:59.586">
  <scavenger-info tenureage="3" tenuremask="fff8" tiltratio="62" />
  <memory-copied type="nursery" objects="2300" bytes="301288" bytesdiscarded="77048" />
  <memory-copied type="tenure" objects="231" bytes="57800" bytesdiscarded="0" />
  <finalization candidates="2" enqueued="0" />
  <references type="soft" candidates="3" cleared="0" enqueued="0" dynamicThreshold="28" maxThreshold="32" />
  <references type="weak" candidates="33" cleared="31" enqueued="31" />
  <references type="phantom" candidates="7" cleared="0" enqueued="0" />
</gc-op>
<gc-end id="107" type="scavenge" contextid="103" durationms="0.743" usertimems="0.000" systemtimems="4.000" timestamp="2019-06-20T23:32:59.586" activeThreads="4">
  <mem-info id="108" free="6405632" total="8388608" percent="76">
    <mem type="nursery" free="997840" total="2097152" percent="47">
      <mem type="allocate" free="997840" total="1376256" percent="72" />
      <mem type="survivor" free="0" total="720896" percent="0" />
    </mem>
    <mem type="tenure" free="5407792" total="6291456" percent="85" macro-fragmented="3110739">
      <mem type="soa" free="5093424" total="5977088" percent="85" />
      <mem type="loa" free="314368" total="314368" percent="100" />
    </mem>
    <pending-finalizers system="0" default="0" reference="31" classloader="0" />
    <remembered-set count="546" />
  </mem-info>
</gc-end>
<cycle-end id="109" type="scavenge" contextid="103" timestamp="2019-06-20T23:32:59.586" />
  <attribute name="elasticGC enabled" value="1" />
  <attribute name= "numThreadsSpecified" value="4" />
  <attribute name="heapSize specified" value="8388608" />
  <attribute name="Current GC Util" value="6" />
  <attribute name= "Current Time Running" value="15197" />
  <attribute name ="GC Interval" value="200" />
  <attribute name="ProportionalT" value="-21.000000" />
  <attribute name="ProportionalI" value="-21.000000" />
  <attribute name="ProportionalH" value="-21.000000" />
  <attribute name="Current Error" value="-14.000000" />
  <attribute name="IntegralT" value="-1498.000000" />
  <attribute name="IntegralI" value="-1498.000000" />
  <attribute name="IntegralH" value="-1498.000000" />
  <attribute name="DerivativeT" value="-0.205607" />
  <attribute name="DerivativeI" value="-0.205607" />
  <attribute name="DerivativeH" value="-0.205607" />
  <attribute name="Loop Time for DT" value="107.000000" />
  <attribute name="Output H" value="2092630016"/>
  <attribute name="Output I" value="200"/>
  <attribute name="Output T" value="4"/>
  <attribute name="Target GC Util Change" value ="20.000000" />
  <attribute name="Current GC Util Change" value="6.000000"/>
  <attribute name="GC Util currently" value="6" />
  <attribute name="CPU Util currently" value="2" />
<allocation-satisfied id="110" threadId="0000000001902700" bytesRequested="6136" />
<af-end id="111" timestamp="2019-06-20T23:32:59.586" threadId="0000000001903088" success="true" from="nursery"/>
<exclusive-end id="112" timestamp="2019-06-20T23:32:59.587" durationms="1.168" />

<exclusive-start id="113" timestamp="2019-06-20T23:32:59.639" intervalms="54.019">
  <response-info timems="0.027" idlems="0.027" threads="0" lastid="0000000001902700" lastname="main" />
</exclusive-start>
<af-start id="114" threadId="0000000001903088" totalBytesRequested="1264" timestamp="2019-06-20T23:32:59.639" intervalms="54.020" type="nursery" />
<cycle-start id="115" type="scavenge" contextid="0" timestamp="2019-06-20T23:32:59.640" intervalms="54.019" />
<gc-start id="116" type="scavenge" contextid="115" timestamp="2019-06-20T23:32:59.640">
  <mem-info id="117" free="5374832" total="8388608" percent="64">
    <mem type="nursery" free="0" total="2097152" percent="0">
      <mem type="allocate" free="0" total="1376256" percent="0" />
      <mem type="survivor" free="0" total="720896" percent="0" />
    </mem>
    <mem type="tenure" free="5374832" total="6291456" percent="85">
      <mem type="soa" free="5060464" total="5977088" percent="84" />
      <mem type="loa" free="314368" total="314368" percent="100" />
    </mem>
    <remembered-set count="947" />
  </mem-info>
</gc-start>
<allocation-stats totalBytes="1026296" >
  <allocated-bytes non-tlh="39096" tlh="987200" />
  <largest-consumer threadName="main" threadId="0000000001902700" bytes="1026296" />
</allocation-stats>
<gc-op id="118" type="scavenge" timems="0.403" contextid="115" timestamp="2019-06-20T23:32:59.640">
  <scavenger-info tenureage="3" tenuremask="ffc8" tiltratio="65" />
  <memory-copied type="nursery" objects="2468" bytes="352224" bytesdiscarded="90648" />
  <references type="soft" candidates="3" cleared="0" enqueued="0" dynamicThreshold="28" maxThreshold="32" />
  <references type="weak" candidates="3" cleared="2" enqueued="2" />
  <references type="phantom" candidates="7" cleared="0" enqueued="0" />
</gc-op>
<gc-end id="119" type="scavenge" contextid="115" durationms="0.659" usertimems="0.000" systemtimems="0.000" timestamp="2019-06-20T23:32:59.640" activeThreads="4">
  <mem-info id="120" free="6373664" total="8388608" percent="75">
    <mem type="nursery" free="998832" total="2097152" percent="47">
      <mem type="allocate" free="998832" total="1441792" percent="69" />
      <mem type="survivor" free="0" total="655360" percent="0" />
    </mem>
    <mem type="tenure" free="5374832" total="6291456" percent="85" macro-fragmented="2592282">
      <mem type="soa" free="5060464" total="5977088" percent="84" />
      <mem type="loa" free="314368" total="314368" percent="100" />
    </mem>
    <pending-finalizers system="0" default="0" reference="2" classloader="0" />
    <remembered-set count="945" />
  </mem-info>
</gc-end>
<cycle-end id="121" type="scavenge" contextid="115" timestamp="2019-06-20T23:32:59.640" />
  <attribute name="elasticGC enabled" value="1" />
  <attribute name= "numThreadsSpecified" value="4" />
  <attribute name="heapSize specified" value="8388608" />
  <attribute name="Current GC Util" value="1" />
  <attribute name= "Current Time Running" value="15251" />
  <attribute name ="GC Interval" value="200" />
  <attribute name="ProportionalT" value="-28.500000" />
  <attribute name="ProportionalI" value="-28.500000" />
  <attribute name="ProportionalH" value="-28.500000" />
  <attribute name="Current Error" value="-19.000000" />
  <attribute name="IntegralT" value="-1026.000000" />
  <attribute name="IntegralI" value="-1026.000000" />
  <attribute name="IntegralH" value="-1026.000000" />
  <attribute name="DerivativeT" value="-0.351852" />
  <attribute name="DerivativeI" value="-0.351852" />
  <attribute name="DerivativeH" value="-0.351852" />
  <attribute name="Loop Time for DT" value="54.000000" />
  <attribute name="Output H" value="2092630016"/>
  <attribute name="Output I" value="200"/>
  <attribute name="Output T" value="4"/>
  <attribute name="Target GC Util Change" value ="20.000000" />
  <attribute name="Current GC Util Change" value="1.000000"/>
  <attribute name="GC Util currently" value="1" />
  <attribute name="CPU Util currently" value="85371858221" />
<allocation-satisfied id="122" threadId="0000000001902700" bytesRequested="1264" />
<af-end id="123" timestamp="2019-06-20T23:32:59.640" threadId="0000000001903088" success="true" from="nursery"/>
<exclusive-end id="124" timestamp="2019-06-20T23:32:59.640" durationms="1.078" />

<exclusive-start id="125" timestamp="2019-06-20T23:32:59.962" intervalms="322.189">
  <response-info timems="0.029" idlems="0.029" threads="0" lastid="0000000001902700" lastname="main" />
</exclusive-start>
<af-start id="126" threadId="0000000001903088" totalBytesRequested="24" timestamp="2019-06-20T23:32:59.962" intervalms="322.181" type="nursery" />
<cycle-start id="127" type="scavenge" contextid="0" timestamp="2019-06-20T23:32:59.962" intervalms="322.168" />
<gc-start id="128" type="scavenge" contextid="127" timestamp="2019-06-20T23:32:59.962">
  <mem-info id="129" free="5357536" total="8388608" percent="63">
    <mem type="nursery" free="0" total="2097152" percent="0">
      <mem type="allocate" free="0" total="1441792" percent="0" />
      <mem type="survivor" free="0" total="655360" percent="0" />
    </mem>
    <mem type="tenure" free="5357536" total="6291456" percent="85">
      <mem type="soa" free="5043168" total="5977088" percent="84" />
      <mem type="loa" free="314368" total="314368" percent="100" />
    </mem>
    <remembered-set count="1185" />
  </mem-info>
</gc-start>
<allocation-stats totalBytes="1014672" >
  <allocated-bytes non-tlh="18560" tlh="996112" />
  <largest-consumer threadName="main" threadId="0000000001902700" bytes="1014672" />
</allocation-stats>
<gc-op id="130" type="scavenge" timems="0.846" contextid="127" timestamp="2019-06-20T23:32:59.963">
  <scavenger-info tenureage="3" tenuremask="fff8" tiltratio="68" />
  <memory-copied type="nursery" objects="12323" bytes="631576" bytesdiscarded="23728" />
  <memory-copied type="tenure" objects="1001" bytes="21984" bytesdiscarded="0" />
  <copy-failed type="nursery" objects="1001" bytes="21984" />
  <references type="soft" candidates="3" cleared="0" enqueued="0" dynamicThreshold="28" maxThreshold="32" />
  <references type="weak" candidates="3" cleared="2" enqueued="2" />
  <references type="phantom" candidates="8" cleared="2" enqueued="2" />
</gc-op>
<gc-end id="131" type="scavenge" contextid="127" durationms="1.056" usertimems="4.000" systemtimems="0.000" timestamp="2019-06-20T23:32:59.963" activeThreads="4">
  <mem-info id="132" free="5680864" total="8388608" percent="67">
    <mem type="nursery" free="393216" total="2097152" percent="18">
      <mem type="allocate" free="393216" total="1048576" percent="37" />
      <mem type="survivor" free="0" total="1048576" percent="0" />
    </mem>
    <mem type="tenure" free="5287648" total="6291456" percent="84" macro-fragmented="4479464">
      <mem type="soa" free="4973280" total="5977088" percent="83" />
      <mem type="loa" free="314368" total="314368" percent="100" />
    </mem>
    <pending-finalizers system="0" default="0" reference="4" classloader="0" />
    <remembered-set count="1838" />
  </mem-info>
</gc-end>
<cycle-end id="133" type="scavenge" contextid="127" timestamp="2019-06-20T23:32:59.963" />
  <attribute name="elasticGC enabled" value="1" />
  <attribute name= "numThreadsSpecified" value="4" />
  <attribute name="heapSize specified" value="8388608" />
  <attribute name="Current GC Util" value="0" />
  <attribute name= "Current Time Running" value="15573" />
  <attribute name ="GC Interval" value="200" />
  <attribute name="ProportionalT" value="-30.000000" />
  <attribute name="ProportionalI" value="-30.000000" />
  <attribute name="ProportionalH" value="-30.000000" />
  <attribute name="Current Error" value="-20.000000" />
  <attribute name="IntegralT" value="-6440.000000" />
  <attribute name="IntegralI" value="-6440.000000" />
  <attribute name="IntegralH" value="-6440.000000" />
  <attribute name="DerivativeT" value="-0.062112" />
  <attribute name="DerivativeI" value="-0.062112" />
  <attribute name="DerivativeH" value="-0.062112" />
  <attribute name="Loop Time for DT" value="322.000000" />
  <attribute name="Output H" value="2092630016"/>
  <attribute name="Output I" value="200"/>
  <attribute name="Output T" value="4"/>
  <attribute name="Target GC Util Change" value ="20.000000" />
  <attribute name="Current GC Util Change" value="0.000000"/>
  <attribute name="GC Util currently" value="0" />
  <attribute name="CPU Util currently" value="5" />
<allocation-satisfied id="134" threadId="0000000001902700" bytesRequested="24" />
<af-end id="135" timestamp="2019-06-20T23:32:59.963" threadId="0000000001903088" success="true" from="nursery"/>
<exclusive-end id="136" timestamp="2019-06-20T23:32:59.963" durationms="1.422" />

<exclusive-start id="137" timestamp="2019-06-20T23:33:00.153" intervalms="191.932">
  <response-info timems="0.028" idlems="0.028" threads="0" lastid="0000000001902700" lastname="main" />
</exclusive-start>
<af-start id="138" threadId="0000000001903088" totalBytesRequested="56" timestamp="2019-06-20T23:33:00.154" intervalms="191.939" type="nursery" />
<cycle-start id="139" type="scavenge" contextid="0" timestamp="2019-06-20T23:33:00.154" intervalms="191.943" />
<gc-start id="140" type="scavenge" contextid="139" timestamp="2019-06-20T23:33:00.154">
  <mem-info id="141" free="5287576" total="8388608" percent="63">
    <mem type="nursery" free="0" total="2097152" percent="0">
      <mem type="allocate" free="0" total="1048576" percent="0" />
      <mem type="survivor" free="0" total="1048576" percent="0" />
    </mem>
    <mem type="tenure" free="5287576" total="6291456" percent="84">
      <mem type="soa" free="4973208" total="5977088" percent="83" />
      <mem type="loa" free="314368" total="314368" percent="100" />
    </mem>
    <remembered-set count="1841" />
  </mem-info>
</gc-start>
<allocation-stats totalBytes="393208" >
  <allocated-bytes non-tlh="61128" tlh="332080" />
  <largest-consumer threadName="main" threadId="0000000001902700" bytes="393208" />
</allocation-stats>
<gc-op id="142" type="scavenge" timems="1.475" contextid="139" timestamp="2019-06-20T23:33:00.155">
  <scavenger-info tenureage="3" tenuremask="fff8" tiltratio="50" />
  <memory-copied type="nursery" objects="19516" bytes="649568" bytesdiscarded="83224" />
  <memory-copied type="tenure" objects="2148" bytes="286392" bytesdiscarded="0" />
  <references type="phantom" candidates="1" cleared="1" enqueued="1" />
</gc-op>
<gc-end id="143" type="scavenge" contextid="139" durationms="1.706" usertimems="4.000" systemtimems="0.000" timestamp="2019-06-20T23:33:00.155" activeThreads="4">
  <mem-info id="144" free="5350872" total="8388608" percent="63">
    <mem type="nursery" free="381312" total="2097152" percent="18">
      <mem type="allocate" free="381312" total="1114112" percent="34" />
      <mem type="survivor" free="0" total="983040" percent="0" />
    </mem>
    <mem type="tenure" free="4969560" total="6291456" percent="78" macro-fragmented="3110739">
      <mem type="soa" free="4655192" total="5977088" percent="77" />
      <mem type="loa" free="314368" total="314368" percent="100" />
    </mem>
    <pending-finalizers system="0" default="0" reference="1" classloader="0" />
    <remembered-set count="1403" />
  </mem-info>
</gc-end>
<cycle-end id="145" type="scavenge" contextid="139" timestamp="2019-06-20T23:33:00.155" />
  <attribute name="elasticGC enabled" value="1" />
  <attribute name= "numThreadsSpecified" value="4" />
  <attribute name="heapSize specified" value="8388608" />
  <attribute name="Current GC Util" value="0" />
  <attribute name= "Current Time Running" value="15765" />
  <attribute name ="GC Interval" value="200" />
  <attribute name="ProportionalT" value="-30.000000" />
  <attribute name="ProportionalI" value="-30.000000" />
  <attribute name="ProportionalH" value="-30.000000" />
  <attribute name="Current Error" value="-20.000000" />
  <attribute name="IntegralT" value="-3840.000000" />
  <attribute name="IntegralI" value="-3840.000000" />
  <attribute name="IntegralH" value="-3840.000000" />
  <attribute name="DerivativeT" value="-0.104167" />
  <attribute name="DerivativeI" value="-0.104167" />
  <attribute name="DerivativeH" value="-0.104167" />
  <attribute name="Loop Time for DT" value="192.000000" />
  <attribute name="Output H" value="2092630016"/>
  <attribute name="Output I" value="200"/>
  <attribute name="Output T" value="4"/>
  <attribute name="Target GC Util Change" value ="20.000000" />
  <attribute name="Current GC Util Change" value="0.000000"/>
  <attribute name="GC Util currently" value="0" />
  <attribute name="CPU Util currently" value="24024122076" />
<allocation-satisfied id="146" threadId="0000000001902700" bytesRequested="56" />
<af-end id="147" timestamp="2019-06-20T23:33:00.156" threadId="0000000001903088" success="true" from="nursery"/>
<exclusive-end id="148" timestamp="2019-06-20T23:33:00.156" durationms="2.254" />

<exclusive-start id="149" timestamp="2019-06-20T23:33:00.257" intervalms="103.504">
  <response-info timems="0.043" idlems="0.043" threads="0" lastid="0000000001902700" lastname="main" />
</exclusive-start>
<af-start id="150" threadId="0000000001903088" totalBytesRequested="24" timestamp="2019-06-20T23:33:00.257" intervalms="103.500" type="nursery" />
<cycle-start id="151" type="scavenge" contextid="0" timestamp="2019-06-20T23:33:00.257" intervalms="103.545" />
<gc-start id="152" type="scavenge" contextid="151" timestamp="2019-06-20T23:33:00.257">
  <mem-info id="153" free="4969528" total="8388608" percent="59">
    <mem type="nursery" free="0" total="2097152" percent="0">
      <mem type="allocate" free="0" total="1114112" percent="0" />
      <mem type="survivor" free="0" total="983040" percent="0" />
    </mem>
    <mem type="tenure" free="4969528" total="6291456" percent="78">
      <mem type="soa" free="4655160" total="5977088" percent="77" />
      <mem type="loa" free="314368" total="314368" percent="100" />
    </mem>
    <remembered-set count="1407" />
  </mem-info>
</gc-start>
<allocation-stats totalBytes="381216" >
  <allocated-bytes non-tlh="67368" tlh="313848" />
  <largest-consumer threadName="main" threadId="0000000001902700" bytes="381216" />
</allocation-stats>
<gc-op id="154" type="scavenge" timems="1.423" contextid="151" timestamp="2019-06-20T23:33:00.259">
  <scavenger-info tenureage="3" tenuremask="fff8" tiltratio="53" />
  <memory-copied type="nursery" objects="27270" bytes="862296" bytesdiscarded="106056" />
  <memory-copied type="tenure" objects="167" bytes="51560" bytesdiscarded="0" />
  <references type="phantom" candidates="2" cleared="1" enqueued="1" />
</gc-op>
<gc-end id="155" type="scavenge" contextid="151" durationms="1.750" usertimems="4.000" systemtimems="0.000" timestamp="2019-06-20T23:33:00.259" activeThreads="4">
  <mem-info id="156" free="5012840" total="8388608" percent="59">
    <mem type="nursery" free="80216" total="2097152" percent="3">
      <mem type="allocate" free="80216" total="1048576" percent="7" />
      <mem type="survivor" free="0" total="1048576" percent="0" />
    </mem>
    <mem type="tenure" free="4932624" total="6291456" percent="78" macro-fragmented="4479464">
      <mem type="soa" free="4618256" total="5977088" percent="77" />
      <mem type="loa" free="314368" total="314368" percent="100" />
    </mem>
    <pending-finalizers system="0" default="0" reference="1" classloader="0" />
    <remembered-set count="1185" />
  </mem-info>
</gc-end>
<cycle-end id="157" type="scavenge" contextid="151" timestamp="2019-06-20T23:33:00.259" />
  <attribute name="elasticGC enabled" value="1" />
  <attribute name= "numThreadsSpecified" value="4" />
  <attribute name="heapSize specified" value="8388608" />
  <attribute name="Current GC Util" value="2" />
  <attribute name= "Current Time Running" value="15869" />
  <attribute name ="GC Interval" value="200" />
  <attribute name="ProportionalT" value="-27.000000" />
  <attribute name="ProportionalI" value="-27.000000" />
  <attribute name="ProportionalH" value="-27.000000" />
  <attribute name="Current Error" value="-18.000000" />
  <attribute name="IntegralT" value="-1872.000000" />
  <attribute name="IntegralI" value="-1872.000000" />
  <attribute name="IntegralH" value="-1872.000000" />
  <attribute name="DerivativeT" value="-0.173077" />
  <attribute name="DerivativeI" value="-0.173077" />
  <attribute name="DerivativeH" value="-0.173077" />
  <attribute name="Loop Time for DT" value="104.000000" />
  <attribute name="Output H" value="2092630016"/>
  <attribute name="Output I" value="200"/>
  <attribute name="Output T" value="4"/>
  <attribute name="Target GC Util Change" value ="20.000000" />
  <attribute name="Current GC Util Change" value="2.000000"/>
  <attribute name="GC Util currently" value="2" />
  <attribute name="CPU Util currently" value="44488646883" />
<allocation-satisfied id="158" threadId="0000000001902700" bytesRequested="24" />
<af-end id="159" timestamp="2019-06-20T23:33:00.259" threadId="0000000001903088" success="true" from="nursery"/>
<exclusive-end id="160" timestamp="2019-06-20T23:33:00.259" durationms="2.279" />

<exclusive-start id="161" timestamp="2019-06-20T23:33:00.410" intervalms="152.827">
  <response-info timems="0.030" idlems="0.030" threads="0" lastid="0000000001902700" lastname="main" />
</exclusive-start>
<af-start id="162" threadId="0000000001903088" totalBytesRequested="80" timestamp="2019-06-20T23:33:00.410" intervalms="152.845" type="nursery" />
<cycle-start id="163" type="scavenge" contextid="0" timestamp="2019-06-20T23:33:00.410" intervalms="152.803" />
<gc-start id="164" type="scavenge" contextid="163" timestamp="2019-06-20T23:33:00.410">
  <mem-info id="165" free="4932624" total="8388608" percent="58">
    <mem type="nursery" free="0" total="2097152" percent="0">
      <mem type="allocate" free="0" total="1048576" percent="0" />
      <mem type="survivor" free="0" total="1048576" percent="0" />
    </mem>
    <mem type="tenure" free="4932624" total="6291456" percent="78">
      <mem type="soa" free="4618256" total="5977088" percent="77" />
      <mem type="loa" free="314368" total="314368" percent="100" />
    </mem>
    <remembered-set count="1186" />
  </mem-info>
</gc-start>
<allocation-stats totalBytes="80144" >
  <allocated-bytes non-tlh="24" tlh="80120" />
  <largest-consumer threadName="main" threadId="0000000001902700" bytes="80144" />
</allocation-stats>
<gc-op id="166" type="scavenge" timems="1.548" contextid="163" timestamp="2019-06-20T23:33:00.412">
  <scavenger-info tenureage="3" tenuremask="fff8" tiltratio="50" />
  <memory-copied type="nursery" objects="19996" bytes="664384" bytesdiscarded="215728" />
  <memory-copied type="tenure" objects="9630" bytes="266368" bytesdiscarded="48" />
  <references type="phantom" candidates="1" cleared="1" enqueued="1" />
</gc-op>
<gc-end id="167" type="scavenge" contextid="163" durationms="1.804" usertimems="0.000" systemtimems="0.000" timestamp="2019-06-20T23:33:00.412" activeThreads="4">
  <mem-info id="168" free="4869152" total="8388608" percent="58">
    <mem type="nursery" free="168464" total="2097152" percent="8">
      <mem type="allocate" free="168464" total="1048576" percent="16" />
      <mem type="survivor" free="0" total="1048576" percent="0" />
    </mem>
    <mem type="tenure" free="4700688" total="6291456" percent="74" macro-fragmented="2592282">
      <mem type="soa" free="4386320" total="5977088" percent="73" />
      <mem type="loa" free="314368" total="314368" percent="100" />
    </mem>
    <pending-finalizers system="0" default="0" reference="1" classloader="0" />
    <remembered-set count="93" />
  </mem-info>
</gc-end>
<cycle-end id="169" type="scavenge" contextid="163" timestamp="2019-06-20T23:33:00.412" />
  <attribute name="elasticGC enabled" value="1" />
  <attribute name= "numThreadsSpecified" value="4" />
  <attribute name="heapSize specified" value="8388608" />
  <attribute name="Current GC Util" value="1" />
  <attribute name= "Current Time Running" value="16022" />
  <attribute name ="GC Interval" value="200" />
  <attribute name="ProportionalT" value="-28.500000" />
  <attribute name="ProportionalI" value="-28.500000" />
  <attribute name="ProportionalH" value="-28.500000" />
  <attribute name="Current Error" value="-19.000000" />
  <attribute name="IntegralT" value="-2907.000000" />
  <attribute name="IntegralI" value="-2907.000000" />
  <attribute name="IntegralH" value="-2907.000000" />
  <attribute name="DerivativeT" value="-0.124183" />
  <attribute name="DerivativeI" value="-0.124183" />
  <attribute name="DerivativeH" value="-0.124183" />
  <attribute name="Loop Time for DT" value="153.000000" />
  <attribute name="Output H" value="2092630016"/>
  <attribute name="Output I" value="200"/>
  <attribute name="Output T" value="4"/>
  <attribute name="Target GC Util Change" value ="20.000000" />
  <attribute name="Current GC Util Change" value="1.000000"/>
  <attribute name="GC Util currently" value="1" />
  <attribute name="CPU Util currently" value="30203099529" />
<allocation-satisfied id="170" threadId="0000000001902700" bytesRequested="80" />
<af-end id="171" timestamp="2019-06-20T23:33:00.412" threadId="0000000001903088" success="true" from="nursery"/>
<exclusive-end id="172" timestamp="2019-06-20T23:33:00.412" durationms="2.221" />

<exclusive-start id="173" timestamp="2019-06-20T23:33:00.438" intervalms="28.529">
  <response-info timems="0.039" idlems="0.039" threads="0" lastid="0000000001902700" lastname="main" />
</exclusive-start>
<af-start id="174" threadId="0000000001903088" totalBytesRequested="16" timestamp="2019-06-20T23:33:00.438" intervalms="28.526" type="nursery" />
<cycle-start id="175" type="scavenge" contextid="0" timestamp="2019-06-20T23:33:00.438" intervalms="28.524" />
<gc-start id="176" type="scavenge" contextid="175" timestamp="2019-06-20T23:33:00.439">
  <mem-info id="177" free="4700688" total="8388608" percent="56">
    <mem type="nursery" free="0" total="2097152" percent="0">
      <mem type="allocate" free="0" total="1048576" percent="0" />
      <mem type="survivor" free="0" total="1048576" percent="0" />
    </mem>
    <mem type="tenure" free="4700688" total="6291456" percent="74">
      <mem type="soa" free="4386320" total="5977088" percent="73" />
      <mem type="loa" free="314368" total="314368" percent="100" />
    </mem>
    <remembered-set count="95" />
  </mem-info>
</gc-start>
<allocation-stats totalBytes="168392" >
  <allocated-bytes non-tlh="39632" tlh="128760" />
  <largest-consumer threadName="main" threadId="0000000001902700" bytes="168392" />
</allocation-stats>
<gc-op id="178" type="scavenge" timems="1.323" contextid="175" timestamp="2019-06-20T23:33:00.440">
  <scavenger-info tenureage="2" tenuremask="fffc" tiltratio="50" />
  <memory-copied type="nursery" objects="4081" bytes="161824" bytesdiscarded="218720" />
  <memory-copied type="tenure" objects="17554" bytes="575928" bytesdiscarded="16" />
  <references type="phantom" candidates="1" cleared="0" enqueued="0" />
</gc-op>
<gc-end id="179" type="scavenge" contextid="175" durationms="1.659" usertimems="0.000" systemtimems="0.000" timestamp="2019-06-20T23:33:00.440" activeThreads="4">
  <mem-info id="180" free="4765728" total="8388608" percent="56">
    <mem type="nursery" free="668032" total="2097152" percent="31">
      <mem type="allocate" free="668032" total="1048576" percent="63" />
      <mem type="survivor" free="0" total="1048576" percent="0" />
    </mem>
    <mem type="tenure" free="4097696" total="6291456" percent="65" macro-fragmented="0">
      <mem type="soa" free="3783328" total="5977088" percent="63" />
      <mem type="loa" free="314368" total="314368" percent="100" />
    </mem>
    <remembered-set count="68" />
  </mem-info>
</gc-end>
<cycle-end id="181" type="scavenge" contextid="175" timestamp="2019-06-20T23:33:00.440" />
  <attribute name="elasticGC enabled" value="1" />
  <attribute name= "numThreadsSpecified" value="4" />
  <attribute name="heapSize specified" value="8388608" />
  <attribute name="Current GC Util" value="11" />
  <attribute name= "Current Time Running" value="16050" />
  <attribute name ="GC Interval" value="200" />
  <attribute name="ProportionalT" value="-13.500000" />
  <attribute name="ProportionalI" value="-13.500000" />
  <attribute name="ProportionalH" value="-13.500000" />
  <attribute name="Current Error" value="-9.000000" />
  <attribute name="IntegralT" value="-252.000000" />
  <attribute name="IntegralI" value="-252.000000" />
  <attribute name="IntegralH" value="-252.000000" />
  <attribute name="DerivativeT" value="-0.321429" />
  <attribute name="DerivativeI" value="-0.321429" />
  <attribute name="DerivativeH" value="-0.321429" />
  <attribute name="Loop Time for DT" value="28.000000" />
  <attribute name="Output H" value="2092630016"/>
  <attribute name="Output I" value="200"/>
  <attribute name="Output T" value="4"/>
  <attribute name="Target GC Util Change" value ="20.000000" />
  <attribute name="Current GC Util Change" value="11.000000"/>
  <attribute name="GC Util currently" value="11" />
  <attribute name="CPU Util currently" value="161690177672" />
<allocation-satisfied id="182" threadId="0000000001902700" bytesRequested="16" />
<af-end id="183" timestamp="2019-06-20T23:33:00.440" threadId="0000000001903088" success="true" from="nursery"/>
<exclusive-end id="184" timestamp="2019-06-20T23:33:00.441" durationms="2.229" />

<exclusive-start id="185" timestamp="2019-06-20T23:33:00.827" intervalms="388.266">
  <response-info timems="0.027" idlems="0.027" threads="0" lastid="0000000001902700" lastname="main" />
</exclusive-start>
<af-start id="186" threadId="0000000001903088" totalBytesRequested="24" timestamp="2019-06-20T23:33:00.827" intervalms="388.250" type="nursery" />
<cycle-start id="187" type="scavenge" contextid="0" timestamp="2019-06-20T23:33:00.827" intervalms="388.251" />
<gc-start id="188" type="scavenge" contextid="187" timestamp="2019-06-20T23:33:00.827">
  <mem-info id="189" free="4097656" total="8388608" percent="48">
    <mem type="nursery" free="0" total="2097152" percent="0">
      <mem type="allocate" free="0" total="1048576" percent="0" />
      <mem type="survivor" free="0" total="1048576" percent="0" />
    </mem>
    <mem type="tenure" free="4097656" total="6291456" percent="65">
      <mem type="soa" free="3783288" total="5977088" percent="63" />
      <mem type="loa" free="314368" total="314368" percent="100" />
    </mem>
    <remembered-set count="72" />
  </mem-info>
</gc-start>
<allocation-stats totalBytes="667768" >
  <allocated-bytes non-tlh="66576" tlh="601192" />
  <largest-consumer threadName="main" threadId="0000000001902700" bytes="667768" />
</allocation-stats>
<gc-op id="190" type="scavenge" timems="1.118" contextid="187" timestamp="2019-06-20T23:33:00.828">
  <scavenger-info tenureage="2" tenuremask="fffc" tiltratio="50" />
  <memory-copied type="nursery" objects="17918" bytes="572336" bytesdiscarded="30000" />
  <memory-copied type="tenure" objects="1909" bytes="44560" bytesdiscarded="0" />
  <references type="phantom" candidates="3" cleared="3" enqueued="3" />
</gc-op>
<gc-end id="191" type="scavenge" contextid="187" durationms="1.324" usertimems="4.000" systemtimems="0.000" timestamp="2019-06-20T23:33:00.828" activeThreads="4">
  <mem-info id="192" free="4412568" total="8388608" percent="52">
    <mem type="nursery" free="446240" total="2097152" percent="21">
      <mem type="allocate" free="446240" total="1048576" percent="42" />
      <mem type="survivor" free="0" total="1048576" percent="0" />
    </mem>
    <mem type="tenure" free="3966328" total="6291456" percent="63" macro-fragmented="3110739">
      <mem type="soa" free="3651960" total="5977088" percent="61" />
      <mem type="loa" free="314368" total="314368" percent="100" />
    </mem>
    <pending-finalizers system="0" default="0" reference="3" classloader="0" />
    <remembered-set count="109" />
  </mem-info>
</gc-end>
<cycle-end id="193" type="scavenge" contextid="187" timestamp="2019-06-20T23:33:00.828" />
  <attribute name="elasticGC enabled" value="1" />
  <attribute name= "numThreadsSpecified" value="4" />
  <attribute name="heapSize specified" value="8388608" />
  <attribute name="Current GC Util" value="0" />
  <attribute name= "Current Time Running" value="16438" />
  <attribute name ="GC Interval" value="200" />
  <attribute name="ProportionalT" value="-30.000000" />
  <attribute name="ProportionalI" value="-30.000000" />
  <attribute name="ProportionalH" value="-30.000000" />
  <attribute name="Current Error" value="-20.000000" />
  <attribute name="IntegralT" value="-7760.000000" />
  <attribute name="IntegralI" value="-7760.000000" />
  <attribute name="IntegralH" value="-7760.000000" />
  <attribute name="DerivativeT" value="-0.051546" />
  <attribute name="DerivativeI" value="-0.051546" />
  <attribute name="DerivativeH" value="-0.051546" />
  <attribute name="Loop Time for DT" value="388.000000" />
  <attribute name="Output H" value="2092630016"/>
  <attribute name="Output I" value="200"/>
  <attribute name="Output T" value="4"/>
  <attribute name="Target GC Util Change" value ="20.000000" />
  <attribute name="Current GC Util Change" value="0.000000"/>
  <attribute name="GC Util currently" value="0" />
  <attribute name="CPU Util currently" value="11878025468" />
<allocation-satisfied id="194" threadId="0000000001902700" bytesRequested="24" />
<af-end id="195" timestamp="2019-06-20T23:33:00.828" threadId="0000000001903088" success="true" from="nursery"/>
<exclusive-end id="196" timestamp="2019-06-20T23:33:00.828" durationms="1.691" />

<exclusive-start id="197" timestamp="2019-06-20T23:33:01.035" intervalms="208.878">
  <response-info timems="0.025" idlems="0.025" threads="0" lastid="0000000001902700" lastname="main" />
</exclusive-start>
<af-start id="198" threadId="0000000001903088" totalBytesRequested="40384" timestamp="2019-06-20T23:33:01.036" intervalms="208.878" type="nursery" />
<cycle-start id="199" type="scavenge" contextid="0" timestamp="2019-06-20T23:33:01.036" intervalms="208.877" />
<gc-start id="200" type="scavenge" contextid="199" timestamp="2019-06-20T23:33:01.036">
  <mem-info id="201" free="3966328" total="8388608" percent="47">
    <mem type="nursery" free="0" total="2097152" percent="0">
      <mem type="allocate" free="0" total="1048576" percent="0" />
      <mem type="survivor" free="0" total="1048576" percent="0" />
    </mem>
    <mem type="tenure" free="3966328" total="6291456" percent="63">
      <mem type="soa" free="3651960" total="5977088" percent="61" />
      <mem type="loa" free="314368" total="314368" percent="100" />
    </mem>
    <remembered-set count="113" />
  </mem-info>
</gc-start>
<allocation-stats totalBytes="446160" >
  <allocated-bytes non-tlh="65272" tlh="380888" />
  <largest-consumer threadName="main" threadId="0000000001902700" bytes="446160" />
</allocation-stats>
<gc-op id="202" type="scavenge" timems="1.460" contextid="199" timestamp="2019-06-20T23:33:01.037">
  <scavenger-info tenureage="1" tenuremask="7ffe" tiltratio="50" />
  <memory-copied type="nursery" objects="9607" bytes="333976" bytesdiscarded="80712" />
  <memory-copied type="tenure" objects="17909" bytes="569464" bytesdiscarded="32" />
  <references type="phantom" candidates="2" cleared="1" enqueued="1" />
</gc-op>
<gc-end id="203" type="scavenge" contextid="199" durationms="1.678" usertimems="4.000" systemtimems="0.000" timestamp="2019-06-20T23:33:01.037" activeThreads="4">
  <mem-info id="204" free="4031384" total="8388608" percent="48">
    <mem type="nursery" free="699424" total="2097152" percent="33">
      <mem type="allocate" free="699424" total="1114112" percent="62" />
      <mem type="survivor" free="0" total="983040" percent="0" />
    </mem>
    <mem type="tenure" free="3331960" total="6291456" percent="52" macro-fragmented="2160235">
      <mem type="soa" free="3017592" total="5977088" percent="50" />
      <mem type="loa" free="314368" total="314368" percent="100" />
    </mem>
    <pending-finalizers system="0" default="0" reference="1" classloader="0" />
    <remembered-set count="70" />
  </mem-info>
</gc-end>
<cycle-end id="205" type="scavenge" contextid="199" timestamp="2019-06-20T23:33:01.037" />
  <attribute name="elasticGC enabled" value="1" />
  <attribute name= "numThreadsSpecified" value="4" />
  <attribute name="heapSize specified" value="8388608" />
  <attribute name="Current GC Util" value="1" />
  <attribute name= "Current Time Running" value="16647" />
  <attribute name ="GC Interval" value="200" />
  <attribute name="ProportionalT" value="-28.500000" />
  <attribute name="ProportionalI" value="-28.500000" />
  <attribute name="ProportionalH" value="-28.500000" />
  <attribute name="Current Error" value="-19.000000" />
  <attribute name="IntegralT" value="-3971.000000" />
  <attribute name="IntegralI" value="-3971.000000" />
  <attribute name="IntegralH" value="-3971.000000" />
  <attribute name="DerivativeT" value="-0.090909" />
  <attribute name="DerivativeI" value="-0.090909" />
  <attribute name="DerivativeH" value="-0.090909" />
  <attribute name="Loop Time for DT" value="209.000000" />
  <attribute name="Output H" value="2092630016"/>
  <attribute name="Output I" value="200"/>
  <attribute name="Output T" value="4"/>
  <attribute name="Target GC Util Change" value ="20.000000" />
  <attribute name="Current GC Util Change" value="1.000000"/>
  <attribute name="GC Util currently" value="1" />
  <attribute name="CPU Util currently" value="22078249318" />
<allocation-satisfied id="206" threadId="0000000001902700" bytesRequested="40384" />
<af-end id="207" timestamp="2019-06-20T23:33:01.038" threadId="0000000001903088" success="true" from="nursery"/>
<exclusive-end id="208" timestamp="2019-06-20T23:33:01.038" durationms="2.048" />

<exclusive-start id="209" timestamp="2019-06-20T23:33:01.313" intervalms="277.952">
  <response-info timems="0.061" idlems="0.061" threads="0" lastid="0000000001902700" lastname="main" />
</exclusive-start>
<af-start id="210" threadId="0000000001903088" totalBytesRequested="12880" timestamp="2019-06-20T23:33:01.314" intervalms="277.952" type="nursery" />
<cycle-start id="211" type="scavenge" contextid="0" timestamp="2019-06-20T23:33:01.314" intervalms="277.989" />
<gc-start id="212" type="scavenge" contextid="211" timestamp="2019-06-20T23:33:01.314">
  <mem-info id="213" free="3330200" total="8388608" percent="39">
    <mem type="nursery" free="0" total="2097152" percent="0">
      <mem type="allocate" free="0" total="1114112" percent="0" />
      <mem type="survivor" free="0" total="983040" percent="0" />
    </mem>
    <mem type="tenure" free="3330200" total="6291456" percent="52">
      <mem type="soa" free="3015832" total="5977088" percent="50" />
      <mem type="loa" free="314368" total="314368" percent="100" />
    </mem>
    <remembered-set count="102" />
  </mem-info>
</gc-start>
<allocation-stats totalBytes="696024" >
  <allocated-bytes non-tlh="107856" tlh="588168" />
  <largest-consumer threadName="main" threadId="0000000001902700" bytes="696024" />
</allocation-stats>
<gc-op id="214" type="scavenge" timems="1.044" contextid="211" timestamp="2019-06-20T23:33:01.315">
  <scavenger-info tenureage="1" tenuremask="7ffe" tiltratio="53" />
  <memory-copied type="nursery" objects="14853" bytes="484992" bytesdiscarded="48848" />
  <memory-copied type="tenure" objects="9525" bytes="314600" bytesdiscarded="24" />
  <references type="weak" candidates="5" cleared="5" enqueued="5" />
  <references type="phantom" candidates="1" cleared="1" enqueued="1" />
</gc-op>
<gc-end id="215" type="scavenge" contextid="211" durationms="1.257" usertimems="0.000" systemtimems="0.000" timestamp="2019-06-20T23:33:01.315" activeThreads="4">
  <mem-info id="216" free="3701064" total="8388608" percent="44">
    <mem type="nursery" free="645776" total="2097152" percent="30">
      <mem type="allocate" free="645776" total="1179648" percent="54" />
      <mem type="survivor" free="0" total="917504" percent="0" />
    </mem>
    <mem type="tenure" free="3055288" total="6291456" percent="48" macro-fragmented="2592282">
      <mem type="soa" free="2740920" total="5977088" percent="45" />
      <mem type="loa" free="314368" total="314368" percent="100" />
    </mem>
    <pending-finalizers system="0" default="0" reference="6" classloader="0" />
    <remembered-set count="95" />
  </mem-info>
</gc-end>
<cycle-end id="217" type="scavenge" contextid="211" timestamp="2019-06-20T23:33:01.315" />
  <attribute name="elasticGC enabled" value="1" />
  <attribute name= "numThreadsSpecified" value="4" />
  <attribute name="heapSize specified" value="8388608" />
  <attribute name="Current GC Util" value="1" />
  <attribute name= "Current Time Running" value="16925" />
  <attribute name ="GC Interval" value="200" />
  <attribute name="ProportionalT" value="-28.500000" />
  <attribute name="ProportionalI" value="-28.500000" />
  <attribute name="ProportionalH" value="-28.500000" />
  <attribute name="Current Error" value="-19.000000" />
  <attribute name="IntegralT" value="-5282.000000" />
  <attribute name="IntegralI" value="-5282.000000" />
  <attribute name="IntegralH" value="-5282.000000" />
  <attribute name="DerivativeT" value="-0.068345" />
  <attribute name="DerivativeI" value="-0.068345" />
  <attribute name="DerivativeH" value="-0.068345" />
  <attribute name="Loop Time for DT" value="278.000000" />
  <attribute name="Output H" value="2092630016"/>
  <attribute name="Output I" value="200"/>
  <attribute name="Output T" value="4"/>
  <attribute name="Target GC Util Change" value ="20.000000" />
  <attribute name="Current GC Util Change" value="1.000000"/>
  <attribute name="GC Util currently" value="1" />
  <attribute name="CPU Util currently" value="16589966723" />
<allocation-satisfied id="218" threadId="0000000001902700" bytesRequested="12880" />
<af-end id="219" timestamp="2019-06-20T23:33:01.315" threadId="0000000001903088" success="true" from="nursery"/>
<exclusive-end id="220" timestamp="2019-06-20T23:33:01.315" durationms="1.746" />

<exclusive-start id="221" timestamp="2019-06-20T23:33:01.334" intervalms="20.193">
  <response-info timems="0.057" idlems="0.057" threads="0" lastid="0000000001902700" lastname="main" />
</exclusive-start>
<af-start id="222" threadId="0000000001903088" totalBytesRequested="31752" timestamp="2019-06-20T23:33:01.334" intervalms="20.195" type="nursery" />
<cycle-start id="223" type="scavenge" contextid="0" timestamp="2019-06-20T23:33:01.334" intervalms="20.154" />
<gc-start id="224" type="scavenge" contextid="223" timestamp="2019-06-20T23:33:01.334">
  <mem-info id="225" free="3035712" total="8388608" percent="36">
    <mem type="nursery" free="0" total="2097152" percent="0">
      <mem type="allocate" free="0" total="1179648" percent="0" />
      <mem type="survivor" free="0" total="917504" percent="0" />
    </mem>
    <mem type="tenure" free="3035712" total="6291456" percent="48">
      <mem type="soa" free="2721344" total="5977088" percent="45" />
      <mem type="loa" free="314368" total="314368" percent="100" />
    </mem>
    <remembered-set count="484" />
  </mem-info>
</gc-start>
<allocation-stats totalBytes="627632" >
  <allocated-bytes non-tlh="32456" tlh="595176" />
  <largest-consumer threadName="main" threadId="0000000001902700" bytes="627632" />
</allocation-stats>
<gc-op id="226" type="scavenge" timems="0.962" contextid="223" timestamp="2019-06-20T23:33:01.335">
  <scavenger-info tenureage="1" tenuremask="7ffe" tiltratio="56" />
  <memory-copied type="nursery" objects="1028" bytes="91712" bytesdiscarded="63424" />
  <memory-copied type="tenure" objects="14818" bytes="483128" bytesdiscarded="24" />
  <references type="weak" candidates="1" cleared="0" enqueued="0" />
  <references type="phantom" candidates="1" cleared="0" enqueued="0" />
</gc-op>
<gc-end id="227" type="scavenge" contextid="223" durationms="1.184" usertimems="0.000" systemtimems="0.000" timestamp="2019-06-20T23:33:01.335" activeThreads="4">
  <mem-info id="228" free="3717832" total="8388608" percent="44">
    <mem type="nursery" free="1090040" total="2097152" percent="51">
      <mem type="allocate" free="1090040" total="1245184" percent="87" />
      <mem type="survivor" free="0" total="851968" percent="0" />
    </mem>
    <mem type="tenure" free="2627792" total="6291456" percent="41" macro-fragmented="2160235">
      <mem type="soa" free="2313424" total="5977088" percent="38" />
      <mem type="loa" free="314368" total="314368" percent="100" />
    </mem>
    <remembered-set count="475" />
  </mem-info>
</gc-end>
<cycle-end id="229" type="scavenge" contextid="223" timestamp="2019-06-20T23:33:01.335" />
  <attribute name="elasticGC enabled" value="1" />
  <attribute name= "numThreadsSpecified" value="4" />
  <attribute name="heapSize specified" value="8388608" />
  <attribute name="Current GC Util" value="10" />
  <attribute name= "Current Time Running" value="16945" />
  <attribute name ="GC Interval" value="200" />
  <attribute name="ProportionalT" value="-15.000000" />
  <attribute name="ProportionalI" value="-15.000000" />
  <attribute name="ProportionalH" value="-15.000000" />
  <attribute name="Current Error" value="-10.000000" />
  <attribute name="IntegralT" value="-200.000000" />
  <attribute name="IntegralI" value="-200.000000" />
  <attribute name="IntegralH" value="-200.000000" />
  <attribute name="DerivativeT" value="-0.500000" />
  <attribute name="DerivativeI" value="-0.500000" />
  <attribute name="DerivativeH" value="-0.500000" />
  <attribute name="Loop Time for DT" value="20.000000" />
  <attribute name="Output H" value="2092630016"/>
  <attribute name="Output I" value="200"/>
  <attribute name="Output T" value="4"/>
  <attribute name="Target GC Util Change" value ="20.000000" />
  <attribute name="Current GC Util Change" value="10.000000"/>
  <attribute name="GC Util currently" value="10" />
  <attribute name="CPU Util currently" value="228916597669" />
<allocation-satisfied id="230" threadId="0000000001902700" bytesRequested="31752" />
<af-end id="231" timestamp="2019-06-20T23:33:01.335" threadId="0000000001903088" success="true" from="nursery"/>
<exclusive-end id="232" timestamp="2019-06-20T23:33:01.335" durationms="1.581" />

<exclusive-start id="233" timestamp="2019-06-20T23:33:01.452" intervalms="118.733">
  <response-info timems="0.032" idlems="0.032" threads="0" lastid="0000000001902700" lastname="main" />
</exclusive-start>
<af-start id="234" threadId="0000000001903088" totalBytesRequested="3080" timestamp="2019-06-20T23:33:01.452" intervalms="118.743" type="nursery" />
<cycle-start id="235" type="scavenge" contextid="0" timestamp="2019-06-20T23:33:01.453" intervalms="118.747" />
<gc-start id="236" type="scavenge" contextid="235" timestamp="2019-06-20T23:33:01.453">
  <mem-info id="237" free="2605776" total="8388608" percent="31">
    <mem type="nursery" free="0" total="2097152" percent="0">
      <mem type="allocate" free="0" total="1245184" percent="0" />
      <mem type="survivor" free="0" total="851968" percent="0" />
    </mem>
    <mem type="tenure" free="2605776" total="6291456" percent="41">
      <mem type="soa" free="2291408" total="5977088" percent="38" />
      <mem type="loa" free="314368" total="314368" percent="100" />
    </mem>
    <remembered-set count="741" />
  </mem-info>
</gc-start>
<allocation-stats totalBytes="1109000" >
  <allocated-bytes non-tlh="101096" tlh="1007904" />
  <largest-consumer threadName="main" threadId="0000000001902700" bytes="1109000" />
</allocation-stats>
<gc-op id="238" type="scavenge" timems="0.362" contextid="235" timestamp="2019-06-20T23:33:01.453">
  <scavenger-info tenureage="2" tenuremask="7ffc" tiltratio="59" />
  <memory-copied type="nursery" objects="1944" bytes="113528" bytesdiscarded="81832" />
  <references type="weak" candidates="3" cleared="2" enqueued="2" />
  <references type="phantom" candidates="1" cleared="0" enqueued="0" />
</gc-op>
<gc-end id="239" type="scavenge" contextid="235" durationms="0.568" usertimems="0.000" systemtimems="0.000" timestamp="2019-06-20T23:33:01.453" activeThreads="4">
  <mem-info id="240" free="3786640" total="8388608" percent="45">
    <mem type="nursery" free="1180864" total="2097152" percent="56">
      <mem type="allocate" free="1180864" total="1376256" percent="85" />
      <mem type="survivor" free="0" total="720896" percent="0" />
    </mem>
    <mem type="tenure" free="2605776" total="6291456" percent="41" macro-fragmented="1800196">
      <mem type="soa" free="2291408" total="5977088" percent="38" />
      <mem type="loa" free="314368" total="314368" percent="100" />
    </mem>
    <pending-finalizers system="0" default="0" reference="2" classloader="0" />
    <remembered-set count="716" />
  </mem-info>
</gc-end>
<cycle-end id="241" type="scavenge" contextid="235" timestamp="2019-06-20T23:33:01.453" />
  <attribute name="elasticGC enabled" value="1" />
  <attribute name= "numThreadsSpecified" value="4" />
  <attribute name="heapSize specified" value="8388608" />
  <attribute name="Current GC Util" value="1" />
  <attribute name= "Current Time Running" value="17064" />
  <attribute name ="GC Interval" value="200" />
  <attribute name="ProportionalT" value="-28.500000" />
  <attribute name="ProportionalI" value="-28.500000" />
  <attribute name="ProportionalH" value="-28.500000" />
  <attribute name="Current Error" value="-19.000000" />
  <attribute name="IntegralT" value="-2261.000000" />
  <attribute name="IntegralI" value="-2261.000000" />
  <attribute name="IntegralH" value="-2261.000000" />
  <attribute name="DerivativeT" value="-0.159664" />
  <attribute name="DerivativeI" value="-0.159664" />
  <attribute name="DerivativeH" value="-0.159664" />
  <attribute name="Loop Time for DT" value="119.000000" />
  <attribute name="Output H" value="2092630016"/>
  <attribute name="Output I" value="200"/>
  <attribute name="Output T" value="4"/>
  <attribute name="Target GC Util Change" value ="20.000000" />
  <attribute name="Current GC Util Change" value="1.000000"/>
  <attribute name="GC Util currently" value="1" />
  <attribute name="CPU Util currently" value="5" />
<allocation-satisfied id="242" threadId="0000000001902700" bytesRequested="3080" />
<af-end id="243" timestamp="2019-06-20T23:33:01.453" threadId="0000000001903088" success="true" from="nursery"/>
<exclusive-end id="244" timestamp="2019-06-20T23:33:01.453" durationms="0.940" />

<exclusive-start id="245" timestamp="2019-06-20T23:33:01.483" intervalms="30.209">
  <response-info timems="0.120" idlems="0.120" threads="0" lastid="0000000001902700" lastname="main" />
</exclusive-start>
<af-start id="246" threadId="0000000001903088" totalBytesRequested="16" timestamp="2019-06-20T23:33:01.483" intervalms="30.234" type="nursery" />
<cycle-start id="247" type="scavenge" contextid="0" timestamp="2019-06-20T23:33:01.483" intervalms="30.232" />
<gc-start id="248" type="scavenge" contextid="247" timestamp="2019-06-20T23:33:01.483">
  <mem-info id="249" free="2590320" total="8388608" percent="30">
    <mem type="nursery" free="0" total="2097152" percent="0">
      <mem type="allocate" free="0" total="1376256" percent="0" />
      <mem type="survivor" free="0" total="720896" percent="0" />
    </mem>
    <mem type="tenure" free="2590320" total="6291456" percent="41">
      <mem type="soa" free="2275952" total="5977088" percent="38" />
      <mem type="loa" free="314368" total="314368" percent="100" />
    </mem>
    <remembered-set count="915" />
  </mem-info>
</gc-start>
<allocation-stats totalBytes="1195160" >
  <allocated-bytes non-tlh="18536" tlh="1176624" />
  <largest-consumer threadName="main" threadId="0000000001902700" bytes="1195160" />
</allocation-stats>
<gc-op id="250" type="scavenge" timems="0.615" contextid="247" timestamp="2019-06-20T23:33:01.483">
  <scavenger-info tenureage="3" tenuremask="7ff8" tiltratio="65" />
  <memory-copied type="nursery" objects="9168" bytes="520192" bytesdiscarded="160888" />
</gc-op>
<gc-end id="251" type="scavenge" contextid="247" durationms="0.836" usertimems="0.000" systemtimems="0.000" timestamp="2019-06-20T23:33:01.484" activeThreads="4">
  <mem-info id="252" free="3023256" total="8388608" percent="36">
    <mem type="nursery" free="432936" total="2097152" percent="20">
      <mem type="allocate" free="432936" total="1114112" percent="38" />
      <mem type="survivor" free="0" total="983040" percent="0" />
    </mem>
    <mem type="tenure" free="2590320" total="6291456" percent="41" macro-fragmented="1500163">
      <mem type="soa" free="2275952" total="5977088" percent="38" />
      <mem type="loa" free="314368" total="314368" percent="100" />
    </mem>
    <remembered-set count="546" />
  </mem-info>
</gc-end>
<cycle-end id="253" type="scavenge" contextid="247" timestamp="2019-06-20T23:33:01.484" />
  <attribute name="elasticGC enabled" value="1" />
  <attribute name= "numThreadsSpecified" value="4" />
  <attribute name="heapSize specified" value="8388608" />
  <attribute name="Current GC Util" value="2" />
  <attribute name= "Current Time Running" value="17094" />
  <attribute name ="GC Interval" value="200" />
  <attribute name="ProportionalT" value="-27.000000" />
  <attribute name="ProportionalI" value="-27.000000" />
  <attribute name="ProportionalH" value="-27.000000" />
  <attribute name="Current Error" value="-18.000000" />
  <attribute name="IntegralT" value="-540.000000" />
  <attribute name="IntegralI" value="-540.000000" />
  <attribute name="IntegralH" value="-540.000000" />
  <attribute name="DerivativeT" value="-0.600000" />
  <attribute name="DerivativeI" value="-0.600000" />
  <attribute name="DerivativeH" value="-0.600000" />
  <attribute name="Loop Time for DT" value="30.000000" />
  <attribute name="Output H" value="2092630016"/>
  <attribute name="Output I" value="200"/>
  <attribute name="Output T" value="4"/>
  <attribute name="Target GC Util Change" value ="20.000000" />
  <attribute name="Current GC Util Change" value="2.000000"/>
  <attribute name="GC Util currently" value="2" />
  <attribute name="CPU Util currently" value="152561977387" />
<allocation-satisfied id="254" threadId="0000000001902700" bytesRequested="16" />
<af-end id="255" timestamp="2019-06-20T23:33:01.484" threadId="0000000001903088" success="true" from="nursery"/>
<exclusive-end id="256" timestamp="2019-06-20T23:33:01.484" durationms="1.228" />

<exclusive-start id="257" timestamp="2019-06-20T23:33:01.491" intervalms="8.866">
  <response-info timems="0.053" idlems="0.053" threads="0" lastid="0000000001902700" lastname="main" />
</exclusive-start>
<af-start id="258" threadId="0000000001903088" totalBytesRequested="35184" timestamp="2019-06-20T23:33:01.492" intervalms="8.826" type="nursery" />
<cycle-start id="259" type="scavenge" contextid="0" timestamp="2019-06-20T23:33:01.492" intervalms="8.862" />
<gc-start id="260" type="scavenge" contextid="259" timestamp="2019-06-20T23:33:01.492">
  <mem-info id="261" free="2590320" total="8388608" percent="30">
    <mem type="nursery" free="0" total="2097152" percent="0">
      <mem type="allocate" free="0" total="1114112" percent="0" />
      <mem type="survivor" free="0" total="983040" percent="0" />
    </mem>
    <mem type="tenure" free="2590320" total="6291456" percent="41">
      <mem type="soa" free="2275952" total="5977088" percent="38" />
      <mem type="loa" free="314368" total="314368" percent="100" />
    </mem>
    <remembered-set count="552" />
  </mem-info>
</gc-start>
<allocation-stats totalBytes="423208" >
  <allocated-bytes non-tlh="16" tlh="423192" />
  <largest-consumer threadName="main" threadId="0000000001902700" bytes="423208" />
</allocation-stats>
<gc-op id="262" type="scavenge" timems="0.972" contextid="259" timestamp="2019-06-20T23:33:01.493">
  <scavenger-info tenureage="2" tenuremask="7ffc" tiltratio="53" />
  <memory-copied type="nursery" objects="12849" bytes="765512" bytesdiscarded="44936" />
  <memory-copied type="tenure" objects="1895" bytes="104672" bytesdiscarded="0" />
</gc-op>
<heap-resize id="263" type="expand" space="nursery" amount="131072" count="1" timems="0.090" reason="excessive time being spent scavenging" timestamp="2019-06-20T23:33:01.493" />
<gc-end id="264" type="scavenge" contextid="259" durationms="1.295" usertimems="0.000" systemtimems="0.000" timestamp="2019-06-20T23:33:01.493" activeThreads="4">
  <mem-info id="265" free="2756352" total="8519680" percent="32">
    <mem type="nursery" free="303544" total="2228224" percent="13">
      <mem type="allocate" free="303544" total="1114112" percent="27" />
      <mem type="survivor" free="0" total="1114112" percent="0" />
    </mem>
    <mem type="tenure" free="2452808" total="6291456" percent="38" macro-fragmented="1500163">
      <mem type="soa" free="2138440" total="5977088" percent="35" />
      <mem type="loa" free="314368" total="314368" percent="100" />
    </mem>
    <remembered-set count="305" />
  </mem-info>
</gc-end>
<cycle-end id="266" type="scavenge" contextid="259" timestamp="2019-06-20T23:33:01.493" />
  <attribute name="elasticGC enabled" value="1" />
  <attribute name= "numThreadsSpecified" value="4" />
  <attribute name="heapSize specified" value="8388608" />
  <attribute name="Current GC Util" value="15" />
  <attribute name= "Current Time Running" value="17103" />
  <attribute name ="GC Interval" value="200" />
  <attribute name="ProportionalT" value="-7.500000" />
  <attribute name="ProportionalI" value="-7.500000" />
  <attribute name="ProportionalH" value="-7.500000" />
  <attribute name="Current Error" value="-5.000000" />
  <attribute name="IntegralT" value="-45.000000" />
  <attribute name="IntegralI" value="-45.000000" />
  <attribute name="IntegralH" value="-45.000000" />
  <attribute name="DerivativeT" value="-0.555556" />
  <attribute name="DerivativeI" value="-0.555556" />
  <attribute name="DerivativeH" value="-0.555556" />
  <attribute name="Loop Time for DT" value="9.000000" />
  <attribute name="Output H" value="2092630016"/>
  <attribute name="Output I" value="200"/>
  <attribute name="Output T" value="4"/>
  <attribute name="Target GC Util Change" value ="20.000000" />
  <attribute name="Current GC Util Change" value="15.000000"/>
  <attribute name="GC Util currently" value="15" />
  <attribute name="CPU Util currently" value="521688541621" />
<allocation-satisfied id="267" threadId="0000000001902700" bytesRequested="35184" />
<af-end id="268" timestamp="2019-06-20T23:33:01.493" threadId="0000000001903088" success="true" from="nursery"/>
<exclusive-end id="269" timestamp="2019-06-20T23:33:01.493" durationms="1.676" />

<exclusive-start id="270" timestamp="2019-06-20T23:33:01.498" intervalms="6.737">
  <response-info timems="0.074" idlems="0.074" threads="0" lastid="0000000001902700" lastname="main" />
</exclusive-start>
<af-start id="271" threadId="0000000001903088" totalBytesRequested="35184" timestamp="2019-06-20T23:33:01.498" intervalms="6.722" type="nursery" />
<cycle-start id="272" type="scavenge" contextid="0" timestamp="2019-06-20T23:33:01.498" intervalms="6.679" />
<gc-start id="273" type="scavenge" contextid="272" timestamp="2019-06-20T23:33:01.498">
  <mem-info id="274" free="2452808" total="8519680" percent="28">
    <mem type="nursery" free="0" total="2228224" percent="0">
      <mem type="allocate" free="0" total="1114112" percent="0" />
      <mem type="survivor" free="0" total="1114112" percent="0" />
    </mem>
    <mem type="tenure" free="2452808" total="6291456" percent="38">
      <mem type="soa" free="2138440" total="5977088" percent="35" />
      <mem type="loa" free="314368" total="314368" percent="100" />
    </mem>
    <remembered-set count="309" />
  </mem-info>
</gc-start>
<allocation-stats totalBytes="270336" >
  <allocated-bytes non-tlh="35184" tlh="235152" />
  <largest-consumer threadName="main" threadId="0000000001902700" bytes="270336" />
</allocation-stats>
<gc-op id="275" type="scavenge" timems="1.006" contextid="272" timestamp="2019-06-20T23:33:01.499">
  <scavenger-info tenureage="1" tenuremask="7ffe" tiltratio="50" />
  <memory-copied type="nursery" objects="3796" bytes="224496" bytesdiscarded="102872" />
  <memory-copied type="tenure" objects="12671" bytes="762552" bytesdiscarded="592" />
</gc-op>
<heap-resize id="276" type="expand" space="nursery" amount="262144" count="1" timems="0.013" reason="excessive time being spent scavenging" timestamp="2019-06-20T23:33:01.499" />
<gc-end id="277" type="scavenge" contextid="272" durationms="1.387" usertimems="0.000" systemtimems="0.000" timestamp="2019-06-20T23:33:01.500" activeThreads="4">
  <mem-info id="278" free="2708728" total="8781824" percent="30">
    <mem type="nursery" free="983320" total="2490368" percent="39">
      <mem type="allocate" free="983320" total="1310720" percent="75" />
      <mem type="survivor" free="0" total="1179648" percent="0" />
    </mem>
    <mem type="tenure" free="1725408" total="6291456" percent="27" macro-fragmented="0">
      <mem type="soa" free="1411040" total="5977088" percent="23" />
      <mem type="loa" free="314368" total="314368" percent="100" />
    </mem>
    <remembered-set count="109" />
  </mem-info>
</gc-end>
<cycle-end id="279" type="scavenge" contextid="272" timestamp="2019-06-20T23:33:01.500" />
  <attribute name="elasticGC enabled" value="1" />
  <attribute name= "numThreadsSpecified" value="4" />
  <attribute name="heapSize specified" value="8388608" />
  <attribute name="Current GC Util" value="28" />
  <attribute name= "Current Time Running" value="17110" />
  <attribute name ="GC Interval" value="200" />
  <attribute name="ProportionalT" value="12.000000" />
  <attribute name="ProportionalI" value="12.000000" />
  <attribute name="ProportionalH" value="12.000000" />
  <attribute name="Current Error" value="8.000000" />
  <attribute name="IntegralT" value="56.000000" />
  <attribute name="IntegralI" value="56.000000" />
  <attribute name="IntegralH" value="56.000000" />
  <attribute name="DerivativeT" value="1.142857" />
  <attribute name="DerivativeI" value="1.142857" />
  <attribute name="DerivativeH" value="1.142857" />
  <attribute name="Loop Time for DT" value="7.000000" />
  <attribute name="Output H" value="8388608"/>
  <attribute name="Output I" value="200"/>
  <attribute name="Output T" value="4"/>
  <attribute name="Target GC Util Change" value ="20.000000" />
  <attribute name="Current GC Util Change" value="28.000000"/>
  <attribute name="GC Util currently" value="28" />
  <attribute name="CPU Util currently" value="690552756339" />
<allocation-satisfied id="280" threadId="0000000001902700" bytesRequested="35184" />
<af-end id="281" timestamp="2019-06-20T23:33:01.500" threadId="0000000001903088" success="true" from="nursery"/>
<exclusive-end id="282" timestamp="2019-06-20T23:33:01.500" durationms="1.706" />

<exclusive-start id="283" timestamp="2019-06-20T23:33:01.521" intervalms="23.144">
  <response-info timems="0.068" idlems="0.068" threads="0" lastid="0000000001902700" lastname="main" />
</exclusive-start>
<af-start id="284" threadId="0000000001903088" totalBytesRequested="61032" timestamp="2019-06-20T23:33:01.521" intervalms="23.202" type="nursery" />
<cycle-start id="285" type="scavenge" contextid="0" timestamp="2019-06-20T23:33:01.522" intervalms="23.249" />
<gc-start id="286" type="scavenge" contextid="285" timestamp="2019-06-20T23:33:01.522">
  <mem-info id="287" free="1727320" total="8781824" percent="19">
    <mem type="nursery" free="1912" total="2490368" percent="0">
      <mem type="allocate" free="1912" total="1310720" percent="0" />
      <mem type="survivor" free="0" total="1179648" percent="0" />
    </mem>
    <mem type="tenure" free="1725408" total="6291456" percent="27">
      <mem type="soa" free="1411040" total="5977088" percent="23" />
      <mem type="loa" free="314368" total="314368" percent="100" />
    </mem>
    <remembered-set count="124" />
  </mem-info>
</gc-start>
<allocation-stats totalBytes="980688" >
  <allocated-bytes non-tlh="279312" tlh="701376" />
  <largest-consumer threadName="main" threadId="0000000001902700" bytes="980688" />
</allocation-stats>
<gc-op id="288" type="scavenge" timems="1.031" contextid="285" timestamp="2019-06-20T23:33:01.523">
  <scavenger-info tenureage="1" tenuremask="7ffe" tiltratio="52" />
  <memory-copied type="nursery" objects="11033" bytes="835680" bytesdiscarded="126744" />
  <memory-copied type="tenure" objects="3618" bytes="221536" bytesdiscarded="32" />
</gc-op>
<gc-end id="289" type="scavenge" contextid="285" durationms="1.240" usertimems="0.000" systemtimems="0.000" timestamp="2019-06-20T23:33:01.523" activeThreads="4">
  <mem-info id="290" free="1832080" total="8781824" percent="20">
    <mem type="nursery" free="282664" total="2490368" percent="11">
      <mem type="allocate" free="282664" total="1245184" percent="22" />
      <mem type="survivor" free="0" total="1245184" percent="0" />
    </mem>
    <mem type="tenure" free="1549416" total="6291456" percent="24" macro-fragmented="1041779">
      <mem type="soa" free="1235048" total="5977088" percent="20" />
      <mem type="loa" free="314368" total="314368" percent="100" />
    </mem>
    <remembered-set count="119" />
  </mem-info>
</gc-end>
<cycle-end id="291" type="scavenge" contextid="285" timestamp="2019-06-20T23:33:01.523" />
  <attribute name="elasticGC enabled" value="1" />
  <attribute name= "numThreadsSpecified" value="4" />
  <attribute name="heapSize specified" value="8388608" />
  <attribute name="Current GC Util" value="9" />
  <attribute name= "Current Time Running" value="17133" />
  <attribute name ="GC Interval" value="200" />
  <attribute name="ProportionalT" value="-16.500000" />
  <attribute name="ProportionalI" value="-16.500000" />
  <attribute name="ProportionalH" value="-16.500000" />
  <attribute name="Current Error" value="-11.000000" />
  <attribute name="IntegralT" value="-253.000000" />
  <attribute name="IntegralI" value="-253.000000" />
  <attribute name="IntegralH" value="-253.000000" />
  <attribute name="DerivativeT" value="-0.826087" />
  <attribute name="DerivativeI" value="-0.826087" />
  <attribute name="DerivativeH" value="-0.826087" />
  <attribute name="Loop Time for DT" value="23.000000" />
  <attribute name="Output H" value="2092630016"/>
  <attribute name="Output I" value="200"/>
  <attribute name="Output T" value="4"/>
  <attribute name="Target GC Util Change" value ="20.000000" />
  <attribute name="Current GC Util Change" value="9.000000"/>
  <attribute name="GC Util currently" value="9" />
  <attribute name="CPU Util currently" value="198202467327" />
<allocation-satisfied id="292" threadId="0000000001902700" bytesRequested="61032" />
<af-end id="293" timestamp="2019-06-20T23:33:01.523" threadId="0000000001903088" success="true" from="nursery"/>
<exclusive-end id="294" timestamp="2019-06-20T23:33:01.523" durationms="1.691" />

<exclusive-start id="295" timestamp="2019-06-20T23:33:01.533" intervalms="12.095">
  <response-info timems="0.023" idlems="0.023" threads="0" lastid="0000000001902700" lastname="main" />
</exclusive-start>
<af-start id="296" threadId="0000000001903088" totalBytesRequested="32" timestamp="2019-06-20T23:33:01.534" intervalms="12.123" type="nursery" />
<cycle-start id="297" type="scavenge" contextid="0" timestamp="2019-06-20T23:33:01.534" intervalms="12.165" />
<gc-start id="298" type="scavenge" contextid="297" timestamp="2019-06-20T23:33:01.534">
  <mem-info id="299" free="1549416" total="8781824" percent="17">
    <mem type="nursery" free="0" total="2490368" percent="0">
      <mem type="allocate" free="0" total="1245184" percent="0" />
      <mem type="survivor" free="0" total="1245184" percent="0" />
    </mem>
    <mem type="tenure" free="1549416" total="6291456" percent="24">
      <mem type="soa" free="1235048" total="5977088" percent="20" />
      <mem type="loa" free="314368" total="314368" percent="100" />
    </mem>
    <remembered-set count="121" />
  </mem-info>
</gc-start>
<allocation-stats totalBytes="282552" >
  <allocated-bytes non-tlh="122064" tlh="160488" />
  <largest-consumer threadName="main" threadId="0000000001902700" bytes="282552" />
</allocation-stats>
<gc-op id="300" type="scavenge" timems="1.153" contextid="297" timestamp="2019-06-20T23:33:01.535">
  <scavenger-info tenureage="1" tenuremask="7ffe" tiltratio="50" />
  <memory-copied type="nursery" objects="2850" bytes="237160" bytesdiscarded="190816" />
  <memory-copied type="tenure" objects="10873" bytes="833120" bytesdiscarded="32" />
</gc-op>
<heap-resize id="301" type="expand" space="nursery" amount="131072" count="1" timems="0.013" reason="excessive time being spent scavenging" timestamp="2019-06-20T23:33:01.535" />
<gc-end id="302" type="scavenge" contextid="297" durationms="1.472" usertimems="0.000" systemtimems="0.000" timestamp="2019-06-20T23:33:01.535" activeThreads="4">
  <mem-info id="303" free="1556032" total="8912896" percent="17">
    <mem type="nursery" free="882728" total="2621440" percent="33">
      <mem type="allocate" free="882728" total="1310720" percent="67" />
      <mem type="survivor" free="0" total="1310720" percent="0" />
    </mem>
    <mem type="tenure" free="673304" total="6291456" percent="10" macro-fragmented="533025">
      <mem type="soa" free="358936" total="5977088" percent="6" />
      <mem type="loa" free="314368" total="314368" percent="100" />
    </mem>
    <remembered-set count="89" />
  </mem-info>
</gc-end>
<cycle-end id="304" type="scavenge" contextid="297" timestamp="2019-06-20T23:33:01.535" />
  <attribute name="elasticGC enabled" value="1" />
  <attribute name= "numThreadsSpecified" value="4" />
  <attribute name="heapSize specified" value="8388608" />
  <attribute name="Current GC Util" value="17" />
  <attribute name= "Current Time Running" value="17145" />
  <attribute name ="GC Interval" value="200" />
  <attribute name="ProportionalT" value="-4.500000" />
  <attribute name="ProportionalI" value="-4.500000" />
  <attribute name="ProportionalH" value="-4.500000" />
  <attribute name="Current Error" value="-3.000000" />
  <attribute name="IntegralT" value="-36.000000" />
  <attribute name="IntegralI" value="-36.000000" />
  <attribute name="IntegralH" value="-36.000000" />
  <attribute name="DerivativeT" value="-0.250000" />
  <attribute name="DerivativeI" value="-0.250000" />
  <attribute name="DerivativeH" value="-0.250000" />
  <attribute name="Loop Time for DT" value="12.000000" />
  <attribute name="Output H" value="2092630016"/>
  <attribute name="Output I" value="200"/>
  <attribute name="Output T" value="4"/>
  <attribute name="Target GC Util Change" value ="20.000000" />
  <attribute name="Current GC Util Change" value="17.000000"/>
  <attribute name="GC Util currently" value="17" />
  <attribute name="CPU Util currently" value="376339097131" />
<allocation-satisfied id="305" threadId="0000000001902700" bytesRequested="32" />
<af-end id="306" timestamp="2019-06-20T23:33:01.535" threadId="0000000001903088" success="true" from="nursery"/>
<exclusive-end id="307" timestamp="2019-06-20T23:33:01.535" durationms="2.059" />

<concurrent-kickoff id="308" timestamp="2019-06-20T23:33:01.540">
  <kickoff reason="threshold reached" targetBytes="1867303" thresholdFreeBytes="258146"  remainingFree="191872" tenureFreeBytes="673304" nurseryFreeBytes="191872" />
</concurrent-kickoff>
<exclusive-start id="309" timestamp="2019-06-20T23:33:01.540" intervalms="6.394">
  <response-info timems="0.072" idlems="0.072" threads="0" lastid="0000000001902700" lastname="main" />
</exclusive-start>
<cycle-start id="310" type="global" contextid="0" timestamp="2019-06-20T23:33:01.540" intervalms="2070.209" />
<exclusive-end id="311" timestamp="2019-06-20T23:33:01.540" durationms="0.086" />

<exclusive-start id="312" timestamp="2019-06-20T23:33:01.542" intervalms="2.475">
  <response-info timems="0.052" idlems="0.052" threads="0" lastid="0000000001902700" lastname="main" />
</exclusive-start>
<af-start id="313" threadId="0000000001903088" totalBytesRequested="65248" timestamp="2019-06-20T23:33:01.542" intervalms="8.823" type="nursery" />
<cycle-start id="314" type="scavenge" contextid="0" timestamp="2019-06-20T23:33:01.542" intervalms="8.779" />
<gc-start id="315" type="scavenge" contextid="314" timestamp="2019-06-20T23:33:01.543">
  <mem-info id="316" free="689048" total="8912896" percent="7">
    <mem type="nursery" free="15744" total="2621440" percent="0">
      <mem type="allocate" free="15744" total="1310720" percent="1" />
      <mem type="survivor" free="0" total="1310720" percent="0" />
    </mem>
    <mem type="tenure" free="673304" total="6291456" percent="10">
      <mem type="soa" free="358936" total="5977088" percent="6" />
      <mem type="loa" free="314368" total="314368" percent="100" />
    </mem>
    <remembered-set count="104" />
  </mem-info>
</gc-start>
<allocation-stats totalBytes="865752" >
  <allocated-bytes non-tlh="133832" tlh="731920" />
  <largest-consumer threadName="main" threadId="0000000001902700" bytes="865752" />
</allocation-stats>
<gc-op id="317" type="scavenge" timems="0.878" contextid="314" timestamp="2019-06-20T23:33:01.544">
  <scavenger-info tenureage="1" tenuremask="7ffe" tiltratio="50" />
  <memory-copied type="nursery" objects="11782" bytes="705336" bytesdiscarded="208936" />
  <memory-copied type="tenure" objects="2850" bytes="237160" bytesdiscarded="48" />
</gc-op>
<heap-resize id="318" type="expand" space="nursery" amount="262144" count="1" timems="0.012" reason="excessive time being spent scavenging" timestamp="2019-06-20T23:33:01.544" />
<gc-end id="319" type="scavenge" contextid="314" durationms="1.153" usertimems="4.000" systemtimems="0.000" timestamp="2019-06-20T23:33:01.544" activeThreads="4">
  <mem-info id="320" free="938056" total="9175040" percent="10">
    <mem type="nursery" free="527408" total="2883584" percent="18">
      <mem type="allocate" free="527408" total="1441792" percent="36" />
      <mem type="survivor" free="0" total="1441792" percent="0" />
    </mem>
    <mem type="tenure" free="410648" total="6291456" percent="6" macro-fragmented="290741">
      <mem type="soa" free="96280" total="5977088" percent="1" />
      <mem type="loa" free="314368" total="314368" percent="100" />
    </mem>
    <remembered-set count="100" />
  </mem-info>
</gc-end>
<cycle-end id="321" type="scavenge" contextid="314" timestamp="2019-06-20T23:33:01.544" />
  <attribute name="elasticGC enabled" value="1" />
  <attribute name= "numThreadsSpecified" value="4" />
  <attribute name="heapSize specified" value="8388608" />
  <attribute name="Current GC Util" value="26" />
  <attribute name= "Current Time Running" value="17154" />
  <attribute name ="GC Interval" value="200" />
  <attribute name="ProportionalT" value="9.000000" />
  <attribute name="ProportionalI" value="9.000000" />
  <attribute name="ProportionalH" value="9.000000" />
  <attribute name="Current Error" value="6.000000" />
  <attribute name="IntegralT" value="54.000000" />
  <attribute name="IntegralI" value="54.000000" />
  <attribute name="IntegralH" value="54.000000" />
  <attribute name="DerivativeT" value="0.666667" />
  <attribute name="DerivativeI" value="0.666667" />
  <attribute name="DerivativeH" value="0.666667" />
  <attribute name="Loop Time for DT" value="9.000000" />
  <attribute name="Output H" value="8388608"/>
  <attribute name="Output I" value="200"/>
  <attribute name="Output T" value="4"/>
  <attribute name="Target GC Util Change" value ="20.000000" />
  <attribute name="Current GC Util Change" value="26.000000"/>
  <attribute name="GC Util currently" value="26" />
  <attribute name="CPU Util currently" value="528754231957" />
<allocation-satisfied id="322" threadId="0000000001902700" bytesRequested="65248" />
<af-end id="323" timestamp="2019-06-20T23:33:01.544" threadId="0000000001903088" success="true" from="nursery"/>
<exclusive-end id="324" timestamp="2019-06-20T23:33:01.545" durationms="2.245" />

<exclusive-start id="325" timestamp="2019-06-20T23:33:01.553" intervalms="10.728">
  <response-info timems="0.459" idlems="0.250" threads="2" lastid="0000000001BECC00" lastname="node-24" />
</exclusive-start>
<concurrent-collection-start id="326" timestamp="2019-06-20T23:33:01.553" intervalms="17299.961" >
  <concurrent-trace-info reason="card cleaning threshold reached" tracedByMutators="1664744" tracedByHelpers="2735468" cardsCleaned="41" workStackOverflowCount="0" />
</concurrent-collection-start>
<gc-start id="327" type="global" contextid="310" timestamp="2019-06-20T23:33:01.553">
  <mem-info id="328" free="462744" total="9175040" percent="5">
    <mem type="nursery" free="52096" total="2883584" percent="1">
      <mem type="allocate" free="52096" total="1441792" percent="3" />
      <mem type="survivor" free="0" total="1441792" percent="0" />
    </mem>
    <mem type="tenure" free="410648" total="6291456" percent="6">
      <mem type="soa" free="96280" total="5977088" percent="1" />
      <mem type="loa" free="314368" total="314368" percent="100" />
    </mem>
    <remembered-set count="111" />
  </mem-info>
</gc-start>
<allocation-stats totalBytes="475272" >
  <allocated-bytes non-tlh="171344" tlh="303928" />
  <largest-consumer threadName="main" threadId="0000000001902700" bytes="467080" />
</allocation-stats>
<gc-op id="329" type="rs-scan" timems="0.277" contextid="310" timestamp="2019-06-20T23:33:01.554">
  <scan objectsFound="86" bytesTraced="6544" workStackOverflowCount="0" />
</gc-op>
<gc-op id="330" type="card-cleaning" timems="0.646" contextid="310" timestamp="2019-06-20T23:33:01.554">
  <card-cleaning cardsCleaned="6" bytesTraced="884904" workStackOverflowCount="0" />
</gc-op>
<gc-op id="331" type="mark" timems="0.581" contextid="310" timestamp="2019-06-20T23:33:01.555">
  <trace-info objectcount="97" scancount="97" scanbytes="1656" />
  <finalization candidates="13" enqueued="0" />
  <references type="soft" candidates="66" cleared="0" enqueued="0" dynamicThreshold="28" maxThreshold="32" />
  <references type="weak" candidates="130" cleared="0" enqueued="0" />
  <references type="phantom" candidates="33" cleared="3" enqueued="3" />
  <stringconstants candidates="3824" cleared="0"  />
</gc-op>
<gc-op id="332" type="sweep" timems="0.254" contextid="310" timestamp="2019-06-20T23:33:01.555" />
<mem-info id="333" free="848144" total="9175040" percent="9">
  <mem type="nursery" free="286928" total="2883584" percent="9">
    <mem type="allocate" free="286928" total="1441792" percent="19" />
    <mem type="survivor" free="0" total="1441792" percent="0" />
  </mem>
  <mem type="tenure" free="561216" total="6291456" percent="8" micro-fragmented="0" macro-fragmented="0">
    <mem type="soa" free="246848" total="5977088" percent="4" />
    <mem type="loa" free="314368" total="314368" percent="100" />
  </mem>
  <pending-finalizers system="0" default="0" reference="3" classloader="0" />
  <remembered-set count="110" />
</mem-info>
<gc-op id="334" type="compact" timems="46.103" contextid="310" timestamp="2019-06-20T23:33:01.602">
  <compact-info movecount="125879" movebytes="5962392" reason="compact to aid heap contraction" />
</gc-op>
<heap-resize id="335" type="contract" space="tenure" amount="262144" count="1" timems="0.099" reason="heap reconfiguration" timestamp="2019-06-20T23:33:01.602" />
<gc-end id="336" type="global" contextid="310" durationms="49.034" usertimems="60.000" systemtimems="0.000" timestamp="2019-06-20T23:33:01.602" activeThreads="4">
  <mem-info id="337" free="596112" total="8912896" percent="6">
    <mem type="nursery" free="347344" total="2883584" percent="12">
      <mem type="allocate" free="347344" total="1441792" percent="24" />
      <mem type="survivor" free="0" total="1441792" percent="0" />
    </mem>
    <mem type="tenure" free="248768" total="6029312" percent="4">
      <mem type="soa" free="0" total="5728256" percent="0" />
      <mem type="loa" free="248768" total="301056" percent="82" />
    </mem>
    <pending-finalizers system="0" default="0" reference="3" classloader="0" />
    <remembered-set count="110" />
  </mem-info>
</gc-end>
<cycle-end id="338" type="global" contextid="310" timestamp="2019-06-20T23:33:01.602" />
  <attribute name="elasticGC enabled" value="1" />
  <attribute name= "numThreadsSpecified" value="4" />
  <attribute name="heapSize specified" value="9175040" />
  <attribute name="Current GC Util" value="23" />
  <attribute name= "Current Time Running" value="17213" />
  <attribute name ="GC Interval" value="200" />
  <attribute name="ProportionalT" value="4.500000" />
  <attribute name="ProportionalI" value="4.500000" />
  <attribute name="ProportionalH" value="4.500000" />
  <attribute name="Current Error" value="3.000000" />
  <attribute name="IntegralT" value="138.000000" />
  <attribute name="IntegralI" value="138.000000" />
  <attribute name="IntegralH" value="138.000000" />
  <attribute name="DerivativeT" value="0.065217" />
  <attribute name="DerivativeI" value="0.065217" />
  <attribute name="DerivativeH" value="0.065217" />
  <attribute name="Loop Time for DT" value="46.000000" />
  <attribute name="Output H" value="8388608"/>
  <attribute name="Output I" value="200"/>
  <attribute name="Output T" value="4"/>
  <attribute name="Target GC Util Change" value ="20.000000" />
  <attribute name="Current GC Util Change" value="23.000000"/>
  <attribute name="GC Util currently" value="23" />
  <attribute name="CPU Util currently" value="99767656987" />
<concurrent-collection-end id="339" timestamp="2019-06-20T23:33:01.602" />
<exclusive-end id="340" timestamp="2019-06-20T23:33:01.603" durationms="49.570" />

<exclusive-start id="341" timestamp="2019-06-20T23:33:01.603" intervalms="50.402">
  <response-info timems="0.133" idlems="0.133" threads="0" lastid="0000000001BCEC00" lastname="node-0" />
</exclusive-start>
<af-start id="342" threadId="0000000001BCF588" totalBytesRequested="16" timestamp="2019-06-20T23:33:01.606" intervalms="64.030" type="tenure" />
<cycle-start id="343" type="global" contextid="0" timestamp="2019-06-20T23:33:01.607" intervalms="66.711" />
<gc-start id="344" type="global" contextid="343" timestamp="2019-06-20T23:33:01.607">
  <mem-info id="345" free="587920" total="8912896" percent="6">
    <mem type="nursery" free="339152" total="2883584" percent="11">
      <mem type="allocate" free="339152" total="1441792" percent="23" />
      <mem type="survivor" free="0" total="1441792" percent="0" />
    </mem>
    <mem type="tenure" free="248768" total="6029312" percent="4">
      <mem type="soa" free="0" total="5728256" percent="0" />
      <mem type="loa" free="248768" total="301056" percent="82" />
    </mem>
    <remembered-set count="114" />
  </mem-info>
</gc-start>
<allocation-stats totalBytes="8192" >
  <allocated-bytes non-tlh="0" tlh="8192" />
  <largest-consumer threadName="node-0" threadId="0000000001BCEC00" bytes="4096" />
</allocation-stats>
<gc-op id="346" type="mark" timems="5.752" contextid="343" timestamp="2019-06-20T23:33:01.613">
  <trace-info objectcount="143083" scancount="133606" scanbytes="5261636" />
  <finalization candidates="13" enqueued="0" />
  <references type="soft" candidates="66" cleared="21" enqueued="16" dynamicThreshold="1" maxThreshold="32" />
  <references type="weak" candidates="130" cleared="0" enqueued="0" />
  <references type="phantom" candidates="30" cleared="0" enqueued="0" />
  <stringconstants candidates="3824" cleared="0"  />
</gc-op>
<gc-op id="347" type="sweep" timems="0.224" contextid="343" timestamp="2019-06-20T23:33:01.613" />
<mem-info id="348" free="648168" total="8912896" percent="7">
  <mem type="nursery" free="347176" total="2883584" percent="12">
    <mem type="allocate" free="347176" total="1441792" percent="24" />
    <mem type="survivor" free="0" total="1441792" percent="0" />
  </mem>
  <mem type="tenure" free="300992" total="6029312" percent="4" micro-fragmented="0" macro-fragmented="0">
    <mem type="soa" free="0" total="5728256" percent="0" />
    <mem type="loa" free="300992" total="301056" percent="99" />
  </mem>
  <pending-finalizers system="0" default="0" reference="16" classloader="0" />
  <remembered-set count="113" />
</mem-info>
<gc-op id="349" type="compact" timems="51.961" contextid="343" timestamp="2019-06-20T23:33:01.666">
  <compact-info movecount="118636" movebytes="5414696" reason="compact to aid heap contraction" />
</gc-op>
<heap-resize id="350" type="expand" space="tenure" amount="2083717120" count="1" timems="0.029" reason="satisfy allocation request" timestamp="2019-06-20T23:33:01.666" />
<gc-end id="351" type="global" contextid="343" durationms="59.398" usertimems="68.000" systemtimems="0.000" timestamp="2019-06-20T23:33:01.666" activeThreads="4">
  <mem-info id="352" free="2084368240" total="2092630016" percent="99">
    <mem type="nursery" free="347176" total="2883584" percent="12">
      <mem type="allocate" free="347176" total="1441792" percent="24" />
      <mem type="survivor" free="0" total="1441792" percent="0" />
    </mem>
    <mem type="tenure" free="2084021064" total="2089746432" percent="99">
      <mem type="soa" free="1979534152" total="1985259520" percent="99" />
      <mem type="loa" free="104486912" total="104486912" percent="100" />
    </mem>
    <pending-finalizers system="0" default="0" reference="16" classloader="0" />
    <remembered-set count="113" />
  </mem-info>
</gc-end>
<cycle-end id="353" type="global" contextid="343" timestamp="2019-06-20T23:33:01.666" />
  <attribute name="elasticGC enabled" value="1" />
  <attribute name= "numThreadsSpecified" value="4" />
  <attribute name="heapSize specified" value="8912896" />
  <attribute name="Current GC Util" value="15" />
  <attribute name= "Current Time Running" value="17277" />
  <attribute name ="GC Interval" value="200" />
  <attribute name="ProportionalT" value="-7.500000" />
  <attribute name="ProportionalI" value="-7.500000" />
  <attribute name="ProportionalH" value="-7.500000" />
  <attribute name="Current Error" value="-5.000000" />
  <attribute name="IntegralT" value="-260.000000" />
  <attribute name="IntegralI" value="-260.000000" />
  <attribute name="IntegralH" value="-260.000000" />
  <attribute name="DerivativeT" value="-0.096154" />
  <attribute name="DerivativeI" value="-0.096154" />
  <attribute name="DerivativeH" value="-0.096154" />
  <attribute name="Loop Time for DT" value="52.000000" />
  <attribute name="Output H" value="2092630016"/>
  <attribute name="Output I" value="200"/>
  <attribute name="Output T" value="4"/>
  <attribute name="Target GC Util Change" value ="20.000000" />
  <attribute name="Current GC Util Change" value="15.000000"/>
  <attribute name="GC Util currently" value="15" />
  <attribute name="CPU Util currently" value="88492297803" />
<allocation-satisfied id="354" threadId="0000000001BCEC00" bytesRequested="16" />
<af-end id="355" timestamp="2019-06-20T23:33:01.666" threadId="0000000001BCF588" success="true" from="tenure-soa"/>
<exclusive-end id="356" timestamp="2019-06-20T23:33:01.667" durationms="63.088" />

<exclusive-start id="357" timestamp="2019-06-20T23:33:02.035" intervalms="431.236">
  <response-info timems="0.060" idlems="0.060" threads="0" lastid="0000000001BF0700" lastname="node-15" />
</exclusive-start>
<af-start id="358" threadId="0000000001BF1088" totalBytesRequested="208" timestamp="2019-06-20T23:33:02.035" intervalms="428.359" type="nursery" />
<cycle-start id="359" type="scavenge" contextid="0" timestamp="2019-06-20T23:33:02.035" intervalms="492.403" />
<gc-start id="360" type="scavenge" contextid="359" timestamp="2019-06-20T23:33:02.035">
  <mem-info id="361" free="2084020368" total="2092630016" percent="99">
    <mem type="nursery" free="0" total="2883584" percent="0">
      <mem type="allocate" free="0" total="1441792" percent="0" />
      <mem type="survivor" free="0" total="1441792" percent="0" />
    </mem>
    <mem type="tenure" free="2084020368" total="2089746432" percent="99">
      <mem type="soa" free="1979533456" total="1985259520" percent="99" />
      <mem type="loa" free="104486912" total="104486912" percent="100" />
    </mem>
    <remembered-set count="216" />
  </mem-info>
</gc-start>
<allocation-stats totalBytes="345832" >
  <allocated-bytes non-tlh="8912" tlh="336920" />
  <largest-consumer threadName="node-22" threadId="0000000001BDDC00" bytes="56320" />
</allocation-stats>
<gc-op id="362" type="scavenge" timems="1.188" contextid="359" timestamp="2019-06-20T23:33:02.036">
  <scavenger-info tenureage="1" tenuremask="7ffe" tiltratio="50" />
  <memory-copied type="nursery" objects="7399" bytes="455440" bytesdiscarded="193272" />
  <memory-copied type="tenure" objects="11620" bytes="702744" bytesdiscarded="808" />
  <references type="soft" candidates="1" cleared="0" enqueued="0" dynamicThreshold="31" maxThreshold="32" />
  <references type="weak" candidates="5" cleared="3" enqueued="3" />
  <references type="phantom" candidates="1" cleared="1" enqueued="1" />
</gc-op>
<gc-end id="363" type="scavenge" contextid="359" durationms="1.689" usertimems="4.000" systemtimems="0.000" timestamp="2019-06-20T23:33:02.037" activeThreads="4">
  <mem-info id="364" free="2084028656" total="2092630016" percent="99">
    <mem type="nursery" free="1055192" total="2883584" percent="36">
      <mem type="allocate" free="1055192" total="1703936" percent="61" />
      <mem type="survivor" free="0" total="1179648" percent="0" />
    </mem>
    <mem type="tenure" free="2082973464" total="2089746432" percent="99" macro-fragmented="70368">
      <mem type="soa" free="1978486552" total="1985259520" percent="99" />
      <mem type="loa" free="104486912" total="104486912" percent="100" />
    </mem>
    <pending-finalizers system="0" default="0" reference="4" classloader="0" />
    <remembered-set count="245" />
  </mem-info>
</gc-end>
<cycle-end id="365" type="scavenge" contextid="359" timestamp="2019-06-20T23:33:02.037" />
  <attribute name="elasticGC enabled" value="1" />
  <attribute name= "numThreadsSpecified" value="4" />
  <attribute name="heapSize specified" value="8912896" />
  <attribute name="Current GC Util" value="14" />
  <attribute name= "Current Time Running" value="17647" />
  <attribute name ="GC Interval" value="200" />
  <attribute name="ProportionalT" value="-9.000000" />
  <attribute name="ProportionalI" value="-9.000000" />
  <attribute name="ProportionalH" value="-9.000000" />
  <attribute name="Current Error" value="-6.000000" />
  <attribute name="IntegralT" value="-2220.000000" />
  <attribute name="IntegralI" value="-2220.000000" />
  <attribute name="IntegralH" value="-2220.000000" />
  <attribute name="DerivativeT" value="-0.016216" />
  <attribute name="DerivativeI" value="-0.016216" />
  <attribute name="DerivativeH" value="-0.016216" />
  <attribute name="Loop Time for DT" value="370.000000" />
  <attribute name="Output H" value="2092630016"/>
  <attribute name="Output I" value="200"/>
  <attribute name="Output T" value="4"/>
  <attribute name="Target GC Util Change" value ="20.000000" />
  <attribute name="Current GC Util Change" value="14.000000"/>
  <attribute name="GC Util currently" value="14" />
  <attribute name="CPU Util currently" value="66" />
<allocation-satisfied id="366" threadId="0000000001BF0700" bytesRequested="208" />
<af-end id="367" timestamp="2019-06-20T23:33:02.037" threadId="0000000001BF1088" success="true" from="nursery"/>
<exclusive-end id="368" timestamp="2019-06-20T23:33:02.037" durationms="2.389" />

<exclusive-start id="369" timestamp="2019-06-20T23:33:02.973" intervalms="938.057">
  <response-info timems="0.232" idlems="0.122" threads="1" lastid="0000000001BFF700" lastname="node-1" />
</exclusive-start>
<af-start id="370" threadId="0000000001C12C88" totalBytesRequested="104" timestamp="2019-06-20T23:33:02.973" intervalms="938.024" type="nursery" />
<cycle-start id="371" type="scavenge" contextid="0" timestamp="2019-06-20T23:33:02.973" intervalms="937.979" />
<gc-start id="372" type="scavenge" contextid="371" timestamp="2019-06-20T23:33:02.973">
  <mem-info id="373" free="2082972856" total="2092630016" percent="99">
    <mem type="nursery" free="0" total="2883584" percent="0">
      <mem type="allocate" free="0" total="1703936" percent="0" />
      <mem type="survivor" free="0" total="1179648" percent="0" />
    </mem>
    <mem type="tenure" free="2082972856" total="2089746432" percent="99">
      <mem type="soa" free="1978485944" total="1985259520" percent="99" />
      <mem type="loa" free="104486912" total="104486912" percent="100" />
    </mem>
    <remembered-set count="298" />
  </mem-info>
</gc-start>
<allocation-stats totalBytes="1054808" >
  <allocated-bytes non-tlh="816" tlh="1053992" />
  <largest-consumer threadName="node-0" threadId="0000000001BCEC00" bytes="225456" />
</allocation-stats>
<gc-op id="374" type="scavenge" timems="0.875" contextid="371" timestamp="2019-06-20T23:33:02.974">
  <scavenger-info tenureage="1" tenuremask="7ffe" tiltratio="59" />
  <memory-copied type="nursery" objects="6284" bytes="153824" bytesdiscarded="81184" />
  <memory-copied type="tenure" objects="7282" bytes="447912" bytesdiscarded="0" />
</gc-op>
<gc-end id="375" type="scavenge" contextid="371" durationms="1.244" usertimems="4.000" systemtimems="0.000" timestamp="2019-06-20T23:33:02.974" activeThreads="4">
  <mem-info id="376" free="2084218392" total="2092630016" percent="99">
    <mem type="nursery" free="1600000" total="2883584" percent="55">
      <mem type="allocate" free="1600000" total="1835008" percent="87" />
      <mem type="survivor" free="0" total="1048576" percent="0" />
    </mem>
    <mem type="tenure" free="2082618392" total="2089746432" percent="99" macro-fragmented="2592282">
      <mem type="soa" free="1978131480" total="1985259520" percent="99" />
      <mem type="loa" free="104486912" total="104486912" percent="100" />
    </mem>
    <remembered-set count="365" />
  </mem-info>
</gc-end>
<cycle-end id="377" type="scavenge" contextid="371" timestamp="2019-06-20T23:33:02.974" />
  <attribute name="elasticGC enabled" value="1" />
  <attribute name= "numThreadsSpecified" value="4" />
  <attribute name="heapSize specified" value="8912896" />
  <attribute name="Current GC Util" value="0" />
  <attribute name= "Current Time Running" value="18585" />
  <attribute name ="GC Interval" value="200" />
  <attribute name="ProportionalT" value="-30.000000" />
  <attribute name="ProportionalI" value="-30.000000" />
  <attribute name="ProportionalH" value="-30.000000" />
  <attribute name="Current Error" value="-20.000000" />
  <attribute name="IntegralT" value="-18760.000000" />
  <attribute name="IntegralI" value="-18760.000000" />
  <attribute name="IntegralH" value="-18760.000000" />
  <attribute name="DerivativeT" value="-0.021322" />
  <attribute name="DerivativeI" value="-0.021322" />
  <attribute name="DerivativeH" value="-0.021322" />
  <attribute name="Loop Time for DT" value="938.000000" />
  <attribute name="Output H" value="2092630016"/>
  <attribute name="Output I" value="200"/>
  <attribute name="Output T" value="4"/>
  <attribute name="Target GC Util Change" value ="20.000000" />
  <attribute name="Current GC Util Change" value="0.000000"/>
  <attribute name="GC Util currently" value="0" />
  <attribute name="CPU Util currently" value="53" />
<allocation-satisfied id="378" threadId="0000000001C12300" bytesRequested="104" />
<af-end id="379" timestamp="2019-06-20T23:33:02.975" threadId="0000000001C12C88" success="true" from="nursery"/>
<exclusive-end id="380" timestamp="2019-06-20T23:33:02.975" durationms="1.867" />

<exclusive-start id="381" timestamp="2019-06-20T23:33:04.258" intervalms="1285.095">
  <response-info timems="0.032" idlems="0.032" threads="0" lastid="0000000001BF7F00" lastname="node-4" />
</exclusive-start>
<af-start id="382" threadId="0000000001BF8888" totalBytesRequested="32" timestamp="2019-06-20T23:33:04.258" intervalms="1285.109" type="nursery" />
<cycle-start id="383" type="scavenge" contextid="0" timestamp="2019-06-20T23:33:04.258" intervalms="1285.121" />
<gc-start id="384" type="scavenge" contextid="383" timestamp="2019-06-20T23:33:04.258">
  <mem-info id="385" free="2082618392" total="2092630016" percent="99">
    <mem type="nursery" free="0" total="2883584" percent="0">
      <mem type="allocate" free="0" total="1835008" percent="0" />
      <mem type="survivor" free="0" total="1048576" percent="0" />
    </mem>
    <mem type="tenure" free="2082618392" total="2089746432" percent="99">
      <mem type="soa" free="1978131480" total="1985259520" percent="99" />
      <mem type="loa" free="104486912" total="104486912" percent="100" />
    </mem>
    <remembered-set count="472" />
  </mem-info>
</gc-start>
<allocation-stats totalBytes="1598720" >
  <allocated-bytes non-tlh="104" tlh="1598616" />
  <largest-consumer threadName="node-0" threadId="0000000001BCEC00" bytes="203112" />
</allocation-stats>
<gc-op id="386" type="scavenge" timems="1.495" contextid="383" timestamp="2019-06-20T23:33:04.260">
  <scavenger-info tenureage="2" tenuremask="7ffc" tiltratio="63" />
  <memory-copied type="nursery" objects="9455" bytes="230680" bytesdiscarded="82664" />
</gc-op>
<gc-end id="387" type="scavenge" contextid="383" durationms="1.877" usertimems="0.000" systemtimems="0.000" timestamp="2019-06-20T23:33:04.260" activeThreads="4">
  <mem-info id="388" free="2084271128" total="2092630016" percent="99">
    <mem type="nursery" free="1652736" total="2883584" percent="57">
      <mem type="allocate" free="1652736" total="1966080" percent="84" />
      <mem type="survivor" free="0" total="917504" percent="0" />
    </mem>
    <mem type="tenure" free="2082618392" total="2089746432" percent="99" macro-fragmented="602881">
      <mem type="soa" free="1978131480" total="1985259520" percent="99" />
      <mem type="loa" free="104486912" total="104486912" percent="100" />
    </mem>
    <remembered-set count="380" />
  </mem-info>
</gc-end>
<cycle-end id="389" type="scavenge" contextid="383" timestamp="2019-06-20T23:33:04.260" />
  <attribute name="elasticGC enabled" value="1" />
  <attribute name= "numThreadsSpecified" value="4" />
  <attribute name="heapSize specified" value="8912896" />
  <attribute name="Current GC Util" value="0" />
  <attribute name= "Current Time Running" value="19870" />
  <attribute name ="GC Interval" value="200" />
  <attribute name="ProportionalT" value="-30.000000" />
  <attribute name="ProportionalI" value="-30.000000" />
  <attribute name="ProportionalH" value="-30.000000" />
  <attribute name="Current Error" value="-20.000000" />
  <attribute name="IntegralT" value="-25700.000000" />
  <attribute name="IntegralI" value="-25700.000000" />
  <attribute name="IntegralH" value="-25700.000000" />
  <attribute name="DerivativeT" value="-0.015564" />
  <attribute name="DerivativeI" value="-0.015564" />
  <attribute name="DerivativeH" value="-0.015564" />
  <attribute name="Loop Time for DT" value="1285.000000" />
  <attribute name="Output H" value="2092630016"/>
  <attribute name="Output I" value="200"/>
  <attribute name="Output T" value="4"/>
  <attribute name="Target GC Util Change" value ="20.000000" />
  <attribute name="Current GC Util Change" value="0.000000"/>
  <attribute name="GC Util currently" value="0" />
  <attribute name="CPU Util currently" value="18" />
<allocation-satisfied id="390" threadId="0000000001BF7F00" bytesRequested="32" />
<af-end id="391" timestamp="2019-06-20T23:33:04.260" threadId="0000000001BF8888" success="true" from="nursery"/>
<exclusive-end id="392" timestamp="2019-06-20T23:33:04.260" durationms="2.484" />

<exclusive-start id="393" timestamp="2019-06-20T23:33:05.489" intervalms="1231.075">
  <response-info timems="0.048" idlems="0.027" threads="1" lastid="0000000001BC7500" lastname="node-10" />
</exclusive-start>
<af-start id="394" threadId="0000000001BCF588" totalBytesRequested="32" timestamp="2019-06-20T23:33:05.489" intervalms="1231.130" type="nursery" />
<cycle-start id="395" type="scavenge" contextid="0" timestamp="2019-06-20T23:33:05.489" intervalms="1231.187" />
<gc-start id="396" type="scavenge" contextid="395" timestamp="2019-06-20T23:33:05.489">
  <mem-info id="397" free="2082618392" total="2092630016" percent="99">
    <mem type="nursery" free="0" total="2883584" percent="0">
      <mem type="allocate" free="0" total="1966080" percent="0" />
      <mem type="survivor" free="0" total="917504" percent="0" />
    </mem>
    <mem type="tenure" free="2082618392" total="2089746432" percent="99">
      <mem type="soa" free="1978131480" total="1985259520" percent="99" />
      <mem type="loa" free="104486912" total="104486912" percent="100" />
    </mem>
    <remembered-set count="449" />
  </mem-info>
</gc-start>
<allocation-stats totalBytes="1650136" >
  <allocated-bytes non-tlh="32" tlh="1650104" />
  <largest-consumer threadName="node-3" threadId="0000000001BE9000" bytes="163768" />
</allocation-stats>
<gc-op id="398" type="scavenge" timems="0.924" contextid="395" timestamp="2019-06-20T23:33:05.490">
  <scavenger-info tenureage="2" tenuremask="7ffc" tiltratio="68" />
  <memory-copied type="nursery" objects="5287" bytes="127392" bytesdiscarded="107616" />
  <memory-copied type="tenure" objects="6226" bytes="151696" bytesdiscarded="16" />
</gc-op>
<gc-end id="399" type="scavenge" contextid="395" durationms="1.501" usertimems="4.000" systemtimems="0.000" timestamp="2019-06-20T23:33:05.491" activeThreads="4">
  <mem-info id="400" free="2084323864" total="2092630016" percent="99">
    <mem type="nursery" free="1862144" total="2883584" percent="64">
      <mem type="allocate" free="1862144" total="2097152" percent="88" />
      <mem type="survivor" free="0" total="786432" percent="0" />
    </mem>
    <mem type="tenure" free="2082461720" total="2089746432" percent="99" macro-fragmented="201920">
      <mem type="soa" free="1977974808" total="1985259520" percent="99" />
      <mem type="loa" free="104486912" total="104486912" percent="100" />
    </mem>
    <remembered-set count="303" />
  </mem-info>
</gc-end>
<cycle-end id="401" type="scavenge" contextid="395" timestamp="2019-06-20T23:33:05.491" />
  <attribute name="elasticGC enabled" value="1" />
  <attribute name= "numThreadsSpecified" value="4" />
  <attribute name="heapSize specified" value="8912896" />
  <attribute name="Current GC Util" value="0" />
  <attribute name= "Current Time Running" value="21101" />
  <attribute name ="GC Interval" value="200" />
  <attribute name="ProportionalT" value="-30.000000" />
  <attribute name="ProportionalI" value="-30.000000" />
  <attribute name="ProportionalH" value="-30.000000" />
  <attribute name="Current Error" value="-20.000000" />
  <attribute name="IntegralT" value="-24620.000000" />
  <attribute name="IntegralI" value="-24620.000000" />
  <attribute name="IntegralH" value="-24620.000000" />
  <attribute name="DerivativeT" value="-0.016247" />
  <attribute name="DerivativeI" value="-0.016247" />
  <attribute name="DerivativeH" value="-0.016247" />
  <attribute name="Loop Time for DT" value="1231.000000" />
  <attribute name="Output H" value="2092630016"/>
  <attribute name="Output I" value="200"/>
  <attribute name="Output T" value="4"/>
  <attribute name="Target GC Util Change" value ="20.000000" />
  <attribute name="Current GC Util Change" value="0.000000"/>
  <attribute name="GC Util currently" value="0" />
  <attribute name="CPU Util currently" value="9" />
<allocation-satisfied id="402" threadId="0000000001BCEC00" bytesRequested="32" />
<af-end id="403" timestamp="2019-06-20T23:33:05.491" threadId="0000000001BCF588" success="true" from="nursery"/>
<exclusive-end id="404" timestamp="2019-06-20T23:33:05.491" durationms="2.294" />

<exclusive-start id="405" timestamp="2019-06-20T23:33:06.697" intervalms="1208.059">
  <response-info timems="0.031" idlems="0.031" threads="0" lastid="0000000001BCEC00" lastname="node-0" />
</exclusive-start>
<af-start id="406" threadId="0000000001BCF588" totalBytesRequested="32" timestamp="2019-06-20T23:33:06.697" intervalms="1208.042" type="nursery" />
<cycle-start id="407" type="scavenge" contextid="0" timestamp="2019-06-20T23:33:06.697" intervalms="1208.004" />
<gc-start id="408" type="scavenge" contextid="407" timestamp="2019-06-20T23:33:06.697">
  <mem-info id="409" free="2082461720" total="2092630016" percent="99">
    <mem type="nursery" free="0" total="2883584" percent="0">
      <mem type="allocate" free="0" total="2097152" percent="0" />
      <mem type="survivor" free="0" total="786432" percent="0" />
    </mem>
    <mem type="tenure" free="2082461720" total="2089746432" percent="99">
      <mem type="soa" free="1977974808" total="1985259520" percent="99" />
      <mem type="loa" free="104486912" total="104486912" percent="100" />
    </mem>
    <remembered-set count="394" />
  </mem-info>
</gc-start>
<allocation-stats totalBytes="1859160" >
  <allocated-bytes non-tlh="32" tlh="1859128" />
  <largest-consumer threadName="node-1" threadId="0000000001BFF700" bytes="163712" />
</allocation-stats>
<gc-op id="410" type="scavenge" timems="0.972" contextid="407" timestamp="2019-06-20T23:33:06.698">
  <scavenger-info tenureage="3" tenuremask="7ff8" tiltratio="72" />
  <memory-copied type="nursery" objects="6734" bytes="163168" bytesdiscarded="111008" />
</gc-op>
<gc-end id="411" type="scavenge" contextid="407" durationms="1.527" usertimems="0.000" systemtimems="4.000" timestamp="2019-06-20T23:33:06.699" activeThreads="4">
  <mem-info id="412" free="2084350232" total="2092630016" percent="99">
    <mem type="nursery" free="1888512" total="2883584" percent="65">
      <mem type="allocate" free="1888512" total="2162688" percent="87" />
      <mem type="survivor" free="0" total="720896" percent="0" />
    </mem>
    <mem type="tenure" free="2082461720" total="2089746432" percent="99" macro-fragmented="46956">
      <mem type="soa" free="1977974808" total="1985259520" percent="99" />
      <mem type="loa" free="104486912" total="104486912" percent="100" />
    </mem>
    <remembered-set count="346" />
  </mem-info>
</gc-end>
<cycle-end id="413" type="scavenge" contextid="407" timestamp="2019-06-20T23:33:06.699" />
  <attribute name="elasticGC enabled" value="1" />
  <attribute name= "numThreadsSpecified" value="4" />
  <attribute name="heapSize specified" value="8912896" />
  <attribute name="Current GC Util" value="0" />
  <attribute name= "Current Time Running" value="22309" />
  <attribute name ="GC Interval" value="200" />
  <attribute name="ProportionalT" value="-30.000000" />
  <attribute name="ProportionalI" value="-30.000000" />
  <attribute name="ProportionalH" value="-30.000000" />
  <attribute name="Current Error" value="-20.000000" />
  <attribute name="IntegralT" value="-24160.000000" />
  <attribute name="IntegralI" value="-24160.000000" />
  <attribute name="IntegralH" value="-24160.000000" />
  <attribute name="DerivativeT" value="-0.016556" />
  <attribute name="DerivativeI" value="-0.016556" />
  <attribute name="DerivativeH" value="-0.016556" />
  <attribute name="Loop Time for DT" value="1208.000000" />
  <attribute name="Output H" value="2092630016"/>
  <attribute name="Output I" value="200"/>
  <attribute name="Output T" value="4"/>
  <attribute name="Target GC Util Change" value ="20.000000" />
  <attribute name="Current GC Util Change" value="0.000000"/>
  <attribute name="GC Util currently" value="0" />
  <attribute name="CPU Util currently" value="6" />
<allocation-satisfied id="414" threadId="0000000001BCEC00" bytesRequested="32" />
<af-end id="415" timestamp="2019-06-20T23:33:06.699" threadId="0000000001BCF588" success="true" from="nursery"/>
<exclusive-end id="416" timestamp="2019-06-20T23:33:06.699" durationms="2.168" />

<exclusive-start id="417" timestamp="2019-06-20T23:33:07.925" intervalms="1228.176">
  <response-info timems="0.038" idlems="0.038" threads="0" lastid="0000000001BBC100" lastname="node-5" />
</exclusive-start>
<af-start id="418" threadId="0000000001BBCA88" totalBytesRequested="32" timestamp="2019-06-20T23:33:07.925" intervalms="1228.138" type="nursery" />
<cycle-start id="419" type="scavenge" contextid="0" timestamp="2019-06-20T23:33:07.925" intervalms="1228.116" />
<gc-start id="420" type="scavenge" contextid="419" timestamp="2019-06-20T23:33:07.925">
  <mem-info id="421" free="2082461720" total="2092630016" percent="99">
    <mem type="nursery" free="0" total="2883584" percent="0">
      <mem type="allocate" free="0" total="2162688" percent="0" />
      <mem type="survivor" free="0" total="720896" percent="0" />
    </mem>
    <mem type="tenure" free="2082461720" total="2089746432" percent="99">
      <mem type="soa" free="1977974808" total="1985259520" percent="99" />
      <mem type="loa" free="104486912" total="104486912" percent="100" />
    </mem>
    <remembered-set count="430" />
  </mem-info>
</gc-start>
<allocation-stats totalBytes="1885896" >
  <allocated-bytes non-tlh="32" tlh="1885864" />
  <largest-consumer threadName="node-8" threadId="0000000001BDA000" bytes="143296" />
</allocation-stats>
<gc-op id="422" type="scavenge" timems="0.623" contextid="419" timestamp="2019-06-20T23:33:07.926">
  <scavenger-info tenureage="3" tenuremask="7ff8" tiltratio="75" />
  <memory-copied type="nursery" objects="4827" bytes="117496" bytesdiscarded="78344" />
  <memory-copied type="tenure" objects="3145" bytes="75472" bytesdiscarded="8" />
</gc-op>
<gc-end id="423" type="scavenge" contextid="419" durationms="0.995" usertimems="0.000" systemtimems="0.000" timestamp="2019-06-20T23:33:07.926" activeThreads="4">
  <mem-info id="424" free="2084481304" total="2092630016" percent="99">
    <mem type="nursery" free="2097920" total="2883584" percent="72">
      <mem type="allocate" free="2097920" total="2293760" percent="91" />
      <mem type="survivor" free="0" total="589824" percent="0" />
    </mem>
    <mem type="tenure" free="2082383384" total="2089746432" percent="99" macro-fragmented="348889">
      <mem type="soa" free="1977896472" total="1985259520" percent="99" />
      <mem type="loa" free="104486912" total="104486912" percent="100" />
    </mem>
    <remembered-set count="339" />
  </mem-info>
</gc-end>
<cycle-end id="425" type="scavenge" contextid="419" timestamp="2019-06-20T23:33:07.926" />
  <attribute name="elasticGC enabled" value="1" />
  <attribute name= "numThreadsSpecified" value="4" />
  <attribute name="heapSize specified" value="8912896" />
  <attribute name="Current GC Util" value="0" />
  <attribute name= "Current Time Running" value="23537" />
  <attribute name ="GC Interval" value="200" />
  <attribute name="ProportionalT" value="-30.000000" />
  <attribute name="ProportionalI" value="-30.000000" />
  <attribute name="ProportionalH" value="-30.000000" />
  <attribute name="Current Error" value="-20.000000" />
  <attribute name="IntegralT" value="-24560.000000" />
  <attribute name="IntegralI" value="-24560.000000" />
  <attribute name="IntegralH" value="-24560.000000" />
  <attribute name="DerivativeT" value="-0.016287" />
  <attribute name="DerivativeI" value="-0.016287" />
  <attribute name="DerivativeH" value="-0.016287" />
  <attribute name="Loop Time for DT" value="1228.000000" />
  <attribute name="Output H" value="2092630016"/>
  <attribute name="Output I" value="200"/>
  <attribute name="Output T" value="4"/>
  <attribute name="Target GC Util Change" value ="20.000000" />
  <attribute name="Current GC Util Change" value="0.000000"/>
  <attribute name="GC Util currently" value="0" />
  <attribute name="CPU Util currently" value="3" />
<allocation-satisfied id="426" threadId="0000000001BBC100" bytesRequested="32" />
<af-end id="427" timestamp="2019-06-20T23:33:07.927" threadId="0000000001BBCA88" success="true" from="nursery"/>
<exclusive-end id="428" timestamp="2019-06-20T23:33:07.927" durationms="1.512" />

<exclusive-start id="429" timestamp="2019-06-20T23:33:09.162" intervalms="1236.948">
  <response-info timems="0.052" idlems="0.052" threads="0" lastid="0000000001BE5400" lastname="node-2" />
</exclusive-start>
<af-start id="430" threadId="0000000001BE5D88" totalBytesRequested="32" timestamp="2019-06-20T23:33:09.162" intervalms="1236.951" type="nursery" />
<cycle-start id="431" type="scavenge" contextid="0" timestamp="2019-06-20T23:33:09.162" intervalms="1236.962" />
<gc-start id="432" type="scavenge" contextid="431" timestamp="2019-06-20T23:33:09.162">
  <mem-info id="433" free="2082383384" total="2092630016" percent="99">
    <mem type="nursery" free="0" total="2883584" percent="0">
      <mem type="allocate" free="0" total="2293760" percent="0" />
      <mem type="survivor" free="0" total="589824" percent="0" />
    </mem>
    <mem type="tenure" free="2082383384" total="2089746432" percent="99">
      <mem type="soa" free="1977896472" total="1985259520" percent="99" />
      <mem type="loa" free="104486912" total="104486912" percent="100" />
    </mem>
    <remembered-set count="413" />
  </mem-info>
</gc-start>
<allocation-stats totalBytes="2095448" >
  <allocated-bytes non-tlh="32" tlh="2095416" />
  <largest-consumer threadName="node-3" threadId="0000000001BE9000" bytes="143336" />
</allocation-stats>
<gc-op id="434" type="scavenge" timems="0.897" contextid="431" timestamp="2019-06-20T23:33:09.163">
  <scavenger-info tenureage="3" tenuremask="7fe8" tiltratio="79" />
  <memory-copied type="nursery" objects="4298" bytes="104408" bytesdiscarded="52264" />
  <memory-copied type="tenure" objects="2073" bytes="49744" bytesdiscarded="8" />
</gc-op>
<gc-end id="435" type="scavenge" contextid="431" durationms="1.375" usertimems="0.000" systemtimems="0.000" timestamp="2019-06-20T23:33:09.164" activeThreads="4">
  <mem-info id="436" free="2084507672" total="2092630016" percent="99">
    <mem type="nursery" free="2202624" total="2883584" percent="76">
      <mem type="allocate" free="2202624" total="2359296" percent="93" />
      <mem type="survivor" free="0" total="524288" percent="0" />
    </mem>
    <mem type="tenure" free="2082305048" total="2089746432" percent="99" macro-fragmented="134560">
      <mem type="soa" free="1977818136" total="1985259520" percent="99" />
      <mem type="loa" free="104486912" total="104486912" percent="100" />
    </mem>
    <remembered-set count="331" />
  </mem-info>
</gc-end>
<cycle-end id="437" type="scavenge" contextid="431" timestamp="2019-06-20T23:33:09.164" />
  <attribute name="elasticGC enabled" value="1" />
  <attribute name= "numThreadsSpecified" value="4" />
  <attribute name="heapSize specified" value="8912896" />
  <attribute name="Current GC Util" value="0" />
  <attribute name= "Current Time Running" value="24774" />
  <attribute name ="GC Interval" value="200" />
  <attribute name="ProportionalT" value="-30.000000" />
  <attribute name="ProportionalI" value="-30.000000" />
  <attribute name="ProportionalH" value="-30.000000" />
  <attribute name="Current Error" value="-20.000000" />
  <attribute name="IntegralT" value="-24740.000000" />
  <attribute name="IntegralI" value="-24740.000000" />
  <attribute name="IntegralH" value="-24740.000000" />
  <attribute name="DerivativeT" value="-0.016168" />
  <attribute name="DerivativeI" value="-0.016168" />
  <attribute name="DerivativeH" value="-0.016168" />
  <attribute name="Loop Time for DT" value="1237.000000" />
  <attribute name="Output H" value="2092630016"/>
  <attribute name="Output I" value="200"/>
  <attribute name="Output T" value="4"/>
  <attribute name="Target GC Util Change" value ="20.000000" />
  <attribute name="Current GC Util Change" value="0.000000"/>
  <attribute name="GC Util currently" value="0" />
  <attribute name="CPU Util currently" value="8" />
<allocation-satisfied id="438" threadId="0000000001BE5400" bytesRequested="32" />
<af-end id="439" timestamp="2019-06-20T23:33:09.164" threadId="0000000001BE5D88" success="true" from="nursery"/>
<exclusive-end id="440" timestamp="2019-06-20T23:33:09.164" durationms="2.267" />

<exclusive-start id="441" timestamp="2019-06-20T23:33:10.543" intervalms="1381.412">
  <response-info timems="0.030" idlems="0.030" threads="0" lastid="0000000001BBC100" lastname="node-5" />
</exclusive-start>
<af-start id="442" threadId="0000000001BBCA88" totalBytesRequested="24" timestamp="2019-06-20T23:33:10.544" intervalms="1381.399" type="nursery" />
<cycle-start id="443" type="scavenge" contextid="0" timestamp="2019-06-20T23:33:10.544" intervalms="1381.380" />
<gc-start id="444" type="scavenge" contextid="443" timestamp="2019-06-20T23:33:10.544">
  <mem-info id="445" free="2082305048" total="2092630016" percent="99">
    <mem type="nursery" free="0" total="2883584" percent="0">
      <mem type="allocate" free="0" total="2359296" percent="0" />
      <mem type="survivor" free="0" total="524288" percent="0" />
    </mem>
    <mem type="tenure" free="2082305048" total="2089746432" percent="99">
      <mem type="soa" free="1977818136" total="1985259520" percent="99" />
      <mem type="loa" free="104486912" total="104486912" percent="100" />
    </mem>
    <remembered-set count="408" />
  </mem-info>
</gc-start>
<allocation-stats totalBytes="2198256" >
  <allocated-bytes non-tlh="32" tlh="2198224" />
  <largest-consumer threadName="node-9" threadId="0000000001BCB000" bytes="143352" />
</allocation-stats>
<gc-op id="446" type="scavenge" timems="0.678" contextid="443" timestamp="2019-06-20T23:33:10.544">
  <scavenger-info tenureage="3" tenuremask="7fc8" tiltratio="81" />
  <memory-copied type="nursery" objects="4514" bytes="111000" bytesdiscarded="84840" />
  <memory-copied type="tenure" objects="1426" bytes="34224" bytesdiscarded="0" />
</gc-op>
<gc-end id="447" type="scavenge" contextid="443" durationms="1.033" usertimems="4.000" systemtimems="0.000" timestamp="2019-06-20T23:33:10.545" activeThreads="4">
  <mem-info id="448" free="2084494872" total="2092630016" percent="99">
    <mem type="nursery" free="2228992" total="2883584" percent="77">
      <mem type="allocate" free="2228992" total="2424832" percent="91" />
      <mem type="survivor" free="0" total="458752" percent="0" />
    </mem>
    <mem type="tenure" free="2082265880" total="2089746432" percent="99" macro-fragmented="1250136">
      <mem type="soa" free="1977778968" total="1985259520" percent="99" />
      <mem type="loa" free="104486912" total="104486912" percent="100" />
    </mem>
    <remembered-set count="333" />
  </mem-info>
</gc-end>
<cycle-end id="449" type="scavenge" contextid="443" timestamp="2019-06-20T23:33:10.545" />
  <attribute name="elasticGC enabled" value="1" />
  <attribute name= "numThreadsSpecified" value="4" />
  <attribute name="heapSize specified" value="8912896" />
  <attribute name="Current GC Util" value="0" />
  <attribute name= "Current Time Running" value="26155" />
  <attribute name ="GC Interval" value="200" />
  <attribute name="ProportionalT" value="-30.000000" />
  <attribute name="ProportionalI" value="-30.000000" />
  <attribute name="ProportionalH" value="-30.000000" />
  <attribute name="Current Error" value="-20.000000" />
  <attribute name="IntegralT" value="-27620.000000" />
  <attribute name="IntegralI" value="-27620.000000" />
  <attribute name="IntegralH" value="-27620.000000" />
  <attribute name="DerivativeT" value="-0.014482" />
  <attribute name="DerivativeI" value="-0.014482" />
  <attribute name="DerivativeH" value="-0.014482" />
  <attribute name="Loop Time for DT" value="1381.000000" />
  <attribute name="Output H" value="2092630016"/>
  <attribute name="Output I" value="200"/>
  <attribute name="Output T" value="4"/>
  <attribute name="Target GC Util Change" value ="20.000000" />
  <attribute name="Current GC Util Change" value="0.000000"/>
  <attribute name="GC Util currently" value="0" />
  <attribute name="CPU Util currently" value="9" />
<allocation-satisfied id="450" threadId="0000000001BBC100" bytesRequested="24" />
<af-end id="451" timestamp="2019-06-20T23:33:10.545" threadId="0000000001BBCA88" success="true" from="nursery"/>
<exclusive-end id="452" timestamp="2019-06-20T23:33:10.545" durationms="1.464" />

<exclusive-start id="453" timestamp="2019-06-20T23:33:11.774" intervalms="1230.776">
  <response-info timems="0.042" idlems="0.042" threads="0" lastid="0000000001BBFD00" lastname="node-11" />
</exclusive-start>
<af-start id="454" threadId="0000000001BC0688" totalBytesRequested="16" timestamp="2019-06-20T23:33:11.774" intervalms="1230.798" type="nursery" />
<cycle-start id="455" type="scavenge" contextid="0" timestamp="2019-06-20T23:33:11.774" intervalms="1230.845" />
<gc-start id="456" type="scavenge" contextid="455" timestamp="2019-06-20T23:33:11.775">
  <mem-info id="457" free="2082265880" total="2092630016" percent="99">
    <mem type="nursery" free="0" total="2883584" percent="0">
      <mem type="allocate" free="0" total="2424832" percent="0" />
      <mem type="survivor" free="0" total="458752" percent="0" />
    </mem>
    <mem type="tenure" free="2082265880" total="2089746432" percent="99">
      <mem type="soa" free="1977778968" total="1985259520" percent="99" />
      <mem type="loa" free="104486912" total="104486912" percent="100" />
    </mem>
    <remembered-set count="421" />
  </mem-info>
</gc-start>
<allocation-stats totalBytes="2227448" >
  <allocated-bytes non-tlh="24" tlh="2227424" />
  <largest-consumer threadName="node-7" threadId="0000000001BFBB00" bytes="143328" />
</allocation-stats>
<gc-op id="458" type="scavenge" timems="0.579" contextid="455" timestamp="2019-06-20T23:33:11.775">
  <scavenger-info tenureage="3" tenuremask="7f88" tiltratio="84" />
  <memory-copied type="nursery" objects="5303" bytes="131176" bytesdiscarded="103832" />
  <memory-copied type="tenure" objects="1228" bytes="29456" bytesdiscarded="0" />
</gc-op>
<gc-end id="459" type="scavenge" contextid="455" durationms="1.137" usertimems="0.000" systemtimems="0.000" timestamp="2019-06-20T23:33:11.776" activeThreads="4">
  <mem-info id="460" free="2084482072" total="2092630016" percent="99">
    <mem type="nursery" free="2255360" total="2883584" percent="78">
      <mem type="allocate" free="2255360" total="2490368" percent="90" />
      <mem type="survivor" free="0" total="393216" percent="0" />
    </mem>
    <mem type="tenure" free="2082226712" total="2089746432" percent="99" macro-fragmented="1500163">
      <mem type="soa" free="1977739800" total="1985259520" percent="99" />
      <mem type="loa" free="104486912" total="104486912" percent="100" />
    </mem>
    <remembered-set count="342" />
  </mem-info>
</gc-end>
<cycle-end id="461" type="scavenge" contextid="455" timestamp="2019-06-20T23:33:11.776" />
  <attribute name="elasticGC enabled" value="1" />
  <attribute name= "numThreadsSpecified" value="4" />
  <attribute name="heapSize specified" value="8912896" />
  <attribute name="Current GC Util" value="0" />
  <attribute name= "Current Time Running" value="27386" />
  <attribute name ="GC Interval" value="200" />
  <attribute name="ProportionalT" value="-30.000000" />
  <attribute name="ProportionalI" value="-30.000000" />
  <attribute name="ProportionalH" value="-30.000000" />
  <attribute name="Current Error" value="-20.000000" />
  <attribute name="IntegralT" value="-24620.000000" />
  <attribute name="IntegralI" value="-24620.000000" />
  <attribute name="IntegralH" value="-24620.000000" />
  <attribute name="DerivativeT" value="-0.016247" />
  <attribute name="DerivativeI" value="-0.016247" />
  <attribute name="DerivativeH" value="-0.016247" />
  <attribute name="Loop Time for DT" value="1231.000000" />
  <attribute name="Output H" value="2092630016"/>
  <attribute name="Output I" value="200"/>
  <attribute name="Output T" value="4"/>
  <attribute name="Target GC Util Change" value ="20.000000" />
  <attribute name="Current GC Util Change" value="0.000000"/>
  <attribute name="GC Util currently" value="0" />
  <attribute name="CPU Util currently" value="4" />
<allocation-satisfied id="462" threadId="0000000001BBFD00" bytesRequested="16" />
<af-end id="463" timestamp="2019-06-20T23:33:11.776" threadId="0000000001BC0688" success="true" from="nursery"/>
<exclusive-end id="464" timestamp="2019-06-20T23:33:11.776" durationms="2.026" />

<exclusive-start id="465" timestamp="2019-06-20T23:33:13.039" intervalms="1264.889">
  <response-info timems="0.047" idlems="0.047" threads="0" lastid="0000000001C0E700" lastname="node-23" />
</exclusive-start>
<af-start id="466" threadId="0000000001C0F088" totalBytesRequested="32" timestamp="2019-06-20T23:33:13.039" intervalms="1264.924" type="nursery" />
<cycle-start id="467" type="scavenge" contextid="0" timestamp="2019-06-20T23:33:13.039" intervalms="1264.945" />
<gc-start id="468" type="scavenge" contextid="467" timestamp="2019-06-20T23:33:13.039">
  <mem-info id="469" free="2082226712" total="2092630016" percent="99">
    <mem type="nursery" free="0" total="2883584" percent="0">
      <mem type="allocate" free="0" total="2490368" percent="0" />
      <mem type="survivor" free="0" total="393216" percent="0" />
    </mem>
    <mem type="tenure" free="2082226712" total="2089746432" percent="99">
      <mem type="soa" free="1977739800" total="1985259520" percent="99" />
      <mem type="loa" free="104486912" total="104486912" percent="100" />
    </mem>
    <remembered-set count="420" />
  </mem-info>
</gc-start>
<allocation-stats totalBytes="2254496" >
  <allocated-bytes non-tlh="16" tlh="2254480" />
  <largest-consumer threadName="node-8" threadId="0000000001BDA000" bytes="143304" />
</allocation-stats>
<gc-op id="470" type="scavenge" timems="1.361" contextid="467" timestamp="2019-06-20T23:33:13.041">
  <scavenger-info tenureage="3" tenuremask="ffe8" tiltratio="86" />
  <memory-copied type="nursery" objects="5222" bytes="126904" bytesdiscarded="108104" />
  <memory-copied type="tenure" objects="1538" bytes="36904" bytesdiscarded="0" />
</gc-op>
<gc-end id="471" type="scavenge" contextid="467" durationms="2.029" usertimems="4.000" systemtimems="0.000" timestamp="2019-06-20T23:33:13.042" activeThreads="4">
  <mem-info id="472" free="2084508440" total="2092630016" percent="99">
    <mem type="nursery" free="2320896" total="2883584" percent="80">
      <mem type="allocate" free="2320896" total="2555904" percent="90" />
      <mem type="survivor" free="0" total="327680" percent="0" />
    </mem>
    <mem type="tenure" free="2082187544" total="2089746432" percent="99" macro-fragmented="2592282">
      <mem type="soa" free="1977700632" total="1985259520" percent="99" />
      <mem type="loa" free="104486912" total="104486912" percent="100" />
    </mem>
    <remembered-set count="341" />
  </mem-info>
</gc-end>
<cycle-end id="473" type="scavenge" contextid="467" timestamp="2019-06-20T23:33:13.042" />
  <attribute name="elasticGC enabled" value="1" />
  <attribute name= "numThreadsSpecified" value="4" />
  <attribute name="heapSize specified" value="8912896" />
  <attribute name="Current GC Util" value="0" />
  <attribute name= "Current Time Running" value="28651" />
  <attribute name ="GC Interval" value="200" />
  <attribute name="ProportionalT" value="-30.000000" />
  <attribute name="ProportionalI" value="-30.000000" />
  <attribute name="ProportionalH" value="-30.000000" />
  <attribute name="Current Error" value="-20.000000" />
  <attribute name="IntegralT" value="-25300.000000" />
  <attribute name="IntegralI" value="-25300.000000" />
  <attribute name="IntegralH" value="-25300.000000" />
  <attribute name="DerivativeT" value="-0.015810" />
  <attribute name="DerivativeI" value="-0.015810" />
  <attribute name="DerivativeH" value="-0.015810" />
  <attribute name="Loop Time for DT" value="1265.000000" />
  <attribute name="Output H" value="2092630016"/>
  <attribute name="Output I" value="200"/>
  <attribute name="Output T" value="4"/>
  <attribute name="Target GC Util Change" value ="20.000000" />
  <attribute name="Current GC Util Change" value="0.000000"/>
  <attribute name="GC Util currently" value="0" />
  <attribute name="CPU Util currently" value="4" />
<allocation-satisfied id="474" threadId="0000000001C0E700" bytesRequested="32" />
<af-end id="475" timestamp="2019-06-20T23:33:13.042" threadId="0000000001C0F088" success="true" from="nursery"/>
<exclusive-end id="476" timestamp="2019-06-20T23:33:13.042" durationms="2.875" />

<exclusive-start id="477" timestamp="2019-06-20T23:33:14.352" intervalms="1312.722">
  <response-info timems="0.038" idlems="0.038" threads="0" lastid="0000000001BDA000" lastname="node-8" />
</exclusive-start>
<af-start id="478" threadId="0000000001BDA988" totalBytesRequested="32" timestamp="2019-06-20T23:33:14.352" intervalms="1312.686" type="nursery" />
<cycle-start id="479" type="scavenge" contextid="0" timestamp="2019-06-20T23:33:14.352" intervalms="1312.641" />
<gc-start id="480" type="scavenge" contextid="479" timestamp="2019-06-20T23:33:14.352">
  <mem-info id="481" free="2082187544" total="2092630016" percent="99">
    <mem type="nursery" free="0" total="2883584" percent="0">
      <mem type="allocate" free="0" total="2555904" percent="0" />
      <mem type="survivor" free="0" total="327680" percent="0" />
    </mem>
    <mem type="tenure" free="2082187544" total="2089746432" percent="99">
      <mem type="soa" free="1977700632" total="1985259520" percent="99" />
      <mem type="loa" free="104486912" total="104486912" percent="100" />
    </mem>
    <remembered-set count="428" />
  </mem-info>
</gc-start>
<allocation-stats totalBytes="2319352" >
  <allocated-bytes non-tlh="32" tlh="2319320" />
  <largest-consumer threadName="node-7" threadId="0000000001BFBB00" bytes="143264" />
</allocation-stats>
<gc-op id="482" type="scavenge" timems="0.598" contextid="479" timestamp="2019-06-20T23:33:14.353">
  <scavenger-info tenureage="3" tenuremask="ffe8" tiltratio="88" />
  <memory-copied type="nursery" objects="5476" bytes="133064" bytesdiscarded="62776" />
  <memory-copied type="tenure" objects="1623" bytes="38952" bytesdiscarded="216" />
</gc-op>
<gc-end id="483" type="scavenge" contextid="479" durationms="0.982" usertimems="0.000" systemtimems="0.000" timestamp="2019-06-20T23:33:14.353" activeThreads="4">
  <mem-info id="484" free="2084508440" total="2092630016" percent="99">
    <mem type="nursery" free="2360064" total="2883584" percent="81">
      <mem type="allocate" free="2360064" total="2555904" percent="92" />
      <mem type="survivor" free="0" total="327680" percent="0" />
    </mem>
    <mem type="tenure" free="2082148376" total="2089746432" percent="99" macro-fragmented="3110739">
      <mem type="soa" free="1977661464" total="1985259520" percent="99" />
      <mem type="loa" free="104486912" total="104486912" percent="100" />
    </mem>
    <remembered-set count="344" />
  </mem-info>
</gc-end>
<cycle-end id="485" type="scavenge" contextid="479" timestamp="2019-06-20T23:33:14.353" />
  <attribute name="elasticGC enabled" value="1" />
  <attribute name= "numThreadsSpecified" value="4" />
  <attribute name="heapSize specified" value="8912896" />
  <attribute name="Current GC Util" value="0" />
  <attribute name= "Current Time Running" value="29964" />
  <attribute name ="GC Interval" value="200" />
  <attribute name="ProportionalT" value="-30.000000" />
  <attribute name="ProportionalI" value="-30.000000" />
  <attribute name="ProportionalH" value="-30.000000" />
  <attribute name="Current Error" value="-20.000000" />
  <attribute name="IntegralT" value="-26260.000000" />
  <attribute name="IntegralI" value="-26260.000000" />
  <attribute name="IntegralH" value="-26260.000000" />
  <attribute name="DerivativeT" value="-0.015232" />
  <attribute name="DerivativeI" value="-0.015232" />
  <attribute name="DerivativeH" value="-0.015232" />
  <attribute name="Loop Time for DT" value="1313.000000" />
  <attribute name="Output H" value="2092630016"/>
  <attribute name="Output I" value="200"/>
  <attribute name="Output T" value="4"/>
  <attribute name="Target GC Util Change" value ="20.000000" />
  <attribute name="Current GC Util Change" value="0.000000"/>
  <attribute name="GC Util currently" value="0" />
  <attribute name="CPU Util currently" value="6" />
<allocation-satisfied id="486" threadId="0000000001BDA000" bytesRequested="32" />
<af-end id="487" timestamp="2019-06-20T23:33:14.354" threadId="0000000001BDA988" success="true" from="nursery"/>
<exclusive-end id="488" timestamp="2019-06-20T23:33:14.354" durationms="1.805" />

<exclusive-start id="489" timestamp="2019-06-20T23:33:15.798" intervalms="1446.614">
  <response-info timems="0.031" idlems="0.031" threads="0" lastid="0000000001BCB000" lastname="node-9" />
</exclusive-start>
<af-start id="490" threadId="0000000001BCB988" totalBytesRequested="32" timestamp="2019-06-20T23:33:15.799" intervalms="1447.400" type="nursery" />
<cycle-start id="491" type="scavenge" contextid="0" timestamp="2019-06-20T23:33:15.799" intervalms="1447.430" />
<gc-start id="492" type="scavenge" contextid="491" timestamp="2019-06-20T23:33:15.800">
  <mem-info id="493" free="2082148376" total="2092630016" percent="99">
    <mem type="nursery" free="0" total="2883584" percent="0">
      <mem type="allocate" free="0" total="2555904" percent="0" />
      <mem type="survivor" free="0" total="327680" percent="0" />
    </mem>
    <mem type="tenure" free="2082148376" total="2089746432" percent="99">
      <mem type="soa" free="1977661464" total="1985259520" percent="99" />
      <mem type="loa" free="104486912" total="104486912" percent="100" />
    </mem>
    <remembered-set count="413" />
  </mem-info>
</gc-start>
<allocation-stats totalBytes="2357656" >
  <allocated-bytes non-tlh="32" tlh="2357624" />
  <largest-consumer threadName="node-23" threadId="0000000001C0E700" bytes="119544" />
</allocation-stats>
<gc-op id="494" type="scavenge" timems="0.917" contextid="491" timestamp="2019-06-20T23:33:15.801">
  <scavenger-info tenureage="3" tenuremask="ffe8" tiltratio="88" />
  <memory-copied type="nursery" objects="4594" bytes="112352" bytesdiscarded="44320" />
  <memory-copied type="tenure" objects="2010" bytes="48232" bytesdiscarded="8" />
</gc-op>
<gc-end id="495" type="scavenge" contextid="491" durationms="1.476" usertimems="4.000" systemtimems="0.000" timestamp="2019-06-20T23:33:15.801" activeThreads="4">
  <mem-info id="496" free="2084469272" total="2092630016" percent="99">
    <mem type="nursery" free="2399232" total="2883584" percent="83">
      <mem type="allocate" free="2399232" total="2555904" percent="93" />
      <mem type="survivor" free="0" total="327680" percent="0" />
    </mem>
    <mem type="tenure" free="2082070040" total="2089746432" percent="99" macro-fragmented="0">
      <mem type="soa" free="1977583128" total="1985259520" percent="99" />
      <mem type="loa" free="104486912" total="104486912" percent="100" />
    </mem>
    <remembered-set count="334" />
  </mem-info>
</gc-end>
<cycle-end id="497" type="scavenge" contextid="491" timestamp="2019-06-20T23:33:15.801" />
  <attribute name="elasticGC enabled" value="1" />
  <attribute name= "numThreadsSpecified" value="4" />
  <attribute name="heapSize specified" value="8912896" />
  <attribute name="Current GC Util" value="0" />
  <attribute name= "Current Time Running" value="31411" />
  <attribute name ="GC Interval" value="200" />
  <attribute name="ProportionalT" value="-30.000000" />
  <attribute name="ProportionalI" value="-30.000000" />
  <attribute name="ProportionalH" value="-30.000000" />
  <attribute name="Current Error" value="-20.000000" />
  <attribute name="IntegralT" value="-28940.000000" />
  <attribute name="IntegralI" value="-28940.000000" />
  <attribute name="IntegralH" value="-28940.000000" />
  <attribute name="DerivativeT" value="-0.013822" />
  <attribute name="DerivativeI" value="-0.013822" />
  <attribute name="DerivativeH" value="-0.013822" />
  <attribute name="Loop Time for DT" value="1447.000000" />
  <attribute name="Output H" value="2092630016"/>
  <attribute name="Output I" value="200"/>
  <attribute name="Output T" value="4"/>
  <attribute name="Target GC Util Change" value ="20.000000" />
  <attribute name="Current GC Util Change" value="0.000000"/>
  <attribute name="GC Util currently" value="0" />
  <attribute name="CPU Util currently" value="3" />
<allocation-satisfied id="498" threadId="0000000001BCB000" bytesRequested="32" />
<af-end id="499" timestamp="2019-06-20T23:33:15.802" threadId="0000000001BCB988" success="true" from="nursery"/>
<exclusive-end id="500" timestamp="2019-06-20T23:33:15.802" durationms="3.332" />

<exclusive-start id="501" timestamp="2019-06-20T23:33:17.139" intervalms="1340.755">
  <response-info timems="0.059" idlems="0.059" threads="0" lastid="0000000001BFBB00" lastname="node-7" />
</exclusive-start>
<af-start id="502" threadId="0000000001BFC488" totalBytesRequested="32" timestamp="2019-06-20T23:33:17.139" intervalms="1339.948" type="nursery" />
<cycle-start id="503" type="scavenge" contextid="0" timestamp="2019-06-20T23:33:17.139" intervalms="1339.939" />
<gc-start id="504" type="scavenge" contextid="503" timestamp="2019-06-20T23:33:17.140">
  <mem-info id="505" free="2082070040" total="2092630016" percent="99">
    <mem type="nursery" free="0" total="2883584" percent="0">
      <mem type="allocate" free="0" total="2555904" percent="0" />
      <mem type="survivor" free="0" total="327680" percent="0" />
    </mem>
    <mem type="tenure" free="2082070040" total="2089746432" percent="99">
      <mem type="soa" free="1977583128" total="1985259520" percent="99" />
      <mem type="loa" free="104486912" total="104486912" percent="100" />
    </mem>
    <remembered-set count="403" />
  </mem-info>
</gc-start>
<allocation-stats totalBytes="2398408" >
  <allocated-bytes non-tlh="32" tlh="2398376" />
  <largest-consumer threadName="node-8" threadId="0000000001BDA000" bytes="143312" />
</allocation-stats>
<gc-op id="506" type="scavenge" timems="0.545" contextid="503" timestamp="2019-06-20T23:33:17.140">
  <scavenger-info tenureage="3" tenuremask="ffe8" tiltratio="88" />
  <memory-copied type="nursery" objects="4382" bytes="106808" bytesdiscarded="89032" />
  <memory-copied type="tenure" objects="1461" bytes="35064" bytesdiscarded="0" />
</gc-op>
<gc-end id="507" type="scavenge" contextid="503" durationms="1.189" usertimems="0.000" systemtimems="0.000" timestamp="2019-06-20T23:33:17.141" activeThreads="4">
  <mem-info id="508" free="2084390936" total="2092630016" percent="99">
    <mem type="nursery" free="2360064" total="2883584" percent="81">
      <mem type="allocate" free="2360064" total="2555904" percent="92" />
      <mem type="survivor" free="0" total="327680" percent="0" />
    </mem>
    <mem type="tenure" free="2082030872" total="2089746432" percent="99" macro-fragmented="0">
      <mem type="soa" free="1977543960" total="1985259520" percent="99" />
      <mem type="loa" free="104486912" total="104486912" percent="100" />
    </mem>
    <remembered-set count="333" />
  </mem-info>
</gc-end>
<cycle-end id="509" type="scavenge" contextid="503" timestamp="2019-06-20T23:33:17.141" />
  <attribute name="elasticGC enabled" value="1" />
  <attribute name= "numThreadsSpecified" value="4" />
  <attribute name="heapSize specified" value="8912896" />
  <attribute name="Current GC Util" value="0" />
  <attribute name= "Current Time Running" value="32751" />
  <attribute name ="GC Interval" value="200" />
  <attribute name="ProportionalT" value="-30.000000" />
  <attribute name="ProportionalI" value="-30.000000" />
  <attribute name="ProportionalH" value="-30.000000" />
  <attribute name="Current Error" value="-20.000000" />
  <attribute name="IntegralT" value="-26800.000000" />
  <attribute name="IntegralI" value="-26800.000000" />
  <attribute name="IntegralH" value="-26800.000000" />
  <attribute name="DerivativeT" value="-0.014925" />
  <attribute name="DerivativeI" value="-0.014925" />
  <attribute name="DerivativeH" value="-0.014925" />
  <attribute name="Loop Time for DT" value="1340.000000" />
  <attribute name="Output H" value="2092630016"/>
  <attribute name="Output I" value="200"/>
  <attribute name="Output T" value="4"/>
  <attribute name="Target GC Util Change" value ="20.000000" />
  <attribute name="Current GC Util Change" value="0.000000"/>
  <attribute name="GC Util currently" value="0" />
  <attribute name="CPU Util currently" value="3" />
<allocation-satisfied id="510" threadId="0000000001BFBB00" bytesRequested="32" />
<af-end id="511" timestamp="2019-06-20T23:33:17.141" threadId="0000000001BFC488" success="true" from="nursery"/>
<exclusive-end id="512" timestamp="2019-06-20T23:33:17.141" durationms="1.881" />

<exclusive-start id="513" timestamp="2019-06-20T23:33:18.661" intervalms="1521.575">
  <response-info timems="0.043" idlems="0.043" threads="0" lastid="0000000001BCB000" lastname="node-9" />
</exclusive-start>
<af-start id="514" threadId="0000000001BCB988" totalBytesRequested="24" timestamp="2019-06-20T23:33:18.661" intervalms="1521.677" type="nursery" />
<cycle-start id="515" type="scavenge" contextid="0" timestamp="2019-06-20T23:33:18.661" intervalms="1521.702" />
<gc-start id="516" type="scavenge" contextid="515" timestamp="2019-06-20T23:33:18.661">
  <mem-info id="517" free="2082030872" total="2092630016" percent="99">
    <mem type="nursery" free="0" total="2883584" percent="0">
      <mem type="allocate" free="0" total="2555904" percent="0" />
      <mem type="survivor" free="0" total="327680" percent="0" />
    </mem>
    <mem type="tenure" free="2082030872" total="2089746432" percent="99">
      <mem type="soa" free="1977543960" total="1985259520" percent="99" />
      <mem type="loa" free="104486912" total="104486912" percent="100" />
    </mem>
    <remembered-set count="402" />
  </mem-info>
</gc-start>
<allocation-stats totalBytes="2356384" >
  <allocated-bytes non-tlh="32" tlh="2356352" />
  <largest-consumer threadName="node-4" threadId="0000000001BF7F00" bytes="123584" />
</allocation-stats>
<gc-op id="518" type="scavenge" timems="0.530" contextid="515" timestamp="2019-06-20T23:33:18.662">
  <scavenger-info tenureage="3" tenuremask="ffe8" tiltratio="88" />
  <memory-copied type="nursery" objects="3501" bytes="86184" bytesdiscarded="109656" />
  <memory-copied type="tenure" objects="1870" bytes="44880" bytesdiscarded="0" />
</gc-op>
<gc-end id="519" type="scavenge" contextid="515" durationms="0.976" usertimems="4.000" systemtimems="0.000" timestamp="2019-06-20T23:33:18.662" activeThreads="4">
  <mem-info id="520" free="2084351768" total="2092630016" percent="99">
    <mem type="nursery" free="2360064" total="2883584" percent="81">
      <mem type="allocate" free="2360064" total="2555904" percent="92" />
      <mem type="survivor" free="0" total="327680" percent="0" />
    </mem>
    <mem type="tenure" free="2081991704" total="2089746432" percent="99" macro-fragmented="184520">
      <mem type="soa" free="1977504792" total="1985259520" percent="99" />
      <mem type="loa" free="104486912" total="104486912" percent="100" />
    </mem>
    <remembered-set count="327" />
  </mem-info>
</gc-end>
<cycle-end id="521" type="scavenge" contextid="515" timestamp="2019-06-20T23:33:18.662" />
  <attribute name="elasticGC enabled" value="1" />
  <attribute name= "numThreadsSpecified" value="4" />
  <attribute name="heapSize specified" value="8912896" />
  <attribute name="Current GC Util" value="0" />
  <attribute name= "Current Time Running" value="34273" />
  <attribute name ="GC Interval" value="200" />
  <attribute name="ProportionalT" value="-30.000000" />
  <attribute name="ProportionalI" value="-30.000000" />
  <attribute name="ProportionalH" value="-30.000000" />
  <attribute name="Current Error" value="-20.000000" />
  <attribute name="IntegralT" value="-30440.000000" />
  <attribute name="IntegralI" value="-30440.000000" />
  <attribute name="IntegralH" value="-30440.000000" />
  <attribute name="DerivativeT" value="-0.013141" />
  <attribute name="DerivativeI" value="-0.013141" />
  <attribute name="DerivativeH" value="-0.013141" />
  <attribute name="Loop Time for DT" value="1522.000000" />
  <attribute name="Output H" value="2092630016"/>
  <attribute name="Output I" value="200"/>
  <attribute name="Output T" value="4"/>
  <attribute name="Target GC Util Change" value ="20.000000" />
  <attribute name="Current GC Util Change" value="0.000000"/>
  <attribute name="GC Util currently" value="0" />
  <attribute name="CPU Util currently" value="3" />
<allocation-satisfied id="522" threadId="0000000001BCB000" bytesRequested="24" />
<af-end id="523" timestamp="2019-06-20T23:33:18.662" threadId="0000000001BCB988" success="true" from="nursery"/>
<exclusive-end id="524" timestamp="2019-06-20T23:33:18.663" durationms="1.764" />

<exclusive-start id="525" timestamp="2019-06-20T23:33:20.011" intervalms="1350.195">
  <response-info timems="0.066" idlems="0.066" threads="0" lastid="0000000001BDA000" lastname="node-8" />
</exclusive-start>
<af-start id="526" threadId="0000000001BDA988" totalBytesRequested="736" timestamp="2019-06-20T23:33:20.011" intervalms="1350.127" type="nursery" />
<cycle-start id="527" type="scavenge" contextid="0" timestamp="2019-06-20T23:33:20.011" intervalms="1350.090" />
<gc-start id="528" type="scavenge" contextid="527" timestamp="2019-06-20T23:33:20.011">
  <mem-info id="529" free="2081991704" total="2092630016" percent="99">
    <mem type="nursery" free="0" total="2883584" percent="0">
      <mem type="allocate" free="0" total="2555904" percent="0" />
      <mem type="survivor" free="0" total="327680" percent="0" />
    </mem>
    <mem type="tenure" free="2081991704" total="2089746432" percent="99">
      <mem type="soa" free="1977504792" total="1985259520" percent="99" />
      <mem type="loa" free="104486912" total="104486912" percent="100" />
    </mem>
    <remembered-set count="399" />
  </mem-info>
</gc-start>
<allocation-stats totalBytes="2357952" >
  <allocated-bytes non-tlh="24" tlh="2357928" />
  <largest-consumer threadName="node-9" threadId="0000000001BCB000" bytes="111296" />
</allocation-stats>
<gc-op id="530" type="scavenge" timems="0.551" contextid="527" timestamp="2019-06-20T23:33:20.012">
  <scavenger-info tenureage="3" tenuremask="ffe8" tiltratio="88" />
  <memory-copied type="nursery" objects="3308" bytes="82984" bytesdiscarded="112856" />
  <memory-copied type="tenure" objects="1124" bytes="26976" bytesdiscarded="0" />
</gc-op>
<gc-end id="531" type="scavenge" contextid="527" durationms="1.140" usertimems="0.000" systemtimems="0.000" timestamp="2019-06-20T23:33:20.012" activeThreads="4">
  <mem-info id="532" free="2084312600" total="2092630016" percent="99">
    <mem type="nursery" free="2360064" total="2883584" percent="81">
      <mem type="allocate" free="2360064" total="2555904" percent="92" />
      <mem type="survivor" free="0" total="327680" percent="0" />
    </mem>
    <mem type="tenure" free="2081952536" total="2089746432" percent="99" macro-fragmented="201920">
      <mem type="soa" free="1977465624" total="1985259520" percent="99" />
      <mem type="loa" free="104486912" total="104486912" percent="100" />
    </mem>
    <remembered-set count="307" />
  </mem-info>
</gc-end>
<cycle-end id="533" type="scavenge" contextid="527" timestamp="2019-06-20T23:33:20.013" />
  <attribute name="elasticGC enabled" value="1" />
  <attribute name= "numThreadsSpecified" value="4" />
  <attribute name="heapSize specified" value="8912896" />
  <attribute name="Current GC Util" value="0" />
  <attribute name= "Current Time Running" value="35623" />
  <attribute name ="GC Interval" value="200" />
  <attribute name="ProportionalT" value="-30.000000" />
  <attribute name="ProportionalI" value="-30.000000" />
  <attribute name="ProportionalH" value="-30.000000" />
  <attribute name="Current Error" value="-20.000000" />
  <attribute name="IntegralT" value="-27000.000000" />
  <attribute name="IntegralI" value="-27000.000000" />
  <attribute name="IntegralH" value="-27000.000000" />
  <attribute name="DerivativeT" value="-0.014815" />
  <attribute name="DerivativeI" value="-0.014815" />
  <attribute name="DerivativeH" value="-0.014815" />
  <attribute name="Loop Time for DT" value="1350.000000" />
  <attribute name="Output H" value="2092630016"/>
  <attribute name="Output I" value="200"/>
  <attribute name="Output T" value="4"/>
  <attribute name="Target GC Util Change" value ="20.000000" />
  <attribute name="Current GC Util Change" value="0.000000"/>
  <attribute name="GC Util currently" value="0" />
  <attribute name="CPU Util currently" value="2" />
<allocation-satisfied id="534" threadId="0000000001BDA000" bytesRequested="736" />
<af-end id="535" timestamp="2019-06-20T23:33:20.013" threadId="0000000001BDA988" success="true" from="nursery"/>
<exclusive-end id="536" timestamp="2019-06-20T23:33:20.013" durationms="1.881" />

<exclusive-start id="537" timestamp="2019-06-20T23:33:21.230" intervalms="1219.097">
  <response-info timems="0.398" idlems="0.204" threads="1" lastid="0000000001BBFD00" lastname="node-11" />
</exclusive-start>
<af-start id="538" threadId="0000000001BC4288" totalBytesRequested="24" timestamp="2019-06-20T23:33:21.230" intervalms="1219.086" type="nursery" />
<cycle-start id="539" type="scavenge" contextid="0" timestamp="2019-06-20T23:33:21.230" intervalms="1219.095" />
<gc-start id="540" type="scavenge" contextid="539" timestamp="2019-06-20T23:33:21.230">
  <mem-info id="541" free="2081952536" total="2092630016" percent="99">
    <mem type="nursery" free="0" total="2883584" percent="0">
      <mem type="allocate" free="0" total="2555904" percent="0" />
      <mem type="survivor" free="0" total="327680" percent="0" />
    </mem>
    <mem type="tenure" free="2081952536" total="2089746432" percent="99">
      <mem type="soa" free="1977465624" total="1985259520" percent="99" />
      <mem type="loa" free="104486912" total="104486912" percent="100" />
    </mem>
    <remembered-set count="396" />
  </mem-info>
</gc-start>
<allocation-stats totalBytes="2358008" >
  <allocated-bytes non-tlh="736" tlh="2357272" />
  <largest-consumer threadName="node-8" threadId="0000000001BDA000" bytes="107192" />
</allocation-stats>
<gc-op id="542" type="scavenge" timems="0.810" contextid="539" timestamp="2019-06-20T23:33:21.231">
  <scavenger-info tenureage="3" tenuremask="ffe8" tiltratio="88" />
  <memory-copied type="nursery" objects="3260" bytes="80424" bytesdiscarded="76248" />
  <memory-copied type="tenure" objects="1252" bytes="30048" bytesdiscarded="0" />
</gc-op>
<gc-end id="543" type="scavenge" contextid="539" durationms="1.186" usertimems="0.000" systemtimems="0.000" timestamp="2019-06-20T23:33:21.232" activeThreads="4">
  <mem-info id="544" free="2084312600" total="2092630016" percent="99">
    <mem type="nursery" free="2399232" total="2883584" percent="83">
      <mem type="allocate" free="2399232" total="2555904" percent="93" />
      <mem type="survivor" free="0" total="327680" percent="0" />
    </mem>
    <mem type="tenure" free="2081913368" total="2089746432" percent="99" macro-fragmented="40384">
      <mem type="soa" free="1977426456" total="1985259520" percent="99" />
      <mem type="loa" free="104486912" total="104486912" percent="100" />
    </mem>
    <remembered-set count="326" />
  </mem-info>
</gc-end>
<cycle-end id="545" type="scavenge" contextid="539" timestamp="2019-06-20T23:33:21.232" />
  <attribute name="elasticGC enabled" value="1" />
  <attribute name= "numThreadsSpecified" value="4" />
  <attribute name="heapSize specified" value="8912896" />
  <attribute name="Current GC Util" value="0" />
  <attribute name= "Current Time Running" value="36842" />
  <attribute name ="GC Interval" value="200" />
  <attribute name="ProportionalT" value="-30.000000" />
  <attribute name="ProportionalI" value="-30.000000" />
  <attribute name="ProportionalH" value="-30.000000" />
  <attribute name="Current Error" value="-20.000000" />
  <attribute name="IntegralT" value="-24380.000000" />
  <attribute name="IntegralI" value="-24380.000000" />
  <attribute name="IntegralH" value="-24380.000000" />
  <attribute name="DerivativeT" value="-0.016407" />
  <attribute name="DerivativeI" value="-0.016407" />
  <attribute name="DerivativeH" value="-0.016407" />
  <attribute name="Loop Time for DT" value="1219.000000" />
  <attribute name="Output H" value="2092630016"/>
  <attribute name="Output I" value="200"/>
  <attribute name="Output T" value="4"/>
  <attribute name="Target GC Util Change" value ="20.000000" />
  <attribute name="Current GC Util Change" value="0.000000"/>
  <attribute name="GC Util currently" value="0" />
  <attribute name="CPU Util currently" value="2" />
<allocation-satisfied id="546" threadId="0000000001BC3900" bytesRequested="24" />
<af-end id="547" timestamp="2019-06-20T23:33:21.232" threadId="0000000001BC4288" success="true" from="nursery"/>
<exclusive-end id="548" timestamp="2019-06-20T23:33:21.232" durationms="1.918" />

<exclusive-start id="549" timestamp="2019-06-20T23:33:22.454" intervalms="1223.541">
  <response-info timems="0.036" idlems="0.036" threads="0" lastid="0000000001BD2800" lastname="node-6" />
</exclusive-start>
<af-start id="550" threadId="0000000001BD3188" totalBytesRequested="16" timestamp="2019-06-20T23:33:22.454" intervalms="1223.521" type="nursery" />
<cycle-start id="551" type="scavenge" contextid="0" timestamp="2019-06-20T23:33:22.454" intervalms="1223.483" />
<gc-start id="552" type="scavenge" contextid="551" timestamp="2019-06-20T23:33:22.454">
  <mem-info id="553" free="2081913368" total="2092630016" percent="99">
    <mem type="nursery" free="0" total="2883584" percent="0">
      <mem type="allocate" free="0" total="2555904" percent="0" />
      <mem type="survivor" free="0" total="327680" percent="0" />
    </mem>
    <mem type="tenure" free="2081913368" total="2089746432" percent="99">
      <mem type="soa" free="1977426456" total="1985259520" percent="99" />
      <mem type="loa" free="104486912" total="104486912" percent="100" />
    </mem>
    <remembered-set count="395" />
  </mem-info>
</gc-start>
<allocation-stats totalBytes="2394952" >
  <allocated-bytes non-tlh="24" tlh="2394928" />
  <largest-consumer threadName="node-24" threadId="0000000001BECC00" bytes="121232" />
</allocation-stats>
<gc-op id="554" type="scavenge" timems="0.453" contextid="551" timestamp="2019-06-20T23:33:22.454">
  <scavenger-info tenureage="3" tenuremask="4008" tiltratio="88" />
  <memory-copied type="nursery" objects="3443" bytes="94040" bytesdiscarded="101800" />
  <memory-copied type="tenure" objects="981" bytes="23544" bytesdiscarded="0" />
</gc-op>
<gc-end id="555" type="scavenge" contextid="551" durationms="0.978" usertimems="4.000" systemtimems="0.000" timestamp="2019-06-20T23:33:22.455" activeThreads="4">
  <mem-info id="556" free="2084234264" total="2092630016" percent="99">
    <mem type="nursery" free="2360064" total="2883584" percent="81">
      <mem type="allocate" free="2360064" total="2555904" percent="92" />
      <mem type="survivor" free="0" total="327680" percent="0" />
    </mem>
    <mem type="tenure" free="2081874200" total="2089746432" percent="99" macro-fragmented="116842">
      <mem type="soa" free="1977387288" total="1985259520" percent="99" />
      <mem type="loa" free="104486912" total="104486912" percent="100" />
    </mem>
    <remembered-set count="307" />
  </mem-info>
</gc-end>
<cycle-end id="557" type="scavenge" contextid="551" timestamp="2019-06-20T23:33:22.455" />
  <attribute name="elasticGC enabled" value="1" />
  <attribute name= "numThreadsSpecified" value="4" />
  <attribute name="heapSize specified" value="8912896" />
  <attribute name="Current GC Util" value="0" />
  <attribute name= "Current Time Running" value="38065" />
  <attribute name ="GC Interval" value="200" />
  <attribute name="ProportionalT" value="-30.000000" />
  <attribute name="ProportionalI" value="-30.000000" />
  <attribute name="ProportionalH" value="-30.000000" />
  <attribute name="Current Error" value="-20.000000" />
  <attribute name="IntegralT" value="-24460.000000" />
  <attribute name="IntegralI" value="-24460.000000" />
  <attribute name="IntegralH" value="-24460.000000" />
  <attribute name="DerivativeT" value="-0.016353" />
  <attribute name="DerivativeI" value="-0.016353" />
  <attribute name="DerivativeH" value="-0.016353" />
  <attribute name="Loop Time for DT" value="1223.000000" />
  <attribute name="Output H" value="2092630016"/>
  <attribute name="Output I" value="200"/>
  <attribute name="Output T" value="4"/>
  <attribute name="Target GC Util Change" value ="20.000000" />
  <attribute name="Current GC Util Change" value="0.000000"/>
  <attribute name="GC Util currently" value="0" />
  <attribute name="CPU Util currently" value="2" />
<allocation-satisfied id="558" threadId="0000000001BD2800" bytesRequested="16" />
<af-end id="559" timestamp="2019-06-20T23:33:22.455" threadId="0000000001BD3188" success="true" from="nursery"/>
<exclusive-end id="560" timestamp="2019-06-20T23:33:22.455" durationms="1.425" />

<exclusive-start id="561" timestamp="2019-06-20T23:33:23.905" intervalms="1451.450">
  <response-info timems="0.034" idlems="0.034" threads="0" lastid="0000000001BE5400" lastname="node-2" />
</exclusive-start>
<af-start id="562" threadId="0000000001BE5D88" totalBytesRequested="24" timestamp="2019-06-20T23:33:23.905" intervalms="1451.725" type="nursery" />
<cycle-start id="563" type="scavenge" contextid="0" timestamp="2019-06-20T23:33:23.906" intervalms="1451.734" />
<gc-start id="564" type="scavenge" contextid="563" timestamp="2019-06-20T23:33:23.906">
  <mem-info id="565" free="2081874200" total="2092630016" percent="99">
    <mem type="nursery" free="0" total="2883584" percent="0">
      <mem type="allocate" free="0" total="2555904" percent="0" />
      <mem type="survivor" free="0" total="327680" percent="0" />
    </mem>
    <mem type="tenure" free="2081874200" total="2089746432" percent="99">
      <mem type="soa" free="1977387288" total="1985259520" percent="99" />
      <mem type="loa" free="104486912" total="104486912" percent="100" />
    </mem>
    <remembered-set count="389" />
  </mem-info>
</gc-start>
<allocation-stats totalBytes="2356968" >
  <allocated-bytes non-tlh="16" tlh="2356952" />
  <largest-consumer threadName="node-8" threadId="0000000001BDA000" bytes="106488" />
</allocation-stats>
<gc-op id="566" type="scavenge" timems="1.209" contextid="563" timestamp="2019-06-20T23:33:23.907">
  <scavenger-info tenureage="2" tenuremask="4004" tiltratio="88" />
  <memory-copied type="nursery" objects="3154" bytes="74776" bytesdiscarded="81896" />
  <memory-copied type="tenure" objects="1192" bytes="28608" bytesdiscarded="0" />
</gc-op>
<gc-end id="567" type="scavenge" contextid="563" durationms="1.603" usertimems="4.000" systemtimems="0.000" timestamp="2019-06-20T23:33:23.907" activeThreads="4">
  <mem-info id="568" free="2084234264" total="2092630016" percent="99">
    <mem type="nursery" free="2399232" total="2883584" percent="83">
      <mem type="allocate" free="2399232" total="2555904" percent="93" />
      <mem type="survivor" free="0" total="327680" percent="0" />
    </mem>
    <mem type="tenure" free="2081835032" total="2089746432" percent="99" macro-fragmented="105552">
      <mem type="soa" free="1977348120" total="1985259520" percent="99" />
      <mem type="loa" free="104486912" total="104486912" percent="100" />
    </mem>
    <remembered-set count="301" />
  </mem-info>
</gc-end>
<cycle-end id="569" type="scavenge" contextid="563" timestamp="2019-06-20T23:33:23.907" />
  <attribute name="elasticGC enabled" value="1" />
  <attribute name= "numThreadsSpecified" value="4" />
  <attribute name="heapSize specified" value="8912896" />
  <attribute name="Current GC Util" value="0" />
  <attribute name= "Current Time Running" value="39517" />
  <attribute name ="GC Interval" value="200" />
  <attribute name="ProportionalT" value="-30.000000" />
  <attribute name="ProportionalI" value="-30.000000" />
  <attribute name="ProportionalH" value="-30.000000" />
  <attribute name="Current Error" value="-20.000000" />
  <attribute name="IntegralT" value="-29040.000000" />
  <attribute name="IntegralI" value="-29040.000000" />
  <attribute name="IntegralH" value="-29040.000000" />
  <attribute name="DerivativeT" value="-0.013774" />
  <attribute name="DerivativeI" value="-0.013774" />
  <attribute name="DerivativeH" value="-0.013774" />
  <attribute name="Loop Time for DT" value="1452.000000" />
  <attribute name="Output H" value="2092630016"/>
  <attribute name="Output I" value="200"/>
  <attribute name="Output T" value="4"/>
  <attribute name="Target GC Util Change" value ="20.000000" />
  <attribute name="Current GC Util Change" value="0.000000"/>
  <attribute name="GC Util currently" value="0" />
  <attribute name="CPU Util currently" value="21" />
<allocation-satisfied id="570" threadId="0000000001BE5400" bytesRequested="24" />
<af-end id="571" timestamp="2019-06-20T23:33:23.907" threadId="0000000001BE5D88" success="true" from="nursery"/>
<exclusive-end id="572" timestamp="2019-06-20T23:33:23.907" durationms="2.351" />

<exclusive-start id="573" timestamp="2019-06-20T23:33:25.374" intervalms="1468.979">
  <response-info timems="0.034" idlems="0.034" threads="0" lastid="0000000001BD2800" lastname="node-6" />
</exclusive-start>
<af-start id="574" threadId="0000000001BD3188" totalBytesRequested="32" timestamp="2019-06-20T23:33:25.374" intervalms="1468.778" type="nursery" />
<cycle-start id="575" type="scavenge" contextid="0" timestamp="2019-06-20T23:33:25.374" intervalms="1468.828" />
<gc-start id="576" type="scavenge" contextid="575" timestamp="2019-06-20T23:33:25.374">
  <mem-info id="577" free="2081835032" total="2092630016" percent="99">
    <mem type="nursery" free="0" total="2883584" percent="0">
      <mem type="allocate" free="0" total="2555904" percent="0" />
      <mem type="survivor" free="0" total="327680" percent="0" />
    </mem>
    <mem type="tenure" free="2081835032" total="2089746432" percent="99">
      <mem type="soa" free="1977348120" total="1985259520" percent="99" />
      <mem type="loa" free="104486912" total="104486912" percent="100" />
    </mem>
    <remembered-set count="399" />
  </mem-info>
</gc-start>
<allocation-stats totalBytes="2398160" >
  <allocated-bytes non-tlh="24" tlh="2398136" />
  <largest-consumer threadName="node-2" threadId="0000000001BE5400" bytes="106512" />
</allocation-stats>
<gc-op id="578" type="scavenge" timems="1.279" contextid="575" timestamp="2019-06-20T23:33:25.376">
  <scavenger-info tenureage="2" tenuremask="4014" tiltratio="88" />
  <memory-copied type="nursery" objects="2778" bytes="68384" bytesdiscarded="88288" />
  <memory-copied type="tenure" objects="2075" bytes="49800" bytesdiscarded="0" />
</gc-op>
<gc-end id="579" type="scavenge" contextid="575" durationms="1.780" usertimems="0.000" systemtimems="0.000" timestamp="2019-06-20T23:33:25.376" activeThreads="4">
  <mem-info id="580" free="2084195096" total="2092630016" percent="99">
    <mem type="nursery" free="2399232" total="2883584" percent="83">
      <mem type="allocate" free="2399232" total="2555904" percent="93" />
      <mem type="survivor" free="0" total="327680" percent="0" />
    </mem>
    <mem type="tenure" free="2081795864" total="2089746432" percent="99" macro-fragmented="1800196">
      <mem type="soa" free="1977308952" total="1985259520" percent="99" />
      <mem type="loa" free="104486912" total="104486912" percent="100" />
    </mem>
    <remembered-set count="308" />
  </mem-info>
</gc-end>
<cycle-end id="581" type="scavenge" contextid="575" timestamp="2019-06-20T23:33:25.376" />
  <attribute name="elasticGC enabled" value="1" />
  <attribute name= "numThreadsSpecified" value="4" />
  <attribute name="heapSize specified" value="8912896" />
  <attribute name="Current GC Util" value="0" />
  <attribute name= "Current Time Running" value="40986" />
  <attribute name ="GC Interval" value="200" />
  <attribute name="ProportionalT" value="-30.000000" />
  <attribute name="ProportionalI" value="-30.000000" />
  <attribute name="ProportionalH" value="-30.000000" />
  <attribute name="Current Error" value="-20.000000" />
  <attribute name="IntegralT" value="-29380.000000" />
  <attribute name="IntegralI" value="-29380.000000" />
  <attribute name="IntegralH" value="-29380.000000" />
  <attribute name="DerivativeT" value="-0.013615" />
  <attribute name="DerivativeI" value="-0.013615" />
  <attribute name="DerivativeH" value="-0.013615" />
  <attribute name="Loop Time for DT" value="1469.000000" />
  <attribute name="Output H" value="2092630016"/>
  <attribute name="Output I" value="200"/>
  <attribute name="Output T" value="4"/>
  <attribute name="Target GC Util Change" value ="20.000000" />
  <attribute name="Current GC Util Change" value="0.000000"/>
  <attribute name="GC Util currently" value="0" />
  <attribute name="CPU Util currently" value="4" />
<allocation-satisfied id="582" threadId="0000000001BD2800" bytesRequested="32" />
<af-end id="583" timestamp="2019-06-20T23:33:25.377" threadId="0000000001BD3188" success="true" from="nursery"/>
<exclusive-end id="584" timestamp="2019-06-20T23:33:25.377" durationms="2.715" />

<exclusive-start id="585" timestamp="2019-06-20T23:33:26.881" intervalms="1507.320">
  <response-info timems="0.036" idlems="0.036" threads="0" lastid="0000000001BE9000" lastname="node-3" />
</exclusive-start>
<af-start id="586" threadId="0000000001BE9988" totalBytesRequested="24" timestamp="2019-06-20T23:33:26.881" intervalms="1507.252" type="nursery" />
<cycle-start id="587" type="scavenge" contextid="0" timestamp="2019-06-20T23:33:26.882" intervalms="1507.223" />
<gc-start id="588" type="scavenge" contextid="587" timestamp="2019-06-20T23:33:26.882">
  <mem-info id="589" free="2081795864" total="2092630016" percent="99">
    <mem type="nursery" free="0" total="2883584" percent="0">
      <mem type="allocate" free="0" total="2555904" percent="0" />
      <mem type="survivor" free="0" total="327680" percent="0" />
    </mem>
    <mem type="tenure" free="2081795864" total="2089746432" percent="99">
      <mem type="soa" free="1977308952" total="1985259520" percent="99" />
      <mem type="loa" free="104486912" total="104486912" percent="100" />
    </mem>
    <remembered-set count="377" />
  </mem-info>
</gc-start>
<allocation-stats totalBytes="2397872" >
  <allocated-bytes non-tlh="32" tlh="2397840" />
  <largest-consumer threadName="node-15" threadId="0000000001BF0700" bytes="106488" />
</allocation-stats>
<gc-op id="590" type="scavenge" timems="0.466" contextid="587" timestamp="2019-06-20T23:33:26.882">
  <scavenger-info tenureage="2" tenuremask="4004" tiltratio="88" />
  <memory-copied type="nursery" objects="3037" bytes="75120" bytesdiscarded="81552" />
  <memory-copied type="tenure" objects="964" bytes="23136" bytesdiscarded="0" />
</gc-op>
<gc-end id="591" type="scavenge" contextid="587" durationms="1.093" usertimems="4.000" systemtimems="0.000" timestamp="2019-06-20T23:33:26.883" activeThreads="4">
  <mem-info id="592" free="2084155928" total="2092630016" percent="99">
    <mem type="nursery" free="2399232" total="2883584" percent="83">
      <mem type="allocate" free="2399232" total="2555904" percent="93" />
      <mem type="survivor" free="0" total="327680" percent="0" />
    </mem>
    <mem type="tenure" free="2081756696" total="2089746432" percent="99" macro-fragmented="97368">
      <mem type="soa" free="1977269784" total="1985259520" percent="99" />
      <mem type="loa" free="104486912" total="104486912" percent="100" />
    </mem>
    <remembered-set count="308" />
  </mem-info>
</gc-end>
<cycle-end id="593" type="scavenge" contextid="587" timestamp="2019-06-20T23:33:26.883" />
  <attribute name="elasticGC enabled" value="1" />
  <attribute name= "numThreadsSpecified" value="4" />
  <attribute name="heapSize specified" value="8912896" />
  <attribute name="Current GC Util" value="0" />
  <attribute name= "Current Time Running" value="42493" />
  <attribute name ="GC Interval" value="200" />
  <attribute name="ProportionalT" value="-30.000000" />
  <attribute name="ProportionalI" value="-30.000000" />
  <attribute name="ProportionalH" value="-30.000000" />
  <attribute name="Current Error" value="-20.000000" />
  <attribute name="IntegralT" value="-30140.000000" />
  <attribute name="IntegralI" value="-30140.000000" />
  <attribute name="IntegralH" value="-30140.000000" />
  <attribute name="DerivativeT" value="-0.013271" />
  <attribute name="DerivativeI" value="-0.013271" />
  <attribute name="DerivativeH" value="-0.013271" />
  <attribute name="Loop Time for DT" value="1507.000000" />
  <attribute name="Output H" value="2092630016"/>
  <attribute name="Output I" value="200"/>
  <attribute name="Output T" value="4"/>
  <attribute name="Target GC Util Change" value ="20.000000" />
  <attribute name="Current GC Util Change" value="0.000000"/>
  <attribute name="GC Util currently" value="0" />
  <attribute name="CPU Util currently" value="2" />
<allocation-satisfied id="594" threadId="0000000001BE9000" bytesRequested="24" />
<af-end id="595" timestamp="2019-06-20T23:33:26.883" threadId="0000000001BE9988" success="true" from="nursery"/>
<exclusive-end id="596" timestamp="2019-06-20T23:33:26.883" durationms="1.939" />

<exclusive-start id="597" timestamp="2019-06-20T23:33:28.273" intervalms="1392.074">
  <response-info timems="0.078" idlems="0.078" threads="0" lastid="0000000001BD2800" lastname="node-6" />
</exclusive-start>
<af-start id="598" threadId="0000000001BD3188" totalBytesRequested="16" timestamp="2019-06-20T23:33:28.274" intervalms="1392.155" type="nursery" />
<cycle-start id="599" type="scavenge" contextid="0" timestamp="2019-06-20T23:33:28.274" intervalms="1392.180" />
<gc-start id="600" type="scavenge" contextid="599" timestamp="2019-06-20T23:33:28.274">
  <mem-info id="601" free="2081756696" total="2092630016" percent="99">
    <mem type="nursery" free="0" total="2883584" percent="0">
      <mem type="allocate" free="0" total="2555904" percent="0" />
      <mem type="survivor" free="0" total="327680" percent="0" />
    </mem>
    <mem type="tenure" free="2081756696" total="2089746432" percent="99">
      <mem type="soa" free="1977269784" total="1985259520" percent="99" />
      <mem type="loa" free="104486912" total="104486912" percent="100" />
    </mem>
    <remembered-set count="380" />
  </mem-info>
</gc-start>
<allocation-stats totalBytes="2398424" >
  <allocated-bytes non-tlh="24" tlh="2398400" />
  <largest-consumer threadName="node-24" threadId="0000000001BECC00" bytes="106480" />
</allocation-stats>
<gc-op id="602" type="scavenge" timems="0.817" contextid="599" timestamp="2019-06-20T23:33:28.275">
  <scavenger-info tenureage="2" tenuremask="4004" tiltratio="88" />
  <memory-copied type="nursery" objects="2684" bytes="71752" bytesdiscarded="45752" />
  <memory-copied type="tenure" objects="1672" bytes="40128" bytesdiscarded="0" />
</gc-op>
<gc-end id="603" type="scavenge" contextid="599" durationms="1.528" usertimems="4.000" systemtimems="0.000" timestamp="2019-06-20T23:33:28.275" activeThreads="4">
  <mem-info id="604" free="2084155928" total="2092630016" percent="99">
    <mem type="nursery" free="2438400" total="2883584" percent="84">
      <mem type="allocate" free="2438400" total="2555904" percent="95" />
      <mem type="survivor" free="0" total="327680" percent="0" />
    </mem>
    <mem type="tenure" free="2081717528" total="2089746432" percent="99" macro-fragmented="0">
      <mem type="soa" free="1977230616" total="1985259520" percent="99" />
      <mem type="loa" free="104486912" total="104486912" percent="100" />
    </mem>
    <remembered-set count="307" />
  </mem-info>
</gc-end>
<cycle-end id="605" type="scavenge" contextid="599" timestamp="2019-06-20T23:33:28.276" />
  <attribute name="elasticGC enabled" value="1" />
  <attribute name= "numThreadsSpecified" value="4" />
  <attribute name="heapSize specified" value="8912896" />
  <attribute name="Current GC Util" value="0" />
  <attribute name= "Current Time Running" value="43886" />
  <attribute name ="GC Interval" value="200" />
  <attribute name="ProportionalT" value="-30.000000" />
  <attribute name="ProportionalI" value="-30.000000" />
  <attribute name="ProportionalH" value="-30.000000" />
  <attribute name="Current Error" value="-20.000000" />
  <attribute name="IntegralT" value="-27860.000000" />
  <attribute name="IntegralI" value="-27860.000000" />
  <attribute name="IntegralH" value="-27860.000000" />
  <attribute name="DerivativeT" value="-0.014358" />
  <attribute name="DerivativeI" value="-0.014358" />
  <attribute name="DerivativeH" value="-0.014358" />
  <attribute name="Loop Time for DT" value="1393.000000" />
  <attribute name="Output H" value="2092630016"/>
  <attribute name="Output I" value="200"/>
  <attribute name="Output T" value="4"/>
  <attribute name="Target GC Util Change" value ="20.000000" />
  <attribute name="Current GC Util Change" value="0.000000"/>
  <attribute name="GC Util currently" value="0" />
  <attribute name="CPU Util currently" value="5" />
<allocation-satisfied id="606" threadId="0000000001BD2800" bytesRequested="16" />
<af-end id="607" timestamp="2019-06-20T23:33:28.276" threadId="0000000001BD3188" success="true" from="nursery"/>
<exclusive-end id="608" timestamp="2019-06-20T23:33:28.276" durationms="2.267" />

<exclusive-start id="609" timestamp="2019-06-20T23:33:30.164" intervalms="1890.381">
  <response-info timems="0.050" idlems="0.050" threads="0" lastid="0000000001BD2800" lastname="node-6" />
</exclusive-start>
<af-start id="610" threadId="0000000001BD3188" totalBytesRequested="32" timestamp="2019-06-20T23:33:30.164" intervalms="1890.311" type="nursery" />
<cycle-start id="611" type="scavenge" contextid="0" timestamp="2019-06-20T23:33:30.164" intervalms="1890.274" />
<gc-start id="612" type="scavenge" contextid="611" timestamp="2019-06-20T23:33:30.164">
  <mem-info id="613" free="2081717528" total="2092630016" percent="99">
    <mem type="nursery" free="0" total="2883584" percent="0">
      <mem type="allocate" free="0" total="2555904" percent="0" />
      <mem type="survivor" free="0" total="327680" percent="0" />
    </mem>
    <mem type="tenure" free="2081717528" total="2089746432" percent="99">
      <mem type="soa" free="1977230616" total="1985259520" percent="99" />
      <mem type="loa" free="104486912" total="104486912" percent="100" />
    </mem>
    <remembered-set count="382" />
  </mem-info>
</gc-start>
<allocation-stats totalBytes="2436256" >
  <allocated-bytes non-tlh="16" tlh="2436240" />
  <largest-consumer threadName="node-23" threadId="0000000001C0E700" bytes="118680" />
</allocation-stats>
<gc-op id="614" type="scavenge" timems="0.822" contextid="611" timestamp="2019-06-20T23:33:30.165">
  <scavenger-info tenureage="2" tenuremask="4004" tiltratio="88" />
  <memory-copied type="nursery" objects="2964" bytes="73024" bytesdiscarded="44480" />
  <memory-copied type="tenure" objects="1221" bytes="29304" bytesdiscarded="0" />
</gc-op>
<gc-end id="615" type="scavenge" contextid="611" durationms="1.361" usertimems="0.000" systemtimems="0.000" timestamp="2019-06-20T23:33:30.165" activeThreads="4">
  <mem-info id="616" free="2084116760" total="2092630016" percent="99">
    <mem type="nursery" free="2438400" total="2883584" percent="84">
      <mem type="allocate" free="2438400" total="2555904" percent="95" />
      <mem type="survivor" free="0" total="327680" percent="0" />
    </mem>
    <mem type="tenure" free="2081678360" total="2089746432" percent="99" macro-fragmented="3110739">
      <mem type="soa" free="1977191448" total="1985259520" percent="99" />
      <mem type="loa" free="104486912" total="104486912" percent="100" />
    </mem>
    <remembered-set count="308" />
  </mem-info>
</gc-end>
<cycle-end id="617" type="scavenge" contextid="611" timestamp="2019-06-20T23:33:30.166" />
  <attribute name="elasticGC enabled" value="1" />
  <attribute name= "numThreadsSpecified" value="4" />
  <attribute name="heapSize specified" value="8912896" />
  <attribute name="Current GC Util" value="0" />
  <attribute name= "Current Time Running" value="45776" />
  <attribute name ="GC Interval" value="200" />
  <attribute name="ProportionalT" value="-30.000000" />
  <attribute name="ProportionalI" value="-30.000000" />
  <attribute name="ProportionalH" value="-30.000000" />
  <attribute name="Current Error" value="-20.000000" />
  <attribute name="IntegralT" value="-37800.000000" />
  <attribute name="IntegralI" value="-37800.000000" />
  <attribute name="IntegralH" value="-37800.000000" />
  <attribute name="DerivativeT" value="-0.010582" />
  <attribute name="DerivativeI" value="-0.010582" />
  <attribute name="DerivativeH" value="-0.010582" />
  <attribute name="Loop Time for DT" value="1890.000000" />
  <attribute name="Output H" value="2092630016"/>
  <attribute name="Output I" value="200"/>
  <attribute name="Output T" value="4"/>
  <attribute name="Target GC Util Change" value ="20.000000" />
  <attribute name="Current GC Util Change" value="0.000000"/>
  <attribute name="GC Util currently" value="0" />
  <attribute name="CPU Util currently" value="2" />
<allocation-satisfied id="618" threadId="0000000001BD2800" bytesRequested="32" />
<af-end id="619" timestamp="2019-06-20T23:33:30.166" threadId="0000000001BD3188" success="true" from="nursery"/>
<exclusive-end id="620" timestamp="2019-06-20T23:33:30.166" durationms="2.006" />

<exclusive-start id="621" timestamp="2019-06-20T23:33:31.974" intervalms="1810.591">
  <response-info timems="0.582" idlems="0.582" threads="0" lastid="0000000001BCB000" lastname="node-9" />
</exclusive-start>
<af-start id="622" threadId="0000000001BCB988" totalBytesRequested="24" timestamp="2019-06-20T23:33:31.975" intervalms="1810.574" type="nursery" />
<cycle-start id="623" type="scavenge" contextid="0" timestamp="2019-06-20T23:33:31.975" intervalms="1810.564" />
<gc-start id="624" type="scavenge" contextid="623" timestamp="2019-06-20T23:33:31.975">
  <mem-info id="625" free="2081678360" total="2092630016" percent="99">
    <mem type="nursery" free="0" total="2883584" percent="0">
      <mem type="allocate" free="0" total="2555904" percent="0" />
      <mem type="survivor" free="0" total="327680" percent="0" />
    </mem>
    <mem type="tenure" free="2081678360" total="2089746432" percent="99">
      <mem type="soa" free="1977191448" total="1985259520" percent="99" />
      <mem type="loa" free="104486912" total="104486912" percent="100" />
    </mem>
    <remembered-set count="386" />
  </mem-info>
</gc-start>
<allocation-stats totalBytes="2436024" >
  <allocated-bytes non-tlh="32" tlh="2435992" />
  <largest-consumer threadName="node-20" threadId="0000000001C06F00" bytes="106488" />
</allocation-stats>
<gc-op id="626" type="scavenge" timems="1.239" contextid="623" timestamp="2019-06-20T23:33:31.976">
  <scavenger-info tenureage="2" tenuremask="4004" tiltratio="88" />
  <memory-copied type="nursery" objects="3087" bytes="75808" bytesdiscarded="80864" />
  <memory-copied type="tenure" objects="1305" bytes="31320" bytesdiscarded="0" />
</gc-op>
<gc-end id="627" type="scavenge" contextid="623" durationms="1.604" usertimems="0.000" systemtimems="0.000" timestamp="2019-06-20T23:33:31.976" activeThreads="4">
  <mem-info id="628" free="2084038424" total="2092630016" percent="99">
    <mem type="nursery" free="2399232" total="2883584" percent="83">
      <mem type="allocate" free="2399232" total="2555904" percent="93" />
      <mem type="survivor" free="0" total="327680" percent="0" />
    </mem>
    <mem type="tenure" free="2081639192" total="2089746432" percent="99" macro-fragmented="0">
      <mem type="soa" free="1977152280" total="1985259520" percent="99" />
      <mem type="loa" free="104486912" total="104486912" percent="100" />
    </mem>
    <remembered-set count="313" />
  </mem-info>
</gc-end>
<cycle-end id="629" type="scavenge" contextid="623" timestamp="2019-06-20T23:33:31.976" />
  <attribute name="elasticGC enabled" value="1" />
  <attribute name= "numThreadsSpecified" value="4" />
  <attribute name="heapSize specified" value="8912896" />
  <attribute name="Current GC Util" value="0" />
  <attribute name= "Current Time Running" value="47586" />
  <attribute name ="GC Interval" value="200" />
  <attribute name="ProportionalT" value="-30.000000" />
  <attribute name="ProportionalI" value="-30.000000" />
  <attribute name="ProportionalH" value="-30.000000" />
  <attribute name="Current Error" value="-20.000000" />
  <attribute name="IntegralT" value="-36200.000000" />
  <attribute name="IntegralI" value="-36200.000000" />
  <attribute name="IntegralH" value="-36200.000000" />
  <attribute name="DerivativeT" value="-0.011050" />
  <attribute name="DerivativeI" value="-0.011050" />
  <attribute name="DerivativeH" value="-0.011050" />
  <attribute name="Loop Time for DT" value="1810.000000" />
  <attribute name="Output H" value="2092630016"/>
  <attribute name="Output I" value="200"/>
  <attribute name="Output T" value="4"/>
  <attribute name="Target GC Util Change" value ="20.000000" />
  <attribute name="Current GC Util Change" value="0.000000"/>
  <attribute name="GC Util currently" value="0" />
  <attribute name="CPU Util currently" value="3" />
<allocation-satisfied id="630" threadId="0000000001BCB000" bytesRequested="24" />
<af-end id="631" timestamp="2019-06-20T23:33:31.977" threadId="0000000001BCB988" success="true" from="nursery"/>
<exclusive-end id="632" timestamp="2019-06-20T23:33:31.977" durationms="2.282" />

<exclusive-start id="633" timestamp="2019-06-20T23:33:33.421" intervalms="1446.606">
  <response-info timems="0.033" idlems="0.033" threads="0" lastid="0000000001BBC100" lastname="node-5" />
</exclusive-start>
<af-start id="634" threadId="0000000001BBCA88" totalBytesRequested="24" timestamp="2019-06-20T23:33:33.421" intervalms="1446.604" type="nursery" />
<cycle-start id="635" type="scavenge" contextid="0" timestamp="2019-06-20T23:33:33.421" intervalms="1446.661" />
<gc-start id="636" type="scavenge" contextid="635" timestamp="2019-06-20T23:33:33.421">
  <mem-info id="637" free="2081639192" total="2092630016" percent="99">
    <mem type="nursery" free="0" total="2883584" percent="0">
      <mem type="allocate" free="0" total="2555904" percent="0" />
      <mem type="survivor" free="0" total="327680" percent="0" />
    </mem>
    <mem type="tenure" free="2081639192" total="2089746432" percent="99">
      <mem type="soa" free="1977152280" total="1985259520" percent="99" />
      <mem type="loa" free="104486912" total="104486912" percent="100" />
    </mem>
    <remembered-set count="381" />
  </mem-info>
</gc-start>
<allocation-stats totalBytes="2397960" >
  <allocated-bytes non-tlh="24" tlh="2397936" />
  <largest-consumer threadName="node-21" threadId="0000000001C15F00" bytes="106480" />
</allocation-stats>
<gc-op id="638" type="scavenge" timems="1.272" contextid="635" timestamp="2019-06-20T23:33:33.423">
  <scavenger-info tenureage="2" tenuremask="4004" tiltratio="88" />
  <memory-copied type="nursery" objects="2642" bytes="65584" bytesdiscarded="91088" />
  <memory-copied type="tenure" objects="1517" bytes="36408" bytesdiscarded="0" />
</gc-op>
<gc-end id="639" type="scavenge" contextid="635" durationms="1.735" usertimems="0.000" systemtimems="0.000" timestamp="2019-06-20T23:33:33.423" activeThreads="4">
  <mem-info id="640" free="2083999256" total="2092630016" percent="99">
    <mem type="nursery" free="2399232" total="2883584" percent="83">
      <mem type="allocate" free="2399232" total="2555904" percent="93" />
      <mem type="survivor" free="0" total="327680" percent="0" />
    </mem>
    <mem type="tenure" free="2081600024" total="2089746432" percent="99" macro-fragmented="418667">
      <mem type="soa" free="1977113112" total="1985259520" percent="99" />
      <mem type="loa" free="104486912" total="104486912" percent="100" />
    </mem>
    <remembered-set count="308" />
  </mem-info>
</gc-end>
<cycle-end id="641" type="scavenge" contextid="635" timestamp="2019-06-20T23:33:33.423" />
  <attribute name="elasticGC enabled" value="1" />
  <attribute name= "numThreadsSpecified" value="4" />
  <attribute name="heapSize specified" value="8912896" />
  <attribute name="Current GC Util" value="0" />
  <attribute name= "Current Time Running" value="49033" />
  <attribute name ="GC Interval" value="200" />
  <attribute name="ProportionalT" value="-30.000000" />
  <attribute name="ProportionalI" value="-30.000000" />
  <attribute name="ProportionalH" value="-30.000000" />
  <attribute name="Current Error" value="-20.000000" />
  <attribute name="IntegralT" value="-28940.000000" />
  <attribute name="IntegralI" value="-28940.000000" />
  <attribute name="IntegralH" value="-28940.000000" />
  <attribute name="DerivativeT" value="-0.013822" />
  <attribute name="DerivativeI" value="-0.013822" />
  <attribute name="DerivativeH" value="-0.013822" />
  <attribute name="Loop Time for DT" value="1447.000000" />
  <attribute name="Output H" value="2092630016"/>
  <attribute name="Output I" value="200"/>
  <attribute name="Output T" value="4"/>
  <attribute name="Target GC Util Change" value ="20.000000" />
  <attribute name="Current GC Util Change" value="0.000000"/>
  <attribute name="GC Util currently" value="0" />
  <attribute name="CPU Util currently" value="2" />
<allocation-satisfied id="642" threadId="0000000001BBC100" bytesRequested="24" />
<af-end id="643" timestamp="2019-06-20T23:33:33.423" threadId="0000000001BBCA88" success="true" from="nursery"/>
<exclusive-end id="644" timestamp="2019-06-20T23:33:33.423" durationms="2.433" />

<exclusive-start id="645" timestamp="2019-06-20T23:33:34.906" intervalms="1485.131">
  <response-info timems="0.072" idlems="0.072" threads="0" lastid="0000000001BCEC00" lastname="node-0" />
</exclusive-start>
<af-start id="646" threadId="0000000001BCF588" totalBytesRequested="24" timestamp="2019-06-20T23:33:34.906" intervalms="1485.146" type="nursery" />
<cycle-start id="647" type="scavenge" contextid="0" timestamp="2019-06-20T23:33:34.906" intervalms="1485.124" />
<gc-start id="648" type="scavenge" contextid="647" timestamp="2019-06-20T23:33:34.906">
  <mem-info id="649" free="2081600024" total="2092630016" percent="99">
    <mem type="nursery" free="0" total="2883584" percent="0">
      <mem type="allocate" free="0" total="2555904" percent="0" />
      <mem type="survivor" free="0" total="327680" percent="0" />
    </mem>
    <mem type="tenure" free="2081600024" total="2089746432" percent="99">
      <mem type="soa" free="1977113112" total="1985259520" percent="99" />
      <mem type="loa" free="104486912" total="104486912" percent="100" />
    </mem>
    <remembered-set count="381" />
  </mem-info>
</gc-start>
<allocation-stats totalBytes="2398080" >
  <allocated-bytes non-tlh="24" tlh="2398056" />
  <largest-consumer threadName="node-5" threadId="0000000001BBC100" bytes="106512" />
</allocation-stats>
<gc-op id="650" type="scavenge" timems="0.455" contextid="647" timestamp="2019-06-20T23:33:34.907">
  <scavenger-info tenureage="2" tenuremask="4004" tiltratio="88" />
  <memory-copied type="nursery" objects="2868" bytes="70552" bytesdiscarded="86120" />
  <memory-copied type="tenure" objects="1428" bytes="34272" bytesdiscarded="0" />
</gc-op>
<gc-end id="651" type="scavenge" contextid="647" durationms="0.930" usertimems="0.000" systemtimems="0.000" timestamp="2019-06-20T23:33:34.907" activeThreads="4">
  <mem-info id="652" free="2083960088" total="2092630016" percent="99">
    <mem type="nursery" free="2399232" total="2883584" percent="83">
      <mem type="allocate" free="2399232" total="2555904" percent="93" />
      <mem type="survivor" free="0" total="327680" percent="0" />
    </mem>
    <mem type="tenure" free="2081560856" total="2089746432" percent="99" macro-fragmented="70368">
      <mem type="soa" free="1977073944" total="1985259520" percent="99" />
      <mem type="loa" free="104486912" total="104486912" percent="100" />
    </mem>
    <remembered-set count="311" />
  </mem-info>
</gc-end>
<cycle-end id="653" type="scavenge" contextid="647" timestamp="2019-06-20T23:33:34.908" />
  <attribute name="elasticGC enabled" value="1" />
  <attribute name= "numThreadsSpecified" value="4" />
  <attribute name="heapSize specified" value="8912896" />
  <attribute name="Current GC Util" value="0" />
  <attribute name= "Current Time Running" value="50518" />
  <attribute name ="GC Interval" value="200" />
  <attribute name="ProportionalT" value="-30.000000" />
  <attribute name="ProportionalI" value="-30.000000" />
  <attribute name="ProportionalH" value="-30.000000" />
  <attribute name="Current Error" value="-20.000000" />
  <attribute name="IntegralT" value="-29700.000000" />
  <attribute name="IntegralI" value="-29700.000000" />
  <attribute name="IntegralH" value="-29700.000000" />
  <attribute name="DerivativeT" value="-0.013468" />
  <attribute name="DerivativeI" value="-0.013468" />
  <attribute name="DerivativeH" value="-0.013468" />
  <attribute name="Loop Time for DT" value="1485.000000" />
  <attribute name="Output H" value="2092630016"/>
  <attribute name="Output I" value="200"/>
  <attribute name="Output T" value="4"/>
  <attribute name="Target GC Util Change" value ="20.000000" />
  <attribute name="Current GC Util Change" value="0.000000"/>
  <attribute name="GC Util currently" value="0" />
  <attribute name="CPU Util currently" value="2" />
<allocation-satisfied id="654" threadId="0000000001BCEC00" bytesRequested="24" />
<af-end id="655" timestamp="2019-06-20T23:33:34.908" threadId="0000000001BCF588" success="true" from="nursery"/>
<exclusive-end id="656" timestamp="2019-06-20T23:33:34.908" durationms="1.581" />

<exclusive-start id="657" timestamp="2019-06-20T23:33:36.582" intervalms="1675.640">
  <response-info timems="0.051" idlems="0.051" threads="0" lastid="0000000001BD2800" lastname="node-6" />
</exclusive-start>
<af-start id="658" threadId="0000000001BD3188" totalBytesRequested="32" timestamp="2019-06-20T23:33:36.582" intervalms="1675.673" type="nursery" />
<cycle-start id="659" type="scavenge" contextid="0" timestamp="2019-06-20T23:33:36.582" intervalms="1675.640" />
<gc-start id="660" type="scavenge" contextid="659" timestamp="2019-06-20T23:33:36.582">
  <mem-info id="661" free="2081560856" total="2092630016" percent="99">
    <mem type="nursery" free="0" total="2883584" percent="0">
      <mem type="allocate" free="0" total="2555904" percent="0" />
      <mem type="survivor" free="0" total="327680" percent="0" />
    </mem>
    <mem type="tenure" free="2081560856" total="2089746432" percent="99">
      <mem type="soa" free="1977073944" total="1985259520" percent="99" />
      <mem type="loa" free="104486912" total="104486912" percent="100" />
    </mem>
    <remembered-set count="384" />
  </mem-info>
</gc-start>
<allocation-stats totalBytes="2397840" >
  <allocated-bytes non-tlh="24" tlh="2397816" />
  <largest-consumer threadName="node-25" threadId="0000000001BE1800" bytes="106488" />
</allocation-stats>
<gc-op id="662" type="scavenge" timems="1.223" contextid="659" timestamp="2019-06-20T23:33:36.583">
  <scavenger-info tenureage="2" tenuremask="4004" tiltratio="88" />
  <memory-copied type="nursery" objects="3441" bytes="82736" bytesdiscarded="113104" />
  <memory-copied type="tenure" objects="1070" bytes="25680" bytesdiscarded="0" />
</gc-op>
<gc-end id="663" type="scavenge" contextid="659" durationms="1.616" usertimems="0.000" systemtimems="4.000" timestamp="2019-06-20T23:33:36.584" activeThreads="4">
  <mem-info id="664" free="2083881752" total="2092630016" percent="99">
    <mem type="nursery" free="2360064" total="2883584" percent="81">
      <mem type="allocate" free="2360064" total="2555904" percent="92" />
      <mem type="survivor" free="0" total="327680" percent="0" />
    </mem>
    <mem type="tenure" free="2081521688" total="2089746432" percent="99" macro-fragmented="868149">
      <mem type="soa" free="1977034776" total="1985259520" percent="99" />
      <mem type="loa" free="104486912" total="104486912" percent="100" />
    </mem>
    <remembered-set count="296" />
  </mem-info>
</gc-end>
<cycle-end id="665" type="scavenge" contextid="659" timestamp="2019-06-20T23:33:36.584" />
  <attribute name="elasticGC enabled" value="1" />
  <attribute name= "numThreadsSpecified" value="4" />
  <attribute name="heapSize specified" value="8912896" />
  <attribute name="Current GC Util" value="0" />
  <attribute name= "Current Time Running" value="52194" />
  <attribute name ="GC Interval" value="200" />
  <attribute name="ProportionalT" value="-30.000000" />
  <attribute name="ProportionalI" value="-30.000000" />
  <attribute name="ProportionalH" value="-30.000000" />
  <attribute name="Current Error" value="-20.000000" />
  <attribute name="IntegralT" value="-33520.000000" />
  <attribute name="IntegralI" value="-33520.000000" />
  <attribute name="IntegralH" value="-33520.000000" />
  <attribute name="DerivativeT" value="-0.011933" />
  <attribute name="DerivativeI" value="-0.011933" />
  <attribute name="DerivativeH" value="-0.011933" />
  <attribute name="Loop Time for DT" value="1676.000000" />
  <attribute name="Output H" value="2092630016"/>
  <attribute name="Output I" value="200"/>
  <attribute name="Output T" value="4"/>
  <attribute name="Target GC Util Change" value ="20.000000" />
  <attribute name="Current GC Util Change" value="0.000000"/>
  <attribute name="GC Util currently" value="0" />
  <attribute name="CPU Util currently" value="2" />
<allocation-satisfied id="666" threadId="0000000001BD2800" bytesRequested="32" />
<af-end id="667" timestamp="2019-06-20T23:33:36.584" threadId="0000000001BD3188" success="true" from="nursery"/>
<exclusive-end id="668" timestamp="2019-06-20T23:33:36.584" durationms="2.157" />

<exclusive-start id="669" timestamp="2019-06-20T23:33:37.739" intervalms="1157.592">
  <response-info timems="0.049" idlems="0.049" threads="0" lastid="0000000001BE9000" lastname="node-3" />
</exclusive-start>
<af-start id="670" threadId="0000000001BE9988" totalBytesRequested="16" timestamp="2019-06-20T23:33:37.740" intervalms="1157.583" type="nursery" />
<cycle-start id="671" type="scavenge" contextid="0" timestamp="2019-06-20T23:33:37.740" intervalms="1157.613" />
<gc-start id="672" type="scavenge" contextid="671" timestamp="2019-06-20T23:33:37.740">
  <mem-info id="673" free="2081521688" total="2092630016" percent="99">
    <mem type="nursery" free="0" total="2883584" percent="0">
      <mem type="allocate" free="0" total="2555904" percent="0" />
      <mem type="survivor" free="0" total="327680" percent="0" />
    </mem>
    <mem type="tenure" free="2081521688" total="2089746432" percent="99">
      <mem type="soa" free="1977034776" total="1985259520" percent="99" />
      <mem type="loa" free="104486912" total="104486912" percent="100" />
    </mem>
    <remembered-set count="382" />
  </mem-info>
</gc-start>
<allocation-stats totalBytes="2358344" >
  <allocated-bytes non-tlh="32" tlh="2358312" />
  <largest-consumer threadName="node-9" threadId="0000000001BCB000" bytes="106488" />
</allocation-stats>
<gc-op id="674" type="scavenge" timems="1.408" contextid="671" timestamp="2019-06-20T23:33:37.741">
  <scavenger-info tenureage="2" tenuremask="4004" tiltratio="88" />
  <memory-copied type="nursery" objects="3033" bytes="81864" bytesdiscarded="74808" />
  <memory-copied type="tenure" objects="1656" bytes="39744" bytesdiscarded="0" />
</gc-op>
<gc-end id="675" type="scavenge" contextid="671" durationms="1.804" usertimems="4.000" systemtimems="0.000" timestamp="2019-06-20T23:33:37.742" activeThreads="4">
  <mem-info id="676" free="2083881752" total="2092630016" percent="99">
    <mem type="nursery" free="2399232" total="2883584" percent="83">
      <mem type="allocate" free="2399232" total="2555904" percent="93" />
      <mem type="survivor" free="0" total="327680" percent="0" />
    </mem>
    <mem type="tenure" free="2081482520" total="2089746432" percent="99" macro-fragmented="0">
      <mem type="soa" free="1976995608" total="1985259520" percent="99" />
      <mem type="loa" free="104486912" total="104486912" percent="100" />
    </mem>
    <remembered-set count="308" />
  </mem-info>
</gc-end>
<cycle-end id="677" type="scavenge" contextid="671" timestamp="2019-06-20T23:33:37.742" />
  <attribute name="elasticGC enabled" value="1" />
  <attribute name= "numThreadsSpecified" value="4" />
  <attribute name="heapSize specified" value="8912896" />
  <attribute name="Current GC Util" value="0" />
  <attribute name= "Current Time Running" value="53351" />
  <attribute name ="GC Interval" value="200" />
  <attribute name="ProportionalT" value="-30.000000" />
  <attribute name="ProportionalI" value="-30.000000" />
  <attribute name="ProportionalH" value="-30.000000" />
  <attribute name="Current Error" value="-20.000000" />
  <attribute name="IntegralT" value="-23140.000000" />
  <attribute name="IntegralI" value="-23140.000000" />
  <attribute name="IntegralH" value="-23140.000000" />
  <attribute name="DerivativeT" value="-0.017286" />
  <attribute name="DerivativeI" value="-0.017286" />
  <attribute name="DerivativeH" value="-0.017286" />
  <attribute name="Loop Time for DT" value="1157.000000" />
  <attribute name="Output H" value="2092630016"/>
  <attribute name="Output I" value="200"/>
  <attribute name="Output T" value="4"/>
  <attribute name="Target GC Util Change" value ="20.000000" />
  <attribute name="Current GC Util Change" value="0.000000"/>
  <attribute name="GC Util currently" value="0" />
  <attribute name="CPU Util currently" value="1" />
<allocation-satisfied id="678" threadId="0000000001BE9000" bytesRequested="16" />
<af-end id="679" timestamp="2019-06-20T23:33:37.742" threadId="0000000001BE9988" success="true" from="nursery"/>
<exclusive-end id="680" timestamp="2019-06-20T23:33:37.742" durationms="2.555" />

<exclusive-start id="681" timestamp="2019-06-20T23:33:39.513" intervalms="1774.061">
  <response-info timems="0.038" idlems="0.038" threads="0" lastid="0000000001BCEC00" lastname="node-0" />
</exclusive-start>
<af-start id="682" threadId="0000000001BCF588" totalBytesRequested="48" timestamp="2019-06-20T23:33:39.514" intervalms="1774.146" type="nursery" />
<cycle-start id="683" type="scavenge" contextid="0" timestamp="2019-06-20T23:33:39.514" intervalms="1774.125" />
<gc-start id="684" type="scavenge" contextid="683" timestamp="2019-06-20T23:33:39.514">
  <mem-info id="685" free="2081482520" total="2092630016" percent="99">
    <mem type="nursery" free="0" total="2883584" percent="0">
      <mem type="allocate" free="0" total="2555904" percent="0" />
      <mem type="survivor" free="0" total="327680" percent="0" />
    </mem>
    <mem type="tenure" free="2081482520" total="2089746432" percent="99">
      <mem type="soa" free="1976995608" total="1985259520" percent="99" />
      <mem type="loa" free="104486912" total="104486912" percent="100" />
    </mem>
    <remembered-set count="380" />
  </mem-info>
</gc-start>
<allocation-stats totalBytes="2395072" >
  <allocated-bytes non-tlh="16" tlh="2395056" />
  <largest-consumer threadName="node-25" threadId="0000000001BE1800" bytes="106488" />
</allocation-stats>
<gc-op id="686" type="scavenge" timems="0.856" contextid="683" timestamp="2019-06-20T23:33:39.515">
  <scavenger-info tenureage="2" tenuremask="4004" tiltratio="88" />
  <memory-copied type="nursery" objects="2723" bytes="73008" bytesdiscarded="44496" />
  <memory-copied type="tenure" objects="1660" bytes="39840" bytesdiscarded="0" />
</gc-op>
<gc-end id="687" type="scavenge" contextid="683" durationms="1.421" usertimems="0.000" systemtimems="0.000" timestamp="2019-06-20T23:33:39.515" activeThreads="4">
  <mem-info id="688" free="2083881752" total="2092630016" percent="99">
    <mem type="nursery" free="2438400" total="2883584" percent="84">
      <mem type="allocate" free="2438400" total="2555904" percent="95" />
      <mem type="survivor" free="0" total="327680" percent="0" />
    </mem>
    <mem type="tenure" free="2081443352" total="2089746432" percent="99" macro-fragmented="1250136">
      <mem type="soa" free="1976956440" total="1985259520" percent="99" />
      <mem type="loa" free="104486912" total="104486912" percent="100" />
    </mem>
    <remembered-set count="297" />
  </mem-info>
</gc-end>
<cycle-end id="689" type="scavenge" contextid="683" timestamp="2019-06-20T23:33:39.515" />
  <attribute name="elasticGC enabled" value="1" />
  <attribute name= "numThreadsSpecified" value="4" />
  <attribute name="heapSize specified" value="8912896" />
  <attribute name="Current GC Util" value="0" />
  <attribute name= "Current Time Running" value="55126" />
  <attribute name ="GC Interval" value="200" />
  <attribute name="ProportionalT" value="-30.000000" />
  <attribute name="ProportionalI" value="-30.000000" />
  <attribute name="ProportionalH" value="-30.000000" />
  <attribute name="Current Error" value="-20.000000" />
  <attribute name="IntegralT" value="-35500.000000" />
  <attribute name="IntegralI" value="-35500.000000" />
  <attribute name="IntegralH" value="-35500.000000" />
  <attribute name="DerivativeT" value="-0.011268" />
  <attribute name="DerivativeI" value="-0.011268" />
  <attribute name="DerivativeH" value="-0.011268" />
  <attribute name="Loop Time for DT" value="1775.000000" />
  <attribute name="Output H" value="2092630016"/>
  <attribute name="Output I" value="200"/>
  <attribute name="Output T" value="4"/>
  <attribute name="Target GC Util Change" value ="20.000000" />
  <attribute name="Current GC Util Change" value="0.000000"/>
  <attribute name="GC Util currently" value="0" />
  <attribute name="CPU Util currently" value="2" />
<allocation-satisfied id="690" threadId="0000000001BCEC00" bytesRequested="48" />
<af-end id="691" timestamp="2019-06-20T23:33:39.516" threadId="0000000001BCF588" success="true" from="nursery"/>
<exclusive-end id="692" timestamp="2019-06-20T23:33:39.516" durationms="2.183" />

<exclusive-start id="693" timestamp="2019-06-20T23:33:40.906" intervalms="1392.412">
  <response-info timems="0.043" idlems="0.043" threads="0" lastid="0000000001BE9000" lastname="node-3" />
</exclusive-start>
<af-start id="694" threadId="0000000001BE9988" totalBytesRequested="32" timestamp="2019-06-20T23:33:40.906" intervalms="1392.307" type="nursery" />
<cycle-start id="695" type="scavenge" contextid="0" timestamp="2019-06-20T23:33:40.906" intervalms="1392.299" />
<gc-start id="696" type="scavenge" contextid="695" timestamp="2019-06-20T23:33:40.906">
  <mem-info id="697" free="2081443352" total="2092630016" percent="99">
    <mem type="nursery" free="0" total="2883584" percent="0">
      <mem type="allocate" free="0" total="2555904" percent="0" />
      <mem type="survivor" free="0" total="327680" percent="0" />
    </mem>
    <mem type="tenure" free="2081443352" total="2089746432" percent="99">
      <mem type="soa" free="1976956440" total="1985259520" percent="99" />
      <mem type="loa" free="104486912" total="104486912" percent="100" />
    </mem>
    <remembered-set count="377" />
  </mem-info>
</gc-start>
<allocation-stats totalBytes="2434792" >
  <allocated-bytes non-tlh="48" tlh="2434744" />
  <largest-consumer threadName="node-23" threadId="0000000001C0E700" bytes="106480" />
</allocation-stats>
<gc-op id="698" type="scavenge" timems="0.789" contextid="695" timestamp="2019-06-20T23:33:40.907">
  <scavenger-info tenureage="2" tenuremask="4004" tiltratio="88" />
  <memory-copied type="nursery" objects="2981" bytes="73600" bytesdiscarded="43904" />
  <memory-copied type="tenure" objects="1203" bytes="28872" bytesdiscarded="0" />
</gc-op>
<gc-end id="699" type="scavenge" contextid="695" durationms="1.332" usertimems="4.000" systemtimems="0.000" timestamp="2019-06-20T23:33:40.907" activeThreads="4">
  <mem-info id="700" free="2083842584" total="2092630016" percent="99">
    <mem type="nursery" free="2438400" total="2883584" percent="84">
      <mem type="allocate" free="2438400" total="2555904" percent="95" />
      <mem type="survivor" free="0" total="327680" percent="0" />
    </mem>
    <mem type="tenure" free="2081404184" total="2089746432" percent="99" macro-fragmented="502401">
      <mem type="soa" free="1976917272" total="1985259520" percent="99" />
      <mem type="loa" free="104486912" total="104486912" percent="100" />
    </mem>
    <remembered-set count="307" />
  </mem-info>
</gc-end>
<cycle-end id="701" type="scavenge" contextid="695" timestamp="2019-06-20T23:33:40.908" />
  <attribute name="elasticGC enabled" value="1" />
  <attribute name= "numThreadsSpecified" value="4" />
  <attribute name="heapSize specified" value="8912896" />
  <attribute name="Current GC Util" value="0" />
  <attribute name= "Current Time Running" value="56518" />
  <attribute name ="GC Interval" value="200" />
  <attribute name="ProportionalT" value="-30.000000" />
  <attribute name="ProportionalI" value="-30.000000" />
  <attribute name="ProportionalH" value="-30.000000" />
  <attribute name="Current Error" value="-20.000000" />
  <attribute name="IntegralT" value="-27840.000000" />
  <attribute name="IntegralI" value="-27840.000000" />
  <attribute name="IntegralH" value="-27840.000000" />
  <attribute name="DerivativeT" value="-0.014368" />
  <attribute name="DerivativeI" value="-0.014368" />
  <attribute name="DerivativeH" value="-0.014368" />
  <attribute name="Loop Time for DT" value="1392.000000" />
  <attribute name="Output H" value="2092630016"/>
  <attribute name="Output I" value="200"/>
  <attribute name="Output T" value="4"/>
  <attribute name="Target GC Util Change" value ="20.000000" />
  <attribute name="Current GC Util Change" value="0.000000"/>
  <attribute name="GC Util currently" value="0" />
  <attribute name="CPU Util currently" value="6" />
<allocation-satisfied id="702" threadId="0000000001BE9000" bytesRequested="32" />
<af-end id="703" timestamp="2019-06-20T23:33:40.908" threadId="0000000001BE9988" success="true" from="nursery"/>
<exclusive-end id="704" timestamp="2019-06-20T23:33:40.908" durationms="1.877" />

<exclusive-start id="705" timestamp="2019-06-20T23:33:42.391" intervalms="1485.086">
  <response-info timems="0.033" idlems="0.033" threads="0" lastid="0000000001BECC00" lastname="node-24" />
</exclusive-start>
<af-start id="706" threadId="0000000001BED588" totalBytesRequested="16" timestamp="2019-06-20T23:33:42.391" intervalms="1485.073" type="nursery" />
<cycle-start id="707" type="scavenge" contextid="0" timestamp="2019-06-20T23:33:42.391" intervalms="1485.066" />
<gc-start id="708" type="scavenge" contextid="707" timestamp="2019-06-20T23:33:42.391">
  <mem-info id="709" free="2081404184" total="2092630016" percent="99">
    <mem type="nursery" free="0" total="2883584" percent="0">
      <mem type="allocate" free="0" total="2555904" percent="0" />
      <mem type="survivor" free="0" total="327680" percent="0" />
    </mem>
    <mem type="tenure" free="2081404184" total="2089746432" percent="99">
      <mem type="soa" free="1976917272" total="1985259520" percent="99" />
      <mem type="loa" free="104486912" total="104486912" percent="100" />
    </mem>
    <remembered-set count="380" />
  </mem-info>
</gc-start>
<allocation-stats totalBytes="2437664" >
  <allocated-bytes non-tlh="32" tlh="2437632" />
  <largest-consumer threadName="node-7" threadId="0000000001BFBB00" bytes="106496" />
</allocation-stats>
<gc-op id="710" type="scavenge" timems="0.456" contextid="707" timestamp="2019-06-20T23:33:42.392">
  <scavenger-info tenureage="2" tenuremask="4004" tiltratio="88" />
  <memory-copied type="nursery" objects="2928" bytes="85504" bytesdiscarded="71168" />
  <memory-copied type="tenure" objects="1358" bytes="32592" bytesdiscarded="0" />
</gc-op>
<gc-end id="711" type="scavenge" contextid="707" durationms="0.832" usertimems="0.000" systemtimems="0.000" timestamp="2019-06-20T23:33:42.392" activeThreads="4">
  <mem-info id="712" free="2083764248" total="2092630016" percent="99">
    <mem type="nursery" free="2399232" total="2883584" percent="83">
      <mem type="allocate" free="2399232" total="2555904" percent="93" />
      <mem type="survivor" free="0" total="327680" percent="0" />
    </mem>
    <mem type="tenure" free="2081365016" total="2089746432" percent="99" macro-fragmented="0">
      <mem type="soa" free="1976878104" total="1985259520" percent="99" />
      <mem type="loa" free="104486912" total="104486912" percent="100" />
    </mem>
    <remembered-set count="308" />
  </mem-info>
</gc-end>
<cycle-end id="713" type="scavenge" contextid="707" timestamp="2019-06-20T23:33:42.392" />
  <attribute name="elasticGC enabled" value="1" />
  <attribute name= "numThreadsSpecified" value="4" />
  <attribute name="heapSize specified" value="8912896" />
  <attribute name="Current GC Util" value="0" />
  <attribute name= "Current Time Running" value="58003" />
  <attribute name ="GC Interval" value="200" />
  <attribute name="ProportionalT" value="-30.000000" />
  <attribute name="ProportionalI" value="-30.000000" />
  <attribute name="ProportionalH" value="-30.000000" />
  <attribute name="Current Error" value="-20.000000" />
  <attribute name="IntegralT" value="-29700.000000" />
  <attribute name="IntegralI" value="-29700.000000" />
  <attribute name="IntegralH" value="-29700.000000" />
  <attribute name="DerivativeT" value="-0.013468" />
  <attribute name="DerivativeI" value="-0.013468" />
  <attribute name="DerivativeH" value="-0.013468" />
  <attribute name="Loop Time for DT" value="1485.000000" />
  <attribute name="Output H" value="2092630016"/>
  <attribute name="Output I" value="200"/>
  <attribute name="Output T" value="4"/>
  <attribute name="Target GC Util Change" value ="20.000000" />
  <attribute name="Current GC Util Change" value="0.000000"/>
  <attribute name="GC Util currently" value="0" />
  <attribute name="CPU Util currently" value="10" />
<allocation-satisfied id="714" threadId="0000000001BECC00" bytesRequested="16" />
<af-end id="715" timestamp="2019-06-20T23:33:42.392" threadId="0000000001BED588" success="true" from="nursery"/>
<exclusive-end id="716" timestamp="2019-06-20T23:33:42.392" durationms="1.298" />

<exclusive-start id="717" timestamp="2019-06-20T23:33:43.731" intervalms="1340.098">
  <response-info timems="0.036" idlems="0.036" threads="0" lastid="0000000001BBC100" lastname="node-5" />
</exclusive-start>
<af-start id="718" threadId="0000000001BBCA88" totalBytesRequested="376" timestamp="2019-06-20T23:33:43.731" intervalms="1340.109" type="nursery" />
<cycle-start id="719" type="scavenge" contextid="0" timestamp="2019-06-20T23:33:43.731" intervalms="1340.156" />
<gc-start id="720" type="scavenge" contextid="719" timestamp="2019-06-20T23:33:43.731">
  <mem-info id="721" free="2081365016" total="2092630016" percent="99">
    <mem type="nursery" free="0" total="2883584" percent="0">
      <mem type="allocate" free="0" total="2555904" percent="0" />
      <mem type="survivor" free="0" total="327680" percent="0" />
    </mem>
    <mem type="tenure" free="2081365016" total="2089746432" percent="99">
      <mem type="soa" free="1976878104" total="1985259520" percent="99" />
      <mem type="loa" free="104486912" total="104486912" percent="100" />
    </mem>
    <remembered-set count="373" />
  </mem-info>
</gc-start>
<allocation-stats totalBytes="2398440" >
  <allocated-bytes non-tlh="16" tlh="2398424" />
  <largest-consumer threadName="node-7" threadId="0000000001BFBB00" bytes="106488" />
</allocation-stats>
<gc-op id="722" type="scavenge" timems="1.214" contextid="719" timestamp="2019-06-20T23:33:43.733">
  <scavenger-info tenureage="2" tenuremask="4004" tiltratio="88" />
  <memory-copied type="nursery" objects="2270" bytes="61800" bytesdiscarded="94872" />
  <memory-copied type="tenure" objects="1481" bytes="35544" bytesdiscarded="0" />
</gc-op>
<gc-end id="723" type="scavenge" contextid="719" durationms="1.745" usertimems="0.000" systemtimems="0.000" timestamp="2019-06-20T23:33:43.733" activeThreads="4">
  <mem-info id="724" free="2083725080" total="2092630016" percent="99">
    <mem type="nursery" free="2399232" total="2883584" percent="83">
      <mem type="allocate" free="2399232" total="2555904" percent="93" />
      <mem type="survivor" free="0" total="327680" percent="0" />
    </mem>
    <mem type="tenure" free="2081325848" total="2089746432" percent="99" macro-fragmented="1041779">
      <mem type="soa" free="1976838936" total="1985259520" percent="99" />
      <mem type="loa" free="104486912" total="104486912" percent="100" />
    </mem>
    <remembered-set count="276" />
  </mem-info>
</gc-end>
<cycle-end id="725" type="scavenge" contextid="719" timestamp="2019-06-20T23:33:43.733" />
  <attribute name="elasticGC enabled" value="1" />
  <attribute name= "numThreadsSpecified" value="4" />
  <attribute name="heapSize specified" value="8912896" />
  <attribute name="Current GC Util" value="0" />
  <attribute name= "Current Time Running" value="59343" />
  <attribute name ="GC Interval" value="200" />
  <attribute name="ProportionalT" value="-30.000000" />
  <attribute name="ProportionalI" value="-30.000000" />
  <attribute name="ProportionalH" value="-30.000000" />
  <attribute name="Current Error" value="-20.000000" />
  <attribute name="IntegralT" value="-26800.000000" />
  <attribute name="IntegralI" value="-26800.000000" />
  <attribute name="IntegralH" value="-26800.000000" />
  <attribute name="DerivativeT" value="-0.014925" />
  <attribute name="DerivativeI" value="-0.014925" />
  <attribute name="DerivativeH" value="-0.014925" />
  <attribute name="Loop Time for DT" value="1340.000000" />
  <attribute name="Output H" value="2092630016"/>
  <attribute name="Output I" value="200"/>
  <attribute name="Output T" value="4"/>
  <attribute name="Target GC Util Change" value ="20.000000" />
  <attribute name="Current GC Util Change" value="0.000000"/>
  <attribute name="GC Util currently" value="0" />
  <attribute name="CPU Util currently" value="3440726569" />
<allocation-satisfied id="726" threadId="0000000001BBC100" bytesRequested="376" />
<af-end id="727" timestamp="2019-06-20T23:33:43.734" threadId="0000000001BBCA88" success="true" from="nursery"/>
<exclusive-end id="728" timestamp="2019-06-20T23:33:43.734" durationms="2.623" />

<exclusive-start id="729" timestamp="2019-06-20T23:33:45.156" intervalms="1424.461">
  <response-info timems="0.208" idlems="0.187" threads="1" lastid="0000000001BCB000" lastname="node-9" />
</exclusive-start>
<af-start id="730" threadId="0000000001C0B488" totalBytesRequested="376" timestamp="2019-06-20T23:33:45.156" intervalms="1424.458" type="nursery" />
<cycle-start id="731" type="scavenge" contextid="0" timestamp="2019-06-20T23:33:45.156" intervalms="1424.417" />
<gc-start id="732" type="scavenge" contextid="731" timestamp="2019-06-20T23:33:45.156">
  <mem-info id="733" free="2081325848" total="2092630016" percent="99">
    <mem type="nursery" free="0" total="2883584" percent="0">
      <mem type="allocate" free="0" total="2555904" percent="0" />
      <mem type="survivor" free="0" total="327680" percent="0" />
    </mem>
    <mem type="tenure" free="2081325848" total="2089746432" percent="99">
      <mem type="soa" free="1976838936" total="1985259520" percent="99" />
      <mem type="loa" free="104486912" total="104486912" percent="100" />
    </mem>
    <remembered-set count="371" />
  </mem-info>
</gc-start>
<allocation-stats totalBytes="2396744" >
  <allocated-bytes non-tlh="376" tlh="2396368" />
  <largest-consumer threadName="node-13" threadId="0000000001BC3900" bytes="106496" />
</allocation-stats>
<gc-op id="734" type="scavenge" timems="1.392" contextid="731" timestamp="2019-06-20T23:33:45.157">
  <scavenger-info tenureage="2" tenuremask="4004" tiltratio="88" />
  <memory-copied type="nursery" objects="1784" bytes="43672" bytesdiscarded="113000" />
  <memory-copied type="tenure" objects="1260" bytes="30240" bytesdiscarded="0" />
</gc-op>
<gc-end id="735" type="scavenge" contextid="731" durationms="1.792" usertimems="0.000" systemtimems="0.000" timestamp="2019-06-20T23:33:45.158" activeThreads="4">
  <mem-info id="736" free="2083685912" total="2092630016" percent="99">
    <mem type="nursery" free="2399232" total="2883584" percent="83">
      <mem type="allocate" free="2399232" total="2555904" percent="93" />
      <mem type="survivor" free="0" total="327680" percent="0" />
    </mem>
    <mem type="tenure" free="2081286680" total="2089746432" percent="99" macro-fragmented="0">
      <mem type="soa" free="1976799768" total="1985259520" percent="99" />
      <mem type="loa" free="104486912" total="104486912" percent="100" />
    </mem>
    <remembered-set count="277" />
  </mem-info>
</gc-end>
<cycle-end id="737" type="scavenge" contextid="731" timestamp="2019-06-20T23:33:45.158" />
  <attribute name="elasticGC enabled" value="1" />
  <attribute name= "numThreadsSpecified" value="4" />
  <attribute name="heapSize specified" value="8912896" />
  <attribute name="Current GC Util" value="0" />
  <attribute name= "Current Time Running" value="60767" />
  <attribute name ="GC Interval" value="200" />
  <attribute name="ProportionalT" value="-30.000000" />
  <attribute name="ProportionalI" value="-30.000000" />
  <attribute name="ProportionalH" value="-30.000000" />
  <attribute name="Current Error" value="-20.000000" />
  <attribute name="IntegralT" value="-28480.000000" />
  <attribute name="IntegralI" value="-28480.000000" />
  <attribute name="IntegralH" value="-28480.000000" />
  <attribute name="DerivativeT" value="-0.014045" />
  <attribute name="DerivativeI" value="-0.014045" />
  <attribute name="DerivativeH" value="-0.014045" />
  <attribute name="Loop Time for DT" value="1424.000000" />
  <attribute name="Output H" value="2092630016"/>
  <attribute name="Output I" value="200"/>
  <attribute name="Output T" value="4"/>
  <attribute name="Target GC Util Change" value ="20.000000" />
  <attribute name="Current GC Util Change" value="0.000000"/>
  <attribute name="GC Util currently" value="0" />
  <attribute name="CPU Util currently" value="0" />
<allocation-satisfied id="738" threadId="0000000001C0AB00" bytesRequested="376" />
<af-end id="739" timestamp="2019-06-20T23:33:45.158" threadId="0000000001C0B488" success="true" from="nursery"/>
<exclusive-end id="740" timestamp="2019-06-20T23:33:45.158" durationms="2.459" />

<exclusive-start id="741" timestamp="2019-06-20T23:33:46.250" intervalms="1094.779">
  <response-info timems="0.040" idlems="0.040" threads="0" lastid="0000000001BCEC00" lastname="node-0" />
</exclusive-start>
<af-start id="742" threadId="0000000001BCF588" totalBytesRequested="32" timestamp="2019-06-20T23:33:46.250" intervalms="1094.766" type="nursery" />
<cycle-start id="743" type="scavenge" contextid="0" timestamp="2019-06-20T23:33:46.250" intervalms="1094.758" />
<gc-start id="744" type="scavenge" contextid="743" timestamp="2019-06-20T23:33:46.251">
  <mem-info id="745" free="2081286680" total="2092630016" percent="99">
    <mem type="nursery" free="0" total="2883584" percent="0">
      <mem type="allocate" free="0" total="2555904" percent="0" />
      <mem type="survivor" free="0" total="327680" percent="0" />
    </mem>
    <mem type="tenure" free="2081286680" total="2089746432" percent="99">
      <mem type="soa" free="1976799768" total="1985259520" percent="99" />
      <mem type="loa" free="104486912" total="104486912" percent="100" />
    </mem>
    <remembered-set count="366" />
  </mem-info>
</gc-start>
<allocation-stats totalBytes="2398424" >
  <allocated-bytes non-tlh="376" tlh="2398048" />
  <largest-consumer threadName="node-16" threadId="0000000001C0AB00" bytes="106856" />
</allocation-stats>
<gc-op id="746" type="scavenge" timems="1.144" contextid="743" timestamp="2019-06-20T23:33:46.252">
  <scavenger-info tenureage="2" tenuremask="4004" tiltratio="88" />
  <memory-copied type="nursery" objects="2230" bytes="55232" bytesdiscarded="101440" />
  <memory-copied type="tenure" objects="861" bytes="20664" bytesdiscarded="0" />
</gc-op>
<gc-end id="747" type="scavenge" contextid="743" durationms="1.504" usertimems="4.000" systemtimems="0.000" timestamp="2019-06-20T23:33:46.252" activeThreads="4">
  <mem-info id="748" free="2083646744" total="2092630016" percent="99">
    <mem type="nursery" free="2399232" total="2883584" percent="83">
      <mem type="allocate" free="2399232" total="2555904" percent="93" />
      <mem type="survivor" free="0" total="327680" percent="0" />
    </mem>
    <mem type="tenure" free="2081247512" total="2089746432" percent="99" macro-fragmented="1800196">
      <mem type="soa" free="1976760600" total="1985259520" percent="99" />
      <mem type="loa" free="104486912" total="104486912" percent="100" />
    </mem>
    <remembered-set count="301" />
  </mem-info>
</gc-end>
<cycle-end id="749" type="scavenge" contextid="743" timestamp="2019-06-20T23:33:46.252" />
  <attribute name="elasticGC enabled" value="1" />
  <attribute name= "numThreadsSpecified" value="4" />
  <attribute name="heapSize specified" value="8912896" />
  <attribute name="Current GC Util" value="0" />
  <attribute name= "Current Time Running" value="61862" />
  <attribute name ="GC Interval" value="200" />
  <attribute name="ProportionalT" value="-30.000000" />
  <attribute name="ProportionalI" value="-30.000000" />
  <attribute name="ProportionalH" value="-30.000000" />
  <attribute name="Current Error" value="-20.000000" />
  <attribute name="IntegralT" value="-21900.000000" />
  <attribute name="IntegralI" value="-21900.000000" />
  <attribute name="IntegralH" value="-21900.000000" />
  <attribute name="DerivativeT" value="-0.018265" />
  <attribute name="DerivativeI" value="-0.018265" />
  <attribute name="DerivativeH" value="-0.018265" />
  <attribute name="Loop Time for DT" value="1095.000000" />
  <attribute name="Output H" value="2092630016"/>
  <attribute name="Output I" value="200"/>
  <attribute name="Output T" value="4"/>
  <attribute name="Target GC Util Change" value ="20.000000" />
  <attribute name="Current GC Util Change" value="0.000000"/>
  <attribute name="GC Util currently" value="0" />
  <attribute name="CPU Util currently" value="2" />
<allocation-satisfied id="750" threadId="0000000001BCEC00" bytesRequested="32" />
<af-end id="751" timestamp="2019-06-20T23:33:46.252" threadId="0000000001BCF588" success="true" from="nursery"/>
<exclusive-end id="752" timestamp="2019-06-20T23:33:46.252" durationms="2.095" />

<exclusive-start id="753" timestamp="2019-06-20T23:33:47.515" intervalms="1264.617">
  <response-info timems="0.772" idlems="0.772" threads="0" lastid="0000000001BBC100" lastname="node-5" />
</exclusive-start>
<af-start id="754" threadId="0000000001BBCA88" totalBytesRequested="16" timestamp="2019-06-20T23:33:47.515" intervalms="1264.643" type="nursery" />
<cycle-start id="755" type="scavenge" contextid="0" timestamp="2019-06-20T23:33:47.515" intervalms="1264.679" />
<gc-start id="756" type="scavenge" contextid="755" timestamp="2019-06-20T23:33:47.515">
  <mem-info id="757" free="2081247512" total="2092630016" percent="99">
    <mem type="nursery" free="0" total="2883584" percent="0">
      <mem type="allocate" free="0" total="2555904" percent="0" />
      <mem type="survivor" free="0" total="327680" percent="0" />
    </mem>
    <mem type="tenure" free="2081247512" total="2089746432" percent="99">
      <mem type="soa" free="1976760600" total="1985259520" percent="99" />
      <mem type="loa" free="104486912" total="104486912" percent="100" />
    </mem>
    <remembered-set count="371" />
  </mem-info>
</gc-start>
<allocation-stats totalBytes="2395552" >
  <allocated-bytes non-tlh="32" tlh="2395520" />
  <largest-consumer threadName="node-2" threadId="0000000001BE5400" bytes="106488" />
</allocation-stats>
<gc-op id="758" type="scavenge" timems="1.166" contextid="755" timestamp="2019-06-20T23:33:47.517">
  <scavenger-info tenureage="2" tenuremask="4004" tiltratio="88" />
  <memory-copied type="nursery" objects="2550" bytes="64280" bytesdiscarded="92392" />
  <memory-copied type="tenure" objects="798" bytes="19152" bytesdiscarded="0" />
</gc-op>
<gc-end id="759" type="scavenge" contextid="755" durationms="1.858" usertimems="0.000" systemtimems="0.000" timestamp="2019-06-20T23:33:47.517" activeThreads="4">
  <mem-info id="760" free="2083607576" total="2092630016" percent="99">
    <mem type="nursery" free="2399232" total="2883584" percent="83">
      <mem type="allocate" free="2399232" total="2555904" percent="93" />
      <mem type="survivor" free="0" total="327680" percent="0" />
    </mem>
    <mem type="tenure" free="2081208344" total="2089746432" percent="99" macro-fragmented="1800196">
      <mem type="soa" free="1976721432" total="1985259520" percent="99" />
      <mem type="loa" free="104486912" total="104486912" percent="100" />
    </mem>
    <remembered-set count="303" />
  </mem-info>
</gc-end>
<cycle-end id="761" type="scavenge" contextid="755" timestamp="2019-06-20T23:33:47.517" />
  <attribute name="elasticGC enabled" value="1" />
  <attribute name= "numThreadsSpecified" value="4" />
  <attribute name="heapSize specified" value="8912896" />
  <attribute name="Current GC Util" value="0" />
  <attribute name= "Current Time Running" value="63127" />
  <attribute name ="GC Interval" value="200" />
  <attribute name="ProportionalT" value="-30.000000" />
  <attribute name="ProportionalI" value="-30.000000" />
  <attribute name="ProportionalH" value="-30.000000" />
  <attribute name="Current Error" value="-20.000000" />
  <attribute name="IntegralT" value="-25300.000000" />
  <attribute name="IntegralI" value="-25300.000000" />
  <attribute name="IntegralH" value="-25300.000000" />
  <attribute name="DerivativeT" value="-0.015810" />
  <attribute name="DerivativeI" value="-0.015810" />
  <attribute name="DerivativeH" value="-0.015810" />
  <attribute name="Loop Time for DT" value="1265.000000" />
  <attribute name="Output H" value="2092630016"/>
  <attribute name="Output I" value="200"/>
  <attribute name="Output T" value="4"/>
  <attribute name="Target GC Util Change" value ="20.000000" />
  <attribute name="Current GC Util Change" value="0.000000"/>
  <attribute name="GC Util currently" value="0" />
  <attribute name="CPU Util currently" value="3646132526" />
<allocation-satisfied id="762" threadId="0000000001BBC100" bytesRequested="16" />
<af-end id="763" timestamp="2019-06-20T23:33:47.518" threadId="0000000001BBCA88" success="true" from="nursery"/>
<exclusive-end id="764" timestamp="2019-06-20T23:33:47.518" durationms="2.699" />

<exclusive-start id="765" timestamp="2019-06-20T23:33:48.883" intervalms="1367.685">
  <response-info timems="0.047" idlems="0.047" threads="0" lastid="0000000001C06F00" lastname="node-20" />
</exclusive-start>
<af-start id="766" threadId="0000000001C07888" totalBytesRequested="720" timestamp="2019-06-20T23:33:48.883" intervalms="1367.688" type="nursery" />
<cycle-start id="767" type="scavenge" contextid="0" timestamp="2019-06-20T23:33:48.883" intervalms="1367.649" />
<gc-start id="768" type="scavenge" contextid="767" timestamp="2019-06-20T23:33:48.883">
  <mem-info id="769" free="2081208344" total="2092630016" percent="99">
    <mem type="nursery" free="0" total="2883584" percent="0">
      <mem type="allocate" free="0" total="2555904" percent="0" />
      <mem type="survivor" free="0" total="327680" percent="0" />
    </mem>
    <mem type="tenure" free="2081208344" total="2089746432" percent="99">
      <mem type="soa" free="1976721432" total="1985259520" percent="99" />
      <mem type="loa" free="104486912" total="104486912" percent="100" />
    </mem>
    <remembered-set count="373" />
  </mem-info>
</gc-start>
<allocation-stats totalBytes="2394968" >
  <allocated-bytes non-tlh="16" tlh="2394952" />
  <largest-consumer threadName="node-21" threadId="0000000001C15F00" bytes="106496" />
</allocation-stats>
<gc-op id="770" type="scavenge" timems="0.402" contextid="767" timestamp="2019-06-20T23:33:48.883">
  <scavenger-info tenureage="2" tenuremask="4004" tiltratio="88" />
  <memory-copied type="nursery" objects="2258" bytes="57344" bytesdiscarded="99328" />
  <memory-copied type="tenure" objects="1292" bytes="31008" bytesdiscarded="0" />
</gc-op>
<gc-end id="771" type="scavenge" contextid="767" durationms="0.754" usertimems="0.000" systemtimems="0.000" timestamp="2019-06-20T23:33:48.884" activeThreads="4">
  <mem-info id="772" free="2083568408" total="2092630016" percent="99">
    <mem type="nursery" free="2399232" total="2883584" percent="83">
      <mem type="allocate" free="2399232" total="2555904" percent="93" />
      <mem type="survivor" free="0" total="327680" percent="0" />
    </mem>
    <mem type="tenure" free="2081169176" total="2089746432" percent="99" macro-fragmented="0">
      <mem type="soa" free="1976682264" total="1985259520" percent="99" />
      <mem type="loa" free="104486912" total="104486912" percent="100" />
    </mem>
    <remembered-set count="304" />
  </mem-info>
</gc-end>
<cycle-end id="773" type="scavenge" contextid="767" timestamp="2019-06-20T23:33:48.884" />
  <attribute name="elasticGC enabled" value="1" />
  <attribute name= "numThreadsSpecified" value="4" />
  <attribute name="heapSize specified" value="8912896" />
  <attribute name="Current GC Util" value="0" />
  <attribute name= "Current Time Running" value="64494" />
  <attribute name ="GC Interval" value="200" />
  <attribute name="ProportionalT" value="-30.000000" />
  <attribute name="ProportionalI" value="-30.000000" />
  <attribute name="ProportionalH" value="-30.000000" />
  <attribute name="Current Error" value="-20.000000" />
  <attribute name="IntegralT" value="-27340.000000" />
  <attribute name="IntegralI" value="-27340.000000" />
  <attribute name="IntegralH" value="-27340.000000" />
  <attribute name="DerivativeT" value="-0.014631" />
  <attribute name="DerivativeI" value="-0.014631" />
  <attribute name="DerivativeH" value="-0.014631" />
  <attribute name="Loop Time for DT" value="1367.000000" />
  <attribute name="Output H" value="2092630016"/>
  <attribute name="Output I" value="200"/>
  <attribute name="Output T" value="4"/>
  <attribute name="Target GC Util Change" value ="20.000000" />
  <attribute name="Current GC Util Change" value="0.000000"/>
  <attribute name="GC Util currently" value="0" />
  <attribute name="CPU Util currently" value="1" />
<allocation-satisfied id="774" threadId="0000000001C06F00" bytesRequested="720" />
<af-end id="775" timestamp="2019-06-20T23:33:48.884" threadId="0000000001C07888" success="true" from="nursery"/>
<exclusive-end id="776" timestamp="2019-06-20T23:33:48.884" durationms="1.242" />

<exclusive-start id="777" timestamp="2019-06-20T23:33:50.205" intervalms="1322.383">
  <response-info timems="0.036" idlems="0.036" threads="0" lastid="0000000001BD2800" lastname="node-6" />
</exclusive-start>
<af-start id="778" threadId="0000000001BD3188" totalBytesRequested="24" timestamp="2019-06-20T23:33:50.205" intervalms="1322.436" type="nursery" />
<cycle-start id="779" type="scavenge" contextid="0" timestamp="2019-06-20T23:33:50.205" intervalms="1322.524" />
<gc-start id="780" type="scavenge" contextid="779" timestamp="2019-06-20T23:33:50.205">
  <mem-info id="781" free="2081169176" total="2092630016" percent="99">
    <mem type="nursery" free="0" total="2883584" percent="0">
      <mem type="allocate" free="0" total="2555904" percent="0" />
      <mem type="survivor" free="0" total="327680" percent="0" />
    </mem>
    <mem type="tenure" free="2081169176" total="2089746432" percent="99">
      <mem type="soa" free="1976682264" total="1985259520" percent="99" />
      <mem type="loa" free="104486912" total="104486912" percent="100" />
    </mem>
    <remembered-set count="369" />
  </mem-info>
</gc-start>
<allocation-stats totalBytes="2397488" >
  <allocated-bytes non-tlh="720" tlh="2396768" />
  <largest-consumer threadName="node-25" threadId="0000000001BE1800" bytes="117760" />
</allocation-stats>
<gc-op id="782" type="scavenge" timems="0.790" contextid="779" timestamp="2019-06-20T23:33:50.206">
  <scavenger-info tenureage="2" tenuremask="4004" tiltratio="88" />
  <memory-copied type="nursery" objects="2389" bytes="56416" bytesdiscarded="61088" />
  <memory-copied type="tenure" objects="1110" bytes="26640" bytesdiscarded="744" />
</gc-op>
<gc-end id="783" type="scavenge" contextid="779" durationms="1.208" usertimems="0.000" systemtimems="0.000" timestamp="2019-06-20T23:33:50.207" activeThreads="4">
  <mem-info id="784" free="2083607576" total="2092630016" percent="99">
    <mem type="nursery" free="2438400" total="2883584" percent="84">
      <mem type="allocate" free="2438400" total="2555904" percent="95" />
      <mem type="survivor" free="0" total="327680" percent="0" />
    </mem>
    <mem type="tenure" free="2081169176" total="2089746432" percent="99" macro-fragmented="1250136">
      <mem type="soa" free="1976682264" total="1985259520" percent="99" />
      <mem type="loa" free="104486912" total="104486912" percent="100" />
    </mem>
    <remembered-set count="278" />
  </mem-info>
</gc-end>
<cycle-end id="785" type="scavenge" contextid="779" timestamp="2019-06-20T23:33:50.207" />
  <attribute name="elasticGC enabled" value="1" />
  <attribute name= "numThreadsSpecified" value="4" />
  <attribute name="heapSize specified" value="8912896" />
  <attribute name="Current GC Util" value="0" />
  <attribute name= "Current Time Running" value="65817" />
  <attribute name ="GC Interval" value="200" />
  <attribute name="ProportionalT" value="-30.000000" />
  <attribute name="ProportionalI" value="-30.000000" />
  <attribute name="ProportionalH" value="-30.000000" />
  <attribute name="Current Error" value="-20.000000" />
  <attribute name="IntegralT" value="-26460.000000" />
  <attribute name="IntegralI" value="-26460.000000" />
  <attribute name="IntegralH" value="-26460.000000" />
  <attribute name="DerivativeT" value="-0.015117" />
  <attribute name="DerivativeI" value="-0.015117" />
  <attribute name="DerivativeH" value="-0.015117" />
  <attribute name="Loop Time for DT" value="1323.000000" />
  <attribute name="Output H" value="2092630016"/>
  <attribute name="Output I" value="200"/>
  <attribute name="Output T" value="4"/>
  <attribute name="Target GC Util Change" value ="20.000000" />
  <attribute name="Current GC Util Change" value="0.000000"/>
  <attribute name="GC Util currently" value="0" />
  <attribute name="CPU Util currently" value="12" />
<allocation-satisfied id="786" threadId="0000000001BD2800" bytesRequested="24" />
<af-end id="787" timestamp="2019-06-20T23:33:50.207" threadId="0000000001BD3188" success="true" from="nursery"/>
<exclusive-end id="788" timestamp="2019-06-20T23:33:50.207" durationms="2.086" />

<exclusive-start id="789" timestamp="2019-06-20T23:33:51.366" intervalms="1160.594">
  <response-info timems="0.037" idlems="0.037" threads="0" lastid="0000000001BBC100" lastname="node-5" />
</exclusive-start>
<af-start id="790" threadId="0000000001BBCA88" totalBytesRequested="24" timestamp="2019-06-20T23:33:51.366" intervalms="1160.514" type="nursery" />
<cycle-start id="791" type="scavenge" contextid="0" timestamp="2019-06-20T23:33:51.366" intervalms="1160.431" />
<gc-start id="792" type="scavenge" contextid="791" timestamp="2019-06-20T23:33:51.366">
  <mem-info id="793" free="2081169176" total="2092630016" percent="99">
    <mem type="nursery" free="0" total="2883584" percent="0">
      <mem type="allocate" free="0" total="2555904" percent="0" />
      <mem type="survivor" free="0" total="327680" percent="0" />
    </mem>
    <mem type="tenure" free="2081169176" total="2089746432" percent="99">
      <mem type="soa" free="1976682264" total="1985259520" percent="99" />
      <mem type="loa" free="104486912" total="104486912" percent="100" />
    </mem>
    <remembered-set count="373" />
  </mem-info>
</gc-start>
<allocation-stats totalBytes="2437296" >
  <allocated-bytes non-tlh="24" tlh="2437272" />
  <largest-consumer threadName="node-0" threadId="0000000001BCEC00" bytes="111808" />
</allocation-stats>
<gc-op id="794" type="scavenge" timems="1.214" contextid="791" timestamp="2019-06-20T23:33:51.367">
  <scavenger-info tenureage="2" tenuremask="4004" tiltratio="88" />
  <memory-copied type="nursery" objects="3109" bytes="76792" bytesdiscarded="79880" />
  <memory-copied type="tenure" objects="994" bytes="23856" bytesdiscarded="0" />
</gc-op>
<gc-end id="795" type="scavenge" contextid="791" durationms="1.740" usertimems="4.000" systemtimems="0.000" timestamp="2019-06-20T23:33:51.368" activeThreads="4">
  <mem-info id="796" free="2083568408" total="2092630016" percent="99">
    <mem type="nursery" free="2399232" total="2883584" percent="83">
      <mem type="allocate" free="2399232" total="2555904" percent="93" />
      <mem type="survivor" free="0" total="327680" percent="0" />
    </mem>
    <mem type="tenure" free="2081169176" total="2089746432" percent="99" macro-fragmented="0">
      <mem type="soa" free="1976682264" total="1985259520" percent="99" />
      <mem type="loa" free="104486912" total="104486912" percent="100" />
    </mem>
    <remembered-set count="304" />
  </mem-info>
</gc-end>
<cycle-end id="797" type="scavenge" contextid="791" timestamp="2019-06-20T23:33:51.368" />
  <attribute name="elasticGC enabled" value="1" />
  <attribute name= "numThreadsSpecified" value="4" />
  <attribute name="heapSize specified" value="8912896" />
  <attribute name="Current GC Util" value="0" />
  <attribute name= "Current Time Running" value="66977" />
  <attribute name ="GC Interval" value="200" />
  <attribute name="ProportionalT" value="-30.000000" />
  <attribute name="ProportionalI" value="-30.000000" />
  <attribute name="ProportionalH" value="-30.000000" />
  <attribute name="Current Error" value="-20.000000" />
  <attribute name="IntegralT" value="-23200.000000" />
  <attribute name="IntegralI" value="-23200.000000" />
  <attribute name="IntegralH" value="-23200.000000" />
  <attribute name="DerivativeT" value="-0.017241" />
  <attribute name="DerivativeI" value="-0.017241" />
  <attribute name="DerivativeH" value="-0.017241" />
  <attribute name="Loop Time for DT" value="1160.000000" />
  <attribute name="Output H" value="2092630016"/>
  <attribute name="Output I" value="200"/>
  <attribute name="Output T" value="4"/>
  <attribute name="Target GC Util Change" value ="20.000000" />
  <attribute name="Current GC Util Change" value="0.000000"/>
  <attribute name="GC Util currently" value="0" />
  <attribute name="CPU Util currently" value="3" />
<allocation-satisfied id="798" threadId="0000000001BBC100" bytesRequested="24" />
<af-end id="799" timestamp="2019-06-20T23:33:51.368" threadId="0000000001BBCA88" success="true" from="nursery"/>
<exclusive-end id="800" timestamp="2019-06-20T23:33:51.368" durationms="2.280" />

<exclusive-start id="801" timestamp="2019-06-20T23:33:52.516" intervalms="1150.409">
  <response-info timems="0.038" idlems="0.038" threads="0" lastid="0000000001BBFD00" lastname="node-11" />
</exclusive-start>
<af-start id="802" threadId="0000000001BC0688" totalBytesRequested="832" timestamp="2019-06-20T23:33:52.516" intervalms="1150.422" type="nursery" />
<cycle-start id="803" type="scavenge" contextid="0" timestamp="2019-06-20T23:33:52.516" intervalms="1150.436" />
<gc-start id="804" type="scavenge" contextid="803" timestamp="2019-06-20T23:33:52.516">
  <mem-info id="805" free="2081169176" total="2092630016" percent="99">
    <mem type="nursery" free="0" total="2883584" percent="0">
      <mem type="allocate" free="0" total="2555904" percent="0" />
      <mem type="survivor" free="0" total="327680" percent="0" />
    </mem>
    <mem type="tenure" free="2081169176" total="2089746432" percent="99">
      <mem type="soa" free="1976682264" total="1985259520" percent="99" />
      <mem type="loa" free="104486912" total="104486912" percent="100" />
    </mem>
    <remembered-set count="373" />
  </mem-info>
</gc-start>
<allocation-stats totalBytes="2396576" >
  <allocated-bytes non-tlh="24" tlh="2396552" />
  <largest-consumer threadName="node-20" threadId="0000000001C06F00" bytes="106472" />
</allocation-stats>
<gc-op id="806" type="scavenge" timems="1.337" contextid="803" timestamp="2019-06-20T23:33:52.518">
  <scavenger-info tenureage="2" tenuremask="4004" tiltratio="88" />
  <memory-copied type="nursery" objects="3099" bytes="86856" bytesdiscarded="69816" />
  <memory-copied type="tenure" objects="1280" bytes="30720" bytesdiscarded="16" />
</gc-op>
<gc-end id="807" type="scavenge" contextid="803" durationms="2.033" usertimems="4.000" systemtimems="0.000" timestamp="2019-06-20T23:33:52.518" activeThreads="4">
  <mem-info id="808" free="2083529240" total="2092630016" percent="99">
    <mem type="nursery" free="2399232" total="2883584" percent="83">
      <mem type="allocate" free="2399232" total="2555904" percent="93" />
      <mem type="survivor" free="0" total="327680" percent="0" />
    </mem>
    <mem type="tenure" free="2081130008" total="2089746432" percent="99" macro-fragmented="495552">
      <mem type="soa" free="1976643096" total="1985259520" percent="99" />
      <mem type="loa" free="104486912" total="104486912" percent="100" />
    </mem>
    <remembered-set count="289" />
  </mem-info>
</gc-end>
<cycle-end id="809" type="scavenge" contextid="803" timestamp="2019-06-20T23:33:52.518" />
  <attribute name="elasticGC enabled" value="1" />
  <attribute name= "numThreadsSpecified" value="4" />
  <attribute name="heapSize specified" value="8912896" />
  <attribute name="Current GC Util" value="0" />
  <attribute name= "Current Time Running" value="68128" />
  <attribute name ="GC Interval" value="200" />
  <attribute name="ProportionalT" value="-30.000000" />
  <attribute name="ProportionalI" value="-30.000000" />
  <attribute name="ProportionalH" value="-30.000000" />
  <attribute name="Current Error" value="-20.000000" />
  <attribute name="IntegralT" value="-23020.000000" />
  <attribute name="IntegralI" value="-23020.000000" />
  <attribute name="IntegralH" value="-23020.000000" />
  <attribute name="DerivativeT" value="-0.017376" />
  <attribute name="DerivativeI" value="-0.017376" />
  <attribute name="DerivativeH" value="-0.017376" />
  <attribute name="Loop Time for DT" value="1151.000000" />
  <attribute name="Output H" value="2092630016"/>
  <attribute name="Output I" value="200"/>
  <attribute name="Output T" value="4"/>
  <attribute name="Target GC Util Change" value ="20.000000" />
  <attribute name="Current GC Util Change" value="0.000000"/>
  <attribute name="GC Util currently" value="0" />
  <attribute name="CPU Util currently" value="0" />
<allocation-satisfied id="810" threadId="0000000001BBFD00" bytesRequested="832" />
<af-end id="811" timestamp="2019-06-20T23:33:52.519" threadId="0000000001BC0688" success="true" from="nursery"/>
<exclusive-end id="812" timestamp="2019-06-20T23:33:52.519" durationms="2.689" />

<exclusive-start id="813" timestamp="2019-06-20T23:33:53.931" intervalms="1415.289">
  <response-info timems="0.038" idlems="0.038" threads="0" lastid="0000000001BC3900" lastname="node-13" />
</exclusive-start>
<af-start id="814" threadId="0000000001BC4288" totalBytesRequested="32" timestamp="2019-06-20T23:33:53.931" intervalms="1415.278" type="nursery" />
<cycle-start id="815" type="scavenge" contextid="0" timestamp="2019-06-20T23:33:53.931" intervalms="1415.259" />
<gc-start id="816" type="scavenge" contextid="815" timestamp="2019-06-20T23:33:53.931">
  <mem-info id="817" free="2081130008" total="2092630016" percent="99">
    <mem type="nursery" free="0" total="2883584" percent="0">
      <mem type="allocate" free="0" total="2555904" percent="0" />
      <mem type="survivor" free="0" total="327680" percent="0" />
    </mem>
    <mem type="tenure" free="2081130008" total="2089746432" percent="99">
      <mem type="soa" free="1976643096" total="1985259520" percent="99" />
      <mem type="loa" free="104486912" total="104486912" percent="100" />
    </mem>
    <remembered-set count="373" />
  </mem-info>
</gc-start>
<allocation-stats totalBytes="2396504" >
  <allocated-bytes non-tlh="832" tlh="2395672" />
  <largest-consumer threadName="node-11" threadId="0000000001BBFD00" bytes="107280" />
</allocation-stats>
<gc-op id="818" type="scavenge" timems="1.464" contextid="815" timestamp="2019-06-20T23:33:53.933">
  <scavenger-info tenureage="2" tenuremask="4004" tiltratio="88" />
  <memory-copied type="nursery" objects="2210" bytes="55208" bytesdiscarded="101464" />
  <memory-copied type="tenure" objects="1684" bytes="40416" bytesdiscarded="0" />
</gc-op>
<gc-end id="819" type="scavenge" contextid="815" durationms="2.009" usertimems="0.000" systemtimems="4.000" timestamp="2019-06-20T23:33:53.934" activeThreads="4">
  <mem-info id="820" free="2083490072" total="2092630016" percent="99">
    <mem type="nursery" free="2399232" total="2883584" percent="83">
      <mem type="allocate" free="2399232" total="2555904" percent="93" />
      <mem type="survivor" free="0" total="327680" percent="0" />
    </mem>
    <mem type="tenure" free="2081090840" total="2089746432" percent="99" macro-fragmented="868149">
      <mem type="soa" free="1976603928" total="1985259520" percent="99" />
      <mem type="loa" free="104486912" total="104486912" percent="100" />
    </mem>
    <remembered-set count="301" />
  </mem-info>
</gc-end>
<cycle-end id="821" type="scavenge" contextid="815" timestamp="2019-06-20T23:33:53.934" />
  <attribute name="elasticGC enabled" value="1" />
  <attribute name= "numThreadsSpecified" value="4" />
  <attribute name="heapSize specified" value="8912896" />
  <attribute name="Current GC Util" value="0" />
  <attribute name= "Current Time Running" value="69543" />
  <attribute name ="GC Interval" value="200" />
  <attribute name="ProportionalT" value="-30.000000" />
  <attribute name="ProportionalI" value="-30.000000" />
  <attribute name="ProportionalH" value="-30.000000" />
  <attribute name="Current Error" value="-20.000000" />
  <attribute name="IntegralT" value="-28300.000000" />
  <attribute name="IntegralI" value="-28300.000000" />
  <attribute name="IntegralH" value="-28300.000000" />
  <attribute name="DerivativeT" value="-0.014134" />
  <attribute name="DerivativeI" value="-0.014134" />
  <attribute name="DerivativeH" value="-0.014134" />
  <attribute name="Loop Time for DT" value="1415.000000" />
  <attribute name="Output H" value="2092630016"/>
  <attribute name="Output I" value="200"/>
  <attribute name="Output T" value="4"/>
  <attribute name="Target GC Util Change" value ="20.000000" />
  <attribute name="Current GC Util Change" value="0.000000"/>
  <attribute name="GC Util currently" value="0" />
  <attribute name="CPU Util currently" value="3258876527" />
<allocation-satisfied id="822" threadId="0000000001BC3900" bytesRequested="32" />
<af-end id="823" timestamp="2019-06-20T23:33:53.934" threadId="0000000001BC4288" success="true" from="nursery"/>
<exclusive-end id="824" timestamp="2019-06-20T23:33:53.934" durationms="2.584" />

<exclusive-start id="825" timestamp="2019-06-20T23:33:55.066" intervalms="1134.257">
  <response-info timems="0.031" idlems="0.031" threads="0" lastid="0000000001BB8500" lastname="node-14" />
</exclusive-start>
<af-start id="826" threadId="0000000001BB8E88" totalBytesRequested="32" timestamp="2019-06-20T23:33:55.066" intervalms="1134.340" type="nursery" />
<cycle-start id="827" type="scavenge" contextid="0" timestamp="2019-06-20T23:33:55.066" intervalms="1134.342" />
<gc-start id="828" type="scavenge" contextid="827" timestamp="2019-06-20T23:33:55.066">
  <mem-info id="829" free="2081090840" total="2092630016" percent="99">
    <mem type="nursery" free="0" total="2883584" percent="0">
      <mem type="allocate" free="0" total="2555904" percent="0" />
      <mem type="survivor" free="0" total="327680" percent="0" />
    </mem>
    <mem type="tenure" free="2081090840" total="2089746432" percent="99">
      <mem type="soa" free="1976603928" total="1985259520" percent="99" />
      <mem type="loa" free="104486912" total="104486912" percent="100" />
    </mem>
    <remembered-set count="367" />
  </mem-info>
</gc-start>
<allocation-stats totalBytes="2398000" >
  <allocated-bytes non-tlh="32" tlh="2397968" />
  <largest-consumer threadName="node-13" threadId="0000000001BC3900" bytes="122840" />
</allocation-stats>
<gc-op id="830" type="scavenge" timems="0.397" contextid="827" timestamp="2019-06-20T23:33:55.066">
  <scavenger-info tenureage="2" tenuremask="4004" tiltratio="88" />
  <memory-copied type="nursery" objects="1833" bytes="45704" bytesdiscarded="71800" />
  <memory-copied type="tenure" objects="1230" bytes="29520" bytesdiscarded="0" />
</gc-op>
<gc-end id="831" type="scavenge" contextid="827" durationms="0.748" usertimems="0.000" systemtimems="0.000" timestamp="2019-06-20T23:33:55.067" activeThreads="4">
  <mem-info id="832" free="2083490072" total="2092630016" percent="99">
    <mem type="nursery" free="2438400" total="2883584" percent="84">
      <mem type="allocate" free="2438400" total="2555904" percent="95" />
      <mem type="survivor" free="0" total="327680" percent="0" />
    </mem>
    <mem type="tenure" free="2081051672" total="2089746432" percent="99" macro-fragmented="0">
      <mem type="soa" free="1976564760" total="1985259520" percent="99" />
      <mem type="loa" free="104486912" total="104486912" percent="100" />
    </mem>
    <remembered-set count="297" />
  </mem-info>
</gc-end>
<cycle-end id="833" type="scavenge" contextid="827" timestamp="2019-06-20T23:33:55.067" />
  <attribute name="elasticGC enabled" value="1" />
  <attribute name= "numThreadsSpecified" value="4" />
  <attribute name="heapSize specified" value="8912896" />
  <attribute name="Current GC Util" value="0" />
  <attribute name= "Current Time Running" value="70677" />
  <attribute name ="GC Interval" value="200" />
  <attribute name="ProportionalT" value="-30.000000" />
  <attribute name="ProportionalI" value="-30.000000" />
  <attribute name="ProportionalH" value="-30.000000" />
  <attribute name="Current Error" value="-20.000000" />
  <attribute name="IntegralT" value="-22680.000000" />
  <attribute name="IntegralI" value="-22680.000000" />
  <attribute name="IntegralH" value="-22680.000000" />
  <attribute name="DerivativeT" value="-0.017637" />
  <attribute name="DerivativeI" value="-0.017637" />
  <attribute name="DerivativeH" value="-0.017637" />
  <attribute name="Loop Time for DT" value="1134.000000" />
  <attribute name="Output H" value="2092630016"/>
  <attribute name="Output I" value="200"/>
  <attribute name="Output T" value="4"/>
  <attribute name="Target GC Util Change" value ="20.000000" />
  <attribute name="Current GC Util Change" value="0.000000"/>
  <attribute name="GC Util currently" value="0" />
  <attribute name="CPU Util currently" value="4065483869" />
<allocation-satisfied id="834" threadId="0000000001BB8500" bytesRequested="32" />
<af-end id="835" timestamp="2019-06-20T23:33:55.067" threadId="0000000001BB8E88" success="true" from="nursery"/>
<exclusive-end id="836" timestamp="2019-06-20T23:33:55.067" durationms="1.406" />

<exclusive-start id="837" timestamp="2019-06-20T23:33:56.442" intervalms="1376.948">
  <response-info timems="0.047" idlems="0.047" threads="0" lastid="0000000001BFF700" lastname="node-1" />
</exclusive-start>
<af-start id="838" threadId="0000000001C00088" totalBytesRequested="32" timestamp="2019-06-20T23:33:56.443" intervalms="1376.873" type="nursery" />
<cycle-start id="839" type="scavenge" contextid="0" timestamp="2019-06-20T23:33:56.443" intervalms="1376.919" />
<gc-start id="840" type="scavenge" contextid="839" timestamp="2019-06-20T23:33:56.443">
  <mem-info id="841" free="2081051672" total="2092630016" percent="99">
    <mem type="nursery" free="0" total="2883584" percent="0">
      <mem type="allocate" free="0" total="2555904" percent="0" />
      <mem type="survivor" free="0" total="327680" percent="0" />
    </mem>
    <mem type="tenure" free="2081051672" total="2089746432" percent="99">
      <mem type="soa" free="1976564760" total="1985259520" percent="99" />
      <mem type="loa" free="104486912" total="104486912" percent="100" />
    </mem>
    <remembered-set count="366" />
  </mem-info>
</gc-start>
<allocation-stats totalBytes="2433824" >
  <allocated-bytes non-tlh="32" tlh="2433792" />
  <largest-consumer threadName="node-14" threadId="0000000001BB8500" bytes="111848" />
</allocation-stats>
<gc-op id="842" type="scavenge" timems="0.532" contextid="839" timestamp="2019-06-20T23:33:56.443">
  <scavenger-info tenureage="2" tenuremask="4004" tiltratio="88" />
  <memory-copied type="nursery" objects="2080" bytes="52088" bytesdiscarded="104584" />
  <memory-copied type="tenure" objects="837" bytes="20088" bytesdiscarded="0" />
</gc-op>
<gc-end id="843" type="scavenge" contextid="839" durationms="0.951" usertimems="0.000" systemtimems="0.000" timestamp="2019-06-20T23:33:56.444" activeThreads="4">
  <mem-info id="844" free="2083411736" total="2092630016" percent="99">
    <mem type="nursery" free="2399232" total="2883584" percent="83">
      <mem type="allocate" free="2399232" total="2555904" percent="93" />
      <mem type="survivor" free="0" total="327680" percent="0" />
    </mem>
    <mem type="tenure" free="2081012504" total="2089746432" percent="99" macro-fragmented="0">
      <mem type="soa" free="1976525592" total="1985259520" percent="99" />
      <mem type="loa" free="104486912" total="104486912" percent="100" />
    </mem>
    <remembered-set count="301" />
  </mem-info>
</gc-end>
<cycle-end id="845" type="scavenge" contextid="839" timestamp="2019-06-20T23:33:56.444" />
  <attribute name="elasticGC enabled" value="1" />
  <attribute name= "numThreadsSpecified" value="4" />
  <attribute name="heapSize specified" value="8912896" />
  <attribute name="Current GC Util" value="0" />
  <attribute name= "Current Time Running" value="72054" />
  <attribute name ="GC Interval" value="200" />
  <attribute name="ProportionalT" value="-30.000000" />
  <attribute name="ProportionalI" value="-30.000000" />
  <attribute name="ProportionalH" value="-30.000000" />
  <attribute name="Current Error" value="-20.000000" />
  <attribute name="IntegralT" value="-27540.000000" />
  <attribute name="IntegralI" value="-27540.000000" />
  <attribute name="IntegralH" value="-27540.000000" />
  <attribute name="DerivativeT" value="-0.014524" />
  <attribute name="DerivativeI" value="-0.014524" />
  <attribute name="DerivativeH" value="-0.014524" />
  <attribute name="Loop Time for DT" value="1377.000000" />
  <attribute name="Output H" value="2092630016"/>
  <attribute name="Output I" value="200"/>
  <attribute name="Output T" value="4"/>
  <attribute name="Target GC Util Change" value ="20.000000" />
  <attribute name="Current GC Util Change" value="0.000000"/>
  <attribute name="GC Util currently" value="0" />
  <attribute name="CPU Util currently" value="0" />
<allocation-satisfied id="846" threadId="0000000001BFF700" bytesRequested="32" />
<af-end id="847" timestamp="2019-06-20T23:33:56.444" threadId="0000000001C00088" success="true" from="nursery"/>
<exclusive-end id="848" timestamp="2019-06-20T23:33:56.444" durationms="1.641" />

<exclusive-start id="849" timestamp="2019-06-20T23:33:57.644" intervalms="1201.667">
  <response-info timems="0.032" idlems="0.032" threads="0" lastid="0000000001BFF700" lastname="node-1" />
</exclusive-start>
<af-start id="850" threadId="0000000001C00088" totalBytesRequested="32" timestamp="2019-06-20T23:33:57.644" intervalms="1201.651" type="nursery" />
<cycle-start id="851" type="scavenge" contextid="0" timestamp="2019-06-20T23:33:57.644" intervalms="1201.601" />
<gc-start id="852" type="scavenge" contextid="851" timestamp="2019-06-20T23:33:57.644">
  <mem-info id="853" free="2081012504" total="2092630016" percent="99">
    <mem type="nursery" free="0" total="2883584" percent="0">
      <mem type="allocate" free="0" total="2555904" percent="0" />
      <mem type="survivor" free="0" total="327680" percent="0" />
    </mem>
    <mem type="tenure" free="2081012504" total="2089746432" percent="99">
      <mem type="soa" free="1976525592" total="1985259520" percent="99" />
      <mem type="loa" free="104486912" total="104486912" percent="100" />
    </mem>
    <remembered-set count="369" />
  </mem-info>
</gc-start>
<allocation-stats totalBytes="2397288" >
  <allocated-bytes non-tlh="32" tlh="2397256" />
  <largest-consumer threadName="node-8" threadId="0000000001BDA000" bytes="106496" />
</allocation-stats>
<gc-op id="854" type="scavenge" timems="0.422" contextid="851" timestamp="2019-06-20T23:33:57.645">
  <scavenger-info tenureage="2" tenuremask="4004" tiltratio="88" />
  <memory-copied type="nursery" objects="2503" bytes="59152" bytesdiscarded="97520" />
  <memory-copied type="tenure" objects="856" bytes="20544" bytesdiscarded="0" />
</gc-op>
<gc-end id="855" type="scavenge" contextid="851" durationms="0.776" usertimems="0.000" systemtimems="0.000" timestamp="2019-06-20T23:33:57.645" activeThreads="4">
  <mem-info id="856" free="2083372568" total="2092630016" percent="99">
    <mem type="nursery" free="2399232" total="2883584" percent="83">
      <mem type="allocate" free="2399232" total="2555904" percent="93" />
      <mem type="survivor" free="0" total="327680" percent="0" />
    </mem>
    <mem type="tenure" free="2080973336" total="2089746432" percent="99" macro-fragmented="0">
      <mem type="soa" free="1976486424" total="1985259520" percent="99" />
      <mem type="loa" free="104486912" total="104486912" percent="100" />
    </mem>
    <remembered-set count="280" />
  </mem-info>
</gc-end>
<cycle-end id="857" type="scavenge" contextid="851" timestamp="2019-06-20T23:33:57.645" />
  <attribute name="elasticGC enabled" value="1" />
  <attribute name= "numThreadsSpecified" value="4" />
  <attribute name="heapSize specified" value="8912896" />
  <attribute name="Current GC Util" value="0" />
  <attribute name= "Current Time Running" value="73256" />
  <attribute name ="GC Interval" value="200" />
  <attribute name="ProportionalT" value="-30.000000" />
  <attribute name="ProportionalI" value="-30.000000" />
  <attribute name="ProportionalH" value="-30.000000" />
  <attribute name="Current Error" value="-20.000000" />
  <attribute name="IntegralT" value="-24040.000000" />
  <attribute name="IntegralI" value="-24040.000000" />
  <attribute name="IntegralH" value="-24040.000000" />
  <attribute name="DerivativeT" value="-0.016639" />
  <attribute name="DerivativeI" value="-0.016639" />
  <attribute name="DerivativeH" value="-0.016639" />
  <attribute name="Loop Time for DT" value="1202.000000" />
  <attribute name="Output H" value="2092630016"/>
  <attribute name="Output I" value="200"/>
  <attribute name="Output T" value="4"/>
  <attribute name="Target GC Util Change" value ="20.000000" />
  <attribute name="Current GC Util Change" value="0.000000"/>
  <attribute name="GC Util currently" value="0" />
  <attribute name="CPU Util currently" value="3838025752" />
<allocation-satisfied id="858" threadId="0000000001BFF700" bytesRequested="32" />
<af-end id="859" timestamp="2019-06-20T23:33:57.645" threadId="0000000001C00088" success="true" from="nursery"/>
<exclusive-end id="860" timestamp="2019-06-20T23:33:57.645" durationms="1.197" />

<exclusive-start id="861" timestamp="2019-06-20T23:33:58.697" intervalms="1053.185">
  <response-info timems="0.033" idlems="0.033" threads="0" lastid="0000000001BECC00" lastname="node-24" />
</exclusive-start>
<af-start id="862" threadId="0000000001BED588" totalBytesRequested="16" timestamp="2019-06-20T23:33:58.697" intervalms="1053.192" type="nursery" />
<cycle-start id="863" type="scavenge" contextid="0" timestamp="2019-06-20T23:33:58.697" intervalms="1053.200" />
<gc-start id="864" type="scavenge" contextid="863" timestamp="2019-06-20T23:33:58.698">
  <mem-info id="865" free="2080973336" total="2092630016" percent="99">
    <mem type="nursery" free="0" total="2883584" percent="0">
      <mem type="allocate" free="0" total="2555904" percent="0" />
      <mem type="survivor" free="0" total="327680" percent="0" />
    </mem>
    <mem type="tenure" free="2080973336" total="2089746432" percent="99">
      <mem type="soa" free="1976486424" total="1985259520" percent="99" />
      <mem type="loa" free="104486912" total="104486912" percent="100" />
    </mem>
    <remembered-set count="370" />
  </mem-info>
</gc-start>
<allocation-stats totalBytes="2397416" >
  <allocated-bytes non-tlh="32" tlh="2397384" />
  <largest-consumer threadName="node-20" threadId="0000000001C06F00" bytes="106496" />
</allocation-stats>
<gc-op id="866" type="scavenge" timems="0.404" contextid="863" timestamp="2019-06-20T23:33:58.698">
  <scavenger-info tenureage="2" tenuremask="4004" tiltratio="88" />
  <memory-copied type="nursery" objects="2491" bytes="74760" bytesdiscarded="81912" />
  <memory-copied type="tenure" objects="1079" bytes="25896" bytesdiscarded="0" />
</gc-op>
<gc-end id="867" type="scavenge" contextid="863" durationms="0.772" usertimems="4.000" systemtimems="0.000" timestamp="2019-06-20T23:33:58.698" activeThreads="4">
  <mem-info id="868" free="2083333400" total="2092630016" percent="99">
    <mem type="nursery" free="2399232" total="2883584" percent="83">
      <mem type="allocate" free="2399232" total="2555904" percent="93" />
      <mem type="survivor" free="0" total="327680" percent="0" />
    </mem>
    <mem type="tenure" free="2080934168" total="2089746432" percent="99" macro-fragmented="0">
      <mem type="soa" free="1976447256" total="1985259520" percent="99" />
      <mem type="loa" free="104486912" total="104486912" percent="100" />
    </mem>
    <remembered-set count="299" />
  </mem-info>
</gc-end>
<cycle-end id="869" type="scavenge" contextid="863" timestamp="2019-06-20T23:33:58.698" />
  <attribute name="elasticGC enabled" value="1" />
  <attribute name= "numThreadsSpecified" value="4" />
  <attribute name="heapSize specified" value="8912896" />
  <attribute name="Current GC Util" value="0" />
  <attribute name= "Current Time Running" value="74309" />
  <attribute name ="GC Interval" value="200" />
  <attribute name="ProportionalT" value="-30.000000" />
  <attribute name="ProportionalI" value="-30.000000" />
  <attribute name="ProportionalH" value="-30.000000" />
  <attribute name="Current Error" value="-20.000000" />
  <attribute name="IntegralT" value="-21060.000000" />
  <attribute name="IntegralI" value="-21060.000000" />
  <attribute name="IntegralH" value="-21060.000000" />
  <attribute name="DerivativeT" value="-0.018993" />
  <attribute name="DerivativeI" value="-0.018993" />
  <attribute name="DerivativeH" value="-0.018993" />
  <attribute name="Loop Time for DT" value="1053.000000" />
  <attribute name="Output H" value="2092630016"/>
  <attribute name="Output I" value="200"/>
  <attribute name="Output T" value="4"/>
  <attribute name="Target GC Util Change" value ="20.000000" />
  <attribute name="Current GC Util Change" value="0.000000"/>
  <attribute name="GC Util currently" value="0" />
  <attribute name="CPU Util currently" value="1" />
<allocation-satisfied id="870" threadId="0000000001BECC00" bytesRequested="16" />
<af-end id="871" timestamp="2019-06-20T23:33:58.699" threadId="0000000001BED588" success="true" from="nursery"/>
<exclusive-end id="872" timestamp="2019-06-20T23:33:58.699" durationms="1.275" />

<exclusive-start id="873" timestamp="2019-06-20T23:34:00.011" intervalms="1313.245">
  <response-info timems="0.059" idlems="0.059" threads="0" lastid="0000000001BECC00" lastname="node-24" />
</exclusive-start>
<af-start id="874" threadId="0000000001BED588" totalBytesRequested="368" timestamp="2019-06-20T23:34:00.011" intervalms="1313.244" type="nursery" />
<cycle-start id="875" type="scavenge" contextid="0" timestamp="2019-06-20T23:34:00.011" intervalms="1313.238" />
<gc-start id="876" type="scavenge" contextid="875" timestamp="2019-06-20T23:34:00.011">
  <mem-info id="877" free="2080934168" total="2092630016" percent="99">
    <mem type="nursery" free="0" total="2883584" percent="0">
      <mem type="allocate" free="0" total="2555904" percent="0" />
      <mem type="survivor" free="0" total="327680" percent="0" />
    </mem>
    <mem type="tenure" free="2080934168" total="2089746432" percent="99">
      <mem type="soa" free="1976447256" total="1985259520" percent="99" />
      <mem type="loa" free="104486912" total="104486912" percent="100" />
    </mem>
    <remembered-set count="370" />
  </mem-info>
</gc-start>
<allocation-stats totalBytes="2397312" >
  <allocated-bytes non-tlh="16" tlh="2397296" />
  <largest-consumer threadName="node-21" threadId="0000000001C15F00" bytes="106496" />
</allocation-stats>
<gc-op id="878" type="scavenge" timems="0.461" contextid="875" timestamp="2019-06-20T23:34:00.011">
  <scavenger-info tenureage="2" tenuremask="4004" tiltratio="88" />
  <memory-copied type="nursery" objects="2513" bytes="64432" bytesdiscarded="92240" />
  <memory-copied type="tenure" objects="1309" bytes="31416" bytesdiscarded="0" />
</gc-op>
<gc-end id="879" type="scavenge" contextid="875" durationms="0.816" usertimems="0.000" systemtimems="0.000" timestamp="2019-06-20T23:34:00.012" activeThreads="4">
  <mem-info id="880" free="2083294232" total="2092630016" percent="99">
    <mem type="nursery" free="2399232" total="2883584" percent="83">
      <mem type="allocate" free="2399232" total="2555904" percent="93" />
      <mem type="survivor" free="0" total="327680" percent="0" />
    </mem>
    <mem type="tenure" free="2080895000" total="2089746432" percent="99" macro-fragmented="0">
      <mem type="soa" free="1976408088" total="1985259520" percent="99" />
      <mem type="loa" free="104486912" total="104486912" percent="100" />
    </mem>
    <remembered-set count="284" />
  </mem-info>
</gc-end>
<cycle-end id="881" type="scavenge" contextid="875" timestamp="2019-06-20T23:34:00.012" />
  <attribute name="elasticGC enabled" value="1" />
  <attribute name= "numThreadsSpecified" value="4" />
  <attribute name="heapSize specified" value="8912896" />
  <attribute name="Current GC Util" value="0" />
  <attribute name= "Current Time Running" value="75622" />
  <attribute name ="GC Interval" value="200" />
  <attribute name="ProportionalT" value="-30.000000" />
  <attribute name="ProportionalI" value="-30.000000" />
  <attribute name="ProportionalH" value="-30.000000" />
  <attribute name="Current Error" value="-20.000000" />
  <attribute name="IntegralT" value="-26260.000000" />
  <attribute name="IntegralI" value="-26260.000000" />
  <attribute name="IntegralH" value="-26260.000000" />
  <attribute name="DerivativeT" value="-0.015232" />
  <attribute name="DerivativeI" value="-0.015232" />
  <attribute name="DerivativeH" value="-0.015232" />
  <attribute name="Loop Time for DT" value="1313.000000" />
  <attribute name="Output H" value="2092630016"/>
  <attribute name="Output I" value="200"/>
  <attribute name="Output T" value="4"/>
  <attribute name="Target GC Util Change" value ="20.000000" />
  <attribute name="Current GC Util Change" value="0.000000"/>
  <attribute name="GC Util currently" value="0" />
  <attribute name="CPU Util currently" value="1" />
<allocation-satisfied id="882" threadId="0000000001BECC00" bytesRequested="368" />
<af-end id="883" timestamp="2019-06-20T23:34:00.012" threadId="0000000001BED588" success="true" from="nursery"/>
<exclusive-end id="884" timestamp="2019-06-20T23:34:00.012" durationms="1.286" />

<exclusive-start id="885" timestamp="2019-06-20T23:34:01.470" intervalms="1459.685">
  <response-info timems="0.059" idlems="0.059" threads="0" lastid="0000000001BFF700" lastname="node-1" />
</exclusive-start>
<af-start id="886" threadId="0000000001C00088" totalBytesRequested="496" timestamp="2019-06-20T23:34:01.470" intervalms="1459.759" type="nursery" />
<cycle-start id="887" type="scavenge" contextid="0" timestamp="2019-06-20T23:34:01.471" intervalms="1459.775" />
<gc-start id="888" type="scavenge" contextid="887" timestamp="2019-06-20T23:34:01.471">
  <mem-info id="889" free="2080895000" total="2092630016" percent="99">
    <mem type="nursery" free="0" total="2883584" percent="0">
      <mem type="allocate" free="0" total="2555904" percent="0" />
      <mem type="survivor" free="0" total="327680" percent="0" />
    </mem>
    <mem type="tenure" free="2080895000" total="2089746432" percent="99">
      <mem type="soa" free="1976408088" total="1985259520" percent="99" />
      <mem type="loa" free="104486912" total="104486912" percent="100" />
    </mem>
    <remembered-set count="371" />
  </mem-info>
</gc-start>
<allocation-stats totalBytes="2396784" >
  <allocated-bytes non-tlh="368" tlh="2396416" />
  <largest-consumer threadName="node-16" threadId="0000000001C0AB00" bytes="106488" />
</allocation-stats>
<gc-op id="890" type="scavenge" timems="0.503" contextid="887" timestamp="2019-06-20T23:34:01.471">
  <scavenger-info tenureage="2" tenuremask="4004" tiltratio="88" />
  <memory-copied type="nursery" objects="2842" bytes="71288" bytesdiscarded="85384" />
  <memory-copied type="tenure" objects="978" bytes="23472" bytesdiscarded="0" />
</gc-op>
<gc-end id="891" type="scavenge" contextid="887" durationms="0.987" usertimems="0.000" systemtimems="0.000" timestamp="2019-06-20T23:34:01.472" activeThreads="4">
  <mem-info id="892" free="2083294232" total="2092630016" percent="99">
    <mem type="nursery" free="2399232" total="2883584" percent="83">
      <mem type="allocate" free="2399232" total="2555904" percent="93" />
      <mem type="survivor" free="0" total="327680" percent="0" />
    </mem>
    <mem type="tenure" free="2080895000" total="2089746432" percent="99" macro-fragmented="0">
      <mem type="soa" free="1976408088" total="1985259520" percent="99" />
      <mem type="loa" free="104486912" total="104486912" percent="100" />
    </mem>
    <remembered-set count="303" />
  </mem-info>
</gc-end>
<cycle-end id="893" type="scavenge" contextid="887" timestamp="2019-06-20T23:34:01.472" />
  <attribute name="elasticGC enabled" value="1" />
  <attribute name= "numThreadsSpecified" value="4" />
  <attribute name="heapSize specified" value="8912896" />
  <attribute name="Current GC Util" value="0" />
  <attribute name= "Current Time Running" value="77082" />
  <attribute name ="GC Interval" value="200" />
  <attribute name="ProportionalT" value="-30.000000" />
  <attribute name="ProportionalI" value="-30.000000" />
  <attribute name="ProportionalH" value="-30.000000" />
  <attribute name="Current Error" value="-20.000000" />
  <attribute name="IntegralT" value="-29200.000000" />
  <attribute name="IntegralI" value="-29200.000000" />
  <attribute name="IntegralH" value="-29200.000000" />
  <attribute name="DerivativeT" value="-0.013699" />
  <attribute name="DerivativeI" value="-0.013699" />
  <attribute name="DerivativeH" value="-0.013699" />
  <attribute name="Loop Time for DT" value="1460.000000" />
  <attribute name="Output H" value="2092630016"/>
  <attribute name="Output I" value="200"/>
  <attribute name="Output T" value="4"/>
  <attribute name="Target GC Util Change" value ="20.000000" />
  <attribute name="Current GC Util Change" value="0.000000"/>
  <attribute name="GC Util currently" value="0" />
  <attribute name="CPU Util currently" value="1" />
<allocation-satisfied id="894" threadId="0000000001BFF700" bytesRequested="496" />
<af-end id="895" timestamp="2019-06-20T23:34:01.472" threadId="0000000001C00088" success="true" from="nursery"/>
<exclusive-end id="896" timestamp="2019-06-20T23:34:01.472" durationms="1.666" />

<exclusive-start id="897" timestamp="2019-06-20T23:34:02.666" intervalms="1195.630">
  <response-info timems="0.044" idlems="0.044" threads="0" lastid="0000000001BECC00" lastname="node-24" />
</exclusive-start>
<af-start id="898" threadId="0000000001BED588" totalBytesRequested="16" timestamp="2019-06-20T23:34:02.666" intervalms="1195.568" type="nursery" />
<cycle-start id="899" type="scavenge" contextid="0" timestamp="2019-06-20T23:34:02.666" intervalms="1195.566" />
<gc-start id="900" type="scavenge" contextid="899" timestamp="2019-06-20T23:34:02.666">
  <mem-info id="901" free="2080895000" total="2092630016" percent="99">
    <mem type="nursery" free="0" total="2883584" percent="0">
      <mem type="allocate" free="0" total="2555904" percent="0" />
      <mem type="survivor" free="0" total="327680" percent="0" />
    </mem>
    <mem type="tenure" free="2080895000" total="2089746432" percent="99">
      <mem type="soa" free="1976408088" total="1985259520" percent="99" />
      <mem type="loa" free="104486912" total="104486912" percent="100" />
    </mem>
    <remembered-set count="372" />
  </mem-info>
</gc-start>
<allocation-stats totalBytes="2398696" >
  <allocated-bytes non-tlh="496" tlh="2398200" />
  <largest-consumer threadName="node-2" threadId="0000000001BE5400" bytes="118248" />
</allocation-stats>
<gc-op id="902" type="scavenge" timems="0.510" contextid="899" timestamp="2019-06-20T23:34:02.667">
  <scavenger-info tenureage="2" tenuremask="4004" tiltratio="88" />
  <memory-copied type="nursery" objects="2739" bytes="72312" bytesdiscarded="84360" />
  <memory-copied type="tenure" objects="1383" bytes="33192" bytesdiscarded="0" />
</gc-op>
<gc-end id="903" type="scavenge" contextid="899" durationms="1.067" usertimems="0.000" systemtimems="0.000" timestamp="2019-06-20T23:34:02.667" activeThreads="4">
  <mem-info id="904" free="2083255064" total="2092630016" percent="99">
    <mem type="nursery" free="2399232" total="2883584" percent="83">
      <mem type="allocate" free="2399232" total="2555904" percent="93" />
      <mem type="survivor" free="0" total="327680" percent="0" />
    </mem>
    <mem type="tenure" free="2080855832" total="2089746432" percent="99" macro-fragmented="0">
      <mem type="soa" free="1976368920" total="1985259520" percent="99" />
      <mem type="loa" free="104486912" total="104486912" percent="100" />
    </mem>
    <remembered-set count="302" />
  </mem-info>
</gc-end>
<cycle-end id="905" type="scavenge" contextid="899" timestamp="2019-06-20T23:34:02.667" />
  <attribute name="elasticGC enabled" value="1" />
  <attribute name= "numThreadsSpecified" value="4" />
  <attribute name="heapSize specified" value="8912896" />
  <attribute name="Current GC Util" value="0" />
  <attribute name= "Current Time Running" value="78278" />
  <attribute name ="GC Interval" value="200" />
  <attribute name="ProportionalT" value="-30.000000" />
  <attribute name="ProportionalI" value="-30.000000" />
  <attribute name="ProportionalH" value="-30.000000" />
  <attribute name="Current Error" value="-20.000000" />
  <attribute name="IntegralT" value="-23920.000000" />
  <attribute name="IntegralI" value="-23920.000000" />
  <attribute name="IntegralH" value="-23920.000000" />
  <attribute name="DerivativeT" value="-0.016722" />
  <attribute name="DerivativeI" value="-0.016722" />
  <attribute name="DerivativeH" value="-0.016722" />
  <attribute name="Loop Time for DT" value="1196.000000" />
  <attribute name="Output H" value="2092630016"/>
  <attribute name="Output I" value="200"/>
  <attribute name="Output T" value="4"/>
  <attribute name="Target GC Util Change" value ="20.000000" />
  <attribute name="Current GC Util Change" value="0.000000"/>
  <attribute name="GC Util currently" value="0" />
  <attribute name="CPU Util currently" value="1" />
<allocation-satisfied id="906" threadId="0000000001BECC00" bytesRequested="16" />
<af-end id="907" timestamp="2019-06-20T23:34:02.667" threadId="0000000001BED588" success="true" from="nursery"/>
<exclusive-end id="908" timestamp="2019-06-20T23:34:02.667" durationms="1.607" />

<exclusive-start id="909" timestamp="2019-06-20T23:34:04.141" intervalms="1474.871">
  <response-info timems="0.041" idlems="0.041" threads="0" lastid="0000000001BECC00" lastname="node-24" />
</exclusive-start>
<af-start id="910" threadId="0000000001BED588" totalBytesRequested="32" timestamp="2019-06-20T23:34:04.141" intervalms="1474.868" type="nursery" />
<cycle-start id="911" type="scavenge" contextid="0" timestamp="2019-06-20T23:34:04.141" intervalms="1474.868" />
<gc-start id="912" type="scavenge" contextid="911" timestamp="2019-06-20T23:34:04.141">
  <mem-info id="913" free="2080855832" total="2092630016" percent="99">
    <mem type="nursery" free="0" total="2883584" percent="0">
      <mem type="allocate" free="0" total="2555904" percent="0" />
      <mem type="survivor" free="0" total="327680" percent="0" />
    </mem>
    <mem type="tenure" free="2080855832" total="2089746432" percent="99">
      <mem type="soa" free="1976368920" total="1985259520" percent="99" />
      <mem type="loa" free="104486912" total="104486912" percent="100" />
    </mem>
    <remembered-set count="372" />
  </mem-info>
</gc-start>
<allocation-stats totalBytes="2397096" >
  <allocated-bytes non-tlh="16" tlh="2397080" />
  <largest-consumer threadName="node-7" threadId="0000000001BFBB00" bytes="106496" />
</allocation-stats>
<gc-op id="914" type="scavenge" timems="0.777" contextid="911" timestamp="2019-06-20T23:34:04.142">
  <scavenger-info tenureage="2" tenuremask="4004" tiltratio="88" />
  <memory-copied type="nursery" objects="2447" bytes="60440" bytesdiscarded="57064" />
  <memory-copied type="tenure" objects="1306" bytes="31344" bytesdiscarded="0" />
</gc-op>
<gc-end id="915" type="scavenge" contextid="911" durationms="1.180" usertimems="4.000" systemtimems="0.000" timestamp="2019-06-20T23:34:04.142" activeThreads="4">
  <mem-info id="916" free="2083294232" total="2092630016" percent="99">
    <mem type="nursery" free="2438400" total="2883584" percent="84">
      <mem type="allocate" free="2438400" total="2555904" percent="95" />
      <mem type="survivor" free="0" total="327680" percent="0" />
    </mem>
    <mem type="tenure" free="2080855832" total="2089746432" percent="99" macro-fragmented="0">
      <mem type="soa" free="1976368920" total="1985259520" percent="99" />
      <mem type="loa" free="104486912" total="104486912" percent="100" />
    </mem>
    <remembered-set count="300" />
  </mem-info>
</gc-end>
<cycle-end id="917" type="scavenge" contextid="911" timestamp="2019-06-20T23:34:04.142" />
  <attribute name="elasticGC enabled" value="1" />
  <attribute name= "numThreadsSpecified" value="4" />
  <attribute name="heapSize specified" value="8912896" />
  <attribute name="Current GC Util" value="0" />
  <attribute name= "Current Time Running" value="79753" />
  <attribute name ="GC Interval" value="200" />
  <attribute name="ProportionalT" value="-30.000000" />
  <attribute name="ProportionalI" value="-30.000000" />
  <attribute name="ProportionalH" value="-30.000000" />
  <attribute name="Current Error" value="-20.000000" />
  <attribute name="IntegralT" value="-29500.000000" />
  <attribute name="IntegralI" value="-29500.000000" />
  <attribute name="IntegralH" value="-29500.000000" />
  <attribute name="DerivativeT" value="-0.013559" />
  <attribute name="DerivativeI" value="-0.013559" />
  <attribute name="DerivativeH" value="-0.013559" />
  <attribute name="Loop Time for DT" value="1475.000000" />
  <attribute name="Output H" value="2092630016"/>
  <attribute name="Output I" value="200"/>
  <attribute name="Output T" value="4"/>
  <attribute name="Target GC Util Change" value ="20.000000" />
  <attribute name="Current GC Util Change" value="0.000000"/>
  <attribute name="GC Util currently" value="0" />
  <attribute name="CPU Util currently" value="0" />
<allocation-satisfied id="918" threadId="0000000001BECC00" bytesRequested="32" />
<af-end id="919" timestamp="2019-06-20T23:34:04.142" threadId="0000000001BED588" success="true" from="nursery"/>
<exclusive-end id="920" timestamp="2019-06-20T23:34:04.142" durationms="1.690" />

<exclusive-start id="921" timestamp="2019-06-20T23:34:05.492" intervalms="1351.564">
  <response-info timems="0.040" idlems="0.040" threads="0" lastid="0000000001BECC00" lastname="node-24" />
</exclusive-start>
<af-start id="922" threadId="0000000001BED588" totalBytesRequested="720" timestamp="2019-06-20T23:34:05.492" intervalms="1351.568" type="nursery" />
<cycle-start id="923" type="scavenge" contextid="0" timestamp="2019-06-20T23:34:05.493" intervalms="1351.563" />
<gc-start id="924" type="scavenge" contextid="923" timestamp="2019-06-20T23:34:05.493">
  <mem-info id="925" free="2080855832" total="2092630016" percent="99">
    <mem type="nursery" free="0" total="2883584" percent="0">
      <mem type="allocate" free="0" total="2555904" percent="0" />
      <mem type="survivor" free="0" total="327680" percent="0" />
    </mem>
    <mem type="tenure" free="2080855832" total="2089746432" percent="99">
      <mem type="soa" free="1976368920" total="1985259520" percent="99" />
      <mem type="loa" free="104486912" total="104486912" percent="100" />
    </mem>
    <remembered-set count="368" />
  </mem-info>
</gc-start>
<allocation-stats totalBytes="2436976" >
  <allocated-bytes non-tlh="32" tlh="2436944" />
  <largest-consumer threadName="node-0" threadId="0000000001BCEC00" bytes="118696" />
</allocation-stats>
<gc-op id="926" type="scavenge" timems="0.832" contextid="923" timestamp="2019-06-20T23:34:05.494">
  <scavenger-info tenureage="2" tenuremask="4004" tiltratio="88" />
  <memory-copied type="nursery" objects="2236" bytes="60864" bytesdiscarded="56640" />
  <memory-copied type="tenure" objects="1263" bytes="30312" bytesdiscarded="0" />
</gc-op>
<gc-end id="927" type="scavenge" contextid="923" durationms="1.261" usertimems="4.000" systemtimems="0.000" timestamp="2019-06-20T23:34:05.494" activeThreads="4">
  <mem-info id="928" free="2083255064" total="2092630016" percent="99">
    <mem type="nursery" free="2438400" total="2883584" percent="84">
      <mem type="allocate" free="2438400" total="2555904" percent="95" />
      <mem type="survivor" free="0" total="327680" percent="0" />
    </mem>
    <mem type="tenure" free="2080816664" total="2089746432" percent="99" macro-fragmented="0">
      <mem type="soa" free="1976329752" total="1985259520" percent="99" />
      <mem type="loa" free="104486912" total="104486912" percent="100" />
    </mem>
    <remembered-set count="282" />
  </mem-info>
</gc-end>
<cycle-end id="929" type="scavenge" contextid="923" timestamp="2019-06-20T23:34:05.494" />
  <attribute name="elasticGC enabled" value="1" />
  <attribute name= "numThreadsSpecified" value="4" />
  <attribute name="heapSize specified" value="8912896" />
  <attribute name="Current GC Util" value="0" />
  <attribute name= "Current Time Running" value="81104" />
  <attribute name ="GC Interval" value="200" />
  <attribute name="ProportionalT" value="-30.000000" />
  <attribute name="ProportionalI" value="-30.000000" />
  <attribute name="ProportionalH" value="-30.000000" />
  <attribute name="Current Error" value="-20.000000" />
  <attribute name="IntegralT" value="-27020.000000" />
  <attribute name="IntegralI" value="-27020.000000" />
  <attribute name="IntegralH" value="-27020.000000" />
  <attribute name="DerivativeT" value="-0.014804" />
  <attribute name="DerivativeI" value="-0.014804" />
  <attribute name="DerivativeH" value="-0.014804" />
  <attribute name="Loop Time for DT" value="1351.000000" />
  <attribute name="Output H" value="2092630016"/>
  <attribute name="Output I" value="200"/>
  <attribute name="Output T" value="4"/>
  <attribute name="Target GC Util Change" value ="20.000000" />
  <attribute name="Current GC Util Change" value="0.000000"/>
  <attribute name="GC Util currently" value="0" />
  <attribute name="CPU Util currently" value="1" />
<allocation-satisfied id="930" threadId="0000000001BECC00" bytesRequested="720" />
<af-end id="931" timestamp="2019-06-20T23:34:05.494" threadId="0000000001BED588" success="true" from="nursery"/>
<exclusive-end id="932" timestamp="2019-06-20T23:34:05.494" durationms="1.974" />

<exclusive-start id="933" timestamp="2019-06-20T23:34:07.099" intervalms="1606.593">
  <response-info timems="0.613" idlems="0.311" threads="1" lastid="0000000001C0E700" lastname="node-23" />
</exclusive-start>
<af-start id="934" threadId="0000000001BED588" totalBytesRequested="32" timestamp="2019-06-20T23:34:07.099" intervalms="1606.581" type="nursery" />
<cycle-start id="935" type="scavenge" contextid="0" timestamp="2019-06-20T23:34:07.099" intervalms="1606.588" />
<gc-start id="936" type="scavenge" contextid="935" timestamp="2019-06-20T23:34:07.099">
  <mem-info id="937" free="2080816664" total="2092630016" percent="99">
    <mem type="nursery" free="0" total="2883584" percent="0">
      <mem type="allocate" free="0" total="2555904" percent="0" />
      <mem type="survivor" free="0" total="327680" percent="0" />
    </mem>
    <mem type="tenure" free="2080816664" total="2089746432" percent="99">
      <mem type="soa" free="1976329752" total="1985259520" percent="99" />
      <mem type="loa" free="104486912" total="104486912" percent="100" />
    </mem>
    <remembered-set count="373" />
  </mem-info>
</gc-start>
<allocation-stats totalBytes="2434680" >
  <allocated-bytes non-tlh="720" tlh="2433960" />
  <largest-consumer threadName="node-7" threadId="0000000001BFBB00" bytes="106488" />
</allocation-stats>
<gc-op id="938" type="scavenge" timems="0.411" contextid="935" timestamp="2019-06-20T23:34:07.100">
  <scavenger-info tenureage="2" tenuremask="4004" tiltratio="88" />
  <memory-copied type="nursery" objects="2367" bytes="58520" bytesdiscarded="98152" />
  <memory-copied type="tenure" objects="1042" bytes="25008" bytesdiscarded="0" />
</gc-op>
<gc-end id="939" type="scavenge" contextid="935" durationms="0.932" usertimems="0.000" systemtimems="0.000" timestamp="2019-06-20T23:34:07.100" activeThreads="4">
  <mem-info id="940" free="2083176728" total="2092630016" percent="99">
    <mem type="nursery" free="2399232" total="2883584" percent="83">
      <mem type="allocate" free="2399232" total="2555904" percent="93" />
      <mem type="survivor" free="0" total="327680" percent="0" />
    </mem>
    <mem type="tenure" free="2080777496" total="2089746432" percent="99" macro-fragmented="0">
      <mem type="soa" free="1976290584" total="1985259520" percent="99" />
      <mem type="loa" free="104486912" total="104486912" percent="100" />
    </mem>
    <remembered-set count="303" />
  </mem-info>
</gc-end>
<cycle-end id="941" type="scavenge" contextid="935" timestamp="2019-06-20T23:34:07.100" />
  <attribute name="elasticGC enabled" value="1" />
  <attribute name= "numThreadsSpecified" value="4" />
  <attribute name="heapSize specified" value="8912896" />
  <attribute name="Current GC Util" value="0" />
  <attribute name= "Current Time Running" value="82711" />
  <attribute name ="GC Interval" value="200" />
  <attribute name="ProportionalT" value="-30.000000" />
  <attribute name="ProportionalI" value="-30.000000" />
  <attribute name="ProportionalH" value="-30.000000" />
  <attribute name="Current Error" value="-20.000000" />
  <attribute name="IntegralT" value="-32140.000000" />
  <attribute name="IntegralI" value="-32140.000000" />
  <attribute name="IntegralH" value="-32140.000000" />
  <attribute name="DerivativeT" value="-0.012446" />
  <attribute name="DerivativeI" value="-0.012446" />
  <attribute name="DerivativeH" value="-0.012446" />
  <attribute name="Loop Time for DT" value="1607.000000" />
  <attribute name="Output H" value="2092630016"/>
  <attribute name="Output I" value="200"/>
  <attribute name="Output T" value="4"/>
  <attribute name="Target GC Util Change" value ="20.000000" />
  <attribute name="Current GC Util Change" value="0.000000"/>
  <attribute name="GC Util currently" value="0" />
  <attribute name="CPU Util currently" value="2" />
<allocation-satisfied id="942" threadId="0000000001BECC00" bytesRequested="32" />
<af-end id="943" timestamp="2019-06-20T23:34:07.100" threadId="0000000001BED588" success="true" from="nursery"/>
<exclusive-end id="944" timestamp="2019-06-20T23:34:07.100" durationms="1.538" />

<exclusive-start id="945" timestamp="2019-06-20T23:34:08.231" intervalms="1132.140">
  <response-info timems="0.086" idlems="0.053" threads="1" lastid="0000000001C0AB00" lastname="node-16" />
</exclusive-start>
<af-start id="946" threadId="0000000001BB8E88" totalBytesRequested="24" timestamp="2019-06-20T23:34:08.231" intervalms="1132.149" type="nursery" />
<cycle-start id="947" type="scavenge" contextid="0" timestamp="2019-06-20T23:34:08.231" intervalms="1132.186" />
<gc-start id="948" type="scavenge" contextid="947" timestamp="2019-06-20T23:34:08.231">
  <mem-info id="949" free="2080777496" total="2092630016" percent="99">
    <mem type="nursery" free="0" total="2883584" percent="0">
      <mem type="allocate" free="0" total="2555904" percent="0" />
      <mem type="survivor" free="0" total="327680" percent="0" />
    </mem>
    <mem type="tenure" free="2080777496" total="2089746432" percent="99">
      <mem type="soa" free="1976290584" total="1985259520" percent="99" />
      <mem type="loa" free="104486912" total="104486912" percent="100" />
    </mem>
    <remembered-set count="371" />
  </mem-info>
</gc-start>
<allocation-stats totalBytes="2398152" >
  <allocated-bytes non-tlh="32" tlh="2398120" />
  <largest-consumer threadName="node-6" threadId="0000000001BD2800" bytes="110560" />
</allocation-stats>
<gc-op id="950" type="scavenge" timems="0.958" contextid="947" timestamp="2019-06-20T23:34:08.232">
  <scavenger-info tenureage="2" tenuremask="4004" tiltratio="88" />
  <memory-copied type="nursery" objects="2482" bytes="67672" bytesdiscarded="49832" />
  <memory-copied type="tenure" objects="1026" bytes="24624" bytesdiscarded="0" />
</gc-op>
<gc-end id="951" type="scavenge" contextid="947" durationms="1.553" usertimems="4.000" systemtimems="0.000" timestamp="2019-06-20T23:34:08.233" activeThreads="4">
  <mem-info id="952" free="2083176728" total="2092630016" percent="99">
    <mem type="nursery" free="2438400" total="2883584" percent="84">
      <mem type="allocate" free="2438400" total="2555904" percent="95" />
      <mem type="survivor" free="0" total="327680" percent="0" />
    </mem>
    <mem type="tenure" free="2080738328" total="2089746432" percent="99" macro-fragmented="0">
      <mem type="soa" free="1976251416" total="1985259520" percent="99" />
      <mem type="loa" free="104486912" total="104486912" percent="100" />
    </mem>
    <remembered-set count="286" />
  </mem-info>
</gc-end>
<cycle-end id="953" type="scavenge" contextid="947" timestamp="2019-06-20T23:34:08.233" />
  <attribute name="elasticGC enabled" value="1" />
  <attribute name= "numThreadsSpecified" value="4" />
  <attribute name="heapSize specified" value="8912896" />
  <attribute name="Current GC Util" value="0" />
  <attribute name= "Current Time Running" value="83843" />
  <attribute name ="GC Interval" value="200" />
  <attribute name="ProportionalT" value="-30.000000" />
  <attribute name="ProportionalI" value="-30.000000" />
  <attribute name="ProportionalH" value="-30.000000" />
  <attribute name="Current Error" value="-20.000000" />
  <attribute name="IntegralT" value="-22640.000000" />
  <attribute name="IntegralI" value="-22640.000000" />
  <attribute name="IntegralH" value="-22640.000000" />
  <attribute name="DerivativeT" value="-0.017668" />
  <attribute name="DerivativeI" value="-0.017668" />
  <attribute name="DerivativeH" value="-0.017668" />
  <attribute name="Loop Time for DT" value="1132.000000" />
  <attribute name="Output H" value="2092630016"/>
  <attribute name="Output I" value="200"/>
  <attribute name="Output T" value="4"/>
  <attribute name="Target GC Util Change" value ="20.000000" />
  <attribute name="Current GC Util Change" value="0.000000"/>
  <attribute name="GC Util currently" value="0" />
  <attribute name="CPU Util currently" value="0" />
<allocation-satisfied id="954" threadId="0000000001BB8500" bytesRequested="24" />
<af-end id="955" timestamp="2019-06-20T23:34:08.233" threadId="0000000001BB8E88" success="true" from="nursery"/>
<exclusive-end id="956" timestamp="2019-06-20T23:34:08.233" durationms="2.267" />

<exclusive-start id="957" timestamp="2019-06-20T23:34:09.738" intervalms="1506.585">
  <response-info timems="0.046" idlems="0.046" threads="0" lastid="0000000001BFBB00" lastname="node-7" />
</exclusive-start>
<af-start id="958" threadId="0000000001BFC488" totalBytesRequested="32" timestamp="2019-06-20T23:34:09.738" intervalms="1506.600" type="nursery" />
<cycle-start id="959" type="scavenge" contextid="0" timestamp="2019-06-20T23:34:09.738" intervalms="1506.564" />
<gc-start id="960" type="scavenge" contextid="959" timestamp="2019-06-20T23:34:09.738">
  <mem-info id="961" free="2080738328" total="2092630016" percent="99">
    <mem type="nursery" free="0" total="2883584" percent="0">
      <mem type="allocate" free="0" total="2555904" percent="0" />
      <mem type="survivor" free="0" total="327680" percent="0" />
    </mem>
    <mem type="tenure" free="2080738328" total="2089746432" percent="99">
      <mem type="soa" free="1976251416" total="1985259520" percent="99" />
      <mem type="loa" free="104486912" total="104486912" percent="100" />
    </mem>
    <remembered-set count="375" />
  </mem-info>
</gc-start>
<allocation-stats totalBytes="2437232" >
  <allocated-bytes non-tlh="24" tlh="2437208" />
  <largest-consumer threadName="node-14" threadId="0000000001BB8500" bytes="106504" />
</allocation-stats>
<gc-op id="962" type="scavenge" timems="1.272" contextid="959" timestamp="2019-06-20T23:34:09.739">
  <scavenger-info tenureage="2" tenuremask="4004" tiltratio="88" />
  <memory-copied type="nursery" objects="2827" bytes="70280" bytesdiscarded="86392" />
  <memory-copied type="tenure" objects="1199" bytes="28776" bytesdiscarded="0" />
</gc-op>
<gc-end id="963" type="scavenge" contextid="959" durationms="1.904" usertimems="4.000" systemtimems="0.000" timestamp="2019-06-20T23:34:09.740" activeThreads="4">
  <mem-info id="964" free="2083098392" total="2092630016" percent="99">
    <mem type="nursery" free="2399232" total="2883584" percent="83">
      <mem type="allocate" free="2399232" total="2555904" percent="93" />
      <mem type="survivor" free="0" total="327680" percent="0" />
    </mem>
    <mem type="tenure" free="2080699160" total="2089746432" percent="99" macro-fragmented="1250136">
      <mem type="soa" free="1976212248" total="1985259520" percent="99" />
      <mem type="loa" free="104486912" total="104486912" percent="100" />
    </mem>
    <remembered-set count="308" />
  </mem-info>
</gc-end>
<cycle-end id="965" type="scavenge" contextid="959" timestamp="2019-06-20T23:34:09.740" />
  <attribute name="elasticGC enabled" value="1" />
  <attribute name= "numThreadsSpecified" value="4" />
  <attribute name="heapSize specified" value="8912896" />
  <attribute name="Current GC Util" value="0" />
  <attribute name= "Current Time Running" value="85350" />
  <attribute name ="GC Interval" value="200" />
  <attribute name="ProportionalT" value="-30.000000" />
  <attribute name="ProportionalI" value="-30.000000" />
  <attribute name="ProportionalH" value="-30.000000" />
  <attribute name="Current Error" value="-20.000000" />
  <attribute name="IntegralT" value="-30140.000000" />
  <attribute name="IntegralI" value="-30140.000000" />
  <attribute name="IntegralH" value="-30140.000000" />
  <attribute name="DerivativeT" value="-0.013271" />
  <attribute name="DerivativeI" value="-0.013271" />
  <attribute name="DerivativeH" value="-0.013271" />
  <attribute name="Loop Time for DT" value="1507.000000" />
  <attribute name="Output H" value="2092630016"/>
  <attribute name="Output I" value="200"/>
  <attribute name="Output T" value="4"/>
  <attribute name="Target GC Util Change" value ="20.000000" />
  <attribute name="Current GC Util Change" value="0.000000"/>
  <attribute name="GC Util currently" value="0" />
  <attribute name="CPU Util currently" value="2" />
<allocation-satisfied id="966" threadId="0000000001BFBB00" bytesRequested="32" />
<af-end id="967" timestamp="2019-06-20T23:34:09.740" threadId="0000000001BFC488" success="true" from="nursery"/>
<exclusive-end id="968" timestamp="2019-06-20T23:34:09.740" durationms="2.567" />

<exclusive-start id="969" timestamp="2019-06-20T23:34:11.061" intervalms="1323.215">
  <response-info timems="0.056" idlems="0.056" threads="0" lastid="0000000001C06F00" lastname="node-20" />
</exclusive-start>
<af-start id="970" threadId="0000000001C07888" totalBytesRequested="368" timestamp="2019-06-20T23:34:11.061" intervalms="1323.223" type="nursery" />
<cycle-start id="971" type="scavenge" contextid="0" timestamp="2019-06-20T23:34:11.061" intervalms="1323.264" />
<gc-start id="972" type="scavenge" contextid="971" timestamp="2019-06-20T23:34:11.061">
  <mem-info id="973" free="2080699160" total="2092630016" percent="99">
    <mem type="nursery" free="0" total="2883584" percent="0">
      <mem type="allocate" free="0" total="2555904" percent="0" />
      <mem type="survivor" free="0" total="327680" percent="0" />
    </mem>
    <mem type="tenure" free="2080699160" total="2089746432" percent="99">
      <mem type="soa" free="1976212248" total="1985259520" percent="99" />
      <mem type="loa" free="104486912" total="104486912" percent="100" />
    </mem>
    <remembered-set count="373" />
  </mem-info>
</gc-start>
<allocation-stats totalBytes="2390448" >
  <allocated-bytes non-tlh="32" tlh="2390416" />
  <largest-consumer threadName="node-10" threadId="0000000001BC7500" bytes="118424" />
</allocation-stats>
<gc-op id="974" type="scavenge" timems="0.463" contextid="971" timestamp="2019-06-20T23:34:11.062">
  <scavenger-info tenureage="2" tenuremask="4004" tiltratio="88" />
  <memory-copied type="nursery" objects="2585" bytes="72392" bytesdiscarded="84280" />
  <memory-copied type="tenure" objects="1115" bytes="26760" bytesdiscarded="0" />
</gc-op>
<gc-end id="975" type="scavenge" contextid="971" durationms="1.006" usertimems="4.000" systemtimems="0.000" timestamp="2019-06-20T23:34:11.062" activeThreads="4">
  <mem-info id="976" free="2083059224" total="2092630016" percent="99">
    <mem type="nursery" free="2399232" total="2883584" percent="83">
      <mem type="allocate" free="2399232" total="2555904" percent="93" />
      <mem type="survivor" free="0" total="327680" percent="0" />
    </mem>
    <mem type="tenure" free="2080659992" total="2089746432" percent="99" macro-fragmented="0">
      <mem type="soa" free="1976173080" total="1985259520" percent="99" />
      <mem type="loa" free="104486912" total="104486912" percent="100" />
    </mem>
    <remembered-set count="302" />
  </mem-info>
</gc-end>
<cycle-end id="977" type="scavenge" contextid="971" timestamp="2019-06-20T23:34:11.062" />
  <attribute name="elasticGC enabled" value="1" />
  <attribute name= "numThreadsSpecified" value="4" />
  <attribute name="heapSize specified" value="8912896" />
  <attribute name="Current GC Util" value="0" />
  <attribute name= "Current Time Running" value="86673" />
  <attribute name ="GC Interval" value="200" />
  <attribute name="ProportionalT" value="-30.000000" />
  <attribute name="ProportionalI" value="-30.000000" />
  <attribute name="ProportionalH" value="-30.000000" />
  <attribute name="Current Error" value="-20.000000" />
  <attribute name="IntegralT" value="-26460.000000" />
  <attribute name="IntegralI" value="-26460.000000" />
  <attribute name="IntegralH" value="-26460.000000" />
  <attribute name="DerivativeT" value="-0.015117" />
  <attribute name="DerivativeI" value="-0.015117" />
  <attribute name="DerivativeH" value="-0.015117" />
  <attribute name="Loop Time for DT" value="1323.000000" />
  <attribute name="Output H" value="2092630016"/>
  <attribute name="Output I" value="200"/>
  <attribute name="Output T" value="4"/>
  <attribute name="Target GC Util Change" value ="20.000000" />
  <attribute name="Current GC Util Change" value="0.000000"/>
  <attribute name="GC Util currently" value="0" />
  <attribute name="CPU Util currently" value="0" />
<allocation-satisfied id="978" threadId="0000000001C06F00" bytesRequested="368" />
<af-end id="979" timestamp="2019-06-20T23:34:11.063" threadId="0000000001C07888" success="true" from="nursery"/>
<exclusive-end id="980" timestamp="2019-06-20T23:34:11.063" durationms="1.752" />

<exclusive-start id="981" timestamp="2019-06-20T23:34:12.287" intervalms="1226.182">
  <response-info timems="0.041" idlems="0.024" threads="1" lastid="0000000001C0E700" lastname="node-23" />
</exclusive-start>
<af-start id="982" threadId="0000000001BE5D88" totalBytesRequested="32" timestamp="2019-06-20T23:34:12.287" intervalms="1226.143" type="nursery" />
<cycle-start id="983" type="scavenge" contextid="0" timestamp="2019-06-20T23:34:12.287" intervalms="1226.080" />
<gc-start id="984" type="scavenge" contextid="983" timestamp="2019-06-20T23:34:12.287">
  <mem-info id="985" free="2080659992" total="2092630016" percent="99">
    <mem type="nursery" free="0" total="2883584" percent="0">
      <mem type="allocate" free="0" total="2555904" percent="0" />
      <mem type="survivor" free="0" total="327680" percent="0" />
    </mem>
    <mem type="tenure" free="2080659992" total="2089746432" percent="99">
      <mem type="soa" free="1976173080" total="1985259520" percent="99" />
      <mem type="loa" free="104486912" total="104486912" percent="100" />
    </mem>
    <remembered-set count="370" />
  </mem-info>
</gc-start>
<allocation-stats totalBytes="2397848" >
  <allocated-bytes non-tlh="368" tlh="2397480" />
  <largest-consumer threadName="node-16" threadId="0000000001C0AB00" bytes="106488" />
</allocation-stats>
<gc-op id="986" type="scavenge" timems="0.460" contextid="983" timestamp="2019-06-20T23:34:12.288">
  <scavenger-info tenureage="2" tenuremask="4004" tiltratio="88" />
  <memory-copied type="nursery" objects="2195" bytes="54392" bytesdiscarded="102280" />
  <memory-copied type="tenure" objects="1569" bytes="37656" bytesdiscarded="0" />
</gc-op>
<gc-end id="987" type="scavenge" contextid="983" durationms="0.811" usertimems="0.000" systemtimems="0.000" timestamp="2019-06-20T23:34:12.288" activeThreads="4">
  <mem-info id="988" free="2083059224" total="2092630016" percent="99">
    <mem type="nursery" free="2399232" total="2883584" percent="83">
      <mem type="allocate" free="2399232" total="2555904" percent="93" />
      <mem type="survivor" free="0" total="327680" percent="0" />
    </mem>
    <mem type="tenure" free="2080659992" total="2089746432" percent="99" macro-fragmented="825920">
      <mem type="soa" free="1976173080" total="1985259520" percent="99" />
      <mem type="loa" free="104486912" total="104486912" percent="100" />
    </mem>
    <remembered-set count="299" />
  </mem-info>
</gc-end>
<cycle-end id="989" type="scavenge" contextid="983" timestamp="2019-06-20T23:34:12.288" />
  <attribute name="elasticGC enabled" value="1" />
  <attribute name= "numThreadsSpecified" value="4" />
  <attribute name="heapSize specified" value="8912896" />
  <attribute name="Current GC Util" value="0" />
  <attribute name= "Current Time Running" value="87899" />
  <attribute name ="GC Interval" value="200" />
  <attribute name="ProportionalT" value="-30.000000" />
  <attribute name="ProportionalI" value="-30.000000" />
  <attribute name="ProportionalH" value="-30.000000" />
  <attribute name="Current Error" value="-20.000000" />
  <attribute name="IntegralT" value="-24520.000000" />
  <attribute name="IntegralI" value="-24520.000000" />
  <attribute name="IntegralH" value="-24520.000000" />
  <attribute name="DerivativeT" value="-0.016313" />
  <attribute name="DerivativeI" value="-0.016313" />
  <attribute name="DerivativeH" value="-0.016313" />
  <attribute name="Loop Time for DT" value="1226.000000" />
  <attribute name="Output H" value="2092630016"/>
  <attribute name="Output I" value="200"/>
  <attribute name="Output T" value="4"/>
  <attribute name="Target GC Util Change" value ="20.000000" />
  <attribute name="Current GC Util Change" value="0.000000"/>
  <attribute name="GC Util currently" value="0" />
  <attribute name="CPU Util currently" value="0" />
<allocation-satisfied id="990" threadId="0000000001BE5400" bytesRequested="32" />
<af-end id="991" timestamp="2019-06-20T23:34:12.288" threadId="0000000001BE5D88" success="true" from="nursery"/>
<exclusive-end id="992" timestamp="2019-06-20T23:34:12.288" durationms="1.292" />

<exclusive-start id="993" timestamp="2019-06-20T23:34:13.515" intervalms="1228.174">
  <response-info timems="0.031" idlems="0.031" threads="0" lastid="0000000001BFF700" lastname="node-1" />
</exclusive-start>
<af-start id="994" threadId="0000000001C00088" totalBytesRequested="32" timestamp="2019-06-20T23:34:13.515" intervalms="1228.183" type="nursery" />
<cycle-start id="995" type="scavenge" contextid="0" timestamp="2019-06-20T23:34:13.515" intervalms="1228.184" />
<gc-start id="996" type="scavenge" contextid="995" timestamp="2019-06-20T23:34:13.515">
  <mem-info id="997" free="2080659992" total="2092630016" percent="99">
    <mem type="nursery" free="0" total="2883584" percent="0">
      <mem type="allocate" free="0" total="2555904" percent="0" />
      <mem type="survivor" free="0" total="327680" percent="0" />
    </mem>
    <mem type="tenure" free="2080659992" total="2089746432" percent="99">
      <mem type="soa" free="1976173080" total="1985259520" percent="99" />
      <mem type="loa" free="104486912" total="104486912" percent="100" />
    </mem>
    <remembered-set count="367" />
  </mem-info>
</gc-start>
<allocation-stats totalBytes="2398192" >
  <allocated-bytes non-tlh="32" tlh="2398160" />
  <largest-consumer threadName="node-20" threadId="0000000001C06F00" bytes="122840" />
</allocation-stats>
<gc-op id="998" type="scavenge" timems="0.428" contextid="995" timestamp="2019-06-20T23:34:13.516">
  <scavenger-info tenureage="2" tenuremask="4004" tiltratio="88" />
  <memory-copied type="nursery" objects="2655" bytes="62800" bytesdiscarded="93872" />
  <memory-copied type="tenure" objects="831" bytes="19944" bytesdiscarded="0" />
</gc-op>
<gc-end id="999" type="scavenge" contextid="995" durationms="0.779" usertimems="4.000" systemtimems="0.000" timestamp="2019-06-20T23:34:13.516" activeThreads="4">
  <mem-info id="1000" free="2083020056" total="2092630016" percent="99">
    <mem type="nursery" free="2399232" total="2883584" percent="83">
      <mem type="allocate" free="2399232" total="2555904" percent="93" />
      <mem type="survivor" free="0" total="327680" percent="0" />
    </mem>
    <mem type="tenure" free="2080620824" total="2089746432" percent="99" macro-fragmented="0">
      <mem type="soa" free="1976133912" total="1985259520" percent="99" />
      <mem type="loa" free="104486912" total="104486912" percent="100" />
    </mem>
    <remembered-set count="277" />
  </mem-info>
</gc-end>
<cycle-end id="1001" type="scavenge" contextid="995" timestamp="2019-06-20T23:34:13.516" />
  <attribute name="elasticGC enabled" value="1" />
  <attribute name= "numThreadsSpecified" value="4" />
  <attribute name="heapSize specified" value="8912896" />
  <attribute name="Current GC Util" value="0" />
  <attribute name= "Current Time Running" value="89127" />
  <attribute name ="GC Interval" value="200" />
  <attribute name="ProportionalT" value="-30.000000" />
  <attribute name="ProportionalI" value="-30.000000" />
  <attribute name="ProportionalH" value="-30.000000" />
  <attribute name="Current Error" value="-20.000000" />
  <attribute name="IntegralT" value="-24560.000000" />
  <attribute name="IntegralI" value="-24560.000000" />
  <attribute name="IntegralH" value="-24560.000000" />
  <attribute name="DerivativeT" value="-0.016287" />
  <attribute name="DerivativeI" value="-0.016287" />
  <attribute name="DerivativeH" value="-0.016287" />
  <attribute name="Loop Time for DT" value="1228.000000" />
  <attribute name="Output H" value="2092630016"/>
  <attribute name="Output I" value="200"/>
  <attribute name="Output T" value="4"/>
  <attribute name="Target GC Util Change" value ="20.000000" />
  <attribute name="Current GC Util Change" value="0.000000"/>
  <attribute name="GC Util currently" value="0" />
  <attribute name="CPU Util currently" value="1" />
<allocation-satisfied id="1002" threadId="0000000001BFF700" bytesRequested="32" />
<af-end id="1003" timestamp="2019-06-20T23:34:13.516" threadId="0000000001C00088" success="true" from="nursery"/>
<exclusive-end id="1004" timestamp="2019-06-20T23:34:13.516" durationms="1.195" />

<exclusive-start id="1005" timestamp="2019-06-20T23:34:14.632" intervalms="1116.378">
  <response-info timems="0.050" idlems="0.050" threads="0" lastid="0000000001BE5400" lastname="node-2" />
</exclusive-start>
<af-start id="1006" threadId="0000000001BE5D88" totalBytesRequested="832" timestamp="2019-06-20T23:34:14.632" intervalms="1116.424" type="nursery" />
<cycle-start id="1007" type="scavenge" contextid="0" timestamp="2019-06-20T23:34:14.632" intervalms="1116.489" />
<gc-start id="1008" type="scavenge" contextid="1007" timestamp="2019-06-20T23:34:14.632">
  <mem-info id="1009" free="2080620824" total="2092630016" percent="99">
    <mem type="nursery" free="0" total="2883584" percent="0">
      <mem type="allocate" free="0" total="2555904" percent="0" />
      <mem type="survivor" free="0" total="327680" percent="0" />
    </mem>
    <mem type="tenure" free="2080620824" total="2089746432" percent="99">
      <mem type="soa" free="1976133912" total="1985259520" percent="99" />
      <mem type="loa" free="104486912" total="104486912" percent="100" />
    </mem>
    <remembered-set count="373" />
  </mem-info>
</gc-start>
<allocation-stats totalBytes="2398040" >
  <allocated-bytes non-tlh="32" tlh="2398008" />
  <largest-consumer threadName="node-11" threadId="0000000001BBFD00" bytes="106496" />
</allocation-stats>
<gc-op id="1010" type="scavenge" timems="1.226" contextid="1007" timestamp="2019-06-20T23:34:14.633">
  <scavenger-info tenureage="2" tenuremask="4004" tiltratio="88" />
  <memory-copied type="nursery" objects="3213" bytes="86000" bytesdiscarded="70672" />
  <memory-copied type="tenure" objects="1222" bytes="29328" bytesdiscarded="0" />
</gc-op>
<gc-end id="1011" type="scavenge" contextid="1007" durationms="1.794" usertimems="0.000" systemtimems="0.000" timestamp="2019-06-20T23:34:14.634" activeThreads="4">
  <mem-info id="1012" free="2082980888" total="2092630016" percent="99">
    <mem type="nursery" free="2399232" total="2883584" percent="83">
      <mem type="allocate" free="2399232" total="2555904" percent="93" />
      <mem type="survivor" free="0" total="327680" percent="0" />
    </mem>
    <mem type="tenure" free="2080581656" total="2089746432" percent="99" macro-fragmented="0">
      <mem type="soa" free="1976094744" total="1985259520" percent="99" />
      <mem type="loa" free="104486912" total="104486912" percent="100" />
    </mem>
    <remembered-set count="304" />
  </mem-info>
</gc-end>
<cycle-end id="1013" type="scavenge" contextid="1007" timestamp="2019-06-20T23:34:14.634" />
  <attribute name="elasticGC enabled" value="1" />
  <attribute name= "numThreadsSpecified" value="4" />
  <attribute name="heapSize specified" value="8912896" />
  <attribute name="Current GC Util" value="0" />
  <attribute name= "Current Time Running" value="90244" />
  <attribute name ="GC Interval" value="200" />
  <attribute name="ProportionalT" value="-30.000000" />
  <attribute name="ProportionalI" value="-30.000000" />
  <attribute name="ProportionalH" value="-30.000000" />
  <attribute name="Current Error" value="-20.000000" />
  <attribute name="IntegralT" value="-22340.000000" />
  <attribute name="IntegralI" value="-22340.000000" />
  <attribute name="IntegralH" value="-22340.000000" />
  <attribute name="DerivativeT" value="-0.017905" />
  <attribute name="DerivativeI" value="-0.017905" />
  <attribute name="DerivativeH" value="-0.017905" />
  <attribute name="Loop Time for DT" value="1117.000000" />
  <attribute name="Output H" value="2092630016"/>
  <attribute name="Output I" value="200"/>
  <attribute name="Output T" value="4"/>
  <attribute name="Target GC Util Change" value ="20.000000" />
  <attribute name="Current GC Util Change" value="0.000000"/>
  <attribute name="GC Util currently" value="0" />
  <attribute name="CPU Util currently" value="1" />
<allocation-satisfied id="1014" threadId="0000000001BE5400" bytesRequested="832" />
<af-end id="1015" timestamp="2019-06-20T23:34:14.634" threadId="0000000001BE5D88" success="true" from="nursery"/>
<exclusive-end id="1016" timestamp="2019-06-20T23:34:14.634" durationms="2.457" />

<exclusive-start id="1017" timestamp="2019-06-20T23:34:16.021" intervalms="1388.922">
  <response-info timems="0.049" idlems="0.026" threads="1" lastid="0000000001BD6400" lastname="node-19" />
</exclusive-start>
<af-start id="1018" threadId="0000000001BD3188" totalBytesRequested="32" timestamp="2019-06-20T23:34:16.021" intervalms="1388.874" type="nursery" />
<cycle-start id="1019" type="scavenge" contextid="0" timestamp="2019-06-20T23:34:16.021" intervalms="1388.813" />
<gc-start id="1020" type="scavenge" contextid="1019" timestamp="2019-06-20T23:34:16.021">
  <mem-info id="1021" free="2080581656" total="2092630016" percent="99">
    <mem type="nursery" free="0" total="2883584" percent="0">
      <mem type="allocate" free="0" total="2555904" percent="0" />
      <mem type="survivor" free="0" total="327680" percent="0" />
    </mem>
    <mem type="tenure" free="2080581656" total="2089746432" percent="99">
      <mem type="soa" free="1976094744" total="1985259520" percent="99" />
      <mem type="loa" free="104486912" total="104486912" percent="100" />
    </mem>
    <remembered-set count="374" />
  </mem-info>
</gc-start>
<allocation-stats totalBytes="2397904" >
  <allocated-bytes non-tlh="832" tlh="2397072" />
  <largest-consumer threadName="node-3" threadId="0000000001BE9000" bytes="106496" />
</allocation-stats>
<gc-op id="1022" type="scavenge" timems="0.535" contextid="1019" timestamp="2019-06-20T23:34:16.021">
  <scavenger-info tenureage="2" tenuremask="4004" tiltratio="88" />
  <memory-copied type="nursery" objects="2986" bytes="73832" bytesdiscarded="82840" />
  <memory-copied type="tenure" objects="1318" bytes="31632" bytesdiscarded="0" />
</gc-op>
<gc-end id="1023" type="scavenge" contextid="1019" durationms="0.928" usertimems="0.000" systemtimems="0.000" timestamp="2019-06-20T23:34:16.022" activeThreads="4">
  <mem-info id="1024" free="2082941720" total="2092630016" percent="99">
    <mem type="nursery" free="2399232" total="2883584" percent="83">
      <mem type="allocate" free="2399232" total="2555904" percent="93" />
      <mem type="survivor" free="0" total="327680" percent="0" />
    </mem>
    <mem type="tenure" free="2080542488" total="2089746432" percent="99" macro-fragmented="1500163">
      <mem type="soa" free="1976055576" total="1985259520" percent="99" />
      <mem type="loa" free="104486912" total="104486912" percent="100" />
    </mem>
    <remembered-set count="305" />
  </mem-info>
</gc-end>
<cycle-end id="1025" type="scavenge" contextid="1019" timestamp="2019-06-20T23:34:16.022" />
  <attribute name="elasticGC enabled" value="1" />
  <attribute name= "numThreadsSpecified" value="4" />
  <attribute name="heapSize specified" value="8912896" />
  <attribute name="Current GC Util" value="0" />
  <attribute name= "Current Time Running" value="91632" />
  <attribute name ="GC Interval" value="200" />
  <attribute name="ProportionalT" value="-30.000000" />
  <attribute name="ProportionalI" value="-30.000000" />
  <attribute name="ProportionalH" value="-30.000000" />
  <attribute name="Current Error" value="-20.000000" />
  <attribute name="IntegralT" value="-27760.000000" />
  <attribute name="IntegralI" value="-27760.000000" />
  <attribute name="IntegralH" value="-27760.000000" />
  <attribute name="DerivativeT" value="-0.014409" />
  <attribute name="DerivativeI" value="-0.014409" />
  <attribute name="DerivativeH" value="-0.014409" />
  <attribute name="Loop Time for DT" value="1388.000000" />
  <attribute name="Output H" value="2092630016"/>
  <attribute name="Output I" value="200"/>
  <attribute name="Output T" value="4"/>
  <attribute name="Target GC Util Change" value ="20.000000" />
  <attribute name="Current GC Util Change" value="0.000000"/>
  <attribute name="GC Util currently" value="0" />
  <attribute name="CPU Util currently" value="0" />
<allocation-satisfied id="1026" threadId="0000000001BD2800" bytesRequested="32" />
<af-end id="1027" timestamp="2019-06-20T23:34:16.022" threadId="0000000001BD3188" success="true" from="nursery"/>
<exclusive-end id="1028" timestamp="2019-06-20T23:34:16.022" durationms="1.485" />

<exclusive-start id="1029" timestamp="2019-06-20T23:34:17.167" intervalms="1146.051">
  <response-info timems="0.035" idlems="0.035" threads="0" lastid="0000000001BF4300" lastname="node-12" />
</exclusive-start>
<af-start id="1030" threadId="0000000001BF4C88" totalBytesRequested="24" timestamp="2019-06-20T23:34:17.167" intervalms="1146.054" type="nursery" />
<cycle-start id="1031" type="scavenge" contextid="0" timestamp="2019-06-20T23:34:17.167" intervalms="1146.065" />
<gc-start id="1032" type="scavenge" contextid="1031" timestamp="2019-06-20T23:34:17.167">
  <mem-info id="1033" free="2080542488" total="2092630016" percent="99">
    <mem type="nursery" free="0" total="2883584" percent="0">
      <mem type="allocate" free="0" total="2555904" percent="0" />
      <mem type="survivor" free="0" total="327680" percent="0" />
    </mem>
    <mem type="tenure" free="2080542488" total="2089746432" percent="99">
      <mem type="soa" free="1976055576" total="1985259520" percent="99" />
      <mem type="loa" free="104486912" total="104486912" percent="100" />
    </mem>
    <remembered-set count="373" />
  </mem-info>
</gc-start>
<allocation-stats totalBytes="2398376" >
  <allocated-bytes non-tlh="32" tlh="2398344" />
  <largest-consumer threadName="node-6" threadId="0000000001BD2800" bytes="122912" />
</allocation-stats>
<gc-op id="1034" type="scavenge" timems="0.472" contextid="1031" timestamp="2019-06-20T23:34:17.167">
  <scavenger-info tenureage="2" tenuremask="4004" tiltratio="88" />
  <memory-copied type="nursery" objects="2618" bytes="65272" bytesdiscarded="91400" />
  <memory-copied type="tenure" objects="1724" bytes="41376" bytesdiscarded="0" />
</gc-op>
<gc-end id="1035" type="scavenge" contextid="1031" durationms="1.001" usertimems="4.000" systemtimems="0.000" timestamp="2019-06-20T23:34:17.168" activeThreads="4">
  <mem-info id="1036" free="2082863384" total="2092630016" percent="99">
    <mem type="nursery" free="2399232" total="2883584" percent="83">
      <mem type="allocate" free="2399232" total="2555904" percent="93" />
      <mem type="survivor" free="0" total="327680" percent="0" />
    </mem>
    <mem type="tenure" free="2080464152" total="2089746432" percent="99" macro-fragmented="0">
      <mem type="soa" free="1975977240" total="1985259520" percent="99" />
      <mem type="loa" free="104486912" total="104486912" percent="100" />
    </mem>
    <remembered-set count="301" />
  </mem-info>
</gc-end>
<cycle-end id="1037" type="scavenge" contextid="1031" timestamp="2019-06-20T23:34:17.168" />
  <attribute name="elasticGC enabled" value="1" />
  <attribute name= "numThreadsSpecified" value="4" />
  <attribute name="heapSize specified" value="8912896" />
  <attribute name="Current GC Util" value="0" />
  <attribute name= "Current Time Running" value="92778" />
  <attribute name ="GC Interval" value="200" />
  <attribute name="ProportionalT" value="-30.000000" />
  <attribute name="ProportionalI" value="-30.000000" />
  <attribute name="ProportionalH" value="-30.000000" />
  <attribute name="Current Error" value="-20.000000" />
  <attribute name="IntegralT" value="-22920.000000" />
  <attribute name="IntegralI" value="-22920.000000" />
  <attribute name="IntegralH" value="-22920.000000" />
  <attribute name="DerivativeT" value="-0.017452" />
  <attribute name="DerivativeI" value="-0.017452" />
  <attribute name="DerivativeH" value="-0.017452" />
  <attribute name="Loop Time for DT" value="1146.000000" />
  <attribute name="Output H" value="2092630016"/>
  <attribute name="Output I" value="200"/>
  <attribute name="Output T" value="4"/>
  <attribute name="Target GC Util Change" value ="20.000000" />
  <attribute name="Current GC Util Change" value="0.000000"/>
  <attribute name="GC Util currently" value="0" />
  <attribute name="CPU Util currently" value="0" />
<allocation-satisfied id="1038" threadId="0000000001BF4300" bytesRequested="24" />
<af-end id="1039" timestamp="2019-06-20T23:34:17.168" threadId="0000000001BF4C88" success="true" from="nursery"/>
<exclusive-end id="1040" timestamp="2019-06-20T23:34:17.168" durationms="1.500" />

<exclusive-start id="1041" timestamp="2019-06-20T23:34:18.334" intervalms="1167.454">
  <response-info timems="0.080" idlems="0.033" threads="2" lastid="0000000001BFBB00" lastname="node-7" />
</exclusive-start>
<af-start id="1042" threadId="0000000001BF4C88" totalBytesRequested="16" timestamp="2019-06-20T23:34:18.334" intervalms="1167.560" type="nursery" />
<cycle-start id="1043" type="scavenge" contextid="0" timestamp="2019-06-20T23:34:18.334" intervalms="1167.543" />
<gc-start id="1044" type="scavenge" contextid="1043" timestamp="2019-06-20T23:34:18.334">
  <mem-info id="1045" free="2080464152" total="2092630016" percent="99">
    <mem type="nursery" free="0" total="2883584" percent="0">
      <mem type="allocate" free="0" total="2555904" percent="0" />
      <mem type="survivor" free="0" total="327680" percent="0" />
    </mem>
    <mem type="tenure" free="2080464152" total="2089746432" percent="99">
      <mem type="soa" free="1975977240" total="1985259520" percent="99" />
      <mem type="loa" free="104486912" total="104486912" percent="100" />
    </mem>
    <remembered-set count="368" />
  </mem-info>
</gc-start>
<allocation-stats totalBytes="2396296" >
  <allocated-bytes non-tlh="24" tlh="2396272" />
  <largest-consumer threadName="node-16" threadId="0000000001C0AB00" bytes="118728" />
</allocation-stats>
<gc-op id="1046" type="scavenge" timems="0.424" contextid="1043" timestamp="2019-06-20T23:34:18.335">
  <scavenger-info tenureage="2" tenuremask="4004" tiltratio="88" />
  <memory-copied type="nursery" objects="2431" bytes="64784" bytesdiscarded="91888" />
  <memory-copied type="tenure" objects="1117" bytes="26808" bytesdiscarded="0" />
</gc-op>
<gc-end id="1047" type="scavenge" contextid="1043" durationms="0.938" usertimems="0.000" systemtimems="0.000" timestamp="2019-06-20T23:34:18.335" activeThreads="4">
  <mem-info id="1048" free="2082863384" total="2092630016" percent="99">
    <mem type="nursery" free="2399232" total="2883584" percent="83">
      <mem type="allocate" free="2399232" total="2555904" percent="93" />
      <mem type="survivor" free="0" total="327680" percent="0" />
    </mem>
    <mem type="tenure" free="2080464152" total="2089746432" percent="99" macro-fragmented="1800196">
      <mem type="soa" free="1975977240" total="1985259520" percent="99" />
      <mem type="loa" free="104486912" total="104486912" percent="100" />
    </mem>
    <remembered-set count="300" />
  </mem-info>
</gc-end>
<cycle-end id="1049" type="scavenge" contextid="1043" timestamp="2019-06-20T23:34:18.335" />
  <attribute name="elasticGC enabled" value="1" />
  <attribute name= "numThreadsSpecified" value="4" />
  <attribute name="heapSize specified" value="8912896" />
  <attribute name="Current GC Util" value="0" />
  <attribute name= "Current Time Running" value="93946" />
  <attribute name ="GC Interval" value="200" />
  <attribute name="ProportionalT" value="-30.000000" />
  <attribute name="ProportionalI" value="-30.000000" />
  <attribute name="ProportionalH" value="-30.000000" />
  <attribute name="Current Error" value="-20.000000" />
  <attribute name="IntegralT" value="-23360.000000" />
  <attribute name="IntegralI" value="-23360.000000" />
  <attribute name="IntegralH" value="-23360.000000" />
  <attribute name="DerivativeT" value="-0.017123" />
  <attribute name="DerivativeI" value="-0.017123" />
  <attribute name="DerivativeH" value="-0.017123" />
  <attribute name="Loop Time for DT" value="1168.000000" />
  <attribute name="Output H" value="2092630016"/>
  <attribute name="Output I" value="200"/>
  <attribute name="Output T" value="4"/>
  <attribute name="Target GC Util Change" value ="20.000000" />
  <attribute name="Current GC Util Change" value="0.000000"/>
  <attribute name="GC Util currently" value="0" />
  <attribute name="CPU Util currently" value="0" />
<allocation-satisfied id="1050" threadId="0000000001BF4300" bytesRequested="16" />
<af-end id="1051" timestamp="2019-06-20T23:34:18.336" threadId="0000000001BF4C88" success="true" from="nursery"/>
<exclusive-end id="1052" timestamp="2019-06-20T23:34:18.336" durationms="1.581" />

<exclusive-start id="1053" timestamp="2019-06-20T23:34:19.747" intervalms="1412.897">
  <response-info timems="0.034" idlems="0.034" threads="0" lastid="0000000001BCEC00" lastname="node-0" />
</exclusive-start>
<af-start id="1054" threadId="0000000001BCF588" totalBytesRequested="16" timestamp="2019-06-20T23:34:19.747" intervalms="1412.794" type="nursery" />
<cycle-start id="1055" type="scavenge" contextid="0" timestamp="2019-06-20T23:34:19.747" intervalms="1412.805" />
<gc-start id="1056" type="scavenge" contextid="1055" timestamp="2019-06-20T23:34:19.747">
  <mem-info id="1057" free="2080464152" total="2092630016" percent="99">
    <mem type="nursery" free="0" total="2883584" percent="0">
      <mem type="allocate" free="0" total="2555904" percent="0" />
      <mem type="survivor" free="0" total="327680" percent="0" />
    </mem>
    <mem type="tenure" free="2080464152" total="2089746432" percent="99">
      <mem type="soa" free="1975977240" total="1985259520" percent="99" />
      <mem type="loa" free="104486912" total="104486912" percent="100" />
    </mem>
    <remembered-set count="368" />
  </mem-info>
</gc-start>
<allocation-stats totalBytes="2393976" >
  <allocated-bytes non-tlh="16" tlh="2393960" />
  <largest-consumer threadName="node-20" threadId="0000000001C06F00" bytes="106472" />
</allocation-stats>
<gc-op id="1058" type="scavenge" timems="0.758" contextid="1055" timestamp="2019-06-20T23:34:19.748">
  <scavenger-info tenureage="2" tenuremask="4004" tiltratio="88" />
  <memory-copied type="nursery" objects="2047" bytes="48816" bytesdiscarded="68688" />
  <memory-copied type="tenure" objects="1357" bytes="32568" bytesdiscarded="0" />
</gc-op>
<gc-end id="1059" type="scavenge" contextid="1055" durationms="1.125" usertimems="0.000" systemtimems="4.000" timestamp="2019-06-20T23:34:19.748" activeThreads="4">
  <mem-info id="1060" free="2082863384" total="2092630016" percent="99">
    <mem type="nursery" free="2438400" total="2883584" percent="84">
      <mem type="allocate" free="2438400" total="2555904" percent="95" />
      <mem type="survivor" free="0" total="327680" percent="0" />
    </mem>
    <mem type="tenure" free="2080424984" total="2089746432" percent="99" macro-fragmented="0">
      <mem type="soa" free="1975938072" total="1985259520" percent="99" />
      <mem type="loa" free="104486912" total="104486912" percent="100" />
    </mem>
    <remembered-set count="276" />
  </mem-info>
</gc-end>
<cycle-end id="1061" type="scavenge" contextid="1055" timestamp="2019-06-20T23:34:19.748" />
  <attribute name="elasticGC enabled" value="1" />
  <attribute name= "numThreadsSpecified" value="4" />
  <attribute name="heapSize specified" value="8912896" />
  <attribute name="Current GC Util" value="0" />
  <attribute name= "Current Time Running" value="95359" />
  <attribute name ="GC Interval" value="200" />
  <attribute name="ProportionalT" value="-30.000000" />
  <attribute name="ProportionalI" value="-30.000000" />
  <attribute name="ProportionalH" value="-30.000000" />
  <attribute name="Current Error" value="-20.000000" />
  <attribute name="IntegralT" value="-28260.000000" />
  <attribute name="IntegralI" value="-28260.000000" />
  <attribute name="IntegralH" value="-28260.000000" />
  <attribute name="DerivativeT" value="-0.014154" />
  <attribute name="DerivativeI" value="-0.014154" />
  <attribute name="DerivativeH" value="-0.014154" />
  <attribute name="Loop Time for DT" value="1413.000000" />
  <attribute name="Output H" value="2092630016"/>
  <attribute name="Output I" value="200"/>
  <attribute name="Output T" value="4"/>
  <attribute name="Target GC Util Change" value ="20.000000" />
  <attribute name="Current GC Util Change" value="0.000000"/>
  <attribute name="GC Util currently" value="0" />
  <attribute name="CPU Util currently" value="0" />
<allocation-satisfied id="1062" threadId="0000000001BCEC00" bytesRequested="16" />
<af-end id="1063" timestamp="2019-06-20T23:34:19.749" threadId="0000000001BCF588" success="true" from="nursery"/>
<exclusive-end id="1064" timestamp="2019-06-20T23:34:19.749" durationms="1.759" />

<exclusive-start id="1065" timestamp="2019-06-20T23:34:21.025" intervalms="1277.894">
  <response-info timems="0.041" idlems="0.041" threads="0" lastid="0000000001BF4300" lastname="node-12" />
</exclusive-start>
<af-start id="1066" threadId="0000000001BF4C88" totalBytesRequested="32" timestamp="2019-06-20T23:34:21.025" intervalms="1277.973" type="nursery" />
<cycle-start id="1067" type="scavenge" contextid="0" timestamp="2019-06-20T23:34:21.025" intervalms="1277.994" />
<gc-start id="1068" type="scavenge" contextid="1067" timestamp="2019-06-20T23:34:21.025">
  <mem-info id="1069" free="2080424984" total="2092630016" percent="99">
    <mem type="nursery" free="0" total="2883584" percent="0">
      <mem type="allocate" free="0" total="2555904" percent="0" />
      <mem type="survivor" free="0" total="327680" percent="0" />
    </mem>
    <mem type="tenure" free="2080424984" total="2089746432" percent="99">
      <mem type="soa" free="1975938072" total="1985259520" percent="99" />
      <mem type="loa" free="104486912" total="104486912" percent="100" />
    </mem>
    <remembered-set count="368" />
  </mem-info>
</gc-start>
<allocation-stats totalBytes="2437824" >
  <allocated-bytes non-tlh="16" tlh="2437808" />
  <largest-consumer threadName="node-21" threadId="0000000001C15F00" bytes="118736" />
</allocation-stats>
<gc-op id="1070" type="scavenge" timems="1.302" contextid="1067" timestamp="2019-06-20T23:34:21.027">
  <scavenger-info tenureage="2" tenuremask="4004" tiltratio="88" />
  <memory-copied type="nursery" objects="2572" bytes="60808" bytesdiscarded="95864" />
  <memory-copied type="tenure" objects="925" bytes="22200" bytesdiscarded="0" />
</gc-op>
<gc-end id="1071" type="scavenge" contextid="1067" durationms="1.724" usertimems="0.000" systemtimems="0.000" timestamp="2019-06-20T23:34:21.027" activeThreads="4">
  <mem-info id="1072" free="2082785048" total="2092630016" percent="99">
    <mem type="nursery" free="2399232" total="2883584" percent="83">
      <mem type="allocate" free="2399232" total="2555904" percent="93" />
      <mem type="survivor" free="0" total="327680" percent="0" />
    </mem>
    <mem type="tenure" free="2080385816" total="2089746432" percent="99" macro-fragmented="0">
      <mem type="soa" free="1975898904" total="1985259520" percent="99" />
      <mem type="loa" free="104486912" total="104486912" percent="100" />
    </mem>
    <remembered-set count="277" />
  </mem-info>
</gc-end>
<cycle-end id="1073" type="scavenge" contextid="1067" timestamp="2019-06-20T23:34:21.027" />
  <attribute name="elasticGC enabled" value="1" />
  <attribute name= "numThreadsSpecified" value="4" />
  <attribute name="heapSize specified" value="8912896" />
  <attribute name="Current GC Util" value="0" />
  <attribute name= "Current Time Running" value="96637" />
  <attribute name ="GC Interval" value="200" />
  <attribute name="ProportionalT" value="-30.000000" />
  <attribute name="ProportionalI" value="-30.000000" />
  <attribute name="ProportionalH" value="-30.000000" />
  <attribute name="Current Error" value="-20.000000" />
  <attribute name="IntegralT" value="-25560.000000" />
  <attribute name="IntegralI" value="-25560.000000" />
  <attribute name="IntegralH" value="-25560.000000" />
  <attribute name="DerivativeT" value="-0.015649" />
  <attribute name="DerivativeI" value="-0.015649" />
  <attribute name="DerivativeH" value="-0.015649" />
  <attribute name="Loop Time for DT" value="1278.000000" />
  <attribute name="Output H" value="2092630016"/>
  <attribute name="Output I" value="200"/>
  <attribute name="Output T" value="4"/>
  <attribute name="Target GC Util Change" value ="20.000000" />
  <attribute name="Current GC Util Change" value="0.000000"/>
  <attribute name="GC Util currently" value="0" />
  <attribute name="CPU Util currently" value="0" />
<allocation-satisfied id="1074" threadId="0000000001BF4300" bytesRequested="32" />
<af-end id="1075" timestamp="2019-06-20T23:34:21.027" threadId="0000000001BF4C88" success="true" from="nursery"/>
<exclusive-end id="1076" timestamp="2019-06-20T23:34:21.027" durationms="2.602" />

<exclusive-start id="1077" timestamp="2019-06-20T23:34:22.065" intervalms="1040.454">
  <response-info timems="0.048" idlems="0.025" threads="1" lastid="0000000001BE5400" lastname="node-2" />
</exclusive-start>
<af-start id="1078" threadId="0000000001BD3188" totalBytesRequested="32" timestamp="2019-06-20T23:34:22.065" intervalms="1040.371" type="nursery" />
<cycle-start id="1079" type="scavenge" contextid="0" timestamp="2019-06-20T23:34:22.065" intervalms="1040.353" />
<gc-start id="1080" type="scavenge" contextid="1079" timestamp="2019-06-20T23:34:22.066">
  <mem-info id="1081" free="2080385816" total="2092630016" percent="99">
    <mem type="nursery" free="0" total="2883584" percent="0">
      <mem type="allocate" free="0" total="2555904" percent="0" />
      <mem type="survivor" free="0" total="327680" percent="0" />
    </mem>
    <mem type="tenure" free="2080385816" total="2089746432" percent="99">
      <mem type="soa" free="1975898904" total="1985259520" percent="99" />
      <mem type="loa" free="104486912" total="104486912" percent="100" />
    </mem>
    <remembered-set count="368" />
  </mem-info>
</gc-start>
<allocation-stats totalBytes="2389472" >
  <allocated-bytes non-tlh="32" tlh="2389440" />
  <largest-consumer threadName="node-2" threadId="0000000001BE5400" bytes="106128" />
</allocation-stats>
<gc-op id="1082" type="scavenge" timems="0.520" contextid="1079" timestamp="2019-06-20T23:34:22.066">
  <scavenger-info tenureage="2" tenuremask="4004" tiltratio="88" />
  <memory-copied type="nursery" objects="2993" bytes="74000" bytesdiscarded="82672" />
  <memory-copied type="tenure" objects="999" bytes="23976" bytesdiscarded="0" />
</gc-op>
<gc-end id="1083" type="scavenge" contextid="1079" durationms="1.163" usertimems="4.000" systemtimems="0.000" timestamp="2019-06-20T23:34:22.067" activeThreads="4">
  <mem-info id="1084" free="2082745880" total="2092630016" percent="99">
    <mem type="nursery" free="2399232" total="2883584" percent="83">
      <mem type="allocate" free="2399232" total="2555904" percent="93" />
      <mem type="survivor" free="0" total="327680" percent="0" />
    </mem>
    <mem type="tenure" free="2080346648" total="2089746432" percent="99" macro-fragmented="0">
      <mem type="soa" free="1975859736" total="1985259520" percent="99" />
      <mem type="loa" free="104486912" total="104486912" percent="100" />
    </mem>
    <remembered-set count="303" />
  </mem-info>
</gc-end>
<cycle-end id="1085" type="scavenge" contextid="1079" timestamp="2019-06-20T23:34:22.067" />
  <attribute name="elasticGC enabled" value="1" />
  <attribute name= "numThreadsSpecified" value="4" />
  <attribute name="heapSize specified" value="8912896" />
  <attribute name="Current GC Util" value="0" />
  <attribute name= "Current Time Running" value="97677" />
  <attribute name ="GC Interval" value="200" />
  <attribute name="ProportionalT" value="-30.000000" />
  <attribute name="ProportionalI" value="-30.000000" />
  <attribute name="ProportionalH" value="-30.000000" />
  <attribute name="Current Error" value="-20.000000" />
  <attribute name="IntegralT" value="-20800.000000" />
  <attribute name="IntegralI" value="-20800.000000" />
  <attribute name="IntegralH" value="-20800.000000" />
  <attribute name="DerivativeT" value="-0.019231" />
  <attribute name="DerivativeI" value="-0.019231" />
  <attribute name="DerivativeH" value="-0.019231" />
  <attribute name="Loop Time for DT" value="1040.000000" />
  <attribute name="Output H" value="2092630016"/>
  <attribute name="Output I" value="200"/>
  <attribute name="Output T" value="4"/>
  <attribute name="Target GC Util Change" value ="20.000000" />
  <attribute name="Current GC Util Change" value="0.000000"/>
  <attribute name="GC Util currently" value="0" />
  <attribute name="CPU Util currently" value="0" />
<allocation-satisfied id="1086" threadId="0000000001BD2800" bytesRequested="32" />
<af-end id="1087" timestamp="2019-06-20T23:34:22.067" threadId="0000000001BD3188" success="true" from="nursery"/>
<exclusive-end id="1088" timestamp="2019-06-20T23:34:22.067" durationms="1.616" />

<exclusive-start id="1089" timestamp="2019-06-20T23:34:23.359" intervalms="1294.129">
  <response-info timems="0.060" idlems="0.035" threads="1" lastid="0000000001BDA000" lastname="node-8" />
</exclusive-start>
<af-start id="1090" threadId="0000000001BD6D88" totalBytesRequested="24" timestamp="2019-06-20T23:34:23.360" intervalms="1294.149" type="nursery" />
<cycle-start id="1091" type="scavenge" contextid="0" timestamp="2019-06-20T23:34:23.360" intervalms="1294.142" />
<gc-start id="1092" type="scavenge" contextid="1091" timestamp="2019-06-20T23:34:23.360">
  <mem-info id="1093" free="2080346648" total="2092630016" percent="99">
    <mem type="nursery" free="0" total="2883584" percent="0">
      <mem type="allocate" free="0" total="2555904" percent="0" />
      <mem type="survivor" free="0" total="327680" percent="0" />
    </mem>
    <mem type="tenure" free="2080346648" total="2089746432" percent="99">
      <mem type="soa" free="1975859736" total="1985259520" percent="99" />
      <mem type="loa" free="104486912" total="104486912" percent="100" />
    </mem>
    <remembered-set count="370" />
  </mem-info>
</gc-start>
<allocation-stats totalBytes="2397792" >
  <allocated-bytes non-tlh="32" tlh="2397760" />
  <largest-consumer threadName="node-14" threadId="0000000001BB8500" bytes="118664" />
</allocation-stats>
<gc-op id="1094" type="scavenge" timems="0.448" contextid="1091" timestamp="2019-06-20T23:34:23.360">
  <scavenger-info tenureage="2" tenuremask="4004" tiltratio="88" />
  <memory-copied type="nursery" objects="2643" bytes="62520" bytesdiscarded="94152" />
  <memory-copied type="tenure" objects="1458" bytes="34992" bytesdiscarded="0" />
</gc-op>
<gc-end id="1095" type="scavenge" contextid="1091" durationms="1.004" usertimems="0.000" systemtimems="0.000" timestamp="2019-06-20T23:34:23.361" activeThreads="4">
  <mem-info id="1096" free="2082706712" total="2092630016" percent="99">
    <mem type="nursery" free="2399232" total="2883584" percent="83">
      <mem type="allocate" free="2399232" total="2555904" percent="93" />
      <mem type="survivor" free="0" total="327680" percent="0" />
    </mem>
    <mem type="tenure" free="2080307480" total="2089746432" percent="99" macro-fragmented="1250136">
      <mem type="soa" free="1975820568" total="1985259520" percent="99" />
      <mem type="loa" free="104486912" total="104486912" percent="100" />
    </mem>
    <remembered-set count="278" />
  </mem-info>
</gc-end>
<cycle-end id="1097" type="scavenge" contextid="1091" timestamp="2019-06-20T23:34:23.361" />
  <attribute name="elasticGC enabled" value="1" />
  <attribute name= "numThreadsSpecified" value="4" />
  <attribute name="heapSize specified" value="8912896" />
  <attribute name="Current GC Util" value="0" />
  <attribute name= "Current Time Running" value="98971" />
  <attribute name ="GC Interval" value="200" />
  <attribute name="ProportionalT" value="-30.000000" />
  <attribute name="ProportionalI" value="-30.000000" />
  <attribute name="ProportionalH" value="-30.000000" />
  <attribute name="Current Error" value="-20.000000" />
  <attribute name="IntegralT" value="-25880.000000" />
  <attribute name="IntegralI" value="-25880.000000" />
  <attribute name="IntegralH" value="-25880.000000" />
  <attribute name="DerivativeT" value="-0.015456" />
  <attribute name="DerivativeI" value="-0.015456" />
  <attribute name="DerivativeH" value="-0.015456" />
  <attribute name="Loop Time for DT" value="1294.000000" />
  <attribute name="Output H" value="2092630016"/>
  <attribute name="Output I" value="200"/>
  <attribute name="Output T" value="4"/>
  <attribute name="Target GC Util Change" value ="20.000000" />
  <attribute name="Current GC Util Change" value="0.000000"/>
  <attribute name="GC Util currently" value="0" />
  <attribute name="CPU Util currently" value="3563716765" />
<allocation-satisfied id="1098" threadId="0000000001BD6400" bytesRequested="24" />
<af-end id="1099" timestamp="2019-06-20T23:34:23.361" threadId="0000000001BD6D88" success="true" from="nursery"/>
<exclusive-end id="1100" timestamp="2019-06-20T23:34:23.361" durationms="1.524" />

<exclusive-start id="1101" timestamp="2019-06-20T23:34:24.751" intervalms="1391.211">
  <response-info timems="0.038" idlems="0.038" threads="0" lastid="0000000001BCEC00" lastname="node-0" />
</exclusive-start>
<af-start id="1102" threadId="0000000001BCF588" totalBytesRequested="32" timestamp="2019-06-20T23:34:24.751" intervalms="1391.252" type="nursery" />
<cycle-start id="1103" type="scavenge" contextid="0" timestamp="2019-06-20T23:34:24.751" intervalms="1391.314" />
<gc-start id="1104" type="scavenge" contextid="1103" timestamp="2019-06-20T23:34:24.751">
  <mem-info id="1105" free="2080307480" total="2092630016" percent="99">
    <mem type="nursery" free="0" total="2883584" percent="0">
      <mem type="allocate" free="0" total="2555904" percent="0" />
      <mem type="survivor" free="0" total="327680" percent="0" />
    </mem>
    <mem type="tenure" free="2080307480" total="2089746432" percent="99">
      <mem type="soa" free="1975820568" total="1985259520" percent="99" />
      <mem type="loa" free="104486912" total="104486912" percent="100" />
    </mem>
    <remembered-set count="371" />
  </mem-info>
</gc-start>
<allocation-stats totalBytes="2397696" >
  <allocated-bytes non-tlh="24" tlh="2397672" />
  <largest-consumer threadName="node-1" threadId="0000000001BFF700" bytes="106480" />
</allocation-stats>
<gc-op id="1106" type="scavenge" timems="0.466" contextid="1103" timestamp="2019-06-20T23:34:24.752">
  <scavenger-info tenureage="2" tenuremask="4004" tiltratio="88" />
  <memory-copied type="nursery" objects="2534" bytes="59896" bytesdiscarded="96776" />
  <memory-copied type="tenure" objects="1390" bytes="33360" bytesdiscarded="0" />
</gc-op>
<gc-end id="1107" type="scavenge" contextid="1103" durationms="0.899" usertimems="0.000" systemtimems="0.000" timestamp="2019-06-20T23:34:24.752" activeThreads="4">
  <mem-info id="1108" free="2082706712" total="2092630016" percent="99">
    <mem type="nursery" free="2399232" total="2883584" percent="83">
      <mem type="allocate" free="2399232" total="2555904" percent="93" />
      <mem type="survivor" free="0" total="327680" percent="0" />
    </mem>
    <mem type="tenure" free="2080307480" total="2089746432" percent="99" macro-fragmented="0">
      <mem type="soa" free="1975820568" total="1985259520" percent="99" />
      <mem type="loa" free="104486912" total="104486912" percent="100" />
    </mem>
    <remembered-set count="278" />
  </mem-info>
</gc-end>
<cycle-end id="1109" type="scavenge" contextid="1103" timestamp="2019-06-20T23:34:24.752" />
  <attribute name="elasticGC enabled" value="1" />
  <attribute name= "numThreadsSpecified" value="4" />
  <attribute name="heapSize specified" value="8912896" />
  <attribute name="Current GC Util" value="0" />
  <attribute name= "Current Time Running" value="100363" />
  <attribute name ="GC Interval" value="200" />
  <attribute name="ProportionalT" value="-30.000000" />
  <attribute name="ProportionalI" value="-30.000000" />
  <attribute name="ProportionalH" value="-30.000000" />
  <attribute name="Current Error" value="-20.000000" />
  <attribute name="IntegralT" value="-27840.000000" />
  <attribute name="IntegralI" value="-27840.000000" />
  <attribute name="IntegralH" value="-27840.000000" />
  <attribute name="DerivativeT" value="-0.014368" />
  <attribute name="DerivativeI" value="-0.014368" />
  <attribute name="DerivativeH" value="-0.014368" />
  <attribute name="Loop Time for DT" value="1392.000000" />
  <attribute name="Output H" value="2092630016"/>
  <attribute name="Output I" value="200"/>
  <attribute name="Output T" value="4"/>
  <attribute name="Target GC Util Change" value ="20.000000" />
  <attribute name="Current GC Util Change" value="0.000000"/>
  <attribute name="GC Util currently" value="0" />
  <attribute name="CPU Util currently" value="1" />
<allocation-satisfied id="1110" threadId="0000000001BCEC00" bytesRequested="32" />
<af-end id="1111" timestamp="2019-06-20T23:34:24.752" threadId="0000000001BCF588" success="true" from="nursery"/>
<exclusive-end id="1112" timestamp="2019-06-20T23:34:24.752" durationms="1.837" />

<exclusive-start id="1113" timestamp="2019-06-20T23:34:25.957" intervalms="1206.445">
  <response-info timems="0.070" idlems="0.070" threads="0" lastid="0000000001BFF700" lastname="node-1" />
</exclusive-start>
<af-start id="1114" threadId="0000000001C00088" totalBytesRequested="32" timestamp="2019-06-20T23:34:25.957" intervalms="1206.408" type="nursery" />
<cycle-start id="1115" type="scavenge" contextid="0" timestamp="2019-06-20T23:34:25.957" intervalms="1206.358" />
<gc-start id="1116" type="scavenge" contextid="1115" timestamp="2019-06-20T23:34:25.957">
  <mem-info id="1117" free="2080307480" total="2092630016" percent="99">
    <mem type="nursery" free="0" total="2883584" percent="0">
      <mem type="allocate" free="0" total="2555904" percent="0" />
      <mem type="survivor" free="0" total="327680" percent="0" />
    </mem>
    <mem type="tenure" free="2080307480" total="2089746432" percent="99">
      <mem type="soa" free="1975820568" total="1985259520" percent="99" />
      <mem type="loa" free="104486912" total="104486912" percent="100" />
    </mem>
    <remembered-set count="370" />
  </mem-info>
</gc-start>
<allocation-stats totalBytes="2398232" >
  <allocated-bytes non-tlh="32" tlh="2398200" />
  <largest-consumer threadName="node-19" threadId="0000000001BD6400" bytes="118744" />
</allocation-stats>
<gc-op id="1118" type="scavenge" timems="1.205" contextid="1115" timestamp="2019-06-20T23:34:25.959">
  <scavenger-info tenureage="2" tenuremask="4004" tiltratio="88" />
  <memory-copied type="nursery" objects="2499" bytes="61688" bytesdiscarded="94984" />
  <memory-copied type="tenure" objects="1137" bytes="27288" bytesdiscarded="0" />
</gc-op>
<gc-end id="1119" type="scavenge" contextid="1115" durationms="1.668" usertimems="4.000" systemtimems="0.000" timestamp="2019-06-20T23:34:25.959" activeThreads="4">
  <mem-info id="1120" free="2082706712" total="2092630016" percent="99">
    <mem type="nursery" free="2399232" total="2883584" percent="83">
      <mem type="allocate" free="2399232" total="2555904" percent="93" />
      <mem type="survivor" free="0" total="327680" percent="0" />
    </mem>
    <mem type="tenure" free="2080307480" total="2089746432" percent="99" macro-fragmented="0">
      <mem type="soa" free="1975820568" total="1985259520" percent="99" />
      <mem type="loa" free="104486912" total="104486912" percent="100" />
    </mem>
    <remembered-set count="301" />
  </mem-info>
</gc-end>
<cycle-end id="1121" type="scavenge" contextid="1115" timestamp="2019-06-20T23:34:25.959" />
  <attribute name="elasticGC enabled" value="1" />
  <attribute name= "numThreadsSpecified" value="4" />
  <attribute name="heapSize specified" value="8912896" />
  <attribute name="Current GC Util" value="0" />
  <attribute name= "Current Time Running" value="101569" />
  <attribute name ="GC Interval" value="200" />
  <attribute name="ProportionalT" value="-30.000000" />
  <attribute name="ProportionalI" value="-30.000000" />
  <attribute name="ProportionalH" value="-30.000000" />
  <attribute name="Current Error" value="-20.000000" />
  <attribute name="IntegralT" value="-24120.000000" />
  <attribute name="IntegralI" value="-24120.000000" />
  <attribute name="IntegralH" value="-24120.000000" />
  <attribute name="DerivativeT" value="-0.016584" />
  <attribute name="DerivativeI" value="-0.016584" />
  <attribute name="DerivativeH" value="-0.016584" />
  <attribute name="Loop Time for DT" value="1206.000000" />
  <attribute name="Output H" value="2092630016"/>
  <attribute name="Output I" value="200"/>
  <attribute name="Output T" value="4"/>
  <attribute name="Target GC Util Change" value ="20.000000" />
  <attribute name="Current GC Util Change" value="0.000000"/>
  <attribute name="GC Util currently" value="0" />
  <attribute name="CPU Util currently" value="0" />
<allocation-satisfied id="1122" threadId="0000000001BFF700" bytesRequested="32" />
<af-end id="1123" timestamp="2019-06-20T23:34:25.959" threadId="0000000001C00088" success="true" from="nursery"/>
<exclusive-end id="1124" timestamp="2019-06-20T23:34:25.959" durationms="2.301" />

<exclusive-start id="1125" timestamp="2019-06-20T23:34:27.412" intervalms="1455.285">
  <response-info timems="0.110" idlems="0.109" threads="1" lastid="0000000001BD2800" lastname="node-6" />
</exclusive-start>
<af-start id="1126" threadId="0000000001BCF588" totalBytesRequested="720" timestamp="2019-06-20T23:34:27.413" intervalms="1456.078" type="nursery" />
<cycle-start id="1127" type="scavenge" contextid="0" timestamp="2019-06-20T23:34:27.413" intervalms="1456.093" />
<gc-start id="1128" type="scavenge" contextid="1127" timestamp="2019-06-20T23:34:27.413">
  <mem-info id="1129" free="2080307480" total="2092630016" percent="99">
    <mem type="nursery" free="0" total="2883584" percent="0">
      <mem type="allocate" free="0" total="2555904" percent="0" />
      <mem type="survivor" free="0" total="327680" percent="0" />
    </mem>
    <mem type="tenure" free="2080307480" total="2089746432" percent="99">
      <mem type="soa" free="1975820568" total="1985259520" percent="99" />
      <mem type="loa" free="104486912" total="104486912" percent="100" />
    </mem>
    <remembered-set count="369" />
  </mem-info>
</gc-start>
<allocation-stats totalBytes="2396264" >
  <allocated-bytes non-tlh="32" tlh="2396232" />
  <largest-consumer threadName="node-14" threadId="0000000001BB8500" bytes="106480" />
</allocation-stats>
<gc-op id="1130" type="scavenge" timems="0.454" contextid="1127" timestamp="2019-06-20T23:34:27.414">
  <scavenger-info tenureage="2" tenuremask="4004" tiltratio="88" />
  <memory-copied type="nursery" objects="2335" bytes="63816" bytesdiscarded="92856" />
  <memory-copied type="tenure" objects="1282" bytes="30768" bytesdiscarded="0" />
</gc-op>
<gc-end id="1131" type="scavenge" contextid="1127" durationms="0.873" usertimems="4.000" systemtimems="0.000" timestamp="2019-06-20T23:34:27.414" activeThreads="4">
  <mem-info id="1132" free="2082667544" total="2092630016" percent="99">
    <mem type="nursery" free="2399232" total="2883584" percent="83">
      <mem type="allocate" free="2399232" total="2555904" percent="93" />
      <mem type="survivor" free="0" total="327680" percent="0" />
    </mem>
    <mem type="tenure" free="2080268312" total="2089746432" percent="99" macro-fragmented="0">
      <mem type="soa" free="1975781400" total="1985259520" percent="99" />
      <mem type="loa" free="104486912" total="104486912" percent="100" />
    </mem>
    <remembered-set count="300" />
  </mem-info>
</gc-end>
<cycle-end id="1133" type="scavenge" contextid="1127" timestamp="2019-06-20T23:34:27.414" />
  <attribute name="elasticGC enabled" value="1" />
  <attribute name= "numThreadsSpecified" value="4" />
  <attribute name="heapSize specified" value="8912896" />
  <attribute name="Current GC Util" value="0" />
  <attribute name= "Current Time Running" value="103025" />
  <attribute name ="GC Interval" value="200" />
  <attribute name="ProportionalT" value="-30.000000" />
  <attribute name="ProportionalI" value="-30.000000" />
  <attribute name="ProportionalH" value="-30.000000" />
  <attribute name="Current Error" value="-20.000000" />
  <attribute name="IntegralT" value="-29120.000000" />
  <attribute name="IntegralI" value="-29120.000000" />
  <attribute name="IntegralH" value="-29120.000000" />
  <attribute name="DerivativeT" value="-0.013736" />
  <attribute name="DerivativeI" value="-0.013736" />
  <attribute name="DerivativeH" value="-0.013736" />
  <attribute name="Loop Time for DT" value="1456.000000" />
  <attribute name="Output H" value="2092630016"/>
  <attribute name="Output I" value="200"/>
  <attribute name="Output T" value="4"/>
  <attribute name="Target GC Util Change" value ="20.000000" />
  <attribute name="Current GC Util Change" value="0.000000"/>
  <attribute name="GC Util currently" value="0" />
  <attribute name="CPU Util currently" value="1" />
<allocation-satisfied id="1134" threadId="0000000001BCEC00" bytesRequested="720" />
<af-end id="1135" timestamp="2019-06-20T23:34:27.415" threadId="0000000001BCF588" success="true" from="nursery"/>
<exclusive-end id="1136" timestamp="2019-06-20T23:34:27.415" durationms="2.292" />

<exclusive-start id="1137" timestamp="2019-06-20T23:34:28.854" intervalms="1441.369">
  <response-info timems="0.042" idlems="0.042" threads="0" lastid="0000000001BC3900" lastname="node-13" />
</exclusive-start>
<af-start id="1138" threadId="0000000001BC4288" totalBytesRequested="32" timestamp="2019-06-20T23:34:28.854" intervalms="1440.550" type="nursery" />
<cycle-start id="1139" type="scavenge" contextid="0" timestamp="2019-06-20T23:34:28.854" intervalms="1440.531" />
<gc-start id="1140" type="scavenge" contextid="1139" timestamp="2019-06-20T23:34:28.854">
  <mem-info id="1141" free="2080268312" total="2092630016" percent="99">
    <mem type="nursery" free="0" total="2883584" percent="0">
      <mem type="allocate" free="0" total="2555904" percent="0" />
      <mem type="survivor" free="0" total="327680" percent="0" />
    </mem>
    <mem type="tenure" free="2080268312" total="2089746432" percent="99">
      <mem type="soa" free="1975781400" total="1985259520" percent="99" />
      <mem type="loa" free="104486912" total="104486912" percent="100" />
    </mem>
    <remembered-set count="370" />
  </mem-info>
</gc-start>
<allocation-stats totalBytes="2397464" >
  <allocated-bytes non-tlh="720" tlh="2396744" />
  <largest-consumer threadName="node-8" threadId="0000000001BDA000" bytes="106496" />
</allocation-stats>
<gc-op id="1142" type="scavenge" timems="0.718" contextid="1139" timestamp="2019-06-20T23:34:28.855">
  <scavenger-info tenureage="2" tenuremask="4004" tiltratio="88" />
  <memory-copied type="nursery" objects="2300" bytes="57256" bytesdiscarded="60248" />
  <memory-copied type="tenure" objects="1075" bytes="25800" bytesdiscarded="0" />
</gc-op>
<gc-end id="1143" type="scavenge" contextid="1139" durationms="1.086" usertimems="0.000" systemtimems="0.000" timestamp="2019-06-20T23:34:28.855" activeThreads="4">
  <mem-info id="1144" free="2082706712" total="2092630016" percent="99">
    <mem type="nursery" free="2438400" total="2883584" percent="84">
      <mem type="allocate" free="2438400" total="2555904" percent="95" />
      <mem type="survivor" free="0" total="327680" percent="0" />
    </mem>
    <mem type="tenure" free="2080268312" total="2089746432" percent="99" macro-fragmented="0">
      <mem type="soa" free="1975781400" total="1985259520" percent="99" />
      <mem type="loa" free="104486912" total="104486912" percent="100" />
    </mem>
    <remembered-set count="303" />
  </mem-info>
</gc-end>
<cycle-end id="1145" type="scavenge" contextid="1139" timestamp="2019-06-20T23:34:28.855" />
  <attribute name="elasticGC enabled" value="1" />
  <attribute name= "numThreadsSpecified" value="4" />
  <attribute name="heapSize specified" value="8912896" />
  <attribute name="Current GC Util" value="0" />
  <attribute name= "Current Time Running" value="104466" />
  <attribute name ="GC Interval" value="200" />
  <attribute name="ProportionalT" value="-30.000000" />
  <attribute name="ProportionalI" value="-30.000000" />
  <attribute name="ProportionalH" value="-30.000000" />
  <attribute name="Current Error" value="-20.000000" />
  <attribute name="IntegralT" value="-28820.000000" />
  <attribute name="IntegralI" value="-28820.000000" />
  <attribute name="IntegralH" value="-28820.000000" />
  <attribute name="DerivativeT" value="-0.013879" />
  <attribute name="DerivativeI" value="-0.013879" />
  <attribute name="DerivativeH" value="-0.013879" />
  <attribute name="Loop Time for DT" value="1441.000000" />
  <attribute name="Output H" value="2092630016"/>
  <attribute name="Output I" value="200"/>
  <attribute name="Output T" value="4"/>
  <attribute name="Target GC Util Change" value ="20.000000" />
  <attribute name="Current GC Util Change" value="0.000000"/>
  <attribute name="GC Util currently" value="0" />
  <attribute name="CPU Util currently" value="0" />
<allocation-satisfied id="1146" threadId="0000000001BC3900" bytesRequested="32" />
<af-end id="1147" timestamp="2019-06-20T23:34:28.855" threadId="0000000001BC4288" success="true" from="nursery"/>
<exclusive-end id="1148" timestamp="2019-06-20T23:34:28.855" durationms="1.617" />

<exclusive-start id="1149" timestamp="2019-06-20T23:34:30.268" intervalms="1414.502">
  <response-info timems="0.041" idlems="0.041" threads="0" lastid="0000000001BCEC00" lastname="node-0" />
</exclusive-start>
<af-start id="1150" threadId="0000000001BCF588" totalBytesRequested="32" timestamp="2019-06-20T23:34:30.268" intervalms="1414.521" type="nursery" />
<cycle-start id="1151" type="scavenge" contextid="0" timestamp="2019-06-20T23:34:30.268" intervalms="1414.528" />
<gc-start id="1152" type="scavenge" contextid="1151" timestamp="2019-06-20T23:34:30.268">
  <mem-info id="1153" free="2080268312" total="2092630016" percent="99">
    <mem type="nursery" free="0" total="2883584" percent="0">
      <mem type="allocate" free="0" total="2555904" percent="0" />
      <mem type="survivor" free="0" total="327680" percent="0" />
    </mem>
    <mem type="tenure" free="2080268312" total="2089746432" percent="99">
      <mem type="soa" free="1975781400" total="1985259520" percent="99" />
      <mem type="loa" free="104486912" total="104486912" percent="100" />
    </mem>
    <remembered-set count="372" />
  </mem-info>
</gc-start>
<allocation-stats totalBytes="2436064" >
  <allocated-bytes non-tlh="32" tlh="2436032" />
  <largest-consumer threadName="node-6" threadId="0000000001BD2800" bytes="111656" />
</allocation-stats>
<gc-op id="1154" type="scavenge" timems="0.426" contextid="1151" timestamp="2019-06-20T23:34:30.269">
  <scavenger-info tenureage="2" tenuremask="4004" tiltratio="88" />
  <memory-copied type="nursery" objects="2221" bytes="52384" bytesdiscarded="65120" />
  <memory-copied type="tenure" objects="1083" bytes="25992" bytesdiscarded="0" />
</gc-op>
<gc-end id="1155" type="scavenge" contextid="1151" durationms="1.013" usertimems="0.000" systemtimems="0.000" timestamp="2019-06-20T23:34:30.269" activeThreads="4">
  <mem-info id="1156" free="2082667544" total="2092630016" percent="99">
    <mem type="nursery" free="2438400" total="2883584" percent="84">
      <mem type="allocate" free="2438400" total="2555904" percent="95" />
      <mem type="survivor" free="0" total="327680" percent="0" />
    </mem>
    <mem type="tenure" free="2080229144" total="2089746432" percent="99" macro-fragmented="0">
      <mem type="soa" free="1975742232" total="1985259520" percent="99" />
      <mem type="loa" free="104486912" total="104486912" percent="100" />
    </mem>
    <remembered-set count="277" />
  </mem-info>
</gc-end>
<cycle-end id="1157" type="scavenge" contextid="1151" timestamp="2019-06-20T23:34:30.270" />
  <attribute name="elasticGC enabled" value="1" />
  <attribute name= "numThreadsSpecified" value="4" />
  <attribute name="heapSize specified" value="8912896" />
  <attribute name="Current GC Util" value="0" />
  <attribute name= "Current Time Running" value="105880" />
  <attribute name ="GC Interval" value="200" />
  <attribute name="ProportionalT" value="-30.000000" />
  <attribute name="ProportionalI" value="-30.000000" />
  <attribute name="ProportionalH" value="-30.000000" />
  <attribute name="Current Error" value="-20.000000" />
  <attribute name="IntegralT" value="-28280.000000" />
  <attribute name="IntegralI" value="-28280.000000" />
  <attribute name="IntegralH" value="-28280.000000" />
  <attribute name="DerivativeT" value="-0.014144" />
  <attribute name="DerivativeI" value="-0.014144" />
  <attribute name="DerivativeH" value="-0.014144" />
  <attribute name="Loop Time for DT" value="1414.000000" />
  <attribute name="Output H" value="2092630016"/>
  <attribute name="Output I" value="200"/>
  <attribute name="Output T" value="4"/>
  <attribute name="Target GC Util Change" value ="20.000000" />
  <attribute name="Current GC Util Change" value="0.000000"/>
  <attribute name="GC Util currently" value="0" />
  <attribute name="CPU Util currently" value="0" />
<allocation-satisfied id="1158" threadId="0000000001BCEC00" bytesRequested="32" />
<af-end id="1159" timestamp="2019-06-20T23:34:30.270" threadId="0000000001BCF588" success="true" from="nursery"/>
<exclusive-end id="1160" timestamp="2019-06-20T23:34:30.270" durationms="1.714" />

<exclusive-start id="1161" timestamp="2019-06-20T23:34:31.479" intervalms="1210.822">
  <response-info timems="0.034" idlems="0.034" threads="0" lastid="0000000001BDA000" lastname="node-8" />
</exclusive-start>
<af-start id="1162" threadId="0000000001BDA988" totalBytesRequested="24" timestamp="2019-06-20T23:34:31.479" intervalms="1210.829" type="nursery" />
<cycle-start id="1163" type="scavenge" contextid="0" timestamp="2019-06-20T23:34:31.479" intervalms="1210.835" />
<gc-start id="1164" type="scavenge" contextid="1163" timestamp="2019-06-20T23:34:31.479">
  <mem-info id="1165" free="2080229144" total="2092630016" percent="99">
    <mem type="nursery" free="0" total="2883584" percent="0">
      <mem type="allocate" free="0" total="2555904" percent="0" />
      <mem type="survivor" free="0" total="327680" percent="0" />
    </mem>
    <mem type="tenure" free="2080229144" total="2089746432" percent="99">
      <mem type="soa" free="1975742232" total="1985259520" percent="99" />
      <mem type="loa" free="104486912" total="104486912" percent="100" />
    </mem>
    <remembered-set count="370" />
  </mem-info>
</gc-start>
<allocation-stats totalBytes="2435904" >
  <allocated-bytes non-tlh="32" tlh="2435872" />
  <largest-consumer threadName="node-16" threadId="0000000001C0AB00" bytes="111464" />
</allocation-stats>
<gc-op id="1166" type="scavenge" timems="0.782" contextid="1163" timestamp="2019-06-20T23:34:31.480">
  <scavenger-info tenureage="2" tenuremask="4004" tiltratio="88" />
  <memory-copied type="nursery" objects="2288" bytes="56632" bytesdiscarded="60872" />
  <memory-copied type="tenure" objects="1074" bytes="25776" bytesdiscarded="0" />
</gc-op>
<gc-end id="1167" type="scavenge" contextid="1163" durationms="1.369" usertimems="0.000" systemtimems="0.000" timestamp="2019-06-20T23:34:31.481" activeThreads="4">
  <mem-info id="1168" free="2082628376" total="2092630016" percent="99">
    <mem type="nursery" free="2438400" total="2883584" percent="84">
      <mem type="allocate" free="2438400" total="2555904" percent="95" />
      <mem type="survivor" free="0" total="327680" percent="0" />
    </mem>
    <mem type="tenure" free="2080189976" total="2089746432" percent="99" macro-fragmented="147616">
      <mem type="soa" free="1975703064" total="1985259520" percent="99" />
      <mem type="loa" free="104486912" total="104486912" percent="100" />
    </mem>
    <remembered-set count="300" />
  </mem-info>
</gc-end>
<cycle-end id="1169" type="scavenge" contextid="1163" timestamp="2019-06-20T23:34:31.481" />
  <attribute name="elasticGC enabled" value="1" />
  <attribute name= "numThreadsSpecified" value="4" />
  <attribute name="heapSize specified" value="8912896" />
  <attribute name="Current GC Util" value="0" />
  <attribute name= "Current Time Running" value="107091" />
  <attribute name ="GC Interval" value="200" />
  <attribute name="ProportionalT" value="-30.000000" />
  <attribute name="ProportionalI" value="-30.000000" />
  <attribute name="ProportionalH" value="-30.000000" />
  <attribute name="Current Error" value="-20.000000" />
  <attribute name="IntegralT" value="-24220.000000" />
  <attribute name="IntegralI" value="-24220.000000" />
  <attribute name="IntegralH" value="-24220.000000" />
  <attribute name="DerivativeT" value="-0.016515" />
  <attribute name="DerivativeI" value="-0.016515" />
  <attribute name="DerivativeH" value="-0.016515" />
  <attribute name="Loop Time for DT" value="1211.000000" />
  <attribute name="Output H" value="2092630016"/>
  <attribute name="Output I" value="200"/>
  <attribute name="Output T" value="4"/>
  <attribute name="Target GC Util Change" value ="20.000000" />
  <attribute name="Current GC Util Change" value="0.000000"/>
  <attribute name="GC Util currently" value="0" />
  <attribute name="CPU Util currently" value="0" />
<allocation-satisfied id="1170" threadId="0000000001BDA000" bytesRequested="24" />
<af-end id="1171" timestamp="2019-06-20T23:34:31.481" threadId="0000000001BDA988" success="true" from="nursery"/>
<exclusive-end id="1172" timestamp="2019-06-20T23:34:31.481" durationms="2.115" />

<exclusive-start id="1173" timestamp="2019-06-20T23:34:32.888" intervalms="1408.765">
  <response-info timems="0.031" idlems="0.031" threads="0" lastid="0000000001BCEC00" lastname="node-0" />
</exclusive-start>
<af-start id="1174" threadId="0000000001BCF588" totalBytesRequested="24" timestamp="2019-06-20T23:34:32.888" intervalms="1408.740" type="nursery" />
<cycle-start id="1175" type="scavenge" contextid="0" timestamp="2019-06-20T23:34:32.888" intervalms="1408.715" />
<gc-start id="1176" type="scavenge" contextid="1175" timestamp="2019-06-20T23:34:32.888">
  <mem-info id="1177" free="2080189976" total="2092630016" percent="99">
    <mem type="nursery" free="0" total="2883584" percent="0">
      <mem type="allocate" free="0" total="2555904" percent="0" />
      <mem type="survivor" free="0" total="327680" percent="0" />
    </mem>
    <mem type="tenure" free="2080189976" total="2089746432" percent="99">
      <mem type="soa" free="1975703064" total="1985259520" percent="99" />
      <mem type="loa" free="104486912" total="104486912" percent="100" />
    </mem>
    <remembered-set count="370" />
  </mem-info>
</gc-start>
<allocation-stats totalBytes="2435456" >
  <allocated-bytes non-tlh="24" tlh="2435432" />
  <largest-consumer threadName="node-5" threadId="0000000001BBC100" bytes="106488" />
</allocation-stats>
<gc-op id="1178" type="scavenge" timems="0.388" contextid="1175" timestamp="2019-06-20T23:34:32.888">
  <scavenger-info tenureage="2" tenuremask="4004" tiltratio="88" />
  <memory-copied type="nursery" objects="2307" bytes="57088" bytesdiscarded="99584" />
  <memory-copied type="tenure" objects="1032" bytes="24768" bytesdiscarded="0" />
</gc-op>
<gc-end id="1179" type="scavenge" contextid="1175" durationms="0.724" usertimems="0.000" systemtimems="4.000" timestamp="2019-06-20T23:34:32.889" activeThreads="4">
  <mem-info id="1180" free="2082550040" total="2092630016" percent="99">
    <mem type="nursery" free="2399232" total="2883584" percent="83">
      <mem type="allocate" free="2399232" total="2555904" percent="93" />
      <mem type="survivor" free="0" total="327680" percent="0" />
    </mem>
    <mem type="tenure" free="2080150808" total="2089746432" percent="99" macro-fragmented="61032">
      <mem type="soa" free="1975663896" total="1985259520" percent="99" />
      <mem type="loa" free="104486912" total="104486912" percent="100" />
    </mem>
    <remembered-set count="300" />
  </mem-info>
</gc-end>
<cycle-end id="1181" type="scavenge" contextid="1175" timestamp="2019-06-20T23:34:32.889" />
  <attribute name="elasticGC enabled" value="1" />
  <attribute name= "numThreadsSpecified" value="4" />
  <attribute name="heapSize specified" value="8912896" />
  <attribute name="Current GC Util" value="0" />
  <attribute name= "Current Time Running" value="108500" />
  <attribute name ="GC Interval" value="200" />
  <attribute name="ProportionalT" value="-30.000000" />
  <attribute name="ProportionalI" value="-30.000000" />
  <attribute name="ProportionalH" value="-30.000000" />
  <attribute name="Current Error" value="-20.000000" />
  <attribute name="IntegralT" value="-28180.000000" />
  <attribute name="IntegralI" value="-28180.000000" />
  <attribute name="IntegralH" value="-28180.000000" />
  <attribute name="DerivativeT" value="-0.014194" />
  <attribute name="DerivativeI" value="-0.014194" />
  <attribute name="DerivativeH" value="-0.014194" />
  <attribute name="Loop Time for DT" value="1409.000000" />
  <attribute name="Output H" value="2092630016"/>
  <attribute name="Output I" value="200"/>
  <attribute name="Output T" value="4"/>
  <attribute name="Target GC Util Change" value ="20.000000" />
  <attribute name="Current GC Util Change" value="0.000000"/>
  <attribute name="GC Util currently" value="0" />
  <attribute name="CPU Util currently" value="1" />
<allocation-satisfied id="1182" threadId="0000000001BCEC00" bytesRequested="24" />
<af-end id="1183" timestamp="2019-06-20T23:34:32.889" threadId="0000000001BCF588" success="true" from="nursery"/>
<exclusive-end id="1184" timestamp="2019-06-20T23:34:32.889" durationms="1.215" />

<exclusive-start id="1185" timestamp="2019-06-20T23:34:33.936" intervalms="1047.881">
  <response-info timems="0.062" idlems="0.062" threads="0" lastid="0000000001BBC100" lastname="node-5" />
</exclusive-start>
<af-start id="1186" threadId="0000000001BBCA88" totalBytesRequested="16" timestamp="2019-06-20T23:34:33.936" intervalms="1047.892" type="nursery" />
<cycle-start id="1187" type="scavenge" contextid="0" timestamp="2019-06-20T23:34:33.936" intervalms="1047.929" />
<gc-start id="1188" type="scavenge" contextid="1187" timestamp="2019-06-20T23:34:33.936">
  <mem-info id="1189" free="2080150808" total="2092630016" percent="99">
    <mem type="nursery" free="0" total="2883584" percent="0">
      <mem type="allocate" free="0" total="2555904" percent="0" />
      <mem type="survivor" free="0" total="327680" percent="0" />
    </mem>
    <mem type="tenure" free="2080150808" total="2089746432" percent="99">
      <mem type="soa" free="1975663896" total="1985259520" percent="99" />
      <mem type="loa" free="104486912" total="104486912" percent="100" />
    </mem>
    <remembered-set count="367" />
  </mem-info>
</gc-start>
<allocation-stats totalBytes="2394968" >
  <allocated-bytes non-tlh="24" tlh="2394944" />
  <largest-consumer threadName="node-7" threadId="0000000001BFBB00" bytes="118552" />
</allocation-stats>
<gc-op id="1190" type="scavenge" timems="1.114" contextid="1187" timestamp="2019-06-20T23:34:33.937">
  <scavenger-info tenureage="2" tenuremask="4004" tiltratio="88" />
  <memory-copied type="nursery" objects="2371" bytes="70584" bytesdiscarded="86088" />
  <memory-copied type="tenure" objects="1115" bytes="26760" bytesdiscarded="0" />
</gc-op>
<gc-end id="1191" type="scavenge" contextid="1187" durationms="1.797" usertimems="0.000" systemtimems="0.000" timestamp="2019-06-20T23:34:33.938" activeThreads="4">
  <mem-info id="1192" free="2082510872" total="2092630016" percent="99">
    <mem type="nursery" free="2399232" total="2883584" percent="83">
      <mem type="allocate" free="2399232" total="2555904" percent="93" />
      <mem type="survivor" free="0" total="327680" percent="0" />
    </mem>
    <mem type="tenure" free="2080111640" total="2089746432" percent="99" macro-fragmented="22644">
      <mem type="soa" free="1975624728" total="1985259520" percent="99" />
      <mem type="loa" free="104486912" total="104486912" percent="100" />
    </mem>
    <remembered-set count="284" />
  </mem-info>
</gc-end>
<cycle-end id="1193" type="scavenge" contextid="1187" timestamp="2019-06-20T23:34:33.938" />
  <attribute name="elasticGC enabled" value="1" />
  <attribute name= "numThreadsSpecified" value="4" />
  <attribute name="heapSize specified" value="8912896" />
  <attribute name="Current GC Util" value="0" />
  <attribute name= "Current Time Running" value="109548" />
  <attribute name ="GC Interval" value="200" />
  <attribute name="ProportionalT" value="-30.000000" />
  <attribute name="ProportionalI" value="-30.000000" />
  <attribute name="ProportionalH" value="-30.000000" />
  <attribute name="Current Error" value="-20.000000" />
  <attribute name="IntegralT" value="-20960.000000" />
  <attribute name="IntegralI" value="-20960.000000" />
  <attribute name="IntegralH" value="-20960.000000" />
  <attribute name="DerivativeT" value="-0.019084" />
  <attribute name="DerivativeI" value="-0.019084" />
  <attribute name="DerivativeH" value="-0.019084" />
  <attribute name="Loop Time for DT" value="1048.000000" />
  <attribute name="Output H" value="2092630016"/>
  <attribute name="Output I" value="200"/>
  <attribute name="Output T" value="4"/>
  <attribute name="Target GC Util Change" value ="20.000000" />
  <attribute name="Current GC Util Change" value="0.000000"/>
  <attribute name="GC Util currently" value="0" />
  <attribute name="CPU Util currently" value="4399963449" />
<allocation-satisfied id="1194" threadId="0000000001BBC100" bytesRequested="16" />
<af-end id="1195" timestamp="2019-06-20T23:34:33.938" threadId="0000000001BBCA88" success="true" from="nursery"/>
<exclusive-end id="1196" timestamp="2019-06-20T23:34:33.938" durationms="2.631" />

<exclusive-start id="1197" timestamp="2019-06-20T23:34:35.203" intervalms="1267.816">
  <response-info timems="0.033" idlems="0.033" threads="0" lastid="0000000001BCEC00" lastname="node-0" />
</exclusive-start>
<af-start id="1198" threadId="0000000001BCF588" totalBytesRequested="32" timestamp="2019-06-20T23:34:35.204" intervalms="1267.801" type="nursery" />
<cycle-start id="1199" type="scavenge" contextid="0" timestamp="2019-06-20T23:34:35.204" intervalms="1267.768" />
<gc-start id="1200" type="scavenge" contextid="1199" timestamp="2019-06-20T23:34:35.204">
  <mem-info id="1201" free="2080111640" total="2092630016" percent="99">
    <mem type="nursery" free="0" total="2883584" percent="0">
      <mem type="allocate" free="0" total="2555904" percent="0" />
      <mem type="survivor" free="0" total="327680" percent="0" />
    </mem>
    <mem type="tenure" free="2080111640" total="2089746432" percent="99">
      <mem type="soa" free="1975624728" total="1985259520" percent="99" />
      <mem type="loa" free="104486912" total="104486912" percent="100" />
    </mem>
    <remembered-set count="368" />
  </mem-info>
</gc-start>
<allocation-stats totalBytes="2396960" >
  <allocated-bytes non-tlh="16" tlh="2396944" />
  <largest-consumer threadName="node-23" threadId="0000000001C0E700" bytes="106488" />
</allocation-stats>
<gc-op id="1202" type="scavenge" timems="0.425" contextid="1199" timestamp="2019-06-20T23:34:35.204">
  <scavenger-info tenureage="2" tenuremask="4004" tiltratio="88" />
  <memory-copied type="nursery" objects="2488" bytes="61880" bytesdiscarded="94792" />
  <memory-copied type="tenure" objects="1051" bytes="25224" bytesdiscarded="0" />
</gc-op>
<gc-end id="1203" type="scavenge" contextid="1199" durationms="1.056" usertimems="0.000" systemtimems="0.000" timestamp="2019-06-20T23:34:35.205" activeThreads="4">
  <mem-info id="1204" free="2082510872" total="2092630016" percent="99">
    <mem type="nursery" free="2399232" total="2883584" percent="83">
      <mem type="allocate" free="2399232" total="2555904" percent="93" />
      <mem type="survivor" free="0" total="327680" percent="0" />
    </mem>
    <mem type="tenure" free="2080111640" total="2089746432" percent="99" macro-fragmented="168253">
      <mem type="soa" free="1975624728" total="1985259520" percent="99" />
      <mem type="loa" free="104486912" total="104486912" percent="100" />
    </mem>
    <remembered-set count="300" />
  </mem-info>
</gc-end>
<cycle-end id="1205" type="scavenge" contextid="1199" timestamp="2019-06-20T23:34:35.205" />
  <attribute name="elasticGC enabled" value="1" />
  <attribute name= "numThreadsSpecified" value="4" />
  <attribute name="heapSize specified" value="8912896" />
  <attribute name="Current GC Util" value="0" />
  <attribute name= "Current Time Running" value="110815" />
  <attribute name ="GC Interval" value="200" />
  <attribute name="ProportionalT" value="-30.000000" />
  <attribute name="ProportionalI" value="-30.000000" />
  <attribute name="ProportionalH" value="-30.000000" />
  <attribute name="Current Error" value="-20.000000" />
  <attribute name="IntegralT" value="-25340.000000" />
  <attribute name="IntegralI" value="-25340.000000" />
  <attribute name="IntegralH" value="-25340.000000" />
  <attribute name="DerivativeT" value="-0.015785" />
  <attribute name="DerivativeI" value="-0.015785" />
  <attribute name="DerivativeH" value="-0.015785" />
  <attribute name="Loop Time for DT" value="1267.000000" />
  <attribute name="Output H" value="2092630016"/>
  <attribute name="Output I" value="200"/>
  <attribute name="Output T" value="4"/>
  <attribute name="Target GC Util Change" value ="20.000000" />
  <attribute name="Current GC Util Change" value="0.000000"/>
  <attribute name="GC Util currently" value="0" />
  <attribute name="CPU Util currently" value="3637832984" />
<allocation-satisfied id="1206" threadId="0000000001BCEC00" bytesRequested="32" />
<af-end id="1207" timestamp="2019-06-20T23:34:35.205" threadId="0000000001BCF588" success="true" from="nursery"/>
<exclusive-end id="1208" timestamp="2019-06-20T23:34:35.205" durationms="1.910" />

<exclusive-start id="1209" timestamp="2019-06-20T23:34:36.640" intervalms="1436.326">
  <response-info timems="0.049" idlems="0.023" threads="2" lastid="0000000001BCEC00" lastname="node-0" />
</exclusive-start>
<af-start id="1210" threadId="0000000001BED588" totalBytesRequested="24" timestamp="2019-06-20T23:34:36.640" intervalms="1436.427" type="nursery" />
<cycle-start id="1211" type="scavenge" contextid="0" timestamp="2019-06-20T23:34:36.640" intervalms="1436.434" />
<gc-start id="1212" type="scavenge" contextid="1211" timestamp="2019-06-20T23:34:36.640">
  <mem-info id="1213" free="2080111640" total="2092630016" percent="99">
    <mem type="nursery" free="0" total="2883584" percent="0">
      <mem type="allocate" free="0" total="2555904" percent="0" />
      <mem type="survivor" free="0" total="327680" percent="0" />
    </mem>
    <mem type="tenure" free="2080111640" total="2089746432" percent="99">
      <mem type="soa" free="1975624728" total="1985259520" percent="99" />
      <mem type="loa" free="104486912" total="104486912" percent="100" />
    </mem>
    <remembered-set count="370" />
  </mem-info>
</gc-start>
<allocation-stats totalBytes="2398264" >
  <allocated-bytes non-tlh="32" tlh="2398232" />
  <largest-consumer threadName="node-25" threadId="0000000001BE1800" bytes="106480" />
</allocation-stats>
<gc-op id="1214" type="scavenge" timems="0.777" contextid="1211" timestamp="2019-06-20T23:34:36.641">
  <scavenger-info tenureage="2" tenuremask="4004" tiltratio="88" />
  <memory-copied type="nursery" objects="2619" bytes="65032" bytesdiscarded="52472" />
  <memory-copied type="tenure" objects="1144" bytes="27456" bytesdiscarded="0" />
</gc-op>
<gc-end id="1215" type="scavenge" contextid="1211" durationms="1.158" usertimems="0.000" systemtimems="4.000" timestamp="2019-06-20T23:34:36.641" activeThreads="4">
  <mem-info id="1216" free="2082510872" total="2092630016" percent="99">
    <mem type="nursery" free="2438400" total="2883584" percent="84">
      <mem type="allocate" free="2438400" total="2555904" percent="95" />
      <mem type="survivor" free="0" total="327680" percent="0" />
    </mem>
    <mem type="tenure" free="2080072472" total="2089746432" percent="99" macro-fragmented="0">
      <mem type="soa" free="1975585560" total="1985259520" percent="99" />
      <mem type="loa" free="104486912" total="104486912" percent="100" />
    </mem>
    <remembered-set count="301" />
  </mem-info>
</gc-end>
<cycle-end id="1217" type="scavenge" contextid="1211" timestamp="2019-06-20T23:34:36.641" />
  <attribute name="elasticGC enabled" value="1" />
  <attribute name= "numThreadsSpecified" value="4" />
  <attribute name="heapSize specified" value="8912896" />
  <attribute name="Current GC Util" value="0" />
  <attribute name= "Current Time Running" value="112252" />
  <attribute name ="GC Interval" value="200" />
  <attribute name="ProportionalT" value="-30.000000" />
  <attribute name="ProportionalI" value="-30.000000" />
  <attribute name="ProportionalH" value="-30.000000" />
  <attribute name="Current Error" value="-20.000000" />
  <attribute name="IntegralT" value="-28740.000000" />
  <attribute name="IntegralI" value="-28740.000000" />
  <attribute name="IntegralH" value="-28740.000000" />
  <attribute name="DerivativeT" value="-0.013918" />
  <attribute name="DerivativeI" value="-0.013918" />
  <attribute name="DerivativeH" value="-0.013918" />
  <attribute name="Loop Time for DT" value="1437.000000" />
  <attribute name="Output H" value="2092630016"/>
  <attribute name="Output I" value="200"/>
  <attribute name="Output T" value="4"/>
  <attribute name="Target GC Util Change" value ="20.000000" />
  <attribute name="Current GC Util Change" value="0.000000"/>
  <attribute name="GC Util currently" value="0" />
  <attribute name="CPU Util currently" value="2" />
<allocation-satisfied id="1218" threadId="0000000001BECC00" bytesRequested="24" />
<af-end id="1219" timestamp="2019-06-20T23:34:36.642" threadId="0000000001BED588" success="true" from="nursery"/>
<exclusive-end id="1220" timestamp="2019-06-20T23:34:36.642" durationms="1.744" />

<exclusive-start id="1221" timestamp="2019-06-20T23:34:37.967" intervalms="1327.199">
  <response-info timems="0.037" idlems="0.037" threads="0" lastid="0000000001BCEC00" lastname="node-0" />
</exclusive-start>
<af-start id="1222" threadId="0000000001BCF588" totalBytesRequested="368" timestamp="2019-06-20T23:34:37.967" intervalms="1327.102" type="nursery" />
<cycle-start id="1223" type="scavenge" contextid="0" timestamp="2019-06-20T23:34:37.967" intervalms="1327.103" />
<gc-start id="1224" type="scavenge" contextid="1223" timestamp="2019-06-20T23:34:37.967">
  <mem-info id="1225" free="2080072472" total="2092630016" percent="99">
    <mem type="nursery" free="0" total="2883584" percent="0">
      <mem type="allocate" free="0" total="2555904" percent="0" />
      <mem type="survivor" free="0" total="327680" percent="0" />
    </mem>
    <mem type="tenure" free="2080072472" total="2089746432" percent="99">
      <mem type="soa" free="1975585560" total="1985259520" percent="99" />
      <mem type="loa" free="104486912" total="104486912" percent="100" />
    </mem>
    <remembered-set count="371" />
  </mem-info>
</gc-start>
<allocation-stats totalBytes="2436864" >
  <allocated-bytes non-tlh="24" tlh="2436840" />
  <largest-consumer threadName="node-5" threadId="0000000001BBC100" bytes="111824" />
</allocation-stats>
<gc-op id="1226" type="scavenge" timems="0.781" contextid="1223" timestamp="2019-06-20T23:34:37.968">
  <scavenger-info tenureage="2" tenuremask="4004" tiltratio="88" />
  <memory-copied type="nursery" objects="2695" bytes="73616" bytesdiscarded="43888" />
  <memory-copied type="tenure" objects="1201" bytes="28824" bytesdiscarded="0" />
</gc-op>
<gc-end id="1227" type="scavenge" contextid="1223" durationms="0.969" usertimems="4.000" systemtimems="0.000" timestamp="2019-06-20T23:34:37.968" activeThreads="4">
  <mem-info id="1228" free="2082471704" total="2092630016" percent="99">
    <mem type="nursery" free="2438400" total="2883584" percent="84">
      <mem type="allocate" free="2438400" total="2555904" percent="95" />
      <mem type="survivor" free="0" total="327680" percent="0" />
    </mem>
    <mem type="tenure" free="2080033304" total="2089746432" percent="99" macro-fragmented="0">
      <mem type="soa" free="1975546392" total="1985259520" percent="99" />
      <mem type="loa" free="104486912" total="104486912" percent="100" />
    </mem>
    <remembered-set count="285" />
  </mem-info>
</gc-end>
<cycle-end id="1229" type="scavenge" contextid="1223" timestamp="2019-06-20T23:34:37.968" />
  <attribute name="elasticGC enabled" value="1" />
  <attribute name= "numThreadsSpecified" value="4" />
  <attribute name="heapSize specified" value="8912896" />
  <attribute name="Current GC Util" value="0" />
  <attribute name= "Current Time Running" value="113579" />
  <attribute name ="GC Interval" value="200" />
  <attribute name="ProportionalT" value="-30.000000" />
  <attribute name="ProportionalI" value="-30.000000" />
  <attribute name="ProportionalH" value="-30.000000" />
  <attribute name="Current Error" value="-20.000000" />
  <attribute name="IntegralT" value="-26540.000000" />
  <attribute name="IntegralI" value="-26540.000000" />
  <attribute name="IntegralH" value="-26540.000000" />
  <attribute name="DerivativeT" value="-0.015072" />
  <attribute name="DerivativeI" value="-0.015072" />
  <attribute name="DerivativeH" value="-0.015072" />
  <attribute name="Loop Time for DT" value="1327.000000" />
  <attribute name="Output H" value="2092630016"/>
  <attribute name="Output I" value="200"/>
  <attribute name="Output T" value="4"/>
  <attribute name="Target GC Util Change" value ="20.000000" />
  <attribute name="Current GC Util Change" value="0.000000"/>
  <attribute name="GC Util currently" value="0" />
  <attribute name="CPU Util currently" value="3" />
<allocation-satisfied id="1230" threadId="0000000001BCEC00" bytesRequested="368" />
<af-end id="1231" timestamp="2019-06-20T23:34:37.968" threadId="0000000001BCF588" success="true" from="nursery"/>
<exclusive-end id="1232" timestamp="2019-06-20T23:34:37.969" durationms="1.489" />

<exclusive-start id="1233" timestamp="2019-06-20T23:34:39.447" intervalms="1480.007">
  <response-info timems="0.058" idlems="0.058" threads="0" lastid="0000000001BC3900" lastname="node-13" />
</exclusive-start>
<af-start id="1234" threadId="0000000001BC4288" totalBytesRequested="24" timestamp="2019-06-20T23:34:39.447" intervalms="1480.010" type="nursery" />
<cycle-start id="1235" type="scavenge" contextid="0" timestamp="2019-06-20T23:34:39.447" intervalms="1480.011" />
<gc-start id="1236" type="scavenge" contextid="1235" timestamp="2019-06-20T23:34:39.447">
  <mem-info id="1237" free="2080033304" total="2092630016" percent="99">
    <mem type="nursery" free="0" total="2883584" percent="0">
      <mem type="allocate" free="0" total="2555904" percent="0" />
      <mem type="survivor" free="0" total="327680" percent="0" />
    </mem>
    <mem type="tenure" free="2080033304" total="2089746432" percent="99">
      <mem type="soa" free="1975546392" total="1985259520" percent="99" />
      <mem type="loa" free="104486912" total="104486912" percent="100" />
    </mem>
    <remembered-set count="375" />
  </mem-info>
</gc-start>
<allocation-stats totalBytes="2433984" >
  <allocated-bytes non-tlh="368" tlh="2433616" />
  <largest-consumer threadName="node-1" threadId="0000000001BFF700" bytes="106496" />
</allocation-stats>
<gc-op id="1238" type="scavenge" timems="0.772" contextid="1235" timestamp="2019-06-20T23:34:39.448">
  <scavenger-info tenureage="2" tenuremask="4004" tiltratio="88" />
  <memory-copied type="nursery" objects="2623" bytes="64672" bytesdiscarded="52832" />
  <memory-copied type="tenure" objects="1273" bytes="30552" bytesdiscarded="0" />
</gc-op>
<gc-end id="1239" type="scavenge" contextid="1235" durationms="0.991" usertimems="0.000" systemtimems="0.000" timestamp="2019-06-20T23:34:39.448" activeThreads="4">
  <mem-info id="1240" free="2082432536" total="2092630016" percent="99">
    <mem type="nursery" free="2438400" total="2883584" percent="84">
      <mem type="allocate" free="2438400" total="2555904" percent="95" />
      <mem type="survivor" free="0" total="327680" percent="0" />
    </mem>
    <mem type="tenure" free="2079994136" total="2089746432" percent="99" macro-fragmented="0">
      <mem type="soa" free="1975507224" total="1985259520" percent="99" />
      <mem type="loa" free="104486912" total="104486912" percent="100" />
    </mem>
    <remembered-set count="304" />
  </mem-info>
</gc-end>
<cycle-end id="1241" type="scavenge" contextid="1235" timestamp="2019-06-20T23:34:39.448" />
  <attribute name="elasticGC enabled" value="1" />
  <attribute name= "numThreadsSpecified" value="4" />
  <attribute name="heapSize specified" value="8912896" />
  <attribute name="Current GC Util" value="0" />
  <attribute name= "Current Time Running" value="115059" />
  <attribute name ="GC Interval" value="200" />
  <attribute name="ProportionalT" value="-30.000000" />
  <attribute name="ProportionalI" value="-30.000000" />
  <attribute name="ProportionalH" value="-30.000000" />
  <attribute name="Current Error" value="-20.000000" />
  <attribute name="IntegralT" value="-29600.000000" />
  <attribute name="IntegralI" value="-29600.000000" />
  <attribute name="IntegralH" value="-29600.000000" />
  <attribute name="DerivativeT" value="-0.013514" />
  <attribute name="DerivativeI" value="-0.013514" />
  <attribute name="DerivativeH" value="-0.013514" />
  <attribute name="Loop Time for DT" value="1480.000000" />
  <attribute name="Output H" value="2092630016"/>
  <attribute name="Output I" value="200"/>
  <attribute name="Output T" value="4"/>
  <attribute name="Target GC Util Change" value ="20.000000" />
  <attribute name="Current GC Util Change" value="0.000000"/>
  <attribute name="GC Util currently" value="0" />
  <attribute name="CPU Util currently" value="1" />
<allocation-satisfied id="1242" threadId="0000000001BC3900" bytesRequested="24" />
<af-end id="1243" timestamp="2019-06-20T23:34:39.448" threadId="0000000001BC4288" success="true" from="nursery"/>
<exclusive-end id="1244" timestamp="2019-06-20T23:34:39.449" durationms="1.529" />

<exclusive-start id="1245" timestamp="2019-06-20T23:34:40.843" intervalms="1396.081">
  <response-info timems="0.710" idlems="0.364" threads="1" lastid="0000000001BC3900" lastname="node-13" />
</exclusive-start>
<af-start id="1246" threadId="0000000001BE5D88" totalBytesRequested="24" timestamp="2019-06-20T23:34:40.843" intervalms="1396.078" type="nursery" />
<cycle-start id="1247" type="scavenge" contextid="0" timestamp="2019-06-20T23:34:40.843" intervalms="1396.077" />
<gc-start id="1248" type="scavenge" contextid="1247" timestamp="2019-06-20T23:34:40.843">
  <mem-info id="1249" free="2079994136" total="2092630016" percent="99">
    <mem type="nursery" free="0" total="2883584" percent="0">
      <mem type="allocate" free="0" total="2555904" percent="0" />
      <mem type="survivor" free="0" total="327680" percent="0" />
    </mem>
    <mem type="tenure" free="2079994136" total="2089746432" percent="99">
      <mem type="soa" free="1975507224" total="1985259520" percent="99" />
      <mem type="loa" free="104486912" total="104486912" percent="100" />
    </mem>
    <remembered-set count="375" />
  </mem-info>
</gc-start>
<allocation-stats totalBytes="2436880" >
  <allocated-bytes non-tlh="24" tlh="2436856" />
  <largest-consumer threadName="node-21" threadId="0000000001C15F00" bytes="106496" />
</allocation-stats>
<gc-op id="1250" type="scavenge" timems="0.464" contextid="1247" timestamp="2019-06-20T23:34:40.844">
  <scavenger-info tenureage="2" tenuremask="4004" tiltratio="88" />
  <memory-copied type="nursery" objects="2517" bytes="62128" bytesdiscarded="55376" />
  <memory-copied type="tenure" objects="1249" bytes="29976" bytesdiscarded="0" />
</gc-op>
<gc-end id="1251" type="scavenge" contextid="1247" durationms="0.902" usertimems="0.000" systemtimems="4.000" timestamp="2019-06-20T23:34:40.844" activeThreads="4">
  <mem-info id="1252" free="2082393368" total="2092630016" percent="99">
    <mem type="nursery" free="2438400" total="2883584" percent="84">
      <mem type="allocate" free="2438400" total="2555904" percent="95" />
      <mem type="survivor" free="0" total="327680" percent="0" />
    </mem>
    <mem type="tenure" free="2079954968" total="2089746432" percent="99" macro-fragmented="0">
      <mem type="soa" free="1975468056" total="1985259520" percent="99" />
      <mem type="loa" free="104486912" total="104486912" percent="100" />
    </mem>
    <remembered-set count="301" />
  </mem-info>
</gc-end>
<cycle-end id="1253" type="scavenge" contextid="1247" timestamp="2019-06-20T23:34:40.844" />
  <attribute name="elasticGC enabled" value="1" />
  <attribute name= "numThreadsSpecified" value="4" />
  <attribute name="heapSize specified" value="8912896" />
  <attribute name="Current GC Util" value="0" />
  <attribute name= "Current Time Running" value="116455" />
  <attribute name ="GC Interval" value="200" />
  <attribute name="ProportionalT" value="-30.000000" />
  <attribute name="ProportionalI" value="-30.000000" />
  <attribute name="ProportionalH" value="-30.000000" />
  <attribute name="Current Error" value="-20.000000" />
  <attribute name="IntegralT" value="-27920.000000" />
  <attribute name="IntegralI" value="-27920.000000" />
  <attribute name="IntegralH" value="-27920.000000" />
  <attribute name="DerivativeT" value="-0.014327" />
  <attribute name="DerivativeI" value="-0.014327" />
  <attribute name="DerivativeH" value="-0.014327" />
  <attribute name="Loop Time for DT" value="1396.000000" />
  <attribute name="Output H" value="2092630016"/>
  <attribute name="Output I" value="200"/>
  <attribute name="Output T" value="4"/>
  <attribute name="Target GC Util Change" value ="20.000000" />
  <attribute name="Current GC Util Change" value="0.000000"/>
  <attribute name="GC Util currently" value="0" />
  <attribute name="CPU Util currently" value="3303184052" />
<allocation-satisfied id="1254" threadId="0000000001BE5400" bytesRequested="24" />
<af-end id="1255" timestamp="2019-06-20T23:34:40.845" threadId="0000000001BE5D88" success="true" from="nursery"/>
<exclusive-end id="1256" timestamp="2019-06-20T23:34:40.845" durationms="1.676" />

<exclusive-start id="1257" timestamp="2019-06-20T23:34:42.183" intervalms="1339.978">
  <response-info timems="0.073" idlems="0.073" threads="0" lastid="0000000001C0E700" lastname="node-23" />
</exclusive-start>
<af-start id="1258" threadId="0000000001C0F088" totalBytesRequested="24" timestamp="2019-06-20T23:34:42.183" intervalms="1340.031" type="nursery" />
<cycle-start id="1259" type="scavenge" contextid="0" timestamp="2019-06-20T23:34:42.183" intervalms="1340.084" />
<gc-start id="1260" type="scavenge" contextid="1259" timestamp="2019-06-20T23:34:42.183">
  <mem-info id="1261" free="2079954968" total="2092630016" percent="99">
    <mem type="nursery" free="0" total="2883584" percent="0">
      <mem type="allocate" free="0" total="2555904" percent="0" />
      <mem type="survivor" free="0" total="327680" percent="0" />
    </mem>
    <mem type="tenure" free="2079954968" total="2089746432" percent="99">
      <mem type="soa" free="1975468056" total="1985259520" percent="99" />
      <mem type="loa" free="104486912" total="104486912" percent="100" />
    </mem>
    <remembered-set count="372" />
  </mem-info>
</gc-start>
<allocation-stats totalBytes="2437696" >
  <allocated-bytes non-tlh="24" tlh="2437672" />
  <largest-consumer threadName="node-2" threadId="0000000001BE5400" bytes="106496" />
</allocation-stats>
<gc-op id="1262" type="scavenge" timems="1.251" contextid="1259" timestamp="2019-06-20T23:34:42.185">
  <scavenger-info tenureage="2" tenuremask="4004" tiltratio="88" />
  <memory-copied type="nursery" objects="2505" bytes="61840" bytesdiscarded="94832" />
  <memory-copied type="tenure" objects="1233" bytes="29592" bytesdiscarded="8" />
</gc-op>
<gc-end id="1263" type="scavenge" contextid="1259" durationms="1.843" usertimems="0.000" systemtimems="4.000" timestamp="2019-06-20T23:34:42.185" activeThreads="4">
  <mem-info id="1264" free="2082315032" total="2092630016" percent="99">
    <mem type="nursery" free="2399232" total="2883584" percent="83">
      <mem type="allocate" free="2399232" total="2555904" percent="93" />
      <mem type="survivor" free="0" total="327680" percent="0" />
    </mem>
    <mem type="tenure" free="2079915800" total="2089746432" percent="99" macro-fragmented="0">
      <mem type="soa" free="1975428888" total="1985259520" percent="99" />
      <mem type="loa" free="104486912" total="104486912" percent="100" />
    </mem>
    <remembered-set count="297" />
  </mem-info>
</gc-end>
<cycle-end id="1265" type="scavenge" contextid="1259" timestamp="2019-06-20T23:34:42.185" />
  <attribute name="elasticGC enabled" value="1" />
  <attribute name= "numThreadsSpecified" value="4" />
  <attribute name="heapSize specified" value="8912896" />
  <attribute name="Current GC Util" value="0" />
  <attribute name= "Current Time Running" value="117795" />
  <attribute name ="GC Interval" value="200" />
  <attribute name="ProportionalT" value="-30.000000" />
  <attribute name="ProportionalI" value="-30.000000" />
  <attribute name="ProportionalH" value="-30.000000" />
  <attribute name="Current Error" value="-20.000000" />
  <attribute name="IntegralT" value="-26800.000000" />
  <attribute name="IntegralI" value="-26800.000000" />
  <attribute name="IntegralH" value="-26800.000000" />
  <attribute name="DerivativeT" value="-0.014925" />
  <attribute name="DerivativeI" value="-0.014925" />
  <attribute name="DerivativeH" value="-0.014925" />
  <attribute name="Loop Time for DT" value="1340.000000" />
  <attribute name="Output H" value="2092630016"/>
  <attribute name="Output I" value="200"/>
  <attribute name="Output T" value="4"/>
  <attribute name="Target GC Util Change" value ="20.000000" />
  <attribute name="Current GC Util Change" value="0.000000"/>
  <attribute name="GC Util currently" value="0" />
  <attribute name="CPU Util currently" value="3440991631" />
<allocation-satisfied id="1266" threadId="0000000001C0E700" bytesRequested="24" />
<af-end id="1267" timestamp="2019-06-20T23:34:42.186" threadId="0000000001C0F088" success="true" from="nursery"/>
<exclusive-end id="1268" timestamp="2019-06-20T23:34:42.186" durationms="2.606" />

<exclusive-start id="1269" timestamp="2019-06-20T23:34:43.399" intervalms="1215.707">
  <response-info timems="0.033" idlems="0.033" threads="0" lastid="0000000001C0AB00" lastname="node-16" />
</exclusive-start>
<af-start id="1270" threadId="0000000001C0B488" totalBytesRequested="24" timestamp="2019-06-20T23:34:43.399" intervalms="1215.670" type="nursery" />
<cycle-start id="1271" type="scavenge" contextid="0" timestamp="2019-06-20T23:34:43.399" intervalms="1215.630" />
<gc-start id="1272" type="scavenge" contextid="1271" timestamp="2019-06-20T23:34:43.399">
  <mem-info id="1273" free="2079915800" total="2092630016" percent="99">
    <mem type="nursery" free="0" total="2883584" percent="0">
      <mem type="allocate" free="0" total="2555904" percent="0" />
      <mem type="survivor" free="0" total="327680" percent="0" />
    </mem>
    <mem type="tenure" free="2079915800" total="2089746432" percent="99">
      <mem type="soa" free="1975428888" total="1985259520" percent="99" />
      <mem type="loa" free="104486912" total="104486912" percent="100" />
    </mem>
    <remembered-set count="368" />
  </mem-info>
</gc-start>
<allocation-stats totalBytes="2396504" >
  <allocated-bytes non-tlh="24" tlh="2396480" />
  <largest-consumer threadName="node-23" threadId="0000000001C0E700" bytes="106496" />
</allocation-stats>
<gc-op id="1274" type="scavenge" timems="0.762" contextid="1271" timestamp="2019-06-20T23:34:43.400">
  <scavenger-info tenureage="2" tenuremask="4004" tiltratio="88" />
  <memory-copied type="nursery" objects="2232" bytes="55288" bytesdiscarded="62216" />
  <memory-copied type="tenure" objects="1142" bytes="27408" bytesdiscarded="0" />
</gc-op>
<gc-end id="1275" type="scavenge" contextid="1271" durationms="1.247" usertimems="0.000" systemtimems="0.000" timestamp="2019-06-20T23:34:43.400" activeThreads="4">
  <mem-info id="1276" free="2082315032" total="2092630016" percent="99">
    <mem type="nursery" free="2438400" total="2883584" percent="84">
      <mem type="allocate" free="2438400" total="2555904" percent="95" />
      <mem type="survivor" free="0" total="327680" percent="0" />
    </mem>
    <mem type="tenure" free="2079876632" total="2089746432" percent="99" macro-fragmented="0">
      <mem type="soa" free="1975389720" total="1985259520" percent="99" />
      <mem type="loa" free="104486912" total="104486912" percent="100" />
    </mem>
    <remembered-set count="299" />
  </mem-info>
</gc-end>
<cycle-end id="1277" type="scavenge" contextid="1271" timestamp="2019-06-20T23:34:43.400" />
  <attribute name="elasticGC enabled" value="1" />
  <attribute name= "numThreadsSpecified" value="4" />
  <attribute name="heapSize specified" value="8912896" />
  <attribute name="Current GC Util" value="0" />
  <attribute name= "Current Time Running" value="119011" />
  <attribute name ="GC Interval" value="200" />
  <attribute name="ProportionalT" value="-30.000000" />
  <attribute name="ProportionalI" value="-30.000000" />
  <attribute name="ProportionalH" value="-30.000000" />
  <attribute name="Current Error" value="-20.000000" />
  <attribute name="IntegralT" value="-24320.000000" />
  <attribute name="IntegralI" value="-24320.000000" />
  <attribute name="IntegralH" value="-24320.000000" />
  <attribute name="DerivativeT" value="-0.016447" />
  <attribute name="DerivativeI" value="-0.016447" />
  <attribute name="DerivativeH" value="-0.016447" />
  <attribute name="Loop Time for DT" value="1216.000000" />
  <attribute name="Output H" value="2092630016"/>
  <attribute name="Output I" value="200"/>
  <attribute name="Output T" value="4"/>
  <attribute name="Target GC Util Change" value ="20.000000" />
  <attribute name="Current GC Util Change" value="0.000000"/>
  <attribute name="GC Util currently" value="0" />
  <attribute name="CPU Util currently" value="0" />
<allocation-satisfied id="1278" threadId="0000000001C0AB00" bytesRequested="24" />
<af-end id="1279" timestamp="2019-06-20T23:34:43.401" threadId="0000000001C0B488" success="true" from="nursery"/>
<exclusive-end id="1280" timestamp="2019-06-20T23:34:43.401" durationms="1.930" />

<exclusive-start id="1281" timestamp="2019-06-20T23:34:44.852" intervalms="1453.460">
  <response-info timems="0.064" idlems="0.064" threads="0" lastid="0000000001BE1800" lastname="node-25" />
</exclusive-start>
<af-start id="1282" threadId="0000000001BE2188" totalBytesRequested="32" timestamp="2019-06-20T23:34:44.852" intervalms="1453.504" type="nursery" />
<cycle-start id="1283" type="scavenge" contextid="0" timestamp="2019-06-20T23:34:44.852" intervalms="1453.492" />
<gc-start id="1284" type="scavenge" contextid="1283" timestamp="2019-06-20T23:34:44.853">
  <mem-info id="1285" free="2079876632" total="2092630016" percent="99">
    <mem type="nursery" free="0" total="2883584" percent="0">
      <mem type="allocate" free="0" total="2555904" percent="0" />
      <mem type="survivor" free="0" total="327680" percent="0" />
    </mem>
    <mem type="tenure" free="2079876632" total="2089746432" percent="99">
      <mem type="soa" free="1975389720" total="1985259520" percent="99" />
      <mem type="loa" free="104486912" total="104486912" percent="100" />
    </mem>
    <remembered-set count="371" />
  </mem-info>
</gc-start>
<allocation-stats totalBytes="2435912" >
  <allocated-bytes non-tlh="24" tlh="2435888" />
  <largest-consumer threadName="node-3" threadId="0000000001BE9000" bytes="106488" />
</allocation-stats>
<gc-op id="1286" type="scavenge" timems="0.781" contextid="1283" timestamp="2019-06-20T23:34:44.853">
  <scavenger-info tenureage="2" tenuremask="4004" tiltratio="88" />
  <memory-copied type="nursery" objects="2462" bytes="60800" bytesdiscarded="56704" />
  <memory-copied type="tenure" objects="1221" bytes="29304" bytesdiscarded="0" />
</gc-op>
<gc-end id="1287" type="scavenge" contextid="1283" durationms="1.135" usertimems="0.000" systemtimems="0.000" timestamp="2019-06-20T23:34:44.854" activeThreads="4">
  <mem-info id="1288" free="2082275864" total="2092630016" percent="99">
    <mem type="nursery" free="2438400" total="2883584" percent="84">
      <mem type="allocate" free="2438400" total="2555904" percent="95" />
      <mem type="survivor" free="0" total="327680" percent="0" />
    </mem>
    <mem type="tenure" free="2079837464" total="2089746432" percent="99" macro-fragmented="0">
      <mem type="soa" free="1975350552" total="1985259520" percent="99" />
      <mem type="loa" free="104486912" total="104486912" percent="100" />
    </mem>
    <remembered-set count="301" />
  </mem-info>
</gc-end>
<cycle-end id="1289" type="scavenge" contextid="1283" timestamp="2019-06-20T23:34:44.854" />
  <attribute name="elasticGC enabled" value="1" />
  <attribute name= "numThreadsSpecified" value="4" />
  <attribute name="heapSize specified" value="8912896" />
  <attribute name="Current GC Util" value="0" />
  <attribute name= "Current Time Running" value="120464" />
  <attribute name ="GC Interval" value="200" />
  <attribute name="ProportionalT" value="-30.000000" />
  <attribute name="ProportionalI" value="-30.000000" />
  <attribute name="ProportionalH" value="-30.000000" />
  <attribute name="Current Error" value="-20.000000" />
  <attribute name="IntegralT" value="-29060.000000" />
  <attribute name="IntegralI" value="-29060.000000" />
  <attribute name="IntegralH" value="-29060.000000" />
  <attribute name="DerivativeT" value="-0.013765" />
  <attribute name="DerivativeI" value="-0.013765" />
  <attribute name="DerivativeH" value="-0.013765" />
  <attribute name="Loop Time for DT" value="1453.000000" />
  <attribute name="Output H" value="2092630016"/>
  <attribute name="Output I" value="200"/>
  <attribute name="Output T" value="4"/>
  <attribute name="Target GC Util Change" value ="20.000000" />
  <attribute name="Current GC Util Change" value="0.000000"/>
  <attribute name="GC Util currently" value="0" />
  <attribute name="CPU Util currently" value="1" />
<allocation-satisfied id="1290" threadId="0000000001BE1800" bytesRequested="32" />
<af-end id="1291" timestamp="2019-06-20T23:34:44.854" threadId="0000000001BE2188" success="true" from="nursery"/>
<exclusive-end id="1292" timestamp="2019-06-20T23:34:44.854" durationms="1.935" />

<exclusive-start id="1293" timestamp="2019-06-20T23:34:46.319" intervalms="1466.548">
  <response-info timems="0.074" idlems="0.074" threads="0" lastid="0000000001BFBB00" lastname="node-7" />
</exclusive-start>
<af-start id="1294" threadId="0000000001BFC488" totalBytesRequested="248" timestamp="2019-06-20T23:34:46.320" intervalms="1467.492" type="nursery" />
<cycle-start id="1295" type="scavenge" contextid="0" timestamp="2019-06-20T23:34:46.320" intervalms="1467.501" />
<gc-start id="1296" type="scavenge" contextid="1295" timestamp="2019-06-20T23:34:46.320">
  <mem-info id="1297" free="2079837464" total="2092630016" percent="99">
    <mem type="nursery" free="0" total="2883584" percent="0">
      <mem type="allocate" free="0" total="2555904" percent="0" />
      <mem type="survivor" free="0" total="327680" percent="0" />
    </mem>
    <mem type="tenure" free="2079837464" total="2089746432" percent="99">
      <mem type="soa" free="1975350552" total="1985259520" percent="99" />
      <mem type="loa" free="104486912" total="104486912" percent="100" />
    </mem>
    <remembered-set count="372" />
  </mem-info>
</gc-start>
<allocation-stats totalBytes="2436592" >
  <allocated-bytes non-tlh="32" tlh="2436560" />
  <largest-consumer threadName="node-25" threadId="0000000001BE1800" bytes="106512" />
</allocation-stats>
<gc-op id="1298" type="scavenge" timems="0.773" contextid="1295" timestamp="2019-06-20T23:34:46.321">
  <scavenger-info tenureage="2" tenuremask="4004" tiltratio="88" />
  <memory-copied type="nursery" objects="2813" bytes="70128" bytesdiscarded="47376" />
  <memory-copied type="tenure" objects="869" bytes="20856" bytesdiscarded="0" />
</gc-op>
<gc-end id="1299" type="scavenge" contextid="1295" durationms="1.150" usertimems="0.000" systemtimems="0.000" timestamp="2019-06-20T23:34:46.321" activeThreads="4">
  <mem-info id="1300" free="2082236696" total="2092630016" percent="99">
    <mem type="nursery" free="2438400" total="2883584" percent="84">
      <mem type="allocate" free="2438400" total="2555904" percent="95" />
      <mem type="survivor" free="0" total="327680" percent="0" />
    </mem>
    <mem type="tenure" free="2079798296" total="2089746432" percent="99" macro-fragmented="0">
      <mem type="soa" free="1975311384" total="1985259520" percent="99" />
      <mem type="loa" free="104486912" total="104486912" percent="100" />
    </mem>
    <remembered-set count="307" />
  </mem-info>
</gc-end>
<cycle-end id="1301" type="scavenge" contextid="1295" timestamp="2019-06-20T23:34:46.321" />
  <attribute name="elasticGC enabled" value="1" />
  <attribute name= "numThreadsSpecified" value="4" />
  <attribute name="heapSize specified" value="8912896" />
  <attribute name="Current GC Util" value="0" />
  <attribute name= "Current Time Running" value="121932" />
  <attribute name ="GC Interval" value="200" />
  <attribute name="ProportionalT" value="-30.000000" />
  <attribute name="ProportionalI" value="-30.000000" />
  <attribute name="ProportionalH" value="-30.000000" />
  <attribute name="Current Error" value="-20.000000" />
  <attribute name="IntegralT" value="-29360.000000" />
  <attribute name="IntegralI" value="-29360.000000" />
  <attribute name="IntegralH" value="-29360.000000" />
  <attribute name="DerivativeT" value="-0.013624" />
  <attribute name="DerivativeI" value="-0.013624" />
  <attribute name="DerivativeH" value="-0.013624" />
  <attribute name="Loop Time for DT" value="1468.000000" />
  <attribute name="Output H" value="2092630016"/>
  <attribute name="Output I" value="200"/>
  <attribute name="Output T" value="4"/>
  <attribute name="Target GC Util Change" value ="20.000000" />
  <attribute name="Current GC Util Change" value="0.000000"/>
  <attribute name="GC Util currently" value="0" />
  <attribute name="CPU Util currently" value="3142504536" />
<allocation-satisfied id="1302" threadId="0000000001BFBB00" bytesRequested="248" />
<af-end id="1303" timestamp="2019-06-20T23:34:46.322" threadId="0000000001BFC488" success="true" from="nursery"/>
<exclusive-end id="1304" timestamp="2019-06-20T23:34:46.322" durationms="2.812" />

<exclusive-start id="1305" timestamp="2019-06-20T23:34:47.635" intervalms="1316.294">
  <response-info timems="0.036" idlems="0.036" threads="0" lastid="0000000001C0AB00" lastname="node-16" />
</exclusive-start>
<af-start id="1306" threadId="0000000001C0B488" totalBytesRequested="32" timestamp="2019-06-20T23:34:47.635" intervalms="1315.294" type="nursery" />
<cycle-start id="1307" type="scavenge" contextid="0" timestamp="2019-06-20T23:34:47.635" intervalms="1315.290" />
<gc-start id="1308" type="scavenge" contextid="1307" timestamp="2019-06-20T23:34:47.635">
  <mem-info id="1309" free="2079798296" total="2092630016" percent="99">
    <mem type="nursery" free="0" total="2883584" percent="0">
      <mem type="allocate" free="0" total="2555904" percent="0" />
      <mem type="survivor" free="0" total="327680" percent="0" />
    </mem>
    <mem type="tenure" free="2079798296" total="2089746432" percent="99">
      <mem type="soa" free="1975311384" total="1985259520" percent="99" />
      <mem type="loa" free="104486912" total="104486912" percent="100" />
    </mem>
    <remembered-set count="380" />
  </mem-info>
</gc-start>
<allocation-stats totalBytes="2437360" >
  <allocated-bytes non-tlh="248" tlh="2437112" />
  <largest-consumer threadName="node-7" threadId="0000000001BFBB00" bytes="106728" />
</allocation-stats>
<gc-op id="1310" type="scavenge" timems="0.513" contextid="1307" timestamp="2019-06-20T23:34:47.636">
  <scavenger-info tenureage="2" tenuremask="4004" tiltratio="88" />
  <memory-copied type="nursery" objects="2959" bytes="73184" bytesdiscarded="44320" />
  <memory-copied type="tenure" objects="1451" bytes="34824" bytesdiscarded="0" />
</gc-op>
<gc-end id="1311" type="scavenge" contextid="1307" durationms="0.705" usertimems="4.000" systemtimems="0.000" timestamp="2019-06-20T23:34:47.636" activeThreads="4">
  <mem-info id="1312" free="2082197528" total="2092630016" percent="99">
    <mem type="nursery" free="2438400" total="2883584" percent="84">
      <mem type="allocate" free="2438400" total="2555904" percent="95" />
      <mem type="survivor" free="0" total="327680" percent="0" />
    </mem>
    <mem type="tenure" free="2079759128" total="2089746432" percent="99" macro-fragmented="0">
      <mem type="soa" free="1975272216" total="1985259520" percent="99" />
      <mem type="loa" free="104486912" total="104486912" percent="100" />
    </mem>
    <remembered-set count="308" />
  </mem-info>
</gc-end>
<cycle-end id="1313" type="scavenge" contextid="1307" timestamp="2019-06-20T23:34:47.636" />
  <attribute name="elasticGC enabled" value="1" />
  <attribute name= "numThreadsSpecified" value="4" />
  <attribute name="heapSize specified" value="8912896" />
  <attribute name="Current GC Util" value="0" />
  <attribute name= "Current Time Running" value="123247" />
  <attribute name ="GC Interval" value="200" />
  <attribute name="ProportionalT" value="-30.000000" />
  <attribute name="ProportionalI" value="-30.000000" />
  <attribute name="ProportionalH" value="-30.000000" />
  <attribute name="Current Error" value="-20.000000" />
  <attribute name="IntegralT" value="-26300.000000" />
  <attribute name="IntegralI" value="-26300.000000" />
  <attribute name="IntegralH" value="-26300.000000" />
  <attribute name="DerivativeT" value="-0.015209" />
  <attribute name="DerivativeI" value="-0.015209" />
  <attribute name="DerivativeH" value="-0.015209" />
  <attribute name="Loop Time for DT" value="1315.000000" />
  <attribute name="Output H" value="2092630016"/>
  <attribute name="Output I" value="200"/>
  <attribute name="Output T" value="4"/>
  <attribute name="Target GC Util Change" value ="20.000000" />
  <attribute name="Current GC Util Change" value="0.000000"/>
  <attribute name="GC Util currently" value="0" />
  <attribute name="CPU Util currently" value="3506270800" />
<allocation-satisfied id="1314" threadId="0000000001C0AB00" bytesRequested="32" />
<af-end id="1315" timestamp="2019-06-20T23:34:47.636" threadId="0000000001C0B488" success="true" from="nursery"/>
<exclusive-end id="1316" timestamp="2019-06-20T23:34:47.636" durationms="1.199" />

<exclusive-start id="1317" timestamp="2019-06-20T23:34:49.091" intervalms="1455.871">
  <response-info timems="0.053" idlems="0.026" threads="2" lastid="0000000001BCEC00" lastname="node-0" />
</exclusive-start>
<af-start id="1318" threadId="0000000001BDA988" totalBytesRequested="32" timestamp="2019-06-20T23:34:49.091" intervalms="1455.858" type="nursery" />
<cycle-start id="1319" type="scavenge" contextid="0" timestamp="2019-06-20T23:34:49.091" intervalms="1455.851" />
<gc-start id="1320" type="scavenge" contextid="1319" timestamp="2019-06-20T23:34:49.091">
  <mem-info id="1321" free="2079759128" total="2092630016" percent="99">
    <mem type="nursery" free="0" total="2883584" percent="0">
      <mem type="allocate" free="0" total="2555904" percent="0" />
      <mem type="survivor" free="0" total="327680" percent="0" />
    </mem>
    <mem type="tenure" free="2079759128" total="2089746432" percent="99">
      <mem type="soa" free="1975272216" total="1985259520" percent="99" />
      <mem type="loa" free="104486912" total="104486912" percent="100" />
    </mem>
    <remembered-set count="381" />
  </mem-info>
</gc-start>
<allocation-stats totalBytes="2429744" >
  <allocated-bytes non-tlh="32" tlh="2429712" />
  <largest-consumer threadName="node-9" threadId="0000000001BCB000" bytes="106488" />
</allocation-stats>
<gc-op id="1322" type="scavenge" timems="1.413" contextid="1319" timestamp="2019-06-20T23:34:49.093">
  <scavenger-info tenureage="2" tenuremask="4004" tiltratio="88" />
  <memory-copied type="nursery" objects="3182" bytes="78592" bytesdiscarded="78080" />
  <memory-copied type="tenure" objects="1212" bytes="29088" bytesdiscarded="0" />
</gc-op>
<gc-end id="1323" type="scavenge" contextid="1319" durationms="1.589" usertimems="0.000" systemtimems="4.000" timestamp="2019-06-20T23:34:49.093" activeThreads="4">
  <mem-info id="1324" free="2082119192" total="2092630016" percent="99">
    <mem type="nursery" free="2399232" total="2883584" percent="83">
      <mem type="allocate" free="2399232" total="2555904" percent="93" />
      <mem type="survivor" free="0" total="327680" percent="0" />
    </mem>
    <mem type="tenure" free="2079719960" total="2089746432" percent="99" macro-fragmented="0">
      <mem type="soa" free="1975233048" total="1985259520" percent="99" />
      <mem type="loa" free="104486912" total="104486912" percent="100" />
    </mem>
    <remembered-set count="308" />
  </mem-info>
</gc-end>
<cycle-end id="1325" type="scavenge" contextid="1319" timestamp="2019-06-20T23:34:49.093" />
  <attribute name="elasticGC enabled" value="1" />
  <attribute name= "numThreadsSpecified" value="4" />
  <attribute name="heapSize specified" value="8912896" />
  <attribute name="Current GC Util" value="0" />
  <attribute name= "Current Time Running" value="124703" />
  <attribute name ="GC Interval" value="200" />
  <attribute name="ProportionalT" value="-30.000000" />
  <attribute name="ProportionalI" value="-30.000000" />
  <attribute name="ProportionalH" value="-30.000000" />
  <attribute name="Current Error" value="-20.000000" />
  <attribute name="IntegralT" value="-29120.000000" />
  <attribute name="IntegralI" value="-29120.000000" />
  <attribute name="IntegralH" value="-29120.000000" />
  <attribute name="DerivativeT" value="-0.013736" />
  <attribute name="DerivativeI" value="-0.013736" />
  <attribute name="DerivativeH" value="-0.013736" />
  <attribute name="Loop Time for DT" value="1456.000000" />
  <attribute name="Output H" value="2092630016"/>
  <attribute name="Output I" value="200"/>
  <attribute name="Output T" value="4"/>
  <attribute name="Target GC Util Change" value ="20.000000" />
  <attribute name="Current GC Util Change" value="0.000000"/>
  <attribute name="GC Util currently" value="0" />
  <attribute name="CPU Util currently" value="1" />
<allocation-satisfied id="1326" threadId="0000000001BDA000" bytesRequested="32" />
<af-end id="1327" timestamp="2019-06-20T23:34:49.093" threadId="0000000001BDA988" success="true" from="nursery"/>
<exclusive-end id="1328" timestamp="2019-06-20T23:34:49.093" durationms="2.170" />

<exclusive-start id="1329" timestamp="2019-06-20T23:34:50.175" intervalms="1084.051">
  <response-info timems="0.060" idlems="0.060" threads="0" lastid="0000000001BE9000" lastname="node-3" />
</exclusive-start>
<af-start id="1330" threadId="0000000001BE9988" totalBytesRequested="720" timestamp="2019-06-20T23:34:50.175" intervalms="1084.056" type="nursery" />
<cycle-start id="1331" type="scavenge" contextid="0" timestamp="2019-06-20T23:34:50.175" intervalms="1084.050" />
<gc-start id="1332" type="scavenge" contextid="1331" timestamp="2019-06-20T23:34:50.175">
  <mem-info id="1333" free="2079719960" total="2092630016" percent="99">
    <mem type="nursery" free="0" total="2883584" percent="0">
      <mem type="allocate" free="0" total="2555904" percent="0" />
      <mem type="survivor" free="0" total="327680" percent="0" />
    </mem>
    <mem type="tenure" free="2079719960" total="2089746432" percent="99">
      <mem type="soa" free="1975233048" total="1985259520" percent="99" />
      <mem type="loa" free="104486912" total="104486912" percent="100" />
    </mem>
    <remembered-set count="373" />
  </mem-info>
</gc-start>
<allocation-stats totalBytes="2397720" >
  <allocated-bytes non-tlh="32" tlh="2397688" />
  <largest-consumer threadName="node-24" threadId="0000000001BECC00" bytes="118744" />
</allocation-stats>
<gc-op id="1334" type="scavenge" timems="0.486" contextid="1331" timestamp="2019-06-20T23:34:50.176">
  <scavenger-info tenureage="2" tenuremask="4004" tiltratio="88" />
  <memory-copied type="nursery" objects="2806" bytes="83488" bytesdiscarded="73184" />
  <memory-copied type="tenure" objects="1602" bytes="38448" bytesdiscarded="0" />
</gc-op>
<gc-end id="1335" type="scavenge" contextid="1331" durationms="0.658" usertimems="0.000" systemtimems="0.000" timestamp="2019-06-20T23:34:50.176" activeThreads="4">
  <mem-info id="1336" free="2082080024" total="2092630016" percent="99">
    <mem type="nursery" free="2399232" total="2883584" percent="83">
      <mem type="allocate" free="2399232" total="2555904" percent="93" />
      <mem type="survivor" free="0" total="327680" percent="0" />
    </mem>
    <mem type="tenure" free="2079680792" total="2089746432" percent="99" macro-fragmented="0">
      <mem type="soa" free="1975193880" total="1985259520" percent="99" />
      <mem type="loa" free="104486912" total="104486912" percent="100" />
    </mem>
    <remembered-set count="284" />
  </mem-info>
</gc-end>
<cycle-end id="1337" type="scavenge" contextid="1331" timestamp="2019-06-20T23:34:50.176" />
  <attribute name="elasticGC enabled" value="1" />
  <attribute name= "numThreadsSpecified" value="4" />
  <attribute name="heapSize specified" value="8912896" />
  <attribute name="Current GC Util" value="0" />
  <attribute name= "Current Time Running" value="125787" />
  <attribute name ="GC Interval" value="200" />
  <attribute name="ProportionalT" value="-30.000000" />
  <attribute name="ProportionalI" value="-30.000000" />
  <attribute name="ProportionalH" value="-30.000000" />
  <attribute name="Current Error" value="-20.000000" />
  <attribute name="IntegralT" value="-21680.000000" />
  <attribute name="IntegralI" value="-21680.000000" />
  <attribute name="IntegralH" value="-21680.000000" />
  <attribute name="DerivativeT" value="-0.018450" />
  <attribute name="DerivativeI" value="-0.018450" />
  <attribute name="DerivativeH" value="-0.018450" />
  <attribute name="Loop Time for DT" value="1084.000000" />
  <attribute name="Output H" value="2092630016"/>
  <attribute name="Output I" value="200"/>
  <attribute name="Output T" value="4"/>
  <attribute name="Target GC Util Change" value ="20.000000" />
  <attribute name="Current GC Util Change" value="0.000000"/>
  <attribute name="GC Util currently" value="0" />
  <attribute name="CPU Util currently" value="4254116168" />
<allocation-satisfied id="1338" threadId="0000000001BE9000" bytesRequested="720" />
<af-end id="1339" timestamp="2019-06-20T23:34:50.176" threadId="0000000001BE9988" success="true" from="nursery"/>
<exclusive-end id="1340" timestamp="2019-06-20T23:34:50.176" durationms="1.088" />

<exclusive-start id="1341" timestamp="2019-06-20T23:34:51.384" intervalms="1209.048">
  <response-info timems="0.235" idlems="0.235" threads="0" lastid="0000000001BC7500" lastname="node-10" />
</exclusive-start>
<af-start id="1342" threadId="0000000001BC7E88" totalBytesRequested="32" timestamp="2019-06-20T23:34:51.384" intervalms="1209.055" type="nursery" />
<cycle-start id="1343" type="scavenge" contextid="0" timestamp="2019-06-20T23:34:51.384" intervalms="1209.053" />
<gc-start id="1344" type="scavenge" contextid="1343" timestamp="2019-06-20T23:34:51.384">
  <mem-info id="1345" free="2079680792" total="2092630016" percent="99">
    <mem type="nursery" free="0" total="2883584" percent="0">
      <mem type="allocate" free="0" total="2555904" percent="0" />
      <mem type="survivor" free="0" total="327680" percent="0" />
    </mem>
    <mem type="tenure" free="2079680792" total="2089746432" percent="99">
      <mem type="soa" free="1975193880" total="1985259520" percent="99" />
      <mem type="loa" free="104486912" total="104486912" percent="100" />
    </mem>
    <remembered-set count="370" />
  </mem-info>
</gc-start>
<allocation-stats totalBytes="2398672" >
  <allocated-bytes non-tlh="720" tlh="2397952" />
  <largest-consumer threadName="node-3" threadId="0000000001BE9000" bytes="107192" />
</allocation-stats>
<gc-op id="1346" type="scavenge" timems="0.458" contextid="1343" timestamp="2019-06-20T23:34:51.385">
  <scavenger-info tenureage="2" tenuremask="4004" tiltratio="88" />
  <memory-copied type="nursery" objects="2552" bytes="63016" bytesdiscarded="93656" />
  <memory-copied type="tenure" objects="1432" bytes="34368" bytesdiscarded="0" />
</gc-op>
<gc-end id="1347" type="scavenge" contextid="1343" durationms="0.752" usertimems="0.000" systemtimems="0.000" timestamp="2019-06-20T23:34:51.385" activeThreads="4">
  <mem-info id="1348" free="2082040856" total="2092630016" percent="99">
    <mem type="nursery" free="2399232" total="2883584" percent="83">
      <mem type="allocate" free="2399232" total="2555904" percent="93" />
      <mem type="survivor" free="0" total="327680" percent="0" />
    </mem>
    <mem type="tenure" free="2079641624" total="2089746432" percent="99" macro-fragmented="0">
      <mem type="soa" free="1975154712" total="1985259520" percent="99" />
      <mem type="loa" free="104486912" total="104486912" percent="100" />
    </mem>
    <remembered-set count="300" />
  </mem-info>
</gc-end>
<cycle-end id="1349" type="scavenge" contextid="1343" timestamp="2019-06-20T23:34:51.385" />
  <attribute name="elasticGC enabled" value="1" />
  <attribute name= "numThreadsSpecified" value="4" />
  <attribute name="heapSize specified" value="8912896" />
  <attribute name="Current GC Util" value="0" />
  <attribute name= "Current Time Running" value="126996" />
  <attribute name ="GC Interval" value="200" />
  <attribute name="ProportionalT" value="-30.000000" />
  <attribute name="ProportionalI" value="-30.000000" />
  <attribute name="ProportionalH" value="-30.000000" />
  <attribute name="Current Error" value="-20.000000" />
  <attribute name="IntegralT" value="-24180.000000" />
  <attribute name="IntegralI" value="-24180.000000" />
  <attribute name="IntegralH" value="-24180.000000" />
  <attribute name="DerivativeT" value="-0.016543" />
  <attribute name="DerivativeI" value="-0.016543" />
  <attribute name="DerivativeH" value="-0.016543" />
  <attribute name="Loop Time for DT" value="1209.000000" />
  <attribute name="Output H" value="2092630016"/>
  <attribute name="Output I" value="200"/>
  <attribute name="Output T" value="4"/>
  <attribute name="Target GC Util Change" value ="20.000000" />
  <attribute name="Current GC Util Change" value="0.000000"/>
  <attribute name="GC Util currently" value="0" />
  <attribute name="CPU Util currently" value="0" />
<allocation-satisfied id="1350" threadId="0000000001BC7500" bytesRequested="32" />
<af-end id="1351" timestamp="2019-06-20T23:34:51.385" threadId="0000000001BC7E88" success="true" from="nursery"/>
<exclusive-end id="1352" timestamp="2019-06-20T23:34:51.385" durationms="1.379" />

<exclusive-start id="1353" timestamp="2019-06-20T23:34:52.342" intervalms="958.242">
  <response-info timems="0.032" idlems="0.032" threads="0" lastid="0000000001C06F00" lastname="node-20" />
</exclusive-start>
<af-start id="1354" threadId="0000000001C07888" totalBytesRequested="24" timestamp="2019-06-20T23:34:52.342" intervalms="958.244" type="nursery" />
<cycle-start id="1355" type="scavenge" contextid="0" timestamp="2019-06-20T23:34:52.342" intervalms="958.256" />
<gc-start id="1356" type="scavenge" contextid="1355" timestamp="2019-06-20T23:34:52.343">
  <mem-info id="1357" free="2079641624" total="2092630016" percent="99">
    <mem type="nursery" free="0" total="2883584" percent="0">
      <mem type="allocate" free="0" total="2555904" percent="0" />
      <mem type="survivor" free="0" total="327680" percent="0" />
    </mem>
    <mem type="tenure" free="2079641624" total="2089746432" percent="99">
      <mem type="soa" free="1975154712" total="1985259520" percent="99" />
      <mem type="loa" free="104486912" total="104486912" percent="100" />
    </mem>
    <remembered-set count="362" />
  </mem-info>
</gc-start>
<allocation-stats totalBytes="2398344" >
  <allocated-bytes non-tlh="32" tlh="2398312" />
  <largest-consumer threadName="node-10" threadId="0000000001BC7500" bytes="122864" />
</allocation-stats>
<gc-op id="1358" type="scavenge" timems="1.235" contextid="1355" timestamp="2019-06-20T23:34:52.344">
  <scavenger-info tenureage="2" tenuremask="4004" tiltratio="88" />
  <memory-copied type="nursery" objects="2745" bytes="67600" bytesdiscarded="89072" />
  <memory-copied type="tenure" objects="1167" bytes="28008" bytesdiscarded="0" />
</gc-op>
<gc-end id="1359" type="scavenge" contextid="1355" durationms="1.494" usertimems="4.000" systemtimems="0.000" timestamp="2019-06-20T23:34:52.344" activeThreads="4">
  <mem-info id="1360" free="2082001688" total="2092630016" percent="99">
    <mem type="nursery" free="2399232" total="2883584" percent="83">
      <mem type="allocate" free="2399232" total="2555904" percent="93" />
      <mem type="survivor" free="0" total="327680" percent="0" />
    </mem>
    <mem type="tenure" free="2079602456" total="2089746432" percent="99" macro-fragmented="0">
      <mem type="soa" free="1975115544" total="1985259520" percent="99" />
      <mem type="loa" free="104486912" total="104486912" percent="100" />
    </mem>
    <remembered-set count="285" />
  </mem-info>
</gc-end>
<cycle-end id="1361" type="scavenge" contextid="1355" timestamp="2019-06-20T23:34:52.344" />
  <attribute name="elasticGC enabled" value="1" />
  <attribute name= "numThreadsSpecified" value="4" />
  <attribute name="heapSize specified" value="8912896" />
  <attribute name="Current GC Util" value="0" />
  <attribute name= "Current Time Running" value="127954" />
  <attribute name ="GC Interval" value="200" />
  <attribute name="ProportionalT" value="-30.000000" />
  <attribute name="ProportionalI" value="-30.000000" />
  <attribute name="ProportionalH" value="-30.000000" />
  <attribute name="Current Error" value="-20.000000" />
  <attribute name="IntegralT" value="-19160.000000" />
  <attribute name="IntegralI" value="-19160.000000" />
  <attribute name="IntegralH" value="-19160.000000" />
  <attribute name="DerivativeT" value="-0.020877" />
  <attribute name="DerivativeI" value="-0.020877" />
  <attribute name="DerivativeH" value="-0.020877" />
  <attribute name="Loop Time for DT" value="958.000000" />
  <attribute name="Output H" value="2092630016"/>
  <attribute name="Output I" value="200"/>
  <attribute name="Output T" value="4"/>
  <attribute name="Target GC Util Change" value ="20.000000" />
  <attribute name="Current GC Util Change" value="0.000000"/>
  <attribute name="GC Util currently" value="0" />
  <attribute name="CPU Util currently" value="4812858246" />
<allocation-satisfied id="1362" threadId="0000000001C06F00" bytesRequested="24" />
<af-end id="1363" timestamp="2019-06-20T23:34:52.344" threadId="0000000001C07888" success="true" from="nursery"/>
<exclusive-end id="1364" timestamp="2019-06-20T23:34:52.344" durationms="2.013" />

<exclusive-start id="1365" timestamp="2019-06-20T23:34:53.609" intervalms="1267.150">
  <response-info timems="0.033" idlems="0.033" threads="0" lastid="0000000001BCEC00" lastname="node-0" />
</exclusive-start>
<af-start id="1366" threadId="0000000001BCF588" totalBytesRequested="24" timestamp="2019-06-20T23:34:53.610" intervalms="1267.155" type="nursery" />
<cycle-start id="1367" type="scavenge" contextid="0" timestamp="2019-06-20T23:34:53.610" intervalms="1267.144" />
<gc-start id="1368" type="scavenge" contextid="1367" timestamp="2019-06-20T23:34:53.610">
  <mem-info id="1369" free="2079602456" total="2092630016" percent="99">
    <mem type="nursery" free="0" total="2883584" percent="0">
      <mem type="allocate" free="0" total="2555904" percent="0" />
      <mem type="survivor" free="0" total="327680" percent="0" />
    </mem>
    <mem type="tenure" free="2079602456" total="2089746432" percent="99">
      <mem type="soa" free="1975115544" total="1985259520" percent="99" />
      <mem type="loa" free="104486912" total="104486912" percent="100" />
    </mem>
    <remembered-set count="366" />
  </mem-info>
</gc-start>
<allocation-stats totalBytes="2398432" >
  <allocated-bytes non-tlh="24" tlh="2398408" />
  <largest-consumer threadName="node-9" threadId="0000000001BCB000" bytes="106496" />
</allocation-stats>
<gc-op id="1370" type="scavenge" timems="0.883" contextid="1367" timestamp="2019-06-20T23:34:53.611">
  <scavenger-info tenureage="2" tenuremask="4004" tiltratio="88" />
  <memory-copied type="nursery" objects="2803" bytes="66352" bytesdiscarded="51152" />
  <memory-copied type="tenure" objects="1243" bytes="29832" bytesdiscarded="0" />
</gc-op>
<gc-end id="1371" type="scavenge" contextid="1367" durationms="1.366" usertimems="0.000" systemtimems="0.000" timestamp="2019-06-20T23:34:53.611" activeThreads="4">
  <mem-info id="1372" free="2082001688" total="2092630016" percent="99">
    <mem type="nursery" free="2438400" total="2883584" percent="84">
      <mem type="allocate" free="2438400" total="2555904" percent="95" />
      <mem type="survivor" free="0" total="327680" percent="0" />
    </mem>
    <mem type="tenure" free="2079563288" total="2089746432" percent="99" macro-fragmented="0">
      <mem type="soa" free="1975076376" total="1985259520" percent="99" />
      <mem type="loa" free="104486912" total="104486912" percent="100" />
    </mem>
    <remembered-set count="279" />
  </mem-info>
</gc-end>
<cycle-end id="1373" type="scavenge" contextid="1367" timestamp="2019-06-20T23:34:53.611" />
  <attribute name="elasticGC enabled" value="1" />
  <attribute name= "numThreadsSpecified" value="4" />
  <attribute name="heapSize specified" value="8912896" />
  <attribute name="Current GC Util" value="0" />
  <attribute name= "Current Time Running" value="129221" />
  <attribute name ="GC Interval" value="200" />
  <attribute name="ProportionalT" value="-30.000000" />
  <attribute name="ProportionalI" value="-30.000000" />
  <attribute name="ProportionalH" value="-30.000000" />
  <attribute name="Current Error" value="-20.000000" />
  <attribute name="IntegralT" value="-25340.000000" />
  <attribute name="IntegralI" value="-25340.000000" />
  <attribute name="IntegralH" value="-25340.000000" />
  <attribute name="DerivativeT" value="-0.015785" />
  <attribute name="DerivativeI" value="-0.015785" />
  <attribute name="DerivativeH" value="-0.015785" />
  <attribute name="Loop Time for DT" value="1267.000000" />
  <attribute name="Output H" value="2092630016"/>
  <attribute name="Output I" value="200"/>
  <attribute name="Output T" value="4"/>
  <attribute name="Target GC Util Change" value ="20.000000" />
  <attribute name="Current GC Util Change" value="0.000000"/>
  <attribute name="GC Util currently" value="0" />
  <attribute name="CPU Util currently" value="0" />
<allocation-satisfied id="1374" threadId="0000000001BCEC00" bytesRequested="24" />
<af-end id="1375" timestamp="2019-06-20T23:34:53.611" threadId="0000000001BCF588" success="true" from="nursery"/>
<exclusive-end id="1376" timestamp="2019-06-20T23:34:53.611" durationms="2.042" />

<exclusive-start id="1377" timestamp="2019-06-20T23:34:54.842" intervalms="1232.675">
  <response-info timems="0.063" idlems="0.036" threads="1" lastid="0000000001BF7F00" lastname="node-4" />
</exclusive-start>
<af-start id="1378" threadId="0000000001BCF588" totalBytesRequested="24" timestamp="2019-06-20T23:34:54.842" intervalms="1232.672" type="nursery" />
<cycle-start id="1379" type="scavenge" contextid="0" timestamp="2019-06-20T23:34:54.842" intervalms="1232.673" />
<gc-start id="1380" type="scavenge" contextid="1379" timestamp="2019-06-20T23:34:54.842">
  <mem-info id="1381" free="2079563288" total="2092630016" percent="99">
    <mem type="nursery" free="0" total="2883584" percent="0">
      <mem type="allocate" free="0" total="2555904" percent="0" />
      <mem type="survivor" free="0" total="327680" percent="0" />
    </mem>
    <mem type="tenure" free="2079563288" total="2089746432" percent="99">
      <mem type="soa" free="1975076376" total="1985259520" percent="99" />
      <mem type="loa" free="104486912" total="104486912" percent="100" />
    </mem>
    <remembered-set count="373" />
  </mem-info>
</gc-start>
<allocation-stats totalBytes="2436456" >
  <allocated-bytes non-tlh="24" tlh="2436432" />
  <largest-consumer threadName="node-4" threadId="0000000001BF7F00" bytes="118720" />
</allocation-stats>
<gc-op id="1382" type="scavenge" timems="0.470" contextid="1379" timestamp="2019-06-20T23:34:54.843">
  <scavenger-info tenureage="2" tenuremask="4004" tiltratio="88" />
  <memory-copied type="nursery" objects="2676" bytes="66456" bytesdiscarded="90216" />
  <memory-copied type="tenure" objects="1361" bytes="32664" bytesdiscarded="0" />
</gc-op>
<gc-end id="1383" type="scavenge" contextid="1379" durationms="0.660" usertimems="4.000" systemtimems="0.000" timestamp="2019-06-20T23:34:54.843" activeThreads="4">
  <mem-info id="1384" free="2081923352" total="2092630016" percent="99">
    <mem type="nursery" free="2399232" total="2883584" percent="83">
      <mem type="allocate" free="2399232" total="2555904" percent="93" />
      <mem type="survivor" free="0" total="327680" percent="0" />
    </mem>
    <mem type="tenure" free="2079524120" total="2089746432" percent="99" macro-fragmented="0">
      <mem type="soa" free="1975037208" total="1985259520" percent="99" />
      <mem type="loa" free="104486912" total="104486912" percent="100" />
    </mem>
    <remembered-set count="302" />
  </mem-info>
</gc-end>
<cycle-end id="1385" type="scavenge" contextid="1379" timestamp="2019-06-20T23:34:54.843" />
  <attribute name="elasticGC enabled" value="1" />
  <attribute name= "numThreadsSpecified" value="4" />
  <attribute name="heapSize specified" value="8912896" />
  <attribute name="Current GC Util" value="0" />
  <attribute name= "Current Time Running" value="130454" />
  <attribute name ="GC Interval" value="200" />
  <attribute name="ProportionalT" value="-30.000000" />
  <attribute name="ProportionalI" value="-30.000000" />
  <attribute name="ProportionalH" value="-30.000000" />
  <attribute name="Current Error" value="-20.000000" />
  <attribute name="IntegralT" value="-24660.000000" />
  <attribute name="IntegralI" value="-24660.000000" />
  <attribute name="IntegralH" value="-24660.000000" />
  <attribute name="DerivativeT" value="-0.016221" />
  <attribute name="DerivativeI" value="-0.016221" />
  <attribute name="DerivativeH" value="-0.016221" />
  <attribute name="Loop Time for DT" value="1233.000000" />
  <attribute name="Output H" value="2092630016"/>
  <attribute name="Output I" value="200"/>
  <attribute name="Output T" value="4"/>
  <attribute name="Target GC Util Change" value ="20.000000" />
  <attribute name="Current GC Util Change" value="0.000000"/>
  <attribute name="GC Util currently" value="0" />
  <attribute name="CPU Util currently" value="3741572163" />
<allocation-satisfied id="1386" threadId="0000000001BCEC00" bytesRequested="24" />
<af-end id="1387" timestamp="2019-06-20T23:34:54.843" threadId="0000000001BCF588" success="true" from="nursery"/>
<exclusive-end id="1388" timestamp="2019-06-20T23:34:54.843" durationms="1.206" />

<exclusive-start id="1389" timestamp="2019-06-20T23:34:55.844" intervalms="1002.067">
  <response-info timems="0.038" idlems="0.038" threads="0" lastid="0000000001BD2800" lastname="node-6" />
</exclusive-start>
<af-start id="1390" threadId="0000000001BD3188" totalBytesRequested="32" timestamp="2019-06-20T23:34:55.844" intervalms="1002.070" type="nursery" />
<cycle-start id="1391" type="scavenge" contextid="0" timestamp="2019-06-20T23:34:55.844" intervalms="1002.078" />
<gc-start id="1392" type="scavenge" contextid="1391" timestamp="2019-06-20T23:34:55.844">
  <mem-info id="1393" free="2079524120" total="2092630016" percent="99">
    <mem type="nursery" free="0" total="2883584" percent="0">
      <mem type="allocate" free="0" total="2555904" percent="0" />
      <mem type="survivor" free="0" total="327680" percent="0" />
    </mem>
    <mem type="tenure" free="2079524120" total="2089746432" percent="99">
      <mem type="soa" free="1975037208" total="1985259520" percent="99" />
      <mem type="loa" free="104486912" total="104486912" percent="100" />
    </mem>
    <remembered-set count="369" />
  </mem-info>
</gc-start>
<allocation-stats totalBytes="2398472" >
  <allocated-bytes non-tlh="24" tlh="2398448" />
  <largest-consumer threadName="node-20" threadId="0000000001C06F00" bytes="106496" />
</allocation-stats>
<gc-op id="1394" type="scavenge" timems="0.734" contextid="1391" timestamp="2019-06-20T23:34:55.845">
  <scavenger-info tenureage="2" tenuremask="4004" tiltratio="88" />
  <memory-copied type="nursery" objects="2614" bytes="64448" bytesdiscarded="53056" />
  <memory-copied type="tenure" objects="1327" bytes="31848" bytesdiscarded="16" />
</gc-op>
<gc-end id="1395" type="scavenge" contextid="1391" durationms="1.093" usertimems="4.000" systemtimems="0.000" timestamp="2019-06-20T23:34:55.846" activeThreads="4">
  <mem-info id="1396" free="2081923352" total="2092630016" percent="99">
    <mem type="nursery" free="2438400" total="2883584" percent="84">
      <mem type="allocate" free="2438400" total="2555904" percent="95" />
      <mem type="survivor" free="0" total="327680" percent="0" />
    </mem>
    <mem type="tenure" free="2079484952" total="2089746432" percent="99" macro-fragmented="0">
      <mem type="soa" free="1974998040" total="1985259520" percent="99" />
      <mem type="loa" free="104486912" total="104486912" percent="100" />
    </mem>
    <remembered-set count="300" />
  </mem-info>
</gc-end>
<cycle-end id="1397" type="scavenge" contextid="1391" timestamp="2019-06-20T23:34:55.846" />
  <attribute name="elasticGC enabled" value="1" />
  <attribute name= "numThreadsSpecified" value="4" />
  <attribute name="heapSize specified" value="8912896" />
  <attribute name="Current GC Util" value="0" />
  <attribute name= "Current Time Running" value="131456" />
  <attribute name ="GC Interval" value="200" />
  <attribute name="ProportionalT" value="-30.000000" />
  <attribute name="ProportionalI" value="-30.000000" />
  <attribute name="ProportionalH" value="-30.000000" />
  <attribute name="Current Error" value="-20.000000" />
  <attribute name="IntegralT" value="-20040.000000" />
  <attribute name="IntegralI" value="-20040.000000" />
  <attribute name="IntegralH" value="-20040.000000" />
  <attribute name="DerivativeT" value="-0.019960" />
  <attribute name="DerivativeI" value="-0.019960" />
  <attribute name="DerivativeH" value="-0.019960" />
  <attribute name="Loop Time for DT" value="1002.000000" />
  <attribute name="Output H" value="2092630016"/>
  <attribute name="Output I" value="200"/>
  <attribute name="Output T" value="4"/>
  <attribute name="Target GC Util Change" value ="20.000000" />
  <attribute name="Current GC Util Change" value="0.000000"/>
  <attribute name="GC Util currently" value="0" />
  <attribute name="CPU Util currently" value="4602018540" />
<allocation-satisfied id="1398" threadId="0000000001BD2800" bytesRequested="32" />
<af-end id="1399" timestamp="2019-06-20T23:34:55.846" threadId="0000000001BD3188" success="true" from="nursery"/>
<exclusive-end id="1400" timestamp="2019-06-20T23:34:55.846" durationms="1.826" />

<exclusive-start id="1401" timestamp="2019-06-20T23:34:57.251" intervalms="1406.981">
  <response-info timems="0.324" idlems="0.324" threads="0" lastid="0000000001BD2800" lastname="node-6" />
</exclusive-start>
<af-start id="1402" threadId="0000000001BD3188" totalBytesRequested="32" timestamp="2019-06-20T23:34:57.251" intervalms="1406.983" type="nursery" />
<cycle-start id="1403" type="scavenge" contextid="0" timestamp="2019-06-20T23:34:57.251" intervalms="1406.986" />
<gc-start id="1404" type="scavenge" contextid="1403" timestamp="2019-06-20T23:34:57.251">
  <mem-info id="1405" free="2079484952" total="2092630016" percent="99">
    <mem type="nursery" free="0" total="2883584" percent="0">
      <mem type="allocate" free="0" total="2555904" percent="0" />
      <mem type="survivor" free="0" total="327680" percent="0" />
    </mem>
    <mem type="tenure" free="2079484952" total="2089746432" percent="99">
      <mem type="soa" free="1974998040" total="1985259520" percent="99" />
      <mem type="loa" free="104486912" total="104486912" percent="100" />
    </mem>
    <remembered-set count="371" />
  </mem-info>
</gc-start>
<allocation-stats totalBytes="2435280" >
  <allocated-bytes non-tlh="32" tlh="2435248" />
  <largest-consumer threadName="node-2" threadId="0000000001BE5400" bytes="118704" />
</allocation-stats>
<gc-op id="1406" type="scavenge" timems="0.480" contextid="1403" timestamp="2019-06-20T23:34:57.252">
  <scavenger-info tenureage="2" tenuremask="4004" tiltratio="88" />
  <memory-copied type="nursery" objects="2832" bytes="69680" bytesdiscarded="47824" />
  <memory-copied type="tenure" objects="1205" bytes="28920" bytesdiscarded="0" />
</gc-op>
<gc-end id="1407" type="scavenge" contextid="1403" durationms="0.918" usertimems="0.000" systemtimems="0.000" timestamp="2019-06-20T23:34:57.252" activeThreads="4">
  <mem-info id="1408" free="2081884184" total="2092630016" percent="99">
    <mem type="nursery" free="2438400" total="2883584" percent="84">
      <mem type="allocate" free="2438400" total="2555904" percent="95" />
      <mem type="survivor" free="0" total="327680" percent="0" />
    </mem>
    <mem type="tenure" free="2079445784" total="2089746432" percent="99" macro-fragmented="0">
      <mem type="soa" free="1974958872" total="1985259520" percent="99" />
      <mem type="loa" free="104486912" total="104486912" percent="100" />
    </mem>
    <remembered-set count="301" />
  </mem-info>
</gc-end>
<cycle-end id="1409" type="scavenge" contextid="1403" timestamp="2019-06-20T23:34:57.252" />
  <attribute name="elasticGC enabled" value="1" />
  <attribute name= "numThreadsSpecified" value="4" />
  <attribute name="heapSize specified" value="8912896" />
  <attribute name="Current GC Util" value="0" />
  <attribute name= "Current Time Running" value="132863" />
  <attribute name ="GC Interval" value="200" />
  <attribute name="ProportionalT" value="-30.000000" />
  <attribute name="ProportionalI" value="-30.000000" />
  <attribute name="ProportionalH" value="-30.000000" />
  <attribute name="Current Error" value="-20.000000" />
  <attribute name="IntegralT" value="-28140.000000" />
  <attribute name="IntegralI" value="-28140.000000" />
  <attribute name="IntegralH" value="-28140.000000" />
  <attribute name="DerivativeT" value="-0.014215" />
  <attribute name="DerivativeI" value="-0.014215" />
  <attribute name="DerivativeH" value="-0.014215" />
  <attribute name="Loop Time for DT" value="1407.000000" />
  <attribute name="Output H" value="2092630016"/>
  <attribute name="Output I" value="200"/>
  <attribute name="Output T" value="4"/>
  <attribute name="Target GC Util Change" value ="20.000000" />
  <attribute name="Current GC Util Change" value="0.000000"/>
  <attribute name="GC Util currently" value="0" />
  <attribute name="CPU Util currently" value="0" />
<allocation-satisfied id="1410" threadId="0000000001BD2800" bytesRequested="32" />
<af-end id="1411" timestamp="2019-06-20T23:34:57.253" threadId="0000000001BD3188" success="true" from="nursery"/>
<exclusive-end id="1412" timestamp="2019-06-20T23:34:57.253" durationms="1.520" />

<exclusive-start id="1413" timestamp="2019-06-20T23:34:58.626" intervalms="1374.362">
  <response-info timems="0.041" idlems="0.041" threads="0" lastid="0000000001BC7500" lastname="node-10" />
</exclusive-start>
<af-start id="1414" threadId="0000000001BC7E88" totalBytesRequested="528" timestamp="2019-06-20T23:34:58.626" intervalms="1374.388" type="nursery" />
<cycle-start id="1415" type="scavenge" contextid="0" timestamp="2019-06-20T23:34:58.626" intervalms="1374.394" />
<gc-start id="1416" type="scavenge" contextid="1415" timestamp="2019-06-20T23:34:58.626">
  <mem-info id="1417" free="2079445784" total="2092630016" percent="99">
    <mem type="nursery" free="0" total="2883584" percent="0">
      <mem type="allocate" free="0" total="2555904" percent="0" />
      <mem type="survivor" free="0" total="327680" percent="0" />
    </mem>
    <mem type="tenure" free="2079445784" total="2089746432" percent="99">
      <mem type="soa" free="1974958872" total="1985259520" percent="99" />
      <mem type="loa" free="104486912" total="104486912" percent="100" />
    </mem>
    <remembered-set count="371" />
  </mem-info>
</gc-start>
<allocation-stats totalBytes="2426000" >
  <allocated-bytes non-tlh="32" tlh="2425968" />
  <largest-consumer threadName="node-7" threadId="0000000001BFBB00" bytes="106488" />
</allocation-stats>
<gc-op id="1418" type="scavenge" timems="0.823" contextid="1415" timestamp="2019-06-20T23:34:58.627">
  <scavenger-info tenureage="2" tenuremask="4004" tiltratio="88" />
  <memory-copied type="nursery" objects="2713" bytes="65584" bytesdiscarded="51920" />
  <memory-copied type="tenure" objects="1267" bytes="30408" bytesdiscarded="0" />
</gc-op>
<gc-end id="1419" type="scavenge" contextid="1415" durationms="1.187" usertimems="4.000" systemtimems="0.000" timestamp="2019-06-20T23:34:58.627" activeThreads="4">
  <mem-info id="1420" free="2081845016" total="2092630016" percent="99">
    <mem type="nursery" free="2438400" total="2883584" percent="84">
      <mem type="allocate" free="2438400" total="2555904" percent="95" />
      <mem type="survivor" free="0" total="327680" percent="0" />
    </mem>
    <mem type="tenure" free="2079406616" total="2089746432" percent="99" macro-fragmented="0">
      <mem type="soa" free="1974919704" total="1985259520" percent="99" />
      <mem type="loa" free="104486912" total="104486912" percent="100" />
    </mem>
    <remembered-set count="284" />
  </mem-info>
</gc-end>
<cycle-end id="1421" type="scavenge" contextid="1415" timestamp="2019-06-20T23:34:58.627" />
  <attribute name="elasticGC enabled" value="1" />
  <attribute name= "numThreadsSpecified" value="4" />
  <attribute name="heapSize specified" value="8912896" />
  <attribute name="Current GC Util" value="0" />
  <attribute name= "Current Time Running" value="134237" />
  <attribute name ="GC Interval" value="200" />
  <attribute name="ProportionalT" value="-30.000000" />
  <attribute name="ProportionalI" value="-30.000000" />
  <attribute name="ProportionalH" value="-30.000000" />
  <attribute name="Current Error" value="-20.000000" />
  <attribute name="IntegralT" value="-27480.000000" />
  <attribute name="IntegralI" value="-27480.000000" />
  <attribute name="IntegralH" value="-27480.000000" />
  <attribute name="DerivativeT" value="-0.014556" />
  <attribute name="DerivativeI" value="-0.014556" />
  <attribute name="DerivativeH" value="-0.014556" />
  <attribute name="Loop Time for DT" value="1374.000000" />
  <attribute name="Output H" value="2092630016"/>
  <attribute name="Output I" value="200"/>
  <attribute name="Output T" value="4"/>
  <attribute name="Target GC Util Change" value ="20.000000" />
  <attribute name="Current GC Util Change" value="0.000000"/>
  <attribute name="GC Util currently" value="0" />
  <attribute name="CPU Util currently" value="3355918493" />
<allocation-satisfied id="1422" threadId="0000000001BC7500" bytesRequested="528" />
<af-end id="1423" timestamp="2019-06-20T23:34:58.627" threadId="0000000001BC7E88" success="true" from="nursery"/>
<exclusive-end id="1424" timestamp="2019-06-20T23:34:58.628" durationms="1.986" />

<exclusive-start id="1425" timestamp="2019-06-20T23:34:59.981" intervalms="1355.544">
  <response-info timems="0.038" idlems="0.038" threads="0" lastid="0000000001BBFD00" lastname="node-11" />
</exclusive-start>
<af-start id="1426" threadId="0000000001BC0688" totalBytesRequested="32" timestamp="2019-06-20T23:34:59.981" intervalms="1355.529" type="nursery" />
<cycle-start id="1427" type="scavenge" contextid="0" timestamp="2019-06-20T23:34:59.981" intervalms="1355.527" />
<gc-start id="1428" type="scavenge" contextid="1427" timestamp="2019-06-20T23:34:59.981">
  <mem-info id="1429" free="2079406616" total="2092630016" percent="99">
    <mem type="nursery" free="0" total="2883584" percent="0">
      <mem type="allocate" free="0" total="2555904" percent="0" />
      <mem type="survivor" free="0" total="327680" percent="0" />
    </mem>
    <mem type="tenure" free="2079406616" total="2089746432" percent="99">
      <mem type="soa" free="1974919704" total="1985259520" percent="99" />
      <mem type="loa" free="104486912" total="104486912" percent="100" />
    </mem>
    <remembered-set count="374" />
  </mem-info>
</gc-start>
<allocation-stats totalBytes="2430080" >
  <allocated-bytes non-tlh="528" tlh="2429552" />
  <largest-consumer threadName="node-16" threadId="0000000001C0AB00" bytes="117776" />
</allocation-stats>
<gc-op id="1430" type="scavenge" timems="1.192" contextid="1427" timestamp="2019-06-20T23:34:59.983">
  <scavenger-info tenureage="2" tenuremask="4004" tiltratio="88" />
  <memory-copied type="nursery" objects="2391" bytes="59440" bytesdiscarded="97232" />
  <memory-copied type="tenure" objects="1423" bytes="34152" bytesdiscarded="0" />
</gc-op>
<gc-end id="1431" type="scavenge" contextid="1427" durationms="1.390" usertimems="4.000" systemtimems="0.000" timestamp="2019-06-20T23:34:59.983" activeThreads="4">
  <mem-info id="1432" free="2081766680" total="2092630016" percent="99">
    <mem type="nursery" free="2399232" total="2883584" percent="83">
      <mem type="allocate" free="2399232" total="2555904" percent="93" />
      <mem type="survivor" free="0" total="327680" percent="0" />
    </mem>
    <mem type="tenure" free="2079367448" total="2089746432" percent="99" macro-fragmented="0">
      <mem type="soa" free="1974880536" total="1985259520" percent="99" />
      <mem type="loa" free="104486912" total="104486912" percent="100" />
    </mem>
    <remembered-set count="302" />
  </mem-info>
</gc-end>
<cycle-end id="1433" type="scavenge" contextid="1427" timestamp="2019-06-20T23:34:59.983" />
  <attribute name="elasticGC enabled" value="1" />
  <attribute name= "numThreadsSpecified" value="4" />
  <attribute name="heapSize specified" value="8912896" />
  <attribute name="Current GC Util" value="0" />
  <attribute name= "Current Time Running" value="135593" />
  <attribute name ="GC Interval" value="200" />
  <attribute name="ProportionalT" value="-30.000000" />
  <attribute name="ProportionalI" value="-30.000000" />
  <attribute name="ProportionalH" value="-30.000000" />
  <attribute name="Current Error" value="-20.000000" />
  <attribute name="IntegralT" value="-27120.000000" />
  <attribute name="IntegralI" value="-27120.000000" />
  <attribute name="IntegralH" value="-27120.000000" />
  <attribute name="DerivativeT" value="-0.014749" />
  <attribute name="DerivativeI" value="-0.014749" />
  <attribute name="DerivativeH" value="-0.014749" />
  <attribute name="Loop Time for DT" value="1356.000000" />
  <attribute name="Output H" value="2092630016"/>
  <attribute name="Output I" value="200"/>
  <attribute name="Output T" value="4"/>
  <attribute name="Target GC Util Change" value ="20.000000" />
  <attribute name="Current GC Util Change" value="0.000000"/>
  <attribute name="GC Util currently" value="0" />
  <attribute name="CPU Util currently" value="0" />
<allocation-satisfied id="1434" threadId="0000000001BBFD00" bytesRequested="32" />
<af-end id="1435" timestamp="2019-06-20T23:34:59.983" threadId="0000000001BC0688" success="true" from="nursery"/>
<exclusive-end id="1436" timestamp="2019-06-20T23:34:59.983" durationms="1.972" />

<exclusive-start id="1437" timestamp="2019-06-20T23:35:01.128" intervalms="1147.235">
  <response-info timems="0.043" idlems="0.043" threads="0" lastid="0000000001C06F00" lastname="node-20" />
</exclusive-start>
<af-start id="1438" threadId="0000000001C07888" totalBytesRequested="24" timestamp="2019-06-20T23:35:01.128" intervalms="1147.228" type="nursery" />
<cycle-start id="1439" type="scavenge" contextid="0" timestamp="2019-06-20T23:35:01.129" intervalms="1147.232" />
<gc-start id="1440" type="scavenge" contextid="1439" timestamp="2019-06-20T23:35:01.129">
  <mem-info id="1441" free="2079367448" total="2092630016" percent="99">
    <mem type="nursery" free="0" total="2883584" percent="0">
      <mem type="allocate" free="0" total="2555904" percent="0" />
      <mem type="survivor" free="0" total="327680" percent="0" />
    </mem>
    <mem type="tenure" free="2079367448" total="2089746432" percent="99">
      <mem type="soa" free="1974880536" total="1985259520" percent="99" />
      <mem type="loa" free="104486912" total="104486912" percent="100" />
    </mem>
    <remembered-set count="369" />
  </mem-info>
</gc-start>
<allocation-stats totalBytes="2394984" >
  <allocated-bytes non-tlh="32" tlh="2394952" />
  <largest-consumer threadName="node-0" threadId="0000000001BCEC00" bytes="106488" />
</allocation-stats>
<gc-op id="1442" type="scavenge" timems="0.551" contextid="1439" timestamp="2019-06-20T23:35:01.129">
  <scavenger-info tenureage="2" tenuremask="4004" tiltratio="88" />
  <memory-copied type="nursery" objects="2275" bytes="56824" bytesdiscarded="99848" />
  <memory-copied type="tenure" objects="1167" bytes="28008" bytesdiscarded="0" />
</gc-op>
<gc-end id="1443" type="scavenge" contextid="1439" durationms="0.761" usertimems="0.000" systemtimems="0.000" timestamp="2019-06-20T23:35:01.129" activeThreads="4">
  <mem-info id="1444" free="2081766680" total="2092630016" percent="99">
    <mem type="nursery" free="2399232" total="2883584" percent="83">
      <mem type="allocate" free="2399232" total="2555904" percent="93" />
      <mem type="survivor" free="0" total="327680" percent="0" />
    </mem>
    <mem type="tenure" free="2079367448" total="2089746432" percent="99" macro-fragmented="0">
      <mem type="soa" free="1974880536" total="1985259520" percent="99" />
      <mem type="loa" free="104486912" total="104486912" percent="100" />
    </mem>
    <remembered-set count="301" />
  </mem-info>
</gc-end>
<cycle-end id="1445" type="scavenge" contextid="1439" timestamp="2019-06-20T23:35:01.129" />
  <attribute name="elasticGC enabled" value="1" />
  <attribute name= "numThreadsSpecified" value="4" />
  <attribute name="heapSize specified" value="8912896" />
  <attribute name="Current GC Util" value="0" />
  <attribute name= "Current Time Running" value="136740" />
  <attribute name ="GC Interval" value="200" />
  <attribute name="ProportionalT" value="-30.000000" />
  <attribute name="ProportionalI" value="-30.000000" />
  <attribute name="ProportionalH" value="-30.000000" />
  <attribute name="Current Error" value="-20.000000" />
  <attribute name="IntegralT" value="-22940.000000" />
  <attribute name="IntegralI" value="-22940.000000" />
  <attribute name="IntegralH" value="-22940.000000" />
  <attribute name="DerivativeT" value="-0.017437" />
  <attribute name="DerivativeI" value="-0.017437" />
  <attribute name="DerivativeH" value="-0.017437" />
  <attribute name="Loop Time for DT" value="1147.000000" />
  <attribute name="Output H" value="2092630016"/>
  <attribute name="Output I" value="200"/>
  <attribute name="Output T" value="4"/>
  <attribute name="Target GC Util Change" value ="20.000000" />
  <attribute name="Current GC Util Change" value="0.000000"/>
  <attribute name="GC Util currently" value="0" />
  <attribute name="CPU Util currently" value="4019770763" />
<allocation-satisfied id="1446" threadId="0000000001C06F00" bytesRequested="24" />
<af-end id="1447" timestamp="2019-06-20T23:35:01.130" threadId="0000000001C07888" success="true" from="nursery"/>
<exclusive-end id="1448" timestamp="2019-06-20T23:35:01.130" durationms="1.282" />

<exclusive-start id="1449" timestamp="2019-06-20T23:35:02.422" intervalms="1293.367">
  <response-info timems="0.032" idlems="0.032" threads="0" lastid="0000000001BFF700" lastname="node-1" />
</exclusive-start>
<af-start id="1450" threadId="0000000001C00088" totalBytesRequested="32" timestamp="2019-06-20T23:35:02.422" intervalms="1293.362" type="nursery" />
<cycle-start id="1451" type="scavenge" contextid="0" timestamp="2019-06-20T23:35:02.422" intervalms="1293.349" />
<gc-start id="1452" type="scavenge" contextid="1451" timestamp="2019-06-20T23:35:02.422">
  <mem-info id="1453" free="2079367448" total="2092630016" percent="99">
    <mem type="nursery" free="0" total="2883584" percent="0">
      <mem type="allocate" free="0" total="2555904" percent="0" />
      <mem type="survivor" free="0" total="327680" percent="0" />
    </mem>
    <mem type="tenure" free="2079367448" total="2089746432" percent="99">
      <mem type="soa" free="1974880536" total="1985259520" percent="99" />
      <mem type="loa" free="104486912" total="104486912" percent="100" />
    </mem>
    <remembered-set count="368" />
  </mem-info>
</gc-start>
<allocation-stats totalBytes="2395568" >
  <allocated-bytes non-tlh="24" tlh="2395544" />
  <largest-consumer threadName="node-9" threadId="0000000001BCB000" bytes="106488" />
</allocation-stats>
<gc-op id="1454" type="scavenge" timems="1.175" contextid="1451" timestamp="2019-06-20T23:35:02.423">
  <scavenger-info tenureage="2" tenuremask="4004" tiltratio="88" />
  <memory-copied type="nursery" objects="2242" bytes="52888" bytesdiscarded="103784" />
  <memory-copied type="tenure" objects="1079" bytes="25896" bytesdiscarded="0" />
</gc-op>
<gc-end id="1455" type="scavenge" contextid="1451" durationms="1.380" usertimems="0.000" systemtimems="0.000" timestamp="2019-06-20T23:35:02.423" activeThreads="4">
  <mem-info id="1456" free="2081727512" total="2092630016" percent="99">
    <mem type="nursery" free="2399232" total="2883584" percent="83">
      <mem type="allocate" free="2399232" total="2555904" percent="93" />
      <mem type="survivor" free="0" total="327680" percent="0" />
    </mem>
    <mem type="tenure" free="2079328280" total="2089746432" percent="99" macro-fragmented="0">
      <mem type="soa" free="1974841368" total="1985259520" percent="99" />
      <mem type="loa" free="104486912" total="104486912" percent="100" />
    </mem>
    <remembered-set count="275" />
  </mem-info>
</gc-end>
<cycle-end id="1457" type="scavenge" contextid="1451" timestamp="2019-06-20T23:35:02.423" />
  <attribute name="elasticGC enabled" value="1" />
  <attribute name= "numThreadsSpecified" value="4" />
  <attribute name="heapSize specified" value="8912896" />
  <attribute name="Current GC Util" value="0" />
  <attribute name= "Current Time Running" value="138034" />
  <attribute name ="GC Interval" value="200" />
  <attribute name="ProportionalT" value="-30.000000" />
  <attribute name="ProportionalI" value="-30.000000" />
  <attribute name="ProportionalH" value="-30.000000" />
  <attribute name="Current Error" value="-20.000000" />
  <attribute name="IntegralT" value="-25880.000000" />
  <attribute name="IntegralI" value="-25880.000000" />
  <attribute name="IntegralH" value="-25880.000000" />
  <attribute name="DerivativeT" value="-0.015456" />
  <attribute name="DerivativeI" value="-0.015456" />
  <attribute name="DerivativeH" value="-0.015456" />
  <attribute name="Loop Time for DT" value="1294.000000" />
  <attribute name="Output H" value="2092630016"/>
  <attribute name="Output I" value="200"/>
  <attribute name="Output T" value="4"/>
  <attribute name="Target GC Util Change" value ="20.000000" />
  <attribute name="Current GC Util Change" value="0.000000"/>
  <attribute name="GC Util currently" value="0" />
  <attribute name="CPU Util currently" value="3565826573" />
<allocation-satisfied id="1458" threadId="0000000001BFF700" bytesRequested="32" />
<af-end id="1459" timestamp="2019-06-20T23:35:02.424" threadId="0000000001C00088" success="true" from="nursery"/>
<exclusive-end id="1460" timestamp="2019-06-20T23:35:02.424" durationms="2.018" />

<exclusive-start id="1461" timestamp="2019-06-20T23:35:03.582" intervalms="1160.785">
  <response-info timems="0.041" idlems="0.041" threads="0" lastid="0000000001BF0700" lastname="node-15" />
</exclusive-start>
<af-start id="1462" threadId="0000000001BF1088" totalBytesRequested="24" timestamp="2019-06-20T23:35:03.583" intervalms="1160.827" type="nursery" />
<cycle-start id="1463" type="scavenge" contextid="0" timestamp="2019-06-20T23:35:03.583" intervalms="1160.842" />
<gc-start id="1464" type="scavenge" contextid="1463" timestamp="2019-06-20T23:35:03.583">
  <mem-info id="1465" free="2079328280" total="2092630016" percent="99">
    <mem type="nursery" free="0" total="2883584" percent="0">
      <mem type="allocate" free="0" total="2555904" percent="0" />
      <mem type="survivor" free="0" total="327680" percent="0" />
    </mem>
    <mem type="tenure" free="2079328280" total="2089746432" percent="99">
      <mem type="soa" free="1974841368" total="1985259520" percent="99" />
      <mem type="loa" free="104486912" total="104486912" percent="100" />
    </mem>
    <remembered-set count="366" />
  </mem-info>
</gc-start>
<allocation-stats totalBytes="2396904" >
  <allocated-bytes non-tlh="32" tlh="2396872" />
  <largest-consumer threadName="node-1" threadId="0000000001BFF700" bytes="106496" />
</allocation-stats>
<gc-op id="1466" type="scavenge" timems="0.419" contextid="1463" timestamp="2019-06-20T23:35:03.583">
  <scavenger-info tenureage="2" tenuremask="4004" tiltratio="88" />
  <memory-copied type="nursery" objects="2222" bytes="55048" bytesdiscarded="101624" />
  <memory-copied type="tenure" objects="1051" bytes="25224" bytesdiscarded="0" />
</gc-op>
<gc-end id="1467" type="scavenge" contextid="1463" durationms="0.821" usertimems="0.000" systemtimems="0.000" timestamp="2019-06-20T23:35:03.584" activeThreads="4">
  <mem-info id="1468" free="2081727512" total="2092630016" percent="99">
    <mem type="nursery" free="2399232" total="2883584" percent="83">
      <mem type="allocate" free="2399232" total="2555904" percent="93" />
      <mem type="survivor" free="0" total="327680" percent="0" />
    </mem>
    <mem type="tenure" free="2079328280" total="2089746432" percent="99" macro-fragmented="0">
      <mem type="soa" free="1974841368" total="1985259520" percent="99" />
      <mem type="loa" free="104486912" total="104486912" percent="100" />
    </mem>
    <remembered-set count="298" />
  </mem-info>
</gc-end>
<cycle-end id="1469" type="scavenge" contextid="1463" timestamp="2019-06-20T23:35:03.584" />
  <attribute name="elasticGC enabled" value="1" />
  <attribute name= "numThreadsSpecified" value="4" />
  <attribute name="heapSize specified" value="8912896" />
  <attribute name="Current GC Util" value="0" />
  <attribute name= "Current Time Running" value="139195" />
  <attribute name ="GC Interval" value="200" />
  <attribute name="ProportionalT" value="-30.000000" />
  <attribute name="ProportionalI" value="-30.000000" />
  <attribute name="ProportionalH" value="-30.000000" />
  <attribute name="Current Error" value="-20.000000" />
  <attribute name="IntegralT" value="-23220.000000" />
  <attribute name="IntegralI" value="-23220.000000" />
  <attribute name="IntegralH" value="-23220.000000" />
  <attribute name="DerivativeT" value="-0.017227" />
  <attribute name="DerivativeI" value="-0.017227" />
  <attribute name="DerivativeH" value="-0.017227" />
  <attribute name="Loop Time for DT" value="1161.000000" />
  <attribute name="Output H" value="2092630016"/>
  <attribute name="Output I" value="200"/>
  <attribute name="Output T" value="4"/>
  <attribute name="Target GC Util Change" value ="20.000000" />
  <attribute name="Current GC Util Change" value="0.000000"/>
  <attribute name="GC Util currently" value="0" />
  <attribute name="CPU Util currently" value="3972332712" />
<allocation-satisfied id="1470" threadId="0000000001BF0700" bytesRequested="24" />
<af-end id="1471" timestamp="2019-06-20T23:35:03.584" threadId="0000000001BF1088" success="true" from="nursery"/>
<exclusive-end id="1472" timestamp="2019-06-20T23:35:03.584" durationms="1.753" />

<exclusive-start id="1473" timestamp="2019-06-20T23:35:05.089" intervalms="1506.994">
  <response-info timems="0.043" idlems="0.043" threads="0" lastid="0000000001BF0700" lastname="node-15" />
</exclusive-start>
<af-start id="1474" threadId="0000000001BF1088" totalBytesRequested="32" timestamp="2019-06-20T23:35:05.090" intervalms="1506.933" type="nursery" />
<cycle-start id="1475" type="scavenge" contextid="0" timestamp="2019-06-20T23:35:05.090" intervalms="1506.906" />
<gc-start id="1476" type="scavenge" contextid="1475" timestamp="2019-06-20T23:35:05.090">
  <mem-info id="1477" free="2079328280" total="2092630016" percent="99">
    <mem type="nursery" free="0" total="2883584" percent="0">
      <mem type="allocate" free="0" total="2555904" percent="0" />
      <mem type="survivor" free="0" total="327680" percent="0" />
    </mem>
    <mem type="tenure" free="2079328280" total="2089746432" percent="99">
      <mem type="soa" free="1974841368" total="1985259520" percent="99" />
      <mem type="loa" free="104486912" total="104486912" percent="100" />
    </mem>
    <remembered-set count="365" />
  </mem-info>
</gc-start>
<allocation-stats totalBytes="2391888" >
  <allocated-bytes non-tlh="24" tlh="2391864" />
  <largest-consumer threadName="node-16" threadId="0000000001C0AB00" bytes="106480" />
</allocation-stats>
<gc-op id="1478" type="scavenge" timems="1.147" contextid="1475" timestamp="2019-06-20T23:35:05.091">
  <scavenger-info tenureage="2" tenuremask="4004" tiltratio="88" />
  <memory-copied type="nursery" objects="1910" bytes="48064" bytesdiscarded="108608" />
  <memory-copied type="tenure" objects="1076" bytes="25824" bytesdiscarded="0" />
</gc-op>
<gc-end id="1479" type="scavenge" contextid="1475" durationms="1.331" usertimems="4.000" systemtimems="0.000" timestamp="2019-06-20T23:35:05.091" activeThreads="4">
  <mem-info id="1480" free="2081727512" total="2092630016" percent="99">
    <mem type="nursery" free="2399232" total="2883584" percent="83">
      <mem type="allocate" free="2399232" total="2555904" percent="93" />
      <mem type="survivor" free="0" total="327680" percent="0" />
    </mem>
    <mem type="tenure" free="2079328280" total="2089746432" percent="99" macro-fragmented="0">
      <mem type="soa" free="1974841368" total="1985259520" percent="99" />
      <mem type="loa" free="104486912" total="104486912" percent="100" />
    </mem>
    <remembered-set count="296" />
  </mem-info>
</gc-end>
<cycle-end id="1481" type="scavenge" contextid="1475" timestamp="2019-06-20T23:35:05.091" />
  <attribute name="elasticGC enabled" value="1" />
  <attribute name= "numThreadsSpecified" value="4" />
  <attribute name="heapSize specified" value="8912896" />
  <attribute name="Current GC Util" value="0" />
  <attribute name= "Current Time Running" value="140701" />
  <attribute name ="GC Interval" value="200" />
  <attribute name="ProportionalT" value="-30.000000" />
  <attribute name="ProportionalI" value="-30.000000" />
  <attribute name="ProportionalH" value="-30.000000" />
  <attribute name="Current Error" value="-20.000000" />
  <attribute name="IntegralT" value="-30120.000000" />
  <attribute name="IntegralI" value="-30120.000000" />
  <attribute name="IntegralH" value="-30120.000000" />
  <attribute name="DerivativeT" value="-0.013280" />
  <attribute name="DerivativeI" value="-0.013280" />
  <attribute name="DerivativeH" value="-0.013280" />
  <attribute name="Loop Time for DT" value="1506.000000" />
  <attribute name="Output H" value="2092630016"/>
  <attribute name="Output I" value="200"/>
  <attribute name="Output T" value="4"/>
  <attribute name="Target GC Util Change" value ="20.000000" />
  <attribute name="Current GC Util Change" value="0.000000"/>
  <attribute name="GC Util currently" value="0" />
  <attribute name="CPU Util currently" value="3060581316" />
<allocation-satisfied id="1482" threadId="0000000001BF0700" bytesRequested="32" />
<af-end id="1483" timestamp="2019-06-20T23:35:05.091" threadId="0000000001BF1088" success="true" from="nursery"/>
<exclusive-end id="1484" timestamp="2019-06-20T23:35:05.091" durationms="1.768" />

<exclusive-start id="1485" timestamp="2019-06-20T23:35:06.328" intervalms="1238.283">
  <response-info timems="0.056" idlems="0.056" threads="0" lastid="0000000001C06F00" lastname="node-20" />
</exclusive-start>
<af-start id="1486" threadId="0000000001C07888" totalBytesRequested="32" timestamp="2019-06-20T23:35:06.328" intervalms="1238.315" type="nursery" />
<cycle-start id="1487" type="scavenge" contextid="0" timestamp="2019-06-20T23:35:06.328" intervalms="1238.320" />
<gc-start id="1488" type="scavenge" contextid="1487" timestamp="2019-06-20T23:35:06.328">
  <mem-info id="1489" free="2079328280" total="2092630016" percent="99">
    <mem type="nursery" free="0" total="2883584" percent="0">
      <mem type="allocate" free="0" total="2555904" percent="0" />
      <mem type="survivor" free="0" total="327680" percent="0" />
    </mem>
    <mem type="tenure" free="2079328280" total="2089746432" percent="99">
      <mem type="soa" free="1974841368" total="1985259520" percent="99" />
      <mem type="loa" free="104486912" total="104486912" percent="100" />
    </mem>
    <remembered-set count="362" />
  </mem-info>
</gc-start>
<allocation-stats totalBytes="2395616" >
  <allocated-bytes non-tlh="32" tlh="2395584" />
  <largest-consumer threadName="node-25" threadId="0000000001BE1800" bytes="106496" />
</allocation-stats>
<gc-op id="1490" type="scavenge" timems="0.387" contextid="1487" timestamp="2019-06-20T23:35:06.328">
  <scavenger-info tenureage="2" tenuremask="4004" tiltratio="88" />
  <memory-copied type="nursery" objects="1725" bytes="40480" bytesdiscarded="116192" />
  <memory-copied type="tenure" objects="1005" bytes="24120" bytesdiscarded="0" />
</gc-op>
<gc-end id="1491" type="scavenge" contextid="1487" durationms="0.731" usertimems="0.000" systemtimems="4.000" timestamp="2019-06-20T23:35:06.329" activeThreads="4">
  <mem-info id="1492" free="2081688344" total="2092630016" percent="99">
    <mem type="nursery" free="2399232" total="2883584" percent="83">
      <mem type="allocate" free="2399232" total="2555904" percent="93" />
      <mem type="survivor" free="0" total="327680" percent="0" />
    </mem>
    <mem type="tenure" free="2079289112" total="2089746432" percent="99" macro-fragmented="0">
      <mem type="soa" free="1974802200" total="1985259520" percent="99" />
      <mem type="loa" free="104486912" total="104486912" percent="100" />
    </mem>
    <remembered-set count="264" />
  </mem-info>
</gc-end>
<cycle-end id="1493" type="scavenge" contextid="1487" timestamp="2019-06-20T23:35:06.329" />
  <attribute name="elasticGC enabled" value="1" />
  <attribute name= "numThreadsSpecified" value="4" />
  <attribute name="heapSize specified" value="8912896" />
  <attribute name="Current GC Util" value="0" />
  <attribute name= "Current Time Running" value="141940" />
  <attribute name ="GC Interval" value="200" />
  <attribute name="ProportionalT" value="-30.000000" />
  <attribute name="ProportionalI" value="-30.000000" />
  <attribute name="ProportionalH" value="-30.000000" />
  <attribute name="Current Error" value="-20.000000" />
  <attribute name="IntegralT" value="-24780.000000" />
  <attribute name="IntegralI" value="-24780.000000" />
  <attribute name="IntegralH" value="-24780.000000" />
  <attribute name="DerivativeT" value="-0.016142" />
  <attribute name="DerivativeI" value="-0.016142" />
  <attribute name="DerivativeH" value="-0.016142" />
  <attribute name="Loop Time for DT" value="1239.000000" />
  <attribute name="Output H" value="2092630016"/>
  <attribute name="Output I" value="200"/>
  <attribute name="Output T" value="4"/>
  <attribute name="Target GC Util Change" value ="20.000000" />
  <attribute name="Current GC Util Change" value="0.000000"/>
  <attribute name="GC Util currently" value="0" />
  <attribute name="CPU Util currently" value="3724175408" />
<allocation-satisfied id="1494" threadId="0000000001C06F00" bytesRequested="32" />
<af-end id="1495" timestamp="2019-06-20T23:35:06.329" threadId="0000000001C07888" success="true" from="nursery"/>
<exclusive-end id="1496" timestamp="2019-06-20T23:35:06.329" durationms="1.304" />

<exclusive-start id="1497" timestamp="2019-06-20T23:35:07.339" intervalms="1010.945">
  <response-info timems="0.037" idlems="0.037" threads="0" lastid="0000000001BF0700" lastname="node-15" />
</exclusive-start>
<af-start id="1498" threadId="0000000001BF1088" totalBytesRequested="32" timestamp="2019-06-20T23:35:07.339" intervalms="1010.930" type="nursery" />
<cycle-start id="1499" type="scavenge" contextid="0" timestamp="2019-06-20T23:35:07.339" intervalms="1010.941" />
<gc-start id="1500" type="scavenge" contextid="1499" timestamp="2019-06-20T23:35:07.339">
  <mem-info id="1501" free="2079289112" total="2092630016" percent="99">
    <mem type="nursery" free="0" total="2883584" percent="0">
      <mem type="allocate" free="0" total="2555904" percent="0" />
      <mem type="survivor" free="0" total="327680" percent="0" />
    </mem>
    <mem type="tenure" free="2079289112" total="2089746432" percent="99">
      <mem type="soa" free="1974802200" total="1985259520" percent="99" />
      <mem type="loa" free="104486912" total="104486912" percent="100" />
    </mem>
    <remembered-set count="361" />
  </mem-info>
</gc-start>
<allocation-stats totalBytes="2397080" >
  <allocated-bytes non-tlh="32" tlh="2397048" />
  <largest-consumer threadName="node-6" threadId="0000000001BD2800" bytes="118704" />
</allocation-stats>
<gc-op id="1502" type="scavenge" timems="0.745" contextid="1499" timestamp="2019-06-20T23:35:07.340">
  <scavenger-info tenureage="2" tenuremask="4004" tiltratio="88" />
  <memory-copied type="nursery" objects="2366" bytes="58496" bytesdiscarded="59008" />
  <memory-copied type="tenure" objects="760" bytes="18240" bytesdiscarded="16" />
</gc-op>
<gc-end id="1503" type="scavenge" contextid="1499" durationms="0.942" usertimems="0.000" systemtimems="0.000" timestamp="2019-06-20T23:35:07.340" activeThreads="4">
  <mem-info id="1504" free="2081688344" total="2092630016" percent="99">
    <mem type="nursery" free="2438400" total="2883584" percent="84">
      <mem type="allocate" free="2438400" total="2555904" percent="95" />
      <mem type="survivor" free="0" total="327680" percent="0" />
    </mem>
    <mem type="tenure" free="2079249944" total="2089746432" percent="99" macro-fragmented="0">
      <mem type="soa" free="1974763032" total="1985259520" percent="99" />
      <mem type="loa" free="104486912" total="104486912" percent="100" />
    </mem>
    <remembered-set count="295" />
  </mem-info>
</gc-end>
<cycle-end id="1505" type="scavenge" contextid="1499" timestamp="2019-06-20T23:35:07.340" />
  <attribute name="elasticGC enabled" value="1" />
  <attribute name= "numThreadsSpecified" value="4" />
  <attribute name="heapSize specified" value="8912896" />
  <attribute name="Current GC Util" value="0" />
  <attribute name= "Current Time Running" value="142951" />
  <attribute name ="GC Interval" value="200" />
  <attribute name="ProportionalT" value="-30.000000" />
  <attribute name="ProportionalI" value="-30.000000" />
  <attribute name="ProportionalH" value="-30.000000" />
  <attribute name="Current Error" value="-20.000000" />
  <attribute name="IntegralT" value="-20220.000000" />
  <attribute name="IntegralI" value="-20220.000000" />
  <attribute name="IntegralH" value="-20220.000000" />
  <attribute name="DerivativeT" value="-0.019782" />
  <attribute name="DerivativeI" value="-0.019782" />
  <attribute name="DerivativeH" value="-0.019782" />
  <attribute name="Loop Time for DT" value="1011.000000" />
  <attribute name="Output H" value="2092630016"/>
  <attribute name="Output I" value="200"/>
  <attribute name="Output T" value="4"/>
  <attribute name="Target GC Util Change" value ="20.000000" />
  <attribute name="Current GC Util Change" value="0.000000"/>
  <attribute name="GC Util currently" value="0" />
  <attribute name="CPU Util currently" value="4561649528" />
<allocation-satisfied id="1506" threadId="0000000001BF0700" bytesRequested="32" />
<af-end id="1507" timestamp="2019-06-20T23:35:07.340" threadId="0000000001BF1088" success="true" from="nursery"/>
<exclusive-end id="1508" timestamp="2019-06-20T23:35:07.340" durationms="1.477" />

<exclusive-start id="1509" timestamp="2019-06-20T23:35:08.744" intervalms="1405.570">
  <response-info timems="0.032" idlems="0.032" threads="0" lastid="0000000001C06F00" lastname="node-20" />
</exclusive-start>
<af-start id="1510" threadId="0000000001C07888" totalBytesRequested="24" timestamp="2019-06-20T23:35:08.744" intervalms="1405.564" type="nursery" />
<cycle-start id="1511" type="scavenge" contextid="0" timestamp="2019-06-20T23:35:08.744" intervalms="1405.560" />
<gc-start id="1512" type="scavenge" contextid="1511" timestamp="2019-06-20T23:35:08.744">
  <mem-info id="1513" free="2079249944" total="2092630016" percent="99">
    <mem type="nursery" free="0" total="2883584" percent="0">
      <mem type="allocate" free="0" total="2555904" percent="0" />
      <mem type="survivor" free="0" total="327680" percent="0" />
    </mem>
    <mem type="tenure" free="2079249944" total="2089746432" percent="99">
      <mem type="soa" free="1974763032" total="1985259520" percent="99" />
      <mem type="loa" free="104486912" total="104486912" percent="100" />
    </mem>
    <remembered-set count="365" />
  </mem-info>
</gc-start>
<allocation-stats totalBytes="2435512" >
  <allocated-bytes non-tlh="32" tlh="2435480" />
  <largest-consumer threadName="node-15" threadId="0000000001BF0700" bytes="111616" />
</allocation-stats>
<gc-op id="1514" type="scavenge" timems="0.415" contextid="1511" timestamp="2019-06-20T23:35:08.745">
  <scavenger-info tenureage="2" tenuremask="4004" tiltratio="88" />
  <memory-copied type="nursery" objects="2579" bytes="63616" bytesdiscarded="93056" />
  <memory-copied type="tenure" objects="850" bytes="20400" bytesdiscarded="0" />
</gc-op>
<gc-end id="1515" type="scavenge" contextid="1511" durationms="0.752" usertimems="0.000" systemtimems="0.000" timestamp="2019-06-20T23:35:08.745" activeThreads="4">
  <mem-info id="1516" free="2081610008" total="2092630016" percent="99">
    <mem type="nursery" free="2399232" total="2883584" percent="83">
      <mem type="allocate" free="2399232" total="2555904" percent="93" />
      <mem type="survivor" free="0" total="327680" percent="0" />
    </mem>
    <mem type="tenure" free="2079210776" total="2089746432" percent="99" macro-fragmented="0">
      <mem type="soa" free="1974723864" total="1985259520" percent="99" />
      <mem type="loa" free="104486912" total="104486912" percent="100" />
    </mem>
    <remembered-set count="299" />
  </mem-info>
</gc-end>
<cycle-end id="1517" type="scavenge" contextid="1511" timestamp="2019-06-20T23:35:08.745" />
  <attribute name="elasticGC enabled" value="1" />
  <attribute name= "numThreadsSpecified" value="4" />
  <attribute name="heapSize specified" value="8912896" />
  <attribute name="Current GC Util" value="0" />
  <attribute name= "Current Time Running" value="144356" />
  <attribute name ="GC Interval" value="200" />
  <attribute name="ProportionalT" value="-30.000000" />
  <attribute name="ProportionalI" value="-30.000000" />
  <attribute name="ProportionalH" value="-30.000000" />
  <attribute name="Current Error" value="-20.000000" />
  <attribute name="IntegralT" value="-28100.000000" />
  <attribute name="IntegralI" value="-28100.000000" />
  <attribute name="IntegralH" value="-28100.000000" />
  <attribute name="DerivativeT" value="-0.014235" />
  <attribute name="DerivativeI" value="-0.014235" />
  <attribute name="DerivativeH" value="-0.014235" />
  <attribute name="Loop Time for DT" value="1405.000000" />
  <attribute name="Output H" value="2092630016"/>
  <attribute name="Output I" value="200"/>
  <attribute name="Output T" value="4"/>
  <attribute name="Target GC Util Change" value ="20.000000" />
  <attribute name="Current GC Util Change" value="0.000000"/>
  <attribute name="GC Util currently" value="0" />
  <attribute name="CPU Util currently" value="3281099332" />
<allocation-satisfied id="1518" threadId="0000000001C06F00" bytesRequested="24" />
<af-end id="1519" timestamp="2019-06-20T23:35:08.745" threadId="0000000001C07888" success="true" from="nursery"/>
<exclusive-end id="1520" timestamp="2019-06-20T23:35:08.745" durationms="1.235" />

<exclusive-start id="1521" timestamp="2019-06-20T23:35:10.130" intervalms="1386.123">
  <response-info timems="0.452" idlems="0.234" threads="1" lastid="0000000001BFBB00" lastname="node-7" />
</exclusive-start>
<af-start id="1522" threadId="0000000001BBCA88" totalBytesRequested="32" timestamp="2019-06-20T23:35:10.131" intervalms="1386.183" type="nursery" />
<cycle-start id="1523" type="scavenge" contextid="0" timestamp="2019-06-20T23:35:10.131" intervalms="1386.229" />
<gc-start id="1524" type="scavenge" contextid="1523" timestamp="2019-06-20T23:35:10.131">
  <mem-info id="1525" free="2079210776" total="2092630016" percent="99">
    <mem type="nursery" free="0" total="2883584" percent="0">
      <mem type="allocate" free="0" total="2555904" percent="0" />
      <mem type="survivor" free="0" total="327680" percent="0" />
    </mem>
    <mem type="tenure" free="2079210776" total="2089746432" percent="99">
      <mem type="soa" free="1974723864" total="1985259520" percent="99" />
      <mem type="loa" free="104486912" total="104486912" percent="100" />
    </mem>
    <remembered-set count="365" />
  </mem-info>
</gc-start>
<allocation-stats totalBytes="2397984" >
  <allocated-bytes non-tlh="24" tlh="2397960" />
  <largest-consumer threadName="node-12" threadId="0000000001BF4300" bytes="106496" />
</allocation-stats>
<gc-op id="1526" type="scavenge" timems="0.776" contextid="1523" timestamp="2019-06-20T23:35:10.132">
  <scavenger-info tenureage="2" tenuremask="4004" tiltratio="88" />
  <memory-copied type="nursery" objects="2272" bytes="53608" bytesdiscarded="63896" />
  <memory-copied type="tenure" objects="1374" bytes="32976" bytesdiscarded="0" />
</gc-op>
<gc-end id="1527" type="scavenge" contextid="1523" durationms="1.085" usertimems="4.000" systemtimems="0.000" timestamp="2019-06-20T23:35:10.132" activeThreads="4">
  <mem-info id="1528" free="2081610008" total="2092630016" percent="99">
    <mem type="nursery" free="2438400" total="2883584" percent="84">
      <mem type="allocate" free="2438400" total="2555904" percent="95" />
      <mem type="survivor" free="0" total="327680" percent="0" />
    </mem>
    <mem type="tenure" free="2079171608" total="2089746432" percent="99" macro-fragmented="0">
      <mem type="soa" free="1974684696" total="1985259520" percent="99" />
      <mem type="loa" free="104486912" total="104486912" percent="100" />
    </mem>
    <remembered-set count="278" />
  </mem-info>
</gc-end>
<cycle-end id="1529" type="scavenge" contextid="1523" timestamp="2019-06-20T23:35:10.132" />
  <attribute name="elasticGC enabled" value="1" />
  <attribute name= "numThreadsSpecified" value="4" />
  <attribute name="heapSize specified" value="8912896" />
  <attribute name="Current GC Util" value="0" />
  <attribute name= "Current Time Running" value="145743" />
  <attribute name ="GC Interval" value="200" />
  <attribute name="ProportionalT" value="-30.000000" />
  <attribute name="ProportionalI" value="-30.000000" />
  <attribute name="ProportionalH" value="-30.000000" />
  <attribute name="Current Error" value="-20.000000" />
  <attribute name="IntegralT" value="-27740.000000" />
  <attribute name="IntegralI" value="-27740.000000" />
  <attribute name="IntegralH" value="-27740.000000" />
  <attribute name="DerivativeT" value="-0.014420" />
  <attribute name="DerivativeI" value="-0.014420" />
  <attribute name="DerivativeH" value="-0.014420" />
  <attribute name="Loop Time for DT" value="1387.000000" />
  <attribute name="Output H" value="2092630016"/>
  <attribute name="Output I" value="200"/>
  <attribute name="Output T" value="4"/>
  <attribute name="Target GC Util Change" value ="20.000000" />
  <attribute name="Current GC Util Change" value="0.000000"/>
  <attribute name="GC Util currently" value="0" />
  <attribute name="CPU Util currently" value="3326403607" />
<allocation-satisfied id="1530" threadId="0000000001BBC100" bytesRequested="32" />
<af-end id="1531" timestamp="2019-06-20T23:35:10.132" threadId="0000000001BBCA88" success="true" from="nursery"/>
<exclusive-end id="1532" timestamp="2019-06-20T23:35:10.132" durationms="1.870" />

<exclusive-start id="1533" timestamp="2019-06-20T23:35:11.381" intervalms="1250.531">
  <response-info timems="0.035" idlems="0.035" threads="0" lastid="0000000001C06F00" lastname="node-20" />
</exclusive-start>
<af-start id="1534" threadId="0000000001C07888" totalBytesRequested="32" timestamp="2019-06-20T23:35:11.381" intervalms="1250.477" type="nursery" />
<cycle-start id="1535" type="scavenge" contextid="0" timestamp="2019-06-20T23:35:11.381" intervalms="1250.425" />
<gc-start id="1536" type="scavenge" contextid="1535" timestamp="2019-06-20T23:35:11.381">
  <mem-info id="1537" free="2079171608" total="2092630016" percent="99">
    <mem type="nursery" free="0" total="2883584" percent="0">
      <mem type="allocate" free="0" total="2555904" percent="0" />
      <mem type="survivor" free="0" total="327680" percent="0" />
    </mem>
    <mem type="tenure" free="2079171608" total="2089746432" percent="99">
      <mem type="soa" free="1974684696" total="1985259520" percent="99" />
      <mem type="loa" free="104486912" total="104486912" percent="100" />
    </mem>
    <remembered-set count="373" />
  </mem-info>
</gc-start>
<allocation-stats totalBytes="2433304" >
  <allocated-bytes non-tlh="32" tlh="2433272" />
  <largest-consumer threadName="node-4" threadId="0000000001BF7F00" bytes="106480" />
</allocation-stats>
<gc-op id="1538" type="scavenge" timems="0.626" contextid="1535" timestamp="2019-06-20T23:35:11.382">
  <scavenger-info tenureage="2" tenuremask="4004" tiltratio="88" />
  <memory-copied type="nursery" objects="2985" bytes="73352" bytesdiscarded="83320" />
  <memory-copied type="tenure" objects="1064" bytes="25536" bytesdiscarded="0" />
</gc-op>
<gc-end id="1539" type="scavenge" contextid="1535" durationms="0.813" usertimems="0.000" systemtimems="0.000" timestamp="2019-06-20T23:35:11.382" activeThreads="4">
  <mem-info id="1540" free="2081570840" total="2092630016" percent="99">
    <mem type="nursery" free="2399232" total="2883584" percent="83">
      <mem type="allocate" free="2399232" total="2555904" percent="93" />
      <mem type="survivor" free="0" total="327680" percent="0" />
    </mem>
    <mem type="tenure" free="2079171608" total="2089746432" percent="99" macro-fragmented="0">
      <mem type="soa" free="1974684696" total="1985259520" percent="99" />
      <mem type="loa" free="104486912" total="104486912" percent="100" />
    </mem>
    <remembered-set count="302" />
  </mem-info>
</gc-end>
<cycle-end id="1541" type="scavenge" contextid="1535" timestamp="2019-06-20T23:35:11.382" />
  <attribute name="elasticGC enabled" value="1" />
  <attribute name= "numThreadsSpecified" value="4" />
  <attribute name="heapSize specified" value="8912896" />
  <attribute name="Current GC Util" value="0" />
  <attribute name= "Current Time Running" value="146993" />
  <attribute name ="GC Interval" value="200" />
  <attribute name="ProportionalT" value="-30.000000" />
  <attribute name="ProportionalI" value="-30.000000" />
  <attribute name="ProportionalH" value="-30.000000" />
  <attribute name="Current Error" value="-20.000000" />
  <attribute name="IntegralT" value="-25000.000000" />
  <attribute name="IntegralI" value="-25000.000000" />
  <attribute name="IntegralH" value="-25000.000000" />
  <attribute name="DerivativeT" value="-0.016000" />
  <attribute name="DerivativeI" value="-0.016000" />
  <attribute name="DerivativeH" value="-0.016000" />
  <attribute name="Loop Time for DT" value="1250.000000" />
  <attribute name="Output H" value="2092630016"/>
  <attribute name="Output I" value="200"/>
  <attribute name="Output T" value="4"/>
  <attribute name="Target GC Util Change" value ="20.000000" />
  <attribute name="Current GC Util Change" value="0.000000"/>
  <attribute name="GC Util currently" value="0" />
  <attribute name="CPU Util currently" value="1" />
<allocation-satisfied id="1542" threadId="0000000001C06F00" bytesRequested="32" />
<af-end id="1543" timestamp="2019-06-20T23:35:11.382" threadId="0000000001C07888" success="true" from="nursery"/>
<exclusive-end id="1544" timestamp="2019-06-20T23:35:11.382" durationms="1.319" />

<exclusive-start id="1545" timestamp="2019-06-20T23:35:12.602" intervalms="1220.662">
  <response-info timems="0.038" idlems="0.038" threads="0" lastid="0000000001BECC00" lastname="node-24" />
</exclusive-start>
<af-start id="1546" threadId="0000000001BED588" totalBytesRequested="24" timestamp="2019-06-20T23:35:12.602" intervalms="1220.695" type="nursery" />
<cycle-start id="1547" type="scavenge" contextid="0" timestamp="2019-06-20T23:35:12.602" intervalms="1220.743" />
<gc-start id="1548" type="scavenge" contextid="1547" timestamp="2019-06-20T23:35:12.602">
  <mem-info id="1549" free="2079171608" total="2092630016" percent="99">
    <mem type="nursery" free="0" total="2883584" percent="0">
      <mem type="allocate" free="0" total="2555904" percent="0" />
      <mem type="survivor" free="0" total="327680" percent="0" />
    </mem>
    <mem type="tenure" free="2079171608" total="2089746432" percent="99">
      <mem type="soa" free="1974684696" total="1985259520" percent="99" />
      <mem type="loa" free="104486912" total="104486912" percent="100" />
    </mem>
    <remembered-set count="371" />
  </mem-info>
</gc-start>
<allocation-stats totalBytes="2395360" >
  <allocated-bytes non-tlh="32" tlh="2395328" />
  <largest-consumer threadName="node-25" threadId="0000000001BE1800" bytes="106496" />
</allocation-stats>
<gc-op id="1550" type="scavenge" timems="0.795" contextid="1547" timestamp="2019-06-20T23:35:12.603">
  <scavenger-info tenureage="2" tenuremask="4004" tiltratio="88" />
  <memory-copied type="nursery" objects="3218" bytes="79400" bytesdiscarded="77272" />
  <memory-copied type="tenure" objects="1093" bytes="26232" bytesdiscarded="0" />
</gc-op>
<gc-end id="1551" type="scavenge" contextid="1547" durationms="1.120" usertimems="4.000" systemtimems="0.000" timestamp="2019-06-20T23:35:12.603" activeThreads="4">
  <mem-info id="1552" free="2081570840" total="2092630016" percent="99">
    <mem type="nursery" free="2399232" total="2883584" percent="83">
      <mem type="allocate" free="2399232" total="2555904" percent="93" />
      <mem type="survivor" free="0" total="327680" percent="0" />
    </mem>
    <mem type="tenure" free="2079171608" total="2089746432" percent="99" macro-fragmented="0">
      <mem type="soa" free="1974684696" total="1985259520" percent="99" />
      <mem type="loa" free="104486912" total="104486912" percent="100" />
    </mem>
    <remembered-set count="305" />
  </mem-info>
</gc-end>
<cycle-end id="1553" type="scavenge" contextid="1547" timestamp="2019-06-20T23:35:12.603" />
  <attribute name="elasticGC enabled" value="1" />
  <attribute name= "numThreadsSpecified" value="4" />
  <attribute name="heapSize specified" value="8912896" />
  <attribute name="Current GC Util" value="0" />
  <attribute name= "Current Time Running" value="148214" />
  <attribute name ="GC Interval" value="200" />
  <attribute name="ProportionalT" value="-30.000000" />
  <attribute name="ProportionalI" value="-30.000000" />
  <attribute name="ProportionalH" value="-30.000000" />
  <attribute name="Current Error" value="-20.000000" />
  <attribute name="IntegralT" value="-24420.000000" />
  <attribute name="IntegralI" value="-24420.000000" />
  <attribute name="IntegralH" value="-24420.000000" />
  <attribute name="DerivativeT" value="-0.016380" />
  <attribute name="DerivativeI" value="-0.016380" />
  <attribute name="DerivativeH" value="-0.016380" />
  <attribute name="Loop Time for DT" value="1221.000000" />
  <attribute name="Output H" value="2092630016"/>
  <attribute name="Output I" value="200"/>
  <attribute name="Output T" value="4"/>
  <attribute name="Target GC Util Change" value ="20.000000" />
  <attribute name="Current GC Util Change" value="0.000000"/>
  <attribute name="GC Util currently" value="0" />
  <attribute name="CPU Util currently" value="3777325906" />
<allocation-satisfied id="1554" threadId="0000000001BECC00" bytesRequested="24" />
<af-end id="1555" timestamp="2019-06-20T23:35:12.603" threadId="0000000001BED588" success="true" from="nursery"/>
<exclusive-end id="1556" timestamp="2019-06-20T23:35:12.603" durationms="1.764" />

<exclusive-start id="1557" timestamp="2019-06-20T23:35:13.823" intervalms="1221.304">
  <response-info timems="0.039" idlems="0.039" threads="0" lastid="0000000001BE9000" lastname="node-3" />
</exclusive-start>
<af-start id="1558" threadId="0000000001BE9988" totalBytesRequested="16" timestamp="2019-06-20T23:35:13.823" intervalms="1221.255" type="nursery" />
<cycle-start id="1559" type="scavenge" contextid="0" timestamp="2019-06-20T23:35:13.823" intervalms="1221.201" />
<gc-start id="1560" type="scavenge" contextid="1559" timestamp="2019-06-20T23:35:13.823">
  <mem-info id="1561" free="2079171608" total="2092630016" percent="99">
    <mem type="nursery" free="0" total="2883584" percent="0">
      <mem type="allocate" free="0" total="2555904" percent="0" />
      <mem type="survivor" free="0" total="327680" percent="0" />
    </mem>
    <mem type="tenure" free="2079171608" total="2089746432" percent="99">
      <mem type="soa" free="1974684696" total="1985259520" percent="99" />
      <mem type="loa" free="104486912" total="104486912" percent="100" />
    </mem>
    <remembered-set count="371" />
  </mem-info>
</gc-start>
<allocation-stats totalBytes="2397768" >
  <allocated-bytes non-tlh="24" tlh="2397744" />
  <largest-consumer threadName="node-0" threadId="0000000001BCEC00" bytes="106480" />
</allocation-stats>
<gc-op id="1562" type="scavenge" timems="0.446" contextid="1559" timestamp="2019-06-20T23:35:13.824">
  <scavenger-info tenureage="2" tenuremask="4004" tiltratio="88" />
  <memory-copied type="nursery" objects="2414" bytes="73408" bytesdiscarded="83264" />
  <memory-copied type="tenure" objects="1753" bytes="42064" bytesdiscarded="8" />
</gc-op>
<gc-end id="1563" type="scavenge" contextid="1559" durationms="0.783" usertimems="0.000" systemtimems="0.000" timestamp="2019-06-20T23:35:13.824" activeThreads="4">
  <mem-info id="1564" free="2081531672" total="2092630016" percent="99">
    <mem type="nursery" free="2399232" total="2883584" percent="83">
      <mem type="allocate" free="2399232" total="2555904" percent="93" />
      <mem type="survivor" free="0" total="327680" percent="0" />
    </mem>
    <mem type="tenure" free="2079132440" total="2089746432" percent="99" macro-fragmented="0">
      <mem type="soa" free="1974645528" total="1985259520" percent="99" />
      <mem type="loa" free="104486912" total="104486912" percent="100" />
    </mem>
    <remembered-set count="281" />
  </mem-info>
</gc-end>
<cycle-end id="1565" type="scavenge" contextid="1559" timestamp="2019-06-20T23:35:13.824" />
  <attribute name="elasticGC enabled" value="1" />
  <attribute name= "numThreadsSpecified" value="4" />
  <attribute name="heapSize specified" value="8912896" />
  <attribute name="Current GC Util" value="0" />
  <attribute name= "Current Time Running" value="149435" />
  <attribute name ="GC Interval" value="200" />
  <attribute name="ProportionalT" value="-30.000000" />
  <attribute name="ProportionalI" value="-30.000000" />
  <attribute name="ProportionalH" value="-30.000000" />
  <attribute name="Current Error" value="-20.000000" />
  <attribute name="IntegralT" value="-24420.000000" />
  <attribute name="IntegralI" value="-24420.000000" />
  <attribute name="IntegralH" value="-24420.000000" />
  <attribute name="DerivativeT" value="-0.016380" />
  <attribute name="DerivativeI" value="-0.016380" />
  <attribute name="DerivativeH" value="-0.016380" />
  <attribute name="Loop Time for DT" value="1221.000000" />
  <attribute name="Output H" value="2092630016"/>
  <attribute name="Output I" value="200"/>
  <attribute name="Output T" value="4"/>
  <attribute name="Target GC Util Change" value ="20.000000" />
  <attribute name="Current GC Util Change" value="0.000000"/>
  <attribute name="GC Util currently" value="0" />
  <attribute name="CPU Util currently" value="3776857598" />
<allocation-satisfied id="1566" threadId="0000000001BE9000" bytesRequested="16" />
<af-end id="1567" timestamp="2019-06-20T23:35:13.824" threadId="0000000001BE9988" success="true" from="nursery"/>
<exclusive-end id="1568" timestamp="2019-06-20T23:35:13.824" durationms="1.325" />

<exclusive-start id="1569" timestamp="2019-06-20T23:35:15.069" intervalms="1246.040">
  <response-info timems="0.054" idlems="0.054" threads="0" lastid="0000000001BE9000" lastname="node-3" />
</exclusive-start>
<af-start id="1570" threadId="0000000001BE9988" totalBytesRequested="16" timestamp="2019-06-20T23:35:15.069" intervalms="1246.043" type="nursery" />
<cycle-start id="1571" type="scavenge" contextid="0" timestamp="2019-06-20T23:35:15.069" intervalms="1246.048" />
<gc-start id="1572" type="scavenge" contextid="1571" timestamp="2019-06-20T23:35:15.069">
  <mem-info id="1573" free="2079132440" total="2092630016" percent="99">
    <mem type="nursery" free="0" total="2883584" percent="0">
      <mem type="allocate" free="0" total="2555904" percent="0" />
      <mem type="survivor" free="0" total="327680" percent="0" />
    </mem>
    <mem type="tenure" free="2079132440" total="2089746432" percent="99">
      <mem type="soa" free="1974645528" total="1985259520" percent="99" />
      <mem type="loa" free="104486912" total="104486912" percent="100" />
    </mem>
    <remembered-set count="368" />
  </mem-info>
</gc-start>
<allocation-stats totalBytes="2398264" >
  <allocated-bytes non-tlh="16" tlh="2398248" />
  <largest-consumer threadName="node-25" threadId="0000000001BE1800" bytes="106488" />
</allocation-stats>
<gc-op id="1574" type="scavenge" timems="0.484" contextid="1571" timestamp="2019-06-20T23:35:15.070">
  <scavenger-info tenureage="2" tenuremask="4004" tiltratio="88" />
  <memory-copied type="nursery" objects="2052" bytes="64328" bytesdiscarded="92344" />
  <memory-copied type="tenure" objects="1320" bytes="31680" bytesdiscarded="0" />
</gc-op>
<gc-end id="1575" type="scavenge" contextid="1571" durationms="0.829" usertimems="0.000" systemtimems="4.000" timestamp="2019-06-20T23:35:15.070" activeThreads="4">
  <mem-info id="1576" free="2081492504" total="2092630016" percent="99">
    <mem type="nursery" free="2399232" total="2883584" percent="83">
      <mem type="allocate" free="2399232" total="2555904" percent="93" />
      <mem type="survivor" free="0" total="327680" percent="0" />
    </mem>
    <mem type="tenure" free="2079093272" total="2089746432" percent="99" macro-fragmented="0">
      <mem type="soa" free="1974606360" total="1985259520" percent="99" />
      <mem type="loa" free="104486912" total="104486912" percent="100" />
    </mem>
    <remembered-set count="296" />
  </mem-info>
</gc-end>
<cycle-end id="1577" type="scavenge" contextid="1571" timestamp="2019-06-20T23:35:15.070" />
  <attribute name="elasticGC enabled" value="1" />
  <attribute name= "numThreadsSpecified" value="4" />
  <attribute name="heapSize specified" value="8912896" />
  <attribute name="Current GC Util" value="0" />
  <attribute name= "Current Time Running" value="150681" />
  <attribute name ="GC Interval" value="200" />
  <attribute name="ProportionalT" value="-30.000000" />
  <attribute name="ProportionalI" value="-30.000000" />
  <attribute name="ProportionalH" value="-30.000000" />
  <attribute name="Current Error" value="-20.000000" />
  <attribute name="IntegralT" value="-24920.000000" />
  <attribute name="IntegralI" value="-24920.000000" />
  <attribute name="IntegralH" value="-24920.000000" />
  <attribute name="DerivativeT" value="-0.016051" />
  <attribute name="DerivativeI" value="-0.016051" />
  <attribute name="DerivativeH" value="-0.016051" />
  <attribute name="Loop Time for DT" value="1246.000000" />
  <attribute name="Output H" value="2092630016"/>
  <attribute name="Output I" value="200"/>
  <attribute name="Output T" value="4"/>
  <attribute name="Target GC Util Change" value ="20.000000" />
  <attribute name="Current GC Util Change" value="0.000000"/>
  <attribute name="GC Util currently" value="0" />
  <attribute name="CPU Util currently" value="3700994883" />
<allocation-satisfied id="1578" threadId="0000000001BE9000" bytesRequested="16" />
<af-end id="1579" timestamp="2019-06-20T23:35:15.070" threadId="0000000001BE9988" success="true" from="nursery"/>
<exclusive-end id="1580" timestamp="2019-06-20T23:35:15.070" durationms="1.267" />

<exclusive-start id="1581" timestamp="2019-06-20T23:35:16.244" intervalms="1175.187">
  <response-info timems="0.037" idlems="0.037" threads="0" lastid="0000000001BF7F00" lastname="node-4" />
</exclusive-start>
<af-start id="1582" threadId="0000000001BF8888" totalBytesRequested="16" timestamp="2019-06-20T23:35:16.244" intervalms="1175.194" type="nursery" />
<cycle-start id="1583" type="scavenge" contextid="0" timestamp="2019-06-20T23:35:16.244" intervalms="1175.203" />
<gc-start id="1584" type="scavenge" contextid="1583" timestamp="2019-06-20T23:35:16.244">
  <mem-info id="1585" free="2079093272" total="2092630016" percent="99">
    <mem type="nursery" free="0" total="2883584" percent="0">
      <mem type="allocate" free="0" total="2555904" percent="0" />
      <mem type="survivor" free="0" total="327680" percent="0" />
    </mem>
    <mem type="tenure" free="2079093272" total="2089746432" percent="99">
      <mem type="soa" free="1974606360" total="1985259520" percent="99" />
      <mem type="loa" free="104486912" total="104486912" percent="100" />
    </mem>
    <remembered-set count="363" />
  </mem-info>
</gc-start>
<allocation-stats totalBytes="2392840" >
  <allocated-bytes non-tlh="16" tlh="2392824" />
  <largest-consumer threadName="node-2" threadId="0000000001BE5400" bytes="106488" />
</allocation-stats>
<gc-op id="1586" type="scavenge" timems="1.151" contextid="1583" timestamp="2019-06-20T23:35:16.246">
  <scavenger-info tenureage="2" tenuremask="4004" tiltratio="88" />
  <memory-copied type="nursery" objects="2253" bytes="70904" bytesdiscarded="85768" />
  <memory-copied type="tenure" objects="893" bytes="21432" bytesdiscarded="0" />
</gc-op>
<gc-end id="1587" type="scavenge" contextid="1583" durationms="1.346" usertimems="0.000" systemtimems="0.000" timestamp="2019-06-20T23:35:16.246" activeThreads="4">
  <mem-info id="1588" free="2081453336" total="2092630016" percent="99">
    <mem type="nursery" free="2399232" total="2883584" percent="83">
      <mem type="allocate" free="2399232" total="2555904" percent="93" />
      <mem type="survivor" free="0" total="327680" percent="0" />
    </mem>
    <mem type="tenure" free="2079054104" total="2089746432" percent="99" macro-fragmented="0">
      <mem type="soa" free="1974567192" total="1985259520" percent="99" />
      <mem type="loa" free="104486912" total="104486912" percent="100" />
    </mem>
    <remembered-set count="278" />
  </mem-info>
</gc-end>
<cycle-end id="1589" type="scavenge" contextid="1583" timestamp="2019-06-20T23:35:16.246" />
  <attribute name="elasticGC enabled" value="1" />
  <attribute name= "numThreadsSpecified" value="4" />
  <attribute name="heapSize specified" value="8912896" />
  <attribute name="Current GC Util" value="0" />
  <attribute name= "Current Time Running" value="151856" />
  <attribute name ="GC Interval" value="200" />
  <attribute name="ProportionalT" value="-30.000000" />
  <attribute name="ProportionalI" value="-30.000000" />
  <attribute name="ProportionalH" value="-30.000000" />
  <attribute name="Current Error" value="-20.000000" />
  <attribute name="IntegralT" value="-23500.000000" />
  <attribute name="IntegralI" value="-23500.000000" />
  <attribute name="IntegralH" value="-23500.000000" />
  <attribute name="DerivativeT" value="-0.017021" />
  <attribute name="DerivativeI" value="-0.017021" />
  <attribute name="DerivativeH" value="-0.017021" />
  <attribute name="Loop Time for DT" value="1175.000000" />
  <attribute name="Output H" value="2092630016"/>
  <attribute name="Output I" value="200"/>
  <attribute name="Output T" value="4"/>
  <attribute name="Target GC Util Change" value ="20.000000" />
  <attribute name="Current GC Util Change" value="0.000000"/>
  <attribute name="GC Util currently" value="0" />
  <attribute name="CPU Util currently" value="3924129320" />
<allocation-satisfied id="1590" threadId="0000000001BF7F00" bytesRequested="16" />
<af-end id="1591" timestamp="2019-06-20T23:35:16.246" threadId="0000000001BF8888" success="true" from="nursery"/>
<exclusive-end id="1592" timestamp="2019-06-20T23:35:16.246" durationms="1.832" />

<exclusive-start id="1593" timestamp="2019-06-20T23:35:17.753" intervalms="1509.119">
  <response-info timems="0.032" idlems="0.032" threads="0" lastid="0000000001BF7F00" lastname="node-4" />
</exclusive-start>
<af-start id="1594" threadId="0000000001BF8888" totalBytesRequested="32" timestamp="2019-06-20T23:35:17.753" intervalms="1509.109" type="nursery" />
<cycle-start id="1595" type="scavenge" contextid="0" timestamp="2019-06-20T23:35:17.753" intervalms="1509.109" />
<gc-start id="1596" type="scavenge" contextid="1595" timestamp="2019-06-20T23:35:17.753">
  <mem-info id="1597" free="2079054104" total="2092630016" percent="99">
    <mem type="nursery" free="0" total="2883584" percent="0">
      <mem type="allocate" free="0" total="2555904" percent="0" />
      <mem type="survivor" free="0" total="327680" percent="0" />
    </mem>
    <mem type="tenure" free="2079054104" total="2089746432" percent="99">
      <mem type="soa" free="1974567192" total="1985259520" percent="99" />
      <mem type="loa" free="104486912" total="104486912" percent="100" />
    </mem>
    <remembered-set count="366" />
  </mem-info>
</gc-start>
<allocation-stats totalBytes="2389136" >
  <allocated-bytes non-tlh="16" tlh="2389120" />
  <largest-consumer threadName="node-14" threadId="0000000001BB8500" bytes="106472" />
</allocation-stats>
<gc-op id="1598" type="scavenge" timems="1.150" contextid="1595" timestamp="2019-06-20T23:35:17.755">
  <scavenger-info tenureage="2" tenuremask="4004" tiltratio="88" />
  <memory-copied type="nursery" objects="2211" bytes="55224" bytesdiscarded="101448" />
  <memory-copied type="tenure" objects="953" bytes="22872" bytesdiscarded="0" />
</gc-op>
<gc-end id="1599" type="scavenge" contextid="1595" durationms="1.338" usertimems="0.000" systemtimems="0.000" timestamp="2019-06-20T23:35:17.755" activeThreads="4">
  <mem-info id="1600" free="2081414168" total="2092630016" percent="99">
    <mem type="nursery" free="2399232" total="2883584" percent="83">
      <mem type="allocate" free="2399232" total="2555904" percent="93" />
      <mem type="survivor" free="0" total="327680" percent="0" />
    </mem>
    <mem type="tenure" free="2079014936" total="2089746432" percent="99" macro-fragmented="0">
      <mem type="soa" free="1974528024" total="1985259520" percent="99" />
      <mem type="loa" free="104486912" total="104486912" percent="100" />
    </mem>
    <remembered-set count="299" />
  </mem-info>
</gc-end>
<cycle-end id="1601" type="scavenge" contextid="1595" timestamp="2019-06-20T23:35:17.755" />
  <attribute name="elasticGC enabled" value="1" />
  <attribute name= "numThreadsSpecified" value="4" />
  <attribute name="heapSize specified" value="8912896" />
  <attribute name="Current GC Util" value="0" />
  <attribute name= "Current Time Running" value="153365" />
  <attribute name ="GC Interval" value="200" />
  <attribute name="ProportionalT" value="-30.000000" />
  <attribute name="ProportionalI" value="-30.000000" />
  <attribute name="ProportionalH" value="-30.000000" />
  <attribute name="Current Error" value="-20.000000" />
  <attribute name="IntegralT" value="-30180.000000" />
  <attribute name="IntegralI" value="-30180.000000" />
  <attribute name="IntegralH" value="-30180.000000" />
  <attribute name="DerivativeT" value="-0.013254" />
  <attribute name="DerivativeI" value="-0.013254" />
  <attribute name="DerivativeH" value="-0.013254" />
  <attribute name="Loop Time for DT" value="1509.000000" />
  <attribute name="Output H" value="2092630016"/>
  <attribute name="Output I" value="200"/>
  <attribute name="Output T" value="4"/>
  <attribute name="Target GC Util Change" value ="20.000000" />
  <attribute name="Current GC Util Change" value="0.000000"/>
  <attribute name="GC Util currently" value="0" />
  <attribute name="CPU Util currently" value="14" />
<allocation-satisfied id="1602" threadId="0000000001BF7F00" bytesRequested="32" />
<af-end id="1603" timestamp="2019-06-20T23:35:17.755" threadId="0000000001BF8888" success="true" from="nursery"/>
<exclusive-end id="1604" timestamp="2019-06-20T23:35:17.755" durationms="1.897" />

<exclusive-start id="1605" timestamp="2019-06-20T23:35:19.119" intervalms="1365.627">
  <response-info timems="0.033" idlems="0.033" threads="0" lastid="0000000001BD2800" lastname="node-6" />
</exclusive-start>
<af-start id="1606" threadId="0000000001BD3188" totalBytesRequested="432" timestamp="2019-06-20T23:35:19.119" intervalms="1365.646" type="nursery" />
<cycle-start id="1607" type="scavenge" contextid="0" timestamp="2019-06-20T23:35:19.119" intervalms="1365.648" />
<gc-start id="1608" type="scavenge" contextid="1607" timestamp="2019-06-20T23:35:19.119">
  <mem-info id="1609" free="2079014936" total="2092630016" percent="99">
    <mem type="nursery" free="0" total="2883584" percent="0">
      <mem type="allocate" free="0" total="2555904" percent="0" />
      <mem type="survivor" free="0" total="327680" percent="0" />
    </mem>
    <mem type="tenure" free="2079014936" total="2089746432" percent="99">
      <mem type="soa" free="1974528024" total="1985259520" percent="99" />
      <mem type="loa" free="104486912" total="104486912" percent="100" />
    </mem>
    <remembered-set count="366" />
  </mem-info>
</gc-start>
<allocation-stats totalBytes="2395008" >
  <allocated-bytes non-tlh="32" tlh="2394976" />
  <largest-consumer threadName="node-10" threadId="0000000001BC7500" bytes="106488" />
</allocation-stats>
<gc-op id="1610" type="scavenge" timems="0.739" contextid="1607" timestamp="2019-06-20T23:35:19.120">
  <scavenger-info tenureage="2" tenuremask="4004" tiltratio="88" />
  <memory-copied type="nursery" objects="1978" bytes="49448" bytesdiscarded="68056" />
  <memory-copied type="tenure" objects="1091" bytes="26184" bytesdiscarded="0" />
</gc-op>
<gc-end id="1611" type="scavenge" contextid="1607" durationms="1.107" usertimems="0.000" systemtimems="0.000" timestamp="2019-06-20T23:35:19.120" activeThreads="4">
  <mem-info id="1612" free="2081453336" total="2092630016" percent="99">
    <mem type="nursery" free="2438400" total="2883584" percent="84">
      <mem type="allocate" free="2438400" total="2555904" percent="95" />
      <mem type="survivor" free="0" total="327680" percent="0" />
    </mem>
    <mem type="tenure" free="2079014936" total="2089746432" percent="99" macro-fragmented="0">
      <mem type="soa" free="1974528024" total="1985259520" percent="99" />
      <mem type="loa" free="104486912" total="104486912" percent="100" />
    </mem>
    <remembered-set count="279" />
  </mem-info>
</gc-end>
<cycle-end id="1613" type="scavenge" contextid="1607" timestamp="2019-06-20T23:35:19.120" />
  <attribute name="elasticGC enabled" value="1" />
  <attribute name= "numThreadsSpecified" value="4" />
  <attribute name="heapSize specified" value="8912896" />
  <attribute name="Current GC Util" value="0" />
  <attribute name= "Current Time Running" value="154731" />
  <attribute name ="GC Interval" value="200" />
  <attribute name="ProportionalT" value="-30.000000" />
  <attribute name="ProportionalI" value="-30.000000" />
  <attribute name="ProportionalH" value="-30.000000" />
  <attribute name="Current Error" value="-20.000000" />
  <attribute name="IntegralT" value="-27320.000000" />
  <attribute name="IntegralI" value="-27320.000000" />
  <attribute name="IntegralH" value="-27320.000000" />
  <attribute name="DerivativeT" value="-0.014641" />
  <attribute name="DerivativeI" value="-0.014641" />
  <attribute name="DerivativeH" value="-0.014641" />
  <attribute name="Loop Time for DT" value="1366.000000" />
  <attribute name="Output H" value="2092630016"/>
  <attribute name="Output I" value="200"/>
  <attribute name="Output T" value="4"/>
  <attribute name="Target GC Util Change" value ="20.000000" />
  <attribute name="Current GC Util Change" value="0.000000"/>
  <attribute name="GC Util currently" value="0" />
  <attribute name="CPU Util currently" value="3376865911" />
<allocation-satisfied id="1614" threadId="0000000001BD2800" bytesRequested="432" />
<af-end id="1615" timestamp="2019-06-20T23:35:19.121" threadId="0000000001BD3188" success="true" from="nursery"/>
<exclusive-end id="1616" timestamp="2019-06-20T23:35:19.121" durationms="1.695" />

<exclusive-start id="1617" timestamp="2019-06-20T23:35:20.378" intervalms="1259.272">
  <response-info timems="0.036" idlems="0.036" threads="0" lastid="0000000001BE9000" lastname="node-3" />
</exclusive-start>
<af-start id="1618" threadId="0000000001BE9988" totalBytesRequested="32" timestamp="2019-06-20T23:35:20.378" intervalms="1259.281" type="nursery" />
<cycle-start id="1619" type="scavenge" contextid="0" timestamp="2019-06-20T23:35:20.378" intervalms="1259.283" />
<gc-start id="1620" type="scavenge" contextid="1619" timestamp="2019-06-20T23:35:20.378">
  <mem-info id="1621" free="2079014936" total="2092630016" percent="99">
    <mem type="nursery" free="0" total="2883584" percent="0">
      <mem type="allocate" free="0" total="2555904" percent="0" />
      <mem type="survivor" free="0" total="327680" percent="0" />
    </mem>
    <mem type="tenure" free="2079014936" total="2089746432" percent="99">
      <mem type="soa" free="1974528024" total="1985259520" percent="99" />
      <mem type="loa" free="104486912" total="104486912" percent="100" />
    </mem>
    <remembered-set count="369" />
  </mem-info>
</gc-start>
<allocation-stats totalBytes="2436624" >
  <allocated-bytes non-tlh="432" tlh="2436192" />
  <largest-consumer threadName="node-5" threadId="0000000001BBC100" bytes="118296" />
</allocation-stats>
<gc-op id="1622" type="scavenge" timems="0.751" contextid="1619" timestamp="2019-06-20T23:35:20.379">
  <scavenger-info tenureage="2" tenuremask="4004" tiltratio="88" />
  <memory-copied type="nursery" objects="2170" bytes="53792" bytesdiscarded="63712" />
  <memory-copied type="tenure" objects="974" bytes="23376" bytesdiscarded="0" />
</gc-op>
<gc-end id="1623" type="scavenge" contextid="1619" durationms="1.209" usertimems="0.000" systemtimems="0.000" timestamp="2019-06-20T23:35:20.380" activeThreads="4">
  <mem-info id="1624" free="2081453336" total="2092630016" percent="99">
    <mem type="nursery" free="2438400" total="2883584" percent="84">
      <mem type="allocate" free="2438400" total="2555904" percent="95" />
      <mem type="survivor" free="0" total="327680" percent="0" />
    </mem>
    <mem type="tenure" free="2079014936" total="2089746432" percent="99" macro-fragmented="0">
      <mem type="soa" free="1974528024" total="1985259520" percent="99" />
      <mem type="loa" free="104486912" total="104486912" percent="100" />
    </mem>
    <remembered-set count="299" />
  </mem-info>
</gc-end>
<cycle-end id="1625" type="scavenge" contextid="1619" timestamp="2019-06-20T23:35:20.380" />
  <attribute name="elasticGC enabled" value="1" />
  <attribute name= "numThreadsSpecified" value="4" />
  <attribute name="heapSize specified" value="8912896" />
  <attribute name="Current GC Util" value="0" />
  <attribute name= "Current Time Running" value="155990" />
  <attribute name ="GC Interval" value="200" />
  <attribute name="ProportionalT" value="-30.000000" />
  <attribute name="ProportionalI" value="-30.000000" />
  <attribute name="ProportionalH" value="-30.000000" />
  <attribute name="Current Error" value="-20.000000" />
  <attribute name="IntegralT" value="-25180.000000" />
  <attribute name="IntegralI" value="-25180.000000" />
  <attribute name="IntegralH" value="-25180.000000" />
  <attribute name="DerivativeT" value="-0.015886" />
  <attribute name="DerivativeI" value="-0.015886" />
  <attribute name="DerivativeH" value="-0.015886" />
  <attribute name="Loop Time for DT" value="1259.000000" />
  <attribute name="Output H" value="2092630016"/>
  <attribute name="Output I" value="200"/>
  <attribute name="Output T" value="4"/>
  <attribute name="Target GC Util Change" value ="20.000000" />
  <attribute name="Current GC Util Change" value="0.000000"/>
  <attribute name="GC Util currently" value="0" />
  <attribute name="CPU Util currently" value="3661990277" />
<allocation-satisfied id="1626" threadId="0000000001BE9000" bytesRequested="32" />
<af-end id="1627" timestamp="2019-06-20T23:35:20.380" threadId="0000000001BE9988" success="true" from="nursery"/>
<exclusive-end id="1628" timestamp="2019-06-20T23:35:20.380" durationms="1.907" />

<exclusive-start id="1629" timestamp="2019-06-20T23:35:21.644" intervalms="1265.567">
  <response-info timems="0.033" idlems="0.033" threads="0" lastid="0000000001BFF700" lastname="node-1" />
</exclusive-start>
<af-start id="1630" threadId="0000000001C00088" totalBytesRequested="32" timestamp="2019-06-20T23:35:21.644" intervalms="1265.548" type="nursery" />
<cycle-start id="1631" type="scavenge" contextid="0" timestamp="2019-06-20T23:35:21.644" intervalms="1265.547" />
<gc-start id="1632" type="scavenge" contextid="1631" timestamp="2019-06-20T23:35:21.644">
  <mem-info id="1633" free="2079014936" total="2092630016" percent="99">
    <mem type="nursery" free="0" total="2883584" percent="0">
      <mem type="allocate" free="0" total="2555904" percent="0" />
      <mem type="survivor" free="0" total="327680" percent="0" />
    </mem>
    <mem type="tenure" free="2079014936" total="2089746432" percent="99">
      <mem type="soa" free="1974528024" total="1985259520" percent="99" />
      <mem type="loa" free="104486912" total="104486912" percent="100" />
    </mem>
    <remembered-set count="367" />
  </mem-info>
</gc-start>
<allocation-stats totalBytes="2436224" >
  <allocated-bytes non-tlh="32" tlh="2436192" />
  <largest-consumer threadName="node-3" threadId="0000000001BE9000" bytes="122904" />
</allocation-stats>
<gc-op id="1634" type="scavenge" timems="0.404" contextid="1631" timestamp="2019-06-20T23:35:21.644">
  <scavenger-info tenureage="2" tenuremask="4004" tiltratio="88" />
  <memory-copied type="nursery" objects="2525" bytes="59680" bytesdiscarded="57824" />
  <memory-copied type="tenure" objects="873" bytes="20952" bytesdiscarded="0" />
</gc-op>
<gc-end id="1635" type="scavenge" contextid="1631" durationms="0.763" usertimems="0.000" systemtimems="0.000" timestamp="2019-06-20T23:35:21.645" activeThreads="4">
  <mem-info id="1636" free="2081414168" total="2092630016" percent="99">
    <mem type="nursery" free="2438400" total="2883584" percent="84">
      <mem type="allocate" free="2438400" total="2555904" percent="95" />
      <mem type="survivor" free="0" total="327680" percent="0" />
    </mem>
    <mem type="tenure" free="2078975768" total="2089746432" percent="99" macro-fragmented="0">
      <mem type="soa" free="1974488856" total="1985259520" percent="99" />
      <mem type="loa" free="104486912" total="104486912" percent="100" />
    </mem>
    <remembered-set count="277" />
  </mem-info>
</gc-end>
<cycle-end id="1637" type="scavenge" contextid="1631" timestamp="2019-06-20T23:35:21.645" />
  <attribute name="elasticGC enabled" value="1" />
  <attribute name= "numThreadsSpecified" value="4" />
  <attribute name="heapSize specified" value="8912896" />
  <attribute name="Current GC Util" value="0" />
  <attribute name= "Current Time Running" value="157256" />
  <attribute name ="GC Interval" value="200" />
  <attribute name="ProportionalT" value="-30.000000" />
  <attribute name="ProportionalI" value="-30.000000" />
  <attribute name="ProportionalH" value="-30.000000" />
  <attribute name="Current Error" value="-20.000000" />
  <attribute name="IntegralT" value="-25320.000000" />
  <attribute name="IntegralI" value="-25320.000000" />
  <attribute name="IntegralH" value="-25320.000000" />
  <attribute name="DerivativeT" value="-0.015798" />
  <attribute name="DerivativeI" value="-0.015798" />
  <attribute name="DerivativeH" value="-0.015798" />
  <attribute name="Loop Time for DT" value="1266.000000" />
  <attribute name="Output H" value="2092630016"/>
  <attribute name="Output I" value="200"/>
  <attribute name="Output T" value="4"/>
  <attribute name="Target GC Util Change" value ="20.000000" />
  <attribute name="Current GC Util Change" value="0.000000"/>
  <attribute name="GC Util currently" value="0" />
  <attribute name="CPU Util currently" value="3644207746" />
<allocation-satisfied id="1638" threadId="0000000001BFF700" bytesRequested="32" />
<af-end id="1639" timestamp="2019-06-20T23:35:21.645" threadId="0000000001C00088" success="true" from="nursery"/>
<exclusive-end id="1640" timestamp="2019-06-20T23:35:21.645" durationms="1.356" />

<exclusive-start id="1641" timestamp="2019-06-20T23:35:22.754" intervalms="1109.998">
  <response-info timems="0.041" idlems="0.041" threads="0" lastid="0000000001BD2800" lastname="node-6" />
</exclusive-start>
<af-start id="1642" threadId="0000000001BD3188" totalBytesRequested="24" timestamp="2019-06-20T23:35:22.754" intervalms="1110.010" type="nursery" />
<cycle-start id="1643" type="scavenge" contextid="0" timestamp="2019-06-20T23:35:22.754" intervalms="1110.014" />
<gc-start id="1644" type="scavenge" contextid="1643" timestamp="2019-06-20T23:35:22.754">
  <mem-info id="1645" free="2078975768" total="2092630016" percent="99">
    <mem type="nursery" free="0" total="2883584" percent="0">
      <mem type="allocate" free="0" total="2555904" percent="0" />
      <mem type="survivor" free="0" total="327680" percent="0" />
    </mem>
    <mem type="tenure" free="2078975768" total="2089746432" percent="99">
      <mem type="soa" free="1974488856" total="1985259520" percent="99" />
      <mem type="loa" free="104486912" total="104486912" percent="100" />
    </mem>
    <remembered-set count="370" />
  </mem-info>
</gc-start>
<allocation-stats totalBytes="2433656" >
  <allocated-bytes non-tlh="32" tlh="2433624" />
  <largest-consumer threadName="node-8" threadId="0000000001BDA000" bytes="118728" />
</allocation-stats>
<gc-op id="1646" type="scavenge" timems="1.258" contextid="1643" timestamp="2019-06-20T23:35:22.755">
  <scavenger-info tenureage="2" tenuremask="4004" tiltratio="88" />
  <memory-copied type="nursery" objects="2977" bytes="73624" bytesdiscarded="83048" />
  <memory-copied type="tenure" objects="1157" bytes="27768" bytesdiscarded="0" />
</gc-op>
<gc-end id="1647" type="scavenge" contextid="1643" durationms="1.462" usertimems="4.000" systemtimems="0.000" timestamp="2019-06-20T23:35:22.755" activeThreads="4">
  <mem-info id="1648" free="2081335832" total="2092630016" percent="99">
    <mem type="nursery" free="2399232" total="2883584" percent="83">
      <mem type="allocate" free="2399232" total="2555904" percent="93" />
      <mem type="survivor" free="0" total="327680" percent="0" />
    </mem>
    <mem type="tenure" free="2078936600" total="2089746432" percent="99" macro-fragmented="0">
      <mem type="soa" free="1974449688" total="1985259520" percent="99" />
      <mem type="loa" free="104486912" total="104486912" percent="100" />
    </mem>
    <remembered-set count="304" />
  </mem-info>
</gc-end>
<cycle-end id="1649" type="scavenge" contextid="1643" timestamp="2019-06-20T23:35:22.756" />
  <attribute name="elasticGC enabled" value="1" />
  <attribute name= "numThreadsSpecified" value="4" />
  <attribute name="heapSize specified" value="8912896" />
  <attribute name="Current GC Util" value="0" />
  <attribute name= "Current Time Running" value="158366" />
  <attribute name ="GC Interval" value="200" />
  <attribute name="ProportionalT" value="-30.000000" />
  <attribute name="ProportionalI" value="-30.000000" />
  <attribute name="ProportionalH" value="-30.000000" />
  <attribute name="Current Error" value="-20.000000" />
  <attribute name="IntegralT" value="-22200.000000" />
  <attribute name="IntegralI" value="-22200.000000" />
  <attribute name="IntegralH" value="-22200.000000" />
  <attribute name="DerivativeT" value="-0.018018" />
  <attribute name="DerivativeI" value="-0.018018" />
  <attribute name="DerivativeH" value="-0.018018" />
  <attribute name="Loop Time for DT" value="1110.000000" />
  <attribute name="Output H" value="2092630016"/>
  <attribute name="Output I" value="200"/>
  <attribute name="Output T" value="4"/>
  <attribute name="Target GC Util Change" value ="20.000000" />
  <attribute name="Current GC Util Change" value="0.000000"/>
  <attribute name="GC Util currently" value="0" />
  <attribute name="CPU Util currently" value="4154574589" />
<allocation-satisfied id="1650" threadId="0000000001BD2800" bytesRequested="24" />
<af-end id="1651" timestamp="2019-06-20T23:35:22.756" threadId="0000000001BD3188" success="true" from="nursery"/>
<exclusive-end id="1652" timestamp="2019-06-20T23:35:22.756" durationms="1.983" />

<exclusive-start id="1653" timestamp="2019-06-20T23:35:23.956" intervalms="1202.512">
  <response-info timems="0.365" idlems="0.187" threads="1" lastid="0000000001BDA000" lastname="node-8" />
</exclusive-start>
<af-start id="1654" threadId="0000000001C00088" totalBytesRequested="32" timestamp="2019-06-20T23:35:23.956" intervalms="1202.505" type="nursery" />
<cycle-start id="1655" type="scavenge" contextid="0" timestamp="2019-06-20T23:35:23.956" intervalms="1202.496" />
<gc-start id="1656" type="scavenge" contextid="1655" timestamp="2019-06-20T23:35:23.956">
  <mem-info id="1657" free="2078936600" total="2092630016" percent="99">
    <mem type="nursery" free="0" total="2883584" percent="0">
      <mem type="allocate" free="0" total="2555904" percent="0" />
      <mem type="survivor" free="0" total="327680" percent="0" />
    </mem>
    <mem type="tenure" free="2078936600" total="2089746432" percent="99">
      <mem type="soa" free="1974449688" total="1985259520" percent="99" />
      <mem type="loa" free="104486912" total="104486912" percent="100" />
    </mem>
    <remembered-set count="370" />
  </mem-info>
</gc-start>
<allocation-stats totalBytes="2392952" >
  <allocated-bytes non-tlh="24" tlh="2392928" />
  <largest-consumer threadName="node-0" threadId="0000000001BCEC00" bytes="106488" />
</allocation-stats>
<gc-op id="1658" type="scavenge" timems="0.444" contextid="1655" timestamp="2019-06-20T23:35:23.957">
  <scavenger-info tenureage="2" tenuremask="4004" tiltratio="88" />
  <memory-copied type="nursery" objects="2811" bytes="66544" bytesdiscarded="90128" />
  <memory-copied type="tenure" objects="1253" bytes="30072" bytesdiscarded="0" />
</gc-op>
<gc-end id="1659" type="scavenge" contextid="1655" durationms="0.614" usertimems="0.000" systemtimems="0.000" timestamp="2019-06-20T23:35:23.957" activeThreads="4">
  <mem-info id="1660" free="2081335832" total="2092630016" percent="99">
    <mem type="nursery" free="2399232" total="2883584" percent="83">
      <mem type="allocate" free="2399232" total="2555904" percent="93" />
      <mem type="survivor" free="0" total="327680" percent="0" />
    </mem>
    <mem type="tenure" free="2078936600" total="2089746432" percent="99" macro-fragmented="0">
      <mem type="soa" free="1974449688" total="1985259520" percent="99" />
      <mem type="loa" free="104486912" total="104486912" percent="100" />
    </mem>
    <remembered-set count="277" />
  </mem-info>
</gc-end>
<cycle-end id="1661" type="scavenge" contextid="1655" timestamp="2019-06-20T23:35:23.957" />
  <attribute name="elasticGC enabled" value="1" />
  <attribute name= "numThreadsSpecified" value="4" />
  <attribute name="heapSize specified" value="8912896" />
  <attribute name="Current GC Util" value="0" />
  <attribute name= "Current Time Running" value="159568" />
  <attribute name ="GC Interval" value="200" />
  <attribute name="ProportionalT" value="-30.000000" />
  <attribute name="ProportionalI" value="-30.000000" />
  <attribute name="ProportionalH" value="-30.000000" />
  <attribute name="Current Error" value="-20.000000" />
  <attribute name="IntegralT" value="-24040.000000" />
  <attribute name="IntegralI" value="-24040.000000" />
  <attribute name="IntegralH" value="-24040.000000" />
  <attribute name="DerivativeT" value="-0.016639" />
  <attribute name="DerivativeI" value="-0.016639" />
  <attribute name="DerivativeH" value="-0.016639" />
  <attribute name="Loop Time for DT" value="1202.000000" />
  <attribute name="Output H" value="2092630016"/>
  <attribute name="Output I" value="200"/>
  <attribute name="Output T" value="4"/>
  <attribute name="Target GC Util Change" value ="20.000000" />
  <attribute name="Current GC Util Change" value="0.000000"/>
  <attribute name="GC Util currently" value="0" />
  <attribute name="CPU Util currently" value="3835208559" />
<allocation-satisfied id="1662" threadId="0000000001BFF700" bytesRequested="32" />
<af-end id="1663" timestamp="2019-06-20T23:35:23.957" threadId="0000000001C00088" success="true" from="nursery"/>
<exclusive-end id="1664" timestamp="2019-06-20T23:35:23.957" durationms="1.046" />

<exclusive-start id="1665" timestamp="2019-06-20T23:35:25.231" intervalms="1274.857">
  <response-info timems="0.055" idlems="0.055" threads="0" lastid="0000000001BE5400" lastname="node-2" />
</exclusive-start>
<af-start id="1666" threadId="0000000001BE5D88" totalBytesRequested="32" timestamp="2019-06-20T23:35:25.231" intervalms="1274.853" type="nursery" />
<cycle-start id="1667" type="scavenge" contextid="0" timestamp="2019-06-20T23:35:25.231" intervalms="1274.851" />
<gc-start id="1668" type="scavenge" contextid="1667" timestamp="2019-06-20T23:35:25.231">
  <mem-info id="1669" free="2078936600" total="2092630016" percent="99">
    <mem type="nursery" free="0" total="2883584" percent="0">
      <mem type="allocate" free="0" total="2555904" percent="0" />
      <mem type="survivor" free="0" total="327680" percent="0" />
    </mem>
    <mem type="tenure" free="2078936600" total="2089746432" percent="99">
      <mem type="soa" free="1974449688" total="1985259520" percent="99" />
      <mem type="loa" free="104486912" total="104486912" percent="100" />
    </mem>
    <remembered-set count="371" />
  </mem-info>
</gc-start>
<allocation-stats totalBytes="2396200" >
  <allocated-bytes non-tlh="32" tlh="2396168" />
  <largest-consumer threadName="node-12" threadId="0000000001BF4300" bytes="106496" />
</allocation-stats>
<gc-op id="1670" type="scavenge" timems="0.519" contextid="1667" timestamp="2019-06-20T23:35:25.232">
  <scavenger-info tenureage="2" tenuremask="4004" tiltratio="88" />
  <memory-copied type="nursery" objects="2519" bytes="62616" bytesdiscarded="54888" />
  <memory-copied type="tenure" objects="1579" bytes="37896" bytesdiscarded="0" />
</gc-op>
<gc-end id="1671" type="scavenge" contextid="1667" durationms="0.763" usertimems="4.000" systemtimems="0.000" timestamp="2019-06-20T23:35:25.232" activeThreads="4">
  <mem-info id="1672" free="2081335832" total="2092630016" percent="99">
    <mem type="nursery" free="2438400" total="2883584" percent="84">
      <mem type="allocate" free="2438400" total="2555904" percent="95" />
      <mem type="survivor" free="0" total="327680" percent="0" />
    </mem>
    <mem type="tenure" free="2078897432" total="2089746432" percent="99" macro-fragmented="0">
      <mem type="soa" free="1974410520" total="1985259520" percent="99" />
      <mem type="loa" free="104486912" total="104486912" percent="100" />
    </mem>
    <remembered-set count="301" />
  </mem-info>
</gc-end>
<cycle-end id="1673" type="scavenge" contextid="1667" timestamp="2019-06-20T23:35:25.232" />
  <attribute name="elasticGC enabled" value="1" />
  <attribute name= "numThreadsSpecified" value="4" />
  <attribute name="heapSize specified" value="8912896" />
  <attribute name="Current GC Util" value="0" />
  <attribute name= "Current Time Running" value="160843" />
  <attribute name ="GC Interval" value="200" />
  <attribute name="ProportionalT" value="-30.000000" />
  <attribute name="ProportionalI" value="-30.000000" />
  <attribute name="ProportionalH" value="-30.000000" />
  <attribute name="Current Error" value="-20.000000" />
  <attribute name="IntegralT" value="-25500.000000" />
  <attribute name="IntegralI" value="-25500.000000" />
  <attribute name="IntegralH" value="-25500.000000" />
  <attribute name="DerivativeT" value="-0.015686" />
  <attribute name="DerivativeI" value="-0.015686" />
  <attribute name="DerivativeH" value="-0.015686" />
  <attribute name="Loop Time for DT" value="1275.000000" />
  <attribute name="Output H" value="2092630016"/>
  <attribute name="Output I" value="200"/>
  <attribute name="Output T" value="4"/>
  <attribute name="Target GC Util Change" value ="20.000000" />
  <attribute name="Current GC Util Change" value="0.000000"/>
  <attribute name="GC Util currently" value="0" />
  <attribute name="CPU Util currently" value="1" />
<allocation-satisfied id="1674" threadId="0000000001BE5400" bytesRequested="32" />
<af-end id="1675" timestamp="2019-06-20T23:35:25.232" threadId="0000000001BE5D88" success="true" from="nursery"/>
<exclusive-end id="1676" timestamp="2019-06-20T23:35:25.232" durationms="1.380" />

<exclusive-start id="1677" timestamp="2019-06-20T23:35:26.446" intervalms="1214.897">
  <response-info timems="0.031" idlems="0.031" threads="0" lastid="0000000001BFF700" lastname="node-1" />
</exclusive-start>
<af-start id="1678" threadId="0000000001C00088" totalBytesRequested="32" timestamp="2019-06-20T23:35:26.446" intervalms="1214.901" type="nursery" />
<cycle-start id="1679" type="scavenge" contextid="0" timestamp="2019-06-20T23:35:26.446" intervalms="1214.909" />
<gc-start id="1680" type="scavenge" contextid="1679" timestamp="2019-06-20T23:35:26.446">
  <mem-info id="1681" free="2078897432" total="2092630016" percent="99">
    <mem type="nursery" free="0" total="2883584" percent="0">
      <mem type="allocate" free="0" total="2555904" percent="0" />
      <mem type="survivor" free="0" total="327680" percent="0" />
    </mem>
    <mem type="tenure" free="2078897432" total="2089746432" percent="99">
      <mem type="soa" free="1974410520" total="1985259520" percent="99" />
      <mem type="loa" free="104486912" total="104486912" percent="100" />
    </mem>
    <remembered-set count="369" />
  </mem-info>
</gc-start>
<allocation-stats totalBytes="2435760" >
  <allocated-bytes non-tlh="32" tlh="2435728" />
  <largest-consumer threadName="node-4" threadId="0000000001BF7F00" bytes="106496" />
</allocation-stats>
<gc-op id="1682" type="scavenge" timems="0.768" contextid="1679" timestamp="2019-06-20T23:35:26.447">
  <scavenger-info tenureage="2" tenuremask="4004" tiltratio="88" />
  <memory-copied type="nursery" objects="2541" bytes="63152" bytesdiscarded="54352" />
  <memory-copied type="tenure" objects="1117" bytes="26808" bytesdiscarded="0" />
</gc-op>
<gc-end id="1683" type="scavenge" contextid="1679" durationms="1.138" usertimems="0.000" systemtimems="0.000" timestamp="2019-06-20T23:35:26.447" activeThreads="4">
  <mem-info id="1684" free="2081296664" total="2092630016" percent="99">
    <mem type="nursery" free="2438400" total="2883584" percent="84">
      <mem type="allocate" free="2438400" total="2555904" percent="95" />
      <mem type="survivor" free="0" total="327680" percent="0" />
    </mem>
    <mem type="tenure" free="2078858264" total="2089746432" percent="99" macro-fragmented="0">
      <mem type="soa" free="1974371352" total="1985259520" percent="99" />
      <mem type="loa" free="104486912" total="104486912" percent="100" />
    </mem>
    <remembered-set count="302" />
  </mem-info>
</gc-end>
<cycle-end id="1685" type="scavenge" contextid="1679" timestamp="2019-06-20T23:35:26.447" />
  <attribute name="elasticGC enabled" value="1" />
  <attribute name= "numThreadsSpecified" value="4" />
  <attribute name="heapSize specified" value="8912896" />
  <attribute name="Current GC Util" value="0" />
  <attribute name= "Current Time Running" value="162058" />
  <attribute name ="GC Interval" value="200" />
  <attribute name="ProportionalT" value="-30.000000" />
  <attribute name="ProportionalI" value="-30.000000" />
  <attribute name="ProportionalH" value="-30.000000" />
  <attribute name="Current Error" value="-20.000000" />
  <attribute name="IntegralT" value="-24300.000000" />
  <attribute name="IntegralI" value="-24300.000000" />
  <attribute name="IntegralH" value="-24300.000000" />
  <attribute name="DerivativeT" value="-0.016461" />
  <attribute name="DerivativeI" value="-0.016461" />
  <attribute name="DerivativeH" value="-0.016461" />
  <attribute name="Loop Time for DT" value="1215.000000" />
  <attribute name="Output H" value="2092630016"/>
  <attribute name="Output I" value="200"/>
  <attribute name="Output T" value="4"/>
  <attribute name="Target GC Util Change" value ="20.000000" />
  <attribute name="Current GC Util Change" value="0.000000"/>
  <attribute name="GC Util currently" value="0" />
  <attribute name="CPU Util currently" value="3795894984" />
<allocation-satisfied id="1686" threadId="0000000001BFF700" bytesRequested="32" />
<af-end id="1687" timestamp="2019-06-20T23:35:26.448" threadId="0000000001C00088" success="true" from="nursery"/>
<exclusive-end id="1688" timestamp="2019-06-20T23:35:26.448" durationms="1.639" />

<exclusive-start id="1689" timestamp="2019-06-20T23:35:27.556" intervalms="1110.115">
  <response-info timems="0.046" idlems="0.046" threads="0" lastid="0000000001BFF700" lastname="node-1" />
</exclusive-start>
<af-start id="1690" threadId="0000000001C00088" totalBytesRequested="16" timestamp="2019-06-20T23:35:27.556" intervalms="1110.122" type="nursery" />
<cycle-start id="1691" type="scavenge" contextid="0" timestamp="2019-06-20T23:35:27.556" intervalms="1110.176" />
<gc-start id="1692" type="scavenge" contextid="1691" timestamp="2019-06-20T23:35:27.556">
  <mem-info id="1693" free="2078858264" total="2092630016" percent="99">
    <mem type="nursery" free="0" total="2883584" percent="0">
      <mem type="allocate" free="0" total="2555904" percent="0" />
      <mem type="survivor" free="0" total="327680" percent="0" />
    </mem>
    <mem type="tenure" free="2078858264" total="2089746432" percent="99">
      <mem type="soa" free="1974371352" total="1985259520" percent="99" />
      <mem type="loa" free="104486912" total="104486912" percent="100" />
    </mem>
    <remembered-set count="368" />
  </mem-info>
</gc-start>
<allocation-stats totalBytes="2432664" >
  <allocated-bytes non-tlh="32" tlh="2432632" />
  <largest-consumer threadName="node-14" threadId="0000000001BB8500" bytes="110568" />
</allocation-stats>
<gc-op id="1694" type="scavenge" timems="1.177" contextid="1691" timestamp="2019-06-20T23:35:27.558">
  <scavenger-info tenureage="2" tenuremask="4004" tiltratio="88" />
  <memory-copied type="nursery" objects="2480" bytes="71544" bytesdiscarded="85128" />
  <memory-copied type="tenure" objects="1256" bytes="30144" bytesdiscarded="0" />
</gc-op>
<gc-end id="1695" type="scavenge" contextid="1691" durationms="1.443" usertimems="0.000" systemtimems="0.000" timestamp="2019-06-20T23:35:27.558" activeThreads="4">
  <mem-info id="1696" free="2081218328" total="2092630016" percent="99">
    <mem type="nursery" free="2399232" total="2883584" percent="83">
      <mem type="allocate" free="2399232" total="2555904" percent="93" />
      <mem type="survivor" free="0" total="327680" percent="0" />
    </mem>
    <mem type="tenure" free="2078819096" total="2089746432" percent="99" macro-fragmented="0">
      <mem type="soa" free="1974332184" total="1985259520" percent="99" />
      <mem type="loa" free="104486912" total="104486912" percent="100" />
    </mem>
    <remembered-set count="278" />
  </mem-info>
</gc-end>
<cycle-end id="1697" type="scavenge" contextid="1691" timestamp="2019-06-20T23:35:27.558" />
  <attribute name="elasticGC enabled" value="1" />
  <attribute name= "numThreadsSpecified" value="4" />
  <attribute name="heapSize specified" value="8912896" />
  <attribute name="Current GC Util" value="0" />
  <attribute name= "Current Time Running" value="163168" />
  <attribute name ="GC Interval" value="200" />
  <attribute name="ProportionalT" value="-30.000000" />
  <attribute name="ProportionalI" value="-30.000000" />
  <attribute name="ProportionalH" value="-30.000000" />
  <attribute name="Current Error" value="-20.000000" />
  <attribute name="IntegralT" value="-22200.000000" />
  <attribute name="IntegralI" value="-22200.000000" />
  <attribute name="IntegralH" value="-22200.000000" />
  <attribute name="DerivativeT" value="-0.018018" />
  <attribute name="DerivativeI" value="-0.018018" />
  <attribute name="DerivativeH" value="-0.018018" />
  <attribute name="Loop Time for DT" value="1110.000000" />
  <attribute name="Output H" value="2092630016"/>
  <attribute name="Output I" value="200"/>
  <attribute name="Output T" value="4"/>
  <attribute name="Target GC Util Change" value ="20.000000" />
  <attribute name="Current GC Util Change" value="0.000000"/>
  <attribute name="GC Util currently" value="0" />
  <attribute name="CPU Util currently" value="4153809013" />
<allocation-satisfied id="1698" threadId="0000000001BFF700" bytesRequested="16" />
<af-end id="1699" timestamp="2019-06-20T23:35:27.558" threadId="0000000001C00088" success="true" from="nursery"/>
<exclusive-end id="1700" timestamp="2019-06-20T23:35:27.558" durationms="2.401" />

<exclusive-start id="1701" timestamp="2019-06-20T23:35:28.844" intervalms="1288.070">
  <response-info timems="0.038" idlems="0.038" threads="0" lastid="0000000001BF7F00" lastname="node-4" />
</exclusive-start>
<af-start id="1702" threadId="0000000001BF8888" totalBytesRequested="32" timestamp="2019-06-20T23:35:28.844" intervalms="1288.058" type="nursery" />
<cycle-start id="1703" type="scavenge" contextid="0" timestamp="2019-06-20T23:35:28.844" intervalms="1287.997" />
<gc-start id="1704" type="scavenge" contextid="1703" timestamp="2019-06-20T23:35:28.844">
  <mem-info id="1705" free="2078819096" total="2092630016" percent="99">
    <mem type="nursery" free="0" total="2883584" percent="0">
      <mem type="allocate" free="0" total="2555904" percent="0" />
      <mem type="survivor" free="0" total="327680" percent="0" />
    </mem>
    <mem type="tenure" free="2078819096" total="2089746432" percent="99">
      <mem type="soa" free="1974332184" total="1985259520" percent="99" />
      <mem type="loa" free="104486912" total="104486912" percent="100" />
    </mem>
    <remembered-set count="364" />
  </mem-info>
</gc-start>
<allocation-stats totalBytes="2395304" >
  <allocated-bytes non-tlh="16" tlh="2395288" />
  <largest-consumer threadName="node-0" threadId="0000000001BCEC00" bytes="106488" />
</allocation-stats>
<gc-op id="1706" type="scavenge" timems="0.764" contextid="1703" timestamp="2019-06-20T23:35:28.845">
  <scavenger-info tenureage="2" tenuremask="4004" tiltratio="88" />
  <memory-copied type="nursery" objects="2365" bytes="58472" bytesdiscarded="59032" />
  <memory-copied type="tenure" objects="1136" bytes="27264" bytesdiscarded="0" />
</gc-op>
<gc-end id="1707" type="scavenge" contextid="1703" durationms="1.104" usertimems="0.000" systemtimems="4.000" timestamp="2019-06-20T23:35:28.845" activeThreads="4">
  <mem-info id="1708" free="2081257496" total="2092630016" percent="99">
    <mem type="nursery" free="2438400" total="2883584" percent="84">
      <mem type="allocate" free="2438400" total="2555904" percent="95" />
      <mem type="survivor" free="0" total="327680" percent="0" />
    </mem>
    <mem type="tenure" free="2078819096" total="2089746432" percent="99" macro-fragmented="0">
      <mem type="soa" free="1974332184" total="1985259520" percent="99" />
      <mem type="loa" free="104486912" total="104486912" percent="100" />
    </mem>
    <remembered-set count="297" />
  </mem-info>
</gc-end>
<cycle-end id="1709" type="scavenge" contextid="1703" timestamp="2019-06-20T23:35:28.846" />
  <attribute name="elasticGC enabled" value="1" />
  <attribute name= "numThreadsSpecified" value="4" />
  <attribute name="heapSize specified" value="8912896" />
  <attribute name="Current GC Util" value="0" />
  <attribute name= "Current Time Running" value="164456" />
  <attribute name ="GC Interval" value="200" />
  <attribute name="ProportionalT" value="-30.000000" />
  <attribute name="ProportionalI" value="-30.000000" />
  <attribute name="ProportionalH" value="-30.000000" />
  <attribute name="Current Error" value="-20.000000" />
  <attribute name="IntegralT" value="-25760.000000" />
  <attribute name="IntegralI" value="-25760.000000" />
  <attribute name="IntegralH" value="-25760.000000" />
  <attribute name="DerivativeT" value="-0.015528" />
  <attribute name="DerivativeI" value="-0.015528" />
  <attribute name="DerivativeH" value="-0.015528" />
  <attribute name="Loop Time for DT" value="1288.000000" />
  <attribute name="Output H" value="2092630016"/>
  <attribute name="Output I" value="200"/>
  <attribute name="Output T" value="4"/>
  <attribute name="Target GC Util Change" value ="20.000000" />
  <attribute name="Current GC Util Change" value="0.000000"/>
  <attribute name="GC Util currently" value="0" />
  <attribute name="CPU Util currently" value="16" />
<allocation-satisfied id="1710" threadId="0000000001BF7F00" bytesRequested="32" />
<af-end id="1711" timestamp="2019-06-20T23:35:28.846" threadId="0000000001BF8888" success="true" from="nursery"/>
<exclusive-end id="1712" timestamp="2019-06-20T23:35:28.846" durationms="1.650" />

<exclusive-start id="1713" timestamp="2019-06-20T23:35:30.274" intervalms="1429.537">
  <response-info timems="0.051" idlems="0.051" threads="0" lastid="0000000001BF7F00" lastname="node-4" />
</exclusive-start>
<af-start id="1714" threadId="0000000001BF8888" totalBytesRequested="32" timestamp="2019-06-20T23:35:30.274" intervalms="1429.545" type="nursery" />
<cycle-start id="1715" type="scavenge" contextid="0" timestamp="2019-06-20T23:35:30.274" intervalms="1429.547" />
<gc-start id="1716" type="scavenge" contextid="1715" timestamp="2019-06-20T23:35:30.274">
  <mem-info id="1717" free="2078819096" total="2092630016" percent="99">
    <mem type="nursery" free="0" total="2883584" percent="0">
      <mem type="allocate" free="0" total="2555904" percent="0" />
      <mem type="survivor" free="0" total="327680" percent="0" />
    </mem>
    <mem type="tenure" free="2078819096" total="2089746432" percent="99">
      <mem type="soa" free="1974332184" total="1985259520" percent="99" />
      <mem type="loa" free="104486912" total="104486912" percent="100" />
    </mem>
    <remembered-set count="365" />
  </mem-info>
</gc-start>
<allocation-stats totalBytes="2436224" >
  <allocated-bytes non-tlh="32" tlh="2436192" />
  <largest-consumer threadName="node-16" threadId="0000000001C0AB00" bytes="111184" />
</allocation-stats>
<gc-op id="1718" type="scavenge" timems="1.200" contextid="1715" timestamp="2019-06-20T23:35:30.275">
  <scavenger-info tenureage="2" tenuremask="4004" tiltratio="88" />
  <memory-copied type="nursery" objects="2046" bytes="51328" bytesdiscarded="105344" />
  <memory-copied type="tenure" objects="1157" bytes="27768" bytesdiscarded="0" />
</gc-op>
<gc-end id="1719" type="scavenge" contextid="1715" durationms="1.607" usertimems="0.000" systemtimems="0.000" timestamp="2019-06-20T23:35:30.276" activeThreads="4">
  <mem-info id="1720" free="2081179160" total="2092630016" percent="99">
    <mem type="nursery" free="2399232" total="2883584" percent="83">
      <mem type="allocate" free="2399232" total="2555904" percent="93" />
      <mem type="survivor" free="0" total="327680" percent="0" />
    </mem>
    <mem type="tenure" free="2078779928" total="2089746432" percent="99" macro-fragmented="0">
      <mem type="soa" free="1974293016" total="1985259520" percent="99" />
      <mem type="loa" free="104486912" total="104486912" percent="100" />
    </mem>
    <remembered-set count="298" />
  </mem-info>
</gc-end>
<cycle-end id="1721" type="scavenge" contextid="1715" timestamp="2019-06-20T23:35:30.276" />
  <attribute name="elasticGC enabled" value="1" />
  <attribute name= "numThreadsSpecified" value="4" />
  <attribute name="heapSize specified" value="8912896" />
  <attribute name="Current GC Util" value="0" />
  <attribute name= "Current Time Running" value="165886" />
  <attribute name ="GC Interval" value="200" />
  <attribute name="ProportionalT" value="-30.000000" />
  <attribute name="ProportionalI" value="-30.000000" />
  <attribute name="ProportionalH" value="-30.000000" />
  <attribute name="Current Error" value="-20.000000" />
  <attribute name="IntegralT" value="-28600.000000" />
  <attribute name="IntegralI" value="-28600.000000" />
  <attribute name="IntegralH" value="-28600.000000" />
  <attribute name="DerivativeT" value="-0.013986" />
  <attribute name="DerivativeI" value="-0.013986" />
  <attribute name="DerivativeH" value="-0.013986" />
  <attribute name="Loop Time for DT" value="1430.000000" />
  <attribute name="Output H" value="2092630016"/>
  <attribute name="Output I" value="200"/>
  <attribute name="Output T" value="4"/>
  <attribute name="Target GC Util Change" value ="20.000000" />
  <attribute name="Current GC Util Change" value="0.000000"/>
  <attribute name="GC Util currently" value="0" />
  <attribute name="CPU Util currently" value="0" />
<allocation-satisfied id="1722" threadId="0000000001BF7F00" bytesRequested="32" />
<af-end id="1723" timestamp="2019-06-20T23:35:30.276" threadId="0000000001BF8888" success="true" from="nursery"/>
<exclusive-end id="1724" timestamp="2019-06-20T23:35:30.276" durationms="2.320" />

<exclusive-start id="1725" timestamp="2019-06-20T23:35:31.429" intervalms="1155.513">
  <response-info timems="0.039" idlems="0.039" threads="0" lastid="0000000001C0AB00" lastname="node-16" />
</exclusive-start>
<af-start id="1726" threadId="0000000001C0B488" totalBytesRequested="16" timestamp="2019-06-20T23:35:31.429" intervalms="1155.513" type="nursery" />
<cycle-start id="1727" type="scavenge" contextid="0" timestamp="2019-06-20T23:35:31.429" intervalms="1155.535" />
<gc-start id="1728" type="scavenge" contextid="1727" timestamp="2019-06-20T23:35:31.429">
  <mem-info id="1729" free="2078779928" total="2092630016" percent="99">
    <mem type="nursery" free="0" total="2883584" percent="0">
      <mem type="allocate" free="0" total="2555904" percent="0" />
      <mem type="survivor" free="0" total="327680" percent="0" />
    </mem>
    <mem type="tenure" free="2078779928" total="2089746432" percent="99">
      <mem type="soa" free="1974293016" total="1985259520" percent="99" />
      <mem type="loa" free="104486912" total="104486912" percent="100" />
    </mem>
    <remembered-set count="366" />
  </mem-info>
</gc-start>
<allocation-stats totalBytes="2393816" >
  <allocated-bytes non-tlh="32" tlh="2393784" />
  <largest-consumer threadName="node-7" threadId="0000000001BFBB00" bytes="106488" />
</allocation-stats>
<gc-op id="1730" type="scavenge" timems="1.173" contextid="1727" timestamp="2019-06-20T23:35:31.431">
  <scavenger-info tenureage="2" tenuremask="4004" tiltratio="88" />
  <memory-copied type="nursery" objects="2106" bytes="58440" bytesdiscarded="98232" />
  <memory-copied type="tenure" objects="1066" bytes="25584" bytesdiscarded="0" />
</gc-op>
<gc-end id="1731" type="scavenge" contextid="1727" durationms="1.617" usertimems="0.000" systemtimems="0.000" timestamp="2019-06-20T23:35:31.431" activeThreads="4">
  <mem-info id="1732" free="2081139992" total="2092630016" percent="99">
    <mem type="nursery" free="2399232" total="2883584" percent="83">
      <mem type="allocate" free="2399232" total="2555904" percent="93" />
      <mem type="survivor" free="0" total="327680" percent="0" />
    </mem>
    <mem type="tenure" free="2078740760" total="2089746432" percent="99" macro-fragmented="0">
      <mem type="soa" free="1974253848" total="1985259520" percent="99" />
      <mem type="loa" free="104486912" total="104486912" percent="100" />
    </mem>
    <remembered-set count="281" />
  </mem-info>
</gc-end>
<cycle-end id="1733" type="scavenge" contextid="1727" timestamp="2019-06-20T23:35:31.431" />
  <attribute name="elasticGC enabled" value="1" />
  <attribute name= "numThreadsSpecified" value="4" />
  <attribute name="heapSize specified" value="8912896" />
  <attribute name="Current GC Util" value="0" />
  <attribute name= "Current Time Running" value="167041" />
  <attribute name ="GC Interval" value="200" />
  <attribute name="ProportionalT" value="-30.000000" />
  <attribute name="ProportionalI" value="-30.000000" />
  <attribute name="ProportionalH" value="-30.000000" />
  <attribute name="Current Error" value="-20.000000" />
  <attribute name="IntegralT" value="-23100.000000" />
  <attribute name="IntegralI" value="-23100.000000" />
  <attribute name="IntegralH" value="-23100.000000" />
  <attribute name="DerivativeT" value="-0.017316" />
  <attribute name="DerivativeI" value="-0.017316" />
  <attribute name="DerivativeH" value="-0.017316" />
  <attribute name="Loop Time for DT" value="1155.000000" />
  <attribute name="Output H" value="2092630016"/>
  <attribute name="Output I" value="200"/>
  <attribute name="Output T" value="4"/>
  <attribute name="Target GC Util Change" value ="20.000000" />
  <attribute name="Current GC Util Change" value="0.000000"/>
  <attribute name="GC Util currently" value="0" />
  <attribute name="CPU Util currently" value="3990978446" />
<allocation-satisfied id="1734" threadId="0000000001C0AB00" bytesRequested="16" />
<af-end id="1735" timestamp="2019-06-20T23:35:31.431" threadId="0000000001C0B488" success="true" from="nursery"/>
<exclusive-end id="1736" timestamp="2019-06-20T23:35:31.431" durationms="2.244" />

<exclusive-start id="1737" timestamp="2019-06-20T23:35:32.816" intervalms="1387.138">
  <response-info timems="0.048" idlems="0.026" threads="1" lastid="0000000001BBC100" lastname="node-5" />
</exclusive-start>
<af-start id="1738" threadId="0000000001C0B488" totalBytesRequested="32" timestamp="2019-06-20T23:35:32.816" intervalms="1387.147" type="nursery" />
<cycle-start id="1739" type="scavenge" contextid="0" timestamp="2019-06-20T23:35:32.817" intervalms="1387.140" />
<gc-start id="1740" type="scavenge" contextid="1739" timestamp="2019-06-20T23:35:32.817">
  <mem-info id="1741" free="2078740760" total="2092630016" percent="99">
    <mem type="nursery" free="0" total="2883584" percent="0">
      <mem type="allocate" free="0" total="2555904" percent="0" />
      <mem type="survivor" free="0" total="327680" percent="0" />
    </mem>
    <mem type="tenure" free="2078740760" total="2089746432" percent="99">
      <mem type="soa" free="1974253848" total="1985259520" percent="99" />
      <mem type="loa" free="104486912" total="104486912" percent="100" />
    </mem>
    <remembered-set count="369" />
  </mem-info>
</gc-start>
<allocation-stats totalBytes="2397816" >
  <allocated-bytes non-tlh="16" tlh="2397800" />
  <largest-consumer threadName="node-1" threadId="0000000001BFF700" bytes="106488" />
</allocation-stats>
<gc-op id="1742" type="scavenge" timems="0.764" contextid="1739" timestamp="2019-06-20T23:35:32.818">
  <scavenger-info tenureage="2" tenuremask="4004" tiltratio="88" />
  <memory-copied type="nursery" objects="2580" bytes="61000" bytesdiscarded="17336" />
  <memory-copied type="tenure" objects="837" bytes="20088" bytesdiscarded="0" />
</gc-op>
<gc-end id="1743" type="scavenge" contextid="1739" durationms="1.024" usertimems="0.000" systemtimems="4.000" timestamp="2019-06-20T23:35:32.818" activeThreads="4">
  <mem-info id="1744" free="2081218328" total="2092630016" percent="99">
    <mem type="nursery" free="2477568" total="2883584" percent="85">
      <mem type="allocate" free="2477568" total="2555904" percent="96" />
      <mem type="survivor" free="0" total="327680" percent="0" />
    </mem>
    <mem type="tenure" free="2078740760" total="2089746432" percent="99" macro-fragmented="0">
      <mem type="soa" free="1974253848" total="1985259520" percent="99" />
      <mem type="loa" free="104486912" total="104486912" percent="100" />
    </mem>
    <remembered-set count="277" />
  </mem-info>
</gc-end>
<cycle-end id="1745" type="scavenge" contextid="1739" timestamp="2019-06-20T23:35:32.818" />
  <attribute name="elasticGC enabled" value="1" />
  <attribute name= "numThreadsSpecified" value="4" />
  <attribute name="heapSize specified" value="8912896" />
  <attribute name="Current GC Util" value="0" />
  <attribute name= "Current Time Running" value="168428" />
  <attribute name ="GC Interval" value="200" />
  <attribute name="ProportionalT" value="-30.000000" />
  <attribute name="ProportionalI" value="-30.000000" />
  <attribute name="ProportionalH" value="-30.000000" />
  <attribute name="Current Error" value="-20.000000" />
  <attribute name="IntegralT" value="-27740.000000" />
  <attribute name="IntegralI" value="-27740.000000" />
  <attribute name="IntegralH" value="-27740.000000" />
  <attribute name="DerivativeT" value="-0.014420" />
  <attribute name="DerivativeI" value="-0.014420" />
  <attribute name="DerivativeH" value="-0.014420" />
  <attribute name="Loop Time for DT" value="1387.000000" />
  <attribute name="Output H" value="2092630016"/>
  <attribute name="Output I" value="200"/>
  <attribute name="Output T" value="4"/>
  <attribute name="Target GC Util Change" value ="20.000000" />
  <attribute name="Current GC Util Change" value="0.000000"/>
  <attribute name="GC Util currently" value="0" />
  <attribute name="CPU Util currently" value="3324600806" />
<allocation-satisfied id="1746" threadId="0000000001C0AB00" bytesRequested="32" />
<af-end id="1747" timestamp="2019-06-20T23:35:32.818" threadId="0000000001C0B488" success="true" from="nursery"/>
<exclusive-end id="1748" timestamp="2019-06-20T23:35:32.818" durationms="1.574" />

<exclusive-start id="1749" timestamp="2019-06-20T23:35:34.011" intervalms="1194.272">
  <response-info timems="0.056" idlems="0.056" threads="0" lastid="0000000001BFBB00" lastname="node-7" />
</exclusive-start>
<af-start id="1750" threadId="0000000001BFC488" totalBytesRequested="32" timestamp="2019-06-20T23:35:34.011" intervalms="1194.251" type="nursery" />
<cycle-start id="1751" type="scavenge" contextid="0" timestamp="2019-06-20T23:35:34.011" intervalms="1194.227" />
<gc-start id="1752" type="scavenge" contextid="1751" timestamp="2019-06-20T23:35:34.011">
  <mem-info id="1753" free="2078740760" total="2092630016" percent="99">
    <mem type="nursery" free="0" total="2883584" percent="0">
      <mem type="allocate" free="0" total="2555904" percent="0" />
      <mem type="survivor" free="0" total="327680" percent="0" />
    </mem>
    <mem type="tenure" free="2078740760" total="2089746432" percent="99">
      <mem type="soa" free="1974253848" total="1985259520" percent="99" />
      <mem type="loa" free="104486912" total="104486912" percent="100" />
    </mem>
    <remembered-set count="372" />
  </mem-info>
</gc-start>
<allocation-stats totalBytes="2476752" >
  <allocated-bytes non-tlh="32" tlh="2476720" />
  <largest-consumer threadName="node-16" threadId="0000000001C0AB00" bytes="122872" />
</allocation-stats>
<gc-op id="1754" type="scavenge" timems="0.524" contextid="1751" timestamp="2019-06-20T23:35:34.011">
  <scavenger-info tenureage="2" tenuremask="4004" tiltratio="88" />
  <memory-copied type="nursery" objects="3391" bytes="83296" bytesdiscarded="112544" />
  <memory-copied type="tenure" objects="1100" bytes="26400" bytesdiscarded="0" />
</gc-op>
<gc-end id="1755" type="scavenge" contextid="1751" durationms="0.707" usertimems="0.000" systemtimems="0.000" timestamp="2019-06-20T23:35:34.012" activeThreads="4">
  <mem-info id="1756" free="2081100824" total="2092630016" percent="99">
    <mem type="nursery" free="2360064" total="2883584" percent="81">
      <mem type="allocate" free="2360064" total="2555904" percent="92" />
      <mem type="survivor" free="0" total="327680" percent="0" />
    </mem>
    <mem type="tenure" free="2078740760" total="2089746432" percent="99" macro-fragmented="0">
      <mem type="soa" free="1974253848" total="1985259520" percent="99" />
      <mem type="loa" free="104486912" total="104486912" percent="100" />
    </mem>
    <remembered-set count="304" />
  </mem-info>
</gc-end>
<cycle-end id="1757" type="scavenge" contextid="1751" timestamp="2019-06-20T23:35:34.012" />
  <attribute name="elasticGC enabled" value="1" />
  <attribute name= "numThreadsSpecified" value="4" />
  <attribute name="heapSize specified" value="8912896" />
  <attribute name="Current GC Util" value="0" />
  <attribute name= "Current Time Running" value="169622" />
  <attribute name ="GC Interval" value="200" />
  <attribute name="ProportionalT" value="-30.000000" />
  <attribute name="ProportionalI" value="-30.000000" />
  <attribute name="ProportionalH" value="-30.000000" />
  <attribute name="Current Error" value="-20.000000" />
  <attribute name="IntegralT" value="-23880.000000" />
  <attribute name="IntegralI" value="-23880.000000" />
  <attribute name="IntegralH" value="-23880.000000" />
  <attribute name="DerivativeT" value="-0.016750" />
  <attribute name="DerivativeI" value="-0.016750" />
  <attribute name="DerivativeH" value="-0.016750" />
  <attribute name="Loop Time for DT" value="1194.000000" />
  <attribute name="Output H" value="2092630016"/>
  <attribute name="Output I" value="200"/>
  <attribute name="Output T" value="4"/>
  <attribute name="Target GC Util Change" value ="20.000000" />
  <attribute name="Current GC Util Change" value="0.000000"/>
  <attribute name="GC Util currently" value="0" />
  <attribute name="CPU Util currently" value="1" />
<allocation-satisfied id="1758" threadId="0000000001BFBB00" bytesRequested="32" />
<af-end id="1759" timestamp="2019-06-20T23:35:34.012" threadId="0000000001BFC488" success="true" from="nursery"/>
<exclusive-end id="1760" timestamp="2019-06-20T23:35:34.012" durationms="1.122" />

<exclusive-start id="1761" timestamp="2019-06-20T23:35:35.204" intervalms="1193.792">
  <response-info timems="0.053" idlems="0.053" threads="0" lastid="0000000001BFF700" lastname="node-1" />
</exclusive-start>
<af-start id="1762" threadId="0000000001C00088" totalBytesRequested="16" timestamp="2019-06-20T23:35:35.205" intervalms="1193.855" type="nursery" />
<cycle-start id="1763" type="scavenge" contextid="0" timestamp="2019-06-20T23:35:35.205" intervalms="1193.925" />
<gc-start id="1764" type="scavenge" contextid="1763" timestamp="2019-06-20T23:35:35.205">
  <mem-info id="1765" free="2078740760" total="2092630016" percent="99">
    <mem type="nursery" free="0" total="2883584" percent="0">
      <mem type="allocate" free="0" total="2555904" percent="0" />
      <mem type="survivor" free="0" total="327680" percent="0" />
    </mem>
    <mem type="tenure" free="2078740760" total="2089746432" percent="99">
      <mem type="soa" free="1974253848" total="1985259520" percent="99" />
      <mem type="loa" free="104486912" total="104486912" percent="100" />
    </mem>
    <remembered-set count="372" />
  </mem-info>
</gc-start>
<allocation-stats totalBytes="2359080" >
  <allocated-bytes non-tlh="32" tlh="2359048" />
  <largest-consumer threadName="node-12" threadId="0000000001BF4300" bytes="106488" />
</allocation-stats>
<gc-op id="1766" type="scavenge" timems="0.510" contextid="1763" timestamp="2019-06-20T23:35:35.205">
  <scavenger-info tenureage="2" tenuremask="4004" tiltratio="88" />
  <memory-copied type="nursery" objects="3221" bytes="89840" bytesdiscarded="106000" />
  <memory-copied type="tenure" objects="1365" bytes="32760" bytesdiscarded="0" />
</gc-op>
<gc-end id="1767" type="scavenge" contextid="1763" durationms="0.711" usertimems="0.000" systemtimems="0.000" timestamp="2019-06-20T23:35:35.206" activeThreads="4">
  <mem-info id="1768" free="2081061656" total="2092630016" percent="99">
    <mem type="nursery" free="2360064" total="2883584" percent="81">
      <mem type="allocate" free="2360064" total="2555904" percent="92" />
      <mem type="survivor" free="0" total="327680" percent="0" />
    </mem>
    <mem type="tenure" free="2078701592" total="2089746432" percent="99" macro-fragmented="0">
      <mem type="soa" free="1974214680" total="1985259520" percent="99" />
      <mem type="loa" free="104486912" total="104486912" percent="100" />
    </mem>
    <remembered-set count="303" />
  </mem-info>
</gc-end>
<cycle-end id="1769" type="scavenge" contextid="1763" timestamp="2019-06-20T23:35:35.206" />
  <attribute name="elasticGC enabled" value="1" />
  <attribute name= "numThreadsSpecified" value="4" />
  <attribute name="heapSize specified" value="8912896" />
  <attribute name="Current GC Util" value="0" />
  <attribute name= "Current Time Running" value="170816" />
  <attribute name ="GC Interval" value="200" />
  <attribute name="ProportionalT" value="-30.000000" />
  <attribute name="ProportionalI" value="-30.000000" />
  <attribute name="ProportionalH" value="-30.000000" />
  <attribute name="Current Error" value="-20.000000" />
  <attribute name="IntegralT" value="-23880.000000" />
  <attribute name="IntegralI" value="-23880.000000" />
  <attribute name="IntegralH" value="-23880.000000" />
  <attribute name="DerivativeT" value="-0.016750" />
  <attribute name="DerivativeI" value="-0.016750" />
  <attribute name="DerivativeH" value="-0.016750" />
  <attribute name="Loop Time for DT" value="1194.000000" />
  <attribute name="Output H" value="2092630016"/>
  <attribute name="Output I" value="200"/>
  <attribute name="Output T" value="4"/>
  <attribute name="Target GC Util Change" value ="20.000000" />
  <attribute name="Current GC Util Change" value="0.000000"/>
  <attribute name="GC Util currently" value="0" />
  <attribute name="CPU Util currently" value="1" />
<allocation-satisfied id="1770" threadId="0000000001BFF700" bytesRequested="16" />
<af-end id="1771" timestamp="2019-06-20T23:35:35.206" threadId="0000000001C00088" success="true" from="nursery"/>
<exclusive-end id="1772" timestamp="2019-06-20T23:35:35.206" durationms="1.470" />

<exclusive-start id="1773" timestamp="2019-06-20T23:35:36.472" intervalms="1268.095">
  <response-info timems="0.055" idlems="0.037" threads="2" lastid="0000000001BDA000" lastname="node-8" />
</exclusive-start>
<af-start id="1774" threadId="0000000001BCF588" totalBytesRequested="32" timestamp="2019-06-20T23:35:36.473" intervalms="1268.052" type="nursery" />
<cycle-start id="1775" type="scavenge" contextid="0" timestamp="2019-06-20T23:35:36.473" intervalms="1267.996" />
<gc-start id="1776" type="scavenge" contextid="1775" timestamp="2019-06-20T23:35:36.473">
  <mem-info id="1777" free="2078701592" total="2092630016" percent="99">
    <mem type="nursery" free="0" total="2883584" percent="0">
      <mem type="allocate" free="0" total="2555904" percent="0" />
      <mem type="survivor" free="0" total="327680" percent="0" />
    </mem>
    <mem type="tenure" free="2078701592" total="2089746432" percent="99">
      <mem type="soa" free="1974214680" total="1985259520" percent="99" />
      <mem type="loa" free="104486912" total="104486912" percent="100" />
    </mem>
    <remembered-set count="370" />
  </mem-info>
</gc-start>
<allocation-stats totalBytes="2356864" >
  <allocated-bytes non-tlh="16" tlh="2356848" />
  <largest-consumer threadName="node-1" threadId="0000000001BFF700" bytes="106488" />
</allocation-stats>
<gc-op id="1778" type="scavenge" timems="1.201" contextid="1775" timestamp="2019-06-20T23:35:36.474">
  <scavenger-info tenureage="2" tenuremask="4004" tiltratio="88" />
  <memory-copied type="nursery" objects="2150" bytes="62560" bytesdiscarded="94112" />
  <memory-copied type="tenure" objects="1880" bytes="45120" bytesdiscarded="0" />
</gc-op>
<gc-end id="1779" type="scavenge" contextid="1775" durationms="1.575" usertimems="4.000" systemtimems="0.000" timestamp="2019-06-20T23:35:36.474" activeThreads="4">
  <mem-info id="1780" free="2081061656" total="2092630016" percent="99">
    <mem type="nursery" free="2399232" total="2883584" percent="83">
      <mem type="allocate" free="2399232" total="2555904" percent="93" />
      <mem type="survivor" free="0" total="327680" percent="0" />
    </mem>
    <mem type="tenure" free="2078662424" total="2089746432" percent="99" macro-fragmented="0">
      <mem type="soa" free="1974175512" total="1985259520" percent="99" />
      <mem type="loa" free="104486912" total="104486912" percent="100" />
    </mem>
    <remembered-set count="277" />
  </mem-info>
</gc-end>
<cycle-end id="1781" type="scavenge" contextid="1775" timestamp="2019-06-20T23:35:36.474" />
  <attribute name="elasticGC enabled" value="1" />
  <attribute name= "numThreadsSpecified" value="4" />
  <attribute name="heapSize specified" value="8912896" />
  <attribute name="Current GC Util" value="0" />
  <attribute name= "Current Time Running" value="172084" />
  <attribute name ="GC Interval" value="200" />
  <attribute name="ProportionalT" value="-30.000000" />
  <attribute name="ProportionalI" value="-30.000000" />
  <attribute name="ProportionalH" value="-30.000000" />
  <attribute name="Current Error" value="-20.000000" />
  <attribute name="IntegralT" value="-25360.000000" />
  <attribute name="IntegralI" value="-25360.000000" />
  <attribute name="IntegralH" value="-25360.000000" />
  <attribute name="DerivativeT" value="-0.015773" />
  <attribute name="DerivativeI" value="-0.015773" />
  <attribute name="DerivativeH" value="-0.015773" />
  <attribute name="Loop Time for DT" value="1268.000000" />
  <attribute name="Output H" value="2092630016"/>
  <attribute name="Output I" value="200"/>
  <attribute name="Output T" value="4"/>
  <attribute name="Target GC Util Change" value ="20.000000" />
  <attribute name="Current GC Util Change" value="0.000000"/>
  <attribute name="GC Util currently" value="0" />
  <attribute name="CPU Util currently" value="0" />
<allocation-satisfied id="1782" threadId="0000000001BCEC00" bytesRequested="32" />
<af-end id="1783" timestamp="2019-06-20T23:35:36.475" threadId="0000000001BCF588" success="true" from="nursery"/>
<exclusive-end id="1784" timestamp="2019-06-20T23:35:36.475" durationms="2.089" />

<exclusive-start id="1785" timestamp="2019-06-20T23:35:37.991" intervalms="1518.663">
  <response-info timems="0.033" idlems="0.033" threads="0" lastid="0000000001C06F00" lastname="node-20" />
</exclusive-start>
<af-start id="1786" threadId="0000000001C07888" totalBytesRequested="32" timestamp="2019-06-20T23:35:37.991" intervalms="1518.656" type="nursery" />
<cycle-start id="1787" type="scavenge" contextid="0" timestamp="2019-06-20T23:35:37.991" intervalms="1518.639" />
<gc-start id="1788" type="scavenge" contextid="1787" timestamp="2019-06-20T23:35:37.991">
  <mem-info id="1789" free="2078662424" total="2092630016" percent="99">
    <mem type="nursery" free="0" total="2883584" percent="0">
      <mem type="allocate" free="0" total="2555904" percent="0" />
      <mem type="survivor" free="0" total="327680" percent="0" />
    </mem>
    <mem type="tenure" free="2078662424" total="2089746432" percent="99">
      <mem type="soa" free="1974175512" total="1985259520" percent="99" />
      <mem type="loa" free="104486912" total="104486912" percent="100" />
    </mem>
    <remembered-set count="364" />
  </mem-info>
</gc-start>
<allocation-stats totalBytes="2396584" >
  <allocated-bytes non-tlh="32" tlh="2396552" />
  <largest-consumer threadName="node-25" threadId="0000000001BE1800" bytes="106496" />
</allocation-stats>
<gc-op id="1790" type="scavenge" timems="0.403" contextid="1787" timestamp="2019-06-20T23:35:37.992">
  <scavenger-info tenureage="2" tenuremask="4004" tiltratio="88" />
  <memory-copied type="nursery" objects="1909" bytes="47528" bytesdiscarded="109144" />
  <memory-copied type="tenure" objects="1148" bytes="27552" bytesdiscarded="0" />
</gc-op>
<gc-end id="1791" type="scavenge" contextid="1787" durationms="0.569" usertimems="0.000" systemtimems="0.000" timestamp="2019-06-20T23:35:37.992" activeThreads="4">
  <mem-info id="1792" free="2081022488" total="2092630016" percent="99">
    <mem type="nursery" free="2399232" total="2883584" percent="83">
      <mem type="allocate" free="2399232" total="2555904" percent="93" />
      <mem type="survivor" free="0" total="327680" percent="0" />
    </mem>
    <mem type="tenure" free="2078623256" total="2089746432" percent="99" macro-fragmented="0">
      <mem type="soa" free="1974136344" total="1985259520" percent="99" />
      <mem type="loa" free="104486912" total="104486912" percent="100" />
    </mem>
    <remembered-set count="296" />
  </mem-info>
</gc-end>
<cycle-end id="1793" type="scavenge" contextid="1787" timestamp="2019-06-20T23:35:37.992" />
  <attribute name="elasticGC enabled" value="1" />
  <attribute name= "numThreadsSpecified" value="4" />
  <attribute name="heapSize specified" value="8912896" />
  <attribute name="Current GC Util" value="0" />
  <attribute name= "Current Time Running" value="173603" />
  <attribute name ="GC Interval" value="200" />
  <attribute name="ProportionalT" value="-30.000000" />
  <attribute name="ProportionalI" value="-30.000000" />
  <attribute name="ProportionalH" value="-30.000000" />
  <attribute name="Current Error" value="-20.000000" />
  <attribute name="IntegralT" value="-30380.000000" />
  <attribute name="IntegralI" value="-30380.000000" />
  <attribute name="IntegralH" value="-30380.000000" />
  <attribute name="DerivativeT" value="-0.013167" />
  <attribute name="DerivativeI" value="-0.013167" />
  <attribute name="DerivativeH" value="-0.013167" />
  <attribute name="Loop Time for DT" value="1519.000000" />
  <attribute name="Output H" value="2092630016"/>
  <attribute name="Output I" value="200"/>
  <attribute name="Output T" value="4"/>
  <attribute name="Target GC Util Change" value ="20.000000" />
  <attribute name="Current GC Util Change" value="0.000000"/>
  <attribute name="GC Util currently" value="0" />
  <attribute name="CPU Util currently" value="3036804976" />
<allocation-satisfied id="1794" threadId="0000000001C06F00" bytesRequested="32" />
<af-end id="1795" timestamp="2019-06-20T23:35:37.992" threadId="0000000001C07888" success="true" from="nursery"/>
<exclusive-end id="1796" timestamp="2019-06-20T23:35:37.992" durationms="0.999" />

<exclusive-start id="1797" timestamp="2019-06-20T23:35:39.235" intervalms="1243.839">
  <response-info timems="0.040" idlems="0.040" threads="0" lastid="0000000001BF4300" lastname="node-12" />
</exclusive-start>
<af-start id="1798" threadId="0000000001BF4C88" totalBytesRequested="24" timestamp="2019-06-20T23:35:39.235" intervalms="1243.834" type="nursery" />
<cycle-start id="1799" type="scavenge" contextid="0" timestamp="2019-06-20T23:35:39.235" intervalms="1243.847" />
<gc-start id="1800" type="scavenge" contextid="1799" timestamp="2019-06-20T23:35:39.235">
  <mem-info id="1801" free="2078623256" total="2092630016" percent="99">
    <mem type="nursery" free="0" total="2883584" percent="0">
      <mem type="allocate" free="0" total="2555904" percent="0" />
      <mem type="survivor" free="0" total="327680" percent="0" />
    </mem>
    <mem type="tenure" free="2078623256" total="2089746432" percent="99">
      <mem type="soa" free="1974136344" total="1985259520" percent="99" />
      <mem type="loa" free="104486912" total="104486912" percent="100" />
    </mem>
    <remembered-set count="362" />
  </mem-info>
</gc-start>
<allocation-stats totalBytes="2397920" >
  <allocated-bytes non-tlh="32" tlh="2397888" />
  <largest-consumer threadName="node-20" threadId="0000000001C06F00" bytes="122864" />
</allocation-stats>
<gc-op id="1802" type="scavenge" timems="0.744" contextid="1799" timestamp="2019-06-20T23:35:39.236">
  <scavenger-info tenureage="2" tenuremask="4004" tiltratio="88" />
  <memory-copied type="nursery" objects="2090" bytes="50208" bytesdiscarded="67296" />
  <memory-copied type="tenure" objects="811" bytes="19464" bytesdiscarded="0" />
</gc-op>
<gc-end id="1803" type="scavenge" contextid="1799" durationms="1.129" usertimems="0.000" systemtimems="4.000" timestamp="2019-06-20T23:35:39.236" activeThreads="4">
  <mem-info id="1804" free="2081061656" total="2092630016" percent="99">
    <mem type="nursery" free="2438400" total="2883584" percent="84">
      <mem type="allocate" free="2438400" total="2555904" percent="95" />
      <mem type="survivor" free="0" total="327680" percent="0" />
    </mem>
    <mem type="tenure" free="2078623256" total="2089746432" percent="99" macro-fragmented="0">
      <mem type="soa" free="1974136344" total="1985259520" percent="99" />
      <mem type="loa" free="104486912" total="104486912" percent="100" />
    </mem>
    <remembered-set count="279" />
  </mem-info>
</gc-end>
<cycle-end id="1805" type="scavenge" contextid="1799" timestamp="2019-06-20T23:35:39.236" />
  <attribute name="elasticGC enabled" value="1" />
  <attribute name= "numThreadsSpecified" value="4" />
  <attribute name="heapSize specified" value="8912896" />
  <attribute name="Current GC Util" value="0" />
  <attribute name= "Current Time Running" value="174847" />
  <attribute name ="GC Interval" value="200" />
  <attribute name="ProportionalT" value="-30.000000" />
  <attribute name="ProportionalI" value="-30.000000" />
  <attribute name="ProportionalH" value="-30.000000" />
  <attribute name="Current Error" value="-20.000000" />
  <attribute name="IntegralT" value="-24880.000000" />
  <attribute name="IntegralI" value="-24880.000000" />
  <attribute name="IntegralH" value="-24880.000000" />
  <attribute name="DerivativeT" value="-0.016077" />
  <attribute name="DerivativeI" value="-0.016077" />
  <attribute name="DerivativeH" value="-0.016077" />
  <attribute name="Loop Time for DT" value="1244.000000" />
  <attribute name="Output H" value="2092630016"/>
  <attribute name="Output I" value="200"/>
  <attribute name="Output T" value="4"/>
  <attribute name="Target GC Util Change" value ="20.000000" />
  <attribute name="Current GC Util Change" value="0.000000"/>
  <attribute name="GC Util currently" value="0" />
  <attribute name="CPU Util currently" value="3707454297" />
<allocation-satisfied id="1806" threadId="0000000001BF4300" bytesRequested="24" />
<af-end id="1807" timestamp="2019-06-20T23:35:39.237" threadId="0000000001BF4C88" success="true" from="nursery"/>
<exclusive-end id="1808" timestamp="2019-06-20T23:35:39.237" durationms="1.709" />

<exclusive-start id="1809" timestamp="2019-06-20T23:35:40.712" intervalms="1477.280">
  <response-info timems="0.034" idlems="0.034" threads="0" lastid="0000000001BCEC00" lastname="node-0" />
</exclusive-start>
<af-start id="1810" threadId="0000000001BCF588" totalBytesRequested="32" timestamp="2019-06-20T23:35:40.712" intervalms="1477.283" type="nursery" />
<cycle-start id="1811" type="scavenge" contextid="0" timestamp="2019-06-20T23:35:40.712" intervalms="1477.297" />
<gc-start id="1812" type="scavenge" contextid="1811" timestamp="2019-06-20T23:35:40.713">
  <mem-info id="1813" free="2078623256" total="2092630016" percent="99">
    <mem type="nursery" free="0" total="2883584" percent="0">
      <mem type="allocate" free="0" total="2555904" percent="0" />
      <mem type="survivor" free="0" total="327680" percent="0" />
    </mem>
    <mem type="tenure" free="2078623256" total="2089746432" percent="99">
      <mem type="soa" free="1974136344" total="1985259520" percent="99" />
      <mem type="loa" free="104486912" total="104486912" percent="100" />
    </mem>
    <remembered-set count="368" />
  </mem-info>
</gc-start>
<allocation-stats totalBytes="2437472" >
  <allocated-bytes non-tlh="24" tlh="2437448" />
  <largest-consumer threadName="node-25" threadId="0000000001BE1800" bytes="118736" />
</allocation-stats>
<gc-op id="1814" type="scavenge" timems="0.412" contextid="1811" timestamp="2019-06-20T23:35:40.713">
  <scavenger-info tenureage="2" tenuremask="4004" tiltratio="88" />
  <memory-copied type="nursery" objects="2231" bytes="55760" bytesdiscarded="100912" />
  <memory-copied type="tenure" objects="958" bytes="22992" bytesdiscarded="0" />
</gc-op>
<gc-end id="1815" type="scavenge" contextid="1811" durationms="0.612" usertimems="0.000" systemtimems="0.000" timestamp="2019-06-20T23:35:40.713" activeThreads="4">
  <mem-info id="1816" free="2081022488" total="2092630016" percent="99">
    <mem type="nursery" free="2399232" total="2883584" percent="83">
      <mem type="allocate" free="2399232" total="2555904" percent="93" />
      <mem type="survivor" free="0" total="327680" percent="0" />
    </mem>
    <mem type="tenure" free="2078623256" total="2089746432" percent="99" macro-fragmented="0">
      <mem type="soa" free="1974136344" total="1985259520" percent="99" />
      <mem type="loa" free="104486912" total="104486912" percent="100" />
    </mem>
    <remembered-set count="299" />
  </mem-info>
</gc-end>
<cycle-end id="1817" type="scavenge" contextid="1811" timestamp="2019-06-20T23:35:40.713" />
  <attribute name="elasticGC enabled" value="1" />
  <attribute name= "numThreadsSpecified" value="4" />
  <attribute name="heapSize specified" value="8912896" />
  <attribute name="Current GC Util" value="0" />
  <attribute name= "Current Time Running" value="176324" />
  <attribute name ="GC Interval" value="200" />
  <attribute name="ProportionalT" value="-30.000000" />
  <attribute name="ProportionalI" value="-30.000000" />
  <attribute name="ProportionalH" value="-30.000000" />
  <attribute name="Current Error" value="-20.000000" />
  <attribute name="IntegralT" value="-29540.000000" />
  <attribute name="IntegralI" value="-29540.000000" />
  <attribute name="IntegralH" value="-29540.000000" />
  <attribute name="DerivativeT" value="-0.013541" />
  <attribute name="DerivativeI" value="-0.013541" />
  <attribute name="DerivativeH" value="-0.013541" />
  <attribute name="Loop Time for DT" value="1477.000000" />
  <attribute name="Output H" value="2092630016"/>
  <attribute name="Output I" value="200"/>
  <attribute name="Output T" value="4"/>
  <attribute name="Target GC Util Change" value ="20.000000" />
  <attribute name="Current GC Util Change" value="0.000000"/>
  <attribute name="GC Util currently" value="0" />
  <attribute name="CPU Util currently" value="3121716387" />
<allocation-satisfied id="1818" threadId="0000000001BCEC00" bytesRequested="32" />
<af-end id="1819" timestamp="2019-06-20T23:35:40.713" threadId="0000000001BCF588" success="true" from="nursery"/>
<exclusive-end id="1820" timestamp="2019-06-20T23:35:40.713" durationms="1.178" />

<exclusive-start id="1821" timestamp="2019-06-20T23:35:41.846" intervalms="1133.912">
  <response-info timems="0.272" idlems="0.144" threads="1" lastid="0000000001BC3900" lastname="node-13" />
</exclusive-start>
<af-start id="1822" threadId="0000000001BB8E88" totalBytesRequested="16" timestamp="2019-06-20T23:35:41.846" intervalms="1133.893" type="nursery" />
<cycle-start id="1823" type="scavenge" contextid="0" timestamp="2019-06-20T23:35:41.846" intervalms="1133.866" />
<gc-start id="1824" type="scavenge" contextid="1823" timestamp="2019-06-20T23:35:41.846">
  <mem-info id="1825" free="2078623256" total="2092630016" percent="99">
    <mem type="nursery" free="0" total="2883584" percent="0">
      <mem type="allocate" free="0" total="2555904" percent="0" />
      <mem type="survivor" free="0" total="327680" percent="0" />
    </mem>
    <mem type="tenure" free="2078623256" total="2089746432" percent="99">
      <mem type="soa" free="1974136344" total="1985259520" percent="99" />
      <mem type="loa" free="104486912" total="104486912" percent="100" />
    </mem>
    <remembered-set count="365" />
  </mem-info>
</gc-start>
<allocation-stats totalBytes="2398208" >
  <allocated-bytes non-tlh="32" tlh="2398176" />
  <largest-consumer threadName="node-16" threadId="0000000001C0AB00" bytes="106488" />
</allocation-stats>
<gc-op id="1826" type="scavenge" timems="0.408" contextid="1823" timestamp="2019-06-20T23:35:41.847">
  <scavenger-info tenureage="2" tenuremask="4004" tiltratio="88" />
  <memory-copied type="nursery" objects="2361" bytes="66040" bytesdiscarded="90632" />
  <memory-copied type="tenure" objects="1006" bytes="24144" bytesdiscarded="48" />
</gc-op>
<gc-end id="1827" type="scavenge" contextid="1823" durationms="0.743" usertimems="0.000" systemtimems="0.000" timestamp="2019-06-20T23:35:41.847" activeThreads="4">
  <mem-info id="1828" free="2081022488" total="2092630016" percent="99">
    <mem type="nursery" free="2399232" total="2883584" percent="83">
      <mem type="allocate" free="2399232" total="2555904" percent="93" />
      <mem type="survivor" free="0" total="327680" percent="0" />
    </mem>
    <mem type="tenure" free="2078623256" total="2089746432" percent="99" macro-fragmented="0">
      <mem type="soa" free="1974136344" total="1985259520" percent="99" />
      <mem type="loa" free="104486912" total="104486912" percent="100" />
    </mem>
    <remembered-set count="299" />
  </mem-info>
</gc-end>
<cycle-end id="1829" type="scavenge" contextid="1823" timestamp="2019-06-20T23:35:41.847" />
  <attribute name="elasticGC enabled" value="1" />
  <attribute name= "numThreadsSpecified" value="4" />
  <attribute name="heapSize specified" value="8912896" />
  <attribute name="Current GC Util" value="0" />
  <attribute name= "Current Time Running" value="177458" />
  <attribute name ="GC Interval" value="200" />
  <attribute name="ProportionalT" value="-30.000000" />
  <attribute name="ProportionalI" value="-30.000000" />
  <attribute name="ProportionalH" value="-30.000000" />
  <attribute name="Current Error" value="-20.000000" />
  <attribute name="IntegralT" value="-22680.000000" />
  <attribute name="IntegralI" value="-22680.000000" />
  <attribute name="IntegralH" value="-22680.000000" />
  <attribute name="DerivativeT" value="-0.017637" />
  <attribute name="DerivativeI" value="-0.017637" />
  <attribute name="DerivativeH" value="-0.017637" />
  <attribute name="Loop Time for DT" value="1134.000000" />
  <attribute name="Output H" value="2092630016"/>
  <attribute name="Output I" value="200"/>
  <attribute name="Output T" value="4"/>
  <attribute name="Target GC Util Change" value ="20.000000" />
  <attribute name="Current GC Util Change" value="0.000000"/>
  <attribute name="GC Util currently" value="0" />
  <attribute name="CPU Util currently" value="4067365947" />
<allocation-satisfied id="1830" threadId="0000000001BB8500" bytesRequested="16" />
<af-end id="1831" timestamp="2019-06-20T23:35:41.847" threadId="0000000001BB8E88" success="true" from="nursery"/>
<exclusive-end id="1832" timestamp="2019-06-20T23:35:41.847" durationms="1.219" />

<exclusive-start id="1833" timestamp="2019-06-20T23:35:42.859" intervalms="1012.864">
  <response-info timems="0.033" idlems="0.033" threads="0" lastid="0000000001BD6400" lastname="node-19" />
</exclusive-start>
<af-start id="1834" threadId="0000000001BD6D88" totalBytesRequested="16" timestamp="2019-06-20T23:35:42.859" intervalms="1012.879" type="nursery" />
<cycle-start id="1835" type="scavenge" contextid="0" timestamp="2019-06-20T23:35:42.859" intervalms="1012.900" />
<gc-start id="1836" type="scavenge" contextid="1835" timestamp="2019-06-20T23:35:42.859">
  <mem-info id="1837" free="2078623256" total="2092630016" percent="99">
    <mem type="nursery" free="0" total="2883584" percent="0">
      <mem type="allocate" free="0" total="2555904" percent="0" />
      <mem type="survivor" free="0" total="327680" percent="0" />
    </mem>
    <mem type="tenure" free="2078623256" total="2089746432" percent="99">
      <mem type="soa" free="1974136344" total="1985259520" percent="99" />
      <mem type="loa" free="104486912" total="104486912" percent="100" />
    </mem>
    <remembered-set count="367" />
  </mem-info>
</gc-start>
<allocation-stats totalBytes="2397480" >
  <allocated-bytes non-tlh="16" tlh="2397464" />
  <largest-consumer threadName="node-14" threadId="0000000001BB8500" bytes="126952" />
</allocation-stats>
<gc-op id="1838" type="scavenge" timems="1.266" contextid="1835" timestamp="2019-06-20T23:35:42.861">
  <scavenger-info tenureage="2" tenuremask="4004" tiltratio="88" />
  <memory-copied type="nursery" objects="3173" bytes="90248" bytesdiscarded="66424" />
  <memory-copied type="tenure" objects="1079" bytes="25896" bytesdiscarded="0" />
</gc-op>
<gc-end id="1839" type="scavenge" contextid="1835" durationms="1.495" usertimems="0.000" systemtimems="4.000" timestamp="2019-06-20T23:35:42.861" activeThreads="4">
  <mem-info id="1840" free="2080983320" total="2092630016" percent="99">
    <mem type="nursery" free="2399232" total="2883584" percent="83">
      <mem type="allocate" free="2399232" total="2555904" percent="93" />
      <mem type="survivor" free="0" total="327680" percent="0" />
    </mem>
    <mem type="tenure" free="2078584088" total="2089746432" percent="99" macro-fragmented="0">
      <mem type="soa" free="1974097176" total="1985259520" percent="99" />
      <mem type="loa" free="104486912" total="104486912" percent="100" />
    </mem>
    <remembered-set count="299" />
  </mem-info>
</gc-end>
<cycle-end id="1841" type="scavenge" contextid="1835" timestamp="2019-06-20T23:35:42.861" />
  <attribute name="elasticGC enabled" value="1" />
  <attribute name= "numThreadsSpecified" value="4" />
  <attribute name="heapSize specified" value="8912896" />
  <attribute name="Current GC Util" value="0" />
  <attribute name= "Current Time Running" value="178471" />
  <attribute name ="GC Interval" value="200" />
  <attribute name="ProportionalT" value="-30.000000" />
  <attribute name="ProportionalI" value="-30.000000" />
  <attribute name="ProportionalH" value="-30.000000" />
  <attribute name="Current Error" value="-20.000000" />
  <attribute name="IntegralT" value="-20260.000000" />
  <attribute name="IntegralI" value="-20260.000000" />
  <attribute name="IntegralH" value="-20260.000000" />
  <attribute name="DerivativeT" value="-0.019743" />
  <attribute name="DerivativeI" value="-0.019743" />
  <attribute name="DerivativeH" value="-0.019743" />
  <attribute name="Loop Time for DT" value="1013.000000" />
  <attribute name="Output H" value="2092630016"/>
  <attribute name="Output I" value="200"/>
  <attribute name="Output T" value="4"/>
  <attribute name="Target GC Util Change" value ="20.000000" />
  <attribute name="Current GC Util Change" value="0.000000"/>
  <attribute name="GC Util currently" value="0" />
  <attribute name="CPU Util currently" value="4552727620" />
<allocation-satisfied id="1842" threadId="0000000001BD6400" bytesRequested="16" />
<af-end id="1843" timestamp="2019-06-20T23:35:42.861" threadId="0000000001BD6D88" success="true" from="nursery"/>
<exclusive-end id="1844" timestamp="2019-06-20T23:35:42.861" durationms="1.999" />

<exclusive-start id="1845" timestamp="2019-06-20T23:35:44.319" intervalms="1460.027">
  <response-info timems="0.035" idlems="0.035" threads="0" lastid="0000000001BD6400" lastname="node-19" />
</exclusive-start>
<af-start id="1846" threadId="0000000001BD6D88" totalBytesRequested="32" timestamp="2019-06-20T23:35:44.319" intervalms="1460.065" type="nursery" />
<cycle-start id="1847" type="scavenge" contextid="0" timestamp="2019-06-20T23:35:44.319" intervalms="1460.075" />
<gc-start id="1848" type="scavenge" contextid="1847" timestamp="2019-06-20T23:35:44.319">
  <mem-info id="1849" free="2078584088" total="2092630016" percent="99">
    <mem type="nursery" free="0" total="2883584" percent="0">
      <mem type="allocate" free="0" total="2555904" percent="0" />
      <mem type="survivor" free="0" total="327680" percent="0" />
    </mem>
    <mem type="tenure" free="2078584088" total="2089746432" percent="99">
      <mem type="soa" free="1974097176" total="1985259520" percent="99" />
      <mem type="loa" free="104486912" total="104486912" percent="100" />
    </mem>
    <remembered-set count="367" />
  </mem-info>
</gc-start>
<allocation-stats totalBytes="2397568" >
  <allocated-bytes non-tlh="16" tlh="2397552" />
  <largest-consumer threadName="node-12" threadId="0000000001BF4300" bytes="106496" />
</allocation-stats>
<gc-op id="1850" type="scavenge" timems="0.823" contextid="1847" timestamp="2019-06-20T23:35:44.320">
  <scavenger-info tenureage="2" tenuremask="4004" tiltratio="88" />
  <memory-copied type="nursery" objects="2968" bytes="70312" bytesdiscarded="47192" />
  <memory-copied type="tenure" objects="1103" bytes="26472" bytesdiscarded="0" />
</gc-op>
<gc-end id="1851" type="scavenge" contextid="1847" durationms="1.218" usertimems="0.000" systemtimems="4.000" timestamp="2019-06-20T23:35:44.321" activeThreads="4">
  <mem-info id="1852" free="2080983320" total="2092630016" percent="99">
    <mem type="nursery" free="2438400" total="2883584" percent="84">
      <mem type="allocate" free="2438400" total="2555904" percent="95" />
      <mem type="survivor" free="0" total="327680" percent="0" />
    </mem>
    <mem type="tenure" free="2078544920" total="2089746432" percent="99" macro-fragmented="0">
      <mem type="soa" free="1974058008" total="1985259520" percent="99" />
      <mem type="loa" free="104486912" total="104486912" percent="100" />
    </mem>
    <remembered-set count="276" />
  </mem-info>
</gc-end>
<cycle-end id="1853" type="scavenge" contextid="1847" timestamp="2019-06-20T23:35:44.321" />
  <attribute name="elasticGC enabled" value="1" />
  <attribute name= "numThreadsSpecified" value="4" />
  <attribute name="heapSize specified" value="8912896" />
  <attribute name="Current GC Util" value="0" />
  <attribute name= "Current Time Running" value="179931" />
  <attribute name ="GC Interval" value="200" />
  <attribute name="ProportionalT" value="-30.000000" />
  <attribute name="ProportionalI" value="-30.000000" />
  <attribute name="ProportionalH" value="-30.000000" />
  <attribute name="Current Error" value="-20.000000" />
  <attribute name="IntegralT" value="-29200.000000" />
  <attribute name="IntegralI" value="-29200.000000" />
  <attribute name="IntegralH" value="-29200.000000" />
  <attribute name="DerivativeT" value="-0.013699" />
  <attribute name="DerivativeI" value="-0.013699" />
  <attribute name="DerivativeH" value="-0.013699" />
  <attribute name="Loop Time for DT" value="1460.000000" />
  <attribute name="Output H" value="2092630016"/>
  <attribute name="Output I" value="200"/>
  <attribute name="Output T" value="4"/>
  <attribute name="Target GC Util Change" value ="20.000000" />
  <attribute name="Current GC Util Change" value="0.000000"/>
  <attribute name="GC Util currently" value="0" />
  <attribute name="CPU Util currently" value="3158492682" />
<allocation-satisfied id="1854" threadId="0000000001BD6400" bytesRequested="32" />
<af-end id="1855" timestamp="2019-06-20T23:35:44.321" threadId="0000000001BD6D88" success="true" from="nursery"/>
<exclusive-end id="1856" timestamp="2019-06-20T23:35:44.321" durationms="1.812" />

<exclusive-start id="1857" timestamp="2019-06-20T23:35:45.594" intervalms="1274.443">
  <response-info timems="0.036" idlems="0.036" threads="0" lastid="0000000001BECC00" lastname="node-24" />
</exclusive-start>
<af-start id="1858" threadId="0000000001BED588" totalBytesRequested="368" timestamp="2019-06-20T23:35:45.594" intervalms="1274.411" type="nursery" />
<cycle-start id="1859" type="scavenge" contextid="0" timestamp="2019-06-20T23:35:45.594" intervalms="1274.391" />
<gc-start id="1860" type="scavenge" contextid="1859" timestamp="2019-06-20T23:35:45.594">
  <mem-info id="1861" free="2078544920" total="2092630016" percent="99">
    <mem type="nursery" free="0" total="2883584" percent="0">
      <mem type="allocate" free="0" total="2555904" percent="0" />
      <mem type="survivor" free="0" total="327680" percent="0" />
    </mem>
    <mem type="tenure" free="2078544920" total="2089746432" percent="99">
      <mem type="soa" free="1974058008" total="1985259520" percent="99" />
      <mem type="loa" free="104486912" total="104486912" percent="100" />
    </mem>
    <remembered-set count="370" />
  </mem-info>
</gc-start>
<allocation-stats totalBytes="2435656" >
  <allocated-bytes non-tlh="32" tlh="2435624" />
  <largest-consumer threadName="node-0" threadId="0000000001BCEC00" bytes="122280" />
</allocation-stats>
<gc-op id="1862" type="scavenge" timems="1.349" contextid="1859" timestamp="2019-06-20T23:35:45.595">
  <scavenger-info tenureage="2" tenuremask="4004" tiltratio="88" />
  <memory-copied type="nursery" objects="2479" bytes="64304" bytesdiscarded="92368" />
  <memory-copied type="tenure" objects="1868" bytes="44832" bytesdiscarded="0" />
</gc-op>
<gc-end id="1863" type="scavenge" contextid="1859" durationms="1.654" usertimems="4.000" systemtimems="0.000" timestamp="2019-06-20T23:35:45.595" activeThreads="4">
  <mem-info id="1864" free="2080904984" total="2092630016" percent="99">
    <mem type="nursery" free="2399232" total="2883584" percent="83">
      <mem type="allocate" free="2399232" total="2555904" percent="93" />
      <mem type="survivor" free="0" total="327680" percent="0" />
    </mem>
    <mem type="tenure" free="2078505752" total="2089746432" percent="99" macro-fragmented="0">
      <mem type="soa" free="1974018840" total="1985259520" percent="99" />
      <mem type="loa" free="104486912" total="104486912" percent="100" />
    </mem>
    <remembered-set count="300" />
  </mem-info>
</gc-end>
<cycle-end id="1865" type="scavenge" contextid="1859" timestamp="2019-06-20T23:35:45.596" />
  <attribute name="elasticGC enabled" value="1" />
  <attribute name= "numThreadsSpecified" value="4" />
  <attribute name="heapSize specified" value="8912896" />
  <attribute name="Current GC Util" value="0" />
  <attribute name= "Current Time Running" value="181206" />
  <attribute name ="GC Interval" value="200" />
  <attribute name="ProportionalT" value="-30.000000" />
  <attribute name="ProportionalI" value="-30.000000" />
  <attribute name="ProportionalH" value="-30.000000" />
  <attribute name="Current Error" value="-20.000000" />
  <attribute name="IntegralT" value="-25500.000000" />
  <attribute name="IntegralI" value="-25500.000000" />
  <attribute name="IntegralH" value="-25500.000000" />
  <attribute name="DerivativeT" value="-0.015686" />
  <attribute name="DerivativeI" value="-0.015686" />
  <attribute name="DerivativeH" value="-0.015686" />
  <attribute name="Loop Time for DT" value="1275.000000" />
  <attribute name="Output H" value="2092630016"/>
  <attribute name="Output I" value="200"/>
  <attribute name="Output T" value="4"/>
  <attribute name="Target GC Util Change" value ="20.000000" />
  <attribute name="Current GC Util Change" value="0.000000"/>
  <attribute name="GC Util currently" value="0" />
  <attribute name="CPU Util currently" value="0" />
<allocation-satisfied id="1866" threadId="0000000001BECC00" bytesRequested="368" />
<af-end id="1867" timestamp="2019-06-20T23:35:45.596" threadId="0000000001BED588" success="true" from="nursery"/>
<exclusive-end id="1868" timestamp="2019-06-20T23:35:45.596" durationms="2.250" />

<exclusive-start id="1869" timestamp="2019-06-20T23:35:46.897" intervalms="1303.251">
  <response-info timems="0.044" idlems="0.044" threads="0" lastid="0000000001BF7F00" lastname="node-4" />
</exclusive-start>
<af-start id="1870" threadId="0000000001BF8888" totalBytesRequested="32" timestamp="2019-06-20T23:35:46.897" intervalms="1303.246" type="nursery" />
<cycle-start id="1871" type="scavenge" contextid="0" timestamp="2019-06-20T23:35:46.897" intervalms="1303.248" />
<gc-start id="1872" type="scavenge" contextid="1871" timestamp="2019-06-20T23:35:46.897">
  <mem-info id="1873" free="2078505752" total="2092630016" percent="99">
    <mem type="nursery" free="0" total="2883584" percent="0">
      <mem type="allocate" free="0" total="2555904" percent="0" />
      <mem type="survivor" free="0" total="327680" percent="0" />
    </mem>
    <mem type="tenure" free="2078505752" total="2089746432" percent="99">
      <mem type="soa" free="1974018840" total="1985259520" percent="99" />
      <mem type="loa" free="104486912" total="104486912" percent="100" />
    </mem>
    <remembered-set count="369" />
  </mem-info>
</gc-start>
<allocation-stats totalBytes="2397696" >
  <allocated-bytes non-tlh="368" tlh="2397328" />
  <largest-consumer threadName="node-21" threadId="0000000001C15F00" bytes="106496" />
</allocation-stats>
<gc-op id="1874" type="scavenge" timems="0.764" contextid="1871" timestamp="2019-06-20T23:35:46.898">
  <scavenger-info tenureage="2" tenuremask="4004" tiltratio="88" />
  <memory-copied type="nursery" objects="2819" bytes="69368" bytesdiscarded="48136" />
  <memory-copied type="tenure" objects="985" bytes="23640" bytesdiscarded="0" />
</gc-op>
<gc-end id="1875" type="scavenge" contextid="1871" durationms="1.167" usertimems="4.000" systemtimems="0.000" timestamp="2019-06-20T23:35:46.898" activeThreads="4">
  <mem-info id="1876" free="2080904984" total="2092630016" percent="99">
    <mem type="nursery" free="2438400" total="2883584" percent="84">
      <mem type="allocate" free="2438400" total="2555904" percent="95" />
      <mem type="survivor" free="0" total="327680" percent="0" />
    </mem>
    <mem type="tenure" free="2078466584" total="2089746432" percent="99" macro-fragmented="0">
      <mem type="soa" free="1973979672" total="1985259520" percent="99" />
      <mem type="loa" free="104486912" total="104486912" percent="100" />
    </mem>
    <remembered-set count="302" />
  </mem-info>
</gc-end>
<cycle-end id="1877" type="scavenge" contextid="1871" timestamp="2019-06-20T23:35:46.898" />
  <attribute name="elasticGC enabled" value="1" />
  <attribute name= "numThreadsSpecified" value="4" />
  <attribute name="heapSize specified" value="8912896" />
  <attribute name="Current GC Util" value="0" />
  <attribute name= "Current Time Running" value="182509" />
  <attribute name ="GC Interval" value="200" />
  <attribute name="ProportionalT" value="-30.000000" />
  <attribute name="ProportionalI" value="-30.000000" />
  <attribute name="ProportionalH" value="-30.000000" />
  <attribute name="Current Error" value="-20.000000" />
  <attribute name="IntegralT" value="-26060.000000" />
  <attribute name="IntegralI" value="-26060.000000" />
  <attribute name="IntegralH" value="-26060.000000" />
  <attribute name="DerivativeT" value="-0.015349" />
  <attribute name="DerivativeI" value="-0.015349" />
  <attribute name="DerivativeH" value="-0.015349" />
  <attribute name="Loop Time for DT" value="1303.000000" />
  <attribute name="Output H" value="2092630016"/>
  <attribute name="Output I" value="200"/>
  <attribute name="Output T" value="4"/>
  <attribute name="Target GC Util Change" value ="20.000000" />
  <attribute name="Current GC Util Change" value="0.000000"/>
  <attribute name="GC Util currently" value="0" />
  <attribute name="CPU Util currently" value="3538831402" />
<allocation-satisfied id="1878" threadId="0000000001BF7F00" bytesRequested="32" />
<af-end id="1879" timestamp="2019-06-20T23:35:46.899" threadId="0000000001BF8888" success="true" from="nursery"/>
<exclusive-end id="1880" timestamp="2019-06-20T23:35:46.899" durationms="1.846" />

<exclusive-start id="1881" timestamp="2019-06-20T23:35:48.187" intervalms="1289.988">
  <response-info timems="0.049" idlems="0.049" threads="0" lastid="0000000001BDA000" lastname="node-8" />
</exclusive-start>
<af-start id="1882" threadId="0000000001BDA988" totalBytesRequested="16" timestamp="2019-06-20T23:35:48.187" intervalms="1290.038" type="nursery" />
<cycle-start id="1883" type="scavenge" contextid="0" timestamp="2019-06-20T23:35:48.187" intervalms="1290.086" />
<gc-start id="1884" type="scavenge" contextid="1883" timestamp="2019-06-20T23:35:48.187">
  <mem-info id="1885" free="2078466584" total="2092630016" percent="99">
    <mem type="nursery" free="0" total="2883584" percent="0">
      <mem type="allocate" free="0" total="2555904" percent="0" />
      <mem type="survivor" free="0" total="327680" percent="0" />
    </mem>
    <mem type="tenure" free="2078466584" total="2089746432" percent="99">
      <mem type="soa" free="1973979672" total="1985259520" percent="99" />
      <mem type="loa" free="104486912" total="104486912" percent="100" />
    </mem>
    <remembered-set count="373" />
  </mem-info>
</gc-start>
<allocation-stats totalBytes="2437592" >
  <allocated-bytes non-tlh="32" tlh="2437560" />
  <largest-consumer threadName="node-16" threadId="0000000001C0AB00" bytes="106496" />
</allocation-stats>
<gc-op id="1886" type="scavenge" timems="1.339" contextid="1883" timestamp="2019-06-20T23:35:48.189">
  <scavenger-info tenureage="2" tenuremask="4004" tiltratio="88" />
  <memory-copied type="nursery" objects="2912" bytes="81816" bytesdiscarded="74856" />
  <memory-copied type="tenure" objects="1339" bytes="32136" bytesdiscarded="0" />
</gc-op>
<gc-end id="1887" type="scavenge" contextid="1883" durationms="1.639" usertimems="0.000" systemtimems="0.000" timestamp="2019-06-20T23:35:48.189" activeThreads="4">
  <mem-info id="1888" free="2080865816" total="2092630016" percent="99">
    <mem type="nursery" free="2399232" total="2883584" percent="83">
      <mem type="allocate" free="2399232" total="2555904" percent="93" />
      <mem type="survivor" free="0" total="327680" percent="0" />
    </mem>
    <mem type="tenure" free="2078466584" total="2089746432" percent="99" macro-fragmented="0">
      <mem type="soa" free="1973979672" total="1985259520" percent="99" />
      <mem type="loa" free="104486912" total="104486912" percent="100" />
    </mem>
    <remembered-set count="296" />
  </mem-info>
</gc-end>
<cycle-end id="1889" type="scavenge" contextid="1883" timestamp="2019-06-20T23:35:48.189" />
  <attribute name="elasticGC enabled" value="1" />
  <attribute name= "numThreadsSpecified" value="4" />
  <attribute name="heapSize specified" value="8912896" />
  <attribute name="Current GC Util" value="0" />
  <attribute name= "Current Time Running" value="183799" />
  <attribute name ="GC Interval" value="200" />
  <attribute name="ProportionalT" value="-30.000000" />
  <attribute name="ProportionalI" value="-30.000000" />
  <attribute name="ProportionalH" value="-30.000000" />
  <attribute name="Current Error" value="-20.000000" />
  <attribute name="IntegralT" value="-25800.000000" />
  <attribute name="IntegralI" value="-25800.000000" />
  <attribute name="IntegralH" value="-25800.000000" />
  <attribute name="DerivativeT" value="-0.015504" />
  <attribute name="DerivativeI" value="-0.015504" />
  <attribute name="DerivativeH" value="-0.015504" />
  <attribute name="Loop Time for DT" value="1290.000000" />
  <attribute name="Output H" value="2092630016"/>
  <attribute name="Output I" value="200"/>
  <attribute name="Output T" value="4"/>
  <attribute name="Target GC Util Change" value ="20.000000" />
  <attribute name="Current GC Util Change" value="0.000000"/>
  <attribute name="GC Util currently" value="0" />
  <attribute name="CPU Util currently" value="3574299061" />
<allocation-satisfied id="1890" threadId="0000000001BDA000" bytesRequested="16" />
<af-end id="1891" timestamp="2019-06-20T23:35:48.189" threadId="0000000001BDA988" success="true" from="nursery"/>
<exclusive-end id="1892" timestamp="2019-06-20T23:35:48.189" durationms="2.357" />

<exclusive-start id="1893" timestamp="2019-06-20T23:35:49.448" intervalms="1261.196">
  <response-info timems="0.035" idlems="0.035" threads="0" lastid="0000000001BCEC00" lastname="node-0" />
</exclusive-start>
<af-start id="1894" threadId="0000000001BCF588" totalBytesRequested="32" timestamp="2019-06-20T23:35:49.448" intervalms="1261.131" type="nursery" />
<cycle-start id="1895" type="scavenge" contextid="0" timestamp="2019-06-20T23:35:49.448" intervalms="1261.069" />
<gc-start id="1896" type="scavenge" contextid="1895" timestamp="2019-06-20T23:35:49.448">
  <mem-info id="1897" free="2078466584" total="2092630016" percent="99">
    <mem type="nursery" free="0" total="2883584" percent="0">
      <mem type="allocate" free="0" total="2555904" percent="0" />
      <mem type="survivor" free="0" total="327680" percent="0" />
    </mem>
    <mem type="tenure" free="2078466584" total="2089746432" percent="99">
      <mem type="soa" free="1973979672" total="1985259520" percent="99" />
      <mem type="loa" free="104486912" total="104486912" percent="100" />
    </mem>
    <remembered-set count="368" />
  </mem-info>
</gc-start>
<allocation-stats totalBytes="2397584" >
  <allocated-bytes non-tlh="16" tlh="2397568" />
  <largest-consumer threadName="node-19" threadId="0000000001BD6400" bytes="106496" />
</allocation-stats>
<gc-op id="1898" type="scavenge" timems="0.436" contextid="1895" timestamp="2019-06-20T23:35:49.449">
  <scavenger-info tenureage="2" tenuremask="4004" tiltratio="88" />
  <memory-copied type="nursery" objects="2606" bytes="71584" bytesdiscarded="85088" />
  <memory-copied type="tenure" objects="1338" bytes="32112" bytesdiscarded="0" />
</gc-op>
<gc-end id="1899" type="scavenge" contextid="1895" durationms="0.605" usertimems="0.000" systemtimems="0.000" timestamp="2019-06-20T23:35:49.449" activeThreads="4">
  <mem-info id="1900" free="2080826648" total="2092630016" percent="99">
    <mem type="nursery" free="2399232" total="2883584" percent="83">
      <mem type="allocate" free="2399232" total="2555904" percent="93" />
      <mem type="survivor" free="0" total="327680" percent="0" />
    </mem>
    <mem type="tenure" free="2078427416" total="2089746432" percent="99" macro-fragmented="0">
      <mem type="soa" free="1973940504" total="1985259520" percent="99" />
      <mem type="loa" free="104486912" total="104486912" percent="100" />
    </mem>
    <remembered-set count="301" />
  </mem-info>
</gc-end>
<cycle-end id="1901" type="scavenge" contextid="1895" timestamp="2019-06-20T23:35:49.449" />
  <attribute name="elasticGC enabled" value="1" />
  <attribute name= "numThreadsSpecified" value="4" />
  <attribute name="heapSize specified" value="8912896" />
  <attribute name="Current GC Util" value="0" />
  <attribute name= "Current Time Running" value="185060" />
  <attribute name ="GC Interval" value="200" />
  <attribute name="ProportionalT" value="-30.000000" />
  <attribute name="ProportionalI" value="-30.000000" />
  <attribute name="ProportionalH" value="-30.000000" />
  <attribute name="Current Error" value="-20.000000" />
  <attribute name="IntegralT" value="-25220.000000" />
  <attribute name="IntegralI" value="-25220.000000" />
  <attribute name="IntegralH" value="-25220.000000" />
  <attribute name="DerivativeT" value="-0.015860" />
  <attribute name="DerivativeI" value="-0.015860" />
  <attribute name="DerivativeH" value="-0.015860" />
  <attribute name="Loop Time for DT" value="1261.000000" />
  <attribute name="Output H" value="2092630016"/>
  <attribute name="Output I" value="200"/>
  <attribute name="Output T" value="4"/>
  <attribute name="Target GC Util Change" value ="20.000000" />
  <attribute name="Current GC Util Change" value="0.000000"/>
  <attribute name="GC Util currently" value="0" />
  <attribute name="CPU Util currently" value="3657480057" />
<allocation-satisfied id="1902" threadId="0000000001BCEC00" bytesRequested="32" />
<af-end id="1903" timestamp="2019-06-20T23:35:49.449" threadId="0000000001BCF588" success="true" from="nursery"/>
<exclusive-end id="1904" timestamp="2019-06-20T23:35:49.449" durationms="1.045" />

<exclusive-start id="1905" timestamp="2019-06-20T23:35:50.661" intervalms="1212.981">
  <response-info timems="0.034" idlems="0.034" threads="0" lastid="0000000001BE9000" lastname="node-3" />
</exclusive-start>
<af-start id="1906" threadId="0000000001BE9988" totalBytesRequested="24" timestamp="2019-06-20T23:35:50.661" intervalms="1213.000" type="nursery" />
<cycle-start id="1907" type="scavenge" contextid="0" timestamp="2019-06-20T23:35:50.661" intervalms="1213.059" />
<gc-start id="1908" type="scavenge" contextid="1907" timestamp="2019-06-20T23:35:50.661">
  <mem-info id="1909" free="2078427416" total="2092630016" percent="99">
    <mem type="nursery" free="0" total="2883584" percent="0">
      <mem type="allocate" free="0" total="2555904" percent="0" />
      <mem type="survivor" free="0" total="327680" percent="0" />
    </mem>
    <mem type="tenure" free="2078427416" total="2089746432" percent="99">
      <mem type="soa" free="1973940504" total="1985259520" percent="99" />
      <mem type="loa" free="104486912" total="104486912" percent="100" />
    </mem>
    <remembered-set count="370" />
  </mem-info>
</gc-start>
<allocation-stats totalBytes="2398144" >
  <allocated-bytes non-tlh="32" tlh="2398112" />
  <largest-consumer threadName="node-0" threadId="0000000001BCEC00" bytes="122768" />
</allocation-stats>
<gc-op id="1910" type="scavenge" timems="1.333" contextid="1907" timestamp="2019-06-20T23:35:50.663">
  <scavenger-info tenureage="2" tenuremask="4004" tiltratio="88" />
  <memory-copied type="nursery" objects="2654" bytes="65416" bytesdiscarded="91256" />
  <memory-copied type="tenure" objects="1388" bytes="33312" bytesdiscarded="0" />
</gc-op>
<gc-end id="1911" type="scavenge" contextid="1907" durationms="1.644" usertimems="4.000" systemtimems="0.000" timestamp="2019-06-20T23:35:50.663" activeThreads="4">
  <mem-info id="1912" free="2080787480" total="2092630016" percent="99">
    <mem type="nursery" free="2399232" total="2883584" percent="83">
      <mem type="allocate" free="2399232" total="2555904" percent="93" />
      <mem type="survivor" free="0" total="327680" percent="0" />
    </mem>
    <mem type="tenure" free="2078388248" total="2089746432" percent="99" macro-fragmented="0">
      <mem type="soa" free="1973901336" total="1985259520" percent="99" />
      <mem type="loa" free="104486912" total="104486912" percent="100" />
    </mem>
    <remembered-set count="300" />
  </mem-info>
</gc-end>
<cycle-end id="1913" type="scavenge" contextid="1907" timestamp="2019-06-20T23:35:50.663" />
  <attribute name="elasticGC enabled" value="1" />
  <attribute name= "numThreadsSpecified" value="4" />
  <attribute name="heapSize specified" value="8912896" />
  <attribute name="Current GC Util" value="0" />
  <attribute name= "Current Time Running" value="186273" />
  <attribute name ="GC Interval" value="200" />
  <attribute name="ProportionalT" value="-30.000000" />
  <attribute name="ProportionalI" value="-30.000000" />
  <attribute name="ProportionalH" value="-30.000000" />
  <attribute name="Current Error" value="-20.000000" />
  <attribute name="IntegralT" value="-24260.000000" />
  <attribute name="IntegralI" value="-24260.000000" />
  <attribute name="IntegralH" value="-24260.000000" />
  <attribute name="DerivativeT" value="-0.016488" />
  <attribute name="DerivativeI" value="-0.016488" />
  <attribute name="DerivativeH" value="-0.016488" />
  <attribute name="Loop Time for DT" value="1213.000000" />
  <attribute name="Output H" value="2092630016"/>
  <attribute name="Output I" value="200"/>
  <attribute name="Output T" value="4"/>
  <attribute name="Target GC Util Change" value ="20.000000" />
  <attribute name="Current GC Util Change" value="0.000000"/>
  <attribute name="GC Util currently" value="0" />
  <attribute name="CPU Util currently" value="3801232531" />
<allocation-satisfied id="1914" threadId="0000000001BE9000" bytesRequested="24" />
<af-end id="1915" timestamp="2019-06-20T23:35:50.663" threadId="0000000001BE9988" success="true" from="nursery"/>
<exclusive-end id="1916" timestamp="2019-06-20T23:35:50.663" durationms="2.279" />

<exclusive-start id="1917" timestamp="2019-06-20T23:35:51.853" intervalms="1192.192">
  <response-info timems="0.033" idlems="0.033" threads="0" lastid="0000000001BF4300" lastname="node-12" />
</exclusive-start>
<af-start id="1918" threadId="0000000001BF4C88" totalBytesRequested="32" timestamp="2019-06-20T23:35:51.853" intervalms="1192.196" type="nursery" />
<cycle-start id="1919" type="scavenge" contextid="0" timestamp="2019-06-20T23:35:51.853" intervalms="1192.162" />
<gc-start id="1920" type="scavenge" contextid="1919" timestamp="2019-06-20T23:35:51.853">
  <mem-info id="1921" free="2078388248" total="2092630016" percent="99">
    <mem type="nursery" free="0" total="2883584" percent="0">
      <mem type="allocate" free="0" total="2555904" percent="0" />
      <mem type="survivor" free="0" total="327680" percent="0" />
    </mem>
    <mem type="tenure" free="2078388248" total="2089746432" percent="99">
      <mem type="soa" free="1973901336" total="1985259520" percent="99" />
      <mem type="loa" free="104486912" total="104486912" percent="100" />
    </mem>
    <remembered-set count="367" />
  </mem-info>
</gc-start>
<allocation-stats totalBytes="2398320" >
  <allocated-bytes non-tlh="24" tlh="2398296" />
  <largest-consumer threadName="node-11" threadId="0000000001BBFD00" bytes="106496" />
</allocation-stats>
<gc-op id="1922" type="scavenge" timems="0.453" contextid="1919" timestamp="2019-06-20T23:35:51.854">
  <scavenger-info tenureage="2" tenuremask="4004" tiltratio="88" />
  <memory-copied type="nursery" objects="2609" bytes="64832" bytesdiscarded="91840" />
  <memory-copied type="tenure" objects="1044" bytes="25056" bytesdiscarded="0" />
</gc-op>
<gc-end id="1923" type="scavenge" contextid="1919" durationms="0.973" usertimems="0.000" systemtimems="0.000" timestamp="2019-06-20T23:35:51.854" activeThreads="4">
  <mem-info id="1924" free="2080748312" total="2092630016" percent="99">
    <mem type="nursery" free="2399232" total="2883584" percent="83">
      <mem type="allocate" free="2399232" total="2555904" percent="93" />
      <mem type="survivor" free="0" total="327680" percent="0" />
    </mem>
    <mem type="tenure" free="2078349080" total="2089746432" percent="99" macro-fragmented="0">
      <mem type="soa" free="1973862168" total="1985259520" percent="99" />
      <mem type="loa" free="104486912" total="104486912" percent="100" />
    </mem>
    <remembered-set count="300" />
  </mem-info>
</gc-end>
<cycle-end id="1925" type="scavenge" contextid="1919" timestamp="2019-06-20T23:35:51.854" />
  <attribute name="elasticGC enabled" value="1" />
  <attribute name= "numThreadsSpecified" value="4" />
  <attribute name="heapSize specified" value="8912896" />
  <attribute name="Current GC Util" value="0" />
  <attribute name= "Current Time Running" value="187465" />
  <attribute name ="GC Interval" value="200" />
  <attribute name="ProportionalT" value="-30.000000" />
  <attribute name="ProportionalI" value="-30.000000" />
  <attribute name="ProportionalH" value="-30.000000" />
  <attribute name="Current Error" value="-20.000000" />
  <attribute name="IntegralT" value="-23840.000000" />
  <attribute name="IntegralI" value="-23840.000000" />
  <attribute name="IntegralH" value="-23840.000000" />
  <attribute name="DerivativeT" value="-0.016779" />
  <attribute name="DerivativeI" value="-0.016779" />
  <attribute name="DerivativeH" value="-0.016779" />
  <attribute name="Loop Time for DT" value="1192.000000" />
  <attribute name="Output H" value="2092630016"/>
  <attribute name="Output I" value="200"/>
  <attribute name="Output T" value="4"/>
  <attribute name="Target GC Util Change" value ="20.000000" />
  <attribute name="Current GC Util Change" value="0.000000"/>
  <attribute name="GC Util currently" value="0" />
  <attribute name="CPU Util currently" value="3868475291" />
<allocation-satisfied id="1926" threadId="0000000001BF4300" bytesRequested="32" />
<af-end id="1927" timestamp="2019-06-20T23:35:51.855" threadId="0000000001BF4C88" success="true" from="nursery"/>
<exclusive-end id="1928" timestamp="2019-06-20T23:35:51.855" durationms="1.590" />

</verbosegc>

