<?xml version="1.0" ?>

<verbosegc xmlns="http://www.ibm.com/j9/verbosegc" version="10b4217_CMPRSS">

<initialized id="1" timestamp="2019-06-15T23:39:39.630">
  <attribute name="gcPolicy" value="-Xgcpolicy:balanced" />
  <attribute name="elasticGC enabled" value="1" />
  <attribute name= "numThreadsSpecified" value="0" />
  <attribute name="heapSize specified" value="0" />
  <attribute name="Current GC Util" value="0" />
  <attribute name= "Current Time Running" value="0" />
  <attribute name ="GC Interval" value="0" />
  <attribute name="ProportionalT" value="0.000000" />
  <attribute name="ProportionalI" value="0.000000" />
  <attribute name="ProportionalH" value="0.000000" />
  <attribute name="IntegralT" value="0.000000" />
  <attribute name="IntegralI" value="0.000000" />
  <attribute name="IntegralH" value="0.000000" />
  <attribute name="DerivativeT" value="0.000000" />
  <attribute name="DerivativeI" value="0.000000" />
  <attribute name="DerivativeH" value="0.000000" />
  <attribute name="Target GC Util Change" value ="0.000000" />
  <attribute name="Current GC Util Change" value="0.000000"/>
  <attribute name="Current Error" value="0.000000" />
  <attribute name="Loop Time for DT" value="0.000000" />
  <attribute name="Output H" value="0"/>
  <attribute name="Output I" value="0"/>
  <attribute name="Output T" value="0"/>
  <attribute name="GC Util currently" value="0" />
  <attribute name="CPU Util currently" value="0" />
  <attribute name="maxHeapSize" value="0x7cb00000" />
  <attribute name="initialHeapSize" value="0x800000" />
  <attribute name="compressedRefs" value="true" />
  <attribute name="compressedRefsDisplacement" value="0x0" />
  <attribute name="compressedRefsShift" value="0x0" />
  <attribute name="pageSize" value="0x1000" />
  <attribute name="pageType" value="not used" />
  <attribute name="requestedPageSize" value="0x1000" />
  <attribute name="requestedPageType" value="not used" />
  <attribute name="gcthreads" value="4" />
  <attribute name="packetListSplit" value="4" />
  <attribute name="cacheListSplit" value="4" />
  <attribute name="splitFreeListSplitAmount" value="1" />
  <attribute name="numaNodes" value="0" />
  <region>
    <attribute name="regionSize" value="1048576" />
    <attribute name="regionCount" value="1995" />
    <attribute name="arrayletLeafSize" value="1048576" />
  </region>
  <system>
    <attribute name="physicalMemory" value="8370958336" />
    <attribute name="numCPUs" value="4" />
    <attribute name="architecture" value="amd64" />
    <attribute name="os" value="Linux" />
    <attribute name="osVersion" value="4.4.0-150-generic" />
  </system>
  <vmargs>
    <vmarg name="-Xoptionsfile=/vagrant/jdk/lib/options.default" />
    <vmarg name="-Xlockword:mode=default,noLockword=java/lang/String,noLockword=java/util/MapEntry,noLockword=java/util/HashMap$Entry,noLockword..." />
    <vmarg name="-Xjcl:jclse29" />
    <vmarg name="-Dcom.ibm.oti.vm.bootstrap.library.path=/vagrant/jdk/lib/compressedrefs:/vagrant/jdk/lib" />
    <vmarg name="-Dsun.boot.library.path=/vagrant/jdk/lib/compressedrefs:/vagrant/jdk/lib" />
    <vmarg name="-Djava.library.path=/vagrant/jdk/lib/compressedrefs:/vagrant/jdk/lib:/usr/lib64:/usr/lib" />
    <vmarg name="-Djava.home=/vagrant/jdk" />
    <vmarg name="-Duser.dir=/vagrant" />
    <vmarg name="-Xgcpolicy:balanced" />
    <vmarg name="-Xgcelastic" />
    <vmarg name="-Xcheck:gc:::elasticGC" />
    <vmarg name="-verbose:gc" />
    <vmarg name="-Xloggc:jdk1.5-1-1-small-BAL-4CORE-elasticverbose11sunflow.txt" />
    <vmarg name="-Djava.class.path=dacapo-9.12-MR1-bach.jar" />
    <vmarg name="-Dsun.java.command=dacapo-9.12-MR1-bach.jar sunflow --size=small" />
    <vmarg name="-Dsun.java.launcher=SUN_STANDARD" />
    <vmarg name="-Dsun.java.launcher.pid=11648" />
  </vmargs>
</initialized>

<exclusive-start id="2" timestamp="2019-06-15T23:39:40.235" intervalms="604.567">
  <response-info timems="0.105" idlems="0.105" threads="0" lastid="0000000001EBE700" lastname="main" />
</exclusive-start>
<sys-start reason="explicit" id="3" timestamp="2019-06-15T23:39:40.235" intervalms="605.009" />
<cycle-start id="4" type="global garbage collect" contextid="0" timestamp="2019-06-15T23:39:40.236" intervalms="605.452" />
<gc-start id="5" type="global garbage collect" contextid="4" timestamp="2019-06-15T23:39:40.236">
  <mem-info id="6" free="4239544" total="8388608" percent="50">
    <mem type="eden" free="45320" total="4194304" percent="1" />
    <remembered-set count="0" freebytes="334848" totalbytes="334848" percent="100" regionsoverflowed="0" regionsstable="0" regionsrebuilding="0"/>
  </mem-info>
</gc-start>
<allocation-stats totalBytes="4141440" >
  <allocated-bytes non-tlh="501912" tlh="3639528" arrayletleaf="0"/>
  <largest-consumer threadName="main" threadId="0000000001EBE700" bytes="4067792" />
</allocation-stats>
<gc-op id="7" type="global mark" timems="4.100" contextid="4" timestamp="2019-06-15T23:39:40.241">
  <trace-info objectcount="30297" scancount="23629" scanbytes="765108" />
  <finalization candidates="125" enqueued="1" />
  <ownableSynchronizers candidates="3" cleared="0" />
  <references type="soft" candidates="131" cleared="0" enqueued="0" dynamicThreshold="32" maxThreshold="32" />
  <references type="weak" candidates="1322" cleared="569" enqueued="479" />
  <references type="phantom" candidates="106" cleared="42" enqueued="42" />
  <stringconstants candidates="3958" cleared="0"  />
</gc-op>
<gc-op id="8" type="classunload" timems="0.045" contextid="4" timestamp="2019-06-15T23:39:40.241">
  <classunload-info classloadercandidates="7" classloadersunloaded="0" classesunloaded="0" anonymousclassesunloaded="0" quiescems="0.000" setupms="0.045" scanms="0.000" postms="0.000" />
</gc-op>
<gc-op id="9" type="sweep" timems="0.652" contextid="4" timestamp="2019-06-15T23:39:40.242" />
<gc-op id="10" type="compact" timems="6.104" contextid="4" timestamp="2019-06-15T23:39:40.248">
  <compact-info movecount="30136" movebytes="1339016" />
  <remembered-set-cleared processed="3442" cleared="3442" durationms="0.106" />
</gc-op>
<gc-end id="11" type="global garbage collect" contextid="4" durationms="12.397" usertimems="8.000" systemtimems="4.000" timestamp="2019-06-15T23:39:40.248" activeThreads="4">
  <mem-info id="12" free="6291456" total="8388608" percent="75">
    <pending-finalizers system="1" default="0" reference="521" classloader="0" />
    <remembered-set count="1536" freebytes="328704" totalbytes="334848" percent="98" regionsoverflowed="0" regionsstable="0" regionsrebuilding="0"/>
  </mem-info>
</gc-end>
<cycle-end id="13" type="global garbage collect" contextid="4" timestamp="2019-06-15T23:39:40.249" />
  <attribute name="elasticGC enabled" value="1" />
  <attribute name= "numThreadsSpecified" value="4" />
  <attribute name="heapSize specified" value="0" />
  <attribute name="Current GC Util" value="33" />
  <attribute name= "Current Time Running" value="456" />
  <attribute name ="GC Interval" value="0" />
  <attribute name="ProportionalT" value="19.500000" />
  <attribute name="ProportionalI" value="19.500000" />
  <attribute name="ProportionalH" value="19.500000" />
  <attribute name="Current Error" value="13.000000" />
  <attribute name="IntegralT" value="-8687.000000" />
  <attribute name="IntegralI" value="-8687.000000" />
  <attribute name="IntegralH" value="-8687.000000" />
  <attribute name="DerivativeT" value="-47.000000" />
  <attribute name="DerivativeI" value="-47.000000" />
  <attribute name="DerivativeH" value="-47.000000" />
  <attribute name="Loop Time for DT" value="1.000000" />
  <attribute name="Output H" value="2091843584"/>
  <attribute name="Output I" value="200"/>
  <attribute name="Output T" value="4"/>
  <attribute name="Target GC Util Change" value ="20.000000" />
  <attribute name="Current GC Util Change" value="33.000000"/>
  <attribute name="GC Util currently" value="33" />
  <attribute name="CPU Util currently" value="5423126786950" />
<sys-end id="14" timestamp="2019-06-15T23:39:40.249" />
<exclusive-end id="15" timestamp="2019-06-15T23:39:40.249" durationms="13.959" />

<exclusive-start id="16" timestamp="2019-06-15T23:39:40.469" intervalms="233.924">
  <response-info timems="0.252" idlems="0.252" threads="0" lastid="0000000002217500" lastname="Thread-5" />
</exclusive-start>
<allocation-taxation id="17" taxation-threshold="6291456" timestamp="2019-06-15T23:39:40.469" intervalms="838.712" />
<cycle-start id="18" type="partial gc" contextid="0" timestamp="2019-06-15T23:39:40.469" intervalms="839.072" />
<gc-start id="19" type="partial gc" contextid="18" timestamp="2019-06-15T23:39:40.470">
  <mem-info id="20" free="0" total="8388608" percent="0">
    <mem type="eden" free="7960" total="6291456" percent="0" />
    <remembered-set count="1536" freebytes="328704" totalbytes="334848" percent="98" regionsoverflowed="0" regionsstable="0" regionsrebuilding="0"/>
  </mem-info>
</gc-start>
<allocation-stats totalBytes="6225680" >
  <allocated-bytes non-tlh="1248384" tlh="4977296" arrayletleaf="0"/>
  <largest-consumer threadName="main" threadId="0000000001EBE700" bytes="2982240" />
</allocation-stats>
<gc-op id="21" type="mark" timems="1.919" contextid="18" timestamp="2019-06-15T23:39:40.472">
  <trace-info objectcount="14751" scancount="11870" scanbytes="447664" />
  <cardclean-info objects="1350" bytes="48988" />
  <remembered-set-cleared processed="521" cleared="85" durationms="0.056" />
  <references type="soft" candidates="17" cleared="0" enqueued="0" dynamicThreshold="24" maxThreshold="32" />
  <references type="weak" candidates="45" cleared="29" enqueued="28" />
  <references type="phantom" candidates="2" cleared="0" enqueued="0" />
  <stringconstants candidates="4534" cleared="1"  />
  <warning details="Mark invoked due to insufficient free space for Copy-Forward" />
</gc-op>
<gc-op id="22" type="classunload" timems="0.002" contextid="18" timestamp="2019-06-15T23:39:40.472">
  <classunload-info classloadercandidates="8" classloadersunloaded="0" classesunloaded="0" anonymousclassesunloaded="0" quiescems="0.000" setupms="0.002" scanms="0.000" postms="0.000" />
</gc-op>
<gc-op id="23" type="sweep" timems="0.311" contextid="18" timestamp="2019-06-15T23:39:40.473" />
<gc-op id="24" type="compact" timems="3.495" contextid="18" timestamp="2019-06-15T23:39:40.476">
  <compact-info movecount="14746" movebytes="1470600" />
  <remembered-set-cleared processed="2463" cleared="1529" durationms="0.127" />
</gc-op>
<heap-resize id="25" type="expand" space="default" amount="1048576" count="1" timems="0.054" reason="insufficient free space following gc" timestamp="2019-06-15T23:39:40.477" />
<gc-end id="26" type="partial gc" contextid="18" durationms="7.466" usertimems="4.000" systemtimems="0.000" timestamp="2019-06-15T23:39:40.477" activeThreads="4">
  <mem-info id="27" free="5242880" total="9437184" percent="55">
    <mem type="eden" free="626136" total="2097152" percent="29" />
    <pending-finalizers system="0" default="0" reference="28" classloader="0" />
    <remembered-set count="2144" freebytes="368128" totalbytes="376704" percent="97" regionsoverflowed="0" regionsstable="0" regionsrebuilding="0"/>
  </mem-info>
</gc-end>
<cycle-end id="28" type="partial gc" contextid="18" timestamp="2019-06-15T23:39:40.477" />
  <attribute name="elasticGC enabled" value="1" />
  <attribute name= "numThreadsSpecified" value="4" />
  <attribute name="heapSize specified" value="0" />
  <attribute name="Current GC Util" value="14" />
  <attribute name= "Current Time Running" value="687" />
  <attribute name ="GC Interval" value="0" />
  <attribute name="ProportionalT" value="-9.000000" />
  <attribute name="ProportionalI" value="-9.000000" />
  <attribute name="ProportionalH" value="-9.000000" />
  <attribute name="Current Error" value="-6.000000" />
  <attribute name="IntegralT" value="-6.000000" />
  <attribute name="IntegralI" value="-6.000000" />
  <attribute name="IntegralH" value="-6.000000" />
  <attribute name="DerivativeT" value="-6.000000" />
  <attribute name="DerivativeI" value="-6.000000" />
  <attribute name="DerivativeH" value="-6.000000" />
  <attribute name="Loop Time for DT" value="1.000000" />
  <attribute name="Output H" value="2091843584"/>
  <attribute name="Output I" value="200"/>
  <attribute name="Output T" value="4"/>
  <attribute name="Target GC Util Change" value ="20.000000" />
  <attribute name="Current GC Util Change" value="14.000000"/>
  <attribute name="GC Util currently" value="14" />
  <attribute name="CPU Util currently" value="7848836666349" />
<exclusive-end id="29" timestamp="2019-06-15T23:39:40.477" durationms="8.476" />

<exclusive-start id="30" timestamp="2019-06-15T23:39:40.515" intervalms="46.297">
  <response-info timems="0.094" idlems="0.094" threads="0" lastid="0000000002217500" lastname="Thread-5" />
</exclusive-start>
<allocation-taxation id="31" taxation-threshold="2097152" timestamp="2019-06-15T23:39:40.515" intervalms="46.195" />
<cycle-start id="32" type="global mark phase" contextid="0" timestamp="2019-06-15T23:39:40.515" intervalms="884.996" />
<gc-start id="33" type="global mark phase" contextid="32" timestamp="2019-06-15T23:39:40.515">
  <mem-info id="34" free="3145728" total="9437184" percent="33">
    <remembered-set count="1664" freebytes="370048" totalbytes="376704" percent="98" regionsoverflowed="0" regionsstable="0" regionsrebuilding="0"/>
  </mem-info>
</gc-start>
<gc-op id="35" type="mark increment" timems="0.597" contextid="32" timestamp="2019-06-15T23:39:40.516">
  <trace-info objectcount="170" scancount="0" scanbytes="0" />
</gc-op>
<gc-end id="36" type="global mark phase" contextid="32" durationms="0.722" usertimems="4.000" systemtimems="0.000" timestamp="2019-06-15T23:39:40.516" activeThreads="4">
  <mem-info id="37" free="3145728" total="9437184" percent="33">
    <remembered-set count="1664" freebytes="370048" totalbytes="376704" percent="98" regionsoverflowed="0" regionsstable="0" regionsrebuilding="0"/>
  </mem-info>
</gc-end>
<concurrent-start id="38" type="GMP work packet processing" contextid="32" timestamp="2019-06-15T23:39:40.516">
  <concurrent-mark-start scanTarget="18446744073709551615" />
</concurrent-start>
<exclusive-end id="39" timestamp="2019-06-15T23:39:40.517" durationms="2.173" />

<concurrent-end id="40" type="GMP work packet processing" contextid="32" timestamp="2019-06-15T23:39:40.519">
  <concurrent-mark-end bytesScanned="1187320" reasonForTermination="Completed all work in GC phase" />
</concurrent-end>

<exclusive-start id="41" timestamp="2019-06-15T23:39:40.523" intervalms="8.355">
  <response-info timems="0.068" idlems="0.068" threads="0" lastid="0000000002217500" lastname="Thread-5" />
</exclusive-start>
<allocation-taxation id="42" taxation-threshold="2097152" timestamp="2019-06-15T23:39:40.523" intervalms="8.319" />
<cycle-start id="43" type="partial gc" contextid="0" timestamp="2019-06-15T23:39:40.524" intervalms="54.329" />
<gc-start id="44" type="partial gc" contextid="43" timestamp="2019-06-15T23:39:40.524">
  <mem-info id="45" free="1048576" total="9437184" percent="11">
    <mem type="eden" free="0" total="4194304" percent="0" />
    <remembered-set count="1664" freebytes="370048" totalbytes="376704" percent="98" regionsoverflowed="0" regionsstable="0" regionsrebuilding="0"/>
  </mem-info>
</gc-start>
<allocation-stats totalBytes="4169456" >
  <allocated-bytes non-tlh="49208" tlh="4120248" arrayletleaf="0"/>
  <largest-consumer threadName="Thread-5" threadId="0000000002217500" bytes="2091440" />
</allocation-stats>
<gc-op id="46" type="copy forward" timems="6.436" contextid="43" timestamp="2019-06-15T23:39:40.532">
  <memory-copied type="eden" objects="18" bytes="127224" bytesdiscarded="0" />
  <memory-copied type="other" objects="14636" bytes="1221352" bytesdiscarded="215072" />
  <memory-cardclean objects="102" bytes="8288" />
  <regions eden="4" other="2" />
  <remembered-set-cleared processed="1122" cleared="623" durationms="0.061" />
  <references type="soft" candidates="17" cleared="0" enqueued="0" dynamicThreshold="10" maxThreshold="32" />
  <references type="weak" candidates="16" cleared="0" enqueued="0" />
  <references type="phantom" candidates="2" cleared="0" enqueued="0" />
  <stringconstants candidates="4533" cleared="0"  />
  <heap-resize type="expand" space="default" amount="2097152" count="2" timems="0.618" reason="continue current collection" />
</gc-op>
<gc-op id="47" type="classunload" timems="0.003" contextid="43" timestamp="2019-06-15T23:39:40.532">
  <classunload-info classloadercandidates="8" classloadersunloaded="0" classesunloaded="0" anonymousclassesunloaded="0" quiescems="0.000" setupms="0.002" scanms="0.000" postms="0.000" />
</gc-op>
<gc-op id="48" type="compact" timems="1.115" contextid="43" timestamp="2019-06-15T23:39:40.533">
  <compact-info movecount="0" movebytes="0" />
  <remembered-set-cleared processed="2100" cleared="623" durationms="0.061" />
</gc-op>
<gc-end id="49" type="partial gc" contextid="43" durationms="9.632" usertimems="8.000" systemtimems="0.000" timestamp="2019-06-15T23:39:40.533" activeThreads="4">
  <mem-info id="50" free="6291456" total="11534336" percent="54">
    <mem type="eden" free="921352" total="1048576" percent="87" />
    <remembered-set count="1760" freebytes="453376" totalbytes="460416" percent="98" regionsoverflowed="0" regionsstable="0" regionsrebuilding="0"/>
  </mem-info>
</gc-end>
<cycle-end id="51" type="partial gc" contextid="43" timestamp="2019-06-15T23:39:40.534" />
  <attribute name="elasticGC enabled" value="1" />
  <attribute name= "numThreadsSpecified" value="4" />
  <attribute name="heapSize specified" value="0" />
  <attribute name="Current GC Util" value="81" />
  <attribute name= "Current Time Running" value="746" />
  <attribute name ="GC Interval" value="0" />
  <attribute name="ProportionalT" value="91.500000" />
  <attribute name="ProportionalI" value="91.500000" />
  <attribute name="ProportionalH" value="91.500000" />
  <attribute name="Current Error" value="61.000000" />
  <attribute name="IntegralT" value="427.000000" />
  <attribute name="IntegralI" value="427.000000" />
  <attribute name="IntegralH" value="427.000000" />
  <attribute name="DerivativeT" value="3.142857" />
  <attribute name="DerivativeI" value="3.142857" />
  <attribute name="DerivativeH" value="3.142857" />
  <attribute name="Loop Time for DT" value="7.000000" />
  <attribute name="Output H" value="8388608"/>
  <attribute name="Output I" value="528"/>
  <attribute name="Output T" value="4"/>
  <attribute name="Target GC Util Change" value ="20.000000" />
  <attribute name="Current GC Util Change" value="81.000000"/>
  <attribute name="GC Util currently" value="81" />
  <attribute name="CPU Util currently" value="680165701807" />
<exclusive-end id="52" timestamp="2019-06-15T23:39:40.534" durationms="10.552" />

<exclusive-start id="53" timestamp="2019-06-15T23:39:40.603" intervalms="79.965">
  <response-info timems="0.067" idlems="0.067" threads="0" lastid="0000000002213900" lastname="Thread-7" />
</exclusive-start>
<allocation-taxation id="54" taxation-threshold="3145728" timestamp="2019-06-15T23:39:40.604" intervalms="80.043" />
<gc-start id="55" type="global mark phase" contextid="32" timestamp="2019-06-15T23:39:40.604">
  <mem-info id="56" free="3145728" total="11534336" percent="27">
    <remembered-set count="608" freebytes="457984" totalbytes="460416" percent="99" regionsoverflowed="0" regionsstable="1" regionsrebuilding="0"/>
  </mem-info>
</gc-start>
<gc-op id="57" type="mark increment" timems="3.531" contextid="32" timestamp="2019-06-15T23:39:40.607">
  <trace-info objectcount="5682" scancount="5603" scanbytes="275004" />
  <cardclean-info objects="731" bytes="32464" />
  <finalization candidates="124" enqueued="0" />
  <ownableSynchronizers candidates="3" cleared="0" />
  <references type="soft" candidates="148" cleared="0" enqueued="0" dynamicThreshold="17" maxThreshold="32" />
  <references type="weak" candidates="769" cleared="0" enqueued="0" />
  <references type="phantom" candidates="65" cleared="2" enqueued="2" />
  <stringconstants candidates="4596" cleared="0"  />
</gc-op>
<gc-op id="58" type="classunload" timems="0.005" contextid="32" timestamp="2019-06-15T23:39:40.607">
  <classunload-info classloadercandidates="8" classloadersunloaded="0" classesunloaded="0" anonymousclassesunloaded="0" quiescems="0.000" setupms="0.004" scanms="0.000" postms="0.000" />
</gc-op>
<gc-end id="59" type="global mark phase" contextid="32" durationms="3.970" usertimems="0.000" systemtimems="4.000" timestamp="2019-06-15T23:39:40.608" activeThreads="4">
  <mem-info id="60" free="3145728" total="11534336" percent="27">
    <pending-finalizers system="0" default="0" reference="2" classloader="0" />
    <remembered-set count="608" freebytes="457984" totalbytes="460416" percent="99" regionsoverflowed="0" regionsstable="1" regionsrebuilding="0"/>
  </mem-info>
</gc-end>
<cycle-end id="61" type="global mark phase" contextid="32" timestamp="2019-06-15T23:39:40.608" />
  <attribute name="elasticGC enabled" value="1" />
  <attribute name= "numThreadsSpecified" value="4" />
  <attribute name="heapSize specified" value="0" />
  <attribute name="Current GC Util" value="95" />
  <attribute name= "Current Time Running" value="820" />
  <attribute name ="GC Interval" value="0" />
  <attribute name="ProportionalT" value="112.500000" />
  <attribute name="ProportionalI" value="112.500000" />
  <attribute name="ProportionalH" value="112.500000" />
  <attribute name="Current Error" value="75.000000" />
  <attribute name="IntegralT" value="75.000000" />
  <attribute name="IntegralI" value="75.000000" />
  <attribute name="IntegralH" value="75.000000" />
  <attribute name="DerivativeT" value="47.000000" />
  <attribute name="DerivativeI" value="47.000000" />
  <attribute name="DerivativeH" value="47.000000" />
  <attribute name="Loop Time for DT" value="1.000000" />
  <attribute name="Output H" value="8388608"/>
  <attribute name="Output I" value="240"/>
  <attribute name="Output T" value="4"/>
  <attribute name="Target GC Util Change" value ="20.000000" />
  <attribute name="Current GC Util Change" value="95.000000"/>
  <attribute name="GC Util currently" value="95" />
  <attribute name="CPU Util currently" value="3610263819080" />
<exclusive-end id="62" timestamp="2019-06-15T23:39:40.608" durationms="4.722" />

<exclusive-start id="63" timestamp="2019-06-15T23:39:40.633" intervalms="29.571">
  <response-info timems="0.079" idlems="0.079" threads="0" lastid="0000000002213900" lastname="Thread-7" />
</exclusive-start>
<allocation-taxation id="64" taxation-threshold="3145728" timestamp="2019-06-15T23:39:40.633" intervalms="29.501" />
<cycle-start id="65" type="partial gc" contextid="0" timestamp="2019-06-15T23:39:40.633" intervalms="109.463" />
<gc-start id="66" type="partial gc" contextid="65" timestamp="2019-06-15T23:39:40.633">
  <mem-info id="67" free="0" total="11534336" percent="0">
    <mem type="eden" free="0" total="6291456" percent="0" />
    <remembered-set count="608" freebytes="457984" totalbytes="460416" percent="99" regionsoverflowed="0" regionsstable="1" regionsrebuilding="0"/>
  </mem-info>
</gc-start>
<allocation-stats totalBytes="6287016" >
  <allocated-bytes non-tlh="478864" tlh="5808152" arrayletleaf="0"/>
  <largest-consumer threadName="Thread-7" threadId="0000000002213900" bytes="3145464" />
</allocation-stats>
<gc-op id="68" type="sweep" timems="1.964" contextid="65" timestamp="2019-06-15T23:39:40.636" />
<gc-op id="69" type="copy forward" timems="3.806" contextid="65" timestamp="2019-06-15T23:39:40.641">
  <memory-copied type="eden" objects="177" bytes="4248" bytesdiscarded="0" />
  <memory-copied type="other" objects="5606" bytes="432160" bytesdiscarded="0" />
  <memory-cardclean objects="272" bytes="13432" />
  <memory-traced type="eden" objects="128" bytes="3464" />
  <memory-traced type="other" objects="0" bytes="0" />
  <regions eden="3" other="3" evacuated="5" marked="1" />
  <remembered-set-cleared processed="364" cleared="34" durationms="0.060" />
  <stringconstants candidates="4596" cleared="0"  />
</gc-op>
<gc-op id="70" type="classunload" timems="0.002" contextid="65" timestamp="2019-06-15T23:39:40.641">
  <classunload-info classloadercandidates="8" classloadersunloaded="0" classesunloaded="0" anonymousclassesunloaded="0" quiescems="0.000" setupms="0.002" scanms="0.000" postms="0.000" />
</gc-op>
<gc-op id="71" type="sweep" timems="1.636" contextid="65" timestamp="2019-06-15T23:39:40.642" />
<gc-op id="72" type="compact" timems="2.160" contextid="65" timestamp="2019-06-15T23:39:40.645">
  <compact-info movecount="128" movebytes="3464" />
  <remembered-set-cleared processed="811" cleared="54" durationms="0.060" />
</gc-op>
<heap-resize id="73" type="expand" space="default" amount="2097152" count="1" timems="0.067" reason="excessive time being spent in gc" timestamp="2019-06-15T23:39:40.645" />
<gc-end id="74" type="partial gc" contextid="65" durationms="11.995" usertimems="8.000" systemtimems="0.000" timestamp="2019-06-15T23:39:40.645" activeThreads="4">
  <mem-info id="75" free="7340032" total="13631488" percent="53">
    <mem type="eden" free="1657240" total="2097152" percent="79" />
    <remembered-set count="1152" freebytes="539520" totalbytes="544128" percent="99" regionsoverflowed="0" regionsstable="1" regionsrebuilding="0"/>
  </mem-info>
</gc-end>
<cycle-end id="76" type="partial gc" contextid="65" timestamp="2019-06-15T23:39:40.645" />
  <attribute name="elasticGC enabled" value="1" />
  <attribute name= "numThreadsSpecified" value="4" />
  <attribute name="heapSize specified" value="0" />
  <attribute name="Current GC Util" value="76" />
  <attribute name= "Current Time Running" value="857" />
  <attribute name ="GC Interval" value="0" />
  <attribute name="ProportionalT" value="84.000000" />
  <attribute name="ProportionalI" value="84.000000" />
  <attribute name="ProportionalH" value="84.000000" />
  <attribute name="Current Error" value="56.000000" />
  <attribute name="IntegralT" value="112.000000" />
  <attribute name="IntegralI" value="112.000000" />
  <attribute name="IntegralH" value="112.000000" />
  <attribute name="DerivativeT" value="0.500000" />
  <attribute name="DerivativeI" value="0.500000" />
  <attribute name="DerivativeH" value="0.500000" />
  <attribute name="Loop Time for DT" value="2.000000" />
  <attribute name="Output H" value="8388608"/>
  <attribute name="Output I" value="200"/>
  <attribute name="Output T" value="4"/>
  <attribute name="Target GC Util Change" value ="20.000000" />
  <attribute name="Current GC Util Change" value="76.000000"/>
  <attribute name="GC Util currently" value="76" />
  <attribute name="CPU Util currently" value="2473642551222" />
<exclusive-end id="77" timestamp="2019-06-15T23:39:40.646" durationms="12.806" />

<exclusive-start id="78" timestamp="2019-06-15T23:39:40.688" intervalms="55.586">
  <response-info timems="0.114" idlems="0.114" threads="0" lastid="0000000002213900" lastname="Thread-7" />
</exclusive-start>
<allocation-taxation id="79" taxation-threshold="7340032" timestamp="2019-06-15T23:39:40.689" intervalms="55.685" />
<cycle-start id="80" type="partial gc" contextid="0" timestamp="2019-06-15T23:39:40.689" intervalms="55.744" />
<gc-start id="81" type="partial gc" contextid="80" timestamp="2019-06-15T23:39:40.689">
  <mem-info id="82" free="0" total="13631488" percent="0">
    <mem type="eden" free="1045112" total="8388608" percent="12" />
    <remembered-set count="1152" freebytes="539520" totalbytes="544128" percent="99" regionsoverflowed="0" regionsstable="1" regionsrebuilding="0"/>
  </mem-info>
</gc-start>
<allocation-stats totalBytes="7339136" >
  <allocated-bytes non-tlh="0" tlh="7339136" arrayletleaf="0"/>
  <largest-consumer threadName="Thread-7" threadId="0000000002213900" bytes="7339136" />
</allocation-stats>
<gc-op id="83" type="mark" timems="1.562" contextid="80" timestamp="2019-06-15T23:39:40.691">
  <trace-info objectcount="6231" scancount="6152" scanbytes="287908" />
  <cardclean-info objects="44" bytes="3116" />
  <remembered-set-cleared processed="440" cleared="97" durationms="0.061" />
  <stringconstants candidates="4596" cleared="0"  />
  <warning details="Mark invoked due to insufficient free space for Copy-Forward" />
</gc-op>
<gc-op id="84" type="classunload" timems="0.002" contextid="80" timestamp="2019-06-15T23:39:40.691">
  <classunload-info classloadercandidates="8" classloadersunloaded="0" classesunloaded="0" anonymousclassesunloaded="0" quiescems="0.000" setupms="0.002" scanms="0.000" postms="0.000" />
</gc-op>
<gc-op id="85" type="sweep" timems="0.342" contextid="80" timestamp="2019-06-15T23:39:40.692" />
<gc-op id="86" type="compact" timems="1.783" contextid="80" timestamp="2019-06-15T23:39:40.694">
  <compact-info movecount="2105" movebytes="225264" />
  <remembered-set-cleared processed="935" cleared="249" durationms="0.061" />
</gc-op>
<heap-resize id="87" type="expand" space="default" amount="2097152" count="1" timems="0.069" reason="excessive time being spent in gc" timestamp="2019-06-15T23:39:40.694" />
<gc-end id="88" type="partial gc" contextid="80" durationms="5.266" usertimems="4.000" systemtimems="0.000" timestamp="2019-06-15T23:39:40.694" activeThreads="4">
  <mem-info id="89" free="9437184" total="15728640" percent="60">
    <mem type="eden" free="1038880" total="1048576" percent="99" />
    <remembered-set count="2080" freebytes="619520" totalbytes="627840" percent="98" regionsoverflowed="0" regionsstable="1" regionsrebuilding="0"/>
  </mem-info>
</gc-end>
<cycle-end id="90" type="partial gc" contextid="80" timestamp="2019-06-15T23:39:40.695" />
  <attribute name="elasticGC enabled" value="1" />
  <attribute name= "numThreadsSpecified" value="4" />
  <attribute name="heapSize specified" value="0" />
  <attribute name="Current GC Util" value="16" />
  <attribute name= "Current Time Running" value="906" />
  <attribute name ="GC Interval" value="0" />
  <attribute name="ProportionalT" value="-6.000000" />
  <attribute name="ProportionalI" value="-6.000000" />
  <attribute name="ProportionalH" value="-6.000000" />
  <attribute name="Current Error" value="-4.000000" />
  <attribute name="IntegralT" value="-4.000000" />
  <attribute name="IntegralI" value="-4.000000" />
  <attribute name="IntegralH" value="-4.000000" />
  <attribute name="DerivativeT" value="-46.000000" />
  <attribute name="DerivativeI" value="-46.000000" />
  <attribute name="DerivativeH" value="-46.000000" />
  <attribute name="Loop Time for DT" value="1.000000" />
  <attribute name="Output H" value="2091843584"/>
  <attribute name="Output I" value="200"/>
  <attribute name="Output T" value="4"/>
  <attribute name="Target GC Util Change" value ="20.000000" />
  <attribute name="Current GC Util Change" value="16.000000"/>
  <attribute name="GC Util currently" value="16" />
  <attribute name="CPU Util currently" value="8273640806551" />
<exclusive-end id="91" timestamp="2019-06-15T23:39:40.695" durationms="6.283" />

<exclusive-start id="92" timestamp="2019-06-15T23:39:40.726" intervalms="37.846">
  <response-info timems="0.101" idlems="0.101" threads="0" lastid="0000000002213900" lastname="Thread-7" />
</exclusive-start>
<allocation-taxation id="93" taxation-threshold="9437184" timestamp="2019-06-15T23:39:40.727" intervalms="37.815" />
<cycle-start id="94" type="partial gc" contextid="0" timestamp="2019-06-15T23:39:40.727" intervalms="37.867" />
<gc-start id="95" type="partial gc" contextid="94" timestamp="2019-06-15T23:39:40.727">
  <mem-info id="96" free="0" total="15728640" percent="0">
    <mem type="eden" free="0" total="9437184" percent="0" />
    <remembered-set count="1600" freebytes="621440" totalbytes="627840" percent="98" regionsoverflowed="0" regionsstable="1" regionsrebuilding="0"/>
  </mem-info>
</gc-start>
<allocation-stats totalBytes="9436120" >
  <allocated-bytes non-tlh="0" tlh="9436120" arrayletleaf="0"/>
  <largest-consumer threadName="Thread-7" threadId="0000000002213900" bytes="9436120" />
</allocation-stats>
<gc-op id="97" type="mark" timems="0.670" contextid="94" timestamp="2019-06-15T23:39:40.728">
  <trace-info objectcount="893" scancount="893" scanbytes="21928" />
  <cardclean-info objects="1319" bytes="63792" />
  <remembered-set-cleared processed="499" cleared="86" durationms="0.061" />
  <stringconstants candidates="4596" cleared="0"  />
  <warning details="Mark invoked due to insufficient free space for Copy-Forward" />
</gc-op>
<gc-op id="98" type="classunload" timems="0.002" contextid="94" timestamp="2019-06-15T23:39:40.728">
  <classunload-info classloadercandidates="8" classloadersunloaded="0" classesunloaded="0" anonymousclassesunloaded="0" quiescems="0.000" setupms="0.002" scanms="0.000" postms="0.000" />
</gc-op>
<gc-op id="99" type="sweep" timems="0.322" contextid="94" timestamp="2019-06-15T23:39:40.729" />
<gc-op id="100" type="compact" timems="1.470" contextid="94" timestamp="2019-06-15T23:39:40.731">
  <compact-info movecount="834" movebytes="20512" />
  <remembered-set-cleared processed="1048" cleared="218" durationms="0.061" />
</gc-op>
<heap-resize id="101" type="expand" space="default" amount="3145728" count="1" timems="0.074" reason="excessive time being spent in gc" timestamp="2019-06-15T23:39:40.731" />
<gc-end id="102" type="partial gc" contextid="94" durationms="4.078" usertimems="4.000" systemtimems="0.000" timestamp="2019-06-15T23:39:40.731" activeThreads="4">
  <mem-info id="103" free="11534336" total="18874368" percent="61">
    <mem type="eden" free="1035840" total="1048576" percent="98" />
    <remembered-set count="2176" freebytes="744704" totalbytes="753408" percent="98" regionsoverflowed="0" regionsstable="1" regionsrebuilding="0"/>
  </mem-info>
</gc-end>
<cycle-end id="104" type="partial gc" contextid="94" timestamp="2019-06-15T23:39:40.731" />
  <attribute name="elasticGC enabled" value="1" />
  <attribute name= "numThreadsSpecified" value="4" />
  <attribute name="heapSize specified" value="0" />
  <attribute name="Current GC Util" value="17" />
  <attribute name= "Current Time Running" value="943" />
  <attribute name ="GC Interval" value="0" />
  <attribute name="ProportionalT" value="-4.500000" />
  <attribute name="ProportionalI" value="-4.500000" />
  <attribute name="ProportionalH" value="-4.500000" />
  <attribute name="Current Error" value="-3.000000" />
  <attribute name="IntegralT" value="-3.000000" />
  <attribute name="IntegralI" value="-3.000000" />
  <attribute name="IntegralH" value="-3.000000" />
  <attribute name="DerivativeT" value="-3.000000" />
  <attribute name="DerivativeI" value="-3.000000" />
  <attribute name="DerivativeH" value="-3.000000" />
  <attribute name="Loop Time for DT" value="1.000000" />
  <attribute name="Output H" value="2091843584"/>
  <attribute name="Output I" value="200"/>
  <attribute name="Output T" value="4"/>
  <attribute name="Target GC Util Change" value ="20.000000" />
  <attribute name="Current GC Util Change" value="17.000000"/>
  <attribute name="GC Util currently" value="17" />
  <attribute name="CPU Util currently" value="8306066646262" />
<exclusive-end id="105" timestamp="2019-06-15T23:39:40.731" durationms="5.130" />

<exclusive-start id="106" timestamp="2019-06-15T23:39:40.770" intervalms="43.177">
  <response-info timems="0.136" idlems="0.136" threads="0" lastid="0000000002213900" lastname="Thread-7" />
</exclusive-start>
<allocation-taxation id="107" taxation-threshold="11534336" timestamp="2019-06-15T23:39:40.770" intervalms="43.198" />
<cycle-start id="108" type="partial gc" contextid="0" timestamp="2019-06-15T23:39:40.770" intervalms="43.201" />
<gc-start id="109" type="partial gc" contextid="108" timestamp="2019-06-15T23:39:40.770">
  <mem-info id="110" free="0" total="18874368" percent="0">
    <mem type="eden" free="0" total="11534336" percent="0" />
    <remembered-set count="1696" freebytes="746624" totalbytes="753408" percent="99" regionsoverflowed="0" regionsstable="1" regionsrebuilding="0"/>
  </mem-info>
</gc-start>
<allocation-stats totalBytes="11532864" >
  <allocated-bytes non-tlh="0" tlh="11532864" arrayletleaf="0"/>
  <largest-consumer threadName="Thread-7" threadId="0000000002213900" bytes="11532864" />
</allocation-stats>
<gc-op id="111" type="mark" timems="1.310" contextid="108" timestamp="2019-06-15T23:39:40.772">
  <trace-info objectcount="1137" scancount="1137" scanbytes="27680" />
  <cardclean-info objects="1717" bytes="82936" />
  <remembered-set-cleared processed="657" cleared="167" durationms="0.070" />
  <stringconstants candidates="4596" cleared="0"  />
  <warning details="Mark invoked due to insufficient free space for Copy-Forward" />
</gc-op>
<gc-op id="112" type="classunload" timems="0.002" contextid="108" timestamp="2019-06-15T23:39:40.772">
  <classunload-info classloadercandidates="8" classloadersunloaded="0" classesunloaded="0" anonymousclassesunloaded="0" quiescems="0.000" setupms="0.002" scanms="0.000" postms="0.000" />
</gc-op>
<gc-op id="113" type="sweep" timems="0.340" contextid="108" timestamp="2019-06-15T23:39:40.773" />
<gc-op id="114" type="compact" timems="1.558" contextid="108" timestamp="2019-06-15T23:39:40.775">
  <compact-info movecount="852" movebytes="20840" />
  <remembered-set-cleared processed="1369" cleared="386" durationms="0.070" />
</gc-op>
<heap-resize id="115" type="expand" space="default" amount="2097152" count="1" timems="0.068" reason="excessive time being spent in gc" timestamp="2019-06-15T23:39:40.775" />
<gc-end id="116" type="partial gc" contextid="108" durationms="4.893" usertimems="4.000" systemtimems="0.000" timestamp="2019-06-15T23:39:40.775" activeThreads="4">
  <mem-info id="117" free="12582912" total="20971520" percent="60">
    <mem type="eden" free="1031072" total="1048576" percent="98" />
    <remembered-set count="1280" freebytes="832000" totalbytes="837120" percent="99" regionsoverflowed="0" regionsstable="1" regionsrebuilding="0"/>
  </mem-info>
</gc-end>
<cycle-end id="118" type="partial gc" contextid="108" timestamp="2019-06-15T23:39:40.775" />
  <attribute name="elasticGC enabled" value="1" />
  <attribute name= "numThreadsSpecified" value="4" />
  <attribute name="heapSize specified" value="0" />
  <attribute name="Current GC Util" value="16" />
  <attribute name= "Current Time Running" value="987" />
  <attribute name ="GC Interval" value="0" />
  <attribute name="ProportionalT" value="-6.000000" />
  <attribute name="ProportionalI" value="-6.000000" />
  <attribute name="ProportionalH" value="-6.000000" />
  <attribute name="Current Error" value="-4.000000" />
  <attribute name="IntegralT" value="-4.000000" />
  <attribute name="IntegralI" value="-4.000000" />
  <attribute name="IntegralH" value="-4.000000" />
  <attribute name="DerivativeT" value="-40.000000" />
  <attribute name="DerivativeI" value="-40.000000" />
  <attribute name="DerivativeH" value="-40.000000" />
  <attribute name="Loop Time for DT" value="1.000000" />
  <attribute name="Output H" value="2091843584"/>
  <attribute name="Output I" value="200"/>
  <attribute name="Output T" value="4"/>
  <attribute name="Target GC Util Change" value ="20.000000" />
  <attribute name="Current GC Util Change" value="16.000000"/>
  <attribute name="GC Util currently" value="16" />
  <attribute name="CPU Util currently" value="7990736936030" />
<exclusive-end id="119" timestamp="2019-06-15T23:39:40.776" durationms="5.983" />

<exclusive-start id="120" timestamp="2019-06-15T23:39:40.820" intervalms="50.729">
  <response-info timems="0.081" idlems="0.081" threads="0" lastid="0000000002213900" lastname="Thread-7" />
</exclusive-start>
<allocation-taxation id="121" taxation-threshold="11534336" timestamp="2019-06-15T23:39:40.820" intervalms="50.727" />
<cycle-start id="122" type="partial gc" contextid="0" timestamp="2019-06-15T23:39:40.821" intervalms="50.681" />
<gc-start id="123" type="partial gc" contextid="122" timestamp="2019-06-15T23:39:40.821">
  <mem-info id="124" free="1048576" total="20971520" percent="5">
    <mem type="eden" free="0" total="11534336" percent="0" />
    <remembered-set count="1280" freebytes="832000" totalbytes="837120" percent="99" regionsoverflowed="0" regionsstable="1" regionsrebuilding="0"/>
  </mem-info>
</gc-start>
<allocation-stats totalBytes="11532992" >
  <allocated-bytes non-tlh="0" tlh="11532992" arrayletleaf="0"/>
  <largest-consumer threadName="Thread-7" threadId="0000000002213900" bytes="11532992" />
</allocation-stats>
<gc-op id="125" type="copy forward" timems="1.040" contextid="122" timestamp="2019-06-15T23:39:40.823">
  <memory-copied type="eden" objects="737" bytes="18064" bytesdiscarded="0" />
  <memory-copied type="other" objects="637" bytes="15288" bytesdiscarded="0" />
  <memory-cardclean objects="2039" bytes="98392" />
  <regions eden="11" other="1" />
  <remembered-set-cleared processed="823" cleared="204" durationms="0.069" />
  <stringconstants candidates="4596" cleared="0"  />
  <heap-resize type="expand" space="default" amount="1048576" count="1" timems="0.066" reason="continue current collection" />
</gc-op>
<gc-op id="126" type="classunload" timems="0.002" contextid="122" timestamp="2019-06-15T23:39:40.823">
  <classunload-info classloadercandidates="8" classloadersunloaded="0" classesunloaded="0" anonymousclassesunloaded="0" quiescems="0.000" setupms="0.002" scanms="0.000" postms="0.000" />
</gc-op>
<gc-end id="127" type="partial gc" contextid="122" durationms="2.136" usertimems="0.000" systemtimems="0.000" timestamp="2019-06-15T23:39:40.823" activeThreads="1">
  <mem-info id="128" free="12582912" total="22020096" percent="57">
    <mem type="eden" free="1030512" total="1048576" percent="98" />
    <remembered-set count="1984" freebytes="871040" totalbytes="878976" percent="99" regionsoverflowed="0" regionsstable="1" regionsrebuilding="0"/>
  </mem-info>
</gc-end>
<cycle-end id="129" type="partial gc" contextid="122" timestamp="2019-06-15T23:39:40.823" />
  <attribute name="elasticGC enabled" value="1" />
  <attribute name= "numThreadsSpecified" value="1" />
  <attribute name="heapSize specified" value="0" />
  <attribute name="Current GC Util" value="34" />
  <attribute name= "Current Time Running" value="1035" />
  <attribute name ="GC Interval" value="0" />
  <attribute name="ProportionalT" value="21.000000" />
  <attribute name="ProportionalI" value="21.000000" />
  <attribute name="ProportionalH" value="21.000000" />
  <attribute name="Current Error" value="14.000000" />
  <attribute name="IntegralT" value="0.000000" />
  <attribute name="IntegralI" value="0.000000" />
  <attribute name="IntegralH" value="0.000000" />
  <attribute name="DerivativeT" value="inf" />
  <attribute name="DerivativeI" value="inf" />
  <attribute name="DerivativeH" value="inf" />
  <attribute name="Loop Time for DT" value="0.000000" />
  <attribute name="Output H" value="8388608"/>
  <attribute name="Output I" value="200"/>
  <attribute name="Output T" value="1"/>
  <attribute name="Target GC Util Change" value ="20.000000" />
  <attribute name="Current GC Util Change" value="34.000000"/>
  <attribute name="GC Util currently" value="34" />
  <attribute name="CPU Util currently" value="20430822060178" />
<exclusive-end id="130" timestamp="2019-06-15T23:39:40.823" durationms="3.225" />

<exclusive-start id="131" timestamp="2019-06-15T23:39:40.869" intervalms="49.185">
  <response-info timems="0.056" idlems="0.056" threads="0" lastid="0000000002213900" lastname="Thread-7" />
</exclusive-start>
<allocation-taxation id="132" taxation-threshold="12582912" timestamp="2019-06-15T23:39:40.870" intervalms="49.180" />
<cycle-start id="133" type="partial gc" contextid="0" timestamp="2019-06-15T23:39:40.870" intervalms="49.196" />
<gc-start id="134" type="partial gc" contextid="133" timestamp="2019-06-15T23:39:40.870">
  <mem-info id="135" free="0" total="22020096" percent="0">
    <mem type="eden" free="0" total="12582912" percent="0" />
    <remembered-set count="1504" freebytes="872960" totalbytes="878976" percent="99" regionsoverflowed="0" regionsstable="1" regionsrebuilding="0"/>
  </mem-info>
</gc-start>
<allocation-stats totalBytes="12581432" >
  <allocated-bytes non-tlh="0" tlh="12581432" arrayletleaf="0"/>
  <largest-consumer threadName="Thread-7" threadId="0000000002213900" bytes="12581432" />
</allocation-stats>
<gc-op id="136" type="mark" timems="0.759" contextid="133" timestamp="2019-06-15T23:39:40.871">
  <trace-info objectcount="1589" scancount="1589" scanbytes="38752" />
  <cardclean-info objects="2162" bytes="104256" />
  <remembered-set-cleared processed="1008" cleared="179" durationms="0.072" />
  <stringconstants candidates="4596" cleared="0"  />
  <warning details="Mark invoked due to insufficient free space for Copy-Forward" />
</gc-op>
<gc-op id="137" type="classunload" timems="0.002" contextid="133" timestamp="2019-06-15T23:39:40.871">
  <classunload-info classloadercandidates="8" classloadersunloaded="0" classesunloaded="0" anonymousclassesunloaded="0" quiescems="0.000" setupms="0.002" scanms="0.000" postms="0.000" />
</gc-op>
<gc-op id="138" type="sweep" timems="0.336" contextid="133" timestamp="2019-06-15T23:39:40.872" />
<gc-op id="139" type="compact" timems="1.652" contextid="133" timestamp="2019-06-15T23:39:40.874">
  <compact-info movecount="1589" movebytes="38752" />
  <remembered-set-cleared processed="2090" cleared="428" durationms="0.072" />
</gc-op>
<gc-end id="140" type="partial gc" contextid="133" durationms="4.174" usertimems="0.000" systemtimems="4.000" timestamp="2019-06-15T23:39:40.874" activeThreads="4">
  <mem-info id="141" free="11534336" total="22020096" percent="52">
    <mem type="eden" free="1025760" total="1048576" percent="97" />
    <remembered-set count="2240" freebytes="870016" totalbytes="878976" percent="98" regionsoverflowed="0" regionsstable="1" regionsrebuilding="0"/>
  </mem-info>
</gc-end>
<cycle-end id="142" type="partial gc" contextid="133" timestamp="2019-06-15T23:39:40.874" />
  <attribute name="elasticGC enabled" value="1" />
  <attribute name= "numThreadsSpecified" value="4" />
  <attribute name="heapSize specified" value="0" />
  <attribute name="Current GC Util" value="16" />
  <attribute name= "Current Time Running" value="1086" />
  <attribute name ="GC Interval" value="0" />
  <attribute name="ProportionalT" value="-6.000000" />
  <attribute name="ProportionalI" value="-6.000000" />
  <attribute name="ProportionalH" value="-6.000000" />
  <attribute name="Current Error" value="-4.000000" />
  <attribute name="IntegralT" value="-4.000000" />
  <attribute name="IntegralI" value="-4.000000" />
  <attribute name="IntegralH" value="-4.000000" />
  <attribute name="DerivativeT" value="-4.000000" />
  <attribute name="DerivativeI" value="-4.000000" />
  <attribute name="DerivativeH" value="-4.000000" />
  <attribute name="Loop Time for DT" value="1.000000" />
  <attribute name="Output H" value="2091843584"/>
  <attribute name="Output I" value="200"/>
  <attribute name="Output T" value="4"/>
  <attribute name="Target GC Util Change" value ="20.000000" />
  <attribute name="Current GC Util Change" value="16.000000"/>
  <attribute name="GC Util currently" value="16" />
  <attribute name="CPU Util currently" value="7708987661796" />
<exclusive-end id="143" timestamp="2019-06-15T23:39:40.875" durationms="5.224" />

<exclusive-start id="144" timestamp="2019-06-15T23:39:40.911" intervalms="41.705">
  <response-info timems="0.068" idlems="0.068" threads="0" lastid="0000000002213900" lastname="Thread-7" />
</exclusive-start>
<allocation-taxation id="145" taxation-threshold="11534336" timestamp="2019-06-15T23:39:40.911" intervalms="41.705" />
<cycle-start id="146" type="partial gc" contextid="0" timestamp="2019-06-15T23:39:40.911" intervalms="41.692" />
<gc-start id="147" type="partial gc" contextid="146" timestamp="2019-06-15T23:39:40.912">
  <mem-info id="148" free="0" total="22020096" percent="0">
    <mem type="eden" free="0" total="11534336" percent="0" />
    <remembered-set count="2240" freebytes="870016" totalbytes="878976" percent="98" regionsoverflowed="0" regionsstable="1" regionsrebuilding="0"/>
  </mem-info>
</gc-start>
<allocation-stats totalBytes="11532968" >
  <allocated-bytes non-tlh="0" tlh="11532968" arrayletleaf="0"/>
  <largest-consumer threadName="Thread-7" threadId="0000000002213900" bytes="11532968" />
</allocation-stats>
<gc-op id="149" type="mark" timems="0.726" contextid="146" timestamp="2019-06-15T23:39:40.913">
  <trace-info objectcount="1426" scancount="1426" scanbytes="34736" />
  <cardclean-info objects="2044" bytes="98592" />
  <remembered-set-cleared processed="1215" cleared="196" durationms="0.077" />
  <stringconstants candidates="4596" cleared="0"  />
  <warning details="Mark invoked due to insufficient free space for Copy-Forward" />
</gc-op>
<gc-op id="150" type="classunload" timems="0.002" contextid="146" timestamp="2019-06-15T23:39:40.913">
  <classunload-info classloadercandidates="8" classloadersunloaded="0" classesunloaded="0" anonymousclassesunloaded="0" quiescems="0.000" setupms="0.002" scanms="0.000" postms="0.000" />
</gc-op>
<gc-op id="151" type="sweep" timems="0.338" contextid="146" timestamp="2019-06-15T23:39:40.914" />
<gc-op id="152" type="compact" timems="1.569" contextid="146" timestamp="2019-06-15T23:39:40.916">
  <compact-info movecount="1392" movebytes="33920" />
  <remembered-set-cleared processed="2487" cleared="447" durationms="0.077" />
</gc-op>
<gc-end id="153" type="partial gc" contextid="146" durationms="4.164" usertimems="4.000" systemtimems="0.000" timestamp="2019-06-15T23:39:40.916" activeThreads="4">
  <mem-info id="154" free="10485760" total="22020096" percent="47">
    <mem type="eden" free="1033472" total="1048576" percent="98" />
    <remembered-set count="2464" freebytes="869120" totalbytes="878976" percent="98" regionsoverflowed="0" regionsstable="1" regionsrebuilding="0"/>
  </mem-info>
</gc-end>
<cycle-end id="155" type="partial gc" contextid="146" timestamp="2019-06-15T23:39:40.916" />
  <attribute name="elasticGC enabled" value="1" />
  <attribute name= "numThreadsSpecified" value="4" />
  <attribute name="heapSize specified" value="0" />
  <attribute name="Current GC Util" value="16" />
  <attribute name= "Current Time Running" value="1128" />
  <attribute name ="GC Interval" value="0" />
  <attribute name="ProportionalT" value="-6.000000" />
  <attribute name="ProportionalI" value="-6.000000" />
  <attribute name="ProportionalH" value="-6.000000" />
  <attribute name="Current Error" value="-4.000000" />
  <attribute name="IntegralT" value="-4.000000" />
  <attribute name="IntegralI" value="-4.000000" />
  <attribute name="IntegralH" value="-4.000000" />
  <attribute name="DerivativeT" value="-4.000000" />
  <attribute name="DerivativeI" value="-4.000000" />
  <attribute name="DerivativeH" value="-4.000000" />
  <attribute name="Loop Time for DT" value="1.000000" />
  <attribute name="Output H" value="2091843584"/>
  <attribute name="Output I" value="200"/>
  <attribute name="Output T" value="4"/>
  <attribute name="Target GC Util Change" value ="20.000000" />
  <attribute name="Current GC Util Change" value="16.000000"/>
  <attribute name="GC Util currently" value="16" />
  <attribute name="CPU Util currently" value="7364592958632" />
<exclusive-end id="156" timestamp="2019-06-15T23:39:40.916" durationms="5.258" />

<exclusive-start id="157" timestamp="2019-06-15T23:39:40.942" intervalms="31.052">
  <response-info timems="0.070" idlems="0.070" threads="0" lastid="0000000002213900" lastname="Thread-7" />
</exclusive-start>
<allocation-taxation id="158" taxation-threshold="10485760" timestamp="2019-06-15T23:39:40.942" intervalms="31.054" />
<cycle-start id="159" type="partial gc" contextid="0" timestamp="2019-06-15T23:39:40.943" intervalms="31.102" />
<gc-start id="160" type="partial gc" contextid="159" timestamp="2019-06-15T23:39:40.943">
  <mem-info id="161" free="0" total="22020096" percent="0">
    <mem type="eden" free="0" total="10485760" percent="0" />
    <remembered-set count="2464" freebytes="869120" totalbytes="878976" percent="98" regionsoverflowed="0" regionsstable="1" regionsrebuilding="0"/>
  </mem-info>
</gc-start>
<allocation-stats totalBytes="10484616" >
  <allocated-bytes non-tlh="0" tlh="10484616" arrayletleaf="0"/>
  <largest-consumer threadName="Thread-7" threadId="0000000002213900" bytes="10484616" />
</allocation-stats>
<gc-op id="162" type="mark" timems="0.788" contextid="159" timestamp="2019-06-15T23:39:40.944">
  <trace-info objectcount="1338" scancount="1338" scanbytes="32504" />
  <cardclean-info objects="1980" bytes="95520" />
  <remembered-set-cleared processed="1419" cleared="230" durationms="0.082" />
  <stringconstants candidates="4596" cleared="0"  />
  <warning details="Mark invoked due to insufficient free space for Copy-Forward" />
</gc-op>
<gc-op id="163" type="classunload" timems="0.002" contextid="159" timestamp="2019-06-15T23:39:40.944">
  <classunload-info classloadercandidates="8" classloadersunloaded="0" classesunloaded="0" anonymousclassesunloaded="0" quiescems="0.000" setupms="0.002" scanms="0.000" postms="0.000" />
</gc-op>
<gc-op id="164" type="sweep" timems="0.338" contextid="159" timestamp="2019-06-15T23:39:40.945" />
<gc-op id="165" type="compact" timems="1.545" contextid="159" timestamp="2019-06-15T23:39:40.947">
  <compact-info movecount="818" movebytes="20024" />
  <remembered-set-cleared processed="2876" cleared="493" durationms="0.082" />
</gc-op>
<gc-end id="166" type="partial gc" contextid="159" durationms="4.188" usertimems="0.000" systemtimems="4.000" timestamp="2019-06-15T23:39:40.947" activeThreads="4">
  <mem-info id="167" free="9437184" total="22020096" percent="42">
    <mem type="eden" free="1028576" total="1048576" percent="98" />
    <remembered-set count="2624" freebytes="868480" totalbytes="878976" percent="98" regionsoverflowed="0" regionsstable="1" regionsrebuilding="0"/>
  </mem-info>
</gc-end>
<cycle-end id="168" type="partial gc" contextid="159" timestamp="2019-06-15T23:39:40.947" />
  <attribute name="elasticGC enabled" value="1" />
  <attribute name= "numThreadsSpecified" value="4" />
  <attribute name="heapSize specified" value="0" />
  <attribute name="Current GC Util" value="16" />
  <attribute name= "Current Time Running" value="1159" />
  <attribute name ="GC Interval" value="0" />
  <attribute name="ProportionalT" value="-6.000000" />
  <attribute name="ProportionalI" value="-6.000000" />
  <attribute name="ProportionalH" value="-6.000000" />
  <attribute name="Current Error" value="-4.000000" />
  <attribute name="IntegralT" value="-4.000000" />
  <attribute name="IntegralI" value="-4.000000" />
  <attribute name="IntegralH" value="-4.000000" />
  <attribute name="DerivativeT" value="-4.000000" />
  <attribute name="DerivativeI" value="-4.000000" />
  <attribute name="DerivativeH" value="-4.000000" />
  <attribute name="Loop Time for DT" value="1.000000" />
  <attribute name="Output H" value="2091843584"/>
  <attribute name="Output I" value="200"/>
  <attribute name="Output T" value="4"/>
  <attribute name="Target GC Util Change" value ="20.000000" />
  <attribute name="Current GC Util Change" value="16.000000"/>
  <attribute name="GC Util currently" value="16" />
  <attribute name="CPU Util currently" value="7444471017243" />
<exclusive-end id="169" timestamp="2019-06-15T23:39:40.947" durationms="5.298" />

</verbosegc>

