<?xml version="1.0" ?>

<verbosegc xmlns="http://www.ibm.com/j9/verbosegc" version="10b4217_CMPRSS">

<initialized id="1" timestamp="2019-06-15T23:39:28.061">
  <attribute name="gcPolicy" value="-Xgcpolicy:balanced" />
  <attribute name="elasticGC enabled" value="1" />
  <attribute name= "numThreadsSpecified" value="0" />
  <attribute name="heapSize specified" value="0" />
  <attribute name="Current GC Util" value="0" />
  <attribute name= "Current Time Running" value="0" />
  <attribute name ="GC Interval" value="0" />
  <attribute name="ProportionalT" value="0.000000" />
  <attribute name="ProportionalI" value="0.000000" />
  <attribute name="ProportionalH" value="0.000000" />
  <attribute name="IntegralT" value="0.000000" />
  <attribute name="IntegralI" value="0.000000" />
  <attribute name="IntegralH" value="0.000000" />
  <attribute name="DerivativeT" value="0.000000" />
  <attribute name="DerivativeI" value="0.000000" />
  <attribute name="DerivativeH" value="0.000000" />
  <attribute name="Target GC Util Change" value ="0.000000" />
  <attribute name="Current GC Util Change" value="0.000000"/>
  <attribute name="Current Error" value="0.000000" />
  <attribute name="Loop Time for DT" value="0.000000" />
  <attribute name="Output H" value="0"/>
  <attribute name="Output I" value="0"/>
  <attribute name="Output T" value="0"/>
  <attribute name="GC Util currently" value="0" />
  <attribute name="CPU Util currently" value="0" />
  <attribute name="maxHeapSize" value="0x7cb00000" />
  <attribute name="initialHeapSize" value="0x800000" />
  <attribute name="compressedRefs" value="true" />
  <attribute name="compressedRefsDisplacement" value="0x0" />
  <attribute name="compressedRefsShift" value="0x0" />
  <attribute name="pageSize" value="0x1000" />
  <attribute name="pageType" value="not used" />
  <attribute name="requestedPageSize" value="0x1000" />
  <attribute name="requestedPageType" value="not used" />
  <attribute name="gcthreads" value="4" />
  <attribute name="packetListSplit" value="4" />
  <attribute name="cacheListSplit" value="4" />
  <attribute name="splitFreeListSplitAmount" value="1" />
  <attribute name="numaNodes" value="0" />
  <region>
    <attribute name="regionSize" value="1048576" />
    <attribute name="regionCount" value="1995" />
    <attribute name="arrayletLeafSize" value="1048576" />
  </region>
  <system>
    <attribute name="physicalMemory" value="8370958336" />
    <attribute name="numCPUs" value="4" />
    <attribute name="architecture" value="amd64" />
    <attribute name="os" value="Linux" />
    <attribute name="osVersion" value="4.4.0-150-generic" />
  </system>
  <vmargs>
    <vmarg name="-Xoptionsfile=/vagrant/jdk/lib/options.default" />
    <vmarg name="-Xlockword:mode=default,noLockword=java/lang/String,noLockword=java/util/MapEntry,noLockword=java/util/HashMap$Entry,noLockword..." />
    <vmarg name="-Xjcl:jclse29" />
    <vmarg name="-Dcom.ibm.oti.vm.bootstrap.library.path=/vagrant/jdk/lib/compressedrefs:/vagrant/jdk/lib" />
    <vmarg name="-Dsun.boot.library.path=/vagrant/jdk/lib/compressedrefs:/vagrant/jdk/lib" />
    <vmarg name="-Djava.library.path=/vagrant/jdk/lib/compressedrefs:/vagrant/jdk/lib:/usr/lib64:/usr/lib" />
    <vmarg name="-Djava.home=/vagrant/jdk" />
    <vmarg name="-Duser.dir=/vagrant" />
    <vmarg name="-Xgcpolicy:balanced" />
    <vmarg name="-Xgcelastic" />
    <vmarg name="-Xcheck:gc:::elasticGC" />
    <vmarg name="-verbose:gc" />
    <vmarg name="-Xloggc:jdk1.5-1-1-small-BAL-4CORE-elasticverbose4sunflow.txt" />
    <vmarg name="-Djava.class.path=dacapo-9.12-MR1-bach.jar" />
    <vmarg name="-Dsun.java.command=dacapo-9.12-MR1-bach.jar sunflow --size=small" />
    <vmarg name="-Dsun.java.launcher=SUN_STANDARD" />
    <vmarg name="-Dsun.java.launcher.pid=11410" />
  </vmargs>
</initialized>

<exclusive-start id="2" timestamp="2019-06-15T23:39:28.618" intervalms="557.227">
  <response-info timems="0.067" idlems="0.067" threads="0" lastid="000000000153D700" lastname="main" />
</exclusive-start>
<sys-start reason="explicit" id="3" timestamp="2019-06-15T23:39:28.619" intervalms="557.495" />
<cycle-start id="4" type="global garbage collect" contextid="0" timestamp="2019-06-15T23:39:28.619" intervalms="557.785" />
<gc-start id="5" type="global garbage collect" contextid="4" timestamp="2019-06-15T23:39:28.619">
  <mem-info id="6" free="4232072" total="8388608" percent="50">
    <mem type="eden" free="37800" total="4194304" percent="0" />
    <remembered-set count="0" freebytes="334848" totalbytes="334848" percent="100" regionsoverflowed="0" regionsstable="0" regionsrebuilding="0"/>
  </mem-info>
</gc-start>
<allocation-stats totalBytes="4145712" >
  <allocated-bytes non-tlh="502000" tlh="3643712" arrayletleaf="0"/>
  <largest-consumer threadName="main" threadId="000000000153D700" bytes="4067880" />
</allocation-stats>
<gc-op id="7" type="global mark" timems="3.856" contextid="4" timestamp="2019-06-15T23:39:28.623">
  <trace-info objectcount="30317" scancount="23647" scanbytes="765776" />
  <finalization candidates="125" enqueued="1" />
  <ownableSynchronizers candidates="3" cleared="0" />
  <references type="soft" candidates="132" cleared="0" enqueued="0" dynamicThreshold="32" maxThreshold="32" />
  <references type="weak" candidates="1326" cleared="569" enqueued="479" />
  <references type="phantom" candidates="107" cleared="42" enqueued="42" />
  <stringconstants candidates="3958" cleared="0"  />
</gc-op>
<gc-op id="8" type="classunload" timems="0.046" contextid="4" timestamp="2019-06-15T23:39:28.624">
  <classunload-info classloadercandidates="7" classloadersunloaded="0" classesunloaded="0" anonymousclassesunloaded="0" quiescems="0.000" setupms="0.046" scanms="0.000" postms="0.000" />
</gc-op>
<gc-op id="9" type="sweep" timems="0.627" contextid="4" timestamp="2019-06-15T23:39:28.625" />
<gc-op id="10" type="compact" timems="5.313" contextid="4" timestamp="2019-06-15T23:39:28.630">
  <compact-info movecount="29856" movebytes="1332272" />
  <remembered-set-cleared processed="3539" cleared="3539" durationms="0.178" />
</gc-op>
<gc-end id="11" type="global garbage collect" contextid="4" durationms="11.528" usertimems="16.000" systemtimems="0.000" timestamp="2019-06-15T23:39:28.631" activeThreads="4">
  <mem-info id="12" free="6291456" total="8388608" percent="75">
    <pending-finalizers system="1" default="0" reference="521" classloader="0" />
    <remembered-set count="2048" freebytes="326656" totalbytes="334848" percent="97" regionsoverflowed="0" regionsstable="0" regionsrebuilding="0"/>
  </mem-info>
</gc-end>
<cycle-end id="13" type="global garbage collect" contextid="4" timestamp="2019-06-15T23:39:28.631" />
  <attribute name="elasticGC enabled" value="1" />
  <attribute name= "numThreadsSpecified" value="4" />
  <attribute name="heapSize specified" value="0" />
  <attribute name="Current GC Util" value="39" />
  <attribute name= "Current Time Running" value="443" />
  <attribute name ="GC Interval" value="0" />
  <attribute name="ProportionalT" value="28.500000" />
  <attribute name="ProportionalI" value="28.500000" />
  <attribute name="ProportionalH" value="28.500000" />
  <attribute name="Current Error" value="19.000000" />
  <attribute name="IntegralT" value="-8411.000000" />
  <attribute name="IntegralI" value="-8411.000000" />
  <attribute name="IntegralH" value="-8411.000000" />
  <attribute name="DerivativeT" value="-43.000000" />
  <attribute name="DerivativeI" value="-43.000000" />
  <attribute name="DerivativeH" value="-43.000000" />
  <attribute name="Loop Time for DT" value="1.000000" />
  <attribute name="Output H" value="2091843584"/>
  <attribute name="Output I" value="200"/>
  <attribute name="Output T" value="4"/>
  <attribute name="Target GC Util Change" value ="20.000000" />
  <attribute name="Current GC Util Change" value="39.000000"/>
  <attribute name="GC Util currently" value="39" />
  <attribute name="CPU Util currently" value="5098027661144" />
<sys-end id="14" timestamp="2019-06-15T23:39:28.631" />
<exclusive-end id="15" timestamp="2019-06-15T23:39:28.631" durationms="12.776" />

<exclusive-start id="16" timestamp="2019-06-15T23:39:28.862" intervalms="243.536">
  <response-info timems="0.058" idlems="0.058" threads="0" lastid="0000000001896500" lastname="Thread-5" />
</exclusive-start>
<allocation-taxation id="17" taxation-threshold="6291456" timestamp="2019-06-15T23:39:28.862" intervalms="801.017" />
<cycle-start id="18" type="partial gc" contextid="0" timestamp="2019-06-15T23:39:28.862" intervalms="801.343" />
<gc-start id="19" type="partial gc" contextid="18" timestamp="2019-06-15T23:39:28.863">
  <mem-info id="20" free="0" total="8388608" percent="0">
    <mem type="eden" free="7960" total="6291456" percent="0" />
    <remembered-set count="1760" freebytes="327808" totalbytes="334848" percent="97" regionsoverflowed="0" regionsstable="0" regionsrebuilding="0"/>
  </mem-info>
</gc-start>
<allocation-stats totalBytes="6224064" >
  <allocated-bytes non-tlh="1210160" tlh="5013904" arrayletleaf="0"/>
  <largest-consumer threadName="main" threadId="000000000153D700" bytes="2982240" />
</allocation-stats>
<gc-op id="21" type="mark" timems="2.332" contextid="18" timestamp="2019-06-15T23:39:28.866">
  <trace-info objectcount="14751" scancount="11870" scanbytes="447664" />
  <cardclean-info objects="1396" bytes="50260" />
  <remembered-set-cleared processed="555" cleared="93" durationms="0.068" />
  <references type="soft" candidates="17" cleared="0" enqueued="0" dynamicThreshold="24" maxThreshold="32" />
  <references type="weak" candidates="45" cleared="29" enqueued="28" />
  <references type="phantom" candidates="2" cleared="0" enqueued="0" />
  <stringconstants candidates="4534" cleared="1"  />
  <warning details="Mark invoked due to insufficient free space for Copy-Forward" />
</gc-op>
<gc-op id="22" type="classunload" timems="0.003" contextid="18" timestamp="2019-06-15T23:39:28.866">
  <classunload-info classloadercandidates="8" classloadersunloaded="0" classesunloaded="0" anonymousclassesunloaded="0" quiescems="0.000" setupms="0.003" scanms="0.000" postms="0.000" />
</gc-op>
<gc-op id="23" type="sweep" timems="0.400" contextid="18" timestamp="2019-06-15T23:39:28.867" />
<gc-op id="24" type="compact" timems="2.354" contextid="18" timestamp="2019-06-15T23:39:28.869">
  <compact-info movecount="14750" movebytes="1416584" />
  <remembered-set-cleared processed="2535" cleared="1542" durationms="0.068" />
</gc-op>
<heap-resize id="25" type="expand" space="default" amount="1048576" count="1" timems="0.066" reason="insufficient free space following gc" timestamp="2019-06-15T23:39:28.870" />
<gc-end id="26" type="partial gc" contextid="18" durationms="7.067" usertimems="8.000" systemtimems="0.000" timestamp="2019-06-15T23:39:28.870" activeThreads="4">
  <mem-info id="27" free="5242880" total="9437184" percent="55">
    <mem type="eden" free="625760" total="2097152" percent="29" />
    <pending-finalizers system="0" default="0" reference="28" classloader="0" />
    <remembered-set count="2176" freebytes="368000" totalbytes="376704" percent="97" regionsoverflowed="0" regionsstable="0" regionsrebuilding="0"/>
  </mem-info>
</gc-end>
<cycle-end id="28" type="partial gc" contextid="18" timestamp="2019-06-15T23:39:28.870" />
  <attribute name="elasticGC enabled" value="1" />
  <attribute name= "numThreadsSpecified" value="4" />
  <attribute name="heapSize specified" value="0" />
  <attribute name="Current GC Util" value="26" />
  <attribute name= "Current Time Running" value="685" />
  <attribute name ="GC Interval" value="0" />
  <attribute name="ProportionalT" value="9.000000" />
  <attribute name="ProportionalI" value="9.000000" />
  <attribute name="ProportionalH" value="9.000000" />
  <attribute name="Current Error" value="6.000000" />
  <attribute name="IntegralT" value="6.000000" />
  <attribute name="IntegralI" value="6.000000" />
  <attribute name="IntegralH" value="6.000000" />
  <attribute name="DerivativeT" value="6.000000" />
  <attribute name="DerivativeI" value="6.000000" />
  <attribute name="DerivativeH" value="6.000000" />
  <attribute name="Loop Time for DT" value="1.000000" />
  <attribute name="Output H" value="8388608"/>
  <attribute name="Output I" value="200"/>
  <attribute name="Output T" value="4"/>
  <attribute name="Target GC Util Change" value ="20.000000" />
  <attribute name="Current GC Util Change" value="26.000000"/>
  <attribute name="GC Util currently" value="26" />
  <attribute name="CPU Util currently" value="6950491734402" />
<exclusive-end id="29" timestamp="2019-06-15T23:39:28.870" durationms="8.386" />

<exclusive-start id="30" timestamp="2019-06-15T23:39:28.907" intervalms="44.731">
  <response-info timems="0.028" idlems="0.028" threads="0" lastid="0000000001896500" lastname="Thread-5" />
</exclusive-start>
<allocation-taxation id="31" taxation-threshold="2097152" timestamp="2019-06-15T23:39:28.907" intervalms="44.616" />
<cycle-start id="32" type="global mark phase" contextid="0" timestamp="2019-06-15T23:39:28.907" intervalms="845.763" />
<gc-start id="33" type="global mark phase" contextid="32" timestamp="2019-06-15T23:39:28.907">
  <mem-info id="34" free="3145728" total="9437184" percent="33">
    <remembered-set count="2048" freebytes="368512" totalbytes="376704" percent="97" regionsoverflowed="0" regionsstable="0" regionsrebuilding="0"/>
  </mem-info>
</gc-start>
<gc-op id="35" type="mark increment" timems="0.525" contextid="32" timestamp="2019-06-15T23:39:28.908">
  <trace-info objectcount="159" scancount="0" scanbytes="0" />
</gc-op>
<gc-end id="36" type="global mark phase" contextid="32" durationms="0.648" usertimems="0.000" systemtimems="0.000" timestamp="2019-06-15T23:39:28.908" activeThreads="1">
  <mem-info id="37" free="3145728" total="9437184" percent="33">
    <remembered-set count="2048" freebytes="368512" totalbytes="376704" percent="97" regionsoverflowed="0" regionsstable="0" regionsrebuilding="0"/>
  </mem-info>
</gc-end>
<concurrent-start id="38" type="GMP work packet processing" contextid="32" timestamp="2019-06-15T23:39:28.908">
  <concurrent-mark-start scanTarget="18446744073709551615" />
</concurrent-start>
<exclusive-end id="39" timestamp="2019-06-15T23:39:28.908" durationms="1.172" />

<concurrent-end id="40" type="GMP work packet processing" contextid="32" timestamp="2019-06-15T23:39:28.909">
  <concurrent-mark-end bytesScanned="1187772" reasonForTermination="Completed all work in GC phase" />
</concurrent-end>

<exclusive-start id="41" timestamp="2019-06-15T23:39:28.913" intervalms="6.788">
  <response-info timems="0.025" idlems="0.025" threads="0" lastid="0000000001896500" lastname="Thread-5" />
</exclusive-start>
<allocation-taxation id="42" taxation-threshold="2097152" timestamp="2019-06-15T23:39:28.913" intervalms="6.727" />
<cycle-start id="43" type="partial gc" contextid="0" timestamp="2019-06-15T23:39:28.914" intervalms="51.100" />
<gc-start id="44" type="partial gc" contextid="43" timestamp="2019-06-15T23:39:28.914">
  <mem-info id="45" free="1048576" total="9437184" percent="11">
    <mem type="eden" free="0" total="4194304" percent="0" />
    <remembered-set count="2048" freebytes="368512" totalbytes="376704" percent="97" regionsoverflowed="0" regionsstable="0" regionsrebuilding="0"/>
  </mem-info>
</gc-start>
<allocation-stats totalBytes="4170528" >
  <allocated-bytes non-tlh="53872" tlh="4116656" arrayletleaf="0"/>
  <largest-consumer threadName="Thread-5" threadId="0000000001896500" bytes="2091440" />
</allocation-stats>
<gc-op id="46" type="copy forward" timems="3.986" contextid="43" timestamp="2019-06-15T23:39:28.918">
  <memory-copied type="eden" objects="9" bytes="127008" bytesdiscarded="0" />
  <memory-copied type="other" objects="14636" bytes="1221360" bytesdiscarded="40" />
  <memory-cardclean objects="98" bytes="8160" />
  <regions eden="4" other="2" />
  <remembered-set-cleared processed="1157" cleared="624" durationms="0.052" />
  <references type="soft" candidates="17" cleared="0" enqueued="0" dynamicThreshold="10" maxThreshold="32" />
  <references type="weak" candidates="16" cleared="0" enqueued="0" />
  <references type="phantom" candidates="2" cleared="0" enqueued="0" />
  <stringconstants candidates="4533" cleared="0"  />
  <heap-resize type="expand" space="default" amount="2097152" count="2" timems="0.116" reason="continue current collection" />
</gc-op>
<gc-op id="47" type="classunload" timems="0.002" contextid="43" timestamp="2019-06-15T23:39:28.919">
  <classunload-info classloadercandidates="8" classloadersunloaded="0" classesunloaded="0" anonymousclassesunloaded="0" quiescems="0.000" setupms="0.002" scanms="0.000" postms="0.000" />
</gc-op>
<gc-op id="48" type="compact" timems="0.918" contextid="43" timestamp="2019-06-15T23:39:28.920">
  <compact-info movecount="0" movebytes="0" />
  <remembered-set-cleared processed="2173" cleared="624" durationms="0.052" />
</gc-op>
<gc-end id="49" type="partial gc" contextid="43" durationms="6.097" usertimems="4.000" systemtimems="0.000" timestamp="2019-06-15T23:39:28.920" activeThreads="4">
  <mem-info id="50" free="6291456" total="11534336" percent="54">
    <mem type="eden" free="921568" total="1048576" percent="87" />
    <remembered-set count="1664" freebytes="453760" totalbytes="460416" percent="98" regionsoverflowed="0" regionsstable="0" regionsrebuilding="0"/>
  </mem-info>
</gc-end>
<cycle-end id="51" type="partial gc" contextid="43" timestamp="2019-06-15T23:39:28.920" />
  <attribute name="elasticGC enabled" value="1" />
  <attribute name= "numThreadsSpecified" value="4" />
  <attribute name="heapSize specified" value="0" />
  <attribute name="Current GC Util" value="0" />
  <attribute name= "Current Time Running" value="736" />
  <attribute name ="GC Interval" value="0" />
  <attribute name="ProportionalT" value="-30.000000" />
  <attribute name="ProportionalI" value="-30.000000" />
  <attribute name="ProportionalH" value="-30.000000" />
  <attribute name="Current Error" value="-20.000000" />
  <attribute name="IntegralT" value="-80.000000" />
  <attribute name="IntegralI" value="-80.000000" />
  <attribute name="IntegralH" value="-80.000000" />
  <attribute name="DerivativeT" value="-8.250000" />
  <attribute name="DerivativeI" value="-8.250000" />
  <attribute name="DerivativeH" value="-8.250000" />
  <attribute name="Loop Time for DT" value="4.000000" />
  <attribute name="Output H" value="2091843584"/>
  <attribute name="Output I" value="200"/>
  <attribute name="Output T" value="4"/>
  <attribute name="Target GC Util Change" value ="20.000000" />
  <attribute name="Current GC Util Change" value="0.000000"/>
  <attribute name="GC Util currently" value="0" />
  <attribute name="CPU Util currently" value="1069842361033" />
<exclusive-end id="52" timestamp="2019-06-15T23:39:28.920" durationms="6.693" />

<exclusive-start id="53" timestamp="2019-06-15T23:39:28.981" intervalms="67.799">
  <response-info timems="0.076" idlems="0.076" threads="0" lastid="0000000001896500" lastname="Thread-7" />
</exclusive-start>
<allocation-taxation id="54" taxation-threshold="3145728" timestamp="2019-06-15T23:39:28.981" intervalms="67.817" />
<gc-start id="55" type="global mark phase" contextid="32" timestamp="2019-06-15T23:39:28.981">
  <mem-info id="56" free="3145728" total="11534336" percent="27">
    <remembered-set count="960" freebytes="456576" totalbytes="460416" percent="99" regionsoverflowed="0" regionsstable="1" regionsrebuilding="0"/>
  </mem-info>
</gc-start>
<gc-op id="57" type="mark increment" timems="1.268" contextid="32" timestamp="2019-06-15T23:39:28.983">
  <trace-info objectcount="5682" scancount="5603" scanbytes="275004" />
  <cardclean-info objects="670" bytes="29164" />
  <finalization candidates="124" enqueued="0" />
  <ownableSynchronizers candidates="3" cleared="0" />
  <references type="soft" candidates="149" cleared="0" enqueued="0" dynamicThreshold="17" maxThreshold="32" />
  <references type="weak" candidates="773" cleared="0" enqueued="0" />
  <references type="phantom" candidates="66" cleared="2" enqueued="2" />
  <stringconstants candidates="4596" cleared="0"  />
</gc-op>
<gc-op id="58" type="classunload" timems="0.005" contextid="32" timestamp="2019-06-15T23:39:28.983">
  <classunload-info classloadercandidates="8" classloadersunloaded="0" classesunloaded="0" anonymousclassesunloaded="0" quiescems="0.000" setupms="0.005" scanms="0.000" postms="0.000" />
</gc-op>
<gc-end id="59" type="global mark phase" contextid="32" durationms="1.540" usertimems="0.000" systemtimems="0.000" timestamp="2019-06-15T23:39:28.983" activeThreads="4">
  <mem-info id="60" free="3145728" total="11534336" percent="27">
    <pending-finalizers system="0" default="0" reference="2" classloader="0" />
    <remembered-set count="960" freebytes="456576" totalbytes="460416" percent="99" regionsoverflowed="0" regionsstable="1" regionsrebuilding="0"/>
  </mem-info>
</gc-end>
<cycle-end id="61" type="global mark phase" contextid="32" timestamp="2019-06-15T23:39:28.983" />
  <attribute name="elasticGC enabled" value="1" />
  <attribute name= "numThreadsSpecified" value="4" />
  <attribute name="heapSize specified" value="0" />
  <attribute name="Current GC Util" value="57" />
  <attribute name= "Current Time Running" value="800" />
  <attribute name ="GC Interval" value="0" />
  <attribute name="ProportionalT" value="55.500000" />
  <attribute name="ProportionalI" value="55.500000" />
  <attribute name="ProportionalH" value="55.500000" />
  <attribute name="Current Error" value="37.000000" />
  <attribute name="IntegralT" value="0.000000" />
  <attribute name="IntegralI" value="0.000000" />
  <attribute name="IntegralH" value="0.000000" />
  <attribute name="DerivativeT" value="-inf" />
  <attribute name="DerivativeI" value="-inf" />
  <attribute name="DerivativeH" value="-inf" />
  <attribute name="Loop Time for DT" value="0.000000" />
  <attribute name="Output H" value="2091843584"/>
  <attribute name="Output I" value="200"/>
  <attribute name="Output T" value="4"/>
  <attribute name="Target GC Util Change" value ="20.000000" />
  <attribute name="Current GC Util Change" value="57.000000"/>
  <attribute name="GC Util currently" value="57" />
  <attribute name="CPU Util currently" value="20944121067538" />
<exclusive-end id="62" timestamp="2019-06-15T23:39:28.983" durationms="1.883" />

<exclusive-start id="63" timestamp="2019-06-15T23:39:29.015" intervalms="33.446">
  <response-info timems="0.024" idlems="0.024" threads="0" lastid="0000000001896500" lastname="Thread-7" />
</exclusive-start>
<allocation-taxation id="64" taxation-threshold="3145728" timestamp="2019-06-15T23:39:29.015" intervalms="33.433" />
<cycle-start id="65" type="partial gc" contextid="0" timestamp="2019-06-15T23:39:29.015" intervalms="101.247" />
<gc-start id="66" type="partial gc" contextid="65" timestamp="2019-06-15T23:39:29.015">
  <mem-info id="67" free="0" total="11534336" percent="0">
    <mem type="eden" free="921568" total="7340032" percent="12" />
    <remembered-set count="960" freebytes="456576" totalbytes="460416" percent="99" regionsoverflowed="0" regionsstable="1" regionsrebuilding="0"/>
  </mem-info>
</gc-start>
<allocation-stats totalBytes="6286664" >
  <allocated-bytes non-tlh="478864" tlh="5807800" arrayletleaf="0"/>
  <largest-consumer threadName="Thread-7" threadId="0000000001896500" bytes="3145264" />
</allocation-stats>
<gc-op id="68" type="sweep" timems="0.474" contextid="65" timestamp="2019-06-15T23:39:29.016" />
<gc-op id="69" type="copy forward" timems="1.341" contextid="65" timestamp="2019-06-15T23:39:29.018">
  <memory-copied type="eden" objects="177" bytes="4248" bytesdiscarded="0" />
  <memory-copied type="other" objects="5606" bytes="432160" bytesdiscarded="0" />
  <memory-cardclean objects="272" bytes="12616" />
  <memory-traced type="eden" objects="51" bytes="1224" />
  <memory-traced type="other" objects="0" bytes="0" />
  <regions eden="3" other="3" evacuated="5" marked="1" />
  <remembered-set-cleared processed="382" cleared="32" durationms="0.062" />
  <stringconstants candidates="4596" cleared="0"  />
</gc-op>
<gc-op id="70" type="classunload" timems="0.002" contextid="65" timestamp="2019-06-15T23:39:29.018">
  <classunload-info classloadercandidates="8" classloadersunloaded="0" classesunloaded="0" anonymousclassesunloaded="0" quiescems="0.000" setupms="0.002" scanms="0.000" postms="0.000" />
</gc-op>
<gc-op id="71" type="sweep" timems="0.535" contextid="65" timestamp="2019-06-15T23:39:29.018" />
<gc-op id="72" type="compact" timems="0.600" contextid="65" timestamp="2019-06-15T23:39:29.019">
  <compact-info movecount="51" movebytes="1224" />
  <remembered-set-cleared processed="849" cleared="49" durationms="0.062" />
</gc-op>
<gc-end id="73" type="partial gc" contextid="65" durationms="4.502" usertimems="0.000" systemtimems="4.000" timestamp="2019-06-15T23:39:29.020" activeThreads="1">
  <mem-info id="74" free="5242880" total="11534336" percent="45">
    <mem type="eden" free="1659480" total="2097152" percent="79" />
    <remembered-set count="1504" freebytes="454400" totalbytes="460416" percent="98" regionsoverflowed="0" regionsstable="1" regionsrebuilding="0"/>
  </mem-info>
</gc-end>
<cycle-end id="75" type="partial gc" contextid="65" timestamp="2019-06-15T23:39:29.020" />
  <attribute name="elasticGC enabled" value="1" />
  <attribute name= "numThreadsSpecified" value="1" />
  <attribute name="heapSize specified" value="0" />
  <attribute name="Current GC Util" value="23" />
  <attribute name= "Current Time Running" value="836" />
  <attribute name ="GC Interval" value="0" />
  <attribute name="ProportionalT" value="4.500000" />
  <attribute name="ProportionalI" value="4.500000" />
  <attribute name="ProportionalH" value="4.500000" />
  <attribute name="Current Error" value="3.000000" />
  <attribute name="IntegralT" value="0.000000" />
  <attribute name="IntegralI" value="0.000000" />
  <attribute name="IntegralH" value="0.000000" />
  <attribute name="DerivativeT" value="inf" />
  <attribute name="DerivativeI" value="inf" />
  <attribute name="DerivativeH" value="inf" />
  <attribute name="Loop Time for DT" value="0.000000" />
  <attribute name="Output H" value="8388608"/>
  <attribute name="Output I" value="200"/>
  <attribute name="Output T" value="1"/>
  <attribute name="Target GC Util Change" value ="20.000000" />
  <attribute name="Current GC Util Change" value="23.000000"/>
  <attribute name="GC Util currently" value="23" />
  <attribute name="CPU Util currently" value="6052311725526" />
<exclusive-end id="76" timestamp="2019-06-15T23:39:29.020" durationms="5.262" />

<exclusive-start id="77" timestamp="2019-06-15T23:39:29.049" intervalms="34.332">
  <response-info timems="0.032" idlems="0.032" threads="0" lastid="0000000001896500" lastname="Thread-7" />
</exclusive-start>
<allocation-taxation id="78" taxation-threshold="5242880" timestamp="2019-06-15T23:39:29.049" intervalms="34.394" />
<cycle-start id="79" type="partial gc" contextid="0" timestamp="2019-06-15T23:39:29.049" intervalms="34.434" />
<gc-start id="80" type="partial gc" contextid="79" timestamp="2019-06-15T23:39:29.050">
  <mem-info id="81" free="0" total="11534336" percent="0">
    <mem type="eden" free="1047352" total="6291456" percent="16" />
    <remembered-set count="1056" freebytes="456192" totalbytes="460416" percent="99" regionsoverflowed="0" regionsstable="1" regionsrebuilding="0"/>
  </mem-info>
</gc-start>
<allocation-stats totalBytes="5242232" >
  <allocated-bytes non-tlh="0" tlh="5242232" arrayletleaf="0"/>
  <largest-consumer threadName="Thread-7" threadId="0000000001896500" bytes="5242232" />
</allocation-stats>
<gc-op id="82" type="mark" timems="0.883" contextid="79" timestamp="2019-06-15T23:39:29.051">
  <trace-info objectcount="6204" scancount="6125" scanbytes="287516" />
  <cardclean-info objects="39" bytes="2740" />
  <remembered-set-cleared processed="465" cleared="100" durationms="0.063" />
  <stringconstants candidates="4596" cleared="0"  />
  <warning details="Mark invoked due to insufficient free space for Copy-Forward" />
</gc-op>
<gc-op id="83" type="classunload" timems="0.003" contextid="79" timestamp="2019-06-15T23:39:29.051">
  <classunload-info classloadercandidates="8" classloadersunloaded="0" classesunloaded="0" anonymousclassesunloaded="0" quiescems="0.000" setupms="0.002" scanms="0.000" postms="0.000" />
</gc-op>
<gc-op id="84" type="sweep" timems="0.462" contextid="79" timestamp="2019-06-15T23:39:29.052" />
<gc-op id="85" type="compact" timems="1.288" contextid="79" timestamp="2019-06-15T23:39:29.053">
  <compact-info movecount="6153" movebytes="445704" />
  <remembered-set-cleared processed="970" cleared="240" durationms="0.063" />
</gc-op>
<gc-end id="86" type="partial gc" contextid="79" durationms="4.130" usertimems="4.000" systemtimems="0.000" timestamp="2019-06-15T23:39:29.054" activeThreads="1">
  <mem-info id="87" free="5242880" total="11534336" percent="45">
    <mem type="eden" free="1650224" total="2097152" percent="78" />
    <remembered-set count="1408" freebytes="454784" totalbytes="460416" percent="98" regionsoverflowed="0" regionsstable="1" regionsrebuilding="0"/>
  </mem-info>
</gc-end>
<cycle-end id="88" type="partial gc" contextid="79" timestamp="2019-06-15T23:39:29.054" />
  <attribute name="elasticGC enabled" value="1" />
  <attribute name= "numThreadsSpecified" value="1" />
  <attribute name="heapSize specified" value="0" />
  <attribute name="Current GC Util" value="19" />
  <attribute name= "Current Time Running" value="870" />
  <attribute name ="GC Interval" value="0" />
  <attribute name="ProportionalT" value="-1.500000" />
  <attribute name="ProportionalI" value="-1.500000" />
  <attribute name="ProportionalH" value="-1.500000" />
  <attribute name="Current Error" value="-1.000000" />
  <attribute name="IntegralT" value="-1.000000" />
  <attribute name="IntegralI" value="-1.000000" />
  <attribute name="IntegralH" value="-1.000000" />
  <attribute name="DerivativeT" value="-1.000000" />
  <attribute name="DerivativeI" value="-1.000000" />
  <attribute name="DerivativeH" value="-1.000000" />
  <attribute name="Loop Time for DT" value="1.000000" />
  <attribute name="Output H" value="8388608"/>
  <attribute name="Output I" value="200"/>
  <attribute name="Output T" value="1"/>
  <attribute name="Target GC Util Change" value ="20.000000" />
  <attribute name="Current GC Util Change" value="19.000000"/>
  <attribute name="GC Util currently" value="19" />
  <attribute name="CPU Util currently" value="6280820290809" />
<exclusive-end id="89" timestamp="2019-06-15T23:39:29.054" durationms="5.146" />

<exclusive-start id="90" timestamp="2019-06-15T23:39:29.061" intervalms="11.834">
  <response-info timems="0.068" idlems="0.068" threads="0" lastid="0000000001896500" lastname="Thread-7" />
</exclusive-start>
<allocation-taxation id="91" taxation-threshold="2097152" timestamp="2019-06-15T23:39:29.061" intervalms="11.773" />
<cycle-start id="92" type="global mark phase" contextid="0" timestamp="2019-06-15T23:39:29.061" intervalms="154.144" />
<gc-start id="93" type="global mark phase" contextid="92" timestamp="2019-06-15T23:39:29.061">
  <mem-info id="94" free="3145728" total="11534336" percent="27">
    <remembered-set count="1152" freebytes="455808" totalbytes="460416" percent="98" regionsoverflowed="0" regionsstable="1" regionsrebuilding="0"/>
  </mem-info>
</gc-start>
<gc-op id="95" type="mark increment" timems="0.425" contextid="92" timestamp="2019-06-15T23:39:29.062">
  <trace-info objectcount="137" scancount="0" scanbytes="0" />
</gc-op>
<gc-end id="96" type="global mark phase" contextid="92" durationms="0.720" usertimems="0.000" systemtimems="0.000" timestamp="2019-06-15T23:39:29.062" activeThreads="1">
  <mem-info id="97" free="3145728" total="11534336" percent="27">
    <remembered-set count="1152" freebytes="455808" totalbytes="460416" percent="98" regionsoverflowed="0" regionsstable="0" regionsrebuilding="1"/>
  </mem-info>
</gc-end>
<concurrent-start id="98" type="GMP work packet processing" contextid="92" timestamp="2019-06-15T23:39:29.062">
  <concurrent-mark-start scanTarget="18446744073709551615" />
</concurrent-start>
<exclusive-end id="99" timestamp="2019-06-15T23:39:29.062" durationms="1.335" />

<concurrent-end id="100" type="GMP work packet processing" contextid="92" timestamp="2019-06-15T23:39:29.064">
  <concurrent-mark-end bytesScanned="1458492" reasonForTermination="Completed all work in GC phase" />
</concurrent-end>

<exclusive-start id="101" timestamp="2019-06-15T23:39:29.071" intervalms="10.361">
  <response-info timems="0.118" idlems="0.118" threads="0" lastid="0000000001896500" lastname="Thread-7" />
</exclusive-start>
<allocation-taxation id="102" taxation-threshold="2097152" timestamp="2019-06-15T23:39:29.071" intervalms="10.346" />
<cycle-start id="103" type="partial gc" contextid="0" timestamp="2019-06-15T23:39:29.071" intervalms="22.134" />
<gc-start id="104" type="partial gc" contextid="103" timestamp="2019-06-15T23:39:29.072">
  <mem-info id="105" free="1048576" total="11534336" percent="9">
    <mem type="eden" free="1039248" total="5242880" percent="19" />
    <remembered-set count="3328" freebytes="447104" totalbytes="460416" percent="97" regionsoverflowed="0" regionsstable="0" regionsrebuilding="1"/>
  </mem-info>
</gc-start>
<allocation-stats totalBytes="4193856" >
  <allocated-bytes non-tlh="0" tlh="4193856" arrayletleaf="0"/>
  <largest-consumer threadName="Thread-7" threadId="0000000001896500" bytes="2096936" />
</allocation-stats>
<gc-op id="106" type="copy forward" timems="1.172" contextid="103" timestamp="2019-06-15T23:39:29.074">
  <memory-copied type="eden" objects="256" bytes="6536" bytesdiscarded="0" />
  <memory-copied type="other" objects="288" bytes="6912" bytesdiscarded="0" />
  <memory-cardclean objects="909" bytes="62456" />
  <regions eden="4" other="1" />
  <remembered-set-cleared processed="2547" cleared="85" durationms="0.072" />
  <stringconstants candidates="4596" cleared="0"  />
  <heap-resize type="expand" space="default" amount="1048576" count="1" timems="0.064" reason="continue current collection" />
</gc-op>
<gc-op id="107" type="classunload" timems="0.002" contextid="103" timestamp="2019-06-15T23:39:29.074">
  <classunload-info classloadercandidates="8" classloadersunloaded="0" classesunloaded="0" anonymousclassesunloaded="0" quiescems="0.000" setupms="0.002" scanms="0.000" postms="0.000" />
</gc-op>
<gc-op id="108" type="compact" timems="3.262" contextid="103" timestamp="2019-06-15T23:39:29.077">
  <compact-info movecount="0" movebytes="0" />
  <remembered-set-cleared processed="5271" cleared="85" durationms="0.261" />
</gc-op>
<heap-resize id="109" type="expand" space="default" amount="3145728" count="1" timems="0.073" reason="excessive time being spent in gc" timestamp="2019-06-15T23:39:29.078" />
<gc-end id="110" type="partial gc" contextid="103" durationms="6.158" usertimems="8.000" systemtimems="0.000" timestamp="2019-06-15T23:39:29.078" activeThreads="4">
  <mem-info id="111" free="8388608" total="15728640" percent="53">
    <mem type="eden" free="2083704" total="2097152" percent="99" />
    <remembered-set count="3872" freebytes="612352" totalbytes="627840" percent="97" regionsoverflowed="0" regionsstable="0" regionsrebuilding="1"/>
  </mem-info>
</gc-end>
<cycle-end id="112" type="partial gc" contextid="103" timestamp="2019-06-15T23:39:29.078" />
  <attribute name="elasticGC enabled" value="1" />
  <attribute name= "numThreadsSpecified" value="4" />
  <attribute name="heapSize specified" value="0" />
  <attribute name="Current GC Util" value="0" />
  <attribute name= "Current Time Running" value="892" />
  <attribute name ="GC Interval" value="0" />
  <attribute name="ProportionalT" value="-30.000000" />
  <attribute name="ProportionalI" value="-30.000000" />
  <attribute name="ProportionalH" value="-30.000000" />
  <attribute name="Current Error" value="-20.000000" />
  <attribute name="IntegralT" value="-40.000000" />
  <attribute name="IntegralI" value="-40.000000" />
  <attribute name="IntegralH" value="-40.000000" />
  <attribute name="DerivativeT" value="-57.500000" />
  <attribute name="DerivativeI" value="-57.500000" />
  <attribute name="DerivativeH" value="-57.500000" />
  <attribute name="Loop Time for DT" value="2.000000" />
  <attribute name="Output H" value="2091843584"/>
  <attribute name="Output I" value="200"/>
  <attribute name="Output T" value="4"/>
  <attribute name="Target GC Util Change" value ="20.000000" />
  <attribute name="Current GC Util Change" value="0.000000"/>
  <attribute name="GC Util currently" value="0" />
  <attribute name="CPU Util currently" value="3002964761943" />
<exclusive-end id="113" timestamp="2019-06-15T23:39:29.078" durationms="6.844" />

<exclusive-start id="114" timestamp="2019-06-15T23:39:29.092" intervalms="21.227">
  <response-info timems="0.076" idlems="0.076" threads="0" lastid="0000000001896500" lastname="Thread-7" />
</exclusive-start>
<allocation-taxation id="115" taxation-threshold="4194304" timestamp="2019-06-15T23:39:29.093" intervalms="21.255" />
<gc-start id="116" type="global mark phase" contextid="92" timestamp="2019-06-15T23:39:29.093">
  <mem-info id="117" free="4194304" total="15728640" percent="26">
    <remembered-set count="3872" freebytes="612352" totalbytes="627840" percent="97" regionsoverflowed="0" regionsstable="0" regionsrebuilding="1"/>
  </mem-info>
</gc-start>
<gc-op id="118" type="mark increment" timems="2.541" contextid="92" timestamp="2019-06-15T23:39:29.095">
  <trace-info objectcount="353" scancount="353" scanbytes="11524" />
  <cardclean-info objects="1372" bytes="82016" />
  <finalization candidates="124" enqueued="0" />
  <ownableSynchronizers candidates="3" cleared="0" />
  <references type="soft" candidates="149" cleared="0" enqueued="0" dynamicThreshold="17" maxThreshold="32" />
  <references type="weak" candidates="773" cleared="0" enqueued="0" />
  <references type="phantom" candidates="64" cleared="0" enqueued="0" />
  <stringconstants candidates="4596" cleared="0"  />
</gc-op>
<gc-op id="119" type="classunload" timems="0.003" contextid="92" timestamp="2019-06-15T23:39:29.095">
  <classunload-info classloadercandidates="8" classloadersunloaded="0" classesunloaded="0" anonymousclassesunloaded="0" quiescems="0.000" setupms="0.003" scanms="0.000" postms="0.000" />
</gc-op>
<gc-end id="120" type="global mark phase" contextid="92" durationms="2.999" usertimems="4.000" systemtimems="0.000" timestamp="2019-06-15T23:39:29.096" activeThreads="1">
  <mem-info id="121" free="4194304" total="15728640" percent="26">
    <remembered-set count="4384" freebytes="610304" totalbytes="627840" percent="97" regionsoverflowed="0" regionsstable="0" regionsrebuilding="0"/>
  </mem-info>
</gc-end>
<cycle-end id="122" type="global mark phase" contextid="92" timestamp="2019-06-15T23:39:29.096" />
  <attribute name="elasticGC enabled" value="1" />
  <attribute name= "numThreadsSpecified" value="1" />
  <attribute name="heapSize specified" value="0" />
  <attribute name="Current GC Util" value="126" />
  <attribute name= "Current Time Running" value="912" />
  <attribute name ="GC Interval" value="0" />
  <attribute name="ProportionalT" value="159.000000" />
  <attribute name="ProportionalI" value="159.000000" />
  <attribute name="ProportionalH" value="159.000000" />
  <attribute name="Current Error" value="106.000000" />
  <attribute name="IntegralT" value="0.000000" />
  <attribute name="IntegralI" value="0.000000" />
  <attribute name="IntegralH" value="0.000000" />
  <attribute name="DerivativeT" value="inf" />
  <attribute name="DerivativeI" value="inf" />
  <attribute name="DerivativeH" value="inf" />
  <attribute name="Loop Time for DT" value="0.000000" />
  <attribute name="Output H" value="8388608"/>
  <attribute name="Output I" value="200"/>
  <attribute name="Output T" value="1"/>
  <attribute name="Target GC Util Change" value ="20.000000" />
  <attribute name="Current GC Util Change" value="126.000000"/>
  <attribute name="GC Util currently" value="126" />
  <attribute name="CPU Util currently" value="5605734012541" />
<exclusive-end id="123" timestamp="2019-06-15T23:39:29.096" durationms="3.500" />

<exclusive-start id="124" timestamp="2019-06-15T23:39:29.111" intervalms="18.128">
  <response-info timems="0.066" idlems="0.066" threads="0" lastid="0000000001896500" lastname="Thread-7" />
</exclusive-start>
<allocation-taxation id="125" taxation-threshold="4194304" timestamp="2019-06-15T23:39:29.111" intervalms="18.134" />
<cycle-start id="126" type="partial gc" contextid="0" timestamp="2019-06-15T23:39:29.111" intervalms="39.388" />
<gc-start id="127" type="partial gc" contextid="126" timestamp="2019-06-15T23:39:29.111">
  <mem-info id="128" free="0" total="15728640" percent="0">
    <mem type="eden" free="0" total="8388608" percent="0" />
    <remembered-set count="3904" freebytes="612224" totalbytes="627840" percent="97" regionsoverflowed="0" regionsstable="0" regionsrebuilding="0"/>
  </mem-info>
</gc-start>
<allocation-stats totalBytes="8387304" >
  <allocated-bytes non-tlh="0" tlh="8387304" arrayletleaf="0"/>
  <largest-consumer threadName="Thread-7" threadId="0000000001896500" bytes="4193760" />
</allocation-stats>
<gc-op id="129" type="sweep" timems="0.386" contextid="126" timestamp="2019-06-15T23:39:29.112" />
<gc-op id="130" type="mark" timems="1.178" contextid="126" timestamp="2019-06-15T23:39:29.113">
  <trace-info objectcount="614" scancount="614" scanbytes="17532" />
  <cardclean-info objects="1237" bytes="75536" />
  <remembered-set-cleared processed="2704" cleared="146" durationms="0.074" />
  <stringconstants candidates="4596" cleared="0"  />
  <warning details="Mark invoked due to insufficient free space for Copy-Forward" />
</gc-op>
<gc-op id="131" type="classunload" timems="0.002" contextid="126" timestamp="2019-06-15T23:39:29.113">
  <classunload-info classloadercandidates="8" classloadersunloaded="0" classesunloaded="0" anonymousclassesunloaded="0" quiescems="0.000" setupms="0.002" scanms="0.000" postms="0.000" />
</gc-op>
<gc-op id="132" type="sweep" timems="0.311" contextid="126" timestamp="2019-06-15T23:39:29.114" />
<gc-op id="133" type="compact" timems="1.102" contextid="126" timestamp="2019-06-15T23:39:29.115">
  <compact-info movecount="614" movebytes="14872" />
  <remembered-set-cleared processed="5446" cleared="325" durationms="0.074" />
</gc-op>
<heap-resize id="134" type="expand" space="default" amount="3145728" count="1" timems="0.075" reason="excessive time being spent in gc" timestamp="2019-06-15T23:39:29.116" />
<gc-end id="135" type="partial gc" contextid="126" durationms="4.757" usertimems="8.000" systemtimems="0.000" timestamp="2019-06-15T23:39:29.116" activeThreads="4">
  <mem-info id="136" free="10485760" total="18874368" percent="55">
    <mem type="eden" free="1038024" total="1048576" percent="98" />
    <remembered-set count="3840" freebytes="738048" totalbytes="753408" percent="97" regionsoverflowed="0" regionsstable="0" regionsrebuilding="0"/>
  </mem-info>
</gc-end>
<cycle-end id="137" type="partial gc" contextid="126" timestamp="2019-06-15T23:39:29.116" />
  <attribute name="elasticGC enabled" value="1" />
  <attribute name= "numThreadsSpecified" value="4" />
  <attribute name="heapSize specified" value="0" />
  <attribute name="Current GC Util" value="23" />
  <attribute name= "Current Time Running" value="932" />
  <attribute name ="GC Interval" value="0" />
  <attribute name="ProportionalT" value="4.500000" />
  <attribute name="ProportionalI" value="4.500000" />
  <attribute name="ProportionalH" value="4.500000" />
  <attribute name="Current Error" value="3.000000" />
  <attribute name="IntegralT" value="3.000000" />
  <attribute name="IntegralI" value="3.000000" />
  <attribute name="IntegralH" value="3.000000" />
  <attribute name="DerivativeT" value="-43.000000" />
  <attribute name="DerivativeI" value="-43.000000" />
  <attribute name="DerivativeH" value="-43.000000" />
  <attribute name="Loop Time for DT" value="1.000000" />
  <attribute name="Output H" value="2091843584"/>
  <attribute name="Output I" value="200"/>
  <attribute name="Output T" value="4"/>
  <attribute name="Target GC Util Change" value ="20.000000" />
  <attribute name="Current GC Util Change" value="23.000000"/>
  <attribute name="GC Util currently" value="23" />
  <attribute name="CPU Util currently" value="8457882885977" />
<exclusive-end id="138" timestamp="2019-06-15T23:39:29.116" durationms="5.530" />

<exclusive-start id="139" timestamp="2019-06-15T23:39:29.132" intervalms="21.499">
  <response-info timems="0.071" idlems="0.071" threads="0" lastid="0000000001896500" lastname="Thread-7" />
</exclusive-start>
<allocation-taxation id="140" taxation-threshold="5242880" timestamp="2019-06-15T23:39:29.132" intervalms="21.468" />
<cycle-start id="141" type="global mark phase" contextid="0" timestamp="2019-06-15T23:39:29.132" intervalms="71.175" />
<gc-start id="142" type="global mark phase" contextid="141" timestamp="2019-06-15T23:39:29.132">
  <mem-info id="143" free="5242880" total="18874368" percent="27">
    <remembered-set count="3840" freebytes="738048" totalbytes="753408" percent="97" regionsoverflowed="0" regionsstable="0" regionsrebuilding="0"/>
  </mem-info>
</gc-start>
<gc-op id="144" type="mark increment" timems="0.373" contextid="141" timestamp="2019-06-15T23:39:29.133">
  <trace-info objectcount="137" scancount="0" scanbytes="0" />
</gc-op>
<gc-end id="145" type="global mark phase" contextid="141" durationms="0.616" usertimems="0.000" systemtimems="0.000" timestamp="2019-06-15T23:39:29.133" activeThreads="1">
  <mem-info id="146" free="5242880" total="18874368" percent="27">
    <remembered-set count="3840" freebytes="738048" totalbytes="753408" percent="97" regionsoverflowed="0" regionsstable="0" regionsrebuilding="0"/>
  </mem-info>
</gc-end>
<concurrent-start id="147" type="GMP work packet processing" contextid="141" timestamp="2019-06-15T23:39:29.133">
  <concurrent-mark-start scanTarget="18446744073709551615" />
</concurrent-start>
<exclusive-end id="148" timestamp="2019-06-15T23:39:29.133" durationms="1.133" />

<concurrent-end id="149" type="GMP work packet processing" contextid="141" timestamp="2019-06-15T23:39:29.135">
  <concurrent-mark-end bytesScanned="1476876" reasonForTermination="Completed all work in GC phase" />
</concurrent-end>

<exclusive-start id="150" timestamp="2019-06-15T23:39:29.154" intervalms="21.504">
  <response-info timems="0.062" idlems="0.062" threads="0" lastid="0000000001896500" lastname="Thread-7" />
</exclusive-start>
<allocation-taxation id="151" taxation-threshold="5242880" timestamp="2019-06-15T23:39:29.154" intervalms="21.506" />
<cycle-start id="152" type="partial gc" contextid="0" timestamp="2019-06-15T23:39:29.154" intervalms="42.945" />
<gc-start id="153" type="partial gc" contextid="152" timestamp="2019-06-15T23:39:29.154">
  <mem-info id="154" free="0" total="18874368" percent="0">
    <mem type="eden" free="0" total="10485760" percent="0" />
    <remembered-set count="3840" freebytes="738048" totalbytes="753408" percent="97" regionsoverflowed="0" regionsstable="0" regionsrebuilding="0"/>
  </mem-info>
</gc-start>
<allocation-stats totalBytes="10484616" >
  <allocated-bytes non-tlh="0" tlh="10484616" arrayletleaf="0"/>
  <largest-consumer threadName="Thread-7" threadId="0000000001896500" bytes="5242344" />
</allocation-stats>
<gc-op id="155" type="mark" timems="4.401" contextid="152" timestamp="2019-06-15T23:39:29.159">
  <trace-info objectcount="1065" scancount="1065" scanbytes="28612" />
  <cardclean-info objects="1686" bytes="97168" />
  <remembered-set-cleared processed="2814" cleared="192" durationms="0.276" />
  <stringconstants candidates="4596" cleared="0"  />
  <warning details="Mark invoked due to insufficient free space for Copy-Forward" />
</gc-op>
<gc-op id="156" type="classunload" timems="0.002" contextid="152" timestamp="2019-06-15T23:39:29.159">
  <classunload-info classloadercandidates="8" classloadersunloaded="0" classesunloaded="0" anonymousclassesunloaded="0" quiescems="0.000" setupms="0.002" scanms="0.000" postms="0.000" />
</gc-op>
<gc-op id="157" type="sweep" timems="1.561" contextid="152" timestamp="2019-06-15T23:39:29.161" />
<gc-op id="158" type="compact" timems="2.170" contextid="152" timestamp="2019-06-15T23:39:29.164">
  <compact-info movecount="802" movebytes="19640" />
  <remembered-set-cleared processed="5621" cleared="646" durationms="0.276" />
</gc-op>
<heap-resize id="159" type="expand" space="default" amount="4194304" count="1" timems="0.081" reason="excessive time being spent in gc" timestamp="2019-06-15T23:39:29.164" />
<gc-end id="160" type="partial gc" contextid="152" durationms="10.131" usertimems="12.000" systemtimems="0.000" timestamp="2019-06-15T23:39:29.164" activeThreads="4">
  <mem-info id="161" free="13631488" total="23068672" percent="59">
    <mem type="eden" free="1032728" total="1048576" percent="98" />
    <remembered-set count="4320" freebytes="903552" totalbytes="920832" percent="98" regionsoverflowed="0" regionsstable="0" regionsrebuilding="0"/>
  </mem-info>
</gc-end>
<cycle-end id="162" type="partial gc" contextid="152" timestamp="2019-06-15T23:39:29.164" />
  <attribute name="elasticGC enabled" value="1" />
  <attribute name= "numThreadsSpecified" value="4" />
  <attribute name="heapSize specified" value="0" />
  <attribute name="Current GC Util" value="95" />
  <attribute name= "Current Time Running" value="979" />
  <attribute name ="GC Interval" value="0" />
  <attribute name="ProportionalT" value="112.500000" />
  <attribute name="ProportionalI" value="112.500000" />
  <attribute name="ProportionalH" value="112.500000" />
  <attribute name="Current Error" value="75.000000" />
  <attribute name="IntegralT" value="150.000000" />
  <attribute name="IntegralI" value="150.000000" />
  <attribute name="IntegralH" value="150.000000" />
  <attribute name="DerivativeT" value="-12.500000" />
  <attribute name="DerivativeI" value="-12.500000" />
  <attribute name="DerivativeH" value="-12.500000" />
  <attribute name="Loop Time for DT" value="2.000000" />
  <attribute name="Output H" value="8388608"/>
  <attribute name="Output I" value="256"/>
  <attribute name="Output T" value="4"/>
  <attribute name="Target GC Util Change" value ="20.000000" />
  <attribute name="Current GC Util Change" value="95.000000"/>
  <attribute name="GC Util currently" value="95" />
  <attribute name="CPU Util currently" value="2534772229751" />
<exclusive-end id="163" timestamp="2019-06-15T23:39:29.164" durationms="10.878" />

<exclusive-start id="164" timestamp="2019-06-15T23:39:29.188" intervalms="34.930">
  <response-info timems="0.055" idlems="0.055" threads="0" lastid="0000000001896500" lastname="Thread-7" />
</exclusive-start>
<allocation-taxation id="165" taxation-threshold="6291456" timestamp="2019-06-15T23:39:29.189" intervalms="34.931" />
<gc-start id="166" type="global mark phase" contextid="141" timestamp="2019-06-15T23:39:29.189">
  <mem-info id="167" free="7340032" total="23068672" percent="31">
    <remembered-set count="4320" freebytes="903552" totalbytes="920832" percent="98" regionsoverflowed="0" regionsstable="0" regionsrebuilding="0"/>
  </mem-info>
</gc-start>
<gc-op id="168" type="mark increment" timems="3.333" contextid="141" timestamp="2019-06-15T23:39:29.192">
  <trace-info objectcount="4802" scancount="3565" scanbytes="96368" />
  <cardclean-info objects="3338" bytes="139680" />
  <finalization candidates="124" enqueued="0" />
  <ownableSynchronizers candidates="3" cleared="0" />
  <references type="soft" candidates="149" cleared="0" enqueued="0" dynamicThreshold="18" maxThreshold="32" />
  <references type="weak" candidates="773" cleared="0" enqueued="0" />
  <references type="phantom" candidates="64" cleared="0" enqueued="0" />
  <stringconstants candidates="4596" cleared="0"  />
</gc-op>
<gc-op id="169" type="classunload" timems="0.004" contextid="141" timestamp="2019-06-15T23:39:29.192">
  <classunload-info classloadercandidates="8" classloadersunloaded="0" classesunloaded="0" anonymousclassesunloaded="0" quiescems="0.000" setupms="0.004" scanms="0.000" postms="0.000" />
</gc-op>
<gc-end id="170" type="global mark phase" contextid="141" durationms="3.647" usertimems="4.000" systemtimems="0.000" timestamp="2019-06-15T23:39:29.192" activeThreads="4">
  <mem-info id="171" free="7340032" total="23068672" percent="31">
    <remembered-set count="4320" freebytes="903552" totalbytes="920832" percent="98" regionsoverflowed="0" regionsstable="0" regionsrebuilding="0"/>
  </mem-info>
</gc-end>
<cycle-end id="172" type="global mark phase" contextid="141" timestamp="2019-06-15T23:39:29.192" />
  <attribute name="elasticGC enabled" value="1" />
  <attribute name= "numThreadsSpecified" value="4" />
  <attribute name="heapSize specified" value="0" />
  <attribute name="Current GC Util" value="116" />
  <attribute name= "Current Time Running" value="1009" />
  <attribute name ="GC Interval" value="0" />
  <attribute name="ProportionalT" value="144.000000" />
  <attribute name="ProportionalI" value="144.000000" />
  <attribute name="ProportionalH" value="144.000000" />
  <attribute name="Current Error" value="96.000000" />
  <attribute name="IntegralT" value="96.000000" />
  <attribute name="IntegralI" value="96.000000" />
  <attribute name="IntegralH" value="96.000000" />
  <attribute name="DerivativeT" value="6.000000" />
  <attribute name="DerivativeI" value="6.000000" />
  <attribute name="DerivativeH" value="6.000000" />
  <attribute name="Loop Time for DT" value="1.000000" />
  <attribute name="Output H" value="8388608"/>
  <attribute name="Output I" value="248"/>
  <attribute name="Output T" value="4"/>
  <attribute name="Target GC Util Change" value ="20.000000" />
  <attribute name="Current GC Util Change" value="116.000000"/>
  <attribute name="GC Util currently" value="116" />
  <attribute name="CPU Util currently" value="4919556800838" />
<exclusive-end id="173" timestamp="2019-06-15T23:39:29.192" durationms="4.001" />

<exclusive-start id="174" timestamp="2019-06-15T23:39:29.218" intervalms="29.378">
  <response-info timems="0.053" idlems="0.053" threads="0" lastid="0000000001896500" lastname="Thread-7" />
</exclusive-start>
<allocation-taxation id="175" taxation-threshold="6291456" timestamp="2019-06-15T23:39:29.218" intervalms="29.386" />
<cycle-start id="176" type="partial gc" contextid="0" timestamp="2019-06-15T23:39:29.218" intervalms="64.295" />
<gc-start id="177" type="partial gc" contextid="176" timestamp="2019-06-15T23:39:29.218">
  <mem-info id="178" free="1048576" total="23068672" percent="4">
    <mem type="eden" free="0" total="12582912" percent="0" />
    <remembered-set count="4320" freebytes="903552" totalbytes="920832" percent="98" regionsoverflowed="0" regionsstable="0" regionsrebuilding="0"/>
  </mem-info>
</gc-start>
<allocation-stats totalBytes="12581480" >
  <allocated-bytes non-tlh="0" tlh="12581480" arrayletleaf="0"/>
  <largest-consumer threadName="Thread-7" threadId="0000000001896500" bytes="6286680" />
</allocation-stats>
<gc-op id="179" type="sweep" timems="0.401" contextid="176" timestamp="2019-06-15T23:39:29.219" />
<gc-op id="180" type="copy forward" timems="1.005" contextid="176" timestamp="2019-06-15T23:39:29.221">
  <memory-copied type="eden" objects="422" bytes="10472" bytesdiscarded="0" />
  <memory-copied type="other" objects="930" bytes="22320" bytesdiscarded="0" />
  <memory-cardclean objects="2119" bytes="120896" />
  <memory-traced type="eden" objects="62" bytes="1496" />
  <memory-traced type="other" objects="0" bytes="0" />
  <regions eden="6" other="7" evacuated="12" marked="1" />
  <remembered-set-cleared processed="2897" cleared="219" durationms="0.088" />
  <stringconstants candidates="4596" cleared="0"  />
  <heap-resize type="expand" space="default" amount="1048576" count="1" timems="0.063" reason="continue current collection" />
</gc-op>
<gc-op id="181" type="classunload" timems="0.003" contextid="176" timestamp="2019-06-15T23:39:29.221">
  <classunload-info classloadercandidates="8" classloadersunloaded="0" classesunloaded="0" anonymousclassesunloaded="0" quiescems="0.000" setupms="0.003" scanms="0.000" postms="0.000" />
</gc-op>
<gc-op id="182" type="sweep" timems="1.537" contextid="176" timestamp="2019-06-15T23:39:29.222" />
<gc-op id="183" type="compact" timems="2.627" contextid="176" timestamp="2019-06-15T23:39:29.225">
  <compact-info movecount="63" movebytes="1536" />
  <remembered-set-cleared processed="6114" cleared="260" durationms="0.088" />
</gc-op>
<heap-resize id="184" type="expand" space="default" amount="4194304" count="1" timems="0.076" reason="excessive time being spent in gc" timestamp="2019-06-15T23:39:29.226" />
<gc-end id="185" type="partial gc" contextid="176" durationms="7.509" usertimems="4.000" systemtimems="4.000" timestamp="2019-06-15T23:39:29.226" activeThreads="4">
  <mem-info id="186" free="16777216" total="28311552" percent="59">
    <mem type="eden" free="2076456" total="2097152" percent="99" />
    <remembered-set count="4224" freebytes="1113216" totalbytes="1130112" percent="98" regionsoverflowed="0" regionsstable="0" regionsrebuilding="0"/>
  </mem-info>
</gc-end>
<cycle-end id="187" type="partial gc" contextid="176" timestamp="2019-06-15T23:39:29.226" />
  <attribute name="elasticGC enabled" value="1" />
  <attribute name= "numThreadsSpecified" value="4" />
  <attribute name="heapSize specified" value="0" />
  <attribute name="Current GC Util" value="99" />
  <attribute name= "Current Time Running" value="1040" />
  <attribute name ="GC Interval" value="0" />
  <attribute name="ProportionalT" value="118.500000" />
  <attribute name="ProportionalI" value="118.500000" />
  <attribute name="ProportionalH" value="118.500000" />
  <attribute name="Current Error" value="79.000000" />
  <attribute name="IntegralT" value="79.000000" />
  <attribute name="IntegralI" value="79.000000" />
  <attribute name="IntegralH" value="79.000000" />
  <attribute name="DerivativeT" value="79.000000" />
  <attribute name="DerivativeI" value="79.000000" />
  <attribute name="DerivativeH" value="79.000000" />
  <attribute name="Loop Time for DT" value="1.000000" />
  <attribute name="Output H" value="8388608"/>
  <attribute name="Output I" value="280"/>
  <attribute name="Output T" value="4"/>
  <attribute name="Target GC Util Change" value ="20.000000" />
  <attribute name="Current GC Util Change" value="99.000000"/>
  <attribute name="GC Util currently" value="99" />
  <attribute name="CPU Util currently" value="2612625310074" />
<exclusive-end id="188" timestamp="2019-06-15T23:39:29.226" durationms="8.264" />

<exclusive-start id="189" timestamp="2019-06-15T23:39:29.275" intervalms="57.040">
  <response-info timems="0.056" idlems="0.056" threads="0" lastid="0000000001896500" lastname="Thread-7" />
</exclusive-start>
<allocation-taxation id="190" taxation-threshold="13631488" timestamp="2019-06-15T23:39:29.275" intervalms="57.095" />
<cycle-start id="191" type="partial gc" contextid="0" timestamp="2019-06-15T23:39:29.275" intervalms="57.124" />
<gc-start id="192" type="partial gc" contextid="191" timestamp="2019-06-15T23:39:29.275">
  <mem-info id="193" free="3145728" total="28311552" percent="11">
    <mem type="eden" free="0" total="13631488" percent="0" />
    <remembered-set count="4224" freebytes="1113216" totalbytes="1130112" percent="98" regionsoverflowed="0" regionsstable="0" regionsrebuilding="0"/>
  </mem-info>
</gc-start>
<allocation-stats totalBytes="13629664" >
  <allocated-bytes non-tlh="0" tlh="13629664" arrayletleaf="0"/>
  <largest-consumer threadName="Thread-7" threadId="0000000001896500" bytes="13629664" />
</allocation-stats>
<gc-op id="194" type="copy forward" timems="1.426" contextid="191" timestamp="2019-06-15T23:39:29.277">
  <memory-copied type="eden" objects="900" bytes="21992" bytesdiscarded="0" />
  <memory-copied type="other" objects="4397" bytes="196024" bytesdiscarded="0" />
  <memory-cardclean objects="4180" bytes="183288" />
  <regions eden="13" other="4" />
  <remembered-set-cleared processed="2973" cleared="497" durationms="0.092" />
  <references type="soft" candidates="2" cleared="0" enqueued="0" dynamicThreshold="18" maxThreshold="32" />
  <references type="weak" candidates="3" cleared="0" enqueued="0" />
  <stringconstants candidates="4596" cleared="0"  />
  <heap-resize type="expand" space="default" amount="1048576" count="1" timems="0.064" reason="continue current collection" />
</gc-op>
<gc-op id="195" type="classunload" timems="0.003" contextid="191" timestamp="2019-06-15T23:39:29.278">
  <classunload-info classloadercandidates="8" classloadersunloaded="0" classesunloaded="0" anonymousclassesunloaded="0" quiescems="0.000" setupms="0.002" scanms="0.000" postms="0.000" />
</gc-op>
<gc-end id="196" type="partial gc" contextid="191" durationms="2.466" usertimems="0.000" systemtimems="0.000" timestamp="2019-06-15T23:39:29.278" activeThreads="1">
  <mem-info id="197" free="17825792" total="29360128" percent="60">
    <mem type="eden" free="1026584" total="1048576" percent="97" />
    <remembered-set count="4384" freebytes="1154432" totalbytes="1171968" percent="98" regionsoverflowed="0" regionsstable="0" regionsrebuilding="0"/>
  </mem-info>
</gc-end>
<cycle-end id="198" type="partial gc" contextid="191" timestamp="2019-06-15T23:39:29.278" />
  <attribute name="elasticGC enabled" value="1" />
  <attribute name= "numThreadsSpecified" value="1" />
  <attribute name="heapSize specified" value="0" />
  <attribute name="Current GC Util" value="45" />
  <attribute name= "Current Time Running" value="1094" />
  <attribute name ="GC Interval" value="0" />
  <attribute name="ProportionalT" value="37.500000" />
  <attribute name="ProportionalI" value="37.500000" />
  <attribute name="ProportionalH" value="37.500000" />
  <attribute name="Current Error" value="25.000000" />
  <attribute name="IntegralT" value="0.000000" />
  <attribute name="IntegralI" value="0.000000" />
  <attribute name="IntegralH" value="0.000000" />
  <attribute name="DerivativeT" value="inf" />
  <attribute name="DerivativeI" value="inf" />
  <attribute name="DerivativeH" value="inf" />
  <attribute name="Loop Time for DT" value="0.000000" />
  <attribute name="Output H" value="8388608"/>
  <attribute name="Output I" value="200"/>
  <attribute name="Output T" value="1"/>
  <attribute name="Target GC Util Change" value ="20.000000" />
  <attribute name="Current GC Util Change" value="45.000000"/>
  <attribute name="GC Util currently" value="45" />
  <attribute name="CPU Util currently" value="21697763342822" />
<exclusive-end id="199" timestamp="2019-06-15T23:39:29.278" durationms="3.414" />

<exclusive-start id="200" timestamp="2019-06-15T23:39:29.321" intervalms="46.501">
  <response-info timems="0.049" idlems="0.049" threads="0" lastid="0000000001896500" lastname="Thread-7" />
</exclusive-start>
<allocation-taxation id="201" taxation-threshold="13631488" timestamp="2019-06-15T23:39:29.322" intervalms="46.517" />
<cycle-start id="202" type="partial gc" contextid="0" timestamp="2019-06-15T23:39:29.322" intervalms="46.527" />
<gc-start id="203" type="partial gc" contextid="202" timestamp="2019-06-15T23:39:29.322">
  <mem-info id="204" free="4194304" total="29360128" percent="14">
    <mem type="eden" free="0" total="13631488" percent="0" />
    <remembered-set count="4320" freebytes="1154688" totalbytes="1171968" percent="98" regionsoverflowed="0" regionsstable="0" regionsrebuilding="0"/>
  </mem-info>
</gc-start>
<allocation-stats totalBytes="13629768" >
  <allocated-bytes non-tlh="0" tlh="13629768" arrayletleaf="0"/>
  <largest-consumer threadName="Thread-7" threadId="0000000001896500" bytes="13629768" />
</allocation-stats>
<gc-op id="205" type="copy forward" timems="1.638" contextid="202" timestamp="2019-06-15T23:39:29.324">
  <memory-copied type="eden" objects="810" bytes="20072" bytesdiscarded="0" />
  <memory-copied type="other" objects="821" bytes="19704" bytesdiscarded="0" />
  <memory-cardclean objects="2246" bytes="126632" />
  <regions eden="13" other="1" />
  <remembered-set-cleared processed="3318" cleared="203" durationms="0.093" />
  <stringconstants candidates="4596" cleared="0"  />
</gc-op>
<gc-op id="206" type="classunload" timems="0.015" contextid="202" timestamp="2019-06-15T23:39:29.325">
  <classunload-info classloadercandidates="8" classloadersunloaded="0" classesunloaded="0" anonymousclassesunloaded="0" quiescems="0.000" setupms="0.015" scanms="0.000" postms="0.000" />
</gc-op>
<gc-end id="207" type="partial gc" contextid="202" durationms="2.832" usertimems="4.000" systemtimems="0.000" timestamp="2019-06-15T23:39:29.325" activeThreads="4">
  <mem-info id="208" free="16777216" total="29360128" percent="57">
    <mem type="eden" free="1028504" total="1048576" percent="98" />
    <remembered-set count="4544" freebytes="1153792" totalbytes="1171968" percent="98" regionsoverflowed="0" regionsstable="0" regionsrebuilding="0"/>
  </mem-info>
</gc-end>
<cycle-end id="209" type="partial gc" contextid="202" timestamp="2019-06-15T23:39:29.325" />
  <attribute name="elasticGC enabled" value="1" />
  <attribute name= "numThreadsSpecified" value="4" />
  <attribute name="heapSize specified" value="0" />
  <attribute name="Current GC Util" value="52" />
  <attribute name= "Current Time Running" value="1141" />
  <attribute name ="GC Interval" value="0" />
  <attribute name="ProportionalT" value="48.000000" />
  <attribute name="ProportionalI" value="48.000000" />
  <attribute name="ProportionalH" value="48.000000" />
  <attribute name="Current Error" value="32.000000" />
  <attribute name="IntegralT" value="32.000000" />
  <attribute name="IntegralI" value="32.000000" />
  <attribute name="IntegralH" value="32.000000" />
  <attribute name="DerivativeT" value="32.000000" />
  <attribute name="DerivativeI" value="32.000000" />
  <attribute name="DerivativeH" value="32.000000" />
  <attribute name="Loop Time for DT" value="1.000000" />
  <attribute name="Output H" value="8388608"/>
  <attribute name="Output I" value="200"/>
  <attribute name="Output T" value="4"/>
  <attribute name="Target GC Util Change" value ="20.000000" />
  <attribute name="Current GC Util Change" value="52.000000"/>
  <attribute name="GC Util currently" value="52" />
  <attribute name="CPU Util currently" value="17710891927580" />
<exclusive-end id="210" timestamp="2019-06-15T23:39:29.325" durationms="3.890" />

</verbosegc>

