<?xml version="1.0" ?>

<verbosegc xmlns="http://www.ibm.com/j9/verbosegc" version="25b0271_CMPRSS">

<initialized id="1" timestamp="2019-07-02T20:08:29.329">
  <attribute name="gcPolicy" value="-Xgcpolicy:gencon" />
  <attribute name="GC Util" value="0" />
  <attribute name="CPU Util" value="0" />
  <attribute name="Time Running"value="0"/>
  <attribute name="Number of cores"value="0"/>
  <attribute name="maxHeapSize" value="0x7cbc0000" />
  <attribute name="initialHeapSize" value="0x800000" />
  <attribute name="compressedRefs" value="true" />
  <attribute name="compressedRefsDisplacement" value="0x0" />
  <attribute name="compressedRefsShift" value="0x0" />
  <attribute name="pageSize" value="0x1000" />
  <attribute name="pageType" value="not used" />
  <attribute name="requestedPageSize" value="0x1000" />
  <attribute name="requestedPageType" value="not used" />
  <attribute name="gcthreads" value="4" />
  <attribute name="gcthreads Concurrent Mark" value="1" />
  <attribute name="packetListSplit" value="4" />
  <attribute name="cacheListSplit" value="4" />
  <attribute name="splitFreeListSplitAmount" value="1" />
  <attribute name="numaNodes" value="0" />
  <system>
    <attribute name="physicalMemory" value="8370962432" />
    <attribute name="numCPUs" value="4" />
    <attribute name="architecture" value="amd64" />
    <attribute name="os" value="Linux" />
    <attribute name="osVersion" value="4.4.0-148-generic" />
  </system>
  <vmargs>
    <vmarg name="-Xoptionsfile=/vagrant/jdk/lib/options.default" />
    <vmarg name="-Xlockword:mode=default,noLockword=java/lang/String,noLockword=java/util/MapEntry,noLockword=java/util/HashMap$Entry,noLockword..." />
    <vmarg name="-Xjcl:jclse11_29" />
    <vmarg name="-Dcom.ibm.oti.vm.bootstrap.library.path=/vagrant/jdk/lib/compressedrefs:/vagrant/jdk/lib" />
    <vmarg name="-Dsun.boot.library.path=/vagrant/jdk/lib/compressedrefs:/vagrant/jdk/lib" />
    <vmarg name="-Djava.library.path=/vagrant/jdk/lib/compressedrefs:/vagrant/jdk/lib:/usr/lib64:/usr/lib" />
    <vmarg name="-Djava.home=/vagrant/jdk" />
    <vmarg name="-Duser.dir=/vagrant" />
    <vmarg name="-verbose:gc" />
    <vmarg name="-Xloggc:large-jdkF-verbose3pmd.txt" />
    <vmarg name="-Djava.class.path=dacapo-9.12-MR1-bach.jar" />
    <vmarg name="-Dsun.java.command=dacapo-9.12-MR1-bach.jar pmd --size=large" />
    <vmarg name="-Dsun.java.launcher=SUN_STANDARD" />
    <vmarg name="-Dsun.java.launcher.pid=18841" />
  </vmargs>
</initialized>

<exclusive-start id="2" timestamp="2019-07-02T20:08:29.462" intervalms="133.326">
  <response-info timems="0.017" idlems="0.017" threads="0" lastid="0000000001503700" lastname="main" />
</exclusive-start>
<af-start id="3" threadId="0000000001504088" totalBytesRequested="15632" timestamp="2019-07-02T20:08:29.462" intervalms="133.678" type="nursery" />
<cycle-start id="4" type="scavenge" contextid="0" timestamp="2019-07-02T20:08:29.463" intervalms="134.088" />
  <attribute name="GC Util" value="0" />
  <attribute name="CPU Util" value="88" />
  <attribute name="Time Running"value="0"/>
  <attribute name="Number of cores"value="4"/>
<gc-start id="5" type="scavenge" contextid="4" timestamp="2019-07-02T20:08:29.463">
  <mem-info id="6" free="6065704" total="8388608" percent="72">
    <mem type="nursery" free="0" total="2097152" percent="0">
      <mem type="allocate" free="0" total="1048576" percent="0" />
      <mem type="survivor" free="0" total="1048576" percent="0" />
    </mem>
    <mem type="tenure" free="6065704" total="6291456" percent="96">
      <mem type="soa" free="5751336" total="5977088" percent="96" />
      <mem type="loa" free="314368" total="314368" percent="100" />
    </mem>
    <remembered-set count="3122" />
  </mem-info>
</gc-start>
<allocation-stats totalBytes="1259392" >
  <allocated-bytes non-tlh="300120" tlh="959272" />
  <largest-consumer threadName="main" threadId="0000000001503700" bytes="1183696" />
</allocation-stats>
<gc-op id="7" type="scavenge" timems="1.682" contextid="4" timestamp="2019-07-02T20:08:29.465">
  <scavenger-info tenureage="2" tenuremask="fffc" tiltratio="50" />
  <memory-copied type="nursery" objects="10438" bytes="495624" bytesdiscarded="244824" />
  <finalization candidates="16" enqueued="0" />
  <references type="soft" candidates="62" cleared="0" enqueued="0" dynamicThreshold="32" maxThreshold="32" />
  <references type="weak" candidates="307" cleared="155" enqueued="117" />
  <references type="phantom" candidates="19" cleared="3" enqueued="3" />
</gc-op>
<gc-end id="8" type="scavenge" contextid="4" durationms="2.283" usertimems="0.000" systemtimems="4.000" timestamp="2019-07-02T20:08:29.465" activeThreads="4">
  <mem-info id="9" free="6371744" total="8388608" percent="75">
    <mem type="nursery" free="306040" total="2097152" percent="14">
      <mem type="allocate" free="306040" total="1048576" percent="29" />
      <mem type="survivor" free="0" total="1048576" percent="0" />
    </mem>
    <mem type="tenure" free="6065704" total="6291456" percent="96">
      <mem type="soa" free="5751336" total="5977088" percent="96" />
      <mem type="loa" free="314368" total="314368" percent="100" />
    </mem>
    <pending-finalizers system="0" default="0" reference="120" classloader="0" />
    <remembered-set count="3122" />
  </mem-info>
</gc-end>
<cycle-end id="10" type="scavenge" contextid="4" timestamp="2019-07-02T20:08:29.465">
  <attribute name="GC Util" value="0" />
  <attribute name="CPU Util" value="148" />
  <attribute name="Time Running"value="20"/>
  <attribute name="Number of cores"value="4"/>
</cycle-end>
<allocation-satisfied id="11" threadId="0000000001503700" bytesRequested="15632" />
<af-end id="12" timestamp="2019-07-02T20:08:29.466" threadId="0000000001504088" success="true" from="nursery"/>
<exclusive-end id="13" timestamp="2019-07-02T20:08:29.466" durationms="3.662" />

<exclusive-start id="14" timestamp="2019-07-02T20:08:29.479" intervalms="16.934">
  <response-info timems="0.019" idlems="0.019" threads="0" lastid="0000000001503700" lastname="main" />
</exclusive-start>
<af-start id="15" threadId="0000000001504088" totalBytesRequested="32" timestamp="2019-07-02T20:08:29.479" intervalms="16.655" type="nursery" />
<cycle-start id="16" type="scavenge" contextid="0" timestamp="2019-07-02T20:08:29.479" intervalms="16.305" />
  <attribute name="GC Util" value="0" />
  <attribute name="CPU Util" value="148" />
  <attribute name="Time Running"value="20"/>
  <attribute name="Number of cores"value="4"/>
<gc-start id="17" type="scavenge" contextid="16" timestamp="2019-07-02T20:08:29.479">
  <mem-info id="18" free="6056608" total="8388608" percent="72">
    <mem type="nursery" free="0" total="2097152" percent="0">
      <mem type="allocate" free="0" total="1048576" percent="0" />
      <mem type="survivor" free="0" total="1048576" percent="0" />
    </mem>
    <mem type="tenure" free="6056608" total="6291456" percent="96">
      <mem type="soa" free="5742240" total="5977088" percent="96" />
      <mem type="loa" free="314368" total="314368" percent="100" />
    </mem>
    <remembered-set count="3246" />
  </mem-info>
</gc-start>
<allocation-stats totalBytes="314488" >
  <allocated-bytes non-tlh="24728" tlh="289760" />
  <largest-consumer threadName="main" threadId="0000000001503700" bytes="302512" />
</allocation-stats>
<gc-op id="19" type="scavenge" timems="0.938" contextid="16" timestamp="2019-07-02T20:08:29.480">
  <scavenger-info tenureage="9" tenuremask="7e00" tiltratio="50" />
  <memory-copied type="nursery" objects="10800" bytes="482064" bytesdiscarded="88016" />
  <finalization candidates="16" enqueued="0" />
  <references type="soft" candidates="62" cleared="0" enqueued="0" dynamicThreshold="32" maxThreshold="32" />
  <references type="weak" candidates="251" cleared="101" enqueued="101" />
  <references type="phantom" candidates="41" cleared="14" enqueued="14" />
</gc-op>
<gc-end id="20" type="scavenge" contextid="16" durationms="1.104" usertimems="4.000" systemtimems="0.000" timestamp="2019-07-02T20:08:29.480" activeThreads="4">
  <mem-info id="21" free="6533640" total="8388608" percent="77">
    <mem type="nursery" free="477032" total="2097152" percent="22">
      <mem type="allocate" free="477032" total="1048576" percent="45" />
      <mem type="survivor" free="0" total="1048576" percent="0" />
    </mem>
    <mem type="tenure" free="6056608" total="6291456" percent="96">
      <mem type="soa" free="5742240" total="5977088" percent="96" />
      <mem type="loa" free="314368" total="314368" percent="100" />
    </mem>
    <pending-finalizers system="0" default="0" reference="115" classloader="0" />
    <remembered-set count="3246" />
  </mem-info>
</gc-end>
<cycle-end id="22" type="scavenge" contextid="16" timestamp="2019-07-02T20:08:29.480">
  <attribute name="GC Util" value="20" />
  <attribute name="CPU Util" value="104" />
  <attribute name="Time Running"value="36"/>
  <attribute name="Number of cores"value="4"/>
</cycle-end>
<allocation-satisfied id="23" threadId="0000000001503700" bytesRequested="32" />
<af-end id="24" timestamp="2019-07-02T20:08:29.480" threadId="0000000001504088" success="true" from="nursery"/>
<exclusive-end id="25" timestamp="2019-07-02T20:08:29.480" durationms="1.511" />

<exclusive-start id="26" timestamp="2019-07-02T20:08:29.498" intervalms="19.209">
  <response-info timems="0.025" idlems="0.025" threads="0" lastid="0000000001503700" lastname="main" />
</exclusive-start>
<af-start id="27" threadId="0000000001504088" totalBytesRequested="2944" timestamp="2019-07-02T20:08:29.498" intervalms="19.246" type="nursery" />
<cycle-start id="28" type="scavenge" contextid="0" timestamp="2019-07-02T20:08:29.498" intervalms="19.270" />
  <attribute name="GC Util" value="20" />
  <attribute name="CPU Util" value="104" />
  <attribute name="Time Running"value="36"/>
  <attribute name="Number of cores"value="4"/>
<gc-start id="29" type="scavenge" contextid="28" timestamp="2019-07-02T20:08:29.498">
  <mem-info id="30" free="6054192" total="8388608" percent="72">
    <mem type="nursery" free="0" total="2097152" percent="0">
      <mem type="allocate" free="0" total="1048576" percent="0" />
      <mem type="survivor" free="0" total="1048576" percent="0" />
    </mem>
    <mem type="tenure" free="6054192" total="6291456" percent="96">
      <mem type="soa" free="5739824" total="5977088" percent="96" />
      <mem type="loa" free="314368" total="314368" percent="100" />
    </mem>
    <remembered-set count="3279" />
  </mem-info>
</gc-start>
<allocation-stats totalBytes="463176" >
  <allocated-bytes non-tlh="2448" tlh="460728" />
  <largest-consumer threadName="main" threadId="0000000001503700" bytes="463176" />
</allocation-stats>
<gc-op id="31" type="scavenge" timems="0.877" contextid="28" timestamp="2019-07-02T20:08:29.499">
  <scavenger-info tenureage="8" tenuremask="7f00" tiltratio="50" />
  <memory-copied type="nursery" objects="10917" bytes="519112" bytesdiscarded="104432" />
  <finalization candidates="16" enqueued="0" />
  <references type="soft" candidates="62" cleared="0" enqueued="0" dynamicThreshold="32" maxThreshold="32" />
  <references type="weak" candidates="252" cleared="84" enqueued="81" />
  <references type="phantom" candidates="38" cleared="9" enqueued="9" />
</gc-op>
<gc-end id="32" type="scavenge" contextid="28" durationms="1.130" usertimems="0.000" systemtimems="4.000" timestamp="2019-07-02T20:08:29.500" activeThreads="4">
  <mem-info id="33" free="6477736" total="8388608" percent="77">
    <mem type="nursery" free="423544" total="2097152" percent="20">
      <mem type="allocate" free="423544" total="1048576" percent="40" />
      <mem type="survivor" free="0" total="1048576" percent="0" />
    </mem>
    <mem type="tenure" free="6054192" total="6291456" percent="96">
      <mem type="soa" free="5739824" total="5977088" percent="96" />
      <mem type="loa" free="314368" total="314368" percent="100" />
    </mem>
    <pending-finalizers system="0" default="0" reference="90" classloader="0" />
    <remembered-set count="1053" />
  </mem-info>
</gc-end>
<cycle-end id="34" type="scavenge" contextid="28" timestamp="2019-07-02T20:08:29.500">
  <attribute name="GC Util" value="8" />
  <attribute name="CPU Util" value="130" />
  <attribute name="Time Running"value="55"/>
  <attribute name="Number of cores"value="4"/>
</cycle-end>
<allocation-satisfied id="35" threadId="0000000001503700" bytesRequested="2944" />
<af-end id="36" timestamp="2019-07-02T20:08:29.500" threadId="0000000001504088" success="true" from="nursery"/>
<exclusive-end id="37" timestamp="2019-07-02T20:08:29.500" durationms="1.655" />

<exclusive-start id="38" timestamp="2019-07-02T20:08:29.509" intervalms="11.297">
  <response-info timems="0.024" idlems="0.024" threads="0" lastid="0000000001503700" lastname="main" />
</exclusive-start>
<af-start id="39" threadId="0000000001504088" totalBytesRequested="16392" timestamp="2019-07-02T20:08:29.510" intervalms="11.259" type="nursery" />
<cycle-start id="40" type="scavenge" contextid="0" timestamp="2019-07-02T20:08:29.510" intervalms="11.231" />
  <attribute name="GC Util" value="8" />
  <attribute name="CPU Util" value="130" />
  <attribute name="Time Running"value="55"/>
  <attribute name="Number of cores"value="4"/>
<gc-start id="41" type="scavenge" contextid="40" timestamp="2019-07-02T20:08:29.510">
  <mem-info id="42" free="6049400" total="8388608" percent="72">
    <mem type="nursery" free="0" total="2097152" percent="0">
      <mem type="allocate" free="0" total="1048576" percent="0" />
      <mem type="survivor" free="0" total="1048576" percent="0" />
    </mem>
    <mem type="tenure" free="6049400" total="6291456" percent="96">
      <mem type="soa" free="5735032" total="5977088" percent="95" />
      <mem type="loa" free="314368" total="314368" percent="100" />
    </mem>
    <remembered-set count="1131" />
  </mem-info>
</gc-start>
<allocation-stats totalBytes="378888" >
  <allocated-bytes non-tlh="7736" tlh="371152" />
  <largest-consumer threadName="main" threadId="0000000001503700" bytes="374792" />
</allocation-stats>
<gc-op id="43" type="scavenge" timems="1.170" contextid="40" timestamp="2019-07-02T20:08:29.511">
  <scavenger-info tenureage="3" tenuremask="fff8" tiltratio="50" />
  <memory-copied type="nursery" objects="814" bytes="68448" bytesdiscarded="79720" />
  <memory-copied type="tenure" objects="10227" bytes="457408" bytesdiscarded="40" />
  <finalization candidates="18" enqueued="0" />
  <references type="soft" candidates="1" cleared="0" enqueued="0" dynamicThreshold="32" maxThreshold="32" />
  <references type="weak" candidates="69" cleared="54" enqueued="54" />
  <references type="phantom" candidates="23" cleared="9" enqueued="9" />
</gc-op>
<heap-resize id="44" type="expand" space="nursery" amount="131072" count="1" timems="0.107" reason="excessive time being spent scavenging" timestamp="2019-07-02T20:08:29.511" />
<gc-end id="45" type="scavenge" contextid="40" durationms="1.493" usertimems="4.000" systemtimems="0.000" timestamp="2019-07-02T20:08:29.511" activeThreads="4">
  <mem-info id="46" free="6457824" total="8519680" percent="75">
    <mem type="nursery" free="965888" total="2228224" percent="43">
      <mem type="allocate" free="965888" total="1114112" percent="86" />
      <mem type="survivor" free="0" total="1114112" percent="0" />
    </mem>
    <mem type="tenure" free="5491936" total="6291456" percent="87">
      <mem type="soa" free="5177568" total="5977088" percent="86" />
      <mem type="loa" free="314368" total="314368" percent="100" />
    </mem>
    <pending-finalizers system="0" default="0" reference="63" classloader="0" />
    <remembered-set count="210" />
  </mem-info>
</gc-end>
<cycle-end id="47" type="scavenge" contextid="40" timestamp="2019-07-02T20:08:29.511">
  <attribute name="GC Util" value="15" />
  <attribute name="CPU Util" value="120" />
  <attribute name="Time Running"value="66"/>
  <attribute name="Number of cores"value="4"/>
</cycle-end>
<allocation-satisfied id="48" threadId="0000000001503700" bytesRequested="16392" />
<af-end id="49" timestamp="2019-07-02T20:08:29.511" threadId="0000000001504088" success="true" from="nursery"/>
<exclusive-end id="50" timestamp="2019-07-02T20:08:29.511" durationms="1.892" />

<exclusive-start id="51" timestamp="2019-07-02T20:08:29.706" intervalms="196.450">
  <response-info timems="0.036" idlems="0.036" threads="0" lastid="0000000001503700" lastname="main" />
</exclusive-start>
<af-start id="52" threadId="0000000001504088" totalBytesRequested="2056" timestamp="2019-07-02T20:08:29.706" intervalms="196.468" type="nursery" />
<cycle-start id="53" type="scavenge" contextid="0" timestamp="2019-07-02T20:08:29.706" intervalms="196.474" />
  <attribute name="GC Util" value="15" />
  <attribute name="CPU Util" value="120" />
  <attribute name="Time Running"value="66"/>
  <attribute name="Number of cores"value="4"/>
<gc-start id="54" type="scavenge" contextid="53" timestamp="2019-07-02T20:08:29.706">
  <mem-info id="55" free="5490952" total="8519680" percent="64">
    <mem type="nursery" free="0" total="2228224" percent="0">
      <mem type="allocate" free="0" total="1114112" percent="0" />
      <mem type="survivor" free="0" total="1114112" percent="0" />
    </mem>
    <mem type="tenure" free="5490952" total="6291456" percent="87">
      <mem type="soa" free="5176584" total="5977088" percent="86" />
      <mem type="loa" free="314368" total="314368" percent="100" />
    </mem>
    <remembered-set count="233" />
  </mem-info>
</gc-start>
<allocation-stats totalBytes="965032" >
  <allocated-bytes non-tlh="60424" tlh="904608" />
  <largest-consumer threadName="main" threadId="0000000001503700" bytes="965032" />
</allocation-stats>
<gc-op id="56" type="scavenge" timems="0.464" contextid="53" timestamp="2019-07-02T20:08:29.707">
  <scavenger-info tenureage="3" tenuremask="ffe8" tiltratio="50" />
  <memory-copied type="nursery" objects="565" bytes="174568" bytesdiscarded="135704" />
  <memory-copied type="tenure" objects="263" bytes="14696" bytesdiscarded="0" />
  <finalization candidates="3" enqueued="1" />
  <references type="soft" candidates="1" cleared="0" enqueued="0" dynamicThreshold="32" maxThreshold="32" />
  <references type="weak" candidates="26" cleared="10" enqueued="10" />
  <references type="phantom" candidates="11" cleared="6" enqueued="6" />
</gc-op>
<gc-end id="57" type="scavenge" contextid="53" durationms="0.634" usertimems="0.000" systemtimems="0.000" timestamp="2019-07-02T20:08:29.707" activeThreads="4">
  <mem-info id="58" free="6255544" total="8519680" percent="73">
    <mem type="nursery" free="803760" total="2228224" percent="36">
      <mem type="allocate" free="803760" total="1114112" percent="72" />
      <mem type="survivor" free="0" total="1114112" percent="0" />
    </mem>
    <mem type="tenure" free="5451784" total="6291456" percent="86">
      <mem type="soa" free="5137416" total="5977088" percent="85" />
      <mem type="loa" free="314368" total="314368" percent="100" />
    </mem>
    <pending-finalizers system="1" default="0" reference="16" classloader="0" />
    <remembered-set count="196" />
  </mem-info>
</gc-end>
<cycle-end id="59" type="scavenge" contextid="53" timestamp="2019-07-02T20:08:29.707">
  <attribute name="GC Util" value="0" />
  <attribute name="CPU Util" value="122" />
  <attribute name="Time Running"value="263"/>
  <attribute name="Number of cores"value="4"/>
</cycle-end>
<allocation-satisfied id="60" threadId="0000000001503700" bytesRequested="2056" />
<af-end id="61" timestamp="2019-07-02T20:08:29.707" threadId="0000000001504088" success="true" from="nursery"/>
<exclusive-end id="62" timestamp="2019-07-02T20:08:29.707" durationms="1.060" />

<exclusive-start id="63" timestamp="2019-07-02T20:08:29.801" intervalms="94.579">
  <response-info timems="0.031" idlems="0.031" threads="0" lastid="0000000001503700" lastname="main" />
</exclusive-start>
<af-start id="64" threadId="0000000001504088" totalBytesRequested="2056" timestamp="2019-07-02T20:08:29.801" intervalms="94.563" type="nursery" />
<cycle-start id="65" type="scavenge" contextid="0" timestamp="2019-07-02T20:08:29.801" intervalms="94.562" />
  <attribute name="GC Util" value="0" />
  <attribute name="CPU Util" value="122" />
  <attribute name="Time Running"value="263"/>
  <attribute name="Number of cores"value="4"/>
<gc-start id="66" type="scavenge" contextid="65" timestamp="2019-07-02T20:08:29.801">
  <mem-info id="67" free="5451784" total="8519680" percent="63">
    <mem type="nursery" free="0" total="2228224" percent="0">
      <mem type="allocate" free="0" total="1114112" percent="0" />
      <mem type="survivor" free="0" total="1114112" percent="0" />
    </mem>
    <mem type="tenure" free="5451784" total="6291456" percent="86">
      <mem type="soa" free="5137416" total="5977088" percent="85" />
      <mem type="loa" free="314368" total="314368" percent="100" />
    </mem>
    <remembered-set count="198" />
  </mem-info>
</gc-start>
<allocation-stats totalBytes="801696" >
  <allocated-bytes non-tlh="2056" tlh="799640" />
  <largest-consumer threadName="main" threadId="0000000001503700" bytes="801696" />
</allocation-stats>
<gc-op id="68" type="scavenge" timems="0.273" contextid="65" timestamp="2019-07-02T20:08:29.801">
  <scavenger-info tenureage="5" tenuremask="ffe0" tiltratio="50" />
  <memory-copied type="nursery" objects="526" bytes="91384" bytesdiscarded="19664" />
  <finalization candidates="2" enqueued="0" />
  <references type="soft" candidates="1" cleared="0" enqueued="0" dynamicThreshold="32" maxThreshold="32" />
  <references type="weak" candidates="16" cleared="0" enqueued="0" />
  <references type="phantom" candidates="5" cleared="0" enqueued="0" />
</gc-op>
<gc-end id="69" type="scavenge" contextid="65" durationms="0.501" usertimems="0.000" systemtimems="0.000" timestamp="2019-07-02T20:08:29.801" activeThreads="4">
  <mem-info id="70" free="6585840" total="8519680" percent="77">
    <mem type="nursery" free="1134056" total="2228224" percent="50">
      <mem type="allocate" free="1134056" total="1245184" percent="91" />
      <mem type="survivor" free="0" total="983040" percent="0" />
    </mem>
    <mem type="tenure" free="5451784" total="6291456" percent="86">
      <mem type="soa" free="5137416" total="5977088" percent="85" />
      <mem type="loa" free="314368" total="314368" percent="100" />
    </mem>
    <remembered-set count="120" />
  </mem-info>
</gc-end>
<cycle-end id="71" type="scavenge" contextid="65" timestamp="2019-07-02T20:08:29.801">
  <attribute name="GC Util" value="0" />
  <attribute name="CPU Util" value="117" />
  <attribute name="Time Running"value="357"/>
  <attribute name="Number of cores"value="4"/>
</cycle-end>
<allocation-satisfied id="72" threadId="0000000001503700" bytesRequested="2056" />
<af-end id="73" timestamp="2019-07-02T20:08:29.801" threadId="0000000001504088" success="true" from="nursery"/>
<exclusive-end id="74" timestamp="2019-07-02T20:08:29.801" durationms="0.906" />

<exclusive-start id="75" timestamp="2019-07-02T20:08:29.926" intervalms="125.432">
  <response-info timems="0.027" idlems="0.027" threads="0" lastid="0000000001503700" lastname="main" />
</exclusive-start>
<af-start id="76" threadId="0000000001504088" totalBytesRequested="2056" timestamp="2019-07-02T20:08:29.926" intervalms="125.446" type="nursery" />
<cycle-start id="77" type="scavenge" contextid="0" timestamp="2019-07-02T20:08:29.926" intervalms="125.447" />
  <attribute name="GC Util" value="0" />
  <attribute name="CPU Util" value="117" />
  <attribute name="Time Running"value="357"/>
  <attribute name="Number of cores"value="4"/>
<gc-start id="78" type="scavenge" contextid="77" timestamp="2019-07-02T20:08:29.926">
  <mem-info id="79" free="5451784" total="8519680" percent="63">
    <mem type="nursery" free="0" total="2228224" percent="0">
      <mem type="allocate" free="0" total="1245184" percent="0" />
      <mem type="survivor" free="0" total="983040" percent="0" />
    </mem>
    <mem type="tenure" free="5451784" total="6291456" percent="86">
      <mem type="soa" free="5137416" total="5977088" percent="85" />
      <mem type="loa" free="314368" total="314368" percent="100" />
    </mem>
    <remembered-set count="120" />
  </mem-info>
</gc-start>
<allocation-stats totalBytes="1127416" >
  <allocated-bytes non-tlh="2056" tlh="1125360" />
  <largest-consumer threadName="main" threadId="0000000001503700" bytes="1127416" />
</allocation-stats>
<gc-op id="80" type="scavenge" timems="0.317" contextid="77" timestamp="2019-07-02T20:08:29.927">
  <scavenger-info tenureage="3" tenuremask="fff8" tiltratio="55" />
  <memory-copied type="nursery" objects="135" bytes="40840" bytesdiscarded="37464" />
  <memory-copied type="tenure" objects="390" bytes="48552" bytesdiscarded="0" />
  <finalization candidates="2" enqueued="0" />
  <references type="weak" candidates="1" cleared="0" enqueued="0" />
  <references type="phantom" candidates="3" cleared="0" enqueued="0" />
</gc-op>
<gc-end id="81" type="scavenge" contextid="77" durationms="0.495" usertimems="0.000" systemtimems="0.000" timestamp="2019-07-02T20:08:29.927" activeThreads="4">
  <mem-info id="82" free="6743280" total="8519680" percent="79">
    <mem type="nursery" free="1363456" total="2228224" percent="61">
      <mem type="allocate" free="1363456" total="1441792" percent="94" />
      <mem type="survivor" free="0" total="786432" percent="0" />
    </mem>
    <mem type="tenure" free="5379824" total="6291456" percent="85">
      <mem type="soa" free="5065456" total="5977088" percent="84" />
      <mem type="loa" free="314368" total="314368" percent="100" />
    </mem>
    <remembered-set count="79" />
  </mem-info>
</gc-end>
<cycle-end id="83" type="scavenge" contextid="77" timestamp="2019-07-02T20:08:29.927">
  <attribute name="GC Util" value="0" />
  <attribute name="CPU Util" value="119" />
  <attribute name="Time Running"value="483"/>
  <attribute name="Number of cores"value="4"/>
</cycle-end>
<allocation-satisfied id="84" threadId="0000000001503700" bytesRequested="2056" />
<af-end id="85" timestamp="2019-07-02T20:08:29.927" threadId="0000000001504088" success="true" from="nursery"/>
<exclusive-end id="86" timestamp="2019-07-02T20:08:29.927" durationms="0.919" />

<exclusive-start id="87" timestamp="2019-07-02T20:08:30.025" intervalms="99.285">
  <response-info timems="0.032" idlems="0.032" threads="0" lastid="0000000001503700" lastname="main" />
</exclusive-start>
<af-start id="88" threadId="0000000001504088" totalBytesRequested="232" timestamp="2019-07-02T20:08:30.025" intervalms="99.363" type="nursery" />
<cycle-start id="89" type="scavenge" contextid="0" timestamp="2019-07-02T20:08:30.026" intervalms="99.433" />
  <attribute name="GC Util" value="0" />
  <attribute name="CPU Util" value="119" />
  <attribute name="Time Running"value="483"/>
  <attribute name="Number of cores"value="4"/>
<gc-start id="90" type="scavenge" contextid="89" timestamp="2019-07-02T20:08:30.026">
  <mem-info id="91" free="5374488" total="8519680" percent="63">
    <mem type="nursery" free="0" total="2228224" percent="0">
      <mem type="allocate" free="0" total="1441792" percent="0" />
      <mem type="survivor" free="0" total="786432" percent="0" />
    </mem>
    <mem type="tenure" free="5374488" total="6291456" percent="85">
      <mem type="soa" free="5060120" total="5977088" percent="84" />
      <mem type="loa" free="314368" total="314368" percent="100" />
    </mem>
    <remembered-set count="173" />
  </mem-info>
</gc-start>
<allocation-stats totalBytes="1367424" >
  <allocated-bytes non-tlh="96800" tlh="1270624" />
  <largest-consumer threadName="main" threadId="0000000001503700" bytes="1367424" />
</allocation-stats>
<gc-op id="92" type="scavenge" timems="0.355" contextid="89" timestamp="2019-07-02T20:08:30.026">
  <scavenger-info tenureage="3" tenuremask="ffc8" tiltratio="64" />
  <memory-copied type="nursery" objects="876" bytes="337488" bytesdiscarded="71056" />
  <memory-copied type="tenure" objects="76" bytes="19168" bytesdiscarded="0" />
  <references type="soft" candidates="1" cleared="0" enqueued="0" dynamicThreshold="32" maxThreshold="32" />
  <references type="weak" candidates="190" cleared="124" enqueued="93" />
  <references type="phantom" candidates="24" cleared="0" enqueued="0" />
</gc-op>
<gc-end id="93" type="scavenge" contextid="89" durationms="0.549" usertimems="0.000" systemtimems="0.000" timestamp="2019-07-02T20:08:30.026" activeThreads="4">
  <mem-info id="94" free="6391312" total="8519680" percent="75">
    <mem type="nursery" free="1033216" total="2228224" percent="46">
      <mem type="allocate" free="1033216" total="1441792" percent="71" />
      <mem type="survivor" free="0" total="786432" percent="0" />
    </mem>
    <mem type="tenure" free="5358096" total="6291456" percent="85">
      <mem type="soa" free="5043728" total="5977088" percent="84" />
      <mem type="loa" free="314368" total="314368" percent="100" />
    </mem>
    <pending-finalizers system="0" default="0" reference="93" classloader="0" />
    <remembered-set count="157" />
  </mem-info>
</gc-end>
<cycle-end id="95" type="scavenge" contextid="89" timestamp="2019-07-02T20:08:30.026">
  <attribute name="GC Util" value="0" />
  <attribute name="CPU Util" value="110" />
  <attribute name="Time Running"value="582"/>
  <attribute name="Number of cores"value="4"/>
</cycle-end>
<allocation-satisfied id="96" threadId="0000000001503700" bytesRequested="232" />
<af-end id="97" timestamp="2019-07-02T20:08:30.026" threadId="0000000001504088" success="true" from="nursery"/>
<exclusive-end id="98" timestamp="2019-07-02T20:08:30.026" durationms="1.188" />

<exclusive-start id="99" timestamp="2019-07-02T20:08:30.038" intervalms="12.644">
  <response-info timems="0.018" idlems="0.018" threads="0" lastid="0000000001503700" lastname="main" />
</exclusive-start>
<af-start id="100" threadId="0000000001504088" totalBytesRequested="4000" timestamp="2019-07-02T20:08:30.038" intervalms="12.624" type="nursery" />
<cycle-start id="101" type="scavenge" contextid="0" timestamp="2019-07-02T20:08:30.038" intervalms="12.610" />
  <attribute name="GC Util" value="0" />
  <attribute name="CPU Util" value="110" />
  <attribute name="Time Running"value="582"/>
  <attribute name="Number of cores"value="4"/>
<gc-start id="102" type="scavenge" contextid="101" timestamp="2019-07-02T20:08:30.038">
  <mem-info id="103" free="5347664" total="8519680" percent="62">
    <mem type="nursery" free="0" total="2228224" percent="0">
      <mem type="allocate" free="0" total="1441792" percent="0" />
      <mem type="survivor" free="0" total="786432" percent="0" />
    </mem>
    <mem type="tenure" free="5347664" total="6291456" percent="84">
      <mem type="soa" free="5033296" total="5977088" percent="84" />
      <mem type="loa" free="314368" total="314368" percent="100" />
    </mem>
    <remembered-set count="340" />
  </mem-info>
</gc-start>
<allocation-stats totalBytes="1027592" >
  <allocated-bytes non-tlh="10664" tlh="1016928" />
  <largest-consumer threadName="main" threadId="0000000001503700" bytes="1027592" />
</allocation-stats>
<gc-op id="104" type="scavenge" timems="0.468" contextid="101" timestamp="2019-07-02T20:08:30.039">
  <scavenger-info tenureage="3" tenuremask="ffe8" tiltratio="64" />
  <memory-copied type="nursery" objects="3783" bytes="495152" bytesdiscarded="92904" />
  <finalization candidates="32" enqueued="0" />
  <ownableSynchronizers candidates="4" cleared="3" />
  <references type="soft" candidates="3" cleared="0" enqueued="0" dynamicThreshold="32" maxThreshold="32" />
  <references type="weak" candidates="361" cleared="112" enqueued="79" />
  <references type="phantom" candidates="27" cleared="3" enqueued="3" />
</gc-op>
<gc-end id="105" type="scavenge" contextid="101" durationms="0.809" usertimems="0.000" systemtimems="0.000" timestamp="2019-07-02T20:08:30.039" activeThreads="4">
  <mem-info id="106" free="6266808" total="8519680" percent="73">
    <mem type="nursery" free="919144" total="2228224" percent="41">
      <mem type="allocate" free="919144" total="1507328" percent="60" />
      <mem type="survivor" free="0" total="720896" percent="0" />
    </mem>
    <mem type="tenure" free="5347664" total="6291456" percent="84">
      <mem type="soa" free="5033296" total="5977088" percent="84" />
      <mem type="loa" free="314368" total="314368" percent="100" />
    </mem>
    <pending-finalizers system="0" default="0" reference="82" classloader="0" />
    <remembered-set count="338" />
  </mem-info>
</gc-end>
<cycle-end id="107" type="scavenge" contextid="101" timestamp="2019-07-02T20:08:30.039">
  <attribute name="GC Util" value="5" />
  <attribute name="CPU Util" value="148" />
  <attribute name="Time Running"value="595"/>
  <attribute name="Number of cores"value="4"/>
</cycle-end>
<allocation-satisfied id="108" threadId="0000000001503700" bytesRequested="4000" />
<af-end id="109" timestamp="2019-07-02T20:08:30.039" threadId="0000000001504088" success="true" from="nursery"/>
<exclusive-end id="110" timestamp="2019-07-02T20:08:30.039" durationms="1.494" />

<exclusive-start id="111" timestamp="2019-07-02T20:08:30.040" intervalms="1.656">
  <response-info timems="0.048" idlems="0.048" threads="0" lastid="0000000001503700" lastname="main" />
</exclusive-start>
<af-start id="112" threadId="0000000001504088" totalBytesRequested="6656" timestamp="2019-07-02T20:08:30.040" intervalms="1.571" type="nursery" />
<cycle-start id="113" type="scavenge" contextid="0" timestamp="2019-07-02T20:08:30.040" intervalms="1.507" />
  <attribute name="GC Util" value="5" />
  <attribute name="CPU Util" value="148" />
  <attribute name="Time Running"value="595"/>
  <attribute name="Number of cores"value="4"/>
<gc-start id="114" type="scavenge" contextid="113" timestamp="2019-07-02T20:08:30.040">
  <mem-info id="115" free="5347664" total="8519680" percent="62">
    <mem type="nursery" free="0" total="2228224" percent="0">
      <mem type="allocate" free="0" total="1507328" percent="0" />
      <mem type="survivor" free="0" total="720896" percent="0" />
    </mem>
    <mem type="tenure" free="5347664" total="6291456" percent="84">
      <mem type="soa" free="5033296" total="5977088" percent="84" />
      <mem type="loa" free="314368" total="314368" percent="100" />
    </mem>
    <pending-finalizers system="0" default="0" reference="37" classloader="0" />
    <remembered-set count="340" />
  </mem-info>
</gc-start>
<allocation-stats totalBytes="879496" >
  <allocated-bytes non-tlh="4000" tlh="875496" />
  <largest-consumer threadName="main" threadId="0000000001503700" bytes="875400" />
</allocation-stats>
<gc-op id="116" type="scavenge" timems="0.454" contextid="113" timestamp="2019-07-02T20:08:30.040">
  <scavenger-info tenureage="3" tenuremask="fff8" tiltratio="67" />
  <memory-copied type="nursery" objects="3778" bytes="501096" bytesdiscarded="187192" />
  <finalization candidates="32" enqueued="0" />
  <ownableSynchronizers candidates="1" cleared="0" />
  <references type="soft" candidates="3" cleared="0" enqueued="0" dynamicThreshold="32" maxThreshold="32" />
  <references type="weak" candidates="249" cleared="0" enqueued="0" />
  <references type="phantom" candidates="24" cleared="0" enqueued="0" />
</gc-op>
<gc-end id="117" type="scavenge" contextid="113" durationms="0.610" usertimems="0.000" systemtimems="0.000" timestamp="2019-07-02T20:08:30.040" activeThreads="4">
  <mem-info id="118" free="6297664" total="8519680" percent="73">
    <mem type="nursery" free="950000" total="2228224" percent="42">
      <mem type="allocate" free="950000" total="1638400" percent="57" />
      <mem type="survivor" free="0" total="589824" percent="0" />
    </mem>
    <mem type="tenure" free="5347664" total="6291456" percent="84">
      <mem type="soa" free="5033296" total="5977088" percent="84" />
      <mem type="loa" free="314368" total="314368" percent="100" />
    </mem>
    <pending-finalizers system="0" default="0" reference="37" classloader="0" />
    <remembered-set count="292" />
  </mem-info>
</gc-end>
<cycle-end id="119" type="scavenge" contextid="113" timestamp="2019-07-02T20:08:30.040">
  <attribute name="GC Util" value="84" />
  <attribute name="CPU Util" value="14606920604698" />
  <attribute name="Time Running"value="596"/>
  <attribute name="Number of cores"value="4"/>
</cycle-end>
<allocation-satisfied id="120" threadId="0000000001503700" bytesRequested="6656" />
<af-end id="121" timestamp="2019-07-02T20:08:30.040" threadId="0000000001504088" success="true" from="nursery"/>
<exclusive-end id="122" timestamp="2019-07-02T20:08:30.041" durationms="0.981" />

<exclusive-start id="123" timestamp="2019-07-02T20:08:30.041" intervalms="1.109">
  <response-info timems="0.023" idlems="0.023" threads="0" lastid="0000000001503700" lastname="main" />
</exclusive-start>
<af-start id="124" threadId="0000000001504088" totalBytesRequested="8392" timestamp="2019-07-02T20:08:30.041" intervalms="1.117" type="nursery" />
<cycle-start id="125" type="scavenge" contextid="0" timestamp="2019-07-02T20:08:30.041" intervalms="1.116" />
  <attribute name="GC Util" value="84" />
  <attribute name="CPU Util" value="14606920604698" />
  <attribute name="Time Running"value="596"/>
  <attribute name="Number of cores"value="4"/>
<gc-start id="126" type="scavenge" contextid="125" timestamp="2019-07-02T20:08:30.041">
  <mem-info id="127" free="5347664" total="8519680" percent="62">
    <mem type="nursery" free="0" total="2228224" percent="0">
      <mem type="allocate" free="0" total="1638400" percent="0" />
      <mem type="survivor" free="0" total="589824" percent="0" />
    </mem>
    <mem type="tenure" free="5347664" total="6291456" percent="84">
      <mem type="soa" free="5033296" total="5977088" percent="84" />
      <mem type="loa" free="314368" total="314368" percent="100" />
    </mem>
    <remembered-set count="292" />
  </mem-info>
</gc-start>
<allocation-stats totalBytes="882704" >
  <allocated-bytes non-tlh="6656" tlh="876048" />
  <largest-consumer threadName="main" threadId="0000000001503700" bytes="878608" />
</allocation-stats>
<gc-op id="128" type="scavenge" timems="0.457" contextid="125" timestamp="2019-07-02T20:08:30.041">
  <scavenger-info tenureage="3" tenuremask="fff8" tiltratio="73" />
  <memory-copied type="nursery" objects="3004" bytes="163208" bytesdiscarded="116264" />
  <memory-copied type="tenure" objects="740" bytes="333048" bytesdiscarded="32" />
  <finalization candidates="32" enqueued="0" />
  <ownableSynchronizers candidates="1" cleared="0" />
  <references type="soft" candidates="2" cleared="0" enqueued="0" dynamicThreshold="32" maxThreshold="32" />
  <references type="weak" candidates="183" cleared="0" enqueued="0" />
</gc-op>
<gc-end id="129" type="scavenge" contextid="125" durationms="0.618" usertimems="0.000" systemtimems="4.000" timestamp="2019-07-02T20:08:30.041" activeThreads="4">
  <mem-info id="130" free="6417968" total="8519680" percent="75">
    <mem type="nursery" free="1358848" total="2228224" percent="60">
      <mem type="allocate" free="1358848" total="1638400" percent="82" />
      <mem type="survivor" free="0" total="589824" percent="0" />
    </mem>
    <mem type="tenure" free="5059120" total="6291456" percent="80">
      <mem type="soa" free="4744752" total="5977088" percent="79" />
      <mem type="loa" free="314368" total="314368" percent="100" />
    </mem>
    <remembered-set count="163" />
  </mem-info>
</gc-end>
<cycle-end id="131" type="scavenge" contextid="125" timestamp="2019-07-02T20:08:30.041">
  <attribute name="GC Util" value="68" />
  <attribute name="CPU Util" value="16565217026860" />
  <attribute name="Time Running"value="597"/>
  <attribute name="Number of cores"value="4"/>
</cycle-end>
<allocation-satisfied id="132" threadId="0000000001503700" bytesRequested="8392" />
<af-end id="133" timestamp="2019-07-02T20:08:30.042" threadId="0000000001504088" success="true" from="nursery"/>
<exclusive-end id="134" timestamp="2019-07-02T20:08:30.042" durationms="0.995" />

<exclusive-start id="135" timestamp="2019-07-02T20:08:30.042" intervalms="1.138">
  <response-info timems="0.021" idlems="0.021" threads="0" lastid="0000000001503700" lastname="main" />
</exclusive-start>
<af-start id="136" threadId="0000000001504088" totalBytesRequested="10536" timestamp="2019-07-02T20:08:30.042" intervalms="1.129" type="nursery" />
<cycle-start id="137" type="scavenge" contextid="0" timestamp="2019-07-02T20:08:30.042" intervalms="1.131" />
  <attribute name="GC Util" value="68" />
  <attribute name="CPU Util" value="16565217026860" />
  <attribute name="Time Running"value="597"/>
  <attribute name="Number of cores"value="4"/>
<gc-start id="138" type="scavenge" contextid="137" timestamp="2019-07-02T20:08:30.042">
  <mem-info id="139" free="5059120" total="8519680" percent="59">
    <mem type="nursery" free="0" total="2228224" percent="0">
      <mem type="allocate" free="0" total="1638400" percent="0" />
      <mem type="survivor" free="0" total="589824" percent="0" />
    </mem>
    <mem type="tenure" free="5059120" total="6291456" percent="80">
      <mem type="soa" free="4744752" total="5977088" percent="79" />
      <mem type="loa" free="314368" total="314368" percent="100" />
    </mem>
    <remembered-set count="163" />
  </mem-info>
</gc-start>
<allocation-stats totalBytes="1248592" >
  <allocated-bytes non-tlh="8392" tlh="1240200" />
  <largest-consumer threadName="main" threadId="0000000001503700" bytes="1248592" />
</allocation-stats>
<gc-op id="140" type="scavenge" timems="0.325" contextid="137" timestamp="2019-07-02T20:08:30.042">
  <scavenger-info tenureage="3" tenuremask="ffe8" tiltratio="73" />
  <memory-copied type="nursery" objects="8" bytes="12696" bytesdiscarded="127080" />
  <memory-copied type="tenure" objects="2996" bytes="152656" bytesdiscarded="112" />
  <finalization candidates="32" enqueued="0" />
  <ownableSynchronizers candidates="1" cleared="0" />
</gc-op>
<gc-end id="141" type="scavenge" contextid="137" durationms="0.487" usertimems="0.000" systemtimems="0.000" timestamp="2019-07-02T20:08:30.042" activeThreads="4">
  <mem-info id="142" free="6413616" total="8519680" percent="75">
    <mem type="nursery" free="1564160" total="2228224" percent="70">
      <mem type="allocate" free="1564160" total="1703936" percent="91" />
      <mem type="survivor" free="0" total="524288" percent="0" />
    </mem>
    <mem type="tenure" free="4849456" total="6291456" percent="77">
      <mem type="soa" free="4535088" total="5977088" percent="75" />
      <mem type="loa" free="314368" total="314368" percent="100" />
    </mem>
    <remembered-set count="60" />
  </mem-info>
</gc-end>
<cycle-end id="143" type="scavenge" contextid="137" timestamp="2019-07-02T20:08:30.042">
  <attribute name="GC Util" value="73" />
  <attribute name="CPU Util" value="16237344803299" />
  <attribute name="Time Running"value="598"/>
  <attribute name="Number of cores"value="4"/>
</cycle-end>
<allocation-satisfied id="144" threadId="0000000001503700" bytesRequested="10536" />
<af-end id="145" timestamp="2019-07-02T20:08:30.043" threadId="0000000001504088" success="true" from="nursery"/>
<exclusive-end id="146" timestamp="2019-07-02T20:08:30.043" durationms="0.858" />

<exclusive-start id="147" timestamp="2019-07-02T20:08:30.043" intervalms="1.005">
  <response-info timems="0.020" idlems="0.020" threads="0" lastid="0000000001503700" lastname="main" />
</exclusive-start>
<af-start id="148" threadId="0000000001504088" totalBytesRequested="24776" timestamp="2019-07-02T20:08:30.043" intervalms="1.004" type="nursery" />
<cycle-start id="149" type="scavenge" contextid="0" timestamp="2019-07-02T20:08:30.043" intervalms="1.002" />
  <attribute name="GC Util" value="73" />
  <attribute name="CPU Util" value="16237344803299" />
  <attribute name="Time Running"value="598"/>
  <attribute name="Number of cores"value="4"/>
<gc-start id="150" type="scavenge" contextid="149" timestamp="2019-07-02T20:08:30.043">
  <mem-info id="151" free="4849456" total="8519680" percent="56">
    <mem type="nursery" free="0" total="2228224" percent="0">
      <mem type="allocate" free="0" total="1703936" percent="0" />
      <mem type="survivor" free="0" total="524288" percent="0" />
    </mem>
    <mem type="tenure" free="4849456" total="6291456" percent="77">
      <mem type="soa" free="4535088" total="5977088" percent="75" />
      <mem type="loa" free="314368" total="314368" percent="100" />
    </mem>
    <remembered-set count="60" />
  </mem-info>
</gc-start>
<allocation-stats totalBytes="1433192" >
  <allocated-bytes non-tlh="10536" tlh="1422656" />
  <largest-consumer threadName="main" threadId="0000000001503700" bytes="1433192" />
</allocation-stats>
<gc-op id="152" type="scavenge" timems="0.138" contextid="149" timestamp="2019-07-02T20:08:30.043">
  <scavenger-info tenureage="3" tenuremask="ffe8" tiltratio="76" />
  <memory-copied type="nursery" objects="4" bytes="13456" bytesdiscarded="64880" />
  <memory-copied type="tenure" objects="2" bytes="1040" bytesdiscarded="0" />
</gc-op>
<gc-end id="153" type="scavenge" contextid="149" durationms="0.297" usertimems="0.000" systemtimems="0.000" timestamp="2019-07-02T20:08:30.043" activeThreads="4">
  <mem-info id="154" free="6540592" total="8519680" percent="76">
    <mem type="nursery" free="1691136" total="2228224" percent="75">
      <mem type="allocate" free="1691136" total="1769472" percent="95" />
      <mem type="survivor" free="0" total="458752" percent="0" />
    </mem>
    <mem type="tenure" free="4849456" total="6291456" percent="77">
      <mem type="soa" free="4535088" total="5977088" percent="75" />
      <mem type="loa" free="314368" total="314368" percent="100" />
    </mem>
    <remembered-set count="58" />
  </mem-info>
</gc-end>
<cycle-end id="155" type="scavenge" contextid="149" timestamp="2019-07-02T20:08:30.043">
  <attribute name="GC Util" value="65" />
  <attribute name="CPU Util" value="18499189273866" />
  <attribute name="Time Running"value="599"/>
  <attribute name="Number of cores"value="4"/>
</cycle-end>
<allocation-satisfied id="156" threadId="0000000001503700" bytesRequested="24776" />
<af-end id="157" timestamp="2019-07-02T20:08:30.043" threadId="0000000001504088" success="true" from="nursery"/>
<exclusive-end id="158" timestamp="2019-07-02T20:08:30.043" durationms="0.663" />

<exclusive-start id="159" timestamp="2019-07-02T20:08:30.044" intervalms="0.813">
  <response-info timems="0.019" idlems="0.019" threads="0" lastid="0000000001503700" lastname="main" />
</exclusive-start>
<af-start id="160" threadId="0000000001504088" totalBytesRequested="28480" timestamp="2019-07-02T20:08:30.044" intervalms="0.813" type="nursery" />
<cycle-start id="161" type="scavenge" contextid="0" timestamp="2019-07-02T20:08:30.044" intervalms="0.813" />
  <attribute name="GC Util" value="65" />
  <attribute name="CPU Util" value="18499189273866" />
  <attribute name="Time Running"value="599"/>
  <attribute name="Number of cores"value="4"/>
<gc-start id="162" type="scavenge" contextid="161" timestamp="2019-07-02T20:08:30.044">
  <mem-info id="163" free="4849456" total="8519680" percent="56">
    <mem type="nursery" free="0" total="2228224" percent="0">
      <mem type="allocate" free="0" total="1769472" percent="0" />
      <mem type="survivor" free="0" total="458752" percent="0" />
    </mem>
    <mem type="tenure" free="4849456" total="6291456" percent="77">
      <mem type="soa" free="4535088" total="5977088" percent="75" />
      <mem type="loa" free="314368" total="314368" percent="100" />
    </mem>
    <remembered-set count="58" />
  </mem-info>
</gc-start>
<allocation-stats totalBytes="1545056" >
  <allocated-bytes non-tlh="24776" tlh="1520280" />
  <largest-consumer threadName="main" threadId="0000000001503700" bytes="1545056" />
</allocation-stats>
<gc-op id="164" type="scavenge" timems="0.135" contextid="161" timestamp="2019-07-02T20:08:30.044">
  <scavenger-info tenureage="3" tenuremask="ffe8" tiltratio="79" />
  <memory-copied type="nursery" objects="2" bytes="14272" bytesdiscarded="24896" />
  <memory-copied type="tenure" objects="2" bytes="1040" bytesdiscarded="0" />
</gc-op>
<gc-end id="165" type="scavenge" contextid="161" durationms="0.291" usertimems="0.000" systemtimems="0.000" timestamp="2019-07-02T20:08:30.044" activeThreads="4">
  <mem-info id="166" free="6710832" total="8519680" percent="78">
    <mem type="nursery" free="1861376" total="2228224" percent="83">
      <mem type="allocate" free="1861376" total="1900544" percent="97" />
      <mem type="survivor" free="0" total="327680" percent="0" />
    </mem>
    <mem type="tenure" free="4849456" total="6291456" percent="77">
      <mem type="soa" free="4535088" total="5977088" percent="75" />
      <mem type="loa" free="314368" total="314368" percent="100" />
    </mem>
    <remembered-set count="56" />
  </mem-info>
</gc-end>
<cycle-end id="167" type="scavenge" contextid="161" timestamp="2019-07-02T20:08:30.044">
  <attribute name="GC Util" value="39" />
  <attribute name="CPU Util" value="22732951063452" />
  <attribute name="Time Running"value="600"/>
  <attribute name="Number of cores"value="4"/>
</cycle-end>
<allocation-satisfied id="168" threadId="0000000001503700" bytesRequested="28480" />
<af-end id="169" timestamp="2019-07-02T20:08:30.044" threadId="0000000001504088" success="true" from="nursery"/>
<exclusive-end id="170" timestamp="2019-07-02T20:08:30.044" durationms="0.659" />

<exclusive-start id="171" timestamp="2019-07-02T20:08:30.044" intervalms="0.824">
  <response-info timems="0.028" idlems="0.028" threads="0" lastid="0000000001503700" lastname="main" />
</exclusive-start>
<af-start id="172" threadId="0000000001504088" totalBytesRequested="15888" timestamp="2019-07-02T20:08:30.044" intervalms="0.822" type="nursery" />
<cycle-start id="173" type="scavenge" contextid="0" timestamp="2019-07-02T20:08:30.045" intervalms="0.822" />
  <attribute name="GC Util" value="39" />
  <attribute name="CPU Util" value="22732951063452" />
  <attribute name="Time Running"value="600"/>
  <attribute name="Number of cores"value="4"/>
<gc-start id="174" type="scavenge" contextid="173" timestamp="2019-07-02T20:08:30.045">
  <mem-info id="175" free="4849456" total="8519680" percent="56">
    <mem type="nursery" free="0" total="2228224" percent="0">
      <mem type="allocate" free="0" total="1900544" percent="0" />
      <mem type="survivor" free="0" total="327680" percent="0" />
    </mem>
    <mem type="tenure" free="4849456" total="6291456" percent="77">
      <mem type="soa" free="4535088" total="5977088" percent="75" />
      <mem type="loa" free="314368" total="314368" percent="100" />
    </mem>
    <remembered-set count="56" />
  </mem-info>
</gc-start>
<allocation-stats totalBytes="1671136" >
  <allocated-bytes non-tlh="28480" tlh="1642656" />
  <largest-consumer threadName="main" threadId="0000000001503700" bytes="1671136" />
</allocation-stats>
<gc-op id="176" type="scavenge" timems="0.259" contextid="173" timestamp="2019-07-02T20:08:30.045">
  <scavenger-info tenureage="3" tenuremask="ffe8" tiltratio="85" />
  <memory-copied type="nursery" objects="4" bytes="15968" bytesdiscarded="23200" />
</gc-op>
<gc-end id="177" type="scavenge" contextid="173" durationms="0.414" usertimems="0.000" systemtimems="0.000" timestamp="2019-07-02T20:08:30.045" activeThreads="4">
  <mem-info id="178" free="6776368" total="8519680" percent="79">
    <mem type="nursery" free="1926912" total="2228224" percent="86">
      <mem type="allocate" free="1926912" total="1966080" percent="98" />
      <mem type="survivor" free="0" total="262144" percent="0" />
    </mem>
    <mem type="tenure" free="4849456" total="6291456" percent="77">
      <mem type="soa" free="4535088" total="5977088" percent="75" />
      <mem type="loa" free="314368" total="314368" percent="100" />
    </mem>
    <remembered-set count="56" />
  </mem-info>
</gc-end>
<cycle-end id="179" type="scavenge" contextid="173" timestamp="2019-07-02T20:08:30.045">
  <attribute name="GC Util" value="38" />
  <attribute name="CPU Util" value="22634930539862" />
  <attribute name="Time Running"value="601"/>
  <attribute name="Number of cores"value="4"/>
</cycle-end>
<allocation-satisfied id="180" threadId="0000000001503700" bytesRequested="15888" />
<af-end id="181" timestamp="2019-07-02T20:08:30.045" threadId="0000000001504088" success="true" from="nursery"/>
<exclusive-end id="182" timestamp="2019-07-02T20:08:30.045" durationms="0.780" />

<exclusive-start id="183" timestamp="2019-07-02T20:08:30.045" intervalms="0.950">
  <response-info timems="0.020" idlems="0.020" threads="0" lastid="0000000001503700" lastname="main" />
</exclusive-start>
<af-start id="184" threadId="0000000001504088" totalBytesRequested="17368" timestamp="2019-07-02T20:08:30.045" intervalms="0.954" type="nursery" />
<cycle-start id="185" type="scavenge" contextid="0" timestamp="2019-07-02T20:08:30.045" intervalms="0.954" />
  <attribute name="GC Util" value="38" />
  <attribute name="CPU Util" value="22634930539862" />
  <attribute name="Time Running"value="601"/>
  <attribute name="Number of cores"value="4"/>
<gc-start id="186" type="scavenge" contextid="185" timestamp="2019-07-02T20:08:30.046">
  <mem-info id="187" free="4849456" total="8519680" percent="56">
    <mem type="nursery" free="0" total="2228224" percent="0">
      <mem type="allocate" free="0" total="1966080" percent="0" />
      <mem type="survivor" free="0" total="262144" percent="0" />
    </mem>
    <mem type="tenure" free="4849456" total="6291456" percent="77">
      <mem type="soa" free="4535088" total="5977088" percent="75" />
      <mem type="loa" free="314368" total="314368" percent="100" />
    </mem>
    <remembered-set count="56" />
  </mem-info>
</gc-start>
<allocation-stats totalBytes="1664136" >
  <allocated-bytes non-tlh="15888" tlh="1648248" />
  <largest-consumer threadName="main" threadId="0000000001503700" bytes="1664136" />
</allocation-stats>
<gc-op id="188" type="scavenge" timems="0.133" contextid="185" timestamp="2019-07-02T20:08:30.046">
  <scavenger-info tenureage="3" tenuremask="fff8" tiltratio="88" />
  <memory-copied type="nursery" objects="4" bytes="17448" bytesdiscarded="21720" />
</gc-op>
<gc-end id="189" type="scavenge" contextid="185" durationms="0.287" usertimems="0.000" systemtimems="0.000" timestamp="2019-07-02T20:08:30.046" activeThreads="4">
  <mem-info id="190" free="6776368" total="8519680" percent="79">
    <mem type="nursery" free="1926912" total="2228224" percent="86">
      <mem type="allocate" free="1926912" total="1966080" percent="98" />
      <mem type="survivor" free="0" total="262144" percent="0" />
    </mem>
    <mem type="tenure" free="4849456" total="6291456" percent="77">
      <mem type="soa" free="4535088" total="5977088" percent="75" />
      <mem type="loa" free="314368" total="314368" percent="100" />
    </mem>
    <remembered-set count="56" />
  </mem-info>
</gc-end>
<cycle-end id="191" type="scavenge" contextid="185" timestamp="2019-07-02T20:08:30.046">
  <attribute name="GC Util" value="35" />
  <attribute name="CPU Util" value="19171662993278" />
  <attribute name="Time Running"value="602"/>
  <attribute name="Number of cores"value="4"/>
</cycle-end>
<allocation-satisfied id="192" threadId="0000000001503700" bytesRequested="17368" />
<af-end id="193" timestamp="2019-07-02T20:08:30.046" threadId="0000000001504088" success="true" from="nursery"/>
<exclusive-end id="194" timestamp="2019-07-02T20:08:30.046" durationms="0.656" />

<exclusive-start id="195" timestamp="2019-07-02T20:08:30.046" intervalms="0.815">
  <response-info timems="0.024" idlems="0.024" threads="0" lastid="0000000001503700" lastname="main" />
</exclusive-start>
<af-start id="196" threadId="0000000001504088" totalBytesRequested="18704" timestamp="2019-07-02T20:08:30.046" intervalms="0.812" type="nursery" />
<cycle-start id="197" type="scavenge" contextid="0" timestamp="2019-07-02T20:08:30.046" intervalms="0.813" />
  <attribute name="GC Util" value="35" />
  <attribute name="CPU Util" value="19171662993278" />
  <attribute name="Time Running"value="602"/>
  <attribute name="Number of cores"value="4"/>
<gc-start id="198" type="scavenge" contextid="197" timestamp="2019-07-02T20:08:30.046">
  <mem-info id="199" free="4849456" total="8519680" percent="56">
    <mem type="nursery" free="0" total="2228224" percent="0">
      <mem type="allocate" free="0" total="1966080" percent="0" />
      <mem type="survivor" free="0" total="262144" percent="0" />
    </mem>
    <mem type="tenure" free="4849456" total="6291456" percent="77">
      <mem type="soa" free="4535088" total="5977088" percent="75" />
      <mem type="loa" free="314368" total="314368" percent="100" />
    </mem>
    <remembered-set count="56" />
  </mem-info>
</gc-start>
<allocation-stats totalBytes="1641328" >
  <allocated-bytes non-tlh="52104" tlh="1589224" />
  <largest-consumer threadName="main" threadId="0000000001503700" bytes="1641328" />
</allocation-stats>
<gc-op id="200" type="scavenge" timems="0.131" contextid="197" timestamp="2019-07-02T20:08:30.047">
  <scavenger-info tenureage="3" tenuremask="fff8" tiltratio="88" />
  <memory-copied type="nursery" objects="2" bytes="37240" bytesdiscarded="1928" />
</gc-op>
<gc-end id="201" type="scavenge" contextid="197" durationms="0.287" usertimems="0.000" systemtimems="0.000" timestamp="2019-07-02T20:08:30.047" activeThreads="4">
  <mem-info id="202" free="6776368" total="8519680" percent="79">
    <mem type="nursery" free="1926912" total="2228224" percent="86">
      <mem type="allocate" free="1926912" total="1966080" percent="98" />
      <mem type="survivor" free="0" total="262144" percent="0" />
    </mem>
    <mem type="tenure" free="4849456" total="6291456" percent="77">
      <mem type="soa" free="4535088" total="5977088" percent="75" />
      <mem type="loa" free="314368" total="314368" percent="100" />
    </mem>
    <remembered-set count="56" />
  </mem-info>
</gc-end>
<cycle-end id="203" type="scavenge" contextid="197" timestamp="2019-07-02T20:08:30.047">
  <attribute name="GC Util" value="38" />
  <attribute name="CPU Util" value="22763444306278" />
  <attribute name="Time Running"value="603"/>
  <attribute name="Number of cores"value="4"/>
</cycle-end>
<allocation-satisfied id="204" threadId="0000000001503700" bytesRequested="18704" />
<af-end id="205" timestamp="2019-07-02T20:08:30.047" threadId="0000000001504088" success="true" from="nursery"/>
<exclusive-end id="206" timestamp="2019-07-02T20:08:30.047" durationms="0.650" />

<exclusive-start id="207" timestamp="2019-07-02T20:08:30.047" intervalms="0.812">
  <response-info timems="0.024" idlems="0.024" threads="0" lastid="0000000001503700" lastname="main" />
</exclusive-start>
<af-start id="208" threadId="0000000001504088" totalBytesRequested="39856" timestamp="2019-07-02T20:08:30.047" intervalms="0.814" type="nursery" />
<cycle-start id="209" type="scavenge" contextid="0" timestamp="2019-07-02T20:08:30.047" intervalms="0.812" />
  <attribute name="GC Util" value="38" />
  <attribute name="CPU Util" value="22763444306278" />
  <attribute name="Time Running"value="603"/>
  <attribute name="Number of cores"value="4"/>
<gc-start id="210" type="scavenge" contextid="209" timestamp="2019-07-02T20:08:30.047">
  <mem-info id="211" free="4849456" total="8519680" percent="56">
    <mem type="nursery" free="0" total="2228224" percent="0">
      <mem type="allocate" free="0" total="1966080" percent="0" />
      <mem type="survivor" free="0" total="262144" percent="0" />
    </mem>
    <mem type="tenure" free="4849456" total="6291456" percent="77">
      <mem type="soa" free="4535088" total="5977088" percent="75" />
      <mem type="loa" free="314368" total="314368" percent="100" />
    </mem>
    <remembered-set count="56" />
  </mem-info>
</gc-start>
<allocation-stats totalBytes="1661464" >
  <allocated-bytes non-tlh="56112" tlh="1605352" />
  <largest-consumer threadName="main" threadId="0000000001503700" bytes="1661464" />
</allocation-stats>
<gc-op id="212" type="scavenge" timems="0.130" contextid="209" timestamp="2019-07-02T20:08:30.047">
  <scavenger-info tenureage="3" tenuremask="fff8" tiltratio="88" />
  <memory-copied type="nursery" objects="2" bytes="19960" bytesdiscarded="19208" />
</gc-op>
<gc-end id="213" type="scavenge" contextid="209" durationms="0.284" usertimems="0.000" systemtimems="0.000" timestamp="2019-07-02T20:08:30.047" activeThreads="4">
  <mem-info id="214" free="6776368" total="8519680" percent="79">
    <mem type="nursery" free="1926912" total="2228224" percent="86">
      <mem type="allocate" free="1926912" total="1966080" percent="98" />
      <mem type="survivor" free="0" total="262144" percent="0" />
    </mem>
    <mem type="tenure" free="4849456" total="6291456" percent="77">
      <mem type="soa" free="4535088" total="5977088" percent="75" />
      <mem type="loa" free="314368" total="314368" percent="100" />
    </mem>
    <remembered-set count="56" />
  </mem-info>
</gc-end>
<cycle-end id="215" type="scavenge" contextid="209" timestamp="2019-07-02T20:08:30.047">
  <attribute name="GC Util" value="37" />
  <attribute name="CPU Util" value="22709890052562" />
  <attribute name="Time Running"value="604"/>
  <attribute name="Number of cores"value="4"/>
</cycle-end>
<allocation-satisfied id="216" threadId="0000000001503700" bytesRequested="39856" />
<af-end id="217" timestamp="2019-07-02T20:08:30.048" threadId="0000000001504088" success="true" from="nursery"/>
<exclusive-end id="218" timestamp="2019-07-02T20:08:30.048" durationms="0.651" />

<exclusive-start id="219" timestamp="2019-07-02T20:08:30.048" intervalms="0.809">
  <response-info timems="0.023" idlems="0.023" threads="0" lastid="0000000001503700" lastname="main" />
</exclusive-start>
<af-start id="220" threadId="0000000001504088" totalBytesRequested="21048" timestamp="2019-07-02T20:08:30.048" intervalms="0.808" type="nursery" />
<cycle-start id="221" type="scavenge" contextid="0" timestamp="2019-07-02T20:08:30.048" intervalms="0.809" />
  <attribute name="GC Util" value="37" />
  <attribute name="CPU Util" value="22709890052562" />
  <attribute name="Time Running"value="604"/>
  <attribute name="Number of cores"value="4"/>
<gc-start id="222" type="scavenge" contextid="221" timestamp="2019-07-02T20:08:30.048">
  <mem-info id="223" free="4849456" total="8519680" percent="56">
    <mem type="nursery" free="0" total="2228224" percent="0">
      <mem type="allocate" free="0" total="1966080" percent="0" />
      <mem type="survivor" free="0" total="262144" percent="0" />
    </mem>
    <mem type="tenure" free="4849456" total="6291456" percent="77">
      <mem type="soa" free="4535088" total="5977088" percent="75" />
      <mem type="loa" free="314368" total="314368" percent="100" />
    </mem>
    <remembered-set count="56" />
  </mem-info>
</gc-start>
<allocation-stats totalBytes="1621880" >
  <allocated-bytes non-tlh="79936" tlh="1541944" />
  <largest-consumer threadName="main" threadId="0000000001503700" bytes="1621880" />
</allocation-stats>
<gc-op id="224" type="scavenge" timems="0.129" contextid="221" timestamp="2019-07-02T20:08:30.048">
  <scavenger-info tenureage="3" tenuremask="fff8" tiltratio="88" />
  <memory-copied type="nursery" objects="4" bytes="21128" bytesdiscarded="18040" />
</gc-op>
<gc-end id="225" type="scavenge" contextid="221" durationms="0.284" usertimems="0.000" systemtimems="0.000" timestamp="2019-07-02T20:08:30.048" activeThreads="4">
  <mem-info id="226" free="6776368" total="8519680" percent="79">
    <mem type="nursery" free="1926912" total="2228224" percent="86">
      <mem type="allocate" free="1926912" total="1966080" percent="98" />
      <mem type="survivor" free="0" total="262144" percent="0" />
    </mem>
    <mem type="tenure" free="4849456" total="6291456" percent="77">
      <mem type="soa" free="4535088" total="5977088" percent="75" />
      <mem type="loa" free="314368" total="314368" percent="100" />
    </mem>
    <remembered-set count="56" />
  </mem-info>
</gc-end>
<cycle-end id="227" type="scavenge" contextid="221" timestamp="2019-07-02T20:08:30.048">
  <attribute name="GC Util" value="37" />
  <attribute name="CPU Util" value="22765663655496" />
  <attribute name="Time Running"value="604"/>
  <attribute name="Number of cores"value="4"/>
</cycle-end>
<allocation-satisfied id="228" threadId="0000000001503700" bytesRequested="21048" />
<af-end id="229" timestamp="2019-07-02T20:08:30.048" threadId="0000000001504088" success="true" from="nursery"/>
<exclusive-end id="230" timestamp="2019-07-02T20:08:30.048" durationms="0.649" />

<exclusive-start id="231" timestamp="2019-07-02T20:08:30.049" intervalms="0.803">
  <response-info timems="0.020" idlems="0.020" threads="0" lastid="0000000001503700" lastname="main" />
</exclusive-start>
<af-start id="232" threadId="0000000001504088" totalBytesRequested="44080" timestamp="2019-07-02T20:08:30.049" intervalms="0.803" type="nursery" />
<cycle-start id="233" type="scavenge" contextid="0" timestamp="2019-07-02T20:08:30.049" intervalms="0.803" />
  <attribute name="GC Util" value="37" />
  <attribute name="CPU Util" value="22765663655496" />
  <attribute name="Time Running"value="604"/>
  <attribute name="Number of cores"value="4"/>
<gc-start id="234" type="scavenge" contextid="233" timestamp="2019-07-02T20:08:30.049">
  <mem-info id="235" free="4849456" total="8519680" percent="56">
    <mem type="nursery" free="0" total="2228224" percent="0">
      <mem type="allocate" free="0" total="1966080" percent="0" />
      <mem type="survivor" free="0" total="262144" percent="0" />
    </mem>
    <mem type="tenure" free="4849456" total="6291456" percent="77">
      <mem type="soa" free="4535088" total="5977088" percent="75" />
      <mem type="loa" free="314368" total="314368" percent="100" />
    </mem>
    <remembered-set count="56" />
  </mem-info>
</gc-start>
<allocation-stats totalBytes="1575288" >
  <allocated-bytes non-tlh="105440" tlh="1469848" />
  <largest-consumer threadName="main" threadId="0000000001503700" bytes="1575288" />
</allocation-stats>
<gc-op id="236" type="scavenge" timems="0.136" contextid="233" timestamp="2019-07-02T20:08:30.049">
  <scavenger-info tenureage="3" tenuremask="fff8" tiltratio="88" />
  <memory-copied type="nursery" objects="2" bytes="22064" bytesdiscarded="17104" />
</gc-op>
<gc-end id="237" type="scavenge" contextid="233" durationms="0.302" usertimems="0.000" systemtimems="0.000" timestamp="2019-07-02T20:08:30.049" activeThreads="4">
  <mem-info id="238" free="6776368" total="8519680" percent="79">
    <mem type="nursery" free="1926912" total="2228224" percent="86">
      <mem type="allocate" free="1926912" total="1966080" percent="98" />
      <mem type="survivor" free="0" total="262144" percent="0" />
    </mem>
    <mem type="tenure" free="4849456" total="6291456" percent="77">
      <mem type="soa" free="4535088" total="5977088" percent="75" />
      <mem type="loa" free="314368" total="314368" percent="100" />
    </mem>
    <remembered-set count="56" />
  </mem-info>
</gc-end>
<cycle-end id="239" type="scavenge" contextid="233" timestamp="2019-07-02T20:08:30.049">
  <attribute name="GC Util" value="37" />
  <attribute name="CPU Util" value="22914726113925" />
  <attribute name="Time Running"value="605"/>
  <attribute name="Number of cores"value="4"/>
</cycle-end>
<allocation-satisfied id="240" threadId="0000000001503700" bytesRequested="44080" />
<af-end id="241" timestamp="2019-07-02T20:08:30.049" threadId="0000000001504088" success="true" from="nursery"/>
<exclusive-end id="242" timestamp="2019-07-02T20:08:30.049" durationms="0.677" />

<exclusive-start id="243" timestamp="2019-07-02T20:08:30.049" intervalms="0.829">
  <response-info timems="0.019" idlems="0.019" threads="0" lastid="0000000001503700" lastname="main" />
</exclusive-start>
<af-start id="244" threadId="0000000001504088" totalBytesRequested="46128" timestamp="2019-07-02T20:08:30.049" intervalms="0.830" type="nursery" />
<cycle-start id="245" type="scavenge" contextid="0" timestamp="2019-07-02T20:08:30.050" intervalms="0.830" />
  <attribute name="GC Util" value="37" />
  <attribute name="CPU Util" value="22914726113925" />
  <attribute name="Time Running"value="605"/>
  <attribute name="Number of cores"value="4"/>
<gc-start id="246" type="scavenge" contextid="245" timestamp="2019-07-02T20:08:30.050">
  <mem-info id="247" free="4849456" total="8519680" percent="56">
    <mem type="nursery" free="0" total="2228224" percent="0">
      <mem type="allocate" free="0" total="1966080" percent="0" />
      <mem type="survivor" free="0" total="262144" percent="0" />
    </mem>
    <mem type="tenure" free="4849456" total="6291456" percent="77">
      <mem type="soa" free="4535088" total="5977088" percent="75" />
      <mem type="loa" free="314368" total="314368" percent="100" />
    </mem>
    <remembered-set count="56" />
  </mem-info>
</gc-start>
<allocation-stats totalBytes="1534768" >
  <allocated-bytes non-tlh="132648" tlh="1402120" />
  <largest-consumer threadName="main" threadId="0000000001503700" bytes="1534768" />
</allocation-stats>
<gc-op id="248" type="scavenge" timems="0.125" contextid="245" timestamp="2019-07-02T20:08:30.050">
  <scavenger-info tenureage="3" tenuremask="fff8" tiltratio="88" />
  <memory-copied type="nursery" objects="2" bytes="23096" bytesdiscarded="16072" />
</gc-op>
<gc-end id="249" type="scavenge" contextid="245" durationms="0.282" usertimems="0.000" systemtimems="0.000" timestamp="2019-07-02T20:08:30.050" activeThreads="4">
  <mem-info id="250" free="6776368" total="8519680" percent="79">
    <mem type="nursery" free="1926912" total="2228224" percent="86">
      <mem type="allocate" free="1926912" total="1966080" percent="98" />
      <mem type="survivor" free="0" total="262144" percent="0" />
    </mem>
    <mem type="tenure" free="4849456" total="6291456" percent="77">
      <mem type="soa" free="4535088" total="5977088" percent="75" />
      <mem type="loa" free="314368" total="314368" percent="100" />
    </mem>
    <remembered-set count="56" />
  </mem-info>
</gc-end>
<cycle-end id="251" type="scavenge" contextid="245" timestamp="2019-07-02T20:08:30.050">
  <attribute name="GC Util" value="38" />
  <attribute name="CPU Util" value="22319271612404" />
  <attribute name="Time Running"value="606"/>
  <attribute name="Number of cores"value="4"/>
</cycle-end>
<allocation-satisfied id="252" threadId="0000000001503700" bytesRequested="46128" />
<af-end id="253" timestamp="2019-07-02T20:08:30.050" threadId="0000000001504088" success="true" from="nursery"/>
<exclusive-end id="254" timestamp="2019-07-02T20:08:30.050" durationms="0.651" />

<exclusive-start id="255" timestamp="2019-07-02T20:08:30.050" intervalms="0.814">
  <response-info timems="0.024" idlems="0.024" threads="0" lastid="0000000001503700" lastname="main" />
</exclusive-start>
<af-start id="256" threadId="0000000001504088" totalBytesRequested="24072" timestamp="2019-07-02T20:08:30.050" intervalms="0.812" type="nursery" />
<cycle-start id="257" type="scavenge" contextid="0" timestamp="2019-07-02T20:08:30.050" intervalms="0.812" />
  <attribute name="GC Util" value="38" />
  <attribute name="CPU Util" value="22319271612404" />
  <attribute name="Time Running"value="606"/>
  <attribute name="Number of cores"value="4"/>
<gc-start id="258" type="scavenge" contextid="257" timestamp="2019-07-02T20:08:30.050">
  <mem-info id="259" free="4849456" total="8519680" percent="56">
    <mem type="nursery" free="0" total="2228224" percent="0">
      <mem type="allocate" free="0" total="1966080" percent="0" />
      <mem type="survivor" free="0" total="262144" percent="0" />
    </mem>
    <mem type="tenure" free="4849456" total="6291456" percent="77">
      <mem type="soa" free="4535088" total="5977088" percent="75" />
      <mem type="loa" free="314368" total="314368" percent="100" />
    </mem>
    <remembered-set count="56" />
  </mem-info>
</gc-start>
<allocation-stats totalBytes="1671752" >
  <allocated-bytes non-tlh="185136" tlh="1486616" />
  <largest-consumer threadName="main" threadId="0000000001503700" bytes="1671752" />
</allocation-stats>
<gc-op id="260" type="scavenge" timems="0.108" contextid="257" timestamp="2019-07-02T20:08:30.051">
  <scavenger-info tenureage="3" tenuremask="fff8" tiltratio="88" />
  <memory-copied type="nursery" objects="4" bytes="24152" bytesdiscarded="15016" />
</gc-op>
<gc-end id="261" type="scavenge" contextid="257" durationms="0.262" usertimems="0.000" systemtimems="0.000" timestamp="2019-07-02T20:08:30.051" activeThreads="4">
  <mem-info id="262" free="6776368" total="8519680" percent="79">
    <mem type="nursery" free="1926912" total="2228224" percent="86">
      <mem type="allocate" free="1926912" total="1966080" percent="98" />
      <mem type="survivor" free="0" total="262144" percent="0" />
    </mem>
    <mem type="tenure" free="4849456" total="6291456" percent="77">
      <mem type="soa" free="4535088" total="5977088" percent="75" />
      <mem type="loa" free="314368" total="314368" percent="100" />
    </mem>
    <remembered-set count="56" />
  </mem-info>
</gc-end>
<cycle-end id="263" type="scavenge" contextid="257" timestamp="2019-07-02T20:08:30.051">
  <attribute name="GC Util" value="37" />
  <attribute name="CPU Util" value="22632375618962" />
  <attribute name="Time Running"value="607"/>
  <attribute name="Number of cores"value="4"/>
</cycle-end>
<allocation-satisfied id="264" threadId="0000000001503700" bytesRequested="24072" />
<af-end id="265" timestamp="2019-07-02T20:08:30.051" threadId="0000000001504088" success="true" from="nursery"/>
<exclusive-end id="266" timestamp="2019-07-02T20:08:30.051" durationms="0.631" />

<exclusive-start id="267" timestamp="2019-07-02T20:08:30.051" intervalms="0.795">
  <response-info timems="0.025" idlems="0.025" threads="0" lastid="0000000001503700" lastname="main" />
</exclusive-start>
<af-start id="268" threadId="0000000001504088" totalBytesRequested="25080" timestamp="2019-07-02T20:08:30.051" intervalms="0.793" type="nursery" />
<cycle-start id="269" type="scavenge" contextid="0" timestamp="2019-07-02T20:08:30.051" intervalms="0.793" />
  <attribute name="GC Util" value="37" />
  <attribute name="CPU Util" value="22632375618962" />
  <attribute name="Time Running"value="607"/>
  <attribute name="Number of cores"value="4"/>
<gc-start id="270" type="scavenge" contextid="269" timestamp="2019-07-02T20:08:30.051">
  <mem-info id="271" free="4849456" total="8519680" percent="56">
    <mem type="nursery" free="0" total="2228224" percent="0">
      <mem type="allocate" free="0" total="1966080" percent="0" />
      <mem type="survivor" free="0" total="262144" percent="0" />
    </mem>
    <mem type="tenure" free="4849456" total="6291456" percent="77">
      <mem type="soa" free="4535088" total="5977088" percent="75" />
      <mem type="loa" free="314368" total="314368" percent="100" />
    </mem>
    <remembered-set count="56" />
  </mem-info>
</gc-start>
<allocation-stats totalBytes="1671560" >
  <allocated-bytes non-tlh="217376" tlh="1454184" />
  <largest-consumer threadName="main" threadId="0000000001503700" bytes="1671560" />
</allocation-stats>
<gc-op id="272" type="scavenge" timems="0.123" contextid="269" timestamp="2019-07-02T20:08:30.051">
  <scavenger-info tenureage="3" tenuremask="fff8" tiltratio="88" />
  <memory-copied type="nursery" objects="4" bytes="25160" bytesdiscarded="14008" />
</gc-op>
<gc-end id="273" type="scavenge" contextid="269" durationms="0.279" usertimems="0.000" systemtimems="0.000" timestamp="2019-07-02T20:08:30.051" activeThreads="4">
  <mem-info id="274" free="6776368" total="8519680" percent="79">
    <mem type="nursery" free="1926912" total="2228224" percent="86">
      <mem type="allocate" free="1926912" total="1966080" percent="98" />
      <mem type="survivor" free="0" total="262144" percent="0" />
    </mem>
    <mem type="tenure" free="4849456" total="6291456" percent="77">
      <mem type="soa" free="4535088" total="5977088" percent="75" />
      <mem type="loa" free="314368" total="314368" percent="100" />
    </mem>
    <remembered-set count="56" />
  </mem-info>
</gc-end>
<cycle-end id="275" type="scavenge" contextid="269" timestamp="2019-07-02T20:08:30.052">
  <attribute name="GC Util" value="38" />
  <attribute name="CPU Util" value="23329784647634" />
  <attribute name="Time Running"value="608"/>
  <attribute name="Number of cores"value="4"/>
</cycle-end>
<allocation-satisfied id="276" threadId="0000000001503700" bytesRequested="25080" />
<af-end id="277" timestamp="2019-07-02T20:08:30.052" threadId="0000000001504088" success="true" from="nursery"/>
<exclusive-end id="278" timestamp="2019-07-02T20:08:30.052" durationms="0.641" />

<exclusive-start id="279" timestamp="2019-07-02T20:08:30.052" intervalms="0.810">
  <response-info timems="0.023" idlems="0.023" threads="0" lastid="0000000001503700" lastname="main" />
</exclusive-start>
<af-start id="280" threadId="0000000001504088" totalBytesRequested="26176" timestamp="2019-07-02T20:08:30.052" intervalms="0.812" type="nursery" />
<cycle-start id="281" type="scavenge" contextid="0" timestamp="2019-07-02T20:08:30.052" intervalms="0.811" />
  <attribute name="GC Util" value="38" />
  <attribute name="CPU Util" value="23329784647634" />
  <attribute name="Time Running"value="608"/>
  <attribute name="Number of cores"value="4"/>
<gc-start id="282" type="scavenge" contextid="281" timestamp="2019-07-02T20:08:30.052">
  <mem-info id="283" free="4849456" total="8519680" percent="56">
    <mem type="nursery" free="0" total="2228224" percent="0">
      <mem type="allocate" free="0" total="1966080" percent="0" />
      <mem type="survivor" free="0" total="262144" percent="0" />
    </mem>
    <mem type="tenure" free="4849456" total="6291456" percent="77">
      <mem type="soa" free="4535088" total="5977088" percent="75" />
      <mem type="loa" free="314368" total="314368" percent="100" />
    </mem>
    <remembered-set count="56" />
  </mem-info>
</gc-start>
<allocation-stats totalBytes="1744448" >
  <allocated-bytes non-tlh="226792" tlh="1517656" />
  <largest-consumer threadName="main" threadId="0000000001503700" bytes="1744448" />
</allocation-stats>
<gc-op id="284" type="scavenge" timems="0.106" contextid="281" timestamp="2019-07-02T20:08:30.052">
  <scavenger-info tenureage="3" tenuremask="fff8" tiltratio="88" />
  <memory-copied type="nursery" objects="4" bytes="26256" bytesdiscarded="12912" />
</gc-op>
<gc-end id="285" type="scavenge" contextid="281" durationms="0.267" usertimems="0.000" systemtimems="0.000" timestamp="2019-07-02T20:08:30.052" activeThreads="4">
  <mem-info id="286" free="6776368" total="8519680" percent="79">
    <mem type="nursery" free="1926912" total="2228224" percent="86">
      <mem type="allocate" free="1926912" total="1966080" percent="98" />
      <mem type="survivor" free="0" total="262144" percent="0" />
    </mem>
    <mem type="tenure" free="4849456" total="6291456" percent="77">
      <mem type="soa" free="4535088" total="5977088" percent="75" />
      <mem type="loa" free="314368" total="314368" percent="100" />
    </mem>
    <remembered-set count="56" />
  </mem-info>
</gc-end>
<cycle-end id="287" type="scavenge" contextid="281" timestamp="2019-07-02T20:08:30.052">
  <attribute name="GC Util" value="37" />
  <attribute name="CPU Util" value="22600321571656" />
  <attribute name="Time Running"value="609"/>
  <attribute name="Number of cores"value="4"/>
</cycle-end>
<allocation-satisfied id="288" threadId="0000000001503700" bytesRequested="26176" />
<af-end id="289" timestamp="2019-07-02T20:08:30.052" threadId="0000000001504088" success="true" from="nursery"/>
<exclusive-end id="290" timestamp="2019-07-02T20:08:30.052" durationms="0.633" />

<exclusive-start id="291" timestamp="2019-07-02T20:08:30.053" intervalms="0.800">
  <response-info timems="0.024" idlems="0.024" threads="0" lastid="0000000001503700" lastname="main" />
</exclusive-start>
<af-start id="292" threadId="0000000001504088" totalBytesRequested="27144" timestamp="2019-07-02T20:08:30.053" intervalms="0.800" type="nursery" />
<cycle-start id="293" type="scavenge" contextid="0" timestamp="2019-07-02T20:08:30.053" intervalms="0.800" />
  <attribute name="GC Util" value="37" />
  <attribute name="CPU Util" value="22600321571656" />
  <attribute name="Time Running"value="609"/>
  <attribute name="Number of cores"value="4"/>
<gc-start id="294" type="scavenge" contextid="293" timestamp="2019-07-02T20:08:30.053">
  <mem-info id="295" free="4849456" total="8519680" percent="56">
    <mem type="nursery" free="0" total="2228224" percent="0">
      <mem type="allocate" free="0" total="1966080" percent="0" />
      <mem type="survivor" free="0" total="262144" percent="0" />
    </mem>
    <mem type="tenure" free="4849456" total="6291456" percent="77">
      <mem type="soa" free="4535088" total="5977088" percent="75" />
      <mem type="loa" free="314368" total="314368" percent="100" />
    </mem>
    <remembered-set count="56" />
  </mem-info>
</gc-start>
<allocation-stats totalBytes="1703120" >
  <allocated-bytes non-tlh="288800" tlh="1414320" />
  <largest-consumer threadName="main" threadId="0000000001503700" bytes="1703120" />
</allocation-stats>
<gc-op id="296" type="scavenge" timems="0.124" contextid="293" timestamp="2019-07-02T20:08:30.053">
  <scavenger-info tenureage="14" tenuremask="4000" tiltratio="88" />
  <memory-copied type="nursery" objects="4" bytes="27224" bytesdiscarded="11944" />
</gc-op>
<gc-end id="297" type="scavenge" contextid="293" durationms="0.277" usertimems="0.000" systemtimems="0.000" timestamp="2019-07-02T20:08:30.053" activeThreads="4">
  <mem-info id="298" free="6776368" total="8519680" percent="79">
    <mem type="nursery" free="1926912" total="2228224" percent="86">
      <mem type="allocate" free="1926912" total="1966080" percent="98" />
      <mem type="survivor" free="0" total="262144" percent="0" />
    </mem>
    <mem type="tenure" free="4849456" total="6291456" percent="77">
      <mem type="soa" free="4535088" total="5977088" percent="75" />
      <mem type="loa" free="314368" total="314368" percent="100" />
    </mem>
    <remembered-set count="56" />
  </mem-info>
</gc-end>
<cycle-end id="299" type="scavenge" contextid="293" timestamp="2019-07-02T20:08:30.053">
  <attribute name="GC Util" value="37" />
  <attribute name="CPU Util" value="23199599653769" />
  <attribute name="Time Running"value="609"/>
  <attribute name="Number of cores"value="4"/>
</cycle-end>
<allocation-satisfied id="300" threadId="0000000001503700" bytesRequested="27144" />
<af-end id="301" timestamp="2019-07-02T20:08:30.053" threadId="0000000001504088" success="true" from="nursery"/>
<exclusive-end id="302" timestamp="2019-07-02T20:08:30.053" durationms="0.663" />

<exclusive-start id="303" timestamp="2019-07-02T20:08:30.053" intervalms="0.829">
  <response-info timems="0.024" idlems="0.024" threads="0" lastid="0000000001503700" lastname="main" />
</exclusive-start>
<af-start id="304" threadId="0000000001504088" totalBytesRequested="56096" timestamp="2019-07-02T20:08:30.054" intervalms="0.828" type="nursery" />
<cycle-start id="305" type="scavenge" contextid="0" timestamp="2019-07-02T20:08:30.054" intervalms="0.829" />
  <attribute name="GC Util" value="37" />
  <attribute name="CPU Util" value="23199599653769" />
  <attribute name="Time Running"value="609"/>
  <attribute name="Number of cores"value="4"/>
<gc-start id="306" type="scavenge" contextid="305" timestamp="2019-07-02T20:08:30.054">
  <mem-info id="307" free="4849456" total="8519680" percent="56">
    <mem type="nursery" free="0" total="2228224" percent="0">
      <mem type="allocate" free="0" total="1966080" percent="0" />
      <mem type="survivor" free="0" total="262144" percent="0" />
    </mem>
    <mem type="tenure" free="4849456" total="6291456" percent="77">
      <mem type="soa" free="4535088" total="5977088" percent="75" />
      <mem type="loa" free="314368" total="314368" percent="100" />
    </mem>
    <remembered-set count="56" />
  </mem-info>
</gc-start>
<allocation-stats totalBytes="1684136" >
  <allocated-bytes non-tlh="327664" tlh="1356472" />
  <largest-consumer threadName="main" threadId="0000000001503700" bytes="1684136" />
</allocation-stats>
<gc-op id="308" type="scavenge" timems="0.108" contextid="305" timestamp="2019-07-02T20:08:30.054">
  <scavenger-info tenureage="14" tenuremask="4000" tiltratio="88" />
  <memory-copied type="nursery" objects="2" bytes="28072" bytesdiscarded="11096" />
</gc-op>
<gc-end id="309" type="scavenge" contextid="305" durationms="0.266" usertimems="4.000" systemtimems="0.000" timestamp="2019-07-02T20:08:30.054" activeThreads="4">
  <mem-info id="310" free="6776368" total="8519680" percent="79">
    <mem type="nursery" free="1926912" total="2228224" percent="86">
      <mem type="allocate" free="1926912" total="1966080" percent="98" />
      <mem type="survivor" free="0" total="262144" percent="0" />
    </mem>
    <mem type="tenure" free="4849456" total="6291456" percent="77">
      <mem type="soa" free="4535088" total="5977088" percent="75" />
      <mem type="loa" free="314368" total="314368" percent="100" />
    </mem>
    <remembered-set count="56" />
  </mem-info>
</gc-end>
<cycle-end id="311" type="scavenge" contextid="305" timestamp="2019-07-02T20:08:30.054">
  <attribute name="GC Util" value="36" />
  <attribute name="CPU Util" value="22201106608035" />
  <attribute name="Time Running"value="610"/>
  <attribute name="Number of cores"value="4"/>
</cycle-end>
<allocation-satisfied id="312" threadId="0000000001503700" bytesRequested="56096" />
<af-end id="313" timestamp="2019-07-02T20:08:30.054" threadId="0000000001504088" success="true" from="nursery"/>
<exclusive-end id="314" timestamp="2019-07-02T20:08:30.054" durationms="0.632" />

<exclusive-start id="315" timestamp="2019-07-02T20:08:30.054" intervalms="0.798">
  <response-info timems="0.024" idlems="0.024" threads="0" lastid="0000000001503700" lastname="main" />
</exclusive-start>
<af-start id="316" threadId="0000000001504088" totalBytesRequested="58152" timestamp="2019-07-02T20:08:30.054" intervalms="0.799" type="nursery" />
<cycle-start id="317" type="scavenge" contextid="0" timestamp="2019-07-02T20:08:30.054" intervalms="0.799" />
  <attribute name="GC Util" value="36" />
  <attribute name="CPU Util" value="22201106608035" />
  <attribute name="Time Running"value="610"/>
  <attribute name="Number of cores"value="4"/>
<gc-start id="318" type="scavenge" contextid="317" timestamp="2019-07-02T20:08:30.054">
  <mem-info id="319" free="4849456" total="8519680" percent="56">
    <mem type="nursery" free="0" total="2228224" percent="0">
      <mem type="allocate" free="0" total="1966080" percent="0" />
      <mem type="survivor" free="0" total="262144" percent="0" />
    </mem>
    <mem type="tenure" free="4849456" total="6291456" percent="77">
      <mem type="soa" free="4535088" total="5977088" percent="75" />
      <mem type="loa" free="314368" total="314368" percent="100" />
    </mem>
    <remembered-set count="56" />
  </mem-info>
</gc-start>
<allocation-stats totalBytes="1713304" >
  <allocated-bytes non-tlh="338688" tlh="1374616" />
  <largest-consumer threadName="main" threadId="0000000001503700" bytes="1713304" />
</allocation-stats>
<gc-op id="320" type="scavenge" timems="0.106" contextid="317" timestamp="2019-07-02T20:08:30.055">
  <scavenger-info tenureage="14" tenuremask="4000" tiltratio="88" />
  <memory-copied type="nursery" objects="2" bytes="29104" bytesdiscarded="10064" />
</gc-op>
<gc-end id="321" type="scavenge" contextid="317" durationms="0.263" usertimems="0.000" systemtimems="0.000" timestamp="2019-07-02T20:08:30.055" activeThreads="4">
  <mem-info id="322" free="6776368" total="8519680" percent="79">
    <mem type="nursery" free="1926912" total="2228224" percent="86">
      <mem type="allocate" free="1926912" total="1966080" percent="98" />
      <mem type="survivor" free="0" total="262144" percent="0" />
    </mem>
    <mem type="tenure" free="4849456" total="6291456" percent="77">
      <mem type="soa" free="4535088" total="5977088" percent="75" />
      <mem type="loa" free="314368" total="314368" percent="100" />
    </mem>
    <remembered-set count="56" />
  </mem-info>
</gc-end>
<cycle-end id="323" type="scavenge" contextid="317" timestamp="2019-07-02T20:08:30.055">
  <attribute name="GC Util" value="38" />
  <attribute name="CPU Util" value="23155015447987" />
  <attribute name="Time Running"value="611"/>
  <attribute name="Number of cores"value="4"/>
</cycle-end>
<allocation-satisfied id="324" threadId="0000000001503700" bytesRequested="58152" />
<af-end id="325" timestamp="2019-07-02T20:08:30.055" threadId="0000000001504088" success="true" from="nursery"/>
<exclusive-end id="326" timestamp="2019-07-02T20:08:30.055" durationms="0.624" />

<exclusive-start id="327" timestamp="2019-07-02T20:08:30.055" intervalms="0.786">
  <response-info timems="0.024" idlems="0.024" threads="0" lastid="0000000001503700" lastname="main" />
</exclusive-start>
<af-start id="328" threadId="0000000001504088" totalBytesRequested="29936" timestamp="2019-07-02T20:08:30.055" intervalms="0.785" type="nursery" />
<cycle-start id="329" type="scavenge" contextid="0" timestamp="2019-07-02T20:08:30.055" intervalms="0.786" />
  <attribute name="GC Util" value="38" />
  <attribute name="CPU Util" value="23155015447987" />
  <attribute name="Time Running"value="611"/>
  <attribute name="Number of cores"value="4"/>
<gc-start id="330" type="scavenge" contextid="329" timestamp="2019-07-02T20:08:30.055">
  <mem-info id="331" free="4849456" total="8519680" percent="56">
    <mem type="nursery" free="0" total="2228224" percent="0">
      <mem type="allocate" free="0" total="1966080" percent="0" />
      <mem type="survivor" free="0" total="262144" percent="0" />
    </mem>
    <mem type="tenure" free="4849456" total="6291456" percent="77">
      <mem type="soa" free="4535088" total="5977088" percent="75" />
      <mem type="loa" free="314368" total="314368" percent="100" />
    </mem>
    <remembered-set count="56" />
  </mem-info>
</gc-start>
<allocation-stats totalBytes="1712040" >
  <allocated-bytes non-tlh="350856" tlh="1361184" />
  <largest-consumer threadName="main" threadId="0000000001503700" bytes="1712040" />
</allocation-stats>
<gc-op id="332" type="scavenge" timems="0.107" contextid="329" timestamp="2019-07-02T20:08:30.056">
  <scavenger-info tenureage="14" tenuremask="4000" tiltratio="88" />
  <memory-copied type="nursery" objects="2" bytes="59888" bytesdiscarded="39144" />
</gc-op>
<gc-end id="333" type="scavenge" contextid="329" durationms="0.430" usertimems="0.000" systemtimems="0.000" timestamp="2019-07-02T20:08:30.056" activeThreads="4">
  <mem-info id="334" free="6716504" total="8519680" percent="78">
    <mem type="nursery" free="1867048" total="2228224" percent="83">
      <mem type="allocate" free="1867048" total="1966080" percent="94" />
      <mem type="survivor" free="0" total="262144" percent="0" />
    </mem>
    <mem type="tenure" free="4849456" total="6291456" percent="77">
      <mem type="soa" free="4535088" total="5977088" percent="75" />
      <mem type="loa" free="314368" total="314368" percent="100" />
    </mem>
    <remembered-set count="56" />
  </mem-info>
</gc-end>
<cycle-end id="335" type="scavenge" contextid="329" timestamp="2019-07-02T20:08:30.056">
  <attribute name="GC Util" value="31" />
  <attribute name="CPU Util" value="19381942163123" />
  <attribute name="Time Running"value="612"/>
  <attribute name="Number of cores"value="4"/>
</cycle-end>
<allocation-satisfied id="336" threadId="0000000001503700" bytesRequested="29936" />
<af-end id="337" timestamp="2019-07-02T20:08:30.056" threadId="0000000001504088" success="true" from="nursery"/>
<exclusive-end id="338" timestamp="2019-07-02T20:08:30.056" durationms="0.795" />

<exclusive-start id="339" timestamp="2019-07-02T20:08:30.056" intervalms="0.967">
  <response-info timems="0.020" idlems="0.020" threads="0" lastid="0000000001503700" lastname="main" />
</exclusive-start>
<af-start id="340" threadId="0000000001504088" totalBytesRequested="30776" timestamp="2019-07-02T20:08:30.056" intervalms="0.969" type="nursery" />
<cycle-start id="341" type="scavenge" contextid="0" timestamp="2019-07-02T20:08:30.056" intervalms="0.968" />
  <attribute name="GC Util" value="31" />
  <attribute name="CPU Util" value="19381942163123" />
  <attribute name="Time Running"value="612"/>
  <attribute name="Number of cores"value="4"/>
<gc-start id="342" type="scavenge" contextid="341" timestamp="2019-07-02T20:08:30.056">
  <mem-info id="343" free="4849456" total="8519680" percent="56">
    <mem type="nursery" free="0" total="2228224" percent="0">
      <mem type="allocate" free="0" total="1966080" percent="0" />
      <mem type="survivor" free="0" total="262144" percent="0" />
    </mem>
    <mem type="tenure" free="4849456" total="6291456" percent="77">
      <mem type="soa" free="4535088" total="5977088" percent="75" />
      <mem type="loa" free="314368" total="314368" percent="100" />
    </mem>
    <remembered-set count="56" />
  </mem-info>
</gc-start>
<allocation-stats totalBytes="1700992" >
  <allocated-bytes non-tlh="391744" tlh="1309248" />
  <largest-consumer threadName="main" threadId="0000000001503700" bytes="1700992" />
</allocation-stats>
<gc-op id="344" type="scavenge" timems="0.106" contextid="341" timestamp="2019-07-02T20:08:30.056">
  <scavenger-info tenureage="14" tenuremask="4000" tiltratio="88" />
  <memory-copied type="nursery" objects="2" bytes="61568" bytesdiscarded="39144" />
</gc-op>
<gc-end id="345" type="scavenge" contextid="341" durationms="0.261" usertimems="0.000" systemtimems="0.000" timestamp="2019-07-02T20:08:30.056" activeThreads="4">
  <mem-info id="346" free="6714824" total="8519680" percent="78">
    <mem type="nursery" free="1865368" total="2228224" percent="83">
      <mem type="allocate" free="1865368" total="1966080" percent="94" />
      <mem type="survivor" free="0" total="262144" percent="0" />
    </mem>
    <mem type="tenure" free="4849456" total="6291456" percent="77">
      <mem type="soa" free="4535088" total="5977088" percent="75" />
      <mem type="loa" free="314368" total="314368" percent="100" />
    </mem>
    <remembered-set count="56" />
  </mem-info>
</gc-end>
<cycle-end id="347" type="scavenge" contextid="341" timestamp="2019-07-02T20:08:30.057">
  <attribute name="GC Util" value="37" />
  <attribute name="CPU Util" value="22998604968550" />
  <attribute name="Time Running"value="613"/>
  <attribute name="Number of cores"value="4"/>
</cycle-end>
<allocation-satisfied id="348" threadId="0000000001503700" bytesRequested="30776" />
<af-end id="349" timestamp="2019-07-02T20:08:30.057" threadId="0000000001504088" success="true" from="nursery"/>
<exclusive-end id="350" timestamp="2019-07-02T20:08:30.057" durationms="0.634" />

<exclusive-start id="351" timestamp="2019-07-02T20:08:30.057" intervalms="0.799">
  <response-info timems="0.023" idlems="0.023" threads="0" lastid="0000000001503700" lastname="main" />
</exclusive-start>
<af-start id="352" threadId="0000000001504088" totalBytesRequested="31664" timestamp="2019-07-02T20:08:30.057" intervalms="0.800" type="nursery" />
<cycle-start id="353" type="scavenge" contextid="0" timestamp="2019-07-02T20:08:30.057" intervalms="0.800" />
  <attribute name="GC Util" value="37" />
  <attribute name="CPU Util" value="22998604968550" />
  <attribute name="Time Running"value="613"/>
  <attribute name="Number of cores"value="4"/>
<gc-start id="354" type="scavenge" contextid="353" timestamp="2019-07-02T20:08:30.057">
  <mem-info id="355" free="4849456" total="8519680" percent="56">
    <mem type="nursery" free="0" total="2228224" percent="0">
      <mem type="allocate" free="0" total="1966080" percent="0" />
      <mem type="survivor" free="0" total="262144" percent="0" />
    </mem>
    <mem type="tenure" free="4849456" total="6291456" percent="77">
      <mem type="soa" free="4535088" total="5977088" percent="75" />
      <mem type="loa" free="314368" total="314368" percent="100" />
    </mem>
    <remembered-set count="56" />
  </mem-info>
</gc-start>
<allocation-stats totalBytes="1654504" >
  <allocated-bytes non-tlh="402848" tlh="1251656" />
  <largest-consumer threadName="main" threadId="0000000001503700" bytes="1654504" />
</allocation-stats>
<gc-op id="356" type="scavenge" timems="0.138" contextid="353" timestamp="2019-07-02T20:08:30.057">
  <scavenger-info tenureage="14" tenuremask="4000" tiltratio="88" />
  <memory-copied type="nursery" objects="4" bytes="31744" bytesdiscarded="7424" />
</gc-op>
<gc-end id="357" type="scavenge" contextid="353" durationms="0.316" usertimems="4.000" systemtimems="0.000" timestamp="2019-07-02T20:08:30.057" activeThreads="4">
  <mem-info id="358" free="6776368" total="8519680" percent="79">
    <mem type="nursery" free="1926912" total="2228224" percent="86">
      <mem type="allocate" free="1926912" total="1966080" percent="98" />
      <mem type="survivor" free="0" total="262144" percent="0" />
    </mem>
    <mem type="tenure" free="4849456" total="6291456" percent="77">
      <mem type="soa" free="4535088" total="5977088" percent="75" />
      <mem type="loa" free="314368" total="314368" percent="100" />
    </mem>
    <remembered-set count="56" />
  </mem-info>
</gc-end>
<cycle-end id="359" type="scavenge" contextid="353" timestamp="2019-07-02T20:08:30.057">
  <attribute name="GC Util" value="36" />
  <attribute name="CPU Util" value="22490626120005" />
  <attribute name="Time Running"value="614"/>
  <attribute name="Number of cores"value="4"/>
</cycle-end>
<allocation-satisfied id="360" threadId="0000000001503700" bytesRequested="31664" />
<af-end id="361" timestamp="2019-07-02T20:08:30.057" threadId="0000000001504088" success="true" from="nursery"/>
<exclusive-end id="362" timestamp="2019-07-02T20:08:30.058" durationms="0.685" />

<exclusive-start id="363" timestamp="2019-07-02T20:08:30.058" intervalms="0.851">
  <response-info timems="0.024" idlems="0.024" threads="0" lastid="0000000001503700" lastname="main" />
</exclusive-start>
<af-start id="364" threadId="0000000001504088" totalBytesRequested="64880" timestamp="2019-07-02T20:08:30.058" intervalms="0.848" type="nursery" />
<cycle-start id="365" type="scavenge" contextid="0" timestamp="2019-07-02T20:08:30.058" intervalms="0.850" />
  <attribute name="GC Util" value="36" />
  <attribute name="CPU Util" value="22490626120005" />
  <attribute name="Time Running"value="614"/>
  <attribute name="Number of cores"value="4"/>
<gc-start id="366" type="scavenge" contextid="365" timestamp="2019-07-02T20:08:30.058">
  <mem-info id="367" free="4849456" total="8519680" percent="56">
    <mem type="nursery" free="0" total="2228224" percent="0">
      <mem type="allocate" free="0" total="1966080" percent="0" />
      <mem type="survivor" free="0" total="262144" percent="0" />
    </mem>
    <mem type="tenure" free="4849456" total="6291456" percent="77">
      <mem type="soa" free="4535088" total="5977088" percent="75" />
      <mem type="loa" free="314368" total="314368" percent="100" />
    </mem>
    <remembered-set count="56" />
  </mem-info>
</gc-start>
<allocation-stats totalBytes="1699272" >
  <allocated-bytes non-tlh="477200" tlh="1222072" />
  <largest-consumer threadName="main" threadId="0000000001503700" bytes="1699272" />
</allocation-stats>
<gc-op id="368" type="scavenge" timems="0.107" contextid="365" timestamp="2019-07-02T20:08:30.058">
  <scavenger-info tenureage="14" tenuremask="4000" tiltratio="88" />
  <memory-copied type="nursery" objects="2" bytes="32472" bytesdiscarded="6696" />
</gc-op>
<gc-end id="369" type="scavenge" contextid="365" durationms="0.262" usertimems="0.000" systemtimems="0.000" timestamp="2019-07-02T20:08:30.058" activeThreads="4">
  <mem-info id="370" free="6776368" total="8519680" percent="79">
    <mem type="nursery" free="1926912" total="2228224" percent="86">
      <mem type="allocate" free="1926912" total="1966080" percent="98" />
      <mem type="survivor" free="0" total="262144" percent="0" />
    </mem>
    <mem type="tenure" free="4849456" total="6291456" percent="77">
      <mem type="soa" free="4535088" total="5977088" percent="75" />
      <mem type="loa" free="314368" total="314368" percent="100" />
    </mem>
    <remembered-set count="56" />
  </mem-info>
</gc-end>
<cycle-end id="371" type="scavenge" contextid="365" timestamp="2019-07-02T20:08:30.058">
  <attribute name="GC Util" value="40" />
  <attribute name="CPU Util" value="22243216215353" />
  <attribute name="Time Running"value="614"/>
  <attribute name="Number of cores"value="4"/>
</cycle-end>
<allocation-satisfied id="372" threadId="0000000001503700" bytesRequested="64880" />
<af-end id="373" timestamp="2019-07-02T20:08:30.058" threadId="0000000001504088" success="true" from="nursery"/>
<exclusive-end id="374" timestamp="2019-07-02T20:08:30.058" durationms="0.627" />

<exclusive-start id="375" timestamp="2019-07-02T20:08:30.058" intervalms="0.792">
  <response-info timems="0.023" idlems="0.023" threads="0" lastid="0000000001503700" lastname="main" />
</exclusive-start>
<af-start id="376" threadId="0000000001504088" totalBytesRequested="33328" timestamp="2019-07-02T20:08:30.059" intervalms="0.793" type="nursery" />
<cycle-start id="377" type="scavenge" contextid="0" timestamp="2019-07-02T20:08:30.059" intervalms="0.790" />
  <attribute name="GC Util" value="40" />
  <attribute name="CPU Util" value="22243216215353" />
  <attribute name="Time Running"value="614"/>
  <attribute name="Number of cores"value="4"/>
<gc-start id="378" type="scavenge" contextid="377" timestamp="2019-07-02T20:08:30.059">
  <mem-info id="379" free="4849456" total="8519680" percent="56">
    <mem type="nursery" free="0" total="2228224" percent="0">
      <mem type="allocate" free="0" total="1966080" percent="0" />
      <mem type="survivor" free="0" total="262144" percent="0" />
    </mem>
    <mem type="tenure" free="4849456" total="6291456" percent="77">
      <mem type="soa" free="4535088" total="5977088" percent="75" />
      <mem type="loa" free="314368" total="314368" percent="100" />
    </mem>
    <remembered-set count="56" />
  </mem-info>
</gc-start>
<allocation-stats totalBytes="1678296" >
  <allocated-bytes non-tlh="655888" tlh="1022408" />
  <largest-consumer threadName="main" threadId="0000000001503700" bytes="1678296" />
</allocation-stats>
<gc-op id="380" type="scavenge" timems="0.107" contextid="377" timestamp="2019-07-02T20:08:30.059">
  <scavenger-info tenureage="14" tenuremask="4000" tiltratio="88" />
  <memory-copied type="nursery" objects="4" bytes="33408" bytesdiscarded="5760" />
</gc-op>
<gc-end id="381" type="scavenge" contextid="377" durationms="0.265" usertimems="0.000" systemtimems="0.000" timestamp="2019-07-02T20:08:30.059" activeThreads="4">
  <mem-info id="382" free="6776368" total="8519680" percent="79">
    <mem type="nursery" free="1926912" total="2228224" percent="86">
      <mem type="allocate" free="1926912" total="1966080" percent="98" />
      <mem type="survivor" free="0" total="262144" percent="0" />
    </mem>
    <mem type="tenure" free="4849456" total="6291456" percent="77">
      <mem type="soa" free="4535088" total="5977088" percent="75" />
      <mem type="loa" free="314368" total="314368" percent="100" />
    </mem>
    <remembered-set count="56" />
  </mem-info>
</gc-end>
<cycle-end id="383" type="scavenge" contextid="377" timestamp="2019-07-02T20:08:30.059">
  <attribute name="GC Util" value="38" />
  <attribute name="CPU Util" value="23350190722688" />
  <attribute name="Time Running"value="615"/>
  <attribute name="Number of cores"value="4"/>
</cycle-end>
<allocation-satisfied id="384" threadId="0000000001503700" bytesRequested="33328" />
<af-end id="385" timestamp="2019-07-02T20:08:30.059" threadId="0000000001504088" success="true" from="nursery"/>
<exclusive-end id="386" timestamp="2019-07-02T20:08:30.059" durationms="0.622" />

<exclusive-start id="387" timestamp="2019-07-02T20:08:30.059" intervalms="0.783">
  <response-info timems="0.023" idlems="0.023" threads="0" lastid="0000000001503700" lastname="main" />
</exclusive-start>
<af-start id="388" threadId="0000000001504088" totalBytesRequested="34104" timestamp="2019-07-02T20:08:30.059" intervalms="0.782" type="nursery" />
<cycle-start id="389" type="scavenge" contextid="0" timestamp="2019-07-02T20:08:30.059" intervalms="0.782" />
  <attribute name="GC Util" value="38" />
  <attribute name="CPU Util" value="23350190722688" />
  <attribute name="Time Running"value="615"/>
  <attribute name="Number of cores"value="4"/>
<gc-start id="390" type="scavenge" contextid="389" timestamp="2019-07-02T20:08:30.059">
  <mem-info id="391" free="4849456" total="8519680" percent="56">
    <mem type="nursery" free="0" total="2228224" percent="0">
      <mem type="allocate" free="0" total="1966080" percent="0" />
      <mem type="survivor" free="0" total="262144" percent="0" />
    </mem>
    <mem type="tenure" free="4849456" total="6291456" percent="77">
      <mem type="soa" free="4535088" total="5977088" percent="75" />
      <mem type="loa" free="314368" total="314368" percent="100" />
    </mem>
    <remembered-set count="56" />
  </mem-info>
</gc-start>
<allocation-stats totalBytes="1718632" >
  <allocated-bytes non-tlh="637656" tlh="1080976" />
  <largest-consumer threadName="main" threadId="0000000001503700" bytes="1718632" />
</allocation-stats>
<gc-op id="392" type="scavenge" timems="0.106" contextid="389" timestamp="2019-07-02T20:08:30.060">
  <scavenger-info tenureage="14" tenuremask="4000" tiltratio="88" />
  <memory-copied type="nursery" objects="2" bytes="68216" bytesdiscarded="39144" />
</gc-op>
<gc-end id="393" type="scavenge" contextid="389" durationms="0.263" usertimems="0.000" systemtimems="0.000" timestamp="2019-07-02T20:08:30.060" activeThreads="4">
  <mem-info id="394" free="6708176" total="8519680" percent="78">
    <mem type="nursery" free="1858720" total="2228224" percent="83">
      <mem type="allocate" free="1858720" total="1966080" percent="94" />
      <mem type="survivor" free="0" total="262144" percent="0" />
    </mem>
    <mem type="tenure" free="4849456" total="6291456" percent="77">
      <mem type="soa" free="4535088" total="5977088" percent="75" />
      <mem type="loa" free="314368" total="314368" percent="100" />
    </mem>
    <remembered-set count="56" />
  </mem-info>
</gc-end>
<cycle-end id="395" type="scavenge" contextid="389" timestamp="2019-07-02T20:08:30.060">
  <attribute name="GC Util" value="38" />
  <attribute name="CPU Util" value="23608387475820" />
  <attribute name="Time Running"value="616"/>
  <attribute name="Number of cores"value="4"/>
</cycle-end>
<allocation-satisfied id="396" threadId="0000000001503700" bytesRequested="34104" />
<af-end id="397" timestamp="2019-07-02T20:08:30.060" threadId="0000000001504088" success="true" from="nursery"/>
<exclusive-end id="398" timestamp="2019-07-02T20:08:30.060" durationms="0.627" />

<exclusive-start id="399" timestamp="2019-07-02T20:08:30.060" intervalms="0.784">
  <response-info timems="0.024" idlems="0.024" threads="0" lastid="0000000001503700" lastname="main" />
</exclusive-start>
<af-start id="400" threadId="0000000001504088" totalBytesRequested="69688" timestamp="2019-07-02T20:08:30.060" intervalms="0.783" type="nursery" />
<cycle-start id="401" type="scavenge" contextid="0" timestamp="2019-07-02T20:08:30.060" intervalms="0.783" />
  <attribute name="GC Util" value="38" />
  <attribute name="CPU Util" value="23608387475820" />
  <attribute name="Time Running"value="616"/>
  <attribute name="Number of cores"value="4"/>
<gc-start id="402" type="scavenge" contextid="401" timestamp="2019-07-02T20:08:30.060">
  <mem-info id="403" free="4873168" total="8519680" percent="57">
    <mem type="nursery" free="23712" total="2228224" percent="1">
      <mem type="allocate" free="23712" total="1966080" percent="1" />
      <mem type="survivor" free="0" total="262144" percent="0" />
    </mem>
    <mem type="tenure" free="4849456" total="6291456" percent="77">
      <mem type="soa" free="4535088" total="5977088" percent="75" />
      <mem type="loa" free="314368" total="314368" percent="100" />
    </mem>
    <remembered-set count="56" />
  </mem-info>
</gc-start>
<allocation-stats totalBytes="1647896" >
  <allocated-bytes non-tlh="584344" tlh="1063552" />
  <largest-consumer threadName="main" threadId="0000000001503700" bytes="1647896" />
</allocation-stats>
<gc-op id="404" type="scavenge" timems="0.124" contextid="401" timestamp="2019-07-02T20:08:30.060">
  <scavenger-info tenureage="14" tenuremask="4000" tiltratio="88" />
  <memory-copied type="nursery" objects="2" bytes="34872" bytesdiscarded="4296" />
</gc-op>
<gc-end id="405" type="scavenge" contextid="401" durationms="0.280" usertimems="0.000" systemtimems="0.000" timestamp="2019-07-02T20:08:30.060" activeThreads="4">
  <mem-info id="406" free="6776368" total="8519680" percent="79">
    <mem type="nursery" free="1926912" total="2228224" percent="86">
      <mem type="allocate" free="1926912" total="1966080" percent="98" />
      <mem type="survivor" free="0" total="262144" percent="0" />
    </mem>
    <mem type="tenure" free="4849456" total="6291456" percent="77">
      <mem type="soa" free="4535088" total="5977088" percent="75" />
      <mem type="loa" free="314368" total="314368" percent="100" />
    </mem>
    <remembered-set count="56" />
  </mem-info>
</gc-end>
<cycle-end id="407" type="scavenge" contextid="401" timestamp="2019-07-02T20:08:30.061">
  <attribute name="GC Util" value="37" />
  <attribute name="CPU Util" value="23435745593591" />
  <attribute name="Time Running"value="617"/>
  <attribute name="Number of cores"value="4"/>
</cycle-end>
<allocation-satisfied id="408" threadId="0000000001503700" bytesRequested="69688" />
<af-end id="409" timestamp="2019-07-02T20:08:30.061" threadId="0000000001504088" success="true" from="nursery"/>
<exclusive-end id="410" timestamp="2019-07-02T20:08:30.061" durationms="0.644" />

<exclusive-start id="411" timestamp="2019-07-02T20:08:30.061" intervalms="0.811">
  <response-info timems="0.024" idlems="0.024" threads="0" lastid="0000000001503700" lastname="main" />
</exclusive-start>
<af-start id="412" threadId="0000000001504088" totalBytesRequested="71272" timestamp="2019-07-02T20:08:30.061" intervalms="0.813" type="nursery" />
<cycle-start id="413" type="scavenge" contextid="0" timestamp="2019-07-02T20:08:30.061" intervalms="0.815" />
  <attribute name="GC Util" value="37" />
  <attribute name="CPU Util" value="23435745593591" />
  <attribute name="Time Running"value="617"/>
  <attribute name="Number of cores"value="4"/>
<gc-start id="414" type="scavenge" contextid="413" timestamp="2019-07-02T20:08:30.061">
  <mem-info id="415" free="4849456" total="8519680" percent="56">
    <mem type="nursery" free="0" total="2228224" percent="0">
      <mem type="allocate" free="0" total="1966080" percent="0" />
      <mem type="survivor" free="0" total="262144" percent="0" />
    </mem>
    <mem type="tenure" free="4849456" total="6291456" percent="77">
      <mem type="soa" free="4535088" total="5977088" percent="75" />
      <mem type="loa" free="314368" total="314368" percent="100" />
    </mem>
    <remembered-set count="56" />
  </mem-info>
</gc-start>
<allocation-stats totalBytes="1704424" >
  <allocated-bytes non-tlh="667024" tlh="1037400" />
  <largest-consumer threadName="main" threadId="0000000001503700" bytes="1704424" />
</allocation-stats>
<gc-op id="416" type="scavenge" timems="0.110" contextid="413" timestamp="2019-07-02T20:08:30.061">
  <scavenger-info tenureage="14" tenuremask="4000" tiltratio="88" />
  <memory-copied type="nursery" objects="2" bytes="35664" bytesdiscarded="3504" />
</gc-op>
<gc-end id="417" type="scavenge" contextid="413" durationms="0.265" usertimems="0.000" systemtimems="0.000" timestamp="2019-07-02T20:08:30.061" activeThreads="4">
  <mem-info id="418" free="6776368" total="8519680" percent="79">
    <mem type="nursery" free="1926912" total="2228224" percent="86">
      <mem type="allocate" free="1926912" total="1966080" percent="98" />
      <mem type="survivor" free="0" total="262144" percent="0" />
    </mem>
    <mem type="tenure" free="4849456" total="6291456" percent="77">
      <mem type="soa" free="4535088" total="5977088" percent="75" />
      <mem type="loa" free="314368" total="314368" percent="100" />
    </mem>
    <remembered-set count="56" />
  </mem-info>
</gc-end>
<cycle-end id="419" type="scavenge" contextid="413" timestamp="2019-07-02T20:08:30.061">
  <attribute name="GC Util" value="37" />
  <attribute name="CPU Util" value="22746714796602" />
  <attribute name="Time Running"value="618"/>
  <attribute name="Number of cores"value="4"/>
</cycle-end>
<allocation-satisfied id="420" threadId="0000000001503700" bytesRequested="71272" />
<af-end id="421" timestamp="2019-07-02T20:08:30.061" threadId="0000000001504088" success="true" from="nursery"/>
<exclusive-end id="422" timestamp="2019-07-02T20:08:30.061" durationms="0.634" />

<exclusive-start id="423" timestamp="2019-07-02T20:08:30.062" intervalms="0.797">
  <response-info timems="0.019" idlems="0.019" threads="0" lastid="0000000001503700" lastname="main" />
</exclusive-start>
<af-start id="424" threadId="0000000001504088" totalBytesRequested="72672" timestamp="2019-07-02T20:08:30.062" intervalms="0.798" type="nursery" />
<cycle-start id="425" type="scavenge" contextid="0" timestamp="2019-07-02T20:08:30.062" intervalms="0.797" />
  <attribute name="GC Util" value="37" />
  <attribute name="CPU Util" value="22746714796602" />
  <attribute name="Time Running"value="618"/>
  <attribute name="Number of cores"value="4"/>
<gc-start id="426" type="scavenge" contextid="425" timestamp="2019-07-02T20:08:30.062">
  <mem-info id="427" free="4849456" total="8519680" percent="56">
    <mem type="nursery" free="0" total="2228224" percent="0">
      <mem type="allocate" free="0" total="1966080" percent="0" />
      <mem type="survivor" free="0" total="262144" percent="0" />
    </mem>
    <mem type="tenure" free="4849456" total="6291456" percent="77">
      <mem type="soa" free="4535088" total="5977088" percent="75" />
      <mem type="loa" free="314368" total="314368" percent="100" />
    </mem>
    <remembered-set count="56" />
  </mem-info>
</gc-start>
<allocation-stats totalBytes="1732512" >
  <allocated-bytes non-tlh="753848" tlh="978664" />
  <largest-consumer threadName="main" threadId="0000000001503700" bytes="1732512" />
</allocation-stats>
<gc-op id="428" type="scavenge" timems="0.106" contextid="425" timestamp="2019-07-02T20:08:30.062">
  <scavenger-info tenureage="14" tenuremask="4000" tiltratio="88" />
  <memory-copied type="nursery" objects="2" bytes="36360" bytesdiscarded="2808" />
</gc-op>
<gc-end id="429" type="scavenge" contextid="425" durationms="0.263" usertimems="0.000" systemtimems="0.000" timestamp="2019-07-02T20:08:30.062" activeThreads="4">
  <mem-info id="430" free="6776368" total="8519680" percent="79">
    <mem type="nursery" free="1926912" total="2228224" percent="86">
      <mem type="allocate" free="1926912" total="1966080" percent="98" />
      <mem type="survivor" free="0" total="262144" percent="0" />
    </mem>
    <mem type="tenure" free="4849456" total="6291456" percent="77">
      <mem type="soa" free="4535088" total="5977088" percent="75" />
      <mem type="loa" free="314368" total="314368" percent="100" />
    </mem>
    <remembered-set count="56" />
  </mem-info>
</gc-end>
<cycle-end id="431" type="scavenge" contextid="425" timestamp="2019-07-02T20:08:30.062">
  <attribute name="GC Util" value="38" />
  <attribute name="CPU Util" value="23088502864438" />
  <attribute name="Time Running"value="618"/>
  <attribute name="Number of cores"value="4"/>
</cycle-end>
<allocation-satisfied id="432" threadId="0000000001503700" bytesRequested="72672" />
<af-end id="433" timestamp="2019-07-02T20:08:30.062" threadId="0000000001504088" success="true" from="nursery"/>
<exclusive-end id="434" timestamp="2019-07-02T20:08:30.062" durationms="0.629" />

<exclusive-start id="435" timestamp="2019-07-02T20:08:30.062" intervalms="0.795">
  <response-info timems="0.024" idlems="0.024" threads="0" lastid="0000000001503700" lastname="main" />
</exclusive-start>
<af-start id="436" threadId="0000000001504088" totalBytesRequested="36992" timestamp="2019-07-02T20:08:30.062" intervalms="0.794" type="nursery" />
<cycle-start id="437" type="scavenge" contextid="0" timestamp="2019-07-02T20:08:30.063" intervalms="0.793" />
  <attribute name="GC Util" value="38" />
  <attribute name="CPU Util" value="23088502864438" />
  <attribute name="Time Running"value="618"/>
  <attribute name="Number of cores"value="4"/>
<gc-start id="438" type="scavenge" contextid="437" timestamp="2019-07-02T20:08:30.063">
  <mem-info id="439" free="4849456" total="8519680" percent="56">
    <mem type="nursery" free="0" total="2228224" percent="0">
      <mem type="allocate" free="0" total="1966080" percent="0" />
      <mem type="survivor" free="0" total="262144" percent="0" />
    </mem>
    <mem type="tenure" free="4849456" total="6291456" percent="77">
      <mem type="soa" free="4535088" total="5977088" percent="75" />
      <mem type="loa" free="314368" total="314368" percent="100" />
    </mem>
    <remembered-set count="56" />
  </mem-info>
</gc-start>
<allocation-stats totalBytes="1723296" >
  <allocated-bytes non-tlh="694552" tlh="1028744" />
  <largest-consumer threadName="main" threadId="0000000001503700" bytes="1723296" />
</allocation-stats>
<gc-op id="440" type="scavenge" timems="0.106" contextid="437" timestamp="2019-07-02T20:08:30.063">
  <scavenger-info tenureage="14" tenuremask="4000" tiltratio="88" />
  <memory-copied type="nursery" objects="4" bytes="37072" bytesdiscarded="2096" />
</gc-op>
<gc-end id="441" type="scavenge" contextid="437" durationms="0.263" usertimems="0.000" systemtimems="0.000" timestamp="2019-07-02T20:08:30.063" activeThreads="4">
  <mem-info id="442" free="6776368" total="8519680" percent="79">
    <mem type="nursery" free="1926912" total="2228224" percent="86">
      <mem type="allocate" free="1926912" total="1966080" percent="98" />
      <mem type="survivor" free="0" total="262144" percent="0" />
    </mem>
    <mem type="tenure" free="4849456" total="6291456" percent="77">
      <mem type="soa" free="4535088" total="5977088" percent="75" />
      <mem type="loa" free="314368" total="314368" percent="100" />
    </mem>
    <remembered-set count="56" />
  </mem-info>
</gc-end>
<cycle-end id="443" type="scavenge" contextid="437" timestamp="2019-07-02T20:08:30.063">
  <attribute name="GC Util" value="37" />
  <attribute name="CPU Util" value="23351668668727" />
  <attribute name="Time Running"value="619"/>
  <attribute name="Number of cores"value="4"/>
</cycle-end>
<allocation-satisfied id="444" threadId="0000000001503700" bytesRequested="36992" />
<af-end id="445" timestamp="2019-07-02T20:08:30.063" threadId="0000000001504088" success="true" from="nursery"/>
<exclusive-end id="446" timestamp="2019-07-02T20:08:30.063" durationms="0.635" />

<exclusive-start id="447" timestamp="2019-07-02T20:08:30.063" intervalms="0.820">
  <response-info timems="0.044" idlems="0.030" threads="1" lastid="0000000001507300" lastname="JIT Compilation Thread-0" />
</exclusive-start>
<af-start id="448" threadId="0000000001504088" totalBytesRequested="75344" timestamp="2019-07-02T20:08:30.063" intervalms="0.822" type="nursery" />
<cycle-start id="449" type="scavenge" contextid="0" timestamp="2019-07-02T20:08:30.063" intervalms="0.823" />
  <attribute name="GC Util" value="37" />
  <attribute name="CPU Util" value="23351668668727" />
  <attribute name="Time Running"value="619"/>
  <attribute name="Number of cores"value="4"/>
<gc-start id="450" type="scavenge" contextid="449" timestamp="2019-07-02T20:08:30.063">
  <mem-info id="451" free="4866016" total="8519680" percent="57">
    <mem type="nursery" free="16560" total="2228224" percent="0">
      <mem type="allocate" free="16560" total="1966080" percent="0" />
      <mem type="survivor" free="0" total="262144" percent="0" />
    </mem>
    <mem type="tenure" free="4849456" total="6291456" percent="77">
      <mem type="soa" free="4535088" total="5977088" percent="75" />
      <mem type="loa" free="314368" total="314368" percent="100" />
    </mem>
    <remembered-set count="56" />
  </mem-info>
</gc-start>
<allocation-stats totalBytes="1736344" >
  <allocated-bytes non-tlh="744776" tlh="991568" />
  <largest-consumer threadName="main" threadId="0000000001503700" bytes="1736344" />
</allocation-stats>
<gc-op id="452" type="scavenge" timems="0.107" contextid="449" timestamp="2019-07-02T20:08:30.064">
  <scavenger-info tenureage="14" tenuremask="4000" tiltratio="88" />
  <memory-copied type="nursery" objects="2" bytes="37704" bytesdiscarded="1464" />
</gc-op>
<gc-end id="453" type="scavenge" contextid="449" durationms="0.261" usertimems="0.000" systemtimems="0.000" timestamp="2019-07-02T20:08:30.064" activeThreads="4">
  <mem-info id="454" free="6776368" total="8519680" percent="79">
    <mem type="nursery" free="1926912" total="2228224" percent="86">
      <mem type="allocate" free="1926912" total="1966080" percent="98" />
      <mem type="survivor" free="0" total="262144" percent="0" />
    </mem>
    <mem type="tenure" free="4849456" total="6291456" percent="77">
      <mem type="soa" free="4535088" total="5977088" percent="75" />
      <mem type="loa" free="314368" total="314368" percent="100" />
    </mem>
    <remembered-set count="56" />
  </mem-info>
</gc-end>
<cycle-end id="455" type="scavenge" contextid="449" timestamp="2019-07-02T20:08:30.064">
  <attribute name="GC Util" value="36" />
  <attribute name="CPU Util" value="22385629980323" />
  <attribute name="Time Running"value="620"/>
  <attribute name="Number of cores"value="4"/>
</cycle-end>
<allocation-satisfied id="456" threadId="0000000001503700" bytesRequested="75344" />
<af-end id="457" timestamp="2019-07-02T20:08:30.064" threadId="0000000001504088" success="true" from="nursery"/>
<exclusive-end id="458" timestamp="2019-07-02T20:08:30.064" durationms="0.628" />

<exclusive-start id="459" timestamp="2019-07-02T20:08:30.064" intervalms="0.788">
  <response-info timems="0.020" idlems="0.020" threads="0" lastid="0000000001503700" lastname="main" />
</exclusive-start>
<af-start id="460" threadId="0000000001504088" totalBytesRequested="76912" timestamp="2019-07-02T20:08:30.064" intervalms="0.790" type="nursery" />
<cycle-start id="461" type="scavenge" contextid="0" timestamp="2019-07-02T20:08:30.064" intervalms="0.790" />
  <attribute name="GC Util" value="36" />
  <attribute name="CPU Util" value="22385629980323" />
  <attribute name="Time Running"value="620"/>
  <attribute name="Number of cores"value="4"/>
<gc-start id="462" type="scavenge" contextid="461" timestamp="2019-07-02T20:08:30.064">
  <mem-info id="463" free="4875232" total="8519680" percent="57">
    <mem type="nursery" free="25776" total="2228224" percent="1">
      <mem type="allocate" free="25776" total="1966080" percent="1" />
      <mem type="survivor" free="0" total="262144" percent="0" />
    </mem>
    <mem type="tenure" free="4849456" total="6291456" percent="77">
      <mem type="soa" free="4535088" total="5977088" percent="75" />
      <mem type="loa" free="314368" total="314368" percent="100" />
    </mem>
    <remembered-set count="56" />
  </mem-info>
</gc-start>
<allocation-stats totalBytes="1730096" >
  <allocated-bytes non-tlh="721488" tlh="1008608" />
  <largest-consumer threadName="main" threadId="0000000001503700" bytes="1730096" />
</allocation-stats>
<gc-op id="464" type="scavenge" timems="0.130" contextid="461" timestamp="2019-07-02T20:08:30.064">
  <scavenger-info tenureage="14" tenuremask="4000" tiltratio="88" />
  <memory-copied type="nursery" objects="2" bytes="38480" bytesdiscarded="688" />
</gc-op>
<gc-end id="465" type="scavenge" contextid="461" durationms="0.285" usertimems="0.000" systemtimems="0.000" timestamp="2019-07-02T20:08:30.065" activeThreads="4">
  <mem-info id="466" free="6776368" total="8519680" percent="79">
    <mem type="nursery" free="1926912" total="2228224" percent="86">
      <mem type="allocate" free="1926912" total="1966080" percent="98" />
      <mem type="survivor" free="0" total="262144" percent="0" />
    </mem>
    <mem type="tenure" free="4849456" total="6291456" percent="77">
      <mem type="soa" free="4535088" total="5977088" percent="75" />
      <mem type="loa" free="314368" total="314368" percent="100" />
    </mem>
    <remembered-set count="56" />
  </mem-info>
</gc-end>
<cycle-end id="467" type="scavenge" contextid="461" timestamp="2019-07-02T20:08:30.065">
  <attribute name="GC Util" value="38" />
  <attribute name="CPU Util" value="23317870546513" />
  <attribute name="Time Running"value="621"/>
  <attribute name="Number of cores"value="4"/>
</cycle-end>
<allocation-satisfied id="468" threadId="0000000001503700" bytesRequested="76912" />
<af-end id="469" timestamp="2019-07-02T20:08:30.065" threadId="0000000001504088" success="true" from="nursery"/>
<exclusive-end id="470" timestamp="2019-07-02T20:08:30.065" durationms="0.653" />

<exclusive-start id="471" timestamp="2019-07-02T20:08:30.065" intervalms="0.814">
  <response-info timems="0.019" idlems="0.019" threads="0" lastid="0000000001503700" lastname="main" />
</exclusive-start>
<af-start id="472" threadId="0000000001504088" totalBytesRequested="78112" timestamp="2019-07-02T20:08:30.065" intervalms="0.812" type="nursery" />
<cycle-start id="473" type="scavenge" contextid="0" timestamp="2019-07-02T20:08:30.065" intervalms="0.812" />
  <attribute name="GC Util" value="38" />
  <attribute name="CPU Util" value="23317870546513" />
  <attribute name="Time Running"value="621"/>
  <attribute name="Number of cores"value="4"/>
<gc-start id="474" type="scavenge" contextid="473" timestamp="2019-07-02T20:08:30.065">
  <mem-info id="475" free="4863248" total="8519680" percent="57">
    <mem type="nursery" free="13792" total="2228224" percent="0">
      <mem type="allocate" free="13792" total="1966080" percent="0" />
      <mem type="survivor" free="0" total="262144" percent="0" />
    </mem>
    <mem type="tenure" free="4849456" total="6291456" percent="77">
      <mem type="soa" free="4535088" total="5977088" percent="75" />
      <mem type="loa" free="314368" total="314368" percent="100" />
    </mem>
    <remembered-set count="56" />
  </mem-info>
</gc-start>
<allocation-stats totalBytes="1758808" >
  <allocated-bytes non-tlh="812488" tlh="946320" />
  <largest-consumer threadName="main" threadId="0000000001503700" bytes="1758808" />
</allocation-stats>
<gc-op id="476" type="scavenge" timems="0.129" contextid="473" timestamp="2019-07-02T20:08:30.065">
  <scavenger-info tenureage="14" tenuremask="4000" tiltratio="88" />
  <memory-copied type="nursery" objects="2" bytes="39088" bytesdiscarded="80" />
</gc-op>
<gc-end id="477" type="scavenge" contextid="473" durationms="0.286" usertimems="0.000" systemtimems="0.000" timestamp="2019-07-02T20:08:30.065" activeThreads="4">
  <mem-info id="478" free="6776368" total="8519680" percent="79">
    <mem type="nursery" free="1926912" total="2228224" percent="86">
      <mem type="allocate" free="1926912" total="1966080" percent="98" />
      <mem type="survivor" free="0" total="262144" percent="0" />
    </mem>
    <mem type="tenure" free="4849456" total="6291456" percent="77">
      <mem type="soa" free="4535088" total="5977088" percent="75" />
      <mem type="loa" free="314368" total="314368" percent="100" />
    </mem>
    <remembered-set count="56" />
  </mem-info>
</gc-end>
<cycle-end id="479" type="scavenge" contextid="473" timestamp="2019-07-02T20:08:30.065">
  <attribute name="GC Util" value="38" />
  <attribute name="CPU Util" value="22768838919301" />
  <attribute name="Time Running"value="622"/>
  <attribute name="Number of cores"value="4"/>
</cycle-end>
<allocation-satisfied id="480" threadId="0000000001503700" bytesRequested="78112" />
<af-end id="481" timestamp="2019-07-02T20:08:30.065" threadId="0000000001504088" success="true" from="nursery"/>
<exclusive-end id="482" timestamp="2019-07-02T20:08:30.066" durationms="0.654" />

<exclusive-start id="483" timestamp="2019-07-02T20:08:30.066" intervalms="0.821">
  <response-info timems="0.024" idlems="0.024" threads="0" lastid="0000000001503700" lastname="main" />
</exclusive-start>
<af-start id="484" threadId="0000000001504088" totalBytesRequested="79656" timestamp="2019-07-02T20:08:30.066" intervalms="0.821" type="nursery" />
<cycle-start id="485" type="scavenge" contextid="0" timestamp="2019-07-02T20:08:30.066" intervalms="0.820" />
  <attribute name="GC Util" value="38" />
  <attribute name="CPU Util" value="22768838919301" />
  <attribute name="Time Running"value="622"/>
  <attribute name="Number of cores"value="4"/>
<gc-start id="486" type="scavenge" contextid="485" timestamp="2019-07-02T20:08:30.066">
  <mem-info id="487" free="4849456" total="8519680" percent="56">
    <mem type="nursery" free="0" total="2228224" percent="0">
      <mem type="allocate" free="0" total="1966080" percent="0" />
      <mem type="survivor" free="0" total="262144" percent="0" />
    </mem>
    <mem type="tenure" free="4849456" total="6291456" percent="77">
      <mem type="soa" free="4535088" total="5977088" percent="75" />
      <mem type="loa" free="314368" total="314368" percent="100" />
    </mem>
    <remembered-set count="56" />
  </mem-info>
</gc-start>
<allocation-stats totalBytes="1763456" >
  <allocated-bytes non-tlh="786712" tlh="976744" />
  <largest-consumer threadName="main" threadId="0000000001503700" bytes="1763456" />
</allocation-stats>
<gc-op id="488" type="scavenge" timems="0.107" contextid="485" timestamp="2019-07-02T20:08:30.066">
  <scavenger-info tenureage="14" tenuremask="4000" tiltratio="88" />
  <memory-copied type="nursery" objects="2" bytes="39856" bytesdiscarded="39144" />
</gc-op>
<gc-end id="489" type="scavenge" contextid="485" durationms="0.418" usertimems="0.000" systemtimems="0.000" timestamp="2019-07-02T20:08:30.066" activeThreads="4">
  <mem-info id="490" free="6736536" total="8519680" percent="79">
    <mem type="nursery" free="1887080" total="2228224" percent="84">
      <mem type="allocate" free="1887080" total="1966080" percent="95" />
      <mem type="survivor" free="0" total="262144" percent="0" />
    </mem>
    <mem type="tenure" free="4849456" total="6291456" percent="77">
      <mem type="soa" free="4535088" total="5977088" percent="75" />
      <mem type="loa" free="314368" total="314368" percent="100" />
    </mem>
    <remembered-set count="56" />
  </mem-info>
</gc-end>
<cycle-end id="491" type="scavenge" contextid="485" timestamp="2019-07-02T20:08:30.066">
  <attribute name="GC Util" value="32" />
  <attribute name="CPU Util" value="18881374429404" />
  <attribute name="Time Running"value="623"/>
  <attribute name="Number of cores"value="4"/>
</cycle-end>
<allocation-satisfied id="492" threadId="0000000001503700" bytesRequested="79656" />
<af-end id="493" timestamp="2019-07-02T20:08:30.066" threadId="0000000001504088" success="true" from="nursery"/>
<exclusive-end id="494" timestamp="2019-07-02T20:08:30.066" durationms="0.791" />

<exclusive-start id="495" timestamp="2019-07-02T20:08:30.067" intervalms="0.987">
  <response-info timems="0.020" idlems="0.020" threads="0" lastid="0000000001503700" lastname="main" />
</exclusive-start>
<af-start id="496" threadId="0000000001504088" totalBytesRequested="40464" timestamp="2019-07-02T20:08:30.067" intervalms="0.988" type="nursery" />
<cycle-start id="497" type="scavenge" contextid="0" timestamp="2019-07-02T20:08:30.067" intervalms="0.988" />
  <attribute name="GC Util" value="32" />
  <attribute name="CPU Util" value="18881374429404" />
  <attribute name="Time Running"value="623"/>
  <attribute name="Number of cores"value="4"/>
<gc-start id="498" type="scavenge" contextid="497" timestamp="2019-07-02T20:08:30.067">
  <mem-info id="499" free="4849456" total="8519680" percent="56">
    <mem type="nursery" free="0" total="2228224" percent="0">
      <mem type="allocate" free="0" total="1966080" percent="0" />
      <mem type="survivor" free="0" total="262144" percent="0" />
    </mem>
    <mem type="tenure" free="4849456" total="6291456" percent="77">
      <mem type="soa" free="4535088" total="5977088" percent="75" />
      <mem type="loa" free="314368" total="314368" percent="100" />
    </mem>
    <remembered-set count="56" />
  </mem-info>
</gc-start>
<allocation-stats totalBytes="1726872" >
  <allocated-bytes non-tlh="720344" tlh="1006528" />
  <largest-consumer threadName="main" threadId="0000000001503700" bytes="1726872" />
</allocation-stats>
<gc-op id="500" type="scavenge" timems="0.106" contextid="497" timestamp="2019-07-02T20:08:30.067">
  <scavenger-info tenureage="14" tenuremask="4000" tiltratio="88" />
  <memory-copied type="nursery" objects="4" bytes="40544" bytesdiscarded="39088" />
</gc-op>
<gc-end id="501" type="scavenge" contextid="497" durationms="0.261" usertimems="0.000" systemtimems="0.000" timestamp="2019-07-02T20:08:30.067" activeThreads="4">
  <mem-info id="502" free="6735904" total="8519680" percent="79">
    <mem type="nursery" free="1886448" total="2228224" percent="84">
      <mem type="allocate" free="1886448" total="1966080" percent="95" />
      <mem type="survivor" free="0" total="262144" percent="0" />
    </mem>
    <mem type="tenure" free="4849456" total="6291456" percent="77">
      <mem type="soa" free="4535088" total="5977088" percent="75" />
      <mem type="loa" free="314368" total="314368" percent="100" />
    </mem>
    <remembered-set count="56" />
  </mem-info>
</gc-end>
<cycle-end id="503" type="scavenge" contextid="497" timestamp="2019-07-02T20:08:30.067">
  <attribute name="GC Util" value="36" />
  <attribute name="CPU Util" value="22141309378149" />
  <attribute name="Time Running"value="623"/>
  <attribute name="Number of cores"value="4"/>
</cycle-end>
<allocation-satisfied id="504" threadId="0000000001503700" bytesRequested="40464" />
<af-end id="505" timestamp="2019-07-02T20:08:30.067" threadId="0000000001504088" success="true" from="nursery"/>
<exclusive-end id="506" timestamp="2019-07-02T20:08:30.067" durationms="0.629" />

<exclusive-start id="507" timestamp="2019-07-02T20:08:30.067" intervalms="0.794">
  <response-info timems="0.025" idlems="0.025" threads="0" lastid="0000000001503700" lastname="main" />
</exclusive-start>
<af-start id="508" threadId="0000000001504088" totalBytesRequested="81944" timestamp="2019-07-02T20:08:30.068" intervalms="0.794" type="nursery" />
<cycle-start id="509" type="scavenge" contextid="0" timestamp="2019-07-02T20:08:30.068" intervalms="0.795" />
  <attribute name="GC Util" value="36" />
  <attribute name="CPU Util" value="22141309378149" />
  <attribute name="Time Running"value="623"/>
  <attribute name="Number of cores"value="4"/>
<gc-start id="510" type="scavenge" contextid="509" timestamp="2019-07-02T20:08:30.068">
  <mem-info id="511" free="4849456" total="8519680" percent="56">
    <mem type="nursery" free="0" total="2228224" percent="0">
      <mem type="allocate" free="0" total="1966080" percent="0" />
      <mem type="survivor" free="0" total="262144" percent="0" />
    </mem>
    <mem type="tenure" free="4849456" total="6291456" percent="77">
      <mem type="soa" free="4535088" total="5977088" percent="75" />
      <mem type="loa" free="314368" total="314368" percent="100" />
    </mem>
    <remembered-set count="56" />
  </mem-info>
</gc-start>
<allocation-stats totalBytes="1752792" >
  <allocated-bytes non-tlh="813816" tlh="938976" />
  <largest-consumer threadName="main" threadId="0000000001503700" bytes="1752792" />
</allocation-stats>
<gc-op id="512" type="scavenge" timems="0.107" contextid="509" timestamp="2019-07-02T20:08:30.068">
  <scavenger-info tenureage="14" tenuremask="4000" tiltratio="88" />
  <memory-copied type="nursery" objects="2" bytes="41000" bytesdiscarded="39144" />
</gc-op>
<gc-end id="513" type="scavenge" contextid="509" durationms="0.261" usertimems="0.000" systemtimems="0.000" timestamp="2019-07-02T20:08:30.068" activeThreads="4">
  <mem-info id="514" free="6735392" total="8519680" percent="79">
    <mem type="nursery" free="1885936" total="2228224" percent="84">
      <mem type="allocate" free="1885936" total="1966080" percent="95" />
      <mem type="survivor" free="0" total="262144" percent="0" />
    </mem>
    <mem type="tenure" free="4849456" total="6291456" percent="77">
      <mem type="soa" free="4535088" total="5977088" percent="75" />
      <mem type="loa" free="314368" total="314368" percent="100" />
    </mem>
    <remembered-set count="56" />
  </mem-info>
</gc-end>
<cycle-end id="515" type="scavenge" contextid="509" timestamp="2019-07-02T20:08:30.068">
  <attribute name="GC Util" value="37" />
  <attribute name="CPU Util" value="23219047852713" />
  <attribute name="Time Running"value="624"/>
  <attribute name="Number of cores"value="4"/>
</cycle-end>
<allocation-satisfied id="516" threadId="0000000001503700" bytesRequested="81944" />
<af-end id="517" timestamp="2019-07-02T20:08:30.068" threadId="0000000001504088" success="true" from="nursery"/>
<exclusive-end id="518" timestamp="2019-07-02T20:08:30.068" durationms="0.629" />

<exclusive-start id="519" timestamp="2019-07-02T20:08:30.068" intervalms="0.787">
  <response-info timems="0.020" idlems="0.020" threads="0" lastid="0000000001503700" lastname="main" />
</exclusive-start>
<af-start id="520" threadId="0000000001504088" totalBytesRequested="83152" timestamp="2019-07-02T20:08:30.068" intervalms="0.786" type="nursery" />
<cycle-start id="521" type="scavenge" contextid="0" timestamp="2019-07-02T20:08:30.068" intervalms="0.786" />
  <attribute name="GC Util" value="37" />
  <attribute name="CPU Util" value="23219047852713" />
  <attribute name="Time Running"value="624"/>
  <attribute name="Number of cores"value="4"/>
<gc-start id="522" type="scavenge" contextid="521" timestamp="2019-07-02T20:08:30.068">
  <mem-info id="523" free="4849456" total="8519680" percent="56">
    <mem type="nursery" free="0" total="2228224" percent="0">
      <mem type="allocate" free="0" total="1966080" percent="0" />
      <mem type="survivor" free="0" total="262144" percent="0" />
    </mem>
    <mem type="tenure" free="4849456" total="6291456" percent="77">
      <mem type="soa" free="4535088" total="5977088" percent="75" />
      <mem type="loa" free="314368" total="314368" percent="100" />
    </mem>
    <remembered-set count="56" />
  </mem-info>
</gc-start>
<allocation-stats totalBytes="1709496" >
  <allocated-bytes non-tlh="948328" tlh="761168" />
  <largest-consumer threadName="main" threadId="0000000001503700" bytes="1709496" />
</allocation-stats>
<gc-op id="524" type="scavenge" timems="0.106" contextid="521" timestamp="2019-07-02T20:08:30.069">
  <scavenger-info tenureage="14" tenuremask="4000" tiltratio="88" />
  <memory-copied type="nursery" objects="2" bytes="41600" bytesdiscarded="39144" />
</gc-op>
<gc-end id="525" type="scavenge" contextid="521" durationms="0.268" usertimems="0.000" systemtimems="0.000" timestamp="2019-07-02T20:08:30.069" activeThreads="4">
  <mem-info id="526" free="6734792" total="8519680" percent="79">
    <mem type="nursery" free="1885336" total="2228224" percent="84">
      <mem type="allocate" free="1885336" total="1966080" percent="95" />
      <mem type="survivor" free="0" total="262144" percent="0" />
    </mem>
    <mem type="tenure" free="4849456" total="6291456" percent="77">
      <mem type="soa" free="4535088" total="5977088" percent="75" />
      <mem type="loa" free="314368" total="314368" percent="100" />
    </mem>
    <remembered-set count="56" />
  </mem-info>
</gc-end>
<cycle-end id="527" type="scavenge" contextid="521" timestamp="2019-07-02T20:08:30.069">
  <attribute name="GC Util" value="37" />
  <attribute name="CPU Util" value="23253028874548" />
  <attribute name="Time Running"value="625"/>
  <attribute name="Number of cores"value="4"/>
</cycle-end>
<allocation-satisfied id="528" threadId="0000000001503700" bytesRequested="83152" />
<af-end id="529" timestamp="2019-07-02T20:08:30.069" threadId="0000000001504088" success="true" from="nursery"/>
<exclusive-end id="530" timestamp="2019-07-02T20:08:30.069" durationms="0.637" />

<exclusive-start id="531" timestamp="2019-07-02T20:08:30.069" intervalms="0.808">
  <response-info timems="0.031" idlems="0.031" threads="0" lastid="0000000001503700" lastname="main" />
</exclusive-start>
<af-start id="532" threadId="0000000001504088" totalBytesRequested="84560" timestamp="2019-07-02T20:08:30.069" intervalms="0.808" type="nursery" />
<cycle-start id="533" type="scavenge" contextid="0" timestamp="2019-07-02T20:08:30.069" intervalms="0.812" />
  <attribute name="GC Util" value="37" />
  <attribute name="CPU Util" value="23253028874548" />
  <attribute name="Time Running"value="625"/>
  <attribute name="Number of cores"value="4"/>
<gc-start id="534" type="scavenge" contextid="533" timestamp="2019-07-02T20:08:30.069">
  <mem-info id="535" free="4860560" total="8519680" percent="57">
    <mem type="nursery" free="11104" total="2228224" percent="0">
      <mem type="allocate" free="11104" total="1966080" percent="0" />
      <mem type="survivor" free="0" total="262144" percent="0" />
    </mem>
    <mem type="tenure" free="4849456" total="6291456" percent="77">
      <mem type="soa" free="4535088" total="5977088" percent="75" />
      <mem type="loa" free="314368" total="314368" percent="100" />
    </mem>
    <remembered-set count="56" />
  </mem-info>
</gc-start>
<allocation-stats totalBytes="1725328" >
  <allocated-bytes non-tlh="878904" tlh="846424" />
  <largest-consumer threadName="main" threadId="0000000001503700" bytes="1725328" />
</allocation-stats>
<gc-op id="536" type="scavenge" timems="0.125" contextid="533" timestamp="2019-07-02T20:08:30.069">
  <scavenger-info tenureage="14" tenuremask="4000" tiltratio="88" />
  <memory-copied type="nursery" objects="2" bytes="42304" bytesdiscarded="39144" />
</gc-op>
<gc-end id="537" type="scavenge" contextid="533" durationms="0.281" usertimems="0.000" systemtimems="0.000" timestamp="2019-07-02T20:08:30.070" activeThreads="4">
  <mem-info id="538" free="6734088" total="8519680" percent="79">
    <mem type="nursery" free="1884632" total="2228224" percent="84">
      <mem type="allocate" free="1884632" total="1966080" percent="95" />
      <mem type="survivor" free="0" total="262144" percent="0" />
    </mem>
    <mem type="tenure" free="4849456" total="6291456" percent="77">
      <mem type="soa" free="4535088" total="5977088" percent="75" />
      <mem type="loa" free="314368" total="314368" percent="100" />
    </mem>
    <remembered-set count="56" />
  </mem-info>
</gc-end>
<cycle-end id="539" type="scavenge" contextid="533" timestamp="2019-07-02T20:08:30.070">
  <attribute name="GC Util" value="37" />
  <attribute name="CPU Util" value="22802303218218" />
  <attribute name="Time Running"value="626"/>
  <attribute name="Number of cores"value="4"/>
</cycle-end>
<allocation-satisfied id="540" threadId="0000000001503700" bytesRequested="84560" />
<af-end id="541" timestamp="2019-07-02T20:08:30.070" threadId="0000000001504088" success="true" from="nursery"/>
<exclusive-end id="542" timestamp="2019-07-02T20:08:30.070" durationms="0.661" />

<exclusive-start id="543" timestamp="2019-07-02T20:08:30.070" intervalms="0.827">
  <response-info timems="0.023" idlems="0.023" threads="0" lastid="0000000001503700" lastname="main" />
</exclusive-start>
<af-start id="544" threadId="0000000001504088" totalBytesRequested="86096" timestamp="2019-07-02T20:08:30.070" intervalms="0.826" type="nursery" />
<cycle-start id="545" type="scavenge" contextid="0" timestamp="2019-07-02T20:08:30.070" intervalms="0.823" />
  <attribute name="GC Util" value="37" />
  <attribute name="CPU Util" value="22802303218218" />
  <attribute name="Time Running"value="626"/>
  <attribute name="Number of cores"value="4"/>
<gc-start id="546" type="scavenge" contextid="545" timestamp="2019-07-02T20:08:30.070">
  <mem-info id="547" free="4849456" total="8519680" percent="56">
    <mem type="nursery" free="0" total="2228224" percent="0">
      <mem type="allocate" free="0" total="1966080" percent="0" />
      <mem type="survivor" free="0" total="262144" percent="0" />
    </mem>
    <mem type="tenure" free="4849456" total="6291456" percent="77">
      <mem type="soa" free="4535088" total="5977088" percent="75" />
      <mem type="loa" free="314368" total="314368" percent="100" />
    </mem>
    <remembered-set count="56" />
  </mem-info>
</gc-start>
<allocation-stats totalBytes="1717528" >
  <allocated-bytes non-tlh="980656" tlh="736872" />
  <largest-consumer threadName="main" threadId="0000000001503700" bytes="1717528" />
</allocation-stats>
<gc-op id="548" type="scavenge" timems="0.106" contextid="545" timestamp="2019-07-02T20:08:30.070">
  <scavenger-info tenureage="14" tenuremask="4000" tiltratio="88" />
  <memory-copied type="nursery" objects="2" bytes="43080" bytesdiscarded="39144" />
</gc-op>
<gc-end id="549" type="scavenge" contextid="545" durationms="0.259" usertimems="0.000" systemtimems="0.000" timestamp="2019-07-02T20:08:30.070" activeThreads="4">
  <mem-info id="550" free="6733312" total="8519680" percent="79">
    <mem type="nursery" free="1883856" total="2228224" percent="84">
      <mem type="allocate" free="1883856" total="1966080" percent="95" />
      <mem type="survivor" free="0" total="262144" percent="0" />
    </mem>
    <mem type="tenure" free="4849456" total="6291456" percent="77">
      <mem type="soa" free="4535088" total="5977088" percent="75" />
      <mem type="loa" free="314368" total="314368" percent="100" />
    </mem>
    <remembered-set count="56" />
  </mem-info>
</gc-end>
<cycle-end id="551" type="scavenge" contextid="545" timestamp="2019-07-02T20:08:30.070">
  <attribute name="GC Util" value="37" />
  <attribute name="CPU Util" value="22576478709820" />
  <attribute name="Time Running"value="627"/>
  <attribute name="Number of cores"value="4"/>
</cycle-end>
<allocation-satisfied id="552" threadId="0000000001503700" bytesRequested="86096" />
<af-end id="553" timestamp="2019-07-02T20:08:30.070" threadId="0000000001504088" success="true" from="nursery"/>
<exclusive-end id="554" timestamp="2019-07-02T20:08:30.071" durationms="0.628" />

<exclusive-start id="555" timestamp="2019-07-02T20:08:30.071" intervalms="0.789">
  <response-info timems="0.024" idlems="0.024" threads="0" lastid="0000000001503700" lastname="main" />
</exclusive-start>
<af-start id="556" threadId="0000000001504088" totalBytesRequested="43768" timestamp="2019-07-02T20:08:30.071" intervalms="0.788" type="nursery" />
<cycle-start id="557" type="scavenge" contextid="0" timestamp="2019-07-02T20:08:30.071" intervalms="0.789" />
  <attribute name="GC Util" value="37" />
  <attribute name="CPU Util" value="22576478709820" />
  <attribute name="Time Running"value="627"/>
  <attribute name="Number of cores"value="4"/>
<gc-start id="558" type="scavenge" contextid="557" timestamp="2019-07-02T20:08:30.071">
  <mem-info id="559" free="4849456" total="8519680" percent="56">
    <mem type="nursery" free="0" total="2228224" percent="0">
      <mem type="allocate" free="0" total="1966080" percent="0" />
      <mem type="survivor" free="0" total="262144" percent="0" />
    </mem>
    <mem type="tenure" free="4849456" total="6291456" percent="77">
      <mem type="soa" free="4535088" total="5977088" percent="75" />
      <mem type="loa" free="314368" total="314368" percent="100" />
    </mem>
    <remembered-set count="56" />
  </mem-info>
</gc-start>
<allocation-stats totalBytes="1651104" >
  <allocated-bytes non-tlh="997808" tlh="653296" />
  <largest-consumer threadName="main" threadId="0000000001503700" bytes="1651104" />
</allocation-stats>
<gc-op id="560" type="scavenge" timems="0.107" contextid="557" timestamp="2019-07-02T20:08:30.071">
  <scavenger-info tenureage="14" tenuremask="4000" tiltratio="88" />
  <memory-copied type="nursery" objects="2" bytes="87544" bytesdiscarded="39144" />
</gc-op>
<gc-end id="561" type="scavenge" contextid="557" durationms="0.260" usertimems="0.000" systemtimems="0.000" timestamp="2019-07-02T20:08:30.071" activeThreads="4">
  <mem-info id="562" free="6688848" total="8519680" percent="78">
    <mem type="nursery" free="1839392" total="2228224" percent="82">
      <mem type="allocate" free="1839392" total="1966080" percent="93" />
      <mem type="survivor" free="0" total="262144" percent="0" />
    </mem>
    <mem type="tenure" free="4849456" total="6291456" percent="77">
      <mem type="soa" free="4535088" total="5977088" percent="75" />
      <mem type="loa" free="314368" total="314368" percent="100" />
    </mem>
    <remembered-set count="56" />
  </mem-info>
</gc-end>
<cycle-end id="563" type="scavenge" contextid="557" timestamp="2019-07-02T20:08:30.071">
  <attribute name="GC Util" value="38" />
  <attribute name="CPU Util" value="23288550074463" />
  <attribute name="Time Running"value="627"/>
  <attribute name="Number of cores"value="4"/>
</cycle-end>
<allocation-satisfied id="564" threadId="0000000001503700" bytesRequested="43768" />
<af-end id="565" timestamp="2019-07-02T20:08:30.071" threadId="0000000001504088" success="true" from="nursery"/>
<exclusive-end id="566" timestamp="2019-07-02T20:08:30.071" durationms="0.629" />

<exclusive-start id="567" timestamp="2019-07-02T20:08:30.071" intervalms="0.796">
  <response-info timems="0.026" idlems="0.026" threads="0" lastid="0000000001503700" lastname="main" />
</exclusive-start>
<af-start id="568" threadId="0000000001504088" totalBytesRequested="88920" timestamp="2019-07-02T20:08:30.072" intervalms="0.797" type="nursery" />
<cycle-start id="569" type="scavenge" contextid="0" timestamp="2019-07-02T20:08:30.072" intervalms="0.795" />
  <attribute name="GC Util" value="38" />
  <attribute name="CPU Util" value="23288550074463" />
  <attribute name="Time Running"value="627"/>
  <attribute name="Number of cores"value="4"/>
<gc-start id="570" type="scavenge" contextid="569" timestamp="2019-07-02T20:08:30.072">
  <mem-info id="571" free="4849456" total="8519680" percent="56">
    <mem type="nursery" free="0" total="2228224" percent="0">
      <mem type="allocate" free="0" total="1966080" percent="0" />
      <mem type="survivor" free="0" total="262144" percent="0" />
    </mem>
    <mem type="tenure" free="4849456" total="6291456" percent="77">
      <mem type="soa" free="4535088" total="5977088" percent="75" />
      <mem type="loa" free="314368" total="314368" percent="100" />
    </mem>
    <remembered-set count="56" />
  </mem-info>
</gc-start>
<allocation-stats totalBytes="1678688" >
  <allocated-bytes non-tlh="968776" tlh="709912" />
  <largest-consumer threadName="main" threadId="0000000001503700" bytes="1678688" />
</allocation-stats>
<gc-op id="572" type="scavenge" timems="0.106" contextid="569" timestamp="2019-07-02T20:08:30.072">
  <scavenger-info tenureage="14" tenuremask="4000" tiltratio="88" />
  <memory-copied type="nursery" objects="2" bytes="44488" bytesdiscarded="39144" />
</gc-op>
<gc-end id="573" type="scavenge" contextid="569" durationms="0.262" usertimems="0.000" systemtimems="0.000" timestamp="2019-07-02T20:08:30.072" activeThreads="4">
  <mem-info id="574" free="6731904" total="8519680" percent="79">
    <mem type="nursery" free="1882448" total="2228224" percent="84">
      <mem type="allocate" free="1882448" total="1966080" percent="95" />
      <mem type="survivor" free="0" total="262144" percent="0" />
    </mem>
    <mem type="tenure" free="4849456" total="6291456" percent="77">
      <mem type="soa" free="4535088" total="5977088" percent="75" />
      <mem type="loa" free="314368" total="314368" percent="100" />
    </mem>
    <remembered-set count="56" />
  </mem-info>
</gc-end>
<cycle-end id="575" type="scavenge" contextid="569" timestamp="2019-07-02T20:08:30.072">
  <attribute name="GC Util" value="37" />
  <attribute name="CPU Util" value="23227672719354" />
  <attribute name="Time Running"value="628"/>
  <attribute name="Number of cores"value="4"/>
</cycle-end>
<allocation-satisfied id="576" threadId="0000000001503700" bytesRequested="88920" />
<af-end id="577" timestamp="2019-07-02T20:08:30.072" threadId="0000000001504088" success="true" from="nursery"/>
<exclusive-end id="578" timestamp="2019-07-02T20:08:30.072" durationms="0.629" />

<exclusive-start id="579" timestamp="2019-07-02T20:08:30.072" intervalms="0.784">
  <response-info timems="0.019" idlems="0.019" threads="0" lastid="0000000001503700" lastname="main" />
</exclusive-start>
<af-start id="580" threadId="0000000001504088" totalBytesRequested="90064" timestamp="2019-07-02T20:08:30.072" intervalms="0.784" type="nursery" />
<cycle-start id="581" type="scavenge" contextid="0" timestamp="2019-07-02T20:08:30.072" intervalms="0.783" />
  <attribute name="GC Util" value="37" />
  <attribute name="CPU Util" value="23227672719354" />
  <attribute name="Time Running"value="628"/>
  <attribute name="Number of cores"value="4"/>
<gc-start id="582" type="scavenge" contextid="581" timestamp="2019-07-02T20:08:30.072">
  <mem-info id="583" free="4929168" total="8519680" percent="57">
    <mem type="nursery" free="79712" total="2228224" percent="3">
      <mem type="allocate" free="79712" total="1966080" percent="4" />
      <mem type="survivor" free="0" total="262144" percent="0" />
    </mem>
    <mem type="tenure" free="4849456" total="6291456" percent="77">
      <mem type="soa" free="4535088" total="5977088" percent="75" />
      <mem type="loa" free="314368" total="314368" percent="100" />
    </mem>
    <remembered-set count="56" />
  </mem-info>
</gc-start>
<allocation-stats totalBytes="1652480" >
  <allocated-bytes non-tlh="938480" tlh="714000" />
  <largest-consumer threadName="main" threadId="0000000001503700" bytes="1652480" />
</allocation-stats>
<gc-op id="584" type="scavenge" timems="0.107" contextid="581" timestamp="2019-07-02T20:08:30.073">
  <scavenger-info tenureage="14" tenuremask="4000" tiltratio="88" />
  <memory-copied type="nursery" objects="2" bytes="45056" bytesdiscarded="39144" />
</gc-op>
<gc-end id="585" type="scavenge" contextid="581" durationms="0.262" usertimems="0.000" systemtimems="0.000" timestamp="2019-07-02T20:08:30.073" activeThreads="4">
  <mem-info id="586" free="6731336" total="8519680" percent="79">
    <mem type="nursery" free="1881880" total="2228224" percent="84">
      <mem type="allocate" free="1881880" total="1966080" percent="95" />
      <mem type="survivor" free="0" total="262144" percent="0" />
    </mem>
    <mem type="tenure" free="4849456" total="6291456" percent="77">
      <mem type="soa" free="4535088" total="5977088" percent="75" />
      <mem type="loa" free="314368" total="314368" percent="100" />
    </mem>
    <remembered-set count="56" />
  </mem-info>
</gc-end>
<cycle-end id="587" type="scavenge" contextid="581" timestamp="2019-07-02T20:08:30.073">
  <attribute name="GC Util" value="38" />
  <attribute name="CPU Util" value="23560113250493" />
  <attribute name="Time Running"value="629"/>
  <attribute name="Number of cores"value="4"/>
</cycle-end>
<allocation-satisfied id="588" threadId="0000000001503700" bytesRequested="90064" />
<af-end id="589" timestamp="2019-07-02T20:08:30.073" threadId="0000000001504088" success="true" from="nursery"/>
<exclusive-end id="590" timestamp="2019-07-02T20:08:30.073" durationms="0.634" />

<exclusive-start id="591" timestamp="2019-07-02T20:08:30.073" intervalms="0.788">
  <response-info timems="0.017" idlems="0.017" threads="0" lastid="0000000001503700" lastname="main" />
</exclusive-start>
<af-start id="592" threadId="0000000001504088" totalBytesRequested="91520" timestamp="2019-07-02T20:08:30.073" intervalms="0.812" type="nursery" />
<cycle-start id="593" type="scavenge" contextid="0" timestamp="2019-07-02T20:08:30.073" intervalms="0.817" />
  <attribute name="GC Util" value="38" />
  <attribute name="CPU Util" value="23560113250493" />
  <attribute name="Time Running"value="629"/>
  <attribute name="Number of cores"value="4"/>
<gc-start id="594" type="scavenge" contextid="593" timestamp="2019-07-02T20:08:30.073">
  <mem-info id="595" free="4890408" total="8519680" percent="57">
    <mem type="nursery" free="40952" total="2228224" percent="1">
      <mem type="allocate" free="40952" total="1966080" percent="2" />
      <mem type="survivor" free="0" total="262144" percent="0" />
    </mem>
    <mem type="tenure" free="4849456" total="6291456" percent="77">
      <mem type="soa" free="4535088" total="5977088" percent="75" />
      <mem type="loa" free="314368" total="314368" percent="100" />
    </mem>
    <remembered-set count="56" />
  </mem-info>
</gc-start>
<allocation-stats totalBytes="1679280" >
  <allocated-bytes non-tlh="1042928" tlh="636352" />
  <largest-consumer threadName="main" threadId="0000000001503700" bytes="1679280" />
</allocation-stats>
<gc-op id="596" type="scavenge" timems="0.108" contextid="593" timestamp="2019-07-02T20:08:30.073">
  <scavenger-info tenureage="14" tenuremask="4000" tiltratio="88" />
  <memory-copied type="nursery" objects="2" bytes="45792" bytesdiscarded="39144" />
</gc-op>
<gc-end id="597" type="scavenge" contextid="593" durationms="0.263" usertimems="0.000" systemtimems="0.000" timestamp="2019-07-02T20:08:30.074" activeThreads="4">
  <mem-info id="598" free="6730600" total="8519680" percent="79">
    <mem type="nursery" free="1881144" total="2228224" percent="84">
      <mem type="allocate" free="1881144" total="1966080" percent="95" />
      <mem type="survivor" free="0" total="262144" percent="0" />
    </mem>
    <mem type="tenure" free="4849456" total="6291456" percent="77">
      <mem type="soa" free="4535088" total="5977088" percent="75" />
      <mem type="loa" free="314368" total="314368" percent="100" />
    </mem>
    <remembered-set count="56" />
  </mem-info>
</gc-end>
<cycle-end id="599" type="scavenge" contextid="593" timestamp="2019-07-02T20:08:30.074">
  <attribute name="GC Util" value="36" />
  <attribute name="CPU Util" value="22532658666029" />
  <attribute name="Time Running"value="630"/>
  <attribute name="Number of cores"value="4"/>
</cycle-end>
<allocation-satisfied id="600" threadId="0000000001503700" bytesRequested="91520" />
<af-end id="601" timestamp="2019-07-02T20:08:30.074" threadId="0000000001504088" success="true" from="nursery"/>
<exclusive-end id="602" timestamp="2019-07-02T20:08:30.074" durationms="0.669" />

<exclusive-start id="603" timestamp="2019-07-02T20:08:30.074" intervalms="0.827">
  <response-info timems="0.019" idlems="0.019" threads="0" lastid="0000000001503700" lastname="main" />
</exclusive-start>
<af-start id="604" threadId="0000000001504088" totalBytesRequested="92688" timestamp="2019-07-02T20:08:30.074" intervalms="0.803" type="nursery" />
<cycle-start id="605" type="scavenge" contextid="0" timestamp="2019-07-02T20:08:30.074" intervalms="0.802" />
  <attribute name="GC Util" value="36" />
  <attribute name="CPU Util" value="22532658666029" />
  <attribute name="Time Running"value="630"/>
  <attribute name="Number of cores"value="4"/>
<gc-start id="606" type="scavenge" contextid="605" timestamp="2019-07-02T20:08:30.074">
  <mem-info id="607" free="4849456" total="8519680" percent="56">
    <mem type="nursery" free="0" total="2228224" percent="0">
      <mem type="allocate" free="0" total="1966080" percent="0" />
      <mem type="survivor" free="0" total="262144" percent="0" />
    </mem>
    <mem type="tenure" free="4849456" total="6291456" percent="77">
      <mem type="soa" free="4535088" total="5977088" percent="75" />
      <mem type="loa" free="314368" total="314368" percent="100" />
    </mem>
    <remembered-set count="56" />
  </mem-info>
</gc-start>
<allocation-stats totalBytes="1728000" >
  <allocated-bytes non-tlh="1011912" tlh="716088" />
  <largest-consumer threadName="main" threadId="0000000001503700" bytes="1728000" />
</allocation-stats>
<gc-op id="608" type="scavenge" timems="0.107" contextid="605" timestamp="2019-07-02T20:08:30.074">
  <scavenger-info tenureage="14" tenuremask="4000" tiltratio="88" />
  <memory-copied type="nursery" objects="2" bytes="46368" bytesdiscarded="39144" />
</gc-op>
<gc-end id="609" type="scavenge" contextid="605" durationms="0.260" usertimems="0.000" systemtimems="0.000" timestamp="2019-07-02T20:08:30.074" activeThreads="4">
  <mem-info id="610" free="6730024" total="8519680" percent="78">
    <mem type="nursery" free="1880568" total="2228224" percent="84">
      <mem type="allocate" free="1880568" total="1966080" percent="95" />
      <mem type="survivor" free="0" total="262144" percent="0" />
    </mem>
    <mem type="tenure" free="4849456" total="6291456" percent="77">
      <mem type="soa" free="4535088" total="5977088" percent="75" />
      <mem type="loa" free="314368" total="314368" percent="100" />
    </mem>
    <remembered-set count="56" />
  </mem-info>
</gc-end>
<cycle-end id="611" type="scavenge" contextid="605" timestamp="2019-07-02T20:08:30.074">
  <attribute name="GC Util" value="37" />
  <attribute name="CPU Util" value="23100472949658" />
  <attribute name="Time Running"value="631"/>
  <attribute name="Number of cores"value="4"/>
</cycle-end>
<allocation-satisfied id="612" threadId="0000000001503700" bytesRequested="92688" />
<af-end id="613" timestamp="2019-07-02T20:08:30.074" threadId="0000000001504088" success="true" from="nursery"/>
<exclusive-end id="614" timestamp="2019-07-02T20:08:30.074" durationms="0.630" />

<exclusive-start id="615" timestamp="2019-07-02T20:08:30.075" intervalms="0.789">
  <response-info timems="0.020" idlems="0.020" threads="0" lastid="0000000001503700" lastname="main" />
</exclusive-start>
<af-start id="616" threadId="0000000001504088" totalBytesRequested="94072" timestamp="2019-07-02T20:08:30.075" intervalms="0.790" type="nursery" />
<cycle-start id="617" type="scavenge" contextid="0" timestamp="2019-07-02T20:08:30.075" intervalms="0.786" />
  <attribute name="GC Util" value="37" />
  <attribute name="CPU Util" value="23100472949658" />
  <attribute name="Time Running"value="631"/>
  <attribute name="Number of cores"value="4"/>
<gc-start id="618" type="scavenge" contextid="617" timestamp="2019-07-02T20:08:30.075">
  <mem-info id="619" free="4885272" total="8519680" percent="57">
    <mem type="nursery" free="35816" total="2228224" percent="1">
      <mem type="allocate" free="35816" total="1966080" percent="1" />
      <mem type="survivor" free="0" total="262144" percent="0" />
    </mem>
    <mem type="tenure" free="4849456" total="6291456" percent="77">
      <mem type="soa" free="4535088" total="5977088" percent="75" />
      <mem type="loa" free="314368" total="314368" percent="100" />
    </mem>
    <remembered-set count="56" />
  </mem-info>
</gc-start>
<allocation-stats totalBytes="1699776" >
  <allocated-bytes non-tlh="1072680" tlh="627096" />
  <largest-consumer threadName="main" threadId="0000000001503700" bytes="1699776" />
</allocation-stats>
<gc-op id="620" type="scavenge" timems="0.105" contextid="617" timestamp="2019-07-02T20:08:30.075">
  <scavenger-info tenureage="14" tenuremask="4000" tiltratio="88" />
  <memory-copied type="nursery" objects="2" bytes="47064" bytesdiscarded="39144" />
</gc-op>
<gc-end id="621" type="scavenge" contextid="617" durationms="0.261" usertimems="0.000" systemtimems="0.000" timestamp="2019-07-02T20:08:30.075" activeThreads="4">
  <mem-info id="622" free="6729328" total="8519680" percent="78">
    <mem type="nursery" free="1879872" total="2228224" percent="84">
      <mem type="allocate" free="1879872" total="1966080" percent="95" />
      <mem type="survivor" free="0" total="262144" percent="0" />
    </mem>
    <mem type="tenure" free="4849456" total="6291456" percent="77">
      <mem type="soa" free="4535088" total="5977088" percent="75" />
      <mem type="loa" free="314368" total="314368" percent="100" />
    </mem>
    <remembered-set count="56" />
  </mem-info>
</gc-end>
<cycle-end id="623" type="scavenge" contextid="617" timestamp="2019-07-02T20:08:30.075">
  <attribute name="GC Util" value="37" />
  <attribute name="CPU Util" value="23413525469505" />
  <attribute name="Time Running"value="631"/>
  <attribute name="Number of cores"value="4"/>
</cycle-end>
<allocation-satisfied id="624" threadId="0000000001503700" bytesRequested="94072" />
<af-end id="625" timestamp="2019-07-02T20:08:30.075" threadId="0000000001504088" success="true" from="nursery"/>
<exclusive-end id="626" timestamp="2019-07-02T20:08:30.075" durationms="0.628" />

<exclusive-start id="627" timestamp="2019-07-02T20:08:30.075" intervalms="0.786">
  <response-info timems="0.019" idlems="0.019" threads="0" lastid="0000000001503700" lastname="main" />
</exclusive-start>
<af-start id="628" threadId="0000000001504088" totalBytesRequested="95216" timestamp="2019-07-02T20:08:30.076" intervalms="0.786" type="nursery" />
<cycle-start id="629" type="scavenge" contextid="0" timestamp="2019-07-02T20:08:30.076" intervalms="0.787" />
  <attribute name="GC Util" value="37" />
  <attribute name="CPU Util" value="23413525469505" />
  <attribute name="Time Running"value="631"/>
  <attribute name="Number of cores"value="4"/>
<gc-start id="630" type="scavenge" contextid="629" timestamp="2019-07-02T20:08:30.076">
  <mem-info id="631" free="4851912" total="8519680" percent="56">
    <mem type="nursery" free="2456" total="2228224" percent="0">
      <mem type="allocate" free="2456" total="1966080" percent="0" />
      <mem type="survivor" free="0" total="262144" percent="0" />
    </mem>
    <mem type="tenure" free="4849456" total="6291456" percent="77">
      <mem type="soa" free="4535088" total="5977088" percent="75" />
      <mem type="loa" free="314368" total="314368" percent="100" />
    </mem>
    <remembered-set count="56" />
  </mem-info>
</gc-start>
<allocation-stats totalBytes="1739976" >
  <allocated-bytes non-tlh="1086888" tlh="653088" />
  <largest-consumer threadName="main" threadId="0000000001503700" bytes="1739976" />
</allocation-stats>
<gc-op id="632" type="scavenge" timems="0.107" contextid="629" timestamp="2019-07-02T20:08:30.076">
  <scavenger-info tenureage="14" tenuremask="4000" tiltratio="88" />
  <memory-copied type="nursery" objects="2" bytes="47632" bytesdiscarded="39144" />
</gc-op>
<gc-end id="633" type="scavenge" contextid="629" durationms="0.261" usertimems="0.000" systemtimems="0.000" timestamp="2019-07-02T20:08:30.076" activeThreads="4">
  <mem-info id="634" free="6728760" total="8519680" percent="78">
    <mem type="nursery" free="1879304" total="2228224" percent="84">
      <mem type="allocate" free="1879304" total="1966080" percent="95" />
      <mem type="survivor" free="0" total="262144" percent="0" />
    </mem>
    <mem type="tenure" free="4849456" total="6291456" percent="77">
      <mem type="soa" free="4535088" total="5977088" percent="75" />
      <mem type="loa" free="314368" total="314368" percent="100" />
    </mem>
    <remembered-set count="56" />
  </mem-info>
</gc-end>
<cycle-end id="635" type="scavenge" contextid="629" timestamp="2019-07-02T20:08:30.076">
  <attribute name="GC Util" value="38" />
  <attribute name="CPU Util" value="23463169767301" />
  <attribute name="Time Running"value="632"/>
  <attribute name="Number of cores"value="4"/>
</cycle-end>
<allocation-satisfied id="636" threadId="0000000001503700" bytesRequested="95216" />
<af-end id="637" timestamp="2019-07-02T20:08:30.076" threadId="0000000001504088" success="true" from="nursery"/>
<exclusive-end id="638" timestamp="2019-07-02T20:08:30.076" durationms="0.635" />

<exclusive-start id="639" timestamp="2019-07-02T20:08:30.076" intervalms="0.793">
  <response-info timems="0.019" idlems="0.019" threads="0" lastid="0000000001503700" lastname="main" />
</exclusive-start>
<af-start id="640" threadId="0000000001504088" totalBytesRequested="48320" timestamp="2019-07-02T20:08:30.076" intervalms="0.791" type="nursery" />
<cycle-start id="641" type="scavenge" contextid="0" timestamp="2019-07-02T20:08:30.076" intervalms="0.791" />
  <attribute name="GC Util" value="38" />
  <attribute name="CPU Util" value="23463169767301" />
  <attribute name="Time Running"value="632"/>
  <attribute name="Number of cores"value="4"/>
<gc-start id="642" type="scavenge" contextid="641" timestamp="2019-07-02T20:08:30.076">
  <mem-info id="643" free="4849456" total="8519680" percent="56">
    <mem type="nursery" free="0" total="2228224" percent="0">
      <mem type="allocate" free="0" total="1966080" percent="0" />
      <mem type="survivor" free="0" total="262144" percent="0" />
    </mem>
    <mem type="tenure" free="4849456" total="6291456" percent="77">
      <mem type="soa" free="4535088" total="5977088" percent="75" />
      <mem type="loa" free="314368" total="314368" percent="100" />
    </mem>
    <remembered-set count="56" />
  </mem-info>
</gc-start>
<allocation-stats totalBytes="1678720" >
  <allocated-bytes non-tlh="1149752" tlh="528968" />
  <largest-consumer threadName="main" threadId="0000000001503700" bytes="1678720" />
</allocation-stats>
<gc-op id="644" type="scavenge" timems="0.106" contextid="641" timestamp="2019-07-02T20:08:30.077">
  <scavenger-info tenureage="14" tenuremask="4000" tiltratio="88" />
  <memory-copied type="nursery" objects="4" bytes="48400" bytesdiscarded="39088" />
</gc-op>
<gc-end id="645" type="scavenge" contextid="641" durationms="0.429" usertimems="0.000" systemtimems="0.000" timestamp="2019-07-02T20:08:30.077" activeThreads="4">
  <mem-info id="646" free="6728048" total="8519680" percent="78">
    <mem type="nursery" free="1878592" total="2228224" percent="84">
      <mem type="allocate" free="1878592" total="1966080" percent="95" />
      <mem type="survivor" free="0" total="262144" percent="0" />
    </mem>
    <mem type="tenure" free="4849456" total="6291456" percent="77">
      <mem type="soa" free="4535088" total="5977088" percent="75" />
      <mem type="loa" free="314368" total="314368" percent="100" />
    </mem>
    <remembered-set count="56" />
  </mem-info>
</gc-end>
<cycle-end id="647" type="scavenge" contextid="641" timestamp="2019-07-02T20:08:30.077">
  <attribute name="GC Util" value="37" />
  <attribute name="CPU Util" value="23373386471481" />
  <attribute name="Time Running"value="633"/>
  <attribute name="Number of cores"value="4"/>
</cycle-end>
<allocation-satisfied id="648" threadId="0000000001503700" bytesRequested="48320" />
<af-end id="649" timestamp="2019-07-02T20:08:30.077" threadId="0000000001504088" success="true" from="nursery"/>
<exclusive-end id="650" timestamp="2019-07-02T20:08:30.077" durationms="0.794" />

<exclusive-start id="651" timestamp="2019-07-02T20:08:30.077" intervalms="0.974">
  <response-info timems="0.020" idlems="0.020" threads="0" lastid="0000000001503700" lastname="main" />
</exclusive-start>
<af-start id="652" threadId="0000000001504088" totalBytesRequested="97784" timestamp="2019-07-02T20:08:30.077" intervalms="0.978" type="nursery" />
<cycle-start id="653" type="scavenge" contextid="0" timestamp="2019-07-02T20:08:30.077" intervalms="0.978" />
  <attribute name="GC Util" value="37" />
  <attribute name="CPU Util" value="23373386471481" />
  <attribute name="Time Running"value="633"/>
  <attribute name="Number of cores"value="4"/>
<gc-start id="654" type="scavenge" contextid="653" timestamp="2019-07-02T20:08:30.077">
  <mem-info id="655" free="4930928" total="8519680" percent="57">
    <mem type="nursery" free="81472" total="2228224" percent="3">
      <mem type="allocate" free="81472" total="1966080" percent="4" />
      <mem type="survivor" free="0" total="262144" percent="0" />
    </mem>
    <mem type="tenure" free="4849456" total="6291456" percent="77">
      <mem type="soa" free="4535088" total="5977088" percent="75" />
      <mem type="loa" free="314368" total="314368" percent="100" />
    </mem>
    <remembered-set count="56" />
  </mem-info>
</gc-start>
<allocation-stats totalBytes="1685912" >
  <allocated-bytes non-tlh="1018880" tlh="667032" />
  <largest-consumer threadName="main" threadId="0000000001503700" bytes="1685912" />
</allocation-stats>
<gc-op id="656" type="scavenge" timems="0.108" contextid="653" timestamp="2019-07-02T20:08:30.078">
  <scavenger-info tenureage="14" tenuremask="4000" tiltratio="88" />
  <memory-copied type="nursery" objects="2" bytes="48920" bytesdiscarded="39144" />
</gc-op>
<gc-end id="657" type="scavenge" contextid="653" durationms="0.261" usertimems="0.000" systemtimems="0.000" timestamp="2019-07-02T20:08:30.078" activeThreads="4">
  <mem-info id="658" free="6727472" total="8519680" percent="78">
    <mem type="nursery" free="1878016" total="2228224" percent="84">
      <mem type="allocate" free="1878016" total="1966080" percent="95" />
      <mem type="survivor" free="0" total="262144" percent="0" />
    </mem>
    <mem type="tenure" free="4849456" total="6291456" percent="77">
      <mem type="soa" free="4535088" total="5977088" percent="75" />
      <mem type="loa" free="314368" total="314368" percent="100" />
    </mem>
    <remembered-set count="56" />
  </mem-info>
</gc-end>
<cycle-end id="659" type="scavenge" contextid="653" timestamp="2019-07-02T20:08:30.078">
  <attribute name="GC Util" value="30" />
  <attribute name="CPU Util" value="18780453957360" />
  <attribute name="Time Running"value="634"/>
  <attribute name="Number of cores"value="4"/>
</cycle-end>
<allocation-satisfied id="660" threadId="0000000001503700" bytesRequested="97784" />
<af-end id="661" timestamp="2019-07-02T20:08:30.078" threadId="0000000001504088" success="true" from="nursery"/>
<exclusive-end id="662" timestamp="2019-07-02T20:08:30.078" durationms="0.635" />

<exclusive-start id="663" timestamp="2019-07-02T20:08:30.078" intervalms="0.800">
  <response-info timems="0.023" idlems="0.023" threads="0" lastid="0000000001503700" lastname="main" />
</exclusive-start>
<af-start id="664" threadId="0000000001504088" totalBytesRequested="49432" timestamp="2019-07-02T20:08:30.078" intervalms="0.797" type="nursery" />
<cycle-start id="665" type="scavenge" contextid="0" timestamp="2019-07-02T20:08:30.078" intervalms="0.800" />
  <attribute name="GC Util" value="30" />
  <attribute name="CPU Util" value="18780453957360" />
  <attribute name="Time Running"value="634"/>
  <attribute name="Number of cores"value="4"/>
<gc-start id="666" type="scavenge" contextid="665" timestamp="2019-07-02T20:08:30.078">
  <mem-info id="667" free="4849456" total="8519680" percent="56">
    <mem type="nursery" free="0" total="2228224" percent="0">
      <mem type="allocate" free="0" total="1966080" percent="0" />
      <mem type="survivor" free="0" total="262144" percent="0" />
    </mem>
    <mem type="tenure" free="4849456" total="6291456" percent="77">
      <mem type="soa" free="4535088" total="5977088" percent="75" />
      <mem type="loa" free="314368" total="314368" percent="100" />
    </mem>
    <remembered-set count="56" />
  </mem-info>
</gc-start>
<allocation-stats totalBytes="1720944" >
  <allocated-bytes non-tlh="1178688" tlh="542256" />
  <largest-consumer threadName="main" threadId="0000000001503700" bytes="1720944" />
</allocation-stats>
<gc-op id="668" type="scavenge" timems="0.106" contextid="665" timestamp="2019-07-02T20:08:30.078">
  <scavenger-info tenureage="14" tenuremask="4000" tiltratio="88" />
  <memory-copied type="nursery" objects="4" bytes="49512" bytesdiscarded="39088" />
</gc-op>
<gc-end id="669" type="scavenge" contextid="665" durationms="0.267" usertimems="0.000" systemtimems="0.000" timestamp="2019-07-02T20:08:30.078" activeThreads="4">
  <mem-info id="670" free="6726936" total="8519680" percent="78">
    <mem type="nursery" free="1877480" total="2228224" percent="84">
      <mem type="allocate" free="1877480" total="1966080" percent="95" />
      <mem type="survivor" free="0" total="262144" percent="0" />
    </mem>
    <mem type="tenure" free="4849456" total="6291456" percent="77">
      <mem type="soa" free="4535088" total="5977088" percent="75" />
      <mem type="loa" free="314368" total="314368" percent="100" />
    </mem>
    <remembered-set count="56" />
  </mem-info>
</gc-end>
<cycle-end id="671" type="scavenge" contextid="665" timestamp="2019-07-02T20:08:30.079">
  <attribute name="GC Util" value="37" />
  <attribute name="CPU Util" value="22912363769670" />
  <attribute name="Time Running"value="635"/>
  <attribute name="Number of cores"value="4"/>
</cycle-end>
<allocation-satisfied id="672" threadId="0000000001503700" bytesRequested="49432" />
<af-end id="673" timestamp="2019-07-02T20:08:30.079" threadId="0000000001504088" success="true" from="nursery"/>
<exclusive-end id="674" timestamp="2019-07-02T20:08:30.079" durationms="0.639" />

<exclusive-start id="675" timestamp="2019-07-02T20:08:30.079" intervalms="0.804">
  <response-info timems="0.024" idlems="0.024" threads="0" lastid="0000000001503700" lastname="main" />
</exclusive-start>
<af-start id="676" threadId="0000000001504088" totalBytesRequested="50152" timestamp="2019-07-02T20:08:30.079" intervalms="0.805" type="nursery" />
<cycle-start id="677" type="scavenge" contextid="0" timestamp="2019-07-02T20:08:30.079" intervalms="0.802" />
  <attribute name="GC Util" value="37" />
  <attribute name="CPU Util" value="22912363769670" />
  <attribute name="Time Running"value="635"/>
  <attribute name="Number of cores"value="4"/>
<gc-start id="678" type="scavenge" contextid="677" timestamp="2019-07-02T20:08:30.079">
  <mem-info id="679" free="4849456" total="8519680" percent="56">
    <mem type="nursery" free="0" total="2228224" percent="0">
      <mem type="allocate" free="0" total="1966080" percent="0" />
      <mem type="survivor" free="0" total="262144" percent="0" />
    </mem>
    <mem type="tenure" free="4849456" total="6291456" percent="77">
      <mem type="soa" free="4535088" total="5977088" percent="75" />
      <mem type="loa" free="314368" total="314368" percent="100" />
    </mem>
    <remembered-set count="56" />
  </mem-info>
</gc-start>
<allocation-stats totalBytes="1742008" >
  <allocated-bytes non-tlh="1192920" tlh="549088" />
  <largest-consumer threadName="main" threadId="0000000001503700" bytes="1742008" />
</allocation-stats>
<gc-op id="680" type="scavenge" timems="0.106" contextid="677" timestamp="2019-07-02T20:08:30.079">
  <scavenger-info tenureage="14" tenuremask="4000" tiltratio="88" />
  <memory-copied type="nursery" objects="2" bytes="100040" bytesdiscarded="39144" />
</gc-op>
<gc-end id="681" type="scavenge" contextid="677" durationms="0.260" usertimems="0.000" systemtimems="0.000" timestamp="2019-07-02T20:08:30.079" activeThreads="4">
  <mem-info id="682" free="6676352" total="8519680" percent="78">
    <mem type="nursery" free="1826896" total="2228224" percent="81">
      <mem type="allocate" free="1826896" total="1966080" percent="92" />
      <mem type="survivor" free="0" total="262144" percent="0" />
    </mem>
    <mem type="tenure" free="4849456" total="6291456" percent="77">
      <mem type="soa" free="4535088" total="5977088" percent="75" />
      <mem type="loa" free="314368" total="314368" percent="100" />
    </mem>
    <remembered-set count="56" />
  </mem-info>
</gc-end>
<cycle-end id="683" type="scavenge" contextid="677" timestamp="2019-07-02T20:08:30.079">
  <attribute name="GC Util" value="37" />
  <attribute name="CPU Util" value="23277353599266" />
  <attribute name="Time Running"value="636"/>
  <attribute name="Number of cores"value="4"/>
</cycle-end>
<allocation-satisfied id="684" threadId="0000000001503700" bytesRequested="50152" />
<af-end id="685" timestamp="2019-07-02T20:08:30.079" threadId="0000000001504088" success="true" from="nursery"/>
<exclusive-end id="686" timestamp="2019-07-02T20:08:30.079" durationms="0.628" />

<exclusive-start id="687" timestamp="2019-07-02T20:08:30.080" intervalms="0.791">
  <response-info timems="0.024" idlems="0.024" threads="0" lastid="0000000001503700" lastname="main" />
</exclusive-start>
<af-start id="688" threadId="0000000001504088" totalBytesRequested="50744" timestamp="2019-07-02T20:08:30.080" intervalms="0.790" type="nursery" />
<cycle-start id="689" type="scavenge" contextid="0" timestamp="2019-07-02T20:08:30.080" intervalms="0.790" />
  <attribute name="GC Util" value="37" />
  <attribute name="CPU Util" value="23277353599266" />
  <attribute name="Time Running"value="636"/>
  <attribute name="Number of cores"value="4"/>
<gc-start id="690" type="scavenge" contextid="689" timestamp="2019-07-02T20:08:30.080">
  <mem-info id="691" free="4849456" total="8519680" percent="56">
    <mem type="nursery" free="0" total="2228224" percent="0">
      <mem type="allocate" free="0" total="1966080" percent="0" />
      <mem type="survivor" free="0" total="262144" percent="0" />
    </mem>
    <mem type="tenure" free="4849456" total="6291456" percent="77">
      <mem type="soa" free="4535088" total="5977088" percent="75" />
      <mem type="loa" free="314368" total="314368" percent="100" />
    </mem>
    <remembered-set count="56" />
  </mem-info>
</gc-start>
<allocation-stats totalBytes="1684544" >
  <allocated-bytes non-tlh="1106888" tlh="577656" />
  <largest-consumer threadName="main" threadId="0000000001503700" bytes="1684544" />
</allocation-stats>
<gc-op id="692" type="scavenge" timems="0.107" contextid="689" timestamp="2019-07-02T20:08:30.080">
  <scavenger-info tenureage="14" tenuremask="4000" tiltratio="88" />
  <memory-copied type="nursery" objects="4" bytes="50824" bytesdiscarded="39088" />
</gc-op>
<gc-end id="693" type="scavenge" contextid="689" durationms="0.260" usertimems="0.000" systemtimems="0.000" timestamp="2019-07-02T20:08:30.080" activeThreads="4">
  <mem-info id="694" free="6725624" total="8519680" percent="78">
    <mem type="nursery" free="1876168" total="2228224" percent="84">
      <mem type="allocate" free="1876168" total="1966080" percent="95" />
      <mem type="survivor" free="0" total="262144" percent="0" />
    </mem>
    <mem type="tenure" free="4849456" total="6291456" percent="77">
      <mem type="soa" free="4535088" total="5977088" percent="75" />
      <mem type="loa" free="314368" total="314368" percent="100" />
    </mem>
    <remembered-set count="56" />
  </mem-info>
</gc-end>
<cycle-end id="695" type="scavenge" contextid="689" timestamp="2019-07-02T20:08:30.080">
  <attribute name="GC Util" value="37" />
  <attribute name="CPU Util" value="23235308877457" />
  <attribute name="Time Running"value="636"/>
  <attribute name="Number of cores"value="4"/>
</cycle-end>
<allocation-satisfied id="696" threadId="0000000001503700" bytesRequested="50744" />
<af-end id="697" timestamp="2019-07-02T20:08:30.080" threadId="0000000001504088" success="true" from="nursery"/>
<exclusive-end id="698" timestamp="2019-07-02T20:08:30.080" durationms="0.627" />

<exclusive-start id="699" timestamp="2019-07-02T20:08:30.080" intervalms="0.793">
  <response-info timems="0.027" idlems="0.027" threads="0" lastid="0000000001503700" lastname="main" />
</exclusive-start>
<af-start id="700" threadId="0000000001504088" totalBytesRequested="102680" timestamp="2019-07-02T20:08:30.080" intervalms="0.793" type="nursery" />
<cycle-start id="701" type="scavenge" contextid="0" timestamp="2019-07-02T20:08:30.081" intervalms="0.793" />
  <attribute name="GC Util" value="37" />
  <attribute name="CPU Util" value="23235308877457" />
  <attribute name="Time Running"value="636"/>
  <attribute name="Number of cores"value="4"/>
<gc-start id="702" type="scavenge" contextid="701" timestamp="2019-07-02T20:08:30.081">
  <mem-info id="703" free="4925080" total="8519680" percent="57">
    <mem type="nursery" free="75624" total="2228224" percent="3">
      <mem type="allocate" free="75624" total="1966080" percent="3" />
      <mem type="survivor" free="0" total="262144" percent="0" />
    </mem>
    <mem type="tenure" free="4849456" total="6291456" percent="77">
      <mem type="soa" free="4535088" total="5977088" percent="75" />
      <mem type="loa" free="314368" total="314368" percent="100" />
    </mem>
    <remembered-set count="56" />
  </mem-info>
</gc-start>
<allocation-stats totalBytes="1711952" >
  <allocated-bytes non-tlh="1120608" tlh="591344" />
  <largest-consumer threadName="main" threadId="0000000001503700" bytes="1711952" />
</allocation-stats>
<gc-op id="704" type="scavenge" timems="0.105" contextid="701" timestamp="2019-07-02T20:08:30.081">
  <scavenger-info tenureage="14" tenuremask="4000" tiltratio="88" />
  <memory-copied type="nursery" objects="2" bytes="51368" bytesdiscarded="39144" />
</gc-op>
<gc-end id="705" type="scavenge" contextid="701" durationms="0.259" usertimems="0.000" systemtimems="0.000" timestamp="2019-07-02T20:08:30.081" activeThreads="4">
  <mem-info id="706" free="6725024" total="8519680" percent="78">
    <mem type="nursery" free="1875568" total="2228224" percent="84">
      <mem type="allocate" free="1875568" total="1966080" percent="95" />
      <mem type="survivor" free="0" total="262144" percent="0" />
    </mem>
    <mem type="tenure" free="4849456" total="6291456" percent="77">
      <mem type="soa" free="4535088" total="5977088" percent="75" />
      <mem type="loa" free="314368" total="314368" percent="100" />
    </mem>
    <remembered-set count="56" />
  </mem-info>
</gc-end>
<cycle-end id="707" type="scavenge" contextid="701" timestamp="2019-07-02T20:08:30.081">
  <attribute name="GC Util" value="37" />
  <attribute name="CPU Util" value="23250273911200" />
  <attribute name="Time Running"value="637"/>
  <attribute name="Number of cores"value="4"/>
</cycle-end>
<allocation-satisfied id="708" threadId="0000000001503700" bytesRequested="102680" />
<af-end id="709" timestamp="2019-07-02T20:08:30.081" threadId="0000000001504088" success="true" from="nursery"/>
<exclusive-end id="710" timestamp="2019-07-02T20:08:30.081" durationms="0.630" />

<exclusive-start id="711" timestamp="2019-07-02T20:08:30.081" intervalms="0.817">
  <response-info timems="0.025" idlems="0.025" threads="0" lastid="0000000001503700" lastname="main" />
</exclusive-start>
<af-start id="712" threadId="0000000001504088" totalBytesRequested="51912" timestamp="2019-07-02T20:08:30.081" intervalms="0.819" type="nursery" />
<cycle-start id="713" type="scavenge" contextid="0" timestamp="2019-07-02T20:08:30.081" intervalms="0.820" />
  <attribute name="GC Util" value="37" />
  <attribute name="CPU Util" value="23250273911200" />
  <attribute name="Time Running"value="637"/>
  <attribute name="Number of cores"value="4"/>
<gc-start id="714" type="scavenge" contextid="713" timestamp="2019-07-02T20:08:30.081">
  <mem-info id="715" free="4849456" total="8519680" percent="56">
    <mem type="nursery" free="0" total="2228224" percent="0">
      <mem type="allocate" free="0" total="1966080" percent="0" />
      <mem type="survivor" free="0" total="262144" percent="0" />
    </mem>
    <mem type="tenure" free="4849456" total="6291456" percent="77">
      <mem type="soa" free="4535088" total="5977088" percent="75" />
      <mem type="loa" free="314368" total="314368" percent="100" />
    </mem>
    <remembered-set count="56" />
  </mem-info>
</gc-start>
<allocation-stats totalBytes="1755080" >
  <allocated-bytes non-tlh="1289336" tlh="465744" />
  <largest-consumer threadName="main" threadId="0000000001503700" bytes="1755080" />
</allocation-stats>
<gc-op id="716" type="scavenge" timems="0.108" contextid="713" timestamp="2019-07-02T20:08:30.082">
  <scavenger-info tenureage="14" tenuremask="4000" tiltratio="88" />
  <memory-copied type="nursery" objects="2" bytes="103840" bytesdiscarded="39144" />
</gc-op>
<gc-end id="717" type="scavenge" contextid="713" durationms="0.264" usertimems="0.000" systemtimems="0.000" timestamp="2019-07-02T20:08:30.082" activeThreads="4">
  <mem-info id="718" free="6672552" total="8519680" percent="78">
    <mem type="nursery" free="1823096" total="2228224" percent="81">
      <mem type="allocate" free="1823096" total="1966080" percent="92" />
      <mem type="survivor" free="0" total="262144" percent="0" />
    </mem>
    <mem type="tenure" free="4849456" total="6291456" percent="77">
      <mem type="soa" free="4535088" total="5977088" percent="75" />
      <mem type="loa" free="314368" total="314368" percent="100" />
    </mem>
    <remembered-set count="56" />
  </mem-info>
</gc-end>
<cycle-end id="719" type="scavenge" contextid="713" timestamp="2019-07-02T20:08:30.082">
  <attribute name="GC Util" value="36" />
  <attribute name="CPU Util" value="22585130449814" />
  <attribute name="Time Running"value="638"/>
  <attribute name="Number of cores"value="4"/>
</cycle-end>
<allocation-satisfied id="720" threadId="0000000001503700" bytesRequested="51912" />
<af-end id="721" timestamp="2019-07-02T20:08:30.082" threadId="0000000001504088" success="true" from="nursery"/>
<exclusive-end id="722" timestamp="2019-07-02T20:08:30.082" durationms="0.634" />

<exclusive-start id="723" timestamp="2019-07-02T20:08:30.082" intervalms="0.801">
  <response-info timems="0.025" idlems="0.025" threads="0" lastid="0000000001503700" lastname="main" />
</exclusive-start>
<af-start id="724" threadId="0000000001504088" totalBytesRequested="52600" timestamp="2019-07-02T20:08:30.082" intervalms="0.800" type="nursery" />
<cycle-start id="725" type="scavenge" contextid="0" timestamp="2019-07-02T20:08:30.082" intervalms="0.798" />
  <attribute name="GC Util" value="36" />
  <attribute name="CPU Util" value="22585130449814" />
  <attribute name="Time Running"value="638"/>
  <attribute name="Number of cores"value="4"/>
<gc-start id="726" type="scavenge" contextid="725" timestamp="2019-07-02T20:08:30.082">
  <mem-info id="727" free="4849456" total="8519680" percent="56">
    <mem type="nursery" free="0" total="2228224" percent="0">
      <mem type="allocate" free="0" total="1966080" percent="0" />
      <mem type="survivor" free="0" total="262144" percent="0" />
    </mem>
    <mem type="tenure" free="4849456" total="6291456" percent="77">
      <mem type="soa" free="4535088" total="5977088" percent="75" />
      <mem type="loa" free="314368" total="314368" percent="100" />
    </mem>
    <remembered-set count="56" />
  </mem-info>
</gc-start>
<allocation-stats totalBytes="1725432" >
  <allocated-bytes non-tlh="1200760" tlh="524672" />
  <largest-consumer threadName="main" threadId="0000000001503700" bytes="1725432" />
</allocation-stats>
<gc-op id="728" type="scavenge" timems="0.107" contextid="725" timestamp="2019-07-02T20:08:30.082">
  <scavenger-info tenureage="14" tenuremask="4000" tiltratio="88" />
  <memory-copied type="nursery" objects="4" bytes="52680" bytesdiscarded="39088" />
</gc-op>
<gc-end id="729" type="scavenge" contextid="725" durationms="0.261" usertimems="0.000" systemtimems="0.000" timestamp="2019-07-02T20:08:30.082" activeThreads="4">
  <mem-info id="730" free="6723768" total="8519680" percent="78">
    <mem type="nursery" free="1874312" total="2228224" percent="84">
      <mem type="allocate" free="1874312" total="1966080" percent="95" />
      <mem type="survivor" free="0" total="262144" percent="0" />
    </mem>
    <mem type="tenure" free="4849456" total="6291456" percent="77">
      <mem type="soa" free="4535088" total="5977088" percent="75" />
      <mem type="loa" free="314368" total="314368" percent="100" />
    </mem>
    <remembered-set count="56" />
  </mem-info>
</gc-end>
<cycle-end id="731" type="scavenge" contextid="725" timestamp="2019-07-02T20:08:30.083">
  <attribute name="GC Util" value="37" />
  <attribute name="CPU Util" value="23068551415448" />
  <attribute name="Time Running"value="639"/>
  <attribute name="Number of cores"value="4"/>
</cycle-end>
<allocation-satisfied id="732" threadId="0000000001503700" bytesRequested="52600" />
<af-end id="733" timestamp="2019-07-02T20:08:30.083" threadId="0000000001504088" success="true" from="nursery"/>
<exclusive-end id="734" timestamp="2019-07-02T20:08:30.083" durationms="0.629" />

<exclusive-start id="735" timestamp="2019-07-02T20:08:30.083" intervalms="0.791">
  <response-info timems="0.019" idlems="0.019" threads="0" lastid="0000000001503700" lastname="main" />
</exclusive-start>
<af-start id="736" threadId="0000000001504088" totalBytesRequested="106464" timestamp="2019-07-02T20:08:30.083" intervalms="0.790" type="nursery" />
<cycle-start id="737" type="scavenge" contextid="0" timestamp="2019-07-02T20:08:30.083" intervalms="0.792" />
  <attribute name="GC Util" value="37" />
  <attribute name="CPU Util" value="23068551415448" />
  <attribute name="Time Running"value="639"/>
  <attribute name="Number of cores"value="4"/>
<gc-start id="738" type="scavenge" contextid="737" timestamp="2019-07-02T20:08:30.083">
  <mem-info id="739" free="4849456" total="8519680" percent="56">
    <mem type="nursery" free="0" total="2228224" percent="0">
      <mem type="allocate" free="0" total="1966080" percent="0" />
      <mem type="survivor" free="0" total="262144" percent="0" />
    </mem>
    <mem type="tenure" free="4849456" total="6291456" percent="77">
      <mem type="soa" free="4535088" total="5977088" percent="75" />
      <mem type="loa" free="314368" total="314368" percent="100" />
    </mem>
    <remembered-set count="56" />
  </mem-info>
</gc-start>
<allocation-stats totalBytes="1759272" >
  <allocated-bytes non-tlh="1163872" tlh="595400" />
  <largest-consumer threadName="main" threadId="0000000001503700" bytes="1759272" />
</allocation-stats>
<gc-op id="740" type="scavenge" timems="0.106" contextid="737" timestamp="2019-07-02T20:08:30.083">
  <scavenger-info tenureage="14" tenuremask="4000" tiltratio="88" />
  <memory-copied type="nursery" objects="2" bytes="53264" bytesdiscarded="39144" />
</gc-op>
<gc-end id="741" type="scavenge" contextid="737" durationms="0.260" usertimems="0.000" systemtimems="4.000" timestamp="2019-07-02T20:08:30.083" activeThreads="4">
  <mem-info id="742" free="6723128" total="8519680" percent="78">
    <mem type="nursery" free="1873672" total="2228224" percent="84">
      <mem type="allocate" free="1873672" total="1966080" percent="95" />
      <mem type="survivor" free="0" total="262144" percent="0" />
    </mem>
    <mem type="tenure" free="4849456" total="6291456" percent="77">
      <mem type="soa" free="4535088" total="5977088" percent="75" />
      <mem type="loa" free="314368" total="314368" percent="100" />
    </mem>
    <remembered-set count="56" />
  </mem-info>
</gc-end>
<cycle-end id="743" type="scavenge" contextid="737" timestamp="2019-07-02T20:08:30.083">
  <attribute name="GC Util" value="37" />
  <attribute name="CPU Util" value="23328929020470" />
  <attribute name="Time Running"value="640"/>
  <attribute name="Number of cores"value="4"/>
</cycle-end>
<allocation-satisfied id="744" threadId="0000000001503700" bytesRequested="106464" />
<af-end id="745" timestamp="2019-07-02T20:08:30.083" threadId="0000000001504088" success="true" from="nursery"/>
<exclusive-end id="746" timestamp="2019-07-02T20:08:30.083" durationms="0.628" />

<exclusive-start id="747" timestamp="2019-07-02T20:08:30.084" intervalms="0.787">
  <response-info timems="0.020" idlems="0.020" threads="0" lastid="0000000001503700" lastname="main" />
</exclusive-start>
<af-start id="748" threadId="0000000001504088" totalBytesRequested="107712" timestamp="2019-07-02T20:08:30.084" intervalms="0.787" type="nursery" />
<cycle-start id="749" type="scavenge" contextid="0" timestamp="2019-07-02T20:08:30.084" intervalms="0.786" />
  <attribute name="GC Util" value="37" />
  <attribute name="CPU Util" value="23328929020470" />
  <attribute name="Time Running"value="640"/>
  <attribute name="Number of cores"value="4"/>
<gc-start id="750" type="scavenge" contextid="749" timestamp="2019-07-02T20:08:30.084">
  <mem-info id="751" free="4922840" total="8519680" percent="57">
    <mem type="nursery" free="73384" total="2228224" percent="3">
      <mem type="allocate" free="73384" total="1966080" percent="3" />
      <mem type="survivor" free="0" total="262144" percent="0" />
    </mem>
    <mem type="tenure" free="4849456" total="6291456" percent="77">
      <mem type="soa" free="4535088" total="5977088" percent="75" />
      <mem type="loa" free="314368" total="314368" percent="100" />
    </mem>
    <remembered-set count="56" />
  </mem-info>
</gc-start>
<allocation-stats totalBytes="1738536" >
  <allocated-bytes non-tlh="1230944" tlh="507592" />
  <largest-consumer threadName="main" threadId="0000000001503700" bytes="1738536" />
</allocation-stats>
<gc-op id="752" type="scavenge" timems="0.106" contextid="749" timestamp="2019-07-02T20:08:30.084">
  <scavenger-info tenureage="14" tenuremask="4000" tiltratio="88" />
  <memory-copied type="nursery" objects="2" bytes="53888" bytesdiscarded="39144" />
</gc-op>
<gc-end id="753" type="scavenge" contextid="749" durationms="0.261" usertimems="0.000" systemtimems="0.000" timestamp="2019-07-02T20:08:30.084" activeThreads="4">
  <mem-info id="754" free="6722504" total="8519680" percent="78">
    <mem type="nursery" free="1873048" total="2228224" percent="84">
      <mem type="allocate" free="1873048" total="1966080" percent="95" />
      <mem type="survivor" free="0" total="262144" percent="0" />
    </mem>
    <mem type="tenure" free="4849456" total="6291456" percent="77">
      <mem type="soa" free="4535088" total="5977088" percent="75" />
      <mem type="loa" free="314368" total="314368" percent="100" />
    </mem>
    <remembered-set count="56" />
  </mem-info>
</gc-end>
<cycle-end id="755" type="scavenge" contextid="749" timestamp="2019-07-02T20:08:30.084">
  <attribute name="GC Util" value="38" />
  <attribute name="CPU Util" value="23389864467951" />
  <attribute name="Time Running"value="640"/>
  <attribute name="Number of cores"value="4"/>
</cycle-end>
<allocation-satisfied id="756" threadId="0000000001503700" bytesRequested="107712" />
<af-end id="757" timestamp="2019-07-02T20:08:30.084" threadId="0000000001504088" success="true" from="nursery"/>
<exclusive-end id="758" timestamp="2019-07-02T20:08:30.084" durationms="0.630" />

<exclusive-start id="759" timestamp="2019-07-02T20:08:30.084" intervalms="0.790">
  <response-info timems="0.019" idlems="0.019" threads="0" lastid="0000000001503700" lastname="main" />
</exclusive-start>
<af-start id="760" threadId="0000000001504088" totalBytesRequested="108984" timestamp="2019-07-02T20:08:30.084" intervalms="0.790" type="nursery" />
<cycle-start id="761" type="scavenge" contextid="0" timestamp="2019-07-02T20:08:30.084" intervalms="0.790" />
  <attribute name="GC Util" value="38" />
  <attribute name="CPU Util" value="23389864467951" />
  <attribute name="Time Running"value="640"/>
  <attribute name="Number of cores"value="4"/>
<gc-start id="762" type="scavenge" contextid="761" timestamp="2019-07-02T20:08:30.085">
  <mem-info id="763" free="4849456" total="8519680" percent="56">
    <mem type="nursery" free="0" total="2228224" percent="0">
      <mem type="allocate" free="0" total="1966080" percent="0" />
      <mem type="survivor" free="0" total="262144" percent="0" />
    </mem>
    <mem type="tenure" free="4849456" total="6291456" percent="77">
      <mem type="soa" free="4535088" total="5977088" percent="75" />
      <mem type="loa" free="314368" total="314368" percent="100" />
    </mem>
    <remembered-set count="56" />
  </mem-info>
</gc-start>
<allocation-stats totalBytes="1795560" >
  <allocated-bytes non-tlh="1299968" tlh="495592" />
  <largest-consumer threadName="main" threadId="0000000001503700" bytes="1795560" />
</allocation-stats>
<gc-op id="764" type="scavenge" timems="0.107" contextid="761" timestamp="2019-07-02T20:08:30.085">
  <scavenger-info tenureage="14" tenuremask="4000" tiltratio="88" />
  <memory-copied type="nursery" objects="2" bytes="54520" bytesdiscarded="39144" />
</gc-op>
<gc-end id="765" type="scavenge" contextid="761" durationms="0.265" usertimems="0.000" systemtimems="0.000" timestamp="2019-07-02T20:08:30.085" activeThreads="4">
  <mem-info id="766" free="6721872" total="8519680" percent="78">
    <mem type="nursery" free="1872416" total="2228224" percent="84">
      <mem type="allocate" free="1872416" total="1966080" percent="95" />
      <mem type="survivor" free="0" total="262144" percent="0" />
    </mem>
    <mem type="tenure" free="4849456" total="6291456" percent="77">
      <mem type="soa" free="4535088" total="5977088" percent="75" />
      <mem type="loa" free="314368" total="314368" percent="100" />
    </mem>
    <remembered-set count="56" />
  </mem-info>
</gc-end>
<cycle-end id="767" type="scavenge" contextid="761" timestamp="2019-07-02T20:08:30.085">
  <attribute name="GC Util" value="38" />
  <attribute name="CPU Util" value="23431726785758" />
  <attribute name="Time Running"value="641"/>
  <attribute name="Number of cores"value="4"/>
</cycle-end>
<allocation-satisfied id="768" threadId="0000000001503700" bytesRequested="108984" />
<af-end id="769" timestamp="2019-07-02T20:08:30.085" threadId="0000000001504088" success="true" from="nursery"/>
<exclusive-end id="770" timestamp="2019-07-02T20:08:30.085" durationms="0.633" />

<exclusive-start id="771" timestamp="2019-07-02T20:08:30.085" intervalms="0.799">
  <response-info timems="0.024" idlems="0.024" threads="0" lastid="0000000001503700" lastname="main" />
</exclusive-start>
<af-start id="772" threadId="0000000001504088" totalBytesRequested="110240" timestamp="2019-07-02T20:08:30.085" intervalms="0.802" type="nursery" />
<cycle-start id="773" type="scavenge" contextid="0" timestamp="2019-07-02T20:08:30.085" intervalms="0.802" />
  <attribute name="GC Util" value="38" />
  <attribute name="CPU Util" value="23431726785758" />
  <attribute name="Time Running"value="641"/>
  <attribute name="Number of cores"value="4"/>
<gc-start id="774" type="scavenge" contextid="773" timestamp="2019-07-02T20:08:30.085">
  <mem-info id="775" free="4892208" total="8519680" percent="57">
    <mem type="nursery" free="42752" total="2228224" percent="1">
      <mem type="allocate" free="42752" total="1966080" percent="2" />
      <mem type="survivor" free="0" total="262144" percent="0" />
    </mem>
    <mem type="tenure" free="4849456" total="6291456" percent="77">
      <mem type="soa" free="4535088" total="5977088" percent="75" />
      <mem type="loa" free="314368" total="314368" percent="100" />
    </mem>
    <remembered-set count="56" />
  </mem-info>
</gc-start>
<allocation-stats totalBytes="1776752" >
  <allocated-bytes non-tlh="1260320" tlh="516432" />
  <largest-consumer threadName="main" threadId="0000000001503700" bytes="1776752" />
</allocation-stats>
<gc-op id="776" type="scavenge" timems="0.106" contextid="773" timestamp="2019-07-02T20:08:30.086">
  <scavenger-info tenureage="14" tenuremask="4000" tiltratio="88" />
  <memory-copied type="nursery" objects="2" bytes="55144" bytesdiscarded="39144" />
</gc-op>
<gc-end id="777" type="scavenge" contextid="773" durationms="0.261" usertimems="0.000" systemtimems="0.000" timestamp="2019-07-02T20:08:30.086" activeThreads="4">
  <mem-info id="778" free="6721248" total="8519680" percent="78">
    <mem type="nursery" free="1871792" total="2228224" percent="84">
      <mem type="allocate" free="1871792" total="1966080" percent="95" />
      <mem type="survivor" free="0" total="262144" percent="0" />
    </mem>
    <mem type="tenure" free="4849456" total="6291456" percent="77">
      <mem type="soa" free="4535088" total="5977088" percent="75" />
      <mem type="loa" free="314368" total="314368" percent="100" />
    </mem>
    <remembered-set count="56" />
  </mem-info>
</gc-end>
<cycle-end id="779" type="scavenge" contextid="773" timestamp="2019-07-02T20:08:30.086">
  <attribute name="GC Util" value="37" />
  <attribute name="CPU Util" value="22974172311413" />
  <attribute name="Time Running"value="642"/>
  <attribute name="Number of cores"value="4"/>
</cycle-end>
<allocation-satisfied id="780" threadId="0000000001503700" bytesRequested="110240" />
<af-end id="781" timestamp="2019-07-02T20:08:30.086" threadId="0000000001504088" success="true" from="nursery"/>
<exclusive-end id="782" timestamp="2019-07-02T20:08:30.086" durationms="0.634" />

<exclusive-start id="783" timestamp="2019-07-02T20:08:30.086" intervalms="0.795">
  <response-info timems="0.019" idlems="0.019" threads="0" lastid="0000000001503700" lastname="main" />
</exclusive-start>
<af-start id="784" threadId="0000000001504088" totalBytesRequested="111408" timestamp="2019-07-02T20:08:30.086" intervalms="0.792" type="nursery" />
<cycle-start id="785" type="scavenge" contextid="0" timestamp="2019-07-02T20:08:30.086" intervalms="0.792" />
  <attribute name="GC Util" value="37" />
  <attribute name="CPU Util" value="22974172311413" />
  <attribute name="Time Running"value="642"/>
  <attribute name="Number of cores"value="4"/>
<gc-start id="786" type="scavenge" contextid="785" timestamp="2019-07-02T20:08:30.086">
  <mem-info id="787" free="4849456" total="8519680" percent="56">
    <mem type="nursery" free="0" total="2228224" percent="0">
      <mem type="allocate" free="0" total="1966080" percent="0" />
      <mem type="survivor" free="0" total="262144" percent="0" />
    </mem>
    <mem type="tenure" free="4849456" total="6291456" percent="77">
      <mem type="soa" free="4535088" total="5977088" percent="75" />
      <mem type="loa" free="314368" total="314368" percent="100" />
    </mem>
    <remembered-set count="56" />
  </mem-info>
</gc-start>
<allocation-stats totalBytes="1775688" >
  <allocated-bytes non-tlh="1273984" tlh="501704" />
  <largest-consumer threadName="main" threadId="0000000001503700" bytes="1775688" />
</allocation-stats>
<gc-op id="788" type="scavenge" timems="0.106" contextid="785" timestamp="2019-07-02T20:08:30.086">
  <scavenger-info tenureage="14" tenuremask="4000" tiltratio="88" />
  <memory-copied type="nursery" objects="2" bytes="55728" bytesdiscarded="39144" />
</gc-op>
<gc-end id="789" type="scavenge" contextid="785" durationms="0.259" usertimems="0.000" systemtimems="0.000" timestamp="2019-07-02T20:08:30.086" activeThreads="4">
  <mem-info id="790" free="6720664" total="8519680" percent="78">
    <mem type="nursery" free="1871208" total="2228224" percent="83">
      <mem type="allocate" free="1871208" total="1966080" percent="95" />
      <mem type="survivor" free="0" total="262144" percent="0" />
    </mem>
    <mem type="tenure" free="4849456" total="6291456" percent="77">
      <mem type="soa" free="4535088" total="5977088" percent="75" />
      <mem type="loa" free="314368" total="314368" percent="100" />
    </mem>
    <remembered-set count="56" />
  </mem-info>
</gc-end>
<cycle-end id="791" type="scavenge" contextid="785" timestamp="2019-07-02T20:08:30.086">
  <attribute name="GC Util" value="38" />
  <attribute name="CPU Util" value="23333443891392" />
  <attribute name="Time Running"value="643"/>
  <attribute name="Number of cores"value="4"/>
</cycle-end>
<allocation-satisfied id="792" threadId="0000000001503700" bytesRequested="111408" />
<af-end id="793" timestamp="2019-07-02T20:08:30.087" threadId="0000000001504088" success="true" from="nursery"/>
<exclusive-end id="794" timestamp="2019-07-02T20:08:30.087" durationms="0.625" />

<exclusive-start id="795" timestamp="2019-07-02T20:08:30.087" intervalms="0.787">
  <response-info timems="0.020" idlems="0.020" threads="0" lastid="0000000001503700" lastname="main" />
</exclusive-start>
<af-start id="796" threadId="0000000001504088" totalBytesRequested="112616" timestamp="2019-07-02T20:08:30.087" intervalms="0.787" type="nursery" />
<cycle-start id="797" type="scavenge" contextid="0" timestamp="2019-07-02T20:08:30.087" intervalms="0.787" />
  <attribute name="GC Util" value="38" />
  <attribute name="CPU Util" value="23333443891392" />
  <attribute name="Time Running"value="643"/>
  <attribute name="Number of cores"value="4"/>
<gc-start id="798" type="scavenge" contextid="797" timestamp="2019-07-02T20:08:30.087">
  <mem-info id="799" free="4863488" total="8519680" percent="57">
    <mem type="nursery" free="14032" total="2228224" percent="0">
      <mem type="allocate" free="14032" total="1966080" percent="0" />
      <mem type="survivor" free="0" total="262144" percent="0" />
    </mem>
    <mem type="tenure" free="4849456" total="6291456" percent="77">
      <mem type="soa" free="4535088" total="5977088" percent="75" />
      <mem type="loa" free="314368" total="314368" percent="100" />
    </mem>
    <remembered-set count="56" />
  </mem-info>
</gc-start>
<allocation-stats totalBytes="1812648" >
  <allocated-bytes non-tlh="1287832" tlh="524816" />
  <largest-consumer threadName="main" threadId="0000000001503700" bytes="1812648" />
</allocation-stats>
<gc-op id="800" type="scavenge" timems="0.108" contextid="797" timestamp="2019-07-02T20:08:30.087">
  <scavenger-info tenureage="14" tenuremask="4000" tiltratio="88" />
  <memory-copied type="nursery" objects="2" bytes="56336" bytesdiscarded="39144" />
</gc-op>
<gc-end id="801" type="scavenge" contextid="797" durationms="0.421" usertimems="0.000" systemtimems="0.000" timestamp="2019-07-02T20:08:30.087" activeThreads="4">
  <mem-info id="802" free="6720056" total="8519680" percent="78">
    <mem type="nursery" free="1870600" total="2228224" percent="83">
      <mem type="allocate" free="1870600" total="1966080" percent="95" />
      <mem type="survivor" free="0" total="262144" percent="0" />
    </mem>
    <mem type="tenure" free="4849456" total="6291456" percent="77">
      <mem type="soa" free="4535088" total="5977088" percent="75" />
      <mem type="loa" free="314368" total="314368" percent="100" />
    </mem>
    <remembered-set count="56" />
  </mem-info>
</gc-end>
<cycle-end id="803" type="scavenge" contextid="797" timestamp="2019-07-02T20:08:30.087">
  <attribute name="GC Util" value="37" />
  <attribute name="CPU Util" value="23343512737598" />
  <attribute name="Time Running"value="643"/>
  <attribute name="Number of cores"value="4"/>
</cycle-end>
<allocation-satisfied id="804" threadId="0000000001503700" bytesRequested="112616" />
<af-end id="805" timestamp="2019-07-02T20:08:30.088" threadId="0000000001504088" success="true" from="nursery"/>
<exclusive-end id="806" timestamp="2019-07-02T20:08:30.088" durationms="0.792" />

<exclusive-start id="807" timestamp="2019-07-02T20:08:30.088" intervalms="0.961">
  <response-info timems="0.020" idlems="0.020" threads="0" lastid="0000000001503700" lastname="main" />
</exclusive-start>
<af-start id="808" threadId="0000000001504088" totalBytesRequested="56872" timestamp="2019-07-02T20:08:30.088" intervalms="0.962" type="nursery" />
<cycle-start id="809" type="scavenge" contextid="0" timestamp="2019-07-02T20:08:30.088" intervalms="0.964" />
  <attribute name="GC Util" value="37" />
  <attribute name="CPU Util" value="23343512737598" />
  <attribute name="Time Running"value="643"/>
  <attribute name="Number of cores"value="4"/>
<gc-start id="810" type="scavenge" contextid="809" timestamp="2019-07-02T20:08:30.088">
  <mem-info id="811" free="4849456" total="8519680" percent="56">
    <mem type="nursery" free="0" total="2228224" percent="0">
      <mem type="allocate" free="0" total="1966080" percent="0" />
      <mem type="survivor" free="0" total="262144" percent="0" />
    </mem>
    <mem type="tenure" free="4849456" total="6291456" percent="77">
      <mem type="soa" free="4535088" total="5977088" percent="75" />
      <mem type="loa" free="314368" total="314368" percent="100" />
    </mem>
    <remembered-set count="56" />
  </mem-info>
</gc-start>
<allocation-stats totalBytes="1755720" >
  <allocated-bytes non-tlh="1301080" tlh="454640" />
  <largest-consumer threadName="main" threadId="0000000001503700" bytes="1755720" />
</allocation-stats>
<gc-op id="812" type="scavenge" timems="0.106" contextid="809" timestamp="2019-07-02T20:08:30.088">
  <scavenger-info tenureage="14" tenuremask="4000" tiltratio="88" />
  <memory-copied type="nursery" objects="4" bytes="56952" bytesdiscarded="39088" />
</gc-op>
<gc-end id="813" type="scavenge" contextid="809" durationms="0.264" usertimems="4.000" systemtimems="0.000" timestamp="2019-07-02T20:08:30.088" activeThreads="4">
  <mem-info id="814" free="6719496" total="8519680" percent="78">
    <mem type="nursery" free="1870040" total="2228224" percent="83">
      <mem type="allocate" free="1870040" total="1966080" percent="95" />
      <mem type="survivor" free="0" total="262144" percent="0" />
    </mem>
    <mem type="tenure" free="4849456" total="6291456" percent="77">
      <mem type="soa" free="4535088" total="5977088" percent="75" />
      <mem type="loa" free="314368" total="314368" percent="100" />
    </mem>
    <remembered-set count="56" />
  </mem-info>
</gc-end>
<cycle-end id="815" type="scavenge" contextid="809" timestamp="2019-07-02T20:08:30.088">
  <attribute name="GC Util" value="31" />
  <attribute name="CPU Util" value="19155099655876" />
  <attribute name="Time Running"value="644"/>
  <attribute name="Number of cores"value="4"/>
</cycle-end>
<allocation-satisfied id="816" threadId="0000000001503700" bytesRequested="56872" />
<af-end id="817" timestamp="2019-07-02T20:08:30.088" threadId="0000000001504088" success="true" from="nursery"/>
<exclusive-end id="818" timestamp="2019-07-02T20:08:30.088" durationms="0.633" />

<exclusive-start id="819" timestamp="2019-07-02T20:08:30.089" intervalms="0.794">
  <response-info timems="0.019" idlems="0.019" threads="0" lastid="0000000001503700" lastname="main" />
</exclusive-start>
<af-start id="820" threadId="0000000001504088" totalBytesRequested="57392" timestamp="2019-07-02T20:08:30.089" intervalms="0.792" type="nursery" />
<cycle-start id="821" type="scavenge" contextid="0" timestamp="2019-07-02T20:08:30.089" intervalms="0.790" />
  <attribute name="GC Util" value="31" />
  <attribute name="CPU Util" value="19155099655876" />
  <attribute name="Time Running"value="644"/>
  <attribute name="Number of cores"value="4"/>
<gc-start id="822" type="scavenge" contextid="821" timestamp="2019-07-02T20:08:30.089">
  <mem-info id="823" free="4849456" total="8519680" percent="56">
    <mem type="nursery" free="0" total="2228224" percent="0">
      <mem type="allocate" free="0" total="1966080" percent="0" />
      <mem type="survivor" free="0" total="262144" percent="0" />
    </mem>
    <mem type="tenure" free="4849456" total="6291456" percent="77">
      <mem type="soa" free="4535088" total="5977088" percent="75" />
      <mem type="loa" free="314368" total="314368" percent="100" />
    </mem>
    <remembered-set count="56" />
  </mem-info>
</gc-start>
<allocation-stats totalBytes="1771808" >
  <allocated-bytes non-tlh="1370400" tlh="401408" />
  <largest-consumer threadName="main" threadId="0000000001503700" bytes="1771808" />
</allocation-stats>
<gc-op id="824" type="scavenge" timems="0.114" contextid="821" timestamp="2019-07-02T20:08:30.089">
  <scavenger-info tenureage="14" tenuremask="4000" tiltratio="88" />
  <memory-copied type="nursery" objects="2" bytes="114800" bytesdiscarded="39144" />
</gc-op>
<gc-end id="825" type="scavenge" contextid="821" durationms="0.268" usertimems="0.000" systemtimems="0.000" timestamp="2019-07-02T20:08:30.089" activeThreads="4">
  <mem-info id="826" free="6661592" total="8519680" percent="78">
    <mem type="nursery" free="1812136" total="2228224" percent="81">
      <mem type="allocate" free="1812136" total="1966080" percent="92" />
      <mem type="survivor" free="0" total="262144" percent="0" />
    </mem>
    <mem type="tenure" free="4849456" total="6291456" percent="77">
      <mem type="soa" free="4535088" total="5977088" percent="75" />
      <mem type="loa" free="314368" total="314368" percent="100" />
    </mem>
    <remembered-set count="56" />
  </mem-info>
</gc-end>
<cycle-end id="827" type="scavenge" contextid="821" timestamp="2019-07-02T20:08:30.089">
  <attribute name="GC Util" value="37" />
  <attribute name="CPU Util" value="23379607445498" />
  <attribute name="Time Running"value="645"/>
  <attribute name="Number of cores"value="4"/>
</cycle-end>
<allocation-satisfied id="828" threadId="0000000001503700" bytesRequested="57392" />
<af-end id="829" timestamp="2019-07-02T20:08:30.089" threadId="0000000001504088" success="true" from="nursery"/>
<exclusive-end id="830" timestamp="2019-07-02T20:08:30.089" durationms="0.645" />

<exclusive-start id="831" timestamp="2019-07-02T20:08:30.089" intervalms="0.817">
  <response-info timems="0.027" idlems="0.027" threads="0" lastid="0000000001503700" lastname="main" />
</exclusive-start>
<af-start id="832" threadId="0000000001504088" totalBytesRequested="115848" timestamp="2019-07-02T20:08:30.089" intervalms="0.820" type="nursery" />
<cycle-start id="833" type="scavenge" contextid="0" timestamp="2019-07-02T20:08:30.089" intervalms="0.821" />
  <attribute name="GC Util" value="37" />
  <attribute name="CPU Util" value="23379607445498" />
  <attribute name="Time Running"value="645"/>
  <attribute name="Number of cores"value="4"/>
<gc-start id="834" type="scavenge" contextid="833" timestamp="2019-07-02T20:08:30.090">
  <mem-info id="835" free="4849456" total="8519680" percent="56">
    <mem type="nursery" free="0" total="2228224" percent="0">
      <mem type="allocate" free="0" total="1966080" percent="0" />
      <mem type="survivor" free="0" total="262144" percent="0" />
    </mem>
    <mem type="tenure" free="4849456" total="6291456" percent="77">
      <mem type="soa" free="4535088" total="5977088" percent="75" />
      <mem type="loa" free="314368" total="314368" percent="100" />
    </mem>
    <remembered-set count="56" />
  </mem-info>
</gc-start>
<allocation-stats totalBytes="1780600" >
  <allocated-bytes non-tlh="1325160" tlh="455440" />
  <largest-consumer threadName="main" threadId="0000000001503700" bytes="1780600" />
</allocation-stats>
<gc-op id="836" type="scavenge" timems="0.106" contextid="833" timestamp="2019-07-02T20:08:30.090">
  <scavenger-info tenureage="14" tenuremask="4000" tiltratio="88" />
  <memory-copied type="nursery" objects="2" bytes="57952" bytesdiscarded="39144" />
</gc-op>
<gc-end id="837" type="scavenge" contextid="833" durationms="0.261" usertimems="0.000" systemtimems="0.000" timestamp="2019-07-02T20:08:30.090" activeThreads="4">
  <mem-info id="838" free="6718440" total="8519680" percent="78">
    <mem type="nursery" free="1868984" total="2228224" percent="83">
      <mem type="allocate" free="1868984" total="1966080" percent="95" />
      <mem type="survivor" free="0" total="262144" percent="0" />
    </mem>
    <mem type="tenure" free="4849456" total="6291456" percent="77">
      <mem type="soa" free="4535088" total="5977088" percent="75" />
      <mem type="loa" free="314368" total="314368" percent="100" />
    </mem>
    <remembered-set count="56" />
  </mem-info>
</gc-end>
<cycle-end id="839" type="scavenge" contextid="833" timestamp="2019-07-02T20:08:30.090">
  <attribute name="GC Util" value="37" />
  <attribute name="CPU Util" value="22482923455037" />
  <attribute name="Time Running"value="646"/>
  <attribute name="Number of cores"value="4"/>
</cycle-end>
<allocation-satisfied id="840" threadId="0000000001503700" bytesRequested="115848" />
<af-end id="841" timestamp="2019-07-02T20:08:30.090" threadId="0000000001504088" success="true" from="nursery"/>
<exclusive-end id="842" timestamp="2019-07-02T20:08:30.090" durationms="0.637" />

<exclusive-start id="843" timestamp="2019-07-02T20:08:30.090" intervalms="0.817">
  <response-info timems="0.025" idlems="0.025" threads="0" lastid="0000000001503700" lastname="main" />
</exclusive-start>
<af-start id="844" threadId="0000000001504088" totalBytesRequested="58368" timestamp="2019-07-02T20:08:30.090" intervalms="0.817" type="nursery" />
<cycle-start id="845" type="scavenge" contextid="0" timestamp="2019-07-02T20:08:30.090" intervalms="0.818" />
  <attribute name="GC Util" value="37" />
  <attribute name="CPU Util" value="22482923455037" />
  <attribute name="Time Running"value="646"/>
  <attribute name="Number of cores"value="4"/>
<gc-start id="846" type="scavenge" contextid="845" timestamp="2019-07-02T20:08:30.090">
  <mem-info id="847" free="4849456" total="8519680" percent="56">
    <mem type="nursery" free="0" total="2228224" percent="0">
      <mem type="allocate" free="0" total="1966080" percent="0" />
      <mem type="survivor" free="0" total="262144" percent="0" />
    </mem>
    <mem type="tenure" free="4849456" total="6291456" percent="77">
      <mem type="soa" free="4535088" total="5977088" percent="75" />
      <mem type="loa" free="314368" total="314368" percent="100" />
    </mem>
    <remembered-set count="56" />
  </mem-info>
</gc-start>
<allocation-stats totalBytes="1801848" >
  <allocated-bytes non-tlh="1393736" tlh="408112" />
  <largest-consumer threadName="main" threadId="0000000001503700" bytes="1801848" />
</allocation-stats>
<gc-op id="848" type="scavenge" timems="0.131" contextid="845" timestamp="2019-07-02T20:08:30.091">
  <scavenger-info tenureage="14" tenuremask="4000" tiltratio="88" />
  <memory-copied type="nursery" objects="4" bytes="58448" bytesdiscarded="39088" />
</gc-op>
<gc-end id="849" type="scavenge" contextid="845" durationms="0.291" usertimems="0.000" systemtimems="0.000" timestamp="2019-07-02T20:08:30.091" activeThreads="4">
  <mem-info id="850" free="6718000" total="8519680" percent="78">
    <mem type="nursery" free="1868544" total="2228224" percent="83">
      <mem type="allocate" free="1868544" total="1966080" percent="95" />
      <mem type="survivor" free="0" total="262144" percent="0" />
    </mem>
    <mem type="tenure" free="4849456" total="6291456" percent="77">
      <mem type="soa" free="4535088" total="5977088" percent="75" />
      <mem type="loa" free="314368" total="314368" percent="100" />
    </mem>
    <remembered-set count="56" />
  </mem-info>
</gc-end>
<cycle-end id="851" type="scavenge" contextid="845" timestamp="2019-07-02T20:08:30.091">
  <attribute name="GC Util" value="36" />
  <attribute name="CPU Util" value="22344387262676" />
  <attribute name="Time Running"value="647"/>
  <attribute name="Number of cores"value="4"/>
</cycle-end>
<allocation-satisfied id="852" threadId="0000000001503700" bytesRequested="58368" />
<af-end id="853" timestamp="2019-07-02T20:08:30.091" threadId="0000000001504088" success="true" from="nursery"/>
<exclusive-end id="854" timestamp="2019-07-02T20:08:30.091" durationms="0.662" />

<exclusive-start id="855" timestamp="2019-07-02T20:08:30.091" intervalms="0.821">
  <response-info timems="0.020" idlems="0.020" threads="0" lastid="0000000001503700" lastname="main" />
</exclusive-start>
<af-start id="856" threadId="0000000001504088" totalBytesRequested="117352" timestamp="2019-07-02T20:08:30.091" intervalms="0.819" type="nursery" />
<cycle-start id="857" type="scavenge" contextid="0" timestamp="2019-07-02T20:08:30.091" intervalms="0.816" />
  <attribute name="GC Util" value="36" />
  <attribute name="CPU Util" value="22344387262676" />
  <attribute name="Time Running"value="647"/>
  <attribute name="Number of cores"value="4"/>
<gc-start id="858" type="scavenge" contextid="857" timestamp="2019-07-02T20:08:30.091">
  <mem-info id="859" free="4882992" total="8519680" percent="57">
    <mem type="nursery" free="33536" total="2228224" percent="1">
      <mem type="allocate" free="33536" total="1966080" percent="1" />
      <mem type="survivor" free="0" total="262144" percent="0" />
    </mem>
    <mem type="tenure" free="4849456" total="6291456" percent="77">
      <mem type="soa" free="4535088" total="5977088" percent="75" />
      <mem type="loa" free="314368" total="314368" percent="100" />
    </mem>
    <remembered-set count="56" />
  </mem-info>
</gc-start>
<allocation-stats totalBytes="1769928" >
  <allocated-bytes non-tlh="1286728" tlh="483200" />
  <largest-consumer threadName="main" threadId="0000000001503700" bytes="1769928" />
</allocation-stats>
<gc-op id="860" type="scavenge" timems="0.126" contextid="857" timestamp="2019-07-02T20:08:30.091">
  <scavenger-info tenureage="14" tenuremask="4000" tiltratio="88" />
  <memory-copied type="nursery" objects="2" bytes="58704" bytesdiscarded="39144" />
</gc-op>
<gc-end id="861" type="scavenge" contextid="857" durationms="0.281" usertimems="0.000" systemtimems="0.000" timestamp="2019-07-02T20:08:30.091" activeThreads="4">
  <mem-info id="862" free="6717688" total="8519680" percent="78">
    <mem type="nursery" free="1868232" total="2228224" percent="83">
      <mem type="allocate" free="1868232" total="1966080" percent="95" />
      <mem type="survivor" free="0" total="262144" percent="0" />
    </mem>
    <mem type="tenure" free="4849456" total="6291456" percent="77">
      <mem type="soa" free="4535088" total="5977088" percent="75" />
      <mem type="loa" free="314368" total="314368" percent="100" />
    </mem>
    <remembered-set count="56" />
  </mem-info>
</gc-end>
<cycle-end id="863" type="scavenge" contextid="857" timestamp="2019-07-02T20:08:30.091">
  <attribute name="GC Util" value="39" />
  <attribute name="CPU Util" value="22806954901616" />
  <attribute name="Time Running"value="648"/>
  <attribute name="Number of cores"value="4"/>
</cycle-end>
<allocation-satisfied id="864" threadId="0000000001503700" bytesRequested="117352" />
<af-end id="865" timestamp="2019-07-02T20:08:30.092" threadId="0000000001504088" success="true" from="nursery"/>
<exclusive-end id="866" timestamp="2019-07-02T20:08:30.092" durationms="0.654" />

<exclusive-start id="867" timestamp="2019-07-02T20:08:30.092" intervalms="0.816">
  <response-info timems="0.019" idlems="0.019" threads="0" lastid="0000000001503700" lastname="main" />
</exclusive-start>
<af-start id="868" threadId="0000000001504088" totalBytesRequested="59168" timestamp="2019-07-02T20:08:30.092" intervalms="0.817" type="nursery" />
<cycle-start id="869" type="scavenge" contextid="0" timestamp="2019-07-02T20:08:30.092" intervalms="0.817" />
  <attribute name="GC Util" value="39" />
  <attribute name="CPU Util" value="22806954901616" />
  <attribute name="Time Running"value="648"/>
  <attribute name="Number of cores"value="4"/>
<gc-start id="870" type="scavenge" contextid="869" timestamp="2019-07-02T20:08:30.092">
  <mem-info id="871" free="4849456" total="8519680" percent="56">
    <mem type="nursery" free="0" total="2228224" percent="0">
      <mem type="allocate" free="0" total="1966080" percent="0" />
      <mem type="survivor" free="0" total="262144" percent="0" />
    </mem>
    <mem type="tenure" free="4849456" total="6291456" percent="77">
      <mem type="soa" free="4535088" total="5977088" percent="75" />
      <mem type="loa" free="314368" total="314368" percent="100" />
    </mem>
    <remembered-set count="56" />
  </mem-info>
</gc-start>
<allocation-stats totalBytes="1828136" >
  <allocated-bytes non-tlh="1414024" tlh="414112" />
  <largest-consumer threadName="main" threadId="0000000001503700" bytes="1828136" />
</allocation-stats>
<gc-op id="872" type="scavenge" timems="0.108" contextid="869" timestamp="2019-07-02T20:08:30.092">
  <scavenger-info tenureage="14" tenuremask="4000" tiltratio="88" />
  <memory-copied type="nursery" objects="4" bytes="59248" bytesdiscarded="39088" />
</gc-op>
<gc-end id="873" type="scavenge" contextid="869" durationms="0.262" usertimems="0.000" systemtimems="0.000" timestamp="2019-07-02T20:08:30.092" activeThreads="4">
  <mem-info id="874" free="6717200" total="8519680" percent="78">
    <mem type="nursery" free="1867744" total="2228224" percent="83">
      <mem type="allocate" free="1867744" total="1966080" percent="94" />
      <mem type="survivor" free="0" total="262144" percent="0" />
    </mem>
    <mem type="tenure" free="4849456" total="6291456" percent="77">
      <mem type="soa" free="4535088" total="5977088" percent="75" />
      <mem type="loa" free="314368" total="314368" percent="100" />
    </mem>
    <remembered-set count="56" />
  </mem-info>
</gc-end>
<cycle-end id="875" type="scavenge" contextid="869" timestamp="2019-07-02T20:08:30.092">
  <attribute name="GC Util" value="38" />
  <attribute name="CPU Util" value="22579380310547" />
  <attribute name="Time Running"value="648"/>
  <attribute name="Number of cores"value="4"/>
</cycle-end>
<allocation-satisfied id="876" threadId="0000000001503700" bytesRequested="59168" />
<af-end id="877" timestamp="2019-07-02T20:08:30.092" threadId="0000000001504088" success="true" from="nursery"/>
<exclusive-end id="878" timestamp="2019-07-02T20:08:30.092" durationms="0.631" />

<exclusive-start id="879" timestamp="2019-07-02T20:08:30.093" intervalms="0.795">
  <response-info timems="0.024" idlems="0.024" threads="0" lastid="0000000001503700" lastname="main" />
</exclusive-start>
<af-start id="880" threadId="0000000001504088" totalBytesRequested="119344" timestamp="2019-07-02T20:08:30.093" intervalms="0.795" type="nursery" />
<cycle-start id="881" type="scavenge" contextid="0" timestamp="2019-07-02T20:08:30.093" intervalms="0.796" />
  <attribute name="GC Util" value="38" />
  <attribute name="CPU Util" value="22579380310547" />
  <attribute name="Time Running"value="648"/>
  <attribute name="Number of cores"value="4"/>
<gc-start id="882" type="scavenge" contextid="881" timestamp="2019-07-02T20:08:30.093">
  <mem-info id="883" free="4953592" total="8519680" percent="58">
    <mem type="nursery" free="104136" total="2228224" percent="4">
      <mem type="allocate" free="104136" total="1966080" percent="5" />
      <mem type="survivor" free="0" total="262144" percent="0" />
    </mem>
    <mem type="tenure" free="4849456" total="6291456" percent="77">
      <mem type="soa" free="4535088" total="5977088" percent="75" />
      <mem type="loa" free="314368" total="314368" percent="100" />
    </mem>
    <remembered-set count="56" />
  </mem-info>
</gc-start>
<allocation-stats totalBytes="1734024" >
  <allocated-bytes non-tlh="1424760" tlh="309264" />
  <largest-consumer threadName="main" threadId="0000000001503700" bytes="1734024" />
</allocation-stats>
<gc-op id="884" type="scavenge" timems="0.106" contextid="881" timestamp="2019-07-02T20:08:30.093">
  <scavenger-info tenureage="14" tenuremask="4000" tiltratio="88" />
  <memory-copied type="nursery" objects="2" bytes="59696" bytesdiscarded="39144" />
</gc-op>
<gc-end id="885" type="scavenge" contextid="881" durationms="0.267" usertimems="0.000" systemtimems="0.000" timestamp="2019-07-02T20:08:30.093" activeThreads="4">
  <mem-info id="886" free="6716696" total="8519680" percent="78">
    <mem type="nursery" free="1867240" total="2228224" percent="83">
      <mem type="allocate" free="1867240" total="1966080" percent="94" />
      <mem type="survivor" free="0" total="262144" percent="0" />
    </mem>
    <mem type="tenure" free="4849456" total="6291456" percent="77">
      <mem type="soa" free="4535088" total="5977088" percent="75" />
      <mem type="loa" free="314368" total="314368" percent="100" />
    </mem>
    <remembered-set count="56" />
  </mem-info>
</gc-end>
<cycle-end id="887" type="scavenge" contextid="881" timestamp="2019-07-02T20:08:30.093">
  <attribute name="GC Util" value="38" />
  <attribute name="CPU Util" value="23189654545683" />
  <attribute name="Time Running"value="649"/>
  <attribute name="Number of cores"value="4"/>
</cycle-end>
<allocation-satisfied id="888" threadId="0000000001503700" bytesRequested="119344" />
<af-end id="889" timestamp="2019-07-02T20:08:30.093" threadId="0000000001504088" success="true" from="nursery"/>
<exclusive-end id="890" timestamp="2019-07-02T20:08:30.093" durationms="0.628" />

<exclusive-start id="891" timestamp="2019-07-02T20:08:30.093" intervalms="0.795">
  <response-info timems="0.024" idlems="0.024" threads="0" lastid="0000000001503700" lastname="main" />
</exclusive-start>
<af-start id="892" threadId="0000000001504088" totalBytesRequested="60256" timestamp="2019-07-02T20:08:30.093" intervalms="0.795" type="nursery" />
<cycle-start id="893" type="scavenge" contextid="0" timestamp="2019-07-02T20:08:30.093" intervalms="0.797" />
  <attribute name="GC Util" value="38" />
  <attribute name="CPU Util" value="23189654545683" />
  <attribute name="Time Running"value="649"/>
  <attribute name="Number of cores"value="4"/>
<gc-start id="894" type="scavenge" contextid="893" timestamp="2019-07-02T20:08:30.094">
  <mem-info id="895" free="4849456" total="8519680" percent="56">
    <mem type="nursery" free="0" total="2228224" percent="0">
      <mem type="allocate" free="0" total="1966080" percent="0" />
      <mem type="survivor" free="0" total="262144" percent="0" />
    </mem>
    <mem type="tenure" free="4849456" total="6291456" percent="77">
      <mem type="soa" free="4535088" total="5977088" percent="75" />
      <mem type="loa" free="314368" total="314368" percent="100" />
    </mem>
    <remembered-set count="56" />
  </mem-info>
</gc-start>
<allocation-stats totalBytes="1797696" >
  <allocated-bytes non-tlh="1497024" tlh="300672" />
  <largest-consumer threadName="main" threadId="0000000001503700" bytes="1797696" />
</allocation-stats>
<gc-op id="896" type="scavenge" timems="0.108" contextid="893" timestamp="2019-07-02T20:08:30.094">
  <scavenger-info tenureage="14" tenuremask="4000" tiltratio="88" />
  <memory-copied type="nursery" objects="2" bytes="120232" bytesdiscarded="39144" />
</gc-op>
<gc-end id="897" type="scavenge" contextid="893" durationms="0.265" usertimems="0.000" systemtimems="0.000" timestamp="2019-07-02T20:08:30.094" activeThreads="4">
  <mem-info id="898" free="6656160" total="8519680" percent="78">
    <mem type="nursery" free="1806704" total="2228224" percent="81">
      <mem type="allocate" free="1806704" total="1966080" percent="91" />
      <mem type="survivor" free="0" total="262144" percent="0" />
    </mem>
    <mem type="tenure" free="4849456" total="6291456" percent="77">
      <mem type="soa" free="4535088" total="5977088" percent="75" />
      <mem type="loa" free="314368" total="314368" percent="100" />
    </mem>
    <remembered-set count="56" />
  </mem-info>
</gc-end>
<cycle-end id="899" type="scavenge" contextid="893" timestamp="2019-07-02T20:08:30.094">
  <attribute name="GC Util" value="39" />
  <attribute name="CPU Util" value="23063158035380" />
  <attribute name="Time Running"value="650"/>
  <attribute name="Number of cores"value="4"/>
</cycle-end>
<allocation-satisfied id="900" threadId="0000000001503700" bytesRequested="60256" />
<af-end id="901" timestamp="2019-07-02T20:08:30.094" threadId="0000000001504088" success="true" from="nursery"/>
<exclusive-end id="902" timestamp="2019-07-02T20:08:30.094" durationms="0.635" />

<exclusive-start id="903" timestamp="2019-07-02T20:08:30.094" intervalms="0.787">
  <response-info timems="0.019" idlems="0.019" threads="0" lastid="0000000001503700" lastname="main" />
</exclusive-start>
<af-start id="904" threadId="0000000001504088" totalBytesRequested="121424" timestamp="2019-07-02T20:08:30.094" intervalms="0.787" type="nursery" />
<cycle-start id="905" type="scavenge" contextid="0" timestamp="2019-07-02T20:08:30.094" intervalms="0.785" />
  <attribute name="GC Util" value="39" />
  <attribute name="CPU Util" value="23063158035380" />
  <attribute name="Time Running"value="650"/>
  <attribute name="Number of cores"value="4"/>
<gc-start id="906" type="scavenge" contextid="905" timestamp="2019-07-02T20:08:30.094">
  <mem-info id="907" free="5068400" total="8519680" percent="59">
    <mem type="nursery" free="218944" total="2228224" percent="9">
      <mem type="allocate" free="218944" total="1966080" percent="11" />
      <mem type="survivor" free="0" total="262144" percent="0" />
    </mem>
    <mem type="tenure" free="4849456" total="6291456" percent="77">
      <mem type="soa" free="4535088" total="5977088" percent="75" />
      <mem type="loa" free="314368" total="314368" percent="100" />
    </mem>
    <remembered-set count="56" />
  </mem-info>
</gc-start>
<allocation-stats totalBytes="1581184" >
  <allocated-bytes non-tlh="1268272" tlh="312912" />
  <largest-consumer threadName="main" threadId="0000000001503700" bytes="1581184" />
</allocation-stats>
<gc-op id="908" type="scavenge" timems="0.107" contextid="905" timestamp="2019-07-02T20:08:30.095">
  <scavenger-info tenureage="14" tenuremask="4000" tiltratio="88" />
  <memory-copied type="nursery" objects="2" bytes="60744" bytesdiscarded="39144" />
</gc-op>
<gc-end id="909" type="scavenge" contextid="905" durationms="0.260" usertimems="0.000" systemtimems="0.000" timestamp="2019-07-02T20:08:30.095" activeThreads="4">
  <mem-info id="910" free="6715648" total="8519680" percent="78">
    <mem type="nursery" free="1866192" total="2228224" percent="83">
      <mem type="allocate" free="1866192" total="1966080" percent="94" />
      <mem type="survivor" free="0" total="262144" percent="0" />
    </mem>
    <mem type="tenure" free="4849456" total="6291456" percent="77">
      <mem type="soa" free="4535088" total="5977088" percent="75" />
      <mem type="loa" free="314368" total="314368" percent="100" />
    </mem>
    <remembered-set count="56" />
  </mem-info>
</gc-end>
<cycle-end id="911" type="scavenge" contextid="905" timestamp="2019-07-02T20:08:30.095">
  <attribute name="GC Util" value="38" />
  <attribute name="CPU Util" value="23600655139781" />
  <attribute name="Time Running"value="651"/>
  <attribute name="Number of cores"value="4"/>
</cycle-end>
<allocation-satisfied id="912" threadId="0000000001503700" bytesRequested="121424" />
<af-end id="913" timestamp="2019-07-02T20:08:30.095" threadId="0000000001504088" success="true" from="nursery"/>
<exclusive-end id="914" timestamp="2019-07-02T20:08:30.095" durationms="0.635" />

<exclusive-start id="915" timestamp="2019-07-02T20:08:30.095" intervalms="0.797">
  <response-info timems="0.019" idlems="0.019" threads="0" lastid="0000000001503700" lastname="main" />
</exclusive-start>
<af-start id="916" threadId="0000000001504088" totalBytesRequested="61216" timestamp="2019-07-02T20:08:30.095" intervalms="0.797" type="nursery" />
<cycle-start id="917" type="scavenge" contextid="0" timestamp="2019-07-02T20:08:30.095" intervalms="0.796" />
  <attribute name="GC Util" value="38" />
  <attribute name="CPU Util" value="23600655139781" />
  <attribute name="Time Running"value="651"/>
  <attribute name="Number of cores"value="4"/>
<gc-start id="918" type="scavenge" contextid="917" timestamp="2019-07-02T20:08:30.095">
  <mem-info id="919" free="4849456" total="8519680" percent="56">
    <mem type="nursery" free="0" total="2228224" percent="0">
      <mem type="allocate" free="0" total="1966080" percent="0" />
      <mem type="survivor" free="0" total="262144" percent="0" />
    </mem>
    <mem type="tenure" free="4849456" total="6291456" percent="77">
      <mem type="soa" free="4535088" total="5977088" percent="75" />
      <mem type="loa" free="314368" total="314368" percent="100" />
    </mem>
    <remembered-set count="56" />
  </mem-info>
</gc-start>
<allocation-stats totalBytes="1828648" >
  <allocated-bytes non-tlh="1522920" tlh="305728" />
  <largest-consumer threadName="main" threadId="0000000001503700" bytes="1828648" />
</allocation-stats>
<gc-op id="920" type="scavenge" timems="0.114" contextid="917" timestamp="2019-07-02T20:08:30.095">
  <scavenger-info tenureage="14" tenuremask="4000" tiltratio="88" />
  <memory-copied type="nursery" objects="2" bytes="122240" bytesdiscarded="39144" />
</gc-op>
<gc-end id="921" type="scavenge" contextid="917" durationms="0.267" usertimems="0.000" systemtimems="0.000" timestamp="2019-07-02T20:08:30.095" activeThreads="4">
  <mem-info id="922" free="6654152" total="8519680" percent="78">
    <mem type="nursery" free="1804696" total="2228224" percent="80">
      <mem type="allocate" free="1804696" total="1966080" percent="91" />
      <mem type="survivor" free="0" total="262144" percent="0" />
    </mem>
    <mem type="tenure" free="4849456" total="6291456" percent="77">
      <mem type="soa" free="4535088" total="5977088" percent="75" />
      <mem type="loa" free="314368" total="314368" percent="100" />
    </mem>
    <remembered-set count="56" />
  </mem-info>
</gc-end>
<cycle-end id="923" type="scavenge" contextid="917" timestamp="2019-07-02T20:08:30.095">
  <attribute name="GC Util" value="37" />
  <attribute name="CPU Util" value="23154986381117" />
  <attribute name="Time Running"value="652"/>
  <attribute name="Number of cores"value="4"/>
</cycle-end>
<allocation-satisfied id="924" threadId="0000000001503700" bytesRequested="61216" />
<af-end id="925" timestamp="2019-07-02T20:08:30.096" threadId="0000000001504088" success="true" from="nursery"/>
<exclusive-end id="926" timestamp="2019-07-02T20:08:30.096" durationms="0.635" />

<exclusive-start id="927" timestamp="2019-07-02T20:08:30.096" intervalms="0.791">
  <response-info timems="0.019" idlems="0.019" threads="0" lastid="0000000001503700" lastname="main" />
</exclusive-start>
<af-start id="928" threadId="0000000001504088" totalBytesRequested="123216" timestamp="2019-07-02T20:08:30.096" intervalms="0.789" type="nursery" />
<cycle-start id="929" type="scavenge" contextid="0" timestamp="2019-07-02T20:08:30.096" intervalms="0.790" />
  <attribute name="GC Util" value="37" />
  <attribute name="CPU Util" value="23154986381117" />
  <attribute name="Time Running"value="652"/>
  <attribute name="Number of cores"value="4"/>
<gc-start id="930" type="scavenge" contextid="929" timestamp="2019-07-02T20:08:30.096">
  <mem-info id="931" free="4981048" total="8519680" percent="58">
    <mem type="nursery" free="131592" total="2228224" percent="5">
      <mem type="allocate" free="131592" total="1966080" percent="6" />
      <mem type="survivor" free="0" total="262144" percent="0" />
    </mem>
    <mem type="tenure" free="4849456" total="6291456" percent="77">
      <mem type="soa" free="4535088" total="5977088" percent="75" />
      <mem type="loa" free="314368" total="314368" percent="100" />
    </mem>
    <remembered-set count="56" />
  </mem-info>
</gc-start>
<allocation-stats totalBytes="1665472" >
  <allocated-bytes non-tlh="1349520" tlh="315952" />
  <largest-consumer threadName="main" threadId="0000000001503700" bytes="1665472" />
</allocation-stats>
<gc-op id="932" type="scavenge" timems="0.106" contextid="929" timestamp="2019-07-02T20:08:30.096">
  <scavenger-info tenureage="14" tenuremask="4000" tiltratio="88" />
  <memory-copied type="nursery" objects="2" bytes="61640" bytesdiscarded="39144" />
</gc-op>
<gc-end id="933" type="scavenge" contextid="929" durationms="0.259" usertimems="0.000" systemtimems="0.000" timestamp="2019-07-02T20:08:30.096" activeThreads="4">
  <mem-info id="934" free="6714752" total="8519680" percent="78">
    <mem type="nursery" free="1865296" total="2228224" percent="83">
      <mem type="allocate" free="1865296" total="1966080" percent="94" />
      <mem type="survivor" free="0" total="262144" percent="0" />
    </mem>
    <mem type="tenure" free="4849456" total="6291456" percent="77">
      <mem type="soa" free="4535088" total="5977088" percent="75" />
      <mem type="loa" free="314368" total="314368" percent="100" />
    </mem>
    <remembered-set count="56" />
  </mem-info>
</gc-end>
<cycle-end id="935" type="scavenge" contextid="929" timestamp="2019-07-02T20:08:30.096">
  <attribute name="GC Util" value="38" />
  <attribute name="CPU Util" value="23375341277236" />
  <attribute name="Time Running"value="652"/>
  <attribute name="Number of cores"value="4"/>
</cycle-end>
<allocation-satisfied id="936" threadId="0000000001503700" bytesRequested="123216" />
<af-end id="937" timestamp="2019-07-02T20:08:30.096" threadId="0000000001504088" success="true" from="nursery"/>
<exclusive-end id="938" timestamp="2019-07-02T20:08:30.096" durationms="0.624" />

<exclusive-start id="939" timestamp="2019-07-02T20:08:30.097" intervalms="0.781">
  <response-info timems="0.020" idlems="0.020" threads="0" lastid="0000000001503700" lastname="main" />
</exclusive-start>
<af-start id="940" threadId="0000000001504088" totalBytesRequested="124008" timestamp="2019-07-02T20:08:30.097" intervalms="0.782" type="nursery" />
<cycle-start id="941" type="scavenge" contextid="0" timestamp="2019-07-02T20:08:30.097" intervalms="0.782" />
  <attribute name="GC Util" value="38" />
  <attribute name="CPU Util" value="23375341277236" />
  <attribute name="Time Running"value="652"/>
  <attribute name="Number of cores"value="4"/>
<gc-start id="942" type="scavenge" contextid="941" timestamp="2019-07-02T20:08:30.097">
  <mem-info id="943" free="4965928" total="8519680" percent="58">
    <mem type="nursery" free="116472" total="2228224" percent="5">
      <mem type="allocate" free="116472" total="1966080" percent="5" />
      <mem type="survivor" free="0" total="262144" percent="0" />
    </mem>
    <mem type="tenure" free="4849456" total="6291456" percent="77">
      <mem type="soa" free="4535088" total="5977088" percent="75" />
      <mem type="loa" free="314368" total="314368" percent="100" />
    </mem>
    <remembered-set count="56" />
  </mem-info>
</gc-start>
<allocation-stats totalBytes="1738328" >
  <allocated-bytes non-tlh="1421144" tlh="317184" />
  <largest-consumer threadName="main" threadId="0000000001503700" bytes="1738328" />
</allocation-stats>
<gc-op id="944" type="scavenge" timems="0.105" contextid="941" timestamp="2019-07-02T20:08:30.097">
  <scavenger-info tenureage="14" tenuremask="4000" tiltratio="88" />
  <memory-copied type="nursery" objects="2" bytes="62032" bytesdiscarded="39144" />
</gc-op>
<gc-end id="945" type="scavenge" contextid="941" durationms="0.267" usertimems="0.000" systemtimems="0.000" timestamp="2019-07-02T20:08:30.097" activeThreads="4">
  <mem-info id="946" free="6714360" total="8519680" percent="78">
    <mem type="nursery" free="1864904" total="2228224" percent="83">
      <mem type="allocate" free="1864904" total="1966080" percent="94" />
      <mem type="survivor" free="0" total="262144" percent="0" />
    </mem>
    <mem type="tenure" free="4849456" total="6291456" percent="77">
      <mem type="soa" free="4535088" total="5977088" percent="75" />
      <mem type="loa" free="314368" total="314368" percent="100" />
    </mem>
    <remembered-set count="56" />
  </mem-info>
</gc-end>
<cycle-end id="947" type="scavenge" contextid="941" timestamp="2019-07-02T20:08:30.097">
  <attribute name="GC Util" value="37" />
  <attribute name="CPU Util" value="23345403459862" />
  <attribute name="Time Running"value="653"/>
  <attribute name="Number of cores"value="4"/>
</cycle-end>
<allocation-satisfied id="948" threadId="0000000001503700" bytesRequested="124008" />
<af-end id="949" timestamp="2019-07-02T20:08:30.097" threadId="0000000001504088" success="true" from="nursery"/>
<exclusive-end id="950" timestamp="2019-07-02T20:08:30.097" durationms="0.634" />

<exclusive-start id="951" timestamp="2019-07-02T20:08:30.097" intervalms="0.799">
  <response-info timems="0.023" idlems="0.023" threads="0" lastid="0000000001503700" lastname="main" />
</exclusive-start>
<af-start id="952" threadId="0000000001504088" totalBytesRequested="125120" timestamp="2019-07-02T20:08:30.097" intervalms="0.799" type="nursery" />
<cycle-start id="953" type="scavenge" contextid="0" timestamp="2019-07-02T20:08:30.097" intervalms="0.801" />
  <attribute name="GC Util" value="37" />
  <attribute name="CPU Util" value="23345403459862" />
  <attribute name="Time Running"value="653"/>
  <attribute name="Number of cores"value="4"/>
<gc-start id="954" type="scavenge" contextid="953" timestamp="2019-07-02T20:08:30.098">
  <mem-info id="955" free="4879352" total="8519680" percent="57">
    <mem type="nursery" free="29896" total="2228224" percent="1">
      <mem type="allocate" free="29896" total="1966080" percent="1" />
      <mem type="survivor" free="0" total="262144" percent="0" />
    </mem>
    <mem type="tenure" free="4849456" total="6291456" percent="77">
      <mem type="soa" free="4535088" total="5977088" percent="75" />
      <mem type="loa" free="314368" total="314368" percent="100" />
    </mem>
    <remembered-set count="56" />
  </mem-info>
</gc-start>
<allocation-stats totalBytes="1813336" >
  <allocated-bytes non-tlh="1432112" tlh="381224" />
  <largest-consumer threadName="main" threadId="0000000001503700" bytes="1813336" />
</allocation-stats>
<gc-op id="956" type="scavenge" timems="0.259" contextid="953" timestamp="2019-07-02T20:08:30.098">
  <scavenger-info tenureage="14" tenuremask="4000" tiltratio="88" />
  <memory-copied type="nursery" objects="2" bytes="62592" bytesdiscarded="39144" />
</gc-op>
<gc-end id="957" type="scavenge" contextid="953" durationms="0.418" usertimems="0.000" systemtimems="0.000" timestamp="2019-07-02T20:08:30.098" activeThreads="4">
  <mem-info id="958" free="6713800" total="8519680" percent="78">
    <mem type="nursery" free="1864344" total="2228224" percent="83">
      <mem type="allocate" free="1864344" total="1966080" percent="94" />
      <mem type="survivor" free="0" total="262144" percent="0" />
    </mem>
    <mem type="tenure" free="4849456" total="6291456" percent="77">
      <mem type="soa" free="4535088" total="5977088" percent="75" />
      <mem type="loa" free="314368" total="314368" percent="100" />
    </mem>
    <remembered-set count="56" />
  </mem-info>
</gc-end>
<cycle-end id="959" type="scavenge" contextid="953" timestamp="2019-07-02T20:08:30.098">
  <attribute name="GC Util" value="37" />
  <attribute name="CPU Util" value="23241954369989" />
  <attribute name="Time Running"value="654"/>
  <attribute name="Number of cores"value="4"/>
</cycle-end>
<allocation-satisfied id="960" threadId="0000000001503700" bytesRequested="125120" />
<af-end id="961" timestamp="2019-07-02T20:08:30.098" threadId="0000000001504088" success="true" from="nursery"/>
<exclusive-end id="962" timestamp="2019-07-02T20:08:30.098" durationms="0.796" />

<exclusive-start id="963" timestamp="2019-07-02T20:08:30.098" intervalms="0.966">
  <response-info timems="0.020" idlems="0.020" threads="0" lastid="0000000001503700" lastname="main" />
</exclusive-start>
<af-start id="964" threadId="0000000001504088" totalBytesRequested="125936" timestamp="2019-07-02T20:08:30.098" intervalms="0.967" type="nursery" />
<cycle-start id="965" type="scavenge" contextid="0" timestamp="2019-07-02T20:08:30.098" intervalms="0.965" />
  <attribute name="GC Util" value="37" />
  <attribute name="CPU Util" value="23241954369989" />
  <attribute name="Time Running"value="654"/>
  <attribute name="Number of cores"value="4"/>
<gc-start id="966" type="scavenge" contextid="965" timestamp="2019-07-02T20:08:30.098">
  <mem-info id="967" free="4942992" total="8519680" percent="58">
    <mem type="nursery" free="93536" total="2228224" percent="4">
      <mem type="allocate" free="93536" total="1966080" percent="4" />
      <mem type="survivor" free="0" total="262144" percent="0" />
    </mem>
    <mem type="tenure" free="4849456" total="6291456" percent="77">
      <mem type="soa" free="4535088" total="5977088" percent="75" />
      <mem type="loa" free="314368" total="314368" percent="100" />
    </mem>
    <remembered-set count="56" />
  </mem-info>
</gc-start>
<allocation-stats totalBytes="1763184" >
  <allocated-bytes non-tlh="1443128" tlh="320056" />
  <largest-consumer threadName="main" threadId="0000000001503700" bytes="1763184" />
</allocation-stats>
<gc-op id="968" type="scavenge" timems="0.108" contextid="965" timestamp="2019-07-02T20:08:30.099">
  <scavenger-info tenureage="14" tenuremask="4000" tiltratio="88" />
  <memory-copied type="nursery" objects="2" bytes="63000" bytesdiscarded="39144" />
</gc-op>
<gc-end id="969" type="scavenge" contextid="965" durationms="0.262" usertimems="0.000" systemtimems="0.000" timestamp="2019-07-02T20:08:30.099" activeThreads="4">
  <mem-info id="970" free="6713392" total="8519680" percent="78">
    <mem type="nursery" free="1863936" total="2228224" percent="83">
      <mem type="allocate" free="1863936" total="1966080" percent="94" />
      <mem type="survivor" free="0" total="262144" percent="0" />
    </mem>
    <mem type="tenure" free="4849456" total="6291456" percent="77">
      <mem type="soa" free="4535088" total="5977088" percent="75" />
      <mem type="loa" free="314368" total="314368" percent="100" />
    </mem>
    <remembered-set count="56" />
  </mem-info>
</gc-end>
<cycle-end id="971" type="scavenge" contextid="965" timestamp="2019-07-02T20:08:30.099">
  <attribute name="GC Util" value="30" />
  <attribute name="CPU Util" value="19098875162634" />
  <attribute name="Time Running"value="655"/>
  <attribute name="Number of cores"value="4"/>
</cycle-end>
<allocation-satisfied id="972" threadId="0000000001503700" bytesRequested="125936" />
<af-end id="973" timestamp="2019-07-02T20:08:30.099" threadId="0000000001504088" success="true" from="nursery"/>
<exclusive-end id="974" timestamp="2019-07-02T20:08:30.099" durationms="0.631" />

<exclusive-start id="975" timestamp="2019-07-02T20:08:30.099" intervalms="0.792">
  <response-info timems="0.019" idlems="0.019" threads="0" lastid="0000000001503700" lastname="main" />
</exclusive-start>
<af-start id="976" threadId="0000000001504088" totalBytesRequested="126944" timestamp="2019-07-02T20:08:30.099" intervalms="0.791" type="nursery" />
<cycle-start id="977" type="scavenge" contextid="0" timestamp="2019-07-02T20:08:30.099" intervalms="0.790" />
  <attribute name="GC Util" value="30" />
  <attribute name="CPU Util" value="19098875162634" />
  <attribute name="Time Running"value="655"/>
  <attribute name="Number of cores"value="4"/>
<gc-start id="978" type="scavenge" contextid="977" timestamp="2019-07-02T20:08:30.099">
  <mem-info id="979" free="4849456" total="8519680" percent="56">
    <mem type="nursery" free="0" total="2228224" percent="0">
      <mem type="allocate" free="0" total="1966080" percent="0" />
      <mem type="survivor" free="0" total="262144" percent="0" />
    </mem>
    <mem type="tenure" free="4849456" total="6291456" percent="77">
      <mem type="soa" free="4535088" total="5977088" percent="75" />
      <mem type="loa" free="314368" total="314368" percent="100" />
    </mem>
    <remembered-set count="56" />
  </mem-info>
</gc-start>
<allocation-stats totalBytes="1803952" >
  <allocated-bytes non-tlh="1517040" tlh="286912" />
  <largest-consumer threadName="main" threadId="0000000001503700" bytes="1803952" />
</allocation-stats>
<gc-op id="980" type="scavenge" timems="0.106" contextid="977" timestamp="2019-07-02T20:08:30.099">
  <scavenger-info tenureage="14" tenuremask="4000" tiltratio="88" />
  <memory-copied type="nursery" objects="2" bytes="63504" bytesdiscarded="39144" />
</gc-op>
<gc-end id="981" type="scavenge" contextid="977" durationms="0.259" usertimems="0.000" systemtimems="0.000" timestamp="2019-07-02T20:08:30.100" activeThreads="4">
  <mem-info id="982" free="6712888" total="8519680" percent="78">
    <mem type="nursery" free="1863432" total="2228224" percent="83">
      <mem type="allocate" free="1863432" total="1966080" percent="94" />
      <mem type="survivor" free="0" total="262144" percent="0" />
    </mem>
    <mem type="tenure" free="4849456" total="6291456" percent="77">
      <mem type="soa" free="4535088" total="5977088" percent="75" />
      <mem type="loa" free="314368" total="314368" percent="100" />
    </mem>
    <remembered-set count="56" />
  </mem-info>
</gc-end>
<cycle-end id="983" type="scavenge" contextid="977" timestamp="2019-07-02T20:08:30.100">
  <attribute name="GC Util" value="38" />
  <attribute name="CPU Util" value="23398171538458" />
  <attribute name="Time Running"value="656"/>
  <attribute name="Number of cores"value="4"/>
</cycle-end>
<allocation-satisfied id="984" threadId="0000000001503700" bytesRequested="126944" />
<af-end id="985" timestamp="2019-07-02T20:08:30.100" threadId="0000000001504088" success="true" from="nursery"/>
<exclusive-end id="986" timestamp="2019-07-02T20:08:30.100" durationms="0.626" />

<exclusive-start id="987" timestamp="2019-07-02T20:08:30.100" intervalms="0.785">
  <response-info timems="0.019" idlems="0.019" threads="0" lastid="0000000001503700" lastname="main" />
</exclusive-start>
<af-start id="988" threadId="0000000001504088" totalBytesRequested="127760" timestamp="2019-07-02T20:08:30.100" intervalms="0.786" type="nursery" />
<cycle-start id="989" type="scavenge" contextid="0" timestamp="2019-07-02T20:08:30.100" intervalms="0.786" />
  <attribute name="GC Util" value="38" />
  <attribute name="CPU Util" value="23398171538458" />
  <attribute name="Time Running"value="656"/>
  <attribute name="Number of cores"value="4"/>
<gc-start id="990" type="scavenge" contextid="989" timestamp="2019-07-02T20:08:30.100">
  <mem-info id="991" free="4853096" total="8519680" percent="56">
    <mem type="nursery" free="3640" total="2228224" percent="0">
      <mem type="allocate" free="3640" total="1966080" percent="0" />
      <mem type="survivor" free="0" total="262144" percent="0" />
    </mem>
    <mem type="tenure" free="4849456" total="6291456" percent="77">
      <mem type="soa" free="4535088" total="5977088" percent="75" />
      <mem type="loa" free="314368" total="314368" percent="100" />
    </mem>
    <remembered-set count="56" />
  </mem-info>
</gc-start>
<allocation-stats totalBytes="1850888" >
  <allocated-bytes non-tlh="1528016" tlh="322872" />
  <largest-consumer threadName="main" threadId="0000000001503700" bytes="1850888" />
</allocation-stats>
<gc-op id="992" type="scavenge" timems="0.105" contextid="989" timestamp="2019-07-02T20:08:30.100">
  <scavenger-info tenureage="14" tenuremask="4000" tiltratio="88" />
  <memory-copied type="nursery" objects="2" bytes="63904" bytesdiscarded="39144" />
</gc-op>
<gc-end id="993" type="scavenge" contextid="989" durationms="0.261" usertimems="0.000" systemtimems="0.000" timestamp="2019-07-02T20:08:30.100" activeThreads="4">
  <mem-info id="994" free="6712488" total="8519680" percent="78">
    <mem type="nursery" free="1863032" total="2228224" percent="83">
      <mem type="allocate" free="1863032" total="1966080" percent="94" />
      <mem type="survivor" free="0" total="262144" percent="0" />
    </mem>
    <mem type="tenure" free="4849456" total="6291456" percent="77">
      <mem type="soa" free="4535088" total="5977088" percent="75" />
      <mem type="loa" free="314368" total="314368" percent="100" />
    </mem>
    <remembered-set count="56" />
  </mem-info>
</gc-end>
<cycle-end id="995" type="scavenge" contextid="989" timestamp="2019-07-02T20:08:30.100">
  <attribute name="GC Util" value="37" />
  <attribute name="CPU Util" value="23370928616952" />
  <attribute name="Time Running"value="657"/>
  <attribute name="Number of cores"value="4"/>
</cycle-end>
<allocation-satisfied id="996" threadId="0000000001503700" bytesRequested="127760" />
<af-end id="997" timestamp="2019-07-02T20:08:30.100" threadId="0000000001504088" success="true" from="nursery"/>
<exclusive-end id="998" timestamp="2019-07-02T20:08:30.101" durationms="0.628" />

<exclusive-start id="999" timestamp="2019-07-02T20:08:30.101" intervalms="0.789">
  <response-info timems="0.020" idlems="0.020" threads="0" lastid="0000000001503700" lastname="main" />
</exclusive-start>
<af-start id="1000" threadId="0000000001504088" totalBytesRequested="128864" timestamp="2019-07-02T20:08:30.101" intervalms="0.788" type="nursery" />
<cycle-start id="1001" type="scavenge" contextid="0" timestamp="2019-07-02T20:08:30.101" intervalms="0.789" />
  <attribute name="GC Util" value="37" />
  <attribute name="CPU Util" value="23370928616952" />
  <attribute name="Time Running"value="657"/>
  <attribute name="Number of cores"value="4"/>
<gc-start id="1002" type="scavenge" contextid="1001" timestamp="2019-07-02T20:08:30.101">
  <mem-info id="1003" free="4880000" total="8519680" percent="57">
    <mem type="nursery" free="30544" total="2228224" percent="1">
      <mem type="allocate" free="30544" total="1966080" percent="1" />
      <mem type="survivor" free="0" total="262144" percent="0" />
    </mem>
    <mem type="tenure" free="4849456" total="6291456" percent="77">
      <mem type="soa" free="4535088" total="5977088" percent="75" />
      <mem type="loa" free="314368" total="314368" percent="100" />
    </mem>
    <remembered-set count="56" />
  </mem-info>
</gc-start>
<allocation-stats totalBytes="1825064" >
  <allocated-bytes non-tlh="1538752" tlh="286312" />
  <largest-consumer threadName="main" threadId="0000000001503700" bytes="1825064" />
</allocation-stats>
<gc-op id="1004" type="scavenge" timems="0.106" contextid="1001" timestamp="2019-07-02T20:08:30.101">
  <scavenger-info tenureage="14" tenuremask="4000" tiltratio="88" />
  <memory-copied type="nursery" objects="2" bytes="64456" bytesdiscarded="39144" />
</gc-op>
<gc-end id="1005" type="scavenge" contextid="1001" durationms="0.280" usertimems="0.000" systemtimems="0.000" timestamp="2019-07-02T20:08:30.101" activeThreads="4">
  <mem-info id="1006" free="6711936" total="8519680" percent="78">
    <mem type="nursery" free="1862480" total="2228224" percent="83">
      <mem type="allocate" free="1862480" total="1966080" percent="94" />
      <mem type="survivor" free="0" total="262144" percent="0" />
    </mem>
    <mem type="tenure" free="4849456" total="6291456" percent="77">
      <mem type="soa" free="4535088" total="5977088" percent="75" />
      <mem type="loa" free="314368" total="314368" percent="100" />
    </mem>
    <remembered-set count="56" />
  </mem-info>
</gc-end>
<cycle-end id="1007" type="scavenge" contextid="1001" timestamp="2019-07-02T20:08:30.101">
  <attribute name="GC Util" value="37" />
  <attribute name="CPU Util" value="23451953873645" />
  <attribute name="Time Running"value="657"/>
  <attribute name="Number of cores"value="4"/>
</cycle-end>
<allocation-satisfied id="1008" threadId="0000000001503700" bytesRequested="128864" />
<af-end id="1009" timestamp="2019-07-02T20:08:30.101" threadId="0000000001504088" success="true" from="nursery"/>
<exclusive-end id="1010" timestamp="2019-07-02T20:08:30.101" durationms="0.667" />

<exclusive-start id="1011" timestamp="2019-07-02T20:08:30.101" intervalms="0.827">
  <response-info timems="0.019" idlems="0.019" threads="0" lastid="0000000001503700" lastname="main" />
</exclusive-start>
<af-start id="1012" threadId="0000000001504088" totalBytesRequested="129488" timestamp="2019-07-02T20:08:30.102" intervalms="0.828" type="nursery" />
<cycle-start id="1013" type="scavenge" contextid="0" timestamp="2019-07-02T20:08:30.102" intervalms="0.829" />
  <attribute name="GC Util" value="37" />
  <attribute name="CPU Util" value="23451953873645" />
  <attribute name="Time Running"value="657"/>
  <attribute name="Number of cores"value="4"/>
<gc-start id="1014" type="scavenge" contextid="1013" timestamp="2019-07-02T20:08:30.102">
  <mem-info id="1015" free="4849456" total="8519680" percent="56">
    <mem type="nursery" free="0" total="2228224" percent="0">
      <mem type="allocate" free="0" total="1966080" percent="0" />
      <mem type="survivor" free="0" total="262144" percent="0" />
    </mem>
    <mem type="tenure" free="4849456" total="6291456" percent="77">
      <mem type="soa" free="4535088" total="5977088" percent="75" />
      <mem type="loa" free="314368" total="314368" percent="100" />
    </mem>
    <remembered-set count="56" />
  </mem-info>
</gc-start>
<allocation-stats totalBytes="1856272" >
  <allocated-bytes non-tlh="1549840" tlh="306432" />
  <largest-consumer threadName="main" threadId="0000000001503700" bytes="1856272" />
</allocation-stats>
<gc-op id="1016" type="scavenge" timems="0.106" contextid="1013" timestamp="2019-07-02T20:08:30.102">
  <scavenger-info tenureage="14" tenuremask="4000" tiltratio="88" />
  <memory-copied type="nursery" objects="2" bytes="64776" bytesdiscarded="39144" />
</gc-op>
<gc-end id="1017" type="scavenge" contextid="1013" durationms="0.260" usertimems="0.000" systemtimems="0.000" timestamp="2019-07-02T20:08:30.102" activeThreads="4">
  <mem-info id="1018" free="6711616" total="8519680" percent="78">
    <mem type="nursery" free="1862160" total="2228224" percent="83">
      <mem type="allocate" free="1862160" total="1966080" percent="94" />
      <mem type="survivor" free="0" total="262144" percent="0" />
    </mem>
    <mem type="tenure" free="4849456" total="6291456" percent="77">
      <mem type="soa" free="4535088" total="5977088" percent="75" />
      <mem type="loa" free="314368" total="314368" percent="100" />
    </mem>
    <remembered-set count="56" />
  </mem-info>
</gc-end>
<cycle-end id="1019" type="scavenge" contextid="1013" timestamp="2019-07-02T20:08:30.102">
  <attribute name="GC Util" value="37" />
  <attribute name="CPU Util" value="22267730801508" />
  <attribute name="Time Running"value="658"/>
  <attribute name="Number of cores"value="4"/>
</cycle-end>
<allocation-satisfied id="1020" threadId="0000000001503700" bytesRequested="129488" />
<af-end id="1021" timestamp="2019-07-02T20:08:30.102" threadId="0000000001504088" success="true" from="nursery"/>
<exclusive-end id="1022" timestamp="2019-07-02T20:08:30.102" durationms="0.629" />

<exclusive-start id="1023" timestamp="2019-07-02T20:08:30.102" intervalms="0.790">
  <response-info timems="0.020" idlems="0.020" threads="0" lastid="0000000001503700" lastname="main" />
</exclusive-start>
<af-start id="1024" threadId="0000000001504088" totalBytesRequested="130416" timestamp="2019-07-02T20:08:30.102" intervalms="0.791" type="nursery" />
<cycle-start id="1025" type="scavenge" contextid="0" timestamp="2019-07-02T20:08:30.102" intervalms="0.790" />
  <attribute name="GC Util" value="37" />
  <attribute name="CPU Util" value="22267730801508" />
  <attribute name="Time Running"value="658"/>
  <attribute name="Number of cores"value="4"/>
<gc-start id="1026" type="scavenge" contextid="1025" timestamp="2019-07-02T20:08:30.102">
  <mem-info id="1027" free="4877552" total="8519680" percent="57">
    <mem type="nursery" free="28096" total="2228224" percent="1">
      <mem type="allocate" free="28096" total="1966080" percent="1" />
      <mem type="survivor" free="0" total="262144" percent="0" />
    </mem>
    <mem type="tenure" free="4849456" total="6291456" percent="77">
      <mem type="soa" free="4535088" total="5977088" percent="75" />
      <mem type="loa" free="314368" total="314368" percent="100" />
    </mem>
    <remembered-set count="56" />
  </mem-info>
</gc-start>
<allocation-stats totalBytes="1829048" >
  <allocated-bytes non-tlh="1558528" tlh="270520" />
  <largest-consumer threadName="main" threadId="0000000001503700" bytes="1829048" />
</allocation-stats>
<gc-op id="1028" type="scavenge" timems="0.106" contextid="1025" timestamp="2019-07-02T20:08:30.103">
  <scavenger-info tenureage="14" tenuremask="4000" tiltratio="88" />
  <memory-copied type="nursery" objects="2" bytes="65232" bytesdiscarded="39144" />
</gc-op>
<gc-end id="1029" type="scavenge" contextid="1025" durationms="0.259" usertimems="0.000" systemtimems="0.000" timestamp="2019-07-02T20:08:30.103" activeThreads="4">
  <mem-info id="1030" free="6711160" total="8519680" percent="78">
    <mem type="nursery" free="1861704" total="2228224" percent="83">
      <mem type="allocate" free="1861704" total="1966080" percent="94" />
      <mem type="survivor" free="0" total="262144" percent="0" />
    </mem>
    <mem type="tenure" free="4849456" total="6291456" percent="77">
      <mem type="soa" free="4535088" total="5977088" percent="75" />
      <mem type="loa" free="314368" total="314368" percent="100" />
    </mem>
    <remembered-set count="56" />
  </mem-info>
</gc-end>
<cycle-end id="1031" type="scavenge" contextid="1025" timestamp="2019-07-02T20:08:30.103">
  <attribute name="GC Util" value="37" />
  <attribute name="CPU Util" value="23346142106352" />
  <attribute name="Time Running"value="659"/>
  <attribute name="Number of cores"value="4"/>
</cycle-end>
<allocation-satisfied id="1032" threadId="0000000001503700" bytesRequested="130416" />
<af-end id="1033" timestamp="2019-07-02T20:08:30.103" threadId="0000000001504088" success="true" from="nursery"/>
<exclusive-end id="1034" timestamp="2019-07-02T20:08:30.103" durationms="0.629" />

<exclusive-start id="1035" timestamp="2019-07-02T20:08:30.103" intervalms="0.791">
  <response-info timems="0.020" idlems="0.020" threads="0" lastid="0000000001503700" lastname="main" />
</exclusive-start>
<af-start id="1036" threadId="0000000001504088" totalBytesRequested="131408" timestamp="2019-07-02T20:08:30.103" intervalms="0.790" type="nursery" />
<cycle-start id="1037" type="scavenge" contextid="0" timestamp="2019-07-02T20:08:30.103" intervalms="0.789" />
  <attribute name="GC Util" value="37" />
  <attribute name="CPU Util" value="23346142106352" />
  <attribute name="Time Running"value="659"/>
  <attribute name="Number of cores"value="4"/>
<gc-start id="1038" type="scavenge" contextid="1037" timestamp="2019-07-02T20:08:30.103">
  <mem-info id="1039" free="4874072" total="8519680" percent="57">
    <mem type="nursery" free="24616" total="2228224" percent="1">
      <mem type="allocate" free="24616" total="1966080" percent="1" />
      <mem type="survivor" free="0" total="262144" percent="0" />
    </mem>
    <mem type="tenure" free="4849456" total="6291456" percent="77">
      <mem type="soa" free="4535088" total="5977088" percent="75" />
      <mem type="loa" free="314368" total="314368" percent="100" />
    </mem>
    <remembered-set count="56" />
  </mem-info>
</gc-start>
<allocation-stats totalBytes="1837088" >
  <allocated-bytes non-tlh="1767456" tlh="69632" />
  <largest-consumer threadName="main" threadId="0000000001503700" bytes="1837088" />
</allocation-stats>
<gc-op id="1040" type="scavenge" timems="0.105" contextid="1037" timestamp="2019-07-02T20:08:30.103">
  <scavenger-info tenureage="14" tenuremask="4000" tiltratio="88" />
  <memory-copied type="nursery" objects="2" bytes="65736" bytesdiscarded="39144" />
</gc-op>
<gc-end id="1041" type="scavenge" contextid="1037" durationms="0.262" usertimems="0.000" systemtimems="0.000" timestamp="2019-07-02T20:08:30.104" activeThreads="4">
  <mem-info id="1042" free="6710656" total="8519680" percent="78">
    <mem type="nursery" free="1861200" total="2228224" percent="83">
      <mem type="allocate" free="1861200" total="1966080" percent="94" />
      <mem type="survivor" free="0" total="262144" percent="0" />
    </mem>
    <mem type="tenure" free="4849456" total="6291456" percent="77">
      <mem type="soa" free="4535088" total="5977088" percent="75" />
      <mem type="loa" free="314368" total="314368" percent="100" />
    </mem>
    <remembered-set count="56" />
  </mem-info>
</gc-end>
<cycle-end id="1043" type="scavenge" contextid="1037" timestamp="2019-07-02T20:08:30.104">
  <attribute name="GC Util" value="37" />
  <attribute name="CPU Util" value="23300610811150" />
  <attribute name="Time Running"value="660"/>
  <attribute name="Number of cores"value="4"/>
</cycle-end>
<allocation-satisfied id="1044" threadId="0000000001503700" bytesRequested="131408" />
<af-end id="1045" timestamp="2019-07-02T20:08:30.104" threadId="0000000001504088" success="true" from="nursery"/>
<exclusive-end id="1046" timestamp="2019-07-02T20:08:30.104" durationms="0.628" />

<exclusive-start id="1047" timestamp="2019-07-02T20:08:30.104" intervalms="0.788">
  <response-info timems="0.020" idlems="0.020" threads="0" lastid="0000000001503700" lastname="main" />
</exclusive-start>
<af-start id="1048" threadId="0000000001504088" totalBytesRequested="66320" timestamp="2019-07-02T20:08:30.104" intervalms="0.787" type="nursery" />
<cycle-start id="1049" type="scavenge" contextid="0" timestamp="2019-07-02T20:08:30.104" intervalms="0.789" />
  <attribute name="GC Util" value="37" />
  <attribute name="CPU Util" value="23300610811150" />
  <attribute name="Time Running"value="660"/>
  <attribute name="Number of cores"value="4"/>
<gc-start id="1050" type="scavenge" contextid="1049" timestamp="2019-07-02T20:08:30.104">
  <mem-info id="1051" free="4924680" total="8519680" percent="57">
    <mem type="nursery" free="75224" total="2228224" percent="3">
      <mem type="allocate" free="75224" total="1966080" percent="3" />
      <mem type="survivor" free="0" total="262144" percent="0" />
    </mem>
    <mem type="tenure" free="4849456" total="6291456" percent="77">
      <mem type="soa" free="4535088" total="5977088" percent="75" />
      <mem type="loa" free="314368" total="314368" percent="100" />
    </mem>
    <remembered-set count="56" />
  </mem-info>
</gc-start>
<allocation-stats totalBytes="1785976" >
  <allocated-bytes non-tlh="1716344" tlh="69632" />
  <largest-consumer threadName="main" threadId="0000000001503700" bytes="1785976" />
</allocation-stats>
<gc-op id="1052" type="scavenge" timems="0.106" contextid="1049" timestamp="2019-07-02T20:08:30.104">
  <scavenger-info tenureage="14" tenuremask="4000" tiltratio="88" />
  <memory-copied type="nursery" objects="4" bytes="66400" bytesdiscarded="39088" />
</gc-op>
<gc-end id="1053" type="scavenge" contextid="1049" durationms="0.259" usertimems="0.000" systemtimems="0.000" timestamp="2019-07-02T20:08:30.104" activeThreads="4">
  <mem-info id="1054" free="6710048" total="8519680" percent="78">
    <mem type="nursery" free="1860592" total="2228224" percent="83">
      <mem type="allocate" free="1860592" total="1966080" percent="94" />
      <mem type="survivor" free="0" total="262144" percent="0" />
    </mem>
    <mem type="tenure" free="4849456" total="6291456" percent="77">
      <mem type="soa" free="4535088" total="5977088" percent="75" />
      <mem type="loa" free="314368" total="314368" percent="100" />
    </mem>
    <remembered-set count="56" />
  </mem-info>
</gc-end>
<cycle-end id="1055" type="scavenge" contextid="1049" timestamp="2019-07-02T20:08:30.104">
  <attribute name="GC Util" value="38" />
  <attribute name="CPU Util" value="23481986417500" />
  <attribute name="Time Running"value="661"/>
  <attribute name="Number of cores"value="4"/>
</cycle-end>
<allocation-satisfied id="1056" threadId="0000000001503700" bytesRequested="66320" />
<af-end id="1057" timestamp="2019-07-02T20:08:30.104" threadId="0000000001504088" success="true" from="nursery"/>
<exclusive-end id="1058" timestamp="2019-07-02T20:08:30.104" durationms="0.632" />

<exclusive-start id="1059" timestamp="2019-07-02T20:08:30.105" intervalms="0.792">
  <response-info timems="0.019" idlems="0.019" threads="0" lastid="0000000001503700" lastname="main" />
</exclusive-start>
<af-start id="1060" threadId="0000000001504088" totalBytesRequested="66696" timestamp="2019-07-02T20:08:30.105" intervalms="0.792" type="nursery" />
<cycle-start id="1061" type="scavenge" contextid="0" timestamp="2019-07-02T20:08:30.105" intervalms="0.791" />
  <attribute name="GC Util" value="38" />
  <attribute name="CPU Util" value="23481986417500" />
  <attribute name="Time Running"value="661"/>
  <attribute name="Number of cores"value="4"/>
<gc-start id="1062" type="scavenge" contextid="1061" timestamp="2019-07-02T20:08:30.105">
  <mem-info id="1063" free="4911264" total="8519680" percent="57">
    <mem type="nursery" free="61808" total="2228224" percent="2">
      <mem type="allocate" free="61808" total="1966080" percent="3" />
      <mem type="survivor" free="0" total="262144" percent="0" />
    </mem>
    <mem type="tenure" free="4849456" total="6291456" percent="77">
      <mem type="soa" free="4535088" total="5977088" percent="75" />
      <mem type="loa" free="314368" total="314368" percent="100" />
    </mem>
    <remembered-set count="56" />
  </mem-info>
</gc-start>
<allocation-stats totalBytes="1798784" >
  <allocated-bytes non-tlh="1729152" tlh="69632" />
  <largest-consumer threadName="main" threadId="0000000001503700" bytes="1798784" />
</allocation-stats>
<gc-op id="1064" type="scavenge" timems="0.118" contextid="1061" timestamp="2019-07-02T20:08:30.105">
  <scavenger-info tenureage="14" tenuremask="4000" tiltratio="88" />
  <memory-copied type="nursery" objects="2" bytes="133400" bytesdiscarded="39144" />
</gc-op>
<gc-end id="1065" type="scavenge" contextid="1061" durationms="0.283" usertimems="0.000" systemtimems="0.000" timestamp="2019-07-02T20:08:30.105" activeThreads="4">
  <mem-info id="1066" free="6642992" total="8519680" percent="77">
    <mem type="nursery" free="1793536" total="2228224" percent="80">
      <mem type="allocate" free="1793536" total="1966080" percent="91" />
      <mem type="survivor" free="0" total="262144" percent="0" />
    </mem>
    <mem type="tenure" free="4849456" total="6291456" percent="77">
      <mem type="soa" free="4535088" total="5977088" percent="75" />
      <mem type="loa" free="314368" total="314368" percent="100" />
    </mem>
    <remembered-set count="56" />
  </mem-info>
</gc-end>
<cycle-end id="1067" type="scavenge" contextid="1061" timestamp="2019-07-02T20:08:30.105">
  <attribute name="GC Util" value="37" />
  <attribute name="CPU Util" value="23316721065055" />
  <attribute name="Time Running"value="661"/>
  <attribute name="Number of cores"value="4"/>
</cycle-end>
<allocation-satisfied id="1068" threadId="0000000001503700" bytesRequested="66696" />
<af-end id="1069" timestamp="2019-07-02T20:08:30.105" threadId="0000000001504088" success="true" from="nursery"/>
<exclusive-end id="1070" timestamp="2019-07-02T20:08:30.105" durationms="0.658" />

<exclusive-start id="1071" timestamp="2019-07-02T20:08:30.105" intervalms="0.815">
  <response-info timems="0.019" idlems="0.019" threads="0" lastid="0000000001503700" lastname="main" />
</exclusive-start>
<af-start id="1072" threadId="0000000001504088" totalBytesRequested="67040" timestamp="2019-07-02T20:08:30.106" intervalms="0.819" type="nursery" />
<cycle-start id="1073" type="scavenge" contextid="0" timestamp="2019-07-02T20:08:30.106" intervalms="0.821" />
  <attribute name="GC Util" value="37" />
  <attribute name="CPU Util" value="23316721065055" />
  <attribute name="Time Running"value="661"/>
  <attribute name="Number of cores"value="4"/>
<gc-start id="1074" type="scavenge" contextid="1073" timestamp="2019-07-02T20:08:30.106">
  <mem-info id="1075" free="4909752" total="8519680" percent="57">
    <mem type="nursery" free="60296" total="2228224" percent="2">
      <mem type="allocate" free="60296" total="1966080" percent="3" />
      <mem type="survivor" free="0" total="262144" percent="0" />
    </mem>
    <mem type="tenure" free="4849456" total="6291456" percent="77">
      <mem type="soa" free="4535088" total="5977088" percent="75" />
      <mem type="loa" free="314368" total="314368" percent="100" />
    </mem>
    <remembered-set count="56" />
  </mem-info>
</gc-start>
<allocation-stats totalBytes="1733240" >
  <allocated-bytes non-tlh="1671800" tlh="61440" />
  <largest-consumer threadName="main" threadId="0000000001503700" bytes="1733240" />
</allocation-stats>
<gc-op id="1076" type="scavenge" timems="0.106" contextid="1073" timestamp="2019-07-02T20:08:30.106">
  <scavenger-info tenureage="14" tenuremask="4000" tiltratio="88" />
  <memory-copied type="nursery" objects="4" bytes="67120" bytesdiscarded="39088" />
</gc-op>
<gc-end id="1077" type="scavenge" contextid="1073" durationms="0.259" usertimems="0.000" systemtimems="0.000" timestamp="2019-07-02T20:08:30.106" activeThreads="4">
  <mem-info id="1078" free="6709328" total="8519680" percent="78">
    <mem type="nursery" free="1859872" total="2228224" percent="83">
      <mem type="allocate" free="1859872" total="1966080" percent="94" />
      <mem type="survivor" free="0" total="262144" percent="0" />
    </mem>
    <mem type="tenure" free="4849456" total="6291456" percent="77">
      <mem type="soa" free="4535088" total="5977088" percent="75" />
      <mem type="loa" free="314368" total="314368" percent="100" />
    </mem>
    <remembered-set count="56" />
  </mem-info>
</gc-end>
<cycle-end id="1079" type="scavenge" contextid="1073" timestamp="2019-07-02T20:08:30.106">
  <attribute name="GC Util" value="39" />
  <attribute name="CPU Util" value="22469997041151" />
  <attribute name="Time Running"value="662"/>
  <attribute name="Number of cores"value="4"/>
</cycle-end>
<allocation-satisfied id="1080" threadId="0000000001503700" bytesRequested="67040" />
<af-end id="1081" timestamp="2019-07-02T20:08:30.106" threadId="0000000001504088" success="true" from="nursery"/>
<exclusive-end id="1082" timestamp="2019-07-02T20:08:30.106" durationms="0.632" />

<exclusive-start id="1083" timestamp="2019-07-02T20:08:30.106" intervalms="0.792">
  <response-info timems="0.023" idlems="0.023" threads="0" lastid="0000000001503700" lastname="main" />
</exclusive-start>
<af-start id="1084" threadId="0000000001504088" totalBytesRequested="134848" timestamp="2019-07-02T20:08:30.106" intervalms="0.788" type="nursery" />
<cycle-start id="1085" type="scavenge" contextid="0" timestamp="2019-07-02T20:08:30.106" intervalms="0.787" />
  <attribute name="GC Util" value="39" />
  <attribute name="CPU Util" value="22469997041151" />
  <attribute name="Time Running"value="662"/>
  <attribute name="Number of cores"value="4"/>
<gc-start id="1086" type="scavenge" contextid="1085" timestamp="2019-07-02T20:08:30.106">
  <mem-info id="1087" free="4962656" total="8519680" percent="58">
    <mem type="nursery" free="113200" total="2228224" percent="5">
      <mem type="allocate" free="113200" total="1966080" percent="5" />
      <mem type="survivor" free="0" total="262144" percent="0" />
    </mem>
    <mem type="tenure" free="4849456" total="6291456" percent="77">
      <mem type="soa" free="4535088" total="5977088" percent="75" />
      <mem type="loa" free="314368" total="314368" percent="100" />
    </mem>
    <remembered-set count="56" />
  </mem-info>
</gc-start>
<allocation-stats totalBytes="1746672" >
  <allocated-bytes non-tlh="1681136" tlh="65536" />
  <largest-consumer threadName="main" threadId="0000000001503700" bytes="1746672" />
</allocation-stats>
<gc-op id="1088" type="scavenge" timems="0.105" contextid="1085" timestamp="2019-07-02T20:08:30.107">
  <scavenger-info tenureage="14" tenuremask="4000" tiltratio="88" />
  <memory-copied type="nursery" objects="2" bytes="67448" bytesdiscarded="39144" />
</gc-op>
<gc-end id="1089" type="scavenge" contextid="1085" durationms="0.261" usertimems="0.000" systemtimems="0.000" timestamp="2019-07-02T20:08:30.107" activeThreads="4">
  <mem-info id="1090" free="6708944" total="8519680" percent="78">
    <mem type="nursery" free="1859488" total="2228224" percent="83">
      <mem type="allocate" free="1859488" total="1966080" percent="94" />
      <mem type="survivor" free="0" total="262144" percent="0" />
    </mem>
    <mem type="tenure" free="4849456" total="6291456" percent="77">
      <mem type="soa" free="4535088" total="5977088" percent="75" />
      <mem type="loa" free="314368" total="314368" percent="100" />
    </mem>
    <remembered-set count="56" />
  </mem-info>
</gc-end>
<cycle-end id="1091" type="scavenge" contextid="1085" timestamp="2019-07-02T20:08:30.107">
  <attribute name="GC Util" value="38" />
  <attribute name="CPU Util" value="23368234455674" />
  <attribute name="Time Running"value="663"/>
  <attribute name="Number of cores"value="4"/>
</cycle-end>
<allocation-satisfied id="1092" threadId="0000000001503700" bytesRequested="134848" />
<af-end id="1093" timestamp="2019-07-02T20:08:30.107" threadId="0000000001504088" success="true" from="nursery"/>
<exclusive-end id="1094" timestamp="2019-07-02T20:08:30.107" durationms="0.629" />

<exclusive-start id="1095" timestamp="2019-07-02T20:08:30.107" intervalms="0.790">
  <response-info timems="0.024" idlems="0.024" threads="0" lastid="0000000001503700" lastname="main" />
</exclusive-start>
<af-start id="1096" threadId="0000000001504088" totalBytesRequested="67952" timestamp="2019-07-02T20:08:30.107" intervalms="0.790" type="nursery" />
<cycle-start id="1097" type="scavenge" contextid="0" timestamp="2019-07-02T20:08:30.107" intervalms="0.790" />
  <attribute name="GC Util" value="38" />
  <attribute name="CPU Util" value="23368234455674" />
  <attribute name="Time Running"value="663"/>
  <attribute name="Number of cores"value="4"/>
<gc-start id="1098" type="scavenge" contextid="1097" timestamp="2019-07-02T20:08:30.107">
  <mem-info id="1099" free="4887992" total="8519680" percent="57">
    <mem type="nursery" free="38536" total="2228224" percent="1">
      <mem type="allocate" free="38536" total="1966080" percent="1" />
      <mem type="survivor" free="0" total="262144" percent="0" />
    </mem>
    <mem type="tenure" free="4849456" total="6291456" percent="77">
      <mem type="soa" free="4535088" total="5977088" percent="75" />
      <mem type="loa" free="314368" total="314368" percent="100" />
    </mem>
    <remembered-set count="56" />
  </mem-info>
</gc-start>
<allocation-stats totalBytes="1820952" >
  <allocated-bytes non-tlh="1759512" tlh="61440" />
  <largest-consumer threadName="main" threadId="0000000001503700" bytes="1820952" />
</allocation-stats>
<gc-op id="1100" type="scavenge" timems="0.113" contextid="1097" timestamp="2019-07-02T20:08:30.107">
  <scavenger-info tenureage="14" tenuremask="4000" tiltratio="88" />
  <memory-copied type="nursery" objects="2" bytes="135672" bytesdiscarded="39144" />
</gc-op>
<gc-end id="1101" type="scavenge" contextid="1097" durationms="0.267" usertimems="0.000" systemtimems="0.000" timestamp="2019-07-02T20:08:30.107" activeThreads="4">
  <mem-info id="1102" free="6640720" total="8519680" percent="77">
    <mem type="nursery" free="1791264" total="2228224" percent="80">
      <mem type="allocate" free="1791264" total="1966080" percent="91" />
      <mem type="survivor" free="0" total="262144" percent="0" />
    </mem>
    <mem type="tenure" free="4849456" total="6291456" percent="77">
      <mem type="soa" free="4535088" total="5977088" percent="75" />
      <mem type="loa" free="314368" total="314368" percent="100" />
    </mem>
    <remembered-set count="56" />
  </mem-info>
</gc-end>
<cycle-end id="1103" type="scavenge" contextid="1097" timestamp="2019-07-02T20:08:30.108">
  <attribute name="GC Util" value="37" />
  <attribute name="CPU Util" value="23418073145676" />
  <attribute name="Time Running"value="664"/>
  <attribute name="Number of cores"value="4"/>
</cycle-end>
<allocation-satisfied id="1104" threadId="0000000001503700" bytesRequested="67952" />
<af-end id="1105" timestamp="2019-07-02T20:08:30.108" threadId="0000000001504088" success="true" from="nursery"/>
<exclusive-end id="1106" timestamp="2019-07-02T20:08:30.108" durationms="0.640" />

<exclusive-start id="1107" timestamp="2019-07-02T20:08:30.108" intervalms="0.801">
  <response-info timems="0.024" idlems="0.024" threads="0" lastid="0000000001503700" lastname="main" />
</exclusive-start>
<af-start id="1108" threadId="0000000001504088" totalBytesRequested="68344" timestamp="2019-07-02T20:08:30.108" intervalms="0.801" type="nursery" />
<cycle-start id="1109" type="scavenge" contextid="0" timestamp="2019-07-02T20:08:30.108" intervalms="0.800" />
  <attribute name="GC Util" value="37" />
  <attribute name="CPU Util" value="23418073145676" />
  <attribute name="Time Running"value="664"/>
  <attribute name="Number of cores"value="4"/>
<gc-start id="1110" type="scavenge" contextid="1109" timestamp="2019-07-02T20:08:30.108">
  <mem-info id="1111" free="4877160" total="8519680" percent="57">
    <mem type="nursery" free="27704" total="2228224" percent="1">
      <mem type="allocate" free="27704" total="1966080" percent="1" />
      <mem type="survivor" free="0" total="262144" percent="0" />
    </mem>
    <mem type="tenure" free="4849456" total="6291456" percent="77">
      <mem type="soa" free="4535088" total="5977088" percent="75" />
      <mem type="loa" free="314368" total="314368" percent="100" />
    </mem>
    <remembered-set count="56" />
  </mem-info>
</gc-start>
<allocation-stats totalBytes="1763560" >
  <allocated-bytes non-tlh="1702120" tlh="61440" />
  <largest-consumer threadName="main" threadId="0000000001503700" bytes="1763560" />
</allocation-stats>
<gc-op id="1112" type="scavenge" timems="0.105" contextid="1109" timestamp="2019-07-02T20:08:30.108">
  <scavenger-info tenureage="14" tenuremask="4000" tiltratio="88" />
  <memory-copied type="nursery" objects="4" bytes="68424" bytesdiscarded="39088" />
</gc-op>
<gc-end id="1113" type="scavenge" contextid="1109" durationms="0.425" usertimems="0.000" systemtimems="0.000" timestamp="2019-07-02T20:08:30.108" activeThreads="4">
  <mem-info id="1114" free="6708024" total="8519680" percent="78">
    <mem type="nursery" free="1858568" total="2228224" percent="83">
      <mem type="allocate" free="1858568" total="1966080" percent="94" />
      <mem type="survivor" free="0" total="262144" percent="0" />
    </mem>
    <mem type="tenure" free="4849456" total="6291456" percent="77">
      <mem type="soa" free="4535088" total="5977088" percent="75" />
      <mem type="loa" free="314368" total="314368" percent="100" />
    </mem>
    <remembered-set count="56" />
  </mem-info>
</gc-end>
<cycle-end id="1115" type="scavenge" contextid="1109" timestamp="2019-07-02T20:08:30.109">
  <attribute name="GC Util" value="38" />
  <attribute name="CPU Util" value="23050132039768" />
  <attribute name="Time Running"value="665"/>
  <attribute name="Number of cores"value="4"/>
</cycle-end>
<allocation-satisfied id="1116" threadId="0000000001503700" bytesRequested="68344" />
<af-end id="1117" timestamp="2019-07-02T20:08:30.109" threadId="0000000001504088" success="true" from="nursery"/>
<exclusive-end id="1118" timestamp="2019-07-02T20:08:30.109" durationms="0.795" />

<exclusive-start id="1119" timestamp="2019-07-02T20:08:30.109" intervalms="0.967">
  <response-info timems="0.023" idlems="0.023" threads="0" lastid="0000000001503700" lastname="main" />
</exclusive-start>
<af-start id="1120" threadId="0000000001504088" totalBytesRequested="137480" timestamp="2019-07-02T20:08:30.109" intervalms="0.966" type="nursery" />
<cycle-start id="1121" type="scavenge" contextid="0" timestamp="2019-07-02T20:08:30.109" intervalms="0.965" />
  <attribute name="GC Util" value="38" />
  <attribute name="CPU Util" value="23050132039768" />
  <attribute name="Time Running"value="665"/>
  <attribute name="Number of cores"value="4"/>
<gc-start id="1122" type="scavenge" contextid="1121" timestamp="2019-07-02T20:08:30.109">
  <mem-info id="1123" free="4929840" total="8519680" percent="57">
    <mem type="nursery" free="80384" total="2228224" percent="3">
      <mem type="allocate" free="80384" total="1966080" percent="4" />
      <mem type="survivor" free="0" total="262144" percent="0" />
    </mem>
    <mem type="tenure" free="4849456" total="6291456" percent="77">
      <mem type="soa" free="4535088" total="5977088" percent="75" />
      <mem type="loa" free="314368" total="314368" percent="100" />
    </mem>
    <remembered-set count="56" />
  </mem-info>
</gc-start>
<allocation-stats totalBytes="1778184" >
  <allocated-bytes non-tlh="1712648" tlh="65536" />
  <largest-consumer threadName="main" threadId="0000000001503700" bytes="1778184" />
</allocation-stats>
<gc-op id="1124" type="scavenge" timems="0.111" contextid="1121" timestamp="2019-07-02T20:08:30.109">
  <scavenger-info tenureage="14" tenuremask="4000" tiltratio="88" />
  <memory-copied type="nursery" objects="2" bytes="68768" bytesdiscarded="39144" />
</gc-op>
<gc-end id="1125" type="scavenge" contextid="1121" durationms="0.287" usertimems="0.000" systemtimems="0.000" timestamp="2019-07-02T20:08:30.109" activeThreads="4">
  <mem-info id="1126" free="6707624" total="8519680" percent="78">
    <mem type="nursery" free="1858168" total="2228224" percent="83">
      <mem type="allocate" free="1858168" total="1966080" percent="94" />
      <mem type="survivor" free="0" total="262144" percent="0" />
    </mem>
    <mem type="tenure" free="4849456" total="6291456" percent="77">
      <mem type="soa" free="4535088" total="5977088" percent="75" />
      <mem type="loa" free="314368" total="314368" percent="100" />
    </mem>
    <remembered-set count="56" />
  </mem-info>
</gc-end>
<cycle-end id="1127" type="scavenge" contextid="1121" timestamp="2019-07-02T20:08:30.109">
  <attribute name="GC Util" value="30" />
  <attribute name="CPU Util" value="18792603137963" />
  <attribute name="Time Running"value="666"/>
  <attribute name="Number of cores"value="4"/>
</cycle-end>
<allocation-satisfied id="1128" threadId="0000000001503700" bytesRequested="137480" />
<af-end id="1129" timestamp="2019-07-02T20:08:30.109" threadId="0000000001504088" success="true" from="nursery"/>
<exclusive-end id="1130" timestamp="2019-07-02T20:08:30.109" durationms="0.654" />

<exclusive-start id="1131" timestamp="2019-07-02T20:08:30.110" intervalms="0.811">
  <response-info timems="0.019" idlems="0.019" threads="0" lastid="0000000001503700" lastname="main" />
</exclusive-start>
<af-start id="1132" threadId="0000000001504088" totalBytesRequested="69120" timestamp="2019-07-02T20:08:30.110" intervalms="0.813" type="nursery" />
<cycle-start id="1133" type="scavenge" contextid="0" timestamp="2019-07-02T20:08:30.110" intervalms="0.813" />
  <attribute name="GC Util" value="30" />
  <attribute name="CPU Util" value="18792603137963" />
  <attribute name="Time Running"value="666"/>
  <attribute name="Number of cores"value="4"/>
<gc-start id="1134" type="scavenge" contextid="1133" timestamp="2019-07-02T20:08:30.110">
  <mem-info id="1135" free="4854152" total="8519680" percent="56">
    <mem type="nursery" free="4696" total="2228224" percent="0">
      <mem type="allocate" free="4696" total="1966080" percent="0" />
      <mem type="survivor" free="0" total="262144" percent="0" />
    </mem>
    <mem type="tenure" free="4849456" total="6291456" percent="77">
      <mem type="soa" free="4535088" total="5977088" percent="75" />
      <mem type="loa" free="314368" total="314368" percent="100" />
    </mem>
    <remembered-set count="56" />
  </mem-info>
</gc-start>
<allocation-stats totalBytes="1853472" >
  <allocated-bytes non-tlh="1792032" tlh="61440" />
  <largest-consumer threadName="main" threadId="0000000001503700" bytes="1853472" />
</allocation-stats>
<gc-op id="1136" type="scavenge" timems="0.113" contextid="1133" timestamp="2019-07-02T20:08:30.110">
  <scavenger-info tenureage="14" tenuremask="4000" tiltratio="88" />
  <memory-copied type="nursery" objects="2" bytes="138256" bytesdiscarded="39144" />
</gc-op>
<gc-end id="1137" type="scavenge" contextid="1133" durationms="0.270" usertimems="0.000" systemtimems="0.000" timestamp="2019-07-02T20:08:30.110" activeThreads="4">
  <mem-info id="1138" free="6638136" total="8519680" percent="77">
    <mem type="nursery" free="1788680" total="2228224" percent="80">
      <mem type="allocate" free="1788680" total="1966080" percent="90" />
      <mem type="survivor" free="0" total="262144" percent="0" />
    </mem>
    <mem type="tenure" free="4849456" total="6291456" percent="77">
      <mem type="soa" free="4535088" total="5977088" percent="75" />
      <mem type="loa" free="314368" total="314368" percent="100" />
    </mem>
    <remembered-set count="56" />
  </mem-info>
</gc-end>
<cycle-end id="1139" type="scavenge" contextid="1133" timestamp="2019-07-02T20:08:30.110">
  <attribute name="GC Util" value="40" />
  <attribute name="CPU Util" value="23059237160525" />
  <attribute name="Time Running"value="666"/>
  <attribute name="Number of cores"value="4"/>
</cycle-end>
<allocation-satisfied id="1140" threadId="0000000001503700" bytesRequested="69120" />
<af-end id="1141" timestamp="2019-07-02T20:08:30.110" threadId="0000000001504088" success="true" from="nursery"/>
<exclusive-end id="1142" timestamp="2019-07-02T20:08:30.110" durationms="0.637" />

<exclusive-start id="1143" timestamp="2019-07-02T20:08:30.110" intervalms="0.790">
  <response-info timems="0.024" idlems="0.024" threads="0" lastid="0000000001503700" lastname="main" />
</exclusive-start>
<af-start id="1144" threadId="0000000001504088" totalBytesRequested="138992" timestamp="2019-07-02T20:08:30.110" intervalms="0.788" type="nursery" />
<cycle-start id="1145" type="scavenge" contextid="0" timestamp="2019-07-02T20:08:30.111" intervalms="0.790" />
  <attribute name="GC Util" value="40" />
  <attribute name="CPU Util" value="23059237160525" />
  <attribute name="Time Running"value="666"/>
  <attribute name="Number of cores"value="4"/>
<gc-start id="1146" type="scavenge" contextid="1145" timestamp="2019-07-02T20:08:30.111">
  <mem-info id="1147" free="5052376" total="8519680" percent="59">
    <mem type="nursery" free="202920" total="2228224" percent="9">
      <mem type="allocate" free="202920" total="1966080" percent="10" />
      <mem type="survivor" free="0" total="262144" percent="0" />
    </mem>
    <mem type="tenure" free="4849456" total="6291456" percent="77">
      <mem type="soa" free="4535088" total="5977088" percent="75" />
      <mem type="loa" free="314368" total="314368" percent="100" />
    </mem>
    <remembered-set count="56" />
  </mem-info>
</gc-start>
<allocation-stats totalBytes="1585760" >
  <allocated-bytes non-tlh="1524320" tlh="61440" />
  <largest-consumer threadName="main" threadId="0000000001503700" bytes="1585760" />
</allocation-stats>
<gc-op id="1148" type="scavenge" timems="0.106" contextid="1145" timestamp="2019-07-02T20:08:30.111">
  <scavenger-info tenureage="14" tenuremask="4000" tiltratio="88" />
  <memory-copied type="nursery" objects="2" bytes="69528" bytesdiscarded="39144" />
</gc-op>
<gc-end id="1149" type="scavenge" contextid="1145" durationms="0.260" usertimems="0.000" systemtimems="0.000" timestamp="2019-07-02T20:08:30.111" activeThreads="4">
  <mem-info id="1150" free="6706864" total="8519680" percent="78">
    <mem type="nursery" free="1857408" total="2228224" percent="83">
      <mem type="allocate" free="1857408" total="1966080" percent="94" />
      <mem type="survivor" free="0" total="262144" percent="0" />
    </mem>
    <mem type="tenure" free="4849456" total="6291456" percent="77">
      <mem type="soa" free="4535088" total="5977088" percent="75" />
      <mem type="loa" free="314368" total="314368" percent="100" />
    </mem>
    <remembered-set count="56" />
  </mem-info>
</gc-end>
<cycle-end id="1151" type="scavenge" contextid="1145" timestamp="2019-07-02T20:08:30.111">
  <attribute name="GC Util" value="39" />
  <attribute name="CPU Util" value="23360096533800" />
  <attribute name="Time Running"value="667"/>
  <attribute name="Number of cores"value="4"/>
</cycle-end>
<allocation-satisfied id="1152" threadId="0000000001503700" bytesRequested="138992" />
<af-end id="1153" timestamp="2019-07-02T20:08:30.111" threadId="0000000001504088" success="true" from="nursery"/>
<exclusive-end id="1154" timestamp="2019-07-02T20:08:30.111" durationms="0.636" />

<exclusive-start id="1155" timestamp="2019-07-02T20:08:30.111" intervalms="0.794">
  <response-info timems="0.024" idlems="0.024" threads="0" lastid="0000000001503700" lastname="main" />
</exclusive-start>
<af-start id="1156" threadId="0000000001504088" totalBytesRequested="139696" timestamp="2019-07-02T20:08:30.111" intervalms="0.794" type="nursery" />
<cycle-start id="1157" type="scavenge" contextid="0" timestamp="2019-07-02T20:08:30.111" intervalms="0.794" />
  <attribute name="GC Util" value="39" />
  <attribute name="CPU Util" value="23360096533800" />
  <attribute name="Time Running"value="667"/>
  <attribute name="Number of cores"value="4"/>
<gc-start id="1158" type="scavenge" contextid="1157" timestamp="2019-07-02T20:08:30.111">
  <mem-info id="1159" free="4973968" total="8519680" percent="58">
    <mem type="nursery" free="124512" total="2228224" percent="5">
      <mem type="allocate" free="124512" total="1966080" percent="6" />
      <mem type="survivor" free="0" total="262144" percent="0" />
    </mem>
    <mem type="tenure" free="4849456" total="6291456" percent="77">
      <mem type="soa" free="4535088" total="5977088" percent="75" />
      <mem type="loa" free="314368" total="314368" percent="100" />
    </mem>
    <remembered-set count="56" />
  </mem-info>
</gc-start>
<allocation-stats totalBytes="1732896" >
  <allocated-bytes non-tlh="1671456" tlh="61440" />
  <largest-consumer threadName="main" threadId="0000000001503700" bytes="1732896" />
</allocation-stats>
<gc-op id="1160" type="scavenge" timems="0.105" contextid="1157" timestamp="2019-07-02T20:08:30.112">
  <scavenger-info tenureage="14" tenuremask="4000" tiltratio="88" />
  <memory-copied type="nursery" objects="2" bytes="69880" bytesdiscarded="39144" />
</gc-op>
<gc-end id="1161" type="scavenge" contextid="1157" durationms="0.260" usertimems="0.000" systemtimems="0.000" timestamp="2019-07-02T20:08:30.112" activeThreads="4">
  <mem-info id="1162" free="6706512" total="8519680" percent="78">
    <mem type="nursery" free="1857056" total="2228224" percent="83">
      <mem type="allocate" free="1857056" total="1966080" percent="94" />
      <mem type="survivor" free="0" total="262144" percent="0" />
    </mem>
    <mem type="tenure" free="4849456" total="6291456" percent="77">
      <mem type="soa" free="4535088" total="5977088" percent="75" />
      <mem type="loa" free="314368" total="314368" percent="100" />
    </mem>
    <remembered-set count="56" />
  </mem-info>
</gc-end>
<cycle-end id="1163" type="scavenge" contextid="1157" timestamp="2019-07-02T20:08:30.112">
  <attribute name="GC Util" value="37" />
  <attribute name="CPU Util" value="23223110972835" />
  <attribute name="Time Running"value="668"/>
  <attribute name="Number of cores"value="4"/>
</cycle-end>
<allocation-satisfied id="1164" threadId="0000000001503700" bytesRequested="139696" />
<af-end id="1165" timestamp="2019-07-02T20:08:30.112" threadId="0000000001504088" success="true" from="nursery"/>
<exclusive-end id="1166" timestamp="2019-07-02T20:08:30.112" durationms="0.630" />

<exclusive-start id="1167" timestamp="2019-07-02T20:08:30.112" intervalms="0.789">
  <response-info timems="0.024" idlems="0.024" threads="0" lastid="0000000001503700" lastname="main" />
</exclusive-start>
<af-start id="1168" threadId="0000000001504088" totalBytesRequested="140400" timestamp="2019-07-02T20:08:30.112" intervalms="0.792" type="nursery" />
<cycle-start id="1169" type="scavenge" contextid="0" timestamp="2019-07-02T20:08:30.112" intervalms="0.791" />
  <attribute name="GC Util" value="37" />
  <attribute name="CPU Util" value="23223110972835" />
  <attribute name="Time Running"value="668"/>
  <attribute name="Number of cores"value="4"/>
<gc-start id="1170" type="scavenge" contextid="1169" timestamp="2019-07-02T20:08:30.112">
  <mem-info id="1171" free="4965152" total="8519680" percent="58">
    <mem type="nursery" free="115696" total="2228224" percent="5">
      <mem type="allocate" free="115696" total="1966080" percent="5" />
      <mem type="survivor" free="0" total="262144" percent="0" />
    </mem>
    <mem type="tenure" free="4849456" total="6291456" percent="77">
      <mem type="soa" free="4535088" total="5977088" percent="75" />
      <mem type="loa" free="314368" total="314368" percent="100" />
    </mem>
    <remembered-set count="56" />
  </mem-info>
</gc-start>
<allocation-stats totalBytes="1741360" >
  <allocated-bytes non-tlh="1679920" tlh="61440" />
  <largest-consumer threadName="main" threadId="0000000001503700" bytes="1741360" />
</allocation-stats>
<gc-op id="1172" type="scavenge" timems="0.105" contextid="1169" timestamp="2019-07-02T20:08:30.112">
  <scavenger-info tenureage="14" tenuremask="4000" tiltratio="88" />
  <memory-copied type="nursery" objects="2" bytes="70232" bytesdiscarded="39144" />
</gc-op>
<gc-end id="1173" type="scavenge" contextid="1169" durationms="0.259" usertimems="0.000" systemtimems="0.000" timestamp="2019-07-02T20:08:30.112" activeThreads="4">
  <mem-info id="1174" free="6706160" total="8519680" percent="78">
    <mem type="nursery" free="1856704" total="2228224" percent="83">
      <mem type="allocate" free="1856704" total="1966080" percent="94" />
      <mem type="survivor" free="0" total="262144" percent="0" />
    </mem>
    <mem type="tenure" free="4849456" total="6291456" percent="77">
      <mem type="soa" free="4535088" total="5977088" percent="75" />
      <mem type="loa" free="314368" total="314368" percent="100" />
    </mem>
    <remembered-set count="56" />
  </mem-info>
</gc-end>
<cycle-end id="1175" type="scavenge" contextid="1169" timestamp="2019-07-02T20:08:30.112">
  <attribute name="GC Util" value="37" />
  <attribute name="CPU Util" value="23436192210301" />
  <attribute name="Time Running"value="669"/>
  <attribute name="Number of cores"value="4"/>
</cycle-end>
<allocation-satisfied id="1176" threadId="0000000001503700" bytesRequested="140400" />
<af-end id="1177" timestamp="2019-07-02T20:08:30.113" threadId="0000000001504088" success="true" from="nursery"/>
<exclusive-end id="1178" timestamp="2019-07-02T20:08:30.113" durationms="0.627" />

<exclusive-start id="1179" timestamp="2019-07-02T20:08:30.113" intervalms="0.786">
  <response-info timems="0.023" idlems="0.023" threads="0" lastid="0000000001503700" lastname="main" />
</exclusive-start>
<af-start id="1180" threadId="0000000001504088" totalBytesRequested="141120" timestamp="2019-07-02T20:08:30.113" intervalms="0.782" type="nursery" />
<cycle-start id="1181" type="scavenge" contextid="0" timestamp="2019-07-02T20:08:30.113" intervalms="0.781" />
  <attribute name="GC Util" value="37" />
  <attribute name="CPU Util" value="23436192210301" />
  <attribute name="Time Running"value="669"/>
  <attribute name="Number of cores"value="4"/>
<gc-start id="1182" type="scavenge" contextid="1181" timestamp="2019-07-02T20:08:30.113">
  <mem-info id="1183" free="4956504" total="8519680" percent="58">
    <mem type="nursery" free="107048" total="2228224" percent="4">
      <mem type="allocate" free="107048" total="1966080" percent="5" />
      <mem type="survivor" free="0" total="262144" percent="0" />
    </mem>
    <mem type="tenure" free="4849456" total="6291456" percent="77">
      <mem type="soa" free="4535088" total="5977088" percent="75" />
      <mem type="loa" free="314368" total="314368" percent="100" />
    </mem>
    <remembered-set count="56" />
  </mem-info>
</gc-start>
<allocation-stats totalBytes="1749656" >
  <allocated-bytes non-tlh="1688216" tlh="61440" />
  <largest-consumer threadName="main" threadId="0000000001503700" bytes="1749656" />
</allocation-stats>
<gc-op id="1184" type="scavenge" timems="0.106" contextid="1181" timestamp="2019-07-02T20:08:30.113">
  <scavenger-info tenureage="14" tenuremask="4000" tiltratio="88" />
  <memory-copied type="nursery" objects="2" bytes="70592" bytesdiscarded="39144" />
</gc-op>
<gc-end id="1185" type="scavenge" contextid="1181" durationms="0.278" usertimems="0.000" systemtimems="0.000" timestamp="2019-07-02T20:08:30.113" activeThreads="4">
  <mem-info id="1186" free="6705800" total="8519680" percent="78">
    <mem type="nursery" free="1856344" total="2228224" percent="83">
      <mem type="allocate" free="1856344" total="1966080" percent="94" />
      <mem type="survivor" free="0" total="262144" percent="0" />
    </mem>
    <mem type="tenure" free="4849456" total="6291456" percent="77">
      <mem type="soa" free="4535088" total="5977088" percent="75" />
      <mem type="loa" free="314368" total="314368" percent="100" />
    </mem>
    <remembered-set count="56" />
  </mem-info>
</gc-end>
<cycle-end id="1187" type="scavenge" contextid="1181" timestamp="2019-07-02T20:08:30.113">
  <attribute name="GC Util" value="37" />
  <attribute name="CPU Util" value="23335185387014" />
  <attribute name="Time Running"value="669"/>
  <attribute name="Number of cores"value="4"/>
</cycle-end>
<allocation-satisfied id="1188" threadId="0000000001503700" bytesRequested="141120" />
<af-end id="1189" timestamp="2019-07-02T20:08:30.113" threadId="0000000001504088" success="true" from="nursery"/>
<exclusive-end id="1190" timestamp="2019-07-02T20:08:30.113" durationms="0.644" />

<exclusive-start id="1191" timestamp="2019-07-02T20:08:30.114" intervalms="0.804">
  <response-info timems="0.024" idlems="0.024" threads="0" lastid="0000000001503700" lastname="main" />
</exclusive-start>
<af-start id="1192" threadId="0000000001504088" totalBytesRequested="141952" timestamp="2019-07-02T20:08:30.114" intervalms="0.804" type="nursery" />
<cycle-start id="1193" type="scavenge" contextid="0" timestamp="2019-07-02T20:08:30.114" intervalms="0.804" />
  <attribute name="GC Util" value="37" />
  <attribute name="CPU Util" value="23335185387014" />
  <attribute name="Time Running"value="669"/>
  <attribute name="Number of cores"value="4"/>
<gc-start id="1194" type="scavenge" contextid="1193" timestamp="2019-07-02T20:08:30.114">
  <mem-info id="1195" free="4946704" total="8519680" percent="58">
    <mem type="nursery" free="97248" total="2228224" percent="4">
      <mem type="allocate" free="97248" total="1966080" percent="4" />
      <mem type="survivor" free="0" total="262144" percent="0" />
    </mem>
    <mem type="tenure" free="4849456" total="6291456" percent="77">
      <mem type="soa" free="4535088" total="5977088" percent="75" />
      <mem type="loa" free="314368" total="314368" percent="100" />
    </mem>
    <remembered-set count="56" />
  </mem-info>
</gc-start>
<allocation-stats totalBytes="1759096" >
  <allocated-bytes non-tlh="1697656" tlh="61440" />
  <largest-consumer threadName="main" threadId="0000000001503700" bytes="1759096" />
</allocation-stats>
<gc-op id="1196" type="scavenge" timems="0.104" contextid="1193" timestamp="2019-07-02T20:08:30.114">
  <scavenger-info tenureage="14" tenuremask="4000" tiltratio="88" />
  <memory-copied type="nursery" objects="2" bytes="71000" bytesdiscarded="39144" />
</gc-op>
<gc-end id="1197" type="scavenge" contextid="1193" durationms="0.262" usertimems="0.000" systemtimems="0.000" timestamp="2019-07-02T20:08:30.114" activeThreads="4">
  <mem-info id="1198" free="6705392" total="8519680" percent="78">
    <mem type="nursery" free="1855936" total="2228224" percent="83">
      <mem type="allocate" free="1855936" total="1966080" percent="94" />
      <mem type="survivor" free="0" total="262144" percent="0" />
    </mem>
    <mem type="tenure" free="4849456" total="6291456" percent="77">
      <mem type="soa" free="4535088" total="5977088" percent="75" />
      <mem type="loa" free="314368" total="314368" percent="100" />
    </mem>
    <remembered-set count="56" />
  </mem-info>
</gc-end>
<cycle-end id="1199" type="scavenge" contextid="1193" timestamp="2019-07-02T20:08:30.114">
  <attribute name="GC Util" value="38" />
  <attribute name="CPU Util" value="23211451581588" />
  <attribute name="Time Running"value="670"/>
  <attribute name="Number of cores"value="4"/>
</cycle-end>
<allocation-satisfied id="1200" threadId="0000000001503700" bytesRequested="141952" />
<af-end id="1201" timestamp="2019-07-02T20:08:30.114" threadId="0000000001504088" success="true" from="nursery"/>
<exclusive-end id="1202" timestamp="2019-07-02T20:08:30.114" durationms="0.629" />

<exclusive-start id="1203" timestamp="2019-07-02T20:08:30.114" intervalms="0.785">
  <response-info timems="0.024" idlems="0.024" threads="0" lastid="0000000001503700" lastname="main" />
</exclusive-start>
<af-start id="1204" threadId="0000000001504088" totalBytesRequested="142880" timestamp="2019-07-02T20:08:30.114" intervalms="0.784" type="nursery" />
<cycle-start id="1205" type="scavenge" contextid="0" timestamp="2019-07-02T20:08:30.114" intervalms="0.785" />
  <attribute name="GC Util" value="38" />
  <attribute name="CPU Util" value="23211451581588" />
  <attribute name="Time Running"value="670"/>
  <attribute name="Number of cores"value="4"/>
<gc-start id="1206" type="scavenge" contextid="1205" timestamp="2019-07-02T20:08:30.115">
  <mem-info id="1207" free="4935824" total="8519680" percent="57">
    <mem type="nursery" free="86368" total="2228224" percent="3">
      <mem type="allocate" free="86368" total="1966080" percent="4" />
      <mem type="survivor" free="0" total="262144" percent="0" />
    </mem>
    <mem type="tenure" free="4849456" total="6291456" percent="77">
      <mem type="soa" free="4535088" total="5977088" percent="75" />
      <mem type="loa" free="314368" total="314368" percent="100" />
    </mem>
    <remembered-set count="56" />
  </mem-info>
</gc-start>
<allocation-stats totalBytes="1769568" >
  <allocated-bytes non-tlh="1708128" tlh="61440" />
  <largest-consumer threadName="main" threadId="0000000001503700" bytes="1769568" />
</allocation-stats>
<gc-op id="1208" type="scavenge" timems="0.106" contextid="1205" timestamp="2019-07-02T20:08:30.115">
  <scavenger-info tenureage="14" tenuremask="4000" tiltratio="88" />
  <memory-copied type="nursery" objects="2" bytes="71472" bytesdiscarded="39144" />
</gc-op>
<gc-end id="1209" type="scavenge" contextid="1205" durationms="0.263" usertimems="0.000" systemtimems="0.000" timestamp="2019-07-02T20:08:30.115" activeThreads="4">
  <mem-info id="1210" free="6704920" total="8519680" percent="78">
    <mem type="nursery" free="1855464" total="2228224" percent="83">
      <mem type="allocate" free="1855464" total="1966080" percent="94" />
      <mem type="survivor" free="0" total="262144" percent="0" />
    </mem>
    <mem type="tenure" free="4849456" total="6291456" percent="77">
      <mem type="soa" free="4535088" total="5977088" percent="75" />
      <mem type="loa" free="314368" total="314368" percent="100" />
    </mem>
    <remembered-set count="56" />
  </mem-info>
</gc-end>
<cycle-end id="1211" type="scavenge" contextid="1205" timestamp="2019-07-02T20:08:30.115">
  <attribute name="GC Util" value="37" />
  <attribute name="CPU Util" value="23505684498800" />
  <attribute name="Time Running"value="671"/>
  <attribute name="Number of cores"value="4"/>
</cycle-end>
<allocation-satisfied id="1212" threadId="0000000001503700" bytesRequested="142880" />
<af-end id="1213" timestamp="2019-07-02T20:08:30.115" threadId="0000000001504088" success="true" from="nursery"/>
<exclusive-end id="1214" timestamp="2019-07-02T20:08:30.115" durationms="0.627" />

<exclusive-start id="1215" timestamp="2019-07-02T20:08:30.115" intervalms="0.783">
  <response-info timems="0.019" idlems="0.019" threads="0" lastid="0000000001503700" lastname="main" />
</exclusive-start>
<af-start id="1216" threadId="0000000001504088" totalBytesRequested="143808" timestamp="2019-07-02T20:08:30.115" intervalms="0.788" type="nursery" />
<cycle-start id="1217" type="scavenge" contextid="0" timestamp="2019-07-02T20:08:30.115" intervalms="0.788" />
  <attribute name="GC Util" value="37" />
  <attribute name="CPU Util" value="23505684498800" />
  <attribute name="Time Running"value="671"/>
  <attribute name="Number of cores"value="4"/>
<gc-start id="1218" type="scavenge" contextid="1217" timestamp="2019-07-02T20:08:30.115">
  <mem-info id="1219" free="4923960" total="8519680" percent="57">
    <mem type="nursery" free="74504" total="2228224" percent="3">
      <mem type="allocate" free="74504" total="1966080" percent="3" />
      <mem type="survivor" free="0" total="262144" percent="0" />
    </mem>
    <mem type="tenure" free="4849456" total="6291456" percent="77">
      <mem type="soa" free="4535088" total="5977088" percent="75" />
      <mem type="loa" free="314368" total="314368" percent="100" />
    </mem>
    <remembered-set count="56" />
  </mem-info>
</gc-start>
<allocation-stats totalBytes="1780960" >
  <allocated-bytes non-tlh="1719520" tlh="61440" />
  <largest-consumer threadName="main" threadId="0000000001503700" bytes="1780960" />
</allocation-stats>
<gc-op id="1220" type="scavenge" timems="0.106" contextid="1217" timestamp="2019-07-02T20:08:30.116">
  <scavenger-info tenureage="14" tenuremask="4000" tiltratio="88" />
  <memory-copied type="nursery" objects="2" bytes="71936" bytesdiscarded="39144" />
</gc-op>
<gc-end id="1221" type="scavenge" contextid="1217" durationms="0.260" usertimems="0.000" systemtimems="0.000" timestamp="2019-07-02T20:08:30.116" activeThreads="4">
  <mem-info id="1222" free="6704456" total="8519680" percent="78">
    <mem type="nursery" free="1855000" total="2228224" percent="83">
      <mem type="allocate" free="1855000" total="1966080" percent="94" />
      <mem type="survivor" free="0" total="262144" percent="0" />
    </mem>
    <mem type="tenure" free="4849456" total="6291456" percent="77">
      <mem type="soa" free="4535088" total="5977088" percent="75" />
      <mem type="loa" free="314368" total="314368" percent="100" />
    </mem>
    <remembered-set count="56" />
  </mem-info>
</gc-end>
<cycle-end id="1223" type="scavenge" contextid="1217" timestamp="2019-07-02T20:08:30.116">
  <attribute name="GC Util" value="38" />
  <attribute name="CPU Util" value="23394729320950" />
  <attribute name="Time Running"value="672"/>
  <attribute name="Number of cores"value="4"/>
</cycle-end>
<allocation-satisfied id="1224" threadId="0000000001503700" bytesRequested="143808" />
<af-end id="1225" timestamp="2019-07-02T20:08:30.116" threadId="0000000001504088" success="true" from="nursery"/>
<exclusive-end id="1226" timestamp="2019-07-02T20:08:30.116" durationms="0.628" />

<exclusive-start id="1227" timestamp="2019-07-02T20:08:30.116" intervalms="0.785">
  <response-info timems="0.020" idlems="0.020" threads="0" lastid="0000000001503700" lastname="main" />
</exclusive-start>
<af-start id="1228" threadId="0000000001504088" totalBytesRequested="144632" timestamp="2019-07-02T20:08:30.116" intervalms="0.782" type="nursery" />
<cycle-start id="1229" type="scavenge" contextid="0" timestamp="2019-07-02T20:08:30.116" intervalms="0.781" />
  <attribute name="GC Util" value="38" />
  <attribute name="CPU Util" value="23394729320950" />
  <attribute name="Time Running"value="672"/>
  <attribute name="Number of cores"value="4"/>
<gc-start id="1230" type="scavenge" contextid="1229" timestamp="2019-07-02T20:08:30.116">
  <mem-info id="1231" free="4913232" total="8519680" percent="57">
    <mem type="nursery" free="63776" total="2228224" percent="2">
      <mem type="allocate" free="63776" total="1966080" percent="3" />
      <mem type="survivor" free="0" total="262144" percent="0" />
    </mem>
    <mem type="tenure" free="4849456" total="6291456" percent="77">
      <mem type="soa" free="4535088" total="5977088" percent="75" />
      <mem type="loa" free="314368" total="314368" percent="100" />
    </mem>
    <remembered-set count="56" />
  </mem-info>
</gc-start>
<allocation-stats totalBytes="1791224" >
  <allocated-bytes non-tlh="1729784" tlh="61440" />
  <largest-consumer threadName="main" threadId="0000000001503700" bytes="1791224" />
</allocation-stats>
<gc-op id="1232" type="scavenge" timems="0.106" contextid="1229" timestamp="2019-07-02T20:08:30.116">
  <scavenger-info tenureage="14" tenuremask="4000" tiltratio="88" />
  <memory-copied type="nursery" objects="2" bytes="72344" bytesdiscarded="39144" />
</gc-op>
<gc-end id="1233" type="scavenge" contextid="1229" durationms="0.261" usertimems="0.000" systemtimems="0.000" timestamp="2019-07-02T20:08:30.116" activeThreads="4">
  <mem-info id="1234" free="6704048" total="8519680" percent="78">
    <mem type="nursery" free="1854592" total="2228224" percent="83">
      <mem type="allocate" free="1854592" total="1966080" percent="94" />
      <mem type="survivor" free="0" total="262144" percent="0" />
    </mem>
    <mem type="tenure" free="4849456" total="6291456" percent="77">
      <mem type="soa" free="4535088" total="5977088" percent="75" />
      <mem type="loa" free="314368" total="314368" percent="100" />
    </mem>
    <remembered-set count="56" />
  </mem-info>
</gc-end>
<cycle-end id="1235" type="scavenge" contextid="1229" timestamp="2019-07-02T20:08:30.116">
  <attribute name="GC Util" value="38" />
  <attribute name="CPU Util" value="23539248664967" />
  <attribute name="Time Running"value="673"/>
  <attribute name="Number of cores"value="4"/>
</cycle-end>
<allocation-satisfied id="1236" threadId="0000000001503700" bytesRequested="144632" />
<af-end id="1237" timestamp="2019-07-02T20:08:30.117" threadId="0000000001504088" success="true" from="nursery"/>
<exclusive-end id="1238" timestamp="2019-07-02T20:08:30.117" durationms="0.627" />

<exclusive-start id="1239" timestamp="2019-07-02T20:08:30.117" intervalms="0.788">
  <response-info timems="0.024" idlems="0.024" threads="0" lastid="0000000001503700" lastname="main" />
</exclusive-start>
<af-start id="1240" threadId="0000000001504088" totalBytesRequested="145536" timestamp="2019-07-02T20:08:30.117" intervalms="0.789" type="nursery" />
<cycle-start id="1241" type="scavenge" contextid="0" timestamp="2019-07-02T20:08:30.117" intervalms="0.789" />
  <attribute name="GC Util" value="38" />
  <attribute name="CPU Util" value="23539248664967" />
  <attribute name="Time Running"value="673"/>
  <attribute name="Number of cores"value="4"/>
<gc-start id="1242" type="scavenge" contextid="1241" timestamp="2019-07-02T20:08:30.117">
  <mem-info id="1243" free="4902272" total="8519680" percent="57">
    <mem type="nursery" free="52816" total="2228224" percent="2">
      <mem type="allocate" free="52816" total="1966080" percent="2" />
      <mem type="survivor" free="0" total="262144" percent="0" />
    </mem>
    <mem type="tenure" free="4849456" total="6291456" percent="77">
      <mem type="soa" free="4535088" total="5977088" percent="75" />
      <mem type="loa" free="314368" total="314368" percent="100" />
    </mem>
    <remembered-set count="56" />
  </mem-info>
</gc-start>
<allocation-stats totalBytes="1801776" >
  <allocated-bytes non-tlh="1740336" tlh="61440" />
  <largest-consumer threadName="main" threadId="0000000001503700" bytes="1801776" />
</allocation-stats>
<gc-op id="1244" type="scavenge" timems="0.120" contextid="1241" timestamp="2019-07-02T20:08:30.117">
  <scavenger-info tenureage="14" tenuremask="4000" tiltratio="88" />
  <memory-copied type="nursery" objects="2" bytes="72800" bytesdiscarded="39144" />
</gc-op>
<gc-end id="1245" type="scavenge" contextid="1241" durationms="0.277" usertimems="0.000" systemtimems="0.000" timestamp="2019-07-02T20:08:30.117" activeThreads="4">
  <mem-info id="1246" free="6703592" total="8519680" percent="78">
    <mem type="nursery" free="1854136" total="2228224" percent="83">
      <mem type="allocate" free="1854136" total="1966080" percent="94" />
      <mem type="survivor" free="0" total="262144" percent="0" />
    </mem>
    <mem type="tenure" free="4849456" total="6291456" percent="77">
      <mem type="soa" free="4535088" total="5977088" percent="75" />
      <mem type="loa" free="314368" total="314368" percent="100" />
    </mem>
    <remembered-set count="56" />
  </mem-info>
</gc-end>
<cycle-end id="1247" type="scavenge" contextid="1241" timestamp="2019-07-02T20:08:30.117">
  <attribute name="GC Util" value="37" />
  <attribute name="CPU Util" value="23286991912508" />
  <attribute name="Time Running"value="673"/>
  <attribute name="Number of cores"value="4"/>
</cycle-end>
<allocation-satisfied id="1248" threadId="0000000001503700" bytesRequested="145536" />
<af-end id="1249" timestamp="2019-07-02T20:08:30.117" threadId="0000000001504088" success="true" from="nursery"/>
<exclusive-end id="1250" timestamp="2019-07-02T20:08:30.117" durationms="0.659" />

<exclusive-start id="1251" timestamp="2019-07-02T20:08:30.118" intervalms="0.820">
  <response-info timems="0.023" idlems="0.023" threads="0" lastid="0000000001503700" lastname="main" />
</exclusive-start>
<af-start id="1252" threadId="0000000001504088" totalBytesRequested="146320" timestamp="2019-07-02T20:08:30.118" intervalms="0.818" type="nursery" />
<cycle-start id="1253" type="scavenge" contextid="0" timestamp="2019-07-02T20:08:30.118" intervalms="0.819" />
  <attribute name="GC Util" value="37" />
  <attribute name="CPU Util" value="23286991912508" />
  <attribute name="Time Running"value="673"/>
  <attribute name="Number of cores"value="4"/>
<gc-start id="1254" type="scavenge" contextid="1253" timestamp="2019-07-02T20:08:30.118">
  <mem-info id="1255" free="4891424" total="8519680" percent="57">
    <mem type="nursery" free="41968" total="2228224" percent="1">
      <mem type="allocate" free="41968" total="1966080" percent="2" />
      <mem type="survivor" free="0" total="262144" percent="0" />
    </mem>
    <mem type="tenure" free="4849456" total="6291456" percent="77">
      <mem type="soa" free="4535088" total="5977088" percent="75" />
      <mem type="loa" free="314368" total="314368" percent="100" />
    </mem>
    <remembered-set count="56" />
  </mem-info>
</gc-start>
<allocation-stats totalBytes="1812168" >
  <allocated-bytes non-tlh="1750728" tlh="61440" />
  <largest-consumer threadName="main" threadId="0000000001503700" bytes="1812168" />
</allocation-stats>
<gc-op id="1256" type="scavenge" timems="0.106" contextid="1253" timestamp="2019-07-02T20:08:30.118">
  <scavenger-info tenureage="14" tenuremask="4000" tiltratio="88" />
  <memory-copied type="nursery" objects="2" bytes="73184" bytesdiscarded="39144" />
</gc-op>
<gc-end id="1257" type="scavenge" contextid="1253" durationms="0.261" usertimems="0.000" systemtimems="0.000" timestamp="2019-07-02T20:08:30.118" activeThreads="4">
  <mem-info id="1258" free="6703208" total="8519680" percent="78">
    <mem type="nursery" free="1853752" total="2228224" percent="83">
      <mem type="allocate" free="1853752" total="1966080" percent="94" />
      <mem type="survivor" free="0" total="262144" percent="0" />
    </mem>
    <mem type="tenure" free="4849456" total="6291456" percent="77">
      <mem type="soa" free="4535088" total="5977088" percent="75" />
      <mem type="loa" free="314368" total="314368" percent="100" />
    </mem>
    <remembered-set count="56" />
  </mem-info>
</gc-end>
<cycle-end id="1259" type="scavenge" contextid="1253" timestamp="2019-07-02T20:08:30.118">
  <attribute name="GC Util" value="39" />
  <attribute name="CPU Util" value="22595615394528" />
  <attribute name="Time Running"value="674"/>
  <attribute name="Number of cores"value="4"/>
</cycle-end>
<allocation-satisfied id="1260" threadId="0000000001503700" bytesRequested="146320" />
<af-end id="1261" timestamp="2019-07-02T20:08:30.118" threadId="0000000001504088" success="true" from="nursery"/>
<exclusive-end id="1262" timestamp="2019-07-02T20:08:30.118" durationms="0.629" />

<exclusive-start id="1263" timestamp="2019-07-02T20:08:30.118" intervalms="0.836">
  <response-info timems="0.024" idlems="0.024" threads="0" lastid="0000000001503700" lastname="main" />
</exclusive-start>
<sys-start reason="explicit" id="1264" timestamp="2019-07-02T20:08:30.118" intervalms="789.744" />
<cycle-start id="1265" type="global" contextid="0" timestamp="2019-07-02T20:08:30.119" intervalms="789.910" />
  <attribute name="GC Util" value="39" />
  <attribute name="CPU Util" value="22595615394528" />
  <attribute name="Time Running"value="674"/>
  <attribute name="Number of cores"value="4"/>
<gc-start id="1266" type="global" contextid="1265" timestamp="2019-07-02T20:08:30.119">
  <mem-info id="1267" free="5543256" total="8519680" percent="65">
    <mem type="nursery" free="693800" total="2228224" percent="31">
      <mem type="allocate" free="693800" total="1966080" percent="35" />
      <mem type="survivor" free="0" total="262144" percent="0" />
    </mem>
    <mem type="tenure" free="4849456" total="6291456" percent="77">
      <mem type="soa" free="4535088" total="5977088" percent="75" />
      <mem type="loa" free="314368" total="314368" percent="100" />
    </mem>
    <remembered-set count="56" />
  </mem-info>
</gc-start>
<allocation-stats totalBytes="1159952" >
  <allocated-bytes non-tlh="1098512" tlh="61440" />
  <largest-consumer threadName="main" threadId="0000000001503700" bytes="1159952" />
</allocation-stats>
<gc-op id="1268" type="mark" timems="1.211" contextid="1265" timestamp="2019-07-02T20:08:30.121">
  <trace-info objectcount="18911" scancount="15629" scanbytes="513704" />
  <finalization candidates="50" enqueued="0" />
  <ownableSynchronizers candidates="1" cleared="0" />
  <references type="soft" candidates="66" cleared="0" enqueued="0" dynamicThreshold="32" maxThreshold="32" />
  <references type="weak" candidates="414" cleared="30" enqueued="15" />
  <references type="phantom" candidates="53" cleared="0" enqueued="0" />
  <stringconstants candidates="2472" cleared="0"  />
</gc-op>
<gc-op id="1269" type="classunload" timems="0.046" contextid="1265" timestamp="2019-07-02T20:08:30.121">
  <classunload-info classloadercandidates="6" classloadersunloaded="0" classesunloaded="0" anonymousclassesunloaded="0" quiescems="0.939" setupms="0.045" scanms="0.001" postms="0.000" />
</gc-op>
<gc-op id="1270" type="sweep" timems="0.413" contextid="1265" timestamp="2019-07-02T20:08:30.122" />
<gc-end id="1271" type="global" contextid="1265" durationms="3.147" usertimems="0.000" systemtimems="0.000" timestamp="2019-07-02T20:08:30.122" activeThreads="4">
  <mem-info id="1272" free="6997840" total="8519680" percent="82">
    <mem type="nursery" free="1887824" total="2228224" percent="84">
      <mem type="allocate" free="1887824" total="1966080" percent="96" />
      <mem type="survivor" free="0" total="262144" percent="0" />
    </mem>
    <mem type="tenure" free="5110016" total="6291456" percent="81" micro-fragmented="21635" macro-fragmented="0">
      <mem type="soa" free="4795648" total="5977088" percent="80" />
      <mem type="loa" free="314368" total="314368" percent="100" />
    </mem>
    <pending-finalizers system="0" default="0" reference="15" classloader="0" />
    <remembered-set count="54" />
  </mem-info>
</gc-end>
<cycle-end id="1273" type="global" contextid="1265" timestamp="2019-07-02T20:08:30.122">
  <attribute name="GC Util" value="69" />
  <attribute name="CPU Util" value="12908784960709" />
  <attribute name="Time Running"value="678"/>
  <attribute name="Number of cores"value="4"/>
</cycle-end>
<sys-end id="1274" timestamp="2019-07-02T20:08:30.122" />
<exclusive-end id="1275" timestamp="2019-07-02T20:08:30.122" durationms="3.577" />

<exclusive-start id="1276" timestamp="2019-07-02T20:08:30.576" intervalms="457.953">
  <response-info timems="0.031" idlems="0.031" threads="0" lastid="0000000001503700" lastname="main" />
</exclusive-start>
<af-start id="1277" threadId="0000000001504088" totalBytesRequested="15368" timestamp="2019-07-02T20:08:30.577" intervalms="458.904" type="nursery" />
<cycle-start id="1278" type="scavenge" contextid="0" timestamp="2019-07-02T20:08:30.577" intervalms="458.994" />
  <attribute name="GC Util" value="69" />
  <attribute name="CPU Util" value="12908784960709" />
  <attribute name="Time Running"value="678"/>
  <attribute name="Number of cores"value="4"/>
<gc-start id="1279" type="scavenge" contextid="1278" timestamp="2019-07-02T20:08:30.577">
  <mem-info id="1280" free="5082152" total="8519680" percent="59">
    <mem type="nursery" free="0" total="2228224" percent="0">
      <mem type="allocate" free="0" total="1966080" percent="0" />
      <mem type="survivor" free="0" total="262144" percent="0" />
    </mem>
    <mem type="tenure" free="5082152" total="6291456" percent="80">
      <mem type="soa" free="4767784" total="5977088" percent="79" />
      <mem type="loa" free="314368" total="314368" percent="100" />
    </mem>
    <remembered-set count="435" />
  </mem-info>
</gc-start>
<allocation-stats totalBytes="1902392" >
  <allocated-bytes non-tlh="25744" tlh="1876648" />
  <largest-consumer threadName="main" threadId="0000000001503700" bytes="1898296" />
</allocation-stats>
<gc-op id="1281" type="scavenge" timems="0.523" contextid="1278" timestamp="2019-07-02T20:08:30.578">
  <scavenger-info tenureage="14" tenuremask="4000" tiltratio="88" />
  <memory-copied type="nursery" objects="3170" bytes="262040" bytesdiscarded="24" />
  <memory-copied type="tenure" objects="336" bytes="13008" bytesdiscarded="0" />
  <copy-failed type="nursery" objects="336" bytes="13008" />
  <ownableSynchronizers candidates="2" cleared="2" />
  <references type="soft" candidates="2" cleared="0" enqueued="0" dynamicThreshold="25" maxThreshold="32" />
  <references type="weak" candidates="50" cleared="45" enqueued="45" />
  <references type="phantom" candidates="8" cleared="2" enqueued="2" />
</gc-op>
<gc-end id="1282" type="scavenge" contextid="1278" durationms="0.831" usertimems="0.000" systemtimems="0.000" timestamp="2019-07-02T20:08:30.578" activeThreads="4">
  <mem-info id="1283" free="6456592" total="8519680" percent="75">
    <mem type="nursery" free="1441792" total="2228224" percent="64">
      <mem type="allocate" free="1441792" total="1703936" percent="84" />
      <mem type="survivor" free="0" total="524288" percent="0" />
    </mem>
    <mem type="tenure" free="5014800" total="6291456" percent="79">
      <mem type="soa" free="4700432" total="5977088" percent="78" />
      <mem type="loa" free="314368" total="314368" percent="100" />
    </mem>
    <pending-finalizers system="0" default="0" reference="47" classloader="0" />
    <remembered-set count="458" />
  </mem-info>
</gc-end>
<cycle-end id="1284" type="scavenge" contextid="1278" timestamp="2019-07-02T20:08:30.578">
  <attribute name="GC Util" value="0" />
  <attribute name="CPU Util" value="115" />
  <attribute name="Time Running"value="1134"/>
  <attribute name="Number of cores"value="4"/>
</cycle-end>
<allocation-satisfied id="1285" threadId="0000000001503700" bytesRequested="15368" />
<af-end id="1286" timestamp="2019-07-02T20:08:30.578" threadId="0000000001504088" success="true" from="nursery"/>
<exclusive-end id="1287" timestamp="2019-07-02T20:08:30.578" durationms="1.746" />

<exclusive-start id="1288" timestamp="2019-07-02T20:08:30.608" intervalms="31.835">
  <response-info timems="0.011" idlems="0.011" threads="0" lastid="0000000001503700" lastname="main" />
</exclusive-start>
<af-start id="1289" threadId="0000000001504088" totalBytesRequested="1032" timestamp="2019-07-02T20:08:30.608" intervalms="31.802" type="nursery" />
<cycle-start id="1290" type="scavenge" contextid="0" timestamp="2019-07-02T20:08:30.608" intervalms="31.779" />
  <attribute name="GC Util" value="0" />
  <attribute name="CPU Util" value="115" />
  <attribute name="Time Running"value="1134"/>
  <attribute name="Number of cores"value="4"/>
<gc-start id="1291" type="scavenge" contextid="1290" timestamp="2019-07-02T20:08:30.609">
  <mem-info id="1292" free="4989016" total="8519680" percent="58">
    <mem type="nursery" free="0" total="2228224" percent="0">
      <mem type="allocate" free="0" total="1703936" percent="0" />
      <mem type="survivor" free="0" total="524288" percent="0" />
    </mem>
    <mem type="tenure" free="4989016" total="6291456" percent="79">
      <mem type="soa" free="4674648" total="5977088" percent="78" />
      <mem type="loa" free="314368" total="314368" percent="100" />
    </mem>
    <remembered-set count="709" />
  </mem-info>
</gc-start>
<allocation-stats totalBytes="1455584" >
  <allocated-bytes non-tlh="41152" tlh="1414432" />
  <largest-consumer threadName="main" threadId="0000000001503700" bytes="1451488" />
</allocation-stats>
<gc-op id="1293" type="scavenge" timems="0.408" contextid="1290" timestamp="2019-07-02T20:08:30.609">
  <scavenger-info tenureage="14" tenuremask="4000" tiltratio="76" />
  <memory-copied type="nursery" objects="3234" bytes="229288" bytesdiscarded="109736" />
  <references type="soft" candidates="2" cleared="0" enqueued="0" dynamicThreshold="25" maxThreshold="32" />
  <references type="weak" candidates="14" cleared="9" enqueued="9" />
  <references type="phantom" candidates="6" cleared="0" enqueued="0" />
</gc-op>
<gc-end id="1294" type="scavenge" contextid="1290" durationms="0.627" usertimems="0.000" systemtimems="0.000" timestamp="2019-07-02T20:08:30.609" activeThreads="4">
  <mem-info id="1295" free="6353848" total="8519680" percent="74">
    <mem type="nursery" free="1364832" total="2228224" percent="61">
      <mem type="allocate" free="1364832" total="1703936" percent="80" />
      <mem type="survivor" free="0" total="524288" percent="0" />
    </mem>
    <mem type="tenure" free="4989016" total="6291456" percent="79">
      <mem type="soa" free="4674648" total="5977088" percent="78" />
      <mem type="loa" free="314368" total="314368" percent="100" />
    </mem>
    <pending-finalizers system="0" default="0" reference="9" classloader="0" />
    <remembered-set count="704" />
  </mem-info>
</gc-end>
<cycle-end id="1296" type="scavenge" contextid="1290" timestamp="2019-07-02T20:08:30.609">
  <attribute name="GC Util" value="3" />
  <attribute name="CPU Util" value="583333809952" />
  <attribute name="Time Running"value="1165"/>
  <attribute name="Number of cores"value="4"/>
</cycle-end>
<allocation-satisfied id="1297" threadId="0000000001503700" bytesRequested="1032" />
<af-end id="1298" timestamp="2019-07-02T20:08:30.609" threadId="0000000001504088" success="true" from="nursery"/>
<exclusive-end id="1299" timestamp="2019-07-02T20:08:30.609" durationms="1.253" />

<exclusive-start id="1300" timestamp="2019-07-02T20:08:30.656" intervalms="47.389">
  <response-info timems="0.010" idlems="0.010" threads="0" lastid="0000000001503700" lastname="main" />
</exclusive-start>
<af-start id="1301" threadId="0000000001504088" totalBytesRequested="3080" timestamp="2019-07-02T20:08:30.656" intervalms="47.328" type="nursery" />
<cycle-start id="1302" type="scavenge" contextid="0" timestamp="2019-07-02T20:08:30.656" intervalms="47.271" />
  <attribute name="GC Util" value="3" />
  <attribute name="CPU Util" value="583333809952" />
  <attribute name="Time Running"value="1165"/>
  <attribute name="Number of cores"value="4"/>
<gc-start id="1303" type="scavenge" contextid="1302" timestamp="2019-07-02T20:08:30.656">
  <mem-info id="1304" free="4956032" total="8519680" percent="58">
    <mem type="nursery" free="0" total="2228224" percent="0">
      <mem type="allocate" free="0" total="1703936" percent="0" />
      <mem type="survivor" free="0" total="524288" percent="0" />
    </mem>
    <mem type="tenure" free="4956032" total="6291456" percent="78">
      <mem type="soa" free="4641664" total="5977088" percent="77" />
      <mem type="loa" free="314368" total="314368" percent="100" />
    </mem>
    <remembered-set count="1099" />
  </mem-info>
</gc-start>
<allocation-stats totalBytes="1392864" >
  <allocated-bytes non-tlh="99560" tlh="1293304" />
  <largest-consumer threadName="main" threadId="0000000001503700" bytes="1392864" />
</allocation-stats>
<gc-op id="1305" type="scavenge" timems="0.457" contextid="1302" timestamp="2019-07-02T20:08:30.656">
  <scavenger-info tenureage="14" tenuremask="4000" tiltratio="76" />
  <memory-copied type="nursery" objects="5535" bytes="418664" bytesdiscarded="105472" />
  <memory-copied type="tenure" objects="345" bytes="47640" bytesdiscarded="104" />
  <copy-failed type="nursery" objects="345" bytes="47640" />
  <references type="soft" candidates="2" cleared="0" enqueued="0" dynamicThreshold="25" maxThreshold="32" />
  <references type="weak" candidates="12" cleared="7" enqueued="7" />
  <references type="phantom" candidates="5" cleared="0" enqueued="0" />
</gc-op>
<gc-end id="1306" type="scavenge" contextid="1302" durationms="0.668" usertimems="0.000" systemtimems="0.000" timestamp="2019-07-02T20:08:30.656" activeThreads="4">
  <mem-info id="1307" free="5792512" total="8519680" percent="67">
    <mem type="nursery" free="917504" total="2228224" percent="41">
      <mem type="allocate" free="917504" total="1441792" percent="63" />
      <mem type="survivor" free="0" total="786432" percent="0" />
    </mem>
    <mem type="tenure" free="4875008" total="6291456" percent="77">
      <mem type="soa" free="4560640" total="5977088" percent="76" />
      <mem type="loa" free="314368" total="314368" percent="100" />
    </mem>
    <pending-finalizers system="0" default="0" reference="7" classloader="0" />
    <remembered-set count="830" />
  </mem-info>
</gc-end>
<cycle-end id="1308" type="scavenge" contextid="1302" timestamp="2019-07-02T20:08:30.657">
  <attribute name="GC Util" value="1" />
  <attribute name="CPU Util" value="390670101598" />
  <attribute name="Time Running"value="1212"/>
  <attribute name="Number of cores"value="4"/>
</cycle-end>
<allocation-satisfied id="1309" threadId="0000000001503700" bytesRequested="3080" />
<af-end id="1310" timestamp="2019-07-02T20:08:30.657" threadId="0000000001504088" success="true" from="nursery"/>
<exclusive-end id="1311" timestamp="2019-07-02T20:08:30.657" durationms="1.105" />

<exclusive-start id="1312" timestamp="2019-07-02T20:08:30.683" intervalms="27.297">
  <response-info timems="0.010" idlems="0.010" threads="0" lastid="0000000001503700" lastname="main" />
</exclusive-start>
<af-start id="1313" threadId="0000000001504088" totalBytesRequested="56" timestamp="2019-07-02T20:08:30.683" intervalms="27.295" type="nursery" />
<cycle-start id="1314" type="scavenge" contextid="0" timestamp="2019-07-02T20:08:30.683" intervalms="27.297" />
  <attribute name="GC Util" value="1" />
  <attribute name="CPU Util" value="390670101598" />
  <attribute name="Time Running"value="1212"/>
  <attribute name="Number of cores"value="4"/>
<gc-start id="1315" type="scavenge" contextid="1314" timestamp="2019-07-02T20:08:30.683">
  <mem-info id="1316" free="4852152" total="8519680" percent="56">
    <mem type="nursery" free="0" total="2228224" percent="0">
      <mem type="allocate" free="0" total="1441792" percent="0" />
      <mem type="survivor" free="0" total="786432" percent="0" />
    </mem>
    <mem type="tenure" free="4852152" total="6291456" percent="77">
      <mem type="soa" free="4537784" total="5977088" percent="75" />
      <mem type="loa" free="314368" total="314368" percent="100" />
    </mem>
    <remembered-set count="1067" />
  </mem-info>
</gc-start>
<allocation-stats totalBytes="938848" >
  <allocated-bytes non-tlh="25936" tlh="912912" />
  <largest-consumer threadName="main" threadId="0000000001503700" bytes="938848" />
</allocation-stats>
<gc-op id="1317" type="scavenge" timems="0.440" contextid="1314" timestamp="2019-07-02T20:08:30.684">
  <scavenger-info tenureage="3" tenuremask="4008" tiltratio="64" />
  <memory-copied type="nursery" objects="3112" bytes="247928" bytesdiscarded="160632" />
  <memory-copied type="tenure" objects="2602" bytes="168592" bytesdiscarded="8" />
  <references type="weak" candidates="1" cleared="1" enqueued="1" />
</gc-op>
<gc-end id="1318" type="scavenge" contextid="1314" durationms="0.642" usertimems="0.000" systemtimems="0.000" timestamp="2019-07-02T20:08:30.684" activeThreads="4">
  <mem-info id="1319" free="5706960" total="8519680" percent="66">
    <mem type="nursery" free="1098680" total="2228224" percent="49">
      <mem type="allocate" free="1098680" total="1507328" percent="72" />
      <mem type="survivor" free="0" total="720896" percent="0" />
    </mem>
    <mem type="tenure" free="4608280" total="6291456" percent="73">
      <mem type="soa" free="4293912" total="5977088" percent="71" />
      <mem type="loa" free="314368" total="314368" percent="100" />
    </mem>
    <pending-finalizers system="0" default="0" reference="1" classloader="0" />
    <remembered-set count="780" />
  </mem-info>
</gc-end>
<cycle-end id="1320" type="scavenge" contextid="1314" timestamp="2019-07-02T20:08:30.684">
  <attribute name="GC Util" value="3" />
  <attribute name="CPU Util" value="675635689300" />
  <attribute name="Time Running"value="1240"/>
  <attribute name="Number of cores"value="4"/>
</cycle-end>
<allocation-satisfied id="1321" threadId="0000000001503700" bytesRequested="56" />
<af-end id="1322" timestamp="2019-07-02T20:08:30.684" threadId="0000000001504088" success="true" from="nursery"/>
<exclusive-end id="1323" timestamp="2019-07-02T20:08:30.684" durationms="1.090" />

<exclusive-start id="1324" timestamp="2019-07-02T20:08:30.990" intervalms="306.810">
  <response-info timems="0.023" idlems="0.023" threads="0" lastid="0000000001503700" lastname="main" />
</exclusive-start>
<af-start id="1325" threadId="0000000001504088" totalBytesRequested="144" timestamp="2019-07-02T20:08:30.990" intervalms="306.822" type="nursery" />
<cycle-start id="1326" type="scavenge" contextid="0" timestamp="2019-07-02T20:08:30.990" intervalms="306.822" />
  <attribute name="GC Util" value="3" />
  <attribute name="CPU Util" value="675635689300" />
  <attribute name="Time Running"value="1240"/>
  <attribute name="Number of cores"value="4"/>
<gc-start id="1327" type="scavenge" contextid="1326" timestamp="2019-07-02T20:08:30.990">
  <mem-info id="1328" free="4589000" total="8519680" percent="53">
    <mem type="nursery" free="0" total="2228224" percent="0">
      <mem type="allocate" free="0" total="1507328" percent="0" />
      <mem type="survivor" free="0" total="720896" percent="0" />
    </mem>
    <mem type="tenure" free="4589000" total="6291456" percent="72">
      <mem type="soa" free="4274632" total="5977088" percent="71" />
      <mem type="loa" free="314368" total="314368" percent="100" />
    </mem>
    <remembered-set count="1082" />
  </mem-info>
</gc-start>
<allocation-stats totalBytes="1116096" >
  <allocated-bytes non-tlh="19336" tlh="1096760" />
  <largest-consumer threadName="main" threadId="0000000001503700" bytes="1116096" />
</allocation-stats>
<gc-op id="1329" type="scavenge" timems="0.615" contextid="1326" timestamp="2019-07-02T20:08:30.991">
  <scavenger-info tenureage="14" tenuremask="4000" tiltratio="67" />
  <memory-copied type="nursery" objects="3137" bytes="253512" bytesdiscarded="46952" />
  <finalization candidates="5" enqueued="0" />
  <references type="soft" candidates="1" cleared="0" enqueued="0" dynamicThreshold="25" maxThreshold="32" />
  <references type="weak" candidates="105" cleared="35" enqueued="24" />
  <references type="phantom" candidates="2" cleared="1" enqueued="1" />
</gc-op>
<gc-end id="1330" type="scavenge" contextid="1326" durationms="0.806" usertimems="0.000" systemtimems="0.000" timestamp="2019-07-02T20:08:30.991" activeThreads="4">
  <mem-info id="1331" free="5861312" total="8519680" percent="68">
    <mem type="nursery" free="1272312" total="2228224" percent="57">
      <mem type="allocate" free="1272312" total="1572864" percent="80" />
      <mem type="survivor" free="0" total="655360" percent="0" />
    </mem>
    <mem type="tenure" free="4589000" total="6291456" percent="72">
      <mem type="soa" free="4274632" total="5977088" percent="71" />
      <mem type="loa" free="314368" total="314368" percent="100" />
    </mem>
    <pending-finalizers system="0" default="0" reference="25" classloader="0" />
    <remembered-set count="743" />
  </mem-info>
</gc-end>
<cycle-end id="1332" type="scavenge" contextid="1326" timestamp="2019-07-02T20:08:30.991">
  <attribute name="GC Util" value="0" />
  <attribute name="CPU Util" value="13" />
  <attribute name="Time Running"value="1546"/>
  <attribute name="Number of cores"value="4"/>
</cycle-end>
<allocation-satisfied id="1333" threadId="0000000001503700" bytesRequested="144" />
<af-end id="1334" timestamp="2019-07-02T20:08:30.991" threadId="0000000001504088" success="true" from="nursery"/>
<exclusive-end id="1335" timestamp="2019-07-02T20:08:30.991" durationms="1.253" />

<exclusive-start id="1336" timestamp="2019-07-02T20:08:31.675" intervalms="685.402">
  <response-info timems="0.068" idlems="0.068" threads="0" lastid="0000000001503700" lastname="main" />
</exclusive-start>
<af-start id="1337" threadId="0000000001504088" totalBytesRequested="1688" timestamp="2019-07-02T20:08:31.675" intervalms="685.505" type="nursery" />
<cycle-start id="1338" type="scavenge" contextid="0" timestamp="2019-07-02T20:08:31.675" intervalms="685.583" />
  <attribute name="GC Util" value="0" />
  <attribute name="CPU Util" value="13" />
  <attribute name="Time Running"value="1546"/>
  <attribute name="Number of cores"value="4"/>
<gc-start id="1339" type="scavenge" contextid="1338" timestamp="2019-07-02T20:08:31.676">
  <mem-info id="1340" free="4589000" total="8519680" percent="53">
    <mem type="nursery" free="0" total="2228224" percent="0">
      <mem type="allocate" free="0" total="1572864" percent="0" />
      <mem type="survivor" free="0" total="655360" percent="0" />
    </mem>
    <mem type="tenure" free="4589000" total="6291456" percent="72">
      <mem type="soa" free="4274632" total="5977088" percent="71" />
      <mem type="loa" free="314368" total="314368" percent="100" />
    </mem>
    <remembered-set count="749" />
  </mem-info>
</gc-start>
<allocation-stats totalBytes="1270816" >
  <allocated-bytes non-tlh="144" tlh="1270672" />
  <largest-consumer threadName="main" threadId="0000000001503700" bytes="1258984" />
</allocation-stats>
<gc-op id="1341" type="scavenge" timems="0.574" contextid="1338" timestamp="2019-07-02T20:08:31.677">
  <scavenger-info tenureage="14" tenuremask="4000" tiltratio="70" />
  <memory-copied type="nursery" objects="7002" bytes="509232" bytesdiscarded="136080" />
  <finalization candidates="5" enqueued="0" />
  <references type="soft" candidates="1" cleared="0" enqueued="0" dynamicThreshold="25" maxThreshold="32" />
  <references type="weak" candidates="70" cleared="0" enqueued="0" />
  <references type="phantom" candidates="1" cleared="0" enqueued="0" />
</gc-op>
<gc-end id="1342" type="scavenge" contextid="1338" durationms="1.018" usertimems="4.000" systemtimems="0.000" timestamp="2019-07-02T20:08:31.677" activeThreads="4">
  <mem-info id="1343" free="5385392" total="8519680" percent="63">
    <mem type="nursery" free="796392" total="2228224" percent="35">
      <mem type="allocate" free="796392" total="1441792" percent="55" />
      <mem type="survivor" free="0" total="786432" percent="0" />
    </mem>
    <mem type="tenure" free="4589000" total="6291456" percent="72">
      <mem type="soa" free="4274632" total="5977088" percent="71" />
      <mem type="loa" free="314368" total="314368" percent="100" />
    </mem>
    <remembered-set count="619" />
  </mem-info>
</gc-end>
<cycle-end id="1344" type="scavenge" contextid="1338" timestamp="2019-07-02T20:08:31.677">
  <attribute name="GC Util" value="0" />
  <attribute name="CPU Util" value="26893368304" />
  <attribute name="Time Running"value="2232"/>
  <attribute name="Number of cores"value="4"/>
</cycle-end>
<allocation-satisfied id="1345" threadId="0000000001503700" bytesRequested="1688" />
<af-end id="1346" timestamp="2019-07-02T20:08:31.677" threadId="0000000001504088" success="true" from="nursery"/>
<exclusive-end id="1347" timestamp="2019-07-02T20:08:31.677" durationms="1.903" />

<exclusive-start id="1348" timestamp="2019-07-02T20:08:31.697" intervalms="21.680">
  <response-info timems="0.031" idlems="0.031" threads="0" lastid="0000000001818000" lastname="PmdThread 2" />
</exclusive-start>
<af-start id="1349" threadId="0000000001818988" totalBytesRequested="760" timestamp="2019-07-02T20:08:31.697" intervalms="21.600" type="nursery" />
<cycle-start id="1350" type="scavenge" contextid="0" timestamp="2019-07-02T20:08:31.697" intervalms="21.532" />
  <attribute name="GC Util" value="0" />
  <attribute name="CPU Util" value="26893368304" />
  <attribute name="Time Running"value="2232"/>
  <attribute name="Number of cores"value="4"/>
<gc-start id="1351" type="scavenge" contextid="1350" timestamp="2019-07-02T20:08:31.697">
  <mem-info id="1352" free="4586128" total="8519680" percent="53">
    <mem type="nursery" free="0" total="2228224" percent="0">
      <mem type="allocate" free="0" total="1441792" percent="0" />
      <mem type="survivor" free="0" total="786432" percent="0" />
    </mem>
    <mem type="tenure" free="4586128" total="6291456" percent="72">
      <mem type="soa" free="4271760" total="5977088" percent="71" />
      <mem type="loa" free="314368" total="314368" percent="100" />
    </mem>
    <remembered-set count="685" />
  </mem-info>
</gc-start>
<allocation-stats totalBytes="797400" >
  <allocated-bytes non-tlh="4560" tlh="792840" />
  <largest-consumer threadName="main" threadId="0000000001503700" bytes="368904" />
</allocation-stats>
<gc-op id="1353" type="scavenge" timems="1.397" contextid="1350" timestamp="2019-07-02T20:08:31.698">
  <scavenger-info tenureage="4" tenuremask="6030" tiltratio="64" />
  <memory-copied type="nursery" objects="9134" bytes="599536" bytesdiscarded="82096" />
  <memory-copied type="tenure" objects="603" bytes="96944" bytesdiscarded="0" />
  <finalization candidates="6" enqueued="0" />
  <ownableSynchronizers candidates="7" cleared="0" />
  <references type="soft" candidates="1" cleared="0" enqueued="0" dynamicThreshold="25" maxThreshold="32" />
  <references type="weak" candidates="411" cleared="188" enqueued="126" />
  <references type="phantom" candidates="3" cleared="0" enqueued="0" />
</gc-op>
<gc-end id="1354" type="scavenge" contextid="1350" durationms="1.736" usertimems="0.000" systemtimems="4.000" timestamp="2019-07-02T20:08:31.699" activeThreads="4">
  <mem-info id="1355" free="5241464" total="8519680" percent="61">
    <mem type="nursery" free="760048" total="2228224" percent="34">
      <mem type="allocate" free="760048" total="1441792" percent="52" />
      <mem type="survivor" free="0" total="786432" percent="0" />
    </mem>
    <mem type="tenure" free="4481416" total="6291456" percent="71">
      <mem type="soa" free="4167048" total="5977088" percent="69" />
      <mem type="loa" free="314368" total="314368" percent="100" />
    </mem>
    <pending-finalizers system="0" default="0" reference="126" classloader="0" />
    <remembered-set count="362" />
  </mem-info>
</gc-end>
<cycle-end id="1356" type="scavenge" contextid="1350" timestamp="2019-07-02T20:08:31.699">
  <attribute name="GC Util" value="6" />
  <attribute name="CPU Util" value="871114536484" />
  <attribute name="Time Running"value="2254"/>
  <attribute name="Number of cores"value="4"/>
</cycle-end>
<allocation-satisfied id="1357" threadId="0000000001818000" bytesRequested="760" />
<af-end id="1358" timestamp="2019-07-02T20:08:31.699" threadId="0000000001818988" success="true" from="nursery"/>
<exclusive-end id="1359" timestamp="2019-07-02T20:08:31.699" durationms="2.203" />

<exclusive-start id="1360" timestamp="2019-07-02T20:08:31.715" intervalms="17.801">
  <response-info timems="0.064" idlems="0.064" threads="0" lastid="0000000001815000" lastname="PmdThread 3" />
</exclusive-start>
<af-start id="1361" threadId="0000000001815988" totalBytesRequested="40" timestamp="2019-07-02T20:08:31.715" intervalms="17.775" type="nursery" />
<cycle-start id="1362" type="scavenge" contextid="0" timestamp="2019-07-02T20:08:31.715" intervalms="17.760" />
  <attribute name="GC Util" value="6" />
  <attribute name="CPU Util" value="871114536484" />
  <attribute name="Time Running"value="2254"/>
  <attribute name="Number of cores"value="4"/>
<gc-start id="1363" type="scavenge" contextid="1362" timestamp="2019-07-02T20:08:31.715">
  <mem-info id="1364" free="4479472" total="8519680" percent="52">
    <mem type="nursery" free="0" total="2228224" percent="0">
      <mem type="allocate" free="0" total="1441792" percent="0" />
      <mem type="survivor" free="0" total="786432" percent="0" />
    </mem>
    <mem type="tenure" free="4479472" total="6291456" percent="71">
      <mem type="soa" free="4165104" total="5977088" percent="69" />
      <mem type="loa" free="314368" total="314368" percent="100" />
    </mem>
    <remembered-set count="391" />
  </mem-info>
</gc-start>
<allocation-stats totalBytes="753264" >
  <allocated-bytes non-tlh="10912" tlh="742352" />
  <largest-consumer threadName="PmdThread 2" threadId="0000000001818000" bytes="416144" />
</allocation-stats>
<gc-op id="1365" type="scavenge" timems="0.824" contextid="1362" timestamp="2019-07-02T20:08:31.716">
  <scavenger-info tenureage="3" tenuremask="7008" tiltratio="64" />
  <memory-copied type="nursery" objects="9824" bytes="625048" bytesdiscarded="63216" />
  <memory-copied type="tenure" objects="1235" bytes="79288" bytesdiscarded="336" />
  <finalization candidates="6" enqueued="0" />
  <ownableSynchronizers candidates="7" cleared="0" />
  <references type="weak" candidates="153" cleared="0" enqueued="0" />
  <references type="phantom" candidates="2" cleared="0" enqueued="0" />
</gc-op>
<gc-end id="1366" type="scavenge" contextid="1362" durationms="1.006" usertimems="0.000" systemtimems="0.000" timestamp="2019-07-02T20:08:31.716" activeThreads="4">
  <mem-info id="1367" free="5179976" total="8519680" percent="60">
    <mem type="nursery" free="819008" total="2228224" percent="36">
      <mem type="allocate" free="819008" total="1507328" percent="54" />
      <mem type="survivor" free="0" total="720896" percent="0" />
    </mem>
    <mem type="tenure" free="4360968" total="6291456" percent="69">
      <mem type="soa" free="4046600" total="5977088" percent="67" />
      <mem type="loa" free="314368" total="314368" percent="100" />
    </mem>
    <remembered-set count="280" />
  </mem-info>
</gc-end>
<cycle-end id="1368" type="scavenge" contextid="1362" timestamp="2019-07-02T20:08:31.716">
  <attribute name="GC Util" value="14" />
  <attribute name="CPU Util" value="1033990322009" />
  <attribute name="Time Running"value="2271"/>
  <attribute name="Number of cores"value="4"/>
</cycle-end>
<allocation-satisfied id="1369" threadId="0000000001815000" bytesRequested="40" />
<af-end id="1370" timestamp="2019-07-02T20:08:31.716" threadId="0000000001815988" success="true" from="nursery"/>
<exclusive-end id="1371" timestamp="2019-07-02T20:08:31.716" durationms="1.418" />

<exclusive-start id="1372" timestamp="2019-07-02T20:08:31.724" intervalms="9.313">
  <response-info timems="1.024" idlems="0.571" threads="1" lastid="0000000001818000" lastname="PmdThread 2" />
</exclusive-start>
<af-start id="1373" threadId="0000000001816488" totalBytesRequested="768" timestamp="2019-07-02T20:08:31.724" intervalms="9.302" type="nursery" />
<cycle-start id="1374" type="scavenge" contextid="0" timestamp="2019-07-02T20:08:31.724" intervalms="9.300" />
  <attribute name="GC Util" value="14" />
  <attribute name="CPU Util" value="1033990322009" />
  <attribute name="Time Running"value="2271"/>
  <attribute name="Number of cores"value="4"/>
<gc-start id="1375" type="scavenge" contextid="1374" timestamp="2019-07-02T20:08:31.724">
  <mem-info id="1376" free="4357672" total="8519680" percent="51">
    <mem type="nursery" free="0" total="2228224" percent="0">
      <mem type="allocate" free="0" total="1507328" percent="0" />
      <mem type="survivor" free="0" total="720896" percent="0" />
    </mem>
    <mem type="tenure" free="4357672" total="6291456" percent="69">
      <mem type="soa" free="4043304" total="5977088" percent="67" />
      <mem type="loa" free="314368" total="314368" percent="100" />
    </mem>
    <remembered-set count="315" />
  </mem-info>
</gc-start>
<allocation-stats totalBytes="818088" >
  <allocated-bytes non-tlh="385272" tlh="432816" />
  <largest-consumer threadName="PmdThread 2" threadId="0000000001818000" bytes="557448" />
</allocation-stats>
<gc-op id="1377" type="scavenge" timems="1.293" contextid="1374" timestamp="2019-07-02T20:08:31.725">
  <scavenger-info tenureage="11" tenuremask="7800" tiltratio="67" />
  <memory-copied type="nursery" objects="9941" bytes="716432" bytesdiscarded="4352" />
  <memory-copied type="tenure" objects="1644" bytes="59176" bytesdiscarded="128" />
  <copy-failed type="nursery" objects="1644" bytes="59176" />
  <finalization candidates="1" enqueued="0" />
  <ownableSynchronizers candidates="7" cleared="0" />
  <references type="weak" candidates="153" cleared="0" enqueued="0" />
  <references type="phantom" candidates="2" cleared="0" enqueued="0" />
</gc-op>
<heap-resize id="1378" type="expand" space="nursery" amount="262144" count="1" timems="0.014" reason="excessive time being spent scavenging" timestamp="2019-07-02T20:08:31.726" />
<gc-end id="1379" type="scavenge" contextid="1374" durationms="1.783" usertimems="0.000" systemtimems="4.000" timestamp="2019-07-02T20:08:31.726" activeThreads="4">
  <mem-info id="1380" free="4846888" total="8781824" percent="55">
    <mem type="nursery" free="589824" total="2490368" percent="23">
      <mem type="allocate" free="589824" total="1310720" percent="45" />
      <mem type="survivor" free="0" total="1179648" percent="0" />
    </mem>
    <mem type="tenure" free="4257064" total="6291456" percent="67">
      <mem type="soa" free="3942696" total="5977088" percent="65" />
      <mem type="loa" free="314368" total="314368" percent="100" />
    </mem>
    <remembered-set count="297" />
  </mem-info>
</gc-end>
<cycle-end id="1381" type="scavenge" contextid="1374" timestamp="2019-07-02T20:08:31.726">
  <attribute name="GC Util" value="20" />
  <attribute name="CPU Util" value="1999228353597" />
  <attribute name="Time Running"value="2281"/>
  <attribute name="Number of cores"value="4"/>
</cycle-end>
<allocation-satisfied id="1382" threadId="0000000001815B00" bytesRequested="768" />
<af-end id="1383" timestamp="2019-07-02T20:08:31.726" threadId="0000000001816488" success="true" from="nursery"/>
<exclusive-end id="1384" timestamp="2019-07-02T20:08:31.726" durationms="2.602" />

<exclusive-start id="1385" timestamp="2019-07-02T20:08:31.732" intervalms="8.226">
  <response-info timems="0.254" idlems="0.129" threads="1" lastid="0000000001818000" lastname="PmdThread 2" />
</exclusive-start>
<af-start id="1386" threadId="0000000001816488" totalBytesRequested="40" timestamp="2019-07-02T20:08:31.732" intervalms="8.222" type="nursery" />
<cycle-start id="1387" type="scavenge" contextid="0" timestamp="2019-07-02T20:08:31.732" intervalms="8.219" />
  <attribute name="GC Util" value="20" />
  <attribute name="CPU Util" value="1999228353597" />
  <attribute name="Time Running"value="2281"/>
  <attribute name="Number of cores"value="4"/>
<gc-start id="1388" type="scavenge" contextid="1387" timestamp="2019-07-02T20:08:31.732">
  <mem-info id="1389" free="4255960" total="8781824" percent="48">
    <mem type="nursery" free="0" total="2490368" percent="0">
      <mem type="allocate" free="0" total="1310720" percent="0" />
      <mem type="survivor" free="0" total="1179648" percent="0" />
    </mem>
    <mem type="tenure" free="4255960" total="6291456" percent="67">
      <mem type="soa" free="3941592" total="5977088" percent="65" />
      <mem type="loa" free="314368" total="314368" percent="100" />
    </mem>
    <remembered-set count="311" />
  </mem-info>
</gc-start>
<allocation-stats totalBytes="584936" >
  <allocated-bytes non-tlh="105768" tlh="479168" />
  <largest-consumer threadName="PmdThread 2" threadId="0000000001818000" bytes="244288" />
</allocation-stats>
<gc-op id="1390" type="scavenge" timems="1.184" contextid="1387" timestamp="2019-07-02T20:08:31.734">
  <scavenger-info tenureage="3" tenuremask="7c08" tiltratio="52" />
  <memory-copied type="nursery" objects="6782" bytes="538080" bytesdiscarded="121904" />
  <memory-copied type="tenure" objects="1920" bytes="163624" bytesdiscarded="128" />
  <finalization candidates="1" enqueued="0" />
  <ownableSynchronizers candidates="7" cleared="0" />
  <references type="phantom" candidates="2" cleared="0" enqueued="0" />
</gc-op>
<heap-resize id="1391" type="expand" space="nursery" amount="262144" count="1" timems="0.012" reason="excessive time being spent scavenging" timestamp="2019-07-02T20:08:31.734" />
<gc-end id="1392" type="scavenge" contextid="1387" durationms="1.597" usertimems="0.000" systemtimems="0.000" timestamp="2019-07-02T20:08:31.734" activeThreads="4">
  <mem-info id="1393" free="5014560" total="9043968" percent="55">
    <mem type="nursery" free="978344" total="2752512" percent="35">
      <mem type="allocate" free="978344" total="1638400" percent="59" />
      <mem type="survivor" free="0" total="1114112" percent="0" />
    </mem>
    <mem type="tenure" free="4036216" total="6291456" percent="64">
      <mem type="soa" free="3721848" total="5977088" percent="62" />
      <mem type="loa" free="314368" total="314368" percent="100" />
    </mem>
    <remembered-set count="323" />
  </mem-info>
</gc-end>
<cycle-end id="1394" type="scavenge" contextid="1387" timestamp="2019-07-02T20:08:31.734">
  <attribute name="GC Util" value="31" />
  <attribute name="CPU Util" value="2241471587141" />
  <attribute name="Time Running"value="2289"/>
  <attribute name="Number of cores"value="4"/>
</cycle-end>
<allocation-satisfied id="1395" threadId="0000000001815B00" bytesRequested="40" />
<af-end id="1396" timestamp="2019-07-02T20:08:31.734" threadId="0000000001816488" success="true" from="nursery"/>
<exclusive-end id="1397" timestamp="2019-07-02T20:08:31.734" durationms="2.043" />

<exclusive-start id="1398" timestamp="2019-07-02T20:08:31.750" intervalms="17.612">
  <response-info timems="0.237" idlems="0.203" threads="1" lastid="0000000001815B00" lastname="PmdThread 4" />
</exclusive-start>
<af-start id="1399" threadId="0000000001815988" totalBytesRequested="120" timestamp="2019-07-02T20:08:31.750" intervalms="17.614" type="nursery" />
<cycle-start id="1400" type="scavenge" contextid="0" timestamp="2019-07-02T20:08:31.750" intervalms="17.610" />
  <attribute name="GC Util" value="31" />
  <attribute name="CPU Util" value="2241471587141" />
  <attribute name="Time Running"value="2289"/>
  <attribute name="Number of cores"value="4"/>
<gc-start id="1401" type="scavenge" contextid="1400" timestamp="2019-07-02T20:08:31.750">
  <mem-info id="1402" free="4031504" total="9043968" percent="44">
    <mem type="nursery" free="0" total="2752512" percent="0">
      <mem type="allocate" free="0" total="1638400" percent="0" />
      <mem type="survivor" free="0" total="1114112" percent="0" />
    </mem>
    <mem type="tenure" free="4031504" total="6291456" percent="64">
      <mem type="soa" free="3717136" total="5977088" percent="62" />
      <mem type="loa" free="314368" total="314368" percent="100" />
    </mem>
    <remembered-set count="433" />
  </mem-info>
</gc-start>
<allocation-stats totalBytes="976448" >
  <allocated-bytes non-tlh="4752" tlh="971696" />
  <largest-consumer threadName="PmdThread 1" threadId="0000000001814400" bytes="309904" />
</allocation-stats>
<gc-op id="1403" type="scavenge" timems="0.655" contextid="1400" timestamp="2019-07-02T20:08:31.751">
  <scavenger-info tenureage="9" tenuremask="7e00" tiltratio="59" />
  <memory-copied type="nursery" objects="13111" bytes="951312" bytesdiscarded="148968" />
  <references type="phantom" candidates="4" cleared="0" enqueued="0" />
</gc-op>
<gc-end id="1404" type="scavenge" contextid="1400" durationms="0.809" usertimems="0.000" systemtimems="0.000" timestamp="2019-07-02T20:08:31.751" activeThreads="4">
  <mem-info id="1405" free="4307392" total="9043968" percent="47">
    <mem type="nursery" free="275888" total="2752512" percent="10">
      <mem type="allocate" free="275888" total="1376256" percent="20" />
      <mem type="survivor" free="0" total="1376256" percent="0" />
    </mem>
    <mem type="tenure" free="4031504" total="6291456" percent="64">
      <mem type="soa" free="3717136" total="5977088" percent="62" />
      <mem type="loa" free="314368" total="314368" percent="100" />
    </mem>
    <remembered-set count="343" />
  </mem-info>
</gc-end>
<cycle-end id="1406" type="scavenge" contextid="1400" timestamp="2019-07-02T20:08:31.751">
  <attribute name="GC Util" value="13" />
  <attribute name="CPU Util" value="1049829255830" />
  <attribute name="Time Running"value="2306"/>
  <attribute name="Number of cores"value="4"/>
</cycle-end>
<allocation-satisfied id="1407" threadId="0000000001815000" bytesRequested="120" />
<af-end id="1408" timestamp="2019-07-02T20:08:31.751" threadId="0000000001815988" success="true" from="nursery"/>
<exclusive-end id="1409" timestamp="2019-07-02T20:08:31.751" durationms="1.178" />

<exclusive-start id="1410" timestamp="2019-07-02T20:08:31.762" intervalms="12.113">
  <response-info timems="0.032" idlems="0.032" threads="0" lastid="0000000001818000" lastname="PmdThread 2" />
</exclusive-start>
<af-start id="1411" threadId="0000000001818988" totalBytesRequested="56" timestamp="2019-07-02T20:08:31.762" intervalms="12.090" type="nursery" />
<cycle-start id="1412" type="scavenge" contextid="0" timestamp="2019-07-02T20:08:31.762" intervalms="12.109" />
  <attribute name="GC Util" value="13" />
  <attribute name="CPU Util" value="1049829255830" />
  <attribute name="Time Running"value="2306"/>
  <attribute name="Number of cores"value="4"/>
<gc-start id="1413" type="scavenge" contextid="1412" timestamp="2019-07-02T20:08:31.762">
  <mem-info id="1414" free="4031504" total="9043968" percent="44">
    <mem type="nursery" free="0" total="2752512" percent="0">
      <mem type="allocate" free="0" total="1376256" percent="0" />
      <mem type="survivor" free="0" total="1376256" percent="0" />
    </mem>
    <mem type="tenure" free="4031504" total="6291456" percent="64">
      <mem type="soa" free="3717136" total="5977088" percent="62" />
      <mem type="loa" free="314368" total="314368" percent="100" />
    </mem>
    <remembered-set count="344" />
  </mem-info>
</gc-start>
<allocation-stats totalBytes="275768" >
  <allocated-bytes non-tlh="120" tlh="275648" />
  <largest-consumer threadName="PmdThread 1" threadId="0000000001814400" bytes="184216" />
</allocation-stats>
<gc-op id="1415" type="scavenge" timems="1.558" contextid="1412" timestamp="2019-07-02T20:08:31.764">
  <scavenger-info tenureage="3" tenuremask="7f18" tiltratio="50" />
  <memory-copied type="nursery" objects="12012" bytes="777896" bytesdiscarded="55184" />
  <memory-copied type="tenure" objects="3477" bytes="261032" bytesdiscarded="408" />
  <references type="phantom" candidates="2" cleared="0" enqueued="0" />
</gc-op>
<gc-end id="1416" type="scavenge" contextid="1412" durationms="1.891" usertimems="4.000" systemtimems="0.000" timestamp="2019-07-02T20:08:31.764" activeThreads="4">
  <mem-info id="1417" free="4338376" total="9043968" percent="47">
    <mem type="nursery" free="608696" total="2752512" percent="22">
      <mem type="allocate" free="608696" total="1441792" percent="42" />
      <mem type="survivor" free="0" total="1310720" percent="0" />
    </mem>
    <mem type="tenure" free="3729680" total="6291456" percent="59">
      <mem type="soa" free="3415312" total="5977088" percent="57" />
      <mem type="loa" free="314368" total="314368" percent="100" />
    </mem>
    <remembered-set count="348" />
  </mem-info>
</gc-end>
<cycle-end id="1418" type="scavenge" contextid="1412" timestamp="2019-07-02T20:08:31.764">
  <attribute name="GC Util" value="14" />
  <attribute name="CPU Util" value="1521924830575" />
  <attribute name="Time Running"value="2319"/>
  <attribute name="Number of cores"value="4"/>
</cycle-end>
<allocation-satisfied id="1419" threadId="0000000001818000" bytesRequested="56" />
<af-end id="1420" timestamp="2019-07-02T20:08:31.764" threadId="0000000001818988" success="true" from="nursery"/>
<exclusive-end id="1421" timestamp="2019-07-02T20:08:31.764" durationms="2.292" />

<exclusive-start id="1422" timestamp="2019-07-02T20:08:31.771" intervalms="8.765">
  <response-info timems="0.070" idlems="0.038" threads="1" lastid="0000000001815B00" lastname="PmdThread 4" />
</exclusive-start>
<af-start id="1423" threadId="0000000001815988" totalBytesRequested="1048" timestamp="2019-07-02T20:08:31.771" intervalms="8.768" type="nursery" />
<cycle-start id="1424" type="scavenge" contextid="0" timestamp="2019-07-02T20:08:31.771" intervalms="8.751" />
  <attribute name="GC Util" value="14" />
  <attribute name="CPU Util" value="1521924830575" />
  <attribute name="Time Running"value="2319"/>
  <attribute name="Number of cores"value="4"/>
<gc-start id="1425" type="scavenge" contextid="1424" timestamp="2019-07-02T20:08:31.771">
  <mem-info id="1426" free="3729680" total="9043968" percent="41">
    <mem type="nursery" free="0" total="2752512" percent="0">
      <mem type="allocate" free="0" total="1441792" percent="0" />
      <mem type="survivor" free="0" total="1310720" percent="0" />
    </mem>
    <mem type="tenure" free="3729680" total="6291456" percent="59">
      <mem type="soa" free="3415312" total="5977088" percent="57" />
      <mem type="loa" free="314368" total="314368" percent="100" />
    </mem>
    <remembered-set count="364" />
  </mem-info>
</gc-start>
<allocation-stats totalBytes="605312" >
  <allocated-bytes non-tlh="56" tlh="605256" />
  <largest-consumer threadName="PmdThread 2" threadId="0000000001818000" bytes="317880" />
</allocation-stats>
<gc-op id="1427" type="scavenge" timems="0.936" contextid="1424" timestamp="2019-07-02T20:08:31.772">
  <scavenger-info tenureage="2" tenuremask="7f8c" tiltratio="52" />
  <memory-copied type="nursery" objects="7618" bytes="348312" bytesdiscarded="171624" />
  <memory-copied type="tenure" objects="9350" bytes="679368" bytesdiscarded="856" />
</gc-op>
<heap-resize id="1428" type="expand" space="nursery" amount="262144" count="1" timems="0.015" reason="excessive time being spent scavenging" timestamp="2019-07-02T20:08:31.772" />
<gc-end id="1429" type="scavenge" contextid="1424" durationms="1.181" usertimems="4.000" systemtimems="0.000" timestamp="2019-07-02T20:08:31.772" activeThreads="4">
  <mem-info id="1430" free="4116968" total="9306112" percent="44">
    <mem type="nursery" free="1118464" total="3014656" percent="37">
      <mem type="allocate" free="1118464" total="1638400" percent="68" />
      <mem type="survivor" free="0" total="1376256" percent="0" />
    </mem>
    <mem type="tenure" free="2998504" total="6291456" percent="47">
      <mem type="soa" free="2684136" total="5977088" percent="44" />
      <mem type="loa" free="314368" total="314368" percent="100" />
    </mem>
    <remembered-set count="218" />
  </mem-info>
</gc-end>
<cycle-end id="1431" type="scavenge" contextid="1424" timestamp="2019-07-02T20:08:31.772">
  <attribute name="GC Util" value="34" />
  <attribute name="CPU Util" value="2098062920825" />
  <attribute name="Time Running"value="2327"/>
  <attribute name="Number of cores"value="4"/>
</cycle-end>
<allocation-satisfied id="1432" threadId="0000000001815000" bytesRequested="1048" />
<af-end id="1433" timestamp="2019-07-02T20:08:31.772" threadId="0000000001815988" success="true" from="nursery"/>
<exclusive-end id="1434" timestamp="2019-07-02T20:08:31.772" durationms="1.519" />

<exclusive-start id="1435" timestamp="2019-07-02T20:08:31.788" intervalms="17.869">
  <response-info timems="0.197" idlems="0.121" threads="2" lastid="000000000150AF00" lastname="JIT Compilation Thread-1" />
</exclusive-start>
<af-start id="1436" threadId="0000000001818988" totalBytesRequested="24" timestamp="2019-07-02T20:08:31.789" intervalms="17.905" type="nursery" />
<cycle-start id="1437" type="scavenge" contextid="0" timestamp="2019-07-02T20:08:31.789" intervalms="17.916" />
  <attribute name="GC Util" value="34" />
  <attribute name="CPU Util" value="2098062920825" />
  <attribute name="Time Running"value="2327"/>
  <attribute name="Number of cores"value="4"/>
<gc-start id="1438" type="scavenge" contextid="1437" timestamp="2019-07-02T20:08:31.789">
  <mem-info id="1439" free="2996752" total="9306112" percent="32">
    <mem type="nursery" free="0" total="3014656" percent="0">
      <mem type="allocate" free="0" total="1638400" percent="0" />
      <mem type="survivor" free="0" total="1376256" percent="0" />
    </mem>
    <mem type="tenure" free="2996752" total="6291456" percent="47">
      <mem type="soa" free="2682384" total="5977088" percent="44" />
      <mem type="loa" free="314368" total="314368" percent="100" />
    </mem>
    <remembered-set count="296" />
  </mem-info>
</gc-start>
<allocation-stats totalBytes="1079528" >
  <allocated-bytes non-tlh="51296" tlh="1028232" />
  <largest-consumer threadName="PmdThread 2" threadId="0000000001818000" bytes="482976" />
</allocation-stats>
<gc-op id="1440" type="scavenge" timems="1.721" contextid="1437" timestamp="2019-07-02T20:08:31.791">
  <scavenger-info tenureage="7" tenuremask="7f80" tiltratio="54" />
  <memory-copied type="nursery" objects="17444" bytes="748688" bytesdiscarded="111752" />
  <references type="weak" candidates="1" cleared="0" enqueued="0" />
  <references type="phantom" candidates="1" cleared="0" enqueued="0" />
</gc-op>
<heap-resize id="1441" type="expand" space="nursery" amount="262144" count="1" timems="0.014" reason="excessive time being spent scavenging" timestamp="2019-07-02T20:08:31.791" />
<gc-end id="1442" type="scavenge" contextid="1437" durationms="2.210" usertimems="0.000" systemtimems="0.000" timestamp="2019-07-02T20:08:31.791" activeThreads="4">
  <mem-info id="1443" free="4036856" total="9568256" percent="42">
    <mem type="nursery" free="1040104" total="3276800" percent="31">
      <mem type="allocate" free="1040104" total="1900544" percent="54" />
      <mem type="survivor" free="0" total="1376256" percent="0" />
    </mem>
    <mem type="tenure" free="2996752" total="6291456" percent="47">
      <mem type="soa" free="2682384" total="5977088" percent="44" />
      <mem type="loa" free="314368" total="314368" percent="100" />
    </mem>
    <remembered-set count="268" />
  </mem-info>
</gc-end>
<cycle-end id="1444" type="scavenge" contextid="1437" timestamp="2019-07-02T20:08:31.791">
  <attribute name="GC Util" value="12" />
  <attribute name="CPU Util" value="1029714319776" />
  <attribute name="Time Running"value="2345"/>
  <attribute name="Number of cores"value="4"/>
</cycle-end>
<allocation-satisfied id="1445" threadId="0000000001818000" bytesRequested="24" />
<af-end id="1446" timestamp="2019-07-02T20:08:31.791" threadId="0000000001818988" success="true" from="nursery"/>
<exclusive-end id="1447" timestamp="2019-07-02T20:08:31.791" durationms="2.942" />

<exclusive-start id="1448" timestamp="2019-07-02T20:08:31.825" intervalms="36.261">
  <response-info timems="0.066" idlems="0.030" threads="3" lastid="000000000150EB00" lastname="JIT Compilation Thread-2" />
</exclusive-start>
<af-start id="1449" threadId="0000000001818988" totalBytesRequested="24" timestamp="2019-07-02T20:08:31.825" intervalms="36.279" type="nursery" />
<cycle-start id="1450" type="scavenge" contextid="0" timestamp="2019-07-02T20:08:31.825" intervalms="36.277" />
  <attribute name="GC Util" value="12" />
  <attribute name="CPU Util" value="1029714319776" />
  <attribute name="Time Running"value="2345"/>
  <attribute name="Number of cores"value="4"/>
<gc-start id="1451" type="scavenge" contextid="1450" timestamp="2019-07-02T20:08:31.825">
  <mem-info id="1452" free="2987504" total="9568256" percent="31">
    <mem type="nursery" free="0" total="3276800" percent="0">
      <mem type="allocate" free="0" total="1900544" percent="0" />
      <mem type="survivor" free="0" total="1376256" percent="0" />
    </mem>
    <mem type="tenure" free="2987504" total="6291456" percent="47">
      <mem type="soa" free="2673136" total="5977088" percent="44" />
      <mem type="loa" free="314368" total="314368" percent="100" />
    </mem>
    <remembered-set count="591" />
  </mem-info>
</gc-start>
<allocation-stats totalBytes="1047200" >
  <allocated-bytes non-tlh="31912" tlh="1015288" />
  <largest-consumer threadName="PmdThread 3" threadId="0000000001815000" bytes="318744" />
</allocation-stats>
<gc-op id="1453" type="scavenge" timems="1.958" contextid="1450" timestamp="2019-07-02T20:08:31.827">
  <scavenger-info tenureage="6" tenuremask="7fc0" tiltratio="58" />
  <memory-copied type="nursery" objects="22027" bytes="914160" bytesdiscarded="108016" />
  <finalization candidates="2" enqueued="1" />
  <references type="soft" candidates="4" cleared="0" enqueued="0" dynamicThreshold="25" maxThreshold="32" />
  <references type="weak" candidates="23" cleared="7" enqueued="7" />
  <references type="phantom" candidates="10" cleared="4" enqueued="4" />
</gc-op>
<gc-end id="1454" type="scavenge" contextid="1450" durationms="2.333" usertimems="4.000" systemtimems="0.000" timestamp="2019-07-02T20:08:31.827" activeThreads="4">
  <mem-info id="1455" free="4062416" total="9568256" percent="42">
    <mem type="nursery" free="1074912" total="3276800" percent="32">
      <mem type="allocate" free="1074912" total="2097152" percent="51" />
      <mem type="survivor" free="0" total="1179648" percent="0" />
    </mem>
    <mem type="tenure" free="2987504" total="6291456" percent="47">
      <mem type="soa" free="2673136" total="5977088" percent="44" />
      <mem type="loa" free="314368" total="314368" percent="100" />
    </mem>
    <pending-finalizers system="1" default="0" reference="11" classloader="0" />
    <remembered-set count="560" />
  </mem-info>
</gc-end>
<cycle-end id="1456" type="scavenge" contextid="1450" timestamp="2019-07-02T20:08:31.827">
  <attribute name="GC Util" value="7" />
  <attribute name="CPU Util" value="80" />
  <attribute name="Time Running"value="2382"/>
  <attribute name="Number of cores"value="4"/>
</cycle-end>
<allocation-satisfied id="1457" threadId="0000000001818000" bytesRequested="24" />
<af-end id="1458" timestamp="2019-07-02T20:08:31.828" threadId="0000000001818988" success="true" from="nursery"/>
<exclusive-end id="1459" timestamp="2019-07-02T20:08:31.828" durationms="3.032" />

<exclusive-start id="1460" timestamp="2019-07-02T20:08:31.850" intervalms="25.500">
  <response-info timems="0.264" idlems="0.095" threads="4" lastid="0000000001507300" lastname="JIT Compilation Thread-0" />
</exclusive-start>
<af-start id="1461" threadId="0000000001818988" totalBytesRequested="27656" timestamp="2019-07-02T20:08:31.850" intervalms="25.457" type="nursery" />
<cycle-start id="1462" type="scavenge" contextid="0" timestamp="2019-07-02T20:08:31.850" intervalms="25.451" />
  <attribute name="GC Util" value="7" />
  <attribute name="CPU Util" value="80" />
  <attribute name="Time Running"value="2382"/>
  <attribute name="Number of cores"value="4"/>
<gc-start id="1463" type="scavenge" contextid="1462" timestamp="2019-07-02T20:08:31.850">
  <mem-info id="1464" free="2976144" total="9568256" percent="31">
    <mem type="nursery" free="0" total="3276800" percent="0">
      <mem type="allocate" free="0" total="2097152" percent="0" />
      <mem type="survivor" free="0" total="1179648" percent="0" />
    </mem>
    <mem type="tenure" free="2976144" total="6291456" percent="47">
      <mem type="soa" free="2661776" total="5977088" percent="44" />
      <mem type="loa" free="314368" total="314368" percent="100" />
    </mem>
    <remembered-set count="783" />
  </mem-info>
</gc-start>
<allocation-stats totalBytes="1075600" >
  <allocated-bytes non-tlh="11384" tlh="1064216" />
  <largest-consumer threadName="PmdThread 2" threadId="0000000001818000" bytes="336536" />
</allocation-stats>
<gc-op id="1465" type="scavenge" timems="2.137" contextid="1462" timestamp="2019-07-02T20:08:31.853">
  <scavenger-info tenureage="3" tenuremask="7fe8" tiltratio="64" />
  <memory-copied type="nursery" objects="18278" bytes="714040" bytesdiscarded="121824" />
  <memory-copied type="tenure" objects="4967" bytes="253176" bytesdiscarded="232" />
  <finalization candidates="1" enqueued="0" />
  <references type="soft" candidates="7" cleared="0" enqueued="0" dynamicThreshold="25" maxThreshold="32" />
  <references type="weak" candidates="61" cleared="21" enqueued="16" />
  <references type="phantom" candidates="7" cleared="0" enqueued="0" />
</gc-op>
<heap-resize id="1466" type="expand" space="nursery" amount="262144" count="1" timems="0.014" reason="excessive time being spent scavenging" timestamp="2019-07-02T20:08:31.853" />
<gc-end id="1467" type="scavenge" contextid="1462" durationms="2.588" usertimems="4.000" systemtimems="0.000" timestamp="2019-07-02T20:08:31.853" activeThreads="4">
  <mem-info id="1468" free="4172424" total="9830400" percent="42">
    <mem type="nursery" free="1392120" total="3538944" percent="39">
      <mem type="allocate" free="1392120" total="2228224" percent="62" />
      <mem type="survivor" free="0" total="1310720" percent="0" />
    </mem>
    <mem type="tenure" free="2780304" total="6291456" percent="44">
      <mem type="soa" free="2465936" total="5977088" percent="41" />
      <mem type="loa" free="314368" total="314368" percent="100" />
    </mem>
    <pending-finalizers system="0" default="0" reference="16" classloader="0" />
    <remembered-set count="1012" />
  </mem-info>
</gc-end>
<cycle-end id="1469" type="scavenge" contextid="1462" timestamp="2019-07-02T20:08:31.853">
  <attribute name="GC Util" value="13" />
  <attribute name="CPU Util" value="22" />
  <attribute name="Time Running"value="2407"/>
  <attribute name="Number of cores"value="4"/>
</cycle-end>
<allocation-satisfied id="1470" threadId="0000000001818000" bytesRequested="27656" />
<af-end id="1471" timestamp="2019-07-02T20:08:31.853" threadId="0000000001818988" success="true" from="nursery"/>
<exclusive-end id="1472" timestamp="2019-07-02T20:08:31.853" durationms="3.178" />

<exclusive-start id="1473" timestamp="2019-07-02T20:08:31.863" intervalms="12.912">
  <response-info timems="0.148" idlems="0.084" threads="4" lastid="000000000150AF00" lastname="JIT Compilation Thread-1" />
</exclusive-start>
<af-start id="1474" threadId="0000000001816488" totalBytesRequested="40" timestamp="2019-07-02T20:08:31.863" intervalms="12.946" type="nursery" />
<cycle-start id="1475" type="scavenge" contextid="0" timestamp="2019-07-02T20:08:31.863" intervalms="12.964" />
  <attribute name="GC Util" value="13" />
  <attribute name="CPU Util" value="22" />
  <attribute name="Time Running"value="2407"/>
  <attribute name="Number of cores"value="4"/>
<gc-start id="1476" type="scavenge" contextid="1475" timestamp="2019-07-02T20:08:31.863">
  <mem-info id="1477" free="2727752" total="9830400" percent="27">
    <mem type="nursery" free="0" total="3538944" percent="0">
      <mem type="allocate" free="0" total="2228224" percent="0" />
      <mem type="survivor" free="0" total="1310720" percent="0" />
    </mem>
    <mem type="tenure" free="2727752" total="6291456" percent="43">
      <mem type="soa" free="2413384" total="5977088" percent="40" />
      <mem type="loa" free="314368" total="314368" percent="100" />
    </mem>
    <remembered-set count="1907" />
  </mem-info>
</gc-start>
<allocation-stats totalBytes="1443360" >
  <allocated-bytes non-tlh="107864" tlh="1335496" />
  <largest-consumer threadName="PmdThread 2" threadId="0000000001818000" bytes="900776" />
</allocation-stats>
<gc-op id="1478" type="scavenge" timems="1.712" contextid="1475" timestamp="2019-07-02T20:08:31.865">
  <scavenger-info tenureage="3" tenuremask="7ff8" tiltratio="62" />
  <memory-copied type="nursery" objects="10838" bytes="440072" bytesdiscarded="132056" />
  <memory-copied type="tenure" objects="11923" bytes="473608" bytesdiscarded="160" />
  <finalization candidates="1" enqueued="0" />
  <references type="soft" candidates="33" cleared="0" enqueued="0" dynamicThreshold="25" maxThreshold="32" />
  <references type="weak" candidates="151" cleared="58" enqueued="49" />
  <references type="phantom" candidates="8" cleared="1" enqueued="1" />
</gc-op>
<gc-end id="1479" type="scavenge" contextid="1475" durationms="1.878" usertimems="0.000" systemtimems="4.000" timestamp="2019-07-02T20:08:31.865" activeThreads="4">
  <mem-info id="1480" free="4250392" total="9830400" percent="43">
    <mem type="nursery" free="1852384" total="3538944" percent="52">
      <mem type="allocate" free="1852384" total="2424832" percent="76" />
      <mem type="survivor" free="0" total="1114112" percent="0" />
    </mem>
    <mem type="tenure" free="2398008" total="6291456" percent="38">
      <mem type="soa" free="2083640" total="5977088" percent="34" />
      <mem type="loa" free="314368" total="314368" percent="100" />
    </mem>
    <pending-finalizers system="0" default="0" reference="50" classloader="0" />
    <remembered-set count="2328" />
  </mem-info>
</gc-end>
<cycle-end id="1481" type="scavenge" contextid="1475" timestamp="2019-07-02T20:08:31.865">
  <attribute name="GC Util" value="29" />
  <attribute name="CPU Util" value="1420376543134" />
  <attribute name="Time Running"value="2420"/>
  <attribute name="Number of cores"value="4"/>
</cycle-end>
<allocation-satisfied id="1482" threadId="0000000001815B00" bytesRequested="40" />
<af-end id="1483" timestamp="2019-07-02T20:08:31.865" threadId="0000000001816488" success="true" from="nursery"/>
<exclusive-end id="1484" timestamp="2019-07-02T20:08:31.866" durationms="2.383" />

<exclusive-start id="1485" timestamp="2019-07-02T20:08:31.870" intervalms="6.950">
  <response-info timems="0.035" idlems="0.035" threads="0" lastid="0000000001818000" lastname="PmdThread 2" />
</exclusive-start>
<af-start id="1486" threadId="0000000001818988" totalBytesRequested="576" timestamp="2019-07-02T20:08:31.870" intervalms="6.933" type="nursery" />
<cycle-start id="1487" type="scavenge" contextid="0" timestamp="2019-07-02T20:08:31.870" intervalms="6.923" />
  <attribute name="GC Util" value="29" />
  <attribute name="CPU Util" value="1420376543134" />
  <attribute name="Time Running"value="2420"/>
  <attribute name="Number of cores"value="4"/>
<gc-start id="1488" type="scavenge" contextid="1487" timestamp="2019-07-02T20:08:31.870">
  <mem-info id="1489" free="2396944" total="9830400" percent="24">
    <mem type="nursery" free="0" total="3538944" percent="0">
      <mem type="allocate" free="0" total="2424832" percent="0" />
      <mem type="survivor" free="0" total="1114112" percent="0" />
    </mem>
    <mem type="tenure" free="2396944" total="6291456" percent="38">
      <mem type="soa" free="2082576" total="5977088" percent="34" />
      <mem type="loa" free="314368" total="314368" percent="100" />
    </mem>
    <remembered-set count="2355" />
  </mem-info>
</gc-start>
<allocation-stats totalBytes="1851664" >
  <allocated-bytes non-tlh="1104" tlh="1850560" />
  <largest-consumer threadName="PmdThread 2" threadId="0000000001818000" bytes="1440168" />
</allocation-stats>
<gc-op id="1490" type="scavenge" timems="1.505" contextid="1487" timestamp="2019-07-02T20:08:31.872">
  <scavenger-info tenureage="3" tenuremask="7ff8" tiltratio="68" />
  <memory-copied type="nursery" objects="8482" bytes="351736" bytesdiscarded="69424" />
  <memory-copied type="tenure" objects="4721" bytes="152368" bytesdiscarded="24" />
  <finalization candidates="1" enqueued="0" />
  <references type="soft" candidates="29" cleared="0" enqueued="0" dynamicThreshold="25" maxThreshold="32" />
  <references type="weak" candidates="207" cleared="132" enqueued="132" />
  <references type="phantom" candidates="1" cleared="0" enqueued="0" />
</gc-op>
<heap-resize id="1491" type="expand" space="nursery" amount="393216" count="1" timems="0.013" reason="excessive time being spent scavenging" timestamp="2019-07-02T20:08:31.872" />
<gc-end id="1492" type="scavenge" contextid="1487" durationms="1.921" usertimems="0.000" systemtimems="4.000" timestamp="2019-07-02T20:08:31.872" activeThreads="4">
  <mem-info id="1493" free="4606200" total="10223616" percent="45">
    <mem type="nursery" free="2396648" total="3932160" percent="60">
      <mem type="allocate" free="2396648" total="2818048" percent="85" />
      <mem type="survivor" free="0" total="1114112" percent="0" />
    </mem>
    <mem type="tenure" free="2209552" total="6291456" percent="35">
      <mem type="soa" free="1895184" total="5977088" percent="31" />
      <mem type="loa" free="314368" total="314368" percent="100" />
    </mem>
    <pending-finalizers system="0" default="0" reference="132" classloader="0" />
    <remembered-set count="1553" />
  </mem-info>
</gc-end>
<cycle-end id="1494" type="scavenge" contextid="1487" timestamp="2019-07-02T20:08:31.872">
  <attribute name="GC Util" value="41" />
  <attribute name="CPU Util" value="2676909124388" />
  <attribute name="Time Running"value="2427"/>
  <attribute name="Number of cores"value="4"/>
</cycle-end>
<allocation-satisfied id="1495" threadId="0000000001818000" bytesRequested="576" />
<af-end id="1496" timestamp="2019-07-02T20:08:31.872" threadId="0000000001818988" success="true" from="nursery"/>
<exclusive-end id="1497" timestamp="2019-07-02T20:08:31.872" durationms="2.351" />

<exclusive-start id="1498" timestamp="2019-07-02T20:08:31.884" intervalms="13.886">
  <response-info timems="0.243" idlems="0.131" threads="1" lastid="0000000001815000" lastname="PmdThread 3" />
</exclusive-start>
<af-start id="1499" threadId="0000000001818988" totalBytesRequested="16" timestamp="2019-07-02T20:08:31.884" intervalms="13.872" type="nursery" />
<cycle-start id="1500" type="scavenge" contextid="0" timestamp="2019-07-02T20:08:31.884" intervalms="13.864" />
  <attribute name="GC Util" value="41" />
  <attribute name="CPU Util" value="2676909124388" />
  <attribute name="Time Running"value="2427"/>
  <attribute name="Number of cores"value="4"/>
<gc-start id="1501" type="scavenge" contextid="1500" timestamp="2019-07-02T20:08:31.884">
  <mem-info id="1502" free="2206392" total="10223616" percent="21">
    <mem type="nursery" free="0" total="3932160" percent="0">
      <mem type="allocate" free="0" total="2818048" percent="0" />
      <mem type="survivor" free="0" total="1114112" percent="0" />
    </mem>
    <mem type="tenure" free="2206392" total="6291456" percent="35">
      <mem type="soa" free="1892024" total="5977088" percent="31" />
      <mem type="loa" free="314368" total="314368" percent="100" />
    </mem>
    <remembered-set count="1613" />
  </mem-info>
</gc-start>
<allocation-stats totalBytes="2395920" >
  <allocated-bytes non-tlh="3736" tlh="2392184" />
  <largest-consumer threadName="PmdThread 2" threadId="0000000001818000" bytes="1973008" />
</allocation-stats>
<gc-op id="1503" type="scavenge" timems="1.054" contextid="1500" timestamp="2019-07-02T20:08:31.885">
  <scavenger-info tenureage="4" tenuremask="7ff0" tiltratio="71" />
  <memory-copied type="nursery" objects="10348" bytes="417760" bytesdiscarded="37088" />
  <references type="soft" candidates="29" cleared="0" enqueued="0" dynamicThreshold="25" maxThreshold="32" />
  <references type="weak" candidates="261" cleared="185" enqueued="185" />
</gc-op>
<gc-end id="1504" type="scavenge" contextid="1500" durationms="1.379" usertimems="0.000" systemtimems="0.000" timestamp="2019-07-02T20:08:31.886" activeThreads="4">
  <mem-info id="1505" free="4765856" total="10223616" percent="46">
    <mem type="nursery" free="2559464" total="3932160" percent="65">
      <mem type="allocate" free="2559464" total="3014656" percent="84" />
      <mem type="survivor" free="0" total="917504" percent="0" />
    </mem>
    <mem type="tenure" free="2206392" total="6291456" percent="35">
      <mem type="soa" free="1892024" total="5977088" percent="31" />
      <mem type="loa" free="314368" total="314368" percent="100" />
    </mem>
    <pending-finalizers system="0" default="0" reference="185" classloader="0" />
    <remembered-set count="804" />
  </mem-info>
</gc-end>
<cycle-end id="1506" type="scavenge" contextid="1500" timestamp="2019-07-02T20:08:31.886">
  <attribute name="GC Util" value="19" />
  <attribute name="CPU Util" value="1333277251240" />
  <attribute name="Time Running"value="2441"/>
  <attribute name="Number of cores"value="4"/>
</cycle-end>
<allocation-satisfied id="1507" threadId="0000000001818000" bytesRequested="16" />
<af-end id="1508" timestamp="2019-07-02T20:08:31.886" threadId="0000000001818988" success="true" from="nursery"/>
<exclusive-end id="1509" timestamp="2019-07-02T20:08:31.886" durationms="2.000" />

<exclusive-start id="1510" timestamp="2019-07-02T20:08:31.914" intervalms="29.755">
  <response-info timems="0.030" idlems="0.030" threads="0" lastid="0000000001818000" lastname="PmdThread 2" />
</exclusive-start>
<af-start id="1511" threadId="0000000001818988" totalBytesRequested="24" timestamp="2019-07-02T20:08:31.914" intervalms="29.781" type="nursery" />
<cycle-start id="1512" type="scavenge" contextid="0" timestamp="2019-07-02T20:08:31.914" intervalms="29.804" />
  <attribute name="GC Util" value="19" />
  <attribute name="CPU Util" value="1333277251240" />
  <attribute name="Time Running"value="2441"/>
  <attribute name="Number of cores"value="4"/>
<gc-start id="1513" type="scavenge" contextid="1512" timestamp="2019-07-02T20:08:31.914">
  <mem-info id="1514" free="2188864" total="10223616" percent="21">
    <mem type="nursery" free="0" total="3932160" percent="0">
      <mem type="allocate" free="0" total="3014656" percent="0" />
      <mem type="survivor" free="0" total="917504" percent="0" />
    </mem>
    <mem type="tenure" free="2188864" total="6291456" percent="34">
      <mem type="soa" free="1874496" total="5977088" percent="31" />
      <mem type="loa" free="314368" total="314368" percent="100" />
    </mem>
    <remembered-set count="1065" />
  </mem-info>
</gc-start>
<allocation-stats totalBytes="2570520" >
  <allocated-bytes non-tlh="17544" tlh="2552976" />
  <largest-consumer threadName="PmdThread 2" threadId="0000000001818000" bytes="1648016" />
</allocation-stats>
<gc-op id="1515" type="scavenge" timems="1.145" contextid="1512" timestamp="2019-07-02T20:08:31.915">
  <scavenger-info tenureage="4" tenuremask="7ff0" tiltratio="76" />
  <memory-copied type="nursery" objects="10222" bytes="408040" bytesdiscarded="21552" />
  <memory-copied type="tenure" objects="1414" bytes="48616" bytesdiscarded="0" />
  <references type="soft" candidates="26" cleared="0" enqueued="0" dynamicThreshold="25" maxThreshold="32" />
  <references type="weak" candidates="209" cleared="157" enqueued="157" />
</gc-op>
<gc-end id="1516" type="scavenge" contextid="1512" durationms="1.517" usertimems="4.000" systemtimems="0.000" timestamp="2019-07-02T20:08:31.915" activeThreads="4">
  <mem-info id="1517" free="4904744" total="10223616" percent="47">
    <mem type="nursery" free="2715880" total="3932160" percent="69">
      <mem type="allocate" free="2715880" total="3145728" percent="86" />
      <mem type="survivor" free="0" total="786432" percent="0" />
    </mem>
    <mem type="tenure" free="2188864" total="6291456" percent="34">
      <mem type="soa" free="1874496" total="5977088" percent="31" />
      <mem type="loa" free="314368" total="314368" percent="100" />
    </mem>
    <pending-finalizers system="0" default="0" reference="157" classloader="0" />
    <remembered-set count="518" />
  </mem-info>
</gc-end>
<cycle-end id="1518" type="scavenge" contextid="1512" timestamp="2019-07-02T20:08:31.916">
  <attribute name="GC Util" value="7" />
  <attribute name="CPU Util" value="617852134117" />
  <attribute name="Time Running"value="2471"/>
  <attribute name="Number of cores"value="4"/>
</cycle-end>
<allocation-satisfied id="1519" threadId="0000000001818000" bytesRequested="24" />
<af-end id="1520" timestamp="2019-07-02T20:08:31.916" threadId="0000000001818988" success="true" from="nursery"/>
<exclusive-end id="1521" timestamp="2019-07-02T20:08:31.916" durationms="1.975" />

<exclusive-start id="1522" timestamp="2019-07-02T20:08:31.945" intervalms="31.376">
  <response-info timems="0.078" idlems="0.078" threads="0" lastid="0000000001815B00" lastname="PmdThread 4" />
</exclusive-start>
<af-start id="1523" threadId="0000000001816488" totalBytesRequested="136" timestamp="2019-07-02T20:08:31.945" intervalms="31.394" type="nursery" />
<cycle-start id="1524" type="scavenge" contextid="0" timestamp="2019-07-02T20:08:31.945" intervalms="31.404" />
  <attribute name="GC Util" value="7" />
  <attribute name="CPU Util" value="617852134117" />
  <attribute name="Time Running"value="2471"/>
  <attribute name="Number of cores"value="4"/>
<gc-start id="1525" type="scavenge" contextid="1524" timestamp="2019-07-02T20:08:31.945">
  <mem-info id="1526" free="2185488" total="10223616" percent="21">
    <mem type="nursery" free="0" total="3932160" percent="0">
      <mem type="allocate" free="0" total="3145728" percent="0" />
      <mem type="survivor" free="0" total="786432" percent="0" />
    </mem>
    <mem type="tenure" free="2185488" total="6291456" percent="34">
      <mem type="soa" free="1871120" total="5977088" percent="31" />
      <mem type="loa" free="314368" total="314368" percent="100" />
    </mem>
    <remembered-set count="695" />
  </mem-info>
</gc-start>
<allocation-stats totalBytes="2716416" >
  <allocated-bytes non-tlh="3400" tlh="2713016" />
  <largest-consumer threadName="PmdThread 4" threadId="0000000001815B00" bytes="1592888" />
</allocation-stats>
<gc-op id="1527" type="scavenge" timems="1.241" contextid="1524" timestamp="2019-07-02T20:08:31.947">
  <scavenger-info tenureage="4" tenuremask="7ff0" tiltratio="80" />
  <memory-copied type="nursery" objects="14429" bytes="457440" bytesdiscarded="129096" />
  <memory-copied type="tenure" objects="4359" bytes="190664" bytesdiscarded="128" />
  <references type="weak" candidates="26" cleared="22" enqueued="22" />
  <references type="phantom" candidates="1" cleared="1" enqueued="1" />
</gc-op>
<gc-end id="1528" type="scavenge" contextid="1524" durationms="1.408" usertimems="0.000" systemtimems="0.000" timestamp="2019-07-02T20:08:31.947" activeThreads="4">
  <mem-info id="1529" free="4515064" total="10223616" percent="44">
    <mem type="nursery" free="2558208" total="3932160" percent="65">
      <mem type="allocate" free="2558208" total="3145728" percent="81" />
      <mem type="survivor" free="0" total="786432" percent="0" />
    </mem>
    <mem type="tenure" free="1956856" total="6291456" percent="31">
      <mem type="soa" free="1642488" total="5977088" percent="27" />
      <mem type="loa" free="314368" total="314368" percent="100" />
    </mem>
    <pending-finalizers system="0" default="0" reference="23" classloader="0" />
    <remembered-set count="639" />
  </mem-info>
</gc-end>
<cycle-end id="1530" type="scavenge" contextid="1524" timestamp="2019-07-02T20:08:31.947">
  <attribute name="GC Util" value="7" />
  <attribute name="CPU Util" value="69" />
  <attribute name="Time Running"value="2502"/>
  <attribute name="Number of cores"value="4"/>
</cycle-end>
<allocation-satisfied id="1531" threadId="0000000001815B00" bytesRequested="136" />
<af-end id="1532" timestamp="2019-07-02T20:08:31.947" threadId="0000000001816488" success="true" from="nursery"/>
<exclusive-end id="1533" timestamp="2019-07-02T20:08:31.947" durationms="1.927" />

<exclusive-start id="1534" timestamp="2019-07-02T20:08:31.966" intervalms="20.980">
  <response-info timems="1.483" idlems="0.766" threads="1" lastid="0000000001815000" lastname="PmdThread 3" />
</exclusive-start>
<af-start id="1535" threadId="0000000001818988" totalBytesRequested="88" timestamp="2019-07-02T20:08:31.966" intervalms="20.996" type="nursery" />
<cycle-start id="1536" type="scavenge" contextid="0" timestamp="2019-07-02T20:08:31.966" intervalms="21.028" />
  <attribute name="GC Util" value="7" />
  <attribute name="CPU Util" value="69" />
  <attribute name="Time Running"value="2502"/>
  <attribute name="Number of cores"value="4"/>
<gc-start id="1537" type="scavenge" contextid="1536" timestamp="2019-07-02T20:08:31.966">
  <mem-info id="1538" free="1939352" total="10223616" percent="18">
    <mem type="nursery" free="0" total="3932160" percent="0">
      <mem type="allocate" free="0" total="3145728" percent="0" />
      <mem type="survivor" free="0" total="786432" percent="0" />
    </mem>
    <mem type="tenure" free="1939352" total="6291456" percent="30">
      <mem type="soa" free="1624984" total="5977088" percent="27" />
      <mem type="loa" free="314368" total="314368" percent="100" />
    </mem>
    <remembered-set count="1015" />
  </mem-info>
</gc-start>
<allocation-stats totalBytes="2572936" >
  <allocated-bytes non-tlh="17640" tlh="2555296" />
  <largest-consumer threadName="PmdThread 2" threadId="0000000001818000" bytes="837776" />
</allocation-stats>
<gc-op id="1539" type="scavenge" timems="2.085" contextid="1536" timestamp="2019-07-02T20:08:31.969">
  <scavenger-info tenureage="4" tenuremask="7ff0" tiltratio="80" />
  <memory-copied type="nursery" objects="24676" bytes="710848" bytesdiscarded="63912" />
  <memory-copied type="tenure" objects="2130" bytes="85056" bytesdiscarded="16" />
  <references type="soft" candidates="92" cleared="0" enqueued="0" dynamicThreshold="25" maxThreshold="32" />
  <references type="weak" candidates="7" cleared="3" enqueued="3" />
</gc-op>
<heap-resize id="1540" type="expand" space="nursery" amount="262144" count="1" timems="0.013" reason="excessive time being spent scavenging" timestamp="2019-07-02T20:08:31.969" />
<gc-end id="1541" type="scavenge" contextid="1536" durationms="2.888" usertimems="4.000" systemtimems="0.000" timestamp="2019-07-02T20:08:31.969" activeThreads="4">
  <mem-info id="1542" free="4230408" total="10485760" percent="40">
    <mem type="nursery" free="2369392" total="4194304" percent="56">
      <mem type="allocate" free="2369392" total="3145728" percent="75" />
      <mem type="survivor" free="0" total="1048576" percent="0" />
    </mem>
    <mem type="tenure" free="1861016" total="6291456" percent="29">
      <mem type="soa" free="1546648" total="5977088" percent="25" />
      <mem type="loa" free="314368" total="314368" percent="100" />
    </mem>
    <pending-finalizers system="0" default="0" reference="3" classloader="0" />
    <remembered-set count="1005" />
  </mem-info>
</gc-end>
<cycle-end id="1543" type="scavenge" contextid="1536" timestamp="2019-07-02T20:08:31.970">
  <attribute name="GC Util" value="11" />
  <attribute name="CPU Util" value="868305708602" />
  <attribute name="Time Running"value="2523"/>
  <attribute name="Number of cores"value="4"/>
</cycle-end>
<allocation-satisfied id="1544" threadId="0000000001818000" bytesRequested="88" />
<af-end id="1545" timestamp="2019-07-02T20:08:31.970" threadId="0000000001818988" success="true" from="nursery"/>
<exclusive-end id="1546" timestamp="2019-07-02T20:08:31.970" durationms="3.764" />

<exclusive-start id="1547" timestamp="2019-07-02T20:08:31.992" intervalms="25.636">
  <response-info timems="0.053" idlems="0.053" threads="0" lastid="0000000001815B00" lastname="PmdThread 4" />
</exclusive-start>
<af-start id="1548" threadId="0000000001816488" totalBytesRequested="24" timestamp="2019-07-02T20:08:31.992" intervalms="25.638" type="nursery" />
<cycle-start id="1549" type="scavenge" contextid="0" timestamp="2019-07-02T20:08:31.992" intervalms="25.607" />
  <attribute name="GC Util" value="11" />
  <attribute name="CPU Util" value="868305708602" />
  <attribute name="Time Running"value="2523"/>
  <attribute name="Number of cores"value="4"/>
<gc-start id="1550" type="scavenge" contextid="1549" timestamp="2019-07-02T20:08:31.992">
  <mem-info id="1551" free="1859024" total="10485760" percent="17">
    <mem type="nursery" free="0" total="4194304" percent="0">
      <mem type="allocate" free="0" total="3145728" percent="0" />
      <mem type="survivor" free="0" total="1048576" percent="0" />
    </mem>
    <mem type="tenure" free="1859024" total="6291456" percent="29">
      <mem type="soa" free="1544656" total="5977088" percent="25" />
      <mem type="loa" free="314368" total="314368" percent="100" />
    </mem>
    <remembered-set count="1060" />
  </mem-info>
</gc-start>
<allocation-stats totalBytes="2369992" >
  <allocated-bytes non-tlh="2080" tlh="2367912" />
  <largest-consumer threadName="PmdThread 2" threadId="0000000001818000" bytes="969272" />
</allocation-stats>
<gc-op id="1552" type="scavenge" timems="1.487" contextid="1549" timestamp="2019-07-02T20:08:31.994">
  <scavenger-info tenureage="4" tenuremask="7ff0" tiltratio="75" />
  <memory-copied type="nursery" objects="29492" bytes="939232" bytesdiscarded="107728" />
  <memory-copied type="tenure" objects="2953" bytes="98912" bytesdiscarded="168" />
  <copy-failed type="nursery" objects="1046" bytes="22408" />
  <references type="soft" candidates="109" cleared="0" enqueued="0" dynamicThreshold="25" maxThreshold="32" />
  <references type="weak" candidates="5" cleared="1" enqueued="1" />
  <references type="phantom" candidates="1" cleared="0" enqueued="0" />
</gc-op>
<gc-end id="1553" type="scavenge" contextid="1549" durationms="1.741" usertimems="4.000" systemtimems="0.000" timestamp="2019-07-02T20:08:31.994" activeThreads="4">
  <mem-info id="1554" free="3584976" total="10485760" percent="34">
    <mem type="nursery" free="1835008" total="4194304" percent="43">
      <mem type="allocate" free="1835008" total="2883584" percent="63" />
      <mem type="survivor" free="0" total="1310720" percent="0" />
    </mem>
    <mem type="tenure" free="1749968" total="6291456" percent="27">
      <mem type="soa" free="1435600" total="5977088" percent="24" />
      <mem type="loa" free="314368" total="314368" percent="100" />
    </mem>
    <pending-finalizers system="0" default="0" reference="1" classloader="0" />
    <remembered-set count="1064" />
  </mem-info>
</gc-end>
<cycle-end id="1555" type="scavenge" contextid="1549" timestamp="2019-07-02T20:08:31.994">
  <attribute name="GC Util" value="13" />
  <attribute name="CPU Util" value="724519790258" />
  <attribute name="Time Running"value="2549"/>
  <attribute name="Number of cores"value="4"/>
</cycle-end>
<allocation-satisfied id="1556" threadId="0000000001815B00" bytesRequested="24" />
<af-end id="1557" timestamp="2019-07-02T20:08:31.994" threadId="0000000001816488" success="true" from="nursery"/>
<exclusive-end id="1558" timestamp="2019-07-02T20:08:31.994" durationms="2.270" />

<exclusive-start id="1559" timestamp="2019-07-02T20:08:32.009" intervalms="16.959">
  <response-info timems="0.088" idlems="0.046" threads="1" lastid="000000000150AF00" lastname="JIT Compilation Thread-1" />
</exclusive-start>
<af-start id="1560" threadId="0000000001816488" totalBytesRequested="24" timestamp="2019-07-02T20:08:32.009" intervalms="16.919" type="nursery" />
<cycle-start id="1561" type="scavenge" contextid="0" timestamp="2019-07-02T20:08:32.009" intervalms="16.882" />
  <attribute name="GC Util" value="13" />
  <attribute name="CPU Util" value="724519790258" />
  <attribute name="Time Running"value="2549"/>
  <attribute name="Number of cores"value="4"/>
<gc-start id="1562" type="scavenge" contextid="1561" timestamp="2019-07-02T20:08:32.009">
  <mem-info id="1563" free="1747832" total="10485760" percent="16">
    <mem type="nursery" free="0" total="4194304" percent="0">
      <mem type="allocate" free="0" total="2883584" percent="0" />
      <mem type="survivor" free="0" total="1310720" percent="0" />
    </mem>
    <mem type="tenure" free="1747832" total="6291456" percent="27">
      <mem type="soa" free="1433464" total="5977088" percent="23" />
      <mem type="loa" free="314368" total="314368" percent="100" />
    </mem>
    <remembered-set count="1118" />
  </mem-info>
</gc-start>
<allocation-stats totalBytes="1816192" >
  <allocated-bytes non-tlh="2160" tlh="1814032" />
  <largest-consumer threadName="PmdThread 2" threadId="0000000001818000" bytes="716656" />
</allocation-stats>
<gc-op id="1564" type="scavenge" timems="1.745" contextid="1561" timestamp="2019-07-02T20:08:32.011">
  <scavenger-info tenureage="3" tenuremask="7ff8" tiltratio="68" />
  <memory-copied type="nursery" objects="21920" bytes="810264" bytesdiscarded="21208" />
  <memory-copied type="tenure" objects="10104" bytes="278224" bytesdiscarded="136" />
  <references type="soft" candidates="109" cleared="0" enqueued="0" dynamicThreshold="25" maxThreshold="32" />
  <references type="weak" candidates="10" cleared="10" enqueued="10" />
  <references type="phantom" candidates="1" cleared="1" enqueued="1" />
</gc-op>
<gc-end id="1565" type="scavenge" contextid="1561" durationms="1.942" usertimems="0.000" systemtimems="0.000" timestamp="2019-07-02T20:08:32.011" activeThreads="4">
  <mem-info id="1566" free="3524952" total="10485760" percent="33">
    <mem type="nursery" free="2051296" total="4194304" percent="48">
      <mem type="allocate" free="2051296" total="2883584" percent="71" />
      <mem type="survivor" free="0" total="1310720" percent="0" />
    </mem>
    <mem type="tenure" free="1473656" total="6291456" percent="23">
      <mem type="soa" free="1159288" total="5977088" percent="19" />
      <mem type="loa" free="314368" total="314368" percent="100" />
    </mem>
    <pending-finalizers system="0" default="0" reference="11" classloader="0" />
    <remembered-set count="359" />
  </mem-info>
</gc-end>
<cycle-end id="1567" type="scavenge" contextid="1561" timestamp="2019-07-02T20:08:32.011">
  <attribute name="GC Util" value="19" />
  <attribute name="CPU Util" value="1102794662188" />
  <attribute name="Time Running"value="2565"/>
  <attribute name="Number of cores"value="4"/>
</cycle-end>
<allocation-satisfied id="1568" threadId="0000000001815B00" bytesRequested="24" />
<af-end id="1569" timestamp="2019-07-02T20:08:32.011" threadId="0000000001816488" success="true" from="nursery"/>
<exclusive-end id="1570" timestamp="2019-07-02T20:08:32.011" durationms="2.586" />

<exclusive-start id="1571" timestamp="2019-07-02T20:08:32.023" intervalms="14.690">
  <response-info timems="0.187" idlems="0.105" threads="1" lastid="000000000150AF00" lastname="JIT Compilation Thread-1" />
</exclusive-start>
<af-start id="1572" threadId="0000000001814D88" totalBytesRequested="96" timestamp="2019-07-02T20:08:32.023" intervalms="14.665" type="nursery" />
<cycle-start id="1573" type="scavenge" contextid="0" timestamp="2019-07-02T20:08:32.024" intervalms="14.693" />
  <attribute name="GC Util" value="19" />
  <attribute name="CPU Util" value="1102794662188" />
  <attribute name="Time Running"value="2565"/>
  <attribute name="Number of cores"value="4"/>
<gc-start id="1574" type="scavenge" contextid="1573" timestamp="2019-07-02T20:08:32.024">
  <mem-info id="1575" free="1472928" total="10485760" percent="14">
    <mem type="nursery" free="0" total="4194304" percent="0">
      <mem type="allocate" free="0" total="2883584" percent="0" />
      <mem type="survivor" free="0" total="1310720" percent="0" />
    </mem>
    <mem type="tenure" free="1472928" total="6291456" percent="23">
      <mem type="soa" free="1158560" total="5977088" percent="19" />
      <mem type="loa" free="314368" total="314368" percent="100" />
    </mem>
    <remembered-set count="404" />
  </mem-info>
</gc-start>
<allocation-stats totalBytes="2050280" >
  <allocated-bytes non-tlh="752" tlh="2049528" />
  <largest-consumer threadName="PmdThread 3" threadId="0000000001815000" bytes="1083832" />
</allocation-stats>
<gc-op id="1576" type="scavenge" timems="1.148" contextid="1573" timestamp="2019-07-02T20:08:32.025">
  <scavenger-info tenureage="3" tenuremask="7ff8" tiltratio="68" />
  <memory-copied type="nursery" objects="12664" bytes="615088" bytesdiscarded="140480" />
  <memory-copied type="tenure" objects="11101" bytes="308648" bytesdiscarded="80" />
  <references type="soft" candidates="19" cleared="0" enqueued="0" dynamicThreshold="25" maxThreshold="32" />
  <references type="weak" candidates="38" cleared="38" enqueued="38" />
  <references type="phantom" candidates="2" cleared="2" enqueued="2" />
</gc-op>
<heap-resize id="1577" type="expand" space="nursery" amount="262144" count="1" timems="0.015" reason="excessive time being spent scavenging" timestamp="2019-07-02T20:08:32.025" />
<gc-end id="1578" type="scavenge" contextid="1573" durationms="1.385" usertimems="4.000" systemtimems="0.000" timestamp="2019-07-02T20:08:32.025" activeThreads="4">
  <mem-info id="1579" free="3429184" total="10747904" percent="31">
    <mem type="nursery" free="2387392" total="4456448" percent="53">
      <mem type="allocate" free="2387392" total="3145728" percent="75" />
      <mem type="survivor" free="0" total="1310720" percent="0" />
    </mem>
    <mem type="tenure" free="1041792" total="6291456" percent="16">
      <mem type="soa" free="727424" total="5977088" percent="12" />
      <mem type="loa" free="314368" total="314368" percent="100" />
    </mem>
    <pending-finalizers system="0" default="0" reference="40" classloader="0" />
    <remembered-set count="288" />
  </mem-info>
</gc-end>
<cycle-end id="1580" type="scavenge" contextid="1573" timestamp="2019-07-02T20:08:32.025">
  <attribute name="GC Util" value="20" />
  <attribute name="CPU Util" value="1254959517431" />
  <attribute name="Time Running"value="2580"/>
  <attribute name="Number of cores"value="4"/>
</cycle-end>
<allocation-satisfied id="1581" threadId="0000000001814400" bytesRequested="96" />
<af-end id="1582" timestamp="2019-07-02T20:08:32.025" threadId="0000000001814D88" success="true" from="nursery"/>
<exclusive-end id="1583" timestamp="2019-07-02T20:08:32.025" durationms="1.784" />

<exclusive-start id="1584" timestamp="2019-07-02T20:08:32.042" intervalms="18.768">
  <response-info timems="0.059" idlems="0.032" threads="1" lastid="0000000001815B00" lastname="PmdThread 4" />
</exclusive-start>
<af-start id="1585" threadId="0000000001818988" totalBytesRequested="1160" timestamp="2019-07-02T20:08:32.042" intervalms="18.788" type="nursery" />
<cycle-start id="1586" type="scavenge" contextid="0" timestamp="2019-07-02T20:08:32.042" intervalms="18.764" />
  <attribute name="GC Util" value="20" />
  <attribute name="CPU Util" value="1254959517431" />
  <attribute name="Time Running"value="2580"/>
  <attribute name="Number of cores"value="4"/>
<gc-start id="1587" type="scavenge" contextid="1586" timestamp="2019-07-02T20:08:32.042">
  <mem-info id="1588" free="1041128" total="10747904" percent="9">
    <mem type="nursery" free="0" total="4456448" percent="0">
      <mem type="allocate" free="0" total="3145728" percent="0" />
      <mem type="survivor" free="0" total="1310720" percent="0" />
    </mem>
    <mem type="tenure" free="1041128" total="6291456" percent="16">
      <mem type="soa" free="726760" total="5977088" percent="12" />
      <mem type="loa" free="314368" total="314368" percent="100" />
    </mem>
    <remembered-set count="351" />
  </mem-info>
</gc-start>
<allocation-stats totalBytes="2383760" >
  <allocated-bytes non-tlh="760" tlh="2383000" />
  <largest-consumer threadName="PmdThread 3" threadId="0000000001815000" bytes="826464" />
</allocation-stats>
<gc-op id="1589" type="scavenge" timems="1.599" contextid="1586" timestamp="2019-07-02T20:08:32.044">
  <scavenger-info tenureage="3" tenuremask="7ff8" tiltratio="70" />
  <memory-copied type="nursery" objects="11036" bytes="831896" bytesdiscarded="29984" />
  <memory-copied type="tenure" objects="7611" bytes="325344" bytesdiscarded="32" />
  <references type="soft" candidates="2" cleared="0" enqueued="0" dynamicThreshold="25" maxThreshold="32" />
  <references type="weak" candidates="49" cleared="48" enqueued="48" />
  <references type="phantom" candidates="9" cleared="5" enqueued="5" />
</gc-op>
<gc-end id="1590" type="scavenge" contextid="1586" durationms="1.956" usertimems="0.000" systemtimems="4.000" timestamp="2019-07-02T20:08:32.044" activeThreads="4">
  <mem-info id="1591" free="3066976" total="10747904" percent="28">
    <mem type="nursery" free="2413960" total="4456448" percent="54">
      <mem type="allocate" free="2413960" total="3276800" percent="73" />
      <mem type="survivor" free="0" total="1179648" percent="0" />
    </mem>
    <mem type="tenure" free="653016" total="6291456" percent="10">
      <mem type="soa" free="338648" total="5977088" percent="5" />
      <mem type="loa" free="314368" total="314368" percent="100" />
    </mem>
    <pending-finalizers system="0" default="0" reference="53" classloader="0" />
    <remembered-set count="658" />
  </mem-info>
</gc-end>
<cycle-end id="1592" type="scavenge" contextid="1586" timestamp="2019-07-02T20:08:32.044">
  <attribute name="GC Util" value="14" />
  <attribute name="CPU Util" value="982925780663" />
  <attribute name="Time Running"value="2599"/>
  <attribute name="Number of cores"value="4"/>
</cycle-end>
<allocation-satisfied id="1593" threadId="0000000001818000" bytesRequested="1160" />
<af-end id="1594" timestamp="2019-07-02T20:08:32.044" threadId="0000000001818988" success="true" from="nursery"/>
<exclusive-end id="1595" timestamp="2019-07-02T20:08:32.044" durationms="2.366" />

<concurrent-kickoff id="1596" timestamp="2019-07-02T20:08:32.054">
  <kickoff reason="threshold reached" targetBytes="1867303" thresholdFreeBytes="258639"  remainingFree="206216" tenureFreeBytes="651976" nurseryFreeBytes="206216" />
</concurrent-kickoff>
<exclusive-start id="1597" timestamp="2019-07-02T20:08:32.055" intervalms="12.557">
  <response-info timems="0.154" idlems="0.080" threads="3" lastid="000000000150AF00" lastname="JIT Compilation Thread-1" />
</exclusive-start>
<cycle-start id="1598" type="global" contextid="0" timestamp="2019-07-02T20:08:32.055" intervalms="1936.145" />
  <attribute name="GC Util" value="14" />
  <attribute name="CPU Util" value="982925780663" />
  <attribute name="Time Running"value="2599"/>
  <attribute name="Number of cores"value="4"/>
<exclusive-end id="1599" timestamp="2019-07-02T20:08:32.055" durationms="0.123" />

<exclusive-start id="1600" timestamp="2019-07-02T20:08:32.057" intervalms="2.046">
  <response-info timems="0.087" idlems="0.059" threads="1" lastid="0000000001815000" lastname="PmdThread 3" />
</exclusive-start>
<af-start id="1601" threadId="0000000001814D88" totalBytesRequested="8200" timestamp="2019-07-02T20:08:32.057" intervalms="14.564" type="nursery" />
<cycle-start id="1602" type="scavenge" contextid="0" timestamp="2019-07-02T20:08:32.057" intervalms="14.541" />
  <attribute name="GC Util" value="14" />
  <attribute name="CPU Util" value="982925780663" />
  <attribute name="Time Running"value="2599"/>
  <attribute name="Number of cores"value="4"/>
<gc-start id="1603" type="scavenge" contextid="1602" timestamp="2019-07-02T20:08:32.057">
  <mem-info id="1604" free="651976" total="10747904" percent="6">
    <mem type="nursery" free="0" total="4456448" percent="0">
      <mem type="allocate" free="0" total="3276800" percent="0" />
      <mem type="survivor" free="0" total="1179648" percent="0" />
    </mem>
    <mem type="tenure" free="651976" total="6291456" percent="10">
      <mem type="soa" free="337608" total="5977088" percent="5" />
      <mem type="loa" free="314368" total="314368" percent="100" />
    </mem>
    <remembered-set count="704" />
  </mem-info>
</gc-start>
<allocation-stats totalBytes="2407064" >
  <allocated-bytes non-tlh="2200" tlh="2404864" />
  <largest-consumer threadName="PmdThread 3" threadId="0000000001815000" bytes="675680" />
</allocation-stats>
<gc-op id="1605" type="scavenge" timems="4.410" contextid="1602" timestamp="2019-07-02T20:08:32.061">
  <scavenger-info tenureage="3" tenuremask="7ff8" tiltratio="73" />
  <memory-copied type="nursery" objects="16707" bytes="1071296" bytesdiscarded="107624" />
  <memory-copied type="tenure" objects="4427" bytes="221736" bytesdiscarded="144" />
  <copy-failed type="nursery" objects="1851" bytes="137472" />
  <references type="soft" candidates="14" cleared="0" enqueued="0" dynamicThreshold="25" maxThreshold="32" />
  <references type="weak" candidates="24" cleared="24" enqueued="24" />
  <references type="phantom" candidates="8" cleared="4" enqueued="4" />
</gc-op>
<heap-resize id="1606" type="expand" space="nursery" amount="655360" count="1" timems="0.017" reason="excessive time being spent scavenging" timestamp="2019-07-02T20:08:32.061" />
<gc-end id="1607" type="scavenge" contextid="1602" durationms="4.642" usertimems="0.000" systemtimems="8.000" timestamp="2019-07-02T20:08:32.062" activeThreads="4">
  <mem-info id="1608" free="2426816" total="11403264" percent="21">
    <mem type="nursery" free="1900544" total="5111808" percent="37">
      <mem type="allocate" free="1900544" total="3080192" percent="61" />
      <mem type="survivor" free="0" total="2031616" percent="0" />
    </mem>
    <mem type="tenure" free="526272" total="6291456" percent="8">
      <mem type="soa" free="211904" total="5977088" percent="3" />
      <mem type="loa" free="314368" total="314368" percent="100" />
    </mem>
    <pending-finalizers system="0" default="0" reference="28" classloader="0" />
    <remembered-set count="718" />
  </mem-info>
</gc-end>
<cycle-end id="1609" type="scavenge" contextid="1602" timestamp="2019-07-02T20:08:32.062">
  <attribute name="GC Util" value="21" />
  <attribute name="CPU Util" value="1270336744527" />
  <attribute name="Time Running"value="2613"/>
  <attribute name="Number of cores"value="4"/>
</cycle-end>
<allocation-satisfied id="1610" threadId="0000000001814400" bytesRequested="8200" />
<af-end id="1611" timestamp="2019-07-02T20:08:32.062" threadId="0000000001814D88" success="true" from="nursery"/>
<exclusive-end id="1612" timestamp="2019-07-02T20:08:32.062" durationms="5.123" />

<exclusive-start id="1613" timestamp="2019-07-02T20:08:32.072" intervalms="14.814">
  <response-info timems="0.047" idlems="0.047" threads="0" lastid="0000000001815B00" lastname="PmdThread 4" />
</exclusive-start>
<concurrent-collection-start id="1614" timestamp="2019-07-02T20:08:32.072" intervalms="2742.922" >
  <concurrent-trace-info reason="card cleaning threshold reached" tracedByMutators="392724" tracedByHelpers="1822248" cardsCleaned="50" workStackOverflowCount="0" />
</concurrent-collection-start>
<gc-start id="1615" type="global" contextid="1598" timestamp="2019-07-02T20:08:32.072">
  <mem-info id="1616" free="526272" total="11403264" percent="4">
    <mem type="nursery" free="0" total="5111808" percent="0">
      <mem type="allocate" free="0" total="3080192" percent="0" />
      <mem type="survivor" free="0" total="2031616" percent="0" />
    </mem>
    <mem type="tenure" free="526272" total="6291456" percent="8">
      <mem type="soa" free="211904" total="5977088" percent="3" />
      <mem type="loa" free="314368" total="314368" percent="100" />
    </mem>
    <remembered-set count="744" />
  </mem-info>
</gc-start>
<allocation-stats totalBytes="1900096" >
  <allocated-bytes non-tlh="8200" tlh="1891896" />
  <largest-consumer threadName="PmdThread 4" threadId="0000000001815B00" bytes="696040" />
</allocation-stats>
<gc-op id="1617" type="rs-scan" timems="0.633" contextid="1598" timestamp="2019-07-02T20:08:32.072">
  <scan objectsFound="219" bytesTraced="20156" workStackOverflowCount="0" />
</gc-op>
<gc-op id="1618" type="card-cleaning" timems="0.666" contextid="1598" timestamp="2019-07-02T20:08:32.073">
  <card-cleaning cardsCleaned="2" bytesTraced="140144" workStackOverflowCount="0" />
</gc-op>
<gc-op id="1619" type="mark" timems="2.709" contextid="1598" timestamp="2019-07-02T20:08:32.076">
  <trace-info objectcount="17836" scancount="15942" scanbytes="565456" />
  <finalization candidates="57" enqueued="0" />
  <ownableSynchronizers candidates="8" cleared="0" />
  <references type="soft" candidates="225" cleared="0" enqueued="0" dynamicThreshold="25" maxThreshold="32" />
  <references type="weak" candidates="734" cleared="69" enqueued="49" />
  <references type="phantom" candidates="73" cleared="7" enqueued="7" />
  <stringconstants candidates="4891" cleared="7"  />
</gc-op>
<gc-op id="1620" type="classunload" timems="0.513" contextid="1598" timestamp="2019-07-02T20:08:32.077">
  <classunload-info classloadercandidates="13" classloadersunloaded="3" classesunloaded="3" anonymousclassesunloaded="0" quiescems="0.000" setupms="0.500" scanms="0.010" postms="0.003" />
</gc-op>
<gc-op id="1621" type="sweep" timems="0.875" contextid="1598" timestamp="2019-07-02T20:08:32.078" />
<gc-end id="1622" type="global" contextid="1598" durationms="6.310" usertimems="0.000" systemtimems="8.000" timestamp="2019-07-02T20:08:32.078" activeThreads="4">
  <mem-info id="1623" free="3659960" total="11403264" percent="32">
    <mem type="nursery" free="1514032" total="5111808" percent="29">
      <mem type="allocate" free="1514032" total="3080192" percent="49" />
      <mem type="survivor" free="0" total="2031616" percent="0" />
    </mem>
    <mem type="tenure" free="2145928" total="6291456" percent="34" micro-fragmented="122448" macro-fragmented="0">
      <mem type="soa" free="1831560" total="5977088" percent="30" />
      <mem type="loa" free="314368" total="314368" percent="100" />
    </mem>
    <pending-finalizers system="0" default="0" reference="56" classloader="0" />
    <remembered-set count="440" />
  </mem-info>
</gc-end>
<cycle-end id="1624" type="global" contextid="1598" timestamp="2019-07-02T20:08:32.078">
  <attribute name="GC Util" value="99" />
  <attribute name="CPU Util" value="5012762125942" />
  <attribute name="Time Running"value="2633"/>
  <attribute name="Number of cores"value="4"/>
</cycle-end>
<concurrent-collection-end id="1625" timestamp="2019-07-02T20:08:32.078" />
<exclusive-end id="1626" timestamp="2019-07-02T20:08:32.078" durationms="6.743" />

<exclusive-start id="1627" timestamp="2019-07-02T20:08:32.085" intervalms="13.756">
  <response-info timems="0.091" idlems="0.050" threads="1" lastid="0000000001815000" lastname="PmdThread 3" />
</exclusive-start>
<af-start id="1628" threadId="0000000001818988" totalBytesRequested="16" timestamp="2019-07-02T20:08:32.085" intervalms="28.607" type="nursery" />
<cycle-start id="1629" type="scavenge" contextid="0" timestamp="2019-07-02T20:08:32.085" intervalms="28.636" />
  <attribute name="GC Util" value="99" />
  <attribute name="CPU Util" value="5012762125942" />
  <attribute name="Time Running"value="2633"/>
  <attribute name="Number of cores"value="4"/>
<gc-start id="1630" type="scavenge" contextid="1629" timestamp="2019-07-02T20:08:32.086">
  <mem-info id="1631" free="2145928" total="11403264" percent="18">
    <mem type="nursery" free="0" total="5111808" percent="0">
      <mem type="allocate" free="0" total="3080192" percent="0" />
      <mem type="survivor" free="0" total="2031616" percent="0" />
    </mem>
    <mem type="tenure" free="2145928" total="6291456" percent="34">
      <mem type="soa" free="1831560" total="5977088" percent="30" />
      <mem type="loa" free="314368" total="314368" percent="100" />
    </mem>
    <remembered-set count="478" />
  </mem-info>
</gc-start>
<allocation-stats totalBytes="1499304" >
  <allocated-bytes non-tlh="113040" tlh="1386264" />
  <largest-consumer threadName="PmdThread 4" threadId="0000000001815B00" bytes="636016" />
</allocation-stats>
<gc-op id="1632" type="scavenge" timems="0.958" contextid="1629" timestamp="2019-07-02T20:08:32.087">
  <scavenger-info tenureage="2" tenuremask="7ffc" tiltratio="60" />
  <memory-copied type="nursery" objects="19972" bytes="1066504" bytesdiscarded="250520" />
  <memory-copied type="tenure" objects="4205" bytes="347584" bytesdiscarded="4800" />
  <ownableSynchronizers candidates="16" cleared="16" />
  <references type="soft" candidates="12" cleared="0" enqueued="0" dynamicThreshold="10" maxThreshold="32" />
  <references type="weak" candidates="12" cleared="11" enqueued="10" />
  <references type="phantom" candidates="4" cleared="2" enqueued="2" />
</gc-op>
<gc-end id="1633" type="scavenge" contextid="1629" durationms="1.162" usertimems="4.000" systemtimems="0.000" timestamp="2019-07-02T20:08:32.087" activeThreads="4">
  <mem-info id="1634" free="3947616" total="11403264" percent="34">
    <mem type="nursery" free="2155776" total="5111808" percent="42">
      <mem type="allocate" free="2155776" total="3473408" percent="62" />
      <mem type="survivor" free="0" total="1638400" percent="0" />
    </mem>
    <mem type="tenure" free="1791840" total="6291456" percent="28">
      <mem type="soa" free="1477472" total="5977088" percent="24" />
      <mem type="loa" free="314368" total="314368" percent="100" />
    </mem>
    <pending-finalizers system="0" default="0" reference="12" classloader="0" />
    <remembered-set count="276" />
  </mem-info>
</gc-end>
<cycle-end id="1635" type="scavenge" contextid="1629" timestamp="2019-07-02T20:08:32.087">
  <attribute name="GC Util" value="40" />
  <attribute name="CPU Util" value="2129898975849" />
  <attribute name="Time Running"value="2642"/>
  <attribute name="Number of cores"value="4"/>
</cycle-end>
<allocation-satisfied id="1636" threadId="0000000001818000" bytesRequested="16" />
<af-end id="1637" timestamp="2019-07-02T20:08:32.087" threadId="0000000001818988" success="true" from="nursery"/>
<exclusive-end id="1638" timestamp="2019-07-02T20:08:32.087" durationms="1.596" />

<exclusive-start id="1639" timestamp="2019-07-02T20:08:32.096" intervalms="10.758">
  <response-info timems="0.139" idlems="0.077" threads="1" lastid="000000000150AF00" lastname="JIT Compilation Thread-1" />
</exclusive-start>
<af-start id="1640" threadId="0000000001814D88" totalBytesRequested="56" timestamp="2019-07-02T20:08:32.096" intervalms="10.757" type="nursery" />
<cycle-start id="1641" type="scavenge" contextid="0" timestamp="2019-07-02T20:08:32.096" intervalms="10.781" />
  <attribute name="GC Util" value="40" />
  <attribute name="CPU Util" value="2129898975849" />
  <attribute name="Time Running"value="2642"/>
  <attribute name="Number of cores"value="4"/>
<gc-start id="1642" type="scavenge" contextid="1641" timestamp="2019-07-02T20:08:32.096">
  <mem-info id="1643" free="1791456" total="11403264" percent="15">
    <mem type="nursery" free="0" total="5111808" percent="0">
      <mem type="allocate" free="0" total="3473408" percent="0" />
      <mem type="survivor" free="0" total="1638400" percent="0" />
    </mem>
    <mem type="tenure" free="1791456" total="6291456" percent="28">
      <mem type="soa" free="1477088" total="5977088" percent="24" />
      <mem type="loa" free="314368" total="314368" percent="100" />
    </mem>
    <remembered-set count="308" />
  </mem-info>
</gc-start>
<allocation-stats totalBytes="2154304" >
  <allocated-bytes non-tlh="400" tlh="2153904" />
  <largest-consumer threadName="PmdThread 1" threadId="0000000001814400" bytes="652424" />
</allocation-stats>
<gc-op id="1644" type="scavenge" timems="1.407" contextid="1641" timestamp="2019-07-02T20:08:32.098">
  <scavenger-info tenureage="1" tenuremask="7ffe" tiltratio="67" />
  <memory-copied type="nursery" objects="11422" bytes="430768" bytesdiscarded="212032" />
  <memory-copied type="tenure" objects="19116" bytes="1028680" bytesdiscarded="7016" />
  <references type="weak" candidates="50" cleared="50" enqueued="50" />
  <references type="phantom" candidates="2" cleared="2" enqueued="2" />
</gc-op>
<heap-resize id="1645" type="expand" space="nursery" amount="262144" count="1" timems="0.014" reason="excessive time being spent scavenging" timestamp="2019-07-02T20:08:32.098" />
<gc-end id="1646" type="scavenge" contextid="1641" durationms="1.667" usertimems="8.000" systemtimems="0.000" timestamp="2019-07-02T20:08:32.098" activeThreads="4">
  <mem-info id="1647" free="3775512" total="11665408" percent="32">
    <mem type="nursery" free="3027200" total="5373952" percent="56">
      <mem type="allocate" free="3027200" total="3670016" percent="82" />
      <mem type="survivor" free="0" total="1703936" percent="0" />
    </mem>
    <mem type="tenure" free="748312" total="6291456" percent="11">
      <mem type="soa" free="433944" total="5977088" percent="7" />
      <mem type="loa" free="314368" total="314368" percent="100" />
    </mem>
    <pending-finalizers system="0" default="0" reference="52" classloader="0" />
    <remembered-set count="506" />
  </mem-info>
</gc-end>
<cycle-end id="1648" type="scavenge" contextid="1641" timestamp="2019-07-02T20:08:32.098">
  <attribute name="GC Util" value="27" />
  <attribute name="CPU Util" value="1714105504977" />
  <attribute name="Time Running"value="2653"/>
  <attribute name="Number of cores"value="4"/>
</cycle-end>
<allocation-satisfied id="1649" threadId="0000000001814400" bytesRequested="56" />
<af-end id="1650" timestamp="2019-07-02T20:08:32.098" threadId="0000000001814D88" success="true" from="nursery"/>
<exclusive-end id="1651" timestamp="2019-07-02T20:08:32.098" durationms="2.086" />

<concurrent-kickoff id="1652" timestamp="2019-07-02T20:08:32.110">
  <kickoff reason="threshold reached" targetBytes="1915970" thresholdFreeBytes="265516"  remainingFree="221440" tenureFreeBytes="748312" nurseryFreeBytes="221440" />
</concurrent-kickoff>
<exclusive-start id="1653" timestamp="2019-07-02T20:08:32.111" intervalms="14.505">
  <response-info timems="0.089" idlems="0.063" threads="1" lastid="0000000001818000" lastname="PmdThread 2" />
</exclusive-start>
<cycle-start id="1654" type="global" contextid="0" timestamp="2019-07-02T20:08:32.111" intervalms="55.863" />
  <attribute name="GC Util" value="27" />
  <attribute name="CPU Util" value="1714105504977" />
  <attribute name="Time Running"value="2653"/>
  <attribute name="Number of cores"value="4"/>
<exclusive-end id="1655" timestamp="2019-07-02T20:08:32.111" durationms="0.115" />

<exclusive-start id="1656" timestamp="2019-07-02T20:08:32.112" intervalms="1.660">
  <response-info timems="0.292" idlems="0.123" threads="5" lastid="0000000001818000" lastname="PmdThread 2" />
</exclusive-start>
<af-start id="1657" threadId="0000000001815988" totalBytesRequested="24" timestamp="2019-07-02T20:08:32.112" intervalms="16.142" type="nursery" />
<cycle-start id="1658" type="scavenge" contextid="0" timestamp="2019-07-02T20:08:32.112" intervalms="16.126" />
  <attribute name="GC Util" value="27" />
  <attribute name="CPU Util" value="1714105504977" />
  <attribute name="Time Running"value="2653"/>
  <attribute name="Number of cores"value="4"/>
<gc-start id="1659" type="scavenge" contextid="1658" timestamp="2019-07-02T20:08:32.112">
  <mem-info id="1660" free="748264" total="11665408" percent="6">
    <mem type="nursery" free="0" total="5373952" percent="0">
      <mem type="allocate" free="0" total="3670016" percent="0" />
      <mem type="survivor" free="0" total="1703936" percent="0" />
    </mem>
    <mem type="tenure" free="748264" total="6291456" percent="11">
      <mem type="soa" free="433896" total="5977088" percent="7" />
      <mem type="loa" free="314368" total="314368" percent="100" />
    </mem>
    <remembered-set count="1037" />
  </mem-info>
</gc-start>
<allocation-stats totalBytes="3026016" >
  <allocated-bytes non-tlh="104" tlh="3025912" />
  <largest-consumer threadName="PmdThread 1" threadId="0000000001814400" bytes="1331144" />
</allocation-stats>
<gc-op id="1661" type="scavenge" timems="1.744" contextid="1658" timestamp="2019-07-02T20:08:32.114">
  <scavenger-info tenureage="1" tenuremask="7ffe" tiltratio="68" />
  <memory-copied type="nursery" objects="6734" bytes="356968" bytesdiscarded="139408" />
  <memory-copied type="tenure" objects="10449" bytes="394984" bytesdiscarded="1672" />
  <references type="weak" candidates="47" cleared="47" enqueued="46" />
  <references type="phantom" candidates="3" cleared="2" enqueued="2" />
  <heap-resize type="expand" space="tenure" amount="65536" count="1" timems="0.017" reason="continue current collection" />
</gc-op>
<gc-end id="1662" type="scavenge" contextid="1658" durationms="1.943" usertimems="4.000" systemtimems="0.000" timestamp="2019-07-02T20:08:32.114" activeThreads="4">
  <mem-info id="1663" free="3841992" total="11730944" percent="32">
    <mem type="nursery" free="3501256" total="5373952" percent="65">
      <mem type="allocate" free="3501256" total="3997696" percent="87" />
      <mem type="survivor" free="0" total="1376256" percent="0" />
    </mem>
    <mem type="tenure" free="340736" total="6356992" percent="5">
      <mem type="soa" free="23296" total="6039552" percent="0" />
      <mem type="loa" free="317440" total="317440" percent="100" />
    </mem>
    <pending-finalizers system="0" default="0" reference="48" classloader="0" />
    <remembered-set count="1016" />
  </mem-info>
</gc-end>
<cycle-end id="1664" type="scavenge" contextid="1658" timestamp="2019-07-02T20:08:32.114">
  <attribute name="GC Util" value="25" />
  <attribute name="CPU Util" value="1135269762157" />
  <attribute name="Time Running"value="2669"/>
  <attribute name="Number of cores"value="4"/>
</cycle-end>
<allocation-satisfied id="1665" threadId="0000000001815000" bytesRequested="24" />
<af-end id="1666" timestamp="2019-07-02T20:08:32.115" threadId="0000000001815988" success="true" from="nursery"/>
<exclusive-end id="1667" timestamp="2019-07-02T20:08:32.115" durationms="2.367" />

<exclusive-start id="1668" timestamp="2019-07-02T20:08:32.118" intervalms="5.313">
  <response-info timems="0.076" idlems="0.076" threads="0" lastid="0000000001818000" lastname="PmdThread 2" />
</exclusive-start>
<concurrent-collection-start id="1669" timestamp="2019-07-02T20:08:32.118" intervalms="45.990" >
  <concurrent-trace-info reason="card cleaning threshold reached" tracedByMutators="1307636" tracedByHelpers="804548" cardsCleaned="274" workStackOverflowCount="0" />
</concurrent-collection-start>
<gc-start id="1670" type="global" contextid="1654" timestamp="2019-07-02T20:08:32.118">
  <mem-info id="1671" free="3379120" total="11730944" percent="28">
    <mem type="nursery" free="3038384" total="5373952" percent="56">
      <mem type="allocate" free="3038384" total="3997696" percent="76" />
      <mem type="survivor" free="0" total="1376256" percent="0" />
    </mem>
    <mem type="tenure" free="340736" total="6356992" percent="5">
      <mem type="soa" free="23296" total="6039552" percent="0" />
      <mem type="loa" free="317440" total="317440" percent="100" />
    </mem>
    <remembered-set count="1217" />
  </mem-info>
</gc-start>
<allocation-stats totalBytes="462720" >
  <allocated-bytes non-tlh="24" tlh="462696" />
  <largest-consumer threadName="PmdThread 1" threadId="0000000001814400" bytes="208848" />
</allocation-stats>
<gc-op id="1672" type="rs-scan" timems="0.497" contextid="1654" timestamp="2019-07-02T20:08:32.118">
  <scan objectsFound="241" bytesTraced="19836" workStackOverflowCount="0" />
</gc-op>
<gc-op id="1673" type="card-cleaning" timems="0.800" contextid="1654" timestamp="2019-07-02T20:08:32.119">
  <card-cleaning cardsCleaned="36" bytesTraced="456916" workStackOverflowCount="0" />
</gc-op>
<gc-op id="1674" type="mark" timems="0.697" contextid="1654" timestamp="2019-07-02T20:08:32.120">
  <trace-info objectcount="14715" scancount="11401" scanbytes="362816" />
  <finalization candidates="57" enqueued="0" />
  <ownableSynchronizers candidates="8" cleared="0" />
  <references type="soft" candidates="225" cleared="0" enqueued="0" dynamicThreshold="10" maxThreshold="32" />
  <references type="weak" candidates="669" cleared="3" enqueued="3" />
  <references type="phantom" candidates="65" cleared="1" enqueued="1" />
  <stringconstants candidates="4887" cleared="0"  />
</gc-op>
<gc-op id="1675" type="sweep" timems="0.330" contextid="1654" timestamp="2019-07-02T20:08:32.120" />
<heap-resize id="1676" type="expand" space="tenure" amount="1048576" count="1" timems="0.018" reason="insufficient free space following gc" timestamp="2019-07-02T20:08:32.121" />
<gc-end id="1677" type="global" contextid="1654" durationms="2.906" usertimems="4.000" systemtimems="0.000" timestamp="2019-07-02T20:08:32.121" activeThreads="4">
  <mem-info id="1678" free="6084448" total="12779520" percent="47">
    <mem type="nursery" free="3729872" total="5373952" percent="69">
      <mem type="allocate" free="3729872" total="3997696" percent="93" />
      <mem type="survivor" free="0" total="1376256" percent="0" />
    </mem>
    <mem type="tenure" free="2354576" total="7405568" percent="31" micro-fragmented="158289" macro-fragmented="0">
      <mem type="soa" free="1984912" total="7035904" percent="28" />
      <mem type="loa" free="369664" total="369664" percent="100" />
    </mem>
    <pending-finalizers system="0" default="0" reference="4" classloader="0" />
    <remembered-set count="723" />
  </mem-info>
</gc-end>
<cycle-end id="1679" type="global" contextid="1654" timestamp="2019-07-02T20:08:32.121">
  <attribute name="GC Util" value="179" />
  <attribute name="CPU Util" value="23943097603035" />
  <attribute name="Time Running"value="2677"/>
  <attribute name="Number of cores"value="4"/>
</cycle-end>
<concurrent-collection-end id="1680" timestamp="2019-07-02T20:08:32.121" />
<exclusive-end id="1681" timestamp="2019-07-02T20:08:32.121" durationms="3.260" />

<exclusive-start id="1682" timestamp="2019-07-02T20:08:32.132" intervalms="14.170">
  <response-info timems="0.071" idlems="0.038" threads="1" lastid="000000000150AF00" lastname="JIT Compilation Thread-1" />
</exclusive-start>
<af-start id="1683" threadId="0000000001816488" totalBytesRequested="8200" timestamp="2019-07-02T20:08:32.132" intervalms="19.517" type="nursery" />
<cycle-start id="1684" type="scavenge" contextid="0" timestamp="2019-07-02T20:08:32.132" intervalms="19.533" />
  <attribute name="GC Util" value="179" />
  <attribute name="CPU Util" value="23943097603035" />
  <attribute name="Time Running"value="2677"/>
  <attribute name="Number of cores"value="4"/>
<gc-start id="1685" type="scavenge" contextid="1684" timestamp="2019-07-02T20:08:32.132">
  <mem-info id="1686" free="2353056" total="12779520" percent="18">
    <mem type="nursery" free="0" total="5373952" percent="0">
      <mem type="allocate" free="0" total="3997696" percent="0" />
      <mem type="survivor" free="0" total="1376256" percent="0" />
    </mem>
    <mem type="tenure" free="2353056" total="7405568" percent="31">
      <mem type="soa" free="1983392" total="7035904" percent="28" />
      <mem type="loa" free="369664" total="369664" percent="100" />
    </mem>
    <remembered-set count="1135" />
  </mem-info>
</gc-start>
<allocation-stats totalBytes="3718704" >
  <allocated-bytes non-tlh="147176" tlh="3571528" />
  <largest-consumer threadName="PmdThread 2" threadId="0000000001818000" bytes="1565712" />
</allocation-stats>
<gc-op id="1687" type="scavenge" timems="1.982" contextid="1684" timestamp="2019-07-02T20:08:32.134">
  <scavenger-info tenureage="2" tenuremask="7ffc" tiltratio="74" />
  <memory-copied type="nursery" objects="13415" bytes="716088" bytesdiscarded="63128" />
  <ownableSynchronizers candidates="16" cleared="16" />
  <references type="weak" candidates="27" cleared="27" enqueued="27" />
  <references type="phantom" candidates="9" cleared="6" enqueued="6" />
</gc-op>
<heap-resize id="1688" type="expand" space="nursery" amount="393216" count="1" timems="0.015" reason="excessive time being spent scavenging" timestamp="2019-07-02T20:08:32.134" />
<gc-end id="1689" type="scavenge" contextid="1684" durationms="2.502" usertimems="4.000" systemtimems="0.000" timestamp="2019-07-02T20:08:32.134" activeThreads="4">
  <mem-info id="1690" free="5898112" total="13172736" percent="44">
    <mem type="nursery" free="3545056" total="5767168" percent="61">
      <mem type="allocate" free="3545056" total="4325376" percent="81" />
      <mem type="survivor" free="0" total="1441792" percent="0" />
    </mem>
    <mem type="tenure" free="2353056" total="7405568" percent="31">
      <mem type="soa" free="1983392" total="7035904" percent="28" />
      <mem type="loa" free="369664" total="369664" percent="100" />
    </mem>
    <pending-finalizers system="0" default="0" reference="33" classloader="0" />
    <remembered-set count="1089" />
  </mem-info>
</gc-end>
<cycle-end id="1691" type="scavenge" contextid="1684" timestamp="2019-07-02T20:08:32.135">
  <attribute name="GC Util" value="17" />
  <attribute name="CPU Util" value="1542122211405" />
  <attribute name="Time Running"value="2689"/>
  <attribute name="Number of cores"value="4"/>
</cycle-end>
<allocation-satisfied id="1692" threadId="0000000001815B00" bytesRequested="8200" />
<af-end id="1693" timestamp="2019-07-02T20:08:32.135" threadId="0000000001816488" success="true" from="nursery"/>
<exclusive-end id="1694" timestamp="2019-07-02T20:08:32.135" durationms="3.148" />

<exclusive-start id="1695" timestamp="2019-07-02T20:08:32.145" intervalms="13.300">
  <response-info timems="0.058" idlems="0.058" threads="0" lastid="0000000001815000" lastname="PmdThread 3" />
</exclusive-start>
<af-start id="1696" threadId="0000000001815988" totalBytesRequested="16" timestamp="2019-07-02T20:08:32.145" intervalms="13.366" type="nursery" />
<cycle-start id="1697" type="scavenge" contextid="0" timestamp="2019-07-02T20:08:32.145" intervalms="13.319" />
  <attribute name="GC Util" value="17" />
  <attribute name="CPU Util" value="1542122211405" />
  <attribute name="Time Running"value="2689"/>
  <attribute name="Number of cores"value="4"/>
<gc-start id="1698" type="scavenge" contextid="1697" timestamp="2019-07-02T20:08:32.145">
  <mem-info id="1699" free="2350728" total="13172736" percent="17">
    <mem type="nursery" free="0" total="5767168" percent="0">
      <mem type="allocate" free="0" total="4325376" percent="0" />
      <mem type="survivor" free="0" total="1441792" percent="0" />
    </mem>
    <mem type="tenure" free="2350728" total="7405568" percent="31">
      <mem type="soa" free="1981064" total="7035904" percent="28" />
      <mem type="loa" free="369664" total="369664" percent="100" />
    </mem>
    <remembered-set count="1444" />
  </mem-info>
</gc-start>
<allocation-stats totalBytes="3545144" >
  <allocated-bytes non-tlh="43312" tlh="3501832" />
  <largest-consumer threadName="PmdThread 2" threadId="0000000001818000" bytes="1213144" />
</allocation-stats>
<gc-op id="1700" type="scavenge" timems="2.515" contextid="1697" timestamp="2019-07-02T20:08:32.148">
  <scavenger-info tenureage="2" tenuremask="7ffc" tiltratio="75" />
  <memory-copied type="nursery" objects="16845" bytes="819152" bytesdiscarded="98440" />
  <memory-copied type="tenure" objects="2373" bytes="78520" bytesdiscarded="320" />
  <references type="weak" candidates="78" cleared="78" enqueued="78" />
  <references type="phantom" candidates="6" cleared="4" enqueued="4" />
</gc-op>
<heap-resize id="1701" type="expand" space="nursery" amount="524288" count="1" timems="0.014" reason="excessive time being spent scavenging" timestamp="2019-07-02T20:08:32.148" />
<gc-end id="1702" type="scavenge" contextid="1697" durationms="2.763" usertimems="4.000" systemtimems="0.000" timestamp="2019-07-02T20:08:32.148" activeThreads="4">
  <mem-info id="1703" free="6211464" total="13697024" percent="45">
    <mem type="nursery" free="3996624" total="6291456" percent="63">
      <mem type="allocate" free="3996624" total="4915200" percent="81" />
      <mem type="survivor" free="0" total="1376256" percent="0" />
    </mem>
    <mem type="tenure" free="2214840" total="7405568" percent="29">
      <mem type="soa" free="1845176" total="7035904" percent="26" />
      <mem type="loa" free="369664" total="369664" percent="100" />
    </mem>
    <pending-finalizers system="0" default="0" reference="82" classloader="0" />
    <remembered-set count="816" />
  </mem-info>
</gc-end>
<cycle-end id="1704" type="scavenge" contextid="1697" timestamp="2019-07-02T20:08:32.148">
  <attribute name="GC Util" value="25" />
  <attribute name="CPU Util" value="1385300461535" />
  <attribute name="Time Running"value="2702"/>
  <attribute name="Number of cores"value="4"/>
</cycle-end>
<allocation-satisfied id="1705" threadId="0000000001815000" bytesRequested="16" />
<af-end id="1706" timestamp="2019-07-02T20:08:32.148" threadId="0000000001815988" success="true" from="nursery"/>
<exclusive-end id="1707" timestamp="2019-07-02T20:08:32.148" durationms="3.232" />

<exclusive-start id="1708" timestamp="2019-07-02T20:08:32.159" intervalms="14.433">
  <response-info timems="0.101" idlems="0.067" threads="1" lastid="0000000001815B00" lastname="PmdThread 4" />
</exclusive-start>
<af-start id="1709" threadId="0000000001818988" totalBytesRequested="24" timestamp="2019-07-02T20:08:32.160" intervalms="14.387" type="nursery" />
<cycle-start id="1710" type="scavenge" contextid="0" timestamp="2019-07-02T20:08:32.160" intervalms="14.412" />
  <attribute name="GC Util" value="25" />
  <attribute name="CPU Util" value="1385300461535" />
  <attribute name="Time Running"value="2702"/>
  <attribute name="Number of cores"value="4"/>
<gc-start id="1711" type="scavenge" contextid="1710" timestamp="2019-07-02T20:08:32.160">
  <mem-info id="1712" free="2214464" total="13697024" percent="16">
    <mem type="nursery" free="0" total="6291456" percent="0">
      <mem type="allocate" free="0" total="4915200" percent="0" />
      <mem type="survivor" free="0" total="1376256" percent="0" />
    </mem>
    <mem type="tenure" free="2214464" total="7405568" percent="29">
      <mem type="soa" free="1844800" total="7035904" percent="26" />
      <mem type="loa" free="369664" total="369664" percent="100" />
    </mem>
    <remembered-set count="1058" />
  </mem-info>
</gc-start>
<allocation-stats totalBytes="3987168" >
  <allocated-bytes non-tlh="392" tlh="3986776" />
  <largest-consumer threadName="PmdThread 2" threadId="0000000001818000" bytes="1910472" />
</allocation-stats>
<gc-op id="1713" type="scavenge" timems="0.719" contextid="1710" timestamp="2019-07-02T20:08:32.161">
  <scavenger-info tenureage="2" tenuremask="7ffc" tiltratio="78" />
  <memory-copied type="nursery" objects="9604" bytes="662104" bytesdiscarded="128264" />
  <memory-copied type="tenure" objects="2304" bytes="75048" bytesdiscarded="80" />
  <references type="soft" candidates="5" cleared="0" enqueued="0" dynamicThreshold="10" maxThreshold="32" />
  <references type="weak" candidates="86" cleared="85" enqueued="84" />
  <references type="phantom" candidates="6" cleared="5" enqueued="5" />
</gc-op>
<gc-end id="1714" type="scavenge" contextid="1710" durationms="0.925" usertimems="4.000" systemtimems="0.000" timestamp="2019-07-02T20:08:32.161" activeThreads="4">
  <mem-info id="1715" free="6463304" total="13697024" percent="47">
    <mem type="nursery" free="4320424" total="6291456" percent="68">
      <mem type="allocate" free="4320424" total="5111808" percent="84" />
      <mem type="survivor" free="0" total="1179648" percent="0" />
    </mem>
    <mem type="tenure" free="2142880" total="7405568" percent="28">
      <mem type="soa" free="1773216" total="7035904" percent="25" />
      <mem type="loa" free="369664" total="369664" percent="100" />
    </mem>
    <pending-finalizers system="0" default="0" reference="89" classloader="0" />
    <remembered-set count="211" />
  </mem-info>
</gc-end>
<cycle-end id="1716" type="scavenge" contextid="1710" timestamp="2019-07-02T20:08:32.161">
  <attribute name="GC Util" value="36" />
  <attribute name="CPU Util" value="1277108756822" />
  <attribute name="Time Running"value="2716"/>
  <attribute name="Number of cores"value="4"/>
</cycle-end>
<allocation-satisfied id="1717" threadId="0000000001818000" bytesRequested="24" />
<af-end id="1718" timestamp="2019-07-02T20:08:32.161" threadId="0000000001818988" success="true" from="nursery"/>
<exclusive-end id="1719" timestamp="2019-07-02T20:08:32.161" durationms="1.398" />

<exclusive-start id="1720" timestamp="2019-07-02T20:08:32.189" intervalms="29.629">
  <response-info timems="0.310" idlems="0.163" threads="1" lastid="000000000150EB00" lastname="JIT Compilation Thread-2" />
</exclusive-start>
<af-start id="1721" threadId="0000000001816488" totalBytesRequested="64" timestamp="2019-07-02T20:08:32.189" intervalms="29.636" type="nursery" />
<cycle-start id="1722" type="scavenge" contextid="0" timestamp="2019-07-02T20:08:32.189" intervalms="29.660" />
  <attribute name="GC Util" value="36" />
  <attribute name="CPU Util" value="1277108756822" />
  <attribute name="Time Running"value="2716"/>
  <attribute name="Number of cores"value="4"/>
<gc-start id="1723" type="scavenge" contextid="1722" timestamp="2019-07-02T20:08:32.189">
  <mem-info id="1724" free="2142352" total="13697024" percent="15">
    <mem type="nursery" free="0" total="6291456" percent="0">
      <mem type="allocate" free="0" total="5111808" percent="0" />
      <mem type="survivor" free="0" total="1179648" percent="0" />
    </mem>
    <mem type="tenure" free="2142352" total="7405568" percent="28">
      <mem type="soa" free="1772688" total="7035904" percent="25" />
      <mem type="loa" free="369664" total="369664" percent="100" />
    </mem>
    <remembered-set count="300" />
  </mem-info>
</gc-start>
<allocation-stats totalBytes="4319016" >
  <allocated-bytes non-tlh="552" tlh="4318464" />
  <largest-consumer threadName="PmdThread 2" threadId="0000000001818000" bytes="1416920" />
</allocation-stats>
<gc-op id="1725" type="scavenge" timems="0.656" contextid="1722" timestamp="2019-07-02T20:08:32.190">
  <scavenger-info tenureage="2" tenuremask="7ffc" tiltratio="81" />
  <memory-copied type="nursery" objects="5702" bytes="521192" bytesdiscarded="250776" />
  <memory-copied type="tenure" objects="3744" bytes="195352" bytesdiscarded="1768" />
  <references type="soft" candidates="5" cleared="0" enqueued="0" dynamicThreshold="10" maxThreshold="32" />
  <references type="weak" candidates="62" cleared="61" enqueued="61" />
  <references type="phantom" candidates="14" cleared="9" enqueued="9" />
</gc-op>
<gc-end id="1726" type="scavenge" contextid="1722" durationms="0.855" usertimems="4.000" systemtimems="0.000" timestamp="2019-07-02T20:08:32.190" activeThreads="4">
  <mem-info id="1727" free="6283096" total="13697024" percent="45">
    <mem type="nursery" free="4404928" total="6291456" percent="70">
      <mem type="allocate" free="4404928" total="5177344" percent="85" />
      <mem type="survivor" free="0" total="1114112" percent="0" />
    </mem>
    <mem type="tenure" free="1878168" total="7405568" percent="25">
      <mem type="soa" free="1508504" total="7035904" percent="21" />
      <mem type="loa" free="369664" total="369664" percent="100" />
    </mem>
    <pending-finalizers system="0" default="0" reference="70" classloader="0" />
    <remembered-set count="514" />
  </mem-info>
</gc-end>
<cycle-end id="1728" type="scavenge" contextid="1722" timestamp="2019-07-02T20:08:32.190">
  <attribute name="GC Util" value="7" />
  <attribute name="CPU Util" value="621895714564" />
  <attribute name="Time Running"value="2746"/>
  <attribute name="Number of cores"value="4"/>
</cycle-end>
<allocation-satisfied id="1729" threadId="0000000001815B00" bytesRequested="64" />
<af-end id="1730" timestamp="2019-07-02T20:08:32.191" threadId="0000000001816488" success="true" from="nursery"/>
<exclusive-end id="1731" timestamp="2019-07-02T20:08:32.191" durationms="1.507" />

<exclusive-start id="1732" timestamp="2019-07-02T20:08:32.204" intervalms="15.353">
  <response-info timems="0.031" idlems="0.031" threads="0" lastid="0000000001815000" lastname="PmdThread 3" />
</exclusive-start>
<af-start id="1733" threadId="0000000001815988" totalBytesRequested="16" timestamp="2019-07-02T20:08:32.205" intervalms="15.421" type="nursery" />
<cycle-start id="1734" type="scavenge" contextid="0" timestamp="2019-07-02T20:08:32.205" intervalms="15.444" />
  <attribute name="GC Util" value="7" />
  <attribute name="CPU Util" value="621895714564" />
  <attribute name="Time Running"value="2746"/>
  <attribute name="Number of cores"value="4"/>
<gc-start id="1735" type="scavenge" contextid="1734" timestamp="2019-07-02T20:08:32.205">
  <mem-info id="1736" free="1873648" total="13697024" percent="13">
    <mem type="nursery" free="0" total="6291456" percent="0">
      <mem type="allocate" free="0" total="5177344" percent="0" />
      <mem type="survivor" free="0" total="1114112" percent="0" />
    </mem>
    <mem type="tenure" free="1873648" total="7405568" percent="25">
      <mem type="soa" free="1503984" total="7035904" percent="21" />
      <mem type="loa" free="369664" total="369664" percent="100" />
    </mem>
    <remembered-set count="649" />
  </mem-info>
</gc-start>
<allocation-stats totalBytes="4406312" >
  <allocated-bytes non-tlh="4584" tlh="4401728" />
  <largest-consumer threadName="PmdThread 4" threadId="0000000001815B00" bytes="1347296" />
</allocation-stats>
<gc-op id="1737" type="scavenge" timems="2.450" contextid="1734" timestamp="2019-07-02T20:08:32.207">
  <scavenger-info tenureage="2" tenuremask="7ffc" tiltratio="82" />
  <memory-copied type="nursery" objects="17291" bytes="995040" bytesdiscarded="117368" />
  <memory-copied type="tenure" objects="1136" bytes="38032" bytesdiscarded="8" />
  <references type="weak" candidates="69" cleared="68" enqueued="68" />
  <references type="phantom" candidates="32" cleared="19" enqueued="19" />
</gc-op>
<heap-resize id="1738" type="expand" space="nursery" amount="393216" count="1" timems="0.016" reason="excessive time being spent scavenging" timestamp="2019-07-02T20:08:32.207" />
<gc-end id="1739" type="scavenge" contextid="1734" durationms="2.709" usertimems="8.000" systemtimems="0.000" timestamp="2019-07-02T20:08:32.207" activeThreads="4">
  <mem-info id="1740" free="5785376" total="14090240" percent="41">
    <mem type="nursery" free="3933024" total="6684672" percent="58">
      <mem type="allocate" free="3933024" total="5046272" percent="77" />
      <mem type="survivor" free="0" total="1638400" percent="0" />
    </mem>
    <mem type="tenure" free="1852352" total="7405568" percent="25">
      <mem type="soa" free="1482688" total="7035904" percent="21" />
      <mem type="loa" free="369664" total="369664" percent="100" />
    </mem>
    <pending-finalizers system="0" default="0" reference="87" classloader="0" />
    <remembered-set count="310" />
  </mem-info>
</gc-end>
<cycle-end id="1741" type="scavenge" contextid="1734" timestamp="2019-07-02T20:08:32.208">
  <attribute name="GC Util" value="11" />
  <attribute name="CPU Util" value="1197642445948" />
  <attribute name="Time Running"value="2761"/>
  <attribute name="Number of cores"value="4"/>
</cycle-end>
<allocation-satisfied id="1742" threadId="0000000001815000" bytesRequested="16" />
<af-end id="1743" timestamp="2019-07-02T20:08:32.208" threadId="0000000001815988" success="true" from="nursery"/>
<exclusive-end id="1744" timestamp="2019-07-02T20:08:32.208" durationms="3.296" />

<exclusive-start id="1745" timestamp="2019-07-02T20:08:32.223" intervalms="18.149">
  <response-info timems="0.043" idlems="0.043" threads="0" lastid="0000000001818000" lastname="PmdThread 2" />
</exclusive-start>
<af-start id="1746" threadId="0000000001818988" totalBytesRequested="64" timestamp="2019-07-02T20:08:32.223" intervalms="18.051" type="nursery" />
<cycle-start id="1747" type="scavenge" contextid="0" timestamp="2019-07-02T20:08:32.223" intervalms="17.986" />
  <attribute name="GC Util" value="11" />
  <attribute name="CPU Util" value="1197642445948" />
  <attribute name="Time Running"value="2761"/>
  <attribute name="Number of cores"value="4"/>
<gc-start id="1748" type="scavenge" contextid="1747" timestamp="2019-07-02T20:08:32.223">
  <mem-info id="1749" free="1851944" total="14090240" percent="13">
    <mem type="nursery" free="0" total="6684672" percent="0">
      <mem type="allocate" free="0" total="5046272" percent="0" />
      <mem type="survivor" free="0" total="1638400" percent="0" />
    </mem>
    <mem type="tenure" free="1851944" total="7405568" percent="25">
      <mem type="soa" free="1482280" total="7035904" percent="21" />
      <mem type="loa" free="369664" total="369664" percent="100" />
    </mem>
    <remembered-set count="376" />
  </mem-info>
</gc-start>
<allocation-stats totalBytes="3929664" >
  <allocated-bytes non-tlh="424" tlh="3929240" />
  <largest-consumer threadName="PmdThread 1" threadId="0000000001814400" bytes="1342072" />
</allocation-stats>
<gc-op id="1750" type="scavenge" timems="3.520" contextid="1747" timestamp="2019-07-02T20:08:32.226">
  <scavenger-info tenureage="2" tenuremask="7ffc" tiltratio="75" />
  <memory-copied type="nursery" objects="18272" bytes="1073520" bytesdiscarded="196936" />
  <memory-copied type="tenure" objects="2473" bytes="268208" bytesdiscarded="1416" />
  <references type="weak" candidates="120" cleared="120" enqueued="120" />
  <references type="phantom" candidates="21" cleared="10" enqueued="10" />
</gc-op>
<heap-resize id="1751" type="expand" space="nursery" amount="524288" count="1" timems="0.013" reason="excessive time being spent scavenging" timestamp="2019-07-02T20:08:32.226" />
<gc-end id="1752" type="scavenge" contextid="1747" durationms="3.748" usertimems="4.000" systemtimems="8.000" timestamp="2019-07-02T20:08:32.227" activeThreads="4">
  <mem-info id="1753" free="6064960" total="14614528" percent="41">
    <mem type="nursery" free="4494192" total="7208960" percent="62">
      <mem type="allocate" free="4494192" total="5767168" percent="77" />
      <mem type="survivor" free="0" total="1441792" percent="0" />
    </mem>
    <mem type="tenure" free="1570768" total="7405568" percent="21">
      <mem type="soa" free="1201104" total="7035904" percent="17" />
      <mem type="loa" free="369664" total="369664" percent="100" />
    </mem>
    <pending-finalizers system="0" default="0" reference="130" classloader="0" />
    <remembered-set count="476" />
  </mem-info>
</gc-end>
<cycle-end id="1754" type="scavenge" contextid="1747" timestamp="2019-07-02T20:08:32.227">
  <attribute name="GC Util" value="28" />
  <attribute name="CPU Util" value="1025849409557" />
  <attribute name="Time Running"value="2779"/>
  <attribute name="Number of cores"value="4"/>
</cycle-end>
<allocation-satisfied id="1755" threadId="0000000001818000" bytesRequested="64" />
<af-end id="1756" timestamp="2019-07-02T20:08:32.227" threadId="0000000001818988" success="true" from="nursery"/>
<exclusive-end id="1757" timestamp="2019-07-02T20:08:32.227" durationms="4.120" />

<exclusive-start id="1758" timestamp="2019-07-02T20:08:32.240" intervalms="17.245">
  <response-info timems="0.051" idlems="0.051" threads="0" lastid="0000000001814400" lastname="PmdThread 1" />
</exclusive-start>
<af-start id="1759" threadId="0000000001814D88" totalBytesRequested="72" timestamp="2019-07-02T20:08:32.240" intervalms="17.218" type="nursery" />
<cycle-start id="1760" type="scavenge" contextid="0" timestamp="2019-07-02T20:08:32.240" intervalms="17.213" />
  <attribute name="GC Util" value="28" />
  <attribute name="CPU Util" value="1025849409557" />
  <attribute name="Time Running"value="2779"/>
  <attribute name="Number of cores"value="4"/>
<gc-start id="1761" type="scavenge" contextid="1760" timestamp="2019-07-02T20:08:32.240">
  <mem-info id="1762" free="1570768" total="14614528" percent="10">
    <mem type="nursery" free="0" total="7208960" percent="0">
      <mem type="allocate" free="0" total="5767168" percent="0" />
      <mem type="survivor" free="0" total="1441792" percent="0" />
    </mem>
    <mem type="tenure" free="1570768" total="7405568" percent="21">
      <mem type="soa" free="1201104" total="7035904" percent="17" />
      <mem type="loa" free="369664" total="369664" percent="100" />
    </mem>
    <remembered-set count="535" />
  </mem-info>
</gc-start>
<allocation-stats totalBytes="4487008" >
  <allocated-bytes non-tlh="64" tlh="4486944" />
  <largest-consumer threadName="PmdThread 4" threadId="0000000001815B00" bytes="1389616" />
</allocation-stats>
<gc-op id="1763" type="scavenge" timems="2.472" contextid="1760" timestamp="2019-07-02T20:08:32.243">
  <scavenger-info tenureage="2" tenuremask="7ffc" tiltratio="80" />
  <memory-copied type="nursery" objects="5363" bytes="497240" bytesdiscarded="257008" />
  <memory-copied type="tenure" objects="12931" bytes="526152" bytesdiscarded="1632" />
  <references type="weak" candidates="152" cleared="152" enqueued="152" />
  <references type="phantom" candidates="11" cleared="11" enqueued="11" />
</gc-op>
<heap-resize id="1764" type="expand" space="nursery" amount="524288" count="1" timems="0.014" reason="excessive time being spent scavenging" timestamp="2019-07-02T20:08:32.243" />
<gc-end id="1765" type="scavenge" contextid="1760" durationms="2.906" usertimems="0.000" systemtimems="8.000" timestamp="2019-07-02T20:08:32.243" activeThreads="4">
  <mem-info id="1766" free="6563336" total="15138816" percent="43">
    <mem type="nursery" free="5536920" total="7733248" percent="71">
      <mem type="allocate" free="5536920" total="6291456" percent="88" />
      <mem type="survivor" free="0" total="1441792" percent="0" />
    </mem>
    <mem type="tenure" free="1026416" total="7405568" percent="13">
      <mem type="soa" free="656752" total="7035904" percent="9" />
      <mem type="loa" free="369664" total="369664" percent="100" />
    </mem>
    <pending-finalizers system="0" default="0" reference="163" classloader="0" />
    <remembered-set count="267" />
  </mem-info>
</gc-end>
<cycle-end id="1767" type="scavenge" contextid="1760" timestamp="2019-07-02T20:08:32.243">
  <attribute name="GC Util" value="50" />
  <attribute name="CPU Util" value="1070080673411" />
  <attribute name="Time Running"value="2797"/>
  <attribute name="Number of cores"value="4"/>
</cycle-end>
<allocation-satisfied id="1768" threadId="0000000001814400" bytesRequested="72" />
<af-end id="1769" timestamp="2019-07-02T20:08:32.243" threadId="0000000001814D88" success="true" from="nursery"/>
<exclusive-end id="1770" timestamp="2019-07-02T20:08:32.243" durationms="3.334" />

<exclusive-start id="1771" timestamp="2019-07-02T20:08:32.260" intervalms="19.954">
  <response-info timems="0.057" idlems="0.057" threads="0" lastid="0000000001814400" lastname="PmdThread 1" />
</exclusive-start>
<af-start id="1772" threadId="0000000001814D88" totalBytesRequested="24" timestamp="2019-07-02T20:08:32.260" intervalms="19.951" type="nursery" />
<cycle-start id="1773" type="scavenge" contextid="0" timestamp="2019-07-02T20:08:32.260" intervalms="19.974" />
  <attribute name="GC Util" value="50" />
  <attribute name="CPU Util" value="1070080673411" />
  <attribute name="Time Running"value="2797"/>
  <attribute name="Number of cores"value="4"/>
<gc-start id="1774" type="scavenge" contextid="1773" timestamp="2019-07-02T20:08:32.260">
  <mem-info id="1775" free="1026088" total="15138816" percent="6">
    <mem type="nursery" free="0" total="7733248" percent="0">
      <mem type="allocate" free="0" total="6291456" percent="0" />
      <mem type="survivor" free="0" total="1441792" percent="0" />
    </mem>
    <mem type="tenure" free="1026088" total="7405568" percent="13">
      <mem type="soa" free="656424" total="7035904" percent="9" />
      <mem type="loa" free="369664" total="369664" percent="100" />
    </mem>
    <remembered-set count="347" />
  </mem-info>
</gc-start>
<allocation-stats totalBytes="5518376" >
  <allocated-bytes non-tlh="400" tlh="5517976" />
  <largest-consumer threadName="PmdThread 1" threadId="0000000001814400" bytes="1665752" />
</allocation-stats>
<gc-op id="1776" type="scavenge" timems="2.303" contextid="1773" timestamp="2019-07-02T20:08:32.262">
  <scavenger-info tenureage="3" tenuremask="7ff8" tiltratio="81" />
  <memory-copied type="nursery" objects="9429" bytes="761888" bytesdiscarded="94424" />
  <references type="soft" candidates="11" cleared="0" enqueued="0" dynamicThreshold="10" maxThreshold="32" />
  <references type="weak" candidates="104" cleared="104" enqueued="104" />
  <references type="phantom" candidates="22" cleared="20" enqueued="20" />
</gc-op>
<heap-resize id="1777" type="expand" space="nursery" amount="393216" count="1" timems="0.015" reason="excessive time being spent scavenging" timestamp="2019-07-02T20:08:32.262" />
<gc-end id="1778" type="scavenge" contextid="1773" durationms="2.545" usertimems="0.000" systemtimems="4.000" timestamp="2019-07-02T20:08:32.263" activeThreads="4">
  <mem-info id="1779" free="6985104" total="15532032" percent="44">
    <mem type="nursery" free="5959016" total="8126464" percent="73">
      <mem type="allocate" free="5959016" total="6815744" percent="87" />
      <mem type="survivor" free="0" total="1310720" percent="0" />
    </mem>
    <mem type="tenure" free="1026088" total="7405568" percent="13">
      <mem type="soa" free="656424" total="7035904" percent="9" />
      <mem type="loa" free="369664" total="369664" percent="100" />
    </mem>
    <pending-finalizers system="0" default="0" reference="124" classloader="0" />
    <remembered-set count="319" />
  </mem-info>
</gc-end>
<cycle-end id="1780" type="scavenge" contextid="1773" timestamp="2019-07-02T20:08:32.263">
  <attribute name="GC Util" value="28" />
  <attribute name="CPU Util" value="922908160332" />
  <attribute name="Time Running"value="2817"/>
  <attribute name="Number of cores"value="4"/>
</cycle-end>
<allocation-satisfied id="1781" threadId="0000000001814400" bytesRequested="24" />
<af-end id="1782" timestamp="2019-07-02T20:08:32.263" threadId="0000000001814D88" success="true" from="nursery"/>
<exclusive-end id="1783" timestamp="2019-07-02T20:08:32.263" durationms="2.973" />

<exclusive-start id="1784" timestamp="2019-07-02T20:08:32.277" intervalms="17.721">
  <response-info timems="0.025" idlems="0.025" threads="0" lastid="0000000001818000" lastname="PmdThread 2" />
</exclusive-start>
<af-start id="1785" threadId="0000000001818988" totalBytesRequested="16" timestamp="2019-07-02T20:08:32.278" intervalms="17.787" type="nursery" />
<cycle-start id="1786" type="scavenge" contextid="0" timestamp="2019-07-02T20:08:32.278" intervalms="17.802" />
  <attribute name="GC Util" value="28" />
  <attribute name="CPU Util" value="922908160332" />
  <attribute name="Time Running"value="2817"/>
  <attribute name="Number of cores"value="4"/>
<gc-start id="1787" type="scavenge" contextid="1786" timestamp="2019-07-02T20:08:32.278">
  <mem-info id="1788" free="1026088" total="15532032" percent="6">
    <mem type="nursery" free="0" total="8126464" percent="0">
      <mem type="allocate" free="0" total="6815744" percent="0" />
      <mem type="survivor" free="0" total="1310720" percent="0" />
    </mem>
    <mem type="tenure" free="1026088" total="7405568" percent="13">
      <mem type="soa" free="656424" total="7035904" percent="9" />
      <mem type="loa" free="369664" total="369664" percent="100" />
    </mem>
    <remembered-set count="400" />
  </mem-info>
</gc-start>
<allocation-stats totalBytes="5955320" >
  <allocated-bytes non-tlh="24" tlh="5955296" />
  <largest-consumer threadName="PmdThread 1" threadId="0000000001814400" bytes="1899104" />
</allocation-stats>
<gc-op id="1789" type="scavenge" timems="1.607" contextid="1786" timestamp="2019-07-02T20:08:32.279">
  <scavenger-info tenureage="3" tenuremask="7ff8" tiltratio="83" />
  <memory-copied type="nursery" objects="8251" bytes="743584" bytesdiscarded="100280" />
  <memory-copied type="tenure" objects="507" bytes="17272" bytesdiscarded="16" />
  <references type="soft" candidates="11" cleared="0" enqueued="0" dynamicThreshold="10" maxThreshold="32" />
  <references type="weak" candidates="111" cleared="111" enqueued="111" />
  <references type="phantom" candidates="19" cleared="16" enqueued="16" />
</gc-op>
<gc-end id="1790" type="scavenge" contextid="1786" durationms="1.819" usertimems="4.000" systemtimems="0.000" timestamp="2019-07-02T20:08:32.280" activeThreads="4">
  <mem-info id="1791" free="7088032" total="15532032" percent="45">
    <mem type="nursery" free="6101112" total="8126464" percent="75">
      <mem type="allocate" free="6101112" total="6946816" percent="87" />
      <mem type="survivor" free="0" total="1179648" percent="0" />
    </mem>
    <mem type="tenure" free="986920" total="7405568" percent="13">
      <mem type="soa" free="617256" total="7035904" percent="8" />
      <mem type="loa" free="369664" total="369664" percent="100" />
    </mem>
    <pending-finalizers system="0" default="0" reference="127" classloader="0" />
    <remembered-set count="278" />
  </mem-info>
</gc-end>
<cycle-end id="1792" type="scavenge" contextid="1786" timestamp="2019-07-02T20:08:32.280">
  <attribute name="GC Util" value="29" />
  <attribute name="CPU Util" value="1037653037943" />
  <attribute name="Time Running"value="2834"/>
  <attribute name="Number of cores"value="4"/>
</cycle-end>
<allocation-satisfied id="1793" threadId="0000000001818000" bytesRequested="16" />
<af-end id="1794" timestamp="2019-07-02T20:08:32.280" threadId="0000000001818988" success="true" from="nursery"/>
<exclusive-end id="1795" timestamp="2019-07-02T20:08:32.280" durationms="2.279" />

<exclusive-start id="1796" timestamp="2019-07-02T20:08:32.298" intervalms="20.170">
  <response-info timems="0.051" idlems="0.051" threads="0" lastid="0000000001814400" lastname="PmdThread 1" />
</exclusive-start>
<af-start id="1797" threadId="0000000001814D88" totalBytesRequested="456" timestamp="2019-07-02T20:08:32.298" intervalms="20.133" type="nursery" />
<cycle-start id="1798" type="scavenge" contextid="0" timestamp="2019-07-02T20:08:32.298" intervalms="20.156" />
  <attribute name="GC Util" value="29" />
  <attribute name="CPU Util" value="1037653037943" />
  <attribute name="Time Running"value="2834"/>
  <attribute name="Number of cores"value="4"/>
<gc-start id="1799" type="scavenge" contextid="1798" timestamp="2019-07-02T20:08:32.298">
  <mem-info id="1800" free="986920" total="15532032" percent="6">
    <mem type="nursery" free="0" total="8126464" percent="0">
      <mem type="allocate" free="0" total="6946816" percent="0" />
      <mem type="survivor" free="0" total="1179648" percent="0" />
    </mem>
    <mem type="tenure" free="986920" total="7405568" percent="13">
      <mem type="soa" free="617256" total="7035904" percent="8" />
      <mem type="loa" free="369664" total="369664" percent="100" />
    </mem>
    <remembered-set count="375" />
  </mem-info>
</gc-start>
<allocation-stats totalBytes="6095816" >
  <allocated-bytes non-tlh="16" tlh="6095800" />
  <largest-consumer threadName="PmdThread 2" threadId="0000000001818000" bytes="1575688" />
</allocation-stats>
<gc-op id="1801" type="scavenge" timems="1.950" contextid="1798" timestamp="2019-07-02T20:08:32.300">
  <scavenger-info tenureage="3" tenuremask="7ff8" tiltratio="85" />
  <memory-copied type="nursery" objects="10861" bytes="931176" bytesdiscarded="108480" />
  <memory-copied type="tenure" objects="343" bytes="16888" bytesdiscarded="0" />
  <references type="soft" candidates="11" cleared="0" enqueued="0" dynamicThreshold="10" maxThreshold="32" />
  <references type="weak" candidates="128" cleared="128" enqueued="128" />
  <references type="phantom" candidates="29" cleared="24" enqueued="24" />
</gc-op>
<heap-resize id="1802" type="expand" space="nursery" amount="524288" count="1" timems="0.014" reason="excessive time being spent scavenging" timestamp="2019-07-02T20:08:32.300" />
<gc-end id="1803" type="scavenge" contextid="1798" durationms="2.206" usertimems="4.000" systemtimems="0.000" timestamp="2019-07-02T20:08:32.300" activeThreads="4">
  <mem-info id="1804" free="7181368" total="16056320" percent="44">
    <mem type="nursery" free="6233616" total="8650752" percent="72">
      <mem type="allocate" free="6233616" total="7274496" percent="85" />
      <mem type="survivor" free="0" total="1376256" percent="0" />
    </mem>
    <mem type="tenure" free="947752" total="7405568" percent="12">
      <mem type="soa" free="578088" total="7035904" percent="8" />
      <mem type="loa" free="369664" total="369664" percent="100" />
    </mem>
    <pending-finalizers system="0" default="0" reference="152" classloader="0" />
    <remembered-set count="317" />
  </mem-info>
</gc-end>
<cycle-end id="1805" type="scavenge" contextid="1798" timestamp="2019-07-02T20:08:32.300">
  <attribute name="GC Util" value="16" />
  <attribute name="CPU Util" value="912938275426" />
  <attribute name="Time Running"value="2855"/>
  <attribute name="Number of cores"value="4"/>
</cycle-end>
<allocation-satisfied id="1806" threadId="0000000001814400" bytesRequested="456" />
<af-end id="1807" timestamp="2019-07-02T20:08:32.300" threadId="0000000001814D88" success="true" from="nursery"/>
<exclusive-end id="1808" timestamp="2019-07-02T20:08:32.300" durationms="2.713" />

<exclusive-start id="1809" timestamp="2019-07-02T20:08:32.319" intervalms="21.656">
  <response-info timems="0.244" idlems="0.244" threads="0" lastid="0000000001815000" lastname="PmdThread 3" />
</exclusive-start>
<af-start id="1810" threadId="0000000001815988" totalBytesRequested="16392" timestamp="2019-07-02T20:08:32.319" intervalms="21.671" type="nursery" />
<cycle-start id="1811" type="scavenge" contextid="0" timestamp="2019-07-02T20:08:32.319" intervalms="21.612" />
  <attribute name="GC Util" value="16" />
  <attribute name="CPU Util" value="912938275426" />
  <attribute name="Time Running"value="2855"/>
  <attribute name="Number of cores"value="4"/>
<gc-start id="1812" type="scavenge" contextid="1811" timestamp="2019-07-02T20:08:32.320">
  <mem-info id="1813" free="947752" total="16056320" percent="5">
    <mem type="nursery" free="0" total="8650752" percent="0">
      <mem type="allocate" free="0" total="7274496" percent="0" />
      <mem type="survivor" free="0" total="1376256" percent="0" />
    </mem>
    <mem type="tenure" free="947752" total="7405568" percent="12">
      <mem type="soa" free="578088" total="7035904" percent="8" />
      <mem type="loa" free="369664" total="369664" percent="100" />
    </mem>
    <remembered-set count="406" />
  </mem-info>
</gc-start>
<allocation-stats totalBytes="6216176" >
  <allocated-bytes non-tlh="456" tlh="6215720" />
  <largest-consumer threadName="PmdThread 2" threadId="0000000001818000" bytes="2230000" />
</allocation-stats>
<gc-op id="1814" type="scavenge" timems="1.529" contextid="1811" timestamp="2019-07-02T20:08:32.321">
  <scavenger-info tenureage="3" tenuremask="7ff8" tiltratio="84" />
  <memory-copied type="nursery" objects="9269" bytes="840968" bytesdiscarded="114000" />
  <memory-copied type="tenure" objects="560" bytes="20048" bytesdiscarded="8" />
  <references type="weak" candidates="129" cleared="129" enqueued="129" />
  <references type="phantom" candidates="28" cleared="23" enqueued="23" />
</gc-op>
<gc-end id="1815" type="scavenge" contextid="1811" durationms="1.715" usertimems="4.000" systemtimems="0.000" timestamp="2019-07-02T20:08:32.321" activeThreads="4">
  <mem-info id="1816" free="7383536" total="16056320" percent="45">
    <mem type="nursery" free="6514120" total="8650752" percent="75">
      <mem type="allocate" free="6514120" total="7471104" percent="87" />
      <mem type="survivor" free="0" total="1179648" percent="0" />
    </mem>
    <mem type="tenure" free="869416" total="7405568" percent="11">
      <mem type="soa" free="499752" total="7035904" percent="7" />
      <mem type="loa" free="369664" total="369664" percent="100" />
    </mem>
    <pending-finalizers system="0" default="0" reference="152" classloader="0" />
    <remembered-set count="335" />
  </mem-info>
</gc-end>
<cycle-end id="1817" type="scavenge" contextid="1811" timestamp="2019-07-02T20:08:32.321">
  <attribute name="GC Util" value="20" />
  <attribute name="CPU Util" value="854224422770" />
  <attribute name="Time Running"value="2876"/>
  <attribute name="Number of cores"value="4"/>
</cycle-end>
<allocation-satisfied id="1818" threadId="0000000001815000" bytesRequested="16392" />
<af-end id="1819" timestamp="2019-07-02T20:08:32.321" threadId="0000000001815988" success="true" from="nursery"/>
<exclusive-end id="1820" timestamp="2019-07-02T20:08:32.321" durationms="2.142" />

<exclusive-start id="1821" timestamp="2019-07-02T20:08:32.334" intervalms="14.715">
  <response-info timems="0.047" idlems="0.026" threads="1" lastid="0000000001814400" lastname="PmdThread 1" />
</exclusive-start>
<af-start id="1822" threadId="0000000001818988" totalBytesRequested="56" timestamp="2019-07-02T20:08:32.334" intervalms="14.673" type="nursery" />
<cycle-start id="1823" type="scavenge" contextid="0" timestamp="2019-07-02T20:08:32.334" intervalms="14.665" />
  <attribute name="GC Util" value="20" />
  <attribute name="CPU Util" value="854224422770" />
  <attribute name="Time Running"value="2876"/>
  <attribute name="Number of cores"value="4"/>
<gc-start id="1824" type="scavenge" contextid="1823" timestamp="2019-07-02T20:08:32.334">
  <mem-info id="1825" free="869416" total="16056320" percent="5">
    <mem type="nursery" free="0" total="8650752" percent="0">
      <mem type="allocate" free="0" total="7471104" percent="0" />
      <mem type="survivor" free="0" total="1179648" percent="0" />
    </mem>
    <mem type="tenure" free="869416" total="7405568" percent="11">
      <mem type="soa" free="499752" total="7035904" percent="7" />
      <mem type="loa" free="369664" total="369664" percent="100" />
    </mem>
    <remembered-set count="379" />
  </mem-info>
</gc-start>
<allocation-stats totalBytes="6511664" >
  <allocated-bytes non-tlh="16392" tlh="6495272" />
  <largest-consumer threadName="PmdThread 1" threadId="0000000001814400" bytes="2288968" />
</allocation-stats>
<gc-op id="1826" type="scavenge" timems="3.704" contextid="1823" timestamp="2019-07-02T20:08:32.338">
  <scavenger-info tenureage="3" tenuremask="7ff8" tiltratio="86" />
  <memory-copied type="nursery" objects="24371" bytes="1175768" bytesdiscarded="920" />
  <memory-copied type="tenure" objects="10302" bytes="723456" bytesdiscarded="1400" />
  <copy-failed type="nursery" objects="9879" bytes="709376" />
  <references type="phantom" candidates="15" cleared="0" enqueued="0" />
  <heap-resize type="expand" space="tenure" amount="131072" count="2" timems="0.021" reason="continue current collection" />
</gc-op>
<heap-resize id="1827" type="expand" space="nursery" amount="917504" count="1" timems="0.010" reason="excessive time being spent scavenging" timestamp="2019-07-02T20:08:32.338" />
<gc-end id="1828" type="scavenge" contextid="1823" durationms="4.034" usertimems="8.000" systemtimems="0.000" timestamp="2019-07-02T20:08:32.338" activeThreads="4">
  <mem-info id="1829" free="5160960" total="17104896" percent="30">
    <mem type="nursery" free="4784128" total="9568256" percent="50">
      <mem type="allocate" free="4784128" total="5963776" percent="80" />
      <mem type="survivor" free="0" total="3604480" percent="0" />
    </mem>
    <mem type="tenure" free="376832" total="7536640" percent="5">
      <mem type="soa" free="0" total="7159808" percent="0" />
      <mem type="loa" free="376832" total="376832" percent="100" />
    </mem>
    <remembered-set count="1267" />
  </mem-info>
</gc-end>
<cycle-end id="1830" type="scavenge" contextid="1823" timestamp="2019-07-02T20:08:32.338">
  <attribute name="GC Util" value="23" />
  <attribute name="CPU Util" value="1261400530370" />
  <attribute name="Time Running"value="2891"/>
  <attribute name="Number of cores"value="4"/>
</cycle-end>
<allocation-satisfied id="1831" threadId="0000000001818000" bytesRequested="56" />
<af-end id="1832" timestamp="2019-07-02T20:08:32.339" threadId="0000000001818988" success="true" from="nursery"/>
<exclusive-end id="1833" timestamp="2019-07-02T20:08:32.339" durationms="4.774" />

<concurrent-kickoff id="1834" timestamp="2019-07-02T20:08:32.349">
  <kickoff reason="threshold reached" targetBytes="2351244" thresholdFreeBytes="326176"  remainingFree="233416" tenureFreeBytes="376832" nurseryFreeBytes="233416" />
</concurrent-kickoff>
<exclusive-start id="1835" timestamp="2019-07-02T20:08:32.349" intervalms="14.692">
  <response-info timems="0.061" idlems="0.032" threads="1" lastid="0000000001818000" lastname="PmdThread 2" />
</exclusive-start>
<cycle-start id="1836" type="global" contextid="0" timestamp="2019-07-02T20:08:32.349" intervalms="238.153" />
  <attribute name="GC Util" value="23" />
  <attribute name="CPU Util" value="1261400530370" />
  <attribute name="Time Running"value="2891"/>
  <attribute name="Number of cores"value="4"/>
<exclusive-end id="1837" timestamp="2019-07-02T20:08:32.349" durationms="0.108" />

<exclusive-start id="1838" timestamp="2019-07-02T20:08:32.350" intervalms="1.224">
  <response-info timems="0.068" idlems="0.068" threads="0" lastid="0000000001818000" lastname="PmdThread 2" />
</exclusive-start>
<af-start id="1839" threadId="0000000001818988" totalBytesRequested="56" timestamp="2019-07-02T20:08:32.350" intervalms="15.937" type="nursery" />
<cycle-start id="1840" type="scavenge" contextid="0" timestamp="2019-07-02T20:08:32.350" intervalms="16.000" />
  <attribute name="GC Util" value="23" />
  <attribute name="CPU Util" value="1261400530370" />
  <attribute name="Time Running"value="2891"/>
  <attribute name="Number of cores"value="4"/>
<gc-start id="1841" type="scavenge" contextid="1840" timestamp="2019-07-02T20:08:32.350">
  <mem-info id="1842" free="376832" total="17104896" percent="2">
    <mem type="nursery" free="0" total="9568256" percent="0">
      <mem type="allocate" free="0" total="5963776" percent="0" />
      <mem type="survivor" free="0" total="3604480" percent="0" />
    </mem>
    <mem type="tenure" free="376832" total="7536640" percent="5">
      <mem type="soa" free="0" total="7159808" percent="0" />
      <mem type="loa" free="376832" total="376832" percent="100" />
    </mem>
    <remembered-set count="1319" />
  </mem-info>
</gc-start>
<allocation-stats totalBytes="4782896" >
  <allocated-bytes non-tlh="56" tlh="4782840" />
  <largest-consumer threadName="PmdThread 2" threadId="0000000001818000" bytes="2022992" />
</allocation-stats>
<gc-op id="1843" type="scavenge" timems="2.539" contextid="1840" timestamp="2019-07-02T20:08:32.353">
  <scavenger-info tenureage="3" tenuremask="7ff8" tiltratio="62" />
  <memory-copied type="nursery" objects="48752" bytes="2216592" bytesdiscarded="246192" />
  <memory-copied type="tenure" objects="15" bytes="864" bytesdiscarded="0" />
  <references type="weak" candidates="14" cleared="14" enqueued="14" />
  <references type="phantom" candidates="13" cleared="2" enqueued="2" />
</gc-op>
<heap-resize id="1844" type="expand" space="nursery" amount="655360" count="1" timems="0.017" reason="excessive time being spent scavenging" timestamp="2019-07-02T20:08:32.353" />
<gc-end id="1845" type="scavenge" contextid="1840" durationms="2.781" usertimems="8.000" systemtimems="0.000" timestamp="2019-07-02T20:08:32.353" activeThreads="4">
  <mem-info id="1846" free="5053840" total="17760256" percent="28">
    <mem type="nursery" free="4677008" total="10223616" percent="45">
      <mem type="allocate" free="4677008" total="7143424" percent="65" />
      <mem type="survivor" free="0" total="3080192" percent="0" />
    </mem>
    <mem type="tenure" free="376832" total="7536640" percent="5">
      <mem type="soa" free="0" total="7159808" percent="0" />
      <mem type="loa" free="376832" total="376832" percent="100" />
    </mem>
    <pending-finalizers system="0" default="0" reference="16" classloader="0" />
    <remembered-set count="1288" />
  </mem-info>
</gc-end>
<cycle-end id="1847" type="scavenge" contextid="1840" timestamp="2019-07-02T20:08:32.353">
  <attribute name="GC Util" value="45" />
  <attribute name="CPU Util" value="1150111852353" />
  <attribute name="Time Running"value="2907"/>
  <attribute name="Number of cores"value="4"/>
</cycle-end>
<allocation-satisfied id="1848" threadId="0000000001818000" bytesRequested="56" />
<af-end id="1849" timestamp="2019-07-02T20:08:32.353" threadId="0000000001818988" success="true" from="nursery"/>
<exclusive-end id="1850" timestamp="2019-07-02T20:08:32.353" durationms="3.367" />

<exclusive-start id="1851" timestamp="2019-07-02T20:08:32.362" intervalms="11.605">
  <response-info timems="0.222" idlems="0.140" threads="1" lastid="000000000150AF00" lastname="JIT Compilation Thread-1" />
</exclusive-start>
<af-start id="1852" threadId="0000000001816488" totalBytesRequested="56" timestamp="2019-07-02T20:08:32.362" intervalms="11.653" type="nursery" />
<cycle-start id="1853" type="scavenge" contextid="0" timestamp="2019-07-02T20:08:32.362" intervalms="11.616" />
  <attribute name="GC Util" value="45" />
  <attribute name="CPU Util" value="1150111852353" />
  <attribute name="Time Running"value="2907"/>
  <attribute name="Number of cores"value="4"/>
<gc-start id="1854" type="scavenge" contextid="1853" timestamp="2019-07-02T20:08:32.362">
  <mem-info id="1855" free="376832" total="17760256" percent="2">
    <mem type="nursery" free="0" total="10223616" percent="0">
      <mem type="allocate" free="0" total="7143424" percent="0" />
      <mem type="survivor" free="0" total="3080192" percent="0" />
    </mem>
    <mem type="tenure" free="376832" total="7536640" percent="5">
      <mem type="soa" free="0" total="7159808" percent="0" />
      <mem type="loa" free="376832" total="376832" percent="100" />
    </mem>
    <remembered-set count="1302" />
  </mem-info>
</gc-start>
<allocation-stats totalBytes="4671696" >
  <allocated-bytes non-tlh="56" tlh="4671640" />
  <largest-consumer threadName="PmdThread 3" threadId="0000000001815000" bytes="2116944" />
</allocation-stats>
<gc-op id="1856" type="scavenge" timems="1.789" contextid="1853" timestamp="2019-07-02T20:08:32.364">
  <scavenger-info tenureage="2" tenuremask="7ffc" tiltratio="69" />
  <memory-copied type="nursery" objects="34561" bytes="1412528" bytesdiscarded="246000" />
  <memory-copied type="tenure" objects="23877" bytes="1164928" bytesdiscarded="336" />
  <references type="weak" candidates="219" cleared="219" enqueued="219" />
  <references type="phantom" candidates="2" cleared="1" enqueued="1" />
  <heap-resize type="expand" space="tenure" amount="1376256" count="21" timems="0.268" reason="continue current collection" />
</gc-op>
<heap-resize id="1857" type="expand" space="nursery" amount="524288" count="1" timems="0.023" reason="excessive time being spent scavenging" timestamp="2019-07-02T20:08:32.364" />
<gc-end id="1858" type="scavenge" contextid="1853" durationms="2.061" usertimems="4.000" systemtimems="0.000" timestamp="2019-07-02T20:08:32.364" activeThreads="4">
  <mem-info id="1859" free="6637288" total="19660800" percent="33">
    <mem type="nursery" free="6137584" total="10747904" percent="57">
      <mem type="allocate" free="6137584" total="7798784" percent="78" />
      <mem type="survivor" free="0" total="2949120" percent="0" />
    </mem>
    <mem type="tenure" free="499704" total="8912896" percent="5">
      <mem type="soa" free="54264" total="8467456" percent="0" />
      <mem type="loa" free="445440" total="445440" percent="100" />
    </mem>
    <pending-finalizers system="0" default="0" reference="220" classloader="0" />
    <remembered-set count="248" />
  </mem-info>
</gc-end>
<cycle-end id="1860" type="scavenge" contextid="1853" timestamp="2019-07-02T20:08:32.364">
  <attribute name="GC Util" value="59" />
  <attribute name="CPU Util" value="1589747435201" />
  <attribute name="Time Running"value="2918"/>
  <attribute name="Number of cores"value="4"/>
</cycle-end>
<concurrent-collection-start id="1861" timestamp="2019-07-02T20:08:32.364" intervalms="246.444" >
  <concurrent-trace-info reason="card cleaning threshold reached" tracedByMutators="970980" tracedByHelpers="1084932" cardsCleaned="34" workStackOverflowCount="0" />
</concurrent-collection-start>
<gc-start id="1862" type="global" contextid="1836" timestamp="2019-07-02T20:08:32.364">
  <mem-info id="1863" free="6637232" total="19660800" percent="33">
    <mem type="nursery" free="6137528" total="10747904" percent="57">
      <mem type="allocate" free="6137528" total="7798784" percent="78" />
      <mem type="survivor" free="0" total="2949120" percent="0" />
    </mem>
    <mem type="tenure" free="499704" total="8912896" percent="5">
      <mem type="soa" free="54264" total="8467456" percent="0" />
      <mem type="loa" free="445440" total="445440" percent="100" />
    </mem>
    <pending-finalizers system="0" default="0" reference="220" classloader="0" />
    <remembered-set count="248" />
  </mem-info>
</gc-start>
<allocation-stats totalBytes="56" >
  <allocated-bytes non-tlh="56" tlh="0" />
  <largest-consumer threadName="PmdThread 4" threadId="0000000001815B00" bytes="56" />
</allocation-stats>
<gc-op id="1864" type="rs-scan" timems="0.843" contextid="1836" timestamp="2019-07-02T20:08:32.365">
  <scan objectsFound="136" bytesTraced="551980" workStackOverflowCount="0" />
</gc-op>
<gc-op id="1865" type="card-cleaning" timems="0.265" contextid="1836" timestamp="2019-07-02T20:08:32.365">
  <card-cleaning cardsCleaned="139" bytesTraced="131716" workStackOverflowCount="0" />
</gc-op>
<gc-op id="1866" type="mark" timems="1.263" contextid="1836" timestamp="2019-07-02T20:08:32.367">
  <trace-info objectcount="38100" scancount="34992" scanbytes="1285540" />
  <finalization candidates="57" enqueued="0" />
  <ownableSynchronizers candidates="8" cleared="0" />
  <references type="soft" candidates="241" cleared="0" enqueued="0" dynamicThreshold="10" maxThreshold="32" />
  <references type="weak" candidates="704" cleared="37" enqueued="37" />
  <references type="phantom" candidates="95" cleared="9" enqueued="9" />
  <stringconstants candidates="5011" cleared="0"  />
</gc-op>
<gc-op id="1867" type="sweep" timems="0.311" contextid="1836" timestamp="2019-07-02T20:08:32.367" />
<gc-end id="1868" type="global" contextid="1836" durationms="3.099" usertimems="8.000" systemtimems="0.000" timestamp="2019-07-02T20:08:32.367" activeThreads="4">
  <mem-info id="1869" free="10071696" total="19660800" percent="51">
    <mem type="nursery" free="6382488" total="10747904" percent="59">
      <mem type="allocate" free="6382488" total="7798784" percent="81" />
      <mem type="survivor" free="0" total="2949120" percent="0" />
    </mem>
    <mem type="tenure" free="3689208" total="8912896" percent="41" micro-fragmented="178190" macro-fragmented="0">
      <mem type="soa" free="3243768" total="8467456" percent="38" />
      <mem type="loa" free="445440" total="445440" percent="100" />
    </mem>
    <pending-finalizers system="0" default="0" reference="266" classloader="0" />
    <remembered-set count="248" />
  </mem-info>
</gc-end>
<cycle-end id="1870" type="global" contextid="1836" timestamp="2019-07-02T20:08:32.367">
  <attribute name="GC Util" value="141" />
  <attribute name="CPU Util" value="13905342593978" />
  <attribute name="Time Running"value="2923"/>
  <attribute name="Number of cores"value="4"/>
</cycle-end>
<concurrent-collection-end id="1871" timestamp="2019-07-02T20:08:32.367" />
<allocation-satisfied id="1872" threadId="0000000001815B00" bytesRequested="56" />
<af-end id="1873" timestamp="2019-07-02T20:08:32.368" threadId="0000000001816488" success="true" from="nursery"/>
<exclusive-end id="1874" timestamp="2019-07-02T20:08:32.368" durationms="6.063" />

<exclusive-start id="1875" timestamp="2019-07-02T20:08:32.386" intervalms="24.750">
  <response-info timems="0.272" idlems="0.236" threads="1" lastid="0000000001815B00" lastname="PmdThread 4" />
</exclusive-start>
<af-start id="1876" threadId="0000000001815988" totalBytesRequested="16392" timestamp="2019-07-02T20:08:32.386" intervalms="24.701" type="nursery" />
<cycle-start id="1877" type="scavenge" contextid="0" timestamp="2019-07-02T20:08:32.386" intervalms="24.689" />
  <attribute name="GC Util" value="141" />
  <attribute name="CPU Util" value="13905342593978" />
  <attribute name="Time Running"value="2923"/>
  <attribute name="Number of cores"value="4"/>
<gc-start id="1878" type="scavenge" contextid="1877" timestamp="2019-07-02T20:08:32.387">
  <mem-info id="1879" free="3689208" total="19660800" percent="18">
    <mem type="nursery" free="0" total="10747904" percent="0">
      <mem type="allocate" free="0" total="7798784" percent="0" />
      <mem type="survivor" free="0" total="2949120" percent="0" />
    </mem>
    <mem type="tenure" free="3689208" total="8912896" percent="41">
      <mem type="soa" free="3243768" total="8467456" percent="38" />
      <mem type="loa" free="445440" total="445440" percent="100" />
    </mem>
    <remembered-set count="331" />
  </mem-info>
</gc-start>
<allocation-stats totalBytes="6356536" >
  <allocated-bytes non-tlh="16392" tlh="6340144" />
  <largest-consumer threadName="PmdThread 2" threadId="0000000001818000" bytes="2887624" />
</allocation-stats>
<gc-op id="1880" type="scavenge" timems="5.747" contextid="1877" timestamp="2019-07-02T20:08:32.392">
  <scavenger-info tenureage="2" tenuremask="7ffc" tiltratio="72" />
  <memory-copied type="nursery" objects="55625" bytes="2232056" bytesdiscarded="62064" />
  <memory-copied type="tenure" objects="19784" bytes="794136" bytesdiscarded="3912" />
  <ownableSynchronizers candidates="16" cleared="16" />
  <references type="weak" candidates="18" cleared="18" enqueued="18" />
  <references type="phantom" candidates="3" cleared="2" enqueued="2" />
</gc-op>
<heap-resize id="1881" type="expand" space="nursery" amount="917504" count="1" timems="0.016" reason="excessive time being spent scavenging" timestamp="2019-07-02T20:08:32.392" />
<gc-end id="1882" type="scavenge" contextid="1877" durationms="6.020" usertimems="8.000" systemtimems="0.000" timestamp="2019-07-02T20:08:32.393" activeThreads="4">
  <mem-info id="1883" free="8695232" total="20578304" percent="42">
    <mem type="nursery" free="5831880" total="11665408" percent="49">
      <mem type="allocate" free="5831880" total="8126464" percent="71" />
      <mem type="survivor" free="0" total="3538944" percent="0" />
    </mem>
    <mem type="tenure" free="2863352" total="8912896" percent="32">
      <mem type="soa" free="2417912" total="8467456" percent="28" />
      <mem type="loa" free="445440" total="445440" percent="100" />
    </mem>
    <pending-finalizers system="0" default="0" reference="20" classloader="0" />
    <remembered-set count="389" />
  </mem-info>
</gc-end>
<cycle-end id="1884" type="scavenge" contextid="1877" timestamp="2019-07-02T20:08:32.393">
  <attribute name="GC Util" value="13" />
  <attribute name="CPU Util" value="932601366906" />
  <attribute name="Time Running"value="2943"/>
  <attribute name="Number of cores"value="4"/>
</cycle-end>
<allocation-satisfied id="1885" threadId="0000000001815000" bytesRequested="16392" />
<af-end id="1886" timestamp="2019-07-02T20:08:32.393" threadId="0000000001815988" success="true" from="nursery"/>
<exclusive-end id="1887" timestamp="2019-07-02T20:08:32.393" durationms="6.514" />

<exclusive-start id="1888" timestamp="2019-07-02T20:08:32.405" intervalms="19.138">
  <response-info timems="0.047" idlems="0.047" threads="0" lastid="0000000001814400" lastname="PmdThread 1" />
</exclusive-start>
<af-start id="1889" threadId="0000000001814D88" totalBytesRequested="480" timestamp="2019-07-02T20:08:32.406" intervalms="19.143" type="nursery" />
<cycle-start id="1890" type="scavenge" contextid="0" timestamp="2019-07-02T20:08:32.406" intervalms="19.204" />
  <attribute name="GC Util" value="13" />
  <attribute name="CPU Util" value="932601366906" />
  <attribute name="Time Running"value="2943"/>
  <attribute name="Number of cores"value="4"/>
<gc-start id="1891" type="scavenge" contextid="1890" timestamp="2019-07-02T20:08:32.406">
  <mem-info id="1892" free="2863352" total="20578304" percent="13">
    <mem type="nursery" free="0" total="11665408" percent="0">
      <mem type="allocate" free="0" total="8126464" percent="0" />
      <mem type="survivor" free="0" total="3538944" percent="0" />
    </mem>
    <mem type="tenure" free="2863352" total="8912896" percent="32">
      <mem type="soa" free="2417912" total="8467456" percent="28" />
      <mem type="loa" free="445440" total="445440" percent="100" />
    </mem>
    <remembered-set count="447" />
  </mem-info>
</gc-start>
<allocation-stats totalBytes="5829152" >
  <allocated-bytes non-tlh="16392" tlh="5812760" />
  <largest-consumer threadName="PmdThread 1" threadId="0000000001814400" bytes="2553952" />
</allocation-stats>
<gc-op id="1893" type="scavenge" timems="4.318" contextid="1890" timestamp="2019-07-02T20:08:32.410">
  <scavenger-info tenureage="2" tenuremask="7ffc" tiltratio="69" />
  <memory-copied type="nursery" objects="64859" bytes="2621272" bytesdiscarded="98904" />
  <memory-copied type="tenure" objects="13440" bytes="564568" bytesdiscarded="1088" />
  <references type="weak" candidates="201" cleared="201" enqueued="201" />
  <references type="phantom" candidates="4" cleared="3" enqueued="3" />
</gc-op>
<heap-resize id="1894" type="expand" space="nursery" amount="1310720" count="1" timems="0.018" reason="excessive time being spent scavenging" timestamp="2019-07-02T20:08:32.410" />
<gc-end id="1895" type="scavenge" contextid="1890" durationms="4.730" usertimems="8.000" systemtimems="0.000" timestamp="2019-07-02T20:08:32.410" activeThreads="4">
  <mem-info id="1896" free="8833064" total="21889024" percent="40">
    <mem type="nursery" free="6585816" total="12976128" percent="50">
      <mem type="allocate" free="6585816" total="9306112" percent="70" />
      <mem type="survivor" free="0" total="3670016" percent="0" />
    </mem>
    <mem type="tenure" free="2247248" total="8912896" percent="25">
      <mem type="soa" free="1801808" total="8467456" percent="21" />
      <mem type="loa" free="445440" total="445440" percent="100" />
    </mem>
    <pending-finalizers system="0" default="0" reference="204" classloader="0" />
    <remembered-set count="317" />
  </mem-info>
</gc-end>
<cycle-end id="1897" type="scavenge" contextid="1890" timestamp="2019-07-02T20:08:32.411">
  <attribute name="GC Util" value="49" />
  <attribute name="CPU Util" value="958879277097" />
  <attribute name="Time Running"value="2962"/>
  <attribute name="Number of cores"value="4"/>
</cycle-end>
<allocation-satisfied id="1898" threadId="0000000001814400" bytesRequested="480" />
<af-end id="1899" timestamp="2019-07-02T20:08:32.411" threadId="0000000001814D88" success="true" from="nursery"/>
<exclusive-end id="1900" timestamp="2019-07-02T20:08:32.411" durationms="5.386" />

<exclusive-start id="1901" timestamp="2019-07-02T20:08:32.422" intervalms="16.828">
  <response-info timems="0.066" idlems="0.066" threads="0" lastid="0000000001818000" lastname="PmdThread 2" />
</exclusive-start>
<af-start id="1902" threadId="0000000001818988" totalBytesRequested="37072" timestamp="2019-07-02T20:08:32.422" intervalms="16.822" type="nursery" />
<cycle-start id="1903" type="scavenge" contextid="0" timestamp="2019-07-02T20:08:32.422" intervalms="16.750" />
  <attribute name="GC Util" value="49" />
  <attribute name="CPU Util" value="958879277097" />
  <attribute name="Time Running"value="2962"/>
  <attribute name="Number of cores"value="4"/>
<gc-start id="1904" type="scavenge" contextid="1903" timestamp="2019-07-02T20:08:32.422">
  <mem-info id="1905" free="2247248" total="21889024" percent="10">
    <mem type="nursery" free="0" total="12976128" percent="0">
      <mem type="allocate" free="0" total="9306112" percent="0" />
      <mem type="survivor" free="0" total="3670016" percent="0" />
    </mem>
    <mem type="tenure" free="2247248" total="8912896" percent="25">
      <mem type="soa" free="1801808" total="8467456" percent="21" />
      <mem type="loa" free="445440" total="445440" percent="100" />
    </mem>
    <remembered-set count="1312" />
  </mem-info>
</gc-start>
<allocation-stats totalBytes="6573744" >
  <allocated-bytes non-tlh="480" tlh="6573264" />
  <largest-consumer threadName="PmdThread 2" threadId="0000000001818000" bytes="2475872" />
</allocation-stats>
<gc-op id="1906" type="scavenge" timems="4.381" contextid="1903" timestamp="2019-07-02T20:08:32.427">
  <scavenger-info tenureage="2" tenuremask="7ffc" tiltratio="71" />
  <memory-copied type="nursery" objects="38454" bytes="1656704" bytesdiscarded="112632" />
  <memory-copied type="tenure" objects="40602" bytes="1582384" bytesdiscarded="5056" />
  <references type="weak" candidates="53" cleared="52" enqueued="52" />
  <references type="phantom" candidates="4" cleared="2" enqueued="2" />
</gc-op>
<heap-resize id="1907" type="expand" space="nursery" amount="1572864" count="1" timems="0.016" reason="excessive time being spent scavenging" timestamp="2019-07-02T20:08:32.427" />
<gc-end id="1908" type="scavenge" contextid="1903" durationms="4.629" usertimems="12.000" systemtimems="0.000" timestamp="2019-07-02T20:08:32.427" activeThreads="4">
  <mem-info id="1909" free="9785944" total="23461888" percent="41">
    <mem type="nursery" free="9173976" total="14548992" percent="63">
      <mem type="allocate" free="9173976" total="10944512" percent="83" />
      <mem type="survivor" free="0" total="3604480" percent="0" />
    </mem>
    <mem type="tenure" free="611968" total="8912896" percent="6">
      <mem type="soa" free="166528" total="8467456" percent="1" />
      <mem type="loa" free="445440" total="445440" percent="100" />
    </mem>
    <pending-finalizers system="0" default="0" reference="54" classloader="0" />
    <remembered-set count="2592" />
  </mem-info>
</gc-end>
<cycle-end id="1910" type="scavenge" contextid="1903" timestamp="2019-07-02T20:08:32.427">
  <attribute name="GC Util" value="58" />
  <attribute name="CPU Util" value="1101106724365" />
  <attribute name="Time Running"value="2979"/>
  <attribute name="Number of cores"value="4"/>
</cycle-end>
<allocation-satisfied id="1911" threadId="0000000001818000" bytesRequested="37072" />
<af-end id="1912" timestamp="2019-07-02T20:08:32.427" threadId="0000000001818988" success="true" from="nursery"/>
<exclusive-end id="1913" timestamp="2019-07-02T20:08:32.428" durationms="5.227" />

<concurrent-kickoff id="1914" timestamp="2019-07-02T20:08:32.442">
  <kickoff reason="threshold reached" targetBytes="2619841" thresholdFreeBytes="365164"  remainingFree="363480" tenureFreeBytes="611904" nurseryFreeBytes="363480" />
</concurrent-kickoff>
<exclusive-start id="1915" timestamp="2019-07-02T20:08:32.442" intervalms="19.703">
  <response-info timems="0.049" idlems="0.049" threads="0" lastid="0000000001818000" lastname="PmdThread 2" />
</exclusive-start>
<cycle-start id="1916" type="global" contextid="0" timestamp="2019-07-02T20:08:32.442" intervalms="93.285" />
  <attribute name="GC Util" value="58" />
  <attribute name="CPU Util" value="1101106724365" />
  <attribute name="Time Running"value="2979"/>
  <attribute name="Number of cores"value="4"/>
<exclusive-end id="1917" timestamp="2019-07-02T20:08:32.442" durationms="0.134" />

<exclusive-start id="1918" timestamp="2019-07-02T20:08:32.443" intervalms="0.699">
  <response-info timems="0.154" idlems="0.085" threads="2" lastid="0000000001814400" lastname="PmdThread 1" />
</exclusive-start>
<af-start id="1919" threadId="0000000001818988" totalBytesRequested="24" timestamp="2019-07-02T20:08:32.443" intervalms="20.390" type="nursery" />
<cycle-start id="1920" type="scavenge" contextid="0" timestamp="2019-07-02T20:08:32.443" intervalms="20.421" />
  <attribute name="GC Util" value="58" />
  <attribute name="CPU Util" value="1101106724365" />
  <attribute name="Time Running"value="2979"/>
  <attribute name="Number of cores"value="4"/>
<gc-start id="1921" type="scavenge" contextid="1920" timestamp="2019-07-02T20:08:32.443">
  <mem-info id="1922" free="611904" total="23461888" percent="2">
    <mem type="nursery" free="0" total="14548992" percent="0">
      <mem type="allocate" free="0" total="10944512" percent="0" />
      <mem type="survivor" free="0" total="3604480" percent="0" />
    </mem>
    <mem type="tenure" free="611904" total="8912896" percent="6">
      <mem type="soa" free="166464" total="8467456" percent="1" />
      <mem type="loa" free="445440" total="445440" percent="100" />
    </mem>
    <remembered-set count="3835" />
  </mem-info>
</gc-start>
<allocation-stats totalBytes="9165488" >
  <allocated-bytes non-tlh="73208" tlh="9092280" />
  <largest-consumer threadName="PmdThread 1" threadId="0000000001814400" bytes="3426960" />
</allocation-stats>
<gc-op id="1923" type="scavenge" timems="2.893" contextid="1920" timestamp="2019-07-02T20:08:32.446">
  <scavenger-info tenureage="2" tenuremask="7ffc" tiltratio="75" />
  <memory-copied type="nursery" objects="42970" bytes="1813784" bytesdiscarded="93312" />
  <memory-copied type="tenure" objects="21599" bytes="871488" bytesdiscarded="256" />
  <references type="weak" candidates="189" cleared="189" enqueued="189" />
  <references type="phantom" candidates="6" cleared="6" enqueued="6" />
  <heap-resize type="expand" space="tenure" amount="917504" count="7" timems="0.071" reason="continue current collection" />
</gc-op>
<heap-resize id="1924" type="expand" space="nursery" amount="1048576" count="1" timems="0.014" reason="excessive time being spent scavenging" timestamp="2019-07-02T20:08:32.446" />
<gc-end id="1925" type="scavenge" contextid="1920" durationms="3.459" usertimems="4.000" systemtimems="0.000" timestamp="2019-07-02T20:08:32.446" activeThreads="4">
  <mem-info id="1926" free="10946720" total="25427968" percent="43">
    <mem type="nursery" free="10409632" total="15597568" percent="66">
      <mem type="allocate" free="10409632" total="12320768" percent="84" />
      <mem type="survivor" free="0" total="3276800" percent="0" />
    </mem>
    <mem type="tenure" free="537088" total="9830400" percent="5">
      <mem type="soa" free="45568" total="9338880" percent="0" />
      <mem type="loa" free="491520" total="491520" percent="100" />
    </mem>
    <pending-finalizers system="0" default="0" reference="195" classloader="0" />
    <remembered-set count="2623" />
  </mem-info>
</gc-end>
<cycle-end id="1927" type="scavenge" contextid="1920" timestamp="2019-07-02T20:08:32.447">
  <attribute name="GC Util" value="48" />
  <attribute name="CPU Util" value="903459197058" />
  <attribute name="Time Running"value="2999"/>
  <attribute name="Number of cores"value="4"/>
</cycle-end>
<allocation-satisfied id="1928" threadId="0000000001818000" bytesRequested="24" />
<af-end id="1929" timestamp="2019-07-02T20:08:32.447" threadId="0000000001818988" success="true" from="nursery"/>
<exclusive-end id="1930" timestamp="2019-07-02T20:08:32.447" durationms="4.257" />

<exclusive-start id="1931" timestamp="2019-07-02T20:08:32.480" intervalms="37.256">
  <response-info timems="0.132" idlems="0.060" threads="3" lastid="0000000001818000" lastname="PmdThread 2" />
</exclusive-start>
<af-start id="1932" threadId="0000000001816488" totalBytesRequested="40" timestamp="2019-07-02T20:08:32.480" intervalms="37.261" type="nursery" />
<cycle-start id="1933" type="scavenge" contextid="0" timestamp="2019-07-02T20:08:32.480" intervalms="37.231" />
  <attribute name="GC Util" value="48" />
  <attribute name="CPU Util" value="903459197058" />
  <attribute name="Time Running"value="2999"/>
  <attribute name="Number of cores"value="4"/>
<gc-start id="1934" type="scavenge" contextid="1933" timestamp="2019-07-02T20:08:32.480">
  <mem-info id="1935" free="534688" total="25427968" percent="2">
    <mem type="nursery" free="0" total="15597568" percent="0">
      <mem type="allocate" free="0" total="12320768" percent="0" />
      <mem type="survivor" free="0" total="3276800" percent="0" />
    </mem>
    <mem type="tenure" free="534688" total="9830400" percent="5">
      <mem type="soa" free="43168" total="9338880" percent="0" />
      <mem type="loa" free="491520" total="491520" percent="100" />
    </mem>
    <remembered-set count="2714" />
  </mem-info>
</gc-start>
<allocation-stats totalBytes="10408888" >
  <allocated-bytes non-tlh="2424" tlh="10406464" />
  <largest-consumer threadName="PmdThread 2" threadId="0000000001818000" bytes="5733672" />
</allocation-stats>
<gc-op id="1936" type="scavenge" timems="3.955" contextid="1933" timestamp="2019-07-02T20:08:32.484">
  <scavenger-info tenureage="2" tenuremask="7ffc" tiltratio="78" />
  <memory-copied type="nursery" objects="36369" bytes="1634272" bytesdiscarded="108704" />
  <memory-copied type="tenure" objects="14179" bytes="493192" bytesdiscarded="104" />
  <references type="weak" candidates="57" cleared="57" enqueued="57" />
  <references type="phantom" candidates="9" cleared="9" enqueued="9" />
  <heap-resize type="expand" space="tenure" amount="393216" count="3" timems="0.036" reason="continue current collection" />
</gc-op>
<heap-resize id="1937" type="expand" space="nursery" amount="786432" count="1" timems="0.014" reason="excessive time being spent scavenging" timestamp="2019-07-02T20:08:32.484" />
<gc-end id="1938" type="scavenge" contextid="1933" durationms="4.233" usertimems="0.000" systemtimems="8.000" timestamp="2019-07-02T20:08:32.484" activeThreads="4">
  <mem-info id="1939" free="12142800" total="26607616" percent="45">
    <mem type="nursery" free="11625424" total="16384000" percent="70">
      <mem type="allocate" free="11625424" total="13369344" percent="86" />
      <mem type="survivor" free="0" total="3014656" percent="0" />
    </mem>
    <mem type="tenure" free="517376" total="10223616" percent="5">
      <mem type="soa" free="6400" total="9712640" percent="0" />
      <mem type="loa" free="510976" total="510976" percent="100" />
    </mem>
    <pending-finalizers system="0" default="0" reference="66" classloader="0" />
    <remembered-set count="264" />
  </mem-info>
</gc-end>
<cycle-end id="1940" type="scavenge" contextid="1933" timestamp="2019-07-02T20:08:32.484">
  <attribute name="GC Util" value="19" />
  <attribute name="CPU Util" value="494787414795" />
  <attribute name="Time Running"value="3037"/>
  <attribute name="Number of cores"value="4"/>
</cycle-end>
<allocation-satisfied id="1941" threadId="0000000001815B00" bytesRequested="40" />
<af-end id="1942" timestamp="2019-07-02T20:08:32.485" threadId="0000000001816488" success="true" from="nursery"/>
<exclusive-end id="1943" timestamp="2019-07-02T20:08:32.485" durationms="4.709" />

<exclusive-start id="1944" timestamp="2019-07-02T20:08:32.485" intervalms="4.822">
  <response-info timems="0.038" idlems="0.038" threads="0" lastid="0000000001814400" lastname="PmdThread 1" />
</exclusive-start>
<concurrent-collection-start id="1945" timestamp="2019-07-02T20:08:32.485" intervalms="120.754" >
  <concurrent-trace-info reason="card cleaning threshold reached" tracedByMutators="1440224" tracedByHelpers="2586744" cardsCleaned="110" workStackOverflowCount="0" />
</concurrent-collection-start>
<gc-start id="1946" type="global" contextid="1916" timestamp="2019-07-02T20:08:32.485">
  <mem-info id="1947" free="12011688" total="26607616" percent="45">
    <mem type="nursery" free="11494312" total="16384000" percent="70">
      <mem type="allocate" free="11494312" total="13369344" percent="85" />
      <mem type="survivor" free="0" total="3014656" percent="0" />
    </mem>
    <mem type="tenure" free="517376" total="10223616" percent="5">
      <mem type="soa" free="6400" total="9712640" percent="0" />
      <mem type="loa" free="510976" total="510976" percent="100" />
    </mem>
    <pending-finalizers system="0" default="0" reference="57" classloader="0" />
    <remembered-set count="265" />
  </mem-info>
</gc-start>
<allocation-stats totalBytes="131112" >
  <allocated-bytes non-tlh="40" tlh="131072" />
  <largest-consumer threadName="PmdThread 4" threadId="0000000001815B00" bytes="65576" />
</allocation-stats>
<gc-op id="1948" type="rs-scan" timems="0.553" contextid="1916" timestamp="2019-07-02T20:08:32.486">
  <scan objectsFound="137" bytesTraced="21712" workStackOverflowCount="0" />
</gc-op>
<gc-op id="1949" type="card-cleaning" timems="2.092" contextid="1916" timestamp="2019-07-02T20:08:32.488">
  <card-cleaning cardsCleaned="1383" bytesTraced="3423444" workStackOverflowCount="0" />
</gc-op>
<gc-op id="1950" type="mark" timems="1.534" contextid="1916" timestamp="2019-07-02T20:08:32.489">
  <trace-info objectcount="3381" scancount="3132" scanbytes="109448" />
  <finalization candidates="57" enqueued="0" />
  <ownableSynchronizers candidates="8" cleared="0" />
  <references type="soft" candidates="241" cleared="0" enqueued="0" dynamicThreshold="13" maxThreshold="32" />
  <references type="weak" candidates="667" cleared="0" enqueued="0" />
  <references type="phantom" candidates="85" cleared="0" enqueued="0" />
  <stringconstants candidates="5031" cleared="0"  />
</gc-op>
<gc-op id="1951" type="sweep" timems="0.840" contextid="1916" timestamp="2019-07-02T20:08:32.490" />
<heap-resize id="1952" type="expand" space="tenure" amount="1507328" count="1" timems="0.019" reason="insufficient free space following gc" timestamp="2019-07-02T20:08:32.490" />
<gc-end id="1953" type="global" contextid="1916" durationms="5.611" usertimems="8.000" systemtimems="4.000" timestamp="2019-07-02T20:08:32.490" activeThreads="4">
  <mem-info id="1954" free="15268480" total="28114944" percent="54">
    <mem type="nursery" free="11733368" total="16384000" percent="71">
      <mem type="allocate" free="11733368" total="13369344" percent="87" />
      <mem type="survivor" free="0" total="3014656" percent="0" />
    </mem>
    <mem type="tenure" free="3535112" total="11730944" percent="30" micro-fragmented="251928" macro-fragmented="0">
      <mem type="soa" free="2949384" total="11145216" percent="26" />
      <mem type="loa" free="585728" total="585728" percent="100" />
    </mem>
    <pending-finalizers system="0" default="0" reference="57" classloader="0" />
    <remembered-set count="264" />
  </mem-info>
</gc-end>
<cycle-end id="1955" type="global" contextid="1916" timestamp="2019-07-02T20:08:32.491">
  <attribute name="GC Util" value="217" />
  <attribute name="CPU Util" value="11315028610605" />
  <attribute name="Time Running"value="3046"/>
  <attribute name="Number of cores"value="4"/>
</cycle-end>
<concurrent-collection-end id="1956" timestamp="2019-07-02T20:08:32.491" />
<exclusive-end id="1957" timestamp="2019-07-02T20:08:32.491" durationms="6.015" />

<exclusive-start id="1958" timestamp="2019-07-02T20:08:32.512" intervalms="27.491">
  <response-info timems="0.179" idlems="0.105" threads="1" lastid="0000000001815000" lastname="PmdThread 3" />
</exclusive-start>
<af-start id="1959" threadId="0000000001816488" totalBytesRequested="16" timestamp="2019-07-02T20:08:32.512" intervalms="32.333" type="nursery" />
<cycle-start id="1960" type="scavenge" contextid="0" timestamp="2019-07-02T20:08:32.512" intervalms="32.356" />
  <attribute name="GC Util" value="217" />
  <attribute name="CPU Util" value="11315028610605" />
  <attribute name="Time Running"value="3046"/>
  <attribute name="Number of cores"value="4"/>
<gc-start id="1961" type="scavenge" contextid="1960" timestamp="2019-07-02T20:08:32.513">
  <mem-info id="1962" free="3532128" total="28114944" percent="12">
    <mem type="nursery" free="0" total="16384000" percent="0">
      <mem type="allocate" free="0" total="13369344" percent="0" />
      <mem type="survivor" free="0" total="3014656" percent="0" />
    </mem>
    <mem type="tenure" free="3532128" total="11730944" percent="30">
      <mem type="soa" free="2946400" total="11145216" percent="26" />
      <mem type="loa" free="585728" total="585728" percent="100" />
    </mem>
    <remembered-set count="370" />
  </mem-info>
</gc-start>
<allocation-stats totalBytes="11733632" >
  <allocated-bytes non-tlh="2984" tlh="11730648" />
  <largest-consumer threadName="PmdThread 4" threadId="0000000001815B00" bytes="7350248" />
</allocation-stats>
<gc-op id="1963" type="scavenge" timems="6.003" contextid="1960" timestamp="2019-07-02T20:08:32.519">
  <scavenger-info tenureage="2" tenuremask="7ffc" tiltratio="81" />
  <memory-copied type="nursery" objects="70653" bytes="3013056" bytesdiscarded="1160" />
  <memory-copied type="tenure" objects="27265" bytes="1044632" bytesdiscarded="2800" />
  <copy-failed type="nursery" objects="9573" bytes="357064" />
  <ownableSynchronizers candidates="16" cleared="16" />
  <references type="weak" candidates="39" cleared="39" enqueued="39" />
  <references type="phantom" candidates="9" cleared="9" enqueued="9" />
</gc-op>
<heap-resize id="1964" type="expand" space="nursery" amount="1441792" count="1" timems="0.018" reason="excessive time being spent scavenging" timestamp="2019-07-02T20:08:32.519" />
<gc-end id="1965" type="scavenge" contextid="1960" durationms="6.318" usertimems="12.000" systemtimems="0.000" timestamp="2019-07-02T20:08:32.519" activeThreads="4">
  <mem-info id="1966" free="11187040" total="29556736" percent="37">
    <mem type="nursery" free="8716288" total="17825792" percent="48">
      <mem type="allocate" free="8716288" total="11730944" percent="74" />
      <mem type="survivor" free="0" total="6094848" percent="0" />
    </mem>
    <mem type="tenure" free="2470752" total="11730944" percent="21">
      <mem type="soa" free="1885024" total="11145216" percent="16" />
      <mem type="loa" free="585728" total="585728" percent="100" />
    </mem>
    <pending-finalizers system="0" default="0" reference="48" classloader="0" />
    <remembered-set count="1167" />
  </mem-info>
</gc-end>
<cycle-end id="1967" type="scavenge" contextid="1960" timestamp="2019-07-02T20:08:32.519">
  <attribute name="GC Util" value="10" />
  <attribute name="CPU Util" value="796052645035" />
  <attribute name="Time Running"value="3069"/>
  <attribute name="Number of cores"value="4"/>
</cycle-end>
<allocation-satisfied id="1968" threadId="0000000001815B00" bytesRequested="16" />
<af-end id="1969" timestamp="2019-07-02T20:08:32.519" threadId="0000000001816488" success="true" from="nursery"/>
<exclusive-end id="1970" timestamp="2019-07-02T20:08:32.519" durationms="7.022" />

<exclusive-start id="1971" timestamp="2019-07-02T20:08:32.541" intervalms="28.484">
  <response-info timems="0.104" idlems="0.060" threads="1" lastid="0000000001818000" lastname="PmdThread 2" />
</exclusive-start>
<af-start id="1972" threadId="0000000001814D88" totalBytesRequested="40" timestamp="2019-07-02T20:08:32.541" intervalms="28.481" type="nursery" />
<cycle-start id="1973" type="scavenge" contextid="0" timestamp="2019-07-02T20:08:32.541" intervalms="28.454" />
  <attribute name="GC Util" value="10" />
  <attribute name="CPU Util" value="796052645035" />
  <attribute name="Time Running"value="3069"/>
  <attribute name="Number of cores"value="4"/>
<gc-start id="1974" type="scavenge" contextid="1973" timestamp="2019-07-02T20:08:32.541">
  <mem-info id="1975" free="2469048" total="29556736" percent="8">
    <mem type="nursery" free="0" total="17825792" percent="0">
      <mem type="allocate" free="0" total="11730944" percent="0" />
      <mem type="survivor" free="0" total="6094848" percent="0" />
    </mem>
    <mem type="tenure" free="2469048" total="11730944" percent="21">
      <mem type="soa" free="1883320" total="11145216" percent="16" />
      <mem type="loa" free="585728" total="585728" percent="100" />
    </mem>
    <remembered-set count="1252" />
  </mem-info>
</gc-start>
<allocation-stats totalBytes="8713952" >
  <allocated-bytes non-tlh="1720" tlh="8712232" />
  <largest-consumer threadName="PmdThread 4" threadId="0000000001815B00" bytes="5471520" />
</allocation-stats>
<gc-op id="1976" type="scavenge" timems="4.872" contextid="1973" timestamp="2019-07-02T20:08:32.546">
  <scavenger-info tenureage="2" tenuremask="7ffc" tiltratio="65" />
  <memory-copied type="nursery" objects="111040" bytes="4325128" bytesdiscarded="104144" />
  <memory-copied type="tenure" objects="12188" bytes="460840" bytesdiscarded="1520" />
  <references type="weak" candidates="128" cleared="128" enqueued="128" />
  <references type="phantom" candidates="4" cleared="3" enqueued="3" />
</gc-op>
<heap-resize id="1977" type="expand" space="nursery" amount="1572864" count="1" timems="0.018" reason="excessive time being spent scavenging" timestamp="2019-07-02T20:08:32.546" />
<gc-end id="1978" type="scavenge" contextid="1973" durationms="5.428" usertimems="8.000" systemtimems="4.000" timestamp="2019-07-02T20:08:32.546" activeThreads="4">
  <mem-info id="1979" free="10477336" total="31129600" percent="33">
    <mem type="nursery" free="8741072" total="19398656" percent="45">
      <mem type="allocate" free="8741072" total="13172736" percent="66" />
      <mem type="survivor" free="0" total="6225920" percent="0" />
    </mem>
    <mem type="tenure" free="1736264" total="11730944" percent="14">
      <mem type="soa" free="1150536" total="11145216" percent="10" />
      <mem type="loa" free="585728" total="585728" percent="100" />
    </mem>
    <pending-finalizers system="0" default="0" reference="131" classloader="0" />
    <remembered-set count="1163" />
  </mem-info>
</gc-end>
<cycle-end id="1980" type="scavenge" contextid="1973" timestamp="2019-07-02T20:08:32.547">
  <attribute name="GC Util" value="46" />
  <attribute name="CPU Util" value="649433196538" />
  <attribute name="Time Running"value="3097"/>
  <attribute name="Number of cores"value="4"/>
</cycle-end>
<allocation-satisfied id="1981" threadId="0000000001814400" bytesRequested="40" />
<af-end id="1982" timestamp="2019-07-02T20:08:32.547" threadId="0000000001814D88" success="true" from="nursery"/>
<exclusive-end id="1983" timestamp="2019-07-02T20:08:32.547" durationms="6.194" />

<concurrent-kickoff id="1984" timestamp="2019-07-02T20:08:32.564">
  <kickoff reason="threshold reached" targetBytes="3664738" thresholdFreeBytes="503853"  remainingFree="483536" tenureFreeBytes="1732680" nurseryFreeBytes="483536" />
</concurrent-kickoff>
<exclusive-start id="1985" timestamp="2019-07-02T20:08:32.564" intervalms="23.547">
  <response-info timems="0.031" idlems="0.031" threads="0" lastid="0000000001814400" lastname="PmdThread 1" />
</exclusive-start>
<cycle-start id="1986" type="global" contextid="0" timestamp="2019-07-02T20:08:32.564" intervalms="122.252" />
  <attribute name="GC Util" value="46" />
  <attribute name="CPU Util" value="649433196538" />
  <attribute name="Time Running"value="3097"/>
  <attribute name="Number of cores"value="4"/>
<exclusive-end id="1987" timestamp="2019-07-02T20:08:32.564" durationms="0.087" />

<exclusive-start id="1988" timestamp="2019-07-02T20:08:32.566" intervalms="1.604">
  <response-info timems="0.098" idlems="0.061" threads="1" lastid="0000000001507300" lastname="JIT Compilation Thread-0" />
</exclusive-start>
<af-start id="1989" threadId="0000000001815988" totalBytesRequested="8200" timestamp="2019-07-02T20:08:32.566" intervalms="25.117" type="nursery" />
<cycle-start id="1990" type="scavenge" contextid="0" timestamp="2019-07-02T20:08:32.566" intervalms="25.148" />
  <attribute name="GC Util" value="46" />
  <attribute name="CPU Util" value="649433196538" />
  <attribute name="Time Running"value="3097"/>
  <attribute name="Number of cores"value="4"/>
<gc-start id="1991" type="scavenge" contextid="1990" timestamp="2019-07-02T20:08:32.566">
  <mem-info id="1992" free="1732680" total="31129600" percent="5">
    <mem type="nursery" free="0" total="19398656" percent="0">
      <mem type="allocate" free="0" total="13172736" percent="0" />
      <mem type="survivor" free="0" total="6225920" percent="0" />
    </mem>
    <mem type="tenure" free="1732680" total="11730944" percent="14">
      <mem type="soa" free="1146952" total="11145216" percent="10" />
      <mem type="loa" free="585728" total="585728" percent="100" />
    </mem>
    <remembered-set count="4168" />
  </mem-info>
</gc-start>
<allocation-stats totalBytes="8738072" >
  <allocated-bytes non-tlh="3624" tlh="8734448" />
  <largest-consumer threadName="PmdThread 1" threadId="0000000001814400" bytes="3374792" />
</allocation-stats>
<gc-op id="1993" type="scavenge" timems="5.751" contextid="1990" timestamp="2019-07-02T20:08:32.572">
  <scavenger-info tenureage="1" tenuremask="7ffe" tiltratio="67" />
  <memory-copied type="nursery" objects="40446" bytes="1606424" bytesdiscarded="253112" />
  <memory-copied type="tenure" objects="94931" bytes="3711008" bytesdiscarded="960" />
  <references type="weak" candidates="122" cleared="122" enqueued="122" />
  <references type="phantom" candidates="22" cleared="21" enqueued="21" />
  <heap-resize type="expand" space="tenure" amount="2621440" count="20" timems="0.236" reason="continue current collection" />
</gc-op>
<heap-resize id="1994" type="expand" space="nursery" amount="1835008" count="1" timems="0.018" reason="excessive time being spent scavenging" timestamp="2019-07-02T20:08:32.572" />
<gc-end id="1995" type="scavenge" contextid="1990" durationms="6.047" usertimems="16.000" systemtimems="4.000" timestamp="2019-07-02T20:08:32.572" activeThreads="4">
  <mem-info id="1996" free="14068648" total="35586048" percent="39">
    <mem type="nursery" free="13344424" total="21233664" percent="62">
      <mem type="allocate" free="13344424" total="15204352" percent="87" />
      <mem type="survivor" free="0" total="6029312" percent="0" />
    </mem>
    <mem type="tenure" free="724224" total="14352384" percent="5">
      <mem type="soa" free="7424" total="13635584" percent="0" />
      <mem type="loa" free="716800" total="716800" percent="100" />
    </mem>
    <pending-finalizers system="0" default="0" reference="143" classloader="0" />
    <remembered-set count="6844" />
  </mem-info>
</gc-end>
<cycle-end id="1997" type="scavenge" contextid="1990" timestamp="2019-07-02T20:08:32.572">
  <attribute name="GC Util" value="49" />
  <attribute name="CPU Util" value="730155985430" />
  <attribute name="Time Running"value="3123"/>
  <attribute name="Number of cores"value="4"/>
</cycle-end>
<allocation-satisfied id="1998" threadId="0000000001815000" bytesRequested="8200" />
<af-end id="1999" timestamp="2019-07-02T20:08:32.573" threadId="0000000001815988" success="true" from="nursery"/>
<exclusive-end id="2000" timestamp="2019-07-02T20:08:32.573" durationms="6.734" />

<exclusive-start id="2001" timestamp="2019-07-02T20:08:32.575" intervalms="8.814">
  <response-info timems="0.403" idlems="0.403" threads="0" lastid="0000000001818000" lastname="PmdThread 2" />
</exclusive-start>
<concurrent-collection-start id="2002" timestamp="2019-07-02T20:08:32.575" intervalms="89.952" >
  <concurrent-trace-info reason="card cleaning threshold reached" tracedByMutators="1115204" tracedByHelpers="1087032" cardsCleaned="160" workStackOverflowCount="0" />
</concurrent-collection-start>
<gc-start id="2003" type="global" contextid="1986" timestamp="2019-07-02T20:08:32.575">
  <mem-info id="2004" free="13507488" total="35586048" percent="37">
    <mem type="nursery" free="12783264" total="21233664" percent="60">
      <mem type="allocate" free="12783264" total="15204352" percent="84" />
      <mem type="survivor" free="0" total="6029312" percent="0" />
    </mem>
    <mem type="tenure" free="724224" total="14352384" percent="5">
      <mem type="soa" free="7424" total="13635584" percent="0" />
      <mem type="loa" free="716800" total="716800" percent="100" />
    </mem>
    <remembered-set count="6915" />
  </mem-info>
</gc-start>
<allocation-stats totalBytes="561080" >
  <allocated-bytes non-tlh="8200" tlh="552880" />
  <largest-consumer threadName="PmdThread 2" threadId="0000000001818000" bytes="208864" />
</allocation-stats>
<gc-op id="2005" type="rs-scan" timems="0.361" contextid="1986" timestamp="2019-07-02T20:08:32.575">
  <scan objectsFound="303" bytesTraced="36044" workStackOverflowCount="0" />
</gc-op>
<gc-op id="2006" type="card-cleaning" timems="2.997" contextid="1986" timestamp="2019-07-02T20:08:32.578">
  <card-cleaning cardsCleaned="61" bytesTraced="6428708" workStackOverflowCount="0" />
</gc-op>
<gc-op id="2007" type="mark" timems="2.021" contextid="1986" timestamp="2019-07-02T20:08:32.580">
  <trace-info objectcount="20931" scancount="19068" scanbytes="663024" />
  <finalization candidates="57" enqueued="0" />
  <ownableSynchronizers candidates="8" cleared="0" />
  <references type="soft" candidates="241" cleared="0" enqueued="0" dynamicThreshold="9" maxThreshold="32" />
  <references type="weak" candidates="679" cleared="11" enqueued="11" />
  <references type="phantom" candidates="86" cleared="1" enqueued="1" />
  <stringconstants candidates="5073" cleared="0"  />
</gc-op>
<gc-op id="2008" type="sweep" timems="0.909" contextid="1986" timestamp="2019-07-02T20:08:32.581" />
<heap-resize id="2009" type="expand" space="tenure" amount="1048576" count="1" timems="0.028" reason="insufficient free space following gc" timestamp="2019-07-02T20:08:32.582" />
<gc-end id="2010" type="global" contextid="1986" durationms="6.779" usertimems="16.000" systemtimems="0.000" timestamp="2019-07-02T20:08:32.582" activeThreads="4">
  <mem-info id="2011" free="18235696" total="36634624" percent="49">
    <mem type="nursery" free="13605912" total="21233664" percent="64">
      <mem type="allocate" free="13605912" total="15204352" percent="89" />
      <mem type="survivor" free="0" total="6029312" percent="0" />
    </mem>
    <mem type="tenure" free="4629784" total="15400960" percent="30" micro-fragmented="261571" macro-fragmented="0">
      <mem type="soa" free="3859736" total="14630912" percent="26" />
      <mem type="loa" free="770048" total="770048" percent="100" />
    </mem>
    <pending-finalizers system="0" default="0" reference="12" classloader="0" />
    <remembered-set count="6912" />
  </mem-info>
</gc-end>
<cycle-end id="2012" type="global" contextid="1986" timestamp="2019-07-02T20:08:32.582">
  <attribute name="GC Util" value="214" />
  <attribute name="CPU Util" value="8911685809847" />
  <attribute name="Time Running"value="3137"/>
  <attribute name="Number of cores"value="4"/>
</cycle-end>
<concurrent-collection-end id="2013" timestamp="2019-07-02T20:08:32.582" />
<exclusive-end id="2014" timestamp="2019-07-02T20:08:32.582" durationms="7.187" />

<exclusive-start id="2015" timestamp="2019-07-02T20:08:32.603" intervalms="28.008">
  <response-info timems="0.323" idlems="0.323" threads="0" lastid="0000000001814400" lastname="PmdThread 1" />
</exclusive-start>
<af-start id="2016" threadId="0000000001814D88" totalBytesRequested="32" timestamp="2019-07-02T20:08:32.603" intervalms="36.864" type="nursery" />
<cycle-start id="2017" type="scavenge" contextid="0" timestamp="2019-07-02T20:08:32.603" intervalms="36.878" />
  <attribute name="GC Util" value="214" />
  <attribute name="CPU Util" value="8911685809847" />
  <attribute name="Time Running"value="3137"/>
  <attribute name="Number of cores"value="4"/>
<gc-start id="2018" type="scavenge" contextid="2017" timestamp="2019-07-02T20:08:32.603">
  <mem-info id="2019" free="4618992" total="36634624" percent="12">
    <mem type="nursery" free="0" total="21233664" percent="0">
      <mem type="allocate" free="0" total="15204352" percent="0" />
      <mem type="survivor" free="0" total="6029312" percent="0" />
    </mem>
    <mem type="tenure" free="4618992" total="15400960" percent="29">
      <mem type="soa" free="3848944" total="14630912" percent="26" />
      <mem type="loa" free="770048" total="770048" percent="100" />
    </mem>
    <remembered-set count="8972" />
  </mem-info>
</gc-start>
<allocation-stats totalBytes="13605008" >
  <allocated-bytes non-tlh="7912" tlh="13597096" />
  <largest-consumer threadName="PmdThread 1" threadId="0000000001814400" bytes="5194824" />
</allocation-stats>
<gc-op id="2020" type="scavenge" timems="4.241" contextid="2017" timestamp="2019-07-02T20:08:32.607">
  <scavenger-info tenureage="1" tenuremask="7ffe" tiltratio="71" />
  <memory-copied type="nursery" objects="20448" bytes="943136" bytesdiscarded="262552" />
  <memory-copied type="tenure" objects="35580" bytes="1157744" bytesdiscarded="5128" />
  <ownableSynchronizers candidates="16" cleared="16" />
  <references type="weak" candidates="301" cleared="301" enqueued="301" />
  <references type="phantom" candidates="21" cleared="21" enqueued="21" />
</gc-op>
<heap-resize id="2021" type="expand" space="nursery" amount="1179648" count="1" timems="0.015" reason="excessive time being spent scavenging" timestamp="2019-07-02T20:08:32.608" />
<gc-end id="2022" type="scavenge" contextid="2017" durationms="4.673" usertimems="4.000" systemtimems="8.000" timestamp="2019-07-02T20:08:32.608" activeThreads="4">
  <mem-info id="2023" free="19587456" total="37814272" percent="51">
    <mem type="nursery" free="16159544" total="22413312" percent="72">
      <mem type="allocate" free="16159544" total="17367040" percent="93" />
      <mem type="survivor" free="0" total="5046272" percent="0" />
    </mem>
    <mem type="tenure" free="3427912" total="15400960" percent="22">
      <mem type="soa" free="2657864" total="14630912" percent="18" />
      <mem type="loa" free="770048" total="770048" percent="100" />
    </mem>
    <pending-finalizers system="0" default="0" reference="322" classloader="0" />
    <remembered-set count="2136" />
  </mem-info>
</gc-end>
<cycle-end id="2024" type="scavenge" contextid="2017" timestamp="2019-07-02T20:08:32.608">
  <attribute name="GC Util" value="25" />
  <attribute name="CPU Util" value="816098048173" />
  <attribute name="Time Running"value="3160"/>
  <attribute name="Number of cores"value="4"/>
</cycle-end>
<allocation-satisfied id="2025" threadId="0000000001814400" bytesRequested="32" />
<af-end id="2026" timestamp="2019-07-02T20:08:32.608" threadId="0000000001814D88" success="true" from="nursery"/>
<exclusive-end id="2027" timestamp="2019-07-02T20:08:32.608" durationms="5.310" />

<exclusive-start id="2028" timestamp="2019-07-02T20:08:32.636" intervalms="33.154">
  <response-info timems="0.052" idlems="0.052" threads="0" lastid="0000000001815B00" lastname="PmdThread 4" />
</exclusive-start>
<af-start id="2029" threadId="0000000001816488" totalBytesRequested="147400" timestamp="2019-07-02T20:08:32.636" intervalms="33.122" type="nursery" />
<cycle-start id="2030" type="scavenge" contextid="0" timestamp="2019-07-02T20:08:32.636" intervalms="33.095" />
  <attribute name="GC Util" value="25" />
  <attribute name="CPU Util" value="816098048173" />
  <attribute name="Time Running"value="3160"/>
  <attribute name="Number of cores"value="4"/>
<gc-start id="2031" type="scavenge" contextid="2030" timestamp="2019-07-02T20:08:32.636">
  <mem-info id="2032" free="3484704" total="37814272" percent="9">
    <mem type="nursery" free="58168" total="22413312" percent="0">
      <mem type="allocate" free="58168" total="17367040" percent="0" />
      <mem type="survivor" free="0" total="5046272" percent="0" />
    </mem>
    <mem type="tenure" free="3426536" total="15400960" percent="22">
      <mem type="soa" free="2656488" total="14630912" percent="18" />
      <mem type="loa" free="770048" total="770048" percent="100" />
    </mem>
    <remembered-set count="5488" />
  </mem-info>
</gc-start>
<allocation-stats totalBytes="16098192" >
  <allocated-bytes non-tlh="1408" tlh="16096784" />
  <largest-consumer threadName="PmdThread 4" threadId="0000000001815B00" bytes="5471616" />
</allocation-stats>
<gc-op id="2033" type="scavenge" timems="2.288" contextid="2030" timestamp="2019-07-02T20:08:32.639">
  <scavenger-info tenureage="2" tenuremask="7ffc" tiltratio="77" />
  <memory-copied type="nursery" objects="44634" bytes="1731008" bytesdiscarded="99208" />
  <references type="weak" candidates="95" cleared="94" enqueued="94" />
  <references type="phantom" candidates="22" cleared="20" enqueued="20" />
</gc-op>
<gc-end id="2034" type="scavenge" contextid="2030" durationms="2.674" usertimems="4.000" systemtimems="0.000" timestamp="2019-07-02T20:08:32.639" activeThreads="4">
  <mem-info id="2035" free="19682352" total="37814272" percent="52">
    <mem type="nursery" free="16255816" total="22413312" percent="72">
      <mem type="allocate" free="16255816" total="18087936" percent="89" />
      <mem type="survivor" free="0" total="4325376" percent="0" />
    </mem>
    <mem type="tenure" free="3426536" total="15400960" percent="22">
      <mem type="soa" free="2656488" total="14630912" percent="18" />
      <mem type="loa" free="770048" total="770048" percent="100" />
    </mem>
    <pending-finalizers system="0" default="0" reference="114" classloader="0" />
    <remembered-set count="5409" />
  </mem-info>
</gc-end>
<cycle-end id="2036" type="scavenge" contextid="2030" timestamp="2019-07-02T20:08:32.639">
  <attribute name="GC Util" value="32" />
  <attribute name="CPU Util" value="556656378930" />
  <attribute name="Time Running"value="3193"/>
  <attribute name="Number of cores"value="4"/>
</cycle-end>
<allocation-satisfied id="2037" threadId="0000000001815B00" bytesRequested="147400" />
<af-end id="2038" timestamp="2019-07-02T20:08:32.639" threadId="0000000001816488" success="true" from="nursery"/>
<exclusive-end id="2039" timestamp="2019-07-02T20:08:32.639" durationms="3.244" />

<exclusive-start id="2040" timestamp="2019-07-02T20:08:32.656" intervalms="20.055">
  <response-info timems="0.055" idlems="0.055" threads="0" lastid="0000000001818000" lastname="PmdThread 2" />
</exclusive-start>
<af-start id="2041" threadId="0000000001818988" totalBytesRequested="16" timestamp="2019-07-02T20:08:32.656" intervalms="20.077" type="nursery" />
<cycle-start id="2042" type="scavenge" contextid="0" timestamp="2019-07-02T20:08:32.656" intervalms="20.088" />
  <attribute name="GC Util" value="32" />
  <attribute name="CPU Util" value="556656378930" />
  <attribute name="Time Running"value="3193"/>
  <attribute name="Number of cores"value="4"/>
<gc-start id="2043" type="scavenge" contextid="2042" timestamp="2019-07-02T20:08:32.656">
  <mem-info id="2044" free="3426032" total="37814272" percent="9">
    <mem type="nursery" free="0" total="22413312" percent="0">
      <mem type="allocate" free="0" total="18087936" percent="0" />
      <mem type="survivor" free="0" total="4325376" percent="0" />
    </mem>
    <mem type="tenure" free="3426032" total="15400960" percent="22">
      <mem type="soa" free="2655984" total="14630912" percent="18" />
      <mem type="loa" free="770048" total="770048" percent="100" />
    </mem>
    <remembered-set count="5626" />
  </mem-info>
</gc-start>
<allocation-stats totalBytes="16250608" >
  <allocated-bytes non-tlh="443704" tlh="15806904" />
  <largest-consumer threadName="PmdThread 3" threadId="0000000001815000" bytes="5597440" />
</allocation-stats>
<gc-op id="2045" type="scavenge" timems="3.431" contextid="2042" timestamp="2019-07-02T20:08:32.660">
  <scavenger-info tenureage="3" tenuremask="7ff8" tiltratio="80" />
  <memory-copied type="nursery" objects="76836" bytes="3129448" bytesdiscarded="114856" />
  <references type="weak" candidates="199" cleared="199" enqueued="199" />
  <references type="phantom" candidates="12" cleared="12" enqueued="12" />
</gc-op>
<heap-resize id="2046" type="expand" space="nursery" amount="1835008" count="1" timems="0.017" reason="excessive time being spent scavenging" timestamp="2019-07-02T20:08:32.660" />
<gc-end id="2047" type="scavenge" contextid="2042" durationms="3.687" usertimems="12.000" systemtimems="0.000" timestamp="2019-07-02T20:08:32.660" activeThreads="4">
  <mem-info id="2048" free="19251224" total="39649280" percent="48">
    <mem type="nursery" free="15825192" total="24248320" percent="65">
      <mem type="allocate" free="15825192" total="19070976" percent="82" />
      <mem type="survivor" free="0" total="5177344" percent="0" />
    </mem>
    <mem type="tenure" free="3426032" total="15400960" percent="22">
      <mem type="soa" free="2655984" total="14630912" percent="18" />
      <mem type="loa" free="770048" total="770048" percent="100" />
    </mem>
    <pending-finalizers system="0" default="0" reference="211" classloader="0" />
    <remembered-set count="5400" />
  </mem-info>
</gc-end>
<cycle-end id="2049" type="scavenge" contextid="2042" timestamp="2019-07-02T20:08:32.660">
  <attribute name="GC Util" value="32" />
  <attribute name="CPU Util" value="922622523354" />
  <attribute name="Time Running"value="3213"/>
  <attribute name="Number of cores"value="4"/>
</cycle-end>
<allocation-satisfied id="2050" threadId="0000000001818000" bytesRequested="16" />
<af-end id="2051" timestamp="2019-07-02T20:08:32.660" threadId="0000000001818988" success="true" from="nursery"/>
<exclusive-end id="2052" timestamp="2019-07-02T20:08:32.660" durationms="4.150" />

<exclusive-start id="2053" timestamp="2019-07-02T20:08:32.681" intervalms="25.539">
  <response-info timems="0.052" idlems="0.052" threads="0" lastid="0000000001815000" lastname="PmdThread 3" />
</exclusive-start>
<af-start id="2054" threadId="0000000001815988" totalBytesRequested="24" timestamp="2019-07-02T20:08:32.682" intervalms="25.589" type="nursery" />
<cycle-start id="2055" type="scavenge" contextid="0" timestamp="2019-07-02T20:08:32.682" intervalms="25.601" />
  <attribute name="GC Util" value="32" />
  <attribute name="CPU Util" value="922622523354" />
  <attribute name="Time Running"value="3213"/>
  <attribute name="Number of cores"value="4"/>
<gc-start id="2056" type="scavenge" contextid="2055" timestamp="2019-07-02T20:08:32.682">
  <mem-info id="2057" free="3422496" total="39649280" percent="8">
    <mem type="nursery" free="0" total="24248320" percent="0">
      <mem type="allocate" free="0" total="19070976" percent="0" />
      <mem type="survivor" free="0" total="5177344" percent="0" />
    </mem>
    <mem type="tenure" free="3422496" total="15400960" percent="22">
      <mem type="soa" free="2652448" total="14630912" percent="18" />
      <mem type="loa" free="770048" total="770048" percent="100" />
    </mem>
    <remembered-set count="6510" />
  </mem-info>
</gc-start>
<allocation-stats totalBytes="15817904" >
  <allocated-bytes non-tlh="2840" tlh="15815064" />
  <largest-consumer threadName="PmdThread 3" threadId="0000000001815000" bytes="6302384" />
</allocation-stats>
<gc-op id="2058" type="scavenge" timems="4.032" contextid="2055" timestamp="2019-07-02T20:08:32.686">
  <scavenger-info tenureage="3" tenuremask="7ff8" tiltratio="78" />
  <memory-copied type="nursery" objects="74432" bytes="3110280" bytesdiscarded="178680" />
  <memory-copied type="tenure" objects="6124" bytes="172024" bytesdiscarded="408" />
  <references type="weak" candidates="322" cleared="322" enqueued="322" />
  <references type="phantom" candidates="7" cleared="5" enqueued="5" />
</gc-op>
<heap-resize id="2059" type="expand" space="nursery" amount="1703936" count="1" timems="0.018" reason="excessive time being spent scavenging" timestamp="2019-07-02T20:08:32.686" />
<gc-end id="2060" type="scavenge" contextid="2055" durationms="4.282" usertimems="4.000" systemtimems="4.000" timestamp="2019-07-02T20:08:32.686" activeThreads="4">
  <mem-info id="2061" free="21896360" total="41353216" percent="52">
    <mem type="nursery" free="18708768" total="25952256" percent="72">
      <mem type="allocate" free="18708768" total="22020096" percent="84" />
      <mem type="survivor" free="0" total="3932160" percent="0" />
    </mem>
    <mem type="tenure" free="3187592" total="15400960" percent="20">
      <mem type="soa" free="2417544" total="14630912" percent="16" />
      <mem type="loa" free="770048" total="770048" percent="100" />
    </mem>
    <pending-finalizers system="0" default="0" reference="327" classloader="0" />
    <remembered-set count="3560" />
  </mem-info>
</gc-end>
<cycle-end id="2062" type="scavenge" contextid="2055" timestamp="2019-07-02T20:08:32.686">
  <attribute name="GC Util" value="34" />
  <attribute name="CPU Util" value="718164869181" />
  <attribute name="Time Running"value="3238"/>
  <attribute name="Number of cores"value="4"/>
</cycle-end>
<allocation-satisfied id="2063" threadId="0000000001815000" bytesRequested="24" />
<af-end id="2064" timestamp="2019-07-02T20:08:32.686" threadId="0000000001815988" success="true" from="nursery"/>
<exclusive-end id="2065" timestamp="2019-07-02T20:08:32.686" durationms="4.780" />

<exclusive-start id="2066" timestamp="2019-07-02T20:08:32.716" intervalms="34.335">
  <response-info timems="0.031" idlems="0.031" threads="0" lastid="0000000001814400" lastname="PmdThread 1" />
</exclusive-start>
<af-start id="2067" threadId="0000000001814D88" totalBytesRequested="32" timestamp="2019-07-02T20:08:32.716" intervalms="34.290" type="nursery" />
<cycle-start id="2068" type="scavenge" contextid="0" timestamp="2019-07-02T20:08:32.716" intervalms="34.275" />
  <attribute name="GC Util" value="34" />
  <attribute name="CPU Util" value="718164869181" />
  <attribute name="Time Running"value="3238"/>
  <attribute name="Number of cores"value="4"/>
<gc-start id="2069" type="scavenge" contextid="2068" timestamp="2019-07-02T20:08:32.716">
  <mem-info id="2070" free="3186248" total="41353216" percent="7">
    <mem type="nursery" free="0" total="25952256" percent="0">
      <mem type="allocate" free="0" total="22020096" percent="0" />
      <mem type="survivor" free="0" total="3932160" percent="0" />
    </mem>
    <mem type="tenure" free="3186248" total="15400960" percent="20">
      <mem type="soa" free="2416200" total="14630912" percent="16" />
      <mem type="loa" free="770048" total="770048" percent="100" />
    </mem>
    <remembered-set count="5307" />
  </mem-info>
</gc-start>
<allocation-stats totalBytes="18697632" >
  <allocated-bytes non-tlh="1368" tlh="18696264" />
  <largest-consumer threadName="PmdThread 4" threadId="0000000001815B00" bytes="7731360" />
</allocation-stats>
<gc-op id="2071" type="scavenge" timems="4.397" contextid="2068" timestamp="2019-07-02T20:08:32.721">
  <scavenger-info tenureage="3" tenuremask="7ff8" tiltratio="84" />
  <memory-copied type="nursery" objects="64705" bytes="2909544" bytesdiscarded="104720" />
  <memory-copied type="tenure" objects="12627" bytes="466504" bytesdiscarded="392" />
  <references type="weak" candidates="516" cleared="516" enqueued="516" />
  <references type="phantom" candidates="12" cleared="12" enqueued="12" />
</gc-op>
<heap-resize id="2072" type="expand" space="nursery" amount="1441792" count="1" timems="0.018" reason="excessive time being spent scavenging" timestamp="2019-07-02T20:08:32.721" />
<gc-end id="2073" type="scavenge" contextid="2068" durationms="4.847" usertimems="8.000" systemtimems="0.000" timestamp="2019-07-02T20:08:32.721" activeThreads="4">
  <mem-info id="2074" free="23288848" total="42795008" percent="54">
    <mem type="nursery" free="20569000" total="27394048" percent="75">
      <mem type="allocate" free="20569000" total="23592960" percent="87" />
      <mem type="survivor" free="0" total="3801088" percent="0" />
    </mem>
    <mem type="tenure" free="2719848" total="15400960" percent="17">
      <mem type="soa" free="1949800" total="14630912" percent="13" />
      <mem type="loa" free="770048" total="770048" percent="100" />
    </mem>
    <pending-finalizers system="0" default="0" reference="528" classloader="0" />
    <remembered-set count="513" />
  </mem-info>
</gc-end>
<cycle-end id="2075" type="scavenge" contextid="2068" timestamp="2019-07-02T20:08:32.721">
  <attribute name="GC Util" value="29" />
  <attribute name="CPU Util" value="539101521466" />
  <attribute name="Time Running"value="3273"/>
  <attribute name="Number of cores"value="4"/>
</cycle-end>
<allocation-satisfied id="2076" threadId="0000000001814400" bytesRequested="32" />
<af-end id="2077" timestamp="2019-07-02T20:08:32.721" threadId="0000000001814D88" success="true" from="nursery"/>
<exclusive-end id="2078" timestamp="2019-07-02T20:08:32.721" durationms="5.363" />

<exclusive-start id="2079" timestamp="2019-07-02T20:08:32.758" intervalms="41.839">
  <response-info timems="0.059" idlems="0.059" threads="0" lastid="0000000001814400" lastname="PmdThread 1" />
</exclusive-start>
<af-start id="2080" threadId="0000000001814D88" totalBytesRequested="32" timestamp="2019-07-02T20:08:32.758" intervalms="41.849" type="nursery" />
<cycle-start id="2081" type="scavenge" contextid="0" timestamp="2019-07-02T20:08:32.758" intervalms="41.840" />
  <attribute name="GC Util" value="29" />
  <attribute name="CPU Util" value="539101521466" />
  <attribute name="Time Running"value="3273"/>
  <attribute name="Number of cores"value="4"/>
<gc-start id="2082" type="scavenge" contextid="2081" timestamp="2019-07-02T20:08:32.758">
  <mem-info id="2083" free="2716176" total="42795008" percent="6">
    <mem type="nursery" free="0" total="27394048" percent="0">
      <mem type="allocate" free="0" total="23592960" percent="0" />
      <mem type="survivor" free="0" total="3801088" percent="0" />
    </mem>
    <mem type="tenure" free="2716176" total="15400960" percent="17">
      <mem type="soa" free="1946128" total="14630912" percent="13" />
      <mem type="loa" free="770048" total="770048" percent="100" />
    </mem>
    <remembered-set count="2046" />
  </mem-info>
</gc-start>
<allocation-stats totalBytes="20554528" >
  <allocated-bytes non-tlh="3704" tlh="20550824" />
  <largest-consumer threadName="PmdThread 1" threadId="0000000001814400" bytes="8366984" />
</allocation-stats>
<gc-op id="2084" type="scavenge" timems="3.940" contextid="2081" timestamp="2019-07-02T20:08:32.762">
  <scavenger-info tenureage="3" tenuremask="7ff8" tiltratio="86" />
  <memory-copied type="nursery" objects="36983" bytes="1839872" bytesdiscarded="111728" />
  <memory-copied type="tenure" objects="36409" bytes="1395040" bytesdiscarded="944" />
  <references type="weak" candidates="551" cleared="551" enqueued="551" />
  <references type="phantom" candidates="18" cleared="18" enqueued="18" />
</gc-op>
<heap-resize id="2085" type="expand" space="nursery" amount="1179648" count="1" timems="0.014" reason="excessive time being spent scavenging" timestamp="2019-07-02T20:08:32.762" />
<gc-end id="2086" type="scavenge" contextid="2081" durationms="4.416" usertimems="8.000" systemtimems="0.000" timestamp="2019-07-02T20:08:32.762" activeThreads="4">
  <mem-info id="2087" free="24119288" total="43974656" percent="54">
    <mem type="nursery" free="22882944" total="28573696" percent="80">
      <mem type="allocate" free="22882944" total="24838144" percent="92" />
      <mem type="survivor" free="0" total="3735552" percent="0" />
    </mem>
    <mem type="tenure" free="1236344" total="15400960" percent="8">
      <mem type="soa" free="466296" total="14630912" percent="3" />
      <mem type="loa" free="770048" total="770048" percent="100" />
    </mem>
    <pending-finalizers system="0" default="0" reference="569" classloader="0" />
    <remembered-set count="2154" />
  </mem-info>
</gc-end>
<cycle-end id="2088" type="scavenge" contextid="2081" timestamp="2019-07-02T20:08:32.762">
  <attribute name="GC Util" value="25" />
  <attribute name="CPU Util" value="440919589554" />
  <attribute name="Time Running"value="3314"/>
  <attribute name="Number of cores"value="4"/>
</cycle-end>
<allocation-satisfied id="2089" threadId="0000000001814400" bytesRequested="32" />
<af-end id="2090" timestamp="2019-07-02T20:08:32.763" threadId="0000000001814D88" success="true" from="nursery"/>
<exclusive-end id="2091" timestamp="2019-07-02T20:08:32.763" durationms="4.998" />

<concurrent-kickoff id="2092" timestamp="2019-07-02T20:08:32.797">
  <kickoff reason="threshold reached" targetBytes="4344553" thresholdFreeBytes="593501"  remainingFree="535168" tenureFreeBytes="1232760" nurseryFreeBytes="535168" />
</concurrent-kickoff>
<exclusive-start id="2093" timestamp="2019-07-02T20:08:32.801" intervalms="43.777">
  <response-info timems="0.100" idlems="0.100" threads="0" lastid="0000000001815B00" lastname="PmdThread 4" />
</exclusive-start>
<cycle-start id="2094" type="global" contextid="0" timestamp="2019-07-02T20:08:32.801" intervalms="237.174" />
  <attribute name="GC Util" value="25" />
  <attribute name="CPU Util" value="440919589554" />
  <attribute name="Time Running"value="3314"/>
  <attribute name="Number of cores"value="4"/>
<exclusive-end id="2095" timestamp="2019-07-02T20:08:32.802" durationms="0.171" />

<exclusive-start id="2096" timestamp="2019-07-02T20:08:32.805" intervalms="3.485">
  <response-info timems="0.108" idlems="0.056" threads="1" lastid="0000000001815B00" lastname="PmdThread 4" />
</exclusive-start>
<af-start id="2097" threadId="0000000001815988" totalBytesRequested="64" timestamp="2019-07-02T20:08:32.805" intervalms="47.295" type="nursery" />
<cycle-start id="2098" type="scavenge" contextid="0" timestamp="2019-07-02T20:08:32.805" intervalms="47.307" />
  <attribute name="GC Util" value="25" />
  <attribute name="CPU Util" value="440919589554" />
  <attribute name="Time Running"value="3314"/>
  <attribute name="Number of cores"value="4"/>
<gc-start id="2099" type="scavenge" contextid="2098" timestamp="2019-07-02T20:08:32.805">
  <mem-info id="2100" free="1232760" total="43974656" percent="2">
    <mem type="nursery" free="0" total="28573696" percent="0">
      <mem type="allocate" free="0" total="24838144" percent="0" />
      <mem type="survivor" free="0" total="3735552" percent="0" />
    </mem>
    <mem type="tenure" free="1232760" total="15400960" percent="8">
      <mem type="soa" free="462712" total="14630912" percent="3" />
      <mem type="loa" free="770048" total="770048" percent="100" />
    </mem>
    <remembered-set count="2917" />
  </mem-info>
</gc-start>
<allocation-stats totalBytes="22874776" >
  <allocated-bytes non-tlh="3616" tlh="22871160" />
  <largest-consumer threadName="PmdThread 1" threadId="0000000001814400" bytes="7353520" />
</allocation-stats>
<gc-op id="2101" type="scavenge" timems="1.401" contextid="2098" timestamp="2019-07-02T20:08:32.807">
  <scavenger-info tenureage="4" tenuremask="7ff0" tiltratio="86" />
  <memory-copied type="nursery" objects="21631" bytes="1368344" bytesdiscarded="131016" />
  <references type="weak" candidates="480" cleared="480" enqueued="479" />
  <references type="phantom" candidates="47" cleared="35" enqueued="35" />
</gc-op>
<gc-end id="2102" type="scavenge" contextid="2098" durationms="1.603" usertimems="4.000" systemtimems="0.000" timestamp="2019-07-02T20:08:32.807" activeThreads="4">
  <mem-info id="2103" free="25090928" total="43974656" percent="57">
    <mem type="nursery" free="23858168" total="28573696" percent="83">
      <mem type="allocate" free="23858168" total="25362432" percent="94" />
      <mem type="survivor" free="0" total="3211264" percent="0" />
    </mem>
    <mem type="tenure" free="1232760" total="15400960" percent="8">
      <mem type="soa" free="462712" total="14630912" percent="3" />
      <mem type="loa" free="770048" total="770048" percent="100" />
    </mem>
    <pending-finalizers system="0" default="0" reference="514" classloader="0" />
    <remembered-set count="2283" />
  </mem-info>
</gc-end>
<cycle-end id="2104" type="scavenge" contextid="2098" timestamp="2019-07-02T20:08:32.807">
  <attribute name="GC Util" value="20" />
  <attribute name="CPU Util" value="389223547599" />
  <attribute name="Time Running"value="3362"/>
  <attribute name="Number of cores"value="4"/>
</cycle-end>
<allocation-satisfied id="2105" threadId="0000000001815000" bytesRequested="64" />
<af-end id="2106" timestamp="2019-07-02T20:08:32.807" threadId="0000000001815988" success="true" from="nursery"/>
<exclusive-end id="2107" timestamp="2019-07-02T20:08:32.807" durationms="2.183" />

<exclusive-start id="2108" timestamp="2019-07-02T20:08:32.821" intervalms="15.630">
  <response-info timems="0.026" idlems="0.026" threads="0" lastid="0000000001814400" lastname="PmdThread 1" />
</exclusive-start>
<concurrent-collection-start id="2109" timestamp="2019-07-02T20:08:32.821" intervalms="245.826" >
  <concurrent-trace-info reason="card cleaning threshold reached" tracedByMutators="977276" tracedByHelpers="7651404" cardsCleaned="66" workStackOverflowCount="0" />
</concurrent-collection-start>
<gc-start id="2110" type="global" contextid="2094" timestamp="2019-07-02T20:08:32.821">
  <mem-info id="2111" free="24943320" total="43974656" percent="56">
    <mem type="nursery" free="23710648" total="28573696" percent="82">
      <mem type="allocate" free="23710648" total="25362432" percent="93" />
      <mem type="survivor" free="0" total="3211264" percent="0" />
    </mem>
    <mem type="tenure" free="1232672" total="15400960" percent="8">
      <mem type="soa" free="462624" total="14630912" percent="3" />
      <mem type="loa" free="770048" total="770048" percent="100" />
    </mem>
    <remembered-set count="2291" />
  </mem-info>
</gc-start>
<allocation-stats totalBytes="147608" >
  <allocated-bytes non-tlh="152" tlh="147456" />
  <largest-consumer threadName="PmdThread 1" threadId="0000000001814400" bytes="65624" />
</allocation-stats>
<gc-op id="2112" type="rs-scan" timems="1.107" contextid="2094" timestamp="2019-07-02T20:08:32.822">
  <scan objectsFound="452" bytesTraced="474948" workStackOverflowCount="0" />
</gc-op>
<gc-op id="2113" type="card-cleaning" timems="0.257" contextid="2094" timestamp="2019-07-02T20:08:32.822">
  <card-cleaning cardsCleaned="0" bytesTraced="4348" workStackOverflowCount="0" />
</gc-op>
<gc-op id="2114" type="mark" timems="1.292" contextid="2094" timestamp="2019-07-02T20:08:32.824">
  <trace-info objectcount="2815" scancount="2442" scanbytes="81528" />
  <finalization candidates="57" enqueued="0" />
  <ownableSynchronizers candidates="8" cleared="0" />
  <references type="soft" candidates="241" cleared="0" enqueued="0" dynamicThreshold="9" maxThreshold="32" />
  <references type="weak" candidates="667" cleared="0" enqueued="0" />
  <references type="phantom" candidates="94" cleared="0" enqueued="0" />
  <stringconstants candidates="5170" cleared="0"  />
</gc-op>
<gc-op id="2115" type="sweep" timems="0.954" contextid="2094" timestamp="2019-07-02T20:08:32.825" />
<heap-resize id="2116" type="expand" space="tenure" amount="1048576" count="1" timems="0.023" reason="insufficient free space following gc" timestamp="2019-07-02T20:08:32.825" />
<gc-end id="2117" type="global" contextid="2094" durationms="4.057" usertimems="4.000" systemtimems="4.000" timestamp="2019-07-02T20:08:32.825" activeThreads="4">
  <mem-info id="2118" free="29331672" total="45023232" percent="65">
    <mem type="nursery" free="24198464" total="28573696" percent="84">
      <mem type="allocate" free="24198464" total="25362432" percent="95" />
      <mem type="survivor" free="0" total="3211264" percent="0" />
    </mem>
    <mem type="tenure" free="5133208" total="16449536" percent="31" micro-fragmented="378766" macro-fragmented="0">
      <mem type="soa" free="4310936" total="15627264" percent="27" />
      <mem type="loa" free="822272" total="822272" percent="100" />
    </mem>
    <remembered-set count="469" />
  </mem-info>
</gc-end>
<cycle-end id="2119" type="global" contextid="2094" timestamp="2019-07-02T20:08:32.825">
  <attribute name="GC Util" value="231" />
  <attribute name="CPU Util" value="13565857156836" />
  <attribute name="Time Running"value="3380"/>
  <attribute name="Number of cores"value="4"/>
</cycle-end>
<concurrent-collection-end id="2120" timestamp="2019-07-02T20:08:32.825" />
<exclusive-end id="2121" timestamp="2019-07-02T20:08:32.825" durationms="4.372" />

<exclusive-start id="2122" timestamp="2019-07-02T20:08:32.857" intervalms="36.843">
  <response-info timems="0.037" idlems="0.037" threads="0" lastid="0000000001815B00" lastname="PmdThread 4" />
</exclusive-start>
<af-start id="2123" threadId="0000000001816488" totalBytesRequested="48" timestamp="2019-07-02T20:08:32.857" intervalms="52.426" type="nursery" />
<cycle-start id="2124" type="scavenge" contextid="0" timestamp="2019-07-02T20:08:32.858" intervalms="52.434" />
  <attribute name="GC Util" value="231" />
  <attribute name="CPU Util" value="13565857156836" />
  <attribute name="Time Running"value="3380"/>
  <attribute name="Number of cores"value="4"/>
<gc-start id="2125" type="scavenge" contextid="2124" timestamp="2019-07-02T20:08:32.858">
  <mem-info id="2126" free="5124656" total="45023232" percent="11">
    <mem type="nursery" free="0" total="28573696" percent="0">
      <mem type="allocate" free="0" total="25362432" percent="0" />
      <mem type="survivor" free="0" total="3211264" percent="0" />
    </mem>
    <mem type="tenure" free="5124656" total="16449536" percent="31">
      <mem type="soa" free="4302384" total="15627264" percent="27" />
      <mem type="loa" free="822272" total="822272" percent="100" />
    </mem>
    <remembered-set count="2639" />
  </mem-info>
</gc-start>
<allocation-stats totalBytes="24177856" >
  <allocated-bytes non-tlh="11472" tlh="24166384" />
  <largest-consumer threadName="PmdThread 4" threadId="0000000001815B00" bytes="9991976" />
</allocation-stats>
<gc-op id="2127" type="scavenge" timems="4.845" contextid="2124" timestamp="2019-07-02T20:08:32.863">
  <scavenger-info tenureage="5" tenuremask="7fe0" tiltratio="88" />
  <memory-copied type="nursery" objects="77585" bytes="3207216" bytesdiscarded="440" />
  <memory-copied type="tenure" objects="68774" bytes="2008184" bytesdiscarded="3224" />
  <copy-failed type="nursery" objects="68774" bytes="2009000" />
  <ownableSynchronizers candidates="16" cleared="16" />
  <references type="weak" candidates="483" cleared="483" enqueued="483" />
  <references type="phantom" candidates="34" cleared="21" enqueued="21" />
</gc-op>
<heap-resize id="2128" type="expand" space="nursery" amount="1179648" count="1" timems="0.026" reason="excessive time being spent scavenging" timestamp="2019-07-02T20:08:32.863" />
<gc-end id="2129" type="scavenge" contextid="2124" durationms="5.147" usertimems="4.000" systemtimems="8.000" timestamp="2019-07-02T20:08:32.863" activeThreads="4">
  <mem-info id="2130" free="19131464" total="46202880" percent="41">
    <mem type="nursery" free="16252928" total="29753344" percent="54">
      <mem type="allocate" free="16252928" total="19464192" percent="83" />
      <mem type="survivor" free="0" total="10289152" percent="0" />
    </mem>
    <mem type="tenure" free="2878536" total="16449536" percent="17">
      <mem type="soa" free="2056264" total="15627264" percent="13" />
      <mem type="loa" free="822272" total="822272" percent="100" />
    </mem>
    <pending-finalizers system="0" default="0" reference="504" classloader="0" />
    <remembered-set count="9817" />
  </mem-info>
</gc-end>
<cycle-end id="2131" type="scavenge" contextid="2124" timestamp="2019-07-02T20:08:32.863">
  <attribute name="GC Util" value="9" />
  <attribute name="CPU Util" value="540854079452" />
  <attribute name="Time Running"value="3414"/>
  <attribute name="Number of cores"value="4"/>
</cycle-end>
<allocation-satisfied id="2132" threadId="0000000001815B00" bytesRequested="48" />
<af-end id="2133" timestamp="2019-07-02T20:08:32.863" threadId="0000000001816488" success="true" from="nursery"/>
<exclusive-end id="2134" timestamp="2019-07-02T20:08:32.863" durationms="5.644" />

<exclusive-start id="2135" timestamp="2019-07-02T20:08:32.879" intervalms="21.922">
  <response-info timems="0.093" idlems="0.059" threads="1" lastid="0000000001815000" lastname="PmdThread 3" />
</exclusive-start>
<af-start id="2136" threadId="0000000001818988" totalBytesRequested="640" timestamp="2019-07-02T20:08:32.879" intervalms="21.914" type="nursery" />
<cycle-start id="2137" type="scavenge" contextid="0" timestamp="2019-07-02T20:08:32.879" intervalms="21.943" />
  <attribute name="GC Util" value="9" />
  <attribute name="CPU Util" value="540854079452" />
  <attribute name="Time Running"value="3414"/>
  <attribute name="Number of cores"value="4"/>
<gc-start id="2138" type="scavenge" contextid="2137" timestamp="2019-07-02T20:08:32.880">
  <mem-info id="2139" free="2878336" total="46202880" percent="6">
    <mem type="nursery" free="0" total="29753344" percent="0">
      <mem type="allocate" free="0" total="19464192" percent="0" />
      <mem type="survivor" free="0" total="10289152" percent="0" />
    </mem>
    <mem type="tenure" free="2878336" total="16449536" percent="17">
      <mem type="soa" free="2056064" total="15627264" percent="13" />
      <mem type="loa" free="822272" total="822272" percent="100" />
    </mem>
    <remembered-set count="10804" />
  </mem-info>
</gc-start>
<allocation-stats totalBytes="16239024" >
  <allocated-bytes non-tlh="248" tlh="16238776" />
  <largest-consumer threadName="PmdThread 1" threadId="0000000001814400" bytes="6126784" />
</allocation-stats>
<gc-op id="2140" type="scavenge" timems="7.010" contextid="2137" timestamp="2019-07-02T20:08:32.887">
  <scavenger-info tenureage="5" tenuremask="7fe0" tiltratio="65" />
  <memory-copied type="nursery" objects="190928" bytes="6508680" bytesdiscarded="96048" />
  <memory-copied type="tenure" objects="292" bytes="29560" bytesdiscarded="0" />
  <references type="weak" candidates="526" cleared="526" enqueued="526" />
  <references type="phantom" candidates="17" cleared="6" enqueued="6" />
</gc-op>
<heap-resize id="2141" type="expand" space="nursery" amount="4194304" count="1" timems="0.017" reason="excessive time being spent scavenging" timestamp="2019-07-02T20:08:32.887" />
<gc-end id="2142" type="scavenge" contextid="2137" durationms="7.321" usertimems="20.000" systemtimems="0.000" timestamp="2019-07-02T20:08:32.887" activeThreads="4">
  <mem-info id="2143" free="20223128" total="50397184" percent="40">
    <mem type="nursery" free="17380784" total="33947648" percent="51">
      <mem type="allocate" free="17380784" total="23986176" percent="72" />
      <mem type="survivor" free="0" total="9961472" percent="0" />
    </mem>
    <mem type="tenure" free="2842344" total="16449536" percent="17">
      <mem type="soa" free="2020072" total="15627264" percent="12" />
      <mem type="loa" free="822272" total="822272" percent="100" />
    </mem>
    <pending-finalizers system="0" default="0" reference="532" classloader="0" />
    <remembered-set count="9746" />
  </mem-info>
</gc-end>
<cycle-end id="2144" type="scavenge" contextid="2137" timestamp="2019-07-02T20:08:32.887">
  <attribute name="GC Util" value="57" />
  <attribute name="CPU Util" value="838850596367" />
  <attribute name="Time Running"value="3436"/>
  <attribute name="Number of cores"value="4"/>
</cycle-end>
<allocation-satisfied id="2145" threadId="0000000001818000" bytesRequested="640" />
<af-end id="2146" timestamp="2019-07-02T20:08:32.887" threadId="0000000001818988" success="true" from="nursery"/>
<exclusive-end id="2147" timestamp="2019-07-02T20:08:32.887" durationms="7.763" />

<exclusive-start id="2148" timestamp="2019-07-02T20:08:32.915" intervalms="35.396">
  <response-info timems="0.038" idlems="0.038" threads="0" lastid="0000000001815000" lastname="PmdThread 3" />
</exclusive-start>
<af-start id="2149" threadId="0000000001815988" totalBytesRequested="24" timestamp="2019-07-02T20:08:32.915" intervalms="35.459" type="nursery" />
<cycle-start id="2150" type="scavenge" contextid="0" timestamp="2019-07-02T20:08:32.915" intervalms="35.476" />
  <attribute name="GC Util" value="57" />
  <attribute name="CPU Util" value="838850596367" />
  <attribute name="Time Running"value="3436"/>
  <attribute name="Number of cores"value="4"/>
<gc-start id="2151" type="scavenge" contextid="2150" timestamp="2019-07-02T20:08:32.915">
  <mem-info id="2152" free="2841488" total="50397184" percent="5">
    <mem type="nursery" free="0" total="33947648" percent="0">
      <mem type="allocate" free="0" total="23986176" percent="0" />
      <mem type="survivor" free="0" total="9961472" percent="0" />
    </mem>
    <mem type="tenure" free="2841488" total="16449536" percent="17">
      <mem type="soa" free="2019216" total="15627264" percent="12" />
      <mem type="loa" free="822272" total="822272" percent="100" />
    </mem>
    <remembered-set count="10982" />
  </mem-info>
</gc-start>
<allocation-stats totalBytes="17363800" >
  <allocated-bytes non-tlh="1496" tlh="17362304" />
  <largest-consumer threadName="PmdThread 1" threadId="0000000001814400" bytes="7427552" />
</allocation-stats>
<gc-op id="2153" type="scavenge" timems="6.023" contextid="2150" timestamp="2019-07-02T20:08:32.921">
  <scavenger-info tenureage="5" tenuremask="7fe0" tiltratio="70" />
  <memory-copied type="nursery" objects="192013" bytes="6453656" bytesdiscarded="216104" />
  <memory-copied type="tenure" objects="486" bytes="21864" bytesdiscarded="0" />
  <references type="weak" candidates="556" cleared="556" enqueued="556" />
  <references type="phantom" candidates="13" cleared="2" enqueued="2" />
</gc-op>
<heap-resize id="2154" type="expand" space="nursery" amount="2752512" count="1" timems="0.030" reason="excessive time being spent scavenging" timestamp="2019-07-02T20:08:32.921" />
<gc-end id="2155" type="scavenge" contextid="2150" durationms="6.413" usertimems="8.000" systemtimems="8.000" timestamp="2019-07-02T20:08:32.921" activeThreads="4">
  <mem-info id="2156" free="24872104" total="53149696" percent="46">
    <mem type="nursery" free="22030616" total="36700160" percent="60">
      <mem type="allocate" free="22030616" total="28704768" percent="76" />
      <mem type="survivor" free="0" total="7995392" percent="0" />
    </mem>
    <mem type="tenure" free="2841488" total="16449536" percent="17">
      <mem type="soa" free="2019216" total="15627264" percent="12" />
      <mem type="loa" free="822272" total="822272" percent="100" />
    </mem>
    <pending-finalizers system="0" default="0" reference="558" classloader="0" />
    <remembered-set count="9680" />
  </mem-info>
</gc-end>
<cycle-end id="2157" type="scavenge" contextid="2150" timestamp="2019-07-02T20:08:32.922">
  <attribute name="GC Util" value="52" />
  <attribute name="CPU Util" value="520560360726" />
  <attribute name="Time Running"value="3472"/>
  <attribute name="Number of cores"value="4"/>
</cycle-end>
<allocation-satisfied id="2158" threadId="0000000001815000" bytesRequested="24" />
<af-end id="2159" timestamp="2019-07-02T20:08:32.922" threadId="0000000001815988" success="true" from="nursery"/>
<exclusive-end id="2160" timestamp="2019-07-02T20:08:32.922" durationms="7.170" />

<exclusive-start id="2161" timestamp="2019-07-02T20:08:32.951" intervalms="36.537">
  <response-info timems="0.155" idlems="0.155" threads="0" lastid="0000000001818000" lastname="PmdThread 2" />
</exclusive-start>
<af-start id="2162" threadId="0000000001818988" totalBytesRequested="40" timestamp="2019-07-02T20:08:32.951" intervalms="36.500" type="nursery" />
<cycle-start id="2163" type="scavenge" contextid="0" timestamp="2019-07-02T20:08:32.951" intervalms="36.484" />
  <attribute name="GC Util" value="52" />
  <attribute name="CPU Util" value="520560360726" />
  <attribute name="Time Running"value="3472"/>
  <attribute name="Number of cores"value="4"/>
<gc-start id="2164" type="scavenge" contextid="2163" timestamp="2019-07-02T20:08:32.952">
  <mem-info id="2165" free="2840888" total="53149696" percent="5">
    <mem type="nursery" free="0" total="36700160" percent="0">
      <mem type="allocate" free="0" total="28704768" percent="0" />
      <mem type="survivor" free="0" total="7995392" percent="0" />
    </mem>
    <mem type="tenure" free="2840888" total="16449536" percent="17">
      <mem type="soa" free="2018616" total="15627264" percent="12" />
      <mem type="loa" free="822272" total="822272" percent="100" />
    </mem>
    <remembered-set count="13568" />
  </mem-info>
</gc-start>
<allocation-stats totalBytes="22021768" >
  <allocated-bytes non-tlh="624" tlh="22021144" />
  <largest-consumer threadName="PmdThread 1" threadId="0000000001814400" bytes="7044312" />
</allocation-stats>
<gc-op id="2166" type="scavenge" timems="7.424" contextid="2163" timestamp="2019-07-02T20:08:32.959">
  <scavenger-info tenureage="4" tenuremask="7ff0" tiltratio="78" />
  <memory-copied type="nursery" objects="193784" bytes="6690928" bytesdiscarded="119296" />
  <memory-copied type="tenure" objects="1430" bytes="53560" bytesdiscarded="0" />
  <references type="weak" candidates="394" cleared="394" enqueued="394" />
  <references type="phantom" candidates="10" cleared="10" enqueued="10" />
</gc-op>
<heap-resize id="2167" type="expand" space="nursery" amount="3276800" count="1" timems="0.028" reason="excessive time being spent scavenging" timestamp="2019-07-02T20:08:32.959" />
<gc-end id="2168" type="scavenge" contextid="2163" durationms="7.877" usertimems="12.000" systemtimems="4.000" timestamp="2019-07-02T20:08:32.959" activeThreads="4">
  <mem-info id="2169" free="27839224" total="56426496" percent="49">
    <mem type="nursery" free="24998336" total="39976960" percent="62">
      <mem type="allocate" free="24998336" total="31850496" percent="78" />
      <mem type="survivor" free="0" total="8126464" percent="0" />
    </mem>
    <mem type="tenure" free="2840888" total="16449536" percent="17">
      <mem type="soa" free="2018616" total="15627264" percent="12" />
      <mem type="loa" free="822272" total="822272" percent="100" />
    </mem>
    <pending-finalizers system="0" default="0" reference="404" classloader="0" />
    <remembered-set count="9565" />
  </mem-info>
</gc-end>
<cycle-end id="2170" type="scavenge" contextid="2163" timestamp="2019-07-02T20:08:32.960">
  <attribute name="GC Util" value="42" />
  <attribute name="CPU Util" value="505097070013" />
  <attribute name="Time Running"value="3508"/>
  <attribute name="Number of cores"value="4"/>
</cycle-end>
<allocation-satisfied id="2171" threadId="0000000001818000" bytesRequested="40" />
<af-end id="2172" timestamp="2019-07-02T20:08:32.960" threadId="0000000001818988" success="true" from="nursery"/>
<exclusive-end id="2173" timestamp="2019-07-02T20:08:32.960" durationms="8.815" />

<exclusive-start id="2174" timestamp="2019-07-02T20:08:33.006" intervalms="54.791">
  <response-info timems="0.073" idlems="0.073" threads="0" lastid="0000000001815000" lastname="PmdThread 3" />
</exclusive-start>
<af-start id="2175" threadId="0000000001815988" totalBytesRequested="16" timestamp="2019-07-02T20:08:33.006" intervalms="54.778" type="nursery" />
<cycle-start id="2176" type="scavenge" contextid="0" timestamp="2019-07-02T20:08:33.006" intervalms="54.749" />
  <attribute name="GC Util" value="42" />
  <attribute name="CPU Util" value="505097070013" />
  <attribute name="Time Running"value="3508"/>
  <attribute name="Number of cores"value="4"/>
<gc-start id="2177" type="scavenge" contextid="2176" timestamp="2019-07-02T20:08:33.006">
  <mem-info id="2178" free="2837688" total="56426496" percent="5">
    <mem type="nursery" free="0" total="39976960" percent="0">
      <mem type="allocate" free="0" total="31850496" percent="0" />
      <mem type="survivor" free="0" total="8126464" percent="0" />
    </mem>
    <mem type="tenure" free="2837688" total="16449536" percent="17">
      <mem type="soa" free="2015416" total="15627264" percent="12" />
      <mem type="loa" free="822272" total="822272" percent="100" />
    </mem>
    <remembered-set count="11286" />
  </mem-info>
</gc-start>
<allocation-stats totalBytes="24988648" >
  <allocated-bytes non-tlh="3240" tlh="24985408" />
  <largest-consumer threadName="PmdThread 3" threadId="0000000001815000" bytes="8670440" />
</allocation-stats>
<gc-op id="2179" type="scavenge" timems="8.686" contextid="2176" timestamp="2019-07-02T20:08:33.015">
  <scavenger-info tenureage="3" tenuremask="7fe8" tiltratio="79" />
  <memory-copied type="nursery" objects="57113" bytes="2748544" bytesdiscarded="138712" />
  <memory-copied type="tenure" objects="133383" bytes="3895024" bytesdiscarded="1000" />
  <references type="weak" candidates="423" cleared="422" enqueued="420" />
  <references type="phantom" candidates="43" cleared="39" enqueued="39" />
  <heap-resize type="expand" space="tenure" amount="1966080" count="30" timems="0.149" reason="continue current collection" />
</gc-op>
<heap-resize id="2180" type="expand" space="nursery" amount="3014656" count="1" timems="0.014" reason="excessive time being spent scavenging" timestamp="2019-07-02T20:08:33.015" />
<gc-end id="2181" type="scavenge" contextid="2176" durationms="9.235" usertimems="20.000" systemtimems="0.000" timestamp="2019-07-02T20:08:33.015" activeThreads="4">
  <mem-info id="2182" free="32962512" total="61407232" percent="53">
    <mem type="nursery" free="32041936" total="42991616" percent="74">
      <mem type="allocate" free="32041936" total="34930688" percent="91" />
      <mem type="survivor" free="0" total="8060928" percent="0" />
    </mem>
    <mem type="tenure" free="920576" total="18415616" percent="4">
      <mem type="soa" free="0" total="17495040" percent="0" />
      <mem type="loa" free="920576" total="920576" percent="100" />
    </mem>
    <pending-finalizers system="0" default="0" reference="459" classloader="0" />
    <remembered-set count="29782" />
  </mem-info>
</gc-end>
<cycle-end id="2183" type="scavenge" contextid="2176" timestamp="2019-07-02T20:08:33.016">
  <attribute name="GC Util" value="29" />
  <attribute name="CPU Util" value="337273283924" />
  <attribute name="Time Running"value="3563"/>
  <attribute name="Number of cores"value="4"/>
</cycle-end>
<allocation-satisfied id="2184" threadId="0000000001815000" bytesRequested="16" />
<af-end id="2185" timestamp="2019-07-02T20:08:33.016" threadId="0000000001815988" success="true" from="nursery"/>
<exclusive-end id="2186" timestamp="2019-07-02T20:08:33.016" durationms="9.965" />

<exclusive-start id="2187" timestamp="2019-07-02T20:08:33.019" intervalms="12.649">
  <response-info timems="0.033" idlems="0.033" threads="0" lastid="0000000001815000" lastname="PmdThread 3" />
</exclusive-start>
<af-start id="2188" threadId="0000000001815988" totalBytesRequested="16" timestamp="2019-07-02T20:08:33.019" intervalms="12.640" type="tenure" />
<cycle-start id="2189" type="global" contextid="0" timestamp="2019-07-02T20:08:33.019" intervalms="217.293" />
  <attribute name="GC Util" value="29" />
  <attribute name="CPU Util" value="337273283924" />
  <attribute name="Time Running"value="3563"/>
  <attribute name="Number of cores"value="4"/>
<gc-start id="2190" type="global" contextid="2189" timestamp="2019-07-02T20:08:33.019">
  <mem-info id="2191" free="30951360" total="61407232" percent="50">
    <mem type="nursery" free="30030784" total="42991616" percent="69">
      <mem type="allocate" free="30030784" total="34930688" percent="85" />
      <mem type="survivor" free="0" total="8060928" percent="0" />
    </mem>
    <mem type="tenure" free="920576" total="18415616" percent="4">
      <mem type="soa" free="0" total="17495040" percent="0" />
      <mem type="loa" free="920576" total="920576" percent="100" />
    </mem>
    <remembered-set count="29793" />
  </mem-info>
</gc-start>
<allocation-stats totalBytes="2006960" >
  <allocated-bytes non-tlh="16" tlh="2006944" />
  <largest-consumer threadName="PmdThread 1" threadId="0000000001814400" bytes="663456" />
</allocation-stats>
<gc-op id="2192" type="mark" timems="5.950" contextid="2189" timestamp="2019-07-02T20:08:33.025">
  <trace-info objectcount="288281" scancount="268575" scanbytes="9224968" />
  <finalization candidates="57" enqueued="0" />
  <ownableSynchronizers candidates="8" cleared="0" />
  <references type="soft" candidates="241" cleared="0" enqueued="0" dynamicThreshold="9" maxThreshold="32" />
  <references type="weak" candidates="773" cleared="105" enqueued="105" />
  <references type="phantom" candidates="101" cleared="2" enqueued="2" />
  <stringconstants candidates="5213" cleared="0"  />
</gc-op>
<gc-op id="2193" type="sweep" timems="0.586" contextid="2189" timestamp="2019-07-02T20:08:33.026" />
<gc-end id="2194" type="global" contextid="2189" durationms="7.129" usertimems="16.000" systemtimems="4.000" timestamp="2019-07-02T20:08:33.026" activeThreads="4">
  <mem-info id="2195" free="40629760" total="61407232" percent="66">
    <mem type="nursery" free="33573912" total="42991616" percent="78">
      <mem type="allocate" free="33573912" total="34930688" percent="96" />
      <mem type="survivor" free="0" total="8060928" percent="0" />
    </mem>
    <mem type="tenure" free="7055848" total="18415616" percent="38" micro-fragmented="522369" macro-fragmented="0">
      <mem type="soa" free="6135272" total="17495040" percent="35" />
      <mem type="loa" free="920576" total="920576" percent="100" />
    </mem>
    <pending-finalizers system="0" default="0" reference="107" classloader="0" />
    <remembered-set count="529" />
  </mem-info>
</gc-end>
<cycle-end id="2196" type="global" contextid="2189" timestamp="2019-07-02T20:08:33.026">
  <attribute name="GC Util" value="256" />
  <attribute name="CPU Util" value="2916364614494" />
  <attribute name="Time Running"value="3582"/>
  <attribute name="Number of cores"value="4"/>
</cycle-end>
<allocation-satisfied id="2197" threadId="0000000001815000" bytesRequested="16" />
<af-end id="2198" timestamp="2019-07-02T20:08:33.026" threadId="0000000001815988" success="true" from="tenure-soa"/>
<exclusive-end id="2199" timestamp="2019-07-02T20:08:33.027" durationms="7.863" />

<exclusive-start id="2200" timestamp="2019-07-02T20:08:33.069" intervalms="50.205">
  <response-info timems="0.069" idlems="0.069" threads="0" lastid="0000000001815B00" lastname="PmdThread 4" />
</exclusive-start>
<af-start id="2201" threadId="0000000001816488" totalBytesRequested="24" timestamp="2019-07-02T20:08:33.069" intervalms="50.259" type="nursery" />
<cycle-start id="2202" type="scavenge" contextid="0" timestamp="2019-07-02T20:08:33.069" intervalms="62.918" />
  <attribute name="GC Util" value="256" />
  <attribute name="CPU Util" value="2916364614494" />
  <attribute name="Time Running"value="3582"/>
  <attribute name="Number of cores"value="4"/>
<gc-start id="2203" type="scavenge" contextid="2202" timestamp="2019-07-02T20:08:33.069">
  <mem-info id="2204" free="7047560" total="61407232" percent="11">
    <mem type="nursery" free="0" total="42991616" percent="0">
      <mem type="allocate" free="0" total="34930688" percent="0" />
      <mem type="survivor" free="0" total="8060928" percent="0" />
    </mem>
    <mem type="tenure" free="7047560" total="18415616" percent="38">
      <mem type="soa" free="6126984" total="17495040" percent="35" />
      <mem type="loa" free="920576" total="920576" percent="100" />
    </mem>
    <remembered-set count="789" />
  </mem-info>
</gc-start>
<allocation-stats totalBytes="33560056" >
  <allocated-bytes non-tlh="7552" tlh="33552504" />
  <largest-consumer threadName="PmdThread 4" threadId="0000000001815B00" bytes="10905696" />
</allocation-stats>
<gc-op id="2205" type="scavenge" timems="1.416" contextid="2202" timestamp="2019-07-02T20:08:33.071">
  <scavenger-info tenureage="5" tenuremask="7fe0" tiltratio="81" />
  <memory-copied type="nursery" objects="19993" bytes="1325296" bytesdiscarded="96824" />
  <memory-copied type="tenure" objects="831" bytes="42408" bytesdiscarded="768" />
  <ownableSynchronizers candidates="16" cleared="16" />
  <references type="weak" candidates="234" cleared="233" enqueued="231" />
  <references type="phantom" candidates="47" cleared="40" enqueued="40" />
</gc-op>
<gc-end id="2206" type="scavenge" contextid="2202" durationms="1.677" usertimems="0.000" systemtimems="0.000" timestamp="2019-07-02T20:08:33.071" activeThreads="4">
  <mem-info id="2207" free="41994584" total="61407232" percent="68">
    <mem type="nursery" free="35009080" total="42991616" percent="81">
      <mem type="allocate" free="35009080" total="36438016" percent="96" />
      <mem type="survivor" free="0" total="6553600" percent="0" />
    </mem>
    <mem type="tenure" free="6985504" total="18415616" percent="37">
      <mem type="soa" free="6064928" total="17495040" percent="34" />
      <mem type="loa" free="920576" total="920576" percent="100" />
    </mem>
    <pending-finalizers system="0" default="0" reference="271" classloader="0" />
    <remembered-set count="676" />
  </mem-info>
</gc-end>
<cycle-end id="2208" type="scavenge" contextid="2202" timestamp="2019-07-02T20:08:33.071">
  <attribute name="GC Util" value="2" />
  <attribute name="CPU Util" value="419075152547" />
  <attribute name="Time Running"value="3626"/>
  <attribute name="Number of cores"value="4"/>
</cycle-end>
<allocation-satisfied id="2209" threadId="0000000001815B00" bytesRequested="24" />
<af-end id="2210" timestamp="2019-07-02T20:08:33.071" threadId="0000000001816488" success="true" from="nursery"/>
<exclusive-end id="2211" timestamp="2019-07-02T20:08:33.071" durationms="2.311" />

<exclusive-start id="2212" timestamp="2019-07-02T20:08:33.109" intervalms="40.049">
  <response-info timems="0.066" idlems="0.045" threads="1" lastid="000000000150AF00" lastname="JIT Compilation Thread-1" />
</exclusive-start>
<af-start id="2213" threadId="0000000001818988" totalBytesRequested="8200" timestamp="2019-07-02T20:08:33.109" intervalms="40.034" type="nursery" />
<cycle-start id="2214" type="scavenge" contextid="0" timestamp="2019-07-02T20:08:33.109" intervalms="40.037" />
  <attribute name="GC Util" value="2" />
  <attribute name="CPU Util" value="419075152547" />
  <attribute name="Time Running"value="3626"/>
  <attribute name="Number of cores"value="4"/>
<gc-start id="2215" type="scavenge" contextid="2214" timestamp="2019-07-02T20:08:33.109">
  <mem-info id="2216" free="6979480" total="61407232" percent="11">
    <mem type="nursery" free="0" total="42991616" percent="0">
      <mem type="allocate" free="0" total="36438016" percent="0" />
      <mem type="survivor" free="0" total="6553600" percent="0" />
    </mem>
    <mem type="tenure" free="6979480" total="18415616" percent="37">
      <mem type="soa" free="6058904" total="17495040" percent="34" />
      <mem type="loa" free="920576" total="920576" percent="100" />
    </mem>
    <remembered-set count="842" />
  </mem-info>
</gc-start>
<allocation-stats totalBytes="34997248" >
  <allocated-bytes non-tlh="3840" tlh="34993408" />
  <largest-consumer threadName="PmdThread 4" threadId="0000000001815B00" bytes="12811176" />
</allocation-stats>
<gc-op id="2217" type="scavenge" timems="2.817" contextid="2214" timestamp="2019-07-02T20:08:33.112">
  <scavenger-info tenureage="7" tenuremask="7f80" tiltratio="84" />
  <memory-copied type="nursery" objects="23001" bytes="1451160" bytesdiscarded="54760" />
  <references type="weak" candidates="174" cleared="173" enqueued="170" />
  <references type="phantom" candidates="35" cleared="29" enqueued="29" />
</gc-op>
<gc-end id="2218" type="scavenge" contextid="2214" durationms="3.016" usertimems="4.000" systemtimems="4.000" timestamp="2019-07-02T20:08:33.112" activeThreads="4">
  <mem-info id="2219" free="42888104" total="61407232" percent="69">
    <mem type="nursery" free="35908624" total="42991616" percent="83">
      <mem type="allocate" free="35908624" total="37421056" percent="95" />
      <mem type="survivor" free="0" total="5570560" percent="0" />
    </mem>
    <mem type="tenure" free="6979480" total="18415616" percent="37">
      <mem type="soa" free="6058904" total="17495040" percent="34" />
      <mem type="loa" free="920576" total="920576" percent="100" />
    </mem>
    <pending-finalizers system="0" default="0" reference="199" classloader="0" />
    <remembered-set count="746" />
  </mem-info>
</gc-end>
<cycle-end id="2220" type="scavenge" contextid="2214" timestamp="2019-07-02T20:08:33.112">
  <attribute name="GC Util" value="8" />
  <attribute name="CPU Util" value="460810205824" />
  <attribute name="Time Running"value="3666"/>
  <attribute name="Number of cores"value="4"/>
</cycle-end>
<allocation-satisfied id="2221" threadId="0000000001818000" bytesRequested="8200" />
<af-end id="2222" timestamp="2019-07-02T20:08:33.112" threadId="0000000001818988" success="true" from="nursery"/>
<exclusive-end id="2223" timestamp="2019-07-02T20:08:33.112" durationms="3.575" />

<exclusive-start id="2224" timestamp="2019-07-02T20:08:33.188" intervalms="79.036">
  <response-info timems="0.094" idlems="0.094" threads="0" lastid="0000000001815000" lastname="PmdThread 3" />
</exclusive-start>
<af-start id="2225" threadId="0000000001815988" totalBytesRequested="72" timestamp="2019-07-02T20:08:33.188" intervalms="79.029" type="nursery" />
<cycle-start id="2226" type="scavenge" contextid="0" timestamp="2019-07-02T20:08:33.188" intervalms="78.981" />
  <attribute name="GC Util" value="8" />
  <attribute name="CPU Util" value="460810205824" />
  <attribute name="Time Running"value="3666"/>
  <attribute name="Number of cores"value="4"/>
<gc-start id="2227" type="scavenge" contextid="2226" timestamp="2019-07-02T20:08:33.188">
  <mem-info id="2228" free="6966168" total="61407232" percent="11">
    <mem type="nursery" free="0" total="42991616" percent="0">
      <mem type="allocate" free="0" total="37421056" percent="0" />
      <mem type="survivor" free="0" total="5570560" percent="0" />
    </mem>
    <mem type="tenure" free="6966168" total="18415616" percent="37">
      <mem type="soa" free="6045592" total="17495040" percent="34" />
      <mem type="loa" free="920576" total="920576" percent="100" />
    </mem>
    <remembered-set count="1227" />
  </mem-info>
</gc-start>
<allocation-stats totalBytes="35906416" >
  <allocated-bytes non-tlh="20832" tlh="35885584" />
  <largest-consumer threadName="PmdThread 2" threadId="0000000001818000" bytes="10846280" />
</allocation-stats>
<gc-op id="2229" type="scavenge" timems="2.178" contextid="2226" timestamp="2019-07-02T20:08:33.190">
  <scavenger-info tenureage="8" tenuremask="7f00" tiltratio="87" />
  <memory-copied type="nursery" objects="31820" bytes="1978608" bytesdiscarded="170168" />
  <references type="weak" candidates="409" cleared="408" enqueued="402" />
  <references type="phantom" candidates="86" cleared="60" enqueued="60" />
</gc-op>
<gc-end id="2230" type="scavenge" contextid="2226" durationms="2.373" usertimems="8.000" systemtimems="0.000" timestamp="2019-07-02T20:08:33.191" activeThreads="4">
  <mem-info id="2231" free="42757736" total="61407232" percent="69">
    <mem type="nursery" free="35791568" total="42991616" percent="83">
      <mem type="allocate" free="35791568" total="37945344" percent="94" />
      <mem type="survivor" free="0" total="5046272" percent="0" />
    </mem>
    <mem type="tenure" free="6966168" total="18415616" percent="37">
      <mem type="soa" free="6045592" total="17495040" percent="34" />
      <mem type="loa" free="920576" total="920576" percent="100" />
    </mem>
    <pending-finalizers system="0" default="0" reference="462" classloader="0" />
    <remembered-set count="1006" />
  </mem-info>
</gc-end>
<cycle-end id="2232" type="scavenge" contextid="2226" timestamp="2019-07-02T20:08:33.191">
  <attribute name="GC Util" value="8" />
  <attribute name="CPU Util" value="233582995344" />
  <attribute name="Time Running"value="3745"/>
  <attribute name="Number of cores"value="4"/>
</cycle-end>
<allocation-satisfied id="2233" threadId="0000000001815000" bytesRequested="72" />
<af-end id="2234" timestamp="2019-07-02T20:08:33.191" threadId="0000000001815988" success="true" from="nursery"/>
<exclusive-end id="2235" timestamp="2019-07-02T20:08:33.191" durationms="2.893" />

<exclusive-start id="2236" timestamp="2019-07-02T20:08:33.252" intervalms="63.696">
  <response-info timems="0.050" idlems="0.050" threads="0" lastid="0000000001815B00" lastname="PmdThread 4" />
</exclusive-start>
<af-start id="2237" threadId="0000000001816488" totalBytesRequested="24" timestamp="2019-07-02T20:08:33.252" intervalms="63.660" type="nursery" />
<cycle-start id="2238" type="scavenge" contextid="0" timestamp="2019-07-02T20:08:33.252" intervalms="63.679" />
  <attribute name="GC Util" value="8" />
  <attribute name="CPU Util" value="233582995344" />
  <attribute name="Time Running"value="3745"/>
  <attribute name="Number of cores"value="4"/>
<gc-start id="2239" type="scavenge" contextid="2238" timestamp="2019-07-02T20:08:33.252">
  <mem-info id="2240" free="6961136" total="61407232" percent="11">
    <mem type="nursery" free="0" total="42991616" percent="0">
      <mem type="allocate" free="0" total="37945344" percent="0" />
      <mem type="survivor" free="0" total="5046272" percent="0" />
    </mem>
    <mem type="tenure" free="6961136" total="18415616" percent="37">
      <mem type="soa" free="6040560" total="17495040" percent="34" />
      <mem type="loa" free="920576" total="920576" percent="100" />
    </mem>
    <remembered-set count="1245" />
  </mem-info>
</gc-start>
<allocation-stats totalBytes="35769112" >
  <allocated-bytes non-tlh="5104" tlh="35764008" />
  <largest-consumer threadName="PmdThread 1" threadId="0000000001814400" bytes="9885480" />
</allocation-stats>
<gc-op id="2241" type="scavenge" timems="1.307" contextid="2238" timestamp="2019-07-02T20:08:33.253">
  <scavenger-info tenureage="9" tenuremask="7e00" tiltratio="88" />
  <memory-copied type="nursery" objects="37694" bytes="2124728" bytesdiscarded="251528" />
  <references type="soft" candidates="2" cleared="0" enqueued="0" dynamicThreshold="12" maxThreshold="32" />
  <references type="weak" candidates="518" cleared="516" enqueued="515" />
  <references type="phantom" candidates="104" cleared="69" enqueued="69" />
</gc-op>
<gc-end id="2242" type="scavenge" contextid="2238" durationms="1.529" usertimems="0.000" systemtimems="4.000" timestamp="2019-07-02T20:08:33.253" activeThreads="4">
  <mem-info id="2243" free="43049152" total="61407232" percent="70">
    <mem type="nursery" free="36088016" total="42991616" percent="83">
      <mem type="allocate" free="36088016" total="38469632" percent="93" />
      <mem type="survivor" free="0" total="4521984" percent="0" />
    </mem>
    <mem type="tenure" free="6961136" total="18415616" percent="37">
      <mem type="soa" free="6040560" total="17495040" percent="34" />
      <mem type="loa" free="920576" total="920576" percent="100" />
    </mem>
    <pending-finalizers system="0" default="0" reference="584" classloader="0" />
    <remembered-set count="1158" />
  </mem-info>
</gc-end>
<cycle-end id="2244" type="scavenge" contextid="2238" timestamp="2019-07-02T20:08:33.253">
  <attribute name="GC Util" value="9" />
  <attribute name="CPU Util" value="289779596242" />
  <attribute name="Time Running"value="3808"/>
  <attribute name="Number of cores"value="4"/>
</cycle-end>
<allocation-satisfied id="2245" threadId="0000000001815B00" bytesRequested="24" />
<af-end id="2246" timestamp="2019-07-02T20:08:33.254" threadId="0000000001816488" success="true" from="nursery"/>
<exclusive-end id="2247" timestamp="2019-07-02T20:08:33.254" durationms="1.980" />

<exclusive-start id="2248" timestamp="2019-07-02T20:08:33.325" intervalms="73.336">
  <response-info timems="0.079" idlems="0.045" threads="1" lastid="0000000001815000" lastname="PmdThread 3" />
</exclusive-start>
<af-start id="2249" threadId="0000000001818988" totalBytesRequested="152" timestamp="2019-07-02T20:08:33.325" intervalms="73.376" type="nursery" />
<cycle-start id="2250" type="scavenge" contextid="0" timestamp="2019-07-02T20:08:33.325" intervalms="73.397" />
  <attribute name="GC Util" value="9" />
  <attribute name="CPU Util" value="289779596242" />
  <attribute name="Time Running"value="3808"/>
  <attribute name="Number of cores"value="4"/>
<gc-start id="2251" type="scavenge" contextid="2250" timestamp="2019-07-02T20:08:33.325">
  <mem-info id="2252" free="6945360" total="61407232" percent="11">
    <mem type="nursery" free="0" total="42991616" percent="0">
      <mem type="allocate" free="0" total="38469632" percent="0" />
      <mem type="survivor" free="0" total="4521984" percent="0" />
    </mem>
    <mem type="tenure" free="6945360" total="18415616" percent="37">
      <mem type="soa" free="6024784" total="17495040" percent="34" />
      <mem type="loa" free="920576" total="920576" percent="100" />
    </mem>
    <remembered-set count="1745" />
  </mem-info>
</gc-start>
<allocation-stats totalBytes="36090272" >
  <allocated-bytes non-tlh="15800" tlh="36074472" />
  <largest-consumer threadName="PmdThread 2" threadId="0000000001818000" bytes="10158704" />
</allocation-stats>
<gc-op id="2253" type="scavenge" timems="3.578" contextid="2250" timestamp="2019-07-02T20:08:33.329">
  <scavenger-info tenureage="10" tenuremask="7c00" tiltratio="89" />
  <memory-copied type="nursery" objects="44257" bytes="2299088" bytesdiscarded="85616" />
  <references type="soft" candidates="2" cleared="0" enqueued="0" dynamicThreshold="12" maxThreshold="32" />
  <references type="weak" candidates="637" cleared="636" enqueued="635" />
  <references type="phantom" candidates="111" cleared="73" enqueued="73" />
</gc-op>
<gc-end id="2254" type="scavenge" contextid="2250" durationms="3.791" usertimems="4.000" systemtimems="4.000" timestamp="2019-07-02T20:08:33.329" activeThreads="4">
  <mem-info id="2255" free="43225456" total="61407232" percent="70">
    <mem type="nursery" free="36280096" total="42991616" percent="84">
      <mem type="allocate" free="36280096" total="38666240" percent="93" />
      <mem type="survivor" free="0" total="4325376" percent="0" />
    </mem>
    <mem type="tenure" free="6945360" total="18415616" percent="37">
      <mem type="soa" free="6024784" total="17495040" percent="34" />
      <mem type="loa" free="920576" total="920576" percent="100" />
    </mem>
    <pending-finalizers system="0" default="0" reference="708" classloader="0" />
    <remembered-set count="1452" />
  </mem-info>
</gc-end>
<cycle-end id="2256" type="scavenge" contextid="2250" timestamp="2019-07-02T20:08:33.329">
  <attribute name="GC Util" value="5" />
  <attribute name="CPU Util" value="251361455112" />
  <attribute name="Time Running"value="3882"/>
  <attribute name="Number of cores"value="4"/>
</cycle-end>
<allocation-satisfied id="2257" threadId="0000000001818000" bytesRequested="152" />
<af-end id="2258" timestamp="2019-07-02T20:08:33.329" threadId="0000000001818988" success="true" from="nursery"/>
<exclusive-end id="2259" timestamp="2019-07-02T20:08:33.329" durationms="4.329" />

</verbosegc>

