<?xml version="1.0" ?>

<verbosegc xmlns="http://www.ibm.com/j9/verbosegc" version="25b0271_CMPRSS">

<initialized id="1" timestamp="2019-07-02T20:08:56.918">
  <attribute name="gcPolicy" value="-Xgcpolicy:gencon" />
  <attribute name="GC Util" value="0" />
  <attribute name="CPU Util" value="0" />
  <attribute name="Time Running"value="0"/>
  <attribute name="Number of cores"value="0"/>
  <attribute name="maxHeapSize" value="0x7cbc0000" />
  <attribute name="initialHeapSize" value="0x800000" />
  <attribute name="compressedRefs" value="true" />
  <attribute name="compressedRefsDisplacement" value="0x0" />
  <attribute name="compressedRefsShift" value="0x0" />
  <attribute name="pageSize" value="0x1000" />
  <attribute name="pageType" value="not used" />
  <attribute name="requestedPageSize" value="0x1000" />
  <attribute name="requestedPageType" value="not used" />
  <attribute name="gcthreads" value="4" />
  <attribute name="gcthreads Concurrent Mark" value="1" />
  <attribute name="packetListSplit" value="4" />
  <attribute name="cacheListSplit" value="4" />
  <attribute name="splitFreeListSplitAmount" value="1" />
  <attribute name="numaNodes" value="0" />
  <system>
    <attribute name="physicalMemory" value="8370962432" />
    <attribute name="numCPUs" value="4" />
    <attribute name="architecture" value="amd64" />
    <attribute name="os" value="Linux" />
    <attribute name="osVersion" value="4.4.0-148-generic" />
  </system>
  <vmargs>
    <vmarg name="-Xoptionsfile=/vagrant/jdk/lib/options.default" />
    <vmarg name="-Xlockword:mode=default,noLockword=java/lang/String,noLockword=java/util/MapEntry,noLockword=java/util/HashMap$Entry,noLockword..." />
    <vmarg name="-Xjcl:jclse11_29" />
    <vmarg name="-Dcom.ibm.oti.vm.bootstrap.library.path=/vagrant/jdk/lib/compressedrefs:/vagrant/jdk/lib" />
    <vmarg name="-Dsun.boot.library.path=/vagrant/jdk/lib/compressedrefs:/vagrant/jdk/lib" />
    <vmarg name="-Djava.library.path=/vagrant/jdk/lib/compressedrefs:/vagrant/jdk/lib:/usr/lib64:/usr/lib" />
    <vmarg name="-Djava.home=/vagrant/jdk" />
    <vmarg name="-Duser.dir=/vagrant" />
    <vmarg name="-verbose:gc" />
    <vmarg name="-Xloggc:large-jdkF-verbose7pmd.txt" />
    <vmarg name="-Djava.class.path=dacapo-9.12-MR1-bach.jar" />
    <vmarg name="-Dsun.java.command=dacapo-9.12-MR1-bach.jar pmd --size=large" />
    <vmarg name="-Dsun.java.launcher=SUN_STANDARD" />
    <vmarg name="-Dsun.java.launcher.pid=18953" />
  </vmargs>
</initialized>

<exclusive-start id="2" timestamp="2019-07-02T20:08:57.042" intervalms="123.973">
  <response-info timems="0.022" idlems="0.022" threads="0" lastid="00000000021DA700" lastname="main" />
</exclusive-start>
<af-start id="3" threadId="00000000021DB088" totalBytesRequested="15368" timestamp="2019-07-02T20:08:57.042" intervalms="124.308" type="nursery" />
<cycle-start id="4" type="scavenge" contextid="0" timestamp="2019-07-02T20:08:57.042" intervalms="124.643" />
  <attribute name="GC Util" value="0" />
  <attribute name="CPU Util" value="88" />
  <attribute name="Time Running"value="0"/>
  <attribute name="Number of cores"value="4"/>
<gc-start id="5" type="scavenge" contextid="4" timestamp="2019-07-02T20:08:57.042">
  <mem-info id="6" free="6065704" total="8388608" percent="72">
    <mem type="nursery" free="0" total="2097152" percent="0">
      <mem type="allocate" free="0" total="1048576" percent="0" />
      <mem type="survivor" free="0" total="1048576" percent="0" />
    </mem>
    <mem type="tenure" free="6065704" total="6291456" percent="96">
      <mem type="soa" free="5751336" total="5977088" percent="96" />
      <mem type="loa" free="314368" total="314368" percent="100" />
    </mem>
    <remembered-set count="3122" />
  </mem-info>
</gc-start>
<allocation-stats totalBytes="1244312" >
  <allocated-bytes non-tlh="300120" tlh="944192" />
  <largest-consumer threadName="main" threadId="00000000021DA700" bytes="1168616" />
</allocation-stats>
<gc-op id="7" type="scavenge" timems="1.639" contextid="4" timestamp="2019-07-02T20:08:57.044">
  <scavenger-info tenureage="2" tenuremask="fffc" tiltratio="50" />
  <memory-copied type="nursery" objects="10438" bytes="487432" bytesdiscarded="76768" />
  <finalization candidates="16" enqueued="0" />
  <references type="soft" candidates="62" cleared="0" enqueued="0" dynamicThreshold="32" maxThreshold="32" />
  <references type="weak" candidates="307" cleared="155" enqueued="117" />
  <references type="phantom" candidates="19" cleared="3" enqueued="3" />
</gc-op>
<gc-end id="8" type="scavenge" contextid="4" durationms="2.086" usertimems="4.000" systemtimems="0.000" timestamp="2019-07-02T20:08:57.044" activeThreads="4">
  <mem-info id="9" free="6547992" total="8388608" percent="78">
    <mem type="nursery" free="482288" total="2097152" percent="22">
      <mem type="allocate" free="482288" total="1048576" percent="45" />
      <mem type="survivor" free="0" total="1048576" percent="0" />
    </mem>
    <mem type="tenure" free="6065704" total="6291456" percent="96">
      <mem type="soa" free="5751336" total="5977088" percent="96" />
      <mem type="loa" free="314368" total="314368" percent="100" />
    </mem>
    <pending-finalizers system="0" default="0" reference="120" classloader="0" />
    <remembered-set count="3122" />
  </mem-info>
</gc-end>
<cycle-end id="10" type="scavenge" contextid="4" timestamp="2019-07-02T20:08:57.045">
  <attribute name="GC Util" value="0" />
  <attribute name="CPU Util" value="206" />
  <attribute name="Time Running"value="19"/>
  <attribute name="Number of cores"value="4"/>
</cycle-end>
<allocation-satisfied id="11" threadId="00000000021DA700" bytesRequested="15368" />
<af-end id="12" timestamp="2019-07-02T20:08:57.045" threadId="00000000021DB088" success="true" from="nursery"/>
<exclusive-end id="13" timestamp="2019-07-02T20:08:57.045" durationms="3.214" />

<exclusive-start id="14" timestamp="2019-07-02T20:08:57.066" intervalms="24.170">
  <response-info timems="0.024" idlems="0.024" threads="0" lastid="00000000021DA700" lastname="main" />
</exclusive-start>
<af-start id="15" threadId="00000000021DB088" totalBytesRequested="16" timestamp="2019-07-02T20:08:57.066" intervalms="23.918" type="nursery" />
<cycle-start id="16" type="scavenge" contextid="0" timestamp="2019-07-02T20:08:57.066" intervalms="23.634" />
  <attribute name="GC Util" value="0" />
  <attribute name="CPU Util" value="206" />
  <attribute name="Time Running"value="19"/>
  <attribute name="Number of cores"value="4"/>
<gc-start id="17" type="scavenge" contextid="16" timestamp="2019-07-02T20:08:57.066">
  <mem-info id="18" free="6055736" total="8388608" percent="72">
    <mem type="nursery" free="0" total="2097152" percent="0">
      <mem type="allocate" free="0" total="1048576" percent="0" />
      <mem type="survivor" free="0" total="1048576" percent="0" />
    </mem>
    <mem type="tenure" free="6055736" total="6291456" percent="96">
      <mem type="soa" free="5741368" total="5977088" percent="96" />
      <mem type="loa" free="314368" total="314368" percent="100" />
    </mem>
    <remembered-set count="3260" />
  </mem-info>
</gc-start>
<allocation-stats totalBytes="490104" >
  <allocated-bytes non-tlh="25336" tlh="464768" />
  <largest-consumer threadName="main" threadId="00000000021DA700" bytes="478128" />
</allocation-stats>
<gc-op id="19" type="scavenge" timems="0.856" contextid="16" timestamp="2019-07-02T20:08:57.067">
  <scavenger-info tenureage="9" tenuremask="7e00" tiltratio="50" />
  <memory-copied type="nursery" objects="10900" bytes="485504" bytesdiscarded="84576" />
  <finalization candidates="16" enqueued="0" />
  <references type="soft" candidates="62" cleared="0" enqueued="0" dynamicThreshold="32" maxThreshold="32" />
  <references type="weak" candidates="283" cleared="119" enqueued="116" />
  <references type="phantom" candidates="41" cleared="14" enqueued="14" />
</gc-op>
<gc-end id="20" type="scavenge" contextid="16" durationms="1.000" usertimems="4.000" systemtimems="0.000" timestamp="2019-07-02T20:08:57.067" activeThreads="4">
  <mem-info id="21" free="6532768" total="8388608" percent="77">
    <mem type="nursery" free="477032" total="2097152" percent="22">
      <mem type="allocate" free="477032" total="1048576" percent="45" />
      <mem type="survivor" free="0" total="1048576" percent="0" />
    </mem>
    <mem type="tenure" free="6055736" total="6291456" percent="96">
      <mem type="soa" free="5741368" total="5977088" percent="96" />
      <mem type="loa" free="314368" total="314368" percent="100" />
    </mem>
    <pending-finalizers system="0" default="0" reference="130" classloader="0" />
    <remembered-set count="3260" />
  </mem-info>
</gc-end>
<cycle-end id="22" type="scavenge" contextid="16" timestamp="2019-07-02T20:08:57.067">
  <attribute name="GC Util" value="14" />
  <attribute name="CPU Util" value="113" />
  <attribute name="Time Running"value="42"/>
  <attribute name="Number of cores"value="4"/>
</cycle-end>
<allocation-satisfied id="23" threadId="00000000021DA700" bytesRequested="16" />
<af-end id="24" timestamp="2019-07-02T20:08:57.067" threadId="00000000021DB088" success="true" from="nursery"/>
<exclusive-end id="25" timestamp="2019-07-02T20:08:57.067" durationms="1.366" />

<exclusive-start id="26" timestamp="2019-07-02T20:08:57.077" intervalms="11.808">
  <response-info timems="0.022" idlems="0.022" threads="0" lastid="00000000021DA700" lastname="main" />
</exclusive-start>
<af-start id="27" threadId="00000000021DB088" totalBytesRequested="20232" timestamp="2019-07-02T20:08:57.078" intervalms="11.831" type="nursery" />
<cycle-start id="28" type="scavenge" contextid="0" timestamp="2019-07-02T20:08:57.078" intervalms="11.876" />
  <attribute name="GC Util" value="14" />
  <attribute name="CPU Util" value="113" />
  <attribute name="Time Running"value="42"/>
  <attribute name="Number of cores"value="4"/>
<gc-start id="29" type="scavenge" contextid="28" timestamp="2019-07-02T20:08:57.078">
  <mem-info id="30" free="6053048" total="8388608" percent="72">
    <mem type="nursery" free="0" total="2097152" percent="0">
      <mem type="allocate" free="0" total="1048576" percent="0" />
      <mem type="survivor" free="0" total="1048576" percent="0" />
    </mem>
    <mem type="tenure" free="6053048" total="6291456" percent="96">
      <mem type="soa" free="5738680" total="5977088" percent="96" />
      <mem type="loa" free="314368" total="314368" percent="100" />
    </mem>
    <remembered-set count="3293" />
  </mem-info>
</gc-start>
<allocation-stats totalBytes="441104" >
  <allocated-bytes non-tlh="2704" tlh="438400" />
  <largest-consumer threadName="main" threadId="00000000021DA700" bytes="432912" />
</allocation-stats>
<gc-op id="31" type="scavenge" timems="0.862" contextid="28" timestamp="2019-07-02T20:08:57.079">
  <scavenger-info tenureage="8" tenuremask="7f00" tiltratio="50" />
  <memory-copied type="nursery" objects="10899" bytes="540456" bytesdiscarded="116336" />
  <finalization candidates="16" enqueued="0" />
  <references type="soft" candidates="62" cleared="0" enqueued="0" dynamicThreshold="32" maxThreshold="32" />
  <references type="weak" candidates="246" cleared="79" enqueued="79" />
  <references type="phantom" candidates="40" cleared="11" enqueued="11" />
</gc-op>
<gc-end id="32" type="scavenge" contextid="28" durationms="1.087" usertimems="0.000" systemtimems="0.000" timestamp="2019-07-02T20:08:57.079" activeThreads="4">
  <mem-info id="33" free="6443368" total="8388608" percent="76">
    <mem type="nursery" free="390320" total="2097152" percent="18">
      <mem type="allocate" free="390320" total="1048576" percent="37" />
      <mem type="survivor" free="0" total="1048576" percent="0" />
    </mem>
    <mem type="tenure" free="6053048" total="6291456" percent="96">
      <mem type="soa" free="5738680" total="5977088" percent="96" />
      <mem type="loa" free="314368" total="314368" percent="100" />
    </mem>
    <pending-finalizers system="0" default="0" reference="90" classloader="0" />
    <remembered-set count="1066" />
  </mem-info>
</gc-end>
<cycle-end id="34" type="scavenge" contextid="28" timestamp="2019-07-02T20:08:57.079">
  <attribute name="GC Util" value="14" />
  <attribute name="CPU Util" value="124" />
  <attribute name="Time Running"value="54"/>
  <attribute name="Number of cores"value="4"/>
</cycle-end>
<allocation-satisfied id="35" threadId="00000000021DA700" bytesRequested="20232" />
<af-end id="36" timestamp="2019-07-02T20:08:57.079" threadId="00000000021DB088" success="true" from="nursery"/>
<exclusive-end id="37" timestamp="2019-07-02T20:08:57.079" durationms="1.626" />

<exclusive-start id="38" timestamp="2019-07-02T20:08:57.123" intervalms="45.713">
  <response-info timems="0.024" idlems="0.024" threads="0" lastid="00000000021DA700" lastname="main" />
</exclusive-start>
<af-start id="39" threadId="00000000021DB088" totalBytesRequested="43048" timestamp="2019-07-02T20:08:57.123" intervalms="45.677" type="nursery" />
<cycle-start id="40" type="scavenge" contextid="0" timestamp="2019-07-02T20:08:57.123" intervalms="45.673" />
  <attribute name="GC Util" value="14" />
  <attribute name="CPU Util" value="124" />
  <attribute name="Time Running"value="54"/>
  <attribute name="Number of cores"value="4"/>
<gc-start id="41" type="scavenge" contextid="40" timestamp="2019-07-02T20:08:57.123">
  <mem-info id="42" free="6063072" total="8388608" percent="72">
    <mem type="nursery" free="13736" total="2097152" percent="0">
      <mem type="allocate" free="13736" total="1048576" percent="1" />
      <mem type="survivor" free="0" total="1048576" percent="0" />
    </mem>
    <mem type="tenure" free="6049336" total="6291456" percent="96">
      <mem type="soa" free="5734968" total="5977088" percent="95" />
      <mem type="loa" free="314368" total="314368" percent="100" />
    </mem>
    <remembered-set count="1132" />
  </mem-info>
</gc-start>
<allocation-stats totalBytes="380000" >
  <allocated-bytes non-tlh="23944" tlh="356056" />
  <largest-consumer threadName="main" threadId="00000000021DA700" bytes="380000" />
</allocation-stats>
<gc-op id="43" type="scavenge" timems="1.078" contextid="40" timestamp="2019-07-02T20:08:57.125">
  <scavenger-info tenureage="3" tenuremask="fff8" tiltratio="50" />
  <memory-copied type="nursery" objects="827" bytes="102288" bytesdiscarded="45880" />
  <memory-copied type="tenure" objects="10227" bytes="457408" bytesdiscarded="104" />
  <finalization candidates="18" enqueued="0" />
  <references type="soft" candidates="1" cleared="0" enqueued="0" dynamicThreshold="32" maxThreshold="32" />
  <references type="weak" candidates="60" cleared="45" enqueued="45" />
  <references type="phantom" candidates="23" cleared="9" enqueued="9" />
</gc-op>
<gc-end id="44" type="scavenge" contextid="40" durationms="1.227" usertimems="0.000" systemtimems="0.000" timestamp="2019-07-02T20:08:57.125" activeThreads="4">
  <mem-info id="45" free="6392224" total="8388608" percent="76">
    <mem type="nursery" free="900352" total="2097152" percent="42">
      <mem type="allocate" free="900352" total="1048576" percent="85" />
      <mem type="survivor" free="0" total="1048576" percent="0" />
    </mem>
    <mem type="tenure" free="5491872" total="6291456" percent="87">
      <mem type="soa" free="5177504" total="5977088" percent="86" />
      <mem type="loa" free="314368" total="314368" percent="100" />
    </mem>
    <pending-finalizers system="0" default="0" reference="54" classloader="0" />
    <remembered-set count="214" />
  </mem-info>
</gc-end>
<cycle-end id="46" type="scavenge" contextid="40" timestamp="2019-07-02T20:08:57.125">
  <attribute name="GC Util" value="3" />
  <attribute name="CPU Util" value="94" />
  <attribute name="Time Running"value="100"/>
  <attribute name="Number of cores"value="4"/>
</cycle-end>
<allocation-satisfied id="47" threadId="00000000021DA700" bytesRequested="43048" />
<af-end id="48" timestamp="2019-07-02T20:08:57.125" threadId="00000000021DB088" success="true" from="nursery"/>
<exclusive-end id="49" timestamp="2019-07-02T20:08:57.125" durationms="1.617" />

<exclusive-start id="50" timestamp="2019-07-02T20:08:57.246" intervalms="122.353">
  <response-info timems="0.034" idlems="0.034" threads="0" lastid="00000000021DA700" lastname="main" />
</exclusive-start>
<af-start id="51" threadId="00000000021DB088" totalBytesRequested="2056" timestamp="2019-07-02T20:08:57.246" intervalms="122.351" type="nursery" />
<cycle-start id="52" type="scavenge" contextid="0" timestamp="2019-07-02T20:08:57.246" intervalms="122.319" />
  <attribute name="GC Util" value="3" />
  <attribute name="CPU Util" value="94" />
  <attribute name="Time Running"value="100"/>
  <attribute name="Number of cores"value="4"/>
<gc-start id="53" type="scavenge" contextid="52" timestamp="2019-07-02T20:08:57.246">
  <mem-info id="54" free="5490952" total="8388608" percent="65">
    <mem type="nursery" free="0" total="2097152" percent="0">
      <mem type="allocate" free="0" total="1048576" percent="0" />
      <mem type="survivor" free="0" total="1048576" percent="0" />
    </mem>
    <mem type="tenure" free="5490952" total="6291456" percent="87">
      <mem type="soa" free="5176584" total="5977088" percent="86" />
      <mem type="loa" free="314368" total="314368" percent="100" />
    </mem>
    <remembered-set count="230" />
  </mem-info>
</gc-start>
<allocation-stats totalBytes="891896" >
  <allocated-bytes non-tlh="43968" tlh="847928" />
  <largest-consumer threadName="main" threadId="00000000021DA700" bytes="891896" />
</allocation-stats>
<gc-op id="55" type="scavenge" timems="0.424" contextid="52" timestamp="2019-07-02T20:08:57.246">
  <scavenger-info tenureage="3" tenuremask="ffe8" tiltratio="50" />
  <memory-copied type="nursery" objects="485" bytes="157216" bytesdiscarded="105936" />
  <memory-copied type="tenure" objects="330" bytes="17320" bytesdiscarded="0" />
  <finalization candidates="3" enqueued="1" />
  <references type="soft" candidates="1" cleared="0" enqueued="0" dynamicThreshold="32" maxThreshold="32" />
  <references type="weak" candidates="8" cleared="6" enqueued="6" />
  <references type="phantom" candidates="9" cleared="4" enqueued="4" />
</gc-op>
<gc-end id="56" type="scavenge" contextid="52" durationms="0.566" usertimems="0.000" systemtimems="0.000" timestamp="2019-07-02T20:08:57.246" activeThreads="4">
  <mem-info id="57" free="6237128" total="8388608" percent="74">
    <mem type="nursery" free="785344" total="2097152" percent="37">
      <mem type="allocate" free="785344" total="1048576" percent="74" />
      <mem type="survivor" free="0" total="1048576" percent="0" />
    </mem>
    <mem type="tenure" free="5451784" total="6291456" percent="86">
      <mem type="soa" free="5137416" total="5977088" percent="85" />
      <mem type="loa" free="314368" total="314368" percent="100" />
    </mem>
    <pending-finalizers system="1" default="0" reference="10" classloader="0" />
    <remembered-set count="174" />
  </mem-info>
</gc-end>
<cycle-end id="58" type="scavenge" contextid="52" timestamp="2019-07-02T20:08:57.246">
  <attribute name="GC Util" value="1" />
  <attribute name="CPU Util" value="99" />
  <attribute name="Time Running"value="222"/>
  <attribute name="Number of cores"value="4"/>
</cycle-end>
<allocation-satisfied id="59" threadId="00000000021DA700" bytesRequested="2056" />
<af-end id="60" timestamp="2019-07-02T20:08:57.246" threadId="00000000021DB088" success="true" from="nursery"/>
<exclusive-end id="61" timestamp="2019-07-02T20:08:57.246" durationms="0.912" />

<exclusive-start id="62" timestamp="2019-07-02T20:08:57.320" intervalms="74.625">
  <response-info timems="0.028" idlems="0.028" threads="0" lastid="00000000021DA700" lastname="main" />
</exclusive-start>
<af-start id="63" threadId="00000000021DB088" totalBytesRequested="2056" timestamp="2019-07-02T20:08:57.320" intervalms="74.623" type="nursery" />
<cycle-start id="64" type="scavenge" contextid="0" timestamp="2019-07-02T20:08:57.320" intervalms="74.610" />
  <attribute name="GC Util" value="1" />
  <attribute name="CPU Util" value="99" />
  <attribute name="Time Running"value="222"/>
  <attribute name="Number of cores"value="4"/>
<gc-start id="65" type="scavenge" contextid="64" timestamp="2019-07-02T20:08:57.320">
  <mem-info id="66" free="5451784" total="8388608" percent="64">
    <mem type="nursery" free="0" total="2097152" percent="0">
      <mem type="allocate" free="0" total="1048576" percent="0" />
      <mem type="survivor" free="0" total="1048576" percent="0" />
    </mem>
    <mem type="tenure" free="5451784" total="6291456" percent="86">
      <mem type="soa" free="5137416" total="5977088" percent="85" />
      <mem type="loa" free="314368" total="314368" percent="100" />
    </mem>
    <remembered-set count="176" />
  </mem-info>
</gc-start>
<allocation-stats totalBytes="778704" >
  <allocated-bytes non-tlh="2056" tlh="776648" />
  <largest-consumer threadName="main" threadId="00000000021DA700" bytes="778704" />
</allocation-stats>
<gc-op id="67" type="scavenge" timems="0.271" contextid="64" timestamp="2019-07-02T20:08:57.321">
  <scavenger-info tenureage="5" tenuremask="ffe0" tiltratio="50" />
  <memory-copied type="nursery" objects="457" bytes="88688" bytesdiscarded="84048" />
  <finalization candidates="2" enqueued="0" />
  <references type="soft" candidates="1" cleared="0" enqueued="0" dynamicThreshold="32" maxThreshold="32" />
  <references type="weak" candidates="2" cleared="0" enqueued="0" />
  <references type="phantom" candidates="5" cleared="0" enqueued="0" />
</gc-op>
<gc-end id="68" type="scavenge" contextid="64" durationms="0.451" usertimems="0.000" systemtimems="0.000" timestamp="2019-07-02T20:08:57.321" activeThreads="4">
  <mem-info id="69" free="6393080" total="8388608" percent="76">
    <mem type="nursery" free="941296" total="2097152" percent="44">
      <mem type="allocate" free="941296" total="1114112" percent="84" />
      <mem type="survivor" free="0" total="983040" percent="0" />
    </mem>
    <mem type="tenure" free="5451784" total="6291456" percent="86">
      <mem type="soa" free="5137416" total="5977088" percent="85" />
      <mem type="loa" free="314368" total="314368" percent="100" />
    </mem>
    <remembered-set count="106" />
  </mem-info>
</gc-end>
<cycle-end id="70" type="scavenge" contextid="64" timestamp="2019-07-02T20:08:57.321">
  <attribute name="GC Util" value="0" />
  <attribute name="CPU Util" value="81" />
  <attribute name="Time Running"value="297"/>
  <attribute name="Number of cores"value="4"/>
</cycle-end>
<allocation-satisfied id="71" threadId="00000000021DA700" bytesRequested="2056" />
<af-end id="72" timestamp="2019-07-02T20:08:57.321" threadId="00000000021DB088" success="true" from="nursery"/>
<exclusive-end id="73" timestamp="2019-07-02T20:08:57.321" durationms="0.778" />

<exclusive-start id="74" timestamp="2019-07-02T20:08:57.405" intervalms="84.451">
  <response-info timems="0.027" idlems="0.027" threads="0" lastid="00000000021DA700" lastname="main" />
</exclusive-start>
<af-start id="75" threadId="00000000021DB088" totalBytesRequested="2056" timestamp="2019-07-02T20:08:57.405" intervalms="84.451" type="nursery" />
<cycle-start id="76" type="scavenge" contextid="0" timestamp="2019-07-02T20:08:57.405" intervalms="84.452" />
  <attribute name="GC Util" value="0" />
  <attribute name="CPU Util" value="81" />
  <attribute name="Time Running"value="297"/>
  <attribute name="Number of cores"value="4"/>
<gc-start id="77" type="scavenge" contextid="76" timestamp="2019-07-02T20:08:57.405">
  <mem-info id="78" free="5451784" total="8388608" percent="64">
    <mem type="nursery" free="0" total="2097152" percent="0">
      <mem type="allocate" free="0" total="1114112" percent="0" />
      <mem type="survivor" free="0" total="983040" percent="0" />
    </mem>
    <mem type="tenure" free="5451784" total="6291456" percent="86">
      <mem type="soa" free="5137416" total="5977088" percent="85" />
      <mem type="loa" free="314368" total="314368" percent="100" />
    </mem>
    <remembered-set count="106" />
  </mem-info>
</gc-start>
<allocation-stats totalBytes="932240" >
  <allocated-bytes non-tlh="2056" tlh="930184" />
  <largest-consumer threadName="main" threadId="00000000021DA700" bytes="932240" />
</allocation-stats>
<gc-op id="79" type="scavenge" timems="0.312" contextid="76" timestamp="2019-07-02T20:08:57.405">
  <scavenger-info tenureage="3" tenuremask="fff8" tiltratio="53" />
  <memory-copied type="nursery" objects="117" bytes="23952" bytesdiscarded="54352" />
  <memory-copied type="tenure" objects="339" bytes="62720" bytesdiscarded="0" />
  <finalization candidates="2" enqueued="0" />
  <references type="weak" candidates="1" cleared="0" enqueued="0" />
  <references type="phantom" candidates="3" cleared="0" enqueued="0" />
</gc-op>
<gc-end id="80" type="scavenge" contextid="76" durationms="0.468" usertimems="0.000" systemtimems="0.000" timestamp="2019-07-02T20:08:57.405" activeThreads="4">
  <mem-info id="81" free="6595816" total="8388608" percent="78">
    <mem type="nursery" free="1232384" total="2097152" percent="58">
      <mem type="allocate" free="1232384" total="1310720" percent="94" />
      <mem type="survivor" free="0" total="786432" percent="0" />
    </mem>
    <mem type="tenure" free="5363432" total="6291456" percent="85">
      <mem type="soa" free="5049064" total="5977088" percent="84" />
      <mem type="loa" free="314368" total="314368" percent="100" />
    </mem>
    <remembered-set count="75" />
  </mem-info>
</gc-end>
<cycle-end id="82" type="scavenge" contextid="76" timestamp="2019-07-02T20:08:57.405">
  <attribute name="GC Util" value="0" />
  <attribute name="CPU Util" value="94" />
  <attribute name="Time Running"value="381"/>
  <attribute name="Number of cores"value="4"/>
</cycle-end>
<allocation-satisfied id="83" threadId="00000000021DA700" bytesRequested="2056" />
<af-end id="84" timestamp="2019-07-02T20:08:57.405" threadId="00000000021DB088" success="true" from="nursery"/>
<exclusive-end id="85" timestamp="2019-07-02T20:08:57.405" durationms="0.798" />

<exclusive-start id="86" timestamp="2019-07-02T20:08:57.493" intervalms="88.592">
  <response-info timems="0.026" idlems="0.026" threads="0" lastid="00000000021DA700" lastname="main" />
</exclusive-start>
<af-start id="87" threadId="00000000021DB088" totalBytesRequested="22584" timestamp="2019-07-02T20:08:57.493" intervalms="88.604" type="nursery" />
<cycle-start id="88" type="scavenge" contextid="0" timestamp="2019-07-02T20:08:57.493" intervalms="88.604" />
  <attribute name="GC Util" value="0" />
  <attribute name="CPU Util" value="94" />
  <attribute name="Time Running"value="381"/>
  <attribute name="Number of cores"value="4"/>
<gc-start id="89" type="scavenge" contextid="88" timestamp="2019-07-02T20:08:57.493">
  <mem-info id="90" free="5362952" total="8388608" percent="63">
    <mem type="nursery" free="0" total="2097152" percent="0">
      <mem type="allocate" free="0" total="1310720" percent="0" />
      <mem type="survivor" free="0" total="786432" percent="0" />
    </mem>
    <mem type="tenure" free="5362952" total="6291456" percent="85">
      <mem type="soa" free="5048584" total="5977088" percent="84" />
      <mem type="loa" free="314368" total="314368" percent="100" />
    </mem>
    <remembered-set count="85" />
  </mem-info>
</gc-start>
<allocation-stats totalBytes="1198688" >
  <allocated-bytes non-tlh="81264" tlh="1117424" />
  <largest-consumer threadName="main" threadId="00000000021DA700" bytes="1198688" />
</allocation-stats>
<gc-op id="91" type="scavenge" timems="0.347" contextid="88" timestamp="2019-07-02T20:08:57.494">
  <scavenger-info tenureage="3" tenuremask="ffc8" tiltratio="62" />
  <memory-copied type="nursery" objects="311" bytes="200976" bytesdiscarded="98448" />
  <memory-copied type="tenure" objects="60" bytes="2376" bytesdiscarded="8" />
  <references type="soft" candidates="1" cleared="0" enqueued="0" dynamicThreshold="32" maxThreshold="32" />
  <references type="phantom" candidates="17" cleared="0" enqueued="0" />
</gc-op>
<gc-end id="92" type="scavenge" contextid="88" durationms="0.494" usertimems="0.000" systemtimems="0.000" timestamp="2019-07-02T20:08:57.494" activeThreads="4">
  <mem-info id="93" free="6369880" total="8388608" percent="75">
    <mem type="nursery" free="1076816" total="2097152" percent="51">
      <mem type="allocate" free="1076816" total="1376256" percent="78" />
      <mem type="survivor" free="0" total="720896" percent="0" />
    </mem>
    <mem type="tenure" free="5293064" total="6291456" percent="84">
      <mem type="soa" free="4978696" total="5977088" percent="83" />
      <mem type="loa" free="314368" total="314368" percent="100" />
    </mem>
    <remembered-set count="81" />
  </mem-info>
</gc-end>
<cycle-end id="94" type="scavenge" contextid="88" timestamp="2019-07-02T20:08:57.494">
  <attribute name="GC Util" value="0" />
  <attribute name="CPU Util" value="100" />
  <attribute name="Time Running"value="470"/>
  <attribute name="Number of cores"value="4"/>
</cycle-end>
<allocation-satisfied id="95" threadId="00000000021DA700" bytesRequested="22584" />
<af-end id="96" timestamp="2019-07-02T20:08:57.494" threadId="00000000021DB088" success="true" from="nursery"/>
<exclusive-end id="97" timestamp="2019-07-02T20:08:57.494" durationms="0.848" />

<exclusive-start id="98" timestamp="2019-07-02T20:08:57.512" intervalms="19.153">
  <response-info timems="0.022" idlems="0.022" threads="0" lastid="00000000021DA700" lastname="main" />
</exclusive-start>
<af-start id="99" threadId="00000000021DB088" totalBytesRequested="2592" timestamp="2019-07-02T20:08:57.512" intervalms="19.200" type="nursery" />
<cycle-start id="100" type="scavenge" contextid="0" timestamp="2019-07-02T20:08:57.513" intervalms="19.275" />
  <attribute name="GC Util" value="0" />
  <attribute name="CPU Util" value="100" />
  <attribute name="Time Running"value="470"/>
  <attribute name="Number of cores"value="4"/>
<gc-start id="101" type="scavenge" contextid="100" timestamp="2019-07-02T20:08:57.513">
  <mem-info id="102" free="5277776" total="8388608" percent="62">
    <mem type="nursery" free="0" total="2097152" percent="0">
      <mem type="allocate" free="0" total="1376256" percent="0" />
      <mem type="survivor" free="0" total="720896" percent="0" />
    </mem>
    <mem type="tenure" free="5277776" total="6291456" percent="83">
      <mem type="soa" free="4963408" total="5977088" percent="83" />
      <mem type="loa" free="314368" total="314368" percent="100" />
    </mem>
    <remembered-set count="342" />
  </mem-info>
</gc-start>
<allocation-stats totalBytes="1086648" >
  <allocated-bytes non-tlh="127280" tlh="959368" />
  <largest-consumer threadName="main" threadId="00000000021DA700" bytes="1086648" />
</allocation-stats>
<gc-op id="103" type="scavenge" timems="0.530" contextid="100" timestamp="2019-07-02T20:08:57.513">
  <scavenger-info tenureage="3" tenuremask="ffe8" tiltratio="65" />
  <memory-copied type="nursery" objects="3906" bytes="496264" bytesdiscarded="144840" />
  <finalization candidates="32" enqueued="0" />
  <ownableSynchronizers candidates="4" cleared="3" />
  <references type="soft" candidates="3" cleared="0" enqueued="0" dynamicThreshold="32" maxThreshold="32" />
  <references type="weak" candidates="485" cleared="236" enqueued="172" />
  <references type="phantom" candidates="27" cleared="3" enqueued="3" />
</gc-op>
<gc-end id="104" type="scavenge" contextid="100" durationms="0.781" usertimems="4.000" systemtimems="0.000" timestamp="2019-07-02T20:08:57.514" activeThreads="4">
  <mem-info id="105" free="5881728" total="8388608" percent="70">
    <mem type="nursery" free="603952" total="2097152" percent="28">
      <mem type="allocate" free="603952" total="1245184" percent="48" />
      <mem type="survivor" free="0" total="851968" percent="0" />
    </mem>
    <mem type="tenure" free="5277776" total="6291456" percent="83">
      <mem type="soa" free="4963408" total="5977088" percent="83" />
      <mem type="loa" free="314368" total="314368" percent="100" />
    </mem>
    <pending-finalizers system="0" default="0" reference="175" classloader="0" />
    <remembered-set count="336" />
  </mem-info>
</gc-end>
<cycle-end id="106" type="scavenge" contextid="100" timestamp="2019-07-02T20:08:57.514">
  <attribute name="GC Util" value="3" />
  <attribute name="CPU Util" value="96" />
  <attribute name="Time Running"value="489"/>
  <attribute name="Number of cores"value="4"/>
</cycle-end>
<allocation-satisfied id="107" threadId="00000000021DA700" bytesRequested="2592" />
<af-end id="108" timestamp="2019-07-02T20:08:57.514" threadId="00000000021DB088" success="true" from="nursery"/>
<exclusive-end id="109" timestamp="2019-07-02T20:08:57.514" durationms="1.415" />

<exclusive-start id="110" timestamp="2019-07-02T20:08:57.514" intervalms="1.527">
  <response-info timems="0.021" idlems="0.021" threads="0" lastid="00000000021DA700" lastname="main" />
</exclusive-start>
<af-start id="111" threadId="00000000021DB088" totalBytesRequested="5056" timestamp="2019-07-02T20:08:57.514" intervalms="1.458" type="nursery" />
<cycle-start id="112" type="scavenge" contextid="0" timestamp="2019-07-02T20:08:57.514" intervalms="1.421" />
  <attribute name="GC Util" value="3" />
  <attribute name="CPU Util" value="96" />
  <attribute name="Time Running"value="489"/>
  <attribute name="Number of cores"value="4"/>
<gc-start id="113" type="scavenge" contextid="112" timestamp="2019-07-02T20:08:57.514">
  <mem-info id="114" free="5277776" total="8388608" percent="62">
    <mem type="nursery" free="0" total="2097152" percent="0">
      <mem type="allocate" free="0" total="1245184" percent="0" />
      <mem type="survivor" free="0" total="851968" percent="0" />
    </mem>
    <mem type="tenure" free="5277776" total="6291456" percent="83">
      <mem type="soa" free="4963408" total="5977088" percent="83" />
      <mem type="loa" free="314368" total="314368" percent="100" />
    </mem>
    <pending-finalizers system="0" default="0" reference="154" classloader="0" />
    <remembered-set count="337" />
  </mem-info>
</gc-start>
<allocation-stats totalBytes="585536" >
  <allocated-bytes non-tlh="2592" tlh="582944" />
  <largest-consumer threadName="main" threadId="00000000021DA700" bytes="585536" />
</allocation-stats>
<gc-op id="115" type="scavenge" timems="0.456" contextid="112" timestamp="2019-07-02T20:08:57.515">
  <scavenger-info tenureage="3" tenuremask="fff8" tiltratio="59" />
  <memory-copied type="nursery" objects="3841" bytes="494128" bytesdiscarded="119216" />
  <finalization candidates="32" enqueued="0" />
  <ownableSynchronizers candidates="1" cleared="0" />
  <references type="soft" candidates="3" cleared="0" enqueued="0" dynamicThreshold="32" maxThreshold="32" />
  <references type="weak" candidates="249" cleared="0" enqueued="0" />
  <references type="phantom" candidates="24" cleared="0" enqueued="0" />
</gc-op>
<gc-end id="116" type="scavenge" contextid="112" durationms="0.599" usertimems="0.000" systemtimems="0.000" timestamp="2019-07-02T20:08:57.515" activeThreads="4">
  <mem-info id="117" free="6106112" total="8388608" percent="72">
    <mem type="nursery" free="828336" total="2097152" percent="39">
      <mem type="allocate" free="828336" total="1441792" percent="57" />
      <mem type="survivor" free="0" total="655360" percent="0" />
    </mem>
    <mem type="tenure" free="5277776" total="6291456" percent="83">
      <mem type="soa" free="4963408" total="5977088" percent="83" />
      <mem type="loa" free="314368" total="314368" percent="100" />
    </mem>
    <pending-finalizers system="0" default="0" reference="154" classloader="0" />
    <remembered-set count="322" />
  </mem-info>
</gc-end>
<cycle-end id="118" type="scavenge" contextid="112" timestamp="2019-07-02T20:08:57.515">
  <attribute name="GC Util" value="92" />
  <attribute name="CPU Util" value="15036729576786" />
  <attribute name="Time Running"value="491"/>
  <attribute name="Number of cores"value="4"/>
</cycle-end>
<allocation-satisfied id="119" threadId="00000000021DA700" bytesRequested="5056" />
<af-end id="120" timestamp="2019-07-02T20:08:57.515" threadId="00000000021DB088" success="true" from="nursery"/>
<exclusive-end id="121" timestamp="2019-07-02T20:08:57.515" durationms="1.050" />

<exclusive-start id="122" timestamp="2019-07-02T20:08:57.515" intervalms="1.179">
  <response-info timems="0.025" idlems="0.025" threads="0" lastid="000000000237F400" lastname="Finalizer thread" />
</exclusive-start>
<af-start id="123" threadId="000000000237FD88" totalBytesRequested="520" timestamp="2019-07-02T20:08:57.515" intervalms="1.192" type="nursery" />
<cycle-start id="124" type="scavenge" contextid="0" timestamp="2019-07-02T20:08:57.515" intervalms="1.164" />
  <attribute name="GC Util" value="92" />
  <attribute name="CPU Util" value="15036729576786" />
  <attribute name="Time Running"value="491"/>
  <attribute name="Number of cores"value="4"/>
<gc-start id="125" type="scavenge" contextid="124" timestamp="2019-07-02T20:08:57.515">
  <mem-info id="126" free="5277776" total="8388608" percent="62">
    <mem type="nursery" free="0" total="2097152" percent="0">
      <mem type="allocate" free="0" total="1441792" percent="0" />
      <mem type="survivor" free="0" total="655360" percent="0" />
    </mem>
    <mem type="tenure" free="5277776" total="6291456" percent="83">
      <mem type="soa" free="4963408" total="5977088" percent="83" />
      <mem type="loa" free="314368" total="314368" percent="100" />
    </mem>
    <pending-finalizers system="0" default="0" reference="153" classloader="0" />
    <remembered-set count="322" />
  </mem-info>
</gc-start>
<allocation-stats totalBytes="785592" >
  <allocated-bytes non-tlh="5056" tlh="780536" />
  <largest-consumer threadName="main" threadId="00000000021DA700" bytes="785592" />
</allocation-stats>
<gc-op id="127" type="scavenge" timems="0.457" contextid="124" timestamp="2019-07-02T20:08:57.516">
  <scavenger-info tenureage="3" tenuremask="fff8" tiltratio="68" />
  <memory-copied type="nursery" objects="3550" bytes="343304" bytesdiscarded="57808" />
  <memory-copied type="tenure" objects="286" bytes="152616" bytesdiscarded="24" />
  <finalization candidates="32" enqueued="0" />
  <ownableSynchronizers candidates="1" cleared="0" />
  <references type="soft" candidates="2" cleared="0" enqueued="0" dynamicThreshold="32" maxThreshold="32" />
  <references type="weak" candidates="249" cleared="0" enqueued="0" />
  <references type="phantom" candidates="7" cleared="0" enqueued="0" />
</gc-op>
<gc-end id="128" type="scavenge" contextid="124" durationms="0.634" usertimems="0.000" systemtimems="0.000" timestamp="2019-07-02T20:08:57.516" activeThreads="4">
  <mem-info id="129" free="6141072" total="8388608" percent="73">
    <mem type="nursery" free="1106112" total="2097152" percent="52">
      <mem type="allocate" free="1106112" total="1507328" percent="73" />
      <mem type="survivor" free="0" total="589824" percent="0" />
    </mem>
    <mem type="tenure" free="5034960" total="6291456" percent="80">
      <mem type="soa" free="4720592" total="5977088" percent="78" />
      <mem type="loa" free="314368" total="314368" percent="100" />
    </mem>
    <pending-finalizers system="0" default="0" reference="153" classloader="0" />
    <remembered-set count="208" />
  </mem-info>
</gc-end>
<cycle-end id="130" type="scavenge" contextid="124" timestamp="2019-07-02T20:08:57.516">
  <attribute name="GC Util" value="64" />
  <attribute name="CPU Util" value="15081194537110" />
  <attribute name="Time Running"value="492"/>
  <attribute name="Number of cores"value="4"/>
</cycle-end>
<allocation-satisfied id="131" threadId="000000000237F400" bytesRequested="520" />
<af-end id="132" timestamp="2019-07-02T20:08:57.516" threadId="000000000237FD88" success="true" from="nursery"/>
<exclusive-end id="133" timestamp="2019-07-02T20:08:57.516" durationms="1.035" />

<exclusive-start id="134" timestamp="2019-07-02T20:08:57.516" intervalms="1.178">
  <response-info timems="0.024" idlems="0.024" threads="0" lastid="00000000021DA700" lastname="main" />
</exclusive-start>
<af-start id="135" threadId="00000000021DB088" totalBytesRequested="17792" timestamp="2019-07-02T20:08:57.516" intervalms="1.160" type="nursery" />
<cycle-start id="136" type="scavenge" contextid="0" timestamp="2019-07-02T20:08:57.516" intervalms="1.145" />
  <attribute name="GC Util" value="64" />
  <attribute name="CPU Util" value="15081194537110" />
  <attribute name="Time Running"value="492"/>
  <attribute name="Number of cores"value="4"/>
<gc-start id="137" type="scavenge" contextid="136" timestamp="2019-07-02T20:08:57.516">
  <mem-info id="138" free="5034960" total="8388608" percent="60">
    <mem type="nursery" free="0" total="2097152" percent="0">
      <mem type="allocate" free="0" total="1507328" percent="0" />
      <mem type="survivor" free="0" total="589824" percent="0" />
    </mem>
    <mem type="tenure" free="5034960" total="6291456" percent="80">
      <mem type="soa" free="4720592" total="5977088" percent="78" />
      <mem type="loa" free="314368" total="314368" percent="100" />
    </mem>
    <pending-finalizers system="0" default="0" reference="57" classloader="0" />
    <remembered-set count="211" />
  </mem-info>
</gc-start>
<allocation-stats totalBytes="999480" >
  <allocated-bytes non-tlh="520" tlh="998960" />
  <largest-consumer threadName="main" threadId="00000000021DA700" bytes="994864" />
</allocation-stats>
<gc-op id="139" type="scavenge" timems="0.407" contextid="136" timestamp="2019-07-02T20:08:57.517">
  <scavenger-info tenureage="3" tenuremask="ffe8" tiltratio="71" />
  <memory-copied type="nursery" objects="5" bytes="10488" bytesdiscarded="129288" />
  <memory-copied type="tenure" objects="3471" bytes="333784" bytesdiscarded="40" />
  <finalization candidates="32" enqueued="0" />
  <ownableSynchronizers candidates="1" cleared="0" />
</gc-op>
<gc-end id="140" type="scavenge" contextid="136" durationms="0.542" usertimems="0.000" systemtimems="0.000" timestamp="2019-07-02T20:08:57.517" activeThreads="4">
  <mem-info id="141" free="6075296" total="8388608" percent="72">
    <mem type="nursery" free="1367552" total="2097152" percent="65">
      <mem type="allocate" free="1367552" total="1507328" percent="90" />
      <mem type="survivor" free="0" total="589824" percent="0" />
    </mem>
    <mem type="tenure" free="4707744" total="6291456" percent="74">
      <mem type="soa" free="4393376" total="5977088" percent="73" />
      <mem type="loa" free="314368" total="314368" percent="100" />
    </mem>
    <pending-finalizers system="0" default="0" reference="57" classloader="0" />
    <remembered-set count="61" />
  </mem-info>
</gc-end>
<cycle-end id="142" type="scavenge" contextid="136" timestamp="2019-07-02T20:08:57.517">
  <attribute name="GC Util" value="73" />
  <attribute name="CPU Util" value="17066759992821" />
  <attribute name="Time Running"value="493"/>
  <attribute name="Number of cores"value="4"/>
</cycle-end>
<allocation-satisfied id="143" threadId="00000000021DA700" bytesRequested="17792" />
<af-end id="144" timestamp="2019-07-02T20:08:57.517" threadId="00000000021DB088" success="true" from="nursery"/>
<exclusive-end id="145" timestamp="2019-07-02T20:08:57.517" durationms="0.858" />

<exclusive-start id="146" timestamp="2019-07-02T20:08:57.517" intervalms="0.999">
  <response-info timems="0.024" idlems="0.024" threads="0" lastid="00000000021DA700" lastname="main" />
</exclusive-start>
<af-start id="147" threadId="00000000021DB088" totalBytesRequested="10896" timestamp="2019-07-02T20:08:57.517" intervalms="0.995" type="nursery" />
<cycle-start id="148" type="scavenge" contextid="0" timestamp="2019-07-02T20:08:57.517" intervalms="0.994" />
  <attribute name="GC Util" value="73" />
  <attribute name="CPU Util" value="17066759992821" />
  <attribute name="Time Running"value="493"/>
  <attribute name="Number of cores"value="4"/>
<gc-start id="149" type="scavenge" contextid="148" timestamp="2019-07-02T20:08:57.517">
  <mem-info id="150" free="4707744" total="8388608" percent="56">
    <mem type="nursery" free="0" total="2097152" percent="0">
      <mem type="allocate" free="0" total="1507328" percent="0" />
      <mem type="survivor" free="0" total="589824" percent="0" />
    </mem>
    <mem type="tenure" free="4707744" total="6291456" percent="74">
      <mem type="soa" free="4393376" total="5977088" percent="73" />
      <mem type="loa" free="314368" total="314368" percent="100" />
    </mem>
    <remembered-set count="119" />
  </mem-info>
</gc-start>
<allocation-stats totalBytes="1266424" >
  <allocated-bytes non-tlh="17792" tlh="1248632" />
  <largest-consumer threadName="main" threadId="00000000021DA700" bytes="1262328" />
</allocation-stats>
<gc-op id="151" type="scavenge" timems="0.140" contextid="148" timestamp="2019-07-02T20:08:57.518">
  <scavenger-info tenureage="3" tenuremask="ffe8" tiltratio="71" />
  <memory-copied type="nursery" objects="8" bytes="13056" bytesdiscarded="65280" />
</gc-op>
<gc-end id="152" type="scavenge" contextid="148" durationms="0.266" usertimems="0.000" systemtimems="0.000" timestamp="2019-07-02T20:08:57.518" activeThreads="4">
  <mem-info id="153" free="6267808" total="8388608" percent="74">
    <mem type="nursery" free="1560064" total="2097152" percent="74">
      <mem type="allocate" free="1560064" total="1638400" percent="95" />
      <mem type="survivor" free="0" total="458752" percent="0" />
    </mem>
    <mem type="tenure" free="4707744" total="6291456" percent="74">
      <mem type="soa" free="4393376" total="5977088" percent="73" />
      <mem type="loa" free="314368" total="314368" percent="100" />
    </mem>
    <remembered-set count="119" />
  </mem-info>
</gc-end>
<cycle-end id="154" type="scavenge" contextid="148" timestamp="2019-07-02T20:08:57.518">
  <attribute name="GC Util" value="78" />
  <attribute name="CPU Util" value="18542795754250" />
  <attribute name="Time Running"value="494"/>
  <attribute name="Number of cores"value="4"/>
</cycle-end>
<allocation-satisfied id="155" threadId="00000000021DA700" bytesRequested="10896" />
<af-end id="156" timestamp="2019-07-02T20:08:57.518" threadId="00000000021DB088" success="true" from="nursery"/>
<exclusive-end id="157" timestamp="2019-07-02T20:08:57.518" durationms="0.554" />

<exclusive-start id="158" timestamp="2019-07-02T20:08:57.518" intervalms="0.961">
  <response-info timems="0.295" idlems="0.295" threads="0" lastid="00000000021DA700" lastname="main" />
</exclusive-start>
<af-start id="159" threadId="00000000021DB088" totalBytesRequested="25536" timestamp="2019-07-02T20:08:57.518" intervalms="0.960" type="nursery" />
<cycle-start id="160" type="scavenge" contextid="0" timestamp="2019-07-02T20:08:57.518" intervalms="0.959" />
  <attribute name="GC Util" value="78" />
  <attribute name="CPU Util" value="18542795754250" />
  <attribute name="Time Running"value="494"/>
  <attribute name="Number of cores"value="4"/>
<gc-start id="161" type="scavenge" contextid="160" timestamp="2019-07-02T20:08:57.518">
  <mem-info id="162" free="4707744" total="8388608" percent="56">
    <mem type="nursery" free="0" total="2097152" percent="0">
      <mem type="allocate" free="0" total="1638400" percent="0" />
      <mem type="survivor" free="0" total="458752" percent="0" />
    </mem>
    <mem type="tenure" free="4707744" total="6291456" percent="74">
      <mem type="soa" free="4393376" total="5977088" percent="73" />
      <mem type="loa" free="314368" total="314368" percent="100" />
    </mem>
    <remembered-set count="119" />
  </mem-info>
</gc-start>
<allocation-stats totalBytes="1385016" >
  <allocated-bytes non-tlh="10896" tlh="1374120" />
  <largest-consumer threadName="main" threadId="00000000021DA700" bytes="1385016" />
</allocation-stats>
<gc-op id="163" type="scavenge" timems="0.134" contextid="160" timestamp="2019-07-02T20:08:57.519">
  <scavenger-info tenureage="3" tenuremask="fff8" tiltratio="78" />
  <memory-copied type="nursery" objects="6" bytes="14880" bytesdiscarded="63456" />
</gc-op>
<gc-end id="164" type="scavenge" contextid="160" durationms="0.262" usertimems="0.000" systemtimems="0.000" timestamp="2019-07-02T20:08:57.519" activeThreads="4">
  <mem-info id="165" free="6333344" total="8388608" percent="75">
    <mem type="nursery" free="1625600" total="2097152" percent="77">
      <mem type="allocate" free="1625600" total="1703936" percent="95" />
      <mem type="survivor" free="0" total="393216" percent="0" />
    </mem>
    <mem type="tenure" free="4707744" total="6291456" percent="74">
      <mem type="soa" free="4393376" total="5977088" percent="73" />
      <mem type="loa" free="314368" total="314368" percent="100" />
    </mem>
    <remembered-set count="117" />
  </mem-info>
</gc-end>
<cycle-end id="166" type="scavenge" contextid="160" timestamp="2019-07-02T20:08:57.519">
  <attribute name="GC Util" value="33" />
  <attribute name="CPU Util" value="19301794255956" />
  <attribute name="Time Running"value="495"/>
  <attribute name="Number of cores"value="4"/>
</cycle-end>
<allocation-satisfied id="167" threadId="00000000021DA700" bytesRequested="25536" />
<af-end id="168" timestamp="2019-07-02T20:08:57.519" threadId="00000000021DB088" success="true" from="nursery"/>
<exclusive-end id="169" timestamp="2019-07-02T20:08:57.519" durationms="0.549" />

<exclusive-start id="170" timestamp="2019-07-02T20:08:57.519" intervalms="0.693">
  <response-info timems="0.023" idlems="0.023" threads="0" lastid="00000000021DA700" lastname="main" />
</exclusive-start>
<af-start id="171" threadId="00000000021DB088" totalBytesRequested="28752" timestamp="2019-07-02T20:08:57.519" intervalms="0.694" type="nursery" />
<cycle-start id="172" type="scavenge" contextid="0" timestamp="2019-07-02T20:08:57.519" intervalms="0.695" />
  <attribute name="GC Util" value="33" />
  <attribute name="CPU Util" value="19301794255956" />
  <attribute name="Time Running"value="495"/>
  <attribute name="Number of cores"value="4"/>
<gc-start id="173" type="scavenge" contextid="172" timestamp="2019-07-02T20:08:57.519">
  <mem-info id="174" free="4707744" total="8388608" percent="56">
    <mem type="nursery" free="0" total="2097152" percent="0">
      <mem type="allocate" free="0" total="1703936" percent="0" />
      <mem type="survivor" free="0" total="393216" percent="0" />
    </mem>
    <mem type="tenure" free="4707744" total="6291456" percent="74">
      <mem type="soa" free="4393376" total="5977088" percent="73" />
      <mem type="loa" free="314368" total="314368" percent="100" />
    </mem>
    <remembered-set count="117" />
  </mem-info>
</gc-start>
<allocation-stats totalBytes="1464968" >
  <allocated-bytes non-tlh="25536" tlh="1439432" />
  <largest-consumer threadName="main" threadId="00000000021DA700" bytes="1464968" />
</allocation-stats>
<gc-op id="175" type="scavenge" timems="0.134" contextid="172" timestamp="2019-07-02T20:08:57.519">
  <scavenger-info tenureage="3" tenuremask="fff8" tiltratio="81" />
  <memory-copied type="nursery" objects="3" bytes="14920" bytesdiscarded="63416" />
  <memory-copied type="tenure" objects="3" bytes="1560" bytesdiscarded="0" />
</gc-op>
<gc-end id="176" type="scavenge" contextid="172" durationms="0.265" usertimems="0.000" systemtimems="0.000" timestamp="2019-07-02T20:08:57.519" activeThreads="4">
  <mem-info id="177" free="6398880" total="8388608" percent="76">
    <mem type="nursery" free="1691136" total="2097152" percent="80">
      <mem type="allocate" free="1691136" total="1769472" percent="95" />
      <mem type="survivor" free="0" total="327680" percent="0" />
    </mem>
    <mem type="tenure" free="4707744" total="6291456" percent="74">
      <mem type="soa" free="4393376" total="5977088" percent="73" />
      <mem type="loa" free="314368" total="314368" percent="100" />
    </mem>
    <remembered-set count="57" />
  </mem-info>
</gc-end>
<cycle-end id="178" type="scavenge" contextid="172" timestamp="2019-07-02T20:08:57.519">
  <attribute name="GC Util" value="45" />
  <attribute name="CPU Util" value="26564361287497" />
  <attribute name="Time Running"value="496"/>
  <attribute name="Number of cores"value="4"/>
</cycle-end>
<allocation-satisfied id="179" threadId="00000000021DA700" bytesRequested="28752" />
<af-end id="180" timestamp="2019-07-02T20:08:57.519" threadId="00000000021DB088" success="true" from="nursery"/>
<exclusive-end id="181" timestamp="2019-07-02T20:08:57.519" durationms="0.552" />

<exclusive-start id="182" timestamp="2019-07-02T20:08:57.520" intervalms="0.692">
  <response-info timems="0.022" idlems="0.022" threads="0" lastid="00000000021DA700" lastname="main" />
</exclusive-start>
<af-start id="183" threadId="00000000021DB088" totalBytesRequested="15888" timestamp="2019-07-02T20:08:57.520" intervalms="0.691" type="nursery" />
<cycle-start id="184" type="scavenge" contextid="0" timestamp="2019-07-02T20:08:57.520" intervalms="0.690" />
  <attribute name="GC Util" value="45" />
  <attribute name="CPU Util" value="26564361287497" />
  <attribute name="Time Running"value="496"/>
  <attribute name="Number of cores"value="4"/>
<gc-start id="185" type="scavenge" contextid="184" timestamp="2019-07-02T20:08:57.520">
  <mem-info id="186" free="4707744" total="8388608" percent="56">
    <mem type="nursery" free="0" total="2097152" percent="0">
      <mem type="allocate" free="0" total="1769472" percent="0" />
      <mem type="survivor" free="0" total="327680" percent="0" />
    </mem>
    <mem type="tenure" free="4707744" total="6291456" percent="74">
      <mem type="soa" free="4393376" total="5977088" percent="73" />
      <mem type="loa" free="314368" total="314368" percent="100" />
    </mem>
    <remembered-set count="57" />
  </mem-info>
</gc-start>
<allocation-stats totalBytes="1499184" >
  <allocated-bytes non-tlh="28752" tlh="1470432" />
  <largest-consumer threadName="main" threadId="00000000021DA700" bytes="1499184" />
</allocation-stats>
<gc-op id="187" type="scavenge" timems="0.125" contextid="184" timestamp="2019-07-02T20:08:57.520">
  <scavenger-info tenureage="3" tenuremask="ffe8" tiltratio="84" />
  <memory-copied type="nursery" objects="4" bytes="15968" bytesdiscarded="23200" />
  <memory-copied type="tenure" objects="1" bytes="520" bytesdiscarded="0" />
</gc-op>
<gc-end id="188" type="scavenge" contextid="184" durationms="0.255" usertimems="0.000" systemtimems="0.000" timestamp="2019-07-02T20:08:57.520" activeThreads="4">
  <mem-info id="189" free="6503584" total="8388608" percent="77">
    <mem type="nursery" free="1795840" total="2097152" percent="85">
      <mem type="allocate" free="1795840" total="1835008" percent="97" />
      <mem type="survivor" free="0" total="262144" percent="0" />
    </mem>
    <mem type="tenure" free="4707744" total="6291456" percent="74">
      <mem type="soa" free="4393376" total="5977088" percent="73" />
      <mem type="loa" free="314368" total="314368" percent="100" />
    </mem>
    <remembered-set count="56" />
  </mem-info>
</gc-end>
<cycle-end id="190" type="scavenge" contextid="184" timestamp="2019-07-02T20:08:57.520">
  <attribute name="GC Util" value="45" />
  <attribute name="CPU Util" value="26767386014871" />
  <attribute name="Time Running"value="496"/>
  <attribute name="Number of cores"value="4"/>
</cycle-end>
<allocation-satisfied id="191" threadId="00000000021DA700" bytesRequested="15888" />
<af-end id="192" timestamp="2019-07-02T20:08:57.520" threadId="00000000021DB088" success="true" from="nursery"/>
<exclusive-end id="193" timestamp="2019-07-02T20:08:57.520" durationms="0.541" />

<exclusive-start id="194" timestamp="2019-07-02T20:08:57.520" intervalms="0.685">
  <response-info timems="0.022" idlems="0.022" threads="0" lastid="00000000021DA700" lastname="main" />
</exclusive-start>
<af-start id="195" threadId="00000000021DB088" totalBytesRequested="34488" timestamp="2019-07-02T20:08:57.520" intervalms="0.684" type="nursery" />
<cycle-start id="196" type="scavenge" contextid="0" timestamp="2019-07-02T20:08:57.520" intervalms="0.685" />
  <attribute name="GC Util" value="45" />
  <attribute name="CPU Util" value="26767386014871" />
  <attribute name="Time Running"value="496"/>
  <attribute name="Number of cores"value="4"/>
<gc-start id="197" type="scavenge" contextid="196" timestamp="2019-07-02T20:08:57.520">
  <mem-info id="198" free="4707744" total="8388608" percent="56">
    <mem type="nursery" free="0" total="2097152" percent="0">
      <mem type="allocate" free="0" total="1835008" percent="0" />
      <mem type="survivor" free="0" total="262144" percent="0" />
    </mem>
    <mem type="tenure" free="4707744" total="6291456" percent="74">
      <mem type="soa" free="4393376" total="5977088" percent="73" />
      <mem type="loa" free="314368" total="314368" percent="100" />
    </mem>
    <remembered-set count="56" />
  </mem-info>
</gc-start>
<allocation-stats totalBytes="1542656" >
  <allocated-bytes non-tlh="15888" tlh="1526768" />
  <largest-consumer threadName="main" threadId="00000000021DA700" bytes="1542656" />
</allocation-stats>
<gc-op id="199" type="scavenge" timems="0.130" contextid="196" timestamp="2019-07-02T20:08:57.521">
  <scavenger-info tenureage="3" tenuremask="ffe8" tiltratio="87" />
  <memory-copied type="nursery" objects="2" bytes="17272" bytesdiscarded="21896" />
</gc-op>
<gc-end id="200" type="scavenge" contextid="196" durationms="0.258" usertimems="0.000" systemtimems="0.000" timestamp="2019-07-02T20:08:57.521" activeThreads="4">
  <mem-info id="201" free="6503584" total="8388608" percent="77">
    <mem type="nursery" free="1795840" total="2097152" percent="85">
      <mem type="allocate" free="1795840" total="1835008" percent="97" />
      <mem type="survivor" free="0" total="262144" percent="0" />
    </mem>
    <mem type="tenure" free="4707744" total="6291456" percent="74">
      <mem type="soa" free="4393376" total="5977088" percent="73" />
      <mem type="loa" free="314368" total="314368" percent="100" />
    </mem>
    <remembered-set count="56" />
  </mem-info>
</gc-end>
<cycle-end id="202" type="scavenge" contextid="196" timestamp="2019-07-02T20:08:57.521">
  <attribute name="GC Util" value="44" />
  <attribute name="CPU Util" value="26891042276853" />
  <attribute name="Time Running"value="497"/>
  <attribute name="Number of cores"value="4"/>
</cycle-end>
<allocation-satisfied id="203" threadId="00000000021DA700" bytesRequested="34488" />
<af-end id="204" timestamp="2019-07-02T20:08:57.521" threadId="00000000021DB088" success="true" from="nursery"/>
<exclusive-end id="205" timestamp="2019-07-02T20:08:57.521" durationms="0.543" />

<exclusive-start id="206" timestamp="2019-07-02T20:08:57.521" intervalms="0.682">
  <response-info timems="0.022" idlems="0.022" threads="0" lastid="00000000021DA700" lastname="main" />
</exclusive-start>
<af-start id="207" threadId="00000000021DB088" totalBytesRequested="36992" timestamp="2019-07-02T20:08:57.521" intervalms="0.682" type="nursery" />
<cycle-start id="208" type="scavenge" contextid="0" timestamp="2019-07-02T20:08:57.521" intervalms="0.698" />
  <attribute name="GC Util" value="44" />
  <attribute name="CPU Util" value="26891042276853" />
  <attribute name="Time Running"value="497"/>
  <attribute name="Number of cores"value="4"/>
<gc-start id="209" type="scavenge" contextid="208" timestamp="2019-07-02T20:08:57.521">
  <mem-info id="210" free="4707744" total="8388608" percent="56">
    <mem type="nursery" free="0" total="2097152" percent="0">
      <mem type="allocate" free="0" total="1835008" percent="0" />
      <mem type="survivor" free="0" total="262144" percent="0" />
    </mem>
    <mem type="tenure" free="4707744" total="6291456" percent="74">
      <mem type="soa" free="4393376" total="5977088" percent="73" />
      <mem type="loa" free="314368" total="314368" percent="100" />
    </mem>
    <remembered-set count="56" />
  </mem-info>
</gc-start>
<allocation-stats totalBytes="1502696" >
  <allocated-bytes non-tlh="34488" tlh="1468208" />
  <largest-consumer threadName="main" threadId="00000000021DA700" bytes="1502696" />
</allocation-stats>
<gc-op id="211" type="scavenge" timems="0.137" contextid="208" timestamp="2019-07-02T20:08:57.521">
  <scavenger-info tenureage="3" tenuremask="fff8" tiltratio="87" />
  <memory-copied type="nursery" objects="2" bytes="18520" bytesdiscarded="20648" />
</gc-op>
<gc-end id="212" type="scavenge" contextid="208" durationms="0.266" usertimems="0.000" systemtimems="0.000" timestamp="2019-07-02T20:08:57.521" activeThreads="4">
  <mem-info id="213" free="6503584" total="8388608" percent="77">
    <mem type="nursery" free="1795840" total="2097152" percent="85">
      <mem type="allocate" free="1795840" total="1835008" percent="97" />
      <mem type="survivor" free="0" total="262144" percent="0" />
    </mem>
    <mem type="tenure" free="4707744" total="6291456" percent="74">
      <mem type="soa" free="4393376" total="5977088" percent="73" />
      <mem type="loa" free="314368" total="314368" percent="100" />
    </mem>
    <remembered-set count="56" />
  </mem-info>
</gc-end>
<cycle-end id="214" type="scavenge" contextid="208" timestamp="2019-07-02T20:08:57.521">
  <attribute name="GC Util" value="42" />
  <attribute name="CPU Util" value="25761198424291" />
  <attribute name="Time Running"value="498"/>
  <attribute name="Number of cores"value="4"/>
</cycle-end>
<allocation-satisfied id="215" threadId="00000000021DA700" bytesRequested="36992" />
<af-end id="216" timestamp="2019-07-02T20:08:57.521" threadId="00000000021DB088" success="true" from="nursery"/>
<exclusive-end id="217" timestamp="2019-07-02T20:08:57.522" durationms="0.580" />

<exclusive-start id="218" timestamp="2019-07-02T20:08:57.522" intervalms="0.719">
  <response-info timems="0.018" idlems="0.018" threads="0" lastid="00000000021DA700" lastname="main" />
</exclusive-start>
<af-start id="219" threadId="00000000021DB088" totalBytesRequested="19696" timestamp="2019-07-02T20:08:57.522" intervalms="0.719" type="nursery" />
<cycle-start id="220" type="scavenge" contextid="0" timestamp="2019-07-02T20:08:57.522" intervalms="0.703" />
  <attribute name="GC Util" value="42" />
  <attribute name="CPU Util" value="25761198424291" />
  <attribute name="Time Running"value="498"/>
  <attribute name="Number of cores"value="4"/>
<gc-start id="221" type="scavenge" contextid="220" timestamp="2019-07-02T20:08:57.522">
  <mem-info id="222" free="4707744" total="8388608" percent="56">
    <mem type="nursery" free="0" total="2097152" percent="0">
      <mem type="allocate" free="0" total="1835008" percent="0" />
      <mem type="survivor" free="0" total="262144" percent="0" />
    </mem>
    <mem type="tenure" free="4707744" total="6291456" percent="74">
      <mem type="soa" free="4393376" total="5977088" percent="73" />
      <mem type="loa" free="314368" total="314368" percent="100" />
    </mem>
    <remembered-set count="56" />
  </mem-info>
</gc-start>
<allocation-stats totalBytes="1564248" >
  <allocated-bytes non-tlh="73984" tlh="1490264" />
  <largest-consumer threadName="main" threadId="00000000021DA700" bytes="1564248" />
</allocation-stats>
<gc-op id="223" type="scavenge" timems="0.132" contextid="220" timestamp="2019-07-02T20:08:57.522">
  <scavenger-info tenureage="3" tenuremask="fff8" tiltratio="87" />
  <memory-copied type="nursery" objects="2" bytes="39400" bytesdiscarded="39144" />
</gc-op>
<gc-end id="224" type="scavenge" contextid="220" durationms="0.259" usertimems="0.000" systemtimems="0.000" timestamp="2019-07-02T20:08:57.522" activeThreads="4">
  <mem-info id="225" free="6464208" total="8388608" percent="77">
    <mem type="nursery" free="1756464" total="2097152" percent="83">
      <mem type="allocate" free="1756464" total="1835008" percent="95" />
      <mem type="survivor" free="0" total="262144" percent="0" />
    </mem>
    <mem type="tenure" free="4707744" total="6291456" percent="74">
      <mem type="soa" free="4393376" total="5977088" percent="73" />
      <mem type="loa" free="314368" total="314368" percent="100" />
    </mem>
    <remembered-set count="56" />
  </mem-info>
</gc-end>
<cycle-end id="226" type="scavenge" contextid="220" timestamp="2019-07-02T20:08:57.522">
  <attribute name="GC Util" value="45" />
  <attribute name="CPU Util" value="26958440244080" />
  <attribute name="Time Running"value="498"/>
  <attribute name="Number of cores"value="4"/>
</cycle-end>
<allocation-satisfied id="227" threadId="00000000021DA700" bytesRequested="19696" />
<af-end id="228" timestamp="2019-07-02T20:08:57.522" threadId="00000000021DB088" success="true" from="nursery"/>
<exclusive-end id="229" timestamp="2019-07-02T20:08:57.522" durationms="0.546" />

<exclusive-start id="230" timestamp="2019-07-02T20:08:57.522" intervalms="0.689">
  <response-info timems="0.022" idlems="0.022" threads="0" lastid="00000000021DA700" lastname="main" />
</exclusive-start>
<af-start id="231" threadId="00000000021DB088" totalBytesRequested="41448" timestamp="2019-07-02T20:08:57.522" intervalms="0.690" type="nursery" />
<cycle-start id="232" type="scavenge" contextid="0" timestamp="2019-07-02T20:08:57.522" intervalms="0.690" />
  <attribute name="GC Util" value="45" />
  <attribute name="CPU Util" value="26958440244080" />
  <attribute name="Time Running"value="498"/>
  <attribute name="Number of cores"value="4"/>
<gc-start id="233" type="scavenge" contextid="232" timestamp="2019-07-02T20:08:57.522">
  <mem-info id="234" free="4707744" total="8388608" percent="56">
    <mem type="nursery" free="0" total="2097152" percent="0">
      <mem type="allocate" free="0" total="1835008" percent="0" />
      <mem type="survivor" free="0" total="262144" percent="0" />
    </mem>
    <mem type="tenure" free="4707744" total="6291456" percent="74">
      <mem type="soa" free="4393376" total="5977088" percent="73" />
      <mem type="loa" free="314368" total="314368" percent="100" />
    </mem>
    <remembered-set count="56" />
  </mem-info>
</gc-start>
<allocation-stats totalBytes="1498072" >
  <allocated-bytes non-tlh="59328" tlh="1438744" />
  <largest-consumer threadName="main" threadId="00000000021DA700" bytes="1498072" />
</allocation-stats>
<gc-op id="235" type="scavenge" timems="0.124" contextid="232" timestamp="2019-07-02T20:08:57.523">
  <scavenger-info tenureage="3" tenuremask="fff8" tiltratio="87" />
  <memory-copied type="nursery" objects="2" bytes="20752" bytesdiscarded="18416" />
</gc-op>
<gc-end id="236" type="scavenge" contextid="232" durationms="0.252" usertimems="0.000" systemtimems="0.000" timestamp="2019-07-02T20:08:57.523" activeThreads="4">
  <mem-info id="237" free="6503584" total="8388608" percent="77">
    <mem type="nursery" free="1795840" total="2097152" percent="85">
      <mem type="allocate" free="1795840" total="1835008" percent="97" />
      <mem type="survivor" free="0" total="262144" percent="0" />
    </mem>
    <mem type="tenure" free="4707744" total="6291456" percent="74">
      <mem type="soa" free="4393376" total="5977088" percent="73" />
      <mem type="loa" free="314368" total="314368" percent="100" />
    </mem>
    <remembered-set count="56" />
  </mem-info>
</gc-end>
<cycle-end id="238" type="scavenge" contextid="232" timestamp="2019-07-02T20:08:57.523">
  <attribute name="GC Util" value="44" />
  <attribute name="CPU Util" value="26749569788134" />
  <attribute name="Time Running"value="499"/>
  <attribute name="Number of cores"value="4"/>
</cycle-end>
<allocation-satisfied id="239" threadId="00000000021DA700" bytesRequested="41448" />
<af-end id="240" timestamp="2019-07-02T20:08:57.523" threadId="00000000021DB088" success="true" from="nursery"/>
<exclusive-end id="241" timestamp="2019-07-02T20:08:57.523" durationms="0.539" />

<exclusive-start id="242" timestamp="2019-07-02T20:08:57.523" intervalms="0.682">
  <response-info timems="0.022" idlems="0.022" threads="0" lastid="00000000021DA700" lastname="main" />
</exclusive-start>
<af-start id="243" threadId="00000000021DB088" totalBytesRequested="43400" timestamp="2019-07-02T20:08:57.523" intervalms="0.681" type="nursery" />
<cycle-start id="244" type="scavenge" contextid="0" timestamp="2019-07-02T20:08:57.523" intervalms="0.681" />
  <attribute name="GC Util" value="44" />
  <attribute name="CPU Util" value="26749569788134" />
  <attribute name="Time Running"value="499"/>
  <attribute name="Number of cores"value="4"/>
<gc-start id="245" type="scavenge" contextid="244" timestamp="2019-07-02T20:08:57.523">
  <mem-info id="246" free="4707744" total="8388608" percent="56">
    <mem type="nursery" free="0" total="2097152" percent="0">
      <mem type="allocate" free="0" total="1835008" percent="0" />
      <mem type="survivor" free="0" total="262144" percent="0" />
    </mem>
    <mem type="tenure" free="4707744" total="6291456" percent="74">
      <mem type="soa" free="4393376" total="5977088" percent="73" />
      <mem type="loa" free="314368" total="314368" percent="100" />
    </mem>
    <remembered-set count="56" />
  </mem-info>
</gc-start>
<allocation-stats totalBytes="1530352" >
  <allocated-bytes non-tlh="124936" tlh="1405416" />
  <largest-consumer threadName="main" threadId="00000000021DA700" bytes="1530352" />
</allocation-stats>
<gc-op id="247" type="scavenge" timems="0.122" contextid="244" timestamp="2019-07-02T20:08:57.523">
  <scavenger-info tenureage="3" tenuremask="fff8" tiltratio="87" />
  <memory-copied type="nursery" objects="2" bytes="21728" bytesdiscarded="17440" />
</gc-op>
<gc-end id="248" type="scavenge" contextid="244" durationms="0.249" usertimems="0.000" systemtimems="0.000" timestamp="2019-07-02T20:08:57.523" activeThreads="4">
  <mem-info id="249" free="6503584" total="8388608" percent="77">
    <mem type="nursery" free="1795840" total="2097152" percent="85">
      <mem type="allocate" free="1795840" total="1835008" percent="97" />
      <mem type="survivor" free="0" total="262144" percent="0" />
    </mem>
    <mem type="tenure" free="4707744" total="6291456" percent="74">
      <mem type="soa" free="4393376" total="5977088" percent="73" />
      <mem type="loa" free="314368" total="314368" percent="100" />
    </mem>
    <remembered-set count="56" />
  </mem-info>
</gc-end>
<cycle-end id="250" type="scavenge" contextid="244" timestamp="2019-07-02T20:08:57.523">
  <attribute name="GC Util" value="44" />
  <attribute name="CPU Util" value="27137661618212" />
  <attribute name="Time Running"value="500"/>
  <attribute name="Number of cores"value="4"/>
</cycle-end>
<allocation-satisfied id="251" threadId="00000000021DA700" bytesRequested="43400" />
<af-end id="252" timestamp="2019-07-02T20:08:57.524" threadId="00000000021DB088" success="true" from="nursery"/>
<exclusive-end id="253" timestamp="2019-07-02T20:08:57.524" durationms="0.534" />

<exclusive-start id="254" timestamp="2019-07-02T20:08:57.524" intervalms="0.682">
  <response-info timems="0.022" idlems="0.022" threads="0" lastid="00000000021DA700" lastname="main" />
</exclusive-start>
<af-start id="255" threadId="00000000021DB088" totalBytesRequested="22712" timestamp="2019-07-02T20:08:57.524" intervalms="0.682" type="nursery" />
<cycle-start id="256" type="scavenge" contextid="0" timestamp="2019-07-02T20:08:57.524" intervalms="0.682" />
  <attribute name="GC Util" value="44" />
  <attribute name="CPU Util" value="27137661618212" />
  <attribute name="Time Running"value="500"/>
  <attribute name="Number of cores"value="4"/>
<gc-start id="257" type="scavenge" contextid="256" timestamp="2019-07-02T20:08:57.524">
  <mem-info id="258" free="4707744" total="8388608" percent="56">
    <mem type="nursery" free="0" total="2097152" percent="0">
      <mem type="allocate" free="0" total="1835008" percent="0" />
      <mem type="survivor" free="0" total="262144" percent="0" />
    </mem>
    <mem type="tenure" free="4707744" total="6291456" percent="74">
      <mem type="soa" free="4393376" total="5977088" percent="73" />
      <mem type="loa" free="314368" total="314368" percent="100" />
    </mem>
    <remembered-set count="56" />
  </mem-info>
</gc-start>
<allocation-stats totalBytes="1579632" >
  <allocated-bytes non-tlh="130880" tlh="1448752" />
  <largest-consumer threadName="main" threadId="00000000021DA700" bytes="1579632" />
</allocation-stats>
<gc-op id="259" type="scavenge" timems="0.129" contextid="256" timestamp="2019-07-02T20:08:57.524">
  <scavenger-info tenureage="3" tenuremask="fff8" tiltratio="87" />
  <memory-copied type="nursery" objects="4" bytes="22792" bytesdiscarded="16376" />
</gc-op>
<gc-end id="260" type="scavenge" contextid="256" durationms="0.256" usertimems="4.000" systemtimems="0.000" timestamp="2019-07-02T20:08:57.524" activeThreads="4">
  <mem-info id="261" free="6503584" total="8388608" percent="77">
    <mem type="nursery" free="1795840" total="2097152" percent="85">
      <mem type="allocate" free="1795840" total="1835008" percent="97" />
      <mem type="survivor" free="0" total="262144" percent="0" />
    </mem>
    <mem type="tenure" free="4707744" total="6291456" percent="74">
      <mem type="soa" free="4393376" total="5977088" percent="73" />
      <mem type="loa" free="314368" total="314368" percent="100" />
    </mem>
    <remembered-set count="56" />
  </mem-info>
</gc-end>
<cycle-end id="262" type="scavenge" contextid="256" timestamp="2019-07-02T20:08:57.524">
  <attribute name="GC Util" value="43" />
  <attribute name="CPU Util" value="27034851175037" />
  <attribute name="Time Running"value="500"/>
  <attribute name="Number of cores"value="4"/>
</cycle-end>
<allocation-satisfied id="263" threadId="00000000021DA700" bytesRequested="22712" />
<af-end id="264" timestamp="2019-07-02T20:08:57.524" threadId="00000000021DB088" success="true" from="nursery"/>
<exclusive-end id="265" timestamp="2019-07-02T20:08:57.524" durationms="0.540" />

<exclusive-start id="266" timestamp="2019-07-02T20:08:57.524" intervalms="0.683">
  <response-info timems="0.019" idlems="0.019" threads="0" lastid="00000000021DA700" lastname="main" />
</exclusive-start>
<af-start id="267" threadId="00000000021DB088" totalBytesRequested="23744" timestamp="2019-07-02T20:08:57.524" intervalms="0.683" type="nursery" />
<cycle-start id="268" type="scavenge" contextid="0" timestamp="2019-07-02T20:08:57.524" intervalms="0.683" />
  <attribute name="GC Util" value="43" />
  <attribute name="CPU Util" value="27034851175037" />
  <attribute name="Time Running"value="500"/>
  <attribute name="Number of cores"value="4"/>
<gc-start id="269" type="scavenge" contextid="268" timestamp="2019-07-02T20:08:57.525">
  <mem-info id="270" free="4707744" total="8388608" percent="56">
    <mem type="nursery" free="0" total="2097152" percent="0">
      <mem type="allocate" free="0" total="1835008" percent="0" />
      <mem type="survivor" free="0" total="262144" percent="0" />
    </mem>
    <mem type="tenure" free="4707744" total="6291456" percent="74">
      <mem type="soa" free="4393376" total="5977088" percent="73" />
      <mem type="loa" free="314368" total="314368" percent="100" />
    </mem>
    <remembered-set count="56" />
  </mem-info>
</gc-start>
<allocation-stats totalBytes="1555872" >
  <allocated-bytes non-tlh="159760" tlh="1396112" />
  <largest-consumer threadName="main" threadId="00000000021DA700" bytes="1555872" />
</allocation-stats>
<gc-op id="271" type="scavenge" timems="0.108" contextid="268" timestamp="2019-07-02T20:08:57.525">
  <scavenger-info tenureage="3" tenuremask="fff8" tiltratio="87" />
  <memory-copied type="nursery" objects="2" bytes="47232" bytesdiscarded="39144" />
</gc-op>
<gc-end id="272" type="scavenge" contextid="268" durationms="0.235" usertimems="0.000" systemtimems="0.000" timestamp="2019-07-02T20:08:57.525" activeThreads="4">
  <mem-info id="273" free="6456376" total="8388608" percent="76">
    <mem type="nursery" free="1748632" total="2097152" percent="83">
      <mem type="allocate" free="1748632" total="1835008" percent="95" />
      <mem type="survivor" free="0" total="262144" percent="0" />
    </mem>
    <mem type="tenure" free="4707744" total="6291456" percent="74">
      <mem type="soa" free="4393376" total="5977088" percent="73" />
      <mem type="loa" free="314368" total="314368" percent="100" />
    </mem>
    <remembered-set count="56" />
  </mem-info>
</gc-end>
<cycle-end id="274" type="scavenge" contextid="268" timestamp="2019-07-02T20:08:57.525">
  <attribute name="GC Util" value="44" />
  <attribute name="CPU Util" value="26967741286106" />
  <attribute name="Time Running"value="501"/>
  <attribute name="Number of cores"value="4"/>
</cycle-end>
<allocation-satisfied id="275" threadId="00000000021DA700" bytesRequested="23744" />
<af-end id="276" timestamp="2019-07-02T20:08:57.525" threadId="00000000021DB088" success="true" from="nursery"/>
<exclusive-end id="277" timestamp="2019-07-02T20:08:57.525" durationms="0.520" />

<exclusive-start id="278" timestamp="2019-07-02T20:08:57.525" intervalms="0.681">
  <response-info timems="0.034" idlems="0.034" threads="0" lastid="00000000021DA700" lastname="main" />
</exclusive-start>
<af-start id="279" threadId="00000000021DB088" totalBytesRequested="49152" timestamp="2019-07-02T20:08:57.525" intervalms="0.682" type="nursery" />
<cycle-start id="280" type="scavenge" contextid="0" timestamp="2019-07-02T20:08:57.525" intervalms="0.682" />
  <attribute name="GC Util" value="44" />
  <attribute name="CPU Util" value="26967741286106" />
  <attribute name="Time Running"value="501"/>
  <attribute name="Number of cores"value="4"/>
<gc-start id="281" type="scavenge" contextid="280" timestamp="2019-07-02T20:08:57.525">
  <mem-info id="282" free="4707744" total="8388608" percent="56">
    <mem type="nursery" free="0" total="2097152" percent="0">
      <mem type="allocate" free="0" total="1835008" percent="0" />
      <mem type="survivor" free="0" total="262144" percent="0" />
    </mem>
    <mem type="tenure" free="4707744" total="6291456" percent="74">
      <mem type="soa" free="4393376" total="5977088" percent="73" />
      <mem type="loa" free="314368" total="314368" percent="100" />
    </mem>
    <remembered-set count="56" />
  </mem-info>
</gc-start>
<allocation-stats totalBytes="1497552" >
  <allocated-bytes non-tlh="166840" tlh="1330712" />
  <largest-consumer threadName="main" threadId="00000000021DA700" bytes="1497552" />
</allocation-stats>
<gc-op id="283" type="scavenge" timems="0.130" contextid="280" timestamp="2019-07-02T20:08:57.525">
  <scavenger-info tenureage="3" tenuremask="fff8" tiltratio="87" />
  <memory-copied type="nursery" objects="2" bytes="24600" bytesdiscarded="14568" />
</gc-op>
<gc-end id="284" type="scavenge" contextid="280" durationms="0.259" usertimems="0.000" systemtimems="0.000" timestamp="2019-07-02T20:08:57.525" activeThreads="4">
  <mem-info id="285" free="6503584" total="8388608" percent="77">
    <mem type="nursery" free="1795840" total="2097152" percent="85">
      <mem type="allocate" free="1795840" total="1835008" percent="97" />
      <mem type="survivor" free="0" total="262144" percent="0" />
    </mem>
    <mem type="tenure" free="4707744" total="6291456" percent="74">
      <mem type="soa" free="4393376" total="5977088" percent="73" />
      <mem type="loa" free="314368" total="314368" percent="100" />
    </mem>
    <remembered-set count="56" />
  </mem-info>
</gc-end>
<cycle-end id="286" type="scavenge" contextid="280" timestamp="2019-07-02T20:08:57.526">
  <attribute name="GC Util" value="43" />
  <attribute name="CPU Util" value="26860617674501" />
  <attribute name="Time Running"value="502"/>
  <attribute name="Number of cores"value="4"/>
</cycle-end>
<allocation-satisfied id="287" threadId="00000000021DA700" bytesRequested="49152" />
<af-end id="288" timestamp="2019-07-02T20:08:57.526" threadId="00000000021DB088" success="true" from="nursery"/>
<exclusive-end id="289" timestamp="2019-07-02T20:08:57.526" durationms="0.550" />

<exclusive-start id="290" timestamp="2019-07-02T20:08:57.526" intervalms="0.697">
  <response-info timems="0.022" idlems="0.022" threads="0" lastid="00000000021DA700" lastname="main" />
</exclusive-start>
<af-start id="291" threadId="00000000021DB088" totalBytesRequested="25608" timestamp="2019-07-02T20:08:57.526" intervalms="0.696" type="nursery" />
<cycle-start id="292" type="scavenge" contextid="0" timestamp="2019-07-02T20:08:57.526" intervalms="0.695" />
  <attribute name="GC Util" value="43" />
  <attribute name="CPU Util" value="26860617674501" />
  <attribute name="Time Running"value="502"/>
  <attribute name="Number of cores"value="4"/>
<gc-start id="293" type="scavenge" contextid="292" timestamp="2019-07-02T20:08:57.526">
  <mem-info id="294" free="4707744" total="8388608" percent="56">
    <mem type="nursery" free="0" total="2097152" percent="0">
      <mem type="allocate" free="0" total="1835008" percent="0" />
      <mem type="survivor" free="0" total="262144" percent="0" />
    </mem>
    <mem type="tenure" free="4707744" total="6291456" percent="74">
      <mem type="soa" free="4393376" total="5977088" percent="73" />
      <mem type="loa" free="314368" total="314368" percent="100" />
    </mem>
    <remembered-set count="56" />
  </mem-info>
</gc-start>
<allocation-stats totalBytes="1583296" >
  <allocated-bytes non-tlh="247496" tlh="1335800" />
  <largest-consumer threadName="main" threadId="00000000021DA700" bytes="1583296" />
</allocation-stats>
<gc-op id="295" type="scavenge" timems="0.124" contextid="292" timestamp="2019-07-02T20:08:57.526">
  <scavenger-info tenureage="14" tenuremask="4000" tiltratio="87" />
  <memory-copied type="nursery" objects="4" bytes="25688" bytesdiscarded="13480" />
</gc-op>
<gc-end id="296" type="scavenge" contextid="292" durationms="0.252" usertimems="0.000" systemtimems="0.000" timestamp="2019-07-02T20:08:57.526" activeThreads="4">
  <mem-info id="297" free="6503584" total="8388608" percent="77">
    <mem type="nursery" free="1795840" total="2097152" percent="85">
      <mem type="allocate" free="1795840" total="1835008" percent="97" />
      <mem type="survivor" free="0" total="262144" percent="0" />
    </mem>
    <mem type="tenure" free="4707744" total="6291456" percent="74">
      <mem type="soa" free="4393376" total="5977088" percent="73" />
      <mem type="loa" free="314368" total="314368" percent="100" />
    </mem>
    <remembered-set count="56" />
  </mem-info>
</gc-end>
<cycle-end id="298" type="scavenge" contextid="292" timestamp="2019-07-02T20:08:57.526">
  <attribute name="GC Util" value="44" />
  <attribute name="CPU Util" value="26757523994457" />
  <attribute name="Time Running"value="502"/>
  <attribute name="Number of cores"value="4"/>
</cycle-end>
<allocation-satisfied id="299" threadId="00000000021DA700" bytesRequested="25608" />
<af-end id="300" timestamp="2019-07-02T20:08:57.526" threadId="00000000021DB088" success="true" from="nursery"/>
<exclusive-end id="301" timestamp="2019-07-02T20:08:57.526" durationms="0.536" />

<exclusive-start id="302" timestamp="2019-07-02T20:08:57.526" intervalms="0.683">
  <response-info timems="0.022" idlems="0.022" threads="0" lastid="00000000021DA700" lastname="main" />
</exclusive-start>
<af-start id="303" threadId="00000000021DB088" totalBytesRequested="26512" timestamp="2019-07-02T20:08:57.526" intervalms="0.684" type="nursery" />
<cycle-start id="304" type="scavenge" contextid="0" timestamp="2019-07-02T20:08:57.527" intervalms="0.684" />
  <attribute name="GC Util" value="44" />
  <attribute name="CPU Util" value="26757523994457" />
  <attribute name="Time Running"value="502"/>
  <attribute name="Number of cores"value="4"/>
<gc-start id="305" type="scavenge" contextid="304" timestamp="2019-07-02T20:08:57.527">
  <mem-info id="306" free="4707744" total="8388608" percent="56">
    <mem type="nursery" free="0" total="2097152" percent="0">
      <mem type="allocate" free="0" total="1835008" percent="0" />
      <mem type="survivor" free="0" total="262144" percent="0" />
    </mem>
    <mem type="tenure" free="4707744" total="6291456" percent="74">
      <mem type="soa" free="4393376" total="5977088" percent="73" />
      <mem type="loa" free="314368" total="314368" percent="100" />
    </mem>
    <remembered-set count="56" />
  </mem-info>
</gc-start>
<allocation-stats totalBytes="1563904" >
  <allocated-bytes non-tlh="231368" tlh="1332536" />
  <largest-consumer threadName="main" threadId="00000000021DA700" bytes="1563904" />
</allocation-stats>
<gc-op id="307" type="scavenge" timems="0.108" contextid="304" timestamp="2019-07-02T20:08:57.527">
  <scavenger-info tenureage="14" tenuremask="4000" tiltratio="87" />
  <memory-copied type="nursery" objects="4" bytes="26592" bytesdiscarded="12576" />
</gc-op>
<gc-end id="308" type="scavenge" contextid="304" durationms="0.235" usertimems="0.000" systemtimems="0.000" timestamp="2019-07-02T20:08:57.527" activeThreads="4">
  <mem-info id="309" free="6503584" total="8388608" percent="77">
    <mem type="nursery" free="1795840" total="2097152" percent="85">
      <mem type="allocate" free="1795840" total="1835008" percent="97" />
      <mem type="survivor" free="0" total="262144" percent="0" />
    </mem>
    <mem type="tenure" free="4707744" total="6291456" percent="74">
      <mem type="soa" free="4393376" total="5977088" percent="73" />
      <mem type="loa" free="314368" total="314368" percent="100" />
    </mem>
    <remembered-set count="56" />
  </mem-info>
</gc-end>
<cycle-end id="310" type="scavenge" contextid="304" timestamp="2019-07-02T20:08:57.527">
  <attribute name="GC Util" value="44" />
  <attribute name="CPU Util" value="26934153821666" />
  <attribute name="Time Running"value="503"/>
  <attribute name="Number of cores"value="4"/>
</cycle-end>
<allocation-satisfied id="311" threadId="00000000021DA700" bytesRequested="26512" />
<af-end id="312" timestamp="2019-07-02T20:08:57.527" threadId="00000000021DB088" success="true" from="nursery"/>
<exclusive-end id="313" timestamp="2019-07-02T20:08:57.527" durationms="0.520" />

<exclusive-start id="314" timestamp="2019-07-02T20:08:57.527" intervalms="0.665">
  <response-info timems="0.022" idlems="0.022" threads="0" lastid="00000000021DA700" lastname="main" />
</exclusive-start>
<af-start id="315" threadId="00000000021DB088" totalBytesRequested="27400" timestamp="2019-07-02T20:08:57.527" intervalms="0.664" type="nursery" />
<cycle-start id="316" type="scavenge" contextid="0" timestamp="2019-07-02T20:08:57.527" intervalms="0.665" />
  <attribute name="GC Util" value="44" />
  <attribute name="CPU Util" value="26934153821666" />
  <attribute name="Time Running"value="503"/>
  <attribute name="Number of cores"value="4"/>
<gc-start id="317" type="scavenge" contextid="316" timestamp="2019-07-02T20:08:57.527">
  <mem-info id="318" free="4707744" total="8388608" percent="56">
    <mem type="nursery" free="0" total="2097152" percent="0">
      <mem type="allocate" free="0" total="1835008" percent="0" />
      <mem type="survivor" free="0" total="262144" percent="0" />
    </mem>
    <mem type="tenure" free="4707744" total="6291456" percent="74">
      <mem type="soa" free="4393376" total="5977088" percent="73" />
      <mem type="loa" free="314368" total="314368" percent="100" />
    </mem>
    <remembered-set count="56" />
  </mem-info>
</gc-start>
<allocation-stats totalBytes="1589600" >
  <allocated-bytes non-tlh="292464" tlh="1297136" />
  <largest-consumer threadName="main" threadId="00000000021DA700" bytes="1589600" />
</allocation-stats>
<gc-op id="319" type="scavenge" timems="0.109" contextid="316" timestamp="2019-07-02T20:08:57.527">
  <scavenger-info tenureage="14" tenuremask="4000" tiltratio="87" />
  <memory-copied type="nursery" objects="2" bytes="54816" bytesdiscarded="39144" />
</gc-op>
<gc-end id="320" type="scavenge" contextid="316" durationms="0.236" usertimems="0.000" systemtimems="4.000" timestamp="2019-07-02T20:08:57.527" activeThreads="4">
  <mem-info id="321" free="6448792" total="8388608" percent="76">
    <mem type="nursery" free="1741048" total="2097152" percent="83">
      <mem type="allocate" free="1741048" total="1835008" percent="94" />
      <mem type="survivor" free="0" total="262144" percent="0" />
    </mem>
    <mem type="tenure" free="4707744" total="6291456" percent="74">
      <mem type="soa" free="4393376" total="5977088" percent="73" />
      <mem type="loa" free="314368" total="314368" percent="100" />
    </mem>
    <remembered-set count="56" />
  </mem-info>
</gc-end>
<cycle-end id="322" type="scavenge" contextid="316" timestamp="2019-07-02T20:08:57.528">
  <attribute name="GC Util" value="44" />
  <attribute name="CPU Util" value="27751900959850" />
  <attribute name="Time Running"value="504"/>
  <attribute name="Number of cores"value="4"/>
</cycle-end>
<allocation-satisfied id="323" threadId="00000000021DA700" bytesRequested="27400" />
<af-end id="324" timestamp="2019-07-02T20:08:57.528" threadId="00000000021DB088" success="true" from="nursery"/>
<exclusive-end id="325" timestamp="2019-07-02T20:08:57.528" durationms="0.520" />

<exclusive-start id="326" timestamp="2019-07-02T20:08:57.528" intervalms="0.662">
  <response-info timems="0.022" idlems="0.022" threads="0" lastid="00000000021DA700" lastname="main" />
</exclusive-start>
<af-start id="327" threadId="00000000021DB088" totalBytesRequested="56568" timestamp="2019-07-02T20:08:57.528" intervalms="0.662" type="nursery" />
<cycle-start id="328" type="scavenge" contextid="0" timestamp="2019-07-02T20:08:57.528" intervalms="0.662" />
  <attribute name="GC Util" value="44" />
  <attribute name="CPU Util" value="27751900959850" />
  <attribute name="Time Running"value="504"/>
  <attribute name="Number of cores"value="4"/>
<gc-start id="329" type="scavenge" contextid="328" timestamp="2019-07-02T20:08:57.528">
  <mem-info id="330" free="4707744" total="8388608" percent="56">
    <mem type="nursery" free="0" total="2097152" percent="0">
      <mem type="allocate" free="0" total="1835008" percent="0" />
      <mem type="survivor" free="0" total="262144" percent="0" />
    </mem>
    <mem type="tenure" free="4707744" total="6291456" percent="74">
      <mem type="soa" free="4393376" total="5977088" percent="73" />
      <mem type="loa" free="314368" total="314368" percent="100" />
    </mem>
    <remembered-set count="56" />
  </mem-info>
</gc-start>
<allocation-stats totalBytes="1504240" >
  <allocated-bytes non-tlh="303208" tlh="1201032" />
  <largest-consumer threadName="main" threadId="00000000021DA700" bytes="1504240" />
</allocation-stats>
<gc-op id="331" type="scavenge" timems="0.130" contextid="328" timestamp="2019-07-02T20:08:57.528">
  <scavenger-info tenureage="14" tenuremask="4000" tiltratio="87" />
  <memory-copied type="nursery" objects="2" bytes="28312" bytesdiscarded="10856" />
</gc-op>
<gc-end id="332" type="scavenge" contextid="328" durationms="0.256" usertimems="0.000" systemtimems="0.000" timestamp="2019-07-02T20:08:57.528" activeThreads="4">
  <mem-info id="333" free="6503584" total="8388608" percent="77">
    <mem type="nursery" free="1795840" total="2097152" percent="85">
      <mem type="allocate" free="1795840" total="1835008" percent="97" />
      <mem type="survivor" free="0" total="262144" percent="0" />
    </mem>
    <mem type="tenure" free="4707744" total="6291456" percent="74">
      <mem type="soa" free="4393376" total="5977088" percent="73" />
      <mem type="loa" free="314368" total="314368" percent="100" />
    </mem>
    <remembered-set count="56" />
  </mem-info>
</gc-end>
<cycle-end id="334" type="scavenge" contextid="328" timestamp="2019-07-02T20:08:57.528">
  <attribute name="GC Util" value="44" />
  <attribute name="CPU Util" value="27879743902077" />
  <attribute name="Time Running"value="504"/>
  <attribute name="Number of cores"value="4"/>
</cycle-end>
<allocation-satisfied id="335" threadId="00000000021DA700" bytesRequested="56568" />
<af-end id="336" timestamp="2019-07-02T20:08:57.528" threadId="00000000021DB088" success="true" from="nursery"/>
<exclusive-end id="337" timestamp="2019-07-02T20:08:57.528" durationms="0.542" />

<exclusive-start id="338" timestamp="2019-07-02T20:08:57.528" intervalms="0.687">
  <response-info timems="0.022" idlems="0.022" threads="0" lastid="00000000021DA700" lastname="main" />
</exclusive-start>
<af-start id="339" threadId="00000000021DB088" totalBytesRequested="29240" timestamp="2019-07-02T20:08:57.529" intervalms="0.687" type="nursery" />
<cycle-start id="340" type="scavenge" contextid="0" timestamp="2019-07-02T20:08:57.529" intervalms="0.687" />
  <attribute name="GC Util" value="44" />
  <attribute name="CPU Util" value="27879743902077" />
  <attribute name="Time Running"value="504"/>
  <attribute name="Number of cores"value="4"/>
<gc-start id="341" type="scavenge" contextid="340" timestamp="2019-07-02T20:08:57.529">
  <mem-info id="342" free="4707744" total="8388608" percent="56">
    <mem type="nursery" free="0" total="2097152" percent="0">
      <mem type="allocate" free="0" total="1835008" percent="0" />
      <mem type="survivor" free="0" total="262144" percent="0" />
    </mem>
    <mem type="tenure" free="4707744" total="6291456" percent="74">
      <mem type="soa" free="4393376" total="5977088" percent="73" />
      <mem type="loa" free="314368" total="314368" percent="100" />
    </mem>
    <remembered-set count="56" />
  </mem-info>
</gc-start>
<allocation-stats totalBytes="1549616" >
  <allocated-bytes non-tlh="341104" tlh="1208512" />
  <largest-consumer threadName="main" threadId="00000000021DA700" bytes="1549616" />
</allocation-stats>
<gc-op id="343" type="scavenge" timems="0.108" contextid="340" timestamp="2019-07-02T20:08:57.529">
  <scavenger-info tenureage="14" tenuremask="4000" tiltratio="87" />
  <memory-copied type="nursery" objects="2" bytes="58184" bytesdiscarded="39144" />
</gc-op>
<gc-end id="344" type="scavenge" contextid="340" durationms="0.236" usertimems="0.000" systemtimems="0.000" timestamp="2019-07-02T20:08:57.529" activeThreads="4">
  <mem-info id="345" free="6445424" total="8388608" percent="76">
    <mem type="nursery" free="1737680" total="2097152" percent="82">
      <mem type="allocate" free="1737680" total="1835008" percent="94" />
      <mem type="survivor" free="0" total="262144" percent="0" />
    </mem>
    <mem type="tenure" free="4707744" total="6291456" percent="74">
      <mem type="soa" free="4393376" total="5977088" percent="73" />
      <mem type="loa" free="314368" total="314368" percent="100" />
    </mem>
    <remembered-set count="56" />
  </mem-info>
</gc-end>
<cycle-end id="346" type="scavenge" contextid="340" timestamp="2019-07-02T20:08:57.529">
  <attribute name="GC Util" value="43" />
  <attribute name="CPU Util" value="26847716845229" />
  <attribute name="Time Running"value="505"/>
  <attribute name="Number of cores"value="4"/>
</cycle-end>
<allocation-satisfied id="347" threadId="00000000021DA700" bytesRequested="29240" />
<af-end id="348" timestamp="2019-07-02T20:08:57.529" threadId="00000000021DB088" success="true" from="nursery"/>
<exclusive-end id="349" timestamp="2019-07-02T20:08:57.529" durationms="0.525" />

<exclusive-start id="350" timestamp="2019-07-02T20:08:57.529" intervalms="0.698">
  <response-info timems="0.023" idlems="0.023" threads="0" lastid="00000000021DA700" lastname="main" />
</exclusive-start>
<af-start id="351" threadId="00000000021DB088" totalBytesRequested="29936" timestamp="2019-07-02T20:08:57.529" intervalms="0.706" type="nursery" />
<cycle-start id="352" type="scavenge" contextid="0" timestamp="2019-07-02T20:08:57.529" intervalms="0.707" />
  <attribute name="GC Util" value="43" />
  <attribute name="CPU Util" value="26847716845229" />
  <attribute name="Time Running"value="505"/>
  <attribute name="Number of cores"value="4"/>
<gc-start id="353" type="scavenge" contextid="352" timestamp="2019-07-02T20:08:57.529">
  <mem-info id="354" free="4707744" total="8388608" percent="56">
    <mem type="nursery" free="0" total="2097152" percent="0">
      <mem type="allocate" free="0" total="1835008" percent="0" />
      <mem type="survivor" free="0" total="262144" percent="0" />
    </mem>
    <mem type="tenure" free="4707744" total="6291456" percent="74">
      <mem type="soa" free="4393376" total="5977088" percent="73" />
      <mem type="loa" free="314368" total="314368" percent="100" />
    </mem>
    <remembered-set count="56" />
  </mem-info>
</gc-start>
<allocation-stats totalBytes="1567504" >
  <allocated-bytes non-tlh="352840" tlh="1214664" />
  <largest-consumer threadName="main" threadId="00000000021DA700" bytes="1567504" />
</allocation-stats>
<gc-op id="355" type="scavenge" timems="0.136" contextid="352" timestamp="2019-07-02T20:08:57.530">
  <scavenger-info tenureage="14" tenuremask="4000" tiltratio="87" />
  <memory-copied type="nursery" objects="4" bytes="30016" bytesdiscarded="9152" />
</gc-op>
<gc-end id="356" type="scavenge" contextid="352" durationms="0.263" usertimems="0.000" systemtimems="0.000" timestamp="2019-07-02T20:08:57.530" activeThreads="4">
  <mem-info id="357" free="6503584" total="8388608" percent="77">
    <mem type="nursery" free="1795840" total="2097152" percent="85">
      <mem type="allocate" free="1795840" total="1835008" percent="97" />
      <mem type="survivor" free="0" total="262144" percent="0" />
    </mem>
    <mem type="tenure" free="4707744" total="6291456" percent="74">
      <mem type="soa" free="4393376" total="5977088" percent="73" />
      <mem type="loa" free="314368" total="314368" percent="100" />
    </mem>
    <remembered-set count="56" />
  </mem-info>
</gc-end>
<cycle-end id="358" type="scavenge" contextid="352" timestamp="2019-07-02T20:08:57.530">
  <attribute name="GC Util" value="42" />
  <attribute name="CPU Util" value="26096558850311" />
  <attribute name="Time Running"value="506"/>
  <attribute name="Number of cores"value="4"/>
</cycle-end>
<allocation-satisfied id="359" threadId="00000000021DA700" bytesRequested="29936" />
<af-end id="360" timestamp="2019-07-02T20:08:57.530" threadId="00000000021DB088" success="true" from="nursery"/>
<exclusive-end id="361" timestamp="2019-07-02T20:08:57.530" durationms="0.557" />

<exclusive-start id="362" timestamp="2019-07-02T20:08:57.530" intervalms="0.731">
  <response-info timems="0.048" idlems="0.032" threads="1" lastid="00000000021DE300" lastname="JIT Compilation Thread-0" />
</exclusive-start>
<af-start id="363" threadId="00000000021DB088" totalBytesRequested="30776" timestamp="2019-07-02T20:08:57.530" intervalms="0.724" type="nursery" />
<cycle-start id="364" type="scavenge" contextid="0" timestamp="2019-07-02T20:08:57.530" intervalms="0.723" />
  <attribute name="GC Util" value="42" />
  <attribute name="CPU Util" value="26096558850311" />
  <attribute name="Time Running"value="506"/>
  <attribute name="Number of cores"value="4"/>
<gc-start id="365" type="scavenge" contextid="364" timestamp="2019-07-02T20:08:57.530">
  <mem-info id="366" free="4707744" total="8388608" percent="56">
    <mem type="nursery" free="0" total="2097152" percent="0">
      <mem type="allocate" free="0" total="1835008" percent="0" />
      <mem type="survivor" free="0" total="262144" percent="0" />
    </mem>
    <mem type="tenure" free="4707744" total="6291456" percent="74">
      <mem type="soa" free="4393376" total="5977088" percent="73" />
      <mem type="loa" free="314368" total="314368" percent="100" />
    </mem>
    <remembered-set count="56" />
  </mem-info>
</gc-start>
<allocation-stats totalBytes="1578656" >
  <allocated-bytes non-tlh="391280" tlh="1187376" />
  <largest-consumer threadName="main" threadId="00000000021DA700" bytes="1578656" />
</allocation-stats>
<gc-op id="367" type="scavenge" timems="0.131" contextid="364" timestamp="2019-07-02T20:08:57.530">
  <scavenger-info tenureage="14" tenuremask="4000" tiltratio="87" />
  <memory-copied type="nursery" objects="4" bytes="30856" bytesdiscarded="8312" />
</gc-op>
<gc-end id="368" type="scavenge" contextid="364" durationms="0.260" usertimems="0.000" systemtimems="0.000" timestamp="2019-07-02T20:08:57.530" activeThreads="4">
  <mem-info id="369" free="6503584" total="8388608" percent="77">
    <mem type="nursery" free="1795840" total="2097152" percent="85">
      <mem type="allocate" free="1795840" total="1835008" percent="97" />
      <mem type="survivor" free="0" total="262144" percent="0" />
    </mem>
    <mem type="tenure" free="4707744" total="6291456" percent="74">
      <mem type="soa" free="4393376" total="5977088" percent="73" />
      <mem type="loa" free="314368" total="314368" percent="100" />
    </mem>
    <remembered-set count="56" />
  </mem-info>
</gc-end>
<cycle-end id="370" type="scavenge" contextid="364" timestamp="2019-07-02T20:08:57.530">
  <attribute name="GC Util" value="42" />
  <attribute name="CPU Util" value="25457690092374" />
  <attribute name="Time Running"value="507"/>
  <attribute name="Number of cores"value="4"/>
</cycle-end>
<allocation-satisfied id="371" threadId="00000000021DA700" bytesRequested="30776" />
<af-end id="372" timestamp="2019-07-02T20:08:57.530" threadId="00000000021DB088" success="true" from="nursery"/>
<exclusive-end id="373" timestamp="2019-07-02T20:08:57.530" durationms="0.547" />

<exclusive-start id="374" timestamp="2019-07-02T20:08:57.531" intervalms="0.700">
  <response-info timems="0.025" idlems="0.025" threads="0" lastid="00000000021DA700" lastname="main" />
</exclusive-start>
<af-start id="375" threadId="00000000021DB088" totalBytesRequested="31544" timestamp="2019-07-02T20:08:57.531" intervalms="0.699" type="nursery" />
<cycle-start id="376" type="scavenge" contextid="0" timestamp="2019-07-02T20:08:57.531" intervalms="0.699" />
  <attribute name="GC Util" value="42" />
  <attribute name="CPU Util" value="25457690092374" />
  <attribute name="Time Running"value="507"/>
  <attribute name="Number of cores"value="4"/>
<gc-start id="377" type="scavenge" contextid="376" timestamp="2019-07-02T20:08:57.531">
  <mem-info id="378" free="4707744" total="8388608" percent="56">
    <mem type="nursery" free="0" total="2097152" percent="0">
      <mem type="allocate" free="0" total="1835008" percent="0" />
      <mem type="survivor" free="0" total="262144" percent="0" />
    </mem>
    <mem type="tenure" free="4707744" total="6291456" percent="74">
      <mem type="soa" free="4393376" total="5977088" percent="73" />
      <mem type="loa" free="314368" total="314368" percent="100" />
    </mem>
    <remembered-set count="56" />
  </mem-info>
</gc-start>
<allocation-stats totalBytes="1588840" >
  <allocated-bytes non-tlh="464392" tlh="1124448" />
  <largest-consumer threadName="main" threadId="00000000021DA700" bytes="1588840" />
</allocation-stats>
<gc-op id="379" type="scavenge" timems="0.134" contextid="376" timestamp="2019-07-02T20:08:57.531">
  <scavenger-info tenureage="14" tenuremask="4000" tiltratio="87" />
  <memory-copied type="nursery" objects="2" bytes="63096" bytesdiscarded="39144" />
</gc-op>
<gc-end id="380" type="scavenge" contextid="376" durationms="0.262" usertimems="4.000" systemtimems="0.000" timestamp="2019-07-02T20:08:57.531" activeThreads="4">
  <mem-info id="381" free="6440512" total="8388608" percent="76">
    <mem type="nursery" free="1732768" total="2097152" percent="82">
      <mem type="allocate" free="1732768" total="1835008" percent="94" />
      <mem type="survivor" free="0" total="262144" percent="0" />
    </mem>
    <mem type="tenure" free="4707744" total="6291456" percent="74">
      <mem type="soa" free="4393376" total="5977088" percent="73" />
      <mem type="loa" free="314368" total="314368" percent="100" />
    </mem>
    <remembered-set count="56" />
  </mem-info>
</gc-end>
<cycle-end id="382" type="scavenge" contextid="376" timestamp="2019-07-02T20:08:57.531">
  <attribute name="GC Util" value="44" />
  <attribute name="CPU Util" value="26457679706122" />
  <attribute name="Time Running"value="507"/>
  <attribute name="Number of cores"value="4"/>
</cycle-end>
<allocation-satisfied id="383" threadId="00000000021DA700" bytesRequested="31544" />
<af-end id="384" timestamp="2019-07-02T20:08:57.531" threadId="00000000021DB088" success="true" from="nursery"/>
<exclusive-end id="385" timestamp="2019-07-02T20:08:57.531" durationms="0.547" />

<exclusive-start id="386" timestamp="2019-07-02T20:08:57.531" intervalms="0.716">
  <response-info timems="0.045" idlems="0.031" threads="1" lastid="00000000021DE300" lastname="JIT Compilation Thread-0" />
</exclusive-start>
<af-start id="387" threadId="00000000021DB088" totalBytesRequested="32320" timestamp="2019-07-02T20:08:57.531" intervalms="0.718" type="nursery" />
<cycle-start id="388" type="scavenge" contextid="0" timestamp="2019-07-02T20:08:57.531" intervalms="0.717" />
  <attribute name="GC Util" value="44" />
  <attribute name="CPU Util" value="26457679706122" />
  <attribute name="Time Running"value="507"/>
  <attribute name="Number of cores"value="4"/>
<gc-start id="389" type="scavenge" contextid="388" timestamp="2019-07-02T20:08:57.531">
  <mem-info id="390" free="4707744" total="8388608" percent="56">
    <mem type="nursery" free="0" total="2097152" percent="0">
      <mem type="allocate" free="0" total="1835008" percent="0" />
      <mem type="survivor" free="0" total="262144" percent="0" />
    </mem>
    <mem type="tenure" free="4707744" total="6291456" percent="74">
      <mem type="soa" free="4393376" total="5977088" percent="73" />
      <mem type="loa" free="314368" total="314368" percent="100" />
    </mem>
    <remembered-set count="56" />
  </mem-info>
</gc-start>
<allocation-stats totalBytes="1533088" >
  <allocated-bytes non-tlh="412744" tlh="1120344" />
  <largest-consumer threadName="main" threadId="00000000021DA700" bytes="1533088" />
</allocation-stats>
<gc-op id="391" type="scavenge" timems="0.132" contextid="388" timestamp="2019-07-02T20:08:57.532">
  <scavenger-info tenureage="14" tenuremask="4000" tiltratio="87" />
  <memory-copied type="nursery" objects="2" bytes="64656" bytesdiscarded="39144" />
</gc-op>
<gc-end id="392" type="scavenge" contextid="388" durationms="0.259" usertimems="0.000" systemtimems="0.000" timestamp="2019-07-02T20:08:57.532" activeThreads="4">
  <mem-info id="393" free="6438952" total="8388608" percent="76">
    <mem type="nursery" free="1731208" total="2097152" percent="82">
      <mem type="allocate" free="1731208" total="1835008" percent="94" />
      <mem type="survivor" free="0" total="262144" percent="0" />
    </mem>
    <mem type="tenure" free="4707744" total="6291456" percent="74">
      <mem type="soa" free="4393376" total="5977088" percent="73" />
      <mem type="loa" free="314368" total="314368" percent="100" />
    </mem>
    <remembered-set count="56" />
  </mem-info>
</gc-end>
<cycle-end id="394" type="scavenge" contextid="388" timestamp="2019-07-02T20:08:57.532">
  <attribute name="GC Util" value="43" />
  <attribute name="CPU Util" value="25742360805023" />
  <attribute name="Time Running"value="508"/>
  <attribute name="Number of cores"value="4"/>
</cycle-end>
<allocation-satisfied id="395" threadId="00000000021DA700" bytesRequested="32320" />
<af-end id="396" timestamp="2019-07-02T20:08:57.532" threadId="00000000021DB088" success="true" from="nursery"/>
<exclusive-end id="397" timestamp="2019-07-02T20:08:57.532" durationms="0.544" />

<exclusive-start id="398" timestamp="2019-07-02T20:08:57.532" intervalms="0.692">
  <response-info timems="0.022" idlems="0.022" threads="0" lastid="00000000021DA700" lastname="main" />
</exclusive-start>
<af-start id="399" threadId="00000000021DB088" totalBytesRequested="66160" timestamp="2019-07-02T20:08:57.532" intervalms="0.691" type="nursery" />
<cycle-start id="400" type="scavenge" contextid="0" timestamp="2019-07-02T20:08:57.532" intervalms="0.691" />
  <attribute name="GC Util" value="43" />
  <attribute name="CPU Util" value="25742360805023" />
  <attribute name="Time Running"value="508"/>
  <attribute name="Number of cores"value="4"/>
<gc-start id="401" type="scavenge" contextid="400" timestamp="2019-07-02T20:08:57.532">
  <mem-info id="402" free="4707744" total="8388608" percent="56">
    <mem type="nursery" free="0" total="2097152" percent="0">
      <mem type="allocate" free="0" total="1835008" percent="0" />
      <mem type="survivor" free="0" total="262144" percent="0" />
    </mem>
    <mem type="tenure" free="4707744" total="6291456" percent="74">
      <mem type="soa" free="4393376" total="5977088" percent="73" />
      <mem type="loa" free="314368" total="314368" percent="100" />
    </mem>
    <remembered-set count="56" />
  </mem-info>
</gc-start>
<allocation-stats totalBytes="1564016" >
  <allocated-bytes non-tlh="554784" tlh="1009232" />
  <largest-consumer threadName="main" threadId="00000000021DA700" bytes="1564016" />
</allocation-stats>
<gc-op id="403" type="scavenge" timems="0.132" contextid="400" timestamp="2019-07-02T20:08:57.532">
  <scavenger-info tenureage="14" tenuremask="4000" tiltratio="87" />
  <memory-copied type="nursery" objects="2" bytes="33104" bytesdiscarded="6064" />
</gc-op>
<gc-end id="404" type="scavenge" contextid="400" durationms="0.259" usertimems="0.000" systemtimems="0.000" timestamp="2019-07-02T20:08:57.532" activeThreads="4">
  <mem-info id="405" free="6503584" total="8388608" percent="77">
    <mem type="nursery" free="1795840" total="2097152" percent="85">
      <mem type="allocate" free="1795840" total="1835008" percent="97" />
      <mem type="survivor" free="0" total="262144" percent="0" />
    </mem>
    <mem type="tenure" free="4707744" total="6291456" percent="74">
      <mem type="soa" free="4393376" total="5977088" percent="73" />
      <mem type="loa" free="314368" total="314368" percent="100" />
    </mem>
    <remembered-set count="56" />
  </mem-info>
</gc-end>
<cycle-end id="406" type="scavenge" contextid="400" timestamp="2019-07-02T20:08:57.532">
  <attribute name="GC Util" value="44" />
  <attribute name="CPU Util" value="26673719322125" />
  <attribute name="Time Running"value="509"/>
  <attribute name="Number of cores"value="4"/>
</cycle-end>
<allocation-satisfied id="407" threadId="00000000021DA700" bytesRequested="66160" />
<af-end id="408" timestamp="2019-07-02T20:08:57.533" threadId="00000000021DB088" success="true" from="nursery"/>
<exclusive-end id="409" timestamp="2019-07-02T20:08:57.533" durationms="0.546" />

<exclusive-start id="410" timestamp="2019-07-02T20:08:57.533" intervalms="0.694">
  <response-info timems="0.022" idlems="0.022" threads="0" lastid="00000000021DA700" lastname="main" />
</exclusive-start>
<af-start id="411" threadId="00000000021DB088" totalBytesRequested="67640" timestamp="2019-07-02T20:08:57.533" intervalms="0.694" type="nursery" />
<cycle-start id="412" type="scavenge" contextid="0" timestamp="2019-07-02T20:08:57.533" intervalms="0.694" />
  <attribute name="GC Util" value="44" />
  <attribute name="CPU Util" value="26673719322125" />
  <attribute name="Time Running"value="509"/>
  <attribute name="Number of cores"value="4"/>
<gc-start id="413" type="scavenge" contextid="412" timestamp="2019-07-02T20:08:57.533">
  <mem-info id="414" free="4707744" total="8388608" percent="56">
    <mem type="nursery" free="0" total="2097152" percent="0">
      <mem type="allocate" free="0" total="1835008" percent="0" />
      <mem type="survivor" free="0" total="262144" percent="0" />
    </mem>
    <mem type="tenure" free="4707744" total="6291456" percent="74">
      <mem type="soa" free="4393376" total="5977088" percent="73" />
      <mem type="loa" free="314368" total="314368" percent="100" />
    </mem>
    <remembered-set count="56" />
  </mem-info>
</gc-start>
<allocation-stats totalBytes="1607760" >
  <allocated-bytes non-tlh="566296" tlh="1041464" />
  <largest-consumer threadName="main" threadId="00000000021DA700" bytes="1607760" />
</allocation-stats>
<gc-op id="415" type="scavenge" timems="0.132" contextid="412" timestamp="2019-07-02T20:08:57.533">
  <scavenger-info tenureage="14" tenuremask="4000" tiltratio="87" />
  <memory-copied type="nursery" objects="2" bytes="33848" bytesdiscarded="5320" />
</gc-op>
<gc-end id="416" type="scavenge" contextid="412" durationms="0.284" usertimems="0.000" systemtimems="0.000" timestamp="2019-07-02T20:08:57.533" activeThreads="4">
  <mem-info id="417" free="6503584" total="8388608" percent="77">
    <mem type="nursery" free="1795840" total="2097152" percent="85">
      <mem type="allocate" free="1795840" total="1835008" percent="97" />
      <mem type="survivor" free="0" total="262144" percent="0" />
    </mem>
    <mem type="tenure" free="4707744" total="6291456" percent="74">
      <mem type="soa" free="4393376" total="5977088" percent="73" />
      <mem type="loa" free="314368" total="314368" percent="100" />
    </mem>
    <remembered-set count="56" />
  </mem-info>
</gc-end>
<cycle-end id="418" type="scavenge" contextid="412" timestamp="2019-07-02T20:08:57.533">
  <attribute name="GC Util" value="44" />
  <attribute name="CPU Util" value="26583272310575" />
  <attribute name="Time Running"value="509"/>
  <attribute name="Number of cores"value="4"/>
</cycle-end>
<allocation-satisfied id="419" threadId="00000000021DA700" bytesRequested="67640" />
<af-end id="420" timestamp="2019-07-02T20:08:57.533" threadId="00000000021DB088" success="true" from="nursery"/>
<exclusive-end id="421" timestamp="2019-07-02T20:08:57.533" durationms="0.579" />

<exclusive-start id="422" timestamp="2019-07-02T20:08:57.533" intervalms="0.734">
  <response-info timems="0.025" idlems="0.025" threads="0" lastid="00000000021DA700" lastname="main" />
</exclusive-start>
<af-start id="423" threadId="00000000021DB088" totalBytesRequested="34608" timestamp="2019-07-02T20:08:57.533" intervalms="0.733" type="nursery" />
<cycle-start id="424" type="scavenge" contextid="0" timestamp="2019-07-02T20:08:57.534" intervalms="0.734" />
  <attribute name="GC Util" value="44" />
  <attribute name="CPU Util" value="26583272310575" />
  <attribute name="Time Running"value="509"/>
  <attribute name="Number of cores"value="4"/>
<gc-start id="425" type="scavenge" contextid="424" timestamp="2019-07-02T20:08:57.534">
  <mem-info id="426" free="4707744" total="8388608" percent="56">
    <mem type="nursery" free="0" total="2097152" percent="0">
      <mem type="allocate" free="0" total="1835008" percent="0" />
      <mem type="survivor" free="0" total="262144" percent="0" />
    </mem>
    <mem type="tenure" free="4707744" total="6291456" percent="74">
      <mem type="soa" free="4393376" total="5977088" percent="73" />
      <mem type="loa" free="314368" total="314368" percent="100" />
    </mem>
    <remembered-set count="56" />
  </mem-info>
</gc-start>
<allocation-stats totalBytes="1607792" >
  <allocated-bytes non-tlh="682824" tlh="924968" />
  <largest-consumer threadName="main" threadId="00000000021DA700" bytes="1607792" />
</allocation-stats>
<gc-op id="427" type="scavenge" timems="0.129" contextid="424" timestamp="2019-07-02T20:08:57.534">
  <scavenger-info tenureage="14" tenuremask="4000" tiltratio="87" />
  <memory-copied type="nursery" objects="4" bytes="34688" bytesdiscarded="4480" />
</gc-op>
<gc-end id="428" type="scavenge" contextid="424" durationms="0.257" usertimems="0.000" systemtimems="0.000" timestamp="2019-07-02T20:08:57.534" activeThreads="4">
  <mem-info id="429" free="6503584" total="8388608" percent="77">
    <mem type="nursery" free="1795840" total="2097152" percent="85">
      <mem type="allocate" free="1795840" total="1835008" percent="97" />
      <mem type="survivor" free="0" total="262144" percent="0" />
    </mem>
    <mem type="tenure" free="4707744" total="6291456" percent="74">
      <mem type="soa" free="4393376" total="5977088" percent="73" />
      <mem type="loa" free="314368" total="314368" percent="100" />
    </mem>
    <remembered-set count="56" />
  </mem-info>
</gc-end>
<cycle-end id="430" type="scavenge" contextid="424" timestamp="2019-07-02T20:08:57.534">
  <attribute name="GC Util" value="42" />
  <attribute name="CPU Util" value="25123931290659" />
  <attribute name="Time Running"value="510"/>
  <attribute name="Number of cores"value="4"/>
</cycle-end>
<allocation-satisfied id="431" threadId="00000000021DA700" bytesRequested="34608" />
<af-end id="432" timestamp="2019-07-02T20:08:57.534" threadId="00000000021DB088" success="true" from="nursery"/>
<exclusive-end id="433" timestamp="2019-07-02T20:08:57.534" durationms="0.542" />

<exclusive-start id="434" timestamp="2019-07-02T20:08:57.534" intervalms="0.686">
  <response-info timems="0.018" idlems="0.018" threads="0" lastid="00000000021DA700" lastname="main" />
</exclusive-start>
<af-start id="435" threadId="00000000021DB088" totalBytesRequested="70496" timestamp="2019-07-02T20:08:57.534" intervalms="0.686" type="nursery" />
<cycle-start id="436" type="scavenge" contextid="0" timestamp="2019-07-02T20:08:57.534" intervalms="0.686" />
  <attribute name="GC Util" value="42" />
  <attribute name="CPU Util" value="25123931290659" />
  <attribute name="Time Running"value="510"/>
  <attribute name="Number of cores"value="4"/>
<gc-start id="437" type="scavenge" contextid="436" timestamp="2019-07-02T20:08:57.534">
  <mem-info id="438" free="4707744" total="8388608" percent="56">
    <mem type="nursery" free="0" total="2097152" percent="0">
      <mem type="allocate" free="0" total="1835008" percent="0" />
      <mem type="survivor" free="0" total="262144" percent="0" />
    </mem>
    <mem type="tenure" free="4707744" total="6291456" percent="74">
      <mem type="soa" free="4393376" total="5977088" percent="73" />
      <mem type="loa" free="314368" total="314368" percent="100" />
    </mem>
    <remembered-set count="56" />
  </mem-info>
</gc-start>
<allocation-stats totalBytes="1626432" >
  <allocated-bytes non-tlh="662112" tlh="964320" />
  <largest-consumer threadName="main" threadId="00000000021DA700" bytes="1626432" />
</allocation-stats>
<gc-op id="439" type="scavenge" timems="0.129" contextid="436" timestamp="2019-07-02T20:08:57.534">
  <scavenger-info tenureage="14" tenuremask="4000" tiltratio="87" />
  <memory-copied type="nursery" objects="2" bytes="35272" bytesdiscarded="3896" />
</gc-op>
<gc-end id="440" type="scavenge" contextid="436" durationms="0.256" usertimems="0.000" systemtimems="0.000" timestamp="2019-07-02T20:08:57.534" activeThreads="4">
  <mem-info id="441" free="6503584" total="8388608" percent="77">
    <mem type="nursery" free="1795840" total="2097152" percent="85">
      <mem type="allocate" free="1795840" total="1835008" percent="97" />
      <mem type="survivor" free="0" total="262144" percent="0" />
    </mem>
    <mem type="tenure" free="4707744" total="6291456" percent="74">
      <mem type="soa" free="4393376" total="5977088" percent="73" />
      <mem type="loa" free="314368" total="314368" percent="100" />
    </mem>
    <remembered-set count="56" />
  </mem-info>
</gc-end>
<cycle-end id="442" type="scavenge" contextid="436" timestamp="2019-07-02T20:08:57.535">
  <attribute name="GC Util" value="44" />
  <attribute name="CPU Util" value="26879326326732" />
  <attribute name="Time Running"value="511"/>
  <attribute name="Number of cores"value="4"/>
</cycle-end>
<allocation-satisfied id="443" threadId="00000000021DA700" bytesRequested="70496" />
<af-end id="444" timestamp="2019-07-02T20:08:57.535" threadId="00000000021DB088" success="true" from="nursery"/>
<exclusive-end id="445" timestamp="2019-07-02T20:08:57.535" durationms="0.543" />

<exclusive-start id="446" timestamp="2019-07-02T20:08:57.535" intervalms="0.688">
  <response-info timems="0.018" idlems="0.018" threads="0" lastid="00000000021DA700" lastname="main" />
</exclusive-start>
<af-start id="447" threadId="00000000021DB088" totalBytesRequested="71952" timestamp="2019-07-02T20:08:57.535" intervalms="0.688" type="nursery" />
<cycle-start id="448" type="scavenge" contextid="0" timestamp="2019-07-02T20:08:57.535" intervalms="0.687" />
  <attribute name="GC Util" value="44" />
  <attribute name="CPU Util" value="26879326326732" />
  <attribute name="Time Running"value="511"/>
  <attribute name="Number of cores"value="4"/>
<gc-start id="449" type="scavenge" contextid="448" timestamp="2019-07-02T20:08:57.535">
  <mem-info id="450" free="4707744" total="8388608" percent="56">
    <mem type="nursery" free="0" total="2097152" percent="0">
      <mem type="allocate" free="0" total="1835008" percent="0" />
      <mem type="survivor" free="0" total="262144" percent="0" />
    </mem>
    <mem type="tenure" free="4707744" total="6291456" percent="74">
      <mem type="soa" free="4393376" total="5977088" percent="73" />
      <mem type="loa" free="314368" total="314368" percent="100" />
    </mem>
    <remembered-set count="56" />
  </mem-info>
</gc-start>
<allocation-stats totalBytes="1588616" >
  <allocated-bytes non-tlh="603440" tlh="985176" />
  <largest-consumer threadName="main" threadId="00000000021DA700" bytes="1588616" />
</allocation-stats>
<gc-op id="451" type="scavenge" timems="0.129" contextid="448" timestamp="2019-07-02T20:08:57.535">
  <scavenger-info tenureage="14" tenuremask="4000" tiltratio="87" />
  <memory-copied type="nursery" objects="2" bytes="36000" bytesdiscarded="3168" />
</gc-op>
<gc-end id="452" type="scavenge" contextid="448" durationms="0.257" usertimems="4.000" systemtimems="0.000" timestamp="2019-07-02T20:08:57.535" activeThreads="4">
  <mem-info id="453" free="6503584" total="8388608" percent="77">
    <mem type="nursery" free="1795840" total="2097152" percent="85">
      <mem type="allocate" free="1795840" total="1835008" percent="97" />
      <mem type="survivor" free="0" total="262144" percent="0" />
    </mem>
    <mem type="tenure" free="4707744" total="6291456" percent="74">
      <mem type="soa" free="4393376" total="5977088" percent="73" />
      <mem type="loa" free="314368" total="314368" percent="100" />
    </mem>
    <remembered-set count="56" />
  </mem-info>
</gc-end>
<cycle-end id="454" type="scavenge" contextid="448" timestamp="2019-07-02T20:08:57.535">
  <attribute name="GC Util" value="44" />
  <attribute name="CPU Util" value="26866290139394" />
  <attribute name="Time Running"value="511"/>
  <attribute name="Number of cores"value="4"/>
</cycle-end>
<allocation-satisfied id="455" threadId="00000000021DA700" bytesRequested="71952" />
<af-end id="456" timestamp="2019-07-02T20:08:57.535" threadId="00000000021DB088" success="true" from="nursery"/>
<exclusive-end id="457" timestamp="2019-07-02T20:08:57.535" durationms="0.542" />

<exclusive-start id="458" timestamp="2019-07-02T20:08:57.535" intervalms="0.690">
  <response-info timems="0.020" idlems="0.020" threads="0" lastid="00000000021DA700" lastname="main" />
</exclusive-start>
<af-start id="459" threadId="00000000021DB088" totalBytesRequested="73152" timestamp="2019-07-02T20:08:57.536" intervalms="0.690" type="nursery" />
<cycle-start id="460" type="scavenge" contextid="0" timestamp="2019-07-02T20:08:57.536" intervalms="0.691" />
  <attribute name="GC Util" value="44" />
  <attribute name="CPU Util" value="26866290139394" />
  <attribute name="Time Running"value="511"/>
  <attribute name="Number of cores"value="4"/>
<gc-start id="461" type="scavenge" contextid="460" timestamp="2019-07-02T20:08:57.536">
  <mem-info id="462" free="4707744" total="8388608" percent="56">
    <mem type="nursery" free="0" total="2097152" percent="0">
      <mem type="allocate" free="0" total="1835008" percent="0" />
      <mem type="survivor" free="0" total="262144" percent="0" />
    </mem>
    <mem type="tenure" free="4707744" total="6291456" percent="74">
      <mem type="soa" free="4393376" total="5977088" percent="73" />
      <mem type="loa" free="314368" total="314368" percent="100" />
    </mem>
    <remembered-set count="56" />
  </mem-info>
</gc-start>
<allocation-stats totalBytes="1624024" >
  <allocated-bytes non-tlh="687872" tlh="936152" />
  <largest-consumer threadName="main" threadId="00000000021DA700" bytes="1624024" />
</allocation-stats>
<gc-op id="463" type="scavenge" timems="0.129" contextid="460" timestamp="2019-07-02T20:08:57.536">
  <scavenger-info tenureage="14" tenuremask="4000" tiltratio="87" />
  <memory-copied type="nursery" objects="2" bytes="36608" bytesdiscarded="2560" />
</gc-op>
<gc-end id="464" type="scavenge" contextid="460" durationms="0.257" usertimems="0.000" systemtimems="0.000" timestamp="2019-07-02T20:08:57.536" activeThreads="4">
  <mem-info id="465" free="6503584" total="8388608" percent="77">
    <mem type="nursery" free="1795840" total="2097152" percent="85">
      <mem type="allocate" free="1795840" total="1835008" percent="97" />
      <mem type="survivor" free="0" total="262144" percent="0" />
    </mem>
    <mem type="tenure" free="4707744" total="6291456" percent="74">
      <mem type="soa" free="4393376" total="5977088" percent="73" />
      <mem type="loa" free="314368" total="314368" percent="100" />
    </mem>
    <remembered-set count="56" />
  </mem-info>
</gc-end>
<cycle-end id="466" type="scavenge" contextid="460" timestamp="2019-07-02T20:08:57.536">
  <attribute name="GC Util" value="44" />
  <attribute name="CPU Util" value="26709676214997" />
  <attribute name="Time Running"value="512"/>
  <attribute name="Number of cores"value="4"/>
</cycle-end>
<allocation-satisfied id="467" threadId="00000000021DA700" bytesRequested="73152" />
<af-end id="468" timestamp="2019-07-02T20:08:57.536" threadId="00000000021DB088" success="true" from="nursery"/>
<exclusive-end id="469" timestamp="2019-07-02T20:08:57.536" durationms="0.545" />

<exclusive-start id="470" timestamp="2019-07-02T20:08:57.536" intervalms="0.691">
  <response-info timems="0.018" idlems="0.018" threads="0" lastid="00000000021DA700" lastname="main" />
</exclusive-start>
<af-start id="471" threadId="00000000021DB088" totalBytesRequested="37280" timestamp="2019-07-02T20:08:57.536" intervalms="0.692" type="nursery" />
<cycle-start id="472" type="scavenge" contextid="0" timestamp="2019-07-02T20:08:57.536" intervalms="0.692" />
  <attribute name="GC Util" value="44" />
  <attribute name="CPU Util" value="26709676214997" />
  <attribute name="Time Running"value="512"/>
  <attribute name="Number of cores"value="4"/>
<gc-start id="473" type="scavenge" contextid="472" timestamp="2019-07-02T20:08:57.536">
  <mem-info id="474" free="4707744" total="8388608" percent="56">
    <mem type="nursery" free="0" total="2097152" percent="0">
      <mem type="allocate" free="0" total="1835008" percent="0" />
      <mem type="survivor" free="0" total="262144" percent="0" />
    </mem>
    <mem type="tenure" free="4707744" total="6291456" percent="74">
      <mem type="soa" free="4393376" total="5977088" percent="73" />
      <mem type="loa" free="314368" total="314368" percent="100" />
    </mem>
    <remembered-set count="56" />
  </mem-info>
</gc-start>
<allocation-stats totalBytes="1587296" >
  <allocated-bytes non-tlh="810960" tlh="776336" />
  <largest-consumer threadName="main" threadId="00000000021DA700" bytes="1587296" />
</allocation-stats>
<gc-op id="475" type="scavenge" timems="0.108" contextid="472" timestamp="2019-07-02T20:08:57.536">
  <scavenger-info tenureage="14" tenuremask="4000" tiltratio="87" />
  <memory-copied type="nursery" objects="4" bytes="37360" bytesdiscarded="1808" />
</gc-op>
<gc-end id="476" type="scavenge" contextid="472" durationms="0.235" usertimems="0.000" systemtimems="0.000" timestamp="2019-07-02T20:08:57.537" activeThreads="4">
  <mem-info id="477" free="6503584" total="8388608" percent="77">
    <mem type="nursery" free="1795840" total="2097152" percent="85">
      <mem type="allocate" free="1795840" total="1835008" percent="97" />
      <mem type="survivor" free="0" total="262144" percent="0" />
    </mem>
    <mem type="tenure" free="4707744" total="6291456" percent="74">
      <mem type="soa" free="4393376" total="5977088" percent="73" />
      <mem type="loa" free="314368" total="314368" percent="100" />
    </mem>
    <remembered-set count="56" />
  </mem-info>
</gc-end>
<cycle-end id="478" type="scavenge" contextid="472" timestamp="2019-07-02T20:08:57.537">
  <attribute name="GC Util" value="43" />
  <attribute name="CPU Util" value="26652445770281" />
  <attribute name="Time Running"value="513"/>
  <attribute name="Number of cores"value="4"/>
</cycle-end>
<allocation-satisfied id="479" threadId="00000000021DA700" bytesRequested="37280" />
<af-end id="480" timestamp="2019-07-02T20:08:57.537" threadId="00000000021DB088" success="true" from="nursery"/>
<exclusive-end id="481" timestamp="2019-07-02T20:08:57.537" durationms="0.517" />

<exclusive-start id="482" timestamp="2019-07-02T20:08:57.537" intervalms="0.659">
  <response-info timems="0.018" idlems="0.018" threads="0" lastid="00000000021DA700" lastname="main" />
</exclusive-start>
<af-start id="483" threadId="00000000021DB088" totalBytesRequested="75872" timestamp="2019-07-02T20:08:57.537" intervalms="0.658" type="nursery" />
<cycle-start id="484" type="scavenge" contextid="0" timestamp="2019-07-02T20:08:57.537" intervalms="0.658" />
  <attribute name="GC Util" value="43" />
  <attribute name="CPU Util" value="26652445770281" />
  <attribute name="Time Running"value="513"/>
  <attribute name="Number of cores"value="4"/>
<gc-start id="485" type="scavenge" contextid="484" timestamp="2019-07-02T20:08:57.537">
  <mem-info id="486" free="4751928" total="8388608" percent="56">
    <mem type="nursery" free="44184" total="2097152" percent="2">
      <mem type="allocate" free="44184" total="1835008" percent="2" />
      <mem type="survivor" free="0" total="262144" percent="0" />
    </mem>
    <mem type="tenure" free="4707744" total="6291456" percent="74">
      <mem type="soa" free="4393376" total="5977088" percent="73" />
      <mem type="loa" free="314368" total="314368" percent="100" />
    </mem>
    <remembered-set count="56" />
  </mem-info>
</gc-start>
<allocation-stats totalBytes="1596224" >
  <allocated-bytes non-tlh="674408" tlh="921816" />
  <largest-consumer threadName="main" threadId="00000000021DA700" bytes="1596224" />
</allocation-stats>
<gc-op id="487" type="scavenge" timems="0.109" contextid="484" timestamp="2019-07-02T20:08:57.537">
  <scavenger-info tenureage="14" tenuremask="4000" tiltratio="87" />
  <memory-copied type="nursery" objects="2" bytes="37968" bytesdiscarded="1200" />
</gc-op>
<gc-end id="488" type="scavenge" contextid="484" durationms="0.256" usertimems="0.000" systemtimems="0.000" timestamp="2019-07-02T20:08:57.537" activeThreads="4">
  <mem-info id="489" free="6503584" total="8388608" percent="77">
    <mem type="nursery" free="1795840" total="2097152" percent="85">
      <mem type="allocate" free="1795840" total="1835008" percent="97" />
      <mem type="survivor" free="0" total="262144" percent="0" />
    </mem>
    <mem type="tenure" free="4707744" total="6291456" percent="74">
      <mem type="soa" free="4393376" total="5977088" percent="73" />
      <mem type="loa" free="314368" total="314368" percent="100" />
    </mem>
    <remembered-set count="56" />
  </mem-info>
</gc-end>
<cycle-end id="490" type="scavenge" contextid="484" timestamp="2019-07-02T20:08:57.537">
  <attribute name="GC Util" value="44" />
  <attribute name="CPU Util" value="27397795716558" />
  <attribute name="Time Running"value="513"/>
  <attribute name="Number of cores"value="4"/>
</cycle-end>
<allocation-satisfied id="491" threadId="00000000021DA700" bytesRequested="75872" />
<af-end id="492" timestamp="2019-07-02T20:08:57.537" threadId="00000000021DB088" success="true" from="nursery"/>
<exclusive-end id="493" timestamp="2019-07-02T20:08:57.537" durationms="0.543" />

<exclusive-start id="494" timestamp="2019-07-02T20:08:57.538" intervalms="0.693">
  <response-info timems="0.023" idlems="0.023" threads="0" lastid="00000000021DA700" lastname="main" />
</exclusive-start>
<af-start id="495" threadId="00000000021DB088" totalBytesRequested="38576" timestamp="2019-07-02T20:08:57.538" intervalms="0.693" type="nursery" />
<cycle-start id="496" type="scavenge" contextid="0" timestamp="2019-07-02T20:08:57.538" intervalms="0.694" />
  <attribute name="GC Util" value="44" />
  <attribute name="CPU Util" value="27397795716558" />
  <attribute name="Time Running"value="513"/>
  <attribute name="Number of cores"value="4"/>
<gc-start id="497" type="scavenge" contextid="496" timestamp="2019-07-02T20:08:57.538">
  <mem-info id="498" free="4707744" total="8388608" percent="56">
    <mem type="nursery" free="0" total="2097152" percent="0">
      <mem type="allocate" free="0" total="1835008" percent="0" />
      <mem type="survivor" free="0" total="262144" percent="0" />
    </mem>
    <mem type="tenure" free="4707744" total="6291456" percent="74">
      <mem type="soa" free="4393376" total="5977088" percent="73" />
      <mem type="loa" free="314368" total="314368" percent="100" />
    </mem>
    <remembered-set count="56" />
  </mem-info>
</gc-start>
<allocation-stats totalBytes="1607248" >
  <allocated-bytes non-tlh="840728" tlh="766520" />
  <largest-consumer threadName="main" threadId="00000000021DA700" bytes="1607248" />
</allocation-stats>
<gc-op id="499" type="scavenge" timems="0.110" contextid="496" timestamp="2019-07-02T20:08:57.538">
  <scavenger-info tenureage="14" tenuremask="4000" tiltratio="87" />
  <memory-copied type="nursery" objects="2" bytes="77168" bytesdiscarded="39144" />
</gc-op>
<gc-end id="500" type="scavenge" contextid="496" durationms="0.235" usertimems="0.000" systemtimems="0.000" timestamp="2019-07-02T20:08:57.538" activeThreads="4">
  <mem-info id="501" free="6426440" total="8388608" percent="76">
    <mem type="nursery" free="1718696" total="2097152" percent="81">
      <mem type="allocate" free="1718696" total="1835008" percent="93" />
      <mem type="survivor" free="0" total="262144" percent="0" />
    </mem>
    <mem type="tenure" free="4707744" total="6291456" percent="74">
      <mem type="soa" free="4393376" total="5977088" percent="73" />
      <mem type="loa" free="314368" total="314368" percent="100" />
    </mem>
    <remembered-set count="56" />
  </mem-info>
</gc-end>
<cycle-end id="502" type="scavenge" contextid="496" timestamp="2019-07-02T20:08:57.538">
  <attribute name="GC Util" value="45" />
  <attribute name="CPU Util" value="27195393321222" />
  <attribute name="Time Running"value="514"/>
  <attribute name="Number of cores"value="4"/>
</cycle-end>
<allocation-satisfied id="503" threadId="00000000021DA700" bytesRequested="38576" />
<af-end id="504" timestamp="2019-07-02T20:08:57.538" threadId="00000000021DB088" success="true" from="nursery"/>
<exclusive-end id="505" timestamp="2019-07-02T20:08:57.538" durationms="0.516" />

<exclusive-start id="506" timestamp="2019-07-02T20:08:57.538" intervalms="0.659">
  <response-info timems="0.022" idlems="0.022" threads="0" lastid="00000000021DA700" lastname="main" />
</exclusive-start>
<af-start id="507" threadId="00000000021DB088" totalBytesRequested="78360" timestamp="2019-07-02T20:08:57.538" intervalms="0.660" type="nursery" />
<cycle-start id="508" type="scavenge" contextid="0" timestamp="2019-07-02T20:08:57.538" intervalms="0.659" />
  <attribute name="GC Util" value="45" />
  <attribute name="CPU Util" value="27195393321222" />
  <attribute name="Time Running"value="514"/>
  <attribute name="Number of cores"value="4"/>
<gc-start id="509" type="scavenge" contextid="508" timestamp="2019-07-02T20:08:57.538">
  <mem-info id="510" free="4765752" total="8388608" percent="56">
    <mem type="nursery" free="58008" total="2097152" percent="2">
      <mem type="allocate" free="58008" total="1835008" percent="3" />
      <mem type="survivor" free="0" total="262144" percent="0" />
    </mem>
    <mem type="tenure" free="4707744" total="6291456" percent="74">
      <mem type="soa" free="4393376" total="5977088" percent="73" />
      <mem type="loa" free="314368" total="314368" percent="100" />
    </mem>
    <remembered-set count="56" />
  </mem-info>
</gc-start>
<allocation-stats totalBytes="1529920" >
  <allocated-bytes non-tlh="620304" tlh="909616" />
  <largest-consumer threadName="main" threadId="00000000021DA700" bytes="1529920" />
</allocation-stats>
<gc-op id="511" type="scavenge" timems="0.107" contextid="508" timestamp="2019-07-02T20:08:57.538">
  <scavenger-info tenureage="14" tenuremask="4000" tiltratio="87" />
  <memory-copied type="nursery" objects="2" bytes="39208" bytesdiscarded="39144" />
</gc-op>
<gc-end id="512" type="scavenge" contextid="508" durationms="0.235" usertimems="0.000" systemtimems="0.000" timestamp="2019-07-02T20:08:57.539" activeThreads="4">
  <mem-info id="513" free="6464400" total="8388608" percent="77">
    <mem type="nursery" free="1756656" total="2097152" percent="83">
      <mem type="allocate" free="1756656" total="1835008" percent="95" />
      <mem type="survivor" free="0" total="262144" percent="0" />
    </mem>
    <mem type="tenure" free="4707744" total="6291456" percent="74">
      <mem type="soa" free="4393376" total="5977088" percent="73" />
      <mem type="loa" free="314368" total="314368" percent="100" />
    </mem>
    <remembered-set count="56" />
  </mem-info>
</gc-end>
<cycle-end id="514" type="scavenge" contextid="508" timestamp="2019-07-02T20:08:57.539">
  <attribute name="GC Util" value="44" />
  <attribute name="CPU Util" value="27943388474580" />
  <attribute name="Time Running"value="515"/>
  <attribute name="Number of cores"value="4"/>
</cycle-end>
<allocation-satisfied id="515" threadId="00000000021DA700" bytesRequested="78360" />
<af-end id="516" timestamp="2019-07-02T20:08:57.539" threadId="00000000021DB088" success="true" from="nursery"/>
<exclusive-end id="517" timestamp="2019-07-02T20:08:57.539" durationms="0.520" />

<exclusive-start id="518" timestamp="2019-07-02T20:08:57.539" intervalms="0.664">
  <response-info timems="0.019" idlems="0.019" threads="0" lastid="00000000021DA700" lastname="main" />
</exclusive-start>
<af-start id="519" threadId="00000000021DB088" totalBytesRequested="79656" timestamp="2019-07-02T20:08:57.539" intervalms="0.664" type="nursery" />
<cycle-start id="520" type="scavenge" contextid="0" timestamp="2019-07-02T20:08:57.539" intervalms="0.665" />
  <attribute name="GC Util" value="44" />
  <attribute name="CPU Util" value="27943388474580" />
  <attribute name="Time Running"value="515"/>
  <attribute name="Number of cores"value="4"/>
<gc-start id="521" type="scavenge" contextid="520" timestamp="2019-07-02T20:08:57.539">
  <mem-info id="522" free="4707744" total="8388608" percent="56">
    <mem type="nursery" free="0" total="2097152" percent="0">
      <mem type="allocate" free="0" total="1835008" percent="0" />
      <mem type="survivor" free="0" total="262144" percent="0" />
    </mem>
    <mem type="tenure" free="4707744" total="6291456" percent="74">
      <mem type="soa" free="4393376" total="5977088" percent="73" />
      <mem type="loa" free="314368" total="314368" percent="100" />
    </mem>
    <remembered-set count="56" />
  </mem-info>
</gc-start>
<allocation-stats totalBytes="1604344" >
  <allocated-bytes non-tlh="788096" tlh="816248" />
  <largest-consumer threadName="main" threadId="00000000021DA700" bytes="1604344" />
</allocation-stats>
<gc-op id="523" type="scavenge" timems="0.123" contextid="520" timestamp="2019-07-02T20:08:57.539">
  <scavenger-info tenureage="14" tenuremask="4000" tiltratio="87" />
  <memory-copied type="nursery" objects="2" bytes="39856" bytesdiscarded="39144" />
</gc-op>
<gc-end id="524" type="scavenge" contextid="520" durationms="0.251" usertimems="4.000" systemtimems="0.000" timestamp="2019-07-02T20:08:57.539" activeThreads="4">
  <mem-info id="525" free="6463752" total="8388608" percent="77">
    <mem type="nursery" free="1756008" total="2097152" percent="83">
      <mem type="allocate" free="1756008" total="1835008" percent="95" />
      <mem type="survivor" free="0" total="262144" percent="0" />
    </mem>
    <mem type="tenure" free="4707744" total="6291456" percent="74">
      <mem type="soa" free="4393376" total="5977088" percent="73" />
      <mem type="loa" free="314368" total="314368" percent="100" />
    </mem>
    <remembered-set count="56" />
  </mem-info>
</gc-end>
<cycle-end id="526" type="scavenge" contextid="520" timestamp="2019-07-02T20:08:57.539">
  <attribute name="GC Util" value="44" />
  <attribute name="CPU Util" value="27771495952924" />
  <attribute name="Time Running"value="515"/>
  <attribute name="Number of cores"value="4"/>
</cycle-end>
<allocation-satisfied id="527" threadId="00000000021DA700" bytesRequested="79656" />
<af-end id="528" timestamp="2019-07-02T20:08:57.539" threadId="00000000021DB088" success="true" from="nursery"/>
<exclusive-end id="529" timestamp="2019-07-02T20:08:57.539" durationms="0.540" />

<exclusive-start id="530" timestamp="2019-07-02T20:08:57.540" intervalms="0.712">
  <response-info timems="0.018" idlems="0.018" threads="0" lastid="00000000021DA700" lastname="main" />
</exclusive-start>
<af-start id="531" threadId="00000000021DB088" totalBytesRequested="80912" timestamp="2019-07-02T20:08:57.540" intervalms="0.713" type="nursery" />
<cycle-start id="532" type="scavenge" contextid="0" timestamp="2019-07-02T20:08:57.540" intervalms="0.712" />
  <attribute name="GC Util" value="44" />
  <attribute name="CPU Util" value="27771495952924" />
  <attribute name="Time Running"value="515"/>
  <attribute name="Number of cores"value="4"/>
<gc-start id="533" type="scavenge" contextid="532" timestamp="2019-07-02T20:08:57.540">
  <mem-info id="534" free="4707744" total="8388608" percent="56">
    <mem type="nursery" free="0" total="2097152" percent="0">
      <mem type="allocate" free="0" total="1835008" percent="0" />
      <mem type="survivor" free="0" total="262144" percent="0" />
    </mem>
    <mem type="tenure" free="4707744" total="6291456" percent="74">
      <mem type="soa" free="4393376" total="5977088" percent="73" />
      <mem type="loa" free="314368" total="314368" percent="100" />
    </mem>
    <remembered-set count="56" />
  </mem-info>
</gc-start>
<allocation-stats totalBytes="1618008" >
  <allocated-bytes non-tlh="720344" tlh="897664" />
  <largest-consumer threadName="main" threadId="00000000021DA700" bytes="1618008" />
</allocation-stats>
<gc-op id="535" type="scavenge" timems="0.106" contextid="532" timestamp="2019-07-02T20:08:57.540">
  <scavenger-info tenureage="14" tenuremask="4000" tiltratio="87" />
  <memory-copied type="nursery" objects="2" bytes="40480" bytesdiscarded="39144" />
</gc-op>
<gc-end id="536" type="scavenge" contextid="532" durationms="0.235" usertimems="0.000" systemtimems="0.000" timestamp="2019-07-02T20:08:57.540" activeThreads="4">
  <mem-info id="537" free="6463128" total="8388608" percent="77">
    <mem type="nursery" free="1755384" total="2097152" percent="83">
      <mem type="allocate" free="1755384" total="1835008" percent="95" />
      <mem type="survivor" free="0" total="262144" percent="0" />
    </mem>
    <mem type="tenure" free="4707744" total="6291456" percent="74">
      <mem type="soa" free="4393376" total="5977088" percent="73" />
      <mem type="loa" free="314368" total="314368" percent="100" />
    </mem>
    <remembered-set count="56" />
  </mem-info>
</gc-end>
<cycle-end id="538" type="scavenge" contextid="532" timestamp="2019-07-02T20:08:57.540">
  <attribute name="GC Util" value="42" />
  <attribute name="CPU Util" value="25898490983444" />
  <attribute name="Time Running"value="516"/>
  <attribute name="Number of cores"value="4"/>
</cycle-end>
<allocation-satisfied id="539" threadId="00000000021DA700" bytesRequested="80912" />
<af-end id="540" timestamp="2019-07-02T20:08:57.540" threadId="00000000021DB088" success="true" from="nursery"/>
<exclusive-end id="541" timestamp="2019-07-02T20:08:57.540" durationms="0.523" />

<exclusive-start id="542" timestamp="2019-07-02T20:08:57.540" intervalms="0.669">
  <response-info timems="0.021" idlems="0.021" threads="0" lastid="00000000021DA700" lastname="main" />
</exclusive-start>
<af-start id="543" threadId="00000000021DB088" totalBytesRequested="40976" timestamp="2019-07-02T20:08:57.540" intervalms="0.667" type="nursery" />
<cycle-start id="544" type="scavenge" contextid="0" timestamp="2019-07-02T20:08:57.540" intervalms="0.667" />
  <attribute name="GC Util" value="42" />
  <attribute name="CPU Util" value="25898490983444" />
  <attribute name="Time Running"value="516"/>
  <attribute name="Number of cores"value="4"/>
<gc-start id="545" type="scavenge" contextid="544" timestamp="2019-07-02T20:08:57.540">
  <mem-info id="546" free="4707744" total="8388608" percent="56">
    <mem type="nursery" free="0" total="2097152" percent="0">
      <mem type="allocate" free="0" total="1835008" percent="0" />
      <mem type="survivor" free="0" total="262144" percent="0" />
    </mem>
    <mem type="tenure" free="4707744" total="6291456" percent="74">
      <mem type="soa" free="4393376" total="5977088" percent="73" />
      <mem type="loa" free="314368" total="314368" percent="100" />
    </mem>
    <remembered-set count="56" />
  </mem-info>
</gc-start>
<allocation-stats totalBytes="1587920" >
  <allocated-bytes non-tlh="853848" tlh="734072" />
  <largest-consumer threadName="main" threadId="00000000021DA700" bytes="1587920" />
</allocation-stats>
<gc-op id="547" type="scavenge" timems="0.107" contextid="544" timestamp="2019-07-02T20:08:57.541">
  <scavenger-info tenureage="14" tenuremask="4000" tiltratio="87" />
  <memory-copied type="nursery" objects="4" bytes="41056" bytesdiscarded="39088" />
</gc-op>
<gc-end id="548" type="scavenge" contextid="544" durationms="0.234" usertimems="0.000" systemtimems="0.000" timestamp="2019-07-02T20:08:57.541" activeThreads="4">
  <mem-info id="549" free="6462608" total="8388608" percent="77">
    <mem type="nursery" free="1754864" total="2097152" percent="83">
      <mem type="allocate" free="1754864" total="1835008" percent="95" />
      <mem type="survivor" free="0" total="262144" percent="0" />
    </mem>
    <mem type="tenure" free="4707744" total="6291456" percent="74">
      <mem type="soa" free="4393376" total="5977088" percent="73" />
      <mem type="loa" free="314368" total="314368" percent="100" />
    </mem>
    <remembered-set count="56" />
  </mem-info>
</gc-end>
<cycle-end id="550" type="scavenge" contextid="544" timestamp="2019-07-02T20:08:57.541">
  <attribute name="GC Util" value="44" />
  <attribute name="CPU Util" value="27639463941347" />
  <attribute name="Time Running"value="517"/>
  <attribute name="Number of cores"value="4"/>
</cycle-end>
<allocation-satisfied id="551" threadId="00000000021DA700" bytesRequested="40976" />
<af-end id="552" timestamp="2019-07-02T20:08:57.541" threadId="00000000021DB088" success="true" from="nursery"/>
<exclusive-end id="553" timestamp="2019-07-02T20:08:57.541" durationms="0.519" />

<exclusive-start id="554" timestamp="2019-07-02T20:08:57.541" intervalms="0.668">
  <response-info timems="0.023" idlems="0.023" threads="0" lastid="00000000021DA700" lastname="main" />
</exclusive-start>
<af-start id="555" threadId="00000000021DB088" totalBytesRequested="41576" timestamp="2019-07-02T20:08:57.541" intervalms="0.669" type="nursery" />
<cycle-start id="556" type="scavenge" contextid="0" timestamp="2019-07-02T20:08:57.541" intervalms="0.668" />
  <attribute name="GC Util" value="44" />
  <attribute name="CPU Util" value="27639463941347" />
  <attribute name="Time Running"value="517"/>
  <attribute name="Number of cores"value="4"/>
<gc-start id="557" type="scavenge" contextid="556" timestamp="2019-07-02T20:08:57.541">
  <mem-info id="558" free="4707744" total="8388608" percent="56">
    <mem type="nursery" free="0" total="2097152" percent="0">
      <mem type="allocate" free="0" total="1835008" percent="0" />
      <mem type="survivor" free="0" total="262144" percent="0" />
    </mem>
    <mem type="tenure" free="4707744" total="6291456" percent="74">
      <mem type="soa" free="4393376" total="5977088" percent="73" />
      <mem type="loa" free="314368" total="314368" percent="100" />
    </mem>
    <remembered-set count="56" />
  </mem-info>
</gc-start>
<allocation-stats totalBytes="1607552" >
  <allocated-bytes non-tlh="781432" tlh="826120" />
  <largest-consumer threadName="main" threadId="00000000021DA700" bytes="1607552" />
</allocation-stats>
<gc-op id="559" type="scavenge" timems="0.116" contextid="556" timestamp="2019-07-02T20:08:57.541">
  <scavenger-info tenureage="14" tenuremask="4000" tiltratio="87" />
  <memory-copied type="nursery" objects="2" bytes="82904" bytesdiscarded="39144" />
</gc-op>
<gc-end id="560" type="scavenge" contextid="556" durationms="0.260" usertimems="0.000" systemtimems="0.000" timestamp="2019-07-02T20:08:57.541" activeThreads="4">
  <mem-info id="561" free="6420704" total="8388608" percent="76">
    <mem type="nursery" free="1712960" total="2097152" percent="81">
      <mem type="allocate" free="1712960" total="1835008" percent="93" />
      <mem type="survivor" free="0" total="262144" percent="0" />
    </mem>
    <mem type="tenure" free="4707744" total="6291456" percent="74">
      <mem type="soa" free="4393376" total="5977088" percent="73" />
      <mem type="loa" free="314368" total="314368" percent="100" />
    </mem>
    <remembered-set count="56" />
  </mem-info>
</gc-end>
<cycle-end id="562" type="scavenge" contextid="556" timestamp="2019-07-02T20:08:57.541">
  <attribute name="GC Util" value="43" />
  <attribute name="CPU Util" value="26914308495639" />
  <attribute name="Time Running"value="518"/>
  <attribute name="Number of cores"value="4"/>
</cycle-end>
<allocation-satisfied id="563" threadId="00000000021DA700" bytesRequested="41576" />
<af-end id="564" timestamp="2019-07-02T20:08:57.541" threadId="00000000021DB088" success="true" from="nursery"/>
<exclusive-end id="565" timestamp="2019-07-02T20:08:57.541" durationms="0.590" />

<exclusive-start id="566" timestamp="2019-07-02T20:08:57.542" intervalms="0.738">
  <response-info timems="0.022" idlems="0.022" threads="0" lastid="00000000021DA700" lastname="main" />
</exclusive-start>
<af-start id="567" threadId="00000000021DB088" totalBytesRequested="42128" timestamp="2019-07-02T20:08:57.542" intervalms="0.738" type="nursery" />
<cycle-start id="568" type="scavenge" contextid="0" timestamp="2019-07-02T20:08:57.542" intervalms="0.781" />
  <attribute name="GC Util" value="43" />
  <attribute name="CPU Util" value="26914308495639" />
  <attribute name="Time Running"value="518"/>
  <attribute name="Number of cores"value="4"/>
<gc-start id="569" type="scavenge" contextid="568" timestamp="2019-07-02T20:08:57.542">
  <mem-info id="570" free="4707744" total="8388608" percent="56">
    <mem type="nursery" free="0" total="2097152" percent="0">
      <mem type="allocate" free="0" total="1835008" percent="0" />
      <mem type="survivor" free="0" total="262144" percent="0" />
    </mem>
    <mem type="tenure" free="4707744" total="6291456" percent="74">
      <mem type="soa" free="4393376" total="5977088" percent="73" />
      <mem type="loa" free="314368" total="314368" percent="100" />
    </mem>
    <remembered-set count="56" />
  </mem-info>
</gc-start>
<allocation-stats totalBytes="1548296" >
  <allocated-bytes non-tlh="877376" tlh="670920" />
  <largest-consumer threadName="main" threadId="00000000021DA700" bytes="1548296" />
</allocation-stats>
<gc-op id="571" type="scavenge" timems="0.132" contextid="568" timestamp="2019-07-02T20:08:57.542">
  <scavenger-info tenureage="14" tenuremask="4000" tiltratio="87" />
  <memory-copied type="nursery" objects="4" bytes="42208" bytesdiscarded="39088" />
</gc-op>
<gc-end id="572" type="scavenge" contextid="568" durationms="0.262" usertimems="0.000" systemtimems="0.000" timestamp="2019-07-02T20:08:57.542" activeThreads="4">
  <mem-info id="573" free="6461456" total="8388608" percent="77">
    <mem type="nursery" free="1753712" total="2097152" percent="83">
      <mem type="allocate" free="1753712" total="1835008" percent="95" />
      <mem type="survivor" free="0" total="262144" percent="0" />
    </mem>
    <mem type="tenure" free="4707744" total="6291456" percent="74">
      <mem type="soa" free="4393376" total="5977088" percent="73" />
      <mem type="loa" free="314368" total="314368" percent="100" />
    </mem>
    <remembered-set count="56" />
  </mem-info>
</gc-end>
<cycle-end id="574" type="scavenge" contextid="568" timestamp="2019-07-02T20:08:57.542">
  <attribute name="GC Util" value="40" />
  <attribute name="CPU Util" value="24017134036890" />
  <attribute name="Time Running"value="518"/>
  <attribute name="Number of cores"value="4"/>
</cycle-end>
<allocation-satisfied id="575" threadId="00000000021DA700" bytesRequested="42128" />
<af-end id="576" timestamp="2019-07-02T20:08:57.542" threadId="00000000021DB088" success="true" from="nursery"/>
<exclusive-end id="577" timestamp="2019-07-02T20:08:57.542" durationms="0.594" />

<exclusive-start id="578" timestamp="2019-07-02T20:08:57.542" intervalms="0.737">
  <response-info timems="0.018" idlems="0.018" threads="0" lastid="00000000021DA700" lastname="main" />
</exclusive-start>
<af-start id="579" threadId="00000000021DB088" totalBytesRequested="85800" timestamp="2019-07-02T20:08:57.542" intervalms="0.737" type="nursery" />
<cycle-start id="580" type="scavenge" contextid="0" timestamp="2019-07-02T20:08:57.542" intervalms="0.694" />
  <attribute name="GC Util" value="40" />
  <attribute name="CPU Util" value="24017134036890" />
  <attribute name="Time Running"value="518"/>
  <attribute name="Number of cores"value="4"/>
<gc-start id="581" type="scavenge" contextid="580" timestamp="2019-07-02T20:08:57.543">
  <mem-info id="582" free="4707744" total="8388608" percent="56">
    <mem type="nursery" free="0" total="2097152" percent="0">
      <mem type="allocate" free="0" total="1835008" percent="0" />
      <mem type="survivor" free="0" total="262144" percent="0" />
    </mem>
    <mem type="tenure" free="4707744" total="6291456" percent="74">
      <mem type="soa" free="4393376" total="5977088" percent="73" />
      <mem type="loa" free="314368" total="314368" percent="100" />
    </mem>
    <remembered-set count="56" />
  </mem-info>
</gc-start>
<allocation-stats totalBytes="1591760" >
  <allocated-bytes non-tlh="805656" tlh="786104" />
  <largest-consumer threadName="main" threadId="00000000021DA700" bytes="1591760" />
</allocation-stats>
<gc-op id="583" type="scavenge" timems="0.129" contextid="580" timestamp="2019-07-02T20:08:57.543">
  <scavenger-info tenureage="14" tenuremask="4000" tiltratio="87" />
  <memory-copied type="nursery" objects="2" bytes="42928" bytesdiscarded="39144" />
</gc-op>
<gc-end id="584" type="scavenge" contextid="580" durationms="0.256" usertimems="0.000" systemtimems="0.000" timestamp="2019-07-02T20:08:57.543" activeThreads="4">
  <mem-info id="585" free="6460680" total="8388608" percent="77">
    <mem type="nursery" free="1752936" total="2097152" percent="83">
      <mem type="allocate" free="1752936" total="1835008" percent="95" />
      <mem type="survivor" free="0" total="262144" percent="0" />
    </mem>
    <mem type="tenure" free="4707744" total="6291456" percent="74">
      <mem type="soa" free="4393376" total="5977088" percent="73" />
      <mem type="loa" free="314368" total="314368" percent="100" />
    </mem>
    <remembered-set count="56" />
  </mem-info>
</gc-end>
<cycle-end id="586" type="scavenge" contextid="580" timestamp="2019-07-02T20:08:57.543">
  <attribute name="GC Util" value="44" />
  <attribute name="CPU Util" value="26795147364675" />
  <attribute name="Time Running"value="519"/>
  <attribute name="Number of cores"value="4"/>
</cycle-end>
<allocation-satisfied id="587" threadId="00000000021DA700" bytesRequested="85800" />
<af-end id="588" timestamp="2019-07-02T20:08:57.543" threadId="00000000021DB088" success="true" from="nursery"/>
<exclusive-end id="589" timestamp="2019-07-02T20:08:57.543" durationms="0.544" />

<exclusive-start id="590" timestamp="2019-07-02T20:08:57.543" intervalms="0.687">
  <response-info timems="0.018" idlems="0.018" threads="0" lastid="00000000021DA700" lastname="main" />
</exclusive-start>
<af-start id="591" threadId="00000000021DB088" totalBytesRequested="86976" timestamp="2019-07-02T20:08:57.543" intervalms="0.686" type="nursery" />
<cycle-start id="592" type="scavenge" contextid="0" timestamp="2019-07-02T20:08:57.543" intervalms="0.687" />
  <attribute name="GC Util" value="44" />
  <attribute name="CPU Util" value="26795147364675" />
  <attribute name="Time Running"value="519"/>
  <attribute name="Number of cores"value="4"/>
<gc-start id="593" type="scavenge" contextid="592" timestamp="2019-07-02T20:08:57.543">
  <mem-info id="594" free="4757344" total="8388608" percent="56">
    <mem type="nursery" free="49600" total="2097152" percent="2">
      <mem type="allocate" free="49600" total="1835008" percent="2" />
      <mem type="survivor" free="0" total="262144" percent="0" />
    </mem>
    <mem type="tenure" free="4707744" total="6291456" percent="74">
      <mem type="soa" free="4393376" total="5977088" percent="73" />
      <mem type="loa" free="314368" total="314368" percent="100" />
    </mem>
    <remembered-set count="56" />
  </mem-info>
</gc-start>
<allocation-stats totalBytes="1576552" >
  <allocated-bytes non-tlh="949424" tlh="627128" />
  <largest-consumer threadName="main" threadId="00000000021DA700" bytes="1576552" />
</allocation-stats>
<gc-op id="595" type="scavenge" timems="0.129" contextid="592" timestamp="2019-07-02T20:08:57.543">
  <scavenger-info tenureage="14" tenuremask="4000" tiltratio="87" />
  <memory-copied type="nursery" objects="2" bytes="43520" bytesdiscarded="39144" />
</gc-op>
<gc-end id="596" type="scavenge" contextid="592" durationms="0.257" usertimems="0.000" systemtimems="0.000" timestamp="2019-07-02T20:08:57.543" activeThreads="4">
  <mem-info id="597" free="6460088" total="8388608" percent="77">
    <mem type="nursery" free="1752344" total="2097152" percent="83">
      <mem type="allocate" free="1752344" total="1835008" percent="95" />
      <mem type="survivor" free="0" total="262144" percent="0" />
    </mem>
    <mem type="tenure" free="4707744" total="6291456" percent="74">
      <mem type="soa" free="4393376" total="5977088" percent="73" />
      <mem type="loa" free="314368" total="314368" percent="100" />
    </mem>
    <remembered-set count="56" />
  </mem-info>
</gc-end>
<cycle-end id="598" type="scavenge" contextid="592" timestamp="2019-07-02T20:08:57.544">
  <attribute name="GC Util" value="44" />
  <attribute name="CPU Util" value="26804413949353" />
  <attribute name="Time Running"value="520"/>
  <attribute name="Number of cores"value="4"/>
</cycle-end>
<allocation-satisfied id="599" threadId="00000000021DA700" bytesRequested="86976" />
<af-end id="600" timestamp="2019-07-02T20:08:57.544" threadId="00000000021DB088" success="true" from="nursery"/>
<exclusive-end id="601" timestamp="2019-07-02T20:08:57.544" durationms="0.544" />

<exclusive-start id="602" timestamp="2019-07-02T20:08:57.544" intervalms="0.689">
  <response-info timems="0.022" idlems="0.022" threads="0" lastid="00000000021DA700" lastname="main" />
</exclusive-start>
<af-start id="603" threadId="00000000021DB088" totalBytesRequested="88328" timestamp="2019-07-02T20:08:57.544" intervalms="0.689" type="nursery" />
<cycle-start id="604" type="scavenge" contextid="0" timestamp="2019-07-02T20:08:57.544" intervalms="0.688" />
  <attribute name="GC Util" value="44" />
  <attribute name="CPU Util" value="26804413949353" />
  <attribute name="Time Running"value="520"/>
  <attribute name="Number of cores"value="4"/>
<gc-start id="605" type="scavenge" contextid="604" timestamp="2019-07-02T20:08:57.544">
  <mem-info id="606" free="4707744" total="8388608" percent="56">
    <mem type="nursery" free="0" total="2097152" percent="0">
      <mem type="allocate" free="0" total="1835008" percent="0" />
      <mem type="survivor" free="0" total="262144" percent="0" />
    </mem>
    <mem type="tenure" free="4707744" total="6291456" percent="74">
      <mem type="soa" free="4393376" total="5977088" percent="73" />
      <mem type="loa" free="314368" total="314368" percent="100" />
    </mem>
    <remembered-set count="56" />
  </mem-info>
</gc-start>
<allocation-stats totalBytes="1590352" >
  <allocated-bytes non-tlh="919216" tlh="671136" />
  <largest-consumer threadName="main" threadId="00000000021DA700" bytes="1590352" />
</allocation-stats>
<gc-op id="607" type="scavenge" timems="0.130" contextid="604" timestamp="2019-07-02T20:08:57.544">
  <scavenger-info tenureage="14" tenuremask="4000" tiltratio="87" />
  <memory-copied type="nursery" objects="2" bytes="44192" bytesdiscarded="39144" />
</gc-op>
<gc-end id="608" type="scavenge" contextid="604" durationms="0.257" usertimems="0.000" systemtimems="0.000" timestamp="2019-07-02T20:08:57.544" activeThreads="4">
  <mem-info id="609" free="6459416" total="8388608" percent="77">
    <mem type="nursery" free="1751672" total="2097152" percent="83">
      <mem type="allocate" free="1751672" total="1835008" percent="95" />
      <mem type="survivor" free="0" total="262144" percent="0" />
    </mem>
    <mem type="tenure" free="4707744" total="6291456" percent="74">
      <mem type="soa" free="4393376" total="5977088" percent="73" />
      <mem type="loa" free="314368" total="314368" percent="100" />
    </mem>
    <remembered-set count="56" />
  </mem-info>
</gc-end>
<cycle-end id="610" type="scavenge" contextid="604" timestamp="2019-07-02T20:08:57.544">
  <attribute name="GC Util" value="44" />
  <attribute name="CPU Util" value="26830847206025" />
  <attribute name="Time Running"value="520"/>
  <attribute name="Number of cores"value="4"/>
</cycle-end>
<allocation-satisfied id="611" threadId="00000000021DA700" bytesRequested="88328" />
<af-end id="612" timestamp="2019-07-02T20:08:57.544" threadId="00000000021DB088" success="true" from="nursery"/>
<exclusive-end id="613" timestamp="2019-07-02T20:08:57.544" durationms="0.543" />

<exclusive-start id="614" timestamp="2019-07-02T20:08:57.544" intervalms="0.684">
  <response-info timems="0.018" idlems="0.018" threads="0" lastid="00000000021DA700" lastname="main" />
</exclusive-start>
<af-start id="615" threadId="00000000021DB088" totalBytesRequested="44744" timestamp="2019-07-02T20:08:57.544" intervalms="0.684" type="nursery" />
<cycle-start id="616" type="scavenge" contextid="0" timestamp="2019-07-02T20:08:57.545" intervalms="0.684" />
  <attribute name="GC Util" value="44" />
  <attribute name="CPU Util" value="26830847206025" />
  <attribute name="Time Running"value="520"/>
  <attribute name="Number of cores"value="4"/>
<gc-start id="617" type="scavenge" contextid="616" timestamp="2019-07-02T20:08:57.545">
  <mem-info id="618" free="4707744" total="8388608" percent="56">
    <mem type="nursery" free="0" total="2097152" percent="0">
      <mem type="allocate" free="0" total="1835008" percent="0" />
      <mem type="survivor" free="0" total="262144" percent="0" />
    </mem>
    <mem type="tenure" free="4707744" total="6291456" percent="74">
      <mem type="soa" free="4393376" total="5977088" percent="73" />
      <mem type="loa" free="314368" total="314368" percent="100" />
    </mem>
    <remembered-set count="56" />
  </mem-info>
</gc-start>
<allocation-stats totalBytes="1556408" >
  <allocated-bytes non-tlh="932408" tlh="624000" />
  <largest-consumer threadName="main" threadId="00000000021DA700" bytes="1556408" />
</allocation-stats>
<gc-op id="619" type="scavenge" timems="0.130" contextid="616" timestamp="2019-07-02T20:08:57.545">
  <scavenger-info tenureage="14" tenuremask="4000" tiltratio="87" />
  <memory-copied type="nursery" objects="4" bytes="44824" bytesdiscarded="39088" />
</gc-op>
<gc-end id="620" type="scavenge" contextid="616" durationms="0.257" usertimems="0.000" systemtimems="0.000" timestamp="2019-07-02T20:08:57.545" activeThreads="4">
  <mem-info id="621" free="6458840" total="8388608" percent="76">
    <mem type="nursery" free="1751096" total="2097152" percent="83">
      <mem type="allocate" free="1751096" total="1835008" percent="95" />
      <mem type="survivor" free="0" total="262144" percent="0" />
    </mem>
    <mem type="tenure" free="4707744" total="6291456" percent="74">
      <mem type="soa" free="4393376" total="5977088" percent="73" />
      <mem type="loa" free="314368" total="314368" percent="100" />
    </mem>
    <remembered-set count="56" />
  </mem-info>
</gc-end>
<cycle-end id="622" type="scavenge" contextid="616" timestamp="2019-07-02T20:08:57.545">
  <attribute name="GC Util" value="44" />
  <attribute name="CPU Util" value="26943831652476" />
  <attribute name="Time Running"value="521"/>
  <attribute name="Number of cores"value="4"/>
</cycle-end>
<allocation-satisfied id="623" threadId="00000000021DA700" bytesRequested="44744" />
<af-end id="624" timestamp="2019-07-02T20:08:57.545" threadId="00000000021DB088" success="true" from="nursery"/>
<exclusive-end id="625" timestamp="2019-07-02T20:08:57.545" durationms="0.543" />

<exclusive-start id="626" timestamp="2019-07-02T20:08:57.545" intervalms="0.700">
  <response-info timems="0.019" idlems="0.019" threads="0" lastid="00000000021DA700" lastname="main" />
</exclusive-start>
<af-start id="627" threadId="00000000021DB088" totalBytesRequested="45480" timestamp="2019-07-02T20:08:57.545" intervalms="0.706" type="nursery" />
<cycle-start id="628" type="scavenge" contextid="0" timestamp="2019-07-02T20:08:57.545" intervalms="0.708" />
  <attribute name="GC Util" value="44" />
  <attribute name="CPU Util" value="26943831652476" />
  <attribute name="Time Running"value="521"/>
  <attribute name="Number of cores"value="4"/>
<gc-start id="629" type="scavenge" contextid="628" timestamp="2019-07-02T20:08:57.545">
  <mem-info id="630" free="4707744" total="8388608" percent="56">
    <mem type="nursery" free="0" total="2097152" percent="0">
      <mem type="allocate" free="0" total="1835008" percent="0" />
      <mem type="survivor" free="0" total="262144" percent="0" />
    </mem>
    <mem type="tenure" free="4707744" total="6291456" percent="74">
      <mem type="soa" free="4393376" total="5977088" percent="73" />
      <mem type="loa" free="314368" total="314368" percent="100" />
    </mem>
    <remembered-set count="56" />
  </mem-info>
</gc-start>
<allocation-stats totalBytes="1578160" >
  <allocated-bytes non-tlh="990528" tlh="587632" />
  <largest-consumer threadName="main" threadId="00000000021DA700" bytes="1578160" />
</allocation-stats>
<gc-op id="631" type="scavenge" timems="0.112" contextid="628" timestamp="2019-07-02T20:08:57.546">
  <scavenger-info tenureage="14" tenuremask="4000" tiltratio="87" />
  <memory-copied type="nursery" objects="2" bytes="90664" bytesdiscarded="39144" />
</gc-op>
<gc-end id="632" type="scavenge" contextid="628" durationms="0.239" usertimems="0.000" systemtimems="0.000" timestamp="2019-07-02T20:08:57.546" activeThreads="4">
  <mem-info id="633" free="6412944" total="8388608" percent="76">
    <mem type="nursery" free="1705200" total="2097152" percent="81">
      <mem type="allocate" free="1705200" total="1835008" percent="92" />
      <mem type="survivor" free="0" total="262144" percent="0" />
    </mem>
    <mem type="tenure" free="4707744" total="6291456" percent="74">
      <mem type="soa" free="4393376" total="5977088" percent="73" />
      <mem type="loa" free="314368" total="314368" percent="100" />
    </mem>
    <remembered-set count="56" />
  </mem-info>
</gc-end>
<cycle-end id="634" type="scavenge" contextid="628" timestamp="2019-07-02T20:08:57.546">
  <attribute name="GC Util" value="40" />
  <attribute name="CPU Util" value="24581598088594" />
  <attribute name="Time Running"value="522"/>
  <attribute name="Number of cores"value="4"/>
</cycle-end>
<allocation-satisfied id="635" threadId="00000000021DA700" bytesRequested="45480" />
<af-end id="636" timestamp="2019-07-02T20:08:57.546" threadId="00000000021DB088" success="true" from="nursery"/>
<exclusive-end id="637" timestamp="2019-07-02T20:08:57.546" durationms="0.698" />

<exclusive-start id="638" timestamp="2019-07-02T20:08:57.546" intervalms="0.845">
  <response-info timems="0.023" idlems="0.023" threads="0" lastid="00000000021DA700" lastname="main" />
</exclusive-start>
<af-start id="639" threadId="00000000021DB088" totalBytesRequested="46056" timestamp="2019-07-02T20:08:57.546" intervalms="0.840" type="nursery" />
<cycle-start id="640" type="scavenge" contextid="0" timestamp="2019-07-02T20:08:57.546" intervalms="0.839" />
  <attribute name="GC Util" value="40" />
  <attribute name="CPU Util" value="24581598088594" />
  <attribute name="Time Running"value="522"/>
  <attribute name="Number of cores"value="4"/>
<gc-start id="641" type="scavenge" contextid="640" timestamp="2019-07-02T20:08:57.546">
  <mem-info id="642" free="4707744" total="8388608" percent="56">
    <mem type="nursery" free="0" total="2097152" percent="0">
      <mem type="allocate" free="0" total="1835008" percent="0" />
      <mem type="survivor" free="0" total="262144" percent="0" />
    </mem>
    <mem type="tenure" free="4707744" total="6291456" percent="74">
      <mem type="soa" free="4393376" total="5977088" percent="73" />
      <mem type="loa" free="314368" total="314368" percent="100" />
    </mem>
    <remembered-set count="56" />
  </mem-info>
</gc-start>
<allocation-stats totalBytes="1508896" >
  <allocated-bytes non-tlh="958688" tlh="550208" />
  <largest-consumer threadName="main" threadId="00000000021DA700" bytes="1508896" />
</allocation-stats>
<gc-op id="643" type="scavenge" timems="0.136" contextid="640" timestamp="2019-07-02T20:08:57.546">
  <scavenger-info tenureage="14" tenuremask="4000" tiltratio="87" />
  <memory-copied type="nursery" objects="4" bytes="46136" bytesdiscarded="39088" />
</gc-op>
<gc-end id="644" type="scavenge" contextid="640" durationms="0.264" usertimems="0.000" systemtimems="0.000" timestamp="2019-07-02T20:08:57.546" activeThreads="4">
  <mem-info id="645" free="6457528" total="8388608" percent="76">
    <mem type="nursery" free="1749784" total="2097152" percent="83">
      <mem type="allocate" free="1749784" total="1835008" percent="95" />
      <mem type="survivor" free="0" total="262144" percent="0" />
    </mem>
    <mem type="tenure" free="4707744" total="6291456" percent="74">
      <mem type="soa" free="4393376" total="5977088" percent="73" />
      <mem type="loa" free="314368" total="314368" percent="100" />
    </mem>
    <remembered-set count="56" />
  </mem-info>
</gc-end>
<cycle-end id="646" type="scavenge" contextid="640" timestamp="2019-07-02T20:08:57.546">
  <attribute name="GC Util" value="39" />
  <attribute name="CPU Util" value="23166152698793" />
  <attribute name="Time Running"value="523"/>
  <attribute name="Number of cores"value="4"/>
</cycle-end>
<allocation-satisfied id="647" threadId="00000000021DA700" bytesRequested="46056" />
<af-end id="648" timestamp="2019-07-02T20:08:57.547" threadId="00000000021DB088" success="true" from="nursery"/>
<exclusive-end id="649" timestamp="2019-07-02T20:08:57.547" durationms="0.551" />

<exclusive-start id="650" timestamp="2019-07-02T20:08:57.547" intervalms="0.695">
  <response-info timems="0.022" idlems="0.022" threads="0" lastid="00000000021DA700" lastname="main" />
</exclusive-start>
<af-start id="651" threadId="00000000021DB088" totalBytesRequested="93216" timestamp="2019-07-02T20:08:57.547" intervalms="0.694" type="nursery" />
<cycle-start id="652" type="scavenge" contextid="0" timestamp="2019-07-02T20:08:57.547" intervalms="0.694" />
  <attribute name="GC Util" value="39" />
  <attribute name="CPU Util" value="23166152698793" />
  <attribute name="Time Running"value="523"/>
  <attribute name="Number of cores"value="4"/>
<gc-start id="653" type="scavenge" contextid="652" timestamp="2019-07-02T20:08:57.547">
  <mem-info id="654" free="4774912" total="8388608" percent="56">
    <mem type="nursery" free="67168" total="2097152" percent="3">
      <mem type="allocate" free="67168" total="1835008" percent="3" />
      <mem type="survivor" free="0" total="262144" percent="0" />
    </mem>
    <mem type="tenure" free="4707744" total="6291456" percent="74">
      <mem type="soa" free="4393376" total="5977088" percent="73" />
      <mem type="loa" free="314368" total="314368" percent="100" />
    </mem>
    <remembered-set count="56" />
  </mem-info>
</gc-start>
<allocation-stats totalBytes="1566280" >
  <allocated-bytes non-tlh="924856" tlh="641424" />
  <largest-consumer threadName="main" threadId="00000000021DA700" bytes="1566280" />
</allocation-stats>
<gc-op id="655" type="scavenge" timems="0.102" contextid="652" timestamp="2019-07-02T20:08:57.547">
  <scavenger-info tenureage="14" tenuremask="4000" tiltratio="87" />
  <memory-copied type="nursery" objects="2" bytes="46632" bytesdiscarded="39144" />
</gc-op>
<gc-end id="656" type="scavenge" contextid="652" durationms="0.229" usertimems="0.000" systemtimems="0.000" timestamp="2019-07-02T20:08:57.547" activeThreads="4">
  <mem-info id="657" free="6456976" total="8388608" percent="76">
    <mem type="nursery" free="1749232" total="2097152" percent="83">
      <mem type="allocate" free="1749232" total="1835008" percent="95" />
      <mem type="survivor" free="0" total="262144" percent="0" />
    </mem>
    <mem type="tenure" free="4707744" total="6291456" percent="74">
      <mem type="soa" free="4393376" total="5977088" percent="73" />
      <mem type="loa" free="314368" total="314368" percent="100" />
    </mem>
    <remembered-set count="56" />
  </mem-info>
</gc-end>
<cycle-end id="658" type="scavenge" contextid="652" timestamp="2019-07-02T20:08:57.547">
  <attribute name="GC Util" value="44" />
  <attribute name="CPU Util" value="26443532835854" />
  <attribute name="Time Running"value="523"/>
  <attribute name="Number of cores"value="4"/>
</cycle-end>
<allocation-satisfied id="659" threadId="00000000021DA700" bytesRequested="93216" />
<af-end id="660" timestamp="2019-07-02T20:08:57.547" threadId="00000000021DB088" success="true" from="nursery"/>
<exclusive-end id="661" timestamp="2019-07-02T20:08:57.547" durationms="0.514" />

<exclusive-start id="662" timestamp="2019-07-02T20:08:57.547" intervalms="0.660">
  <response-info timems="0.022" idlems="0.022" threads="0" lastid="00000000021DA700" lastname="main" />
</exclusive-start>
<af-start id="663" threadId="00000000021DB088" totalBytesRequested="47176" timestamp="2019-07-02T20:08:57.547" intervalms="0.660" type="nursery" />
<cycle-start id="664" type="scavenge" contextid="0" timestamp="2019-07-02T20:08:57.547" intervalms="0.659" />
  <attribute name="GC Util" value="44" />
  <attribute name="CPU Util" value="26443532835854" />
  <attribute name="Time Running"value="523"/>
  <attribute name="Number of cores"value="4"/>
<gc-start id="665" type="scavenge" contextid="664" timestamp="2019-07-02T20:08:57.547">
  <mem-info id="666" free="4707744" total="8388608" percent="56">
    <mem type="nursery" free="0" total="2097152" percent="0">
      <mem type="allocate" free="0" total="1835008" percent="0" />
      <mem type="survivor" free="0" total="262144" percent="0" />
    </mem>
    <mem type="tenure" free="4707744" total="6291456" percent="74">
      <mem type="soa" free="4393376" total="5977088" percent="73" />
      <mem type="loa" free="314368" total="314368" percent="100" />
    </mem>
    <remembered-set count="56" />
  </mem-info>
</gc-start>
<allocation-stats totalBytes="1594496" >
  <allocated-bytes non-tlh="1077576" tlh="516920" />
  <largest-consumer threadName="main" threadId="00000000021DA700" bytes="1594496" />
</allocation-stats>
<gc-op id="667" type="scavenge" timems="0.113" contextid="664" timestamp="2019-07-02T20:08:57.548">
  <scavenger-info tenureage="14" tenuremask="4000" tiltratio="87" />
  <memory-copied type="nursery" objects="2" bytes="94368" bytesdiscarded="39144" />
</gc-op>
<gc-end id="668" type="scavenge" contextid="664" durationms="0.241" usertimems="0.000" systemtimems="0.000" timestamp="2019-07-02T20:08:57.548" activeThreads="4">
  <mem-info id="669" free="6409240" total="8388608" percent="76">
    <mem type="nursery" free="1701496" total="2097152" percent="81">
      <mem type="allocate" free="1701496" total="1835008" percent="92" />
      <mem type="survivor" free="0" total="262144" percent="0" />
    </mem>
    <mem type="tenure" free="4707744" total="6291456" percent="74">
      <mem type="soa" free="4393376" total="5977088" percent="73" />
      <mem type="loa" free="314368" total="314368" percent="100" />
    </mem>
    <remembered-set count="56" />
  </mem-info>
</gc-end>
<cycle-end id="670" type="scavenge" contextid="664" timestamp="2019-07-02T20:08:57.548">
  <attribute name="GC Util" value="45" />
  <attribute name="CPU Util" value="28104442155471" />
  <attribute name="Time Running"value="524"/>
  <attribute name="Number of cores"value="4"/>
</cycle-end>
<allocation-satisfied id="671" threadId="00000000021DA700" bytesRequested="47176" />
<af-end id="672" timestamp="2019-07-02T20:08:57.548" threadId="00000000021DB088" success="true" from="nursery"/>
<exclusive-end id="673" timestamp="2019-07-02T20:08:57.548" durationms="0.527" />

<exclusive-start id="674" timestamp="2019-07-02T20:08:57.548" intervalms="0.670">
  <response-info timems="0.018" idlems="0.018" threads="0" lastid="00000000021DA700" lastname="main" />
</exclusive-start>
<af-start id="675" threadId="00000000021DB088" totalBytesRequested="47752" timestamp="2019-07-02T20:08:57.548" intervalms="0.670" type="nursery" />
<cycle-start id="676" type="scavenge" contextid="0" timestamp="2019-07-02T20:08:57.548" intervalms="0.671" />
  <attribute name="GC Util" value="45" />
  <attribute name="CPU Util" value="28104442155471" />
  <attribute name="Time Running"value="524"/>
  <attribute name="Number of cores"value="4"/>
<gc-start id="677" type="scavenge" contextid="676" timestamp="2019-07-02T20:08:57.548">
  <mem-info id="678" free="4707744" total="8388608" percent="56">
    <mem type="nursery" free="0" total="2097152" percent="0">
      <mem type="allocate" free="0" total="1835008" percent="0" />
      <mem type="survivor" free="0" total="262144" percent="0" />
    </mem>
    <mem type="tenure" free="4707744" total="6291456" percent="74">
      <mem type="soa" free="4393376" total="5977088" percent="73" />
      <mem type="loa" free="314368" total="314368" percent="100" />
    </mem>
    <remembered-set count="56" />
  </mem-info>
</gc-start>
<allocation-stats totalBytes="1567240" >
  <allocated-bytes non-tlh="995816" tlh="571424" />
  <largest-consumer threadName="main" threadId="00000000021DA700" bytes="1567240" />
</allocation-stats>
<gc-op id="679" type="scavenge" timems="0.108" contextid="676" timestamp="2019-07-02T20:08:57.548">
  <scavenger-info tenureage="14" tenuremask="4000" tiltratio="87" />
  <memory-copied type="nursery" objects="4" bytes="47832" bytesdiscarded="39088" />
</gc-op>
<gc-end id="680" type="scavenge" contextid="676" durationms="0.236" usertimems="0.000" systemtimems="0.000" timestamp="2019-07-02T20:08:57.548" activeThreads="4">
  <mem-info id="681" free="6455832" total="8388608" percent="76">
    <mem type="nursery" free="1748088" total="2097152" percent="83">
      <mem type="allocate" free="1748088" total="1835008" percent="95" />
      <mem type="survivor" free="0" total="262144" percent="0" />
    </mem>
    <mem type="tenure" free="4707744" total="6291456" percent="74">
      <mem type="soa" free="4393376" total="5977088" percent="73" />
      <mem type="loa" free="314368" total="314368" percent="100" />
    </mem>
    <remembered-set count="56" />
  </mem-info>
</gc-end>
<cycle-end id="682" type="scavenge" contextid="676" timestamp="2019-07-02T20:08:57.548">
  <attribute name="GC Util" value="45" />
  <attribute name="CPU Util" value="27537180368128" />
  <attribute name="Time Running"value="525"/>
  <attribute name="Number of cores"value="4"/>
</cycle-end>
<allocation-satisfied id="683" threadId="00000000021DA700" bytesRequested="47752" />
<af-end id="684" timestamp="2019-07-02T20:08:57.548" threadId="00000000021DB088" success="true" from="nursery"/>
<exclusive-end id="685" timestamp="2019-07-02T20:08:57.549" durationms="0.521" />

<exclusive-start id="686" timestamp="2019-07-02T20:08:57.549" intervalms="0.669">
  <response-info timems="0.022" idlems="0.022" threads="0" lastid="00000000021DA700" lastname="main" />
</exclusive-start>
<af-start id="687" threadId="00000000021DB088" totalBytesRequested="96632" timestamp="2019-07-02T20:08:57.549" intervalms="0.669" type="nursery" />
<cycle-start id="688" type="scavenge" contextid="0" timestamp="2019-07-02T20:08:57.549" intervalms="0.669" />
  <attribute name="GC Util" value="45" />
  <attribute name="CPU Util" value="27537180368128" />
  <attribute name="Time Running"value="525"/>
  <attribute name="Number of cores"value="4"/>
<gc-start id="689" type="scavenge" contextid="688" timestamp="2019-07-02T20:08:57.549">
  <mem-info id="690" free="4738024" total="8388608" percent="56">
    <mem type="nursery" free="30280" total="2097152" percent="1">
      <mem type="allocate" free="30280" total="1835008" percent="1" />
      <mem type="survivor" free="0" total="262144" percent="0" />
    </mem>
    <mem type="tenure" free="4707744" total="6291456" percent="74">
      <mem type="soa" free="4393376" total="5977088" percent="73" />
      <mem type="loa" free="314368" total="314368" percent="100" />
    </mem>
    <remembered-set count="56" />
  </mem-info>
</gc-start>
<allocation-stats totalBytes="1600816" >
  <allocated-bytes non-tlh="1056080" tlh="544736" />
  <largest-consumer threadName="main" threadId="00000000021DA700" bytes="1600816" />
</allocation-stats>
<gc-op id="691" type="scavenge" timems="0.106" contextid="688" timestamp="2019-07-02T20:08:57.549">
  <scavenger-info tenureage="14" tenuremask="4000" tiltratio="87" />
  <memory-copied type="nursery" objects="2" bytes="48344" bytesdiscarded="39144" />
</gc-op>
<gc-end id="692" type="scavenge" contextid="688" durationms="0.246" usertimems="0.000" systemtimems="0.000" timestamp="2019-07-02T20:08:57.549" activeThreads="4">
  <mem-info id="693" free="6455264" total="8388608" percent="76">
    <mem type="nursery" free="1747520" total="2097152" percent="83">
      <mem type="allocate" free="1747520" total="1835008" percent="95" />
      <mem type="survivor" free="0" total="262144" percent="0" />
    </mem>
    <mem type="tenure" free="4707744" total="6291456" percent="74">
      <mem type="soa" free="4393376" total="5977088" percent="73" />
      <mem type="loa" free="314368" total="314368" percent="100" />
    </mem>
    <remembered-set count="56" />
  </mem-info>
</gc-end>
<cycle-end id="694" type="scavenge" contextid="688" timestamp="2019-07-02T20:08:57.549">
  <attribute name="GC Util" value="44" />
  <attribute name="CPU Util" value="27614390266753" />
  <attribute name="Time Running"value="525"/>
  <attribute name="Number of cores"value="4"/>
</cycle-end>
<allocation-satisfied id="695" threadId="00000000021DA700" bytesRequested="96632" />
<af-end id="696" timestamp="2019-07-02T20:08:57.549" threadId="00000000021DB088" success="true" from="nursery"/>
<exclusive-end id="697" timestamp="2019-07-02T20:08:57.549" durationms="0.539" />

<exclusive-start id="698" timestamp="2019-07-02T20:08:57.549" intervalms="0.684">
  <response-info timems="0.022" idlems="0.022" threads="0" lastid="00000000021DA700" lastname="main" />
</exclusive-start>
<af-start id="699" threadId="00000000021DB088" totalBytesRequested="97792" timestamp="2019-07-02T20:08:57.549" intervalms="0.686" type="nursery" />
<cycle-start id="700" type="scavenge" contextid="0" timestamp="2019-07-02T20:08:57.549" intervalms="0.686" />
  <attribute name="GC Util" value="44" />
  <attribute name="CPU Util" value="27614390266753" />
  <attribute name="Time Running"value="525"/>
  <attribute name="Number of cores"value="4"/>
<gc-start id="701" type="scavenge" contextid="700" timestamp="2019-07-02T20:08:57.549">
  <mem-info id="702" free="4775144" total="8388608" percent="56">
    <mem type="nursery" free="67400" total="2097152" percent="3">
      <mem type="allocate" free="67400" total="1835008" percent="3" />
      <mem type="survivor" free="0" total="262144" percent="0" />
    </mem>
    <mem type="tenure" free="4707744" total="6291456" percent="74">
      <mem type="soa" free="4393376" total="5977088" percent="73" />
      <mem type="loa" free="314368" total="314368" percent="100" />
    </mem>
    <remembered-set count="56" />
  </mem-info>
</gc-start>
<allocation-stats totalBytes="1590928" >
  <allocated-bytes non-tlh="1020664" tlh="570264" />
  <largest-consumer threadName="main" threadId="00000000021DA700" bytes="1590928" />
</allocation-stats>
<gc-op id="703" type="scavenge" timems="0.106" contextid="700" timestamp="2019-07-02T20:08:57.550">
  <scavenger-info tenureage="14" tenuremask="4000" tiltratio="87" />
  <memory-copied type="nursery" objects="2" bytes="48920" bytesdiscarded="39144" />
</gc-op>
<gc-end id="704" type="scavenge" contextid="700" durationms="0.236" usertimems="0.000" systemtimems="0.000" timestamp="2019-07-02T20:08:57.550" activeThreads="4">
  <mem-info id="705" free="6454688" total="8388608" percent="76">
    <mem type="nursery" free="1746944" total="2097152" percent="83">
      <mem type="allocate" free="1746944" total="1835008" percent="95" />
      <mem type="survivor" free="0" total="262144" percent="0" />
    </mem>
    <mem type="tenure" free="4707744" total="6291456" percent="74">
      <mem type="soa" free="4393376" total="5977088" percent="73" />
      <mem type="loa" free="314368" total="314368" percent="100" />
    </mem>
    <remembered-set count="56" />
  </mem-info>
</gc-end>
<cycle-end id="706" type="scavenge" contextid="700" timestamp="2019-07-02T20:08:57.550">
  <attribute name="GC Util" value="44" />
  <attribute name="CPU Util" value="26841895984709" />
  <attribute name="Time Running"value="526"/>
  <attribute name="Number of cores"value="4"/>
</cycle-end>
<allocation-satisfied id="707" threadId="00000000021DA700" bytesRequested="97792" />
<af-end id="708" timestamp="2019-07-02T20:08:57.550" threadId="00000000021DB088" success="true" from="nursery"/>
<exclusive-end id="709" timestamp="2019-07-02T20:08:57.550" durationms="0.524" />

<exclusive-start id="710" timestamp="2019-07-02T20:08:57.550" intervalms="0.675">
  <response-info timems="0.024" idlems="0.024" threads="0" lastid="00000000021DA700" lastname="main" />
</exclusive-start>
<af-start id="711" threadId="00000000021DB088" totalBytesRequested="98848" timestamp="2019-07-02T20:08:57.550" intervalms="0.674" type="nursery" />
<cycle-start id="712" type="scavenge" contextid="0" timestamp="2019-07-02T20:08:57.550" intervalms="0.674" />
  <attribute name="GC Util" value="44" />
  <attribute name="CPU Util" value="26841895984709" />
  <attribute name="Time Running"value="526"/>
  <attribute name="Number of cores"value="4"/>
<gc-start id="713" type="scavenge" contextid="712" timestamp="2019-07-02T20:08:57.550">
  <mem-info id="714" free="4707744" total="8388608" percent="56">
    <mem type="nursery" free="0" total="2097152" percent="0">
      <mem type="allocate" free="0" total="1835008" percent="0" />
      <mem type="survivor" free="0" total="262144" percent="0" />
    </mem>
    <mem type="tenure" free="4707744" total="6291456" percent="74">
      <mem type="soa" free="4393376" total="5977088" percent="73" />
      <mem type="loa" free="314368" total="314368" percent="100" />
    </mem>
    <remembered-set count="56" />
  </mem-info>
</gc-start>
<allocation-stats totalBytes="1649936" >
  <allocated-bytes non-tlh="1081288" tlh="568648" />
  <largest-consumer threadName="main" threadId="00000000021DA700" bytes="1649936" />
</allocation-stats>
<gc-op id="715" type="scavenge" timems="0.108" contextid="712" timestamp="2019-07-02T20:08:57.550">
  <scavenger-info tenureage="14" tenuremask="4000" tiltratio="87" />
  <memory-copied type="nursery" objects="2" bytes="49456" bytesdiscarded="39144" />
</gc-op>
<gc-end id="716" type="scavenge" contextid="712" durationms="0.237" usertimems="0.000" systemtimems="0.000" timestamp="2019-07-02T20:08:57.550" activeThreads="4">
  <mem-info id="717" free="6454152" total="8388608" percent="76">
    <mem type="nursery" free="1746408" total="2097152" percent="83">
      <mem type="allocate" free="1746408" total="1835008" percent="95" />
      <mem type="survivor" free="0" total="262144" percent="0" />
    </mem>
    <mem type="tenure" free="4707744" total="6291456" percent="74">
      <mem type="soa" free="4393376" total="5977088" percent="73" />
      <mem type="loa" free="314368" total="314368" percent="100" />
    </mem>
    <remembered-set count="56" />
  </mem-info>
</gc-end>
<cycle-end id="718" type="scavenge" contextid="712" timestamp="2019-07-02T20:08:57.550">
  <attribute name="GC Util" value="44" />
  <attribute name="CPU Util" value="27394744138144" />
  <attribute name="Time Running"value="527"/>
  <attribute name="Number of cores"value="4"/>
</cycle-end>
<allocation-satisfied id="719" threadId="00000000021DA700" bytesRequested="98848" />
<af-end id="720" timestamp="2019-07-02T20:08:57.551" threadId="00000000021DB088" success="true" from="nursery"/>
<exclusive-end id="721" timestamp="2019-07-02T20:08:57.551" durationms="0.523" />

<exclusive-start id="722" timestamp="2019-07-02T20:08:57.551" intervalms="0.668">
  <response-info timems="0.022" idlems="0.022" threads="0" lastid="00000000021DA700" lastname="main" />
</exclusive-start>
<af-start id="723" threadId="00000000021DB088" totalBytesRequested="100016" timestamp="2019-07-02T20:08:57.551" intervalms="0.667" type="nursery" />
<cycle-start id="724" type="scavenge" contextid="0" timestamp="2019-07-02T20:08:57.551" intervalms="0.667" />
  <attribute name="GC Util" value="44" />
  <attribute name="CPU Util" value="27394744138144" />
  <attribute name="Time Running"value="527"/>
  <attribute name="Number of cores"value="4"/>
<gc-start id="725" type="scavenge" contextid="724" timestamp="2019-07-02T20:08:57.551">
  <mem-info id="726" free="4751224" total="8388608" percent="56">
    <mem type="nursery" free="43480" total="2097152" percent="2">
      <mem type="allocate" free="43480" total="1835008" percent="2" />
      <mem type="survivor" free="0" total="262144" percent="0" />
    </mem>
    <mem type="tenure" free="4707744" total="6291456" percent="74">
      <mem type="soa" free="4393376" total="5977088" percent="73" />
      <mem type="loa" free="314368" total="314368" percent="100" />
    </mem>
    <remembered-set count="56" />
  </mem-info>
</gc-start>
<allocation-stats totalBytes="1623520" >
  <allocated-bytes non-tlh="1043472" tlh="580048" />
  <largest-consumer threadName="main" threadId="00000000021DA700" bytes="1623520" />
</allocation-stats>
<gc-op id="727" type="scavenge" timems="0.108" contextid="724" timestamp="2019-07-02T20:08:57.551">
  <scavenger-info tenureage="14" tenuremask="4000" tiltratio="87" />
  <memory-copied type="nursery" objects="2" bytes="50040" bytesdiscarded="39144" />
</gc-op>
<gc-end id="728" type="scavenge" contextid="724" durationms="0.236" usertimems="0.000" systemtimems="0.000" timestamp="2019-07-02T20:08:57.551" activeThreads="4">
  <mem-info id="729" free="6453568" total="8388608" percent="76">
    <mem type="nursery" free="1745824" total="2097152" percent="83">
      <mem type="allocate" free="1745824" total="1835008" percent="95" />
      <mem type="survivor" free="0" total="262144" percent="0" />
    </mem>
    <mem type="tenure" free="4707744" total="6291456" percent="74">
      <mem type="soa" free="4393376" total="5977088" percent="73" />
      <mem type="loa" free="314368" total="314368" percent="100" />
    </mem>
    <remembered-set count="56" />
  </mem-info>
</gc-end>
<cycle-end id="730" type="scavenge" contextid="724" timestamp="2019-07-02T20:08:57.551">
  <attribute name="GC Util" value="44" />
  <attribute name="CPU Util" value="27621419543521" />
  <attribute name="Time Running"value="527"/>
  <attribute name="Number of cores"value="4"/>
</cycle-end>
<allocation-satisfied id="731" threadId="00000000021DA700" bytesRequested="100016" />
<af-end id="732" timestamp="2019-07-02T20:08:57.551" threadId="00000000021DB088" success="true" from="nursery"/>
<exclusive-end id="733" timestamp="2019-07-02T20:08:57.551" durationms="0.522" />

<exclusive-start id="734" timestamp="2019-07-02T20:08:57.551" intervalms="0.665">
  <response-info timems="0.018" idlems="0.018" threads="0" lastid="00000000021DA700" lastname="main" />
</exclusive-start>
<af-start id="735" threadId="00000000021DB088" totalBytesRequested="101160" timestamp="2019-07-02T20:08:57.551" intervalms="0.665" type="nursery" />
<cycle-start id="736" type="scavenge" contextid="0" timestamp="2019-07-02T20:08:57.551" intervalms="0.665" />
  <attribute name="GC Util" value="44" />
  <attribute name="CPU Util" value="27621419543521" />
  <attribute name="Time Running"value="527"/>
  <attribute name="Number of cores"value="4"/>
<gc-start id="737" type="scavenge" contextid="736" timestamp="2019-07-02T20:08:57.552">
  <mem-info id="738" free="4707744" total="8388608" percent="56">
    <mem type="nursery" free="0" total="2097152" percent="0">
      <mem type="allocate" free="0" total="1835008" percent="0" />
      <mem type="survivor" free="0" total="262144" percent="0" />
    </mem>
    <mem type="tenure" free="4707744" total="6291456" percent="74">
      <mem type="soa" free="4393376" total="5977088" percent="73" />
      <mem type="loa" free="314368" total="314368" percent="100" />
    </mem>
    <remembered-set count="56" />
  </mem-info>
</gc-start>
<allocation-stats totalBytes="1631992" >
  <allocated-bytes non-tlh="1055472" tlh="576520" />
  <largest-consumer threadName="main" threadId="00000000021DA700" bytes="1631992" />
</allocation-stats>
<gc-op id="739" type="scavenge" timems="0.106" contextid="736" timestamp="2019-07-02T20:08:57.552">
  <scavenger-info tenureage="14" tenuremask="4000" tiltratio="87" />
  <memory-copied type="nursery" objects="2" bytes="50608" bytesdiscarded="39144" />
</gc-op>
<gc-end id="740" type="scavenge" contextid="736" durationms="0.235" usertimems="0.000" systemtimems="0.000" timestamp="2019-07-02T20:08:57.552" activeThreads="4">
  <mem-info id="741" free="6453000" total="8388608" percent="76">
    <mem type="nursery" free="1745256" total="2097152" percent="83">
      <mem type="allocate" free="1745256" total="1835008" percent="95" />
      <mem type="survivor" free="0" total="262144" percent="0" />
    </mem>
    <mem type="tenure" free="4707744" total="6291456" percent="74">
      <mem type="soa" free="4393376" total="5977088" percent="73" />
      <mem type="loa" free="314368" total="314368" percent="100" />
    </mem>
    <remembered-set count="56" />
  </mem-info>
</gc-end>
<cycle-end id="742" type="scavenge" contextid="736" timestamp="2019-07-02T20:08:57.552">
  <attribute name="GC Util" value="44" />
  <attribute name="CPU Util" value="27705593118119" />
  <attribute name="Time Running"value="528"/>
  <attribute name="Number of cores"value="4"/>
</cycle-end>
<allocation-satisfied id="743" threadId="00000000021DA700" bytesRequested="101160" />
<af-end id="744" timestamp="2019-07-02T20:08:57.552" threadId="00000000021DB088" success="true" from="nursery"/>
<exclusive-end id="745" timestamp="2019-07-02T20:08:57.552" durationms="0.521" />

<exclusive-start id="746" timestamp="2019-07-02T20:08:57.552" intervalms="0.670">
  <response-info timems="0.024" idlems="0.024" threads="0" lastid="00000000021DA700" lastname="main" />
</exclusive-start>
<af-start id="747" threadId="00000000021DB088" totalBytesRequested="102392" timestamp="2019-07-02T20:08:57.552" intervalms="0.670" type="nursery" />
<cycle-start id="748" type="scavenge" contextid="0" timestamp="2019-07-02T20:08:57.552" intervalms="0.670" />
  <attribute name="GC Util" value="44" />
  <attribute name="CPU Util" value="27705593118119" />
  <attribute name="Time Running"value="528"/>
  <attribute name="Number of cores"value="4"/>
<gc-start id="749" type="scavenge" contextid="748" timestamp="2019-07-02T20:08:57.552">
  <mem-info id="750" free="4725224" total="8388608" percent="56">
    <mem type="nursery" free="17480" total="2097152" percent="0">
      <mem type="allocate" free="17480" total="1835008" percent="0" />
      <mem type="survivor" free="0" total="262144" percent="0" />
    </mem>
    <mem type="tenure" free="4707744" total="6291456" percent="74">
      <mem type="soa" free="4393376" total="5977088" percent="73" />
      <mem type="loa" free="314368" total="314368" percent="100" />
    </mem>
    <remembered-set count="56" />
  </mem-info>
</gc-start>
<allocation-stats totalBytes="1659064" >
  <allocated-bytes non-tlh="1068320" tlh="590744" />
  <largest-consumer threadName="main" threadId="00000000021DA700" bytes="1659064" />
</allocation-stats>
<gc-op id="751" type="scavenge" timems="0.106" contextid="748" timestamp="2019-07-02T20:08:57.552">
  <scavenger-info tenureage="14" tenuremask="4000" tiltratio="87" />
  <memory-copied type="nursery" objects="2" bytes="51224" bytesdiscarded="39144" />
</gc-op>
<gc-end id="752" type="scavenge" contextid="748" durationms="0.234" usertimems="0.000" systemtimems="0.000" timestamp="2019-07-02T20:08:57.552" activeThreads="4">
  <mem-info id="753" free="6452384" total="8388608" percent="76">
    <mem type="nursery" free="1744640" total="2097152" percent="83">
      <mem type="allocate" free="1744640" total="1835008" percent="95" />
      <mem type="survivor" free="0" total="262144" percent="0" />
    </mem>
    <mem type="tenure" free="4707744" total="6291456" percent="74">
      <mem type="soa" free="4393376" total="5977088" percent="73" />
      <mem type="loa" free="314368" total="314368" percent="100" />
    </mem>
    <remembered-set count="56" />
  </mem-info>
</gc-end>
<cycle-end id="754" type="scavenge" contextid="748" timestamp="2019-07-02T20:08:57.552">
  <attribute name="GC Util" value="44" />
  <attribute name="CPU Util" value="27629942170171" />
  <attribute name="Time Running"value="529"/>
  <attribute name="Number of cores"value="4"/>
</cycle-end>
<allocation-satisfied id="755" threadId="00000000021DA700" bytesRequested="102392" />
<af-end id="756" timestamp="2019-07-02T20:08:57.553" threadId="00000000021DB088" success="true" from="nursery"/>
<exclusive-end id="757" timestamp="2019-07-02T20:08:57.553" durationms="0.515" />

<exclusive-start id="758" timestamp="2019-07-02T20:08:57.553" intervalms="0.659">
  <response-info timems="0.018" idlems="0.018" threads="0" lastid="00000000021DA700" lastname="main" />
</exclusive-start>
<af-start id="759" threadId="00000000021DB088" totalBytesRequested="103496" timestamp="2019-07-02T20:08:57.553" intervalms="0.660" type="nursery" />
<cycle-start id="760" type="scavenge" contextid="0" timestamp="2019-07-02T20:08:57.553" intervalms="0.659" />
  <attribute name="GC Util" value="44" />
  <attribute name="CPU Util" value="27629942170171" />
  <attribute name="Time Running"value="529"/>
  <attribute name="Number of cores"value="4"/>
<gc-start id="761" type="scavenge" contextid="760" timestamp="2019-07-02T20:08:57.553">
  <mem-info id="762" free="4707744" total="8388608" percent="56">
    <mem type="nursery" free="0" total="2097152" percent="0">
      <mem type="allocate" free="0" total="1835008" percent="0" />
      <mem type="survivor" free="0" total="262144" percent="0" />
    </mem>
    <mem type="tenure" free="4707744" total="6291456" percent="74">
      <mem type="soa" free="4393376" total="5977088" percent="73" />
      <mem type="loa" free="314368" total="314368" percent="100" />
    </mem>
    <remembered-set count="56" />
  </mem-info>
</gc-start>
<allocation-stats totalBytes="1665560" >
  <allocated-bytes non-tlh="1132096" tlh="533464" />
  <largest-consumer threadName="main" threadId="00000000021DA700" bytes="1665560" />
</allocation-stats>
<gc-op id="763" type="scavenge" timems="0.106" contextid="760" timestamp="2019-07-02T20:08:57.553">
  <scavenger-info tenureage="14" tenuremask="4000" tiltratio="87" />
  <memory-copied type="nursery" objects="2" bytes="51776" bytesdiscarded="39144" />
</gc-op>
<gc-end id="764" type="scavenge" contextid="760" durationms="0.250" usertimems="0.000" systemtimems="0.000" timestamp="2019-07-02T20:08:57.553" activeThreads="4">
  <mem-info id="765" free="6451832" total="8388608" percent="76">
    <mem type="nursery" free="1744088" total="2097152" percent="83">
      <mem type="allocate" free="1744088" total="1835008" percent="95" />
      <mem type="survivor" free="0" total="262144" percent="0" />
    </mem>
    <mem type="tenure" free="4707744" total="6291456" percent="74">
      <mem type="soa" free="4393376" total="5977088" percent="73" />
      <mem type="loa" free="314368" total="314368" percent="100" />
    </mem>
    <remembered-set count="56" />
  </mem-info>
</gc-end>
<cycle-end id="766" type="scavenge" contextid="760" timestamp="2019-07-02T20:08:57.553">
  <attribute name="GC Util" value="44" />
  <attribute name="CPU Util" value="27957448785940" />
  <attribute name="Time Running"value="529"/>
  <attribute name="Number of cores"value="4"/>
</cycle-end>
<allocation-satisfied id="767" threadId="00000000021DA700" bytesRequested="103496" />
<af-end id="768" timestamp="2019-07-02T20:08:57.553" threadId="00000000021DB088" success="true" from="nursery"/>
<exclusive-end id="769" timestamp="2019-07-02T20:08:57.553" durationms="0.544" />

<exclusive-start id="770" timestamp="2019-07-02T20:08:57.553" intervalms="0.696">
  <response-info timems="0.025" idlems="0.025" threads="0" lastid="00000000021DA700" lastname="main" />
</exclusive-start>
<af-start id="771" threadId="00000000021DB088" totalBytesRequested="104848" timestamp="2019-07-02T20:08:57.553" intervalms="0.695" type="nursery" />
<cycle-start id="772" type="scavenge" contextid="0" timestamp="2019-07-02T20:08:57.554" intervalms="0.737" />
  <attribute name="GC Util" value="44" />
  <attribute name="CPU Util" value="27957448785940" />
  <attribute name="Time Running"value="529"/>
  <attribute name="Number of cores"value="4"/>
<gc-start id="773" type="scavenge" contextid="772" timestamp="2019-07-02T20:08:57.554">
  <mem-info id="774" free="4707744" total="8388608" percent="56">
    <mem type="nursery" free="0" total="2097152" percent="0">
      <mem type="allocate" free="0" total="1835008" percent="0" />
      <mem type="survivor" free="0" total="262144" percent="0" />
    </mem>
    <mem type="tenure" free="4707744" total="6291456" percent="74">
      <mem type="soa" free="4393376" total="5977088" percent="73" />
      <mem type="loa" free="314368" total="314368" percent="100" />
    </mem>
    <remembered-set count="56" />
  </mem-info>
</gc-start>
<allocation-stats totalBytes="1670272" >
  <allocated-bytes non-tlh="1145272" tlh="525000" />
  <largest-consumer threadName="main" threadId="00000000021DA700" bytes="1670272" />
</allocation-stats>
<gc-op id="775" type="scavenge" timems="0.107" contextid="772" timestamp="2019-07-02T20:08:57.554">
  <scavenger-info tenureage="14" tenuremask="4000" tiltratio="87" />
  <memory-copied type="nursery" objects="2" bytes="52456" bytesdiscarded="39144" />
</gc-op>
<gc-end id="776" type="scavenge" contextid="772" durationms="0.233" usertimems="0.000" systemtimems="0.000" timestamp="2019-07-02T20:08:57.554" activeThreads="4">
  <mem-info id="777" free="6451152" total="8388608" percent="76">
    <mem type="nursery" free="1743408" total="2097152" percent="83">
      <mem type="allocate" free="1743408" total="1835008" percent="95" />
      <mem type="survivor" free="0" total="262144" percent="0" />
    </mem>
    <mem type="tenure" free="4707744" total="6291456" percent="74">
      <mem type="soa" free="4393376" total="5977088" percent="73" />
      <mem type="loa" free="314368" total="314368" percent="100" />
    </mem>
    <remembered-set count="56" />
  </mem-info>
</gc-end>
<cycle-end id="778" type="scavenge" contextid="772" timestamp="2019-07-02T20:08:57.554">
  <attribute name="GC Util" value="42" />
  <attribute name="CPU Util" value="24960954003745" />
  <attribute name="Time Running"value="530"/>
  <attribute name="Number of cores"value="4"/>
</cycle-end>
<allocation-satisfied id="779" threadId="00000000021DA700" bytesRequested="104848" />
<af-end id="780" timestamp="2019-07-02T20:08:57.554" threadId="00000000021DB088" success="true" from="nursery"/>
<exclusive-end id="781" timestamp="2019-07-02T20:08:57.554" durationms="0.565" />

<exclusive-start id="782" timestamp="2019-07-02T20:08:57.554" intervalms="0.709">
  <response-info timems="0.019" idlems="0.019" threads="0" lastid="00000000021DA700" lastname="main" />
</exclusive-start>
<af-start id="783" threadId="00000000021DB088" totalBytesRequested="53112" timestamp="2019-07-02T20:08:57.554" intervalms="0.709" type="nursery" />
<cycle-start id="784" type="scavenge" contextid="0" timestamp="2019-07-02T20:08:57.554" intervalms="0.668" />
  <attribute name="GC Util" value="42" />
  <attribute name="CPU Util" value="24960954003745" />
  <attribute name="Time Running"value="530"/>
  <attribute name="Number of cores"value="4"/>
<gc-start id="785" type="scavenge" contextid="784" timestamp="2019-07-02T20:08:57.554">
  <mem-info id="786" free="4707744" total="8388608" percent="56">
    <mem type="nursery" free="0" total="2097152" percent="0">
      <mem type="allocate" free="0" total="1835008" percent="0" />
      <mem type="survivor" free="0" total="262144" percent="0" />
    </mem>
    <mem type="tenure" free="4707744" total="6291456" percent="74">
      <mem type="soa" free="4393376" total="5977088" percent="73" />
      <mem type="loa" free="314368" total="314368" percent="100" />
    </mem>
    <remembered-set count="56" />
  </mem-info>
</gc-start>
<allocation-stats totalBytes="1637696" >
  <allocated-bytes non-tlh="1160496" tlh="477200" />
  <largest-consumer threadName="main" threadId="00000000021DA700" bytes="1637696" />
</allocation-stats>
<gc-op id="787" type="scavenge" timems="0.106" contextid="784" timestamp="2019-07-02T20:08:57.554">
  <scavenger-info tenureage="14" tenuremask="4000" tiltratio="87" />
  <memory-copied type="nursery" objects="4" bytes="53192" bytesdiscarded="39088" />
</gc-op>
<gc-end id="788" type="scavenge" contextid="784" durationms="0.234" usertimems="0.000" systemtimems="0.000" timestamp="2019-07-02T20:08:57.554" activeThreads="4">
  <mem-info id="789" free="6450472" total="8388608" percent="76">
    <mem type="nursery" free="1742728" total="2097152" percent="83">
      <mem type="allocate" free="1742728" total="1835008" percent="94" />
      <mem type="survivor" free="0" total="262144" percent="0" />
    </mem>
    <mem type="tenure" free="4707744" total="6291456" percent="74">
      <mem type="soa" free="4393376" total="5977088" percent="73" />
      <mem type="loa" free="314368" total="314368" percent="100" />
    </mem>
    <remembered-set count="56" />
  </mem-info>
</gc-end>
<cycle-end id="790" type="scavenge" contextid="784" timestamp="2019-07-02T20:08:57.555">
  <attribute name="GC Util" value="44" />
  <attribute name="CPU Util" value="27682393247356" />
  <attribute name="Time Running"value="531"/>
  <attribute name="Number of cores"value="4"/>
</cycle-end>
<allocation-satisfied id="791" threadId="00000000021DA700" bytesRequested="53112" />
<af-end id="792" timestamp="2019-07-02T20:08:57.555" threadId="00000000021DB088" success="true" from="nursery"/>
<exclusive-end id="793" timestamp="2019-07-02T20:08:57.555" durationms="0.515" />

<exclusive-start id="794" timestamp="2019-07-02T20:08:57.555" intervalms="0.656">
  <response-info timems="0.020" idlems="0.020" threads="0" lastid="00000000021DA700" lastname="main" />
</exclusive-start>
<af-start id="795" threadId="00000000021DB088" totalBytesRequested="107432" timestamp="2019-07-02T20:08:57.555" intervalms="0.656" type="nursery" />
<cycle-start id="796" type="scavenge" contextid="0" timestamp="2019-07-02T20:08:57.555" intervalms="0.657" />
  <attribute name="GC Util" value="44" />
  <attribute name="CPU Util" value="27682393247356" />
  <attribute name="Time Running"value="531"/>
  <attribute name="Number of cores"value="4"/>
<gc-start id="797" type="scavenge" contextid="796" timestamp="2019-07-02T20:08:57.555">
  <mem-info id="798" free="4769624" total="8388608" percent="56">
    <mem type="nursery" free="61880" total="2097152" percent="2">
      <mem type="allocate" free="61880" total="1835008" percent="3" />
      <mem type="survivor" free="0" total="262144" percent="0" />
    </mem>
    <mem type="tenure" free="4707744" total="6291456" percent="74">
      <mem type="soa" free="4393376" total="5977088" percent="73" />
      <mem type="loa" free="314368" total="314368" percent="100" />
    </mem>
    <remembered-set count="56" />
  </mem-info>
</gc-start>
<allocation-stats totalBytes="1625816" >
  <allocated-bytes non-tlh="1119696" tlh="506120" />
  <largest-consumer threadName="main" threadId="00000000021DA700" bytes="1625816" />
</allocation-stats>
<gc-op id="799" type="scavenge" timems="0.105" contextid="796" timestamp="2019-07-02T20:08:57.555">
  <scavenger-info tenureage="14" tenuremask="4000" tiltratio="87" />
  <memory-copied type="nursery" objects="2" bytes="53744" bytesdiscarded="39144" />
</gc-op>
<gc-end id="800" type="scavenge" contextid="796" durationms="0.233" usertimems="0.000" systemtimems="0.000" timestamp="2019-07-02T20:08:57.555" activeThreads="4">
  <mem-info id="801" free="6449864" total="8388608" percent="76">
    <mem type="nursery" free="1742120" total="2097152" percent="83">
      <mem type="allocate" free="1742120" total="1835008" percent="94" />
      <mem type="survivor" free="0" total="262144" percent="0" />
    </mem>
    <mem type="tenure" free="4707744" total="6291456" percent="74">
      <mem type="soa" free="4393376" total="5977088" percent="73" />
      <mem type="loa" free="314368" total="314368" percent="100" />
    </mem>
    <remembered-set count="56" />
  </mem-info>
</gc-end>
<cycle-end id="802" type="scavenge" contextid="796" timestamp="2019-07-02T20:08:57.555">
  <attribute name="GC Util" value="44" />
  <attribute name="CPU Util" value="28100246580311" />
  <attribute name="Time Running"value="531"/>
  <attribute name="Number of cores"value="4"/>
</cycle-end>
<allocation-satisfied id="803" threadId="00000000021DA700" bytesRequested="107432" />
<af-end id="804" timestamp="2019-07-02T20:08:57.555" threadId="00000000021DB088" success="true" from="nursery"/>
<exclusive-end id="805" timestamp="2019-07-02T20:08:57.555" durationms="0.516" />

<exclusive-start id="806" timestamp="2019-07-02T20:08:57.555" intervalms="0.666">
  <response-info timems="0.023" idlems="0.023" threads="0" lastid="00000000021DA700" lastname="main" />
</exclusive-start>
<af-start id="807" threadId="00000000021DB088" totalBytesRequested="54328" timestamp="2019-07-02T20:08:57.555" intervalms="0.666" type="nursery" />
<cycle-start id="808" type="scavenge" contextid="0" timestamp="2019-07-02T20:08:57.556" intervalms="0.665" />
  <attribute name="GC Util" value="44" />
  <attribute name="CPU Util" value="28100246580311" />
  <attribute name="Time Running"value="531"/>
  <attribute name="Number of cores"value="4"/>
<gc-start id="809" type="scavenge" contextid="808" timestamp="2019-07-02T20:08:57.556">
  <mem-info id="810" free="4707744" total="8388608" percent="56">
    <mem type="nursery" free="0" total="2097152" percent="0">
      <mem type="allocate" free="0" total="1835008" percent="0" />
      <mem type="survivor" free="0" total="262144" percent="0" />
    </mem>
    <mem type="tenure" free="4707744" total="6291456" percent="74">
      <mem type="soa" free="4393376" total="5977088" percent="73" />
      <mem type="loa" free="314368" total="314368" percent="100" />
    </mem>
    <remembered-set count="56" />
  </mem-info>
</gc-start>
<allocation-stats totalBytes="1673632" >
  <allocated-bytes non-tlh="1294536" tlh="379096" />
  <largest-consumer threadName="main" threadId="00000000021DA700" bytes="1673632" />
</allocation-stats>
<gc-op id="811" type="scavenge" timems="0.102" contextid="808" timestamp="2019-07-02T20:08:57.556">
  <scavenger-info tenureage="14" tenuremask="4000" tiltratio="87" />
  <memory-copied type="nursery" objects="4" bytes="54408" bytesdiscarded="39088" />
</gc-op>
<gc-end id="812" type="scavenge" contextid="808" durationms="0.228" usertimems="0.000" systemtimems="0.000" timestamp="2019-07-02T20:08:57.556" activeThreads="4">
  <mem-info id="813" free="6449256" total="8388608" percent="76">
    <mem type="nursery" free="1741512" total="2097152" percent="83">
      <mem type="allocate" free="1741512" total="1835008" percent="94" />
      <mem type="survivor" free="0" total="262144" percent="0" />
    </mem>
    <mem type="tenure" free="4707744" total="6291456" percent="74">
      <mem type="soa" free="4393376" total="5977088" percent="73" />
      <mem type="loa" free="314368" total="314368" percent="100" />
    </mem>
    <remembered-set count="56" />
  </mem-info>
</gc-end>
<cycle-end id="814" type="scavenge" contextid="808" timestamp="2019-07-02T20:08:57.556">
  <attribute name="GC Util" value="44" />
  <attribute name="CPU Util" value="27706300534360" />
  <attribute name="Time Running"value="532"/>
  <attribute name="Number of cores"value="4"/>
</cycle-end>
<allocation-satisfied id="815" threadId="00000000021DA700" bytesRequested="54328" />
<af-end id="816" timestamp="2019-07-02T20:08:57.556" threadId="00000000021DB088" success="true" from="nursery"/>
<exclusive-end id="817" timestamp="2019-07-02T20:08:57.556" durationms="0.510" />

<exclusive-start id="818" timestamp="2019-07-02T20:08:57.556" intervalms="0.652">
  <response-info timems="0.019" idlems="0.019" threads="0" lastid="00000000021DA700" lastname="main" />
</exclusive-start>
<af-start id="819" threadId="00000000021DB088" totalBytesRequested="109656" timestamp="2019-07-02T20:08:57.556" intervalms="0.652" type="nursery" />
<cycle-start id="820" type="scavenge" contextid="0" timestamp="2019-07-02T20:08:57.556" intervalms="0.652" />
  <attribute name="GC Util" value="44" />
  <attribute name="CPU Util" value="27706300534360" />
  <attribute name="Time Running"value="532"/>
  <attribute name="Number of cores"value="4"/>
<gc-start id="821" type="scavenge" contextid="820" timestamp="2019-07-02T20:08:57.556">
  <mem-info id="822" free="4743272" total="8388608" percent="56">
    <mem type="nursery" free="35528" total="2097152" percent="1">
      <mem type="allocate" free="35528" total="1835008" percent="1" />
      <mem type="survivor" free="0" total="262144" percent="0" />
    </mem>
    <mem type="tenure" free="4707744" total="6291456" percent="74">
      <mem type="soa" free="4393376" total="5977088" percent="73" />
      <mem type="loa" free="314368" total="314368" percent="100" />
    </mem>
    <remembered-set count="56" />
  </mem-info>
</gc-start>
<allocation-stats totalBytes="1659264" >
  <allocated-bytes non-tlh="1144832" tlh="514432" />
  <largest-consumer threadName="main" threadId="00000000021DA700" bytes="1659264" />
</allocation-stats>
<gc-op id="823" type="scavenge" timems="0.107" contextid="820" timestamp="2019-07-02T20:08:57.556">
  <scavenger-info tenureage="14" tenuremask="4000" tiltratio="87" />
  <memory-copied type="nursery" objects="2" bytes="54856" bytesdiscarded="39144" />
</gc-op>
<gc-end id="824" type="scavenge" contextid="820" durationms="0.235" usertimems="0.000" systemtimems="0.000" timestamp="2019-07-02T20:08:57.556" activeThreads="4">
  <mem-info id="825" free="6448752" total="8388608" percent="76">
    <mem type="nursery" free="1741008" total="2097152" percent="83">
      <mem type="allocate" free="1741008" total="1835008" percent="94" />
      <mem type="survivor" free="0" total="262144" percent="0" />
    </mem>
    <mem type="tenure" free="4707744" total="6291456" percent="74">
      <mem type="soa" free="4393376" total="5977088" percent="73" />
      <mem type="loa" free="314368" total="314368" percent="100" />
    </mem>
    <remembered-set count="56" />
  </mem-info>
</gc-end>
<cycle-end id="826" type="scavenge" contextid="820" timestamp="2019-07-02T20:08:57.556">
  <attribute name="GC Util" value="44" />
  <attribute name="CPU Util" value="28350383559325" />
  <attribute name="Time Running"value="533"/>
  <attribute name="Number of cores"value="4"/>
</cycle-end>
<allocation-satisfied id="827" threadId="00000000021DA700" bytesRequested="109656" />
<af-end id="828" timestamp="2019-07-02T20:08:57.557" threadId="00000000021DB088" success="true" from="nursery"/>
<exclusive-end id="829" timestamp="2019-07-02T20:08:57.557" durationms="0.516" />

<exclusive-start id="830" timestamp="2019-07-02T20:08:57.557" intervalms="0.660">
  <response-info timems="0.023" idlems="0.023" threads="0" lastid="00000000021DA700" lastname="main" />
</exclusive-start>
<af-start id="831" threadId="00000000021DB088" totalBytesRequested="110808" timestamp="2019-07-02T20:08:57.557" intervalms="0.660" type="nursery" />
<cycle-start id="832" type="scavenge" contextid="0" timestamp="2019-07-02T20:08:57.557" intervalms="0.660" />
  <attribute name="GC Util" value="44" />
  <attribute name="CPU Util" value="28350383559325" />
  <attribute name="Time Running"value="533"/>
  <attribute name="Number of cores"value="4"/>
<gc-start id="833" type="scavenge" contextid="832" timestamp="2019-07-02T20:08:57.557">
  <mem-info id="834" free="4744816" total="8388608" percent="56">
    <mem type="nursery" free="37072" total="2097152" percent="1">
      <mem type="allocate" free="37072" total="1835008" percent="2" />
      <mem type="survivor" free="0" total="262144" percent="0" />
    </mem>
    <mem type="tenure" free="4707744" total="6291456" percent="74">
      <mem type="soa" free="4393376" total="5977088" percent="73" />
      <mem type="loa" free="314368" total="314368" percent="100" />
    </mem>
    <remembered-set count="56" />
  </mem-info>
</gc-start>
<allocation-stats totalBytes="1619608" >
  <allocated-bytes non-tlh="1156504" tlh="463104" />
  <largest-consumer threadName="main" threadId="00000000021DA700" bytes="1619608" />
</allocation-stats>
<gc-op id="835" type="scavenge" timems="0.119" contextid="832" timestamp="2019-07-02T20:08:57.557">
  <scavenger-info tenureage="14" tenuremask="4000" tiltratio="87" />
  <memory-copied type="nursery" objects="2" bytes="55432" bytesdiscarded="39144" />
</gc-op>
<gc-end id="836" type="scavenge" contextid="832" durationms="0.247" usertimems="0.000" systemtimems="0.000" timestamp="2019-07-02T20:08:57.557" activeThreads="4">
  <mem-info id="837" free="6448176" total="8388608" percent="76">
    <mem type="nursery" free="1740432" total="2097152" percent="82">
      <mem type="allocate" free="1740432" total="1835008" percent="94" />
      <mem type="survivor" free="0" total="262144" percent="0" />
    </mem>
    <mem type="tenure" free="4707744" total="6291456" percent="74">
      <mem type="soa" free="4393376" total="5977088" percent="73" />
      <mem type="loa" free="314368" total="314368" percent="100" />
    </mem>
    <remembered-set count="56" />
  </mem-info>
</gc-end>
<cycle-end id="838" type="scavenge" contextid="832" timestamp="2019-07-02T20:08:57.557">
  <attribute name="GC Util" value="44" />
  <attribute name="CPU Util" value="27920464954792" />
  <attribute name="Time Running"value="533"/>
  <attribute name="Number of cores"value="4"/>
</cycle-end>
<allocation-satisfied id="839" threadId="00000000021DA700" bytesRequested="110808" />
<af-end id="840" timestamp="2019-07-02T20:08:57.557" threadId="00000000021DB088" success="true" from="nursery"/>
<exclusive-end id="841" timestamp="2019-07-02T20:08:57.557" durationms="0.605" />

<exclusive-start id="842" timestamp="2019-07-02T20:08:57.557" intervalms="0.753">
  <response-info timems="0.022" idlems="0.022" threads="0" lastid="00000000021DA700" lastname="main" />
</exclusive-start>
<af-start id="843" threadId="00000000021DB088" totalBytesRequested="56016" timestamp="2019-07-02T20:08:57.558" intervalms="0.753" type="nursery" />
<cycle-start id="844" type="scavenge" contextid="0" timestamp="2019-07-02T20:08:57.558" intervalms="0.793" />
  <attribute name="GC Util" value="44" />
  <attribute name="CPU Util" value="27920464954792" />
  <attribute name="Time Running"value="533"/>
  <attribute name="Number of cores"value="4"/>
<gc-start id="845" type="scavenge" contextid="844" timestamp="2019-07-02T20:08:57.558">
  <mem-info id="846" free="4707744" total="8388608" percent="56">
    <mem type="nursery" free="0" total="2097152" percent="0">
      <mem type="allocate" free="0" total="1835008" percent="0" />
      <mem type="survivor" free="0" total="262144" percent="0" />
    </mem>
    <mem type="tenure" free="4707744" total="6291456" percent="74">
      <mem type="soa" free="4393376" total="5977088" percent="73" />
      <mem type="loa" free="314368" total="314368" percent="100" />
    </mem>
    <remembered-set count="56" />
  </mem-info>
</gc-start>
<allocation-stats totalBytes="1669912" >
  <allocated-bytes non-tlh="1279096" tlh="390816" />
  <largest-consumer threadName="main" threadId="00000000021DA700" bytes="1669912" />
</allocation-stats>
<gc-op id="847" type="scavenge" timems="0.114" contextid="844" timestamp="2019-07-02T20:08:57.558">
  <scavenger-info tenureage="14" tenuremask="4000" tiltratio="87" />
  <memory-copied type="nursery" objects="2" bytes="111736" bytesdiscarded="39144" />
</gc-op>
<gc-end id="848" type="scavenge" contextid="844" durationms="0.244" usertimems="0.000" systemtimems="0.000" timestamp="2019-07-02T20:08:57.558" activeThreads="4">
  <mem-info id="849" free="6391872" total="8388608" percent="76">
    <mem type="nursery" free="1684128" total="2097152" percent="80">
      <mem type="allocate" free="1684128" total="1835008" percent="91" />
      <mem type="survivor" free="0" total="262144" percent="0" />
    </mem>
    <mem type="tenure" free="4707744" total="6291456" percent="74">
      <mem type="soa" free="4393376" total="5977088" percent="73" />
      <mem type="loa" free="314368" total="314368" percent="100" />
    </mem>
    <remembered-set count="56" />
  </mem-info>
</gc-end>
<cycle-end id="850" type="scavenge" contextid="844" timestamp="2019-07-02T20:08:57.558">
  <attribute name="GC Util" value="37" />
  <attribute name="CPU Util" value="23106723139469" />
  <attribute name="Time Running"value="534"/>
  <attribute name="Number of cores"value="4"/>
</cycle-end>
<allocation-satisfied id="851" threadId="00000000021DA700" bytesRequested="56016" />
<af-end id="852" timestamp="2019-07-02T20:08:57.558" threadId="00000000021DB088" success="true" from="nursery"/>
<exclusive-end id="853" timestamp="2019-07-02T20:08:57.558" durationms="0.566" />

<exclusive-start id="854" timestamp="2019-07-02T20:08:57.558" intervalms="0.707">
  <response-info timems="0.023" idlems="0.023" threads="0" lastid="00000000021DA700" lastname="main" />
</exclusive-start>
<af-start id="855" threadId="00000000021DB088" totalBytesRequested="112872" timestamp="2019-07-02T20:08:57.558" intervalms="0.707" type="nursery" />
<cycle-start id="856" type="scavenge" contextid="0" timestamp="2019-07-02T20:08:57.558" intervalms="0.667" />
  <attribute name="GC Util" value="37" />
  <attribute name="CPU Util" value="23106723139469" />
  <attribute name="Time Running"value="534"/>
  <attribute name="Number of cores"value="4"/>
<gc-start id="857" type="scavenge" contextid="856" timestamp="2019-07-02T20:08:57.558">
  <mem-info id="858" free="4834664" total="8388608" percent="57">
    <mem type="nursery" free="126920" total="2097152" percent="6">
      <mem type="allocate" free="126920" total="1835008" percent="6" />
      <mem type="survivor" free="0" total="262144" percent="0" />
    </mem>
    <mem type="tenure" free="4707744" total="6291456" percent="74">
      <mem type="soa" free="4393376" total="5977088" percent="73" />
      <mem type="loa" free="314368" total="314368" percent="100" />
    </mem>
    <remembered-set count="56" />
  </mem-info>
</gc-start>
<allocation-stats totalBytes="1536056" >
  <allocated-bytes non-tlh="1123032" tlh="413024" />
  <largest-consumer threadName="main" threadId="00000000021DA700" bytes="1536056" />
</allocation-stats>
<gc-op id="859" type="scavenge" timems="0.106" contextid="856" timestamp="2019-07-02T20:08:57.559">
  <scavenger-info tenureage="14" tenuremask="4000" tiltratio="87" />
  <memory-copied type="nursery" objects="2" bytes="56464" bytesdiscarded="39144" />
</gc-op>
<gc-end id="860" type="scavenge" contextid="856" durationms="0.234" usertimems="0.000" systemtimems="0.000" timestamp="2019-07-02T20:08:57.559" activeThreads="4">
  <mem-info id="861" free="6447144" total="8388608" percent="76">
    <mem type="nursery" free="1739400" total="2097152" percent="82">
      <mem type="allocate" free="1739400" total="1835008" percent="94" />
      <mem type="survivor" free="0" total="262144" percent="0" />
    </mem>
    <mem type="tenure" free="4707744" total="6291456" percent="74">
      <mem type="soa" free="4393376" total="5977088" percent="73" />
      <mem type="loa" free="314368" total="314368" percent="100" />
    </mem>
    <remembered-set count="56" />
  </mem-info>
</gc-end>
<cycle-end id="862" type="scavenge" contextid="856" timestamp="2019-07-02T20:08:57.559">
  <attribute name="GC Util" value="45" />
  <attribute name="CPU Util" value="27853559649535" />
  <attribute name="Time Running"value="535"/>
  <attribute name="Number of cores"value="4"/>
</cycle-end>
<allocation-satisfied id="863" threadId="00000000021DA700" bytesRequested="112872" />
<af-end id="864" timestamp="2019-07-02T20:08:57.559" threadId="00000000021DB088" success="true" from="nursery"/>
<exclusive-end id="865" timestamp="2019-07-02T20:08:57.559" durationms="0.521" />

<exclusive-start id="866" timestamp="2019-07-02T20:08:57.559" intervalms="0.661">
  <response-info timems="0.018" idlems="0.018" threads="0" lastid="00000000021DA700" lastname="main" />
</exclusive-start>
<af-start id="867" threadId="00000000021DB088" totalBytesRequested="113744" timestamp="2019-07-02T20:08:57.559" intervalms="0.661" type="nursery" />
<cycle-start id="868" type="scavenge" contextid="0" timestamp="2019-07-02T20:08:57.559" intervalms="0.662" />
  <attribute name="GC Util" value="45" />
  <attribute name="CPU Util" value="27853559649535" />
  <attribute name="Time Running"value="535"/>
  <attribute name="Number of cores"value="4"/>
<gc-start id="869" type="scavenge" contextid="868" timestamp="2019-07-02T20:08:57.559">
  <mem-info id="870" free="4819816" total="8388608" percent="57">
    <mem type="nursery" free="112072" total="2097152" percent="5">
      <mem type="allocate" free="112072" total="1835008" percent="6" />
      <mem type="survivor" free="0" total="262144" percent="0" />
    </mem>
    <mem type="tenure" free="4707744" total="6291456" percent="74">
      <mem type="soa" free="4393376" total="5977088" percent="73" />
      <mem type="loa" free="314368" total="314368" percent="100" />
    </mem>
    <remembered-set count="56" />
  </mem-info>
</gc-start>
<allocation-stats totalBytes="1604264" >
  <allocated-bytes non-tlh="1189056" tlh="415208" />
  <largest-consumer threadName="main" threadId="00000000021DA700" bytes="1604264" />
</allocation-stats>
<gc-op id="871" type="scavenge" timems="0.107" contextid="868" timestamp="2019-07-02T20:08:57.559">
  <scavenger-info tenureage="14" tenuremask="4000" tiltratio="87" />
  <memory-copied type="nursery" objects="2" bytes="56896" bytesdiscarded="39144" />
</gc-op>
<gc-end id="872" type="scavenge" contextid="868" durationms="0.234" usertimems="0.000" systemtimems="0.000" timestamp="2019-07-02T20:08:57.559" activeThreads="4">
  <mem-info id="873" free="6446712" total="8388608" percent="76">
    <mem type="nursery" free="1738968" total="2097152" percent="82">
      <mem type="allocate" free="1738968" total="1835008" percent="94" />
      <mem type="survivor" free="0" total="262144" percent="0" />
    </mem>
    <mem type="tenure" free="4707744" total="6291456" percent="74">
      <mem type="soa" free="4393376" total="5977088" percent="73" />
      <mem type="loa" free="314368" total="314368" percent="100" />
    </mem>
    <remembered-set count="56" />
  </mem-info>
</gc-end>
<cycle-end id="874" type="scavenge" contextid="868" timestamp="2019-07-02T20:08:57.559">
  <attribute name="GC Util" value="44" />
  <attribute name="CPU Util" value="27928158324478" />
  <attribute name="Time Running"value="535"/>
  <attribute name="Number of cores"value="4"/>
</cycle-end>
<allocation-satisfied id="875" threadId="00000000021DA700" bytesRequested="113744" />
<af-end id="876" timestamp="2019-07-02T20:08:57.559" threadId="00000000021DB088" success="true" from="nursery"/>
<exclusive-end id="877" timestamp="2019-07-02T20:08:57.559" durationms="0.520" />

<exclusive-start id="878" timestamp="2019-07-02T20:08:57.560" intervalms="0.677">
  <response-info timems="0.034" idlems="0.034" threads="0" lastid="00000000021DA700" lastname="main" />
</exclusive-start>
<af-start id="879" threadId="00000000021DB088" totalBytesRequested="114776" timestamp="2019-07-02T20:08:57.560" intervalms="0.677" type="nursery" />
<cycle-start id="880" type="scavenge" contextid="0" timestamp="2019-07-02T20:08:57.560" intervalms="0.676" />
  <attribute name="GC Util" value="44" />
  <attribute name="CPU Util" value="27928158324478" />
  <attribute name="Time Running"value="535"/>
  <attribute name="Number of cores"value="4"/>
<gc-start id="881" type="scavenge" contextid="880" timestamp="2019-07-02T20:08:57.560">
  <mem-info id="882" free="4742776" total="8388608" percent="56">
    <mem type="nursery" free="35032" total="2097152" percent="1">
      <mem type="allocate" free="35032" total="1835008" percent="1" />
      <mem type="survivor" free="0" total="262144" percent="0" />
    </mem>
    <mem type="tenure" free="4707744" total="6291456" percent="74">
      <mem type="soa" free="4393376" total="5977088" percent="73" />
      <mem type="loa" free="314368" total="314368" percent="100" />
    </mem>
    <remembered-set count="56" />
  </mem-info>
</gc-start>
<allocation-stats totalBytes="1673840" >
  <allocated-bytes non-tlh="1198752" tlh="475088" />
  <largest-consumer threadName="main" threadId="00000000021DA700" bytes="1673840" />
</allocation-stats>
<gc-op id="883" type="scavenge" timems="0.107" contextid="880" timestamp="2019-07-02T20:08:57.560">
  <scavenger-info tenureage="14" tenuremask="4000" tiltratio="87" />
  <memory-copied type="nursery" objects="2" bytes="57416" bytesdiscarded="39144" />
</gc-op>
<gc-end id="884" type="scavenge" contextid="880" durationms="0.235" usertimems="0.000" systemtimems="0.000" timestamp="2019-07-02T20:08:57.560" activeThreads="4">
  <mem-info id="885" free="6446192" total="8388608" percent="76">
    <mem type="nursery" free="1738448" total="2097152" percent="82">
      <mem type="allocate" free="1738448" total="1835008" percent="94" />
      <mem type="survivor" free="0" total="262144" percent="0" />
    </mem>
    <mem type="tenure" free="4707744" total="6291456" percent="74">
      <mem type="soa" free="4393376" total="5977088" percent="73" />
      <mem type="loa" free="314368" total="314368" percent="100" />
    </mem>
    <remembered-set count="56" />
  </mem-info>
</gc-end>
<cycle-end id="886" type="scavenge" contextid="880" timestamp="2019-07-02T20:08:57.560">
  <attribute name="GC Util" value="43" />
  <attribute name="CPU Util" value="27274526375051" />
  <attribute name="Time Running"value="536"/>
  <attribute name="Number of cores"value="4"/>
</cycle-end>
<allocation-satisfied id="887" threadId="00000000021DA700" bytesRequested="114776" />
<af-end id="888" timestamp="2019-07-02T20:08:57.560" threadId="00000000021DB088" success="true" from="nursery"/>
<exclusive-end id="889" timestamp="2019-07-02T20:08:57.560" durationms="0.521" />

<exclusive-start id="890" timestamp="2019-07-02T20:08:57.560" intervalms="0.667">
  <response-info timems="0.021" idlems="0.021" threads="0" lastid="00000000021DA700" lastname="main" />
</exclusive-start>
<af-start id="891" threadId="00000000021DB088" totalBytesRequested="115632" timestamp="2019-07-02T20:08:57.560" intervalms="0.668" type="nursery" />
<cycle-start id="892" type="scavenge" contextid="0" timestamp="2019-07-02T20:08:57.560" intervalms="0.667" />
  <attribute name="GC Util" value="43" />
  <attribute name="CPU Util" value="27274526375051" />
  <attribute name="Time Running"value="536"/>
  <attribute name="Number of cores"value="4"/>
<gc-start id="893" type="scavenge" contextid="892" timestamp="2019-07-02T20:08:57.560">
  <mem-info id="894" free="4733104" total="8388608" percent="56">
    <mem type="nursery" free="25360" total="2097152" percent="1">
      <mem type="allocate" free="25360" total="1835008" percent="1" />
      <mem type="survivor" free="0" total="262144" percent="0" />
    </mem>
    <mem type="tenure" free="4707744" total="6291456" percent="74">
      <mem type="soa" free="4393376" total="5977088" percent="73" />
      <mem type="loa" free="314368" total="314368" percent="100" />
    </mem>
    <remembered-set count="56" />
  </mem-info>
</gc-start>
<allocation-stats totalBytes="1686784" >
  <allocated-bytes non-tlh="1266624" tlh="420160" />
  <largest-consumer threadName="main" threadId="00000000021DA700" bytes="1686784" />
</allocation-stats>
<gc-op id="895" type="scavenge" timems="0.100" contextid="892" timestamp="2019-07-02T20:08:57.561">
  <scavenger-info tenureage="14" tenuremask="4000" tiltratio="87" />
  <memory-copied type="nursery" objects="2" bytes="57848" bytesdiscarded="39144" />
</gc-op>
<gc-end id="896" type="scavenge" contextid="892" durationms="0.227" usertimems="0.000" systemtimems="0.000" timestamp="2019-07-02T20:08:57.561" activeThreads="4">
  <mem-info id="897" free="6445760" total="8388608" percent="76">
    <mem type="nursery" free="1738016" total="2097152" percent="82">
      <mem type="allocate" free="1738016" total="1835008" percent="94" />
      <mem type="survivor" free="0" total="262144" percent="0" />
    </mem>
    <mem type="tenure" free="4707744" total="6291456" percent="74">
      <mem type="soa" free="4393376" total="5977088" percent="73" />
      <mem type="loa" free="314368" total="314368" percent="100" />
    </mem>
    <remembered-set count="56" />
  </mem-info>
</gc-end>
<cycle-end id="898" type="scavenge" contextid="892" timestamp="2019-07-02T20:08:57.561">
  <attribute name="GC Util" value="44" />
  <attribute name="CPU Util" value="27599351368641" />
  <attribute name="Time Running"value="537"/>
  <attribute name="Number of cores"value="4"/>
</cycle-end>
<allocation-satisfied id="899" threadId="00000000021DA700" bytesRequested="115632" />
<af-end id="900" timestamp="2019-07-02T20:08:57.561" threadId="00000000021DB088" success="true" from="nursery"/>
<exclusive-end id="901" timestamp="2019-07-02T20:08:57.561" durationms="0.510" />

<exclusive-start id="902" timestamp="2019-07-02T20:08:57.561" intervalms="0.655">
  <response-info timems="0.023" idlems="0.023" threads="0" lastid="00000000021DA700" lastname="main" />
</exclusive-start>
<af-start id="903" threadId="00000000021DB088" totalBytesRequested="116512" timestamp="2019-07-02T20:08:57.561" intervalms="0.655" type="nursery" />
<cycle-start id="904" type="scavenge" contextid="0" timestamp="2019-07-02T20:08:57.561" intervalms="0.656" />
  <attribute name="GC Util" value="44" />
  <attribute name="CPU Util" value="27599351368641" />
  <attribute name="Time Running"value="537"/>
  <attribute name="Number of cores"value="4"/>
<gc-start id="905" type="scavenge" contextid="904" timestamp="2019-07-02T20:08:57.561">
  <mem-info id="906" free="4756640" total="8388608" percent="56">
    <mem type="nursery" free="48896" total="2097152" percent="2">
      <mem type="allocate" free="48896" total="1835008" percent="2" />
      <mem type="survivor" free="0" total="262144" percent="0" />
    </mem>
    <mem type="tenure" free="4707744" total="6291456" percent="74">
      <mem type="soa" free="4393376" total="5977088" percent="73" />
      <mem type="loa" free="314368" total="314368" percent="100" />
    </mem>
    <remembered-set count="56" />
  </mem-info>
</gc-start>
<allocation-stats totalBytes="1664872" >
  <allocated-bytes non-tlh="1275936" tlh="388936" />
  <largest-consumer threadName="main" threadId="00000000021DA700" bytes="1664872" />
</allocation-stats>
<gc-op id="907" type="scavenge" timems="0.114" contextid="904" timestamp="2019-07-02T20:08:57.561">
  <scavenger-info tenureage="14" tenuremask="4000" tiltratio="87" />
  <memory-copied type="nursery" objects="2" bytes="58280" bytesdiscarded="39144" />
</gc-op>
<gc-end id="908" type="scavenge" contextid="904" durationms="0.267" usertimems="0.000" systemtimems="0.000" timestamp="2019-07-02T20:08:57.561" activeThreads="4">
  <mem-info id="909" free="6445328" total="8388608" percent="76">
    <mem type="nursery" free="1737584" total="2097152" percent="82">
      <mem type="allocate" free="1737584" total="1835008" percent="94" />
      <mem type="survivor" free="0" total="262144" percent="0" />
    </mem>
    <mem type="tenure" free="4707744" total="6291456" percent="74">
      <mem type="soa" free="4393376" total="5977088" percent="73" />
      <mem type="loa" free="314368" total="314368" percent="100" />
    </mem>
    <remembered-set count="56" />
  </mem-info>
</gc-end>
<cycle-end id="910" type="scavenge" contextid="904" timestamp="2019-07-02T20:08:57.561">
  <attribute name="GC Util" value="42" />
  <attribute name="CPU Util" value="27104127710653" />
  <attribute name="Time Running"value="538"/>
  <attribute name="Number of cores"value="4"/>
</cycle-end>
<allocation-satisfied id="911" threadId="00000000021DA700" bytesRequested="116512" />
<af-end id="912" timestamp="2019-07-02T20:08:57.561" threadId="00000000021DB088" success="true" from="nursery"/>
<exclusive-end id="913" timestamp="2019-07-02T20:08:57.561" durationms="0.555" />

<exclusive-start id="914" timestamp="2019-07-02T20:08:57.562" intervalms="0.700">
  <response-info timems="0.020" idlems="0.020" threads="0" lastid="00000000021DA700" lastname="main" />
</exclusive-start>
<af-start id="915" threadId="00000000021DB088" totalBytesRequested="117144" timestamp="2019-07-02T20:08:57.562" intervalms="0.699" type="nursery" />
<cycle-start id="916" type="scavenge" contextid="0" timestamp="2019-07-02T20:08:57.562" intervalms="0.699" />
  <attribute name="GC Util" value="42" />
  <attribute name="CPU Util" value="27104127710653" />
  <attribute name="Time Running"value="538"/>
  <attribute name="Number of cores"value="4"/>
<gc-start id="917" type="scavenge" contextid="916" timestamp="2019-07-02T20:08:57.562">
  <mem-info id="918" free="4714224" total="8388608" percent="56">
    <mem type="nursery" free="6480" total="2097152" percent="0">
      <mem type="allocate" free="6480" total="1835008" percent="0" />
      <mem type="survivor" free="0" total="262144" percent="0" />
    </mem>
    <mem type="tenure" free="4707744" total="6291456" percent="74">
      <mem type="soa" free="4393376" total="5977088" percent="73" />
      <mem type="loa" free="314368" total="314368" percent="100" />
    </mem>
    <remembered-set count="56" />
  </mem-info>
</gc-start>
<allocation-stats totalBytes="1708736" >
  <allocated-bytes non-tlh="1284640" tlh="424096" />
  <largest-consumer threadName="main" threadId="00000000021DA700" bytes="1708736" />
</allocation-stats>
<gc-op id="919" type="scavenge" timems="0.108" contextid="916" timestamp="2019-07-02T20:08:57.562">
  <scavenger-info tenureage="14" tenuremask="4000" tiltratio="87" />
  <memory-copied type="nursery" objects="2" bytes="58600" bytesdiscarded="39144" />
</gc-op>
<gc-end id="920" type="scavenge" contextid="916" durationms="0.235" usertimems="0.000" systemtimems="0.000" timestamp="2019-07-02T20:08:57.562" activeThreads="4">
  <mem-info id="921" free="6445008" total="8388608" percent="76">
    <mem type="nursery" free="1737264" total="2097152" percent="82">
      <mem type="allocate" free="1737264" total="1835008" percent="94" />
      <mem type="survivor" free="0" total="262144" percent="0" />
    </mem>
    <mem type="tenure" free="4707744" total="6291456" percent="74">
      <mem type="soa" free="4393376" total="5977088" percent="73" />
      <mem type="loa" free="314368" total="314368" percent="100" />
    </mem>
    <remembered-set count="56" />
  </mem-info>
</gc-end>
<cycle-end id="922" type="scavenge" contextid="916" timestamp="2019-07-02T20:08:57.562">
  <attribute name="GC Util" value="47" />
  <attribute name="CPU Util" value="27384089292796" />
  <attribute name="Time Running"value="538"/>
  <attribute name="Number of cores"value="4"/>
</cycle-end>
<allocation-satisfied id="923" threadId="00000000021DA700" bytesRequested="117144" />
<af-end id="924" timestamp="2019-07-02T20:08:57.562" threadId="00000000021DB088" success="true" from="nursery"/>
<exclusive-end id="925" timestamp="2019-07-02T20:08:57.562" durationms="0.523" />

<exclusive-start id="926" timestamp="2019-07-02T20:08:57.562" intervalms="0.668">
  <response-info timems="0.020" idlems="0.020" threads="0" lastid="00000000021DA700" lastname="main" />
</exclusive-start>
<af-start id="927" threadId="00000000021DB088" totalBytesRequested="118096" timestamp="2019-07-02T20:08:57.562" intervalms="0.669" type="nursery" />
<cycle-start id="928" type="scavenge" contextid="0" timestamp="2019-07-02T20:08:57.562" intervalms="0.669" />
  <attribute name="GC Util" value="47" />
  <attribute name="CPU Util" value="27384089292796" />
  <attribute name="Time Running"value="538"/>
  <attribute name="Number of cores"value="4"/>
<gc-start id="929" type="scavenge" contextid="928" timestamp="2019-07-02T20:08:57.562">
  <mem-info id="930" free="4754280" total="8388608" percent="56">
    <mem type="nursery" free="46536" total="2097152" percent="2">
      <mem type="allocate" free="46536" total="1835008" percent="2" />
      <mem type="survivor" free="0" total="262144" percent="0" />
    </mem>
    <mem type="tenure" free="4707744" total="6291456" percent="74">
      <mem type="soa" free="4393376" total="5977088" percent="73" />
      <mem type="loa" free="314368" total="314368" percent="100" />
    </mem>
    <remembered-set count="56" />
  </mem-info>
</gc-start>
<allocation-stats totalBytes="1670432" >
  <allocated-bytes non-tlh="1292992" tlh="377440" />
  <largest-consumer threadName="main" threadId="00000000021DA700" bytes="1670432" />
</allocation-stats>
<gc-op id="931" type="scavenge" timems="0.131" contextid="928" timestamp="2019-07-02T20:08:57.563">
  <scavenger-info tenureage="14" tenuremask="4000" tiltratio="87" />
  <memory-copied type="nursery" objects="2" bytes="59072" bytesdiscarded="39144" />
</gc-op>
<gc-end id="932" type="scavenge" contextid="928" durationms="0.260" usertimems="0.000" systemtimems="0.000" timestamp="2019-07-02T20:08:57.563" activeThreads="4">
  <mem-info id="933" free="6444536" total="8388608" percent="76">
    <mem type="nursery" free="1736792" total="2097152" percent="82">
      <mem type="allocate" free="1736792" total="1835008" percent="94" />
      <mem type="survivor" free="0" total="262144" percent="0" />
    </mem>
    <mem type="tenure" free="4707744" total="6291456" percent="74">
      <mem type="soa" free="4393376" total="5977088" percent="73" />
      <mem type="loa" free="314368" total="314368" percent="100" />
    </mem>
    <remembered-set count="56" />
  </mem-info>
</gc-end>
<cycle-end id="934" type="scavenge" contextid="928" timestamp="2019-07-02T20:08:57.563">
  <attribute name="GC Util" value="44" />
  <attribute name="CPU Util" value="27620385601140" />
  <attribute name="Time Running"value="539"/>
  <attribute name="Number of cores"value="4"/>
</cycle-end>
<allocation-satisfied id="935" threadId="00000000021DA700" bytesRequested="118096" />
<af-end id="936" timestamp="2019-07-02T20:08:57.563" threadId="00000000021DB088" success="true" from="nursery"/>
<exclusive-end id="937" timestamp="2019-07-02T20:08:57.563" durationms="0.547" />

<exclusive-start id="938" timestamp="2019-07-02T20:08:57.563" intervalms="0.689">
  <response-info timems="0.018" idlems="0.018" threads="0" lastid="00000000021DA700" lastname="main" />
</exclusive-start>
<af-start id="939" threadId="00000000021DB088" totalBytesRequested="118768" timestamp="2019-07-02T20:08:57.563" intervalms="0.688" type="nursery" />
<cycle-start id="940" type="scavenge" contextid="0" timestamp="2019-07-02T20:08:57.563" intervalms="0.688" />
  <attribute name="GC Util" value="44" />
  <attribute name="CPU Util" value="27620385601140" />
  <attribute name="Time Running"value="539"/>
  <attribute name="Number of cores"value="4"/>
<gc-start id="941" type="scavenge" contextid="940" timestamp="2019-07-02T20:08:57.563">
  <mem-info id="942" free="4707744" total="8388608" percent="56">
    <mem type="nursery" free="0" total="2097152" percent="0">
      <mem type="allocate" free="0" total="1835008" percent="0" />
      <mem type="survivor" free="0" total="262144" percent="0" />
    </mem>
    <mem type="tenure" free="4707744" total="6291456" percent="74">
      <mem type="soa" free="4393376" total="5977088" percent="73" />
      <mem type="loa" free="314368" total="314368" percent="100" />
    </mem>
    <remembered-set count="56" />
  </mem-info>
</gc-start>
<allocation-stats totalBytes="1718448" >
  <allocated-bytes non-tlh="1302200" tlh="416248" />
  <largest-consumer threadName="main" threadId="00000000021DA700" bytes="1718448" />
</allocation-stats>
<gc-op id="943" type="scavenge" timems="0.131" contextid="940" timestamp="2019-07-02T20:08:57.563">
  <scavenger-info tenureage="14" tenuremask="4000" tiltratio="87" />
  <memory-copied type="nursery" objects="2" bytes="59416" bytesdiscarded="39144" />
</gc-op>
<gc-end id="944" type="scavenge" contextid="940" durationms="0.257" usertimems="0.000" systemtimems="0.000" timestamp="2019-07-02T20:08:57.563" activeThreads="4">
  <mem-info id="945" free="6444192" total="8388608" percent="76">
    <mem type="nursery" free="1736448" total="2097152" percent="82">
      <mem type="allocate" free="1736448" total="1835008" percent="94" />
      <mem type="survivor" free="0" total="262144" percent="0" />
    </mem>
    <mem type="tenure" free="4707744" total="6291456" percent="74">
      <mem type="soa" free="4393376" total="5977088" percent="73" />
      <mem type="loa" free="314368" total="314368" percent="100" />
    </mem>
    <remembered-set count="56" />
  </mem-info>
</gc-end>
<cycle-end id="946" type="scavenge" contextid="940" timestamp="2019-07-02T20:08:57.563">
  <attribute name="GC Util" value="44" />
  <attribute name="CPU Util" value="26775817198836" />
  <attribute name="Time Running"value="540"/>
  <attribute name="Number of cores"value="4"/>
</cycle-end>
<allocation-satisfied id="947" threadId="00000000021DA700" bytesRequested="118768" />
<af-end id="948" timestamp="2019-07-02T20:08:57.563" threadId="00000000021DB088" success="true" from="nursery"/>
<exclusive-end id="949" timestamp="2019-07-02T20:08:57.563" durationms="0.544" />

<exclusive-start id="950" timestamp="2019-07-02T20:08:57.564" intervalms="0.690">
  <response-info timems="0.018" idlems="0.018" threads="0" lastid="00000000021DA700" lastname="main" />
</exclusive-start>
<af-start id="951" threadId="00000000021DB088" totalBytesRequested="119920" timestamp="2019-07-02T20:08:57.564" intervalms="0.690" type="nursery" />
<cycle-start id="952" type="scavenge" contextid="0" timestamp="2019-07-02T20:08:57.564" intervalms="0.689" />
  <attribute name="GC Util" value="44" />
  <attribute name="CPU Util" value="26775817198836" />
  <attribute name="Time Running"value="540"/>
  <attribute name="Number of cores"value="4"/>
<gc-start id="953" type="scavenge" contextid="952" timestamp="2019-07-02T20:08:57.564">
  <mem-info id="954" free="4707744" total="8388608" percent="56">
    <mem type="nursery" free="0" total="2097152" percent="0">
      <mem type="allocate" free="0" total="1835008" percent="0" />
      <mem type="survivor" free="0" total="262144" percent="0" />
    </mem>
    <mem type="tenure" free="4707744" total="6291456" percent="74">
      <mem type="soa" free="4393376" total="5977088" percent="73" />
      <mem type="loa" free="314368" total="314368" percent="100" />
    </mem>
    <remembered-set count="56" />
  </mem-info>
</gc-start>
<allocation-stats totalBytes="1715088" >
  <allocated-bytes non-tlh="1431728" tlh="283360" />
  <largest-consumer threadName="main" threadId="00000000021DA700" bytes="1715088" />
</allocation-stats>
<gc-op id="955" type="scavenge" timems="0.107" contextid="952" timestamp="2019-07-02T20:08:57.564">
  <scavenger-info tenureage="14" tenuremask="4000" tiltratio="87" />
  <memory-copied type="nursery" objects="2" bytes="59984" bytesdiscarded="39144" />
</gc-op>
<gc-end id="956" type="scavenge" contextid="952" durationms="0.234" usertimems="0.000" systemtimems="0.000" timestamp="2019-07-02T20:08:57.564" activeThreads="4">
  <mem-info id="957" free="6443624" total="8388608" percent="76">
    <mem type="nursery" free="1735880" total="2097152" percent="82">
      <mem type="allocate" free="1735880" total="1835008" percent="94" />
      <mem type="survivor" free="0" total="262144" percent="0" />
    </mem>
    <mem type="tenure" free="4707744" total="6291456" percent="74">
      <mem type="soa" free="4393376" total="5977088" percent="73" />
      <mem type="loa" free="314368" total="314368" percent="100" />
    </mem>
    <remembered-set count="56" />
  </mem-info>
</gc-end>
<cycle-end id="958" type="scavenge" contextid="952" timestamp="2019-07-02T20:08:57.564">
  <attribute name="GC Util" value="44" />
  <attribute name="CPU Util" value="26793045752611" />
  <attribute name="Time Running"value="540"/>
  <attribute name="Number of cores"value="4"/>
</cycle-end>
<allocation-satisfied id="959" threadId="00000000021DA700" bytesRequested="119920" />
<af-end id="960" timestamp="2019-07-02T20:08:57.564" threadId="00000000021DB088" success="true" from="nursery"/>
<exclusive-end id="961" timestamp="2019-07-02T20:08:57.564" durationms="0.522" />

<exclusive-start id="962" timestamp="2019-07-02T20:08:57.564" intervalms="0.666">
  <response-info timems="0.018" idlems="0.018" threads="0" lastid="00000000021DA700" lastname="main" />
</exclusive-start>
<af-start id="963" threadId="00000000021DB088" totalBytesRequested="120800" timestamp="2019-07-02T20:08:57.564" intervalms="0.666" type="nursery" />
<cycle-start id="964" type="scavenge" contextid="0" timestamp="2019-07-02T20:08:57.564" intervalms="0.667" />
  <attribute name="GC Util" value="44" />
  <attribute name="CPU Util" value="26793045752611" />
  <attribute name="Time Running"value="540"/>
  <attribute name="Number of cores"value="4"/>
<gc-start id="965" type="scavenge" contextid="964" timestamp="2019-07-02T20:08:57.564">
  <mem-info id="966" free="4732464" total="8388608" percent="56">
    <mem type="nursery" free="24720" total="2097152" percent="1">
      <mem type="allocate" free="24720" total="1835008" percent="1" />
      <mem type="survivor" free="0" total="262144" percent="0" />
    </mem>
    <mem type="tenure" free="4707744" total="6291456" percent="74">
      <mem type="soa" free="4393376" total="5977088" percent="73" />
      <mem type="loa" free="314368" total="314368" percent="100" />
    </mem>
    <remembered-set count="56" />
  </mem-info>
</gc-start>
<allocation-stats totalBytes="1695800" >
  <allocated-bytes non-tlh="1383480" tlh="312320" />
  <largest-consumer threadName="main" threadId="00000000021DA700" bytes="1695800" />
</allocation-stats>
<gc-op id="967" type="scavenge" timems="0.130" contextid="964" timestamp="2019-07-02T20:08:57.565">
  <scavenger-info tenureage="14" tenuremask="4000" tiltratio="87" />
  <memory-copied type="nursery" objects="2" bytes="60424" bytesdiscarded="39144" />
</gc-op>
<gc-end id="968" type="scavenge" contextid="964" durationms="0.257" usertimems="0.000" systemtimems="0.000" timestamp="2019-07-02T20:08:57.565" activeThreads="4">
  <mem-info id="969" free="6443184" total="8388608" percent="76">
    <mem type="nursery" free="1735440" total="2097152" percent="82">
      <mem type="allocate" free="1735440" total="1835008" percent="94" />
      <mem type="survivor" free="0" total="262144" percent="0" />
    </mem>
    <mem type="tenure" free="4707744" total="6291456" percent="74">
      <mem type="soa" free="4393376" total="5977088" percent="73" />
      <mem type="loa" free="314368" total="314368" percent="100" />
    </mem>
    <remembered-set count="56" />
  </mem-info>
</gc-end>
<cycle-end id="970" type="scavenge" contextid="964" timestamp="2019-07-02T20:08:57.565">
  <attribute name="GC Util" value="45" />
  <attribute name="CPU Util" value="27655334329079" />
  <attribute name="Time Running"value="541"/>
  <attribute name="Number of cores"value="4"/>
</cycle-end>
<allocation-satisfied id="971" threadId="00000000021DA700" bytesRequested="120800" />
<af-end id="972" timestamp="2019-07-02T20:08:57.565" threadId="00000000021DB088" success="true" from="nursery"/>
<exclusive-end id="973" timestamp="2019-07-02T20:08:57.565" durationms="0.544" />

<exclusive-start id="974" timestamp="2019-07-02T20:08:57.565" intervalms="0.686">
  <response-info timems="0.018" idlems="0.018" threads="0" lastid="00000000021DA700" lastname="main" />
</exclusive-start>
<af-start id="975" threadId="00000000021DB088" totalBytesRequested="61000" timestamp="2019-07-02T20:08:57.565" intervalms="0.686" type="nursery" />
<cycle-start id="976" type="scavenge" contextid="0" timestamp="2019-07-02T20:08:57.565" intervalms="0.695" />
  <attribute name="GC Util" value="45" />
  <attribute name="CPU Util" value="27655334329079" />
  <attribute name="Time Running"value="541"/>
  <attribute name="Number of cores"value="4"/>
<gc-start id="977" type="scavenge" contextid="976" timestamp="2019-07-02T20:08:57.565">
  <mem-info id="978" free="4707744" total="8388608" percent="56">
    <mem type="nursery" free="0" total="2097152" percent="0">
      <mem type="allocate" free="0" total="1835008" percent="0" />
      <mem type="survivor" free="0" total="262144" percent="0" />
    </mem>
    <mem type="tenure" free="4707744" total="6291456" percent="74">
      <mem type="soa" free="4393376" total="5977088" percent="73" />
      <mem type="loa" free="314368" total="314368" percent="100" />
    </mem>
    <remembered-set count="56" />
  </mem-info>
</gc-start>
<allocation-stats totalBytes="1639400" >
  <allocated-bytes non-tlh="1395560" tlh="243840" />
  <largest-consumer threadName="main" threadId="00000000021DA700" bytes="1639400" />
</allocation-stats>
<gc-op id="979" type="scavenge" timems="0.132" contextid="976" timestamp="2019-07-02T20:08:57.565">
  <scavenger-info tenureage="14" tenuremask="4000" tiltratio="87" />
  <memory-copied type="nursery" objects="4" bytes="61080" bytesdiscarded="39088" />
</gc-op>
<gc-end id="980" type="scavenge" contextid="976" durationms="0.265" usertimems="0.000" systemtimems="0.000" timestamp="2019-07-02T20:08:57.565" activeThreads="4">
  <mem-info id="981" free="6442584" total="8388608" percent="76">
    <mem type="nursery" free="1734840" total="2097152" percent="82">
      <mem type="allocate" free="1734840" total="1835008" percent="94" />
      <mem type="survivor" free="0" total="262144" percent="0" />
    </mem>
    <mem type="tenure" free="4707744" total="6291456" percent="74">
      <mem type="soa" free="4393376" total="5977088" percent="73" />
      <mem type="loa" free="314368" total="314368" percent="100" />
    </mem>
    <remembered-set count="56" />
  </mem-info>
</gc-end>
<cycle-end id="982" type="scavenge" contextid="976" timestamp="2019-07-02T20:08:57.565">
  <attribute name="GC Util" value="43" />
  <attribute name="CPU Util" value="26221123699060" />
  <attribute name="Time Running"value="542"/>
  <attribute name="Number of cores"value="4"/>
</cycle-end>
<allocation-satisfied id="983" threadId="00000000021DA700" bytesRequested="61000" />
<af-end id="984" timestamp="2019-07-02T20:08:57.566" threadId="00000000021DB088" success="true" from="nursery"/>
<exclusive-end id="985" timestamp="2019-07-02T20:08:57.566" durationms="0.645" />

<exclusive-start id="986" timestamp="2019-07-02T20:08:57.566" intervalms="0.793">
  <response-info timems="0.018" idlems="0.018" threads="0" lastid="00000000021DA700" lastname="main" />
</exclusive-start>
<af-start id="987" threadId="00000000021DB088" totalBytesRequested="61336" timestamp="2019-07-02T20:08:57.566" intervalms="0.793" type="nursery" />
<cycle-start id="988" type="scavenge" contextid="0" timestamp="2019-07-02T20:08:57.566" intervalms="0.826" />
  <attribute name="GC Util" value="43" />
  <attribute name="CPU Util" value="26221123699060" />
  <attribute name="Time Running"value="542"/>
  <attribute name="Number of cores"value="4"/>
<gc-start id="989" type="scavenge" contextid="988" timestamp="2019-07-02T20:08:57.566">
  <mem-info id="990" free="4707744" total="8388608" percent="56">
    <mem type="nursery" free="0" total="2097152" percent="0">
      <mem type="allocate" free="0" total="1835008" percent="0" />
      <mem type="survivor" free="0" total="262144" percent="0" />
    </mem>
    <mem type="tenure" free="4707744" total="6291456" percent="74">
      <mem type="soa" free="4393376" total="5977088" percent="73" />
      <mem type="loa" free="314368" total="314368" percent="100" />
    </mem>
    <remembered-set count="56" />
  </mem-info>
</gc-start>
<allocation-stats totalBytes="1712824" >
  <allocated-bytes non-tlh="1406032" tlh="306792" />
  <largest-consumer threadName="main" threadId="00000000021DA700" bytes="1712824" />
</allocation-stats>
<gc-op id="991" type="scavenge" timems="0.109" contextid="988" timestamp="2019-07-02T20:08:57.566">
  <scavenger-info tenureage="14" tenuremask="4000" tiltratio="87" />
  <memory-copied type="nursery" objects="4" bytes="61416" bytesdiscarded="39088" />
</gc-op>
<gc-end id="992" type="scavenge" contextid="988" durationms="0.238" usertimems="0.000" systemtimems="0.000" timestamp="2019-07-02T20:08:57.566" activeThreads="4">
  <mem-info id="993" free="6442248" total="8388608" percent="76">
    <mem type="nursery" free="1734504" total="2097152" percent="82">
      <mem type="allocate" free="1734504" total="1835008" percent="94" />
      <mem type="survivor" free="0" total="262144" percent="0" />
    </mem>
    <mem type="tenure" free="4707744" total="6291456" percent="74">
      <mem type="soa" free="4393376" total="5977088" percent="73" />
      <mem type="loa" free="314368" total="314368" percent="100" />
    </mem>
    <remembered-set count="56" />
  </mem-info>
</gc-end>
<cycle-end id="994" type="scavenge" contextid="988" timestamp="2019-07-02T20:08:57.566">
  <attribute name="GC Util" value="38" />
  <attribute name="CPU Util" value="22443615301002" />
  <attribute name="Time Running"value="542"/>
  <attribute name="Number of cores"value="4"/>
</cycle-end>
<allocation-satisfied id="995" threadId="00000000021DA700" bytesRequested="61336" />
<af-end id="996" timestamp="2019-07-02T20:08:57.566" threadId="00000000021DB088" success="true" from="nursery"/>
<exclusive-end id="997" timestamp="2019-07-02T20:08:57.566" durationms="0.567" />

<exclusive-start id="998" timestamp="2019-07-02T20:08:57.566" intervalms="0.713">
  <response-info timems="0.020" idlems="0.020" threads="0" lastid="00000000021DA700" lastname="main" />
</exclusive-start>
<af-start id="999" threadId="00000000021DB088" totalBytesRequested="61880" timestamp="2019-07-02T20:08:57.567" intervalms="0.713" type="nursery" />
<cycle-start id="1000" type="scavenge" contextid="0" timestamp="2019-07-02T20:08:57.567" intervalms="0.671" />
  <attribute name="GC Util" value="38" />
  <attribute name="CPU Util" value="22443615301002" />
  <attribute name="Time Running"value="542"/>
  <attribute name="Number of cores"value="4"/>
<gc-start id="1001" type="scavenge" contextid="1000" timestamp="2019-07-02T20:08:57.567">
  <mem-info id="1002" free="4707744" total="8388608" percent="56">
    <mem type="nursery" free="0" total="2097152" percent="0">
      <mem type="allocate" free="0" total="1835008" percent="0" />
      <mem type="survivor" free="0" total="262144" percent="0" />
    </mem>
    <mem type="tenure" free="4707744" total="6291456" percent="74">
      <mem type="soa" free="4393376" total="5977088" percent="73" />
      <mem type="loa" free="314368" total="314368" percent="100" />
    </mem>
    <remembered-set count="56" />
  </mem-info>
</gc-start>
<allocation-stats totalBytes="1701424" >
  <allocated-bytes non-tlh="1477816" tlh="223608" />
  <largest-consumer threadName="main" threadId="00000000021DA700" bytes="1701424" />
</allocation-stats>
<gc-op id="1003" type="scavenge" timems="0.134" contextid="1000" timestamp="2019-07-02T20:08:57.567">
  <scavenger-info tenureage="14" tenuremask="4000" tiltratio="87" />
  <memory-copied type="nursery" objects="2" bytes="123536" bytesdiscarded="39144" />
</gc-op>
<gc-end id="1004" type="scavenge" contextid="1000" durationms="0.261" usertimems="0.000" systemtimems="0.000" timestamp="2019-07-02T20:08:57.567" activeThreads="4">
  <mem-info id="1005" free="6380072" total="8388608" percent="76">
    <mem type="nursery" free="1672328" total="2097152" percent="79">
      <mem type="allocate" free="1672328" total="1835008" percent="91" />
      <mem type="survivor" free="0" total="262144" percent="0" />
    </mem>
    <mem type="tenure" free="4707744" total="6291456" percent="74">
      <mem type="soa" free="4393376" total="5977088" percent="73" />
      <mem type="loa" free="314368" total="314368" percent="100" />
    </mem>
    <remembered-set count="56" />
  </mem-info>
</gc-end>
<cycle-end id="1006" type="scavenge" contextid="1000" timestamp="2019-07-02T20:08:57.567">
  <attribute name="GC Util" value="45" />
  <attribute name="CPU Util" value="27667238712314" />
  <attribute name="Time Running"value="543"/>
  <attribute name="Number of cores"value="4"/>
</cycle-end>
<allocation-satisfied id="1007" threadId="00000000021DA700" bytesRequested="61880" />
<af-end id="1008" timestamp="2019-07-02T20:08:57.567" threadId="00000000021DB088" success="true" from="nursery"/>
<exclusive-end id="1009" timestamp="2019-07-02T20:08:57.567" durationms="0.547" />

<exclusive-start id="1010" timestamp="2019-07-02T20:08:57.567" intervalms="0.695">
  <response-info timems="0.023" idlems="0.023" threads="0" lastid="00000000021DA700" lastname="main" />
</exclusive-start>
<af-start id="1011" threadId="00000000021DB088" totalBytesRequested="124608" timestamp="2019-07-02T20:08:57.567" intervalms="0.695" type="nursery" />
<cycle-start id="1012" type="scavenge" contextid="0" timestamp="2019-07-02T20:08:57.567" intervalms="0.696" />
  <attribute name="GC Util" value="45" />
  <attribute name="CPU Util" value="27667238712314" />
  <attribute name="Time Running"value="543"/>
  <attribute name="Number of cores"value="4"/>
<gc-start id="1013" type="scavenge" contextid="1012" timestamp="2019-07-02T20:08:57.567">
  <mem-info id="1014" free="4707744" total="8388608" percent="56">
    <mem type="nursery" free="0" total="2097152" percent="0">
      <mem type="allocate" free="0" total="1835008" percent="0" />
      <mem type="survivor" free="0" total="262144" percent="0" />
    </mem>
    <mem type="tenure" free="4707744" total="6291456" percent="74">
      <mem type="soa" free="4393376" total="5977088" percent="73" />
      <mem type="loa" free="314368" total="314368" percent="100" />
    </mem>
    <remembered-set count="56" />
  </mem-info>
</gc-start>
<allocation-stats totalBytes="1666712" >
  <allocated-bytes non-tlh="1364208" tlh="302504" />
  <largest-consumer threadName="main" threadId="00000000021DA700" bytes="1666712" />
</allocation-stats>
<gc-op id="1015" type="scavenge" timems="0.131" contextid="1012" timestamp="2019-07-02T20:08:57.567">
  <scavenger-info tenureage="14" tenuremask="4000" tiltratio="87" />
  <memory-copied type="nursery" objects="2" bytes="62328" bytesdiscarded="39144" />
</gc-op>
<gc-end id="1016" type="scavenge" contextid="1012" durationms="0.259" usertimems="0.000" systemtimems="0.000" timestamp="2019-07-02T20:08:57.568" activeThreads="4">
  <mem-info id="1017" free="6441280" total="8388608" percent="76">
    <mem type="nursery" free="1733536" total="2097152" percent="82">
      <mem type="allocate" free="1733536" total="1835008" percent="94" />
      <mem type="survivor" free="0" total="262144" percent="0" />
    </mem>
    <mem type="tenure" free="4707744" total="6291456" percent="74">
      <mem type="soa" free="4393376" total="5977088" percent="73" />
      <mem type="loa" free="314368" total="314368" percent="100" />
    </mem>
    <remembered-set count="56" />
  </mem-info>
</gc-end>
<cycle-end id="1018" type="scavenge" contextid="1012" timestamp="2019-07-02T20:08:57.568">
  <attribute name="GC Util" value="44" />
  <attribute name="CPU Util" value="26490621196327" />
  <attribute name="Time Running"value="544"/>
  <attribute name="Number of cores"value="4"/>
</cycle-end>
<allocation-satisfied id="1019" threadId="00000000021DA700" bytesRequested="124608" />
<af-end id="1020" timestamp="2019-07-02T20:08:57.568" threadId="00000000021DB088" success="true" from="nursery"/>
<exclusive-end id="1021" timestamp="2019-07-02T20:08:57.568" durationms="0.546" />

<exclusive-start id="1022" timestamp="2019-07-02T20:08:57.568" intervalms="0.698">
  <response-info timems="0.022" idlems="0.022" threads="0" lastid="00000000021DA700" lastname="main" />
</exclusive-start>
<af-start id="1023" threadId="00000000021DB088" totalBytesRequested="62712" timestamp="2019-07-02T20:08:57.568" intervalms="0.698" type="nursery" />
<cycle-start id="1024" type="scavenge" contextid="0" timestamp="2019-07-02T20:08:57.568" intervalms="0.697" />
  <attribute name="GC Util" value="44" />
  <attribute name="CPU Util" value="26490621196327" />
  <attribute name="Time Running"value="544"/>
  <attribute name="Number of cores"value="4"/>
<gc-start id="1025" type="scavenge" contextid="1024" timestamp="2019-07-02T20:08:57.568">
  <mem-info id="1026" free="4707744" total="8388608" percent="56">
    <mem type="nursery" free="0" total="2097152" percent="0">
      <mem type="allocate" free="0" total="1835008" percent="0" />
      <mem type="survivor" free="0" total="262144" percent="0" />
    </mem>
    <mem type="tenure" free="4707744" total="6291456" percent="74">
      <mem type="soa" free="4393376" total="5977088" percent="73" />
      <mem type="loa" free="314368" total="314368" percent="100" />
    </mem>
    <remembered-set count="56" />
  </mem-info>
</gc-start>
<allocation-stats totalBytes="1687984" >
  <allocated-bytes non-tlh="1436976" tlh="251008" />
  <largest-consumer threadName="main" threadId="00000000021DA700" bytes="1687984" />
</allocation-stats>
<gc-op id="1027" type="scavenge" timems="0.131" contextid="1024" timestamp="2019-07-02T20:08:57.568">
  <scavenger-info tenureage="14" tenuremask="4000" tiltratio="87" />
  <memory-copied type="nursery" objects="4" bytes="62792" bytesdiscarded="39088" />
</gc-op>
<gc-end id="1028" type="scavenge" contextid="1024" durationms="0.258" usertimems="0.000" systemtimems="0.000" timestamp="2019-07-02T20:08:57.568" activeThreads="4">
  <mem-info id="1029" free="6440872" total="8388608" percent="76">
    <mem type="nursery" free="1733128" total="2097152" percent="82">
      <mem type="allocate" free="1733128" total="1835008" percent="94" />
      <mem type="survivor" free="0" total="262144" percent="0" />
    </mem>
    <mem type="tenure" free="4707744" total="6291456" percent="74">
      <mem type="soa" free="4393376" total="5977088" percent="73" />
      <mem type="loa" free="314368" total="314368" percent="100" />
    </mem>
    <remembered-set count="56" />
  </mem-info>
</gc-end>
<cycle-end id="1030" type="scavenge" contextid="1024" timestamp="2019-07-02T20:08:57.568">
  <attribute name="GC Util" value="44" />
  <attribute name="CPU Util" value="26514418872445" />
  <attribute name="Time Running"value="544"/>
  <attribute name="Number of cores"value="4"/>
</cycle-end>
<allocation-satisfied id="1031" threadId="00000000021DA700" bytesRequested="62712" />
<af-end id="1032" timestamp="2019-07-02T20:08:57.568" threadId="00000000021DB088" success="true" from="nursery"/>
<exclusive-end id="1033" timestamp="2019-07-02T20:08:57.568" durationms="0.543" />

<exclusive-start id="1034" timestamp="2019-07-02T20:08:57.569" intervalms="0.692">
  <response-info timems="0.020" idlems="0.020" threads="0" lastid="00000000021DA700" lastname="main" />
</exclusive-start>
<af-start id="1035" threadId="00000000021DB088" totalBytesRequested="63224" timestamp="2019-07-02T20:08:57.569" intervalms="0.692" type="nursery" />
<cycle-start id="1036" type="scavenge" contextid="0" timestamp="2019-07-02T20:08:57.569" intervalms="0.692" />
  <attribute name="GC Util" value="44" />
  <attribute name="CPU Util" value="26514418872445" />
  <attribute name="Time Running"value="544"/>
  <attribute name="Number of cores"value="4"/>
<gc-start id="1037" type="scavenge" contextid="1036" timestamp="2019-07-02T20:08:57.569">
  <mem-info id="1038" free="4707744" total="8388608" percent="56">
    <mem type="nursery" free="0" total="2097152" percent="0">
      <mem type="allocate" free="0" total="1835008" percent="0" />
      <mem type="survivor" free="0" total="262144" percent="0" />
    </mem>
    <mem type="tenure" free="4707744" total="6291456" percent="74">
      <mem type="soa" free="4393376" total="5977088" percent="73" />
      <mem type="loa" free="314368" total="314368" percent="100" />
    </mem>
    <remembered-set count="56" />
  </mem-info>
</gc-start>
<allocation-stats totalBytes="1699816" >
  <allocated-bytes non-tlh="1510304" tlh="189512" />
  <largest-consumer threadName="main" threadId="00000000021DA700" bytes="1699816" />
</allocation-stats>
<gc-op id="1039" type="scavenge" timems="0.135" contextid="1036" timestamp="2019-07-02T20:08:57.569">
  <scavenger-info tenureage="14" tenuremask="4000" tiltratio="87" />
  <memory-copied type="nursery" objects="2" bytes="126208" bytesdiscarded="39144" />
</gc-op>
<gc-end id="1040" type="scavenge" contextid="1036" durationms="0.262" usertimems="0.000" systemtimems="0.000" timestamp="2019-07-02T20:08:57.569" activeThreads="4">
  <mem-info id="1041" free="6377400" total="8388608" percent="76">
    <mem type="nursery" free="1669656" total="2097152" percent="79">
      <mem type="allocate" free="1669656" total="1835008" percent="90" />
      <mem type="survivor" free="0" total="262144" percent="0" />
    </mem>
    <mem type="tenure" free="4707744" total="6291456" percent="74">
      <mem type="soa" free="4393376" total="5977088" percent="73" />
      <mem type="loa" free="314368" total="314368" percent="100" />
    </mem>
    <remembered-set count="56" />
  </mem-info>
</gc-end>
<cycle-end id="1042" type="scavenge" contextid="1036" timestamp="2019-07-02T20:08:57.569">
  <attribute name="GC Util" value="43" />
  <attribute name="CPU Util" value="26621482594850" />
  <attribute name="Time Running"value="545"/>
  <attribute name="Number of cores"value="4"/>
</cycle-end>
<allocation-satisfied id="1043" threadId="00000000021DA700" bytesRequested="63224" />
<af-end id="1044" timestamp="2019-07-02T20:08:57.569" threadId="00000000021DB088" success="true" from="nursery"/>
<exclusive-end id="1045" timestamp="2019-07-02T20:08:57.569" durationms="0.574" />

<exclusive-start id="1046" timestamp="2019-07-02T20:08:57.569" intervalms="0.778">
  <response-info timems="0.075" idlems="0.075" threads="0" lastid="00000000021DA700" lastname="main" />
</exclusive-start>
<af-start id="1047" threadId="00000000021DB088" totalBytesRequested="126952" timestamp="2019-07-02T20:08:57.569" intervalms="0.781" type="nursery" />
<cycle-start id="1048" type="scavenge" contextid="0" timestamp="2019-07-02T20:08:57.569" intervalms="0.827" />
  <attribute name="GC Util" value="43" />
  <attribute name="CPU Util" value="26621482594850" />
  <attribute name="Time Running"value="545"/>
  <attribute name="Number of cores"value="4"/>
<gc-start id="1049" type="scavenge" contextid="1048" timestamp="2019-07-02T20:08:57.570">
  <mem-info id="1050" free="4918024" total="8388608" percent="58">
    <mem type="nursery" free="210280" total="2097152" percent="10">
      <mem type="allocate" free="210280" total="1835008" percent="11" />
      <mem type="survivor" free="0" total="262144" percent="0" />
    </mem>
    <mem type="tenure" free="4707744" total="6291456" percent="74">
      <mem type="soa" free="4393376" total="5977088" percent="73" />
      <mem type="loa" free="314368" total="314368" percent="100" />
    </mem>
    <remembered-set count="56" />
  </mem-info>
</gc-start>
<allocation-stats totalBytes="1457544" >
  <allocated-bytes non-tlh="1266864" tlh="190680" />
  <largest-consumer threadName="main" threadId="00000000021DA700" bytes="1457544" />
</allocation-stats>
<gc-op id="1051" type="scavenge" timems="0.114" contextid="1048" timestamp="2019-07-02T20:08:57.570">
  <scavenger-info tenureage="14" tenuremask="4000" tiltratio="87" />
  <memory-copied type="nursery" objects="2" bytes="63504" bytesdiscarded="39144" />
</gc-op>
<gc-end id="1052" type="scavenge" contextid="1048" durationms="0.240" usertimems="0.000" systemtimems="0.000" timestamp="2019-07-02T20:08:57.570" activeThreads="4">
  <mem-info id="1053" free="6440104" total="8388608" percent="76">
    <mem type="nursery" free="1732360" total="2097152" percent="82">
      <mem type="allocate" free="1732360" total="1835008" percent="94" />
      <mem type="survivor" free="0" total="262144" percent="0" />
    </mem>
    <mem type="tenure" free="4707744" total="6291456" percent="74">
      <mem type="soa" free="4393376" total="5977088" percent="73" />
      <mem type="loa" free="314368" total="314368" percent="100" />
    </mem>
    <remembered-set count="56" />
  </mem-info>
</gc-end>
<cycle-end id="1054" type="scavenge" contextid="1048" timestamp="2019-07-02T20:08:57.570">
  <attribute name="GC Util" value="37" />
  <attribute name="CPU Util" value="22252339103441" />
  <attribute name="Time Running"value="546"/>
  <attribute name="Number of cores"value="4"/>
</cycle-end>
<allocation-satisfied id="1055" threadId="00000000021DA700" bytesRequested="126952" />
<af-end id="1056" timestamp="2019-07-02T20:08:57.570" threadId="00000000021DB088" success="true" from="nursery"/>
<exclusive-end id="1057" timestamp="2019-07-02T20:08:57.570" durationms="0.672" />

<exclusive-start id="1058" timestamp="2019-07-02T20:08:57.570" intervalms="0.824">
  <response-info timems="0.022" idlems="0.022" threads="0" lastid="00000000021DA700" lastname="main" />
</exclusive-start>
<af-start id="1059" threadId="00000000021DB088" totalBytesRequested="64008" timestamp="2019-07-02T20:08:57.570" intervalms="0.821" type="nursery" />
<cycle-start id="1060" type="scavenge" contextid="0" timestamp="2019-07-02T20:08:57.570" intervalms="0.775" />
  <attribute name="GC Util" value="37" />
  <attribute name="CPU Util" value="22252339103441" />
  <attribute name="Time Running"value="546"/>
  <attribute name="Number of cores"value="4"/>
<gc-start id="1061" type="scavenge" contextid="1060" timestamp="2019-07-02T20:08:57.570">
  <mem-info id="1062" free="4707744" total="8388608" percent="56">
    <mem type="nursery" free="0" total="2097152" percent="0">
      <mem type="allocate" free="0" total="1835008" percent="0" />
      <mem type="survivor" free="0" total="262144" percent="0" />
    </mem>
    <mem type="tenure" free="4707744" total="6291456" percent="74">
      <mem type="soa" free="4393376" total="5977088" percent="73" />
      <mem type="loa" free="314368" total="314368" percent="100" />
    </mem>
    <remembered-set count="56" />
  </mem-info>
</gc-start>
<allocation-stats totalBytes="1721560" >
  <allocated-bytes non-tlh="1529480" tlh="192080" />
  <largest-consumer threadName="main" threadId="00000000021DA700" bytes="1721560" />
</allocation-stats>
<gc-op id="1063" type="scavenge" timems="0.136" contextid="1060" timestamp="2019-07-02T20:08:57.570">
  <scavenger-info tenureage="14" tenuremask="4000" tiltratio="87" />
  <memory-copied type="nursery" objects="4" bytes="64088" bytesdiscarded="39088" />
</gc-op>
<gc-end id="1064" type="scavenge" contextid="1060" durationms="0.265" usertimems="0.000" systemtimems="0.000" timestamp="2019-07-02T20:08:57.571" activeThreads="4">
  <mem-info id="1065" free="6439576" total="8388608" percent="76">
    <mem type="nursery" free="1731832" total="2097152" percent="82">
      <mem type="allocate" free="1731832" total="1835008" percent="94" />
      <mem type="survivor" free="0" total="262144" percent="0" />
    </mem>
    <mem type="tenure" free="4707744" total="6291456" percent="74">
      <mem type="soa" free="4393376" total="5977088" percent="73" />
      <mem type="loa" free="314368" total="314368" percent="100" />
    </mem>
    <remembered-set count="56" />
  </mem-info>
</gc-end>
<cycle-end id="1066" type="scavenge" contextid="1060" timestamp="2019-07-02T20:08:57.571">
  <attribute name="GC Util" value="40" />
  <attribute name="CPU Util" value="23805721440596" />
  <attribute name="Time Running"value="547"/>
  <attribute name="Number of cores"value="4"/>
</cycle-end>
<allocation-satisfied id="1067" threadId="00000000021DA700" bytesRequested="64008" />
<af-end id="1068" timestamp="2019-07-02T20:08:57.571" threadId="00000000021DB088" success="true" from="nursery"/>
<exclusive-end id="1069" timestamp="2019-07-02T20:08:57.571" durationms="0.559" />

<exclusive-start id="1070" timestamp="2019-07-02T20:08:57.571" intervalms="0.717">
  <response-info timems="0.018" idlems="0.018" threads="0" lastid="00000000021DA700" lastname="main" />
</exclusive-start>
<af-start id="1071" threadId="00000000021DB088" totalBytesRequested="128864" timestamp="2019-07-02T20:08:57.571" intervalms="0.718" type="nursery" />
<cycle-start id="1072" type="scavenge" contextid="0" timestamp="2019-07-02T20:08:57.571" intervalms="0.719" />
  <attribute name="GC Util" value="40" />
  <attribute name="CPU Util" value="23805721440596" />
  <attribute name="Time Running"value="547"/>
  <attribute name="Number of cores"value="4"/>
<gc-start id="1073" type="scavenge" contextid="1072" timestamp="2019-07-02T20:08:57.571">
  <mem-info id="1074" free="4735640" total="8388608" percent="56">
    <mem type="nursery" free="27896" total="2097152" percent="1">
      <mem type="allocate" free="27896" total="1835008" percent="1" />
      <mem type="survivor" free="0" total="262144" percent="0" />
    </mem>
    <mem type="tenure" free="4707744" total="6291456" percent="74">
      <mem type="soa" free="4393376" total="5977088" percent="73" />
      <mem type="loa" free="314368" total="314368" percent="100" />
    </mem>
    <remembered-set count="56" />
  </mem-info>
</gc-start>
<allocation-stats totalBytes="1671256" >
  <allocated-bytes non-tlh="1411264" tlh="259992" />
  <largest-consumer threadName="main" threadId="00000000021DA700" bytes="1671256" />
</allocation-stats>
<gc-op id="1075" type="scavenge" timems="0.135" contextid="1072" timestamp="2019-07-02T20:08:57.571">
  <scavenger-info tenureage="14" tenuremask="4000" tiltratio="87" />
  <memory-copied type="nursery" objects="2" bytes="64456" bytesdiscarded="39144" />
</gc-op>
<gc-end id="1076" type="scavenge" contextid="1072" durationms="0.262" usertimems="0.000" systemtimems="0.000" timestamp="2019-07-02T20:08:57.571" activeThreads="4">
  <mem-info id="1077" free="6439152" total="8388608" percent="76">
    <mem type="nursery" free="1731408" total="2097152" percent="82">
      <mem type="allocate" free="1731408" total="1835008" percent="94" />
      <mem type="survivor" free="0" total="262144" percent="0" />
    </mem>
    <mem type="tenure" free="4707744" total="6291456" percent="74">
      <mem type="soa" free="4393376" total="5977088" percent="73" />
      <mem type="loa" free="314368" total="314368" percent="100" />
    </mem>
    <remembered-set count="56" />
  </mem-info>
</gc-end>
<cycle-end id="1078" type="scavenge" contextid="1072" timestamp="2019-07-02T20:08:57.571">
  <attribute name="GC Util" value="42" />
  <attribute name="CPU Util" value="25696317701422" />
  <attribute name="Time Running"value="548"/>
  <attribute name="Number of cores"value="4"/>
</cycle-end>
<allocation-satisfied id="1079" threadId="00000000021DA700" bytesRequested="128864" />
<af-end id="1080" timestamp="2019-07-02T20:08:57.571" threadId="00000000021DB088" success="true" from="nursery"/>
<exclusive-end id="1081" timestamp="2019-07-02T20:08:57.571" durationms="0.552" />

<exclusive-start id="1082" timestamp="2019-07-02T20:08:57.572" intervalms="0.688">
  <response-info timems="0.018" idlems="0.018" threads="0" lastid="00000000021DA700" lastname="main" />
</exclusive-start>
<af-start id="1083" threadId="00000000021DB088" totalBytesRequested="129488" timestamp="2019-07-02T20:08:57.572" intervalms="0.688" type="nursery" />
<cycle-start id="1084" type="scavenge" contextid="0" timestamp="2019-07-02T20:08:57.572" intervalms="0.686" />
  <attribute name="GC Util" value="42" />
  <attribute name="CPU Util" value="25696317701422" />
  <attribute name="Time Running"value="548"/>
  <attribute name="Number of cores"value="4"/>
<gc-start id="1085" type="scavenge" contextid="1084" timestamp="2019-07-02T20:08:57.572">
  <mem-info id="1086" free="4818096" total="8388608" percent="57">
    <mem type="nursery" free="110352" total="2097152" percent="5">
      <mem type="allocate" free="110352" total="1835008" percent="6" />
      <mem type="survivor" free="0" total="262144" percent="0" />
    </mem>
    <mem type="tenure" free="4707744" total="6291456" percent="74">
      <mem type="soa" free="4393376" total="5977088" percent="73" />
      <mem type="loa" free="314368" total="314368" percent="100" />
    </mem>
    <remembered-set count="56" />
  </mem-info>
</gc-start>
<allocation-stats totalBytes="1616344" >
  <allocated-bytes non-tlh="1420352" tlh="195992" />
  <largest-consumer threadName="main" threadId="00000000021DA700" bytes="1616344" />
</allocation-stats>
<gc-op id="1087" type="scavenge" timems="0.133" contextid="1084" timestamp="2019-07-02T20:08:57.572">
  <scavenger-info tenureage="14" tenuremask="4000" tiltratio="87" />
  <memory-copied type="nursery" objects="2" bytes="64768" bytesdiscarded="39144" />
</gc-op>
<gc-end id="1088" type="scavenge" contextid="1084" durationms="0.259" usertimems="0.000" systemtimems="0.000" timestamp="2019-07-02T20:08:57.572" activeThreads="4">
  <mem-info id="1089" free="6438840" total="8388608" percent="76">
    <mem type="nursery" free="1731096" total="2097152" percent="82">
      <mem type="allocate" free="1731096" total="1835008" percent="94" />
      <mem type="survivor" free="0" total="262144" percent="0" />
    </mem>
    <mem type="tenure" free="4707744" total="6291456" percent="74">
      <mem type="soa" free="4393376" total="5977088" percent="73" />
      <mem type="loa" free="314368" total="314368" percent="100" />
    </mem>
    <remembered-set count="56" />
  </mem-info>
</gc-end>
<cycle-end id="1090" type="scavenge" contextid="1084" timestamp="2019-07-02T20:08:57.572">
  <attribute name="GC Util" value="45" />
  <attribute name="CPU Util" value="26935097691462" />
  <attribute name="Time Running"value="548"/>
  <attribute name="Number of cores"value="4"/>
</cycle-end>
<allocation-satisfied id="1091" threadId="00000000021DA700" bytesRequested="129488" />
<af-end id="1092" timestamp="2019-07-02T20:08:57.572" threadId="00000000021DB088" success="true" from="nursery"/>
<exclusive-end id="1093" timestamp="2019-07-02T20:08:57.572" durationms="0.547" />

<exclusive-start id="1094" timestamp="2019-07-02T20:08:57.572" intervalms="0.696">
  <response-info timems="0.022" idlems="0.022" threads="0" lastid="00000000021DA700" lastname="main" />
</exclusive-start>
<af-start id="1095" threadId="00000000021DB088" totalBytesRequested="65072" timestamp="2019-07-02T20:08:57.572" intervalms="0.695" type="nursery" />
<cycle-start id="1096" type="scavenge" contextid="0" timestamp="2019-07-02T20:08:57.572" intervalms="0.696" />
  <attribute name="GC Util" value="45" />
  <attribute name="CPU Util" value="26935097691462" />
  <attribute name="Time Running"value="548"/>
  <attribute name="Number of cores"value="4"/>
<gc-start id="1097" type="scavenge" contextid="1096" timestamp="2019-07-02T20:08:57.572">
  <mem-info id="1098" free="4707744" total="8388608" percent="56">
    <mem type="nursery" free="0" total="2097152" percent="0">
      <mem type="allocate" free="0" total="1835008" percent="0" />
      <mem type="survivor" free="0" total="262144" percent="0" />
    </mem>
    <mem type="tenure" free="4707744" total="6291456" percent="74">
      <mem type="soa" free="4393376" total="5977088" percent="73" />
      <mem type="loa" free="314368" total="314368" percent="100" />
    </mem>
    <remembered-set count="56" />
  </mem-info>
</gc-start>
<allocation-stats totalBytes="1687648" >
  <allocated-bytes non-tlh="1557352" tlh="130296" />
  <largest-consumer threadName="main" threadId="00000000021DA700" bytes="1687648" />
</allocation-stats>
<gc-op id="1099" type="scavenge" timems="0.136" contextid="1096" timestamp="2019-07-02T20:08:57.573">
  <scavenger-info tenureage="14" tenuremask="4000" tiltratio="87" />
  <memory-copied type="nursery" objects="2" bytes="130152" bytesdiscarded="39144" />
</gc-op>
<gc-end id="1100" type="scavenge" contextid="1096" durationms="0.265" usertimems="0.000" systemtimems="0.000" timestamp="2019-07-02T20:08:57.573" activeThreads="4">
  <mem-info id="1101" free="6373456" total="8388608" percent="75">
    <mem type="nursery" free="1665712" total="2097152" percent="79">
      <mem type="allocate" free="1665712" total="1835008" percent="90" />
      <mem type="survivor" free="0" total="262144" percent="0" />
    </mem>
    <mem type="tenure" free="4707744" total="6291456" percent="74">
      <mem type="soa" free="4393376" total="5977088" percent="73" />
      <mem type="loa" free="314368" total="314368" percent="100" />
    </mem>
    <remembered-set count="56" />
  </mem-info>
</gc-end>
<cycle-end id="1102" type="scavenge" contextid="1096" timestamp="2019-07-02T20:08:57.573">
  <attribute name="GC Util" value="44" />
  <attribute name="CPU Util" value="26465005609343" />
  <attribute name="Time Running"value="549"/>
  <attribute name="Number of cores"value="4"/>
</cycle-end>
<allocation-satisfied id="1103" threadId="00000000021DA700" bytesRequested="65072" />
<af-end id="1104" timestamp="2019-07-02T20:08:57.573" threadId="00000000021DB088" success="true" from="nursery"/>
<exclusive-end id="1105" timestamp="2019-07-02T20:08:57.573" durationms="0.550" />

<exclusive-start id="1106" timestamp="2019-07-02T20:08:57.573" intervalms="0.694">
  <response-info timems="0.022" idlems="0.022" threads="0" lastid="00000000021DA700" lastname="main" />
</exclusive-start>
<af-start id="1107" threadId="00000000021DB088" totalBytesRequested="65544" timestamp="2019-07-02T20:08:57.573" intervalms="0.694" type="nursery" />
<cycle-start id="1108" type="scavenge" contextid="0" timestamp="2019-07-02T20:08:57.573" intervalms="0.699" />
  <attribute name="GC Util" value="44" />
  <attribute name="CPU Util" value="26465005609343" />
  <attribute name="Time Running"value="549"/>
  <attribute name="Number of cores"value="4"/>
<gc-start id="1109" type="scavenge" contextid="1108" timestamp="2019-07-02T20:08:57.573">
  <mem-info id="1110" free="4744608" total="8388608" percent="56">
    <mem type="nursery" free="36864" total="2097152" percent="1">
      <mem type="allocate" free="36864" total="1835008" percent="2" />
      <mem type="survivor" free="0" total="262144" percent="0" />
    </mem>
    <mem type="tenure" free="4707744" total="6291456" percent="74">
      <mem type="soa" free="4393376" total="5977088" percent="73" />
      <mem type="loa" free="314368" total="314368" percent="100" />
    </mem>
    <remembered-set count="56" />
  </mem-info>
</gc-start>
<allocation-stats totalBytes="1628824" >
  <allocated-bytes non-tlh="1436336" tlh="192488" />
  <largest-consumer threadName="main" threadId="00000000021DA700" bytes="1628824" />
</allocation-stats>
<gc-op id="1111" type="scavenge" timems="0.141" contextid="1108" timestamp="2019-07-02T20:08:57.573">
  <scavenger-info tenureage="14" tenuremask="4000" tiltratio="87" />
  <memory-copied type="nursery" objects="2" bytes="131104" bytesdiscarded="39144" />
</gc-op>
<gc-end id="1112" type="scavenge" contextid="1108" durationms="0.275" usertimems="0.000" systemtimems="0.000" timestamp="2019-07-02T20:08:57.573" activeThreads="4">
  <mem-info id="1113" free="6372504" total="8388608" percent="75">
    <mem type="nursery" free="1664760" total="2097152" percent="79">
      <mem type="allocate" free="1664760" total="1835008" percent="90" />
      <mem type="survivor" free="0" total="262144" percent="0" />
    </mem>
    <mem type="tenure" free="4707744" total="6291456" percent="74">
      <mem type="soa" free="4393376" total="5977088" percent="73" />
      <mem type="loa" free="314368" total="314368" percent="100" />
    </mem>
    <remembered-set count="56" />
  </mem-info>
</gc-end>
<cycle-end id="1114" type="scavenge" contextid="1108" timestamp="2019-07-02T20:08:57.573">
  <attribute name="GC Util" value="43" />
  <attribute name="CPU Util" value="25518651367274" />
  <attribute name="Time Running"value="550"/>
  <attribute name="Number of cores"value="4"/>
</cycle-end>
<allocation-satisfied id="1115" threadId="00000000021DA700" bytesRequested="65544" />
<af-end id="1116" timestamp="2019-07-02T20:08:57.574" threadId="00000000021DB088" success="true" from="nursery"/>
<exclusive-end id="1117" timestamp="2019-07-02T20:08:57.574" durationms="0.666" />

<exclusive-start id="1118" timestamp="2019-07-02T20:08:57.574" intervalms="0.807">
  <response-info timems="0.022" idlems="0.022" threads="0" lastid="00000000021DA700" lastname="main" />
</exclusive-start>
<af-start id="1119" threadId="00000000021DB088" totalBytesRequested="132072" timestamp="2019-07-02T20:08:57.574" intervalms="0.807" type="nursery" />
<cycle-start id="1120" type="scavenge" contextid="0" timestamp="2019-07-02T20:08:57.574" intervalms="0.842" />
  <attribute name="GC Util" value="43" />
  <attribute name="CPU Util" value="25518651367274" />
  <attribute name="Time Running"value="550"/>
  <attribute name="Number of cores"value="4"/>
<gc-start id="1121" type="scavenge" contextid="1120" timestamp="2019-07-02T20:08:57.574">
  <mem-info id="1122" free="4860240" total="8388608" percent="57">
    <mem type="nursery" free="152496" total="2097152" percent="7">
      <mem type="allocate" free="152496" total="1835008" percent="8" />
      <mem type="survivor" free="0" total="262144" percent="0" />
    </mem>
    <mem type="tenure" free="4707744" total="6291456" percent="74">
      <mem type="soa" free="4393376" total="5977088" percent="73" />
      <mem type="loa" free="314368" total="314368" percent="100" />
    </mem>
    <remembered-set count="56" />
  </mem-info>
</gc-start>
<allocation-stats totalBytes="1512264" >
  <allocated-bytes non-tlh="1446728" tlh="65536" />
  <largest-consumer threadName="main" threadId="00000000021DA700" bytes="1512264" />
</allocation-stats>
<gc-op id="1123" type="scavenge" timems="0.133" contextid="1120" timestamp="2019-07-02T20:08:57.574">
  <scavenger-info tenureage="14" tenuremask="4000" tiltratio="87" />
  <memory-copied type="nursery" objects="2" bytes="66064" bytesdiscarded="39144" />
</gc-op>
<gc-end id="1124" type="scavenge" contextid="1120" durationms="0.260" usertimems="0.000" systemtimems="0.000" timestamp="2019-07-02T20:08:57.574" activeThreads="4">
  <mem-info id="1125" free="6437544" total="8388608" percent="76">
    <mem type="nursery" free="1729800" total="2097152" percent="82">
      <mem type="allocate" free="1729800" total="1835008" percent="94" />
      <mem type="survivor" free="0" total="262144" percent="0" />
    </mem>
    <mem type="tenure" free="4707744" total="6291456" percent="74">
      <mem type="soa" free="4393376" total="5977088" percent="73" />
      <mem type="loa" free="314368" total="314368" percent="100" />
    </mem>
    <remembered-set count="56" />
  </mem-info>
</gc-end>
<cycle-end id="1126" type="scavenge" contextid="1120" timestamp="2019-07-02T20:08:57.574">
  <attribute name="GC Util" value="39" />
  <attribute name="CPU Util" value="22516981129738" />
  <attribute name="Time Running"value="550"/>
  <attribute name="Number of cores"value="4"/>
</cycle-end>
<allocation-satisfied id="1127" threadId="00000000021DA700" bytesRequested="132072" />
<af-end id="1128" timestamp="2019-07-02T20:08:57.574" threadId="00000000021DB088" success="true" from="nursery"/>
<exclusive-end id="1129" timestamp="2019-07-02T20:08:57.574" durationms="0.590" />

<exclusive-start id="1130" timestamp="2019-07-02T20:08:57.574" intervalms="0.731">
  <response-info timems="0.019" idlems="0.019" threads="0" lastid="00000000021DA700" lastname="main" />
</exclusive-start>
<af-start id="1131" threadId="00000000021DB088" totalBytesRequested="132936" timestamp="2019-07-02T20:08:57.575" intervalms="0.732" type="nursery" />
<cycle-start id="1132" type="scavenge" contextid="0" timestamp="2019-07-02T20:08:57.575" intervalms="0.692" />
  <attribute name="GC Util" value="39" />
  <attribute name="CPU Util" value="22516981129738" />
  <attribute name="Time Running"value="550"/>
  <attribute name="Number of cores"value="4"/>
<gc-start id="1133" type="scavenge" contextid="1132" timestamp="2019-07-02T20:08:57.575">
  <mem-info id="1134" free="4787056" total="8388608" percent="57">
    <mem type="nursery" free="79312" total="2097152" percent="3">
      <mem type="allocate" free="79312" total="1835008" percent="4" />
      <mem type="survivor" free="0" total="262144" percent="0" />
    </mem>
    <mem type="tenure" free="4707744" total="6291456" percent="74">
      <mem type="soa" free="4393376" total="5977088" percent="73" />
      <mem type="loa" free="314368" total="314368" percent="100" />
    </mem>
    <remembered-set count="56" />
  </mem-info>
</gc-start>
<allocation-stats totalBytes="1650488" >
  <allocated-bytes non-tlh="1589048" tlh="61440" />
  <largest-consumer threadName="main" threadId="00000000021DA700" bytes="1650488" />
</allocation-stats>
<gc-op id="1135" type="scavenge" timems="0.134" contextid="1132" timestamp="2019-07-02T20:08:57.575">
  <scavenger-info tenureage="14" tenuremask="4000" tiltratio="87" />
  <memory-copied type="nursery" objects="2" bytes="66496" bytesdiscarded="39144" />
</gc-op>
<gc-end id="1136" type="scavenge" contextid="1132" durationms="0.263" usertimems="0.000" systemtimems="0.000" timestamp="2019-07-02T20:08:57.575" activeThreads="4">
  <mem-info id="1137" free="6437112" total="8388608" percent="76">
    <mem type="nursery" free="1729368" total="2097152" percent="82">
      <mem type="allocate" free="1729368" total="1835008" percent="94" />
      <mem type="survivor" free="0" total="262144" percent="0" />
    </mem>
    <mem type="tenure" free="4707744" total="6291456" percent="74">
      <mem type="soa" free="4393376" total="5977088" percent="73" />
      <mem type="loa" free="314368" total="314368" percent="100" />
    </mem>
    <remembered-set count="56" />
  </mem-info>
</gc-end>
<cycle-end id="1138" type="scavenge" contextid="1132" timestamp="2019-07-02T20:08:57.575">
  <attribute name="GC Util" value="45" />
  <attribute name="CPU Util" value="26671945226472" />
  <attribute name="Time Running"value="551"/>
  <attribute name="Number of cores"value="4"/>
</cycle-end>
<allocation-satisfied id="1139" threadId="00000000021DA700" bytesRequested="132936" />
<af-end id="1140" timestamp="2019-07-02T20:08:57.575" threadId="00000000021DB088" success="true" from="nursery"/>
<exclusive-end id="1141" timestamp="2019-07-02T20:08:57.575" durationms="0.552" />

<exclusive-start id="1142" timestamp="2019-07-02T20:08:57.575" intervalms="0.698">
  <response-info timems="0.019" idlems="0.019" threads="0" lastid="00000000021DA700" lastname="main" />
</exclusive-start>
<af-start id="1143" threadId="00000000021DB088" totalBytesRequested="133592" timestamp="2019-07-02T20:08:57.575" intervalms="0.696" type="nursery" />
<cycle-start id="1144" type="scavenge" contextid="0" timestamp="2019-07-02T20:08:57.575" intervalms="0.696" />
  <attribute name="GC Util" value="45" />
  <attribute name="CPU Util" value="26671945226472" />
  <attribute name="Time Running"value="551"/>
  <attribute name="Number of cores"value="4"/>
<gc-start id="1145" type="scavenge" contextid="1144" timestamp="2019-07-02T20:08:57.575">
  <mem-info id="1146" free="4776992" total="8388608" percent="56">
    <mem type="nursery" free="69248" total="2097152" percent="3">
      <mem type="allocate" free="69248" total="1835008" percent="3" />
      <mem type="survivor" free="0" total="262144" percent="0" />
    </mem>
    <mem type="tenure" free="4707744" total="6291456" percent="74">
      <mem type="soa" free="4393376" total="5977088" percent="73" />
      <mem type="loa" free="314368" total="314368" percent="100" />
    </mem>
    <remembered-set count="56" />
  </mem-info>
</gc-start>
<allocation-stats totalBytes="1660120" >
  <allocated-bytes non-tlh="1598680" tlh="61440" />
  <largest-consumer threadName="main" threadId="00000000021DA700" bytes="1660120" />
</allocation-stats>
<gc-op id="1147" type="scavenge" timems="0.133" contextid="1144" timestamp="2019-07-02T20:08:57.576">
  <scavenger-info tenureage="14" tenuremask="4000" tiltratio="87" />
  <memory-copied type="nursery" objects="2" bytes="66824" bytesdiscarded="39144" />
</gc-op>
<gc-end id="1148" type="scavenge" contextid="1144" durationms="0.261" usertimems="0.000" systemtimems="0.000" timestamp="2019-07-02T20:08:57.576" activeThreads="4">
  <mem-info id="1149" free="6436784" total="8388608" percent="76">
    <mem type="nursery" free="1729040" total="2097152" percent="82">
      <mem type="allocate" free="1729040" total="1835008" percent="94" />
      <mem type="survivor" free="0" total="262144" percent="0" />
    </mem>
    <mem type="tenure" free="4707744" total="6291456" percent="74">
      <mem type="soa" free="4393376" total="5977088" percent="73" />
      <mem type="loa" free="314368" total="314368" percent="100" />
    </mem>
    <remembered-set count="56" />
  </mem-info>
</gc-end>
<cycle-end id="1150" type="scavenge" contextid="1144" timestamp="2019-07-02T20:08:57.576">
  <attribute name="GC Util" value="44" />
  <attribute name="CPU Util" value="26571822946724" />
  <attribute name="Time Running"value="552"/>
  <attribute name="Number of cores"value="4"/>
</cycle-end>
<allocation-satisfied id="1151" threadId="00000000021DA700" bytesRequested="133592" />
<af-end id="1152" timestamp="2019-07-02T20:08:57.576" threadId="00000000021DB088" success="true" from="nursery"/>
<exclusive-end id="1153" timestamp="2019-07-02T20:08:57.576" durationms="0.547" />

<exclusive-start id="1154" timestamp="2019-07-02T20:08:57.576" intervalms="0.691">
  <response-info timems="0.022" idlems="0.022" threads="0" lastid="00000000021DA700" lastname="main" />
</exclusive-start>
<af-start id="1155" threadId="00000000021DB088" totalBytesRequested="134304" timestamp="2019-07-02T20:08:57.576" intervalms="0.692" type="nursery" />
<cycle-start id="1156" type="scavenge" contextid="0" timestamp="2019-07-02T20:08:57.576" intervalms="0.692" />
  <attribute name="GC Util" value="44" />
  <attribute name="CPU Util" value="26571822946724" />
  <attribute name="Time Running"value="552"/>
  <attribute name="Number of cores"value="4"/>
<gc-start id="1157" type="scavenge" contextid="1156" timestamp="2019-07-02T20:08:57.576">
  <mem-info id="1158" free="4768488" total="8388608" percent="56">
    <mem type="nursery" free="60744" total="2097152" percent="2">
      <mem type="allocate" free="60744" total="1835008" percent="3" />
      <mem type="survivor" free="0" total="262144" percent="0" />
    </mem>
    <mem type="tenure" free="4707744" total="6291456" percent="74">
      <mem type="soa" free="4393376" total="5977088" percent="73" />
      <mem type="loa" free="314368" total="314368" percent="100" />
    </mem>
    <remembered-set count="56" />
  </mem-info>
</gc-start>
<allocation-stats totalBytes="1668296" >
  <allocated-bytes non-tlh="1606856" tlh="61440" />
  <largest-consumer threadName="main" threadId="00000000021DA700" bytes="1668296" />
</allocation-stats>
<gc-op id="1159" type="scavenge" timems="0.134" contextid="1156" timestamp="2019-07-02T20:08:57.576">
  <scavenger-info tenureage="14" tenuremask="4000" tiltratio="87" />
  <memory-copied type="nursery" objects="2" bytes="67184" bytesdiscarded="39144" />
</gc-op>
<gc-end id="1160" type="scavenge" contextid="1156" durationms="0.263" usertimems="0.000" systemtimems="0.000" timestamp="2019-07-02T20:08:57.576" activeThreads="4">
  <mem-info id="1161" free="6436424" total="8388608" percent="76">
    <mem type="nursery" free="1728680" total="2097152" percent="82">
      <mem type="allocate" free="1728680" total="1835008" percent="94" />
      <mem type="survivor" free="0" total="262144" percent="0" />
    </mem>
    <mem type="tenure" free="4707744" total="6291456" percent="74">
      <mem type="soa" free="4393376" total="5977088" percent="73" />
      <mem type="loa" free="314368" total="314368" percent="100" />
    </mem>
    <remembered-set count="56" />
  </mem-info>
</gc-end>
<cycle-end id="1162" type="scavenge" contextid="1156" timestamp="2019-07-02T20:08:57.576">
  <attribute name="GC Util" value="44" />
  <attribute name="CPU Util" value="26615567400766" />
  <attribute name="Time Running"value="553"/>
  <attribute name="Number of cores"value="4"/>
</cycle-end>
<allocation-satisfied id="1163" threadId="00000000021DA700" bytesRequested="134304" />
<af-end id="1164" timestamp="2019-07-02T20:08:57.576" threadId="00000000021DB088" success="true" from="nursery"/>
<exclusive-end id="1165" timestamp="2019-07-02T20:08:57.576" durationms="0.549" />

<exclusive-start id="1166" timestamp="2019-07-02T20:08:57.577" intervalms="0.696">
  <response-info timems="0.022" idlems="0.022" threads="0" lastid="00000000021DA700" lastname="main" />
</exclusive-start>
<af-start id="1167" threadId="00000000021DB088" totalBytesRequested="135128" timestamp="2019-07-02T20:08:57.577" intervalms="0.697" type="nursery" />
<cycle-start id="1168" type="scavenge" contextid="0" timestamp="2019-07-02T20:08:57.577" intervalms="0.696" />
  <attribute name="GC Util" value="44" />
  <attribute name="CPU Util" value="26615567400766" />
  <attribute name="Time Running"value="553"/>
  <attribute name="Number of cores"value="4"/>
<gc-start id="1169" type="scavenge" contextid="1168" timestamp="2019-07-02T20:08:57.577">
  <mem-info id="1170" free="4759296" total="8388608" percent="56">
    <mem type="nursery" free="51552" total="2097152" percent="2">
      <mem type="allocate" free="51552" total="1835008" percent="2" />
      <mem type="survivor" free="0" total="262144" percent="0" />
    </mem>
    <mem type="tenure" free="4707744" total="6291456" percent="74">
      <mem type="soa" free="4393376" total="5977088" percent="73" />
      <mem type="loa" free="314368" total="314368" percent="100" />
    </mem>
    <remembered-set count="56" />
  </mem-info>
</gc-start>
<allocation-stats totalBytes="1677128" >
  <allocated-bytes non-tlh="1615688" tlh="61440" />
  <largest-consumer threadName="main" threadId="00000000021DA700" bytes="1677128" />
</allocation-stats>
<gc-op id="1171" type="scavenge" timems="0.133" contextid="1168" timestamp="2019-07-02T20:08:57.577">
  <scavenger-info tenureage="14" tenuremask="4000" tiltratio="87" />
  <memory-copied type="nursery" objects="2" bytes="67592" bytesdiscarded="39144" />
</gc-op>
<gc-end id="1172" type="scavenge" contextid="1168" durationms="0.260" usertimems="0.000" systemtimems="0.000" timestamp="2019-07-02T20:08:57.577" activeThreads="4">
  <mem-info id="1173" free="6436016" total="8388608" percent="76">
    <mem type="nursery" free="1728272" total="2097152" percent="82">
      <mem type="allocate" free="1728272" total="1835008" percent="94" />
      <mem type="survivor" free="0" total="262144" percent="0" />
    </mem>
    <mem type="tenure" free="4707744" total="6291456" percent="74">
      <mem type="soa" free="4393376" total="5977088" percent="73" />
      <mem type="loa" free="314368" total="314368" percent="100" />
    </mem>
    <remembered-set count="56" />
  </mem-info>
</gc-end>
<cycle-end id="1174" type="scavenge" contextid="1168" timestamp="2019-07-02T20:08:57.577">
  <attribute name="GC Util" value="44" />
  <attribute name="CPU Util" value="26528527255372" />
  <attribute name="Time Running"value="553"/>
  <attribute name="Number of cores"value="4"/>
</cycle-end>
<allocation-satisfied id="1175" threadId="00000000021DA700" bytesRequested="135128" />
<af-end id="1176" timestamp="2019-07-02T20:08:57.577" threadId="00000000021DB088" success="true" from="nursery"/>
<exclusive-end id="1177" timestamp="2019-07-02T20:08:57.577" durationms="0.577" />

<exclusive-start id="1178" timestamp="2019-07-02T20:08:57.577" intervalms="0.727">
  <response-info timems="0.022" idlems="0.022" threads="0" lastid="00000000021DA700" lastname="main" />
</exclusive-start>
<af-start id="1179" threadId="00000000021DB088" totalBytesRequested="135888" timestamp="2019-07-02T20:08:57.577" intervalms="0.727" type="nursery" />
<cycle-start id="1180" type="scavenge" contextid="0" timestamp="2019-07-02T20:08:57.577" intervalms="0.727" />
  <attribute name="GC Util" value="44" />
  <attribute name="CPU Util" value="26528527255372" />
  <attribute name="Time Running"value="553"/>
  <attribute name="Number of cores"value="4"/>
<gc-start id="1181" type="scavenge" contextid="1180" timestamp="2019-07-02T20:08:57.577">
  <mem-info id="1182" free="4749144" total="8388608" percent="56">
    <mem type="nursery" free="41400" total="2097152" percent="1">
      <mem type="allocate" free="41400" total="1835008" percent="2" />
      <mem type="survivor" free="0" total="262144" percent="0" />
    </mem>
    <mem type="tenure" free="4707744" total="6291456" percent="74">
      <mem type="soa" free="4393376" total="5977088" percent="73" />
      <mem type="loa" free="314368" total="314368" percent="100" />
    </mem>
    <remembered-set count="56" />
  </mem-info>
</gc-start>
<allocation-stats totalBytes="1686872" >
  <allocated-bytes non-tlh="1625432" tlh="61440" />
  <largest-consumer threadName="main" threadId="00000000021DA700" bytes="1686872" />
</allocation-stats>
<gc-op id="1183" type="scavenge" timems="0.134" contextid="1180" timestamp="2019-07-02T20:08:57.578">
  <scavenger-info tenureage="14" tenuremask="4000" tiltratio="87" />
  <memory-copied type="nursery" objects="2" bytes="67976" bytesdiscarded="39144" />
</gc-op>
<gc-end id="1184" type="scavenge" contextid="1180" durationms="0.263" usertimems="0.000" systemtimems="0.000" timestamp="2019-07-02T20:08:57.578" activeThreads="4">
  <mem-info id="1185" free="6435632" total="8388608" percent="76">
    <mem type="nursery" free="1727888" total="2097152" percent="82">
      <mem type="allocate" free="1727888" total="1835008" percent="94" />
      <mem type="survivor" free="0" total="262144" percent="0" />
    </mem>
    <mem type="tenure" free="4707744" total="6291456" percent="74">
      <mem type="soa" free="4393376" total="5977088" percent="73" />
      <mem type="loa" free="314368" total="314368" percent="100" />
    </mem>
    <remembered-set count="56" />
  </mem-info>
</gc-end>
<cycle-end id="1186" type="scavenge" contextid="1180" timestamp="2019-07-02T20:08:57.578">
  <attribute name="GC Util" value="41" />
  <attribute name="CPU Util" value="25330409504533" />
  <attribute name="Time Running"value="554"/>
  <attribute name="Number of cores"value="4"/>
</cycle-end>
<allocation-satisfied id="1187" threadId="00000000021DA700" bytesRequested="135888" />
<af-end id="1188" timestamp="2019-07-02T20:08:57.578" threadId="00000000021DB088" success="true" from="nursery"/>
<exclusive-end id="1189" timestamp="2019-07-02T20:08:57.578" durationms="0.551" />

<exclusive-start id="1190" timestamp="2019-07-02T20:08:57.578" intervalms="0.697">
  <response-info timems="0.020" idlems="0.020" threads="0" lastid="00000000021DA700" lastname="main" />
</exclusive-start>
<af-start id="1191" threadId="00000000021DB088" totalBytesRequested="136672" timestamp="2019-07-02T20:08:57.578" intervalms="0.696" type="nursery" />
<cycle-start id="1192" type="scavenge" contextid="0" timestamp="2019-07-02T20:08:57.578" intervalms="0.697" />
  <attribute name="GC Util" value="41" />
  <attribute name="CPU Util" value="25330409504533" />
  <attribute name="Time Running"value="554"/>
  <attribute name="Number of cores"value="4"/>
<gc-start id="1193" type="scavenge" contextid="1192" timestamp="2019-07-02T20:08:57.578">
  <mem-info id="1194" free="4739632" total="8388608" percent="56">
    <mem type="nursery" free="31888" total="2097152" percent="1">
      <mem type="allocate" free="31888" total="1835008" percent="1" />
      <mem type="survivor" free="0" total="262144" percent="0" />
    </mem>
    <mem type="tenure" free="4707744" total="6291456" percent="74">
      <mem type="soa" free="4393376" total="5977088" percent="73" />
      <mem type="loa" free="314368" total="314368" percent="100" />
    </mem>
    <remembered-set count="56" />
  </mem-info>
</gc-start>
<allocation-stats totalBytes="1696000" >
  <allocated-bytes non-tlh="1634560" tlh="61440" />
  <largest-consumer threadName="main" threadId="00000000021DA700" bytes="1696000" />
</allocation-stats>
<gc-op id="1195" type="scavenge" timems="0.132" contextid="1192" timestamp="2019-07-02T20:08:57.578">
  <scavenger-info tenureage="14" tenuremask="4000" tiltratio="87" />
  <memory-copied type="nursery" objects="2" bytes="68368" bytesdiscarded="39144" />
</gc-op>
<gc-end id="1196" type="scavenge" contextid="1192" durationms="0.261" usertimems="0.000" systemtimems="0.000" timestamp="2019-07-02T20:08:57.578" activeThreads="4">
  <mem-info id="1197" free="6435240" total="8388608" percent="76">
    <mem type="nursery" free="1727496" total="2097152" percent="82">
      <mem type="allocate" free="1727496" total="1835008" percent="94" />
      <mem type="survivor" free="0" total="262144" percent="0" />
    </mem>
    <mem type="tenure" free="4707744" total="6291456" percent="74">
      <mem type="soa" free="4393376" total="5977088" percent="73" />
      <mem type="loa" free="314368" total="314368" percent="100" />
    </mem>
    <remembered-set count="56" />
  </mem-info>
</gc-end>
<cycle-end id="1198" type="scavenge" contextid="1192" timestamp="2019-07-02T20:08:57.578">
  <attribute name="GC Util" value="44" />
  <attribute name="CPU Util" value="26487882447133" />
  <attribute name="Time Running"value="555"/>
  <attribute name="Number of cores"value="4"/>
</cycle-end>
<allocation-satisfied id="1199" threadId="00000000021DA700" bytesRequested="136672" />
<af-end id="1200" timestamp="2019-07-02T20:08:57.579" threadId="00000000021DB088" success="true" from="nursery"/>
<exclusive-end id="1201" timestamp="2019-07-02T20:08:57.579" durationms="0.549" />

<exclusive-start id="1202" timestamp="2019-07-02T20:08:57.579" intervalms="0.694">
  <response-info timems="0.023" idlems="0.023" threads="0" lastid="00000000021DA700" lastname="main" />
</exclusive-start>
<af-start id="1203" threadId="00000000021DB088" totalBytesRequested="137480" timestamp="2019-07-02T20:08:57.579" intervalms="0.694" type="nursery" />
<cycle-start id="1204" type="scavenge" contextid="0" timestamp="2019-07-02T20:08:57.579" intervalms="0.694" />
  <attribute name="GC Util" value="44" />
  <attribute name="CPU Util" value="26487882447133" />
  <attribute name="Time Running"value="555"/>
  <attribute name="Number of cores"value="4"/>
<gc-start id="1205" type="scavenge" contextid="1204" timestamp="2019-07-02T20:08:57.579">
  <mem-info id="1206" free="4729496" total="8388608" percent="56">
    <mem type="nursery" free="21752" total="2097152" percent="1">
      <mem type="allocate" free="21752" total="1835008" percent="1" />
      <mem type="survivor" free="0" total="262144" percent="0" />
    </mem>
    <mem type="tenure" free="4707744" total="6291456" percent="74">
      <mem type="soa" free="4393376" total="5977088" percent="73" />
      <mem type="loa" free="314368" total="314368" percent="100" />
    </mem>
    <remembered-set count="56" />
  </mem-info>
</gc-start>
<allocation-stats totalBytes="1705744" >
  <allocated-bytes non-tlh="1644304" tlh="61440" />
  <largest-consumer threadName="main" threadId="00000000021DA700" bytes="1705744" />
</allocation-stats>
<gc-op id="1207" type="scavenge" timems="0.133" contextid="1204" timestamp="2019-07-02T20:08:57.579">
  <scavenger-info tenureage="14" tenuremask="4000" tiltratio="87" />
  <memory-copied type="nursery" objects="2" bytes="68768" bytesdiscarded="39144" />
</gc-op>
<gc-end id="1208" type="scavenge" contextid="1204" durationms="0.260" usertimems="0.000" systemtimems="0.000" timestamp="2019-07-02T20:08:57.579" activeThreads="4">
  <mem-info id="1209" free="6434840" total="8388608" percent="76">
    <mem type="nursery" free="1727096" total="2097152" percent="82">
      <mem type="allocate" free="1727096" total="1835008" percent="94" />
      <mem type="survivor" free="0" total="262144" percent="0" />
    </mem>
    <mem type="tenure" free="4707744" total="6291456" percent="74">
      <mem type="soa" free="4393376" total="5977088" percent="73" />
      <mem type="loa" free="314368" total="314368" percent="100" />
    </mem>
    <remembered-set count="56" />
  </mem-info>
</gc-end>
<cycle-end id="1210" type="scavenge" contextid="1204" timestamp="2019-07-02T20:08:57.579">
  <attribute name="GC Util" value="44" />
  <attribute name="CPU Util" value="26556177408677" />
  <attribute name="Time Running"value="555"/>
  <attribute name="Number of cores"value="4"/>
</cycle-end>
<allocation-satisfied id="1211" threadId="00000000021DA700" bytesRequested="137480" />
<af-end id="1212" timestamp="2019-07-02T20:08:57.579" threadId="00000000021DB088" success="true" from="nursery"/>
<exclusive-end id="1213" timestamp="2019-07-02T20:08:57.579" durationms="0.549" />

<exclusive-start id="1214" timestamp="2019-07-02T20:08:57.579" intervalms="0.692">
  <response-info timems="0.022" idlems="0.022" threads="0" lastid="00000000021DA700" lastname="main" />
</exclusive-start>
<af-start id="1215" threadId="00000000021DB088" totalBytesRequested="69120" timestamp="2019-07-02T20:08:57.579" intervalms="0.692" type="nursery" />
<cycle-start id="1216" type="scavenge" contextid="0" timestamp="2019-07-02T20:08:57.579" intervalms="0.693" />
  <attribute name="GC Util" value="44" />
  <attribute name="CPU Util" value="26556177408677" />
  <attribute name="Time Running"value="555"/>
  <attribute name="Number of cores"value="4"/>
<gc-start id="1217" type="scavenge" contextid="1216" timestamp="2019-07-02T20:08:57.580">
  <mem-info id="1218" free="4788720" total="8388608" percent="57">
    <mem type="nursery" free="80976" total="2097152" percent="3">
      <mem type="allocate" free="80976" total="1835008" percent="4" />
      <mem type="survivor" free="0" total="262144" percent="0" />
    </mem>
    <mem type="tenure" free="4707744" total="6291456" percent="74">
      <mem type="soa" free="4393376" total="5977088" percent="73" />
      <mem type="loa" free="314368" total="314368" percent="100" />
    </mem>
    <remembered-set count="56" />
  </mem-info>
</gc-start>
<allocation-stats totalBytes="1646120" >
  <allocated-bytes non-tlh="1584680" tlh="61440" />
  <largest-consumer threadName="main" threadId="00000000021DA700" bytes="1646120" />
</allocation-stats>
<gc-op id="1219" type="scavenge" timems="0.134" contextid="1216" timestamp="2019-07-02T20:08:57.580">
  <scavenger-info tenureage="14" tenuremask="4000" tiltratio="87" />
  <memory-copied type="nursery" objects="4" bytes="69200" bytesdiscarded="39088" />
</gc-op>
<gc-end id="1220" type="scavenge" contextid="1216" durationms="0.262" usertimems="0.000" systemtimems="0.000" timestamp="2019-07-02T20:08:57.580" activeThreads="4">
  <mem-info id="1221" free="6434464" total="8388608" percent="76">
    <mem type="nursery" free="1726720" total="2097152" percent="82">
      <mem type="allocate" free="1726720" total="1835008" percent="94" />
      <mem type="survivor" free="0" total="262144" percent="0" />
    </mem>
    <mem type="tenure" free="4707744" total="6291456" percent="74">
      <mem type="soa" free="4393376" total="5977088" percent="73" />
      <mem type="loa" free="314368" total="314368" percent="100" />
    </mem>
    <remembered-set count="56" />
  </mem-info>
</gc-end>
<cycle-end id="1222" type="scavenge" contextid="1216" timestamp="2019-07-02T20:08:57.580">
  <attribute name="GC Util" value="44" />
  <attribute name="CPU Util" value="26701518519991" />
  <attribute name="Time Running"value="556"/>
  <attribute name="Number of cores"value="4"/>
</cycle-end>
<allocation-satisfied id="1223" threadId="00000000021DA700" bytesRequested="69120" />
<af-end id="1224" timestamp="2019-07-02T20:08:57.580" threadId="00000000021DB088" success="true" from="nursery"/>
<exclusive-end id="1225" timestamp="2019-07-02T20:08:57.580" durationms="0.548" />

<exclusive-start id="1226" timestamp="2019-07-02T20:08:57.580" intervalms="0.693">
  <response-info timems="0.018" idlems="0.018" threads="0" lastid="00000000021DA700" lastname="main" />
</exclusive-start>
<af-start id="1227" threadId="00000000021DB088" totalBytesRequested="69504" timestamp="2019-07-02T20:08:57.580" intervalms="0.693" type="nursery" />
<cycle-start id="1228" type="scavenge" contextid="0" timestamp="2019-07-02T20:08:57.580" intervalms="0.691" />
  <attribute name="GC Util" value="44" />
  <attribute name="CPU Util" value="26701518519991" />
  <attribute name="Time Running"value="556"/>
  <attribute name="Number of cores"value="4"/>
<gc-start id="1229" type="scavenge" contextid="1228" timestamp="2019-07-02T20:08:57.580">
  <mem-info id="1230" free="4710856" total="8388608" percent="56">
    <mem type="nursery" free="3112" total="2097152" percent="0">
      <mem type="allocate" free="3112" total="1835008" percent="0" />
      <mem type="survivor" free="0" total="262144" percent="0" />
    </mem>
    <mem type="tenure" free="4707744" total="6291456" percent="74">
      <mem type="soa" free="4393376" total="5977088" percent="73" />
      <mem type="loa" free="314368" total="314368" percent="100" />
    </mem>
    <remembered-set count="56" />
  </mem-info>
</gc-start>
<allocation-stats totalBytes="1723608" >
  <allocated-bytes non-tlh="1662168" tlh="61440" />
  <largest-consumer threadName="main" threadId="00000000021DA700" bytes="1723608" />
</allocation-stats>
<gc-op id="1231" type="scavenge" timems="0.134" contextid="1228" timestamp="2019-07-02T20:08:57.580">
  <scavenger-info tenureage="14" tenuremask="4000" tiltratio="87" />
  <memory-copied type="nursery" objects="4" bytes="69584" bytesdiscarded="39088" />
</gc-op>
<gc-end id="1232" type="scavenge" contextid="1228" durationms="0.262" usertimems="0.000" systemtimems="0.000" timestamp="2019-07-02T20:08:57.580" activeThreads="4">
  <mem-info id="1233" free="6434080" total="8388608" percent="76">
    <mem type="nursery" free="1726336" total="2097152" percent="82">
      <mem type="allocate" free="1726336" total="1835008" percent="94" />
      <mem type="survivor" free="0" total="262144" percent="0" />
    </mem>
    <mem type="tenure" free="4707744" total="6291456" percent="74">
      <mem type="soa" free="4393376" total="5977088" percent="73" />
      <mem type="loa" free="314368" total="314368" percent="100" />
    </mem>
    <remembered-set count="56" />
  </mem-info>
</gc-end>
<cycle-end id="1234" type="scavenge" contextid="1228" timestamp="2019-07-02T20:08:57.581">
  <attribute name="GC Util" value="44" />
  <attribute name="CPU Util" value="26652638310437" />
  <attribute name="Time Running"value="557"/>
  <attribute name="Number of cores"value="4"/>
</cycle-end>
<allocation-satisfied id="1235" threadId="00000000021DA700" bytesRequested="69504" />
<af-end id="1236" timestamp="2019-07-02T20:08:57.581" threadId="00000000021DB088" success="true" from="nursery"/>
<exclusive-end id="1237" timestamp="2019-07-02T20:08:57.581" durationms="0.547" />

<exclusive-start id="1238" timestamp="2019-07-02T20:08:57.581" intervalms="0.692">
  <response-info timems="0.022" idlems="0.022" threads="0" lastid="00000000021DA700" lastname="main" />
</exclusive-start>
<af-start id="1239" threadId="00000000021DB088" totalBytesRequested="69856" timestamp="2019-07-02T20:08:57.581" intervalms="0.692" type="nursery" />
<cycle-start id="1240" type="scavenge" contextid="0" timestamp="2019-07-02T20:08:57.581" intervalms="0.694" />
  <attribute name="GC Util" value="44" />
  <attribute name="CPU Util" value="26652638310437" />
  <attribute name="Time Running"value="557"/>
  <attribute name="Number of cores"value="4"/>
<gc-start id="1241" type="scavenge" contextid="1240" timestamp="2019-07-02T20:08:57.581">
  <mem-info id="1242" free="4771392" total="8388608" percent="56">
    <mem type="nursery" free="63648" total="2097152" percent="3">
      <mem type="allocate" free="63648" total="1835008" percent="3" />
      <mem type="survivor" free="0" total="262144" percent="0" />
    </mem>
    <mem type="tenure" free="4707744" total="6291456" percent="74">
      <mem type="soa" free="4393376" total="5977088" percent="73" />
      <mem type="loa" free="314368" total="314368" percent="100" />
    </mem>
    <remembered-set count="56" />
  </mem-info>
</gc-start>
<allocation-stats totalBytes="1662688" >
  <allocated-bytes non-tlh="1601248" tlh="61440" />
  <largest-consumer threadName="main" threadId="00000000021DA700" bytes="1662688" />
</allocation-stats>
<gc-op id="1243" type="scavenge" timems="0.150" contextid="1240" timestamp="2019-07-02T20:08:57.581">
  <scavenger-info tenureage="14" tenuremask="4000" tiltratio="87" />
  <memory-copied type="nursery" objects="2" bytes="139488" bytesdiscarded="39144" />
</gc-op>
<gc-end id="1244" type="scavenge" contextid="1240" durationms="0.284" usertimems="0.000" systemtimems="0.000" timestamp="2019-07-02T20:08:57.581" activeThreads="4">
  <mem-info id="1245" free="6364120" total="8388608" percent="75">
    <mem type="nursery" free="1656376" total="2097152" percent="78">
      <mem type="allocate" free="1656376" total="1835008" percent="90" />
      <mem type="survivor" free="0" total="262144" percent="0" />
    </mem>
    <mem type="tenure" free="4707744" total="6291456" percent="74">
      <mem type="soa" free="4393376" total="5977088" percent="73" />
      <mem type="loa" free="314368" total="314368" percent="100" />
    </mem>
    <remembered-set count="56" />
  </mem-info>
</gc-end>
<cycle-end id="1246" type="scavenge" contextid="1240" timestamp="2019-07-02T20:08:57.581">
  <attribute name="GC Util" value="44" />
  <attribute name="CPU Util" value="26561645513636" />
  <attribute name="Time Running"value="557"/>
  <attribute name="Number of cores"value="4"/>
</cycle-end>
<allocation-satisfied id="1247" threadId="00000000021DA700" bytesRequested="69856" />
<af-end id="1248" timestamp="2019-07-02T20:08:57.581" threadId="00000000021DB088" success="true" from="nursery"/>
<exclusive-end id="1249" timestamp="2019-07-02T20:08:57.581" durationms="0.666" />

<exclusive-start id="1250" timestamp="2019-07-02T20:08:57.582" intervalms="0.815">
  <response-info timems="0.024" idlems="0.024" threads="0" lastid="00000000021DA700" lastname="main" />
</exclusive-start>
<af-start id="1251" threadId="00000000021DB088" totalBytesRequested="140160" timestamp="2019-07-02T20:08:57.582" intervalms="0.818" type="nursery" />
<cycle-start id="1252" type="scavenge" contextid="0" timestamp="2019-07-02T20:08:57.582" intervalms="0.860" />
  <attribute name="GC Util" value="44" />
  <attribute name="CPU Util" value="26561645513636" />
  <attribute name="Time Running"value="557"/>
  <attribute name="Number of cores"value="4"/>
<gc-start id="1253" type="scavenge" contextid="1252" timestamp="2019-07-02T20:08:57.582">
  <mem-info id="1254" free="4767720" total="8388608" percent="56">
    <mem type="nursery" free="59976" total="2097152" percent="2">
      <mem type="allocate" free="59976" total="1835008" percent="3" />
      <mem type="survivor" free="0" total="262144" percent="0" />
    </mem>
    <mem type="tenure" free="4707744" total="6291456" percent="74">
      <mem type="soa" free="4393376" total="5977088" percent="73" />
      <mem type="loa" free="314368" total="314368" percent="100" />
    </mem>
    <remembered-set count="56" />
  </mem-info>
</gc-start>
<allocation-stats totalBytes="1596400" >
  <allocated-bytes non-tlh="1539056" tlh="57344" />
  <largest-consumer threadName="main" threadId="00000000021DA700" bytes="1596400" />
</allocation-stats>
<gc-op id="1255" type="scavenge" timems="0.135" contextid="1252" timestamp="2019-07-02T20:08:57.582">
  <scavenger-info tenureage="14" tenuremask="4000" tiltratio="87" />
  <memory-copied type="nursery" objects="2" bytes="70104" bytesdiscarded="39144" />
</gc-op>
<gc-end id="1256" type="scavenge" contextid="1252" durationms="0.263" usertimems="0.000" systemtimems="0.000" timestamp="2019-07-02T20:08:57.582" activeThreads="4">
  <mem-info id="1257" free="6433504" total="8388608" percent="76">
    <mem type="nursery" free="1725760" total="2097152" percent="82">
      <mem type="allocate" free="1725760" total="1835008" percent="94" />
      <mem type="survivor" free="0" total="262144" percent="0" />
    </mem>
    <mem type="tenure" free="4707744" total="6291456" percent="74">
      <mem type="soa" free="4393376" total="5977088" percent="73" />
      <mem type="loa" free="314368" total="314368" percent="100" />
    </mem>
    <remembered-set count="56" />
  </mem-info>
</gc-end>
<cycle-end id="1258" type="scavenge" contextid="1252" timestamp="2019-07-02T20:08:57.582">
  <attribute name="GC Util" value="37" />
  <attribute name="CPU Util" value="21412330420326" />
  <attribute name="Time Running"value="558"/>
  <attribute name="Number of cores"value="4"/>
</cycle-end>
<allocation-satisfied id="1259" threadId="00000000021DA700" bytesRequested="140160" />
<af-end id="1260" timestamp="2019-07-02T20:08:57.582" threadId="00000000021DB088" success="true" from="nursery"/>
<exclusive-end id="1261" timestamp="2019-07-02T20:08:57.582" durationms="0.597" />

<exclusive-start id="1262" timestamp="2019-07-02T20:08:57.582" intervalms="0.741">
  <response-info timems="0.018" idlems="0.018" threads="0" lastid="00000000021DA700" lastname="main" />
</exclusive-start>
<af-start id="1263" threadId="00000000021DB088" totalBytesRequested="70424" timestamp="2019-07-02T20:08:57.582" intervalms="0.739" type="nursery" />
<cycle-start id="1264" type="scavenge" contextid="0" timestamp="2019-07-02T20:08:57.582" intervalms="0.695" />
  <attribute name="GC Util" value="37" />
  <attribute name="CPU Util" value="21412330420326" />
  <attribute name="Time Running"value="558"/>
  <attribute name="Number of cores"value="4"/>
<gc-start id="1265" type="scavenge" contextid="1264" timestamp="2019-07-02T20:08:57.582">
  <mem-info id="1266" free="4759776" total="8388608" percent="56">
    <mem type="nursery" free="52032" total="2097152" percent="2">
      <mem type="allocate" free="52032" total="1835008" percent="2" />
      <mem type="survivor" free="0" total="262144" percent="0" />
    </mem>
    <mem type="tenure" free="4707744" total="6291456" percent="74">
      <mem type="soa" free="4393376" total="5977088" percent="73" />
      <mem type="loa" free="314368" total="314368" percent="100" />
    </mem>
    <remembered-set count="56" />
  </mem-info>
</gc-start>
<allocation-stats totalBytes="1673728" >
  <allocated-bytes non-tlh="1616384" tlh="57344" />
  <largest-consumer threadName="main" threadId="00000000021DA700" bytes="1673728" />
</allocation-stats>
<gc-op id="1267" type="scavenge" timems="0.135" contextid="1264" timestamp="2019-07-02T20:08:57.583">
  <scavenger-info tenureage="14" tenuremask="4000" tiltratio="87" />
  <memory-copied type="nursery" objects="4" bytes="70504" bytesdiscarded="39088" />
</gc-op>
<gc-end id="1268" type="scavenge" contextid="1264" durationms="0.262" usertimems="0.000" systemtimems="0.000" timestamp="2019-07-02T20:08:57.583" activeThreads="4">
  <mem-info id="1269" free="6433160" total="8388608" percent="76">
    <mem type="nursery" free="1725416" total="2097152" percent="82">
      <mem type="allocate" free="1725416" total="1835008" percent="94" />
      <mem type="survivor" free="0" total="262144" percent="0" />
    </mem>
    <mem type="tenure" free="4707744" total="6291456" percent="74">
      <mem type="soa" free="4393376" total="5977088" percent="73" />
      <mem type="loa" free="314368" total="314368" percent="100" />
    </mem>
    <remembered-set count="56" />
  </mem-info>
</gc-end>
<cycle-end id="1270" type="scavenge" contextid="1264" timestamp="2019-07-02T20:08:57.583">
  <attribute name="GC Util" value="45" />
  <attribute name="CPU Util" value="26658146215624" />
  <attribute name="Time Running"value="559"/>
  <attribute name="Number of cores"value="4"/>
</cycle-end>
<allocation-satisfied id="1271" threadId="00000000021DA700" bytesRequested="70424" />
<af-end id="1272" timestamp="2019-07-02T20:08:57.583" threadId="00000000021DB088" success="true" from="nursery"/>
<exclusive-end id="1273" timestamp="2019-07-02T20:08:57.583" durationms="0.548" />

<exclusive-start id="1274" timestamp="2019-07-02T20:08:57.583" intervalms="0.691">
  <response-info timems="0.019" idlems="0.019" threads="0" lastid="00000000021DA700" lastname="main" />
</exclusive-start>
<af-start id="1275" threadId="00000000021DB088" totalBytesRequested="70848" timestamp="2019-07-02T20:08:57.583" intervalms="0.691" type="nursery" />
<cycle-start id="1276" type="scavenge" contextid="0" timestamp="2019-07-02T20:08:57.583" intervalms="0.692" />
  <attribute name="GC Util" value="45" />
  <attribute name="CPU Util" value="26658146215624" />
  <attribute name="Time Running"value="559"/>
  <attribute name="Number of cores"value="4"/>
<gc-start id="1277" type="scavenge" contextid="1276" timestamp="2019-07-02T20:08:57.583">
  <mem-info id="1278" free="4747000" total="8388608" percent="56">
    <mem type="nursery" free="39256" total="2097152" percent="1">
      <mem type="allocate" free="39256" total="1835008" percent="2" />
      <mem type="survivor" free="0" total="262144" percent="0" />
    </mem>
    <mem type="tenure" free="4707744" total="6291456" percent="74">
      <mem type="soa" free="4393376" total="5977088" percent="73" />
      <mem type="loa" free="314368" total="314368" percent="100" />
    </mem>
    <remembered-set count="56" />
  </mem-info>
</gc-start>
<allocation-stats totalBytes="1686160" >
  <allocated-bytes non-tlh="1624720" tlh="61440" />
  <largest-consumer threadName="main" threadId="00000000021DA700" bytes="1686160" />
</allocation-stats>
<gc-op id="1279" type="scavenge" timems="0.139" contextid="1276" timestamp="2019-07-02T20:08:57.583">
  <scavenger-info tenureage="14" tenuremask="4000" tiltratio="87" />
  <memory-copied type="nursery" objects="2" bytes="141712" bytesdiscarded="39144" />
</gc-op>
<gc-end id="1280" type="scavenge" contextid="1276" durationms="0.266" usertimems="0.000" systemtimems="0.000" timestamp="2019-07-02T20:08:57.583" activeThreads="4">
  <mem-info id="1281" free="6361896" total="8388608" percent="75">
    <mem type="nursery" free="1654152" total="2097152" percent="78">
      <mem type="allocate" free="1654152" total="1835008" percent="90" />
      <mem type="survivor" free="0" total="262144" percent="0" />
    </mem>
    <mem type="tenure" free="4707744" total="6291456" percent="74">
      <mem type="soa" free="4393376" total="5977088" percent="73" />
      <mem type="loa" free="314368" total="314368" percent="100" />
    </mem>
    <remembered-set count="56" />
  </mem-info>
</gc-end>
<cycle-end id="1282" type="scavenge" contextid="1276" timestamp="2019-07-02T20:08:57.583">
  <attribute name="GC Util" value="44" />
  <attribute name="CPU Util" value="26547998574328" />
  <attribute name="Time Running"value="560"/>
  <attribute name="Number of cores"value="4"/>
</cycle-end>
<allocation-satisfied id="1283" threadId="00000000021DA700" bytesRequested="70848" />
<af-end id="1284" timestamp="2019-07-02T20:08:57.584" threadId="00000000021DB088" success="true" from="nursery"/>
<exclusive-end id="1285" timestamp="2019-07-02T20:08:57.584" durationms="0.554" />

<exclusive-start id="1286" timestamp="2019-07-02T20:08:57.584" intervalms="0.699">
  <response-info timems="0.020" idlems="0.020" threads="0" lastid="00000000021DA700" lastname="main" />
</exclusive-start>
<af-start id="1287" threadId="00000000021DB088" totalBytesRequested="142568" timestamp="2019-07-02T20:08:57.584" intervalms="0.698" type="nursery" />
<cycle-start id="1288" type="scavenge" contextid="0" timestamp="2019-07-02T20:08:57.584" intervalms="0.697" />
  <attribute name="GC Util" value="44" />
  <attribute name="CPU Util" value="26547998574328" />
  <attribute name="Time Running"value="560"/>
  <attribute name="Number of cores"value="4"/>
<gc-start id="1289" type="scavenge" contextid="1288" timestamp="2019-07-02T20:08:57.584">
  <mem-info id="1290" free="4741696" total="8388608" percent="56">
    <mem type="nursery" free="33952" total="2097152" percent="1">
      <mem type="allocate" free="33952" total="1835008" percent="1" />
      <mem type="survivor" free="0" total="262144" percent="0" />
    </mem>
    <mem type="tenure" free="4707744" total="6291456" percent="74">
      <mem type="soa" free="4393376" total="5977088" percent="73" />
      <mem type="loa" free="314368" total="314368" percent="100" />
    </mem>
    <remembered-set count="56" />
  </mem-info>
</gc-start>
<allocation-stats totalBytes="1620200" >
  <allocated-bytes non-tlh="1562856" tlh="57344" />
  <largest-consumer threadName="main" threadId="00000000021DA700" bytes="1620200" />
</allocation-stats>
<gc-op id="1291" type="scavenge" timems="0.133" contextid="1288" timestamp="2019-07-02T20:08:57.584">
  <scavenger-info tenureage="14" tenuremask="4000" tiltratio="87" />
  <memory-copied type="nursery" objects="2" bytes="71312" bytesdiscarded="39144" />
</gc-op>
<gc-end id="1292" type="scavenge" contextid="1288" durationms="0.261" usertimems="0.000" systemtimems="0.000" timestamp="2019-07-02T20:08:57.584" activeThreads="4">
  <mem-info id="1293" free="6432296" total="8388608" percent="76">
    <mem type="nursery" free="1724552" total="2097152" percent="82">
      <mem type="allocate" free="1724552" total="1835008" percent="93" />
      <mem type="survivor" free="0" total="262144" percent="0" />
    </mem>
    <mem type="tenure" free="4707744" total="6291456" percent="74">
      <mem type="soa" free="4393376" total="5977088" percent="73" />
      <mem type="loa" free="314368" total="314368" percent="100" />
    </mem>
    <remembered-set count="56" />
  </mem-info>
</gc-end>
<cycle-end id="1294" type="scavenge" contextid="1288" timestamp="2019-07-02T20:08:57.584">
  <attribute name="GC Util" value="45" />
  <attribute name="CPU Util" value="26503599909409" />
  <attribute name="Time Running"value="560"/>
  <attribute name="Number of cores"value="4"/>
</cycle-end>
<allocation-satisfied id="1295" threadId="00000000021DA700" bytesRequested="142568" />
<af-end id="1296" timestamp="2019-07-02T20:08:57.584" threadId="00000000021DB088" success="true" from="nursery"/>
<exclusive-end id="1297" timestamp="2019-07-02T20:08:57.584" durationms="0.547" />

<exclusive-start id="1298" timestamp="2019-07-02T20:08:57.584" intervalms="0.687">
  <response-info timems="0.018" idlems="0.018" threads="0" lastid="00000000021DA700" lastname="main" />
</exclusive-start>
<af-start id="1299" threadId="00000000021DB088" totalBytesRequested="71768" timestamp="2019-07-02T20:08:57.584" intervalms="0.686" type="nursery" />
<cycle-start id="1300" type="scavenge" contextid="0" timestamp="2019-07-02T20:08:57.584" intervalms="0.687" />
  <attribute name="GC Util" value="45" />
  <attribute name="CPU Util" value="26503599909409" />
  <attribute name="Time Running"value="560"/>
  <attribute name="Number of cores"value="4"/>
<gc-start id="1301" type="scavenge" contextid="1300" timestamp="2019-07-02T20:08:57.585">
  <mem-info id="1302" free="4731000" total="8388608" percent="56">
    <mem type="nursery" free="23256" total="2097152" percent="1">
      <mem type="allocate" free="23256" total="1835008" percent="1" />
      <mem type="survivor" free="0" total="262144" percent="0" />
    </mem>
    <mem type="tenure" free="4707744" total="6291456" percent="74">
      <mem type="soa" free="4393376" total="5977088" percent="73" />
      <mem type="loa" free="314368" total="314368" percent="100" />
    </mem>
    <remembered-set count="56" />
  </mem-info>
</gc-start>
<allocation-stats totalBytes="1701296" >
  <allocated-bytes non-tlh="1643952" tlh="57344" />
  <largest-consumer threadName="main" threadId="00000000021DA700" bytes="1701296" />
</allocation-stats>
<gc-op id="1303" type="scavenge" timems="0.134" contextid="1300" timestamp="2019-07-02T20:08:57.585">
  <scavenger-info tenureage="14" tenuremask="4000" tiltratio="87" />
  <memory-copied type="nursery" objects="4" bytes="71848" bytesdiscarded="39088" />
</gc-op>
<gc-end id="1304" type="scavenge" contextid="1300" durationms="0.260" usertimems="0.000" systemtimems="0.000" timestamp="2019-07-02T20:08:57.585" activeThreads="4">
  <mem-info id="1305" free="6431816" total="8388608" percent="76">
    <mem type="nursery" free="1724072" total="2097152" percent="82">
      <mem type="allocate" free="1724072" total="1835008" percent="93" />
      <mem type="survivor" free="0" total="262144" percent="0" />
    </mem>
    <mem type="tenure" free="4707744" total="6291456" percent="74">
      <mem type="soa" free="4393376" total="5977088" percent="73" />
      <mem type="loa" free="314368" total="314368" percent="100" />
    </mem>
    <remembered-set count="56" />
  </mem-info>
</gc-end>
<cycle-end id="1306" type="scavenge" contextid="1300" timestamp="2019-07-02T20:08:57.585">
  <attribute name="GC Util" value="44" />
  <attribute name="CPU Util" value="26894806081656" />
  <attribute name="Time Running"value="561"/>
  <attribute name="Number of cores"value="4"/>
</cycle-end>
<allocation-satisfied id="1307" threadId="00000000021DA700" bytesRequested="71768" />
<af-end id="1308" timestamp="2019-07-02T20:08:57.585" threadId="00000000021DB088" success="true" from="nursery"/>
<exclusive-end id="1309" timestamp="2019-07-02T20:08:57.585" durationms="0.545" />

<exclusive-start id="1310" timestamp="2019-07-02T20:08:57.585" intervalms="0.715">
  <response-info timems="0.038" idlems="0.038" threads="0" lastid="00000000021DA700" lastname="main" />
</exclusive-start>
<af-start id="1311" threadId="00000000021DB088" totalBytesRequested="72176" timestamp="2019-07-02T20:08:57.585" intervalms="0.717" type="nursery" />
<cycle-start id="1312" type="scavenge" contextid="0" timestamp="2019-07-02T20:08:57.585" intervalms="0.788" />
  <attribute name="GC Util" value="44" />
  <attribute name="CPU Util" value="26894806081656" />
  <attribute name="Time Running"value="561"/>
  <attribute name="Number of cores"value="4"/>
<gc-start id="1313" type="scavenge" contextid="1312" timestamp="2019-07-02T20:08:57.585">
  <mem-info id="1314" free="4716432" total="8388608" percent="56">
    <mem type="nursery" free="8688" total="2097152" percent="0">
      <mem type="allocate" free="8688" total="1835008" percent="0" />
      <mem type="survivor" free="0" total="262144" percent="0" />
    </mem>
    <mem type="tenure" free="4707744" total="6291456" percent="74">
      <mem type="soa" free="4393376" total="5977088" percent="73" />
      <mem type="loa" free="314368" total="314368" percent="100" />
    </mem>
    <remembered-set count="56" />
  </mem-info>
</gc-start>
<allocation-stats totalBytes="1715384" >
  <allocated-bytes non-tlh="1653944" tlh="61440" />
  <largest-consumer threadName="main" threadId="00000000021DA700" bytes="1715384" />
</allocation-stats>
<gc-op id="1315" type="scavenge" timems="0.139" contextid="1312" timestamp="2019-07-02T20:08:57.586">
  <scavenger-info tenureage="14" tenuremask="4000" tiltratio="87" />
  <memory-copied type="nursery" objects="2" bytes="144104" bytesdiscarded="39144" />
</gc-op>
<gc-end id="1316" type="scavenge" contextid="1312" durationms="0.266" usertimems="0.000" systemtimems="0.000" timestamp="2019-07-02T20:08:57.586" activeThreads="4">
  <mem-info id="1317" free="6359504" total="8388608" percent="75">
    <mem type="nursery" free="1651760" total="2097152" percent="78">
      <mem type="allocate" free="1651760" total="1835008" percent="90" />
      <mem type="survivor" free="0" total="262144" percent="0" />
    </mem>
    <mem type="tenure" free="4707744" total="6291456" percent="74">
      <mem type="soa" free="4393376" total="5977088" percent="73" />
      <mem type="loa" free="314368" total="314368" percent="100" />
    </mem>
    <remembered-set count="56" />
  </mem-info>
</gc-end>
<cycle-end id="1318" type="scavenge" contextid="1312" timestamp="2019-07-02T20:08:57.586">
  <attribute name="GC Util" value="38" />
  <attribute name="CPU Util" value="23350131605692" />
  <attribute name="Time Running"value="562"/>
  <attribute name="Number of cores"value="4"/>
</cycle-end>
<allocation-satisfied id="1319" threadId="00000000021DA700" bytesRequested="72176" />
<af-end id="1320" timestamp="2019-07-02T20:08:57.586" threadId="00000000021DB088" success="true" from="nursery"/>
<exclusive-end id="1321" timestamp="2019-07-02T20:08:57.586" durationms="0.713" />

<exclusive-start id="1322" timestamp="2019-07-02T20:08:57.586" intervalms="0.855">
  <response-info timems="0.019" idlems="0.019" threads="0" lastid="00000000021DA700" lastname="main" />
</exclusive-start>
<af-start id="1323" threadId="00000000021DB088" totalBytesRequested="144968" timestamp="2019-07-02T20:08:57.586" intervalms="0.855" type="nursery" />
<cycle-start id="1324" type="scavenge" contextid="0" timestamp="2019-07-02T20:08:57.586" intervalms="0.784" />
  <attribute name="GC Util" value="38" />
  <attribute name="CPU Util" value="23350131605692" />
  <attribute name="Time Running"value="562"/>
  <attribute name="Number of cores"value="4"/>
<gc-start id="1325" type="scavenge" contextid="1324" timestamp="2019-07-02T20:08:57.586">
  <mem-info id="1326" free="4715400" total="8388608" percent="56">
    <mem type="nursery" free="7656" total="2097152" percent="0">
      <mem type="allocate" free="7656" total="1835008" percent="0" />
      <mem type="survivor" free="0" total="262144" percent="0" />
    </mem>
    <mem type="tenure" free="4707744" total="6291456" percent="74">
      <mem type="soa" free="4393376" total="5977088" percent="73" />
      <mem type="loa" free="314368" total="314368" percent="100" />
    </mem>
    <remembered-set count="56" />
  </mem-info>
</gc-start>
<allocation-stats totalBytes="1644104" >
  <allocated-bytes non-tlh="1590856" tlh="53248" />
  <largest-consumer threadName="main" threadId="00000000021DA700" bytes="1644104" />
</allocation-stats>
<gc-op id="1327" type="scavenge" timems="0.133" contextid="1324" timestamp="2019-07-02T20:08:57.586">
  <scavenger-info tenureage="14" tenuremask="4000" tiltratio="87" />
  <memory-copied type="nursery" objects="2" bytes="72512" bytesdiscarded="39144" />
</gc-op>
<gc-end id="1328" type="scavenge" contextid="1324" durationms="0.261" usertimems="0.000" systemtimems="0.000" timestamp="2019-07-02T20:08:57.586" activeThreads="4">
  <mem-info id="1329" free="6431096" total="8388608" percent="76">
    <mem type="nursery" free="1723352" total="2097152" percent="82">
      <mem type="allocate" free="1723352" total="1835008" percent="93" />
      <mem type="survivor" free="0" total="262144" percent="0" />
    </mem>
    <mem type="tenure" free="4707744" total="6291456" percent="74">
      <mem type="soa" free="4393376" total="5977088" percent="73" />
      <mem type="loa" free="314368" total="314368" percent="100" />
    </mem>
    <remembered-set count="56" />
  </mem-info>
</gc-end>
<cycle-end id="1330" type="scavenge" contextid="1324" timestamp="2019-07-02T20:08:57.586">
  <attribute name="GC Util" value="41" />
  <attribute name="CPU Util" value="23555540320608" />
  <attribute name="Time Running"value="563"/>
  <attribute name="Number of cores"value="4"/>
</cycle-end>
<allocation-satisfied id="1331" threadId="00000000021DA700" bytesRequested="144968" />
<af-end id="1332" timestamp="2019-07-02T20:08:57.586" threadId="00000000021DB088" success="true" from="nursery"/>
<exclusive-end id="1333" timestamp="2019-07-02T20:08:57.587" durationms="0.550" />

<exclusive-start id="1334" timestamp="2019-07-02T20:08:57.587" intervalms="0.694">
  <response-info timems="0.022" idlems="0.022" threads="0" lastid="00000000021DA700" lastname="main" />
</exclusive-start>
<af-start id="1335" threadId="00000000021DB088" totalBytesRequested="72928" timestamp="2019-07-02T20:08:57.587" intervalms="0.694" type="nursery" />
<cycle-start id="1336" type="scavenge" contextid="0" timestamp="2019-07-02T20:08:57.587" intervalms="0.693" />
  <attribute name="GC Util" value="41" />
  <attribute name="CPU Util" value="23555540320608" />
  <attribute name="Time Running"value="563"/>
  <attribute name="Number of cores"value="4"/>
<gc-start id="1337" type="scavenge" contextid="1336" timestamp="2019-07-02T20:08:57.587">
  <mem-info id="1338" free="4773912" total="8388608" percent="56">
    <mem type="nursery" free="66168" total="2097152" percent="3">
      <mem type="allocate" free="66168" total="1835008" percent="3" />
      <mem type="survivor" free="0" total="262144" percent="0" />
    </mem>
    <mem type="tenure" free="4707744" total="6291456" percent="74">
      <mem type="soa" free="4393376" total="5977088" percent="73" />
      <mem type="loa" free="314368" total="314368" percent="100" />
    </mem>
    <remembered-set count="56" />
  </mem-info>
</gc-start>
<allocation-stats totalBytes="1657184" >
  <allocated-bytes non-tlh="1599840" tlh="57344" />
  <largest-consumer threadName="main" threadId="00000000021DA700" bytes="1657184" />
</allocation-stats>
<gc-op id="1339" type="scavenge" timems="0.135" contextid="1336" timestamp="2019-07-02T20:08:57.587">
  <scavenger-info tenureage="14" tenuremask="4000" tiltratio="87" />
  <memory-copied type="nursery" objects="2" bytes="145872" bytesdiscarded="39144" />
</gc-op>
<gc-end id="1340" type="scavenge" contextid="1336" durationms="0.262" usertimems="0.000" systemtimems="0.000" timestamp="2019-07-02T20:08:57.587" activeThreads="4">
  <mem-info id="1341" free="6357736" total="8388608" percent="75">
    <mem type="nursery" free="1649992" total="2097152" percent="78">
      <mem type="allocate" free="1649992" total="1835008" percent="89" />
      <mem type="survivor" free="0" total="262144" percent="0" />
    </mem>
    <mem type="tenure" free="4707744" total="6291456" percent="74">
      <mem type="soa" free="4393376" total="5977088" percent="73" />
      <mem type="loa" free="314368" total="314368" percent="100" />
    </mem>
    <remembered-set count="56" />
  </mem-info>
</gc-end>
<cycle-end id="1342" type="scavenge" contextid="1336" timestamp="2019-07-02T20:08:57.587">
  <attribute name="GC Util" value="44" />
  <attribute name="CPU Util" value="26679776152926" />
  <attribute name="Time Running"value="563"/>
  <attribute name="Number of cores"value="4"/>
</cycle-end>
<allocation-satisfied id="1343" threadId="00000000021DA700" bytesRequested="72928" />
<af-end id="1344" timestamp="2019-07-02T20:08:57.587" threadId="00000000021DB088" success="true" from="nursery"/>
<exclusive-end id="1345" timestamp="2019-07-02T20:08:57.587" durationms="0.548" />

<exclusive-start id="1346" timestamp="2019-07-02T20:08:57.587" intervalms="0.690">
  <response-info timems="0.022" idlems="0.022" threads="0" lastid="00000000021DA700" lastname="main" />
</exclusive-start>
<af-start id="1347" threadId="00000000021DB088" totalBytesRequested="73272" timestamp="2019-07-02T20:08:57.587" intervalms="0.688" type="nursery" />
<cycle-start id="1348" type="scavenge" contextid="0" timestamp="2019-07-02T20:08:57.587" intervalms="0.689" />
  <attribute name="GC Util" value="44" />
  <attribute name="CPU Util" value="26679776152926" />
  <attribute name="Time Running"value="563"/>
  <attribute name="Number of cores"value="4"/>
<gc-start id="1349" type="scavenge" contextid="1348" timestamp="2019-07-02T20:08:57.587">
  <mem-info id="1350" free="4769848" total="8388608" percent="56">
    <mem type="nursery" free="62104" total="2097152" percent="2">
      <mem type="allocate" free="62104" total="1835008" percent="3" />
      <mem type="survivor" free="0" total="262144" percent="0" />
    </mem>
    <mem type="tenure" free="4707744" total="6291456" percent="74">
      <mem type="soa" free="4393376" total="5977088" percent="73" />
      <mem type="loa" free="314368" total="314368" percent="100" />
    </mem>
    <remembered-set count="56" />
  </mem-info>
</gc-start>
<allocation-stats totalBytes="1587888" >
  <allocated-bytes non-tlh="1534640" tlh="53248" />
  <largest-consumer threadName="main" threadId="00000000021DA700" bytes="1587888" />
</allocation-stats>
<gc-op id="1351" type="scavenge" timems="0.134" contextid="1348" timestamp="2019-07-02T20:08:57.588">
  <scavenger-info tenureage="14" tenuremask="4000" tiltratio="87" />
  <memory-copied type="nursery" objects="4" bytes="73352" bytesdiscarded="39088" />
</gc-op>
<gc-end id="1352" type="scavenge" contextid="1348" durationms="0.262" usertimems="0.000" systemtimems="0.000" timestamp="2019-07-02T20:08:57.588" activeThreads="4">
  <mem-info id="1353" free="6430312" total="8388608" percent="76">
    <mem type="nursery" free="1722568" total="2097152" percent="82">
      <mem type="allocate" free="1722568" total="1835008" percent="93" />
      <mem type="survivor" free="0" total="262144" percent="0" />
    </mem>
    <mem type="tenure" free="4707744" total="6291456" percent="74">
      <mem type="soa" free="4393376" total="5977088" percent="73" />
      <mem type="loa" free="314368" total="314368" percent="100" />
    </mem>
    <remembered-set count="56" />
  </mem-info>
</gc-end>
<cycle-end id="1354" type="scavenge" contextid="1348" timestamp="2019-07-02T20:08:57.588">
  <attribute name="GC Util" value="44" />
  <attribute name="CPU Util" value="26775350817833" />
  <attribute name="Time Running"value="564"/>
  <attribute name="Number of cores"value="4"/>
</cycle-end>
<allocation-satisfied id="1355" threadId="00000000021DA700" bytesRequested="73272" />
<af-end id="1356" timestamp="2019-07-02T20:08:57.588" threadId="00000000021DB088" success="true" from="nursery"/>
<exclusive-end id="1357" timestamp="2019-07-02T20:08:57.588" durationms="0.547" />

<exclusive-start id="1358" timestamp="2019-07-02T20:08:57.588" intervalms="0.722">
  <response-info timems="0.023" idlems="0.023" threads="0" lastid="00000000021DA700" lastname="main" />
</exclusive-start>
<sys-start reason="explicit" id="1359" timestamp="2019-07-02T20:08:57.588" intervalms="670.623" />
<cycle-start id="1360" type="global" contextid="0" timestamp="2019-07-02T20:08:57.588" intervalms="670.755" />
  <attribute name="GC Util" value="44" />
  <attribute name="CPU Util" value="26775350817833" />
  <attribute name="Time Running"value="564"/>
  <attribute name="Number of cores"value="4"/>
<gc-start id="1361" type="global" contextid="1360" timestamp="2019-07-02T20:08:57.588">
  <mem-info id="1362" free="5786704" total="8388608" percent="68">
    <mem type="nursery" free="1078960" total="2097152" percent="51">
      <mem type="allocate" free="1078960" total="1835008" percent="58" />
      <mem type="survivor" free="0" total="262144" percent="0" />
    </mem>
    <mem type="tenure" free="4707744" total="6291456" percent="74">
      <mem type="soa" free="4393376" total="5977088" percent="73" />
      <mem type="loa" free="314368" total="314368" percent="100" />
    </mem>
    <remembered-set count="56" />
  </mem-info>
</gc-start>
<allocation-stats totalBytes="643608" >
  <allocated-bytes non-tlh="586264" tlh="57344" />
  <largest-consumer threadName="main" threadId="00000000021DA700" bytes="643608" />
</allocation-stats>
<gc-op id="1363" type="mark" timems="1.271" contextid="1360" timestamp="2019-07-02T20:08:57.590">
  <trace-info objectcount="18911" scancount="15625" scanbytes="513704" />
  <finalization candidates="50" enqueued="0" />
  <ownableSynchronizers candidates="1" cleared="0" />
  <references type="soft" candidates="66" cleared="0" enqueued="0" dynamicThreshold="32" maxThreshold="32" />
  <references type="weak" candidates="414" cleared="30" enqueued="15" />
  <references type="phantom" candidates="53" cleared="0" enqueued="0" />
  <stringconstants candidates="2472" cleared="0"  />
</gc-op>
<gc-op id="1364" type="classunload" timems="0.074" contextid="1360" timestamp="2019-07-02T20:08:57.590">
  <classunload-info classloadercandidates="6" classloadersunloaded="0" classesunloaded="0" anonymousclassesunloaded="0" quiescems="0.000" setupms="0.073" scanms="0.001" postms="0.000" />
</gc-op>
<gc-op id="1365" type="sweep" timems="0.481" contextid="1360" timestamp="2019-07-02T20:08:57.590" />
<gc-end id="1366" type="global" contextid="1360" durationms="2.174" usertimems="0.000" systemtimems="0.000" timestamp="2019-07-02T20:08:57.590" activeThreads="4">
  <mem-info id="1367" free="6865832" total="8388608" percent="81">
    <mem type="nursery" free="1756752" total="2097152" percent="83">
      <mem type="allocate" free="1756752" total="1835008" percent="95" />
      <mem type="survivor" free="0" total="262144" percent="0" />
    </mem>
    <mem type="tenure" free="5109080" total="6291456" percent="81" micro-fragmented="3107" macro-fragmented="0">
      <mem type="soa" free="4794712" total="5977088" percent="80" />
      <mem type="loa" free="314368" total="314368" percent="100" />
    </mem>
    <pending-finalizers system="0" default="0" reference="15" classloader="0" />
    <remembered-set count="54" />
  </mem-info>
</gc-end>
<cycle-end id="1368" type="global" contextid="1360" timestamp="2019-07-02T20:08:57.591">
  <attribute name="GC Util" value="69" />
  <attribute name="CPU Util" value="12159591042670" />
  <attribute name="Time Running"value="566"/>
  <attribute name="Number of cores"value="4"/>
</cycle-end>
<sys-end id="1369" timestamp="2019-07-02T20:08:57.591" />
<exclusive-end id="1370" timestamp="2019-07-02T20:08:57.591" durationms="2.571" />

<exclusive-start id="1371" timestamp="2019-07-02T20:08:57.916" intervalms="327.891">
  <response-info timems="0.022" idlems="0.022" threads="0" lastid="00000000021DA700" lastname="main" />
</exclusive-start>
<af-start id="1372" threadId="00000000021DB088" totalBytesRequested="2544" timestamp="2019-07-02T20:08:57.916" intervalms="328.665" type="nursery" />
<cycle-start id="1373" type="scavenge" contextid="0" timestamp="2019-07-02T20:08:57.916" intervalms="328.682" />
  <attribute name="GC Util" value="69" />
  <attribute name="CPU Util" value="12159591042670" />
  <attribute name="Time Running"value="566"/>
  <attribute name="Number of cores"value="4"/>
<gc-start id="1374" type="scavenge" contextid="1373" timestamp="2019-07-02T20:08:57.916">
  <mem-info id="1375" free="5087160" total="8388608" percent="60">
    <mem type="nursery" free="0" total="2097152" percent="0">
      <mem type="allocate" free="0" total="1835008" percent="0" />
      <mem type="survivor" free="0" total="262144" percent="0" />
    </mem>
    <mem type="tenure" free="5087160" total="6291456" percent="80">
      <mem type="soa" free="4772792" total="5977088" percent="79" />
      <mem type="loa" free="314368" total="314368" percent="100" />
    </mem>
    <remembered-set count="394" />
  </mem-info>
</gc-start>
<allocation-stats totalBytes="1775648" >
  <allocated-bytes non-tlh="21920" tlh="1753728" />
  <largest-consumer threadName="main" threadId="00000000021DA700" bytes="1771552" />
</allocation-stats>
<gc-op id="1376" type="scavenge" timems="0.528" contextid="1373" timestamp="2019-07-02T20:08:57.917">
  <scavenger-info tenureage="14" tenuremask="4000" tiltratio="87" />
  <memory-copied type="nursery" objects="3418" bytes="238544" bytesdiscarded="23520" />
  <memory-copied type="tenure" objects="73" bytes="10480" bytesdiscarded="0" />
  <copy-failed type="nursery" objects="73" bytes="10480" />
  <ownableSynchronizers candidates="2" cleared="2" />
  <references type="soft" candidates="2" cleared="0" enqueued="0" dynamicThreshold="25" maxThreshold="32" />
  <references type="weak" candidates="47" cleared="43" enqueued="43" />
  <references type="phantom" candidates="7" cleared="2" enqueued="2" />
</gc-op>
<gc-end id="1377" type="scavenge" contextid="1373" durationms="0.747" usertimems="0.000" systemtimems="0.000" timestamp="2019-07-02T20:08:57.917" activeThreads="4">
  <mem-info id="1378" free="6424248" total="8388608" percent="76">
    <mem type="nursery" free="1376256" total="2097152" percent="65">
      <mem type="allocate" free="1376256" total="1638400" percent="84" />
      <mem type="survivor" free="0" total="458752" percent="0" />
    </mem>
    <mem type="tenure" free="5047992" total="6291456" percent="80">
      <mem type="soa" free="4733624" total="5977088" percent="79" />
      <mem type="loa" free="314368" total="314368" percent="100" />
    </mem>
    <pending-finalizers system="0" default="0" reference="45" classloader="0" />
    <remembered-set count="391" />
  </mem-info>
</gc-end>
<cycle-end id="1379" type="scavenge" contextid="1373" timestamp="2019-07-02T20:08:57.917">
  <attribute name="GC Util" value="0" />
  <attribute name="CPU Util" value="95" />
  <attribute name="Time Running"value="893"/>
  <attribute name="Number of cores"value="4"/>
</cycle-end>
<allocation-satisfied id="1380" threadId="00000000021DA700" bytesRequested="2544" />
<af-end id="1381" timestamp="2019-07-02T20:08:57.917" threadId="00000000021DB088" success="true" from="nursery"/>
<exclusive-end id="1382" timestamp="2019-07-02T20:08:57.917" durationms="1.187" />

<exclusive-start id="1383" timestamp="2019-07-02T20:08:57.940" intervalms="24.001">
  <response-info timems="0.021" idlems="0.021" threads="0" lastid="00000000021DA700" lastname="main" />
</exclusive-start>
<af-start id="1384" threadId="00000000021DB088" totalBytesRequested="3080" timestamp="2019-07-02T20:08:57.940" intervalms="23.976" type="nursery" />
<cycle-start id="1385" type="scavenge" contextid="0" timestamp="2019-07-02T20:08:57.940" intervalms="23.969" />
  <attribute name="GC Util" value="0" />
  <attribute name="CPU Util" value="95" />
  <attribute name="Time Running"value="893"/>
  <attribute name="Number of cores"value="4"/>
<gc-start id="1386" type="scavenge" contextid="1385" timestamp="2019-07-02T20:08:57.940">
  <mem-info id="1387" free="5021368" total="8388608" percent="59">
    <mem type="nursery" free="0" total="2097152" percent="0">
      <mem type="allocate" free="0" total="1638400" percent="0" />
      <mem type="survivor" free="0" total="458752" percent="0" />
    </mem>
    <mem type="tenure" free="5021368" total="6291456" percent="79">
      <mem type="soa" free="4707000" total="5977088" percent="78" />
      <mem type="loa" free="314368" total="314368" percent="100" />
    </mem>
    <remembered-set count="631" />
  </mem-info>
</gc-start>
<allocation-stats totalBytes="1397440" >
  <allocated-bytes non-tlh="26992" tlh="1370448" />
  <largest-consumer threadName="main" threadId="00000000021DA700" bytes="1393344" />
</allocation-stats>
<gc-op id="1388" type="scavenge" timems="0.472" contextid="1385" timestamp="2019-07-02T20:08:57.941">
  <scavenger-info tenureage="14" tenuremask="4000" tiltratio="78" />
  <memory-copied type="nursery" objects="3417" bytes="232776" bytesdiscarded="28688" />
  <references type="soft" candidates="2" cleared="0" enqueued="0" dynamicThreshold="25" maxThreshold="32" />
  <references type="weak" candidates="9" cleared="4" enqueued="4" />
  <references type="phantom" candidates="6" cleared="0" enqueued="0" />
</gc-op>
<gc-end id="1389" type="scavenge" contextid="1385" durationms="0.644" usertimems="0.000" systemtimems="0.000" timestamp="2019-07-02T20:08:57.941" activeThreads="4">
  <mem-info id="1390" free="6398216" total="8388608" percent="76">
    <mem type="nursery" free="1376848" total="2097152" percent="65">
      <mem type="allocate" free="1376848" total="1638400" percent="84" />
      <mem type="survivor" free="0" total="458752" percent="0" />
    </mem>
    <mem type="tenure" free="5021368" total="6291456" percent="79">
      <mem type="soa" free="4707000" total="5977088" percent="78" />
      <mem type="loa" free="314368" total="314368" percent="100" />
    </mem>
    <pending-finalizers system="0" default="0" reference="4" classloader="0" />
    <remembered-set count="625" />
  </mem-info>
</gc-end>
<cycle-end id="1391" type="scavenge" contextid="1385" timestamp="2019-07-02T20:08:57.941">
  <attribute name="GC Util" value="4" />
  <attribute name="CPU Util" value="772378911137" />
  <attribute name="Time Running"value="917"/>
  <attribute name="Number of cores"value="4"/>
</cycle-end>
<allocation-satisfied id="1392" threadId="00000000021DA700" bytesRequested="3080" />
<af-end id="1393" timestamp="2019-07-02T20:08:57.941" threadId="00000000021DB088" success="true" from="nursery"/>
<exclusive-end id="1394" timestamp="2019-07-02T20:08:57.941" durationms="1.005" />

<exclusive-start id="1395" timestamp="2019-07-02T20:08:57.988" intervalms="47.859">
  <response-info timems="0.027" idlems="0.027" threads="0" lastid="00000000021DA700" lastname="main" />
</exclusive-start>
<af-start id="1396" threadId="00000000021DB088" totalBytesRequested="1248" timestamp="2019-07-02T20:08:57.988" intervalms="47.885" type="nursery" />
<cycle-start id="1397" type="scavenge" contextid="0" timestamp="2019-07-02T20:08:57.988" intervalms="47.925" />
  <attribute name="GC Util" value="4" />
  <attribute name="CPU Util" value="772378911137" />
  <attribute name="Time Running"value="917"/>
  <attribute name="Number of cores"value="4"/>
<gc-start id="1398" type="scavenge" contextid="1397" timestamp="2019-07-02T20:08:57.988">
  <mem-info id="1399" free="4991560" total="8388608" percent="59">
    <mem type="nursery" free="0" total="2097152" percent="0">
      <mem type="allocate" free="0" total="1638400" percent="0" />
      <mem type="survivor" free="0" total="458752" percent="0" />
    </mem>
    <mem type="tenure" free="4991560" total="6291456" percent="79">
      <mem type="soa" free="4677192" total="5977088" percent="78" />
      <mem type="loa" free="314368" total="314368" percent="100" />
    </mem>
    <remembered-set count="943" />
  </mem-info>
</gc-start>
<allocation-stats totalBytes="1398584" >
  <allocated-bytes non-tlh="32208" tlh="1366376" />
  <largest-consumer threadName="main" threadId="00000000021DA700" bytes="1398584" />
</allocation-stats>
<gc-op id="1400" type="scavenge" timems="0.460" contextid="1397" timestamp="2019-07-02T20:08:57.989">
  <scavenger-info tenureage="14" tenuremask="4000" tiltratio="78" />
  <memory-copied type="nursery" objects="3905" bytes="316536" bytesdiscarded="40336" />
  <references type="soft" candidates="2" cleared="0" enqueued="0" dynamicThreshold="25" maxThreshold="32" />
  <references type="weak" candidates="17" cleared="13" enqueued="13" />
  <references type="phantom" candidates="5" cleared="0" enqueued="0" />
</gc-op>
<gc-end id="1401" type="scavenge" contextid="1397" durationms="0.716" usertimems="0.000" systemtimems="0.000" timestamp="2019-07-02T20:08:57.989" activeThreads="4">
  <mem-info id="1402" free="6272928" total="8388608" percent="74">
    <mem type="nursery" free="1281368" total="2097152" percent="61">
      <mem type="allocate" free="1281368" total="1638400" percent="78" />
      <mem type="survivor" free="0" total="458752" percent="0" />
    </mem>
    <mem type="tenure" free="4991560" total="6291456" percent="79">
      <mem type="soa" free="4677192" total="5977088" percent="78" />
      <mem type="loa" free="314368" total="314368" percent="100" />
    </mem>
    <pending-finalizers system="0" default="0" reference="13" classloader="0" />
    <remembered-set count="693" />
  </mem-info>
</gc-end>
<cycle-end id="1403" type="scavenge" contextid="1397" timestamp="2019-07-02T20:08:57.989">
  <attribute name="GC Util" value="1" />
  <attribute name="CPU Util" value="291" />
  <attribute name="Time Running"value="965"/>
  <attribute name="Number of cores"value="4"/>
</cycle-end>
<allocation-satisfied id="1404" threadId="00000000021DA700" bytesRequested="1248" />
<af-end id="1405" timestamp="2019-07-02T20:08:57.989" threadId="00000000021DB088" success="true" from="nursery"/>
<exclusive-end id="1406" timestamp="2019-07-02T20:08:57.989" durationms="1.173" />

<exclusive-start id="1407" timestamp="2019-07-02T20:08:58.028" intervalms="40.419">
  <response-info timems="0.011" idlems="0.011" threads="0" lastid="00000000021DA700" lastname="main" />
</exclusive-start>
<af-start id="1408" threadId="00000000021DB088" totalBytesRequested="1032" timestamp="2019-07-02T20:08:58.028" intervalms="40.399" type="nursery" />
<cycle-start id="1409" type="scavenge" contextid="0" timestamp="2019-07-02T20:08:58.028" intervalms="40.361" />
  <attribute name="GC Util" value="1" />
  <attribute name="CPU Util" value="291" />
  <attribute name="Time Running"value="965"/>
  <attribute name="Number of cores"value="4"/>
<gc-start id="1410" type="scavenge" contextid="1409" timestamp="2019-07-02T20:08:58.028">
  <mem-info id="1411" free="4955984" total="8388608" percent="59">
    <mem type="nursery" free="0" total="2097152" percent="0">
      <mem type="allocate" free="0" total="1638400" percent="0" />
      <mem type="survivor" free="0" total="458752" percent="0" />
    </mem>
    <mem type="tenure" free="4955984" total="6291456" percent="78">
      <mem type="soa" free="4641616" total="5977088" percent="77" />
      <mem type="loa" free="314368" total="314368" percent="100" />
    </mem>
    <remembered-set count="1091" />
  </mem-info>
</gc-start>
<allocation-stats totalBytes="1313800" >
  <allocated-bytes non-tlh="36088" tlh="1277712" />
  <largest-consumer threadName="main" threadId="00000000021DA700" bytes="1313800" />
</allocation-stats>
<gc-op id="1412" type="scavenge" timems="0.596" contextid="1409" timestamp="2019-07-02T20:08:58.029">
  <scavenger-info tenureage="3" tenuremask="4008" tiltratio="78" />
  <memory-copied type="nursery" objects="3159" bytes="251344" bytesdiscarded="126496" />
  <memory-copied type="tenure" objects="3190" bytes="218024" bytesdiscarded="184" />
  <references type="weak" candidates="3" cleared="2" enqueued="2" />
  <references type="phantom" candidates="1" cleared="0" enqueued="0" />
</gc-op>
<gc-end id="1413" type="scavenge" contextid="1409" durationms="0.768" usertimems="0.000" systemtimems="0.000" timestamp="2019-07-02T20:08:58.029" activeThreads="4">
  <mem-info id="1414" free="5989536" total="8388608" percent="71">
    <mem type="nursery" free="1260472" total="2097152" percent="60">
      <mem type="allocate" free="1260472" total="1638400" percent="76" />
      <mem type="survivor" free="0" total="458752" percent="0" />
    </mem>
    <mem type="tenure" free="4729064" total="6291456" percent="75">
      <mem type="soa" free="4414696" total="5977088" percent="73" />
      <mem type="loa" free="314368" total="314368" percent="100" />
    </mem>
    <pending-finalizers system="0" default="0" reference="2" classloader="0" />
    <remembered-set count="859" />
  </mem-info>
</gc-end>
<cycle-end id="1415" type="scavenge" contextid="1409" timestamp="2019-07-02T20:08:58.029">
  <attribute name="GC Util" value="2" />
  <attribute name="CPU Util" value="22" />
  <attribute name="Time Running"value="1005"/>
  <attribute name="Number of cores"value="4"/>
</cycle-end>
<allocation-satisfied id="1416" threadId="00000000021DA700" bytesRequested="1032" />
<af-end id="1417" timestamp="2019-07-02T20:08:58.029" threadId="00000000021DB088" success="true" from="nursery"/>
<exclusive-end id="1418" timestamp="2019-07-02T20:08:58.029" durationms="1.137" />

<exclusive-start id="1419" timestamp="2019-07-02T20:08:58.418" intervalms="389.945">
  <response-info timems="0.025" idlems="0.025" threads="0" lastid="00000000021DA700" lastname="main" />
</exclusive-start>
<af-start id="1420" threadId="00000000021DB088" totalBytesRequested="24" timestamp="2019-07-02T20:08:58.418" intervalms="389.950" type="nursery" />
<cycle-start id="1421" type="scavenge" contextid="0" timestamp="2019-07-02T20:08:58.418" intervalms="389.950" />
  <attribute name="GC Util" value="2" />
  <attribute name="CPU Util" value="22" />
  <attribute name="Time Running"value="1005"/>
  <attribute name="Number of cores"value="4"/>
<gc-start id="1422" type="scavenge" contextid="1421" timestamp="2019-07-02T20:08:58.418">
  <mem-info id="1423" free="4712752" total="8388608" percent="56">
    <mem type="nursery" free="0" total="2097152" percent="0">
      <mem type="allocate" free="0" total="1638400" percent="0" />
      <mem type="survivor" free="0" total="458752" percent="0" />
    </mem>
    <mem type="tenure" free="4712752" total="6291456" percent="74">
      <mem type="soa" free="4398384" total="5977088" percent="73" />
      <mem type="loa" free="314368" total="314368" percent="100" />
    </mem>
    <remembered-set count="1125" />
  </mem-info>
</gc-start>
<allocation-stats totalBytes="1274712" >
  <allocated-bytes non-tlh="17344" tlh="1257368" />
  <largest-consumer threadName="main" threadId="00000000021DA700" bytes="1274712" />
</allocation-stats>
<gc-op id="1424" type="scavenge" timems="0.622" contextid="1421" timestamp="2019-07-02T20:08:58.419">
  <scavenger-info tenureage="14" tenuremask="4000" tiltratio="78" />
  <memory-copied type="nursery" objects="3244" bytes="260592" bytesdiscarded="70592" />
  <finalization candidates="5" enqueued="0" />
  <references type="soft" candidates="1" cleared="0" enqueued="0" dynamicThreshold="25" maxThreshold="32" />
  <references type="weak" candidates="105" cleared="35" enqueued="24" />
  <references type="phantom" candidates="2" cleared="1" enqueued="1" />
</gc-op>
<gc-end id="1425" type="scavenge" contextid="1421" durationms="0.779" usertimems="0.000" systemtimems="0.000" timestamp="2019-07-02T20:08:58.419" activeThreads="4">
  <mem-info id="1426" free="6085416" total="8388608" percent="72">
    <mem type="nursery" free="1372664" total="2097152" percent="65">
      <mem type="allocate" free="1372664" total="1703936" percent="80" />
      <mem type="survivor" free="0" total="393216" percent="0" />
    </mem>
    <mem type="tenure" free="4712752" total="6291456" percent="74">
      <mem type="soa" free="4398384" total="5977088" percent="73" />
      <mem type="loa" free="314368" total="314368" percent="100" />
    </mem>
    <pending-finalizers system="0" default="0" reference="25" classloader="0" />
    <remembered-set count="871" />
  </mem-info>
</gc-end>
<cycle-end id="1427" type="scavenge" contextid="1421" timestamp="2019-07-02T20:08:58.419">
  <attribute name="GC Util" value="0" />
  <attribute name="CPU Util" value="7" />
  <attribute name="Time Running"value="1395"/>
  <attribute name="Number of cores"value="4"/>
</cycle-end>
<allocation-satisfied id="1428" threadId="00000000021DA700" bytesRequested="24" />
<af-end id="1429" timestamp="2019-07-02T20:08:58.419" threadId="00000000021DB088" success="true" from="nursery"/>
<exclusive-end id="1430" timestamp="2019-07-02T20:08:58.419" durationms="1.148" />

<exclusive-start id="1431" timestamp="2019-07-02T20:08:58.824" intervalms="406.143">
  <response-info timems="0.022" idlems="0.022" threads="0" lastid="00000000024EB400" lastname="PmdThread 1" />
</exclusive-start>
<af-start id="1432" threadId="00000000024EBD88" totalBytesRequested="16" timestamp="2019-07-02T20:08:58.825" intervalms="406.269" type="nursery" />
<cycle-start id="1433" type="scavenge" contextid="0" timestamp="2019-07-02T20:08:58.825" intervalms="406.322" />
  <attribute name="GC Util" value="0" />
  <attribute name="CPU Util" value="7" />
  <attribute name="Time Running"value="1395"/>
  <attribute name="Number of cores"value="4"/>
<gc-start id="1434" type="scavenge" contextid="1433" timestamp="2019-07-02T20:08:58.825">
  <mem-info id="1435" free="4710000" total="8388608" percent="56">
    <mem type="nursery" free="0" total="2097152" percent="0">
      <mem type="allocate" free="0" total="1703936" percent="0" />
      <mem type="survivor" free="0" total="393216" percent="0" />
    </mem>
    <mem type="tenure" free="4710000" total="6291456" percent="74">
      <mem type="soa" free="4395632" total="5977088" percent="73" />
      <mem type="loa" free="314368" total="314368" percent="100" />
    </mem>
    <remembered-set count="939" />
  </mem-info>
</gc-start>
<allocation-stats totalBytes="1374152" >
  <allocated-bytes non-tlh="2776" tlh="1371376" />
  <largest-consumer threadName="main" threadId="00000000021DA700" bytes="1362320" />
</allocation-stats>
<gc-op id="1436" type="scavenge" timems="0.691" contextid="1433" timestamp="2019-07-02T20:08:58.826">
  <scavenger-info tenureage="3" tenuremask="4008" tiltratio="81" />
  <memory-copied type="nursery" objects="4451" bytes="292128" bytesdiscarded="51888" />
  <memory-copied type="tenure" objects="164" bytes="70072" bytesdiscarded="0" />
  <finalization candidates="5" enqueued="0" />
  <ownableSynchronizers candidates="5" cleared="0" />
  <references type="soft" candidates="1" cleared="0" enqueued="0" dynamicThreshold="25" maxThreshold="32" />
  <references type="weak" candidates="401" cleared="188" enqueued="126" />
  <references type="phantom" candidates="1" cleared="0" enqueued="0" />
</gc-op>
<gc-end id="1437" type="scavenge" contextid="1433" durationms="1.027" usertimems="0.000" systemtimems="0.000" timestamp="2019-07-02T20:08:58.826" activeThreads="4">
  <mem-info id="1438" free="5993464" total="8388608" percent="71">
    <mem type="nursery" free="1359872" total="2097152" percent="64">
      <mem type="allocate" free="1359872" total="1703936" percent="79" />
      <mem type="survivor" free="0" total="393216" percent="0" />
    </mem>
    <mem type="tenure" free="4633592" total="6291456" percent="73">
      <mem type="soa" free="4319224" total="5977088" percent="72" />
      <mem type="loa" free="314368" total="314368" percent="100" />
    </mem>
    <pending-finalizers system="0" default="0" reference="126" classloader="0" />
    <remembered-set count="581" />
  </mem-info>
</gc-end>
<cycle-end id="1439" type="scavenge" contextid="1433" timestamp="2019-07-02T20:08:58.826">
  <attribute name="GC Util" value="0" />
  <attribute name="CPU Util" value="45385788062" />
  <attribute name="Time Running"value="1801"/>
  <attribute name="Number of cores"value="4"/>
</cycle-end>
<allocation-satisfied id="1440" threadId="00000000024EB400" bytesRequested="16" />
<af-end id="1441" timestamp="2019-07-02T20:08:58.826" threadId="00000000024EBD88" success="true" from="nursery"/>
<exclusive-end id="1442" timestamp="2019-07-02T20:08:58.826" durationms="2.061" />

<exclusive-start id="1443" timestamp="2019-07-02T20:08:58.843" intervalms="18.764">
  <response-info timems="0.060" idlems="0.060" threads="0" lastid="00000000024EB400" lastname="PmdThread 1" />
</exclusive-start>
<af-start id="1444" threadId="00000000024EBD88" totalBytesRequested="944" timestamp="2019-07-02T20:08:58.843" intervalms="18.649" type="nursery" />
<cycle-start id="1445" type="scavenge" contextid="0" timestamp="2019-07-02T20:08:58.843" intervalms="18.590" />
  <attribute name="GC Util" value="0" />
  <attribute name="CPU Util" value="45385788062" />
  <attribute name="Time Running"value="1801"/>
  <attribute name="Number of cores"value="4"/>
<gc-start id="1446" type="scavenge" contextid="1445" timestamp="2019-07-02T20:08:58.843">
  <mem-info id="1447" free="4633472" total="8388608" percent="55">
    <mem type="nursery" free="0" total="2097152" percent="0">
      <mem type="allocate" free="0" total="1703936" percent="0" />
      <mem type="survivor" free="0" total="393216" percent="0" />
    </mem>
    <mem type="tenure" free="4633472" total="6291456" percent="73">
      <mem type="soa" free="4319104" total="5977088" percent="72" />
      <mem type="loa" free="314368" total="314368" percent="100" />
    </mem>
    <remembered-set count="591" />
  </mem-info>
</gc-start>
<allocation-stats totalBytes="1312464" >
  <allocated-bytes non-tlh="8344" tlh="1304120" />
  <largest-consumer threadName="PmdThread 3" threadId="00000000024EC000" bytes="572416" />
</allocation-stats>
<gc-op id="1448" type="scavenge" timems="0.890" contextid="1445" timestamp="2019-07-02T20:08:58.844">
  <scavenger-info tenureage="14" tenuremask="4000" tiltratio="81" />
  <memory-copied type="nursery" objects="5955" bytes="393024" bytesdiscarded="96" />
  <memory-copied type="tenure" objects="5778" bytes="475808" bytesdiscarded="536" />
  <copy-failed type="nursery" objects="5778" bytes="475816" />
  <finalization candidates="6" enqueued="0" />
  <ownableSynchronizers candidates="7" cleared="0" />
  <references type="soft" candidates="1" cleared="0" enqueued="0" dynamicThreshold="25" maxThreshold="32" />
  <references type="weak" candidates="219" cleared="0" enqueued="0" />
  <references type="phantom" candidates="3" cleared="0" enqueued="0" />
</gc-op>
<heap-resize id="1449" type="expand" space="nursery" amount="131072" count="1" timems="0.099" reason="excessive time being spent scavenging" timestamp="2019-07-02T20:08:58.844" />
<gc-end id="1450" type="scavenge" contextid="1445" durationms="1.191" usertimems="4.000" systemtimems="0.000" timestamp="2019-07-02T20:08:58.844" activeThreads="4">
  <mem-info id="1451" free="4767328" total="8519680" percent="55">
    <mem type="nursery" free="720896" total="2228224" percent="32">
      <mem type="allocate" free="720896" total="1114112" percent="64" />
      <mem type="survivor" free="0" total="1114112" percent="0" />
    </mem>
    <mem type="tenure" free="4046432" total="6291456" percent="64">
      <mem type="soa" free="3732064" total="5977088" percent="62" />
      <mem type="loa" free="314368" total="314368" percent="100" />
    </mem>
    <remembered-set count="574" />
  </mem-info>
</gc-end>
<cycle-end id="1452" type="scavenge" contextid="1445" timestamp="2019-07-02T20:08:58.845">
  <attribute name="GC Util" value="6" />
  <attribute name="CPU Util" value="31" />
  <attribute name="Time Running"value="1820"/>
  <attribute name="Number of cores"value="4"/>
</cycle-end>
<allocation-satisfied id="1453" threadId="00000000024EB400" bytesRequested="944" />
<af-end id="1454" timestamp="2019-07-02T20:08:58.845" threadId="00000000024EBD88" success="true" from="nursery"/>
<exclusive-end id="1455" timestamp="2019-07-02T20:08:58.845" durationms="1.572" />

<exclusive-start id="1456" timestamp="2019-07-02T20:08:58.856" intervalms="13.143">
  <response-info timems="0.030" idlems="0.030" threads="0" lastid="00000000024EC000" lastname="PmdThread 3" />
</exclusive-start>
<af-start id="1457" threadId="00000000024EC988" totalBytesRequested="130056" timestamp="2019-07-02T20:08:58.856" intervalms="13.110" type="nursery" />
<cycle-start id="1458" type="scavenge" contextid="0" timestamp="2019-07-02T20:08:58.856" intervalms="13.123" />
  <attribute name="GC Util" value="6" />
  <attribute name="CPU Util" value="31" />
  <attribute name="Time Running"value="1820"/>
  <attribute name="Number of cores"value="4"/>
<gc-start id="1459" type="scavenge" contextid="1458" timestamp="2019-07-02T20:08:58.856">
  <mem-info id="1460" free="4091952" total="8519680" percent="48">
    <mem type="nursery" free="50168" total="2228224" percent="2">
      <mem type="allocate" free="50168" total="1114112" percent="4" />
      <mem type="survivor" free="0" total="1114112" percent="0" />
    </mem>
    <mem type="tenure" free="4041784" total="6291456" percent="64">
      <mem type="soa" free="3727416" total="5977088" percent="62" />
      <mem type="loa" free="314368" total="314368" percent="100" />
    </mem>
    <remembered-set count="639" />
  </mem-info>
</gc-start>
<allocation-stats totalBytes="658912" >
  <allocated-bytes non-tlh="70112" tlh="588800" />
  <largest-consumer threadName="PmdThread 3" threadId="00000000024EC000" bytes="318152" />
</allocation-stats>
<gc-op id="1461" type="scavenge" timems="0.774" contextid="1458" timestamp="2019-07-02T20:08:58.857">
  <scavenger-info tenureage="3" tenuremask="6018" tiltratio="50" />
  <memory-copied type="nursery" objects="9466" bytes="612504" bytesdiscarded="32944" />
  <memory-copied type="tenure" objects="1266" bytes="52104" bytesdiscarded="0" />
  <finalization candidates="6" enqueued="0" />
  <ownableSynchronizers candidates="5" cleared="0" />
  <references type="weak" candidates="153" cleared="0" enqueued="0" />
  <references type="phantom" candidates="3" cleared="0" enqueued="0" />
</gc-op>
<gc-end id="1462" type="scavenge" contextid="1458" durationms="0.916" usertimems="0.000" systemtimems="4.000" timestamp="2019-07-02T20:08:58.857" activeThreads="4">
  <mem-info id="1463" free="4431992" total="8519680" percent="52">
    <mem type="nursery" free="468544" total="2228224" percent="21">
      <mem type="allocate" free="468544" total="1114112" percent="42" />
      <mem type="survivor" free="0" total="1114112" percent="0" />
    </mem>
    <mem type="tenure" free="3963448" total="6291456" percent="62">
      <mem type="soa" free="3649080" total="5977088" percent="61" />
      <mem type="loa" free="314368" total="314368" percent="100" />
    </mem>
    <remembered-set count="383" />
  </mem-info>
</gc-end>
<cycle-end id="1464" type="scavenge" contextid="1458" timestamp="2019-07-02T20:08:58.857">
  <attribute name="GC Util" value="13" />
  <attribute name="CPU Util" value="1404589109239" />
  <attribute name="Time Running"value="1833"/>
  <attribute name="Number of cores"value="4"/>
</cycle-end>
<allocation-satisfied id="1465" threadId="00000000024EC000" bytesRequested="130056" />
<af-end id="1466" timestamp="2019-07-02T20:08:58.858" threadId="00000000024EC988" success="true" from="nursery"/>
<exclusive-end id="1467" timestamp="2019-07-02T20:08:58.858" durationms="1.329" />

<exclusive-start id="1468" timestamp="2019-07-02T20:08:58.862" intervalms="5.841">
  <response-info timems="0.774" idlems="0.471" threads="1" lastid="00000000024EC000" lastname="PmdThread 3" />
</exclusive-start>
<af-start id="1469" threadId="00000000024ED488" totalBytesRequested="24" timestamp="2019-07-02T20:08:58.862" intervalms="5.857" type="nursery" />
<cycle-start id="1470" type="scavenge" contextid="0" timestamp="2019-07-02T20:08:58.862" intervalms="5.857" />
  <attribute name="GC Util" value="13" />
  <attribute name="CPU Util" value="1404589109239" />
  <attribute name="Time Running"value="1833"/>
  <attribute name="Number of cores"value="4"/>
<gc-start id="1471" type="scavenge" contextid="1470" timestamp="2019-07-02T20:08:58.862">
  <mem-info id="1472" free="3962856" total="8519680" percent="46">
    <mem type="nursery" free="0" total="2228224" percent="0">
      <mem type="allocate" free="0" total="1114112" percent="0" />
      <mem type="survivor" free="0" total="1114112" percent="0" />
    </mem>
    <mem type="tenure" free="3962856" total="6291456" percent="62">
      <mem type="soa" free="3648488" total="5977088" percent="61" />
      <mem type="loa" free="314368" total="314368" percent="100" />
    </mem>
    <remembered-set count="392" />
  </mem-info>
</gc-start>
<allocation-stats totalBytes="468640" >
  <allocated-bytes non-tlh="278048" tlh="190592" />
  <largest-consumer threadName="PmdThread 3" threadId="00000000024EC000" bytes="363880" />
</allocation-stats>
<gc-op id="1473" type="scavenge" timems="0.674" contextid="1470" timestamp="2019-07-02T20:08:58.863">
  <scavenger-info tenureage="12" tenuremask="7000" tiltratio="50" />
  <memory-copied type="nursery" objects="10057" bytes="573472" bytesdiscarded="134152" />
  <finalization candidates="1" enqueued="0" />
  <ownableSynchronizers candidates="5" cleared="0" />
  <references type="weak" candidates="152" cleared="0" enqueued="0" />
  <references type="phantom" candidates="2" cleared="0" enqueued="0" />
</gc-op>
<gc-end id="1474" type="scavenge" contextid="1470" durationms="0.851" usertimems="4.000" systemtimems="0.000" timestamp="2019-07-02T20:08:58.863" activeThreads="4">
  <mem-info id="1475" free="4369224" total="8519680" percent="51">
    <mem type="nursery" free="406368" total="2228224" percent="18">
      <mem type="allocate" free="406368" total="1114112" percent="36" />
      <mem type="survivor" free="0" total="1114112" percent="0" />
    </mem>
    <mem type="tenure" free="3962856" total="6291456" percent="62">
      <mem type="soa" free="3648488" total="5977088" percent="61" />
      <mem type="loa" free="314368" total="314368" percent="100" />
    </mem>
    <remembered-set count="386" />
  </mem-info>
</gc-end>
<cycle-end id="1476" type="scavenge" contextid="1470" timestamp="2019-07-02T20:08:58.863">
  <attribute name="GC Util" value="25" />
  <attribute name="CPU Util" value="3128013630365" />
  <attribute name="Time Running"value="1839"/>
  <attribute name="Number of cores"value="4"/>
</cycle-end>
<allocation-satisfied id="1477" threadId="00000000024ECB00" bytesRequested="24" />
<af-end id="1478" timestamp="2019-07-02T20:08:58.863" threadId="00000000024ED488" success="true" from="nursery"/>
<exclusive-end id="1479" timestamp="2019-07-02T20:08:58.863" durationms="1.269" />

<exclusive-start id="1480" timestamp="2019-07-02T20:08:58.867" intervalms="4.883">
  <response-info timems="0.104" idlems="0.056" threads="1" lastid="00000000024EC000" lastname="PmdThread 3" />
</exclusive-start>
<af-start id="1481" threadId="00000000024EF988" totalBytesRequested="1000" timestamp="2019-07-02T20:08:58.867" intervalms="4.877" type="nursery" />
<cycle-start id="1482" type="scavenge" contextid="0" timestamp="2019-07-02T20:08:58.867" intervalms="4.872" />
  <attribute name="GC Util" value="25" />
  <attribute name="CPU Util" value="3128013630365" />
  <attribute name="Time Running"value="1839"/>
  <attribute name="Number of cores"value="4"/>
<gc-start id="1483" type="scavenge" contextid="1482" timestamp="2019-07-02T20:08:58.867">
  <mem-info id="1484" free="3962448" total="8519680" percent="46">
    <mem type="nursery" free="0" total="2228224" percent="0">
      <mem type="allocate" free="0" total="1114112" percent="0" />
      <mem type="survivor" free="0" total="1114112" percent="0" />
    </mem>
    <mem type="tenure" free="3962448" total="6291456" percent="62">
      <mem type="soa" free="3648080" total="5977088" percent="61" />
      <mem type="loa" free="314368" total="314368" percent="100" />
    </mem>
    <remembered-set count="396" />
  </mem-info>
</gc-start>
<allocation-stats totalBytes="402264" >
  <allocated-bytes non-tlh="432" tlh="401832" />
  <largest-consumer threadName="PmdThread 2" threadId="00000000024EF000" bytes="199136" />
</allocation-stats>
<gc-op id="1485" type="scavenge" timems="0.790" contextid="1482" timestamp="2019-07-02T20:08:58.868">
  <scavenger-info tenureage="3" tenuremask="7808" tiltratio="50" />
  <memory-copied type="nursery" objects="9235" bytes="512912" bytesdiscarded="69360" />
  <memory-copied type="tenure" objects="2852" bytes="226400" bytesdiscarded="16" />
  <finalization candidates="1" enqueued="0" />
  <ownableSynchronizers candidates="5" cleared="0" />
  <references type="weak" candidates="143" cleared="0" enqueued="0" />
  <references type="phantom" candidates="2" cleared="0" enqueued="0" />
</gc-op>
<gc-end id="1486" type="scavenge" contextid="1482" durationms="0.918" usertimems="0.000" systemtimems="0.000" timestamp="2019-07-02T20:08:58.868" activeThreads="4">
  <mem-info id="1487" free="4282672" total="8519680" percent="50">
    <mem type="nursery" free="531760" total="2228224" percent="23">
      <mem type="allocate" free="531760" total="1114112" percent="47" />
      <mem type="survivor" free="0" total="1114112" percent="0" />
    </mem>
    <mem type="tenure" free="3750912" total="6291456" percent="59">
      <mem type="soa" free="3436544" total="5977088" percent="57" />
      <mem type="loa" free="314368" total="314368" percent="100" />
    </mem>
    <remembered-set count="324" />
  </mem-info>
</gc-end>
<cycle-end id="1488" type="scavenge" contextid="1482" timestamp="2019-07-02T20:08:58.868">
  <attribute name="GC Util" value="26" />
  <attribute name="CPU Util" value="3850603622133" />
  <attribute name="Time Running"value="1844"/>
  <attribute name="Number of cores"value="4"/>
</cycle-end>
<allocation-satisfied id="1489" threadId="00000000024EF000" bytesRequested="1000" />
<af-end id="1490" timestamp="2019-07-02T20:08:58.868" threadId="00000000024EF988" success="true" from="nursery"/>
<exclusive-end id="1491" timestamp="2019-07-02T20:08:58.868" durationms="1.283" />

<exclusive-start id="1492" timestamp="2019-07-02T20:08:58.871" intervalms="3.925">
  <response-info timems="0.040" idlems="0.022" threads="1" lastid="00000000024EC000" lastname="PmdThread 3" />
</exclusive-start>
<af-start id="1493" threadId="00000000024ED488" totalBytesRequested="40" timestamp="2019-07-02T20:08:58.871" intervalms="3.931" type="nursery" />
<cycle-start id="1494" type="scavenge" contextid="0" timestamp="2019-07-02T20:08:58.871" intervalms="3.909" />
  <attribute name="GC Util" value="26" />
  <attribute name="CPU Util" value="3850603622133" />
  <attribute name="Time Running"value="1844"/>
  <attribute name="Number of cores"value="4"/>
<gc-start id="1495" type="scavenge" contextid="1494" timestamp="2019-07-02T20:08:58.871">
  <mem-info id="1496" free="3746888" total="8519680" percent="43">
    <mem type="nursery" free="0" total="2228224" percent="0">
      <mem type="allocate" free="0" total="1114112" percent="0" />
      <mem type="survivor" free="0" total="1114112" percent="0" />
    </mem>
    <mem type="tenure" free="3746888" total="6291456" percent="59">
      <mem type="soa" free="3432520" total="5977088" percent="57" />
      <mem type="loa" free="314368" total="314368" percent="100" />
    </mem>
    <remembered-set count="421" />
  </mem-info>
</gc-start>
<allocation-stats totalBytes="534576" >
  <allocated-bytes non-tlh="182688" tlh="351888" />
  <largest-consumer threadName="PmdThread 1" threadId="00000000024EB400" bytes="267232" />
</allocation-stats>
<gc-op id="1497" type="scavenge" timems="0.616" contextid="1494" timestamp="2019-07-02T20:08:58.872">
  <scavenger-info tenureage="10" tenuremask="7c00" tiltratio="50" />
  <memory-copied type="nursery" objects="9875" bytes="676080" bytesdiscarded="133096" />
  <ownableSynchronizers candidates="3" cleared="0" />
  <references type="weak" candidates="143" cleared="0" enqueued="0" />
  <references type="phantom" candidates="2" cleared="0" enqueued="0" />
</gc-op>
<gc-end id="1498" type="scavenge" contextid="1494" durationms="0.766" usertimems="4.000" systemtimems="0.000" timestamp="2019-07-02T20:08:58.872" activeThreads="4">
  <mem-info id="1499" free="4051744" total="8519680" percent="47">
    <mem type="nursery" free="304856" total="2228224" percent="13">
      <mem type="allocate" free="304856" total="1114112" percent="27" />
      <mem type="survivor" free="0" total="1114112" percent="0" />
    </mem>
    <mem type="tenure" free="3746888" total="6291456" percent="59">
      <mem type="soa" free="3432520" total="5977088" percent="57" />
      <mem type="loa" free="314368" total="314368" percent="100" />
    </mem>
    <remembered-set count="414" />
  </mem-info>
</gc-end>
<cycle-end id="1500" type="scavenge" contextid="1494" timestamp="2019-07-02T20:08:58.872">
  <attribute name="GC Util" value="39" />
  <attribute name="CPU Util" value="4674140717146" />
  <attribute name="Time Running"value="1848"/>
  <attribute name="Number of cores"value="4"/>
</cycle-end>
<allocation-satisfied id="1501" threadId="00000000024ECB00" bytesRequested="40" />
<af-end id="1502" timestamp="2019-07-02T20:08:58.872" threadId="00000000024ED488" success="true" from="nursery"/>
<exclusive-end id="1503" timestamp="2019-07-02T20:08:58.872" durationms="1.146" />

<exclusive-start id="1504" timestamp="2019-07-02T20:08:58.873" intervalms="2.431">
  <response-info timems="0.121" idlems="0.074" threads="2" lastid="00000000024ECB00" lastname="PmdThread 4" />
</exclusive-start>
<af-start id="1505" threadId="00000000024EBD88" totalBytesRequested="40" timestamp="2019-07-02T20:08:58.873" intervalms="2.417" type="nursery" />
<cycle-start id="1506" type="scavenge" contextid="0" timestamp="2019-07-02T20:08:58.873" intervalms="2.439" />
  <attribute name="GC Util" value="39" />
  <attribute name="CPU Util" value="4674140717146" />
  <attribute name="Time Running"value="1848"/>
  <attribute name="Number of cores"value="4"/>
<gc-start id="1507" type="scavenge" contextid="1506" timestamp="2019-07-02T20:08:58.873">
  <mem-info id="1508" free="3746520" total="8519680" percent="43">
    <mem type="nursery" free="0" total="2228224" percent="0">
      <mem type="allocate" free="0" total="1114112" percent="0" />
      <mem type="survivor" free="0" total="1114112" percent="0" />
    </mem>
    <mem type="tenure" free="3746520" total="6291456" percent="59">
      <mem type="soa" free="3432152" total="5977088" percent="57" />
      <mem type="loa" free="314368" total="314368" percent="100" />
    </mem>
    <remembered-set count="426" />
  </mem-info>
</gc-start>
<allocation-stats totalBytes="271168" >
  <allocated-bytes non-tlh="16800" tlh="254368" />
  <largest-consumer threadName="PmdThread 2" threadId="00000000024EF000" bytes="146680" />
</allocation-stats>
<gc-op id="1509" type="scavenge" timems="0.644" contextid="1506" timestamp="2019-07-02T20:08:58.874">
  <scavenger-info tenureage="9" tenuremask="7e00" tiltratio="50" />
  <memory-copied type="nursery" objects="9998" bytes="815672" bytesdiscarded="61968" />
  <memory-copied type="tenure" objects="113" bytes="3792" bytesdiscarded="0" />
  <ownableSynchronizers candidates="3" cleared="0" />
  <references type="weak" candidates="143" cleared="0" enqueued="0" />
  <references type="phantom" candidates="4" cleared="0" enqueued="0" />
</gc-op>
<gc-end id="1510" type="scavenge" contextid="1506" durationms="0.813" usertimems="0.000" systemtimems="0.000" timestamp="2019-07-02T20:08:58.874" activeThreads="4">
  <mem-info id="1511" free="4048440" total="8519680" percent="47">
    <mem type="nursery" free="301920" total="2228224" percent="13">
      <mem type="allocate" free="301920" total="1179648" percent="25" />
      <mem type="survivor" free="0" total="1048576" percent="0" />
    </mem>
    <mem type="tenure" free="3746520" total="6291456" percent="59">
      <mem type="soa" free="3432152" total="5977088" percent="57" />
      <mem type="loa" free="314368" total="314368" percent="100" />
    </mem>
    <remembered-set count="352" />
  </mem-info>
</gc-end>
<cycle-end id="1512" type="scavenge" contextid="1506" timestamp="2019-07-02T20:08:58.874">
  <attribute name="GC Util" value="50" />
  <attribute name="CPU Util" value="7476171957807" />
  <attribute name="Time Running"value="1850"/>
  <attribute name="Number of cores"value="4"/>
</cycle-end>
<allocation-satisfied id="1513" threadId="00000000024EB400" bytesRequested="40" />
<af-end id="1514" timestamp="2019-07-02T20:08:58.874" threadId="00000000024EBD88" success="true" from="nursery"/>
<exclusive-end id="1515" timestamp="2019-07-02T20:08:58.875" durationms="1.187" />

<exclusive-start id="1516" timestamp="2019-07-02T20:08:58.879" intervalms="5.472">
  <response-info timems="0.035" idlems="0.035" threads="0" lastid="00000000024EC000" lastname="PmdThread 3" />
</exclusive-start>
<af-start id="1517" threadId="00000000024EC988" totalBytesRequested="776" timestamp="2019-07-02T20:08:58.879" intervalms="5.480" type="nursery" />
<cycle-start id="1518" type="scavenge" contextid="0" timestamp="2019-07-02T20:08:58.879" intervalms="5.481" />
  <attribute name="GC Util" value="50" />
  <attribute name="CPU Util" value="7476171957807" />
  <attribute name="Time Running"value="1850"/>
  <attribute name="Number of cores"value="4"/>
<gc-start id="1519" type="scavenge" contextid="1518" timestamp="2019-07-02T20:08:58.879">
  <mem-info id="1520" free="3743800" total="8519680" percent="43">
    <mem type="nursery" free="0" total="2228224" percent="0">
      <mem type="allocate" free="0" total="1179648" percent="0" />
      <mem type="survivor" free="0" total="1048576" percent="0" />
    </mem>
    <mem type="tenure" free="3743800" total="6291456" percent="59">
      <mem type="soa" free="3429432" total="5977088" percent="57" />
      <mem type="loa" free="314368" total="314368" percent="100" />
    </mem>
    <remembered-set count="387" />
  </mem-info>
</gc-start>
<allocation-stats totalBytes="293976" >
  <allocated-bytes non-tlh="51256" tlh="242720" />
  <largest-consumer threadName="PmdThread 3" threadId="00000000024EC000" bytes="211720" />
</allocation-stats>
<gc-op id="1521" type="scavenge" timems="0.817" contextid="1518" timestamp="2019-07-02T20:08:58.880">
  <scavenger-info tenureage="2" tenuremask="7fbc" tiltratio="52" />
  <memory-copied type="nursery" objects="1397" bytes="182768" bytesdiscarded="215592" />
  <memory-copied type="tenure" objects="9722" bytes="662424" bytesdiscarded="528" />
  <ownableSynchronizers candidates="3" cleared="0" />
  <references type="weak" candidates="1" cleared="1" enqueued="1" />
  <references type="phantom" candidates="2" cleared="0" enqueued="0" />
</gc-op>
<gc-end id="1522" type="scavenge" contextid="1518" durationms="0.988" usertimems="0.000" systemtimems="0.000" timestamp="2019-07-02T20:08:58.880" activeThreads="4">
  <mem-info id="1523" free="3926336" total="8519680" percent="46">
    <mem type="nursery" free="781272" total="2228224" percent="35">
      <mem type="allocate" free="781272" total="1179648" percent="66" />
      <mem type="survivor" free="0" total="1048576" percent="0" />
    </mem>
    <mem type="tenure" free="3145064" total="6291456" percent="49">
      <mem type="soa" free="2830696" total="5977088" percent="47" />
      <mem type="loa" free="314368" total="314368" percent="100" />
    </mem>
    <pending-finalizers system="0" default="0" reference="1" classloader="0" />
    <remembered-set count="173" />
  </mem-info>
</gc-end>
<cycle-end id="1524" type="scavenge" contextid="1518" timestamp="2019-07-02T20:08:58.880">
  <attribute name="GC Util" value="22" />
  <attribute name="CPU Util" value="3375969699932" />
  <attribute name="Time Running"value="1855"/>
  <attribute name="Number of cores"value="4"/>
</cycle-end>
<allocation-satisfied id="1525" threadId="00000000024EC000" bytesRequested="776" />
<af-end id="1526" timestamp="2019-07-02T20:08:58.880" threadId="00000000024EC988" success="true" from="nursery"/>
<exclusive-end id="1527" timestamp="2019-07-02T20:08:58.880" durationms="1.383" />

<exclusive-start id="1528" timestamp="2019-07-02T20:08:58.895" intervalms="16.009">
  <response-info timems="0.051" idlems="0.051" threads="0" lastid="00000000024EB400" lastname="PmdThread 1" />
</exclusive-start>
<af-start id="1529" threadId="00000000024EBD88" totalBytesRequested="520" timestamp="2019-07-02T20:08:58.895" intervalms="16.011" type="nursery" />
<cycle-start id="1530" type="scavenge" contextid="0" timestamp="2019-07-02T20:08:58.895" intervalms="15.990" />
  <attribute name="GC Util" value="22" />
  <attribute name="CPU Util" value="3375969699932" />
  <attribute name="Time Running"value="1855"/>
  <attribute name="Number of cores"value="4"/>
<gc-start id="1531" type="scavenge" contextid="1530" timestamp="2019-07-02T20:08:58.895">
  <mem-info id="1532" free="3139488" total="8519680" percent="36">
    <mem type="nursery" free="0" total="2228224" percent="0">
      <mem type="allocate" free="0" total="1179648" percent="0" />
      <mem type="survivor" free="0" total="1048576" percent="0" />
    </mem>
    <mem type="tenure" free="3139488" total="6291456" percent="49">
      <mem type="soa" free="2825120" total="5977088" percent="47" />
      <mem type="loa" free="314368" total="314368" percent="100" />
    </mem>
    <remembered-set count="283" />
  </mem-info>
</gc-start>
<allocation-stats totalBytes="778128" >
  <allocated-bytes non-tlh="51632" tlh="726496" />
  <largest-consumer threadName="PmdThread 4" threadId="00000000024ECB00" bytes="258360" />
</allocation-stats>
<gc-op id="1533" type="scavenge" timems="0.750" contextid="1530" timestamp="2019-07-02T20:08:58.896">
  <scavenger-info tenureage="2" tenuremask="7f04" tiltratio="52" />
  <memory-copied type="nursery" objects="9767" bytes="326704" bytesdiscarded="123320" />
  <memory-copied type="tenure" objects="249" bytes="144024" bytesdiscarded="880" />
  <references type="soft" candidates="2" cleared="0" enqueued="0" dynamicThreshold="25" maxThreshold="32" />
  <references type="weak" candidates="11" cleared="3" enqueued="3" />
  <references type="phantom" candidates="2" cleared="1" enqueued="1" />
</gc-op>
<gc-end id="1534" type="scavenge" contextid="1530" durationms="0.915" usertimems="0.000" systemtimems="0.000" timestamp="2019-07-02T20:08:58.896" activeThreads="4">
  <mem-info id="1535" free="3780480" total="8519680" percent="44">
    <mem type="nursery" free="860672" total="2228224" percent="38">
      <mem type="allocate" free="860672" total="1310720" percent="65" />
      <mem type="survivor" free="0" total="917504" percent="0" />
    </mem>
    <mem type="tenure" free="2919808" total="6291456" percent="46">
      <mem type="soa" free="2605440" total="5977088" percent="43" />
      <mem type="loa" free="314368" total="314368" percent="100" />
    </mem>
    <pending-finalizers system="0" default="0" reference="4" classloader="0" />
    <remembered-set count="287" />
  </mem-info>
</gc-end>
<cycle-end id="1536" type="scavenge" contextid="1530" timestamp="2019-07-02T20:08:58.896">
  <attribute name="GC Util" value="9" />
  <attribute name="CPU Util" value="1152669069990" />
  <attribute name="Time Running"value="1871"/>
  <attribute name="Number of cores"value="4"/>
</cycle-end>
<allocation-satisfied id="1537" threadId="00000000024EB400" bytesRequested="520" />
<af-end id="1538" timestamp="2019-07-02T20:08:58.896" threadId="00000000024EBD88" success="true" from="nursery"/>
<exclusive-end id="1539" timestamp="2019-07-02T20:08:58.896" durationms="1.285" />

<exclusive-start id="1540" timestamp="2019-07-02T20:08:58.908" intervalms="13.440">
  <response-info timems="0.053" idlems="0.028" threads="1" lastid="00000000024EB400" lastname="PmdThread 1" />
</exclusive-start>
<af-start id="1541" threadId="00000000024EC988" totalBytesRequested="3048" timestamp="2019-07-02T20:08:58.908" intervalms="13.446" type="nursery" />
<cycle-start id="1542" type="scavenge" contextid="0" timestamp="2019-07-02T20:08:58.908" intervalms="13.473" />
  <attribute name="GC Util" value="9" />
  <attribute name="CPU Util" value="1152669069990" />
  <attribute name="Time Running"value="1871"/>
  <attribute name="Number of cores"value="4"/>
<gc-start id="1543" type="scavenge" contextid="1542" timestamp="2019-07-02T20:08:58.908">
  <mem-info id="1544" free="2910048" total="8519680" percent="34">
    <mem type="nursery" free="0" total="2228224" percent="0">
      <mem type="allocate" free="0" total="1310720" percent="0" />
      <mem type="survivor" free="0" total="917504" percent="0" />
    </mem>
    <mem type="tenure" free="2910048" total="6291456" percent="46">
      <mem type="soa" free="2595680" total="5977088" percent="43" />
      <mem type="loa" free="314368" total="314368" percent="100" />
    </mem>
    <remembered-set count="436" />
  </mem-info>
</gc-start>
<allocation-stats totalBytes="859320" >
  <allocated-bytes non-tlh="10280" tlh="849040" />
  <largest-consumer threadName="PmdThread 3" threadId="00000000024EC000" bytes="376104" />
</allocation-stats>
<gc-op id="1545" type="scavenge" timems="0.732" contextid="1542" timestamp="2019-07-02T20:08:58.909">
  <scavenger-info tenureage="8" tenuremask="7f00" tiltratio="58" />
  <memory-copied type="nursery" objects="12284" bytes="424752" bytesdiscarded="151152" />
  <finalization candidates="1" enqueued="0" />
  <references type="soft" candidates="2" cleared="0" enqueued="0" dynamicThreshold="25" maxThreshold="32" />
  <references type="weak" candidates="16" cleared="5" enqueued="5" />
  <references type="phantom" candidates="4" cleared="1" enqueued="1" />
</gc-op>
<gc-end id="1546" type="scavenge" contextid="1542" durationms="0.927" usertimems="0.000" systemtimems="0.000" timestamp="2019-07-02T20:08:58.909" activeThreads="4">
  <mem-info id="1547" free="3710304" total="8519680" percent="43">
    <mem type="nursery" free="800256" total="2228224" percent="35">
      <mem type="allocate" free="800256" total="1376256" percent="58" />
      <mem type="survivor" free="0" total="851968" percent="0" />
    </mem>
    <mem type="tenure" free="2910048" total="6291456" percent="46">
      <mem type="soa" free="2595680" total="5977088" percent="43" />
      <mem type="loa" free="314368" total="314368" percent="100" />
    </mem>
    <pending-finalizers system="0" default="0" reference="6" classloader="0" />
    <remembered-set count="388" />
  </mem-info>
</gc-end>
<cycle-end id="1548" type="scavenge" contextid="1542" timestamp="2019-07-02T20:08:58.909">
  <attribute name="GC Util" value="10" />
  <attribute name="CPU Util" value="1366033890368" />
  <attribute name="Time Running"value="1885"/>
  <attribute name="Number of cores"value="4"/>
</cycle-end>
<allocation-satisfied id="1549" threadId="00000000024EC000" bytesRequested="3048" />
<af-end id="1550" timestamp="2019-07-02T20:08:58.910" threadId="00000000024EC988" success="true" from="nursery"/>
<exclusive-end id="1551" timestamp="2019-07-02T20:08:58.910" durationms="1.500" />

<exclusive-start id="1552" timestamp="2019-07-02T20:08:58.919" intervalms="10.401">
  <response-info timems="0.056" idlems="0.035" threads="1" lastid="00000000021E1F00" lastname="JIT Compilation Thread-1" />
</exclusive-start>
<af-start id="1553" threadId="00000000024EF988" totalBytesRequested="16" timestamp="2019-07-02T20:08:58.919" intervalms="10.391" type="nursery" />
<cycle-start id="1554" type="scavenge" contextid="0" timestamp="2019-07-02T20:08:58.919" intervalms="10.389" />
  <attribute name="GC Util" value="10" />
  <attribute name="CPU Util" value="1366033890368" />
  <attribute name="Time Running"value="1885"/>
  <attribute name="Number of cores"value="4"/>
<gc-start id="1555" type="scavenge" contextid="1554" timestamp="2019-07-02T20:08:58.919">
  <mem-info id="1556" free="2879456" total="8519680" percent="33">
    <mem type="nursery" free="0" total="2228224" percent="0">
      <mem type="allocate" free="0" total="1376256" percent="0" />
      <mem type="survivor" free="0" total="851968" percent="0" />
    </mem>
    <mem type="tenure" free="2879456" total="6291456" percent="45">
      <mem type="soa" free="2565088" total="5977088" percent="42" />
      <mem type="loa" free="314368" total="314368" percent="100" />
    </mem>
    <remembered-set count="864" />
  </mem-info>
</gc-start>
<allocation-stats totalBytes="825880" >
  <allocated-bytes non-tlh="33640" tlh="792240" />
  <largest-consumer threadName="PmdThread 3" threadId="00000000024EC000" bytes="326632" />
</allocation-stats>
<gc-op id="1557" type="scavenge" timems="1.140" contextid="1554" timestamp="2019-07-02T20:08:58.920">
  <scavenger-info tenureage="7" tenuremask="7f80" tiltratio="61" />
  <memory-copied type="nursery" objects="16854" bytes="565168" bytesdiscarded="35920" />
  <finalization candidates="1" enqueued="0" />
  <references type="soft" candidates="22" cleared="0" enqueued="0" dynamicThreshold="25" maxThreshold="32" />
  <references type="weak" candidates="62" cleared="19" enqueued="14" />
  <references type="phantom" candidates="5" cleared="1" enqueued="1" />
</gc-op>
<heap-resize id="1558" type="expand" space="nursery" amount="131072" count="1" timems="0.013" reason="excessive time being spent scavenging" timestamp="2019-07-02T20:08:58.920" />
<gc-end id="1559" type="scavenge" contextid="1554" durationms="1.367" usertimems="4.000" systemtimems="0.000" timestamp="2019-07-02T20:08:58.920" activeThreads="4">
  <mem-info id="1560" free="3719904" total="8650752" percent="43">
    <mem type="nursery" free="840448" total="2359296" percent="35">
      <mem type="allocate" free="840448" total="1441792" percent="58" />
      <mem type="survivor" free="0" total="917504" percent="0" />
    </mem>
    <mem type="tenure" free="2879456" total="6291456" percent="45">
      <mem type="soa" free="2565088" total="5977088" percent="42" />
      <mem type="loa" free="314368" total="314368" percent="100" />
    </mem>
    <pending-finalizers system="0" default="0" reference="15" classloader="0" />
    <remembered-set count="780" />
  </mem-info>
</gc-end>
<cycle-end id="1561" type="scavenge" contextid="1554" timestamp="2019-07-02T20:08:58.920">
  <attribute name="GC Util" value="13" />
  <attribute name="CPU Util" value="1781536400652" />
  <attribute name="Time Running"value="1895"/>
  <attribute name="Number of cores"value="4"/>
</cycle-end>
<allocation-satisfied id="1562" threadId="00000000024EF000" bytesRequested="16" />
<af-end id="1563" timestamp="2019-07-02T20:08:58.920" threadId="00000000024EF988" success="true" from="nursery"/>
<exclusive-end id="1564" timestamp="2019-07-02T20:08:58.920" durationms="1.754" />

<exclusive-start id="1565" timestamp="2019-07-02T20:08:58.935" intervalms="16.258">
  <response-info timems="0.226" idlems="0.181" threads="2" lastid="00000000024EB400" lastname="PmdThread 1" />
</exclusive-start>
<af-start id="1566" threadId="00000000024EF988" totalBytesRequested="64" timestamp="2019-07-02T20:08:58.935" intervalms="16.275" type="nursery" />
<cycle-start id="1567" type="scavenge" contextid="0" timestamp="2019-07-02T20:08:58.935" intervalms="16.263" />
  <attribute name="GC Util" value="13" />
  <attribute name="CPU Util" value="1781536400652" />
  <attribute name="Time Running"value="1895"/>
  <attribute name="Number of cores"value="4"/>
<gc-start id="1568" type="scavenge" contextid="1567" timestamp="2019-07-02T20:08:58.935">
  <mem-info id="1569" free="2852840" total="8650752" percent="32">
    <mem type="nursery" free="0" total="2359296" percent="0">
      <mem type="allocate" free="0" total="1441792" percent="0" />
      <mem type="survivor" free="0" total="917504" percent="0" />
    </mem>
    <mem type="tenure" free="2852840" total="6291456" percent="45">
      <mem type="soa" free="2538472" total="5977088" percent="42" />
      <mem type="loa" free="314368" total="314368" percent="100" />
    </mem>
    <remembered-set count="1288" />
  </mem-info>
</gc-start>
<allocation-stats totalBytes="862456" >
  <allocated-bytes non-tlh="26632" tlh="835824" />
  <largest-consumer threadName="PmdThread 2" threadId="00000000024EF000" bytes="524472" />
</allocation-stats>
<gc-op id="1570" type="scavenge" timems="1.545" contextid="1567" timestamp="2019-07-02T20:08:58.937">
  <scavenger-info tenureage="3" tenuremask="7fd8" tiltratio="61" />
  <memory-copied type="nursery" objects="14335" bytes="485008" bytesdiscarded="60024" />
  <memory-copied type="tenure" objects="8644" bytes="296288" bytesdiscarded="72" />
  <finalization candidates="1" enqueued="0" />
  <references type="soft" candidates="30" cleared="0" enqueued="0" dynamicThreshold="25" maxThreshold="32" />
  <references type="weak" candidates="80" cleared="15" enqueued="8" />
  <references type="phantom" candidates="3" cleared="1" enqueued="1" />
</gc-op>
<gc-end id="1571" type="scavenge" contextid="1567" durationms="1.722" usertimems="4.000" systemtimems="0.000" timestamp="2019-07-02T20:08:58.937" activeThreads="4">
  <mem-info id="1572" free="3583976" total="8650752" percent="41">
    <mem type="nursery" free="1027584" total="2359296" percent="43">
      <mem type="allocate" free="1027584" total="1572864" percent="65" />
      <mem type="survivor" free="0" total="786432" percent="0" />
    </mem>
    <mem type="tenure" free="2556392" total="6291456" percent="40">
      <mem type="soa" free="2242024" total="5977088" percent="37" />
      <mem type="loa" free="314368" total="314368" percent="100" />
    </mem>
    <pending-finalizers system="0" default="0" reference="9" classloader="0" />
    <remembered-set count="1497" />
  </mem-info>
</gc-end>
<cycle-end id="1573" type="scavenge" contextid="1567" timestamp="2019-07-02T20:08:58.937">
  <attribute name="GC Util" value="11" />
  <attribute name="CPU Util" value="1134679754497" />
  <attribute name="Time Running"value="1912"/>
  <attribute name="Number of cores"value="4"/>
</cycle-end>
<allocation-satisfied id="1574" threadId="00000000024EF000" bytesRequested="64" />
<af-end id="1575" timestamp="2019-07-02T20:08:58.937" threadId="00000000024EF988" success="true" from="nursery"/>
<exclusive-end id="1576" timestamp="2019-07-02T20:08:58.937" durationms="2.124" />

<exclusive-start id="1577" timestamp="2019-07-02T20:08:58.952" intervalms="16.763">
  <response-info timems="0.303" idlems="0.303" threads="0" lastid="00000000024ECB00" lastname="PmdThread 4" />
</exclusive-start>
<af-start id="1578" threadId="00000000024ED488" totalBytesRequested="40" timestamp="2019-07-02T20:08:58.952" intervalms="16.745" type="nursery" />
<cycle-start id="1579" type="scavenge" contextid="0" timestamp="2019-07-02T20:08:58.952" intervalms="16.756" />
  <attribute name="GC Util" value="11" />
  <attribute name="CPU Util" value="1134679754497" />
  <attribute name="Time Running"value="1912"/>
  <attribute name="Number of cores"value="4"/>
<gc-start id="1580" type="scavenge" contextid="1579" timestamp="2019-07-02T20:08:58.952">
  <mem-info id="1581" free="2549568" total="8650752" percent="29">
    <mem type="nursery" free="0" total="2359296" percent="0">
      <mem type="allocate" free="0" total="1572864" percent="0" />
      <mem type="survivor" free="0" total="786432" percent="0" />
    </mem>
    <mem type="tenure" free="2549568" total="6291456" percent="40">
      <mem type="soa" free="2235200" total="5977088" percent="37" />
      <mem type="loa" free="314368" total="314368" percent="100" />
    </mem>
    <remembered-set count="1612" />
  </mem-info>
</gc-start>
<allocation-stats totalBytes="1031120" >
  <allocated-bytes non-tlh="39672" tlh="991448" />
  <largest-consumer threadName="PmdThread 4" threadId="00000000024ECB00" bytes="674624" />
</allocation-stats>
<gc-op id="1582" type="scavenge" timems="1.129" contextid="1579" timestamp="2019-07-02T20:08:58.953">
  <scavenger-info tenureage="3" tenuremask="7fe8" tiltratio="66" />
  <memory-copied type="nursery" objects="15419" bytes="612528" bytesdiscarded="109096" />
  <memory-copied type="tenure" objects="3479" bytes="122840" bytesdiscarded="72" />
  <finalization candidates="1" enqueued="0" />
  <references type="soft" candidates="30" cleared="0" enqueued="0" dynamicThreshold="25" maxThreshold="32" />
  <references type="weak" candidates="66" cleared="3" enqueued="3" />
  <references type="phantom" candidates="2" cleared="0" enqueued="0" />
</gc-op>
<heap-resize id="1583" type="expand" space="nursery" amount="131072" count="1" timems="0.022" reason="excessive time being spent scavenging" timestamp="2019-07-02T20:08:58.953" />
<gc-end id="1584" type="scavenge" contextid="1579" durationms="1.386" usertimems="4.000" systemtimems="0.000" timestamp="2019-07-02T20:08:58.953" activeThreads="4">
  <mem-info id="1585" free="3190816" total="8781824" percent="36">
    <mem type="nursery" free="850912" total="2490368" percent="34">
      <mem type="allocate" free="850912" total="1572864" percent="54" />
      <mem type="survivor" free="0" total="917504" percent="0" />
    </mem>
    <mem type="tenure" free="2339904" total="6291456" percent="37">
      <mem type="soa" free="2025536" total="5977088" percent="33" />
      <mem type="loa" free="314368" total="314368" percent="100" />
    </mem>
    <pending-finalizers system="0" default="0" reference="3" classloader="0" />
    <remembered-set count="1058" />
  </mem-info>
</gc-end>
<cycle-end id="1586" type="scavenge" contextid="1579" timestamp="2019-07-02T20:08:58.953">
  <attribute name="GC Util" value="14" />
  <attribute name="CPU Util" value="1100450576518" />
  <attribute name="Time Running"value="1928"/>
  <attribute name="Number of cores"value="4"/>
</cycle-end>
<allocation-satisfied id="1587" threadId="00000000024ECB00" bytesRequested="40" />
<af-end id="1588" timestamp="2019-07-02T20:08:58.953" threadId="00000000024ED488" success="true" from="nursery"/>
<exclusive-end id="1589" timestamp="2019-07-02T20:08:58.953" durationms="1.782" />

<exclusive-start id="1590" timestamp="2019-07-02T20:08:58.966" intervalms="14.760">
  <response-info timems="0.069" idlems="0.044" threads="1" lastid="00000000024ECB00" lastname="PmdThread 4" />
</exclusive-start>
<af-start id="1591" threadId="00000000024EC988" totalBytesRequested="6816" timestamp="2019-07-02T20:08:58.966" intervalms="14.768" type="nursery" />
<cycle-start id="1592" type="scavenge" contextid="0" timestamp="2019-07-02T20:08:58.967" intervalms="14.756" />
  <attribute name="GC Util" value="14" />
  <attribute name="CPU Util" value="1100450576518" />
  <attribute name="Time Running"value="1928"/>
  <attribute name="Number of cores"value="4"/>
<gc-start id="1593" type="scavenge" contextid="1592" timestamp="2019-07-02T20:08:58.967">
  <mem-info id="1594" free="2331432" total="8781824" percent="26">
    <mem type="nursery" free="0" total="2490368" percent="0">
      <mem type="allocate" free="0" total="1572864" percent="0" />
      <mem type="survivor" free="0" total="917504" percent="0" />
    </mem>
    <mem type="tenure" free="2331432" total="6291456" percent="37">
      <mem type="soa" free="2017064" total="5977088" percent="33" />
      <mem type="loa" free="314368" total="314368" percent="100" />
    </mem>
    <remembered-set count="1302" />
  </mem-info>
</gc-start>
<allocation-stats totalBytes="852216" >
  <allocated-bytes non-tlh="8512" tlh="843704" />
  <largest-consumer threadName="PmdThread 2" threadId="00000000024EF000" bytes="331632" />
</allocation-stats>
<gc-op id="1595" type="scavenge" timems="1.154" contextid="1592" timestamp="2019-07-02T20:08:58.968">
  <scavenger-info tenureage="4" tenuremask="7ff0" tiltratio="63" />
  <memory-copied type="nursery" objects="19967" bytes="753800" bytesdiscarded="80720" />
  <references type="soft" candidates="30" cleared="0" enqueued="0" dynamicThreshold="25" maxThreshold="32" />
  <references type="weak" candidates="87" cleared="10" enqueued="7" />
</gc-op>
<gc-end id="1596" type="scavenge" contextid="1592" durationms="1.316" usertimems="0.000" systemtimems="0.000" timestamp="2019-07-02T20:08:58.968" activeThreads="4">
  <mem-info id="1597" free="3003912" total="8781824" percent="34">
    <mem type="nursery" free="672480" total="2490368" percent="27">
      <mem type="allocate" free="672480" total="1507328" percent="44" />
      <mem type="survivor" free="0" total="983040" percent="0" />
    </mem>
    <mem type="tenure" free="2331432" total="6291456" percent="37">
      <mem type="soa" free="2017064" total="5977088" percent="33" />
      <mem type="loa" free="314368" total="314368" percent="100" />
    </mem>
    <pending-finalizers system="0" default="0" reference="7" classloader="0" />
    <remembered-set count="826" />
  </mem-info>
</gc-end>
<cycle-end id="1598" type="scavenge" contextid="1592" timestamp="2019-07-02T20:08:58.968">
  <attribute name="GC Util" value="14" />
  <attribute name="CPU Util" value="1252248527048" />
  <attribute name="Time Running"value="1943"/>
  <attribute name="Number of cores"value="4"/>
</cycle-end>
<allocation-satisfied id="1599" threadId="00000000024EC000" bytesRequested="6816" />
<af-end id="1600" timestamp="2019-07-02T20:08:58.968" threadId="00000000024EC988" success="true" from="nursery"/>
<exclusive-end id="1601" timestamp="2019-07-02T20:08:58.968" durationms="1.700" />

<exclusive-start id="1602" timestamp="2019-07-02T20:08:58.973" intervalms="6.378">
  <response-info timems="0.029" idlems="0.029" threads="0" lastid="00000000024ECB00" lastname="PmdThread 4" />
</exclusive-start>
<af-start id="1603" threadId="00000000024ED488" totalBytesRequested="24" timestamp="2019-07-02T20:08:58.973" intervalms="6.503" type="nursery" />
<cycle-start id="1604" type="scavenge" contextid="0" timestamp="2019-07-02T20:08:58.973" intervalms="6.675" />
  <attribute name="GC Util" value="14" />
  <attribute name="CPU Util" value="1252248527048" />
  <attribute name="Time Running"value="1943"/>
  <attribute name="Number of cores"value="4"/>
<gc-start id="1605" type="scavenge" contextid="1604" timestamp="2019-07-02T20:08:58.973">
  <mem-info id="1606" free="2328008" total="8781824" percent="26">
    <mem type="nursery" free="0" total="2490368" percent="0">
      <mem type="allocate" free="0" total="1507328" percent="0" />
      <mem type="survivor" free="0" total="983040" percent="0" />
    </mem>
    <mem type="tenure" free="2328008" total="6291456" percent="37">
      <mem type="soa" free="2013640" total="5977088" percent="33" />
      <mem type="loa" free="314368" total="314368" percent="100" />
    </mem>
    <remembered-set count="876" />
  </mem-info>
</gc-start>
<allocation-stats totalBytes="674312" >
  <allocated-bytes non-tlh="10240" tlh="664072" />
  <largest-consumer threadName="PmdThread 4" threadId="00000000024ECB00" bytes="440224" />
</allocation-stats>
<gc-op id="1607" type="scavenge" timems="1.584" contextid="1604" timestamp="2019-07-02T20:08:58.975">
  <scavenger-info tenureage="3" tenuremask="7ff8" tiltratio="60" />
  <memory-copied type="nursery" objects="10340" bytes="432800" bytesdiscarded="156856" />
  <memory-copied type="tenure" objects="10549" bytes="347320" bytesdiscarded="32" />
  <references type="weak" candidates="19" cleared="4" enqueued="4" />
</gc-op>
<heap-resize id="1608" type="expand" space="nursery" amount="262144" count="1" timems="0.012" reason="excessive time being spent scavenging" timestamp="2019-07-02T20:08:58.975" />
<gc-end id="1609" type="scavenge" contextid="1604" durationms="1.804" usertimems="0.000" systemtimems="0.000" timestamp="2019-07-02T20:08:58.975" activeThreads="4">
  <mem-info id="1610" free="3070408" total="9043968" percent="33">
    <mem type="nursery" free="1114112" total="2752512" percent="40">
      <mem type="allocate" free="1114112" total="1703936" percent="65" />
      <mem type="survivor" free="0" total="1048576" percent="0" />
    </mem>
    <mem type="tenure" free="1956296" total="6291456" percent="31">
      <mem type="soa" free="1641928" total="5977088" percent="27" />
      <mem type="loa" free="314368" total="314368" percent="100" />
    </mem>
    <pending-finalizers system="0" default="0" reference="4" classloader="0" />
    <remembered-set count="668" />
  </mem-info>
</gc-end>
<cycle-end id="1611" type="scavenge" contextid="1604" timestamp="2019-07-02T20:08:58.975">
  <attribute name="GC Util" value="28" />
  <attribute name="CPU Util" value="2642076655968" />
  <attribute name="Time Running"value="1950"/>
  <attribute name="Number of cores"value="4"/>
</cycle-end>
<allocation-satisfied id="1612" threadId="00000000024ECB00" bytesRequested="24" />
<af-end id="1613" timestamp="2019-07-02T20:08:58.975" threadId="00000000024ED488" success="true" from="nursery"/>
<exclusive-end id="1614" timestamp="2019-07-02T20:08:58.975" durationms="2.468" />

<exclusive-start id="1615" timestamp="2019-07-02T20:08:58.988" intervalms="15.080">
  <response-info timems="0.072" idlems="0.037" threads="2" lastid="00000000021DE300" lastname="JIT Compilation Thread-0" />
</exclusive-start>
<af-start id="1616" threadId="00000000024EF988" totalBytesRequested="32" timestamp="2019-07-02T20:08:58.988" intervalms="14.954" type="nursery" />
<cycle-start id="1617" type="scavenge" contextid="0" timestamp="2019-07-02T20:08:58.988" intervalms="14.799" />
  <attribute name="GC Util" value="28" />
  <attribute name="CPU Util" value="2642076655968" />
  <attribute name="Time Running"value="1950"/>
  <attribute name="Number of cores"value="4"/>
<gc-start id="1618" type="scavenge" contextid="1617" timestamp="2019-07-02T20:08:58.988">
  <mem-info id="1619" free="1949968" total="9043968" percent="21">
    <mem type="nursery" free="0" total="2752512" percent="0">
      <mem type="allocate" free="0" total="1703936" percent="0" />
      <mem type="survivor" free="0" total="1048576" percent="0" />
    </mem>
    <mem type="tenure" free="1949968" total="6291456" percent="30">
      <mem type="soa" free="1635600" total="5977088" percent="27" />
      <mem type="loa" free="314368" total="314368" percent="100" />
    </mem>
    <remembered-set count="944" />
  </mem-info>
</gc-start>
<allocation-stats totalBytes="1109400" >
  <allocated-bytes non-tlh="6352" tlh="1103048" />
  <largest-consumer threadName="PmdThread 4" threadId="00000000024ECB00" bytes="544752" />
</allocation-stats>
<gc-op id="1620" type="scavenge" timems="1.042" contextid="1617" timestamp="2019-07-02T20:08:58.989">
  <scavenger-info tenureage="3" tenuremask="7ff8" tiltratio="61" />
  <memory-copied type="nursery" objects="9344" bytes="319272" bytesdiscarded="138960" />
  <memory-copied type="tenure" objects="4500" bytes="233408" bytesdiscarded="64" />
  <references type="weak" candidates="19" cleared="2" enqueued="2" />
  <references type="phantom" candidates="1" cleared="1" enqueued="1" />
</gc-op>
<gc-end id="1621" type="scavenge" contextid="1617" durationms="1.225" usertimems="4.000" systemtimems="0.000" timestamp="2019-07-02T20:08:58.989" activeThreads="4">
  <mem-info id="1622" free="3213072" total="9043968" percent="35">
    <mem type="nursery" free="1442048" total="2752512" percent="52">
      <mem type="allocate" free="1442048" total="1900544" percent="75" />
      <mem type="survivor" free="0" total="851968" percent="0" />
    </mem>
    <mem type="tenure" free="1771024" total="6291456" percent="28">
      <mem type="soa" free="1456656" total="5977088" percent="24" />
      <mem type="loa" free="314368" total="314368" percent="100" />
    </mem>
    <pending-finalizers system="0" default="0" reference="3" classloader="0" />
    <remembered-set count="1145" />
  </mem-info>
</gc-end>
<cycle-end id="1623" type="scavenge" contextid="1617" timestamp="2019-07-02T20:08:58.989">
  <attribute name="GC Util" value="17" />
  <attribute name="CPU Util" value="1270355816118" />
  <attribute name="Time Running"value="1965"/>
  <attribute name="Number of cores"value="4"/>
</cycle-end>
<allocation-satisfied id="1624" threadId="00000000024EF000" bytesRequested="32" />
<af-end id="1625" timestamp="2019-07-02T20:08:58.990" threadId="00000000024EF988" success="true" from="nursery"/>
<exclusive-end id="1626" timestamp="2019-07-02T20:08:58.990" durationms="1.771" />

<exclusive-start id="1627" timestamp="2019-07-02T20:08:59.010" intervalms="22.194">
  <response-info timems="13.356" idlems="13.356" threads="0" lastid="00000000024EC000" lastname="PmdThread 3" />
</exclusive-start>
<af-start id="1628" threadId="00000000024EC988" totalBytesRequested="272" timestamp="2019-07-02T20:08:59.010" intervalms="22.278" type="nursery" />
<cycle-start id="1629" type="scavenge" contextid="0" timestamp="2019-07-02T20:08:59.010" intervalms="22.402" />
  <attribute name="GC Util" value="17" />
  <attribute name="CPU Util" value="1270355816118" />
  <attribute name="Time Running"value="1965"/>
  <attribute name="Number of cores"value="4"/>
<gc-start id="1630" type="scavenge" contextid="1629" timestamp="2019-07-02T20:08:59.011">
  <mem-info id="1631" free="1770720" total="9043968" percent="19">
    <mem type="nursery" free="0" total="2752512" percent="0">
      <mem type="allocate" free="0" total="1900544" percent="0" />
      <mem type="survivor" free="0" total="851968" percent="0" />
    </mem>
    <mem type="tenure" free="1770720" total="6291456" percent="28">
      <mem type="soa" free="1456352" total="5977088" percent="24" />
      <mem type="loa" free="314368" total="314368" percent="100" />
    </mem>
    <remembered-set count="1235" />
  </mem-info>
</gc-start>
<allocation-stats totalBytes="1440032" >
  <allocated-bytes non-tlh="336" tlh="1439696" />
  <largest-consumer threadName="PmdThread 4" threadId="00000000024ECB00" bytes="727520" />
</allocation-stats>
<gc-op id="1632" type="scavenge" timems="1.370" contextid="1629" timestamp="2019-07-02T20:08:59.012">
  <scavenger-info tenureage="3" tenuremask="7ff8" tiltratio="69" />
  <memory-copied type="nursery" objects="10416" bytes="288696" bytesdiscarded="93792" />
  <memory-copied type="tenure" objects="4713" bytes="166328" bytesdiscarded="24" />
  <references type="weak" candidates="24" cleared="21" enqueued="21" />
</gc-op>
<gc-end id="1633" type="scavenge" contextid="1629" durationms="1.787" usertimems="4.000" systemtimems="0.000" timestamp="2019-07-02T20:08:59.012" activeThreads="4">
  <mem-info id="1634" free="3157728" total="9043968" percent="34">
    <mem type="nursery" free="1582848" total="2752512" percent="57">
      <mem type="allocate" free="1582848" total="1966080" percent="80" />
      <mem type="survivor" free="0" total="786432" percent="0" />
    </mem>
    <mem type="tenure" free="1574880" total="6291456" percent="25">
      <mem type="soa" free="1260512" total="5977088" percent="21" />
      <mem type="loa" free="314368" total="314368" percent="100" />
    </mem>
    <pending-finalizers system="0" default="0" reference="21" classloader="0" />
    <remembered-set count="899" />
  </mem-info>
</gc-end>
<cycle-end id="1635" type="scavenge" contextid="1629" timestamp="2019-07-02T20:08:59.012">
  <attribute name="GC Util" value="8" />
  <attribute name="CPU Util" value="811856806607" />
  <attribute name="Time Running"value="1987"/>
  <attribute name="Number of cores"value="4"/>
</cycle-end>
<allocation-satisfied id="1636" threadId="00000000024EC000" bytesRequested="272" />
<af-end id="1637" timestamp="2019-07-02T20:08:59.013" threadId="00000000024EC988" success="true" from="nursery"/>
<exclusive-end id="1638" timestamp="2019-07-02T20:08:59.013" durationms="2.644" />

<exclusive-start id="1639" timestamp="2019-07-02T20:08:59.019" intervalms="9.395">
  <response-info timems="0.143" idlems="0.071" threads="2" lastid="00000000024ECB00" lastname="PmdThread 4" />
</exclusive-start>
<af-start id="1640" threadId="00000000024EBD88" totalBytesRequested="3240" timestamp="2019-07-02T20:08:59.020" intervalms="9.459" type="nursery" />
<cycle-start id="1641" type="scavenge" contextid="0" timestamp="2019-07-02T20:08:59.020" intervalms="9.488" />
  <attribute name="GC Util" value="8" />
  <attribute name="CPU Util" value="811856806607" />
  <attribute name="Time Running"value="1987"/>
  <attribute name="Number of cores"value="4"/>
<gc-start id="1642" type="scavenge" contextid="1641" timestamp="2019-07-02T20:08:59.020">
  <mem-info id="1643" free="1568416" total="9043968" percent="17">
    <mem type="nursery" free="0" total="2752512" percent="0">
      <mem type="allocate" free="0" total="1966080" percent="0" />
      <mem type="survivor" free="0" total="786432" percent="0" />
    </mem>
    <mem type="tenure" free="1568416" total="6291456" percent="24">
      <mem type="soa" free="1254048" total="5977088" percent="20" />
      <mem type="loa" free="314368" total="314368" percent="100" />
    </mem>
    <remembered-set count="1292" />
  </mem-info>
</gc-start>
<allocation-stats totalBytes="1581640" >
  <allocated-bytes non-tlh="62056" tlh="1519584" />
  <largest-consumer threadName="PmdThread 3" threadId="00000000024EC000" bytes="526296" />
</allocation-stats>
<gc-op id="1644" type="scavenge" timems="1.416" contextid="1641" timestamp="2019-07-02T20:08:59.021">
  <scavenger-info tenureage="3" tenuremask="7ff8" tiltratio="71" />
  <memory-copied type="nursery" objects="15245" bytes="495088" bytesdiscarded="125992" />
  <memory-copied type="tenure" objects="965" bytes="28400" bytesdiscarded="0" />
  <references type="soft" candidates="1" cleared="0" enqueued="0" dynamicThreshold="25" maxThreshold="32" />
  <references type="weak" candidates="5" cleared="1" enqueued="1" />
  <references type="phantom" candidates="1" cleared="1" enqueued="1" />
</gc-op>
<heap-resize id="1645" type="expand" space="nursery" amount="262144" count="1" timems="0.015" reason="excessive time being spent scavenging" timestamp="2019-07-02T20:08:59.022" />
<gc-end id="1646" type="scavenge" contextid="1641" durationms="1.644" usertimems="0.000" systemtimems="0.000" timestamp="2019-07-02T20:08:59.022" activeThreads="4">
  <mem-info id="1647" free="3043520" total="9306112" percent="32">
    <mem type="nursery" free="1475104" total="3014656" percent="48">
      <mem type="allocate" free="1475104" total="2097152" percent="70" />
      <mem type="survivor" free="0" total="917504" percent="0" />
    </mem>
    <mem type="tenure" free="1568416" total="6291456" percent="24">
      <mem type="soa" free="1254048" total="5977088" percent="20" />
      <mem type="loa" free="314368" total="314368" percent="100" />
    </mem>
    <pending-finalizers system="0" default="0" reference="2" classloader="0" />
    <remembered-set count="1040" />
  </mem-info>
</gc-end>
<cycle-end id="1648" type="scavenge" contextid="1641" timestamp="2019-07-02T20:08:59.022">
  <attribute name="GC Util" value="19" />
  <attribute name="CPU Util" value="2006878778631" />
  <attribute name="Time Running"value="1997"/>
  <attribute name="Number of cores"value="4"/>
</cycle-end>
<allocation-satisfied id="1649" threadId="00000000024EB400" bytesRequested="3240" />
<af-end id="1650" timestamp="2019-07-02T20:08:59.022" threadId="00000000024EBD88" success="true" from="nursery"/>
<exclusive-end id="1651" timestamp="2019-07-02T20:08:59.022" durationms="2.339" />

<exclusive-start id="1652" timestamp="2019-07-02T20:08:59.029" intervalms="9.966">
  <response-info timems="0.036" idlems="0.036" threads="0" lastid="00000000024EC000" lastname="PmdThread 3" />
</exclusive-start>
<af-start id="1653" threadId="00000000024EC988" totalBytesRequested="56" timestamp="2019-07-02T20:08:59.030" intervalms="9.880" type="nursery" />
<cycle-start id="1654" type="scavenge" contextid="0" timestamp="2019-07-02T20:08:59.030" intervalms="9.736" />
  <attribute name="GC Util" value="19" />
  <attribute name="CPU Util" value="2006878778631" />
  <attribute name="Time Running"value="1997"/>
  <attribute name="Number of cores"value="4"/>
<gc-start id="1655" type="scavenge" contextid="1654" timestamp="2019-07-02T20:08:59.030">
  <mem-info id="1656" free="1559320" total="9306112" percent="16">
    <mem type="nursery" free="0" total="3014656" percent="0">
      <mem type="allocate" free="0" total="2097152" percent="0" />
      <mem type="survivor" free="0" total="917504" percent="0" />
    </mem>
    <mem type="tenure" free="1559320" total="6291456" percent="24">
      <mem type="soa" free="1244952" total="5977088" percent="20" />
      <mem type="loa" free="314368" total="314368" percent="100" />
    </mem>
    <remembered-set count="1219" />
  </mem-info>
</gc-start>
<allocation-stats totalBytes="1482584" >
  <allocated-bytes non-tlh="12336" tlh="1470248" />
  <largest-consumer threadName="PmdThread 2" threadId="00000000024EF000" bytes="635232" />
</allocation-stats>
<gc-op id="1657" type="scavenge" timems="1.218" contextid="1654" timestamp="2019-07-02T20:08:59.031">
  <scavenger-info tenureage="3" tenuremask="7ff8" tiltratio="69" />
  <memory-copied type="nursery" objects="16309" bytes="511296" bytesdiscarded="130112" />
  <memory-copied type="tenure" objects="3602" bytes="112952" bytesdiscarded="0" />
  <references type="soft" candidates="88" cleared="0" enqueued="0" dynamicThreshold="25" maxThreshold="32" />
  <references type="weak" candidates="28" cleared="26" enqueued="26" />
  <references type="phantom" candidates="1" cleared="0" enqueued="0" />
</gc-op>
<heap-resize id="1658" type="expand" space="nursery" amount="262144" count="1" timems="0.023" reason="excessive time being spent scavenging" timestamp="2019-07-02T20:08:59.031" />
<gc-end id="1659" type="scavenge" contextid="1654" durationms="1.529" usertimems="4.000" systemtimems="0.000" timestamp="2019-07-02T20:08:59.031" activeThreads="4">
  <mem-info id="1660" free="3298296" total="9568256" percent="34">
    <mem type="nursery" free="1848032" total="3276800" percent="56">
      <mem type="allocate" free="1848032" total="2490368" percent="74" />
      <mem type="survivor" free="0" total="786432" percent="0" />
    </mem>
    <mem type="tenure" free="1450264" total="6291456" percent="23">
      <mem type="soa" free="1135896" total="5977088" percent="19" />
      <mem type="loa" free="314368" total="314368" percent="100" />
    </mem>
    <pending-finalizers system="0" default="0" reference="26" classloader="0" />
    <remembered-set count="877" />
  </mem-info>
</gc-end>
<cycle-end id="1661" type="scavenge" contextid="1654" timestamp="2019-07-02T20:08:59.031">
  <attribute name="GC Util" value="20" />
  <attribute name="CPU Util" value="1879129754280" />
  <attribute name="Time Running"value="2006"/>
  <attribute name="Number of cores"value="4"/>
</cycle-end>
<allocation-satisfied id="1662" threadId="00000000024EC000" bytesRequested="56" />
<af-end id="1663" timestamp="2019-07-02T20:08:59.031" threadId="00000000024EC988" success="true" from="nursery"/>
<exclusive-end id="1664" timestamp="2019-07-02T20:08:59.031" durationms="2.050" />

<exclusive-start id="1665" timestamp="2019-07-02T20:08:59.035" intervalms="5.791">
  <response-info timems="0.031" idlems="0.031" threads="0" lastid="00000000024EF000" lastname="PmdThread 2" />
</exclusive-start>
<af-start id="1666" threadId="00000000024EF988" totalBytesRequested="40" timestamp="2019-07-02T20:08:59.035" intervalms="5.761" type="nursery" />
<cycle-start id="1667" type="scavenge" contextid="0" timestamp="2019-07-02T20:08:59.035" intervalms="5.767" />
  <attribute name="GC Util" value="20" />
  <attribute name="CPU Util" value="1879129754280" />
  <attribute name="Time Running"value="2006"/>
  <attribute name="Number of cores"value="4"/>
<gc-start id="1668" type="scavenge" contextid="1667" timestamp="2019-07-02T20:08:59.035">
  <mem-info id="1669" free="1450264" total="9568256" percent="15">
    <mem type="nursery" free="0" total="3276800" percent="0">
      <mem type="allocate" free="0" total="2490368" percent="0" />
      <mem type="survivor" free="0" total="786432" percent="0" />
    </mem>
    <mem type="tenure" free="1450264" total="6291456" percent="23">
      <mem type="soa" free="1135896" total="5977088" percent="19" />
      <mem type="loa" free="314368" total="314368" percent="100" />
    </mem>
    <remembered-set count="888" />
  </mem-info>
</gc-start>
<allocation-stats totalBytes="1844232" >
  <allocated-bytes non-tlh="56" tlh="1844176" />
  <largest-consumer threadName="PmdThread 2" threadId="00000000024EF000" bytes="1156904" />
</allocation-stats>
<gc-op id="1670" type="scavenge" timems="1.297" contextid="1667" timestamp="2019-07-02T20:08:59.037">
  <scavenger-info tenureage="3" tenuremask="7ff8" tiltratio="76" />
  <memory-copied type="nursery" objects="14986" bytes="531832" bytesdiscarded="66328" />
  <memory-copied type="tenure" objects="5712" bytes="142064" bytesdiscarded="16" />
  <references type="soft" candidates="88" cleared="0" enqueued="0" dynamicThreshold="25" maxThreshold="32" />
  <references type="weak" candidates="110" cleared="109" enqueued="109" />
  <references type="phantom" candidates="1" cleared="0" enqueued="0" />
</gc-op>
<heap-resize id="1671" type="expand" space="nursery" amount="393216" count="1" timems="0.012" reason="excessive time being spent scavenging" timestamp="2019-07-02T20:08:59.037" />
<gc-end id="1672" type="scavenge" contextid="1667" durationms="1.625" usertimems="4.000" systemtimems="0.000" timestamp="2019-07-02T20:08:59.037" activeThreads="4">
  <mem-info id="1673" free="3564736" total="9961472" percent="35">
    <mem type="nursery" free="2284968" total="3670016" percent="62">
      <mem type="allocate" free="2284968" total="2883584" percent="79" />
      <mem type="survivor" free="0" total="786432" percent="0" />
    </mem>
    <mem type="tenure" free="1279768" total="6291456" percent="20">
      <mem type="soa" free="965400" total="5977088" percent="16" />
      <mem type="loa" free="314368" total="314368" percent="100" />
    </mem>
    <pending-finalizers system="0" default="0" reference="109" classloader="0" />
    <remembered-set count="718" />
  </mem-info>
</gc-end>
<cycle-end id="1674" type="scavenge" contextid="1667" timestamp="2019-07-02T20:08:59.037">
  <attribute name="GC Util" value="34" />
  <attribute name="CPU Util" value="3199782700070" />
  <attribute name="Time Running"value="2012"/>
  <attribute name="Number of cores"value="4"/>
</cycle-end>
<allocation-satisfied id="1675" threadId="00000000024EF000" bytesRequested="40" />
<af-end id="1676" timestamp="2019-07-02T20:08:59.037" threadId="00000000024EF988" success="true" from="nursery"/>
<exclusive-end id="1677" timestamp="2019-07-02T20:08:59.038" durationms="2.287" />

<exclusive-start id="1678" timestamp="2019-07-02T20:08:59.047" intervalms="12.110">
  <response-info timems="0.042" idlems="0.042" threads="0" lastid="00000000024EF000" lastname="PmdThread 2" />
</exclusive-start>
<af-start id="1679" threadId="00000000024EF988" totalBytesRequested="56" timestamp="2019-07-02T20:08:59.047" intervalms="12.076" type="nursery" />
<cycle-start id="1680" type="scavenge" contextid="0" timestamp="2019-07-02T20:08:59.047" intervalms="12.050" />
  <attribute name="GC Util" value="34" />
  <attribute name="CPU Util" value="3199782700070" />
  <attribute name="Time Running"value="2012"/>
  <attribute name="Number of cores"value="4"/>
<gc-start id="1681" type="scavenge" contextid="1680" timestamp="2019-07-02T20:08:59.048">
  <mem-info id="1682" free="1278448" total="9961472" percent="12">
    <mem type="nursery" free="0" total="3670016" percent="0">
      <mem type="allocate" free="0" total="2883584" percent="0" />
      <mem type="survivor" free="0" total="786432" percent="0" />
    </mem>
    <mem type="tenure" free="1278448" total="6291456" percent="20">
      <mem type="soa" free="964080" total="5977088" percent="16" />
      <mem type="loa" free="314368" total="314368" percent="100" />
    </mem>
    <remembered-set count="749" />
  </mem-info>
</gc-start>
<allocation-stats totalBytes="2282344" >
  <allocated-bytes non-tlh="1360" tlh="2280984" />
  <largest-consumer threadName="PmdThread 2" threadId="00000000024EF000" bytes="1405872" />
</allocation-stats>
<gc-op id="1683" type="scavenge" timems="1.190" contextid="1680" timestamp="2019-07-02T20:08:59.049">
  <scavenger-info tenureage="3" tenuremask="7ff8" tiltratio="78" />
  <memory-copied type="nursery" objects="12991" bytes="500696" bytesdiscarded="88392" />
  <memory-copied type="tenure" objects="5442" bytes="144896" bytesdiscarded="24" />
  <references type="soft" candidates="100" cleared="0" enqueued="0" dynamicThreshold="25" maxThreshold="32" />
  <references type="weak" candidates="133" cleared="133" enqueued="133" />
</gc-op>
<heap-resize id="1684" type="expand" space="nursery" amount="262144" count="1" timems="0.022" reason="excessive time being spent scavenging" timestamp="2019-07-02T20:08:59.049" />
<gc-end id="1685" type="scavenge" contextid="1680" durationms="1.459" usertimems="0.000" systemtimems="0.000" timestamp="2019-07-02T20:08:59.049" activeThreads="4">
  <mem-info id="1686" free="3782864" total="10223616" percent="37">
    <mem type="nursery" free="2621920" total="3932160" percent="66">
      <mem type="allocate" free="2621920" total="3211264" percent="81" />
      <mem type="survivor" free="0" total="720896" percent="0" />
    </mem>
    <mem type="tenure" free="1160944" total="6291456" percent="18">
      <mem type="soa" free="846576" total="5977088" percent="14" />
      <mem type="loa" free="314368" total="314368" percent="100" />
    </mem>
    <pending-finalizers system="0" default="0" reference="133" classloader="0" />
    <remembered-set count="212" />
  </mem-info>
</gc-end>
<cycle-end id="1687" type="scavenge" contextid="1680" timestamp="2019-07-02T20:08:59.049">
  <attribute name="GC Util" value="19" />
  <attribute name="CPU Util" value="1546514201341" />
  <attribute name="Time Running"value="2024"/>
  <attribute name="Number of cores"value="4"/>
</cycle-end>
<allocation-satisfied id="1688" threadId="00000000024EF000" bytesRequested="56" />
<af-end id="1689" timestamp="2019-07-02T20:08:59.049" threadId="00000000024EF988" success="true" from="nursery"/>
<exclusive-end id="1690" timestamp="2019-07-02T20:08:59.049" durationms="1.937" />

<exclusive-start id="1691" timestamp="2019-07-02T20:08:59.070" intervalms="22.476">
  <response-info timems="0.100" idlems="0.073" threads="2" lastid="00000000024EB400" lastname="PmdThread 1" />
</exclusive-start>
<af-start id="1692" threadId="00000000024EF988" totalBytesRequested="24" timestamp="2019-07-02T20:08:59.070" intervalms="22.483" type="nursery" />
<cycle-start id="1693" type="scavenge" contextid="0" timestamp="2019-07-02T20:08:59.070" intervalms="22.481" />
  <attribute name="GC Util" value="19" />
  <attribute name="CPU Util" value="1546514201341" />
  <attribute name="Time Running"value="2024"/>
  <attribute name="Number of cores"value="4"/>
<gc-start id="1694" type="scavenge" contextid="1693" timestamp="2019-07-02T20:08:59.070">
  <mem-info id="1695" free="1157856" total="10223616" percent="11">
    <mem type="nursery" free="0" total="3932160" percent="0">
      <mem type="allocate" free="0" total="3211264" percent="0" />
      <mem type="survivor" free="0" total="720896" percent="0" />
    </mem>
    <mem type="tenure" free="1157856" total="6291456" percent="18">
      <mem type="soa" free="843488" total="5977088" percent="14" />
      <mem type="loa" free="314368" total="314368" percent="100" />
    </mem>
    <remembered-set count="368" />
  </mem-info>
</gc-start>
<allocation-stats totalBytes="2623952" >
  <allocated-bytes non-tlh="3144" tlh="2620808" />
  <largest-consumer threadName="PmdThread 2" threadId="00000000024EF000" bytes="1404744" />
</allocation-stats>
<gc-op id="1696" type="scavenge" timems="1.788" contextid="1693" timestamp="2019-07-02T20:08:59.072">
  <scavenger-info tenureage="3" tenuremask="7ff8" tiltratio="81" />
  <memory-copied type="nursery" objects="8956" bytes="398032" bytesdiscarded="23152" />
  <memory-copied type="tenure" objects="4776" bytes="203904" bytesdiscarded="624" />
  <references type="soft" candidates="22" cleared="0" enqueued="0" dynamicThreshold="25" maxThreshold="32" />
  <references type="weak" candidates="174" cleared="174" enqueued="174" />
  <references type="phantom" candidates="1" cleared="1" enqueued="1" />
</gc-op>
<gc-end id="1697" type="scavenge" contextid="1693" durationms="1.966" usertimems="0.000" systemtimems="0.000" timestamp="2019-07-02T20:08:59.072" activeThreads="4">
  <mem-info id="1698" free="3762352" total="10223616" percent="36">
    <mem type="nursery" free="2855400" total="3932160" percent="72">
      <mem type="allocate" free="2855400" total="3276800" percent="87" />
      <mem type="survivor" free="0" total="655360" percent="0" />
    </mem>
    <mem type="tenure" free="906952" total="6291456" percent="14">
      <mem type="soa" free="592584" total="5977088" percent="9" />
      <mem type="loa" free="314368" total="314368" percent="100" />
    </mem>
    <pending-finalizers system="0" default="0" reference="175" classloader="0" />
    <remembered-set count="396" />
  </mem-info>
</gc-end>
<cycle-end id="1699" type="scavenge" contextid="1693" timestamp="2019-07-02T20:08:59.072">
  <attribute name="GC Util" value="9" />
  <attribute name="CPU Util" value="819521619250" />
  <attribute name="Time Running"value="2047"/>
  <attribute name="Number of cores"value="4"/>
</cycle-end>
<allocation-satisfied id="1700" threadId="00000000024EF000" bytesRequested="24" />
<af-end id="1701" timestamp="2019-07-02T20:08:59.072" threadId="00000000024EF988" success="true" from="nursery"/>
<exclusive-end id="1702" timestamp="2019-07-02T20:08:59.072" durationms="2.381" />

<exclusive-start id="1703" timestamp="2019-07-02T20:08:59.093" intervalms="23.645">
  <response-info timems="0.107" idlems="0.075" threads="3" lastid="00000000024EB400" lastname="PmdThread 1" />
</exclusive-start>
<af-start id="1704" threadId="00000000024ED488" totalBytesRequested="24" timestamp="2019-07-02T20:08:59.094" intervalms="23.649" type="nursery" />
<cycle-start id="1705" type="scavenge" contextid="0" timestamp="2019-07-02T20:08:59.094" intervalms="23.656" />
  <attribute name="GC Util" value="9" />
  <attribute name="CPU Util" value="819521619250" />
  <attribute name="Time Running"value="2047"/>
  <attribute name="Number of cores"value="4"/>
<gc-start id="1706" type="scavenge" contextid="1705" timestamp="2019-07-02T20:08:59.094">
  <mem-info id="1707" free="906432" total="10223616" percent="8">
    <mem type="nursery" free="0" total="3932160" percent="0">
      <mem type="allocate" free="0" total="3276800" percent="0" />
      <mem type="survivor" free="0" total="655360" percent="0" />
    </mem>
    <mem type="tenure" free="906432" total="6291456" percent="14">
      <mem type="soa" free="592064" total="5977088" percent="9" />
      <mem type="loa" free="314368" total="314368" percent="100" />
    </mem>
    <remembered-set count="544" />
  </mem-info>
</gc-start>
<allocation-stats totalBytes="2853896" >
  <allocated-bytes non-tlh="544" tlh="2853352" />
  <largest-consumer threadName="PmdThread 2" threadId="00000000024EF000" bytes="1669392" />
</allocation-stats>
<gc-op id="1708" type="scavenge" timems="1.191" contextid="1705" timestamp="2019-07-02T20:08:59.095">
  <scavenger-info tenureage="3" tenuremask="7ff8" tiltratio="83" />
  <memory-copied type="nursery" objects="9072" bytes="411360" bytesdiscarded="44584" />
  <memory-copied type="tenure" objects="3962" bytes="148752" bytesdiscarded="56" />
  <references type="soft" candidates="22" cleared="0" enqueued="0" dynamicThreshold="25" maxThreshold="32" />
  <references type="weak" candidates="116" cleared="115" enqueued="115" />
  <references type="phantom" candidates="1" cleared="1" enqueued="1" />
</gc-op>
<gc-end id="1709" type="scavenge" contextid="1705" durationms="1.386" usertimems="4.000" systemtimems="0.000" timestamp="2019-07-02T20:08:59.095" activeThreads="4">
  <mem-info id="1710" free="3674000" total="10223616" percent="35">
    <mem type="nursery" free="2885072" total="3932160" percent="73">
      <mem type="allocate" free="2885072" total="3342336" percent="86" />
      <mem type="survivor" free="0" total="589824" percent="0" />
    </mem>
    <mem type="tenure" free="788928" total="6291456" percent="12">
      <mem type="soa" free="474560" total="5977088" percent="7" />
      <mem type="loa" free="314368" total="314368" percent="100" />
    </mem>
    <pending-finalizers system="0" default="0" reference="116" classloader="0" />
    <remembered-set count="627" />
  </mem-info>
</gc-end>
<cycle-end id="1711" type="scavenge" contextid="1705" timestamp="2019-07-02T20:08:59.095">
  <attribute name="GC Util" value="12" />
  <attribute name="CPU Util" value="778562483318" />
  <attribute name="Time Running"value="2070"/>
  <attribute name="Number of cores"value="4"/>
</cycle-end>
<allocation-satisfied id="1712" threadId="00000000024ECB00" bytesRequested="24" />
<af-end id="1713" timestamp="2019-07-02T20:08:59.095" threadId="00000000024ED488" success="true" from="nursery"/>
<exclusive-end id="1714" timestamp="2019-07-02T20:08:59.095" durationms="1.818" />

<exclusive-start id="1715" timestamp="2019-07-02T20:08:59.112" intervalms="18.709">
  <response-info timems="0.032" idlems="0.032" threads="0" lastid="00000000024EC000" lastname="PmdThread 3" />
</exclusive-start>
<af-start id="1716" threadId="00000000024EC988" totalBytesRequested="8200" timestamp="2019-07-02T20:08:59.112" intervalms="18.811" type="nursery" />
<cycle-start id="1717" type="scavenge" contextid="0" timestamp="2019-07-02T20:08:59.112" intervalms="18.815" />
  <attribute name="GC Util" value="12" />
  <attribute name="CPU Util" value="778562483318" />
  <attribute name="Time Running"value="2070"/>
  <attribute name="Number of cores"value="4"/>
<gc-start id="1718" type="scavenge" contextid="1717" timestamp="2019-07-02T20:08:59.112">
  <mem-info id="1719" free="787240" total="10223616" percent="7">
    <mem type="nursery" free="0" total="3932160" percent="0">
      <mem type="allocate" free="0" total="3342336" percent="0" />
      <mem type="survivor" free="0" total="589824" percent="0" />
    </mem>
    <mem type="tenure" free="787240" total="6291456" percent="12">
      <mem type="soa" free="472872" total="5977088" percent="7" />
      <mem type="loa" free="314368" total="314368" percent="100" />
    </mem>
    <remembered-set count="745" />
  </mem-info>
</gc-start>
<allocation-stats totalBytes="2879064" >
  <allocated-bytes non-tlh="1712" tlh="2877352" />
  <largest-consumer threadName="PmdThread 1" threadId="00000000024EB400" bytes="901112" />
</allocation-stats>
<gc-op id="1720" type="scavenge" timems="4.546" contextid="1717" timestamp="2019-07-02T20:08:59.117">
  <scavenger-info tenureage="3" tenuremask="7ff8" tiltratio="85" />
  <memory-copied type="nursery" objects="10784" bytes="582288" bytesdiscarded="1368" />
  <memory-copied type="tenure" objects="3592" bytes="133392" bytesdiscarded="32" />
  <copy-failed type="nursery" objects="1" bytes="8200" />
  <references type="soft" candidates="23" cleared="0" enqueued="0" dynamicThreshold="25" maxThreshold="32" />
  <references type="weak" candidates="53" cleared="52" enqueued="52" />
  <references type="phantom" candidates="10" cleared="5" enqueued="5" />
</gc-op>
<heap-resize id="1721" type="expand" space="nursery" amount="393216" count="1" timems="0.017" reason="excessive time being spent scavenging" timestamp="2019-07-02T20:08:59.117" />
<gc-end id="1722" type="scavenge" contextid="1717" durationms="4.992" usertimems="8.000" systemtimems="0.000" timestamp="2019-07-02T20:08:59.117" activeThreads="4">
  <mem-info id="1723" free="3427048" total="10616832" percent="32">
    <mem type="nursery" free="2757064" total="4325376" percent="63">
      <mem type="allocate" free="2757064" total="3342336" percent="82" />
      <mem type="survivor" free="0" total="983040" percent="0" />
    </mem>
    <mem type="tenure" free="669984" total="6291456" percent="10">
      <mem type="soa" free="355616" total="5977088" percent="5" />
      <mem type="loa" free="314368" total="314368" percent="100" />
    </mem>
    <pending-finalizers system="0" default="0" reference="57" classloader="0" />
    <remembered-set count="332" />
  </mem-info>
</gc-end>
<cycle-end id="1724" type="scavenge" contextid="1717" timestamp="2019-07-02T20:08:59.118">
  <attribute name="GC Util" value="8" />
  <attribute name="CPU Util" value="981524400811" />
  <attribute name="Time Running"value="2089"/>
  <attribute name="Number of cores"value="4"/>
</cycle-end>
<allocation-satisfied id="1725" threadId="00000000024EC000" bytesRequested="8200" />
<af-end id="1726" timestamp="2019-07-02T20:08:59.118" threadId="00000000024EC988" success="true" from="nursery"/>
<exclusive-end id="1727" timestamp="2019-07-02T20:08:59.118" durationms="5.911" />

<exclusive-start id="1728" timestamp="2019-07-02T20:08:59.127" intervalms="14.611">
  <response-info timems="0.130" idlems="0.130" threads="0" lastid="00000000024EB400" lastname="PmdThread 1" />
</exclusive-start>
<af-start id="1729" threadId="00000000024EBD88" totalBytesRequested="72" timestamp="2019-07-02T20:08:59.127" intervalms="14.564" type="nursery" />
<cycle-start id="1730" type="scavenge" contextid="0" timestamp="2019-07-02T20:08:59.127" intervalms="14.581" />
  <attribute name="GC Util" value="8" />
  <attribute name="CPU Util" value="981524400811" />
  <attribute name="Time Running"value="2089"/>
  <attribute name="Number of cores"value="4"/>
<gc-start id="1731" type="scavenge" contextid="1730" timestamp="2019-07-02T20:08:59.127">
  <mem-info id="1732" free="669984" total="10616832" percent="6">
    <mem type="nursery" free="0" total="4325376" percent="0">
      <mem type="allocate" free="0" total="3342336" percent="0" />
      <mem type="survivor" free="0" total="983040" percent="0" />
    </mem>
    <mem type="tenure" free="669984" total="6291456" percent="10">
      <mem type="soa" free="355616" total="5977088" percent="5" />
      <mem type="loa" free="314368" total="314368" percent="100" />
    </mem>
    <remembered-set count="344" />
  </mem-info>
</gc-start>
<allocation-stats totalBytes="2756064" >
  <allocated-bytes non-tlh="8200" tlh="2747864" />
  <largest-consumer threadName="PmdThread 2" threadId="00000000024EF000" bytes="1282352" />
</allocation-stats>
<gc-op id="1733" type="scavenge" timems="1.245" contextid="1730" timestamp="2019-07-02T20:08:59.129">
  <scavenger-info tenureage="3" tenuremask="7ff8" tiltratio="77" />
  <memory-copied type="nursery" objects="13470" bytes="894224" bytesdiscarded="88304" />
  <memory-copied type="tenure" objects="5142" bytes="166088" bytesdiscarded="32" />
  <copy-failed type="nursery" objects="4553" bytes="140648" />
  <references type="soft" candidates="14" cleared="0" enqueued="0" dynamicThreshold="25" maxThreshold="32" />
  <references type="weak" candidates="17" cleared="15" enqueued="15" />
  <references type="phantom" candidates="7" cleared="1" enqueued="1" />
</gc-op>
<heap-resize id="1734" type="expand" space="nursery" amount="262144" count="1" timems="0.012" reason="excessive time being spent scavenging" timestamp="2019-07-02T20:08:59.129" />
<gc-end id="1735" type="scavenge" contextid="1730" durationms="1.557" usertimems="4.000" systemtimems="0.000" timestamp="2019-07-02T20:08:59.129" activeThreads="4">
  <mem-info id="1736" free="2317848" total="10878976" percent="21">
    <mem type="nursery" free="1835008" total="4587520" percent="40">
      <mem type="allocate" free="1835008" total="2818048" percent="65" />
      <mem type="survivor" free="0" total="1769472" percent="0" />
    </mem>
    <mem type="tenure" free="482840" total="6291456" percent="7">
      <mem type="soa" free="168472" total="5977088" percent="2" />
      <mem type="loa" free="314368" total="314368" percent="100" />
    </mem>
    <pending-finalizers system="0" default="0" reference="16" classloader="0" />
    <remembered-set count="1090" />
  </mem-info>
</gc-end>
<cycle-end id="1737" type="scavenge" contextid="1730" timestamp="2019-07-02T20:08:59.129">
  <attribute name="GC Util" value="32" />
  <attribute name="CPU Util" value="1247333924027" />
  <attribute name="Time Running"value="2104"/>
  <attribute name="Number of cores"value="4"/>
</cycle-end>
<allocation-satisfied id="1738" threadId="00000000024EB400" bytesRequested="72" />
<af-end id="1739" timestamp="2019-07-02T20:08:59.129" threadId="00000000024EBD88" success="true" from="nursery"/>
<exclusive-end id="1740" timestamp="2019-07-02T20:08:59.129" durationms="2.125" />

<concurrent-kickoff id="1741" timestamp="2019-07-02T20:08:59.136">
  <kickoff reason="threshold reached" targetBytes="1867303" thresholdFreeBytes="258674"  remainingFree="229304" tenureFreeBytes="482208" nurseryFreeBytes="229304" />
</concurrent-kickoff>
<exclusive-start id="1742" timestamp="2019-07-02T20:08:59.136" intervalms="9.678">
  <response-info timems="0.100" idlems="0.100" threads="0" lastid="00000000024EB400" lastname="PmdThread 1" />
</exclusive-start>
<cycle-start id="1743" type="global" contextid="0" timestamp="2019-07-02T20:08:59.136" intervalms="1548.240" />
  <attribute name="GC Util" value="32" />
  <attribute name="CPU Util" value="1247333924027" />
  <attribute name="Time Running"value="2104"/>
  <attribute name="Number of cores"value="4"/>
<exclusive-end id="1744" timestamp="2019-07-02T20:08:59.137" durationms="0.094" />

<exclusive-start id="1745" timestamp="2019-07-02T20:08:59.140" intervalms="3.640">
  <response-info timems="0.146" idlems="0.146" threads="0" lastid="00000000024EB400" lastname="PmdThread 1" />
</exclusive-start>
<af-start id="1746" threadId="00000000024EBD88" totalBytesRequested="24" timestamp="2019-07-02T20:08:59.140" intervalms="13.433" type="nursery" />
<cycle-start id="1747" type="scavenge" contextid="0" timestamp="2019-07-02T20:08:59.140" intervalms="13.505" />
  <attribute name="GC Util" value="32" />
  <attribute name="CPU Util" value="1247333924027" />
  <attribute name="Time Running"value="2104"/>
  <attribute name="Number of cores"value="4"/>
<gc-start id="1748" type="scavenge" contextid="1747" timestamp="2019-07-02T20:08:59.141">
  <mem-info id="1749" free="482208" total="10878976" percent="4">
    <mem type="nursery" free="0" total="4587520" percent="0">
      <mem type="allocate" free="0" total="2818048" percent="0" />
      <mem type="survivor" free="0" total="1769472" percent="0" />
    </mem>
    <mem type="tenure" free="482208" total="6291456" percent="7">
      <mem type="soa" free="167840" total="5977088" percent="2" />
      <mem type="loa" free="314368" total="314368" percent="100" />
    </mem>
    <remembered-set count="1128" />
  </mem-info>
</gc-start>
<allocation-stats totalBytes="1814064" >
  <allocated-bytes non-tlh="704" tlh="1813360" />
  <largest-consumer threadName="PmdThread 1" threadId="00000000024EB400" bytes="966944" />
</allocation-stats>
<gc-op id="1750" type="scavenge" timems="1.556" contextid="1747" timestamp="2019-07-02T20:08:59.143">
  <scavenger-info tenureage="2" tenuremask="7ffc" tiltratio="61" />
  <memory-copied type="nursery" objects="13489" bytes="784440" bytesdiscarded="115896" />
  <memory-copied type="tenure" objects="6064" bytes="330008" bytesdiscarded="72" />
  <references type="weak" candidates="46" cleared="46" enqueued="46" />
  <references type="phantom" candidates="9" cleared="6" enqueued="6" />
  <heap-resize type="expand" space="tenure" amount="196608" count="3" timems="0.031" reason="continue current collection" />
</gc-op>
<gc-end id="1751" type="scavenge" contextid="1747" durationms="1.863" usertimems="0.000" systemtimems="0.000" timestamp="2019-07-02T20:08:59.143" activeThreads="4">
  <mem-info id="1752" free="2509696" total="11075584" percent="22">
    <mem type="nursery" free="2179216" total="4587520" percent="47">
      <mem type="allocate" free="2179216" total="3080192" percent="70" />
      <mem type="survivor" free="0" total="1507328" percent="0" />
    </mem>
    <mem type="tenure" free="330480" total="6488064" percent="5">
      <mem type="soa" free="6896" total="6164480" percent="0" />
      <mem type="loa" free="323584" total="323584" percent="100" />
    </mem>
    <pending-finalizers system="0" default="0" reference="52" classloader="0" />
    <remembered-set count="932" />
  </mem-info>
</gc-end>
<cycle-end id="1753" type="scavenge" contextid="1747" timestamp="2019-07-02T20:08:59.143">
  <attribute name="GC Util" value="17" />
  <attribute name="CPU Util" value="1332819672602" />
  <attribute name="Time Running"value="2118"/>
  <attribute name="Number of cores"value="4"/>
</cycle-end>
<allocation-satisfied id="1754" threadId="00000000024EB400" bytesRequested="24" />
<af-end id="1755" timestamp="2019-07-02T20:08:59.143" threadId="00000000024EBD88" success="true" from="nursery"/>
<exclusive-end id="1756" timestamp="2019-07-02T20:08:59.143" durationms="2.679" />

<exclusive-start id="1757" timestamp="2019-07-02T20:08:59.143" intervalms="3.308">
  <response-info timems="0.043" idlems="0.043" threads="0" lastid="00000000024ECB00" lastname="PmdThread 4" />
</exclusive-start>
<concurrent-collection-start id="1758" timestamp="2019-07-02T20:08:59.143" intervalms="2225.970" >
  <concurrent-trace-info reason="card cleaning threshold reached" tracedByMutators="874360" tracedByHelpers="969436" cardsCleaned="36" workStackOverflowCount="0" />
</concurrent-collection-start>
<gc-start id="1759" type="global" contextid="1743" timestamp="2019-07-02T20:08:59.144">
  <mem-info id="1760" free="2345832" total="11075584" percent="21">
    <mem type="nursery" free="2015352" total="4587520" percent="43">
      <mem type="allocate" free="2015352" total="3080192" percent="65" />
      <mem type="survivor" free="0" total="1507328" percent="0" />
    </mem>
    <mem type="tenure" free="330480" total="6488064" percent="5">
      <mem type="soa" free="6896" total="6164480" percent="0" />
      <mem type="loa" free="323584" total="323584" percent="100" />
    </mem>
    <remembered-set count="938" />
  </mem-info>
</gc-start>
<allocation-stats totalBytes="163864" >
  <allocated-bytes non-tlh="24" tlh="163840" />
  <largest-consumer threadName="PmdThread 4" threadId="00000000024ECB00" bytes="61440" />
</allocation-stats>
<gc-op id="1761" type="rs-scan" timems="1.238" contextid="1743" timestamp="2019-07-02T20:08:59.145">
  <scan objectsFound="108" bytesTraced="11924" workStackOverflowCount="0" />
</gc-op>
<gc-op id="1762" type="card-cleaning" timems="1.756" contextid="1743" timestamp="2019-07-02T20:08:59.147">
  <card-cleaning cardsCleaned="109" bytesTraced="446696" workStackOverflowCount="0" />
</gc-op>
<gc-op id="1763" type="mark" timems="5.943" contextid="1743" timestamp="2019-07-02T20:08:59.153">
  <trace-info objectcount="5257" scancount="4638" scanbytes="167596" />
  <finalization candidates="57" enqueued="0" />
  <ownableSynchronizers candidates="8" cleared="0" />
  <references type="soft" candidates="225" cleared="0" enqueued="0" dynamicThreshold="25" maxThreshold="32" />
  <references type="weak" candidates="703" cleared="40" enqueued="20" />
  <references type="phantom" candidates="68" cleared="2" enqueued="2" />
  <stringconstants candidates="4889" cleared="4"  />
</gc-op>
<gc-op id="1764" type="classunload" timems="0.002" contextid="1743" timestamp="2019-07-02T20:08:59.153">
  <classunload-info classloadercandidates="10" classloadersunloaded="0" classesunloaded="0" anonymousclassesunloaded="0" quiescems="0.000" setupms="0.001" scanms="0.001" postms="0.000" />
</gc-op>
<gc-op id="1765" type="sweep" timems="1.511" contextid="1743" timestamp="2019-07-02T20:08:59.155" />
<gc-end id="1766" type="global" contextid="1743" durationms="11.322" usertimems="12.000" systemtimems="0.000" timestamp="2019-07-02T20:08:59.155" activeThreads="4">
  <mem-info id="1767" free="4831664" total="11075584" percent="43">
    <mem type="nursery" free="2353952" total="4587520" percent="51">
      <mem type="allocate" free="2353952" total="3080192" percent="76" />
      <mem type="survivor" free="0" total="1507328" percent="0" />
    </mem>
    <mem type="tenure" free="2477712" total="6488064" percent="38" micro-fragmented="153593" macro-fragmented="0">
      <mem type="soa" free="2154128" total="6164480" percent="34" />
      <mem type="loa" free="323584" total="323584" percent="100" />
    </mem>
    <pending-finalizers system="0" default="0" reference="22" classloader="0" />
    <remembered-set count="924" />
  </mem-info>
</gc-end>
<cycle-end id="1768" type="global" contextid="1743" timestamp="2019-07-02T20:08:59.155">
  <attribute name="GC Util" value="90" />
  <attribute name="CPU Util" value="2883988640137" />
  <attribute name="Time Running"value="2130"/>
  <attribute name="Number of cores"value="4"/>
</cycle-end>
<concurrent-collection-end id="1769" timestamp="2019-07-02T20:08:59.155" />
<exclusive-end id="1770" timestamp="2019-07-02T20:08:59.155" durationms="11.820" />

<exclusive-start id="1771" timestamp="2019-07-02T20:08:59.167" intervalms="23.134">
  <response-info timems="0.031" idlems="0.031" threads="0" lastid="00000000024EC000" lastname="PmdThread 3" />
</exclusive-start>
<af-start id="1772" threadId="00000000024EC988" totalBytesRequested="48" timestamp="2019-07-02T20:08:59.167" intervalms="26.289" type="nursery" />
<cycle-start id="1773" type="scavenge" contextid="0" timestamp="2019-07-02T20:08:59.167" intervalms="26.341" />
  <attribute name="GC Util" value="90" />
  <attribute name="CPU Util" value="2883988640137" />
  <attribute name="Time Running"value="2130"/>
  <attribute name="Number of cores"value="4"/>
<gc-start id="1774" type="scavenge" contextid="1773" timestamp="2019-07-02T20:08:59.167">
  <mem-info id="1775" free="2477712" total="11075584" percent="22">
    <mem type="nursery" free="0" total="4587520" percent="0">
      <mem type="allocate" free="0" total="3080192" percent="0" />
      <mem type="survivor" free="0" total="1507328" percent="0" />
    </mem>
    <mem type="tenure" free="2477712" total="6488064" percent="38">
      <mem type="soa" free="2154128" total="6164480" percent="34" />
      <mem type="loa" free="323584" total="323584" percent="100" />
    </mem>
    <remembered-set count="975" />
  </mem-info>
</gc-start>
<allocation-stats totalBytes="2352176" >
  <allocated-bytes non-tlh="0" tlh="2352176" />
  <largest-consumer threadName="PmdThread 3" threadId="00000000024EC000" bytes="1048048" />
</allocation-stats>
<gc-op id="1776" type="scavenge" timems="2.002" contextid="1773" timestamp="2019-07-02T20:08:59.169">
  <scavenger-info tenureage="2" tenuremask="7ffc" tiltratio="67" />
  <memory-copied type="nursery" objects="16599" bytes="851240" bytesdiscarded="145312" />
  <memory-copied type="tenure" objects="5225" bytes="381000" bytesdiscarded="2536" />
  <ownableSynchronizers candidates="16" cleared="16" />
  <references type="weak" candidates="17" cleared="17" enqueued="17" />
  <references type="phantom" candidates="4" cleared="3" enqueued="3" />
</gc-op>
<heap-resize id="1777" type="expand" space="nursery" amount="262144" count="1" timems="0.024" reason="excessive time being spent scavenging" timestamp="2019-07-02T20:08:59.169" />
<gc-end id="1778" type="scavenge" contextid="1773" durationms="2.248" usertimems="4.000" systemtimems="0.000" timestamp="2019-07-02T20:08:59.169" activeThreads="4">
  <mem-info id="1779" free="4334536" total="11337728" percent="38">
    <mem type="nursery" free="2279648" total="4849664" percent="47">
      <mem type="allocate" free="2279648" total="3276800" percent="69" />
      <mem type="survivor" free="0" total="1572864" percent="0" />
    </mem>
    <mem type="tenure" free="2054888" total="6488064" percent="31">
      <mem type="soa" free="1731304" total="6164480" percent="28" />
      <mem type="loa" free="323584" total="323584" percent="100" />
    </mem>
    <pending-finalizers system="0" default="0" reference="20" classloader="0" />
    <remembered-set count="540" />
  </mem-info>
</gc-end>
<cycle-end id="1780" type="scavenge" contextid="1773" timestamp="2019-07-02T20:08:59.169">
  <attribute name="GC Util" value="12" />
  <attribute name="CPU Util" value="1330793730760" />
  <attribute name="Time Running"value="2143"/>
  <attribute name="Number of cores"value="4"/>
</cycle-end>
<allocation-satisfied id="1781" threadId="00000000024EC000" bytesRequested="48" />
<af-end id="1782" timestamp="2019-07-02T20:08:59.169" threadId="00000000024EC988" success="true" from="nursery"/>
<exclusive-end id="1783" timestamp="2019-07-02T20:08:59.169" durationms="2.934" />

<exclusive-start id="1784" timestamp="2019-07-02T20:08:59.181" intervalms="14.247">
  <response-info timems="0.323" idlems="0.190" threads="1" lastid="00000000024EB400" lastname="PmdThread 1" />
</exclusive-start>
<af-start id="1785" threadId="00000000024EF988" totalBytesRequested="56" timestamp="2019-07-02T20:08:59.181" intervalms="14.229" type="nursery" />
<cycle-start id="1786" type="scavenge" contextid="0" timestamp="2019-07-02T20:08:59.181" intervalms="14.075" />
  <attribute name="GC Util" value="12" />
  <attribute name="CPU Util" value="1330793730760" />
  <attribute name="Time Running"value="2143"/>
  <attribute name="Number of cores"value="4"/>
<gc-start id="1787" type="scavenge" contextid="1786" timestamp="2019-07-02T20:08:59.181">
  <mem-info id="1788" free="2054888" total="11337728" percent="18">
    <mem type="nursery" free="0" total="4849664" percent="0">
      <mem type="allocate" free="0" total="3276800" percent="0" />
      <mem type="survivor" free="0" total="1572864" percent="0" />
    </mem>
    <mem type="tenure" free="2054888" total="6488064" percent="31">
      <mem type="soa" free="1731304" total="6164480" percent="28" />
      <mem type="loa" free="323584" total="323584" percent="100" />
    </mem>
    <remembered-set count="573" />
  </mem-info>
</gc-start>
<allocation-stats totalBytes="2278632" >
  <allocated-bytes non-tlh="32832" tlh="2245800" />
  <largest-consumer threadName="PmdThread 4" threadId="00000000024ECB00" bytes="1137960" />
</allocation-stats>
<gc-op id="1789" type="scavenge" timems="4.524" contextid="1786" timestamp="2019-07-02T20:08:59.186">
  <scavenger-info tenureage="2" tenuremask="7ffc" tiltratio="67" />
  <memory-copied type="nursery" objects="21681" bytes="1148848" bytesdiscarded="132760" />
  <memory-copied type="tenure" objects="3423" bytes="184688" bytesdiscarded="544" />
  <references type="weak" candidates="29" cleared="28" enqueued="27" />
  <references type="phantom" candidates="5" cleared="3" enqueued="3" />
</gc-op>
<heap-resize id="1790" type="expand" space="nursery" amount="655360" count="1" timems="0.022" reason="excessive time being spent scavenging" timestamp="2019-07-02T20:08:59.186" />
<gc-end id="1791" type="scavenge" contextid="1786" durationms="4.786" usertimems="0.000" systemtimems="8.000" timestamp="2019-07-02T20:08:59.186" activeThreads="4">
  <mem-info id="1792" free="4213544" total="11993088" percent="35">
    <mem type="nursery" free="2387864" total="5505024" percent="43">
      <mem type="allocate" free="2387864" total="3670016" percent="65" />
      <mem type="survivor" free="0" total="1835008" percent="0" />
    </mem>
    <mem type="tenure" free="1825680" total="6488064" percent="28">
      <mem type="soa" free="1502096" total="6164480" percent="24" />
      <mem type="loa" free="323584" total="323584" percent="100" />
    </mem>
    <pending-finalizers system="0" default="0" reference="30" classloader="0" />
    <remembered-set count="233" />
  </mem-info>
</gc-end>
<cycle-end id="1793" type="scavenge" contextid="1786" timestamp="2019-07-02T20:08:59.186">
  <attribute name="GC Util" value="22" />
  <attribute name="CPU Util" value="1313911930201" />
  <attribute name="Time Running"value="2158"/>
  <attribute name="Number of cores"value="4"/>
</cycle-end>
<allocation-satisfied id="1794" threadId="00000000024EF000" bytesRequested="56" />
<af-end id="1795" timestamp="2019-07-02T20:08:59.186" threadId="00000000024EF988" success="true" from="nursery"/>
<exclusive-end id="1796" timestamp="2019-07-02T20:08:59.186" durationms="5.517" />

<exclusive-start id="1797" timestamp="2019-07-02T20:08:59.197" intervalms="16.119">
  <response-info timems="0.204" idlems="0.204" threads="0" lastid="00000000024EB400" lastname="PmdThread 1" />
</exclusive-start>
<af-start id="1798" threadId="00000000024EBD88" totalBytesRequested="16" timestamp="2019-07-02T20:08:59.197" intervalms="16.354" type="nursery" />
<cycle-start id="1799" type="scavenge" contextid="0" timestamp="2019-07-02T20:08:59.197" intervalms="16.483" />
  <attribute name="GC Util" value="22" />
  <attribute name="CPU Util" value="1313911930201" />
  <attribute name="Time Running"value="2158"/>
  <attribute name="Number of cores"value="4"/>
<gc-start id="1800" type="scavenge" contextid="1799" timestamp="2019-07-02T20:08:59.198">
  <mem-info id="1801" free="1825448" total="11993088" percent="15">
    <mem type="nursery" free="0" total="5505024" percent="0">
      <mem type="allocate" free="0" total="3670016" percent="0" />
      <mem type="survivor" free="0" total="1835008" percent="0" />
    </mem>
    <mem type="tenure" free="1825448" total="6488064" percent="28">
      <mem type="soa" free="1501864" total="6164480" percent="24" />
      <mem type="loa" free="323584" total="323584" percent="100" />
    </mem>
    <remembered-set count="525" />
  </mem-info>
</gc-start>
<allocation-stats totalBytes="2387280" >
  <allocated-bytes non-tlh="288" tlh="2386992" />
  <largest-consumer threadName="PmdThread 3" threadId="00000000024EC000" bytes="835240" />
</allocation-stats>
<gc-op id="1802" type="scavenge" timems="1.613" contextid="1799" timestamp="2019-07-02T20:08:59.199">
  <scavenger-info tenureage="1" tenuremask="7ffe" tiltratio="66" />
  <memory-copied type="nursery" objects="11893" bytes="531904" bytesdiscarded="297712" />
  <memory-copied type="tenure" objects="20867" bytes="1098056" bytesdiscarded="4760" />
  <references type="weak" candidates="15" cleared="14" enqueued="14" />
  <references type="phantom" candidates="3" cleared="2" enqueued="2" />
</gc-op>
<heap-resize id="1803" type="expand" space="nursery" amount="393216" count="1" timems="0.013" reason="excessive time being spent scavenging" timestamp="2019-07-02T20:08:59.200" />
<gc-end id="1804" type="scavenge" contextid="1799" durationms="1.974" usertimems="4.000" systemtimems="0.000" timestamp="2019-07-02T20:08:59.200" activeThreads="4">
  <mem-info id="1805" free="4173288" total="12386304" percent="33">
    <mem type="nursery" free="3430136" total="5898240" percent="58">
      <mem type="allocate" free="3430136" total="4259840" percent="80" />
      <mem type="survivor" free="0" total="1638400" percent="0" />
    </mem>
    <mem type="tenure" free="743152" total="6488064" percent="11">
      <mem type="soa" free="419568" total="6164480" percent="6" />
      <mem type="loa" free="323584" total="323584" percent="100" />
    </mem>
    <pending-finalizers system="0" default="0" reference="16" classloader="0" />
    <remembered-set count="1362" />
  </mem-info>
</gc-end>
<cycle-end id="1806" type="scavenge" contextid="1799" timestamp="2019-07-02T20:08:59.200">
  <attribute name="GC Util" value="39" />
  <attribute name="CPU Util" value="1084969651377" />
  <attribute name="Time Running"value="2175"/>
  <attribute name="Number of cores"value="4"/>
</cycle-end>
<allocation-satisfied id="1807" threadId="00000000024EB400" bytesRequested="16" />
<af-end id="1808" timestamp="2019-07-02T20:08:59.200" threadId="00000000024EBD88" success="true" from="nursery"/>
<exclusive-end id="1809" timestamp="2019-07-02T20:08:59.200" durationms="2.894" />

<concurrent-kickoff id="1810" timestamp="2019-07-02T20:08:59.209">
  <kickoff reason="threshold reached" targetBytes="1904257" thresholdFreeBytes="256824"  remainingFree="194296" tenureFreeBytes="742472" nurseryFreeBytes="194296" />
</concurrent-kickoff>
<exclusive-start id="1811" timestamp="2019-07-02T20:08:59.210" intervalms="12.867">
  <response-info timems="0.238" idlems="0.194" threads="2" lastid="00000000021E1F00" lastname="JIT Compilation Thread-1" />
</exclusive-start>
<cycle-start id="1812" type="global" contextid="0" timestamp="2019-07-02T20:08:59.210" intervalms="73.374" />
  <attribute name="GC Util" value="39" />
  <attribute name="CPU Util" value="1084969651377" />
  <attribute name="Time Running"value="2175"/>
  <attribute name="Number of cores"value="4"/>
<exclusive-end id="1813" timestamp="2019-07-02T20:08:59.210" durationms="0.187" />

<exclusive-start id="1814" timestamp="2019-07-02T20:08:59.211" intervalms="1.051">
  <response-info timems="0.110" idlems="0.110" threads="0" lastid="00000000024EB400" lastname="PmdThread 1" />
</exclusive-start>
<af-start id="1815" threadId="00000000024EBD88" totalBytesRequested="32" timestamp="2019-07-02T20:08:59.211" intervalms="13.684" type="nursery" />
<cycle-start id="1816" type="scavenge" contextid="0" timestamp="2019-07-02T20:08:59.211" intervalms="13.566" />
  <attribute name="GC Util" value="39" />
  <attribute name="CPU Util" value="1084969651377" />
  <attribute name="Time Running"value="2175"/>
  <attribute name="Number of cores"value="4"/>
<gc-start id="1817" type="scavenge" contextid="1816" timestamp="2019-07-02T20:08:59.211">
  <mem-info id="1818" free="742472" total="12386304" percent="5">
    <mem type="nursery" free="0" total="5898240" percent="0">
      <mem type="allocate" free="0" total="4259840" percent="0" />
      <mem type="survivor" free="0" total="1638400" percent="0" />
    </mem>
    <mem type="tenure" free="742472" total="6488064" percent="11">
      <mem type="soa" free="418888" total="6164480" percent="6" />
      <mem type="loa" free="323584" total="323584" percent="100" />
    </mem>
    <remembered-set count="1621" />
  </mem-info>
</gc-start>
<allocation-stats totalBytes="3397624" >
  <allocated-bytes non-tlh="696" tlh="3396928" />
  <largest-consumer threadName="PmdThread 1" threadId="00000000024EB400" bytes="1547736" />
</allocation-stats>
<gc-op id="1819" type="scavenge" timems="1.975" contextid="1816" timestamp="2019-07-02T20:08:59.213">
  <scavenger-info tenureage="1" tenuremask="7ffe" tiltratio="72" />
  <memory-copied type="nursery" objects="10639" bytes="565936" bytesdiscarded="146488" />
  <memory-copied type="tenure" objects="11345" bytes="445960" bytesdiscarded="584" />
  <references type="weak" candidates="33" cleared="33" enqueued="32" />
  <references type="phantom" candidates="3" cleared="3" enqueued="3" />
  <heap-resize type="expand" space="tenure" amount="131072" count="2" timems="0.022" reason="continue current collection" />
</gc-op>
<heap-resize id="1820" type="expand" space="nursery" amount="524288" count="1" timems="0.014" reason="excessive time being spent scavenging" timestamp="2019-07-02T20:08:59.213" />
<gc-end id="1821" type="scavenge" contextid="1816" durationms="2.253" usertimems="0.000" systemtimems="4.000" timestamp="2019-07-02T20:08:59.213" activeThreads="4">
  <mem-info id="1822" free="4621800" total="13041664" percent="35">
    <mem type="nursery" free="4267752" total="6422528" percent="66">
      <mem type="allocate" free="4267752" total="4980736" percent="85" />
      <mem type="survivor" free="0" total="1441792" percent="0" />
    </mem>
    <mem type="tenure" free="354048" total="6619136" percent="5">
      <mem type="soa" free="23296" total="6288384" percent="0" />
      <mem type="loa" free="330752" total="330752" percent="100" />
    </mem>
    <pending-finalizers system="0" default="0" reference="35" classloader="0" />
    <remembered-set count="634" />
  </mem-info>
</gc-end>
<cycle-end id="1823" type="scavenge" contextid="1816" timestamp="2019-07-02T20:08:59.213">
  <attribute name="GC Util" value="32" />
  <attribute name="CPU Util" value="1380052740469" />
  <attribute name="Time Running"value="2188"/>
  <attribute name="Number of cores"value="4"/>
</cycle-end>
<allocation-satisfied id="1824" threadId="00000000024EB400" bytesRequested="32" />
<af-end id="1825" timestamp="2019-07-02T20:08:59.214" threadId="00000000024EBD88" success="true" from="nursery"/>
<exclusive-end id="1826" timestamp="2019-07-02T20:08:59.214" durationms="3.435" />

<exclusive-start id="1827" timestamp="2019-07-02T20:08:59.216" intervalms="5.399">
  <response-info timems="0.043" idlems="0.028" threads="1" lastid="00000000021DE300" lastname="JIT Compilation Thread-0" />
</exclusive-start>
<concurrent-collection-start id="1828" timestamp="2019-07-02T20:08:59.216" intervalms="72.868" >
  <concurrent-trace-info reason="card cleaning threshold reached" tracedByMutators="1509124" tracedByHelpers="487580" cardsCleaned="170" workStackOverflowCount="0" />
</concurrent-collection-start>
<gc-start id="1829" type="global" contextid="1812" timestamp="2019-07-02T20:08:59.216">
  <mem-info id="1830" free="4097512" total="13041664" percent="31">
    <mem type="nursery" free="3743464" total="6422528" percent="58">
      <mem type="allocate" free="3743464" total="4980736" percent="75" />
      <mem type="survivor" free="0" total="1441792" percent="0" />
    </mem>
    <mem type="tenure" free="354048" total="6619136" percent="5">
      <mem type="soa" free="23296" total="6288384" percent="0" />
      <mem type="loa" free="330752" total="330752" percent="100" />
    </mem>
    <remembered-set count="636" />
  </mem-info>
</gc-start>
<allocation-stats totalBytes="523040" >
  <allocated-bytes non-tlh="32" tlh="523008" />
  <largest-consumer threadName="PmdThread 2" threadId="00000000024EF000" bytes="196520" />
</allocation-stats>
<gc-op id="1831" type="rs-scan" timems="0.906" contextid="1812" timestamp="2019-07-02T20:08:59.217">
  <scan objectsFound="148" bytesTraced="16080" workStackOverflowCount="0" />
</gc-op>
<gc-op id="1832" type="card-cleaning" timems="0.950" contextid="1812" timestamp="2019-07-02T20:08:59.218">
  <card-cleaning cardsCleaned="27" bytesTraced="94276" workStackOverflowCount="0" />
</gc-op>
<gc-op id="1833" type="mark" timems="2.811" contextid="1812" timestamp="2019-07-02T20:08:59.221">
  <trace-info objectcount="24004" scancount="22185" scanbytes="779668" />
  <finalization candidates="57" enqueued="0" />
  <ownableSynchronizers candidates="8" cleared="0" />
  <references type="soft" candidates="225" cleared="0" enqueued="0" dynamicThreshold="12" maxThreshold="32" />
  <references type="weak" candidates="683" cleared="19" enqueued="19" />
  <references type="phantom" candidates="65" cleared="1" enqueued="1" />
  <stringconstants candidates="4896" cleared="0"  />
</gc-op>
<gc-op id="1834" type="sweep" timems="1.371" contextid="1812" timestamp="2019-07-02T20:08:59.223" />
<heap-resize id="1835" type="expand" space="tenure" amount="1048576" count="1" timems="0.016" reason="insufficient free space following gc" timestamp="2019-07-02T20:08:59.223" />
<gc-end id="1836" type="global" contextid="1812" durationms="6.677" usertimems="8.000" systemtimems="0.000" timestamp="2019-07-02T20:08:59.223" activeThreads="4">
  <mem-info id="1837" free="7429784" total="14090240" percent="52">
    <mem type="nursery" free="4401936" total="6422528" percent="68">
      <mem type="allocate" free="4401936" total="4980736" percent="88" />
      <mem type="survivor" free="0" total="1441792" percent="0" />
    </mem>
    <mem type="tenure" free="3027848" total="7667712" percent="39" micro-fragmented="126026" macro-fragmented="0">
      <mem type="soa" free="2644872" total="7284736" percent="36" />
      <mem type="loa" free="382976" total="382976" percent="100" />
    </mem>
    <pending-finalizers system="0" default="0" reference="20" classloader="0" />
    <remembered-set count="508" />
  </mem-info>
</gc-end>
<cycle-end id="1838" type="global" contextid="1812" timestamp="2019-07-02T20:08:59.223">
  <attribute name="GC Util" value="137" />
  <attribute name="CPU Util" value="6242711425773" />
  <attribute name="Time Running"value="2198"/>
  <attribute name="Number of cores"value="4"/>
</cycle-end>
<concurrent-collection-end id="1839" timestamp="2019-07-02T20:08:59.223" />
<exclusive-end id="1840" timestamp="2019-07-02T20:08:59.223" durationms="7.255" />

<exclusive-start id="1841" timestamp="2019-07-02T20:08:59.235" intervalms="18.807">
  <response-info timems="0.037" idlems="0.037" threads="0" lastid="00000000024EF000" lastname="PmdThread 2" />
</exclusive-start>
<af-start id="1842" threadId="00000000024EF988" totalBytesRequested="56" timestamp="2019-07-02T20:08:59.235" intervalms="24.218" type="nursery" />
<cycle-start id="1843" type="scavenge" contextid="0" timestamp="2019-07-02T20:08:59.235" intervalms="24.195" />
  <attribute name="GC Util" value="137" />
  <attribute name="CPU Util" value="6242711425773" />
  <attribute name="Time Running"value="2198"/>
  <attribute name="Number of cores"value="4"/>
<gc-start id="1844" type="scavenge" contextid="1843" timestamp="2019-07-02T20:08:59.235">
  <mem-info id="1845" free="3027184" total="14090240" percent="21">
    <mem type="nursery" free="0" total="6422528" percent="0">
      <mem type="allocate" free="0" total="4980736" percent="0" />
      <mem type="survivor" free="0" total="1441792" percent="0" />
    </mem>
    <mem type="tenure" free="3027184" total="7667712" percent="39">
      <mem type="soa" free="2644208" total="7284736" percent="36" />
      <mem type="loa" free="382976" total="382976" percent="100" />
    </mem>
    <remembered-set count="594" />
  </mem-info>
</gc-start>
<allocation-stats totalBytes="4396488" >
  <allocated-bytes non-tlh="12256" tlh="4384232" />
  <largest-consumer threadName="PmdThread 2" threadId="00000000024EF000" bytes="1638008" />
</allocation-stats>
<gc-op id="1846" type="scavenge" timems="4.011" contextid="1843" timestamp="2019-07-02T20:08:59.239">
  <scavenger-info tenureage="1" tenuremask="7ffe" tiltratio="77" />
  <memory-copied type="nursery" objects="10570" bytes="650864" bytesdiscarded="205896" />
  <memory-copied type="tenure" objects="3526" bytes="182488" bytesdiscarded="992" />
  <ownableSynchronizers candidates="16" cleared="16" />
  <references type="weak" candidates="55" cleared="54" enqueued="53" />
  <references type="phantom" candidates="9" cleared="7" enqueued="7" />
</gc-op>
<heap-resize id="1847" type="expand" space="nursery" amount="524288" count="1" timems="0.020" reason="excessive time being spent scavenging" timestamp="2019-07-02T20:08:59.239" />
<gc-end id="1848" type="scavenge" contextid="1843" durationms="4.301" usertimems="8.000" systemtimems="0.000" timestamp="2019-07-02T20:08:59.240" activeThreads="4">
  <mem-info id="1849" free="7531776" total="14614528" percent="51">
    <mem type="nursery" free="4713360" total="6946816" percent="67">
      <mem type="allocate" free="4713360" total="5570560" percent="84" />
      <mem type="survivor" free="0" total="1376256" percent="0" />
    </mem>
    <mem type="tenure" free="2818416" total="7667712" percent="36">
      <mem type="soa" free="2435440" total="7284736" percent="33" />
      <mem type="loa" free="382976" total="382976" percent="100" />
    </mem>
    <pending-finalizers system="0" default="0" reference="60" classloader="0" />
    <remembered-set count="193" />
  </mem-info>
</gc-end>
<cycle-end id="1850" type="scavenge" contextid="1843" timestamp="2019-07-02T20:08:59.240">
  <attribute name="GC Util" value="18" />
  <attribute name="CPU Util" value="1327143512885" />
  <attribute name="Time Running"value="2212"/>
  <attribute name="Number of cores"value="4"/>
</cycle-end>
<allocation-satisfied id="1851" threadId="00000000024EF000" bytesRequested="56" />
<af-end id="1852" timestamp="2019-07-02T20:08:59.240" threadId="00000000024EF988" success="true" from="nursery"/>
<exclusive-end id="1853" timestamp="2019-07-02T20:08:59.240" durationms="5.012" />

<exclusive-start id="1854" timestamp="2019-07-02T20:08:59.260" intervalms="24.572">
  <response-info timems="0.061" idlems="0.061" threads="0" lastid="00000000024ECB00" lastname="PmdThread 4" />
</exclusive-start>
<af-start id="1855" threadId="00000000024ED488" totalBytesRequested="24" timestamp="2019-07-02T20:08:59.260" intervalms="24.555" type="nursery" />
<cycle-start id="1856" type="scavenge" contextid="0" timestamp="2019-07-02T20:08:59.260" intervalms="24.571" />
  <attribute name="GC Util" value="18" />
  <attribute name="CPU Util" value="1327143512885" />
  <attribute name="Time Running"value="2212"/>
  <attribute name="Number of cores"value="4"/>
<gc-start id="1857" type="scavenge" contextid="1856" timestamp="2019-07-02T20:08:59.260">
  <mem-info id="1858" free="2816296" total="14614528" percent="19">
    <mem type="nursery" free="0" total="6946816" percent="0">
      <mem type="allocate" free="0" total="5570560" percent="0" />
      <mem type="survivor" free="0" total="1376256" percent="0" />
    </mem>
    <mem type="tenure" free="2816296" total="7667712" percent="36">
      <mem type="soa" free="2433320" total="7284736" percent="33" />
      <mem type="loa" free="382976" total="382976" percent="100" />
    </mem>
    <remembered-set count="774" />
  </mem-info>
</gc-start>
<allocation-stats totalBytes="4711664" >
  <allocated-bytes non-tlh="2176" tlh="4709488" />
  <largest-consumer threadName="PmdThread 3" threadId="00000000024EC000" bytes="2272088" />
</allocation-stats>
<gc-op id="1859" type="scavenge" timems="0.723" contextid="1856" timestamp="2019-07-02T20:08:59.261">
  <scavenger-info tenureage="1" tenuremask="7ffe" tiltratio="80" />
  <memory-copied type="nursery" objects="4005" bytes="335528" bytesdiscarded="266248" />
  <memory-copied type="tenure" objects="8159" bytes="475760" bytesdiscarded="1656" />
  <references type="weak" candidates="109" cleared="109" enqueued="109" />
  <references type="phantom" candidates="11" cleared="9" enqueued="9" />
</gc-op>
<gc-end id="1860" type="scavenge" contextid="1856" durationms="0.894" usertimems="0.000" systemtimems="0.000" timestamp="2019-07-02T20:08:59.261" activeThreads="4">
  <mem-info id="1861" free="7498168" total="14614528" percent="51">
    <mem type="nursery" free="5230792" total="6946816" percent="75">
      <mem type="allocate" free="5230792" total="5832704" percent="89" />
      <mem type="survivor" free="0" total="1114112" percent="0" />
    </mem>
    <mem type="tenure" free="2267376" total="7667712" percent="29">
      <mem type="soa" free="1884400" total="7284736" percent="25" />
      <mem type="loa" free="382976" total="382976" percent="100" />
    </mem>
    <pending-finalizers system="0" default="0" reference="118" classloader="0" />
    <remembered-set count="315" />
  </mem-info>
</gc-end>
<cycle-end id="1862" type="scavenge" contextid="1856" timestamp="2019-07-02T20:08:59.261">
  <attribute name="GC Util" value="24" />
  <attribute name="CPU Util" value="750264309046" />
  <attribute name="Time Running"value="2236"/>
  <attribute name="Number of cores"value="4"/>
</cycle-end>
<allocation-satisfied id="1863" threadId="00000000024ECB00" bytesRequested="24" />
<af-end id="1864" timestamp="2019-07-02T20:08:59.261" threadId="00000000024ED488" success="true" from="nursery"/>
<exclusive-end id="1865" timestamp="2019-07-02T20:08:59.261" durationms="1.460" />

<exclusive-start id="1866" timestamp="2019-07-02T20:08:59.277" intervalms="17.746">
  <response-info timems="0.101" idlems="0.052" threads="2" lastid="00000000024EC000" lastname="PmdThread 3" />
</exclusive-start>
<af-start id="1867" threadId="00000000024ED488" totalBytesRequested="120" timestamp="2019-07-02T20:08:59.277" intervalms="17.761" type="nursery" />
<cycle-start id="1868" type="scavenge" contextid="0" timestamp="2019-07-02T20:08:59.277" intervalms="17.764" />
  <attribute name="GC Util" value="24" />
  <attribute name="CPU Util" value="750264309046" />
  <attribute name="Time Running"value="2236"/>
  <attribute name="Number of cores"value="4"/>
<gc-start id="1869" type="scavenge" contextid="1868" timestamp="2019-07-02T20:08:59.278">
  <mem-info id="1870" free="2266072" total="14614528" percent="15">
    <mem type="nursery" free="0" total="6946816" percent="0">
      <mem type="allocate" free="0" total="5832704" percent="0" />
      <mem type="survivor" free="0" total="1114112" percent="0" />
    </mem>
    <mem type="tenure" free="2266072" total="7667712" percent="29">
      <mem type="soa" free="1883096" total="7284736" percent="25" />
      <mem type="loa" free="382976" total="382976" percent="100" />
    </mem>
    <remembered-set count="435" />
  </mem-info>
</gc-start>
<allocation-stats totalBytes="5218176" >
  <allocated-bytes non-tlh="1328" tlh="5216848" />
  <largest-consumer threadName="PmdThread 2" threadId="00000000024EF000" bytes="2068600" />
</allocation-stats>
<gc-op id="1871" type="scavenge" timems="1.060" contextid="1868" timestamp="2019-07-02T20:08:59.279">
  <scavenger-info tenureage="2" tenuremask="7ffc" tiltratio="83" />
  <memory-copied type="nursery" objects="17656" bytes="1062688" bytesdiscarded="50784" />
  <memory-copied type="tenure" objects="901" bytes="33256" bytesdiscarded="32" />
  <copy-failed type="nursery" objects="901" bytes="33256" />
  <references type="weak" candidates="67" cleared="67" enqueued="67" />
  <references type="phantom" candidates="35" cleared="21" enqueued="21" />
</gc-op>
<gc-end id="1872" type="scavenge" contextid="1868" durationms="1.220" usertimems="4.000" systemtimems="0.000" timestamp="2019-07-02T20:08:59.279" activeThreads="4">
  <mem-info id="1873" free="6026424" total="14614528" percent="41">
    <mem type="nursery" free="3801088" total="6946816" percent="54">
      <mem type="allocate" free="3801088" total="4915200" percent="77" />
      <mem type="survivor" free="0" total="2031616" percent="0" />
    </mem>
    <mem type="tenure" free="2225336" total="7667712" percent="29">
      <mem type="soa" free="1842360" total="7284736" percent="25" />
      <mem type="loa" free="382976" total="382976" percent="100" />
    </mem>
    <pending-finalizers system="0" default="0" reference="88" classloader="0" />
    <remembered-set count="764" />
  </mem-info>
</gc-end>
<cycle-end id="1874" type="scavenge" contextid="1868" timestamp="2019-07-02T20:08:59.279">
  <attribute name="GC Util" value="11" />
  <attribute name="CPU Util" value="1040006972137" />
  <attribute name="Time Running"value="2254"/>
  <attribute name="Number of cores"value="4"/>
</cycle-end>
<allocation-satisfied id="1875" threadId="00000000024ECB00" bytesRequested="120" />
<af-end id="1876" timestamp="2019-07-02T20:08:59.279" threadId="00000000024ED488" success="true" from="nursery"/>
<exclusive-end id="1877" timestamp="2019-07-02T20:08:59.279" durationms="1.761" />

<exclusive-start id="1878" timestamp="2019-07-02T20:08:59.287" intervalms="9.855">
  <response-info timems="0.070" idlems="0.070" threads="0" lastid="00000000024ECB00" lastname="PmdThread 4" />
</exclusive-start>
<af-start id="1879" threadId="00000000024ED488" totalBytesRequested="24" timestamp="2019-07-02T20:08:59.287" intervalms="9.833" type="nursery" />
<cycle-start id="1880" type="scavenge" contextid="0" timestamp="2019-07-02T20:08:59.287" intervalms="9.843" />
  <attribute name="GC Util" value="11" />
  <attribute name="CPU Util" value="1040006972137" />
  <attribute name="Time Running"value="2254"/>
  <attribute name="Number of cores"value="4"/>
<gc-start id="1881" type="scavenge" contextid="1880" timestamp="2019-07-02T20:08:59.287">
  <mem-info id="1882" free="2221592" total="14614528" percent="15">
    <mem type="nursery" free="0" total="6946816" percent="0">
      <mem type="allocate" free="0" total="4915200" percent="0" />
      <mem type="survivor" free="0" total="2031616" percent="0" />
    </mem>
    <mem type="tenure" free="2221592" total="7667712" percent="28">
      <mem type="soa" free="1838616" total="7284736" percent="25" />
      <mem type="loa" free="382976" total="382976" percent="100" />
    </mem>
    <remembered-set count="888" />
  </mem-info>
</gc-start>
<allocation-stats totalBytes="3801512" >
  <allocated-bytes non-tlh="3864" tlh="3797648" />
  <largest-consumer threadName="PmdThread 3" threadId="00000000024EC000" bytes="1847088" />
</allocation-stats>
<gc-op id="1883" type="scavenge" timems="0.959" contextid="1880" timestamp="2019-07-02T20:08:59.288">
  <scavenger-info tenureage="2" tenuremask="7ffc" tiltratio="70" />
  <memory-copied type="nursery" objects="17064" bytes="1033744" bytesdiscarded="182296" />
  <memory-copied type="tenure" objects="1123" bytes="36016" bytesdiscarded="0" />
  <references type="soft" candidates="5" cleared="0" enqueued="0" dynamicThreshold="12" maxThreshold="32" />
  <references type="weak" candidates="48" cleared="47" enqueued="47" />
  <references type="phantom" candidates="17" cleared="3" enqueued="3" />
</gc-op>
<heap-resize id="1884" type="expand" space="nursery" amount="524288" count="1" timems="0.014" reason="excessive time being spent scavenging" timestamp="2019-07-02T20:08:59.289" />
<gc-end id="1885" type="scavenge" contextid="1880" durationms="1.180" usertimems="4.000" systemtimems="0.000" timestamp="2019-07-02T20:08:59.289" activeThreads="4">
  <mem-info id="1886" free="6376896" total="15138816" percent="42">
    <mem type="nursery" free="4155304" total="7471104" percent="55">
      <mem type="allocate" free="4155304" total="5373952" percent="77" />
      <mem type="survivor" free="0" total="2097152" percent="0" />
    </mem>
    <mem type="tenure" free="2221592" total="7667712" percent="28">
      <mem type="soa" free="1838616" total="7284736" percent="25" />
      <mem type="loa" free="382976" total="382976" percent="100" />
    </mem>
    <pending-finalizers system="0" default="0" reference="50" classloader="0" />
    <remembered-set count="689" />
  </mem-info>
</gc-end>
<cycle-end id="1887" type="scavenge" contextid="1880" timestamp="2019-07-02T20:08:59.289">
  <attribute name="GC Util" value="24" />
  <attribute name="CPU Util" value="1873558875883" />
  <attribute name="Time Running"value="2264"/>
  <attribute name="Number of cores"value="4"/>
</cycle-end>
<allocation-satisfied id="1888" threadId="00000000024ECB00" bytesRequested="24" />
<af-end id="1889" timestamp="2019-07-02T20:08:59.289" threadId="00000000024ED488" success="true" from="nursery"/>
<exclusive-end id="1890" timestamp="2019-07-02T20:08:59.289" durationms="1.593" />

<exclusive-start id="1891" timestamp="2019-07-02T20:08:59.306" intervalms="19.155">
  <response-info timems="0.333" idlems="0.126" threads="2" lastid="00000000024EC000" lastname="PmdThread 3" />
</exclusive-start>
<af-start id="1892" threadId="00000000024EF988" totalBytesRequested="88" timestamp="2019-07-02T20:08:59.306" intervalms="19.171" type="nursery" />
<cycle-start id="1893" type="scavenge" contextid="0" timestamp="2019-07-02T20:08:59.306" intervalms="19.141" />
  <attribute name="GC Util" value="24" />
  <attribute name="CPU Util" value="1873558875883" />
  <attribute name="Time Running"value="2264"/>
  <attribute name="Number of cores"value="4"/>
<gc-start id="1894" type="scavenge" contextid="1893" timestamp="2019-07-02T20:08:59.307">
  <mem-info id="1895" free="2220856" total="15138816" percent="14">
    <mem type="nursery" free="0" total="7471104" percent="0">
      <mem type="allocate" free="0" total="5373952" percent="0" />
      <mem type="survivor" free="0" total="2097152" percent="0" />
    </mem>
    <mem type="tenure" free="2220856" total="7667712" percent="28">
      <mem type="soa" free="1837880" total="7284736" percent="25" />
      <mem type="loa" free="382976" total="382976" percent="100" />
    </mem>
    <remembered-set count="762" />
  </mem-info>
</gc-start>
<allocation-stats totalBytes="4152152" >
  <allocated-bytes non-tlh="760" tlh="4151392" />
  <largest-consumer threadName="PmdThread 2" threadId="00000000024EF000" bytes="3022176" />
</allocation-stats>
<gc-op id="1896" type="scavenge" timems="3.601" contextid="1893" timestamp="2019-07-02T20:08:59.310">
  <scavenger-info tenureage="2" tenuremask="7ffc" tiltratio="71" />
  <memory-copied type="nursery" objects="5872" bytes="566768" bytesdiscarded="57384" />
  <memory-copied type="tenure" objects="12347" bytes="572880" bytesdiscarded="2000" />
  <references type="soft" candidates="16" cleared="0" enqueued="0" dynamicThreshold="12" maxThreshold="32" />
  <references type="weak" candidates="113" cleared="113" enqueued="113" />
  <references type="phantom" candidates="7" cleared="5" enqueued="5" />
</gc-op>
<heap-resize id="1897" type="expand" space="nursery" amount="524288" count="1" timems="0.014" reason="excessive time being spent scavenging" timestamp="2019-07-02T20:08:59.310" />
<gc-end id="1898" type="scavenge" contextid="1893" durationms="3.904" usertimems="4.000" systemtimems="0.000" timestamp="2019-07-02T20:08:59.310" activeThreads="4">
  <mem-info id="1899" free="7180816" total="15663104" percent="45">
    <mem type="nursery" free="5535368" total="7995392" percent="69">
      <mem type="allocate" free="5535368" total="6160384" percent="89" />
      <mem type="survivor" free="0" total="1835008" percent="0" />
    </mem>
    <mem type="tenure" free="1645448" total="7667712" percent="21">
      <mem type="soa" free="1262472" total="7284736" percent="17" />
      <mem type="loa" free="382976" total="382976" percent="100" />
    </mem>
    <pending-finalizers system="0" default="0" reference="118" classloader="0" />
    <remembered-set count="357" />
  </mem-info>
</gc-end>
<cycle-end id="1900" type="scavenge" contextid="1893" timestamp="2019-07-02T20:08:59.311">
  <attribute name="GC Util" value="12" />
  <attribute name="CPU Util" value="964474163255" />
  <attribute name="Time Running"value="2283"/>
  <attribute name="Number of cores"value="4"/>
</cycle-end>
<allocation-satisfied id="1901" threadId="00000000024EF000" bytesRequested="88" />
<af-end id="1902" timestamp="2019-07-02T20:08:59.311" threadId="00000000024EF988" success="true" from="nursery"/>
<exclusive-end id="1903" timestamp="2019-07-02T20:08:59.311" durationms="4.602" />

<exclusive-start id="1904" timestamp="2019-07-02T20:08:59.331" intervalms="24.701">
  <response-info timems="0.100" idlems="0.057" threads="1" lastid="00000000024EC000" lastname="PmdThread 3" />
</exclusive-start>
<af-start id="1905" threadId="00000000024EF988" totalBytesRequested="8200" timestamp="2019-07-02T20:08:59.331" intervalms="24.696" type="nursery" />
<cycle-start id="1906" type="scavenge" contextid="0" timestamp="2019-07-02T20:08:59.331" intervalms="24.726" />
  <attribute name="GC Util" value="12" />
  <attribute name="CPU Util" value="964474163255" />
  <attribute name="Time Running"value="2283"/>
  <attribute name="Number of cores"value="4"/>
<gc-start id="1907" type="scavenge" contextid="1906" timestamp="2019-07-02T20:08:59.331">
  <mem-info id="1908" free="1645448" total="15663104" percent="10">
    <mem type="nursery" free="0" total="7995392" percent="0">
      <mem type="allocate" free="0" total="6160384" percent="0" />
      <mem type="survivor" free="0" total="1835008" percent="0" />
    </mem>
    <mem type="tenure" free="1645448" total="7667712" percent="21">
      <mem type="soa" free="1262472" total="7284736" percent="17" />
      <mem type="loa" free="382976" total="382976" percent="100" />
    </mem>
    <remembered-set count="463" />
  </mem-info>
</gc-start>
<allocation-stats totalBytes="5522176" >
  <allocated-bytes non-tlh="88" tlh="5522088" />
  <largest-consumer threadName="PmdThread 2" threadId="00000000024EF000" bytes="2449552" />
</allocation-stats>
<gc-op id="1909" type="scavenge" timems="2.257" contextid="1906" timestamp="2019-07-02T20:08:59.334">
  <scavenger-info tenureage="3" tenuremask="7ff8" tiltratio="77" />
  <memory-copied type="nursery" objects="8519" bytes="808752" bytesdiscarded="130136" />
  <references type="soft" candidates="16" cleared="0" enqueued="0" dynamicThreshold="12" maxThreshold="32" />
  <references type="weak" candidates="128" cleared="128" enqueued="128" />
  <references type="phantom" candidates="25" cleared="22" enqueued="22" />
</gc-op>
<heap-resize id="1910" type="expand" space="nursery" amount="393216" count="1" timems="0.021" reason="excessive time being spent scavenging" timestamp="2019-07-02T20:08:59.334" />
<gc-end id="1911" type="scavenge" contextid="1906" durationms="2.546" usertimems="4.000" systemtimems="0.000" timestamp="2019-07-02T20:08:59.334" activeThreads="4">
  <mem-info id="1912" free="7325160" total="16056320" percent="45">
    <mem type="nursery" free="5679712" total="8388608" percent="67">
      <mem type="allocate" free="5679712" total="6619136" percent="85" />
      <mem type="survivor" free="0" total="1769472" percent="0" />
    </mem>
    <mem type="tenure" free="1645448" total="7667712" percent="21">
      <mem type="soa" free="1262472" total="7284736" percent="17" />
      <mem type="loa" free="382976" total="382976" percent="100" />
    </mem>
    <pending-finalizers system="0" default="0" reference="150" classloader="0" />
    <remembered-set count="369" />
  </mem-info>
</gc-end>
<cycle-end id="1913" type="scavenge" contextid="1906" timestamp="2019-07-02T20:08:59.334">
  <attribute name="GC Util" value="22" />
  <attribute name="CPU Util" value="745501370538" />
  <attribute name="Time Running"value="2308"/>
  <attribute name="Number of cores"value="4"/>
</cycle-end>
<allocation-satisfied id="1914" threadId="00000000024EF000" bytesRequested="8200" />
<af-end id="1915" timestamp="2019-07-02T20:08:59.334" threadId="00000000024EF988" success="true" from="nursery"/>
<exclusive-end id="1916" timestamp="2019-07-02T20:08:59.334" durationms="3.329" />

<exclusive-start id="1917" timestamp="2019-07-02T20:08:59.350" intervalms="18.533">
  <response-info timems="0.511" idlems="0.314" threads="1" lastid="00000000024EB400" lastname="PmdThread 1" />
</exclusive-start>
<af-start id="1918" threadId="00000000024EF988" totalBytesRequested="8200" timestamp="2019-07-02T20:08:59.350" intervalms="18.529" type="nursery" />
<cycle-start id="1919" type="scavenge" contextid="0" timestamp="2019-07-02T20:08:59.350" intervalms="18.521" />
  <attribute name="GC Util" value="22" />
  <attribute name="CPU Util" value="745501370538" />
  <attribute name="Time Running"value="2308"/>
  <attribute name="Number of cores"value="4"/>
<gc-start id="1920" type="scavenge" contextid="1919" timestamp="2019-07-02T20:08:59.350">
  <mem-info id="1921" free="1645448" total="16056320" percent="10">
    <mem type="nursery" free="0" total="8388608" percent="0">
      <mem type="allocate" free="0" total="6619136" percent="0" />
      <mem type="survivor" free="0" total="1769472" percent="0" />
    </mem>
    <mem type="tenure" free="1645448" total="7667712" percent="21">
      <mem type="soa" free="1262472" total="7284736" percent="17" />
      <mem type="loa" free="382976" total="382976" percent="100" />
    </mem>
    <remembered-set count="430" />
  </mem-info>
</gc-start>
<allocation-stats totalBytes="5661064" >
  <allocated-bytes non-tlh="8200" tlh="5652864" />
  <largest-consumer threadName="PmdThread 4" threadId="00000000024ECB00" bytes="2382792" />
</allocation-stats>
<gc-op id="1922" type="scavenge" timems="2.435" contextid="1919" timestamp="2019-07-02T20:08:59.352">
  <scavenger-info tenureage="3" tenuremask="7ff8" tiltratio="78" />
  <memory-copied type="nursery" objects="8508" bytes="741616" bytesdiscarded="118848" />
  <memory-copied type="tenure" objects="1583" bytes="116688" bytesdiscarded="584" />
  <references type="soft" candidates="11" cleared="0" enqueued="0" dynamicThreshold="12" maxThreshold="32" />
  <references type="weak" candidates="125" cleared="125" enqueued="125" />
  <references type="phantom" candidates="23" cleared="21" enqueued="21" />
</gc-op>
<heap-resize id="1923" type="expand" space="nursery" amount="524288" count="1" timems="0.022" reason="excessive time being spent scavenging" timestamp="2019-07-02T20:08:59.352" />
<gc-end id="1924" type="scavenge" contextid="1919" durationms="2.681" usertimems="4.000" systemtimems="0.000" timestamp="2019-07-02T20:08:59.352" activeThreads="4">
  <mem-info id="1925" free="7995320" total="16580608" percent="48">
    <mem type="nursery" free="6478960" total="8912896" percent="72">
      <mem type="allocate" free="6478960" total="7340032" percent="88" />
      <mem type="survivor" free="0" total="1572864" percent="0" />
    </mem>
    <mem type="tenure" free="1516360" total="7667712" percent="19">
      <mem type="soa" free="1133384" total="7284736" percent="15" />
      <mem type="loa" free="382976" total="382976" percent="100" />
    </mem>
    <pending-finalizers system="0" default="0" reference="146" classloader="0" />
    <remembered-set count="344" />
  </mem-info>
</gc-end>
<cycle-end id="1926" type="scavenge" contextid="1919" timestamp="2019-07-02T20:08:59.353">
  <attribute name="GC Util" value="18" />
  <attribute name="CPU Util" value="996589229758" />
  <attribute name="Time Running"value="2326"/>
  <attribute name="Number of cores"value="4"/>
</cycle-end>
<allocation-satisfied id="1927" threadId="00000000024EF000" bytesRequested="8200" />
<af-end id="1928" timestamp="2019-07-02T20:08:59.353" threadId="00000000024EF988" success="true" from="nursery"/>
<exclusive-end id="1929" timestamp="2019-07-02T20:08:59.353" durationms="3.108" />

<exclusive-start id="1930" timestamp="2019-07-02T20:08:59.372" intervalms="22.787">
  <response-info timems="0.078" idlems="0.078" threads="0" lastid="00000000024EF000" lastname="PmdThread 2" />
</exclusive-start>
<af-start id="1931" threadId="00000000024EF988" totalBytesRequested="56" timestamp="2019-07-02T20:08:59.372" intervalms="22.808" type="nursery" />
<cycle-start id="1932" type="scavenge" contextid="0" timestamp="2019-07-02T20:08:59.373" intervalms="22.816" />
  <attribute name="GC Util" value="18" />
  <attribute name="CPU Util" value="996589229758" />
  <attribute name="Time Running"value="2326"/>
  <attribute name="Number of cores"value="4"/>
<gc-start id="1933" type="scavenge" contextid="1932" timestamp="2019-07-02T20:08:59.373">
  <mem-info id="1934" free="1516360" total="16580608" percent="9">
    <mem type="nursery" free="0" total="8912896" percent="0">
      <mem type="allocate" free="0" total="7340032" percent="0" />
      <mem type="survivor" free="0" total="1572864" percent="0" />
    </mem>
    <mem type="tenure" free="1516360" total="7667712" percent="19">
      <mem type="soa" free="1133384" total="7284736" percent="15" />
      <mem type="loa" free="382976" total="382976" percent="100" />
    </mem>
    <remembered-set count="425" />
  </mem-info>
</gc-start>
<allocation-stats totalBytes="6464448" >
  <allocated-bytes non-tlh="8200" tlh="6456248" />
  <largest-consumer threadName="PmdThread 2" threadId="00000000024EF000" bytes="2354576" />
</allocation-stats>
<gc-op id="1935" type="scavenge" timems="3.540" contextid="1932" timestamp="2019-07-02T20:08:59.376">
  <scavenger-info tenureage="3" tenuremask="7ff8" tiltratio="82" />
  <memory-copied type="nursery" objects="10137" bytes="849368" bytesdiscarded="162944" />
  <memory-copied type="tenure" objects="564" bytes="21056" bytesdiscarded="792" />
  <references type="weak" candidates="130" cleared="130" enqueued="130" />
  <references type="phantom" candidates="22" cleared="21" enqueued="21" />
</gc-op>
<heap-resize id="1936" type="expand" space="nursery" amount="524288" count="1" timems="0.023" reason="excessive time being spent scavenging" timestamp="2019-07-02T20:08:59.376" />
<gc-end id="1937" type="scavenge" contextid="1932" durationms="3.794" usertimems="4.000" systemtimems="0.000" timestamp="2019-07-02T20:08:59.376" activeThreads="4">
  <mem-info id="1938" free="8364440" total="17104896" percent="48">
    <mem type="nursery" free="6915408" total="9437184" percent="73">
      <mem type="allocate" free="6915408" total="7929856" percent="87" />
      <mem type="survivor" free="0" total="1507328" percent="0" />
    </mem>
    <mem type="tenure" free="1449032" total="7667712" percent="18">
      <mem type="soa" free="1066056" total="7284736" percent="14" />
      <mem type="loa" free="382976" total="382976" percent="100" />
    </mem>
    <pending-finalizers system="0" default="0" reference="151" classloader="0" />
    <remembered-set count="299" />
  </mem-info>
</gc-end>
<cycle-end id="1939" type="scavenge" contextid="1932" timestamp="2019-07-02T20:08:59.376">
  <attribute name="GC Util" value="16" />
  <attribute name="CPU Util" value="807576928098" />
  <attribute name="Time Running"value="2349"/>
  <attribute name="Number of cores"value="4"/>
</cycle-end>
<allocation-satisfied id="1940" threadId="00000000024EF000" bytesRequested="56" />
<af-end id="1941" timestamp="2019-07-02T20:08:59.377" threadId="00000000024EF988" success="true" from="nursery"/>
<exclusive-end id="1942" timestamp="2019-07-02T20:08:59.377" durationms="4.370" />

<exclusive-start id="1943" timestamp="2019-07-02T20:08:59.397" intervalms="24.862">
  <response-info timems="0.096" idlems="0.066" threads="1" lastid="00000000024EB400" lastname="PmdThread 1" />
</exclusive-start>
<af-start id="1944" threadId="00000000024EF988" totalBytesRequested="24" timestamp="2019-07-02T20:08:59.397" intervalms="24.867" type="nursery" />
<cycle-start id="1945" type="scavenge" contextid="0" timestamp="2019-07-02T20:08:59.397" intervalms="24.839" />
  <attribute name="GC Util" value="16" />
  <attribute name="CPU Util" value="807576928098" />
  <attribute name="Time Running"value="2349"/>
  <attribute name="Number of cores"value="4"/>
<gc-start id="1946" type="scavenge" contextid="1945" timestamp="2019-07-02T20:08:59.397">
  <mem-info id="1947" free="1449032" total="17104896" percent="8">
    <mem type="nursery" free="0" total="9437184" percent="0">
      <mem type="allocate" free="0" total="7929856" percent="0" />
      <mem type="survivor" free="0" total="1507328" percent="0" />
    </mem>
    <mem type="tenure" free="1449032" total="7667712" percent="18">
      <mem type="soa" free="1066056" total="7284736" percent="14" />
      <mem type="loa" free="382976" total="382976" percent="100" />
    </mem>
    <remembered-set count="396" />
  </mem-info>
</gc-start>
<allocation-stats totalBytes="6904976" >
  <allocated-bytes non-tlh="56" tlh="6904920" />
  <largest-consumer threadName="PmdThread 3" threadId="00000000024EC000" bytes="2633816" />
</allocation-stats>
<gc-op id="1948" type="scavenge" timems="3.029" contextid="1945" timestamp="2019-07-02T20:08:59.401">
  <scavenger-info tenureage="3" tenuremask="7ff8" tiltratio="84" />
  <memory-copied type="nursery" objects="13355" bytes="1202568" bytesdiscarded="209448" />
  <memory-copied type="tenure" objects="580" bytes="22744" bytesdiscarded="24" />
  <references type="weak" candidates="130" cleared="130" enqueued="130" />
  <references type="phantom" candidates="35" cleared="28" enqueued="28" />
</gc-op>
<heap-resize id="1949" type="expand" space="nursery" amount="524288" count="1" timems="0.022" reason="excessive time being spent scavenging" timestamp="2019-07-02T20:08:59.401" />
<gc-end id="1950" type="scavenge" contextid="1945" durationms="3.277" usertimems="4.000" systemtimems="4.000" timestamp="2019-07-02T20:08:59.401" activeThreads="4">
  <mem-info id="1951" free="8221104" total="17629184" percent="46">
    <mem type="nursery" free="6778352" total="9961472" percent="68">
      <mem type="allocate" free="6778352" total="8192000" percent="82" />
      <mem type="survivor" free="0" total="1769472" percent="0" />
    </mem>
    <mem type="tenure" free="1442752" total="7667712" percent="18">
      <mem type="soa" free="1059776" total="7284736" percent="14" />
      <mem type="loa" free="382976" total="382976" percent="100" />
    </mem>
    <pending-finalizers system="0" default="0" reference="158" classloader="0" />
    <remembered-set count="333" />
  </mem-info>
</gc-end>
<cycle-end id="1952" type="scavenge" contextid="1945" timestamp="2019-07-02T20:08:59.401">
  <attribute name="GC Util" value="20" />
  <attribute name="CPU Util" value="743623474893" />
  <attribute name="Time Running"value="2374"/>
  <attribute name="Number of cores"value="4"/>
</cycle-end>
<allocation-satisfied id="1953" threadId="00000000024EF000" bytesRequested="24" />
<af-end id="1954" timestamp="2019-07-02T20:08:59.401" threadId="00000000024EF988" success="true" from="nursery"/>
<exclusive-end id="1955" timestamp="2019-07-02T20:08:59.401" durationms="3.757" />

<exclusive-start id="1956" timestamp="2019-07-02T20:08:59.415" intervalms="17.700">
  <response-info timems="0.046" idlems="0.046" threads="0" lastid="00000000024EF000" lastname="PmdThread 2" />
</exclusive-start>
<af-start id="1957" threadId="00000000024EF988" totalBytesRequested="40" timestamp="2019-07-02T20:08:59.415" intervalms="17.656" type="nursery" />
<cycle-start id="1958" type="scavenge" contextid="0" timestamp="2019-07-02T20:08:59.415" intervalms="17.652" />
  <attribute name="GC Util" value="20" />
  <attribute name="CPU Util" value="743623474893" />
  <attribute name="Time Running"value="2374"/>
  <attribute name="Number of cores"value="4"/>
<gc-start id="1959" type="scavenge" contextid="1958" timestamp="2019-07-02T20:08:59.415">
  <mem-info id="1960" free="1442752" total="17629184" percent="8">
    <mem type="nursery" free="0" total="9961472" percent="0">
      <mem type="allocate" free="0" total="8192000" percent="0" />
      <mem type="survivor" free="0" total="1769472" percent="0" />
    </mem>
    <mem type="tenure" free="1442752" total="7667712" percent="18">
      <mem type="soa" free="1059776" total="7284736" percent="14" />
      <mem type="loa" free="382976" total="382976" percent="100" />
    </mem>
    <remembered-set count="402" />
  </mem-info>
</gc-start>
<allocation-stats totalBytes="6774896" >
  <allocated-bytes non-tlh="24" tlh="6774872" />
  <largest-consumer threadName="PmdThread 3" threadId="00000000024EC000" bytes="2680272" />
</allocation-stats>
<gc-op id="1961" type="scavenge" timems="5.094" contextid="1958" timestamp="2019-07-02T20:08:59.420">
  <scavenger-info tenureage="3" tenuremask="7ff8" tiltratio="82" />
  <memory-copied type="nursery" objects="28505" bytes="1685496" bytesdiscarded="79312" />
  <memory-copied type="tenure" objects="1054" bytes="97896" bytesdiscarded="64" />
  <references type="weak" candidates="98" cleared="98" enqueued="98" />
  <references type="phantom" candidates="26" cleared="16" enqueued="16" />
</gc-op>
<heap-resize id="1962" type="expand" space="nursery" amount="1310720" count="1" timems="0.023" reason="excessive time being spent scavenging" timestamp="2019-07-02T20:08:59.420" />
<gc-end id="1963" type="scavenge" contextid="1958" durationms="5.379" usertimems="8.000" systemtimems="0.000" timestamp="2019-07-02T20:08:59.420" activeThreads="4">
  <mem-info id="1964" free="8287944" total="18939904" percent="43">
    <mem type="nursery" free="6950704" total="11272192" percent="61">
      <mem type="allocate" free="6950704" total="8716288" percent="79" />
      <mem type="survivor" free="0" total="2555904" percent="0" />
    </mem>
    <mem type="tenure" free="1337240" total="7667712" percent="17">
      <mem type="soa" free="954264" total="7284736" percent="13" />
      <mem type="loa" free="382976" total="382976" percent="100" />
    </mem>
    <pending-finalizers system="0" default="0" reference="114" classloader="0" />
    <remembered-set count="422" />
  </mem-info>
</gc-end>
<cycle-end id="1965" type="scavenge" contextid="1958" timestamp="2019-07-02T20:08:59.421">
  <attribute name="GC Util" value="27" />
  <attribute name="CPU Util" value="1044089704039" />
  <attribute name="Time Running"value="2392"/>
  <attribute name="Number of cores"value="4"/>
</cycle-end>
<allocation-satisfied id="1966" threadId="00000000024EF000" bytesRequested="40" />
<af-end id="1967" timestamp="2019-07-02T20:08:59.421" threadId="00000000024EF988" success="true" from="nursery"/>
<exclusive-end id="1968" timestamp="2019-07-02T20:08:59.421" durationms="5.943" />

<exclusive-start id="1969" timestamp="2019-07-02T20:08:59.431" intervalms="16.294">
  <response-info timems="0.039" idlems="0.022" threads="1" lastid="00000000024EB400" lastname="PmdThread 1" />
</exclusive-start>
<af-start id="1970" threadId="00000000024ED488" totalBytesRequested="56" timestamp="2019-07-02T20:08:59.431" intervalms="16.459" type="nursery" />
<cycle-start id="1971" type="scavenge" contextid="0" timestamp="2019-07-02T20:08:59.432" intervalms="16.548" />
  <attribute name="GC Util" value="27" />
  <attribute name="CPU Util" value="1044089704039" />
  <attribute name="Time Running"value="2392"/>
  <attribute name="Number of cores"value="4"/>
<gc-start id="1972" type="scavenge" contextid="1971" timestamp="2019-07-02T20:08:59.432">
  <mem-info id="1973" free="1337240" total="18939904" percent="7">
    <mem type="nursery" free="0" total="11272192" percent="0">
      <mem type="allocate" free="0" total="8716288" percent="0" />
      <mem type="survivor" free="0" total="2555904" percent="0" />
    </mem>
    <mem type="tenure" free="1337240" total="7667712" percent="17">
      <mem type="soa" free="954264" total="7284736" percent="13" />
      <mem type="loa" free="382976" total="382976" percent="100" />
    </mem>
    <remembered-set count="449" />
  </mem-info>
</gc-start>
<allocation-stats totalBytes="6949792" >
  <allocated-bytes non-tlh="40" tlh="6949752" />
  <largest-consumer threadName="PmdThread 2" threadId="00000000024EF000" bytes="2457416" />
</allocation-stats>
<gc-op id="1974" type="scavenge" timems="2.233" contextid="1971" timestamp="2019-07-02T20:08:59.434">
  <scavenger-info tenureage="3" tenuremask="7ff8" tiltratio="77" />
  <memory-copied type="nursery" objects="45735" bytes="2212856" bytesdiscarded="120544" />
  <memory-copied type="tenure" objects="3241" bytes="173888" bytesdiscarded="0" />
  <references type="weak" candidates="23" cleared="23" enqueued="23" />
  <references type="phantom" candidates="12" cleared="3" enqueued="3" />
</gc-op>
<heap-resize id="1975" type="expand" space="nursery" amount="786432" count="1" timems="0.014" reason="excessive time being spent scavenging" timestamp="2019-07-02T20:08:59.434" />
<gc-end id="1976" type="scavenge" contextid="1971" durationms="2.553" usertimems="0.000" systemtimems="4.000" timestamp="2019-07-02T20:08:59.434" activeThreads="4">
  <mem-info id="1977" free="7884080" total="19726336" percent="39">
    <mem type="nursery" free="6702768" total="12058624" percent="55">
      <mem type="allocate" free="6702768" total="9043968" percent="74" />
      <mem type="survivor" free="0" total="3014656" percent="0" />
    </mem>
    <mem type="tenure" free="1181312" total="7667712" percent="15">
      <mem type="soa" free="798336" total="7284736" percent="10" />
      <mem type="loa" free="382976" total="382976" percent="100" />
    </mem>
    <pending-finalizers system="0" default="0" reference="26" classloader="0" />
    <remembered-set count="258" />
  </mem-info>
</gc-end>
<cycle-end id="1978" type="scavenge" contextid="1971" timestamp="2019-07-02T20:08:59.434">
  <attribute name="GC Util" value="49" />
  <attribute name="CPU Util" value="1107933583672" />
  <attribute name="Time Running"value="2408"/>
  <attribute name="Number of cores"value="4"/>
</cycle-end>
<allocation-satisfied id="1979" threadId="00000000024ECB00" bytesRequested="56" />
<af-end id="1980" timestamp="2019-07-02T20:08:59.435" threadId="00000000024ED488" success="true" from="nursery"/>
<exclusive-end id="1981" timestamp="2019-07-02T20:08:59.435" durationms="3.369" />

<exclusive-start id="1982" timestamp="2019-07-02T20:08:59.444" intervalms="12.436">
  <response-info timems="0.030" idlems="0.030" threads="0" lastid="00000000024EC000" lastname="PmdThread 3" />
</exclusive-start>
<af-start id="1983" threadId="00000000024EC988" totalBytesRequested="16" timestamp="2019-07-02T20:08:59.444" intervalms="12.302" type="nursery" />
<cycle-start id="1984" type="scavenge" contextid="0" timestamp="2019-07-02T20:08:59.444" intervalms="12.248" />
  <attribute name="GC Util" value="49" />
  <attribute name="CPU Util" value="1107933583672" />
  <attribute name="Time Running"value="2408"/>
  <attribute name="Number of cores"value="4"/>
<gc-start id="1985" type="scavenge" contextid="1984" timestamp="2019-07-02T20:08:59.444">
  <mem-info id="1986" free="1181312" total="19726336" percent="5">
    <mem type="nursery" free="0" total="12058624" percent="0">
      <mem type="allocate" free="0" total="9043968" percent="0" />
      <mem type="survivor" free="0" total="3014656" percent="0" />
    </mem>
    <mem type="tenure" free="1181312" total="7667712" percent="15">
      <mem type="soa" free="798336" total="7284736" percent="10" />
      <mem type="loa" free="382976" total="382976" percent="100" />
    </mem>
    <remembered-set count="277" />
  </mem-info>
</gc-start>
<allocation-stats totalBytes="6700256" >
  <allocated-bytes non-tlh="56" tlh="6700200" />
  <largest-consumer threadName="PmdThread 3" threadId="00000000024EC000" bytes="2325040" />
</allocation-stats>
<gc-op id="1987" type="scavenge" timems="4.073" contextid="1984" timestamp="2019-07-02T20:08:59.448">
  <scavenger-info tenureage="3" tenuremask="7ff8" tiltratio="75" />
  <memory-copied type="nursery" objects="69964" bytes="3007024" bytesdiscarded="4928" />
  <memory-copied type="tenure" objects="2775" bytes="263248" bytesdiscarded="176" />
  <copy-failed type="nursery" objects="2166" bytes="241656" />
  <references type="weak" candidates="228" cleared="228" enqueued="228" />
  <references type="phantom" candidates="6" cleared="4" enqueued="4" />
</gc-op>
<heap-resize id="1988" type="expand" space="nursery" amount="1703936" count="1" timems="0.016" reason="excessive time being spent scavenging" timestamp="2019-07-02T20:08:59.448" />
<gc-end id="1989" type="scavenge" contextid="1984" durationms="4.300" usertimems="8.000" systemtimems="0.000" timestamp="2019-07-02T20:08:59.448" activeThreads="4">
  <mem-info id="1990" free="6287672" total="21430272" percent="29">
    <mem type="nursery" free="5439488" total="13762560" percent="39">
      <mem type="allocate" free="5439488" total="8454144" percent="64" />
      <mem type="survivor" free="0" total="5308416" percent="0" />
    </mem>
    <mem type="tenure" free="848184" total="7667712" percent="11">
      <mem type="soa" free="465208" total="7284736" percent="6" />
      <mem type="loa" free="382976" total="382976" percent="100" />
    </mem>
    <pending-finalizers system="0" default="0" reference="232" classloader="0" />
    <remembered-set count="1022" />
  </mem-info>
</gc-end>
<cycle-end id="1991" type="scavenge" contextid="1984" timestamp="2019-07-02T20:08:59.448">
  <attribute name="GC Util" value="44" />
  <attribute name="CPU Util" value="1518686021457" />
  <attribute name="Time Running"value="2420"/>
  <attribute name="Number of cores"value="4"/>
</cycle-end>
<allocation-satisfied id="1992" threadId="00000000024EC000" bytesRequested="16" />
<af-end id="1993" timestamp="2019-07-02T20:08:59.448" threadId="00000000024EC988" success="true" from="nursery"/>
<exclusive-end id="1994" timestamp="2019-07-02T20:08:59.448" durationms="4.715" />

<exclusive-start id="1995" timestamp="2019-07-02T20:08:59.463" intervalms="19.455">
  <response-info timems="0.045" idlems="0.045" threads="0" lastid="00000000024EC000" lastname="PmdThread 3" />
</exclusive-start>
<af-start id="1996" threadId="00000000024EC988" totalBytesRequested="352" timestamp="2019-07-02T20:08:59.463" intervalms="19.434" type="nursery" />
<cycle-start id="1997" type="scavenge" contextid="0" timestamp="2019-07-02T20:08:59.463" intervalms="19.421" />
  <attribute name="GC Util" value="44" />
  <attribute name="CPU Util" value="1518686021457" />
  <attribute name="Time Running"value="2420"/>
  <attribute name="Number of cores"value="4"/>
<gc-start id="1998" type="scavenge" contextid="1997" timestamp="2019-07-02T20:08:59.463">
  <mem-info id="1999" free="848184" total="21430272" percent="3">
    <mem type="nursery" free="0" total="13762560" percent="0">
      <mem type="allocate" free="0" total="8454144" percent="0" />
      <mem type="survivor" free="0" total="5308416" percent="0" />
    </mem>
    <mem type="tenure" free="848184" total="7667712" percent="11">
      <mem type="soa" free="465208" total="7284736" percent="6" />
      <mem type="loa" free="382976" total="382976" percent="100" />
    </mem>
    <remembered-set count="1059" />
  </mem-info>
</gc-start>
<allocation-stats totalBytes="5437504" >
  <allocated-bytes non-tlh="16" tlh="5437488" />
  <largest-consumer threadName="PmdThread 1" threadId="00000000024EB400" bytes="2018960" />
</allocation-stats>
<gc-op id="2000" type="scavenge" timems="4.177" contextid="1997" timestamp="2019-07-02T20:08:59.468">
  <scavenger-info tenureage="2" tenuremask="7ffc" tiltratio="61" />
  <memory-copied type="nursery" objects="58249" bytes="2402688" bytesdiscarded="141448" />
  <memory-copied type="tenure" objects="34114" bytes="1489800" bytesdiscarded="1064" />
  <references type="weak" candidates="136" cleared="136" enqueued="136" />
  <references type="phantom" candidates="3" cleared="2" enqueued="2" />
  <heap-resize type="expand" space="tenure" amount="1048576" count="16" timems="0.170" reason="continue current collection" />
</gc-op>
<heap-resize id="2001" type="expand" space="nursery" amount="1441792" count="1" timems="0.011" reason="excessive time being spent scavenging" timestamp="2019-07-02T20:08:59.468" />
<gc-end id="2002" type="scavenge" contextid="1997" durationms="4.589" usertimems="12.000" systemtimems="0.000" timestamp="2019-07-02T20:08:59.468" activeThreads="4">
  <mem-info id="2003" free="8137432" total="23920640" percent="34">
    <mem type="nursery" free="7678936" total="15204352" percent="50">
      <mem type="allocate" free="7678936" total="10223616" percent="75" />
      <mem type="survivor" free="0" total="4980736" percent="0" />
    </mem>
    <mem type="tenure" free="458496" total="8716288" percent="5">
      <mem type="soa" free="23296" total="8281088" percent="0" />
      <mem type="loa" free="435200" total="435200" percent="100" />
    </mem>
    <pending-finalizers system="0" default="0" reference="138" classloader="0" />
    <remembered-set count="221" />
  </mem-info>
</gc-end>
<cycle-end id="2004" type="scavenge" contextid="1997" timestamp="2019-07-02T20:08:59.468">
  <attribute name="GC Util" value="46" />
  <attribute name="CPU Util" value="950002657834" />
  <attribute name="Time Running"value="2440"/>
  <attribute name="Number of cores"value="4"/>
</cycle-end>
<allocation-satisfied id="2005" threadId="00000000024EC000" bytesRequested="352" />
<af-end id="2006" timestamp="2019-07-02T20:08:59.468" threadId="00000000024EC988" success="true" from="nursery"/>
<exclusive-end id="2007" timestamp="2019-07-02T20:08:59.468" durationms="5.245" />

<concurrent-kickoff id="2008" timestamp="2019-07-02T20:08:59.477">
  <kickoff reason="threshold reached" targetBytes="2569769" thresholdFreeBytes="347153"  remainingFree="240600" tenureFreeBytes="458496" nurseryFreeBytes="240600" />
</concurrent-kickoff>
<exclusive-start id="2009" timestamp="2019-07-02T20:08:59.477" intervalms="13.718">
  <response-info timems="0.078" idlems="0.078" threads="0" lastid="00000000024ECB00" lastname="PmdThread 4" />
</exclusive-start>
<cycle-start id="2010" type="global" contextid="0" timestamp="2019-07-02T20:08:59.477" intervalms="267.059" />
  <attribute name="GC Util" value="46" />
  <attribute name="CPU Util" value="950002657834" />
  <attribute name="Time Running"value="2440"/>
  <attribute name="Number of cores"value="4"/>
<exclusive-end id="2011" timestamp="2019-07-02T20:08:59.477" durationms="0.122" />

<exclusive-start id="2012" timestamp="2019-07-02T20:08:59.478" intervalms="0.823">
  <response-info timems="0.043" idlems="0.043" threads="0" lastid="00000000024EF000" lastname="PmdThread 2" />
</exclusive-start>
<af-start id="2013" threadId="00000000024EF988" totalBytesRequested="40" timestamp="2019-07-02T20:08:59.478" intervalms="14.562" type="nursery" />
<cycle-start id="2014" type="scavenge" contextid="0" timestamp="2019-07-02T20:08:59.478" intervalms="14.573" />
  <attribute name="GC Util" value="46" />
  <attribute name="CPU Util" value="950002657834" />
  <attribute name="Time Running"value="2440"/>
  <attribute name="Number of cores"value="4"/>
<gc-start id="2015" type="scavenge" contextid="2014" timestamp="2019-07-02T20:08:59.478">
  <mem-info id="2016" free="458496" total="23920640" percent="1">
    <mem type="nursery" free="0" total="15204352" percent="0">
      <mem type="allocate" free="0" total="10223616" percent="0" />
      <mem type="survivor" free="0" total="4980736" percent="0" />
    </mem>
    <mem type="tenure" free="458496" total="8716288" percent="5">
      <mem type="soa" free="23296" total="8281088" percent="0" />
      <mem type="loa" free="435200" total="435200" percent="100" />
    </mem>
    <remembered-set count="282" />
  </mem-info>
</gc-start>
<allocation-stats totalBytes="7675552" >
  <allocated-bytes non-tlh="352" tlh="7675200" />
  <largest-consumer threadName="PmdThread 4" threadId="00000000024ECB00" bytes="3112552" />
</allocation-stats>
<gc-op id="2017" type="scavenge" timems="4.008" contextid="2014" timestamp="2019-07-02T20:08:59.482">
  <scavenger-info tenureage="2" tenuremask="7ffc" tiltratio="67" />
  <memory-copied type="nursery" objects="66465" bytes="2617448" bytesdiscarded="201264" />
  <memory-copied type="tenure" objects="27948" bytes="1088840" bytesdiscarded="1160" />
  <references type="weak" candidates="164" cleared="164" enqueued="164" />
  <references type="phantom" candidates="2" cleared="2" enqueued="2" />
  <heap-resize type="expand" space="tenure" amount="1179648" count="18" timems="0.788" reason="continue current collection" />
</gc-op>
<heap-resize id="2018" type="expand" space="nursery" amount="2097152" count="1" timems="0.034" reason="excessive time being spent scavenging" timestamp="2019-07-02T20:08:59.482" />
<gc-end id="2019" type="scavenge" contextid="2014" durationms="4.355" usertimems="8.000" systemtimems="0.000" timestamp="2019-07-02T20:08:59.482" activeThreads="4">
  <mem-info id="2020" free="10192104" total="27197440" percent="37">
    <mem type="nursery" free="9697512" total="17301504" percent="56">
      <mem type="allocate" free="9697512" total="12517376" percent="77" />
      <mem type="survivor" free="0" total="4784128" percent="0" />
    </mem>
    <mem type="tenure" free="494592" total="9895936" percent="4">
      <mem type="soa" free="0" total="9401344" percent="0" />
      <mem type="loa" free="494592" total="494592" percent="100" />
    </mem>
    <pending-finalizers system="0" default="0" reference="166" classloader="0" />
    <remembered-set count="236" />
  </mem-info>
</gc-end>
<cycle-end id="2021" type="scavenge" contextid="2014" timestamp="2019-07-02T20:08:59.482">
  <attribute name="GC Util" value="76" />
  <attribute name="CPU Util" value="1269990585098" />
  <attribute name="Time Running"value="2454"/>
  <attribute name="Number of cores"value="4"/>
</cycle-end>
<allocation-satisfied id="2022" threadId="00000000024EF000" bytesRequested="40" />
<af-end id="2023" timestamp="2019-07-02T20:08:59.483" threadId="00000000024EF988" success="true" from="nursery"/>
<exclusive-end id="2024" timestamp="2019-07-02T20:08:59.483" durationms="5.140" />

<exclusive-start id="2025" timestamp="2019-07-02T20:08:59.499" intervalms="21.708">
  <response-info timems="0.122" idlems="0.122" threads="0" lastid="00000000024EB400" lastname="PmdThread 1" />
</exclusive-start>
<af-start id="2026" threadId="00000000024EBD88" totalBytesRequested="16" timestamp="2019-07-02T20:08:59.500" intervalms="21.760" type="nursery" />
<cycle-start id="2027" type="scavenge" contextid="0" timestamp="2019-07-02T20:08:59.500" intervalms="21.815" />
  <attribute name="GC Util" value="76" />
  <attribute name="CPU Util" value="1269990585098" />
  <attribute name="Time Running"value="2454"/>
  <attribute name="Number of cores"value="4"/>
<gc-start id="2028" type="scavenge" contextid="2027" timestamp="2019-07-02T20:08:59.500">
  <mem-info id="2029" free="494592" total="27197440" percent="1">
    <mem type="nursery" free="0" total="17301504" percent="0">
      <mem type="allocate" free="0" total="12517376" percent="0" />
      <mem type="survivor" free="0" total="4784128" percent="0" />
    </mem>
    <mem type="tenure" free="494592" total="9895936" percent="4">
      <mem type="soa" free="0" total="9401344" percent="0" />
      <mem type="loa" free="494592" total="494592" percent="100" />
    </mem>
    <remembered-set count="1083" />
  </mem-info>
</gc-start>
<allocation-stats totalBytes="9694776" >
  <allocated-bytes non-tlh="40" tlh="9694736" />
  <largest-consumer threadName="PmdThread 4" threadId="00000000024ECB00" bytes="3208816" />
</allocation-stats>
<gc-op id="2030" type="scavenge" timems="5.741" contextid="2027" timestamp="2019-07-02T20:08:59.506">
  <scavenger-info tenureage="2" tenuremask="7ffc" tiltratio="72" />
  <memory-copied type="nursery" objects="59268" bytes="2290912" bytesdiscarded="93768" />
  <memory-copied type="tenure" objects="26749" bytes="1077720" bytesdiscarded="624" />
  <references type="weak" candidates="87" cleared="87" enqueued="87" />
  <references type="phantom" candidates="5" cleared="5" enqueued="5" />
  <heap-resize type="expand" space="tenure" amount="1179648" count="18" timems="0.150" reason="continue current collection" />
</gc-op>
<heap-resize id="2031" type="expand" space="nursery" amount="1835008" count="1" timems="0.020" reason="excessive time being spent scavenging" timestamp="2019-07-02T20:08:59.506" />
<gc-end id="2032" type="scavenge" contextid="2027" durationms="6.082" usertimems="12.000" systemtimems="4.000" timestamp="2019-07-02T20:08:59.506" activeThreads="4">
  <mem-info id="2033" free="12913408" total="30212096" percent="42">
    <mem type="nursery" free="12360448" total="19136512" percent="64">
      <mem type="allocate" free="12360448" total="14745600" percent="83" />
      <mem type="survivor" free="0" total="4390912" percent="0" />
    </mem>
    <mem type="tenure" free="552960" total="11075584" percent="4">
      <mem type="soa" free="0" total="10522624" percent="0" />
      <mem type="loa" free="552960" total="552960" percent="100" />
    </mem>
    <pending-finalizers system="0" default="0" reference="92" classloader="0" />
    <remembered-set count="1611" />
  </mem-info>
</gc-end>
<cycle-end id="2034" type="scavenge" contextid="2027" timestamp="2019-07-02T20:08:59.506">
  <attribute name="GC Util" value="44" />
  <attribute name="CPU Util" value="841306129976" />
  <attribute name="Time Running"value="2476"/>
  <attribute name="Number of cores"value="4"/>
</cycle-end>
<allocation-satisfied id="2035" threadId="00000000024EB400" bytesRequested="16" />
<af-end id="2036" timestamp="2019-07-02T20:08:59.506" threadId="00000000024EBD88" success="true" from="nursery"/>
<exclusive-end id="2037" timestamp="2019-07-02T20:08:59.506" durationms="6.869" />

<exclusive-start id="2038" timestamp="2019-07-02T20:08:59.509" intervalms="9.302">
  <response-info timems="0.053" idlems="0.053" threads="0" lastid="00000000024EC000" lastname="PmdThread 3" />
</exclusive-start>
<concurrent-collection-start id="2039" timestamp="2019-07-02T20:08:59.509" intervalms="292.382" >
  <concurrent-trace-info reason="card cleaning threshold reached" tracedByMutators="2174948" tracedByHelpers="1532476" cardsCleaned="828" workStackOverflowCount="0" />
</concurrent-collection-start>
<gc-start id="2040" type="global" contextid="2010" timestamp="2019-07-02T20:08:59.509">
  <mem-info id="2041" free="12360432" total="30212096" percent="40">
    <mem type="nursery" free="11807472" total="19136512" percent="61">
      <mem type="allocate" free="11807472" total="14745600" percent="80" />
      <mem type="survivor" free="0" total="4390912" percent="0" />
    </mem>
    <mem type="tenure" free="552960" total="11075584" percent="4">
      <mem type="soa" free="0" total="10522624" percent="0" />
      <mem type="loa" free="552960" total="552960" percent="100" />
    </mem>
    <remembered-set count="1619" />
  </mem-info>
</gc-start>
<allocation-stats totalBytes="544848" >
  <allocated-bytes non-tlh="16" tlh="544832" />
  <largest-consumer threadName="PmdThread 3" threadId="00000000024EC000" bytes="208896" />
</allocation-stats>
<gc-op id="2042" type="rs-scan" timems="1.041" contextid="2010" timestamp="2019-07-02T20:08:59.510">
  <scan objectsFound="197" bytesTraced="363108" workStackOverflowCount="0" />
</gc-op>
<gc-op id="2043" type="card-cleaning" timems="1.687" contextid="2010" timestamp="2019-07-02T20:08:59.512">
  <card-cleaning cardsCleaned="247" bytesTraced="2721128" workStackOverflowCount="0" />
</gc-op>
<gc-op id="2044" type="mark" timems="1.533" contextid="2010" timestamp="2019-07-02T20:08:59.513">
  <trace-info objectcount="766" scancount="619" scanbytes="19584" />
  <finalization candidates="57" enqueued="0" />
  <ownableSynchronizers candidates="8" cleared="0" />
  <references type="soft" candidates="241" cleared="0" enqueued="0" dynamicThreshold="12" maxThreshold="32" />
  <references type="weak" candidates="688" cleared="23" enqueued="23" />
  <references type="phantom" candidates="87" cleared="0" enqueued="0" />
  <stringconstants candidates="5011" cleared="0"  />
</gc-op>
<gc-op id="2045" type="sweep" timems="0.866" contextid="2010" timestamp="2019-07-02T20:08:59.514" />
<gc-end id="2046" type="global" contextid="2010" durationms="5.851" usertimems="16.000" systemtimems="0.000" timestamp="2019-07-02T20:08:59.515" activeThreads="4">
  <mem-info id="2047" free="16160368" total="30212096" percent="53">
    <mem type="nursery" free="12404448" total="19136512" percent="64">
      <mem type="allocate" free="12404448" total="14745600" percent="84" />
      <mem type="survivor" free="0" total="4390912" percent="0" />
    </mem>
    <mem type="tenure" free="3755920" total="11075584" percent="33" micro-fragmented="209881" macro-fragmented="0">
      <mem type="soa" free="3202960" total="10522624" percent="30" />
      <mem type="loa" free="552960" total="552960" percent="100" />
    </mem>
    <pending-finalizers system="0" default="0" reference="23" classloader="0" />
    <remembered-set count="1618" />
  </mem-info>
</gc-end>
<cycle-end id="2048" type="global" contextid="2010" timestamp="2019-07-02T20:08:59.515">
  <attribute name="GC Util" value="204" />
  <attribute name="CPU Util" value="10460035922356" />
  <attribute name="Time Running"value="2490"/>
  <attribute name="Number of cores"value="4"/>
</cycle-end>
<concurrent-collection-end id="2049" timestamp="2019-07-02T20:08:59.515" />
<exclusive-end id="2050" timestamp="2019-07-02T20:08:59.515" durationms="6.308" />

<exclusive-start id="2051" timestamp="2019-07-02T20:08:59.540" intervalms="31.733">
  <response-info timems="1.526" idlems="0.771" threads="1" lastid="00000000021E1F00" lastname="JIT Compilation Thread-1" />
</exclusive-start>
<af-start id="2052" threadId="00000000024ED488" totalBytesRequested="16" timestamp="2019-07-02T20:08:59.540" intervalms="40.983" type="nursery" />
<cycle-start id="2053" type="scavenge" contextid="0" timestamp="2019-07-02T20:08:59.541" intervalms="40.924" />
  <attribute name="GC Util" value="204" />
  <attribute name="CPU Util" value="10460035922356" />
  <attribute name="Time Running"value="2490"/>
  <attribute name="Number of cores"value="4"/>
<gc-start id="2054" type="scavenge" contextid="2053" timestamp="2019-07-02T20:08:59.541">
  <mem-info id="2055" free="3748640" total="30212096" percent="12">
    <mem type="nursery" free="0" total="19136512" percent="0">
      <mem type="allocate" free="0" total="14745600" percent="0" />
      <mem type="survivor" free="0" total="4390912" percent="0" />
    </mem>
    <mem type="tenure" free="3748640" total="11075584" percent="33">
      <mem type="soa" free="3195680" total="10522624" percent="30" />
      <mem type="loa" free="552960" total="552960" percent="100" />
    </mem>
    <remembered-set count="2568" />
  </mem-info>
</gc-start>
<allocation-stats totalBytes="12404440" >
  <allocated-bytes non-tlh="4312" tlh="12400128" />
  <largest-consumer threadName="PmdThread 3" threadId="00000000024EC000" bytes="3558064" />
</allocation-stats>
<gc-op id="2056" type="scavenge" timems="2.949" contextid="2053" timestamp="2019-07-02T20:08:59.544">
  <scavenger-info tenureage="2" tenuremask="7ffc" tiltratio="77" />
  <memory-copied type="nursery" objects="52642" bytes="2268792" bytesdiscarded="209552" />
  <memory-copied type="tenure" objects="34876" bytes="1311272" bytesdiscarded="3440" />
  <ownableSynchronizers candidates="16" cleared="16" />
  <references type="weak" candidates="136" cleared="136" enqueued="136" />
  <references type="phantom" candidates="15" cleared="15" enqueued="15" />
</gc-op>
<gc-end id="2057" type="scavenge" contextid="2053" durationms="3.196" usertimems="8.000" systemtimems="0.000" timestamp="2019-07-02T20:08:59.544" activeThreads="4">
  <mem-info id="2058" free="15437992" total="30212096" percent="51">
    <mem type="nursery" free="13051520" total="19136512" percent="68">
      <mem type="allocate" free="13051520" total="15532032" percent="84" />
      <mem type="survivor" free="0" total="3604480" percent="0" />
    </mem>
    <mem type="tenure" free="2386472" total="11075584" percent="21">
      <mem type="soa" free="1833512" total="10522624" percent="17" />
      <mem type="loa" free="552960" total="552960" percent="100" />
    </mem>
    <pending-finalizers system="0" default="0" reference="151" classloader="0" />
    <remembered-set count="2515" />
  </mem-info>
</gc-end>
<cycle-end id="2059" type="scavenge" contextid="2053" timestamp="2019-07-02T20:08:59.544">
  <attribute name="GC Util" value="11" />
  <attribute name="CPU Util" value="680038649911" />
  <attribute name="Time Running"value="2517"/>
  <attribute name="Number of cores"value="4"/>
</cycle-end>
<allocation-satisfied id="2060" threadId="00000000024ECB00" bytesRequested="16" />
<af-end id="2061" timestamp="2019-07-02T20:08:59.544" threadId="00000000024ED488" success="true" from="nursery"/>
<exclusive-end id="2062" timestamp="2019-07-02T20:08:59.544" durationms="3.688" />

<exclusive-start id="2063" timestamp="2019-07-02T20:08:59.569" intervalms="28.181">
  <response-info timems="1.995" idlems="1.008" threads="1" lastid="00000000021E1F00" lastname="JIT Compilation Thread-1" />
</exclusive-start>
<af-start id="2064" threadId="00000000024EC988" totalBytesRequested="40" timestamp="2019-07-02T20:08:59.569" intervalms="28.181" type="nursery" />
<cycle-start id="2065" type="scavenge" contextid="0" timestamp="2019-07-02T20:08:59.569" intervalms="28.180" />
  <attribute name="GC Util" value="11" />
  <attribute name="CPU Util" value="680038649911" />
  <attribute name="Time Running"value="2517"/>
  <attribute name="Number of cores"value="4"/>
<gc-start id="2066" type="scavenge" contextid="2065" timestamp="2019-07-02T20:08:59.569">
  <mem-info id="2067" free="2381416" total="30212096" percent="7">
    <mem type="nursery" free="0" total="19136512" percent="0">
      <mem type="allocate" free="0" total="15532032" percent="0" />
      <mem type="survivor" free="0" total="3604480" percent="0" />
    </mem>
    <mem type="tenure" free="2381416" total="11075584" percent="21">
      <mem type="soa" free="1828456" total="10522624" percent="17" />
      <mem type="loa" free="552960" total="552960" percent="100" />
    </mem>
    <remembered-set count="2616" />
  </mem-info>
</gc-start>
<allocation-stats totalBytes="13050664" >
  <allocated-bytes non-tlh="2872" tlh="13047792" />
  <largest-consumer threadName="PmdThread 4" threadId="00000000024ECB00" bytes="3899064" />
</allocation-stats>
<gc-op id="2068" type="scavenge" timems="3.787" contextid="2065" timestamp="2019-07-02T20:08:59.573">
  <scavenger-info tenureage="2" tenuremask="7ffc" tiltratio="81" />
  <memory-copied type="nursery" objects="61036" bytes="2495808" bytesdiscarded="140360" />
  <memory-copied type="tenure" objects="17086" bytes="609232" bytesdiscarded="1048" />
  <references type="weak" candidates="132" cleared="132" enqueued="132" />
  <references type="phantom" candidates="8" cleared="7" enqueued="7" />
</gc-op>
<heap-resize id="2069" type="expand" space="nursery" amount="1572864" count="1" timems="0.015" reason="excessive time being spent scavenging" timestamp="2019-07-02T20:08:59.573" />
<gc-end id="2070" type="scavenge" contextid="2065" durationms="4.242" usertimems="8.000" systemtimems="0.000" timestamp="2019-07-02T20:08:59.573" activeThreads="4">
  <mem-info id="2071" free="16054904" total="31784960" percent="50">
    <mem type="nursery" free="14270440" total="20709376" percent="68">
      <mem type="allocate" free="14270440" total="16908288" percent="84" />
      <mem type="survivor" free="0" total="3801088" percent="0" />
    </mem>
    <mem type="tenure" free="1784464" total="11075584" percent="16">
      <mem type="soa" free="1231504" total="10522624" percent="11" />
      <mem type="loa" free="552960" total="552960" percent="100" />
    </mem>
    <pending-finalizers system="0" default="0" reference="139" classloader="0" />
    <remembered-set count="363" />
  </mem-info>
</gc-end>
<cycle-end id="2072" type="scavenge" contextid="2065" timestamp="2019-07-02T20:08:59.573">
  <attribute name="GC Util" value="31" />
  <attribute name="CPU Util" value="654824221238" />
  <attribute name="Time Running"value="2545"/>
  <attribute name="Number of cores"value="4"/>
</cycle-end>
<allocation-satisfied id="2073" threadId="00000000024EC000" bytesRequested="40" />
<af-end id="2074" timestamp="2019-07-02T20:08:59.573" threadId="00000000024EC988" success="true" from="nursery"/>
<exclusive-end id="2075" timestamp="2019-07-02T20:08:59.573" durationms="4.750" />

<concurrent-kickoff id="2076" timestamp="2019-07-02T20:08:59.612">
  <kickoff reason="threshold reached" targetBytes="3352003" thresholdFreeBytes="443664"  remainingFree="442344" tenureFreeBytes="1773728" nurseryFreeBytes="442344" />
</concurrent-kickoff>
<exclusive-start id="2077" timestamp="2019-07-02T20:08:59.613" intervalms="44.230">
  <response-info timems="0.800" idlems="0.746" threads="1" lastid="00000000024EB400" lastname="PmdThread 1" />
</exclusive-start>
<cycle-start id="2078" type="global" contextid="0" timestamp="2019-07-02T20:08:59.613" intervalms="135.945" />
  <attribute name="GC Util" value="31" />
  <attribute name="CPU Util" value="654824221238" />
  <attribute name="Time Running"value="2545"/>
  <attribute name="Number of cores"value="4"/>
<exclusive-end id="2079" timestamp="2019-07-02T20:08:59.613" durationms="0.106" />

<exclusive-start id="2080" timestamp="2019-07-02T20:08:59.618" intervalms="4.968">
  <response-info timems="0.344" idlems="0.126" threads="2" lastid="00000000021E1F00" lastname="JIT Compilation Thread-1" />
</exclusive-start>
<af-start id="2081" threadId="00000000024EBD88" totalBytesRequested="16" timestamp="2019-07-02T20:08:59.618" intervalms="49.180" type="nursery" />
<cycle-start id="2082" type="scavenge" contextid="0" timestamp="2019-07-02T20:08:59.618" intervalms="49.169" />
  <attribute name="GC Util" value="31" />
  <attribute name="CPU Util" value="654824221238" />
  <attribute name="Time Running"value="2545"/>
  <attribute name="Number of cores"value="4"/>
<gc-start id="2083" type="scavenge" contextid="2082" timestamp="2019-07-02T20:08:59.618">
  <mem-info id="2084" free="1773288" total="31784960" percent="5">
    <mem type="nursery" free="0" total="20709376" percent="0">
      <mem type="allocate" free="0" total="16908288" percent="0" />
      <mem type="survivor" free="0" total="3801088" percent="0" />
    </mem>
    <mem type="tenure" free="1773288" total="11075584" percent="16">
      <mem type="soa" free="1220328" total="10522624" percent="11" />
      <mem type="loa" free="552960" total="552960" percent="100" />
    </mem>
    <remembered-set count="584" />
  </mem-info>
</gc-start>
<allocation-stats totalBytes="14267368" >
  <allocated-bytes non-tlh="9744" tlh="14257624" />
  <largest-consumer threadName="PmdThread 3" threadId="00000000024EC000" bytes="5508560" />
</allocation-stats>
<gc-op id="2085" type="scavenge" timems="5.066" contextid="2082" timestamp="2019-07-02T20:08:59.623">
  <scavenger-info tenureage="2" tenuremask="7ffc" tiltratio="81" />
  <memory-copied type="nursery" objects="88169" bytes="3711152" bytesdiscarded="88960" />
  <memory-copied type="tenure" objects="25161" bytes="970976" bytesdiscarded="3240" />
  <copy-failed type="nursery" objects="4419" bytes="170328" />
  <references type="weak" candidates="225" cleared="225" enqueued="225" />
  <references type="phantom" candidates="45" cleared="36" enqueued="36" />
</gc-op>
<heap-resize id="2086" type="expand" space="nursery" amount="917504" count="1" timems="0.018" reason="excessive time being spent scavenging" timestamp="2019-07-02T20:08:59.623" />
<gc-end id="2087" type="scavenge" contextid="2082" durationms="5.372" usertimems="12.000" systemtimems="0.000" timestamp="2019-07-02T20:08:59.623" activeThreads="4">
  <mem-info id="2088" free="12639472" total="32702464" percent="38">
    <mem type="nursery" free="11862016" total="21626880" percent="54">
      <mem type="allocate" free="11862016" total="15663104" percent="75" />
      <mem type="survivor" free="0" total="5963776" percent="0" />
    </mem>
    <mem type="tenure" free="777456" total="11075584" percent="7">
      <mem type="soa" free="224496" total="10522624" percent="2" />
      <mem type="loa" free="552960" total="552960" percent="100" />
    </mem>
    <pending-finalizers system="0" default="0" reference="261" classloader="0" />
    <remembered-set count="1421" />
  </mem-info>
</gc-end>
<cycle-end id="2089" type="scavenge" contextid="2082" timestamp="2019-07-02T20:08:59.624">
  <attribute name="GC Util" value="20" />
  <attribute name="CPU Util" value="375479817399" />
  <attribute name="Time Running"value="2595"/>
  <attribute name="Number of cores"value="4"/>
</cycle-end>
<allocation-satisfied id="2090" threadId="00000000024EB400" bytesRequested="16" />
<af-end id="2091" timestamp="2019-07-02T20:08:59.624" threadId="00000000024EBD88" success="true" from="nursery"/>
<exclusive-end id="2092" timestamp="2019-07-02T20:08:59.624" durationms="5.933" />

<exclusive-start id="2093" timestamp="2019-07-02T20:08:59.626" intervalms="7.854">
  <response-info timems="0.159" idlems="0.091" threads="1" lastid="00000000021DE300" lastname="JIT Compilation Thread-0" />
</exclusive-start>
<concurrent-collection-start id="2094" timestamp="2019-07-02T20:08:59.626" intervalms="116.999" >
  <concurrent-trace-info reason="card cleaning threshold reached" tracedByMutators="394772" tracedByHelpers="1344196" cardsCleaned="76" workStackOverflowCount="0" />
</concurrent-collection-start>
<gc-start id="2095" type="global" contextid="2078" timestamp="2019-07-02T20:08:59.626">
  <mem-info id="2096" free="11787312" total="32702464" percent="36">
    <mem type="nursery" free="11010032" total="21626880" percent="50">
      <mem type="allocate" free="11010032" total="15663104" percent="70" />
      <mem type="survivor" free="0" total="5963776" percent="0" />
    </mem>
    <mem type="tenure" free="777280" total="11075584" percent="7">
      <mem type="soa" free="224320" total="10522624" percent="2" />
      <mem type="loa" free="552960" total="552960" percent="100" />
    </mem>
    <remembered-set count="1433" />
  </mem-info>
</gc-start>
<allocation-stats totalBytes="852056" >
  <allocated-bytes non-tlh="192" tlh="851864" />
  <largest-consumer threadName="PmdThread 1" threadId="00000000024EB400" bytes="286728" />
</allocation-stats>
<gc-op id="2097" type="rs-scan" timems="6.622" contextid="2078" timestamp="2019-07-02T20:08:59.632">
  <scan objectsFound="686" bytesTraced="5204172" workStackOverflowCount="0" />
</gc-op>
<gc-op id="2098" type="card-cleaning" timems="0.423" contextid="2078" timestamp="2019-07-02T20:08:59.633">
  <card-cleaning cardsCleaned="6" bytesTraced="8440" workStackOverflowCount="0" />
</gc-op>
<gc-op id="2099" type="mark" timems="1.770" contextid="2078" timestamp="2019-07-02T20:08:59.635">
  <trace-info objectcount="25140" scancount="23184" scanbytes="814960" />
  <finalization candidates="57" enqueued="0" />
  <ownableSynchronizers candidates="8" cleared="0" />
  <references type="soft" candidates="241" cleared="0" enqueued="0" dynamicThreshold="10" maxThreshold="32" />
  <references type="weak" candidates="675" cleared="9" enqueued="9" />
  <references type="phantom" candidates="96" cleared="0" enqueued="0" />
  <stringconstants candidates="5094" cleared="0"  />
</gc-op>
<gc-op id="2100" type="sweep" timems="0.810" contextid="2078" timestamp="2019-07-02T20:08:59.636" />
<gc-end id="2101" type="global" contextid="2078" durationms="10.301" usertimems="16.000" systemtimems="0.000" timestamp="2019-07-02T20:08:59.636" activeThreads="4">
  <mem-info id="2102" free="15893032" total="32702464" percent="48">
    <mem type="nursery" free="11691384" total="21626880" percent="54">
      <mem type="allocate" free="11691384" total="15663104" percent="74" />
      <mem type="survivor" free="0" total="5963776" percent="0" />
    </mem>
    <mem type="tenure" free="4201648" total="11075584" percent="37" micro-fragmented="241621" macro-fragmented="0">
      <mem type="soa" free="3648688" total="10522624" percent="34" />
      <mem type="loa" free="552960" total="552960" percent="100" />
    </mem>
    <pending-finalizers system="0" default="0" reference="9" classloader="0" />
    <remembered-set count="1422" />
  </mem-info>
</gc-end>
<cycle-end id="2103" type="global" contextid="2078" timestamp="2019-07-02T20:08:59.636">
  <attribute name="GC Util" value="186" />
  <attribute name="CPU Util" value="8985442011042" />
  <attribute name="Time Running"value="2612"/>
  <attribute name="Number of cores"value="4"/>
</cycle-end>
<concurrent-collection-end id="2104" timestamp="2019-07-02T20:08:59.636" />
<exclusive-end id="2105" timestamp="2019-07-02T20:08:59.636" durationms="10.688" />

<exclusive-start id="2106" timestamp="2019-07-02T20:08:59.677" intervalms="51.479">
  <response-info timems="0.040" idlems="0.040" threads="0" lastid="00000000024ECB00" lastname="PmdThread 4" />
</exclusive-start>
<af-start id="2107" threadId="00000000024ED488" totalBytesRequested="16" timestamp="2019-07-02T20:08:59.677" intervalms="59.447" type="nursery" />
<cycle-start id="2108" type="scavenge" contextid="0" timestamp="2019-07-02T20:08:59.677" intervalms="59.474" />
  <attribute name="GC Util" value="186" />
  <attribute name="CPU Util" value="8985442011042" />
  <attribute name="Time Running"value="2612"/>
  <attribute name="Number of cores"value="4"/>
<gc-start id="2109" type="scavenge" contextid="2108" timestamp="2019-07-02T20:08:59.678">
  <mem-info id="2110" free="4198256" total="32702464" percent="12">
    <mem type="nursery" free="0" total="21626880" percent="0">
      <mem type="allocate" free="0" total="15663104" percent="0" />
      <mem type="survivor" free="0" total="5963776" percent="0" />
    </mem>
    <mem type="tenure" free="4198256" total="11075584" percent="37">
      <mem type="soa" free="3645296" total="10522624" percent="34" />
      <mem type="loa" free="552960" total="552960" percent="100" />
    </mem>
    <remembered-set count="1529" />
  </mem-info>
</gc-start>
<allocation-stats totalBytes="11683936" >
  <allocated-bytes non-tlh="1968" tlh="11681968" />
  <largest-consumer threadName="PmdThread 3" threadId="00000000024EC000" bytes="3717264" />
</allocation-stats>
<gc-op id="2111" type="scavenge" timems="3.537" contextid="2108" timestamp="2019-07-02T20:08:59.681">
  <scavenger-info tenureage="2" tenuremask="7ffc" tiltratio="72" />
  <memory-copied type="nursery" objects="82312" bytes="3331320" bytesdiscarded="102288" />
  <memory-copied type="tenure" objects="34671" bytes="1425648" bytesdiscarded="4688" />
  <ownableSynchronizers candidates="16" cleared="16" />
  <references type="weak" candidates="227" cleared="227" enqueued="227" />
  <references type="phantom" candidates="19" cleared="11" enqueued="11" />
</gc-op>
<gc-end id="2112" type="scavenge" contextid="2108" durationms="3.799" usertimems="8.000" systemtimems="4.000" timestamp="2019-07-02T20:08:59.681" activeThreads="4">
  <mem-info id="2113" free="15333520" total="32702464" percent="46">
    <mem type="nursery" free="12746984" total="21626880" percent="58">
      <mem type="allocate" free="12746984" total="16187392" percent="78" />
      <mem type="survivor" free="0" total="5439488" percent="0" />
    </mem>
    <mem type="tenure" free="2586536" total="11075584" percent="23">
      <mem type="soa" free="2033576" total="10522624" percent="19" />
      <mem type="loa" free="552960" total="552960" percent="100" />
    </mem>
    <pending-finalizers system="0" default="0" reference="238" classloader="0" />
    <remembered-set count="1833" />
  </mem-info>
</gc-end>
<cycle-end id="2114" type="scavenge" contextid="2108" timestamp="2019-07-02T20:08:59.681">
  <attribute name="GC Util" value="20" />
  <attribute name="CPU Util" value="434134012811" />
  <attribute name="Time Running"value="2654"/>
  <attribute name="Number of cores"value="4"/>
</cycle-end>
<allocation-satisfied id="2115" threadId="00000000024ECB00" bytesRequested="16" />
<af-end id="2116" timestamp="2019-07-02T20:08:59.682" threadId="00000000024ED488" success="true" from="nursery"/>
<exclusive-end id="2117" timestamp="2019-07-02T20:08:59.682" durationms="4.654" />

<exclusive-start id="2118" timestamp="2019-07-02T20:08:59.704" intervalms="27.019">
  <response-info timems="0.220" idlems="0.119" threads="1" lastid="00000000024EF000" lastname="PmdThread 2" />
</exclusive-start>
<af-start id="2119" threadId="00000000024EBD88" totalBytesRequested="72" timestamp="2019-07-02T20:08:59.704" intervalms="26.983" type="nursery" />
<cycle-start id="2120" type="scavenge" contextid="0" timestamp="2019-07-02T20:08:59.704" intervalms="26.975" />
  <attribute name="GC Util" value="20" />
  <attribute name="CPU Util" value="434134012811" />
  <attribute name="Time Running"value="2654"/>
  <attribute name="Number of cores"value="4"/>
<gc-start id="2121" type="scavenge" contextid="2120" timestamp="2019-07-02T20:08:59.704">
  <mem-info id="2122" free="2585528" total="32702464" percent="7">
    <mem type="nursery" free="0" total="21626880" percent="0">
      <mem type="allocate" free="0" total="16187392" percent="0" />
      <mem type="survivor" free="0" total="5439488" percent="0" />
    </mem>
    <mem type="tenure" free="2585528" total="11075584" percent="23">
      <mem type="soa" free="2032568" total="10522624" percent="19" />
      <mem type="loa" free="552960" total="552960" percent="100" />
    </mem>
    <remembered-set count="6201" />
  </mem-info>
</gc-start>
<allocation-stats totalBytes="12745976" >
  <allocated-bytes non-tlh="1024" tlh="12744952" />
  <largest-consumer threadName="PmdThread 3" threadId="00000000024EC000" bytes="5843992" />
</allocation-stats>
<gc-op id="2123" type="scavenge" timems="5.712" contextid="2120" timestamp="2019-07-02T20:08:59.710">
  <scavenger-info tenureage="2" tenuremask="7ffc" tiltratio="74" />
  <memory-copied type="nursery" objects="78005" bytes="3162496" bytesdiscarded="190848" />
  <memory-copied type="tenure" objects="47340" bytes="1825312" bytesdiscarded="864" />
  <references type="weak" candidates="81" cleared="81" enqueued="81" />
  <references type="phantom" candidates="18" cleared="17" enqueued="17" />
</gc-op>
<heap-resize id="2124" type="expand" space="nursery" amount="1966080" count="1" timems="0.016" reason="excessive time being spent scavenging" timestamp="2019-07-02T20:08:59.710" />
<gc-end id="2125" type="scavenge" contextid="2120" durationms="6.043" usertimems="12.000" systemtimems="0.000" timestamp="2019-07-02T20:08:59.710" activeThreads="4">
  <mem-info id="2126" free="15429848" total="34668544" percent="44">
    <mem type="nursery" free="14732456" total="23592960" percent="62">
      <mem type="allocate" free="14732456" total="18087936" percent="81" />
      <mem type="survivor" free="0" total="5505024" percent="0" />
    </mem>
    <mem type="tenure" free="697392" total="11075584" percent="6">
      <mem type="soa" free="144432" total="10522624" percent="1" />
      <mem type="loa" free="552960" total="552960" percent="100" />
    </mem>
    <pending-finalizers system="0" default="0" reference="98" classloader="0" />
    <remembered-set count="5856" />
  </mem-info>
</gc-end>
<cycle-end id="2127" type="scavenge" contextid="2120" timestamp="2019-07-02T20:08:59.711">
  <attribute name="GC Util" value="40" />
  <attribute name="CPU Util" value="684490661365" />
  <attribute name="Time Running"value="2681"/>
  <attribute name="Number of cores"value="4"/>
</cycle-end>
<allocation-satisfied id="2128" threadId="00000000024EB400" bytesRequested="72" />
<af-end id="2129" timestamp="2019-07-02T20:08:59.711" threadId="00000000024EBD88" success="true" from="nursery"/>
<exclusive-end id="2130" timestamp="2019-07-02T20:08:59.711" durationms="6.734" />

<concurrent-kickoff id="2131" timestamp="2019-07-02T20:08:59.729">
  <kickoff reason="threshold reached" targetBytes="3002040" thresholdFreeBytes="402491"  remainingFree="355496" tenureFreeBytes="696184" nurseryFreeBytes="355496" />
</concurrent-kickoff>
<exclusive-start id="2132" timestamp="2019-07-02T20:08:59.729" intervalms="24.681">
  <response-info timems="0.056" idlems="0.056" threads="0" lastid="00000000024ECB00" lastname="PmdThread 4" />
</exclusive-start>
<cycle-start id="2133" type="global" contextid="0" timestamp="2019-07-02T20:08:59.729" intervalms="116.022" />
  <attribute name="GC Util" value="40" />
  <attribute name="CPU Util" value="684490661365" />
  <attribute name="Time Running"value="2681"/>
  <attribute name="Number of cores"value="4"/>
<exclusive-end id="2134" timestamp="2019-07-02T20:08:59.729" durationms="0.116" />

<exclusive-start id="2135" timestamp="2019-07-02T20:08:59.733" intervalms="4.656">
  <response-info timems="0.075" idlems="0.075" threads="0" lastid="00000000024ECB00" lastname="PmdThread 4" />
</exclusive-start>
<concurrent-collection-start id="2136" timestamp="2019-07-02T20:08:59.734" intervalms="107.862" >
  <concurrent-trace-info reason="card cleaning threshold reached" tracedByMutators="841356" tracedByHelpers="911584" cardsCleaned="103" workStackOverflowCount="0" />
</concurrent-collection-start>
<gc-start id="2137" type="global" contextid="2133" timestamp="2019-07-02T20:08:59.734">
  <mem-info id="2138" free="776560" total="34668544" percent="2">
    <mem type="nursery" free="81064" total="23592960" percent="0">
      <mem type="allocate" free="81064" total="18087936" percent="0" />
      <mem type="survivor" free="0" total="5505024" percent="0" />
    </mem>
    <mem type="tenure" free="695496" total="11075584" percent="6">
      <mem type="soa" free="142536" total="10522624" percent="1" />
      <mem type="loa" free="552960" total="552960" percent="100" />
    </mem>
    <remembered-set count="7221" />
  </mem-info>
</gc-start>
<allocation-stats totalBytes="14649728" >
  <allocated-bytes non-tlh="1968" tlh="14647760" />
  <largest-consumer threadName="PmdThread 3" threadId="00000000024EC000" bytes="5294616" />
</allocation-stats>
<gc-op id="2139" type="rs-scan" timems="8.681" contextid="2133" timestamp="2019-07-02T20:08:59.743">
  <scan objectsFound="815" bytesTraced="6883804" workStackOverflowCount="0" />
</gc-op>
<gc-op id="2140" type="card-cleaning" timems="0.211" contextid="2133" timestamp="2019-07-02T20:08:59.743">
  <card-cleaning cardsCleaned="30" bytesTraced="66780" workStackOverflowCount="0" />
</gc-op>
<gc-op id="2141" type="mark" timems="1.797" contextid="2133" timestamp="2019-07-02T20:08:59.745">
  <trace-info objectcount="51238" scancount="48295" scanbytes="1747040" />
  <finalization candidates="57" enqueued="0" />
  <ownableSynchronizers candidates="8" cleared="0" />
  <references type="soft" candidates="241" cleared="0" enqueued="0" dynamicThreshold="12" maxThreshold="32" />
  <references type="weak" candidates="716" cleared="51" enqueued="51" />
  <references type="phantom" candidates="101" cleared="7" enqueued="7" />
  <stringconstants candidates="5114" cleared="0"  />
</gc-op>
<gc-op id="2142" type="sweep" timems="0.707" contextid="2133" timestamp="2019-07-02T20:08:59.746" />
<heap-resize id="2143" type="expand" space="tenure" amount="2031616" count="1" timems="0.023" reason="insufficient free space following gc" timestamp="2019-07-02T20:08:59.746" />
<gc-end id="2144" type="global" contextid="2133" durationms="12.206" usertimems="12.000" systemtimems="0.000" timestamp="2019-07-02T20:08:59.746" activeThreads="4">
  <mem-info id="2145" free="14894064" total="36700160" percent="40">
    <mem type="nursery" free="10923288" total="23592960" percent="46">
      <mem type="allocate" free="10923288" total="18087936" percent="60" />
      <mem type="survivor" free="0" total="5505024" percent="0" />
    </mem>
    <mem type="tenure" free="3970776" total="13107200" percent="30" micro-fragmented="210589" macro-fragmented="0">
      <mem type="soa" free="3315416" total="12451840" percent="26" />
      <mem type="loa" free="655360" total="655360" percent="100" />
    </mem>
    <pending-finalizers system="0" default="0" reference="58" classloader="0" />
    <remembered-set count="7211" />
  </mem-info>
</gc-end>
<cycle-end id="2146" type="global" contextid="2133" timestamp="2019-07-02T20:08:59.746">
  <attribute name="GC Util" value="181" />
  <attribute name="CPU Util" value="9699368531162" />
  <attribute name="Time Running"value="2721"/>
  <attribute name="Number of cores"value="4"/>
</cycle-end>
<concurrent-collection-end id="2147" timestamp="2019-07-02T20:08:59.746" />
<exclusive-end id="2148" timestamp="2019-07-02T20:08:59.746" durationms="12.876" />

<exclusive-start id="2149" timestamp="2019-07-02T20:08:59.763" intervalms="29.649">
  <response-info timems="0.051" idlems="0.051" threads="0" lastid="00000000024EB400" lastname="PmdThread 1" />
</exclusive-start>
<af-start id="2150" threadId="00000000024EBD88" totalBytesRequested="16" timestamp="2019-07-02T20:08:59.763" intervalms="58.915" type="nursery" />
<cycle-start id="2151" type="scavenge" contextid="0" timestamp="2019-07-02T20:08:59.763" intervalms="58.974" />
  <attribute name="GC Util" value="181" />
  <attribute name="CPU Util" value="9699368531162" />
  <attribute name="Time Running"value="2721"/>
  <attribute name="Number of cores"value="4"/>
<gc-start id="2152" type="scavenge" contextid="2151" timestamp="2019-07-02T20:08:59.764">
  <mem-info id="2153" free="3968440" total="36700160" percent="10">
    <mem type="nursery" free="0" total="23592960" percent="0">
      <mem type="allocate" free="0" total="18087936" percent="0" />
      <mem type="survivor" free="0" total="5505024" percent="0" />
    </mem>
    <mem type="tenure" free="3968440" total="13107200" percent="30">
      <mem type="soa" free="3313080" total="12451840" percent="26" />
      <mem type="loa" free="655360" total="655360" percent="100" />
    </mem>
    <remembered-set count="8300" />
  </mem-info>
</gc-start>
<allocation-stats totalBytes="10794744" >
  <allocated-bytes non-tlh="370968" tlh="10423776" />
  <largest-consumer threadName="PmdThread 3" threadId="00000000024EC000" bytes="3769872" />
</allocation-stats>
<gc-op id="2154" type="scavenge" timems="5.763" contextid="2151" timestamp="2019-07-02T20:08:59.769">
  <scavenger-info tenureage="2" tenuremask="7ffc" tiltratio="76" />
  <memory-copied type="nursery" objects="86423" bytes="3423208" bytesdiscarded="180288" />
  <memory-copied type="tenure" objects="28203" bytes="1072256" bytesdiscarded="2360" />
  <ownableSynchronizers candidates="16" cleared="16" />
  <references type="weak" candidates="70" cleared="69" enqueued="69" />
  <references type="phantom" candidates="4" cleared="3" enqueued="3" />
</gc-op>
<gc-end id="2155" type="scavenge" contextid="2151" durationms="5.970" usertimems="12.000" systemtimems="0.000" timestamp="2019-07-02T20:08:59.770" activeThreads="4">
  <mem-info id="2156" free="17910016" total="36700160" percent="48">
    <mem type="nursery" free="15119176" total="23592960" percent="64">
      <mem type="allocate" free="15119176" total="18743296" percent="80" />
      <mem type="survivor" free="0" total="4849664" percent="0" />
    </mem>
    <mem type="tenure" free="2790840" total="13107200" percent="21">
      <mem type="soa" free="2135480" total="12451840" percent="17" />
      <mem type="loa" free="655360" total="655360" percent="100" />
    </mem>
    <pending-finalizers system="0" default="0" reference="72" classloader="0" />
    <remembered-set count="8911" />
  </mem-info>
</gc-end>
<cycle-end id="2157" type="scavenge" contextid="2151" timestamp="2019-07-02T20:08:59.770">
  <attribute name="GC Util" value="15" />
  <attribute name="CPU Util" value="979599442867" />
  <attribute name="Time Running"value="2740"/>
  <attribute name="Number of cores"value="4"/>
</cycle-end>
<allocation-satisfied id="2158" threadId="00000000024EB400" bytesRequested="16" />
<af-end id="2159" timestamp="2019-07-02T20:08:59.770" threadId="00000000024EBD88" success="true" from="nursery"/>
<exclusive-end id="2160" timestamp="2019-07-02T20:08:59.770" durationms="6.781" />

<concurrent-kickoff id="2161" timestamp="2019-07-02T20:08:59.792">
  <kickoff reason="threshold reached" targetBytes="3310125" thresholdFreeBytes="442907"  remainingFree="439112" tenureFreeBytes="2790176" nurseryFreeBytes="439112" />
</concurrent-kickoff>
<exclusive-start id="2162" timestamp="2019-07-02T20:08:59.792" intervalms="28.994">
  <response-info timems="0.055" idlems="0.032" threads="1" lastid="00000000024EC000" lastname="PmdThread 3" />
</exclusive-start>
<cycle-start id="2163" type="global" contextid="0" timestamp="2019-07-02T20:08:59.792" intervalms="63.273" />
  <attribute name="GC Util" value="15" />
  <attribute name="CPU Util" value="979599442867" />
  <attribute name="Time Running"value="2740"/>
  <attribute name="Number of cores"value="4"/>
<exclusive-end id="2164" timestamp="2019-07-02T20:08:59.792" durationms="0.092" />

<exclusive-start id="2165" timestamp="2019-07-02T20:08:59.793" intervalms="0.852">
  <response-info timems="0.050" idlems="0.050" threads="0" lastid="00000000024EF000" lastname="PmdThread 2" />
</exclusive-start>
<af-start id="2166" threadId="00000000024EF988" totalBytesRequested="32" timestamp="2019-07-02T20:08:59.793" intervalms="29.846" type="nursery" />
<cycle-start id="2167" type="scavenge" contextid="0" timestamp="2019-07-02T20:08:59.793" intervalms="29.766" />
  <attribute name="GC Util" value="15" />
  <attribute name="CPU Util" value="979599442867" />
  <attribute name="Time Running"value="2740"/>
  <attribute name="Number of cores"value="4"/>
<gc-start id="2168" type="scavenge" contextid="2167" timestamp="2019-07-02T20:08:59.793">
  <mem-info id="2169" free="2789984" total="36700160" percent="7">
    <mem type="nursery" free="0" total="23592960" percent="0">
      <mem type="allocate" free="0" total="18743296" percent="0" />
      <mem type="survivor" free="0" total="4849664" percent="0" />
    </mem>
    <mem type="tenure" free="2789984" total="13107200" percent="21">
      <mem type="soa" free="2134624" total="12451840" percent="17" />
      <mem type="loa" free="655360" total="655360" percent="100" />
    </mem>
    <remembered-set count="11113" />
  </mem-info>
</gc-start>
<allocation-stats totalBytes="15101392" >
  <allocated-bytes non-tlh="872" tlh="15100520" />
  <largest-consumer threadName="PmdThread 3" threadId="00000000024EC000" bytes="4801512" />
</allocation-stats>
<gc-op id="2170" type="scavenge" timems="4.593" contextid="2167" timestamp="2019-07-02T20:08:59.798">
  <scavenger-info tenureage="2" tenuremask="7ffc" tiltratio="79" />
  <memory-copied type="nursery" objects="54310" bytes="2403368" bytesdiscarded="142328" />
  <memory-copied type="tenure" objects="38830" bytes="1380704" bytesdiscarded="936" />
  <references type="weak" candidates="104" cleared="104" enqueued="104" />
  <references type="phantom" candidates="14" cleared="13" enqueued="13" />
</gc-op>
<heap-resize id="2171" type="expand" space="nursery" amount="1966080" count="1" timems="0.034" reason="excessive time being spent scavenging" timestamp="2019-07-02T20:08:59.798" />
<gc-end id="2172" type="scavenge" contextid="2167" durationms="4.964" usertimems="12.000" systemtimems="0.000" timestamp="2019-07-02T20:08:59.798" activeThreads="4">
  <mem-info id="2173" free="19303736" total="38666240" percent="49">
    <mem type="nursery" free="17956488" total="25559040" percent="70">
      <mem type="allocate" free="17956488" total="20512768" percent="87" />
      <mem type="survivor" free="0" total="5046272" percent="0" />
    </mem>
    <mem type="tenure" free="1347248" total="13107200" percent="10">
      <mem type="soa" free="691888" total="12451840" percent="5" />
      <mem type="loa" free="655360" total="655360" percent="100" />
    </mem>
    <pending-finalizers system="0" default="0" reference="117" classloader="0" />
    <remembered-set count="6024" />
  </mem-info>
</gc-end>
<cycle-end id="2174" type="scavenge" contextid="2167" timestamp="2019-07-02T20:08:59.798">
  <attribute name="GC Util" value="47" />
  <attribute name="CPU Util" value="624274036593" />
  <attribute name="Time Running"value="2770"/>
  <attribute name="Number of cores"value="4"/>
</cycle-end>
<allocation-satisfied id="2175" threadId="00000000024EF000" bytesRequested="32" />
<af-end id="2176" timestamp="2019-07-02T20:08:59.799" threadId="00000000024EF988" success="true" from="nursery"/>
<exclusive-end id="2177" timestamp="2019-07-02T20:08:59.799" durationms="6.523" />

<exclusive-start id="2178" timestamp="2019-07-02T20:08:59.808" intervalms="15.314">
  <response-info timems="0.058" idlems="0.058" threads="0" lastid="00000000024EF000" lastname="PmdThread 2" />
</exclusive-start>
<concurrent-collection-start id="2179" timestamp="2019-07-02T20:08:59.808" intervalms="74.820" >
  <concurrent-trace-info reason="card cleaning threshold reached" tracedByMutators="4610000" tracedByHelpers="3769716" cardsCleaned="940" workStackOverflowCount="0" />
</concurrent-collection-start>
<gc-start id="2180" type="global" contextid="2163" timestamp="2019-07-02T20:08:59.808">
  <mem-info id="2181" free="18136344" total="38666240" percent="46">
    <mem type="nursery" free="16789096" total="25559040" percent="65">
      <mem type="allocate" free="16789096" total="20512768" percent="81" />
      <mem type="survivor" free="0" total="5046272" percent="0" />
    </mem>
    <mem type="tenure" free="1347248" total="13107200" percent="10">
      <mem type="soa" free="691888" total="12451840" percent="5" />
      <mem type="loa" free="655360" total="655360" percent="100" />
    </mem>
    <remembered-set count="6277" />
  </mem-info>
</gc-start>
<allocation-stats totalBytes="1163656" >
  <allocated-bytes non-tlh="32" tlh="1163624" />
  <largest-consumer threadName="PmdThread 1" threadId="00000000024EB400" bytes="368624" />
</allocation-stats>
<gc-op id="2182" type="rs-scan" timems="1.038" contextid="2163" timestamp="2019-07-02T20:08:59.810">
  <scan objectsFound="5106" bytesTraced="810292" workStackOverflowCount="0" />
</gc-op>
<gc-op id="2183" type="card-cleaning" timems="0.459" contextid="2163" timestamp="2019-07-02T20:08:59.810">
  <card-cleaning cardsCleaned="61" bytesTraced="58024" workStackOverflowCount="0" />
</gc-op>
<gc-op id="2184" type="mark" timems="2.011" contextid="2163" timestamp="2019-07-02T20:08:59.812">
  <trace-info objectcount="13924" scancount="12813" scanbytes="450596" />
  <finalization candidates="57" enqueued="0" />
  <ownableSynchronizers candidates="8" cleared="0" />
  <references type="soft" candidates="241" cleared="0" enqueued="0" dynamicThreshold="9" maxThreshold="32" />
  <references type="weak" candidates="670" cleared="5" enqueued="5" />
  <references type="phantom" candidates="97" cleared="3" enqueued="3" />
  <stringconstants candidates="5130" cleared="0"  />
</gc-op>
<gc-op id="2185" type="sweep" timems="0.940" contextid="2163" timestamp="2019-07-02T20:08:59.813" />
<heap-resize id="2186" type="expand" space="tenure" amount="2162688" count="1" timems="0.017" reason="insufficient free space following gc" timestamp="2019-07-02T20:08:59.813" />
<gc-end id="2187" type="global" contextid="2163" durationms="4.956" usertimems="12.000" systemtimems="0.000" timestamp="2019-07-02T20:08:59.813" activeThreads="4">
  <mem-info id="2188" free="23225408" total="40828928" percent="56">
    <mem type="nursery" free="18622856" total="25559040" percent="72">
      <mem type="allocate" free="18622856" total="20512768" percent="90" />
      <mem type="survivor" free="0" total="5046272" percent="0" />
    </mem>
    <mem type="tenure" free="4602552" total="15269888" percent="30" micro-fragmented="401813" macro-fragmented="0">
      <mem type="soa" free="3839672" total="14507008" percent="26" />
      <mem type="loa" free="762880" total="762880" percent="100" />
    </mem>
    <pending-finalizers system="0" default="0" reference="8" classloader="0" />
    <remembered-set count="5193" />
  </mem-info>
</gc-end>
<cycle-end id="2189" type="global" contextid="2163" timestamp="2019-07-02T20:08:59.814">
  <attribute name="GC Util" value="197" />
  <attribute name="CPU Util" value="8809808761170" />
  <attribute name="Time Running"value="2789"/>
  <attribute name="Number of cores"value="4"/>
</cycle-end>
<concurrent-collection-end id="2190" timestamp="2019-07-02T20:08:59.814" />
<exclusive-end id="2191" timestamp="2019-07-02T20:08:59.814" durationms="5.354" />

<exclusive-start id="2192" timestamp="2019-07-02T20:08:59.844" intervalms="35.384">
  <response-info timems="0.039" idlems="0.039" threads="0" lastid="00000000024EF000" lastname="PmdThread 2" />
</exclusive-start>
<af-start id="2193" threadId="00000000024EF988" totalBytesRequested="32" timestamp="2019-07-02T20:08:59.844" intervalms="50.715" type="nursery" />
<cycle-start id="2194" type="scavenge" contextid="0" timestamp="2019-07-02T20:08:59.844" intervalms="50.742" />
  <attribute name="GC Util" value="197" />
  <attribute name="CPU Util" value="8809808761170" />
  <attribute name="Time Running"value="2789"/>
  <attribute name="Number of cores"value="4"/>
<gc-start id="2195" type="scavenge" contextid="2194" timestamp="2019-07-02T20:08:59.844">
  <mem-info id="2196" free="4597672" total="40828928" percent="11">
    <mem type="nursery" free="0" total="25559040" percent="0">
      <mem type="allocate" free="0" total="20512768" percent="0" />
      <mem type="survivor" free="0" total="5046272" percent="0" />
    </mem>
    <mem type="tenure" free="4597672" total="15269888" percent="30">
      <mem type="soa" free="3834792" total="14507008" percent="26" />
      <mem type="loa" free="762880" total="762880" percent="100" />
    </mem>
    <remembered-set count="6142" />
  </mem-info>
</gc-start>
<allocation-stats totalBytes="18598192" >
  <allocated-bytes non-tlh="545176" tlh="18053016" />
  <largest-consumer threadName="PmdThread 1" threadId="00000000024EB400" bytes="7270232" />
</allocation-stats>
<gc-op id="2197" type="scavenge" timems="3.025" contextid="2194" timestamp="2019-07-02T20:08:59.847">
  <scavenger-info tenureage="2" tenuremask="7ffc" tiltratio="80" />
  <memory-copied type="nursery" objects="39924" bytes="1861056" bytesdiscarded="130688" />
  <memory-copied type="tenure" objects="7752" bytes="227480" bytesdiscarded="136" />
  <ownableSynchronizers candidates="16" cleared="16" />
  <references type="weak" candidates="327" cleared="327" enqueued="327" />
  <references type="phantom" candidates="16" cleared="16" enqueued="16" />
</gc-op>
<gc-end id="2198" type="scavenge" contextid="2194" durationms="3.245" usertimems="8.000" systemtimems="0.000" timestamp="2019-07-02T20:08:59.847" activeThreads="4">
  <mem-info id="2199" free="23417744" total="40828928" percent="57">
    <mem type="nursery" free="19300776" total="25559040" percent="75">
      <mem type="allocate" free="19300776" total="21299200" percent="90" />
      <mem type="survivor" free="0" total="4259840" percent="0" />
    </mem>
    <mem type="tenure" free="4116968" total="15269888" percent="26">
      <mem type="soa" free="3354088" total="14507008" percent="23" />
      <mem type="loa" free="762880" total="762880" percent="100" />
    </mem>
    <pending-finalizers system="0" default="0" reference="343" classloader="0" />
    <remembered-set count="2859" />
  </mem-info>
</gc-end>
<cycle-end id="2200" type="scavenge" contextid="2194" timestamp="2019-07-02T20:08:59.847">
  <attribute name="GC Util" value="10" />
  <attribute name="CPU Util" value="581829510585" />
  <attribute name="Time Running"value="2820"/>
  <attribute name="Number of cores"value="4"/>
</cycle-end>
<allocation-satisfied id="2201" threadId="00000000024EF000" bytesRequested="32" />
<af-end id="2202" timestamp="2019-07-02T20:08:59.847" threadId="00000000024EF988" success="true" from="nursery"/>
<exclusive-end id="2203" timestamp="2019-07-02T20:08:59.847" durationms="3.764" />

<exclusive-start id="2204" timestamp="2019-07-02T20:08:59.876" intervalms="32.155">
  <response-info timems="0.048" idlems="0.048" threads="0" lastid="00000000024EF000" lastname="PmdThread 2" />
</exclusive-start>
<af-start id="2205" threadId="00000000024EF988" totalBytesRequested="16392" timestamp="2019-07-02T20:08:59.876" intervalms="32.158" type="nursery" />
<cycle-start id="2206" type="scavenge" contextid="0" timestamp="2019-07-02T20:08:59.876" intervalms="32.155" />
  <attribute name="GC Util" value="10" />
  <attribute name="CPU Util" value="581829510585" />
  <attribute name="Time Running"value="2820"/>
  <attribute name="Number of cores"value="4"/>
<gc-start id="2207" type="scavenge" contextid="2206" timestamp="2019-07-02T20:08:59.876">
  <mem-info id="2208" free="4115520" total="40828928" percent="10">
    <mem type="nursery" free="0" total="25559040" percent="0">
      <mem type="allocate" free="0" total="21299200" percent="0" />
      <mem type="survivor" free="0" total="4259840" percent="0" />
    </mem>
    <mem type="tenure" free="4115520" total="15269888" percent="26">
      <mem type="soa" free="3352640" total="14507008" percent="23" />
      <mem type="loa" free="762880" total="762880" percent="100" />
    </mem>
    <remembered-set count="4225" />
  </mem-info>
</gc-start>
<allocation-stats totalBytes="19279312" >
  <allocated-bytes non-tlh="1480" tlh="19277832" />
  <largest-consumer threadName="PmdThread 1" threadId="00000000024EB400" bytes="6131024" />
</allocation-stats>
<gc-op id="2209" type="scavenge" timems="2.171" contextid="2206" timestamp="2019-07-02T20:08:59.878">
  <scavenger-info tenureage="3" tenuremask="7ff8" tiltratio="83" />
  <memory-copied type="nursery" objects="24506" bytes="1221880" bytesdiscarded="74304" />
  <references type="weak" candidates="527" cleared="527" enqueued="527" />
  <references type="phantom" candidates="20" cleared="19" enqueued="19" />
</gc-op>
<heap-resize id="2210" type="expand" space="nursery" amount="1048576" count="1" timems="0.016" reason="excessive time being spent scavenging" timestamp="2019-07-02T20:08:59.878" />
<gc-end id="2211" type="scavenge" contextid="2206" durationms="2.411" usertimems="8.000" systemtimems="0.000" timestamp="2019-07-02T20:08:59.878" activeThreads="4">
  <mem-info id="2212" free="25425232" total="41877504" percent="60">
    <mem type="nursery" free="21309712" total="26607616" percent="80">
      <mem type="allocate" free="21309712" total="22609920" percent="94" />
      <mem type="survivor" free="0" total="3997696" percent="0" />
    </mem>
    <mem type="tenure" free="4115520" total="15269888" percent="26">
      <mem type="soa" free="3352640" total="14507008" percent="23" />
      <mem type="loa" free="762880" total="762880" percent="100" />
    </mem>
    <pending-finalizers system="0" default="0" reference="546" classloader="0" />
    <remembered-set count="2913" />
  </mem-info>
</gc-end>
<cycle-end id="2213" type="scavenge" contextid="2206" timestamp="2019-07-02T20:08:59.879">
  <attribute name="GC Util" value="23" />
  <attribute name="CPU Util" value="574217677758" />
  <attribute name="Time Running"value="2853"/>
  <attribute name="Number of cores"value="4"/>
</cycle-end>
<allocation-satisfied id="2214" threadId="00000000024EF000" bytesRequested="16392" />
<af-end id="2215" timestamp="2019-07-02T20:08:59.879" threadId="00000000024EF988" success="true" from="nursery"/>
<exclusive-end id="2216" timestamp="2019-07-02T20:08:59.879" durationms="3.009" />

<exclusive-start id="2217" timestamp="2019-07-02T20:08:59.922" intervalms="46.339">
  <response-info timems="0.034" idlems="0.034" threads="0" lastid="00000000024EC000" lastname="PmdThread 3" />
</exclusive-start>
<af-start id="2218" threadId="00000000024EC988" totalBytesRequested="56" timestamp="2019-07-02T20:08:59.922" intervalms="46.332" type="nursery" />
<cycle-start id="2219" type="scavenge" contextid="0" timestamp="2019-07-02T20:08:59.922" intervalms="46.336" />
  <attribute name="GC Util" value="23" />
  <attribute name="CPU Util" value="574217677758" />
  <attribute name="Time Running"value="2853"/>
  <attribute name="Number of cores"value="4"/>
<gc-start id="2220" type="scavenge" contextid="2219" timestamp="2019-07-02T20:08:59.922">
  <mem-info id="2221" free="4109272" total="41877504" percent="9">
    <mem type="nursery" free="0" total="26607616" percent="0">
      <mem type="allocate" free="0" total="22609920" percent="0" />
      <mem type="survivor" free="0" total="3997696" percent="0" />
    </mem>
    <mem type="tenure" free="4109272" total="15269888" percent="26">
      <mem type="soa" free="3346392" total="14507008" percent="23" />
      <mem type="loa" free="762880" total="762880" percent="100" />
    </mem>
    <remembered-set count="4636" />
  </mem-info>
</gc-start>
<allocation-stats totalBytes="21301520" >
  <allocated-bytes non-tlh="22640" tlh="21278880" />
  <largest-consumer threadName="PmdThread 3" threadId="00000000024EC000" bytes="6418432" />
</allocation-stats>
<gc-op id="2222" type="scavenge" timems="3.058" contextid="2219" timestamp="2019-07-02T20:08:59.926">
  <scavenger-info tenureage="4" tenuremask="7ff0" tiltratio="84" />
  <memory-copied type="nursery" objects="35163" bytes="1801360" bytesdiscarded="93024" />
  <references type="weak" candidates="632" cleared="631" enqueued="630" />
  <references type="phantom" candidates="45" cleared="40" enqueued="40" />
</gc-op>
<gc-end id="2223" type="scavenge" contextid="2219" durationms="3.391" usertimems="8.000" systemtimems="0.000" timestamp="2019-07-02T20:08:59.926" activeThreads="4">
  <mem-info id="2224" free="25276216" total="41877504" percent="60">
    <mem type="nursery" free="21166944" total="26607616" percent="79">
      <mem type="allocate" free="21166944" total="23068672" percent="91" />
      <mem type="survivor" free="0" total="3538944" percent="0" />
    </mem>
    <mem type="tenure" free="4109272" total="15269888" percent="26">
      <mem type="soa" free="3346392" total="14507008" percent="23" />
      <mem type="loa" free="762880" total="762880" percent="100" />
    </mem>
    <pending-finalizers system="0" default="0" reference="670" classloader="0" />
    <remembered-set count="3084" />
  </mem-info>
</gc-end>
<cycle-end id="2225" type="scavenge" contextid="2219" timestamp="2019-07-02T20:08:59.926">
  <attribute name="GC Util" value="10" />
  <attribute name="CPU Util" value="398299839428" />
  <attribute name="Time Running"value="2899"/>
  <attribute name="Number of cores"value="4"/>
</cycle-end>
<allocation-satisfied id="2226" threadId="00000000024EC000" bytesRequested="56" />
<af-end id="2227" timestamp="2019-07-02T20:08:59.926" threadId="00000000024EC988" success="true" from="nursery"/>
<exclusive-end id="2228" timestamp="2019-07-02T20:08:59.926" durationms="3.888" />

<exclusive-start id="2229" timestamp="2019-07-02T20:08:59.947" intervalms="24.771">
  <response-info timems="0.034" idlems="0.034" threads="0" lastid="00000000024EF000" lastname="PmdThread 2" />
</exclusive-start>
<af-start id="2230" threadId="00000000024EF988" totalBytesRequested="40" timestamp="2019-07-02T20:08:59.947" intervalms="24.765" type="nursery" />
<cycle-start id="2231" type="scavenge" contextid="0" timestamp="2019-07-02T20:08:59.947" intervalms="24.758" />
  <attribute name="GC Util" value="10" />
  <attribute name="CPU Util" value="398299839428" />
  <attribute name="Time Running"value="2899"/>
  <attribute name="Number of cores"value="4"/>
<gc-start id="2232" type="scavenge" contextid="2231" timestamp="2019-07-02T20:08:59.947">
  <mem-info id="2233" free="4109272" total="41877504" percent="9">
    <mem type="nursery" free="0" total="26607616" percent="0">
      <mem type="allocate" free="0" total="23068672" percent="0" />
      <mem type="survivor" free="0" total="3538944" percent="0" />
    </mem>
    <mem type="tenure" free="4109272" total="15269888" percent="26">
      <mem type="soa" free="3346392" total="14507008" percent="23" />
      <mem type="loa" free="762880" total="762880" percent="100" />
    </mem>
    <remembered-set count="4732" />
  </mem-info>
</gc-start>
<allocation-stats totalBytes="21140136" >
  <allocated-bytes non-tlh="56" tlh="21140080" />
  <largest-consumer threadName="PmdThread 2" threadId="00000000024EF000" bytes="7306032" />
</allocation-stats>
<gc-op id="2234" type="scavenge" timems="5.948" contextid="2231" timestamp="2019-07-02T20:08:59.953">
  <scavenger-info tenureage="5" tenuremask="7fe0" tiltratio="86" />
  <memory-copied type="nursery" objects="87283" bytes="3535672" bytesdiscarded="1320" />
  <memory-copied type="tenure" objects="16903" bytes="824368" bytesdiscarded="272" />
  <copy-failed type="nursery" objects="16904" bytes="826632" />
  <references type="weak" candidates="193" cleared="193" enqueued="193" />
  <references type="phantom" candidates="9" cleared="0" enqueued="0" />
</gc-op>
<heap-resize id="2235" type="expand" space="nursery" amount="3145728" count="1" timems="0.024" reason="excessive time being spent scavenging" timestamp="2019-07-02T20:08:59.953" />
<gc-end id="2236" type="scavenge" contextid="2231" durationms="6.295" usertimems="16.000" systemtimems="0.000" timestamp="2019-07-02T20:08:59.953" activeThreads="4">
  <mem-info id="2237" free="21177320" total="45023232" percent="47">
    <mem type="nursery" free="17760256" total="29753344" percent="59">
      <mem type="allocate" free="17760256" total="21299200" percent="83" />
      <mem type="survivor" free="0" total="8454144" percent="0" />
    </mem>
    <mem type="tenure" free="3417064" total="15269888" percent="22">
      <mem type="soa" free="2654184" total="14507008" percent="18" />
      <mem type="loa" free="762880" total="762880" percent="100" />
    </mem>
    <pending-finalizers system="0" default="0" reference="193" classloader="0" />
    <remembered-set count="3072" />
  </mem-info>
</gc-end>
<cycle-end id="2238" type="scavenge" contextid="2231" timestamp="2019-07-02T20:08:59.954">
  <attribute name="GC Util" value="27" />
  <attribute name="CPU Util" value="743565743004" />
  <attribute name="Time Running"value="2924"/>
  <attribute name="Number of cores"value="4"/>
</cycle-end>
<allocation-satisfied id="2239" threadId="00000000024EF000" bytesRequested="40" />
<af-end id="2240" timestamp="2019-07-02T20:08:59.954" threadId="00000000024EF988" success="true" from="nursery"/>
<exclusive-end id="2241" timestamp="2019-07-02T20:08:59.954" durationms="6.781" />

<exclusive-start id="2242" timestamp="2019-07-02T20:08:59.977" intervalms="29.595">
  <response-info timems="0.075" idlems="0.075" threads="0" lastid="00000000024EC000" lastname="PmdThread 3" />
</exclusive-start>
<af-start id="2243" threadId="00000000024EC988" totalBytesRequested="488" timestamp="2019-07-02T20:08:59.977" intervalms="29.622" type="nursery" />
<cycle-start id="2244" type="scavenge" contextid="0" timestamp="2019-07-02T20:08:59.977" intervalms="29.618" />
  <attribute name="GC Util" value="27" />
  <attribute name="CPU Util" value="743565743004" />
  <attribute name="Time Running"value="2924"/>
  <attribute name="Number of cores"value="4"/>
<gc-start id="2245" type="scavenge" contextid="2244" timestamp="2019-07-02T20:08:59.977">
  <mem-info id="2246" free="3416648" total="45023232" percent="7">
    <mem type="nursery" free="0" total="29753344" percent="0">
      <mem type="allocate" free="0" total="21299200" percent="0" />
      <mem type="survivor" free="0" total="8454144" percent="0" />
    </mem>
    <mem type="tenure" free="3416648" total="15269888" percent="22">
      <mem type="soa" free="2653768" total="14507008" percent="18" />
      <mem type="loa" free="762880" total="762880" percent="100" />
    </mem>
    <remembered-set count="4229" />
  </mem-info>
</gc-start>
<allocation-stats totalBytes="17745512" >
  <allocated-bytes non-tlh="456" tlh="17745056" />
  <largest-consumer threadName="PmdThread 2" threadId="00000000024EF000" bytes="7961104" />
</allocation-stats>
<gc-op id="2247" type="scavenge" timems="4.376" contextid="2244" timestamp="2019-07-02T20:08:59.981">
  <scavenger-info tenureage="5" tenuremask="7fe0" tiltratio="71" />
  <memory-copied type="nursery" objects="111833" bytes="4505200" bytesdiscarded="43360" />
  <memory-copied type="tenure" objects="1543" bytes="39032" bytesdiscarded="0" />
  <references type="weak" candidates="519" cleared="517" enqueued="517" />
  <references type="phantom" candidates="15" cleared="7" enqueued="7" />
</gc-op>
<heap-resize id="2248" type="expand" space="nursery" amount="1966080" count="1" timems="0.016" reason="excessive time being spent scavenging" timestamp="2019-07-02T20:08:59.982" />
<gc-end id="2249" type="scavenge" contextid="2244" durationms="4.860" usertimems="16.000" systemtimems="0.000" timestamp="2019-07-02T20:08:59.982" activeThreads="4">
  <mem-info id="2250" free="24584024" total="46989312" percent="52">
    <mem type="nursery" free="21206544" total="31719424" percent="66">
      <mem type="allocate" free="21206544" total="25755648" percent="82" />
      <mem type="survivor" free="0" total="5963776" percent="0" />
    </mem>
    <mem type="tenure" free="3377480" total="15269888" percent="22">
      <mem type="soa" free="2614600" total="14507008" percent="18" />
      <mem type="loa" free="762880" total="762880" percent="100" />
    </mem>
    <pending-finalizers system="0" default="0" reference="524" classloader="0" />
    <remembered-set count="2073" />
  </mem-info>
</gc-end>
<cycle-end id="2251" type="scavenge" contextid="2244" timestamp="2019-07-02T20:08:59.982">
  <attribute name="GC Util" value="48" />
  <attribute name="CPU Util" value="623567242278" />
  <attribute name="Time Running"value="2953"/>
  <attribute name="Number of cores"value="4"/>
</cycle-end>
<allocation-satisfied id="2252" threadId="00000000024EC000" bytesRequested="488" />
<af-end id="2253" timestamp="2019-07-02T20:08:59.982" threadId="00000000024EC988" success="true" from="nursery"/>
<exclusive-end id="2254" timestamp="2019-07-02T20:08:59.982" durationms="5.644" />

<exclusive-start id="2255" timestamp="2019-07-02T20:09:00.019" intervalms="42.962">
  <response-info timems="0.041" idlems="0.041" threads="0" lastid="00000000024EF000" lastname="PmdThread 2" />
</exclusive-start>
<af-start id="2256" threadId="00000000024EF988" totalBytesRequested="72" timestamp="2019-07-02T20:09:00.020" intervalms="42.944" type="nursery" />
<cycle-start id="2257" type="scavenge" contextid="0" timestamp="2019-07-02T20:09:00.020" intervalms="42.953" />
  <attribute name="GC Util" value="48" />
  <attribute name="CPU Util" value="623567242278" />
  <attribute name="Time Running"value="2953"/>
  <attribute name="Number of cores"value="4"/>
<gc-start id="2258" type="scavenge" contextid="2257" timestamp="2019-07-02T20:09:00.020">
  <mem-info id="2259" free="3376136" total="46989312" percent="7">
    <mem type="nursery" free="0" total="31719424" percent="0">
      <mem type="allocate" free="0" total="25755648" percent="0" />
      <mem type="survivor" free="0" total="5963776" percent="0" />
    </mem>
    <mem type="tenure" free="3376136" total="15269888" percent="22">
      <mem type="soa" free="2613256" total="14507008" percent="18" />
      <mem type="loa" free="762880" total="762880" percent="100" />
    </mem>
    <remembered-set count="3138" />
  </mem-info>
</gc-start>
<allocation-stats totalBytes="21191544" >
  <allocated-bytes non-tlh="1832" tlh="21189712" />
  <largest-consumer threadName="PmdThread 2" threadId="00000000024EF000" bytes="9665000" />
</allocation-stats>
<gc-op id="2260" type="scavenge" timems="5.121" contextid="2257" timestamp="2019-07-02T20:09:00.025">
  <scavenger-info tenureage="5" tenuremask="7fe0" tiltratio="81" />
  <memory-copied type="nursery" objects="117196" bytes="4744384" bytesdiscarded="123880" />
  <memory-copied type="tenure" objects="806" bytes="25992" bytesdiscarded="0" />
  <references type="weak" candidates="491" cleared="491" enqueued="491" />
  <references type="phantom" candidates="17" cleared="9" enqueued="9" />
</gc-op>
<heap-resize id="2261" type="expand" space="nursery" amount="1703936" count="1" timems="0.025" reason="excessive time being spent scavenging" timestamp="2019-07-02T20:09:00.025" />
<gc-end id="2262" type="scavenge" contextid="2257" durationms="5.536" usertimems="16.000" systemtimems="0.000" timestamp="2019-07-02T20:09:00.025" activeThreads="4">
  <mem-info id="2263" free="26129144" total="48693248" percent="53">
    <mem type="nursery" free="22753008" total="33423360" percent="68">
      <mem type="allocate" free="22753008" total="27656192" percent="82" />
      <mem type="survivor" free="0" total="5767168" percent="0" />
    </mem>
    <mem type="tenure" free="3376136" total="15269888" percent="22">
      <mem type="soa" free="2613256" total="14507008" percent="18" />
      <mem type="loa" free="762880" total="762880" percent="100" />
    </mem>
    <pending-finalizers system="0" default="0" reference="500" classloader="0" />
    <remembered-set count="1922" />
  </mem-info>
</gc-end>
<cycle-end id="2264" type="scavenge" contextid="2257" timestamp="2019-07-02T20:09:00.025">
  <attribute name="GC Util" value="28" />
  <attribute name="CPU Util" value="429477399461" />
  <attribute name="Time Running"value="2996"/>
  <attribute name="Number of cores"value="4"/>
</cycle-end>
<allocation-satisfied id="2265" threadId="00000000024EF000" bytesRequested="72" />
<af-end id="2266" timestamp="2019-07-02T20:09:00.026" threadId="00000000024EF988" success="true" from="nursery"/>
<exclusive-end id="2267" timestamp="2019-07-02T20:09:00.026" durationms="6.203" />

<exclusive-start id="2268" timestamp="2019-07-02T20:09:00.073" intervalms="53.912">
  <response-info timems="0.117" idlems="0.074" threads="1" lastid="00000000024ECB00" lastname="PmdThread 4" />
</exclusive-start>
<af-start id="2269" threadId="00000000024EF988" totalBytesRequested="24" timestamp="2019-07-02T20:09:00.074" intervalms="53.924" type="nursery" />
<cycle-start id="2270" type="scavenge" contextid="0" timestamp="2019-07-02T20:09:00.074" intervalms="53.919" />
  <attribute name="GC Util" value="28" />
  <attribute name="CPU Util" value="429477399461" />
  <attribute name="Time Running"value="2996"/>
  <attribute name="Number of cores"value="4"/>
<gc-start id="2271" type="scavenge" contextid="2270" timestamp="2019-07-02T20:09:00.074">
  <mem-info id="2272" free="3373248" total="48693248" percent="6">
    <mem type="nursery" free="0" total="33423360" percent="0">
      <mem type="allocate" free="0" total="27656192" percent="0" />
      <mem type="survivor" free="0" total="5767168" percent="0" />
    </mem>
    <mem type="tenure" free="3373248" total="15269888" percent="22">
      <mem type="soa" free="2610368" total="14507008" percent="17" />
      <mem type="loa" free="762880" total="762880" percent="100" />
    </mem>
    <remembered-set count="2964" />
  </mem-info>
</gc-start>
<allocation-stats totalBytes="22741912" >
  <allocated-bytes non-tlh="2960" tlh="22738952" />
  <largest-consumer threadName="PmdThread 2" threadId="00000000024EF000" bytes="7682976" />
</allocation-stats>
<gc-op id="2273" type="scavenge" timems="7.183" contextid="2270" timestamp="2019-07-02T20:09:00.081">
  <scavenger-info tenureage="3" tenuremask="7fe8" tiltratio="82" />
  <memory-copied type="nursery" objects="47587" bytes="2097696" bytesdiscarded="84136" />
  <memory-copied type="tenure" objects="73047" bytes="2838280" bytesdiscarded="920" />
  <references type="weak" candidates="549" cleared="548" enqueued="548" />
  <references type="phantom" candidates="31" cleared="26" enqueued="26" />
  <heap-resize type="expand" space="tenure" amount="262144" count="4" timems="0.039" reason="continue current collection" />
</gc-op>
<heap-resize id="2274" type="expand" space="nursery" amount="1966080" count="1" timems="0.011" reason="excessive time being spent scavenging" timestamp="2019-07-02T20:09:00.081" />
<gc-end id="2275" type="scavenge" contextid="2270" durationms="7.499" usertimems="12.000" systemtimems="4.000" timestamp="2019-07-02T20:09:00.081" activeThreads="4">
  <mem-info id="2276" free="28300792" total="50921472" percent="55">
    <mem type="nursery" free="27501304" total="35389440" percent="77">
      <mem type="allocate" free="27501304" total="29687808" percent="92" />
      <mem type="survivor" free="0" total="5701632" percent="0" />
    </mem>
    <mem type="tenure" free="799488" total="15532032" percent="5">
      <mem type="soa" free="23296" total="14755840" percent="0" />
      <mem type="loa" free="776192" total="776192" percent="100" />
    </mem>
    <pending-finalizers system="0" default="0" reference="574" classloader="0" />
    <remembered-set count="15980" />
  </mem-info>
</gc-end>
<cycle-end id="2277" type="scavenge" contextid="2270" timestamp="2019-07-02T20:09:00.081">
  <attribute name="GC Util" value="24" />
  <attribute name="CPU Util" value="341979680082" />
  <attribute name="Time Running"value="3050"/>
  <attribute name="Number of cores"value="4"/>
</cycle-end>
<allocation-satisfied id="2278" threadId="00000000024EF000" bytesRequested="24" />
<af-end id="2279" timestamp="2019-07-02T20:09:00.081" threadId="00000000024EF988" success="true" from="nursery"/>
<exclusive-end id="2280" timestamp="2019-07-02T20:09:00.081" durationms="8.074" />

<concurrent-kickoff id="2281" timestamp="2019-07-02T20:09:00.123">
  <kickoff reason="threshold reached" targetBytes="4999349" thresholdFreeBytes="671042"  remainingFree="566008" tenureFreeBytes="794000" nurseryFreeBytes="566008" />
</concurrent-kickoff>
<exclusive-start id="2282" timestamp="2019-07-02T20:09:00.123" intervalms="49.422">
  <response-info timems="0.091" idlems="0.053" threads="1" lastid="00000000024EC000" lastname="PmdThread 3" />
</exclusive-start>
<cycle-start id="2283" type="global" contextid="0" timestamp="2019-07-02T20:09:00.123" intervalms="330.708" />
  <attribute name="GC Util" value="24" />
  <attribute name="CPU Util" value="341979680082" />
  <attribute name="Time Running"value="3050"/>
  <attribute name="Number of cores"value="4"/>
<exclusive-end id="2284" timestamp="2019-07-02T20:09:00.123" durationms="0.103" />

<exclusive-start id="2285" timestamp="2019-07-02T20:09:00.128" intervalms="5.169">
  <response-info timems="0.050" idlems="0.050" threads="0" lastid="00000000024EC000" lastname="PmdThread 3" />
</exclusive-start>
<af-start id="2286" threadId="00000000024EC988" totalBytesRequested="40" timestamp="2019-07-02T20:09:00.128" intervalms="54.584" type="nursery" />
<cycle-start id="2287" type="scavenge" contextid="0" timestamp="2019-07-02T20:09:00.128" intervalms="54.562" />
  <attribute name="GC Util" value="24" />
  <attribute name="CPU Util" value="341979680082" />
  <attribute name="Time Running"value="3050"/>
  <attribute name="Number of cores"value="4"/>
<gc-start id="2288" type="scavenge" contextid="2287" timestamp="2019-07-02T20:09:00.128">
  <mem-info id="2289" free="794000" total="50921472" percent="1">
    <mem type="nursery" free="0" total="35389440" percent="0">
      <mem type="allocate" free="0" total="29687808" percent="0" />
      <mem type="survivor" free="0" total="5701632" percent="0" />
    </mem>
    <mem type="tenure" free="794000" total="15532032" percent="5">
      <mem type="soa" free="17808" total="14755840" percent="0" />
      <mem type="loa" free="776192" total="776192" percent="100" />
    </mem>
    <remembered-set count="19102" />
  </mem-info>
</gc-start>
<allocation-stats totalBytes="27490472" >
  <allocated-bytes non-tlh="5512" tlh="27484960" />
  <largest-consumer threadName="PmdThread 4" threadId="00000000024ECB00" bytes="8004368" />
</allocation-stats>
<gc-op id="2290" type="scavenge" timems="2.598" contextid="2287" timestamp="2019-07-02T20:09:00.131">
  <scavenger-info tenureage="3" tenuremask="7fc8" tiltratio="83" />
  <memory-copied type="nursery" objects="35993" bytes="1962216" bytesdiscarded="297640" />
  <memory-copied type="tenure" objects="26895" bytes="958248" bytesdiscarded="296" />
  <references type="weak" candidates="486" cleared="486" enqueued="483" />
  <references type="phantom" candidates="41" cleared="36" enqueued="36" />
  <heap-resize type="expand" space="tenure" amount="1048576" count="8" timems="0.287" reason="continue current collection" />
</gc-op>
<gc-end id="2291" type="scavenge" contextid="2287" durationms="2.909" usertimems="12.000" systemtimems="0.000" timestamp="2019-07-02T20:09:00.131" activeThreads="4">
  <mem-info id="2292" free="29169792" total="51970048" percent="56">
    <mem type="nursery" free="28341376" total="35389440" percent="80">
      <mem type="allocate" free="28341376" total="30605312" percent="92" />
      <mem type="survivor" free="0" total="4784128" percent="0" />
    </mem>
    <mem type="tenure" free="828416" total="16580608" percent="4">
      <mem type="soa" free="0" total="15752192" percent="0" />
      <mem type="loa" free="828416" total="828416" percent="100" />
    </mem>
    <pending-finalizers system="0" default="0" reference="519" classloader="0" />
    <remembered-set count="13373" />
  </mem-info>
</gc-end>
<cycle-end id="2293" type="scavenge" contextid="2287" timestamp="2019-07-02T20:09:00.131">
  <attribute name="GC Util" value="31" />
  <attribute name="CPU Util" value="336984023781" />
  <attribute name="Time Running"value="3105"/>
  <attribute name="Number of cores"value="4"/>
</cycle-end>
<allocation-satisfied id="2294" threadId="00000000024EC000" bytesRequested="40" />
<af-end id="2295" timestamp="2019-07-02T20:09:00.131" threadId="00000000024EC988" success="true" from="nursery"/>
<exclusive-end id="2296" timestamp="2019-07-02T20:09:00.132" durationms="3.587" />

<exclusive-start id="2297" timestamp="2019-07-02T20:09:00.134" intervalms="5.700">
  <response-info timems="0.032" idlems="0.032" threads="0" lastid="00000000024ECB00" lastname="PmdThread 4" />
</exclusive-start>
<af-start id="2298" threadId="00000000024ED488" totalBytesRequested="88" timestamp="2019-07-02T20:09:00.134" intervalms="5.668" type="tenure" />
<gc-start id="2299" type="global" contextid="2283" timestamp="2019-07-02T20:09:00.134">
  <mem-info id="2300" free="26859608" total="51970048" percent="51">
    <mem type="nursery" free="26031192" total="35389440" percent="73">
      <mem type="allocate" free="26031192" total="30605312" percent="85" />
      <mem type="survivor" free="0" total="4784128" percent="0" />
    </mem>
    <mem type="tenure" free="828416" total="16580608" percent="4">
      <mem type="soa" free="0" total="15752192" percent="0" />
      <mem type="loa" free="828416" total="828416" percent="100" />
    </mem>
    <remembered-set count="13378" />
  </mem-info>
</gc-start>
<allocation-stats totalBytes="2302776" >
  <allocated-bytes non-tlh="40" tlh="2302736" />
  <largest-consumer threadName="PmdThread 4" threadId="00000000024ECB00" bytes="832520" />
</allocation-stats>
<concurrent-halted id="2301" timestamp="2019-07-02T20:09:00.134">
  <halted state="Class scanning incomplete" status="clean trace" />
  <traced bytesTarget="5311325" bytesTotal="4091600" bytesByMutator="1485716" bytesByHelper="2605884" percent="77" />
  <cards cleaned="0" thresholdBytes="264349" />
</concurrent-halted>
<gc-op id="2302" type="tracing" timems="2.262" contextid="2283" timestamp="2019-07-02T20:09:00.136">
  <trace bytesTraced="3709044" workStackOverflowCount="0" />
</gc-op>
<gc-op id="2303" type="rs-scan" timems="0.823" contextid="2283" timestamp="2019-07-02T20:09:00.137">
  <scan objectsFound="246" bytesTraced="209784" workStackOverflowCount="0" />
</gc-op>
<gc-op id="2304" type="card-cleaning" timems="1.749" contextid="2283" timestamp="2019-07-02T20:09:00.139">
  <card-cleaning cardsCleaned="1489" bytesTraced="1584240" workStackOverflowCount="0" />
</gc-op>
<gc-op id="2305" type="mark" timems="2.339" contextid="2283" timestamp="2019-07-02T20:09:00.141">
  <trace-info objectcount="19774" scancount="18116" scanbytes="637188" />
  <finalization candidates="57" enqueued="0" />
  <ownableSynchronizers candidates="8" cleared="0" />
  <references type="soft" candidates="241" cleared="0" enqueued="0" dynamicThreshold="9" maxThreshold="32" />
  <references type="weak" candidates="969" cleared="303" enqueued="303" />
  <references type="phantom" candidates="103" cleared="4" enqueued="4" />
  <stringconstants candidates="5239" cleared="0"  />
</gc-op>
<gc-op id="2306" type="sweep" timems="0.912" contextid="2283" timestamp="2019-07-02T20:09:00.143" />
<gc-end id="2307" type="global" contextid="2283" durationms="8.956" usertimems="20.000" systemtimems="0.000" timestamp="2019-07-02T20:09:00.143" activeThreads="4">
  <mem-info id="2308" free="33936048" total="51970048" percent="65">
    <mem type="nursery" free="28547320" total="35389440" percent="80">
      <mem type="allocate" free="28547320" total="30605312" percent="93" />
      <mem type="survivor" free="0" total="4784128" percent="0" />
    </mem>
    <mem type="tenure" free="5388728" total="16580608" percent="32" micro-fragmented="586235" macro-fragmented="0">
      <mem type="soa" free="4560312" total="15752192" percent="28" />
      <mem type="loa" free="828416" total="828416" percent="100" />
    </mem>
    <pending-finalizers system="0" default="0" reference="307" classloader="0" />
    <remembered-set count="590" />
  </mem-info>
</gc-end>
<cycle-end id="2309" type="global" contextid="2283" timestamp="2019-07-02T20:09:00.143">
  <attribute name="GC Util" value="159" />
  <attribute name="CPU Util" value="7040776930239" />
  <attribute name="Time Running"value="3118"/>
  <attribute name="Number of cores"value="4"/>
</cycle-end>
<allocation-satisfied id="2310" threadId="00000000024ECB00" bytesRequested="88" />
<af-end id="2311" timestamp="2019-07-02T20:09:00.143" threadId="00000000024ED488" success="true" from="tenure-soa"/>
<exclusive-end id="2312" timestamp="2019-07-02T20:09:00.143" durationms="9.702" />

<exclusive-start id="2313" timestamp="2019-07-02T20:09:00.193" intervalms="59.341">
  <response-info timems="0.038" idlems="0.038" threads="0" lastid="00000000024EC000" lastname="PmdThread 3" />
</exclusive-start>
<af-start id="2314" threadId="00000000024EC988" totalBytesRequested="32" timestamp="2019-07-02T20:09:00.193" intervalms="59.346" type="nursery" />
<cycle-start id="2315" type="scavenge" contextid="0" timestamp="2019-07-02T20:09:00.193" intervalms="65.067" />
  <attribute name="GC Util" value="159" />
  <attribute name="CPU Util" value="7040776930239" />
  <attribute name="Time Running"value="3118"/>
  <attribute name="Number of cores"value="4"/>
<gc-start id="2316" type="scavenge" contextid="2315" timestamp="2019-07-02T20:09:00.193">
  <mem-info id="2317" free="5378832" total="51970048" percent="10">
    <mem type="nursery" free="0" total="35389440" percent="0">
      <mem type="allocate" free="0" total="30605312" percent="0" />
      <mem type="survivor" free="0" total="4784128" percent="0" />
    </mem>
    <mem type="tenure" free="5378832" total="16580608" percent="32">
      <mem type="soa" free="4550416" total="15752192" percent="28" />
      <mem type="loa" free="828416" total="828416" percent="100" />
    </mem>
    <remembered-set count="4099" />
  </mem-info>
</gc-start>
<allocation-stats totalBytes="28505320" >
  <allocated-bytes non-tlh="121384" tlh="28383936" />
  <largest-consumer threadName="PmdThread 1" threadId="00000000024EB400" bytes="9602632" />
</allocation-stats>
<gc-op id="2318" type="scavenge" timems="2.391" contextid="2315" timestamp="2019-07-02T20:09:00.196">
  <scavenger-info tenureage="7" tenuremask="7f80" tiltratio="86" />
  <memory-copied type="nursery" objects="24282" bytes="1395160" bytesdiscarded="190576" />
  <ownableSynchronizers candidates="16" cleared="16" />
  <references type="weak" candidates="553" cleared="553" enqueued="550" />
  <references type="phantom" candidates="41" cleared="37" enqueued="37" />
</gc-op>
<gc-end id="2319" type="scavenge" contextid="2315" durationms="2.782" usertimems="4.000" systemtimems="0.000" timestamp="2019-07-02T20:09:00.196" activeThreads="4">
  <mem-info id="2320" free="34919896" total="51970048" percent="67">
    <mem type="nursery" free="29541064" total="35389440" percent="83">
      <mem type="allocate" free="29541064" total="31129600" percent="94" />
      <mem type="survivor" free="0" total="4259840" percent="0" />
    </mem>
    <mem type="tenure" free="5378832" total="16580608" percent="32">
      <mem type="soa" free="4550416" total="15752192" percent="28" />
      <mem type="loa" free="828416" total="828416" percent="100" />
    </mem>
    <pending-finalizers system="0" default="0" reference="587" classloader="0" />
    <remembered-set count="963" />
  </mem-info>
</gc-end>
<cycle-end id="2321" type="scavenge" contextid="2315" timestamp="2019-07-02T20:09:00.196">
  <attribute name="GC Util" value="6" />
  <attribute name="CPU Util" value="356823802862" />
  <attribute name="Time Running"value="3170"/>
  <attribute name="Number of cores"value="4"/>
</cycle-end>
<allocation-satisfied id="2322" threadId="00000000024EC000" bytesRequested="32" />
<af-end id="2323" timestamp="2019-07-02T20:09:00.196" threadId="00000000024EC988" success="true" from="nursery"/>
<exclusive-end id="2324" timestamp="2019-07-02T20:09:00.196" durationms="3.287" />

<exclusive-start id="2325" timestamp="2019-07-02T20:09:00.262" intervalms="69.221">
  <response-info timems="0.144" idlems="0.064" threads="2" lastid="00000000024EB400" lastname="PmdThread 1" />
</exclusive-start>
<af-start id="2326" threadId="00000000024EC988" totalBytesRequested="16392" timestamp="2019-07-02T20:09:00.262" intervalms="69.231" type="nursery" />
<cycle-start id="2327" type="scavenge" contextid="0" timestamp="2019-07-02T20:09:00.262" intervalms="69.207" />
  <attribute name="GC Util" value="6" />
  <attribute name="CPU Util" value="356823802862" />
  <attribute name="Time Running"value="3170"/>
  <attribute name="Number of cores"value="4"/>
<gc-start id="2328" type="scavenge" contextid="2327" timestamp="2019-07-02T20:09:00.262">
  <mem-info id="2329" free="5368096" total="51970048" percent="10">
    <mem type="nursery" free="0" total="35389440" percent="0">
      <mem type="allocate" free="0" total="31129600" percent="0" />
      <mem type="survivor" free="0" total="4259840" percent="0" />
    </mem>
    <mem type="tenure" free="5368096" total="16580608" percent="32">
      <mem type="soa" free="4539680" total="15752192" percent="28" />
      <mem type="loa" free="828416" total="828416" percent="100" />
    </mem>
    <remembered-set count="1180" />
  </mem-info>
</gc-start>
<allocation-stats totalBytes="29532560" >
  <allocated-bytes non-tlh="6488" tlh="29526072" />
  <largest-consumer threadName="PmdThread 4" threadId="00000000024ECB00" bytes="9523176" />
</allocation-stats>
<gc-op id="2330" type="scavenge" timems="2.212" contextid="2327" timestamp="2019-07-02T20:09:00.265">
  <scavenger-info tenureage="8" tenuremask="7f00" tiltratio="87" />
  <memory-copied type="nursery" objects="16449" bytes="1193240" bytesdiscarded="105864" />
  <references type="weak" candidates="287" cleared="287" enqueued="283" />
  <references type="phantom" candidates="45" cleared="39" enqueued="39" />
</gc-op>
<gc-end id="2331" type="scavenge" contextid="2327" durationms="2.519" usertimems="4.000" systemtimems="0.000" timestamp="2019-07-02T20:09:00.265" activeThreads="4">
  <mem-info id="2332" free="35720104" total="51970048" percent="68">
    <mem type="nursery" free="30352008" total="35389440" percent="85">
      <mem type="allocate" free="30352008" total="31653888" percent="95" />
      <mem type="survivor" free="0" total="3735552" percent="0" />
    </mem>
    <mem type="tenure" free="5368096" total="16580608" percent="32">
      <mem type="soa" free="4539680" total="15752192" percent="28" />
      <mem type="loa" free="828416" total="828416" percent="100" />
    </mem>
    <pending-finalizers system="0" default="0" reference="322" classloader="0" />
    <remembered-set count="1073" />
  </mem-info>
</gc-end>
<cycle-end id="2333" type="scavenge" contextid="2327" timestamp="2019-07-02T20:09:00.265">
  <attribute name="GC Util" value="7" />
  <attribute name="CPU Util" value="266886703760" />
  <attribute name="Time Running"value="3239"/>
  <attribute name="Number of cores"value="4"/>
</cycle-end>
<allocation-satisfied id="2334" threadId="00000000024EC000" bytesRequested="16392" />
<af-end id="2335" timestamp="2019-07-02T20:09:00.265" threadId="00000000024EC988" success="true" from="nursery"/>
<exclusive-end id="2336" timestamp="2019-07-02T20:09:00.265" durationms="3.035" />

<exclusive-start id="2337" timestamp="2019-07-02T20:09:00.302" intervalms="39.691">
  <response-info timems="0.040" idlems="0.037" threads="1" lastid="00000000024EB400" lastname="PmdThread 1" />
</exclusive-start>
<af-start id="2338" threadId="00000000024EF988" totalBytesRequested="16" timestamp="2019-07-02T20:09:00.302" intervalms="39.691" type="nursery" />
<cycle-start id="2339" type="scavenge" contextid="0" timestamp="2019-07-02T20:09:00.302" intervalms="39.678" />
  <attribute name="GC Util" value="7" />
  <attribute name="CPU Util" value="266886703760" />
  <attribute name="Time Running"value="3239"/>
  <attribute name="Number of cores"value="4"/>
<gc-start id="2340" type="scavenge" contextid="2339" timestamp="2019-07-02T20:09:00.302">
  <mem-info id="2341" free="5353480" total="51970048" percent="10">
    <mem type="nursery" free="0" total="35389440" percent="0">
      <mem type="allocate" free="0" total="31653888" percent="0" />
      <mem type="survivor" free="0" total="3735552" percent="0" />
    </mem>
    <mem type="tenure" free="5353480" total="16580608" percent="32">
      <mem type="soa" free="4525064" total="15752192" percent="28" />
      <mem type="loa" free="828416" total="828416" percent="100" />
    </mem>
    <remembered-set count="1250" />
  </mem-info>
</gc-start>
<allocation-stats totalBytes="30353528" >
  <allocated-bytes non-tlh="23688" tlh="30329840" />
  <largest-consumer threadName="PmdThread 1" threadId="00000000024EB400" bytes="13990568" />
</allocation-stats>
<gc-op id="2342" type="scavenge" timems="2.904" contextid="2339" timestamp="2019-07-02T20:09:00.305">
  <scavenger-info tenureage="9" tenuremask="7e00" tiltratio="89" />
  <memory-copied type="nursery" objects="24328" bytes="1502232" bytesdiscarded="113960" />
  <references type="weak" candidates="198" cleared="197" enqueued="194" />
  <references type="phantom" candidates="33" cleared="29" enqueued="29" />
</gc-op>
<heap-resize id="2343" type="expand" space="nursery" amount="1310720" count="1" timems="0.016" reason="excessive time being spent scavenging" timestamp="2019-07-02T20:09:00.305" />
<gc-end id="2344" type="scavenge" contextid="2339" durationms="3.301" usertimems="4.000" systemtimems="0.000" timestamp="2019-07-02T20:09:00.305" activeThreads="4">
  <mem-info id="2345" free="36764096" total="53280768" percent="69">
    <mem type="nursery" free="31410616" total="36700160" percent="85">
      <mem type="allocate" free="31410616" total="33030144" percent="95" />
      <mem type="survivor" free="0" total="3670016" percent="0" />
    </mem>
    <mem type="tenure" free="5353480" total="16580608" percent="32">
      <mem type="soa" free="4525064" total="15752192" percent="28" />
      <mem type="loa" free="828416" total="828416" percent="100" />
    </mem>
    <pending-finalizers system="0" default="0" reference="223" classloader="0" />
    <remembered-set count="885" />
  </mem-info>
</gc-end>
<cycle-end id="2346" type="scavenge" contextid="2339" timestamp="2019-07-02T20:09:00.306">
  <attribute name="GC Util" value="13" />
  <attribute name="CPU Util" value="463456546904" />
  <attribute name="Time Running"value="3279"/>
  <attribute name="Number of cores"value="4"/>
</cycle-end>
<allocation-satisfied id="2347" threadId="00000000024EF000" bytesRequested="16" />
<af-end id="2348" timestamp="2019-07-02T20:09:00.306" threadId="00000000024EF988" success="true" from="nursery"/>
<exclusive-end id="2349" timestamp="2019-07-02T20:09:00.306" durationms="3.763" />

<exclusive-start id="2350" timestamp="2019-07-02T20:09:00.353" intervalms="51.337">
  <response-info timems="0.058" idlems="0.058" threads="0" lastid="00000000024EC000" lastname="PmdThread 3" />
</exclusive-start>
<af-start id="2351" threadId="00000000024EC988" totalBytesRequested="32" timestamp="2019-07-02T20:09:00.353" intervalms="51.374" type="nursery" />
<cycle-start id="2352" type="scavenge" contextid="0" timestamp="2019-07-02T20:09:00.353" intervalms="51.391" />
  <attribute name="GC Util" value="13" />
  <attribute name="CPU Util" value="463456546904" />
  <attribute name="Time Running"value="3279"/>
  <attribute name="Number of cores"value="4"/>
<gc-start id="2353" type="scavenge" contextid="2352" timestamp="2019-07-02T20:09:00.354">
  <mem-info id="2354" free="5346512" total="53280768" percent="10">
    <mem type="nursery" free="0" total="36700160" percent="0">
      <mem type="allocate" free="0" total="33030144" percent="0" />
      <mem type="survivor" free="0" total="3670016" percent="0" />
    </mem>
    <mem type="tenure" free="5346512" total="16580608" percent="32">
      <mem type="soa" free="4518096" total="15752192" percent="28" />
      <mem type="loa" free="828416" total="828416" percent="100" />
    </mem>
    <remembered-set count="1453" />
  </mem-info>
</gc-start>
<allocation-stats totalBytes="31408944" >
  <allocated-bytes non-tlh="3408" tlh="31405536" />
  <largest-consumer threadName="PmdThread 3" threadId="00000000024EC000" bytes="11052960" />
</allocation-stats>
<gc-op id="2355" type="scavenge" timems="2.941" contextid="2352" timestamp="2019-07-02T20:09:00.357">
  <scavenger-info tenureage="10" tenuremask="7c00" tiltratio="90" />
  <memory-copied type="nursery" objects="25499" bytes="1451992" bytesdiscarded="92032" />
  <references type="weak" candidates="280" cleared="280" enqueued="279" />
  <references type="phantom" candidates="56" cleared="46" enqueued="46" />
</gc-op>
<gc-end id="2356" type="scavenge" contextid="2352" durationms="3.362" usertimems="0.000" systemtimems="4.000" timestamp="2019-07-02T20:09:00.357" activeThreads="4">
  <mem-info id="2357" free="36828608" total="53280768" percent="69">
    <mem type="nursery" free="31482096" total="36700160" percent="85">
      <mem type="allocate" free="31482096" total="33030144" percent="95" />
      <mem type="survivor" free="0" total="3670016" percent="0" />
    </mem>
    <mem type="tenure" free="5346512" total="16580608" percent="32">
      <mem type="soa" free="4518096" total="15752192" percent="28" />
      <mem type="loa" free="828416" total="828416" percent="100" />
    </mem>
    <pending-finalizers system="0" default="0" reference="325" classloader="0" />
    <remembered-set count="1218" />
  </mem-info>
</gc-end>
<cycle-end id="2358" type="scavenge" contextid="2352" timestamp="2019-07-02T20:09:00.357">
  <attribute name="GC Util" value="11" />
  <attribute name="CPU Util" value="358833935221" />
  <attribute name="Time Running"value="3330"/>
  <attribute name="Number of cores"value="4"/>
</cycle-end>
<allocation-satisfied id="2359" threadId="00000000024EC000" bytesRequested="32" />
<af-end id="2360" timestamp="2019-07-02T20:09:00.357" threadId="00000000024EC988" success="true" from="nursery"/>
<exclusive-end id="2361" timestamp="2019-07-02T20:09:00.357" durationms="3.859" />

<exclusive-start id="2362" timestamp="2019-07-02T20:09:00.408" intervalms="54.483">
  <response-info timems="0.058" idlems="0.058" threads="0" lastid="00000000024EF000" lastname="PmdThread 2" />
</exclusive-start>
<af-start id="2363" threadId="00000000024EF988" totalBytesRequested="24" timestamp="2019-07-02T20:09:00.408" intervalms="54.465" type="nursery" />
<cycle-start id="2364" type="scavenge" contextid="0" timestamp="2019-07-02T20:09:00.408" intervalms="54.444" />
  <attribute name="GC Util" value="11" />
  <attribute name="CPU Util" value="358833935221" />
  <attribute name="Time Running"value="3330"/>
  <attribute name="Number of cores"value="4"/>
<gc-start id="2365" type="scavenge" contextid="2364" timestamp="2019-07-02T20:09:00.408">
  <mem-info id="2366" free="5342992" total="53280768" percent="10">
    <mem type="nursery" free="0" total="36700160" percent="0">
      <mem type="allocate" free="0" total="33030144" percent="0" />
      <mem type="survivor" free="0" total="3670016" percent="0" />
    </mem>
    <mem type="tenure" free="5342992" total="16580608" percent="32">
      <mem type="soa" free="4514576" total="15752192" percent="28" />
      <mem type="loa" free="828416" total="828416" percent="100" />
    </mem>
    <remembered-set count="1371" />
  </mem-info>
</gc-start>
<allocation-stats totalBytes="31474344" >
  <allocated-bytes non-tlh="3552" tlh="31470792" />
  <largest-consumer threadName="PmdThread 3" threadId="00000000024EC000" bytes="14512184" />
</allocation-stats>
<gc-op id="2367" type="scavenge" timems="1.896" contextid="2364" timestamp="2019-07-02T20:09:00.410">
  <scavenger-info tenureage="11" tenuremask="7800" tiltratio="90" />
  <memory-copied type="nursery" objects="31225" bytes="1940416" bytesdiscarded="295144" />
  <finalization candidates="1" enqueued="0" />
  <references type="soft" candidates="2" cleared="0" enqueued="0" dynamicThreshold="10" maxThreshold="32" />
  <references type="weak" candidates="528" cleared="522" enqueued="521" />
  <references type="phantom" candidates="62" cleared="49" enqueued="49" />
</gc-op>
<gc-end id="2368" type="scavenge" contextid="2364" durationms="2.168" usertimems="4.000" systemtimems="0.000" timestamp="2019-07-02T20:09:00.410" activeThreads="4">
  <mem-info id="2369" free="36131968" total="53280768" percent="67">
    <mem type="nursery" free="30788976" total="36700160" percent="83">
      <mem type="allocate" free="30788976" total="33030144" percent="93" />
      <mem type="survivor" free="0" total="3670016" percent="0" />
    </mem>
    <mem type="tenure" free="5342992" total="16580608" percent="32">
      <mem type="soa" free="4514576" total="15752192" percent="28" />
      <mem type="loa" free="828416" total="828416" percent="100" />
    </mem>
    <pending-finalizers system="0" default="0" reference="570" classloader="0" />
    <remembered-set count="1269" />
  </mem-info>
</gc-end>
<cycle-end id="2370" type="scavenge" contextid="2364" timestamp="2019-07-02T20:09:00.410">
  <attribute name="GC Util" value="10" />
  <attribute name="CPU Util" value="339177327584" />
  <attribute name="Time Running"value="3385"/>
  <attribute name="Number of cores"value="4"/>
</cycle-end>
<allocation-satisfied id="2371" threadId="00000000024EF000" bytesRequested="24" />
<af-end id="2372" timestamp="2019-07-02T20:09:00.411" threadId="00000000024EF988" success="true" from="nursery"/>
<exclusive-end id="2373" timestamp="2019-07-02T20:09:00.411" durationms="2.799" />

</verbosegc>

