<?xml version="1.0" ?>

<verbosegc xmlns="http://www.ibm.com/j9/verbosegc" version="25b0271_CMPRSS">

<initialized id="1" timestamp="2019-07-02T19:51:25.383">
  <attribute name="gcPolicy" value="-Xgcpolicy:optthruput" />
  <attribute name="GC Util" value="0" />
  <attribute name="CPU Util" value="0" />
  <attribute name="Time Running"value="0"/>
  <attribute name="Number of cores"value="0"/>
  <attribute name="maxHeapSize" value="0x7cbc0000" />
  <attribute name="initialHeapSize" value="0x800000" />
  <attribute name="compressedRefs" value="true" />
  <attribute name="compressedRefsDisplacement" value="0x0" />
  <attribute name="compressedRefsShift" value="0x0" />
  <attribute name="pageSize" value="0x1000" />
  <attribute name="pageType" value="not used" />
  <attribute name="requestedPageSize" value="0x1000" />
  <attribute name="requestedPageType" value="not used" />
  <attribute name="gcthreads" value="4" />
  <attribute name="packetListSplit" value="4" />
  <attribute name="cacheListSplit" value="4" />
  <attribute name="splitFreeListSplitAmount" value="1" />
  <attribute name="numaNodes" value="0" />
  <system>
    <attribute name="physicalMemory" value="8370962432" />
    <attribute name="numCPUs" value="4" />
    <attribute name="architecture" value="amd64" />
    <attribute name="os" value="Linux" />
    <attribute name="osVersion" value="4.4.0-148-generic" />
  </system>
  <vmargs>
    <vmarg name="-Xoptionsfile=/vagrant/jdk/lib/options.default" />
    <vmarg name="-Xlockword:mode=default,noLockword=java/lang/String,noLockword=java/util/MapEntry,noLockword=java/util/HashMap$Entry,noLockword..." />
    <vmarg name="-Xjcl:jclse11_29" />
    <vmarg name="-Dcom.ibm.oti.vm.bootstrap.library.path=/vagrant/jdk/lib/compressedrefs:/vagrant/jdk/lib" />
    <vmarg name="-Dsun.boot.library.path=/vagrant/jdk/lib/compressedrefs:/vagrant/jdk/lib" />
    <vmarg name="-Djava.library.path=/vagrant/jdk/lib/compressedrefs:/vagrant/jdk/lib:/usr/lib64:/usr/lib" />
    <vmarg name="-Djava.home=/vagrant/jdk" />
    <vmarg name="-Duser.dir=/vagrant" />
    <vmarg name="-Xgcpolicy:optthruput" />
    <vmarg name="-verbose:gc" />
    <vmarg name="-Xloggc:default-OPTTHRUPUT-jdkF-verbose6pmd.txt" />
    <vmarg name="-Djava.class.path=dacapo-9.12-MR1-bach.jar" />
    <vmarg name="-Dsun.java.command=dacapo-9.12-MR1-bach.jar pmd --size=default" />
    <vmarg name="-Dsun.java.launcher=SUN_STANDARD" />
    <vmarg name="-Dsun.java.launcher.pid=16087" />
  </vmargs>
</initialized>

<exclusive-start id="2" timestamp="2019-07-02T19:51:26.068" intervalms="684.728">
  <response-info timems="0.033" idlems="0.033" threads="0" lastid="0000000000C91700" lastname="main" />
</exclusive-start>
<af-start id="3" threadId="0000000000C92088" totalBytesRequested="11040" timestamp="2019-07-02T19:51:26.069" intervalms="685.171" />
<cycle-start id="4" type="global" contextid="0" timestamp="2019-07-02T19:51:26.069" intervalms="685.556" />
  <attribute name="GC Util" value="0" />
  <attribute name="CPU Util" value="84" />
  <attribute name="Time Running"value="0"/>
  <attribute name="Number of cores"value="4"/>
<gc-start id="5" type="global" contextid="4" timestamp="2019-07-02T19:51:26.069">
  <mem-info id="6" free="418816" total="8388608" percent="4">
    <mem type="tenure" free="418816" total="8388608" percent="4">
      <mem type="soa" free="0" total="7969792" percent="0" />
      <mem type="loa" free="418816" total="418816" percent="100" />
    </mem>
  </mem-info>
</gc-start>
<allocation-stats totalBytes="7930240" >
  <allocated-bytes non-tlh="406560" tlh="7523680" />
  <largest-consumer threadName="main" threadId="0000000000C91700" bytes="7858648" />
</allocation-stats>
<gc-op id="7" type="mark" timems="1.908" contextid="4" timestamp="2019-07-02T19:51:26.071">
  <trace-info objectcount="20522" scancount="16906" scanbytes="540176" />
  <finalization candidates="51" enqueued="1" />
  <ownableSynchronizers candidates="4" cleared="3" />
  <references type="soft" candidates="66" cleared="0" enqueued="0" dynamicThreshold="32" maxThreshold="32" />
  <references type="weak" candidates="932" cleared="530" enqueued="452" />
  <references type="phantom" candidates="125" cleared="44" enqueued="44" />
  <stringconstants candidates="2472" cleared="0"  />
</gc-op>
<gc-op id="8" type="classunload" timems="0.073" contextid="4" timestamp="2019-07-02T19:51:26.071">
  <classunload-info classloadercandidates="6" classloadersunloaded="0" classesunloaded="0" anonymousclassesunloaded="0" quiescems="0.000" setupms="0.072" scanms="0.001" postms="0.000" />
</gc-op>
<gc-op id="9" type="sweep" timems="0.512" contextid="4" timestamp="2019-07-02T19:51:26.072" />
<gc-end id="10" type="global" contextid="4" durationms="2.980" usertimems="0.000" systemtimems="4.000" timestamp="2019-07-02T19:51:26.072" activeThreads="4">
  <mem-info id="11" free="6655648" total="8388608" percent="79">
    <mem type="tenure" free="6655648" total="8388608" percent="79" micro-fragmented="294914" macro-fragmented="0">
      <mem type="soa" free="6236832" total="7969792" percent="78" />
      <mem type="loa" free="418816" total="418816" percent="100" />
    </mem>
    <pending-finalizers system="1" default="0" reference="496" classloader="0" />
  </mem-info>
</gc-end>
<cycle-end id="12" type="global" contextid="4" timestamp="2019-07-02T19:51:26.072">
  <attribute name="GC Util" value="73" />
  <attribute name="CPU Util" value="8234536014059" />
  <attribute name="Time Running"value="594"/>
  <attribute name="Number of cores"value="4"/>
</cycle-end>
<allocation-satisfied id="13" threadId="0000000000C91700" bytesRequested="11040" />
<af-end id="14" timestamp="2019-07-02T19:51:26.072" threadId="0000000000C92088" success="true" />
<exclusive-end id="15" timestamp="2019-07-02T19:51:26.072" durationms="4.374" />

<exclusive-start id="16" timestamp="2019-07-02T19:51:26.073" intervalms="4.931">
  <response-info timems="0.029" idlems="0.029" threads="0" lastid="0000000000C91700" lastname="main" />
</exclusive-start>
<af-start id="17" threadId="0000000000C92088" totalBytesRequested="13832" timestamp="2019-07-02T19:51:26.073" intervalms="4.559" />
<cycle-start id="18" type="global" contextid="0" timestamp="2019-07-02T19:51:26.073" intervalms="4.240" />
  <attribute name="GC Util" value="73" />
  <attribute name="CPU Util" value="8234536014059" />
  <attribute name="Time Running"value="594"/>
  <attribute name="Number of cores"value="4"/>
<gc-start id="19" type="global" contextid="18" timestamp="2019-07-02T19:51:26.073">
  <mem-info id="20" free="493864" total="8388608" percent="5">
    <mem type="tenure" free="493864" total="8388608" percent="5">
      <mem type="soa" free="75048" total="7969792" percent="0" />
      <mem type="loa" free="418816" total="418816" percent="100" />
    </mem>
    <pending-finalizers system="1" default="0" reference="147" classloader="0" />
  </mem-info>
</gc-start>
<allocation-stats totalBytes="5236960" >
  <allocated-bytes non-tlh="3110648" tlh="2126312" />
  <largest-consumer threadName="main" threadId="0000000000C91700" bytes="5223488" />
</allocation-stats>
<gc-op id="21" type="mark" timems="1.003" contextid="18" timestamp="2019-07-02T19:51:26.074">
  <trace-info objectcount="19975" scancount="16413" scanbytes="531696" />
  <finalization candidates="50" enqueued="0" />
  <ownableSynchronizers candidates="1" cleared="0" />
  <references type="soft" candidates="66" cleared="0" enqueued="0" dynamicThreshold="25" maxThreshold="32" />
  <references type="weak" candidates="402" cleared="0" enqueued="0" />
  <references type="phantom" candidates="80" cleared="0" enqueued="0" />
  <stringconstants candidates="2472" cleared="0"  />
</gc-op>
<gc-op id="22" type="sweep" timems="0.270" contextid="18" timestamp="2019-07-02T19:51:26.075" />
<gc-end id="23" type="global" contextid="18" durationms="1.608" usertimems="0.000" systemtimems="0.000" timestamp="2019-07-02T19:51:26.075" activeThreads="4">
  <mem-info id="24" free="6723792" total="8388608" percent="80">
    <mem type="tenure" free="6723792" total="8388608" percent="80" micro-fragmented="366160" macro-fragmented="0">
      <mem type="soa" free="6304976" total="7969792" percent="79" />
      <mem type="loa" free="418816" total="418816" percent="100" />
    </mem>
    <pending-finalizers system="1" default="0" reference="147" classloader="0" />
  </mem-info>
</gc-end>
<cycle-end id="25" type="global" contextid="18" timestamp="2019-07-02T19:51:26.075">
  <attribute name="GC Util" value="75" />
  <attribute name="CPU Util" value="16912400374139" />
  <attribute name="Time Running"value="597"/>
  <attribute name="Number of cores"value="4"/>
</cycle-end>
<allocation-satisfied id="26" threadId="0000000000C91700" bytesRequested="13832" />
<af-end id="27" timestamp="2019-07-02T19:51:26.075" threadId="0000000000C92088" success="true" />
<exclusive-end id="28" timestamp="2019-07-02T19:51:26.075" durationms="2.087" />

<exclusive-start id="29" timestamp="2019-07-02T19:51:26.076" intervalms="2.602">
  <response-info timems="0.074" idlems="0.074" threads="0" lastid="0000000000C91700" lastname="main" />
</exclusive-start>
<af-start id="30" threadId="0000000000C92088" totalBytesRequested="36776" timestamp="2019-07-02T19:51:26.076" intervalms="2.644" />
<cycle-start id="31" type="global" contextid="0" timestamp="2019-07-02T19:51:26.076" intervalms="2.666" />
  <attribute name="GC Util" value="75" />
  <attribute name="CPU Util" value="16912400374139" />
  <attribute name="Time Running"value="597"/>
  <attribute name="Number of cores"value="4"/>
<gc-start id="32" type="global" contextid="31" timestamp="2019-07-02T19:51:26.076">
  <mem-info id="33" free="661920" total="8388608" percent="7">
    <mem type="tenure" free="661920" total="8388608" percent="7">
      <mem type="soa" free="243104" total="7969792" percent="3" />
      <mem type="loa" free="418816" total="418816" percent="100" />
    </mem>
  </mem-info>
</gc-start>
<allocation-stats totalBytes="4953976" >
  <allocated-bytes non-tlh="4945512" tlh="8464" />
  <largest-consumer threadName="main" threadId="0000000000C91700" bytes="4953056" />
</allocation-stats>
<gc-op id="34" type="mark" timems="0.916" contextid="31" timestamp="2019-07-02T19:51:26.077">
  <trace-info objectcount="19627" scancount="16142" scanbytes="525400" />
  <finalization candidates="50" enqueued="0" />
  <ownableSynchronizers candidates="1" cleared="0" />
  <references type="soft" candidates="66" cleared="0" enqueued="0" dynamicThreshold="25" maxThreshold="32" />
  <references type="weak" candidates="402" cleared="0" enqueued="0" />
  <references type="phantom" candidates="80" cleared="0" enqueued="0" />
  <stringconstants candidates="2472" cleared="0"  />
</gc-op>
<gc-op id="35" type="sweep" timems="0.207" contextid="31" timestamp="2019-07-02T19:51:26.077" />
<gc-end id="36" type="global" contextid="31" durationms="1.366" usertimems="4.000" systemtimems="0.000" timestamp="2019-07-02T19:51:26.077" activeThreads="4">
  <mem-info id="37" free="6731136" total="8388608" percent="80">
    <mem type="tenure" free="6731136" total="8388608" percent="80" micro-fragmented="351212" macro-fragmented="0">
      <mem type="soa" free="6312320" total="7969792" percent="79" />
      <mem type="loa" free="418816" total="418816" percent="100" />
    </mem>
  </mem-info>
</gc-end>
<cycle-end id="38" type="global" contextid="31" timestamp="2019-07-02T19:51:26.077">
  <attribute name="GC Util" value="80" />
  <attribute name="CPU Util" value="18997324532691" />
  <attribute name="Time Running"value="600"/>
  <attribute name="Number of cores"value="4"/>
</cycle-end>
<allocation-satisfied id="39" threadId="0000000000C91700" bytesRequested="36776" />
<af-end id="40" timestamp="2019-07-02T19:51:26.078" threadId="0000000000C92088" success="true" />
<exclusive-end id="41" timestamp="2019-07-02T19:51:26.078" durationms="2.083" />

<exclusive-start id="42" timestamp="2019-07-02T19:51:26.078" intervalms="2.557">
  <response-info timems="0.026" idlems="0.026" threads="0" lastid="0000000000C91700" lastname="main" />
</exclusive-start>
<af-start id="43" threadId="0000000000C92088" totalBytesRequested="21928" timestamp="2019-07-02T19:51:26.078" intervalms="2.546" />
<cycle-start id="44" type="global" contextid="0" timestamp="2019-07-02T19:51:26.078" intervalms="2.559" />
  <attribute name="GC Util" value="80" />
  <attribute name="CPU Util" value="18997324532691" />
  <attribute name="Time Running"value="600"/>
  <attribute name="Number of cores"value="4"/>
<gc-start id="45" type="global" contextid="44" timestamp="2019-07-02T19:51:26.078">
  <mem-info id="46" free="973232" total="8388608" percent="11">
    <mem type="tenure" free="973232" total="8388608" percent="11">
      <mem type="soa" free="554416" total="7969792" percent="6" />
      <mem type="loa" free="418816" total="418816" percent="100" />
    </mem>
  </mem-info>
</gc-start>
<allocation-stats totalBytes="4888784" >
  <allocated-bytes non-tlh="4879824" tlh="8960" />
  <largest-consumer threadName="main" threadId="0000000000C91700" bytes="4888784" />
</allocation-stats>
<gc-op id="47" type="mark" timems="0.891" contextid="44" timestamp="2019-07-02T19:51:26.079">
  <trace-info objectcount="19627" scancount="16144" scanbytes="525400" />
  <finalization candidates="50" enqueued="0" />
  <ownableSynchronizers candidates="1" cleared="0" />
  <references type="soft" candidates="66" cleared="0" enqueued="0" dynamicThreshold="25" maxThreshold="32" />
  <references type="weak" candidates="402" cleared="0" enqueued="0" />
  <references type="phantom" candidates="80" cleared="0" enqueued="0" />
  <stringconstants candidates="2472" cleared="0"  />
</gc-op>
<gc-op id="48" type="sweep" timems="0.226" contextid="44" timestamp="2019-07-02T19:51:26.080" />
<gc-end id="49" type="global" contextid="44" durationms="1.345" usertimems="4.000" systemtimems="0.000" timestamp="2019-07-02T19:51:26.080" activeThreads="4">
  <mem-info id="50" free="6720728" total="8388608" percent="80">
    <mem type="tenure" free="6720728" total="8388608" percent="80" micro-fragmented="351212" macro-fragmented="0">
      <mem type="soa" free="6301912" total="7969792" percent="79" />
      <mem type="loa" free="418816" total="418816" percent="100" />
    </mem>
  </mem-info>
</gc-end>
<cycle-end id="51" type="global" contextid="44" timestamp="2019-07-02T19:51:26.080">
  <attribute name="GC Util" value="80" />
  <attribute name="CPU Util" value="19519248712664" />
  <attribute name="Time Running"value="602"/>
  <attribute name="Number of cores"value="4"/>
</cycle-end>
<allocation-satisfied id="52" threadId="0000000000C91700" bytesRequested="21928" />
<af-end id="53" timestamp="2019-07-02T19:51:26.080" threadId="0000000000C92088" success="true" />
<exclusive-end id="54" timestamp="2019-07-02T19:51:26.080" durationms="1.990" />

<exclusive-start id="55" timestamp="2019-07-02T19:51:26.081" intervalms="2.440">
  <response-info timems="0.061" idlems="0.061" threads="0" lastid="0000000000C91700" lastname="main" />
</exclusive-start>
<af-start id="56" threadId="0000000000C92088" totalBytesRequested="49672" timestamp="2019-07-02T19:51:26.081" intervalms="2.423" />
<cycle-start id="57" type="global" contextid="0" timestamp="2019-07-02T19:51:26.081" intervalms="2.438" />
  <attribute name="GC Util" value="80" />
  <attribute name="CPU Util" value="19519248712664" />
  <attribute name="Time Running"value="602"/>
  <attribute name="Number of cores"value="4"/>
<gc-start id="58" type="global" contextid="57" timestamp="2019-07-02T19:51:26.081">
  <mem-info id="59" free="1165312" total="8388608" percent="13">
    <mem type="tenure" free="1165312" total="8388608" percent="13">
      <mem type="soa" free="746496" total="7969792" percent="9" />
      <mem type="loa" free="418816" total="418816" percent="100" />
    </mem>
  </mem-info>
</gc-start>
<allocation-stats totalBytes="4821072" >
  <allocated-bytes non-tlh="4806848" tlh="14224" />
  <largest-consumer threadName="main" threadId="0000000000C91700" bytes="4821072" />
</allocation-stats>
<gc-op id="60" type="mark" timems="0.883" contextid="57" timestamp="2019-07-02T19:51:26.082">
  <trace-info objectcount="19627" scancount="16144" scanbytes="525400" />
  <finalization candidates="50" enqueued="0" />
  <ownableSynchronizers candidates="1" cleared="0" />
  <references type="soft" candidates="66" cleared="0" enqueued="0" dynamicThreshold="25" maxThreshold="32" />
  <references type="weak" candidates="402" cleared="0" enqueued="0" />
  <references type="phantom" candidates="80" cleared="0" enqueued="0" />
  <stringconstants candidates="2472" cleared="0"  />
</gc-op>
<gc-op id="61" type="sweep" timems="0.205" contextid="57" timestamp="2019-07-02T19:51:26.082" />
<gc-end id="62" type="global" contextid="57" durationms="1.395" usertimems="0.000" systemtimems="0.000" timestamp="2019-07-02T19:51:26.082" activeThreads="4">
  <mem-info id="63" free="6711776" total="8388608" percent="80">
    <mem type="tenure" free="6711776" total="8388608" percent="80" micro-fragmented="322143" macro-fragmented="0">
      <mem type="soa" free="6292960" total="7969792" percent="78" />
      <mem type="loa" free="418816" total="418816" percent="100" />
    </mem>
  </mem-info>
</gc-end>
<cycle-end id="64" type="global" contextid="57" timestamp="2019-07-02T19:51:26.082">
  <attribute name="GC Util" value="77" />
  <attribute name="CPU Util" value="19117619578979" />
  <attribute name="Time Running"value="605"/>
  <attribute name="Number of cores"value="4"/>
</cycle-end>
<allocation-satisfied id="65" threadId="0000000000C91700" bytesRequested="49672" />
<af-end id="66" timestamp="2019-07-02T19:51:26.083" threadId="0000000000C92088" success="true" />
<exclusive-end id="67" timestamp="2019-07-02T19:51:26.083" durationms="2.317" />

<exclusive-start id="68" timestamp="2019-07-02T19:51:26.083" intervalms="2.808">
  <response-info timems="0.042" idlems="0.042" threads="0" lastid="0000000000C91700" lastname="main" />
</exclusive-start>
<sys-start reason="explicit" id="69" timestamp="2019-07-02T19:51:26.084" intervalms="700.213" />
<cycle-start id="70" type="global" contextid="0" timestamp="2019-07-02T19:51:26.084" intervalms="2.849" />
  <attribute name="GC Util" value="77" />
  <attribute name="CPU Util" value="19117619578979" />
  <attribute name="Time Running"value="605"/>
  <attribute name="Number of cores"value="4"/>
<gc-start id="71" type="global" contextid="70" timestamp="2019-07-02T19:51:26.084">
  <mem-info id="72" free="3575192" total="8388608" percent="42">
    <mem type="tenure" free="3575192" total="8388608" percent="42">
      <mem type="soa" free="3156376" total="7969792" percent="39" />
      <mem type="loa" free="418816" total="418816" percent="100" />
    </mem>
  </mem-info>
</gc-start>
<allocation-stats totalBytes="2976000" >
  <allocated-bytes non-tlh="2961160" tlh="14840" />
  <largest-consumer threadName="main" threadId="0000000000C91700" bytes="2976000" />
</allocation-stats>
<gc-op id="73" type="mark" timems="2.273" contextid="70" timestamp="2019-07-02T19:51:26.086">
  <trace-info objectcount="18998" scancount="15718" scanbytes="515832" />
  <finalization candidates="50" enqueued="0" />
  <ownableSynchronizers candidates="1" cleared="0" />
  <references type="soft" candidates="66" cleared="0" enqueued="0" dynamicThreshold="25" maxThreshold="32" />
  <references type="weak" candidates="402" cleared="0" enqueued="0" />
  <references type="phantom" candidates="80" cleared="0" enqueued="0" />
  <stringconstants candidates="2472" cleared="0"  />
</gc-op>
<gc-op id="74" type="classunload" timems="0.001" contextid="70" timestamp="2019-07-02T19:51:26.086">
  <classunload-info classloadercandidates="6" classloadersunloaded="0" classesunloaded="0" anonymousclassesunloaded="0" quiescems="0.000" setupms="0.001" scanms="0.000" postms="0.000" />
</gc-op>
<gc-op id="75" type="sweep" timems="0.575" contextid="70" timestamp="2019-07-02T19:51:26.087" />
<mem-info id="76" free="6865576" total="8388608" percent="81">
  <mem type="tenure" free="6865576" total="8388608" percent="81" micro-fragmented="235244" macro-fragmented="0">
    <mem type="soa" free="6446760" total="7969792" percent="80" />
    <mem type="loa" free="418816" total="418816" percent="100" />
  </mem>
</mem-info>
<gc-op id="77" type="compact" timems="4.882" contextid="70" timestamp="2019-07-02T19:51:26.093">
  <compact-info movecount="18997" movebytes="1205904" reason="compact on aggressive collection" />
</gc-op>
<gc-end id="78" type="global" contextid="70" durationms="8.966" usertimems="8.000" systemtimems="0.000" timestamp="2019-07-02T19:51:26.093" activeThreads="4">
  <mem-info id="79" free="7182616" total="8388608" percent="85">
    <mem type="tenure" free="7182616" total="8388608" percent="85">
      <mem type="soa" free="6763800" total="7969792" percent="84" />
      <mem type="loa" free="418816" total="418816" percent="100" />
    </mem>
  </mem-info>
</gc-end>
<cycle-end id="80" type="global" contextid="70" timestamp="2019-07-02T19:51:26.093">
  <attribute name="GC Util" value="30" />
  <attribute name="CPU Util" value="15326473343742" />
  <attribute name="Time Running"value="610"/>
  <attribute name="Number of cores"value="4"/>
</cycle-end>
<sys-end id="81" timestamp="2019-07-02T19:51:26.093" />
<exclusive-end id="82" timestamp="2019-07-02T19:51:26.093" durationms="9.586" />

<exclusive-start id="83" timestamp="2019-07-02T19:51:26.669" intervalms="585.319">
  <response-info timems="0.027" idlems="0.027" threads="0" lastid="0000000000C91700" lastname="main" />
</exclusive-start>
<af-start id="84" threadId="0000000000C92088" totalBytesRequested="16" timestamp="2019-07-02T19:51:26.669" intervalms="588.145" />
<cycle-start id="85" type="global" contextid="0" timestamp="2019-07-02T19:51:26.671" intervalms="586.983" />
  <attribute name="GC Util" value="30" />
  <attribute name="CPU Util" value="15326473343742" />
  <attribute name="Time Running"value="610"/>
  <attribute name="Number of cores"value="4"/>
<gc-start id="86" type="global" contextid="85" timestamp="2019-07-02T19:51:26.671">
  <mem-info id="87" free="418816" total="8388608" percent="4">
    <mem type="tenure" free="418816" total="8388608" percent="4">
      <mem type="soa" free="0" total="7969792" percent="0" />
      <mem type="loa" free="418816" total="418816" percent="100" />
    </mem>
  </mem-info>
</gc-start>
<allocation-stats totalBytes="6756760" >
  <allocated-bytes non-tlh="190272" tlh="6566488" />
  <largest-consumer threadName="main" threadId="0000000000C91700" bytes="6756760" />
</allocation-stats>
<gc-op id="88" type="mark" timems="1.233" contextid="85" timestamp="2019-07-02T19:51:26.672">
  <trace-info objectcount="25630" scancount="20496" scanbytes="657672" />
  <finalization candidates="55" enqueued="0" />
  <ownableSynchronizers candidates="1" cleared="0" />
  <references type="soft" candidates="69" cleared="0" enqueued="0" dynamicThreshold="27" maxThreshold="32" />
  <references type="weak" candidates="570" cleared="85" enqueued="80" />
  <references type="phantom" candidates="88" cleared="5" enqueued="5" />
  <stringconstants candidates="3383" cleared="4"  />
</gc-op>
<gc-op id="89" type="sweep" timems="0.307" contextid="85" timestamp="2019-07-02T19:51:26.673" />
<gc-end id="90" type="global" contextid="85" durationms="2.157" usertimems="0.000" systemtimems="0.000" timestamp="2019-07-02T19:51:26.673" activeThreads="4">
  <mem-info id="91" free="6451304" total="8388608" percent="76">
    <mem type="tenure" free="6451304" total="8388608" percent="76" micro-fragmented="205691" macro-fragmented="0">
      <mem type="soa" free="6032488" total="7969792" percent="75" />
      <mem type="loa" free="418816" total="418816" percent="100" />
    </mem>
    <pending-finalizers system="0" default="0" reference="85" classloader="0" />
  </mem-info>
</gc-end>
<cycle-end id="92" type="global" contextid="85" timestamp="2019-07-02T19:51:26.673">
  <attribute name="GC Util" value="76" />
  <attribute name="CPU Util" value="13661532680920" />
  <attribute name="Time Running"value="1195"/>
  <attribute name="Number of cores"value="4"/>
</cycle-end>
<allocation-satisfied id="93" threadId="0000000000C91700" bytesRequested="16" />
<af-end id="94" timestamp="2019-07-02T19:51:26.673" threadId="0000000000C92088" success="true" />
<exclusive-end id="95" timestamp="2019-07-02T19:51:26.673" durationms="4.753" />

<exclusive-start id="96" timestamp="2019-07-02T19:51:26.848" intervalms="178.806">
  <response-info timems="0.056" idlems="0.031" threads="1" lastid="0000000000C98F00" lastname="JIT Compilation Thread-1" />
</exclusive-start>
<af-start id="97" threadId="0000000000FA2D88" totalBytesRequested="24" timestamp="2019-07-02T19:51:26.848" intervalms="178.803" />
<cycle-start id="98" type="global" contextid="0" timestamp="2019-07-02T19:51:26.848" intervalms="177.100" />
  <attribute name="GC Util" value="76" />
  <attribute name="CPU Util" value="13661532680920" />
  <attribute name="Time Running"value="1195"/>
  <attribute name="Number of cores"value="4"/>
<gc-start id="99" type="global" contextid="98" timestamp="2019-07-02T19:51:26.848">
  <mem-info id="100" free="141360" total="8388608" percent="1">
    <mem type="tenure" free="141360" total="8388608" percent="1">
      <mem type="soa" free="0" total="7969792" percent="0" />
      <mem type="loa" free="141360" total="418816" percent="33" />
    </mem>
  </mem-info>
</gc-start>
<allocation-stats totalBytes="6262792" >
  <allocated-bytes non-tlh="1153704" tlh="5109088" />
  <largest-consumer threadName="PmdThread 2" threadId="0000000000FA2400" bytes="2031488" />
</allocation-stats>
<gc-op id="101" type="mark" timems="1.676" contextid="98" timestamp="2019-07-02T19:51:26.850">
  <trace-info objectcount="42834" scancount="34872" scanbytes="1159056" />
  <finalization candidates="57" enqueued="0" />
  <ownableSynchronizers candidates="8" cleared="0" />
  <references type="soft" candidates="72" cleared="0" enqueued="0" dynamicThreshold="24" maxThreshold="32" />
  <references type="weak" candidates="860" cleared="218" enqueued="146" />
  <references type="phantom" candidates="92" cleared="3" enqueued="3" />
  <stringconstants candidates="3650" cleared="4"  />
</gc-op>
<gc-op id="102" type="sweep" timems="0.376" contextid="98" timestamp="2019-07-02T19:51:26.850" />
<gc-end id="103" type="global" contextid="98" durationms="2.368" usertimems="4.000" systemtimems="0.000" timestamp="2019-07-02T19:51:26.850" activeThreads="4">
  <mem-info id="104" free="4593912" total="8388608" percent="54">
    <mem type="tenure" free="4593912" total="8388608" percent="54" micro-fragmented="807729" macro-fragmented="0">
      <mem type="soa" free="4175096" total="7969792" percent="52" />
      <mem type="loa" free="418816" total="418816" percent="100" />
    </mem>
    <pending-finalizers system="0" default="0" reference="149" classloader="0" />
  </mem-info>
</gc-end>
<cycle-end id="105" type="global" contextid="98" timestamp="2019-07-02T19:51:26.850">
  <attribute name="GC Util" value="83" />
  <attribute name="CPU Util" value="10622351686213" />
  <attribute name="Time Running"value="1373"/>
  <attribute name="Number of cores"value="4"/>
</cycle-end>
<allocation-satisfied id="106" threadId="0000000000FA2400" bytesRequested="24" />
<af-end id="107" timestamp="2019-07-02T19:51:26.851" threadId="0000000000FA2D88" success="true" />
<exclusive-end id="108" timestamp="2019-07-02T19:51:26.851" durationms="3.215" />

<exclusive-start id="109" timestamp="2019-07-02T19:51:26.898" intervalms="50.706">
  <response-info timems="0.069" idlems="0.030" threads="2" lastid="0000000000F9FF00" lastname="PmdThread 4" />
</exclusive-start>
<af-start id="110" threadId="0000000000F9FD88" totalBytesRequested="1400" timestamp="2019-07-02T19:51:26.898" intervalms="50.738" />
<cycle-start id="111" type="global" contextid="0" timestamp="2019-07-02T19:51:26.898" intervalms="50.723" />
  <attribute name="GC Util" value="83" />
  <attribute name="CPU Util" value="10622351686213" />
  <attribute name="Time Running"value="1373"/>
  <attribute name="Number of cores"value="4"/>
<gc-start id="112" type="global" contextid="111" timestamp="2019-07-02T19:51:26.899">
  <mem-info id="113" free="421000" total="8388608" percent="5">
    <mem type="tenure" free="421000" total="8388608" percent="5">
      <mem type="soa" free="2184" total="7969792" percent="0" />
      <mem type="loa" free="418816" total="418816" percent="100" />
    </mem>
  </mem-info>
</gc-start>
<allocation-stats totalBytes="4043728" >
  <allocated-bytes non-tlh="598808" tlh="3444920" />
  <largest-consumer threadName="PmdThread 2" threadId="0000000000FA2400" bytes="1412504" />
</allocation-stats>
<gc-op id="114" type="mark" timems="12.052" contextid="111" timestamp="2019-07-02T19:51:26.911">
  <trace-info objectcount="61740" scancount="50848" scanbytes="1643064" />
  <finalization candidates="57" enqueued="0" />
  <ownableSynchronizers candidates="8" cleared="0" />
  <references type="soft" candidates="102" cleared="0" enqueued="0" dynamicThreshold="17" maxThreshold="32" />
  <references type="weak" candidates="754" cleared="33" enqueued="27" />
  <references type="phantom" candidates="90" cleared="2" enqueued="2" />
  <stringconstants candidates="4579" cleared="0"  />
</gc-op>
<gc-op id="115" type="classunload" timems="0.002" contextid="111" timestamp="2019-07-02T19:51:26.911">
  <classunload-info classloadercandidates="6" classloadersunloaded="0" classesunloaded="0" anonymousclassesunloaded="0" quiescems="0.000" setupms="0.001" scanms="0.001" postms="0.000" />
</gc-op>
<gc-op id="116" type="sweep" timems="0.793" contextid="111" timestamp="2019-07-02T19:51:26.912" />
<gc-end id="117" type="global" contextid="111" durationms="13.604" usertimems="12.000" systemtimems="4.000" timestamp="2019-07-02T19:51:26.912" activeThreads="4">
  <mem-info id="118" free="2958464" total="8388608" percent="35">
    <mem type="tenure" free="2958464" total="8388608" percent="35" micro-fragmented="1631811" macro-fragmented="0">
      <mem type="soa" free="2539648" total="7969792" percent="31" />
      <mem type="loa" free="418816" total="418816" percent="100" />
    </mem>
    <pending-finalizers system="0" default="0" reference="29" classloader="0" />
  </mem-info>
</gc-end>
<cycle-end id="119" type="global" contextid="111" timestamp="2019-07-02T19:51:26.912">
  <attribute name="GC Util" value="97" />
  <attribute name="CPU Util" value="1474556813214" />
  <attribute name="Time Running"value="1434"/>
  <attribute name="Number of cores"value="4"/>
</cycle-end>
<allocation-satisfied id="120" threadId="0000000000F9F400" bytesRequested="1400" />
<af-end id="121" timestamp="2019-07-02T19:51:26.913" threadId="0000000000F9FD88" success="true" />
<exclusive-end id="122" timestamp="2019-07-02T19:51:26.913" durationms="14.423" />

<exclusive-start id="123" timestamp="2019-07-02T19:51:26.923" intervalms="25.128">
  <response-info timems="0.058" idlems="0.058" threads="0" lastid="0000000000FA2400" lastname="PmdThread 2" />
</exclusive-start>
<af-start id="124" threadId="0000000000FA2D88" totalBytesRequested="144" timestamp="2019-07-02T19:51:26.923" intervalms="25.100" />
<cycle-start id="125" type="global" contextid="0" timestamp="2019-07-02T19:51:26.924" intervalms="25.104" />
  <attribute name="GC Util" value="97" />
  <attribute name="CPU Util" value="1474556813214" />
  <attribute name="Time Running"value="1434"/>
  <attribute name="Number of cores"value="4"/>
<gc-start id="126" type="global" contextid="125" timestamp="2019-07-02T19:51:26.924">
  <mem-info id="127" free="418816" total="8388608" percent="4">
    <mem type="tenure" free="418816" total="8388608" percent="4">
      <mem type="soa" free="0" total="7969792" percent="0" />
      <mem type="loa" free="418816" total="418816" percent="100" />
    </mem>
  </mem-info>
</gc-start>
<allocation-stats totalBytes="2447088" >
  <allocated-bytes non-tlh="41680" tlh="2405408" />
  <largest-consumer threadName="PmdThread 2" threadId="0000000000FA2400" bytes="1638792" />
</allocation-stats>
<gc-op id="128" type="mark" timems="3.813" contextid="125" timestamp="2019-07-02T19:51:26.928">
  <trace-info objectcount="65718" scancount="54980" scanbytes="1753272" />
  <finalization candidates="57" enqueued="0" />
  <ownableSynchronizers candidates="8" cleared="0" />
  <references type="soft" candidates="102" cleared="0" enqueued="0" dynamicThreshold="11" maxThreshold="32" />
  <references type="weak" candidates="860" cleared="139" enqueued="139" />
  <references type="phantom" candidates="88" cleared="0" enqueued="0" />
  <stringconstants candidates="4587" cleared="0"  />
</gc-op>
<gc-op id="129" type="sweep" timems="1.363" contextid="125" timestamp="2019-07-02T19:51:26.929" />
<gc-end id="130" type="global" contextid="125" durationms="5.522" usertimems="8.000" systemtimems="0.000" timestamp="2019-07-02T19:51:26.929" activeThreads="4">
  <mem-info id="131" free="2631408" total="8388608" percent="31">
    <mem type="tenure" free="2631408" total="8388608" percent="31" micro-fragmented="1797032" macro-fragmented="0">
      <mem type="soa" free="2212592" total="7969792" percent="27" />
      <mem type="loa" free="418816" total="418816" percent="100" />
    </mem>
    <pending-finalizers system="0" default="0" reference="139" classloader="0" />
  </mem-info>
</gc-end>
<cycle-end id="132" type="global" contextid="125" timestamp="2019-07-02T19:51:26.929">
  <attribute name="GC Util" value="158" />
  <attribute name="CPU Util" value="4769962927357" />
  <attribute name="Time Running"value="1451"/>
  <attribute name="Number of cores"value="4"/>
</cycle-end>
<allocation-satisfied id="133" threadId="0000000000FA2400" bytesRequested="144" />
<af-end id="134" timestamp="2019-07-02T19:51:26.930" threadId="0000000000FA2D88" success="true" />
<exclusive-end id="135" timestamp="2019-07-02T19:51:26.930" durationms="6.313" />

<exclusive-start id="136" timestamp="2019-07-02T19:51:26.936" intervalms="12.430">
  <response-info timems="0.066" idlems="0.066" threads="0" lastid="0000000000FA2400" lastname="PmdThread 2" />
</exclusive-start>
<af-start id="137" threadId="0000000000FA2D88" totalBytesRequested="48" timestamp="2019-07-02T19:51:26.936" intervalms="12.419" />
<cycle-start id="138" type="global" contextid="0" timestamp="2019-07-02T19:51:26.936" intervalms="12.423" />
  <attribute name="GC Util" value="158" />
  <attribute name="CPU Util" value="4769962927357" />
  <attribute name="Time Running"value="1451"/>
  <attribute name="Number of cores"value="4"/>
<gc-start id="139" type="global" contextid="138" timestamp="2019-07-02T19:51:26.936">
  <mem-info id="140" free="418816" total="8388608" percent="4">
    <mem type="tenure" free="418816" total="8388608" percent="4">
      <mem type="soa" free="0" total="7969792" percent="0" />
      <mem type="loa" free="418816" total="418816" percent="100" />
    </mem>
  </mem-info>
</gc-start>
<allocation-stats totalBytes="2121144" >
  <allocated-bytes non-tlh="22152" tlh="2098992" />
  <largest-consumer threadName="PmdThread 2" threadId="0000000000FA2400" bytes="1652984" />
</allocation-stats>
<gc-op id="141" type="mark" timems="4.222" contextid="138" timestamp="2019-07-02T19:51:26.940">
  <trace-info objectcount="68819" scancount="57830" scanbytes="1825872" />
  <finalization candidates="57" enqueued="0" />
  <ownableSynchronizers candidates="8" cleared="0" />
  <references type="soft" candidates="102" cleared="13" enqueued="13" dynamicThreshold="10" maxThreshold="32" />
  <references type="weak" candidates="877" cleared="156" enqueued="156" />
  <references type="phantom" candidates="87" cleared="0" enqueued="0" />
  <stringconstants candidates="4587" cleared="0"  />
</gc-op>
<gc-op id="142" type="sweep" timems="1.419" contextid="138" timestamp="2019-07-02T19:51:26.942" />
<heap-resize id="143" type="expand" space="tenure" amount="1048576" count="1" timems="0.031" reason="insufficient free space following gc" timestamp="2019-07-02T19:51:26.942" />
<gc-end id="144" type="global" contextid="138" durationms="6.178" usertimems="8.000" systemtimems="0.000" timestamp="2019-07-02T19:51:26.942" activeThreads="4">
  <mem-info id="145" free="3379040" total="9437184" percent="35">
    <mem type="tenure" free="3379040" total="9437184" percent="35" micro-fragmented="2375955" macro-fragmented="0">
      <mem type="soa" free="2908000" total="8966144" percent="32" />
      <mem type="loa" free="471040" total="471040" percent="100" />
    </mem>
    <pending-finalizers system="0" default="0" reference="169" classloader="0" />
  </mem-info>
</gc-end>
<cycle-end id="146" type="global" contextid="138" timestamp="2019-07-02T19:51:26.942">
  <attribute name="GC Util" value="148" />
  <attribute name="CPU Util" value="4365994066919" />
  <attribute name="Time Running"value="1463"/>
  <attribute name="Number of cores"value="4"/>
</cycle-end>
<allocation-satisfied id="147" threadId="0000000000FA2400" bytesRequested="48" />
<af-end id="148" timestamp="2019-07-02T19:51:26.943" threadId="0000000000FA2D88" success="true" />
<exclusive-end id="149" timestamp="2019-07-02T19:51:26.943" durationms="6.951" />

<exclusive-start id="150" timestamp="2019-07-02T19:51:26.951" intervalms="15.471">
  <response-info timems="0.086" idlems="0.056" threads="1" lastid="0000000000C9CB00" lastname="JIT Compilation Thread-2" />
</exclusive-start>
<af-start id="151" threadId="0000000000F9FD88" totalBytesRequested="88" timestamp="2019-07-02T19:51:26.951" intervalms="15.432" />
<cycle-start id="152" type="global" contextid="0" timestamp="2019-07-02T19:51:26.951" intervalms="15.389" />
  <attribute name="GC Util" value="148" />
  <attribute name="CPU Util" value="4365994066919" />
  <attribute name="Time Running"value="1463"/>
  <attribute name="Number of cores"value="4"/>
<gc-start id="153" type="global" contextid="152" timestamp="2019-07-02T19:51:26.951">
  <mem-info id="154" free="471040" total="9437184" percent="4">
    <mem type="tenure" free="471040" total="9437184" percent="4">
      <mem type="soa" free="0" total="8966144" percent="0" />
      <mem type="loa" free="471040" total="471040" percent="100" />
    </mem>
  </mem-info>
</gc-start>
<allocation-stats totalBytes="2824648" >
  <allocated-bytes non-tlh="117560" tlh="2707088" />
  <largest-consumer threadName="PmdThread 2" threadId="0000000000FA2400" bytes="2089720" />
</allocation-stats>
<gc-op id="155" type="mark" timems="2.534" contextid="152" timestamp="2019-07-02T19:51:26.954">
  <trace-info objectcount="71456" scancount="60198" scanbytes="1882904" />
  <finalization candidates="57" enqueued="0" />
  <ownableSynchronizers candidates="8" cleared="0" />
  <references type="soft" candidates="89" cleared="0" enqueued="0" dynamicThreshold="11" maxThreshold="32" />
  <references type="weak" candidates="909" cleared="188" enqueued="188" />
  <references type="phantom" candidates="87" cleared="0" enqueued="0" />
  <stringconstants candidates="4693" cleared="0"  />
</gc-op>
<gc-op id="156" type="sweep" timems="0.381" contextid="152" timestamp="2019-07-02T19:51:26.954" />
<heap-resize id="157" type="expand" space="tenure" amount="1638400" count="1" timems="0.032" reason="excessive time being spent in gc" timestamp="2019-07-02T19:51:26.955" />
<gc-end id="158" type="global" contextid="152" durationms="3.276" usertimems="8.000" systemtimems="0.000" timestamp="2019-07-02T19:51:26.955" activeThreads="4">
  <mem-info id="159" free="4774072" total="11075584" percent="43">
    <mem type="tenure" free="4774072" total="11075584" percent="43" micro-fragmented="2477314" macro-fragmented="0">
      <mem type="soa" free="4221112" total="10522624" percent="40" />
      <mem type="loa" free="552960" total="552960" percent="100" />
    </mem>
    <pending-finalizers system="0" default="0" reference="188" classloader="0" />
  </mem-info>
</gc-end>
<cycle-end id="160" type="global" contextid="152" timestamp="2019-07-02T19:51:26.955">
  <attribute name="GC Util" value="172" />
  <attribute name="CPU Util" value="7141192974957" />
  <attribute name="Time Running"value="1477"/>
  <attribute name="Number of cores"value="4"/>
</cycle-end>
<allocation-satisfied id="161" threadId="0000000000F9F400" bytesRequested="88" />
<af-end id="162" timestamp="2019-07-02T19:51:26.955" threadId="0000000000F9FD88" success="true" />
<exclusive-end id="163" timestamp="2019-07-02T19:51:26.955" durationms="3.771" />

<exclusive-start id="164" timestamp="2019-07-02T19:51:26.997" intervalms="45.587">
  <response-info timems="0.122" idlems="0.122" threads="0" lastid="0000000000F9FF00" lastname="PmdThread 4" />
</exclusive-start>
<af-start id="165" threadId="0000000000FA0888" totalBytesRequested="680" timestamp="2019-07-02T19:51:26.997" intervalms="45.634" />
<cycle-start id="166" type="global" contextid="0" timestamp="2019-07-02T19:51:26.997" intervalms="45.704" />
  <attribute name="GC Util" value="172" />
  <attribute name="CPU Util" value="7141192974957" />
  <attribute name="Time Running"value="1477"/>
  <attribute name="Number of cores"value="4"/>
<gc-start id="167" type="global" contextid="166" timestamp="2019-07-02T19:51:26.997">
  <mem-info id="168" free="552960" total="11075584" percent="4">
    <mem type="tenure" free="552960" total="11075584" percent="4">
      <mem type="soa" free="0" total="10522624" percent="0" />
      <mem type="loa" free="552960" total="552960" percent="100" />
    </mem>
  </mem-info>
</gc-start>
<allocation-stats totalBytes="4174832" >
  <allocated-bytes non-tlh="141296" tlh="4033536" />
  <largest-consumer threadName="PmdThread 4" threadId="0000000000F9FF00" bytes="1338168" />
</allocation-stats>
<gc-op id="169" type="mark" timems="3.577" contextid="166" timestamp="2019-07-02T19:51:27.001">
  <trace-info objectcount="85765" scancount="73499" scanbytes="2293540" />
  <finalization candidates="57" enqueued="0" />
  <ownableSynchronizers candidates="8" cleared="0" />
  <references type="soft" candidates="189" cleared="0" enqueued="0" dynamicThreshold="13" maxThreshold="32" />
  <references type="weak" candidates="768" cleared="46" enqueued="46" />
  <references type="phantom" candidates="88" cleared="1" enqueued="1" />
  <stringconstants candidates="4818" cleared="0"  />
</gc-op>
<gc-op id="170" type="sweep" timems="0.835" contextid="166" timestamp="2019-07-02T19:51:27.002" />
<heap-resize id="171" type="expand" space="tenure" amount="1900544" count="1" timems="0.034" reason="excessive time being spent in gc" timestamp="2019-07-02T19:51:27.002" />
<gc-end id="172" type="global" contextid="166" durationms="5.117" usertimems="8.000" systemtimems="0.000" timestamp="2019-07-02T19:51:27.002" activeThreads="4">
  <mem-info id="173" free="5298704" total="12976128" percent="40">
    <mem type="tenure" free="5298704" total="12976128" percent="40" micro-fragmented="3237554" macro-fragmented="0">
      <mem type="soa" free="4650512" total="12327936" percent="37" />
      <mem type="loa" free="648192" total="648192" percent="100" />
    </mem>
    <pending-finalizers system="0" default="0" reference="47" classloader="0" />
  </mem-info>
</gc-end>
<cycle-end id="174" type="global" contextid="166" timestamp="2019-07-02T19:51:27.002">
  <attribute name="GC Util" value="170" />
  <attribute name="CPU Util" value="4837216393828" />
  <attribute name="Time Running"value="1524"/>
  <attribute name="Number of cores"value="4"/>
</cycle-end>
<allocation-satisfied id="175" threadId="0000000000F9FF00" bytesRequested="680" />
<af-end id="176" timestamp="2019-07-02T19:51:27.003" threadId="0000000000FA0888" success="true" />
<exclusive-end id="177" timestamp="2019-07-02T19:51:27.003" durationms="6.005" />

<exclusive-start id="178" timestamp="2019-07-02T19:51:27.032" intervalms="35.397">
  <response-info timems="0.169" idlems="0.169" threads="0" lastid="0000000000FA2400" lastname="PmdThread 2" />
</exclusive-start>
<af-start id="179" threadId="0000000000FA2D88" totalBytesRequested="24" timestamp="2019-07-02T19:51:27.032" intervalms="35.400" />
<cycle-start id="180" type="global" contextid="0" timestamp="2019-07-02T19:51:27.032" intervalms="35.373" />
  <attribute name="GC Util" value="170" />
  <attribute name="CPU Util" value="4837216393828" />
  <attribute name="Time Running"value="1524"/>
  <attribute name="Number of cores"value="4"/>
<gc-start id="181" type="global" contextid="180" timestamp="2019-07-02T19:51:27.033">
  <mem-info id="182" free="648192" total="12976128" percent="4">
    <mem type="tenure" free="648192" total="12976128" percent="4">
      <mem type="soa" free="0" total="12327936" percent="0" />
      <mem type="loa" free="648192" total="648192" percent="100" />
    </mem>
  </mem-info>
</gc-start>
<allocation-stats totalBytes="4599840" >
  <allocated-bytes non-tlh="202136" tlh="4397704" />
  <largest-consumer threadName="PmdThread 4" threadId="0000000000F9FF00" bytes="1346888" />
</allocation-stats>
<gc-op id="183" type="mark" timems="5.397" contextid="180" timestamp="2019-07-02T19:51:27.038">
  <trace-info objectcount="93015" scancount="80193" scanbytes="2473576" />
  <finalization candidates="57" enqueued="0" />
  <ownableSynchronizers candidates="8" cleared="0" />
  <references type="soft" candidates="198" cleared="0" enqueued="0" dynamicThreshold="13" maxThreshold="32" />
  <references type="weak" candidates="766" cleared="43" enqueued="43" />
  <references type="phantom" candidates="89" cleared="2" enqueued="2" />
  <stringconstants candidates="4868" cleared="0"  />
</gc-op>
<gc-op id="184" type="sweep" timems="1.441" contextid="180" timestamp="2019-07-02T19:51:27.040" />
<heap-resize id="185" type="expand" space="tenure" amount="2228224" count="1" timems="0.039" reason="excessive time being spent in gc" timestamp="2019-07-02T19:51:27.040" />
<gc-end id="186" type="global" contextid="180" durationms="7.312" usertimems="8.000" systemtimems="4.000" timestamp="2019-07-02T19:51:27.040" activeThreads="4">
  <mem-info id="187" free="6827536" total="15204352" percent="44">
    <mem type="tenure" free="6827536" total="15204352" percent="44" micro-fragmented="3379448" macro-fragmented="0">
      <mem type="soa" free="6067728" total="14444544" percent="42" />
      <mem type="loa" free="759808" total="759808" percent="100" />
    </mem>
    <pending-finalizers system="0" default="0" reference="45" classloader="0" />
  </mem-info>
</gc-end>
<cycle-end id="188" type="global" contextid="180" timestamp="2019-07-02T19:51:27.040">
  <attribute name="GC Util" value="158" />
  <attribute name="CPU Util" value="3394003323157" />
  <attribute name="Time Running"value="1561"/>
  <attribute name="Number of cores"value="4"/>
</cycle-end>
<allocation-satisfied id="189" threadId="0000000000FA2400" bytesRequested="24" />
<af-end id="190" timestamp="2019-07-02T19:51:27.040" threadId="0000000000FA2D88" success="true" />
<exclusive-end id="191" timestamp="2019-07-02T19:51:27.040" durationms="8.073" />

<exclusive-start id="192" timestamp="2019-07-02T19:51:27.079" intervalms="47.213">
  <response-info timems="0.081" idlems="0.053" threads="1" lastid="0000000000F9E800" lastname="PmdThread 1" />
</exclusive-start>
<af-start id="193" threadId="0000000000F9FD88" totalBytesRequested="8200" timestamp="2019-07-02T19:51:27.080" intervalms="47.212" />
<cycle-start id="194" type="global" contextid="0" timestamp="2019-07-02T19:51:27.080" intervalms="47.195" />
  <attribute name="GC Util" value="158" />
  <attribute name="CPU Util" value="3394003323157" />
  <attribute name="Time Running"value="1561"/>
  <attribute name="Number of cores"value="4"/>
<gc-start id="195" type="global" contextid="194" timestamp="2019-07-02T19:51:27.080">
  <mem-info id="196" free="759808" total="15204352" percent="4">
    <mem type="tenure" free="759808" total="15204352" percent="4">
      <mem type="soa" free="0" total="14444544" percent="0" />
      <mem type="loa" free="759808" total="759808" percent="100" />
    </mem>
  </mem-info>
</gc-start>
<allocation-stats totalBytes="6035680" >
  <allocated-bytes non-tlh="74464" tlh="5961216" />
  <largest-consumer threadName="PmdThread 2" threadId="0000000000FA2400" bytes="1970800" />
</allocation-stats>
<gc-op id="197" type="mark" timems="3.550" contextid="194" timestamp="2019-07-02T19:51:27.083">
  <trace-info objectcount="97830" scancount="84750" scanbytes="2631712" />
  <finalization candidates="57" enqueued="0" />
  <ownableSynchronizers candidates="8" cleared="0" />
  <references type="soft" candidates="205" cleared="0" enqueued="0" dynamicThreshold="14" maxThreshold="32" />
  <references type="weak" candidates="788" cleared="65" enqueued="65" />
  <references type="phantom" candidates="120" cleared="17" enqueued="17" />
  <stringconstants candidates="4879" cleared="0"  />
</gc-op>
<gc-op id="198" type="sweep" timems="0.472" contextid="194" timestamp="2019-07-02T19:51:27.084" />
<heap-resize id="199" type="expand" space="tenure" amount="2621440" count="1" timems="0.055" reason="excessive time being spent in gc" timestamp="2019-07-02T19:51:27.084" />
<gc-end id="200" type="global" contextid="194" durationms="4.363" usertimems="8.000" systemtimems="0.000" timestamp="2019-07-02T19:51:27.084" activeThreads="4">
  <mem-info id="201" free="9052640" total="17825792" percent="50">
    <mem type="tenure" free="9052640" total="17825792" percent="50" micro-fragmented="3425018" macro-fragmented="0">
      <mem type="soa" free="8161760" total="16934912" percent="48" />
      <mem type="loa" free="890880" total="890880" percent="100" />
    </mem>
    <pending-finalizers system="0" default="0" reference="82" classloader="0" />
  </mem-info>
</gc-end>
<cycle-end id="202" type="global" contextid="194" timestamp="2019-07-02T19:51:27.084">
  <attribute name="GC Util" value="168" />
  <attribute name="CPU Util" value="5119049044660" />
  <attribute name="Time Running"value="1606"/>
  <attribute name="Number of cores"value="4"/>
</cycle-end>
<allocation-satisfied id="203" threadId="0000000000F9F400" bytesRequested="8200" />
<af-end id="204" timestamp="2019-07-02T19:51:27.084" threadId="0000000000F9FD88" success="true" />
<exclusive-end id="205" timestamp="2019-07-02T19:51:27.084" durationms="4.884" />

<exclusive-start id="206" timestamp="2019-07-02T19:51:27.134" intervalms="54.968">
  <response-info timems="0.108" idlems="0.108" threads="0" lastid="0000000000F9E800" lastname="PmdThread 1" />
</exclusive-start>
<af-start id="207" threadId="0000000000F9F188" totalBytesRequested="24" timestamp="2019-07-02T19:51:27.135" intervalms="55.010" />
<cycle-start id="208" type="global" contextid="0" timestamp="2019-07-02T19:51:27.135" intervalms="55.017" />
  <attribute name="GC Util" value="168" />
  <attribute name="CPU Util" value="5119049044660" />
  <attribute name="Time Running"value="1606"/>
  <attribute name="Number of cores"value="4"/>
<gc-start id="209" type="global" contextid="208" timestamp="2019-07-02T19:51:27.135">
  <mem-info id="210" free="890880" total="17825792" percent="4">
    <mem type="tenure" free="890880" total="17825792" percent="4">
      <mem type="soa" free="0" total="16934912" percent="0" />
      <mem type="loa" free="890880" total="890880" percent="100" />
    </mem>
  </mem-info>
</gc-start>
<allocation-stats totalBytes="8022672" >
  <allocated-bytes non-tlh="1034976" tlh="6987696" />
  <largest-consumer threadName="PmdThread 2" threadId="0000000000FA2400" bytes="3318864" />
</allocation-stats>
<gc-op id="211" type="mark" timems="2.319" contextid="208" timestamp="2019-07-02T19:51:27.137">
  <trace-info objectcount="88353" scancount="75358" scanbytes="2292568" />
  <finalization candidates="57" enqueued="0" />
  <ownableSynchronizers candidates="8" cleared="0" />
  <references type="soft" candidates="216" cleared="0" enqueued="0" dynamicThreshold="16" maxThreshold="32" />
  <references type="weak" candidates="924" cleared="201" enqueued="201" />
  <references type="phantom" candidates="125" cleared="20" enqueued="20" />
  <stringconstants candidates="4963" cleared="0"  />
</gc-op>
<gc-op id="212" type="sweep" timems="0.510" contextid="208" timestamp="2019-07-02T19:51:27.138" />
<gc-end id="213" type="global" contextid="208" durationms="3.093" usertimems="4.000" systemtimems="4.000" timestamp="2019-07-02T19:51:27.138" activeThreads="4">
  <mem-info id="214" free="9840856" total="17825792" percent="55">
    <mem type="tenure" free="9840856" total="17825792" percent="55" micro-fragmented="2967567" macro-fragmented="0">
      <mem type="soa" free="8949976" total="16934912" percent="52" />
      <mem type="loa" free="890880" total="890880" percent="100" />
    </mem>
    <pending-finalizers system="0" default="0" reference="221" classloader="0" />
  </mem-info>
</gc-end>
<cycle-end id="215" type="global" contextid="208" timestamp="2019-07-02T19:51:27.138">
  <attribute name="GC Util" value="170" />
  <attribute name="CPU Util" value="7714048932115" />
  <attribute name="Time Running"value="1660"/>
  <attribute name="Number of cores"value="4"/>
</cycle-end>
<allocation-satisfied id="216" threadId="0000000000F9E800" bytesRequested="24" />
<af-end id="217" timestamp="2019-07-02T19:51:27.138" threadId="0000000000F9F188" success="true" />
<exclusive-end id="218" timestamp="2019-07-02T19:51:27.138" durationms="3.735" />

<exclusive-start id="219" timestamp="2019-07-02T19:51:27.169" intervalms="34.440">
  <response-info timems="0.086" idlems="0.054" threads="1" lastid="0000000000FA2400" lastname="PmdThread 2" />
</exclusive-start>
<af-start id="220" threadId="0000000000F9F188" totalBytesRequested="32" timestamp="2019-07-02T19:51:27.169" intervalms="34.397" />
<cycle-start id="221" type="global" contextid="0" timestamp="2019-07-02T19:51:27.169" intervalms="34.446" />
  <attribute name="GC Util" value="170" />
  <attribute name="CPU Util" value="7714048932115" />
  <attribute name="Time Running"value="1660"/>
  <attribute name="Number of cores"value="4"/>
<gc-start id="222" type="global" contextid="221" timestamp="2019-07-02T19:51:27.169">
  <mem-info id="223" free="890880" total="17825792" percent="4">
    <mem type="tenure" free="890880" total="17825792" percent="4">
      <mem type="soa" free="0" total="16934912" percent="0" />
      <mem type="loa" free="890880" total="890880" percent="100" />
    </mem>
  </mem-info>
</gc-start>
<allocation-stats totalBytes="8817616" >
  <allocated-bytes non-tlh="1888288" tlh="6929328" />
  <largest-consumer threadName="PmdThread 4" threadId="0000000000F9FF00" bytes="2772136" />
</allocation-stats>
<gc-op id="224" type="mark" timems="2.448" contextid="221" timestamp="2019-07-02T19:51:27.172">
  <trace-info objectcount="85828" scancount="72700" scanbytes="2193612" />
  <finalization candidates="57" enqueued="0" />
  <ownableSynchronizers candidates="8" cleared="0" />
  <references type="soft" candidates="216" cleared="0" enqueued="0" dynamicThreshold="17" maxThreshold="32" />
  <references type="weak" candidates="888" cleared="165" enqueued="165" />
  <references type="phantom" candidates="146" cleared="30" enqueued="30" />
  <stringconstants candidates="4963" cleared="0"  />
</gc-op>
<gc-op id="225" type="sweep" timems="0.514" contextid="221" timestamp="2019-07-02T19:51:27.172" />
<gc-end id="226" type="global" contextid="221" durationms="3.292" usertimems="4.000" systemtimems="4.000" timestamp="2019-07-02T19:51:27.173" activeThreads="4">
  <mem-info id="227" free="9905488" total="17825792" percent="55">
    <mem type="tenure" free="9905488" total="17825792" percent="55" micro-fragmented="2814426" macro-fragmented="0">
      <mem type="soa" free="9014608" total="16934912" percent="53" />
      <mem type="loa" free="890880" total="890880" percent="100" />
    </mem>
    <pending-finalizers system="0" default="0" reference="195" classloader="0" />
  </mem-info>
</gc-end>
<cycle-end id="228" type="global" contextid="221" timestamp="2019-07-02T19:51:27.173">
  <attribute name="GC Util" value="163" />
  <attribute name="CPU Util" value="7545183610840" />
  <attribute name="Time Running"value="1695"/>
  <attribute name="Number of cores"value="4"/>
</cycle-end>
<allocation-satisfied id="229" threadId="0000000000F9E800" bytesRequested="32" />
<af-end id="230" timestamp="2019-07-02T19:51:27.173" threadId="0000000000F9F188" success="true" />
<exclusive-end id="231" timestamp="2019-07-02T19:51:27.173" durationms="4.010" />

<exclusive-start id="232" timestamp="2019-07-02T19:51:27.210" intervalms="40.751">
  <response-info timems="0.110" idlems="0.110" threads="0" lastid="0000000000FA2400" lastname="PmdThread 2" />
</exclusive-start>
<af-start id="233" threadId="0000000000FA2D88" totalBytesRequested="8200" timestamp="2019-07-02T19:51:27.210" intervalms="40.765" />
<cycle-start id="234" type="global" contextid="0" timestamp="2019-07-02T19:51:27.210" intervalms="40.739" />
  <attribute name="GC Util" value="163" />
  <attribute name="CPU Util" value="7545183610840" />
  <attribute name="Time Running"value="1695"/>
  <attribute name="Number of cores"value="4"/>
<gc-start id="235" type="global" contextid="234" timestamp="2019-07-02T19:51:27.210">
  <mem-info id="236" free="890880" total="17825792" percent="4">
    <mem type="tenure" free="890880" total="17825792" percent="4">
      <mem type="soa" free="0" total="16934912" percent="0" />
      <mem type="loa" free="890880" total="890880" percent="100" />
    </mem>
  </mem-info>
</gc-start>
<allocation-stats totalBytes="8865048" >
  <allocated-bytes non-tlh="1719536" tlh="7145512" />
  <largest-consumer threadName="PmdThread 3" threadId="0000000000F9F400" bytes="2931048" />
</allocation-stats>
<gc-op id="237" type="mark" timems="2.180" contextid="234" timestamp="2019-07-02T19:51:27.212">
  <trace-info objectcount="83851" scancount="70815" scanbytes="2124080" />
  <finalization candidates="57" enqueued="0" />
  <ownableSynchronizers candidates="8" cleared="0" />
  <references type="soft" candidates="216" cleared="0" enqueued="0" dynamicThreshold="17" maxThreshold="32" />
  <references type="weak" candidates="897" cleared="173" enqueued="173" />
  <references type="phantom" candidates="156" cleared="34" enqueued="34" />
  <stringconstants candidates="4972" cleared="0"  />
</gc-op>
<gc-op id="238" type="sweep" timems="0.511" contextid="234" timestamp="2019-07-02T19:51:27.213" />
<gc-end id="239" type="global" contextid="234" durationms="2.962" usertimems="4.000" systemtimems="4.000" timestamp="2019-07-02T19:51:27.213" activeThreads="4">
  <mem-info id="240" free="10187504" total="17825792" percent="57">
    <mem type="tenure" free="10187504" total="17825792" percent="57" micro-fragmented="2420701" macro-fragmented="0">
      <mem type="soa" free="9296624" total="16934912" percent="54" />
      <mem type="loa" free="890880" total="890880" percent="100" />
    </mem>
    <pending-finalizers system="0" default="0" reference="207" classloader="0" />
  </mem-info>
</gc-end>
<cycle-end id="241" type="global" contextid="234" timestamp="2019-07-02T19:51:27.213">
  <attribute name="GC Util" value="162" />
  <attribute name="CPU Util" value="8438085795927" />
  <attribute name="Time Running"value="1735"/>
  <attribute name="Number of cores"value="4"/>
</cycle-end>
<allocation-satisfied id="242" threadId="0000000000FA2400" bytesRequested="8200" />
<af-end id="243" timestamp="2019-07-02T19:51:27.213" threadId="0000000000FA2D88" success="true" />
<exclusive-end id="244" timestamp="2019-07-02T19:51:27.213" durationms="3.477" />

<exclusive-start id="245" timestamp="2019-07-02T19:51:27.241" intervalms="30.948">
  <response-info timems="0.101" idlems="0.071" threads="2" lastid="0000000000FA2400" lastname="PmdThread 2" />
</exclusive-start>
<af-start id="246" threadId="0000000000F9F188" totalBytesRequested="56" timestamp="2019-07-02T19:51:27.241" intervalms="30.914" />
<cycle-start id="247" type="global" contextid="0" timestamp="2019-07-02T19:51:27.241" intervalms="30.868" />
  <attribute name="GC Util" value="162" />
  <attribute name="CPU Util" value="8438085795927" />
  <attribute name="Time Running"value="1735"/>
  <attribute name="Number of cores"value="4"/>
<gc-start id="248" type="global" contextid="247" timestamp="2019-07-02T19:51:27.241">
  <mem-info id="249" free="890880" total="17825792" percent="4">
    <mem type="tenure" free="890880" total="17825792" percent="4">
      <mem type="soa" free="0" total="16934912" percent="0" />
      <mem type="loa" free="890880" total="890880" percent="100" />
    </mem>
  </mem-info>
</gc-start>
<allocation-stats totalBytes="9142984" >
  <allocated-bytes non-tlh="1905464" tlh="7237520" />
  <largest-consumer threadName="PmdThread 3" threadId="0000000000F9F400" bytes="3417872" />
</allocation-stats>
<gc-op id="250" type="mark" timems="3.846" contextid="247" timestamp="2019-07-02T19:51:27.245">
  <trace-info objectcount="96645" scancount="82281" scanbytes="2550180" />
  <finalization candidates="57" enqueued="0" />
  <ownableSynchronizers candidates="8" cleared="0" />
  <references type="soft" candidates="216" cleared="0" enqueued="0" dynamicThreshold="18" maxThreshold="32" />
  <references type="weak" candidates="874" cleared="151" enqueued="151" />
  <references type="phantom" candidates="152" cleared="29" enqueued="29" />
  <stringconstants candidates="4972" cleared="0"  />
</gc-op>
<gc-op id="251" type="sweep" timems="1.017" contextid="247" timestamp="2019-07-02T19:51:27.246" />
<gc-end id="252" type="global" contextid="247" durationms="5.370" usertimems="12.000" systemtimems="0.000" timestamp="2019-07-02T19:51:27.246" activeThreads="4">
  <mem-info id="253" free="8802544" total="17825792" percent="49">
    <mem type="tenure" free="8802544" total="17825792" percent="49" micro-fragmented="3499889" macro-fragmented="0">
      <mem type="soa" free="7911664" total="16934912" percent="46" />
      <mem type="loa" free="890880" total="890880" percent="100" />
    </mem>
    <pending-finalizers system="0" default="0" reference="180" classloader="0" />
  </mem-info>
</gc-end>
<cycle-end id="254" type="global" contextid="247" timestamp="2019-07-02T19:51:27.246">
  <attribute name="GC Util" value="177" />
  <attribute name="CPU Util" value="4520352297569" />
  <attribute name="Time Running"value="1768"/>
  <attribute name="Number of cores"value="4"/>
</cycle-end>
<allocation-satisfied id="255" threadId="0000000000F9E800" bytesRequested="56" />
<af-end id="256" timestamp="2019-07-02T19:51:27.247" threadId="0000000000F9F188" success="true" />
<exclusive-end id="257" timestamp="2019-07-02T19:51:27.247" durationms="6.157" />

<exclusive-start id="258" timestamp="2019-07-02T19:51:27.268" intervalms="27.095">
  <response-info timems="0.525" idlems="0.525" threads="0" lastid="0000000000FA2400" lastname="PmdThread 2" />
</exclusive-start>
<af-start id="259" threadId="0000000000FA2D88" totalBytesRequested="64" timestamp="2019-07-02T19:51:27.268" intervalms="27.098" />
<cycle-start id="260" type="global" contextid="0" timestamp="2019-07-02T19:51:27.268" intervalms="27.101" />
  <attribute name="GC Util" value="177" />
  <attribute name="CPU Util" value="4520352297569" />
  <attribute name="Time Running"value="1768"/>
  <attribute name="Number of cores"value="4"/>
<gc-start id="261" type="global" contextid="260" timestamp="2019-07-02T19:51:27.268">
  <mem-info id="262" free="890880" total="17825792" percent="4">
    <mem type="tenure" free="890880" total="17825792" percent="4">
      <mem type="soa" free="0" total="16934912" percent="0" />
      <mem type="loa" free="890880" total="890880" percent="100" />
    </mem>
  </mem-info>
</gc-start>
<allocation-stats totalBytes="7849888" >
  <allocated-bytes non-tlh="249496" tlh="7600392" />
  <largest-consumer threadName="PmdThread 3" threadId="0000000000F9F400" bytes="3334048" />
</allocation-stats>
<gc-op id="263" type="mark" timems="3.425" contextid="260" timestamp="2019-07-02T19:51:27.271">
  <trace-info objectcount="125703" scancount="109607" scanbytes="3555332" />
  <finalization candidates="57" enqueued="0" />
  <ownableSynchronizers candidates="8" cleared="0" />
  <references type="soft" candidates="216" cleared="0" enqueued="0" dynamicThreshold="15" maxThreshold="32" />
  <references type="weak" candidates="748" cleared="25" enqueued="25" />
  <references type="phantom" candidates="126" cleared="3" enqueued="3" />
  <stringconstants candidates="4972" cleared="0"  />
</gc-op>
<gc-op id="264" type="sweep" timems="1.077" contextid="260" timestamp="2019-07-02T19:51:27.273" />
<heap-resize id="265" type="loa contract" space="tenure" amount="301056" count="1" timems="0.000" reason="contract to meet minimum soa" timestamp="2019-07-02T19:51:27.273" />
<gc-end id="266" type="global" contextid="260" durationms="4.849" usertimems="12.000" systemtimems="0.000" timestamp="2019-07-02T19:51:27.273" activeThreads="4">
  <mem-info id="267" free="5795040" total="17825792" percent="32">
    <mem type="tenure" free="5795040" total="17825792" percent="32" micro-fragmented="5137734" macro-fragmented="0">
      <mem type="soa" free="5205216" total="17235968" percent="30" />
      <mem type="loa" free="589824" total="589824" percent="100" />
    </mem>
    <pending-finalizers system="0" default="0" reference="28" classloader="0" />
  </mem-info>
</gc-end>
<cycle-end id="268" type="global" contextid="260" timestamp="2019-07-02T19:51:27.273">
  <attribute name="GC Util" value="188" />
  <attribute name="CPU Util" value="5278766359802" />
  <attribute name="Time Running"value="1794"/>
  <attribute name="Number of cores"value="4"/>
</cycle-end>
<allocation-satisfied id="269" threadId="0000000000FA2400" bytesRequested="64" />
<af-end id="270" timestamp="2019-07-02T19:51:27.273" threadId="0000000000FA2D88" success="true" />
<exclusive-end id="271" timestamp="2019-07-02T19:51:27.273" durationms="5.237" />

<exclusive-start id="272" timestamp="2019-07-02T19:51:27.285" intervalms="17.732">
  <response-info timems="0.067" idlems="0.067" threads="0" lastid="0000000000FA2400" lastname="PmdThread 2" />
</exclusive-start>
<af-start id="273" threadId="0000000000FA2D88" totalBytesRequested="544" timestamp="2019-07-02T19:51:27.285" intervalms="17.731" />
<cycle-start id="274" type="global" contextid="0" timestamp="2019-07-02T19:51:27.286" intervalms="17.752" />
  <attribute name="GC Util" value="188" />
  <attribute name="CPU Util" value="5278766359802" />
  <attribute name="Time Running"value="1794"/>
  <attribute name="Number of cores"value="4"/>
<gc-start id="275" type="global" contextid="274" timestamp="2019-07-02T19:51:27.286">
  <mem-info id="276" free="589824" total="17825792" percent="3">
    <mem type="tenure" free="589824" total="17825792" percent="3">
      <mem type="soa" free="0" total="17235968" percent="0" />
      <mem type="loa" free="589824" total="589824" percent="100" />
    </mem>
  </mem-info>
</gc-start>
<allocation-stats totalBytes="5136696" >
  <allocated-bytes non-tlh="151752" tlh="4984944" />
  <largest-consumer threadName="PmdThread 3" threadId="0000000000F9F400" bytes="1783608" />
</allocation-stats>
<gc-op id="277" type="mark" timems="4.417" contextid="274" timestamp="2019-07-02T19:51:27.290">
  <trace-info objectcount="156721" scancount="138637" scanbytes="4603928" />
  <finalization candidates="57" enqueued="0" />
  <ownableSynchronizers candidates="8" cleared="0" />
  <references type="soft" candidates="216" cleared="18" enqueued="14" dynamicThreshold="10" maxThreshold="32" />
  <references type="weak" candidates="797" cleared="74" enqueued="74" />
  <references type="phantom" candidates="124" cleared="2" enqueued="2" />
  <stringconstants candidates="4972" cleared="1"  />
</gc-op>
<gc-op id="278" type="sweep" timems="0.573" contextid="274" timestamp="2019-07-02T19:51:27.291" />
<heap-resize id="279" type="expand" space="tenure" amount="3932160" count="1" timems="0.056" reason="insufficient free space following gc" timestamp="2019-07-02T19:51:27.291" />
<heap-resize id="280" type="loa contract" space="tenure" amount="243712" count="1" timems="0.000" reason="contract to meet minimum soa" timestamp="2019-07-02T19:51:27.291" />
<gc-end id="281" type="global" contextid="274" durationms="5.715" usertimems="12.000" systemtimems="0.000" timestamp="2019-07-02T19:51:27.291" activeThreads="4">
  <mem-info id="282" free="6567976" total="21757952" percent="30">
    <mem type="tenure" free="6567976" total="21757952" percent="30" micro-fragmented="6876978" macro-fragmented="0">
      <mem type="soa" free="6091816" total="21281792" percent="28" />
      <mem type="loa" free="476160" total="476160" percent="100" />
    </mem>
    <pending-finalizers system="0" default="0" reference="90" classloader="0" />
  </mem-info>
</gc-end>
<cycle-end id="283" type="global" contextid="274" timestamp="2019-07-02T19:51:27.292">
  <attribute name="GC Util" value="239" />
  <attribute name="CPU Util" value="4364672813132" />
  <attribute name="Time Running"value="1813"/>
  <attribute name="Number of cores"value="4"/>
</cycle-end>
<allocation-satisfied id="284" threadId="0000000000FA2400" bytesRequested="544" />
<af-end id="285" timestamp="2019-07-02T19:51:27.292" threadId="0000000000FA2D88" success="true" />
<exclusive-end id="286" timestamp="2019-07-02T19:51:27.292" durationms="6.506" />

<exclusive-start id="287" timestamp="2019-07-02T19:51:27.306" intervalms="20.298">
  <response-info timems="0.068" idlems="0.039" threads="1" lastid="0000000000F9E800" lastname="PmdThread 1" />
</exclusive-start>
<af-start id="288" threadId="0000000000FA2D88" totalBytesRequested="464" timestamp="2019-07-02T19:51:27.306" intervalms="20.295" />
<cycle-start id="289" type="global" contextid="0" timestamp="2019-07-02T19:51:27.306" intervalms="20.305" />
  <attribute name="GC Util" value="239" />
  <attribute name="CPU Util" value="4364672813132" />
  <attribute name="Time Running"value="1813"/>
  <attribute name="Number of cores"value="4"/>
<gc-start id="290" type="global" contextid="289" timestamp="2019-07-02T19:51:27.306">
  <mem-info id="291" free="476160" total="21757952" percent="2">
    <mem type="tenure" free="476160" total="21757952" percent="2">
      <mem type="soa" free="0" total="21281792" percent="0" />
      <mem type="loa" free="476160" total="476160" percent="100" />
    </mem>
  </mem-info>
</gc-start>
<allocation-stats totalBytes="5957024" >
  <allocated-bytes non-tlh="110944" tlh="5846080" />
  <largest-consumer threadName="PmdThread 3" threadId="0000000000F9F400" bytes="4147376" />
</allocation-stats>
<gc-op id="292" type="mark" timems="3.228" contextid="289" timestamp="2019-07-02T19:51:27.309">
  <trace-info objectcount="163945" scancount="145994" scanbytes="4870844" />
  <finalization candidates="57" enqueued="0" />
  <ownableSynchronizers candidates="8" cleared="0" />
  <references type="soft" candidates="198" cleared="37" enqueued="37" dynamicThreshold="9" maxThreshold="32" />
  <references type="weak" candidates="946" cleared="223" enqueued="223" />
  <references type="phantom" candidates="123" cleared="1" enqueued="1" />
  <stringconstants candidates="4971" cleared="0"  />
</gc-op>
<gc-op id="293" type="sweep" timems="0.579" contextid="289" timestamp="2019-07-02T19:51:27.310" />
<heap-resize id="294" type="expand" space="tenure" amount="1048576" count="1" timems="0.064" reason="insufficient free space following gc" timestamp="2019-07-02T19:51:27.310" />
<heap-resize id="295" type="loa contract" space="tenure" amount="168960" count="1" timems="0.000" reason="contract to meet minimum soa" timestamp="2019-07-02T19:51:27.310" />
<gc-end id="296" type="global" contextid="289" durationms="4.270" usertimems="4.000" systemtimems="8.000" timestamp="2019-07-02T19:51:27.310" activeThreads="4">
  <mem-info id="297" free="6855944" total="22806528" percent="30">
    <mem type="tenure" free="6855944" total="22806528" percent="30" micro-fragmented="6732639" macro-fragmented="0">
      <mem type="soa" free="6526216" total="22476800" percent="29" />
      <mem type="loa" free="329728" total="329728" percent="100" />
    </mem>
    <pending-finalizers system="0" default="0" reference="261" classloader="0" />
  </mem-info>
</gc-end>
<cycle-end id="298" type="global" contextid="289" timestamp="2019-07-02T19:51:27.310">
  <attribute name="GC Util" value="254" />
  <attribute name="CPU Util" value="5570005453110" />
  <attribute name="Time Running"value="1832"/>
  <attribute name="Number of cores"value="4"/>
</cycle-end>
<allocation-satisfied id="299" threadId="0000000000FA2400" bytesRequested="464" />
<af-end id="300" timestamp="2019-07-02T19:51:27.311" threadId="0000000000FA2D88" success="true" />
<exclusive-end id="301" timestamp="2019-07-02T19:51:27.311" durationms="5.048" />

<exclusive-start id="302" timestamp="2019-07-02T19:51:27.327" intervalms="21.024">
  <response-info timems="0.216" idlems="0.118" threads="1" lastid="0000000000F9FF00" lastname="PmdThread 4" />
</exclusive-start>
<af-start id="303" threadId="0000000000FA2D88" totalBytesRequested="72" timestamp="2019-07-02T19:51:27.327" intervalms="21.023" />
<cycle-start id="304" type="global" contextid="0" timestamp="2019-07-02T19:51:27.327" intervalms="21.000" />
  <attribute name="GC Util" value="254" />
  <attribute name="CPU Util" value="5570005453110" />
  <attribute name="Time Running"value="1832"/>
  <attribute name="Number of cores"value="4"/>
<gc-start id="305" type="global" contextid="304" timestamp="2019-07-02T19:51:27.327">
  <mem-info id="306" free="329728" total="22806528" percent="1">
    <mem type="tenure" free="329728" total="22806528" percent="1">
      <mem type="soa" free="0" total="22476800" percent="0" />
      <mem type="loa" free="329728" total="329728" percent="100" />
    </mem>
  </mem-info>
</gc-start>
<allocation-stats totalBytes="6419072" >
  <allocated-bytes non-tlh="95456" tlh="6323616" />
  <largest-consumer threadName="PmdThread 3" threadId="0000000000F9F400" bytes="2505232" />
</allocation-stats>
<heap-resize id="307" type="loa contract" space="tenure" amount="102400" count="1" timems="0.000" reason="contract underutilized loa" timestamp="2019-07-02T19:51:27.327" />
<gc-op id="308" type="mark" timems="3.226" contextid="304" timestamp="2019-07-02T19:51:27.330">
  <trace-info objectcount="161125" scancount="142612" scanbytes="4765920" />
  <finalization candidates="57" enqueued="0" />
  <ownableSynchronizers candidates="8" cleared="0" />
  <references type="soft" candidates="161" cleared="9" enqueued="8" dynamicThreshold="9" maxThreshold="32" />
  <references type="weak" candidates="886" cleared="163" enqueued="163" />
  <references type="phantom" candidates="127" cleared="5" enqueued="5" />
  <stringconstants candidates="4971" cleared="14"  />
</gc-op>
<gc-op id="309" type="sweep" timems="0.621" contextid="304" timestamp="2019-07-02T19:51:27.331" />
<heap-resize id="310" type="expand" space="tenure" amount="3932160" count="1" timems="0.098" reason="excessive time being spent in gc" timestamp="2019-07-02T19:51:27.331" />
<gc-end id="311" type="global" contextid="304" durationms="4.298" usertimems="12.000" systemtimems="0.000" timestamp="2019-07-02T19:51:27.331" activeThreads="4">
  <mem-info id="312" free="11355464" total="26738688" percent="42">
    <mem type="tenure" free="11355464" total="26738688" percent="42" micro-fragmented="6218654" macro-fragmented="0">
      <mem type="soa" free="11088200" total="26471424" percent="41" />
      <mem type="loa" free="267264" total="267264" percent="100" />
    </mem>
    <pending-finalizers system="0" default="0" reference="176" classloader="0" />
  </mem-info>
</gc-end>
<cycle-end id="313" type="global" contextid="304" timestamp="2019-07-02T19:51:27.331">
  <attribute name="GC Util" value="251" />
  <attribute name="CPU Util" value="5590222281129" />
  <attribute name="Time Running"value="1853"/>
  <attribute name="Number of cores"value="4"/>
</cycle-end>
<allocation-satisfied id="314" threadId="0000000000FA2400" bytesRequested="72" />
<af-end id="315" timestamp="2019-07-02T19:51:27.331" threadId="0000000000FA2D88" success="true" />
<exclusive-end id="316" timestamp="2019-07-02T19:51:27.331" durationms="4.709" />

<exclusive-start id="317" timestamp="2019-07-02T19:51:27.358" intervalms="30.876">
  <response-info timems="0.032" idlems="0.032" threads="0" lastid="0000000000F9E800" lastname="PmdThread 1" />
</exclusive-start>
<af-start id="318" threadId="0000000000F9F188" totalBytesRequested="40" timestamp="2019-07-02T19:51:27.358" intervalms="30.933" />
<cycle-start id="319" type="global" contextid="0" timestamp="2019-07-02T19:51:27.358" intervalms="31.012" />
  <attribute name="GC Util" value="251" />
  <attribute name="CPU Util" value="5590222281129" />
  <attribute name="Time Running"value="1853"/>
  <attribute name="Number of cores"value="4"/>
<gc-start id="320" type="global" contextid="319" timestamp="2019-07-02T19:51:27.358">
  <mem-info id="321" free="267264" total="26738688" percent="0">
    <mem type="tenure" free="267264" total="26738688" percent="0">
      <mem type="soa" free="0" total="26471424" percent="0" />
      <mem type="loa" free="267264" total="267264" percent="100" />
    </mem>
  </mem-info>
</gc-start>
<allocation-stats totalBytes="10962704" >
  <allocated-bytes non-tlh="290312" tlh="10672392" />
  <largest-consumer threadName="PmdThread 4" threadId="0000000000F9FF00" bytes="3898776" />
</allocation-stats>
<gc-op id="322" type="mark" timems="5.084" contextid="319" timestamp="2019-07-02T19:51:27.363">
  <trace-info objectcount="192822" scancount="172678" scanbytes="5879444" />
  <finalization candidates="57" enqueued="0" />
  <ownableSynchronizers candidates="8" cleared="0" />
  <references type="soft" candidates="152" cleared="0" enqueued="0" dynamicThreshold="13" maxThreshold="32" />
  <references type="weak" candidates="850" cleared="127" enqueued="127" />
  <references type="phantom" candidates="129" cleared="8" enqueued="8" />
  <stringconstants candidates="4960" cleared="1"  />
</gc-op>
<gc-op id="323" type="sweep" timems="0.674" contextid="319" timestamp="2019-07-02T19:51:27.364" />
<heap-resize id="324" type="expand" space="tenure" amount="1048576" count="1" timems="0.138" reason="insufficient free space following gc" timestamp="2019-07-02T19:51:27.364" />
<gc-end id="325" type="global" contextid="319" durationms="6.575" usertimems="16.000" systemtimems="0.000" timestamp="2019-07-02T19:51:27.365" activeThreads="4">
  <mem-info id="326" free="8914368" total="27787264" percent="32">
    <mem type="tenure" free="8914368" total="27787264" percent="32" micro-fragmented="8227924" macro-fragmented="0">
      <mem type="soa" free="8636864" total="27509760" percent="31" />
      <mem type="loa" free="277504" total="277504" percent="100" />
    </mem>
    <pending-finalizers system="0" default="0" reference="135" classloader="0" />
  </mem-info>
</gc-end>
<cycle-end id="327" type="global" contextid="319" timestamp="2019-07-02T19:51:27.365">
  <attribute name="GC Util" value="230" />
  <attribute name="CPU Util" value="3515332806750" />
  <attribute name="Time Running"value="1886"/>
  <attribute name="Number of cores"value="4"/>
</cycle-end>
<allocation-satisfied id="328" threadId="0000000000F9E800" bytesRequested="40" />
<af-end id="329" timestamp="2019-07-02T19:51:27.365" threadId="0000000000F9F188" success="true" />
<exclusive-end id="330" timestamp="2019-07-02T19:51:27.365" durationms="7.445" />

<exclusive-start id="331" timestamp="2019-07-02T19:51:27.384" intervalms="26.384">
  <response-info timems="0.029" idlems="0.029" threads="0" lastid="0000000000F9F400" lastname="PmdThread 3" />
</exclusive-start>
<af-start id="332" threadId="0000000000F9FD88" totalBytesRequested="88" timestamp="2019-07-02T19:51:27.384" intervalms="26.367" />
<cycle-start id="333" type="global" contextid="0" timestamp="2019-07-02T19:51:27.384" intervalms="26.315" />
  <attribute name="GC Util" value="230" />
  <attribute name="CPU Util" value="3515332806750" />
  <attribute name="Time Running"value="1886"/>
  <attribute name="Number of cores"value="4"/>
<gc-start id="334" type="global" contextid="333" timestamp="2019-07-02T19:51:27.384">
  <mem-info id="335" free="277504" total="27787264" percent="0">
    <mem type="tenure" free="277504" total="27787264" percent="0">
      <mem type="soa" free="0" total="27509760" percent="0" />
      <mem type="loa" free="277504" total="277504" percent="100" />
    </mem>
  </mem-info>
</gc-start>
<allocation-stats totalBytes="8512656" >
  <allocated-bytes non-tlh="503960" tlh="8008696" />
  <largest-consumer threadName="PmdThread 1" threadId="0000000000F9E800" bytes="3910728" />
</allocation-stats>
<gc-op id="336" type="mark" timems="5.474" contextid="333" timestamp="2019-07-02T19:51:27.390">
  <trace-info objectcount="220430" scancount="199222" scanbytes="6845352" />
  <finalization candidates="57" enqueued="0" />
  <ownableSynchronizers candidates="8" cleared="0" />
  <references type="soft" candidates="152" cleared="6" enqueued="6" dynamicThreshold="10" maxThreshold="32" />
  <references type="weak" candidates="770" cleared="47" enqueued="47" />
  <references type="phantom" candidates="127" cleared="5" enqueued="5" />
  <stringconstants candidates="4971" cleared="0"  />
</gc-op>
<gc-op id="337" type="sweep" timems="0.684" contextid="333" timestamp="2019-07-02T19:51:27.391" />
<heap-resize id="338" type="expand" space="tenure" amount="4063232" count="1" timems="0.112" reason="insufficient free space following gc" timestamp="2019-07-02T19:51:27.391" />
<gc-end id="339" type="global" contextid="333" durationms="6.969" usertimems="16.000" systemtimems="0.000" timestamp="2019-07-02T19:51:27.391" activeThreads="4">
  <mem-info id="340" free="9582080" total="31850496" percent="30">
    <mem type="tenure" free="9582080" total="31850496" percent="30" micro-fragmented="10165330" macro-fragmented="0">
      <mem type="soa" free="9263616" total="31532032" percent="29" />
      <mem type="loa" free="318464" total="318464" percent="100" />
    </mem>
    <pending-finalizers system="0" default="0" reference="58" classloader="0" />
  </mem-info>
</gc-end>
<cycle-end id="341" type="global" contextid="333" timestamp="2019-07-02T19:51:27.391">
  <attribute name="GC Util" value="264" />
  <attribute name="CPU Util" value="3267507687424" />
  <attribute name="Time Running"value="1913"/>
  <attribute name="Number of cores"value="4"/>
</cycle-end>
<allocation-satisfied id="342" threadId="0000000000F9F400" bytesRequested="88" />
<af-end id="343" timestamp="2019-07-02T19:51:27.392" threadId="0000000000F9FD88" success="true" />
<exclusive-end id="344" timestamp="2019-07-02T19:51:27.392" durationms="7.717" />

<exclusive-start id="345" timestamp="2019-07-02T19:51:27.413" intervalms="29.217">
  <response-info timems="0.030" idlems="0.030" threads="0" lastid="0000000000F9E800" lastname="PmdThread 1" />
</exclusive-start>
<af-start id="346" threadId="0000000000F9F188" totalBytesRequested="56" timestamp="2019-07-02T19:51:27.413" intervalms="29.195" />
<cycle-start id="347" type="global" contextid="0" timestamp="2019-07-02T19:51:27.413" intervalms="29.204" />
  <attribute name="GC Util" value="264" />
  <attribute name="CPU Util" value="3267507687424" />
  <attribute name="Time Running"value="1913"/>
  <attribute name="Number of cores"value="4"/>
<gc-start id="348" type="global" contextid="347" timestamp="2019-07-02T19:51:27.414">
  <mem-info id="349" free="318464" total="31850496" percent="0">
    <mem type="tenure" free="318464" total="31850496" percent="0">
      <mem type="soa" free="0" total="31532032" percent="0" />
      <mem type="loa" free="318464" total="318464" percent="100" />
    </mem>
  </mem-info>
</gc-start>
<allocation-stats totalBytes="9185816" >
  <allocated-bytes non-tlh="191328" tlh="8994488" />
  <largest-consumer threadName="PmdThread 1" threadId="0000000000F9E800" bytes="6216080" />
</allocation-stats>
<gc-op id="350" type="mark" timems="6.541" contextid="347" timestamp="2019-07-02T19:51:27.420">
  <trace-info objectcount="262713" scancount="239069" scanbytes="8330744" />
  <finalization candidates="57" enqueued="0" />
  <ownableSynchronizers candidates="8" cleared="0" />
  <references type="soft" candidates="146" cleared="47" enqueued="47" dynamicThreshold="9" maxThreshold="32" />
  <references type="weak" candidates="783" cleared="59" enqueued="59" />
  <references type="phantom" candidates="128" cleared="6" enqueued="6" />
  <stringconstants candidates="4983" cleared="1"  />
</gc-op>
<gc-op id="351" type="sweep" timems="0.754" contextid="347" timestamp="2019-07-02T19:51:27.421" />
<heap-resize id="352" type="expand" space="tenure" amount="5505024" count="1" timems="0.146" reason="insufficient free space following gc" timestamp="2019-07-02T19:51:27.421" />
<gc-end id="353" type="global" contextid="347" durationms="7.953" usertimems="24.000" systemtimems="0.000" timestamp="2019-07-02T19:51:27.421" activeThreads="4">
  <mem-info id="354" free="11239488" total="37355520" percent="30">
    <mem type="tenure" free="11239488" total="37355520" percent="30" micro-fragmented="12708887" macro-fragmented="0">
      <mem type="soa" free="10866752" total="36982784" percent="29" />
      <mem type="loa" free="372736" total="372736" percent="100" />
    </mem>
    <pending-finalizers system="0" default="0" reference="112" classloader="0" />
  </mem-info>
</gc-end>
<cycle-end id="355" type="global" contextid="347" timestamp="2019-07-02T19:51:27.422">
  <attribute name="GC Util" value="278" />
  <attribute name="CPU Util" value="2755384299500" />
  <attribute name="Time Running"value="1943"/>
  <attribute name="Number of cores"value="4"/>
</cycle-end>
<allocation-satisfied id="356" threadId="0000000000F9E800" bytesRequested="56" />
<af-end id="357" timestamp="2019-07-02T19:51:27.422" threadId="0000000000F9F188" success="true" />
<exclusive-end id="358" timestamp="2019-07-02T19:51:27.422" durationms="8.654" />

<exclusive-start id="359" timestamp="2019-07-02T19:51:27.443" intervalms="29.652">
  <response-info timems="0.077" idlems="0.077" threads="0" lastid="0000000000F9FF00" lastname="PmdThread 4" />
</exclusive-start>
<af-start id="360" threadId="0000000000FA0888" totalBytesRequested="24" timestamp="2019-07-02T19:51:27.443" intervalms="29.638" />
<cycle-start id="361" type="global" contextid="0" timestamp="2019-07-02T19:51:27.443" intervalms="29.619" />
  <attribute name="GC Util" value="278" />
  <attribute name="CPU Util" value="2755384299500" />
  <attribute name="Time Running"value="1943"/>
  <attribute name="Number of cores"value="4"/>
<gc-start id="362" type="global" contextid="361" timestamp="2019-07-02T19:51:27.443">
  <mem-info id="363" free="372736" total="37355520" percent="0">
    <mem type="tenure" free="372736" total="37355520" percent="0">
      <mem type="soa" free="0" total="36982784" percent="0" />
      <mem type="loa" free="372736" total="372736" percent="100" />
    </mem>
  </mem-info>
</gc-start>
<allocation-stats totalBytes="10696376" >
  <allocated-bytes non-tlh="327944" tlh="10368432" />
  <largest-consumer threadName="PmdThread 1" threadId="0000000000F9E800" bytes="4332416" />
</allocation-stats>
<gc-op id="364" type="mark" timems="7.257" contextid="361" timestamp="2019-07-02T19:51:27.450">
  <trace-info objectcount="287224" scancount="262248" scanbytes="9224428" />
  <finalization candidates="57" enqueued="0" />
  <ownableSynchronizers candidates="8" cleared="0" />
  <references type="soft" candidates="99" cleared="0" enqueued="0" dynamicThreshold="9" maxThreshold="32" />
  <references type="weak" candidates="871" cleared="148" enqueued="148" />
  <references type="phantom" candidates="124" cleared="3" enqueued="3" />
  <stringconstants candidates="4997" cleared="35"  />
</gc-op>
<gc-op id="365" type="sweep" timems="0.694" contextid="361" timestamp="2019-07-02T19:51:27.451" />
<heap-resize id="366" type="expand" space="tenure" amount="2883584" count="1" timems="0.117" reason="insufficient free space following gc" timestamp="2019-07-02T19:51:27.452" />
<gc-end id="367" type="global" contextid="361" durationms="8.634" usertimems="20.000" systemtimems="0.000" timestamp="2019-07-02T19:51:27.452" activeThreads="4">
  <mem-info id="368" free="12090064" total="40239104" percent="30">
    <mem type="tenure" free="12090064" total="40239104" percent="30" micro-fragmented="13975517" macro-fragmented="0">
      <mem type="soa" free="11688656" total="39837696" percent="29" />
      <mem type="loa" free="401408" total="401408" percent="100" />
    </mem>
    <pending-finalizers system="0" default="0" reference="151" classloader="0" />
  </mem-info>
</gc-end>
<cycle-end id="369" type="global" contextid="361" timestamp="2019-07-02T19:51:27.452">
  <attribute name="GC Util" value="277" />
  <attribute name="CPU Util" value="2483570743926" />
  <attribute name="Time Running"value="1974"/>
  <attribute name="Number of cores"value="4"/>
</cycle-end>
<allocation-satisfied id="370" threadId="0000000000F9FF00" bytesRequested="24" />
<af-end id="371" timestamp="2019-07-02T19:51:27.452" threadId="0000000000FA0888" success="true" />
<exclusive-end id="372" timestamp="2019-07-02T19:51:27.452" durationms="9.341" />

<exclusive-start id="373" timestamp="2019-07-02T19:51:27.484" intervalms="40.676">
  <response-info timems="0.207" idlems="0.188" threads="1" lastid="0000000000F9F400" lastname="PmdThread 3" />
</exclusive-start>
<af-start id="374" threadId="0000000000FA2D88" totalBytesRequested="64" timestamp="2019-07-02T19:51:27.484" intervalms="40.711" />
<cycle-start id="375" type="global" contextid="0" timestamp="2019-07-02T19:51:27.484" intervalms="40.721" />
  <attribute name="GC Util" value="277" />
  <attribute name="CPU Util" value="2483570743926" />
  <attribute name="Time Running"value="1974"/>
  <attribute name="Number of cores"value="4"/>
<gc-start id="376" type="global" contextid="375" timestamp="2019-07-02T19:51:27.484">
  <mem-info id="377" free="401408" total="40239104" percent="0">
    <mem type="tenure" free="401408" total="40239104" percent="0">
      <mem type="soa" free="0" total="39837696" percent="0" />
      <mem type="loa" free="401408" total="401408" percent="100" />
    </mem>
  </mem-info>
</gc-start>
<allocation-stats totalBytes="11581088" >
  <allocated-bytes non-tlh="641704" tlh="10939384" />
  <largest-consumer threadName="PmdThread 3" threadId="0000000000F9F400" bytes="4425352" />
</allocation-stats>
<gc-op id="378" type="mark" timems="9.660" contextid="375" timestamp="2019-07-02T19:51:27.494">
  <trace-info objectcount="310064" scancount="283198" scanbytes="9980788" />
  <finalization candidates="57" enqueued="0" />
  <ownableSynchronizers candidates="8" cleared="0" />
  <references type="soft" candidates="99" cleared="1" enqueued="0" dynamicThreshold="9" maxThreshold="32" />
  <references type="weak" candidates="834" cleared="111" enqueued="111" />
  <references type="phantom" candidates="132" cleared="11" enqueued="11" />
  <stringconstants candidates="4988" cleared="0"  />
</gc-op>
<gc-op id="379" type="sweep" timems="0.896" contextid="375" timestamp="2019-07-02T19:51:27.495" />
<heap-resize id="380" type="expand" space="tenure" amount="3080192" count="1" timems="0.143" reason="insufficient free space following gc" timestamp="2019-07-02T19:51:27.495" />
<gc-end id="381" type="global" contextid="375" durationms="11.550" usertimems="24.000" systemtimems="0.000" timestamp="2019-07-02T19:51:27.495" activeThreads="4">
  <mem-info id="382" free="13017824" total="43319296" percent="30">
    <mem type="tenure" free="13017824" total="43319296" percent="30" micro-fragmented="15046302" macro-fragmented="0">
      <mem type="soa" free="12584672" total="42886144" percent="29" />
      <mem type="loa" free="433152" total="433152" percent="100" />
    </mem>
    <pending-finalizers system="0" default="0" reference="122" classloader="0" />
  </mem-info>
</gc-end>
<cycle-end id="383" type="global" contextid="375" timestamp="2019-07-02T19:51:27.496">
  <attribute name="GC Util" value="185" />
  <attribute name="CPU Util" value="1836754868992" />
  <attribute name="Time Running"value="2017"/>
  <attribute name="Number of cores"value="4"/>
</cycle-end>
<allocation-satisfied id="384" threadId="0000000000FA2400" bytesRequested="64" />
<af-end id="385" timestamp="2019-07-02T19:51:27.496" threadId="0000000000FA2D88" success="true" />
<exclusive-end id="386" timestamp="2019-07-02T19:51:27.496" durationms="12.518" />

<exclusive-start id="387" timestamp="2019-07-02T19:51:27.527" intervalms="43.374">
  <response-info timems="0.026" idlems="0.026" threads="0" lastid="0000000000F9F400" lastname="PmdThread 3" />
</exclusive-start>
<af-start id="388" threadId="0000000000F9FD88" totalBytesRequested="88" timestamp="2019-07-02T19:51:27.527" intervalms="43.337" />
<cycle-start id="389" type="global" contextid="0" timestamp="2019-07-02T19:51:27.527" intervalms="43.306" />
  <attribute name="GC Util" value="185" />
  <attribute name="CPU Util" value="1836754868992" />
  <attribute name="Time Running"value="2017"/>
  <attribute name="Number of cores"value="4"/>
<gc-start id="390" type="global" contextid="389" timestamp="2019-07-02T19:51:27.527">
  <mem-info id="391" free="433152" total="43319296" percent="0">
    <mem type="tenure" free="433152" total="43319296" percent="0">
      <mem type="soa" free="0" total="42886144" percent="0" />
      <mem type="loa" free="433152" total="433152" percent="100" />
    </mem>
  </mem-info>
</gc-start>
<allocation-stats totalBytes="12407192" >
  <allocated-bytes non-tlh="402664" tlh="12004528" />
  <largest-consumer threadName="PmdThread 4" threadId="0000000000F9FF00" bytes="3761440" />
</allocation-stats>
<gc-op id="392" type="mark" timems="7.132" contextid="389" timestamp="2019-07-02T19:51:27.534">
  <trace-info objectcount="280324" scancount="256429" scanbytes="8852516" />
  <finalization candidates="57" enqueued="0" />
  <ownableSynchronizers candidates="8" cleared="0" />
  <references type="soft" candidates="98" cleared="0" enqueued="0" dynamicThreshold="9" maxThreshold="32" />
  <references type="weak" candidates="953" cleared="229" enqueued="229" />
  <references type="phantom" candidates="165" cleared="40" enqueued="40" />
  <stringconstants candidates="5011" cleared="0"  />
</gc-op>
<gc-op id="393" type="sweep" timems="0.849" contextid="389" timestamp="2019-07-02T19:51:27.535" />
<heap-resize id="394" type="expand" space="tenure" amount="7405568" count="1" timems="0.270" reason="excessive time being spent in gc" timestamp="2019-07-02T19:51:27.536" />
<gc-end id="395" type="global" contextid="389" durationms="8.920" usertimems="20.000" systemtimems="0.000" timestamp="2019-07-02T19:51:27.536" activeThreads="4">
  <mem-info id="396" free="25221784" total="50724864" percent="49">
    <mem type="tenure" free="25221784" total="50724864" percent="49" micro-fragmented="11231655" macro-fragmented="0">
      <mem type="soa" free="24714904" total="50217984" percent="49" />
      <mem type="loa" free="506880" total="506880" percent="100" />
    </mem>
    <pending-finalizers system="0" default="0" reference="269" classloader="0" />
  </mem-info>
</gc-end>
<cycle-end id="397" type="global" contextid="389" timestamp="2019-07-02T19:51:27.536">
  <attribute name="GC Util" value="262" />
  <attribute name="CPU Util" value="2500082882830" />
  <attribute name="Time Running"value="2057"/>
  <attribute name="Number of cores"value="4"/>
</cycle-end>
<allocation-satisfied id="398" threadId="0000000000F9F400" bytesRequested="88" />
<af-end id="399" timestamp="2019-07-02T19:51:27.537" threadId="0000000000F9FD88" success="true" />
<exclusive-end id="400" timestamp="2019-07-02T19:51:27.537" durationms="9.740" />

<exclusive-start id="401" timestamp="2019-07-02T19:51:27.581" intervalms="54.541">
  <response-info timems="0.039" idlems="0.022" threads="1" lastid="0000000000F9FF00" lastname="PmdThread 4" />
</exclusive-start>
<af-start id="402" threadId="0000000000F9FD88" totalBytesRequested="16" timestamp="2019-07-02T19:51:27.582" intervalms="54.614" />
<cycle-start id="403" type="global" contextid="0" timestamp="2019-07-02T19:51:27.582" intervalms="54.646" />
  <attribute name="GC Util" value="262" />
  <attribute name="CPU Util" value="2500082882830" />
  <attribute name="Time Running"value="2057"/>
  <attribute name="Number of cores"value="4"/>
<gc-start id="404" type="global" contextid="403" timestamp="2019-07-02T19:51:27.582">
  <mem-info id="405" free="506880" total="50724864" percent="0">
    <mem type="tenure" free="506880" total="50724864" percent="0">
      <mem type="soa" free="0" total="50217984" percent="0" />
      <mem type="loa" free="506880" total="506880" percent="100" />
    </mem>
  </mem-info>
</gc-start>
<allocation-stats totalBytes="24398472" >
  <allocated-bytes non-tlh="1121896" tlh="23276576" />
  <largest-consumer threadName="PmdThread 4" threadId="0000000000F9FF00" bytes="9918496" />
</allocation-stats>
<gc-op id="406" type="mark" timems="7.513" contextid="403" timestamp="2019-07-02T19:51:27.589">
  <trace-info objectcount="332827" scancount="305585" scanbytes="10633044" />
  <finalization candidates="57" enqueued="0" />
  <ownableSynchronizers candidates="8" cleared="0" />
  <references type="soft" candidates="98" cleared="0" enqueued="0" dynamicThreshold="15" maxThreshold="32" />
  <references type="weak" candidates="999" cleared="276" enqueued="276" />
  <references type="phantom" candidates="147" cleared="21" enqueued="21" />
  <stringconstants candidates="5022" cleared="0"  />
</gc-op>
<gc-op id="407" type="sweep" timems="0.903" contextid="403" timestamp="2019-07-02T19:51:27.591" />
<heap-resize id="408" type="expand" space="tenure" amount="8650752" count="1" timems="0.388" reason="excessive time being spent in gc" timestamp="2019-07-02T19:51:27.591" />
<gc-end id="409" type="global" contextid="403" durationms="9.667" usertimems="24.000" systemtimems="4.000" timestamp="2019-07-02T19:51:27.591" activeThreads="4">
  <mem-info id="410" free="28200184" total="59375616" percent="47">
    <mem type="tenure" free="28200184" total="59375616" percent="47" micro-fragmented="13550185" macro-fragmented="0">
      <mem type="soa" free="27607288" total="58782720" percent="46" />
      <mem type="loa" free="592896" total="592896" percent="100" />
    </mem>
    <pending-finalizers system="0" default="0" reference="297" classloader="0" />
  </mem-info>
</gc-end>
<cycle-end id="411" type="global" contextid="403" timestamp="2019-07-02T19:51:27.592">
  <attribute name="GC Util" value="256" />
  <attribute name="CPU Util" value="2331157628957" />
  <attribute name="Time Running"value="2113"/>
  <attribute name="Number of cores"value="4"/>
</cycle-end>
<allocation-satisfied id="412" threadId="0000000000F9F400" bytesRequested="16" />
<af-end id="413" timestamp="2019-07-02T19:51:27.592" threadId="0000000000F9FD88" success="true" />
<exclusive-end id="414" timestamp="2019-07-02T19:51:27.592" durationms="10.645" />

<exclusive-start id="415" timestamp="2019-07-02T19:51:27.653" intervalms="71.258">
  <response-info timems="0.047" idlems="0.029" threads="1" lastid="0000000000F9E800" lastname="PmdThread 1" />
</exclusive-start>
<af-start id="416" threadId="0000000000FA2D88" totalBytesRequested="40" timestamp="2019-07-02T19:51:27.653" intervalms="71.193" />
<cycle-start id="417" type="global" contextid="0" timestamp="2019-07-02T19:51:27.653" intervalms="71.150" />
  <attribute name="GC Util" value="256" />
  <attribute name="CPU Util" value="2331157628957" />
  <attribute name="Time Running"value="2113"/>
  <attribute name="Number of cores"value="4"/>
<gc-start id="418" type="global" contextid="417" timestamp="2019-07-02T19:51:27.653">
  <mem-info id="419" free="592896" total="59375616" percent="0">
    <mem type="tenure" free="592896" total="59375616" percent="0">
      <mem type="soa" free="0" total="58782720" percent="0" />
      <mem type="loa" free="592896" total="592896" percent="100" />
    </mem>
  </mem-info>
</gc-start>
<allocation-stats totalBytes="27319624" >
  <allocated-bytes non-tlh="699960" tlh="26619664" />
  <largest-consumer threadName="PmdThread 4" threadId="0000000000F9FF00" bytes="12802976" />
</allocation-stats>
<gc-op id="420" type="mark" timems="5.458" contextid="417" timestamp="2019-07-02T19:51:27.658">
  <trace-info objectcount="269945" scancount="250386" scanbytes="8557340" />
  <finalization candidates="57" enqueued="0" />
  <ownableSynchronizers candidates="8" cleared="0" />
  <references type="soft" candidates="170" cleared="0" enqueued="0" dynamicThreshold="15" maxThreshold="32" />
  <references type="weak" candidates="875" cleared="152" enqueued="152" />
  <references type="phantom" candidates="144" cleared="18" enqueued="18" />
  <stringconstants candidates="5095" cleared="0"  />
</gc-op>
<gc-op id="421" type="sweep" timems="0.888" contextid="417" timestamp="2019-07-02T19:51:27.660" />
<heap-resize id="422" type="expand" space="tenure" amount="6356992" count="1" timems="0.341" reason="excessive time being spent in gc" timestamp="2019-07-02T19:51:27.660" />
<gc-end id="423" type="global" contextid="417" durationms="7.356" usertimems="16.000" systemtimems="4.000" timestamp="2019-07-02T19:51:27.660" activeThreads="4">
  <mem-info id="424" free="39450712" total="65732608" percent="60">
    <mem type="tenure" free="39450712" total="65732608" percent="60" micro-fragmented="11715249" macro-fragmented="0">
      <mem type="soa" free="38794328" total="65076224" percent="59" />
      <mem type="loa" free="656384" total="656384" percent="100" />
    </mem>
    <pending-finalizers system="0" default="0" reference="170" classloader="0" />
  </mem-info>
</gc-end>
<cycle-end id="425" type="global" contextid="417" timestamp="2019-07-02T19:51:27.661">
  <attribute name="GC Util" value="253" />
  <attribute name="CPU Util" value="3215160815479" />
  <attribute name="Time Running"value="2182"/>
  <attribute name="Number of cores"value="4"/>
</cycle-end>
<allocation-satisfied id="426" threadId="0000000000FA2400" bytesRequested="40" />
<af-end id="427" timestamp="2019-07-02T19:51:27.661" threadId="0000000000FA2D88" success="true" />
<exclusive-end id="428" timestamp="2019-07-02T19:51:27.661" durationms="8.173" />

<exclusive-start id="429" timestamp="2019-07-02T19:51:27.751" intervalms="98.471">
  <response-info timems="0.073" idlems="0.073" threads="0" lastid="0000000000F9E800" lastname="PmdThread 1" />
</exclusive-start>
<af-start id="430" threadId="0000000000F9F188" totalBytesRequested="16" timestamp="2019-07-02T19:51:27.751" intervalms="98.520" />
<cycle-start id="431" type="global" contextid="0" timestamp="2019-07-02T19:51:27.751" intervalms="98.577" />
  <attribute name="GC Util" value="253" />
  <attribute name="CPU Util" value="3215160815479" />
  <attribute name="Time Running"value="2182"/>
  <attribute name="Number of cores"value="4"/>
<gc-start id="432" type="global" contextid="431" timestamp="2019-07-02T19:51:27.752">
  <mem-info id="433" free="656384" total="65732608" percent="0">
    <mem type="tenure" free="656384" total="65732608" percent="0">
      <mem type="soa" free="0" total="65076224" percent="0" />
      <mem type="loa" free="656384" total="656384" percent="100" />
    </mem>
  </mem-info>
</gc-start>
<allocation-stats totalBytes="38038472" >
  <allocated-bytes non-tlh="1582536" tlh="36455936" />
  <largest-consumer threadName="PmdThread 1" threadId="0000000000F9E800" bytes="23766552" />
</allocation-stats>
<gc-op id="434" type="mark" timems="6.975" contextid="431" timestamp="2019-07-02T19:51:27.759">
  <trace-info objectcount="283356" scancount="263888" scanbytes="9016652" />
  <finalization candidates="57" enqueued="0" />
  <ownableSynchronizers candidates="8" cleared="3" />
  <references type="soft" candidates="168" cleared="0" enqueued="0" dynamicThreshold="19" maxThreshold="32" />
  <references type="weak" candidates="1721" cleared="1015" enqueued="1015" />
  <references type="phantom" candidates="145" cleared="21" enqueued="21" />
  <stringconstants candidates="5115" cleared="0"  />
</gc-op>
<gc-op id="435" type="sweep" timems="0.861" contextid="431" timestamp="2019-07-02T19:51:27.760" />
<gc-end id="436" type="global" contextid="431" durationms="8.537" usertimems="24.000" systemtimems="0.000" timestamp="2019-07-02T19:51:27.760" activeThreads="4">
  <mem-info id="437" free="38091992" total="65732608" percent="57">
    <mem type="tenure" free="38091992" total="65732608" percent="57" micro-fragmented="13025736" macro-fragmented="0">
      <mem type="soa" free="37435608" total="65076224" percent="57" />
      <mem type="loa" free="656384" total="656384" percent="100" />
    </mem>
    <pending-finalizers system="0" default="0" reference="1036" classloader="0" />
  </mem-info>
</gc-end>
<cycle-end id="438" type="global" contextid="431" timestamp="2019-07-02T19:51:27.760">
  <attribute name="GC Util" value="248" />
  <attribute name="CPU Util" value="2525268994252" />
  <attribute name="Time Running"value="2282"/>
  <attribute name="Number of cores"value="4"/>
</cycle-end>
<allocation-satisfied id="439" threadId="0000000000F9E800" bytesRequested="16" />
<af-end id="440" timestamp="2019-07-02T19:51:27.761" threadId="0000000000F9F188" success="true" />
<exclusive-end id="441" timestamp="2019-07-02T19:51:27.761" durationms="9.528" />

<exclusive-start id="442" timestamp="2019-07-02T19:51:27.881" intervalms="130.062">
  <response-info timems="0.023" idlems="0.023" threads="0" lastid="0000000000F9E800" lastname="PmdThread 1" />
</exclusive-start>
<af-start id="443" threadId="0000000000F9F188" totalBytesRequested="24" timestamp="2019-07-02T19:51:27.881" intervalms="130.157" />
<cycle-start id="444" type="global" contextid="0" timestamp="2019-07-02T19:51:27.882" intervalms="130.228" />
  <attribute name="GC Util" value="248" />
  <attribute name="CPU Util" value="2525268994252" />
  <attribute name="Time Running"value="2282"/>
  <attribute name="Number of cores"value="4"/>
<gc-start id="445" type="global" contextid="444" timestamp="2019-07-02T19:51:27.882">
  <mem-info id="446" free="656384" total="65732608" percent="0">
    <mem type="tenure" free="656384" total="65732608" percent="0">
      <mem type="soa" free="0" total="65076224" percent="0" />
      <mem type="loa" free="656384" total="656384" percent="100" />
    </mem>
  </mem-info>
</gc-start>
<allocation-stats totalBytes="35875416" >
  <allocated-bytes non-tlh="1224560" tlh="34650856" />
  <largest-consumer threadName="PmdThread 1" threadId="0000000000F9E800" bytes="35875416" />
</allocation-stats>
<gc-op id="447" type="mark" timems="7.648" contextid="444" timestamp="2019-07-02T19:51:27.890">
  <trace-info objectcount="282789" scancount="264520" scanbytes="9095336" />
  <finalization candidates="57" enqueued="0" />
  <ownableSynchronizers candidates="5" cleared="0" />
  <references type="soft" candidates="168" cleared="0" enqueued="0" dynamicThreshold="18" maxThreshold="32" />
  <references type="weak" candidates="1631" cleared="925" enqueued="925" />
  <references type="phantom" candidates="124" cleared="0" enqueued="0" />
  <stringconstants candidates="5115" cleared="0"  />
</gc-op>
<gc-op id="448" type="sweep" timems="1.145" contextid="444" timestamp="2019-07-02T19:51:27.891" />
<gc-end id="449" type="global" contextid="444" durationms="9.440" usertimems="20.000" systemtimems="4.000" timestamp="2019-07-02T19:51:27.891" activeThreads="4">
  <mem-info id="450" free="37834296" total="65732608" percent="57">
    <mem type="tenure" free="37834296" total="65732608" percent="57" micro-fragmented="12858494" macro-fragmented="0">
      <mem type="soa" free="37177912" total="65076224" percent="57" />
      <mem type="loa" free="656384" total="656384" percent="100" />
    </mem>
    <pending-finalizers system="0" default="0" reference="925" classloader="0" />
  </mem-info>
</gc-end>
<cycle-end id="451" type="global" contextid="444" timestamp="2019-07-02T19:51:27.891">
  <attribute name="GC Util" value="268" />
  <attribute name="CPU Util" value="2350434867379" />
  <attribute name="Time Running"value="2413"/>
  <attribute name="Number of cores"value="4"/>
</cycle-end>
<allocation-satisfied id="452" threadId="0000000000F9E800" bytesRequested="24" />
<af-end id="453" timestamp="2019-07-02T19:51:27.892" threadId="0000000000F9F188" success="true" />
<exclusive-end id="454" timestamp="2019-07-02T19:51:27.892" durationms="10.504" />

</verbosegc>

