
<?xml version="1.0" ?>

<verbosegc xmlns="http://www.ibm.com/j9/verbosegc" version="6fe7bac_CMPRSS">

<gc check installed>
<initialized id="1" timestamp="2019-08-08T07:20:32.323">
  <attribute name="gcPolicy" value="-Xgcpolicy:optavgpause" />
  <attribute name="elasticGC enabled" value="1" />
  <attribute name= "numThreadsSpecified" value="0" />
  <attribute name="heapSize specified" value="0" />
  <attribute name="Current GC Util" value="0" />
  <attribute name= "Current Time Running" value="0" />
  <attribute name ="GC Interval" value="0" />
  <attribute name="Target GC Util Change" value ="0.000000" />
  <attribute name="Current GC Util Change" value="0.000000"/>
  <attribute name="Current Error" value="0.000000" />
  <attribute name="Output H" value="0"/>
  <attribute name="Output I" value="0"/>
  <attribute name="Output T" value="0"/>
  <attribute name= "Current Time Running" value="0" />
  <attribute name="GC Util currently" value="0" />
  <attribute name="CPU Util currently" value="0" />
  <attribute name="maxHeapSize" value="0xfa900000" />
  <attribute name="initialHeapSize" value="0x800000" />
  <attribute name="compressedRefs" value="true" />
  <attribute name="compressedRefsDisplacement" value="0x0" />
  <attribute name="compressedRefsShift" value="0x3" />
  <attribute name="pageSize" value="0x1000" />
  <attribute name="pageType" value="not used" />
  <attribute name="requestedPageSize" value="0x1000" />
  <attribute name="requestedPageType" value="not used" />
  <attribute name="gcthreads" value="16" />
  <attribute name="packetListSplit" value="16" />
  <attribute name="cacheListSplit" value="16" />
  <attribute name="splitFreeListSplitAmount" value="2" />
  <attribute name="numaNodes" value="0" />
  <system>
    <attribute name="physicalMemory" value="16815001600" />
    <attribute name="numCPUs" value="16" />
    <attribute name="architecture" value="amd64" />
    <attribute name="os" value="Linux" />
    <attribute name="osVersion" value="4.15.0" />
  </system>
  <vmargs>
    <vmarg name="-Xoptionsfile=/jdk/lib/options.default" />
    <vmarg name="-Xlockword:mode=default,noLockword=java/lang/String,noLockword=java/util/MapEntry,noLockword=java/util/HashMap$Entry,noLockword..." />
    <vmarg name="-Xjcl:jclse29" />
    <vmarg name="-Dcom.ibm.oti.vm.bootstrap.library.path=/jdk/lib/compressedrefs:/jdk/lib" />
    <vmarg name="-Dsun.boot.library.path=/jdk/lib/compressedrefs:/jdk/lib" />
    <vmarg name="-Djava.library.path=/jdk/lib/compressedrefs:/jdk/lib:/usr/lib64:/usr/lib" />
    <vmarg name="-Djava.home=/jdk" />
    <vmarg name="-Duser.dir=/" />
    <vmarg name="-Xgcelastic" />
    <vmarg name="-Xcheck:gc:::elasticGC" />
    <vmarg name="-Xgcpolicy:optavgpause" />
    <vmarg name="-verbose:gc" />
    <vmarg name="-Djava.class.path=dacapo-9.12-MR1-bach.jar" />
    <vmarg name="-Dsun.java.command=dacapo-9.12-MR1-bach.jar avrora jython pmd sunflow xalan --size=large" />
    <vmarg name="-Dsun.java.launcher=SUN_STANDARD" />
    <vmarg name="-Dsun.java.launcher.pid=1" />
  </vmargs>
</initialized>

<exclusive-start id="2" timestamp="2019-08-08T07:20:32.548" intervalms="224.629">
  <response-info timems="0.012" idlems="0.012" threads="0" lastid="0000000000996F00" lastname="main" />
</exclusive-start>
<sys-start reason="explicit" id="3" timestamp="2019-08-08T07:20:32.548" intervalms="224.676" />
<cycle-start id="4" type="global" contextid="0" timestamp="2019-08-08T07:20:32.548" intervalms="224.698" />
<gc-start id="5" type="global" contextid="4" timestamp="2019-08-08T07:20:32.548">
  <mem-info id="6" free="2317448" total="8388608" percent="27">
    <mem type="tenure" free="2317448" total="8388608" percent="27">
      <mem type="soa" free="1898632" total="7969792" percent="23" />
      <mem type="loa" free="418816" total="418816" percent="100" />
    </mem>
  </mem-info>
</gc-start>
<allocation-stats totalBytes="6061272" >
  <allocated-bytes non-tlh="455544" tlh="5605728" />
  <largest-consumer threadName="main" threadId="0000000000996F00" bytes="5976752" />
</allocation-stats>
<gc-op id="7" type="mark" timems="6.472" contextid="4" timestamp="2019-08-08T07:20:32.554">
  <trace-info objectcount="17937" scancount="14888" scanbytes="467780" />
  <finalization candidates="14" enqueued="1" />
  <references type="soft" candidates="66" cleared="0" enqueued="0" dynamicThreshold="32" maxThreshold="32" />
  <references type="weak" candidates="553" cleared="411" enqueued="372" />
  <references type="phantom" candidates="99" cleared="41" enqueued="41" />
  <stringconstants candidates="2455" cleared="0"  />
</gc-op>
<gc-op id="8" type="classunload" timems="0.002" contextid="4" timestamp="2019-08-08T07:20:32.554">
  <classunload-info classloadercandidates="6" classloadersunloaded="0" classesunloaded="0" anonymousclassesunloaded="0" quiescems="0.000" setupms="0.001" scanms="0.001" postms="0.000" />
</gc-op>
<gc-op id="9" type="sweep" timems="2.317" contextid="4" timestamp="2019-08-08T07:20:32.557" />
<mem-info id="10" free="7121696" total="8388608" percent="84">
  <mem type="tenure" free="7121696" total="8388608" percent="84" micro-fragmented="235473">
    <mem type="soa" free="6702880" total="7969792" percent="84" />
    <mem type="loa" free="418816" total="418816" percent="100" />
  </mem>
  <pending-finalizers system="1" default="0" reference="413" classloader="0" />
</mem-info>
<gc-op id="11" type="compact" timems="6.255" contextid="4" timestamp="2019-08-08T07:20:32.563">
  <compact-info movecount="17936" movebytes="1027152" reason="compact to aid heap contraction" />
</gc-op>
<heap-resize id="12" type="expand" space="tenure" amount="327680" count="1" timems="0.015" reason="satisfy allocation request" timestamp="2019-08-08T07:20:32.563" />
<gc-end id="13" type="global" contextid="4" durationms="15.659" usertimems="16.546" systemtimems="13.230" timestamp="2019-08-08T07:20:32.563" activeThreads="16">
  <mem-info id="14" free="7689048" total="8716288" percent="88">
    <mem type="tenure" free="7689048" total="8716288" percent="88">
      <mem type="soa" free="7253848" total="8281088" percent="87" />
      <mem type="loa" free="435200" total="435200" percent="100" />
    </mem>
    <pending-finalizers system="1" default="0" reference="413" classloader="0" />
  </mem-info>
</gc-end>
<cycle-end id="15" type="global" contextid="4" timestamp="2019-08-08T07:20:32.564" />
  <attribute name="elasticGC enabled" value="1" />
  <attribute name= "numThreadsSpecified" value="16" />
  <attribute name="heapSize specified" value="8388608" />
  <attribute name="Current GC Util" value="95" />
  <attribute name= "Current Time Running" value="173" />
  <attribute name ="GC Interval" value="0" />
  <attribute name="Target GC Util Change" value ="80.000000" />
  <attribute name="Current GC Util Change" value="95.000000"/>
  <attribute name="Current Error" value="-157.000000" />
  <attribute name="Output H" value="8690600"/>
  <attribute name="Output I" value="1200"/>
  <attribute name="Output T" value="16"/>
  <attribute name= "Current Time Running" value="173" />
  <attribute name="GC Util currently" value="95" />
  <attribute name="CPU Util currently" value="183781011305" />
<sys-end id="16" timestamp="2019-08-08T07:20:32.564" />
<exclusive-end id="17" timestamp="2019-08-08T07:20:32.564" durationms="15.772" />

===== DaCapo 9.12-MR1 avrora starting =====
<exclusive-start id="18" timestamp="2019-08-08T07:20:32.843" intervalms="295.331">
  <response-info timems="0.011" idlems="0.011" threads="0" lastid="0000000000996F00" lastname="main" />
</exclusive-start>
<af-start id="19" threadId="0000000000997888" totalBytesRequested="88" timestamp="2019-08-08T07:20:32.843" intervalms="520.000" />
<cycle-start id="20" type="global" contextid="0" timestamp="2019-08-08T07:20:32.843" intervalms="295.314" />
<gc-start id="21" type="global" contextid="20" timestamp="2019-08-08T07:20:32.843">
  <mem-info id="22" free="435200" total="8716288" percent="4">
    <mem type="tenure" free="435200" total="8716288" percent="4">
      <mem type="soa" free="0" total="8281088" percent="0" />
      <mem type="loa" free="435200" total="435200" percent="100" />
    </mem>
  </mem-info>
</gc-start>
<allocation-stats totalBytes="7185992" >
  <allocated-bytes non-tlh="143480" tlh="7042512" />
  <largest-consumer threadName="main" threadId="0000000000996F00" bytes="7169920" />
</allocation-stats>
<gc-op id="23" type="mark" timems="4.106" contextid="20" timestamp="2019-08-08T07:20:32.847">
  <trace-info objectcount="95806" scancount="89391" scanbytes="2716400" />
  <finalization candidates="13" enqueued="0" />
  <references type="soft" candidates="66" cleared="0" enqueued="0" dynamicThreshold="28" maxThreshold="32" />
  <references type="weak" candidates="185" cleared="42" enqueued="42" />
  <references type="phantom" candidates="70" cleared="13" enqueued="13" />
  <stringconstants candidates="3608" cleared="0"  />
</gc-op>
<gc-op id="24" type="sweep" timems="1.335" contextid="20" timestamp="2019-08-08T07:20:32.849" />
<mem-info id="25" free="4488792" total="8716288" percent="51">
  <mem type="tenure" free="4488792" total="8716288" percent="51" micro-fragmented="539504">
    <mem type="soa" free="4053592" total="8281088" percent="48" />
    <mem type="loa" free="435200" total="435200" percent="100" />
  </mem>
  <pending-finalizers system="0" default="0" reference="55" classloader="0" />
</mem-info>
<gc-op id="26" type="compact" timems="26.948" contextid="20" timestamp="2019-08-08T07:20:32.876">
  <compact-info movecount="83526" movebytes="3142752" reason="compact to aid heap contraction" />
</gc-op>
<heap-resize id="27" type="expand" space="tenure" amount="327680" count="1" timems="0.016" reason="satisfy allocation request" timestamp="2019-08-08T07:20:32.876" />
<gc-end id="28" type="global" contextid="20" durationms="33.050" usertimems="35.865" systemtimems="7.893" timestamp="2019-08-08T07:20:32.876" activeThreads="16">
  <mem-info id="29" free="5396392" total="9043968" percent="59">
    <mem type="tenure" free="5396392" total="9043968" percent="59">
      <mem type="soa" free="4944808" total="8592384" percent="57" />
      <mem type="loa" free="451584" total="451584" percent="100" />
    </mem>
    <pending-finalizers system="0" default="0" reference="55" classloader="0" />
  </mem-info>
</gc-end>
<cycle-end id="30" type="global" contextid="20" timestamp="2019-08-08T07:20:32.876" />
  <attribute name="elasticGC enabled" value="1" />
  <attribute name= "numThreadsSpecified" value="16" />
  <attribute name="heapSize specified" value="8716288" />
  <attribute name="Current GC Util" value="21" />
  <attribute name= "Current Time Running" value="486" />
  <attribute name ="GC Interval" value="0" />
  <attribute name="Target GC Util Change" value ="80.000000" />
  <attribute name="Current GC Util Change" value="21.000000"/>
  <attribute name="Current Error" value="-18.000000" />
  <attribute name="Output H" value="9018920"/>
  <attribute name="Output I" value="1920"/>
  <attribute name="Output T" value="16"/>
  <attribute name= "Current Time Running" value="486" />
  <attribute name="GC Util currently" value="21" />
  <attribute name="CPU Util currently" value="42747977561" />
<allocation-satisfied id="31" threadId="0000000000996F00" bytesRequested="88" />
<af-end id="32" timestamp="2019-08-08T07:20:32.876" threadId="0000000000997888" success="true" />
<exclusive-end id="33" timestamp="2019-08-08T07:20:32.876" durationms="33.198" />

<exclusive-start id="34" timestamp="2019-08-08T07:20:32.960" intervalms="116.713">
  <response-info timems="0.012" idlems="0.012" threads="0" lastid="0000000000996F00" lastname="main" />
</exclusive-start>
<af-start id="35" threadId="0000000000997888" totalBytesRequested="24" timestamp="2019-08-08T07:20:32.960" intervalms="116.800" />
<cycle-start id="36" type="global" contextid="0" timestamp="2019-08-08T07:20:32.960" intervalms="116.803" />
<gc-start id="37" type="global" contextid="36" timestamp="2019-08-08T07:20:32.960">
  <mem-info id="38" free="451584" total="9043968" percent="4">
    <mem type="tenure" free="451584" total="9043968" percent="4">
      <mem type="soa" free="0" total="8592384" percent="0" />
      <mem type="loa" free="451584" total="451584" percent="100" />
    </mem>
  </mem-info>
</gc-start>
<allocation-stats totalBytes="4941312" >
  <allocated-bytes non-tlh="160560" tlh="4780752" />
  <largest-consumer threadName="main" threadId="0000000000996F00" bytes="4941312" />
</allocation-stats>
<gc-op id="39" type="mark" timems="8.699" contextid="36" timestamp="2019-08-08T07:20:32.969">
  <trace-info objectcount="142614" scancount="133129" scanbytes="5241048" />
  <finalization candidates="13" enqueued="0" />
  <references type="soft" candidates="66" cleared="0" enqueued="0" dynamicThreshold="19" maxThreshold="32" />
  <references type="weak" candidates="143" cleared="0" enqueued="0" />
  <references type="phantom" candidates="57" cleared="0" enqueued="0" />
  <stringconstants candidates="3823" cleared="0"  />
</gc-op>
<gc-op id="40" type="sweep" timems="2.331" contextid="36" timestamp="2019-08-08T07:20:32.971" />
<mem-info id="41" free="1662000" total="9043968" percent="18">
  <mem type="tenure" free="1662000" total="9043968" percent="18" micro-fragmented="555917">
    <mem type="soa" free="1210416" total="8592384" percent="14" />
    <mem type="loa" free="451584" total="451584" percent="100" />
  </mem>
</mem-info>
<gc-op id="42" type="compact" timems="68.307" contextid="36" timestamp="2019-08-08T07:20:33.039">
  <compact-info movecount="128141" movebytes="6148792" reason="compact to aid heap contraction" />
</gc-op>
<heap-resize id="43" type="expand" space="tenure" amount="327680" count="1" timems="0.019" reason="satisfy allocation request" timestamp="2019-08-08T07:20:33.040" />
<gc-end id="44" type="global" contextid="36" durationms="80.012" usertimems="72.653" systemtimems="27.679" timestamp="2019-08-08T07:20:33.040" activeThreads="16">
  <mem-info id="45" free="2511544" total="9371648" percent="26">
    <mem type="tenure" free="2511544" total="9371648" percent="26">
      <mem type="soa" free="2043576" total="8903680" percent="22" />
      <mem type="loa" free="467968" total="467968" percent="100" />
    </mem>
  </mem-info>
</gc-end>
<cycle-end id="46" type="global" contextid="36" timestamp="2019-08-08T07:20:33.040" />
  <attribute name="elasticGC enabled" value="1" />
  <attribute name= "numThreadsSpecified" value="16" />
  <attribute name="heapSize specified" value="9043968" />
  <attribute name="Current GC Util" value="26" />
  <attribute name= "Current Time Running" value="650" />
  <attribute name ="GC Interval" value="0" />
  <attribute name="Target GC Util Change" value ="80.000000" />
  <attribute name="Current GC Util Change" value="26.000000"/>
  <attribute name="Current Error" value="-98.000000" />
  <attribute name="Output H" value="9346232"/>
  <attribute name="Output I" value="1504"/>
  <attribute name="Output T" value="16"/>
  <attribute name= "Current Time Running" value="650" />
  <attribute name="GC Util currently" value="26" />
  <attribute name="CPU Util currently" value="16869239662" />
<allocation-satisfied id="47" threadId="0000000000996F00" bytesRequested="24" />
<af-end id="48" timestamp="2019-08-08T07:20:33.040" threadId="0000000000997888" success="true" />
<exclusive-end id="49" timestamp="2019-08-08T07:20:33.040" durationms="80.210" />

<exclusive-start id="50" timestamp="2019-08-08T07:20:35.079" intervalms="2119.462">
  <response-info timems="0.016" idlems="0.016" threads="0" lastid="0000000000CCC100" lastname="node-1" />
</exclusive-start>
<af-start id="51" threadId="0000000000CCCA88" totalBytesRequested="32" timestamp="2019-08-08T07:20:35.079" intervalms="2119.380" />
<cycle-start id="52" type="global" contextid="0" timestamp="2019-08-08T07:20:35.079" intervalms="2119.401" />
<gc-start id="53" type="global" contextid="52" timestamp="2019-08-08T07:20:35.079">
  <mem-info id="54" free="467968" total="9371648" percent="4">
    <mem type="tenure" free="467968" total="9371648" percent="4">
      <mem type="soa" free="0" total="8903680" percent="0" />
      <mem type="loa" free="467968" total="467968" percent="100" />
    </mem>
  </mem-info>
</gc-start>
<allocation-stats totalBytes="2104480" >
  <allocated-bytes non-tlh="1288" tlh="2103192" />
  <largest-consumer threadName="node-0" threadId="0000000000CD3900" bytes="319696" />
</allocation-stats>
<gc-op id="55" type="mark" timems="5.178" contextid="52" timestamp="2019-08-08T07:20:35.085">
  <trace-info objectcount="145891" scancount="136351" scanbytes="5331848" />
  <finalization candidates="13" enqueued="0" />
  <references type="soft" candidates="66" cleared="0" enqueued="0" dynamicThreshold="8" maxThreshold="32" />
  <references type="weak" candidates="145" cleared="2" enqueued="2" />
  <references type="phantom" candidates="57" cleared="0" enqueued="0" />
  <stringconstants candidates="3837" cleared="0"  />
</gc-op>
<gc-op id="56" type="sweep" timems="1.794" contextid="52" timestamp="2019-08-08T07:20:35.086" />
<mem-info id="57" free="2448760" total="9371648" percent="26">
  <mem type="tenure" free="2448760" total="9371648" percent="26" micro-fragmented="19722">
    <mem type="soa" free="1980792" total="8903680" percent="22" />
    <mem type="loa" free="467968" total="467968" percent="100" />
  </mem>
  <pending-finalizers system="0" default="0" reference="2" classloader="0" />
</mem-info>
<gc-op id="58" type="compact" timems="67.555" contextid="52" timestamp="2019-08-08T07:20:35.154">
  <compact-info movecount="145144" movebytes="6877832" reason="compact to aid heap contraction" />
</gc-op>
<heap-resize id="59" type="expand" space="tenure" amount="327680" count="1" timems="0.033" reason="satisfy allocation request" timestamp="2019-08-08T07:20:35.155" />
<gc-end id="60" type="global" contextid="52" durationms="75.250" usertimems="98.190" systemtimems="4.289" timestamp="2019-08-08T07:20:35.155" activeThreads="16">
  <mem-info id="61" free="2776104" total="9699328" percent="28">
    <mem type="tenure" free="2776104" total="9699328" percent="28">
      <mem type="soa" free="2291752" total="9214976" percent="24" />
      <mem type="loa" free="484352" total="484352" percent="100" />
    </mem>
    <pending-finalizers system="0" default="0" reference="2" classloader="0" />
  </mem-info>
</gc-end>
<cycle-end id="62" type="global" contextid="52" timestamp="2019-08-08T07:20:35.155" />
  <attribute name="elasticGC enabled" value="1" />
  <attribute name= "numThreadsSpecified" value="16" />
  <attribute name="heapSize specified" value="9371648" />
  <attribute name="Current GC Util" value="15" />
  <attribute name= "Current Time Running" value="2764" />
  <attribute name ="GC Interval" value="0" />
  <attribute name="Target GC Util Change" value ="80.000000" />
  <attribute name="Current GC Util Change" value="15.000000"/>
  <attribute name="Current Error" value="-125.000000" />
  <attribute name="Output H" value="9673784"/>
  <attribute name="Output I" value="1360"/>
  <attribute name="Output T" value="16"/>
  <attribute name= "Current Time Running" value="2764" />
  <attribute name="GC Util currently" value="15" />
  <attribute name="CPU Util currently" value="17055592765" />
<allocation-satisfied id="63" threadId="0000000000CCC100" bytesRequested="32" />
<af-end id="64" timestamp="2019-08-08T07:20:35.155" threadId="0000000000CCCA88" success="true" />
<exclusive-end id="65" timestamp="2019-08-08T07:20:35.155" durationms="75.597" />

<exclusive-start id="66" timestamp="2019-08-08T07:20:36.723" intervalms="1644.045">
  <response-info timems="0.039" idlems="0.039" threads="0" lastid="0000000000CAA600" lastname="node-5" />
</exclusive-start>
<af-start id="67" threadId="0000000000CAAF88" totalBytesRequested="32" timestamp="2019-08-08T07:20:36.723" intervalms="1644.050" />
<cycle-start id="68" type="global" contextid="0" timestamp="2019-08-08T07:20:36.723" intervalms="1644.030" />
<gc-start id="69" type="global" contextid="68" timestamp="2019-08-08T07:20:36.723">
  <mem-info id="70" free="484352" total="9699328" percent="4">
    <mem type="tenure" free="484352" total="9699328" percent="4">
      <mem type="soa" free="0" total="9214976" percent="0" />
      <mem type="loa" free="484352" total="484352" percent="100" />
    </mem>
  </mem-info>
</gc-start>
<allocation-stats totalBytes="2312400" >
  <allocated-bytes non-tlh="0" tlh="2312400" />
  <largest-consumer threadName="node-7" threadId="0000000000C9F200" bytes="257952" />
</allocation-stats>
<gc-op id="71" type="mark" timems="5.354" contextid="68" timestamp="2019-08-08T07:20:36.729">
  <trace-info objectcount="145805" scancount="136271" scanbytes="5329608" />
  <finalization candidates="13" enqueued="0" />
  <references type="soft" candidates="66" cleared="0" enqueued="0" dynamicThreshold="9" maxThreshold="32" />
  <references type="weak" candidates="143" cleared="0" enqueued="0" />
  <references type="phantom" candidates="57" cleared="0" enqueued="0" />
  <stringconstants candidates="3837" cleared="0"  />
</gc-op>
<gc-op id="72" type="sweep" timems="1.159" contextid="68" timestamp="2019-08-08T07:20:36.730" />
<mem-info id="73" free="2799648" total="9699328" percent="28">
  <mem type="tenure" free="2799648" total="9699328" percent="28" micro-fragmented="0">
    <mem type="soa" free="2315296" total="9214976" percent="25" />
    <mem type="loa" free="484352" total="484352" percent="100" />
  </mem>
</mem-info>
<gc-op id="74" type="compact" timems="18.762" contextid="68" timestamp="2019-08-08T07:20:36.749">
  <compact-info movecount="33287" movebytes="2252064" reason="compact to aid heap contraction" />
</gc-op>
<heap-resize id="75" type="expand" space="tenure" amount="327680" count="1" timems="0.019" reason="satisfy allocation request" timestamp="2019-08-08T07:20:36.749" />
<gc-end id="76" type="global" contextid="68" durationms="25.907" usertimems="41.517" systemtimems="5.758" timestamp="2019-08-08T07:20:36.749" activeThreads="16">
  <mem-info id="77" free="3107192" total="10027008" percent="30">
    <mem type="tenure" free="3107192" total="10027008" percent="30">
      <mem type="soa" free="2606456" total="9526272" percent="27" />
      <mem type="loa" free="500736" total="500736" percent="100" />
    </mem>
  </mem-info>
</gc-end>
<cycle-end id="78" type="global" contextid="68" timestamp="2019-08-08T07:20:36.749" />
  <attribute name="elasticGC enabled" value="1" />
  <attribute name= "numThreadsSpecified" value="16" />
  <attribute name="heapSize specified" value="9699328" />
  <attribute name="Current GC Util" value="54" />
  <attribute name= "Current Time Running" value="4359" />
  <attribute name ="GC Interval" value="0" />
  <attribute name="Target GC Util Change" value ="80.000000" />
  <attribute name="Current GC Util Change" value="54.000000"/>
  <attribute name="Current Error" value="30.000000" />
  <attribute name="Output H" value="10002184"/>
  <attribute name="Output I" value="2168"/>
  <attribute name="Output T" value="16"/>
  <attribute name= "Current Time Running" value="4359" />
  <attribute name="GC Util currently" value="54" />
  <attribute name="CPU Util currently" value="61369027178" />
<allocation-satisfied id="79" threadId="0000000000CAA600" bytesRequested="32" />
<af-end id="80" timestamp="2019-08-08T07:20:36.749" threadId="0000000000CAAF88" success="true" />
<exclusive-end id="81" timestamp="2019-08-08T07:20:36.749" durationms="26.109" />

<exclusive-start id="82" timestamp="2019-08-08T07:20:38.171" intervalms="1448.102">
  <response-info timems="0.015" idlems="0.015" threads="0" lastid="0000000000CCFD00" lastname="node-3" />
</exclusive-start>
<af-start id="83" threadId="0000000000CD0688" totalBytesRequested="24" timestamp="2019-08-08T07:20:38.171" intervalms="1448.103" />
<cycle-start id="84" type="global" contextid="0" timestamp="2019-08-08T07:20:38.171" intervalms="1448.104" />
<gc-start id="85" type="global" contextid="84" timestamp="2019-08-08T07:20:38.171">
  <mem-info id="86" free="500736" total="10027008" percent="4">
    <mem type="tenure" free="500736" total="10027008" percent="4">
      <mem type="soa" free="0" total="9526272" percent="0" />
      <mem type="loa" free="500736" total="500736" percent="100" />
    </mem>
  </mem-info>
</gc-start>
<allocation-stats totalBytes="2628576" >
  <allocated-bytes non-tlh="0" tlh="2628576" />
  <largest-consumer threadName="node-7" threadId="0000000000C9F200" bytes="208840" />
</allocation-stats>
<gc-op id="87" type="mark" timems="4.300" contextid="84" timestamp="2019-08-08T07:20:38.176">
  <trace-info objectcount="145740" scancount="136207" scanbytes="5327376" />
  <finalization candidates="13" enqueued="0" />
  <references type="soft" candidates="66" cleared="0" enqueued="0" dynamicThreshold="9" maxThreshold="32" />
  <references type="weak" candidates="143" cleared="0" enqueued="0" />
  <references type="phantom" candidates="57" cleared="0" enqueued="0" />
  <stringconstants candidates="3837" cleared="0"  />
</gc-op>
<gc-op id="88" type="sweep" timems="1.406" contextid="84" timestamp="2019-08-08T07:20:38.177" />
<mem-info id="89" free="3118584" total="10027008" percent="31">
  <mem type="tenure" free="3118584" total="10027008" percent="31" micro-fragmented="0">
    <mem type="soa" free="2617848" total="9526272" percent="27" />
    <mem type="loa" free="500736" total="500736" percent="100" />
  </mem>
</mem-info>
<gc-op id="90" type="compact" timems="11.336" contextid="84" timestamp="2019-08-08T07:20:38.189">
  <compact-info movecount="2414" movebytes="62184" reason="compact to aid heap contraction" />
</gc-op>
<heap-resize id="91" type="expand" space="tenure" amount="327680" count="1" timems="0.017" reason="satisfy allocation request" timestamp="2019-08-08T07:20:38.189" />
<gc-end id="92" type="global" contextid="84" durationms="17.731" usertimems="25.396" systemtimems="10.980" timestamp="2019-08-08T07:20:38.189" activeThreads="16">
  <mem-info id="93" free="3436560" total="10354688" percent="33">
    <mem type="tenure" free="3436560" total="10354688" percent="33">
      <mem type="soa" free="2919440" total="9837568" percent="29" />
      <mem type="loa" free="517120" total="517120" percent="100" />
    </mem>
  </mem-info>
</gc-end>
<cycle-end id="94" type="global" contextid="84" timestamp="2019-08-08T07:20:38.189" />
  <attribute name="elasticGC enabled" value="1" />
  <attribute name= "numThreadsSpecified" value="16" />
  <attribute name="heapSize specified" value="10027008" />
  <attribute name="Current GC Util" value="72" />
  <attribute name= "Current Time Running" value="5799" />
  <attribute name ="GC Interval" value="0" />
  <attribute name="Target GC Util Change" value ="80.000000" />
  <attribute name="Current GC Util Change" value="72.000000"/>
  <attribute name="Current Error" value="8.000000" />
  <attribute name="Output H" value="10329760"/>
  <attribute name="Output I" value="2056"/>
  <attribute name="Output T" value="16"/>
  <attribute name= "Current Time Running" value="5799" />
  <attribute name="GC Util currently" value="72" />
  <attribute name="CPU Util currently" value="101419619699" />
<allocation-satisfied id="95" threadId="0000000000CCFD00" bytesRequested="24" />
<af-end id="96" timestamp="2019-08-08T07:20:38.189" threadId="0000000000CD0688" success="true" />
<exclusive-end id="97" timestamp="2019-08-08T07:20:38.189" durationms="17.985" />

<exclusive-start id="98" timestamp="2019-08-08T07:20:40.022" intervalms="1850.458">
  <response-info timems="0.415" idlems="0.415" threads="0" lastid="0000000000C9F200" lastname="node-7" />
</exclusive-start>
<af-start id="99" threadId="0000000000C9FB88" totalBytesRequested="24" timestamp="2019-08-08T07:20:40.022" intervalms="1850.461" />
<cycle-start id="100" type="global" contextid="0" timestamp="2019-08-08T07:20:40.022" intervalms="1850.481" />
<gc-start id="101" type="global" contextid="100" timestamp="2019-08-08T07:20:40.022">
  <mem-info id="102" free="517120" total="10354688" percent="4">
    <mem type="tenure" free="517120" total="10354688" percent="4">
      <mem type="soa" free="0" total="9837568" percent="0" />
      <mem type="loa" free="517120" total="517120" percent="100" />
    </mem>
  </mem-info>
</gc-start>
<allocation-stats totalBytes="2941032" >
  <allocated-bytes non-tlh="0" tlh="2941032" />
  <largest-consumer threadName="node-8" threadId="0000000000CB9600" bytes="208560" />
</allocation-stats>
<gc-op id="103" type="mark" timems="5.073" contextid="100" timestamp="2019-08-08T07:20:40.027">
  <trace-info objectcount="145687" scancount="136158" scanbytes="5325968" />
  <finalization candidates="13" enqueued="0" />
  <references type="soft" candidates="66" cleared="0" enqueued="0" dynamicThreshold="10" maxThreshold="32" />
  <references type="weak" candidates="143" cleared="0" enqueued="0" />
  <references type="phantom" candidates="57" cleared="0" enqueued="0" />
  <stringconstants candidates="3837" cleared="0"  />
</gc-op>
<gc-op id="104" type="sweep" timems="1.375" contextid="100" timestamp="2019-08-08T07:20:40.028" />
<mem-info id="105" free="3456328" total="10354688" percent="33">
  <mem type="tenure" free="3456328" total="10354688" percent="33" micro-fragmented="0">
    <mem type="soa" free="2939208" total="9837568" percent="29" />
    <mem type="loa" free="517120" total="517120" percent="100" />
  </mem>
</mem-info>
<gc-op id="106" type="compact" timems="14.662" contextid="100" timestamp="2019-08-08T07:20:40.043">
  <compact-info movecount="13287" movebytes="828392" reason="compact to aid heap contraction" />
</gc-op>
<heap-resize id="107" type="expand" space="tenure" amount="327680" count="1" timems="0.018" reason="satisfy allocation request" timestamp="2019-08-08T07:20:40.044" />
<gc-end id="108" type="global" contextid="100" durationms="21.814" usertimems="28.767" systemtimems="12.248" timestamp="2019-08-08T07:20:40.044" activeThreads="16">
  <mem-info id="109" free="3766056" total="10682368" percent="35">
    <mem type="tenure" free="3766056" total="10682368" percent="35">
      <mem type="soa" free="3232552" total="10148864" percent="31" />
      <mem type="loa" free="533504" total="533504" percent="100" />
    </mem>
  </mem-info>
</gc-end>
<cycle-end id="110" type="global" contextid="100" timestamp="2019-08-08T07:20:40.044" />
  <attribute name="elasticGC enabled" value="1" />
  <attribute name= "numThreadsSpecified" value="16" />
  <attribute name="heapSize specified" value="10354688" />
  <attribute name="Current GC Util" value="78" />
  <attribute name= "Current Time Running" value="7654" />
  <attribute name ="GC Interval" value="0" />
  <attribute name="Target GC Util Change" value ="80.000000" />
  <attribute name="Current GC Util Change" value="78.000000"/>
  <attribute name="Current Error" value="-204.000000" />
  <attribute name="Output H" value="10656464"/>
  <attribute name="Output I" value="952"/>
  <attribute name="Output T" value="16"/>
  <attribute name= "Current Time Running" value="7654" />
  <attribute name="GC Util currently" value="78" />
  <attribute name="CPU Util currently" value="78487003986" />
<allocation-satisfied id="111" threadId="0000000000C9F200" bytesRequested="24" />
<af-end id="112" timestamp="2019-08-08T07:20:40.044" threadId="0000000000C9FB88" success="true" />
<exclusive-end id="113" timestamp="2019-08-08T07:20:40.044" durationms="22.013" />

<exclusive-start id="114" timestamp="2019-08-08T07:20:41.983" intervalms="1961.231">
  <response-info timems="0.022" idlems="0.022" threads="0" lastid="0000000000C84F00" lastname="node-23" />
</exclusive-start>
<af-start id="115" threadId="0000000000C85888" totalBytesRequested="32" timestamp="2019-08-08T07:20:41.983" intervalms="1961.233" />
<cycle-start id="116" type="global" contextid="0" timestamp="2019-08-08T07:20:41.983" intervalms="1961.214" />
<gc-start id="117" type="global" contextid="116" timestamp="2019-08-08T07:20:41.983">
  <mem-info id="118" free="533504" total="10682368" percent="4">
    <mem type="tenure" free="533504" total="10682368" percent="4">
      <mem type="soa" free="0" total="10148864" percent="0" />
      <mem type="loa" free="533504" total="533504" percent="100" />
    </mem>
  </mem-info>
</gc-start>
<allocation-stats totalBytes="3254216" >
  <allocated-bytes non-tlh="0" tlh="3254216" />
  <largest-consumer threadName="node-14" threadId="0000000000C93F00" bytes="184320" />
</allocation-stats>
<gc-op id="119" type="mark" timems="5.035" contextid="116" timestamp="2019-08-08T07:20:41.988">
  <trace-info objectcount="145622" scancount="136076" scanbytes="5324168" />
  <finalization candidates="13" enqueued="0" />
  <references type="soft" candidates="66" cleared="0" enqueued="0" dynamicThreshold="11" maxThreshold="32" />
  <references type="weak" candidates="143" cleared="0" enqueued="0" />
  <references type="phantom" candidates="57" cleared="0" enqueued="0" />
  <stringconstants candidates="3837" cleared="0"  />
</gc-op>
<gc-op id="120" type="sweep" timems="2.698" contextid="116" timestamp="2019-08-08T07:20:41.991" />
<mem-info id="121" free="3784360" total="10682368" percent="35">
  <mem type="tenure" free="3784360" total="10682368" percent="35" micro-fragmented="9220">
    <mem type="soa" free="3250856" total="10148864" percent="32" />
    <mem type="loa" free="533504" total="533504" percent="100" />
  </mem>
</mem-info>
<gc-op id="122" type="compact" timems="14.673" contextid="116" timestamp="2019-08-08T07:20:42.006">
  <compact-info movecount="11414" movebytes="710232" reason="compact to aid heap contraction" />
</gc-op>
<heap-resize id="123" type="expand" space="tenure" amount="327680" count="1" timems="0.022" reason="satisfy allocation request" timestamp="2019-08-08T07:20:42.006" />
<gc-end id="124" type="global" contextid="116" durationms="23.278" usertimems="29.920" systemtimems="14.294" timestamp="2019-08-08T07:20:42.006" activeThreads="16">
  <mem-info id="125" free="4112056" total="11010048" percent="37">
    <mem type="tenure" free="4112056" total="11010048" percent="37">
      <mem type="soa" free="3562168" total="10460160" percent="34" />
      <mem type="loa" free="549888" total="549888" percent="100" />
    </mem>
  </mem-info>
</gc-end>
<cycle-end id="126" type="global" contextid="116" timestamp="2019-08-08T07:20:42.007" />
  <attribute name="elasticGC enabled" value="1" />
  <attribute name= "numThreadsSpecified" value="16" />
  <attribute name="heapSize specified" value="10682368" />
  <attribute name="Current GC Util" value="53" />
  <attribute name= "Current Time Running" value="9616" />
  <attribute name ="GC Interval" value="0" />
  <attribute name="Target GC Util Change" value ="80.000000" />
  <attribute name="Current GC Util Change" value="53.000000"/>
  <attribute name="Current Error" value="-312.000000" />
  <attribute name="Output H" value="10983640"/>
  <attribute name="Output I" value="392"/>
  <attribute name="Output T" value="16"/>
  <attribute name= "Current Time Running" value="9616" />
  <attribute name="GC Util currently" value="53" />
  <attribute name="CPU Util currently" value="78030766114" />
<allocation-satisfied id="127" threadId="0000000000C84F00" bytesRequested="32" />
<af-end id="128" timestamp="2019-08-08T07:20:42.007" threadId="0000000000C85888" success="true" />
<exclusive-end id="129" timestamp="2019-08-08T07:20:42.007" durationms="23.586" />

<exclusive-start id="130" timestamp="2019-08-08T07:20:43.641" intervalms="1658.153">
  <response-info timems="0.266" idlems="0.135" threads="1" lastid="0000000000CD7500" lastname="node-11" />
</exclusive-start>
<af-start id="131" threadId="0000000000CCCA88" totalBytesRequested="16" timestamp="2019-08-08T07:20:43.641" intervalms="1658.151" />
<cycle-start id="132" type="global" contextid="0" timestamp="2019-08-08T07:20:43.641" intervalms="1658.151" />
<gc-start id="133" type="global" contextid="132" timestamp="2019-08-08T07:20:43.641">
  <mem-info id="134" free="549888" total="11010048" percent="4">
    <mem type="tenure" free="549888" total="11010048" percent="4">
      <mem type="soa" free="0" total="10460160" percent="0" />
      <mem type="loa" free="549888" total="549888" percent="100" />
    </mem>
  </mem-info>
</gc-start>
<allocation-stats totalBytes="3566960" >
  <allocated-bytes non-tlh="0" tlh="3566960" />
  <largest-consumer threadName="node-20" threadId="0000000000C7D700" bytes="183968" />
</allocation-stats>
<gc-op id="135" type="mark" timems="5.392" contextid="132" timestamp="2019-08-08T07:20:43.647">
  <trace-info objectcount="145608" scancount="136049" scanbytes="5323384" />
  <finalization candidates="13" enqueued="0" />
  <references type="soft" candidates="66" cleared="0" enqueued="0" dynamicThreshold="11" maxThreshold="32" />
  <references type="weak" candidates="143" cleared="0" enqueued="0" />
  <references type="phantom" candidates="57" cleared="0" enqueued="0" />
  <stringconstants candidates="3837" cleared="0"  />
</gc-op>
<gc-op id="136" type="sweep" timems="4.673" contextid="132" timestamp="2019-08-08T07:20:43.651" />
<mem-info id="137" free="4105744" total="11010048" percent="37">
  <mem type="tenure" free="4105744" total="11010048" percent="37" micro-fragmented="18432">
    <mem type="soa" free="3555856" total="10460160" percent="33" />
    <mem type="loa" free="549888" total="549888" percent="100" />
  </mem>
</mem-info>
<gc-op id="138" type="compact" timems="13.952" contextid="132" timestamp="2019-08-08T07:20:43.665">
  <compact-info movecount="5978" movebytes="342456" reason="compact to aid heap contraction" />
</gc-op>
<heap-resize id="139" type="expand" space="tenure" amount="327680" count="1" timems="0.021" reason="satisfy allocation request" timestamp="2019-08-08T07:20:43.666" />
<gc-end id="140" type="global" contextid="132" durationms="24.785" usertimems="26.506" systemtimems="17.301" timestamp="2019-08-08T07:20:43.666" activeThreads="16">
  <mem-info id="141" free="4418464" total="11337728" percent="38">
    <mem type="tenure" free="4418464" total="11337728" percent="38">
      <mem type="soa" free="3852192" total="10771456" percent="35" />
      <mem type="loa" free="566272" total="566272" percent="100" />
    </mem>
  </mem-info>
</gc-end>
<cycle-end id="142" type="global" contextid="132" timestamp="2019-08-08T07:20:43.666" />
  <attribute name="elasticGC enabled" value="1" />
  <attribute name= "numThreadsSpecified" value="16" />
  <attribute name="heapSize specified" value="11010048" />
  <attribute name="Current GC Util" value="66" />
  <attribute name= "Current Time Running" value="11276" />
  <attribute name ="GC Interval" value="0" />
  <attribute name="Target GC Util Change" value ="80.000000" />
  <attribute name="Current GC Util Change" value="66.000000"/>
  <attribute name="Current Error" value="-288.000000" />
  <attribute name="Output H" value="11311432"/>
  <attribute name="Output I" value="512"/>
  <attribute name="Output T" value="16"/>
  <attribute name= "Current Time Running" value="11276" />
  <attribute name="GC Util currently" value="66" />
  <attribute name="CPU Util currently" value="82369433542" />
<allocation-satisfied id="143" threadId="0000000000CCC100" bytesRequested="16" />
<af-end id="144" timestamp="2019-08-08T07:20:43.666" threadId="0000000000CCCA88" success="true" />
<exclusive-end id="145" timestamp="2019-08-08T07:20:43.666" durationms="24.978" />

<exclusive-start id="146" timestamp="2019-08-08T07:20:45.062" intervalms="1420.679">
  <response-info timems="3.023" idlems="3.023" threads="0" lastid="0000000000CD7500" lastname="node-11" />
</exclusive-start>
<af-start id="147" threadId="0000000000CD7E88" totalBytesRequested="24" timestamp="2019-08-08T07:20:45.062" intervalms="1420.699" />
<cycle-start id="148" type="global" contextid="0" timestamp="2019-08-08T07:20:45.062" intervalms="1420.704" />
<gc-start id="149" type="global" contextid="148" timestamp="2019-08-08T07:20:45.062">
  <mem-info id="150" free="566272" total="11337728" percent="4">
    <mem type="tenure" free="566272" total="11337728" percent="4">
      <mem type="soa" free="0" total="10771456" percent="0" />
      <mem type="loa" free="566272" total="566272" percent="100" />
    </mem>
  </mem-info>
</gc-start>
<allocation-stats totalBytes="3863680" >
  <allocated-bytes non-tlh="0" tlh="3863680" />
  <largest-consumer threadName="node-7" threadId="0000000000C9F200" bytes="208192" />
</allocation-stats>
<gc-op id="151" type="mark" timems="7.965" contextid="148" timestamp="2019-08-08T07:20:45.070">
  <trace-info objectcount="145553" scancount="136006" scanbytes="5322520" />
  <finalization candidates="13" enqueued="0" />
  <references type="soft" candidates="66" cleared="0" enqueued="0" dynamicThreshold="12" maxThreshold="32" />
  <references type="weak" candidates="143" cleared="0" enqueued="0" />
  <references type="phantom" candidates="57" cleared="0" enqueued="0" />
  <stringconstants candidates="3837" cleared="0"  />
</gc-op>
<gc-op id="152" type="sweep" timems="3.286" contextid="148" timestamp="2019-08-08T07:20:45.073" />
<mem-info id="153" free="4445144" total="11337728" percent="39">
  <mem type="tenure" free="4445144" total="11337728" percent="39" micro-fragmented="0">
    <mem type="soa" free="3878872" total="10771456" percent="36" />
    <mem type="loa" free="566272" total="566272" percent="100" />
  </mem>
</mem-info>
<gc-op id="154" type="compact" timems="13.966" contextid="148" timestamp="2019-08-08T07:20:45.087">
  <compact-info movecount="2122" movebytes="53392" reason="compact to aid heap contraction" />
</gc-op>
<heap-resize id="155" type="expand" space="tenure" amount="327680" count="1" timems="0.023" reason="satisfy allocation request" timestamp="2019-08-08T07:20:45.088" />
<gc-end id="156" type="global" contextid="148" durationms="25.850" usertimems="40.383" systemtimems="7.768" timestamp="2019-08-08T07:20:45.088" activeThreads="16">
  <mem-info id="157" free="4752680" total="11665408" percent="40">
    <mem type="tenure" free="4752680" total="11665408" percent="40">
      <mem type="soa" free="4170024" total="11082752" percent="37" />
      <mem type="loa" free="582656" total="582656" percent="100" />
    </mem>
  </mem-info>
</gc-end>
<cycle-end id="158" type="global" contextid="148" timestamp="2019-08-08T07:20:45.089" />
  <attribute name="elasticGC enabled" value="1" />
  <attribute name= "numThreadsSpecified" value="16" />
  <attribute name="heapSize specified" value="11337728" />
  <attribute name="Current GC Util" value="106" />
  <attribute name= "Current Time Running" value="12698" />
  <attribute name ="GC Interval" value="0" />
  <attribute name="Target GC Util Change" value ="80.000000" />
  <attribute name="Current GC Util Change" value="106.000000"/>
  <attribute name="Current Error" value="-141.000000" />
  <attribute name="Output H" value="11639792"/>
  <attribute name="Output I" value="1280"/>
  <attribute name="Output T" value="16"/>
  <attribute name= "Current Time Running" value="12698" />
  <attribute name="GC Util currently" value="106" />
  <attribute name="CPU Util currently" value="82422919959" />
<allocation-satisfied id="159" threadId="0000000000CD7500" bytesRequested="24" />
<af-end id="160" timestamp="2019-08-08T07:20:45.089" threadId="0000000000CD7E88" success="true" />
<exclusive-end id="161" timestamp="2019-08-08T07:20:45.089" durationms="27.228" />

<exclusive-start id="162" timestamp="2019-08-08T07:20:46.648" intervalms="1585.991">
  <response-info timems="0.511" idlems="0.269" threads="1" lastid="0000000000C7D700" lastname="node-20" />
</exclusive-start>
<af-start id="163" threadId="0000000000C94888" totalBytesRequested="720" timestamp="2019-08-08T07:20:46.648" intervalms="1586.089" />
<cycle-start id="164" type="global" contextid="0" timestamp="2019-08-08T07:20:46.648" intervalms="1586.109" />
<gc-start id="165" type="global" contextid="164" timestamp="2019-08-08T07:20:46.648">
  <mem-info id="166" free="582656" total="11665408" percent="4">
    <mem type="tenure" free="582656" total="11665408" percent="4">
      <mem type="soa" free="0" total="11082752" percent="0" />
      <mem type="loa" free="582656" total="582656" percent="100" />
    </mem>
  </mem-info>
</gc-start>
<allocation-stats totalBytes="4188392" >
  <allocated-bytes non-tlh="0" tlh="4188392" />
  <largest-consumer threadName="node-9" threadId="0000000000CB1E00" bytes="208840" />
</allocation-stats>
<gc-op id="167" type="mark" timems="4.836" contextid="164" timestamp="2019-08-08T07:20:46.653">
  <trace-info objectcount="145543" scancount="135980" scanbytes="5321680" />
  <finalization candidates="13" enqueued="0" />
  <references type="soft" candidates="66" cleared="0" enqueued="0" dynamicThreshold="13" maxThreshold="32" />
  <references type="weak" candidates="143" cleared="0" enqueued="0" />
  <references type="phantom" candidates="57" cleared="0" enqueued="0" />
  <stringconstants candidates="3837" cleared="0"  />
</gc-op>
<gc-op id="168" type="sweep" timems="1.948" contextid="164" timestamp="2019-08-08T07:20:46.655" />
<mem-info id="169" free="4757896" total="11665408" percent="40">
  <mem type="tenure" free="4757896" total="11665408" percent="40" micro-fragmented="0">
    <mem type="soa" free="4175240" total="11082752" percent="37" />
    <mem type="loa" free="582656" total="582656" percent="100" />
  </mem>
</mem-info>
<gc-op id="170" type="compact" timems="11.041" contextid="164" timestamp="2019-08-08T07:20:46.666">
  <compact-info movecount="2076" movebytes="64888" reason="compact to aid heap contraction" />
</gc-op>
<heap-resize id="171" type="expand" space="tenure" amount="327680" count="1" timems="0.020" reason="satisfy allocation request" timestamp="2019-08-08T07:20:46.667" />
<gc-end id="172" type="global" contextid="164" durationms="18.509" usertimems="22.287" systemtimems="17.544" timestamp="2019-08-08T07:20:46.667" activeThreads="16">
  <mem-info id="173" free="5067608" total="11993088" percent="42">
    <mem type="tenure" free="5067608" total="11993088" percent="42">
      <mem type="soa" free="4468568" total="11394048" percent="39" />
      <mem type="loa" free="599040" total="599040" percent="100" />
    </mem>
  </mem-info>
</gc-end>
<cycle-end id="174" type="global" contextid="164" timestamp="2019-08-08T07:20:46.667" />
  <attribute name="elasticGC enabled" value="1" />
  <attribute name= "numThreadsSpecified" value="16" />
  <attribute name="heapSize specified" value="11665408" />
  <attribute name="Current GC Util" value="77" />
  <attribute name= "Current Time Running" value="14277" />
  <attribute name ="GC Interval" value="0" />
  <attribute name="Target GC Util Change" value ="80.000000" />
  <attribute name="Current GC Util Change" value="77.000000"/>
  <attribute name="Current Error" value="7.000000" />
  <attribute name="Output H" value="11968152"/>
  <attribute name="Output I" value="2048"/>
  <attribute name="Output T" value="16"/>
  <attribute name= "Current Time Running" value="14277" />
  <attribute name="GC Util currently" value="77" />
  <attribute name="CPU Util currently" value="103852393557" />
<allocation-satisfied id="175" threadId="0000000000C93F00" bytesRequested="720" />
<af-end id="176" timestamp="2019-08-08T07:20:46.667" threadId="0000000000C94888" success="true" />
<exclusive-end id="177" timestamp="2019-08-08T07:20:46.667" durationms="19.329" />

<exclusive-start id="178" timestamp="2019-08-08T07:20:48.616" intervalms="1968.329">
  <response-info timems="0.019" idlems="0.019" threads="0" lastid="0000000000CB5A00" lastname="node-6" />
</exclusive-start>
<af-start id="179" threadId="0000000000CB6388" totalBytesRequested="32" timestamp="2019-08-08T07:20:48.616" intervalms="1968.215" />
<cycle-start id="180" type="global" contextid="0" timestamp="2019-08-08T07:20:48.616" intervalms="1968.189" />
<gc-start id="181" type="global" contextid="180" timestamp="2019-08-08T07:20:48.616">
  <mem-info id="182" free="599040" total="11993088" percent="4">
    <mem type="tenure" free="599040" total="11993088" percent="4">
      <mem type="soa" free="0" total="11394048" percent="0" />
      <mem type="loa" free="599040" total="599040" percent="100" />
    </mem>
  </mem-info>
</gc-start>
<allocation-stats totalBytes="4488392" >
  <allocated-bytes non-tlh="0" tlh="4488392" />
  <largest-consumer threadName="node-11" threadId="0000000000CD7500" bytes="208856" />
</allocation-stats>
<gc-op id="183" type="mark" timems="5.732" contextid="180" timestamp="2019-08-08T07:20:48.622">
  <trace-info objectcount="145462" scancount="135931" scanbytes="5320232" />
  <finalization candidates="13" enqueued="0" />
  <references type="soft" candidates="66" cleared="0" enqueued="0" dynamicThreshold="13" maxThreshold="32" />
  <references type="weak" candidates="143" cleared="0" enqueued="0" />
  <references type="phantom" candidates="57" cleared="0" enqueued="0" />
  <stringconstants candidates="3837" cleared="0"  />
</gc-op>
<gc-op id="184" type="sweep" timems="2.745" contextid="180" timestamp="2019-08-08T07:20:48.625" />
<mem-info id="185" free="5100728" total="11993088" percent="42">
  <mem type="tenure" free="5100728" total="11993088" percent="42" micro-fragmented="0">
    <mem type="soa" free="4501688" total="11394048" percent="39" />
    <mem type="loa" free="599040" total="599040" percent="100" />
  </mem>
</mem-info>
<gc-op id="186" type="compact" timems="10.575" contextid="180" timestamp="2019-08-08T07:20:48.635">
  <compact-info movecount="1995" movebytes="49848" reason="compact to aid heap contraction" />
</gc-op>
<heap-resize id="187" type="expand" space="tenure" amount="327680" count="1" timems="0.022" reason="satisfy allocation request" timestamp="2019-08-08T07:20:48.636" />
<gc-end id="188" type="global" contextid="180" durationms="19.819" usertimems="30.070" systemtimems="10.127" timestamp="2019-08-08T07:20:48.636" activeThreads="16">
  <mem-info id="189" free="5410328" total="12320768" percent="43">
    <mem type="tenure" free="5410328" total="12320768" percent="43">
      <mem type="soa" free="4794904" total="11705344" percent="40" />
      <mem type="loa" free="615424" total="615424" percent="100" />
    </mem>
  </mem-info>
</gc-end>
<cycle-end id="190" type="global" contextid="180" timestamp="2019-08-08T07:20:48.636" />
  <attribute name="elasticGC enabled" value="1" />
  <attribute name= "numThreadsSpecified" value="16" />
  <attribute name="heapSize specified" value="11993088" />
  <attribute name="Current GC Util" value="65" />
  <attribute name= "Current Time Running" value="16246" />
  <attribute name ="GC Interval" value="0" />
  <attribute name="Target GC Util Change" value ="80.000000" />
  <attribute name="Current GC Util Change" value="65.000000"/>
  <attribute name="Current Error" value="15.000000" />
  <attribute name="Output H" value="12295872"/>
  <attribute name="Output I" value="2088"/>
  <attribute name="Output T" value="16"/>
  <attribute name= "Current Time Running" value="16246" />
  <attribute name="GC Util currently" value="65" />
  <attribute name="CPU Util currently" value="108673017854" />
<allocation-satisfied id="191" threadId="0000000000CB5A00" bytesRequested="32" />
<af-end id="192" timestamp="2019-08-08T07:20:48.636" threadId="0000000000CB6388" success="true" />
<exclusive-end id="193" timestamp="2019-08-08T07:20:48.636" durationms="20.129" />

<exclusive-start id="194" timestamp="2019-08-08T07:20:50.534" intervalms="1917.881">
  <response-info timems="1.035" idlems="0.387" threads="2" lastid="0000000000C9B600" lastname="node-13" />
</exclusive-start>
<af-start id="195" threadId="0000000000CB9F88" totalBytesRequested="16" timestamp="2019-08-08T07:20:50.534" intervalms="1917.878" />
<cycle-start id="196" type="global" contextid="0" timestamp="2019-08-08T07:20:50.534" intervalms="1917.883" />
<gc-start id="197" type="global" contextid="196" timestamp="2019-08-08T07:20:50.534">
  <mem-info id="198" free="615424" total="12320768" percent="4">
    <mem type="tenure" free="615424" total="12320768" percent="4">
      <mem type="soa" free="0" total="11705344" percent="0" />
      <mem type="loa" free="615424" total="615424" percent="100" />
    </mem>
  </mem-info>
</gc-start>
<allocation-stats totalBytes="4814088" >
  <allocated-bytes non-tlh="0" tlh="4814088" />
  <largest-consumer threadName="node-9" threadId="0000000000CB1E00" bytes="223064" />
</allocation-stats>
<gc-op id="199" type="mark" timems="6.625" contextid="196" timestamp="2019-08-08T07:20:50.541">
  <trace-info objectcount="145432" scancount="135894" scanbytes="5319360" />
  <finalization candidates="13" enqueued="0" />
  <references type="soft" candidates="66" cleared="0" enqueued="0" dynamicThreshold="14" maxThreshold="32" />
  <references type="weak" candidates="143" cleared="0" enqueued="0" />
  <references type="phantom" candidates="57" cleared="0" enqueued="0" />
  <stringconstants candidates="3837" cleared="0"  />
</gc-op>
<gc-op id="200" type="sweep" timems="1.751" contextid="196" timestamp="2019-08-08T07:20:50.543" />
<mem-info id="201" free="5416424" total="12320768" percent="43">
  <mem type="tenure" free="5416424" total="12320768" percent="43" micro-fragmented="0">
    <mem type="soa" free="4801000" total="11705344" percent="41" />
    <mem type="loa" free="615424" total="615424" percent="100" />
  </mem>
</mem-info>
<gc-op id="202" type="compact" timems="12.464" contextid="196" timestamp="2019-08-08T07:20:50.555">
  <compact-info movecount="1965" movebytes="53056" reason="compact to aid heap contraction" />
</gc-op>
<heap-resize id="203" type="expand" space="tenure" amount="327680" count="1" timems="0.021" reason="satisfy allocation request" timestamp="2019-08-08T07:20:50.556" />
<gc-end id="204" type="global" contextid="196" durationms="22.266" usertimems="41.404" systemtimems="5.356" timestamp="2019-08-08T07:20:50.556" activeThreads="16">
  <mem-info id="205" free="5734800" total="12648448" percent="45">
    <mem type="tenure" free="5734800" total="12648448" percent="45">
      <mem type="soa" free="5102992" total="12016640" percent="42" />
      <mem type="loa" free="631808" total="631808" percent="100" />
    </mem>
  </mem-info>
</gc-end>
<cycle-end id="206" type="global" contextid="196" timestamp="2019-08-08T07:20:50.557" />
  <attribute name="elasticGC enabled" value="1" />
  <attribute name= "numThreadsSpecified" value="16" />
  <attribute name="heapSize specified" value="12320768" />
  <attribute name="Current GC Util" value="92" />
  <attribute name= "Current Time Running" value="18166" />
  <attribute name ="GC Interval" value="0" />
  <attribute name="Target GC Util Change" value ="80.000000" />
  <attribute name="Current GC Util Change" value="92.000000"/>
  <attribute name="Current Error" value="-139.000000" />
  <attribute name="Output H" value="12622840"/>
  <attribute name="Output I" value="1288"/>
  <attribute name="Output T" value="16"/>
  <attribute name= "Current Time Running" value="18166" />
  <attribute name="GC Util currently" value="92" />
  <attribute name="CPU Util currently" value="92258253370" />
<allocation-satisfied id="207" threadId="0000000000CB9600" bytesRequested="16" />
<af-end id="208" timestamp="2019-08-08T07:20:50.557" threadId="0000000000CB9F88" success="true" />
<exclusive-end id="209" timestamp="2019-08-08T07:20:50.557" durationms="22.556" />

<exclusive-start id="210" timestamp="2019-08-08T07:20:52.640" intervalms="2105.894">
  <response-info timems="0.341" idlems="0.341" threads="0" lastid="0000000000CAE200" lastname="node-25" />
</exclusive-start>
<af-start id="211" threadId="0000000000CAEB88" totalBytesRequested="24" timestamp="2019-08-08T07:20:52.640" intervalms="2105.894" />
<cycle-start id="212" type="global" contextid="0" timestamp="2019-08-08T07:20:52.640" intervalms="2105.889" />
<gc-start id="213" type="global" contextid="212" timestamp="2019-08-08T07:20:52.640">
  <mem-info id="214" free="631808" total="12648448" percent="4">
    <mem type="tenure" free="631808" total="12648448" percent="4">
      <mem type="soa" free="0" total="12016640" percent="0" />
      <mem type="loa" free="631808" total="631808" percent="100" />
    </mem>
  </mem-info>
</gc-start>
<allocation-stats totalBytes="5120504" >
  <allocated-bytes non-tlh="0" tlh="5120504" />
  <largest-consumer threadName="node-11" threadId="0000000000CD7500" bytes="257976" />
</allocation-stats>
<gc-op id="215" type="mark" timems="5.091" contextid="212" timestamp="2019-08-08T07:20:52.645">
  <trace-info objectcount="145372" scancount="135827" scanbytes="5318080" />
  <finalization candidates="13" enqueued="0" />
  <references type="soft" candidates="66" cleared="0" enqueued="0" dynamicThreshold="14" maxThreshold="32" />
  <references type="weak" candidates="143" cleared="0" enqueued="0" />
  <references type="phantom" candidates="57" cleared="0" enqueued="0" />
  <stringconstants candidates="3837" cleared="0"  />
</gc-op>
<gc-op id="216" type="sweep" timems="3.630" contextid="212" timestamp="2019-08-08T07:20:52.649" />
<mem-info id="217" free="5759888" total="12648448" percent="45">
  <mem type="tenure" free="5759888" total="12648448" percent="45" micro-fragmented="0">
    <mem type="soa" free="5128080" total="12016640" percent="42" />
    <mem type="loa" free="631808" total="631808" percent="100" />
  </mem>
</mem-info>
<gc-op id="218" type="compact" timems="13.649" contextid="212" timestamp="2019-08-08T07:20:52.663">
  <compact-info movecount="1905" movebytes="47696" reason="compact to aid heap contraction" />
</gc-op>
<heap-resize id="219" type="expand" space="tenure" amount="327680" count="1" timems="0.021" reason="satisfy allocation request" timestamp="2019-08-08T07:20:52.663" />
<gc-end id="220" type="global" contextid="212" durationms="23.095" usertimems="34.295" systemtimems="10.298" timestamp="2019-08-08T07:20:52.663" activeThreads="16">
  <mem-info id="221" free="6067840" total="12976128" percent="46">
    <mem type="tenure" free="6067840" total="12976128" percent="46">
      <mem type="soa" free="5419648" total="12327936" percent="43" />
      <mem type="loa" free="648192" total="648192" percent="100" />
    </mem>
  </mem-info>
</gc-end>
<cycle-end id="222" type="global" contextid="212" timestamp="2019-08-08T07:20:52.663" />
  <attribute name="elasticGC enabled" value="1" />
  <attribute name= "numThreadsSpecified" value="16" />
  <attribute name="heapSize specified" value="12648448" />
  <attribute name="Current GC Util" value="57" />
  <attribute name= "Current Time Running" value="20273" />
  <attribute name ="GC Interval" value="0" />
  <attribute name="Target GC Util Change" value ="80.000000" />
  <attribute name="Current GC Util Change" value="57.000000"/>
  <attribute name="Current Error" value="-263.000000" />
  <attribute name="Output H" value="12949952"/>
  <attribute name="Output I" value="648"/>
  <attribute name="Output T" value="16"/>
  <attribute name= "Current Time Running" value="20273" />
  <attribute name="GC Util currently" value="57" />
  <attribute name="CPU Util currently" value="84304910628" />
<allocation-satisfied id="223" threadId="0000000000CAE200" bytesRequested="24" />
<af-end id="224" timestamp="2019-08-08T07:20:52.663" threadId="0000000000CAEB88" success="true" />
<exclusive-end id="225" timestamp="2019-08-08T07:20:52.663" durationms="23.341" />

<exclusive-start id="226" timestamp="2019-08-08T07:20:55.210" intervalms="2569.565">
  <response-info timems="0.291" idlems="0.162" threads="1" lastid="0000000000CD7500" lastname="node-11" />
</exclusive-start>
<af-start id="227" threadId="0000000000CCCA88" totalBytesRequested="24" timestamp="2019-08-08T07:20:55.210" intervalms="2569.578" />
<cycle-start id="228" type="global" contextid="0" timestamp="2019-08-08T07:20:55.210" intervalms="2569.580" />
<gc-start id="229" type="global" contextid="228" timestamp="2019-08-08T07:20:55.210">
  <mem-info id="230" free="648192" total="12976128" percent="4">
    <mem type="tenure" free="648192" total="12976128" percent="4">
      <mem type="soa" free="0" total="12327936" percent="0" />
      <mem type="loa" free="648192" total="648192" percent="100" />
    </mem>
  </mem-info>
</gc-start>
<allocation-stats totalBytes="5438584" >
  <allocated-bytes non-tlh="0" tlh="5438584" />
  <largest-consumer threadName="node-6" threadId="0000000000CB5A00" bytes="258040" />
</allocation-stats>
<gc-op id="231" type="mark" timems="7.983" contextid="228" timestamp="2019-08-08T07:20:55.218">
  <trace-info objectcount="145255" scancount="135715" scanbytes="5314804" />
  <finalization candidates="13" enqueued="0" />
  <references type="soft" candidates="66" cleared="20" enqueued="16" dynamicThreshold="14" maxThreshold="32" />
  <references type="weak" candidates="143" cleared="0" enqueued="0" />
  <references type="phantom" candidates="57" cleared="0" enqueued="0" />
  <stringconstants candidates="3837" cleared="0"  />
</gc-op>
<gc-op id="232" type="sweep" timems="2.898" contextid="228" timestamp="2019-08-08T07:20:55.221" />
<mem-info id="233" free="6085296" total="12976128" percent="46">
  <mem type="tenure" free="6085296" total="12976128" percent="46" micro-fragmented="0">
    <mem type="soa" free="5437104" total="12327936" percent="44" />
    <mem type="loa" free="648192" total="648192" percent="100" />
  </mem>
  <pending-finalizers system="0" default="0" reference="16" classloader="0" />
</mem-info>
<gc-op id="234" type="compact" timems="70.566" contextid="228" timestamp="2019-08-08T07:20:55.291">
  <compact-info movecount="137806" movebytes="6552456" reason="compact to aid heap contraction" />
</gc-op>
<heap-resize id="235" type="expand" space="tenure" amount="327680" count="1" timems="0.026" reason="satisfy allocation request" timestamp="2019-08-08T07:20:55.292" />
<gc-end id="236" type="global" contextid="228" durationms="82.142" usertimems="91.447" systemtimems="6.943" timestamp="2019-08-08T07:20:55.292" activeThreads="16">
  <mem-info id="237" free="6399152" total="13303808" percent="48">
    <mem type="tenure" free="6399152" total="13303808" percent="48">
      <mem type="soa" free="5734576" total="12639232" percent="45" />
      <mem type="loa" free="664576" total="664576" percent="100" />
    </mem>
    <pending-finalizers system="0" default="0" reference="16" classloader="0" />
  </mem-info>
</gc-end>
<cycle-end id="238" type="global" contextid="228" timestamp="2019-08-08T07:20:55.292" />
  <attribute name="elasticGC enabled" value="1" />
  <attribute name= "numThreadsSpecified" value="16" />
  <attribute name="heapSize specified" value="12976128" />
  <attribute name="Current GC Util" value="7" />
  <attribute name= "Current Time Running" value="22902" />
  <attribute name ="GC Interval" value="0" />
  <attribute name="Target GC Util Change" value ="80.000000" />
  <attribute name="Current GC Util Change" value="7.000000"/>
  <attribute name="Current Error" value="-109.000000" />
  <attribute name="Output H" value="13278344"/>
  <attribute name="Output I" value="1448"/>
  <attribute name="Output T" value="16"/>
  <attribute name= "Current Time Running" value="22902" />
  <attribute name="GC Util currently" value="7" />
  <attribute name="CPU Util currently" value="16329480775" />
<allocation-satisfied id="239" threadId="0000000000CCC100" bytesRequested="24" />
<af-end id="240" timestamp="2019-08-08T07:20:55.292" threadId="0000000000CCCA88" success="true" />
<exclusive-end id="241" timestamp="2019-08-08T07:20:55.292" durationms="82.394" />

<exclusive-start id="242" timestamp="2019-08-08T07:20:57.563" intervalms="2353.275">
  <response-info timems="0.717" idlems="0.717" threads="0" lastid="0000000000CC4900" lastname="node-15" />
</exclusive-start>
<af-start id="243" threadId="0000000000CC5288" totalBytesRequested="16" timestamp="2019-08-08T07:20:57.563" intervalms="2353.262" />
<cycle-start id="244" type="global" contextid="0" timestamp="2019-08-08T07:20:57.563" intervalms="2353.260" />
<gc-start id="245" type="global" contextid="244" timestamp="2019-08-08T07:20:57.563">
  <mem-info id="246" free="664576" total="13303808" percent="4">
    <mem type="tenure" free="664576" total="13303808" percent="4">
      <mem type="soa" free="0" total="12639232" percent="0" />
      <mem type="loa" free="664576" total="664576" percent="100" />
    </mem>
  </mem-info>
</gc-start>
<allocation-stats totalBytes="5754368" >
  <allocated-bytes non-tlh="0" tlh="5754368" />
  <largest-consumer threadName="node-9" threadId="0000000000CB1E00" bytes="286616" />
</allocation-stats>
<heap-resize id="247" type="loa contract" space="tenure" amount="133120" count="1" timems="0.000" reason="contract underutilized loa" timestamp="2019-08-08T07:20:57.563" />
<gc-op id="248" type="mark" timems="5.008" contextid="244" timestamp="2019-08-08T07:20:57.568">
  <trace-info objectcount="145140" scancount="135619" scanbytes="5310880" />
  <finalization candidates="13" enqueued="0" />
  <references type="soft" candidates="46" cleared="0" enqueued="0" dynamicThreshold="15" maxThreshold="32" />
  <references type="weak" candidates="143" cleared="0" enqueued="0" />
  <references type="phantom" candidates="57" cleared="0" enqueued="0" />
  <stringconstants candidates="3837" cleared="0"  />
</gc-op>
<gc-op id="249" type="sweep" timems="2.045" contextid="244" timestamp="2019-08-08T07:20:57.570" />
<mem-info id="250" free="6406528" total="13303808" percent="48">
  <mem type="tenure" free="6406528" total="13303808" percent="48" micro-fragmented="2816">
    <mem type="soa" free="5875072" total="12772352" percent="45" />
    <mem type="loa" free="531456" total="531456" percent="100" />
  </mem>
</mem-info>
<gc-op id="251" type="compact" timems="65.463" contextid="244" timestamp="2019-08-08T07:20:57.636">
  <compact-info movecount="132690" movebytes="6369584" reason="compact to aid heap contraction" />
</gc-op>
<heap-resize id="252" type="expand" space="tenure" amount="327680" count="1" timems="0.021" reason="satisfy allocation request" timestamp="2019-08-08T07:20:57.636" />
<gc-end id="253" type="global" contextid="244" durationms="73.283" usertimems="88.115" systemtimems="0.000" timestamp="2019-08-08T07:20:57.636" activeThreads="16">
  <mem-info id="254" free="6718784" total="13631488" percent="49">
    <mem type="tenure" free="6718784" total="13631488" percent="49">
      <mem type="soa" free="6174016" total="13086720" percent="47" />
      <mem type="loa" free="544768" total="544768" percent="100" />
    </mem>
  </mem-info>
</gc-end>
<cycle-end id="255" type="global" contextid="244" timestamp="2019-08-08T07:20:57.636" />
  <attribute name="elasticGC enabled" value="1" />
  <attribute name= "numThreadsSpecified" value="16" />
  <attribute name="heapSize specified" value="13303808" />
  <attribute name="Current GC Util" value="9" />
  <attribute name= "Current Time Running" value="25246" />
  <attribute name ="GC Interval" value="0" />
  <attribute name="Target GC Util Change" value ="80.000000" />
  <attribute name="Current GC Util Change" value="9.000000"/>
  <attribute name="Current Error" value="10.000000" />
  <attribute name="Output H" value="13606568"/>
  <attribute name="Output I" value="2064"/>
  <attribute name="Output T" value="16"/>
  <attribute name= "Current Time Running" value="25246" />
  <attribute name="GC Util currently" value="9" />
  <attribute name="CPU Util currently" value="17618025079" />
<allocation-satisfied id="256" threadId="0000000000CC4900" bytesRequested="16" />
<af-end id="257" timestamp="2019-08-08T07:20:57.636" threadId="0000000000CC5288" success="true" />
<exclusive-end id="258" timestamp="2019-08-08T07:20:57.636" durationms="73.458" />

<concurrent-kickoff id="259" timestamp="2019-08-08T07:20:59.962">
  <kickoff reason="threshold reached" targetBytes="4045824" thresholdFreeBytes="557794" remainingFree="544768" tenureFreeBytes="544768" />
</concurrent-kickoff>
<exclusive-start id="260" timestamp="2019-08-08T07:20:59.962" intervalms="2398.893">
  <response-info timems="0.108" idlems="0.108" threads="0" lastid="0000000000CC8500" lastname="node-24" />
</exclusive-start>
<cycle-start id="261" type="global" contextid="0" timestamp="2019-08-08T07:20:59.962" intervalms="2398.844" />
<exclusive-end id="262" timestamp="2019-08-08T07:20:59.962" durationms="0.030" />

<exclusive-start id="263" timestamp="2019-08-08T07:20:59.972" intervalms="10.485">
  <response-info timems="5.942" idlems="5.942" threads="0" lastid="0000000000C90300" lastname="node-16" />
</exclusive-start>
<af-start id="264" threadId="0000000000C90C88" totalBytesRequested="368" timestamp="2019-08-08T07:20:59.972" intervalms="2409.393" />
<concurrent-aborted id="265" timestamp="2019-08-08T07:20:59.972">
  <reason value="insufficient progress made" />
</concurrent-aborted>
<cycle-end id="266" type="global" contextid="261" timestamp="2019-08-08T07:20:59.972" />
  <attribute name="elasticGC enabled" value="1" />
  <attribute name= "numThreadsSpecified" value="16" />
  <attribute name="heapSize specified" value="13303808" />
  <attribute name="Current GC Util" value="9" />
  <attribute name= "Current Time Running" value="25246" />
  <attribute name ="GC Interval" value="0" />
  <attribute name="Target GC Util Change" value ="80.000000" />
  <attribute name="Current GC Util Change" value="9.000000"/>
  <attribute name="Current Error" value="10.000000" />
  <attribute name="Output H" value="13606568"/>
  <attribute name="Output I" value="2064"/>
  <attribute name="Output T" value="16"/>
  <attribute name= "Current Time Running" value="25246" />
  <attribute name="GC Util currently" value="9" />
  <attribute name="CPU Util currently" value="17618025079" />
<cycle-start id="267" type="global" contextid="0" timestamp="2019-08-08T07:20:59.972" intervalms="10.604" />
<gc-start id="268" type="global" contextid="267" timestamp="2019-08-08T07:20:59.972">
  <mem-info id="269" free="544768" total="13631488" percent="3">
    <mem type="tenure" free="544768" total="13631488" percent="3">
      <mem type="soa" free="0" total="13086720" percent="0" />
      <mem type="loa" free="544768" total="544768" percent="100" />
    </mem>
  </mem-info>
</gc-start>
<allocation-stats totalBytes="6196464" >
  <allocated-bytes non-tlh="0" tlh="6196464" />
  <largest-consumer threadName="node-8" threadId="0000000000CB9600" bytes="286688" />
</allocation-stats>
<heap-resize id="270" type="loa contract" space="tenure" amount="136192" count="1" timems="0.000" reason="contract underutilized loa" timestamp="2019-08-08T07:20:59.972" />
<gc-op id="271" type="mark" timems="3.844" contextid="267" timestamp="2019-08-08T07:20:59.976">
  <trace-info objectcount="145063" scancount="135538" scanbytes="5309304" />
  <finalization candidates="13" enqueued="0" />
  <references type="soft" candidates="46" cleared="0" enqueued="0" dynamicThreshold="15" maxThreshold="32" />
  <references type="weak" candidates="143" cleared="0" enqueued="0" />
  <references type="phantom" candidates="57" cleared="0" enqueued="0" />
  <stringconstants candidates="3837" cleared="0"  />
</gc-op>
<gc-op id="272" type="sweep" timems="2.797" contextid="267" timestamp="2019-08-08T07:20:59.979" />
<mem-info id="273" free="6752816" total="13631488" percent="49">
  <mem type="tenure" free="6752816" total="13631488" percent="49" micro-fragmented="0">
    <mem type="soa" free="6344240" total="13222912" percent="47" />
    <mem type="loa" free="408576" total="408576" percent="100" />
  </mem>
</mem-info>
<gc-op id="274" type="compact" timems="11.510" contextid="267" timestamp="2019-08-08T07:20:59.991">
  <compact-info movecount="1742" movebytes="44816" reason="compact to aid heap contraction" />
</gc-op>
<heap-resize id="275" type="expand" space="tenure" amount="327680" count="1" timems="0.021" reason="satisfy allocation request" timestamp="2019-08-08T07:20:59.991" />
<gc-end id="276" type="global" contextid="267" durationms="18.733" usertimems="29.925" systemtimems="9.204" timestamp="2019-08-08T07:20:59.991" activeThreads="16">
  <mem-info id="277" free="7054880" total="13959168" percent="50">
    <mem type="tenure" free="7054880" total="13959168" percent="50">
      <mem type="soa" free="6637088" total="13541376" percent="49" />
      <mem type="loa" free="417792" total="417792" percent="100" />
    </mem>
  </mem-info>
</gc-end>
<cycle-end id="278" type="global" contextid="267" timestamp="2019-08-08T07:20:59.991" />
  <attribute name="elasticGC enabled" value="1" />
  <attribute name= "numThreadsSpecified" value="16" />
  <attribute name="heapSize specified" value="13631488" />
  <attribute name="Current GC Util" value="81" />
  <attribute name= "Current Time Running" value="27601" />
  <attribute name ="GC Interval" value="0" />
  <attribute name="Target GC Util Change" value ="80.000000" />
  <attribute name="Current GC Util Change" value="81.000000"/>
  <attribute name="Current Error" value="-25.000000" />
  <attribute name="Output H" value="13934088"/>
  <attribute name="Output I" value="1880"/>
  <attribute name="Output T" value="16"/>
  <attribute name= "Current Time Running" value="27601" />
  <attribute name="GC Util currently" value="81" />
  <attribute name="CPU Util currently" value="99780217506" />
<allocation-satisfied id="279" threadId="0000000000C90300" bytesRequested="368" />
<af-end id="280" timestamp="2019-08-08T07:20:59.991" threadId="0000000000C90C88" success="true" />
<exclusive-end id="281" timestamp="2019-08-08T07:20:59.991" durationms="19.101" />

<concurrent-kickoff id="282" timestamp="2019-08-08T07:21:02.750">
  <kickoff reason="threshold reached" targetBytes="4143079" thresholdFreeBytes="571202" remainingFree="542240" tenureFreeBytes="542240" />
</concurrent-kickoff>
<exclusive-start id="283" timestamp="2019-08-08T07:21:02.751" intervalms="2778.555">
  <response-info timems="0.340" idlems="0.160" threads="2" lastid="0000000000CCFD00" lastname="node-3" />
</exclusive-start>
<cycle-start id="284" type="global" contextid="0" timestamp="2019-08-08T07:21:02.751" intervalms="2778.478" />
<exclusive-end id="285" timestamp="2019-08-08T07:21:02.751" durationms="0.077" />

<exclusive-start id="286" timestamp="2019-08-08T07:21:03.094" intervalms="343.176">
  <response-info timems="0.108" idlems="0.108" threads="0" lastid="0000000000CB1E00" lastname="node-9" />
</exclusive-start>
<af-start id="287" threadId="0000000000CB2788" totalBytesRequested="368" timestamp="2019-08-08T07:21:03.094" intervalms="3121.721" />
<concurrent-aborted id="288" timestamp="2019-08-08T07:21:03.094">
  <reason value="insufficient progress made" />
</concurrent-aborted>
<cycle-end id="289" type="global" contextid="284" timestamp="2019-08-08T07:21:03.094" />
  <attribute name="elasticGC enabled" value="1" />
  <attribute name= "numThreadsSpecified" value="16" />
  <attribute name="heapSize specified" value="13631488" />
  <attribute name="Current GC Util" value="81" />
  <attribute name= "Current Time Running" value="27601" />
  <attribute name ="GC Interval" value="0" />
  <attribute name="Target GC Util Change" value ="80.000000" />
  <attribute name="Current GC Util Change" value="81.000000"/>
  <attribute name="Current Error" value="-25.000000" />
  <attribute name="Output H" value="13934088"/>
  <attribute name="Output I" value="1880"/>
  <attribute name="Output T" value="16"/>
  <attribute name= "Current Time Running" value="27601" />
  <attribute name="GC Util currently" value="81" />
  <attribute name="CPU Util currently" value="99780217506" />
<cycle-start id="290" type="global" contextid="0" timestamp="2019-08-08T07:21:03.094" intervalms="343.207" />
<gc-start id="291" type="global" contextid="290" timestamp="2019-08-08T07:21:03.094">
  <mem-info id="292" free="417792" total="13959168" percent="2">
    <mem type="tenure" free="417792" total="13959168" percent="2">
      <mem type="soa" free="0" total="13541376" percent="0" />
      <mem type="loa" free="417792" total="417792" percent="100" />
    </mem>
  </mem-info>
</gc-start>
<allocation-stats totalBytes="6658576" >
  <allocated-bytes non-tlh="0" tlh="6658576" />
  <largest-consumer threadName="node-7" threadId="0000000000C9F200" bytes="343032" />
</allocation-stats>
<heap-resize id="293" type="loa contract" space="tenure" amount="139264" count="1" timems="0.000" reason="contract underutilized loa" timestamp="2019-08-08T07:21:03.094" />
<gc-op id="294" type="mark" timems="6.710" contextid="290" timestamp="2019-08-08T07:21:03.101">
  <trace-info objectcount="145012" scancount="135472" scanbytes="5308008" />
  <finalization candidates="13" enqueued="0" />
  <references type="soft" candidates="46" cleared="0" enqueued="0" dynamicThreshold="16" maxThreshold="32" />
  <references type="weak" candidates="143" cleared="0" enqueued="0" />
  <references type="phantom" candidates="57" cleared="0" enqueued="0" />
  <stringconstants candidates="3837" cleared="0"  />
</gc-op>
<gc-op id="295" type="sweep" timems="1.605" contextid="290" timestamp="2019-08-08T07:21:03.103" />
<mem-info id="296" free="7074488" total="13959168" percent="50">
  <mem type="tenure" free="7074488" total="13959168" percent="50" micro-fragmented="0">
    <mem type="soa" free="6795960" total="13680640" percent="49" />
    <mem type="loa" free="278528" total="278528" percent="100" />
  </mem>
</mem-info>
<gc-op id="297" type="compact" timems="15.132" contextid="290" timestamp="2019-08-08T07:21:03.118">
  <compact-info movecount="1688" movebytes="49696" reason="compact to aid heap contraction" />
</gc-op>
<heap-resize id="298" type="expand" space="tenure" amount="327680" count="1" timems="0.022" reason="satisfy allocation request" timestamp="2019-08-08T07:21:03.119" />
<gc-end id="299" type="global" contextid="290" durationms="24.760" usertimems="45.424" systemtimems="6.093" timestamp="2019-08-08T07:21:03.119" activeThreads="16">
  <mem-info id="300" free="7377608" total="14286848" percent="51">
    <mem type="tenure" free="7377608" total="14286848" percent="51">
      <mem type="soa" free="7091912" total="14001152" percent="50" />
      <mem type="loa" free="285696" total="285696" percent="100" />
    </mem>
  </mem-info>
</gc-end>
<cycle-end id="301" type="global" contextid="290" timestamp="2019-08-08T07:21:03.119" />
  <attribute name="elasticGC enabled" value="1" />
  <attribute name= "numThreadsSpecified" value="16" />
  <attribute name="heapSize specified" value="13959168" />
  <attribute name="Current GC Util" value="107" />
  <attribute name= "Current Time Running" value="30728" />
  <attribute name ="GC Interval" value="0" />
  <attribute name="Target GC Util Change" value ="80.000000" />
  <attribute name="Current GC Util Change" value="107.000000"/>
  <attribute name="Current Error" value="-27.000000" />
  <attribute name="Output H" value="14261760"/>
  <attribute name="Output I" value="1872"/>
  <attribute name="Output T" value="16"/>
  <attribute name= "Current Time Running" value="30728" />
  <attribute name="GC Util currently" value="107" />
  <attribute name="CPU Util currently" value="75956928023" />
<allocation-satisfied id="302" threadId="0000000000CB1E00" bytesRequested="368" />
<af-end id="303" timestamp="2019-08-08T07:21:03.119" threadId="0000000000CB2788" success="true" />
<exclusive-end id="304" timestamp="2019-08-08T07:21:03.119" durationms="25.102" />

<concurrent-kickoff id="305" timestamp="2019-08-08T07:21:05.738">
  <kickoff reason="threshold reached" targetBytes="4240335" thresholdFreeBytes="584611" remainingFree="582344" tenureFreeBytes="582344" />
</concurrent-kickoff>
<exclusive-start id="306" timestamp="2019-08-08T07:21:05.740" intervalms="2646.210">
  <response-info timems="0.428" idlems="0.428" threads="0" lastid="0000000000C97B00" lastname="node-10" />
</exclusive-start>
<cycle-start id="307" type="global" contextid="0" timestamp="2019-08-08T07:21:05.740" intervalms="2646.130" />
<exclusive-end id="308" timestamp="2019-08-08T07:21:05.740" durationms="0.024" />

<exclusive-start id="309" timestamp="2019-08-08T07:21:05.800" intervalms="60.042">
  <response-info timems="0.396" idlems="0.396" threads="0" lastid="0000000000C90300" lastname="node-16" />
</exclusive-start>
<af-start id="310" threadId="0000000000C90C88" totalBytesRequested="24" timestamp="2019-08-08T07:21:05.800" intervalms="2706.284" />
<gc-start id="311" type="global" contextid="307" timestamp="2019-08-08T07:21:05.800">
  <mem-info id="312" free="285696" total="14286848" percent="1">
    <mem type="tenure" free="285696" total="14286848" percent="1">
      <mem type="soa" free="0" total="14001152" percent="0" />
      <mem type="loa" free="285696" total="285696" percent="100" />
    </mem>
  </mem-info>
</gc-start>
<allocation-stats totalBytes="7111584" >
  <allocated-bytes non-tlh="0" tlh="7111584" />
  <largest-consumer threadName="node-9" threadId="0000000000CB1E00" bytes="344000" />
</allocation-stats>
<heap-resize id="313" type="loa contract" space="tenure" amount="143360" count="1" timems="0.000" reason="contract underutilized loa" timestamp="2019-08-08T07:21:05.800" />
<concurrent-halted id="314" timestamp="2019-08-08T07:21:05.800">
  <halted state="Complete" status="trace only" />
  <traced bytesTarget="4240335" bytesTotal="3001112" bytesByMutator="154624" bytesByHelper="2846488" percent="70" />
  <cards cleaned="0" thresholdBytes="230301" />
</concurrent-halted>
<gc-op id="315" type="card-cleaning" timems="2.132" contextid="307" timestamp="2019-08-08T07:21:05.803">
  <card-cleaning cardsCleaned="131" bytesTraced="1321992" workStackOverflowCount="0" />
</gc-op>
<gc-op id="316" type="mark" timems="4.021" contextid="307" timestamp="2019-08-08T07:21:05.807">
  <trace-info objectcount="21764" scancount="26867" scanbytes="1058000" />
  <finalization candidates="13" enqueued="0" />
  <references type="soft" candidates="46" cleared="0" enqueued="0" dynamicThreshold="16" maxThreshold="32" />
  <references type="weak" candidates="143" cleared="0" enqueued="0" />
  <references type="phantom" candidates="57" cleared="0" enqueued="0" />
  <stringconstants candidates="3837" cleared="0"  />
</gc-op>
<gc-op id="317" type="sweep" timems="3.023" contextid="307" timestamp="2019-08-08T07:21:05.810" />
<mem-info id="318" free="7409776" total="14286848" percent="51">
  <mem type="tenure" free="7409776" total="14286848" percent="51" micro-fragmented="0">
    <mem type="soa" free="7267440" total="14144512" percent="51" />
    <mem type="loa" free="142336" total="142336" percent="100" />
  </mem>
</mem-info>
<gc-op id="319" type="compact" timems="11.768" contextid="307" timestamp="2019-08-08T07:21:05.821">
  <compact-info movecount="1635" movebytes="38704" reason="compact to aid heap contraction" />
</gc-op>
<heap-resize id="320" type="expand" space="tenure" amount="327680" count="1" timems="0.021" reason="satisfy allocation request" timestamp="2019-08-08T07:21:05.823" />
<gc-end id="321" type="global" contextid="307" durationms="22.357" usertimems="38.112" systemtimems="5.474" timestamp="2019-08-08T07:21:05.823" activeThreads="16">
  <mem-info id="322" free="7716280" total="14614528" percent="52">
    <mem type="tenure" free="7716280" total="14614528" percent="52">
      <mem type="soa" free="7570872" total="14469120" percent="52" />
      <mem type="loa" free="145408" total="145408" percent="100" />
    </mem>
  </mem-info>
</gc-end>
<cycle-end id="323" type="global" contextid="307" timestamp="2019-08-08T07:21:05.823" />
  <attribute name="elasticGC enabled" value="1" />
  <attribute name= "numThreadsSpecified" value="16" />
  <attribute name="heapSize specified" value="14286848" />
  <attribute name="Current GC Util" value="79" />
  <attribute name= "Current Time Running" value="33432" />
  <attribute name ="GC Interval" value="0" />
  <attribute name="Target GC Util Change" value ="80.000000" />
  <attribute name="Current GC Util Change" value="79.000000"/>
  <attribute name="Current Error" value="1.000000" />
  <attribute name="Output H" value="14589568"/>
  <attribute name="Output I" value="2016"/>
  <attribute name="Output T" value="16"/>
  <attribute name= "Current Time Running" value="33432" />
  <attribute name="GC Util currently" value="79" />
  <attribute name="CPU Util currently" value="97671217181" />
<allocation-satisfied id="324" threadId="0000000000C90300" bytesRequested="24" />
<af-end id="325" timestamp="2019-08-08T07:21:05.823" threadId="0000000000C90C88" success="true" />
<exclusive-end id="326" timestamp="2019-08-08T07:21:05.823" durationms="22.582" />

<concurrent-kickoff id="327" timestamp="2019-08-08T07:21:08.980">
  <kickoff reason="threshold reached" targetBytes="4835538" thresholdFreeBytes="658434" remainingFree="605624" tenureFreeBytes="605624" />
</concurrent-kickoff>
<exclusive-start id="328" timestamp="2019-08-08T07:21:08.982" intervalms="3181.997">
  <response-info timems="1.901" idlems="1.901" threads="0" lastid="0000000000C93F00" lastname="node-14" />
</exclusive-start>
<cycle-start id="329" type="global" contextid="0" timestamp="2019-08-08T07:21:08.982" intervalms="3242.041" />
<exclusive-end id="330" timestamp="2019-08-08T07:21:08.982" durationms="0.026" />

<exclusive-start id="331" timestamp="2019-08-08T07:21:09.093" intervalms="111.047">
  <response-info timems="0.403" idlems="0.403" threads="0" lastid="0000000000C7D700" lastname="node-20" />
</exclusive-start>
<af-start id="332" threadId="0000000000C7E088" totalBytesRequested="720" timestamp="2019-08-08T07:21:09.093" intervalms="3293.010" />
<gc-start id="333" type="global" contextid="329" timestamp="2019-08-08T07:21:09.093">
  <mem-info id="334" free="145408" total="14614528" percent="0">
    <mem type="tenure" free="145408" total="14614528" percent="0">
      <mem type="soa" free="0" total="14469120" percent="0" />
      <mem type="loa" free="145408" total="145408" percent="100" />
    </mem>
  </mem-info>
</gc-start>
<allocation-stats totalBytes="7591808" >
  <allocated-bytes non-tlh="0" tlh="7591808" />
  <largest-consumer threadName="node-9" threadId="0000000000CB1E00" bytes="376704" />
</allocation-stats>
<concurrent-halted id="335" timestamp="2019-08-08T07:21:09.093">
  <halted state="Complete" status="trace only" />
  <traced bytesTarget="4835538" bytesTotal="3029504" bytesByMutator="30632" bytesByHelper="2998872" percent="62" />
  <cards cleaned="0" thresholdBytes="259382" />
</concurrent-halted>
<gc-op id="336" type="card-cleaning" timems="1.983" contextid="329" timestamp="2019-08-08T07:21:09.095">
  <card-cleaning cardsCleaned="156" bytesTraced="1339540" workStackOverflowCount="0" />
</gc-op>
<gc-op id="337" type="mark" timems="3.232" contextid="329" timestamp="2019-08-08T07:21:09.099">
  <trace-info objectcount="21138" scancount="26287" scanbytes="1040708" />
  <finalization candidates="13" enqueued="0" />
  <references type="soft" candidates="46" cleared="1" enqueued="0" dynamicThreshold="16" maxThreshold="32" />
  <references type="weak" candidates="143" cleared="0" enqueued="0" />
  <references type="phantom" candidates="57" cleared="0" enqueued="0" />
  <stringconstants candidates="3837" cleared="0"  />
</gc-op>
<gc-op id="338" type="sweep" timems="1.706" contextid="329" timestamp="2019-08-08T07:21:09.100" />
<mem-info id="339" free="7715568" total="14614528" percent="52">
  <mem type="tenure" free="7715568" total="14614528" percent="52" micro-fragmented="26208">
    <mem type="soa" free="7570160" total="14469120" percent="52" />
    <mem type="loa" free="145408" total="145408" percent="100" />
  </mem>
</mem-info>
<gc-op id="340" type="compact" timems="65.242" contextid="329" timestamp="2019-08-08T07:21:09.166">
  <compact-info movecount="128395" movebytes="6075432" reason="compact to aid heap contraction" />
</gc-op>
<heap-resize id="341" type="expand" space="tenure" amount="327680" count="1" timems="0.021" reason="satisfy allocation request" timestamp="2019-08-08T07:21:09.166" />
<gc-end id="342" type="global" contextid="329" durationms="72.865" usertimems="88.031" systemtimems="0.000" timestamp="2019-08-08T07:21:09.166" activeThreads="16">
  <mem-info id="343" free="8032312" total="14942208" percent="53">
    <mem type="tenure" free="8032312" total="14942208" percent="53">
      <mem type="soa" free="7883832" total="14793728" percent="53" />
      <mem type="loa" free="148480" total="148480" percent="100" />
    </mem>
  </mem-info>
</gc-end>
<cycle-end id="344" type="global" contextid="329" timestamp="2019-08-08T07:21:09.166" />
  <attribute name="elasticGC enabled" value="1" />
  <attribute name= "numThreadsSpecified" value="16" />
  <attribute name="heapSize specified" value="14614528" />
  <attribute name="Current GC Util" value="9" />
  <attribute name= "Current Time Running" value="36776" />
  <attribute name ="GC Interval" value="0" />
  <attribute name="Target GC Util Change" value ="80.000000" />
  <attribute name="Current GC Util Change" value="9.000000"/>
  <attribute name="Current Error" value="71.000000" />
  <attribute name="Output H" value="14917568"/>
  <attribute name="Output I" value="2376"/>
  <attribute name="Output T" value="16"/>
  <attribute name= "Current Time Running" value="36776" />
  <attribute name="GC Util currently" value="9" />
  <attribute name="CPU Util currently" value="17659678117" />
<allocation-satisfied id="345" threadId="0000000000C7D700" bytesRequested="720" />
<af-end id="346" timestamp="2019-08-08T07:21:09.166" threadId="0000000000C7E088" success="true" />
<exclusive-end id="347" timestamp="2019-08-08T07:21:09.166" durationms="73.030" />

<concurrent-kickoff id="348" timestamp="2019-08-08T07:21:12.122">
  <kickoff reason="threshold reached" targetBytes="5282553" thresholdFreeBytes="713694" remainingFree="692280" tenureFreeBytes="692280" />
</concurrent-kickoff>
<exclusive-start id="349" timestamp="2019-08-08T07:21:12.122" intervalms="3029.013">
  <response-info timems="0.636" idlems="0.636" threads="0" lastid="0000000000CB9600" lastname="node-8" />
</exclusive-start>
<cycle-start id="350" type="global" contextid="0" timestamp="2019-08-08T07:21:12.122" intervalms="3140.057" />
<exclusive-end id="351" timestamp="2019-08-08T07:21:12.122" durationms="0.025" />

<exclusive-start id="352" timestamp="2019-08-08T07:21:12.533" intervalms="410.926">
  <response-info timems="0.029" idlems="0.029" threads="0" lastid="0000000000C90300" lastname="node-16" />
</exclusive-start>
<af-start id="353" threadId="0000000000C90C88" totalBytesRequested="32" timestamp="2019-08-08T07:21:12.533" intervalms="3439.938" />
<gc-start id="354" type="global" contextid="350" timestamp="2019-08-08T07:21:12.533">
  <mem-info id="355" free="148480" total="14942208" percent="0">
    <mem type="tenure" free="148480" total="14942208" percent="0">
      <mem type="soa" free="0" total="14793728" percent="0" />
      <mem type="loa" free="148480" total="148480" percent="100" />
    </mem>
  </mem-info>
</gc-start>
<allocation-stats totalBytes="7904288" >
  <allocated-bytes non-tlh="0" tlh="7904288" />
  <largest-consumer threadName="node-21" threadId="0000000000CDB100" bytes="376776" />
</allocation-stats>
<concurrent-halted id="356" timestamp="2019-08-08T07:21:12.533">
  <halted state="Complete" status="trace only" />
  <traced bytesTarget="5282553" bytesTotal="3022684" bytesByMutator="26908" bytesByHelper="2995776" percent="57" />
  <cards cleaned="0" thresholdBytes="281152" />
</concurrent-halted>
<gc-op id="357" type="card-cleaning" timems="1.800" contextid="350" timestamp="2019-08-08T07:21:12.535">
  <card-cleaning cardsCleaned="149" bytesTraced="1249652" workStackOverflowCount="0" />
</gc-op>
<gc-op id="358" type="mark" timems="3.658" contextid="350" timestamp="2019-08-08T07:21:12.539">
  <trace-info objectcount="22401" scancount="27559" scanbytes="1144200" />
  <finalization candidates="13" enqueued="0" />
  <references type="soft" candidates="45" cleared="0" enqueued="0" dynamicThreshold="17" maxThreshold="32" />
  <references type="weak" candidates="143" cleared="0" enqueued="0" />
  <references type="phantom" candidates="57" cleared="0" enqueued="0" />
  <stringconstants candidates="3837" cleared="0"  />
</gc-op>
<gc-op id="359" type="sweep" timems="2.643" contextid="350" timestamp="2019-08-08T07:21:12.541" />
<mem-info id="360" free="8038184" total="14942208" percent="53">
  <mem type="tenure" free="8038184" total="14942208" percent="53" micro-fragmented="3920">
    <mem type="soa" free="7889704" total="14793728" percent="53" />
    <mem type="loa" free="148480" total="148480" percent="100" />
  </mem>
</mem-info>
<gc-op id="361" type="compact" timems="12.371" contextid="350" timestamp="2019-08-08T07:21:12.554">
  <compact-info movecount="1931" movebytes="48360" reason="compact to aid heap contraction" />
</gc-op>
<heap-resize id="362" type="expand" space="tenure" amount="327680" count="1" timems="0.022" reason="satisfy allocation request" timestamp="2019-08-08T07:21:12.554" />
<gc-end id="363" type="global" contextid="350" durationms="21.236" usertimems="28.810" systemtimems="8.971" timestamp="2019-08-08T07:21:12.555" activeThreads="16">
  <mem-info id="364" free="8358296" total="15269888" percent="54">
    <mem type="tenure" free="8358296" total="15269888" percent="54">
      <mem type="soa" free="8205720" total="15117312" percent="54" />
      <mem type="loa" free="152576" total="152576" percent="100" />
    </mem>
  </mem-info>
</gc-end>
<cycle-end id="365" type="global" contextid="350" timestamp="2019-08-08T07:21:12.555" />
  <attribute name="elasticGC enabled" value="1" />
  <attribute name= "numThreadsSpecified" value="16" />
  <attribute name="heapSize specified" value="14942208" />
  <attribute name="Current GC Util" value="97" />
  <attribute name= "Current Time Running" value="40164" />
  <attribute name ="GC Interval" value="0" />
  <attribute name="Target GC Util Change" value ="80.000000" />
  <attribute name="Current GC Util Change" value="97.000000"/>
  <attribute name="Current Error" value="-17.000000" />
  <attribute name="Output H" value="15244848"/>
  <attribute name="Output I" value="1920"/>
  <attribute name="Output T" value="16"/>
  <attribute name= "Current Time Running" value="40164" />
  <attribute name="GC Util currently" value="97" />
  <attribute name="CPU Util currently" value="92901608046" />
<allocation-satisfied id="366" threadId="0000000000C90300" bytesRequested="32" />
<af-end id="367" timestamp="2019-08-08T07:21:12.555" threadId="0000000000C90C88" success="true" />
<exclusive-end id="368" timestamp="2019-08-08T07:21:12.555" durationms="21.493" />

<concurrent-kickoff id="369" timestamp="2019-08-08T07:21:16.414">
  <kickoff reason="threshold reached" targetBytes="5571750" thresholdFreeBytes="748981" remainingFree="706968" tenureFreeBytes="706968" />
</concurrent-kickoff>
<exclusive-start id="370" timestamp="2019-08-08T07:21:16.414" intervalms="3880.761">
  <response-info timems="0.312" idlems="0.312" threads="0" lastid="0000000000CA2E00" lastname="node-12" />
</exclusive-start>
<cycle-start id="371" type="global" contextid="0" timestamp="2019-08-08T07:21:16.414" intervalms="4291.687" />
<exclusive-end id="372" timestamp="2019-08-08T07:21:16.414" durationms="0.023" />

<exclusive-start id="373" timestamp="2019-08-08T07:21:16.483" intervalms="69.260">
  <response-info timems="0.247" idlems="0.247" threads="0" lastid="0000000000C7D700" lastname="node-20" />
</exclusive-start>
<af-start id="374" threadId="0000000000C7E088" totalBytesRequested="832" timestamp="2019-08-08T07:21:16.483" intervalms="3950.015" />
<gc-start id="375" type="global" contextid="371" timestamp="2019-08-08T07:21:16.483">
  <mem-info id="376" free="152576" total="15269888" percent="0">
    <mem type="tenure" free="152576" total="15269888" percent="0">
      <mem type="soa" free="0" total="15117312" percent="0" />
      <mem type="loa" free="152576" total="152576" percent="100" />
    </mem>
  </mem-info>
</gc-start>
<allocation-stats totalBytes="8234200" >
  <allocated-bytes non-tlh="0" tlh="8234200" />
  <largest-consumer threadName="node-16" threadId="0000000000C90300" bytes="376816" />
</allocation-stats>
<concurrent-halted id="377" timestamp="2019-08-08T07:21:16.483">
  <halted state="Complete" status="trace only" />
  <traced bytesTarget="5571750" bytesTotal="3012624" bytesByMutator="307332" bytesByHelper="2705292" percent="54" />
  <cards cleaned="0" thresholdBytes="295053" />
</concurrent-halted>
<gc-op id="378" type="card-cleaning" timems="3.077" contextid="371" timestamp="2019-08-08T07:21:16.486">
  <card-cleaning cardsCleaned="136" bytesTraced="1200896" workStackOverflowCount="0" />
</gc-op>
<gc-op id="379" type="mark" timems="4.258" contextid="371" timestamp="2019-08-08T07:21:16.491">
  <trace-info objectcount="23579" scancount="28594" scanbytes="1175772" />
  <finalization candidates="13" enqueued="0" />
  <references type="soft" candidates="45" cleared="0" enqueued="0" dynamicThreshold="17" maxThreshold="32" />
  <references type="weak" candidates="143" cleared="0" enqueued="0" />
  <references type="phantom" candidates="57" cleared="0" enqueued="0" />
  <stringconstants candidates="3837" cleared="0"  />
</gc-op>
<gc-op id="380" type="sweep" timems="1.947" contextid="371" timestamp="2019-08-08T07:21:16.493" />
<mem-info id="381" free="8377928" total="15269888" percent="54">
  <mem type="tenure" free="8377928" total="15269888" percent="54" micro-fragmented="0">
    <mem type="soa" free="8225352" total="15117312" percent="54" />
    <mem type="loa" free="152576" total="152576" percent="100" />
  </mem>
</mem-info>
<gc-op id="382" type="compact" timems="11.730" contextid="371" timestamp="2019-08-08T07:21:16.504">
  <compact-info movecount="1462" movebytes="50984" reason="compact to aid heap contraction" />
</gc-op>
<heap-resize id="383" type="expand" space="tenure" amount="327680" count="1" timems="0.022" reason="satisfy allocation request" timestamp="2019-08-08T07:21:16.505" />
<gc-end id="384" type="global" contextid="371" durationms="21.712" usertimems="37.166" systemtimems="1.807" timestamp="2019-08-08T07:21:16.505" activeThreads="16">
  <mem-info id="385" free="8683352" total="15597568" percent="55">
    <mem type="tenure" free="8683352" total="15597568" percent="55">
      <mem type="soa" free="8527704" total="15441920" percent="55" />
      <mem type="loa" free="155648" total="155648" percent="100" />
    </mem>
  </mem-info>
</gc-end>
<cycle-end id="386" type="global" contextid="371" timestamp="2019-08-08T07:21:16.505" />
  <attribute name="elasticGC enabled" value="1" />
  <attribute name= "numThreadsSpecified" value="16" />
  <attribute name="heapSize specified" value="15269888" />
  <attribute name="Current GC Util" value="68" />
  <attribute name= "Current Time Running" value="44115" />
  <attribute name ="GC Interval" value="0" />
  <attribute name="Target GC Util Change" value ="80.000000" />
  <attribute name="Current GC Util Change" value="68.000000"/>
  <attribute name="Current Error" value="12.000000" />
  <attribute name="Output H" value="15572656"/>
  <attribute name="Output I" value="2072"/>
  <attribute name="Output T" value="16"/>
  <attribute name= "Current Time Running" value="44115" />
  <attribute name="GC Util currently" value="68" />
  <attribute name="CPU Util currently" value="98016372099" />
<allocation-satisfied id="387" threadId="0000000000C7D700" bytesRequested="832" />
<af-end id="388" timestamp="2019-08-08T07:21:16.505" threadId="0000000000C7E088" success="true" />
<exclusive-end id="389" timestamp="2019-08-08T07:21:16.505" durationms="21.852" />

<concurrent-kickoff id="390" timestamp="2019-08-08T07:21:19.623">
  <kickoff reason="threshold reached" targetBytes="5754604" thresholdFreeBytes="771005" remainingFree="769880" tenureFreeBytes="769880" />
</concurrent-kickoff>
<exclusive-start id="391" timestamp="2019-08-08T07:21:19.624" intervalms="3140.948">
  <response-info timems="0.856" idlems="0.334" threads="2" lastid="0000000000CDB100" lastname="node-21" />
</exclusive-start>
<cycle-start id="392" type="global" contextid="0" timestamp="2019-08-08T07:21:19.624" intervalms="3210.215" />
<exclusive-end id="393" timestamp="2019-08-08T07:21:19.624" durationms="0.042" />

<exclusive-start id="394" timestamp="2019-08-08T07:21:19.908" intervalms="284.305">
  <response-info timems="0.051" idlems="0.051" threads="0" lastid="0000000000CAA600" lastname="node-5" />
</exclusive-start>
<af-start id="395" threadId="0000000000CAAF88" totalBytesRequested="24" timestamp="2019-08-08T07:21:19.909" intervalms="3425.287" />
<gc-start id="396" type="global" contextid="392" timestamp="2019-08-08T07:21:19.909">
  <mem-info id="397" free="155648" total="15597568" percent="0">
    <mem type="tenure" free="155648" total="15597568" percent="0">
      <mem type="soa" free="0" total="15441920" percent="0" />
      <mem type="loa" free="155648" total="155648" percent="100" />
    </mem>
  </mem-info>
</gc-start>
<allocation-stats totalBytes="8551696" >
  <allocated-bytes non-tlh="0" tlh="8551696" />
  <largest-consumer threadName="node-10" threadId="0000000000C97B00" bytes="388912" />
</allocation-stats>
<concurrent-halted id="398" timestamp="2019-08-08T07:21:19.909">
  <halted state="Complete" status="trace only" />
  <traced bytesTarget="5754604" bytesTotal="3024252" bytesByMutator="31096" bytesByHelper="2993156" percent="52" />
  <cards cleaned="0" thresholdBytes="303729" />
</concurrent-halted>
<gc-op id="399" type="card-cleaning" timems="2.890" contextid="392" timestamp="2019-08-08T07:21:19.911">
  <card-cleaning cardsCleaned="172" bytesTraced="1245460" workStackOverflowCount="0" />
</gc-op>
<gc-op id="400" type="mark" timems="3.992" contextid="392" timestamp="2019-08-08T07:21:19.916">
  <trace-info objectcount="22424" scancount="27594" scanbytes="1145240" />
  <finalization candidates="13" enqueued="0" />
  <references type="soft" candidates="45" cleared="0" enqueued="0" dynamicThreshold="17" maxThreshold="32" />
  <references type="weak" candidates="143" cleared="0" enqueued="0" />
  <references type="phantom" candidates="57" cleared="0" enqueued="0" />
  <stringconstants candidates="3837" cleared="0"  />
</gc-op>
<gc-op id="401" type="sweep" timems="3.797" contextid="392" timestamp="2019-08-08T07:21:19.919" />
<mem-info id="402" free="8693096" total="15597568" percent="55">
  <mem type="tenure" free="8693096" total="15597568" percent="55" micro-fragmented="0">
    <mem type="soa" free="8537448" total="15441920" percent="55" />
    <mem type="loa" free="155648" total="155648" percent="100" />
  </mem>
</mem-info>
<gc-op id="403" type="compact" timems="15.191" contextid="392" timestamp="2019-08-08T07:21:19.935">
  <compact-info movecount="1794" movebytes="52632" reason="compact to aid heap contraction" />
</gc-op>
<heap-resize id="404" type="expand" space="tenure" amount="327680" count="1" timems="0.023" reason="satisfy allocation request" timestamp="2019-08-08T07:21:19.935" />
<gc-end id="405" type="global" contextid="392" durationms="26.576" usertimems="45.807" systemtimems="5.590" timestamp="2019-08-08T07:21:19.935" activeThreads="16">
  <mem-info id="406" free="9009384" total="15925248" percent="56">
    <mem type="tenure" free="9009384" total="15925248" percent="56">
      <mem type="soa" free="8850664" total="15766528" percent="56" />
      <mem type="loa" free="158720" total="158720" percent="100" />
    </mem>
  </mem-info>
</gc-end>
<cycle-end id="407" type="global" contextid="392" timestamp="2019-08-08T07:21:19.935" />
  <attribute name="elasticGC enabled" value="1" />
  <attribute name= "numThreadsSpecified" value="16" />
  <attribute name="heapSize specified" value="15597568" />
  <attribute name="Current GC Util" value="91" />
  <attribute name= "Current Time Running" value="47545" />
  <attribute name ="GC Interval" value="0" />
  <attribute name="Target GC Util Change" value ="80.000000" />
  <attribute name="Current GC Util Change" value="91.000000"/>
  <attribute name="Current Error" value="-11.000000" />
  <attribute name="Output H" value="15900232"/>
  <attribute name="Output I" value="1952"/>
  <attribute name="Output T" value="16"/>
  <attribute name= "Current Time Running" value="47545" />
  <attribute name="GC Util currently" value="91" />
  <attribute name="CPU Util currently" value="77277899203" />
<allocation-satisfied id="408" threadId="0000000000CAA600" bytesRequested="24" />
<af-end id="409" timestamp="2019-08-08T07:21:19.935" threadId="0000000000CAAF88" success="true" />
<exclusive-end id="410" timestamp="2019-08-08T07:21:19.935" durationms="26.868" />

<concurrent-kickoff id="411" timestamp="2019-08-08T07:21:23.501">
  <kickoff reason="threshold reached" targetBytes="5893637" thresholdFreeBytes="787883" remainingFree="772328" tenureFreeBytes="772328" />
</concurrent-kickoff>
<exclusive-start id="412" timestamp="2019-08-08T07:21:23.501" intervalms="3592.439">
  <response-info timems="0.025" idlems="0.025" threads="0" lastid="0000000000CAA600" lastname="node-5" />
</exclusive-start>
<cycle-start id="413" type="global" contextid="0" timestamp="2019-08-08T07:21:23.501" intervalms="3876.730" />
<exclusive-end id="414" timestamp="2019-08-08T07:21:23.501" durationms="0.014" />

<exclusive-start id="415" timestamp="2019-08-08T07:21:23.863" intervalms="361.785">
  <response-info timems="0.021" idlems="0.021" threads="0" lastid="0000000000CC4900" lastname="node-15" />
</exclusive-start>
<af-start id="416" threadId="0000000000CC5288" totalBytesRequested="32" timestamp="2019-08-08T07:21:23.863" intervalms="3954.196" />
<gc-start id="417" type="global" contextid="413" timestamp="2019-08-08T07:21:23.863">
  <mem-info id="418" free="158720" total="15925248" percent="0">
    <mem type="tenure" free="158720" total="15925248" percent="0">
      <mem type="soa" free="0" total="15766528" percent="0" />
      <mem type="loa" free="158720" total="158720" percent="100" />
    </mem>
  </mem-info>
</gc-start>
<allocation-stats totalBytes="8877784" >
  <allocated-bytes non-tlh="0" tlh="8877784" />
  <largest-consumer threadName="node-9" threadId="0000000000CB1E00" bytes="442328" />
</allocation-stats>
<concurrent-halted id="419" timestamp="2019-08-08T07:21:23.863">
  <halted state="Complete" status="trace only" />
  <traced bytesTarget="5893637" bytesTotal="3007408" bytesByMutator="0" bytesByHelper="3007408" percent="51" />
  <cards cleaned="0" thresholdBytes="310377" />
</concurrent-halted>
<gc-op id="420" type="card-cleaning" timems="1.124" contextid="413" timestamp="2019-08-08T07:21:23.864">
  <card-cleaning cardsCleaned="183" bytesTraced="1033748" workStackOverflowCount="0" />
</gc-op>
<gc-op id="421" type="mark" timems="2.953" contextid="413" timestamp="2019-08-08T07:21:23.867">
  <trace-info objectcount="26910" scancount="31688" scanbytes="1378796" />
  <finalization candidates="13" enqueued="0" />
  <references type="soft" candidates="45" cleared="0" enqueued="0" dynamicThreshold="18" maxThreshold="32" />
  <references type="weak" candidates="143" cleared="0" enqueued="0" />
  <references type="phantom" candidates="57" cleared="0" enqueued="0" />
  <stringconstants candidates="3837" cleared="0"  />
</gc-op>
<gc-op id="422" type="sweep" timems="1.652" contextid="413" timestamp="2019-08-08T07:21:23.869" />
<mem-info id="423" free="8982712" total="15925248" percent="56">
  <mem type="tenure" free="8982712" total="15925248" percent="56" micro-fragmented="672">
    <mem type="soa" free="8823992" total="15766528" percent="55" />
    <mem type="loa" free="158720" total="158720" percent="100" />
  </mem>
</mem-info>
<gc-op id="424" type="compact" timems="12.739" contextid="413" timestamp="2019-08-08T07:21:23.881">
  <compact-info movecount="1901" movebytes="64320" reason="compact to aid heap contraction" />
</gc-op>
<heap-resize id="425" type="expand" space="tenure" amount="327680" count="1" timems="0.025" reason="satisfy allocation request" timestamp="2019-08-08T07:21:23.882" />
<gc-end id="426" type="global" contextid="413" durationms="19.299" usertimems="16.688" systemtimems="14.608" timestamp="2019-08-08T07:21:23.882" activeThreads="16">
  <mem-info id="427" free="9325376" total="16252928" percent="57">
    <mem type="tenure" free="9325376" total="16252928" percent="57">
      <mem type="soa" free="9163584" total="16091136" percent="56" />
      <mem type="loa" free="161792" total="161792" percent="100" />
    </mem>
  </mem-info>
</gc-end>
<cycle-end id="428" type="global" contextid="413" timestamp="2019-08-08T07:21:23.882" />
  <attribute name="elasticGC enabled" value="1" />
  <attribute name= "numThreadsSpecified" value="16" />
  <attribute name="heapSize specified" value="15925248" />
  <attribute name="Current GC Util" value="53" />
  <attribute name= "Current Time Running" value="51492" />
  <attribute name ="GC Interval" value="0" />
  <attribute name="Target GC Util Change" value ="80.000000" />
  <attribute name="Current GC Util Change" value="53.000000"/>
  <attribute name="Current Error" value="27.000000" />
  <attribute name="Output H" value="16228088"/>
  <attribute name="Output I" value="2152"/>
  <attribute name="Output T" value="16"/>
  <attribute name= "Current Time Running" value="51492" />
  <attribute name="GC Util currently" value="53" />
  <attribute name="CPU Util currently" value="90153566837" />
<allocation-satisfied id="429" threadId="0000000000CC4900" bytesRequested="32" />
<af-end id="430" timestamp="2019-08-08T07:21:23.882" threadId="0000000000CC5288" success="true" />
<exclusive-end id="431" timestamp="2019-08-08T07:21:23.882" durationms="19.465" />

<concurrent-kickoff id="432" timestamp="2019-08-08T07:21:27.108">
  <kickoff reason="threshold reached" targetBytes="5914673" thresholdFreeBytes="789588" remainingFree="777024" tenureFreeBytes="777024" />
</concurrent-kickoff>
<exclusive-start id="433" timestamp="2019-08-08T07:21:27.108" intervalms="3245.782">
  <response-info timems="0.197" idlems="0.197" threads="0" lastid="0000000000CAA600" lastname="node-5" />
</exclusive-start>
<cycle-start id="434" type="global" contextid="0" timestamp="2019-08-08T07:21:27.109" intervalms="3607.578" />
<exclusive-end id="435" timestamp="2019-08-08T07:21:27.109" durationms="0.027" />

<exclusive-start id="436" timestamp="2019-08-08T07:21:27.617" intervalms="508.615">
  <response-info timems="0.633" idlems="0.529" threads="2" lastid="0000000000CB1E00" lastname="node-9" />
</exclusive-start>
<af-start id="437" threadId="0000000000C9BF88" totalBytesRequested="720" timestamp="2019-08-08T07:21:27.617" intervalms="3754.401" />
<gc-start id="438" type="global" contextid="434" timestamp="2019-08-08T07:21:27.617">
  <mem-info id="439" free="161792" total="16252928" percent="0">
    <mem type="tenure" free="161792" total="16252928" percent="0">
      <mem type="soa" free="0" total="16091136" percent="0" />
      <mem type="loa" free="161792" total="161792" percent="100" />
    </mem>
  </mem-info>
</gc-start>
<allocation-stats totalBytes="9191464" >
  <allocated-bytes non-tlh="0" tlh="9191464" />
  <largest-consumer threadName="node-25" threadId="0000000000CAE200" bytes="442288" />
</allocation-stats>
<concurrent-halted id="440" timestamp="2019-08-08T07:21:27.617">
  <halted state="Complete" status="trace only" />
  <traced bytesTarget="5914673" bytesTotal="3022876" bytesByMutator="22796" bytesByHelper="3000080" percent="51" />
  <cards cleaned="0" thresholdBytes="311049" />
</concurrent-halted>
<gc-op id="441" type="card-cleaning" timems="2.364" contextid="434" timestamp="2019-08-08T07:21:27.620">
  <card-cleaning cardsCleaned="176" bytesTraced="1275224" workStackOverflowCount="0" />
</gc-op>
<gc-op id="442" type="mark" timems="4.307" contextid="434" timestamp="2019-08-08T07:21:27.624">
  <trace-info objectcount="21311" scancount="26507" scanbytes="1115524" />
  <finalization candidates="13" enqueued="0" />
  <references type="soft" candidates="45" cleared="0" enqueued="0" dynamicThreshold="18" maxThreshold="32" />
  <references type="weak" candidates="143" cleared="0" enqueued="0" />
  <references type="phantom" candidates="57" cleared="0" enqueued="0" />
  <stringconstants candidates="3837" cleared="0"  />
</gc-op>
<gc-op id="443" type="sweep" timems="1.631" contextid="434" timestamp="2019-08-08T07:21:27.626" />
<mem-info id="444" free="9328776" total="16252928" percent="57">
  <mem type="tenure" free="9328776" total="16252928" percent="57" micro-fragmented="1024">
    <mem type="soa" free="9166984" total="16091136" percent="56" />
    <mem type="loa" free="161792" total="161792" percent="100" />
  </mem>
</mem-info>
<gc-op id="445" type="compact" timems="11.442" contextid="434" timestamp="2019-08-08T07:21:27.637">
  <compact-info movecount="1772" movebytes="53136" reason="compact to aid heap contraction" />
</gc-op>
<heap-resize id="446" type="expand" space="tenure" amount="327680" count="1" timems="0.022" reason="satisfy allocation request" timestamp="2019-08-08T07:21:27.638" />
<gc-end id="447" type="global" contextid="434" durationms="20.503" usertimems="30.599" systemtimems="3.539" timestamp="2019-08-08T07:21:27.638" activeThreads="16">
  <mem-info id="448" free="9663784" total="16580608" percent="58">
    <mem type="tenure" free="9663784" total="16580608" percent="58">
      <mem type="soa" free="9498920" total="16415744" percent="57" />
      <mem type="loa" free="164864" total="164864" percent="100" />
    </mem>
  </mem-info>
</gc-end>
<cycle-end id="449" type="global" contextid="434" timestamp="2019-08-08T07:21:27.638" />
  <attribute name="elasticGC enabled" value="1" />
  <attribute name= "numThreadsSpecified" value="16" />
  <attribute name="heapSize specified" value="16252928" />
  <attribute name="Current GC Util" value="79" />
  <attribute name= "Current Time Running" value="55247" />
  <attribute name ="GC Interval" value="0" />
  <attribute name="Target GC Util Change" value ="80.000000" />
  <attribute name="Current GC Util Change" value="79.000000"/>
  <attribute name="Current Error" value="1.000000" />
  <attribute name="Output H" value="16555648"/>
  <attribute name="Output I" value="2016"/>
  <attribute name="Output T" value="16"/>
  <attribute name= "Current Time Running" value="55247" />
  <attribute name="GC Util currently" value="79" />
  <attribute name="CPU Util currently" value="100436514498" />
<allocation-satisfied id="450" threadId="0000000000C9B600" bytesRequested="720" />
<af-end id="451" timestamp="2019-08-08T07:21:27.638" threadId="0000000000C9BF88" success="true" />
<exclusive-end id="452" timestamp="2019-08-08T07:21:27.638" durationms="20.736" />

<concurrent-kickoff id="453" timestamp="2019-08-08T07:21:31.097">
  <kickoff reason="threshold reached" targetBytes="5999121" thresholdFreeBytes="800059" remainingFree="800040" tenureFreeBytes="800040" />
</concurrent-kickoff>
<exclusive-start id="454" timestamp="2019-08-08T07:21:31.097" intervalms="3480.178">
  <response-info timems="0.108" idlems="0.108" threads="0" lastid="0000000000C7D700" lastname="node-20" />
</exclusive-start>
<cycle-start id="455" type="global" contextid="0" timestamp="2019-08-08T07:21:31.097" intervalms="3988.782" />
<exclusive-end id="456" timestamp="2019-08-08T07:21:31.097" durationms="0.015" />

<exclusive-start id="457" timestamp="2019-08-08T07:21:31.354" intervalms="256.446">
  <response-info timems="0.017" idlems="0.017" threads="0" lastid="0000000000CA6A00" lastname="node-4" />
</exclusive-start>
<af-start id="458" threadId="0000000000CA7388" totalBytesRequested="24" timestamp="2019-08-08T07:21:31.354" intervalms="3736.622" />
<gc-start id="459" type="global" contextid="455" timestamp="2019-08-08T07:21:31.354">
  <mem-info id="460" free="164864" total="16580608" percent="0">
    <mem type="tenure" free="164864" total="16580608" percent="0">
      <mem type="soa" free="0" total="16415744" percent="0" />
      <mem type="loa" free="164864" total="164864" percent="100" />
    </mem>
  </mem-info>
</gc-start>
<allocation-stats totalBytes="9524448" >
  <allocated-bytes non-tlh="0" tlh="9524448" />
  <largest-consumer threadName="node-7" threadId="0000000000C9F200" bytes="454800" />
</allocation-stats>
<concurrent-halted id="461" timestamp="2019-08-08T07:21:31.354">
  <halted state="Complete" status="trace only" />
  <traced bytesTarget="5999121" bytesTotal="2975196" bytesByMutator="101552" bytesByHelper="2873644" percent="49" />
  <cards cleaned="0" thresholdBytes="315174" />
</concurrent-halted>
<gc-op id="462" type="card-cleaning" timems="2.797" contextid="455" timestamp="2019-08-08T07:21:31.357">
  <card-cleaning cardsCleaned="175" bytesTraced="1238764" workStackOverflowCount="0" />
</gc-op>
<gc-op id="463" type="mark" timems="3.486" contextid="455" timestamp="2019-08-08T07:21:31.360">
  <trace-info objectcount="23019" scancount="28118" scanbytes="1161016" />
  <finalization candidates="13" enqueued="0" />
  <references type="soft" candidates="45" cleared="0" enqueued="0" dynamicThreshold="18" maxThreshold="32" />
  <references type="weak" candidates="143" cleared="0" enqueued="0" />
  <references type="phantom" candidates="57" cleared="0" enqueued="0" />
  <stringconstants candidates="3837" cleared="0"  />
</gc-op>
<gc-op id="464" type="sweep" timems="3.590" contextid="455" timestamp="2019-08-08T07:21:31.364" />
<mem-info id="465" free="9688960" total="16580608" percent="58">
  <mem type="tenure" free="9688960" total="16580608" percent="58" micro-fragmented="14880">
    <mem type="soa" free="9524096" total="16415744" percent="58" />
    <mem type="loa" free="164864" total="164864" percent="100" />
  </mem>
</mem-info>
<gc-op id="466" type="compact" timems="12.816" contextid="455" timestamp="2019-08-08T07:21:31.377">
  <compact-info movecount="1338" movebytes="33824" reason="compact to aid heap contraction" />
</gc-op>
<heap-resize id="467" type="expand" space="tenure" amount="327680" count="1" timems="0.025" reason="satisfy allocation request" timestamp="2019-08-08T07:21:31.377" />
<gc-end id="468" type="global" contextid="455" durationms="23.282" usertimems="23.024" systemtimems="20.617" timestamp="2019-08-08T07:21:31.377" activeThreads="16">
  <mem-info id="469" free="10010776" total="16908288" percent="59">
    <mem type="tenure" free="10010776" total="16908288" percent="59">
      <mem type="soa" free="9841816" total="16739328" percent="58" />
      <mem type="loa" free="168960" total="168960" percent="100" />
    </mem>
  </mem-info>
</gc-end>
<cycle-end id="470" type="global" contextid="455" timestamp="2019-08-08T07:21:31.377" />
  <attribute name="elasticGC enabled" value="1" />
  <attribute name= "numThreadsSpecified" value="16" />
  <attribute name="heapSize specified" value="16580608" />
  <attribute name="Current GC Util" value="97" />
  <attribute name= "Current Time Running" value="58987" />
  <attribute name ="GC Interval" value="0" />
  <attribute name="Target GC Util Change" value ="80.000000" />
  <attribute name="Current GC Util Change" value="97.000000"/>
  <attribute name="Current Error" value="-17.000000" />
  <attribute name="Output H" value="16883248"/>
  <attribute name="Output I" value="1920"/>
  <attribute name="Output T" value="16"/>
  <attribute name= "Current Time Running" value="58987" />
  <attribute name="GC Util currently" value="97" />
  <attribute name="CPU Util currently" value="89727082404" />
<allocation-satisfied id="471" threadId="0000000000CA6A00" bytesRequested="24" />
<af-end id="472" timestamp="2019-08-08T07:21:31.377" threadId="0000000000CA7388" success="true" />
<exclusive-end id="473" timestamp="2019-08-08T07:21:31.377" durationms="23.464" />

<concurrent-kickoff id="474" timestamp="2019-08-08T07:21:35.631">
  <kickoff reason="threshold reached" targetBytes="6030995" thresholdFreeBytes="803804" remainingFree="786584" tenureFreeBytes="786584" />
</concurrent-kickoff>
<exclusive-start id="475" timestamp="2019-08-08T07:21:35.631" intervalms="4277.125">
  <response-info timems="0.036" idlems="0.036" threads="0" lastid="0000000000CCFD00" lastname="node-3" />
</exclusive-start>
<cycle-start id="476" type="global" contextid="0" timestamp="2019-08-08T07:21:35.631" intervalms="4533.576" />
<exclusive-end id="477" timestamp="2019-08-08T07:21:35.631" durationms="0.020" />

<exclusive-start id="478" timestamp="2019-08-08T07:21:35.998" intervalms="366.665">
  <response-info timems="0.021" idlems="0.021" threads="0" lastid="0000000000CDB100" lastname="node-21" />
</exclusive-start>
<af-start id="479" threadId="0000000000CDBA88" totalBytesRequested="24" timestamp="2019-08-08T07:21:35.998" intervalms="4643.823" />
<gc-start id="480" type="global" contextid="476" timestamp="2019-08-08T07:21:35.998">
  <mem-info id="481" free="168960" total="16908288" percent="0">
    <mem type="tenure" free="168960" total="16908288" percent="0">
      <mem type="soa" free="0" total="16739328" percent="0" />
      <mem type="loa" free="168960" total="168960" percent="100" />
    </mem>
  </mem-info>
</gc-start>
<allocation-stats totalBytes="9865888" >
  <allocated-bytes non-tlh="0" tlh="9865888" />
  <largest-consumer threadName="node-15" threadId="0000000000CC4900" bytes="479176" />
</allocation-stats>
<concurrent-halted id="482" timestamp="2019-08-08T07:21:35.998">
  <halted state="Complete" status="trace only" />
  <traced bytesTarget="6030995" bytesTotal="3022788" bytesByMutator="30996" bytesByHelper="2991792" percent="50" />
  <cards cleaned="0" thresholdBytes="316650" />
</concurrent-halted>
<gc-op id="483" type="card-cleaning" timems="3.498" contextid="476" timestamp="2019-08-08T07:21:36.001">
  <card-cleaning cardsCleaned="155" bytesTraced="1217868" workStackOverflowCount="0" />
</gc-op>
<gc-op id="484" type="mark" timems="3.236" contextid="476" timestamp="2019-08-08T07:21:36.004">
  <trace-info objectcount="23195" scancount="28288" scanbytes="1164984" />
  <finalization candidates="13" enqueued="0" />
  <references type="soft" candidates="45" cleared="0" enqueued="0" dynamicThreshold="18" maxThreshold="32" />
  <references type="weak" candidates="143" cleared="0" enqueued="0" />
  <references type="phantom" candidates="57" cleared="0" enqueued="0" />
  <stringconstants candidates="3837" cleared="0"  />
</gc-op>
<gc-op id="485" type="sweep" timems="3.912" contextid="476" timestamp="2019-08-08T07:21:36.008" />
<mem-info id="486" free="10017784" total="16908288" percent="59">
  <mem type="tenure" free="10017784" total="16908288" percent="59" micro-fragmented="6720">
    <mem type="soa" free="9848824" total="16739328" percent="58" />
    <mem type="loa" free="168960" total="168960" percent="100" />
  </mem>
</mem-info>
<gc-op id="487" type="compact" timems="13.672" contextid="476" timestamp="2019-08-08T07:21:36.022">
  <compact-info movecount="1420" movebytes="37744" reason="compact to aid heap contraction" />
</gc-op>
<heap-resize id="488" type="expand" space="tenure" amount="327680" count="1" timems="0.024" reason="satisfy allocation request" timestamp="2019-08-08T07:21:36.023" />
<gc-end id="489" type="global" contextid="476" durationms="25.597" usertimems="25.320" systemtimems="22.414" timestamp="2019-08-08T07:21:36.023" activeThreads="16">
  <mem-info id="490" free="10330440" total="17235968" percent="59">
    <mem type="tenure" free="10330440" total="17235968" percent="59">
      <mem type="soa" free="10158408" total="17063936" percent="59" />
      <mem type="loa" free="172032" total="172032" percent="100" />
    </mem>
  </mem-info>
</gc-end>
<cycle-end id="491" type="global" contextid="476" timestamp="2019-08-08T07:21:36.023" />
  <attribute name="elasticGC enabled" value="1" />
  <attribute name= "numThreadsSpecified" value="16" />
  <attribute name="heapSize specified" value="16908288" />
  <attribute name="Current GC Util" value="126" />
  <attribute name= "Current Time Running" value="63633" />
  <attribute name ="GC Interval" value="0" />
  <attribute name="Target GC Util Change" value ="80.000000" />
  <attribute name="Current GC Util Change" value="126.000000"/>
  <attribute name="Current Error" value="-46.000000" />
  <attribute name="Output H" value="17210792"/>
  <attribute name="Output I" value="1776"/>
  <attribute name="Output T" value="16"/>
  <attribute name= "Current Time Running" value="63633" />
  <attribute name="GC Util currently" value="126" />
  <attribute name="CPU Util currently" value="83909324024" />
<allocation-satisfied id="492" threadId="0000000000CDB100" bytesRequested="24" />
<af-end id="493" timestamp="2019-08-08T07:21:36.023" threadId="0000000000CDBA88" success="true" />
<exclusive-end id="494" timestamp="2019-08-08T07:21:36.023" durationms="25.801" />

<concurrent-kickoff id="495" timestamp="2019-08-08T07:21:40.344">
  <kickoff reason="threshold reached" targetBytes="6055863" thresholdFreeBytes="806792" remainingFree="803144" tenureFreeBytes="803144" />
</concurrent-kickoff>
<exclusive-start id="496" timestamp="2019-08-08T07:21:40.344" intervalms="4346.433">
  <response-info timems="0.191" idlems="0.191" threads="0" lastid="0000000000CB9600" lastname="node-8" />
</exclusive-start>
<cycle-start id="497" type="global" contextid="0" timestamp="2019-08-08T07:21:40.344" intervalms="4713.107" />
<exclusive-end id="498" timestamp="2019-08-08T07:21:40.344" durationms="0.031" />

<exclusive-start id="499" timestamp="2019-08-08T07:21:40.484" intervalms="139.637">
  <response-info timems="0.029" idlems="0.029" threads="0" lastid="0000000000C90300" lastname="node-16" />
</exclusive-start>
<concurrent-collection-start id="500" timestamp="2019-08-08T07:21:40.485" intervalms="68161.867" >
  <concurrent-trace-info reason="card cleaning threshold reached" tracedByMutators="1875224" tracedByHelpers="1255976" cardsCleaned="125" workStackOverflowCount="0" />
</concurrent-collection-start>
<gc-start id="501" type="global" contextid="497" timestamp="2019-08-08T07:21:40.485">
  <mem-info id="502" free="180552" total="17235968" percent="1">
    <mem type="tenure" free="180552" total="17235968" percent="1">
      <mem type="soa" free="8520" total="17063936" percent="0" />
      <mem type="loa" free="172032" total="172032" percent="100" />
    </mem>
  </mem-info>
</gc-start>
<allocation-stats totalBytes="10177424" >
  <allocated-bytes non-tlh="0" tlh="10177424" />
  <largest-consumer threadName="node-8" threadId="0000000000CB9600" bytes="479040" />
</allocation-stats>
<gc-op id="503" type="card-cleaning" timems="1.212" contextid="497" timestamp="2019-08-08T07:21:40.486">
  <card-cleaning cardsCleaned="70" bytesTraced="636168" workStackOverflowCount="0" />
</gc-op>
<gc-op id="504" type="mark" timems="6.733" contextid="497" timestamp="2019-08-08T07:21:40.493">
  <trace-info objectcount="36066" scancount="40858" scanbytes="1676856" />
  <finalization candidates="13" enqueued="0" />
  <references type="soft" candidates="45" cleared="0" enqueued="0" dynamicThreshold="19" maxThreshold="32" />
  <references type="weak" candidates="143" cleared="0" enqueued="0" />
  <references type="phantom" candidates="57" cleared="0" enqueued="0" />
  <stringconstants candidates="3837" cleared="0"  />
</gc-op>
<gc-op id="505" type="sweep" timems="2.789" contextid="497" timestamp="2019-08-08T07:21:40.496" />
<mem-info id="506" free="10362736" total="17235968" percent="60">
  <mem type="tenure" free="10362736" total="17235968" percent="60" micro-fragmented="0">
    <mem type="soa" free="10190704" total="17063936" percent="59" />
    <mem type="loa" free="172032" total="172032" percent="100" />
  </mem>
</mem-info>
<gc-op id="507" type="compact" timems="11.998" contextid="497" timestamp="2019-08-08T07:21:40.508">
  <compact-info movecount="1110" movebytes="28384" reason="compact to aid heap contraction" />
</gc-op>
<heap-resize id="508" type="expand" space="tenure" amount="327680" count="1" timems="0.022" reason="satisfy allocation request" timestamp="2019-08-08T07:21:40.509" />
<gc-end id="509" type="global" contextid="497" durationms="23.544" usertimems="37.467" systemtimems="5.219" timestamp="2019-08-08T07:21:40.509" activeThreads="16">
  <mem-info id="510" free="10704344" total="17563648" percent="60">
    <mem type="tenure" free="10704344" total="17563648" percent="60">
      <mem type="soa" free="10529240" total="17388544" percent="60" />
      <mem type="loa" free="175104" total="175104" percent="100" />
    </mem>
  </mem-info>
</gc-end>
<cycle-end id="511" type="global" contextid="497" timestamp="2019-08-08T07:21:40.509" />
  <attribute name="elasticGC enabled" value="1" />
  <attribute name= "numThreadsSpecified" value="16" />
  <attribute name="heapSize specified" value="17235968" />
  <attribute name="Current GC Util" value="73" />
  <attribute name= "Current Time Running" value="68119" />
  <attribute name ="GC Interval" value="0" />
  <attribute name="Target GC Util Change" value ="80.000000" />
  <attribute name="Current GC Util Change" value="73.000000"/>
  <attribute name="Current Error" value="7.000000" />
  <attribute name="Output H" value="17538712"/>
  <attribute name="Output I" value="2048"/>
  <attribute name="Output T" value="16"/>
  <attribute name= "Current Time Running" value="68119" />
  <attribute name="GC Util currently" value="73" />
  <attribute name="CPU Util currently" value="95471383408" />
<concurrent-collection-end id="512" timestamp="2019-08-08T07:21:40.509" />
<exclusive-end id="513" timestamp="2019-08-08T07:21:40.509" durationms="25.114" />

<concurrent-kickoff id="514" timestamp="2019-08-08T07:21:43.841">
  <kickoff reason="threshold reached" targetBytes="5343640" thresholdFreeBytes="719477" remainingFree="656856" tenureFreeBytes="656856" />
</concurrent-kickoff>
<exclusive-start id="515" timestamp="2019-08-08T07:21:43.842" intervalms="3358.109">
  <response-info timems="0.223" idlems="0.223" threads="0" lastid="0000000000CB5A00" lastname="node-6" />
</exclusive-start>
<cycle-start id="516" type="global" contextid="0" timestamp="2019-08-08T07:21:43.842" intervalms="3497.747" />
<exclusive-end id="517" timestamp="2019-08-08T07:21:43.842" durationms="0.032" />

<exclusive-start id="518" timestamp="2019-08-08T07:21:44.004" intervalms="162.613">
  <response-info timems="0.110" idlems="0.110" threads="0" lastid="0000000000C7D700" lastname="node-20" />
</exclusive-start>
<af-start id="519" threadId="0000000000C7E088" totalBytesRequested="16" timestamp="2019-08-08T07:21:44.004" intervalms="8006.779" />
<gc-start id="520" type="global" contextid="516" timestamp="2019-08-08T07:21:44.004">
  <mem-info id="521" free="175104" total="17563648" percent="0">
    <mem type="tenure" free="175104" total="17563648" percent="0">
      <mem type="soa" free="0" total="17388544" percent="0" />
      <mem type="loa" free="175104" total="175104" percent="100" />
    </mem>
  </mem-info>
</gc-start>
<allocation-stats totalBytes="10522944" >
  <allocated-bytes non-tlh="0" tlh="10522944" />
  <largest-consumer threadName="node-9" threadId="0000000000CB1E00" bytes="479176" />
</allocation-stats>
<concurrent-halted id="522" timestamp="2019-08-08T07:21:44.005">
  <halted state="Tracing incomplete" status="clean trace" />
  <traced bytesTarget="5343640" bytesTotal="3102616" bytesByMutator="317632" bytesByHelper="2784984" percent="58" />
  <cards cleaned="101" thresholdBytes="283430" />
</concurrent-halted>
<gc-op id="523" type="tracing" timems="0.651" contextid="516" timestamp="2019-08-08T07:21:44.005">
  <trace bytesTraced="465784" workStackOverflowCount="0" />
</gc-op>
<gc-op id="524" type="card-cleaning" timems="1.294" contextid="516" timestamp="2019-08-08T07:21:44.006">
  <card-cleaning cardsCleaned="122" bytesTraced="311488" workStackOverflowCount="0" />
</gc-op>
<gc-op id="525" type="mark" timems="3.599" contextid="516" timestamp="2019-08-08T07:21:44.010">
  <trace-info objectcount="34152" scancount="39076" scanbytes="1568388" />
  <finalization candidates="13" enqueued="0" />
  <references type="soft" candidates="45" cleared="0" enqueued="0" dynamicThreshold="19" maxThreshold="32" />
  <references type="weak" candidates="143" cleared="0" enqueued="0" />
  <references type="phantom" candidates="57" cleared="0" enqueued="0" />
  <stringconstants candidates="3837" cleared="0"  />
</gc-op>
<gc-op id="526" type="sweep" timems="1.339" contextid="516" timestamp="2019-08-08T07:21:44.011" />
<mem-info id="527" free="10673080" total="17563648" percent="60">
  <mem type="tenure" free="10673080" total="17563648" percent="60" micro-fragmented="0">
    <mem type="soa" free="10497976" total="17388544" percent="60" />
    <mem type="loa" free="175104" total="175104" percent="100" />
  </mem>
</mem-info>
<gc-op id="528" type="compact" timems="11.073" contextid="516" timestamp="2019-08-08T07:21:44.023">
  <compact-info movecount="1060" movebytes="35576" reason="compact to aid heap contraction" />
</gc-op>
<heap-resize id="529" type="expand" space="tenure" amount="327680" count="1" timems="0.022" reason="satisfy allocation request" timestamp="2019-08-08T07:21:44.023" />
<gc-end id="530" type="global" contextid="516" durationms="18.705" usertimems="19.495" systemtimems="18.060" timestamp="2019-08-08T07:21:44.023" activeThreads="16">
  <mem-info id="531" free="10987968" total="17891328" percent="61">
    <mem type="tenure" free="10987968" total="17891328" percent="61">
      <mem type="soa" free="10809792" total="17713152" percent="61" />
      <mem type="loa" free="178176" total="178176" percent="100" />
    </mem>
  </mem-info>
</gc-end>
<cycle-end id="532" type="global" contextid="516" timestamp="2019-08-08T07:21:44.023" />
  <attribute name="elasticGC enabled" value="1" />
  <attribute name= "numThreadsSpecified" value="16" />
  <attribute name="heapSize specified" value="17563648" />
  <attribute name="Current GC Util" value="68" />
  <attribute name= "Current Time Running" value="71633" />
  <attribute name ="GC Interval" value="0" />
  <attribute name="Target GC Util Change" value ="80.000000" />
  <attribute name="Current GC Util Change" value="68.000000"/>
  <attribute name="Current Error" value="-2.000000" />
  <attribute name="Output H" value="17866352"/>
  <attribute name="Output I" value="2000"/>
  <attribute name="Output T" value="16"/>
  <attribute name= "Current Time Running" value="71633" />
  <attribute name="GC Util currently" value="68" />
  <attribute name="CPU Util currently" value="103322904052" />
<allocation-satisfied id="533" threadId="0000000000C7D700" bytesRequested="16" />
<af-end id="534" timestamp="2019-08-08T07:21:44.023" threadId="0000000000C7E088" success="true" />
<exclusive-end id="535" timestamp="2019-08-08T07:21:44.023" durationms="19.032" />

<concurrent-kickoff id="536" timestamp="2019-08-08T07:21:48.499">
  <kickoff reason="threshold reached" targetBytes="5169716" thresholdFreeBytes="696331" remainingFree="629184" tenureFreeBytes="629184" />
</concurrent-kickoff>
<exclusive-start id="537" timestamp="2019-08-08T07:21:48.499" intervalms="4494.934">
  <response-info timems="0.162" idlems="0.117" threads="1" lastid="0000000000C90300" lastname="node-16" />
</exclusive-start>
<cycle-start id="538" type="global" contextid="0" timestamp="2019-08-08T07:21:48.499" intervalms="4657.534" />
<exclusive-end id="539" timestamp="2019-08-08T07:21:48.499" durationms="0.020" />

<exclusive-start id="540" timestamp="2019-08-08T07:21:48.676" intervalms="176.264">
  <response-info timems="0.847" idlems="0.847" threads="0" lastid="0000000000C88B00" lastname="node-19" />
</exclusive-start>
<concurrent-collection-start id="541" timestamp="2019-08-08T07:21:48.676" intervalms="8190.575" >
  <concurrent-trace-info reason="card cleaning threshold reached" tracedByMutators="271264" tracedByHelpers="2828472" cardsCleaned="113" workStackOverflowCount="0" />
</concurrent-collection-start>
<gc-start id="542" type="global" contextid="538" timestamp="2019-08-08T07:21:48.676">
  <mem-info id="543" free="178176" total="17891328" percent="0">
    <mem type="tenure" free="178176" total="17891328" percent="0">
      <mem type="soa" free="0" total="17713152" percent="0" />
      <mem type="loa" free="178176" total="178176" percent="100" />
    </mem>
  </mem-info>
</gc-start>
<allocation-stats totalBytes="10837256" >
  <allocated-bytes non-tlh="0" tlh="10837256" />
  <largest-consumer threadName="node-12" threadId="0000000000CA2E00" bytes="479200" />
</allocation-stats>
<gc-op id="544" type="card-cleaning" timems="2.790" contextid="538" timestamp="2019-08-08T07:21:48.678">
  <card-cleaning cardsCleaned="69" bytesTraced="620368" workStackOverflowCount="0" />
</gc-op>
<gc-op id="545" type="mark" timems="6.826" contextid="538" timestamp="2019-08-08T07:21:48.685">
  <trace-info objectcount="36046" scancount="40861" scanbytes="1676700" />
  <finalization candidates="13" enqueued="0" />
  <references type="soft" candidates="45" cleared="0" enqueued="0" dynamicThreshold="19" maxThreshold="32" />
  <references type="weak" candidates="143" cleared="0" enqueued="0" />
  <references type="phantom" candidates="57" cleared="0" enqueued="0" />
  <stringconstants candidates="3837" cleared="0"  />
</gc-op>
<gc-op id="546" type="sweep" timems="2.911" contextid="538" timestamp="2019-08-08T07:21:48.688" />
<mem-info id="547" free="10983952" total="17891328" percent="61">
  <mem type="tenure" free="10983952" total="17891328" percent="61" micro-fragmented="0">
    <mem type="soa" free="10805776" total="17713152" percent="61" />
    <mem type="loa" free="178176" total="178176" percent="100" />
  </mem>
</mem-info>
<gc-op id="548" type="compact" timems="8.177" contextid="538" timestamp="2019-08-08T07:21:48.696">
  <compact-info movecount="976" movebytes="54880" reason="compact to aid heap contraction" />
</gc-op>
<heap-resize id="549" type="expand" space="tenure" amount="327680" count="1" timems="0.022" reason="satisfy allocation request" timestamp="2019-08-08T07:21:48.697" />
<gc-end id="550" type="global" contextid="538" durationms="21.472" usertimems="22.364" systemtimems="17.501" timestamp="2019-08-08T07:21:48.697" activeThreads="16">
  <mem-info id="551" free="11333208" total="18219008" percent="62">
    <mem type="tenure" free="11333208" total="18219008" percent="62">
      <mem type="soa" free="11151960" total="18037760" percent="61" />
      <mem type="loa" free="181248" total="181248" percent="100" />
    </mem>
  </mem-info>
</gc-end>
<cycle-end id="552" type="global" contextid="538" timestamp="2019-08-08T07:21:48.697" />
  <attribute name="elasticGC enabled" value="1" />
  <attribute name= "numThreadsSpecified" value="16" />
  <attribute name="heapSize specified" value="17891328" />
  <attribute name="Current GC Util" value="0" />
  <attribute name= "Current Time Running" value="76307" />
  <attribute name ="GC Interval" value="0" />
  <attribute name="Target GC Util Change" value ="80.000000" />
  <attribute name="Current GC Util Change" value="0.000000"/>
  <attribute name="Current Error" value="75.000000" />
  <attribute name="Output H" value="18194392"/>
  <attribute name="Output I" value="2400"/>
  <attribute name="Output T" value="16"/>
  <attribute name= "Current Time Running" value="76307" />
  <attribute name="GC Util currently" value="0" />
  <attribute name="CPU Util currently" value="140032504249" />
<concurrent-collection-end id="553" timestamp="2019-08-08T07:21:48.697" />
<exclusive-end id="554" timestamp="2019-08-08T07:21:48.697" durationms="21.623" />

<concurrent-kickoff id="555" timestamp="2019-08-08T07:21:52.726">
  <kickoff reason="threshold reached" targetBytes="4703055" thresholdFreeBytes="638829" remainingFree="577112" tenureFreeBytes="577112" />
</concurrent-kickoff>
<exclusive-start id="556" timestamp="2019-08-08T07:21:52.726" intervalms="4050.521">
  <response-info timems="0.066" idlems="0.066" threads="0" lastid="0000000000C88B00" lastname="node-19" />
</exclusive-start>
<cycle-start id="557" type="global" contextid="0" timestamp="2019-08-08T07:21:52.726" intervalms="4226.781" />
<exclusive-end id="558" timestamp="2019-08-08T07:21:52.726" durationms="0.012" />

<exclusive-start id="559" timestamp="2019-08-08T07:21:52.929" intervalms="202.678">
  <response-info timems="0.035" idlems="0.035" threads="0" lastid="0000000000CB5A00" lastname="node-6" />
</exclusive-start>
<concurrent-collection-start id="560" timestamp="2019-08-08T07:21:52.929" intervalms="4253.196" >
  <concurrent-trace-info reason="card cleaning threshold reached" tracedByMutators="147116" tracedByHelpers="2950720" cardsCleaned="123" workStackOverflowCount="0" />
</concurrent-collection-start>
<gc-start id="561" type="global" contextid="557" timestamp="2019-08-08T07:21:52.929">
  <mem-info id="562" free="181248" total="18219008" percent="0">
    <mem type="tenure" free="181248" total="18219008" percent="0">
      <mem type="soa" free="0" total="18037760" percent="0" />
      <mem type="loa" free="181248" total="181248" percent="100" />
    </mem>
  </mem-info>
</gc-start>
<allocation-stats totalBytes="11142096" >
  <allocated-bytes non-tlh="0" tlh="11142096" />
  <largest-consumer threadName="node-8" threadId="0000000000CB9600" bytes="552856" />
</allocation-stats>
<gc-op id="563" type="card-cleaning" timems="1.334" contextid="557" timestamp="2019-08-08T07:21:52.930">
  <card-cleaning cardsCleaned="100" bytesTraced="639240" workStackOverflowCount="0" />
</gc-op>
<gc-op id="564" type="mark" timems="3.644" contextid="557" timestamp="2019-08-08T07:21:52.934">
  <trace-info objectcount="36180" scancount="40979" scanbytes="1679480" />
  <finalization candidates="13" enqueued="0" />
  <references type="soft" candidates="45" cleared="0" enqueued="0" dynamicThreshold="19" maxThreshold="32" />
  <references type="weak" candidates="143" cleared="0" enqueued="0" />
  <references type="phantom" candidates="57" cleared="0" enqueued="0" />
  <stringconstants candidates="3837" cleared="0"  />
</gc-op>
<gc-op id="565" type="sweep" timems="1.911" contextid="557" timestamp="2019-08-08T07:21:52.936" />
<mem-info id="566" free="11342912" total="18219008" percent="62">
  <mem type="tenure" free="11342912" total="18219008" percent="62" micro-fragmented="0">
    <mem type="soa" free="11161664" total="18037760" percent="61" />
    <mem type="loa" free="181248" total="181248" percent="100" />
  </mem>
</mem-info>
<gc-op id="567" type="compact" timems="11.518" contextid="557" timestamp="2019-08-08T07:21:52.947">
  <compact-info movecount="970" movebytes="26360" reason="compact to aid heap contraction" />
</gc-op>
<heap-resize id="568" type="expand" space="tenure" amount="327680" count="1" timems="0.022" reason="satisfy allocation request" timestamp="2019-08-08T07:21:52.948" />
<gc-end id="569" type="global" contextid="557" durationms="19.393" usertimems="26.185" systemtimems="10.947" timestamp="2019-08-08T07:21:52.948" activeThreads="16">
  <mem-info id="570" free="11689408" total="18546688" percent="63">
    <mem type="tenure" free="11689408" total="18546688" percent="63">
      <mem type="soa" free="11504064" total="18361344" percent="62" />
      <mem type="loa" free="185344" total="185344" percent="100" />
    </mem>
  </mem-info>
</gc-end>
<cycle-end id="571" type="global" contextid="557" timestamp="2019-08-08T07:21:52.948" />
  <attribute name="elasticGC enabled" value="1" />
  <attribute name= "numThreadsSpecified" value="16" />
  <attribute name="heapSize specified" value="18219008" />
  <attribute name="Current GC Util" value="70" />
  <attribute name= "Current Time Running" value="80558" />
  <attribute name ="GC Interval" value="0" />
  <attribute name="Target GC Util Change" value ="80.000000" />
  <attribute name="Current GC Util Change" value="70.000000"/>
  <attribute name="Current Error" value="-25.000000" />
  <attribute name="Output H" value="18521608"/>
  <attribute name="Output I" value="1880"/>
  <attribute name="Output T" value="16"/>
  <attribute name= "Current Time Running" value="80558" />
  <attribute name="GC Util currently" value="70" />
  <attribute name="CPU Util currently" value="100150287361" />
<concurrent-collection-end id="572" timestamp="2019-08-08T07:21:52.948" />
<exclusive-end id="573" timestamp="2019-08-08T07:21:52.948" durationms="19.626" />

<concurrent-kickoff id="574" timestamp="2019-08-08T07:21:57.220">
  <kickoff reason="threshold reached" targetBytes="4368599" thresholdFreeBytes="597276" remainingFree="556480" tenureFreeBytes="556480" />
</concurrent-kickoff>
<exclusive-start id="575" timestamp="2019-08-08T07:21:57.221" intervalms="4291.821">
  <response-info timems="0.022" idlems="0.022" threads="0" lastid="0000000000CDB100" lastname="node-21" />
</exclusive-start>
<cycle-start id="576" type="global" contextid="0" timestamp="2019-08-08T07:21:57.221" intervalms="4494.499" />
<exclusive-end id="577" timestamp="2019-08-08T07:21:57.221" durationms="0.012" />

<exclusive-start id="578" timestamp="2019-08-08T07:21:57.734" intervalms="513.379">
  <response-info timems="0.311" idlems="0.311" threads="0" lastid="0000000000CA2E00" lastname="node-12" />
</exclusive-start>
<concurrent-collection-start id="579" timestamp="2019-08-08T07:21:57.734" intervalms="4805.203" >
  <concurrent-trace-info reason="card cleaning threshold reached" tracedByMutators="182200" tracedByHelpers="2914796" cardsCleaned="123" workStackOverflowCount="0" />
</concurrent-collection-start>
<gc-start id="580" type="global" contextid="576" timestamp="2019-08-08T07:21:57.734">
  <mem-info id="581" free="185344" total="18546688" percent="0">
    <mem type="tenure" free="185344" total="18546688" percent="0">
      <mem type="soa" free="0" total="18361344" percent="0" />
      <mem type="loa" free="185344" total="185344" percent="100" />
    </mem>
  </mem-info>
</gc-start>
<allocation-stats totalBytes="11497768" >
  <allocated-bytes non-tlh="0" tlh="11497768" />
  <largest-consumer threadName="node-9" threadId="0000000000CB1E00" bytes="552880" />
</allocation-stats>
<gc-op id="582" type="card-cleaning" timems="1.937" contextid="576" timestamp="2019-08-08T07:21:57.736">
  <card-cleaning cardsCleaned="84" bytesTraced="634384" workStackOverflowCount="0" />
</gc-op>
<gc-op id="583" type="mark" timems="4.840" contextid="576" timestamp="2019-08-08T07:21:57.741">
  <trace-info objectcount="36328" scancount="41124" scanbytes="1682832" />
  <finalization candidates="13" enqueued="0" />
  <references type="soft" candidates="45" cleared="0" enqueued="0" dynamicThreshold="20" maxThreshold="32" />
  <references type="weak" candidates="143" cleared="0" enqueued="0" />
  <references type="phantom" candidates="57" cleared="0" enqueued="0" />
  <stringconstants candidates="3837" cleared="0"  />
</gc-op>
<gc-op id="584" type="sweep" timems="4.395" contextid="576" timestamp="2019-08-08T07:21:57.745" />
<mem-info id="585" free="11653640" total="18546688" percent="62">
  <mem type="tenure" free="11653640" total="18546688" percent="62" micro-fragmented="9796">
    <mem type="soa" free="11468296" total="18361344" percent="62" />
    <mem type="loa" free="185344" total="185344" percent="100" />
  </mem>
</mem-info>
<gc-op id="586" type="compact" timems="14.756" contextid="576" timestamp="2019-08-08T07:21:57.760">
  <compact-info movecount="992" movebytes="31808" reason="compact to aid heap contraction" />
</gc-op>
<heap-resize id="587" type="expand" space="tenure" amount="327680" count="1" timems="0.020" reason="satisfy allocation request" timestamp="2019-08-08T07:21:57.761" />
<gc-end id="588" type="global" contextid="576" durationms="26.968" usertimems="32.592" systemtimems="23.175" timestamp="2019-08-08T07:21:57.761" activeThreads="16">
  <mem-info id="589" free="12011640" total="18874368" percent="63">
    <mem type="tenure" free="12011640" total="18874368" percent="63">
      <mem type="soa" free="11823224" total="18685952" percent="63" />
      <mem type="loa" free="188416" total="188416" percent="100" />
    </mem>
  </mem-info>
</gc-end>
<cycle-end id="590" type="global" contextid="576" timestamp="2019-08-08T07:21:57.761" />
  <attribute name="elasticGC enabled" value="1" />
  <attribute name= "numThreadsSpecified" value="16" />
  <attribute name="heapSize specified" value="18546688" />
  <attribute name="Current GC Util" value="113" />
  <attribute name= "Current Time Running" value="85371" />
  <attribute name ="GC Interval" value="0" />
  <attribute name="Target GC Util Change" value ="80.000000" />
  <attribute name="Current GC Util Change" value="113.000000"/>
  <attribute name="Current Error" value="0.000000" />
  <attribute name="Output H" value="18849400"/>
  <attribute name="Output I" value="2008"/>
  <attribute name="Output T" value="16"/>
  <attribute name= "Current Time Running" value="85371" />
  <attribute name="GC Util currently" value="113" />
  <attribute name="CPU Util currently" value="77959640043" />
<concurrent-collection-end id="591" timestamp="2019-08-08T07:21:57.761" />
<exclusive-end id="592" timestamp="2019-08-08T07:21:57.761" durationms="27.127" />

<concurrent-kickoff id="593" timestamp="2019-08-08T07:22:02.799">
  <kickoff reason="threshold reached" targetBytes="4125332" thresholdFreeBytes="566816" remainingFree="510072" tenureFreeBytes="510072" />
</concurrent-kickoff>
<exclusive-start id="594" timestamp="2019-08-08T07:22:02.800" intervalms="5065.983">
  <response-info timems="0.550" idlems="0.397" threads="2" lastid="0000000000CB9600" lastname="node-8" />
</exclusive-start>
<cycle-start id="595" type="global" contextid="0" timestamp="2019-08-08T07:22:02.800" intervalms="5579.366" />
<exclusive-end id="596" timestamp="2019-08-08T07:22:02.800" durationms="0.020" />

<exclusive-start id="597" timestamp="2019-08-08T07:22:02.854" intervalms="54.417">
  <response-info timems="0.015" idlems="0.015" threads="0" lastid="0000000000CD7500" lastname="node-11" />
</exclusive-start>
<af-start id="598" threadId="0000000000CD7E88" totalBytesRequested="24" timestamp="2019-08-08T07:22:02.854" intervalms="18850.038" />
<gc-start id="599" type="global" contextid="595" timestamp="2019-08-08T07:22:02.854">
  <mem-info id="600" free="188416" total="18874368" percent="0">
    <mem type="tenure" free="188416" total="18874368" percent="0">
      <mem type="soa" free="0" total="18685952" percent="0" />
      <mem type="loa" free="188416" total="188416" percent="100" />
    </mem>
  </mem-info>
</gc-start>
<allocation-stats totalBytes="11812680" >
  <allocated-bytes non-tlh="0" tlh="11812680" />
  <largest-consumer threadName="node-20" threadId="0000000000C7D700" bytes="552904" />
</allocation-stats>
<concurrent-halted id="601" timestamp="2019-08-08T07:22:02.855">
  <halted state="Complete" status="exhausted" />
  <traced bytesTarget="4125332" bytesTotal="3097576" bytesByMutator="221692" bytesByHelper="2875884" percent="75" />
  <cards cleaned="99" thresholdBytes="223290" />
</concurrent-halted>
<gc-op id="602" type="card-cleaning" timems="1.745" contextid="595" timestamp="2019-08-08T07:22:02.856">
  <card-cleaning cardsCleaned="91" bytesTraced="606960" workStackOverflowCount="0" />
</gc-op>
<gc-op id="603" type="mark" timems="6.518" contextid="595" timestamp="2019-08-08T07:22:02.863">
  <trace-info objectcount="36719" scancount="41463" scanbytes="1694868" />
  <finalization candidates="13" enqueued="0" />
  <references type="soft" candidates="45" cleared="0" enqueued="0" dynamicThreshold="20" maxThreshold="32" />
  <references type="weak" candidates="143" cleared="0" enqueued="0" />
  <references type="phantom" candidates="57" cleared="0" enqueued="0" />
  <stringconstants candidates="3837" cleared="0"  />
</gc-op>
<gc-op id="604" type="sweep" timems="2.337" contextid="595" timestamp="2019-08-08T07:22:02.865" />
<mem-info id="605" free="12009400" total="18874368" percent="63">
  <mem type="tenure" free="12009400" total="18874368" percent="63" micro-fragmented="3920">
    <mem type="soa" free="11820984" total="18685952" percent="63" />
    <mem type="loa" free="188416" total="188416" percent="100" />
  </mem>
</mem-info>
<gc-op id="606" type="compact" timems="12.783" contextid="595" timestamp="2019-08-08T07:22:02.878">
  <compact-info movecount="416" movebytes="18840" reason="compact to aid heap contraction" />
</gc-op>
<heap-resize id="607" type="expand" space="tenure" amount="327680" count="1" timems="0.022" reason="satisfy allocation request" timestamp="2019-08-08T07:22:02.879" />
<gc-end id="608" type="global" contextid="595" durationms="24.523" usertimems="16.339" systemtimems="27.217" timestamp="2019-08-08T07:22:02.879" activeThreads="16">
  <mem-info id="609" free="12315424" total="19202048" percent="64">
    <mem type="tenure" free="12315424" total="19202048" percent="64">
      <mem type="soa" free="12123936" total="19010560" percent="63" />
      <mem type="loa" free="191488" total="191488" percent="100" />
    </mem>
  </mem-info>
</gc-end>
<cycle-end id="610" type="global" contextid="595" timestamp="2019-08-08T07:22:02.879" />
  <attribute name="elasticGC enabled" value="1" />
  <attribute name= "numThreadsSpecified" value="16" />
  <attribute name="heapSize specified" value="18874368" />
  <attribute name="Current GC Util" value="68" />
  <attribute name= "Current Time Running" value="90489" />
  <attribute name ="GC Interval" value="0" />
  <attribute name="Target GC Util Change" value ="80.000000" />
  <attribute name="Current GC Util Change" value="68.000000"/>
  <attribute name="Current Error" value="-21.000000" />
  <attribute name="Output H" value="19176984"/>
  <attribute name="Output I" value="1904"/>
  <attribute name="Output T" value="16"/>
  <attribute name= "Current Time Running" value="90489" />
  <attribute name="GC Util currently" value="68" />
  <attribute name="CPU Util currently" value="89804024971" />
<allocation-satisfied id="611" threadId="0000000000CD7500" bytesRequested="24" />
<af-end id="612" timestamp="2019-08-08T07:22:02.879" threadId="0000000000CD7E88" success="true" />
<exclusive-end id="613" timestamp="2019-08-08T07:22:02.879" durationms="24.923" />

<concurrent-kickoff id="614" timestamp="2019-08-08T07:22:08.058">
  <kickoff reason="threshold reached" targetBytes="3946328" thresholdFreeBytes="544242" remainingFree="469792" tenureFreeBytes="469792" />
</concurrent-kickoff>
<exclusive-start id="615" timestamp="2019-08-08T07:22:08.059" intervalms="5204.245">
  <response-info timems="0.232" idlems="0.232" threads="0" lastid="0000000000CB9600" lastname="node-8" />
</exclusive-start>
<cycle-start id="616" type="global" contextid="0" timestamp="2019-08-08T07:22:08.059" intervalms="5258.670" />
<exclusive-end id="617" timestamp="2019-08-08T07:22:08.059" durationms="0.026" />

<exclusive-start id="618" timestamp="2019-08-08T07:22:08.422" intervalms="363.155">
  <response-info timems="0.023" idlems="0.023" threads="0" lastid="0000000000C8C700" lastname="node-2" />
</exclusive-start>
<af-start id="619" threadId="0000000000C8D088" totalBytesRequested="32" timestamp="2019-08-08T07:22:08.422" intervalms="5567.365" />
<gc-start id="620" type="global" contextid="616" timestamp="2019-08-08T07:22:08.422">
  <mem-info id="621" free="191488" total="19202048" percent="0">
    <mem type="tenure" free="191488" total="19202048" percent="0">
      <mem type="soa" free="0" total="19010560" percent="0" />
      <mem type="loa" free="191488" total="191488" percent="100" />
    </mem>
  </mem-info>
</gc-start>
<allocation-stats totalBytes="12154952" >
  <allocated-bytes non-tlh="0" tlh="12154952" />
  <largest-consumer threadName="node-9" threadId="0000000000CB1E00" bytes="593864" />
</allocation-stats>
<concurrent-halted id="622" timestamp="2019-08-08T07:22:08.422">
  <halted state="Class scanning incomplete" status="clean trace" />
  <traced bytesTarget="3946328" bytesTotal="2988744" bytesByMutator="0" bytesByHelper="2988744" percent="75" />
  <cards cleaned="0" thresholdBytes="214398" />
</concurrent-halted>
<gc-op id="623" type="card-cleaning" timems="2.297" contextid="616" timestamp="2019-08-08T07:22:08.424">
  <card-cleaning cardsCleaned="132" bytesTraced="1202132" workStackOverflowCount="0" />
</gc-op>
<gc-op id="624" type="mark" timems="5.779" contextid="616" timestamp="2019-08-08T07:22:08.430">
  <trace-info objectcount="23161" scancount="28259" scanbytes="1164416" />
  <finalization candidates="13" enqueued="0" />
  <references type="soft" candidates="45" cleared="0" enqueued="0" dynamicThreshold="20" maxThreshold="32" />
  <references type="weak" candidates="143" cleared="0" enqueued="0" />
  <references type="phantom" candidates="57" cleared="0" enqueued="0" />
  <stringconstants candidates="3837" cleared="0"  />
</gc-op>
<gc-op id="625" type="sweep" timems="2.860" contextid="616" timestamp="2019-08-08T07:22:08.433" />
<mem-info id="626" free="12334488" total="19202048" percent="64">
  <mem type="tenure" free="12334488" total="19202048" percent="64" micro-fragmented="6944">
    <mem type="soa" free="12143000" total="19010560" percent="63" />
    <mem type="loa" free="191488" total="191488" percent="100" />
  </mem>
</mem-info>
<gc-op id="627" type="compact" timems="12.239" contextid="616" timestamp="2019-08-08T07:22:08.445">
  <compact-info movecount="650" movebytes="17336" reason="compact to aid heap contraction" />
</gc-op>
<heap-resize id="628" type="expand" space="tenure" amount="327680" count="1" timems="0.023" reason="satisfy allocation request" timestamp="2019-08-08T07:22:08.446" />
<gc-end id="629" type="global" contextid="616" durationms="23.970" usertimems="25.240" systemtimems="23.426" timestamp="2019-08-08T07:22:08.446" activeThreads="16">
  <mem-info id="630" free="12644608" total="19529728" percent="64">
    <mem type="tenure" free="12644608" total="19529728" percent="64">
      <mem type="soa" free="12450048" total="19335168" percent="64" />
      <mem type="loa" free="194560" total="194560" percent="100" />
    </mem>
  </mem-info>
</gc-end>
<cycle-end id="631" type="global" contextid="616" timestamp="2019-08-08T07:22:08.446" />
  <attribute name="elasticGC enabled" value="1" />
  <attribute name= "numThreadsSpecified" value="16" />
  <attribute name="heapSize specified" value="19202048" />
  <attribute name="Current GC Util" value="94" />
  <attribute name= "Current Time Running" value="96056" />
  <attribute name ="GC Interval" value="0" />
  <attribute name="Target GC Util Change" value ="80.000000" />
  <attribute name="Current GC Util Change" value="94.000000"/>
  <attribute name="Current Error" value="-30.000000" />
  <attribute name="Output H" value="19504624"/>
  <attribute name="Output I" value="1856"/>
  <attribute name="Output T" value="16"/>
  <attribute name= "Current Time Running" value="96056" />
  <attribute name="GC Util currently" value="94" />
  <attribute name="CPU Util currently" value="93944807723" />
<allocation-satisfied id="632" threadId="0000000000C8C700" bytesRequested="32" />
<af-end id="633" timestamp="2019-08-08T07:22:08.446" threadId="0000000000C8D088" success="true" />
<exclusive-end id="634" timestamp="2019-08-08T07:22:08.446" durationms="24.179" />

===== DaCapo 9.12-MR1 avrora PASSED in 96794 msec =====
<concurrent-kickoff id="635" timestamp="2019-08-08T07:22:09.778">
  <kickoff reason="threshold reached" targetBytes="4121741" thresholdFreeBytes="568275" remainingFree="451672" tenureFreeBytes="451672" />
</concurrent-kickoff>
<exclusive-start id="636" timestamp="2019-08-08T07:22:09.778" intervalms="1355.885">
  <response-info timems="0.012" idlems="0.012" threads="0" lastid="0000000000996F00" lastname="main" />
</exclusive-start>
<cycle-start id="637" type="global" contextid="0" timestamp="2019-08-08T07:22:09.778" intervalms="1719.027" />
<exclusive-end id="638" timestamp="2019-08-08T07:22:09.778" durationms="0.011" />

<exclusive-start id="639" timestamp="2019-08-08T07:22:09.794" intervalms="16.400">
  <response-info timems="0.073" idlems="0.073" threads="0" lastid="0000000000996F00" lastname="main" />
</exclusive-start>
<af-start id="640" threadId="0000000000997888" totalBytesRequested="16" timestamp="2019-08-08T07:22:09.794" intervalms="1372.244" />
<concurrent-aborted id="641" timestamp="2019-08-08T07:22:09.794">
  <reason value="insufficient progress made" />
</concurrent-aborted>
<cycle-end id="642" type="global" contextid="637" timestamp="2019-08-08T07:22:09.794" />
  <attribute name="elasticGC enabled" value="1" />
  <attribute name= "numThreadsSpecified" value="16" />
  <attribute name="heapSize specified" value="19202048" />
  <attribute name="Current GC Util" value="94" />
  <attribute name= "Current Time Running" value="96056" />
  <attribute name ="GC Interval" value="0" />
  <attribute name="Target GC Util Change" value ="80.000000" />
  <attribute name="Current GC Util Change" value="94.000000"/>
  <attribute name="Current Error" value="-30.000000" />
  <attribute name="Output H" value="19504624"/>
  <attribute name="Output I" value="1856"/>
  <attribute name="Output T" value="16"/>
  <attribute name= "Current Time Running" value="96056" />
  <attribute name="GC Util currently" value="94" />
  <attribute name="CPU Util currently" value="93944807723" />
<cycle-start id="643" type="global" contextid="0" timestamp="2019-08-08T07:22:09.794" intervalms="16.486" />
<gc-start id="644" type="global" contextid="643" timestamp="2019-08-08T07:22:09.794">
  <mem-info id="645" free="194560" total="19529728" percent="0">
    <mem type="tenure" free="194560" total="19529728" percent="0">
      <mem type="soa" free="0" total="19335168" percent="0" />
      <mem type="loa" free="194560" total="194560" percent="100" />
    </mem>
  </mem-info>
</gc-start>
<allocation-stats totalBytes="12410504" >
  <allocated-bytes non-tlh="68776" tlh="12341728" />
  <largest-consumer threadName="main" threadId="0000000000996F00" bytes="9393168" />
</allocation-stats>
<gc-op id="646" type="mark" timems="7.470" contextid="643" timestamp="2019-08-08T07:22:09.802">
  <trace-info objectcount="24330" scancount="19136" scanbytes="596080" />
  <finalization candidates="14" enqueued="1" />
  <references type="soft" candidates="56" cleared="2" enqueued="2" dynamicThreshold="20" maxThreshold="32" />
  <references type="weak" candidates="159" cleared="16" enqueued="16" />
  <references type="phantom" candidates="68" cleared="12" enqueued="12" />
  <stringconstants candidates="3849" cleared="0"  />
</gc-op>
<gc-op id="647" type="sweep" timems="1.679" contextid="643" timestamp="2019-08-08T07:22:09.803" />
<mem-info id="648" free="18010496" total="19529728" percent="92">
  <mem type="tenure" free="18010496" total="19529728" percent="92" micro-fragmented="31520">
    <mem type="soa" free="17815936" total="19335168" percent="92" />
    <mem type="loa" free="194560" total="194560" percent="100" />
  </mem>
  <pending-finalizers system="1" default="0" reference="30" classloader="0" />
</mem-info>
<gc-op id="649" type="compact" timems="9.008" contextid="643" timestamp="2019-08-08T07:22:09.812">
  <compact-info movecount="20892" movebytes="1294480" reason="compact to aid heap contraction" />
</gc-op>
<heap-resize id="650" type="expand" space="tenure" amount="327680" count="1" timems="0.019" reason="satisfy allocation request" timestamp="2019-08-08T07:22:09.813" />
<gc-end id="651" type="global" contextid="643" durationms="18.922" usertimems="20.929" systemtimems="21.737" timestamp="2019-08-08T07:22:09.813" activeThreads="16">
  <mem-info id="652" free="18388872" total="19857408" percent="92">
    <mem type="tenure" free="18388872" total="19857408" percent="92">
      <mem type="soa" free="18191240" total="19659776" percent="92" />
      <mem type="loa" free="197632" total="197632" percent="100" />
    </mem>
    <pending-finalizers system="1" default="0" reference="30" classloader="0" />
  </mem-info>
</gc-end>
<cycle-end id="653" type="global" contextid="643" timestamp="2019-08-08T07:22:09.813" />
  <attribute name="elasticGC enabled" value="1" />
  <attribute name= "numThreadsSpecified" value="16" />
  <attribute name="heapSize specified" value="19529728" />
  <attribute name="Current GC Util" value="123" />
  <attribute name= "Current Time Running" value="97423" />
  <attribute name ="GC Interval" value="0" />
  <attribute name="Target GC Util Change" value ="80.000000" />
  <attribute name="Current GC Util Change" value="123.000000"/>
  <attribute name="Current Error" value="-43.000000" />
  <attribute name="Output H" value="19832248"/>
  <attribute name="Output I" value="1792"/>
  <attribute name="Output T" value="16"/>
  <attribute name= "Current Time Running" value="97423" />
  <attribute name="GC Util currently" value="123" />
  <attribute name="CPU Util currently" value="127611650527" />
<allocation-satisfied id="654" threadId="0000000000996F00" bytesRequested="16" />
<af-end id="655" timestamp="2019-08-08T07:22:09.813" threadId="0000000000997888" success="true" />
<exclusive-end id="656" timestamp="2019-08-08T07:22:09.813" durationms="19.266" />

WARNING: An illegal reflective access operation has occurred
WARNING: Illegal reflective access by com.google.common.base.internal.Finalizer (file:/./scratch/jar/guava-r07.jar) to field java.lang.Thread.inheritableThreadLocals
WARNING: Please consider reporting this to the maintainers of com.google.common.base.internal.Finalizer
WARNING: Use --illegal-access=warn to enable warnings of further illegal reflective access operations
WARNING: All illegal access operations will be denied in a future release
<concurrent-kickoff id="657" timestamp="2019-08-08T07:22:10.823">
  <kickoff reason="threshold reached" targetBytes="4190899" thresholdFreeBytes="577811" remainingFree="499304" tenureFreeBytes="499304" />
</concurrent-kickoff>
<exclusive-start id="658" timestamp="2019-08-08T07:22:10.823" intervalms="1029.145">
  <response-info timems="0.017" idlems="0.017" threads="0" lastid="0000000000996F00" lastname="main" />
</exclusive-start>
<cycle-start id="659" type="global" contextid="0" timestamp="2019-08-08T07:22:10.823" intervalms="1029.060" />
<exclusive-end id="660" timestamp="2019-08-08T07:22:10.823" durationms="0.011" />

<exclusive-start id="661" timestamp="2019-08-08T07:22:10.848" intervalms="24.526">
  <response-info timems="0.015" idlems="0.015" threads="0" lastid="0000000000996F00" lastname="main" />
</exclusive-start>
<af-start id="662" threadId="0000000000997888" totalBytesRequested="88" timestamp="2019-08-08T07:22:10.848" intervalms="1053.673" />
<gc-start id="663" type="global" contextid="659" timestamp="2019-08-08T07:22:10.848">
  <mem-info id="664" free="197632" total="19857408" percent="0">
    <mem type="tenure" free="197632" total="19857408" percent="0">
      <mem type="soa" free="0" total="19659776" percent="0" />
      <mem type="loa" free="197632" total="197632" percent="100" />
    </mem>
  </mem-info>
</gc-start>
<allocation-stats totalBytes="18175128" >
  <allocated-bytes non-tlh="1123240" tlh="17051888" />
  <largest-consumer threadName="main" threadId="0000000000996F00" bytes="18109448" />
</allocation-stats>
<concurrent-halted id="665" timestamp="2019-08-08T07:22:10.848">
  <halted state="Complete" status="exhausted" />
  <traced bytesTarget="4190899" bytesTotal="978692" bytesByMutator="63188" bytesByHelper="915504" percent="23" />
  <cards cleaned="59" thresholdBytes="227622" />
</concurrent-halted>
<gc-op id="666" type="card-cleaning" timems="1.612" contextid="659" timestamp="2019-08-08T07:22:10.849">
  <card-cleaning cardsCleaned="73" bytesTraced="42216" workStackOverflowCount="0" />
</gc-op>
<gc-op id="667" type="mark" timems="8.693" contextid="659" timestamp="2019-08-08T07:22:10.858">
  <trace-info objectcount="15898" scancount="15402" scanbytes="492452" />
  <finalization candidates="81" enqueued="1" />
  <ownableSynchronizers candidates="21" cleared="0" />
  <references type="soft" candidates="869" cleared="0" enqueued="0" dynamicThreshold="29" maxThreshold="32" />
  <references type="weak" candidates="3594" cleared="674" enqueued="513" />
  <references type="phantom" candidates="105" cleared="11" enqueued="11" />
  <stringconstants candidates="7495" cleared="1393"  />
</gc-op>
<gc-op id="668" type="classunload" timems="4.198" contextid="659" timestamp="2019-08-08T07:22:10.862">
  <classunload-info classloadercandidates="12" classloadersunloaded="1" classesunloaded="508" anonymousclassesunloaded="0" quiescems="0.000" setupms="1.146" scanms="3.050" postms="0.002" />
</gc-op>
<gc-op id="669" type="sweep" timems="2.464" contextid="659" timestamp="2019-08-08T07:22:10.865" />
<mem-info id="670" free="16156368" total="19857408" percent="81">
  <mem type="tenure" free="16156368" total="19857408" percent="81" micro-fragmented="353106">
    <mem type="soa" free="15958736" total="19659776" percent="81" />
    <mem type="loa" free="197632" total="197632" percent="100" />
  </mem>
  <pending-finalizers system="1" default="0" reference="524" classloader="0" />
</mem-info>
<gc-op id="671" type="compact" timems="17.932" contextid="659" timestamp="2019-08-08T07:22:10.884">
  <compact-info movecount="52477" movebytes="3111760" reason="compact to aid heap contraction" />
</gc-op>
<heap-resize id="672" type="expand" space="tenure" amount="327680" count="1" timems="0.023" reason="satisfy allocation request" timestamp="2019-08-08T07:22:10.885" />
<gc-end id="673" type="global" contextid="659" durationms="37.320" usertimems="68.667" systemtimems="0.000" timestamp="2019-08-08T07:22:10.885" activeThreads="16">
  <mem-info id="674" free="17054848" total="20185088" percent="84">
    <mem type="tenure" free="17054848" total="20185088" percent="84">
      <mem type="soa" free="16853120" total="19983360" percent="84" />
      <mem type="loa" free="201728" total="201728" percent="100" />
    </mem>
    <pending-finalizers system="1" default="0" reference="524" classloader="0" />
  </mem-info>
</gc-end>
<cycle-end id="675" type="global" contextid="659" timestamp="2019-08-08T07:22:10.886" />
  <attribute name="elasticGC enabled" value="1" />
  <attribute name= "numThreadsSpecified" value="16" />
  <attribute name="heapSize specified" value="19857408" />
  <attribute name="Current GC Util" value="99" />
  <attribute name= "Current Time Running" value="98494" />
  <attribute name ="GC Interval" value="0" />
  <attribute name="Target GC Util Change" value ="80.000000" />
  <attribute name="Current GC Util Change" value="99.000000"/>
  <attribute name="Current Error" value="-19.000000" />
  <attribute name="Output H" value="20160040"/>
  <attribute name="Output I" value="1912"/>
  <attribute name="Output T" value="16"/>
  <attribute name= "Current Time Running" value="98494" />
  <attribute name="GC Util currently" value="99" />
  <attribute name="CPU Util currently" value="64141037867" />
<allocation-satisfied id="676" threadId="0000000000996F00" bytesRequested="88" />
<af-end id="677" timestamp="2019-08-08T07:22:10.886" threadId="0000000000997888" success="true" />
<exclusive-end id="678" timestamp="2019-08-08T07:22:10.886" durationms="38.018" />

<concurrent-kickoff id="679" timestamp="2019-08-08T07:22:11.212">
  <kickoff reason="threshold reached" targetBytes="3415419" thresholdFreeBytes="473160" remainingFree="348640" tenureFreeBytes="348640" />
</concurrent-kickoff>
<exclusive-start id="680" timestamp="2019-08-08T07:22:11.212" intervalms="364.143">
  <response-info timems="0.110" idlems="0.110" threads="0" lastid="0000000000996F00" lastname="main" />
</exclusive-start>
<cycle-start id="681" type="global" contextid="0" timestamp="2019-08-08T07:22:11.212" intervalms="388.671" />
<exclusive-end id="682" timestamp="2019-08-08T07:22:11.212" durationms="0.017" />

<exclusive-start id="683" timestamp="2019-08-08T07:22:11.215" intervalms="3.339">
  <response-info timems="0.034" idlems="0.034" threads="0" lastid="0000000000996F00" lastname="main" />
</exclusive-start>
<af-start id="684" threadId="0000000000997888" totalBytesRequested="24" timestamp="2019-08-08T07:22:11.215" intervalms="367.475" />
<concurrent-aborted id="685" timestamp="2019-08-08T07:22:11.215">
  <reason value="insufficient progress made" />
</concurrent-aborted>
<cycle-end id="686" type="global" contextid="681" timestamp="2019-08-08T07:22:11.215" />
  <attribute name="elasticGC enabled" value="1" />
  <attribute name= "numThreadsSpecified" value="16" />
  <attribute name="heapSize specified" value="19857408" />
  <attribute name="Current GC Util" value="99" />
  <attribute name= "Current Time Running" value="98494" />
  <attribute name ="GC Interval" value="0" />
  <attribute name="Target GC Util Change" value ="80.000000" />
  <attribute name="Current GC Util Change" value="99.000000"/>
  <attribute name="Current Error" value="-19.000000" />
  <attribute name="Output H" value="20160040"/>
  <attribute name="Output I" value="1912"/>
  <attribute name="Output T" value="16"/>
  <attribute name= "Current Time Running" value="98494" />
  <attribute name="GC Util currently" value="99" />
  <attribute name="CPU Util currently" value="64141037867" />
<cycle-start id="687" type="global" contextid="0" timestamp="2019-08-08T07:22:11.215" intervalms="3.401" />
<gc-start id="688" type="global" contextid="687" timestamp="2019-08-08T07:22:11.215">
  <mem-info id="689" free="201728" total="20185088" percent="0">
    <mem type="tenure" free="201728" total="20185088" percent="0">
      <mem type="soa" free="0" total="19983360" percent="0" />
      <mem type="loa" free="201728" total="201728" percent="100" />
    </mem>
  </mem-info>
</gc-start>
<allocation-stats totalBytes="16840960" >
  <allocated-bytes non-tlh="1600248" tlh="15240712" />
  <largest-consumer threadName="main" threadId="0000000000996F00" bytes="16825032" />
</allocation-stats>
<gc-op id="690" type="mark" timems="5.534" contextid="687" timestamp="2019-08-08T07:22:11.221">
  <trace-info objectcount="73769" scancount="61231" scanbytes="2142672" />
  <finalization candidates="80" enqueued="0" />
  <ownableSynchronizers candidates="21" cleared="0" />
  <references type="soft" candidates="1012" cleared="0" enqueued="0" dynamicThreshold="27" maxThreshold="32" />
  <references type="weak" candidates="3728" cleared="14" enqueued="14" />
  <references type="phantom" candidates="97" cleared="2" enqueued="2" />
  <stringconstants candidates="7521" cleared="0"  />
</gc-op>
<gc-op id="691" type="sweep" timems="1.545" contextid="687" timestamp="2019-08-08T07:22:11.222" />
<mem-info id="692" free="15173480" total="20185088" percent="75">
  <mem type="tenure" free="15173480" total="20185088" percent="75" micro-fragmented="192723">
    <mem type="soa" free="14971752" total="19983360" percent="74" />
    <mem type="loa" free="201728" total="201728" percent="100" />
  </mem>
  <pending-finalizers system="0" default="0" reference="16" classloader="0" />
</mem-info>
<gc-op id="693" type="compact" timems="17.317" contextid="687" timestamp="2019-08-08T07:22:11.240">
  <compact-info movecount="58213" movebytes="3881928" reason="compact to aid heap contraction" />
</gc-op>
<heap-resize id="694" type="expand" space="tenure" amount="327680" count="1" timems="0.021" reason="satisfy allocation request" timestamp="2019-08-08T07:22:11.240" />
<gc-end id="695" type="global" contextid="687" durationms="25.250" usertimems="52.060" systemtimems="0.000" timestamp="2019-08-08T07:22:11.240" activeThreads="16">
  <mem-info id="696" free="15875416" total="20512768" percent="77">
    <mem type="tenure" free="15875416" total="20512768" percent="77">
      <mem type="soa" free="15670616" total="20307968" percent="77" />
      <mem type="loa" free="204800" total="204800" percent="100" />
    </mem>
    <pending-finalizers system="0" default="0" reference="16" classloader="0" />
  </mem-info>
</gc-end>
<cycle-end id="697" type="global" contextid="687" timestamp="2019-08-08T07:22:11.241" />
  <attribute name="elasticGC enabled" value="1" />
  <attribute name= "numThreadsSpecified" value="16" />
  <attribute name="heapSize specified" value="20185088" />
  <attribute name="Current GC Util" value="72" />
  <attribute name= "Current Time Running" value="98850" />
  <attribute name ="GC Interval" value="0" />
  <attribute name="Target GC Util Change" value ="80.000000" />
  <attribute name="Current GC Util Change" value="72.000000"/>
  <attribute name="Current Error" value="-231.000000" />
  <attribute name="Output H" value="20486736"/>
  <attribute name="Output I" value="808"/>
  <attribute name="Output T" value="16"/>
  <attribute name= "Current Time Running" value="98850" />
  <attribute name="GC Util currently" value="72" />
  <attribute name="CPU Util currently" value="66374252337" />
<allocation-satisfied id="698" threadId="0000000000996F00" bytesRequested="24" />
<af-end id="699" timestamp="2019-08-08T07:22:11.241" threadId="0000000000997888" success="true" />
<exclusive-end id="700" timestamp="2019-08-08T07:22:11.241" durationms="25.422" />

<concurrent-kickoff id="701" timestamp="2019-08-08T07:22:11.440">
  <kickoff reason="threshold reached" targetBytes="3470863" thresholdFreeBytes="480840" remainingFree="464248" tenureFreeBytes="464248" />
</concurrent-kickoff>
<exclusive-start id="702" timestamp="2019-08-08T07:22:11.441" intervalms="225.441">
  <response-info timems="0.052" idlems="0.052" threads="0" lastid="0000000000996F00" lastname="main" />
</exclusive-start>
<cycle-start id="703" type="global" contextid="0" timestamp="2019-08-08T07:22:11.441" intervalms="225.388" />
<exclusive-end id="704" timestamp="2019-08-08T07:22:11.441" durationms="0.028" />

<exclusive-start id="705" timestamp="2019-08-08T07:22:11.447" intervalms="6.450">
  <response-info timems="0.040" idlems="0.040" threads="0" lastid="0000000000996F00" lastname="main" />
</exclusive-start>
<af-start id="706" threadId="0000000000997888" totalBytesRequested="4120" timestamp="2019-08-08T07:22:11.447" intervalms="231.900" />
<gc-start id="707" type="global" contextid="703" timestamp="2019-08-08T07:22:11.447">
  <mem-info id="708" free="204800" total="20512768" percent="0">
    <mem type="tenure" free="204800" total="20512768" percent="0">
      <mem type="soa" free="0" total="20307968" percent="0" />
      <mem type="loa" free="204800" total="204800" percent="100" />
    </mem>
  </mem-info>
</gc-start>
<allocation-stats totalBytes="15730424" >
  <allocated-bytes non-tlh="247872" tlh="15482552" />
  <largest-consumer threadName="main" threadId="0000000000996F00" bytes="15722232" />
</allocation-stats>
<concurrent-halted id="709" timestamp="2019-08-08T07:22:11.447">
  <halted state="Complete" status="trace only" />
  <traced bytesTarget="3470863" bytesTotal="1515096" bytesByMutator="27600" bytesByHelper="1487496" percent="43" />
  <cards cleaned="0" thresholdBytes="189421" />
</concurrent-halted>
<gc-op id="710" type="card-cleaning" timems="1.701" contextid="703" timestamp="2019-08-08T07:22:11.449">
  <card-cleaning cardsCleaned="101" bytesTraced="73572" workStackOverflowCount="0" />
</gc-op>
<gc-op id="711" type="mark" timems="9.790" contextid="703" timestamp="2019-08-08T07:22:11.459">
  <trace-info objectcount="21796" scancount="22689" scanbytes="819672" />
  <finalization candidates="80" enqueued="0" />
  <ownableSynchronizers candidates="21" cleared="0" />
  <references type="soft" candidates="1085" cleared="0" enqueued="0" dynamicThreshold="24" maxThreshold="32" />
  <references type="weak" candidates="3871" cleared="5" enqueued="5" />
  <references type="phantom" candidates="94" cleared="0" enqueued="0" />
  <stringconstants candidates="7884" cleared="0"  />
</gc-op>
<gc-op id="712" type="sweep" timems="2.505" contextid="703" timestamp="2019-08-08T07:22:11.461" />
<mem-info id="713" free="15250632" total="20512768" percent="74">
  <mem type="tenure" free="15250632" total="20512768" percent="74" micro-fragmented="482758">
    <mem type="soa" free="15045832" total="20307968" percent="74" />
    <mem type="loa" free="204800" total="204800" percent="100" />
  </mem>
  <pending-finalizers system="0" default="0" reference="5" classloader="0" />
</mem-info>
<gc-op id="714" type="compact" timems="20.167" contextid="703" timestamp="2019-08-08T07:22:11.481">
  <compact-info movecount="59923" movebytes="3030424" reason="compact to aid heap contraction" />
</gc-op>
<heap-resize id="715" type="expand" space="tenure" amount="327680" count="1" timems="0.027" reason="satisfy allocation request" timestamp="2019-08-08T07:22:11.484" />
<gc-end id="716" type="global" contextid="703" durationms="37.314" usertimems="59.153" systemtimems="0.000" timestamp="2019-08-08T07:22:11.484" activeThreads="16">
  <mem-info id="717" free="16117952" total="20840448" percent="77">
    <mem type="tenure" free="16117952" total="20840448" percent="77">
      <mem type="soa" free="15910080" total="20632576" percent="77" />
      <mem type="loa" free="207872" total="207872" percent="100" />
    </mem>
    <pending-finalizers system="0" default="0" reference="5" classloader="0" />
  </mem-info>
</gc-end>
<cycle-end id="718" type="global" contextid="703" timestamp="2019-08-08T07:22:11.484" />
  <attribute name="elasticGC enabled" value="1" />
  <attribute name= "numThreadsSpecified" value="16" />
  <attribute name="heapSize specified" value="20512768" />
  <attribute name="Current GC Util" value="68" />
  <attribute name= "Current Time Running" value="99092" />
  <attribute name ="GC Interval" value="0" />
  <attribute name="Target GC Util Change" value ="80.000000" />
  <attribute name="Current GC Util Change" value="68.000000"/>
  <attribute name="Current Error" value="-159.000000" />
  <attribute name="Output H" value="20814752"/>
  <attribute name="Output I" value="1184"/>
  <attribute name="Output T" value="16"/>
  <attribute name= "Current Time Running" value="99092" />
  <attribute name="GC Util currently" value="68" />
  <attribute name="CPU Util currently" value="56988769038" />
<allocation-satisfied id="719" threadId="0000000000996F00" bytesRequested="4120" />
<af-end id="720" timestamp="2019-08-08T07:22:11.485" threadId="0000000000997888" success="true" />
<exclusive-end id="721" timestamp="2019-08-08T07:22:11.485" durationms="37.475" />

<concurrent-kickoff id="722" timestamp="2019-08-08T07:22:11.689">
  <kickoff reason="threshold reached" targetBytes="3330683" thresholdFreeBytes="456498" remainingFree="453824" tenureFreeBytes="453824" />
</concurrent-kickoff>
<exclusive-start id="723" timestamp="2019-08-08T07:22:11.689" intervalms="242.412">
  <response-info timems="0.018" idlems="0.018" threads="0" lastid="0000000000996F00" lastname="main" />
</exclusive-start>
<cycle-start id="724" type="global" contextid="0" timestamp="2019-08-08T07:22:11.689" intervalms="248.851" />
<exclusive-end id="725" timestamp="2019-08-08T07:22:11.689" durationms="0.014" />

<exclusive-start id="726" timestamp="2019-08-08T07:22:11.693" intervalms="3.924">
  <response-info timems="0.009" idlems="0.009" threads="0" lastid="0000000000996F00" lastname="main" />
</exclusive-start>
<sys-start reason="explicit" id="727" timestamp="2019-08-08T07:22:11.693" intervalms="99145.614" />
<gc-start id="728" type="global" contextid="724" timestamp="2019-08-08T07:22:11.693">
  <mem-info id="729" free="321416" total="20840448" percent="1">
    <mem type="tenure" free="321416" total="20840448" percent="1">
      <mem type="soa" free="113544" total="20632576" percent="0" />
      <mem type="loa" free="207872" total="207872" percent="100" />
    </mem>
  </mem-info>
</gc-start>
<allocation-stats totalBytes="15858536" >
  <allocated-bytes non-tlh="690488" tlh="15168048" />
  <largest-consumer threadName="main" threadId="0000000000996F00" bytes="15858536" />
</allocation-stats>
<concurrent-halted id="730" timestamp="2019-08-08T07:22:11.693">
  <halted state="Complete" status="trace only" />
  <traced bytesTarget="3330683" bytesTotal="285684" bytesByMutator="4980" bytesByHelper="280704" percent="8" />
  <cards cleaned="0" thresholdBytes="179832" />
</concurrent-halted>
<gc-op id="731" type="card-cleaning" timems="1.117" contextid="724" timestamp="2019-08-08T07:22:11.695">
  <card-cleaning cardsCleaned="50" bytesTraced="122340" workStackOverflowCount="0" />
</gc-op>
<gc-op id="732" type="mark" timems="11.035" contextid="724" timestamp="2019-08-08T07:22:11.706">
  <trace-info objectcount="60776" scancount="50827" scanbytes="1711968" />
  <finalization candidates="80" enqueued="0" />
  <ownableSynchronizers candidates="21" cleared="0" />
  <references type="soft" candidates="1630" cleared="0" enqueued="0" dynamicThreshold="24" maxThreshold="32" />
  <references type="weak" candidates="4526" cleared="30" enqueued="27" />
  <references type="phantom" candidates="94" cleared="0" enqueued="0" />
  <stringconstants candidates="8698" cleared="15"  />
</gc-op>
<gc-op id="733" type="classunload" timems="0.385" contextid="724" timestamp="2019-08-08T07:22:11.706">
  <classunload-info classloadercandidates="17" classloadersunloaded="1" classesunloaded="1" anonymousclassesunloaded="0" quiescems="0.000" setupms="0.375" scanms="0.008" postms="0.002" />
</gc-op>
<gc-op id="734" type="sweep" timems="1.518" contextid="724" timestamp="2019-08-08T07:22:11.708" />
<mem-info id="735" free="16032528" total="20840448" percent="76">
  <mem type="tenure" free="16032528" total="20840448" percent="76" micro-fragmented="217806">
    <mem type="soa" free="15824656" total="20632576" percent="76" />
    <mem type="loa" free="207872" total="207872" percent="100" />
  </mem>
  <pending-finalizers system="0" default="0" reference="27" classloader="0" />
</mem-info>
<gc-op id="736" type="compact" timems="26.624" contextid="724" timestamp="2019-08-08T07:22:11.734">
  <compact-info movecount="72177" movebytes="4404328" reason="compact to aid heap contraction" />
</gc-op>
<heap-resize id="737" type="expand" space="tenure" amount="327680" count="1" timems="0.021" reason="satisfy allocation request" timestamp="2019-08-08T07:22:11.737" />
<gc-end id="738" type="global" contextid="724" durationms="43.246" usertimems="77.874" systemtimems="0.000" timestamp="2019-08-08T07:22:11.737" activeThreads="16">
  <mem-info id="739" free="16592008" total="21168128" percent="78">
    <mem type="tenure" free="16592008" total="21168128" percent="78">
      <mem type="soa" free="16381064" total="20957184" percent="78" />
      <mem type="loa" free="210944" total="210944" percent="100" />
    </mem>
    <pending-finalizers system="0" default="0" reference="27" classloader="0" />
  </mem-info>
</gc-end>
<cycle-end id="740" type="global" contextid="724" timestamp="2019-08-08T07:22:11.737" />
  <attribute name="elasticGC enabled" value="1" />
  <attribute name= "numThreadsSpecified" value="16" />
  <attribute name="heapSize specified" value="20840448" />
  <attribute name="Current GC Util" value="63" />
  <attribute name= "Current Time Running" value="99345" />
  <attribute name ="GC Interval" value="0" />
  <attribute name="Target GC Util Change" value ="80.000000" />
  <attribute name="Current GC Util Change" value="63.000000"/>
  <attribute name="Current Error" value="-241.000000" />
  <attribute name="Output H" value="21142048"/>
  <attribute name="Output I" value="760"/>
  <attribute name="Output T" value="16"/>
  <attribute name= "Current Time Running" value="99345" />
  <attribute name="GC Util currently" value="63" />
  <attribute name="CPU Util currently" value="43248120203" />
<sys-end id="741" timestamp="2019-08-08T07:22:11.737" />
<exclusive-end id="742" timestamp="2019-08-08T07:22:11.737" durationms="43.398" />

===== DaCapo 9.12-MR1 jython starting =====
<concurrent-kickoff id="743" timestamp="2019-08-08T07:22:11.847">
  <kickoff reason="threshold reached" targetBytes="3383051" thresholdFreeBytes="463676" remainingFree="352768" tenureFreeBytes="352768" />
</concurrent-kickoff>
<exclusive-start id="744" timestamp="2019-08-08T07:22:11.847" intervalms="153.389">
  <response-info timems="0.070" idlems="0.070" threads="0" lastid="0000000000996F00" lastname="main" />
</exclusive-start>
<cycle-start id="745" type="global" contextid="0" timestamp="2019-08-08T07:22:11.847" intervalms="157.315" />
<exclusive-end id="746" timestamp="2019-08-08T07:22:11.847" durationms="0.014" />

<exclusive-start id="747" timestamp="2019-08-08T07:22:11.853" intervalms="6.524">
  <response-info timems="0.052" idlems="0.052" threads="0" lastid="0000000000996F00" lastname="main" />
</exclusive-start>
<af-start id="748" threadId="0000000000997888" totalBytesRequested="16" timestamp="2019-08-08T07:22:11.853" intervalms="406.248" />
<gc-start id="749" type="global" contextid="745" timestamp="2019-08-08T07:22:11.853">
  <mem-info id="750" free="210944" total="21168128" percent="0">
    <mem type="tenure" free="210944" total="21168128" percent="0">
      <mem type="soa" free="0" total="20957184" percent="0" />
      <mem type="loa" free="210944" total="210944" percent="100" />
    </mem>
  </mem-info>
</gc-start>
<allocation-stats totalBytes="16377904" >
  <allocated-bytes non-tlh="665088" tlh="15712816" />
  <largest-consumer threadName="main" threadId="0000000000996F00" bytes="16369656" />
</allocation-stats>
<concurrent-halted id="751" timestamp="2019-08-08T07:22:11.853">
  <halted state="Complete" status="trace only" />
  <traced bytesTarget="3383051" bytesTotal="1125724" bytesByMutator="17232" bytesByHelper="1108492" percent="33" />
  <cards cleaned="0" thresholdBytes="182660" />
</concurrent-halted>
<gc-op id="752" type="card-cleaning" timems="1.338" contextid="745" timestamp="2019-08-08T07:22:11.855">
  <card-cleaning cardsCleaned="164" bytesTraced="107844" workStackOverflowCount="0" />
</gc-op>
<gc-op id="753" type="mark" timems="7.869" contextid="745" timestamp="2019-08-08T07:22:11.863">
  <trace-info objectcount="34003" scancount="32960" scanbytes="1122720" />
  <finalization candidates="80" enqueued="0" />
  <ownableSynchronizers candidates="21" cleared="0" />
  <references type="soft" candidates="1683" cleared="0" enqueued="0" dynamicThreshold="25" maxThreshold="32" />
  <references type="weak" candidates="4610" cleared="21" enqueued="18" />
  <references type="phantom" candidates="98" cleared="2" enqueued="2" />
  <stringconstants candidates="10838" cleared="12"  />
</gc-op>
<gc-op id="754" type="sweep" timems="6.586" contextid="745" timestamp="2019-08-08T07:22:11.869" />
<mem-info id="755" free="16329960" total="21168128" percent="77">
  <mem type="tenure" free="16329960" total="21168128" percent="77" micro-fragmented="34716">
    <mem type="soa" free="16119016" total="20957184" percent="76" />
    <mem type="loa" free="210944" total="210944" percent="100" />
  </mem>
  <pending-finalizers system="0" default="0" reference="20" classloader="0" />
</mem-info>
<gc-op id="756" type="compact" timems="22.829" contextid="745" timestamp="2019-08-08T07:22:11.892">
  <compact-info movecount="70063" movebytes="3938632" reason="compact to aid heap contraction" />
</gc-op>
<heap-resize id="757" type="expand" space="tenure" amount="327680" count="1" timems="0.021" reason="satisfy allocation request" timestamp="2019-08-08T07:22:11.893" />
<gc-end id="758" type="global" contextid="745" durationms="39.512" usertimems="73.770" systemtimems="0.000" timestamp="2019-08-08T07:22:11.893" activeThreads="16">
  <mem-info id="759" free="16712144" total="21495808" percent="77">
    <mem type="tenure" free="16712144" total="21495808" percent="77">
      <mem type="soa" free="16498128" total="21281792" percent="77" />
      <mem type="loa" free="214016" total="214016" percent="100" />
    </mem>
    <pending-finalizers system="0" default="0" reference="20" classloader="0" />
  </mem-info>
</gc-end>
<cycle-end id="760" type="global" contextid="745" timestamp="2019-08-08T07:22:11.893" />
  <attribute name="elasticGC enabled" value="1" />
  <attribute name= "numThreadsSpecified" value="16" />
  <attribute name="heapSize specified" value="21168128" />
  <attribute name="Current GC Util" value="69" />
  <attribute name= "Current Time Running" value="99503" />
  <attribute name ="GC Interval" value="0" />
  <attribute name="Target GC Util Change" value ="80.000000" />
  <attribute name="Current GC Util Change" value="69.000000"/>
  <attribute name="Current Error" value="-35.000000" />
  <attribute name="Output H" value="21470680"/>
  <attribute name="Output I" value="1832"/>
  <attribute name="Output T" value="16"/>
  <attribute name= "Current Time Running" value="99503" />
  <attribute name="GC Util currently" value="69" />
  <attribute name="CPU Util currently" value="50402356324" />
<allocation-satisfied id="761" threadId="0000000000996F00" bytesRequested="16" />
<af-end id="762" timestamp="2019-08-08T07:22:11.893" threadId="0000000000997888" success="true" />
<exclusive-end id="763" timestamp="2019-08-08T07:22:11.893" durationms="39.659" />

<concurrent-kickoff id="764" timestamp="2019-08-08T07:22:11.993">
  <kickoff reason="threshold reached" targetBytes="3101965" thresholdFreeBytes="422732" remainingFree="337472" tenureFreeBytes="337472" />
</concurrent-kickoff>
<exclusive-start id="765" timestamp="2019-08-08T07:22:11.993" intervalms="139.714">
  <response-info timems="0.016" idlems="0.016" threads="0" lastid="0000000000996F00" lastname="main" />
</exclusive-start>
<cycle-start id="766" type="global" contextid="0" timestamp="2019-08-08T07:22:11.993" intervalms="146.235" />
<exclusive-end id="767" timestamp="2019-08-08T07:22:11.993" durationms="0.010" />

<exclusive-start id="768" timestamp="2019-08-08T07:22:11.994" intervalms="0.853">
  <response-info timems="0.026" idlems="0.026" threads="0" lastid="0000000000996F00" lastname="main" />
</exclusive-start>
<af-start id="769" threadId="0000000000997888" totalBytesRequested="32" timestamp="2019-08-08T07:22:11.994" intervalms="140.553" />
<concurrent-aborted id="770" timestamp="2019-08-08T07:22:11.994">
  <reason value="insufficient progress made" />
</concurrent-aborted>
<cycle-end id="771" type="global" contextid="766" timestamp="2019-08-08T07:22:11.994" />
  <attribute name="elasticGC enabled" value="1" />
  <attribute name= "numThreadsSpecified" value="16" />
  <attribute name="heapSize specified" value="21168128" />
  <attribute name="Current GC Util" value="69" />
  <attribute name= "Current Time Running" value="99503" />
  <attribute name ="GC Interval" value="0" />
  <attribute name="Target GC Util Change" value ="80.000000" />
  <attribute name="Current GC Util Change" value="69.000000"/>
  <attribute name="Current Error" value="-35.000000" />
  <attribute name="Output H" value="21470680"/>
  <attribute name="Output I" value="1832"/>
  <attribute name="Output T" value="16"/>
  <attribute name= "Current Time Running" value="99503" />
  <attribute name="GC Util currently" value="69" />
  <attribute name="CPU Util currently" value="50402356324" />
<cycle-start id="772" type="global" contextid="0" timestamp="2019-08-08T07:22:11.994" intervalms="0.911" />
<gc-start id="773" type="global" contextid="772" timestamp="2019-08-08T07:22:11.994">
  <mem-info id="774" free="214016" total="21495808" percent="0">
    <mem type="tenure" free="214016" total="21495808" percent="0">
      <mem type="soa" free="0" total="21281792" percent="0" />
      <mem type="loa" free="214016" total="214016" percent="100" />
    </mem>
  </mem-info>
</gc-start>
<allocation-stats totalBytes="16495320" >
  <allocated-bytes non-tlh="707488" tlh="15787832" />
  <largest-consumer threadName="main" threadId="0000000000996F00" bytes="16491224" />
</allocation-stats>
<gc-op id="775" type="mark" timems="12.709" contextid="772" timestamp="2019-08-08T07:22:12.007">
  <trace-info objectcount="96873" scancount="79801" scanbytes="2732756" />
  <finalization candidates="80" enqueued="0" />
  <ownableSynchronizers candidates="21" cleared="0" />
  <references type="soft" candidates="1722" cleared="0" enqueued="0" dynamicThreshold="24" maxThreshold="32" />
  <references type="weak" candidates="4630" cleared="3" enqueued="3" />
  <references type="phantom" candidates="97" cleared="0" enqueued="0" />
  <stringconstants candidates="11076" cleared="0"  />
</gc-op>
<gc-op id="776" type="classunload" timems="0.004" contextid="772" timestamp="2019-08-08T07:22:12.007">
  <classunload-info classloadercandidates="19" classloadersunloaded="0" classesunloaded="0" anonymousclassesunloaded="0" quiescems="0.000" setupms="0.003" scanms="0.000" postms="0.001" />
</gc-op>
<gc-op id="777" type="sweep" timems="4.971" contextid="772" timestamp="2019-08-08T07:22:12.012" />
<mem-info id="778" free="15756704" total="21495808" percent="73">
  <mem type="tenure" free="15756704" total="21495808" percent="73" micro-fragmented="142954">
    <mem type="soa" free="15542688" total="21281792" percent="73" />
    <mem type="loa" free="214016" total="214016" percent="100" />
  </mem>
  <pending-finalizers system="0" default="0" reference="3" classloader="0" />
</mem-info>
<gc-op id="779" type="compact" timems="22.795" contextid="772" timestamp="2019-08-08T07:22:12.035">
  <compact-info movecount="74857" movebytes="3887608" reason="compact to aid heap contraction" />
</gc-op>
<heap-resize id="780" type="expand" space="tenure" amount="327680" count="1" timems="0.029" reason="satisfy allocation request" timestamp="2019-08-08T07:22:12.035" />
<gc-end id="781" type="global" contextid="772" durationms="41.535" usertimems="81.203" systemtimems="0.000" timestamp="2019-08-08T07:22:12.035" activeThreads="16">
  <mem-info id="782" free="16199240" total="21823488" percent="74">
    <mem type="tenure" free="16199240" total="21823488" percent="74">
      <mem type="soa" free="15981128" total="21605376" percent="73" />
      <mem type="loa" free="218112" total="218112" percent="100" />
    </mem>
    <pending-finalizers system="0" default="0" reference="3" classloader="0" />
  </mem-info>
</gc-end>
<cycle-end id="783" type="global" contextid="772" timestamp="2019-08-08T07:22:12.036" />
  <attribute name="elasticGC enabled" value="1" />
  <attribute name= "numThreadsSpecified" value="16" />
  <attribute name="heapSize specified" value="21495808" />
  <attribute name="Current GC Util" value="59" />
  <attribute name= "Current Time Running" value="99645" />
  <attribute name ="GC Interval" value="0" />
  <attribute name="Target GC Util Change" value ="80.000000" />
  <attribute name="Current GC Util Change" value="59.000000"/>
  <attribute name="Current Error" value="-178.000000" />
  <attribute name="Output H" value="21797704"/>
  <attribute name="Output I" value="1088"/>
  <attribute name="Output T" value="16"/>
  <attribute name= "Current Time Running" value="99645" />
  <attribute name="GC Util currently" value="59" />
  <attribute name="CPU Util currently" value="50475358409" />
<allocation-satisfied id="784" threadId="0000000000996F00" bytesRequested="32" />
<af-end id="785" timestamp="2019-08-08T07:22:12.036" threadId="0000000000997888" success="true" />
<exclusive-end id="786" timestamp="2019-08-08T07:22:12.036" durationms="41.695" />

<concurrent-kickoff id="787" timestamp="2019-08-08T07:22:12.083">
  <kickoff reason="threshold reached" targetBytes="3149251" thresholdFreeBytes="429176" remainingFree="361040" tenureFreeBytes="361040" />
</concurrent-kickoff>
<exclusive-start id="788" timestamp="2019-08-08T07:22:12.083" intervalms="89.141">
  <response-info timems="0.257" idlems="0.257" threads="0" lastid="0000000000996F00" lastname="main" />
</exclusive-start>
<cycle-start id="789" type="global" contextid="0" timestamp="2019-08-08T07:22:12.083" intervalms="89.088" />
<exclusive-end id="790" timestamp="2019-08-08T07:22:12.083" durationms="0.020" />

<exclusive-start id="791" timestamp="2019-08-08T07:22:12.084" intervalms="1.116">
  <response-info timems="0.074" idlems="0.074" threads="0" lastid="0000000000996F00" lastname="main" />
</exclusive-start>
<af-start id="792" threadId="0000000000997888" totalBytesRequested="56" timestamp="2019-08-08T07:22:12.084" intervalms="90.287" />
<concurrent-aborted id="793" timestamp="2019-08-08T07:22:12.084">
  <reason value="insufficient progress made" />
</concurrent-aborted>
<cycle-end id="794" type="global" contextid="789" timestamp="2019-08-08T07:22:12.084" />
  <attribute name="elasticGC enabled" value="1" />
  <attribute name= "numThreadsSpecified" value="16" />
  <attribute name="heapSize specified" value="21495808" />
  <attribute name="Current GC Util" value="59" />
  <attribute name= "Current Time Running" value="99645" />
  <attribute name ="GC Interval" value="0" />
  <attribute name="Target GC Util Change" value ="80.000000" />
  <attribute name="Current GC Util Change" value="59.000000"/>
  <attribute name="Current Error" value="-178.000000" />
  <attribute name="Output H" value="21797704"/>
  <attribute name="Output I" value="1088"/>
  <attribute name="Output T" value="16"/>
  <attribute name= "Current Time Running" value="99645" />
  <attribute name="GC Util currently" value="59" />
  <attribute name="CPU Util currently" value="50475358409" />
<cycle-start id="795" type="global" contextid="0" timestamp="2019-08-08T07:22:12.084" intervalms="1.224" />
<gc-start id="796" type="global" contextid="795" timestamp="2019-08-08T07:22:12.084">
  <mem-info id="797" free="218112" total="21823488" percent="0">
    <mem type="tenure" free="218112" total="21823488" percent="0">
      <mem type="soa" free="0" total="21605376" percent="0" />
      <mem type="loa" free="218112" total="218112" percent="100" />
    </mem>
  </mem-info>
</gc-start>
<allocation-stats totalBytes="16044952" >
  <allocated-bytes non-tlh="203768" tlh="15841184" />
  <largest-consumer threadName="main" threadId="0000000000996F00" bytes="16040856" />
</allocation-stats>
<gc-op id="798" type="mark" timems="5.624" contextid="795" timestamp="2019-08-08T07:22:12.090">
  <trace-info objectcount="91936" scancount="75331" scanbytes="2498924" />
  <finalization candidates="80" enqueued="0" />
  <ownableSynchronizers candidates="21" cleared="0" />
  <references type="soft" candidates="1732" cleared="0" enqueued="0" dynamicThreshold="23" maxThreshold="32" />
  <references type="weak" candidates="4627" cleared="0" enqueued="0" />
  <references type="phantom" candidates="97" cleared="0" enqueued="0" />
  <stringconstants candidates="11140" cleared="0"  />
</gc-op>
<gc-op id="799" type="sweep" timems="6.080" contextid="795" timestamp="2019-08-08T07:22:12.096" />
<mem-info id="800" free="16548088" total="21823488" percent="75">
  <mem type="tenure" free="16548088" total="21823488" percent="75" micro-fragmented="23001">
    <mem type="soa" free="16329976" total="21605376" percent="75" />
    <mem type="loa" free="218112" total="218112" percent="100" />
  </mem>
</mem-info>
<gc-op id="801" type="compact" timems="15.168" contextid="795" timestamp="2019-08-08T07:22:12.111">
  <compact-info movecount="44110" movebytes="2564128" reason="compact to aid heap contraction" />
</gc-op>
<heap-resize id="802" type="expand" space="tenure" amount="327680" count="1" timems="0.021" reason="satisfy allocation request" timestamp="2019-08-08T07:22:12.112" />
<gc-end id="803" type="global" contextid="795" durationms="27.589" usertimems="47.641" systemtimems="0.000" timestamp="2019-08-08T07:22:12.112" activeThreads="16">
  <mem-info id="804" free="16843848" total="22151168" percent="76">
    <mem type="tenure" free="16843848" total="22151168" percent="76">
      <mem type="soa" free="16622664" total="21929984" percent="75" />
      <mem type="loa" free="221184" total="221184" percent="100" />
    </mem>
  </mem-info>
</gc-end>
<cycle-end id="805" type="global" contextid="795" timestamp="2019-08-08T07:22:12.112" />
  <attribute name="elasticGC enabled" value="1" />
  <attribute name= "numThreadsSpecified" value="16" />
  <attribute name="heapSize specified" value="21823488" />
  <attribute name="Current GC Util" value="63" />
  <attribute name= "Current Time Running" value="99722" />
  <attribute name ="GC Interval" value="0" />
  <attribute name="Target GC Util Change" value ="80.000000" />
  <attribute name="Current GC Util Change" value="63.000000"/>
  <attribute name="Current Error" value="-47.000000" />
  <attribute name="Output H" value="22125984"/>
  <attribute name="Output I" value="1768"/>
  <attribute name="Output T" value="16"/>
  <attribute name= "Current Time Running" value="99722" />
  <attribute name="GC Util currently" value="63" />
  <attribute name="CPU Util currently" value="75835529702" />
<allocation-satisfied id="806" threadId="0000000000996F00" bytesRequested="56" />
<af-end id="807" timestamp="2019-08-08T07:22:12.112" threadId="0000000000997888" success="true" />
<exclusive-end id="808" timestamp="2019-08-08T07:22:12.112" durationms="27.806" />

<concurrent-kickoff id="809" timestamp="2019-08-08T07:22:12.178">
  <kickoff reason="threshold reached" targetBytes="3196538" thresholdFreeBytes="435620" remainingFree="410376" tenureFreeBytes="410376" />
</concurrent-kickoff>
<exclusive-start id="810" timestamp="2019-08-08T07:22:12.178" intervalms="93.962">
  <response-info timems="0.016" idlems="0.016" threads="0" lastid="0000000000996F00" lastname="main" />
</exclusive-start>
<cycle-start id="811" type="global" contextid="0" timestamp="2019-08-08T07:22:12.178" intervalms="93.849" />
<exclusive-end id="812" timestamp="2019-08-08T07:22:12.178" durationms="0.011" />

<exclusive-start id="813" timestamp="2019-08-08T07:22:12.179" intervalms="1.151">
  <response-info timems="0.027" idlems="0.027" threads="0" lastid="0000000000996F00" lastname="main" />
</exclusive-start>
<af-start id="814" threadId="0000000000997888" totalBytesRequested="32" timestamp="2019-08-08T07:22:12.179" intervalms="95.082" />
<concurrent-aborted id="815" timestamp="2019-08-08T07:22:12.179">
  <reason value="insufficient progress made" />
</concurrent-aborted>
<cycle-end id="816" type="global" contextid="811" timestamp="2019-08-08T07:22:12.179" />
  <attribute name="elasticGC enabled" value="1" />
  <attribute name= "numThreadsSpecified" value="16" />
  <attribute name="heapSize specified" value="21823488" />
  <attribute name="Current GC Util" value="63" />
  <attribute name= "Current Time Running" value="99722" />
  <attribute name ="GC Interval" value="0" />
  <attribute name="Target GC Util Change" value ="80.000000" />
  <attribute name="Current GC Util Change" value="63.000000"/>
  <attribute name="Current Error" value="-47.000000" />
  <attribute name="Output H" value="22125984"/>
  <attribute name="Output I" value="1768"/>
  <attribute name="Output T" value="16"/>
  <attribute name= "Current Time Running" value="99722" />
  <attribute name="GC Util currently" value="63" />
  <attribute name="CPU Util currently" value="75835529702" />
<cycle-start id="817" type="global" contextid="0" timestamp="2019-08-08T07:22:12.179" intervalms="1.221" />
<gc-start id="818" type="global" contextid="817" timestamp="2019-08-08T07:22:12.179">
  <mem-info id="819" free="221184" total="22151168" percent="0">
    <mem type="tenure" free="221184" total="22151168" percent="0">
      <mem type="soa" free="0" total="21929984" percent="0" />
      <mem type="loa" free="221184" total="221184" percent="100" />
    </mem>
  </mem-info>
</gc-start>
<allocation-stats totalBytes="16686504" >
  <allocated-bytes non-tlh="278848" tlh="16407656" />
  <largest-consumer threadName="main" threadId="0000000000996F00" bytes="16686504" />
</allocation-stats>
<gc-op id="820" type="mark" timems="5.176" contextid="817" timestamp="2019-08-08T07:22:12.185">
  <trace-info objectcount="115350" scancount="96420" scanbytes="3395948" />
  <finalization candidates="80" enqueued="0" />
  <ownableSynchronizers candidates="21" cleared="0" />
  <references type="soft" candidates="1733" cleared="0" enqueued="0" dynamicThreshold="24" maxThreshold="32" />
  <references type="weak" candidates="4810" cleared="0" enqueued="0" />
  <references type="phantom" candidates="97" cleared="0" enqueued="0" />
  <stringconstants candidates="11326" cleared="0"  />
</gc-op>
<gc-op id="821" type="sweep" timems="1.600" contextid="817" timestamp="2019-08-08T07:22:12.186" />
<mem-info id="822" free="15323784" total="22151168" percent="69">
  <mem type="tenure" free="15323784" total="22151168" percent="69" micro-fragmented="265756">
    <mem type="soa" free="15102600" total="21929984" percent="68" />
    <mem type="loa" free="221184" total="221184" percent="100" />
  </mem>
</mem-info>
<gc-op id="823" type="compact" timems="20.282" contextid="817" timestamp="2019-08-08T07:22:12.206">
  <compact-info movecount="71649" movebytes="3756112" reason="compact to aid heap contraction" />
</gc-op>
<heap-resize id="824" type="expand" space="tenure" amount="327680" count="1" timems="0.025" reason="satisfy allocation request" timestamp="2019-08-08T07:22:12.207" />
<gc-end id="825" type="global" contextid="817" durationms="27.789" usertimems="50.623" systemtimems="0.000" timestamp="2019-08-08T07:22:12.207" activeThreads="16">
  <mem-info id="826" free="16137624" total="22478848" percent="71">
    <mem type="tenure" free="16137624" total="22478848" percent="71">
      <mem type="soa" free="15913368" total="22254592" percent="71" />
      <mem type="loa" free="224256" total="224256" percent="100" />
    </mem>
  </mem-info>
</gc-end>
<cycle-end id="827" type="global" contextid="817" timestamp="2019-08-08T07:22:12.207" />
  <attribute name="elasticGC enabled" value="1" />
  <attribute name= "numThreadsSpecified" value="16" />
  <attribute name="heapSize specified" value="22151168" />
  <attribute name="Current GC Util" value="53" />
  <attribute name= "Current Time Running" value="99817" />
  <attribute name ="GC Interval" value="0" />
  <attribute name="Target GC Util Change" value ="80.000000" />
  <attribute name="Current GC Util Change" value="53.000000"/>
  <attribute name="Current Error" value="-52.000000" />
  <attribute name="Output H" value="22453640"/>
  <attribute name="Output I" value="1744"/>
  <attribute name="Output T" value="16"/>
  <attribute name= "Current Time Running" value="99817" />
  <attribute name="GC Util currently" value="53" />
  <attribute name="CPU Util currently" value="56729590984" />
<allocation-satisfied id="828" threadId="0000000000996F00" bytesRequested="32" />
<af-end id="829" timestamp="2019-08-08T07:22:12.207" threadId="0000000000997888" success="true" />
<exclusive-end id="830" timestamp="2019-08-08T07:22:12.207" durationms="27.989" />

<concurrent-kickoff id="831" timestamp="2019-08-08T07:22:12.320">
  <kickoff reason="threshold reached" targetBytes="3243824" thresholdFreeBytes="442063" remainingFree="331360" tenureFreeBytes="331360" />
</concurrent-kickoff>
<exclusive-start id="832" timestamp="2019-08-08T07:22:12.320" intervalms="141.209">
  <response-info timems="0.016" idlems="0.016" threads="0" lastid="0000000000996F00" lastname="main" />
</exclusive-start>
<cycle-start id="833" type="global" contextid="0" timestamp="2019-08-08T07:22:12.320" intervalms="141.140" />
<exclusive-end id="834" timestamp="2019-08-08T07:22:12.320" durationms="0.011" />

<exclusive-start id="835" timestamp="2019-08-08T07:22:12.324" intervalms="3.097">
  <response-info timems="0.046" idlems="0.046" threads="0" lastid="0000000000996F00" lastname="main" />
</exclusive-start>
<af-start id="836" threadId="0000000000997888" totalBytesRequested="65544" timestamp="2019-08-08T07:22:12.324" intervalms="144.313" />
<concurrent-aborted id="837" timestamp="2019-08-08T07:22:12.324">
  <reason value="insufficient progress made" />
</concurrent-aborted>
<cycle-end id="838" type="global" contextid="833" timestamp="2019-08-08T07:22:12.324" />
  <attribute name="elasticGC enabled" value="1" />
  <attribute name= "numThreadsSpecified" value="16" />
  <attribute name="heapSize specified" value="22151168" />
  <attribute name="Current GC Util" value="53" />
  <attribute name= "Current Time Running" value="99817" />
  <attribute name ="GC Interval" value="0" />
  <attribute name="Target GC Util Change" value ="80.000000" />
  <attribute name="Current GC Util Change" value="53.000000"/>
  <attribute name="Current Error" value="-52.000000" />
  <attribute name="Output H" value="22453640"/>
  <attribute name="Output I" value="1744"/>
  <attribute name="Output T" value="16"/>
  <attribute name= "Current Time Running" value="99817" />
  <attribute name="GC Util currently" value="53" />
  <attribute name="CPU Util currently" value="56729590984" />
<cycle-start id="839" type="global" contextid="0" timestamp="2019-08-08T07:22:12.324" intervalms="3.160" />
<gc-start id="840" type="global" contextid="839" timestamp="2019-08-08T07:22:12.324">
  <mem-info id="841" free="0" total="22478848" percent="0">
    <mem type="tenure" free="0" total="22478848" percent="0">
      <mem type="soa" free="0" total="22254592" percent="0" />
      <mem type="loa" free="0" total="224256" percent="0" />
    </mem>
  </mem-info>
</gc-start>
<allocation-stats totalBytes="16161096" >
  <allocated-bytes non-tlh="638080" tlh="15523016" />
  <largest-consumer threadName="main" threadId="0000000000996F00" bytes="16161096" />
</allocation-stats>
<heap-resize id="842" type="loa expand" space="tenure" amount="225280" count="1" timems="0.000" reason="expand on failed allocate" timestamp="2019-08-08T07:22:12.324" />
<gc-op id="843" type="mark" timems="4.809" contextid="839" timestamp="2019-08-08T07:22:12.328">
  <trace-info objectcount="93633" scancount="76652" scanbytes="2503204" />
  <finalization candidates="81" enqueued="1" />
  <ownableSynchronizers candidates="21" cleared="0" />
  <references type="soft" candidates="1759" cleared="0" enqueued="0" dynamicThreshold="22" maxThreshold="32" />
  <references type="weak" candidates="5101" cleared="14" enqueued="14" />
  <references type="phantom" candidates="97" cleared="0" enqueued="0" />
  <stringconstants candidates="11675" cleared="12"  />
</gc-op>
<gc-op id="844" type="sweep" timems="1.558" contextid="839" timestamp="2019-08-08T07:22:12.330" />
<mem-info id="845" free="16936272" total="22478848" percent="75">
  <mem type="tenure" free="16936272" total="22478848" percent="75" micro-fragmented="15942">
    <mem type="soa" free="16936272" total="22029312" percent="76" />
    <mem type="loa" free="0" total="449536" percent="0" />
  </mem>
  <pending-finalizers system="0" default="1" reference="14" classloader="0" />
</mem-info>
<gc-op id="846" type="compact" timems="22.928" contextid="839" timestamp="2019-08-08T07:22:12.353">
  <compact-info movecount="75170" movebytes="3783960" reason="compact to aid heap contraction" />
</gc-op>
<heap-resize id="847" type="expand" space="tenure" amount="327680" count="1" timems="0.016" reason="satisfy allocation request" timestamp="2019-08-08T07:22:12.354" />
<gc-end id="848" type="global" contextid="839" durationms="29.994" usertimems="54.132" systemtimems="0.000" timestamp="2019-08-08T07:22:12.354" activeThreads="16">
  <mem-info id="849" free="17441352" total="22806528" percent="76">
    <mem type="tenure" free="17441352" total="22806528" percent="76">
      <mem type="soa" free="16985672" total="22350848" percent="75" />
      <mem type="loa" free="455680" total="455680" percent="100" />
    </mem>
    <pending-finalizers system="0" default="1" reference="14" classloader="0" />
  </mem-info>
</gc-end>
<cycle-end id="850" type="global" contextid="839" timestamp="2019-08-08T07:22:12.354" />
  <attribute name="elasticGC enabled" value="1" />
  <attribute name= "numThreadsSpecified" value="16" />
  <attribute name="heapSize specified" value="22478848" />
  <attribute name="Current GC Util" value="56" />
  <attribute name= "Current Time Running" value="99964" />
  <attribute name ="GC Interval" value="0" />
  <attribute name="Target GC Util Change" value ="80.000000" />
  <attribute name="Current GC Util Change" value="56.000000"/>
  <attribute name="Current Error" value="42.000000" />
  <attribute name="Output H" value="22781760"/>
  <attribute name="Output I" value="2232"/>
  <attribute name="Output T" value="16"/>
  <attribute name= "Current Time Running" value="99964" />
  <attribute name="GC Util currently" value="56" />
  <attribute name="CPU Util currently" value="50219134142" />
<allocation-satisfied id="851" threadId="0000000000996F00" bytesRequested="65544" />
<af-end id="852" timestamp="2019-08-08T07:22:12.354" threadId="0000000000997888" success="true" />
<exclusive-end id="853" timestamp="2019-08-08T07:22:12.354" durationms="30.161" />

<exclusive-start id="854" timestamp="2019-08-08T07:22:12.425" intervalms="101.117">
  <response-info timems="0.041" idlems="0.041" threads="0" lastid="0000000000996F00" lastname="main" />
</exclusive-start>
<af-start id="855" threadId="0000000000997888" totalBytesRequested="32" timestamp="2019-08-08T07:22:12.425" intervalms="101.132" />
<cycle-start id="856" type="global" contextid="0" timestamp="2019-08-08T07:22:12.425" intervalms="101.118" />
<gc-start id="857" type="global" contextid="856" timestamp="2019-08-08T07:22:12.425">
  <mem-info id="858" free="455680" total="22806528" percent="1">
    <mem type="tenure" free="455680" total="22806528" percent="1">
      <mem type="soa" free="0" total="22350848" percent="0" />
      <mem type="loa" free="455680" total="455680" percent="100" />
    </mem>
  </mem-info>
</gc-start>
<allocation-stats totalBytes="17048072" >
  <allocated-bytes non-tlh="945272" tlh="16102800" />
  <largest-consumer threadName="main" threadId="0000000000996F00" bytes="17039760" />
</allocation-stats>
<gc-op id="859" type="mark" timems="5.459" contextid="856" timestamp="2019-08-08T07:22:12.430">
  <trace-info objectcount="105599" scancount="87574" scanbytes="3020076" />
  <finalization candidates="80" enqueued="0" />
  <ownableSynchronizers candidates="21" cleared="0" />
  <references type="soft" candidates="1784" cleared="0" enqueued="0" dynamicThreshold="24" maxThreshold="32" />
  <references type="weak" candidates="5097" cleared="2" enqueued="2" />
  <references type="phantom" candidates="98" cleared="0" enqueued="0" />
  <stringconstants candidates="11804" cleared="0"  />
</gc-op>
<gc-op id="860" type="sweep" timems="2.005" contextid="856" timestamp="2019-08-08T07:22:12.432" />
<mem-info id="861" free="16265648" total="22806528" percent="71">
  <mem type="tenure" free="16265648" total="22806528" percent="71" micro-fragmented="69565">
    <mem type="soa" free="15809968" total="22350848" percent="70" />
    <mem type="loa" free="455680" total="455680" percent="100" />
  </mem>
  <pending-finalizers system="0" default="0" reference="2" classloader="0" />
</mem-info>
<gc-op id="862" type="compact" timems="24.253" contextid="856" timestamp="2019-08-08T07:22:12.457">
  <compact-info movecount="88261" movebytes="5426056" reason="compact to aid heap contraction" />
</gc-op>
<heap-resize id="863" type="expand" space="tenure" amount="327680" count="1" timems="0.030" reason="satisfy allocation request" timestamp="2019-08-08T07:22:12.457" />
<gc-end id="864" type="global" contextid="856" durationms="33.754" usertimems="58.281" systemtimems="0.000" timestamp="2019-08-08T07:22:12.459" activeThreads="16">
  <mem-info id="865" free="16788352" total="23134208" percent="72">
    <mem type="tenure" free="16788352" total="23134208" percent="72">
      <mem type="soa" free="16326528" total="22672384" percent="72" />
      <mem type="loa" free="461824" total="461824" percent="100" />
    </mem>
    <pending-finalizers system="0" default="0" reference="2" classloader="0" />
  </mem-info>
</gc-end>
<cycle-end id="866" type="global" contextid="856" timestamp="2019-08-08T07:22:12.459" />
  <attribute name="elasticGC enabled" value="1" />
  <attribute name= "numThreadsSpecified" value="16" />
  <attribute name="heapSize specified" value="22806528" />
  <attribute name="Current GC Util" value="45" />
  <attribute name= "Current Time Running" value="100067" />
  <attribute name ="GC Interval" value="0" />
  <attribute name="Target GC Util Change" value ="80.000000" />
  <attribute name="Current GC Util Change" value="45.000000"/>
  <attribute name="Current Error" value="35.000000" />
  <attribute name="Output H" value="23109408"/>
  <attribute name="Output I" value="2192"/>
  <attribute name="Output T" value="16"/>
  <attribute name= "Current Time Running" value="100067" />
  <attribute name="GC Util currently" value="45" />
  <attribute name="CPU Util currently" value="47465942321" />
<allocation-satisfied id="867" threadId="0000000000996F00" bytesRequested="32" />
<af-end id="868" timestamp="2019-08-08T07:22:12.459" threadId="0000000000997888" success="true" />
<exclusive-end id="869" timestamp="2019-08-08T07:22:12.459" durationms="33.938" />

<exclusive-start id="870" timestamp="2019-08-08T07:22:12.521" intervalms="96.548">
  <response-info timems="0.014" idlems="0.014" threads="0" lastid="0000000000996F00" lastname="main" />
</exclusive-start>
<af-start id="871" threadId="0000000000997888" totalBytesRequested="56" timestamp="2019-08-08T07:22:12.521" intervalms="96.538" />
<cycle-start id="872" type="global" contextid="0" timestamp="2019-08-08T07:22:12.521" intervalms="96.536" />
<gc-start id="873" type="global" contextid="872" timestamp="2019-08-08T07:22:12.521">
  <mem-info id="874" free="461824" total="23134208" percent="1">
    <mem type="tenure" free="461824" total="23134208" percent="1">
      <mem type="soa" free="0" total="22672384" percent="0" />
      <mem type="loa" free="461824" total="461824" percent="100" />
    </mem>
  </mem-info>
</gc-start>
<allocation-stats totalBytes="16387920" >
  <allocated-bytes non-tlh="238616" tlh="16149304" />
  <largest-consumer threadName="main" threadId="0000000000996F00" bytes="16387920" />
</allocation-stats>
<gc-op id="875" type="mark" timems="9.238" contextid="872" timestamp="2019-08-08T07:22:12.531">
  <trace-info objectcount="107926" scancount="88967" scanbytes="2962680" />
  <finalization candidates="80" enqueued="0" />
  <ownableSynchronizers candidates="21" cleared="0" />
  <references type="soft" candidates="1873" cleared="0" enqueued="0" dynamicThreshold="23" maxThreshold="32" />
  <references type="weak" candidates="5263" cleared="9" enqueued="9" />
  <references type="phantom" candidates="97" cleared="0" enqueued="0" />
  <stringconstants candidates="11986" cleared="7"  />
</gc-op>
<gc-op id="876" type="classunload" timems="0.439" contextid="872" timestamp="2019-08-08T07:22:12.531">
  <classunload-info classloadercandidates="29" classloadersunloaded="1" classesunloaded="1" anonymousclassesunloaded="0" quiescems="0.000" setupms="0.428" scanms="0.009" postms="0.002" />
</gc-op>
<gc-op id="877" type="sweep" timems="2.523" contextid="872" timestamp="2019-08-08T07:22:12.534" />
<mem-info id="878" free="16880960" total="23134208" percent="72">
  <mem type="tenure" free="16880960" total="23134208" percent="72" micro-fragmented="264807">
    <mem type="soa" free="16419136" total="22672384" percent="72" />
    <mem type="loa" free="461824" total="461824" percent="100" />
  </mem>
  <pending-finalizers system="0" default="0" reference="9" classloader="0" />
</mem-info>
<gc-op id="879" type="compact" timems="18.843" contextid="872" timestamp="2019-08-08T07:22:12.552">
  <compact-info movecount="61737" movebytes="3290184" reason="compact to aid heap contraction" />
</gc-op>
<heap-resize id="880" type="expand" space="tenure" amount="327680" count="1" timems="0.020" reason="satisfy allocation request" timestamp="2019-08-08T07:22:12.553" />
<gc-end id="881" type="global" contextid="872" durationms="32.159" usertimems="56.805" systemtimems="0.000" timestamp="2019-08-08T07:22:12.553" activeThreads="16">
  <mem-info id="882" free="17491200" total="23461888" percent="74">
    <mem type="tenure" free="17491200" total="23461888" percent="74">
      <mem type="soa" free="17022208" total="22992896" percent="74" />
      <mem type="loa" free="468992" total="468992" percent="100" />
    </mem>
    <pending-finalizers system="0" default="0" reference="9" classloader="0" />
  </mem-info>
</gc-end>
<cycle-end id="883" type="global" contextid="872" timestamp="2019-08-08T07:22:12.553" />
  <attribute name="elasticGC enabled" value="1" />
  <attribute name= "numThreadsSpecified" value="16" />
  <attribute name="heapSize specified" value="23134208" />
  <attribute name="Current GC Util" value="57" />
  <attribute name= "Current Time Running" value="100163" />
  <attribute name ="GC Interval" value="0" />
  <attribute name="Target GC Util Change" value ="80.000000" />
  <attribute name="Current GC Util Change" value="57.000000"/>
  <attribute name="Current Error" value="-66.000000" />
  <attribute name="Output H" value="23436616"/>
  <attribute name="Output I" value="1672"/>
  <attribute name="Output T" value="16"/>
  <attribute name= "Current Time Running" value="100163" />
  <attribute name="GC Util currently" value="57" />
  <attribute name="CPU Util currently" value="61061167592" />
<allocation-satisfied id="884" threadId="0000000000996F00" bytesRequested="56" />
<af-end id="885" timestamp="2019-08-08T07:22:12.554" threadId="0000000000997888" success="true" />
<exclusive-end id="886" timestamp="2019-08-08T07:22:12.554" durationms="32.326" />

<exclusive-start id="887" timestamp="2019-08-08T07:22:12.631" intervalms="109.397">
  <response-info timems="0.018" idlems="0.018" threads="0" lastid="0000000000996F00" lastname="main" />
</exclusive-start>
<af-start id="888" threadId="0000000000997888" totalBytesRequested="192" timestamp="2019-08-08T07:22:12.631" intervalms="109.402" />
<cycle-start id="889" type="global" contextid="0" timestamp="2019-08-08T07:22:12.631" intervalms="109.401" />
<gc-start id="890" type="global" contextid="889" timestamp="2019-08-08T07:22:12.631">
  <mem-info id="891" free="468992" total="23461888" percent="1">
    <mem type="tenure" free="468992" total="23461888" percent="1">
      <mem type="soa" free="0" total="22992896" percent="0" />
      <mem type="loa" free="468992" total="468992" percent="100" />
    </mem>
  </mem-info>
</gc-start>
<allocation-stats totalBytes="17085520" >
  <allocated-bytes non-tlh="828056" tlh="16257464" />
  <largest-consumer threadName="main" threadId="0000000000996F00" bytes="17085520" />
</allocation-stats>
<gc-op id="892" type="mark" timems="9.526" contextid="889" timestamp="2019-08-08T07:22:12.640">
  <trace-info objectcount="110029" scancount="91402" scanbytes="3043196" />
  <finalization candidates="80" enqueued="0" />
  <ownableSynchronizers candidates="21" cleared="0" />
  <references type="soft" candidates="1877" cleared="0" enqueued="0" dynamicThreshold="23" maxThreshold="32" />
  <references type="weak" candidates="5310" cleared="1" enqueued="1" />
  <references type="phantom" candidates="96" cleared="0" enqueued="0" />
  <stringconstants candidates="12338" cleared="2"  />
</gc-op>
<gc-op id="893" type="classunload" timems="0.452" contextid="889" timestamp="2019-08-08T07:22:12.641">
  <classunload-info classloadercandidates="34" classloadersunloaded="1" classesunloaded="1" anonymousclassesunloaded="0" quiescems="0.000" setupms="0.441" scanms="0.009" postms="0.002" />
</gc-op>
<gc-op id="894" type="sweep" timems="1.553" contextid="889" timestamp="2019-08-08T07:22:12.642" />
<mem-info id="895" free="17270672" total="23461888" percent="73">
  <mem type="tenure" free="17270672" total="23461888" percent="73" micro-fragmented="304512">
    <mem type="soa" free="16801680" total="22992896" percent="73" />
    <mem type="loa" free="468992" total="468992" percent="100" />
  </mem>
  <pending-finalizers system="0" default="0" reference="1" classloader="0" />
</mem-info>
<gc-op id="896" type="compact" timems="21.679" contextid="889" timestamp="2019-08-08T07:22:12.664">
  <compact-info movecount="77388" movebytes="3721760" reason="compact to aid heap contraction" />
</gc-op>
<heap-resize id="897" type="expand" space="tenure" amount="327680" count="1" timems="0.019" reason="satisfy allocation request" timestamp="2019-08-08T07:22:12.665" />
<gc-end id="898" type="global" contextid="889" durationms="34.106" usertimems="59.383" systemtimems="0.000" timestamp="2019-08-08T07:22:12.665" activeThreads="16">
  <mem-info id="899" free="17974440" total="23789568" percent="75">
    <mem type="tenure" free="17974440" total="23789568" percent="75">
      <mem type="soa" free="17499304" total="23314432" percent="75" />
      <mem type="loa" free="475136" total="475136" percent="100" />
    </mem>
    <pending-finalizers system="0" default="0" reference="1" classloader="0" />
  </mem-info>
</gc-end>
<cycle-end id="900" type="global" contextid="889" timestamp="2019-08-08T07:22:12.665" />
  <attribute name="elasticGC enabled" value="1" />
  <attribute name= "numThreadsSpecified" value="16" />
  <attribute name="heapSize specified" value="23461888" />
  <attribute name="Current GC Util" value="50" />
  <attribute name= "Current Time Running" value="100274" />
  <attribute name ="GC Interval" value="0" />
  <attribute name="Target GC Util Change" value ="80.000000" />
  <attribute name="Current GC Util Change" value="50.000000"/>
  <attribute name="Current Error" value="-109.000000" />
  <attribute name="Output H" value="23764104"/>
  <attribute name="Output I" value="1448"/>
  <attribute name="Output T" value="16"/>
  <attribute name= "Current Time Running" value="100274" />
  <attribute name="GC Util currently" value="50" />
  <attribute name="CPU Util currently" value="53066086489" />
<allocation-satisfied id="901" threadId="0000000000996F00" bytesRequested="192" />
<af-end id="902" timestamp="2019-08-08T07:22:12.665" threadId="0000000000997888" success="true" />
<exclusive-end id="903" timestamp="2019-08-08T07:22:12.665" durationms="34.280" />

<exclusive-start id="904" timestamp="2019-08-08T07:22:12.713" intervalms="82.311">
  <response-info timems="0.016" idlems="0.016" threads="0" lastid="0000000000996F00" lastname="main" />
</exclusive-start>
<af-start id="905" threadId="0000000000997888" totalBytesRequested="32" timestamp="2019-08-08T07:22:12.713" intervalms="82.319" />
<cycle-start id="906" type="global" contextid="0" timestamp="2019-08-08T07:22:12.713" intervalms="82.320" />
<gc-start id="907" type="global" contextid="906" timestamp="2019-08-08T07:22:12.713">
  <mem-info id="908" free="475136" total="23789568" percent="1">
    <mem type="tenure" free="475136" total="23789568" percent="1">
      <mem type="soa" free="0" total="23314432" percent="0" />
      <mem type="loa" free="475136" total="475136" percent="100" />
    </mem>
  </mem-info>
</gc-start>
<allocation-stats totalBytes="17561656" >
  <allocated-bytes non-tlh="617152" tlh="16944504" />
  <largest-consumer threadName="main" threadId="0000000000996F00" bytes="17561656" />
</allocation-stats>
<gc-op id="909" type="mark" timems="6.926" contextid="906" timestamp="2019-08-08T07:22:12.720">
  <trace-info objectcount="121136" scancount="101387" scanbytes="3531000" />
  <finalization candidates="80" enqueued="0" />
  <ownableSynchronizers candidates="21" cleared="0" />
  <references type="soft" candidates="1913" cleared="0" enqueued="0" dynamicThreshold="24" maxThreshold="32" />
  <references type="weak" candidates="5356" cleared="2" enqueued="2" />
  <references type="phantom" candidates="97" cleared="0" enqueued="0" />
  <stringconstants candidates="12479" cleared="0"  />
</gc-op>
<gc-op id="910" type="sweep" timems="2.413" contextid="906" timestamp="2019-08-08T07:22:12.722" />
<mem-info id="911" free="17006752" total="23789568" percent="71">
  <mem type="tenure" free="17006752" total="23789568" percent="71" micro-fragmented="166208">
    <mem type="soa" free="16531616" total="23314432" percent="70" />
    <mem type="loa" free="475136" total="475136" percent="100" />
  </mem>
  <pending-finalizers system="0" default="0" reference="2" classloader="0" />
</mem-info>
<gc-op id="912" type="compact" timems="23.082" contextid="906" timestamp="2019-08-08T07:22:12.746">
  <compact-info movecount="86537" movebytes="4356352" reason="compact to aid heap contraction" />
</gc-op>
<heap-resize id="913" type="expand" space="tenure" amount="327680" count="1" timems="0.021" reason="satisfy allocation request" timestamp="2019-08-08T07:22:12.746" />
<gc-end id="914" type="global" contextid="906" durationms="33.158" usertimems="59.623" systemtimems="0.000" timestamp="2019-08-08T07:22:12.746" activeThreads="16">
  <mem-info id="915" free="17594104" total="24117248" percent="72">
    <mem type="tenure" free="17594104" total="24117248" percent="72">
      <mem type="soa" free="17111800" total="23634944" percent="72" />
      <mem type="loa" free="482304" total="482304" percent="100" />
    </mem>
    <pending-finalizers system="0" default="0" reference="2" classloader="0" />
  </mem-info>
</gc-end>
<cycle-end id="916" type="global" contextid="906" timestamp="2019-08-08T07:22:12.746" />
  <attribute name="elasticGC enabled" value="1" />
  <attribute name= "numThreadsSpecified" value="16" />
  <attribute name="heapSize specified" value="23789568" />
  <attribute name="Current GC Util" value="54" />
  <attribute name= "Current Time Running" value="100356" />
  <attribute name ="GC Interval" value="0" />
  <attribute name="Target GC Util Change" value ="80.000000" />
  <attribute name="Current GC Util Change" value="54.000000"/>
  <attribute name="Current Error" value="-172.000000" />
  <attribute name="Output H" value="24091488"/>
  <attribute name="Output I" value="1120"/>
  <attribute name="Output T" value="16"/>
  <attribute name= "Current Time Running" value="100356" />
  <attribute name="GC Util currently" value="54" />
  <attribute name="CPU Util currently" value="49876127003" />
<allocation-satisfied id="917" threadId="0000000000996F00" bytesRequested="32" />
<af-end id="918" timestamp="2019-08-08T07:22:12.746" threadId="0000000000997888" success="true" />
<exclusive-end id="919" timestamp="2019-08-08T07:22:12.746" durationms="33.328" />

<exclusive-start id="920" timestamp="2019-08-08T07:22:12.784" intervalms="70.632">
  <response-info timems="0.039" idlems="0.039" threads="0" lastid="0000000000996F00" lastname="main" />
</exclusive-start>
<af-start id="921" threadId="0000000000997888" totalBytesRequested="32" timestamp="2019-08-08T07:22:12.784" intervalms="70.619" />
<cycle-start id="922" type="global" contextid="0" timestamp="2019-08-08T07:22:12.784" intervalms="70.619" />
<gc-start id="923" type="global" contextid="922" timestamp="2019-08-08T07:22:12.784">
  <mem-info id="924" free="482304" total="24117248" percent="1">
    <mem type="tenure" free="482304" total="24117248" percent="1">
      <mem type="soa" free="0" total="23634944" percent="0" />
      <mem type="loa" free="482304" total="482304" percent="100" />
    </mem>
  </mem-info>
</gc-start>
<allocation-stats totalBytes="17174320" >
  <allocated-bytes non-tlh="200768" tlh="16973552" />
  <largest-consumer threadName="main" threadId="0000000000996F00" bytes="17170224" />
</allocation-stats>
<gc-op id="925" type="mark" timems="4.785" contextid="922" timestamp="2019-08-08T07:22:12.788">
  <trace-info objectcount="123589" scancount="103470" scanbytes="3561480" />
  <finalization candidates="80" enqueued="0" />
  <ownableSynchronizers candidates="21" cleared="0" />
  <references type="soft" candidates="1914" cleared="0" enqueued="0" dynamicThreshold="23" maxThreshold="32" />
  <references type="weak" candidates="5352" cleared="0" enqueued="0" />
  <references type="phantom" candidates="97" cleared="0" enqueued="0" />
  <stringconstants candidates="12490" cleared="0"  />
</gc-op>
<gc-op id="926" type="sweep" timems="2.258" contextid="922" timestamp="2019-08-08T07:22:12.791" />
<mem-info id="927" free="17019112" total="24117248" percent="70">
  <mem type="tenure" free="17019112" total="24117248" percent="70" micro-fragmented="265036">
    <mem type="soa" free="16536808" total="23634944" percent="69" />
    <mem type="loa" free="482304" total="482304" percent="100" />
  </mem>
</mem-info>
<gc-op id="928" type="compact" timems="19.317" contextid="922" timestamp="2019-08-08T07:22:12.810">
  <compact-info movecount="61829" movebytes="3053096" reason="compact to aid heap contraction" />
</gc-op>
<heap-resize id="929" type="expand" space="tenure" amount="327680" count="1" timems="0.021" reason="satisfy allocation request" timestamp="2019-08-08T07:22:12.811" />
<gc-end id="930" type="global" contextid="922" durationms="27.006" usertimems="51.643" systemtimems="0.000" timestamp="2019-08-08T07:22:12.811" activeThreads="16">
  <mem-info id="931" free="17803560" total="24444928" percent="72">
    <mem type="tenure" free="17803560" total="24444928" percent="72">
      <mem type="soa" free="17315112" total="23956480" percent="72" />
      <mem type="loa" free="488448" total="488448" percent="100" />
    </mem>
  </mem-info>
</gc-end>
<cycle-end id="932" type="global" contextid="922" timestamp="2019-08-08T07:22:12.811" />
  <attribute name="elasticGC enabled" value="1" />
  <attribute name= "numThreadsSpecified" value="16" />
  <attribute name="heapSize specified" value="24117248" />
  <attribute name="Current GC Util" value="57" />
  <attribute name= "Current Time Running" value="100421" />
  <attribute name ="GC Interval" value="0" />
  <attribute name="Target GC Util Change" value ="80.000000" />
  <attribute name="Current GC Util Change" value="57.000000"/>
  <attribute name="Current Error" value="-13.000000" />
  <attribute name="Output H" value="24419904"/>
  <attribute name="Output I" value="1944"/>
  <attribute name="Output T" value="16"/>
  <attribute name= "Current Time Running" value="100421" />
  <attribute name="GC Util currently" value="57" />
  <attribute name="CPU Util currently" value="59591030324" />
<allocation-satisfied id="933" threadId="0000000000996F00" bytesRequested="32" />
<af-end id="934" timestamp="2019-08-08T07:22:12.811" threadId="0000000000997888" success="true" />
<exclusive-end id="935" timestamp="2019-08-08T07:22:12.811" durationms="27.196" />

<exclusive-start id="936" timestamp="2019-08-08T07:22:12.849" intervalms="65.064">
  <response-info timems="0.058" idlems="0.058" threads="0" lastid="0000000000996F00" lastname="main" />
</exclusive-start>
<af-start id="937" threadId="0000000000997888" totalBytesRequested="88" timestamp="2019-08-08T07:22:12.849" intervalms="65.062" />
<cycle-start id="938" type="global" contextid="0" timestamp="2019-08-08T07:22:12.849" intervalms="65.061" />
<gc-start id="939" type="global" contextid="938" timestamp="2019-08-08T07:22:12.849">
  <mem-info id="940" free="488448" total="24444928" percent="1">
    <mem type="tenure" free="488448" total="24444928" percent="1">
      <mem type="soa" free="0" total="23956480" percent="0" />
      <mem type="loa" free="488448" total="488448" percent="100" />
    </mem>
  </mem-info>
</gc-start>
<allocation-stats totalBytes="17378064" >
  <allocated-bytes non-tlh="200384" tlh="17177680" />
  <largest-consumer threadName="main" threadId="0000000000996F00" bytes="17378064" />
</allocation-stats>
<gc-op id="941" type="mark" timems="5.106" contextid="938" timestamp="2019-08-08T07:22:12.854">
  <trace-info objectcount="114040" scancount="95528" scanbytes="3181324" />
  <finalization candidates="80" enqueued="0" />
  <ownableSynchronizers candidates="21" cleared="0" />
  <references type="soft" candidates="1915" cleared="0" enqueued="0" dynamicThreshold="23" maxThreshold="32" />
  <references type="weak" candidates="5364" cleared="0" enqueued="0" />
  <references type="phantom" candidates="96" cleared="0" enqueued="0" />
  <stringconstants candidates="12495" cleared="0"  />
</gc-op>
<gc-op id="942" type="sweep" timems="2.890" contextid="938" timestamp="2019-08-08T07:22:12.857" />
<mem-info id="943" free="18190688" total="24444928" percent="74">
  <mem type="tenure" free="18190688" total="24444928" percent="74" micro-fragmented="257058">
    <mem type="soa" free="17702240" total="23956480" percent="73" />
    <mem type="loa" free="488448" total="488448" percent="100" />
  </mem>
</mem-info>
<gc-op id="944" type="compact" timems="25.599" contextid="938" timestamp="2019-08-08T07:22:12.882">
  <compact-info movecount="66206" movebytes="3175656" reason="compact to aid heap contraction" />
</gc-op>
<heap-resize id="945" type="expand" space="tenure" amount="327680" count="1" timems="0.022" reason="satisfy allocation request" timestamp="2019-08-08T07:22:12.883" />
<gc-end id="946" type="global" contextid="938" durationms="34.372" usertimems="66.499" systemtimems="0.000" timestamp="2019-08-08T07:22:12.883" activeThreads="16">
  <mem-info id="947" free="18853792" total="24772608" percent="76">
    <mem type="tenure" free="18853792" total="24772608" percent="76">
      <mem type="soa" free="18359200" total="24278016" percent="75" />
      <mem type="loa" free="494592" total="494592" percent="100" />
    </mem>
  </mem-info>
</gc-end>
<cycle-end id="948" type="global" contextid="938" timestamp="2019-08-08T07:22:12.883" />
  <attribute name="elasticGC enabled" value="1" />
  <attribute name= "numThreadsSpecified" value="16" />
  <attribute name="heapSize specified" value="24444928" />
  <attribute name="Current GC Util" value="48" />
  <attribute name= "Current Time Running" value="100493" />
  <attribute name ="GC Interval" value="0" />
  <attribute name="Target GC Util Change" value ="80.000000" />
  <attribute name="Current GC Util Change" value="48.000000"/>
  <attribute name="Current Error" value="54.000000" />
  <attribute name="Output H" value="24747896"/>
  <attribute name="Output I" value="2288"/>
  <attribute name="Output T" value="16"/>
  <attribute name= "Current Time Running" value="100493" />
  <attribute name="GC Util currently" value="48" />
  <attribute name="CPU Util currently" value="44977361684" />
<allocation-satisfied id="949" threadId="0000000000996F00" bytesRequested="88" />
<af-end id="950" timestamp="2019-08-08T07:22:12.883" threadId="0000000000997888" success="true" />
<exclusive-end id="951" timestamp="2019-08-08T07:22:12.883" durationms="34.534" />

<exclusive-start id="952" timestamp="2019-08-08T07:22:12.928" intervalms="79.703">
  <response-info timems="0.015" idlems="0.015" threads="0" lastid="0000000000996F00" lastname="main" />
</exclusive-start>
<af-start id="953" threadId="0000000000997888" totalBytesRequested="24" timestamp="2019-08-08T07:22:12.928" intervalms="79.704" />
<cycle-start id="954" type="global" contextid="0" timestamp="2019-08-08T07:22:12.928" intervalms="79.705" />
<gc-start id="955" type="global" contextid="954" timestamp="2019-08-08T07:22:12.928">
  <mem-info id="956" free="494592" total="24772608" percent="1">
    <mem type="tenure" free="494592" total="24772608" percent="1">
      <mem type="soa" free="0" total="24278016" percent="0" />
      <mem type="loa" free="494592" total="494592" percent="100" />
    </mem>
  </mem-info>
</gc-start>
<allocation-stats totalBytes="18421168" >
  <allocated-bytes non-tlh="402464" tlh="18018704" />
  <largest-consumer threadName="main" threadId="0000000000996F00" bytes="18421168" />
</allocation-stats>
<gc-op id="957" type="mark" timems="13.122" contextid="954" timestamp="2019-08-08T07:22:12.942">
  <trace-info objectcount="116125" scancount="96638" scanbytes="3302836" />
  <finalization candidates="80" enqueued="0" />
  <ownableSynchronizers candidates="21" cleared="0" />
  <references type="soft" candidates="1917" cleared="0" enqueued="0" dynamicThreshold="24" maxThreshold="32" />
  <references type="weak" candidates="5374" cleared="0" enqueued="0" />
  <references type="phantom" candidates="97" cleared="0" enqueued="0" />
  <stringconstants candidates="12514" cleared="0"  />
</gc-op>
<gc-op id="958" type="classunload" timems="0.005" contextid="954" timestamp="2019-08-08T07:22:12.942">
  <classunload-info classloadercandidates="40" classloadersunloaded="0" classesunloaded="0" anonymousclassesunloaded="0" quiescems="0.000" setupms="0.004" scanms="0.000" postms="0.001" />
</gc-op>
<gc-op id="959" type="sweep" timems="5.475" contextid="954" timestamp="2019-08-08T07:22:12.947" />
<mem-info id="960" free="18404632" total="24772608" percent="74">
  <mem type="tenure" free="18404632" total="24772608" percent="74" micro-fragmented="101895">
    <mem type="soa" free="17910040" total="24278016" percent="73" />
    <mem type="loa" free="494592" total="494592" percent="100" />
  </mem>
</mem-info>
<gc-op id="961" type="compact" timems="19.530" contextid="954" timestamp="2019-08-08T07:22:12.967">
  <compact-info movecount="66992" movebytes="3504744" reason="compact to aid heap contraction" />
</gc-op>
<heap-resize id="962" type="expand" space="tenure" amount="327680" count="1" timems="0.046" reason="satisfy allocation request" timestamp="2019-08-08T07:22:12.967" />
<gc-end id="963" type="global" contextid="954" durationms="38.881" usertimems="71.810" systemtimems="0.000" timestamp="2019-08-08T07:22:12.967" activeThreads="16">
  <mem-info id="964" free="18807888" total="25100288" percent="74">
    <mem type="tenure" free="18807888" total="25100288" percent="74">
      <mem type="soa" free="18306128" total="24598528" percent="74" />
      <mem type="loa" free="501760" total="501760" percent="100" />
    </mem>
  </mem-info>
</gc-end>
<cycle-end id="965" type="global" contextid="954" timestamp="2019-08-08T07:22:12.967" />
  <attribute name="elasticGC enabled" value="1" />
  <attribute name= "numThreadsSpecified" value="16" />
  <attribute name="heapSize specified" value="24772608" />
  <attribute name="Current GC Util" value="58" />
  <attribute name= "Current Time Running" value="100577" />
  <attribute name ="GC Interval" value="0" />
  <attribute name="Target GC Util Change" value ="80.000000" />
  <attribute name="Current GC Util Change" value="58.000000"/>
  <attribute name="Current Error" value="22.000000" />
  <attribute name="Output H" value="25075424"/>
  <attribute name="Output I" value="2128"/>
  <attribute name="Output T" value="16"/>
  <attribute name= "Current Time Running" value="100577" />
  <attribute name="GC Util currently" value="58" />
  <attribute name="CPU Util currently" value="58864513920" />
<allocation-satisfied id="966" threadId="0000000000996F00" bytesRequested="24" />
<af-end id="967" timestamp="2019-08-08T07:22:12.967" threadId="0000000000997888" success="true" />
<exclusive-end id="968" timestamp="2019-08-08T07:22:12.967" durationms="39.125" />

<concurrent-kickoff id="969" timestamp="2019-08-08T07:22:13.007">
  <kickoff reason="threshold reached" targetBytes="3622112" thresholdFreeBytes="493617" remainingFree="301752" tenureFreeBytes="301752" />
</concurrent-kickoff>
<exclusive-start id="970" timestamp="2019-08-08T07:22:13.007" intervalms="78.409">
  <response-info timems="0.060" idlems="0.060" threads="0" lastid="0000000000996F00" lastname="main" />
</exclusive-start>
<cycle-start id="971" type="global" contextid="0" timestamp="2019-08-08T07:22:13.007" intervalms="78.368" />
<exclusive-end id="972" timestamp="2019-08-08T07:22:13.007" durationms="0.021" />

<exclusive-start id="973" timestamp="2019-08-08T07:22:13.007" intervalms="0.268">
  <response-info timems="0.135" idlems="0.135" threads="0" lastid="0000000000996F00" lastname="main" />
</exclusive-start>
<af-start id="974" threadId="0000000000997888" totalBytesRequested="10592" timestamp="2019-08-08T07:22:13.007" intervalms="78.659" />
<concurrent-aborted id="975" timestamp="2019-08-08T07:22:13.007">
  <reason value="insufficient progress made" />
</concurrent-aborted>
<cycle-end id="976" type="global" contextid="971" timestamp="2019-08-08T07:22:13.007" />
  <attribute name="elasticGC enabled" value="1" />
  <attribute name= "numThreadsSpecified" value="16" />
  <attribute name="heapSize specified" value="24772608" />
  <attribute name="Current GC Util" value="58" />
  <attribute name= "Current Time Running" value="100577" />
  <attribute name ="GC Interval" value="0" />
  <attribute name="Target GC Util Change" value ="80.000000" />
  <attribute name="Current GC Util Change" value="58.000000"/>
  <attribute name="Current Error" value="22.000000" />
  <attribute name="Output H" value="25075424"/>
  <attribute name="Output I" value="2128"/>
  <attribute name="Output T" value="16"/>
  <attribute name= "Current Time Running" value="100577" />
  <attribute name="GC Util currently" value="58" />
  <attribute name="CPU Util currently" value="58864513920" />
<cycle-start id="977" type="global" contextid="0" timestamp="2019-08-08T07:22:13.007" intervalms="0.313" />
<gc-start id="978" type="global" contextid="977" timestamp="2019-08-08T07:22:13.007">
  <mem-info id="979" free="301752" total="25100288" percent="1">
    <mem type="tenure" free="301752" total="25100288" percent="1">
      <mem type="soa" free="0" total="24598528" percent="0" />
      <mem type="loa" free="301752" total="501760" percent="60" />
    </mem>
  </mem-info>
</gc-start>
<allocation-stats totalBytes="18550032" >
  <allocated-bytes non-tlh="601688" tlh="17948344" />
  <largest-consumer threadName="main" threadId="0000000000996F00" bytes="18550032" />
</allocation-stats>
<gc-op id="980" type="mark" timems="6.506" contextid="977" timestamp="2019-08-08T07:22:13.014">
  <trace-info objectcount="103294" scancount="85421" scanbytes="2779212" />
  <finalization candidates="80" enqueued="0" />
  <ownableSynchronizers candidates="21" cleared="0" />
  <references type="soft" candidates="1920" cleared="0" enqueued="0" dynamicThreshold="23" maxThreshold="32" />
  <references type="weak" candidates="5387" cleared="1" enqueued="1" />
  <references type="phantom" candidates="97" cleared="0" enqueued="0" />
  <stringconstants candidates="12541" cleared="12"  />
</gc-op>
<gc-op id="981" type="sweep" timems="8.626" contextid="977" timestamp="2019-08-08T07:22:13.022" />
<mem-info id="982" free="19423512" total="25100288" percent="77">
  <mem type="tenure" free="19423512" total="25100288" percent="77" micro-fragmented="11616">
    <mem type="soa" free="19121760" total="24598528" percent="77" />
    <mem type="loa" free="301752" total="501760" percent="60" />
  </mem>
  <pending-finalizers system="0" default="0" reference="1" classloader="0" />
</mem-info>
<gc-op id="983" type="compact" timems="11.253" contextid="977" timestamp="2019-08-08T07:22:13.034">
  <compact-info movecount="13314" movebytes="760344" reason="compact to aid heap contraction" />
</gc-op>
<heap-resize id="984" type="expand" space="tenure" amount="327680" count="1" timems="0.021" reason="satisfy allocation request" timestamp="2019-08-08T07:22:13.034" />
<gc-end id="985" type="global" contextid="977" durationms="27.138" usertimems="58.556" systemtimems="0.000" timestamp="2019-08-08T07:22:13.034" activeThreads="16">
  <mem-info id="986" free="19707704" total="25427968" percent="77">
    <mem type="tenure" free="19707704" total="25427968" percent="77">
      <mem type="soa" free="19199800" total="24920064" percent="77" />
      <mem type="loa" free="507904" total="507904" percent="100" />
    </mem>
    <pending-finalizers system="0" default="0" reference="1" classloader="0" />
  </mem-info>
</gc-end>
<cycle-end id="987" type="global" contextid="977" timestamp="2019-08-08T07:22:13.034" />
  <attribute name="elasticGC enabled" value="1" />
  <attribute name= "numThreadsSpecified" value="16" />
  <attribute name="heapSize specified" value="25100288" />
  <attribute name="Current GC Util" value="122" />
  <attribute name= "Current Time Running" value="100644" />
  <attribute name ="GC Interval" value="0" />
  <attribute name="Target GC Util Change" value ="80.000000" />
  <attribute name="Current GC Util Change" value="122.000000"/>
  <attribute name="Current Error" value="-171.000000" />
  <attribute name="Output H" value="25402216"/>
  <attribute name="Output I" value="1120"/>
  <attribute name="Output T" value="16"/>
  <attribute name= "Current Time Running" value="100644" />
  <attribute name="GC Util currently" value="122" />
  <attribute name="CPU Util currently" value="102213148491" />
<allocation-satisfied id="988" threadId="0000000000996F00" bytesRequested="10592" />
<af-end id="989" timestamp="2019-08-08T07:22:13.034" threadId="0000000000997888" success="true" />
<exclusive-end id="990" timestamp="2019-08-08T07:22:13.034" durationms="27.284" />

<exclusive-start id="991" timestamp="2019-08-08T07:22:13.075" intervalms="68.328">
  <response-info timems="0.102" idlems="0.102" threads="0" lastid="0000000000996F00" lastname="main" />
</exclusive-start>
<af-start id="992" threadId="0000000000997888" totalBytesRequested="40" timestamp="2019-08-08T07:22:13.075" intervalms="68.348" />
<cycle-start id="993" type="global" contextid="0" timestamp="2019-08-08T07:22:13.075" intervalms="68.325" />
<gc-start id="994" type="global" contextid="993" timestamp="2019-08-08T07:22:13.075">
  <mem-info id="995" free="507904" total="25427968" percent="1">
    <mem type="tenure" free="507904" total="25427968" percent="1">
      <mem type="soa" free="0" total="24920064" percent="0" />
      <mem type="loa" free="507904" total="507904" percent="100" />
    </mem>
  </mem-info>
</gc-start>
<allocation-stats totalBytes="19263064" >
  <allocated-bytes non-tlh="201008" tlh="19062056" />
  <largest-consumer threadName="main" threadId="0000000000996F00" bytes="19258968" />
</allocation-stats>
<gc-op id="996" type="mark" timems="5.130" contextid="993" timestamp="2019-08-08T07:22:13.081">
  <trace-info objectcount="115540" scancount="96669" scanbytes="3276444" />
  <finalization candidates="80" enqueued="0" />
  <ownableSynchronizers candidates="21" cleared="0" />
  <references type="soft" candidates="1921" cleared="0" enqueued="0" dynamicThreshold="24" maxThreshold="32" />
  <references type="weak" candidates="5393" cleared="0" enqueued="0" />
  <references type="phantom" candidates="97" cleared="0" enqueued="0" />
  <stringconstants candidates="12547" cleared="0"  />
</gc-op>
<gc-op id="997" type="sweep" timems="1.542" contextid="993" timestamp="2019-08-08T07:22:13.082" />
<mem-info id="998" free="19057296" total="25427968" percent="74">
  <mem type="tenure" free="19057296" total="25427968" percent="74" micro-fragmented="74066">
    <mem type="soa" free="18549392" total="24920064" percent="74" />
    <mem type="loa" free="507904" total="507904" percent="100" />
  </mem>
</mem-info>
<gc-op id="999" type="compact" timems="11.633" contextid="993" timestamp="2019-08-08T07:22:13.094">
  <compact-info movecount="22156" movebytes="1156904" reason="compact to aid heap contraction" />
</gc-op>
<heap-resize id="1000" type="expand" space="tenure" amount="327680" count="1" timems="0.020" reason="satisfy allocation request" timestamp="2019-08-08T07:22:13.095" />
<gc-end id="1001" type="global" contextid="993" durationms="19.143" usertimems="49.174" systemtimems="0.000" timestamp="2019-08-08T07:22:13.095" activeThreads="16">
  <mem-info id="1002" free="19508728" total="25755648" percent="75">
    <mem type="tenure" free="19508728" total="25755648" percent="75">
      <mem type="soa" free="18993656" total="25240576" percent="75" />
      <mem type="loa" free="515072" total="515072" percent="100" />
    </mem>
  </mem-info>
</gc-end>
<cycle-end id="1003" type="global" contextid="993" timestamp="2019-08-08T07:22:13.095" />
  <attribute name="elasticGC enabled" value="1" />
  <attribute name= "numThreadsSpecified" value="16" />
  <attribute name="heapSize specified" value="25427968" />
  <attribute name="Current GC Util" value="90" />
  <attribute name= "Current Time Running" value="100704" />
  <attribute name ="GC Interval" value="0" />
  <attribute name="Target GC Util Change" value ="80.000000" />
  <attribute name="Current GC Util Change" value="90.000000"/>
  <attribute name="Current Error" value="-261.000000" />
  <attribute name="Output H" value="25729480"/>
  <attribute name="Output I" value="656"/>
  <attribute name="Output T" value="16"/>
  <attribute name= "Current Time Running" value="100704" />
  <attribute name="GC Util currently" value="90" />
  <attribute name="CPU Util currently" value="98803410693" />
<allocation-satisfied id="1004" threadId="0000000000996F00" bytesRequested="40" />
<af-end id="1005" timestamp="2019-08-08T07:22:13.095" threadId="0000000000997888" success="true" />
<exclusive-end id="1006" timestamp="2019-08-08T07:22:13.095" durationms="19.304" />

<exclusive-start id="1007" timestamp="2019-08-08T07:22:13.132" intervalms="56.626">
  <response-info timems="0.117" idlems="0.117" threads="0" lastid="0000000000996F00" lastname="main" />
</exclusive-start>
<af-start id="1008" threadId="0000000000997888" totalBytesRequested="32" timestamp="2019-08-08T07:22:13.132" intervalms="56.627" />
<cycle-start id="1009" type="global" contextid="0" timestamp="2019-08-08T07:22:13.132" intervalms="56.628" />
<gc-start id="1010" type="global" contextid="1009" timestamp="2019-08-08T07:22:13.132">
  <mem-info id="1011" free="515072" total="25755648" percent="1">
    <mem type="tenure" free="515072" total="25755648" percent="1">
      <mem type="soa" free="0" total="25240576" percent="0" />
      <mem type="loa" free="515072" total="515072" percent="100" />
    </mem>
  </mem-info>
</gc-start>
<allocation-stats totalBytes="19056808" >
  <allocated-bytes non-tlh="200368" tlh="18856440" />
  <largest-consumer threadName="main" threadId="0000000000996F00" bytes="19056808" />
</allocation-stats>
<gc-op id="1012" type="mark" timems="5.555" contextid="1009" timestamp="2019-08-08T07:22:13.138">
  <trace-info objectcount="117321" scancount="98111" scanbytes="3324640" />
  <finalization candidates="80" enqueued="0" />
  <ownableSynchronizers candidates="21" cleared="0" />
  <references type="soft" candidates="1922" cleared="0" enqueued="0" dynamicThreshold="24" maxThreshold="32" />
  <references type="weak" candidates="5393" cleared="0" enqueued="0" />
  <references type="phantom" candidates="97" cleared="0" enqueued="0" />
  <stringconstants candidates="12552" cleared="0"  />
</gc-op>
<gc-op id="1013" type="sweep" timems="3.098" contextid="1009" timestamp="2019-08-08T07:22:13.141" />
<mem-info id="1014" free="19355376" total="25755648" percent="75">
  <mem type="tenure" free="19355376" total="25755648" percent="75" micro-fragmented="31652">
    <mem type="soa" free="18840304" total="25240576" percent="74" />
    <mem type="loa" free="515072" total="515072" percent="100" />
  </mem>
</mem-info>
<gc-op id="1015" type="compact" timems="22.398" contextid="1009" timestamp="2019-08-08T07:22:13.163">
  <compact-info movecount="69404" movebytes="3563672" reason="compact to aid heap contraction" />
</gc-op>
<heap-resize id="1016" type="expand" space="tenure" amount="327680" count="1" timems="0.021" reason="satisfy allocation request" timestamp="2019-08-08T07:22:13.164" />
<gc-end id="1017" type="global" contextid="1009" durationms="31.817" usertimems="96.744" systemtimems="0.000" timestamp="2019-08-08T07:22:13.164" activeThreads="16">
  <mem-info id="1018" free="19773128" total="26083328" percent="75">
    <mem type="tenure" free="19773128" total="26083328" percent="75">
      <mem type="soa" free="19251912" total="25562112" percent="75" />
      <mem type="loa" free="521216" total="521216" percent="100" />
    </mem>
  </mem-info>
</gc-end>
<cycle-end id="1019" type="global" contextid="1009" timestamp="2019-08-08T07:22:13.164" />
  <attribute name="elasticGC enabled" value="1" />
  <attribute name= "numThreadsSpecified" value="16" />
  <attribute name="heapSize specified" value="25755648" />
  <attribute name="Current GC Util" value="67" />
  <attribute name= "Current Time Running" value="100774" />
  <attribute name ="GC Interval" value="0" />
  <attribute name="Target GC Util Change" value ="80.000000" />
  <attribute name="Current GC Util Change" value="67.000000"/>
  <attribute name="Current Error" value="-435.000000" />
  <attribute name="Output H" value="26056352"/>
  <attribute name="Output I" value="200"/>
  <attribute name="Output T" value="16"/>
  <attribute name= "Current Time Running" value="100774" />
  <attribute name="GC Util currently" value="67" />
  <attribute name="CPU Util currently" value="51312448048" />
<allocation-satisfied id="1020" threadId="0000000000996F00" bytesRequested="32" />
<af-end id="1021" timestamp="2019-08-08T07:22:13.164" threadId="0000000000997888" success="true" />
<exclusive-end id="1022" timestamp="2019-08-08T07:22:13.164" durationms="31.983" />

<exclusive-start id="1023" timestamp="2019-08-08T07:22:13.218" intervalms="85.587">
  <response-info timems="0.053" idlems="0.053" threads="0" lastid="0000000000996F00" lastname="main" />
</exclusive-start>
<af-start id="1024" threadId="0000000000997888" totalBytesRequested="24" timestamp="2019-08-08T07:22:13.218" intervalms="85.586" />
<cycle-start id="1025" type="global" contextid="0" timestamp="2019-08-08T07:22:13.218" intervalms="85.586" />
<gc-start id="1026" type="global" contextid="1025" timestamp="2019-08-08T07:22:13.218">
  <mem-info id="1027" free="521216" total="26083328" percent="1">
    <mem type="tenure" free="521216" total="26083328" percent="1">
      <mem type="soa" free="0" total="25562112" percent="0" />
      <mem type="loa" free="521216" total="521216" percent="100" />
    </mem>
  </mem-info>
</gc-start>
<allocation-stats totalBytes="19315080" >
  <allocated-bytes non-tlh="1002408" tlh="18312672" />
  <largest-consumer threadName="main" threadId="0000000000996F00" bytes="19315080" />
</allocation-stats>
<gc-op id="1028" type="mark" timems="5.119" contextid="1025" timestamp="2019-08-08T07:22:13.223">
  <trace-info objectcount="116349" scancount="97264" scanbytes="3287436" />
  <finalization candidates="80" enqueued="0" />
  <ownableSynchronizers candidates="21" cleared="0" />
  <references type="soft" candidates="1927" cleared="0" enqueued="0" dynamicThreshold="24" maxThreshold="32" />
  <references type="weak" candidates="5407" cleared="0" enqueued="0" />
  <references type="phantom" candidates="97" cleared="0" enqueued="0" />
  <stringconstants candidates="12587" cleared="0"  />
</gc-op>
<gc-op id="1029" type="sweep" timems="1.454" contextid="1025" timestamp="2019-08-08T07:22:13.224" />
<mem-info id="1030" free="19635520" total="26083328" percent="75">
  <mem type="tenure" free="19635520" total="26083328" percent="75" micro-fragmented="152013">
    <mem type="soa" free="19114304" total="25562112" percent="74" />
    <mem type="loa" free="521216" total="521216" percent="100" />
  </mem>
</mem-info>
<gc-op id="1031" type="compact" timems="18.004" contextid="1025" timestamp="2019-08-08T07:22:13.242">
  <compact-info movecount="47404" movebytes="2391696" reason="compact to aid heap contraction" />
</gc-op>
<heap-resize id="1032" type="expand" space="tenure" amount="327680" count="1" timems="0.018" reason="satisfy allocation request" timestamp="2019-08-08T07:22:13.243" />
<gc-end id="1033" type="global" contextid="1025" durationms="25.461" usertimems="72.181" systemtimems="0.000" timestamp="2019-08-08T07:22:13.243" activeThreads="16">
  <mem-info id="1034" free="20137808" total="26411008" percent="76">
    <mem type="tenure" free="20137808" total="26411008" percent="76">
      <mem type="soa" free="19610448" total="25883648" percent="75" />
      <mem type="loa" free="527360" total="527360" percent="100" />
    </mem>
  </mem-info>
</gc-end>
<cycle-end id="1035" type="global" contextid="1025" timestamp="2019-08-08T07:22:13.243" />
  <attribute name="elasticGC enabled" value="1" />
  <attribute name= "numThreadsSpecified" value="16" />
  <attribute name="heapSize specified" value="26083328" />
  <attribute name="Current GC Util" value="68" />
  <attribute name= "Current Time Running" value="100853" />
  <attribute name ="GC Interval" value="0" />
  <attribute name="Target GC Util Change" value ="80.000000" />
  <attribute name="Current GC Util Change" value="68.000000"/>
  <attribute name="Current Error" value="-55.000000" />
  <attribute name="Output H" value="26385792"/>
  <attribute name="Output I" value="1728"/>
  <attribute name="Output T" value="16"/>
  <attribute name= "Current Time Running" value="100853" />
  <attribute name="GC Util currently" value="68" />
  <attribute name="CPU Util currently" value="63933850234" />
<allocation-satisfied id="1036" threadId="0000000000996F00" bytesRequested="24" />
<af-end id="1037" timestamp="2019-08-08T07:22:13.243" threadId="0000000000997888" success="true" />
<exclusive-end id="1038" timestamp="2019-08-08T07:22:13.243" durationms="25.625" />

<exclusive-start id="1039" timestamp="2019-08-08T07:22:13.287" intervalms="69.404">
  <response-info timems="0.073" idlems="0.073" threads="0" lastid="0000000000996F00" lastname="main" />
</exclusive-start>
<af-start id="1040" threadId="0000000000997888" totalBytesRequested="32" timestamp="2019-08-08T07:22:13.287" intervalms="69.417" />
<cycle-start id="1041" type="global" contextid="0" timestamp="2019-08-08T07:22:13.287" intervalms="69.425" />
<gc-start id="1042" type="global" contextid="1041" timestamp="2019-08-08T07:22:13.287">
  <mem-info id="1043" free="527360" total="26411008" percent="1">
    <mem type="tenure" free="527360" total="26411008" percent="1">
      <mem type="soa" free="0" total="25883648" percent="0" />
      <mem type="loa" free="527360" total="527360" percent="100" />
    </mem>
  </mem-info>
</gc-start>
<allocation-stats totalBytes="19674008" >
  <allocated-bytes non-tlh="201168" tlh="19472840" />
  <largest-consumer threadName="main" threadId="0000000000996F00" bytes="19674008" />
</allocation-stats>
<gc-op id="1044" type="mark" timems="5.292" contextid="1041" timestamp="2019-08-08T07:22:13.292">
  <trace-info objectcount="120589" scancount="101162" scanbytes="3452072" />
  <finalization candidates="80" enqueued="0" />
  <ownableSynchronizers candidates="21" cleared="0" />
  <references type="soft" candidates="1928" cleared="0" enqueued="0" dynamicThreshold="24" maxThreshold="32" />
  <references type="weak" candidates="5415" cleared="0" enqueued="0" />
  <references type="phantom" candidates="97" cleared="0" enqueued="0" />
  <stringconstants candidates="12610" cleared="0"  />
</gc-op>
<gc-op id="1045" type="sweep" timems="1.659" contextid="1041" timestamp="2019-08-08T07:22:13.294" />
<mem-info id="1046" free="19591256" total="26411008" percent="74">
  <mem type="tenure" free="19591256" total="26411008" percent="74" micro-fragmented="113457">
    <mem type="soa" free="19063896" total="25883648" percent="73" />
    <mem type="loa" free="527360" total="527360" percent="100" />
  </mem>
</mem-info>
<gc-op id="1047" type="compact" timems="16.933" contextid="1041" timestamp="2019-08-08T07:22:13.311">
  <compact-info movecount="51563" movebytes="2610912" reason="compact to aid heap contraction" />
</gc-op>
<heap-resize id="1048" type="expand" space="tenure" amount="327680" count="1" timems="0.021" reason="satisfy allocation request" timestamp="2019-08-08T07:22:13.312" />
<gc-end id="1049" type="global" contextid="1041" durationms="24.649" usertimems="86.691" systemtimems="0.000" timestamp="2019-08-08T07:22:13.312" activeThreads="16">
  <mem-info id="1050" free="20243840" total="26738688" percent="75">
    <mem type="tenure" free="20243840" total="26738688" percent="75">
      <mem type="soa" free="19709312" total="26204160" percent="75" />
      <mem type="loa" free="534528" total="534528" percent="100" />
    </mem>
  </mem-info>
</gc-end>
<cycle-end id="1051" type="global" contextid="1041" timestamp="2019-08-08T07:22:13.312" />
  <attribute name="elasticGC enabled" value="1" />
  <attribute name= "numThreadsSpecified" value="16" />
  <attribute name="heapSize specified" value="26411008" />
  <attribute name="Current GC Util" value="73" />
  <attribute name= "Current Time Running" value="100921" />
  <attribute name ="GC Interval" value="0" />
  <attribute name="Target GC Util Change" value ="80.000000" />
  <attribute name="Current GC Util Change" value="73.000000"/>
  <attribute name="Current Error" value="7.000000" />
  <attribute name="Output H" value="26713752"/>
  <attribute name="Output I" value="2048"/>
  <attribute name="Output T" value="16"/>
  <attribute name= "Current Time Running" value="100921" />
  <attribute name="GC Util currently" value="73" />
  <attribute name="CPU Util currently" value="67941705613" />
<allocation-satisfied id="1052" threadId="0000000000996F00" bytesRequested="32" />
<af-end id="1053" timestamp="2019-08-08T07:22:13.312" threadId="0000000000997888" success="true" />
<exclusive-end id="1054" timestamp="2019-08-08T07:22:13.312" durationms="24.840" />

<exclusive-start id="1055" timestamp="2019-08-08T07:22:13.355" intervalms="68.170">
  <response-info timems="0.057" idlems="0.057" threads="0" lastid="0000000000996F00" lastname="main" />
</exclusive-start>
<af-start id="1056" threadId="0000000000997888" totalBytesRequested="32" timestamp="2019-08-08T07:22:13.355" intervalms="68.159" />
<cycle-start id="1057" type="global" contextid="0" timestamp="2019-08-08T07:22:13.355" intervalms="68.152" />
<gc-start id="1058" type="global" contextid="1057" timestamp="2019-08-08T07:22:13.355">
  <mem-info id="1059" free="534528" total="26738688" percent="1">
    <mem type="tenure" free="534528" total="26738688" percent="1">
      <mem type="soa" free="0" total="26204160" percent="0" />
      <mem type="loa" free="534528" total="534528" percent="100" />
    </mem>
  </mem-info>
</gc-start>
<allocation-stats totalBytes="19772496" >
  <allocated-bytes non-tlh="200672" tlh="19571824" />
  <largest-consumer threadName="main" threadId="0000000000996F00" bytes="19772496" />
</allocation-stats>
<gc-op id="1060" type="mark" timems="4.821" contextid="1057" timestamp="2019-08-08T07:22:13.360">
  <trace-info objectcount="120683" scancount="101176" scanbytes="3435116" />
  <finalization candidates="80" enqueued="0" />
  <ownableSynchronizers candidates="21" cleared="0" />
  <references type="soft" candidates="1929" cleared="0" enqueued="0" dynamicThreshold="24" maxThreshold="32" />
  <references type="weak" candidates="5423" cleared="0" enqueued="0" />
  <references type="phantom" candidates="97" cleared="0" enqueued="0" />
  <stringconstants candidates="12620" cleared="0"  />
</gc-op>
<gc-op id="1061" type="sweep" timems="1.336" contextid="1057" timestamp="2019-08-08T07:22:13.361" />
<mem-info id="1062" free="20009600" total="26738688" percent="74">
  <mem type="tenure" free="20009600" total="26738688" percent="74" micro-fragmented="172636">
    <mem type="soa" free="19475072" total="26204160" percent="74" />
    <mem type="loa" free="534528" total="534528" percent="100" />
  </mem>
</mem-info>
<gc-op id="1063" type="compact" timems="10.467" contextid="1057" timestamp="2019-08-08T07:22:13.372">
  <compact-info movecount="16097" movebytes="917528" reason="compact to aid heap contraction" />
</gc-op>
<heap-resize id="1064" type="expand" space="tenure" amount="327680" count="1" timems="0.020" reason="satisfy allocation request" timestamp="2019-08-08T07:22:13.372" />
<gc-end id="1065" type="global" contextid="1057" durationms="17.288" usertimems="47.483" systemtimems="0.000" timestamp="2019-08-08T07:22:13.372" activeThreads="16">
  <mem-info id="1066" free="20636088" total="27066368" percent="76">
    <mem type="tenure" free="20636088" total="27066368" percent="76">
      <mem type="soa" free="20095416" total="26525696" percent="75" />
      <mem type="loa" free="540672" total="540672" percent="100" />
    </mem>
  </mem-info>
</gc-end>
<cycle-end id="1067" type="global" contextid="1057" timestamp="2019-08-08T07:22:13.373" />
  <attribute name="elasticGC enabled" value="1" />
  <attribute name= "numThreadsSpecified" value="16" />
  <attribute name="heapSize specified" value="26738688" />
  <attribute name="Current GC Util" value="89" />
  <attribute name= "Current Time Running" value="100982" />
  <attribute name ="GC Interval" value="0" />
  <attribute name="Target GC Util Change" value ="80.000000" />
  <attribute name="Current GC Util Change" value="89.000000"/>
  <attribute name="Current Error" value="-9.000000" />
  <attribute name="Output H" value="27041360"/>
  <attribute name="Output I" value="1968"/>
  <attribute name="Output T" value="16"/>
  <attribute name= "Current Time Running" value="100982" />
  <attribute name="GC Util currently" value="89" />
  <attribute name="CPU Util currently" value="109746848855" />
<allocation-satisfied id="1068" threadId="0000000000996F00" bytesRequested="32" />
<af-end id="1069" timestamp="2019-08-08T07:22:13.373" threadId="0000000000997888" success="true" />
<exclusive-end id="1070" timestamp="2019-08-08T07:22:13.373" durationms="17.450" />

<exclusive-start id="1071" timestamp="2019-08-08T07:22:13.443" intervalms="87.828">
  <response-info timems="0.036" idlems="0.036" threads="0" lastid="0000000000996F00" lastname="main" />
</exclusive-start>
<af-start id="1072" threadId="0000000000997888" totalBytesRequested="56" timestamp="2019-08-08T07:22:13.443" intervalms="87.827" />
<cycle-start id="1073" type="global" contextid="0" timestamp="2019-08-08T07:22:13.443" intervalms="87.826" />
<gc-start id="1074" type="global" contextid="1073" timestamp="2019-08-08T07:22:13.443">
  <mem-info id="1075" free="540672" total="27066368" percent="1">
    <mem type="tenure" free="540672" total="27066368" percent="1">
      <mem type="soa" free="0" total="26525696" percent="0" />
      <mem type="loa" free="540672" total="540672" percent="100" />
    </mem>
  </mem-info>
</gc-start>
<allocation-stats totalBytes="20155176" >
  <allocated-bytes non-tlh="632888" tlh="19522288" />
  <largest-consumer threadName="main" threadId="0000000000996F00" bytes="20155176" />
</allocation-stats>
<gc-op id="1076" type="mark" timems="15.991" contextid="1073" timestamp="2019-08-08T07:22:13.459">
  <trace-info objectcount="125951" scancount="105916" scanbytes="3605796" />
  <finalization candidates="80" enqueued="0" />
  <ownableSynchronizers candidates="21" cleared="0" />
  <references type="soft" candidates="2561" cleared="0" enqueued="0" dynamicThreshold="24" maxThreshold="32" />
  <references type="weak" candidates="5478" cleared="19" enqueued="19" />
  <references type="phantom" candidates="97" cleared="0" enqueued="0" />
  <stringconstants candidates="13132" cleared="4"  />
</gc-op>
<gc-op id="1077" type="classunload" timems="0.441" contextid="1073" timestamp="2019-08-08T07:22:13.459">
  <classunload-info classloadercandidates="55" classloadersunloaded="2" classesunloaded="2" anonymousclassesunloaded="0" quiescems="0.000" setupms="0.428" scanms="0.010" postms="0.003" />
</gc-op>
<gc-op id="1078" type="sweep" timems="3.688" contextid="1073" timestamp="2019-08-08T07:22:13.463" />
<mem-info id="1079" free="20017936" total="27066368" percent="73">
  <mem type="tenure" free="20017936" total="27066368" percent="73" micro-fragmented="254610">
    <mem type="soa" free="19477264" total="26525696" percent="73" />
    <mem type="loa" free="540672" total="540672" percent="100" />
  </mem>
  <pending-finalizers system="0" default="0" reference="19" classloader="0" />
</mem-info>
<gc-op id="1080" type="compact" timems="20.094" contextid="1073" timestamp="2019-08-08T07:22:13.483">
  <compact-info movecount="57046" movebytes="2807024" reason="compact to aid heap contraction" />
</gc-op>
<heap-resize id="1081" type="expand" space="tenure" amount="327680" count="1" timems="0.020" reason="satisfy allocation request" timestamp="2019-08-08T07:22:13.484" />
<gc-end id="1082" type="global" contextid="1073" durationms="41.029" usertimems="63.084" systemtimems="0.000" timestamp="2019-08-08T07:22:13.484" activeThreads="16">
  <mem-info id="1083" free="20706712" total="27394048" percent="75">
    <mem type="tenure" free="20706712" total="27394048" percent="75">
      <mem type="soa" free="20158872" total="26846208" percent="75" />
      <mem type="loa" free="547840" total="547840" percent="100" />
    </mem>
    <pending-finalizers system="0" default="0" reference="19" classloader="0" />
  </mem-info>
</gc-end>
<cycle-end id="1084" type="global" contextid="1073" timestamp="2019-08-08T07:22:13.484" />
  <attribute name="elasticGC enabled" value="1" />
  <attribute name= "numThreadsSpecified" value="16" />
  <attribute name="heapSize specified" value="27066368" />
  <attribute name="Current GC Util" value="65" />
  <attribute name= "Current Time Running" value="101094" />
  <attribute name ="GC Interval" value="0" />
  <attribute name="Target GC Util Change" value ="80.000000" />
  <attribute name="Current GC Util Change" value="65.000000"/>
  <attribute name="Current Error" value="13.000000" />
  <attribute name="Output H" value="27369144"/>
  <attribute name="Output I" value="2080"/>
  <attribute name="Output T" value="16"/>
  <attribute name= "Current Time Running" value="101094" />
  <attribute name="GC Util currently" value="65" />
  <attribute name="CPU Util currently" value="57263991755" />
<allocation-satisfied id="1085" threadId="0000000000996F00" bytesRequested="56" />
<af-end id="1086" timestamp="2019-08-08T07:22:13.484" threadId="0000000000997888" success="true" />
<exclusive-end id="1087" timestamp="2019-08-08T07:22:13.484" durationms="41.199" />

<exclusive-start id="1088" timestamp="2019-08-08T07:22:13.715" intervalms="271.655">
  <response-info timems="0.116" idlems="0.116" threads="0" lastid="0000000000996F00" lastname="main" />
</exclusive-start>
<af-start id="1089" threadId="0000000000997888" totalBytesRequested="744" timestamp="2019-08-08T07:22:13.715" intervalms="271.664" />
<cycle-start id="1090" type="global" contextid="0" timestamp="2019-08-08T07:22:13.715" intervalms="271.667" />
<gc-start id="1091" type="global" contextid="1090" timestamp="2019-08-08T07:22:13.715">
  <mem-info id="1092" free="547840" total="27394048" percent="1">
    <mem type="tenure" free="547840" total="27394048" percent="1">
      <mem type="soa" free="0" total="26846208" percent="0" />
      <mem type="loa" free="547840" total="547840" percent="100" />
    </mem>
  </mem-info>
</gc-start>
<allocation-stats totalBytes="20214280" >
  <allocated-bytes non-tlh="3133648" tlh="17080632" />
  <largest-consumer threadName="main" threadId="0000000000996F00" bytes="20214280" />
</allocation-stats>
<heap-resize id="1093" type="loa contract" space="tenure" amount="274432" count="1" timems="0.000" reason="contract underutilized loa" timestamp="2019-08-08T07:22:13.715" />
<gc-op id="1094" type="mark" timems="4.330" contextid="1090" timestamp="2019-08-08T07:22:13.719">
  <trace-info objectcount="126634" scancount="106059" scanbytes="3397376" />
  <finalization candidates="83" enqueued="2" />
  <ownableSynchronizers candidates="21" cleared="0" />
  <references type="soft" candidates="2706" cleared="1" enqueued="1" dynamicThreshold="24" maxThreshold="32" />
  <references type="weak" candidates="5526" cleared="5" enqueued="5" />
  <references type="phantom" candidates="98" cleared="0" enqueued="0" />
  <stringconstants candidates="13328" cleared="12"  />
</gc-op>
<gc-op id="1095" type="sweep" timems="2.943" contextid="1090" timestamp="2019-08-08T07:22:13.722" />
<mem-info id="1096" free="19122472" total="27394048" percent="69">
  <mem type="tenure" free="19122472" total="27394048" percent="69" micro-fragmented="86155">
    <mem type="soa" free="18849064" total="27120640" percent="69" />
    <mem type="loa" free="273408" total="273408" percent="100" />
  </mem>
  <pending-finalizers system="0" default="2" reference="6" classloader="0" />
</mem-info>
<gc-op id="1097" type="compact" timems="36.461" contextid="1090" timestamp="2019-08-08T07:22:13.759">
  <compact-info movecount="123205" movebytes="7921128" reason="compact to aid heap contraction" />
</gc-op>
<heap-resize id="1098" type="expand" space="tenure" amount="327680" count="1" timems="0.020" reason="satisfy allocation request" timestamp="2019-08-08T07:22:13.759" />
<gc-end id="1099" type="global" contextid="1090" durationms="44.543" usertimems="77.369" systemtimems="0.000" timestamp="2019-08-08T07:22:13.759" activeThreads="16">
  <mem-info id="1100" free="19561048" total="27721728" percent="70">
    <mem type="tenure" free="19561048" total="27721728" percent="70">
      <mem type="soa" free="19284568" total="27445248" percent="70" />
      <mem type="loa" free="276480" total="276480" percent="100" />
    </mem>
    <pending-finalizers system="0" default="2" reference="6" classloader="0" />
  </mem-info>
</gc-end>
<cycle-end id="1101" type="global" contextid="1090" timestamp="2019-08-08T07:22:13.759" />
  <attribute name="elasticGC enabled" value="1" />
  <attribute name= "numThreadsSpecified" value="16" />
  <attribute name="heapSize specified" value="27394048" />
  <attribute name="Current GC Util" value="46" />
  <attribute name= "Current Time Running" value="101369" />
  <attribute name ="GC Interval" value="0" />
  <attribute name="Target GC Util Change" value ="80.000000" />
  <attribute name="Current GC Util Change" value="46.000000"/>
  <attribute name="Current Error" value="-161.000000" />
  <attribute name="Output H" value="27696024"/>
  <attribute name="Output I" value="1176"/>
  <attribute name="Output T" value="16"/>
  <attribute name= "Current Time Running" value="101369" />
  <attribute name="GC Util currently" value="46" />
  <attribute name="CPU Util currently" value="31588583680" />
<allocation-satisfied id="1102" threadId="0000000000996F00" bytesRequested="744" />
<af-end id="1103" timestamp="2019-08-08T07:22:13.759" threadId="0000000000997888" success="true" />
<exclusive-end id="1104" timestamp="2019-08-08T07:22:13.759" durationms="44.720" />

<concurrent-kickoff id="1105" timestamp="2019-08-08T07:22:13.973">
  <kickoff reason="threshold reached" targetBytes="4000401" thresholdFreeBytes="545169" remainingFree="514648" tenureFreeBytes="514648" />
</concurrent-kickoff>
<exclusive-start id="1106" timestamp="2019-08-08T07:22:13.974" intervalms="259.388">
  <response-info timems="0.550" idlems="0.307" threads="1" lastid="000000000099AB00" lastname="JIT Compilation Thread-0" />
</exclusive-start>
<cycle-start id="1107" type="global" contextid="0" timestamp="2019-08-08T07:22:13.974" intervalms="259.336" />
<exclusive-end id="1108" timestamp="2019-08-08T07:22:13.974" durationms="0.028" />

<exclusive-start id="1109" timestamp="2019-08-08T07:22:13.977" intervalms="3.178">
  <response-info timems="0.084" idlems="0.084" threads="0" lastid="0000000000996F00" lastname="main" />
</exclusive-start>
<af-start id="1110" threadId="0000000000997888" totalBytesRequested="16" timestamp="2019-08-08T07:22:13.977" intervalms="262.555" />
<concurrent-aborted id="1111" timestamp="2019-08-08T07:22:13.977">
  <reason value="insufficient progress made" />
</concurrent-aborted>
<cycle-end id="1112" type="global" contextid="1107" timestamp="2019-08-08T07:22:13.977" />
  <attribute name="elasticGC enabled" value="1" />
  <attribute name= "numThreadsSpecified" value="16" />
  <attribute name="heapSize specified" value="27394048" />
  <attribute name="Current GC Util" value="46" />
  <attribute name= "Current Time Running" value="101369" />
  <attribute name ="GC Interval" value="0" />
  <attribute name="Target GC Util Change" value ="80.000000" />
  <attribute name="Current GC Util Change" value="46.000000"/>
  <attribute name="Current Error" value="-161.000000" />
  <attribute name="Output H" value="27696024"/>
  <attribute name="Output I" value="1176"/>
  <attribute name="Output T" value="16"/>
  <attribute name= "Current Time Running" value="101369" />
  <attribute name="GC Util currently" value="46" />
  <attribute name="CPU Util currently" value="31588583680" />
<cycle-start id="1113" type="global" contextid="0" timestamp="2019-08-08T07:22:13.977" intervalms="3.235" />
<gc-start id="1114" type="global" contextid="1113" timestamp="2019-08-08T07:22:13.977">
  <mem-info id="1115" free="276480" total="27721728" percent="0">
    <mem type="tenure" free="276480" total="27721728" percent="0">
      <mem type="soa" free="0" total="27445248" percent="0" />
      <mem type="loa" free="276480" total="276480" percent="100" />
    </mem>
  </mem-info>
</gc-start>
<allocation-stats totalBytes="19324920" >
  <allocated-bytes non-tlh="0" tlh="19324920" />
  <largest-consumer threadName="main" threadId="0000000000996F00" bytes="19316728" />
</allocation-stats>
<gc-op id="1116" type="mark" timems="5.449" contextid="1113" timestamp="2019-08-08T07:22:13.983">
  <trace-info objectcount="163528" scancount="137749" scanbytes="4146092" />
  <finalization candidates="81" enqueued="0" />
  <ownableSynchronizers candidates="21" cleared="0" />
  <references type="soft" candidates="2705" cleared="205" enqueued="197" dynamicThreshold="22" maxThreshold="32" />
  <references type="weak" candidates="5520" cleared="0" enqueued="0" />
  <references type="phantom" candidates="98" cleared="0" enqueued="0" />
  <stringconstants candidates="13316" cleared="0"  />
</gc-op>
<gc-op id="1117" type="sweep" timems="2.254" contextid="1113" timestamp="2019-08-08T07:22:13.985" />
<mem-info id="1118" free="18126200" total="27721728" percent="65">
  <mem type="tenure" free="18126200" total="27721728" percent="65" micro-fragmented="84508">
    <mem type="soa" free="17849720" total="27445248" percent="65" />
    <mem type="loa" free="276480" total="276480" percent="100" />
  </mem>
  <pending-finalizers system="0" default="0" reference="197" classloader="0" />
</mem-info>
<gc-op id="1119" type="compact" timems="41.126" contextid="1113" timestamp="2019-08-08T07:22:14.026">
  <compact-info movecount="146300" movebytes="8140528" reason="compact to aid heap contraction" />
</gc-op>
<heap-resize id="1120" type="expand" space="tenure" amount="327680" count="1" timems="0.021" reason="satisfy allocation request" timestamp="2019-08-08T07:22:14.027" />
<gc-end id="1121" type="global" contextid="1113" durationms="49.833" usertimems="115.720" systemtimems="0.000" timestamp="2019-08-08T07:22:14.027" activeThreads="16">
  <mem-info id="1122" free="18993392" total="28049408" percent="67">
    <mem type="tenure" free="18993392" total="28049408" percent="67">
      <mem type="soa" free="18713840" total="27769856" percent="67" />
      <mem type="loa" free="279552" total="279552" percent="100" />
    </mem>
    <pending-finalizers system="0" default="0" reference="197" classloader="0" />
  </mem-info>
</gc-end>
<cycle-end id="1123" type="global" contextid="1113" timestamp="2019-08-08T07:22:14.027" />
  <attribute name="elasticGC enabled" value="1" />
  <attribute name= "numThreadsSpecified" value="16" />
  <attribute name="heapSize specified" value="27721728" />
  <attribute name="Current GC Util" value="81" />
  <attribute name= "Current Time Running" value="101637" />
  <attribute name ="GC Interval" value="0" />
  <attribute name="Target GC Util Change" value ="80.000000" />
  <attribute name="Current GC Util Change" value="81.000000"/>
  <attribute name="Current Error" value="-362.000000" />
  <attribute name="Output H" value="28022768"/>
  <attribute name="Output I" value="200"/>
  <attribute name="Output T" value="16"/>
  <attribute name= "Current Time Running" value="101637" />
  <attribute name="GC Util currently" value="81" />
  <attribute name="CPU Util currently" value="28010793446" />
<allocation-satisfied id="1124" threadId="0000000000996F00" bytesRequested="16" />
<af-end id="1125" timestamp="2019-08-08T07:22:14.027" threadId="0000000000997888" success="true" />
<exclusive-end id="1126" timestamp="2019-08-08T07:22:14.027" durationms="50.022" />

<concurrent-kickoff id="1127" timestamp="2019-08-08T07:22:14.126">
  <kickoff reason="threshold reached" targetBytes="4047688" thresholdFreeBytes="551613" remainingFree="479472" tenureFreeBytes="479472" />
</concurrent-kickoff>
<exclusive-start id="1128" timestamp="2019-08-08T07:22:14.127" intervalms="150.173">
  <response-info timems="1.058" idlems="1.058" threads="0" lastid="0000000000996F00" lastname="main" />
</exclusive-start>
<cycle-start id="1129" type="global" contextid="0" timestamp="2019-08-08T07:22:14.127" intervalms="150.123" />
<exclusive-end id="1130" timestamp="2019-08-08T07:22:14.127" durationms="0.039" />

<exclusive-start id="1131" timestamp="2019-08-08T07:22:14.130" intervalms="2.315">
  <response-info timems="0.058" idlems="0.058" threads="0" lastid="0000000000996F00" lastname="main" />
</exclusive-start>
<af-start id="1132" threadId="0000000000997888" totalBytesRequested="664" timestamp="2019-08-08T07:22:14.130" intervalms="152.489" />
<concurrent-aborted id="1133" timestamp="2019-08-08T07:22:14.130">
  <reason value="insufficient progress made" />
</concurrent-aborted>
<cycle-end id="1134" type="global" contextid="1129" timestamp="2019-08-08T07:22:14.130" />
  <attribute name="elasticGC enabled" value="1" />
  <attribute name= "numThreadsSpecified" value="16" />
  <attribute name="heapSize specified" value="27721728" />
  <attribute name="Current GC Util" value="81" />
  <attribute name= "Current Time Running" value="101637" />
  <attribute name ="GC Interval" value="0" />
  <attribute name="Target GC Util Change" value ="80.000000" />
  <attribute name="Current GC Util Change" value="81.000000"/>
  <attribute name="Current Error" value="-362.000000" />
  <attribute name="Output H" value="28022768"/>
  <attribute name="Output I" value="200"/>
  <attribute name="Output T" value="16"/>
  <attribute name= "Current Time Running" value="101637" />
  <attribute name="GC Util currently" value="81" />
  <attribute name="CPU Util currently" value="28010793446" />
<cycle-start id="1135" type="global" contextid="0" timestamp="2019-08-08T07:22:14.130" intervalms="2.365" />
<gc-start id="1136" type="global" contextid="1135" timestamp="2019-08-08T07:22:14.130">
  <mem-info id="1137" free="279552" total="28049408" percent="0">
    <mem type="tenure" free="279552" total="28049408" percent="0">
      <mem type="soa" free="0" total="27769856" percent="0" />
      <mem type="loa" free="279552" total="279552" percent="100" />
    </mem>
  </mem-info>
</gc-start>
<allocation-stats totalBytes="18755200" >
  <allocated-bytes non-tlh="0" tlh="18755200" />
  <largest-consumer threadName="main" threadId="0000000000996F00" bytes="18755200" />
</allocation-stats>
<gc-op id="1138" type="mark" timems="6.092" contextid="1135" timestamp="2019-08-08T07:22:14.136">
  <trace-info objectcount="199676" scancount="168916" scanbytes="4873252" />
  <finalization candidates="81" enqueued="0" />
  <ownableSynchronizers candidates="21" cleared="0" />
  <references type="soft" candidates="2500" cleared="212" enqueued="207" dynamicThreshold="21" maxThreshold="32" />
  <references type="weak" candidates="5520" cleared="0" enqueued="0" />
  <references type="phantom" candidates="98" cleared="0" enqueued="0" />
  <stringconstants candidates="13316" cleared="22"  />
</gc-op>
<gc-op id="1139" type="sweep" timems="1.437" contextid="1135" timestamp="2019-08-08T07:22:14.138" />
<mem-info id="1140" free="17372616" total="28049408" percent="61">
  <mem type="tenure" free="17372616" total="28049408" percent="61" micro-fragmented="120519">
    <mem type="soa" free="17093064" total="27769856" percent="61" />
    <mem type="loa" free="279552" total="279552" percent="100" />
  </mem>
  <pending-finalizers system="0" default="0" reference="207" classloader="0" />
</mem-info>
<gc-op id="1141" type="compact" timems="45.630" contextid="1135" timestamp="2019-08-08T07:22:14.183">
  <compact-info movecount="182595" movebytes="9020568" reason="compact to aid heap contraction" />
</gc-op>
<heap-resize id="1142" type="expand" space="tenure" amount="327680" count="1" timems="0.029" reason="satisfy allocation request" timestamp="2019-08-08T07:22:14.184" />
<gc-end id="1143" type="global" contextid="1135" durationms="54.261" usertimems="95.988" systemtimems="0.000" timestamp="2019-08-08T07:22:14.184" activeThreads="16">
  <mem-info id="1144" free="18446176" total="28377088" percent="65">
    <mem type="tenure" free="18446176" total="28377088" percent="65">
      <mem type="soa" free="18162528" total="28093440" percent="64" />
      <mem type="loa" free="283648" total="283648" percent="100" />
    </mem>
    <pending-finalizers system="0" default="0" reference="207" classloader="0" />
  </mem-info>
</gc-end>
<cycle-end id="1145" type="global" contextid="1135" timestamp="2019-08-08T07:22:14.184" />
  <attribute name="elasticGC enabled" value="1" />
  <attribute name= "numThreadsSpecified" value="16" />
  <attribute name="heapSize specified" value="28049408" />
  <attribute name="Current GC Util" value="28" />
  <attribute name= "Current Time Running" value="101794" />
  <attribute name ="GC Interval" value="0" />
  <attribute name="Target GC Util Change" value ="80.000000" />
  <attribute name="Current GC Util Change" value="28.000000"/>
  <attribute name="Current Error" value="-59.000000" />
  <attribute name="Output H" value="28351848"/>
  <attribute name="Output I" value="1704"/>
  <attribute name="Output T" value="16"/>
  <attribute name= "Current Time Running" value="101794" />
  <attribute name="GC Util currently" value="28" />
  <attribute name="CPU Util currently" value="25245068122" />
<allocation-satisfied id="1146" threadId="0000000000996F00" bytesRequested="664" />
<af-end id="1147" timestamp="2019-08-08T07:22:14.184" threadId="0000000000997888" success="true" />
<exclusive-end id="1148" timestamp="2019-08-08T07:22:14.184" durationms="54.488" />

<concurrent-kickoff id="1149" timestamp="2019-08-08T07:22:14.239">
  <kickoff reason="threshold reached" targetBytes="4094973" thresholdFreeBytes="558058" remainingFree="452448" tenureFreeBytes="452448" />
</concurrent-kickoff>
<exclusive-start id="1150" timestamp="2019-08-08T07:22:14.239" intervalms="109.619">
  <response-info timems="0.139" idlems="0.139" threads="0" lastid="0000000000996F00" lastname="main" />
</exclusive-start>
<cycle-start id="1151" type="global" contextid="0" timestamp="2019-08-08T07:22:14.239" intervalms="109.549" />
<exclusive-end id="1152" timestamp="2019-08-08T07:22:14.239" durationms="0.014" />

<exclusive-start id="1153" timestamp="2019-08-08T07:22:14.241" intervalms="1.364">
  <response-info timems="0.151" idlems="0.151" threads="0" lastid="0000000000996F00" lastname="main" />
</exclusive-start>
<af-start id="1154" threadId="0000000000997888" totalBytesRequested="648" timestamp="2019-08-08T07:22:14.241" intervalms="110.991" />
<concurrent-aborted id="1155" timestamp="2019-08-08T07:22:14.241">
  <reason value="insufficient progress made" />
</concurrent-aborted>
<cycle-end id="1156" type="global" contextid="1151" timestamp="2019-08-08T07:22:14.241" />
  <attribute name="elasticGC enabled" value="1" />
  <attribute name= "numThreadsSpecified" value="16" />
  <attribute name="heapSize specified" value="28049408" />
  <attribute name="Current GC Util" value="28" />
  <attribute name= "Current Time Running" value="101794" />
  <attribute name ="GC Interval" value="0" />
  <attribute name="Target GC Util Change" value ="80.000000" />
  <attribute name="Current GC Util Change" value="28.000000"/>
  <attribute name="Current Error" value="-59.000000" />
  <attribute name="Output H" value="28351848"/>
  <attribute name="Output I" value="1704"/>
  <attribute name="Output T" value="16"/>
  <attribute name= "Current Time Running" value="101794" />
  <attribute name="GC Util currently" value="28" />
  <attribute name="CPU Util currently" value="25245068122" />
<cycle-start id="1157" type="global" contextid="0" timestamp="2019-08-08T07:22:14.241" intervalms="1.458" />
<gc-start id="1158" type="global" contextid="1157" timestamp="2019-08-08T07:22:14.241">
  <mem-info id="1159" free="283648" total="28377088" percent="0">
    <mem type="tenure" free="283648" total="28377088" percent="0">
      <mem type="soa" free="0" total="28093440" percent="0" />
      <mem type="loa" free="283648" total="283648" percent="100" />
    </mem>
  </mem-info>
</gc-start>
<allocation-stats totalBytes="18207808" >
  <allocated-bytes non-tlh="0" tlh="18207808" />
  <largest-consumer threadName="main" threadId="0000000000996F00" bytes="18203712" />
</allocation-stats>
<gc-op id="1160" type="mark" timems="7.942" contextid="1157" timestamp="2019-08-08T07:22:14.249">
  <trace-info objectcount="235946" scancount="200521" scanbytes="5611028" />
  <finalization candidates="81" enqueued="0" />
  <ownableSynchronizers candidates="21" cleared="0" />
  <references type="soft" candidates="2288" cleared="9" enqueued="9" dynamicThreshold="20" maxThreshold="32" />
  <references type="weak" candidates="5520" cleared="0" enqueued="0" />
  <references type="phantom" candidates="98" cleared="0" enqueued="0" />
  <stringconstants candidates="13294" cleared="63"  />
</gc-op>
<gc-op id="1161" type="sweep" timems="2.189" contextid="1157" timestamp="2019-08-08T07:22:14.251" />
<mem-info id="1162" free="16838320" total="28377088" percent="59">
  <mem type="tenure" free="16838320" total="28377088" percent="59" micro-fragmented="95601">
    <mem type="soa" free="16554672" total="28093440" percent="58" />
    <mem type="loa" free="283648" total="283648" percent="100" />
  </mem>
  <pending-finalizers system="0" default="0" reference="9" classloader="0" />
</mem-info>
<gc-op id="1163" type="compact" timems="51.311" contextid="1157" timestamp="2019-08-08T07:22:14.303">
  <compact-info movecount="208842" movebytes="8897368" reason="compact to aid heap contraction" />
</gc-op>
<heap-resize id="1164" type="expand" space="tenure" amount="327680" count="1" timems="0.024" reason="satisfy allocation request" timestamp="2019-08-08T07:22:14.303" />
<gc-end id="1165" type="global" contextid="1157" durationms="62.399" usertimems="103.521" systemtimems="0.000" timestamp="2019-08-08T07:22:14.303" activeThreads="16">
  <mem-info id="1166" free="17891768" total="28704768" percent="62">
    <mem type="tenure" free="17891768" total="28704768" percent="62">
      <mem type="soa" free="17605048" total="28418048" percent="61" />
      <mem type="loa" free="286720" total="286720" percent="100" />
    </mem>
    <pending-finalizers system="0" default="0" reference="9" classloader="0" />
  </mem-info>
</gc-end>
<cycle-end id="1167" type="global" contextid="1157" timestamp="2019-08-08T07:22:14.303" />
  <attribute name="elasticGC enabled" value="1" />
  <attribute name= "numThreadsSpecified" value="16" />
  <attribute name="heapSize specified" value="28377088" />
  <attribute name="Current GC Util" value="32" />
  <attribute name= "Current Time Running" value="101913" />
  <attribute name ="GC Interval" value="0" />
  <attribute name="Target GC Util Change" value ="80.000000" />
  <attribute name="Current GC Util Change" value="32.000000"/>
  <attribute name="Current Error" value="12.000000" />
  <attribute name="Output H" value="28679856"/>
  <attribute name="Output I" value="2072"/>
  <attribute name="Output T" value="16"/>
  <attribute name= "Current Time Running" value="101913" />
  <attribute name="GC Util currently" value="32" />
  <attribute name="CPU Util currently" value="22448302768" />
<allocation-satisfied id="1168" threadId="0000000000996F00" bytesRequested="648" />
<af-end id="1169" timestamp="2019-08-08T07:22:14.303" threadId="0000000000997888" success="true" />
<exclusive-end id="1170" timestamp="2019-08-08T07:22:14.303" durationms="62.624" />

<concurrent-kickoff id="1171" timestamp="2019-08-08T07:22:14.344">
  <kickoff reason="threshold reached" targetBytes="4142260" thresholdFreeBytes="564501" remainingFree="491952" tenureFreeBytes="491952" />
</concurrent-kickoff>
<exclusive-start id="1172" timestamp="2019-08-08T07:22:14.344" intervalms="103.386">
  <response-info timems="0.044" idlems="0.044" threads="0" lastid="0000000000996F00" lastname="main" />
</exclusive-start>
<cycle-start id="1173" type="global" contextid="0" timestamp="2019-08-08T07:22:14.344" intervalms="103.292" />
<exclusive-end id="1174" timestamp="2019-08-08T07:22:14.344" durationms="0.013" />

<exclusive-start id="1175" timestamp="2019-08-08T07:22:14.345" intervalms="1.020">
  <response-info timems="0.038" idlems="0.038" threads="0" lastid="0000000000996F00" lastname="main" />
</exclusive-start>
<af-start id="1176" threadId="0000000000997888" totalBytesRequested="32" timestamp="2019-08-08T07:22:14.345" intervalms="104.393" />
<concurrent-aborted id="1177" timestamp="2019-08-08T07:22:14.345">
  <reason value="insufficient progress made" />
</concurrent-aborted>
<cycle-end id="1178" type="global" contextid="1173" timestamp="2019-08-08T07:22:14.345" />
  <attribute name="elasticGC enabled" value="1" />
  <attribute name= "numThreadsSpecified" value="16" />
  <attribute name="heapSize specified" value="28377088" />
  <attribute name="Current GC Util" value="32" />
  <attribute name= "Current Time Running" value="101913" />
  <attribute name ="GC Interval" value="0" />
  <attribute name="Target GC Util Change" value ="80.000000" />
  <attribute name="Current GC Util Change" value="32.000000"/>
  <attribute name="Current Error" value="12.000000" />
  <attribute name="Output H" value="28679856"/>
  <attribute name="Output I" value="2072"/>
  <attribute name="Output T" value="16"/>
  <attribute name= "Current Time Running" value="101913" />
  <attribute name="GC Util currently" value="32" />
  <attribute name="CPU Util currently" value="22448302768" />
<cycle-start id="1179" type="global" contextid="0" timestamp="2019-08-08T07:22:14.345" intervalms="1.093" />
<gc-start id="1180" type="global" contextid="1179" timestamp="2019-08-08T07:22:14.345">
  <mem-info id="1181" free="286720" total="28704768" percent="0">
    <mem type="tenure" free="286720" total="28704768" percent="0">
      <mem type="soa" free="0" total="28418048" percent="0" />
      <mem type="loa" free="286720" total="286720" percent="100" />
    </mem>
  </mem-info>
</gc-start>
<allocation-stats totalBytes="17652400" >
  <allocated-bytes non-tlh="65544" tlh="17586856" />
  <largest-consumer threadName="main" threadId="0000000000996F00" bytes="17652400" />
</allocation-stats>
<gc-op id="1182" type="mark" timems="6.318" contextid="1179" timestamp="2019-08-08T07:22:14.351">
  <trace-info objectcount="272309" scancount="231060" scanbytes="6390760" />
  <finalization candidates="81" enqueued="0" />
  <ownableSynchronizers candidates="21" cleared="0" />
  <references type="soft" candidates="2279" cleared="6" enqueued="6" dynamicThreshold="19" maxThreshold="32" />
  <references type="weak" candidates="5520" cleared="0" enqueued="0" />
  <references type="phantom" candidates="98" cleared="0" enqueued="0" />
  <stringconstants candidates="13231" cleared="0"  />
</gc-op>
<gc-op id="1183" type="sweep" timems="1.756" contextid="1179" timestamp="2019-08-08T07:22:14.353" />
<mem-info id="1184" free="16243472" total="28704768" percent="56">
  <mem type="tenure" free="16243472" total="28704768" percent="56" micro-fragmented="108751">
    <mem type="soa" free="15956752" total="28418048" percent="56" />
    <mem type="loa" free="286720" total="286720" percent="100" />
  </mem>
  <pending-finalizers system="0" default="0" reference="6" classloader="0" />
</mem-info>
<gc-op id="1185" type="compact" timems="56.255" contextid="1179" timestamp="2019-08-08T07:22:14.410">
  <compact-info movecount="229409" movebytes="9230200" reason="compact to aid heap contraction" />
</gc-op>
<heap-resize id="1186" type="expand" space="tenure" amount="327680" count="1" timems="0.026" reason="satisfy allocation request" timestamp="2019-08-08T07:22:14.412" />
<gc-end id="1187" type="global" contextid="1179" durationms="66.871" usertimems="116.588" systemtimems="0.000" timestamp="2019-08-08T07:22:14.412" activeThreads="16">
  <mem-info id="1188" free="17246896" total="29032448" percent="59">
    <mem type="tenure" free="17246896" total="29032448" percent="59">
      <mem type="soa" free="16957104" total="28742656" percent="58" />
      <mem type="loa" free="289792" total="289792" percent="100" />
    </mem>
    <pending-finalizers system="0" default="0" reference="6" classloader="0" />
  </mem-info>
</gc-end>
<cycle-end id="1189" type="global" contextid="1179" timestamp="2019-08-08T07:22:14.412" />
  <attribute name="elasticGC enabled" value="1" />
  <attribute name= "numThreadsSpecified" value="16" />
  <attribute name="heapSize specified" value="28704768" />
  <attribute name="Current GC Util" value="24" />
  <attribute name= "Current Time Running" value="102022" />
  <attribute name ="GC Interval" value="0" />
  <attribute name="Target GC Util Change" value ="80.000000" />
  <attribute name="Current GC Util Change" value="24.000000"/>
  <attribute name="Current Error" value="56.000000" />
  <attribute name="Output H" value="29007744"/>
  <attribute name="Output I" value="2304"/>
  <attribute name="Output T" value="16"/>
  <attribute name= "Current Time Running" value="102022" />
  <attribute name="GC Util currently" value="24" />
  <attribute name="CPU Util currently" value="20029056502" />
<allocation-satisfied id="1190" threadId="0000000000996F00" bytesRequested="32" />
<af-end id="1191" timestamp="2019-08-08T07:22:14.412" threadId="0000000000997888" success="true" />
<exclusive-end id="1192" timestamp="2019-08-08T07:22:14.412" durationms="67.088" />

<concurrent-kickoff id="1193" timestamp="2019-08-08T07:22:14.447">
  <kickoff reason="threshold reached" targetBytes="4189545" thresholdFreeBytes="570946" remainingFree="567984" tenureFreeBytes="567984" />
</concurrent-kickoff>
<exclusive-start id="1194" timestamp="2019-08-08T07:22:14.447" intervalms="101.939">
  <response-info timems="0.015" idlems="0.015" threads="0" lastid="0000000000996F00" lastname="main" />
</exclusive-start>
<cycle-start id="1195" type="global" contextid="0" timestamp="2019-08-08T07:22:14.447" intervalms="101.864" />
<exclusive-end id="1196" timestamp="2019-08-08T07:22:14.447" durationms="0.011" />

<exclusive-start id="1197" timestamp="2019-08-08T07:22:14.448" intervalms="1.344">
  <response-info timems="0.027" idlems="0.027" threads="0" lastid="0000000000996F00" lastname="main" />
</exclusive-start>
<af-start id="1198" threadId="0000000000997888" totalBytesRequested="664" timestamp="2019-08-08T07:22:14.448" intervalms="103.280" />
<concurrent-aborted id="1199" timestamp="2019-08-08T07:22:14.448">
  <reason value="insufficient progress made" />
</concurrent-aborted>
<cycle-end id="1200" type="global" contextid="1195" timestamp="2019-08-08T07:22:14.448" />
  <attribute name="elasticGC enabled" value="1" />
  <attribute name= "numThreadsSpecified" value="16" />
  <attribute name="heapSize specified" value="28704768" />
  <attribute name="Current GC Util" value="24" />
  <attribute name= "Current Time Running" value="102022" />
  <attribute name ="GC Interval" value="0" />
  <attribute name="Target GC Util Change" value ="80.000000" />
  <attribute name="Current GC Util Change" value="24.000000"/>
  <attribute name="Current Error" value="56.000000" />
  <attribute name="Output H" value="29007744"/>
  <attribute name="Output I" value="2304"/>
  <attribute name="Output T" value="16"/>
  <attribute name= "Current Time Running" value="102022" />
  <attribute name="GC Util currently" value="24" />
  <attribute name="CPU Util currently" value="20029056502" />
<cycle-start id="1201" type="global" contextid="0" timestamp="2019-08-08T07:22:14.448" intervalms="1.408" />
<gc-start id="1202" type="global" contextid="1201" timestamp="2019-08-08T07:22:14.448">
  <mem-info id="1203" free="289792" total="29032448" percent="0">
    <mem type="tenure" free="289792" total="29032448" percent="0">
      <mem type="soa" free="0" total="28742656" percent="0" />
      <mem type="loa" free="289792" total="289792" percent="100" />
    </mem>
  </mem-info>
</gc-start>
<allocation-stats totalBytes="17006872" >
  <allocated-bytes non-tlh="0" tlh="17006872" />
  <largest-consumer threadName="main" threadId="0000000000996F00" bytes="17006872" />
</allocation-stats>
<gc-op id="1204" type="mark" timems="12.273" contextid="1201" timestamp="2019-08-08T07:22:14.461">
  <trace-info objectcount="308273" scancount="261450" scanbytes="7101416" />
  <finalization candidates="81" enqueued="0" />
  <ownableSynchronizers candidates="21" cleared="0" />
  <references type="soft" candidates="2273" cleared="5" enqueued="5" dynamicThreshold="19" maxThreshold="32" />
  <references type="weak" candidates="5520" cleared="0" enqueued="0" />
  <references type="phantom" candidates="98" cleared="0" enqueued="0" />
  <stringconstants candidates="13231" cleared="0"  />
</gc-op>
<gc-op id="1205" type="sweep" timems="2.104" contextid="1201" timestamp="2019-08-08T07:22:14.463" />
<mem-info id="1206" free="15723440" total="29032448" percent="54">
  <mem type="tenure" free="15723440" total="29032448" percent="54" micro-fragmented="76374">
    <mem type="soa" free="15433648" total="28742656" percent="53" />
    <mem type="loa" free="289792" total="289792" percent="100" />
  </mem>
  <pending-finalizers system="0" default="0" reference="5" classloader="0" />
</mem-info>
<gc-op id="1207" type="compact" timems="52.656" contextid="1201" timestamp="2019-08-08T07:22:14.516">
  <compact-info movecount="223651" movebytes="7909272" reason="compact to aid heap contraction" />
</gc-op>
<heap-resize id="1208" type="expand" space="tenure" amount="327680" count="1" timems="0.023" reason="satisfy allocation request" timestamp="2019-08-08T07:22:14.517" />
<gc-end id="1209" type="global" contextid="1201" durationms="68.138" usertimems="134.787" systemtimems="0.000" timestamp="2019-08-08T07:22:14.517" activeThreads="16">
  <mem-info id="1210" free="16691504" total="29360128" percent="56">
    <mem type="tenure" free="16691504" total="29360128" percent="56">
      <mem type="soa" free="16398640" total="29067264" percent="56" />
      <mem type="loa" free="292864" total="292864" percent="100" />
    </mem>
    <pending-finalizers system="0" default="0" reference="5" classloader="0" />
  </mem-info>
</gc-end>
<cycle-end id="1211" type="global" contextid="1201" timestamp="2019-08-08T07:22:14.517" />
  <attribute name="elasticGC enabled" value="1" />
  <attribute name= "numThreadsSpecified" value="16" />
  <attribute name="heapSize specified" value="29032448" />
  <attribute name="Current GC Util" value="117" />
  <attribute name= "Current Time Running" value="102126" />
  <attribute name ="GC Interval" value="0" />
  <attribute name="Target GC Util Change" value ="80.000000" />
  <attribute name="Current GC Util Change" value="117.000000"/>
  <attribute name="Current Error" value="-669.000000" />
  <attribute name="Output H" value="29332072"/>
  <attribute name="Output I" value="200"/>
  <attribute name="Output T" value="16"/>
  <attribute name= "Current Time Running" value="102126" />
  <attribute name="GC Util currently" value="117" />
  <attribute name="CPU Util currently" value="21872146118" />
<allocation-satisfied id="1212" threadId="0000000000996F00" bytesRequested="664" />
<af-end id="1213" timestamp="2019-08-08T07:22:14.517" threadId="0000000000997888" success="true" />
<exclusive-end id="1214" timestamp="2019-08-08T07:22:14.517" durationms="68.319" />

<concurrent-kickoff id="1215" timestamp="2019-08-08T07:22:14.548">
  <kickoff reason="threshold reached" targetBytes="4236831" thresholdFreeBytes="577390" remainingFree="536880" tenureFreeBytes="536880" />
</concurrent-kickoff>
<exclusive-start id="1216" timestamp="2019-08-08T07:22:14.548" intervalms="99.718">
  <response-info timems="0.013" idlems="0.013" threads="0" lastid="0000000000996F00" lastname="main" />
</exclusive-start>
<cycle-start id="1217" type="global" contextid="0" timestamp="2019-08-08T07:22:14.548" intervalms="99.655" />
<exclusive-end id="1218" timestamp="2019-08-08T07:22:14.548" durationms="0.012" />

<exclusive-start id="1219" timestamp="2019-08-08T07:22:14.549" intervalms="1.073">
  <response-info timems="0.021" idlems="0.021" threads="0" lastid="0000000000996F00" lastname="main" />
</exclusive-start>
<af-start id="1220" threadId="0000000000997888" totalBytesRequested="72" timestamp="2019-08-08T07:22:14.549" intervalms="100.788" />
<concurrent-aborted id="1221" timestamp="2019-08-08T07:22:14.549">
  <reason value="insufficient progress made" />
</concurrent-aborted>
<cycle-end id="1222" type="global" contextid="1217" timestamp="2019-08-08T07:22:14.549" />
  <attribute name="elasticGC enabled" value="1" />
  <attribute name= "numThreadsSpecified" value="16" />
  <attribute name="heapSize specified" value="29032448" />
  <attribute name="Current GC Util" value="117" />
  <attribute name= "Current Time Running" value="102126" />
  <attribute name ="GC Interval" value="0" />
  <attribute name="Target GC Util Change" value ="80.000000" />
  <attribute name="Current GC Util Change" value="117.000000"/>
  <attribute name="Current Error" value="-669.000000" />
  <attribute name="Output H" value="29332072"/>
  <attribute name="Output I" value="200"/>
  <attribute name="Output T" value="16"/>
  <attribute name= "Current Time Running" value="102126" />
  <attribute name="GC Util currently" value="117" />
  <attribute name="CPU Util currently" value="21872146118" />
<cycle-start id="1223" type="global" contextid="0" timestamp="2019-08-08T07:22:14.549" intervalms="1.132" />
<gc-start id="1224" type="global" contextid="1223" timestamp="2019-08-08T07:22:14.549">
  <mem-info id="1225" free="292864" total="29360128" percent="0">
    <mem type="tenure" free="292864" total="29360128" percent="0">
      <mem type="soa" free="0" total="29067264" percent="0" />
      <mem type="loa" free="292864" total="292864" percent="100" />
    </mem>
  </mem-info>
</gc-start>
<allocation-stats totalBytes="16444512" >
  <allocated-bytes non-tlh="0" tlh="16444512" />
  <largest-consumer threadName="main" threadId="0000000000996F00" bytes="16444512" />
</allocation-stats>
<gc-op id="1226" type="mark" timems="8.013" contextid="1223" timestamp="2019-08-08T07:22:14.557">
  <trace-info objectcount="341821" scancount="289926" scanbytes="7766932" />
  <finalization candidates="81" enqueued="0" />
  <ownableSynchronizers candidates="21" cleared="0" />
  <references type="soft" candidates="2268" cleared="20" enqueued="20" dynamicThreshold="18" maxThreshold="32" />
  <references type="weak" candidates="5520" cleared="0" enqueued="0" />
  <references type="phantom" candidates="98" cleared="0" enqueued="0" />
  <stringconstants candidates="13231" cleared="0"  />
</gc-op>
<gc-op id="1227" type="sweep" timems="2.203" contextid="1223" timestamp="2019-08-08T07:22:14.560" />
<mem-info id="1228" free="15272664" total="29360128" percent="52">
  <mem type="tenure" free="15272664" total="29360128" percent="52" micro-fragmented="71413">
    <mem type="soa" free="14979800" total="29067264" percent="51" />
    <mem type="loa" free="292864" total="292864" percent="100" />
  </mem>
  <pending-finalizers system="0" default="0" reference="20" classloader="0" />
</mem-info>
<gc-op id="1229" type="compact" timems="64.352" contextid="1223" timestamp="2019-08-08T07:22:14.624">
  <compact-info movecount="276634" movebytes="9751944" reason="compact to aid heap contraction" />
</gc-op>
<heap-resize id="1230" type="expand" space="tenure" amount="327680" count="1" timems="0.022" reason="satisfy allocation request" timestamp="2019-08-08T07:22:14.625" />
<gc-end id="1231" type="global" contextid="1223" durationms="75.620" usertimems="133.616" systemtimems="0.000" timestamp="2019-08-08T07:22:14.625" activeThreads="16">
  <mem-info id="1232" free="16199488" total="29687808" percent="54">
    <mem type="tenure" free="16199488" total="29687808" percent="54">
      <mem type="soa" free="15903552" total="29391872" percent="54" />
      <mem type="loa" free="295936" total="295936" percent="100" />
    </mem>
    <pending-finalizers system="0" default="0" reference="20" classloader="0" />
  </mem-info>
</gc-end>
<cycle-end id="1233" type="global" contextid="1223" timestamp="2019-08-08T07:22:14.625" />
  <attribute name="elasticGC enabled" value="1" />
  <attribute name= "numThreadsSpecified" value="16" />
  <attribute name="heapSize specified" value="29360128" />
  <attribute name="Current GC Util" value="37" />
  <attribute name= "Current Time Running" value="102235" />
  <attribute name ="GC Interval" value="0" />
  <attribute name="Target GC Util Change" value ="80.000000" />
  <attribute name="Current GC Util Change" value="37.000000"/>
  <attribute name="Current Error" value="-399.000000" />
  <attribute name="Output H" value="29661000"/>
  <attribute name="Output I" value="200"/>
  <attribute name="Output T" value="16"/>
  <attribute name= "Current Time Running" value="102235" />
  <attribute name="GC Util currently" value="37" />
  <attribute name="CPU Util currently" value="17903655929" />
<allocation-satisfied id="1234" threadId="0000000000996F00" bytesRequested="72" />
<af-end id="1235" timestamp="2019-08-08T07:22:14.625" threadId="0000000000997888" success="true" />
<exclusive-end id="1236" timestamp="2019-08-08T07:22:14.625" durationms="75.830" />

<concurrent-kickoff id="1237" timestamp="2019-08-08T07:22:14.656">
  <kickoff reason="threshold reached" targetBytes="4284118" thresholdFreeBytes="583834" remainingFree="569152" tenureFreeBytes="569152" />
</concurrent-kickoff>
<exclusive-start id="1238" timestamp="2019-08-08T07:22:14.656" intervalms="106.677">
  <response-info timems="0.017" idlems="0.017" threads="0" lastid="0000000000996F00" lastname="main" />
</exclusive-start>
<cycle-start id="1239" type="global" contextid="0" timestamp="2019-08-08T07:22:14.656" intervalms="106.618" />
<exclusive-end id="1240" timestamp="2019-08-08T07:22:14.656" durationms="0.011" />

<exclusive-start id="1241" timestamp="2019-08-08T07:22:14.657" intervalms="1.145">
  <response-info timems="0.045" idlems="0.045" threads="0" lastid="0000000000996F00" lastname="main" />
</exclusive-start>
<af-start id="1242" threadId="0000000000997888" totalBytesRequested="32" timestamp="2019-08-08T07:22:14.657" intervalms="107.821" />
<concurrent-aborted id="1243" timestamp="2019-08-08T07:22:14.657">
  <reason value="insufficient progress made" />
</concurrent-aborted>
<cycle-end id="1244" type="global" contextid="1239" timestamp="2019-08-08T07:22:14.657" />
  <attribute name="elasticGC enabled" value="1" />
  <attribute name= "numThreadsSpecified" value="16" />
  <attribute name="heapSize specified" value="29360128" />
  <attribute name="Current GC Util" value="37" />
  <attribute name= "Current Time Running" value="102235" />
  <attribute name ="GC Interval" value="0" />
  <attribute name="Target GC Util Change" value ="80.000000" />
  <attribute name="Current GC Util Change" value="37.000000"/>
  <attribute name="Current Error" value="-399.000000" />
  <attribute name="Output H" value="29661000"/>
  <attribute name="Output I" value="200"/>
  <attribute name="Output T" value="16"/>
  <attribute name= "Current Time Running" value="102235" />
  <attribute name="GC Util currently" value="37" />
  <attribute name="CPU Util currently" value="17903655929" />
<cycle-start id="1245" type="global" contextid="0" timestamp="2019-08-08T07:22:14.657" intervalms="1.204" />
<gc-start id="1246" type="global" contextid="1245" timestamp="2019-08-08T07:22:14.657">
  <mem-info id="1247" free="295936" total="29687808" percent="0">
    <mem type="tenure" free="295936" total="29687808" percent="0">
      <mem type="soa" free="0" total="29391872" percent="0" />
      <mem type="loa" free="295936" total="295936" percent="100" />
    </mem>
  </mem-info>
</gc-start>
<allocation-stats totalBytes="15951848" >
  <allocated-bytes non-tlh="0" tlh="15951848" />
  <largest-consumer threadName="main" threadId="0000000000996F00" bytes="15951848" />
</allocation-stats>
<gc-op id="1248" type="mark" timems="9.073" contextid="1245" timestamp="2019-08-08T07:22:14.666">
  <trace-info objectcount="374310" scancount="317687" scanbytes="8414704" />
  <finalization candidates="81" enqueued="0" />
  <ownableSynchronizers candidates="21" cleared="0" />
  <references type="soft" candidates="2248" cleared="25" enqueued="25" dynamicThreshold="17" maxThreshold="32" />
  <references type="weak" candidates="5520" cleared="0" enqueued="0" />
  <references type="phantom" candidates="98" cleared="0" enqueued="0" />
  <stringconstants candidates="13231" cleared="0"  />
</gc-op>
<gc-op id="1249" type="sweep" timems="2.118" contextid="1245" timestamp="2019-08-08T07:22:14.669" />
<mem-info id="1250" free="14854192" total="29687808" percent="50">
  <mem type="tenure" free="14854192" total="29687808" percent="50" micro-fragmented="60746">
    <mem type="soa" free="14558256" total="29391872" percent="49" />
    <mem type="loa" free="295936" total="295936" percent="100" />
  </mem>
  <pending-finalizers system="0" default="0" reference="25" classloader="0" />
</mem-info>
<gc-op id="1251" type="compact" timems="75.474" contextid="1245" timestamp="2019-08-08T07:22:14.744">
  <compact-info movecount="336363" movebytes="11985184" reason="compact to aid heap contraction" />
</gc-op>
<heap-resize id="1252" type="expand" space="tenure" amount="327680" count="1" timems="0.021" reason="satisfy allocation request" timestamp="2019-08-08T07:22:14.745" />
<gc-end id="1253" type="global" contextid="1245" durationms="88.100" usertimems="134.867" systemtimems="0.000" timestamp="2019-08-08T07:22:14.745" activeThreads="16">
  <mem-info id="1254" free="15736920" total="30015488" percent="52">
    <mem type="tenure" free="15736920" total="30015488" percent="52">
      <mem type="soa" free="15436888" total="29715456" percent="51" />
      <mem type="loa" free="300032" total="300032" percent="100" />
    </mem>
    <pending-finalizers system="0" default="0" reference="25" classloader="0" />
  </mem-info>
</gc-end>
<cycle-end id="1255" type="global" contextid="1245" timestamp="2019-08-08T07:22:14.745" />
  <attribute name="elasticGC enabled" value="1" />
  <attribute name= "numThreadsSpecified" value="16" />
  <attribute name="heapSize specified" value="29687808" />
  <attribute name="Current GC Util" value="19" />
  <attribute name= "Current Time Running" value="102355" />
  <attribute name ="GC Interval" value="0" />
  <attribute name="Target GC Util Change" value ="80.000000" />
  <attribute name="Current GC Util Change" value="19.000000"/>
  <attribute name="Current Error" value="-338.000000" />
  <attribute name="Output H" value="29988960"/>
  <attribute name="Output I" value="256"/>
  <attribute name="Output T" value="16"/>
  <attribute name= "Current Time Running" value="102355" />
  <attribute name="GC Util currently" value="19" />
  <attribute name="CPU Util currently" value="15268681489" />
<allocation-satisfied id="1256" threadId="0000000000996F00" bytesRequested="32" />
<af-end id="1257" timestamp="2019-08-08T07:22:14.745" threadId="0000000000997888" success="true" />
<exclusive-end id="1258" timestamp="2019-08-08T07:22:14.745" durationms="88.266" />

<concurrent-kickoff id="1259" timestamp="2019-08-08T07:22:14.775">
  <kickoff reason="threshold reached" targetBytes="4331404" thresholdFreeBytes="590278" remainingFree="499800" tenureFreeBytes="499800" />
</concurrent-kickoff>
<exclusive-start id="1260" timestamp="2019-08-08T07:22:14.775" intervalms="118.317">
  <response-info timems="0.018" idlems="0.018" threads="0" lastid="0000000000996F00" lastname="main" />
</exclusive-start>
<cycle-start id="1261" type="global" contextid="0" timestamp="2019-08-08T07:22:14.775" intervalms="118.258" />
<exclusive-end id="1262" timestamp="2019-08-08T07:22:14.775" durationms="0.012" />

<exclusive-start id="1263" timestamp="2019-08-08T07:22:14.776" intervalms="1.111">
  <response-info timems="0.028" idlems="0.028" threads="0" lastid="0000000000996F00" lastname="main" />
</exclusive-start>
<af-start id="1264" threadId="0000000000997888" totalBytesRequested="40" timestamp="2019-08-08T07:22:14.776" intervalms="119.432" />
<concurrent-aborted id="1265" timestamp="2019-08-08T07:22:14.776">
  <reason value="insufficient progress made" />
</concurrent-aborted>
<cycle-end id="1266" type="global" contextid="1261" timestamp="2019-08-08T07:22:14.776" />
  <attribute name="elasticGC enabled" value="1" />
  <attribute name= "numThreadsSpecified" value="16" />
  <attribute name="heapSize specified" value="29687808" />
  <attribute name="Current GC Util" value="19" />
  <attribute name= "Current Time Running" value="102355" />
  <attribute name ="GC Interval" value="0" />
  <attribute name="Target GC Util Change" value ="80.000000" />
  <attribute name="Current GC Util Change" value="19.000000"/>
  <attribute name="Current Error" value="-338.000000" />
  <attribute name="Output H" value="29988960"/>
  <attribute name="Output I" value="256"/>
  <attribute name="Output T" value="16"/>
  <attribute name= "Current Time Running" value="102355" />
  <attribute name="GC Util currently" value="19" />
  <attribute name="CPU Util currently" value="15268681489" />
<cycle-start id="1267" type="global" contextid="0" timestamp="2019-08-08T07:22:14.776" intervalms="1.174" />
<gc-start id="1268" type="global" contextid="1267" timestamp="2019-08-08T07:22:14.776">
  <mem-info id="1269" free="300032" total="30015488" percent="0">
    <mem type="tenure" free="300032" total="30015488" percent="0">
      <mem type="soa" free="0" total="29715456" percent="0" />
      <mem type="loa" free="300032" total="300032" percent="100" />
    </mem>
  </mem-info>
</gc-start>
<allocation-stats totalBytes="15485288" >
  <allocated-bytes non-tlh="0" tlh="15485288" />
  <largest-consumer threadName="main" threadId="0000000000996F00" bytes="15485288" />
</allocation-stats>
<gc-op id="1270" type="mark" timems="7.556" contextid="1267" timestamp="2019-08-08T07:22:14.784">
  <trace-info objectcount="405435" scancount="344282" scanbytes="9036872" />
  <finalization candidates="81" enqueued="0" />
  <ownableSynchronizers candidates="21" cleared="0" />
  <references type="soft" candidates="2223" cleared="3" enqueued="3" dynamicThreshold="16" maxThreshold="32" />
  <references type="weak" candidates="5520" cleared="0" enqueued="0" />
  <references type="phantom" candidates="98" cleared="0" enqueued="0" />
  <stringconstants candidates="13231" cleared="3"  />
</gc-op>
<gc-op id="1271" type="sweep" timems="2.083" contextid="1267" timestamp="2019-08-08T07:22:14.786" />
<mem-info id="1272" free="14422808" total="30015488" percent="48">
  <mem type="tenure" free="14422808" total="30015488" percent="48" micro-fragmented="62334">
    <mem type="soa" free="14122776" total="29715456" percent="47" />
    <mem type="loa" free="300032" total="300032" percent="100" />
  </mem>
  <pending-finalizers system="0" default="0" reference="3" classloader="0" />
</mem-info>
<gc-op id="1273" type="compact" timems="83.148" contextid="1267" timestamp="2019-08-08T07:22:14.869">
  <compact-info movecount="367488" movebytes="12739256" reason="compact to aid heap contraction" />
</gc-op>
<heap-resize id="1274" type="expand" space="tenure" amount="327680" count="1" timems="0.022" reason="satisfy allocation request" timestamp="2019-08-08T07:22:14.870" />
<gc-end id="1275" type="global" contextid="1267" durationms="93.809" usertimems="134.930" systemtimems="0.000" timestamp="2019-08-08T07:22:14.870" activeThreads="16">
  <mem-info id="1276" free="15310528" total="30343168" percent="50">
    <mem type="tenure" free="15310528" total="30343168" percent="50">
      <mem type="soa" free="15007424" total="30040064" percent="49" />
      <mem type="loa" free="303104" total="303104" percent="100" />
    </mem>
    <pending-finalizers system="0" default="0" reference="3" classloader="0" />
  </mem-info>
</gc-end>
<cycle-end id="1277" type="global" contextid="1267" timestamp="2019-08-08T07:22:14.870" />
  <attribute name="elasticGC enabled" value="1" />
  <attribute name= "numThreadsSpecified" value="16" />
  <attribute name="heapSize specified" value="30015488" />
  <attribute name="Current GC Util" value="17" />
  <attribute name= "Current Time Running" value="102480" />
  <attribute name ="GC Interval" value="0" />
  <attribute name="Target GC Util Change" value ="80.000000" />
  <attribute name="Current GC Util Change" value="17.000000"/>
  <attribute name="Current Error" value="-17.000000" />
  <attribute name="Output H" value="30318128"/>
  <attribute name="Output I" value="1920"/>
  <attribute name="Output T" value="16"/>
  <attribute name= "Current Time Running" value="102480" />
  <attribute name="GC Util currently" value="17" />
  <attribute name="CPU Util currently" value="13859603286" />
<allocation-satisfied id="1278" threadId="0000000000996F00" bytesRequested="40" />
<af-end id="1279" timestamp="2019-08-08T07:22:14.870" threadId="0000000000997888" success="true" />
<exclusive-end id="1280" timestamp="2019-08-08T07:22:14.870" durationms="93.979" />

<concurrent-kickoff id="1281" timestamp="2019-08-08T07:22:14.901">
  <kickoff reason="threshold reached" targetBytes="4378689" thresholdFreeBytes="596722" remainingFree="466608" tenureFreeBytes="466608" />
</concurrent-kickoff>
<exclusive-start id="1282" timestamp="2019-08-08T07:22:14.901" intervalms="124.839">
  <response-info timems="0.017" idlems="0.017" threads="0" lastid="0000000000996F00" lastname="main" />
</exclusive-start>
<cycle-start id="1283" type="global" contextid="0" timestamp="2019-08-08T07:22:14.901" intervalms="124.776" />
<exclusive-end id="1284" timestamp="2019-08-08T07:22:14.901" durationms="0.011" />

<exclusive-start id="1285" timestamp="2019-08-08T07:22:14.902" intervalms="0.970">
  <response-info timems="0.060" idlems="0.060" threads="0" lastid="0000000000996F00" lastname="main" />
</exclusive-start>
<af-start id="1286" threadId="0000000000997888" totalBytesRequested="56" timestamp="2019-08-08T07:22:14.902" intervalms="125.813" />
<concurrent-aborted id="1287" timestamp="2019-08-08T07:22:14.902">
  <reason value="insufficient progress made" />
</concurrent-aborted>
<cycle-end id="1288" type="global" contextid="1283" timestamp="2019-08-08T07:22:14.902" />
  <attribute name="elasticGC enabled" value="1" />
  <attribute name= "numThreadsSpecified" value="16" />
  <attribute name="heapSize specified" value="30015488" />
  <attribute name="Current GC Util" value="17" />
  <attribute name= "Current Time Running" value="102480" />
  <attribute name ="GC Interval" value="0" />
  <attribute name="Target GC Util Change" value ="80.000000" />
  <attribute name="Current GC Util Change" value="17.000000"/>
  <attribute name="Current Error" value="-17.000000" />
  <attribute name="Output H" value="30318128"/>
  <attribute name="Output I" value="1920"/>
  <attribute name="Output T" value="16"/>
  <attribute name= "Current Time Running" value="102480" />
  <attribute name="GC Util currently" value="17" />
  <attribute name="CPU Util currently" value="13859603286" />
<cycle-start id="1289" type="global" contextid="0" timestamp="2019-08-08T07:22:14.902" intervalms="1.047" />
<gc-start id="1290" type="global" contextid="1289" timestamp="2019-08-08T07:22:14.902">
  <mem-info id="1291" free="303104" total="30343168" percent="0">
    <mem type="tenure" free="303104" total="30343168" percent="0">
      <mem type="soa" free="0" total="30040064" percent="0" />
      <mem type="loa" free="303104" total="303104" percent="100" />
    </mem>
  </mem-info>
</gc-start>
<allocation-stats totalBytes="15058672" >
  <allocated-bytes non-tlh="262160" tlh="14796512" />
  <largest-consumer threadName="main" threadId="0000000000996F00" bytes="15058672" />
</allocation-stats>
<gc-op id="1292" type="mark" timems="10.121" contextid="1289" timestamp="2019-08-08T07:22:14.912">
  <trace-info objectcount="436221" scancount="369651" scanbytes="9761912" />
  <finalization candidates="81" enqueued="0" />
  <ownableSynchronizers candidates="21" cleared="0" />
  <references type="soft" candidates="2220" cleared="3" enqueued="3" dynamicThreshold="16" maxThreshold="32" />
  <references type="weak" candidates="5520" cleared="0" enqueued="0" />
  <references type="phantom" candidates="98" cleared="0" enqueued="0" />
  <stringconstants candidates="13228" cleared="0"  />
</gc-op>
<gc-op id="1293" type="sweep" timems="1.952" contextid="1289" timestamp="2019-08-08T07:22:14.915" />
<mem-info id="1294" free="13794272" total="30343168" percent="45">
  <mem type="tenure" free="13794272" total="30343168" percent="45" micro-fragmented="107823">
    <mem type="soa" free="13491168" total="30040064" percent="44" />
    <mem type="loa" free="303104" total="303104" percent="100" />
  </mem>
  <pending-finalizers system="0" default="0" reference="3" classloader="0" />
</mem-info>
<gc-op id="1295" type="compact" timems="76.344" contextid="1289" timestamp="2019-08-08T07:22:14.991">
  <compact-info movecount="339659" movebytes="10745880" reason="compact to aid heap contraction" />
</gc-op>
<heap-resize id="1296" type="expand" space="tenure" amount="327680" count="1" timems="0.026" reason="satisfy allocation request" timestamp="2019-08-08T07:22:14.993" />
<gc-end id="1297" type="global" contextid="1289" durationms="90.267" usertimems="130.187" systemtimems="0.000" timestamp="2019-08-08T07:22:14.993" activeThreads="16">
  <mem-info id="1298" free="14713496" total="30670848" percent="47">
    <mem type="tenure" free="14713496" total="30670848" percent="47">
      <mem type="soa" free="14407320" total="30364672" percent="47" />
      <mem type="loa" free="306176" total="306176" percent="100" />
    </mem>
    <pending-finalizers system="0" default="0" reference="3" classloader="0" />
  </mem-info>
</gc-end>
<cycle-end id="1299" type="global" contextid="1289" timestamp="2019-08-08T07:22:14.993" />
  <attribute name="elasticGC enabled" value="1" />
  <attribute name= "numThreadsSpecified" value="16" />
  <attribute name="heapSize specified" value="30343168" />
  <attribute name="Current GC Util" value="16" />
  <attribute name= "Current Time Running" value="102601" />
  <attribute name ="GC Interval" value="0" />
  <attribute name="Target GC Util Change" value ="80.000000" />
  <attribute name="Current GC Util Change" value="16.000000"/>
  <attribute name="Current Error" value="37.000000" />
  <attribute name="Output H" value="30646056"/>
  <attribute name="Output I" value="2200"/>
  <attribute name="Output T" value="16"/>
  <attribute name= "Current Time Running" value="102601" />
  <attribute name="GC Util currently" value="16" />
  <attribute name="CPU Util currently" value="15092156844" />
<allocation-satisfied id="1300" threadId="0000000000996F00" bytesRequested="56" />
<af-end id="1301" timestamp="2019-08-08T07:22:14.993" threadId="0000000000997888" success="true" />
<exclusive-end id="1302" timestamp="2019-08-08T07:22:14.993" durationms="90.485" />

<concurrent-kickoff id="1303" timestamp="2019-08-08T07:22:15.026">
  <kickoff reason="threshold reached" targetBytes="4425975" thresholdFreeBytes="603166" remainingFree="524952" tenureFreeBytes="524952" />
</concurrent-kickoff>
<exclusive-start id="1304" timestamp="2019-08-08T07:22:15.026" intervalms="123.938">
  <response-info timems="0.014" idlems="0.014" threads="0" lastid="0000000000996F00" lastname="main" />
</exclusive-start>
<cycle-start id="1305" type="global" contextid="0" timestamp="2019-08-08T07:22:15.026" intervalms="123.860" />
<exclusive-end id="1306" timestamp="2019-08-08T07:22:15.026" durationms="0.011" />

<exclusive-start id="1307" timestamp="2019-08-08T07:22:15.027" intervalms="1.020">
  <response-info timems="0.024" idlems="0.024" threads="0" lastid="0000000000996F00" lastname="main" />
</exclusive-start>
<af-start id="1308" threadId="0000000000997888" totalBytesRequested="56" timestamp="2019-08-08T07:22:15.027" intervalms="124.951" />
<concurrent-aborted id="1309" timestamp="2019-08-08T07:22:15.027">
  <reason value="insufficient progress made" />
</concurrent-aborted>
<cycle-end id="1310" type="global" contextid="1305" timestamp="2019-08-08T07:22:15.027" />
  <attribute name="elasticGC enabled" value="1" />
  <attribute name= "numThreadsSpecified" value="16" />
  <attribute name="heapSize specified" value="30343168" />
  <attribute name="Current GC Util" value="16" />
  <attribute name= "Current Time Running" value="102601" />
  <attribute name ="GC Interval" value="0" />
  <attribute name="Target GC Util Change" value ="80.000000" />
  <attribute name="Current GC Util Change" value="16.000000"/>
  <attribute name="Current Error" value="37.000000" />
  <attribute name="Output H" value="30646056"/>
  <attribute name="Output I" value="2200"/>
  <attribute name="Output T" value="16"/>
  <attribute name= "Current Time Running" value="102601" />
  <attribute name="GC Util currently" value="16" />
  <attribute name="CPU Util currently" value="15092156844" />
<cycle-start id="1311" type="global" contextid="0" timestamp="2019-08-08T07:22:15.027" intervalms="1.080" />
<gc-start id="1312" type="global" contextid="1311" timestamp="2019-08-08T07:22:15.027">
  <mem-info id="1313" free="306176" total="30670848" percent="0">
    <mem type="tenure" free="306176" total="30670848" percent="0">
      <mem type="soa" free="0" total="30364672" percent="0" />
      <mem type="loa" free="306176" total="306176" percent="100" />
    </mem>
  </mem-info>
</gc-start>
<allocation-stats totalBytes="14459448" >
  <allocated-bytes non-tlh="0" tlh="14459448" />
  <largest-consumer threadName="main" threadId="0000000000996F00" bytes="14459448" />
</allocation-stats>
<gc-op id="1314" type="mark" timems="7.170" contextid="1311" timestamp="2019-08-08T07:22:15.034">
  <trace-info objectcount="465811" scancount="395193" scanbytes="10346200" />
  <finalization candidates="81" enqueued="0" />
  <ownableSynchronizers candidates="21" cleared="0" />
  <references type="soft" candidates="2217" cleared="310" enqueued="310" dynamicThreshold="15" maxThreshold="32" />
  <references type="weak" candidates="5520" cleared="0" enqueued="0" />
  <references type="phantom" candidates="98" cleared="0" enqueued="0" />
  <stringconstants candidates="13228" cleared="0"  />
</gc-op>
<gc-op id="1315" type="sweep" timems="2.708" contextid="1311" timestamp="2019-08-08T07:22:15.037" />
<mem-info id="1316" free="13417536" total="30670848" percent="43">
  <mem type="tenure" free="13417536" total="30670848" percent="43" micro-fragmented="65973">
    <mem type="soa" free="13111360" total="30364672" percent="43" />
    <mem type="loa" free="306176" total="306176" percent="100" />
  </mem>
  <pending-finalizers system="0" default="0" reference="310" classloader="0" />
</mem-info>
<gc-op id="1317" type="compact" timems="112.782" contextid="1311" timestamp="2019-08-08T07:22:15.150">
  <compact-info movecount="433460" movebytes="14587560" reason="compact to aid heap contraction" />
</gc-op>
<heap-resize id="1318" type="expand" space="tenure" amount="327680" count="1" timems="0.026" reason="satisfy allocation request" timestamp="2019-08-08T07:22:15.151" />
<gc-end id="1319" type="global" contextid="1311" durationms="123.829" usertimems="170.530" systemtimems="0.000" timestamp="2019-08-08T07:22:15.151" activeThreads="16">
  <mem-info id="1320" free="14322808" total="30998528" percent="46">
    <mem type="tenure" free="14322808" total="30998528" percent="46">
      <mem type="soa" free="14013560" total="30689280" percent="45" />
      <mem type="loa" free="309248" total="309248" percent="100" />
    </mem>
    <pending-finalizers system="0" default="0" reference="310" classloader="0" />
  </mem-info>
</gc-end>
<cycle-end id="1321" type="global" contextid="1311" timestamp="2019-08-08T07:22:15.151" />
  <attribute name="elasticGC enabled" value="1" />
  <attribute name= "numThreadsSpecified" value="16" />
  <attribute name="heapSize specified" value="30670848" />
  <attribute name="Current GC Util" value="12" />
  <attribute name= "Current Time Running" value="102761" />
  <attribute name ="GC Interval" value="0" />
  <attribute name="Target GC Util Change" value ="80.000000" />
  <attribute name="Current GC Util Change" value="12.000000"/>
  <attribute name="Current Error" value="68.000000" />
  <attribute name="Output H" value="30973880"/>
  <attribute name="Output I" value="2368"/>
  <attribute name="Output T" value="16"/>
  <attribute name= "Current Time Running" value="102761" />
  <attribute name="GC Util currently" value="12" />
  <attribute name="CPU Util currently" value="10216406456" />
<allocation-satisfied id="1322" threadId="0000000000996F00" bytesRequested="56" />
<af-end id="1323" timestamp="2019-08-08T07:22:15.151" threadId="0000000000997888" success="true" />
<exclusive-end id="1324" timestamp="2019-08-08T07:22:15.151" durationms="124.031" />

<concurrent-kickoff id="1325" timestamp="2019-08-08T07:22:15.191">
  <kickoff reason="threshold reached" targetBytes="4473262" thresholdFreeBytes="609611" remainingFree="527480" tenureFreeBytes="527480" />
</concurrent-kickoff>
<exclusive-start id="1326" timestamp="2019-08-08T07:22:15.191" intervalms="163.719">
  <response-info timems="0.025" idlems="0.025" threads="0" lastid="0000000000996F00" lastname="main" />
</exclusive-start>
<cycle-start id="1327" type="global" contextid="0" timestamp="2019-08-08T07:22:15.191" intervalms="163.662" />
<exclusive-end id="1328" timestamp="2019-08-08T07:22:15.191" durationms="0.016" />

<exclusive-start id="1329" timestamp="2019-08-08T07:22:15.192" intervalms="1.542">
  <response-info timems="0.037" idlems="0.037" threads="0" lastid="0000000000996F00" lastname="main" />
</exclusive-start>
<af-start id="1330" threadId="0000000000997888" totalBytesRequested="80" timestamp="2019-08-08T07:22:15.192" intervalms="165.264" />
<concurrent-aborted id="1331" timestamp="2019-08-08T07:22:15.192">
  <reason value="insufficient progress made" />
</concurrent-aborted>
<cycle-end id="1332" type="global" contextid="1327" timestamp="2019-08-08T07:22:15.192" />
  <attribute name="elasticGC enabled" value="1" />
  <attribute name= "numThreadsSpecified" value="16" />
  <attribute name="heapSize specified" value="30670848" />
  <attribute name="Current GC Util" value="12" />
  <attribute name= "Current Time Running" value="102761" />
  <attribute name ="GC Interval" value="0" />
  <attribute name="Target GC Util Change" value ="80.000000" />
  <attribute name="Current GC Util Change" value="12.000000"/>
  <attribute name="Current Error" value="68.000000" />
  <attribute name="Output H" value="30973880"/>
  <attribute name="Output I" value="2368"/>
  <attribute name="Output T" value="16"/>
  <attribute name= "Current Time Running" value="102761" />
  <attribute name="GC Util currently" value="12" />
  <attribute name="CPU Util currently" value="10216406456" />
<cycle-start id="1333" type="global" contextid="0" timestamp="2019-08-08T07:22:15.192" intervalms="1.610" />
<gc-start id="1334" type="global" contextid="1333" timestamp="2019-08-08T07:22:15.192">
  <mem-info id="1335" free="309248" total="30998528" percent="0">
    <mem type="tenure" free="309248" total="30998528" percent="0">
      <mem type="soa" free="0" total="30689280" percent="0" />
      <mem type="loa" free="309248" total="309248" percent="100" />
    </mem>
  </mem-info>
</gc-start>
<allocation-stats totalBytes="14063320" >
  <allocated-bytes non-tlh="0" tlh="14063320" />
  <largest-consumer threadName="main" threadId="0000000000996F00" bytes="14063320" />
</allocation-stats>
<gc-op id="1336" type="mark" timems="7.837" contextid="1333" timestamp="2019-08-08T07:22:15.200">
  <trace-info objectcount="494055" scancount="418744" scanbytes="10895568" />
  <finalization candidates="81" enqueued="0" />
  <ownableSynchronizers candidates="21" cleared="0" />
  <references type="soft" candidates="1907" cleared="4" enqueued="4" dynamicThreshold="14" maxThreshold="32" />
  <references type="weak" candidates="5520" cleared="0" enqueued="0" />
  <references type="phantom" candidates="98" cleared="0" enqueued="0" />
  <stringconstants candidates="13228" cleared="84"  />
</gc-op>
<gc-op id="1337" type="sweep" timems="1.942" contextid="1333" timestamp="2019-08-08T07:22:15.203" />
<mem-info id="1338" free="13056088" total="30998528" percent="42">
  <mem type="tenure" free="13056088" total="30998528" percent="42" micro-fragmented="74584">
    <mem type="soa" free="12746840" total="30689280" percent="41" />
    <mem type="loa" free="309248" total="309248" percent="100" />
  </mem>
  <pending-finalizers system="0" default="0" reference="4" classloader="0" />
</mem-info>
<gc-op id="1339" type="compact" timems="103.648" contextid="1333" timestamp="2019-08-08T07:22:15.306">
  <compact-info movecount="461670" movebytes="15302336" reason="compact to aid heap contraction" />
</gc-op>
<heap-resize id="1340" type="expand" space="tenure" amount="327680" count="1" timems="0.019" reason="satisfy allocation request" timestamp="2019-08-08T07:22:15.307" />
<gc-end id="1341" type="global" contextid="1333" durationms="114.239" usertimems="158.038" systemtimems="0.000" timestamp="2019-08-08T07:22:15.307" activeThreads="16">
  <mem-info id="1342" free="13932720" total="31326208" percent="44">
    <mem type="tenure" free="13932720" total="31326208" percent="44">
      <mem type="soa" free="13620400" total="31013888" percent="43" />
      <mem type="loa" free="312320" total="312320" percent="100" />
    </mem>
    <pending-finalizers system="0" default="0" reference="4" classloader="0" />
  </mem-info>
</gc-end>
<cycle-end id="1343" type="global" contextid="1333" timestamp="2019-08-08T07:22:15.307" />
  <attribute name="elasticGC enabled" value="1" />
  <attribute name= "numThreadsSpecified" value="16" />
  <attribute name="heapSize specified" value="30998528" />
  <attribute name="Current GC Util" value="109" />
  <attribute name= "Current Time Running" value="102917" />
  <attribute name ="GC Interval" value="0" />
  <attribute name="Target GC Util Change" value ="80.000000" />
  <attribute name="Current GC Util Change" value="109.000000"/>
  <attribute name="Current Error" value="-591.000000" />
  <attribute name="Output H" value="31298512"/>
  <attribute name="Output I" value="200"/>
  <attribute name="Output T" value="16"/>
  <attribute name= "Current Time Running" value="102917" />
  <attribute name="GC Util currently" value="109" />
  <attribute name="CPU Util currently" value="11118945045" />
<allocation-satisfied id="1344" threadId="0000000000996F00" bytesRequested="80" />
<af-end id="1345" timestamp="2019-08-08T07:22:15.307" threadId="0000000000997888" success="true" />
<exclusive-end id="1346" timestamp="2019-08-08T07:22:15.307" durationms="114.452" />

<concurrent-kickoff id="1347" timestamp="2019-08-08T07:22:15.344">
  <kickoff reason="threshold reached" targetBytes="4520548" thresholdFreeBytes="616055" remainingFree="556104" tenureFreeBytes="556104" />
</concurrent-kickoff>
<exclusive-start id="1348" timestamp="2019-08-08T07:22:15.344" intervalms="152.054">
  <response-info timems="0.015" idlems="0.015" threads="0" lastid="0000000000996F00" lastname="main" />
</exclusive-start>
<cycle-start id="1349" type="global" contextid="0" timestamp="2019-08-08T07:22:15.344" intervalms="152.018" />
<exclusive-end id="1350" timestamp="2019-08-08T07:22:15.344" durationms="0.053" />

<exclusive-start id="1351" timestamp="2019-08-08T07:22:15.347" intervalms="2.286">
  <response-info timems="0.033" idlems="0.033" threads="0" lastid="0000000000996F00" lastname="main" />
</exclusive-start>
<af-start id="1352" threadId="0000000000997888" totalBytesRequested="32" timestamp="2019-08-08T07:22:15.347" intervalms="154.414" />
<concurrent-aborted id="1353" timestamp="2019-08-08T07:22:15.347">
  <reason value="insufficient progress made" />
</concurrent-aborted>
<cycle-end id="1354" type="global" contextid="1349" timestamp="2019-08-08T07:22:15.347" />
  <attribute name="elasticGC enabled" value="1" />
  <attribute name= "numThreadsSpecified" value="16" />
  <attribute name="heapSize specified" value="30998528" />
  <attribute name="Current GC Util" value="109" />
  <attribute name= "Current Time Running" value="102917" />
  <attribute name ="GC Interval" value="0" />
  <attribute name="Target GC Util Change" value ="80.000000" />
  <attribute name="Current GC Util Change" value="109.000000"/>
  <attribute name="Current Error" value="-591.000000" />
  <attribute name="Output H" value="31298512"/>
  <attribute name="Output I" value="200"/>
  <attribute name="Output T" value="16"/>
  <attribute name= "Current Time Running" value="102917" />
  <attribute name="GC Util currently" value="109" />
  <attribute name="CPU Util currently" value="11118945045" />
<cycle-start id="1355" type="global" contextid="0" timestamp="2019-08-08T07:22:15.347" intervalms="2.462" />
<gc-start id="1356" type="global" contextid="1355" timestamp="2019-08-08T07:22:15.347">
  <mem-info id="1357" free="312320" total="31326208" percent="0">
    <mem type="tenure" free="312320" total="31326208" percent="0">
      <mem type="soa" free="0" total="31013888" percent="0" />
      <mem type="loa" free="312320" total="312320" percent="100" />
    </mem>
  </mem-info>
</gc-start>
<allocation-stats totalBytes="13676688" >
  <allocated-bytes non-tlh="1809512" tlh="11867176" />
  <largest-consumer threadName="main" threadId="0000000000996F00" bytes="13676688" />
</allocation-stats>
<gc-op id="1358" type="mark" timems="7.696" contextid="1355" timestamp="2019-08-08T07:22:15.355">
  <trace-info objectcount="519079" scancount="441117" scanbytes="11425348" />
  <finalization candidates="82" enqueued="1" />
  <ownableSynchronizers candidates="21" cleared="0" />
  <references type="soft" candidates="1903" cleared="1" enqueued="1" dynamicThreshold="14" maxThreshold="32" />
  <references type="weak" candidates="5522" cleared="0" enqueued="0" />
  <references type="phantom" candidates="98" cleared="0" enqueued="0" />
  <stringconstants candidates="13144" cleared="0"  />
</gc-op>
<gc-op id="1359" type="sweep" timems="1.421" contextid="1355" timestamp="2019-08-08T07:22:15.356" />
<mem-info id="1360" free="13408208" total="31326208" percent="42">
  <mem type="tenure" free="13408208" total="31326208" percent="42" micro-fragmented="52041">
    <mem type="soa" free="13095888" total="31013888" percent="42" />
    <mem type="loa" free="312320" total="312320" percent="100" />
  </mem>
  <pending-finalizers system="0" default="1" reference="1" classloader="0" />
</mem-info>
<gc-op id="1361" type="compact" timems="107.751" contextid="1355" timestamp="2019-08-08T07:22:15.464">
  <compact-info movecount="474440" movebytes="14658608" reason="compact to aid heap contraction" />
</gc-op>
<heap-resize id="1362" type="expand" space="tenure" amount="327680" count="1" timems="0.020" reason="satisfy allocation request" timestamp="2019-08-08T07:22:15.465" />
<gc-end id="1363" type="global" contextid="1355" durationms="118.131" usertimems="157.149" systemtimems="0.000" timestamp="2019-08-08T07:22:15.465" activeThreads="16">
  <mem-info id="1364" free="14369544" total="31653888" percent="45">
    <mem type="tenure" free="14369544" total="31653888" percent="45">
      <mem type="soa" free="14053128" total="31337472" percent="44" />
      <mem type="loa" free="316416" total="316416" percent="100" />
    </mem>
    <pending-finalizers system="0" default="1" reference="1" classloader="0" />
  </mem-info>
</gc-end>
<cycle-end id="1365" type="global" contextid="1355" timestamp="2019-08-08T07:22:15.465" />
  <attribute name="elasticGC enabled" value="1" />
  <attribute name= "numThreadsSpecified" value="16" />
  <attribute name="heapSize specified" value="31326208" />
  <attribute name="Current GC Util" value="12" />
  <attribute name= "Current Time Running" value="103075" />
  <attribute name ="GC Interval" value="0" />
  <attribute name="Target GC Util Change" value ="80.000000" />
  <attribute name="Current GC Util Change" value="12.000000"/>
  <attribute name="Current Error" value="-337.000000" />
  <attribute name="Output H" value="31627368"/>
  <attribute name="Output I" value="264"/>
  <attribute name="Output T" value="16"/>
  <attribute name= "Current Time Running" value="103075" />
  <attribute name="GC Util currently" value="12" />
  <attribute name="CPU Util currently" value="10697193080" />
<allocation-satisfied id="1366" threadId="0000000000996F00" bytesRequested="32" />
<af-end id="1367" timestamp="2019-08-08T07:22:15.465" threadId="0000000000997888" success="true" />
<exclusive-end id="1368" timestamp="2019-08-08T07:22:15.465" durationms="118.483" />

<concurrent-kickoff id="1369" timestamp="2019-08-08T07:22:15.510">
  <kickoff reason="threshold reached" targetBytes="4567834" thresholdFreeBytes="622498" remainingFree="574216" tenureFreeBytes="574216" />
</concurrent-kickoff>
<exclusive-start id="1370" timestamp="2019-08-08T07:22:15.510" intervalms="163.791">
  <response-info timems="0.038" idlems="0.038" threads="0" lastid="0000000000996F00" lastname="main" />
</exclusive-start>
<cycle-start id="1371" type="global" contextid="0" timestamp="2019-08-08T07:22:15.511" intervalms="163.598" />
<exclusive-end id="1372" timestamp="2019-08-08T07:22:15.511" durationms="0.031" />

<exclusive-start id="1373" timestamp="2019-08-08T07:22:15.512" intervalms="1.505">
  <response-info timems="0.065" idlems="0.065" threads="0" lastid="0000000000996F00" lastname="main" />
</exclusive-start>
<af-start id="1374" threadId="0000000000997888" totalBytesRequested="32" timestamp="2019-08-08T07:22:15.512" intervalms="165.221" />
<concurrent-aborted id="1375" timestamp="2019-08-08T07:22:15.512">
  <reason value="insufficient progress made" />
</concurrent-aborted>
<cycle-end id="1376" type="global" contextid="1371" timestamp="2019-08-08T07:22:15.512" />
  <attribute name="elasticGC enabled" value="1" />
  <attribute name= "numThreadsSpecified" value="16" />
  <attribute name="heapSize specified" value="31326208" />
  <attribute name="Current GC Util" value="12" />
  <attribute name= "Current Time Running" value="103075" />
  <attribute name ="GC Interval" value="0" />
  <attribute name="Target GC Util Change" value ="80.000000" />
  <attribute name="Current GC Util Change" value="12.000000"/>
  <attribute name="Current Error" value="-337.000000" />
  <attribute name="Output H" value="31627368"/>
  <attribute name="Output I" value="264"/>
  <attribute name="Output T" value="16"/>
  <attribute name= "Current Time Running" value="103075" />
  <attribute name="GC Util currently" value="12" />
  <attribute name="CPU Util currently" value="10697193080" />
<cycle-start id="1377" type="global" contextid="0" timestamp="2019-08-08T07:22:15.512" intervalms="1.549" />
<gc-start id="1378" type="global" contextid="1377" timestamp="2019-08-08T07:22:15.512">
  <mem-info id="1379" free="316416" total="31653888" percent="0">
    <mem type="tenure" free="316416" total="31653888" percent="0">
      <mem type="soa" free="0" total="31337472" percent="0" />
      <mem type="loa" free="316416" total="316416" percent="100" />
    </mem>
  </mem-info>
</gc-start>
<allocation-stats totalBytes="14117136" >
  <allocated-bytes non-tlh="0" tlh="14117136" />
  <largest-consumer threadName="main" threadId="0000000000996F00" bytes="14117136" />
</allocation-stats>
<gc-op id="1380" type="mark" timems="8.761" contextid="1377" timestamp="2019-08-08T07:22:15.521">
  <trace-info objectcount="553887" scancount="475912" scanbytes="12251116" />
  <finalization candidates="81" enqueued="0" />
  <ownableSynchronizers candidates="21" cleared="0" />
  <references type="soft" candidates="1902" cleared="24" enqueued="24" dynamicThreshold="14" maxThreshold="32" />
  <references type="weak" candidates="5522" cleared="0" enqueued="0" />
  <references type="phantom" candidates="98" cleared="0" enqueued="0" />
  <stringconstants candidates="13144" cleared="0"  />
</gc-op>
<gc-op id="1381" type="sweep" timems="2.439" contextid="1377" timestamp="2019-08-08T07:22:15.523" />
<mem-info id="1382" free="12460136" total="31653888" percent="39">
  <mem type="tenure" free="12460136" total="31653888" percent="39" micro-fragmented="132542">
    <mem type="soa" free="12143720" total="31337472" percent="38" />
    <mem type="loa" free="316416" total="316416" percent="100" />
  </mem>
  <pending-finalizers system="0" default="0" reference="24" classloader="0" />
</mem-info>
<gc-op id="1383" type="compact" timems="99.534" contextid="1377" timestamp="2019-08-08T07:22:15.623">
  <compact-info movecount="456144" movebytes="12846656" reason="compact to aid heap contraction" />
</gc-op>
<heap-resize id="1384" type="expand" space="tenure" amount="327680" count="1" timems="0.022" reason="satisfy allocation request" timestamp="2019-08-08T07:22:15.623" />
<gc-end id="1385" type="global" contextid="1377" durationms="111.420" usertimems="163.087" systemtimems="0.000" timestamp="2019-08-08T07:22:15.624" activeThreads="16">
  <mem-info id="1386" free="13881056" total="31981568" percent="43">
    <mem type="tenure" free="13881056" total="31981568" percent="43">
      <mem type="soa" free="13561568" total="31662080" percent="42" />
      <mem type="loa" free="319488" total="319488" percent="100" />
    </mem>
    <pending-finalizers system="0" default="0" reference="24" classloader="0" />
  </mem-info>
</gc-end>
<cycle-end id="1387" type="global" contextid="1377" timestamp="2019-08-08T07:22:15.624" />
  <attribute name="elasticGC enabled" value="1" />
  <attribute name= "numThreadsSpecified" value="16" />
  <attribute name="heapSize specified" value="31653888" />
  <attribute name="Current GC Util" value="11" />
  <attribute name= "Current Time Running" value="103233" />
  <attribute name ="GC Interval" value="0" />
  <attribute name="Target GC Util Change" value ="80.000000" />
  <attribute name="Current GC Util Change" value="11.000000"/>
  <attribute name="Current Error" value="-452.000000" />
  <attribute name="Output H" value="31954520"/>
  <attribute name="Output I" value="200"/>
  <attribute name="Output T" value="16"/>
  <attribute name= "Current Time Running" value="103233" />
  <attribute name="GC Util currently" value="11" />
  <attribute name="CPU Util currently" value="11580916019" />
<allocation-satisfied id="1388" threadId="0000000000996F00" bytesRequested="32" />
<af-end id="1389" timestamp="2019-08-08T07:22:15.624" threadId="0000000000997888" success="true" />
<exclusive-end id="1390" timestamp="2019-08-08T07:22:15.624" durationms="111.590" />

<concurrent-kickoff id="1391" timestamp="2019-08-08T07:22:15.656">
  <kickoff reason="threshold reached" targetBytes="4615120" thresholdFreeBytes="628942" remainingFree="610008" tenureFreeBytes="610008" />
</concurrent-kickoff>
<exclusive-start id="1392" timestamp="2019-08-08T07:22:15.656" intervalms="143.842">
  <response-info timems="0.017" idlems="0.017" threads="0" lastid="0000000000996F00" lastname="main" />
</exclusive-start>
<cycle-start id="1393" type="global" contextid="0" timestamp="2019-08-08T07:22:15.656" intervalms="143.785" />
<exclusive-end id="1394" timestamp="2019-08-08T07:22:15.656" durationms="0.018" />

<exclusive-start id="1395" timestamp="2019-08-08T07:22:15.657" intervalms="1.281">
  <response-info timems="0.029" idlems="0.029" threads="0" lastid="0000000000996F00" lastname="main" />
</exclusive-start>
<af-start id="1396" threadId="0000000000997888" totalBytesRequested="80" timestamp="2019-08-08T07:22:15.657" intervalms="145.122" />
<concurrent-aborted id="1397" timestamp="2019-08-08T07:22:15.657">
  <reason value="insufficient progress made" />
</concurrent-aborted>
<cycle-end id="1398" type="global" contextid="1393" timestamp="2019-08-08T07:22:15.657" />
  <attribute name="elasticGC enabled" value="1" />
  <attribute name= "numThreadsSpecified" value="16" />
  <attribute name="heapSize specified" value="31653888" />
  <attribute name="Current GC Util" value="11" />
  <attribute name= "Current Time Running" value="103233" />
  <attribute name ="GC Interval" value="0" />
  <attribute name="Target GC Util Change" value ="80.000000" />
  <attribute name="Current GC Util Change" value="11.000000"/>
  <attribute name="Current Error" value="-452.000000" />
  <attribute name="Output H" value="31954520"/>
  <attribute name="Output I" value="200"/>
  <attribute name="Output T" value="16"/>
  <attribute name= "Current Time Running" value="103233" />
  <attribute name="GC Util currently" value="11" />
  <attribute name="CPU Util currently" value="11580916019" />
<cycle-start id="1399" type="global" contextid="0" timestamp="2019-08-08T07:22:15.657" intervalms="1.340" />
<gc-start id="1400" type="global" contextid="1399" timestamp="2019-08-08T07:22:15.657">
  <mem-info id="1401" free="319488" total="31981568" percent="0">
    <mem type="tenure" free="319488" total="31981568" percent="0">
      <mem type="soa" free="0" total="31662080" percent="0" />
      <mem type="loa" free="319488" total="319488" percent="100" />
    </mem>
  </mem-info>
</gc-start>
<allocation-stats totalBytes="13625424" >
  <allocated-bytes non-tlh="131080" tlh="13494344" />
  <largest-consumer threadName="main" threadId="0000000000996F00" bytes="13625424" />
</allocation-stats>
<gc-op id="1402" type="mark" timems="9.543" contextid="1399" timestamp="2019-08-08T07:22:15.667">
  <trace-info objectcount="587018" scancount="509107" scanbytes="13057292" />
  <finalization candidates="81" enqueued="0" />
  <ownableSynchronizers candidates="21" cleared="0" />
  <references type="soft" candidates="1878" cleared="49" enqueued="45" dynamicThreshold="13" maxThreshold="32" />
  <references type="weak" candidates="5522" cleared="0" enqueued="0" />
  <references type="phantom" candidates="98" cleared="0" enqueued="0" />
  <stringconstants candidates="13144" cleared="5"  />
</gc-op>
<gc-op id="1403" type="sweep" timems="2.822" contextid="1399" timestamp="2019-08-08T07:22:15.670" />
<mem-info id="1404" free="12057696" total="31981568" percent="37">
  <mem type="tenure" free="12057696" total="31981568" percent="37" micro-fragmented="123930">
    <mem type="soa" free="11738208" total="31662080" percent="37" />
    <mem type="loa" free="319488" total="319488" percent="100" />
  </mem>
  <pending-finalizers system="0" default="0" reference="45" classloader="0" />
</mem-info>
<gc-op id="1405" type="compact" timems="142.957" contextid="1399" timestamp="2019-08-08T07:22:15.813">
  <compact-info movecount="569957" movebytes="17994112" reason="compact to aid heap contraction" />
</gc-op>
<heap-resize id="1406" type="expand" space="tenure" amount="327680" count="1" timems="0.020" reason="satisfy allocation request" timestamp="2019-08-08T07:22:15.813" />
<gc-end id="1407" type="global" contextid="1399" durationms="156.067" usertimems="214.085" systemtimems="0.000" timestamp="2019-08-08T07:22:15.813" activeThreads="16">
  <mem-info id="1408" free="13405584" total="32309248" percent="41">
    <mem type="tenure" free="13405584" total="32309248" percent="41">
      <mem type="soa" free="13083024" total="31986688" percent="40" />
      <mem type="loa" free="322560" total="322560" percent="100" />
    </mem>
    <pending-finalizers system="0" default="0" reference="45" classloader="0" />
  </mem-info>
</gc-end>
<cycle-end id="1409" type="global" contextid="1399" timestamp="2019-08-08T07:22:15.813" />
  <attribute name="elasticGC enabled" value="1" />
  <attribute name= "numThreadsSpecified" value="16" />
  <attribute name="heapSize specified" value="31981568" />
  <attribute name="Current GC Util" value="12" />
  <attribute name= "Current Time Running" value="103423" />
  <attribute name ="GC Interval" value="0" />
  <attribute name="Target GC Util Change" value ="80.000000" />
  <attribute name="Current GC Util Change" value="12.000000"/>
  <attribute name="Current Error" value="-135.000000" />
  <attribute name="Output H" value="32283664"/>
  <attribute name="Output I" value="1312"/>
  <attribute name="Output T" value="16"/>
  <attribute name= "Current Time Running" value="103423" />
  <attribute name="GC Util currently" value="12" />
  <attribute name="CPU Util currently" value="8063221662" />
<allocation-satisfied id="1410" threadId="0000000000996F00" bytesRequested="80" />
<af-end id="1411" timestamp="2019-08-08T07:22:15.813" threadId="0000000000997888" success="true" />
<exclusive-end id="1412" timestamp="2019-08-08T07:22:15.813" durationms="156.365" />

-------------------------------------------------------------------------------
PYBENCH 2.0
-------------------------------------------------------------------------------
* using Python 2.5.2
* system check interval set to maximum: 2147483647
* using timer: time.time

Calibrating tests. Please wait...

Running 4 round(s) of the suite at warp factor 10:

<concurrent-kickoff id="1413" timestamp="2019-08-08T07:22:15.941">
  <kickoff reason="threshold reached" targetBytes="4662405" thresholdFreeBytes="635387" remainingFree="507184" tenureFreeBytes="507184" />
</concurrent-kickoff>
<exclusive-start id="1414" timestamp="2019-08-08T07:22:15.941" intervalms="283.878">
  <response-info timems="0.021" idlems="0.021" threads="0" lastid="0000000000996F00" lastname="main" />
</exclusive-start>
<cycle-start id="1415" type="global" contextid="0" timestamp="2019-08-08T07:22:15.941" intervalms="283.815" />
<exclusive-end id="1416" timestamp="2019-08-08T07:22:15.941" durationms="0.012" />

<exclusive-start id="1417" timestamp="2019-08-08T07:22:15.943" intervalms="1.748">
  <response-info timems="0.047" idlems="0.047" threads="0" lastid="0000000000996F00" lastname="main" />
</exclusive-start>
<af-start id="1418" threadId="0000000000997888" totalBytesRequested="32" timestamp="2019-08-08T07:22:15.943" intervalms="285.643" />
<concurrent-aborted id="1419" timestamp="2019-08-08T07:22:15.943">
  <reason value="insufficient progress made" />
</concurrent-aborted>
<cycle-end id="1420" type="global" contextid="1415" timestamp="2019-08-08T07:22:15.943" />
  <attribute name="elasticGC enabled" value="1" />
  <attribute name= "numThreadsSpecified" value="16" />
  <attribute name="heapSize specified" value="31981568" />
  <attribute name="Current GC Util" value="12" />
  <attribute name= "Current Time Running" value="103423" />
  <attribute name ="GC Interval" value="0" />
  <attribute name="Target GC Util Change" value ="80.000000" />
  <attribute name="Current GC Util Change" value="12.000000"/>
  <attribute name="Current Error" value="-135.000000" />
  <attribute name="Output H" value="32283664"/>
  <attribute name="Output I" value="1312"/>
  <attribute name="Output T" value="16"/>
  <attribute name= "Current Time Running" value="103423" />
  <attribute name="GC Util currently" value="12" />
  <attribute name="CPU Util currently" value="8063221662" />
<cycle-start id="1421" type="global" contextid="0" timestamp="2019-08-08T07:22:15.943" intervalms="1.828" />
<gc-start id="1422" type="global" contextid="1421" timestamp="2019-08-08T07:22:15.943">
  <mem-info id="1423" free="322560" total="32309248" percent="0">
    <mem type="tenure" free="322560" total="32309248" percent="0">
      <mem type="soa" free="0" total="31986688" percent="0" />
      <mem type="loa" free="322560" total="322560" percent="100" />
    </mem>
  </mem-info>
</gc-start>
<allocation-stats totalBytes="13147440" >
  <allocated-bytes non-tlh="20576" tlh="13126864" />
  <largest-consumer threadName="main" threadId="0000000000996F00" bytes="13147440" />
</allocation-stats>
<gc-op id="1424" type="mark" timems="12.550" contextid="1421" timestamp="2019-08-08T07:22:15.955">
  <trace-info objectcount="602500" scancount="523325" scanbytes="13439532" />
  <finalization candidates="81" enqueued="1" />
  <ownableSynchronizers candidates="21" cleared="0" />
  <references type="soft" candidates="4181" cleared="0" enqueued="0" dynamicThreshold="13" maxThreshold="32" />
  <references type="weak" candidates="5586" cleared="4" enqueued="3" />
  <references type="phantom" candidates="98" cleared="0" enqueued="0" />
  <stringconstants candidates="13649" cleared="5"  />
</gc-op>
<gc-op id="1425" type="sweep" timems="3.590" contextid="1421" timestamp="2019-08-08T07:22:15.959" />
<mem-info id="1426" free="13847112" total="32309248" percent="42">
  <mem type="tenure" free="13847112" total="32309248" percent="42" micro-fragmented="332969">
    <mem type="soa" free="13524552" total="31986688" percent="42" />
    <mem type="loa" free="322560" total="322560" percent="100" />
  </mem>
  <pending-finalizers system="0" default="1" reference="3" classloader="0" />
</mem-info>
<gc-op id="1427" type="compact" timems="172.731" contextid="1421" timestamp="2019-08-08T07:22:16.132">
  <compact-info movecount="589313" movebytes="17493216" reason="compact to aid heap contraction" />
</gc-op>
<heap-resize id="1428" type="expand" space="tenure" amount="327680" count="1" timems="0.021" reason="satisfy allocation request" timestamp="2019-08-08T07:22:16.133" />
<gc-end id="1429" type="global" contextid="1421" durationms="189.708" usertimems="250.792" systemtimems="0.000" timestamp="2019-08-08T07:22:16.133" activeThreads="16">
  <mem-info id="1430" free="14527024" total="32636928" percent="44">
    <mem type="tenure" free="14527024" total="32636928" percent="44">
      <mem type="soa" free="14201392" total="32311296" percent="43" />
      <mem type="loa" free="325632" total="325632" percent="100" />
    </mem>
    <pending-finalizers system="0" default="1" reference="3" classloader="0" />
  </mem-info>
</gc-end>
<cycle-end id="1431" type="global" contextid="1421" timestamp="2019-08-08T07:22:16.133" />
  <attribute name="elasticGC enabled" value="1" />
  <attribute name= "numThreadsSpecified" value="16" />
  <attribute name="heapSize specified" value="32309248" />
  <attribute name="Current GC Util" value="9" />
  <attribute name= "Current Time Running" value="103742" />
  <attribute name ="GC Interval" value="0" />
  <attribute name="Target GC Util Change" value ="80.000000" />
  <attribute name="Current GC Util Change" value="9.000000"/>
  <attribute name="Current Error" value="74.000000" />
  <attribute name="Output H" value="32612304"/>
  <attribute name="Output I" value="2392"/>
  <attribute name="Output T" value="16"/>
  <attribute name= "Current Time Running" value="103742" />
  <attribute name="GC Util currently" value="9" />
  <attribute name="CPU Util currently" value="6671257208" />
<allocation-satisfied id="1432" threadId="0000000000996F00" bytesRequested="32" />
<af-end id="1433" timestamp="2019-08-08T07:22:16.133" threadId="0000000000997888" success="true" />
<exclusive-end id="1434" timestamp="2019-08-08T07:22:16.133" durationms="190.002" />

<concurrent-kickoff id="1435" timestamp="2019-08-08T07:22:16.229">
  <kickoff reason="threshold reached" targetBytes="4709692" thresholdFreeBytes="641831" remainingFree="600624" tenureFreeBytes="600624" />
</concurrent-kickoff>
<exclusive-start id="1436" timestamp="2019-08-08T07:22:16.229" intervalms="286.450">
  <response-info timems="0.161" idlems="0.161" threads="0" lastid="0000000000996F00" lastname="main" />
</exclusive-start>
<cycle-start id="1437" type="global" contextid="0" timestamp="2019-08-08T07:22:16.229" intervalms="286.381" />
<exclusive-end id="1438" timestamp="2019-08-08T07:22:16.229" durationms="0.025" />

<exclusive-start id="1439" timestamp="2019-08-08T07:22:16.238" intervalms="8.309">
  <response-info timems="0.072" idlems="0.072" threads="0" lastid="0000000000996F00" lastname="main" />
</exclusive-start>
<af-start id="1440" threadId="0000000000997888" totalBytesRequested="32" timestamp="2019-08-08T07:22:16.238" intervalms="294.752" />
<gc-start id="1441" type="global" contextid="1437" timestamp="2019-08-08T07:22:16.238">
  <mem-info id="1442" free="325632" total="32636928" percent="0">
    <mem type="tenure" free="325632" total="32636928" percent="0">
      <mem type="soa" free="0" total="32311296" percent="0" />
      <mem type="loa" free="325632" total="325632" percent="100" />
    </mem>
  </mem-info>
</gc-start>
<allocation-stats totalBytes="14266448" >
  <allocated-bytes non-tlh="0" tlh="14266448" />
  <largest-consumer threadName="main" threadId="0000000000996F00" bytes="14266448" />
</allocation-stats>
<concurrent-halted id="1443" timestamp="2019-08-08T07:22:16.238">
  <halted state="Class scanning incomplete" status="trace only" />
  <traced bytesTarget="4709692" bytesTotal="644636" bytesByMutator="0" bytesByHelper="644636" percent="13" />
  <cards cleaned="0" thresholdBytes="252842" />
</concurrent-halted>
<gc-op id="1444" type="tracing" timems="6.554" contextid="1437" timestamp="2019-08-08T07:22:16.244">
  <trace bytesTraced="12698940" workStackOverflowCount="0" />
</gc-op>
<gc-op id="1445" type="card-cleaning" timems="1.142" contextid="1437" timestamp="2019-08-08T07:22:16.245">
  <card-cleaning cardsCleaned="5" bytesTraced="320" workStackOverflowCount="0" />
</gc-op>
<gc-op id="1446" type="mark" timems="4.582" contextid="1437" timestamp="2019-08-08T07:22:16.250">
  <trace-info objectcount="3546" scancount="3320" scanbytes="100124" />
  <finalization candidates="80" enqueued="0" />
  <ownableSynchronizers candidates="21" cleared="0" />
  <references type="soft" candidates="4181" cleared="0" enqueued="0" dynamicThreshold="14" maxThreshold="32" />
  <references type="weak" candidates="5584" cleared="0" enqueued="0" />
  <references type="phantom" candidates="98" cleared="1" enqueued="1" />
  <stringconstants candidates="13644" cleared="0"  />
</gc-op>
<gc-op id="1447" type="sweep" timems="4.974" contextid="1437" timestamp="2019-08-08T07:22:16.255" />
<mem-info id="1448" free="14601232" total="32636928" percent="44">
  <mem type="tenure" free="14601232" total="32636928" percent="44" micro-fragmented="0">
    <mem type="soa" free="14275600" total="32311296" percent="44" />
    <mem type="loa" free="325632" total="325632" percent="100" />
  </mem>
  <pending-finalizers system="0" default="0" reference="1" classloader="0" />
</mem-info>
<gc-op id="1449" type="compact" timems="128.334" contextid="1437" timestamp="2019-08-08T07:22:16.383">
  <compact-info movecount="495809" movebytes="12497688" reason="compact to aid heap contraction" />
</gc-op>
<heap-resize id="1450" type="expand" space="tenure" amount="327680" count="1" timems="0.022" reason="satisfy allocation request" timestamp="2019-08-08T07:22:16.384" />
<gc-end id="1451" type="global" contextid="1437" durationms="146.728" usertimems="187.728" systemtimems="0.000" timestamp="2019-08-08T07:22:16.384" activeThreads="16">
  <mem-info id="1452" free="14865064" total="32964608" percent="45">
    <mem type="tenure" free="14865064" total="32964608" percent="45">
      <mem type="soa" free="14536360" total="32635904" percent="44" />
      <mem type="loa" free="328704" total="328704" percent="100" />
    </mem>
    <pending-finalizers system="0" default="0" reference="1" classloader="0" />
  </mem-info>
</gc-end>
<cycle-end id="1453" type="global" contextid="1437" timestamp="2019-08-08T07:22:16.384" />
  <attribute name="elasticGC enabled" value="1" />
  <attribute name= "numThreadsSpecified" value="16" />
  <attribute name="heapSize specified" value="32636928" />
  <attribute name="Current GC Util" value="7" />
  <attribute name= "Current Time Running" value="103994" />
  <attribute name ="GC Interval" value="0" />
  <attribute name="Target GC Util Change" value ="80.000000" />
  <attribute name="Current GC Util Change" value="7.000000"/>
  <attribute name="Current Error" value="52.000000" />
  <attribute name="Output H" value="32939880"/>
  <attribute name="Output I" value="2280"/>
  <attribute name="Output T" value="16"/>
  <attribute name= "Current Time Running" value="103994" />
  <attribute name="GC Util currently" value="7" />
  <attribute name="CPU Util currently" value="8981342702" />
<allocation-satisfied id="1454" threadId="0000000000996F00" bytesRequested="32" />
<af-end id="1455" timestamp="2019-08-08T07:22:16.385" threadId="0000000000997888" success="true" />
<exclusive-end id="1456" timestamp="2019-08-08T07:22:16.385" durationms="147.018" />

<concurrent-kickoff id="1457" timestamp="2019-08-08T07:22:16.470">
  <kickoff reason="threshold reached" targetBytes="4682214" thresholdFreeBytes="635267" remainingFree="545448" tenureFreeBytes="545448" />
</concurrent-kickoff>
<exclusive-start id="1458" timestamp="2019-08-08T07:22:16.471" intervalms="233.023">
  <response-info timems="0.097" idlems="0.097" threads="0" lastid="0000000000996F00" lastname="main" />
</exclusive-start>
<cycle-start id="1459" type="global" contextid="0" timestamp="2019-08-08T07:22:16.471" intervalms="241.330" />
<exclusive-end id="1460" timestamp="2019-08-08T07:22:16.471" durationms="0.023" />

<exclusive-start id="1461" timestamp="2019-08-08T07:22:16.473" intervalms="2.646">
  <response-info timems="0.312" idlems="0.312" threads="0" lastid="0000000000996F00" lastname="main" />
</exclusive-start>
<af-start id="1462" threadId="0000000000997888" totalBytesRequested="32" timestamp="2019-08-08T07:22:16.473" intervalms="235.672" />
<concurrent-aborted id="1463" timestamp="2019-08-08T07:22:16.473">
  <reason value="insufficient progress made" />
</concurrent-aborted>
<cycle-end id="1464" type="global" contextid="1459" timestamp="2019-08-08T07:22:16.473" />
  <attribute name="elasticGC enabled" value="1" />
  <attribute name= "numThreadsSpecified" value="16" />
  <attribute name="heapSize specified" value="32636928" />
  <attribute name="Current GC Util" value="7" />
  <attribute name= "Current Time Running" value="103994" />
  <attribute name ="GC Interval" value="0" />
  <attribute name="Target GC Util Change" value ="80.000000" />
  <attribute name="Current GC Util Change" value="7.000000"/>
  <attribute name="Current Error" value="52.000000" />
  <attribute name="Output H" value="32939880"/>
  <attribute name="Output I" value="2280"/>
  <attribute name="Output T" value="16"/>
  <attribute name= "Current Time Running" value="103994" />
  <attribute name="GC Util currently" value="7" />
  <attribute name="CPU Util currently" value="8981342702" />
<cycle-start id="1465" type="global" contextid="0" timestamp="2019-08-08T07:22:16.473" intervalms="2.726" />
<gc-start id="1466" type="global" contextid="1465" timestamp="2019-08-08T07:22:16.473">
  <mem-info id="1467" free="328704" total="32964608" percent="0">
    <mem type="tenure" free="328704" total="32964608" percent="0">
      <mem type="soa" free="0" total="32635904" percent="0" />
      <mem type="loa" free="328704" total="328704" percent="100" />
    </mem>
  </mem-info>
</gc-start>
<allocation-stats totalBytes="14599864" >
  <allocated-bytes non-tlh="0" tlh="14599864" />
  <largest-consumer threadName="main" threadId="0000000000996F00" bytes="14599864" />
</allocation-stats>
<gc-op id="1468" type="mark" timems="10.771" contextid="1465" timestamp="2019-08-08T07:22:16.484">
  <trace-info objectcount="602481" scancount="523313" scanbytes="13439136" />
  <finalization candidates="80" enqueued="0" />
  <ownableSynchronizers candidates="21" cleared="0" />
  <references type="soft" candidates="4181" cleared="0" enqueued="0" dynamicThreshold="14" maxThreshold="32" />
  <references type="weak" candidates="5584" cleared="0" enqueued="0" />
  <references type="phantom" candidates="97" cleared="0" enqueued="0" />
  <stringconstants candidates="13644" cleared="0"  />
</gc-op>
<gc-op id="1469" type="sweep" timems="4.116" contextid="1465" timestamp="2019-08-08T07:22:16.488" />
<mem-info id="1470" free="14930608" total="32964608" percent="45">
  <mem type="tenure" free="14930608" total="32964608" percent="45" micro-fragmented="0">
    <mem type="soa" free="14601904" total="32635904" percent="44" />
    <mem type="loa" free="328704" total="328704" percent="100" />
  </mem>
</mem-info>
<gc-op id="1471" type="compact" timems="111.829" contextid="1465" timestamp="2019-08-08T07:22:16.600">
  <compact-info movecount="495808" movebytes="12497632" reason="compact to aid heap contraction" />
</gc-op>
<heap-resize id="1472" type="expand" space="tenure" amount="327680" count="1" timems="0.026" reason="satisfy allocation request" timestamp="2019-08-08T07:22:16.601" />
<gc-end id="1473" type="global" contextid="1465" durationms="127.915" usertimems="190.499" systemtimems="0.000" timestamp="2019-08-08T07:22:16.601" activeThreads="16">
  <mem-info id="1474" free="15192800" total="33292288" percent="45">
    <mem type="tenure" free="15192800" total="33292288" percent="45">
      <mem type="soa" free="14860000" total="32959488" percent="45" />
      <mem type="loa" free="332800" total="332800" percent="100" />
    </mem>
  </mem-info>
</gc-end>
<cycle-end id="1475" type="global" contextid="1465" timestamp="2019-08-08T07:22:16.601" />
  <attribute name="elasticGC enabled" value="1" />
  <attribute name= "numThreadsSpecified" value="16" />
  <attribute name="heapSize specified" value="32964608" />
  <attribute name="Current GC Util" value="10" />
  <attribute name= "Current Time Running" value="104211" />
  <attribute name ="GC Interval" value="0" />
  <attribute name="Target GC Util Change" value ="80.000000" />
  <attribute name="Current GC Util Change" value="10.000000"/>
  <attribute name="Current Error" value="69.000000" />
  <attribute name="Output H" value="33267640"/>
  <attribute name="Output I" value="2368"/>
  <attribute name="Output T" value="16"/>
  <attribute name= "Current Time Running" value="104211" />
  <attribute name="GC Util currently" value="10" />
  <attribute name="CPU Util currently" value="10306153206" />
<allocation-satisfied id="1476" threadId="0000000000996F00" bytesRequested="32" />
<af-end id="1477" timestamp="2019-08-08T07:22:16.601" threadId="0000000000997888" success="true" />
<exclusive-end id="1478" timestamp="2019-08-08T07:22:16.601" durationms="128.285" />

<concurrent-kickoff id="1479" timestamp="2019-08-08T07:22:16.671">
  <kickoff reason="threshold reached" targetBytes="4728756" thresholdFreeBytes="641581" remainingFree="611040" tenureFreeBytes="611040" />
</concurrent-kickoff>
<exclusive-start id="1480" timestamp="2019-08-08T07:22:16.672" intervalms="198.389">
  <response-info timems="0.055" idlems="0.055" threads="0" lastid="0000000000996F00" lastname="main" />
</exclusive-start>
<cycle-start id="1481" type="global" contextid="0" timestamp="2019-08-08T07:22:16.672" intervalms="198.420" />
<exclusive-end id="1482" timestamp="2019-08-08T07:22:16.672" durationms="0.135" />

<exclusive-start id="1483" timestamp="2019-08-08T07:22:16.674" intervalms="2.487">
  <response-info timems="0.044" idlems="0.044" threads="0" lastid="0000000000996F00" lastname="main" />
</exclusive-start>
<af-start id="1484" threadId="0000000000997888" totalBytesRequested="32" timestamp="2019-08-08T07:22:16.674" intervalms="200.869" />
<concurrent-aborted id="1485" timestamp="2019-08-08T07:22:16.674">
  <reason value="insufficient progress made" />
</concurrent-aborted>
<cycle-end id="1486" type="global" contextid="1481" timestamp="2019-08-08T07:22:16.674" />
  <attribute name="elasticGC enabled" value="1" />
  <attribute name= "numThreadsSpecified" value="16" />
  <attribute name="heapSize specified" value="32964608" />
  <attribute name="Current GC Util" value="10" />
  <attribute name= "Current Time Running" value="104211" />
  <attribute name ="GC Interval" value="0" />
  <attribute name="Target GC Util Change" value ="80.000000" />
  <attribute name="Current GC Util Change" value="10.000000"/>
  <attribute name="Current Error" value="69.000000" />
  <attribute name="Output H" value="33267640"/>
  <attribute name="Output I" value="2368"/>
  <attribute name="Output T" value="16"/>
  <attribute name= "Current Time Running" value="104211" />
  <attribute name="GC Util currently" value="10" />
  <attribute name="CPU Util currently" value="10306153206" />
<cycle-start id="1487" type="global" contextid="0" timestamp="2019-08-08T07:22:16.674" intervalms="2.554" />
<gc-start id="1488" type="global" contextid="1487" timestamp="2019-08-08T07:22:16.674">
  <mem-info id="1489" free="332800" total="33292288" percent="0">
    <mem type="tenure" free="332800" total="33292288" percent="0">
      <mem type="soa" free="0" total="32959488" percent="0" />
      <mem type="loa" free="332800" total="332800" percent="100" />
    </mem>
  </mem-info>
</gc-start>
<allocation-stats totalBytes="14923256" >
  <allocated-bytes non-tlh="0" tlh="14923256" />
  <largest-consumer threadName="main" threadId="0000000000996F00" bytes="14923256" />
</allocation-stats>
<gc-op id="1490" type="mark" timems="15.198" contextid="1487" timestamp="2019-08-08T07:22:16.690">
  <trace-info objectcount="602481" scancount="523318" scanbytes="13439136" />
  <finalization candidates="80" enqueued="0" />
  <ownableSynchronizers candidates="21" cleared="0" />
  <references type="soft" candidates="4181" cleared="0" enqueued="0" dynamicThreshold="14" maxThreshold="32" />
  <references type="weak" candidates="5584" cleared="0" enqueued="0" />
  <references type="phantom" candidates="97" cleared="0" enqueued="0" />
  <stringconstants candidates="13644" cleared="0"  />
</gc-op>
<gc-op id="1491" type="sweep" timems="3.028" contextid="1487" timestamp="2019-08-08T07:22:16.693" />
<mem-info id="1492" free="15258336" total="33292288" percent="45">
  <mem type="tenure" free="15258336" total="33292288" percent="45" micro-fragmented="0">
    <mem type="soa" free="14925536" total="32959488" percent="45" />
    <mem type="loa" free="332800" total="332800" percent="100" />
  </mem>
</mem-info>
<gc-op id="1493" type="compact" timems="25.866" contextid="1487" timestamp="2019-08-08T07:22:16.718">
  <compact-info movecount="1" movebytes="24" reason="compact to aid heap contraction" />
</gc-op>
<heap-resize id="1494" type="expand" space="tenure" amount="327680" count="1" timems="0.041" reason="satisfy allocation request" timestamp="2019-08-08T07:22:16.719" />
<gc-end id="1495" type="global" contextid="1487" durationms="45.086" usertimems="167.279" systemtimems="0.000" timestamp="2019-08-08T07:22:16.719" activeThreads="16">
  <mem-info id="1496" free="15520480" total="33619968" percent="46">
    <mem type="tenure" free="15520480" total="33619968" percent="46">
      <mem type="soa" free="15184608" total="33284096" percent="45" />
      <mem type="loa" free="335872" total="335872" percent="100" />
    </mem>
  </mem-info>
</gc-end>
<cycle-end id="1497" type="global" contextid="1487" timestamp="2019-08-08T07:22:16.719" />
  <attribute name="elasticGC enabled" value="1" />
  <attribute name= "numThreadsSpecified" value="16" />
  <attribute name="heapSize specified" value="33292288" />
  <attribute name="Current GC Util" value="42" />
  <attribute name= "Current Time Running" value="104329" />
  <attribute name ="GC Interval" value="0" />
  <attribute name="Target GC Util Change" value ="80.000000" />
  <attribute name="Current GC Util Change" value="42.000000"/>
  <attribute name="Current Error" value="38.000000" />
  <attribute name="Output H" value="33595176"/>
  <attribute name="Output I" value="2208"/>
  <attribute name="Output T" value="16"/>
  <attribute name= "Current Time Running" value="104329" />
  <attribute name="GC Util currently" value="42" />
  <attribute name="CPU Util currently" value="44483495957" />
<allocation-satisfied id="1498" threadId="0000000000996F00" bytesRequested="32" />
<af-end id="1499" timestamp="2019-08-08T07:22:16.720" threadId="0000000000997888" success="true" />
<exclusive-end id="1500" timestamp="2019-08-08T07:22:16.720" durationms="45.472" />

<concurrent-kickoff id="1501" timestamp="2019-08-08T07:22:18.480">
  <kickoff reason="threshold reached" targetBytes="4775298" thresholdFreeBytes="647896" remainingFree="545440" tenureFreeBytes="545440" />
</concurrent-kickoff>
<exclusive-start id="1502" timestamp="2019-08-08T07:22:18.480" intervalms="1805.765">
  <response-info timems="0.063" idlems="0.063" threads="0" lastid="0000000000996F00" lastname="main" />
</exclusive-start>
<cycle-start id="1503" type="global" contextid="0" timestamp="2019-08-08T07:22:18.480" intervalms="1805.579" />
<exclusive-end id="1504" timestamp="2019-08-08T07:22:18.480" durationms="0.013" />

<exclusive-start id="1505" timestamp="2019-08-08T07:22:18.482" intervalms="1.716">
  <response-info timems="0.066" idlems="0.066" threads="0" lastid="0000000000996F00" lastname="main" />
</exclusive-start>
<af-start id="1506" threadId="0000000000997888" totalBytesRequested="1168" timestamp="2019-08-08T07:22:18.482" intervalms="1807.476" />
<concurrent-aborted id="1507" timestamp="2019-08-08T07:22:18.482">
  <reason value="insufficient progress made" />
</concurrent-aborted>
<cycle-end id="1508" type="global" contextid="1503" timestamp="2019-08-08T07:22:18.482" />
  <attribute name="elasticGC enabled" value="1" />
  <attribute name= "numThreadsSpecified" value="16" />
  <attribute name="heapSize specified" value="33292288" />
  <attribute name="Current GC Util" value="42" />
  <attribute name= "Current Time Running" value="104329" />
  <attribute name ="GC Interval" value="0" />
  <attribute name="Target GC Util Change" value ="80.000000" />
  <attribute name="Current GC Util Change" value="42.000000"/>
  <attribute name="Current Error" value="38.000000" />
  <attribute name="Output H" value="33595176"/>
  <attribute name="Output I" value="2208"/>
  <attribute name="Output T" value="16"/>
  <attribute name= "Current Time Running" value="104329" />
  <attribute name="GC Util currently" value="42" />
  <attribute name="CPU Util currently" value="44483495957" />
<cycle-start id="1509" type="global" contextid="0" timestamp="2019-08-08T07:22:18.482" intervalms="1.775" />
<gc-start id="1510" type="global" contextid="1509" timestamp="2019-08-08T07:22:18.482">
  <mem-info id="1511" free="335872" total="33619968" percent="0">
    <mem type="tenure" free="335872" total="33619968" percent="0">
      <mem type="soa" free="0" total="33284096" percent="0" />
      <mem type="loa" free="335872" total="335872" percent="100" />
    </mem>
  </mem-info>
</gc-start>
<allocation-stats totalBytes="15204792" >
  <allocated-bytes non-tlh="64" tlh="15204728" />
  <largest-consumer threadName="main" threadId="0000000000996F00" bytes="15204792" />
</allocation-stats>
<gc-op id="1512" type="mark" timems="7.909" contextid="1509" timestamp="2019-08-08T07:22:18.490">
  <trace-info objectcount="602546" scancount="523403" scanbytes="13440456" />
  <finalization candidates="80" enqueued="0" />
  <ownableSynchronizers candidates="21" cleared="0" />
  <references type="soft" candidates="4181" cleared="0" enqueued="0" dynamicThreshold="14" maxThreshold="32" />
  <references type="weak" candidates="5584" cleared="0" enqueued="0" />
  <references type="phantom" candidates="97" cleared="0" enqueued="0" />
  <stringconstants candidates="13645" cleared="0"  />
</gc-op>
<gc-op id="1513" type="sweep" timems="2.017" contextid="1509" timestamp="2019-08-08T07:22:18.492" />
<mem-info id="1514" free="15581616" total="33619968" percent="46">
  <mem type="tenure" free="15581616" total="33619968" percent="46" micro-fragmented="0">
    <mem type="soa" free="15245744" total="33284096" percent="45" />
    <mem type="loa" free="335872" total="335872" percent="100" />
  </mem>
</mem-info>
<gc-op id="1515" type="compact" timems="27.690" contextid="1509" timestamp="2019-08-08T07:22:18.519">
  <compact-info movecount="84" movebytes="3272" reason="compact to aid heap contraction" />
</gc-op>
<heap-resize id="1516" type="expand" space="tenure" amount="327680" count="1" timems="0.022" reason="satisfy allocation request" timestamp="2019-08-08T07:22:18.521" />
<gc-end id="1517" type="global" contextid="1509" durationms="39.464" usertimems="90.225" systemtimems="0.000" timestamp="2019-08-08T07:22:18.521" activeThreads="16">
  <mem-info id="1518" free="15845544" total="33947648" percent="46">
    <mem type="tenure" free="15845544" total="33947648" percent="46">
      <mem type="soa" free="15506600" total="33608704" percent="46" />
      <mem type="loa" free="338944" total="338944" percent="100" />
    </mem>
  </mem-info>
</gc-end>
<cycle-end id="1519" type="global" contextid="1509" timestamp="2019-08-08T07:22:18.521" />
  <attribute name="elasticGC enabled" value="1" />
  <attribute name= "numThreadsSpecified" value="16" />
  <attribute name="heapSize specified" value="33619968" />
  <attribute name="Current GC Util" value="66" />
  <attribute name= "Current Time Running" value="106130" />
  <attribute name ="GC Interval" value="0" />
  <attribute name="Target GC Util Change" value ="80.000000" />
  <attribute name="Current GC Util Change" value="66.000000"/>
  <attribute name="Current Error" value="-378.000000" />
  <attribute name="Output H" value="33920936"/>
  <attribute name="Output I" value="200"/>
  <attribute name="Output T" value="16"/>
  <attribute name= "Current Time Running" value="106130" />
  <attribute name="GC Util currently" value="66" />
  <attribute name="CPU Util currently" value="41582787961" />
<allocation-satisfied id="1520" threadId="0000000000996F00" bytesRequested="1168" />
<af-end id="1521" timestamp="2019-08-08T07:22:18.521" threadId="0000000000997888" success="true" />
<exclusive-end id="1522" timestamp="2019-08-08T07:22:18.521" durationms="39.658" />

<concurrent-kickoff id="1523" timestamp="2019-08-08T07:22:18.527">
  <kickoff reason="threshold reached" targetBytes="4821843" thresholdFreeBytes="654210" remainingFree="608424" tenureFreeBytes="608424" />
</concurrent-kickoff>
<exclusive-start id="1524" timestamp="2019-08-08T07:22:18.528" intervalms="46.061">
  <response-info timems="0.022" idlems="0.022" threads="0" lastid="0000000000996F00" lastname="main" />
</exclusive-start>
<cycle-start id="1525" type="global" contextid="0" timestamp="2019-08-08T07:22:18.528" intervalms="46.011" />
<exclusive-end id="1526" timestamp="2019-08-08T07:22:18.528" durationms="0.024" />

<exclusive-start id="1527" timestamp="2019-08-08T07:22:18.530" intervalms="1.959">
  <response-info timems="0.024" idlems="0.024" threads="0" lastid="0000000000996F00" lastname="main" />
</exclusive-start>
<af-start id="1528" threadId="0000000000997888" totalBytesRequested="1168" timestamp="2019-08-08T07:22:18.530" intervalms="48.021" />
<concurrent-aborted id="1529" timestamp="2019-08-08T07:22:18.530">
  <reason value="insufficient progress made" />
</concurrent-aborted>
<cycle-end id="1530" type="global" contextid="1525" timestamp="2019-08-08T07:22:18.530" />
  <attribute name="elasticGC enabled" value="1" />
  <attribute name= "numThreadsSpecified" value="16" />
  <attribute name="heapSize specified" value="33619968" />
  <attribute name="Current GC Util" value="66" />
  <attribute name= "Current Time Running" value="106130" />
  <attribute name ="GC Interval" value="0" />
  <attribute name="Target GC Util Change" value ="80.000000" />
  <attribute name="Current GC Util Change" value="66.000000"/>
  <attribute name="Current Error" value="-378.000000" />
  <attribute name="Output H" value="33920936"/>
  <attribute name="Output I" value="200"/>
  <attribute name="Output T" value="16"/>
  <attribute name= "Current Time Running" value="106130" />
  <attribute name="GC Util currently" value="66" />
  <attribute name="CPU Util currently" value="41582787961" />
<cycle-start id="1531" type="global" contextid="0" timestamp="2019-08-08T07:22:18.530" intervalms="2.019" />
<gc-start id="1532" type="global" contextid="1531" timestamp="2019-08-08T07:22:18.530">
  <mem-info id="1533" free="338944" total="33947648" percent="0">
    <mem type="tenure" free="338944" total="33947648" percent="0">
      <mem type="soa" free="0" total="33608704" percent="0" />
      <mem type="loa" free="338944" total="338944" percent="100" />
    </mem>
  </mem-info>
</gc-start>
<allocation-stats totalBytes="15512112" >
  <allocated-bytes non-tlh="0" tlh="15512112" />
  <largest-consumer threadName="main" threadId="0000000000996F00" bytes="15512112" />
</allocation-stats>
<gc-op id="1534" type="mark" timems="8.532" contextid="1531" timestamp="2019-08-08T07:22:18.538">
  <trace-info objectcount="602546" scancount="523382" scanbytes="13440456" />
  <finalization candidates="80" enqueued="0" />
  <ownableSynchronizers candidates="21" cleared="0" />
  <references type="soft" candidates="4181" cleared="0" enqueued="0" dynamicThreshold="14" maxThreshold="32" />
  <references type="weak" candidates="5584" cleared="0" enqueued="0" />
  <references type="phantom" candidates="97" cleared="0" enqueued="0" />
  <stringconstants candidates="13645" cleared="0"  />
</gc-op>
<gc-op id="1535" type="sweep" timems="4.211" contextid="1531" timestamp="2019-08-08T07:22:18.542" />
<mem-info id="1536" free="15911080" total="33947648" percent="46">
  <mem type="tenure" free="15911080" total="33947648" percent="46" micro-fragmented="0">
    <mem type="soa" free="15572136" total="33608704" percent="46" />
    <mem type="loa" free="338944" total="338944" percent="100" />
  </mem>
</mem-info>
<gc-op id="1537" type="compact" timems="24.974" contextid="1531" timestamp="2019-08-08T07:22:18.567">
  <compact-info movecount="1" movebytes="32" reason="compact to aid heap contraction" />
</gc-op>
<heap-resize id="1538" type="expand" space="tenure" amount="327680" count="1" timems="0.022" reason="satisfy allocation request" timestamp="2019-08-08T07:22:18.568" />
<gc-end id="1539" type="global" contextid="1531" durationms="38.607" usertimems="86.577" systemtimems="0.000" timestamp="2019-08-08T07:22:18.568" activeThreads="16">
  <mem-info id="1540" free="16173224" total="34275328" percent="47">
    <mem type="tenure" free="16173224" total="34275328" percent="47">
      <mem type="soa" free="15831208" total="33933312" percent="46" />
      <mem type="loa" free="342016" total="342016" percent="100" />
    </mem>
  </mem-info>
</gc-end>
<cycle-end id="1541" type="global" contextid="1531" timestamp="2019-08-08T07:22:18.568" />
  <attribute name="elasticGC enabled" value="1" />
  <attribute name= "numThreadsSpecified" value="16" />
  <attribute name="heapSize specified" value="33947648" />
  <attribute name="Current GC Util" value="41" />
  <attribute name= "Current Time Running" value="106178" />
  <attribute name ="GC Interval" value="0" />
  <attribute name="Target GC Util Change" value ="80.000000" />
  <attribute name="Current GC Util Change" value="41.000000"/>
  <attribute name="Current Error" value="-508.000000" />
  <attribute name="Output H" value="34248016"/>
  <attribute name="Output I" value="200"/>
  <attribute name="Output T" value="16"/>
  <attribute name= "Current Time Running" value="106178" />
  <attribute name="GC Util currently" value="41" />
  <attribute name="CPU Util currently" value="46112223500" />
<allocation-satisfied id="1542" threadId="0000000000996F00" bytesRequested="1168" />
<af-end id="1543" timestamp="2019-08-08T07:22:18.568" threadId="0000000000997888" success="true" />
<exclusive-end id="1544" timestamp="2019-08-08T07:22:18.568" durationms="38.815" />

<concurrent-kickoff id="1545" timestamp="2019-08-08T07:22:18.575">
  <kickoff reason="threshold reached" targetBytes="4868385" thresholdFreeBytes="660525" remainingFree="542888" tenureFreeBytes="542888" />
</concurrent-kickoff>
<exclusive-start id="1546" timestamp="2019-08-08T07:22:18.575" intervalms="45.302">
  <response-info timems="0.050" idlems="0.050" threads="0" lastid="0000000000996F00" lastname="main" />
</exclusive-start>
<cycle-start id="1547" type="global" contextid="0" timestamp="2019-08-08T07:22:18.575" intervalms="45.244" />
<exclusive-end id="1548" timestamp="2019-08-08T07:22:18.575" durationms="0.027" />

<exclusive-start id="1549" timestamp="2019-08-08T07:22:18.575" intervalms="0.507">
  <response-info timems="0.026" idlems="0.026" threads="0" lastid="0000000000996F00" lastname="main" />
</exclusive-start>
<af-start id="1550" threadId="0000000000997888" totalBytesRequested="1168" timestamp="2019-08-08T07:22:18.575" intervalms="45.804" />
<concurrent-aborted id="1551" timestamp="2019-08-08T07:22:18.575">
  <reason value="insufficient progress made" />
</concurrent-aborted>
<cycle-end id="1552" type="global" contextid="1547" timestamp="2019-08-08T07:22:18.575" />
  <attribute name="elasticGC enabled" value="1" />
  <attribute name= "numThreadsSpecified" value="16" />
  <attribute name="heapSize specified" value="33947648" />
  <attribute name="Current GC Util" value="41" />
  <attribute name= "Current Time Running" value="106178" />
  <attribute name ="GC Interval" value="0" />
  <attribute name="Target GC Util Change" value ="80.000000" />
  <attribute name="Current GC Util Change" value="41.000000"/>
  <attribute name="Current Error" value="-508.000000" />
  <attribute name="Output H" value="34248016"/>
  <attribute name="Output I" value="200"/>
  <attribute name="Output T" value="16"/>
  <attribute name= "Current Time Running" value="106178" />
  <attribute name="GC Util currently" value="41" />
  <attribute name="CPU Util currently" value="46112223500" />
<cycle-start id="1553" type="global" contextid="0" timestamp="2019-08-08T07:22:18.575" intervalms="0.574" />
<gc-start id="1554" type="global" contextid="1553" timestamp="2019-08-08T07:22:18.575">
  <mem-info id="1555" free="342016" total="34275328" percent="0">
    <mem type="tenure" free="342016" total="34275328" percent="0">
      <mem type="soa" free="0" total="33933312" percent="0" />
      <mem type="loa" free="342016" total="342016" percent="100" />
    </mem>
  </mem-info>
</gc-start>
<allocation-stats totalBytes="15834896" >
  <allocated-bytes non-tlh="0" tlh="15834896" />
  <largest-consumer threadName="main" threadId="0000000000996F00" bytes="15834896" />
</allocation-stats>
<gc-op id="1556" type="mark" timems="9.979" contextid="1553" timestamp="2019-08-08T07:22:18.586">
  <trace-info objectcount="602546" scancount="523376" scanbytes="13440456" />
  <finalization candidates="80" enqueued="0" />
  <ownableSynchronizers candidates="21" cleared="0" />
  <references type="soft" candidates="4181" cleared="0" enqueued="0" dynamicThreshold="15" maxThreshold="32" />
  <references type="weak" candidates="5584" cleared="0" enqueued="0" />
  <references type="phantom" candidates="97" cleared="0" enqueued="0" />
  <stringconstants candidates="13645" cleared="0"  />
</gc-op>
<gc-op id="1557" type="sweep" timems="2.914" contextid="1553" timestamp="2019-08-08T07:22:18.588" />
<mem-info id="1558" free="16238760" total="34275328" percent="47">
  <mem type="tenure" free="16238760" total="34275328" percent="47" micro-fragmented="0">
    <mem type="soa" free="15896744" total="33933312" percent="46" />
    <mem type="loa" free="342016" total="342016" percent="100" />
  </mem>
</mem-info>
<gc-op id="1559" type="compact" timems="25.463" contextid="1553" timestamp="2019-08-08T07:22:18.614">
  <compact-info movecount="1" movebytes="32" reason="compact to aid heap contraction" />
</gc-op>
<heap-resize id="1560" type="expand" space="tenure" amount="327680" count="1" timems="0.021" reason="satisfy allocation request" timestamp="2019-08-08T07:22:18.615" />
<gc-end id="1561" type="global" contextid="1553" durationms="39.215" usertimems="85.697" systemtimems="0.000" timestamp="2019-08-08T07:22:18.615" activeThreads="16">
  <mem-info id="1562" free="16500904" total="34603008" percent="47">
    <mem type="tenure" free="16500904" total="34603008" percent="47">
      <mem type="soa" free="16155816" total="34257920" percent="47" />
      <mem type="loa" free="345088" total="345088" percent="100" />
    </mem>
  </mem-info>
</gc-end>
<cycle-end id="1563" type="global" contextid="1553" timestamp="2019-08-08T07:22:18.615" />
  <attribute name="elasticGC enabled" value="1" />
  <attribute name= "numThreadsSpecified" value="16" />
  <attribute name="heapSize specified" value="34275328" />
  <attribute name="Current GC Util" value="36" />
  <attribute name= "Current Time Running" value="106224" />
  <attribute name ="GC Interval" value="0" />
  <attribute name="Target GC Util Change" value ="80.000000" />
  <attribute name="Current GC Util Change" value="36.000000"/>
  <attribute name="Current Error" value="-293.000000" />
  <attribute name="Output H" value="34576688"/>
  <attribute name="Output I" value="488"/>
  <attribute name="Output T" value="16"/>
  <attribute name= "Current Time Running" value="106224" />
  <attribute name="GC Util currently" value="36" />
  <attribute name="CPU Util currently" value="45198899765" />
<allocation-satisfied id="1564" threadId="0000000000996F00" bytesRequested="1168" />
<af-end id="1565" timestamp="2019-08-08T07:22:18.615" threadId="0000000000997888" success="true" />
<exclusive-end id="1566" timestamp="2019-08-08T07:22:18.615" durationms="39.451" />

<concurrent-kickoff id="1567" timestamp="2019-08-08T07:22:18.621">
  <kickoff reason="threshold reached" targetBytes="4914927" thresholdFreeBytes="666840" remainingFree="608424" tenureFreeBytes="608424" />
</concurrent-kickoff>
<exclusive-start id="1568" timestamp="2019-08-08T07:22:18.621" intervalms="46.135">
  <response-info timems="0.109" idlems="0.109" threads="0" lastid="0000000000996F00" lastname="main" />
</exclusive-start>
<cycle-start id="1569" type="global" contextid="0" timestamp="2019-08-08T07:22:18.622" intervalms="46.066" />
<exclusive-end id="1570" timestamp="2019-08-08T07:22:18.622" durationms="0.026" />

<exclusive-start id="1571" timestamp="2019-08-08T07:22:18.622" intervalms="0.587">
  <response-info timems="0.034" idlems="0.034" threads="0" lastid="0000000000996F00" lastname="main" />
</exclusive-start>
<af-start id="1572" threadId="0000000000997888" totalBytesRequested="1168" timestamp="2019-08-08T07:22:18.622" intervalms="46.738" />
<concurrent-aborted id="1573" timestamp="2019-08-08T07:22:18.622">
  <reason value="insufficient progress made" />
</concurrent-aborted>
<cycle-end id="1574" type="global" contextid="1569" timestamp="2019-08-08T07:22:18.622" />
  <attribute name="elasticGC enabled" value="1" />
  <attribute name= "numThreadsSpecified" value="16" />
  <attribute name="heapSize specified" value="34275328" />
  <attribute name="Current GC Util" value="36" />
  <attribute name= "Current Time Running" value="106224" />
  <attribute name ="GC Interval" value="0" />
  <attribute name="Target GC Util Change" value ="80.000000" />
  <attribute name="Current GC Util Change" value="36.000000"/>
  <attribute name="Current Error" value="-293.000000" />
  <attribute name="Output H" value="34576688"/>
  <attribute name="Output I" value="488"/>
  <attribute name="Output T" value="16"/>
  <attribute name= "Current Time Running" value="106224" />
  <attribute name="GC Util currently" value="36" />
  <attribute name="CPU Util currently" value="45198899765" />
<cycle-start id="1575" type="global" contextid="0" timestamp="2019-08-08T07:22:18.622" intervalms="0.670" />
<gc-start id="1576" type="global" contextid="1575" timestamp="2019-08-08T07:22:18.622">
  <mem-info id="1577" free="345088" total="34603008" percent="0">
    <mem type="tenure" free="345088" total="34603008" percent="0">
      <mem type="soa" free="0" total="34257920" percent="0" />
      <mem type="loa" free="345088" total="345088" percent="100" />
    </mem>
  </mem-info>
</gc-start>
<allocation-stats totalBytes="16160544" >
  <allocated-bytes non-tlh="0" tlh="16160544" />
  <largest-consumer threadName="main" threadId="0000000000996F00" bytes="16160544" />
</allocation-stats>
<gc-op id="1578" type="mark" timems="8.198" contextid="1575" timestamp="2019-08-08T07:22:18.631">
  <trace-info objectcount="602547" scancount="523378" scanbytes="13440480" />
  <finalization candidates="80" enqueued="0" />
  <ownableSynchronizers candidates="21" cleared="0" />
  <references type="soft" candidates="4181" cleared="0" enqueued="0" dynamicThreshold="15" maxThreshold="32" />
  <references type="weak" candidates="5584" cleared="0" enqueued="0" />
  <references type="phantom" candidates="97" cleared="0" enqueued="0" />
  <stringconstants candidates="13645" cleared="0"  />
</gc-op>
<gc-op id="1579" type="sweep" timems="3.404" contextid="1575" timestamp="2019-08-08T07:22:18.634" />
<mem-info id="1580" free="16566416" total="34603008" percent="47">
  <mem type="tenure" free="16566416" total="34603008" percent="47" micro-fragmented="0">
    <mem type="soa" free="16221328" total="34257920" percent="47" />
    <mem type="loa" free="345088" total="345088" percent="100" />
  </mem>
</mem-info>
<gc-op id="1581" type="compact" timems="26.791" contextid="1575" timestamp="2019-08-08T07:22:18.661">
  <compact-info movecount="2" movebytes="56" reason="compact to aid heap contraction" />
</gc-op>
<heap-resize id="1582" type="expand" space="tenure" amount="327680" count="1" timems="0.020" reason="satisfy allocation request" timestamp="2019-08-08T07:22:18.662" />
<gc-end id="1583" type="global" contextid="1575" durationms="39.300" usertimems="89.879" systemtimems="0.000" timestamp="2019-08-08T07:22:18.662" activeThreads="16">
  <mem-info id="1584" free="16828560" total="34930688" percent="48">
    <mem type="tenure" free="16828560" total="34930688" percent="48">
      <mem type="soa" free="16479376" total="34581504" percent="47" />
      <mem type="loa" free="349184" total="349184" percent="100" />
    </mem>
  </mem-info>
</gc-end>
<cycle-end id="1585" type="global" contextid="1575" timestamp="2019-08-08T07:22:18.662" />
  <attribute name="elasticGC enabled" value="1" />
  <attribute name= "numThreadsSpecified" value="16" />
  <attribute name="heapSize specified" value="34603008" />
  <attribute name="Current GC Util" value="47" />
  <attribute name= "Current Time Running" value="106271" />
  <attribute name ="GC Interval" value="0" />
  <attribute name="Target GC Util Change" value ="80.000000" />
  <attribute name="Current GC Util Change" value="47.000000"/>
  <attribute name="Current Error" value="-24.000000" />
  <attribute name="Output H" value="34905616"/>
  <attribute name="Output I" value="1888"/>
  <attribute name="Output T" value="16"/>
  <attribute name= "Current Time Running" value="106271" />
  <attribute name="GC Util currently" value="47" />
  <attribute name="CPU Util currently" value="42958474303" />
<allocation-satisfied id="1586" threadId="0000000000996F00" bytesRequested="1168" />
<af-end id="1587" timestamp="2019-08-08T07:22:18.662" threadId="0000000000997888" success="true" />
<exclusive-end id="1588" timestamp="2019-08-08T07:22:18.662" durationms="39.513" />

<concurrent-kickoff id="1589" timestamp="2019-08-08T07:22:18.679">
  <kickoff reason="threshold reached" targetBytes="4961470" thresholdFreeBytes="673156" remainingFree="542864" tenureFreeBytes="542864" />
</concurrent-kickoff>
<exclusive-start id="1590" timestamp="2019-08-08T07:22:18.679" intervalms="56.720">
  <response-info timems="0.079" idlems="0.079" threads="0" lastid="0000000000996F00" lastname="main" />
</exclusive-start>
<cycle-start id="1591" type="global" contextid="0" timestamp="2019-08-08T07:22:18.679" intervalms="56.628" />
<exclusive-end id="1592" timestamp="2019-08-08T07:22:18.679" durationms="0.013" />

<exclusive-start id="1593" timestamp="2019-08-08T07:22:18.680" intervalms="1.239">
  <response-info timems="0.412" idlems="0.412" threads="0" lastid="0000000000996F00" lastname="main" />
</exclusive-start>
<af-start id="1594" threadId="0000000000997888" totalBytesRequested="1168" timestamp="2019-08-08T07:22:18.680" intervalms="57.948" />
<concurrent-aborted id="1595" timestamp="2019-08-08T07:22:18.680">
  <reason value="insufficient progress made" />
</concurrent-aborted>
<cycle-end id="1596" type="global" contextid="1591" timestamp="2019-08-08T07:22:18.680" />
  <attribute name="elasticGC enabled" value="1" />
  <attribute name= "numThreadsSpecified" value="16" />
  <attribute name="heapSize specified" value="34603008" />
  <attribute name="Current GC Util" value="47" />
  <attribute name= "Current Time Running" value="106271" />
  <attribute name ="GC Interval" value="0" />
  <attribute name="Target GC Util Change" value ="80.000000" />
  <attribute name="Current GC Util Change" value="47.000000"/>
  <attribute name="Current Error" value="-24.000000" />
  <attribute name="Output H" value="34905616"/>
  <attribute name="Output I" value="1888"/>
  <attribute name="Output T" value="16"/>
  <attribute name= "Current Time Running" value="106271" />
  <attribute name="GC Util currently" value="47" />
  <attribute name="CPU Util currently" value="42958474303" />
<cycle-start id="1597" type="global" contextid="0" timestamp="2019-08-08T07:22:18.680" intervalms="1.301" />
<gc-start id="1598" type="global" contextid="1597" timestamp="2019-08-08T07:22:18.680">
  <mem-info id="1599" free="349184" total="34930688" percent="0">
    <mem type="tenure" free="349184" total="34930688" percent="0">
      <mem type="soa" free="0" total="34581504" percent="0" />
      <mem type="loa" free="349184" total="349184" percent="100" />
    </mem>
  </mem-info>
</gc-start>
<allocation-stats totalBytes="16486872" >
  <allocated-bytes non-tlh="0" tlh="16486872" />
  <largest-consumer threadName="main" threadId="0000000000996F00" bytes="16486872" />
</allocation-stats>
<gc-op id="1600" type="mark" timems="16.327" contextid="1597" timestamp="2019-08-08T07:22:18.697">
  <trace-info objectcount="602547" scancount="523381" scanbytes="13440480" />
  <finalization candidates="80" enqueued="0" />
  <ownableSynchronizers candidates="21" cleared="0" />
  <references type="soft" candidates="4181" cleared="0" enqueued="0" dynamicThreshold="15" maxThreshold="32" />
  <references type="weak" candidates="5584" cleared="0" enqueued="0" />
  <references type="phantom" candidates="97" cleared="0" enqueued="0" />
  <stringconstants candidates="13645" cleared="0"  />
</gc-op>
<gc-op id="1601" type="sweep" timems="5.064" contextid="1597" timestamp="2019-08-08T07:22:18.702" />
<mem-info id="1602" free="16894096" total="34930688" percent="48">
  <mem type="tenure" free="16894096" total="34930688" percent="48" micro-fragmented="0">
    <mem type="soa" free="16544912" total="34581504" percent="47" />
    <mem type="loa" free="349184" total="349184" percent="100" />
  </mem>
</mem-info>
<gc-op id="1603" type="compact" timems="24.104" contextid="1597" timestamp="2019-08-08T07:22:18.726">
  <compact-info movecount="2" movebytes="56" reason="compact to aid heap contraction" />
</gc-op>
<heap-resize id="1604" type="expand" space="tenure" amount="327680" count="1" timems="0.045" reason="satisfy allocation request" timestamp="2019-08-08T07:22:18.727" />
<gc-end id="1605" type="global" contextid="1597" durationms="46.677" usertimems="150.340" systemtimems="0.000" timestamp="2019-08-08T07:22:18.727" activeThreads="16">
  <mem-info id="1606" free="17156240" total="35258368" percent="48">
    <mem type="tenure" free="17156240" total="35258368" percent="48">
      <mem type="soa" free="16803984" total="34906112" percent="48" />
      <mem type="loa" free="352256" total="352256" percent="100" />
    </mem>
  </mem-info>
</gc-end>
<cycle-end id="1607" type="global" contextid="1597" timestamp="2019-08-08T07:22:18.727" />
  <attribute name="elasticGC enabled" value="1" />
  <attribute name= "numThreadsSpecified" value="16" />
  <attribute name="heapSize specified" value="34930688" />
  <attribute name="Current GC Util" value="45" />
  <attribute name= "Current Time Running" value="106336" />
  <attribute name ="GC Interval" value="0" />
  <attribute name="Target GC Util Change" value ="80.000000" />
  <attribute name="Current GC Util Change" value="45.000000"/>
  <attribute name="Current Error" value="7.000000" />
  <attribute name="Output H" value="35233432"/>
  <attribute name="Output I" value="2048"/>
  <attribute name="Output T" value="16"/>
  <attribute name= "Current Time Running" value="106336" />
  <attribute name="GC Util currently" value="45" />
  <attribute name="CPU Util currently" value="47733401833" />
<allocation-satisfied id="1608" threadId="0000000000996F00" bytesRequested="1168" />
<af-end id="1609" timestamp="2019-08-08T07:22:18.727" threadId="0000000000997888" success="true" />
<exclusive-end id="1610" timestamp="2019-08-08T07:22:18.727" durationms="46.879" />

<concurrent-kickoff id="1611" timestamp="2019-08-08T07:22:18.735">
  <kickoff reason="threshold reached" targetBytes="5008014" thresholdFreeBytes="679471" remainingFree="608400" tenureFreeBytes="608400" />
</concurrent-kickoff>
<exclusive-start id="1612" timestamp="2019-08-08T07:22:18.735" intervalms="55.433">
  <response-info timems="0.091" idlems="0.091" threads="0" lastid="0000000000996F00" lastname="main" />
</exclusive-start>
<cycle-start id="1613" type="global" contextid="0" timestamp="2019-08-08T07:22:18.736" intervalms="55.396" />
<exclusive-end id="1614" timestamp="2019-08-08T07:22:18.736" durationms="0.039" />

<exclusive-start id="1615" timestamp="2019-08-08T07:22:18.736" intervalms="0.571">
  <response-info timems="0.046" idlems="0.046" threads="0" lastid="0000000000996F00" lastname="main" />
</exclusive-start>
<af-start id="1616" threadId="0000000000997888" totalBytesRequested="1168" timestamp="2019-08-08T07:22:18.736" intervalms="56.001" />
<concurrent-aborted id="1617" timestamp="2019-08-08T07:22:18.736">
  <reason value="insufficient progress made" />
</concurrent-aborted>
<cycle-end id="1618" type="global" contextid="1613" timestamp="2019-08-08T07:22:18.736" />
  <attribute name="elasticGC enabled" value="1" />
  <attribute name= "numThreadsSpecified" value="16" />
  <attribute name="heapSize specified" value="34930688" />
  <attribute name="Current GC Util" value="45" />
  <attribute name= "Current Time Running" value="106336" />
  <attribute name ="GC Interval" value="0" />
  <attribute name="Target GC Util Change" value ="80.000000" />
  <attribute name="Current GC Util Change" value="45.000000"/>
  <attribute name="Current Error" value="7.000000" />
  <attribute name="Output H" value="35233432"/>
  <attribute name="Output I" value="2048"/>
  <attribute name="Output T" value="16"/>
  <attribute name= "Current Time Running" value="106336" />
  <attribute name="GC Util currently" value="45" />
  <attribute name="CPU Util currently" value="47733401833" />
<cycle-start id="1619" type="global" contextid="0" timestamp="2019-08-08T07:22:18.736" intervalms="0.606" />
<gc-start id="1620" type="global" contextid="1619" timestamp="2019-08-08T07:22:18.736">
  <mem-info id="1621" free="352256" total="35258368" percent="0">
    <mem type="tenure" free="352256" total="35258368" percent="0">
      <mem type="soa" free="0" total="34906112" percent="0" />
      <mem type="loa" free="352256" total="352256" percent="100" />
    </mem>
  </mem-info>
</gc-start>
<allocation-stats totalBytes="16811032" >
  <allocated-bytes non-tlh="0" tlh="16811032" />
  <largest-consumer threadName="main" threadId="0000000000996F00" bytes="16811032" />
</allocation-stats>
<gc-op id="1622" type="mark" timems="11.028" contextid="1619" timestamp="2019-08-08T07:22:18.747">
  <trace-info objectcount="602547" scancount="523378" scanbytes="13440480" />
  <finalization candidates="80" enqueued="0" />
  <ownableSynchronizers candidates="21" cleared="0" />
  <references type="soft" candidates="4181" cleared="0" enqueued="0" dynamicThreshold="15" maxThreshold="32" />
  <references type="weak" candidates="5584" cleared="0" enqueued="0" />
  <references type="phantom" candidates="97" cleared="0" enqueued="0" />
  <stringconstants candidates="13645" cleared="0"  />
</gc-op>
<gc-op id="1623" type="sweep" timems="3.034" contextid="1619" timestamp="2019-08-08T07:22:18.750" />
<mem-info id="1624" free="17221184" total="35258368" percent="48">
  <mem type="tenure" free="17221184" total="35258368" percent="48" micro-fragmented="0">
    <mem type="soa" free="16868928" total="34906112" percent="48" />
    <mem type="loa" free="352256" total="352256" percent="100" />
  </mem>
</mem-info>
<gc-op id="1625" type="compact" timems="23.491" contextid="1619" timestamp="2019-08-08T07:22:18.774">
  <compact-info movecount="2" movebytes="56" reason="compact to aid heap contraction" />
</gc-op>
<heap-resize id="1626" type="expand" space="tenure" amount="327680" count="1" timems="0.019" reason="satisfy allocation request" timestamp="2019-08-08T07:22:18.775" />
<gc-end id="1627" type="global" contextid="1619" durationms="38.692" usertimems="104.935" systemtimems="0.000" timestamp="2019-08-08T07:22:18.775" activeThreads="16">
  <mem-info id="1628" free="17483920" total="35586048" percent="49">
    <mem type="tenure" free="17483920" total="35586048" percent="49">
      <mem type="soa" free="17128592" total="35230720" percent="48" />
      <mem type="loa" free="355328" total="355328" percent="100" />
    </mem>
  </mem-info>
</gc-end>
<cycle-end id="1629" type="global" contextid="1619" timestamp="2019-08-08T07:22:18.775" />
  <attribute name="elasticGC enabled" value="1" />
  <attribute name= "numThreadsSpecified" value="16" />
  <attribute name="heapSize specified" value="35258368" />
  <attribute name="Current GC Util" value="44" />
  <attribute name= "Current Time Running" value="106384" />
  <attribute name ="GC Interval" value="0" />
  <attribute name="Target GC Util Change" value ="80.000000" />
  <attribute name="Current GC Util Change" value="44.000000"/>
  <attribute name="Current Error" value="36.000000" />
  <attribute name="Output H" value="35561248"/>
  <attribute name="Output I" value="2200"/>
  <attribute name="Output T" value="16"/>
  <attribute name= "Current Time Running" value="106384" />
  <attribute name="GC Util currently" value="44" />
  <attribute name="CPU Util currently" value="48946372008" />
<allocation-satisfied id="1630" threadId="0000000000996F00" bytesRequested="1168" />
<af-end id="1631" timestamp="2019-08-08T07:22:18.775" threadId="0000000000997888" success="true" />
<exclusive-end id="1632" timestamp="2019-08-08T07:22:18.775" durationms="38.862" />

<concurrent-kickoff id="1633" timestamp="2019-08-08T07:22:18.784">
  <kickoff reason="threshold reached" targetBytes="5054556" thresholdFreeBytes="685785" remainingFree="673936" tenureFreeBytes="673936" />
</concurrent-kickoff>
<exclusive-start id="1634" timestamp="2019-08-08T07:22:18.784" intervalms="47.959">
  <response-info timems="0.049" idlems="0.049" threads="0" lastid="0000000000996F00" lastname="main" />
</exclusive-start>
<cycle-start id="1635" type="global" contextid="0" timestamp="2019-08-08T07:22:18.784" intervalms="47.899" />
<exclusive-end id="1636" timestamp="2019-08-08T07:22:18.784" durationms="0.013" />

<exclusive-start id="1637" timestamp="2019-08-08T07:22:18.785" intervalms="0.553">
  <response-info timems="0.035" idlems="0.035" threads="0" lastid="0000000000996F00" lastname="main" />
</exclusive-start>
<af-start id="1638" threadId="0000000000997888" totalBytesRequested="1168" timestamp="2019-08-08T07:22:18.785" intervalms="48.510" />
<concurrent-aborted id="1639" timestamp="2019-08-08T07:22:18.785">
  <reason value="insufficient progress made" />
</concurrent-aborted>
<cycle-end id="1640" type="global" contextid="1635" timestamp="2019-08-08T07:22:18.785" />
  <attribute name="elasticGC enabled" value="1" />
  <attribute name= "numThreadsSpecified" value="16" />
  <attribute name="heapSize specified" value="35258368" />
  <attribute name="Current GC Util" value="44" />
  <attribute name= "Current Time Running" value="106384" />
  <attribute name ="GC Interval" value="0" />
  <attribute name="Target GC Util Change" value ="80.000000" />
  <attribute name="Current GC Util Change" value="44.000000"/>
  <attribute name="Current Error" value="36.000000" />
  <attribute name="Output H" value="35561248"/>
  <attribute name="Output I" value="2200"/>
  <attribute name="Output T" value="16"/>
  <attribute name= "Current Time Running" value="106384" />
  <attribute name="GC Util currently" value="44" />
  <attribute name="CPU Util currently" value="48946372008" />
<cycle-start id="1641" type="global" contextid="0" timestamp="2019-08-08T07:22:18.785" intervalms="0.609" />
<gc-start id="1642" type="global" contextid="1641" timestamp="2019-08-08T07:22:18.785">
  <mem-info id="1643" free="355328" total="35586048" percent="0">
    <mem type="tenure" free="355328" total="35586048" percent="0">
      <mem type="soa" free="0" total="35230720" percent="0" />
      <mem type="loa" free="355328" total="355328" percent="100" />
    </mem>
  </mem-info>
</gc-start>
<allocation-stats totalBytes="17133936" >
  <allocated-bytes non-tlh="0" tlh="17133936" />
  <largest-consumer threadName="main" threadId="0000000000996F00" bytes="17133936" />
</allocation-stats>
<gc-op id="1644" type="mark" timems="9.145" contextid="1641" timestamp="2019-08-08T07:22:18.794">
  <trace-info objectcount="602547" scancount="523378" scanbytes="13440480" />
  <finalization candidates="80" enqueued="0" />
  <ownableSynchronizers candidates="21" cleared="0" />
  <references type="soft" candidates="4181" cleared="0" enqueued="0" dynamicThreshold="15" maxThreshold="32" />
  <references type="weak" candidates="5584" cleared="0" enqueued="0" />
  <references type="phantom" candidates="97" cleared="0" enqueued="0" />
  <stringconstants candidates="13645" cleared="0"  />
</gc-op>
<gc-op id="1645" type="sweep" timems="3.108" contextid="1641" timestamp="2019-08-08T07:22:18.797" />
<mem-info id="1646" free="17549456" total="35586048" percent="49">
  <mem type="tenure" free="17549456" total="35586048" percent="49" micro-fragmented="0">
    <mem type="soa" free="17194128" total="35230720" percent="48" />
    <mem type="loa" free="355328" total="355328" percent="100" />
  </mem>
</mem-info>
<gc-op id="1647" type="compact" timems="24.346" contextid="1641" timestamp="2019-08-08T07:22:18.821">
  <compact-info movecount="2" movebytes="56" reason="compact to aid heap contraction" />
</gc-op>
<heap-resize id="1648" type="expand" space="tenure" amount="327680" count="1" timems="0.020" reason="satisfy allocation request" timestamp="2019-08-08T07:22:18.822" />
<gc-end id="1649" type="global" contextid="1641" durationms="37.583" usertimems="89.865" systemtimems="0.000" timestamp="2019-08-08T07:22:18.822" activeThreads="16">
  <mem-info id="1650" free="17811600" total="35913728" percent="49">
    <mem type="tenure" free="17811600" total="35913728" percent="49">
      <mem type="soa" free="17453200" total="35555328" percent="49" />
      <mem type="loa" free="358400" total="358400" percent="100" />
    </mem>
  </mem-info>
</gc-end>
<cycle-end id="1651" type="global" contextid="1641" timestamp="2019-08-08T07:22:18.822" />
  <attribute name="elasticGC enabled" value="1" />
  <attribute name= "numThreadsSpecified" value="16" />
  <attribute name="heapSize specified" value="35586048" />
  <attribute name="Current GC Util" value="43" />
  <attribute name= "Current Time Running" value="106432" />
  <attribute name ="GC Interval" value="0" />
  <attribute name="Target GC Util Change" value ="80.000000" />
  <attribute name="Current GC Util Change" value="43.000000"/>
  <attribute name="Current Error" value="-520.000000" />
  <attribute name="Output H" value="35886360"/>
  <attribute name="Output I" value="200"/>
  <attribute name="Output T" value="16"/>
  <attribute name= "Current Time Running" value="106432" />
  <attribute name="GC Util currently" value="43" />
  <attribute name="CPU Util currently" value="47294289645" />
<allocation-satisfied id="1652" threadId="0000000000996F00" bytesRequested="1168" />
<af-end id="1653" timestamp="2019-08-08T07:22:18.822" threadId="0000000000997888" success="true" />
<exclusive-end id="1654" timestamp="2019-08-08T07:22:18.822" durationms="37.803" />

<concurrent-kickoff id="1655" timestamp="2019-08-08T07:22:18.829">
  <kickoff reason="threshold reached" targetBytes="5101099" thresholdFreeBytes="692100" remainingFree="608400" tenureFreeBytes="608400" />
</concurrent-kickoff>
<exclusive-start id="1656" timestamp="2019-08-08T07:22:18.829" intervalms="44.539">
  <response-info timems="0.032" idlems="0.032" threads="0" lastid="0000000000996F00" lastname="main" />
</exclusive-start>
<cycle-start id="1657" type="global" contextid="0" timestamp="2019-08-08T07:22:18.829" intervalms="44.487" />
<exclusive-end id="1658" timestamp="2019-08-08T07:22:18.829" durationms="0.017" />

<exclusive-start id="1659" timestamp="2019-08-08T07:22:18.829" intervalms="0.347">
  <response-info timems="0.032" idlems="0.032" threads="0" lastid="0000000000996F00" lastname="main" />
</exclusive-start>
<af-start id="1660" threadId="0000000000997888" totalBytesRequested="1168" timestamp="2019-08-08T07:22:18.829" intervalms="44.886" />
<concurrent-aborted id="1661" timestamp="2019-08-08T07:22:18.829">
  <reason value="insufficient progress made" />
</concurrent-aborted>
<cycle-end id="1662" type="global" contextid="1657" timestamp="2019-08-08T07:22:18.829" />
  <attribute name="elasticGC enabled" value="1" />
  <attribute name= "numThreadsSpecified" value="16" />
  <attribute name="heapSize specified" value="35586048" />
  <attribute name="Current GC Util" value="43" />
  <attribute name= "Current Time Running" value="106432" />
  <attribute name ="GC Interval" value="0" />
  <attribute name="Target GC Util Change" value ="80.000000" />
  <attribute name="Current GC Util Change" value="43.000000"/>
  <attribute name="Current Error" value="-520.000000" />
  <attribute name="Output H" value="35886360"/>
  <attribute name="Output I" value="200"/>
  <attribute name="Output T" value="16"/>
  <attribute name= "Current Time Running" value="106432" />
  <attribute name="GC Util currently" value="43" />
  <attribute name="CPU Util currently" value="47294289645" />
<cycle-start id="1663" type="global" contextid="0" timestamp="2019-08-08T07:22:18.830" intervalms="0.407" />
<gc-start id="1664" type="global" contextid="1663" timestamp="2019-08-08T07:22:18.830">
  <mem-info id="1665" free="358400" total="35913728" percent="0">
    <mem type="tenure" free="358400" total="35913728" percent="0">
      <mem type="soa" free="0" total="35555328" percent="0" />
      <mem type="loa" free="358400" total="358400" percent="100" />
    </mem>
  </mem-info>
</gc-start>
<allocation-stats totalBytes="17458072" >
  <allocated-bytes non-tlh="0" tlh="17458072" />
  <largest-consumer threadName="main" threadId="0000000000996F00" bytes="17458072" />
</allocation-stats>
<gc-op id="1666" type="mark" timems="9.457" contextid="1663" timestamp="2019-08-08T07:22:18.839">
  <trace-info objectcount="602547" scancount="523378" scanbytes="13440480" />
  <finalization candidates="80" enqueued="0" />
  <ownableSynchronizers candidates="21" cleared="0" />
  <references type="soft" candidates="4181" cleared="0" enqueued="0" dynamicThreshold="15" maxThreshold="32" />
  <references type="weak" candidates="5584" cleared="0" enqueued="0" />
  <references type="phantom" candidates="97" cleared="0" enqueued="0" />
  <stringconstants candidates="13645" cleared="0"  />
</gc-op>
<gc-op id="1667" type="sweep" timems="2.843" contextid="1663" timestamp="2019-08-08T07:22:18.842" />
<mem-info id="1668" free="17876528" total="35913728" percent="49">
  <mem type="tenure" free="17876528" total="35913728" percent="49" micro-fragmented="0">
    <mem type="soa" free="17518128" total="35555328" percent="49" />
    <mem type="loa" free="358400" total="358400" percent="100" />
  </mem>
</mem-info>
<gc-op id="1669" type="compact" timems="24.595" contextid="1663" timestamp="2019-08-08T07:22:18.867">
  <compact-info movecount="2" movebytes="56" reason="compact to aid heap contraction" />
</gc-op>
<heap-resize id="1670" type="expand" space="tenure" amount="327680" count="1" timems="0.025" reason="satisfy allocation request" timestamp="2019-08-08T07:22:18.868" />
<gc-end id="1671" type="global" contextid="1663" durationms="38.310" usertimems="94.779" systemtimems="0.000" timestamp="2019-08-08T07:22:18.868" activeThreads="16">
  <mem-info id="1672" free="18139280" total="36241408" percent="50">
    <mem type="tenure" free="18139280" total="36241408" percent="50">
      <mem type="soa" free="17777808" total="35879936" percent="49" />
      <mem type="loa" free="361472" total="361472" percent="100" />
    </mem>
  </mem-info>
</gc-end>
<cycle-end id="1673" type="global" contextid="1663" timestamp="2019-08-08T07:22:18.868" />
  <attribute name="elasticGC enabled" value="1" />
  <attribute name= "numThreadsSpecified" value="16" />
  <attribute name="heapSize specified" value="35913728" />
  <attribute name="Current GC Util" value="58" />
  <attribute name= "Current Time Running" value="106477" />
  <attribute name ="GC Interval" value="0" />
  <attribute name="Target GC Util Change" value ="80.000000" />
  <attribute name="Current GC Util Change" value="58.000000"/>
  <attribute name="Current Error" value="-671.000000" />
  <attribute name="Output H" value="36213344"/>
  <attribute name="Output I" value="200"/>
  <attribute name="Output T" value="16"/>
  <attribute name= "Current Time Running" value="106477" />
  <attribute name="GC Util currently" value="58" />
  <attribute name="CPU Util currently" value="46800695337" />
<allocation-satisfied id="1674" threadId="0000000000996F00" bytesRequested="1168" />
<af-end id="1675" timestamp="2019-08-08T07:22:18.868" threadId="0000000000997888" success="true" />
<exclusive-end id="1676" timestamp="2019-08-08T07:22:18.868" durationms="38.502" />

<concurrent-kickoff id="1677" timestamp="2019-08-08T07:22:18.874">
  <kickoff reason="threshold reached" targetBytes="5147642" thresholdFreeBytes="698414" remainingFree="673936" tenureFreeBytes="673936" />
</concurrent-kickoff>
<exclusive-start id="1678" timestamp="2019-08-08T07:22:18.875" intervalms="45.471">
  <response-info timems="0.344" idlems="0.344" threads="0" lastid="0000000000996F00" lastname="main" />
</exclusive-start>
<cycle-start id="1679" type="global" contextid="0" timestamp="2019-08-08T07:22:18.875" intervalms="45.417" />
<exclusive-end id="1680" timestamp="2019-08-08T07:22:18.875" durationms="0.024" />

<exclusive-start id="1681" timestamp="2019-08-08T07:22:18.875" intervalms="0.512">
  <response-info timems="0.124" idlems="0.124" threads="0" lastid="0000000000996F00" lastname="main" />
</exclusive-start>
<af-start id="1682" threadId="0000000000997888" totalBytesRequested="1168" timestamp="2019-08-08T07:22:18.875" intervalms="45.987" />
<concurrent-aborted id="1683" timestamp="2019-08-08T07:22:18.875">
  <reason value="insufficient progress made" />
</concurrent-aborted>
<cycle-end id="1684" type="global" contextid="1679" timestamp="2019-08-08T07:22:18.875" />
  <attribute name="elasticGC enabled" value="1" />
  <attribute name= "numThreadsSpecified" value="16" />
  <attribute name="heapSize specified" value="35913728" />
  <attribute name="Current GC Util" value="58" />
  <attribute name= "Current Time Running" value="106477" />
  <attribute name ="GC Interval" value="0" />
  <attribute name="Target GC Util Change" value ="80.000000" />
  <attribute name="Current GC Util Change" value="58.000000"/>
  <attribute name="Current Error" value="-671.000000" />
  <attribute name="Output H" value="36213344"/>
  <attribute name="Output I" value="200"/>
  <attribute name="Output T" value="16"/>
  <attribute name= "Current Time Running" value="106477" />
  <attribute name="GC Util currently" value="58" />
  <attribute name="CPU Util currently" value="46800695337" />
<cycle-start id="1685" type="global" contextid="0" timestamp="2019-08-08T07:22:18.876" intervalms="0.573" />
<gc-start id="1686" type="global" contextid="1685" timestamp="2019-08-08T07:22:18.876">
  <mem-info id="1687" free="361472" total="36241408" percent="0">
    <mem type="tenure" free="361472" total="36241408" percent="0">
      <mem type="soa" free="0" total="35879936" percent="0" />
      <mem type="loa" free="361472" total="361472" percent="100" />
    </mem>
  </mem-info>
</gc-start>
<allocation-stats totalBytes="17781000" >
  <allocated-bytes non-tlh="0" tlh="17781000" />
  <largest-consumer threadName="main" threadId="0000000000996F00" bytes="17781000" />
</allocation-stats>
<gc-op id="1688" type="mark" timems="9.150" contextid="1685" timestamp="2019-08-08T07:22:18.885">
  <trace-info objectcount="602547" scancount="523379" scanbytes="13440480" />
  <finalization candidates="80" enqueued="0" />
  <ownableSynchronizers candidates="21" cleared="0" />
  <references type="soft" candidates="4181" cleared="0" enqueued="0" dynamicThreshold="16" maxThreshold="32" />
  <references type="weak" candidates="5584" cleared="0" enqueued="0" />
  <references type="phantom" candidates="97" cleared="0" enqueued="0" />
  <stringconstants candidates="13645" cleared="0"  />
</gc-op>
<gc-op id="1689" type="sweep" timems="2.948" contextid="1685" timestamp="2019-08-08T07:22:18.888" />
<mem-info id="1690" free="18204816" total="36241408" percent="50">
  <mem type="tenure" free="18204816" total="36241408" percent="50" micro-fragmented="0">
    <mem type="soa" free="17843344" total="35879936" percent="49" />
    <mem type="loa" free="361472" total="361472" percent="100" />
  </mem>
</mem-info>
<gc-op id="1691" type="compact" timems="24.376" contextid="1685" timestamp="2019-08-08T07:22:18.912">
  <compact-info movecount="2" movebytes="56" reason="compact to aid heap contraction" />
</gc-op>
<heap-resize id="1692" type="expand" space="tenure" amount="327680" count="1" timems="0.022" reason="satisfy allocation request" timestamp="2019-08-08T07:22:18.913" />
<gc-end id="1693" type="global" contextid="1685" durationms="37.281" usertimems="95.254" systemtimems="0.000" timestamp="2019-08-08T07:22:18.913" activeThreads="16">
  <mem-info id="1694" free="18466960" total="36569088" percent="50">
    <mem type="tenure" free="18466960" total="36569088" percent="50">
      <mem type="soa" free="18101392" total="36203520" percent="49" />
      <mem type="loa" free="365568" total="365568" percent="100" />
    </mem>
  </mem-info>
</gc-end>
<cycle-end id="1695" type="global" contextid="1685" timestamp="2019-08-08T07:22:18.913" />
  <attribute name="elasticGC enabled" value="1" />
  <attribute name= "numThreadsSpecified" value="16" />
  <attribute name="heapSize specified" value="36241408" />
  <attribute name="Current GC Util" value="52" />
  <attribute name= "Current Time Running" value="106523" />
  <attribute name ="GC Interval" value="0" />
  <attribute name="Target GC Util Change" value ="80.000000" />
  <attribute name="Current GC Util Change" value="52.000000"/>
  <attribute name="Current Error" value="-452.000000" />
  <attribute name="Output H" value="36542040"/>
  <attribute name="Output I" value="200"/>
  <attribute name="Output T" value="16"/>
  <attribute name= "Current Time Running" value="106523" />
  <attribute name="GC Util currently" value="52" />
  <attribute name="CPU Util currently" value="47256573671" />
<allocation-satisfied id="1696" threadId="0000000000996F00" bytesRequested="1168" />
<af-end id="1697" timestamp="2019-08-08T07:22:18.913" threadId="0000000000997888" success="true" />
<exclusive-end id="1698" timestamp="2019-08-08T07:22:18.913" durationms="37.480" />

<concurrent-kickoff id="1699" timestamp="2019-08-08T07:22:18.920">
  <kickoff reason="threshold reached" targetBytes="5194185" thresholdFreeBytes="704729" remainingFree="608400" tenureFreeBytes="608400" />
</concurrent-kickoff>
<exclusive-start id="1700" timestamp="2019-08-08T07:22:18.920" intervalms="44.737">
  <response-info timems="0.248" idlems="0.248" threads="0" lastid="0000000000996F00" lastname="main" />
</exclusive-start>
<cycle-start id="1701" type="global" contextid="0" timestamp="2019-08-08T07:22:18.920" intervalms="44.679" />
<exclusive-end id="1702" timestamp="2019-08-08T07:22:18.920" durationms="0.027" />

<exclusive-start id="1703" timestamp="2019-08-08T07:22:18.921" intervalms="0.370">
  <response-info timems="0.037" idlems="0.037" threads="0" lastid="0000000000996F00" lastname="main" />
</exclusive-start>
<af-start id="1704" threadId="0000000000997888" totalBytesRequested="1168" timestamp="2019-08-08T07:22:18.921" intervalms="45.102" />
<concurrent-aborted id="1705" timestamp="2019-08-08T07:22:18.921">
  <reason value="insufficient progress made" />
</concurrent-aborted>
<cycle-end id="1706" type="global" contextid="1701" timestamp="2019-08-08T07:22:18.921" />
  <attribute name="elasticGC enabled" value="1" />
  <attribute name= "numThreadsSpecified" value="16" />
  <attribute name="heapSize specified" value="36241408" />
  <attribute name="Current GC Util" value="52" />
  <attribute name= "Current Time Running" value="106523" />
  <attribute name ="GC Interval" value="0" />
  <attribute name="Target GC Util Change" value ="80.000000" />
  <attribute name="Current GC Util Change" value="52.000000"/>
  <attribute name="Current Error" value="-452.000000" />
  <attribute name="Output H" value="36542040"/>
  <attribute name="Output I" value="200"/>
  <attribute name="Output T" value="16"/>
  <attribute name= "Current Time Running" value="106523" />
  <attribute name="GC Util currently" value="52" />
  <attribute name="CPU Util currently" value="47256573671" />
<cycle-start id="1707" type="global" contextid="0" timestamp="2019-08-08T07:22:18.921" intervalms="0.432" />
<gc-start id="1708" type="global" contextid="1707" timestamp="2019-08-08T07:22:18.921">
  <mem-info id="1709" free="365568" total="36569088" percent="0">
    <mem type="tenure" free="365568" total="36569088" percent="0">
      <mem type="soa" free="0" total="36203520" percent="0" />
      <mem type="loa" free="365568" total="365568" percent="100" />
    </mem>
  </mem-info>
</gc-start>
<allocation-stats totalBytes="18103904" >
  <allocated-bytes non-tlh="0" tlh="18103904" />
  <largest-consumer threadName="main" threadId="0000000000996F00" bytes="18103904" />
</allocation-stats>
<gc-op id="1710" type="mark" timems="9.148" contextid="1707" timestamp="2019-08-08T07:22:18.930">
  <trace-info objectcount="602547" scancount="523381" scanbytes="13440480" />
  <finalization candidates="80" enqueued="0" />
  <ownableSynchronizers candidates="21" cleared="0" />
  <references type="soft" candidates="4181" cleared="0" enqueued="0" dynamicThreshold="16" maxThreshold="32" />
  <references type="weak" candidates="5584" cleared="0" enqueued="0" />
  <references type="phantom" candidates="97" cleared="0" enqueued="0" />
  <stringconstants candidates="13645" cleared="0"  />
</gc-op>
<gc-op id="1711" type="sweep" timems="3.531" contextid="1707" timestamp="2019-08-08T07:22:18.933" />
<mem-info id="1712" free="18532496" total="36569088" percent="50">
  <mem type="tenure" free="18532496" total="36569088" percent="50" micro-fragmented="0">
    <mem type="soa" free="18166928" total="36203520" percent="50" />
    <mem type="loa" free="365568" total="365568" percent="100" />
  </mem>
</mem-info>
<gc-op id="1713" type="compact" timems="25.168" contextid="1707" timestamp="2019-08-08T07:22:18.959">
  <compact-info movecount="2" movebytes="56" reason="compact to aid heap contraction" />
</gc-op>
<heap-resize id="1714" type="expand" space="tenure" amount="327680" count="1" timems="0.025" reason="satisfy allocation request" timestamp="2019-08-08T07:22:18.960" />
<gc-end id="1715" type="global" contextid="1707" durationms="38.927" usertimems="93.190" systemtimems="0.000" timestamp="2019-08-08T07:22:18.960" activeThreads="16">
  <mem-info id="1716" free="18794640" total="36896768" percent="50">
    <mem type="tenure" free="18794640" total="36896768" percent="50">
      <mem type="soa" free="18426000" total="36528128" percent="50" />
      <mem type="loa" free="368640" total="368640" percent="100" />
    </mem>
  </mem-info>
</gc-end>
<cycle-end id="1717" type="global" contextid="1707" timestamp="2019-08-08T07:22:18.960" />
  <attribute name="elasticGC enabled" value="1" />
  <attribute name= "numThreadsSpecified" value="16" />
  <attribute name="heapSize specified" value="36569088" />
  <attribute name="Current GC Util" value="47" />
  <attribute name= "Current Time Running" value="106569" />
  <attribute name ="GC Interval" value="0" />
  <attribute name="Target GC Util Change" value ="80.000000" />
  <attribute name="Current GC Util Change" value="47.000000"/>
  <attribute name="Current Error" value="12.000000" />
  <attribute name="Output H" value="36871856"/>
  <attribute name="Output I" value="2072"/>
  <attribute name="Output T" value="16"/>
  <attribute name= "Current Time Running" value="106569" />
  <attribute name="GC Util currently" value="47" />
  <attribute name="CPU Util currently" value="45713798122" />
<allocation-satisfied id="1718" threadId="0000000000996F00" bytesRequested="1168" />
<af-end id="1719" timestamp="2019-08-08T07:22:18.960" threadId="0000000000997888" success="true" />
<exclusive-end id="1720" timestamp="2019-08-08T07:22:18.960" durationms="39.130" />

<concurrent-kickoff id="1721" timestamp="2019-08-08T07:22:18.966">
  <kickoff reason="threshold reached" targetBytes="5240729" thresholdFreeBytes="711045" remainingFree="673936" tenureFreeBytes="673936" />
</concurrent-kickoff>
<exclusive-start id="1722" timestamp="2019-08-08T07:22:18.966" intervalms="45.900">
  <response-info timems="0.044" idlems="0.044" threads="0" lastid="0000000000996F00" lastname="main" />
</exclusive-start>
<cycle-start id="1723" type="global" contextid="0" timestamp="2019-08-08T07:22:18.966" intervalms="45.834" />
<exclusive-end id="1724" timestamp="2019-08-08T07:22:18.966" durationms="0.021" />

<exclusive-start id="1725" timestamp="2019-08-08T07:22:18.967" intervalms="0.429">
  <response-info timems="0.071" idlems="0.071" threads="0" lastid="0000000000996F00" lastname="main" />
</exclusive-start>
<af-start id="1726" threadId="0000000000997888" totalBytesRequested="1168" timestamp="2019-08-08T07:22:18.967" intervalms="46.330" />
<concurrent-aborted id="1727" timestamp="2019-08-08T07:22:18.967">
  <reason value="insufficient progress made" />
</concurrent-aborted>
<cycle-end id="1728" type="global" contextid="1723" timestamp="2019-08-08T07:22:18.967" />
  <attribute name="elasticGC enabled" value="1" />
  <attribute name= "numThreadsSpecified" value="16" />
  <attribute name="heapSize specified" value="36569088" />
  <attribute name="Current GC Util" value="47" />
  <attribute name= "Current Time Running" value="106569" />
  <attribute name ="GC Interval" value="0" />
  <attribute name="Target GC Util Change" value ="80.000000" />
  <attribute name="Current GC Util Change" value="47.000000"/>
  <attribute name="Current Error" value="12.000000" />
  <attribute name="Output H" value="36871856"/>
  <attribute name="Output I" value="2072"/>
  <attribute name="Output T" value="16"/>
  <attribute name= "Current Time Running" value="106569" />
  <attribute name="GC Util currently" value="47" />
  <attribute name="CPU Util currently" value="45713798122" />
<cycle-start id="1729" type="global" contextid="0" timestamp="2019-08-08T07:22:18.967" intervalms="0.477" />
<gc-start id="1730" type="global" contextid="1729" timestamp="2019-08-08T07:22:18.967">
  <mem-info id="1731" free="368640" total="36896768" percent="0">
    <mem type="tenure" free="368640" total="36896768" percent="0">
      <mem type="soa" free="0" total="36528128" percent="0" />
      <mem type="loa" free="368640" total="368640" percent="100" />
    </mem>
  </mem-info>
</gc-start>
<allocation-stats totalBytes="18428040" >
  <allocated-bytes non-tlh="0" tlh="18428040" />
  <largest-consumer threadName="main" threadId="0000000000996F00" bytes="18428040" />
</allocation-stats>
<gc-op id="1732" type="mark" timems="7.420" contextid="1729" timestamp="2019-08-08T07:22:18.974">
  <trace-info objectcount="602547" scancount="523376" scanbytes="13440480" />
  <finalization candidates="80" enqueued="0" />
  <ownableSynchronizers candidates="21" cleared="0" />
  <references type="soft" candidates="4181" cleared="0" enqueued="0" dynamicThreshold="16" maxThreshold="32" />
  <references type="weak" candidates="5584" cleared="0" enqueued="0" />
  <references type="phantom" candidates="97" cleared="0" enqueued="0" />
  <stringconstants candidates="13645" cleared="0"  />
</gc-op>
<gc-op id="1733" type="sweep" timems="2.954" contextid="1729" timestamp="2019-08-08T07:22:18.977" />
<mem-info id="1734" free="18860168" total="36896768" percent="51">
  <mem type="tenure" free="18860168" total="36896768" percent="51" micro-fragmented="0">
    <mem type="soa" free="18491528" total="36528128" percent="50" />
    <mem type="loa" free="368640" total="368640" percent="100" />
  </mem>
</mem-info>
<gc-op id="1735" type="compact" timems="27.908" contextid="1729" timestamp="2019-08-08T07:22:19.005">
  <compact-info movecount="2" movebytes="56" reason="compact to aid heap contraction" />
</gc-op>
<heap-resize id="1736" type="expand" space="tenure" amount="327680" count="1" timems="0.022" reason="satisfy allocation request" timestamp="2019-08-08T07:22:19.006" />
<gc-end id="1737" type="global" contextid="1729" durationms="39.034" usertimems="90.518" systemtimems="0.000" timestamp="2019-08-08T07:22:19.006" activeThreads="16">
  <mem-info id="1738" free="19122320" total="37224448" percent="51">
    <mem type="tenure" free="19122320" total="37224448" percent="51">
      <mem type="soa" free="18750608" total="36852736" percent="50" />
      <mem type="loa" free="371712" total="371712" percent="100" />
    </mem>
  </mem-info>
</gc-end>
<cycle-end id="1739" type="global" contextid="1729" timestamp="2019-08-08T07:22:19.006" />
  <attribute name="elasticGC enabled" value="1" />
  <attribute name= "numThreadsSpecified" value="16" />
  <attribute name="heapSize specified" value="36896768" />
  <attribute name="Current GC Util" value="35" />
  <attribute name= "Current Time Running" value="106616" />
  <attribute name ="GC Interval" value="0" />
  <attribute name="Target GC Util Change" value ="80.000000" />
  <attribute name="Current GC Util Change" value="35.000000"/>
  <attribute name="Current Error" value="32.000000" />
  <attribute name="Output H" value="37199632"/>
  <attribute name="Output I" value="2176"/>
  <attribute name="Output T" value="16"/>
  <attribute name= "Current Time Running" value="106616" />
  <attribute name="GC Util currently" value="35" />
  <attribute name="CPU Util currently" value="41257344062" />
<allocation-satisfied id="1740" threadId="0000000000996F00" bytesRequested="1168" />
<af-end id="1741" timestamp="2019-08-08T07:22:19.006" threadId="0000000000997888" success="true" />
<exclusive-end id="1742" timestamp="2019-08-08T07:22:19.006" durationms="39.229" />

<concurrent-kickoff id="1743" timestamp="2019-08-08T07:22:19.013">
  <kickoff reason="threshold reached" targetBytes="5287271" thresholdFreeBytes="717359" remainingFree="608400" tenureFreeBytes="608400" />
</concurrent-kickoff>
<exclusive-start id="1744" timestamp="2019-08-08T07:22:19.013" intervalms="46.285">
  <response-info timems="0.036" idlems="0.036" threads="0" lastid="0000000000996F00" lastname="main" />
</exclusive-start>
<cycle-start id="1745" type="global" contextid="0" timestamp="2019-08-08T07:22:19.013" intervalms="46.237" />
<exclusive-end id="1746" timestamp="2019-08-08T07:22:19.013" durationms="0.022" />

<exclusive-start id="1747" timestamp="2019-08-08T07:22:19.014" intervalms="0.382">
  <response-info timems="0.030" idlems="0.030" threads="0" lastid="0000000000996F00" lastname="main" />
</exclusive-start>
<af-start id="1748" threadId="0000000000997888" totalBytesRequested="1168" timestamp="2019-08-08T07:22:19.014" intervalms="46.668" />
<concurrent-aborted id="1749" timestamp="2019-08-08T07:22:19.014">
  <reason value="insufficient progress made" />
</concurrent-aborted>
<cycle-end id="1750" type="global" contextid="1745" timestamp="2019-08-08T07:22:19.014" />
  <attribute name="elasticGC enabled" value="1" />
  <attribute name= "numThreadsSpecified" value="16" />
  <attribute name="heapSize specified" value="36896768" />
  <attribute name="Current GC Util" value="35" />
  <attribute name= "Current Time Running" value="106616" />
  <attribute name ="GC Interval" value="0" />
  <attribute name="Target GC Util Change" value ="80.000000" />
  <attribute name="Current GC Util Change" value="35.000000"/>
  <attribute name="Current Error" value="32.000000" />
  <attribute name="Output H" value="37199632"/>
  <attribute name="Output I" value="2176"/>
  <attribute name="Output T" value="16"/>
  <attribute name= "Current Time Running" value="106616" />
  <attribute name="GC Util currently" value="35" />
  <attribute name="CPU Util currently" value="41257344062" />
<cycle-start id="1751" type="global" contextid="0" timestamp="2019-08-08T07:22:19.014" intervalms="0.437" />
<gc-start id="1752" type="global" contextid="1751" timestamp="2019-08-08T07:22:19.014">
  <mem-info id="1753" free="371712" total="37224448" percent="0">
    <mem type="tenure" free="371712" total="37224448" percent="0">
      <mem type="soa" free="0" total="36852736" percent="0" />
      <mem type="loa" free="371712" total="371712" percent="100" />
    </mem>
  </mem-info>
</gc-start>
<allocation-stats totalBytes="18750944" >
  <allocated-bytes non-tlh="0" tlh="18750944" />
  <largest-consumer threadName="main" threadId="0000000000996F00" bytes="18750944" />
</allocation-stats>
<gc-op id="1754" type="mark" timems="8.889" contextid="1751" timestamp="2019-08-08T07:22:19.023">
  <trace-info objectcount="602547" scancount="523356" scanbytes="13440480" />
  <finalization candidates="80" enqueued="0" />
  <ownableSynchronizers candidates="21" cleared="0" />
  <references type="soft" candidates="4181" cleared="0" enqueued="0" dynamicThreshold="16" maxThreshold="32" />
  <references type="weak" candidates="5584" cleared="0" enqueued="0" />
  <references type="phantom" candidates="97" cleared="0" enqueued="0" />
  <stringconstants candidates="13645" cleared="0"  />
</gc-op>
<gc-op id="1755" type="sweep" timems="2.924" contextid="1751" timestamp="2019-08-08T07:22:19.026" />
<mem-info id="1756" free="19187856" total="37224448" percent="51">
  <mem type="tenure" free="19187856" total="37224448" percent="51" micro-fragmented="0">
    <mem type="soa" free="18816144" total="36852736" percent="51" />
    <mem type="loa" free="371712" total="371712" percent="100" />
  </mem>
</mem-info>
<gc-op id="1757" type="compact" timems="25.803" contextid="1751" timestamp="2019-08-08T07:22:19.051">
  <compact-info movecount="2" movebytes="56" reason="compact to aid heap contraction" />
</gc-op>
<heap-resize id="1758" type="expand" space="tenure" amount="327680" count="1" timems="0.022" reason="satisfy allocation request" timestamp="2019-08-08T07:22:19.053" />
<gc-end id="1759" type="global" contextid="1751" durationms="39.888" usertimems="98.606" systemtimems="0.000" timestamp="2019-08-08T07:22:19.054" activeThreads="16">
  <mem-info id="1760" free="19450000" total="37552128" percent="51">
    <mem type="tenure" free="19450000" total="37552128" percent="51">
      <mem type="soa" free="19075216" total="37177344" percent="51" />
      <mem type="loa" free="374784" total="374784" percent="100" />
    </mem>
  </mem-info>
</gc-end>
<cycle-end id="1761" type="global" contextid="1751" timestamp="2019-08-08T07:22:19.054" />
  <attribute name="elasticGC enabled" value="1" />
  <attribute name= "numThreadsSpecified" value="16" />
  <attribute name="heapSize specified" value="37224448" />
  <attribute name="Current GC Util" value="61" />
  <attribute name= "Current Time Running" value="106662" />
  <attribute name ="GC Interval" value="0" />
  <attribute name="Target GC Util Change" value ="80.000000" />
  <attribute name="Current GC Util Change" value="61.000000"/>
  <attribute name="Current Error" value="19.000000" />
  <attribute name="Output H" value="37527248"/>
  <attribute name="Output I" value="2112"/>
  <attribute name="Output T" value="16"/>
  <attribute name= "Current Time Running" value="106662" />
  <attribute name="GC Util currently" value="61" />
  <attribute name="CPU Util currently" value="44639572521" />
<allocation-satisfied id="1762" threadId="0000000000996F00" bytesRequested="1168" />
<af-end id="1763" timestamp="2019-08-08T07:22:19.054" threadId="0000000000997888" success="true" />
<exclusive-end id="1764" timestamp="2019-08-08T07:22:19.054" durationms="40.075" />

<concurrent-kickoff id="1765" timestamp="2019-08-08T07:22:19.061">
  <kickoff reason="threshold reached" targetBytes="5333813" thresholdFreeBytes="723674" remainingFree="673936" tenureFreeBytes="673936" />
</concurrent-kickoff>
<exclusive-start id="1766" timestamp="2019-08-08T07:22:19.061" intervalms="47.258">
  <response-info timems="0.060" idlems="0.060" threads="0" lastid="0000000000996F00" lastname="main" />
</exclusive-start>
<cycle-start id="1767" type="global" contextid="0" timestamp="2019-08-08T07:22:19.061" intervalms="47.199" />
<exclusive-end id="1768" timestamp="2019-08-08T07:22:19.061" durationms="0.018" />

<exclusive-start id="1769" timestamp="2019-08-08T07:22:19.061" intervalms="0.387">
  <response-info timems="0.041" idlems="0.041" threads="0" lastid="0000000000996F00" lastname="main" />
</exclusive-start>
<af-start id="1770" threadId="0000000000997888" totalBytesRequested="1168" timestamp="2019-08-08T07:22:19.061" intervalms="47.641" />
<concurrent-aborted id="1771" timestamp="2019-08-08T07:22:19.061">
  <reason value="insufficient progress made" />
</concurrent-aborted>
<cycle-end id="1772" type="global" contextid="1767" timestamp="2019-08-08T07:22:19.061" />
  <attribute name="elasticGC enabled" value="1" />
  <attribute name= "numThreadsSpecified" value="16" />
  <attribute name="heapSize specified" value="37224448" />
  <attribute name="Current GC Util" value="61" />
  <attribute name= "Current Time Running" value="106662" />
  <attribute name ="GC Interval" value="0" />
  <attribute name="Target GC Util Change" value ="80.000000" />
  <attribute name="Current GC Util Change" value="61.000000"/>
  <attribute name="Current Error" value="19.000000" />
  <attribute name="Output H" value="37527248"/>
  <attribute name="Output I" value="2112"/>
  <attribute name="Output T" value="16"/>
  <attribute name= "Current Time Running" value="106662" />
  <attribute name="GC Util currently" value="61" />
  <attribute name="CPU Util currently" value="44639572521" />
<cycle-start id="1773" type="global" contextid="0" timestamp="2019-08-08T07:22:19.061" intervalms="0.440" />
<gc-start id="1774" type="global" contextid="1773" timestamp="2019-08-08T07:22:19.061">
  <mem-info id="1775" free="374784" total="37552128" percent="0">
    <mem type="tenure" free="374784" total="37552128" percent="0">
      <mem type="soa" free="0" total="37177344" percent="0" />
      <mem type="loa" free="374784" total="374784" percent="100" />
    </mem>
  </mem-info>
</gc-start>
<allocation-stats totalBytes="19075080" >
  <allocated-bytes non-tlh="0" tlh="19075080" />
  <largest-consumer threadName="main" threadId="0000000000996F00" bytes="19075080" />
</allocation-stats>
<gc-op id="1776" type="mark" timems="9.793" contextid="1773" timestamp="2019-08-08T07:22:19.071">
  <trace-info objectcount="601426" scancount="522264" scanbytes="13401528" />
  <finalization candidates="80" enqueued="0" />
  <ownableSynchronizers candidates="21" cleared="0" />
  <references type="soft" candidates="4181" cleared="920" enqueued="920" dynamicThreshold="16" maxThreshold="32" />
  <references type="weak" candidates="5584" cleared="0" enqueued="0" />
  <references type="phantom" candidates="97" cleared="0" enqueued="0" />
  <stringconstants candidates="13645" cleared="0"  />
</gc-op>
<gc-op id="1777" type="sweep" timems="3.261" contextid="1773" timestamp="2019-08-08T07:22:19.074" />
<mem-info id="1778" free="19532312" total="37552128" percent="52">
  <mem type="tenure" free="19532312" total="37552128" percent="52" micro-fragmented="24676">
    <mem type="soa" free="19157528" total="37177344" percent="51" />
    <mem type="loa" free="374784" total="374784" percent="100" />
  </mem>
  <pending-finalizers system="0" default="0" reference="920" classloader="0" />
</mem-info>
<gc-op id="1779" type="compact" timems="129.779" contextid="1773" timestamp="2019-08-08T07:22:19.204">
  <compact-info movecount="572052" movebytes="16083560" reason="compact to aid heap contraction" />
</gc-op>
<heap-resize id="1780" type="expand" space="tenure" amount="327680" count="1" timems="0.022" reason="satisfy allocation request" timestamp="2019-08-08T07:22:19.205" />
<gc-end id="1781" type="global" contextid="1773" durationms="143.966" usertimems="233.698" systemtimems="0.000" timestamp="2019-08-08T07:22:19.205" activeThreads="16">
  <mem-info id="1782" free="19817096" total="37879808" percent="52">
    <mem type="tenure" free="19817096" total="37879808" percent="52">
      <mem type="soa" free="19439240" total="37501952" percent="51" />
      <mem type="loa" free="377856" total="377856" percent="100" />
    </mem>
    <pending-finalizers system="0" default="0" reference="920" classloader="0" />
  </mem-info>
</gc-end>
<cycle-end id="1783" type="global" contextid="1773" timestamp="2019-08-08T07:22:19.205" />
  <attribute name="elasticGC enabled" value="1" />
  <attribute name= "numThreadsSpecified" value="16" />
  <attribute name="heapSize specified" value="37552128" />
  <attribute name="Current GC Util" value="14" />
  <attribute name= "Current Time Running" value="106815" />
  <attribute name ="GC Interval" value="0" />
  <attribute name="Target GC Util Change" value ="80.000000" />
  <attribute name="Current GC Util Change" value="14.000000"/>
  <attribute name="Current Error" value="-685.000000" />
  <attribute name="Output H" value="37851680"/>
  <attribute name="Output I" value="200"/>
  <attribute name="Output T" value="16"/>
  <attribute name= "Current Time Running" value="106815" />
  <attribute name="GC Util currently" value="14" />
  <attribute name="CPU Util currently" value="8881474569" />
<allocation-satisfied id="1784" threadId="0000000000996F00" bytesRequested="1168" />
<af-end id="1785" timestamp="2019-08-08T07:22:19.205" threadId="0000000000997888" success="true" />
<exclusive-end id="1786" timestamp="2019-08-08T07:22:19.205" durationms="144.165" />

<concurrent-kickoff id="1787" timestamp="2019-08-08T07:22:19.216">
  <kickoff reason="threshold reached" targetBytes="5380358" thresholdFreeBytes="729988" remainingFree="606856" tenureFreeBytes="606856" />
</concurrent-kickoff>
<exclusive-start id="1788" timestamp="2019-08-08T07:22:19.216" intervalms="155.196">
  <response-info timems="0.016" idlems="0.016" threads="0" lastid="0000000000996F00" lastname="main" />
</exclusive-start>
<cycle-start id="1789" type="global" contextid="0" timestamp="2019-08-08T07:22:19.216" intervalms="155.156" />
<exclusive-end id="1790" timestamp="2019-08-08T07:22:19.216" durationms="0.034" />

<exclusive-start id="1791" timestamp="2019-08-08T07:22:19.217" intervalms="0.663">
  <response-info timems="0.190" idlems="0.190" threads="0" lastid="0000000000996F00" lastname="main" />
</exclusive-start>
<af-start id="1792" threadId="0000000000997888" totalBytesRequested="1168" timestamp="2019-08-08T07:22:19.217" intervalms="155.861" />
<concurrent-aborted id="1793" timestamp="2019-08-08T07:22:19.217">
  <reason value="insufficient progress made" />
</concurrent-aborted>
<cycle-end id="1794" type="global" contextid="1789" timestamp="2019-08-08T07:22:19.217" />
  <attribute name="elasticGC enabled" value="1" />
  <attribute name= "numThreadsSpecified" value="16" />
  <attribute name="heapSize specified" value="37552128" />
  <attribute name="Current GC Util" value="14" />
  <attribute name= "Current Time Running" value="106815" />
  <attribute name ="GC Interval" value="0" />
  <attribute name="Target GC Util Change" value ="80.000000" />
  <attribute name="Current GC Util Change" value="14.000000"/>
  <attribute name="Current Error" value="-685.000000" />
  <attribute name="Output H" value="37851680"/>
  <attribute name="Output I" value="200"/>
  <attribute name="Output T" value="16"/>
  <attribute name= "Current Time Running" value="106815" />
  <attribute name="GC Util currently" value="14" />
  <attribute name="CPU Util currently" value="8881474569" />
<cycle-start id="1795" type="global" contextid="0" timestamp="2019-08-08T07:22:19.217" intervalms="0.710" />
<gc-start id="1796" type="global" contextid="1795" timestamp="2019-08-08T07:22:19.217">
  <mem-info id="1797" free="377856" total="37879808" percent="0">
    <mem type="tenure" free="377856" total="37879808" percent="0">
      <mem type="soa" free="0" total="37501952" percent="0" />
      <mem type="loa" free="377856" total="377856" percent="100" />
    </mem>
  </mem-info>
</gc-start>
<allocation-stats totalBytes="19436168" >
  <allocated-bytes non-tlh="0" tlh="19436168" />
  <largest-consumer threadName="main" threadId="0000000000996F00" bytes="19396776" />
</allocation-stats>
<gc-op id="1798" type="mark" timems="8.642" contextid="1795" timestamp="2019-08-08T07:22:19.226">
  <trace-info objectcount="600519" scancount="521401" scanbytes="13382880" />
  <finalization candidates="80" enqueued="0" />
  <ownableSynchronizers candidates="21" cleared="0" />
  <references type="soft" candidates="3261" cleared="0" enqueued="0" dynamicThreshold="16" maxThreshold="32" />
  <references type="weak" candidates="5584" cleared="0" enqueued="0" />
  <references type="phantom" candidates="97" cleared="0" enqueued="0" />
  <stringconstants candidates="13645" cleared="50"  />
</gc-op>
<gc-op id="1799" type="sweep" timems="2.783" contextid="1795" timestamp="2019-08-08T07:22:19.229" />
<mem-info id="1800" free="19900544" total="37879808" percent="52">
  <mem type="tenure" free="19900544" total="37879808" percent="52" micro-fragmented="0">
    <mem type="soa" free="19522688" total="37501952" percent="52" />
    <mem type="loa" free="377856" total="377856" percent="100" />
  </mem>
</mem-info>
<gc-op id="1801" type="compact" timems="24.519" contextid="1795" timestamp="2019-08-08T07:22:19.253">
  <compact-info movecount="1723" movebytes="53424" reason="compact to aid heap contraction" />
</gc-op>
<heap-resize id="1802" type="expand" space="tenure" amount="327680" count="1" timems="0.022" reason="satisfy allocation request" timestamp="2019-08-08T07:22:19.254" />
<gc-end id="1803" type="global" contextid="1795" durationms="36.917" usertimems="90.981" systemtimems="0.000" timestamp="2019-08-08T07:22:19.254" activeThreads="16">
  <mem-info id="1804" free="20165384" total="38207488" percent="52">
    <mem type="tenure" free="20165384" total="38207488" percent="52">
      <mem type="soa" free="19783432" total="37825536" percent="52" />
      <mem type="loa" free="381952" total="381952" percent="100" />
    </mem>
  </mem-info>
</gc-end>
<cycle-end id="1805" type="global" contextid="1795" timestamp="2019-08-08T07:22:19.254" />
  <attribute name="elasticGC enabled" value="1" />
  <attribute name= "numThreadsSpecified" value="16" />
  <attribute name="heapSize specified" value="37879808" />
  <attribute name="Current GC Util" value="51" />
  <attribute name= "Current Time Running" value="106864" />
  <attribute name ="GC Interval" value="0" />
  <attribute name="Target GC Util Change" value ="80.000000" />
  <attribute name="Current GC Util Change" value="51.000000"/>
  <attribute name="Current Error" value="-1404.000000" />
  <attribute name="Output H" value="38176040"/>
  <attribute name="Output I" value="200"/>
  <attribute name="Output T" value="16"/>
  <attribute name= "Current Time Running" value="106864" />
  <attribute name="GC Util currently" value="51" />
  <attribute name="CPU Util currently" value="46925101975" />
<allocation-satisfied id="1806" threadId="0000000000996F00" bytesRequested="1168" />
<af-end id="1807" timestamp="2019-08-08T07:22:19.254" threadId="0000000000997888" success="true" />
<exclusive-end id="1808" timestamp="2019-08-08T07:22:19.254" durationms="37.117" />

<concurrent-kickoff id="1809" timestamp="2019-08-08T07:22:19.262">
  <kickoff reason="threshold reached" targetBytes="5426900" thresholdFreeBytes="736303" remainingFree="733960" tenureFreeBytes="733960" />
</concurrent-kickoff>
<exclusive-start id="1810" timestamp="2019-08-08T07:22:19.262" intervalms="45.010">
  <response-info timems="0.283" idlems="0.283" threads="0" lastid="0000000000996F00" lastname="main" />
</exclusive-start>
<cycle-start id="1811" type="global" contextid="0" timestamp="2019-08-08T07:22:19.262" intervalms="44.971" />
<exclusive-end id="1812" timestamp="2019-08-08T07:22:19.262" durationms="0.043" />

<exclusive-start id="1813" timestamp="2019-08-08T07:22:19.263" intervalms="0.994">
  <response-info timems="0.302" idlems="0.302" threads="0" lastid="0000000000996F00" lastname="main" />
</exclusive-start>
<af-start id="1814" threadId="0000000000997888" totalBytesRequested="1168" timestamp="2019-08-08T07:22:19.263" intervalms="46.008" />
<concurrent-aborted id="1815" timestamp="2019-08-08T07:22:19.263">
  <reason value="insufficient progress made" />
</concurrent-aborted>
<cycle-end id="1816" type="global" contextid="1811" timestamp="2019-08-08T07:22:19.263" />
  <attribute name="elasticGC enabled" value="1" />
  <attribute name= "numThreadsSpecified" value="16" />
  <attribute name="heapSize specified" value="37879808" />
  <attribute name="Current GC Util" value="51" />
  <attribute name= "Current Time Running" value="106864" />
  <attribute name ="GC Interval" value="0" />
  <attribute name="Target GC Util Change" value ="80.000000" />
  <attribute name="Current GC Util Change" value="51.000000"/>
  <attribute name="Current Error" value="-1404.000000" />
  <attribute name="Output H" value="38176040"/>
  <attribute name="Output I" value="200"/>
  <attribute name="Output T" value="16"/>
  <attribute name= "Current Time Running" value="106864" />
  <attribute name="GC Util currently" value="51" />
  <attribute name="CPU Util currently" value="46925101975" />
<cycle-start id="1817" type="global" contextid="0" timestamp="2019-08-08T07:22:19.263" intervalms="1.029" />
<gc-start id="1818" type="global" contextid="1817" timestamp="2019-08-08T07:22:19.263">
  <mem-info id="1819" free="381952" total="38207488" percent="0">
    <mem type="tenure" free="381952" total="38207488" percent="0">
      <mem type="soa" free="0" total="37825536" percent="0" />
      <mem type="loa" free="381952" total="381952" percent="100" />
    </mem>
  </mem-info>
</gc-start>
<allocation-stats totalBytes="19780072" >
  <allocated-bytes non-tlh="0" tlh="19780072" />
  <largest-consumer threadName="main" threadId="0000000000996F00" bytes="19780072" />
</allocation-stats>
<gc-op id="1820" type="mark" timems="10.462" contextid="1817" timestamp="2019-08-08T07:22:19.274">
  <trace-info objectcount="600519" scancount="521404" scanbytes="13382880" />
  <finalization candidates="80" enqueued="0" />
  <ownableSynchronizers candidates="21" cleared="0" />
  <references type="soft" candidates="3261" cleared="0" enqueued="0" dynamicThreshold="16" maxThreshold="32" />
  <references type="weak" candidates="5584" cleared="0" enqueued="0" />
  <references type="phantom" candidates="97" cleared="0" enqueued="0" />
  <stringconstants candidates="13595" cleared="0"  />
</gc-op>
<gc-op id="1821" type="sweep" timems="2.980" contextid="1817" timestamp="2019-08-08T07:22:19.277" />
<mem-info id="1822" free="20230920" total="38207488" percent="52">
  <mem type="tenure" free="20230920" total="38207488" percent="52" micro-fragmented="0">
    <mem type="soa" free="19848968" total="37825536" percent="52" />
    <mem type="loa" free="381952" total="381952" percent="100" />
  </mem>
</mem-info>
<gc-op id="1823" type="compact" timems="23.479" contextid="1817" timestamp="2019-08-08T07:22:19.300">
  <compact-info movecount="2" movebytes="56" reason="compact to aid heap contraction" />
</gc-op>
<heap-resize id="1824" type="expand" space="tenure" amount="327680" count="1" timems="0.021" reason="satisfy allocation request" timestamp="2019-08-08T07:22:19.301" />
<gc-end id="1825" type="global" contextid="1817" durationms="37.968" usertimems="93.215" systemtimems="0.000" timestamp="2019-08-08T07:22:19.301" activeThreads="16">
  <mem-info id="1826" free="20493064" total="38535168" percent="53">
    <mem type="tenure" free="20493064" total="38535168" percent="53">
      <mem type="soa" free="20108040" total="38150144" percent="52" />
      <mem type="loa" free="385024" total="385024" percent="100" />
    </mem>
  </mem-info>
</gc-end>
<cycle-end id="1827" type="global" contextid="1817" timestamp="2019-08-08T07:22:19.301" />
  <attribute name="elasticGC enabled" value="1" />
  <attribute name= "numThreadsSpecified" value="16" />
  <attribute name="heapSize specified" value="38207488" />
  <attribute name="Current GC Util" value="52" />
  <attribute name= "Current Time Running" value="106911" />
  <attribute name ="GC Interval" value="0" />
  <attribute name="Target GC Util Change" value ="80.000000" />
  <attribute name="Current GC Util Change" value="52.000000"/>
  <attribute name="Current Error" value="-398.000000" />
  <attribute name="Output H" value="38508368"/>
  <attribute name="Output I" value="200"/>
  <attribute name="Output T" value="16"/>
  <attribute name= "Current Time Running" value="106911" />
  <attribute name="GC Util currently" value="52" />
  <attribute name="CPU Util currently" value="49116618506" />
<allocation-satisfied id="1828" threadId="0000000000996F00" bytesRequested="1168" />
<af-end id="1829" timestamp="2019-08-08T07:22:19.301" threadId="0000000000997888" success="true" />
<exclusive-end id="1830" timestamp="2019-08-08T07:22:19.301" durationms="38.170" />

<concurrent-kickoff id="1831" timestamp="2019-08-08T07:22:19.305">
  <kickoff reason="threshold reached" targetBytes="5473442" thresholdFreeBytes="742617" remainingFree="668424" tenureFreeBytes="668424" />
</concurrent-kickoff>
<exclusive-start id="1832" timestamp="2019-08-08T07:22:19.306" intervalms="42.536">
  <response-info timems="0.055" idlems="0.055" threads="0" lastid="0000000000996F00" lastname="main" />
</exclusive-start>
<cycle-start id="1833" type="global" contextid="0" timestamp="2019-08-08T07:22:19.306" intervalms="42.474" />
<exclusive-end id="1834" timestamp="2019-08-08T07:22:19.306" durationms="0.012" />

<exclusive-start id="1835" timestamp="2019-08-08T07:22:19.306" intervalms="0.403">
  <response-info timems="0.048" idlems="0.048" threads="0" lastid="0000000000996F00" lastname="main" />
</exclusive-start>
<af-start id="1836" threadId="0000000000997888" totalBytesRequested="1168" timestamp="2019-08-08T07:22:19.306" intervalms="42.936" />
<concurrent-aborted id="1837" timestamp="2019-08-08T07:22:19.306">
  <reason value="insufficient progress made" />
</concurrent-aborted>
<cycle-end id="1838" type="global" contextid="1833" timestamp="2019-08-08T07:22:19.306" />
  <attribute name="elasticGC enabled" value="1" />
  <attribute name= "numThreadsSpecified" value="16" />
  <attribute name="heapSize specified" value="38207488" />
  <attribute name="Current GC Util" value="52" />
  <attribute name= "Current Time Running" value="106911" />
  <attribute name ="GC Interval" value="0" />
  <attribute name="Target GC Util Change" value ="80.000000" />
  <attribute name="Current GC Util Change" value="52.000000"/>
  <attribute name="Current Error" value="-398.000000" />
  <attribute name="Output H" value="38508368"/>
  <attribute name="Output I" value="200"/>
  <attribute name="Output T" value="16"/>
  <attribute name= "Current Time Running" value="106911" />
  <attribute name="GC Util currently" value="52" />
  <attribute name="CPU Util currently" value="49116618506" />
<cycle-start id="1839" type="global" contextid="0" timestamp="2019-08-08T07:22:19.306" intervalms="0.458" />
<gc-start id="1840" type="global" contextid="1839" timestamp="2019-08-08T07:22:19.306">
  <mem-info id="1841" free="385024" total="38535168" percent="0">
    <mem type="tenure" free="385024" total="38535168" percent="0">
      <mem type="soa" free="0" total="38150144" percent="0" />
      <mem type="loa" free="385024" total="385024" percent="100" />
    </mem>
  </mem-info>
</gc-start>
<allocation-stats totalBytes="20104208" >
  <allocated-bytes non-tlh="0" tlh="20104208" />
  <largest-consumer threadName="main" threadId="0000000000996F00" bytes="20104208" />
</allocation-stats>
<gc-op id="1842" type="mark" timems="9.312" contextid="1839" timestamp="2019-08-08T07:22:19.315">
  <trace-info objectcount="600519" scancount="521406" scanbytes="13382880" />
  <finalization candidates="80" enqueued="0" />
  <ownableSynchronizers candidates="21" cleared="0" />
  <references type="soft" candidates="3261" cleared="0" enqueued="0" dynamicThreshold="17" maxThreshold="32" />
  <references type="weak" candidates="5584" cleared="0" enqueued="0" />
  <references type="phantom" candidates="97" cleared="0" enqueued="0" />
  <stringconstants candidates="13595" cleared="0"  />
</gc-op>
<gc-op id="1843" type="sweep" timems="2.739" contextid="1839" timestamp="2019-08-08T07:22:19.318" />
<mem-info id="1844" free="20558288" total="38535168" percent="53">
  <mem type="tenure" free="20558288" total="38535168" percent="53" micro-fragmented="0">
    <mem type="soa" free="20173264" total="38150144" percent="52" />
    <mem type="loa" free="385024" total="385024" percent="100" />
  </mem>
</mem-info>
<gc-op id="1845" type="compact" timems="24.406" contextid="1839" timestamp="2019-08-08T07:22:19.343">
  <compact-info movecount="2" movebytes="56" reason="compact to aid heap contraction" />
</gc-op>
<heap-resize id="1846" type="expand" space="tenure" amount="327680" count="1" timems="0.023" reason="satisfy allocation request" timestamp="2019-08-08T07:22:19.343" />
<gc-end id="1847" type="global" contextid="1839" durationms="37.334" usertimems="103.230" systemtimems="0.000" timestamp="2019-08-08T07:22:19.343" activeThreads="16">
  <mem-info id="1848" free="20820744" total="38862848" percent="53">
    <mem type="tenure" free="20820744" total="38862848" percent="53">
      <mem type="soa" free="20432648" total="38474752" percent="53" />
      <mem type="loa" free="388096" total="388096" percent="100" />
    </mem>
  </mem-info>
</gc-end>
<cycle-end id="1849" type="global" contextid="1839" timestamp="2019-08-08T07:22:19.343" />
  <attribute name="elasticGC enabled" value="1" />
  <attribute name= "numThreadsSpecified" value="16" />
  <attribute name="heapSize specified" value="38535168" />
  <attribute name="Current GC Util" value="42" />
  <attribute name= "Current Time Running" value="106953" />
  <attribute name ="GC Interval" value="0" />
  <attribute name="Target GC Util Change" value ="80.000000" />
  <attribute name="Current GC Util Change" value="42.000000"/>
  <attribute name="Current Error" value="35.000000" />
  <attribute name="Output H" value="38838048"/>
  <attribute name="Output I" value="2192"/>
  <attribute name="Output T" value="16"/>
  <attribute name= "Current Time Running" value="106953" />
  <attribute name="GC Util currently" value="42" />
  <attribute name="CPU Util currently" value="47179340866" />
<allocation-satisfied id="1850" threadId="0000000000996F00" bytesRequested="1168" />
<af-end id="1851" timestamp="2019-08-08T07:22:19.343" threadId="0000000000997888" success="true" />
<exclusive-end id="1852" timestamp="2019-08-08T07:22:19.343" durationms="37.501" />

<concurrent-kickoff id="1853" timestamp="2019-08-08T07:22:19.349">
  <kickoff reason="threshold reached" targetBytes="5519985" thresholdFreeBytes="748932" remainingFree="733960" tenureFreeBytes="733960" />
</concurrent-kickoff>
<exclusive-start id="1854" timestamp="2019-08-08T07:22:19.349" intervalms="43.505">
  <response-info timems="0.026" idlems="0.026" threads="0" lastid="0000000000996F00" lastname="main" />
</exclusive-start>
<cycle-start id="1855" type="global" contextid="0" timestamp="2019-08-08T07:22:19.350" intervalms="43.467" />
<exclusive-end id="1856" timestamp="2019-08-08T07:22:19.350" durationms="0.033" />

<exclusive-start id="1857" timestamp="2019-08-08T07:22:19.350" intervalms="0.481">
  <response-info timems="0.029" idlems="0.029" threads="0" lastid="0000000000996F00" lastname="main" />
</exclusive-start>
<af-start id="1858" threadId="0000000000997888" totalBytesRequested="1168" timestamp="2019-08-08T07:22:19.350" intervalms="43.990" />
<concurrent-aborted id="1859" timestamp="2019-08-08T07:22:19.350">
  <reason value="insufficient progress made" />
</concurrent-aborted>
<cycle-end id="1860" type="global" contextid="1855" timestamp="2019-08-08T07:22:19.350" />
  <attribute name="elasticGC enabled" value="1" />
  <attribute name= "numThreadsSpecified" value="16" />
  <attribute name="heapSize specified" value="38535168" />
  <attribute name="Current GC Util" value="42" />
  <attribute name= "Current Time Running" value="106953" />
  <attribute name ="GC Interval" value="0" />
  <attribute name="Target GC Util Change" value ="80.000000" />
  <attribute name="Current GC Util Change" value="42.000000"/>
  <attribute name="Current Error" value="35.000000" />
  <attribute name="Output H" value="38838048"/>
  <attribute name="Output I" value="2192"/>
  <attribute name="Output T" value="16"/>
  <attribute name= "Current Time Running" value="106953" />
  <attribute name="GC Util currently" value="42" />
  <attribute name="CPU Util currently" value="47179340866" />
<cycle-start id="1861" type="global" contextid="0" timestamp="2019-08-08T07:22:19.350" intervalms="0.526" />
<gc-start id="1862" type="global" contextid="1861" timestamp="2019-08-08T07:22:19.350">
  <mem-info id="1863" free="388096" total="38862848" percent="0">
    <mem type="tenure" free="388096" total="38862848" percent="0">
      <mem type="soa" free="0" total="38474752" percent="0" />
      <mem type="loa" free="388096" total="388096" percent="100" />
    </mem>
  </mem-info>
</gc-start>
<allocation-stats totalBytes="20427136" >
  <allocated-bytes non-tlh="0" tlh="20427136" />
  <largest-consumer threadName="main" threadId="0000000000996F00" bytes="20427136" />
</allocation-stats>
<gc-op id="1864" type="mark" timems="9.436" contextid="1861" timestamp="2019-08-08T07:22:19.360">
  <trace-info objectcount="600519" scancount="521404" scanbytes="13382880" />
  <finalization candidates="80" enqueued="0" />
  <ownableSynchronizers candidates="21" cleared="0" />
  <references type="soft" candidates="3261" cleared="0" enqueued="0" dynamicThreshold="17" maxThreshold="32" />
  <references type="weak" candidates="5584" cleared="0" enqueued="0" />
  <references type="phantom" candidates="97" cleared="0" enqueued="0" />
  <stringconstants candidates="13595" cleared="0"  />
</gc-op>
<gc-op id="1865" type="sweep" timems="3.508" contextid="1861" timestamp="2019-08-08T07:22:19.363" />
<mem-info id="1866" free="20886280" total="38862848" percent="53">
  <mem type="tenure" free="20886280" total="38862848" percent="53" micro-fragmented="0">
    <mem type="soa" free="20498184" total="38474752" percent="53" />
    <mem type="loa" free="388096" total="388096" percent="100" />
  </mem>
</mem-info>
<gc-op id="1867" type="compact" timems="26.055" contextid="1861" timestamp="2019-08-08T07:22:19.389">
  <compact-info movecount="2" movebytes="56" reason="compact to aid heap contraction" />
</gc-op>
<heap-resize id="1868" type="expand" space="tenure" amount="327680" count="1" timems="0.021" reason="satisfy allocation request" timestamp="2019-08-08T07:22:19.390" />
<gc-end id="1869" type="global" contextid="1861" durationms="40.110" usertimems="93.727" systemtimems="0.000" timestamp="2019-08-08T07:22:19.390" activeThreads="16">
  <mem-info id="1870" free="21148424" total="39190528" percent="53">
    <mem type="tenure" free="21148424" total="39190528" percent="53">
      <mem type="soa" free="20757256" total="38799360" percent="53" />
      <mem type="loa" free="391168" total="391168" percent="100" />
    </mem>
  </mem-info>
</gc-end>
<cycle-end id="1871" type="global" contextid="1861" timestamp="2019-08-08T07:22:19.390" />
  <attribute name="elasticGC enabled" value="1" />
  <attribute name= "numThreadsSpecified" value="16" />
  <attribute name="heapSize specified" value="38862848" />
  <attribute name="Current GC Util" value="53" />
  <attribute name= "Current Time Running" value="107000" />
  <attribute name ="GC Interval" value="0" />
  <attribute name="Target GC Util Change" value ="80.000000" />
  <attribute name="Current GC Util Change" value="53.000000"/>
  <attribute name="Current Error" value="60.000000" />
  <attribute name="Output H" value="39165840"/>
  <attribute name="Output I" value="2320"/>
  <attribute name="Output T" value="16"/>
  <attribute name= "Current Time Running" value="107000" />
  <attribute name="GC Util currently" value="53" />
  <attribute name="CPU Util currently" value="44316819034" />
<allocation-satisfied id="1872" threadId="0000000000996F00" bytesRequested="1168" />
<af-end id="1873" timestamp="2019-08-08T07:22:19.390" threadId="0000000000997888" success="true" />
<exclusive-end id="1874" timestamp="2019-08-08T07:22:19.390" durationms="40.300" />

<concurrent-kickoff id="1875" timestamp="2019-08-08T07:22:19.394">
  <kickoff reason="threshold reached" targetBytes="5566529" thresholdFreeBytes="755249" remainingFree="668424" tenureFreeBytes="668424" />
</concurrent-kickoff>
<exclusive-start id="1876" timestamp="2019-08-08T07:22:19.395" intervalms="44.603">
  <response-info timems="0.023" idlems="0.023" threads="0" lastid="0000000000996F00" lastname="main" />
</exclusive-start>
<cycle-start id="1877" type="global" contextid="0" timestamp="2019-08-08T07:22:19.395" intervalms="44.543" />
<exclusive-end id="1878" timestamp="2019-08-08T07:22:19.395" durationms="0.016" />

<exclusive-start id="1879" timestamp="2019-08-08T07:22:19.395" intervalms="0.424">
  <response-info timems="0.037" idlems="0.037" threads="0" lastid="0000000000996F00" lastname="main" />
</exclusive-start>
<af-start id="1880" threadId="0000000000997888" totalBytesRequested="1168" timestamp="2019-08-08T07:22:19.395" intervalms="45.029" />
<concurrent-aborted id="1881" timestamp="2019-08-08T07:22:19.395">
  <reason value="insufficient progress made" />
</concurrent-aborted>
<cycle-end id="1882" type="global" contextid="1877" timestamp="2019-08-08T07:22:19.395" />
  <attribute name="elasticGC enabled" value="1" />
  <attribute name= "numThreadsSpecified" value="16" />
  <attribute name="heapSize specified" value="38862848" />
  <attribute name="Current GC Util" value="53" />
  <attribute name= "Current Time Running" value="107000" />
  <attribute name ="GC Interval" value="0" />
  <attribute name="Target GC Util Change" value ="80.000000" />
  <attribute name="Current GC Util Change" value="53.000000"/>
  <attribute name="Current Error" value="60.000000" />
  <attribute name="Output H" value="39165840"/>
  <attribute name="Output I" value="2320"/>
  <attribute name="Output T" value="16"/>
  <attribute name= "Current Time Running" value="107000" />
  <attribute name="GC Util currently" value="53" />
  <attribute name="CPU Util currently" value="44316819034" />
<cycle-start id="1883" type="global" contextid="0" timestamp="2019-08-08T07:22:19.395" intervalms="0.499" />
<gc-start id="1884" type="global" contextid="1883" timestamp="2019-08-08T07:22:19.395">
  <mem-info id="1885" free="391168" total="39190528" percent="0">
    <mem type="tenure" free="391168" total="39190528" percent="0">
      <mem type="soa" free="0" total="38799360" percent="0" />
      <mem type="loa" free="391168" total="391168" percent="100" />
    </mem>
  </mem-info>
</gc-start>
<allocation-stats totalBytes="20751272" >
  <allocated-bytes non-tlh="0" tlh="20751272" />
  <largest-consumer threadName="main" threadId="0000000000996F00" bytes="20751272" />
</allocation-stats>
<gc-op id="1886" type="mark" timems="8.528" contextid="1883" timestamp="2019-08-08T07:22:19.404">
  <trace-info objectcount="600519" scancount="521408" scanbytes="13382880" />
  <finalization candidates="80" enqueued="0" />
  <ownableSynchronizers candidates="21" cleared="0" />
  <references type="soft" candidates="3261" cleared="0" enqueued="0" dynamicThreshold="17" maxThreshold="32" />
  <references type="weak" candidates="5584" cleared="0" enqueued="0" />
  <references type="phantom" candidates="97" cleared="0" enqueued="0" />
  <stringconstants candidates="13595" cleared="0"  />
</gc-op>
<gc-op id="1887" type="sweep" timems="3.061" contextid="1883" timestamp="2019-08-08T07:22:19.407" />
<mem-info id="1888" free="21213656" total="39190528" percent="54">
  <mem type="tenure" free="21213656" total="39190528" percent="54" micro-fragmented="0">
    <mem type="soa" free="20822488" total="38799360" percent="53" />
    <mem type="loa" free="391168" total="391168" percent="100" />
  </mem>
</mem-info>
<gc-op id="1889" type="compact" timems="27.249" contextid="1883" timestamp="2019-08-08T07:22:19.434">
  <compact-info movecount="2" movebytes="56" reason="compact to aid heap contraction" />
</gc-op>
<heap-resize id="1890" type="expand" space="tenure" amount="327680" count="1" timems="0.021" reason="satisfy allocation request" timestamp="2019-08-08T07:22:19.435" />
<gc-end id="1891" type="global" contextid="1883" durationms="39.607" usertimems="91.567" systemtimems="0.000" timestamp="2019-08-08T07:22:19.435" activeThreads="16">
  <mem-info id="1892" free="21476104" total="39518208" percent="54">
    <mem type="tenure" free="21476104" total="39518208" percent="54">
      <mem type="soa" free="21081864" total="39123968" percent="53" />
      <mem type="loa" free="394240" total="394240" percent="100" />
    </mem>
  </mem-info>
</gc-end>
<cycle-end id="1893" type="global" contextid="1883" timestamp="2019-08-08T07:22:19.435" />
  <attribute name="elasticGC enabled" value="1" />
  <attribute name= "numThreadsSpecified" value="16" />
  <attribute name="heapSize specified" value="39190528" />
  <attribute name="Current GC Util" value="45" />
  <attribute name= "Current Time Running" value="107045" />
  <attribute name ="GC Interval" value="0" />
  <attribute name="Target GC Util Change" value ="80.000000" />
  <attribute name="Current GC Util Change" value="45.000000"/>
  <attribute name="Current Error" value="35.000000" />
  <attribute name="Output H" value="39493408"/>
  <attribute name="Output I" value="2192"/>
  <attribute name="Output T" value="16"/>
  <attribute name= "Current Time Running" value="107045" />
  <attribute name="GC Util currently" value="45" />
  <attribute name="CPU Util currently" value="42253386133" />
<allocation-satisfied id="1894" threadId="0000000000996F00" bytesRequested="1168" />
<af-end id="1895" timestamp="2019-08-08T07:22:19.435" threadId="0000000000997888" success="true" />
<exclusive-end id="1896" timestamp="2019-08-08T07:22:19.435" durationms="39.848" />

<concurrent-kickoff id="1897" timestamp="2019-08-08T07:22:19.440">
  <kickoff reason="threshold reached" targetBytes="5613072" thresholdFreeBytes="761563" remainingFree="733960" tenureFreeBytes="733960" />
</concurrent-kickoff>
<exclusive-start id="1898" timestamp="2019-08-08T07:22:19.440" intervalms="44.757">
  <response-info timems="0.018" idlems="0.018" threads="0" lastid="0000000000996F00" lastname="main" />
</exclusive-start>
<cycle-start id="1899" type="global" contextid="0" timestamp="2019-08-08T07:22:19.440" intervalms="44.680" />
<exclusive-end id="1900" timestamp="2019-08-08T07:22:19.440" durationms="0.012" />

<exclusive-start id="1901" timestamp="2019-08-08T07:22:19.440" intervalms="0.403">
  <response-info timems="0.071" idlems="0.071" threads="0" lastid="0000000000996F00" lastname="main" />
</exclusive-start>
<af-start id="1902" threadId="0000000000997888" totalBytesRequested="1168" timestamp="2019-08-08T07:22:19.440" intervalms="45.155" />
<concurrent-aborted id="1903" timestamp="2019-08-08T07:22:19.440">
  <reason value="insufficient progress made" />
</concurrent-aborted>
<cycle-end id="1904" type="global" contextid="1899" timestamp="2019-08-08T07:22:19.440" />
  <attribute name="elasticGC enabled" value="1" />
  <attribute name= "numThreadsSpecified" value="16" />
  <attribute name="heapSize specified" value="39190528" />
  <attribute name="Current GC Util" value="45" />
  <attribute name= "Current Time Running" value="107045" />
  <attribute name ="GC Interval" value="0" />
  <attribute name="Target GC Util Change" value ="80.000000" />
  <attribute name="Current GC Util Change" value="45.000000"/>
  <attribute name="Current Error" value="35.000000" />
  <attribute name="Output H" value="39493408"/>
  <attribute name="Output I" value="2192"/>
  <attribute name="Output T" value="16"/>
  <attribute name= "Current Time Running" value="107045" />
  <attribute name="GC Util currently" value="45" />
  <attribute name="CPU Util currently" value="42253386133" />
<cycle-start id="1905" type="global" contextid="0" timestamp="2019-08-08T07:22:19.440" intervalms="0.460" />
<gc-start id="1906" type="global" contextid="1905" timestamp="2019-08-08T07:22:19.440">
  <mem-info id="1907" free="394240" total="39518208" percent="0">
    <mem type="tenure" free="394240" total="39518208" percent="0">
      <mem type="soa" free="0" total="39123968" percent="0" />
      <mem type="loa" free="394240" total="394240" percent="100" />
    </mem>
  </mem-info>
</gc-start>
<allocation-stats totalBytes="21074176" >
  <allocated-bytes non-tlh="0" tlh="21074176" />
  <largest-consumer threadName="main" threadId="0000000000996F00" bytes="21074176" />
</allocation-stats>
<gc-op id="1908" type="mark" timems="9.281" contextid="1905" timestamp="2019-08-08T07:22:19.450">
  <trace-info objectcount="600519" scancount="521402" scanbytes="13382880" />
  <finalization candidates="80" enqueued="0" />
  <ownableSynchronizers candidates="21" cleared="0" />
  <references type="soft" candidates="3261" cleared="0" enqueued="0" dynamicThreshold="17" maxThreshold="32" />
  <references type="weak" candidates="5584" cleared="0" enqueued="0" />
  <references type="phantom" candidates="97" cleared="0" enqueued="0" />
  <stringconstants candidates="13595" cleared="0"  />
</gc-op>
<gc-op id="1909" type="sweep" timems="4.560" contextid="1905" timestamp="2019-08-08T07:22:19.454" />
<mem-info id="1910" free="21541640" total="39518208" percent="54">
  <mem type="tenure" free="21541640" total="39518208" percent="54" micro-fragmented="0">
    <mem type="soa" free="21147400" total="39123968" percent="54" />
    <mem type="loa" free="394240" total="394240" percent="100" />
  </mem>
</mem-info>
<gc-op id="1911" type="compact" timems="27.578" contextid="1905" timestamp="2019-08-08T07:22:19.482">
  <compact-info movecount="2" movebytes="56" reason="compact to aid heap contraction" />
</gc-op>
<heap-resize id="1912" type="expand" space="tenure" amount="327680" count="1" timems="0.020" reason="satisfy allocation request" timestamp="2019-08-08T07:22:19.483" />
<gc-end id="1913" type="global" contextid="1905" durationms="42.291" usertimems="91.006" systemtimems="0.000" timestamp="2019-08-08T07:22:19.483" activeThreads="16">
  <mem-info id="1914" free="21803784" total="39845888" percent="54">
    <mem type="tenure" free="21803784" total="39845888" percent="54">
      <mem type="soa" free="21405448" total="39447552" percent="54" />
      <mem type="loa" free="398336" total="398336" percent="100" />
    </mem>
  </mem-info>
</gc-end>
<cycle-end id="1915" type="global" contextid="1905" timestamp="2019-08-08T07:22:19.483" />
  <attribute name="elasticGC enabled" value="1" />
  <attribute name= "numThreadsSpecified" value="16" />
  <attribute name="heapSize specified" value="39518208" />
  <attribute name="Current GC Util" value="38" />
  <attribute name= "Current Time Running" value="107092" />
  <attribute name ="GC Interval" value="0" />
  <attribute name="Target GC Util Change" value ="80.000000" />
  <attribute name="Current GC Util Change" value="38.000000"/>
  <attribute name="Current Error" value="-770.000000" />
  <attribute name="Output H" value="39817368"/>
  <attribute name="Output I" value="200"/>
  <attribute name="Output T" value="16"/>
  <attribute name= "Current Time Running" value="107092" />
  <attribute name="GC Util currently" value="38" />
  <attribute name="CPU Util currently" value="41712421946" />
<allocation-satisfied id="1916" threadId="0000000000996F00" bytesRequested="1168" />
<af-end id="1917" timestamp="2019-08-08T07:22:19.483" threadId="0000000000997888" success="true" />
<exclusive-end id="1918" timestamp="2019-08-08T07:22:19.483" durationms="42.456" />

<concurrent-kickoff id="1919" timestamp="2019-08-08T07:22:19.487">
  <kickoff reason="threshold reached" targetBytes="5659614" thresholdFreeBytes="767878" remainingFree="668424" tenureFreeBytes="668424" />
</concurrent-kickoff>
<exclusive-start id="1920" timestamp="2019-08-08T07:22:19.487" intervalms="47.240">
  <response-info timems="0.040" idlems="0.040" threads="0" lastid="0000000000996F00" lastname="main" />
</exclusive-start>
<cycle-start id="1921" type="global" contextid="0" timestamp="2019-08-08T07:22:19.487" intervalms="47.184" />
<exclusive-end id="1922" timestamp="2019-08-08T07:22:19.487" durationms="0.013" />

<exclusive-start id="1923" timestamp="2019-08-08T07:22:19.488" intervalms="0.308">
  <response-info timems="0.030" idlems="0.030" threads="0" lastid="0000000000996F00" lastname="main" />
</exclusive-start>
<af-start id="1924" threadId="0000000000997888" totalBytesRequested="1168" timestamp="2019-08-08T07:22:19.488" intervalms="47.553" />
<concurrent-aborted id="1925" timestamp="2019-08-08T07:22:19.488">
  <reason value="insufficient progress made" />
</concurrent-aborted>
<cycle-end id="1926" type="global" contextid="1921" timestamp="2019-08-08T07:22:19.488" />
  <attribute name="elasticGC enabled" value="1" />
  <attribute name= "numThreadsSpecified" value="16" />
  <attribute name="heapSize specified" value="39518208" />
  <attribute name="Current GC Util" value="38" />
  <attribute name= "Current Time Running" value="107092" />
  <attribute name ="GC Interval" value="0" />
  <attribute name="Target GC Util Change" value ="80.000000" />
  <attribute name="Current GC Util Change" value="38.000000"/>
  <attribute name="Current Error" value="-770.000000" />
  <attribute name="Output H" value="39817368"/>
  <attribute name="Output I" value="200"/>
  <attribute name="Output T" value="16"/>
  <attribute name= "Current Time Running" value="107092" />
  <attribute name="GC Util currently" value="38" />
  <attribute name="CPU Util currently" value="41712421946" />
<cycle-start id="1927" type="global" contextid="0" timestamp="2019-08-08T07:22:19.488" intervalms="0.371" />
<gc-start id="1928" type="global" contextid="1927" timestamp="2019-08-08T07:22:19.488">
  <mem-info id="1929" free="398336" total="39845888" percent="0">
    <mem type="tenure" free="398336" total="39845888" percent="0">
      <mem type="soa" free="0" total="39447552" percent="0" />
      <mem type="loa" free="398336" total="398336" percent="100" />
    </mem>
  </mem-info>
</gc-start>
<allocation-stats totalBytes="21397080" >
  <allocated-bytes non-tlh="0" tlh="21397080" />
  <largest-consumer threadName="main" threadId="0000000000996F00" bytes="21397080" />
</allocation-stats>
<gc-op id="1930" type="mark" timems="14.261" contextid="1927" timestamp="2019-08-08T07:22:19.502">
  <trace-info objectcount="600519" scancount="521407" scanbytes="13382880" />
  <finalization candidates="80" enqueued="0" />
  <ownableSynchronizers candidates="21" cleared="0" />
  <references type="soft" candidates="3261" cleared="0" enqueued="0" dynamicThreshold="17" maxThreshold="32" />
  <references type="weak" candidates="5584" cleared="0" enqueued="0" />
  <references type="phantom" candidates="97" cleared="0" enqueued="0" />
  <stringconstants candidates="13595" cleared="0"  />
</gc-op>
<gc-op id="1931" type="sweep" timems="3.117" contextid="1927" timestamp="2019-08-08T07:22:19.505" />
<mem-info id="1932" free="21868768" total="39845888" percent="54">
  <mem type="tenure" free="21868768" total="39845888" percent="54" micro-fragmented="0">
    <mem type="soa" free="21470432" total="39447552" percent="54" />
    <mem type="loa" free="398336" total="398336" percent="100" />
  </mem>
</mem-info>
<gc-op id="1933" type="compact" timems="26.377" contextid="1927" timestamp="2019-08-08T07:22:19.532">
  <compact-info movecount="2" movebytes="56" reason="compact to aid heap contraction" />
</gc-op>
<heap-resize id="1934" type="expand" space="tenure" amount="327680" count="1" timems="0.041" reason="satisfy allocation request" timestamp="2019-08-08T07:22:19.534" />
<gc-end id="1935" type="global" contextid="1927" durationms="45.741" usertimems="123.520" systemtimems="0.000" timestamp="2019-08-08T07:22:19.534" activeThreads="16">
  <mem-info id="1936" free="22131464" total="40173568" percent="55">
    <mem type="tenure" free="22131464" total="40173568" percent="55">
      <mem type="soa" free="21730056" total="39772160" percent="54" />
      <mem type="loa" free="401408" total="401408" percent="100" />
    </mem>
  </mem-info>
</gc-end>
<cycle-end id="1937" type="global" contextid="1927" timestamp="2019-08-08T07:22:19.534" />
  <attribute name="elasticGC enabled" value="1" />
  <attribute name= "numThreadsSpecified" value="16" />
  <attribute name="heapSize specified" value="39845888" />
  <attribute name="Current GC Util" value="43" />
  <attribute name= "Current Time Running" value="107142" />
  <attribute name ="GC Interval" value="0" />
  <attribute name="Target GC Util Change" value ="80.000000" />
  <attribute name="Current GC Util Change" value="43.000000"/>
  <attribute name="Current Error" value="-870.000000" />
  <attribute name="Output H" value="40144584"/>
  <attribute name="Output I" value="200"/>
  <attribute name="Output T" value="16"/>
  <attribute name= "Current Time Running" value="107142" />
  <attribute name="GC Util currently" value="43" />
  <attribute name="CPU Util currently" value="43536769988" />
<allocation-satisfied id="1938" threadId="0000000000996F00" bytesRequested="1168" />
<af-end id="1939" timestamp="2019-08-08T07:22:19.534" threadId="0000000000997888" success="true" />
<exclusive-end id="1940" timestamp="2019-08-08T07:22:19.534" durationms="45.986" />

<concurrent-kickoff id="1941" timestamp="2019-08-08T07:22:19.538">
  <kickoff reason="threshold reached" targetBytes="5706157" thresholdFreeBytes="774192" remainingFree="733960" tenureFreeBytes="733960" />
</concurrent-kickoff>
<exclusive-start id="1942" timestamp="2019-08-08T07:22:19.538" intervalms="50.503">
  <response-info timems="0.041" idlems="0.041" threads="0" lastid="0000000000996F00" lastname="main" />
</exclusive-start>
<cycle-start id="1943" type="global" contextid="0" timestamp="2019-08-08T07:22:19.538" intervalms="50.446" />
<exclusive-end id="1944" timestamp="2019-08-08T07:22:19.538" durationms="0.019" />

<exclusive-start id="1945" timestamp="2019-08-08T07:22:19.539" intervalms="0.339">
  <response-info timems="0.038" idlems="0.038" threads="0" lastid="0000000000996F00" lastname="main" />
</exclusive-start>
<af-start id="1946" threadId="0000000000997888" totalBytesRequested="1168" timestamp="2019-08-08T07:22:19.539" intervalms="50.837" />
<concurrent-aborted id="1947" timestamp="2019-08-08T07:22:19.539">
  <reason value="insufficient progress made" />
</concurrent-aborted>
<cycle-end id="1948" type="global" contextid="1943" timestamp="2019-08-08T07:22:19.539" />
  <attribute name="elasticGC enabled" value="1" />
  <attribute name= "numThreadsSpecified" value="16" />
  <attribute name="heapSize specified" value="39845888" />
  <attribute name="Current GC Util" value="43" />
  <attribute name= "Current Time Running" value="107142" />
  <attribute name ="GC Interval" value="0" />
  <attribute name="Target GC Util Change" value ="80.000000" />
  <attribute name="Current GC Util Change" value="43.000000"/>
  <attribute name="Current Error" value="-870.000000" />
  <attribute name="Output H" value="40144584"/>
  <attribute name="Output I" value="200"/>
  <attribute name="Output T" value="16"/>
  <attribute name= "Current Time Running" value="107142" />
  <attribute name="GC Util currently" value="43" />
  <attribute name="CPU Util currently" value="43536769988" />
<cycle-start id="1949" type="global" contextid="0" timestamp="2019-08-08T07:22:19.539" intervalms="0.399" />
<gc-start id="1950" type="global" contextid="1949" timestamp="2019-08-08T07:22:19.539">
  <mem-info id="1951" free="401408" total="40173568" percent="0">
    <mem type="tenure" free="401408" total="40173568" percent="0">
      <mem type="soa" free="0" total="39772160" percent="0" />
      <mem type="loa" free="401408" total="401408" percent="100" />
    </mem>
  </mem-info>
</gc-start>
<allocation-stats totalBytes="21721216" >
  <allocated-bytes non-tlh="0" tlh="21721216" />
  <largest-consumer threadName="main" threadId="0000000000996F00" bytes="21721216" />
</allocation-stats>
<gc-op id="1952" type="mark" timems="8.449" contextid="1949" timestamp="2019-08-08T07:22:19.547">
  <trace-info objectcount="600519" scancount="521388" scanbytes="13382880" />
  <finalization candidates="80" enqueued="0" />
  <ownableSynchronizers candidates="21" cleared="0" />
  <references type="soft" candidates="3261" cleared="0" enqueued="0" dynamicThreshold="17" maxThreshold="32" />
  <references type="weak" candidates="5584" cleared="0" enqueued="0" />
  <references type="phantom" candidates="97" cleared="0" enqueued="0" />
  <stringconstants candidates="13595" cleared="0"  />
</gc-op>
<gc-op id="1953" type="sweep" timems="2.676" contextid="1949" timestamp="2019-08-08T07:22:19.550" />
<mem-info id="1954" free="22196840" total="40173568" percent="55">
  <mem type="tenure" free="22196840" total="40173568" percent="55" micro-fragmented="0">
    <mem type="soa" free="21795432" total="39772160" percent="54" />
    <mem type="loa" free="401408" total="401408" percent="100" />
  </mem>
</mem-info>
<gc-op id="1955" type="compact" timems="24.754" contextid="1949" timestamp="2019-08-08T07:22:19.575">
  <compact-info movecount="2" movebytes="56" reason="compact to aid heap contraction" />
</gc-op>
<heap-resize id="1956" type="expand" space="tenure" amount="327680" count="1" timems="0.021" reason="satisfy allocation request" timestamp="2019-08-08T07:22:19.576" />
<gc-end id="1957" type="global" contextid="1949" durationms="36.995" usertimems="86.530" systemtimems="0.000" timestamp="2019-08-08T07:22:19.576" activeThreads="16">
  <mem-info id="1958" free="22459144" total="40501248" percent="55">
    <mem type="tenure" free="22459144" total="40501248" percent="55">
      <mem type="soa" free="22054664" total="40096768" percent="55" />
      <mem type="loa" free="404480" total="404480" percent="100" />
    </mem>
  </mem-info>
</gc-end>
<cycle-end id="1959" type="global" contextid="1949" timestamp="2019-08-08T07:22:19.576" />
  <attribute name="elasticGC enabled" value="1" />
  <attribute name= "numThreadsSpecified" value="16" />
  <attribute name="heapSize specified" value="40173568" />
  <attribute name="Current GC Util" value="43" />
  <attribute name= "Current Time Running" value="107185" />
  <attribute name ="GC Interval" value="0" />
  <attribute name="Target GC Util Change" value ="80.000000" />
  <attribute name="Current GC Util Change" value="43.000000"/>
  <attribute name="Current Error" value="-438.000000" />
  <attribute name="Output H" value="40474264"/>
  <attribute name="Output I" value="200"/>
  <attribute name="Output T" value="16"/>
  <attribute name= "Current Time Running" value="107185" />
  <attribute name="GC Util currently" value="43" />
  <attribute name="CPU Util currently" value="46424059215" />
<allocation-satisfied id="1960" threadId="0000000000996F00" bytesRequested="1168" />
<af-end id="1961" timestamp="2019-08-08T07:22:19.576" threadId="0000000000997888" success="true" />
<exclusive-end id="1962" timestamp="2019-08-08T07:22:19.576" durationms="37.408" />

<concurrent-kickoff id="1963" timestamp="2019-08-08T07:22:19.581">
  <kickoff reason="threshold reached" targetBytes="5752701" thresholdFreeBytes="780507" remainingFree="668424" tenureFreeBytes="668424" />
</concurrent-kickoff>
<exclusive-start id="1964" timestamp="2019-08-08T07:22:19.581" intervalms="42.523">
  <response-info timems="0.044" idlems="0.044" threads="0" lastid="0000000000996F00" lastname="main" />
</exclusive-start>
<cycle-start id="1965" type="global" contextid="0" timestamp="2019-08-08T07:22:19.581" intervalms="42.459" />
<exclusive-end id="1966" timestamp="2019-08-08T07:22:19.581" durationms="0.016" />

<exclusive-start id="1967" timestamp="2019-08-08T07:22:19.581" intervalms="0.393">
  <response-info timems="0.048" idlems="0.048" threads="0" lastid="0000000000996F00" lastname="main" />
</exclusive-start>
<af-start id="1968" threadId="0000000000997888" totalBytesRequested="1168" timestamp="2019-08-08T07:22:19.581" intervalms="42.922" />
<concurrent-aborted id="1969" timestamp="2019-08-08T07:22:19.582">
  <reason value="insufficient progress made" />
</concurrent-aborted>
<cycle-end id="1970" type="global" contextid="1965" timestamp="2019-08-08T07:22:19.582" />
  <attribute name="elasticGC enabled" value="1" />
  <attribute name= "numThreadsSpecified" value="16" />
  <attribute name="heapSize specified" value="40173568" />
  <attribute name="Current GC Util" value="43" />
  <attribute name= "Current Time Running" value="107185" />
  <attribute name ="GC Interval" value="0" />
  <attribute name="Target GC Util Change" value ="80.000000" />
  <attribute name="Current GC Util Change" value="43.000000"/>
  <attribute name="Current Error" value="-438.000000" />
  <attribute name="Output H" value="40474264"/>
  <attribute name="Output I" value="200"/>
  <attribute name="Output T" value="16"/>
  <attribute name= "Current Time Running" value="107185" />
  <attribute name="GC Util currently" value="43" />
  <attribute name="CPU Util currently" value="46424059215" />
<cycle-start id="1971" type="global" contextid="0" timestamp="2019-08-08T07:22:19.582" intervalms="0.466" />
<gc-start id="1972" type="global" contextid="1971" timestamp="2019-08-08T07:22:19.582">
  <mem-info id="1973" free="404480" total="40501248" percent="0">
    <mem type="tenure" free="404480" total="40501248" percent="0">
      <mem type="soa" free="0" total="40096768" percent="0" />
      <mem type="loa" free="404480" total="404480" percent="100" />
    </mem>
  </mem-info>
</gc-start>
<allocation-stats totalBytes="22044144" >
  <allocated-bytes non-tlh="0" tlh="22044144" />
  <largest-consumer threadName="main" threadId="0000000000996F00" bytes="22044144" />
</allocation-stats>
<gc-op id="1974" type="mark" timems="8.824" contextid="1971" timestamp="2019-08-08T07:22:19.591">
  <trace-info objectcount="600519" scancount="521392" scanbytes="13382880" />
  <finalization candidates="80" enqueued="0" />
  <ownableSynchronizers candidates="21" cleared="0" />
  <references type="soft" candidates="3261" cleared="0" enqueued="0" dynamicThreshold="17" maxThreshold="32" />
  <references type="weak" candidates="5584" cleared="0" enqueued="0" />
  <references type="phantom" candidates="97" cleared="0" enqueued="0" />
  <stringconstants candidates="13595" cleared="0"  />
</gc-op>
<gc-op id="1975" type="sweep" timems="4.340" contextid="1971" timestamp="2019-08-08T07:22:19.595" />
<mem-info id="1976" free="22524112" total="40501248" percent="55">
  <mem type="tenure" free="22524112" total="40501248" percent="55" micro-fragmented="0">
    <mem type="soa" free="22119632" total="40096768" percent="55" />
    <mem type="loa" free="404480" total="404480" percent="100" />
  </mem>
</mem-info>
<gc-op id="1977" type="compact" timems="25.356" contextid="1971" timestamp="2019-08-08T07:22:19.620">
  <compact-info movecount="2" movebytes="56" reason="compact to aid heap contraction" />
</gc-op>
<heap-resize id="1978" type="expand" space="tenure" amount="327680" count="1" timems="0.022" reason="satisfy allocation request" timestamp="2019-08-08T07:22:19.621" />
<gc-end id="1979" type="global" contextid="1971" durationms="40.527" usertimems="95.760" systemtimems="0.000" timestamp="2019-08-08T07:22:19.622" activeThreads="16">
  <mem-info id="1980" free="22786824" total="40828928" percent="55">
    <mem type="tenure" free="22786824" total="40828928" percent="55">
      <mem type="soa" free="22379272" total="40421376" percent="55" />
      <mem type="loa" free="407552" total="407552" percent="100" />
    </mem>
  </mem-info>
</gc-end>
<cycle-end id="1981" type="global" contextid="1971" timestamp="2019-08-08T07:22:19.622" />
  <attribute name="elasticGC enabled" value="1" />
  <attribute name= "numThreadsSpecified" value="16" />
  <attribute name="heapSize specified" value="40501248" />
  <attribute name="Current GC Util" value="43" />
  <attribute name= "Current Time Running" value="107231" />
  <attribute name ="GC Interval" value="0" />
  <attribute name="Target GC Util Change" value ="80.000000" />
  <attribute name="Current GC Util Change" value="43.000000"/>
  <attribute name="Current Error" value="-18.000000" />
  <attribute name="Output H" value="40803880"/>
  <attribute name="Output I" value="1920"/>
  <attribute name="Output T" value="16"/>
  <attribute name= "Current Time Running" value="107231" />
  <attribute name="GC Util currently" value="43" />
  <attribute name="CPU Util currently" value="45381410682" />
<allocation-satisfied id="1982" threadId="0000000000996F00" bytesRequested="1168" />
<af-end id="1983" timestamp="2019-08-08T07:22:19.622" threadId="0000000000997888" success="true" />
<exclusive-end id="1984" timestamp="2019-08-08T07:22:19.622" durationms="40.805" />

<concurrent-kickoff id="1985" timestamp="2019-08-08T07:22:19.627">
  <kickoff reason="threshold reached" targetBytes="5799243" thresholdFreeBytes="786822" remainingFree="733960" tenureFreeBytes="733960" />
</concurrent-kickoff>
<exclusive-start id="1986" timestamp="2019-08-08T07:22:19.627" intervalms="45.285">
  <response-info timems="0.058" idlems="0.058" threads="0" lastid="0000000000996F00" lastname="main" />
</exclusive-start>
<cycle-start id="1987" type="global" contextid="0" timestamp="2019-08-08T07:22:19.627" intervalms="45.209" />
<exclusive-end id="1988" timestamp="2019-08-08T07:22:19.627" durationms="0.012" />

<exclusive-start id="1989" timestamp="2019-08-08T07:22:19.627" intervalms="0.330">
  <response-info timems="0.043" idlems="0.043" threads="0" lastid="0000000000996F00" lastname="main" />
</exclusive-start>
<af-start id="1990" threadId="0000000000997888" totalBytesRequested="1168" timestamp="2019-08-08T07:22:19.627" intervalms="45.608" />
<concurrent-aborted id="1991" timestamp="2019-08-08T07:22:19.627">
  <reason value="insufficient progress made" />
</concurrent-aborted>
<cycle-end id="1992" type="global" contextid="1987" timestamp="2019-08-08T07:22:19.627" />
  <attribute name="elasticGC enabled" value="1" />
  <attribute name= "numThreadsSpecified" value="16" />
  <attribute name="heapSize specified" value="40501248" />
  <attribute name="Current GC Util" value="43" />
  <attribute name= "Current Time Running" value="107231" />
  <attribute name ="GC Interval" value="0" />
  <attribute name="Target GC Util Change" value ="80.000000" />
  <attribute name="Current GC Util Change" value="43.000000"/>
  <attribute name="Current Error" value="-18.000000" />
  <attribute name="Output H" value="40803880"/>
  <attribute name="Output I" value="1920"/>
  <attribute name="Output T" value="16"/>
  <attribute name= "Current Time Running" value="107231" />
  <attribute name="GC Util currently" value="43" />
  <attribute name="CPU Util currently" value="45381410682" />
<cycle-start id="1993" type="global" contextid="0" timestamp="2019-08-08T07:22:19.627" intervalms="0.411" />
<gc-start id="1994" type="global" contextid="1993" timestamp="2019-08-08T07:22:19.627">
  <mem-info id="1995" free="407552" total="40828928" percent="0">
    <mem type="tenure" free="407552" total="40828928" percent="0">
      <mem type="soa" free="0" total="40421376" percent="0" />
      <mem type="loa" free="407552" total="407552" percent="100" />
    </mem>
  </mem-info>
</gc-start>
<allocation-stats totalBytes="22368280" >
  <allocated-bytes non-tlh="0" tlh="22368280" />
  <largest-consumer threadName="main" threadId="0000000000996F00" bytes="22368280" />
</allocation-stats>
<gc-op id="1996" type="mark" timems="8.921" contextid="1993" timestamp="2019-08-08T07:22:19.636">
  <trace-info objectcount="600519" scancount="521405" scanbytes="13382880" />
  <finalization candidates="80" enqueued="0" />
  <ownableSynchronizers candidates="21" cleared="0" />
  <references type="soft" candidates="3261" cleared="0" enqueued="0" dynamicThreshold="17" maxThreshold="32" />
  <references type="weak" candidates="5584" cleared="0" enqueued="0" />
  <references type="phantom" candidates="97" cleared="0" enqueued="0" />
  <stringconstants candidates="13595" cleared="0"  />
</gc-op>
<gc-op id="1997" type="sweep" timems="4.362" contextid="1993" timestamp="2019-08-08T07:22:19.641" />
<mem-info id="1998" free="22852184" total="40828928" percent="55">
  <mem type="tenure" free="22852184" total="40828928" percent="55" micro-fragmented="0">
    <mem type="soa" free="22444632" total="40421376" percent="55" />
    <mem type="loa" free="407552" total="407552" percent="100" />
  </mem>
</mem-info>
<gc-op id="1999" type="compact" timems="25.532" contextid="1993" timestamp="2019-08-08T07:22:19.666">
  <compact-info movecount="2" movebytes="56" reason="compact to aid heap contraction" />
</gc-op>
<heap-resize id="2000" type="expand" space="tenure" amount="327680" count="1" timems="0.022" reason="satisfy allocation request" timestamp="2019-08-08T07:22:19.667" />
<gc-end id="2001" type="global" contextid="1993" durationms="39.983" usertimems="89.980" systemtimems="0.000" timestamp="2019-08-08T07:22:19.667" activeThreads="16">
  <mem-info id="2002" free="23114504" total="41156608" percent="56">
    <mem type="tenure" free="23114504" total="41156608" percent="56">
      <mem type="soa" free="22703880" total="40745984" percent="55" />
      <mem type="loa" free="410624" total="410624" percent="100" />
    </mem>
  </mem-info>
</gc-end>
<cycle-end id="2003" type="global" contextid="1993" timestamp="2019-08-08T07:22:19.667" />
  <attribute name="elasticGC enabled" value="1" />
  <attribute name= "numThreadsSpecified" value="16" />
  <attribute name="heapSize specified" value="40828928" />
  <attribute name="Current GC Util" value="53" />
  <attribute name= "Current Time Running" value="107277" />
  <attribute name ="GC Interval" value="0" />
  <attribute name="Target GC Util Change" value ="80.000000" />
  <attribute name="Current GC Util Change" value="53.000000"/>
  <attribute name="Current Error" value="31.000000" />
  <attribute name="Output H" value="41131784"/>
  <attribute name="Output I" value="2176"/>
  <attribute name="Output T" value="16"/>
  <attribute name= "Current Time Running" value="107277" />
  <attribute name="GC Util currently" value="53" />
  <attribute name="CPU Util currently" value="45087621395" />
<allocation-satisfied id="2004" threadId="0000000000996F00" bytesRequested="1168" />
<af-end id="2005" timestamp="2019-08-08T07:22:19.667" threadId="0000000000997888" success="true" />
<exclusive-end id="2006" timestamp="2019-08-08T07:22:19.667" durationms="40.186" />

<concurrent-kickoff id="2007" timestamp="2019-08-08T07:22:19.672">
  <kickoff reason="threshold reached" targetBytes="5845786" thresholdFreeBytes="793136" remainingFree="668424" tenureFreeBytes="668424" />
</concurrent-kickoff>
<exclusive-start id="2008" timestamp="2019-08-08T07:22:19.672" intervalms="44.732">
  <response-info timems="0.038" idlems="0.038" threads="0" lastid="0000000000996F00" lastname="main" />
</exclusive-start>
<cycle-start id="2009" type="global" contextid="0" timestamp="2019-08-08T07:22:19.672" intervalms="44.652" />
<exclusive-end id="2010" timestamp="2019-08-08T07:22:19.672" durationms="0.013" />

<exclusive-start id="2011" timestamp="2019-08-08T07:22:19.672" intervalms="0.517">
  <response-info timems="0.189" idlems="0.189" threads="0" lastid="0000000000996F00" lastname="main" />
</exclusive-start>
<af-start id="2012" threadId="0000000000997888" totalBytesRequested="1168" timestamp="2019-08-08T07:22:19.672" intervalms="45.252" />
<concurrent-aborted id="2013" timestamp="2019-08-08T07:22:19.672">
  <reason value="insufficient progress made" />
</concurrent-aborted>
<cycle-end id="2014" type="global" contextid="2009" timestamp="2019-08-08T07:22:19.672" />
  <attribute name="elasticGC enabled" value="1" />
  <attribute name= "numThreadsSpecified" value="16" />
  <attribute name="heapSize specified" value="40828928" />
  <attribute name="Current GC Util" value="53" />
  <attribute name= "Current Time Running" value="107277" />
  <attribute name ="GC Interval" value="0" />
  <attribute name="Target GC Util Change" value ="80.000000" />
  <attribute name="Current GC Util Change" value="53.000000"/>
  <attribute name="Current Error" value="31.000000" />
  <attribute name="Output H" value="41131784"/>
  <attribute name="Output I" value="2176"/>
  <attribute name="Output T" value="16"/>
  <attribute name= "Current Time Running" value="107277" />
  <attribute name="GC Util currently" value="53" />
  <attribute name="CPU Util currently" value="45087621395" />
<cycle-start id="2015" type="global" contextid="0" timestamp="2019-08-08T07:22:19.672" intervalms="0.575" />
<gc-start id="2016" type="global" contextid="2015" timestamp="2019-08-08T07:22:19.672">
  <mem-info id="2017" free="410624" total="41156608" percent="0">
    <mem type="tenure" free="410624" total="41156608" percent="0">
      <mem type="soa" free="0" total="40745984" percent="0" />
      <mem type="loa" free="410624" total="410624" percent="100" />
    </mem>
  </mem-info>
</gc-start>
<allocation-stats totalBytes="22691184" >
  <allocated-bytes non-tlh="0" tlh="22691184" />
  <largest-consumer threadName="main" threadId="0000000000996F00" bytes="22691184" />
</allocation-stats>
<gc-op id="2018" type="mark" timems="8.174" contextid="2015" timestamp="2019-08-08T07:22:19.681">
  <trace-info objectcount="600519" scancount="521407" scanbytes="13382880" />
  <finalization candidates="80" enqueued="0" />
  <ownableSynchronizers candidates="21" cleared="0" />
  <references type="soft" candidates="3261" cleared="0" enqueued="0" dynamicThreshold="17" maxThreshold="32" />
  <references type="weak" candidates="5584" cleared="0" enqueued="0" />
  <references type="phantom" candidates="97" cleared="0" enqueued="0" />
  <stringconstants candidates="13595" cleared="0"  />
</gc-op>
<gc-op id="2019" type="sweep" timems="3.941" contextid="2015" timestamp="2019-08-08T07:22:19.685" />
<mem-info id="2020" free="23180040" total="41156608" percent="56">
  <mem type="tenure" free="23180040" total="41156608" percent="56" micro-fragmented="0">
    <mem type="soa" free="22769416" total="40745984" percent="55" />
    <mem type="loa" free="410624" total="410624" percent="100" />
  </mem>
</mem-info>
<gc-op id="2021" type="compact" timems="22.938" contextid="2015" timestamp="2019-08-08T07:22:19.708">
  <compact-info movecount="2" movebytes="56" reason="compact to aid heap contraction" />
</gc-op>
<heap-resize id="2022" type="expand" space="tenure" amount="327680" count="1" timems="0.022" reason="satisfy allocation request" timestamp="2019-08-08T07:22:19.708" />
<gc-end id="2023" type="global" contextid="2015" durationms="35.774" usertimems="75.056" systemtimems="0.000" timestamp="2019-08-08T07:22:19.708" activeThreads="16">
  <mem-info id="2024" free="23442184" total="41484288" percent="56">
    <mem type="tenure" free="23442184" total="41484288" percent="56">
      <mem type="soa" free="23027464" total="41069568" percent="56" />
      <mem type="loa" free="414720" total="414720" percent="100" />
    </mem>
  </mem-info>
</gc-end>
<cycle-end id="2025" type="global" contextid="2015" timestamp="2019-08-08T07:22:19.708" />
  <attribute name="elasticGC enabled" value="1" />
  <attribute name= "numThreadsSpecified" value="16" />
  <attribute name="heapSize specified" value="41156608" />
  <attribute name="Current GC Util" value="29" />
  <attribute name= "Current Time Running" value="107318" />
  <attribute name ="GC Interval" value="0" />
  <attribute name="Target GC Util Change" value ="80.000000" />
  <attribute name="Current GC Util Change" value="29.000000"/>
  <attribute name="Current Error" value="51.000000" />
  <attribute name="Output H" value="41459560"/>
  <attribute name="Output I" value="2280"/>
  <attribute name="Output T" value="16"/>
  <attribute name= "Current Time Running" value="107318" />
  <attribute name="GC Util currently" value="29" />
  <attribute name="CPU Util currently" value="50187849588" />
<allocation-satisfied id="2026" threadId="0000000000996F00" bytesRequested="1168" />
<af-end id="2027" timestamp="2019-08-08T07:22:19.708" threadId="0000000000997888" success="true" />
<exclusive-end id="2028" timestamp="2019-08-08T07:22:19.708" durationms="35.945" />

<concurrent-kickoff id="2029" timestamp="2019-08-08T07:22:19.713">
  <kickoff reason="threshold reached" targetBytes="5892329" thresholdFreeBytes="799451" remainingFree="733960" tenureFreeBytes="733960" />
</concurrent-kickoff>
<exclusive-start id="2030" timestamp="2019-08-08T07:22:19.713" intervalms="41.096">
  <response-info timems="0.124" idlems="0.124" threads="0" lastid="0000000000996F00" lastname="main" />
</exclusive-start>
<cycle-start id="2031" type="global" contextid="0" timestamp="2019-08-08T07:22:19.713" intervalms="41.039" />
<exclusive-end id="2032" timestamp="2019-08-08T07:22:19.713" durationms="0.015" />

<exclusive-start id="2033" timestamp="2019-08-08T07:22:19.714" intervalms="0.496">
  <response-info timems="0.193" idlems="0.193" threads="0" lastid="0000000000996F00" lastname="main" />
</exclusive-start>
<af-start id="2034" threadId="0000000000997888" totalBytesRequested="1168" timestamp="2019-08-08T07:22:19.714" intervalms="41.594" />
<concurrent-aborted id="2035" timestamp="2019-08-08T07:22:19.714">
  <reason value="insufficient progress made" />
</concurrent-aborted>
<cycle-end id="2036" type="global" contextid="2031" timestamp="2019-08-08T07:22:19.714" />
  <attribute name="elasticGC enabled" value="1" />
  <attribute name= "numThreadsSpecified" value="16" />
  <attribute name="heapSize specified" value="41156608" />
  <attribute name="Current GC Util" value="29" />
  <attribute name= "Current Time Running" value="107318" />
  <attribute name ="GC Interval" value="0" />
  <attribute name="Target GC Util Change" value ="80.000000" />
  <attribute name="Current GC Util Change" value="29.000000"/>
  <attribute name="Current Error" value="51.000000" />
  <attribute name="Output H" value="41459560"/>
  <attribute name="Output I" value="2280"/>
  <attribute name="Output T" value="16"/>
  <attribute name= "Current Time Running" value="107318" />
  <attribute name="GC Util currently" value="29" />
  <attribute name="CPU Util currently" value="50187849588" />
<cycle-start id="2037" type="global" contextid="0" timestamp="2019-08-08T07:22:19.714" intervalms="0.566" />
<gc-start id="2038" type="global" contextid="2037" timestamp="2019-08-08T07:22:19.714">
  <mem-info id="2039" free="414720" total="41484288" percent="0">
    <mem type="tenure" free="414720" total="41484288" percent="0">
      <mem type="soa" free="0" total="41069568" percent="0" />
      <mem type="loa" free="414720" total="414720" percent="100" />
    </mem>
  </mem-info>
</gc-start>
<allocation-stats totalBytes="23014112" >
  <allocated-bytes non-tlh="0" tlh="23014112" />
  <largest-consumer threadName="main" threadId="0000000000996F00" bytes="23014112" />
</allocation-stats>
<gc-op id="2040" type="mark" timems="8.305" contextid="2037" timestamp="2019-08-08T07:22:19.722">
  <trace-info objectcount="600519" scancount="521405" scanbytes="13382880" />
  <finalization candidates="80" enqueued="0" />
  <ownableSynchronizers candidates="21" cleared="0" />
  <references type="soft" candidates="3261" cleared="0" enqueued="0" dynamicThreshold="18" maxThreshold="32" />
  <references type="weak" candidates="5584" cleared="0" enqueued="0" />
  <references type="phantom" candidates="97" cleared="0" enqueued="0" />
  <stringconstants candidates="13595" cleared="0"  />
</gc-op>
<gc-op id="2041" type="sweep" timems="2.995" contextid="2037" timestamp="2019-08-08T07:22:19.725" />
<mem-info id="2042" free="23507320" total="41484288" percent="56">
  <mem type="tenure" free="23507320" total="41484288" percent="56" micro-fragmented="0">
    <mem type="soa" free="23092600" total="41069568" percent="56" />
    <mem type="loa" free="414720" total="414720" percent="100" />
  </mem>
</mem-info>
<gc-op id="2043" type="compact" timems="26.311" contextid="2037" timestamp="2019-08-08T07:22:19.752">
  <compact-info movecount="2" movebytes="56" reason="compact to aid heap contraction" />
</gc-op>
<heap-resize id="2044" type="expand" space="tenure" amount="327680" count="1" timems="0.020" reason="satisfy allocation request" timestamp="2019-08-08T07:22:19.752" />
<gc-end id="2045" type="global" contextid="2037" durationms="38.278" usertimems="80.551" systemtimems="0.000" timestamp="2019-08-08T07:22:19.752" activeThreads="16">
  <mem-info id="2046" free="23769864" total="41811968" percent="56">
    <mem type="tenure" free="23769864" total="41811968" percent="56">
      <mem type="soa" free="23352072" total="41394176" percent="56" />
      <mem type="loa" free="417792" total="417792" percent="100" />
    </mem>
  </mem-info>
</gc-end>
<cycle-end id="2047" type="global" contextid="2037" timestamp="2019-08-08T07:22:19.752" />
  <attribute name="elasticGC enabled" value="1" />
  <attribute name= "numThreadsSpecified" value="16" />
  <attribute name="heapSize specified" value="41484288" />
  <attribute name="Current GC Util" value="36" />
  <attribute name= "Current Time Running" value="107362" />
  <attribute name ="GC Interval" value="0" />
  <attribute name="Target GC Util Change" value ="80.000000" />
  <attribute name="Current GC Util Change" value="36.000000"/>
  <attribute name="Current Error" value="-683.000000" />
  <attribute name="Output H" value="41783848"/>
  <attribute name="Output I" value="200"/>
  <attribute name="Output T" value="16"/>
  <attribute name= "Current Time Running" value="107362" />
  <attribute name="GC Util currently" value="36" />
  <attribute name="CPU Util currently" value="43722380954" />
<allocation-satisfied id="2048" threadId="0000000000996F00" bytesRequested="1168" />
<af-end id="2049" timestamp="2019-08-08T07:22:19.752" threadId="0000000000997888" success="true" />
<exclusive-end id="2050" timestamp="2019-08-08T07:22:19.752" durationms="38.511" />

<concurrent-kickoff id="2051" timestamp="2019-08-08T07:22:19.758">
  <kickoff reason="threshold reached" targetBytes="5938872" thresholdFreeBytes="805766" remainingFree="799496" tenureFreeBytes="799496" />
</concurrent-kickoff>
<exclusive-start id="2052" timestamp="2019-08-08T07:22:19.758" intervalms="43.839">
  <response-info timems="0.147" idlems="0.147" threads="0" lastid="0000000000996F00" lastname="main" />
</exclusive-start>
<cycle-start id="2053" type="global" contextid="0" timestamp="2019-08-08T07:22:19.758" intervalms="43.777" />
<exclusive-end id="2054" timestamp="2019-08-08T07:22:19.758" durationms="0.026" />

<exclusive-start id="2055" timestamp="2019-08-08T07:22:19.758" intervalms="0.351">
  <response-info timems="0.033" idlems="0.033" threads="0" lastid="0000000000996F00" lastname="main" />
</exclusive-start>
<af-start id="2056" threadId="0000000000997888" totalBytesRequested="1168" timestamp="2019-08-08T07:22:19.758" intervalms="44.189" />
<concurrent-aborted id="2057" timestamp="2019-08-08T07:22:19.758">
  <reason value="insufficient progress made" />
</concurrent-aborted>
<cycle-end id="2058" type="global" contextid="2053" timestamp="2019-08-08T07:22:19.758" />
  <attribute name="elasticGC enabled" value="1" />
  <attribute name= "numThreadsSpecified" value="16" />
  <attribute name="heapSize specified" value="41484288" />
  <attribute name="Current GC Util" value="36" />
  <attribute name= "Current Time Running" value="107362" />
  <attribute name ="GC Interval" value="0" />
  <attribute name="Target GC Util Change" value ="80.000000" />
  <attribute name="Current GC Util Change" value="36.000000"/>
  <attribute name="Current Error" value="-683.000000" />
  <attribute name="Output H" value="41783848"/>
  <attribute name="Output I" value="200"/>
  <attribute name="Output T" value="16"/>
  <attribute name= "Current Time Running" value="107362" />
  <attribute name="GC Util currently" value="36" />
  <attribute name="CPU Util currently" value="43722380954" />
<cycle-start id="2059" type="global" contextid="0" timestamp="2019-08-08T07:22:19.758" intervalms="0.414" />
<gc-start id="2060" type="global" contextid="2059" timestamp="2019-08-08T07:22:19.758">
  <mem-info id="2061" free="417792" total="41811968" percent="0">
    <mem type="tenure" free="417792" total="41811968" percent="0">
      <mem type="soa" free="0" total="41394176" percent="0" />
      <mem type="loa" free="417792" total="417792" percent="100" />
    </mem>
  </mem-info>
</gc-start>
<allocation-stats totalBytes="23338224" >
  <allocated-bytes non-tlh="0" tlh="23338224" />
  <largest-consumer threadName="main" threadId="0000000000996F00" bytes="23338224" />
</allocation-stats>
<gc-op id="2062" type="mark" timems="7.787" contextid="2059" timestamp="2019-08-08T07:22:19.766">
  <trace-info objectcount="600519" scancount="521403" scanbytes="13382880" />
  <finalization candidates="80" enqueued="0" />
  <ownableSynchronizers candidates="21" cleared="0" />
  <references type="soft" candidates="3261" cleared="0" enqueued="0" dynamicThreshold="18" maxThreshold="32" />
  <references type="weak" candidates="5584" cleared="0" enqueued="0" />
  <references type="phantom" candidates="97" cleared="0" enqueued="0" />
  <stringconstants candidates="13595" cleared="0"  />
</gc-op>
<gc-op id="2063" type="sweep" timems="3.949" contextid="2059" timestamp="2019-08-08T07:22:19.770" />
<mem-info id="2064" free="23835392" total="41811968" percent="57">
  <mem type="tenure" free="23835392" total="41811968" percent="57" micro-fragmented="0">
    <mem type="soa" free="23417600" total="41394176" percent="56" />
    <mem type="loa" free="417792" total="417792" percent="100" />
  </mem>
</mem-info>
<gc-op id="2065" type="compact" timems="24.628" contextid="2059" timestamp="2019-08-08T07:22:19.795">
  <compact-info movecount="2" movebytes="56" reason="compact to aid heap contraction" />
</gc-op>
<heap-resize id="2066" type="expand" space="tenure" amount="327680" count="1" timems="0.021" reason="satisfy allocation request" timestamp="2019-08-08T07:22:19.795" />
<gc-end id="2067" type="global" contextid="2059" durationms="37.202" usertimems="85.439" systemtimems="0.000" timestamp="2019-08-08T07:22:19.795" activeThreads="16">
  <mem-info id="2068" free="24097544" total="42139648" percent="57">
    <mem type="tenure" free="24097544" total="42139648" percent="57">
      <mem type="soa" free="23676680" total="41718784" percent="56" />
      <mem type="loa" free="420864" total="420864" percent="100" />
    </mem>
  </mem-info>
</gc-end>
<cycle-end id="2069" type="global" contextid="2059" timestamp="2019-08-08T07:22:19.795" />
  <attribute name="elasticGC enabled" value="1" />
  <attribute name= "numThreadsSpecified" value="16" />
  <attribute name="heapSize specified" value="41811968" />
  <attribute name="Current GC Util" value="44" />
  <attribute name= "Current Time Running" value="107405" />
  <attribute name ="GC Interval" value="0" />
  <attribute name="Target GC Util Change" value ="80.000000" />
  <attribute name="Current GC Util Change" value="44.000000"/>
  <attribute name="Current Error" value="-777.000000" />
  <attribute name="Output H" value="42111096"/>
  <attribute name="Output I" value="200"/>
  <attribute name="Output T" value="16"/>
  <attribute name= "Current Time Running" value="107405" />
  <attribute name="GC Util currently" value="44" />
  <attribute name="CPU Util currently" value="46744003708" />
<allocation-satisfied id="2070" threadId="0000000000996F00" bytesRequested="1168" />
<af-end id="2071" timestamp="2019-08-08T07:22:19.795" threadId="0000000000997888" success="true" />
<exclusive-end id="2072" timestamp="2019-08-08T07:22:19.795" durationms="37.392" />

<concurrent-kickoff id="2073" timestamp="2019-08-08T07:22:19.800">
  <kickoff reason="threshold reached" targetBytes="5985414" thresholdFreeBytes="812081" remainingFree="733960" tenureFreeBytes="733960" />
</concurrent-kickoff>
<exclusive-start id="2074" timestamp="2019-08-08T07:22:19.801" intervalms="42.407">
  <response-info timems="0.057" idlems="0.057" threads="0" lastid="0000000000996F00" lastname="main" />
</exclusive-start>
<cycle-start id="2075" type="global" contextid="0" timestamp="2019-08-08T07:22:19.801" intervalms="42.336" />
<exclusive-end id="2076" timestamp="2019-08-08T07:22:19.801" durationms="0.016" />

<exclusive-start id="2077" timestamp="2019-08-08T07:22:19.801" intervalms="0.545">
  <response-info timems="0.082" idlems="0.082" threads="0" lastid="0000000000996F00" lastname="main" />
</exclusive-start>
<af-start id="2078" threadId="0000000000997888" totalBytesRequested="1168" timestamp="2019-08-08T07:22:19.801" intervalms="42.959" />
<concurrent-aborted id="2079" timestamp="2019-08-08T07:22:19.801">
  <reason value="insufficient progress made" />
</concurrent-aborted>
<cycle-end id="2080" type="global" contextid="2075" timestamp="2019-08-08T07:22:19.801" />
  <attribute name="elasticGC enabled" value="1" />
  <attribute name= "numThreadsSpecified" value="16" />
  <attribute name="heapSize specified" value="41811968" />
  <attribute name="Current GC Util" value="44" />
  <attribute name= "Current Time Running" value="107405" />
  <attribute name ="GC Interval" value="0" />
  <attribute name="Target GC Util Change" value ="80.000000" />
  <attribute name="Current GC Util Change" value="44.000000"/>
  <attribute name="Current Error" value="-777.000000" />
  <attribute name="Output H" value="42111096"/>
  <attribute name="Output I" value="200"/>
  <attribute name="Output T" value="16"/>
  <attribute name= "Current Time Running" value="107405" />
  <attribute name="GC Util currently" value="44" />
  <attribute name="CPU Util currently" value="46744003708" />
<cycle-start id="2081" type="global" contextid="0" timestamp="2019-08-08T07:22:19.801" intervalms="0.634" />
<gc-start id="2082" type="global" contextid="2081" timestamp="2019-08-08T07:22:19.801">
  <mem-info id="2083" free="420864" total="42139648" percent="0">
    <mem type="tenure" free="420864" total="42139648" percent="0">
      <mem type="soa" free="0" total="41718784" percent="0" />
      <mem type="loa" free="420864" total="420864" percent="100" />
    </mem>
  </mem-info>
</gc-start>
<allocation-stats totalBytes="23661152" >
  <allocated-bytes non-tlh="0" tlh="23661152" />
  <largest-consumer threadName="main" threadId="0000000000996F00" bytes="23661152" />
</allocation-stats>
<gc-op id="2084" type="mark" timems="7.429" contextid="2081" timestamp="2019-08-08T07:22:19.809">
  <trace-info objectcount="600519" scancount="521407" scanbytes="13382880" />
  <finalization candidates="80" enqueued="0" />
  <ownableSynchronizers candidates="21" cleared="0" />
  <references type="soft" candidates="3261" cleared="0" enqueued="0" dynamicThreshold="18" maxThreshold="32" />
  <references type="weak" candidates="5584" cleared="0" enqueued="0" />
  <references type="phantom" candidates="97" cleared="0" enqueued="0" />
  <stringconstants candidates="13595" cleared="0"  />
</gc-op>
<gc-op id="2085" type="sweep" timems="2.635" contextid="2081" timestamp="2019-08-08T07:22:19.811" />
<mem-info id="2086" free="24162640" total="42139648" percent="57">
  <mem type="tenure" free="24162640" total="42139648" percent="57" micro-fragmented="0">
    <mem type="soa" free="23741776" total="41718784" percent="56" />
    <mem type="loa" free="420864" total="420864" percent="100" />
  </mem>
</mem-info>
<gc-op id="2087" type="compact" timems="22.965" contextid="2081" timestamp="2019-08-08T07:22:19.834">
  <compact-info movecount="2" movebytes="56" reason="compact to aid heap contraction" />
</gc-op>
<heap-resize id="2088" type="expand" space="tenure" amount="327680" count="1" timems="0.020" reason="satisfy allocation request" timestamp="2019-08-08T07:22:19.835" />
<gc-end id="2089" type="global" contextid="2081" durationms="34.276" usertimems="80.051" systemtimems="0.000" timestamp="2019-08-08T07:22:19.835" activeThreads="16">
  <mem-info id="2090" free="24425224" total="42467328" percent="57">
    <mem type="tenure" free="24425224" total="42467328" percent="57">
      <mem type="soa" free="24001288" total="42043392" percent="57" />
      <mem type="loa" free="423936" total="423936" percent="100" />
    </mem>
  </mem-info>
</gc-end>
<cycle-end id="2091" type="global" contextid="2081" timestamp="2019-08-08T07:22:19.836" />
  <attribute name="elasticGC enabled" value="1" />
  <attribute name= "numThreadsSpecified" value="16" />
  <attribute name="heapSize specified" value="42139648" />
  <attribute name="Current GC Util" value="39" />
  <attribute name= "Current Time Running" value="107445" />
  <attribute name ="GC Interval" value="0" />
  <attribute name="Target GC Util Change" value ="80.000000" />
  <attribute name="Current GC Util Change" value="39.000000"/>
  <attribute name="Current Error" value="-417.000000" />
  <attribute name="Output H" value="42440440"/>
  <attribute name="Output I" value="200"/>
  <attribute name="Output T" value="16"/>
  <attribute name= "Current Time Running" value="107445" />
  <attribute name="GC Util currently" value="39" />
  <attribute name="CPU Util currently" value="50126394170" />
<allocation-satisfied id="2092" threadId="0000000000996F00" bytesRequested="1168" />
<af-end id="2093" timestamp="2019-08-08T07:22:19.836" threadId="0000000000997888" success="true" />
<exclusive-end id="2094" timestamp="2019-08-08T07:22:19.836" durationms="34.485" />

<concurrent-kickoff id="2095" timestamp="2019-08-08T07:22:19.841">
  <kickoff reason="threshold reached" targetBytes="6031958" thresholdFreeBytes="818396" remainingFree="799496" tenureFreeBytes="799496" />
</concurrent-kickoff>
<exclusive-start id="2096" timestamp="2019-08-08T07:22:19.842" intervalms="40.499">
  <response-info timems="0.066" idlems="0.066" threads="0" lastid="0000000000996F00" lastname="main" />
</exclusive-start>
<cycle-start id="2097" type="global" contextid="0" timestamp="2019-08-08T07:22:19.842" intervalms="40.423" />
<exclusive-end id="2098" timestamp="2019-08-08T07:22:19.842" durationms="0.030" />

<exclusive-start id="2099" timestamp="2019-08-08T07:22:19.842" intervalms="0.486">
  <response-info timems="0.044" idlems="0.044" threads="0" lastid="0000000000996F00" lastname="main" />
</exclusive-start>
<af-start id="2100" threadId="0000000000997888" totalBytesRequested="1168" timestamp="2019-08-08T07:22:19.842" intervalms="40.997" />
<concurrent-aborted id="2101" timestamp="2019-08-08T07:22:19.842">
  <reason value="insufficient progress made" />
</concurrent-aborted>
<cycle-end id="2102" type="global" contextid="2097" timestamp="2019-08-08T07:22:19.842" />
  <attribute name="elasticGC enabled" value="1" />
  <attribute name= "numThreadsSpecified" value="16" />
  <attribute name="heapSize specified" value="42139648" />
  <attribute name="Current GC Util" value="39" />
  <attribute name= "Current Time Running" value="107445" />
  <attribute name ="GC Interval" value="0" />
  <attribute name="Target GC Util Change" value ="80.000000" />
  <attribute name="Current GC Util Change" value="39.000000"/>
  <attribute name="Current Error" value="-417.000000" />
  <attribute name="Output H" value="42440440"/>
  <attribute name="Output I" value="200"/>
  <attribute name="Output T" value="16"/>
  <attribute name= "Current Time Running" value="107445" />
  <attribute name="GC Util currently" value="39" />
  <attribute name="CPU Util currently" value="50126394170" />
<cycle-start id="2103" type="global" contextid="0" timestamp="2019-08-08T07:22:19.842" intervalms="0.565" />
<gc-start id="2104" type="global" contextid="2103" timestamp="2019-08-08T07:22:19.842">
  <mem-info id="2105" free="423936" total="42467328" percent="0">
    <mem type="tenure" free="423936" total="42467328" percent="0">
      <mem type="soa" free="0" total="42043392" percent="0" />
      <mem type="loa" free="423936" total="423936" percent="100" />
    </mem>
  </mem-info>
</gc-start>
<allocation-stats totalBytes="23985312" >
  <allocated-bytes non-tlh="0" tlh="23985312" />
  <largest-consumer threadName="main" threadId="0000000000996F00" bytes="23985312" />
</allocation-stats>
<gc-op id="2106" type="mark" timems="8.152" contextid="2103" timestamp="2019-08-08T07:22:19.850">
  <trace-info objectcount="600519" scancount="521405" scanbytes="13382880" />
  <finalization candidates="80" enqueued="0" />
  <ownableSynchronizers candidates="21" cleared="0" />
  <references type="soft" candidates="3261" cleared="0" enqueued="0" dynamicThreshold="18" maxThreshold="32" />
  <references type="weak" candidates="5584" cleared="0" enqueued="0" />
  <references type="phantom" candidates="97" cleared="0" enqueued="0" />
  <stringconstants candidates="13595" cleared="0"  />
</gc-op>
<gc-op id="2107" type="sweep" timems="3.303" contextid="2103" timestamp="2019-08-08T07:22:19.854" />
<mem-info id="2108" free="24490736" total="42467328" percent="57">
  <mem type="tenure" free="24490736" total="42467328" percent="57" micro-fragmented="0">
    <mem type="soa" free="24066800" total="42043392" percent="57" />
    <mem type="loa" free="423936" total="423936" percent="100" />
  </mem>
</mem-info>
<gc-op id="2109" type="compact" timems="23.108" contextid="2103" timestamp="2019-08-08T07:22:19.877">
  <compact-info movecount="2" movebytes="56" reason="compact to aid heap contraction" />
</gc-op>
<heap-resize id="2110" type="expand" space="tenure" amount="327680" count="1" timems="0.026" reason="satisfy allocation request" timestamp="2019-08-08T07:22:19.878" />
<gc-end id="2111" type="global" contextid="2103" durationms="36.142" usertimems="83.125" systemtimems="0.000" timestamp="2019-08-08T07:22:19.878" activeThreads="16">
  <mem-info id="2112" free="24752904" total="42795008" percent="57">
    <mem type="tenure" free="24752904" total="42795008" percent="57">
      <mem type="soa" free="24325896" total="42368000" percent="57" />
      <mem type="loa" free="427008" total="427008" percent="100" />
    </mem>
  </mem-info>
</gc-end>
<cycle-end id="2113" type="global" contextid="2103" timestamp="2019-08-08T07:22:19.878" />
  <attribute name="elasticGC enabled" value="1" />
  <attribute name= "numThreadsSpecified" value="16" />
  <attribute name="heapSize specified" value="42467328" />
  <attribute name="Current GC Util" value="41" />
  <attribute name= "Current Time Running" value="107487" />
  <attribute name ="GC Interval" value="0" />
  <attribute name="Target GC Util Change" value ="80.000000" />
  <attribute name="Current GC Util Change" value="41.000000"/>
  <attribute name="Current Error" value="70.000000" />
  <attribute name="Output H" value="42770368"/>
  <attribute name="Output I" value="2376"/>
  <attribute name="Output T" value="16"/>
  <attribute name= "Current Time Running" value="107487" />
  <attribute name="GC Util currently" value="41" />
  <attribute name="CPU Util currently" value="49809157088" />
<allocation-satisfied id="2114" threadId="0000000000996F00" bytesRequested="1168" />
<af-end id="2115" timestamp="2019-08-08T07:22:19.878" threadId="0000000000997888" success="true" />
<exclusive-end id="2116" timestamp="2019-08-08T07:22:19.878" durationms="36.372" />

<concurrent-kickoff id="2117" timestamp="2019-08-08T07:22:19.886">
  <kickoff reason="threshold reached" targetBytes="6078500" thresholdFreeBytes="824710" remainingFree="733960" tenureFreeBytes="733960" />
</concurrent-kickoff>
<exclusive-start id="2118" timestamp="2019-08-08T07:22:19.886" intervalms="43.678">
  <response-info timems="0.036" idlems="0.036" threads="0" lastid="0000000000996F00" lastname="main" />
</exclusive-start>
<cycle-start id="2119" type="global" contextid="0" timestamp="2019-08-08T07:22:19.886" intervalms="43.591" />
<exclusive-end id="2120" timestamp="2019-08-08T07:22:19.886" durationms="0.021" />

<exclusive-start id="2121" timestamp="2019-08-08T07:22:19.886" intervalms="0.517">
  <response-info timems="0.055" idlems="0.055" threads="0" lastid="0000000000996F00" lastname="main" />
</exclusive-start>
<af-start id="2122" threadId="0000000000997888" totalBytesRequested="1168" timestamp="2019-08-08T07:22:19.886" intervalms="44.184" />
<concurrent-aborted id="2123" timestamp="2019-08-08T07:22:19.886">
  <reason value="insufficient progress made" />
</concurrent-aborted>
<cycle-end id="2124" type="global" contextid="2119" timestamp="2019-08-08T07:22:19.886" />
  <attribute name="elasticGC enabled" value="1" />
  <attribute name= "numThreadsSpecified" value="16" />
  <attribute name="heapSize specified" value="42467328" />
  <attribute name="Current GC Util" value="41" />
  <attribute name= "Current Time Running" value="107487" />
  <attribute name ="GC Interval" value="0" />
  <attribute name="Target GC Util Change" value ="80.000000" />
  <attribute name="Current GC Util Change" value="41.000000"/>
  <attribute name="Current Error" value="70.000000" />
  <attribute name="Output H" value="42770368"/>
  <attribute name="Output I" value="2376"/>
  <attribute name="Output T" value="16"/>
  <attribute name= "Current Time Running" value="107487" />
  <attribute name="GC Util currently" value="41" />
  <attribute name="CPU Util currently" value="49809157088" />
<cycle-start id="2125" type="global" contextid="0" timestamp="2019-08-08T07:22:19.886" intervalms="0.591" />
<gc-start id="2126" type="global" contextid="2125" timestamp="2019-08-08T07:22:19.886">
  <mem-info id="2127" free="427008" total="42795008" percent="0">
    <mem type="tenure" free="427008" total="42795008" percent="0">
      <mem type="soa" free="0" total="42368000" percent="0" />
      <mem type="loa" free="427008" total="427008" percent="100" />
    </mem>
  </mem-info>
</gc-start>
<allocation-stats totalBytes="24308192" >
  <allocated-bytes non-tlh="0" tlh="24308192" />
  <largest-consumer threadName="main" threadId="0000000000996F00" bytes="24308192" />
</allocation-stats>
<gc-op id="2128" type="mark" timems="8.794" contextid="2125" timestamp="2019-08-08T07:22:19.895">
  <trace-info objectcount="600519" scancount="521405" scanbytes="13382880" />
  <finalization candidates="80" enqueued="0" />
  <ownableSynchronizers candidates="21" cleared="0" />
  <references type="soft" candidates="3261" cleared="0" enqueued="0" dynamicThreshold="18" maxThreshold="32" />
  <references type="weak" candidates="5584" cleared="0" enqueued="0" />
  <references type="phantom" candidates="97" cleared="0" enqueued="0" />
  <stringconstants candidates="13595" cleared="0"  />
</gc-op>
<gc-op id="2129" type="sweep" timems="4.017" contextid="2125" timestamp="2019-08-08T07:22:19.899" />
<mem-info id="2130" free="24818008" total="42795008" percent="57">
  <mem type="tenure" free="24818008" total="42795008" percent="57" micro-fragmented="0">
    <mem type="soa" free="24391000" total="42368000" percent="57" />
    <mem type="loa" free="427008" total="427008" percent="100" />
  </mem>
</mem-info>
<gc-op id="2131" type="compact" timems="29.412" contextid="2125" timestamp="2019-08-08T07:22:19.929">
  <compact-info movecount="2" movebytes="56" reason="compact to aid heap contraction" />
</gc-op>
<heap-resize id="2132" type="expand" space="tenure" amount="327680" count="1" timems="0.019" reason="satisfy allocation request" timestamp="2019-08-08T07:22:19.930" />
<gc-end id="2133" type="global" contextid="2125" durationms="43.292" usertimems="134.668" systemtimems="0.000" timestamp="2019-08-08T07:22:19.930" activeThreads="16">
  <mem-info id="2134" free="25080584" total="43122688" percent="58">
    <mem type="tenure" free="25080584" total="43122688" percent="58">
      <mem type="soa" free="24649480" total="42691584" percent="57" />
      <mem type="loa" free="431104" total="431104" percent="100" />
    </mem>
  </mem-info>
</gc-end>
<cycle-end id="2135" type="global" contextid="2125" timestamp="2019-08-08T07:22:19.930" />
  <attribute name="elasticGC enabled" value="1" />
  <attribute name= "numThreadsSpecified" value="16" />
  <attribute name="heapSize specified" value="42795008" />
  <attribute name="Current GC Util" value="36" />
  <attribute name= "Current Time Running" value="107539" />
  <attribute name ="GC Interval" value="0" />
  <attribute name="Target GC Util Change" value ="80.000000" />
  <attribute name="Current GC Util Change" value="36.000000"/>
  <attribute name="Current Error" value="99.000000" />
  <attribute name="Output H" value="43098184"/>
  <attribute name="Output I" value="2528"/>
  <attribute name="Output T" value="16"/>
  <attribute name= "Current Time Running" value="107539" />
  <attribute name="GC Util currently" value="36" />
  <attribute name="CPU Util currently" value="39144241497" />
<allocation-satisfied id="2136" threadId="0000000000996F00" bytesRequested="1168" />
<af-end id="2137" timestamp="2019-08-08T07:22:19.930" threadId="0000000000997888" success="true" />
<exclusive-end id="2138" timestamp="2019-08-08T07:22:19.930" durationms="43.556" />

<concurrent-kickoff id="2139" timestamp="2019-08-08T07:22:19.935">
  <kickoff reason="threshold reached" targetBytes="6125043" thresholdFreeBytes="831025" remainingFree="799496" tenureFreeBytes="799496" />
</concurrent-kickoff>
<exclusive-start id="2140" timestamp="2019-08-08T07:22:19.936" intervalms="49.373">
  <response-info timems="0.084" idlems="0.084" threads="0" lastid="0000000000996F00" lastname="main" />
</exclusive-start>
<cycle-start id="2141" type="global" contextid="0" timestamp="2019-08-08T07:22:19.936" intervalms="49.315" />
<exclusive-end id="2142" timestamp="2019-08-08T07:22:19.936" durationms="0.036" />

<exclusive-start id="2143" timestamp="2019-08-08T07:22:19.936" intervalms="0.515">
  <response-info timems="0.205" idlems="0.205" threads="0" lastid="0000000000996F00" lastname="main" />
</exclusive-start>
<af-start id="2144" threadId="0000000000997888" totalBytesRequested="1168" timestamp="2019-08-08T07:22:19.936" intervalms="49.889" />
<concurrent-aborted id="2145" timestamp="2019-08-08T07:22:19.936">
  <reason value="insufficient progress made" />
</concurrent-aborted>
<cycle-end id="2146" type="global" contextid="2141" timestamp="2019-08-08T07:22:19.936" />
  <attribute name="elasticGC enabled" value="1" />
  <attribute name= "numThreadsSpecified" value="16" />
  <attribute name="heapSize specified" value="42795008" />
  <attribute name="Current GC Util" value="36" />
  <attribute name= "Current Time Running" value="107539" />
  <attribute name ="GC Interval" value="0" />
  <attribute name="Target GC Util Change" value ="80.000000" />
  <attribute name="Current GC Util Change" value="36.000000"/>
  <attribute name="Current Error" value="99.000000" />
  <attribute name="Output H" value="43098184"/>
  <attribute name="Output I" value="2528"/>
  <attribute name="Output T" value="16"/>
  <attribute name= "Current Time Running" value="107539" />
  <attribute name="GC Util currently" value="36" />
  <attribute name="CPU Util currently" value="39144241497" />
<cycle-start id="2147" type="global" contextid="0" timestamp="2019-08-08T07:22:19.936" intervalms="0.562" />
<gc-start id="2148" type="global" contextid="2147" timestamp="2019-08-08T07:22:19.936">
  <mem-info id="2149" free="431104" total="43122688" percent="0">
    <mem type="tenure" free="431104" total="43122688" percent="0">
      <mem type="soa" free="0" total="42691584" percent="0" />
      <mem type="loa" free="431104" total="431104" percent="100" />
    </mem>
  </mem-info>
</gc-start>
<allocation-stats totalBytes="24631120" >
  <allocated-bytes non-tlh="0" tlh="24631120" />
  <largest-consumer threadName="main" threadId="0000000000996F00" bytes="24631120" />
</allocation-stats>
<gc-op id="2150" type="mark" timems="9.124" contextid="2147" timestamp="2019-08-08T07:22:19.945">
  <trace-info objectcount="600519" scancount="521406" scanbytes="13382880" />
  <finalization candidates="80" enqueued="0" />
  <ownableSynchronizers candidates="21" cleared="0" />
  <references type="soft" candidates="3261" cleared="0" enqueued="0" dynamicThreshold="18" maxThreshold="32" />
  <references type="weak" candidates="5584" cleared="0" enqueued="0" />
  <references type="phantom" candidates="97" cleared="0" enqueued="0" />
  <stringconstants candidates="13595" cleared="0"  />
</gc-op>
<gc-op id="2151" type="sweep" timems="3.530" contextid="2147" timestamp="2019-08-08T07:22:19.949" />
<mem-info id="2152" free="25145872" total="43122688" percent="58">
  <mem type="tenure" free="25145872" total="43122688" percent="58" micro-fragmented="0">
    <mem type="soa" free="24714768" total="42691584" percent="57" />
    <mem type="loa" free="431104" total="431104" percent="100" />
  </mem>
</mem-info>
<gc-op id="2153" type="compact" timems="23.103" contextid="2147" timestamp="2019-08-08T07:22:19.972">
  <compact-info movecount="2" movebytes="56" reason="compact to aid heap contraction" />
</gc-op>
<heap-resize id="2154" type="expand" space="tenure" amount="327680" count="1" timems="0.076" reason="satisfy allocation request" timestamp="2019-08-08T07:22:19.973" />
<gc-end id="2155" type="global" contextid="2147" durationms="36.590" usertimems="120.214" systemtimems="0.000" timestamp="2019-08-08T07:22:19.973" activeThreads="16">
  <mem-info id="2156" free="25408264" total="43450368" percent="58">
    <mem type="tenure" free="25408264" total="43450368" percent="58">
      <mem type="soa" free="24974088" total="43016192" percent="58" />
      <mem type="loa" free="434176" total="434176" percent="100" />
    </mem>
  </mem-info>
</gc-end>
<cycle-end id="2157" type="global" contextid="2147" timestamp="2019-08-08T07:22:19.973" />
  <attribute name="elasticGC enabled" value="1" />
  <attribute name= "numThreadsSpecified" value="16" />
  <attribute name="heapSize specified" value="43122688" />
  <attribute name="Current GC Util" value="40" />
  <attribute name= "Current Time Running" value="107583" />
  <attribute name ="GC Interval" value="0" />
  <attribute name="Target GC Util Change" value ="80.000000" />
  <attribute name="Current GC Util Change" value="40.000000"/>
  <attribute name="Current Error" value="40.000000" />
  <attribute name="Output H" value="43425584"/>
  <attribute name="Output I" value="2216"/>
  <attribute name="Output T" value="16"/>
  <attribute name= "Current Time Running" value="107583" />
  <attribute name="GC Util currently" value="40" />
  <attribute name="CPU Util currently" value="49787230409" />
<allocation-satisfied id="2158" threadId="0000000000996F00" bytesRequested="1168" />
<af-end id="2159" timestamp="2019-08-08T07:22:19.973" threadId="0000000000997888" success="true" />
<exclusive-end id="2160" timestamp="2019-08-08T07:22:19.973" durationms="36.788" />

<concurrent-kickoff id="2161" timestamp="2019-08-08T07:22:19.980">
  <kickoff reason="threshold reached" targetBytes="6171587" thresholdFreeBytes="837339" remainingFree="733960" tenureFreeBytes="733960" />
</concurrent-kickoff>
<exclusive-start id="2162" timestamp="2019-08-08T07:22:19.980" intervalms="43.738">
  <response-info timems="0.115" idlems="0.115" threads="0" lastid="0000000000996F00" lastname="main" />
</exclusive-start>
<cycle-start id="2163" type="global" contextid="0" timestamp="2019-08-08T07:22:19.980" intervalms="43.681" />
<exclusive-end id="2164" timestamp="2019-08-08T07:22:19.980" durationms="0.028" />

<exclusive-start id="2165" timestamp="2019-08-08T07:22:19.981" intervalms="0.769">
  <response-info timems="0.097" idlems="0.097" threads="0" lastid="0000000000996F00" lastname="main" />
</exclusive-start>
<af-start id="2166" threadId="0000000000997888" totalBytesRequested="1168" timestamp="2019-08-08T07:22:19.981" intervalms="44.495" />
<concurrent-aborted id="2167" timestamp="2019-08-08T07:22:19.981">
  <reason value="insufficient progress made" />
</concurrent-aborted>
<cycle-end id="2168" type="global" contextid="2163" timestamp="2019-08-08T07:22:19.981" />
  <attribute name="elasticGC enabled" value="1" />
  <attribute name= "numThreadsSpecified" value="16" />
  <attribute name="heapSize specified" value="43122688" />
  <attribute name="Current GC Util" value="40" />
  <attribute name= "Current Time Running" value="107583" />
  <attribute name ="GC Interval" value="0" />
  <attribute name="Target GC Util Change" value ="80.000000" />
  <attribute name="Current GC Util Change" value="40.000000"/>
  <attribute name="Current Error" value="40.000000" />
  <attribute name="Output H" value="43425584"/>
  <attribute name="Output I" value="2216"/>
  <attribute name="Output T" value="16"/>
  <attribute name= "Current Time Running" value="107583" />
  <attribute name="GC Util currently" value="40" />
  <attribute name="CPU Util currently" value="49787230409" />
<cycle-start id="2169" type="global" contextid="0" timestamp="2019-08-08T07:22:19.981" intervalms="0.816" />
<gc-start id="2170" type="global" contextid="2169" timestamp="2019-08-08T07:22:19.981">
  <mem-info id="2171" free="434176" total="43450368" percent="0">
    <mem type="tenure" free="434176" total="43450368" percent="0">
      <mem type="soa" free="0" total="43016192" percent="0" />
      <mem type="loa" free="434176" total="434176" percent="100" />
    </mem>
  </mem-info>
</gc-start>
<allocation-stats totalBytes="24944312" >
  <allocated-bytes non-tlh="0" tlh="24944312" />
  <largest-consumer threadName="main" threadId="0000000000996F00" bytes="24944312" />
</allocation-stats>
<gc-op id="2172" type="mark" timems="11.309" contextid="2169" timestamp="2019-08-08T07:22:19.992">
  <trace-info objectcount="600525" scancount="521411" scanbytes="13383032" />
  <finalization candidates="80" enqueued="0" />
  <ownableSynchronizers candidates="21" cleared="0" />
  <references type="soft" candidates="3261" cleared="0" enqueued="0" dynamicThreshold="18" maxThreshold="32" />
  <references type="weak" candidates="5584" cleared="0" enqueued="0" />
  <references type="phantom" candidates="97" cleared="0" enqueued="0" />
  <stringconstants candidates="13595" cleared="0"  />
</gc-op>
<gc-op id="2173" type="sweep" timems="2.679" contextid="2169" timestamp="2019-08-08T07:22:19.995" />
<mem-info id="2174" free="25472600" total="43450368" percent="58">
  <mem type="tenure" free="25472600" total="43450368" percent="58" micro-fragmented="0">
    <mem type="soa" free="25038424" total="43016192" percent="58" />
    <mem type="loa" free="434176" total="434176" percent="100" />
  </mem>
</mem-info>
<gc-op id="2175" type="compact" timems="23.075" contextid="2169" timestamp="2019-08-08T07:22:20.018">
  <compact-info movecount="28" movebytes="4984" reason="compact to aid heap contraction" />
</gc-op>
<heap-resize id="2176" type="expand" space="tenure" amount="327680" count="1" timems="0.023" reason="satisfy allocation request" timestamp="2019-08-08T07:22:20.019" />
<gc-end id="2177" type="global" contextid="2169" durationms="38.437" usertimems="113.534" systemtimems="0.000" timestamp="2019-08-08T07:22:20.019" activeThreads="16">
  <mem-info id="2178" free="25735784" total="43778048" percent="58">
    <mem type="tenure" free="25735784" total="43778048" percent="58">
      <mem type="soa" free="25298536" total="43340800" percent="58" />
      <mem type="loa" free="437248" total="437248" percent="100" />
    </mem>
  </mem-info>
</gc-end>
<cycle-end id="2179" type="global" contextid="2169" timestamp="2019-08-08T07:22:20.019" />
  <attribute name="elasticGC enabled" value="1" />
  <attribute name= "numThreadsSpecified" value="16" />
  <attribute name="heapSize specified" value="43450368" />
  <attribute name="Current GC Util" value="41" />
  <attribute name= "Current Time Running" value="107629" />
  <attribute name ="GC Interval" value="0" />
  <attribute name="Target GC Util Change" value ="80.000000" />
  <attribute name="Current GC Util Change" value="41.000000"/>
  <attribute name="Current Error" value="-612.000000" />
  <attribute name="Output H" value="43750256"/>
  <attribute name="Output I" value="200"/>
  <attribute name="Output T" value="16"/>
  <attribute name= "Current Time Running" value="107629" />
  <attribute name="GC Util currently" value="41" />
  <attribute name="CPU Util currently" value="49873380898" />
<allocation-satisfied id="2180" threadId="0000000000996F00" bytesRequested="1168" />
<af-end id="2181" timestamp="2019-08-08T07:22:20.019" threadId="0000000000997888" success="true" />
<exclusive-end id="2182" timestamp="2019-08-08T07:22:20.019" durationms="38.624" />

<concurrent-kickoff id="2183" timestamp="2019-08-08T07:22:20.041">
  <kickoff reason="threshold reached" targetBytes="6218129" thresholdFreeBytes="843654" remainingFree="766568" tenureFreeBytes="766568" />
</concurrent-kickoff>
<exclusive-start id="2184" timestamp="2019-08-08T07:22:20.042" intervalms="60.906">
  <response-info timems="0.045" idlems="0.045" threads="0" lastid="0000000000996F00" lastname="main" />
</exclusive-start>
<cycle-start id="2185" type="global" contextid="0" timestamp="2019-08-08T07:22:20.042" intervalms="60.853" />
<exclusive-end id="2186" timestamp="2019-08-08T07:22:20.042" durationms="0.019" />

<exclusive-start id="2187" timestamp="2019-08-08T07:22:20.042" intervalms="0.559">
  <response-info timems="0.050" idlems="0.050" threads="0" lastid="0000000000996F00" lastname="main" />
</exclusive-start>
<af-start id="2188" threadId="0000000000997888" totalBytesRequested="1168" timestamp="2019-08-08T07:22:20.042" intervalms="61.478" />
<concurrent-aborted id="2189" timestamp="2019-08-08T07:22:20.042">
  <reason value="insufficient progress made" />
</concurrent-aborted>
<cycle-end id="2190" type="global" contextid="2185" timestamp="2019-08-08T07:22:20.042" />
  <attribute name="elasticGC enabled" value="1" />
  <attribute name= "numThreadsSpecified" value="16" />
  <attribute name="heapSize specified" value="43450368" />
  <attribute name="Current GC Util" value="41" />
  <attribute name= "Current Time Running" value="107629" />
  <attribute name ="GC Interval" value="0" />
  <attribute name="Target GC Util Change" value ="80.000000" />
  <attribute name="Current GC Util Change" value="41.000000"/>
  <attribute name="Current Error" value="-612.000000" />
  <attribute name="Output H" value="43750256"/>
  <attribute name="Output I" value="200"/>
  <attribute name="Output T" value="16"/>
  <attribute name= "Current Time Running" value="107629" />
  <attribute name="GC Util currently" value="41" />
  <attribute name="CPU Util currently" value="49873380898" />
<cycle-start id="2191" type="global" contextid="0" timestamp="2019-08-08T07:22:20.042" intervalms="0.635" />
<gc-start id="2192" type="global" contextid="2191" timestamp="2019-08-08T07:22:20.042">
  <mem-info id="2193" free="437248" total="43778048" percent="0">
    <mem type="tenure" free="437248" total="43778048" percent="0">
      <mem type="soa" free="0" total="43340800" percent="0" />
      <mem type="loa" free="437248" total="437248" percent="100" />
    </mem>
  </mem-info>
</gc-start>
<allocation-stats totalBytes="25196800" >
  <allocated-bytes non-tlh="0" tlh="25196800" />
  <largest-consumer threadName="main" threadId="0000000000996F00" bytes="25196800" />
</allocation-stats>
<gc-op id="2194" type="mark" timems="8.260" contextid="2191" timestamp="2019-08-08T07:22:20.051">
  <trace-info objectcount="600525" scancount="521413" scanbytes="13383032" />
  <finalization candidates="80" enqueued="0" />
  <ownableSynchronizers candidates="21" cleared="0" />
  <references type="soft" candidates="3261" cleared="0" enqueued="0" dynamicThreshold="18" maxThreshold="32" />
  <references type="weak" candidates="5584" cleared="0" enqueued="0" />
  <references type="phantom" candidates="97" cleared="0" enqueued="0" />
  <stringconstants candidates="13595" cleared="0"  />
</gc-op>
<gc-op id="2195" type="sweep" timems="3.808" contextid="2191" timestamp="2019-08-08T07:22:20.054" />
<mem-info id="2196" free="25801104" total="43778048" percent="58">
  <mem type="tenure" free="25801104" total="43778048" percent="58" micro-fragmented="0">
    <mem type="soa" free="25363856" total="43340800" percent="58" />
    <mem type="loa" free="437248" total="437248" percent="100" />
  </mem>
</mem-info>
<gc-op id="2197" type="compact" timems="25.155" contextid="2191" timestamp="2019-08-08T07:22:20.080">
  <compact-info movecount="1" movebytes="40" reason="compact to aid heap contraction" />
</gc-op>
<heap-resize id="2198" type="expand" space="tenure" amount="327680" count="1" timems="0.023" reason="satisfy allocation request" timestamp="2019-08-08T07:22:20.081" />
<gc-end id="2199" type="global" contextid="2191" durationms="39.071" usertimems="108.645" systemtimems="0.000" timestamp="2019-08-08T07:22:20.081" activeThreads="16">
  <mem-info id="2200" free="26063464" total="44105728" percent="59">
    <mem type="tenure" free="26063464" total="44105728" percent="59">
      <mem type="soa" free="25623144" total="43665408" percent="58" />
      <mem type="loa" free="440320" total="440320" percent="100" />
    </mem>
  </mem-info>
</gc-end>
<cycle-end id="2201" type="global" contextid="2191" timestamp="2019-08-08T07:22:20.081" />
  <attribute name="elasticGC enabled" value="1" />
  <attribute name= "numThreadsSpecified" value="16" />
  <attribute name="heapSize specified" value="43778048" />
  <attribute name="Current GC Util" value="51" />
  <attribute name= "Current Time Running" value="107690" />
  <attribute name ="GC Interval" value="0" />
  <attribute name="Target GC Util Change" value ="80.000000" />
  <attribute name="Current GC Util Change" value="51.000000"/>
  <attribute name="Current Error" value="-436.000000" />
  <attribute name="Output H" value="44078752"/>
  <attribute name="Output I" value="200"/>
  <attribute name="Output T" value="16"/>
  <attribute name= "Current Time Running" value="107690" />
  <attribute name="GC Util currently" value="51" />
  <attribute name="CPU Util currently" value="45756452705" />
<allocation-satisfied id="2202" threadId="0000000000996F00" bytesRequested="1168" />
<af-end id="2203" timestamp="2019-08-08T07:22:20.081" threadId="0000000000997888" success="true" />
<exclusive-end id="2204" timestamp="2019-08-08T07:22:20.081" durationms="39.296" />

<concurrent-kickoff id="2205" timestamp="2019-08-08T07:22:20.097">
  <kickoff reason="threshold reached" targetBytes="6264671" thresholdFreeBytes="849970" remainingFree="832104" tenureFreeBytes="832104" />
</concurrent-kickoff>
<exclusive-start id="2206" timestamp="2019-08-08T07:22:20.097" intervalms="55.033">
  <response-info timems="0.054" idlems="0.054" threads="0" lastid="0000000000996F00" lastname="main" />
</exclusive-start>
<cycle-start id="2207" type="global" contextid="0" timestamp="2019-08-08T07:22:20.097" intervalms="54.964" />
<exclusive-end id="2208" timestamp="2019-08-08T07:22:20.097" durationms="0.029" />

<exclusive-start id="2209" timestamp="2019-08-08T07:22:20.098" intervalms="0.605">
  <response-info timems="0.057" idlems="0.057" threads="0" lastid="0000000000996F00" lastname="main" />
</exclusive-start>
<af-start id="2210" threadId="0000000000997888" totalBytesRequested="1168" timestamp="2019-08-08T07:22:20.098" intervalms="55.648" />
<concurrent-aborted id="2211" timestamp="2019-08-08T07:22:20.098">
  <reason value="insufficient progress made" />
</concurrent-aborted>
<cycle-end id="2212" type="global" contextid="2207" timestamp="2019-08-08T07:22:20.098" />
  <attribute name="elasticGC enabled" value="1" />
  <attribute name= "numThreadsSpecified" value="16" />
  <attribute name="heapSize specified" value="43778048" />
  <attribute name="Current GC Util" value="51" />
  <attribute name= "Current Time Running" value="107690" />
  <attribute name ="GC Interval" value="0" />
  <attribute name="Target GC Util Change" value ="80.000000" />
  <attribute name="Current GC Util Change" value="51.000000"/>
  <attribute name="Current Error" value="-436.000000" />
  <attribute name="Output H" value="44078752"/>
  <attribute name="Output I" value="200"/>
  <attribute name="Output T" value="16"/>
  <attribute name= "Current Time Running" value="107690" />
  <attribute name="GC Util currently" value="51" />
  <attribute name="CPU Util currently" value="45756452705" />
<cycle-start id="2213" type="global" contextid="0" timestamp="2019-08-08T07:22:20.098" intervalms="0.674" />
<gc-start id="2214" type="global" contextid="2213" timestamp="2019-08-08T07:22:20.098">
  <mem-info id="2215" free="440320" total="44105728" percent="0">
    <mem type="tenure" free="440320" total="44105728" percent="0">
      <mem type="soa" free="0" total="43665408" percent="0" />
      <mem type="loa" free="440320" total="440320" percent="100" />
    </mem>
  </mem-info>
</gc-start>
<allocation-stats totalBytes="25519200" >
  <allocated-bytes non-tlh="0" tlh="25519200" />
  <largest-consumer threadName="main" threadId="0000000000996F00" bytes="25519200" />
</allocation-stats>
<gc-op id="2216" type="mark" timems="8.332" contextid="2213" timestamp="2019-08-08T07:22:20.106">
  <trace-info objectcount="600525" scancount="521410" scanbytes="13383032" />
  <finalization candidates="80" enqueued="0" />
  <ownableSynchronizers candidates="21" cleared="0" />
  <references type="soft" candidates="3261" cleared="0" enqueued="0" dynamicThreshold="18" maxThreshold="32" />
  <references type="weak" candidates="5584" cleared="0" enqueued="0" />
  <references type="phantom" candidates="97" cleared="0" enqueued="0" />
  <stringconstants candidates="13595" cleared="0"  />
</gc-op>
<gc-op id="2217" type="sweep" timems="3.842" contextid="2213" timestamp="2019-08-08T07:22:20.110" />
<mem-info id="2218" free="26128320" total="44105728" percent="59">
  <mem type="tenure" free="26128320" total="44105728" percent="59" micro-fragmented="0">
    <mem type="soa" free="25688000" total="43665408" percent="58" />
    <mem type="loa" free="440320" total="440320" percent="100" />
  </mem>
</mem-info>
<gc-op id="2219" type="compact" timems="24.021" contextid="2213" timestamp="2019-08-08T07:22:20.134">
  <compact-info movecount="1" movebytes="40" reason="compact to aid heap contraction" />
</gc-op>
<heap-resize id="2220" type="expand" space="tenure" amount="327680" count="1" timems="0.056" reason="satisfy allocation request" timestamp="2019-08-08T07:22:20.135" />
<gc-end id="2221" type="global" contextid="2213" durationms="37.040" usertimems="120.635" systemtimems="0.000" timestamp="2019-08-08T07:22:20.135" activeThreads="16">
  <mem-info id="2222" free="26391144" total="44433408" percent="59">
    <mem type="tenure" free="26391144" total="44433408" percent="59">
      <mem type="soa" free="25947752" total="43990016" percent="58" />
      <mem type="loa" free="443392" total="443392" percent="100" />
    </mem>
  </mem-info>
</gc-end>
<cycle-end id="2223" type="global" contextid="2213" timestamp="2019-08-08T07:22:20.135" />
  <attribute name="elasticGC enabled" value="1" />
  <attribute name= "numThreadsSpecified" value="16" />
  <attribute name="heapSize specified" value="44105728" />
  <attribute name="Current GC Util" value="39" />
  <attribute name= "Current Time Running" value="107745" />
  <attribute name ="GC Interval" value="0" />
  <attribute name="Target GC Util Change" value ="80.000000" />
  <attribute name="Current GC Util Change" value="39.000000"/>
  <attribute name="Current Error" value="-340.000000" />
  <attribute name="Output H" value="44406872"/>
  <attribute name="Output I" value="248"/>
  <attribute name="Output T" value="16"/>
  <attribute name= "Current Time Running" value="107745" />
  <attribute name="GC Util currently" value="39" />
  <attribute name="CPU Util currently" value="47922797931" />
<allocation-satisfied id="2224" threadId="0000000000996F00" bytesRequested="1168" />
<af-end id="2225" timestamp="2019-08-08T07:22:20.135" threadId="0000000000997888" success="true" />
<exclusive-end id="2226" timestamp="2019-08-08T07:22:20.135" durationms="37.238" />

<concurrent-kickoff id="2227" timestamp="2019-08-08T07:22:20.146">
  <kickoff reason="threshold reached" targetBytes="6311216" thresholdFreeBytes="856285" remainingFree="766568" tenureFreeBytes="766568" />
</concurrent-kickoff>
<exclusive-start id="2228" timestamp="2019-08-08T07:22:20.146" intervalms="48.574">
  <response-info timems="0.042" idlems="0.042" threads="0" lastid="0000000000996F00" lastname="main" />
</exclusive-start>
<cycle-start id="2229" type="global" contextid="0" timestamp="2019-08-08T07:22:20.146" intervalms="48.508" />
<exclusive-end id="2230" timestamp="2019-08-08T07:22:20.146" durationms="0.030" />

<exclusive-start id="2231" timestamp="2019-08-08T07:22:20.147" intervalms="0.481">
  <response-info timems="0.051" idlems="0.051" threads="0" lastid="0000000000996F00" lastname="main" />
</exclusive-start>
<af-start id="2232" threadId="0000000000997888" totalBytesRequested="1168" timestamp="2019-08-08T07:22:20.147" intervalms="49.033" />
<concurrent-aborted id="2233" timestamp="2019-08-08T07:22:20.147">
  <reason value="insufficient progress made" />
</concurrent-aborted>
<cycle-end id="2234" type="global" contextid="2229" timestamp="2019-08-08T07:22:20.147" />
  <attribute name="elasticGC enabled" value="1" />
  <attribute name= "numThreadsSpecified" value="16" />
  <attribute name="heapSize specified" value="44105728" />
  <attribute name="Current GC Util" value="39" />
  <attribute name= "Current Time Running" value="107745" />
  <attribute name ="GC Interval" value="0" />
  <attribute name="Target GC Util Change" value ="80.000000" />
  <attribute name="Current GC Util Change" value="39.000000"/>
  <attribute name="Current Error" value="-340.000000" />
  <attribute name="Output H" value="44406872"/>
  <attribute name="Output I" value="248"/>
  <attribute name="Output T" value="16"/>
  <attribute name= "Current Time Running" value="107745" />
  <attribute name="GC Util currently" value="39" />
  <attribute name="CPU Util currently" value="47922797931" />
<cycle-start id="2235" type="global" contextid="0" timestamp="2019-08-08T07:22:20.147" intervalms="0.533" />
<gc-start id="2236" type="global" contextid="2235" timestamp="2019-08-08T07:22:20.147">
  <mem-info id="2237" free="443392" total="44433408" percent="0">
    <mem type="tenure" free="443392" total="44433408" percent="0">
      <mem type="soa" free="0" total="43990016" percent="0" />
      <mem type="loa" free="443392" total="443392" percent="100" />
    </mem>
  </mem-info>
</gc-start>
<allocation-stats totalBytes="25850792" >
  <allocated-bytes non-tlh="0" tlh="25850792" />
  <largest-consumer threadName="main" threadId="0000000000996F00" bytes="25850792" />
</allocation-stats>
<gc-op id="2238" type="mark" timems="8.656" contextid="2235" timestamp="2019-08-08T07:22:20.156">
  <trace-info objectcount="600526" scancount="521411" scanbytes="13383056" />
  <finalization candidates="80" enqueued="0" />
  <ownableSynchronizers candidates="21" cleared="0" />
  <references type="soft" candidates="3261" cleared="0" enqueued="0" dynamicThreshold="19" maxThreshold="32" />
  <references type="weak" candidates="5584" cleared="0" enqueued="0" />
  <references type="phantom" candidates="97" cleared="0" enqueued="0" />
  <stringconstants candidates="13595" cleared="0"  />
</gc-op>
<gc-op id="2239" type="sweep" timems="4.129" contextid="2235" timestamp="2019-08-08T07:22:20.160" />
<mem-info id="2240" free="26456408" total="44433408" percent="59">
  <mem type="tenure" free="26456408" total="44433408" percent="59" micro-fragmented="0">
    <mem type="soa" free="26013016" total="43990016" percent="59" />
    <mem type="loa" free="443392" total="443392" percent="100" />
  </mem>
</mem-info>
<gc-op id="2241" type="compact" timems="26.225" contextid="2235" timestamp="2019-08-08T07:22:20.186">
  <compact-info movecount="2" movebytes="64" reason="compact to aid heap contraction" />
</gc-op>
<heap-resize id="2242" type="expand" space="tenure" amount="327680" count="1" timems="0.021" reason="satisfy allocation request" timestamp="2019-08-08T07:22:20.187" />
<gc-end id="2243" type="global" contextid="2235" durationms="39.796" usertimems="98.423" systemtimems="0.000" timestamp="2019-08-08T07:22:20.187" activeThreads="16">
  <mem-info id="2244" free="26718800" total="44761088" percent="59">
    <mem type="tenure" free="26718800" total="44761088" percent="59">
      <mem type="soa" free="26271312" total="44313600" percent="59" />
      <mem type="loa" free="447488" total="447488" percent="100" />
    </mem>
  </mem-info>
</gc-end>
<cycle-end id="2245" type="global" contextid="2235" timestamp="2019-08-08T07:22:20.187" />
  <attribute name="elasticGC enabled" value="1" />
  <attribute name= "numThreadsSpecified" value="16" />
  <attribute name="heapSize specified" value="44433408" />
  <attribute name="Current GC Util" value="52" />
  <attribute name= "Current Time Running" value="107796" />
  <attribute name ="GC Interval" value="0" />
  <attribute name="Target GC Util Change" value ="80.000000" />
  <attribute name="Current GC Util Change" value="52.000000"/>
  <attribute name="Current Error" value="32.000000" />
  <attribute name="Output H" value="44736272"/>
  <attribute name="Output I" value="2176"/>
  <attribute name="Output T" value="16"/>
  <attribute name= "Current Time Running" value="107796" />
  <attribute name="GC Util currently" value="52" />
  <attribute name="CPU Util currently" value="43912892686" />
<allocation-satisfied id="2246" threadId="0000000000996F00" bytesRequested="1168" />
<af-end id="2247" timestamp="2019-08-08T07:22:20.187" threadId="0000000000997888" success="true" />
<exclusive-end id="2248" timestamp="2019-08-08T07:22:20.187" durationms="39.983" />

<concurrent-kickoff id="2249" timestamp="2019-08-08T07:22:20.198">
  <kickoff reason="threshold reached" targetBytes="6357758" thresholdFreeBytes="862600" remainingFree="832080" tenureFreeBytes="832080" />
</concurrent-kickoff>
<exclusive-start id="2250" timestamp="2019-08-08T07:22:20.198" intervalms="51.514">
  <response-info timems="0.212" idlems="0.212" threads="0" lastid="0000000000996F00" lastname="main" />
</exclusive-start>
<cycle-start id="2251" type="global" contextid="0" timestamp="2019-08-08T07:22:20.198" intervalms="51.453" />
<exclusive-end id="2252" timestamp="2019-08-08T07:22:20.198" durationms="0.021" />

<exclusive-start id="2253" timestamp="2019-08-08T07:22:20.199" intervalms="0.503">
  <response-info timems="0.089" idlems="0.089" threads="0" lastid="0000000000996F00" lastname="main" />
</exclusive-start>
<af-start id="2254" threadId="0000000000997888" totalBytesRequested="1168" timestamp="2019-08-08T07:22:20.199" intervalms="52.018" />
<concurrent-aborted id="2255" timestamp="2019-08-08T07:22:20.199">
  <reason value="insufficient progress made" />
</concurrent-aborted>
<cycle-end id="2256" type="global" contextid="2251" timestamp="2019-08-08T07:22:20.199" />
  <attribute name="elasticGC enabled" value="1" />
  <attribute name= "numThreadsSpecified" value="16" />
  <attribute name="heapSize specified" value="44433408" />
  <attribute name="Current GC Util" value="52" />
  <attribute name= "Current Time Running" value="107796" />
  <attribute name ="GC Interval" value="0" />
  <attribute name="Target GC Util Change" value ="80.000000" />
  <attribute name="Current GC Util Change" value="52.000000"/>
  <attribute name="Current Error" value="32.000000" />
  <attribute name="Output H" value="44736272"/>
  <attribute name="Output I" value="2176"/>
  <attribute name="Output T" value="16"/>
  <attribute name= "Current Time Running" value="107796" />
  <attribute name="GC Util currently" value="52" />
  <attribute name="CPU Util currently" value="43912892686" />
<cycle-start id="2257" type="global" contextid="0" timestamp="2019-08-08T07:22:20.199" intervalms="0.556" />
<gc-start id="2258" type="global" contextid="2257" timestamp="2019-08-08T07:22:20.199">
  <mem-info id="2259" free="447488" total="44761088" percent="0">
    <mem type="tenure" free="447488" total="44761088" percent="0">
      <mem type="soa" free="0" total="44313600" percent="0" />
      <mem type="loa" free="447488" total="447488" percent="100" />
    </mem>
  </mem-info>
</gc-start>
<allocation-stats totalBytes="26172888" >
  <allocated-bytes non-tlh="0" tlh="26172888" />
  <largest-consumer threadName="main" threadId="0000000000996F00" bytes="26172888" />
</allocation-stats>
<gc-op id="2260" type="mark" timems="9.573" contextid="2257" timestamp="2019-08-08T07:22:20.209">
  <trace-info objectcount="600526" scancount="521411" scanbytes="13383056" />
  <finalization candidates="80" enqueued="0" />
  <ownableSynchronizers candidates="21" cleared="0" />
  <references type="soft" candidates="3261" cleared="0" enqueued="0" dynamicThreshold="19" maxThreshold="32" />
  <references type="weak" candidates="5584" cleared="0" enqueued="0" />
  <references type="phantom" candidates="97" cleared="0" enqueued="0" />
  <stringconstants candidates="13595" cleared="0"  />
</gc-op>
<gc-op id="2261" type="sweep" timems="8.380" contextid="2257" timestamp="2019-08-08T07:22:20.217" />
<mem-info id="2262" free="26784336" total="44761088" percent="59">
  <mem type="tenure" free="26784336" total="44761088" percent="59" micro-fragmented="0">
    <mem type="soa" free="26336848" total="44313600" percent="59" />
    <mem type="loa" free="447488" total="447488" percent="100" />
  </mem>
</mem-info>
<gc-op id="2263" type="compact" timems="23.514" contextid="2257" timestamp="2019-08-08T07:22:20.240">
  <compact-info movecount="2" movebytes="64" reason="compact to aid heap contraction" />
</gc-op>
<heap-resize id="2264" type="expand" space="tenure" amount="327680" count="1" timems="0.020" reason="satisfy allocation request" timestamp="2019-08-08T07:22:20.241" />
<gc-end id="2265" type="global" contextid="2257" durationms="42.528" usertimems="99.553" systemtimems="0.000" timestamp="2019-08-08T07:22:20.241" activeThreads="16">
  <mem-info id="2266" free="27046480" total="45088768" percent="59">
    <mem type="tenure" free="27046480" total="45088768" percent="59">
      <mem type="soa" free="26595920" total="44638208" percent="59" />
      <mem type="loa" free="450560" total="450560" percent="100" />
    </mem>
  </mem-info>
</gc-end>
<cycle-end id="2267" type="global" contextid="2257" timestamp="2019-08-08T07:22:20.241" />
  <attribute name="elasticGC enabled" value="1" />
  <attribute name= "numThreadsSpecified" value="16" />
  <attribute name="heapSize specified" value="44761088" />
  <attribute name="Current GC Util" value="41" />
  <attribute name= "Current Time Running" value="107851" />
  <attribute name ="GC Interval" value="0" />
  <attribute name="Target GC Util Change" value ="80.000000" />
  <attribute name="Current GC Util Change" value="41.000000"/>
  <attribute name="Current Error" value="75.000000" />
  <attribute name="Output H" value="45064152"/>
  <attribute name="Output I" value="2400"/>
  <attribute name="Output T" value="16"/>
  <attribute name= "Current Time Running" value="107851" />
  <attribute name="GC Util currently" value="41" />
  <attribute name="CPU Util currently" value="48963056903" />
<allocation-satisfied id="2268" threadId="0000000000996F00" bytesRequested="1168" />
<af-end id="2269" timestamp="2019-08-08T07:22:20.242" threadId="0000000000997888" success="true" />
<exclusive-end id="2270" timestamp="2019-08-08T07:22:20.242" durationms="42.723" />

<concurrent-kickoff id="2271" timestamp="2019-08-08T07:22:20.254">
  <kickoff reason="threshold reached" targetBytes="6404300" thresholdFreeBytes="868914" remainingFree="766544" tenureFreeBytes="766544" />
</concurrent-kickoff>
<exclusive-start id="2272" timestamp="2019-08-08T07:22:20.254" intervalms="55.599">
  <response-info timems="0.260" idlems="0.260" threads="0" lastid="0000000000996F00" lastname="main" />
</exclusive-start>
<cycle-start id="2273" type="global" contextid="0" timestamp="2019-08-08T07:22:20.254" intervalms="55.547" />
<exclusive-end id="2274" timestamp="2019-08-08T07:22:20.254" durationms="0.025" />

<exclusive-start id="2275" timestamp="2019-08-08T07:22:20.255" intervalms="0.657">
  <response-info timems="0.051" idlems="0.051" threads="0" lastid="0000000000996F00" lastname="main" />
</exclusive-start>
<af-start id="2276" threadId="0000000000997888" totalBytesRequested="1168" timestamp="2019-08-08T07:22:20.255" intervalms="56.286" />
<concurrent-aborted id="2277" timestamp="2019-08-08T07:22:20.255">
  <reason value="insufficient progress made" />
</concurrent-aborted>
<cycle-end id="2278" type="global" contextid="2273" timestamp="2019-08-08T07:22:20.255" />
  <attribute name="elasticGC enabled" value="1" />
  <attribute name= "numThreadsSpecified" value="16" />
  <attribute name="heapSize specified" value="44761088" />
  <attribute name="Current GC Util" value="41" />
  <attribute name= "Current Time Running" value="107851" />
  <attribute name ="GC Interval" value="0" />
  <attribute name="Target GC Util Change" value ="80.000000" />
  <attribute name="Current GC Util Change" value="41.000000"/>
  <attribute name="Current Error" value="75.000000" />
  <attribute name="Output H" value="45064152"/>
  <attribute name="Output I" value="2400"/>
  <attribute name="Output T" value="16"/>
  <attribute name= "Current Time Running" value="107851" />
  <attribute name="GC Util currently" value="41" />
  <attribute name="CPU Util currently" value="48963056903" />
<cycle-start id="2279" type="global" contextid="0" timestamp="2019-08-08T07:22:20.255" intervalms="0.752" />
<gc-start id="2280" type="global" contextid="2279" timestamp="2019-08-08T07:22:20.255">
  <mem-info id="2281" free="450560" total="45088768" percent="0">
    <mem type="tenure" free="450560" total="45088768" percent="0">
      <mem type="soa" free="0" total="44638208" percent="0" />
      <mem type="loa" free="450560" total="450560" percent="100" />
    </mem>
  </mem-info>
</gc-start>
<allocation-stats totalBytes="26495408" >
  <allocated-bytes non-tlh="0" tlh="26495408" />
  <largest-consumer threadName="main" threadId="0000000000996F00" bytes="26495408" />
</allocation-stats>
<gc-op id="2282" type="mark" timems="19.140" contextid="2279" timestamp="2019-08-08T07:22:20.274">
  <trace-info objectcount="600526" scancount="521406" scanbytes="13383056" />
  <finalization candidates="80" enqueued="0" />
  <ownableSynchronizers candidates="21" cleared="0" />
  <references type="soft" candidates="3261" cleared="0" enqueued="0" dynamicThreshold="19" maxThreshold="32" />
  <references type="weak" candidates="5584" cleared="0" enqueued="0" />
  <references type="phantom" candidates="97" cleared="0" enqueued="0" />
  <stringconstants candidates="13595" cleared="0"  />
</gc-op>
<gc-op id="2283" type="sweep" timems="3.456" contextid="2279" timestamp="2019-08-08T07:22:20.278" />
<mem-info id="2284" free="27111520" total="45088768" percent="60">
  <mem type="tenure" free="27111520" total="45088768" percent="60" micro-fragmented="0">
    <mem type="soa" free="26660960" total="44638208" percent="59" />
    <mem type="loa" free="450560" total="450560" percent="100" />
  </mem>
</mem-info>
<gc-op id="2285" type="compact" timems="23.414" contextid="2279" timestamp="2019-08-08T07:22:20.301">
  <compact-info movecount="2" movebytes="64" reason="compact to aid heap contraction" />
</gc-op>
<heap-resize id="2286" type="expand" space="tenure" amount="327680" count="1" timems="0.020" reason="satisfy allocation request" timestamp="2019-08-08T07:22:20.302" />
<gc-end id="2287" type="global" contextid="2279" durationms="47.041" usertimems="188.199" systemtimems="0.000" timestamp="2019-08-08T07:22:20.302" activeThreads="16">
  <mem-info id="2288" free="27374160" total="45416448" percent="60">
    <mem type="tenure" free="27374160" total="45416448" percent="60">
      <mem type="soa" free="26920528" total="44962816" percent="59" />
      <mem type="loa" free="453632" total="453632" percent="100" />
    </mem>
  </mem-info>
</gc-end>
<cycle-end id="2289" type="global" contextid="2279" timestamp="2019-08-08T07:22:20.302" />
  <attribute name="elasticGC enabled" value="1" />
  <attribute name= "numThreadsSpecified" value="16" />
  <attribute name="heapSize specified" value="45088768" />
  <attribute name="Current GC Util" value="39" />
  <attribute name= "Current Time Running" value="107912" />
  <attribute name ="GC Interval" value="0" />
  <attribute name="Target GC Util Change" value ="80.000000" />
  <attribute name="Current GC Util Change" value="39.000000"/>
  <attribute name="Current Error" value="41.000000" />
  <attribute name="Output H" value="45391672"/>
  <attribute name="Output I" value="2224"/>
  <attribute name="Output T" value="16"/>
  <attribute name= "Current Time Running" value="107912" />
  <attribute name="GC Util currently" value="39" />
  <attribute name="CPU Util currently" value="49174609866" />
<allocation-satisfied id="2290" threadId="0000000000996F00" bytesRequested="1168" />
<af-end id="2291" timestamp="2019-08-08T07:22:20.302" threadId="0000000000997888" success="true" />
<exclusive-end id="2292" timestamp="2019-08-08T07:22:20.302" durationms="47.274" />

<concurrent-kickoff id="2293" timestamp="2019-08-08T07:22:20.314">
  <kickoff reason="threshold reached" targetBytes="6450843" thresholdFreeBytes="875229" remainingFree="832080" tenureFreeBytes="832080" />
</concurrent-kickoff>
<exclusive-start id="2294" timestamp="2019-08-08T07:22:20.314" intervalms="58.777">
  <response-info timems="0.051" idlems="0.051" threads="0" lastid="0000000000996F00" lastname="main" />
</exclusive-start>
<cycle-start id="2295" type="global" contextid="0" timestamp="2019-08-08T07:22:20.314" intervalms="58.681" />
<exclusive-end id="2296" timestamp="2019-08-08T07:22:20.314" durationms="0.021" />

<exclusive-start id="2297" timestamp="2019-08-08T07:22:20.314" intervalms="0.530">
  <response-info timems="0.074" idlems="0.074" threads="0" lastid="0000000000996F00" lastname="main" />
</exclusive-start>
<af-start id="2298" threadId="0000000000997888" totalBytesRequested="1168" timestamp="2019-08-08T07:22:20.314" intervalms="59.275" />
<concurrent-aborted id="2299" timestamp="2019-08-08T07:22:20.314">
  <reason value="insufficient progress made" />
</concurrent-aborted>
<cycle-end id="2300" type="global" contextid="2295" timestamp="2019-08-08T07:22:20.314" />
  <attribute name="elasticGC enabled" value="1" />
  <attribute name= "numThreadsSpecified" value="16" />
  <attribute name="heapSize specified" value="45088768" />
  <attribute name="Current GC Util" value="39" />
  <attribute name= "Current Time Running" value="107912" />
  <attribute name ="GC Interval" value="0" />
  <attribute name="Target GC Util Change" value ="80.000000" />
  <attribute name="Current GC Util Change" value="39.000000"/>
  <attribute name="Current Error" value="41.000000" />
  <attribute name="Output H" value="45391672"/>
  <attribute name="Output I" value="2224"/>
  <attribute name="Output T" value="16"/>
  <attribute name= "Current Time Running" value="107912" />
  <attribute name="GC Util currently" value="39" />
  <attribute name="CPU Util currently" value="49174609866" />
<cycle-start id="2301" type="global" contextid="0" timestamp="2019-08-08T07:22:20.314" intervalms="0.581" />
<gc-start id="2302" type="global" contextid="2301" timestamp="2019-08-08T07:22:20.314">
  <mem-info id="2303" free="453632" total="45416448" percent="0">
    <mem type="tenure" free="453632" total="45416448" percent="0">
      <mem type="soa" free="0" total="44962816" percent="0" />
      <mem type="loa" free="453632" total="453632" percent="100" />
    </mem>
  </mem-info>
</gc-start>
<allocation-stats totalBytes="26817952" >
  <allocated-bytes non-tlh="0" tlh="26817952" />
  <largest-consumer threadName="main" threadId="0000000000996F00" bytes="26817952" />
</allocation-stats>
<gc-op id="2304" type="mark" timems="19.116" contextid="2301" timestamp="2019-08-08T07:22:20.334">
  <trace-info objectcount="600526" scancount="521408" scanbytes="13383056" />
  <finalization candidates="80" enqueued="0" />
  <ownableSynchronizers candidates="21" cleared="0" />
  <references type="soft" candidates="3261" cleared="0" enqueued="0" dynamicThreshold="19" maxThreshold="32" />
  <references type="weak" candidates="5584" cleared="0" enqueued="0" />
  <references type="phantom" candidates="97" cleared="0" enqueued="0" />
  <stringconstants candidates="13595" cleared="0"  />
</gc-op>
<gc-op id="2305" type="sweep" timems="4.214" contextid="2301" timestamp="2019-08-08T07:22:20.338" />
<mem-info id="2306" free="27439696" total="45416448" percent="60">
  <mem type="tenure" free="27439696" total="45416448" percent="60" micro-fragmented="0">
    <mem type="soa" free="26986064" total="44962816" percent="60" />
    <mem type="loa" free="453632" total="453632" percent="100" />
  </mem>
</mem-info>
<gc-op id="2307" type="compact" timems="32.730" contextid="2301" timestamp="2019-08-08T07:22:20.371">
  <compact-info movecount="2" movebytes="64" reason="compact to aid heap contraction" />
</gc-op>
<heap-resize id="2308" type="expand" space="tenure" amount="327680" count="1" timems="0.022" reason="satisfy allocation request" timestamp="2019-08-08T07:22:20.371" />
<gc-end id="2309" type="global" contextid="2301" durationms="56.825" usertimems="235.646" systemtimems="0.000" timestamp="2019-08-08T07:22:20.371" activeThreads="16">
  <mem-info id="2310" free="27701840" total="45744128" percent="60">
    <mem type="tenure" free="27701840" total="45744128" percent="60">
      <mem type="soa" free="27245136" total="45287424" percent="60" />
      <mem type="loa" free="456704" total="456704" percent="100" />
    </mem>
  </mem-info>
</gc-end>
<cycle-end id="2311" type="global" contextid="2301" timestamp="2019-08-08T07:22:20.371" />
  <attribute name="elasticGC enabled" value="1" />
  <attribute name= "numThreadsSpecified" value="16" />
  <attribute name="heapSize specified" value="45416448" />
  <attribute name="Current GC Util" value="28" />
  <attribute name= "Current Time Running" value="107981" />
  <attribute name ="GC Interval" value="0" />
  <attribute name="Target GC Util Change" value ="80.000000" />
  <attribute name="Current GC Util Change" value="28.000000"/>
  <attribute name="Current Error" value="-672.000000" />
  <attribute name="Output H" value="45716064"/>
  <attribute name="Output I" value="200"/>
  <attribute name="Output T" value="16"/>
  <attribute name= "Current Time Running" value="107981" />
  <attribute name="GC Util currently" value="28" />
  <attribute name="CPU Util currently" value="35189410091" />
<allocation-satisfied id="2312" threadId="0000000000996F00" bytesRequested="1168" />
<af-end id="2313" timestamp="2019-08-08T07:22:20.371" threadId="0000000000997888" success="true" />
<exclusive-end id="2314" timestamp="2019-08-08T07:22:20.371" durationms="56.998" />

<concurrent-kickoff id="2315" timestamp="2019-08-08T07:22:20.384">
  <kickoff reason="threshold reached" targetBytes="6497387" thresholdFreeBytes="881543" remainingFree="799312" tenureFreeBytes="799312" />
</concurrent-kickoff>
<exclusive-start id="2316" timestamp="2019-08-08T07:22:20.384" intervalms="69.572">
  <response-info timems="0.041" idlems="0.041" threads="0" lastid="0000000000996F00" lastname="main" />
</exclusive-start>
<cycle-start id="2317" type="global" contextid="0" timestamp="2019-08-08T07:22:20.384" intervalms="69.521" />
<exclusive-end id="2318" timestamp="2019-08-08T07:22:20.384" durationms="0.020" />

<exclusive-start id="2319" timestamp="2019-08-08T07:22:20.384" intervalms="0.491">
  <response-info timems="0.044" idlems="0.044" threads="0" lastid="0000000000996F00" lastname="main" />
</exclusive-start>
<af-start id="2320" threadId="0000000000997888" totalBytesRequested="1168" timestamp="2019-08-08T07:22:20.384" intervalms="70.063" />
<concurrent-aborted id="2321" timestamp="2019-08-08T07:22:20.384">
  <reason value="insufficient progress made" />
</concurrent-aborted>
<cycle-end id="2322" type="global" contextid="2317" timestamp="2019-08-08T07:22:20.384" />
  <attribute name="elasticGC enabled" value="1" />
  <attribute name= "numThreadsSpecified" value="16" />
  <attribute name="heapSize specified" value="45416448" />
  <attribute name="Current GC Util" value="28" />
  <attribute name= "Current Time Running" value="107981" />
  <attribute name ="GC Interval" value="0" />
  <attribute name="Target GC Util Change" value ="80.000000" />
  <attribute name="Current GC Util Change" value="28.000000"/>
  <attribute name="Current Error" value="-672.000000" />
  <attribute name="Output H" value="45716064"/>
  <attribute name="Output I" value="200"/>
  <attribute name="Output T" value="16"/>
  <attribute name= "Current Time Running" value="107981" />
  <attribute name="GC Util currently" value="28" />
  <attribute name="CPU Util currently" value="35189410091" />
<cycle-start id="2323" type="global" contextid="0" timestamp="2019-08-08T07:22:20.384" intervalms="0.541" />
<gc-start id="2324" type="global" contextid="2323" timestamp="2019-08-08T07:22:20.385">
  <mem-info id="2325" free="456704" total="45744128" percent="0">
    <mem type="tenure" free="456704" total="45744128" percent="0">
      <mem type="soa" free="0" total="45287424" percent="0" />
      <mem type="loa" free="456704" total="456704" percent="100" />
    </mem>
  </mem-info>
</gc-start>
<allocation-stats totalBytes="27139208" >
  <allocated-bytes non-tlh="0" tlh="27139208" />
  <largest-consumer threadName="main" threadId="0000000000996F00" bytes="27139208" />
</allocation-stats>
<gc-op id="2326" type="mark" timems="11.121" contextid="2323" timestamp="2019-08-08T07:22:20.396">
  <trace-info objectcount="600526" scancount="521414" scanbytes="13383056" />
  <finalization candidates="80" enqueued="0" />
  <ownableSynchronizers candidates="21" cleared="0" />
  <references type="soft" candidates="3261" cleared="0" enqueued="0" dynamicThreshold="19" maxThreshold="32" />
  <references type="weak" candidates="5584" cleared="0" enqueued="0" />
  <references type="phantom" candidates="97" cleared="0" enqueued="0" />
  <stringconstants candidates="13595" cleared="0"  />
</gc-op>
<gc-op id="2327" type="sweep" timems="4.285" contextid="2323" timestamp="2019-08-08T07:22:20.400" />
<mem-info id="2328" free="27767376" total="45744128" percent="60">
  <mem type="tenure" free="27767376" total="45744128" percent="60" micro-fragmented="0">
    <mem type="soa" free="27310672" total="45287424" percent="60" />
    <mem type="loa" free="456704" total="456704" percent="100" />
  </mem>
</mem-info>
<gc-op id="2329" type="compact" timems="23.233" contextid="2323" timestamp="2019-08-08T07:22:20.423">
  <compact-info movecount="2" movebytes="64" reason="compact to aid heap contraction" />
</gc-op>
<heap-resize id="2330" type="expand" space="tenure" amount="327680" count="1" timems="0.022" reason="satisfy allocation request" timestamp="2019-08-08T07:22:20.424" />
<gc-end id="2331" type="global" contextid="2323" durationms="39.570" usertimems="108.151" systemtimems="0.000" timestamp="2019-08-08T07:22:20.424" activeThreads="16">
  <mem-info id="2332" free="28029520" total="46071808" percent="60">
    <mem type="tenure" free="28029520" total="46071808" percent="60">
      <mem type="soa" free="27569744" total="45612032" percent="60" />
      <mem type="loa" free="459776" total="459776" percent="100" />
    </mem>
  </mem-info>
</gc-end>
<cycle-end id="2333" type="global" contextid="2323" timestamp="2019-08-08T07:22:20.424" />
  <attribute name="elasticGC enabled" value="1" />
  <attribute name= "numThreadsSpecified" value="16" />
  <attribute name="heapSize specified" value="45744128" />
  <attribute name="Current GC Util" value="42" />
  <attribute name= "Current Time Running" value="108034" />
  <attribute name ="GC Interval" value="0" />
  <attribute name="Target GC Util Change" value ="80.000000" />
  <attribute name="Current GC Util Change" value="42.000000"/>
  <attribute name="Current Error" value="-617.000000" />
  <attribute name="Output H" value="46043992"/>
  <attribute name="Output I" value="200"/>
  <attribute name="Output T" value="16"/>
  <attribute name= "Current Time Running" value="108034" />
  <attribute name="GC Util currently" value="42" />
  <attribute name="CPU Util currently" value="49554473425" />
<allocation-satisfied id="2334" threadId="0000000000996F00" bytesRequested="1168" />
<af-end id="2335" timestamp="2019-08-08T07:22:20.424" threadId="0000000000997888" success="true" />
<exclusive-end id="2336" timestamp="2019-08-08T07:22:20.424" durationms="39.749" />

<concurrent-kickoff id="2337" timestamp="2019-08-08T07:22:20.437">
  <kickoff reason="threshold reached" targetBytes="6543929" thresholdFreeBytes="887858" remainingFree="832080" tenureFreeBytes="832080" />
</concurrent-kickoff>
<exclusive-start id="2338" timestamp="2019-08-08T07:22:20.437" intervalms="52.660">
  <response-info timems="0.115" idlems="0.115" threads="0" lastid="0000000000996F00" lastname="main" />
</exclusive-start>
<cycle-start id="2339" type="global" contextid="0" timestamp="2019-08-08T07:22:20.437" intervalms="52.614" />
<exclusive-end id="2340" timestamp="2019-08-08T07:22:20.437" durationms="0.026" />

<exclusive-start id="2341" timestamp="2019-08-08T07:22:20.438" intervalms="1.058">
  <response-info timems="0.398" idlems="0.398" threads="0" lastid="0000000000996F00" lastname="main" />
</exclusive-start>
<af-start id="2342" threadId="0000000000997888" totalBytesRequested="1168" timestamp="2019-08-08T07:22:20.438" intervalms="53.739" />
<concurrent-aborted id="2343" timestamp="2019-08-08T07:22:20.438">
  <reason value="insufficient progress made" />
</concurrent-aborted>
<cycle-end id="2344" type="global" contextid="2339" timestamp="2019-08-08T07:22:20.438" />
  <attribute name="elasticGC enabled" value="1" />
  <attribute name= "numThreadsSpecified" value="16" />
  <attribute name="heapSize specified" value="45744128" />
  <attribute name="Current GC Util" value="42" />
  <attribute name= "Current Time Running" value="108034" />
  <attribute name ="GC Interval" value="0" />
  <attribute name="Target GC Util Change" value ="80.000000" />
  <attribute name="Current GC Util Change" value="42.000000"/>
  <attribute name="Current Error" value="-617.000000" />
  <attribute name="Output H" value="46043992"/>
  <attribute name="Output I" value="200"/>
  <attribute name="Output T" value="16"/>
  <attribute name= "Current Time Running" value="108034" />
  <attribute name="GC Util currently" value="42" />
  <attribute name="CPU Util currently" value="49554473425" />
<cycle-start id="2345" type="global" contextid="0" timestamp="2019-08-08T07:22:20.438" intervalms="1.135" />
<gc-start id="2346" type="global" contextid="2345" timestamp="2019-08-08T07:22:20.438">
  <mem-info id="2347" free="459776" total="46071808" percent="0">
    <mem type="tenure" free="459776" total="46071808" percent="0">
      <mem type="soa" free="0" total="45612032" percent="0" />
      <mem type="loa" free="459776" total="459776" percent="100" />
    </mem>
  </mem-info>
</gc-start>
<allocation-stats totalBytes="27462992" >
  <allocated-bytes non-tlh="0" tlh="27462992" />
  <largest-consumer threadName="main" threadId="0000000000996F00" bytes="27462992" />
</allocation-stats>
<gc-op id="2348" type="mark" timems="9.011" contextid="2345" timestamp="2019-08-08T07:22:20.447">
  <trace-info objectcount="600526" scancount="521414" scanbytes="13383056" />
  <finalization candidates="80" enqueued="0" />
  <ownableSynchronizers candidates="21" cleared="0" />
  <references type="soft" candidates="3261" cleared="0" enqueued="0" dynamicThreshold="19" maxThreshold="32" />
  <references type="weak" candidates="5584" cleared="0" enqueued="0" />
  <references type="phantom" candidates="97" cleared="0" enqueued="0" />
  <stringconstants candidates="13595" cleared="0"  />
</gc-op>
<gc-op id="2349" type="sweep" timems="4.117" contextid="2345" timestamp="2019-08-08T07:22:20.451" />
<mem-info id="2350" free="28095056" total="46071808" percent="60">
  <mem type="tenure" free="28095056" total="46071808" percent="60" micro-fragmented="0">
    <mem type="soa" free="27635280" total="45612032" percent="60" />
    <mem type="loa" free="459776" total="459776" percent="100" />
  </mem>
</mem-info>
<gc-op id="2351" type="compact" timems="25.145" contextid="2345" timestamp="2019-08-08T07:22:20.477">
  <compact-info movecount="2" movebytes="64" reason="compact to aid heap contraction" />
</gc-op>
<heap-resize id="2352" type="expand" space="tenure" amount="327680" count="1" timems="0.020" reason="satisfy allocation request" timestamp="2019-08-08T07:22:20.478" />
<gc-end id="2353" type="global" contextid="2345" durationms="39.280" usertimems="94.049" systemtimems="0.000" timestamp="2019-08-08T07:22:20.478" activeThreads="16">
  <mem-info id="2354" free="28357200" total="46399488" percent="61">
    <mem type="tenure" free="28357200" total="46399488" percent="61">
      <mem type="soa" free="27893328" total="45935616" percent="60" />
      <mem type="loa" free="463872" total="463872" percent="100" />
    </mem>
  </mem-info>
</gc-end>
<cycle-end id="2355" type="global" contextid="2345" timestamp="2019-08-08T07:22:20.478" />
  <attribute name="elasticGC enabled" value="1" />
  <attribute name= "numThreadsSpecified" value="16" />
  <attribute name="heapSize specified" value="46071808" />
  <attribute name="Current GC Util" value="46" />
  <attribute name= "Current Time Running" value="108087" />
  <attribute name ="GC Interval" value="0" />
  <attribute name="Target GC Util Change" value ="80.000000" />
  <attribute name="Current GC Util Change" value="46.000000"/>
  <attribute name="Current Error" value="-250.000000" />
  <attribute name="Output H" value="46373368"/>
  <attribute name="Output I" value="712"/>
  <attribute name="Output T" value="16"/>
  <attribute name= "Current Time Running" value="108087" />
  <attribute name="GC Util currently" value="46" />
  <attribute name="CPU Util currently" value="45748785012" />
<allocation-satisfied id="2356" threadId="0000000000996F00" bytesRequested="1168" />
<af-end id="2357" timestamp="2019-08-08T07:22:20.478" threadId="0000000000997888" success="true" />
<exclusive-end id="2358" timestamp="2019-08-08T07:22:20.478" durationms="39.486" />

<concurrent-kickoff id="2359" timestamp="2019-08-08T07:22:20.490">
  <kickoff reason="threshold reached" targetBytes="6590472" thresholdFreeBytes="894173" remainingFree="766544" tenureFreeBytes="766544" />
</concurrent-kickoff>
<exclusive-start id="2360" timestamp="2019-08-08T07:22:20.490" intervalms="51.826">
  <response-info timems="0.045" idlems="0.045" threads="0" lastid="0000000000996F00" lastname="main" />
</exclusive-start>
<cycle-start id="2361" type="global" contextid="0" timestamp="2019-08-08T07:22:20.490" intervalms="51.743" />
<exclusive-end id="2362" timestamp="2019-08-08T07:22:20.490" durationms="0.019" />

<exclusive-start id="2363" timestamp="2019-08-08T07:22:20.490" intervalms="0.402">
  <response-info timems="0.030" idlems="0.030" threads="0" lastid="0000000000996F00" lastname="main" />
</exclusive-start>
<af-start id="2364" threadId="0000000000997888" totalBytesRequested="1168" timestamp="2019-08-08T07:22:20.490" intervalms="52.205" />
<concurrent-aborted id="2365" timestamp="2019-08-08T07:22:20.490">
  <reason value="insufficient progress made" />
</concurrent-aborted>
<cycle-end id="2366" type="global" contextid="2361" timestamp="2019-08-08T07:22:20.490" />
  <attribute name="elasticGC enabled" value="1" />
  <attribute name= "numThreadsSpecified" value="16" />
  <attribute name="heapSize specified" value="46071808" />
  <attribute name="Current GC Util" value="46" />
  <attribute name= "Current Time Running" value="108087" />
  <attribute name ="GC Interval" value="0" />
  <attribute name="Target GC Util Change" value ="80.000000" />
  <attribute name="Current GC Util Change" value="46.000000"/>
  <attribute name="Current Error" value="-250.000000" />
  <attribute name="Output H" value="46373368"/>
  <attribute name="Output I" value="712"/>
  <attribute name="Output T" value="16"/>
  <attribute name= "Current Time Running" value="108087" />
  <attribute name="GC Util currently" value="46" />
  <attribute name="CPU Util currently" value="45748785012" />
<cycle-start id="2367" type="global" contextid="0" timestamp="2019-08-08T07:22:20.490" intervalms="0.450" />
<gc-start id="2368" type="global" contextid="2367" timestamp="2019-08-08T07:22:20.490">
  <mem-info id="2369" free="463872" total="46399488" percent="0">
    <mem type="tenure" free="463872" total="46399488" percent="0">
      <mem type="soa" free="0" total="45935616" percent="0" />
      <mem type="loa" free="463872" total="463872" percent="100" />
    </mem>
  </mem-info>
</gc-start>
<allocation-stats totalBytes="27784272" >
  <allocated-bytes non-tlh="0" tlh="27784272" />
  <largest-consumer threadName="main" threadId="0000000000996F00" bytes="27784272" />
</allocation-stats>
<gc-op id="2370" type="mark" timems="7.618" contextid="2367" timestamp="2019-08-08T07:22:20.498">
  <trace-info objectcount="600526" scancount="521409" scanbytes="13383056" />
  <finalization candidates="80" enqueued="0" />
  <ownableSynchronizers candidates="21" cleared="0" />
  <references type="soft" candidates="3261" cleared="0" enqueued="0" dynamicThreshold="19" maxThreshold="32" />
  <references type="weak" candidates="5584" cleared="0" enqueued="0" />
  <references type="phantom" candidates="97" cleared="0" enqueued="0" />
  <stringconstants candidates="13595" cleared="0"  />
</gc-op>
<gc-op id="2371" type="sweep" timems="3.588" contextid="2367" timestamp="2019-08-08T07:22:20.502" />
<mem-info id="2372" free="28422736" total="46399488" percent="61">
  <mem type="tenure" free="28422736" total="46399488" percent="61" micro-fragmented="0">
    <mem type="soa" free="27958864" total="45935616" percent="60" />
    <mem type="loa" free="463872" total="463872" percent="100" />
  </mem>
</mem-info>
<gc-op id="2373" type="compact" timems="25.560" contextid="2367" timestamp="2019-08-08T07:22:20.527">
  <compact-info movecount="2" movebytes="64" reason="compact to aid heap contraction" />
</gc-op>
<heap-resize id="2374" type="expand" space="tenure" amount="327680" count="1" timems="0.023" reason="satisfy allocation request" timestamp="2019-08-08T07:22:20.528" />
<gc-end id="2375" type="global" contextid="2367" durationms="37.678" usertimems="88.815" systemtimems="0.000" timestamp="2019-08-08T07:22:20.528" activeThreads="16">
  <mem-info id="2376" free="28684880" total="46727168" percent="61">
    <mem type="tenure" free="28684880" total="46727168" percent="61">
      <mem type="soa" free="28217936" total="46260224" percent="60" />
      <mem type="loa" free="466944" total="466944" percent="100" />
    </mem>
  </mem-info>
</gc-end>
<cycle-end id="2377" type="global" contextid="2367" timestamp="2019-08-08T07:22:20.528" />
  <attribute name="elasticGC enabled" value="1" />
  <attribute name= "numThreadsSpecified" value="16" />
  <attribute name="heapSize specified" value="46399488" />
  <attribute name="Current GC Util" value="130" />
  <attribute name= "Current Time Running" value="108138" />
  <attribute name ="GC Interval" value="0" />
  <attribute name="Target GC Util Change" value ="80.000000" />
  <attribute name="Current GC Util Change" value="130.000000"/>
  <attribute name="Current Error" value="-53.000000" />
  <attribute name="Output H" value="46701960"/>
  <attribute name="Output I" value="1736"/>
  <attribute name="Output T" value="16"/>
  <attribute name= "Current Time Running" value="108138" />
  <attribute name="GC Util currently" value="130" />
  <attribute name="CPU Util currently" value="45055531458" />
<allocation-satisfied id="2378" threadId="0000000000996F00" bytesRequested="1168" />
<af-end id="2379" timestamp="2019-08-08T07:22:20.528" threadId="0000000000997888" success="true" />
<exclusive-end id="2380" timestamp="2019-08-08T07:22:20.528" durationms="37.856" />

<concurrent-kickoff id="2381" timestamp="2019-08-08T07:22:20.539">
  <kickoff reason="threshold reached" targetBytes="6637015" thresholdFreeBytes="900488" remainingFree="832080" tenureFreeBytes="832080" />
</concurrent-kickoff>
<exclusive-start id="2382" timestamp="2019-08-08T07:22:20.539" intervalms="48.461">
  <response-info timems="0.063" idlems="0.063" threads="0" lastid="0000000000996F00" lastname="main" />
</exclusive-start>
<cycle-start id="2383" type="global" contextid="0" timestamp="2019-08-08T07:22:20.539" intervalms="48.407" />
<exclusive-end id="2384" timestamp="2019-08-08T07:22:20.539" durationms="0.012" />

<exclusive-start id="2385" timestamp="2019-08-08T07:22:20.539" intervalms="0.364">
  <response-info timems="0.042" idlems="0.042" threads="0" lastid="0000000000996F00" lastname="main" />
</exclusive-start>
<af-start id="2386" threadId="0000000000997888" totalBytesRequested="1168" timestamp="2019-08-08T07:22:20.539" intervalms="48.826" />
<concurrent-aborted id="2387" timestamp="2019-08-08T07:22:20.539">
  <reason value="insufficient progress made" />
</concurrent-aborted>
<cycle-end id="2388" type="global" contextid="2383" timestamp="2019-08-08T07:22:20.539" />
  <attribute name="elasticGC enabled" value="1" />
  <attribute name= "numThreadsSpecified" value="16" />
  <attribute name="heapSize specified" value="46399488" />
  <attribute name="Current GC Util" value="130" />
  <attribute name= "Current Time Running" value="108138" />
  <attribute name ="GC Interval" value="0" />
  <attribute name="Target GC Util Change" value ="80.000000" />
  <attribute name="Current GC Util Change" value="130.000000"/>
  <attribute name="Current Error" value="-53.000000" />
  <attribute name="Output H" value="46701960"/>
  <attribute name="Output I" value="1736"/>
  <attribute name="Output T" value="16"/>
  <attribute name= "Current Time Running" value="108138" />
  <attribute name="GC Util currently" value="130" />
  <attribute name="CPU Util currently" value="45055531458" />
<cycle-start id="2389" type="global" contextid="0" timestamp="2019-08-08T07:22:20.539" intervalms="0.421" />
<gc-start id="2390" type="global" contextid="2389" timestamp="2019-08-08T07:22:20.539">
  <mem-info id="2391" free="466944" total="46727168" percent="0">
    <mem type="tenure" free="466944" total="46727168" percent="0">
      <mem type="soa" free="0" total="46260224" percent="0" />
      <mem type="loa" free="466944" total="466944" percent="100" />
    </mem>
  </mem-info>
</gc-start>
<allocation-stats totalBytes="28108032" >
  <allocated-bytes non-tlh="0" tlh="28108032" />
  <largest-consumer threadName="main" threadId="0000000000996F00" bytes="28108032" />
</allocation-stats>
<gc-op id="2392" type="mark" timems="9.961" contextid="2389" timestamp="2019-08-08T07:22:20.549">
  <trace-info objectcount="600526" scancount="521408" scanbytes="13383056" />
  <finalization candidates="80" enqueued="0" />
  <ownableSynchronizers candidates="21" cleared="0" />
  <references type="soft" candidates="3261" cleared="0" enqueued="0" dynamicThreshold="19" maxThreshold="32" />
  <references type="weak" candidates="5584" cleared="0" enqueued="0" />
  <references type="phantom" candidates="97" cleared="0" enqueued="0" />
  <stringconstants candidates="13595" cleared="0"  />
</gc-op>
<gc-op id="2393" type="sweep" timems="3.451" contextid="2389" timestamp="2019-08-08T07:22:20.553" />
<mem-info id="2394" free="28750392" total="46727168" percent="61">
  <mem type="tenure" free="28750392" total="46727168" percent="61" micro-fragmented="0">
    <mem type="soa" free="28283448" total="46260224" percent="61" />
    <mem type="loa" free="466944" total="466944" percent="100" />
  </mem>
</mem-info>
<gc-op id="2395" type="compact" timems="23.680" contextid="2389" timestamp="2019-08-08T07:22:20.576">
  <compact-info movecount="2" movebytes="64" reason="compact to aid heap contraction" />
</gc-op>
<heap-resize id="2396" type="expand" space="tenure" amount="327680" count="1" timems="0.020" reason="satisfy allocation request" timestamp="2019-08-08T07:22:20.577" />
<gc-end id="2397" type="global" contextid="2389" durationms="38.031" usertimems="94.686" systemtimems="0.000" timestamp="2019-08-08T07:22:20.577" activeThreads="16">
  <mem-info id="2398" free="29012560" total="47054848" percent="61">
    <mem type="tenure" free="29012560" total="47054848" percent="61">
      <mem type="soa" free="28542544" total="46584832" percent="61" />
      <mem type="loa" free="470016" total="470016" percent="100" />
    </mem>
  </mem-info>
</gc-end>
<cycle-end id="2399" type="global" contextid="2389" timestamp="2019-08-08T07:22:20.577" />
  <attribute name="elasticGC enabled" value="1" />
  <attribute name= "numThreadsSpecified" value="16" />
  <attribute name="heapSize specified" value="46727168" />
  <attribute name="Current GC Util" value="124" />
  <attribute name= "Current Time Running" value="108187" />
  <attribute name ="GC Interval" value="0" />
  <attribute name="Target GC Util Change" value ="80.000000" />
  <attribute name="Current GC Util Change" value="124.000000"/>
  <attribute name="Current Error" value="-12.000000" />
  <attribute name="Output H" value="47029832"/>
  <attribute name="Output I" value="1952"/>
  <attribute name="Output T" value="16"/>
  <attribute name= "Current Time Running" value="108187" />
  <attribute name="GC Util currently" value="124" />
  <attribute name="CPU Util currently" value="48595100965" />
<allocation-satisfied id="2400" threadId="0000000000996F00" bytesRequested="1168" />
<af-end id="2401" timestamp="2019-08-08T07:22:20.577" threadId="0000000000997888" success="true" />
<exclusive-end id="2402" timestamp="2019-08-08T07:22:20.577" durationms="38.202" />

<concurrent-kickoff id="2403" timestamp="2019-08-08T07:22:20.583">
  <kickoff reason="threshold reached" targetBytes="6683558" thresholdFreeBytes="906803" remainingFree="897616" tenureFreeBytes="897616" />
</concurrent-kickoff>
<exclusive-start id="2404" timestamp="2019-08-08T07:22:20.583" intervalms="44.021">
  <response-info timems="0.041" idlems="0.041" threads="0" lastid="0000000000996F00" lastname="main" />
</exclusive-start>
<cycle-start id="2405" type="global" contextid="0" timestamp="2019-08-08T07:22:20.583" intervalms="43.971" />
<exclusive-end id="2406" timestamp="2019-08-08T07:22:20.583" durationms="0.019" />

<exclusive-start id="2407" timestamp="2019-08-08T07:22:20.586" intervalms="2.280">
  <response-info timems="0.046" idlems="0.046" threads="0" lastid="0000000000996F00" lastname="main" />
</exclusive-start>
<af-start id="2408" threadId="0000000000997888" totalBytesRequested="1168" timestamp="2019-08-08T07:22:20.586" intervalms="46.314" />
<gc-start id="2409" type="global" contextid="2405" timestamp="2019-08-08T07:22:20.586">
  <mem-info id="2410" free="470016" total="47054848" percent="0">
    <mem type="tenure" free="470016" total="47054848" percent="0">
      <mem type="soa" free="0" total="46584832" percent="0" />
      <mem type="loa" free="470016" total="470016" percent="100" />
    </mem>
  </mem-info>
</gc-start>
<allocation-stats totalBytes="28429312" >
  <allocated-bytes non-tlh="0" tlh="28429312" />
  <largest-consumer threadName="main" threadId="0000000000996F00" bytes="28429312" />
</allocation-stats>
<concurrent-halted id="2411" timestamp="2019-08-08T07:22:20.586">
  <halted state="Class scanning incomplete" status="trace only" />
  <traced bytesTarget="6683558" bytesTotal="1115708" bytesByMutator="0" bytesByHelper="1115708" percent="16" />
  <cards cleaned="0" thresholdBytes="357225" />
</concurrent-halted>
<gc-op id="2412" type="tracing" timems="6.354" contextid="2405" timestamp="2019-08-08T07:22:20.592">
  <trace bytesTraced="11230044" workStackOverflowCount="0" />
</gc-op>
<gc-op id="2413" type="card-cleaning" timems="1.684" contextid="2405" timestamp="2019-08-08T07:22:20.594">
  <card-cleaning cardsCleaned="478" bytesTraced="648" workStackOverflowCount="0" />
</gc-op>
<gc-op id="2414" type="mark" timems="4.766" contextid="2405" timestamp="2019-08-08T07:22:20.599">
  <trace-info objectcount="35833" scancount="34334" scanbytes="1060904" />
  <finalization candidates="80" enqueued="0" />
  <ownableSynchronizers candidates="21" cleared="0" />
  <references type="soft" candidates="3261" cleared="0" enqueued="0" dynamicThreshold="19" maxThreshold="32" />
  <references type="weak" candidates="5584" cleared="0" enqueued="0" />
  <references type="phantom" candidates="97" cleared="0" enqueued="0" />
  <stringconstants candidates="13595" cleared="0"  />
</gc-op>
<gc-op id="2415" type="sweep" timems="4.109" contextid="2405" timestamp="2019-08-08T07:22:20.603" />
<mem-info id="2416" free="29078096" total="47054848" percent="61">
  <mem type="tenure" free="29078096" total="47054848" percent="61" micro-fragmented="0">
    <mem type="soa" free="28608080" total="46584832" percent="61" />
    <mem type="loa" free="470016" total="470016" percent="100" />
  </mem>
</mem-info>
<gc-op id="2417" type="compact" timems="25.083" contextid="2405" timestamp="2019-08-08T07:22:20.628">
  <compact-info movecount="2" movebytes="64" reason="compact to aid heap contraction" />
</gc-op>
<heap-resize id="2418" type="expand" space="tenure" amount="327680" count="1" timems="0.021" reason="satisfy allocation request" timestamp="2019-08-08T07:22:20.628" />
<gc-end id="2419" type="global" contextid="2405" durationms="42.874" usertimems="81.923" systemtimems="0.000" timestamp="2019-08-08T07:22:20.628" activeThreads="16">
  <mem-info id="2420" free="29340240" total="47382528" percent="61">
    <mem type="tenure" free="29340240" total="47382528" percent="61">
      <mem type="soa" free="28867152" total="46909440" percent="61" />
      <mem type="loa" free="473088" total="473088" percent="100" />
    </mem>
  </mem-info>
</gc-end>
<cycle-end id="2421" type="global" contextid="2405" timestamp="2019-08-08T07:22:20.629" />
  <attribute name="elasticGC enabled" value="1" />
  <attribute name= "numThreadsSpecified" value="16" />
  <attribute name="heapSize specified" value="47054848" />
  <attribute name="Current GC Util" value="57" />
  <attribute name= "Current Time Running" value="108238" />
  <attribute name ="GC Interval" value="0" />
  <attribute name="Target GC Util Change" value ="80.000000" />
  <attribute name="Current GC Util Change" value="57.000000"/>
  <attribute name="Current Error" value="0.000000" />
  <attribute name="Output H" value="47357560"/>
  <attribute name="Output I" value="2008"/>
  <attribute name="Output T" value="16"/>
  <attribute name= "Current Time Running" value="108238" />
  <attribute name="GC Util currently" value="57" />
  <attribute name="CPU Util currently" value="45901773027" />
<allocation-satisfied id="2422" threadId="0000000000996F00" bytesRequested="1168" />
<af-end id="2423" timestamp="2019-08-08T07:22:20.629" threadId="0000000000997888" success="true" />
<exclusive-end id="2424" timestamp="2019-08-08T07:22:20.629" durationms="43.048" />

<concurrent-kickoff id="2425" timestamp="2019-08-08T07:22:20.636">
  <kickoff reason="threshold reached" targetBytes="5857162" thresholdFreeBytes="794066" remainingFree="733776" tenureFreeBytes="733776" />
</concurrent-kickoff>
<exclusive-start id="2426" timestamp="2019-08-08T07:22:20.636" intervalms="50.993">
  <response-info timems="0.095" idlems="0.095" threads="0" lastid="0000000000996F00" lastname="main" />
</exclusive-start>
<cycle-start id="2427" type="global" contextid="0" timestamp="2019-08-08T07:22:20.637" intervalms="53.269" />
<exclusive-end id="2428" timestamp="2019-08-08T07:22:20.637" durationms="0.018" />

<exclusive-start id="2429" timestamp="2019-08-08T07:22:20.637" intervalms="0.439">
  <response-info timems="0.044" idlems="0.044" threads="0" lastid="0000000000996F00" lastname="main" />
</exclusive-start>
<af-start id="2430" threadId="0000000000997888" totalBytesRequested="1168" timestamp="2019-08-08T07:22:20.637" intervalms="51.421" />
<concurrent-aborted id="2431" timestamp="2019-08-08T07:22:20.637">
  <reason value="insufficient progress made" />
</concurrent-aborted>
<cycle-end id="2432" type="global" contextid="2427" timestamp="2019-08-08T07:22:20.637" />
  <attribute name="elasticGC enabled" value="1" />
  <attribute name= "numThreadsSpecified" value="16" />
  <attribute name="heapSize specified" value="47054848" />
  <attribute name="Current GC Util" value="57" />
  <attribute name= "Current Time Running" value="108238" />
  <attribute name ="GC Interval" value="0" />
  <attribute name="Target GC Util Change" value ="80.000000" />
  <attribute name="Current GC Util Change" value="57.000000"/>
  <attribute name="Current Error" value="0.000000" />
  <attribute name="Output H" value="47357560"/>
  <attribute name="Output I" value="2008"/>
  <attribute name="Output T" value="16"/>
  <attribute name= "Current Time Running" value="108238" />
  <attribute name="GC Util currently" value="57" />
  <attribute name="CPU Util currently" value="45901773027" />
<cycle-start id="2433" type="global" contextid="0" timestamp="2019-08-08T07:22:20.637" intervalms="0.495" />
<gc-start id="2434" type="global" contextid="2433" timestamp="2019-08-08T07:22:20.637">
  <mem-info id="2435" free="473088" total="47382528" percent="0">
    <mem type="tenure" free="473088" total="47382528" percent="0">
      <mem type="soa" free="0" total="46909440" percent="0" />
      <mem type="loa" free="473088" total="473088" percent="100" />
    </mem>
  </mem-info>
</gc-start>
<allocation-stats totalBytes="28751856" >
  <allocated-bytes non-tlh="0" tlh="28751856" />
  <largest-consumer threadName="main" threadId="0000000000996F00" bytes="28751856" />
</allocation-stats>
<gc-op id="2436" type="mark" timems="9.630" contextid="2433" timestamp="2019-08-08T07:22:20.647">
  <trace-info objectcount="600526" scancount="521413" scanbytes="13383056" />
  <finalization candidates="80" enqueued="0" />
  <ownableSynchronizers candidates="21" cleared="0" />
  <references type="soft" candidates="3261" cleared="0" enqueued="0" dynamicThreshold="19" maxThreshold="32" />
  <references type="weak" candidates="5584" cleared="0" enqueued="0" />
  <references type="phantom" candidates="97" cleared="0" enqueued="0" />
  <stringconstants candidates="13595" cleared="0"  />
</gc-op>
<gc-op id="2437" type="sweep" timems="4.399" contextid="2433" timestamp="2019-08-08T07:22:20.651" />
<mem-info id="2438" free="29405168" total="47382528" percent="62">
  <mem type="tenure" free="29405168" total="47382528" percent="62" micro-fragmented="0">
    <mem type="soa" free="28932080" total="46909440" percent="61" />
    <mem type="loa" free="473088" total="473088" percent="100" />
  </mem>
</mem-info>
<gc-op id="2439" type="compact" timems="25.632" contextid="2433" timestamp="2019-08-08T07:22:20.677">
  <compact-info movecount="2" movebytes="64" reason="compact to aid heap contraction" />
</gc-op>
<heap-resize id="2440" type="expand" space="tenure" amount="327680" count="1" timems="0.021" reason="satisfy allocation request" timestamp="2019-08-08T07:22:20.677" />
<gc-end id="2441" type="global" contextid="2433" durationms="40.460" usertimems="105.847" systemtimems="0.000" timestamp="2019-08-08T07:22:20.677" activeThreads="16">
  <mem-info id="2442" free="29667920" total="47710208" percent="62">
    <mem type="tenure" free="29667920" total="47710208" percent="62">
      <mem type="soa" free="29191760" total="47234048" percent="61" />
      <mem type="loa" free="476160" total="476160" percent="100" />
    </mem>
  </mem-info>
</gc-end>
<cycle-end id="2443" type="global" contextid="2433" timestamp="2019-08-08T07:22:20.678" />
  <attribute name="elasticGC enabled" value="1" />
  <attribute name= "numThreadsSpecified" value="16" />
  <attribute name="heapSize specified" value="47382528" />
  <attribute name="Current GC Util" value="62" />
  <attribute name= "Current Time Running" value="108287" />
  <attribute name ="GC Interval" value="0" />
  <attribute name="Target GC Util Change" value ="80.000000" />
  <attribute name="Current GC Util Change" value="62.000000"/>
  <attribute name="Current Error" value="-12.000000" />
  <attribute name="Output H" value="47685192"/>
  <attribute name="Output I" value="1952"/>
  <attribute name="Output T" value="16"/>
  <attribute name= "Current Time Running" value="108287" />
  <attribute name="GC Util currently" value="62" />
  <attribute name="CPU Util currently" value="44999224551" />
<allocation-satisfied id="2444" threadId="0000000000996F00" bytesRequested="1168" />
<af-end id="2445" timestamp="2019-08-08T07:22:20.678" threadId="0000000000997888" success="true" />
<exclusive-end id="2446" timestamp="2019-08-08T07:22:20.678" durationms="40.723" />

<concurrent-kickoff id="2447" timestamp="2019-08-08T07:22:20.684">
  <kickoff reason="threshold reached" targetBytes="5897668" thresholdFreeBytes="799558" remainingFree="766544" tenureFreeBytes="766544" />
</concurrent-kickoff>
<exclusive-start id="2448" timestamp="2019-08-08T07:22:20.684" intervalms="47.315">
  <response-info timems="0.047" idlems="0.047" threads="0" lastid="0000000000996F00" lastname="main" />
</exclusive-start>
<cycle-start id="2449" type="global" contextid="0" timestamp="2019-08-08T07:22:20.684" intervalms="47.272" />
<exclusive-end id="2450" timestamp="2019-08-08T07:22:20.684" durationms="0.032" />

<exclusive-start id="2451" timestamp="2019-08-08T07:22:20.685" intervalms="0.542">
  <response-info timems="0.070" idlems="0.070" threads="0" lastid="0000000000996F00" lastname="main" />
</exclusive-start>
<af-start id="2452" threadId="0000000000997888" totalBytesRequested="1168" timestamp="2019-08-08T07:22:20.685" intervalms="47.870" />
<concurrent-aborted id="2453" timestamp="2019-08-08T07:22:20.685">
  <reason value="insufficient progress made" />
</concurrent-aborted>
<cycle-end id="2454" type="global" contextid="2449" timestamp="2019-08-08T07:22:20.685" />
  <attribute name="elasticGC enabled" value="1" />
  <attribute name= "numThreadsSpecified" value="16" />
  <attribute name="heapSize specified" value="47382528" />
  <attribute name="Current GC Util" value="62" />
  <attribute name= "Current Time Running" value="108287" />
  <attribute name ="GC Interval" value="0" />
  <attribute name="Target GC Util Change" value ="80.000000" />
  <attribute name="Current GC Util Change" value="62.000000"/>
  <attribute name="Current Error" value="-12.000000" />
  <attribute name="Output H" value="47685192"/>
  <attribute name="Output I" value="1952"/>
  <attribute name="Output T" value="16"/>
  <attribute name= "Current Time Running" value="108287" />
  <attribute name="GC Util currently" value="62" />
  <attribute name="CPU Util currently" value="44999224551" />
<cycle-start id="2455" type="global" contextid="0" timestamp="2019-08-08T07:22:20.685" intervalms="0.620" />
<gc-start id="2456" type="global" contextid="2455" timestamp="2019-08-08T07:22:20.685">
  <mem-info id="2457" free="476160" total="47710208" percent="0">
    <mem type="tenure" free="476160" total="47710208" percent="0">
      <mem type="soa" free="0" total="47234048" percent="0" />
      <mem type="loa" free="476160" total="476160" percent="100" />
    </mem>
  </mem-info>
</gc-start>
<allocation-stats totalBytes="29074376" >
  <allocated-bytes non-tlh="0" tlh="29074376" />
  <largest-consumer threadName="main" threadId="0000000000996F00" bytes="29074376" />
</allocation-stats>
<gc-op id="2458" type="mark" timems="11.055" contextid="2455" timestamp="2019-08-08T07:22:20.696">
  <trace-info objectcount="600526" scancount="521409" scanbytes="13383056" />
  <finalization candidates="80" enqueued="0" />
  <ownableSynchronizers candidates="21" cleared="0" />
  <references type="soft" candidates="3261" cleared="0" enqueued="0" dynamicThreshold="19" maxThreshold="32" />
  <references type="weak" candidates="5584" cleared="0" enqueued="0" />
  <references type="phantom" candidates="97" cleared="0" enqueued="0" />
  <stringconstants candidates="13595" cleared="0"  />
</gc-op>
<gc-op id="2459" type="sweep" timems="4.341" contextid="2455" timestamp="2019-08-08T07:22:20.700" />
<mem-info id="2460" free="29733456" total="47710208" percent="62">
  <mem type="tenure" free="29733456" total="47710208" percent="62" micro-fragmented="0">
    <mem type="soa" free="29257296" total="47234048" percent="61" />
    <mem type="loa" free="476160" total="476160" percent="100" />
  </mem>
</mem-info>
<gc-op id="2461" type="compact" timems="28.694" contextid="2455" timestamp="2019-08-08T07:22:20.729">
  <compact-info movecount="2" movebytes="64" reason="compact to aid heap contraction" />
</gc-op>
<heap-resize id="2462" type="expand" space="tenure" amount="327680" count="1" timems="0.022" reason="satisfy allocation request" timestamp="2019-08-08T07:22:20.730" />
<gc-end id="2463" type="global" contextid="2455" durationms="44.940" usertimems="91.996" systemtimems="0.000" timestamp="2019-08-08T07:22:20.730" activeThreads="16">
  <mem-info id="2464" free="29995600" total="48037888" percent="62">
    <mem type="tenure" free="29995600" total="48037888" percent="62">
      <mem type="soa" free="29515344" total="47557632" percent="62" />
      <mem type="loa" free="480256" total="480256" percent="100" />
    </mem>
  </mem-info>
</gc-end>
<cycle-end id="2465" type="global" contextid="2455" timestamp="2019-08-08T07:22:20.730" />
  <attribute name="elasticGC enabled" value="1" />
  <attribute name= "numThreadsSpecified" value="16" />
  <attribute name="heapSize specified" value="47710208" />
  <attribute name="Current GC Util" value="42" />
  <attribute name= "Current Time Running" value="108340" />
  <attribute name ="GC Interval" value="0" />
  <attribute name="Target GC Util Change" value ="80.000000" />
  <attribute name="Current GC Util Change" value="42.000000"/>
  <attribute name="Current Error" value="38.000000" />
  <attribute name="Output H" value="48013096"/>
  <attribute name="Output I" value="2208"/>
  <attribute name="Output T" value="16"/>
  <attribute name= "Current Time Running" value="108340" />
  <attribute name="GC Util currently" value="42" />
  <attribute name="CPU Util currently" value="40131570959" />
<allocation-satisfied id="2466" threadId="0000000000996F00" bytesRequested="1168" />
<af-end id="2467" timestamp="2019-08-08T07:22:20.730" threadId="0000000000997888" success="true" />
<exclusive-end id="2468" timestamp="2019-08-08T07:22:20.730" durationms="45.169" />

<concurrent-kickoff id="2469" timestamp="2019-08-08T07:22:20.815">
  <kickoff reason="threshold reached" targetBytes="5938174" thresholdFreeBytes="805050" remainingFree="701008" tenureFreeBytes="701008" />
</concurrent-kickoff>
<exclusive-start id="2470" timestamp="2019-08-08T07:22:20.815" intervalms="130.197">
  <response-info timems="0.045" idlems="0.045" threads="0" lastid="0000000000996F00" lastname="main" />
</exclusive-start>
<cycle-start id="2471" type="global" contextid="0" timestamp="2019-08-08T07:22:20.815" intervalms="130.112" />
<exclusive-end id="2472" timestamp="2019-08-08T07:22:20.815" durationms="0.021" />

<exclusive-start id="2473" timestamp="2019-08-08T07:22:20.817" intervalms="1.544">
  <response-info timems="0.056" idlems="0.056" threads="0" lastid="0000000000996F00" lastname="main" />
</exclusive-start>
<af-start id="2474" threadId="0000000000997888" totalBytesRequested="64" timestamp="2019-08-08T07:22:20.817" intervalms="131.731" />
<concurrent-aborted id="2475" timestamp="2019-08-08T07:22:20.817">
  <reason value="insufficient progress made" />
</concurrent-aborted>
<cycle-end id="2476" type="global" contextid="2471" timestamp="2019-08-08T07:22:20.817" />
  <attribute name="elasticGC enabled" value="1" />
  <attribute name= "numThreadsSpecified" value="16" />
  <attribute name="heapSize specified" value="47710208" />
  <attribute name="Current GC Util" value="42" />
  <attribute name= "Current Time Running" value="108340" />
  <attribute name ="GC Interval" value="0" />
  <attribute name="Target GC Util Change" value ="80.000000" />
  <attribute name="Current GC Util Change" value="42.000000"/>
  <attribute name="Current Error" value="38.000000" />
  <attribute name="Output H" value="48013096"/>
  <attribute name="Output I" value="2208"/>
  <attribute name="Output T" value="16"/>
  <attribute name= "Current Time Running" value="108340" />
  <attribute name="GC Util currently" value="42" />
  <attribute name="CPU Util currently" value="40131570959" />
<cycle-start id="2477" type="global" contextid="0" timestamp="2019-08-08T07:22:20.817" intervalms="1.747" />
<gc-start id="2478" type="global" contextid="2477" timestamp="2019-08-08T07:22:20.817">
  <mem-info id="2479" free="480256" total="48037888" percent="0">
    <mem type="tenure" free="480256" total="48037888" percent="0">
      <mem type="soa" free="0" total="47557632" percent="0" />
      <mem type="loa" free="480256" total="480256" percent="100" />
    </mem>
  </mem-info>
</gc-start>
<allocation-stats totalBytes="29572064" >
  <allocated-bytes non-tlh="0" tlh="29572064" />
  <largest-consumer threadName="main" threadId="0000000000996F00" bytes="29572064" />
</allocation-stats>
<gc-op id="2480" type="mark" timems="8.937" contextid="2477" timestamp="2019-08-08T07:22:20.826">
  <trace-info objectcount="600658" scancount="521548" scanbytes="13387436" />
  <finalization candidates="80" enqueued="0" />
  <ownableSynchronizers candidates="21" cleared="0" />
  <references type="soft" candidates="3261" cleared="0" enqueued="0" dynamicThreshold="19" maxThreshold="32" />
  <references type="weak" candidates="5584" cleared="0" enqueued="0" />
  <references type="phantom" candidates="97" cleared="0" enqueued="0" />
  <stringconstants candidates="13595" cleared="0"  />
</gc-op>
<gc-op id="2481" type="sweep" timems="3.941" contextid="2477" timestamp="2019-08-08T07:22:20.830" />
<mem-info id="2482" free="30054136" total="48037888" percent="62">
  <mem type="tenure" free="30054136" total="48037888" percent="62" micro-fragmented="0">
    <mem type="soa" free="29573880" total="47557632" percent="62" />
    <mem type="loa" free="480256" total="480256" percent="100" />
  </mem>
</mem-info>
<gc-op id="2483" type="compact" timems="24.701" contextid="2477" timestamp="2019-08-08T07:22:20.854">
  <compact-info movecount="153" movebytes="5016" reason="compact to aid heap contraction" />
</gc-op>
<heap-resize id="2484" type="expand" space="tenure" amount="327680" count="1" timems="0.019" reason="satisfy allocation request" timestamp="2019-08-08T07:22:20.855" />
<gc-end id="2485" type="global" contextid="2477" durationms="38.375" usertimems="133.842" systemtimems="0.000" timestamp="2019-08-08T07:22:20.855" activeThreads="16">
  <mem-info id="2486" free="30320064" total="48365568" percent="62">
    <mem type="tenure" free="30320064" total="48365568" percent="62">
      <mem type="soa" free="29836736" total="47882240" percent="62" />
      <mem type="loa" free="483328" total="483328" percent="100" />
    </mem>
  </mem-info>
</gc-end>
<cycle-end id="2487" type="global" contextid="2477" timestamp="2019-08-08T07:22:20.855" />
  <attribute name="elasticGC enabled" value="1" />
  <attribute name= "numThreadsSpecified" value="16" />
  <attribute name="heapSize specified" value="48037888" />
  <attribute name="Current GC Util" value="58" />
  <attribute name= "Current Time Running" value="108465" />
  <attribute name ="GC Interval" value="0" />
  <attribute name="Target GC Util Change" value ="80.000000" />
  <attribute name="Current GC Util Change" value="58.000000"/>
  <attribute name="Current Error" value="-323.000000" />
  <attribute name="Output H" value="48339112"/>
  <attribute name="Output I" value="336"/>
  <attribute name="Output T" value="16"/>
  <attribute name= "Current Time Running" value="108465" />
  <attribute name="GC Util currently" value="58" />
  <attribute name="CPU Util currently" value="46618376271" />
<allocation-satisfied id="2488" threadId="0000000000996F00" bytesRequested="64" />
<af-end id="2489" timestamp="2019-08-08T07:22:20.855" threadId="0000000000997888" success="true" />
<exclusive-end id="2490" timestamp="2019-08-08T07:22:20.855" durationms="38.810" />

<concurrent-kickoff id="2491" timestamp="2019-08-08T07:22:20.941">
  <kickoff reason="threshold reached" targetBytes="5978680" thresholdFreeBytes="810541" remainingFree="796096" tenureFreeBytes="796096" />
</concurrent-kickoff>
<exclusive-start id="2492" timestamp="2019-08-08T07:22:20.941" intervalms="124.931">
  <response-info timems="0.159" idlems="0.159" threads="0" lastid="0000000000996F00" lastname="main" />
</exclusive-start>
<cycle-start id="2493" type="global" contextid="0" timestamp="2019-08-08T07:22:20.941" intervalms="124.720" />
<exclusive-end id="2494" timestamp="2019-08-08T07:22:20.941" durationms="0.014" />

<exclusive-start id="2495" timestamp="2019-08-08T07:22:20.950" intervalms="8.151">
  <response-info timems="0.059" idlems="0.059" threads="0" lastid="0000000000996F00" lastname="main" />
</exclusive-start>
<af-start id="2496" threadId="0000000000997888" totalBytesRequested="40" timestamp="2019-08-08T07:22:20.950" intervalms="133.098" />
<concurrent-aborted id="2497" timestamp="2019-08-08T07:22:20.950">
  <reason value="insufficient progress made" />
</concurrent-aborted>
<cycle-end id="2498" type="global" contextid="2493" timestamp="2019-08-08T07:22:20.950" />
  <attribute name="elasticGC enabled" value="1" />
  <attribute name= "numThreadsSpecified" value="16" />
  <attribute name="heapSize specified" value="48037888" />
  <attribute name="Current GC Util" value="58" />
  <attribute name= "Current Time Running" value="108465" />
  <attribute name ="GC Interval" value="0" />
  <attribute name="Target GC Util Change" value ="80.000000" />
  <attribute name="Current GC Util Change" value="58.000000"/>
  <attribute name="Current Error" value="-323.000000" />
  <attribute name="Output H" value="48339112"/>
  <attribute name="Output I" value="336"/>
  <attribute name="Output T" value="16"/>
  <attribute name= "Current Time Running" value="108465" />
  <attribute name="GC Util currently" value="58" />
  <attribute name="CPU Util currently" value="46618376271" />
<cycle-start id="2499" type="global" contextid="0" timestamp="2019-08-08T07:22:20.950" intervalms="8.242" />
<gc-start id="2500" type="global" contextid="2499" timestamp="2019-08-08T07:22:20.950">
  <mem-info id="2501" free="483328" total="48365568" percent="0">
    <mem type="tenure" free="483328" total="48365568" percent="0">
      <mem type="soa" free="0" total="47882240" percent="0" />
      <mem type="loa" free="483328" total="483328" percent="100" />
    </mem>
  </mem-info>
</gc-start>
<allocation-stats totalBytes="29898072" >
  <allocated-bytes non-tlh="0" tlh="29898072" />
  <largest-consumer threadName="main" threadId="0000000000996F00" bytes="29898072" />
</allocation-stats>
<gc-op id="2502" type="mark" timems="9.477" contextid="2499" timestamp="2019-08-08T07:22:20.959">
  <trace-info objectcount="600738" scancount="521628" scanbytes="13389968" />
  <finalization candidates="80" enqueued="0" />
  <ownableSynchronizers candidates="21" cleared="0" />
  <references type="soft" candidates="3261" cleared="0" enqueued="0" dynamicThreshold="20" maxThreshold="32" />
  <references type="weak" candidates="5613" cleared="0" enqueued="0" />
  <references type="phantom" candidates="97" cleared="0" enqueued="0" />
  <stringconstants candidates="13595" cleared="0"  />
</gc-op>
<gc-op id="2503" type="sweep" timems="8.622" contextid="2499" timestamp="2019-08-08T07:22:20.968" />
<mem-info id="2504" free="30371152" total="48365568" percent="62">
  <mem type="tenure" free="30371152" total="48365568" percent="62" micro-fragmented="13728">
    <mem type="soa" free="29887824" total="47882240" percent="62" />
    <mem type="loa" free="483328" total="483328" percent="100" />
  </mem>
</mem-info>
<gc-op id="2505" type="compact" timems="116.584" contextid="2499" timestamp="2019-08-08T07:22:21.085">
  <compact-info movecount="536921" movebytes="14354984" reason="compact to aid heap contraction" />
</gc-op>
<heap-resize id="2506" type="expand" space="tenure" amount="327680" count="1" timems="0.019" reason="satisfy allocation request" timestamp="2019-08-08T07:22:21.085" />
<gc-end id="2507" type="global" contextid="2499" durationms="135.639" usertimems="243.626" systemtimems="0.000" timestamp="2019-08-08T07:22:21.085" activeThreads="16">
  <mem-info id="2508" free="30645144" total="48693248" percent="62">
    <mem type="tenure" free="30645144" total="48693248" percent="62">
      <mem type="soa" free="30158744" total="48206848" percent="62" />
      <mem type="loa" free="486400" total="486400" percent="100" />
    </mem>
  </mem-info>
</gc-end>
<cycle-end id="2509" type="global" contextid="2499" timestamp="2019-08-08T07:22:21.086" />
  <attribute name="elasticGC enabled" value="1" />
  <attribute name= "numThreadsSpecified" value="16" />
  <attribute name="heapSize specified" value="48365568" />
  <attribute name="Current GC Util" value="10" />
  <attribute name= "Current Time Running" value="108695" />
  <attribute name ="GC Interval" value="0" />
  <attribute name="Target GC Util Change" value ="80.000000" />
  <attribute name="Current GC Util Change" value="10.000000"/>
  <attribute name="Current Error" value="-166.000000" />
  <attribute name="Output H" value="48667520"/>
  <attribute name="Output I" value="1152"/>
  <attribute name="Output T" value="16"/>
  <attribute name= "Current Time Running" value="108695" />
  <attribute name="GC Util currently" value="10" />
  <attribute name="CPU Util currently" value="9885862735" />
<allocation-satisfied id="2510" threadId="0000000000996F00" bytesRequested="40" />
<af-end id="2511" timestamp="2019-08-08T07:22:21.086" threadId="0000000000997888" success="true" />
<exclusive-end id="2512" timestamp="2019-08-08T07:22:21.086" durationms="135.934" />

<concurrent-kickoff id="2513" timestamp="2019-08-08T07:22:21.207">
  <kickoff reason="threshold reached" targetBytes="6019187" thresholdFreeBytes="816032" remainingFree="727960" tenureFreeBytes="727960" />
</concurrent-kickoff>
<exclusive-start id="2514" timestamp="2019-08-08T07:22:21.208" intervalms="258.003">
  <response-info timems="0.144" idlems="0.144" threads="0" lastid="0000000000996F00" lastname="main" />
</exclusive-start>
<cycle-start id="2515" type="global" contextid="0" timestamp="2019-08-08T07:22:21.208" intervalms="257.940" />
<exclusive-end id="2516" timestamp="2019-08-08T07:22:21.208" durationms="0.043" />

<exclusive-start id="2517" timestamp="2019-08-08T07:22:21.209" intervalms="1.125">
  <response-info timems="0.048" idlems="0.048" threads="0" lastid="0000000000996F00" lastname="main" />
</exclusive-start>
<af-start id="2518" threadId="0000000000997888" totalBytesRequested="64" timestamp="2019-08-08T07:22:21.209" intervalms="259.135" />
<concurrent-aborted id="2519" timestamp="2019-08-08T07:22:21.209">
  <reason value="insufficient progress made" />
</concurrent-aborted>
<cycle-end id="2520" type="global" contextid="2515" timestamp="2019-08-08T07:22:21.209" />
  <attribute name="elasticGC enabled" value="1" />
  <attribute name= "numThreadsSpecified" value="16" />
  <attribute name="heapSize specified" value="48365568" />
  <attribute name="Current GC Util" value="10" />
  <attribute name= "Current Time Running" value="108695" />
  <attribute name ="GC Interval" value="0" />
  <attribute name="Target GC Util Change" value ="80.000000" />
  <attribute name="Current GC Util Change" value="10.000000"/>
  <attribute name="Current Error" value="-166.000000" />
  <attribute name="Output H" value="48667520"/>
  <attribute name="Output I" value="1152"/>
  <attribute name="Output T" value="16"/>
  <attribute name= "Current Time Running" value="108695" />
  <attribute name="GC Util currently" value="10" />
  <attribute name="CPU Util currently" value="9885862735" />
<cycle-start id="2521" type="global" contextid="0" timestamp="2019-08-08T07:22:21.209" intervalms="1.263" />
<gc-start id="2522" type="global" contextid="2521" timestamp="2019-08-08T07:22:21.209">
  <mem-info id="2523" free="486400" total="48693248" percent="0">
    <mem type="tenure" free="486400" total="48693248" percent="0">
      <mem type="soa" free="0" total="48206848" percent="0" />
      <mem type="loa" free="486400" total="486400" percent="100" />
    </mem>
  </mem-info>
</gc-start>
<allocation-stats totalBytes="30220296" >
  <allocated-bytes non-tlh="0" tlh="30220296" />
  <largest-consumer threadName="main" threadId="0000000000996F00" bytes="30220296" />
</allocation-stats>
<gc-op id="2524" type="mark" timems="8.238" contextid="2521" timestamp="2019-08-08T07:22:21.217">
  <trace-info objectcount="600736" scancount="521619" scanbytes="13389824" />
  <finalization candidates="80" enqueued="0" />
  <ownableSynchronizers candidates="21" cleared="0" />
  <references type="soft" candidates="3261" cleared="0" enqueued="0" dynamicThreshold="20" maxThreshold="32" />
  <references type="weak" candidates="5613" cleared="0" enqueued="0" />
  <references type="phantom" candidates="97" cleared="0" enqueued="0" />
  <stringconstants candidates="13595" cleared="0"  />
</gc-op>
<gc-op id="2525" type="sweep" timems="9.089" contextid="2521" timestamp="2019-08-08T07:22:21.226" />
<mem-info id="2526" free="30704808" total="48693248" percent="63">
  <mem type="tenure" free="30704808" total="48693248" percent="63" micro-fragmented="0">
    <mem type="soa" free="30218408" total="48206848" percent="62" />
    <mem type="loa" free="486400" total="486400" percent="100" />
  </mem>
</mem-info>
<gc-op id="2527" type="compact" timems="25.052" contextid="2521" timestamp="2019-08-08T07:22:21.251">
  <compact-info movecount="118" movebytes="3576" reason="compact to aid heap contraction" />
</gc-op>
<heap-resize id="2528" type="expand" space="tenure" amount="327680" count="1" timems="0.113" reason="satisfy allocation request" timestamp="2019-08-08T07:22:21.252" />
<gc-end id="2529" type="global" contextid="2521" durationms="43.558" usertimems="130.513" systemtimems="0.000" timestamp="2019-08-08T07:22:21.253" activeThreads="16">
  <mem-info id="2530" free="30972968" total="49020928" percent="63">
    <mem type="tenure" free="30972968" total="49020928" percent="63">
      <mem type="soa" free="30483496" total="48531456" percent="62" />
      <mem type="loa" free="489472" total="489472" percent="100" />
    </mem>
  </mem-info>
</gc-end>
<cycle-end id="2531" type="global" contextid="2521" timestamp="2019-08-08T07:22:21.253" />
  <attribute name="elasticGC enabled" value="1" />
  <attribute name= "numThreadsSpecified" value="16" />
  <attribute name="heapSize specified" value="48693248" />
  <attribute name="Current GC Util" value="42" />
  <attribute name= "Current Time Running" value="108862" />
  <attribute name ="GC Interval" value="0" />
  <attribute name="Target GC Util Change" value ="80.000000" />
  <attribute name="Current GC Util Change" value="42.000000"/>
  <attribute name="Current Error" value="-293.000000" />
  <attribute name="Output H" value="48994608"/>
  <attribute name="Output I" value="488"/>
  <attribute name="Output T" value="16"/>
  <attribute name= "Current Time Running" value="108862" />
  <attribute name="GC Util currently" value="42" />
  <attribute name="CPU Util currently" value="46059482200" />
<allocation-satisfied id="2532" threadId="0000000000996F00" bytesRequested="64" />
<af-end id="2533" timestamp="2019-08-08T07:22:21.253" threadId="0000000000997888" success="true" />
<exclusive-end id="2534" timestamp="2019-08-08T07:22:21.253" durationms="43.963" />

<concurrent-kickoff id="2535" timestamp="2019-08-08T07:22:21.301">
  <kickoff reason="threshold reached" targetBytes="6059692" thresholdFreeBytes="821525" remainingFree="793640" tenureFreeBytes="793640" />
</concurrent-kickoff>
<exclusive-start id="2536" timestamp="2019-08-08T07:22:21.301" intervalms="92.527">
  <response-info timems="0.041" idlems="0.041" threads="0" lastid="0000000000996F00" lastname="main" />
</exclusive-start>
<cycle-start id="2537" type="global" contextid="0" timestamp="2019-08-08T07:22:21.301" intervalms="92.369" />
<exclusive-end id="2538" timestamp="2019-08-08T07:22:21.301" durationms="0.024" />

<exclusive-start id="2539" timestamp="2019-08-08T07:22:21.302" intervalms="0.766">
  <response-info timems="0.040" idlems="0.040" threads="0" lastid="0000000000996F00" lastname="main" />
</exclusive-start>
<af-start id="2540" threadId="0000000000997888" totalBytesRequested="280" timestamp="2019-08-08T07:22:21.302" intervalms="93.271" />
<concurrent-aborted id="2541" timestamp="2019-08-08T07:22:21.302">
  <reason value="insufficient progress made" />
</concurrent-aborted>
<cycle-end id="2542" type="global" contextid="2537" timestamp="2019-08-08T07:22:21.302" />
  <attribute name="elasticGC enabled" value="1" />
  <attribute name= "numThreadsSpecified" value="16" />
  <attribute name="heapSize specified" value="48693248" />
  <attribute name="Current GC Util" value="42" />
  <attribute name= "Current Time Running" value="108862" />
  <attribute name ="GC Interval" value="0" />
  <attribute name="Target GC Util Change" value ="80.000000" />
  <attribute name="Current GC Util Change" value="42.000000"/>
  <attribute name="Current Error" value="-293.000000" />
  <attribute name="Output H" value="48994608"/>
  <attribute name="Output I" value="488"/>
  <attribute name="Output T" value="16"/>
  <attribute name= "Current Time Running" value="108862" />
  <attribute name="GC Util currently" value="42" />
  <attribute name="CPU Util currently" value="46059482200" />
<cycle-start id="2543" type="global" contextid="0" timestamp="2019-08-08T07:22:21.302" intervalms="0.944" />
<gc-start id="2544" type="global" contextid="2543" timestamp="2019-08-08T07:22:21.302">
  <mem-info id="2545" free="489472" total="49020928" percent="0">
    <mem type="tenure" free="489472" total="49020928" percent="0">
      <mem type="soa" free="0" total="48531456" percent="0" />
      <mem type="loa" free="489472" total="489472" percent="100" />
    </mem>
  </mem-info>
</gc-start>
<allocation-stats totalBytes="30541168" >
  <allocated-bytes non-tlh="0" tlh="30541168" />
  <largest-consumer threadName="main" threadId="0000000000996F00" bytes="30541168" />
</allocation-stats>
<gc-op id="2546" type="mark" timems="8.891" contextid="2543" timestamp="2019-08-08T07:22:21.311">
  <trace-info objectcount="600577" scancount="521460" scanbytes="13384396" />
  <finalization candidates="80" enqueued="0" />
  <ownableSynchronizers candidates="21" cleared="0" />
  <references type="soft" candidates="3261" cleared="0" enqueued="0" dynamicThreshold="20" maxThreshold="32" />
  <references type="weak" candidates="5613" cleared="7" enqueued="3" />
  <references type="phantom" candidates="97" cleared="0" enqueued="0" />
  <stringconstants candidates="13595" cleared="0"  />
</gc-op>
<gc-op id="2547" type="sweep" timems="8.731" contextid="2543" timestamp="2019-08-08T07:22:21.320" />
<mem-info id="2548" free="31041400" total="49020928" percent="63">
  <mem type="tenure" free="31041400" total="49020928" percent="63" micro-fragmented="0">
    <mem type="soa" free="30551928" total="48531456" percent="62" />
    <mem type="loa" free="489472" total="489472" percent="100" />
  </mem>
  <pending-finalizers system="0" default="0" reference="3" classloader="0" />
</mem-info>
<gc-op id="2549" type="compact" timems="24.439" contextid="2543" timestamp="2019-08-08T07:22:21.345">
  <compact-info movecount="66" movebytes="2240" reason="compact to aid heap contraction" />
</gc-op>
<heap-resize id="2550" type="expand" space="tenure" amount="327680" count="1" timems="0.022" reason="satisfy allocation request" timestamp="2019-08-08T07:22:21.345" />
<gc-end id="2551" type="global" contextid="2543" durationms="43.070" usertimems="100.477" systemtimems="0.000" timestamp="2019-08-08T07:22:21.345" activeThreads="16">
  <mem-info id="2552" free="31305816" total="49348608" percent="63">
    <mem type="tenure" free="31305816" total="49348608" percent="63">
      <mem type="soa" free="30813272" total="48856064" percent="63" />
      <mem type="loa" free="492544" total="492544" percent="100" />
    </mem>
    <pending-finalizers system="0" default="0" reference="3" classloader="0" />
  </mem-info>
</gc-end>
<cycle-end id="2553" type="global" contextid="2543" timestamp="2019-08-08T07:22:21.345" />
  <attribute name="elasticGC enabled" value="1" />
  <attribute name= "numThreadsSpecified" value="16" />
  <attribute name="heapSize specified" value="49020928" />
  <attribute name="Current GC Util" value="46" />
  <attribute name= "Current Time Running" value="108955" />
  <attribute name ="GC Interval" value="0" />
  <attribute name="Target GC Util Change" value ="80.000000" />
  <attribute name="Current GC Util Change" value="46.000000"/>
  <attribute name="Current Error" value="74.000000" />
  <attribute name="Output H" value="49323984"/>
  <attribute name="Output I" value="2392"/>
  <attribute name="Output T" value="16"/>
  <attribute name= "Current Time Running" value="108955" />
  <attribute name="GC Util currently" value="46" />
  <attribute name="CPU Util currently" value="47094567133" />
<allocation-satisfied id="2554" threadId="0000000000996F00" bytesRequested="280" />
<af-end id="2555" timestamp="2019-08-08T07:22:21.346" threadId="0000000000997888" success="true" />
<exclusive-end id="2556" timestamp="2019-08-08T07:22:21.346" durationms="43.495" />

<concurrent-kickoff id="2557" timestamp="2019-08-08T07:22:21.378">
  <kickoff reason="threshold reached" targetBytes="6100197" thresholdFreeBytes="827016" remainingFree="729176" tenureFreeBytes="729176" />
</concurrent-kickoff>
<exclusive-start id="2558" timestamp="2019-08-08T07:22:21.378" intervalms="76.193">
  <response-info timems="0.201" idlems="0.201" threads="0" lastid="0000000000996F00" lastname="main" />
</exclusive-start>
<cycle-start id="2559" type="global" contextid="0" timestamp="2019-08-08T07:22:21.378" intervalms="76.029" />
<exclusive-end id="2560" timestamp="2019-08-08T07:22:21.378" durationms="0.036" />

<exclusive-start id="2561" timestamp="2019-08-08T07:22:21.379" intervalms="0.661">
  <response-info timems="0.072" idlems="0.072" threads="0" lastid="0000000000996F00" lastname="main" />
</exclusive-start>
<af-start id="2562" threadId="0000000000997888" totalBytesRequested="48" timestamp="2019-08-08T07:22:21.379" intervalms="76.859" />
<concurrent-aborted id="2563" timestamp="2019-08-08T07:22:21.379">
  <reason value="insufficient progress made" />
</concurrent-aborted>
<cycle-end id="2564" type="global" contextid="2559" timestamp="2019-08-08T07:22:21.379" />
  <attribute name="elasticGC enabled" value="1" />
  <attribute name= "numThreadsSpecified" value="16" />
  <attribute name="heapSize specified" value="49020928" />
  <attribute name="Current GC Util" value="46" />
  <attribute name= "Current Time Running" value="108955" />
  <attribute name ="GC Interval" value="0" />
  <attribute name="Target GC Util Change" value ="80.000000" />
  <attribute name="Current GC Util Change" value="46.000000"/>
  <attribute name="Current Error" value="74.000000" />
  <attribute name="Output H" value="49323984"/>
  <attribute name="Output I" value="2392"/>
  <attribute name="Output T" value="16"/>
  <attribute name= "Current Time Running" value="108955" />
  <attribute name="GC Util currently" value="46" />
  <attribute name="CPU Util currently" value="47094567133" />
<cycle-start id="2565" type="global" contextid="0" timestamp="2019-08-08T07:22:21.379" intervalms="0.706" />
<gc-start id="2566" type="global" contextid="2565" timestamp="2019-08-08T07:22:21.380">
  <mem-info id="2567" free="492544" total="49348608" percent="0">
    <mem type="tenure" free="492544" total="49348608" percent="0">
      <mem type="soa" free="0" total="48856064" percent="0" />
      <mem type="loa" free="492544" total="492544" percent="100" />
    </mem>
  </mem-info>
</gc-start>
<allocation-stats totalBytes="30861624" >
  <allocated-bytes non-tlh="0" tlh="30861624" />
  <largest-consumer threadName="main" threadId="0000000000996F00" bytes="30857528" />
</allocation-stats>
<gc-op id="2568" type="mark" timems="8.005" contextid="2565" timestamp="2019-08-08T07:22:21.388">
  <trace-info objectcount="600579" scancount="521467" scanbytes="13384940" />
  <finalization candidates="80" enqueued="0" />
  <ownableSynchronizers candidates="21" cleared="0" />
  <references type="soft" candidates="3261" cleared="0" enqueued="0" dynamicThreshold="20" maxThreshold="32" />
  <references type="weak" candidates="5606" cleared="0" enqueued="0" />
  <references type="phantom" candidates="97" cleared="0" enqueued="0" />
  <stringconstants candidates="13595" cleared="0"  />
</gc-op>
<gc-op id="2569" type="sweep" timems="6.606" contextid="2565" timestamp="2019-08-08T07:22:21.395" />
<mem-info id="2570" free="31370616" total="49348608" percent="63">
  <mem type="tenure" free="31370616" total="49348608" percent="63" micro-fragmented="0">
    <mem type="soa" free="30878072" total="48856064" percent="63" />
    <mem type="loa" free="492544" total="492544" percent="100" />
  </mem>
</mem-info>
<gc-op id="2571" type="compact" timems="24.701" contextid="2565" timestamp="2019-08-08T07:22:21.419">
  <compact-info movecount="7" movebytes="688" reason="compact to aid heap contraction" />
</gc-op>
<heap-resize id="2572" type="expand" space="tenure" amount="327680" count="1" timems="0.021" reason="satisfy allocation request" timestamp="2019-08-08T07:22:21.420" />
<gc-end id="2573" type="global" contextid="2565" durationms="40.173" usertimems="96.598" systemtimems="0.000" timestamp="2019-08-08T07:22:21.420" activeThreads="16">
  <mem-info id="2574" free="31633176" total="49676288" percent="63">
    <mem type="tenure" free="31633176" total="49676288" percent="63">
      <mem type="soa" free="31136536" total="49179648" percent="63" />
      <mem type="loa" free="496640" total="496640" percent="100" />
    </mem>
  </mem-info>
</gc-end>
<cycle-end id="2575" type="global" contextid="2565" timestamp="2019-08-08T07:22:21.420" />
  <attribute name="elasticGC enabled" value="1" />
  <attribute name= "numThreadsSpecified" value="16" />
  <attribute name="heapSize specified" value="49348608" />
  <attribute name="Current GC Util" value="47" />
  <attribute name= "Current Time Running" value="109030" />
  <attribute name ="GC Interval" value="0" />
  <attribute name="Target GC Util Change" value ="80.000000" />
  <attribute name="Current GC Util Change" value="47.000000"/>
  <attribute name="Current Error" value="101.000000" />
  <attribute name="Output H" value="49651792"/>
  <attribute name="Output I" value="2536"/>
  <attribute name="Output T" value="16"/>
  <attribute name= "Current Time Running" value="109030" />
  <attribute name="GC Util currently" value="47" />
  <attribute name="CPU Util currently" value="46630054853" />
<allocation-satisfied id="2576" threadId="0000000000996F00" bytesRequested="48" />
<af-end id="2577" timestamp="2019-08-08T07:22:21.420" threadId="0000000000997888" success="true" />
<exclusive-end id="2578" timestamp="2019-08-08T07:22:21.420" durationms="41.340" />

<concurrent-kickoff id="2579" timestamp="2019-08-08T07:22:21.444">
  <kickoff reason="threshold reached" targetBytes="6140704" thresholdFreeBytes="832507" remainingFree="798488" tenureFreeBytes="798488" />
</concurrent-kickoff>
<exclusive-start id="2580" timestamp="2019-08-08T07:22:21.444" intervalms="65.005">
  <response-info timems="0.186" idlems="0.186" threads="0" lastid="0000000000996F00" lastname="main" />
</exclusive-start>
<cycle-start id="2581" type="global" contextid="0" timestamp="2019-08-08T07:22:21.444" intervalms="64.948" />
<exclusive-end id="2582" timestamp="2019-08-08T07:22:21.444" durationms="0.024" />

<exclusive-start id="2583" timestamp="2019-08-08T07:22:21.445" intervalms="0.662">
  <response-info timems="0.055" idlems="0.055" threads="0" lastid="0000000000996F00" lastname="main" />
</exclusive-start>
<af-start id="2584" threadId="0000000000997888" totalBytesRequested="248" timestamp="2019-08-08T07:22:21.445" intervalms="65.657" />
<concurrent-aborted id="2585" timestamp="2019-08-08T07:22:21.445">
  <reason value="insufficient progress made" />
</concurrent-aborted>
<cycle-end id="2586" type="global" contextid="2581" timestamp="2019-08-08T07:22:21.445" />
  <attribute name="elasticGC enabled" value="1" />
  <attribute name= "numThreadsSpecified" value="16" />
  <attribute name="heapSize specified" value="49348608" />
  <attribute name="Current GC Util" value="47" />
  <attribute name= "Current Time Running" value="109030" />
  <attribute name ="GC Interval" value="0" />
  <attribute name="Target GC Util Change" value ="80.000000" />
  <attribute name="Current GC Util Change" value="47.000000"/>
  <attribute name="Current Error" value="101.000000" />
  <attribute name="Output H" value="49651792"/>
  <attribute name="Output I" value="2536"/>
  <attribute name="Output T" value="16"/>
  <attribute name= "Current Time Running" value="109030" />
  <attribute name="GC Util currently" value="47" />
  <attribute name="CPU Util currently" value="46630054853" />
<cycle-start id="2587" type="global" contextid="0" timestamp="2019-08-08T07:22:21.445" intervalms="0.709" />
<gc-start id="2588" type="global" contextid="2587" timestamp="2019-08-08T07:22:21.445">
  <mem-info id="2589" free="496640" total="49676288" percent="0">
    <mem type="tenure" free="496640" total="49676288" percent="0">
      <mem type="soa" free="0" total="49179648" percent="0" />
      <mem type="loa" free="496640" total="496640" percent="100" />
    </mem>
  </mem-info>
</gc-start>
<allocation-stats totalBytes="31186416" >
  <allocated-bytes non-tlh="0" tlh="31186416" />
  <largest-consumer threadName="main" threadId="0000000000996F00" bytes="31186416" />
</allocation-stats>
<gc-op id="2590" type="mark" timems="17.708" contextid="2587" timestamp="2019-08-08T07:22:21.463">
  <trace-info objectcount="600579" scancount="521468" scanbytes="13384940" />
  <finalization candidates="80" enqueued="0" />
  <ownableSynchronizers candidates="21" cleared="0" />
  <references type="soft" candidates="3261" cleared="0" enqueued="0" dynamicThreshold="20" maxThreshold="32" />
  <references type="weak" candidates="5606" cleared="0" enqueued="0" />
  <references type="phantom" candidates="97" cleared="0" enqueued="0" />
  <stringconstants candidates="13595" cleared="0"  />
</gc-op>
<gc-op id="2591" type="sweep" timems="10.971" contextid="2587" timestamp="2019-08-08T07:22:21.474" />
<mem-info id="2592" free="31698496" total="49676288" percent="63">
  <mem type="tenure" free="31698496" total="49676288" percent="63" micro-fragmented="0">
    <mem type="soa" free="31201856" total="49179648" percent="63" />
    <mem type="loa" free="496640" total="496640" percent="100" />
  </mem>
</mem-info>
<gc-op id="2593" type="compact" timems="28.817" contextid="2587" timestamp="2019-08-08T07:22:21.502">
  <compact-info movecount="6" movebytes="360" reason="compact to aid heap contraction" />
</gc-op>
<heap-resize id="2594" type="expand" space="tenure" amount="327680" count="1" timems="0.027" reason="satisfy allocation request" timestamp="2019-08-08T07:22:21.503" />
<gc-end id="2595" type="global" contextid="2587" durationms="58.433" usertimems="113.378" systemtimems="0.000" timestamp="2019-08-08T07:22:21.503" activeThreads="16">
  <mem-info id="2596" free="31960664" total="50003968" percent="63">
    <mem type="tenure" free="31960664" total="50003968" percent="63">
      <mem type="soa" free="31460952" total="49504256" percent="63" />
      <mem type="loa" free="499712" total="499712" percent="100" />
    </mem>
  </mem-info>
</gc-end>
<cycle-end id="2597" type="global" contextid="2587" timestamp="2019-08-08T07:22:21.503" />
  <attribute name="elasticGC enabled" value="1" />
  <attribute name= "numThreadsSpecified" value="16" />
  <attribute name="heapSize specified" value="49676288" />
  <attribute name="Current GC Util" value="44" />
  <attribute name= "Current Time Running" value="109113" />
  <attribute name ="GC Interval" value="0" />
  <attribute name="Target GC Util Change" value ="80.000000" />
  <attribute name="Current GC Util Change" value="44.000000"/>
  <attribute name="Current Error" value="36.000000" />
  <attribute name="Output H" value="49979168"/>
  <attribute name="Output I" value="2200"/>
  <attribute name="Output T" value="16"/>
  <attribute name= "Current Time Running" value="109113" />
  <attribute name="GC Util currently" value="44" />
  <attribute name="CPU Util currently" value="39960314157" />
<allocation-satisfied id="2598" threadId="0000000000996F00" bytesRequested="248" />
<af-end id="2599" timestamp="2019-08-08T07:22:21.503" threadId="0000000000997888" success="true" />
<exclusive-end id="2600" timestamp="2019-08-08T07:22:21.503" durationms="58.784" />

<concurrent-kickoff id="2601" timestamp="2019-08-08T07:22:21.529">
  <kickoff reason="threshold reached" targetBytes="6181210" thresholdFreeBytes="837998" remainingFree="732760" tenureFreeBytes="732760" />
</concurrent-kickoff>
<exclusive-start id="2602" timestamp="2019-08-08T07:22:21.529" intervalms="84.398">
  <response-info timems="0.026" idlems="0.026" threads="0" lastid="0000000000996F00" lastname="main" />
</exclusive-start>
<cycle-start id="2603" type="global" contextid="0" timestamp="2019-08-08T07:22:21.529" intervalms="84.353" />
<exclusive-end id="2604" timestamp="2019-08-08T07:22:21.529" durationms="0.028" />

<exclusive-start id="2605" timestamp="2019-08-08T07:22:21.530" intervalms="0.597">
  <response-info timems="0.029" idlems="0.029" threads="0" lastid="0000000000996F00" lastname="main" />
</exclusive-start>
<af-start id="2606" threadId="0000000000997888" totalBytesRequested="32" timestamp="2019-08-08T07:22:21.530" intervalms="85.006" />
<concurrent-aborted id="2607" timestamp="2019-08-08T07:22:21.530">
  <reason value="insufficient progress made" />
</concurrent-aborted>
<cycle-end id="2608" type="global" contextid="2603" timestamp="2019-08-08T07:22:21.530" />
  <attribute name="elasticGC enabled" value="1" />
  <attribute name= "numThreadsSpecified" value="16" />
  <attribute name="heapSize specified" value="49676288" />
  <attribute name="Current GC Util" value="44" />
  <attribute name= "Current Time Running" value="109113" />
  <attribute name ="GC Interval" value="0" />
  <attribute name="Target GC Util Change" value ="80.000000" />
  <attribute name="Current GC Util Change" value="44.000000"/>
  <attribute name="Current Error" value="36.000000" />
  <attribute name="Output H" value="49979168"/>
  <attribute name="Output I" value="2200"/>
  <attribute name="Output T" value="16"/>
  <attribute name= "Current Time Running" value="109113" />
  <attribute name="GC Util currently" value="44" />
  <attribute name="CPU Util currently" value="39960314157" />
<cycle-start id="2609" type="global" contextid="0" timestamp="2019-08-08T07:22:21.530" intervalms="0.664" />
<gc-start id="2610" type="global" contextid="2609" timestamp="2019-08-08T07:22:21.530">
  <mem-info id="2611" free="499712" total="50003968" percent="0">
    <mem type="tenure" free="499712" total="50003968" percent="0">
      <mem type="soa" free="0" total="49504256" percent="0" />
      <mem type="loa" free="499712" total="499712" percent="100" />
    </mem>
  </mem-info>
</gc-start>
<allocation-stats totalBytes="31510400" >
  <allocated-bytes non-tlh="0" tlh="31510400" />
  <largest-consumer threadName="main" threadId="0000000000996F00" bytes="31510400" />
</allocation-stats>
<gc-op id="2612" type="mark" timems="8.297" contextid="2609" timestamp="2019-08-08T07:22:21.538">
  <trace-info objectcount="600578" scancount="521467" scanbytes="13384908" />
  <finalization candidates="80" enqueued="0" />
  <ownableSynchronizers candidates="21" cleared="0" />
  <references type="soft" candidates="3261" cleared="0" enqueued="0" dynamicThreshold="20" maxThreshold="32" />
  <references type="weak" candidates="5606" cleared="0" enqueued="0" />
  <references type="phantom" candidates="97" cleared="0" enqueued="0" />
  <stringconstants candidates="13595" cleared="0"  />
</gc-op>
<gc-op id="2613" type="sweep" timems="5.377" contextid="2609" timestamp="2019-08-08T07:22:21.543" />
<mem-info id="2614" free="32025536" total="50003968" percent="64">
  <mem type="tenure" free="32025536" total="50003968" percent="64" micro-fragmented="0">
    <mem type="soa" free="31525824" total="49504256" percent="63" />
    <mem type="loa" free="499712" total="499712" percent="100" />
  </mem>
</mem-info>
<gc-op id="2615" type="compact" timems="25.383" contextid="2609" timestamp="2019-08-08T07:22:21.569">
  <compact-info movecount="5" movebytes="160" reason="compact to aid heap contraction" />
</gc-op>
<heap-resize id="2616" type="expand" space="tenure" amount="327680" count="1" timems="0.019" reason="satisfy allocation request" timestamp="2019-08-08T07:22:21.570" />
<gc-end id="2617" type="global" contextid="2609" durationms="39.884" usertimems="90.940" systemtimems="0.000" timestamp="2019-08-08T07:22:21.570" activeThreads="16">
  <mem-info id="2618" free="32288544" total="50331648" percent="64">
    <mem type="tenure" free="32288544" total="50331648" percent="64">
      <mem type="soa" free="31785760" total="49828864" percent="63" />
      <mem type="loa" free="502784" total="502784" percent="100" />
    </mem>
  </mem-info>
</gc-end>
<cycle-end id="2619" type="global" contextid="2609" timestamp="2019-08-08T07:22:21.570" />
  <attribute name="elasticGC enabled" value="1" />
  <attribute name= "numThreadsSpecified" value="16" />
  <attribute name="heapSize specified" value="50003968" />
  <attribute name="Current GC Util" value="65" />
  <attribute name= "Current Time Running" value="109179" />
  <attribute name ="GC Interval" value="0" />
  <attribute name="Target GC Util Change" value ="80.000000" />
  <attribute name="Current GC Util Change" value="65.000000"/>
  <attribute name="Current Error" value="-338.000000" />
  <attribute name="Output H" value="50305120"/>
  <attribute name="Output I" value="256"/>
  <attribute name="Output T" value="16"/>
  <attribute name= "Current Time Running" value="109179" />
  <attribute name="GC Util currently" value="65" />
  <attribute name="CPU Util currently" value="45359010019" />
<allocation-satisfied id="2620" threadId="0000000000996F00" bytesRequested="32" />
<af-end id="2621" timestamp="2019-08-08T07:22:21.570" threadId="0000000000997888" success="true" />
<exclusive-end id="2622" timestamp="2019-08-08T07:22:21.570" durationms="40.083" />

<concurrent-kickoff id="2623" timestamp="2019-08-08T07:22:21.595">
  <kickoff reason="threshold reached" targetBytes="6221717" thresholdFreeBytes="843491" remainingFree="798496" tenureFreeBytes="798496" />
</concurrent-kickoff>
<exclusive-start id="2624" timestamp="2019-08-08T07:22:21.595" intervalms="65.214">
  <response-info timems="0.034" idlems="0.034" threads="0" lastid="0000000000996F00" lastname="main" />
</exclusive-start>
<cycle-start id="2625" type="global" contextid="0" timestamp="2019-08-08T07:22:21.595" intervalms="65.136" />
<exclusive-end id="2626" timestamp="2019-08-08T07:22:21.595" durationms="0.063" />

<exclusive-start id="2627" timestamp="2019-08-08T07:22:21.596" intervalms="0.772">
  <response-info timems="0.060" idlems="0.060" threads="0" lastid="0000000000996F00" lastname="main" />
</exclusive-start>
<af-start id="2628" threadId="0000000000997888" totalBytesRequested="168" timestamp="2019-08-08T07:22:21.596" intervalms="65.975" />
<concurrent-aborted id="2629" timestamp="2019-08-08T07:22:21.596">
  <reason value="insufficient progress made" />
</concurrent-aborted>
<cycle-end id="2630" type="global" contextid="2625" timestamp="2019-08-08T07:22:21.596" />
  <attribute name="elasticGC enabled" value="1" />
  <attribute name= "numThreadsSpecified" value="16" />
  <attribute name="heapSize specified" value="50003968" />
  <attribute name="Current GC Util" value="65" />
  <attribute name= "Current Time Running" value="109179" />
  <attribute name ="GC Interval" value="0" />
  <attribute name="Target GC Util Change" value ="80.000000" />
  <attribute name="Current GC Util Change" value="65.000000"/>
  <attribute name="Current Error" value="-338.000000" />
  <attribute name="Output H" value="50305120"/>
  <attribute name="Output I" value="256"/>
  <attribute name="Output T" value="16"/>
  <attribute name= "Current Time Running" value="109179" />
  <attribute name="GC Util currently" value="65" />
  <attribute name="CPU Util currently" value="45359010019" />
<cycle-start id="2631" type="global" contextid="0" timestamp="2019-08-08T07:22:21.596" intervalms="0.829" />
<gc-start id="2632" type="global" contextid="2631" timestamp="2019-08-08T07:22:21.596">
  <mem-info id="2633" free="502784" total="50331648" percent="0">
    <mem type="tenure" free="502784" total="50331648" percent="0">
      <mem type="soa" free="0" total="49828864" percent="0" />
      <mem type="loa" free="502784" total="502784" percent="100" />
    </mem>
  </mem-info>
</gc-start>
<allocation-stats totalBytes="31834816" >
  <allocated-bytes non-tlh="0" tlh="31834816" />
  <largest-consumer threadName="main" threadId="0000000000996F00" bytes="31834816" />
</allocation-stats>
<gc-op id="2634" type="mark" timems="10.346" contextid="2631" timestamp="2019-08-08T07:22:21.606">
  <trace-info objectcount="600579" scancount="521467" scanbytes="13384940" />
  <finalization candidates="80" enqueued="0" />
  <ownableSynchronizers candidates="21" cleared="0" />
  <references type="soft" candidates="3261" cleared="0" enqueued="0" dynamicThreshold="20" maxThreshold="32" />
  <references type="weak" candidates="5606" cleared="0" enqueued="0" />
  <references type="phantom" candidates="97" cleared="0" enqueued="0" />
  <stringconstants candidates="13595" cleared="0"  />
</gc-op>
<gc-op id="2635" type="sweep" timems="5.551" contextid="2631" timestamp="2019-08-08T07:22:21.612" />
<mem-info id="2636" free="32353928" total="50331648" percent="64">
  <mem type="tenure" free="32353928" total="50331648" percent="64" micro-fragmented="0">
    <mem type="soa" free="31851144" total="49828864" percent="63" />
    <mem type="loa" free="502784" total="502784" percent="100" />
  </mem>
</mem-info>
<gc-op id="2637" type="compact" timems="23.750" contextid="2631" timestamp="2019-08-08T07:22:21.635">
  <compact-info movecount="6" movebytes="288" reason="compact to aid heap contraction" />
</gc-op>
<heap-resize id="2638" type="expand" space="tenure" amount="327680" count="1" timems="0.022" reason="satisfy allocation request" timestamp="2019-08-08T07:22:21.636" />
<gc-end id="2639" type="global" contextid="2631" durationms="40.519" usertimems="98.608" systemtimems="0.000" timestamp="2019-08-08T07:22:21.636" activeThreads="16">
  <mem-info id="2640" free="32616096" total="50659328" percent="64">
    <mem type="tenure" free="32616096" total="50659328" percent="64">
      <mem type="soa" free="32110240" total="50153472" percent="64" />
      <mem type="loa" free="505856" total="505856" percent="100" />
    </mem>
  </mem-info>
</gc-end>
<cycle-end id="2641" type="global" contextid="2631" timestamp="2019-08-08T07:22:21.636" />
  <attribute name="elasticGC enabled" value="1" />
  <attribute name= "numThreadsSpecified" value="16" />
  <attribute name="heapSize specified" value="50331648" />
  <attribute name="Current GC Util" value="48" />
  <attribute name= "Current Time Running" value="109246" />
  <attribute name ="GC Interval" value="0" />
  <attribute name="Target GC Util Change" value ="80.000000" />
  <attribute name="Current GC Util Change" value="48.000000"/>
  <attribute name="Current Error" value="-346.000000" />
  <attribute name="Output H" value="50632768"/>
  <attribute name="Output I" value="216"/>
  <attribute name="Output T" value="16"/>
  <attribute name= "Current Time Running" value="109246" />
  <attribute name="GC Util currently" value="48" />
  <attribute name="CPU Util currently" value="48482851637" />
<allocation-satisfied id="2642" threadId="0000000000996F00" bytesRequested="168" />
<af-end id="2643" timestamp="2019-08-08T07:22:21.636" threadId="0000000000997888" success="true" />
<exclusive-end id="2644" timestamp="2019-08-08T07:22:21.636" durationms="40.711" />

<concurrent-kickoff id="2645" timestamp="2019-08-08T07:22:21.661">
  <kickoff reason="threshold reached" targetBytes="6262222" thresholdFreeBytes="848982" remainingFree="732832" tenureFreeBytes="732832" />
</concurrent-kickoff>
<exclusive-start id="2646" timestamp="2019-08-08T07:22:21.661" intervalms="65.945">
  <response-info timems="0.154" idlems="0.154" threads="0" lastid="0000000000996F00" lastname="main" />
</exclusive-start>
<cycle-start id="2647" type="global" contextid="0" timestamp="2019-08-08T07:22:21.661" intervalms="65.896" />
<exclusive-end id="2648" timestamp="2019-08-08T07:22:21.662" durationms="0.023" />

<exclusive-start id="2649" timestamp="2019-08-08T07:22:21.662" intervalms="1.010">
  <response-info timems="0.129" idlems="0.129" threads="0" lastid="0000000000996F00" lastname="main" />
</exclusive-start>
<af-start id="2650" threadId="0000000000997888" totalBytesRequested="192" timestamp="2019-08-08T07:22:21.663" intervalms="66.970" />
<concurrent-aborted id="2651" timestamp="2019-08-08T07:22:21.663">
  <reason value="insufficient progress made" />
</concurrent-aborted>
<cycle-end id="2652" type="global" contextid="2647" timestamp="2019-08-08T07:22:21.663" />
  <attribute name="elasticGC enabled" value="1" />
  <attribute name= "numThreadsSpecified" value="16" />
  <attribute name="heapSize specified" value="50331648" />
  <attribute name="Current GC Util" value="48" />
  <attribute name= "Current Time Running" value="109246" />
  <attribute name ="GC Interval" value="0" />
  <attribute name="Target GC Util Change" value ="80.000000" />
  <attribute name="Current GC Util Change" value="48.000000"/>
  <attribute name="Current Error" value="-346.000000" />
  <attribute name="Output H" value="50632768"/>
  <attribute name="Output I" value="216"/>
  <attribute name="Output T" value="16"/>
  <attribute name= "Current Time Running" value="109246" />
  <attribute name="GC Util currently" value="48" />
  <attribute name="CPU Util currently" value="48482851637" />
<cycle-start id="2653" type="global" contextid="0" timestamp="2019-08-08T07:22:21.663" intervalms="1.089" />
<gc-start id="2654" type="global" contextid="2653" timestamp="2019-08-08T07:22:21.663">
  <mem-info id="2655" free="505856" total="50659328" percent="0">
    <mem type="tenure" free="505856" total="50659328" percent="0">
      <mem type="soa" free="0" total="50153472" percent="0" />
      <mem type="loa" free="505856" total="505856" percent="100" />
    </mem>
  </mem-info>
</gc-start>
<allocation-stats totalBytes="32158752" >
  <allocated-bytes non-tlh="0" tlh="32158752" />
  <largest-consumer threadName="main" threadId="0000000000996F00" bytes="32158752" />
</allocation-stats>
<gc-op id="2656" type="mark" timems="8.530" contextid="2653" timestamp="2019-08-08T07:22:21.671">
  <trace-info objectcount="600579" scancount="521467" scanbytes="13384940" />
  <finalization candidates="80" enqueued="0" />
  <ownableSynchronizers candidates="21" cleared="0" />
  <references type="soft" candidates="3261" cleared="0" enqueued="0" dynamicThreshold="20" maxThreshold="32" />
  <references type="weak" candidates="5606" cleared="0" enqueued="0" />
  <references type="phantom" candidates="97" cleared="0" enqueued="0" />
  <stringconstants candidates="13595" cleared="0"  />
</gc-op>
<gc-op id="2657" type="sweep" timems="10.306" contextid="2653" timestamp="2019-08-08T07:22:21.682" />
<mem-info id="2658" free="32681472" total="50659328" percent="64">
  <mem type="tenure" free="32681472" total="50659328" percent="64" micro-fragmented="0">
    <mem type="soa" free="32175616" total="50153472" percent="64" />
    <mem type="loa" free="505856" total="505856" percent="100" />
  </mem>
</mem-info>
<gc-op id="2659" type="compact" timems="24.857" contextid="2653" timestamp="2019-08-08T07:22:21.706">
  <compact-info movecount="6" movebytes="304" reason="compact to aid heap contraction" />
</gc-op>
<heap-resize id="2660" type="expand" space="tenure" amount="327680" count="1" timems="0.020" reason="satisfy allocation request" timestamp="2019-08-08T07:22:21.707" />
<gc-end id="2661" type="global" contextid="2653" durationms="44.581" usertimems="94.493" systemtimems="0.000" timestamp="2019-08-08T07:22:21.707" activeThreads="16">
  <mem-info id="2662" free="32943760" total="50987008" percent="64">
    <mem type="tenure" free="32943760" total="50987008" percent="64">
      <mem type="soa" free="32434832" total="50478080" percent="64" />
      <mem type="loa" free="508928" total="508928" percent="100" />
    </mem>
  </mem-info>
</gc-end>
<cycle-end id="2663" type="global" contextid="2653" timestamp="2019-08-08T07:22:21.707" />
  <attribute name="elasticGC enabled" value="1" />
  <attribute name= "numThreadsSpecified" value="16" />
  <attribute name="heapSize specified" value="50659328" />
  <attribute name="Current GC Util" value="45" />
  <attribute name= "Current Time Running" value="109317" />
  <attribute name ="GC Interval" value="0" />
  <attribute name="Target GC Util Change" value ="80.000000" />
  <attribute name="Current GC Util Change" value="45.000000"/>
  <attribute name="Current Error" value="-296.000000" />
  <attribute name="Output H" value="50960680"/>
  <attribute name="Output I" value="472"/>
  <attribute name="Output T" value="16"/>
  <attribute name= "Current Time Running" value="109317" />
  <attribute name="GC Util currently" value="45" />
  <attribute name="CPU Util currently" value="46336250303" />
<allocation-satisfied id="2664" threadId="0000000000996F00" bytesRequested="192" />
<af-end id="2665" timestamp="2019-08-08T07:22:21.707" threadId="0000000000997888" success="true" />
<exclusive-end id="2666" timestamp="2019-08-08T07:22:21.707" durationms="44.791" />

<concurrent-kickoff id="2667" timestamp="2019-08-08T07:22:21.732">
  <kickoff reason="threshold reached" targetBytes="6302728" thresholdFreeBytes="854473" remainingFree="798352" tenureFreeBytes="798352" />
</concurrent-kickoff>
<exclusive-start id="2668" timestamp="2019-08-08T07:22:21.732" intervalms="69.913">
  <response-info timems="0.070" idlems="0.070" threads="0" lastid="0000000000996F00" lastname="main" />
</exclusive-start>
<cycle-start id="2669" type="global" contextid="0" timestamp="2019-08-08T07:22:21.732" intervalms="69.831" />
<exclusive-end id="2670" timestamp="2019-08-08T07:22:21.732" durationms="0.022" />

<exclusive-start id="2671" timestamp="2019-08-08T07:22:21.733" intervalms="0.690">
  <response-info timems="0.095" idlems="0.095" threads="0" lastid="0000000000996F00" lastname="main" />
</exclusive-start>
<af-start id="2672" threadId="0000000000997888" totalBytesRequested="16" timestamp="2019-08-08T07:22:21.733" intervalms="70.587" />
<concurrent-aborted id="2673" timestamp="2019-08-08T07:22:21.733">
  <reason value="insufficient progress made" />
</concurrent-aborted>
<cycle-end id="2674" type="global" contextid="2669" timestamp="2019-08-08T07:22:21.733" />
  <attribute name="elasticGC enabled" value="1" />
  <attribute name= "numThreadsSpecified" value="16" />
  <attribute name="heapSize specified" value="50659328" />
  <attribute name="Current GC Util" value="45" />
  <attribute name= "Current Time Running" value="109317" />
  <attribute name ="GC Interval" value="0" />
  <attribute name="Target GC Util Change" value ="80.000000" />
  <attribute name="Current GC Util Change" value="45.000000"/>
  <attribute name="Current Error" value="-296.000000" />
  <attribute name="Output H" value="50960680"/>
  <attribute name="Output I" value="472"/>
  <attribute name="Output T" value="16"/>
  <attribute name= "Current Time Running" value="109317" />
  <attribute name="GC Util currently" value="45" />
  <attribute name="CPU Util currently" value="46336250303" />
<cycle-start id="2675" type="global" contextid="0" timestamp="2019-08-08T07:22:21.733" intervalms="0.740" />
<gc-start id="2676" type="global" contextid="2675" timestamp="2019-08-08T07:22:21.733">
  <mem-info id="2677" free="508928" total="50987008" percent="0">
    <mem type="tenure" free="508928" total="50987008" percent="0">
      <mem type="soa" free="0" total="50478080" percent="0" />
      <mem type="loa" free="508928" total="508928" percent="100" />
    </mem>
  </mem-info>
</gc-start>
<allocation-stats totalBytes="32483224" >
  <allocated-bytes non-tlh="0" tlh="32483224" />
  <largest-consumer threadName="main" threadId="0000000000996F00" bytes="32483224" />
</allocation-stats>
<gc-op id="2678" type="mark" timems="9.534" contextid="2675" timestamp="2019-08-08T07:22:21.743">
  <trace-info objectcount="600581" scancount="521469" scanbytes="13384956" />
  <finalization candidates="80" enqueued="0" />
  <ownableSynchronizers candidates="21" cleared="0" />
  <references type="soft" candidates="3261" cleared="0" enqueued="0" dynamicThreshold="20" maxThreshold="32" />
  <references type="weak" candidates="5606" cleared="0" enqueued="0" />
  <references type="phantom" candidates="97" cleared="0" enqueued="0" />
  <stringconstants candidates="13595" cleared="0"  />
</gc-op>
<gc-op id="2679" type="sweep" timems="8.627" contextid="2675" timestamp="2019-08-08T07:22:21.751" />
<mem-info id="2680" free="33009144" total="50987008" percent="64">
  <mem type="tenure" free="33009144" total="50987008" percent="64" micro-fragmented="0">
    <mem type="soa" free="32500216" total="50478080" percent="64" />
    <mem type="loa" free="508928" total="508928" percent="100" />
  </mem>
</mem-info>
<gc-op id="2681" type="compact" timems="23.732" contextid="2675" timestamp="2019-08-08T07:22:21.775">
  <compact-info movecount="8" movebytes="448" reason="compact to aid heap contraction" />
</gc-op>
<heap-resize id="2682" type="expand" space="tenure" amount="327680" count="1" timems="0.021" reason="satisfy allocation request" timestamp="2019-08-08T07:22:21.776" />
<gc-end id="2683" type="global" contextid="2675" durationms="42.788" usertimems="131.140" systemtimems="0.000" timestamp="2019-08-08T07:22:21.776" activeThreads="16">
  <mem-info id="2684" free="33271296" total="51314688" percent="64">
    <mem type="tenure" free="33271296" total="51314688" percent="64">
      <mem type="soa" free="32758272" total="50801664" percent="64" />
      <mem type="loa" free="513024" total="513024" percent="100" />
    </mem>
  </mem-info>
</gc-end>
<cycle-end id="2685" type="global" contextid="2675" timestamp="2019-08-08T07:22:21.776" />
  <attribute name="elasticGC enabled" value="1" />
  <attribute name= "numThreadsSpecified" value="16" />
  <attribute name="heapSize specified" value="50987008" />
  <attribute name="Current GC Util" value="39" />
  <attribute name= "Current Time Running" value="109386" />
  <attribute name ="GC Interval" value="0" />
  <attribute name="Target GC Util Change" value ="80.000000" />
  <attribute name="Current GC Util Change" value="39.000000"/>
  <attribute name="Current Error" value="144.000000" />
  <attribute name="Output H" value="51290392"/>
  <attribute name="Output I" value="2760"/>
  <attribute name="Output T" value="16"/>
  <attribute name= "Current Time Running" value="109386" />
  <attribute name="GC Util currently" value="39" />
  <attribute name="CPU Util currently" value="48515155612" />
<allocation-satisfied id="2686" threadId="0000000000996F00" bytesRequested="16" />
<af-end id="2687" timestamp="2019-08-08T07:22:21.776" threadId="0000000000997888" success="true" />
<exclusive-end id="2688" timestamp="2019-08-08T07:22:21.776" durationms="43.012" />

<concurrent-kickoff id="2689" timestamp="2019-08-08T07:22:21.802">
  <kickoff reason="threshold reached" targetBytes="6343234" thresholdFreeBytes="859964" remainingFree="732672" tenureFreeBytes="732672" />
</concurrent-kickoff>
<exclusive-start id="2690" timestamp="2019-08-08T07:22:21.802" intervalms="68.986">
  <response-info timems="0.076" idlems="0.076" threads="0" lastid="0000000000996F00" lastname="main" />
</exclusive-start>
<cycle-start id="2691" type="global" contextid="0" timestamp="2019-08-08T07:22:21.802" intervalms="68.934" />
<exclusive-end id="2692" timestamp="2019-08-08T07:22:21.802" durationms="0.019" />

<exclusive-start id="2693" timestamp="2019-08-08T07:22:21.803" intervalms="0.759">
  <response-info timems="0.100" idlems="0.100" threads="0" lastid="0000000000996F00" lastname="main" />
</exclusive-start>
<af-start id="2694" threadId="0000000000997888" totalBytesRequested="40" timestamp="2019-08-08T07:22:21.803" intervalms="69.744" />
<concurrent-aborted id="2695" timestamp="2019-08-08T07:22:21.803">
  <reason value="insufficient progress made" />
</concurrent-aborted>
<cycle-end id="2696" type="global" contextid="2691" timestamp="2019-08-08T07:22:21.803" />
  <attribute name="elasticGC enabled" value="1" />
  <attribute name= "numThreadsSpecified" value="16" />
  <attribute name="heapSize specified" value="50987008" />
  <attribute name="Current GC Util" value="39" />
  <attribute name= "Current Time Running" value="109386" />
  <attribute name ="GC Interval" value="0" />
  <attribute name="Target GC Util Change" value ="80.000000" />
  <attribute name="Current GC Util Change" value="39.000000"/>
  <attribute name="Current Error" value="144.000000" />
  <attribute name="Output H" value="51290392"/>
  <attribute name="Output I" value="2760"/>
  <attribute name="Output T" value="16"/>
  <attribute name= "Current Time Running" value="109386" />
  <attribute name="GC Util currently" value="39" />
  <attribute name="CPU Util currently" value="48515155612" />
<cycle-start id="2697" type="global" contextid="0" timestamp="2019-08-08T07:22:21.803" intervalms="0.809" />
<gc-start id="2698" type="global" contextid="2697" timestamp="2019-08-08T07:22:21.803">
  <mem-info id="2699" free="513024" total="51314688" percent="0">
    <mem type="tenure" free="513024" total="51314688" percent="0">
      <mem type="soa" free="0" total="50801664" percent="0" />
      <mem type="loa" free="513024" total="513024" percent="100" />
    </mem>
  </mem-info>
</gc-start>
<allocation-stats totalBytes="32806240" >
  <allocated-bytes non-tlh="0" tlh="32806240" />
  <largest-consumer threadName="main" threadId="0000000000996F00" bytes="32806240" />
</allocation-stats>
<gc-op id="2700" type="mark" timems="7.506" contextid="2697" timestamp="2019-08-08T07:22:21.810">
  <trace-info objectcount="600584" scancount="521479" scanbytes="13385044" />
  <finalization candidates="80" enqueued="0" />
  <ownableSynchronizers candidates="21" cleared="0" />
  <references type="soft" candidates="3261" cleared="0" enqueued="0" dynamicThreshold="20" maxThreshold="32" />
  <references type="weak" candidates="5606" cleared="0" enqueued="0" />
  <references type="phantom" candidates="97" cleared="0" enqueued="0" />
  <stringconstants candidates="13595" cleared="0"  />
</gc-op>
<gc-op id="2701" type="sweep" timems="5.686" contextid="2697" timestamp="2019-08-08T07:22:21.816" />
<mem-info id="2702" free="33336072" total="51314688" percent="64">
  <mem type="tenure" free="33336072" total="51314688" percent="64" micro-fragmented="0">
    <mem type="soa" free="32823048" total="50801664" percent="64" />
    <mem type="loa" free="513024" total="513024" percent="100" />
  </mem>
</mem-info>
<gc-op id="2703" type="compact" timems="25.577" contextid="2697" timestamp="2019-08-08T07:22:21.842">
  <compact-info movecount="23" movebytes="1208" reason="compact to aid heap contraction" />
</gc-op>
<heap-resize id="2704" type="expand" space="tenure" amount="327680" count="1" timems="0.026" reason="satisfy allocation request" timestamp="2019-08-08T07:22:21.842" />
<gc-end id="2705" type="global" contextid="2697" durationms="39.425" usertimems="123.143" systemtimems="0.000" timestamp="2019-08-08T07:22:21.842" activeThreads="16">
  <mem-info id="2706" free="33599144" total="51642368" percent="65">
    <mem type="tenure" free="33599144" total="51642368" percent="65">
      <mem type="soa" free="33083048" total="51126272" percent="64" />
      <mem type="loa" free="516096" total="516096" percent="100" />
    </mem>
  </mem-info>
</gc-end>
<cycle-end id="2707" type="global" contextid="2697" timestamp="2019-08-08T07:22:21.842" />
  <attribute name="elasticGC enabled" value="1" />
  <attribute name= "numThreadsSpecified" value="16" />
  <attribute name="heapSize specified" value="51314688" />
  <attribute name="Current GC Util" value="42" />
  <attribute name= "Current Time Running" value="109452" />
  <attribute name ="GC Interval" value="0" />
  <attribute name="Target GC Util Change" value ="80.000000" />
  <attribute name="Current GC Util Change" value="42.000000"/>
  <attribute name="Current Error" value="92.000000" />
  <attribute name="Output H" value="51617824"/>
  <attribute name="Output I" value="2488"/>
  <attribute name="Output T" value="16"/>
  <attribute name= "Current Time Running" value="109452" />
  <attribute name="GC Util currently" value="42" />
  <attribute name="CPU Util currently" value="44997547004" />
<allocation-satisfied id="2708" threadId="0000000000996F00" bytesRequested="40" />
<af-end id="2709" timestamp="2019-08-08T07:22:21.842" threadId="0000000000997888" success="true" />
<exclusive-end id="2710" timestamp="2019-08-08T07:22:21.843" durationms="39.667" />

<concurrent-kickoff id="2711" timestamp="2019-08-08T07:22:21.875">
  <kickoff reason="threshold reached" targetBytes="6383740" thresholdFreeBytes="865456" remainingFree="798376" tenureFreeBytes="798376" />
</concurrent-kickoff>
<exclusive-start id="2712" timestamp="2019-08-08T07:22:21.875" intervalms="72.345">
  <response-info timems="0.045" idlems="0.045" threads="0" lastid="0000000000996F00" lastname="main" />
</exclusive-start>
<cycle-start id="2713" type="global" contextid="0" timestamp="2019-08-08T07:22:21.875" intervalms="72.297" />
<exclusive-end id="2714" timestamp="2019-08-08T07:22:21.875" durationms="0.020" />

<exclusive-start id="2715" timestamp="2019-08-08T07:22:21.876" intervalms="0.592">
  <response-info timems="0.033" idlems="0.033" threads="0" lastid="0000000000996F00" lastname="main" />
</exclusive-start>
<af-start id="2716" threadId="0000000000997888" totalBytesRequested="40" timestamp="2019-08-08T07:22:21.876" intervalms="72.953" />
<concurrent-aborted id="2717" timestamp="2019-08-08T07:22:21.876">
  <reason value="insufficient progress made" />
</concurrent-aborted>
<cycle-end id="2718" type="global" contextid="2713" timestamp="2019-08-08T07:22:21.876" />
  <attribute name="elasticGC enabled" value="1" />
  <attribute name= "numThreadsSpecified" value="16" />
  <attribute name="heapSize specified" value="51314688" />
  <attribute name="Current GC Util" value="42" />
  <attribute name= "Current Time Running" value="109452" />
  <attribute name ="GC Interval" value="0" />
  <attribute name="Target GC Util Change" value ="80.000000" />
  <attribute name="Current GC Util Change" value="42.000000"/>
  <attribute name="Current Error" value="92.000000" />
  <attribute name="Output H" value="51617824"/>
  <attribute name="Output I" value="2488"/>
  <attribute name="Output T" value="16"/>
  <attribute name= "Current Time Running" value="109452" />
  <attribute name="GC Util currently" value="42" />
  <attribute name="CPU Util currently" value="44997547004" />
<cycle-start id="2719" type="global" contextid="0" timestamp="2019-08-08T07:22:21.876" intervalms="0.675" />
<gc-start id="2720" type="global" contextid="2719" timestamp="2019-08-08T07:22:21.876">
  <mem-info id="2721" free="516096" total="51642368" percent="0">
    <mem type="tenure" free="516096" total="51642368" percent="0">
      <mem type="soa" free="0" total="51126272" percent="0" />
      <mem type="loa" free="516096" total="516096" percent="100" />
    </mem>
  </mem-info>
</gc-start>
<allocation-stats totalBytes="33120288" >
  <allocated-bytes non-tlh="0" tlh="33120288" />
  <largest-consumer threadName="main" threadId="0000000000996F00" bytes="33120288" />
</allocation-stats>
<gc-op id="2722" type="mark" timems="8.978" contextid="2719" timestamp="2019-08-08T07:22:21.885">
  <trace-info objectcount="600585" scancount="521470" scanbytes="13385068" />
  <finalization candidates="80" enqueued="0" />
  <ownableSynchronizers candidates="21" cleared="0" />
  <references type="soft" candidates="3261" cleared="0" enqueued="0" dynamicThreshold="20" maxThreshold="32" />
  <references type="weak" candidates="5606" cleared="0" enqueued="0" />
  <references type="phantom" candidates="97" cleared="0" enqueued="0" />
  <stringconstants candidates="13595" cleared="0"  />
</gc-op>
<gc-op id="2723" type="sweep" timems="6.868" contextid="2719" timestamp="2019-08-08T07:22:21.892" />
<mem-info id="2724" free="33664464" total="51642368" percent="65">
  <mem type="tenure" free="33664464" total="51642368" percent="65" micro-fragmented="0">
    <mem type="soa" free="33148368" total="51126272" percent="64" />
    <mem type="loa" free="516096" total="516096" percent="100" />
  </mem>
</mem-info>
<gc-op id="2725" type="compact" timems="23.062" contextid="2719" timestamp="2019-08-08T07:22:21.915">
  <compact-info movecount="5" movebytes="336" reason="compact to aid heap contraction" />
</gc-op>
<heap-resize id="2726" type="expand" space="tenure" amount="327680" count="1" timems="0.023" reason="satisfy allocation request" timestamp="2019-08-08T07:22:21.916" />
<gc-end id="2727" type="global" contextid="2719" durationms="39.721" usertimems="92.670" systemtimems="0.000" timestamp="2019-08-08T07:22:21.916" activeThreads="16">
  <mem-info id="2728" free="33926608" total="51970048" percent="65">
    <mem type="tenure" free="33926608" total="51970048" percent="65">
      <mem type="soa" free="33407440" total="51450880" percent="64" />
      <mem type="loa" free="519168" total="519168" percent="100" />
    </mem>
  </mem-info>
</gc-end>
<cycle-end id="2729" type="global" contextid="2719" timestamp="2019-08-08T07:22:21.916" />
  <attribute name="elasticGC enabled" value="1" />
  <attribute name= "numThreadsSpecified" value="16" />
  <attribute name="heapSize specified" value="51642368" />
  <attribute name="Current GC Util" value="38" />
  <attribute name= "Current Time Running" value="109525" />
  <attribute name ="GC Interval" value="0" />
  <attribute name="Target GC Util Change" value ="80.000000" />
  <attribute name="Current GC Util Change" value="38.000000"/>
  <attribute name="Current Error" value="42.000000" />
  <attribute name="Output H" value="51945280"/>
  <attribute name="Output I" value="2232"/>
  <attribute name="Output T" value="16"/>
  <attribute name= "Current Time Running" value="109525" />
  <attribute name="GC Util currently" value="38" />
  <attribute name="CPU Util currently" value="49885296412" />
<allocation-satisfied id="2730" threadId="0000000000996F00" bytesRequested="40" />
<af-end id="2731" timestamp="2019-08-08T07:22:21.916" threadId="0000000000997888" success="true" />
<exclusive-end id="2732" timestamp="2019-08-08T07:22:21.916" durationms="39.930" />

<concurrent-kickoff id="2733" timestamp="2019-08-08T07:22:21.942">
  <kickoff reason="threshold reached" targetBytes="6424247" thresholdFreeBytes="870948" remainingFree="863696" tenureFreeBytes="863696" />
</concurrent-kickoff>
<exclusive-start id="2734" timestamp="2019-08-08T07:22:21.942" intervalms="66.211">
  <response-info timems="0.061" idlems="0.061" threads="0" lastid="0000000000996F00" lastname="main" />
</exclusive-start>
<cycle-start id="2735" type="global" contextid="0" timestamp="2019-08-08T07:22:21.942" intervalms="66.131" />
<exclusive-end id="2736" timestamp="2019-08-08T07:22:21.942" durationms="0.022" />

<exclusive-start id="2737" timestamp="2019-08-08T07:22:21.943" intervalms="0.592">
  <response-info timems="0.040" idlems="0.040" threads="0" lastid="0000000000996F00" lastname="main" />
</exclusive-start>
<af-start id="2738" threadId="0000000000997888" totalBytesRequested="264" timestamp="2019-08-08T07:22:21.943" intervalms="66.787" />
<concurrent-aborted id="2739" timestamp="2019-08-08T07:22:21.943">
  <reason value="insufficient progress made" />
</concurrent-aborted>
<cycle-end id="2740" type="global" contextid="2735" timestamp="2019-08-08T07:22:21.943" />
  <attribute name="elasticGC enabled" value="1" />
  <attribute name= "numThreadsSpecified" value="16" />
  <attribute name="heapSize specified" value="51642368" />
  <attribute name="Current GC Util" value="38" />
  <attribute name= "Current Time Running" value="109525" />
  <attribute name ="GC Interval" value="0" />
  <attribute name="Target GC Util Change" value ="80.000000" />
  <attribute name="Current GC Util Change" value="38.000000"/>
  <attribute name="Current Error" value="42.000000" />
  <attribute name="Output H" value="51945280"/>
  <attribute name="Output I" value="2232"/>
  <attribute name="Output T" value="16"/>
  <attribute name= "Current Time Running" value="109525" />
  <attribute name="GC Util currently" value="38" />
  <attribute name="CPU Util currently" value="49885296412" />
<cycle-start id="2741" type="global" contextid="0" timestamp="2019-08-08T07:22:21.943" intervalms="0.638" />
<gc-start id="2742" type="global" contextid="2741" timestamp="2019-08-08T07:22:21.943">
  <mem-info id="2743" free="519168" total="51970048" percent="0">
    <mem type="tenure" free="519168" total="51970048" percent="0">
      <mem type="soa" free="0" total="51450880" percent="0" />
      <mem type="loa" free="519168" total="519168" percent="100" />
    </mem>
  </mem-info>
</gc-start>
<allocation-stats totalBytes="33442744" >
  <allocated-bytes non-tlh="0" tlh="33442744" />
  <largest-consumer threadName="main" threadId="0000000000996F00" bytes="33442744" />
</allocation-stats>
<gc-op id="2744" type="mark" timems="12.378" contextid="2741" timestamp="2019-08-08T07:22:21.955">
  <trace-info objectcount="600586" scancount="521476" scanbytes="13385108" />
  <finalization candidates="80" enqueued="0" />
  <ownableSynchronizers candidates="21" cleared="0" />
  <references type="soft" candidates="3261" cleared="0" enqueued="0" dynamicThreshold="20" maxThreshold="32" />
  <references type="weak" candidates="5606" cleared="0" enqueued="0" />
  <references type="phantom" candidates="97" cleared="0" enqueued="0" />
  <stringconstants candidates="13595" cleared="0"  />
</gc-op>
<gc-op id="2745" type="sweep" timems="6.775" contextid="2741" timestamp="2019-08-08T07:22:21.962" />
<mem-info id="2746" free="33991840" total="51970048" percent="65">
  <mem type="tenure" free="33991840" total="51970048" percent="65" micro-fragmented="0">
    <mem type="soa" free="33472672" total="51450880" percent="65" />
    <mem type="loa" free="519168" total="519168" percent="100" />
  </mem>
</mem-info>
<gc-op id="2747" type="compact" timems="25.939" contextid="2741" timestamp="2019-08-08T07:22:21.988">
  <compact-info movecount="6" movebytes="400" reason="compact to aid heap contraction" />
</gc-op>
<heap-resize id="2748" type="expand" space="tenure" amount="327680" count="1" timems="0.020" reason="satisfy allocation request" timestamp="2019-08-08T07:22:21.989" />
<gc-end id="2749" type="global" contextid="2741" durationms="46.395" usertimems="144.751" systemtimems="0.000" timestamp="2019-08-08T07:22:21.989" activeThreads="16">
  <mem-info id="2750" free="34254224" total="52297728" percent="65">
    <mem type="tenure" free="34254224" total="52297728" percent="65">
      <mem type="soa" free="33731984" total="51775488" percent="65" />
      <mem type="loa" free="522240" total="522240" percent="100" />
    </mem>
  </mem-info>
</gc-end>
<cycle-end id="2751" type="global" contextid="2741" timestamp="2019-08-08T07:22:21.989" />
  <attribute name="elasticGC enabled" value="1" />
  <attribute name= "numThreadsSpecified" value="16" />
  <attribute name="heapSize specified" value="51970048" />
  <attribute name="Current GC Util" value="47" />
  <attribute name= "Current Time Running" value="109598" />
  <attribute name ="GC Interval" value="0" />
  <attribute name="Target GC Util Change" value ="80.000000" />
  <attribute name="Current GC Util Change" value="47.000000"/>
  <attribute name="Current Error" value="-230.000000" />
  <attribute name="Output H" value="52271704"/>
  <attribute name="Output I" value="816"/>
  <attribute name="Output T" value="16"/>
  <attribute name= "Current Time Running" value="109598" />
  <attribute name="GC Util currently" value="47" />
  <attribute name="CPU Util currently" value="44382217428" />
<allocation-satisfied id="2752" threadId="0000000000996F00" bytesRequested="264" />
<af-end id="2753" timestamp="2019-08-08T07:22:21.989" threadId="0000000000997888" success="true" />
<exclusive-end id="2754" timestamp="2019-08-08T07:22:21.989" durationms="46.573" />

<concurrent-kickoff id="2755" timestamp="2019-08-08T07:22:22.044">
  <kickoff reason="threshold reached" targetBytes="6464751" thresholdFreeBytes="876439" remainingFree="798096" tenureFreeBytes="798096" />
</concurrent-kickoff>
<exclusive-start id="2756" timestamp="2019-08-08T07:22:22.044" intervalms="101.132">
  <response-info timems="0.038" idlems="0.038" threads="0" lastid="0000000000996F00" lastname="main" />
</exclusive-start>
<cycle-start id="2757" type="global" contextid="0" timestamp="2019-08-08T07:22:22.044" intervalms="101.085" />
<exclusive-end id="2758" timestamp="2019-08-08T07:22:22.044" durationms="0.021" />

<exclusive-start id="2759" timestamp="2019-08-08T07:22:22.046" intervalms="2.198">
  <response-info timems="0.062" idlems="0.062" threads="0" lastid="0000000000996F00" lastname="main" />
</exclusive-start>
<af-start id="2760" threadId="0000000000997888" totalBytesRequested="136" timestamp="2019-08-08T07:22:22.046" intervalms="103.334" />
<concurrent-aborted id="2761" timestamp="2019-08-08T07:22:22.046">
  <reason value="insufficient progress made" />
</concurrent-aborted>
<cycle-end id="2762" type="global" contextid="2757" timestamp="2019-08-08T07:22:22.046" />
  <attribute name="elasticGC enabled" value="1" />
  <attribute name= "numThreadsSpecified" value="16" />
  <attribute name="heapSize specified" value="51970048" />
  <attribute name="Current GC Util" value="47" />
  <attribute name= "Current Time Running" value="109598" />
  <attribute name ="GC Interval" value="0" />
  <attribute name="Target GC Util Change" value ="80.000000" />
  <attribute name="Current GC Util Change" value="47.000000"/>
  <attribute name="Current Error" value="-230.000000" />
  <attribute name="Output H" value="52271704"/>
  <attribute name="Output I" value="816"/>
  <attribute name="Output T" value="16"/>
  <attribute name= "Current Time Running" value="109598" />
  <attribute name="GC Util currently" value="47" />
  <attribute name="CPU Util currently" value="44382217428" />
<cycle-start id="2763" type="global" contextid="0" timestamp="2019-08-08T07:22:22.046" intervalms="2.260" />
<gc-start id="2764" type="global" contextid="2763" timestamp="2019-08-08T07:22:22.046">
  <mem-info id="2765" free="522240" total="52297728" percent="0">
    <mem type="tenure" free="522240" total="52297728" percent="0">
      <mem type="soa" free="0" total="51775488" percent="0" />
      <mem type="loa" free="522240" total="522240" percent="100" />
    </mem>
  </mem-info>
</gc-start>
<allocation-stats totalBytes="33773408" >
  <allocated-bytes non-tlh="0" tlh="33773408" />
  <largest-consumer threadName="main" threadId="0000000000996F00" bytes="33773408" />
</allocation-stats>
<gc-op id="2766" type="mark" timems="8.422" contextid="2763" timestamp="2019-08-08T07:22:22.054">
  <trace-info objectcount="600605" scancount="521493" scanbytes="13385932" />
  <finalization candidates="80" enqueued="0" />
  <ownableSynchronizers candidates="21" cleared="0" />
  <references type="soft" candidates="3261" cleared="0" enqueued="0" dynamicThreshold="20" maxThreshold="32" />
  <references type="weak" candidates="5606" cleared="0" enqueued="0" />
  <references type="phantom" candidates="97" cleared="0" enqueued="0" />
  <stringconstants candidates="13595" cleared="0"  />
</gc-op>
<gc-op id="2767" type="sweep" timems="7.629" contextid="2763" timestamp="2019-08-08T07:22:22.062" />
<mem-info id="2768" free="34318648" total="52297728" percent="65">
  <mem type="tenure" free="34318648" total="52297728" percent="65" micro-fragmented="0">
    <mem type="soa" free="33796408" total="51775488" percent="65" />
    <mem type="loa" free="522240" total="522240" percent="100" />
  </mem>
</mem-info>
<gc-op id="2769" type="compact" timems="23.388" contextid="2763" timestamp="2019-08-08T07:22:22.086">
  <compact-info movecount="36" movebytes="1376" reason="compact to aid heap contraction" />
</gc-op>
<heap-resize id="2770" type="expand" space="tenure" amount="327680" count="1" timems="0.020" reason="satisfy allocation request" timestamp="2019-08-08T07:22:22.086" />
<gc-end id="2771" type="global" contextid="2763" durationms="40.371" usertimems="135.184" systemtimems="0.000" timestamp="2019-08-08T07:22:22.086" activeThreads="16">
  <mem-info id="2772" free="34581336" total="52625408" percent="65">
    <mem type="tenure" free="34581336" total="52625408" percent="65">
      <mem type="soa" free="34056024" total="52100096" percent="65" />
      <mem type="loa" free="525312" total="525312" percent="100" />
    </mem>
  </mem-info>
</gc-end>
<cycle-end id="2773" type="global" contextid="2763" timestamp="2019-08-08T07:22:22.086" />
  <attribute name="elasticGC enabled" value="1" />
  <attribute name= "numThreadsSpecified" value="16" />
  <attribute name="heapSize specified" value="52297728" />
  <attribute name="Current GC Util" value="47" />
  <attribute name= "Current Time Running" value="109696" />
  <attribute name ="GC Interval" value="0" />
  <attribute name="Target GC Util Change" value ="80.000000" />
  <attribute name="Current GC Util Change" value="47.000000"/>
  <attribute name="Current Error" value="-330.000000" />
  <attribute name="Output H" value="52598920"/>
  <attribute name="Output I" value="296"/>
  <attribute name="Output T" value="16"/>
  <attribute name= "Current Time Running" value="109696" />
  <attribute name="GC Util currently" value="47" />
  <attribute name="CPU Util currently" value="49240671746" />
<allocation-satisfied id="2774" threadId="0000000000996F00" bytesRequested="136" />
<af-end id="2775" timestamp="2019-08-08T07:22:22.086" threadId="0000000000997888" success="true" />
<exclusive-end id="2776" timestamp="2019-08-08T07:22:22.086" durationms="40.554" />

<concurrent-kickoff id="2777" timestamp="2019-08-08T07:22:22.169">
  <kickoff reason="threshold reached" targetBytes="6505258" thresholdFreeBytes="881931" remainingFree="863064" tenureFreeBytes="863064" />
</concurrent-kickoff>
<exclusive-start id="2778" timestamp="2019-08-08T07:22:22.169" intervalms="123.103">
  <response-info timems="0.043" idlems="0.043" threads="0" lastid="0000000000996F00" lastname="main" />
</exclusive-start>
<cycle-start id="2779" type="global" contextid="0" timestamp="2019-08-08T07:22:22.169" intervalms="123.047" />
<exclusive-end id="2780" timestamp="2019-08-08T07:22:22.169" durationms="0.030" />

<exclusive-start id="2781" timestamp="2019-08-08T07:22:22.173" intervalms="4.001">
  <response-info timems="0.074" idlems="0.074" threads="0" lastid="0000000000996F00" lastname="main" />
</exclusive-start>
<af-start id="2782" threadId="0000000000997888" totalBytesRequested="24" timestamp="2019-08-08T07:22:22.173" intervalms="127.113" />
<gc-start id="2783" type="global" contextid="2779" timestamp="2019-08-08T07:22:22.173">
  <mem-info id="2784" free="525312" total="52625408" percent="0">
    <mem type="tenure" free="525312" total="52625408" percent="0">
      <mem type="soa" free="0" total="52100096" percent="0" />
      <mem type="loa" free="525312" total="525312" percent="100" />
    </mem>
  </mem-info>
</gc-start>
<allocation-stats totalBytes="34114408" >
  <allocated-bytes non-tlh="0" tlh="34114408" />
  <largest-consumer threadName="main" threadId="0000000000996F00" bytes="34114408" />
</allocation-stats>
<concurrent-halted id="2785" timestamp="2019-08-08T07:22:22.173">
  <halted state="Class scanning incomplete" status="trace only" />
  <traced bytesTarget="6505258" bytesTotal="1084976" bytesByMutator="0" bytesByHelper="1084976" percent="16" />
  <cards cleaned="0" thresholdBytes="347427" />
</concurrent-halted>
<gc-op id="2786" type="tracing" timems="10.163" contextid="2779" timestamp="2019-08-08T07:22:22.183">
  <trace bytesTraced="11365768" workStackOverflowCount="0" />
</gc-op>
<gc-op id="2787" type="card-cleaning" timems="0.811" contextid="2779" timestamp="2019-08-08T07:22:22.184">
  <card-cleaning cardsCleaned="5" bytesTraced="5096" workStackOverflowCount="0" />
</gc-op>
<gc-op id="2788" type="mark" timems="5.180" contextid="2779" timestamp="2019-08-08T07:22:22.189">
  <trace-info objectcount="33057" scancount="31718" scanbytes="956072" />
  <finalization candidates="80" enqueued="0" />
  <ownableSynchronizers candidates="21" cleared="0" />
  <references type="soft" candidates="3261" cleared="0" enqueued="0" dynamicThreshold="21" maxThreshold="32" />
  <references type="weak" candidates="5606" cleared="0" enqueued="0" />
  <references type="phantom" candidates="97" cleared="0" enqueued="0" />
  <stringconstants candidates="13595" cleared="0"  />
</gc-op>
<gc-op id="2789" type="sweep" timems="7.237" contextid="2779" timestamp="2019-08-08T07:22:22.197" />
<mem-info id="2790" free="34646104" total="52625408" percent="65">
  <mem type="tenure" free="34646104" total="52625408" percent="65" micro-fragmented="0">
    <mem type="soa" free="34120792" total="52100096" percent="65" />
    <mem type="loa" free="525312" total="525312" percent="100" />
  </mem>
</mem-info>
<gc-op id="2791" type="compact" timems="25.853" contextid="2779" timestamp="2019-08-08T07:22:22.222">
  <compact-info movecount="30" movebytes="1456" reason="compact to aid heap contraction" />
</gc-op>
<heap-resize id="2792" type="expand" space="tenure" amount="327680" count="1" timems="0.020" reason="satisfy allocation request" timestamp="2019-08-08T07:22:22.223" />
<gc-end id="2793" type="global" contextid="2779" durationms="50.128" usertimems="91.288" systemtimems="0.000" timestamp="2019-08-08T07:22:22.223" activeThreads="16">
  <mem-info id="2794" free="34908352" total="52953088" percent="65">
    <mem type="tenure" free="34908352" total="52953088" percent="65">
      <mem type="soa" free="34378944" total="52423680" percent="65" />
      <mem type="loa" free="529408" total="529408" percent="100" />
    </mem>
  </mem-info>
</gc-end>
<cycle-end id="2795" type="global" contextid="2779" timestamp="2019-08-08T07:22:22.223" />
  <attribute name="elasticGC enabled" value="1" />
  <attribute name= "numThreadsSpecified" value="16" />
  <attribute name="heapSize specified" value="52625408" />
  <attribute name="Current GC Util" value="42" />
  <attribute name= "Current Time Running" value="109833" />
  <attribute name ="GC Interval" value="0" />
  <attribute name="Target GC Util Change" value ="80.000000" />
  <attribute name="Current GC Util Change" value="42.000000"/>
  <attribute name="Current Error" value="-140.000000" />
  <attribute name="Output H" value="52927480"/>
  <attribute name="Output I" value="1288"/>
  <attribute name="Output T" value="16"/>
  <attribute name= "Current Time Running" value="109833" />
  <attribute name="GC Util currently" value="42" />
  <attribute name="CPU Util currently" value="44544791420" />
<allocation-satisfied id="2796" threadId="0000000000996F00" bytesRequested="24" />
<af-end id="2797" timestamp="2019-08-08T07:22:22.223" threadId="0000000000997888" success="true" />
<exclusive-end id="2798" timestamp="2019-08-08T07:22:22.223" durationms="50.284" />

<concurrent-kickoff id="2799" timestamp="2019-08-08T07:22:22.317">
  <kickoff reason="threshold reached" targetBytes="5553067" thresholdFreeBytes="753687" remainingFree="665792" tenureFreeBytes="665792" />
</concurrent-kickoff>
<exclusive-start id="2800" timestamp="2019-08-08T07:22:22.317" intervalms="144.069">
  <response-info timems="0.137" idlems="0.137" threads="0" lastid="0000000000996F00" lastname="main" />
</exclusive-start>
<cycle-start id="2801" type="global" contextid="0" timestamp="2019-08-08T07:22:22.317" intervalms="148.071" />
<exclusive-end id="2802" timestamp="2019-08-08T07:22:22.317" durationms="0.030" />

<exclusive-start id="2803" timestamp="2019-08-08T07:22:22.318" intervalms="0.960">
  <response-info timems="0.080" idlems="0.080" threads="0" lastid="0000000000996F00" lastname="main" />
</exclusive-start>
<af-start id="2804" threadId="0000000000997888" totalBytesRequested="24" timestamp="2019-08-08T07:22:22.318" intervalms="145.017" />
<concurrent-aborted id="2805" timestamp="2019-08-08T07:22:22.318">
  <reason value="insufficient progress made" />
</concurrent-aborted>
<cycle-end id="2806" type="global" contextid="2801" timestamp="2019-08-08T07:22:22.318" />
  <attribute name="elasticGC enabled" value="1" />
  <attribute name= "numThreadsSpecified" value="16" />
  <attribute name="heapSize specified" value="52625408" />
  <attribute name="Current GC Util" value="42" />
  <attribute name= "Current Time Running" value="109833" />
  <attribute name ="GC Interval" value="0" />
  <attribute name="Target GC Util Change" value ="80.000000" />
  <attribute name="Current GC Util Change" value="42.000000"/>
  <attribute name="Current Error" value="-140.000000" />
  <attribute name="Output H" value="52927480"/>
  <attribute name="Output I" value="1288"/>
  <attribute name="Output T" value="16"/>
  <attribute name= "Current Time Running" value="109833" />
  <attribute name="GC Util currently" value="42" />
  <attribute name="CPU Util currently" value="44544791420" />
<cycle-start id="2807" type="global" contextid="0" timestamp="2019-08-08T07:22:22.318" intervalms="1.003" />
<gc-start id="2808" type="global" contextid="2807" timestamp="2019-08-08T07:22:22.318">
  <mem-info id="2809" free="529408" total="52953088" percent="0">
    <mem type="tenure" free="529408" total="52953088" percent="0">
      <mem type="soa" free="0" total="52423680" percent="0" />
      <mem type="loa" free="529408" total="529408" percent="100" />
    </mem>
  </mem-info>
</gc-start>
<allocation-stats totalBytes="34436712" >
  <allocated-bytes non-tlh="0" tlh="34436712" />
  <largest-consumer threadName="main" threadId="0000000000996F00" bytes="34436712" />
</allocation-stats>
<gc-op id="2810" type="mark" timems="8.886" contextid="2807" timestamp="2019-08-08T07:22:22.327">
  <trace-info objectcount="600615" scancount="521501" scanbytes="13386508" />
  <finalization candidates="80" enqueued="0" />
  <ownableSynchronizers candidates="21" cleared="0" />
  <references type="soft" candidates="3261" cleared="0" enqueued="0" dynamicThreshold="21" maxThreshold="32" />
  <references type="weak" candidates="5606" cleared="0" enqueued="0" />
  <references type="phantom" candidates="97" cleared="0" enqueued="0" />
  <stringconstants candidates="13595" cleared="0"  />
</gc-op>
<gc-op id="2811" type="sweep" timems="7.567" contextid="2807" timestamp="2019-08-08T07:22:22.335" />
<mem-info id="2812" free="34973872" total="52953088" percent="66">
  <mem type="tenure" free="34973872" total="52953088" percent="66" micro-fragmented="0">
    <mem type="soa" free="34444464" total="52423680" percent="65" />
    <mem type="loa" free="529408" total="529408" percent="100" />
  </mem>
</mem-info>
<gc-op id="2813" type="compact" timems="26.134" contextid="2807" timestamp="2019-08-08T07:22:22.361">
  <compact-info movecount="28" movebytes="1368" reason="compact to aid heap contraction" />
</gc-op>
<heap-resize id="2814" type="expand" space="tenure" amount="327680" count="1" timems="0.022" reason="satisfy allocation request" timestamp="2019-08-08T07:22:22.361" />
<gc-end id="2815" type="global" contextid="2807" durationms="43.379" usertimems="139.537" systemtimems="0.000" timestamp="2019-08-08T07:22:22.362" activeThreads="16">
  <mem-info id="2816" free="35236120" total="53280768" percent="66">
    <mem type="tenure" free="35236120" total="53280768" percent="66">
      <mem type="soa" free="34703640" total="52748288" percent="65" />
      <mem type="loa" free="532480" total="532480" percent="100" />
    </mem>
  </mem-info>
</gc-end>
<cycle-end id="2817" type="global" contextid="2807" timestamp="2019-08-08T07:22:22.362" />
  <attribute name="elasticGC enabled" value="1" />
  <attribute name= "numThreadsSpecified" value="16" />
  <attribute name="heapSize specified" value="52953088" />
  <attribute name="Current GC Util" value="45" />
  <attribute name= "Current Time Running" value="109971" />
  <attribute name ="GC Interval" value="0" />
  <attribute name="Target GC Util Change" value ="80.000000" />
  <attribute name="Current GC Util Change" value="45.000000"/>
  <attribute name="Current Error" value="-277.000000" />
  <attribute name="Output H" value="53254528"/>
  <attribute name="Output I" value="576"/>
  <attribute name="Output T" value="16"/>
  <attribute name= "Current Time Running" value="109971" />
  <attribute name="GC Util currently" value="45" />
  <attribute name="CPU Util currently" value="44059938432" />
<allocation-satisfied id="2818" threadId="0000000000996F00" bytesRequested="24" />
<af-end id="2819" timestamp="2019-08-08T07:22:22.362" threadId="0000000000997888" success="true" />
<exclusive-end id="2820" timestamp="2019-08-08T07:22:22.362" durationms="43.569" />

<concurrent-kickoff id="2821" timestamp="2019-08-08T07:22:23.666">
  <kickoff reason="threshold reached" targetBytes="5587430" thresholdFreeBytes="758349" remainingFree="731416" tenureFreeBytes="731416" />
</concurrent-kickoff>
<exclusive-start id="2822" timestamp="2019-08-08T07:22:23.666" intervalms="1347.961">
  <response-info timems="0.087" idlems="0.087" threads="0" lastid="0000000000996F00" lastname="main" />
</exclusive-start>
<cycle-start id="2823" type="global" contextid="0" timestamp="2019-08-08T07:22:23.666" intervalms="1347.904" />
<exclusive-end id="2824" timestamp="2019-08-08T07:22:23.666" durationms="0.038" />

<exclusive-start id="2825" timestamp="2019-08-08T07:22:23.668" intervalms="1.757">
  <response-info timems="0.019" idlems="0.019" threads="0" lastid="0000000000996F00" lastname="main" />
</exclusive-start>
<af-start id="2826" threadId="0000000000997888" totalBytesRequested="18240" timestamp="2019-08-08T07:22:23.668" intervalms="1349.740" />
<concurrent-aborted id="2827" timestamp="2019-08-08T07:22:23.668">
  <reason value="insufficient progress made" />
</concurrent-aborted>
<cycle-end id="2828" type="global" contextid="2823" timestamp="2019-08-08T07:22:23.668" />
  <attribute name="elasticGC enabled" value="1" />
  <attribute name= "numThreadsSpecified" value="16" />
  <attribute name="heapSize specified" value="52953088" />
  <attribute name="Current GC Util" value="45" />
  <attribute name= "Current Time Running" value="109971" />
  <attribute name ="GC Interval" value="0" />
  <attribute name="Target GC Util Change" value ="80.000000" />
  <attribute name="Current GC Util Change" value="45.000000"/>
  <attribute name="Current Error" value="-277.000000" />
  <attribute name="Output H" value="53254528"/>
  <attribute name="Output I" value="576"/>
  <attribute name="Output T" value="16"/>
  <attribute name= "Current Time Running" value="109971" />
  <attribute name="GC Util currently" value="45" />
  <attribute name="CPU Util currently" value="44059938432" />
<cycle-start id="2829" type="global" contextid="0" timestamp="2019-08-08T07:22:23.668" intervalms="1.835" />
<gc-start id="2830" type="global" contextid="2829" timestamp="2019-08-08T07:22:23.668">
  <mem-info id="2831" free="532480" total="53280768" percent="0">
    <mem type="tenure" free="532480" total="53280768" percent="0">
      <mem type="soa" free="0" total="52748288" percent="0" />
      <mem type="loa" free="532480" total="532480" percent="100" />
    </mem>
  </mem-info>
</gc-start>
<allocation-stats totalBytes="33000800" >
  <allocated-bytes non-tlh="0" tlh="33000800" />
  <largest-consumer threadName="main" threadId="0000000000996F00" bytes="33000800" />
</allocation-stats>
<gc-op id="2832" type="mark" timems="12.925" contextid="2829" timestamp="2019-08-08T07:22:23.681">
  <trace-info objectcount="600649" scancount="521532" scanbytes="13425244" />
  <finalization candidates="80" enqueued="0" />
  <ownableSynchronizers candidates="21" cleared="0" />
  <references type="soft" candidates="3261" cleared="0" enqueued="0" dynamicThreshold="21" maxThreshold="32" />
  <references type="weak" candidates="5606" cleared="0" enqueued="0" />
  <references type="phantom" candidates="97" cleared="0" enqueued="0" />
  <stringconstants candidates="13595" cleared="0"  />
</gc-op>
<gc-op id="2833" type="sweep" timems="3.201" contextid="2829" timestamp="2019-08-08T07:22:23.684" />
<mem-info id="2834" free="35260552" total="53280768" percent="66">
  <mem type="tenure" free="35260552" total="53280768" percent="66" micro-fragmented="0">
    <mem type="soa" free="34728072" total="52748288" percent="65" />
    <mem type="loa" free="532480" total="532480" percent="100" />
  </mem>
</mem-info>
<gc-op id="2835" type="compact" timems="26.336" contextid="2829" timestamp="2019-08-08T07:22:23.710">
  <compact-info movecount="73" movebytes="40584" reason="compact to aid heap contraction" />
</gc-op>
<heap-resize id="2836" type="expand" space="tenure" amount="327680" count="1" timems="0.021" reason="satisfy allocation request" timestamp="2019-08-08T07:22:23.712" />
<gc-end id="2837" type="global" contextid="2829" durationms="43.872" usertimems="121.062" systemtimems="0.000" timestamp="2019-08-08T07:22:23.712" activeThreads="16">
  <mem-info id="2838" free="35525008" total="53608448" percent="66">
    <mem type="tenure" free="35525008" total="53608448" percent="66">
      <mem type="soa" free="34989456" total="53072896" percent="65" />
      <mem type="loa" free="535552" total="535552" percent="100" />
    </mem>
  </mem-info>
</gc-end>
<cycle-end id="2839" type="global" contextid="2829" timestamp="2019-08-08T07:22:23.712" />
  <attribute name="elasticGC enabled" value="1" />
  <attribute name= "numThreadsSpecified" value="16" />
  <attribute name="heapSize specified" value="53280768" />
  <attribute name="Current GC Util" value="47" />
  <attribute name= "Current Time Running" value="111321" />
  <attribute name ="GC Interval" value="0" />
  <attribute name="Target GC Util Change" value ="80.000000" />
  <attribute name="Current GC Util Change" value="47.000000"/>
  <attribute name="Current Error" value="-467.000000" />
  <attribute name="Output H" value="53581328"/>
  <attribute name="Output I" value="200"/>
  <attribute name="Output T" value="16"/>
  <attribute name= "Current Time Running" value="111321" />
  <attribute name="GC Util currently" value="47" />
  <attribute name="CPU Util currently" value="43722260720" />
<allocation-satisfied id="2840" threadId="0000000000996F00" bytesRequested="18240" />
<af-end id="2841" timestamp="2019-08-08T07:22:23.712" threadId="0000000000997888" success="true" />
<exclusive-end id="2842" timestamp="2019-08-08T07:22:23.712" durationms="44.060" />

<concurrent-kickoff id="2843" timestamp="2019-08-08T07:22:23.757">
  <kickoff reason="threshold reached" targetBytes="5621793" thresholdFreeBytes="763015" remainingFree="758160" tenureFreeBytes="758160" />
</concurrent-kickoff>
<exclusive-start id="2844" timestamp="2019-08-08T07:22:23.757" intervalms="89.345">
  <response-info timems="0.147" idlems="0.147" threads="0" lastid="0000000000996F00" lastname="main" />
</exclusive-start>
<cycle-start id="2845" type="global" contextid="0" timestamp="2019-08-08T07:22:23.757" intervalms="89.276" />
<exclusive-end id="2846" timestamp="2019-08-08T07:22:23.757" durationms="0.024" />

<exclusive-start id="2847" timestamp="2019-08-08T07:22:23.760" intervalms="2.894">
  <response-info timems="1.215" idlems="1.215" threads="0" lastid="0000000000996F00" lastname="main" />
</exclusive-start>
<af-start id="2848" threadId="0000000000997888" totalBytesRequested="7848" timestamp="2019-08-08T07:22:23.760" intervalms="92.224" />
<concurrent-aborted id="2849" timestamp="2019-08-08T07:22:23.760">
  <reason value="insufficient progress made" />
</concurrent-aborted>
<cycle-end id="2850" type="global" contextid="2845" timestamp="2019-08-08T07:22:23.760" />
  <attribute name="elasticGC enabled" value="1" />
  <attribute name= "numThreadsSpecified" value="16" />
  <attribute name="heapSize specified" value="53280768" />
  <attribute name="Current GC Util" value="47" />
  <attribute name= "Current Time Running" value="111321" />
  <attribute name ="GC Interval" value="0" />
  <attribute name="Target GC Util Change" value ="80.000000" />
  <attribute name="Current GC Util Change" value="47.000000"/>
  <attribute name="Current Error" value="-467.000000" />
  <attribute name="Output H" value="53581328"/>
  <attribute name="Output I" value="200"/>
  <attribute name="Output T" value="16"/>
  <attribute name= "Current Time Running" value="111321" />
  <attribute name="GC Util currently" value="47" />
  <attribute name="CPU Util currently" value="43722260720" />
<cycle-start id="2851" type="global" contextid="0" timestamp="2019-08-08T07:22:23.760" intervalms="2.949" />
<gc-start id="2852" type="global" contextid="2851" timestamp="2019-08-08T07:22:23.760">
  <mem-info id="2853" free="535552" total="53608448" percent="0">
    <mem type="tenure" free="535552" total="53608448" percent="0">
      <mem type="soa" free="0" total="53072896" percent="0" />
      <mem type="loa" free="535552" total="535552" percent="100" />
    </mem>
  </mem-info>
</gc-start>
<allocation-stats totalBytes="32904560" >
  <allocated-bytes non-tlh="0" tlh="32904560" />
  <largest-consumer threadName="main" threadId="0000000000996F00" bytes="32904560" />
</allocation-stats>
<gc-op id="2854" type="mark" timems="12.267" contextid="2851" timestamp="2019-08-08T07:22:23.772">
  <trace-info objectcount="600649" scancount="521538" scanbytes="13403820" />
  <finalization candidates="80" enqueued="0" />
  <ownableSynchronizers candidates="21" cleared="0" />
  <references type="soft" candidates="3261" cleared="0" enqueued="0" dynamicThreshold="21" maxThreshold="32" />
  <references type="weak" candidates="5606" cleared="0" enqueued="0" />
  <references type="phantom" candidates="97" cleared="0" enqueued="0" />
  <stringconstants candidates="13595" cleared="0"  />
</gc-op>
<gc-op id="2855" type="sweep" timems="2.228" contextid="2851" timestamp="2019-08-08T07:22:23.775" />
<mem-info id="2856" free="35611272" total="53608448" percent="66">
  <mem type="tenure" free="35611272" total="53608448" percent="66" micro-fragmented="0">
    <mem type="soa" free="35075720" total="53072896" percent="66" />
    <mem type="loa" free="535552" total="535552" percent="100" />
  </mem>
</mem-info>
<gc-op id="2857" type="compact" timems="23.725" contextid="2851" timestamp="2019-08-08T07:22:23.798">
  <compact-info movecount="12" movebytes="17112" reason="compact to aid heap contraction" />
</gc-op>
<heap-resize id="2858" type="expand" space="tenure" amount="327680" count="1" timems="0.026" reason="satisfy allocation request" timestamp="2019-08-08T07:22:23.799" />
<gc-end id="2859" type="global" contextid="2851" durationms="39.195" usertimems="96.999" systemtimems="0.000" timestamp="2019-08-08T07:22:23.799" activeThreads="16">
  <mem-info id="2860" free="35874112" total="53936128" percent="66">
    <mem type="tenure" free="35874112" total="53936128" percent="66">
      <mem type="soa" free="35335488" total="53397504" percent="66" />
      <mem type="loa" free="538624" total="538624" percent="100" />
    </mem>
  </mem-info>
</gc-end>
<cycle-end id="2861" type="global" contextid="2851" timestamp="2019-08-08T07:22:23.800" />
  <attribute name="elasticGC enabled" value="1" />
  <attribute name= "numThreadsSpecified" value="16" />
  <attribute name="heapSize specified" value="53608448" />
  <attribute name="Current GC Util" value="43" />
  <attribute name= "Current Time Running" value="111409" />
  <attribute name ="GC Interval" value="0" />
  <attribute name="Target GC Util Change" value ="80.000000" />
  <attribute name="Current GC Util Change" value="43.000000"/>
  <attribute name="Current Error" value="10.000000" />
  <attribute name="Output H" value="53911208"/>
  <attribute name="Output I" value="2064"/>
  <attribute name="Output T" value="16"/>
  <attribute name= "Current Time Running" value="111409" />
  <attribute name="GC Util currently" value="43" />
  <attribute name="CPU Util currently" value="48502409415" />
<allocation-satisfied id="2862" threadId="0000000000996F00" bytesRequested="7848" />
<af-end id="2863" timestamp="2019-08-08T07:22:23.800" threadId="0000000000997888" success="true" />
<exclusive-end id="2864" timestamp="2019-08-08T07:22:23.800" durationms="39.562" />

<concurrent-kickoff id="2865" timestamp="2019-08-08T07:22:24.628">
  <kickoff reason="threshold reached" targetBytes="5656156" thresholdFreeBytes="767677" remainingFree="660800" tenureFreeBytes="660800" />
</concurrent-kickoff>
<exclusive-start id="2866" timestamp="2019-08-08T07:22:24.628" intervalms="868.444">
  <response-info timems="0.063" idlems="0.063" threads="0" lastid="0000000000996F00" lastname="main" />
</exclusive-start>
<cycle-start id="2867" type="global" contextid="0" timestamp="2019-08-08T07:22:24.628" intervalms="868.385" />
<exclusive-end id="2868" timestamp="2019-08-08T07:22:24.628" durationms="0.020" />

<exclusive-start id="2869" timestamp="2019-08-08T07:22:24.631" intervalms="2.495">
  <response-info timems="0.043" idlems="0.043" threads="0" lastid="0000000000996F00" lastname="main" />
</exclusive-start>
<af-start id="2870" threadId="0000000000997888" totalBytesRequested="16" timestamp="2019-08-08T07:22:24.631" intervalms="870.937" />
<concurrent-aborted id="2871" timestamp="2019-08-08T07:22:24.631">
  <reason value="insufficient progress made" />
</concurrent-aborted>
<cycle-end id="2872" type="global" contextid="2867" timestamp="2019-08-08T07:22:24.631" />
  <attribute name="elasticGC enabled" value="1" />
  <attribute name= "numThreadsSpecified" value="16" />
  <attribute name="heapSize specified" value="53608448" />
  <attribute name="Current GC Util" value="43" />
  <attribute name= "Current Time Running" value="111409" />
  <attribute name ="GC Interval" value="0" />
  <attribute name="Target GC Util Change" value ="80.000000" />
  <attribute name="Current GC Util Change" value="43.000000"/>
  <attribute name="Current Error" value="10.000000" />
  <attribute name="Output H" value="53911208"/>
  <attribute name="Output I" value="2064"/>
  <attribute name="Output T" value="16"/>
  <attribute name= "Current Time Running" value="111409" />
  <attribute name="GC Util currently" value="43" />
  <attribute name="CPU Util currently" value="48502409415" />
<cycle-start id="2873" type="global" contextid="0" timestamp="2019-08-08T07:22:24.631" intervalms="2.548" />
<gc-start id="2874" type="global" contextid="2873" timestamp="2019-08-08T07:22:24.631">
  <mem-info id="2875" free="538624" total="53936128" percent="0">
    <mem type="tenure" free="538624" total="53936128" percent="0">
      <mem type="soa" free="0" total="53397504" percent="0" />
      <mem type="loa" free="538624" total="538624" percent="100" />
    </mem>
  </mem-info>
</gc-start>
<allocation-stats totalBytes="35397864" >
  <allocated-bytes non-tlh="0" tlh="35397864" />
  <largest-consumer threadName="main" threadId="0000000000996F00" bytes="35397864" />
</allocation-stats>
<gc-op id="2876" type="mark" timems="13.505" contextid="2873" timestamp="2019-08-08T07:22:24.645">
  <trace-info objectcount="600671" scancount="521560" scanbytes="13387188" />
  <finalization candidates="80" enqueued="0" />
  <ownableSynchronizers candidates="21" cleared="0" />
  <references type="soft" candidates="3261" cleared="0" enqueued="0" dynamicThreshold="21" maxThreshold="32" />
  <references type="weak" candidates="5606" cleared="0" enqueued="0" />
  <references type="phantom" candidates="97" cleared="0" enqueued="0" />
  <stringconstants candidates="13595" cleared="0"  />
</gc-op>
<gc-op id="2877" type="sweep" timems="6.695" contextid="2873" timestamp="2019-08-08T07:22:24.651" />
<mem-info id="2878" free="35955488" total="53936128" percent="66">
  <mem type="tenure" free="35955488" total="53936128" percent="66" micro-fragmented="0">
    <mem type="soa" free="35416864" total="53397504" percent="66" />
    <mem type="loa" free="538624" total="538624" percent="100" />
  </mem>
</mem-info>
<gc-op id="2879" type="compact" timems="114.529" contextid="2873" timestamp="2019-08-08T07:22:24.766">
  <compact-info movecount="505427" movebytes="12878512" reason="compact to aid heap contraction" />
</gc-op>
<heap-resize id="2880" type="expand" space="tenure" amount="327680" count="1" timems="0.022" reason="satisfy allocation request" timestamp="2019-08-08T07:22:24.767" />
<gc-end id="2881" type="global" contextid="2873" durationms="136.394" usertimems="248.864" systemtimems="0.000" timestamp="2019-08-08T07:22:24.767" activeThreads="16">
  <mem-info id="2882" free="36218392" total="54263808" percent="66">
    <mem type="tenure" free="36218392" total="54263808" percent="66">
      <mem type="soa" free="35676696" total="53722112" percent="66" />
      <mem type="loa" free="541696" total="541696" percent="100" />
    </mem>
  </mem-info>
</gc-end>
<cycle-end id="2883" type="global" contextid="2873" timestamp="2019-08-08T07:22:24.768" />
  <attribute name="elasticGC enabled" value="1" />
  <attribute name= "numThreadsSpecified" value="16" />
  <attribute name="heapSize specified" value="53936128" />
  <attribute name="Current GC Util" value="14" />
  <attribute name= "Current Time Running" value="112376" />
  <attribute name ="GC Interval" value="0" />
  <attribute name="Target GC Util Change" value ="80.000000" />
  <attribute name="Current GC Util Change" value="14.000000"/>
  <attribute name="Current Error" value="122.000000" />
  <attribute name="Output H" value="54239408"/>
  <attribute name="Output I" value="2648"/>
  <attribute name="Output T" value="16"/>
  <attribute name= "Current Time Running" value="112376" />
  <attribute name="GC Util currently" value="14" />
  <attribute name="CPU Util currently" value="10064202905" />
<allocation-satisfied id="2884" threadId="0000000000996F00" bytesRequested="16" />
<af-end id="2885" timestamp="2019-08-08T07:22:24.768" threadId="0000000000997888" success="true" />
<exclusive-end id="2886" timestamp="2019-08-08T07:22:24.768" durationms="136.833" />

<concurrent-kickoff id="2887" timestamp="2019-08-08T07:22:24.918">
  <kickoff reason="threshold reached" targetBytes="5690519" thresholdFreeBytes="772343" remainingFree="665112" tenureFreeBytes="665112" />
</concurrent-kickoff>
<exclusive-start id="2888" timestamp="2019-08-08T07:22:24.919" intervalms="287.676">
  <response-info timems="0.232" idlems="0.232" threads="0" lastid="0000000000996F00" lastname="main" />
</exclusive-start>
<cycle-start id="2889" type="global" contextid="0" timestamp="2019-08-08T07:22:24.919" intervalms="287.625" />
<exclusive-end id="2890" timestamp="2019-08-08T07:22:24.919" durationms="0.026" />

<exclusive-start id="2891" timestamp="2019-08-08T07:22:24.920" intervalms="1.476">
  <response-info timems="0.056" idlems="0.056" threads="0" lastid="0000000000996F00" lastname="main" />
</exclusive-start>
<af-start id="2892" threadId="0000000000997888" totalBytesRequested="80" timestamp="2019-08-08T07:22:24.920" intervalms="289.152" />
<concurrent-aborted id="2893" timestamp="2019-08-08T07:22:24.920">
  <reason value="insufficient progress made" />
</concurrent-aborted>
<cycle-end id="2894" type="global" contextid="2889" timestamp="2019-08-08T07:22:24.920" />
  <attribute name="elasticGC enabled" value="1" />
  <attribute name= "numThreadsSpecified" value="16" />
  <attribute name="heapSize specified" value="53936128" />
  <attribute name="Current GC Util" value="14" />
  <attribute name= "Current Time Running" value="112376" />
  <attribute name ="GC Interval" value="0" />
  <attribute name="Target GC Util Change" value ="80.000000" />
  <attribute name="Current GC Util Change" value="14.000000"/>
  <attribute name="Current Error" value="122.000000" />
  <attribute name="Output H" value="54239408"/>
  <attribute name="Output I" value="2648"/>
  <attribute name="Output T" value="16"/>
  <attribute name= "Current Time Running" value="112376" />
  <attribute name="GC Util currently" value="14" />
  <attribute name="CPU Util currently" value="10064202905" />
<cycle-start id="2895" type="global" contextid="0" timestamp="2019-08-08T07:22:24.920" intervalms="1.551" />
<gc-start id="2896" type="global" contextid="2895" timestamp="2019-08-08T07:22:24.920">
  <mem-info id="2897" free="541696" total="54263808" percent="0">
    <mem type="tenure" free="541696" total="54263808" percent="0">
      <mem type="soa" free="0" total="53722112" percent="0" />
      <mem type="loa" free="541696" total="541696" percent="100" />
    </mem>
  </mem-info>
</gc-start>
<allocation-stats totalBytes="35737824" >
  <allocated-bytes non-tlh="0" tlh="35737824" />
  <largest-consumer threadName="main" threadId="0000000000996F00" bytes="35737824" />
</allocation-stats>
<gc-op id="2898" type="mark" timems="8.509" contextid="2895" timestamp="2019-08-08T07:22:24.929">
  <trace-info objectcount="600667" scancount="521555" scanbytes="13387036" />
  <finalization candidates="80" enqueued="0" />
  <ownableSynchronizers candidates="21" cleared="0" />
  <references type="soft" candidates="3261" cleared="0" enqueued="0" dynamicThreshold="21" maxThreshold="32" />
  <references type="weak" candidates="5606" cleared="0" enqueued="0" />
  <references type="phantom" candidates="97" cleared="0" enqueued="0" />
  <stringconstants candidates="13595" cleared="0"  />
</gc-op>
<gc-op id="2899" type="sweep" timems="12.658" contextid="2895" timestamp="2019-08-08T07:22:24.941" />
<mem-info id="2900" free="36284088" total="54263808" percent="66">
  <mem type="tenure" free="36284088" total="54263808" percent="66" micro-fragmented="0">
    <mem type="soa" free="35742392" total="53722112" percent="66" />
    <mem type="loa" free="541696" total="541696" percent="100" />
  </mem>
</mem-info>
<gc-op id="2901" type="compact" timems="27.500" contextid="2895" timestamp="2019-08-08T07:22:24.969">
  <compact-info movecount="1" movebytes="24" reason="compact to aid heap contraction" />
</gc-op>
<heap-resize id="2902" type="expand" space="tenure" amount="327680" count="1" timems="0.026" reason="satisfy allocation request" timestamp="2019-08-08T07:22:24.970" />
<gc-end id="2903" type="global" contextid="2895" durationms="49.581" usertimems="191.508" systemtimems="0.000" timestamp="2019-08-08T07:22:24.970" activeThreads="16">
  <mem-info id="2904" free="36546232" total="54591488" percent="66">
    <mem type="tenure" free="36546232" total="54591488" percent="66">
      <mem type="soa" free="36000440" total="54045696" percent="66" />
      <mem type="loa" free="545792" total="545792" percent="100" />
    </mem>
  </mem-info>
</gc-end>
<cycle-end id="2905" type="global" contextid="2895" timestamp="2019-08-08T07:22:24.970" />
  <attribute name="elasticGC enabled" value="1" />
  <attribute name= "numThreadsSpecified" value="16" />
  <attribute name="heapSize specified" value="54263808" />
  <attribute name="Current GC Util" value="41" />
  <attribute name= "Current Time Running" value="112580" />
  <attribute name ="GC Interval" value="0" />
  <attribute name="Target GC Util Change" value ="80.000000" />
  <attribute name="Current GC Util Change" value="41.000000"/>
  <attribute name="Current Error" value="39.000000" />
  <attribute name="Output H" value="54566704"/>
  <attribute name="Output I" value="2216"/>
  <attribute name="Output T" value="16"/>
  <attribute name= "Current Time Running" value="112580" />
  <attribute name="GC Util currently" value="41" />
  <attribute name="CPU Util currently" value="41874210696" />
<allocation-satisfied id="2906" threadId="0000000000996F00" bytesRequested="80" />
<af-end id="2907" timestamp="2019-08-08T07:22:24.970" threadId="0000000000997888" success="true" />
<exclusive-end id="2908" timestamp="2019-08-08T07:22:24.970" durationms="49.836" />

<concurrent-kickoff id="2909" timestamp="2019-08-08T07:22:25.136">
  <kickoff reason="threshold reached" targetBytes="5724883" thresholdFreeBytes="777005" remainingFree="730776" tenureFreeBytes="730776" />
</concurrent-kickoff>
<exclusive-start id="2910" timestamp="2019-08-08T07:22:25.137" intervalms="216.828">
  <response-info timems="0.353" idlems="0.353" threads="0" lastid="0000000000996F00" lastname="main" />
</exclusive-start>
<cycle-start id="2911" type="global" contextid="0" timestamp="2019-08-08T07:22:25.137" intervalms="216.779" />
<exclusive-end id="2912" timestamp="2019-08-08T07:22:25.137" durationms="0.052" />

<exclusive-start id="2913" timestamp="2019-08-08T07:22:25.143" intervalms="6.060">
  <response-info timems="0.058" idlems="0.058" threads="0" lastid="0000000000996F00" lastname="main" />
</exclusive-start>
<af-start id="2914" threadId="0000000000997888" totalBytesRequested="80" timestamp="2019-08-08T07:22:25.143" intervalms="222.902" />
<concurrent-aborted id="2915" timestamp="2019-08-08T07:22:25.143">
  <reason value="insufficient progress made" />
</concurrent-aborted>
<cycle-end id="2916" type="global" contextid="2911" timestamp="2019-08-08T07:22:25.143" />
  <attribute name="elasticGC enabled" value="1" />
  <attribute name= "numThreadsSpecified" value="16" />
  <attribute name="heapSize specified" value="54263808" />
  <attribute name="Current GC Util" value="41" />
  <attribute name= "Current Time Running" value="112580" />
  <attribute name ="GC Interval" value="0" />
  <attribute name="Target GC Util Change" value ="80.000000" />
  <attribute name="Current GC Util Change" value="41.000000"/>
  <attribute name="Current Error" value="39.000000" />
  <attribute name="Output H" value="54566704"/>
  <attribute name="Output I" value="2216"/>
  <attribute name="Output T" value="16"/>
  <attribute name= "Current Time Running" value="112580" />
  <attribute name="GC Util currently" value="41" />
  <attribute name="CPU Util currently" value="41874210696" />
<cycle-start id="2917" type="global" contextid="0" timestamp="2019-08-08T07:22:25.143" intervalms="6.116" />
<gc-start id="2918" type="global" contextid="2917" timestamp="2019-08-08T07:22:25.143">
  <mem-info id="2919" free="545792" total="54591488" percent="0">
    <mem type="tenure" free="545792" total="54591488" percent="0">
      <mem type="soa" free="0" total="54045696" percent="0" />
      <mem type="loa" free="545792" total="545792" percent="100" />
    </mem>
  </mem-info>
</gc-start>
<allocation-stats totalBytes="36058960" >
  <allocated-bytes non-tlh="32" tlh="36058928" />
  <largest-consumer threadName="main" threadId="0000000000996F00" bytes="36058960" />
</allocation-stats>
<gc-op id="2920" type="mark" timems="9.344" contextid="2917" timestamp="2019-08-08T07:22:25.152">
  <trace-info objectcount="600686" scancount="521567" scanbytes="13387516" />
  <finalization candidates="80" enqueued="0" />
  <ownableSynchronizers candidates="21" cleared="0" />
  <references type="soft" candidates="3261" cleared="0" enqueued="0" dynamicThreshold="21" maxThreshold="32" />
  <references type="weak" candidates="5606" cleared="0" enqueued="0" />
  <references type="phantom" candidates="97" cleared="0" enqueued="0" />
  <stringconstants candidates="13596" cleared="0"  />
</gc-op>
<gc-op id="2921" type="sweep" timems="16.812" contextid="2917" timestamp="2019-08-08T07:22:25.169" />
<mem-info id="2922" free="36610280" total="54591488" percent="67">
  <mem type="tenure" free="36610280" total="54591488" percent="67" micro-fragmented="0">
    <mem type="soa" free="36064488" total="54045696" percent="66" />
    <mem type="loa" free="545792" total="545792" percent="100" />
  </mem>
</mem-info>
<gc-op id="2923" type="compact" timems="34.188" contextid="2917" timestamp="2019-08-08T07:22:25.204">
  <compact-info movecount="41" movebytes="1392" reason="compact to aid heap contraction" />
</gc-op>
<heap-resize id="2924" type="expand" space="tenure" amount="327680" count="1" timems="0.022" reason="satisfy allocation request" timestamp="2019-08-08T07:22:25.204" />
<gc-end id="2925" type="global" contextid="2917" durationms="61.146" usertimems="175.195" systemtimems="0.000" timestamp="2019-08-08T07:22:25.204" activeThreads="16">
  <mem-info id="2926" free="36873392" total="54919168" percent="67">
    <mem type="tenure" free="36873392" total="54919168" percent="67">
      <mem type="soa" free="36324528" total="54370304" percent="66" />
      <mem type="loa" free="548864" total="548864" percent="100" />
    </mem>
  </mem-info>
</gc-end>
<cycle-end id="2927" type="global" contextid="2917" timestamp="2019-08-08T07:22:25.204" />
  <attribute name="elasticGC enabled" value="1" />
  <attribute name= "numThreadsSpecified" value="16" />
  <attribute name="heapSize specified" value="54591488" />
  <attribute name="Current GC Util" value="27" />
  <attribute name= "Current Time Running" value="112814" />
  <attribute name ="GC Interval" value="0" />
  <attribute name="Target GC Util Change" value ="80.000000" />
  <attribute name="Current GC Util Change" value="27.000000"/>
  <attribute name="Current Error" value="-207.000000" />
  <attribute name="Output H" value="54893248"/>
  <attribute name="Output I" value="936"/>
  <attribute name="Output T" value="16"/>
  <attribute name= "Current Time Running" value="112814" />
  <attribute name="GC Util currently" value="27" />
  <attribute name="CPU Util currently" value="33690747305" />
<allocation-satisfied id="2928" threadId="0000000000996F00" bytesRequested="80" />
<af-end id="2929" timestamp="2019-08-08T07:22:25.204" threadId="0000000000997888" success="true" />
<exclusive-end id="2930" timestamp="2019-08-08T07:22:25.204" durationms="61.358" />

<concurrent-kickoff id="2931" timestamp="2019-08-08T07:22:25.499">
  <kickoff reason="threshold reached" targetBytes="5759245" thresholdFreeBytes="781671" remainingFree="664752" tenureFreeBytes="664752" />
</concurrent-kickoff>
<exclusive-start id="2932" timestamp="2019-08-08T07:22:25.499" intervalms="356.083">
  <response-info timems="0.138" idlems="0.138" threads="0" lastid="0000000000996F00" lastname="main" />
</exclusive-start>
<cycle-start id="2933" type="global" contextid="0" timestamp="2019-08-08T07:22:25.499" intervalms="355.995" />
<exclusive-end id="2934" timestamp="2019-08-08T07:22:25.499" durationms="0.020" />

<exclusive-start id="2935" timestamp="2019-08-08T07:22:25.501" intervalms="2.144">
  <response-info timems="0.099" idlems="0.099" threads="0" lastid="0000000000996F00" lastname="main" />
</exclusive-start>
<af-start id="2936" threadId="0000000000997888" totalBytesRequested="80" timestamp="2019-08-08T07:22:25.501" intervalms="358.220" />
<concurrent-aborted id="2937" timestamp="2019-08-08T07:22:25.501">
  <reason value="insufficient progress made" />
</concurrent-aborted>
<cycle-end id="2938" type="global" contextid="2933" timestamp="2019-08-08T07:22:25.501" />
  <attribute name="elasticGC enabled" value="1" />
  <attribute name= "numThreadsSpecified" value="16" />
  <attribute name="heapSize specified" value="54591488" />
  <attribute name="Current GC Util" value="27" />
  <attribute name= "Current Time Running" value="112814" />
  <attribute name ="GC Interval" value="0" />
  <attribute name="Target GC Util Change" value ="80.000000" />
  <attribute name="Current GC Util Change" value="27.000000"/>
  <attribute name="Current Error" value="-207.000000" />
  <attribute name="Output H" value="54893248"/>
  <attribute name="Output I" value="936"/>
  <attribute name="Output T" value="16"/>
  <attribute name= "Current Time Running" value="112814" />
  <attribute name="GC Util currently" value="27" />
  <attribute name="CPU Util currently" value="33690747305" />
<cycle-start id="2939" type="global" contextid="0" timestamp="2019-08-08T07:22:25.501" intervalms="2.214" />
<gc-start id="2940" type="global" contextid="2939" timestamp="2019-08-08T07:22:25.501">
  <mem-info id="2941" free="548864" total="54919168" percent="0">
    <mem type="tenure" free="548864" total="54919168" percent="0">
      <mem type="soa" free="0" total="54370304" percent="0" />
      <mem type="loa" free="548864" total="548864" percent="100" />
    </mem>
  </mem-info>
</gc-start>
<allocation-stats totalBytes="36375696" >
  <allocated-bytes non-tlh="0" tlh="36375696" />
  <largest-consumer threadName="main" threadId="0000000000996F00" bytes="36375696" />
</allocation-stats>
<gc-op id="2942" type="mark" timems="8.628" contextid="2939" timestamp="2019-08-08T07:22:25.510">
  <trace-info objectcount="600697" scancount="521584" scanbytes="13388000" />
  <finalization candidates="80" enqueued="0" />
  <ownableSynchronizers candidates="21" cleared="0" />
  <references type="soft" candidates="3261" cleared="0" enqueued="0" dynamicThreshold="21" maxThreshold="32" />
  <references type="weak" candidates="5606" cleared="0" enqueued="0" />
  <references type="phantom" candidates="97" cleared="0" enqueued="0" />
  <stringconstants candidates="13596" cleared="0"  />
</gc-op>
<gc-op id="2943" type="sweep" timems="18.418" contextid="2939" timestamp="2019-08-08T07:22:25.528" />
<mem-info id="2944" free="36938408" total="54919168" percent="67">
  <mem type="tenure" free="36938408" total="54919168" percent="67" micro-fragmented="0">
    <mem type="soa" free="36389544" total="54370304" percent="66" />
    <mem type="loa" free="548864" total="548864" percent="100" />
  </mem>
</mem-info>
<gc-op id="2945" type="compact" timems="23.928" contextid="2939" timestamp="2019-08-08T07:22:25.552">
  <compact-info movecount="15" movebytes="696" reason="compact to aid heap contraction" />
</gc-op>
<heap-resize id="2946" type="expand" space="tenure" amount="327680" count="1" timems="0.135" reason="satisfy allocation request" timestamp="2019-08-08T07:22:25.553" />
<gc-end id="2947" type="global" contextid="2939" durationms="51.937" usertimems="165.997" systemtimems="0.000" timestamp="2019-08-08T07:22:25.553" activeThreads="16">
  <mem-info id="2948" free="37200568" total="55246848" percent="67">
    <mem type="tenure" free="37200568" total="55246848" percent="67">
      <mem type="soa" free="36648632" total="54694912" percent="67" />
      <mem type="loa" free="551936" total="551936" percent="100" />
    </mem>
  </mem-info>
</gc-end>
<cycle-end id="2949" type="global" contextid="2939" timestamp="2019-08-08T07:22:25.553" />
  <attribute name="elasticGC enabled" value="1" />
  <attribute name= "numThreadsSpecified" value="16" />
  <attribute name="heapSize specified" value="54919168" />
  <attribute name="Current GC Util" value="44" />
  <attribute name= "Current Time Running" value="113163" />
  <attribute name ="GC Interval" value="0" />
  <attribute name="Target GC Util Change" value ="80.000000" />
  <attribute name="Current GC Util Change" value="44.000000"/>
  <attribute name="Current Error" value="-232.000000" />
  <attribute name="Output H" value="55220816"/>
  <attribute name="Output I" value="808"/>
  <attribute name="Output T" value="16"/>
  <attribute name= "Current Time Running" value="113163" />
  <attribute name="GC Util currently" value="44" />
  <attribute name="CPU Util currently" value="48130902398" />
<allocation-satisfied id="2950" threadId="0000000000996F00" bytesRequested="80" />
<af-end id="2951" timestamp="2019-08-08T07:22:25.553" threadId="0000000000997888" success="true" />
<exclusive-end id="2952" timestamp="2019-08-08T07:22:25.553" durationms="52.149" />

<concurrent-kickoff id="2953" timestamp="2019-08-08T07:22:25.843">
  <kickoff reason="threshold reached" targetBytes="5793608" thresholdFreeBytes="786333" remainingFree="729784" tenureFreeBytes="729784" />
</concurrent-kickoff>
<exclusive-start id="2954" timestamp="2019-08-08T07:22:25.843" intervalms="341.870">
  <response-info timems="0.081" idlems="0.081" threads="0" lastid="0000000000996F00" lastname="main" />
</exclusive-start>
<cycle-start id="2955" type="global" contextid="0" timestamp="2019-08-08T07:22:25.843" intervalms="341.800" />
<exclusive-end id="2956" timestamp="2019-08-08T07:22:25.843" durationms="0.018" />

<exclusive-start id="2957" timestamp="2019-08-08T07:22:25.846" intervalms="2.942">
  <response-info timems="0.035" idlems="0.035" threads="0" lastid="0000000000996F00" lastname="main" />
</exclusive-start>
<af-start id="2958" threadId="0000000000997888" totalBytesRequested="16" timestamp="2019-08-08T07:22:25.846" intervalms="344.808" />
<concurrent-aborted id="2959" timestamp="2019-08-08T07:22:25.846">
  <reason value="insufficient progress made" />
</concurrent-aborted>
<cycle-end id="2960" type="global" contextid="2955" timestamp="2019-08-08T07:22:25.846" />
  <attribute name="elasticGC enabled" value="1" />
  <attribute name= "numThreadsSpecified" value="16" />
  <attribute name="heapSize specified" value="54919168" />
  <attribute name="Current GC Util" value="44" />
  <attribute name= "Current Time Running" value="113163" />
  <attribute name ="GC Interval" value="0" />
  <attribute name="Target GC Util Change" value ="80.000000" />
  <attribute name="Current GC Util Change" value="44.000000"/>
  <attribute name="Current Error" value="-232.000000" />
  <attribute name="Output H" value="55220816"/>
  <attribute name="Output I" value="808"/>
  <attribute name="Output T" value="16"/>
  <attribute name= "Current Time Running" value="113163" />
  <attribute name="GC Util currently" value="44" />
  <attribute name="CPU Util currently" value="48130902398" />
<cycle-start id="2961" type="global" contextid="0" timestamp="2019-08-08T07:22:25.846" intervalms="3.004" />
<gc-start id="2962" type="global" contextid="2961" timestamp="2019-08-08T07:22:25.846">
  <mem-info id="2963" free="551936" total="55246848" percent="0">
    <mem type="tenure" free="551936" total="55246848" percent="0">
      <mem type="soa" free="0" total="54694912" percent="0" />
      <mem type="loa" free="551936" total="551936" percent="100" />
    </mem>
  </mem-info>
</gc-start>
<allocation-stats totalBytes="36708632" >
  <allocated-bytes non-tlh="0" tlh="36708632" />
  <largest-consumer threadName="main" threadId="0000000000996F00" bytes="36708632" />
</allocation-stats>
<gc-op id="2964" type="mark" timems="7.562" contextid="2961" timestamp="2019-08-08T07:22:25.854">
  <trace-info objectcount="600701" scancount="521588" scanbytes="13387836" />
  <finalization candidates="80" enqueued="0" />
  <ownableSynchronizers candidates="21" cleared="0" />
  <references type="soft" candidates="3261" cleared="0" enqueued="0" dynamicThreshold="21" maxThreshold="32" />
  <references type="weak" candidates="5606" cleared="0" enqueued="0" />
  <references type="phantom" candidates="97" cleared="0" enqueued="0" />
  <stringconstants candidates="13596" cleared="0"  />
</gc-op>
<gc-op id="2965" type="sweep" timems="21.533" contextid="2961" timestamp="2019-08-08T07:22:25.875" />
<mem-info id="2966" free="37265192" total="55246848" percent="67">
  <mem type="tenure" free="37265192" total="55246848" percent="67" micro-fragmented="0">
    <mem type="soa" free="36713256" total="54694912" percent="67" />
    <mem type="loa" free="551936" total="551936" percent="100" />
  </mem>
</mem-info>
<gc-op id="2967" type="compact" timems="23.251" contextid="2961" timestamp="2019-08-08T07:22:25.899">
  <compact-info movecount="31" movebytes="968" reason="compact to aid heap contraction" />
</gc-op>
<heap-resize id="2968" type="expand" space="tenure" amount="327680" count="1" timems="0.021" reason="satisfy allocation request" timestamp="2019-08-08T07:22:25.899" />
<gc-end id="2969" type="global" contextid="2961" durationms="53.234" usertimems="95.088" systemtimems="0.000" timestamp="2019-08-08T07:22:25.899" activeThreads="16">
  <mem-info id="2970" free="37528424" total="55574528" percent="67">
    <mem type="tenure" free="37528424" total="55574528" percent="67">
      <mem type="soa" free="36973416" total="55019520" percent="67" />
      <mem type="loa" free="555008" total="555008" percent="100" />
    </mem>
  </mem-info>
</gc-end>
<cycle-end id="2971" type="global" contextid="2961" timestamp="2019-08-08T07:22:25.899" />
  <attribute name="elasticGC enabled" value="1" />
  <attribute name= "numThreadsSpecified" value="16" />
  <attribute name="heapSize specified" value="55246848" />
  <attribute name="Current GC Util" value="38" />
  <attribute name= "Current Time Running" value="113509" />
  <attribute name ="GC Interval" value="0" />
  <attribute name="Target GC Util Change" value ="80.000000" />
  <attribute name="Current GC Util Change" value="38.000000"/>
  <attribute name="Current Error" value="-221.000000" />
  <attribute name="Output H" value="55548544"/>
  <attribute name="Output I" value="864"/>
  <attribute name="Output T" value="16"/>
  <attribute name= "Current Time Running" value="113509" />
  <attribute name="GC Util currently" value="38" />
  <attribute name="CPU Util currently" value="49537986037" />
<allocation-satisfied id="2972" threadId="0000000000996F00" bytesRequested="16" />
<af-end id="2973" timestamp="2019-08-08T07:22:25.899" threadId="0000000000997888" success="true" />
<exclusive-end id="2974" timestamp="2019-08-08T07:22:25.899" durationms="53.424" />

<concurrent-kickoff id="2975" timestamp="2019-08-08T07:22:25.982">
  <kickoff reason="threshold reached" targetBytes="5827971" thresholdFreeBytes="790999" remainingFree="664424" tenureFreeBytes="664424" />
</concurrent-kickoff>
<exclusive-start id="2976" timestamp="2019-08-08T07:22:25.982" intervalms="136.096">
  <response-info timems="0.014" idlems="0.014" threads="0" lastid="0000000000996F00" lastname="main" />
</exclusive-start>
<cycle-start id="2977" type="global" contextid="0" timestamp="2019-08-08T07:22:25.982" intervalms="136.035" />
<exclusive-end id="2978" timestamp="2019-08-08T07:22:25.982" durationms="0.016" />

<exclusive-start id="2979" timestamp="2019-08-08T07:22:25.983" intervalms="0.867">
  <response-info timems="0.031" idlems="0.031" threads="0" lastid="0000000000996F00" lastname="main" />
</exclusive-start>
<af-start id="2980" threadId="0000000000997888" totalBytesRequested="16" timestamp="2019-08-08T07:22:25.983" intervalms="136.956" />
<concurrent-aborted id="2981" timestamp="2019-08-08T07:22:25.983">
  <reason value="insufficient progress made" />
</concurrent-aborted>
<cycle-end id="2982" type="global" contextid="2977" timestamp="2019-08-08T07:22:25.983" />
  <attribute name="elasticGC enabled" value="1" />
  <attribute name= "numThreadsSpecified" value="16" />
  <attribute name="heapSize specified" value="55246848" />
  <attribute name="Current GC Util" value="38" />
  <attribute name= "Current Time Running" value="113509" />
  <attribute name ="GC Interval" value="0" />
  <attribute name="Target GC Util Change" value ="80.000000" />
  <attribute name="Current GC Util Change" value="38.000000"/>
  <attribute name="Current Error" value="-221.000000" />
  <attribute name="Output H" value="55548544"/>
  <attribute name="Output I" value="864"/>
  <attribute name="Output T" value="16"/>
  <attribute name= "Current Time Running" value="113509" />
  <attribute name="GC Util currently" value="38" />
  <attribute name="CPU Util currently" value="49537986037" />
<cycle-start id="2983" type="global" contextid="0" timestamp="2019-08-08T07:22:25.983" intervalms="0.920" />
<gc-start id="2984" type="global" contextid="2983" timestamp="2019-08-08T07:22:25.983">
  <mem-info id="2985" free="555008" total="55574528" percent="0">
    <mem type="tenure" free="555008" total="55574528" percent="0">
      <mem type="soa" free="0" total="55019520" percent="0" />
      <mem type="loa" free="555008" total="555008" percent="100" />
    </mem>
  </mem-info>
</gc-start>
<allocation-stats totalBytes="37034296" >
  <allocated-bytes non-tlh="0" tlh="37034296" />
  <largest-consumer threadName="main" threadId="0000000000996F00" bytes="37034296" />
</allocation-stats>
<gc-op id="2986" type="mark" timems="8.442" contextid="2983" timestamp="2019-08-08T07:22:25.992">
  <trace-info objectcount="600716" scancount="521600" scanbytes="13388104" />
  <finalization candidates="80" enqueued="0" />
  <ownableSynchronizers candidates="21" cleared="0" />
  <references type="soft" candidates="3261" cleared="0" enqueued="0" dynamicThreshold="21" maxThreshold="32" />
  <references type="weak" candidates="5606" cleared="0" enqueued="0" />
  <references type="phantom" candidates="97" cleared="0" enqueued="0" />
  <stringconstants candidates="13596" cleared="0"  />
</gc-op>
<gc-op id="2987" type="sweep" timems="12.371" contextid="2983" timestamp="2019-08-08T07:22:26.004" />
<mem-info id="2988" free="37592264" total="55574528" percent="67">
  <mem type="tenure" free="37592264" total="55574528" percent="67" micro-fragmented="0">
    <mem type="soa" free="37037256" total="55019520" percent="67" />
    <mem type="loa" free="555008" total="555008" percent="100" />
  </mem>
</mem-info>
<gc-op id="2989" type="compact" timems="23.500" contextid="2983" timestamp="2019-08-08T07:22:26.027">
  <compact-info movecount="38" movebytes="1152" reason="compact to aid heap contraction" />
</gc-op>
<heap-resize id="2990" type="expand" space="tenure" amount="327680" count="1" timems="0.023" reason="satisfy allocation request" timestamp="2019-08-08T07:22:26.028" />
<gc-end id="2991" type="global" contextid="2983" durationms="45.222" usertimems="99.097" systemtimems="0.000" timestamp="2019-08-08T07:22:26.028" activeThreads="16">
  <mem-info id="2992" free="37855712" total="55902208" percent="67">
    <mem type="tenure" free="37855712" total="55902208" percent="67">
      <mem type="soa" free="37297632" total="55344128" percent="67" />
      <mem type="loa" free="558080" total="558080" percent="100" />
    </mem>
  </mem-info>
</gc-end>
<cycle-end id="2993" type="global" contextid="2983" timestamp="2019-08-08T07:22:26.028" />
  <attribute name="elasticGC enabled" value="1" />
  <attribute name= "numThreadsSpecified" value="16" />
  <attribute name="heapSize specified" value="55574528" />
  <attribute name="Current GC Util" value="42" />
  <attribute name= "Current Time Running" value="113638" />
  <attribute name ="GC Interval" value="0" />
  <attribute name="Target GC Util Change" value ="80.000000" />
  <attribute name="Current GC Util Change" value="42.000000"/>
  <attribute name="Current Error" value="126.000000" />
  <attribute name="Output H" value="55877824"/>
  <attribute name="Output I" value="2664"/>
  <attribute name="Output T" value="16"/>
  <attribute name= "Current Time Running" value="113638" />
  <attribute name="GC Util currently" value="42" />
  <attribute name="CPU Util currently" value="49012551926" />
<allocation-satisfied id="2994" threadId="0000000000996F00" bytesRequested="16" />
<af-end id="2995" timestamp="2019-08-08T07:22:26.028" threadId="0000000000997888" success="true" />
<exclusive-end id="2996" timestamp="2019-08-08T07:22:26.028" durationms="45.410" />

<concurrent-kickoff id="2997" timestamp="2019-08-08T07:22:26.098">
  <kickoff reason="threshold reached" targetBytes="5862334" thresholdFreeBytes="795661" remainingFree="729568" tenureFreeBytes="729568" />
</concurrent-kickoff>
<exclusive-start id="2998" timestamp="2019-08-08T07:22:26.098" intervalms="115.026">
  <response-info timems="0.019" idlems="0.019" threads="0" lastid="0000000000996F00" lastname="main" />
</exclusive-start>
<cycle-start id="2999" type="global" contextid="0" timestamp="2019-08-08T07:22:26.098" intervalms="114.977" />
<exclusive-end id="3000" timestamp="2019-08-08T07:22:26.098" durationms="0.021" />

<exclusive-start id="3001" timestamp="2019-08-08T07:22:26.099" intervalms="0.639">
  <response-info timems="0.045" idlems="0.045" threads="0" lastid="0000000000996F00" lastname="main" />
</exclusive-start>
<af-start id="3002" threadId="0000000000997888" totalBytesRequested="16" timestamp="2019-08-08T07:22:26.099" intervalms="115.684" />
<concurrent-aborted id="3003" timestamp="2019-08-08T07:22:26.099">
  <reason value="insufficient progress made" />
</concurrent-aborted>
<cycle-end id="3004" type="global" contextid="2999" timestamp="2019-08-08T07:22:26.099" />
  <attribute name="elasticGC enabled" value="1" />
  <attribute name= "numThreadsSpecified" value="16" />
  <attribute name="heapSize specified" value="55574528" />
  <attribute name="Current GC Util" value="42" />
  <attribute name= "Current Time Running" value="113638" />
  <attribute name ="GC Interval" value="0" />
  <attribute name="Target GC Util Change" value ="80.000000" />
  <attribute name="Current GC Util Change" value="42.000000"/>
  <attribute name="Current Error" value="126.000000" />
  <attribute name="Output H" value="55877824"/>
  <attribute name="Output I" value="2664"/>
  <attribute name="Output T" value="16"/>
  <attribute name= "Current Time Running" value="113638" />
  <attribute name="GC Util currently" value="42" />
  <attribute name="CPU Util currently" value="49012551926" />
<cycle-start id="3005" type="global" contextid="0" timestamp="2019-08-08T07:22:26.099" intervalms="0.719" />
<gc-start id="3006" type="global" contextid="3005" timestamp="2019-08-08T07:22:26.099">
  <mem-info id="3007" free="558080" total="55902208" percent="0">
    <mem type="tenure" free="558080" total="55902208" percent="0">
      <mem type="soa" free="0" total="55344128" percent="0" />
      <mem type="loa" free="558080" total="558080" percent="100" />
    </mem>
  </mem-info>
</gc-start>
<allocation-stats totalBytes="37358328" >
  <allocated-bytes non-tlh="0" tlh="37358328" />
  <largest-consumer threadName="main" threadId="0000000000996F00" bytes="37358328" />
</allocation-stats>
<gc-op id="3008" type="mark" timems="8.377" contextid="3005" timestamp="2019-08-08T07:22:26.107">
  <trace-info objectcount="600715" scancount="521598" scanbytes="13388140" />
  <finalization candidates="80" enqueued="0" />
  <ownableSynchronizers candidates="21" cleared="0" />
  <references type="soft" candidates="3261" cleared="0" enqueued="0" dynamicThreshold="21" maxThreshold="32" />
  <references type="weak" candidates="5606" cleared="0" enqueued="0" />
  <references type="phantom" candidates="97" cleared="0" enqueued="0" />
  <stringconstants candidates="13596" cleared="0"  />
</gc-op>
<gc-op id="3009" type="sweep" timems="13.527" contextid="3005" timestamp="2019-08-08T07:22:26.121" />
<mem-info id="3010" free="37921312" total="55902208" percent="67">
  <mem type="tenure" free="37921312" total="55902208" percent="67" micro-fragmented="0">
    <mem type="soa" free="37363232" total="55344128" percent="67" />
    <mem type="loa" free="558080" total="558080" percent="100" />
  </mem>
</mem-info>
<gc-op id="3011" type="compact" timems="25.301" contextid="3005" timestamp="2019-08-08T07:22:26.146">
  <compact-info movecount="6" movebytes="152" reason="compact to aid heap contraction" />
</gc-op>
<heap-resize id="3012" type="expand" space="tenure" amount="327680" count="1" timems="0.023" reason="satisfy allocation request" timestamp="2019-08-08T07:22:26.147" />
<gc-end id="3013" type="global" contextid="3005" durationms="47.932" usertimems="115.366" systemtimems="0.000" timestamp="2019-08-08T07:22:26.147" activeThreads="16">
  <mem-info id="3014" free="38183464" total="56229888" percent="67">
    <mem type="tenure" free="38183464" total="56229888" percent="67">
      <mem type="soa" free="37621288" total="55667712" percent="67" />
      <mem type="loa" free="562176" total="562176" percent="100" />
    </mem>
  </mem-info>
</gc-end>
<cycle-end id="3015" type="global" contextid="3005" timestamp="2019-08-08T07:22:26.147" />
  <attribute name="elasticGC enabled" value="1" />
  <attribute name= "numThreadsSpecified" value="16" />
  <attribute name="heapSize specified" value="55902208" />
  <attribute name="Current GC Util" value="63" />
  <attribute name= "Current Time Running" value="113757" />
  <attribute name ="GC Interval" value="0" />
  <attribute name="Target GC Util Change" value ="80.000000" />
  <attribute name="Current GC Util Change" value="63.000000"/>
  <attribute name="Current Error" value="90.000000" />
  <attribute name="Output H" value="56205336"/>
  <attribute name="Output I" value="2480"/>
  <attribute name="Output T" value="16"/>
  <attribute name= "Current Time Running" value="113757" />
  <attribute name="GC Util currently" value="63" />
  <attribute name="CPU Util currently" value="45500552030" />
<allocation-satisfied id="3016" threadId="0000000000996F00" bytesRequested="16" />
<af-end id="3017" timestamp="2019-08-08T07:22:26.147" threadId="0000000000997888" success="true" />
<exclusive-end id="3018" timestamp="2019-08-08T07:22:26.147" durationms="48.182" />

<concurrent-kickoff id="3019" timestamp="2019-08-08T07:22:26.402">
  <kickoff reason="threshold reached" targetBytes="5896698" thresholdFreeBytes="800327" remainingFree="795176" tenureFreeBytes="795176" />
</concurrent-kickoff>
<exclusive-start id="3020" timestamp="2019-08-08T07:22:26.402" intervalms="303.489">
  <response-info timems="0.041" idlems="0.041" threads="0" lastid="0000000000996F00" lastname="main" />
</exclusive-start>
<cycle-start id="3021" type="global" contextid="0" timestamp="2019-08-08T07:22:26.402" intervalms="303.408" />
<exclusive-end id="3022" timestamp="2019-08-08T07:22:26.402" durationms="0.019" />

<exclusive-start id="3023" timestamp="2019-08-08T07:22:26.405" intervalms="2.538">
  <response-info timems="0.082" idlems="0.082" threads="0" lastid="0000000000996F00" lastname="main" />
</exclusive-start>
<af-start id="3024" threadId="0000000000997888" totalBytesRequested="32" timestamp="2019-08-08T07:22:26.405" intervalms="306.039" />
<concurrent-aborted id="3025" timestamp="2019-08-08T07:22:26.405">
  <reason value="insufficient progress made" />
</concurrent-aborted>
<cycle-end id="3026" type="global" contextid="3021" timestamp="2019-08-08T07:22:26.405" />
  <attribute name="elasticGC enabled" value="1" />
  <attribute name= "numThreadsSpecified" value="16" />
  <attribute name="heapSize specified" value="55902208" />
  <attribute name="Current GC Util" value="63" />
  <attribute name= "Current Time Running" value="113757" />
  <attribute name ="GC Interval" value="0" />
  <attribute name="Target GC Util Change" value ="80.000000" />
  <attribute name="Current GC Util Change" value="63.000000"/>
  <attribute name="Current Error" value="90.000000" />
  <attribute name="Output H" value="56205336"/>
  <attribute name="Output I" value="2480"/>
  <attribute name="Output T" value="16"/>
  <attribute name= "Current Time Running" value="113757" />
  <attribute name="GC Util currently" value="63" />
  <attribute name="CPU Util currently" value="45500552030" />
<cycle-start id="3027" type="global" contextid="0" timestamp="2019-08-08T07:22:26.405" intervalms="2.790" />
<gc-start id="3028" type="global" contextid="3027" timestamp="2019-08-08T07:22:26.405">
  <mem-info id="3029" free="562176" total="56229888" percent="0">
    <mem type="tenure" free="562176" total="56229888" percent="0">
      <mem type="soa" free="0" total="55667712" percent="0" />
      <mem type="loa" free="562176" total="562176" percent="100" />
    </mem>
  </mem-info>
</gc-start>
<allocation-stats totalBytes="37685024" >
  <allocated-bytes non-tlh="0" tlh="37685024" />
  <largest-consumer threadName="main" threadId="0000000000996F00" bytes="37685024" />
</allocation-stats>
<gc-op id="3030" type="mark" timems="10.360" contextid="3027" timestamp="2019-08-08T07:22:26.415">
  <trace-info objectcount="600714" scancount="521601" scanbytes="13388072" />
  <finalization candidates="80" enqueued="0" />
  <ownableSynchronizers candidates="21" cleared="0" />
  <references type="soft" candidates="3261" cleared="0" enqueued="0" dynamicThreshold="21" maxThreshold="32" />
  <references type="weak" candidates="5606" cleared="0" enqueued="0" />
  <references type="phantom" candidates="97" cleared="0" enqueued="0" />
  <stringconstants candidates="13596" cleared="0"  />
</gc-op>
<gc-op id="3031" type="sweep" timems="7.632" contextid="3027" timestamp="2019-08-08T07:22:26.423" />
<mem-info id="3032" free="38247312" total="56229888" percent="68">
  <mem type="tenure" free="38247312" total="56229888" percent="68" micro-fragmented="0">
    <mem type="soa" free="37685136" total="55667712" percent="67" />
    <mem type="loa" free="562176" total="562176" percent="100" />
  </mem>
</mem-info>
<gc-op id="3033" type="compact" timems="25.003" contextid="3027" timestamp="2019-08-08T07:22:26.448">
  <compact-info movecount="22" movebytes="696" reason="compact to aid heap contraction" />
</gc-op>
<heap-resize id="3034" type="expand" space="tenure" amount="327680" count="1" timems="0.021" reason="satisfy allocation request" timestamp="2019-08-08T07:22:26.449" />
<gc-end id="3035" type="global" contextid="3027" durationms="43.911" usertimems="86.039" systemtimems="0.000" timestamp="2019-08-08T07:22:26.449" activeThreads="16">
  <mem-info id="3036" free="38511208" total="56557568" percent="68">
    <mem type="tenure" free="38511208" total="56557568" percent="68">
      <mem type="soa" free="37945960" total="55992320" percent="67" />
      <mem type="loa" free="565248" total="565248" percent="100" />
    </mem>
  </mem-info>
</gc-end>
<cycle-end id="3037" type="global" contextid="3027" timestamp="2019-08-08T07:22:26.449" />
  <attribute name="elasticGC enabled" value="1" />
  <attribute name= "numThreadsSpecified" value="16" />
  <attribute name="heapSize specified" value="56229888" />
  <attribute name="Current GC Util" value="38" />
  <attribute name= "Current Time Running" value="114059" />
  <attribute name ="GC Interval" value="0" />
  <attribute name="Target GC Util Change" value ="80.000000" />
  <attribute name="Current GC Util Change" value="38.000000"/>
  <attribute name="Current Error" value="42.000000" />
  <attribute name="Output H" value="56532800"/>
  <attribute name="Output I" value="2232"/>
  <attribute name="Output T" value="16"/>
  <attribute name= "Current Time Running" value="114059" />
  <attribute name="GC Util currently" value="38" />
  <attribute name="CPU Util currently" value="46056316880" />
<allocation-satisfied id="3038" threadId="0000000000996F00" bytesRequested="32" />
<af-end id="3039" timestamp="2019-08-08T07:22:26.449" threadId="0000000000997888" success="true" />
<exclusive-end id="3040" timestamp="2019-08-08T07:22:26.449" durationms="44.300" />

<concurrent-kickoff id="3041" timestamp="2019-08-08T07:22:28.225">
  <kickoff reason="threshold reached" targetBytes="5931061" thresholdFreeBytes="804989" remainingFree="729704" tenureFreeBytes="729704" />
</concurrent-kickoff>
<exclusive-start id="3042" timestamp="2019-08-08T07:22:28.225" intervalms="1820.619">
  <response-info timems="0.113" idlems="0.113" threads="0" lastid="0000000000996F00" lastname="main" />
</exclusive-start>
<cycle-start id="3043" type="global" contextid="0" timestamp="2019-08-08T07:22:28.225" intervalms="1820.371" />
<exclusive-end id="3044" timestamp="2019-08-08T07:22:28.225" durationms="0.024" />

<exclusive-start id="3045" timestamp="2019-08-08T07:22:28.236" intervalms="10.570">
  <response-info timems="0.098" idlems="0.098" threads="0" lastid="0000000000996F00" lastname="main" />
</exclusive-start>
<af-start id="3046" threadId="0000000000997888" totalBytesRequested="24" timestamp="2019-08-08T07:22:28.236" intervalms="1831.170" />
<concurrent-aborted id="3047" timestamp="2019-08-08T07:22:28.236">
  <reason value="insufficient progress made" />
</concurrent-aborted>
<cycle-end id="3048" type="global" contextid="3043" timestamp="2019-08-08T07:22:28.236" />
  <attribute name="elasticGC enabled" value="1" />
  <attribute name= "numThreadsSpecified" value="16" />
  <attribute name="heapSize specified" value="56229888" />
  <attribute name="Current GC Util" value="38" />
  <attribute name= "Current Time Running" value="114059" />
  <attribute name ="GC Interval" value="0" />
  <attribute name="Target GC Util Change" value ="80.000000" />
  <attribute name="Current GC Util Change" value="38.000000"/>
  <attribute name="Current Error" value="42.000000" />
  <attribute name="Output H" value="56532800"/>
  <attribute name="Output I" value="2232"/>
  <attribute name="Output T" value="16"/>
  <attribute name= "Current Time Running" value="114059" />
  <attribute name="GC Util currently" value="38" />
  <attribute name="CPU Util currently" value="46056316880" />
<cycle-start id="3049" type="global" contextid="0" timestamp="2019-08-08T07:22:28.236" intervalms="10.654" />
<gc-start id="3050" type="global" contextid="3049" timestamp="2019-08-08T07:22:28.236">
  <mem-info id="3051" free="565248" total="56557568" percent="0">
    <mem type="tenure" free="565248" total="56557568" percent="0">
      <mem type="soa" free="0" total="55992320" percent="0" />
      <mem type="loa" free="565248" total="565248" percent="100" />
    </mem>
  </mem-info>
</gc-start>
<allocation-stats totalBytes="38009112" >
  <allocated-bytes non-tlh="0" tlh="38009112" />
  <largest-consumer threadName="main" threadId="0000000000996F00" bytes="38009112" />
</allocation-stats>
<gc-op id="3052" type="mark" timems="8.748" contextid="3049" timestamp="2019-08-08T07:22:28.245">
  <trace-info objectcount="600753" scancount="521637" scanbytes="13388888" />
  <finalization candidates="80" enqueued="0" />
  <ownableSynchronizers candidates="21" cleared="0" />
  <references type="soft" candidates="3261" cleared="0" enqueued="0" dynamicThreshold="21" maxThreshold="32" />
  <references type="weak" candidates="5606" cleared="0" enqueued="0" />
  <references type="phantom" candidates="97" cleared="0" enqueued="0" />
  <stringconstants candidates="13596" cleared="0"  />
</gc-op>
<gc-op id="3053" type="sweep" timems="8.489" contextid="3049" timestamp="2019-08-08T07:22:28.253" />
<mem-info id="3054" free="38574952" total="56557568" percent="68">
  <mem type="tenure" free="38574952" total="56557568" percent="68" micro-fragmented="0">
    <mem type="soa" free="38009704" total="55992320" percent="67" />
    <mem type="loa" free="565248" total="565248" percent="100" />
  </mem>
</mem-info>
<gc-op id="3055" type="compact" timems="115.297" contextid="3049" timestamp="2019-08-08T07:22:28.369">
  <compact-info movecount="504556" movebytes="12845712" reason="compact to aid heap contraction" />
</gc-op>
<heap-resize id="3056" type="expand" space="tenure" amount="327680" count="1" timems="0.023" reason="satisfy allocation request" timestamp="2019-08-08T07:22:28.369" />
<gc-end id="3057" type="global" contextid="3049" durationms="133.318" usertimems="251.673" systemtimems="0.000" timestamp="2019-08-08T07:22:28.369" activeThreads="16">
  <mem-info id="3058" free="38838024" total="56885248" percent="68">
    <mem type="tenure" free="38838024" total="56885248" percent="68">
      <mem type="soa" free="38269704" total="56316928" percent="67" />
      <mem type="loa" free="568320" total="568320" percent="100" />
    </mem>
  </mem-info>
</gc-end>
<cycle-end id="3059" type="global" contextid="3049" timestamp="2019-08-08T07:22:28.369" />
  <attribute name="elasticGC enabled" value="1" />
  <attribute name= "numThreadsSpecified" value="16" />
  <attribute name="heapSize specified" value="56557568" />
  <attribute name="Current GC Util" value="95" />
  <attribute name= "Current Time Running" value="115979" />
  <attribute name ="GC Interval" value="0" />
  <attribute name="Target GC Util Change" value ="80.000000" />
  <attribute name="Current GC Util Change" value="95.000000"/>
  <attribute name="Current Error" value="-313.000000" />
  <attribute name="Output H" value="56858840"/>
  <attribute name="Output I" value="384"/>
  <attribute name="Output T" value="16"/>
  <attribute name= "Current Time Running" value="115979" />
  <attribute name="GC Util currently" value="95" />
  <attribute name="CPU Util currently" value="9997844934" />
<allocation-satisfied id="3060" threadId="0000000000996F00" bytesRequested="24" />
<af-end id="3061" timestamp="2019-08-08T07:22:28.369" threadId="0000000000997888" success="true" />
<exclusive-end id="3062" timestamp="2019-08-08T07:22:28.369" durationms="133.536" />

<concurrent-kickoff id="3063" timestamp="2019-08-08T07:22:28.549">
  <kickoff reason="threshold reached" targetBytes="5965425" thresholdFreeBytes="809655" remainingFree="794376" tenureFreeBytes="794376" />
</concurrent-kickoff>
<exclusive-start id="3064" timestamp="2019-08-08T07:22:28.549" intervalms="313.302">
  <response-info timems="0.096" idlems="0.096" threads="0" lastid="0000000000996F00" lastname="main" />
</exclusive-start>
<cycle-start id="3065" type="global" contextid="0" timestamp="2019-08-08T07:22:28.549" intervalms="313.223" />
<exclusive-end id="3066" timestamp="2019-08-08T07:22:28.549" durationms="0.032" />

<exclusive-start id="3067" timestamp="2019-08-08T07:22:28.550" intervalms="1.196">
  <response-info timems="0.051" idlems="0.051" threads="0" lastid="0000000000996F00" lastname="main" />
</exclusive-start>
<af-start id="3068" threadId="0000000000997888" totalBytesRequested="32" timestamp="2019-08-08T07:22:28.550" intervalms="314.491" />
<concurrent-aborted id="3069" timestamp="2019-08-08T07:22:28.550">
  <reason value="insufficient progress made" />
</concurrent-aborted>
<cycle-end id="3070" type="global" contextid="3065" timestamp="2019-08-08T07:22:28.550" />
  <attribute name="elasticGC enabled" value="1" />
  <attribute name= "numThreadsSpecified" value="16" />
  <attribute name="heapSize specified" value="56557568" />
  <attribute name="Current GC Util" value="95" />
  <attribute name= "Current Time Running" value="115979" />
  <attribute name ="GC Interval" value="0" />
  <attribute name="Target GC Util Change" value ="80.000000" />
  <attribute name="Current GC Util Change" value="95.000000"/>
  <attribute name="Current Error" value="-313.000000" />
  <attribute name="Output H" value="56858840"/>
  <attribute name="Output I" value="384"/>
  <attribute name="Output T" value="16"/>
  <attribute name= "Current Time Running" value="115979" />
  <attribute name="GC Util currently" value="95" />
  <attribute name="CPU Util currently" value="9997844934" />
<cycle-start id="3071" type="global" contextid="0" timestamp="2019-08-08T07:22:28.550" intervalms="1.254" />
<gc-start id="3072" type="global" contextid="3071" timestamp="2019-08-08T07:22:28.551">
  <mem-info id="3073" free="568320" total="56885248" percent="0">
    <mem type="tenure" free="568320" total="56885248" percent="0">
      <mem type="soa" free="0" total="56316928" percent="0" />
      <mem type="loa" free="568320" total="568320" percent="100" />
    </mem>
  </mem-info>
</gc-start>
<allocation-stats totalBytes="38332280" >
  <allocated-bytes non-tlh="0" tlh="38332280" />
  <largest-consumer threadName="main" threadId="0000000000996F00" bytes="38332280" />
</allocation-stats>
<gc-op id="3074" type="mark" timems="11.347" contextid="3071" timestamp="2019-08-08T07:22:28.562">
  <trace-info objectcount="600753" scancount="521650" scanbytes="13388888" />
  <finalization candidates="80" enqueued="0" />
  <ownableSynchronizers candidates="21" cleared="0" />
  <references type="soft" candidates="3261" cleared="0" enqueued="0" dynamicThreshold="21" maxThreshold="32" />
  <references type="weak" candidates="5606" cleared="0" enqueued="0" />
  <references type="phantom" candidates="97" cleared="0" enqueued="0" />
  <stringconstants candidates="13596" cleared="0"  />
</gc-op>
<gc-op id="3075" type="sweep" timems="15.053" contextid="3071" timestamp="2019-08-08T07:22:28.577" />
<mem-info id="3076" free="38903560" total="56885248" percent="68">
  <mem type="tenure" free="38903560" total="56885248" percent="68" micro-fragmented="0">
    <mem type="soa" free="38335240" total="56316928" percent="68" />
    <mem type="loa" free="568320" total="568320" percent="100" />
  </mem>
</mem-info>
<gc-op id="3077" type="compact" timems="26.643" contextid="3071" timestamp="2019-08-08T07:22:28.604">
  <compact-info movecount="1" movebytes="24" reason="compact to aid heap contraction" />
</gc-op>
<heap-resize id="3078" type="expand" space="tenure" amount="327680" count="1" timems="0.021" reason="satisfy allocation request" timestamp="2019-08-08T07:22:28.604" />
<gc-end id="3079" type="global" contextid="3071" durationms="53.799" usertimems="112.057" systemtimems="0.000" timestamp="2019-08-08T07:22:28.604" activeThreads="16">
  <mem-info id="3080" free="39165704" total="57212928" percent="68">
    <mem type="tenure" free="39165704" total="57212928" percent="68">
      <mem type="soa" free="38594312" total="56641536" percent="68" />
      <mem type="loa" free="571392" total="571392" percent="100" />
    </mem>
  </mem-info>
</gc-end>
<cycle-end id="3081" type="global" contextid="3071" timestamp="2019-08-08T07:22:28.604" />
  <attribute name="elasticGC enabled" value="1" />
  <attribute name= "numThreadsSpecified" value="16" />
  <attribute name="heapSize specified" value="56885248" />
  <attribute name="Current GC Util" value="41" />
  <attribute name= "Current Time Running" value="116214" />
  <attribute name ="GC Interval" value="0" />
  <attribute name="Target GC Util Change" value ="80.000000" />
  <attribute name="Current GC Util Change" value="41.000000"/>
  <attribute name="Current Error" value="-121.000000" />
  <attribute name="Output H" value="57187408"/>
  <attribute name="Output I" value="1384"/>
  <attribute name="Output T" value="16"/>
  <attribute name= "Current Time Running" value="116214" />
  <attribute name="GC Util currently" value="41" />
  <attribute name="CPU Util currently" value="43242136946" />
<allocation-satisfied id="3082" threadId="0000000000996F00" bytesRequested="32" />
<af-end id="3083" timestamp="2019-08-08T07:22:28.604" threadId="0000000000997888" success="true" />
<exclusive-end id="3084" timestamp="2019-08-08T07:22:28.604" durationms="54.038" />

<concurrent-kickoff id="3085" timestamp="2019-08-08T07:22:28.728">
  <kickoff reason="threshold reached" targetBytes="5999787" thresholdFreeBytes="814317" remainingFree="728840" tenureFreeBytes="728840" />
</concurrent-kickoff>
<exclusive-start id="3086" timestamp="2019-08-08T07:22:28.728" intervalms="177.482">
  <response-info timems="0.116" idlems="0.116" threads="0" lastid="0000000000996F00" lastname="main" />
</exclusive-start>
<cycle-start id="3087" type="global" contextid="0" timestamp="2019-08-08T07:22:28.728" intervalms="177.422" />
<exclusive-end id="3088" timestamp="2019-08-08T07:22:28.728" durationms="0.030" />

<exclusive-start id="3089" timestamp="2019-08-08T07:22:28.729" intervalms="1.222">
  <response-info timems="0.053" idlems="0.053" threads="0" lastid="0000000000996F00" lastname="main" />
</exclusive-start>
<af-start id="3090" threadId="0000000000997888" totalBytesRequested="32" timestamp="2019-08-08T07:22:28.729" intervalms="178.706" />
<concurrent-aborted id="3091" timestamp="2019-08-08T07:22:28.729">
  <reason value="insufficient progress made" />
</concurrent-aborted>
<cycle-end id="3092" type="global" contextid="3087" timestamp="2019-08-08T07:22:28.729" />
  <attribute name="elasticGC enabled" value="1" />
  <attribute name= "numThreadsSpecified" value="16" />
  <attribute name="heapSize specified" value="56885248" />
  <attribute name="Current GC Util" value="41" />
  <attribute name= "Current Time Running" value="116214" />
  <attribute name ="GC Interval" value="0" />
  <attribute name="Target GC Util Change" value ="80.000000" />
  <attribute name="Current GC Util Change" value="41.000000"/>
  <attribute name="Current Error" value="-121.000000" />
  <attribute name="Output H" value="57187408"/>
  <attribute name="Output I" value="1384"/>
  <attribute name="Output T" value="16"/>
  <attribute name= "Current Time Running" value="116214" />
  <attribute name="GC Util currently" value="41" />
  <attribute name="CPU Util currently" value="43242136946" />
<cycle-start id="3093" type="global" contextid="0" timestamp="2019-08-08T07:22:28.729" intervalms="1.288" />
<gc-start id="3094" type="global" contextid="3093" timestamp="2019-08-08T07:22:28.729">
  <mem-info id="3095" free="571392" total="57212928" percent="0">
    <mem type="tenure" free="571392" total="57212928" percent="0">
      <mem type="soa" free="0" total="56641536" percent="0" />
      <mem type="loa" free="571392" total="571392" percent="100" />
    </mem>
  </mem-info>
</gc-start>
<allocation-stats totalBytes="38657104" >
  <allocated-bytes non-tlh="0" tlh="38657104" />
  <largest-consumer threadName="main" threadId="0000000000996F00" bytes="38657104" />
</allocation-stats>
<gc-op id="3096" type="mark" timems="9.963" contextid="3093" timestamp="2019-08-08T07:22:28.739">
  <trace-info objectcount="600769" scancount="521651" scanbytes="13389276" />
  <finalization candidates="80" enqueued="0" />
  <ownableSynchronizers candidates="21" cleared="0" />
  <references type="soft" candidates="3261" cleared="0" enqueued="0" dynamicThreshold="21" maxThreshold="32" />
  <references type="weak" candidates="5606" cleared="0" enqueued="0" />
  <references type="phantom" candidates="97" cleared="0" enqueued="0" />
  <stringconstants candidates="13596" cleared="0"  />
</gc-op>
<gc-op id="3097" type="sweep" timems="9.908" contextid="3093" timestamp="2019-08-08T07:22:28.749" />
<mem-info id="3098" free="39229904" total="57212928" percent="68">
  <mem type="tenure" free="39229904" total="57212928" percent="68" micro-fragmented="0">
    <mem type="soa" free="38658512" total="56641536" percent="68" />
    <mem type="loa" free="571392" total="571392" percent="100" />
  </mem>
</mem-info>
<gc-op id="3099" type="compact" timems="24.370" contextid="3093" timestamp="2019-08-08T07:22:28.774">
  <compact-info movecount="28" movebytes="840" reason="compact to aid heap contraction" />
</gc-op>
<heap-resize id="3100" type="expand" space="tenure" amount="327680" count="1" timems="0.021" reason="satisfy allocation request" timestamp="2019-08-08T07:22:28.775" />
<gc-end id="3101" type="global" contextid="3093" durationms="45.472" usertimems="127.933" systemtimems="0.000" timestamp="2019-08-08T07:22:28.775" activeThreads="16">
  <mem-info id="3102" free="39492984" total="57540608" percent="68">
    <mem type="tenure" free="39492984" total="57540608" percent="68">
      <mem type="soa" free="38918520" total="56966144" percent="68" />
      <mem type="loa" free="574464" total="574464" percent="100" />
    </mem>
  </mem-info>
</gc-end>
<cycle-end id="3103" type="global" contextid="3093" timestamp="2019-08-08T07:22:28.775" />
  <attribute name="elasticGC enabled" value="1" />
  <attribute name= "numThreadsSpecified" value="16" />
  <attribute name="heapSize specified" value="57212928" />
  <attribute name="Current GC Util" value="32" />
  <attribute name= "Current Time Running" value="116384" />
  <attribute name ="GC Interval" value="0" />
  <attribute name="Target GC Util Change" value ="80.000000" />
  <attribute name="Current GC Util Change" value="32.000000"/>
  <attribute name="Current Error" value="-233.000000" />
  <attribute name="Output H" value="57514568"/>
  <attribute name="Output I" value="800"/>
  <attribute name="Output T" value="16"/>
  <attribute name= "Current Time Running" value="116384" />
  <attribute name="GC Util currently" value="32" />
  <attribute name="CPU Util currently" value="47261744294" />
<allocation-satisfied id="3104" threadId="0000000000996F00" bytesRequested="32" />
<af-end id="3105" timestamp="2019-08-08T07:22:28.775" threadId="0000000000997888" success="true" />
<exclusive-end id="3106" timestamp="2019-08-08T07:22:28.775" durationms="45.855" />

<concurrent-kickoff id="3107" timestamp="2019-08-08T07:22:28.970">
  <kickoff reason="threshold reached" targetBytes="6034149" thresholdFreeBytes="818980" remainingFree="793976" tenureFreeBytes="793976" />
</concurrent-kickoff>
<exclusive-start id="3108" timestamp="2019-08-08T07:22:28.970" intervalms="240.837">
  <response-info timems="0.117" idlems="0.117" threads="0" lastid="0000000000996F00" lastname="main" />
</exclusive-start>
<cycle-start id="3109" type="global" contextid="0" timestamp="2019-08-08T07:22:28.970" intervalms="240.762" />
<exclusive-end id="3110" timestamp="2019-08-08T07:22:28.970" durationms="0.017" />

<exclusive-start id="3111" timestamp="2019-08-08T07:22:28.972" intervalms="2.502">
  <response-info timems="0.054" idlems="0.054" threads="0" lastid="0000000000996F00" lastname="main" />
</exclusive-start>
<af-start id="3112" threadId="0000000000997888" totalBytesRequested="32" timestamp="2019-08-08T07:22:28.972" intervalms="243.340" />
<concurrent-aborted id="3113" timestamp="2019-08-08T07:22:28.972">
  <reason value="insufficient progress made" />
</concurrent-aborted>
<cycle-end id="3114" type="global" contextid="3109" timestamp="2019-08-08T07:22:28.972" />
  <attribute name="elasticGC enabled" value="1" />
  <attribute name= "numThreadsSpecified" value="16" />
  <attribute name="heapSize specified" value="57212928" />
  <attribute name="Current GC Util" value="32" />
  <attribute name= "Current Time Running" value="116384" />
  <attribute name ="GC Interval" value="0" />
  <attribute name="Target GC Util Change" value ="80.000000" />
  <attribute name="Current GC Util Change" value="32.000000"/>
  <attribute name="Current Error" value="-233.000000" />
  <attribute name="Output H" value="57514568"/>
  <attribute name="Output I" value="800"/>
  <attribute name="Output T" value="16"/>
  <attribute name= "Current Time Running" value="116384" />
  <attribute name="GC Util currently" value="32" />
  <attribute name="CPU Util currently" value="47261744294" />
<cycle-start id="3115" type="global" contextid="0" timestamp="2019-08-08T07:22:28.972" intervalms="2.564" />
<gc-start id="3116" type="global" contextid="3115" timestamp="2019-08-08T07:22:28.973">
  <mem-info id="3117" free="574464" total="57540608" percent="0">
    <mem type="tenure" free="574464" total="57540608" percent="0">
      <mem type="soa" free="0" total="56966144" percent="0" />
      <mem type="loa" free="574464" total="574464" percent="100" />
    </mem>
  </mem-info>
</gc-start>
<allocation-stats totalBytes="38981464" >
  <allocated-bytes non-tlh="0" tlh="38981464" />
  <largest-consumer threadName="main" threadId="0000000000996F00" bytes="38981464" />
</allocation-stats>
<gc-op id="3118" type="mark" timems="8.010" contextid="3115" timestamp="2019-08-08T07:22:28.981">
  <trace-info objectcount="600774" scancount="521658" scanbytes="13389412" />
  <finalization candidates="80" enqueued="0" />
  <ownableSynchronizers candidates="21" cleared="0" />
  <references type="soft" candidates="3261" cleared="0" enqueued="0" dynamicThreshold="21" maxThreshold="32" />
  <references type="weak" candidates="5606" cleared="0" enqueued="0" />
  <references type="phantom" candidates="97" cleared="0" enqueued="0" />
  <stringconstants candidates="13596" cleared="0"  />
</gc-op>
<gc-op id="3119" type="sweep" timems="17.377" contextid="3115" timestamp="2019-08-08T07:22:28.998" />
<mem-info id="3120" free="39556992" total="57540608" percent="68">
  <mem type="tenure" free="39556992" total="57540608" percent="68" micro-fragmented="0">
    <mem type="soa" free="38982528" total="56966144" percent="68" />
    <mem type="loa" free="574464" total="574464" percent="100" />
  </mem>
</mem-info>
<gc-op id="3121" type="compact" timems="25.145" contextid="3115" timestamp="2019-08-08T07:22:29.023">
  <compact-info movecount="26" movebytes="816" reason="compact to aid heap contraction" />
</gc-op>
<heap-resize id="3122" type="expand" space="tenure" amount="327680" count="1" timems="0.021" reason="satisfy allocation request" timestamp="2019-08-08T07:22:29.024" />
<gc-end id="3123" type="global" contextid="3115" durationms="51.456" usertimems="105.089" systemtimems="0.000" timestamp="2019-08-08T07:22:29.024" activeThreads="16">
  <mem-info id="3124" free="39820528" total="57868288" percent="68">
    <mem type="tenure" free="39820528" total="57868288" percent="68">
      <mem type="soa" free="39241968" total="57289728" percent="68" />
      <mem type="loa" free="578560" total="578560" percent="100" />
    </mem>
  </mem-info>
</gc-end>
<cycle-end id="3125" type="global" contextid="3115" timestamp="2019-08-08T07:22:29.024" />
  <attribute name="elasticGC enabled" value="1" />
  <attribute name= "numThreadsSpecified" value="16" />
  <attribute name="heapSize specified" value="57540608" />
  <attribute name="Current GC Util" value="59" />
  <attribute name= "Current Time Running" value="116634" />
  <attribute name ="GC Interval" value="0" />
  <attribute name="Target GC Util Change" value ="80.000000" />
  <attribute name="Current GC Util Change" value="59.000000"/>
  <attribute name="Current Error" value="148.000000" />
  <attribute name="Output H" value="57844008"/>
  <attribute name="Output I" value="2784"/>
  <attribute name="Output T" value="16"/>
  <attribute name= "Current Time Running" value="116634" />
  <attribute name="GC Util currently" value="59" />
  <attribute name="CPU Util currently" value="45765402374" />
<allocation-satisfied id="3126" threadId="0000000000996F00" bytesRequested="32" />
<af-end id="3127" timestamp="2019-08-08T07:22:29.024" threadId="0000000000997888" success="true" />
<exclusive-end id="3128" timestamp="2019-08-08T07:22:29.024" durationms="51.641" />

<concurrent-kickoff id="3129" timestamp="2019-08-08T07:22:29.268">
  <kickoff reason="threshold reached" targetBytes="6068513" thresholdFreeBytes="823645" remainingFree="728304" tenureFreeBytes="728304" />
</concurrent-kickoff>
<exclusive-start id="3130" timestamp="2019-08-08T07:22:29.268" intervalms="296.001">
  <response-info timems="0.069" idlems="0.069" threads="0" lastid="0000000000996F00" lastname="main" />
</exclusive-start>
<cycle-start id="3131" type="global" contextid="0" timestamp="2019-08-08T07:22:29.268" intervalms="295.945" />
<exclusive-end id="3132" timestamp="2019-08-08T07:22:29.268" durationms="0.023" />

<exclusive-start id="3133" timestamp="2019-08-08T07:22:29.270" intervalms="1.520">
  <response-info timems="0.162" idlems="0.162" threads="0" lastid="0000000000996F00" lastname="main" />
</exclusive-start>
<af-start id="3134" threadId="0000000000997888" totalBytesRequested="40" timestamp="2019-08-08T07:22:29.270" intervalms="297.799" />
<concurrent-aborted id="3135" timestamp="2019-08-08T07:22:29.270">
  <reason value="insufficient progress made" />
</concurrent-aborted>
<cycle-end id="3136" type="global" contextid="3131" timestamp="2019-08-08T07:22:29.270" />
  <attribute name="elasticGC enabled" value="1" />
  <attribute name= "numThreadsSpecified" value="16" />
  <attribute name="heapSize specified" value="57540608" />
  <attribute name="Current GC Util" value="59" />
  <attribute name= "Current Time Running" value="116634" />
  <attribute name ="GC Interval" value="0" />
  <attribute name="Target GC Util Change" value ="80.000000" />
  <attribute name="Current GC Util Change" value="59.000000"/>
  <attribute name="Current Error" value="148.000000" />
  <attribute name="Output H" value="57844008"/>
  <attribute name="Output I" value="2784"/>
  <attribute name="Output T" value="16"/>
  <attribute name= "Current Time Running" value="116634" />
  <attribute name="GC Util currently" value="59" />
  <attribute name="CPU Util currently" value="45765402374" />
<cycle-start id="3137" type="global" contextid="0" timestamp="2019-08-08T07:22:29.270" intervalms="1.859" />
<gc-start id="3138" type="global" contextid="3137" timestamp="2019-08-08T07:22:29.270">
  <mem-info id="3139" free="578560" total="57868288" percent="0">
    <mem type="tenure" free="578560" total="57868288" percent="0">
      <mem type="soa" free="0" total="57289728" percent="0" />
      <mem type="loa" free="578560" total="578560" percent="100" />
    </mem>
  </mem-info>
</gc-start>
<allocation-stats totalBytes="39304400" >
  <allocated-bytes non-tlh="0" tlh="39304400" />
  <largest-consumer threadName="main" threadId="0000000000996F00" bytes="39304400" />
</allocation-stats>
<gc-op id="3140" type="mark" timems="9.335" contextid="3137" timestamp="2019-08-08T07:22:29.280">
  <trace-info objectcount="600779" scancount="521669" scanbytes="13389492" />
  <finalization candidates="80" enqueued="0" />
  <ownableSynchronizers candidates="21" cleared="0" />
  <references type="soft" candidates="3261" cleared="0" enqueued="0" dynamicThreshold="22" maxThreshold="32" />
  <references type="weak" candidates="5606" cleared="0" enqueued="0" />
  <references type="phantom" candidates="97" cleared="0" enqueued="0" />
  <stringconstants candidates="13596" cleared="0"  />
</gc-op>
<gc-op id="3141" type="sweep" timems="21.100" contextid="3137" timestamp="2019-08-08T07:22:29.301" />
<mem-info id="3142" free="39885800" total="57868288" percent="68">
  <mem type="tenure" free="39885800" total="57868288" percent="68" micro-fragmented="0">
    <mem type="soa" free="39307240" total="57289728" percent="68" />
    <mem type="loa" free="578560" total="578560" percent="100" />
  </mem>
</mem-info>
<gc-op id="3143" type="compact" timems="24.448" contextid="3137" timestamp="2019-08-08T07:22:29.325">
  <compact-info movecount="13" movebytes="312" reason="compact to aid heap contraction" />
</gc-op>
<heap-resize id="3144" type="expand" space="tenure" amount="327680" count="1" timems="0.119" reason="satisfy allocation request" timestamp="2019-08-08T07:22:29.326" />
<gc-end id="3145" type="global" contextid="3137" durationms="55.871" usertimems="168.632" systemtimems="0.000" timestamp="2019-08-08T07:22:29.326" activeThreads="16">
  <mem-info id="3146" free="40148120" total="58195968" percent="68">
    <mem type="tenure" free="40148120" total="58195968" percent="68">
      <mem type="soa" free="39566488" total="57614336" percent="68" />
      <mem type="loa" free="581632" total="581632" percent="100" />
    </mem>
  </mem-info>
</gc-end>
<cycle-end id="3147" type="global" contextid="3137" timestamp="2019-08-08T07:22:29.326" />
  <attribute name="elasticGC enabled" value="1" />
  <attribute name= "numThreadsSpecified" value="16" />
  <attribute name="heapSize specified" value="57868288" />
  <attribute name="Current GC Util" value="51" />
  <attribute name= "Current Time Running" value="116936" />
  <attribute name ="GC Interval" value="0" />
  <attribute name="Target GC Util Change" value ="80.000000" />
  <attribute name="Current GC Util Change" value="51.000000"/>
  <attribute name="Current Error" value="100.000000" />
  <attribute name="Output H" value="58171464"/>
  <attribute name="Output I" value="2528"/>
  <attribute name="Output T" value="16"/>
  <attribute name= "Current Time Running" value="116936" />
  <attribute name="GC Util currently" value="51" />
  <attribute name="CPU Util currently" value="47126541102" />
<allocation-satisfied id="3148" threadId="0000000000996F00" bytesRequested="40" />
<af-end id="3149" timestamp="2019-08-08T07:22:29.326" threadId="0000000000997888" success="true" />
<exclusive-end id="3150" timestamp="2019-08-08T07:22:29.326" durationms="56.353" />

<concurrent-kickoff id="3151" timestamp="2019-08-08T07:22:30.311">
  <kickoff reason="threshold reached" targetBytes="6102876" thresholdFreeBytes="828308" remainingFree="793392" tenureFreeBytes="793392" />
</concurrent-kickoff>
<exclusive-start id="3152" timestamp="2019-08-08T07:22:30.311" intervalms="1041.507">
  <response-info timems="0.141" idlems="0.141" threads="0" lastid="0000000000996F00" lastname="main" />
</exclusive-start>
<cycle-start id="3153" type="global" contextid="0" timestamp="2019-08-08T07:22:30.311" intervalms="1041.170" />
<exclusive-end id="3154" timestamp="2019-08-08T07:22:30.311" durationms="0.025" />

<exclusive-start id="3155" timestamp="2019-08-08T07:22:30.313" intervalms="1.553">
  <response-info timems="0.071" idlems="0.071" threads="0" lastid="0000000000996F00" lastname="main" />
</exclusive-start>
<af-start id="3156" threadId="0000000000997888" totalBytesRequested="520" timestamp="2019-08-08T07:22:30.313" intervalms="1042.781" />
<concurrent-aborted id="3157" timestamp="2019-08-08T07:22:30.313">
  <reason value="insufficient progress made" />
</concurrent-aborted>
<cycle-end id="3158" type="global" contextid="3153" timestamp="2019-08-08T07:22:30.313" />
  <attribute name="elasticGC enabled" value="1" />
  <attribute name= "numThreadsSpecified" value="16" />
  <attribute name="heapSize specified" value="57868288" />
  <attribute name="Current GC Util" value="51" />
  <attribute name= "Current Time Running" value="116936" />
  <attribute name ="GC Interval" value="0" />
  <attribute name="Target GC Util Change" value ="80.000000" />
  <attribute name="Current GC Util Change" value="51.000000"/>
  <attribute name="Current Error" value="100.000000" />
  <attribute name="Output H" value="58171464"/>
  <attribute name="Output I" value="2528"/>
  <attribute name="Output T" value="16"/>
  <attribute name= "Current Time Running" value="116936" />
  <attribute name="GC Util currently" value="51" />
  <attribute name="CPU Util currently" value="47126541102" />
<cycle-start id="3159" type="global" contextid="0" timestamp="2019-08-08T07:22:30.313" intervalms="1.611" />
<gc-start id="3160" type="global" contextid="3159" timestamp="2019-08-08T07:22:30.313">
  <mem-info id="3161" free="581632" total="58195968" percent="0">
    <mem type="tenure" free="581632" total="58195968" percent="0">
      <mem type="soa" free="0" total="57614336" percent="0" />
      <mem type="loa" free="581632" total="581632" percent="100" />
    </mem>
  </mem-info>
</gc-start>
<allocation-stats totalBytes="39611432" >
  <allocated-bytes non-tlh="360" tlh="39611072" />
  <largest-consumer threadName="main" threadId="0000000000996F00" bytes="39611432" />
</allocation-stats>
<gc-op id="3162" type="mark" timems="9.325" contextid="3159" timestamp="2019-08-08T07:22:30.322">
  <trace-info objectcount="600819" scancount="521696" scanbytes="13390100" />
  <finalization candidates="80" enqueued="0" />
  <ownableSynchronizers candidates="21" cleared="0" />
  <references type="soft" candidates="3261" cleared="0" enqueued="0" dynamicThreshold="22" maxThreshold="32" />
  <references type="weak" candidates="5608" cleared="0" enqueued="0" />
  <references type="phantom" candidates="97" cleared="0" enqueued="0" />
  <stringconstants candidates="13602" cleared="0"  />
</gc-op>
<gc-op id="3163" type="sweep" timems="7.246" contextid="3159" timestamp="2019-08-08T07:22:30.330" />
<mem-info id="3164" free="40209912" total="58195968" percent="69">
  <mem type="tenure" free="40209912" total="58195968" percent="69" micro-fragmented="0">
    <mem type="soa" free="39628280" total="57614336" percent="68" />
    <mem type="loa" free="581632" total="581632" percent="100" />
  </mem>
</mem-info>
<gc-op id="3165" type="compact" timems="122.033" contextid="3159" timestamp="2019-08-08T07:22:30.452">
  <compact-info movecount="504253" movebytes="12835400" reason="compact to aid heap contraction" />
</gc-op>
<heap-resize id="3166" type="expand" space="tenure" amount="327680" count="1" timems="0.022" reason="satisfy allocation request" timestamp="2019-08-08T07:22:30.452" />
<gc-end id="3167" type="global" contextid="3159" durationms="139.314" usertimems="187.508" systemtimems="0.000" timestamp="2019-08-08T07:22:30.452" activeThreads="16">
  <mem-info id="3168" free="40474024" total="58523648" percent="69">
    <mem type="tenure" free="40474024" total="58523648" percent="69">
      <mem type="soa" free="39889320" total="57938944" percent="68" />
      <mem type="loa" free="584704" total="584704" percent="100" />
    </mem>
  </mem-info>
</gc-end>
<cycle-end id="3169" type="global" contextid="3159" timestamp="2019-08-08T07:22:30.452" />
  <attribute name="elasticGC enabled" value="1" />
  <attribute name= "numThreadsSpecified" value="16" />
  <attribute name="heapSize specified" value="58195968" />
  <attribute name="Current GC Util" value="11" />
  <attribute name= "Current Time Running" value="118062" />
  <attribute name ="GC Interval" value="0" />
  <attribute name="Target GC Util Change" value ="80.000000" />
  <attribute name="Current GC Util Change" value="11.000000"/>
  <attribute name="Current Error" value="69.000000" />
  <attribute name="Output H" value="58499000"/>
  <attribute name="Output I" value="2368"/>
  <attribute name="Output T" value="16"/>
  <attribute name= "Current Time Running" value="118062" />
  <attribute name="GC Util currently" value="11" />
  <attribute name="CPU Util currently" value="9445641519" />
<allocation-satisfied id="3170" threadId="0000000000996F00" bytesRequested="520" />
<af-end id="3171" timestamp="2019-08-08T07:22:30.452" threadId="0000000000997888" success="true" />
<exclusive-end id="3172" timestamp="2019-08-08T07:22:30.452" durationms="139.505" />

<concurrent-kickoff id="3173" timestamp="2019-08-08T07:22:30.504">
  <kickoff reason="threshold reached" targetBytes="6137239" thresholdFreeBytes="832973" remainingFree="726440" tenureFreeBytes="726440" />
</concurrent-kickoff>
<exclusive-start id="3174" timestamp="2019-08-08T07:22:30.504" intervalms="190.803">
  <response-info timems="0.054" idlems="0.054" threads="0" lastid="0000000000996F00" lastname="main" />
</exclusive-start>
<cycle-start id="3175" type="global" contextid="0" timestamp="2019-08-08T07:22:30.504" intervalms="190.739" />
<exclusive-end id="3176" timestamp="2019-08-08T07:22:30.504" durationms="0.020" />

<exclusive-start id="3177" timestamp="2019-08-08T07:22:30.504" intervalms="0.553">
  <response-info timems="0.049" idlems="0.049" threads="0" lastid="0000000000996F00" lastname="main" />
</exclusive-start>
<af-start id="3178" threadId="0000000000997888" totalBytesRequested="112" timestamp="2019-08-08T07:22:30.504" intervalms="191.353" />
<concurrent-aborted id="3179" timestamp="2019-08-08T07:22:30.504">
  <reason value="insufficient progress made" />
</concurrent-aborted>
<cycle-end id="3180" type="global" contextid="3175" timestamp="2019-08-08T07:22:30.504" />
  <attribute name="elasticGC enabled" value="1" />
  <attribute name= "numThreadsSpecified" value="16" />
  <attribute name="heapSize specified" value="58195968" />
  <attribute name="Current GC Util" value="11" />
  <attribute name= "Current Time Running" value="118062" />
  <attribute name ="GC Interval" value="0" />
  <attribute name="Target GC Util Change" value ="80.000000" />
  <attribute name="Current GC Util Change" value="11.000000"/>
  <attribute name="Current Error" value="69.000000" />
  <attribute name="Output H" value="58499000"/>
  <attribute name="Output I" value="2368"/>
  <attribute name="Output T" value="16"/>
  <attribute name= "Current Time Running" value="118062" />
  <attribute name="GC Util currently" value="11" />
  <attribute name="CPU Util currently" value="9445641519" />
<cycle-start id="3181" type="global" contextid="0" timestamp="2019-08-08T07:22:30.504" intervalms="0.609" />
<gc-start id="3182" type="global" contextid="3181" timestamp="2019-08-08T07:22:30.504">
  <mem-info id="3183" free="584704" total="58523648" percent="0">
    <mem type="tenure" free="584704" total="58523648" percent="0">
      <mem type="soa" free="0" total="57938944" percent="0" />
      <mem type="loa" free="584704" total="584704" percent="100" />
    </mem>
  </mem-info>
</gc-start>
<allocation-stats totalBytes="39935208" >
  <allocated-bytes non-tlh="0" tlh="39935208" />
  <largest-consumer threadName="main" threadId="0000000000996F00" bytes="39935208" />
</allocation-stats>
<gc-op id="3184" type="mark" timems="17.836" contextid="3181" timestamp="2019-08-08T07:22:30.522">
  <trace-info objectcount="600821" scancount="521696" scanbytes="13390116" />
  <finalization candidates="80" enqueued="0" />
  <ownableSynchronizers candidates="21" cleared="0" />
  <references type="soft" candidates="3261" cleared="0" enqueued="0" dynamicThreshold="22" maxThreshold="32" />
  <references type="weak" candidates="5608" cleared="0" enqueued="0" />
  <references type="phantom" candidates="97" cleared="0" enqueued="0" />
  <stringconstants candidates="13602" cleared="0"  />
</gc-op>
<gc-op id="3185" type="sweep" timems="9.694" contextid="3181" timestamp="2019-08-08T07:22:30.532" />
<mem-info id="3186" free="40539328" total="58523648" percent="69">
  <mem type="tenure" free="40539328" total="58523648" percent="69" micro-fragmented="0">
    <mem type="soa" free="39954624" total="57938944" percent="68" />
    <mem type="loa" free="584704" total="584704" percent="100" />
  </mem>
</mem-info>
<gc-op id="3187" type="compact" timems="24.079" contextid="3181" timestamp="2019-08-08T07:22:30.556">
  <compact-info movecount="4" movebytes="184" reason="compact to aid heap contraction" />
</gc-op>
<heap-resize id="3188" type="expand" space="tenure" amount="327680" count="1" timems="0.021" reason="satisfy allocation request" timestamp="2019-08-08T07:22:30.557" />
<gc-end id="3189" type="global" contextid="3181" durationms="52.375" usertimems="213.308" systemtimems="0.000" timestamp="2019-08-08T07:22:30.557" activeThreads="16">
  <mem-info id="3190" free="40801576" total="58851328" percent="69">
    <mem type="tenure" free="40801576" total="58851328" percent="69">
      <mem type="soa" free="40213800" total="58263552" percent="69" />
      <mem type="loa" free="587776" total="587776" percent="100" />
    </mem>
  </mem-info>
</gc-end>
<cycle-end id="3191" type="global" contextid="3181" timestamp="2019-08-08T07:22:30.557" />
  <attribute name="elasticGC enabled" value="1" />
  <attribute name= "numThreadsSpecified" value="16" />
  <attribute name="heapSize specified" value="58523648" />
  <attribute name="Current GC Util" value="37" />
  <attribute name= "Current Time Running" value="118167" />
  <attribute name ="GC Interval" value="0" />
  <attribute name="Target GC Util Change" value ="80.000000" />
  <attribute name="Current GC Util Change" value="37.000000"/>
  <attribute name="Current Error" value="-393.000000" />
  <attribute name="Output H" value="58824552"/>
  <attribute name="Output I" value="200"/>
  <attribute name="Output T" value="16"/>
  <attribute name= "Current Time Running" value="118167" />
  <attribute name="GC Util currently" value="37" />
  <attribute name="CPU Util currently" value="47833781466" />
<allocation-satisfied id="3192" threadId="0000000000996F00" bytesRequested="112" />
<af-end id="3193" timestamp="2019-08-08T07:22:30.557" threadId="0000000000997888" success="true" />
<exclusive-end id="3194" timestamp="2019-08-08T07:22:30.557" durationms="52.571" />

<concurrent-kickoff id="3195" timestamp="2019-08-08T07:22:30.876">
  <kickoff reason="threshold reached" targetBytes="6171602" thresholdFreeBytes="837636" remainingFree="791848" tenureFreeBytes="791848" />
</concurrent-kickoff>
<exclusive-start id="3196" timestamp="2019-08-08T07:22:30.876" intervalms="371.613">
  <response-info timems="0.014" idlems="0.014" threads="0" lastid="0000000000996F00" lastname="main" />
</exclusive-start>
<cycle-start id="3197" type="global" contextid="0" timestamp="2019-08-08T07:22:30.876" intervalms="371.558" />
<exclusive-end id="3198" timestamp="2019-08-08T07:22:30.876" durationms="0.020" />

<exclusive-start id="3199" timestamp="2019-08-08T07:22:30.877" intervalms="0.680">
  <response-info timems="0.041" idlems="0.041" threads="0" lastid="0000000000996F00" lastname="main" />
</exclusive-start>
<af-start id="3200" threadId="0000000000997888" totalBytesRequested="32" timestamp="2019-08-08T07:22:30.877" intervalms="372.294" />
<concurrent-aborted id="3201" timestamp="2019-08-08T07:22:30.877">
  <reason value="insufficient progress made" />
</concurrent-aborted>
<cycle-end id="3202" type="global" contextid="3197" timestamp="2019-08-08T07:22:30.877" />
  <attribute name="elasticGC enabled" value="1" />
  <attribute name= "numThreadsSpecified" value="16" />
  <attribute name="heapSize specified" value="58523648" />
  <attribute name="Current GC Util" value="37" />
  <attribute name= "Current Time Running" value="118167" />
  <attribute name ="GC Interval" value="0" />
  <attribute name="Target GC Util Change" value ="80.000000" />
  <attribute name="Current GC Util Change" value="37.000000"/>
  <attribute name="Current Error" value="-393.000000" />
  <attribute name="Output H" value="58824552"/>
  <attribute name="Output I" value="200"/>
  <attribute name="Output T" value="16"/>
  <attribute name= "Current Time Running" value="118167" />
  <attribute name="GC Util currently" value="37" />
  <attribute name="CPU Util currently" value="47833781466" />
<cycle-start id="3203" type="global" contextid="0" timestamp="2019-08-08T07:22:30.877" intervalms="0.736" />
<gc-start id="3204" type="global" contextid="3203" timestamp="2019-08-08T07:22:30.877">
  <mem-info id="3205" free="587776" total="58851328" percent="0">
    <mem type="tenure" free="587776" total="58851328" percent="0">
      <mem type="soa" free="0" total="58263552" percent="0" />
      <mem type="loa" free="587776" total="587776" percent="100" />
    </mem>
  </mem-info>
</gc-start>
<allocation-stats totalBytes="40268008" >
  <allocated-bytes non-tlh="0" tlh="40268008" />
  <largest-consumer threadName="main" threadId="0000000000996F00" bytes="40268008" />
</allocation-stats>
<gc-op id="3206" type="mark" timems="7.612" contextid="3203" timestamp="2019-08-08T07:22:30.884">
  <trace-info objectcount="600827" scancount="521708" scanbytes="13390400" />
  <finalization candidates="80" enqueued="0" />
  <ownableSynchronizers candidates="21" cleared="0" />
  <references type="soft" candidates="3261" cleared="0" enqueued="0" dynamicThreshold="22" maxThreshold="32" />
  <references type="weak" candidates="5616" cleared="0" enqueued="0" />
  <references type="phantom" candidates="97" cleared="0" enqueued="0" />
  <stringconstants candidates="13602" cleared="0"  />
</gc-op>
<gc-op id="3207" type="sweep" timems="7.995" contextid="3203" timestamp="2019-08-08T07:22:30.892" />
<mem-info id="3208" free="40866192" total="58851328" percent="69">
  <mem type="tenure" free="40866192" total="58851328" percent="69" micro-fragmented="0">
    <mem type="soa" free="40278416" total="58263552" percent="69" />
    <mem type="loa" free="587776" total="587776" percent="100" />
  </mem>
</mem-info>
<gc-op id="3209" type="compact" timems="123.180" contextid="3203" timestamp="2019-08-08T07:22:31.016">
  <compact-info movecount="556517" movebytes="15434944" reason="compact to aid heap contraction" />
</gc-op>
<heap-resize id="3210" type="expand" space="tenure" amount="327680" count="1" timems="0.022" reason="satisfy allocation request" timestamp="2019-08-08T07:22:31.016" />
<gc-end id="3211" type="global" contextid="3203" durationms="139.595" usertimems="192.404" systemtimems="0.000" timestamp="2019-08-08T07:22:31.016" activeThreads="16">
  <mem-info id="3212" free="41129360" total="59179008" percent="69">
    <mem type="tenure" free="41129360" total="59179008" percent="69">
      <mem type="soa" free="40538512" total="58588160" percent="69" />
      <mem type="loa" free="590848" total="590848" percent="100" />
    </mem>
  </mem-info>
</gc-end>
<cycle-end id="3213" type="global" contextid="3203" timestamp="2019-08-08T07:22:31.016" />
  <attribute name="elasticGC enabled" value="1" />
  <attribute name= "numThreadsSpecified" value="16" />
  <attribute name="heapSize specified" value="58851328" />
  <attribute name="Current GC Util" value="11" />
  <attribute name= "Current Time Running" value="118626" />
  <attribute name ="GC Interval" value="0" />
  <attribute name="Target GC Util Change" value ="80.000000" />
  <attribute name="Current GC Util Change" value="11.000000"/>
  <attribute name="Current Error" value="-269.000000" />
  <attribute name="Output H" value="59152800"/>
  <attribute name="Output I" value="616"/>
  <attribute name="Output T" value="16"/>
  <attribute name= "Current Time Running" value="118626" />
  <attribute name="GC Util currently" value="11" />
  <attribute name="CPU Util currently" value="9356213187" />
<allocation-satisfied id="3214" threadId="0000000000996F00" bytesRequested="32" />
<af-end id="3215" timestamp="2019-08-08T07:22:31.016" threadId="0000000000997888" success="true" />
<exclusive-end id="3216" timestamp="2019-08-08T07:22:31.016" durationms="139.801" />

<concurrent-kickoff id="3217" timestamp="2019-08-08T07:22:31.040">
  <kickoff reason="threshold reached" targetBytes="6205965" thresholdFreeBytes="842301" remainingFree="726416" tenureFreeBytes="726416" />
</concurrent-kickoff>
<exclusive-start id="3218" timestamp="2019-08-08T07:22:31.041" intervalms="163.956">
  <response-info timems="0.042" idlems="0.042" threads="0" lastid="0000000000996F00" lastname="main" />
</exclusive-start>
<cycle-start id="3219" type="global" contextid="0" timestamp="2019-08-08T07:22:31.041" intervalms="163.903" />
<exclusive-end id="3220" timestamp="2019-08-08T07:22:31.041" durationms="0.023" />

<exclusive-start id="3221" timestamp="2019-08-08T07:22:31.041" intervalms="0.389">
  <response-info timems="0.029" idlems="0.029" threads="0" lastid="0000000000996F00" lastname="main" />
</exclusive-start>
<af-start id="3222" threadId="0000000000997888" totalBytesRequested="488" timestamp="2019-08-08T07:22:31.041" intervalms="164.341" />
<concurrent-aborted id="3223" timestamp="2019-08-08T07:22:31.041">
  <reason value="insufficient progress made" />
</concurrent-aborted>
<cycle-end id="3224" type="global" contextid="3219" timestamp="2019-08-08T07:22:31.041" />
  <attribute name="elasticGC enabled" value="1" />
  <attribute name= "numThreadsSpecified" value="16" />
  <attribute name="heapSize specified" value="58851328" />
  <attribute name="Current GC Util" value="11" />
  <attribute name= "Current Time Running" value="118626" />
  <attribute name ="GC Interval" value="0" />
  <attribute name="Target GC Util Change" value ="80.000000" />
  <attribute name="Current GC Util Change" value="11.000000"/>
  <attribute name="Current Error" value="-269.000000" />
  <attribute name="Output H" value="59152800"/>
  <attribute name="Output I" value="616"/>
  <attribute name="Output T" value="16"/>
  <attribute name= "Current Time Running" value="118626" />
  <attribute name="GC Util currently" value="11" />
  <attribute name="CPU Util currently" value="9356213187" />
<cycle-start id="3225" type="global" contextid="0" timestamp="2019-08-08T07:22:31.041" intervalms="0.453" />
<gc-start id="3226" type="global" contextid="3225" timestamp="2019-08-08T07:22:31.041">
  <mem-info id="3227" free="590848" total="59179008" percent="0">
    <mem type="tenure" free="590848" total="59179008" percent="0">
      <mem type="soa" free="0" total="58588160" percent="0" />
      <mem type="loa" free="590848" total="590848" percent="100" />
    </mem>
  </mem-info>
</gc-start>
<allocation-stats totalBytes="40538472" >
  <allocated-bytes non-tlh="0" tlh="40538472" />
  <largest-consumer threadName="main" threadId="0000000000996F00" bytes="40538472" />
</allocation-stats>
<gc-op id="3228" type="mark" timems="8.512" contextid="3225" timestamp="2019-08-08T07:22:31.050">
  <trace-info objectcount="600830" scancount="521710" scanbytes="13390472" />
  <finalization candidates="80" enqueued="0" />
  <ownableSynchronizers candidates="21" cleared="0" />
  <references type="soft" candidates="3261" cleared="0" enqueued="0" dynamicThreshold="22" maxThreshold="32" />
  <references type="weak" candidates="5616" cleared="0" enqueued="0" />
  <references type="phantom" candidates="97" cleared="0" enqueued="0" />
  <stringconstants candidates="13602" cleared="0"  />
</gc-op>
<gc-op id="3229" type="sweep" timems="15.053" contextid="3225" timestamp="2019-08-08T07:22:31.065" />
<mem-info id="3230" free="41194328" total="59179008" percent="69">
  <mem type="tenure" free="41194328" total="59179008" percent="69" micro-fragmented="0">
    <mem type="soa" free="40603480" total="58588160" percent="69" />
    <mem type="loa" free="590848" total="590848" percent="100" />
  </mem>
</mem-info>
<gc-op id="3231" type="compact" timems="24.367" contextid="3225" timestamp="2019-08-08T07:22:31.089">
  <compact-info movecount="3" movebytes="72" reason="compact to aid heap contraction" />
</gc-op>
<heap-resize id="3232" type="expand" space="tenure" amount="327680" count="1" timems="0.020" reason="satisfy allocation request" timestamp="2019-08-08T07:22:31.090" />
<gc-end id="3233" type="global" contextid="3225" durationms="48.720" usertimems="128.792" systemtimems="0.000" timestamp="2019-08-08T07:22:31.090" activeThreads="16">
  <mem-info id="3234" free="41456968" total="59506688" percent="69">
    <mem type="tenure" free="41456968" total="59506688" percent="69">
      <mem type="soa" free="40862024" total="58911744" percent="69" />
      <mem type="loa" free="594944" total="594944" percent="100" />
    </mem>
  </mem-info>
</gc-end>
<cycle-end id="3235" type="global" contextid="3225" timestamp="2019-08-08T07:22:31.090" />
  <attribute name="elasticGC enabled" value="1" />
  <attribute name= "numThreadsSpecified" value="16" />
  <attribute name="heapSize specified" value="59179008" />
  <attribute name="Current GC Util" value="43" />
  <attribute name= "Current Time Running" value="118700" />
  <attribute name ="GC Interval" value="0" />
  <attribute name="Target GC Util Change" value ="80.000000" />
  <attribute name="Current GC Util Change" value="43.000000"/>
  <attribute name="Current Error" value="-277.000000" />
  <attribute name="Output H" value="59480448"/>
  <attribute name="Output I" value="576"/>
  <attribute name="Output T" value="16"/>
  <attribute name= "Current Time Running" value="118700" />
  <attribute name="GC Util currently" value="43" />
  <attribute name="CPU Util currently" value="47261397287" />
<allocation-satisfied id="3236" threadId="0000000000996F00" bytesRequested="488" />
<af-end id="3237" timestamp="2019-08-08T07:22:31.090" threadId="0000000000997888" success="true" />
<exclusive-end id="3238" timestamp="2019-08-08T07:22:31.090" durationms="48.912" />

<concurrent-kickoff id="3239" timestamp="2019-08-08T07:22:31.108">
  <kickoff reason="threshold reached" targetBytes="6240327" thresholdFreeBytes="846964" remainingFree="791880" tenureFreeBytes="791880" />
</concurrent-kickoff>
<exclusive-start id="3240" timestamp="2019-08-08T07:22:31.108" intervalms="66.809">
  <response-info timems="0.053" idlems="0.053" threads="0" lastid="0000000000996F00" lastname="main" />
</exclusive-start>
<cycle-start id="3241" type="global" contextid="0" timestamp="2019-08-08T07:22:31.108" intervalms="66.734" />
<exclusive-end id="3242" timestamp="2019-08-08T07:22:31.108" durationms="0.012" />

<exclusive-start id="3243" timestamp="2019-08-08T07:22:31.108" intervalms="0.419">
  <response-info timems="0.080" idlems="0.080" threads="0" lastid="0000000000996F00" lastname="main" />
</exclusive-start>
<af-start id="3244" threadId="0000000000997888" totalBytesRequested="64" timestamp="2019-08-08T07:22:31.108" intervalms="67.238" />
<concurrent-aborted id="3245" timestamp="2019-08-08T07:22:31.108">
  <reason value="insufficient progress made" />
</concurrent-aborted>
<cycle-end id="3246" type="global" contextid="3241" timestamp="2019-08-08T07:22:31.108" />
  <attribute name="elasticGC enabled" value="1" />
  <attribute name= "numThreadsSpecified" value="16" />
  <attribute name="heapSize specified" value="59179008" />
  <attribute name="Current GC Util" value="43" />
  <attribute name= "Current Time Running" value="118700" />
  <attribute name ="GC Interval" value="0" />
  <attribute name="Target GC Util Change" value ="80.000000" />
  <attribute name="Current GC Util Change" value="43.000000"/>
  <attribute name="Current Error" value="-277.000000" />
  <attribute name="Output H" value="59480448"/>
  <attribute name="Output I" value="576"/>
  <attribute name="Output T" value="16"/>
  <attribute name= "Current Time Running" value="118700" />
  <attribute name="GC Util currently" value="43" />
  <attribute name="CPU Util currently" value="47261397287" />
<cycle-start id="3247" type="global" contextid="0" timestamp="2019-08-08T07:22:31.108" intervalms="0.490" />
<gc-start id="3248" type="global" contextid="3247" timestamp="2019-08-08T07:22:31.108">
  <mem-info id="3249" free="594944" total="59506688" percent="0">
    <mem type="tenure" free="594944" total="59506688" percent="0">
      <mem type="soa" free="0" total="58911744" percent="0" />
      <mem type="loa" free="594944" total="594944" percent="100" />
    </mem>
  </mem-info>
</gc-start>
<allocation-stats totalBytes="40855328" >
  <allocated-bytes non-tlh="0" tlh="40855328" />
  <largest-consumer threadName="main" threadId="0000000000996F00" bytes="40855328" />
</allocation-stats>
<gc-op id="3250" type="mark" timems="10.085" contextid="3247" timestamp="2019-08-08T07:22:31.118">
  <trace-info objectcount="600830" scancount="521708" scanbytes="13390472" />
  <finalization candidates="80" enqueued="0" />
  <ownableSynchronizers candidates="21" cleared="0" />
  <references type="soft" candidates="3261" cleared="0" enqueued="0" dynamicThreshold="22" maxThreshold="32" />
  <references type="weak" candidates="5616" cleared="0" enqueued="0" />
  <references type="phantom" candidates="97" cleared="0" enqueued="0" />
  <stringconstants candidates="13602" cleared="0"  />
</gc-op>
<gc-op id="3251" type="sweep" timems="11.172" contextid="3247" timestamp="2019-08-08T07:22:31.130" />
<mem-info id="3252" free="41521816" total="59506688" percent="69">
  <mem type="tenure" free="41521816" total="59506688" percent="69" micro-fragmented="0">
    <mem type="soa" free="40926872" total="58911744" percent="69" />
    <mem type="loa" free="594944" total="594944" percent="100" />
  </mem>
</mem-info>
<gc-op id="3253" type="compact" timems="22.824" contextid="3247" timestamp="2019-08-08T07:22:31.153">
  <compact-info movecount="3" movebytes="72" reason="compact to aid heap contraction" />
</gc-op>
<heap-resize id="3254" type="expand" space="tenure" amount="327680" count="1" timems="0.020" reason="satisfy allocation request" timestamp="2019-08-08T07:22:31.153" />
<gc-end id="3255" type="global" contextid="3247" durationms="44.837" usertimems="92.355" systemtimems="0.000" timestamp="2019-08-08T07:22:31.153" activeThreads="16">
  <mem-info id="3256" free="41784648" total="59834368" percent="69">
    <mem type="tenure" free="41784648" total="59834368" percent="69">
      <mem type="soa" free="41186632" total="59236352" percent="69" />
      <mem type="loa" free="598016" total="598016" percent="100" />
    </mem>
  </mem-info>
</gc-end>
<cycle-end id="3257" type="global" contextid="3247" timestamp="2019-08-08T07:22:31.153" />
  <attribute name="elasticGC enabled" value="1" />
  <attribute name= "numThreadsSpecified" value="16" />
  <attribute name="heapSize specified" value="59506688" />
  <attribute name="Current GC Util" value="37" />
  <attribute name= "Current Time Running" value="118763" />
  <attribute name ="GC Interval" value="0" />
  <attribute name="Target GC Util Change" value ="80.000000" />
  <attribute name="Current GC Util Change" value="37.000000"/>
  <attribute name="Current Error" value="138.000000" />
  <attribute name="Output H" value="59810040"/>
  <attribute name="Output I" value="2728"/>
  <attribute name="Output T" value="16"/>
  <attribute name= "Current Time Running" value="118763" />
  <attribute name="GC Util currently" value="37" />
  <attribute name="CPU Util currently" value="50449559693" />
<allocation-satisfied id="3258" threadId="0000000000996F00" bytesRequested="64" />
<af-end id="3259" timestamp="2019-08-08T07:22:31.153" threadId="0000000000997888" success="true" />
<exclusive-end id="3260" timestamp="2019-08-08T07:22:31.153" durationms="45.031" />

<concurrent-kickoff id="3261" timestamp="2019-08-08T07:22:31.172">
  <kickoff reason="threshold reached" targetBytes="6274692" thresholdFreeBytes="851629" remainingFree="726344" tenureFreeBytes="726344" />
</concurrent-kickoff>
<exclusive-start id="3262" timestamp="2019-08-08T07:22:31.172" intervalms="63.810">
  <response-info timems="0.043" idlems="0.043" threads="0" lastid="0000000000996F00" lastname="main" />
</exclusive-start>
<cycle-start id="3263" type="global" contextid="0" timestamp="2019-08-08T07:22:31.172" intervalms="63.746" />
<exclusive-end id="3264" timestamp="2019-08-08T07:22:31.172" durationms="0.019" />

<exclusive-start id="3265" timestamp="2019-08-08T07:22:31.172" intervalms="0.308">
  <response-info timems="0.029" idlems="0.029" threads="0" lastid="0000000000996F00" lastname="main" />
</exclusive-start>
<af-start id="3266" threadId="0000000000997888" totalBytesRequested="488" timestamp="2019-08-08T07:22:31.172" intervalms="64.107" />
<concurrent-aborted id="3267" timestamp="2019-08-08T07:22:31.172">
  <reason value="insufficient progress made" />
</concurrent-aborted>
<cycle-end id="3268" type="global" contextid="3263" timestamp="2019-08-08T07:22:31.172" />
  <attribute name="elasticGC enabled" value="1" />
  <attribute name= "numThreadsSpecified" value="16" />
  <attribute name="heapSize specified" value="59506688" />
  <attribute name="Current GC Util" value="37" />
  <attribute name= "Current Time Running" value="118763" />
  <attribute name ="GC Interval" value="0" />
  <attribute name="Target GC Util Change" value ="80.000000" />
  <attribute name="Current GC Util Change" value="37.000000"/>
  <attribute name="Current Error" value="138.000000" />
  <attribute name="Output H" value="59810040"/>
  <attribute name="Output I" value="2728"/>
  <attribute name="Output T" value="16"/>
  <attribute name= "Current Time Running" value="118763" />
  <attribute name="GC Util currently" value="37" />
  <attribute name="CPU Util currently" value="50449559693" />
<cycle-start id="3269" type="global" contextid="0" timestamp="2019-08-08T07:22:31.172" intervalms="0.362" />
<gc-start id="3270" type="global" contextid="3269" timestamp="2019-08-08T07:22:31.172">
  <mem-info id="3271" free="598016" total="59834368" percent="0">
    <mem type="tenure" free="598016" total="59834368" percent="0">
      <mem type="soa" free="0" total="59236352" percent="0" />
      <mem type="loa" free="598016" total="598016" percent="100" />
    </mem>
  </mem-info>
</gc-start>
<allocation-stats totalBytes="41180344" >
  <allocated-bytes non-tlh="0" tlh="41180344" />
  <largest-consumer threadName="main" threadId="0000000000996F00" bytes="41180344" />
</allocation-stats>
<gc-op id="3272" type="mark" timems="8.927" contextid="3269" timestamp="2019-08-08T07:22:31.181">
  <trace-info objectcount="600830" scancount="521723" scanbytes="13390472" />
  <finalization candidates="80" enqueued="0" />
  <ownableSynchronizers candidates="21" cleared="0" />
  <references type="soft" candidates="3261" cleared="0" enqueued="0" dynamicThreshold="22" maxThreshold="32" />
  <references type="weak" candidates="5616" cleared="0" enqueued="0" />
  <references type="phantom" candidates="97" cleared="0" enqueued="0" />
  <stringconstants candidates="13602" cleared="0"  />
</gc-op>
<gc-op id="3273" type="sweep" timems="9.625" contextid="3269" timestamp="2019-08-08T07:22:31.191" />
<mem-info id="3274" free="41849936" total="59834368" percent="69">
  <mem type="tenure" free="41849936" total="59834368" percent="69" micro-fragmented="0">
    <mem type="soa" free="41251920" total="59236352" percent="69" />
    <mem type="loa" free="598016" total="598016" percent="100" />
  </mem>
</mem-info>
<gc-op id="3275" type="compact" timems="25.071" contextid="3269" timestamp="2019-08-08T07:22:31.216">
  <compact-info movecount="3" movebytes="72" reason="compact to aid heap contraction" />
</gc-op>
<heap-resize id="3276" type="expand" space="tenure" amount="327680" count="1" timems="0.022" reason="satisfy allocation request" timestamp="2019-08-08T07:22:31.217" />
<gc-end id="3277" type="global" contextid="3269" durationms="44.327" usertimems="134.150" systemtimems="0.000" timestamp="2019-08-08T07:22:31.217" activeThreads="16">
  <mem-info id="3278" free="42112328" total="60162048" percent="69">
    <mem type="tenure" free="42112328" total="60162048" percent="69">
      <mem type="soa" free="41511240" total="59560960" percent="69" />
      <mem type="loa" free="601088" total="601088" percent="100" />
    </mem>
  </mem-info>
</gc-end>
<cycle-end id="3279" type="global" contextid="3269" timestamp="2019-08-08T07:22:31.217" />
  <attribute name="elasticGC enabled" value="1" />
  <attribute name= "numThreadsSpecified" value="16" />
  <attribute name="heapSize specified" value="59834368" />
  <attribute name="Current GC Util" value="33" />
  <attribute name= "Current Time Running" value="118827" />
  <attribute name ="GC Interval" value="0" />
  <attribute name="Target GC Util Change" value ="80.000000" />
  <attribute name="Current GC Util Change" value="33.000000"/>
  <attribute name="Current Error" value="116.000000" />
  <attribute name="Output H" value="60137616"/>
  <attribute name="Output I" value="2616"/>
  <attribute name="Output T" value="16"/>
  <attribute name= "Current Time Running" value="118827" />
  <attribute name="GC Util currently" value="33" />
  <attribute name="CPU Util currently" value="45918146782" />
<allocation-satisfied id="3280" threadId="0000000000996F00" bytesRequested="488" />
<af-end id="3281" timestamp="2019-08-08T07:22:31.217" threadId="0000000000997888" success="true" />
<exclusive-end id="3282" timestamp="2019-08-08T07:22:31.217" durationms="44.547" />

<concurrent-kickoff id="3283" timestamp="2019-08-08T07:22:31.235">
  <kickoff reason="threshold reached" targetBytes="6309054" thresholdFreeBytes="856292" remainingFree="791880" tenureFreeBytes="791880" />
</concurrent-kickoff>
<exclusive-start id="3284" timestamp="2019-08-08T07:22:31.235" intervalms="63.037">
  <response-info timems="0.040" idlems="0.040" threads="0" lastid="0000000000996F00" lastname="main" />
</exclusive-start>
<cycle-start id="3285" type="global" contextid="0" timestamp="2019-08-08T07:22:31.235" intervalms="62.981" />
<exclusive-end id="3286" timestamp="2019-08-08T07:22:31.235" durationms="0.017" />

<exclusive-start id="3287" timestamp="2019-08-08T07:22:31.236" intervalms="0.392">
  <response-info timems="0.044" idlems="0.044" threads="0" lastid="0000000000996F00" lastname="main" />
</exclusive-start>
<af-start id="3288" threadId="0000000000997888" totalBytesRequested="16" timestamp="2019-08-08T07:22:31.236" intervalms="63.430" />
<concurrent-aborted id="3289" timestamp="2019-08-08T07:22:31.236">
  <reason value="insufficient progress made" />
</concurrent-aborted>
<cycle-end id="3290" type="global" contextid="3285" timestamp="2019-08-08T07:22:31.236" />
  <attribute name="elasticGC enabled" value="1" />
  <attribute name= "numThreadsSpecified" value="16" />
  <attribute name="heapSize specified" value="59834368" />
  <attribute name="Current GC Util" value="33" />
  <attribute name= "Current Time Running" value="118827" />
  <attribute name ="GC Interval" value="0" />
  <attribute name="Target GC Util Change" value ="80.000000" />
  <attribute name="Current GC Util Change" value="33.000000"/>
  <attribute name="Current Error" value="116.000000" />
  <attribute name="Output H" value="60137616"/>
  <attribute name="Output I" value="2616"/>
  <attribute name="Output T" value="16"/>
  <attribute name= "Current Time Running" value="118827" />
  <attribute name="GC Util currently" value="33" />
  <attribute name="CPU Util currently" value="45918146782" />
<cycle-start id="3291" type="global" contextid="0" timestamp="2019-08-08T07:22:31.236" intervalms="0.463" />
<gc-start id="3292" type="global" contextid="3291" timestamp="2019-08-08T07:22:31.236">
  <mem-info id="3293" free="601088" total="60162048" percent="0">
    <mem type="tenure" free="601088" total="60162048" percent="0">
      <mem type="soa" free="0" total="59560960" percent="0" />
      <mem type="loa" free="601088" total="601088" percent="100" />
    </mem>
  </mem-info>
</gc-start>
<allocation-stats totalBytes="41503208" >
  <allocated-bytes non-tlh="0" tlh="41503208" />
  <largest-consumer threadName="main" threadId="0000000000996F00" bytes="41503208" />
</allocation-stats>
<gc-op id="3294" type="mark" timems="8.447" contextid="3291" timestamp="2019-08-08T07:22:31.244">
  <trace-info objectcount="600831" scancount="521710" scanbytes="13390504" />
  <finalization candidates="80" enqueued="0" />
  <ownableSynchronizers candidates="21" cleared="0" />
  <references type="soft" candidates="3261" cleared="0" enqueued="0" dynamicThreshold="22" maxThreshold="32" />
  <references type="weak" candidates="5616" cleared="0" enqueued="0" />
  <references type="phantom" candidates="97" cleared="0" enqueued="0" />
  <stringconstants candidates="13602" cleared="0"  />
</gc-op>
<gc-op id="3295" type="sweep" timems="11.076" contextid="3291" timestamp="2019-08-08T07:22:31.255" />
<mem-info id="3296" free="42177808" total="60162048" percent="70">
  <mem type="tenure" free="42177808" total="60162048" percent="70" micro-fragmented="0">
    <mem type="soa" free="41576720" total="59560960" percent="69" />
    <mem type="loa" free="601088" total="601088" percent="100" />
  </mem>
</mem-info>
<gc-op id="3297" type="compact" timems="24.157" contextid="3291" timestamp="2019-08-08T07:22:31.280">
  <compact-info movecount="4" movebytes="104" reason="compact to aid heap contraction" />
</gc-op>
<heap-resize id="3298" type="expand" space="tenure" amount="327680" count="1" timems="0.021" reason="satisfy allocation request" timestamp="2019-08-08T07:22:31.281" />
<gc-end id="3299" type="global" contextid="3291" durationms="44.690" usertimems="104.737" systemtimems="0.000" timestamp="2019-08-08T07:22:31.281" activeThreads="16">
  <mem-info id="3300" free="42439976" total="60489728" percent="70">
    <mem type="tenure" free="42439976" total="60489728" percent="70">
      <mem type="soa" free="41835816" total="59885568" percent="69" />
      <mem type="loa" free="604160" total="604160" percent="100" />
    </mem>
  </mem-info>
</gc-end>
<cycle-end id="3301" type="global" contextid="3291" timestamp="2019-08-08T07:22:31.281" />
  <attribute name="elasticGC enabled" value="1" />
  <attribute name= "numThreadsSpecified" value="16" />
  <attribute name="heapSize specified" value="60162048" />
  <attribute name="Current GC Util" value="43" />
  <attribute name= "Current Time Running" value="118890" />
  <attribute name ="GC Interval" value="0" />
  <attribute name="Target GC Util Change" value ="80.000000" />
  <attribute name="Current GC Util Change" value="43.000000"/>
  <attribute name="Current Error" value="37.000000" />
  <attribute name="Output H" value="60464936"/>
  <attribute name="Output I" value="2200"/>
  <attribute name="Output T" value="16"/>
  <attribute name= "Current Time Running" value="118890" />
  <attribute name="GC Util currently" value="43" />
  <attribute name="CPU Util currently" value="47656794426" />
<allocation-satisfied id="3302" threadId="0000000000996F00" bytesRequested="16" />
<af-end id="3303" timestamp="2019-08-08T07:22:31.281" threadId="0000000000997888" success="true" />
<exclusive-end id="3304" timestamp="2019-08-08T07:22:31.281" durationms="44.873" />

<concurrent-kickoff id="3305" timestamp="2019-08-08T07:22:31.401">
  <kickoff reason="threshold reached" targetBytes="6343417" thresholdFreeBytes="860956" remainingFree="857384" tenureFreeBytes="857384" />
</concurrent-kickoff>
<exclusive-start id="3306" timestamp="2019-08-08T07:22:31.402" intervalms="165.849">
  <response-info timems="0.051" idlems="0.051" threads="0" lastid="0000000000996F00" lastname="main" />
</exclusive-start>
<cycle-start id="3307" type="global" contextid="0" timestamp="2019-08-08T07:22:31.402" intervalms="165.782" />
<exclusive-end id="3308" timestamp="2019-08-08T07:22:31.402" durationms="0.021" />

<exclusive-start id="3309" timestamp="2019-08-08T07:22:31.403" intervalms="1.776">
  <response-info timems="0.054" idlems="0.054" threads="0" lastid="0000000000996F00" lastname="main" />
</exclusive-start>
<af-start id="3310" threadId="0000000000997888" totalBytesRequested="464" timestamp="2019-08-08T07:22:31.403" intervalms="167.634" />
<concurrent-aborted id="3311" timestamp="2019-08-08T07:22:31.403">
  <reason value="insufficient progress made" />
</concurrent-aborted>
<cycle-end id="3312" type="global" contextid="3307" timestamp="2019-08-08T07:22:31.403" />
  <attribute name="elasticGC enabled" value="1" />
  <attribute name= "numThreadsSpecified" value="16" />
  <attribute name="heapSize specified" value="60162048" />
  <attribute name="Current GC Util" value="43" />
  <attribute name= "Current Time Running" value="118890" />
  <attribute name ="GC Interval" value="0" />
  <attribute name="Target GC Util Change" value ="80.000000" />
  <attribute name="Current GC Util Change" value="43.000000"/>
  <attribute name="Current Error" value="37.000000" />
  <attribute name="Output H" value="60464936"/>
  <attribute name="Output I" value="2200"/>
  <attribute name="Output T" value="16"/>
  <attribute name= "Current Time Running" value="118890" />
  <attribute name="GC Util currently" value="43" />
  <attribute name="CPU Util currently" value="47656794426" />
<cycle-start id="3313" type="global" contextid="0" timestamp="2019-08-08T07:22:31.403" intervalms="1.837" />
<gc-start id="3314" type="global" contextid="3313" timestamp="2019-08-08T07:22:31.404">
  <mem-info id="3315" free="604160" total="60489728" percent="0">
    <mem type="tenure" free="604160" total="60489728" percent="0">
      <mem type="soa" free="0" total="59885568" percent="0" />
      <mem type="loa" free="604160" total="604160" percent="100" />
    </mem>
  </mem-info>
</gc-start>
<allocation-stats totalBytes="41835016" >
  <allocated-bytes non-tlh="0" tlh="41835016" />
  <largest-consumer threadName="main" threadId="0000000000996F00" bytes="41835016" />
</allocation-stats>
<gc-op id="3316" type="mark" timems="8.802" contextid="3313" timestamp="2019-08-08T07:22:31.412">
  <trace-info objectcount="600847" scancount="521725" scanbytes="13390916" />
  <finalization candidates="80" enqueued="0" />
  <ownableSynchronizers candidates="21" cleared="0" />
  <references type="soft" candidates="3261" cleared="0" enqueued="0" dynamicThreshold="22" maxThreshold="32" />
  <references type="weak" candidates="5616" cleared="0" enqueued="0" />
  <references type="phantom" candidates="97" cleared="0" enqueued="0" />
  <stringconstants candidates="13602" cleared="0"  />
</gc-op>
<gc-op id="3317" type="sweep" timems="8.189" contextid="3313" timestamp="2019-08-08T07:22:31.421" />
<mem-info id="3318" free="42504432" total="60489728" percent="70">
  <mem type="tenure" free="42504432" total="60489728" percent="70" micro-fragmented="0">
    <mem type="soa" free="41900272" total="59885568" percent="69" />
    <mem type="loa" free="604160" total="604160" percent="100" />
  </mem>
</mem-info>
<gc-op id="3319" type="compact" timems="29.568" contextid="3313" timestamp="2019-08-08T07:22:31.450">
  <compact-info movecount="35" movebytes="1472" reason="compact to aid heap contraction" />
</gc-op>
<heap-resize id="3320" type="expand" space="tenure" amount="327680" count="1" timems="0.034" reason="satisfy allocation request" timestamp="2019-08-08T07:22:31.451" />
<gc-end id="3321" type="global" contextid="3313" durationms="47.320" usertimems="99.292" systemtimems="0.000" timestamp="2019-08-08T07:22:31.451" activeThreads="16">
  <mem-info id="3322" free="42767352" total="60817408" percent="70">
    <mem type="tenure" free="42767352" total="60817408" percent="70">
      <mem type="soa" free="42160120" total="60210176" percent="70" />
      <mem type="loa" free="607232" total="607232" percent="100" />
    </mem>
  </mem-info>
</gc-end>
<cycle-end id="3323" type="global" contextid="3313" timestamp="2019-08-08T07:22:31.451" />
  <attribute name="elasticGC enabled" value="1" />
  <attribute name= "numThreadsSpecified" value="16" />
  <attribute name="heapSize specified" value="60489728" />
  <attribute name="Current GC Util" value="38" />
  <attribute name= "Current Time Running" value="119061" />
  <attribute name ="GC Interval" value="0" />
  <attribute name="Target GC Util Change" value ="80.000000" />
  <attribute name="Current GC Util Change" value="38.000000"/>
  <attribute name="Current Error" value="-207.000000" />
  <attribute name="Output H" value="60791488"/>
  <attribute name="Output I" value="936"/>
  <attribute name="Output T" value="16"/>
  <attribute name= "Current Time Running" value="119061" />
  <attribute name="GC Util currently" value="38" />
  <attribute name="CPU Util currently" value="38946447885" />
<allocation-satisfied id="3324" threadId="0000000000996F00" bytesRequested="464" />
<af-end id="3325" timestamp="2019-08-08T07:22:31.451" threadId="0000000000997888" success="true" />
<exclusive-end id="3326" timestamp="2019-08-08T07:22:31.451" durationms="47.508" />

<concurrent-kickoff id="3327" timestamp="2019-08-08T07:22:31.601">
  <kickoff reason="threshold reached" targetBytes="6377780" thresholdFreeBytes="865620" remainingFree="791544" tenureFreeBytes="791544" />
</concurrent-kickoff>
<exclusive-start id="3328" timestamp="2019-08-08T07:22:31.601" intervalms="197.506">
  <response-info timems="0.049" idlems="0.049" threads="0" lastid="0000000000996F00" lastname="main" />
</exclusive-start>
<cycle-start id="3329" type="global" contextid="0" timestamp="2019-08-08T07:22:31.601" intervalms="197.454" />
<exclusive-end id="3330" timestamp="2019-08-08T07:22:31.601" durationms="0.031" />

<exclusive-start id="3331" timestamp="2019-08-08T07:22:31.602" intervalms="1.040">
  <response-info timems="0.093" idlems="0.093" threads="0" lastid="0000000000996F00" lastname="main" />
</exclusive-start>
<af-start id="3332" threadId="0000000000997888" totalBytesRequested="40" timestamp="2019-08-08T07:22:31.602" intervalms="198.545" />
<concurrent-aborted id="3333" timestamp="2019-08-08T07:22:31.602">
  <reason value="insufficient progress made" />
</concurrent-aborted>
<cycle-end id="3334" type="global" contextid="3329" timestamp="2019-08-08T07:22:31.602" />
  <attribute name="elasticGC enabled" value="1" />
  <attribute name= "numThreadsSpecified" value="16" />
  <attribute name="heapSize specified" value="60489728" />
  <attribute name="Current GC Util" value="38" />
  <attribute name= "Current Time Running" value="119061" />
  <attribute name ="GC Interval" value="0" />
  <attribute name="Target GC Util Change" value ="80.000000" />
  <attribute name="Current GC Util Change" value="38.000000"/>
  <attribute name="Current Error" value="-207.000000" />
  <attribute name="Output H" value="60791488"/>
  <attribute name="Output I" value="936"/>
  <attribute name="Output T" value="16"/>
  <attribute name= "Current Time Running" value="119061" />
  <attribute name="GC Util currently" value="38" />
  <attribute name="CPU Util currently" value="38946447885" />
<cycle-start id="3335" type="global" contextid="0" timestamp="2019-08-08T07:22:31.602" intervalms="1.089" />
<gc-start id="3336" type="global" contextid="3335" timestamp="2019-08-08T07:22:31.602">
  <mem-info id="3337" free="607232" total="60817408" percent="0">
    <mem type="tenure" free="607232" total="60817408" percent="0">
      <mem type="soa" free="0" total="60210176" percent="0" />
      <mem type="loa" free="607232" total="607232" percent="100" />
    </mem>
  </mem-info>
</gc-start>
<allocation-stats totalBytes="42180416" >
  <allocated-bytes non-tlh="0" tlh="42180416" />
  <largest-consumer threadName="main" threadId="0000000000996F00" bytes="42180416" />
</allocation-stats>
<gc-op id="3338" type="mark" timems="9.672" contextid="3335" timestamp="2019-08-08T07:22:31.612">
  <trace-info objectcount="600855" scancount="521733" scanbytes="13391020" />
  <finalization candidates="80" enqueued="0" />
  <ownableSynchronizers candidates="21" cleared="0" />
  <references type="soft" candidates="3261" cleared="0" enqueued="0" dynamicThreshold="22" maxThreshold="32" />
  <references type="weak" candidates="5616" cleared="0" enqueued="0" />
  <references type="phantom" candidates="97" cleared="0" enqueued="0" />
  <stringconstants candidates="13602" cleared="0"  />
</gc-op>
<gc-op id="3339" type="sweep" timems="10.465" contextid="3335" timestamp="2019-08-08T07:22:31.622" />
<mem-info id="3340" free="42832528" total="60817408" percent="70">
  <mem type="tenure" free="42832528" total="60817408" percent="70" micro-fragmented="0">
    <mem type="soa" free="42225296" total="60210176" percent="70" />
    <mem type="loa" free="607232" total="607232" percent="100" />
  </mem>
</mem-info>
<gc-op id="3341" type="compact" timems="23.893" contextid="3335" timestamp="2019-08-08T07:22:31.646">
  <compact-info movecount="18" movebytes="880" reason="compact to aid heap contraction" />
</gc-op>
<heap-resize id="3342" type="expand" space="tenure" amount="327680" count="1" timems="0.037" reason="satisfy allocation request" timestamp="2019-08-08T07:22:31.647" />
<gc-end id="3343" type="global" contextid="3335" durationms="44.803" usertimems="97.319" systemtimems="0.000" timestamp="2019-08-08T07:22:31.647" activeThreads="16">
  <mem-info id="3344" free="43094896" total="61145088" percent="70">
    <mem type="tenure" free="43094896" total="61145088" percent="70">
      <mem type="soa" free="42483568" total="60533760" percent="70" />
      <mem type="loa" free="611328" total="611328" percent="100" />
    </mem>
  </mem-info>
</gc-end>
<cycle-end id="3345" type="global" contextid="3335" timestamp="2019-08-08T07:22:31.647" />
  <attribute name="elasticGC enabled" value="1" />
  <attribute name= "numThreadsSpecified" value="16" />
  <attribute name="heapSize specified" value="60817408" />
  <attribute name="Current GC Util" value="38" />
  <attribute name= "Current Time Running" value="119257" />
  <attribute name ="GC Interval" value="0" />
  <attribute name="Target GC Util Change" value ="80.000000" />
  <attribute name="Current GC Util Change" value="38.000000"/>
  <attribute name="Current Error" value="-166.000000" />
  <attribute name="Output H" value="61119360"/>
  <attribute name="Output I" value="1152"/>
  <attribute name="Output T" value="16"/>
  <attribute name= "Current Time Running" value="119257" />
  <attribute name="GC Util currently" value="38" />
  <attribute name="CPU Util currently" value="48153195495" />
<allocation-satisfied id="3346" threadId="0000000000996F00" bytesRequested="40" />
<af-end id="3347" timestamp="2019-08-08T07:22:31.647" threadId="0000000000997888" success="true" />
<exclusive-end id="3348" timestamp="2019-08-08T07:22:31.647" durationms="44.994" />

<concurrent-kickoff id="3349" timestamp="2019-08-08T07:22:31.700">
  <kickoff reason="threshold reached" targetBytes="6412142" thresholdFreeBytes="870284" remainingFree="856944" tenureFreeBytes="856944" />
</concurrent-kickoff>
<exclusive-start id="3350" timestamp="2019-08-08T07:22:31.700" intervalms="98.389">
  <response-info timems="0.120" idlems="0.120" threads="0" lastid="0000000000996F00" lastname="main" />
</exclusive-start>
<cycle-start id="3351" type="global" contextid="0" timestamp="2019-08-08T07:22:31.700" intervalms="98.324" />
<exclusive-end id="3352" timestamp="2019-08-08T07:22:31.700" durationms="0.014" />

<exclusive-start id="3353" timestamp="2019-08-08T07:22:31.701" intervalms="0.705">
  <response-info timems="0.050" idlems="0.050" threads="0" lastid="0000000000996F00" lastname="main" />
</exclusive-start>
<af-start id="3354" threadId="0000000000997888" totalBytesRequested="24" timestamp="2019-08-08T07:22:31.701" intervalms="99.085" />
<concurrent-aborted id="3355" timestamp="2019-08-08T07:22:31.701">
  <reason value="insufficient progress made" />
</concurrent-aborted>
<cycle-end id="3356" type="global" contextid="3351" timestamp="2019-08-08T07:22:31.701" />
  <attribute name="elasticGC enabled" value="1" />
  <attribute name= "numThreadsSpecified" value="16" />
  <attribute name="heapSize specified" value="60817408" />
  <attribute name="Current GC Util" value="38" />
  <attribute name= "Current Time Running" value="119257" />
  <attribute name ="GC Interval" value="0" />
  <attribute name="Target GC Util Change" value ="80.000000" />
  <attribute name="Current GC Util Change" value="38.000000"/>
  <attribute name="Current Error" value="-166.000000" />
  <attribute name="Output H" value="61119360"/>
  <attribute name="Output I" value="1152"/>
  <attribute name="Output T" value="16"/>
  <attribute name= "Current Time Running" value="119257" />
  <attribute name="GC Util currently" value="38" />
  <attribute name="CPU Util currently" value="48153195495" />
<cycle-start id="3357" type="global" contextid="0" timestamp="2019-08-08T07:22:31.701" intervalms="0.760" />
<gc-start id="3358" type="global" contextid="3357" timestamp="2019-08-08T07:22:31.701">
  <mem-info id="3359" free="611328" total="61145088" percent="0">
    <mem type="tenure" free="611328" total="61145088" percent="0">
      <mem type="soa" free="0" total="60533760" percent="0" />
      <mem type="loa" free="611328" total="611328" percent="100" />
    </mem>
  </mem-info>
</gc-start>
<allocation-stats totalBytes="42516128" >
  <allocated-bytes non-tlh="0" tlh="42516128" />
  <largest-consumer threadName="main" threadId="0000000000996F00" bytes="42516128" />
</allocation-stats>
<gc-op id="3360" type="mark" timems="13.131" contextid="3357" timestamp="2019-08-08T07:22:31.714">
  <trace-info objectcount="600856" scancount="521738" scanbytes="13391956" />
  <finalization candidates="80" enqueued="0" />
  <ownableSynchronizers candidates="21" cleared="0" />
  <references type="soft" candidates="3261" cleared="0" enqueued="0" dynamicThreshold="22" maxThreshold="32" />
  <references type="weak" candidates="5616" cleared="0" enqueued="0" />
  <references type="phantom" candidates="97" cleared="0" enqueued="0" />
  <stringconstants candidates="13602" cleared="0"  />
</gc-op>
<gc-op id="3361" type="sweep" timems="9.239" contextid="3357" timestamp="2019-08-08T07:22:31.724" />
<mem-info id="3362" free="43159368" total="61145088" percent="70">
  <mem type="tenure" free="43159368" total="61145088" percent="70" micro-fragmented="0">
    <mem type="soa" free="42548040" total="60533760" percent="70" />
    <mem type="loa" free="611328" total="611328" percent="100" />
  </mem>
</mem-info>
<gc-op id="3363" type="compact" timems="25.686" contextid="3357" timestamp="2019-08-08T07:22:31.749">
  <compact-info movecount="30" movebytes="1736" reason="compact to aid heap contraction" />
</gc-op>
<heap-resize id="3364" type="expand" space="tenure" amount="327680" count="1" timems="0.023" reason="satisfy allocation request" timestamp="2019-08-08T07:22:31.750" />
<gc-end id="3365" type="global" contextid="3357" durationms="49.050" usertimems="158.656" systemtimems="0.000" timestamp="2019-08-08T07:22:31.750" activeThreads="16">
  <mem-info id="3366" free="43422128" total="61472768" percent="70">
    <mem type="tenure" free="43422128" total="61472768" percent="70">
      <mem type="soa" free="42807728" total="60858368" percent="70" />
      <mem type="loa" free="614400" total="614400" percent="100" />
    </mem>
  </mem-info>
</gc-end>
<cycle-end id="3367" type="global" contextid="3357" timestamp="2019-08-08T07:22:31.750" />
  <attribute name="elasticGC enabled" value="1" />
  <attribute name= "numThreadsSpecified" value="16" />
  <attribute name="heapSize specified" value="61145088" />
  <attribute name="Current GC Util" value="43" />
  <attribute name= "Current Time Running" value="119360" />
  <attribute name ="GC Interval" value="0" />
  <attribute name="Target GC Util Change" value ="80.000000" />
  <attribute name="Current GC Util Change" value="43.000000"/>
  <attribute name="Current Error" value="-451.000000" />
  <attribute name="Output H" value="61445720"/>
  <attribute name="Output I" value="200"/>
  <attribute name="Output T" value="16"/>
  <attribute name= "Current Time Running" value="119360" />
  <attribute name="GC Util currently" value="43" />
  <attribute name="CPU Util currently" value="44842650824" />
<allocation-satisfied id="3368" threadId="0000000000996F00" bytesRequested="24" />
<af-end id="3369" timestamp="2019-08-08T07:22:31.750" threadId="0000000000997888" success="true" />
<exclusive-end id="3370" timestamp="2019-08-08T07:22:31.750" durationms="49.220" />

<concurrent-kickoff id="3371" timestamp="2019-08-08T07:22:31.918">
  <kickoff reason="threshold reached" targetBytes="6446507" thresholdFreeBytes="874948" remainingFree="787184" tenureFreeBytes="787184" />
</concurrent-kickoff>
<exclusive-start id="3372" timestamp="2019-08-08T07:22:31.918" intervalms="216.891">
  <response-info timems="0.062" idlems="0.062" threads="0" lastid="0000000000996F00" lastname="main" />
</exclusive-start>
<cycle-start id="3373" type="global" contextid="0" timestamp="2019-08-08T07:22:31.918" intervalms="216.841" />
<exclusive-end id="3374" timestamp="2019-08-08T07:22:31.918" durationms="0.020" />

<exclusive-start id="3375" timestamp="2019-08-08T07:22:31.926" intervalms="8.268">
  <response-info timems="0.087" idlems="0.087" threads="0" lastid="0000000000996F00" lastname="main" />
</exclusive-start>
<af-start id="3376" threadId="0000000000997888" totalBytesRequested="16" timestamp="2019-08-08T07:22:31.926" intervalms="225.179" />
<concurrent-aborted id="3377" timestamp="2019-08-08T07:22:31.926">
  <reason value="insufficient progress made" />
</concurrent-aborted>
<cycle-end id="3378" type="global" contextid="3373" timestamp="2019-08-08T07:22:31.926" />
  <attribute name="elasticGC enabled" value="1" />
  <attribute name= "numThreadsSpecified" value="16" />
  <attribute name="heapSize specified" value="61145088" />
  <attribute name="Current GC Util" value="43" />
  <attribute name= "Current Time Running" value="119360" />
  <attribute name ="GC Interval" value="0" />
  <attribute name="Target GC Util Change" value ="80.000000" />
  <attribute name="Current GC Util Change" value="43.000000"/>
  <attribute name="Current Error" value="-451.000000" />
  <attribute name="Output H" value="61445720"/>
  <attribute name="Output I" value="200"/>
  <attribute name="Output T" value="16"/>
  <attribute name= "Current Time Running" value="119360" />
  <attribute name="GC Util currently" value="43" />
  <attribute name="CPU Util currently" value="44842650824" />
<cycle-start id="3379" type="global" contextid="0" timestamp="2019-08-08T07:22:31.926" intervalms="8.397" />
<gc-start id="3380" type="global" contextid="3379" timestamp="2019-08-08T07:22:31.926">
  <mem-info id="3381" free="614400" total="61472768" percent="0">
    <mem type="tenure" free="614400" total="61472768" percent="0">
      <mem type="soa" free="0" total="60858368" percent="0" />
      <mem type="loa" free="614400" total="614400" percent="100" />
    </mem>
  </mem-info>
</gc-start>
<allocation-stats totalBytes="42834248" >
  <allocated-bytes non-tlh="3776" tlh="42830472" />
  <largest-consumer threadName="main" threadId="0000000000996F00" bytes="42834248" />
</allocation-stats>
<gc-op id="3382" type="mark" timems="10.220" contextid="3379" timestamp="2019-08-08T07:22:31.937">
  <trace-info objectcount="598956" scancount="519970" scanbytes="13345196" />
  <finalization candidates="80" enqueued="0" />
  <ownableSynchronizers candidates="21" cleared="0" />
  <references type="soft" candidates="3277" cleared="1422" enqueued="711" dynamicThreshold="22" maxThreshold="32" />
  <references type="weak" candidates="5676" cleared="10" enqueued="7" />
  <references type="phantom" candidates="97" cleared="0" enqueued="0" />
  <stringconstants candidates="13639" cleared="389"  />
</gc-op>
<gc-op id="3383" type="sweep" timems="14.572" contextid="3379" timestamp="2019-08-08T07:22:31.951" />
<mem-info id="3384" free="43434704" total="61472768" percent="70">
  <mem type="tenure" free="43434704" total="61472768" percent="70" micro-fragmented="81068">
    <mem type="soa" free="42820304" total="60858368" percent="70" />
    <mem type="loa" free="614400" total="614400" percent="100" />
  </mem>
  <pending-finalizers system="0" default="0" reference="718" classloader="0" />
</mem-info>
<gc-op id="3385" type="compact" timems="122.898" contextid="3379" timestamp="2019-08-08T07:22:32.074">
  <compact-info movecount="525504" movebytes="13623936" reason="compact to aid heap contraction" />
</gc-op>
<heap-resize id="3386" type="expand" space="tenure" amount="327680" count="1" timems="0.022" reason="satisfy allocation request" timestamp="2019-08-08T07:22:32.075" />
<gc-end id="3387" type="global" contextid="3379" durationms="148.990" usertimems="210.573" systemtimems="0.000" timestamp="2019-08-08T07:22:32.075" activeThreads="16">
  <mem-info id="3388" free="43772704" total="61800448" percent="70">
    <mem type="tenure" free="43772704" total="61800448" percent="70">
      <mem type="soa" free="43155232" total="61182976" percent="70" />
      <mem type="loa" free="617472" total="617472" percent="100" />
    </mem>
    <pending-finalizers system="0" default="0" reference="718" classloader="0" />
  </mem-info>
</gc-end>
<cycle-end id="3389" type="global" contextid="3379" timestamp="2019-08-08T07:22:32.075" />
  <attribute name="elasticGC enabled" value="1" />
  <attribute name= "numThreadsSpecified" value="16" />
  <attribute name="heapSize specified" value="61472768" />
  <attribute name="Current GC Util" value="10" />
  <attribute name= "Current Time Running" value="119685" />
  <attribute name ="GC Interval" value="0" />
  <attribute name="Target GC Util Change" value ="80.000000" />
  <attribute name="Current GC Util Change" value="10.000000"/>
  <attribute name="Current Error" value="193.000000" />
  <attribute name="Output H" value="61776376"/>
  <attribute name="Output I" value="3016"/>
  <attribute name="Output T" value="16"/>
  <attribute name= "Current Time Running" value="119685" />
  <attribute name="GC Util currently" value="10" />
  <attribute name="CPU Util currently" value="9378619573" />
<allocation-satisfied id="3390" threadId="0000000000996F00" bytesRequested="16" />
<af-end id="3391" timestamp="2019-08-08T07:22:32.075" threadId="0000000000997888" success="true" />
<exclusive-end id="3392" timestamp="2019-08-08T07:22:32.075" durationms="149.257" />

<concurrent-kickoff id="3393" timestamp="2019-08-08T07:22:32.250">
  <kickoff reason="threshold reached" targetBytes="6480869" thresholdFreeBytes="879611" remainingFree="797472" tenureFreeBytes="797472" />
</concurrent-kickoff>
<exclusive-start id="3394" timestamp="2019-08-08T07:22:32.250" intervalms="324.237">
  <response-info timems="0.207" idlems="0.207" threads="0" lastid="0000000000996F00" lastname="main" />
</exclusive-start>
<cycle-start id="3395" type="global" contextid="0" timestamp="2019-08-08T07:22:32.250" intervalms="324.110" />
<exclusive-end id="3396" timestamp="2019-08-08T07:22:32.250" durationms="0.025" />

<exclusive-start id="3397" timestamp="2019-08-08T07:22:32.251" intervalms="0.831">
  <response-info timems="0.053" idlems="0.053" threads="0" lastid="0000000000996F00" lastname="main" />
</exclusive-start>
<af-start id="3398" threadId="0000000000997888" totalBytesRequested="1008" timestamp="2019-08-08T07:22:32.251" intervalms="325.053" />
<concurrent-aborted id="3399" timestamp="2019-08-08T07:22:32.251">
  <reason value="insufficient progress made" />
</concurrent-aborted>
<cycle-end id="3400" type="global" contextid="3395" timestamp="2019-08-08T07:22:32.251" />
  <attribute name="elasticGC enabled" value="1" />
  <attribute name= "numThreadsSpecified" value="16" />
  <attribute name="heapSize specified" value="61472768" />
  <attribute name="Current GC Util" value="10" />
  <attribute name= "Current Time Running" value="119685" />
  <attribute name ="GC Interval" value="0" />
  <attribute name="Target GC Util Change" value ="80.000000" />
  <attribute name="Current GC Util Change" value="10.000000"/>
  <attribute name="Current Error" value="193.000000" />
  <attribute name="Output H" value="61776376"/>
  <attribute name="Output I" value="3016"/>
  <attribute name="Output T" value="16"/>
  <attribute name= "Current Time Running" value="119685" />
  <attribute name="GC Util currently" value="10" />
  <attribute name="CPU Util currently" value="9378619573" />
<cycle-start id="3401" type="global" contextid="0" timestamp="2019-08-08T07:22:32.251" intervalms="0.904" />
<gc-start id="3402" type="global" contextid="3401" timestamp="2019-08-08T07:22:32.251">
  <mem-info id="3403" free="617472" total="61800448" percent="0">
    <mem type="tenure" free="617472" total="61800448" percent="0">
      <mem type="soa" free="0" total="61182976" percent="0" />
      <mem type="loa" free="617472" total="617472" percent="100" />
    </mem>
  </mem-info>
</gc-start>
<allocation-stats totalBytes="43159976" >
  <allocated-bytes non-tlh="0" tlh="43159976" />
  <largest-consumer threadName="main" threadId="0000000000996F00" bytes="43120584" />
</allocation-stats>
<gc-op id="3404" type="mark" timems="15.668" contextid="3401" timestamp="2019-08-08T07:22:32.267">
  <trace-info objectcount="598898" scancount="519914" scanbytes="13346336" />
  <finalization candidates="80" enqueued="0" />
  <ownableSynchronizers candidates="21" cleared="0" />
  <references type="soft" candidates="1855" cleared="0" enqueued="0" dynamicThreshold="22" maxThreshold="32" />
  <references type="weak" candidates="5666" cleared="0" enqueued="0" />
  <references type="phantom" candidates="97" cleared="0" enqueued="0" />
  <stringconstants candidates="13250" cleared="3"  />
</gc-op>
<gc-op id="3405" type="classunload" timems="0.443" contextid="3401" timestamp="2019-08-08T07:22:32.268">
  <classunload-info classloadercandidates="55" classloadersunloaded="2" classesunloaded="2" anonymousclassesunloaded="0" quiescems="0.000" setupms="0.427" scanms="0.013" postms="0.003" />
</gc-op>
<gc-op id="3406" type="sweep" timems="8.968" contextid="3401" timestamp="2019-08-08T07:22:32.277" />
<mem-info id="3407" free="43837408" total="61800448" percent="70">
  <mem type="tenure" free="43837408" total="61800448" percent="70" micro-fragmented="0">
    <mem type="soa" free="43219936" total="61182976" percent="70" />
    <mem type="loa" free="617472" total="617472" percent="100" />
  </mem>
</mem-info>
<gc-op id="3408" type="compact" timems="113.059" contextid="3401" timestamp="2019-08-08T07:22:32.390">
  <compact-info movecount="512392" movebytes="13193664" reason="compact to aid heap contraction" />
</gc-op>
<heap-resize id="3409" type="expand" space="tenure" amount="327680" count="1" timems="0.026" reason="satisfy allocation request" timestamp="2019-08-08T07:22:32.390" />
<gc-end id="3410" type="global" contextid="3401" durationms="139.043" usertimems="193.004" systemtimems="0.000" timestamp="2019-08-08T07:22:32.390" activeThreads="16">
  <mem-info id="3411" free="44100640" total="62128128" percent="70">
    <mem type="tenure" free="44100640" total="62128128" percent="70">
      <mem type="soa" free="43480096" total="61507584" percent="70" />
      <mem type="loa" free="620544" total="620544" percent="100" />
    </mem>
  </mem-info>
</gc-end>
<cycle-end id="3412" type="global" contextid="3401" timestamp="2019-08-08T07:22:32.390" />
  <attribute name="elasticGC enabled" value="1" />
  <attribute name= "numThreadsSpecified" value="16" />
  <attribute name="heapSize specified" value="61800448" />
  <attribute name="Current GC Util" value="9" />
  <attribute name= "Current Time Running" value="120000" />
  <attribute name ="GC Interval" value="0" />
  <attribute name="Target GC Util Change" value ="80.000000" />
  <attribute name="Current GC Util Change" value="9.000000"/>
  <attribute name="Current Error" value="146.000000" />
  <attribute name="Output H" value="62103840"/>
  <attribute name="Output I" value="2768"/>
  <attribute name="Output T" value="16"/>
  <attribute name= "Current Time Running" value="120000" />
  <attribute name="GC Util currently" value="9" />
  <attribute name="CPU Util currently" value="10195594204" />
<allocation-satisfied id="3413" threadId="0000000000996F00" bytesRequested="1008" />
<af-end id="3414" timestamp="2019-08-08T07:22:32.391" threadId="0000000000997888" success="true" />
<exclusive-end id="3415" timestamp="2019-08-08T07:22:32.391" durationms="139.277" />

<concurrent-kickoff id="3416" timestamp="2019-08-08T07:22:32.636">
  <kickoff reason="threshold reached" targetBytes="6515233" thresholdFreeBytes="884276" remainingFree="822304" tenureFreeBytes="822304" />
</concurrent-kickoff>
<exclusive-start id="3417" timestamp="2019-08-08T07:22:32.637" intervalms="385.369">
  <response-info timems="0.160" idlems="0.160" threads="0" lastid="0000000000996F00" lastname="main" />
</exclusive-start>
<cycle-start id="3418" type="global" contextid="0" timestamp="2019-08-08T07:22:32.637" intervalms="385.295" />
<exclusive-end id="3419" timestamp="2019-08-08T07:22:32.637" durationms="0.021" />

<exclusive-start id="3420" timestamp="2019-08-08T07:22:32.640" intervalms="3.319">
  <response-info timems="0.153" idlems="0.153" threads="0" lastid="0000000000996F00" lastname="main" />
</exclusive-start>
<af-start id="3421" threadId="0000000000997888" totalBytesRequested="32" timestamp="2019-08-08T07:22:32.640" intervalms="388.693" />
<concurrent-aborted id="3422" timestamp="2019-08-08T07:22:32.640">
  <reason value="insufficient progress made" />
</concurrent-aborted>
<cycle-end id="3423" type="global" contextid="3418" timestamp="2019-08-08T07:22:32.640" />
  <attribute name="elasticGC enabled" value="1" />
  <attribute name= "numThreadsSpecified" value="16" />
  <attribute name="heapSize specified" value="61800448" />
  <attribute name="Current GC Util" value="9" />
  <attribute name= "Current Time Running" value="120000" />
  <attribute name ="GC Interval" value="0" />
  <attribute name="Target GC Util Change" value ="80.000000" />
  <attribute name="Current GC Util Change" value="9.000000"/>
  <attribute name="Current Error" value="146.000000" />
  <attribute name="Output H" value="62103840"/>
  <attribute name="Output I" value="2768"/>
  <attribute name="Output T" value="16"/>
  <attribute name= "Current Time Running" value="120000" />
  <attribute name="GC Util currently" value="9" />
  <attribute name="CPU Util currently" value="10195594204" />
<cycle-start id="3424" type="global" contextid="0" timestamp="2019-08-08T07:22:32.640" intervalms="3.382" />
<gc-start id="3425" type="global" contextid="3424" timestamp="2019-08-08T07:22:32.640">
  <mem-info id="3426" free="620544" total="62128128" percent="0">
    <mem type="tenure" free="620544" total="62128128" percent="0">
      <mem type="soa" free="0" total="61507584" percent="0" />
      <mem type="loa" free="620544" total="620544" percent="100" />
    </mem>
  </mem-info>
</gc-start>
<allocation-stats totalBytes="43505632" >
  <allocated-bytes non-tlh="0" tlh="43505632" />
  <largest-consumer threadName="main" threadId="0000000000996F00" bytes="43505632" />
</allocation-stats>
<gc-op id="3427" type="mark" timems="11.816" contextid="3424" timestamp="2019-08-08T07:22:32.652">
  <trace-info objectcount="598909" scancount="519927" scanbytes="13346744" />
  <finalization candidates="80" enqueued="0" />
  <ownableSynchronizers candidates="21" cleared="0" />
  <references type="soft" candidates="1855" cleared="0" enqueued="0" dynamicThreshold="22" maxThreshold="32" />
  <references type="weak" candidates="5680" cleared="0" enqueued="0" />
  <references type="phantom" candidates="97" cleared="0" enqueued="0" />
  <stringconstants candidates="13247" cleared="0"  />
</gc-op>
<gc-op id="3428" type="sweep" timems="10.625" contextid="3424" timestamp="2019-08-08T07:22:32.663" />
<mem-info id="3429" free="44167912" total="62128128" percent="71">
  <mem type="tenure" free="44167912" total="62128128" percent="71" micro-fragmented="0">
    <mem type="soa" free="43547368" total="61507584" percent="70" />
    <mem type="loa" free="620544" total="620544" percent="100" />
  </mem>
</mem-info>
<gc-op id="3430" type="compact" timems="127.046" contextid="3424" timestamp="2019-08-08T07:22:32.790">
  <compact-info movecount="554523" movebytes="15406816" reason="compact to aid heap contraction" />
</gc-op>
<heap-resize id="3431" type="expand" space="tenure" amount="327680" count="1" timems="0.021" reason="satisfy allocation request" timestamp="2019-08-08T07:22:32.790" />
<gc-end id="3432" type="global" contextid="3424" durationms="150.284" usertimems="248.127" systemtimems="0.000" timestamp="2019-08-08T07:22:32.790" activeThreads="16">
  <mem-info id="3433" free="44431136" total="62455808" percent="71">
    <mem type="tenure" free="44431136" total="62455808" percent="71">
      <mem type="soa" free="43807520" total="61832192" percent="70" />
      <mem type="loa" free="623616" total="623616" percent="100" />
    </mem>
  </mem-info>
</gc-end>
<cycle-end id="3434" type="global" contextid="3424" timestamp="2019-08-08T07:22:32.790" />
  <attribute name="elasticGC enabled" value="1" />
  <attribute name= "numThreadsSpecified" value="16" />
  <attribute name="heapSize specified" value="62128128" />
  <attribute name="Current GC Util" value="11" />
  <attribute name= "Current Time Running" value="120400" />
  <attribute name ="GC Interval" value="0" />
  <attribute name="Target GC Util Change" value ="80.000000" />
  <attribute name="Current GC Util Change" value="11.000000"/>
  <attribute name="Current Error" value="69.000000" />
  <attribute name="Output H" value="62431160"/>
  <attribute name="Output I" value="2368"/>
  <attribute name="Output T" value="16"/>
  <attribute name= "Current Time Running" value="120400" />
  <attribute name="GC Util currently" value="11" />
  <attribute name="CPU Util currently" value="9071581808" />
<allocation-satisfied id="3435" threadId="0000000000996F00" bytesRequested="32" />
<af-end id="3436" timestamp="2019-08-08T07:22:32.790" threadId="0000000000997888" success="true" />
<exclusive-end id="3437" timestamp="2019-08-08T07:22:32.790" durationms="150.479" />

<concurrent-kickoff id="3438" timestamp="2019-08-08T07:22:33.193">
  <kickoff reason="threshold reached" targetBytes="6549596" thresholdFreeBytes="888939" remainingFree="882464" tenureFreeBytes="882464" />
</concurrent-kickoff>
<exclusive-start id="3439" timestamp="2019-08-08T07:22:33.193" intervalms="553.108">
  <response-info timems="0.044" idlems="0.044" threads="0" lastid="0000000000996F00" lastname="main" />
</exclusive-start>
<cycle-start id="3440" type="global" contextid="0" timestamp="2019-08-08T07:22:33.193" intervalms="553.044" />
<exclusive-end id="3441" timestamp="2019-08-08T07:22:33.193" durationms="0.020" />

<exclusive-start id="3442" timestamp="2019-08-08T07:22:33.194" intervalms="1.418">
  <response-info timems="0.085" idlems="0.085" threads="0" lastid="0000000000996F00" lastname="main" />
</exclusive-start>
<af-start id="3443" threadId="0000000000997888" totalBytesRequested="80" timestamp="2019-08-08T07:22:33.195" intervalms="554.537" />
<concurrent-aborted id="3444" timestamp="2019-08-08T07:22:33.195">
  <reason value="insufficient progress made" />
</concurrent-aborted>
<cycle-end id="3445" type="global" contextid="3440" timestamp="2019-08-08T07:22:33.195" />
  <attribute name="elasticGC enabled" value="1" />
  <attribute name= "numThreadsSpecified" value="16" />
  <attribute name="heapSize specified" value="62128128" />
  <attribute name="Current GC Util" value="11" />
  <attribute name= "Current Time Running" value="120400" />
  <attribute name ="GC Interval" value="0" />
  <attribute name="Target GC Util Change" value ="80.000000" />
  <attribute name="Current GC Util Change" value="11.000000"/>
  <attribute name="Current Error" value="69.000000" />
  <attribute name="Output H" value="62431160"/>
  <attribute name="Output I" value="2368"/>
  <attribute name="Output T" value="16"/>
  <attribute name= "Current Time Running" value="120400" />
  <attribute name="GC Util currently" value="11" />
  <attribute name="CPU Util currently" value="9071581808" />
<cycle-start id="3446" type="global" contextid="0" timestamp="2019-08-08T07:22:33.195" intervalms="1.491" />
<gc-start id="3447" type="global" contextid="3446" timestamp="2019-08-08T07:22:33.195">
  <mem-info id="3448" free="623616" total="62455808" percent="0">
    <mem type="tenure" free="623616" total="62455808" percent="0">
      <mem type="soa" free="0" total="61832192" percent="0" />
      <mem type="loa" free="623616" total="623616" percent="100" />
    </mem>
  </mem-info>
</gc-start>
<allocation-stats totalBytes="43865456" >
  <allocated-bytes non-tlh="0" tlh="43865456" />
  <largest-consumer threadName="main" threadId="0000000000996F00" bytes="43865456" />
</allocation-stats>
<gc-op id="3449" type="mark" timems="9.358" contextid="3446" timestamp="2019-08-08T07:22:33.204">
  <trace-info objectcount="598924" scancount="519939" scanbytes="13347272" />
  <finalization candidates="80" enqueued="0" />
  <ownableSynchronizers candidates="21" cleared="0" />
  <references type="soft" candidates="1855" cleared="0" enqueued="0" dynamicThreshold="22" maxThreshold="32" />
  <references type="weak" candidates="5690" cleared="0" enqueued="0" />
  <references type="phantom" candidates="97" cleared="0" enqueued="0" />
  <stringconstants candidates="13247" cleared="0"  />
</gc-op>
<gc-op id="3450" type="sweep" timems="11.232" contextid="3446" timestamp="2019-08-08T07:22:33.215" />
<mem-info id="3451" free="44494720" total="62455808" percent="71">
  <mem type="tenure" free="44494720" total="62455808" percent="71" micro-fragmented="0">
    <mem type="soa" free="43871104" total="61832192" percent="70" />
    <mem type="loa" free="623616" total="623616" percent="100" />
  </mem>
</mem-info>
<gc-op id="3452" type="compact" timems="113.956" contextid="3446" timestamp="2019-08-08T07:22:33.329">
  <compact-info movecount="515887" movebytes="13322616" reason="compact to aid heap contraction" />
</gc-op>
<heap-resize id="3453" type="expand" space="tenure" amount="327680" count="1" timems="0.021" reason="satisfy allocation request" timestamp="2019-08-08T07:22:33.330" />
<gc-end id="3454" type="global" contextid="3446" durationms="135.515" usertimems="195.199" systemtimems="0.000" timestamp="2019-08-08T07:22:33.330" activeThreads="16">
  <mem-info id="3455" free="44758312" total="62783488" percent="71">
    <mem type="tenure" free="44758312" total="62783488" percent="71">
      <mem type="soa" free="44130600" total="62155776" percent="70" />
      <mem type="loa" free="627712" total="627712" percent="100" />
    </mem>
  </mem-info>
</gc-end>
<cycle-end id="3456" type="global" contextid="3446" timestamp="2019-08-08T07:22:33.330" />
  <attribute name="elasticGC enabled" value="1" />
  <attribute name= "numThreadsSpecified" value="16" />
  <attribute name="heapSize specified" value="62455808" />
  <attribute name="Current GC Util" value="13" />
  <attribute name= "Current Time Running" value="120940" />
  <attribute name ="GC Interval" value="0" />
  <attribute name="Target GC Util Change" value ="80.000000" />
  <attribute name="Current GC Util Change" value="13.000000"/>
  <attribute name="Current Error" value="-275.000000" />
  <attribute name="Output H" value="62757256"/>
  <attribute name="Output I" value="584"/>
  <attribute name="Output T" value="16"/>
  <attribute name= "Current Time Running" value="120940" />
  <attribute name="GC Util currently" value="13" />
  <attribute name="CPU Util currently" value="10114529453" />
<allocation-satisfied id="3457" threadId="0000000000996F00" bytesRequested="80" />
<af-end id="3458" timestamp="2019-08-08T07:22:33.330" threadId="0000000000997888" success="true" />
<exclusive-end id="3459" timestamp="2019-08-08T07:22:33.330" durationms="135.738" />

<concurrent-kickoff id="3460" timestamp="2019-08-08T07:22:33.420">
  <kickoff reason="threshold reached" targetBytes="6583958" thresholdFreeBytes="893604" remainingFree="816424" tenureFreeBytes="816424" />
</concurrent-kickoff>
<exclusive-start id="3461" timestamp="2019-08-08T07:22:33.420" intervalms="226.034">
  <response-info timems="0.047" idlems="0.047" threads="0" lastid="0000000000996F00" lastname="main" />
</exclusive-start>
<cycle-start id="3462" type="global" contextid="0" timestamp="2019-08-08T07:22:33.421" intervalms="225.961" />
<exclusive-end id="3463" timestamp="2019-08-08T07:22:33.421" durationms="0.019" />

<exclusive-start id="3464" timestamp="2019-08-08T07:22:33.421" intervalms="0.965">
  <response-info timems="0.040" idlems="0.040" threads="0" lastid="0000000000996F00" lastname="main" />
</exclusive-start>
<af-start id="3465" threadId="0000000000997888" totalBytesRequested="32" timestamp="2019-08-08T07:22:33.421" intervalms="226.979" />
<concurrent-aborted id="3466" timestamp="2019-08-08T07:22:33.422">
  <reason value="insufficient progress made" />
</concurrent-aborted>
<cycle-end id="3467" type="global" contextid="3462" timestamp="2019-08-08T07:22:33.422" />
  <attribute name="elasticGC enabled" value="1" />
  <attribute name= "numThreadsSpecified" value="16" />
  <attribute name="heapSize specified" value="62455808" />
  <attribute name="Current GC Util" value="13" />
  <attribute name= "Current Time Running" value="120940" />
  <attribute name ="GC Interval" value="0" />
  <attribute name="Target GC Util Change" value ="80.000000" />
  <attribute name="Current GC Util Change" value="13.000000"/>
  <attribute name="Current Error" value="-275.000000" />
  <attribute name="Output H" value="62757256"/>
  <attribute name="Output I" value="584"/>
  <attribute name="Output T" value="16"/>
  <attribute name= "Current Time Running" value="120940" />
  <attribute name="GC Util currently" value="13" />
  <attribute name="CPU Util currently" value="10114529453" />
<cycle-start id="3468" type="global" contextid="0" timestamp="2019-08-08T07:22:33.422" intervalms="1.019" />
<gc-start id="3469" type="global" contextid="3468" timestamp="2019-08-08T07:22:33.422">
  <mem-info id="3470" free="627712" total="62783488" percent="0">
    <mem type="tenure" free="627712" total="62783488" percent="0">
      <mem type="soa" free="0" total="62155776" percent="0" />
      <mem type="loa" free="627712" total="627712" percent="100" />
    </mem>
  </mem-info>
</gc-start>
<allocation-stats totalBytes="44188400" >
  <allocated-bytes non-tlh="0" tlh="44188400" />
  <largest-consumer threadName="main" threadId="0000000000996F00" bytes="44188400" />
</allocation-stats>
<gc-op id="3471" type="mark" timems="12.731" contextid="3468" timestamp="2019-08-08T07:22:33.434">
  <trace-info objectcount="598926" scancount="519942" scanbytes="13347388" />
  <finalization candidates="80" enqueued="0" />
  <ownableSynchronizers candidates="21" cleared="0" />
  <references type="soft" candidates="1855" cleared="0" enqueued="0" dynamicThreshold="22" maxThreshold="32" />
  <references type="weak" candidates="5690" cleared="0" enqueued="0" />
  <references type="phantom" candidates="97" cleared="0" enqueued="0" />
  <stringconstants candidates="13247" cleared="0"  />
</gc-op>
<gc-op id="3472" type="sweep" timems="13.520" contextid="3468" timestamp="2019-08-08T07:22:33.448" />
<mem-info id="3473" free="44823616" total="62783488" percent="71">
  <mem type="tenure" free="44823616" total="62783488" percent="71" micro-fragmented="0">
    <mem type="soa" free="44195904" total="62155776" percent="71" />
    <mem type="loa" free="627712" total="627712" percent="100" />
  </mem>
</mem-info>
<gc-op id="3474" type="compact" timems="28.232" contextid="3468" timestamp="2019-08-08T07:22:33.476">
  <compact-info movecount="5" movebytes="240" reason="compact to aid heap contraction" />
</gc-op>
<heap-resize id="3475" type="expand" space="tenure" amount="327680" count="1" timems="0.021" reason="satisfy allocation request" timestamp="2019-08-08T07:22:33.477" />
<gc-end id="3476" type="global" contextid="3468" durationms="55.482" usertimems="129.190" systemtimems="0.000" timestamp="2019-08-08T07:22:33.477" activeThreads="16">
  <mem-info id="3477" free="45085872" total="63111168" percent="71">
    <mem type="tenure" free="45085872" total="63111168" percent="71">
      <mem type="soa" free="44455088" total="62480384" percent="71" />
      <mem type="loa" free="630784" total="630784" percent="100" />
    </mem>
  </mem-info>
</gc-end>
<cycle-end id="3478" type="global" contextid="3468" timestamp="2019-08-08T07:22:33.477" />
  <attribute name="elasticGC enabled" value="1" />
  <attribute name= "numThreadsSpecified" value="16" />
  <attribute name="heapSize specified" value="62783488" />
  <attribute name="Current GC Util" value="58" />
  <attribute name= "Current Time Running" value="121087" />
  <attribute name ="GC Interval" value="0" />
  <attribute name="Target GC Util Change" value ="80.000000" />
  <attribute name="Current GC Util Change" value="58.000000"/>
  <attribute name="Current Error" value="-172.000000" />
  <attribute name="Output H" value="63085408"/>
  <attribute name="Output I" value="1120"/>
  <attribute name="Output T" value="16"/>
  <attribute name= "Current Time Running" value="121087" />
  <attribute name="GC Util currently" value="58" />
  <attribute name="CPU Util currently" value="40803558878" />
<allocation-satisfied id="3479" threadId="0000000000996F00" bytesRequested="32" />
<af-end id="3480" timestamp="2019-08-08T07:22:33.477" threadId="0000000000997888" success="true" />
<exclusive-end id="3481" timestamp="2019-08-08T07:22:33.477" durationms="55.669" />

<concurrent-kickoff id="3482" timestamp="2019-08-08T07:22:33.572">
  <kickoff reason="threshold reached" targetBytes="6618322" thresholdFreeBytes="898267" remainingFree="881840" tenureFreeBytes="881840" />
</concurrent-kickoff>
<exclusive-start id="3483" timestamp="2019-08-08T07:22:33.572" intervalms="150.211">
  <response-info timems="0.046" idlems="0.046" threads="0" lastid="0000000000996F00" lastname="main" />
</exclusive-start>
<cycle-start id="3484" type="global" contextid="0" timestamp="2019-08-08T07:22:33.572" intervalms="150.156" />
<exclusive-end id="3485" timestamp="2019-08-08T07:22:33.572" durationms="0.019" />

<exclusive-start id="3486" timestamp="2019-08-08T07:22:33.573" intervalms="1.399">
  <response-info timems="0.066" idlems="0.066" threads="0" lastid="0000000000996F00" lastname="main" />
</exclusive-start>
<af-start id="3487" threadId="0000000000997888" totalBytesRequested="80" timestamp="2019-08-08T07:22:33.573" intervalms="151.613" />
<concurrent-aborted id="3488" timestamp="2019-08-08T07:22:33.573">
  <reason value="insufficient progress made" />
</concurrent-aborted>
<cycle-end id="3489" type="global" contextid="3484" timestamp="2019-08-08T07:22:33.573" />
  <attribute name="elasticGC enabled" value="1" />
  <attribute name= "numThreadsSpecified" value="16" />
  <attribute name="heapSize specified" value="62783488" />
  <attribute name="Current GC Util" value="58" />
  <attribute name= "Current Time Running" value="121087" />
  <attribute name ="GC Interval" value="0" />
  <attribute name="Target GC Util Change" value ="80.000000" />
  <attribute name="Current GC Util Change" value="58.000000"/>
  <attribute name="Current Error" value="-172.000000" />
  <attribute name="Output H" value="63085408"/>
  <attribute name="Output I" value="1120"/>
  <attribute name="Output T" value="16"/>
  <attribute name= "Current Time Running" value="121087" />
  <attribute name="GC Util currently" value="58" />
  <attribute name="CPU Util currently" value="40803558878" />
<cycle-start id="3490" type="global" contextid="0" timestamp="2019-08-08T07:22:33.573" intervalms="1.458" />
<gc-start id="3491" type="global" contextid="3490" timestamp="2019-08-08T07:22:33.573">
  <mem-info id="3492" free="630784" total="63111168" percent="0">
    <mem type="tenure" free="630784" total="63111168" percent="0">
      <mem type="soa" free="0" total="62480384" percent="0" />
      <mem type="loa" free="630784" total="630784" percent="100" />
    </mem>
  </mem-info>
</gc-start>
<allocation-stats totalBytes="44512264" >
  <allocated-bytes non-tlh="0" tlh="44512264" />
  <largest-consumer threadName="main" threadId="0000000000996F00" bytes="44512264" />
</allocation-stats>
<gc-op id="3493" type="mark" timems="9.026" contextid="3490" timestamp="2019-08-08T07:22:33.582">
  <trace-info objectcount="598926" scancount="519947" scanbytes="13347384" />
  <finalization candidates="80" enqueued="0" />
  <ownableSynchronizers candidates="21" cleared="0" />
  <references type="soft" candidates="1855" cleared="0" enqueued="0" dynamicThreshold="22" maxThreshold="32" />
  <references type="weak" candidates="5690" cleared="0" enqueued="0" />
  <references type="phantom" candidates="97" cleared="0" enqueued="0" />
  <stringconstants candidates="13247" cleared="0"  />
</gc-op>
<gc-op id="3494" type="sweep" timems="12.997" contextid="3490" timestamp="2019-08-08T07:22:33.595" />
<mem-info id="3495" free="45151400" total="63111168" percent="71">
  <mem type="tenure" free="45151400" total="63111168" percent="71" micro-fragmented="0">
    <mem type="soa" free="44520616" total="62480384" percent="71" />
    <mem type="loa" free="630784" total="630784" percent="100" />
  </mem>
</mem-info>
<gc-op id="3496" type="compact" timems="25.737" contextid="3490" timestamp="2019-08-08T07:22:33.621">
  <compact-info movecount="5" movebytes="240" reason="compact to aid heap contraction" />
</gc-op>
<heap-resize id="3497" type="expand" space="tenure" amount="327680" count="1" timems="0.025" reason="satisfy allocation request" timestamp="2019-08-08T07:22:33.622" />
<gc-end id="3498" type="global" contextid="3490" durationms="48.406" usertimems="144.359" systemtimems="0.000" timestamp="2019-08-08T07:22:33.622" activeThreads="16">
  <mem-info id="3499" free="45413552" total="63438848" percent="71">
    <mem type="tenure" free="45413552" total="63438848" percent="71">
      <mem type="soa" free="44779696" total="62804992" percent="71" />
      <mem type="loa" free="633856" total="633856" percent="100" />
    </mem>
  </mem-info>
</gc-end>
<cycle-end id="3500" type="global" contextid="3490" timestamp="2019-08-08T07:22:33.622" />
  <attribute name="elasticGC enabled" value="1" />
  <attribute name= "numThreadsSpecified" value="16" />
  <attribute name="heapSize specified" value="63111168" />
  <attribute name="Current GC Util" value="42" />
  <attribute name= "Current Time Running" value="121232" />
  <attribute name ="GC Interval" value="0" />
  <attribute name="Target GC Util Change" value ="80.000000" />
  <attribute name="Current GC Util Change" value="42.000000"/>
  <attribute name="Current Error" value="-253.000000" />
  <attribute name="Output H" value="63412712"/>
  <attribute name="Output I" value="696"/>
  <attribute name="Output T" value="16"/>
  <attribute name= "Current Time Running" value="121232" />
  <attribute name="GC Util currently" value="42" />
  <attribute name="CPU Util currently" value="44753003152" />
<allocation-satisfied id="3501" threadId="0000000000996F00" bytesRequested="80" />
<af-end id="3502" timestamp="2019-08-08T07:22:33.622" threadId="0000000000997888" success="true" />
<exclusive-end id="3503" timestamp="2019-08-08T07:22:33.622" durationms="48.623" />

<concurrent-kickoff id="3504" timestamp="2019-08-08T07:22:33.715">
  <kickoff reason="threshold reached" targetBytes="6652684" thresholdFreeBytes="902932" remainingFree="816304" tenureFreeBytes="816304" />
</concurrent-kickoff>
<exclusive-start id="3505" timestamp="2019-08-08T07:22:33.715" intervalms="141.649">
  <response-info timems="0.018" idlems="0.018" threads="0" lastid="0000000000996F00" lastname="main" />
</exclusive-start>
<cycle-start id="3506" type="global" contextid="0" timestamp="2019-08-08T07:22:33.715" intervalms="141.584" />
<exclusive-end id="3507" timestamp="2019-08-08T07:22:33.715" durationms="0.012" />

<exclusive-start id="3508" timestamp="2019-08-08T07:22:33.716" intervalms="0.930">
  <response-info timems="0.036" idlems="0.036" threads="0" lastid="0000000000996F00" lastname="main" />
</exclusive-start>
<af-start id="3509" threadId="0000000000997888" totalBytesRequested="40" timestamp="2019-08-08T07:22:33.716" intervalms="142.576" />
<concurrent-aborted id="3510" timestamp="2019-08-08T07:22:33.716">
  <reason value="insufficient progress made" />
</concurrent-aborted>
<cycle-end id="3511" type="global" contextid="3506" timestamp="2019-08-08T07:22:33.716" />
  <attribute name="elasticGC enabled" value="1" />
  <attribute name= "numThreadsSpecified" value="16" />
  <attribute name="heapSize specified" value="63111168" />
  <attribute name="Current GC Util" value="42" />
  <attribute name= "Current Time Running" value="121232" />
  <attribute name ="GC Interval" value="0" />
  <attribute name="Target GC Util Change" value ="80.000000" />
  <attribute name="Current GC Util Change" value="42.000000"/>
  <attribute name="Current Error" value="-253.000000" />
  <attribute name="Output H" value="63412712"/>
  <attribute name="Output I" value="696"/>
  <attribute name="Output T" value="16"/>
  <attribute name= "Current Time Running" value="121232" />
  <attribute name="GC Util currently" value="42" />
  <attribute name="CPU Util currently" value="44753003152" />
<cycle-start id="3512" type="global" contextid="0" timestamp="2019-08-08T07:22:33.716" intervalms="0.989" />
<gc-start id="3513" type="global" contextid="3512" timestamp="2019-08-08T07:22:33.716">
  <mem-info id="3514" free="633856" total="63438848" percent="0">
    <mem type="tenure" free="633856" total="63438848" percent="0">
      <mem type="soa" free="0" total="62804992" percent="0" />
      <mem type="loa" free="633856" total="633856" percent="100" />
    </mem>
  </mem-info>
</gc-start>
<allocation-stats totalBytes="44836728" >
  <allocated-bytes non-tlh="0" tlh="44836728" />
  <largest-consumer threadName="main" threadId="0000000000996F00" bytes="44836728" />
</allocation-stats>
<gc-op id="3515" type="mark" timems="8.618" contextid="3512" timestamp="2019-08-08T07:22:33.724">
  <trace-info objectcount="598930" scancount="519949" scanbytes="13347452" />
  <finalization candidates="80" enqueued="0" />
  <ownableSynchronizers candidates="21" cleared="0" />
  <references type="soft" candidates="1855" cleared="0" enqueued="0" dynamicThreshold="22" maxThreshold="32" />
  <references type="weak" candidates="5690" cleared="0" enqueued="0" />
  <references type="phantom" candidates="97" cleared="0" enqueued="0" />
  <stringconstants candidates="13247" cleared="0"  />
</gc-op>
<gc-op id="3516" type="sweep" timems="18.069" contextid="3512" timestamp="2019-08-08T07:22:33.743" />
<mem-info id="3517" free="45478864" total="63438848" percent="71">
  <mem type="tenure" free="45478864" total="63438848" percent="71" micro-fragmented="0">
    <mem type="soa" free="44845008" total="62804992" percent="71" />
    <mem type="loa" free="633856" total="633856" percent="100" />
  </mem>
</mem-info>
<gc-op id="3518" type="compact" timems="34.854" contextid="3512" timestamp="2019-08-08T07:22:33.777">
  <compact-info movecount="9" movebytes="312" reason="compact to aid heap contraction" />
</gc-op>
<heap-resize id="3519" type="expand" space="tenure" amount="327680" count="1" timems="0.022" reason="satisfy allocation request" timestamp="2019-08-08T07:22:33.779" />
<gc-end id="3520" type="global" contextid="3512" durationms="63.179" usertimems="117.186" systemtimems="0.000" timestamp="2019-08-08T07:22:33.779" activeThreads="16">
  <mem-info id="3521" free="45741160" total="63766528" percent="71">
    <mem type="tenure" free="45741160" total="63766528" percent="71">
      <mem type="soa" free="45104232" total="63129600" percent="71" />
      <mem type="loa" free="636928" total="636928" percent="100" />
    </mem>
  </mem-info>
</gc-end>
<cycle-end id="3522" type="global" contextid="3512" timestamp="2019-08-08T07:22:33.779" />
  <attribute name="elasticGC enabled" value="1" />
  <attribute name= "numThreadsSpecified" value="16" />
  <attribute name="heapSize specified" value="63438848" />
  <attribute name="Current GC Util" value="124" />
  <attribute name= "Current Time Running" value="121388" />
  <attribute name ="GC Interval" value="0" />
  <attribute name="Target GC Util Change" value ="80.000000" />
  <attribute name="Current GC Util Change" value="124.000000"/>
  <attribute name="Current Error" value="87.000000" />
  <attribute name="Output H" value="63741968"/>
  <attribute name="Output I" value="2464"/>
  <attribute name="Output T" value="16"/>
  <attribute name= "Current Time Running" value="121388" />
  <attribute name="GC Util currently" value="124" />
  <attribute name="CPU Util currently" value="33052174981" />
<allocation-satisfied id="3523" threadId="0000000000996F00" bytesRequested="40" />
<af-end id="3524" timestamp="2019-08-08T07:22:33.779" threadId="0000000000997888" success="true" />
<exclusive-end id="3525" timestamp="2019-08-08T07:22:33.779" durationms="63.374" />

<concurrent-kickoff id="3526" timestamp="2019-08-08T07:22:33.872">
  <kickoff reason="threshold reached" targetBytes="6687048" thresholdFreeBytes="907595" remainingFree="881768" tenureFreeBytes="881768" />
</concurrent-kickoff>
<exclusive-start id="3527" timestamp="2019-08-08T07:22:33.872" intervalms="156.362">
  <response-info timems="0.053" idlems="0.053" threads="0" lastid="0000000000996F00" lastname="main" />
</exclusive-start>
<cycle-start id="3528" type="global" contextid="0" timestamp="2019-08-08T07:22:33.873" intervalms="157.109" />
<exclusive-end id="3529" timestamp="2019-08-08T07:22:33.873" durationms="0.828" />

<exclusive-start id="3530" timestamp="2019-08-08T07:22:33.874" intervalms="1.753">
  <response-info timems="0.066" idlems="0.066" threads="0" lastid="0000000000996F00" lastname="main" />
</exclusive-start>
<af-start id="3531" threadId="0000000000997888" totalBytesRequested="488" timestamp="2019-08-08T07:22:33.874" intervalms="158.116" />
<concurrent-aborted id="3532" timestamp="2019-08-08T07:22:33.874">
  <reason value="insufficient progress made" />
</concurrent-aborted>
<cycle-end id="3533" type="global" contextid="3528" timestamp="2019-08-08T07:22:33.874" />
  <attribute name="elasticGC enabled" value="1" />
  <attribute name= "numThreadsSpecified" value="16" />
  <attribute name="heapSize specified" value="63438848" />
  <attribute name="Current GC Util" value="124" />
  <attribute name= "Current Time Running" value="121388" />
  <attribute name ="GC Interval" value="0" />
  <attribute name="Target GC Util Change" value ="80.000000" />
  <attribute name="Current GC Util Change" value="124.000000"/>
  <attribute name="Current Error" value="87.000000" />
  <attribute name="Output H" value="63741968"/>
  <attribute name="Output I" value="2464"/>
  <attribute name="Output T" value="16"/>
  <attribute name= "Current Time Running" value="121388" />
  <attribute name="GC Util currently" value="124" />
  <attribute name="CPU Util currently" value="33052174981" />
<cycle-start id="3534" type="global" contextid="0" timestamp="2019-08-08T07:22:33.874" intervalms="1.030" />
<gc-start id="3535" type="global" contextid="3534" timestamp="2019-08-08T07:22:33.874">
  <mem-info id="3536" free="636928" total="63766528" percent="0">
    <mem type="tenure" free="636928" total="63766528" percent="0">
      <mem type="soa" free="0" total="63129600" percent="0" />
      <mem type="loa" free="636928" total="636928" percent="100" />
    </mem>
  </mem-info>
</gc-start>
<allocation-stats totalBytes="45141312" >
  <allocated-bytes non-tlh="0" tlh="45141312" />
  <largest-consumer threadName="main" threadId="0000000000996F00" bytes="45141312" />
</allocation-stats>
<gc-op id="3537" type="mark" timems="11.172" contextid="3534" timestamp="2019-08-08T07:22:33.885">
  <trace-info objectcount="598933" scancount="519946" scanbytes="13347372" />
  <finalization candidates="80" enqueued="0" />
  <ownableSynchronizers candidates="21" cleared="0" />
  <references type="soft" candidates="1855" cleared="0" enqueued="0" dynamicThreshold="22" maxThreshold="32" />
  <references type="weak" candidates="5690" cleared="0" enqueued="0" />
  <references type="phantom" candidates="97" cleared="0" enqueued="0" />
  <stringconstants candidates="13247" cleared="0"  />
</gc-op>
<gc-op id="3538" type="sweep" timems="10.573" contextid="3534" timestamp="2019-08-08T07:22:33.896" />
<mem-info id="3539" free="45804808" total="63766528" percent="71">
  <mem type="tenure" free="45804808" total="63766528" percent="71" micro-fragmented="0">
    <mem type="soa" free="45167880" total="63129600" percent="71" />
    <mem type="loa" free="636928" total="636928" percent="100" />
  </mem>
</mem-info>
<gc-op id="3540" type="compact" timems="32.656" contextid="3534" timestamp="2019-08-08T07:22:33.928">
  <compact-info movecount="42" movebytes="1856" reason="compact to aid heap contraction" />
</gc-op>
<heap-resize id="3541" type="expand" space="tenure" amount="327680" count="1" timems="0.024" reason="satisfy allocation request" timestamp="2019-08-08T07:22:33.929" />
<gc-end id="3542" type="global" contextid="3534" durationms="55.268" usertimems="102.567" systemtimems="0.000" timestamp="2019-08-08T07:22:33.929" activeThreads="16">
  <mem-info id="3543" free="46068336" total="64094208" percent="71">
    <mem type="tenure" free="46068336" total="64094208" percent="71">
      <mem type="soa" free="45428336" total="63454208" percent="71" />
      <mem type="loa" free="640000" total="640000" percent="100" />
    </mem>
  </mem-info>
</gc-end>
<cycle-end id="3544" type="global" contextid="3534" timestamp="2019-08-08T07:22:33.929" />
  <attribute name="elasticGC enabled" value="1" />
  <attribute name= "numThreadsSpecified" value="16" />
  <attribute name="heapSize specified" value="63766528" />
  <attribute name="Current GC Util" value="33" />
  <attribute name= "Current Time Running" value="121539" />
  <attribute name ="GC Interval" value="0" />
  <attribute name="Target GC Util Change" value ="80.000000" />
  <attribute name="Current GC Util Change" value="33.000000"/>
  <attribute name="Current Error" value="118.000000" />
  <attribute name="Output H" value="64069792"/>
  <attribute name="Output I" value="2624"/>
  <attribute name="Output T" value="16"/>
  <attribute name= "Current Time Running" value="121539" />
  <attribute name="GC Util currently" value="33" />
  <attribute name="CPU Util currently" value="35299992494" />
<allocation-satisfied id="3545" threadId="0000000000996F00" bytesRequested="488" />
<af-end id="3546" timestamp="2019-08-08T07:22:33.929" threadId="0000000000997888" success="true" />
<exclusive-end id="3547" timestamp="2019-08-08T07:22:33.929" durationms="55.516" />

<concurrent-kickoff id="3548" timestamp="2019-08-08T07:22:33.992">
  <kickoff reason="threshold reached" targetBytes="6721411" thresholdFreeBytes="912260" remainingFree="815728" tenureFreeBytes="815728" />
</concurrent-kickoff>
<exclusive-start id="3549" timestamp="2019-08-08T07:22:33.993" intervalms="118.861">
  <response-info timems="0.047" idlems="0.047" threads="0" lastid="0000000000996F00" lastname="main" />
</exclusive-start>
<cycle-start id="3550" type="global" contextid="0" timestamp="2019-08-08T07:22:33.993" intervalms="118.777" />
<exclusive-end id="3551" timestamp="2019-08-08T07:22:33.993" durationms="0.011" />

<exclusive-start id="3552" timestamp="2019-08-08T07:22:33.993" intervalms="0.647">
  <response-info timems="0.035" idlems="0.035" threads="0" lastid="0000000000996F00" lastname="main" />
</exclusive-start>
<af-start id="3553" threadId="0000000000997888" totalBytesRequested="488" timestamp="2019-08-08T07:22:33.993" intervalms="119.505" />
<concurrent-aborted id="3554" timestamp="2019-08-08T07:22:33.993">
  <reason value="insufficient progress made" />
</concurrent-aborted>
<cycle-end id="3555" type="global" contextid="3550" timestamp="2019-08-08T07:22:33.993" />
  <attribute name="elasticGC enabled" value="1" />
  <attribute name= "numThreadsSpecified" value="16" />
  <attribute name="heapSize specified" value="63766528" />
  <attribute name="Current GC Util" value="33" />
  <attribute name= "Current Time Running" value="121539" />
  <attribute name ="GC Interval" value="0" />
  <attribute name="Target GC Util Change" value ="80.000000" />
  <attribute name="Current GC Util Change" value="33.000000"/>
  <attribute name="Current Error" value="118.000000" />
  <attribute name="Output H" value="64069792"/>
  <attribute name="Output I" value="2624"/>
  <attribute name="Output T" value="16"/>
  <attribute name= "Current Time Running" value="121539" />
  <attribute name="GC Util currently" value="33" />
  <attribute name="CPU Util currently" value="35299992494" />
<cycle-start id="3556" type="global" contextid="0" timestamp="2019-08-08T07:22:33.993" intervalms="0.705" />
<gc-start id="3557" type="global" contextid="3556" timestamp="2019-08-08T07:22:33.993">
  <mem-info id="3558" free="640000" total="64094208" percent="0">
    <mem type="tenure" free="640000" total="64094208" percent="0">
      <mem type="soa" free="0" total="63454208" percent="0" />
      <mem type="loa" free="640000" total="640000" percent="100" />
    </mem>
  </mem-info>
</gc-start>
<allocation-stats totalBytes="45430312" >
  <allocated-bytes non-tlh="0" tlh="45430312" />
  <largest-consumer threadName="main" threadId="0000000000996F00" bytes="45430312" />
</allocation-stats>
<gc-op id="3559" type="mark" timems="7.014" contextid="3556" timestamp="2019-08-08T07:22:34.000">
  <trace-info objectcount="598933" scancount="519954" scanbytes="13347372" />
  <finalization candidates="80" enqueued="0" />
  <ownableSynchronizers candidates="21" cleared="0" />
  <references type="soft" candidates="1855" cleared="0" enqueued="0" dynamicThreshold="23" maxThreshold="32" />
  <references type="weak" candidates="5690" cleared="0" enqueued="0" />
  <references type="phantom" candidates="97" cleared="0" enqueued="0" />
  <stringconstants candidates="13247" cleared="0"  />
</gc-op>
<gc-op id="3560" type="sweep" timems="10.108" contextid="3556" timestamp="2019-08-08T07:22:34.011" />
<mem-info id="3561" free="46133488" total="64094208" percent="71">
  <mem type="tenure" free="46133488" total="64094208" percent="71" micro-fragmented="0">
    <mem type="soa" free="45493488" total="63454208" percent="71" />
    <mem type="loa" free="640000" total="640000" percent="100" />
  </mem>
</mem-info>
<gc-op id="3562" type="compact" timems="23.867" contextid="3556" timestamp="2019-08-08T07:22:34.034">
  <compact-info movecount="4" movebytes="112" reason="compact to aid heap contraction" />
</gc-op>
<heap-resize id="3563" type="expand" space="tenure" amount="327680" count="1" timems="0.020" reason="satisfy allocation request" timestamp="2019-08-08T07:22:34.035" />
<gc-end id="3564" type="global" contextid="3556" durationms="41.901" usertimems="81.855" systemtimems="0.000" timestamp="2019-08-08T07:22:34.035" activeThreads="16">
  <mem-info id="3565" free="46396016" total="64421888" percent="72">
    <mem type="tenure" free="46396016" total="64421888" percent="72">
      <mem type="soa" free="45751920" total="63777792" percent="71" />
      <mem type="loa" free="644096" total="644096" percent="100" />
    </mem>
  </mem-info>
</gc-end>
<cycle-end id="3566" type="global" contextid="3556" timestamp="2019-08-08T07:22:34.035" />
  <attribute name="elasticGC enabled" value="1" />
  <attribute name= "numThreadsSpecified" value="16" />
  <attribute name="heapSize specified" value="64094208" />
  <attribute name="Current GC Util" value="39" />
  <attribute name= "Current Time Running" value="121645" />
  <attribute name ="GC Interval" value="0" />
  <attribute name="Target GC Util Change" value ="80.000000" />
  <attribute name="Current GC Util Change" value="39.000000"/>
  <attribute name="Current Error" value="41.000000" />
  <attribute name="Output H" value="64397112"/>
  <attribute name="Output I" value="2224"/>
  <attribute name="Output T" value="16"/>
  <attribute name= "Current Time Running" value="121645" />
  <attribute name="GC Util currently" value="39" />
  <attribute name="CPU Util currently" value="48231595599" />
<allocation-satisfied id="3567" threadId="0000000000996F00" bytesRequested="488" />
<af-end id="3568" timestamp="2019-08-08T07:22:34.035" threadId="0000000000997888" success="true" />
<exclusive-end id="3569" timestamp="2019-08-08T07:22:34.035" durationms="42.060" />

<concurrent-kickoff id="3570" timestamp="2019-08-08T07:22:34.093">
  <kickoff reason="threshold reached" targetBytes="6755774" thresholdFreeBytes="916923" remainingFree="881264" tenureFreeBytes="881264" />
</concurrent-kickoff>
<exclusive-start id="3571" timestamp="2019-08-08T07:22:34.094" intervalms="100.290">
  <response-info timems="0.267" idlems="0.267" threads="0" lastid="0000000000996F00" lastname="main" />
</exclusive-start>
<cycle-start id="3572" type="global" contextid="0" timestamp="2019-08-08T07:22:34.094" intervalms="100.243" />
<exclusive-end id="3573" timestamp="2019-08-08T07:22:34.094" durationms="0.023" />

<exclusive-start id="3574" timestamp="2019-08-08T07:22:34.094" intervalms="0.870">
  <response-info timems="0.042" idlems="0.042" threads="0" lastid="0000000000996F00" lastname="main" />
</exclusive-start>
<af-start id="3575" threadId="0000000000997888" totalBytesRequested="32" timestamp="2019-08-08T07:22:34.094" intervalms="101.164" />
<concurrent-aborted id="3576" timestamp="2019-08-08T07:22:34.094">
  <reason value="insufficient progress made" />
</concurrent-aborted>
<cycle-end id="3577" type="global" contextid="3572" timestamp="2019-08-08T07:22:34.094" />
  <attribute name="elasticGC enabled" value="1" />
  <attribute name= "numThreadsSpecified" value="16" />
  <attribute name="heapSize specified" value="64094208" />
  <attribute name="Current GC Util" value="39" />
  <attribute name= "Current Time Running" value="121645" />
  <attribute name ="GC Interval" value="0" />
  <attribute name="Target GC Util Change" value ="80.000000" />
  <attribute name="Current GC Util Change" value="39.000000"/>
  <attribute name="Current Error" value="41.000000" />
  <attribute name="Output H" value="64397112"/>
  <attribute name="Output I" value="2224"/>
  <attribute name="Output T" value="16"/>
  <attribute name= "Current Time Running" value="121645" />
  <attribute name="GC Util currently" value="39" />
  <attribute name="CPU Util currently" value="48231595599" />
<cycle-start id="3578" type="global" contextid="0" timestamp="2019-08-08T07:22:34.095" intervalms="1.009" />
<gc-start id="3579" type="global" contextid="3578" timestamp="2019-08-08T07:22:34.095">
  <mem-info id="3580" free="644096" total="64421888" percent="0">
    <mem type="tenure" free="644096" total="64421888" percent="0">
      <mem type="soa" free="0" total="63777792" percent="0" />
      <mem type="loa" free="644096" total="644096" percent="100" />
    </mem>
  </mem-info>
</gc-start>
<allocation-stats totalBytes="45753816" >
  <allocated-bytes non-tlh="0" tlh="45753816" />
  <largest-consumer threadName="main" threadId="0000000000996F00" bytes="45753816" />
</allocation-stats>
<gc-op id="3581" type="mark" timems="7.928" contextid="3578" timestamp="2019-08-08T07:22:34.103">
  <trace-info objectcount="598930" scancount="519944" scanbytes="13347284" />
  <finalization candidates="80" enqueued="0" />
  <ownableSynchronizers candidates="21" cleared="0" />
  <references type="soft" candidates="1855" cleared="0" enqueued="0" dynamicThreshold="23" maxThreshold="32" />
  <references type="weak" candidates="5690" cleared="0" enqueued="0" />
  <references type="phantom" candidates="97" cleared="0" enqueued="0" />
  <stringconstants candidates="13247" cleared="0"  />
</gc-op>
<gc-op id="3582" type="sweep" timems="9.659" contextid="3578" timestamp="2019-08-08T07:22:34.112" />
<mem-info id="3583" free="46461640" total="64421888" percent="72">
  <mem type="tenure" free="46461640" total="64421888" percent="72" micro-fragmented="0">
    <mem type="soa" free="45817544" total="63777792" percent="71" />
    <mem type="loa" free="644096" total="644096" percent="100" />
  </mem>
</mem-info>
<gc-op id="3584" type="compact" timems="25.835" contextid="3578" timestamp="2019-08-08T07:22:34.138">
  <compact-info movecount="1" movebytes="24" reason="compact to aid heap contraction" />
</gc-op>
<heap-resize id="3585" type="expand" space="tenure" amount="327680" count="1" timems="0.019" reason="satisfy allocation request" timestamp="2019-08-08T07:22:34.139" />
<gc-end id="3586" type="global" contextid="3578" durationms="44.224" usertimems="92.727" systemtimems="0.000" timestamp="2019-08-08T07:22:34.139" activeThreads="16">
  <mem-info id="3587" free="46723784" total="64749568" percent="72">
    <mem type="tenure" free="46723784" total="64749568" percent="72">
      <mem type="soa" free="46076616" total="64102400" percent="71" />
      <mem type="loa" free="647168" total="647168" percent="100" />
    </mem>
  </mem-info>
</gc-end>
<cycle-end id="3588" type="global" contextid="3578" timestamp="2019-08-08T07:22:34.139" />
  <attribute name="elasticGC enabled" value="1" />
  <attribute name= "numThreadsSpecified" value="16" />
  <attribute name="heapSize specified" value="64421888" />
  <attribute name="Current GC Util" value="39" />
  <attribute name= "Current Time Running" value="121749" />
  <attribute name ="GC Interval" value="0" />
  <attribute name="Target GC Util Change" value ="80.000000" />
  <attribute name="Current GC Util Change" value="39.000000"/>
  <attribute name="Current Error" value="-196.000000" />
  <attribute name="Output H" value="64723696"/>
  <attribute name="Output I" value="992"/>
  <attribute name="Output T" value="16"/>
  <attribute name= "Current Time Running" value="121749" />
  <attribute name="GC Util currently" value="39" />
  <attribute name="CPU Util currently" value="44477375641" />
<allocation-satisfied id="3589" threadId="0000000000996F00" bytesRequested="32" />
<af-end id="3590" timestamp="2019-08-08T07:22:34.139" threadId="0000000000997888" success="true" />
<exclusive-end id="3591" timestamp="2019-08-08T07:22:34.139" durationms="44.610" />

<concurrent-kickoff id="3592" timestamp="2019-08-08T07:22:34.169">
  <kickoff reason="threshold reached" targetBytes="6790137" thresholdFreeBytes="921587" remainingFree="815816" tenureFreeBytes="815816" />
</concurrent-kickoff>
<exclusive-start id="3593" timestamp="2019-08-08T07:22:34.169" intervalms="74.867">
  <response-info timems="0.197" idlems="0.197" threads="0" lastid="0000000000996F00" lastname="main" />
</exclusive-start>
<cycle-start id="3594" type="global" contextid="0" timestamp="2019-08-08T07:22:34.169" intervalms="74.748" />
<exclusive-end id="3595" timestamp="2019-08-08T07:22:34.169" durationms="0.044" />

<exclusive-start id="3596" timestamp="2019-08-08T07:22:34.170" intervalms="0.543">
  <response-info timems="0.062" idlems="0.062" threads="0" lastid="0000000000996F00" lastname="main" />
</exclusive-start>
<af-start id="3597" threadId="0000000000997888" totalBytesRequested="544" timestamp="2019-08-08T07:22:34.170" intervalms="75.416" />
<concurrent-aborted id="3598" timestamp="2019-08-08T07:22:34.170">
  <reason value="insufficient progress made" />
</concurrent-aborted>
<cycle-end id="3599" type="global" contextid="3594" timestamp="2019-08-08T07:22:34.170" />
  <attribute name="elasticGC enabled" value="1" />
  <attribute name= "numThreadsSpecified" value="16" />
  <attribute name="heapSize specified" value="64421888" />
  <attribute name="Current GC Util" value="39" />
  <attribute name= "Current Time Running" value="121749" />
  <attribute name ="GC Interval" value="0" />
  <attribute name="Target GC Util Change" value ="80.000000" />
  <attribute name="Current GC Util Change" value="39.000000"/>
  <attribute name="Current Error" value="-196.000000" />
  <attribute name="Output H" value="64723696"/>
  <attribute name="Output I" value="992"/>
  <attribute name="Output T" value="16"/>
  <attribute name= "Current Time Running" value="121749" />
  <attribute name="GC Util currently" value="39" />
  <attribute name="CPU Util currently" value="44477375641" />
<cycle-start id="3600" type="global" contextid="0" timestamp="2019-08-08T07:22:34.170" intervalms="0.578" />
<gc-start id="3601" type="global" contextid="3600" timestamp="2019-08-08T07:22:34.170">
  <mem-info id="3602" free="647168" total="64749568" percent="0">
    <mem type="tenure" free="647168" total="64749568" percent="0">
      <mem type="soa" free="0" total="64102400" percent="0" />
      <mem type="loa" free="647168" total="647168" percent="100" />
    </mem>
  </mem-info>
</gc-start>
<allocation-stats totalBytes="46077736" >
  <allocated-bytes non-tlh="0" tlh="46077736" />
  <largest-consumer threadName="main" threadId="0000000000996F00" bytes="46077736" />
</allocation-stats>
<gc-op id="3603" type="mark" timems="10.926" contextid="3600" timestamp="2019-08-08T07:22:34.181">
  <trace-info objectcount="598933" scancount="519952" scanbytes="13347372" />
  <finalization candidates="80" enqueued="0" />
  <ownableSynchronizers candidates="21" cleared="0" />
  <references type="soft" candidates="1855" cleared="0" enqueued="0" dynamicThreshold="23" maxThreshold="32" />
  <references type="weak" candidates="5690" cleared="0" enqueued="0" />
  <references type="phantom" candidates="97" cleared="0" enqueued="0" />
  <stringconstants candidates="13247" cleared="0"  />
</gc-op>
<gc-op id="3604" type="sweep" timems="11.266" contextid="3600" timestamp="2019-08-08T07:22:34.193" />
<mem-info id="3605" free="46788816" total="64749568" percent="72">
  <mem type="tenure" free="46788816" total="64749568" percent="72" micro-fragmented="0">
    <mem type="soa" free="46141648" total="64102400" percent="71" />
    <mem type="loa" free="647168" total="647168" percent="100" />
  </mem>
</mem-info>
<gc-op id="3606" type="compact" timems="24.022" contextid="3600" timestamp="2019-08-08T07:22:34.217">
  <compact-info movecount="4" movebytes="112" reason="compact to aid heap contraction" />
</gc-op>
<heap-resize id="3607" type="expand" space="tenure" amount="327680" count="1" timems="0.027" reason="satisfy allocation request" timestamp="2019-08-08T07:22:34.217" />
<gc-end id="3608" type="global" contextid="3600" durationms="47.537" usertimems="92.441" systemtimems="0.000" timestamp="2019-08-08T07:22:34.217" activeThreads="16">
  <mem-info id="3609" free="47051376" total="65077248" percent="72">
    <mem type="tenure" free="47051376" total="65077248" percent="72">
      <mem type="soa" free="46401136" total="64427008" percent="72" />
      <mem type="loa" free="650240" total="650240" percent="100" />
    </mem>
  </mem-info>
</gc-end>
<cycle-end id="3610" type="global" contextid="3600" timestamp="2019-08-08T07:22:34.218" />
  <attribute name="elasticGC enabled" value="1" />
  <attribute name= "numThreadsSpecified" value="16" />
  <attribute name="heapSize specified" value="64749568" />
  <attribute name="Current GC Util" value="42" />
  <attribute name= "Current Time Running" value="121827" />
  <attribute name ="GC Interval" value="0" />
  <attribute name="Target GC Util Change" value ="80.000000" />
  <attribute name="Current GC Util Change" value="42.000000"/>
  <attribute name="Current Error" value="-212.000000" />
  <attribute name="Output H" value="65051304"/>
  <attribute name="Output I" value="912"/>
  <attribute name="Output T" value="16"/>
  <attribute name= "Current Time Running" value="121827" />
  <attribute name="GC Util currently" value="42" />
  <attribute name="CPU Util currently" value="47952907787" />
<allocation-satisfied id="3611" threadId="0000000000996F00" bytesRequested="544" />
<af-end id="3612" timestamp="2019-08-08T07:22:34.218" threadId="0000000000997888" success="true" />
<exclusive-end id="3613" timestamp="2019-08-08T07:22:34.218" durationms="47.751" />

* Round 1 done in 18.372 seconds.
<concurrent-kickoff id="3614" timestamp="2019-08-08T07:22:34.246">
  <kickoff reason="threshold reached" targetBytes="6824499" thresholdFreeBytes="926251" remainingFree="878464" tenureFreeBytes="878464" />
</concurrent-kickoff>
<exclusive-start id="3615" timestamp="2019-08-08T07:22:34.246" intervalms="76.332">
  <response-info timems="0.142" idlems="0.142" threads="0" lastid="0000000000996F00" lastname="main" />
</exclusive-start>
<cycle-start id="3616" type="global" contextid="0" timestamp="2019-08-08T07:22:34.246" intervalms="76.275" />
<exclusive-end id="3617" timestamp="2019-08-08T07:22:34.246" durationms="0.021" />

<exclusive-start id="3618" timestamp="2019-08-08T07:22:34.247" intervalms="0.569">
  <response-info timems="0.037" idlems="0.037" threads="0" lastid="0000000000996F00" lastname="main" />
</exclusive-start>
<af-start id="3619" threadId="0000000000997888" totalBytesRequested="32" timestamp="2019-08-08T07:22:34.247" intervalms="76.892" />
<concurrent-aborted id="3620" timestamp="2019-08-08T07:22:34.247">
  <reason value="insufficient progress made" />
</concurrent-aborted>
<cycle-end id="3621" type="global" contextid="3616" timestamp="2019-08-08T07:22:34.247" />
  <attribute name="elasticGC enabled" value="1" />
  <attribute name= "numThreadsSpecified" value="16" />
  <attribute name="heapSize specified" value="64749568" />
  <attribute name="Current GC Util" value="42" />
  <attribute name= "Current Time Running" value="121827" />
  <attribute name ="GC Interval" value="0" />
  <attribute name="Target GC Util Change" value ="80.000000" />
  <attribute name="Current GC Util Change" value="42.000000"/>
  <attribute name="Current Error" value="-212.000000" />
  <attribute name="Output H" value="65051304"/>
  <attribute name="Output I" value="912"/>
  <attribute name="Output T" value="16"/>
  <attribute name= "Current Time Running" value="121827" />
  <attribute name="GC Util currently" value="42" />
  <attribute name="CPU Util currently" value="47952907787" />
<cycle-start id="3622" type="global" contextid="0" timestamp="2019-08-08T07:22:34.247" intervalms="0.654" />
<gc-start id="3623" type="global" contextid="3622" timestamp="2019-08-08T07:22:34.247">
  <mem-info id="3624" free="650240" total="65077248" percent="0">
    <mem type="tenure" free="650240" total="65077248" percent="0">
      <mem type="soa" free="0" total="64427008" percent="0" />
      <mem type="loa" free="650240" total="650240" percent="100" />
    </mem>
  </mem-info>
</gc-start>
<allocation-stats totalBytes="46424552" >
  <allocated-bytes non-tlh="2800" tlh="46421752" />
  <largest-consumer threadName="main" threadId="0000000000996F00" bytes="46424552" />
</allocation-stats>
<gc-op id="3625" type="mark" timems="22.480" contextid="3622" timestamp="2019-08-08T07:22:34.270">
  <trace-info objectcount="596656" scancount="517642" scanbytes="13285084" />
  <finalization candidates="80" enqueued="0" />
  <ownableSynchronizers candidates="21" cleared="0" />
  <references type="soft" candidates="1863" cleared="0" enqueued="0" dynamicThreshold="23" maxThreshold="32" />
  <references type="weak" candidates="5706" cleared="4" enqueued="3" />
  <references type="phantom" candidates="97" cleared="0" enqueued="0" />
  <stringconstants candidates="13272" cleared="0"  />
</gc-op>
<gc-op id="3626" type="sweep" timems="12.088" contextid="3622" timestamp="2019-08-08T07:22:34.282" />
<mem-info id="3627" free="47161752" total="65077248" percent="72">
  <mem type="tenure" free="47161752" total="65077248" percent="72" micro-fragmented="19520">
    <mem type="soa" free="46511512" total="64427008" percent="72" />
    <mem type="loa" free="650240" total="650240" percent="100" />
  </mem>
  <pending-finalizers system="0" default="0" reference="3" classloader="0" />
</mem-info>
<gc-op id="3628" type="compact" timems="117.892" contextid="3622" timestamp="2019-08-08T07:22:34.400">
  <compact-info movecount="523204" movebytes="13561392" reason="compact to aid heap contraction" />
</gc-op>
<heap-resize id="3629" type="expand" space="tenure" amount="327680" count="1" timems="0.026" reason="satisfy allocation request" timestamp="2019-08-08T07:22:34.401" />
<gc-end id="3630" type="global" contextid="3622" durationms="153.419" usertimems="370.033" systemtimems="0.000" timestamp="2019-08-08T07:22:34.401" activeThreads="16">
  <mem-info id="3631" free="47439760" total="65404928" percent="72">
    <mem type="tenure" free="47439760" total="65404928" percent="72">
      <mem type="soa" free="46786448" total="64751616" percent="72" />
      <mem type="loa" free="653312" total="653312" percent="100" />
    </mem>
    <pending-finalizers system="0" default="0" reference="3" classloader="0" />
  </mem-info>
</gc-end>
<cycle-end id="3632" type="global" contextid="3622" timestamp="2019-08-08T07:22:34.401" />
  <attribute name="elasticGC enabled" value="1" />
  <attribute name= "numThreadsSpecified" value="16" />
  <attribute name="heapSize specified" value="65077248" />
  <attribute name="Current GC Util" value="15" />
  <attribute name= "Current Time Running" value="122010" />
  <attribute name ="GC Interval" value="0" />
  <attribute name="Target GC Util Change" value ="80.000000" />
  <attribute name="Current GC Util Change" value="15.000000"/>
  <attribute name="Current Error" value="-518.000000" />
  <attribute name="Output H" value="65377568"/>
  <attribute name="Output I" value="200"/>
  <attribute name="Output T" value="16"/>
  <attribute name= "Current Time Running" value="122010" />
  <attribute name="GC Util currently" value="15" />
  <attribute name="CPU Util currently" value="9777889418" />
<allocation-satisfied id="3633" threadId="0000000000996F00" bytesRequested="32" />
<af-end id="3634" timestamp="2019-08-08T07:22:34.401" threadId="0000000000997888" success="true" />
<exclusive-end id="3635" timestamp="2019-08-08T07:22:34.401" durationms="153.900" />

<concurrent-kickoff id="3636" timestamp="2019-08-08T07:22:34.609">
  <kickoff reason="threshold reached" targetBytes="6858863" thresholdFreeBytes="930915" remainingFree="876432" tenureFreeBytes="876432" />
</concurrent-kickoff>
<exclusive-start id="3637" timestamp="2019-08-08T07:22:34.609" intervalms="362.128">
  <response-info timems="0.018" idlems="0.018" threads="0" lastid="0000000000996F00" lastname="main" />
</exclusive-start>
<cycle-start id="3638" type="global" contextid="0" timestamp="2019-08-08T07:22:34.609" intervalms="362.065" />
<exclusive-end id="3639" timestamp="2019-08-08T07:22:34.609" durationms="0.043" />

<exclusive-start id="3640" timestamp="2019-08-08T07:22:34.609" intervalms="0.289">
  <response-info timems="0.021" idlems="0.021" threads="0" lastid="0000000000996F00" lastname="main" />
</exclusive-start>
<af-start id="3641" threadId="0000000000997888" totalBytesRequested="1168" timestamp="2019-08-08T07:22:34.609" intervalms="362.416" />
<concurrent-aborted id="3642" timestamp="2019-08-08T07:22:34.609">
  <reason value="insufficient progress made" />
</concurrent-aborted>
<cycle-end id="3643" type="global" contextid="3638" timestamp="2019-08-08T07:22:34.609" />
  <attribute name="elasticGC enabled" value="1" />
  <attribute name= "numThreadsSpecified" value="16" />
  <attribute name="heapSize specified" value="65077248" />
  <attribute name="Current GC Util" value="15" />
  <attribute name= "Current Time Running" value="122010" />
  <attribute name ="GC Interval" value="0" />
  <attribute name="Target GC Util Change" value ="80.000000" />
  <attribute name="Current GC Util Change" value="15.000000"/>
  <attribute name="Current Error" value="-518.000000" />
  <attribute name="Output H" value="65377568"/>
  <attribute name="Output I" value="200"/>
  <attribute name="Output T" value="16"/>
  <attribute name= "Current Time Running" value="122010" />
  <attribute name="GC Util currently" value="15" />
  <attribute name="CPU Util currently" value="9777889418" />
<cycle-start id="3644" type="global" contextid="0" timestamp="2019-08-08T07:22:34.609" intervalms="0.316" />
<gc-start id="3645" type="global" contextid="3644" timestamp="2019-08-08T07:22:34.609">
  <mem-info id="3646" free="653312" total="65404928" percent="0">
    <mem type="tenure" free="653312" total="65404928" percent="0">
      <mem type="soa" free="0" total="64751616" percent="0" />
      <mem type="loa" free="653312" total="653312" percent="100" />
    </mem>
  </mem-info>
</gc-start>
<allocation-stats totalBytes="46826568" >
  <allocated-bytes non-tlh="0" tlh="46826568" />
  <largest-consumer threadName="main" threadId="0000000000996F00" bytes="46826568" />
</allocation-stats>
<gc-op id="3647" type="mark" timems="8.100" contextid="3644" timestamp="2019-08-08T07:22:34.617">
  <trace-info objectcount="596667" scancount="517656" scanbytes="13285348" />
  <finalization candidates="80" enqueued="0" />
  <ownableSynchronizers candidates="21" cleared="0" />
  <references type="soft" candidates="1863" cleared="0" enqueued="0" dynamicThreshold="23" maxThreshold="32" />
  <references type="weak" candidates="5702" cleared="0" enqueued="0" />
  <references type="phantom" candidates="97" cleared="0" enqueued="0" />
  <stringconstants candidates="13272" cleared="0"  />
</gc-op>
<gc-op id="3648" type="sweep" timems="7.031" contextid="3644" timestamp="2019-08-08T07:22:34.624" />
<mem-info id="3649" free="47501424" total="65404928" percent="72">
  <mem type="tenure" free="47501424" total="65404928" percent="72" micro-fragmented="0">
    <mem type="soa" free="46848112" total="64751616" percent="72" />
    <mem type="loa" free="653312" total="653312" percent="100" />
  </mem>
</mem-info>
<gc-op id="3650" type="compact" timems="24.758" contextid="3644" timestamp="2019-08-08T07:22:34.649">
  <compact-info movecount="2093" movebytes="89264" reason="compact to aid heap contraction" />
</gc-op>
<heap-resize id="3651" type="expand" space="tenure" amount="327680" count="1" timems="0.024" reason="satisfy allocation request" timestamp="2019-08-08T07:22:34.650" />
<gc-end id="3652" type="global" contextid="3644" durationms="41.048" usertimems="79.156" systemtimems="0.000" timestamp="2019-08-08T07:22:34.650" activeThreads="16">
  <mem-info id="3653" free="47766072" total="65732608" percent="72">
    <mem type="tenure" free="47766072" total="65732608" percent="72">
      <mem type="soa" free="47109688" total="65076224" percent="72" />
      <mem type="loa" free="656384" total="656384" percent="100" />
    </mem>
  </mem-info>
</gc-end>
<cycle-end id="3654" type="global" contextid="3644" timestamp="2019-08-08T07:22:34.650" />
  <attribute name="elasticGC enabled" value="1" />
  <attribute name= "numThreadsSpecified" value="16" />
  <attribute name="heapSize specified" value="65404928" />
  <attribute name="Current GC Util" value="0" />
  <attribute name= "Current Time Running" value="122260" />
  <attribute name ="GC Interval" value="0" />
  <attribute name="Target GC Util Change" value ="80.000000" />
  <attribute name="Current GC Util Change" value="0.000000"/>
  <attribute name="Current Error" value="74.000000" />
  <attribute name="Output H" value="65707984"/>
  <attribute name="Output I" value="2392"/>
  <attribute name="Output T" value="16"/>
  <attribute name= "Current Time Running" value="122260" />
  <attribute name="GC Util currently" value="0" />
  <attribute name="CPU Util currently" value="46329434040" />
<allocation-satisfied id="3655" threadId="0000000000996F00" bytesRequested="1168" />
<af-end id="3656" timestamp="2019-08-08T07:22:34.651" threadId="0000000000997888" success="true" />
<exclusive-end id="3657" timestamp="2019-08-08T07:22:34.651" durationms="41.354" />

<concurrent-kickoff id="3658" timestamp="2019-08-08T07:22:34.655">
  <kickoff reason="threshold reached" targetBytes="6893226" thresholdFreeBytes="935579" remainingFree="809528" tenureFreeBytes="809528" />
</concurrent-kickoff>
<exclusive-start id="3659" timestamp="2019-08-08T07:22:34.656" intervalms="46.458">
  <response-info timems="0.022" idlems="0.022" threads="0" lastid="0000000000996F00" lastname="main" />
</exclusive-start>
<cycle-start id="3660" type="global" contextid="0" timestamp="2019-08-08T07:22:34.656" intervalms="46.442" />
<exclusive-end id="3661" timestamp="2019-08-08T07:22:34.656" durationms="0.066" />

<exclusive-start id="3662" timestamp="2019-08-08T07:22:34.656" intervalms="0.405">
  <response-info timems="0.007" idlems="0.007" threads="0" lastid="0000000000996F00" lastname="main" />
</exclusive-start>
<af-start id="3663" threadId="0000000000997888" totalBytesRequested="1168" timestamp="2019-08-08T07:22:34.656" intervalms="46.894" />
<concurrent-aborted id="3664" timestamp="2019-08-08T07:22:34.656">
  <reason value="insufficient progress made" />
</concurrent-aborted>
<cycle-end id="3665" type="global" contextid="3660" timestamp="2019-08-08T07:22:34.656" />
  <attribute name="elasticGC enabled" value="1" />
  <attribute name= "numThreadsSpecified" value="16" />
  <attribute name="heapSize specified" value="65404928" />
  <attribute name="Current GC Util" value="0" />
  <attribute name= "Current Time Running" value="122260" />
  <attribute name ="GC Interval" value="0" />
  <attribute name="Target GC Util Change" value ="80.000000" />
  <attribute name="Current GC Util Change" value="0.000000"/>
  <attribute name="Current Error" value="74.000000" />
  <attribute name="Output H" value="65707984"/>
  <attribute name="Output I" value="2392"/>
  <attribute name="Output T" value="16"/>
  <attribute name= "Current Time Running" value="122260" />
  <attribute name="GC Util currently" value="0" />
  <attribute name="CPU Util currently" value="46329434040" />
<cycle-start id="3666" type="global" contextid="0" timestamp="2019-08-08T07:22:34.656" intervalms="0.602" />
<gc-start id="3667" type="global" contextid="3666" timestamp="2019-08-08T07:22:34.656">
  <mem-info id="3668" free="656384" total="65732608" percent="0">
    <mem type="tenure" free="656384" total="65732608" percent="0">
      <mem type="soa" free="0" total="65076224" percent="0" />
      <mem type="loa" free="656384" total="656384" percent="100" />
    </mem>
  </mem-info>
</gc-start>
<allocation-stats totalBytes="46998336" >
  <allocated-bytes non-tlh="0" tlh="46998336" />
  <largest-consumer threadName="main" threadId="0000000000996F00" bytes="46998336" />
</allocation-stats>
<gc-op id="3669" type="mark" timems="7.918" contextid="3666" timestamp="2019-08-08T07:22:34.664">
  <trace-info objectcount="596667" scancount="517652" scanbytes="13285348" />
  <finalization candidates="80" enqueued="0" />
  <ownableSynchronizers candidates="21" cleared="0" />
  <references type="soft" candidates="1863" cleared="0" enqueued="0" dynamicThreshold="23" maxThreshold="32" />
  <references type="weak" candidates="5702" cleared="0" enqueued="0" />
  <references type="phantom" candidates="97" cleared="0" enqueued="0" />
  <stringconstants candidates="13272" cleared="0"  />
</gc-op>
<gc-op id="3670" type="sweep" timems="4.939" contextid="3666" timestamp="2019-08-08T07:22:34.669" />
<mem-info id="3671" free="47831608" total="65732608" percent="72">
  <mem type="tenure" free="47831608" total="65732608" percent="72" micro-fragmented="0">
    <mem type="soa" free="47175224" total="65076224" percent="72" />
    <mem type="loa" free="656384" total="656384" percent="100" />
  </mem>
</mem-info>
<gc-op id="3672" type="compact" timems="25.717" contextid="3666" timestamp="2019-08-08T07:22:34.695">
  <compact-info movecount="1" movebytes="32" reason="compact to aid heap contraction" />
</gc-op>
<heap-resize id="3673" type="expand" space="tenure" amount="327680" count="1" timems="0.021" reason="satisfy allocation request" timestamp="2019-08-08T07:22:34.696" />
<gc-end id="3674" type="global" contextid="3666" durationms="39.379" usertimems="83.564" systemtimems="0.000" timestamp="2019-08-08T07:22:34.696" activeThreads="16">
  <mem-info id="3675" free="48093752" total="66060288" percent="72">
    <mem type="tenure" free="48093752" total="66060288" percent="72">
      <mem type="soa" free="47433272" total="65399808" percent="72" />
      <mem type="loa" free="660480" total="660480" percent="100" />
    </mem>
  </mem-info>
</gc-end>
<cycle-end id="3676" type="global" contextid="3666" timestamp="2019-08-08T07:22:34.696" />
  <attribute name="elasticGC enabled" value="1" />
  <attribute name= "numThreadsSpecified" value="16" />
  <attribute name="heapSize specified" value="65732608" />
  <attribute name="Current GC Util" value="43" />
  <attribute name= "Current Time Running" value="122306" />
  <attribute name ="GC Interval" value="0" />
  <attribute name="Target GC Util Change" value ="80.000000" />
  <attribute name="Current GC Util Change" value="43.000000"/>
  <attribute name="Current Error" value="96.000000" />
  <attribute name="Output H" value="66035768"/>
  <attribute name="Output I" value="2512"/>
  <attribute name="Output T" value="16"/>
  <attribute name= "Current Time Running" value="122306" />
  <attribute name="GC Util currently" value="43" />
  <attribute name="CPU Util currently" value="44786851377" />
<allocation-satisfied id="3677" threadId="0000000000996F00" bytesRequested="1168" />
<af-end id="3678" timestamp="2019-08-08T07:22:34.696" threadId="0000000000997888" success="true" />
<exclusive-end id="3679" timestamp="2019-08-08T07:22:34.696" durationms="39.836" />

<concurrent-kickoff id="3680" timestamp="2019-08-08T07:22:34.700">
  <kickoff reason="threshold reached" targetBytes="6927589" thresholdFreeBytes="940242" remainingFree="875064" tenureFreeBytes="875064" />
</concurrent-kickoff>
<exclusive-start id="3681" timestamp="2019-08-08T07:22:34.701" intervalms="44.567">
  <response-info timems="0.020" idlems="0.020" threads="0" lastid="0000000000996F00" lastname="main" />
</exclusive-start>
<cycle-start id="3682" type="global" contextid="0" timestamp="2019-08-08T07:22:34.701" intervalms="44.329" />
<exclusive-end id="3683" timestamp="2019-08-08T07:22:34.701" durationms="0.011" />

<exclusive-start id="3684" timestamp="2019-08-08T07:22:34.701" intervalms="0.268">
  <response-info timems="0.023" idlems="0.023" threads="0" lastid="0000000000996F00" lastname="main" />
</exclusive-start>
<af-start id="3685" threadId="0000000000997888" totalBytesRequested="1168" timestamp="2019-08-08T07:22:34.701" intervalms="44.807" />
<concurrent-aborted id="3686" timestamp="2019-08-08T07:22:34.701">
  <reason value="insufficient progress made" />
</concurrent-aborted>
<cycle-end id="3687" type="global" contextid="3682" timestamp="2019-08-08T07:22:34.701" />
  <attribute name="elasticGC enabled" value="1" />
  <attribute name= "numThreadsSpecified" value="16" />
  <attribute name="heapSize specified" value="65732608" />
  <attribute name="Current GC Util" value="43" />
  <attribute name= "Current Time Running" value="122306" />
  <attribute name ="GC Interval" value="0" />
  <attribute name="Target GC Util Change" value ="80.000000" />
  <attribute name="Current GC Util Change" value="43.000000"/>
  <attribute name="Current Error" value="96.000000" />
  <attribute name="Output H" value="66035768"/>
  <attribute name="Output I" value="2512"/>
  <attribute name="Output T" value="16"/>
  <attribute name= "Current Time Running" value="122306" />
  <attribute name="GC Util currently" value="43" />
  <attribute name="CPU Util currently" value="44786851377" />
<cycle-start id="3688" type="global" contextid="0" timestamp="2019-08-08T07:22:34.701" intervalms="0.340" />
<gc-start id="3689" type="global" contextid="3688" timestamp="2019-08-08T07:22:34.701">
  <mem-info id="3690" free="660480" total="66060288" percent="0">
    <mem type="tenure" free="660480" total="66060288" percent="0">
      <mem type="soa" free="0" total="65399808" percent="0" />
      <mem type="loa" free="660480" total="660480" percent="100" />
    </mem>
  </mem-info>
</gc-start>
<allocation-stats totalBytes="47338328" >
  <allocated-bytes non-tlh="0" tlh="47338328" />
  <largest-consumer threadName="main" threadId="0000000000996F00" bytes="47338328" />
</allocation-stats>
<gc-op id="3691" type="mark" timems="10.047" contextid="3688" timestamp="2019-08-08T07:22:34.711">
  <trace-info objectcount="596668" scancount="517651" scanbytes="13285372" />
  <finalization candidates="80" enqueued="0" />
  <ownableSynchronizers candidates="21" cleared="0" />
  <references type="soft" candidates="1863" cleared="0" enqueued="0" dynamicThreshold="23" maxThreshold="32" />
  <references type="weak" candidates="5702" cleared="0" enqueued="0" />
  <references type="phantom" candidates="97" cleared="0" enqueued="0" />
  <stringconstants candidates="13272" cleared="0"  />
</gc-op>
<gc-op id="3692" type="sweep" timems="4.684" contextid="3688" timestamp="2019-08-08T07:22:34.716" />
<mem-info id="3693" free="48159264" total="66060288" percent="72">
  <mem type="tenure" free="48159264" total="66060288" percent="72" micro-fragmented="0">
    <mem type="soa" free="47498784" total="65399808" percent="72" />
    <mem type="loa" free="660480" total="660480" percent="100" />
  </mem>
</mem-info>
<gc-op id="3694" type="compact" timems="33.401" contextid="3688" timestamp="2019-08-08T07:22:34.749">
  <compact-info movecount="2" movebytes="56" reason="compact to aid heap contraction" />
</gc-op>
<heap-resize id="3695" type="expand" space="tenure" amount="327680" count="1" timems="0.026" reason="satisfy allocation request" timestamp="2019-08-08T07:22:34.750" />
<gc-end id="3696" type="global" contextid="3688" durationms="49.031" usertimems="100.852" systemtimems="0.000" timestamp="2019-08-08T07:22:34.750" activeThreads="16">
  <mem-info id="3697" free="48421408" total="66387968" percent="72">
    <mem type="tenure" free="48421408" total="66387968" percent="72">
      <mem type="soa" free="47757856" total="65724416" percent="72" />
      <mem type="loa" free="663552" total="663552" percent="100" />
    </mem>
  </mem-info>
</gc-end>
<cycle-end id="3698" type="global" contextid="3688" timestamp="2019-08-08T07:22:34.750" />
  <attribute name="elasticGC enabled" value="1" />
  <attribute name= "numThreadsSpecified" value="16" />
  <attribute name="heapSize specified" value="66060288" />
  <attribute name="Current GC Util" value="31" />
  <attribute name= "Current Time Running" value="122360" />
  <attribute name ="GC Interval" value="0" />
  <attribute name="Target GC Util Change" value ="80.000000" />
  <attribute name="Current GC Util Change" value="31.000000"/>
  <attribute name="Current Error" value="49.000000" />
  <attribute name="Output H" value="66363232"/>
  <attribute name="Output I" value="2264"/>
  <attribute name="Output T" value="16"/>
  <attribute name= "Current Time Running" value="122360" />
  <attribute name="GC Util currently" value="31" />
  <attribute name="CPU Util currently" value="34467450590" />
<allocation-satisfied id="3699" threadId="0000000000996F00" bytesRequested="1168" />
<af-end id="3700" timestamp="2019-08-08T07:22:34.750" threadId="0000000000997888" success="true" />
<exclusive-end id="3701" timestamp="2019-08-08T07:22:34.750" durationms="49.264" />

<concurrent-kickoff id="3702" timestamp="2019-08-08T07:22:34.756">
  <kickoff reason="threshold reached" targetBytes="6961951" thresholdFreeBytes="944907" remainingFree="940576" tenureFreeBytes="940576" />
</concurrent-kickoff>
<exclusive-start id="3703" timestamp="2019-08-08T07:22:34.756" intervalms="54.854">
  <response-info timems="0.024" idlems="0.024" threads="0" lastid="0000000000996F00" lastname="main" />
</exclusive-start>
<cycle-start id="3704" type="global" contextid="0" timestamp="2019-08-08T07:22:34.756" intervalms="54.796" />
<exclusive-end id="3705" timestamp="2019-08-08T07:22:34.756" durationms="0.028" />

<exclusive-start id="3706" timestamp="2019-08-08T07:22:34.756" intervalms="0.376">
  <response-info timems="0.030" idlems="0.030" threads="0" lastid="0000000000996F00" lastname="main" />
</exclusive-start>
<af-start id="3707" threadId="0000000000997888" totalBytesRequested="1168" timestamp="2019-08-08T07:22:34.756" intervalms="55.235" />
<concurrent-aborted id="3708" timestamp="2019-08-08T07:22:34.756">
  <reason value="insufficient progress made" />
</concurrent-aborted>
<cycle-end id="3709" type="global" contextid="3704" timestamp="2019-08-08T07:22:34.756" />
  <attribute name="elasticGC enabled" value="1" />
  <attribute name= "numThreadsSpecified" value="16" />
  <attribute name="heapSize specified" value="66060288" />
  <attribute name="Current GC Util" value="31" />
  <attribute name= "Current Time Running" value="122360" />
  <attribute name ="GC Interval" value="0" />
  <attribute name="Target GC Util Change" value ="80.000000" />
  <attribute name="Current GC Util Change" value="31.000000"/>
  <attribute name="Current Error" value="49.000000" />
  <attribute name="Output H" value="66363232"/>
  <attribute name="Output I" value="2264"/>
  <attribute name="Output T" value="16"/>
  <attribute name= "Current Time Running" value="122360" />
  <attribute name="GC Util currently" value="31" />
  <attribute name="CPU Util currently" value="34467450590" />
<cycle-start id="3710" type="global" contextid="0" timestamp="2019-08-08T07:22:34.756" intervalms="0.436" />
<gc-start id="3711" type="global" contextid="3710" timestamp="2019-08-08T07:22:34.756">
  <mem-info id="3712" free="663552" total="66387968" percent="0">
    <mem type="tenure" free="663552" total="66387968" percent="0">
      <mem type="soa" free="0" total="65724416" percent="0" />
      <mem type="loa" free="663552" total="663552" percent="100" />
    </mem>
  </mem-info>
</gc-start>
<allocation-stats totalBytes="47663688" >
  <allocated-bytes non-tlh="0" tlh="47663688" />
  <largest-consumer threadName="main" threadId="0000000000996F00" bytes="47663688" />
</allocation-stats>
<gc-op id="3713" type="mark" timems="8.029" contextid="3710" timestamp="2019-08-08T07:22:34.764">
  <trace-info objectcount="596668" scancount="517650" scanbytes="13285372" />
  <finalization candidates="80" enqueued="0" />
  <ownableSynchronizers candidates="21" cleared="0" />
  <references type="soft" candidates="1863" cleared="0" enqueued="0" dynamicThreshold="23" maxThreshold="32" />
  <references type="weak" candidates="5702" cleared="0" enqueued="0" />
  <references type="phantom" candidates="97" cleared="0" enqueued="0" />
  <stringconstants candidates="13272" cleared="0"  />
</gc-op>
<gc-op id="3714" type="sweep" timems="4.930" contextid="3710" timestamp="2019-08-08T07:22:34.769" />
<mem-info id="3715" free="48486848" total="66387968" percent="73">
  <mem type="tenure" free="48486848" total="66387968" percent="73" micro-fragmented="0">
    <mem type="soa" free="47823296" total="65724416" percent="72" />
    <mem type="loa" free="663552" total="663552" percent="100" />
  </mem>
</mem-info>
<gc-op id="3716" type="compact" timems="23.478" contextid="3710" timestamp="2019-08-08T07:22:34.793">
  <compact-info movecount="2" movebytes="56" reason="compact to aid heap contraction" />
</gc-op>
<heap-resize id="3717" type="expand" space="tenure" amount="327680" count="1" timems="0.020" reason="satisfy allocation request" timestamp="2019-08-08T07:22:34.793" />
<gc-end id="3718" type="global" contextid="3710" durationms="37.299" usertimems="79.839" systemtimems="0.000" timestamp="2019-08-08T07:22:34.794" activeThreads="16">
  <mem-info id="3719" free="48749088" total="66715648" percent="73">
    <mem type="tenure" free="48749088" total="66715648" percent="73">
      <mem type="soa" free="48082464" total="66049024" percent="72" />
      <mem type="loa" free="666624" total="666624" percent="100" />
    </mem>
  </mem-info>
</gc-end>
<cycle-end id="3720" type="global" contextid="3710" timestamp="2019-08-08T07:22:34.794" />
  <attribute name="elasticGC enabled" value="1" />
  <attribute name= "numThreadsSpecified" value="16" />
  <attribute name="heapSize specified" value="66387968" />
  <attribute name="Current GC Util" value="34" />
  <attribute name= "Current Time Running" value="122403" />
  <attribute name ="GC Interval" value="0" />
  <attribute name="Target GC Util Change" value ="80.000000" />
  <attribute name="Current GC Util Change" value="34.000000"/>
  <attribute name="Current Error" value="-673.000000" />
  <attribute name="Output H" value="66687576"/>
  <attribute name="Output I" value="200"/>
  <attribute name="Output T" value="16"/>
  <attribute name= "Current Time Running" value="122403" />
  <attribute name="GC Util currently" value="34" />
  <attribute name="CPU Util currently" value="48988524091" />
<allocation-satisfied id="3721" threadId="0000000000996F00" bytesRequested="1168" />
<af-end id="3722" timestamp="2019-08-08T07:22:34.794" threadId="0000000000997888" success="true" />
<exclusive-end id="3723" timestamp="2019-08-08T07:22:34.794" durationms="37.504" />

<concurrent-kickoff id="3724" timestamp="2019-08-08T07:22:34.798">
  <kickoff reason="threshold reached" targetBytes="6996315" thresholdFreeBytes="949570" remainingFree="875040" tenureFreeBytes="875040" />
</concurrent-kickoff>
<exclusive-start id="3725" timestamp="2019-08-08T07:22:34.798" intervalms="42.217">
  <response-info timems="0.020" idlems="0.020" threads="0" lastid="0000000000996F00" lastname="main" />
</exclusive-start>
<cycle-start id="3726" type="global" contextid="0" timestamp="2019-08-08T07:22:34.798" intervalms="42.143" />
<exclusive-end id="3727" timestamp="2019-08-08T07:22:34.798" durationms="0.011" />

<exclusive-start id="3728" timestamp="2019-08-08T07:22:34.799" intervalms="0.256">
  <response-info timems="0.033" idlems="0.033" threads="0" lastid="0000000000996F00" lastname="main" />
</exclusive-start>
<af-start id="3729" threadId="0000000000997888" totalBytesRequested="1168" timestamp="2019-08-08T07:22:34.799" intervalms="42.466" />
<concurrent-aborted id="3730" timestamp="2019-08-08T07:22:34.799">
  <reason value="insufficient progress made" />
</concurrent-aborted>
<cycle-end id="3731" type="global" contextid="3726" timestamp="2019-08-08T07:22:34.799" />
  <attribute name="elasticGC enabled" value="1" />
  <attribute name= "numThreadsSpecified" value="16" />
  <attribute name="heapSize specified" value="66387968" />
  <attribute name="Current GC Util" value="34" />
  <attribute name= "Current Time Running" value="122403" />
  <attribute name ="GC Interval" value="0" />
  <attribute name="Target GC Util Change" value ="80.000000" />
  <attribute name="Current GC Util Change" value="34.000000"/>
  <attribute name="Current Error" value="-673.000000" />
  <attribute name="Output H" value="66687576"/>
  <attribute name="Output I" value="200"/>
  <attribute name="Output T" value="16"/>
  <attribute name= "Current Time Running" value="122403" />
  <attribute name="GC Util currently" value="34" />
  <attribute name="CPU Util currently" value="48988524091" />
<cycle-start id="3732" type="global" contextid="0" timestamp="2019-08-08T07:22:34.799" intervalms="0.313" />
<gc-start id="3733" type="global" contextid="3732" timestamp="2019-08-08T07:22:34.799">
  <mem-info id="3734" free="666624" total="66715648" percent="0">
    <mem type="tenure" free="666624" total="66715648" percent="0">
      <mem type="soa" free="0" total="66049024" percent="0" />
      <mem type="loa" free="666624" total="666624" percent="100" />
    </mem>
  </mem-info>
</gc-start>
<allocation-stats totalBytes="47986616" >
  <allocated-bytes non-tlh="0" tlh="47986616" />
  <largest-consumer threadName="main" threadId="0000000000996F00" bytes="47986616" />
</allocation-stats>
<gc-op id="3735" type="mark" timems="8.226" contextid="3732" timestamp="2019-08-08T07:22:34.807">
  <trace-info objectcount="596668" scancount="517656" scanbytes="13285372" />
  <finalization candidates="80" enqueued="0" />
  <ownableSynchronizers candidates="21" cleared="0" />
  <references type="soft" candidates="1863" cleared="0" enqueued="0" dynamicThreshold="23" maxThreshold="32" />
  <references type="weak" candidates="5702" cleared="0" enqueued="0" />
  <references type="phantom" candidates="97" cleared="0" enqueued="0" />
  <stringconstants candidates="13272" cleared="0"  />
</gc-op>
<gc-op id="3736" type="sweep" timems="5.305" contextid="3732" timestamp="2019-08-08T07:22:34.812" />
<mem-info id="3737" free="48814624" total="66715648" percent="73">
  <mem type="tenure" free="48814624" total="66715648" percent="73" micro-fragmented="0">
    <mem type="soa" free="48148000" total="66049024" percent="72" />
    <mem type="loa" free="666624" total="666624" percent="100" />
  </mem>
</mem-info>
<gc-op id="3738" type="compact" timems="27.907" contextid="3732" timestamp="2019-08-08T07:22:34.840">
  <compact-info movecount="2" movebytes="56" reason="compact to aid heap contraction" />
</gc-op>
<heap-resize id="3739" type="expand" space="tenure" amount="327680" count="1" timems="0.022" reason="satisfy allocation request" timestamp="2019-08-08T07:22:34.841" />
<gc-end id="3740" type="global" contextid="3732" durationms="42.336" usertimems="86.557" systemtimems="0.000" timestamp="2019-08-08T07:22:34.841" activeThreads="16">
  <mem-info id="3741" free="49076768" total="67043328" percent="73">
    <mem type="tenure" free="49076768" total="67043328" percent="73">
      <mem type="soa" free="48407072" total="66373632" percent="72" />
      <mem type="loa" free="669696" total="669696" percent="100" />
    </mem>
  </mem-info>
</gc-end>
<cycle-end id="3742" type="global" contextid="3732" timestamp="2019-08-08T07:22:34.841" />
  <attribute name="elasticGC enabled" value="1" />
  <attribute name= "numThreadsSpecified" value="16" />
  <attribute name="heapSize specified" value="66715648" />
  <attribute name="Current GC Util" value="35" />
  <attribute name= "Current Time Running" value="122451" />
  <attribute name ="GC Interval" value="0" />
  <attribute name="Target GC Util Change" value ="80.000000" />
  <attribute name="Current GC Util Change" value="35.000000"/>
  <attribute name="Current Error" value="-727.000000" />
  <attribute name="Output H" value="67015008"/>
  <attribute name="Output I" value="200"/>
  <attribute name="Output T" value="16"/>
  <attribute name= "Current Time Running" value="122451" />
  <attribute name="GC Util currently" value="35" />
  <attribute name="CPU Util currently" value="41264824076" />
<allocation-satisfied id="3743" threadId="0000000000996F00" bytesRequested="1168" />
<af-end id="3744" timestamp="2019-08-08T07:22:34.841" threadId="0000000000997888" success="true" />
<exclusive-end id="3745" timestamp="2019-08-08T07:22:34.841" durationms="42.591" />

<concurrent-kickoff id="3746" timestamp="2019-08-08T07:22:34.846">
  <kickoff reason="threshold reached" targetBytes="7030678" thresholdFreeBytes="954235" remainingFree="940576" tenureFreeBytes="940576" />
</concurrent-kickoff>
<exclusive-start id="3747" timestamp="2019-08-08T07:22:34.846" intervalms="47.529">
  <response-info timems="0.175" idlems="0.175" threads="0" lastid="0000000000996F00" lastname="main" />
</exclusive-start>
<cycle-start id="3748" type="global" contextid="0" timestamp="2019-08-08T07:22:34.846" intervalms="47.483" />
<exclusive-end id="3749" timestamp="2019-08-08T07:22:34.846" durationms="0.025" />

<exclusive-start id="3750" timestamp="2019-08-08T07:22:34.846" intervalms="0.247">
  <response-info timems="0.008" idlems="0.008" threads="0" lastid="0000000000996F00" lastname="main" />
</exclusive-start>
<af-start id="3751" threadId="0000000000997888" totalBytesRequested="1168" timestamp="2019-08-08T07:22:34.846" intervalms="47.775" />
<concurrent-aborted id="3752" timestamp="2019-08-08T07:22:34.846">
  <reason value="insufficient progress made" />
</concurrent-aborted>
<cycle-end id="3753" type="global" contextid="3748" timestamp="2019-08-08T07:22:34.846" />
  <attribute name="elasticGC enabled" value="1" />
  <attribute name= "numThreadsSpecified" value="16" />
  <attribute name="heapSize specified" value="66715648" />
  <attribute name="Current GC Util" value="35" />
  <attribute name= "Current Time Running" value="122451" />
  <attribute name ="GC Interval" value="0" />
  <attribute name="Target GC Util Change" value ="80.000000" />
  <attribute name="Current GC Util Change" value="35.000000"/>
  <attribute name="Current Error" value="-727.000000" />
  <attribute name="Output H" value="67015008"/>
  <attribute name="Output I" value="200"/>
  <attribute name="Output T" value="16"/>
  <attribute name= "Current Time Running" value="122451" />
  <attribute name="GC Util currently" value="35" />
  <attribute name="CPU Util currently" value="41264824076" />
<cycle-start id="3754" type="global" contextid="0" timestamp="2019-08-08T07:22:34.846" intervalms="0.293" />
<gc-start id="3755" type="global" contextid="3754" timestamp="2019-08-08T07:22:34.847">
  <mem-info id="3756" free="669696" total="67043328" percent="0">
    <mem type="tenure" free="669696" total="67043328" percent="0">
      <mem type="soa" free="0" total="66373632" percent="0" />
      <mem type="loa" free="669696" total="669696" percent="100" />
    </mem>
  </mem-info>
</gc-start>
<allocation-stats totalBytes="48310752" >
  <allocated-bytes non-tlh="0" tlh="48310752" />
  <largest-consumer threadName="main" threadId="0000000000996F00" bytes="48310752" />
</allocation-stats>
<gc-op id="3757" type="mark" timems="7.898" contextid="3754" timestamp="2019-08-08T07:22:34.854">
  <trace-info objectcount="596668" scancount="517654" scanbytes="13285372" />
  <finalization candidates="80" enqueued="0" />
  <ownableSynchronizers candidates="21" cleared="0" />
  <references type="soft" candidates="1863" cleared="0" enqueued="0" dynamicThreshold="23" maxThreshold="32" />
  <references type="weak" candidates="5702" cleared="0" enqueued="0" />
  <references type="phantom" candidates="97" cleared="0" enqueued="0" />
  <stringconstants candidates="13272" cleared="0"  />
</gc-op>
<gc-op id="3758" type="sweep" timems="4.988" contextid="3754" timestamp="2019-08-08T07:22:34.859" />
<mem-info id="3759" free="49142192" total="67043328" percent="73">
  <mem type="tenure" free="49142192" total="67043328" percent="73" micro-fragmented="0">
    <mem type="soa" free="48472496" total="66373632" percent="73" />
    <mem type="loa" free="669696" total="669696" percent="100" />
  </mem>
</mem-info>
<gc-op id="3760" type="compact" timems="24.539" contextid="3754" timestamp="2019-08-08T07:22:34.884">
  <compact-info movecount="2" movebytes="56" reason="compact to aid heap contraction" />
</gc-op>
<heap-resize id="3761" type="expand" space="tenure" amount="327680" count="1" timems="0.029" reason="satisfy allocation request" timestamp="2019-08-08T07:22:34.885" />
<gc-end id="3762" type="global" contextid="3754" durationms="38.291" usertimems="88.925" systemtimems="0.000" timestamp="2019-08-08T07:22:34.885" activeThreads="16">
  <mem-info id="3763" free="49404448" total="67371008" percent="73">
    <mem type="tenure" free="49404448" total="67371008" percent="73">
      <mem type="soa" free="48731680" total="66698240" percent="73" />
      <mem type="loa" free="672768" total="672768" percent="100" />
    </mem>
  </mem-info>
</gc-end>
<cycle-end id="3764" type="global" contextid="3754" timestamp="2019-08-08T07:22:34.885" />
  <attribute name="elasticGC enabled" value="1" />
  <attribute name= "numThreadsSpecified" value="16" />
  <attribute name="heapSize specified" value="67043328" />
  <attribute name="Current GC Util" value="48" />
  <attribute name= "Current Time Running" value="122495" />
  <attribute name ="GC Interval" value="0" />
  <attribute name="Target GC Util Change" value ="80.000000" />
  <attribute name="Current GC Util Change" value="48.000000"/>
  <attribute name="Current Error" value="-368.000000" />
  <attribute name="Output H" value="67344344"/>
  <attribute name="Output I" value="200"/>
  <attribute name="Output T" value="16"/>
  <attribute name= "Current Time Running" value="122495" />
  <attribute name="GC Util currently" value="48" />
  <attribute name="CPU Util currently" value="46793497416" />
<allocation-satisfied id="3765" threadId="0000000000996F00" bytesRequested="1168" />
<af-end id="3766" timestamp="2019-08-08T07:22:34.885" threadId="0000000000997888" success="true" />
<exclusive-end id="3767" timestamp="2019-08-08T07:22:34.885" durationms="38.615" />

<concurrent-kickoff id="3768" timestamp="2019-08-08T07:22:34.891">
  <kickoff reason="threshold reached" targetBytes="7065042" thresholdFreeBytes="958898" remainingFree="875040" tenureFreeBytes="875040" />
</concurrent-kickoff>
<exclusive-start id="3769" timestamp="2019-08-08T07:22:34.891" intervalms="44.633">
  <response-info timems="0.024" idlems="0.024" threads="0" lastid="0000000000996F00" lastname="main" />
</exclusive-start>
<cycle-start id="3770" type="global" contextid="0" timestamp="2019-08-08T07:22:34.891" intervalms="44.593" />
<exclusive-end id="3771" timestamp="2019-08-08T07:22:34.891" durationms="0.034" />

<exclusive-start id="3772" timestamp="2019-08-08T07:22:34.891" intervalms="0.437">
  <response-info timems="0.010" idlems="0.010" threads="0" lastid="0000000000996F00" lastname="main" />
</exclusive-start>
<af-start id="3773" threadId="0000000000997888" totalBytesRequested="1168" timestamp="2019-08-08T07:22:34.891" intervalms="45.069" />
<concurrent-aborted id="3774" timestamp="2019-08-08T07:22:34.891">
  <reason value="insufficient progress made" />
</concurrent-aborted>
<cycle-end id="3775" type="global" contextid="3770" timestamp="2019-08-08T07:22:34.892" />
  <attribute name="elasticGC enabled" value="1" />
  <attribute name= "numThreadsSpecified" value="16" />
  <attribute name="heapSize specified" value="67043328" />
  <attribute name="Current GC Util" value="48" />
  <attribute name= "Current Time Running" value="122495" />
  <attribute name ="GC Interval" value="0" />
  <attribute name="Target GC Util Change" value ="80.000000" />
  <attribute name="Current GC Util Change" value="48.000000"/>
  <attribute name="Current Error" value="-368.000000" />
  <attribute name="Output H" value="67344344"/>
  <attribute name="Output I" value="200"/>
  <attribute name="Output T" value="16"/>
  <attribute name= "Current Time Running" value="122495" />
  <attribute name="GC Util currently" value="48" />
  <attribute name="CPU Util currently" value="46793497416" />
<cycle-start id="3776" type="global" contextid="0" timestamp="2019-08-08T07:22:34.892" intervalms="0.578" />
<gc-start id="3777" type="global" contextid="3776" timestamp="2019-08-08T07:22:34.892">
  <mem-info id="3778" free="672768" total="67371008" percent="0">
    <mem type="tenure" free="672768" total="67371008" percent="0">
      <mem type="soa" free="0" total="66698240" percent="0" />
      <mem type="loa" free="672768" total="672768" percent="100" />
    </mem>
  </mem-info>
</gc-start>
<allocation-stats totalBytes="48633656" >
  <allocated-bytes non-tlh="0" tlh="48633656" />
  <largest-consumer threadName="main" threadId="0000000000996F00" bytes="48633656" />
</allocation-stats>
<gc-op id="3779" type="mark" timems="10.834" contextid="3776" timestamp="2019-08-08T07:22:34.903">
  <trace-info objectcount="596668" scancount="517649" scanbytes="13285372" />
  <finalization candidates="80" enqueued="0" />
  <ownableSynchronizers candidates="21" cleared="0" />
  <references type="soft" candidates="1863" cleared="0" enqueued="0" dynamicThreshold="23" maxThreshold="32" />
  <references type="weak" candidates="5702" cleared="0" enqueued="0" />
  <references type="phantom" candidates="97" cleared="0" enqueued="0" />
  <stringconstants candidates="13272" cleared="0"  />
</gc-op>
<gc-op id="3780" type="sweep" timems="4.867" contextid="3776" timestamp="2019-08-08T07:22:34.908" />
<mem-info id="3781" free="49469984" total="67371008" percent="73">
  <mem type="tenure" free="49469984" total="67371008" percent="73" micro-fragmented="0">
    <mem type="soa" free="48797216" total="66698240" percent="73" />
    <mem type="loa" free="672768" total="672768" percent="100" />
  </mem>
</mem-info>
<gc-op id="3782" type="compact" timems="23.864" contextid="3776" timestamp="2019-08-08T07:22:34.931">
  <compact-info movecount="2" movebytes="56" reason="compact to aid heap contraction" />
</gc-op>
<heap-resize id="3783" type="expand" space="tenure" amount="327680" count="1" timems="0.023" reason="satisfy allocation request" timestamp="2019-08-08T07:22:34.932" />
<gc-end id="3784" type="global" contextid="3776" durationms="40.376" usertimems="94.356" systemtimems="0.000" timestamp="2019-08-08T07:22:34.932" activeThreads="16">
  <mem-info id="3785" free="49732128" total="67698688" percent="73">
    <mem type="tenure" free="49732128" total="67698688" percent="73">
      <mem type="soa" free="49055264" total="67021824" percent="73" />
      <mem type="loa" free="676864" total="676864" percent="100" />
    </mem>
  </mem-info>
</gc-end>
<cycle-end id="3786" type="global" contextid="3776" timestamp="2019-08-08T07:22:34.932" />
  <attribute name="elasticGC enabled" value="1" />
  <attribute name= "numThreadsSpecified" value="16" />
  <attribute name="heapSize specified" value="67371008" />
  <attribute name="Current GC Util" value="50" />
  <attribute name= "Current Time Running" value="122542" />
  <attribute name ="GC Interval" value="0" />
  <attribute name="Target GC Util Change" value ="80.000000" />
  <attribute name="Current GC Util Change" value="50.000000"/>
  <attribute name="Current Error" value="125.000000" />
  <attribute name="Output H" value="67674304"/>
  <attribute name="Output I" value="2664"/>
  <attribute name="Output T" value="16"/>
  <attribute name= "Current Time Running" value="122542" />
  <attribute name="GC Util currently" value="50" />
  <attribute name="CPU Util currently" value="48253422923" />
<allocation-satisfied id="3787" threadId="0000000000996F00" bytesRequested="1168" />
<af-end id="3788" timestamp="2019-08-08T07:22:34.932" threadId="0000000000997888" success="true" />
<exclusive-end id="3789" timestamp="2019-08-08T07:22:34.932" durationms="40.800" />

<concurrent-kickoff id="3790" timestamp="2019-08-08T07:22:34.937">
  <kickoff reason="threshold reached" targetBytes="7099404" thresholdFreeBytes="963563" remainingFree="940576" tenureFreeBytes="940576" />
</concurrent-kickoff>
<exclusive-start id="3791" timestamp="2019-08-08T07:22:34.937" intervalms="45.645">
  <response-info timems="0.130" idlems="0.130" threads="0" lastid="0000000000996F00" lastname="main" />
</exclusive-start>
<cycle-start id="3792" type="global" contextid="0" timestamp="2019-08-08T07:22:34.937" intervalms="45.498" />
<exclusive-end id="3793" timestamp="2019-08-08T07:22:34.937" durationms="0.024" />

<exclusive-start id="3794" timestamp="2019-08-08T07:22:34.937" intervalms="0.329">
  <response-info timems="0.042" idlems="0.042" threads="0" lastid="0000000000996F00" lastname="main" />
</exclusive-start>
<af-start id="3795" threadId="0000000000997888" totalBytesRequested="1168" timestamp="2019-08-08T07:22:34.937" intervalms="45.975" />
<concurrent-aborted id="3796" timestamp="2019-08-08T07:22:34.937">
  <reason value="insufficient progress made" />
</concurrent-aborted>
<cycle-end id="3797" type="global" contextid="3792" timestamp="2019-08-08T07:22:34.937" />
  <attribute name="elasticGC enabled" value="1" />
  <attribute name= "numThreadsSpecified" value="16" />
  <attribute name="heapSize specified" value="67371008" />
  <attribute name="Current GC Util" value="50" />
  <attribute name= "Current Time Running" value="122542" />
  <attribute name ="GC Interval" value="0" />
  <attribute name="Target GC Util Change" value ="80.000000" />
  <attribute name="Current GC Util Change" value="50.000000"/>
  <attribute name="Current Error" value="125.000000" />
  <attribute name="Output H" value="67674304"/>
  <attribute name="Output I" value="2664"/>
  <attribute name="Output T" value="16"/>
  <attribute name= "Current Time Running" value="122542" />
  <attribute name="GC Util currently" value="50" />
  <attribute name="CPU Util currently" value="48253422923" />
<cycle-start id="3798" type="global" contextid="0" timestamp="2019-08-08T07:22:34.938" intervalms="0.503" />
<gc-start id="3799" type="global" contextid="3798" timestamp="2019-08-08T07:22:34.938">
  <mem-info id="3800" free="676864" total="67698688" percent="0">
    <mem type="tenure" free="676864" total="67698688" percent="0">
      <mem type="soa" free="0" total="67021824" percent="0" />
      <mem type="loa" free="676864" total="676864" percent="100" />
    </mem>
  </mem-info>
</gc-start>
<allocation-stats totalBytes="48956560" >
  <allocated-bytes non-tlh="0" tlh="48956560" />
  <largest-consumer threadName="main" threadId="0000000000996F00" bytes="48956560" />
</allocation-stats>
<gc-op id="3801" type="mark" timems="10.856" contextid="3798" timestamp="2019-08-08T07:22:34.949">
  <trace-info objectcount="596668" scancount="517652" scanbytes="13285372" />
  <finalization candidates="80" enqueued="0" />
  <ownableSynchronizers candidates="21" cleared="0" />
  <references type="soft" candidates="1863" cleared="0" enqueued="0" dynamicThreshold="23" maxThreshold="32" />
  <references type="weak" candidates="5702" cleared="0" enqueued="0" />
  <references type="phantom" candidates="97" cleared="0" enqueued="0" />
  <stringconstants candidates="13272" cleared="0"  />
</gc-op>
<gc-op id="3802" type="sweep" timems="5.068" contextid="3798" timestamp="2019-08-08T07:22:34.954" />
<mem-info id="3803" free="49797328" total="67698688" percent="73">
  <mem type="tenure" free="49797328" total="67698688" percent="73" micro-fragmented="0">
    <mem type="soa" free="49120464" total="67021824" percent="73" />
    <mem type="loa" free="676864" total="676864" percent="100" />
  </mem>
</mem-info>
<gc-op id="3804" type="compact" timems="24.523" contextid="3798" timestamp="2019-08-08T07:22:34.978">
  <compact-info movecount="2" movebytes="56" reason="compact to aid heap contraction" />
</gc-op>
<heap-resize id="3805" type="expand" space="tenure" amount="327680" count="1" timems="0.022" reason="satisfy allocation request" timestamp="2019-08-08T07:22:34.979" />
<gc-end id="3806" type="global" contextid="3798" durationms="41.302" usertimems="101.395" systemtimems="0.000" timestamp="2019-08-08T07:22:34.979" activeThreads="16">
  <mem-info id="3807" free="50059808" total="68026368" percent="73">
    <mem type="tenure" free="50059808" total="68026368" percent="73">
      <mem type="soa" free="49379872" total="67346432" percent="73" />
      <mem type="loa" free="679936" total="679936" percent="100" />
    </mem>
  </mem-info>
</gc-end>
<cycle-end id="3808" type="global" contextid="3798" timestamp="2019-08-08T07:22:34.979" />
  <attribute name="elasticGC enabled" value="1" />
  <attribute name= "numThreadsSpecified" value="16" />
  <attribute name="heapSize specified" value="67698688" />
  <attribute name="Current GC Util" value="52" />
  <attribute name= "Current Time Running" value="122589" />
  <attribute name ="GC Interval" value="0" />
  <attribute name="Target GC Util Change" value ="80.000000" />
  <attribute name="Current GC Util Change" value="52.000000"/>
  <attribute name="Current Error" value="87.000000" />
  <attribute name="Output H" value="68001808"/>
  <attribute name="Output I" value="2464"/>
  <attribute name="Output T" value="16"/>
  <attribute name= "Current Time Running" value="122589" />
  <attribute name="GC Util currently" value="52" />
  <attribute name="CPU Util currently" value="46954675701" />
<allocation-satisfied id="3809" threadId="0000000000996F00" bytesRequested="1168" />
<af-end id="3810" timestamp="2019-08-08T07:22:34.979" threadId="0000000000997888" success="true" />
<exclusive-end id="3811" timestamp="2019-08-08T07:22:34.979" durationms="41.745" />

<concurrent-kickoff id="3812" timestamp="2019-08-08T07:22:34.984">
  <kickoff reason="threshold reached" targetBytes="7133766" thresholdFreeBytes="968226" remainingFree="875040" tenureFreeBytes="875040" />
</concurrent-kickoff>
<exclusive-start id="3813" timestamp="2019-08-08T07:22:34.984" intervalms="46.781">
  <response-info timems="0.018" idlems="0.018" threads="0" lastid="0000000000996F00" lastname="main" />
</exclusive-start>
<cycle-start id="3814" type="global" contextid="0" timestamp="2019-08-08T07:22:34.984" intervalms="46.609" />
<exclusive-end id="3815" timestamp="2019-08-08T07:22:34.984" durationms="0.025" />

<exclusive-start id="3816" timestamp="2019-08-08T07:22:34.984" intervalms="0.285">
  <response-info timems="0.024" idlems="0.024" threads="0" lastid="0000000000996F00" lastname="main" />
</exclusive-start>
<af-start id="3817" threadId="0000000000997888" totalBytesRequested="1168" timestamp="2019-08-08T07:22:34.984" intervalms="47.066" />
<concurrent-aborted id="3818" timestamp="2019-08-08T07:22:34.984">
  <reason value="insufficient progress made" />
</concurrent-aborted>
<cycle-end id="3819" type="global" contextid="3814" timestamp="2019-08-08T07:22:34.984" />
  <attribute name="elasticGC enabled" value="1" />
  <attribute name= "numThreadsSpecified" value="16" />
  <attribute name="heapSize specified" value="67698688" />
  <attribute name="Current GC Util" value="52" />
  <attribute name= "Current Time Running" value="122589" />
  <attribute name ="GC Interval" value="0" />
  <attribute name="Target GC Util Change" value ="80.000000" />
  <attribute name="Current GC Util Change" value="52.000000"/>
  <attribute name="Current Error" value="87.000000" />
  <attribute name="Output H" value="68001808"/>
  <attribute name="Output I" value="2464"/>
  <attribute name="Output T" value="16"/>
  <attribute name= "Current Time Running" value="122589" />
  <attribute name="GC Util currently" value="52" />
  <attribute name="CPU Util currently" value="46954675701" />
<cycle-start id="3820" type="global" contextid="0" timestamp="2019-08-08T07:22:34.985" intervalms="0.444" />
<gc-start id="3821" type="global" contextid="3820" timestamp="2019-08-08T07:22:34.985">
  <mem-info id="3822" free="679936" total="68026368" percent="0">
    <mem type="tenure" free="679936" total="68026368" percent="0">
      <mem type="soa" free="0" total="67346432" percent="0" />
      <mem type="loa" free="679936" total="679936" percent="100" />
    </mem>
  </mem-info>
</gc-start>
<allocation-stats totalBytes="49280720" >
  <allocated-bytes non-tlh="0" tlh="49280720" />
  <largest-consumer threadName="main" threadId="0000000000996F00" bytes="49280720" />
</allocation-stats>
<gc-op id="3823" type="mark" timems="8.588" contextid="3820" timestamp="2019-08-08T07:22:34.993">
  <trace-info objectcount="596668" scancount="517651" scanbytes="13285372" />
  <finalization candidates="80" enqueued="0" />
  <ownableSynchronizers candidates="21" cleared="0" />
  <references type="soft" candidates="1863" cleared="0" enqueued="0" dynamicThreshold="23" maxThreshold="32" />
  <references type="weak" candidates="5702" cleared="0" enqueued="0" />
  <references type="phantom" candidates="97" cleared="0" enqueued="0" />
  <stringconstants candidates="13272" cleared="0"  />
</gc-op>
<gc-op id="3824" type="sweep" timems="5.347" contextid="3820" timestamp="2019-08-08T07:22:34.999" />
<mem-info id="3825" free="50125344" total="68026368" percent="73">
  <mem type="tenure" free="50125344" total="68026368" percent="73" micro-fragmented="0">
    <mem type="soa" free="49445408" total="67346432" percent="73" />
    <mem type="loa" free="679936" total="679936" percent="100" />
  </mem>
</mem-info>
<gc-op id="3826" type="compact" timems="25.393" contextid="3820" timestamp="2019-08-08T07:22:35.024">
  <compact-info movecount="2" movebytes="56" reason="compact to aid heap contraction" />
</gc-op>
<heap-resize id="3827" type="expand" space="tenure" amount="327680" count="1" timems="0.023" reason="satisfy allocation request" timestamp="2019-08-08T07:22:35.026" />
<gc-end id="3828" type="global" contextid="3820" durationms="41.752" usertimems="94.860" systemtimems="0.000" timestamp="2019-08-08T07:22:35.027" activeThreads="16">
  <mem-info id="3829" free="50387488" total="68354048" percent="73">
    <mem type="tenure" free="50387488" total="68354048" percent="73">
      <mem type="soa" free="49704480" total="67671040" percent="73" />
      <mem type="loa" free="683008" total="683008" percent="100" />
    </mem>
  </mem-info>
</gc-end>
<cycle-end id="3830" type="global" contextid="3820" timestamp="2019-08-08T07:22:35.027" />
  <attribute name="elasticGC enabled" value="1" />
  <attribute name= "numThreadsSpecified" value="16" />
  <attribute name="heapSize specified" value="68026368" />
  <attribute name="Current GC Util" value="48" />
  <attribute name= "Current Time Running" value="122635" />
  <attribute name ="GC Interval" value="0" />
  <attribute name="Target GC Util Change" value ="80.000000" />
  <attribute name="Current GC Util Change" value="48.000000"/>
  <attribute name="Current Error" value="32.000000" />
  <attribute name="Output H" value="68329232"/>
  <attribute name="Output I" value="2176"/>
  <attribute name="Output T" value="16"/>
  <attribute name= "Current Time Running" value="122635" />
  <attribute name="GC Util currently" value="48" />
  <attribute name="CPU Util currently" value="45329543365" />
<allocation-satisfied id="3831" threadId="0000000000996F00" bytesRequested="1168" />
<af-end id="3832" timestamp="2019-08-08T07:22:35.027" threadId="0000000000997888" success="true" />
<exclusive-end id="3833" timestamp="2019-08-08T07:22:35.027" durationms="42.155" />

<concurrent-kickoff id="3834" timestamp="2019-08-08T07:22:35.032">
  <kickoff reason="threshold reached" targetBytes="7168131" thresholdFreeBytes="972891" remainingFree="940576" tenureFreeBytes="940576" />
</concurrent-kickoff>
<exclusive-start id="3835" timestamp="2019-08-08T07:22:35.032" intervalms="47.587">
  <response-info timems="0.135" idlems="0.135" threads="0" lastid="0000000000996F00" lastname="main" />
</exclusive-start>
<cycle-start id="3836" type="global" contextid="0" timestamp="2019-08-08T07:22:35.032" intervalms="47.448" />
<exclusive-end id="3837" timestamp="2019-08-08T07:22:35.032" durationms="0.047" />

<exclusive-start id="3838" timestamp="2019-08-08T07:22:35.032" intervalms="0.344">
  <response-info timems="0.008" idlems="0.008" threads="0" lastid="0000000000996F00" lastname="main" />
</exclusive-start>
<af-start id="3839" threadId="0000000000997888" totalBytesRequested="1168" timestamp="2019-08-08T07:22:35.032" intervalms="47.937" />
<concurrent-aborted id="3840" timestamp="2019-08-08T07:22:35.032">
  <reason value="insufficient progress made" />
</concurrent-aborted>
<cycle-end id="3841" type="global" contextid="3836" timestamp="2019-08-08T07:22:35.032" />
  <attribute name="elasticGC enabled" value="1" />
  <attribute name= "numThreadsSpecified" value="16" />
  <attribute name="heapSize specified" value="68026368" />
  <attribute name="Current GC Util" value="48" />
  <attribute name= "Current Time Running" value="122635" />
  <attribute name ="GC Interval" value="0" />
  <attribute name="Target GC Util Change" value ="80.000000" />
  <attribute name="Current GC Util Change" value="48.000000"/>
  <attribute name="Current Error" value="32.000000" />
  <attribute name="Output H" value="68329232"/>
  <attribute name="Output I" value="2176"/>
  <attribute name="Output T" value="16"/>
  <attribute name= "Current Time Running" value="122635" />
  <attribute name="GC Util currently" value="48" />
  <attribute name="CPU Util currently" value="45329543365" />
<cycle-start id="3842" type="global" contextid="0" timestamp="2019-08-08T07:22:35.033" intervalms="0.468" />
<gc-start id="3843" type="global" contextid="3842" timestamp="2019-08-08T07:22:35.033">
  <mem-info id="3844" free="683008" total="68354048" percent="0">
    <mem type="tenure" free="683008" total="68354048" percent="0">
      <mem type="soa" free="0" total="67671040" percent="0" />
      <mem type="loa" free="683008" total="683008" percent="100" />
    </mem>
  </mem-info>
</gc-start>
<allocation-stats totalBytes="49603624" >
  <allocated-bytes non-tlh="0" tlh="49603624" />
  <largest-consumer threadName="main" threadId="0000000000996F00" bytes="49603624" />
</allocation-stats>
<gc-op id="3845" type="mark" timems="8.628" contextid="3842" timestamp="2019-08-08T07:22:35.041">
  <trace-info objectcount="596668" scancount="517652" scanbytes="13285372" />
  <finalization candidates="80" enqueued="0" />
  <ownableSynchronizers candidates="21" cleared="0" />
  <references type="soft" candidates="1863" cleared="0" enqueued="0" dynamicThreshold="23" maxThreshold="32" />
  <references type="weak" candidates="5702" cleared="0" enqueued="0" />
  <references type="phantom" candidates="97" cleared="0" enqueued="0" />
  <stringconstants candidates="13272" cleared="0"  />
</gc-op>
<gc-op id="3846" type="sweep" timems="6.105" contextid="3842" timestamp="2019-08-08T07:22:35.047" />
<mem-info id="3847" free="50453024" total="68354048" percent="73">
  <mem type="tenure" free="50453024" total="68354048" percent="73" micro-fragmented="0">
    <mem type="soa" free="49770016" total="67671040" percent="73" />
    <mem type="loa" free="683008" total="683008" percent="100" />
  </mem>
</mem-info>
<gc-op id="3848" type="compact" timems="25.920" contextid="3842" timestamp="2019-08-08T07:22:35.073">
  <compact-info movecount="2" movebytes="56" reason="compact to aid heap contraction" />
</gc-op>
<heap-resize id="3849" type="expand" space="tenure" amount="327680" count="1" timems="0.021" reason="satisfy allocation request" timestamp="2019-08-08T07:22:35.074" />
<gc-end id="3850" type="global" contextid="3842" durationms="41.638" usertimems="94.024" systemtimems="0.000" timestamp="2019-08-08T07:22:35.074" activeThreads="16">
  <mem-info id="3851" free="50715168" total="68681728" percent="73">
    <mem type="tenure" free="50715168" total="68681728" percent="73">
      <mem type="soa" free="50029088" total="67995648" percent="73" />
      <mem type="loa" free="686080" total="686080" percent="100" />
    </mem>
  </mem-info>
</gc-end>
<cycle-end id="3852" type="global" contextid="3842" timestamp="2019-08-08T07:22:35.074" />
  <attribute name="elasticGC enabled" value="1" />
  <attribute name= "numThreadsSpecified" value="16" />
  <attribute name="heapSize specified" value="68354048" />
  <attribute name="Current GC Util" value="128" />
  <attribute name= "Current Time Running" value="122684" />
  <attribute name ="GC Interval" value="0" />
  <attribute name="Target GC Util Change" value ="80.000000" />
  <attribute name="Current GC Util Change" value="128.000000"/>
  <attribute name="Current Error" value="-798.000000" />
  <attribute name="Output H" value="68653080"/>
  <attribute name="Output I" value="200"/>
  <attribute name="Output T" value="16"/>
  <attribute name= "Current Time Running" value="122684" />
  <attribute name="GC Util currently" value="128" />
  <attribute name="CPU Util currently" value="44421341240" />
<allocation-satisfied id="3853" threadId="0000000000996F00" bytesRequested="1168" />
<af-end id="3854" timestamp="2019-08-08T07:22:35.074" threadId="0000000000997888" success="true" />
<exclusive-end id="3855" timestamp="2019-08-08T07:22:35.074" durationms="41.925" />

<concurrent-kickoff id="3856" timestamp="2019-08-08T07:22:35.079">
  <kickoff reason="threshold reached" targetBytes="7202493" thresholdFreeBytes="977554" remainingFree="875040" tenureFreeBytes="875040" />
</concurrent-kickoff>
<exclusive-start id="3857" timestamp="2019-08-08T07:22:35.080" intervalms="47.156">
  <response-info timems="0.023" idlems="0.023" threads="0" lastid="0000000000996F00" lastname="main" />
</exclusive-start>
<cycle-start id="3858" type="global" contextid="0" timestamp="2019-08-08T07:22:35.080" intervalms="47.000" />
<exclusive-end id="3859" timestamp="2019-08-08T07:22:35.080" durationms="0.023" />

<exclusive-start id="3860" timestamp="2019-08-08T07:22:35.080" intervalms="0.289">
  <response-info timems="0.008" idlems="0.008" threads="0" lastid="0000000000996F00" lastname="main" />
</exclusive-start>
<af-start id="3861" threadId="0000000000997888" totalBytesRequested="1168" timestamp="2019-08-08T07:22:35.080" intervalms="47.448" />
<concurrent-aborted id="3862" timestamp="2019-08-08T07:22:35.080">
  <reason value="insufficient progress made" />
</concurrent-aborted>
<cycle-end id="3863" type="global" contextid="3858" timestamp="2019-08-08T07:22:35.080" />
  <attribute name="elasticGC enabled" value="1" />
  <attribute name= "numThreadsSpecified" value="16" />
  <attribute name="heapSize specified" value="68354048" />
  <attribute name="Current GC Util" value="128" />
  <attribute name= "Current Time Running" value="122684" />
  <attribute name ="GC Interval" value="0" />
  <attribute name="Target GC Util Change" value ="80.000000" />
  <attribute name="Current GC Util Change" value="128.000000"/>
  <attribute name="Current Error" value="-798.000000" />
  <attribute name="Output H" value="68653080"/>
  <attribute name="Output I" value="200"/>
  <attribute name="Output T" value="16"/>
  <attribute name= "Current Time Running" value="122684" />
  <attribute name="GC Util currently" value="128" />
  <attribute name="CPU Util currently" value="44421341240" />
<cycle-start id="3864" type="global" contextid="0" timestamp="2019-08-08T07:22:35.080" intervalms="0.355" />
<gc-start id="3865" type="global" contextid="3864" timestamp="2019-08-08T07:22:35.080">
  <mem-info id="3866" free="686080" total="68681728" percent="0">
    <mem type="tenure" free="686080" total="68681728" percent="0">
      <mem type="soa" free="0" total="67995648" percent="0" />
      <mem type="loa" free="686080" total="686080" percent="100" />
    </mem>
  </mem-info>
</gc-start>
<allocation-stats totalBytes="49927760" >
  <allocated-bytes non-tlh="0" tlh="49927760" />
  <largest-consumer threadName="main" threadId="0000000000996F00" bytes="49927760" />
</allocation-stats>
<gc-op id="3867" type="mark" timems="10.332" contextid="3864" timestamp="2019-08-08T07:22:35.090">
  <trace-info objectcount="596668" scancount="517652" scanbytes="13285372" />
  <finalization candidates="80" enqueued="0" />
  <ownableSynchronizers candidates="21" cleared="0" />
  <references type="soft" candidates="1863" cleared="0" enqueued="0" dynamicThreshold="23" maxThreshold="32" />
  <references type="weak" candidates="5702" cleared="0" enqueued="0" />
  <references type="phantom" candidates="97" cleared="0" enqueued="0" />
  <stringconstants candidates="13272" cleared="0"  />
</gc-op>
<gc-op id="3868" type="sweep" timems="6.452" contextid="3864" timestamp="2019-08-08T07:22:35.097" />
<mem-info id="3869" free="50780704" total="68681728" percent="73">
  <mem type="tenure" free="50780704" total="68681728" percent="73" micro-fragmented="0">
    <mem type="soa" free="50094624" total="67995648" percent="73" />
    <mem type="loa" free="686080" total="686080" percent="100" />
  </mem>
</mem-info>
<gc-op id="3870" type="compact" timems="26.585" contextid="3864" timestamp="2019-08-08T07:22:35.123">
  <compact-info movecount="2" movebytes="56" reason="compact to aid heap contraction" />
</gc-op>
<heap-resize id="3871" type="expand" space="tenure" amount="327680" count="1" timems="0.023" reason="satisfy allocation request" timestamp="2019-08-08T07:22:35.124" />
<gc-end id="3872" type="global" contextid="3864" durationms="44.164" usertimems="108.184" systemtimems="0.000" timestamp="2019-08-08T07:22:35.124" activeThreads="16">
  <mem-info id="3873" free="51042848" total="69009408" percent="73">
    <mem type="tenure" free="51042848" total="69009408" percent="73">
      <mem type="soa" free="50353696" total="68320256" percent="73" />
      <mem type="loa" free="689152" total="689152" percent="100" />
    </mem>
  </mem-info>
</gc-end>
<cycle-end id="3874" type="global" contextid="3864" timestamp="2019-08-08T07:22:35.124" />
  <attribute name="elasticGC enabled" value="1" />
  <attribute name= "numThreadsSpecified" value="16" />
  <attribute name="heapSize specified" value="68681728" />
  <attribute name="Current GC Util" value="69" />
  <attribute name= "Current Time Running" value="122734" />
  <attribute name ="GC Interval" value="0" />
  <attribute name="Target GC Util Change" value ="80.000000" />
  <attribute name="Current GC Util Change" value="69.000000"/>
  <attribute name="Current Error" value="-606.000000" />
  <attribute name="Output H" value="68981648"/>
  <attribute name="Output I" value="200"/>
  <attribute name="Output T" value="16"/>
  <attribute name= "Current Time Running" value="122734" />
  <attribute name="GC Util currently" value="69" />
  <attribute name="CPU Util currently" value="43307381284" />
<allocation-satisfied id="3875" threadId="0000000000996F00" bytesRequested="1168" />
<af-end id="3876" timestamp="2019-08-08T07:22:35.124" threadId="0000000000997888" success="true" />
<exclusive-end id="3877" timestamp="2019-08-08T07:22:35.124" durationms="44.355" />

<concurrent-kickoff id="3878" timestamp="2019-08-08T07:22:35.129">
  <kickoff reason="threshold reached" targetBytes="7236857" thresholdFreeBytes="982218" remainingFree="940576" tenureFreeBytes="940576" />
</concurrent-kickoff>
<exclusive-start id="3879" timestamp="2019-08-08T07:22:35.129" intervalms="49.629">
  <response-info timems="0.019" idlems="0.019" threads="0" lastid="0000000000996F00" lastname="main" />
</exclusive-start>
<cycle-start id="3880" type="global" contextid="0" timestamp="2019-08-08T07:22:35.129" intervalms="49.563" />
<exclusive-end id="3881" timestamp="2019-08-08T07:22:35.129" durationms="0.018" />

<exclusive-start id="3882" timestamp="2019-08-08T07:22:35.130" intervalms="0.243">
  <response-info timems="0.008" idlems="0.008" threads="0" lastid="0000000000996F00" lastname="main" />
</exclusive-start>
<af-start id="3883" threadId="0000000000997888" totalBytesRequested="1168" timestamp="2019-08-08T07:22:35.130" intervalms="49.873" />
<concurrent-aborted id="3884" timestamp="2019-08-08T07:22:35.130">
  <reason value="insufficient progress made" />
</concurrent-aborted>
<cycle-end id="3885" type="global" contextid="3880" timestamp="2019-08-08T07:22:35.130" />
  <attribute name="elasticGC enabled" value="1" />
  <attribute name= "numThreadsSpecified" value="16" />
  <attribute name="heapSize specified" value="68681728" />
  <attribute name="Current GC Util" value="69" />
  <attribute name= "Current Time Running" value="122734" />
  <attribute name ="GC Interval" value="0" />
  <attribute name="Target GC Util Change" value ="80.000000" />
  <attribute name="Current GC Util Change" value="69.000000"/>
  <attribute name="Current Error" value="-606.000000" />
  <attribute name="Output H" value="68981648"/>
  <attribute name="Output I" value="200"/>
  <attribute name="Output T" value="16"/>
  <attribute name= "Current Time Running" value="122734" />
  <attribute name="GC Util currently" value="69" />
  <attribute name="CPU Util currently" value="43307381284" />
<cycle-start id="3886" type="global" contextid="0" timestamp="2019-08-08T07:22:35.130" intervalms="0.309" />
<gc-start id="3887" type="global" contextid="3886" timestamp="2019-08-08T07:22:35.130">
  <mem-info id="3888" free="689152" total="69009408" percent="0">
    <mem type="tenure" free="689152" total="69009408" percent="0">
      <mem type="soa" free="0" total="68320256" percent="0" />
      <mem type="loa" free="689152" total="689152" percent="100" />
    </mem>
  </mem-info>
</gc-start>
<allocation-stats totalBytes="50250688" >
  <allocated-bytes non-tlh="0" tlh="50250688" />
  <largest-consumer threadName="main" threadId="0000000000996F00" bytes="50250688" />
</allocation-stats>
<gc-op id="3889" type="mark" timems="7.366" contextid="3886" timestamp="2019-08-08T07:22:35.137">
  <trace-info objectcount="596631" scancount="517612" scanbytes="13284260" />
  <finalization candidates="80" enqueued="0" />
  <ownableSynchronizers candidates="21" cleared="0" />
  <references type="soft" candidates="1863" cleared="12" enqueued="12" dynamicThreshold="23" maxThreshold="32" />
  <references type="weak" candidates="5702" cleared="0" enqueued="0" />
  <references type="phantom" candidates="97" cleared="0" enqueued="0" />
  <stringconstants candidates="13272" cleared="0"  />
</gc-op>
<gc-op id="3890" type="sweep" timems="5.779" contextid="3886" timestamp="2019-08-08T07:22:35.143" />
<mem-info id="3891" free="51108384" total="69009408" percent="74">
  <mem type="tenure" free="51108384" total="69009408" percent="74" micro-fragmented="0">
    <mem type="soa" free="50419232" total="68320256" percent="73" />
    <mem type="loa" free="689152" total="689152" percent="100" />
  </mem>
  <pending-finalizers system="0" default="0" reference="12" classloader="0" />
</mem-info>
<gc-op id="3892" type="compact" timems="25.223" contextid="3886" timestamp="2019-08-08T07:22:35.168">
  <compact-info movecount="1486" movebytes="68880" reason="compact to aid heap contraction" />
</gc-op>
<heap-resize id="3893" type="expand" space="tenure" amount="327680" count="1" timems="0.027" reason="satisfy allocation request" timestamp="2019-08-08T07:22:35.169" />
<gc-end id="3894" type="global" contextid="3886" durationms="39.559" usertimems="87.123" systemtimems="0.000" timestamp="2019-08-08T07:22:35.169" activeThreads="16">
  <mem-info id="3895" free="51371640" total="69337088" percent="74">
    <mem type="tenure" free="51371640" total="69337088" percent="74">
      <mem type="soa" free="50678392" total="68643840" percent="73" />
      <mem type="loa" free="693248" total="693248" percent="100" />
    </mem>
    <pending-finalizers system="0" default="0" reference="12" classloader="0" />
  </mem-info>
</gc-end>
<cycle-end id="3896" type="global" contextid="3886" timestamp="2019-08-08T07:22:35.169" />
  <attribute name="elasticGC enabled" value="1" />
  <attribute name= "numThreadsSpecified" value="16" />
  <attribute name="heapSize specified" value="69009408" />
  <attribute name="Current GC Util" value="45" />
  <attribute name= "Current Time Running" value="122779" />
  <attribute name ="GC Interval" value="0" />
  <attribute name="Target GC Util Change" value ="80.000000" />
  <attribute name="Current GC Util Change" value="45.000000"/>
  <attribute name="Current Error" value="-330.000000" />
  <attribute name="Output H" value="69310600"/>
  <attribute name="Output I" value="296"/>
  <attribute name="Output T" value="16"/>
  <attribute name= "Current Time Running" value="122779" />
  <attribute name="GC Util currently" value="45" />
  <attribute name="CPU Util currently" value="45654819903" />
<allocation-satisfied id="3897" threadId="0000000000996F00" bytesRequested="1168" />
<af-end id="3898" timestamp="2019-08-08T07:22:35.169" threadId="0000000000997888" success="true" />
<exclusive-end id="3899" timestamp="2019-08-08T07:22:35.169" durationms="39.762" />

<concurrent-kickoff id="3900" timestamp="2019-08-08T07:22:35.175">
  <kickoff reason="threshold reached" targetBytes="7271220" thresholdFreeBytes="986882" remainingFree="872056" tenureFreeBytes="872056" />
</concurrent-kickoff>
<exclusive-start id="3901" timestamp="2019-08-08T07:22:35.175" intervalms="44.972">
  <response-info timems="0.020" idlems="0.020" threads="0" lastid="0000000000996F00" lastname="main" />
</exclusive-start>
<cycle-start id="3902" type="global" contextid="0" timestamp="2019-08-08T07:22:35.175" intervalms="44.919" />
<exclusive-end id="3903" timestamp="2019-08-08T07:22:35.175" durationms="0.027" />

<exclusive-start id="3904" timestamp="2019-08-08T07:22:35.175" intervalms="0.322">
  <response-info timems="0.023" idlems="0.023" threads="0" lastid="0000000000996F00" lastname="main" />
</exclusive-start>
<af-start id="3905" threadId="0000000000997888" totalBytesRequested="1168" timestamp="2019-08-08T07:22:35.175" intervalms="45.287" />
<concurrent-aborted id="3906" timestamp="2019-08-08T07:22:35.175">
  <reason value="insufficient progress made" />
</concurrent-aborted>
<cycle-end id="3907" type="global" contextid="3902" timestamp="2019-08-08T07:22:35.175" />
  <attribute name="elasticGC enabled" value="1" />
  <attribute name= "numThreadsSpecified" value="16" />
  <attribute name="heapSize specified" value="69009408" />
  <attribute name="Current GC Util" value="45" />
  <attribute name= "Current Time Running" value="122779" />
  <attribute name ="GC Interval" value="0" />
  <attribute name="Target GC Util Change" value ="80.000000" />
  <attribute name="Current GC Util Change" value="45.000000"/>
  <attribute name="Current Error" value="-330.000000" />
  <attribute name="Output H" value="69310600"/>
  <attribute name="Output I" value="296"/>
  <attribute name="Output T" value="16"/>
  <attribute name= "Current Time Running" value="122779" />
  <attribute name="GC Util currently" value="45" />
  <attribute name="CPU Util currently" value="45654819903" />
<cycle-start id="3908" type="global" contextid="0" timestamp="2019-08-08T07:22:35.175" intervalms="0.368" />
<gc-start id="3909" type="global" contextid="3908" timestamp="2019-08-08T07:22:35.175">
  <mem-info id="3910" free="693248" total="69337088" percent="0">
    <mem type="tenure" free="693248" total="69337088" percent="0">
      <mem type="soa" free="0" total="68643840" percent="0" />
      <mem type="loa" free="693248" total="693248" percent="100" />
    </mem>
  </mem-info>
</gc-start>
<allocation-stats totalBytes="50573968" >
  <allocated-bytes non-tlh="0" tlh="50573968" />
  <largest-consumer threadName="main" threadId="0000000000996F00" bytes="50569872" />
</allocation-stats>
<gc-op id="3911" type="mark" timems="8.459" contextid="3908" timestamp="2019-08-08T07:22:35.184">
  <trace-info objectcount="596579" scancount="517567" scanbytes="13283100" />
  <finalization candidates="80" enqueued="0" />
  <ownableSynchronizers candidates="21" cleared="0" />
  <references type="soft" candidates="1851" cleared="0" enqueued="0" dynamicThreshold="23" maxThreshold="32" />
  <references type="weak" candidates="5702" cleared="0" enqueued="0" />
  <references type="phantom" candidates="97" cleared="0" enqueued="0" />
  <stringconstants candidates="13272" cleared="0"  />
</gc-op>
<gc-op id="3912" type="sweep" timems="5.924" contextid="3908" timestamp="2019-08-08T07:22:35.190" />
<mem-info id="3913" free="51436656" total="69337088" percent="74">
  <mem type="tenure" free="51436656" total="69337088" percent="74" micro-fragmented="8470">
    <mem type="soa" free="50743408" total="68643840" percent="73" />
    <mem type="loa" free="693248" total="693248" percent="100" />
  </mem>
</mem-info>
<gc-op id="3914" type="compact" timems="24.031" contextid="3908" timestamp="2019-08-08T07:22:35.214">
  <compact-info movecount="1438" movebytes="67712" reason="compact to aid heap contraction" />
</gc-op>
<heap-resize id="3915" type="expand" space="tenure" amount="327680" count="1" timems="0.021" reason="satisfy allocation request" timestamp="2019-08-08T07:22:35.214" />
<gc-end id="3916" type="global" contextid="3908" durationms="39.218" usertimems="81.950" systemtimems="0.000" timestamp="2019-08-08T07:22:35.214" activeThreads="16">
  <mem-info id="3917" free="51700576" total="69664768" percent="74">
    <mem type="tenure" free="51700576" total="69664768" percent="74">
      <mem type="soa" free="51004256" total="68968448" percent="73" />
      <mem type="loa" free="696320" total="696320" percent="100" />
    </mem>
  </mem-info>
</gc-end>
<cycle-end id="3918" type="global" contextid="3908" timestamp="2019-08-08T07:22:35.214" />
  <attribute name="elasticGC enabled" value="1" />
  <attribute name= "numThreadsSpecified" value="16" />
  <attribute name="heapSize specified" value="69337088" />
  <attribute name="Current GC Util" value="126" />
  <attribute name= "Current Time Running" value="122824" />
  <attribute name ="GC Interval" value="0" />
  <attribute name="Target GC Util Change" value ="80.000000" />
  <attribute name="Current GC Util Change" value="126.000000"/>
  <attribute name="Current Error" value="-40.000000" />
  <attribute name="Output H" value="69639616"/>
  <attribute name="Output I" value="1808"/>
  <attribute name="Output T" value="16"/>
  <attribute name= "Current Time Running" value="122824" />
  <attribute name="GC Util currently" value="126" />
  <attribute name="CPU Util currently" value="47913154444" />
<allocation-satisfied id="3919" threadId="0000000000996F00" bytesRequested="1168" />
<af-end id="3920" timestamp="2019-08-08T07:22:35.214" threadId="0000000000997888" success="true" />
<exclusive-end id="3921" timestamp="2019-08-08T07:22:35.214" durationms="39.400" />

<concurrent-kickoff id="3922" timestamp="2019-08-08T07:22:35.220">
  <kickoff reason="threshold reached" targetBytes="7305583" thresholdFreeBytes="991546" remainingFree="942944" tenureFreeBytes="942944" />
</concurrent-kickoff>
<exclusive-start id="3923" timestamp="2019-08-08T07:22:35.220" intervalms="44.965">
  <response-info timems="0.024" idlems="0.024" threads="0" lastid="0000000000996F00" lastname="main" />
</exclusive-start>
<cycle-start id="3924" type="global" contextid="0" timestamp="2019-08-08T07:22:35.220" intervalms="44.913" />
<exclusive-end id="3925" timestamp="2019-08-08T07:22:35.220" durationms="0.020" />

<exclusive-start id="3926" timestamp="2019-08-08T07:22:35.220" intervalms="0.300">
  <response-info timems="0.007" idlems="0.007" threads="0" lastid="0000000000996F00" lastname="main" />
</exclusive-start>
<af-start id="3927" threadId="0000000000997888" totalBytesRequested="1168" timestamp="2019-08-08T07:22:35.220" intervalms="45.266" />
<concurrent-aborted id="3928" timestamp="2019-08-08T07:22:35.220">
  <reason value="insufficient progress made" />
</concurrent-aborted>
<cycle-end id="3929" type="global" contextid="3924" timestamp="2019-08-08T07:22:35.220" />
  <attribute name="elasticGC enabled" value="1" />
  <attribute name= "numThreadsSpecified" value="16" />
  <attribute name="heapSize specified" value="69337088" />
  <attribute name="Current GC Util" value="126" />
  <attribute name= "Current Time Running" value="122824" />
  <attribute name ="GC Interval" value="0" />
  <attribute name="Target GC Util Change" value ="80.000000" />
  <attribute name="Current GC Util Change" value="126.000000"/>
  <attribute name="Current Error" value="-40.000000" />
  <attribute name="Output H" value="69639616"/>
  <attribute name="Output I" value="1808"/>
  <attribute name="Output T" value="16"/>
  <attribute name= "Current Time Running" value="122824" />
  <attribute name="GC Util currently" value="126" />
  <attribute name="CPU Util currently" value="47913154444" />
<cycle-start id="3930" type="global" contextid="0" timestamp="2019-08-08T07:22:35.220" intervalms="0.369" />
<gc-start id="3931" type="global" contextid="3930" timestamp="2019-08-08T07:22:35.220">
  <mem-info id="3932" free="696320" total="69664768" percent="0">
    <mem type="tenure" free="696320" total="69664768" percent="0">
      <mem type="soa" free="0" total="68968448" percent="0" />
      <mem type="loa" free="696320" total="696320" percent="100" />
    </mem>
  </mem-info>
</gc-start>
<allocation-stats totalBytes="50813912" >
  <allocated-bytes non-tlh="0" tlh="50813912" />
  <largest-consumer threadName="main" threadId="0000000000996F00" bytes="50813912" />
</allocation-stats>
<gc-op id="3933" type="mark" timems="8.734" contextid="3930" timestamp="2019-08-08T07:22:35.229">
  <trace-info objectcount="596568" scancount="517560" scanbytes="13283016" />
  <finalization candidates="80" enqueued="0" />
  <ownableSynchronizers candidates="21" cleared="0" />
  <references type="soft" candidates="1851" cleared="1" enqueued="0" dynamicThreshold="23" maxThreshold="32" />
  <references type="weak" candidates="5702" cleared="0" enqueued="0" />
  <references type="phantom" candidates="97" cleared="0" enqueued="0" />
  <stringconstants candidates="13272" cleared="0"  />
</gc-op>
<gc-op id="3934" type="sweep" timems="5.392" contextid="3930" timestamp="2019-08-08T07:22:35.235" />
<mem-info id="3935" free="51783344" total="69664768" percent="74">
  <mem type="tenure" free="51783344" total="69664768" percent="74" micro-fragmented="0">
    <mem type="soa" free="51087024" total="68968448" percent="74" />
    <mem type="loa" free="696320" total="696320" percent="100" />
  </mem>
</mem-info>
<gc-op id="3936" type="compact" timems="24.347" contextid="3930" timestamp="2019-08-08T07:22:35.259">
  <compact-info movecount="1967" movebytes="65024" reason="compact to aid heap contraction" />
</gc-op>
<heap-resize id="3937" type="expand" space="tenure" amount="327680" count="1" timems="0.022" reason="satisfy allocation request" timestamp="2019-08-08T07:22:35.260" />
<gc-end id="3938" type="global" contextid="3930" durationms="39.268" usertimems="86.531" systemtimems="0.000" timestamp="2019-08-08T07:22:35.260" activeThreads="16">
  <mem-info id="3939" free="52046432" total="69992448" percent="74">
    <mem type="tenure" free="52046432" total="69992448" percent="74">
      <mem type="soa" free="51347040" total="69293056" percent="74" />
      <mem type="loa" free="699392" total="699392" percent="100" />
    </mem>
  </mem-info>
</gc-end>
<cycle-end id="3940" type="global" contextid="3930" timestamp="2019-08-08T07:22:35.260" />
  <attribute name="elasticGC enabled" value="1" />
  <attribute name= "numThreadsSpecified" value="16" />
  <attribute name="heapSize specified" value="69664768" />
  <attribute name="Current GC Util" value="42" />
  <attribute name= "Current Time Running" value="122869" />
  <attribute name ="GC Interval" value="0" />
  <attribute name="Target GC Util Change" value ="80.000000" />
  <attribute name="Current GC Util Change" value="42.000000"/>
  <attribute name="Current Error" value="108.000000" />
  <attribute name="Output H" value="69967984"/>
  <attribute name="Output I" value="2576"/>
  <attribute name="Output T" value="16"/>
  <attribute name= "Current Time Running" value="122869" />
  <attribute name="GC Util currently" value="42" />
  <attribute name="CPU Util currently" value="47290903523" />
<allocation-satisfied id="3941" threadId="0000000000996F00" bytesRequested="1168" />
<af-end id="3942" timestamp="2019-08-08T07:22:35.260" threadId="0000000000997888" success="true" />
<exclusive-end id="3943" timestamp="2019-08-08T07:22:35.260" durationms="39.467" />

<concurrent-kickoff id="3944" timestamp="2019-08-08T07:22:35.266">
  <kickoff reason="threshold reached" targetBytes="7339946" thresholdFreeBytes="996210" remainingFree="993888" tenureFreeBytes="993888" />
</concurrent-kickoff>
<exclusive-start id="3945" timestamp="2019-08-08T07:22:35.266" intervalms="45.597">
  <response-info timems="0.026" idlems="0.026" threads="0" lastid="0000000000996F00" lastname="main" />
</exclusive-start>
<cycle-start id="3946" type="global" contextid="0" timestamp="2019-08-08T07:22:35.266" intervalms="45.541" />
<exclusive-end id="3947" timestamp="2019-08-08T07:22:35.266" durationms="0.038" />

<exclusive-start id="3948" timestamp="2019-08-08T07:22:35.266" intervalms="0.390">
  <response-info timems="0.029" idlems="0.029" threads="0" lastid="0000000000996F00" lastname="main" />
</exclusive-start>
<af-start id="3949" threadId="0000000000997888" totalBytesRequested="1168" timestamp="2019-08-08T07:22:35.266" intervalms="45.993" />
<concurrent-aborted id="3950" timestamp="2019-08-08T07:22:35.266">
  <reason value="insufficient progress made" />
</concurrent-aborted>
<cycle-end id="3951" type="global" contextid="3946" timestamp="2019-08-08T07:22:35.266" />
  <attribute name="elasticGC enabled" value="1" />
  <attribute name= "numThreadsSpecified" value="16" />
  <attribute name="heapSize specified" value="69664768" />
  <attribute name="Current GC Util" value="42" />
  <attribute name= "Current Time Running" value="122869" />
  <attribute name ="GC Interval" value="0" />
  <attribute name="Target GC Util Change" value ="80.000000" />
  <attribute name="Current GC Util Change" value="42.000000"/>
  <attribute name="Current Error" value="108.000000" />
  <attribute name="Output H" value="69967984"/>
  <attribute name="Output I" value="2576"/>
  <attribute name="Output T" value="16"/>
  <attribute name= "Current Time Running" value="122869" />
  <attribute name="GC Util currently" value="42" />
  <attribute name="CPU Util currently" value="47290903523" />
<cycle-start id="3952" type="global" contextid="0" timestamp="2019-08-08T07:22:35.266" intervalms="0.446" />
<gc-start id="3953" type="global" contextid="3952" timestamp="2019-08-08T07:22:35.266">
  <mem-info id="3954" free="699392" total="69992448" percent="0">
    <mem type="tenure" free="699392" total="69992448" percent="0">
      <mem type="soa" free="0" total="69293056" percent="0" />
      <mem type="loa" free="699392" total="699392" percent="100" />
    </mem>
  </mem-info>
</gc-start>
<allocation-stats totalBytes="51079848" >
  <allocated-bytes non-tlh="0" tlh="51079848" />
  <largest-consumer threadName="main" threadId="0000000000996F00" bytes="51079848" />
</allocation-stats>
<gc-op id="3955" type="mark" timems="9.024" contextid="3952" timestamp="2019-08-08T07:22:35.275">
  <trace-info objectcount="596569" scancount="517563" scanbytes="13283040" />
  <finalization candidates="80" enqueued="0" />
  <ownableSynchronizers candidates="21" cleared="0" />
  <references type="soft" candidates="1850" cleared="0" enqueued="0" dynamicThreshold="23" maxThreshold="32" />
  <references type="weak" candidates="5702" cleared="0" enqueued="0" />
  <references type="phantom" candidates="97" cleared="0" enqueued="0" />
  <stringconstants candidates="13272" cleared="0"  />
</gc-op>
<gc-op id="3956" type="sweep" timems="5.931" contextid="3952" timestamp="2019-08-08T07:22:35.281" />
<mem-info id="3957" free="52111832" total="69992448" percent="74">
  <mem type="tenure" free="52111832" total="69992448" percent="74" micro-fragmented="0">
    <mem type="soa" free="51412440" total="69293056" percent="74" />
    <mem type="loa" free="699392" total="699392" percent="100" />
  </mem>
</mem-info>
<gc-op id="3958" type="compact" timems="23.168" contextid="3952" timestamp="2019-08-08T07:22:35.305">
  <compact-info movecount="2" movebytes="64" reason="compact to aid heap contraction" />
</gc-op>
<heap-resize id="3959" type="expand" space="tenure" amount="327680" count="1" timems="0.022" reason="satisfy allocation request" timestamp="2019-08-08T07:22:35.305" />
<gc-end id="3960" type="global" contextid="3952" durationms="38.938" usertimems="85.497" systemtimems="0.000" timestamp="2019-08-08T07:22:35.305" activeThreads="16">
  <mem-info id="3961" free="52374088" total="70320128" percent="74">
    <mem type="tenure" free="52374088" total="70320128" percent="74">
      <mem type="soa" free="51671624" total="69617664" percent="74" />
      <mem type="loa" free="702464" total="702464" percent="100" />
    </mem>
  </mem-info>
</gc-end>
<cycle-end id="3962" type="global" contextid="3952" timestamp="2019-08-08T07:22:35.305" />
  <attribute name="elasticGC enabled" value="1" />
  <attribute name= "numThreadsSpecified" value="16" />
  <attribute name="heapSize specified" value="69992448" />
  <attribute name="Current GC Util" value="46" />
  <attribute name= "Current Time Running" value="122915" />
  <attribute name ="GC Interval" value="0" />
  <attribute name="Target GC Util Change" value ="80.000000" />
  <attribute name="Current GC Util Change" value="46.000000"/>
  <attribute name="Current Error" value="34.000000" />
  <attribute name="Output H" value="70295320"/>
  <attribute name="Output I" value="2184"/>
  <attribute name="Output T" value="16"/>
  <attribute name= "Current Time Running" value="122915" />
  <attribute name="GC Util currently" value="46" />
  <attribute name="CPU Util currently" value="49712687804" />
<allocation-satisfied id="3963" threadId="0000000000996F00" bytesRequested="1168" />
<af-end id="3964" timestamp="2019-08-08T07:22:35.305" threadId="0000000000997888" success="true" />
<exclusive-end id="3965" timestamp="2019-08-08T07:22:35.305" durationms="39.143" />

<concurrent-kickoff id="3966" timestamp="2019-08-08T07:22:35.311">
  <kickoff reason="threshold reached" targetBytes="7374308" thresholdFreeBytes="1000873" remainingFree="928328" tenureFreeBytes="928328" />
</concurrent-kickoff>
<exclusive-start id="3967" timestamp="2019-08-08T07:22:35.311" intervalms="44.585">
  <response-info timems="0.031" idlems="0.031" threads="0" lastid="0000000000996F00" lastname="main" />
</exclusive-start>
<cycle-start id="3968" type="global" contextid="0" timestamp="2019-08-08T07:22:35.311" intervalms="44.509" />
<exclusive-end id="3969" timestamp="2019-08-08T07:22:35.311" durationms="0.012" />

<exclusive-start id="3970" timestamp="2019-08-08T07:22:35.311" intervalms="0.285">
  <response-info timems="0.026" idlems="0.026" threads="0" lastid="0000000000996F00" lastname="main" />
</exclusive-start>
<af-start id="3971" threadId="0000000000997888" totalBytesRequested="1168" timestamp="2019-08-08T07:22:35.311" intervalms="44.863" />
<concurrent-aborted id="3972" timestamp="2019-08-08T07:22:35.311">
  <reason value="insufficient progress made" />
</concurrent-aborted>
<cycle-end id="3973" type="global" contextid="3968" timestamp="2019-08-08T07:22:35.311" />
  <attribute name="elasticGC enabled" value="1" />
  <attribute name= "numThreadsSpecified" value="16" />
  <attribute name="heapSize specified" value="69992448" />
  <attribute name="Current GC Util" value="46" />
  <attribute name= "Current Time Running" value="122915" />
  <attribute name ="GC Interval" value="0" />
  <attribute name="Target GC Util Change" value ="80.000000" />
  <attribute name="Current GC Util Change" value="46.000000"/>
  <attribute name="Current Error" value="34.000000" />
  <attribute name="Output H" value="70295320"/>
  <attribute name="Output I" value="2184"/>
  <attribute name="Output T" value="16"/>
  <attribute name= "Current Time Running" value="122915" />
  <attribute name="GC Util currently" value="46" />
  <attribute name="CPU Util currently" value="49712687804" />
<cycle-start id="3974" type="global" contextid="0" timestamp="2019-08-08T07:22:35.311" intervalms="0.343" />
<gc-start id="3975" type="global" contextid="3974" timestamp="2019-08-08T07:22:35.311">
  <mem-info id="3976" free="702464" total="70320128" percent="0">
    <mem type="tenure" free="702464" total="70320128" percent="0">
      <mem type="soa" free="0" total="69617664" percent="0" />
      <mem type="loa" free="702464" total="702464" percent="100" />
    </mem>
  </mem-info>
</gc-start>
<allocation-stats totalBytes="51414176" >
  <allocated-bytes non-tlh="0" tlh="51414176" />
  <largest-consumer threadName="main" threadId="0000000000996F00" bytes="51414176" />
</allocation-stats>
<gc-op id="3977" type="mark" timems="10.844" contextid="3974" timestamp="2019-08-08T07:22:35.322">
  <trace-info objectcount="596569" scancount="517565" scanbytes="13283040" />
  <finalization candidates="80" enqueued="0" />
  <ownableSynchronizers candidates="21" cleared="0" />
  <references type="soft" candidates="1850" cleared="0" enqueued="0" dynamicThreshold="23" maxThreshold="32" />
  <references type="weak" candidates="5702" cleared="0" enqueued="0" />
  <references type="phantom" candidates="97" cleared="0" enqueued="0" />
  <stringconstants candidates="13272" cleared="0"  />
</gc-op>
<gc-op id="3978" type="sweep" timems="6.599" contextid="3974" timestamp="2019-08-08T07:22:35.329" />
<mem-info id="3979" free="52439096" total="70320128" percent="74">
  <mem type="tenure" free="52439096" total="70320128" percent="74" micro-fragmented="0">
    <mem type="soa" free="51736632" total="69617664" percent="74" />
    <mem type="loa" free="702464" total="702464" percent="100" />
  </mem>
</mem-info>
<gc-op id="3980" type="compact" timems="22.583" contextid="3974" timestamp="2019-08-08T07:22:35.351">
  <compact-info movecount="2" movebytes="64" reason="compact to aid heap contraction" />
</gc-op>
<heap-resize id="3981" type="expand" space="tenure" amount="327680" count="1" timems="0.022" reason="satisfy allocation request" timestamp="2019-08-08T07:22:35.352" />
<gc-end id="3982" type="global" contextid="3974" durationms="40.949" usertimems="91.306" systemtimems="0.000" timestamp="2019-08-08T07:22:35.352" activeThreads="16">
  <mem-info id="3983" free="52701768" total="70647808" percent="74">
    <mem type="tenure" free="52701768" total="70647808" percent="74">
      <mem type="soa" free="51996232" total="69942272" percent="74" />
      <mem type="loa" free="705536" total="705536" percent="100" />
    </mem>
  </mem-info>
</gc-end>
<cycle-end id="3984" type="global" contextid="3974" timestamp="2019-08-08T07:22:35.352" />
  <attribute name="elasticGC enabled" value="1" />
  <attribute name= "numThreadsSpecified" value="16" />
  <attribute name="heapSize specified" value="70320128" />
  <attribute name="Current GC Util" value="34" />
  <attribute name= "Current Time Running" value="122962" />
  <attribute name ="GC Interval" value="0" />
  <attribute name="Target GC Util Change" value ="80.000000" />
  <attribute name="Current GC Util Change" value="34.000000"/>
  <attribute name="Current Error" value="-673.000000" />
  <attribute name="Output H" value="70619736"/>
  <attribute name="Output I" value="200"/>
  <attribute name="Output T" value="16"/>
  <attribute name= "Current Time Running" value="122962" />
  <attribute name="GC Util currently" value="34" />
  <attribute name="CPU Util currently" value="50999372439" />
<allocation-satisfied id="3985" threadId="0000000000996F00" bytesRequested="1168" />
<af-end id="3986" timestamp="2019-08-08T07:22:35.352" threadId="0000000000997888" success="true" />
<exclusive-end id="3987" timestamp="2019-08-08T07:22:35.352" durationms="41.137" />

<concurrent-kickoff id="3988" timestamp="2019-08-08T07:22:35.358">
  <kickoff reason="threshold reached" targetBytes="7408671" thresholdFreeBytes="1005538" remainingFree="993864" tenureFreeBytes="993864" />
</concurrent-kickoff>
<exclusive-start id="3989" timestamp="2019-08-08T07:22:35.358" intervalms="47.019">
  <response-info timems="0.021" idlems="0.021" threads="0" lastid="0000000000996F00" lastname="main" />
</exclusive-start>
<cycle-start id="3990" type="global" contextid="0" timestamp="2019-08-08T07:22:35.358" intervalms="46.967" />
<exclusive-end id="3991" timestamp="2019-08-08T07:22:35.358" durationms="0.019" />

<exclusive-start id="3992" timestamp="2019-08-08T07:22:35.358" intervalms="0.268">
  <response-info timems="0.027" idlems="0.027" threads="0" lastid="0000000000996F00" lastname="main" />
</exclusive-start>
<af-start id="3993" threadId="0000000000997888" totalBytesRequested="1168" timestamp="2019-08-08T07:22:35.358" intervalms="47.288" />
<concurrent-aborted id="3994" timestamp="2019-08-08T07:22:35.358">
  <reason value="insufficient progress made" />
</concurrent-aborted>
<cycle-end id="3995" type="global" contextid="3990" timestamp="2019-08-08T07:22:35.358" />
  <attribute name="elasticGC enabled" value="1" />
  <attribute name= "numThreadsSpecified" value="16" />
  <attribute name="heapSize specified" value="70320128" />
  <attribute name="Current GC Util" value="34" />
  <attribute name= "Current Time Running" value="122962" />
  <attribute name ="GC Interval" value="0" />
  <attribute name="Target GC Util Change" value ="80.000000" />
  <attribute name="Current GC Util Change" value="34.000000"/>
  <attribute name="Current Error" value="-673.000000" />
  <attribute name="Output H" value="70619736"/>
  <attribute name="Output I" value="200"/>
  <attribute name="Output T" value="16"/>
  <attribute name= "Current Time Running" value="122962" />
  <attribute name="GC Util currently" value="34" />
  <attribute name="CPU Util currently" value="50999372439" />
<cycle-start id="3996" type="global" contextid="0" timestamp="2019-08-08T07:22:35.358" intervalms="0.333" />
<gc-start id="3997" type="global" contextid="3996" timestamp="2019-08-08T07:22:35.359">
  <mem-info id="3998" free="705536" total="70647808" percent="0">
    <mem type="tenure" free="705536" total="70647808" percent="0">
      <mem type="soa" free="0" total="69942272" percent="0" />
      <mem type="loa" free="705536" total="705536" percent="100" />
    </mem>
  </mem-info>
</gc-start>
<allocation-stats totalBytes="51736696" >
  <allocated-bytes non-tlh="0" tlh="51736696" />
  <largest-consumer threadName="main" threadId="0000000000996F00" bytes="51736696" />
</allocation-stats>
<gc-op id="3999" type="mark" timems="8.840" contextid="3996" timestamp="2019-08-08T07:22:35.367">
  <trace-info objectcount="596569" scancount="517562" scanbytes="13283040" />
  <finalization candidates="80" enqueued="0" />
  <ownableSynchronizers candidates="21" cleared="0" />
  <references type="soft" candidates="1850" cleared="0" enqueued="0" dynamicThreshold="23" maxThreshold="32" />
  <references type="weak" candidates="5702" cleared="0" enqueued="0" />
  <references type="phantom" candidates="97" cleared="0" enqueued="0" />
  <stringconstants candidates="13272" cleared="0"  />
</gc-op>
<gc-op id="4000" type="sweep" timems="5.705" contextid="3996" timestamp="2019-08-08T07:22:35.373" />
<mem-info id="4001" free="52767160" total="70647808" percent="74">
  <mem type="tenure" free="52767160" total="70647808" percent="74" micro-fragmented="0">
    <mem type="soa" free="52061624" total="69942272" percent="74" />
    <mem type="loa" free="705536" total="705536" percent="100" />
  </mem>
</mem-info>
<gc-op id="4002" type="compact" timems="23.063" contextid="3996" timestamp="2019-08-08T07:22:35.396">
  <compact-info movecount="2" movebytes="64" reason="compact to aid heap contraction" />
</gc-op>
<heap-resize id="4003" type="expand" space="tenure" amount="327680" count="1" timems="0.023" reason="satisfy allocation request" timestamp="2019-08-08T07:22:35.397" />
<gc-end id="4004" type="global" contextid="3996" durationms="38.721" usertimems="87.788" systemtimems="0.000" timestamp="2019-08-08T07:22:35.397" activeThreads="16">
  <mem-info id="4005" free="53029448" total="70975488" percent="74">
    <mem type="tenure" free="53029448" total="70975488" percent="74">
      <mem type="soa" free="52319816" total="70265856" percent="74" />
      <mem type="loa" free="709632" total="709632" percent="100" />
    </mem>
  </mem-info>
</gc-end>
<cycle-end id="4006" type="global" contextid="3996" timestamp="2019-08-08T07:22:35.397" />
  <attribute name="elasticGC enabled" value="1" />
  <attribute name= "numThreadsSpecified" value="16" />
  <attribute name="heapSize specified" value="70647808" />
  <attribute name="Current GC Util" value="46" />
  <attribute name= "Current Time Running" value="123007" />
  <attribute name ="GC Interval" value="0" />
  <attribute name="Target GC Util Change" value ="80.000000" />
  <attribute name="Current GC Util Change" value="46.000000"/>
  <attribute name="Current Error" value="-669.000000" />
  <attribute name="Output H" value="70947432"/>
  <attribute name="Output I" value="200"/>
  <attribute name="Output T" value="16"/>
  <attribute name= "Current Time Running" value="123007" />
  <attribute name="GC Util currently" value="46" />
  <attribute name="CPU Util currently" value="49895227706" />
<allocation-satisfied id="4007" threadId="0000000000996F00" bytesRequested="1168" />
<af-end id="4008" timestamp="2019-08-08T07:22:35.397" threadId="0000000000997888" success="true" />
<exclusive-end id="4009" timestamp="2019-08-08T07:22:35.397" durationms="38.908" />

<concurrent-kickoff id="4010" timestamp="2019-08-08T07:22:35.403">
  <kickoff reason="threshold reached" targetBytes="7443035" thresholdFreeBytes="1010201" remainingFree="961096" tenureFreeBytes="961096" />
</concurrent-kickoff>
<exclusive-start id="4011" timestamp="2019-08-08T07:22:35.403" intervalms="44.747">
  <response-info timems="0.020" idlems="0.020" threads="0" lastid="0000000000996F00" lastname="main" />
</exclusive-start>
<cycle-start id="4012" type="global" contextid="0" timestamp="2019-08-08T07:22:35.403" intervalms="44.686" />
<exclusive-end id="4013" timestamp="2019-08-08T07:22:35.403" durationms="0.023" />

<exclusive-start id="4014" timestamp="2019-08-08T07:22:35.403" intervalms="0.284">
  <response-info timems="0.023" idlems="0.023" threads="0" lastid="0000000000996F00" lastname="main" />
</exclusive-start>
<af-start id="4015" threadId="0000000000997888" totalBytesRequested="1168" timestamp="2019-08-08T07:22:35.403" intervalms="45.029" />
<concurrent-aborted id="4016" timestamp="2019-08-08T07:22:35.403">
  <reason value="insufficient progress made" />
</concurrent-aborted>
<cycle-end id="4017" type="global" contextid="4012" timestamp="2019-08-08T07:22:35.403" />
  <attribute name="elasticGC enabled" value="1" />
  <attribute name= "numThreadsSpecified" value="16" />
  <attribute name="heapSize specified" value="70647808" />
  <attribute name="Current GC Util" value="46" />
  <attribute name= "Current Time Running" value="123007" />
  <attribute name ="GC Interval" value="0" />
  <attribute name="Target GC Util Change" value ="80.000000" />
  <attribute name="Current GC Util Change" value="46.000000"/>
  <attribute name="Current Error" value="-669.000000" />
  <attribute name="Output H" value="70947432"/>
  <attribute name="Output I" value="200"/>
  <attribute name="Output T" value="16"/>
  <attribute name= "Current Time Running" value="123007" />
  <attribute name="GC Util currently" value="46" />
  <attribute name="CPU Util currently" value="49895227706" />
<cycle-start id="4018" type="global" contextid="0" timestamp="2019-08-08T07:22:35.403" intervalms="0.339" />
<gc-start id="4019" type="global" contextid="4018" timestamp="2019-08-08T07:22:35.404">
  <mem-info id="4020" free="709632" total="70975488" percent="0">
    <mem type="tenure" free="709632" total="70975488" percent="0">
      <mem type="soa" free="0" total="70265856" percent="0" />
      <mem type="loa" free="709632" total="709632" percent="100" />
    </mem>
  </mem-info>
</gc-start>
<allocation-stats totalBytes="52058000" >
  <allocated-bytes non-tlh="0" tlh="52058000" />
  <largest-consumer threadName="main" threadId="0000000000996F00" bytes="52058000" />
</allocation-stats>
<gc-op id="4021" type="mark" timems="13.967" contextid="4018" timestamp="2019-08-08T07:22:35.418">
  <trace-info objectcount="596569" scancount="517560" scanbytes="13283040" />
  <finalization candidates="80" enqueued="0" />
  <ownableSynchronizers candidates="21" cleared="0" />
  <references type="soft" candidates="1850" cleared="0" enqueued="0" dynamicThreshold="23" maxThreshold="32" />
  <references type="weak" candidates="5702" cleared="0" enqueued="0" />
  <references type="phantom" candidates="97" cleared="0" enqueued="0" />
  <stringconstants candidates="13272" cleared="0"  />
</gc-op>
<gc-op id="4022" type="sweep" timems="5.452" contextid="4018" timestamp="2019-08-08T07:22:35.423" />
<mem-info id="4023" free="53094920" total="70975488" percent="74">
  <mem type="tenure" free="53094920" total="70975488" percent="74" micro-fragmented="0">
    <mem type="soa" free="52385288" total="70265856" percent="74" />
    <mem type="loa" free="709632" total="709632" percent="100" />
  </mem>
</mem-info>
<gc-op id="4024" type="compact" timems="24.285" contextid="4018" timestamp="2019-08-08T07:22:35.447">
  <compact-info movecount="2" movebytes="64" reason="compact to aid heap contraction" />
</gc-op>
<heap-resize id="4025" type="expand" space="tenure" amount="327680" count="1" timems="0.028" reason="satisfy allocation request" timestamp="2019-08-08T07:22:35.452" />
<gc-end id="4026" type="global" contextid="4018" durationms="48.657" usertimems="120.909" systemtimems="0.000" timestamp="2019-08-08T07:22:35.452" activeThreads="16">
  <mem-info id="4027" free="53357128" total="71303168" percent="74">
    <mem type="tenure" free="53357128" total="71303168" percent="74">
      <mem type="soa" free="52644424" total="70590464" percent="74" />
      <mem type="loa" free="712704" total="712704" percent="100" />
    </mem>
  </mem-info>
</gc-end>
<cycle-end id="4028" type="global" contextid="4018" timestamp="2019-08-08T07:22:35.452" />
  <attribute name="elasticGC enabled" value="1" />
  <attribute name= "numThreadsSpecified" value="16" />
  <attribute name="heapSize specified" value="70975488" />
  <attribute name="Current GC Util" value="40" />
  <attribute name= "Current Time Running" value="123058" />
  <attribute name ="GC Interval" value="0" />
  <attribute name="Target GC Util Change" value ="80.000000" />
  <attribute name="Current GC Util Change" value="40.000000"/>
  <attribute name="Current Error" value="-309.000000" />
  <attribute name="Output H" value="71276776"/>
  <attribute name="Output I" value="408"/>
  <attribute name="Output T" value="16"/>
  <attribute name= "Current Time Running" value="123058" />
  <attribute name="GC Util currently" value="40" />
  <attribute name="CPU Util currently" value="47407550897" />
<allocation-satisfied id="4029" threadId="0000000000996F00" bytesRequested="1168" />
<af-end id="4030" timestamp="2019-08-08T07:22:35.452" threadId="0000000000997888" success="true" />
<exclusive-end id="4031" timestamp="2019-08-08T07:22:35.452" durationms="48.919" />

<concurrent-kickoff id="4032" timestamp="2019-08-08T07:22:35.460">
  <kickoff reason="threshold reached" targetBytes="7477398" thresholdFreeBytes="1014866" remainingFree="895560" tenureFreeBytes="895560" />
</concurrent-kickoff>
<exclusive-start id="4033" timestamp="2019-08-08T07:22:35.461" intervalms="57.615">
  <response-info timems="0.020" idlems="0.020" threads="0" lastid="0000000000996F00" lastname="main" />
</exclusive-start>
<cycle-start id="4034" type="global" contextid="0" timestamp="2019-08-08T07:22:35.461" intervalms="57.561" />
<exclusive-end id="4035" timestamp="2019-08-08T07:22:35.461" durationms="0.025" />

<exclusive-start id="4036" timestamp="2019-08-08T07:22:35.461" intervalms="0.327">
  <response-info timems="0.022" idlems="0.022" threads="0" lastid="0000000000996F00" lastname="main" />
</exclusive-start>
<af-start id="4037" threadId="0000000000997888" totalBytesRequested="1168" timestamp="2019-08-08T07:22:35.461" intervalms="57.940" />
<concurrent-aborted id="4038" timestamp="2019-08-08T07:22:35.461">
  <reason value="insufficient progress made" />
</concurrent-aborted>
<cycle-end id="4039" type="global" contextid="4034" timestamp="2019-08-08T07:22:35.461" />
  <attribute name="elasticGC enabled" value="1" />
  <attribute name= "numThreadsSpecified" value="16" />
  <attribute name="heapSize specified" value="70975488" />
  <attribute name="Current GC Util" value="40" />
  <attribute name= "Current Time Running" value="123058" />
  <attribute name ="GC Interval" value="0" />
  <attribute name="Target GC Util Change" value ="80.000000" />
  <attribute name="Current GC Util Change" value="40.000000"/>
  <attribute name="Current Error" value="-309.000000" />
  <attribute name="Output H" value="71276776"/>
  <attribute name="Output I" value="408"/>
  <attribute name="Output T" value="16"/>
  <attribute name= "Current Time Running" value="123058" />
  <attribute name="GC Util currently" value="40" />
  <attribute name="CPU Util currently" value="47407550897" />
<cycle-start id="4040" type="global" contextid="0" timestamp="2019-08-08T07:22:35.461" intervalms="0.394" />
<gc-start id="4041" type="global" contextid="4040" timestamp="2019-08-08T07:22:35.462">
  <mem-info id="4042" free="712704" total="71303168" percent="0">
    <mem type="tenure" free="712704" total="71303168" percent="0">
      <mem type="soa" free="0" total="70590464" percent="0" />
      <mem type="loa" free="712704" total="712704" percent="100" />
    </mem>
  </mem-info>
</gc-start>
<allocation-stats totalBytes="52379256" >
  <allocated-bytes non-tlh="0" tlh="52379256" />
  <largest-consumer threadName="main" threadId="0000000000996F00" bytes="52379256" />
</allocation-stats>
<gc-op id="4043" type="mark" timems="8.795" contextid="4040" timestamp="2019-08-08T07:22:35.470">
  <trace-info objectcount="596569" scancount="517562" scanbytes="13283040" />
  <finalization candidates="80" enqueued="0" />
  <ownableSynchronizers candidates="21" cleared="0" />
  <references type="soft" candidates="1850" cleared="0" enqueued="0" dynamicThreshold="23" maxThreshold="32" />
  <references type="weak" candidates="5702" cleared="0" enqueued="0" />
  <references type="phantom" candidates="97" cleared="0" enqueued="0" />
  <stringconstants candidates="13272" cleared="0"  />
</gc-op>
<gc-op id="4044" type="sweep" timems="5.376" contextid="4040" timestamp="2019-08-08T07:22:35.476" />
<mem-info id="4045" free="53422664" total="71303168" percent="74">
  <mem type="tenure" free="53422664" total="71303168" percent="74" micro-fragmented="0">
    <mem type="soa" free="52709960" total="70590464" percent="74" />
    <mem type="loa" free="712704" total="712704" percent="100" />
  </mem>
</mem-info>
<gc-op id="4046" type="compact" timems="24.725" contextid="4040" timestamp="2019-08-08T07:22:35.500">
  <compact-info movecount="2" movebytes="64" reason="compact to aid heap contraction" />
</gc-op>
<heap-resize id="4047" type="expand" space="tenure" amount="327680" count="1" timems="0.020" reason="satisfy allocation request" timestamp="2019-08-08T07:22:35.501" />
<gc-end id="4048" type="global" contextid="4040" durationms="39.669" usertimems="93.051" systemtimems="0.000" timestamp="2019-08-08T07:22:35.501" activeThreads="16">
  <mem-info id="4049" free="53684808" total="71630848" percent="74">
    <mem type="tenure" free="53684808" total="71630848" percent="74">
      <mem type="soa" free="52969032" total="70915072" percent="74" />
      <mem type="loa" free="715776" total="715776" percent="100" />
    </mem>
  </mem-info>
</gc-end>
<cycle-end id="4050" type="global" contextid="4040" timestamp="2019-08-08T07:22:35.501" />
  <attribute name="elasticGC enabled" value="1" />
  <attribute name= "numThreadsSpecified" value="16" />
  <attribute name="heapSize specified" value="71303168" />
  <attribute name="Current GC Util" value="48" />
  <attribute name= "Current Time Running" value="123111" />
  <attribute name ="GC Interval" value="0" />
  <attribute name="Target GC Util Change" value ="80.000000" />
  <attribute name="Current GC Util Change" value="48.000000"/>
  <attribute name="Current Error" value="113.000000" />
  <attribute name="Output H" value="71606408"/>
  <attribute name="Output I" value="2600"/>
  <attribute name="Output T" value="16"/>
  <attribute name= "Current Time Running" value="123111" />
  <attribute name="GC Util currently" value="48" />
  <attribute name="CPU Util currently" value="46568649784" />
<allocation-satisfied id="4051" threadId="0000000000996F00" bytesRequested="1168" />
<af-end id="4052" timestamp="2019-08-08T07:22:35.501" threadId="0000000000997888" success="true" />
<exclusive-end id="4053" timestamp="2019-08-08T07:22:35.501" durationms="39.892" />

<concurrent-kickoff id="4054" timestamp="2019-08-08T07:22:35.506">
  <kickoff reason="threshold reached" targetBytes="7511761" thresholdFreeBytes="1019529" remainingFree="928328" tenureFreeBytes="928328" />
</concurrent-kickoff>
<exclusive-start id="4055" timestamp="2019-08-08T07:22:35.507" intervalms="45.220">
  <response-info timems="0.023" idlems="0.023" threads="0" lastid="0000000000996F00" lastname="main" />
</exclusive-start>
<cycle-start id="4056" type="global" contextid="0" timestamp="2019-08-08T07:22:35.507" intervalms="45.154" />
<exclusive-end id="4057" timestamp="2019-08-08T07:22:35.507" durationms="0.028" />

<exclusive-start id="4058" timestamp="2019-08-08T07:22:35.507" intervalms="0.287">
  <response-info timems="0.008" idlems="0.008" threads="0" lastid="0000000000996F00" lastname="main" />
</exclusive-start>
<af-start id="4059" threadId="0000000000997888" totalBytesRequested="1168" timestamp="2019-08-08T07:22:35.507" intervalms="45.512" />
<concurrent-aborted id="4060" timestamp="2019-08-08T07:22:35.507">
  <reason value="insufficient progress made" />
</concurrent-aborted>
<cycle-end id="4061" type="global" contextid="4056" timestamp="2019-08-08T07:22:35.507" />
  <attribute name="elasticGC enabled" value="1" />
  <attribute name= "numThreadsSpecified" value="16" />
  <attribute name="heapSize specified" value="71303168" />
  <attribute name="Current GC Util" value="48" />
  <attribute name= "Current Time Running" value="123111" />
  <attribute name ="GC Interval" value="0" />
  <attribute name="Target GC Util Change" value ="80.000000" />
  <attribute name="Current GC Util Change" value="48.000000"/>
  <attribute name="Current Error" value="113.000000" />
  <attribute name="Output H" value="71606408"/>
  <attribute name="Output I" value="2600"/>
  <attribute name="Output T" value="16"/>
  <attribute name= "Current Time Running" value="123111" />
  <attribute name="GC Util currently" value="48" />
  <attribute name="CPU Util currently" value="46568649784" />
<cycle-start id="4062" type="global" contextid="0" timestamp="2019-08-08T07:22:35.507" intervalms="0.337" />
<gc-start id="4063" type="global" contextid="4062" timestamp="2019-08-08T07:22:35.507">
  <mem-info id="4064" free="715776" total="71630848" percent="0">
    <mem type="tenure" free="715776" total="71630848" percent="0">
      <mem type="soa" free="0" total="70915072" percent="0" />
      <mem type="loa" free="715776" total="715776" percent="100" />
    </mem>
  </mem-info>
</gc-start>
<allocation-stats totalBytes="52703040" >
  <allocated-bytes non-tlh="0" tlh="52703040" />
  <largest-consumer threadName="main" threadId="0000000000996F00" bytes="52703040" />
</allocation-stats>
<gc-op id="4065" type="mark" timems="8.117" contextid="4062" timestamp="2019-08-08T07:22:35.515">
  <trace-info objectcount="596569" scancount="517559" scanbytes="13283040" />
  <finalization candidates="80" enqueued="0" />
  <ownableSynchronizers candidates="21" cleared="0" />
  <references type="soft" candidates="1850" cleared="0" enqueued="0" dynamicThreshold="23" maxThreshold="32" />
  <references type="weak" candidates="5702" cleared="0" enqueued="0" />
  <references type="phantom" candidates="97" cleared="0" enqueued="0" />
  <stringconstants candidates="13272" cleared="0"  />
</gc-op>
<gc-op id="4066" type="sweep" timems="5.796" contextid="4062" timestamp="2019-08-08T07:22:35.521" />
<mem-info id="4067" free="53750344" total="71630848" percent="75">
  <mem type="tenure" free="53750344" total="71630848" percent="75" micro-fragmented="0">
    <mem type="soa" free="53034568" total="70915072" percent="74" />
    <mem type="loa" free="715776" total="715776" percent="100" />
  </mem>
</mem-info>
<gc-op id="4068" type="compact" timems="24.347" contextid="4062" timestamp="2019-08-08T07:22:35.545">
  <compact-info movecount="2" movebytes="64" reason="compact to aid heap contraction" />
</gc-op>
<heap-resize id="4069" type="expand" space="tenure" amount="327680" count="1" timems="0.026" reason="satisfy allocation request" timestamp="2019-08-08T07:22:35.546" />
<gc-end id="4070" type="global" contextid="4062" durationms="39.363" usertimems="86.002" systemtimems="0.000" timestamp="2019-08-08T07:22:35.546" activeThreads="16">
  <mem-info id="4071" free="54012488" total="71958528" percent="75">
    <mem type="tenure" free="54012488" total="71958528" percent="75">
      <mem type="soa" free="53293640" total="71239680" percent="74" />
      <mem type="loa" free="718848" total="718848" percent="100" />
    </mem>
  </mem-info>
</gc-end>
<cycle-end id="4072" type="global" contextid="4062" timestamp="2019-08-08T07:22:35.546" />
  <attribute name="elasticGC enabled" value="1" />
  <attribute name= "numThreadsSpecified" value="16" />
  <attribute name="heapSize specified" value="71630848" />
  <attribute name="Current GC Util" value="113" />
  <attribute name= "Current Time Running" value="123156" />
  <attribute name ="GC Interval" value="0" />
  <attribute name="Target GC Util Change" value ="80.000000" />
  <attribute name="Current GC Util Change" value="113.000000"/>
  <attribute name="Current Error" value="34.000000" />
  <attribute name="Output H" value="71933720"/>
  <attribute name="Output I" value="2184"/>
  <attribute name="Output T" value="16"/>
  <attribute name= "Current Time Running" value="123156" />
  <attribute name="GC Util currently" value="113" />
  <attribute name="CPU Util currently" value="47260086569" />
<allocation-satisfied id="4073" threadId="0000000000996F00" bytesRequested="1168" />
<af-end id="4074" timestamp="2019-08-08T07:22:35.546" threadId="0000000000997888" success="true" />
<exclusive-end id="4075" timestamp="2019-08-08T07:22:35.546" durationms="39.582" />

<concurrent-kickoff id="4076" timestamp="2019-08-08T07:22:35.574">
  <kickoff reason="threshold reached" targetBytes="7546124" thresholdFreeBytes="1024194" remainingFree="993864" tenureFreeBytes="993864" />
</concurrent-kickoff>
<exclusive-start id="4077" timestamp="2019-08-08T07:22:35.574" intervalms="67.557">
  <response-info timems="0.022" idlems="0.022" threads="0" lastid="0000000000996F00" lastname="main" />
</exclusive-start>
<cycle-start id="4078" type="global" contextid="0" timestamp="2019-08-08T07:22:35.574" intervalms="67.516" />
<exclusive-end id="4079" timestamp="2019-08-08T07:22:35.574" durationms="0.037" />

<exclusive-start id="4080" timestamp="2019-08-08T07:22:35.575" intervalms="0.898">
  <response-info timems="0.028" idlems="0.028" threads="0" lastid="0000000000996F00" lastname="main" />
</exclusive-start>
<af-start id="4081" threadId="0000000000997888" totalBytesRequested="80" timestamp="2019-08-08T07:22:35.575" intervalms="68.458" />
<concurrent-aborted id="4082" timestamp="2019-08-08T07:22:35.575">
  <reason value="insufficient progress made" />
</concurrent-aborted>
<cycle-end id="4083" type="global" contextid="4078" timestamp="2019-08-08T07:22:35.575" />
  <attribute name="elasticGC enabled" value="1" />
  <attribute name= "numThreadsSpecified" value="16" />
  <attribute name="heapSize specified" value="71630848" />
  <attribute name="Current GC Util" value="113" />
  <attribute name= "Current Time Running" value="123156" />
  <attribute name ="GC Interval" value="0" />
  <attribute name="Target GC Util Change" value ="80.000000" />
  <attribute name="Current GC Util Change" value="113.000000"/>
  <attribute name="Current Error" value="34.000000" />
  <attribute name="Output H" value="71933720"/>
  <attribute name="Output I" value="2184"/>
  <attribute name="Output T" value="16"/>
  <attribute name= "Current Time Running" value="123156" />
  <attribute name="GC Util currently" value="113" />
  <attribute name="CPU Util currently" value="47260086569" />
<cycle-start id="4084" type="global" contextid="0" timestamp="2019-08-08T07:22:35.575" intervalms="0.951" />
<gc-start id="4085" type="global" contextid="4084" timestamp="2019-08-08T07:22:35.575">
  <mem-info id="4086" free="718848" total="71958528" percent="0">
    <mem type="tenure" free="718848" total="71958528" percent="0">
      <mem type="soa" free="0" total="71239680" percent="0" />
      <mem type="loa" free="718848" total="718848" percent="100" />
    </mem>
  </mem-info>
</gc-start>
<allocation-stats totalBytes="53345840" >
  <allocated-bytes non-tlh="0" tlh="53345840" />
  <largest-consumer threadName="main" threadId="0000000000996F00" bytes="53345840" />
</allocation-stats>
<gc-op id="4087" type="mark" timems="8.093" contextid="4084" timestamp="2019-08-08T07:22:35.584">
  <trace-info objectcount="596697" scancount="517693" scanbytes="13287384" />
  <finalization candidates="80" enqueued="0" />
  <ownableSynchronizers candidates="21" cleared="0" />
  <references type="soft" candidates="1850" cleared="0" enqueued="0" dynamicThreshold="24" maxThreshold="32" />
  <references type="weak" candidates="5702" cleared="0" enqueued="0" />
  <references type="phantom" candidates="97" cleared="0" enqueued="0" />
  <stringconstants candidates="13272" cleared="0"  />
</gc-op>
<gc-op id="4088" type="sweep" timems="11.242" contextid="4084" timestamp="2019-08-08T07:22:35.595" />
<mem-info id="4089" free="54070936" total="71958528" percent="75">
  <mem type="tenure" free="54070936" total="71958528" percent="75" micro-fragmented="0">
    <mem type="soa" free="53352088" total="71239680" percent="74" />
    <mem type="loa" free="718848" total="718848" percent="100" />
  </mem>
</mem-info>
<gc-op id="4090" type="compact" timems="24.530" contextid="4084" timestamp="2019-08-08T07:22:35.619">
  <compact-info movecount="2094" movebytes="68168" reason="compact to aid heap contraction" />
</gc-op>
<heap-resize id="4091" type="expand" space="tenure" amount="327680" count="1" timems="0.021" reason="satisfy allocation request" timestamp="2019-08-08T07:22:35.620" />
<gc-end id="4092" type="global" contextid="4084" durationms="44.775" usertimems="97.032" systemtimems="0.000" timestamp="2019-08-08T07:22:35.620" activeThreads="16">
  <mem-info id="4093" free="54337000" total="72286208" percent="75">
    <mem type="tenure" free="54337000" total="72286208" percent="75">
      <mem type="soa" free="53615080" total="71564288" percent="74" />
      <mem type="loa" free="721920" total="721920" percent="100" />
    </mem>
  </mem-info>
</gc-end>
<cycle-end id="4094" type="global" contextid="4084" timestamp="2019-08-08T07:22:35.620" />
  <attribute name="elasticGC enabled" value="1" />
  <attribute name= "numThreadsSpecified" value="16" />
  <attribute name="heapSize specified" value="71958528" />
  <attribute name="Current GC Util" value="51" />
  <attribute name= "Current Time Running" value="123230" />
  <attribute name ="GC Interval" value="0" />
  <attribute name="Target GC Util Change" value ="80.000000" />
  <attribute name="Current GC Util Change" value="51.000000"/>
  <attribute name="Current Error" value="29.000000" />
  <attribute name="Output H" value="72261376"/>
  <attribute name="Output I" value="2160"/>
  <attribute name="Output T" value="16"/>
  <attribute name= "Current Time Running" value="123230" />
  <attribute name="GC Util currently" value="51" />
  <attribute name="CPU Util currently" value="46943460467" />
<allocation-satisfied id="4095" threadId="0000000000996F00" bytesRequested="80" />
<af-end id="4096" timestamp="2019-08-08T07:22:35.620" threadId="0000000000997888" success="true" />
<exclusive-end id="4097" timestamp="2019-08-08T07:22:35.620" durationms="45.085" />

<concurrent-kickoff id="4098" timestamp="2019-08-08T07:22:35.669">
  <kickoff reason="threshold reached" targetBytes="7580486" thresholdFreeBytes="1028857" remainingFree="957928" tenureFreeBytes="957928" />
</concurrent-kickoff>
<exclusive-start id="4099" timestamp="2019-08-08T07:22:35.670" intervalms="94.415">
  <response-info timems="0.017" idlems="0.017" threads="0" lastid="0000000000996F00" lastname="main" />
</exclusive-start>
<cycle-start id="4100" type="global" contextid="0" timestamp="2019-08-08T07:22:35.670" intervalms="94.407" />
<exclusive-end id="4101" timestamp="2019-08-08T07:22:35.670" durationms="0.082" />

<exclusive-start id="4102" timestamp="2019-08-08T07:22:35.672" intervalms="1.957">
  <response-info timems="0.011" idlems="0.011" threads="0" lastid="0000000000996F00" lastname="main" />
</exclusive-start>
<af-start id="4103" threadId="0000000000997888" totalBytesRequested="32" timestamp="2019-08-08T07:22:35.672" intervalms="96.377" />
<concurrent-aborted id="4104" timestamp="2019-08-08T07:22:35.672">
  <reason value="insufficient progress made" />
</concurrent-aborted>
<cycle-end id="4105" type="global" contextid="4100" timestamp="2019-08-08T07:22:35.672" />
  <attribute name="elasticGC enabled" value="1" />
  <attribute name= "numThreadsSpecified" value="16" />
  <attribute name="heapSize specified" value="71958528" />
  <attribute name="Current GC Util" value="51" />
  <attribute name= "Current Time Running" value="123230" />
  <attribute name ="GC Interval" value="0" />
  <attribute name="Target GC Util Change" value ="80.000000" />
  <attribute name="Current GC Util Change" value="51.000000"/>
  <attribute name="Current Error" value="29.000000" />
  <attribute name="Output H" value="72261376"/>
  <attribute name="Output I" value="2160"/>
  <attribute name="Output T" value="16"/>
  <attribute name= "Current Time Running" value="123230" />
  <attribute name="GC Util currently" value="51" />
  <attribute name="CPU Util currently" value="46943460467" />
<cycle-start id="4106" type="global" contextid="0" timestamp="2019-08-08T07:22:35.672" intervalms="2.073" />
<gc-start id="4107" type="global" contextid="4106" timestamp="2019-08-08T07:22:35.672">
  <mem-info id="4108" free="721920" total="72286208" percent="0">
    <mem type="tenure" free="721920" total="72286208" percent="0">
      <mem type="soa" free="0" total="71564288" percent="0" />
      <mem type="loa" free="721920" total="721920" percent="100" />
    </mem>
  </mem-info>
</gc-start>
<allocation-stats totalBytes="53673536" >
  <allocated-bytes non-tlh="0" tlh="53673536" />
  <largest-consumer threadName="main" threadId="0000000000996F00" bytes="53673536" />
</allocation-stats>
<gc-op id="4109" type="mark" timems="8.980" contextid="4106" timestamp="2019-08-08T07:22:35.681">
  <trace-info objectcount="596760" scancount="517755" scanbytes="13289440" />
  <finalization candidates="80" enqueued="0" />
  <ownableSynchronizers candidates="21" cleared="0" />
  <references type="soft" candidates="1850" cleared="0" enqueued="0" dynamicThreshold="24" maxThreshold="32" />
  <references type="weak" candidates="5721" cleared="0" enqueued="0" />
  <references type="phantom" candidates="97" cleared="0" enqueued="0" />
  <stringconstants candidates="13272" cleared="0"  />
</gc-op>
<gc-op id="4110" type="sweep" timems="13.516" contextid="4106" timestamp="2019-08-08T07:22:35.695" />
<mem-info id="4111" free="54387968" total="72286208" percent="75">
  <mem type="tenure" free="54387968" total="72286208" percent="75" micro-fragmented="0">
    <mem type="soa" free="53666048" total="71564288" percent="74" />
    <mem type="loa" free="721920" total="721920" percent="100" />
  </mem>
</mem-info>
<gc-op id="4112" type="compact" timems="121.910" contextid="4106" timestamp="2019-08-08T07:22:35.817">
  <compact-info movecount="552444" movebytes="15336416" reason="compact to aid heap contraction" />
</gc-op>
<heap-resize id="4113" type="expand" space="tenure" amount="327680" count="1" timems="0.023" reason="satisfy allocation request" timestamp="2019-08-08T07:22:35.817" />
<gc-end id="4114" type="global" contextid="4106" durationms="145.323" usertimems="196.498" systemtimems="0.000" timestamp="2019-08-08T07:22:35.817" activeThreads="16">
  <mem-info id="4115" free="54662592" total="72613888" percent="75">
    <mem type="tenure" free="54662592" total="72613888" percent="75">
      <mem type="soa" free="53936576" total="71887872" percent="75" />
      <mem type="loa" free="726016" total="726016" percent="100" />
    </mem>
  </mem-info>
</gc-end>
<cycle-end id="4116" type="global" contextid="4106" timestamp="2019-08-08T07:22:35.817" />
  <attribute name="elasticGC enabled" value="1" />
  <attribute name= "numThreadsSpecified" value="16" />
  <attribute name="heapSize specified" value="72286208" />
  <attribute name="Current GC Util" value="12" />
  <attribute name= "Current Time Running" value="123427" />
  <attribute name ="GC Interval" value="0" />
  <attribute name="Target GC Util Change" value ="80.000000" />
  <attribute name="Current GC Util Change" value="12.000000"/>
  <attribute name="Current Error" value="-178.000000" />
  <attribute name="Output H" value="72588104"/>
  <attribute name="Output I" value="1088"/>
  <attribute name="Output T" value="16"/>
  <attribute name= "Current Time Running" value="123427" />
  <attribute name="GC Util currently" value="12" />
  <attribute name="CPU Util currently" value="9450312049" />
<allocation-satisfied id="4117" threadId="0000000000996F00" bytesRequested="32" />
<af-end id="4118" timestamp="2019-08-08T07:22:35.817" threadId="0000000000997888" success="true" />
<exclusive-end id="4119" timestamp="2019-08-08T07:22:35.817" durationms="145.749" />

<concurrent-kickoff id="4120" timestamp="2019-08-08T07:22:35.848">
  <kickoff reason="threshold reached" targetBytes="7614851" thresholdFreeBytes="1033522" remainingFree="1021376" tenureFreeBytes="1021376" />
</concurrent-kickoff>
<exclusive-start id="4121" timestamp="2019-08-08T07:22:35.849" intervalms="176.834">
  <response-info timems="0.021" idlems="0.021" threads="0" lastid="0000000000996F00" lastname="main" />
</exclusive-start>
<cycle-start id="4122" type="global" contextid="0" timestamp="2019-08-08T07:22:35.849" intervalms="176.668" />
<exclusive-end id="4123" timestamp="2019-08-08T07:22:35.849" durationms="0.032" />

<exclusive-start id="4124" timestamp="2019-08-08T07:22:35.849" intervalms="0.391">
  <response-info timems="0.021" idlems="0.021" threads="0" lastid="0000000000996F00" lastname="main" />
</exclusive-start>
<af-start id="4125" threadId="0000000000997888" totalBytesRequested="32" timestamp="2019-08-08T07:22:35.849" intervalms="177.213" />
<concurrent-aborted id="4126" timestamp="2019-08-08T07:22:35.849">
  <reason value="insufficient progress made" />
</concurrent-aborted>
<cycle-end id="4127" type="global" contextid="4122" timestamp="2019-08-08T07:22:35.849" />
  <attribute name="elasticGC enabled" value="1" />
  <attribute name= "numThreadsSpecified" value="16" />
  <attribute name="heapSize specified" value="72286208" />
  <attribute name="Current GC Util" value="12" />
  <attribute name= "Current Time Running" value="123427" />
  <attribute name ="GC Interval" value="0" />
  <attribute name="Target GC Util Change" value ="80.000000" />
  <attribute name="Current GC Util Change" value="12.000000"/>
  <attribute name="Current Error" value="-178.000000" />
  <attribute name="Output H" value="72588104"/>
  <attribute name="Output I" value="1088"/>
  <attribute name="Output T" value="16"/>
  <attribute name= "Current Time Running" value="123427" />
  <attribute name="GC Util currently" value="12" />
  <attribute name="CPU Util currently" value="9450312049" />
<cycle-start id="4128" type="global" contextid="0" timestamp="2019-08-08T07:22:35.849" intervalms="0.432" />
<gc-start id="4129" type="global" contextid="4128" timestamp="2019-08-08T07:22:35.849">
  <mem-info id="4130" free="726016" total="72613888" percent="0">
    <mem type="tenure" free="726016" total="72613888" percent="0">
      <mem type="soa" free="0" total="71887872" percent="0" />
      <mem type="loa" free="726016" total="726016" percent="100" />
    </mem>
  </mem-info>
</gc-start>
<allocation-stats totalBytes="53980664" >
  <allocated-bytes non-tlh="0" tlh="53980664" />
  <largest-consumer threadName="main" threadId="0000000000996F00" bytes="53980664" />
</allocation-stats>
<gc-op id="4131" type="mark" timems="8.615" contextid="4128" timestamp="2019-08-08T07:22:35.858">
  <trace-info objectcount="596587" scancount="517583" scanbytes="13283568" />
  <finalization candidates="80" enqueued="0" />
  <ownableSynchronizers candidates="21" cleared="0" />
  <references type="soft" candidates="1850" cleared="0" enqueued="0" dynamicThreshold="24" maxThreshold="32" />
  <references type="weak" candidates="5721" cleared="7" enqueued="3" />
  <references type="phantom" candidates="97" cleared="0" enqueued="0" />
  <stringconstants candidates="13272" cleared="0"  />
</gc-op>
<gc-op id="4132" type="sweep" timems="12.617" contextid="4128" timestamp="2019-08-08T07:22:35.871" />
<mem-info id="4133" free="54731776" total="72613888" percent="75">
  <mem type="tenure" free="54731776" total="72613888" percent="75" micro-fragmented="23064">
    <mem type="soa" free="54005760" total="71887872" percent="75" />
    <mem type="loa" free="726016" total="726016" percent="100" />
  </mem>
  <pending-finalizers system="0" default="0" reference="3" classloader="0" />
</mem-info>
<gc-op id="4134" type="compact" timems="25.135" contextid="4128" timestamp="2019-08-08T07:22:35.896">
  <compact-info movecount="1961" movebytes="63728" reason="compact to aid heap contraction" />
</gc-op>
<heap-resize id="4135" type="expand" space="tenure" amount="327680" count="1" timems="0.021" reason="satisfy allocation request" timestamp="2019-08-08T07:22:35.896" />
<gc-end id="4136" type="global" contextid="4128" durationms="47.471" usertimems="98.207" systemtimems="0.000" timestamp="2019-08-08T07:22:35.897" activeThreads="16">
  <mem-info id="4137" free="54996144" total="72941568" percent="75">
    <mem type="tenure" free="54996144" total="72941568" percent="75">
      <mem type="soa" free="54267056" total="72212480" percent="75" />
      <mem type="loa" free="729088" total="729088" percent="100" />
    </mem>
    <pending-finalizers system="0" default="0" reference="3" classloader="0" />
  </mem-info>
</gc-end>
<cycle-end id="4138" type="global" contextid="4128" timestamp="2019-08-08T07:22:35.897" />
  <attribute name="elasticGC enabled" value="1" />
  <attribute name= "numThreadsSpecified" value="16" />
  <attribute name="heapSize specified" value="72613888" />
  <attribute name="Current GC Util" value="45" />
  <attribute name= "Current Time Running" value="123506" />
  <attribute name ="GC Interval" value="0" />
  <attribute name="Target GC Util Change" value ="80.000000" />
  <attribute name="Current GC Util Change" value="45.000000"/>
  <attribute name="Current Error" value="-844.000000" />
  <attribute name="Output H" value="72912704"/>
  <attribute name="Output I" value="200"/>
  <attribute name="Output T" value="16"/>
  <attribute name= "Current Time Running" value="123506" />
  <attribute name="GC Util currently" value="45" />
  <attribute name="CPU Util currently" value="45808323645" />
<allocation-satisfied id="4139" threadId="0000000000996F00" bytesRequested="32" />
<af-end id="4140" timestamp="2019-08-08T07:22:35.897" threadId="0000000000997888" success="true" />
<exclusive-end id="4141" timestamp="2019-08-08T07:22:35.897" durationms="47.647" />

<concurrent-kickoff id="4142" timestamp="2019-08-08T07:22:35.906">
  <kickoff reason="threshold reached" targetBytes="7649213" thresholdFreeBytes="1038185" remainingFree="961712" tenureFreeBytes="961712" />
</concurrent-kickoff>
<exclusive-start id="4143" timestamp="2019-08-08T07:22:35.906" intervalms="57.551">
  <response-info timems="0.018" idlems="0.018" threads="0" lastid="0000000000996F00" lastname="main" />
</exclusive-start>
<cycle-start id="4144" type="global" contextid="0" timestamp="2019-08-08T07:22:35.906" intervalms="57.501" />
<exclusive-end id="4145" timestamp="2019-08-08T07:22:35.906" durationms="0.019" />

<exclusive-start id="4146" timestamp="2019-08-08T07:22:35.907" intervalms="0.349">
  <response-info timems="0.038" idlems="0.038" threads="0" lastid="0000000000996F00" lastname="main" />
</exclusive-start>
<af-start id="4147" threadId="0000000000997888" totalBytesRequested="312" timestamp="2019-08-08T07:22:35.907" intervalms="57.902" />
<concurrent-aborted id="4148" timestamp="2019-08-08T07:22:35.907">
  <reason value="insufficient progress made" />
</concurrent-aborted>
<cycle-end id="4149" type="global" contextid="4144" timestamp="2019-08-08T07:22:35.907" />
  <attribute name="elasticGC enabled" value="1" />
  <attribute name= "numThreadsSpecified" value="16" />
  <attribute name="heapSize specified" value="72613888" />
  <attribute name="Current GC Util" value="45" />
  <attribute name= "Current Time Running" value="123506" />
  <attribute name ="GC Interval" value="0" />
  <attribute name="Target GC Util Change" value ="80.000000" />
  <attribute name="Current GC Util Change" value="45.000000"/>
  <attribute name="Current Error" value="-844.000000" />
  <attribute name="Output H" value="72912704"/>
  <attribute name="Output I" value="200"/>
  <attribute name="Output T" value="16"/>
  <attribute name= "Current Time Running" value="123506" />
  <attribute name="GC Util currently" value="45" />
  <attribute name="CPU Util currently" value="45808323645" />
<cycle-start id="4150" type="global" contextid="0" timestamp="2019-08-08T07:22:35.907" intervalms="0.401" />
<gc-start id="4151" type="global" contextid="4150" timestamp="2019-08-08T07:22:35.907">
  <mem-info id="4152" free="729088" total="72941568" percent="0">
    <mem type="tenure" free="729088" total="72941568" percent="0">
      <mem type="soa" free="0" total="72212480" percent="0" />
      <mem type="loa" free="729088" total="729088" percent="100" />
    </mem>
  </mem-info>
</gc-start>
<allocation-stats totalBytes="54304768" >
  <allocated-bytes non-tlh="0" tlh="54304768" />
  <largest-consumer threadName="main" threadId="0000000000996F00" bytes="54304768" />
</allocation-stats>
<gc-op id="4153" type="mark" timems="11.486" contextid="4150" timestamp="2019-08-08T07:22:35.918">
  <trace-info objectcount="596231" scancount="517224" scanbytes="13272108" />
  <finalization candidates="80" enqueued="0" />
  <ownableSynchronizers candidates="21" cleared="0" />
  <references type="soft" candidates="1850" cleared="7" enqueued="7" dynamicThreshold="24" maxThreshold="32" />
  <references type="weak" candidates="5714" cleared="0" enqueued="0" />
  <references type="phantom" candidates="97" cleared="0" enqueued="0" />
  <stringconstants candidates="13272" cleared="0"  />
</gc-op>
<gc-op id="4154" type="sweep" timems="10.729" contextid="4150" timestamp="2019-08-08T07:22:35.929" />
<mem-info id="4155" free="55072352" total="72941568" percent="75">
  <mem type="tenure" free="55072352" total="72941568" percent="75" micro-fragmented="0">
    <mem type="soa" free="54343264" total="72212480" percent="75" />
    <mem type="loa" free="729088" total="729088" percent="100" />
  </mem>
  <pending-finalizers system="0" default="0" reference="7" classloader="0" />
</mem-info>
<gc-op id="4156" type="compact" timems="24.556" contextid="4150" timestamp="2019-08-08T07:22:35.954">
  <compact-info movecount="292" movebytes="9688" reason="compact to aid heap contraction" />
</gc-op>
<heap-resize id="4157" type="expand" space="tenure" amount="327680" count="1" timems="0.022" reason="satisfy allocation request" timestamp="2019-08-08T07:22:35.955" />
<gc-end id="4158" type="global" contextid="4150" durationms="48.110" usertimems="97.978" systemtimems="0.000" timestamp="2019-08-08T07:22:35.955" activeThreads="16">
  <mem-info id="4159" free="55335216" total="73269248" percent="75">
    <mem type="tenure" free="55335216" total="73269248" percent="75">
      <mem type="soa" free="54603056" total="72537088" percent="75" />
      <mem type="loa" free="732160" total="732160" percent="100" />
    </mem>
    <pending-finalizers system="0" default="0" reference="7" classloader="0" />
  </mem-info>
</gc-end>
<cycle-end id="4160" type="global" contextid="4150" timestamp="2019-08-08T07:22:35.955" />
  <attribute name="elasticGC enabled" value="1" />
  <attribute name= "numThreadsSpecified" value="16" />
  <attribute name="heapSize specified" value="72941568" />
  <attribute name="Current GC Util" value="45" />
  <attribute name= "Current Time Running" value="123564" />
  <attribute name ="GC Interval" value="0" />
  <attribute name="Target GC Util Change" value ="80.000000" />
  <attribute name="Current GC Util Change" value="45.000000"/>
  <attribute name="Current Error" value="-308.000000" />
  <attribute name="Output H" value="73242864"/>
  <attribute name="Output I" value="408"/>
  <attribute name="Output T" value="16"/>
  <attribute name= "Current Time Running" value="123564" />
  <attribute name="GC Util currently" value="45" />
  <attribute name="CPU Util currently" value="46907962040" />
<allocation-satisfied id="4161" threadId="0000000000996F00" bytesRequested="312" />
<af-end id="4162" timestamp="2019-08-08T07:22:35.955" threadId="0000000000997888" success="true" />
<exclusive-end id="4163" timestamp="2019-08-08T07:22:35.955" durationms="48.307" />

<concurrent-kickoff id="4164" timestamp="2019-08-08T07:22:35.965">
  <kickoff reason="threshold reached" targetBytes="7683575" thresholdFreeBytes="1042849" remainingFree="1034544" tenureFreeBytes="1034544" />
</concurrent-kickoff>
<exclusive-start id="4165" timestamp="2019-08-08T07:22:35.965" intervalms="58.299">
  <response-info timems="0.023" idlems="0.023" threads="0" lastid="0000000000996F00" lastname="main" />
</exclusive-start>
<cycle-start id="4166" type="global" contextid="0" timestamp="2019-08-08T07:22:35.965" intervalms="58.248" />
<exclusive-end id="4167" timestamp="2019-08-08T07:22:35.965" durationms="0.024" />

<exclusive-start id="4168" timestamp="2019-08-08T07:22:35.965" intervalms="0.358">
  <response-info timems="0.019" idlems="0.019" threads="0" lastid="0000000000996F00" lastname="main" />
</exclusive-start>
<af-start id="4169" threadId="0000000000997888" totalBytesRequested="168" timestamp="2019-08-08T07:22:35.966" intervalms="58.658" />
<concurrent-aborted id="4170" timestamp="2019-08-08T07:22:35.966">
  <reason value="insufficient progress made" />
</concurrent-aborted>
<cycle-end id="4171" type="global" contextid="4166" timestamp="2019-08-08T07:22:35.966" />
  <attribute name="elasticGC enabled" value="1" />
  <attribute name= "numThreadsSpecified" value="16" />
  <attribute name="heapSize specified" value="72941568" />
  <attribute name="Current GC Util" value="45" />
  <attribute name= "Current Time Running" value="123564" />
  <attribute name ="GC Interval" value="0" />
  <attribute name="Target GC Util Change" value ="80.000000" />
  <attribute name="Current GC Util Change" value="45.000000"/>
  <attribute name="Current Error" value="-308.000000" />
  <attribute name="Output H" value="73242864"/>
  <attribute name="Output I" value="408"/>
  <attribute name="Output T" value="16"/>
  <attribute name= "Current Time Running" value="123564" />
  <attribute name="GC Util currently" value="45" />
  <attribute name="CPU Util currently" value="46907962040" />
<cycle-start id="4172" type="global" contextid="0" timestamp="2019-08-08T07:22:35.966" intervalms="0.421" />
<gc-start id="4173" type="global" contextid="4172" timestamp="2019-08-08T07:22:35.966">
  <mem-info id="4174" free="732160" total="73269248" percent="0">
    <mem type="tenure" free="732160" total="73269248" percent="0">
      <mem type="soa" free="0" total="72537088" percent="0" />
      <mem type="loa" free="732160" total="732160" percent="100" />
    </mem>
  </mem-info>
</gc-start>
<allocation-stats totalBytes="54639960" >
  <allocated-bytes non-tlh="0" tlh="54639960" />
  <largest-consumer threadName="main" threadId="0000000000996F00" bytes="54635864" />
</allocation-stats>
<gc-op id="4175" type="mark" timems="7.811" contextid="4172" timestamp="2019-08-08T07:22:35.973">
  <trace-info objectcount="596218" scancount="517211" scanbytes="13272100" />
  <finalization candidates="80" enqueued="0" />
  <ownableSynchronizers candidates="21" cleared="0" />
  <references type="soft" candidates="1843" cleared="0" enqueued="0" dynamicThreshold="24" maxThreshold="32" />
  <references type="weak" candidates="5714" cleared="0" enqueued="0" />
  <references type="phantom" candidates="97" cleared="0" enqueued="0" />
  <stringconstants candidates="13272" cleared="0"  />
</gc-op>
<gc-op id="4176" type="sweep" timems="9.778" contextid="4172" timestamp="2019-08-08T07:22:35.983" />
<mem-info id="4177" free="55400312" total="73269248" percent="75">
  <mem type="tenure" free="55400312" total="73269248" percent="75" micro-fragmented="0">
    <mem type="soa" free="54668152" total="72537088" percent="75" />
    <mem type="loa" free="732160" total="732160" percent="100" />
  </mem>
</mem-info>
<gc-op id="4178" type="compact" timems="22.400" contextid="4172" timestamp="2019-08-08T07:22:36.006">
  <compact-info movecount="274" movebytes="9416" reason="compact to aid heap contraction" />
</gc-op>
<heap-resize id="4179" type="expand" space="tenure" amount="327680" count="1" timems="0.021" reason="satisfy allocation request" timestamp="2019-08-08T07:22:36.006" />
<gc-end id="4180" type="global" contextid="4172" durationms="40.723" usertimems="84.158" systemtimems="0.000" timestamp="2019-08-08T07:22:36.006" activeThreads="16">
  <mem-info id="4181" free="55663040" total="73596928" percent="75">
    <mem type="tenure" free="55663040" total="73596928" percent="75">
      <mem type="soa" free="54927808" total="72861696" percent="75" />
      <mem type="loa" free="735232" total="735232" percent="100" />
    </mem>
  </mem-info>
</gc-end>
<cycle-end id="4182" type="global" contextid="4172" timestamp="2019-08-08T07:22:36.006" />
  <attribute name="elasticGC enabled" value="1" />
  <attribute name= "numThreadsSpecified" value="16" />
  <attribute name="heapSize specified" value="73269248" />
  <attribute name="Current GC Util" value="37" />
  <attribute name= "Current Time Running" value="123616" />
  <attribute name ="GC Interval" value="0" />
  <attribute name="Target GC Util Change" value ="80.000000" />
  <attribute name="Current GC Util Change" value="37.000000"/>
  <attribute name="Current Error" value="52.000000" />
  <attribute name="Output H" value="73572200"/>
  <attribute name="Output I" value="2280"/>
  <attribute name="Output T" value="16"/>
  <attribute name= "Current Time Running" value="123616" />
  <attribute name="GC Util currently" value="37" />
  <attribute name="CPU Util currently" value="51344033385" />
<allocation-satisfied id="4183" threadId="0000000000996F00" bytesRequested="168" />
<af-end id="4184" timestamp="2019-08-08T07:22:36.006" threadId="0000000000997888" success="true" />
<exclusive-end id="4185" timestamp="2019-08-08T07:22:36.006" durationms="40.927" />

<concurrent-kickoff id="4186" timestamp="2019-08-08T07:22:36.016">
  <kickoff reason="threshold reached" targetBytes="7717939" thresholdFreeBytes="1047513" remainingFree="932520" tenureFreeBytes="932520" />
</concurrent-kickoff>
<exclusive-start id="4187" timestamp="2019-08-08T07:22:36.016" intervalms="50.747">
  <response-info timems="0.018" idlems="0.018" threads="0" lastid="0000000000996F00" lastname="main" />
</exclusive-start>
<cycle-start id="4188" type="global" contextid="0" timestamp="2019-08-08T07:22:36.016" intervalms="50.686" />
<exclusive-end id="4189" timestamp="2019-08-08T07:22:36.016" durationms="0.023" />

<exclusive-start id="4190" timestamp="2019-08-08T07:22:36.017" intervalms="0.285">
  <response-info timems="0.007" idlems="0.007" threads="0" lastid="0000000000996F00" lastname="main" />
</exclusive-start>
<af-start id="4191" threadId="0000000000997888" totalBytesRequested="24" timestamp="2019-08-08T07:22:36.017" intervalms="51.029" />
<concurrent-aborted id="4192" timestamp="2019-08-08T07:22:36.017">
  <reason value="insufficient progress made" />
</concurrent-aborted>
<cycle-end id="4193" type="global" contextid="4188" timestamp="2019-08-08T07:22:36.017" />
  <attribute name="elasticGC enabled" value="1" />
  <attribute name= "numThreadsSpecified" value="16" />
  <attribute name="heapSize specified" value="73269248" />
  <attribute name="Current GC Util" value="37" />
  <attribute name= "Current Time Running" value="123616" />
  <attribute name ="GC Interval" value="0" />
  <attribute name="Target GC Util Change" value ="80.000000" />
  <attribute name="Current GC Util Change" value="37.000000"/>
  <attribute name="Current Error" value="52.000000" />
  <attribute name="Output H" value="73572200"/>
  <attribute name="Output I" value="2280"/>
  <attribute name="Output T" value="16"/>
  <attribute name= "Current Time Running" value="123616" />
  <attribute name="GC Util currently" value="37" />
  <attribute name="CPU Util currently" value="51344033385" />
<cycle-start id="4194" type="global" contextid="0" timestamp="2019-08-08T07:22:36.017" intervalms="0.339" />
<gc-start id="4195" type="global" contextid="4194" timestamp="2019-08-08T07:22:36.017">
  <mem-info id="4196" free="735232" total="73596928" percent="0">
    <mem type="tenure" free="735232" total="73596928" percent="0">
      <mem type="soa" free="0" total="72861696" percent="0" />
      <mem type="loa" free="735232" total="735232" percent="100" />
    </mem>
  </mem-info>
</gc-start>
<allocation-stats totalBytes="54964992" >
  <allocated-bytes non-tlh="0" tlh="54964992" />
  <largest-consumer threadName="main" threadId="0000000000996F00" bytes="54964992" />
</allocation-stats>
<gc-op id="4197" type="mark" timems="8.412" contextid="4194" timestamp="2019-08-08T07:22:36.025">
  <trace-info objectcount="596217" scancount="517209" scanbytes="13272068" />
  <finalization candidates="80" enqueued="0" />
  <ownableSynchronizers candidates="21" cleared="0" />
  <references type="soft" candidates="1843" cleared="0" enqueued="0" dynamicThreshold="24" maxThreshold="32" />
  <references type="weak" candidates="5714" cleared="0" enqueued="0" />
  <references type="phantom" candidates="97" cleared="0" enqueued="0" />
  <stringconstants candidates="13272" cleared="0"  />
</gc-op>
<gc-op id="4198" type="sweep" timems="10.049" contextid="4194" timestamp="2019-08-08T07:22:36.035" />
<mem-info id="4199" free="55728448" total="73596928" percent="75">
  <mem type="tenure" free="55728448" total="73596928" percent="75" micro-fragmented="0">
    <mem type="soa" free="54993216" total="72861696" percent="75" />
    <mem type="loa" free="735232" total="735232" percent="100" />
  </mem>
</mem-info>
<gc-op id="4200" type="compact" timems="22.936" contextid="4194" timestamp="2019-08-08T07:22:36.058">
  <compact-info movecount="4" movebytes="376" reason="compact to aid heap contraction" />
</gc-op>
<heap-resize id="4201" type="expand" space="tenure" amount="327680" count="1" timems="0.022" reason="satisfy allocation request" timestamp="2019-08-08T07:22:36.059" />
<gc-end id="4202" type="global" contextid="4194" durationms="42.115" usertimems="87.134" systemtimems="0.000" timestamp="2019-08-08T07:22:36.059" activeThreads="16">
  <mem-info id="4203" free="55990608" total="73924608" percent="75">
    <mem type="tenure" free="55990608" total="73924608" percent="75">
      <mem type="soa" free="55252304" total="73186304" percent="75" />
      <mem type="loa" free="738304" total="738304" percent="100" />
    </mem>
  </mem-info>
</gc-end>
<cycle-end id="4204" type="global" contextid="4194" timestamp="2019-08-08T07:22:36.059" />
  <attribute name="elasticGC enabled" value="1" />
  <attribute name= "numThreadsSpecified" value="16" />
  <attribute name="heapSize specified" value="73596928" />
  <attribute name="Current GC Util" value="107" />
  <attribute name= "Current Time Running" value="123669" />
  <attribute name ="GC Interval" value="0" />
  <attribute name="Target GC Util Change" value ="80.000000" />
  <attribute name="Current GC Util Change" value="107.000000"/>
  <attribute name="Current Error" value="47.000000" />
  <attribute name="Output H" value="73899864"/>
  <attribute name="Output I" value="2256"/>
  <attribute name="Output T" value="16"/>
  <attribute name= "Current Time Running" value="123669" />
  <attribute name="GC Util currently" value="107" />
  <attribute name="CPU Util currently" value="50203463586" />
<allocation-satisfied id="4205" threadId="0000000000996F00" bytesRequested="24" />
<af-end id="4206" timestamp="2019-08-08T07:22:36.059" threadId="0000000000997888" success="true" />
<exclusive-end id="4207" timestamp="2019-08-08T07:22:36.059" durationms="42.332" />

<concurrent-kickoff id="4208" timestamp="2019-08-08T07:22:36.072">
  <kickoff reason="threshold reached" targetBytes="7752301" thresholdFreeBytes="1052177" remainingFree="942704" tenureFreeBytes="942704" />
</concurrent-kickoff>
<exclusive-start id="4209" timestamp="2019-08-08T07:22:36.072" intervalms="55.897">
  <response-info timems="0.015" idlems="0.015" threads="0" lastid="0000000000996F00" lastname="main" />
</exclusive-start>
<cycle-start id="4210" type="global" contextid="0" timestamp="2019-08-08T07:22:36.072" intervalms="55.834" />
<exclusive-end id="4211" timestamp="2019-08-08T07:22:36.072" durationms="0.033" />

<exclusive-start id="4212" timestamp="2019-08-08T07:22:36.073" intervalms="0.329">
  <response-info timems="0.007" idlems="0.007" threads="0" lastid="0000000000996F00" lastname="main" />
</exclusive-start>
<af-start id="4213" threadId="0000000000997888" totalBytesRequested="168" timestamp="2019-08-08T07:22:36.073" intervalms="56.231" />
<concurrent-aborted id="4214" timestamp="2019-08-08T07:22:36.073">
  <reason value="insufficient progress made" />
</concurrent-aborted>
<cycle-end id="4215" type="global" contextid="4210" timestamp="2019-08-08T07:22:36.073" />
  <attribute name="elasticGC enabled" value="1" />
  <attribute name= "numThreadsSpecified" value="16" />
  <attribute name="heapSize specified" value="73596928" />
  <attribute name="Current GC Util" value="107" />
  <attribute name= "Current Time Running" value="123669" />
  <attribute name ="GC Interval" value="0" />
  <attribute name="Target GC Util Change" value ="80.000000" />
  <attribute name="Current GC Util Change" value="107.000000"/>
  <attribute name="Current Error" value="47.000000" />
  <attribute name="Output H" value="73899864"/>
  <attribute name="Output I" value="2256"/>
  <attribute name="Output T" value="16"/>
  <attribute name= "Current Time Running" value="123669" />
  <attribute name="GC Util currently" value="107" />
  <attribute name="CPU Util currently" value="50203463586" />
<cycle-start id="4216" type="global" contextid="0" timestamp="2019-08-08T07:22:36.073" intervalms="0.399" />
<gc-start id="4217" type="global" contextid="4216" timestamp="2019-08-08T07:22:36.073">
  <mem-info id="4218" free="738304" total="73924608" percent="0">
    <mem type="tenure" free="738304" total="73924608" percent="0">
      <mem type="soa" free="0" total="73186304" percent="0" />
      <mem type="loa" free="738304" total="738304" percent="100" />
    </mem>
  </mem-info>
</gc-start>
<allocation-stats totalBytes="55283752" >
  <allocated-bytes non-tlh="0" tlh="55283752" />
  <largest-consumer threadName="main" threadId="0000000000996F00" bytes="55283752" />
</allocation-stats>
<gc-op id="4219" type="mark" timems="8.458" contextid="4216" timestamp="2019-08-08T07:22:36.081">
  <trace-info objectcount="596219" scancount="517209" scanbytes="13272144" />
  <finalization candidates="80" enqueued="0" />
  <ownableSynchronizers candidates="21" cleared="0" />
  <references type="soft" candidates="1843" cleared="0" enqueued="0" dynamicThreshold="24" maxThreshold="32" />
  <references type="weak" candidates="5714" cleared="0" enqueued="0" />
  <references type="phantom" candidates="97" cleared="0" enqueued="0" />
  <stringconstants candidates="13272" cleared="0"  />
</gc-op>
<gc-op id="4220" type="sweep" timems="9.231" contextid="4216" timestamp="2019-08-08T07:22:36.091" />
<mem-info id="4221" free="56055072" total="73924608" percent="75">
  <mem type="tenure" free="56055072" total="73924608" percent="75" micro-fragmented="0">
    <mem type="soa" free="55316768" total="73186304" percent="75" />
    <mem type="loa" free="738304" total="738304" percent="100" />
  </mem>
</mem-info>
<gc-op id="4222" type="compact" timems="23.038" contextid="4216" timestamp="2019-08-08T07:22:36.114">
  <compact-info movecount="1589" movebytes="51640" reason="compact to aid heap contraction" />
</gc-op>
<heap-resize id="4223" type="expand" space="tenure" amount="327680" count="1" timems="0.020" reason="satisfy allocation request" timestamp="2019-08-08T07:22:36.114" />
<gc-end id="4224" type="global" contextid="4216" durationms="41.425" usertimems="87.467" systemtimems="0.000" timestamp="2019-08-08T07:22:36.114" activeThreads="16">
  <mem-info id="4225" free="56318360" total="74252288" percent="75">
    <mem type="tenure" free="56318360" total="74252288" percent="75">
      <mem type="soa" free="55575960" total="73509888" percent="75" />
      <mem type="loa" free="742400" total="742400" percent="100" />
    </mem>
  </mem-info>
</gc-end>
<cycle-end id="4226" type="global" contextid="4216" timestamp="2019-08-08T07:22:36.114" />
  <attribute name="elasticGC enabled" value="1" />
  <attribute name= "numThreadsSpecified" value="16" />
  <attribute name="heapSize specified" value="73924608" />
  <attribute name="Current GC Util" value="38" />
  <attribute name= "Current Time Running" value="123724" />
  <attribute name ="GC Interval" value="0" />
  <attribute name="Target GC Util Change" value ="80.000000" />
  <attribute name="Current GC Util Change" value="38.000000"/>
  <attribute name="Current Error" value="42.000000" />
  <attribute name="Output H" value="74227520"/>
  <attribute name="Output I" value="2232"/>
  <attribute name="Output T" value="16"/>
  <attribute name= "Current Time Running" value="123724" />
  <attribute name="GC Util currently" value="38" />
  <attribute name="CPU Util currently" value="49948598217" />
<allocation-satisfied id="4227" threadId="0000000000996F00" bytesRequested="168" />
<af-end id="4228" timestamp="2019-08-08T07:22:36.114" threadId="0000000000997888" success="true" />
<exclusive-end id="4229" timestamp="2019-08-08T07:22:36.114" durationms="41.620" />

<concurrent-kickoff id="4230" timestamp="2019-08-08T07:22:36.126">
  <kickoff reason="threshold reached" targetBytes="7786666" thresholdFreeBytes="1056841" remainingFree="938936" tenureFreeBytes="938936" />
</concurrent-kickoff>
<exclusive-start id="4231" timestamp="2019-08-08T07:22:36.126" intervalms="53.161">
  <response-info timems="0.014" idlems="0.014" threads="0" lastid="0000000000996F00" lastname="main" />
</exclusive-start>
<cycle-start id="4232" type="global" contextid="0" timestamp="2019-08-08T07:22:36.126" intervalms="53.089" />
<exclusive-end id="4233" timestamp="2019-08-08T07:22:36.126" durationms="0.012" />

<exclusive-start id="4234" timestamp="2019-08-08T07:22:36.126" intervalms="0.291">
  <response-info timems="0.007" idlems="0.007" threads="0" lastid="0000000000996F00" lastname="main" />
</exclusive-start>
<af-start id="4235" threadId="0000000000997888" totalBytesRequested="16" timestamp="2019-08-08T07:22:36.126" intervalms="53.448" />
<concurrent-aborted id="4236" timestamp="2019-08-08T07:22:36.126">
  <reason value="insufficient progress made" />
</concurrent-aborted>
<cycle-end id="4237" type="global" contextid="4232" timestamp="2019-08-08T07:22:36.126" />
  <attribute name="elasticGC enabled" value="1" />
  <attribute name= "numThreadsSpecified" value="16" />
  <attribute name="heapSize specified" value="73924608" />
  <attribute name="Current GC Util" value="38" />
  <attribute name= "Current Time Running" value="123724" />
  <attribute name ="GC Interval" value="0" />
  <attribute name="Target GC Util Change" value ="80.000000" />
  <attribute name="Current GC Util Change" value="38.000000"/>
  <attribute name="Current Error" value="42.000000" />
  <attribute name="Output H" value="74227520"/>
  <attribute name="Output I" value="2232"/>
  <attribute name="Output T" value="16"/>
  <attribute name= "Current Time Running" value="123724" />
  <attribute name="GC Util currently" value="38" />
  <attribute name="CPU Util currently" value="49948598217" />
<cycle-start id="4238" type="global" contextid="0" timestamp="2019-08-08T07:22:36.126" intervalms="0.350" />
<gc-start id="4239" type="global" contextid="4238" timestamp="2019-08-08T07:22:36.126">
  <mem-info id="4240" free="742400" total="74252288" percent="0">
    <mem type="tenure" free="742400" total="74252288" percent="0">
      <mem type="soa" free="0" total="73509888" percent="0" />
      <mem type="loa" free="742400" total="742400" percent="100" />
    </mem>
  </mem-info>
</gc-start>
<allocation-stats totalBytes="55590304" >
  <allocated-bytes non-tlh="0" tlh="55590304" />
  <largest-consumer threadName="main" threadId="0000000000996F00" bytes="55590304" />
</allocation-stats>
<gc-op id="4241" type="mark" timems="8.235" contextid="4238" timestamp="2019-08-08T07:22:36.135">
  <trace-info objectcount="596221" scancount="517208" scanbytes="13272160" />
  <finalization candidates="80" enqueued="0" />
  <ownableSynchronizers candidates="21" cleared="0" />
  <references type="soft" candidates="1843" cleared="0" enqueued="0" dynamicThreshold="24" maxThreshold="32" />
  <references type="weak" candidates="5714" cleared="0" enqueued="0" />
  <references type="phantom" candidates="97" cleared="0" enqueued="0" />
  <stringconstants candidates="13272" cleared="0"  />
</gc-op>
<gc-op id="4242" type="sweep" timems="8.859" contextid="4238" timestamp="2019-08-08T07:22:36.143" />
<mem-info id="4243" free="56383856" total="74252288" percent="75">
  <mem type="tenure" free="56383856" total="74252288" percent="75" micro-fragmented="0">
    <mem type="soa" free="55641456" total="73509888" percent="75" />
    <mem type="loa" free="742400" total="742400" percent="100" />
  </mem>
</mem-info>
<gc-op id="4244" type="compact" timems="25.152" contextid="4238" timestamp="2019-08-08T07:22:36.169">
  <compact-info movecount="7" movebytes="320" reason="compact to aid heap contraction" />
</gc-op>
<heap-resize id="4245" type="expand" space="tenure" amount="327680" count="1" timems="0.020" reason="satisfy allocation request" timestamp="2019-08-08T07:22:36.169" />
<gc-end id="4246" type="global" contextid="4238" durationms="43.138" usertimems="96.133" systemtimems="0.000" timestamp="2019-08-08T07:22:36.169" activeThreads="16">
  <mem-info id="4247" free="56646000" total="74579968" percent="75">
    <mem type="tenure" free="56646000" total="74579968" percent="75">
      <mem type="soa" free="55900528" total="73834496" percent="75" />
      <mem type="loa" free="745472" total="745472" percent="100" />
    </mem>
  </mem-info>
</gc-end>
<cycle-end id="4248" type="global" contextid="4238" timestamp="2019-08-08T07:22:36.169" />
  <attribute name="elasticGC enabled" value="1" />
  <attribute name= "numThreadsSpecified" value="16" />
  <attribute name="heapSize specified" value="74252288" />
  <attribute name="Current GC Util" value="53" />
  <attribute name= "Current Time Running" value="123779" />
  <attribute name ="GC Interval" value="0" />
  <attribute name="Target GC Util Change" value ="80.000000" />
  <attribute name="Current GC Util Change" value="53.000000"/>
  <attribute name="Current Error" value="-478.000000" />
  <attribute name="Output H" value="74552800"/>
  <attribute name="Output I" value="200"/>
  <attribute name="Output T" value="16"/>
  <attribute name= "Current Time Running" value="123779" />
  <attribute name="GC Util currently" value="53" />
  <attribute name="CPU Util currently" value="45676037807" />
<allocation-satisfied id="4249" threadId="0000000000996F00" bytesRequested="16" />
<af-end id="4250" timestamp="2019-08-08T07:22:36.170" threadId="0000000000997888" success="true" />
<exclusive-end id="4251" timestamp="2019-08-08T07:22:36.170" durationms="43.310" />

<concurrent-kickoff id="4252" timestamp="2019-08-08T07:22:36.186">
  <kickoff reason="threshold reached" targetBytes="7821028" thresholdFreeBytes="1061504" remainingFree="940520" tenureFreeBytes="940520" />
</concurrent-kickoff>
<exclusive-start id="4253" timestamp="2019-08-08T07:22:36.186" intervalms="59.834">
  <response-info timems="0.017" idlems="0.017" threads="0" lastid="0000000000996F00" lastname="main" />
</exclusive-start>
<cycle-start id="4254" type="global" contextid="0" timestamp="2019-08-08T07:22:36.186" intervalms="59.788" />
<exclusive-end id="4255" timestamp="2019-08-08T07:22:36.186" durationms="0.025" />

<exclusive-start id="4256" timestamp="2019-08-08T07:22:36.186" intervalms="0.355">
  <response-info timems="0.008" idlems="0.008" threads="0" lastid="0000000000996F00" lastname="main" />
</exclusive-start>
<af-start id="4257" threadId="0000000000997888" totalBytesRequested="136" timestamp="2019-08-08T07:22:36.186" intervalms="60.189" />
<concurrent-aborted id="4258" timestamp="2019-08-08T07:22:36.186">
  <reason value="insufficient progress made" />
</concurrent-aborted>
<cycle-end id="4259" type="global" contextid="4254" timestamp="2019-08-08T07:22:36.186" />
  <attribute name="elasticGC enabled" value="1" />
  <attribute name= "numThreadsSpecified" value="16" />
  <attribute name="heapSize specified" value="74252288" />
  <attribute name="Current GC Util" value="53" />
  <attribute name= "Current Time Running" value="123779" />
  <attribute name ="GC Interval" value="0" />
  <attribute name="Target GC Util Change" value ="80.000000" />
  <attribute name="Current GC Util Change" value="53.000000"/>
  <attribute name="Current Error" value="-478.000000" />
  <attribute name="Output H" value="74552800"/>
  <attribute name="Output I" value="200"/>
  <attribute name="Output T" value="16"/>
  <attribute name= "Current Time Running" value="123779" />
  <attribute name="GC Util currently" value="53" />
  <attribute name="CPU Util currently" value="45676037807" />
<cycle-start id="4260" type="global" contextid="0" timestamp="2019-08-08T07:22:36.186" intervalms="0.409" />
<gc-start id="4261" type="global" contextid="4260" timestamp="2019-08-08T07:22:36.187">
  <mem-info id="4262" free="745472" total="74579968" percent="0">
    <mem type="tenure" free="745472" total="74579968" percent="0">
      <mem type="soa" free="0" total="73834496" percent="0" />
      <mem type="loa" free="745472" total="745472" percent="100" />
    </mem>
  </mem-info>
</gc-start>
<allocation-stats totalBytes="55943536" >
  <allocated-bytes non-tlh="0" tlh="55943536" />
  <largest-consumer threadName="main" threadId="0000000000996F00" bytes="55943536" />
</allocation-stats>
<gc-op id="4263" type="mark" timems="13.486" contextid="4260" timestamp="2019-08-08T07:22:36.200">
  <trace-info objectcount="596240" scancount="517229" scanbytes="13273260" />
  <finalization candidates="80" enqueued="0" />
  <ownableSynchronizers candidates="21" cleared="0" />
  <references type="soft" candidates="1843" cleared="0" enqueued="0" dynamicThreshold="24" maxThreshold="32" />
  <references type="weak" candidates="5714" cleared="0" enqueued="0" />
  <references type="phantom" candidates="97" cleared="0" enqueued="0" />
  <stringconstants candidates="13272" cleared="0"  />
</gc-op>
<gc-op id="4264" type="sweep" timems="11.943" contextid="4260" timestamp="2019-08-08T07:22:36.212" />
<mem-info id="4265" free="56709872" total="74579968" percent="76">
  <mem type="tenure" free="56709872" total="74579968" percent="76" micro-fragmented="0">
    <mem type="soa" free="55964400" total="73834496" percent="75" />
    <mem type="loa" free="745472" total="745472" percent="100" />
  </mem>
</mem-info>
<gc-op id="4266" type="compact" timems="23.108" contextid="4260" timestamp="2019-08-08T07:22:36.235">
  <compact-info movecount="1608" movebytes="52536" reason="compact to aid heap contraction" />
</gc-op>
<heap-resize id="4267" type="expand" space="tenure" amount="327680" count="1" timems="0.022" reason="satisfy allocation request" timestamp="2019-08-08T07:22:36.236" />
<gc-end id="4268" type="global" contextid="4260" durationms="49.083" usertimems="89.411" systemtimems="0.000" timestamp="2019-08-08T07:22:36.236" activeThreads="16">
  <mem-info id="4269" free="56972776" total="74907648" percent="76">
    <mem type="tenure" free="56972776" total="74907648" percent="76">
      <mem type="soa" free="56224232" total="74159104" percent="75" />
      <mem type="loa" free="748544" total="748544" percent="100" />
    </mem>
  </mem-info>
</gc-end>
<cycle-end id="4270" type="global" contextid="4260" timestamp="2019-08-08T07:22:36.236" />
  <attribute name="elasticGC enabled" value="1" />
  <attribute name= "numThreadsSpecified" value="16" />
  <attribute name="heapSize specified" value="74579968" />
  <attribute name="Current GC Util" value="32" />
  <attribute name= "Current Time Running" value="123846" />
  <attribute name ="GC Interval" value="0" />
  <attribute name="Target GC Util Change" value ="80.000000" />
  <attribute name="Current GC Util Change" value="32.000000"/>
  <attribute name="Current Error" value="-186.000000" />
  <attribute name="Output H" value="74881824"/>
  <attribute name="Output I" value="1048"/>
  <attribute name="Output T" value="16"/>
  <attribute name= "Current Time Running" value="123846" />
  <attribute name="GC Util currently" value="32" />
  <attribute name="CPU Util currently" value="49833846380" />
<allocation-satisfied id="4271" threadId="0000000000996F00" bytesRequested="136" />
<af-end id="4272" timestamp="2019-08-08T07:22:36.236" threadId="0000000000997888" success="true" />
<exclusive-end id="4273" timestamp="2019-08-08T07:22:36.236" durationms="49.270" />

<concurrent-kickoff id="4274" timestamp="2019-08-08T07:22:36.452">
  <kickoff reason="threshold reached" targetBytes="7855392" thresholdFreeBytes="1066169" remainingFree="946664" tenureFreeBytes="946664" />
</concurrent-kickoff>
<exclusive-start id="4275" timestamp="2019-08-08T07:22:36.452" intervalms="265.246">
  <response-info timems="0.013" idlems="0.013" threads="0" lastid="0000000000996F00" lastname="main" />
</exclusive-start>
<cycle-start id="4276" type="global" contextid="0" timestamp="2019-08-08T07:22:36.452" intervalms="265.178" />
<exclusive-end id="4277" timestamp="2019-08-08T07:22:36.452" durationms="0.011" />

<exclusive-start id="4278" timestamp="2019-08-08T07:22:36.452" intervalms="0.344">
  <response-info timems="0.023" idlems="0.023" threads="0" lastid="0000000000996F00" lastname="main" />
</exclusive-start>
<af-start id="4279" threadId="0000000000997888" totalBytesRequested="13336" timestamp="2019-08-08T07:22:36.452" intervalms="265.589" />
<concurrent-aborted id="4280" timestamp="2019-08-08T07:22:36.452">
  <reason value="insufficient progress made" />
</concurrent-aborted>
<cycle-end id="4281" type="global" contextid="4276" timestamp="2019-08-08T07:22:36.452" />
  <attribute name="elasticGC enabled" value="1" />
  <attribute name= "numThreadsSpecified" value="16" />
  <attribute name="heapSize specified" value="74579968" />
  <attribute name="Current GC Util" value="32" />
  <attribute name= "Current Time Running" value="123846" />
  <attribute name ="GC Interval" value="0" />
  <attribute name="Target GC Util Change" value ="80.000000" />
  <attribute name="Current GC Util Change" value="32.000000"/>
  <attribute name="Current Error" value="-186.000000" />
  <attribute name="Output H" value="74881824"/>
  <attribute name="Output I" value="1048"/>
  <attribute name="Output T" value="16"/>
  <attribute name= "Current Time Running" value="123846" />
  <attribute name="GC Util currently" value="32" />
  <attribute name="CPU Util currently" value="49833846380" />
<cycle-start id="4282" type="global" contextid="0" timestamp="2019-08-08T07:22:36.452" intervalms="0.403" />
<gc-start id="4283" type="global" contextid="4282" timestamp="2019-08-08T07:22:36.452">
  <mem-info id="4284" free="748544" total="74907648" percent="0">
    <mem type="tenure" free="748544" total="74907648" percent="0">
      <mem type="soa" free="0" total="74159104" percent="0" />
      <mem type="loa" free="748544" total="748544" percent="100" />
    </mem>
  </mem-info>
</gc-start>
<allocation-stats totalBytes="55690008" >
  <allocated-bytes non-tlh="0" tlh="55690008" />
  <largest-consumer threadName="main" threadId="0000000000996F00" bytes="55690008" />
</allocation-stats>
<gc-op id="4285" type="mark" timems="9.520" contextid="4282" timestamp="2019-08-08T07:22:36.462">
  <trace-info objectcount="596240" scancount="517237" scanbytes="13299968" />
  <finalization candidates="80" enqueued="0" />
  <ownableSynchronizers candidates="21" cleared="0" />
  <references type="soft" candidates="1843" cleared="0" enqueued="0" dynamicThreshold="24" maxThreshold="32" />
  <references type="weak" candidates="5714" cleared="0" enqueued="0" />
  <references type="phantom" candidates="97" cleared="0" enqueued="0" />
  <stringconstants candidates="13272" cleared="0"  />
</gc-op>
<gc-op id="4286" type="sweep" timems="9.994" contextid="4282" timestamp="2019-08-08T07:22:36.472" />
<mem-info id="4287" free="57008464" total="74907648" percent="76">
  <mem type="tenure" free="57008464" total="74907648" percent="76" micro-fragmented="0">
    <mem type="soa" free="56259920" total="74159104" percent="75" />
    <mem type="loa" free="748544" total="748544" percent="100" />
  </mem>
</mem-info>
<gc-op id="4288" type="compact" timems="23.525" contextid="4282" timestamp="2019-08-08T07:22:36.495">
  <compact-info movecount="1606" movebytes="79176" reason="compact to aid heap contraction" />
</gc-op>
<heap-resize id="4289" type="expand" space="tenure" amount="327680" count="1" timems="0.023" reason="satisfy allocation request" timestamp="2019-08-08T07:22:36.496" />
<gc-end id="4290" type="global" contextid="4282" durationms="44.199" usertimems="101.495" systemtimems="0.000" timestamp="2019-08-08T07:22:36.496" activeThreads="16">
  <mem-info id="4291" free="57273768" total="75235328" percent="76">
    <mem type="tenure" free="57273768" total="75235328" percent="76">
      <mem type="soa" free="56522152" total="74483712" percent="75" />
      <mem type="loa" free="751616" total="751616" percent="100" />
    </mem>
  </mem-info>
</gc-end>
<cycle-end id="4292" type="global" contextid="4282" timestamp="2019-08-08T07:22:36.496" />
  <attribute name="elasticGC enabled" value="1" />
  <attribute name= "numThreadsSpecified" value="16" />
  <attribute name="heapSize specified" value="74907648" />
  <attribute name="Current GC Util" value="36" />
  <attribute name= "Current Time Running" value="124106" />
  <attribute name ="GC Interval" value="0" />
  <attribute name="Target GC Util Change" value ="80.000000" />
  <attribute name="Current GC Util Change" value="36.000000"/>
  <attribute name="Current Error" value="-312.000000" />
  <attribute name="Output H" value="75208920"/>
  <attribute name="Output I" value="392"/>
  <attribute name="Output T" value="16"/>
  <attribute name= "Current Time Running" value="124106" />
  <attribute name="GC Util currently" value="36" />
  <attribute name="CPU Util currently" value="48983707169" />
<allocation-satisfied id="4293" threadId="0000000000996F00" bytesRequested="13336" />
<af-end id="4294" timestamp="2019-08-08T07:22:36.496" threadId="0000000000997888" success="true" />
<exclusive-end id="4295" timestamp="2019-08-08T07:22:36.496" durationms="44.367" />

<concurrent-kickoff id="4296" timestamp="2019-08-08T07:22:36.505">
  <kickoff reason="threshold reached" targetBytes="7889755" thresholdFreeBytes="1070832" remainingFree="951800" tenureFreeBytes="951800" />
</concurrent-kickoff>
<exclusive-start id="4297" timestamp="2019-08-08T07:22:36.505" intervalms="53.243">
  <response-info timems="0.019" idlems="0.019" threads="0" lastid="0000000000996F00" lastname="main" />
</exclusive-start>
<cycle-start id="4298" type="global" contextid="0" timestamp="2019-08-08T07:22:36.505" intervalms="53.228" />
<exclusive-end id="4299" timestamp="2019-08-08T07:22:36.505" durationms="0.055" />

<exclusive-start id="4300" timestamp="2019-08-08T07:22:36.506" intervalms="0.339">
  <response-info timems="0.025" idlems="0.025" threads="0" lastid="0000000000996F00" lastname="main" />
</exclusive-start>
<af-start id="4301" threadId="0000000000997888" totalBytesRequested="13488" timestamp="2019-08-08T07:22:36.506" intervalms="53.582" />
<concurrent-aborted id="4302" timestamp="2019-08-08T07:22:36.506">
  <reason value="insufficient progress made" />
</concurrent-aborted>
<cycle-end id="4303" type="global" contextid="4298" timestamp="2019-08-08T07:22:36.506" />
  <attribute name="elasticGC enabled" value="1" />
  <attribute name= "numThreadsSpecified" value="16" />
  <attribute name="heapSize specified" value="74907648" />
  <attribute name="Current GC Util" value="36" />
  <attribute name= "Current Time Running" value="124106" />
  <attribute name ="GC Interval" value="0" />
  <attribute name="Target GC Util Change" value ="80.000000" />
  <attribute name="Current GC Util Change" value="36.000000"/>
  <attribute name="Current Error" value="-312.000000" />
  <attribute name="Output H" value="75208920"/>
  <attribute name="Output I" value="392"/>
  <attribute name="Output T" value="16"/>
  <attribute name= "Current Time Running" value="124106" />
  <attribute name="GC Util currently" value="36" />
  <attribute name="CPU Util currently" value="48983707169" />
<cycle-start id="4304" type="global" contextid="0" timestamp="2019-08-08T07:22:36.506" intervalms="0.358" />
<gc-start id="4305" type="global" contextid="4304" timestamp="2019-08-08T07:22:36.506">
  <mem-info id="4306" free="751616" total="75235328" percent="0">
    <mem type="tenure" free="751616" total="75235328" percent="0">
      <mem type="soa" free="0" total="74483712" percent="0" />
      <mem type="loa" free="751616" total="751616" percent="100" />
    </mem>
  </mem-info>
</gc-start>
<allocation-stats totalBytes="53019224" >
  <allocated-bytes non-tlh="0" tlh="53019224" />
  <largest-consumer threadName="main" threadId="0000000000996F00" bytes="53019224" />
</allocation-stats>
<gc-op id="4307" type="mark" timems="8.273" contextid="4304" timestamp="2019-08-08T07:22:36.514">
  <trace-info objectcount="596238" scancount="517234" scanbytes="13291092" />
  <finalization candidates="80" enqueued="0" />
  <ownableSynchronizers candidates="21" cleared="0" />
  <references type="soft" candidates="1843" cleared="0" enqueued="0" dynamicThreshold="24" maxThreshold="32" />
  <references type="weak" candidates="5714" cleared="0" enqueued="0" />
  <references type="phantom" candidates="97" cleared="0" enqueued="0" />
  <stringconstants candidates="13272" cleared="0"  />
</gc-op>
<gc-op id="4308" type="sweep" timems="2.524" contextid="4304" timestamp="2019-08-08T07:22:36.517" />
<mem-info id="4309" free="57347616" total="75235328" percent="76">
  <mem type="tenure" free="57347616" total="75235328" percent="76" micro-fragmented="0">
    <mem type="soa" free="56596000" total="74483712" percent="75" />
    <mem type="loa" free="751616" total="751616" percent="100" />
  </mem>
</mem-info>
<gc-op id="4310" type="compact" timems="22.804" contextid="4304" timestamp="2019-08-08T07:22:36.539">
  <compact-info movecount="9" movebytes="18192" reason="compact to aid heap contraction" />
</gc-op>
<heap-resize id="4311" type="expand" space="tenure" amount="327680" count="1" timems="0.025" reason="satisfy allocation request" timestamp="2019-08-08T07:22:36.540" />
<gc-end id="4312" type="global" contextid="4304" durationms="34.428" usertimems="73.438" systemtimems="0.000" timestamp="2019-08-08T07:22:36.540" activeThreads="16">
  <mem-info id="4313" free="57610320" total="75563008" percent="76">
    <mem type="tenure" free="57610320" total="75563008" percent="76">
      <mem type="soa" free="56855632" total="74808320" percent="76" />
      <mem type="loa" free="754688" total="754688" percent="100" />
    </mem>
  </mem-info>
</gc-end>
<cycle-end id="4314" type="global" contextid="4304" timestamp="2019-08-08T07:22:36.540" />
  <attribute name="elasticGC enabled" value="1" />
  <attribute name= "numThreadsSpecified" value="16" />
  <attribute name="heapSize specified" value="75235328" />
  <attribute name="Current GC Util" value="38" />
  <attribute name= "Current Time Running" value="124150" />
  <attribute name ="GC Interval" value="0" />
  <attribute name="Target GC Util Change" value ="80.000000" />
  <attribute name="Current GC Util Change" value="38.000000"/>
  <attribute name="Current Error" value="19.000000" />
  <attribute name="Output H" value="75538128"/>
  <attribute name="Output I" value="2112"/>
  <attribute name="Output T" value="16"/>
  <attribute name= "Current Time Running" value="124150" />
  <attribute name="GC Util currently" value="38" />
  <attribute name="CPU Util currently" value="50472445714" />
<allocation-satisfied id="4315" threadId="0000000000996F00" bytesRequested="13488" />
<af-end id="4316" timestamp="2019-08-08T07:22:36.540" threadId="0000000000997888" success="true" />
<exclusive-end id="4317" timestamp="2019-08-08T07:22:36.540" durationms="34.635" />

<concurrent-kickoff id="4318" timestamp="2019-08-08T07:22:36.695">
  <kickoff reason="threshold reached" targetBytes="7924117" thresholdFreeBytes="1075497" remainingFree="1012248" tenureFreeBytes="1012248" />
</concurrent-kickoff>
<exclusive-start id="4319" timestamp="2019-08-08T07:22:36.695" intervalms="189.725">
  <response-info timems="0.018" idlems="0.018" threads="0" lastid="0000000000996F00" lastname="main" />
</exclusive-start>
<cycle-start id="4320" type="global" contextid="0" timestamp="2019-08-08T07:22:36.695" intervalms="189.673" />
<exclusive-end id="4321" timestamp="2019-08-08T07:22:36.695" durationms="0.022" />

<exclusive-start id="4322" timestamp="2019-08-08T07:22:36.696" intervalms="0.524">
  <response-info timems="0.030" idlems="0.030" threads="0" lastid="0000000000996F00" lastname="main" />
</exclusive-start>
<af-start id="4323" threadId="0000000000997888" totalBytesRequested="32" timestamp="2019-08-08T07:22:36.696" intervalms="190.250" />
<concurrent-aborted id="4324" timestamp="2019-08-08T07:22:36.696">
  <reason value="insufficient progress made" />
</concurrent-aborted>
<cycle-end id="4325" type="global" contextid="4320" timestamp="2019-08-08T07:22:36.696" />
  <attribute name="elasticGC enabled" value="1" />
  <attribute name= "numThreadsSpecified" value="16" />
  <attribute name="heapSize specified" value="75235328" />
  <attribute name="Current GC Util" value="38" />
  <attribute name= "Current Time Running" value="124150" />
  <attribute name ="GC Interval" value="0" />
  <attribute name="Target GC Util Change" value ="80.000000" />
  <attribute name="Current GC Util Change" value="38.000000"/>
  <attribute name="Current Error" value="19.000000" />
  <attribute name="Output H" value="75538128"/>
  <attribute name="Output I" value="2112"/>
  <attribute name="Output T" value="16"/>
  <attribute name= "Current Time Running" value="124150" />
  <attribute name="GC Util currently" value="38" />
  <attribute name="CPU Util currently" value="50472445714" />
<cycle-start id="4326" type="global" contextid="0" timestamp="2019-08-08T07:22:36.696" intervalms="0.574" />
<gc-start id="4327" type="global" contextid="4326" timestamp="2019-08-08T07:22:36.696">
  <mem-info id="4328" free="754688" total="75563008" percent="0">
    <mem type="tenure" free="754688" total="75563008" percent="0">
      <mem type="soa" free="0" total="74808320" percent="0" />
      <mem type="loa" free="754688" total="754688" percent="100" />
    </mem>
  </mem-info>
</gc-start>
<allocation-stats totalBytes="56915008" >
  <allocated-bytes non-tlh="0" tlh="56915008" />
  <largest-consumer threadName="main" threadId="0000000000996F00" bytes="56915008" />
</allocation-stats>
<gc-op id="4329" type="mark" timems="10.950" contextid="4326" timestamp="2019-08-08T07:22:36.707">
  <trace-info objectcount="596229" scancount="517225" scanbytes="13272496" />
  <finalization candidates="80" enqueued="0" />
  <ownableSynchronizers candidates="21" cleared="0" />
  <references type="soft" candidates="1843" cleared="0" enqueued="0" dynamicThreshold="24" maxThreshold="32" />
  <references type="weak" candidates="5714" cleared="0" enqueued="0" />
  <references type="phantom" candidates="97" cleared="0" enqueued="0" />
  <stringconstants candidates="13272" cleared="0"  />
</gc-op>
<gc-op id="4330" type="sweep" timems="13.926" contextid="4326" timestamp="2019-08-08T07:22:36.721" />
<mem-info id="4331" free="57693136" total="75563008" percent="76">
  <mem type="tenure" free="57693136" total="75563008" percent="76" micro-fragmented="0">
    <mem type="soa" free="56938448" total="74808320" percent="76" />
    <mem type="loa" free="754688" total="754688" percent="100" />
  </mem>
</mem-info>
<gc-op id="4332" type="compact" timems="24.316" contextid="4326" timestamp="2019-08-08T07:22:36.745">
  <compact-info movecount="1583" movebytes="51400" reason="compact to aid heap contraction" />
</gc-op>
<heap-resize id="4333" type="expand" space="tenure" amount="327680" count="1" timems="0.025" reason="satisfy allocation request" timestamp="2019-08-08T07:22:36.747" />
<gc-end id="4334" type="global" contextid="4326" durationms="51.604" usertimems="92.418" systemtimems="0.000" timestamp="2019-08-08T07:22:36.748" activeThreads="16">
  <mem-info id="4335" free="57956616" total="75890688" percent="76">
    <mem type="tenure" free="57956616" total="75890688" percent="76">
      <mem type="soa" free="57197832" total="75131904" percent="76" />
      <mem type="loa" free="758784" total="758784" percent="100" />
    </mem>
  </mem-info>
</gc-end>
<cycle-end id="4336" type="global" contextid="4326" timestamp="2019-08-08T07:22:36.748" />
  <attribute name="elasticGC enabled" value="1" />
  <attribute name= "numThreadsSpecified" value="16" />
  <attribute name="heapSize specified" value="75563008" />
  <attribute name="Current GC Util" value="32" />
  <attribute name= "Current Time Running" value="124356" />
  <attribute name ="GC Interval" value="0" />
  <attribute name="Target GC Util Change" value ="80.000000" />
  <attribute name="Current GC Util Change" value="32.000000"/>
  <attribute name="Current Error" value="122.000000" />
  <attribute name="Output H" value="75866288"/>
  <attribute name="Output I" value="2648"/>
  <attribute name="Output T" value="16"/>
  <attribute name= "Current Time Running" value="124356" />
  <attribute name="GC Util currently" value="32" />
  <attribute name="CPU Util currently" value="47372429357" />
<allocation-satisfied id="4337" threadId="0000000000996F00" bytesRequested="32" />
<af-end id="4338" timestamp="2019-08-08T07:22:36.748" threadId="0000000000997888" success="true" />
<exclusive-end id="4339" timestamp="2019-08-08T07:22:36.748" durationms="51.811" />

<concurrent-kickoff id="4340" timestamp="2019-08-08T07:22:36.796">
  <kickoff reason="threshold reached" targetBytes="7958480" thresholdFreeBytes="1080160" remainingFree="959552" tenureFreeBytes="959552" />
</concurrent-kickoff>
<exclusive-start id="4341" timestamp="2019-08-08T07:22:36.796" intervalms="100.653">
  <response-info timems="0.018" idlems="0.018" threads="0" lastid="0000000000996F00" lastname="main" />
</exclusive-start>
<cycle-start id="4342" type="global" contextid="0" timestamp="2019-08-08T07:22:36.796" intervalms="100.601" />
<exclusive-end id="4343" timestamp="2019-08-08T07:22:36.796" durationms="0.020" />

<exclusive-start id="4344" timestamp="2019-08-08T07:22:36.797" intervalms="0.651">
  <response-info timems="0.020" idlems="0.020" threads="0" lastid="0000000000996F00" lastname="main" />
</exclusive-start>
<af-start id="4345" threadId="0000000000997888" totalBytesRequested="80" timestamp="2019-08-08T07:22:36.797" intervalms="101.302" />
<concurrent-aborted id="4346" timestamp="2019-08-08T07:22:36.797">
  <reason value="insufficient progress made" />
</concurrent-aborted>
<cycle-end id="4347" type="global" contextid="4342" timestamp="2019-08-08T07:22:36.797" />
  <attribute name="elasticGC enabled" value="1" />
  <attribute name= "numThreadsSpecified" value="16" />
  <attribute name="heapSize specified" value="75563008" />
  <attribute name="Current GC Util" value="32" />
  <attribute name= "Current Time Running" value="124356" />
  <attribute name ="GC Interval" value="0" />
  <attribute name="Target GC Util Change" value ="80.000000" />
  <attribute name="Current GC Util Change" value="32.000000"/>
  <attribute name="Current Error" value="122.000000" />
  <attribute name="Output H" value="75866288"/>
  <attribute name="Output I" value="2648"/>
  <attribute name="Output T" value="16"/>
  <attribute name= "Current Time Running" value="124356" />
  <attribute name="GC Util currently" value="32" />
  <attribute name="CPU Util currently" value="47372429357" />
<cycle-start id="4348" type="global" contextid="0" timestamp="2019-08-08T07:22:36.797" intervalms="0.716" />
<gc-start id="4349" type="global" contextid="4348" timestamp="2019-08-08T07:22:36.797">
  <mem-info id="4350" free="758784" total="75890688" percent="0">
    <mem type="tenure" free="758784" total="75890688" percent="0">
      <mem type="soa" free="0" total="75131904" percent="0" />
      <mem type="loa" free="758784" total="758784" percent="100" />
    </mem>
  </mem-info>
</gc-start>
<allocation-stats totalBytes="57251224" >
  <allocated-bytes non-tlh="0" tlh="57251224" />
  <largest-consumer threadName="main" threadId="0000000000996F00" bytes="57251224" />
</allocation-stats>
<gc-op id="4351" type="mark" timems="7.371" contextid="4348" timestamp="2019-08-08T07:22:36.805">
  <trace-info objectcount="596243" scancount="517237" scanbytes="13273128" />
  <finalization candidates="80" enqueued="0" />
  <ownableSynchronizers candidates="21" cleared="0" />
  <references type="soft" candidates="1843" cleared="0" enqueued="0" dynamicThreshold="24" maxThreshold="32" />
  <references type="weak" candidates="5714" cleared="0" enqueued="0" />
  <references type="phantom" candidates="97" cleared="0" enqueued="0" />
  <stringconstants candidates="13272" cleared="0"  />
</gc-op>
<gc-op id="4352" type="sweep" timems="9.696" contextid="4348" timestamp="2019-08-08T07:22:36.814" />
<mem-info id="4353" free="58020320" total="75890688" percent="76">
  <mem type="tenure" free="58020320" total="75890688" percent="76" micro-fragmented="0">
    <mem type="soa" free="57261536" total="75131904" percent="76" />
    <mem type="loa" free="758784" total="758784" percent="100" />
  </mem>
</mem-info>
<gc-op id="4354" type="compact" timems="23.536" contextid="4348" timestamp="2019-08-08T07:22:36.838">
  <compact-info movecount="1584" movebytes="51624" reason="compact to aid heap contraction" />
</gc-op>
<heap-resize id="4355" type="expand" space="tenure" amount="327680" count="1" timems="0.020" reason="satisfy allocation request" timestamp="2019-08-08T07:22:36.838" />
<gc-end id="4356" type="global" contextid="4348" durationms="41.210" usertimems="80.175" systemtimems="0.000" timestamp="2019-08-08T07:22:36.838" activeThreads="16">
  <mem-info id="4357" free="58283648" total="76218368" percent="76">
    <mem type="tenure" free="58283648" total="76218368" percent="76">
      <mem type="soa" free="57521792" total="75456512" percent="76" />
      <mem type="loa" free="761856" total="761856" percent="100" />
    </mem>
  </mem-info>
</gc-end>
<cycle-end id="4358" type="global" contextid="4348" timestamp="2019-08-08T07:22:36.838" />
  <attribute name="elasticGC enabled" value="1" />
  <attribute name= "numThreadsSpecified" value="16" />
  <attribute name="heapSize specified" value="75890688" />
  <attribute name="Current GC Util" value="34" />
  <attribute name= "Current Time Running" value="124448" />
  <attribute name ="GC Interval" value="0" />
  <attribute name="Target GC Util Change" value ="80.000000" />
  <attribute name="Current GC Util Change" value="34.000000"/>
  <attribute name="Current Error" value="46.000000" />
  <attribute name="Output H" value="76193616"/>
  <attribute name="Output I" value="2248"/>
  <attribute name="Output T" value="16"/>
  <attribute name= "Current Time Running" value="124448" />
  <attribute name="GC Util currently" value="34" />
  <attribute name="CPU Util currently" value="48918927566" />
<allocation-satisfied id="4359" threadId="0000000000996F00" bytesRequested="80" />
<af-end id="4360" timestamp="2019-08-08T07:22:36.839" threadId="0000000000997888" success="true" />
<exclusive-end id="4361" timestamp="2019-08-08T07:22:36.839" durationms="41.415" />

<concurrent-kickoff id="4362" timestamp="2019-08-08T07:22:36.891">
  <kickoff reason="threshold reached" targetBytes="7992843" thresholdFreeBytes="1084824" remainingFree="958320" tenureFreeBytes="958320" />
</concurrent-kickoff>
<exclusive-start id="4363" timestamp="2019-08-08T07:22:36.891" intervalms="94.317">
  <response-info timems="0.021" idlems="0.021" threads="0" lastid="0000000000996F00" lastname="main" />
</exclusive-start>
<cycle-start id="4364" type="global" contextid="0" timestamp="2019-08-08T07:22:36.891" intervalms="94.270" />
<exclusive-end id="4365" timestamp="2019-08-08T07:22:36.891" durationms="0.042" />

<exclusive-start id="4366" timestamp="2019-08-08T07:22:36.892" intervalms="0.714">
  <response-info timems="0.033" idlems="0.033" threads="0" lastid="0000000000996F00" lastname="main" />
</exclusive-start>
<af-start id="4367" threadId="0000000000997888" totalBytesRequested="32" timestamp="2019-08-08T07:22:36.892" intervalms="95.048" />
<concurrent-aborted id="4368" timestamp="2019-08-08T07:22:36.892">
  <reason value="insufficient progress made" />
</concurrent-aborted>
<cycle-end id="4369" type="global" contextid="4364" timestamp="2019-08-08T07:22:36.892" />
  <attribute name="elasticGC enabled" value="1" />
  <attribute name= "numThreadsSpecified" value="16" />
  <attribute name="heapSize specified" value="75890688" />
  <attribute name="Current GC Util" value="34" />
  <attribute name= "Current Time Running" value="124448" />
  <attribute name ="GC Interval" value="0" />
  <attribute name="Target GC Util Change" value ="80.000000" />
  <attribute name="Current GC Util Change" value="34.000000"/>
  <attribute name="Current Error" value="46.000000" />
  <attribute name="Output H" value="76193616"/>
  <attribute name="Output I" value="2248"/>
  <attribute name="Output T" value="16"/>
  <attribute name= "Current Time Running" value="124448" />
  <attribute name="GC Util currently" value="34" />
  <attribute name="CPU Util currently" value="48918927566" />
<cycle-start id="4370" type="global" contextid="0" timestamp="2019-08-08T07:22:36.892" intervalms="0.775" />
<gc-start id="4371" type="global" contextid="4370" timestamp="2019-08-08T07:22:36.892">
  <mem-info id="4372" free="761856" total="76218368" percent="0">
    <mem type="tenure" free="761856" total="76218368" percent="0">
      <mem type="soa" free="0" total="75456512" percent="0" />
      <mem type="loa" free="761856" total="761856" percent="100" />
    </mem>
  </mem-info>
</gc-start>
<allocation-stats totalBytes="57571792" >
  <allocated-bytes non-tlh="0" tlh="57571792" />
  <largest-consumer threadName="main" threadId="0000000000996F00" bytes="57571792" />
</allocation-stats>
<gc-op id="4373" type="mark" timems="8.900" contextid="4370" timestamp="2019-08-08T07:22:36.901">
  <trace-info objectcount="596237" scancount="517234" scanbytes="13272696" />
  <finalization candidates="80" enqueued="0" />
  <ownableSynchronizers candidates="21" cleared="0" />
  <references type="soft" candidates="1843" cleared="0" enqueued="0" dynamicThreshold="24" maxThreshold="32" />
  <references type="weak" candidates="5714" cleared="0" enqueued="0" />
  <references type="phantom" candidates="97" cleared="0" enqueued="0" />
  <stringconstants candidates="13272" cleared="0"  />
</gc-op>
<gc-op id="4374" type="sweep" timems="14.938" contextid="4370" timestamp="2019-08-08T07:22:36.916" />
<mem-info id="4375" free="58348440" total="76218368" percent="76">
  <mem type="tenure" free="58348440" total="76218368" percent="76" micro-fragmented="0">
    <mem type="soa" free="57586584" total="75456512" percent="76" />
    <mem type="loa" free="761856" total="761856" percent="100" />
  </mem>
</mem-info>
<gc-op id="4376" type="compact" timems="24.585" contextid="4370" timestamp="2019-08-08T07:22:36.941">
  <compact-info movecount="1572" movebytes="51032" reason="compact to aid heap contraction" />
</gc-op>
<heap-resize id="4377" type="expand" space="tenure" amount="327680" count="1" timems="0.022" reason="satisfy allocation request" timestamp="2019-08-08T07:22:36.942" />
<gc-end id="4378" type="global" contextid="4370" durationms="49.263" usertimems="96.754" systemtimems="0.000" timestamp="2019-08-08T07:22:36.942" activeThreads="16">
  <mem-info id="4379" free="58611792" total="76546048" percent="76">
    <mem type="tenure" free="58611792" total="76546048" percent="76">
      <mem type="soa" free="57846864" total="75781120" percent="76" />
      <mem type="loa" free="764928" total="764928" percent="100" />
    </mem>
  </mem-info>
</gc-end>
<cycle-end id="4380" type="global" contextid="4370" timestamp="2019-08-08T07:22:36.942" />
  <attribute name="elasticGC enabled" value="1" />
  <attribute name= "numThreadsSpecified" value="16" />
  <attribute name="heapSize specified" value="76218368" />
  <attribute name="Current GC Util" value="48" />
  <attribute name= "Current Time Running" value="124551" />
  <attribute name ="GC Interval" value="0" />
  <attribute name="Target GC Util Change" value ="80.000000" />
  <attribute name="Current GC Util Change" value="48.000000"/>
  <attribute name="Current Error" value="-151.000000" />
  <attribute name="Output H" value="76520384"/>
  <attribute name="Output I" value="1224"/>
  <attribute name="Output T" value="16"/>
  <attribute name= "Current Time Running" value="124551" />
  <attribute name="GC Util currently" value="48" />
  <attribute name="CPU Util currently" value="46806775930" />
<allocation-satisfied id="4381" threadId="0000000000996F00" bytesRequested="32" />
<af-end id="4382" timestamp="2019-08-08T07:22:36.942" threadId="0000000000997888" success="true" />
<exclusive-end id="4383" timestamp="2019-08-08T07:22:36.942" durationms="49.519" />

<concurrent-kickoff id="4384" timestamp="2019-08-08T07:22:37.008">
  <kickoff reason="threshold reached" targetBytes="8027207" thresholdFreeBytes="1089488" remainingFree="961552" tenureFreeBytes="961552" />
</concurrent-kickoff>
<exclusive-start id="4385" timestamp="2019-08-08T07:22:37.009" intervalms="116.369">
  <response-info timems="0.015" idlems="0.015" threads="0" lastid="0000000000996F00" lastname="main" />
</exclusive-start>
<cycle-start id="4386" type="global" contextid="0" timestamp="2019-08-08T07:22:37.009" intervalms="116.292" />
<exclusive-end id="4387" timestamp="2019-08-08T07:22:37.009" durationms="0.022" />

<exclusive-start id="4388" timestamp="2019-08-08T07:22:37.009" intervalms="0.627">
  <response-info timems="0.020" idlems="0.020" threads="0" lastid="0000000000996F00" lastname="main" />
</exclusive-start>
<af-start id="4389" threadId="0000000000997888" totalBytesRequested="16" timestamp="2019-08-08T07:22:37.009" intervalms="116.979" />
<concurrent-aborted id="4390" timestamp="2019-08-08T07:22:37.009">
  <reason value="insufficient progress made" />
</concurrent-aborted>
<cycle-end id="4391" type="global" contextid="4386" timestamp="2019-08-08T07:22:37.009" />
  <attribute name="elasticGC enabled" value="1" />
  <attribute name= "numThreadsSpecified" value="16" />
  <attribute name="heapSize specified" value="76218368" />
  <attribute name="Current GC Util" value="48" />
  <attribute name= "Current Time Running" value="124551" />
  <attribute name ="GC Interval" value="0" />
  <attribute name="Target GC Util Change" value ="80.000000" />
  <attribute name="Current GC Util Change" value="48.000000"/>
  <attribute name="Current Error" value="-151.000000" />
  <attribute name="Output H" value="76520384"/>
  <attribute name="Output I" value="1224"/>
  <attribute name="Output T" value="16"/>
  <attribute name= "Current Time Running" value="124551" />
  <attribute name="GC Util currently" value="48" />
  <attribute name="CPU Util currently" value="46806775930" />
<cycle-start id="4392" type="global" contextid="0" timestamp="2019-08-08T07:22:37.009" intervalms="0.684" />
<gc-start id="4393" type="global" contextid="4392" timestamp="2019-08-08T07:22:37.009">
  <mem-info id="4394" free="764928" total="76546048" percent="0">
    <mem type="tenure" free="764928" total="76546048" percent="0">
      <mem type="soa" free="0" total="75781120" percent="0" />
      <mem type="loa" free="764928" total="764928" percent="100" />
    </mem>
  </mem-info>
</gc-start>
<allocation-stats totalBytes="57905184" >
  <allocated-bytes non-tlh="0" tlh="57905184" />
  <largest-consumer threadName="main" threadId="0000000000996F00" bytes="57905184" />
</allocation-stats>
<gc-op id="4395" type="mark" timems="7.926" contextid="4392" timestamp="2019-08-08T07:22:37.017">
  <trace-info objectcount="596238" scancount="517252" scanbytes="13272736" />
  <finalization candidates="80" enqueued="0" />
  <ownableSynchronizers candidates="21" cleared="0" />
  <references type="soft" candidates="1843" cleared="0" enqueued="0" dynamicThreshold="24" maxThreshold="32" />
  <references type="weak" candidates="5714" cleared="0" enqueued="0" />
  <references type="phantom" candidates="97" cleared="0" enqueued="0" />
  <stringconstants candidates="13272" cleared="0"  />
</gc-op>
<gc-op id="4396" type="sweep" timems="22.412" contextid="4392" timestamp="2019-08-08T07:22:37.040" />
<mem-info id="4397" free="58676008" total="76546048" percent="76">
  <mem type="tenure" free="58676008" total="76546048" percent="76" micro-fragmented="0">
    <mem type="soa" free="57911080" total="75781120" percent="76" />
    <mem type="loa" free="764928" total="764928" percent="100" />
  </mem>
</mem-info>
<gc-op id="4398" type="compact" timems="24.922" contextid="4392" timestamp="2019-08-08T07:22:37.065">
  <compact-info movecount="1571" movebytes="51016" reason="compact to aid heap contraction" />
</gc-op>
<heap-resize id="4399" type="expand" space="tenure" amount="327680" count="1" timems="0.025" reason="satisfy allocation request" timestamp="2019-08-08T07:22:37.066" />
<gc-end id="4400" type="global" contextid="4392" durationms="56.382" usertimems="110.412" systemtimems="0.000" timestamp="2019-08-08T07:22:37.066" activeThreads="16">
  <mem-info id="4401" free="58939440" total="76873728" percent="76">
    <mem type="tenure" free="58939440" total="76873728" percent="76">
      <mem type="soa" free="58171440" total="76105728" percent="76" />
      <mem type="loa" free="768000" total="768000" percent="100" />
    </mem>
  </mem-info>
</gc-end>
<cycle-end id="4402" type="global" contextid="4392" timestamp="2019-08-08T07:22:37.066" />
  <attribute name="elasticGC enabled" value="1" />
  <attribute name= "numThreadsSpecified" value="16" />
  <attribute name="heapSize specified" value="76546048" />
  <attribute name="Current GC Util" value="55" />
  <attribute name= "Current Time Running" value="124675" />
  <attribute name ="GC Interval" value="0" />
  <attribute name="Target GC Util Change" value ="80.000000" />
  <attribute name="Current GC Util Change" value="55.000000"/>
  <attribute name="Current Error" value="-450.000000" />
  <attribute name="Output H" value="76846688"/>
  <attribute name="Output I" value="200"/>
  <attribute name="Output T" value="16"/>
  <attribute name= "Current Time Running" value="124675" />
  <attribute name="GC Util currently" value="55" />
  <attribute name="CPU Util currently" value="46100884072" />
<allocation-satisfied id="4403" threadId="0000000000996F00" bytesRequested="16" />
<af-end id="4404" timestamp="2019-08-08T07:22:37.066" threadId="0000000000997888" success="true" />
<exclusive-end id="4405" timestamp="2019-08-08T07:22:37.066" durationms="56.590" />

<concurrent-kickoff id="4406" timestamp="2019-08-08T07:22:37.112">
  <kickoff reason="threshold reached" targetBytes="8061570" thresholdFreeBytes="1094152" remainingFree="971416" tenureFreeBytes="971416" />
</concurrent-kickoff>
<exclusive-start id="4407" timestamp="2019-08-08T07:22:37.112" intervalms="102.519">
  <response-info timems="0.015" idlems="0.015" threads="0" lastid="0000000000996F00" lastname="main" />
</exclusive-start>
<cycle-start id="4408" type="global" contextid="0" timestamp="2019-08-08T07:22:37.112" intervalms="102.460" />
<exclusive-end id="4409" timestamp="2019-08-08T07:22:37.112" durationms="0.020" />

<exclusive-start id="4410" timestamp="2019-08-08T07:22:37.112" intervalms="0.493">
  <response-info timems="0.011" idlems="0.011" threads="0" lastid="0000000000996F00" lastname="main" />
</exclusive-start>
<af-start id="4411" threadId="0000000000997888" totalBytesRequested="32" timestamp="2019-08-08T07:22:37.112" intervalms="103.021" />
<concurrent-aborted id="4412" timestamp="2019-08-08T07:22:37.112">
  <reason value="insufficient progress made" />
</concurrent-aborted>
<cycle-end id="4413" type="global" contextid="4408" timestamp="2019-08-08T07:22:37.112" />
  <attribute name="elasticGC enabled" value="1" />
  <attribute name= "numThreadsSpecified" value="16" />
  <attribute name="heapSize specified" value="76546048" />
  <attribute name="Current GC Util" value="55" />
  <attribute name= "Current Time Running" value="124675" />
  <attribute name ="GC Interval" value="0" />
  <attribute name="Target GC Util Change" value ="80.000000" />
  <attribute name="Current GC Util Change" value="55.000000"/>
  <attribute name="Current Error" value="-450.000000" />
  <attribute name="Output H" value="76846688"/>
  <attribute name="Output I" value="200"/>
  <attribute name="Output T" value="16"/>
  <attribute name= "Current Time Running" value="124675" />
  <attribute name="GC Util currently" value="55" />
  <attribute name="CPU Util currently" value="46100884072" />
<cycle-start id="4414" type="global" contextid="0" timestamp="2019-08-08T07:22:37.112" intervalms="0.552" />
<gc-start id="4415" type="global" contextid="4414" timestamp="2019-08-08T07:22:37.112">
  <mem-info id="4416" free="768000" total="76873728" percent="0">
    <mem type="tenure" free="768000" total="76873728" percent="0">
      <mem type="soa" free="0" total="76105728" percent="0" />
      <mem type="loa" free="768000" total="768000" percent="100" />
    </mem>
  </mem-info>
</gc-start>
<allocation-stats totalBytes="58232624" >
  <allocated-bytes non-tlh="0" tlh="58232624" />
  <largest-consumer threadName="main" threadId="0000000000996F00" bytes="58232624" />
</allocation-stats>
<gc-op id="4417" type="mark" timems="11.076" contextid="4414" timestamp="2019-08-08T07:22:37.123">
  <trace-info objectcount="596234" scancount="517228" scanbytes="13272612" />
  <finalization candidates="80" enqueued="0" />
  <ownableSynchronizers candidates="21" cleared="0" />
  <references type="soft" candidates="1843" cleared="0" enqueued="0" dynamicThreshold="24" maxThreshold="32" />
  <references type="weak" candidates="5714" cleared="0" enqueued="0" />
  <references type="phantom" candidates="97" cleared="0" enqueued="0" />
  <stringconstants candidates="13272" cleared="0"  />
</gc-op>
<gc-op id="4418" type="sweep" timems="17.375" contextid="4414" timestamp="2019-08-08T07:22:37.141" />
<mem-info id="4419" free="59004368" total="76873728" percent="76">
  <mem type="tenure" free="59004368" total="76873728" percent="76" micro-fragmented="0">
    <mem type="soa" free="58236368" total="76105728" percent="76" />
    <mem type="loa" free="768000" total="768000" percent="100" />
  </mem>
</mem-info>
<gc-op id="4420" type="compact" timems="24.963" contextid="4414" timestamp="2019-08-08T07:22:37.166">
  <compact-info movecount="1563" movebytes="50792" reason="compact to aid heap contraction" />
</gc-op>
<heap-resize id="4421" type="expand" space="tenure" amount="327680" count="1" timems="0.023" reason="satisfy allocation request" timestamp="2019-08-08T07:22:37.167" />
<gc-end id="4422" type="global" contextid="4414" durationms="54.388" usertimems="102.485" systemtimems="0.000" timestamp="2019-08-08T07:22:37.167" activeThreads="16">
  <mem-info id="4423" free="59267248" total="77201408" percent="76">
    <mem type="tenure" free="59267248" total="77201408" percent="76">
      <mem type="soa" free="58496176" total="76430336" percent="76" />
      <mem type="loa" free="771072" total="771072" percent="100" />
    </mem>
  </mem-info>
</gc-end>
<cycle-end id="4424" type="global" contextid="4414" timestamp="2019-08-08T07:22:37.167" />
  <attribute name="elasticGC enabled" value="1" />
  <attribute name= "numThreadsSpecified" value="16" />
  <attribute name="heapSize specified" value="76873728" />
  <attribute name="Current GC Util" value="49" />
  <attribute name= "Current Time Running" value="124776" />
  <attribute name ="GC Interval" value="0" />
  <attribute name="Target GC Util Change" value ="80.000000" />
  <attribute name="Current GC Util Change" value="49.000000"/>
  <attribute name="Current Error" value="-168.000000" />
  <attribute name="Output H" value="77175672"/>
  <attribute name="Output I" value="1136"/>
  <attribute name="Output T" value="16"/>
  <attribute name= "Current Time Running" value="124776" />
  <attribute name="GC Util currently" value="49" />
  <attribute name="CPU Util currently" value="46123258986" />
<allocation-satisfied id="4425" threadId="0000000000996F00" bytesRequested="32" />
<af-end id="4426" timestamp="2019-08-08T07:22:37.167" threadId="0000000000997888" success="true" />
<exclusive-end id="4427" timestamp="2019-08-08T07:22:37.167" durationms="54.592" />

<concurrent-kickoff id="4428" timestamp="2019-08-08T07:22:37.296">
  <kickoff reason="threshold reached" targetBytes="8095933" thresholdFreeBytes="1098816" remainingFree="1096648" tenureFreeBytes="1096648" />
</concurrent-kickoff>
<exclusive-start id="4429" timestamp="2019-08-08T07:22:37.296" intervalms="183.796">
  <response-info timems="0.018" idlems="0.018" threads="0" lastid="0000000000996F00" lastname="main" />
</exclusive-start>
<cycle-start id="4430" type="global" contextid="0" timestamp="2019-08-08T07:22:37.296" intervalms="183.810" />
<exclusive-end id="4431" timestamp="2019-08-08T07:22:37.296" durationms="0.096" />

<exclusive-start id="4432" timestamp="2019-08-08T07:22:37.296" intervalms="0.529">
  <response-info timems="0.023" idlems="0.023" threads="0" lastid="0000000000996F00" lastname="main" />
</exclusive-start>
<af-start id="4433" threadId="0000000000997888" totalBytesRequested="32" timestamp="2019-08-08T07:22:37.297" intervalms="184.316" />
<concurrent-aborted id="4434" timestamp="2019-08-08T07:22:37.297">
  <reason value="insufficient progress made" />
</concurrent-aborted>
<cycle-end id="4435" type="global" contextid="4430" timestamp="2019-08-08T07:22:37.297" />
  <attribute name="elasticGC enabled" value="1" />
  <attribute name= "numThreadsSpecified" value="16" />
  <attribute name="heapSize specified" value="76873728" />
  <attribute name="Current GC Util" value="49" />
  <attribute name= "Current Time Running" value="124776" />
  <attribute name ="GC Interval" value="0" />
  <attribute name="Target GC Util Change" value ="80.000000" />
  <attribute name="Current GC Util Change" value="49.000000"/>
  <attribute name="Current Error" value="-168.000000" />
  <attribute name="Output H" value="77175672"/>
  <attribute name="Output I" value="1136"/>
  <attribute name="Output T" value="16"/>
  <attribute name= "Current Time Running" value="124776" />
  <attribute name="GC Util currently" value="49" />
  <attribute name="CPU Util currently" value="46123258986" />
<cycle-start id="4436" type="global" contextid="0" timestamp="2019-08-08T07:22:37.297" intervalms="0.521" />
<gc-start id="4437" type="global" contextid="4436" timestamp="2019-08-08T07:22:37.297">
  <mem-info id="4438" free="771072" total="77201408" percent="0">
    <mem type="tenure" free="771072" total="77201408" percent="0">
      <mem type="soa" free="0" total="76430336" percent="0" />
      <mem type="loa" free="771072" total="771072" percent="100" />
    </mem>
  </mem-info>
</gc-start>
<allocation-stats totalBytes="58558016" >
  <allocated-bytes non-tlh="0" tlh="58558016" />
  <largest-consumer threadName="main" threadId="0000000000996F00" bytes="58558016" />
</allocation-stats>
<gc-op id="4439" type="mark" timems="8.801" contextid="4436" timestamp="2019-08-08T07:22:37.305">
  <trace-info objectcount="596241" scancount="517238" scanbytes="13272740" />
  <finalization candidates="80" enqueued="0" />
  <ownableSynchronizers candidates="21" cleared="0" />
  <references type="soft" candidates="1843" cleared="0" enqueued="0" dynamicThreshold="24" maxThreshold="32" />
  <references type="weak" candidates="5714" cleared="0" enqueued="0" />
  <references type="phantom" candidates="97" cleared="0" enqueued="0" />
  <stringconstants candidates="13272" cleared="0"  />
</gc-op>
<gc-op id="4440" type="sweep" timems="16.065" contextid="4436" timestamp="2019-08-08T07:22:37.322" />
<mem-info id="4441" free="59331208" total="77201408" percent="76">
  <mem type="tenure" free="59331208" total="77201408" percent="76" micro-fragmented="0">
    <mem type="soa" free="58560136" total="76430336" percent="76" />
    <mem type="loa" free="771072" total="771072" percent="100" />
  </mem>
</mem-info>
<gc-op id="4442" type="compact" timems="26.566" contextid="4436" timestamp="2019-08-08T07:22:37.348">
  <compact-info movecount="1568" movebytes="50880" reason="compact to aid heap contraction" />
</gc-op>
<heap-resize id="4443" type="expand" space="tenure" amount="327680" count="1" timems="0.023" reason="satisfy allocation request" timestamp="2019-08-08T07:22:37.349" />
<gc-end id="4444" type="global" contextid="4436" durationms="52.258" usertimems="112.073" systemtimems="0.000" timestamp="2019-08-08T07:22:37.349" activeThreads="16">
  <mem-info id="4445" free="59594792" total="77529088" percent="76">
    <mem type="tenure" free="59594792" total="77529088" percent="76">
      <mem type="soa" free="58819624" total="76753920" percent="76" />
      <mem type="loa" free="775168" total="775168" percent="100" />
    </mem>
  </mem-info>
</gc-end>
<cycle-end id="4446" type="global" contextid="4436" timestamp="2019-08-08T07:22:37.349" />
  <attribute name="elasticGC enabled" value="1" />
  <attribute name= "numThreadsSpecified" value="16" />
  <attribute name="heapSize specified" value="77201408" />
  <attribute name="Current GC Util" value="67" />
  <attribute name= "Current Time Running" value="124959" />
  <attribute name ="GC Interval" value="0" />
  <attribute name="Target GC Util Change" value ="80.000000" />
  <attribute name="Current GC Util Change" value="67.000000"/>
  <attribute name="Current Error" value="-26.000000" />
  <attribute name="Output H" value="77504000"/>
  <attribute name="Output I" value="1880"/>
  <attribute name="Output T" value="16"/>
  <attribute name= "Current Time Running" value="124959" />
  <attribute name="GC Util currently" value="67" />
  <attribute name="CPU Util currently" value="43339256149" />
<allocation-satisfied id="4447" threadId="0000000000996F00" bytesRequested="32" />
<af-end id="4448" timestamp="2019-08-08T07:22:37.349" threadId="0000000000997888" success="true" />
<exclusive-end id="4449" timestamp="2019-08-08T07:22:37.349" durationms="52.481" />

<concurrent-kickoff id="4450" timestamp="2019-08-08T07:22:37.388">
  <kickoff reason="threshold reached" targetBytes="8130295" thresholdFreeBytes="1103480" remainingFree="973056" tenureFreeBytes="973056" />
</concurrent-kickoff>
<exclusive-start id="4451" timestamp="2019-08-08T07:22:37.388" intervalms="91.524">
  <response-info timems="0.022" idlems="0.022" threads="0" lastid="0000000000996F00" lastname="main" />
</exclusive-start>
<cycle-start id="4452" type="global" contextid="0" timestamp="2019-08-08T07:22:37.388" intervalms="91.463" />
<exclusive-end id="4453" timestamp="2019-08-08T07:22:37.388" durationms="0.026" />

<exclusive-start id="4454" timestamp="2019-08-08T07:22:37.389" intervalms="0.666">
  <response-info timems="0.020" idlems="0.020" threads="0" lastid="0000000000996F00" lastname="main" />
</exclusive-start>
<af-start id="4455" threadId="0000000000997888" totalBytesRequested="24" timestamp="2019-08-08T07:22:37.389" intervalms="92.191" />
<concurrent-aborted id="4456" timestamp="2019-08-08T07:22:37.389">
  <reason value="insufficient progress made" />
</concurrent-aborted>
<cycle-end id="4457" type="global" contextid="4452" timestamp="2019-08-08T07:22:37.389" />
  <attribute name="elasticGC enabled" value="1" />
  <attribute name= "numThreadsSpecified" value="16" />
  <attribute name="heapSize specified" value="77201408" />
  <attribute name="Current GC Util" value="67" />
  <attribute name= "Current Time Running" value="124959" />
  <attribute name ="GC Interval" value="0" />
  <attribute name="Target GC Util Change" value ="80.000000" />
  <attribute name="Current GC Util Change" value="67.000000"/>
  <attribute name="Current Error" value="-26.000000" />
  <attribute name="Output H" value="77504000"/>
  <attribute name="Output I" value="1880"/>
  <attribute name="Output T" value="16"/>
  <attribute name= "Current Time Running" value="124959" />
  <attribute name="GC Util currently" value="67" />
  <attribute name="CPU Util currently" value="43339256149" />
<cycle-start id="4458" type="global" contextid="0" timestamp="2019-08-08T07:22:37.389" intervalms="0.711" />
<gc-start id="4459" type="global" contextid="4458" timestamp="2019-08-08T07:22:37.389">
  <mem-info id="4460" free="775168" total="77529088" percent="0">
    <mem type="tenure" free="775168" total="77529088" percent="0">
      <mem type="soa" free="0" total="76753920" percent="0" />
      <mem type="loa" free="775168" total="775168" percent="100" />
    </mem>
  </mem-info>
</gc-start>
<allocation-stats totalBytes="58880680" >
  <allocated-bytes non-tlh="0" tlh="58880680" />
  <largest-consumer threadName="main" threadId="0000000000996F00" bytes="58880680" />
</allocation-stats>
<gc-op id="4461" type="mark" timems="9.828" contextid="4458" timestamp="2019-08-08T07:22:37.399">
  <trace-info objectcount="596247" scancount="517240" scanbytes="13272948" />
  <finalization candidates="80" enqueued="0" />
  <ownableSynchronizers candidates="21" cleared="0" />
  <references type="soft" candidates="1843" cleared="0" enqueued="0" dynamicThreshold="24" maxThreshold="32" />
  <references type="weak" candidates="5714" cleared="0" enqueued="0" />
  <references type="phantom" candidates="97" cleared="0" enqueued="0" />
  <stringconstants candidates="13272" cleared="0"  />
</gc-op>
<gc-op id="4462" type="sweep" timems="22.002" contextid="4458" timestamp="2019-08-08T07:22:37.421" />
<mem-info id="4463" free="59658904" total="77529088" percent="76">
  <mem type="tenure" free="59658904" total="77529088" percent="76" micro-fragmented="0">
    <mem type="soa" free="58883736" total="76753920" percent="76" />
    <mem type="loa" free="775168" total="775168" percent="100" />
  </mem>
</mem-info>
<gc-op id="4464" type="compact" timems="25.752" contextid="4458" timestamp="2019-08-08T07:22:37.446">
  <compact-info movecount="1560" movebytes="50704" reason="compact to aid heap contraction" />
</gc-op>
<heap-resize id="4465" type="expand" space="tenure" amount="327680" count="1" timems="0.023" reason="satisfy allocation request" timestamp="2019-08-08T07:22:37.447" />
<gc-end id="4466" type="global" contextid="4458" durationms="58.684" usertimems="128.064" systemtimems="0.000" timestamp="2019-08-08T07:22:37.447" activeThreads="16">
  <mem-info id="4467" free="59922296" total="77856768" percent="76">
    <mem type="tenure" free="59922296" total="77856768" percent="76">
      <mem type="soa" free="59144056" total="77078528" percent="76" />
      <mem type="loa" free="778240" total="778240" percent="100" />
    </mem>
  </mem-info>
</gc-end>
<cycle-end id="4468" type="global" contextid="4458" timestamp="2019-08-08T07:22:37.448" />
  <attribute name="elasticGC enabled" value="1" />
  <attribute name= "numThreadsSpecified" value="16" />
  <attribute name="heapSize specified" value="77529088" />
  <attribute name="Current GC Util" value="66" />
  <attribute name= "Current Time Running" value="125057" />
  <attribute name ="GC Interval" value="0" />
  <attribute name="Target GC Util Change" value ="80.000000" />
  <attribute name="Current GC Util Change" value="66.000000"/>
  <attribute name="Current Error" value="88.000000" />
  <attribute name="Output H" value="77832208"/>
  <attribute name="Output I" value="2472"/>
  <attribute name="Output T" value="16"/>
  <attribute name= "Current Time Running" value="125057" />
  <attribute name="GC Util currently" value="66" />
  <attribute name="CPU Util currently" value="44742352220" />
<allocation-satisfied id="4469" threadId="0000000000996F00" bytesRequested="24" />
<af-end id="4470" timestamp="2019-08-08T07:22:37.448" threadId="0000000000997888" success="true" />
<exclusive-end id="4471" timestamp="2019-08-08T07:22:37.448" durationms="58.886" />

<concurrent-kickoff id="4472" timestamp="2019-08-08T07:22:37.495">
  <kickoff reason="threshold reached" targetBytes="8164658" thresholdFreeBytes="1108144" remainingFree="1105848" tenureFreeBytes="1105848" />
</concurrent-kickoff>
<exclusive-start id="4473" timestamp="2019-08-08T07:22:37.495" intervalms="106.625">
  <response-info timems="0.018" idlems="0.018" threads="0" lastid="0000000000996F00" lastname="main" />
</exclusive-start>
<cycle-start id="4474" type="global" contextid="0" timestamp="2019-08-08T07:22:37.495" intervalms="106.576" />
<exclusive-end id="4475" timestamp="2019-08-08T07:22:37.495" durationms="0.020" />

<exclusive-start id="4476" timestamp="2019-08-08T07:22:37.496" intervalms="0.711">
  <response-info timems="0.027" idlems="0.027" threads="0" lastid="0000000000996F00" lastname="main" />
</exclusive-start>
<af-start id="4477" threadId="0000000000997888" totalBytesRequested="32" timestamp="2019-08-08T07:22:37.496" intervalms="107.337" />
<concurrent-aborted id="4478" timestamp="2019-08-08T07:22:37.496">
  <reason value="insufficient progress made" />
</concurrent-aborted>
<cycle-end id="4479" type="global" contextid="4474" timestamp="2019-08-08T07:22:37.496" />
  <attribute name="elasticGC enabled" value="1" />
  <attribute name= "numThreadsSpecified" value="16" />
  <attribute name="heapSize specified" value="77529088" />
  <attribute name="Current GC Util" value="66" />
  <attribute name= "Current Time Running" value="125057" />
  <attribute name ="GC Interval" value="0" />
  <attribute name="Target GC Util Change" value ="80.000000" />
  <attribute name="Current GC Util Change" value="66.000000"/>
  <attribute name="Current Error" value="88.000000" />
  <attribute name="Output H" value="77832208"/>
  <attribute name="Output I" value="2472"/>
  <attribute name="Output T" value="16"/>
  <attribute name= "Current Time Running" value="125057" />
  <attribute name="GC Util currently" value="66" />
  <attribute name="CPU Util currently" value="44742352220" />
<cycle-start id="4480" type="global" contextid="0" timestamp="2019-08-08T07:22:37.496" intervalms="0.762" />
<gc-start id="4481" type="global" contextid="4480" timestamp="2019-08-08T07:22:37.496">
  <mem-info id="4482" free="778240" total="77856768" percent="0">
    <mem type="tenure" free="778240" total="77856768" percent="0">
      <mem type="soa" free="0" total="77078528" percent="0" />
      <mem type="loa" free="778240" total="778240" percent="100" />
    </mem>
  </mem-info>
</gc-start>
<allocation-stats totalBytes="59205448" >
  <allocated-bytes non-tlh="0" tlh="59205448" />
  <largest-consumer threadName="main" threadId="0000000000996F00" bytes="59205448" />
</allocation-stats>
<gc-op id="4483" type="mark" timems="8.363" contextid="4480" timestamp="2019-08-08T07:22:37.504">
  <trace-info objectcount="596246" scancount="517243" scanbytes="13272960" />
  <finalization candidates="80" enqueued="0" />
  <ownableSynchronizers candidates="21" cleared="0" />
  <references type="soft" candidates="1843" cleared="0" enqueued="0" dynamicThreshold="24" maxThreshold="32" />
  <references type="weak" candidates="5714" cleared="0" enqueued="0" />
  <references type="phantom" candidates="97" cleared="0" enqueued="0" />
  <stringconstants candidates="13272" cleared="0"  />
</gc-op>
<gc-op id="4484" type="sweep" timems="24.865" contextid="4480" timestamp="2019-08-08T07:22:37.529" />
<mem-info id="4485" free="59986728" total="77856768" percent="77">
  <mem type="tenure" free="59986728" total="77856768" percent="77" micro-fragmented="0">
    <mem type="soa" free="59208488" total="77078528" percent="76" />
    <mem type="loa" free="778240" total="778240" percent="100" />
  </mem>
</mem-info>
<gc-op id="4486" type="compact" timems="26.997" contextid="4480" timestamp="2019-08-08T07:22:37.556">
  <compact-info movecount="1557" movebytes="50656" reason="compact to aid heap contraction" />
</gc-op>
<heap-resize id="4487" type="expand" space="tenure" amount="327680" count="1" timems="0.025" reason="satisfy allocation request" timestamp="2019-08-08T07:22:37.557" />
<gc-end id="4488" type="global" contextid="4480" durationms="61.077" usertimems="117.179" systemtimems="0.000" timestamp="2019-08-08T07:22:37.557" activeThreads="16">
  <mem-info id="4489" free="60249976" total="78184448" percent="77">
    <mem type="tenure" free="60249976" total="78184448" percent="77">
      <mem type="soa" free="59468664" total="77403136" percent="76" />
      <mem type="loa" free="781312" total="781312" percent="100" />
    </mem>
  </mem-info>
</gc-end>
<cycle-end id="4490" type="global" contextid="4480" timestamp="2019-08-08T07:22:37.557" />
  <attribute name="elasticGC enabled" value="1" />
  <attribute name= "numThreadsSpecified" value="16" />
  <attribute name="heapSize specified" value="77856768" />
  <attribute name="Current GC Util" value="58" />
  <attribute name= "Current Time Running" value="125167" />
  <attribute name ="GC Interval" value="0" />
  <attribute name="Target GC Util Change" value ="80.000000" />
  <attribute name="Current GC Util Change" value="58.000000"/>
  <attribute name="Current Error" value="22.000000" />
  <attribute name="Output H" value="78159584"/>
  <attribute name="Output I" value="2128"/>
  <attribute name="Output T" value="16"/>
  <attribute name= "Current Time Running" value="125167" />
  <attribute name="GC Util currently" value="58" />
  <attribute name="CPU Util currently" value="42650349076" />
<allocation-satisfied id="4491" threadId="0000000000996F00" bytesRequested="32" />
<af-end id="4492" timestamp="2019-08-08T07:22:37.557" threadId="0000000000997888" success="true" />
<exclusive-end id="4493" timestamp="2019-08-08T07:22:37.557" durationms="61.290" />

<concurrent-kickoff id="4494" timestamp="2019-08-08T07:22:37.651">
  <kickoff reason="threshold reached" targetBytes="8199022" thresholdFreeBytes="1112808" remainingFree="1108672" tenureFreeBytes="1108672" />
</concurrent-kickoff>
<exclusive-start id="4495" timestamp="2019-08-08T07:22:37.652" intervalms="155.510">
  <response-info timems="0.012" idlems="0.012" threads="0" lastid="0000000000996F00" lastname="main" />
</exclusive-start>
<cycle-start id="4496" type="global" contextid="0" timestamp="2019-08-08T07:22:37.652" intervalms="155.461" />
<exclusive-end id="4497" timestamp="2019-08-08T07:22:37.652" durationms="0.023" />

<exclusive-start id="4498" timestamp="2019-08-08T07:22:37.652" intervalms="0.590">
  <response-info timems="0.023" idlems="0.023" threads="0" lastid="0000000000996F00" lastname="main" />
</exclusive-start>
<af-start id="4499" threadId="0000000000997888" totalBytesRequested="16" timestamp="2019-08-08T07:22:37.652" intervalms="156.099" />
<concurrent-aborted id="4500" timestamp="2019-08-08T07:22:37.652">
  <reason value="insufficient progress made" />
</concurrent-aborted>
<cycle-end id="4501" type="global" contextid="4496" timestamp="2019-08-08T07:22:37.652" />
  <attribute name="elasticGC enabled" value="1" />
  <attribute name= "numThreadsSpecified" value="16" />
  <attribute name="heapSize specified" value="77856768" />
  <attribute name="Current GC Util" value="58" />
  <attribute name= "Current Time Running" value="125167" />
  <attribute name ="GC Interval" value="0" />
  <attribute name="Target GC Util Change" value ="80.000000" />
  <attribute name="Current GC Util Change" value="58.000000"/>
  <attribute name="Current Error" value="22.000000" />
  <attribute name="Output H" value="78159584"/>
  <attribute name="Output I" value="2128"/>
  <attribute name="Output T" value="16"/>
  <attribute name= "Current Time Running" value="125167" />
  <attribute name="GC Util currently" value="58" />
  <attribute name="CPU Util currently" value="42650349076" />
<cycle-start id="4502" type="global" contextid="0" timestamp="2019-08-08T07:22:37.652" intervalms="0.638" />
<gc-start id="4503" type="global" contextid="4502" timestamp="2019-08-08T07:22:37.652">
  <mem-info id="4504" free="781312" total="78184448" percent="0">
    <mem type="tenure" free="781312" total="78184448" percent="0">
      <mem type="soa" free="0" total="77403136" percent="0" />
      <mem type="loa" free="781312" total="781312" percent="100" />
    </mem>
  </mem-info>
</gc-start>
<allocation-stats totalBytes="59513400" >
  <allocated-bytes non-tlh="0" tlh="59513400" />
  <largest-consumer threadName="main" threadId="0000000000996F00" bytes="59513400" />
</allocation-stats>
<gc-op id="4505" type="mark" timems="12.151" contextid="4502" timestamp="2019-08-08T07:22:37.664">
  <trace-info objectcount="596262" scancount="517250" scanbytes="13273164" />
  <finalization candidates="80" enqueued="0" />
  <ownableSynchronizers candidates="21" cleared="0" />
  <references type="soft" candidates="1843" cleared="0" enqueued="0" dynamicThreshold="24" maxThreshold="32" />
  <references type="weak" candidates="5714" cleared="0" enqueued="0" />
  <references type="phantom" candidates="97" cleared="0" enqueued="0" />
  <stringconstants candidates="13272" cleared="0"  />
</gc-op>
<gc-op id="4506" type="sweep" timems="15.211" contextid="4502" timestamp="2019-08-08T07:22:37.680" />
<mem-info id="4507" free="60313384" total="78184448" percent="77">
  <mem type="tenure" free="60313384" total="78184448" percent="77" micro-fragmented="0">
    <mem type="soa" free="59532072" total="77403136" percent="76" />
    <mem type="loa" free="781312" total="781312" percent="100" />
  </mem>
</mem-info>
<gc-op id="4508" type="compact" timems="24.992" contextid="4502" timestamp="2019-08-08T07:22:37.705">
  <compact-info movecount="1571" movebytes="51800" reason="compact to aid heap contraction" />
</gc-op>
<heap-resize id="4509" type="expand" space="tenure" amount="327680" count="1" timems="0.027" reason="satisfy allocation request" timestamp="2019-08-08T07:22:37.705" />
<gc-end id="4510" type="global" contextid="4502" durationms="53.088" usertimems="107.524" systemtimems="0.000" timestamp="2019-08-08T07:22:37.705" activeThreads="16">
  <mem-info id="4511" free="60576464" total="78512128" percent="77">
    <mem type="tenure" free="60576464" total="78512128" percent="77">
      <mem type="soa" free="59792080" total="77727744" percent="76" />
      <mem type="loa" free="784384" total="784384" percent="100" />
    </mem>
  </mem-info>
</gc-end>
<cycle-end id="4512" type="global" contextid="4502" timestamp="2019-08-08T07:22:37.705" />
  <attribute name="elasticGC enabled" value="1" />
  <attribute name= "numThreadsSpecified" value="16" />
  <attribute name="heapSize specified" value="78184448" />
  <attribute name="Current GC Util" value="47" />
  <attribute name= "Current Time Running" value="125315" />
  <attribute name ="GC Interval" value="0" />
  <attribute name="Target GC Util Change" value ="80.000000" />
  <attribute name="Current GC Util Change" value="47.000000"/>
  <attribute name="Current Error" value="-109.000000" />
  <attribute name="Output H" value="78486664"/>
  <attribute name="Output I" value="1448"/>
  <attribute name="Output T" value="16"/>
  <attribute name= "Current Time Running" value="125315" />
  <attribute name="GC Util currently" value="47" />
  <attribute name="CPU Util currently" value="46035604115" />
<allocation-satisfied id="4513" threadId="0000000000996F00" bytesRequested="16" />
<af-end id="4514" timestamp="2019-08-08T07:22:37.705" threadId="0000000000997888" success="true" />
<exclusive-end id="4515" timestamp="2019-08-08T07:22:37.705" durationms="53.299" />

<concurrent-kickoff id="4516" timestamp="2019-08-08T07:22:37.784">
  <kickoff reason="threshold reached" targetBytes="8233385" thresholdFreeBytes="1117472" remainingFree="1112016" tenureFreeBytes="1112016" />
</concurrent-kickoff>
<exclusive-start id="4517" timestamp="2019-08-08T07:22:37.784" intervalms="132.330">
  <response-info timems="0.024" idlems="0.024" threads="0" lastid="0000000000996F00" lastname="main" />
</exclusive-start>
<cycle-start id="4518" type="global" contextid="0" timestamp="2019-08-08T07:22:37.784" intervalms="132.285" />
<exclusive-end id="4519" timestamp="2019-08-08T07:22:37.784" durationms="0.028" />

<exclusive-start id="4520" timestamp="2019-08-08T07:22:37.786" intervalms="1.129">
  <response-info timems="0.023" idlems="0.023" threads="0" lastid="0000000000996F00" lastname="main" />
</exclusive-start>
<af-start id="4521" threadId="0000000000997888" totalBytesRequested="32" timestamp="2019-08-08T07:22:37.786" intervalms="133.460" />
<concurrent-aborted id="4522" timestamp="2019-08-08T07:22:37.786">
  <reason value="insufficient progress made" />
</concurrent-aborted>
<cycle-end id="4523" type="global" contextid="4518" timestamp="2019-08-08T07:22:37.786" />
  <attribute name="elasticGC enabled" value="1" />
  <attribute name= "numThreadsSpecified" value="16" />
  <attribute name="heapSize specified" value="78184448" />
  <attribute name="Current GC Util" value="47" />
  <attribute name= "Current Time Running" value="125315" />
  <attribute name ="GC Interval" value="0" />
  <attribute name="Target GC Util Change" value ="80.000000" />
  <attribute name="Current GC Util Change" value="47.000000"/>
  <attribute name="Current Error" value="-109.000000" />
  <attribute name="Output H" value="78486664"/>
  <attribute name="Output I" value="1448"/>
  <attribute name="Output T" value="16"/>
  <attribute name= "Current Time Running" value="125315" />
  <attribute name="GC Util currently" value="47" />
  <attribute name="CPU Util currently" value="46035604115" />
<cycle-start id="4524" type="global" contextid="0" timestamp="2019-08-08T07:22:37.786" intervalms="1.189" />
<gc-start id="4525" type="global" contextid="4524" timestamp="2019-08-08T07:22:37.786">
  <mem-info id="4526" free="784384" total="78512128" percent="0">
    <mem type="tenure" free="784384" total="78512128" percent="0">
      <mem type="soa" free="0" total="77727744" percent="0" />
      <mem type="loa" free="784384" total="784384" percent="100" />
    </mem>
  </mem-info>
</gc-start>
<allocation-stats totalBytes="59832528" >
  <allocated-bytes non-tlh="0" tlh="59832528" />
  <largest-consumer threadName="main" threadId="0000000000996F00" bytes="59832528" />
</allocation-stats>
<gc-op id="4527" type="mark" timems="6.513" contextid="4524" timestamp="2019-08-08T07:22:37.792">
  <trace-info objectcount="596250" scancount="517244" scanbytes="13272992" />
  <finalization candidates="80" enqueued="0" />
  <ownableSynchronizers candidates="21" cleared="0" />
  <references type="soft" candidates="1843" cleared="0" enqueued="0" dynamicThreshold="24" maxThreshold="32" />
  <references type="weak" candidates="5714" cleared="0" enqueued="0" />
  <references type="phantom" candidates="97" cleared="0" enqueued="0" />
  <stringconstants candidates="13272" cleared="0"  />
</gc-op>
<gc-op id="4528" type="sweep" timems="12.960" contextid="4524" timestamp="2019-08-08T07:22:37.805" />
<mem-info id="4529" free="60642472" total="78512128" percent="77">
  <mem type="tenure" free="60642472" total="78512128" percent="77" micro-fragmented="0">
    <mem type="soa" free="59858088" total="77727744" percent="77" />
    <mem type="loa" free="784384" total="784384" percent="100" />
  </mem>
</mem-info>
<gc-op id="4530" type="compact" timems="23.374" contextid="4524" timestamp="2019-08-08T07:22:37.829">
  <compact-info movecount="1536" movebytes="50008" reason="compact to aid heap contraction" />
</gc-op>
<heap-resize id="4531" type="expand" space="tenure" amount="327680" count="1" timems="0.020" reason="satisfy allocation request" timestamp="2019-08-08T07:22:37.829" />
<gc-end id="4532" type="global" contextid="4524" durationms="43.658" usertimems="85.561" systemtimems="0.000" timestamp="2019-08-08T07:22:37.829" activeThreads="16">
  <mem-info id="4533" free="60905280" total="78839808" percent="77">
    <mem type="tenure" free="60905280" total="78839808" percent="77">
      <mem type="soa" free="60117824" total="78052352" percent="77" />
      <mem type="loa" free="787456" total="787456" percent="100" />
    </mem>
  </mem-info>
</gc-end>
<cycle-end id="4534" type="global" contextid="4524" timestamp="2019-08-08T07:22:37.829" />
  <attribute name="elasticGC enabled" value="1" />
  <attribute name= "numThreadsSpecified" value="16" />
  <attribute name="heapSize specified" value="78512128" />
  <attribute name="Current GC Util" value="40" />
  <attribute name= "Current Time Running" value="125439" />
  <attribute name ="GC Interval" value="0" />
  <attribute name="Target GC Util Change" value ="80.000000" />
  <attribute name="Current GC Util Change" value="40.000000"/>
  <attribute name="Current Error" value="-271.000000" />
  <attribute name="Output H" value="78813592"/>
  <attribute name="Output I" value="600"/>
  <attribute name="Output T" value="16"/>
  <attribute name= "Current Time Running" value="125439" />
  <attribute name="GC Util currently" value="40" />
  <attribute name="CPU Util currently" value="49240593660" />
<allocation-satisfied id="4535" threadId="0000000000996F00" bytesRequested="32" />
<af-end id="4536" timestamp="2019-08-08T07:22:37.829" threadId="0000000000997888" success="true" />
<exclusive-end id="4537" timestamp="2019-08-08T07:22:37.829" durationms="43.855" />

<concurrent-kickoff id="4538" timestamp="2019-08-08T07:22:37.859">
  <kickoff reason="threshold reached" targetBytes="8267748" thresholdFreeBytes="1122135" remainingFree="1121768" tenureFreeBytes="1121768" />
</concurrent-kickoff>
<exclusive-start id="4539" timestamp="2019-08-08T07:22:37.859" intervalms="73.281">
  <response-info timems="0.022" idlems="0.022" threads="0" lastid="0000000000996F00" lastname="main" />
</exclusive-start>
<cycle-start id="4540" type="global" contextid="0" timestamp="2019-08-08T07:22:37.859" intervalms="73.209" />
<exclusive-end id="4541" timestamp="2019-08-08T07:22:37.859" durationms="0.014" />

<exclusive-start id="4542" timestamp="2019-08-08T07:22:37.859" intervalms="0.316">
  <response-info timems="0.020" idlems="0.020" threads="0" lastid="0000000000996F00" lastname="main" />
</exclusive-start>
<af-start id="4543" threadId="0000000000997888" totalBytesRequested="488" timestamp="2019-08-08T07:22:37.859" intervalms="73.595" />
<concurrent-aborted id="4544" timestamp="2019-08-08T07:22:37.859">
  <reason value="insufficient progress made" />
</concurrent-aborted>
<cycle-end id="4545" type="global" contextid="4540" timestamp="2019-08-08T07:22:37.859" />
  <attribute name="elasticGC enabled" value="1" />
  <attribute name= "numThreadsSpecified" value="16" />
  <attribute name="heapSize specified" value="78512128" />
  <attribute name="Current GC Util" value="40" />
  <attribute name= "Current Time Running" value="125439" />
  <attribute name ="GC Interval" value="0" />
  <attribute name="Target GC Util Change" value ="80.000000" />
  <attribute name="Current GC Util Change" value="40.000000"/>
  <attribute name="Current Error" value="-271.000000" />
  <attribute name="Output H" value="78813592"/>
  <attribute name="Output I" value="600"/>
  <attribute name="Output T" value="16"/>
  <attribute name= "Current Time Running" value="125439" />
  <attribute name="GC Util currently" value="40" />
  <attribute name="CPU Util currently" value="49240593660" />
<cycle-start id="4546" type="global" contextid="0" timestamp="2019-08-08T07:22:37.859" intervalms="0.372" />
<gc-start id="4547" type="global" contextid="4546" timestamp="2019-08-08T07:22:37.859">
  <mem-info id="4548" free="787456" total="78839808" percent="0">
    <mem type="tenure" free="787456" total="78839808" percent="0">
      <mem type="soa" free="0" total="78052352" percent="0" />
      <mem type="loa" free="787456" total="787456" percent="100" />
    </mem>
  </mem-info>
</gc-start>
<allocation-stats totalBytes="60113808" >
  <allocated-bytes non-tlh="0" tlh="60113808" />
  <largest-consumer threadName="main" threadId="0000000000996F00" bytes="60113808" />
</allocation-stats>
<gc-op id="4549" type="mark" timems="8.785" contextid="4546" timestamp="2019-08-08T07:22:37.868">
  <trace-info objectcount="596250" scancount="517245" scanbytes="13272984" />
  <finalization candidates="80" enqueued="0" />
  <ownableSynchronizers candidates="21" cleared="0" />
  <references type="soft" candidates="1843" cleared="0" enqueued="0" dynamicThreshold="24" maxThreshold="32" />
  <references type="weak" candidates="5714" cleared="0" enqueued="0" />
  <references type="phantom" candidates="97" cleared="0" enqueued="0" />
  <stringconstants candidates="13272" cleared="0"  />
</gc-op>
<gc-op id="4550" type="sweep" timems="8.759" contextid="4546" timestamp="2019-08-08T07:22:37.877" />
<mem-info id="4551" free="60969520" total="78839808" percent="77">
  <mem type="tenure" free="60969520" total="78839808" percent="77" micro-fragmented="0">
    <mem type="soa" free="60182064" total="78052352" percent="77" />
    <mem type="loa" free="787456" total="787456" percent="100" />
  </mem>
</mem-info>
<gc-op id="4552" type="compact" timems="25.912" contextid="4546" timestamp="2019-08-08T07:22:37.903">
  <compact-info movecount="1516" movebytes="49968" reason="compact to aid heap contraction" />
</gc-op>
<heap-resize id="4553" type="expand" space="tenure" amount="327680" count="1" timems="0.020" reason="satisfy allocation request" timestamp="2019-08-08T07:22:37.903" />
<gc-end id="4554" type="global" contextid="4546" durationms="44.217" usertimems="99.757" systemtimems="0.000" timestamp="2019-08-08T07:22:37.903" activeThreads="16">
  <mem-info id="4555" free="61232416" total="79167488" percent="77">
    <mem type="tenure" free="61232416" total="79167488" percent="77">
      <mem type="soa" free="60440864" total="78375936" percent="77" />
      <mem type="loa" free="791552" total="791552" percent="100" />
    </mem>
  </mem-info>
</gc-end>
<cycle-end id="4556" type="global" contextid="4546" timestamp="2019-08-08T07:22:37.904" />
  <attribute name="elasticGC enabled" value="1" />
  <attribute name= "numThreadsSpecified" value="16" />
  <attribute name="heapSize specified" value="78839808" />
  <attribute name="Current GC Util" value="59" />
  <attribute name= "Current Time Running" value="125513" />
  <attribute name ="GC Interval" value="0" />
  <attribute name="Target GC Util Change" value ="80.000000" />
  <attribute name="Current GC Util Change" value="59.000000"/>
  <attribute name="Current Error" value="-429.000000" />
  <attribute name="Output H" value="79140544"/>
  <attribute name="Output I" value="200"/>
  <attribute name="Output T" value="16"/>
  <attribute name= "Current Time Running" value="125513" />
  <attribute name="GC Util currently" value="59" />
  <attribute name="CPU Util currently" value="44447122464" />
<allocation-satisfied id="4557" threadId="0000000000996F00" bytesRequested="488" />
<af-end id="4558" timestamp="2019-08-08T07:22:37.904" threadId="0000000000997888" success="true" />
<exclusive-end id="4559" timestamp="2019-08-08T07:22:37.904" durationms="44.398" />

<concurrent-kickoff id="4560" timestamp="2019-08-08T07:22:37.912">
  <kickoff reason="threshold reached" targetBytes="8302110" thresholdFreeBytes="1126800" remainingFree="1056776" tenureFreeBytes="1056776" />
</concurrent-kickoff>
<exclusive-start id="4561" timestamp="2019-08-08T07:22:37.912" intervalms="52.594">
  <response-info timems="0.021" idlems="0.021" threads="0" lastid="0000000000996F00" lastname="main" />
</exclusive-start>
<cycle-start id="4562" type="global" contextid="0" timestamp="2019-08-08T07:22:37.912" intervalms="52.548" />
<exclusive-end id="4563" timestamp="2019-08-08T07:22:37.912" durationms="0.023" />

<exclusive-start id="4564" timestamp="2019-08-08T07:22:37.912" intervalms="0.301">
  <response-info timems="0.007" idlems="0.007" threads="0" lastid="0000000000996F00" lastname="main" />
</exclusive-start>
<af-start id="4565" threadId="0000000000997888" totalBytesRequested="544" timestamp="2019-08-08T07:22:37.912" intervalms="52.900" />
<concurrent-aborted id="4566" timestamp="2019-08-08T07:22:37.912">
  <reason value="insufficient progress made" />
</concurrent-aborted>
<cycle-end id="4567" type="global" contextid="4562" timestamp="2019-08-08T07:22:37.912" />
  <attribute name="elasticGC enabled" value="1" />
  <attribute name= "numThreadsSpecified" value="16" />
  <attribute name="heapSize specified" value="78839808" />
  <attribute name="Current GC Util" value="59" />
  <attribute name= "Current Time Running" value="125513" />
  <attribute name ="GC Interval" value="0" />
  <attribute name="Target GC Util Change" value ="80.000000" />
  <attribute name="Current GC Util Change" value="59.000000"/>
  <attribute name="Current Error" value="-429.000000" />
  <attribute name="Output H" value="79140544"/>
  <attribute name="Output I" value="200"/>
  <attribute name="Output T" value="16"/>
  <attribute name= "Current Time Running" value="125513" />
  <attribute name="GC Util currently" value="59" />
  <attribute name="CPU Util currently" value="44447122464" />
<cycle-start id="4568" type="global" contextid="0" timestamp="2019-08-08T07:22:37.912" intervalms="0.361" />
<gc-start id="4569" type="global" contextid="4568" timestamp="2019-08-08T07:22:37.912">
  <mem-info id="4570" free="791552" total="79167488" percent="0">
    <mem type="tenure" free="791552" total="79167488" percent="0">
      <mem type="soa" free="0" total="78375936" percent="0" />
      <mem type="loa" free="791552" total="791552" percent="100" />
    </mem>
  </mem-info>
</gc-start>
<allocation-stats totalBytes="60398240" >
  <allocated-bytes non-tlh="0" tlh="60398240" />
  <largest-consumer threadName="main" threadId="0000000000996F00" bytes="60398240" />
</allocation-stats>
<gc-op id="4571" type="mark" timems="10.310" contextid="4568" timestamp="2019-08-08T07:22:37.922">
  <trace-info objectcount="596250" scancount="517243" scanbytes="13272984" />
  <finalization candidates="80" enqueued="0" />
  <ownableSynchronizers candidates="21" cleared="0" />
  <references type="soft" candidates="1843" cleared="0" enqueued="0" dynamicThreshold="24" maxThreshold="32" />
  <references type="weak" candidates="5714" cleared="0" enqueued="0" />
  <references type="phantom" candidates="97" cleared="0" enqueued="0" />
  <stringconstants candidates="13272" cleared="0"  />
</gc-op>
<gc-op id="4572" type="sweep" timems="13.735" contextid="4568" timestamp="2019-08-08T07:22:37.936" />
<mem-info id="4573" free="61297392" total="79167488" percent="77">
  <mem type="tenure" free="61297392" total="79167488" percent="77" micro-fragmented="0">
    <mem type="soa" free="60505840" total="78375936" percent="77" />
    <mem type="loa" free="791552" total="791552" percent="100" />
  </mem>
</mem-info>
<gc-op id="4574" type="compact" timems="23.901" contextid="4568" timestamp="2019-08-08T07:22:37.960">
  <compact-info movecount="3" movebytes="72" reason="compact to aid heap contraction" />
</gc-op>
<heap-resize id="4575" type="expand" space="tenure" amount="327680" count="1" timems="0.022" reason="satisfy allocation request" timestamp="2019-08-08T07:22:37.961" />
<gc-end id="4576" type="global" contextid="4568" durationms="48.791" usertimems="119.515" systemtimems="0.000" timestamp="2019-08-08T07:22:37.961" activeThreads="16">
  <mem-info id="4577" free="61560096" total="79495168" percent="77">
    <mem type="tenure" free="61560096" total="79495168" percent="77">
      <mem type="soa" free="60765472" total="78700544" percent="77" />
      <mem type="loa" free="794624" total="794624" percent="100" />
    </mem>
  </mem-info>
</gc-end>
<cycle-end id="4578" type="global" contextid="4568" timestamp="2019-08-08T07:22:37.961" />
  <attribute name="elasticGC enabled" value="1" />
  <attribute name= "numThreadsSpecified" value="16" />
  <attribute name="heapSize specified" value="79167488" />
  <attribute name="Current GC Util" value="62" />
  <attribute name= "Current Time Running" value="125571" />
  <attribute name ="GC Interval" value="0" />
  <attribute name="Target GC Util Change" value ="80.000000" />
  <attribute name="Current GC Util Change" value="62.000000"/>
  <attribute name="Current Error" value="83.000000" />
  <attribute name="Output H" value="79470584"/>
  <attribute name="Output I" value="2440"/>
  <attribute name="Output T" value="16"/>
  <attribute name= "Current Time Running" value="125571" />
  <attribute name="GC Util currently" value="62" />
  <attribute name="CPU Util currently" value="48165101008" />
<allocation-satisfied id="4579" threadId="0000000000996F00" bytesRequested="544" />
<af-end id="4580" timestamp="2019-08-08T07:22:37.961" threadId="0000000000997888" success="true" />
<exclusive-end id="4581" timestamp="2019-08-08T07:22:37.961" durationms="48.989" />

<concurrent-kickoff id="4582" timestamp="2019-08-08T07:22:37.970">
  <kickoff reason="threshold reached" targetBytes="8336474" thresholdFreeBytes="1131463" remainingFree="1122312" tenureFreeBytes="1122312" />
</concurrent-kickoff>
<exclusive-start id="4583" timestamp="2019-08-08T07:22:37.970" intervalms="57.869">
  <response-info timems="0.022" idlems="0.022" threads="0" lastid="0000000000996F00" lastname="main" />
</exclusive-start>
<cycle-start id="4584" type="global" contextid="0" timestamp="2019-08-08T07:22:37.970" intervalms="57.798" />
<exclusive-end id="4585" timestamp="2019-08-08T07:22:37.970" durationms="0.012" />

<exclusive-start id="4586" timestamp="2019-08-08T07:22:37.970" intervalms="0.342">
  <response-info timems="0.028" idlems="0.028" threads="0" lastid="0000000000996F00" lastname="main" />
</exclusive-start>
<af-start id="4587" threadId="0000000000997888" totalBytesRequested="488" timestamp="2019-08-08T07:22:37.970" intervalms="58.214" />
<concurrent-aborted id="4588" timestamp="2019-08-08T07:22:37.970">
  <reason value="insufficient progress made" />
</concurrent-aborted>
<cycle-end id="4589" type="global" contextid="4584" timestamp="2019-08-08T07:22:37.970" />
  <attribute name="elasticGC enabled" value="1" />
  <attribute name= "numThreadsSpecified" value="16" />
  <attribute name="heapSize specified" value="79167488" />
  <attribute name="Current GC Util" value="62" />
  <attribute name= "Current Time Running" value="125571" />
  <attribute name ="GC Interval" value="0" />
  <attribute name="Target GC Util Change" value ="80.000000" />
  <attribute name="Current GC Util Change" value="62.000000"/>
  <attribute name="Current Error" value="83.000000" />
  <attribute name="Output H" value="79470584"/>
  <attribute name="Output I" value="2440"/>
  <attribute name="Output T" value="16"/>
  <attribute name= "Current Time Running" value="125571" />
  <attribute name="GC Util currently" value="62" />
  <attribute name="CPU Util currently" value="48165101008" />
<cycle-start id="4590" type="global" contextid="0" timestamp="2019-08-08T07:22:37.970" intervalms="0.450" />
<gc-start id="4591" type="global" contextid="4590" timestamp="2019-08-08T07:22:37.970">
  <mem-info id="4592" free="794624" total="79495168" percent="0">
    <mem type="tenure" free="794624" total="79495168" percent="0">
      <mem type="soa" free="0" total="78700544" percent="0" />
      <mem type="loa" free="794624" total="794624" percent="100" />
    </mem>
  </mem-info>
</gc-start>
<allocation-stats totalBytes="60723280" >
  <allocated-bytes non-tlh="0" tlh="60723280" />
  <largest-consumer threadName="main" threadId="0000000000996F00" bytes="60723280" />
</allocation-stats>
<gc-op id="4593" type="mark" timems="9.215" contextid="4590" timestamp="2019-08-08T07:22:37.980">
  <trace-info objectcount="596250" scancount="517239" scanbytes="13272984" />
  <finalization candidates="80" enqueued="0" />
  <ownableSynchronizers candidates="21" cleared="0" />
  <references type="soft" candidates="1843" cleared="0" enqueued="0" dynamicThreshold="24" maxThreshold="32" />
  <references type="weak" candidates="5714" cleared="0" enqueued="0" />
  <references type="phantom" candidates="97" cleared="0" enqueued="0" />
  <stringconstants candidates="13272" cleared="0"  />
</gc-op>
<gc-op id="4594" type="sweep" timems="11.633" contextid="4590" timestamp="2019-08-08T07:22:37.991" />
<mem-info id="4595" free="61625240" total="79495168" percent="77">
  <mem type="tenure" free="61625240" total="79495168" percent="77" micro-fragmented="0">
    <mem type="soa" free="60830616" total="78700544" percent="77" />
    <mem type="loa" free="794624" total="794624" percent="100" />
  </mem>
</mem-info>
<gc-op id="4596" type="compact" timems="25.280" contextid="4590" timestamp="2019-08-08T07:22:38.017">
  <compact-info movecount="3" movebytes="72" reason="compact to aid heap contraction" />
</gc-op>
<heap-resize id="4597" type="expand" space="tenure" amount="327680" count="1" timems="0.028" reason="satisfy allocation request" timestamp="2019-08-08T07:22:38.017" />
<gc-end id="4598" type="global" contextid="4590" durationms="47.043" usertimems="97.550" systemtimems="0.000" timestamp="2019-08-08T07:22:38.017" activeThreads="16">
  <mem-info id="4599" free="61887776" total="79822848" percent="77">
    <mem type="tenure" free="61887776" total="79822848" percent="77">
      <mem type="soa" free="61090080" total="79025152" percent="77" />
      <mem type="loa" free="797696" total="797696" percent="100" />
    </mem>
  </mem-info>
</gc-end>
<cycle-end id="4600" type="global" contextid="4590" timestamp="2019-08-08T07:22:38.018" />
  <attribute name="elasticGC enabled" value="1" />
  <attribute name= "numThreadsSpecified" value="16" />
  <attribute name="heapSize specified" value="79495168" />
  <attribute name="Current GC Util" value="45" />
  <attribute name= "Current Time Running" value="125627" />
  <attribute name ="GC Interval" value="0" />
  <attribute name="Target GC Util Change" value ="80.000000" />
  <attribute name="Current GC Util Change" value="45.000000"/>
  <attribute name="Current Error" value="111.000000" />
  <attribute name="Output H" value="79798392"/>
  <attribute name="Output I" value="2584"/>
  <attribute name="Output T" value="16"/>
  <attribute name= "Current Time Running" value="125627" />
  <attribute name="GC Util currently" value="45" />
  <attribute name="CPU Util currently" value="45530971579" />
<allocation-satisfied id="4601" threadId="0000000000996F00" bytesRequested="488" />
<af-end id="4602" timestamp="2019-08-08T07:22:38.018" threadId="0000000000997888" success="true" />
<exclusive-end id="4603" timestamp="2019-08-08T07:22:38.018" durationms="47.306" />

<concurrent-kickoff id="4604" timestamp="2019-08-08T07:22:38.077">
  <kickoff reason="threshold reached" targetBytes="8370837" thresholdFreeBytes="1136128" remainingFree="1056776" tenureFreeBytes="1056776" />
</concurrent-kickoff>
<exclusive-start id="4605" timestamp="2019-08-08T07:22:38.077" intervalms="106.654">
  <response-info timems="0.015" idlems="0.015" threads="0" lastid="0000000000996F00" lastname="main" />
</exclusive-start>
<cycle-start id="4606" type="global" contextid="0" timestamp="2019-08-08T07:22:38.077" intervalms="106.595" />
<exclusive-end id="4607" timestamp="2019-08-08T07:22:38.077" durationms="0.063" />

<exclusive-start id="4608" timestamp="2019-08-08T07:22:38.078" intervalms="0.869">
  <response-info timems="0.037" idlems="0.037" threads="0" lastid="0000000000996F00" lastname="main" />
</exclusive-start>
<af-start id="4609" threadId="0000000000997888" totalBytesRequested="440" timestamp="2019-08-08T07:22:38.078" intervalms="107.526" />
<concurrent-aborted id="4610" timestamp="2019-08-08T07:22:38.078">
  <reason value="insufficient progress made" />
</concurrent-aborted>
<cycle-end id="4611" type="global" contextid="4606" timestamp="2019-08-08T07:22:38.078" />
  <attribute name="elasticGC enabled" value="1" />
  <attribute name= "numThreadsSpecified" value="16" />
  <attribute name="heapSize specified" value="79495168" />
  <attribute name="Current GC Util" value="45" />
  <attribute name= "Current Time Running" value="125627" />
  <attribute name ="GC Interval" value="0" />
  <attribute name="Target GC Util Change" value ="80.000000" />
  <attribute name="Current GC Util Change" value="45.000000"/>
  <attribute name="Current Error" value="111.000000" />
  <attribute name="Output H" value="79798392"/>
  <attribute name="Output I" value="2584"/>
  <attribute name="Output T" value="16"/>
  <attribute name= "Current Time Running" value="125627" />
  <attribute name="GC Util currently" value="45" />
  <attribute name="CPU Util currently" value="45530971579" />
<cycle-start id="4612" type="global" contextid="0" timestamp="2019-08-08T07:22:38.078" intervalms="0.893" />
<gc-start id="4613" type="global" contextid="4612" timestamp="2019-08-08T07:22:38.078">
  <mem-info id="4614" free="797696" total="79822848" percent="0">
    <mem type="tenure" free="797696" total="79822848" percent="0">
      <mem type="soa" free="0" total="79025152" percent="0" />
      <mem type="loa" free="797696" total="797696" percent="100" />
    </mem>
  </mem-info>
</gc-start>
<allocation-stats totalBytes="61069760" >
  <allocated-bytes non-tlh="0" tlh="61069760" />
  <largest-consumer threadName="main" threadId="0000000000996F00" bytes="61069760" />
</allocation-stats>
<gc-op id="4615" type="mark" timems="10.779" contextid="4612" timestamp="2019-08-08T07:22:38.089">
  <trace-info objectcount="596256" scancount="517252" scanbytes="13273232" />
  <finalization candidates="80" enqueued="0" />
  <ownableSynchronizers candidates="21" cleared="0" />
  <references type="soft" candidates="1843" cleared="0" enqueued="0" dynamicThreshold="24" maxThreshold="32" />
  <references type="weak" candidates="5714" cleared="0" enqueued="0" />
  <references type="phantom" candidates="97" cleared="0" enqueued="0" />
  <stringconstants candidates="13272" cleared="0"  />
</gc-op>
<gc-op id="4616" type="sweep" timems="11.057" contextid="4612" timestamp="2019-08-08T07:22:38.100" />
<mem-info id="4617" free="61951720" total="79822848" percent="77">
  <mem type="tenure" free="61951720" total="79822848" percent="77" micro-fragmented="0">
    <mem type="soa" free="61154024" total="79025152" percent="77" />
    <mem type="loa" free="797696" total="797696" percent="100" />
  </mem>
</mem-info>
<gc-op id="4618" type="compact" timems="25.559" contextid="4612" timestamp="2019-08-08T07:22:38.125">
  <compact-info movecount="1520" movebytes="49560" reason="compact to aid heap contraction" />
</gc-op>
<heap-resize id="4619" type="expand" space="tenure" amount="327680" count="1" timems="0.020" reason="satisfy allocation request" timestamp="2019-08-08T07:22:38.126" />
<gc-end id="4620" type="global" contextid="4612" durationms="48.180" usertimems="108.059" systemtimems="0.000" timestamp="2019-08-08T07:22:38.126" activeThreads="16">
  <mem-info id="4621" free="62215816" total="80150528" percent="77">
    <mem type="tenure" free="62215816" total="80150528" percent="77">
      <mem type="soa" free="61415048" total="79349760" percent="77" />
      <mem type="loa" free="800768" total="800768" percent="100" />
    </mem>
  </mem-info>
</gc-end>
<cycle-end id="4622" type="global" contextid="4612" timestamp="2019-08-08T07:22:38.126" />
  <attribute name="elasticGC enabled" value="1" />
  <attribute name= "numThreadsSpecified" value="16" />
  <attribute name="heapSize specified" value="79822848" />
  <attribute name="Current GC Util" value="68" />
  <attribute name= "Current Time Running" value="125736" />
  <attribute name ="GC Interval" value="0" />
  <attribute name="Target GC Util Change" value ="80.000000" />
  <attribute name="Current GC Util Change" value="68.000000"/>
  <attribute name="Current Error" value="12.000000" />
  <attribute name="Output H" value="80125616"/>
  <attribute name="Output I" value="2072"/>
  <attribute name="Output T" value="16"/>
  <attribute name= "Current Time Running" value="125736" />
  <attribute name="GC Util currently" value="68" />
  <attribute name="CPU Util currently" value="45055949582" />
<allocation-satisfied id="4623" threadId="0000000000996F00" bytesRequested="440" />
<af-end id="4624" timestamp="2019-08-08T07:22:38.126" threadId="0000000000997888" success="true" />
<exclusive-end id="4625" timestamp="2019-08-08T07:22:38.126" durationms="48.385" />

<concurrent-kickoff id="4626" timestamp="2019-08-08T07:22:38.176">
  <kickoff reason="threshold reached" targetBytes="8405199" thresholdFreeBytes="1140791" remainingFree="1121552" tenureFreeBytes="1121552" />
</concurrent-kickoff>
<exclusive-start id="4627" timestamp="2019-08-08T07:22:38.176" intervalms="98.310">
  <response-info timems="0.019" idlems="0.019" threads="0" lastid="0000000000996F00" lastname="main" />
</exclusive-start>
<cycle-start id="4628" type="global" contextid="0" timestamp="2019-08-08T07:22:38.176" intervalms="98.251" />
<exclusive-end id="4629" timestamp="2019-08-08T07:22:38.176" durationms="0.027" />

<exclusive-start id="4630" timestamp="2019-08-08T07:22:38.176" intervalms="0.357">
  <response-info timems="0.021" idlems="0.021" threads="0" lastid="0000000000996F00" lastname="main" />
</exclusive-start>
<af-start id="4631" threadId="0000000000997888" totalBytesRequested="32" timestamp="2019-08-08T07:22:38.176" intervalms="98.655" />
<concurrent-aborted id="4632" timestamp="2019-08-08T07:22:38.176">
  <reason value="insufficient progress made" />
</concurrent-aborted>
<cycle-end id="4633" type="global" contextid="4628" timestamp="2019-08-08T07:22:38.176" />
  <attribute name="elasticGC enabled" value="1" />
  <attribute name= "numThreadsSpecified" value="16" />
  <attribute name="heapSize specified" value="79822848" />
  <attribute name="Current GC Util" value="68" />
  <attribute name= "Current Time Running" value="125736" />
  <attribute name ="GC Interval" value="0" />
  <attribute name="Target GC Util Change" value ="80.000000" />
  <attribute name="Current GC Util Change" value="68.000000"/>
  <attribute name="Current Error" value="12.000000" />
  <attribute name="Output H" value="80125616"/>
  <attribute name="Output I" value="2072"/>
  <attribute name="Output T" value="16"/>
  <attribute name= "Current Time Running" value="125736" />
  <attribute name="GC Util currently" value="68" />
  <attribute name="CPU Util currently" value="45055949582" />
<cycle-start id="4634" type="global" contextid="0" timestamp="2019-08-08T07:22:38.177" intervalms="0.400" />
<gc-start id="4635" type="global" contextid="4634" timestamp="2019-08-08T07:22:38.177">
  <mem-info id="4636" free="800768" total="80150528" percent="0">
    <mem type="tenure" free="800768" total="80150528" percent="0">
      <mem type="soa" free="0" total="79349760" percent="0" />
      <mem type="loa" free="800768" total="800768" percent="100" />
    </mem>
  </mem-info>
</gc-start>
<allocation-stats totalBytes="61430816" >
  <allocated-bytes non-tlh="0" tlh="61430816" />
  <largest-consumer threadName="main" threadId="0000000000996F00" bytes="61430816" />
</allocation-stats>
<gc-op id="4637" type="mark" timems="9.114" contextid="4634" timestamp="2019-08-08T07:22:38.186">
  <trace-info objectcount="596253" scancount="517250" scanbytes="13274008" />
  <finalization candidates="80" enqueued="0" />
  <ownableSynchronizers candidates="21" cleared="0" />
  <references type="soft" candidates="1843" cleared="0" enqueued="0" dynamicThreshold="24" maxThreshold="32" />
  <references type="weak" candidates="5714" cleared="0" enqueued="0" />
  <references type="phantom" candidates="97" cleared="0" enqueued="0" />
  <stringconstants candidates="13272" cleared="0"  />
</gc-op>
<gc-op id="4638" type="sweep" timems="13.357" contextid="4634" timestamp="2019-08-08T07:22:38.199" />
<mem-info id="4639" free="62280288" total="80150528" percent="77">
  <mem type="tenure" free="62280288" total="80150528" percent="77" micro-fragmented="0">
    <mem type="soa" free="61479520" total="79349760" percent="77" />
    <mem type="loa" free="800768" total="800768" percent="100" />
  </mem>
</mem-info>
<gc-op id="4640" type="compact" timems="35.985" contextid="4634" timestamp="2019-08-08T07:22:38.235">
  <compact-info movecount="1513" movebytes="49792" reason="compact to aid heap contraction" />
</gc-op>
<heap-resize id="4641" type="expand" space="tenure" amount="327680" count="1" timems="0.024" reason="satisfy allocation request" timestamp="2019-08-08T07:22:38.236" />
<gc-end id="4642" type="global" contextid="4634" durationms="59.394" usertimems="112.383" systemtimems="0.000" timestamp="2019-08-08T07:22:38.236" activeThreads="16">
  <mem-info id="4643" free="62543168" total="80478208" percent="77">
    <mem type="tenure" free="62543168" total="80478208" percent="77">
      <mem type="soa" free="61739328" total="79674368" percent="77" />
      <mem type="loa" free="803840" total="803840" percent="100" />
    </mem>
  </mem-info>
</gc-end>
<cycle-end id="4644" type="global" contextid="4634" timestamp="2019-08-08T07:22:38.236" />
  <attribute name="elasticGC enabled" value="1" />
  <attribute name= "numThreadsSpecified" value="16" />
  <attribute name="heapSize specified" value="80150528" />
  <attribute name="Current GC Util" value="25" />
  <attribute name= "Current Time Running" value="125846" />
  <attribute name ="GC Interval" value="0" />
  <attribute name="Target GC Util Change" value ="80.000000" />
  <attribute name="Current GC Util Change" value="25.000000"/>
  <attribute name="Current Error" value="-257.000000" />
  <attribute name="Output H" value="80452056"/>
  <attribute name="Output I" value="680"/>
  <attribute name="Output T" value="16"/>
  <attribute name= "Current Time Running" value="125846" />
  <attribute name="GC Util currently" value="25" />
  <attribute name="CPU Util currently" value="32007066969" />
<allocation-satisfied id="4645" threadId="0000000000996F00" bytesRequested="32" />
<af-end id="4646" timestamp="2019-08-08T07:22:38.236" threadId="0000000000997888" success="true" />
<exclusive-end id="4647" timestamp="2019-08-08T07:22:38.236" durationms="59.582" />

<concurrent-kickoff id="4648" timestamp="2019-08-08T07:22:38.289">
  <kickoff reason="threshold reached" targetBytes="8439564" thresholdFreeBytes="1145456" remainingFree="1056360" tenureFreeBytes="1056360" />
</concurrent-kickoff>
<exclusive-start id="4649" timestamp="2019-08-08T07:22:38.289" intervalms="112.318">
  <response-info timems="0.015" idlems="0.015" threads="0" lastid="0000000000996F00" lastname="main" />
</exclusive-start>
<cycle-start id="4650" type="global" contextid="0" timestamp="2019-08-08T07:22:38.289" intervalms="112.291" />
<exclusive-end id="4651" timestamp="2019-08-08T07:22:38.289" durationms="0.043" />

<exclusive-start id="4652" timestamp="2019-08-08T07:22:38.289" intervalms="0.714">
  <response-info timems="0.036" idlems="0.036" threads="0" lastid="0000000000996F00" lastname="main" />
</exclusive-start>
<af-start id="4653" threadId="0000000000997888" totalBytesRequested="2024" timestamp="2019-08-08T07:22:38.290" intervalms="113.033" />
<concurrent-aborted id="4654" timestamp="2019-08-08T07:22:38.290">
  <reason value="insufficient progress made" />
</concurrent-aborted>
<cycle-end id="4655" type="global" contextid="4650" timestamp="2019-08-08T07:22:38.290" />
  <attribute name="elasticGC enabled" value="1" />
  <attribute name= "numThreadsSpecified" value="16" />
  <attribute name="heapSize specified" value="80150528" />
  <attribute name="Current GC Util" value="25" />
  <attribute name= "Current Time Running" value="125846" />
  <attribute name ="GC Interval" value="0" />
  <attribute name="Target GC Util Change" value ="80.000000" />
  <attribute name="Current GC Util Change" value="25.000000"/>
  <attribute name="Current Error" value="-257.000000" />
  <attribute name="Output H" value="80452056"/>
  <attribute name="Output I" value="680"/>
  <attribute name="Output T" value="16"/>
  <attribute name= "Current Time Running" value="125846" />
  <attribute name="GC Util currently" value="25" />
  <attribute name="CPU Util currently" value="32007066969" />
<cycle-start id="4656" type="global" contextid="0" timestamp="2019-08-08T07:22:38.290" intervalms="0.742" />
<gc-start id="4657" type="global" contextid="4656" timestamp="2019-08-08T07:22:38.290">
  <mem-info id="4658" free="803840" total="80478208" percent="0">
    <mem type="tenure" free="803840" total="80478208" percent="0">
      <mem type="soa" free="0" total="79674368" percent="0" />
      <mem type="loa" free="803840" total="803840" percent="100" />
    </mem>
  </mem-info>
</gc-start>
<allocation-stats totalBytes="61746560" >
  <allocated-bytes non-tlh="0" tlh="61746560" />
  <largest-consumer threadName="main" threadId="0000000000996F00" bytes="61746560" />
</allocation-stats>
<gc-op id="4659" type="mark" timems="9.502" contextid="4656" timestamp="2019-08-08T07:22:38.299">
  <trace-info objectcount="596301" scancount="517287" scanbytes="13274316" />
  <finalization candidates="80" enqueued="0" />
  <ownableSynchronizers candidates="21" cleared="0" />
  <references type="soft" candidates="1849" cleared="0" enqueued="0" dynamicThreshold="24" maxThreshold="32" />
  <references type="weak" candidates="5714" cleared="0" enqueued="0" />
  <references type="phantom" candidates="97" cleared="0" enqueued="0" />
  <stringconstants candidates="13272" cleared="0"  />
</gc-op>
<gc-op id="4660" type="sweep" timems="12.198" contextid="4656" timestamp="2019-08-08T07:22:38.311" />
<mem-info id="4661" free="62578704" total="80478208" percent="77">
  <mem type="tenure" free="62578704" total="80478208" percent="77" micro-fragmented="0">
    <mem type="soa" free="61774864" total="79674368" percent="77" />
    <mem type="loa" free="803840" total="803840" percent="100" />
  </mem>
</mem-info>
<gc-op id="4662" type="compact" timems="23.686" contextid="4656" timestamp="2019-08-08T07:22:38.335">
  <compact-info movecount="1559" movebytes="75432" reason="compact to aid heap contraction" />
</gc-op>
<heap-resize id="4663" type="expand" space="tenure" amount="327680" count="1" timems="0.020" reason="satisfy allocation request" timestamp="2019-08-08T07:22:38.336" />
<gc-end id="4664" type="global" contextid="4656" durationms="46.072" usertimems="94.526" systemtimems="0.000" timestamp="2019-08-08T07:22:38.336" activeThreads="16">
  <mem-info id="4665" free="62845160" total="80805888" percent="77">
    <mem type="tenure" free="62845160" total="80805888" percent="77">
      <mem type="soa" free="62037224" total="79997952" percent="77" />
      <mem type="loa" free="807936" total="807936" percent="100" />
    </mem>
  </mem-info>
</gc-end>
<cycle-end id="4666" type="global" contextid="4656" timestamp="2019-08-08T07:22:38.336" />
  <attribute name="elasticGC enabled" value="1" />
  <attribute name= "numThreadsSpecified" value="16" />
  <attribute name="heapSize specified" value="80478208" />
  <attribute name="Current GC Util" value="42" />
  <attribute name= "Current Time Running" value="125946" />
  <attribute name ="GC Interval" value="0" />
  <attribute name="Target GC Util Change" value ="80.000000" />
  <attribute name="Current GC Util Change" value="42.000000"/>
  <attribute name="Current Error" value="-270.000000" />
  <attribute name="Output H" value="80779680"/>
  <attribute name="Output I" value="608"/>
  <attribute name="Output T" value="16"/>
  <attribute name= "Current Time Running" value="125946" />
  <attribute name="GC Util currently" value="42" />
  <attribute name="CPU Util currently" value="48590891265" />
<allocation-satisfied id="4667" threadId="0000000000996F00" bytesRequested="2024" />
<af-end id="4668" timestamp="2019-08-08T07:22:38.336" threadId="0000000000997888" success="true" />
<exclusive-end id="4669" timestamp="2019-08-08T07:22:38.336" durationms="46.266" />

<concurrent-kickoff id="4670" timestamp="2019-08-08T07:22:38.412">
  <kickoff reason="threshold reached" targetBytes="8473926" thresholdFreeBytes="1150119" remainingFree="1118280" tenureFreeBytes="1118280" />
</concurrent-kickoff>
<exclusive-start id="4671" timestamp="2019-08-08T07:22:38.412" intervalms="122.336">
  <response-info timems="0.015" idlems="0.015" threads="0" lastid="0000000000996F00" lastname="main" />
</exclusive-start>
<cycle-start id="4672" type="global" contextid="0" timestamp="2019-08-08T07:22:38.412" intervalms="122.278" />
<exclusive-end id="4673" timestamp="2019-08-08T07:22:38.412" durationms="0.012" />

<exclusive-start id="4674" timestamp="2019-08-08T07:22:38.413" intervalms="1.286">
  <response-info timems="0.022" idlems="0.022" threads="0" lastid="0000000000996F00" lastname="main" />
</exclusive-start>
<af-start id="4675" threadId="0000000000997888" totalBytesRequested="32" timestamp="2019-08-08T07:22:38.413" intervalms="123.623" />
<concurrent-aborted id="4676" timestamp="2019-08-08T07:22:38.413">
  <reason value="insufficient progress made" />
</concurrent-aborted>
<cycle-end id="4677" type="global" contextid="4672" timestamp="2019-08-08T07:22:38.413" />
  <attribute name="elasticGC enabled" value="1" />
  <attribute name= "numThreadsSpecified" value="16" />
  <attribute name="heapSize specified" value="80478208" />
  <attribute name="Current GC Util" value="42" />
  <attribute name= "Current Time Running" value="125946" />
  <attribute name ="GC Interval" value="0" />
  <attribute name="Target GC Util Change" value ="80.000000" />
  <attribute name="Current GC Util Change" value="42.000000"/>
  <attribute name="Current Error" value="-270.000000" />
  <attribute name="Output H" value="80779680"/>
  <attribute name="Output I" value="608"/>
  <attribute name="Output T" value="16"/>
  <attribute name= "Current Time Running" value="125946" />
  <attribute name="GC Util currently" value="42" />
  <attribute name="CPU Util currently" value="48590891265" />
<cycle-start id="4678" type="global" contextid="0" timestamp="2019-08-08T07:22:38.413" intervalms="1.344" />
<gc-start id="4679" type="global" contextid="4678" timestamp="2019-08-08T07:22:38.413">
  <mem-info id="4680" free="807936" total="80805888" percent="0">
    <mem type="tenure" free="807936" total="80805888" percent="0">
      <mem type="soa" free="0" total="79997952" percent="0" />
      <mem type="loa" free="807936" total="807936" percent="100" />
    </mem>
  </mem-info>
</gc-start>
<allocation-stats totalBytes="62025160" >
  <allocated-bytes non-tlh="0" tlh="62025160" />
  <largest-consumer threadName="main" threadId="0000000000996F00" bytes="62025160" />
</allocation-stats>
<gc-op id="4681" type="mark" timems="9.687" contextid="4678" timestamp="2019-08-08T07:22:38.423">
  <trace-info objectcount="596290" scancount="517279" scanbytes="13274152" />
  <finalization candidates="80" enqueued="0" />
  <ownableSynchronizers candidates="21" cleared="0" />
  <references type="soft" candidates="1849" cleared="0" enqueued="0" dynamicThreshold="24" maxThreshold="32" />
  <references type="weak" candidates="5714" cleared="0" enqueued="0" />
  <references type="phantom" candidates="97" cleared="0" enqueued="0" />
  <stringconstants candidates="13272" cleared="0"  />
</gc-op>
<gc-op id="4682" type="sweep" timems="16.788" contextid="4678" timestamp="2019-08-08T07:22:38.440" />
<mem-info id="4683" free="62917160" total="80805888" percent="77">
  <mem type="tenure" free="62917160" total="80805888" percent="77" micro-fragmented="0">
    <mem type="soa" free="62109224" total="79997952" percent="77" />
    <mem type="loa" free="807936" total="807936" percent="100" />
  </mem>
</mem-info>
<gc-op id="4684" type="compact" timems="23.472" contextid="4678" timestamp="2019-08-08T07:22:38.463">
  <compact-info movecount="662" movebytes="37992" reason="compact to aid heap contraction" />
</gc-op>
<heap-resize id="4685" type="expand" space="tenure" amount="327680" count="1" timems="0.022" reason="satisfy allocation request" timestamp="2019-08-08T07:22:38.464" />
<gc-end id="4686" type="global" contextid="4678" durationms="50.835" usertimems="103.231" systemtimems="0.000" timestamp="2019-08-08T07:22:38.464" activeThreads="16">
  <mem-info id="4687" free="63180272" total="81133568" percent="77">
    <mem type="tenure" free="63180272" total="81133568" percent="77">
      <mem type="soa" free="62369264" total="80322560" percent="77" />
      <mem type="loa" free="811008" total="811008" percent="100" />
    </mem>
  </mem-info>
</gc-end>
<cycle-end id="4688" type="global" contextid="4678" timestamp="2019-08-08T07:22:38.464" />
  <attribute name="elasticGC enabled" value="1" />
  <attribute name= "numThreadsSpecified" value="16" />
  <attribute name="heapSize specified" value="80805888" />
  <attribute name="Current GC Util" value="49" />
  <attribute name= "Current Time Running" value="126074" />
  <attribute name ="GC Interval" value="0" />
  <attribute name="Target GC Util Change" value ="80.000000" />
  <attribute name="Current GC Util Change" value="49.000000"/>
  <attribute name="Current Error" value="-305.000000" />
  <attribute name="Output H" value="81107192"/>
  <attribute name="Output I" value="424"/>
  <attribute name="Output T" value="16"/>
  <attribute name= "Current Time Running" value="126074" />
  <attribute name="GC Util currently" value="49" />
  <attribute name="CPU Util currently" value="49057774288" />
<allocation-satisfied id="4689" threadId="0000000000996F00" bytesRequested="32" />
<af-end id="4690" timestamp="2019-08-08T07:22:38.464" threadId="0000000000997888" success="true" />
<exclusive-end id="4691" timestamp="2019-08-08T07:22:38.464" durationms="51.019" />

<concurrent-kickoff id="4692" timestamp="2019-08-08T07:22:38.573">
  <kickoff reason="threshold reached" targetBytes="8508290" thresholdFreeBytes="1154783" remainingFree="1056024" tenureFreeBytes="1056024" />
</concurrent-kickoff>
<exclusive-start id="4693" timestamp="2019-08-08T07:22:38.573" intervalms="160.286">
  <response-info timems="0.017" idlems="0.017" threads="0" lastid="0000000000996F00" lastname="main" />
</exclusive-start>
<cycle-start id="4694" type="global" contextid="0" timestamp="2019-08-08T07:22:38.573" intervalms="160.236" />
<exclusive-end id="4695" timestamp="2019-08-08T07:22:38.573" durationms="0.021" />

<exclusive-start id="4696" timestamp="2019-08-08T07:22:38.574" intervalms="1.067">
  <response-info timems="0.030" idlems="0.030" threads="0" lastid="0000000000996F00" lastname="main" />
</exclusive-start>
<af-start id="4697" threadId="0000000000997888" totalBytesRequested="80" timestamp="2019-08-08T07:22:38.575" intervalms="161.362" />
<concurrent-aborted id="4698" timestamp="2019-08-08T07:22:38.575">
  <reason value="insufficient progress made" />
</concurrent-aborted>
<cycle-end id="4699" type="global" contextid="4694" timestamp="2019-08-08T07:22:38.575" />
  <attribute name="elasticGC enabled" value="1" />
  <attribute name= "numThreadsSpecified" value="16" />
  <attribute name="heapSize specified" value="80805888" />
  <attribute name="Current GC Util" value="49" />
  <attribute name= "Current Time Running" value="126074" />
  <attribute name ="GC Interval" value="0" />
  <attribute name="Target GC Util Change" value ="80.000000" />
  <attribute name="Current GC Util Change" value="49.000000"/>
  <attribute name="Current Error" value="-305.000000" />
  <attribute name="Output H" value="81107192"/>
  <attribute name="Output I" value="424"/>
  <attribute name="Output T" value="16"/>
  <attribute name= "Current Time Running" value="126074" />
  <attribute name="GC Util currently" value="49" />
  <attribute name="CPU Util currently" value="49057774288" />
<cycle-start id="4700" type="global" contextid="0" timestamp="2019-08-08T07:22:38.575" intervalms="1.148" />
<gc-start id="4701" type="global" contextid="4700" timestamp="2019-08-08T07:22:38.575">
  <mem-info id="4702" free="811008" total="81133568" percent="0">
    <mem type="tenure" free="811008" total="81133568" percent="0">
      <mem type="soa" free="0" total="80322560" percent="0" />
      <mem type="loa" free="811008" total="811008" percent="100" />
    </mem>
  </mem-info>
</gc-start>
<allocation-stats totalBytes="62424720" >
  <allocated-bytes non-tlh="0" tlh="62424720" />
  <largest-consumer threadName="main" threadId="0000000000996F00" bytes="62424720" />
</allocation-stats>
<gc-op id="4703" type="mark" timems="8.682" contextid="4700" timestamp="2019-08-08T07:22:38.583">
  <trace-info objectcount="596289" scancount="517279" scanbytes="13274232" />
  <finalization candidates="80" enqueued="0" />
  <ownableSynchronizers candidates="21" cleared="0" />
  <references type="soft" candidates="1849" cleared="0" enqueued="0" dynamicThreshold="24" maxThreshold="32" />
  <references type="weak" candidates="5714" cleared="0" enqueued="0" />
  <references type="phantom" candidates="97" cleared="0" enqueued="0" />
  <stringconstants candidates="13272" cleared="0"  />
</gc-op>
<gc-op id="4704" type="sweep" timems="14.512" contextid="4700" timestamp="2019-08-08T07:22:38.598" />
<mem-info id="4705" free="63245112" total="81133568" percent="77">
  <mem type="tenure" free="63245112" total="81133568" percent="77" micro-fragmented="0">
    <mem type="soa" free="62434104" total="80322560" percent="77" />
    <mem type="loa" free="811008" total="811008" percent="100" />
  </mem>
</mem-info>
<gc-op id="4706" type="compact" timems="24.115" contextid="4700" timestamp="2019-08-08T07:22:38.622">
  <compact-info movecount="637" movebytes="37344" reason="compact to aid heap contraction" />
</gc-op>
<heap-resize id="4707" type="expand" space="tenure" amount="327680" count="1" timems="0.019" reason="satisfy allocation request" timestamp="2019-08-08T07:22:38.623" />
<gc-end id="4708" type="global" contextid="4700" durationms="48.100" usertimems="99.165" systemtimems="0.000" timestamp="2019-08-08T07:22:38.623" activeThreads="16">
  <mem-info id="4709" free="63507904" total="81461248" percent="77">
    <mem type="tenure" free="63507904" total="81461248" percent="77">
      <mem type="soa" free="62693824" total="80647168" percent="77" />
      <mem type="loa" free="814080" total="814080" percent="100" />
    </mem>
  </mem-info>
</gc-end>
<cycle-end id="4710" type="global" contextid="4700" timestamp="2019-08-08T07:22:38.623" />
  <attribute name="elasticGC enabled" value="1" />
  <attribute name= "numThreadsSpecified" value="16" />
  <attribute name="heapSize specified" value="81133568" />
  <attribute name="Current GC Util" value="49" />
  <attribute name= "Current Time Running" value="126232" />
  <attribute name ="GC Interval" value="0" />
  <attribute name="Target GC Util Change" value ="80.000000" />
  <attribute name="Current GC Util Change" value="49.000000"/>
  <attribute name="Current Error" value="61.000000" />
  <attribute name="Output H" value="81436568"/>
  <attribute name="Output I" value="2328"/>
  <attribute name="Output T" value="16"/>
  <attribute name= "Current Time Running" value="126232" />
  <attribute name="GC Util currently" value="49" />
  <attribute name="CPU Util currently" value="47766984471" />
<allocation-satisfied id="4711" threadId="0000000000996F00" bytesRequested="80" />
<af-end id="4712" timestamp="2019-08-08T07:22:38.623" threadId="0000000000997888" success="true" />
<exclusive-end id="4713" timestamp="2019-08-08T07:22:38.623" durationms="48.393" />

<concurrent-kickoff id="4714" timestamp="2019-08-08T07:22:38.723">
  <kickoff reason="threshold reached" targetBytes="8542652" thresholdFreeBytes="1159447" remainingFree="1122128" tenureFreeBytes="1122128" />
</concurrent-kickoff>
<exclusive-start id="4715" timestamp="2019-08-08T07:22:38.723" intervalms="149.016">
  <response-info timems="0.018" idlems="0.018" threads="0" lastid="0000000000996F00" lastname="main" />
</exclusive-start>
<cycle-start id="4716" type="global" contextid="0" timestamp="2019-08-08T07:22:38.723" intervalms="148.942" />
<exclusive-end id="4717" timestamp="2019-08-08T07:22:38.724" durationms="0.027" />

<exclusive-start id="4718" timestamp="2019-08-08T07:22:38.724" intervalms="1.005">
  <response-info timems="0.019" idlems="0.019" threads="0" lastid="0000000000996F00" lastname="main" />
</exclusive-start>
<af-start id="4719" threadId="0000000000997888" totalBytesRequested="80" timestamp="2019-08-08T07:22:38.725" intervalms="150.011" />
<concurrent-aborted id="4720" timestamp="2019-08-08T07:22:38.725">
  <reason value="insufficient progress made" />
</concurrent-aborted>
<cycle-end id="4721" type="global" contextid="4716" timestamp="2019-08-08T07:22:38.725" />
  <attribute name="elasticGC enabled" value="1" />
  <attribute name= "numThreadsSpecified" value="16" />
  <attribute name="heapSize specified" value="81133568" />
  <attribute name="Current GC Util" value="49" />
  <attribute name= "Current Time Running" value="126232" />
  <attribute name ="GC Interval" value="0" />
  <attribute name="Target GC Util Change" value ="80.000000" />
  <attribute name="Current GC Util Change" value="49.000000"/>
  <attribute name="Current Error" value="61.000000" />
  <attribute name="Output H" value="81436568"/>
  <attribute name="Output I" value="2328"/>
  <attribute name="Output T" value="16"/>
  <attribute name= "Current Time Running" value="126232" />
  <attribute name="GC Util currently" value="49" />
  <attribute name="CPU Util currently" value="47766984471" />
<cycle-start id="4722" type="global" contextid="0" timestamp="2019-08-08T07:22:38.725" intervalms="1.048" />
<gc-start id="4723" type="global" contextid="4722" timestamp="2019-08-08T07:22:38.725">
  <mem-info id="4724" free="814080" total="81461248" percent="0">
    <mem type="tenure" free="814080" total="81461248" percent="0">
      <mem type="soa" free="0" total="80647168" percent="0" />
      <mem type="loa" free="814080" total="814080" percent="100" />
    </mem>
  </mem-info>
</gc-start>
<allocation-stats totalBytes="62747992" >
  <allocated-bytes non-tlh="0" tlh="62747992" />
  <largest-consumer threadName="main" threadId="0000000000996F00" bytes="62747992" />
</allocation-stats>
<gc-op id="4725" type="mark" timems="8.838" contextid="4722" timestamp="2019-08-08T07:22:38.733">
  <trace-info objectcount="596287" scancount="517275" scanbytes="13274140" />
  <finalization candidates="80" enqueued="0" />
  <ownableSynchronizers candidates="21" cleared="0" />
  <references type="soft" candidates="1849" cleared="0" enqueued="0" dynamicThreshold="24" maxThreshold="32" />
  <references type="weak" candidates="5714" cleared="0" enqueued="0" />
  <references type="phantom" candidates="97" cleared="0" enqueued="0" />
  <stringconstants candidates="13272" cleared="0"  />
</gc-op>
<gc-op id="4726" type="sweep" timems="17.403" contextid="4722" timestamp="2019-08-08T07:22:38.751" />
<mem-info id="4727" free="63573536" total="81461248" percent="78">
  <mem type="tenure" free="63573536" total="81461248" percent="78" micro-fragmented="0">
    <mem type="soa" free="62759456" total="80647168" percent="77" />
    <mem type="loa" free="814080" total="814080" percent="100" />
  </mem>
</mem-info>
<gc-op id="4728" type="compact" timems="26.113" contextid="4722" timestamp="2019-08-08T07:22:38.777">
  <compact-info movecount="1" movebytes="24" reason="compact to aid heap contraction" />
</gc-op>
<heap-resize id="4729" type="expand" space="tenure" amount="327680" count="1" timems="0.023" reason="satisfy allocation request" timestamp="2019-08-08T07:22:38.778" />
<gc-end id="4730" type="global" contextid="4722" durationms="53.448" usertimems="111.932" systemtimems="0.000" timestamp="2019-08-08T07:22:38.778" activeThreads="16">
  <mem-info id="4731" free="63835680" total="81788928" percent="78">
    <mem type="tenure" free="63835680" total="81788928" percent="78">
      <mem type="soa" free="63018528" total="80971776" percent="77" />
      <mem type="loa" free="817152" total="817152" percent="100" />
    </mem>
  </mem-info>
</gc-end>
<cycle-end id="4732" type="global" contextid="4722" timestamp="2019-08-08T07:22:38.778" />
  <attribute name="elasticGC enabled" value="1" />
  <attribute name= "numThreadsSpecified" value="16" />
  <attribute name="heapSize specified" value="81461248" />
  <attribute name="Current GC Util" value="70" />
  <attribute name= "Current Time Running" value="126388" />
  <attribute name ="GC Interval" value="0" />
  <attribute name="Target GC Util Change" value ="80.000000" />
  <attribute name="Current GC Util Change" value="70.000000"/>
  <attribute name="Current Error" value="81.000000" />
  <attribute name="Output H" value="81764336"/>
  <attribute name="Output I" value="2432"/>
  <attribute name="Output T" value="16"/>
  <attribute name= "Current Time Running" value="126388" />
  <attribute name="GC Util currently" value="70" />
  <attribute name="CPU Util currently" value="44101656145" />
<allocation-satisfied id="4733" threadId="0000000000996F00" bytesRequested="80" />
<af-end id="4734" timestamp="2019-08-08T07:22:38.778" threadId="0000000000997888" success="true" />
<exclusive-end id="4735" timestamp="2019-08-08T07:22:38.778" durationms="53.628" />

<concurrent-kickoff id="4736" timestamp="2019-08-08T07:22:38.880">
  <kickoff reason="threshold reached" targetBytes="8577015" thresholdFreeBytes="1164111" remainingFree="1056688" tenureFreeBytes="1056688" />
</concurrent-kickoff>
<exclusive-start id="4737" timestamp="2019-08-08T07:22:38.880" intervalms="155.270">
  <response-info timems="0.021" idlems="0.021" threads="0" lastid="0000000000996F00" lastname="main" />
</exclusive-start>
<cycle-start id="4738" type="global" contextid="0" timestamp="2019-08-08T07:22:38.880" intervalms="155.214" />
<exclusive-end id="4739" timestamp="2019-08-08T07:22:38.880" durationms="0.015" />

<exclusive-start id="4740" timestamp="2019-08-08T07:22:38.881" intervalms="1.078">
  <response-info timems="0.010" idlems="0.010" threads="0" lastid="0000000000996F00" lastname="main" />
</exclusive-start>
<af-start id="4741" threadId="0000000000997888" totalBytesRequested="24" timestamp="2019-08-08T07:22:38.881" intervalms="156.352" />
<concurrent-aborted id="4742" timestamp="2019-08-08T07:22:38.881">
  <reason value="insufficient progress made" />
</concurrent-aborted>
<cycle-end id="4743" type="global" contextid="4738" timestamp="2019-08-08T07:22:38.881" />
  <attribute name="elasticGC enabled" value="1" />
  <attribute name= "numThreadsSpecified" value="16" />
  <attribute name="heapSize specified" value="81461248" />
  <attribute name="Current GC Util" value="70" />
  <attribute name= "Current Time Running" value="126388" />
  <attribute name ="GC Interval" value="0" />
  <attribute name="Target GC Util Change" value ="80.000000" />
  <attribute name="Current GC Util Change" value="70.000000"/>
  <attribute name="Current Error" value="81.000000" />
  <attribute name="Output H" value="81764336"/>
  <attribute name="Output I" value="2432"/>
  <attribute name="Output T" value="16"/>
  <attribute name= "Current Time Running" value="126388" />
  <attribute name="GC Util currently" value="70" />
  <attribute name="CPU Util currently" value="44101656145" />
<cycle-start id="4744" type="global" contextid="0" timestamp="2019-08-08T07:22:38.881" intervalms="1.140" />
<gc-start id="4745" type="global" contextid="4744" timestamp="2019-08-08T07:22:38.881">
  <mem-info id="4746" free="817152" total="81788928" percent="0">
    <mem type="tenure" free="817152" total="81788928" percent="0">
      <mem type="soa" free="0" total="80971776" percent="0" />
      <mem type="loa" free="817152" total="817152" percent="100" />
    </mem>
  </mem-info>
</gc-start>
<allocation-stats totalBytes="63072312" >
  <allocated-bytes non-tlh="0" tlh="63072312" />
  <largest-consumer threadName="main" threadId="0000000000996F00" bytes="63072312" />
</allocation-stats>
<gc-op id="4747" type="mark" timems="7.853" contextid="4744" timestamp="2019-08-08T07:22:38.889">
  <trace-info objectcount="596293" scancount="517290" scanbytes="13274444" />
  <finalization candidates="80" enqueued="0" />
  <ownableSynchronizers candidates="21" cleared="0" />
  <references type="soft" candidates="1849" cleared="0" enqueued="0" dynamicThreshold="24" maxThreshold="32" />
  <references type="weak" candidates="5714" cleared="0" enqueued="0" />
  <references type="phantom" candidates="97" cleared="0" enqueued="0" />
  <stringconstants candidates="13272" cleared="0"  />
</gc-op>
<gc-op id="4748" type="sweep" timems="15.780" contextid="4744" timestamp="2019-08-08T07:22:38.905" />
<mem-info id="4749" free="63900896" total="81788928" percent="78">
  <mem type="tenure" free="63900896" total="81788928" percent="78" micro-fragmented="0">
    <mem type="soa" free="63083744" total="80971776" percent="77" />
    <mem type="loa" free="817152" total="817152" percent="100" />
  </mem>
</mem-info>
<gc-op id="4750" type="compact" timems="25.209" contextid="4744" timestamp="2019-08-08T07:22:38.930">
  <compact-info movecount="7" movebytes="336" reason="compact to aid heap contraction" />
</gc-op>
<heap-resize id="4751" type="expand" space="tenure" amount="327680" count="1" timems="0.021" reason="satisfy allocation request" timestamp="2019-08-08T07:22:38.930" />
<gc-end id="4752" type="global" contextid="4744" durationms="49.582" usertimems="107.024" systemtimems="0.000" timestamp="2019-08-08T07:22:38.931" activeThreads="16">
  <mem-info id="4753" free="64163048" total="82116608" percent="78">
    <mem type="tenure" free="64163048" total="82116608" percent="78">
      <mem type="soa" free="63342824" total="81296384" percent="77" />
      <mem type="loa" free="820224" total="820224" percent="100" />
    </mem>
  </mem-info>
</gc-end>
<cycle-end id="4754" type="global" contextid="4744" timestamp="2019-08-08T07:22:38.931" />
  <attribute name="elasticGC enabled" value="1" />
  <attribute name= "numThreadsSpecified" value="16" />
  <attribute name="heapSize specified" value="81788928" />
  <attribute name="Current GC Util" value="56" />
  <attribute name= "Current Time Running" value="126540" />
  <attribute name ="GC Interval" value="0" />
  <attribute name="Target GC Util Change" value ="80.000000" />
  <attribute name="Current GC Util Change" value="56.000000"/>
  <attribute name="Current Error" value="24.000000" />
  <attribute name="Output H" value="82091752"/>
  <attribute name="Output I" value="2136"/>
  <attribute name="Output T" value="16"/>
  <attribute name= "Current Time Running" value="126540" />
  <attribute name="GC Util currently" value="56" />
  <attribute name="CPU Util currently" value="45684590890" />
<allocation-satisfied id="4755" threadId="0000000000996F00" bytesRequested="24" />
<af-end id="4756" timestamp="2019-08-08T07:22:38.931" threadId="0000000000997888" success="true" />
<exclusive-end id="4757" timestamp="2019-08-08T07:22:38.931" durationms="49.756" />

<concurrent-kickoff id="4758" timestamp="2019-08-08T07:22:38.987">
  <kickoff reason="threshold reached" targetBytes="8611379" thresholdFreeBytes="1168775" remainingFree="1121912" tenureFreeBytes="1121912" />
</concurrent-kickoff>
<exclusive-start id="4759" timestamp="2019-08-08T07:22:38.987" intervalms="106.615">
  <response-info timems="0.018" idlems="0.018" threads="0" lastid="0000000000996F00" lastname="main" />
</exclusive-start>
<cycle-start id="4760" type="global" contextid="0" timestamp="2019-08-08T07:22:38.987" intervalms="106.558" />
<exclusive-end id="4761" timestamp="2019-08-08T07:22:38.987" durationms="0.035" />

<exclusive-start id="4762" timestamp="2019-08-08T07:22:38.988" intervalms="0.358">
  <response-info timems="0.031" idlems="0.031" threads="0" lastid="0000000000996F00" lastname="main" />
</exclusive-start>
<af-start id="4763" threadId="0000000000997888" totalBytesRequested="544" timestamp="2019-08-08T07:22:38.988" intervalms="106.970" />
<concurrent-aborted id="4764" timestamp="2019-08-08T07:22:38.988">
  <reason value="insufficient progress made" />
</concurrent-aborted>
<cycle-end id="4765" type="global" contextid="4760" timestamp="2019-08-08T07:22:38.988" />
  <attribute name="elasticGC enabled" value="1" />
  <attribute name= "numThreadsSpecified" value="16" />
  <attribute name="heapSize specified" value="81788928" />
  <attribute name="Current GC Util" value="56" />
  <attribute name= "Current Time Running" value="126540" />
  <attribute name ="GC Interval" value="0" />
  <attribute name="Target GC Util Change" value ="80.000000" />
  <attribute name="Current GC Util Change" value="56.000000"/>
  <attribute name="Current Error" value="24.000000" />
  <attribute name="Output H" value="82091752"/>
  <attribute name="Output I" value="2136"/>
  <attribute name="Output T" value="16"/>
  <attribute name= "Current Time Running" value="126540" />
  <attribute name="GC Util currently" value="56" />
  <attribute name="CPU Util currently" value="45684590890" />
<cycle-start id="4766" type="global" contextid="0" timestamp="2019-08-08T07:22:38.988" intervalms="0.407" />
<gc-start id="4767" type="global" contextid="4766" timestamp="2019-08-08T07:22:38.988">
  <mem-info id="4768" free="820224" total="82116608" percent="0">
    <mem type="tenure" free="820224" total="82116608" percent="0">
      <mem type="soa" free="0" total="81296384" percent="0" />
      <mem type="loa" free="820224" total="820224" percent="100" />
    </mem>
  </mem-info>
</gc-start>
<allocation-stats totalBytes="63353456" >
  <allocated-bytes non-tlh="0" tlh="63353456" />
  <largest-consumer threadName="main" threadId="0000000000996F00" bytes="63353456" />
</allocation-stats>
<gc-op id="4769" type="mark" timems="8.675" contextid="4766" timestamp="2019-08-08T07:22:38.997">
  <trace-info objectcount="596292" scancount="517282" scanbytes="13274212" />
  <finalization candidates="80" enqueued="0" />
  <ownableSynchronizers candidates="21" cleared="0" />
  <references type="soft" candidates="1849" cleared="0" enqueued="0" dynamicThreshold="25" maxThreshold="32" />
  <references type="weak" candidates="5714" cleared="0" enqueued="0" />
  <references type="phantom" candidates="97" cleared="0" enqueued="0" />
  <stringconstants candidates="13272" cleared="0"  />
</gc-op>
<gc-op id="4770" type="sweep" timems="14.074" contextid="4766" timestamp="2019-08-08T07:22:39.011" />
<mem-info id="4771" free="64226640" total="82116608" percent="78">
  <mem type="tenure" free="64226640" total="82116608" percent="78" micro-fragmented="0">
    <mem type="soa" free="63406416" total="81296384" percent="77" />
    <mem type="loa" free="820224" total="820224" percent="100" />
  </mem>
</mem-info>
<gc-op id="4772" type="compact" timems="26.010" contextid="4766" timestamp="2019-08-08T07:22:39.037">
  <compact-info movecount="624" movebytes="37408" reason="compact to aid heap contraction" />
</gc-op>
<heap-resize id="4773" type="expand" space="tenure" amount="327680" count="1" timems="0.019" reason="satisfy allocation request" timestamp="2019-08-08T07:22:39.037" />
<gc-end id="4774" type="global" contextid="4766" durationms="49.618" usertimems="107.577" systemtimems="0.000" timestamp="2019-08-08T07:22:39.038" activeThreads="16">
  <mem-info id="4775" free="64490384" total="82444288" percent="78">
    <mem type="tenure" free="64490384" total="82444288" percent="78">
      <mem type="soa" free="63666064" total="81619968" percent="78" />
      <mem type="loa" free="824320" total="824320" percent="100" />
    </mem>
  </mem-info>
</gc-end>
<cycle-end id="4776" type="global" contextid="4766" timestamp="2019-08-08T07:22:39.038" />
  <attribute name="elasticGC enabled" value="1" />
  <attribute name= "numThreadsSpecified" value="16" />
  <attribute name="heapSize specified" value="82116608" />
  <attribute name="Current GC Util" value="52" />
  <attribute name= "Current Time Running" value="126647" />
  <attribute name ="GC Interval" value="0" />
  <attribute name="Target GC Util Change" value ="80.000000" />
  <attribute name="Current GC Util Change" value="52.000000"/>
  <attribute name="Current Error" value="-305.000000" />
  <attribute name="Output H" value="82417912"/>
  <attribute name="Output I" value="424"/>
  <attribute name="Output T" value="16"/>
  <attribute name= "Current Time Running" value="126647" />
  <attribute name="GC Util currently" value="52" />
  <attribute name="CPU Util currently" value="44187502934" />
<allocation-satisfied id="4777" threadId="0000000000996F00" bytesRequested="544" />
<af-end id="4778" timestamp="2019-08-08T07:22:39.038" threadId="0000000000997888" success="true" />
<exclusive-end id="4779" timestamp="2019-08-08T07:22:39.038" durationms="49.787" />

<concurrent-kickoff id="4780" timestamp="2019-08-08T07:22:39.047">
  <kickoff reason="threshold reached" targetBytes="8645742" thresholdFreeBytes="1173439" remainingFree="1056600" tenureFreeBytes="1056600" />
</concurrent-kickoff>
<exclusive-start id="4781" timestamp="2019-08-08T07:22:39.047" intervalms="59.594">
  <response-info timems="0.018" idlems="0.018" threads="0" lastid="0000000000996F00" lastname="main" />
</exclusive-start>
<cycle-start id="4782" type="global" contextid="0" timestamp="2019-08-08T07:22:39.047" intervalms="59.546" />
<exclusive-end id="4783" timestamp="2019-08-08T07:22:39.047" durationms="0.020" />

<exclusive-start id="4784" timestamp="2019-08-08T07:22:39.048" intervalms="0.275">
  <response-info timems="0.008" idlems="0.008" threads="0" lastid="0000000000996F00" lastname="main" />
</exclusive-start>
<af-start id="4785" threadId="0000000000997888" totalBytesRequested="488" timestamp="2019-08-08T07:22:39.048" intervalms="59.870" />
<concurrent-aborted id="4786" timestamp="2019-08-08T07:22:39.048">
  <reason value="insufficient progress made" />
</concurrent-aborted>
<cycle-end id="4787" type="global" contextid="4782" timestamp="2019-08-08T07:22:39.048" />
  <attribute name="elasticGC enabled" value="1" />
  <attribute name= "numThreadsSpecified" value="16" />
  <attribute name="heapSize specified" value="82116608" />
  <attribute name="Current GC Util" value="52" />
  <attribute name= "Current Time Running" value="126647" />
  <attribute name ="GC Interval" value="0" />
  <attribute name="Target GC Util Change" value ="80.000000" />
  <attribute name="Current GC Util Change" value="52.000000"/>
  <attribute name="Current Error" value="-305.000000" />
  <attribute name="Output H" value="82417912"/>
  <attribute name="Output I" value="424"/>
  <attribute name="Output T" value="16"/>
  <attribute name= "Current Time Running" value="126647" />
  <attribute name="GC Util currently" value="52" />
  <attribute name="CPU Util currently" value="44187502934" />
<cycle-start id="4788" type="global" contextid="0" timestamp="2019-08-08T07:22:39.048" intervalms="0.334" />
<gc-start id="4789" type="global" contextid="4788" timestamp="2019-08-08T07:22:39.048">
  <mem-info id="4790" free="824320" total="82444288" percent="0">
    <mem type="tenure" free="824320" total="82444288" percent="0">
      <mem type="soa" free="0" total="81619968" percent="0" />
      <mem type="loa" free="824320" total="824320" percent="100" />
    </mem>
  </mem-info>
</gc-start>
<allocation-stats totalBytes="63643760" >
  <allocated-bytes non-tlh="0" tlh="63643760" />
  <largest-consumer threadName="main" threadId="0000000000996F00" bytes="63643760" />
</allocation-stats>
<gc-op id="4791" type="mark" timems="9.035" contextid="4788" timestamp="2019-08-08T07:22:39.057">
  <trace-info objectcount="596292" scancount="517279" scanbytes="13274212" />
  <finalization candidates="80" enqueued="0" />
  <ownableSynchronizers candidates="21" cleared="0" />
  <references type="soft" candidates="1849" cleared="0" enqueued="0" dynamicThreshold="25" maxThreshold="32" />
  <references type="weak" candidates="5714" cleared="0" enqueued="0" />
  <references type="phantom" candidates="97" cleared="0" enqueued="0" />
  <stringconstants candidates="13272" cleared="0"  />
</gc-op>
<gc-op id="4792" type="sweep" timems="13.288" contextid="4788" timestamp="2019-08-08T07:22:39.070" />
<mem-info id="4793" free="64555448" total="82444288" percent="78">
  <mem type="tenure" free="64555448" total="82444288" percent="78" micro-fragmented="0">
    <mem type="soa" free="63731128" total="81619968" percent="78" />
    <mem type="loa" free="824320" total="824320" percent="100" />
  </mem>
</mem-info>
<gc-op id="4794" type="compact" timems="24.864" contextid="4788" timestamp="2019-08-08T07:22:39.095">
  <compact-info movecount="4" movebytes="112" reason="compact to aid heap contraction" />
</gc-op>
<heap-resize id="4795" type="expand" space="tenure" amount="327680" count="1" timems="0.026" reason="satisfy allocation request" timestamp="2019-08-08T07:22:39.096" />
<gc-end id="4796" type="global" contextid="4788" durationms="48.485" usertimems="109.183" systemtimems="0.000" timestamp="2019-08-08T07:22:39.096" activeThreads="16">
  <mem-info id="4797" free="64818064" total="82771968" percent="78">
    <mem type="tenure" free="64818064" total="82771968" percent="78">
      <mem type="soa" free="63990672" total="81944576" percent="78" />
      <mem type="loa" free="827392" total="827392" percent="100" />
    </mem>
  </mem-info>
</gc-end>
<cycle-end id="4798" type="global" contextid="4788" timestamp="2019-08-08T07:22:39.096" />
  <attribute name="elasticGC enabled" value="1" />
  <attribute name= "numThreadsSpecified" value="16" />
  <attribute name="heapSize specified" value="82444288" />
  <attribute name="Current GC Util" value="54" />
  <attribute name= "Current Time Running" value="126706" />
  <attribute name ="GC Interval" value="0" />
  <attribute name="Target GC Util Change" value ="80.000000" />
  <attribute name="Current GC Util Change" value="54.000000"/>
  <attribute name="Current Error" value="-641.000000" />
  <attribute name="Output H" value="82744040"/>
  <attribute name="Output I" value="200"/>
  <attribute name="Output T" value="16"/>
  <attribute name= "Current Time Running" value="126706" />
  <attribute name="GC Util currently" value="54" />
  <attribute name="CPU Util currently" value="46298844423" />
<allocation-satisfied id="4799" threadId="0000000000996F00" bytesRequested="488" />
<af-end id="4800" timestamp="2019-08-08T07:22:39.096" threadId="0000000000997888" success="true" />
<exclusive-end id="4801" timestamp="2019-08-08T07:22:39.096" durationms="48.691" />

<concurrent-kickoff id="4802" timestamp="2019-08-08T07:22:39.106">
  <kickoff reason="threshold reached" targetBytes="8680104" thresholdFreeBytes="1178103" remainingFree="1122136" tenureFreeBytes="1122136" />
</concurrent-kickoff>
<exclusive-start id="4803" timestamp="2019-08-08T07:22:39.106" intervalms="58.690">
  <response-info timems="0.021" idlems="0.021" threads="0" lastid="0000000000996F00" lastname="main" />
</exclusive-start>
<cycle-start id="4804" type="global" contextid="0" timestamp="2019-08-08T07:22:39.106" intervalms="58.634" />
<exclusive-end id="4805" timestamp="2019-08-08T07:22:39.106" durationms="0.023" />

<exclusive-start id="4806" timestamp="2019-08-08T07:22:39.107" intervalms="0.309">
  <response-info timems="0.024" idlems="0.024" threads="0" lastid="0000000000996F00" lastname="main" />
</exclusive-start>
<af-start id="4807" threadId="0000000000997888" totalBytesRequested="584" timestamp="2019-08-08T07:22:39.107" intervalms="58.999" />
<concurrent-aborted id="4808" timestamp="2019-08-08T07:22:39.107">
  <reason value="insufficient progress made" />
</concurrent-aborted>
<cycle-end id="4809" type="global" contextid="4804" timestamp="2019-08-08T07:22:39.107" />
  <attribute name="elasticGC enabled" value="1" />
  <attribute name= "numThreadsSpecified" value="16" />
  <attribute name="heapSize specified" value="82444288" />
  <attribute name="Current GC Util" value="54" />
  <attribute name= "Current Time Running" value="126706" />
  <attribute name ="GC Interval" value="0" />
  <attribute name="Target GC Util Change" value ="80.000000" />
  <attribute name="Current GC Util Change" value="54.000000"/>
  <attribute name="Current Error" value="-641.000000" />
  <attribute name="Output H" value="82744040"/>
  <attribute name="Output I" value="200"/>
  <attribute name="Output T" value="16"/>
  <attribute name= "Current Time Running" value="126706" />
  <attribute name="GC Util currently" value="54" />
  <attribute name="CPU Util currently" value="46298844423" />
<cycle-start id="4810" type="global" contextid="0" timestamp="2019-08-08T07:22:39.107" intervalms="0.358" />
<gc-start id="4811" type="global" contextid="4810" timestamp="2019-08-08T07:22:39.107">
  <mem-info id="4812" free="827392" total="82771968" percent="0">
    <mem type="tenure" free="827392" total="82771968" percent="0">
      <mem type="soa" free="0" total="81944576" percent="0" />
      <mem type="loa" free="827392" total="827392" percent="100" />
    </mem>
  </mem-info>
</gc-start>
<allocation-stats totalBytes="63967280" >
  <allocated-bytes non-tlh="0" tlh="63967280" />
  <largest-consumer threadName="main" threadId="0000000000996F00" bytes="63967280" />
</allocation-stats>
<gc-op id="4813" type="mark" timems="16.265" contextid="4810" timestamp="2019-08-08T07:22:39.123">
  <trace-info objectcount="596292" scancount="517277" scanbytes="13274212" />
  <finalization candidates="80" enqueued="0" />
  <ownableSynchronizers candidates="21" cleared="0" />
  <references type="soft" candidates="1849" cleared="0" enqueued="0" dynamicThreshold="25" maxThreshold="32" />
  <references type="weak" candidates="5714" cleared="0" enqueued="0" />
  <references type="phantom" candidates="97" cleared="0" enqueued="0" />
  <stringconstants candidates="13272" cleared="0"  />
</gc-op>
<gc-op id="4814" type="sweep" timems="15.312" contextid="4810" timestamp="2019-08-08T07:22:39.138" />
<mem-info id="4815" free="64883440" total="82771968" percent="78">
  <mem type="tenure" free="64883440" total="82771968" percent="78" micro-fragmented="0">
    <mem type="soa" free="64056048" total="81944576" percent="78" />
    <mem type="loa" free="827392" total="827392" percent="100" />
  </mem>
</mem-info>
<gc-op id="4816" type="compact" timems="24.002" contextid="4810" timestamp="2019-08-08T07:22:39.162">
  <compact-info movecount="4" movebytes="112" reason="compact to aid heap contraction" />
</gc-op>
<heap-resize id="4817" type="expand" space="tenure" amount="327680" count="1" timems="0.020" reason="satisfy allocation request" timestamp="2019-08-08T07:22:39.163" />
<gc-end id="4818" type="global" contextid="4810" durationms="56.635" usertimems="160.682" systemtimems="0.000" timestamp="2019-08-08T07:22:39.163" activeThreads="16">
  <mem-info id="4819" free="65145744" total="83099648" percent="78">
    <mem type="tenure" free="65145744" total="83099648" percent="78">
      <mem type="soa" free="64315280" total="82269184" percent="78" />
      <mem type="loa" free="830464" total="830464" percent="100" />
    </mem>
  </mem-info>
</gc-end>
<cycle-end id="4820" type="global" contextid="4810" timestamp="2019-08-08T07:22:39.163" />
  <attribute name="elasticGC enabled" value="1" />
  <attribute name= "numThreadsSpecified" value="16" />
  <attribute name="heapSize specified" value="82771968" />
  <attribute name="Current GC Util" value="41" />
  <attribute name= "Current Time Running" value="126773" />
  <attribute name ="GC Interval" value="0" />
  <attribute name="Target GC Util Change" value ="80.000000" />
  <attribute name="Current GC Util Change" value="41.000000"/>
  <attribute name="Current Error" value="-394.000000" />
  <attribute name="Output H" value="83072864"/>
  <attribute name="Output I" value="200"/>
  <attribute name="Output T" value="16"/>
  <attribute name= "Current Time Running" value="126773" />
  <attribute name="GC Util currently" value="41" />
  <attribute name="CPU Util currently" value="47958623173" />
<allocation-satisfied id="4821" threadId="0000000000996F00" bytesRequested="584" />
<af-end id="4822" timestamp="2019-08-08T07:22:39.164" threadId="0000000000997888" success="true" />
<exclusive-end id="4823" timestamp="2019-08-08T07:22:39.164" durationms="56.837" />

* Round 2 done in 4.930 seconds.
<concurrent-kickoff id="4824" timestamp="2019-08-08T07:22:39.208">
  <kickoff reason="threshold reached" targetBytes="8714467" thresholdFreeBytes="1182766" remainingFree="1056600" tenureFreeBytes="1056600" />
</concurrent-kickoff>
<exclusive-start id="4825" timestamp="2019-08-08T07:22:39.208" intervalms="100.983">
  <response-info timems="0.015" idlems="0.015" threads="0" lastid="0000000000996F00" lastname="main" />
</exclusive-start>
<cycle-start id="4826" type="global" contextid="0" timestamp="2019-08-08T07:22:39.208" intervalms="100.978" />
<exclusive-end id="4827" timestamp="2019-08-08T07:22:39.208" durationms="0.068" />

<exclusive-start id="4828" timestamp="2019-08-08T07:22:39.208" intervalms="0.831">
  <response-info timems="0.027" idlems="0.027" threads="0" lastid="0000000000996F00" lastname="main" />
</exclusive-start>
<af-start id="4829" threadId="0000000000997888" totalBytesRequested="32" timestamp="2019-08-08T07:22:39.209" intervalms="101.814" />
<concurrent-aborted id="4830" timestamp="2019-08-08T07:22:39.209">
  <reason value="insufficient progress made" />
</concurrent-aborted>
<cycle-end id="4831" type="global" contextid="4826" timestamp="2019-08-08T07:22:39.209" />
  <attribute name="elasticGC enabled" value="1" />
  <attribute name= "numThreadsSpecified" value="16" />
  <attribute name="heapSize specified" value="82771968" />
  <attribute name="Current GC Util" value="41" />
  <attribute name= "Current Time Running" value="126773" />
  <attribute name ="GC Interval" value="0" />
  <attribute name="Target GC Util Change" value ="80.000000" />
  <attribute name="Current GC Util Change" value="41.000000"/>
  <attribute name="Current Error" value="-394.000000" />
  <attribute name="Output H" value="83072864"/>
  <attribute name="Output I" value="200"/>
  <attribute name="Output T" value="16"/>
  <attribute name= "Current Time Running" value="126773" />
  <attribute name="GC Util currently" value="41" />
  <attribute name="CPU Util currently" value="47958623173" />
<cycle-start id="4832" type="global" contextid="0" timestamp="2019-08-08T07:22:39.209" intervalms="0.834" />
<gc-start id="4833" type="global" contextid="4832" timestamp="2019-08-08T07:22:39.209">
  <mem-info id="4834" free="830464" total="83099648" percent="0">
    <mem type="tenure" free="830464" total="83099648" percent="0">
      <mem type="soa" free="0" total="82269184" percent="0" />
      <mem type="loa" free="830464" total="830464" percent="100" />
    </mem>
  </mem-info>
</gc-start>
<allocation-stats totalBytes="64350136" >
  <allocated-bytes non-tlh="0" tlh="64350136" />
  <largest-consumer threadName="main" threadId="0000000000996F00" bytes="64350136" />
</allocation-stats>
<gc-op id="4835" type="mark" timems="9.747" contextid="4832" timestamp="2019-08-08T07:22:39.218">
  <trace-info objectcount="596666" scancount="517641" scanbytes="13286384" />
  <finalization candidates="80" enqueued="0" />
  <ownableSynchronizers candidates="21" cleared="0" />
  <references type="soft" candidates="1855" cleared="0" enqueued="0" dynamicThreshold="25" maxThreshold="32" />
  <references type="weak" candidates="5714" cleared="0" enqueued="0" />
  <references type="phantom" candidates="97" cleared="0" enqueued="0" />
  <stringconstants candidates="13272" cleared="0"  />
</gc-op>
<gc-op id="4836" type="sweep" timems="14.224" contextid="4832" timestamp="2019-08-08T07:22:39.233" />
<mem-info id="4837" free="65190616" total="83099648" percent="78">
  <mem type="tenure" free="65190616" total="83099648" percent="78" micro-fragmented="0">
    <mem type="soa" free="64360152" total="82269184" percent="78" />
    <mem type="loa" free="830464" total="830464" percent="100" />
  </mem>
</mem-info>
<gc-op id="4838" type="compact" timems="25.360" contextid="4832" timestamp="2019-08-08T07:22:39.258">
  <compact-info movecount="996" movebytes="49144" reason="compact to aid heap contraction" />
</gc-op>
<heap-resize id="4839" type="expand" space="tenure" amount="327680" count="1" timems="0.021" reason="satisfy allocation request" timestamp="2019-08-08T07:22:39.259" />
<gc-end id="4840" type="global" contextid="4832" durationms="50.288" usertimems="107.545" systemtimems="0.000" timestamp="2019-08-08T07:22:39.259" activeThreads="16">
  <mem-info id="4841" free="65461640" total="83427328" percent="78">
    <mem type="tenure" free="65461640" total="83427328" percent="78">
      <mem type="soa" free="64628104" total="82593792" percent="78" />
      <mem type="loa" free="833536" total="833536" percent="100" />
    </mem>
  </mem-info>
</gc-end>
<cycle-end id="4842" type="global" contextid="4832" timestamp="2019-08-08T07:22:39.259" />
  <attribute name="elasticGC enabled" value="1" />
  <attribute name= "numThreadsSpecified" value="16" />
  <attribute name="heapSize specified" value="83099648" />
  <attribute name="Current GC Util" value="54" />
  <attribute name= "Current Time Running" value="126868" />
  <attribute name ="GC Interval" value="0" />
  <attribute name="Target GC Util Change" value ="80.000000" />
  <attribute name="Current GC Util Change" value="54.000000"/>
  <attribute name="Current Error" value="127.000000" />
  <attribute name="Output H" value="83402952"/>
  <attribute name="Output I" value="2672"/>
  <attribute name="Output T" value="16"/>
  <attribute name= "Current Time Running" value="126868" />
  <attribute name="GC Util currently" value="54" />
  <attribute name="CPU Util currently" value="45412286718" />
<allocation-satisfied id="4843" threadId="0000000000996F00" bytesRequested="32" />
<af-end id="4844" timestamp="2019-08-08T07:22:39.259" threadId="0000000000997888" success="true" />
<exclusive-end id="4845" timestamp="2019-08-08T07:22:39.259" durationms="50.464" />

<concurrent-kickoff id="4846" timestamp="2019-08-08T07:22:39.450">
  <kickoff reason="threshold reached" targetBytes="8748830" thresholdFreeBytes="1187431" remainingFree="1122224" tenureFreeBytes="1122224" />
</concurrent-kickoff>
<exclusive-start id="4847" timestamp="2019-08-08T07:22:39.450" intervalms="241.895">
  <response-info timems="0.020" idlems="0.020" threads="0" lastid="0000000000996F00" lastname="main" />
</exclusive-start>
<cycle-start id="4848" type="global" contextid="0" timestamp="2019-08-08T07:22:39.450" intervalms="241.837" />
<exclusive-end id="4849" timestamp="2019-08-08T07:22:39.450" durationms="0.012" />

<exclusive-start id="4850" timestamp="2019-08-08T07:22:39.451" intervalms="0.250">
  <response-info timems="0.021" idlems="0.021" threads="0" lastid="0000000000996F00" lastname="main" />
</exclusive-start>
<af-start id="4851" threadId="0000000000997888" totalBytesRequested="1168" timestamp="2019-08-08T07:22:39.451" intervalms="242.145" />
<concurrent-aborted id="4852" timestamp="2019-08-08T07:22:39.451">
  <reason value="insufficient progress made" />
</concurrent-aborted>
<cycle-end id="4853" type="global" contextid="4848" timestamp="2019-08-08T07:22:39.451" />
  <attribute name="elasticGC enabled" value="1" />
  <attribute name= "numThreadsSpecified" value="16" />
  <attribute name="heapSize specified" value="83099648" />
  <attribute name="Current GC Util" value="54" />
  <attribute name= "Current Time Running" value="126868" />
  <attribute name ="GC Interval" value="0" />
  <attribute name="Target GC Util Change" value ="80.000000" />
  <attribute name="Current GC Util Change" value="54.000000"/>
  <attribute name="Current Error" value="127.000000" />
  <attribute name="Output H" value="83402952"/>
  <attribute name="Output I" value="2672"/>
  <attribute name="Output T" value="16"/>
  <attribute name= "Current Time Running" value="126868" />
  <attribute name="GC Util currently" value="54" />
  <attribute name="CPU Util currently" value="45412286718" />
<cycle-start id="4854" type="global" contextid="0" timestamp="2019-08-08T07:22:39.451" intervalms="0.345" />
<gc-start id="4855" type="global" contextid="4854" timestamp="2019-08-08T07:22:39.451">
  <mem-info id="4856" free="833536" total="83427328" percent="0">
    <mem type="tenure" free="833536" total="83427328" percent="0">
      <mem type="soa" free="0" total="82593792" percent="0" />
      <mem type="loa" free="833536" total="833536" percent="100" />
    </mem>
  </mem-info>
</gc-start>
<allocation-stats totalBytes="64504632" >
  <allocated-bytes non-tlh="0" tlh="64504632" />
  <largest-consumer threadName="main" threadId="0000000000996F00" bytes="64504632" />
</allocation-stats>
<gc-op id="4857" type="mark" timems="16.407" contextid="4854" timestamp="2019-08-08T07:22:39.467">
  <trace-info objectcount="596677" scancount="517663" scanbytes="13286584" />
  <finalization candidates="80" enqueued="0" />
  <ownableSynchronizers candidates="21" cleared="0" />
  <references type="soft" candidates="1855" cleared="0" enqueued="0" dynamicThreshold="25" maxThreshold="32" />
  <references type="weak" candidates="5714" cleared="0" enqueued="0" />
  <references type="phantom" candidates="97" cleared="0" enqueued="0" />
  <stringconstants candidates="13272" cleared="0"  />
</gc-op>
<gc-op id="4858" type="sweep" timems="4.466" contextid="4854" timestamp="2019-08-08T07:22:39.472" />
<mem-info id="4859" free="65523312" total="83427328" percent="78">
  <mem type="tenure" free="65523312" total="83427328" percent="78" micro-fragmented="0">
    <mem type="soa" free="64689776" total="82593792" percent="78" />
    <mem type="loa" free="833536" total="833536" percent="100" />
  </mem>
</mem-info>
<gc-op id="4860" type="compact" timems="23.742" contextid="4854" timestamp="2019-08-08T07:22:39.496">
  <compact-info movecount="821" movebytes="43944" reason="compact to aid heap contraction" />
</gc-op>
<heap-resize id="4861" type="expand" space="tenure" amount="327680" count="1" timems="0.027" reason="satisfy allocation request" timestamp="2019-08-08T07:22:39.496" />
<gc-end id="4862" type="global" contextid="4854" durationms="45.440" usertimems="112.591" systemtimems="0.000" timestamp="2019-08-08T07:22:39.496" activeThreads="16">
  <mem-info id="4863" free="65787904" total="83755008" percent="78">
    <mem type="tenure" free="65787904" total="83755008" percent="78">
      <mem type="soa" free="64951296" total="82918400" percent="78" />
      <mem type="loa" free="836608" total="836608" percent="100" />
    </mem>
  </mem-info>
</gc-end>
<cycle-end id="4864" type="global" contextid="4854" timestamp="2019-08-08T07:22:39.496" />
  <attribute name="elasticGC enabled" value="1" />
  <attribute name= "numThreadsSpecified" value="16" />
  <attribute name="heapSize specified" value="83427328" />
  <attribute name="Current GC Util" value="37" />
  <attribute name= "Current Time Running" value="127106" />
  <attribute name ="GC Interval" value="0" />
  <attribute name="Target GC Util Change" value ="80.000000" />
  <attribute name="Current GC Util Change" value="37.000000"/>
  <attribute name="Current Error" value="104.000000" />
  <attribute name="Output H" value="83730520"/>
  <attribute name="Output I" value="2552"/>
  <attribute name="Output T" value="16"/>
  <attribute name= "Current Time Running" value="127106" />
  <attribute name="GC Util currently" value="37" />
  <attribute name="CPU Util currently" value="48430796787" />
<allocation-satisfied id="4865" threadId="0000000000996F00" bytesRequested="1168" />
<af-end id="4866" timestamp="2019-08-08T07:22:39.496" threadId="0000000000997888" success="true" />
<exclusive-end id="4867" timestamp="2019-08-08T07:22:39.496" durationms="45.743" />

<concurrent-kickoff id="4868" timestamp="2019-08-08T07:22:39.509">
  <kickoff reason="threshold reached" targetBytes="8783194" thresholdFreeBytes="1192094" remainingFree="1187752" tenureFreeBytes="1187752" />
</concurrent-kickoff>
<exclusive-start id="4869" timestamp="2019-08-08T07:22:39.509" intervalms="58.809">
  <response-info timems="0.020" idlems="0.020" threads="0" lastid="0000000000996F00" lastname="main" />
</exclusive-start>
<cycle-start id="4870" type="global" contextid="0" timestamp="2019-08-08T07:22:39.509" intervalms="58.737" />
<exclusive-end id="4871" timestamp="2019-08-08T07:22:39.509" durationms="0.035" />

<exclusive-start id="4872" timestamp="2019-08-08T07:22:39.511" intervalms="1.543">
  <response-info timems="0.030" idlems="0.030" threads="0" lastid="0000000000996F00" lastname="main" />
</exclusive-start>
<af-start id="4873" threadId="0000000000997888" totalBytesRequested="1168" timestamp="2019-08-08T07:22:39.511" intervalms="60.362" />
<concurrent-aborted id="4874" timestamp="2019-08-08T07:22:39.511">
  <reason value="insufficient progress made" />
</concurrent-aborted>
<cycle-end id="4875" type="global" contextid="4870" timestamp="2019-08-08T07:22:39.511" />
  <attribute name="elasticGC enabled" value="1" />
  <attribute name= "numThreadsSpecified" value="16" />
  <attribute name="heapSize specified" value="83427328" />
  <attribute name="Current GC Util" value="37" />
  <attribute name= "Current Time Running" value="127106" />
  <attribute name ="GC Interval" value="0" />
  <attribute name="Target GC Util Change" value ="80.000000" />
  <attribute name="Current GC Util Change" value="37.000000"/>
  <attribute name="Current Error" value="104.000000" />
  <attribute name="Output H" value="83730520"/>
  <attribute name="Output I" value="2552"/>
  <attribute name="Output T" value="16"/>
  <attribute name= "Current Time Running" value="127106" />
  <attribute name="GC Util currently" value="37" />
  <attribute name="CPU Util currently" value="48430796787" />
<cycle-start id="4876" type="global" contextid="0" timestamp="2019-08-08T07:22:39.511" intervalms="1.590" />
<gc-start id="4877" type="global" contextid="4876" timestamp="2019-08-08T07:22:39.511">
  <mem-info id="4878" free="836608" total="83755008" percent="0">
    <mem type="tenure" free="836608" total="83755008" percent="0">
      <mem type="soa" free="0" total="82918400" percent="0" />
      <mem type="loa" free="836608" total="836608" percent="100" />
    </mem>
  </mem-info>
</gc-start>
<allocation-stats totalBytes="64798264" >
  <allocated-bytes non-tlh="0" tlh="64798264" />
  <largest-consumer threadName="main" threadId="0000000000996F00" bytes="64798264" />
</allocation-stats>
<gc-op id="4879" type="mark" timems="11.935" contextid="4876" timestamp="2019-08-08T07:22:39.523">
  <trace-info objectcount="596678" scancount="517665" scanbytes="13286608" />
  <finalization candidates="80" enqueued="0" />
  <ownableSynchronizers candidates="21" cleared="0" />
  <references type="soft" candidates="1855" cleared="0" enqueued="0" dynamicThreshold="25" maxThreshold="32" />
  <references type="weak" candidates="5714" cleared="0" enqueued="0" />
  <references type="phantom" candidates="97" cleared="0" enqueued="0" />
  <stringconstants candidates="13272" cleared="0"  />
</gc-op>
<gc-op id="4880" type="sweep" timems="10.981" contextid="4876" timestamp="2019-08-08T07:22:39.534" />
<mem-info id="4881" free="65853144" total="83755008" percent="78">
  <mem type="tenure" free="65853144" total="83755008" percent="78" micro-fragmented="0">
    <mem type="soa" free="65016536" total="82918400" percent="78" />
    <mem type="loa" free="836608" total="836608" percent="100" />
  </mem>
</mem-info>
<gc-op id="4882" type="compact" timems="47.904" contextid="4876" timestamp="2019-08-08T07:22:39.582">
  <compact-info movecount="2" movebytes="56" reason="compact to aid heap contraction" />
</gc-op>
<heap-resize id="4883" type="expand" space="tenure" amount="327680" count="1" timems="0.023" reason="satisfy allocation request" timestamp="2019-08-08T07:22:39.583" />
<gc-end id="4884" type="global" contextid="4876" durationms="71.554" usertimems="90.930" systemtimems="0.000" timestamp="2019-08-08T07:22:39.583" activeThreads="16">
  <mem-info id="4885" free="66115560" total="84082688" percent="78">
    <mem type="tenure" free="66115560" total="84082688" percent="78">
      <mem type="soa" free="65274856" total="83241984" percent="78" />
      <mem type="loa" free="840704" total="840704" percent="100" />
    </mem>
  </mem-info>
</gc-end>
<cycle-end id="4886" type="global" contextid="4876" timestamp="2019-08-08T07:22:39.583" />
  <attribute name="elasticGC enabled" value="1" />
  <attribute name= "numThreadsSpecified" value="16" />
  <attribute name="heapSize specified" value="83755008" />
  <attribute name="Current GC Util" value="18" />
  <attribute name= "Current Time Running" value="127193" />
  <attribute name ="GC Interval" value="0" />
  <attribute name="Target GC Util Change" value ="80.000000" />
  <attribute name="Current GC Util Change" value="18.000000"/>
  <attribute name="Current Error" value="62.000000" />
  <attribute name="Output H" value="84058008"/>
  <attribute name="Output I" value="2336"/>
  <attribute name="Output T" value="16"/>
  <attribute name= "Current Time Running" value="127193" />
  <attribute name="GC Util currently" value="18" />
  <attribute name="CPU Util currently" value="24214360878" />
<allocation-satisfied id="4887" threadId="0000000000996F00" bytesRequested="1168" />
<af-end id="4888" timestamp="2019-08-08T07:22:39.584" threadId="0000000000997888" success="true" />
<exclusive-end id="4889" timestamp="2019-08-08T07:22:39.584" durationms="72.646" />

<concurrent-kickoff id="4890" timestamp="2019-08-08T07:22:39.592">
  <kickoff reason="threshold reached" targetBytes="8817557" thresholdFreeBytes="1196759" remainingFree="1122192" tenureFreeBytes="1122192" />
</concurrent-kickoff>
<exclusive-start id="4891" timestamp="2019-08-08T07:22:39.592" intervalms="81.412">
  <response-info timems="0.024" idlems="0.024" threads="0" lastid="0000000000996F00" lastname="main" />
</exclusive-start>
<cycle-start id="4892" type="global" contextid="0" timestamp="2019-08-08T07:22:39.592" intervalms="81.348" />
<exclusive-end id="4893" timestamp="2019-08-08T07:22:39.592" durationms="0.021" />

<exclusive-start id="4894" timestamp="2019-08-08T07:22:39.593" intervalms="0.589">
  <response-info timems="0.036" idlems="0.036" threads="0" lastid="0000000000996F00" lastname="main" />
</exclusive-start>
<af-start id="4895" threadId="0000000000997888" totalBytesRequested="1168" timestamp="2019-08-08T07:22:39.593" intervalms="81.994" />
<concurrent-aborted id="4896" timestamp="2019-08-08T07:22:39.593">
  <reason value="insufficient progress made" />
</concurrent-aborted>
<cycle-end id="4897" type="global" contextid="4892" timestamp="2019-08-08T07:22:39.593" />
  <attribute name="elasticGC enabled" value="1" />
  <attribute name= "numThreadsSpecified" value="16" />
  <attribute name="heapSize specified" value="83755008" />
  <attribute name="Current GC Util" value="18" />
  <attribute name= "Current Time Running" value="127193" />
  <attribute name ="GC Interval" value="0" />
  <attribute name="Target GC Util Change" value ="80.000000" />
  <attribute name="Current GC Util Change" value="18.000000"/>
  <attribute name="Current Error" value="62.000000" />
  <attribute name="Output H" value="84058008"/>
  <attribute name="Output I" value="2336"/>
  <attribute name="Output T" value="16"/>
  <attribute name= "Current Time Running" value="127193" />
  <attribute name="GC Util currently" value="18" />
  <attribute name="CPU Util currently" value="24214360878" />
<cycle-start id="4898" type="global" contextid="0" timestamp="2019-08-08T07:22:39.593" intervalms="0.684" />
<gc-start id="4899" type="global" contextid="4898" timestamp="2019-08-08T07:22:39.593">
  <mem-info id="4900" free="840704" total="84082688" percent="0">
    <mem type="tenure" free="840704" total="84082688" percent="0">
      <mem type="soa" free="0" total="83241984" percent="0" />
      <mem type="loa" free="840704" total="840704" percent="100" />
    </mem>
  </mem-info>
</gc-start>
<allocation-stats totalBytes="65121784" >
  <allocated-bytes non-tlh="0" tlh="65121784" />
  <largest-consumer threadName="main" threadId="0000000000996F00" bytes="65121784" />
</allocation-stats>
<gc-op id="4901" type="mark" timems="18.033" contextid="4898" timestamp="2019-08-08T07:22:39.611">
  <trace-info objectcount="596678" scancount="517662" scanbytes="13286608" />
  <finalization candidates="80" enqueued="0" />
  <ownableSynchronizers candidates="21" cleared="0" />
  <references type="soft" candidates="1855" cleared="0" enqueued="0" dynamicThreshold="25" maxThreshold="32" />
  <references type="weak" candidates="5714" cleared="0" enqueued="0" />
  <references type="phantom" candidates="97" cleared="0" enqueued="0" />
  <stringconstants candidates="13272" cleared="0"  />
</gc-op>
<gc-op id="4902" type="sweep" timems="7.878" contextid="4898" timestamp="2019-08-08T07:22:39.619" />
<mem-info id="4903" free="66181096" total="84082688" percent="78">
  <mem type="tenure" free="66181096" total="84082688" percent="78" micro-fragmented="0">
    <mem type="soa" free="65340392" total="83241984" percent="78" />
    <mem type="loa" free="840704" total="840704" percent="100" />
  </mem>
</mem-info>
<gc-op id="4904" type="compact" timems="33.206" contextid="4898" timestamp="2019-08-08T07:22:39.652">
  <compact-info movecount="2" movebytes="56" reason="compact to aid heap contraction" />
</gc-op>
<heap-resize id="4905" type="expand" space="tenure" amount="327680" count="1" timems="0.024" reason="satisfy allocation request" timestamp="2019-08-08T07:22:39.654" />
<gc-end id="4906" type="global" contextid="4898" durationms="60.530" usertimems="135.252" systemtimems="0.000" timestamp="2019-08-08T07:22:39.654" activeThreads="16">
  <mem-info id="4907" free="66443240" total="84410368" percent="78">
    <mem type="tenure" free="66443240" total="84410368" percent="78">
      <mem type="soa" free="65599464" total="83566592" percent="78" />
      <mem type="loa" free="843776" total="843776" percent="100" />
    </mem>
  </mem-info>
</gc-end>
<cycle-end id="4908" type="global" contextid="4898" timestamp="2019-08-08T07:22:39.654" />
  <attribute name="elasticGC enabled" value="1" />
  <attribute name= "numThreadsSpecified" value="16" />
  <attribute name="heapSize specified" value="84082688" />
  <attribute name="Current GC Util" value="36" />
  <attribute name= "Current Time Running" value="127263" />
  <attribute name ="GC Interval" value="0" />
  <attribute name="Target GC Util Change" value ="80.000000" />
  <attribute name="Current GC Util Change" value="36.000000"/>
  <attribute name="Current Error" value="-420.000000" />
  <attribute name="Output H" value="84383464"/>
  <attribute name="Output I" value="200"/>
  <attribute name="Output T" value="16"/>
  <attribute name= "Current Time Running" value="127263" />
  <attribute name="GC Util currently" value="36" />
  <attribute name="CPU Util currently" value="34675566774" />
<allocation-satisfied id="4909" threadId="0000000000996F00" bytesRequested="1168" />
<af-end id="4910" timestamp="2019-08-08T07:22:39.654" threadId="0000000000997888" success="true" />
<exclusive-end id="4911" timestamp="2019-08-08T07:22:39.654" durationms="61.137" />

<concurrent-kickoff id="4912" timestamp="2019-08-08T07:22:39.662">
  <kickoff reason="threshold reached" targetBytes="8851919" thresholdFreeBytes="1201422" remainingFree="1187728" tenureFreeBytes="1187728" />
</concurrent-kickoff>
<exclusive-start id="4913" timestamp="2019-08-08T07:22:39.662" intervalms="69.386">
  <response-info timems="0.023" idlems="0.023" threads="0" lastid="0000000000996F00" lastname="main" />
</exclusive-start>
<cycle-start id="4914" type="global" contextid="0" timestamp="2019-08-08T07:22:39.662" intervalms="69.291" />
<exclusive-end id="4915" timestamp="2019-08-08T07:22:39.662" durationms="0.021" />

<exclusive-start id="4916" timestamp="2019-08-08T07:22:39.663" intervalms="0.799">
  <response-info timems="0.466" idlems="0.466" threads="0" lastid="0000000000996F00" lastname="main" />
</exclusive-start>
<af-start id="4917" threadId="0000000000997888" totalBytesRequested="1168" timestamp="2019-08-08T07:22:39.663" intervalms="70.194" />
<concurrent-aborted id="4918" timestamp="2019-08-08T07:22:39.663">
  <reason value="insufficient progress made" />
</concurrent-aborted>
<cycle-end id="4919" type="global" contextid="4914" timestamp="2019-08-08T07:22:39.663" />
  <attribute name="elasticGC enabled" value="1" />
  <attribute name= "numThreadsSpecified" value="16" />
  <attribute name="heapSize specified" value="84082688" />
  <attribute name="Current GC Util" value="36" />
  <attribute name= "Current Time Running" value="127263" />
  <attribute name ="GC Interval" value="0" />
  <attribute name="Target GC Util Change" value ="80.000000" />
  <attribute name="Current GC Util Change" value="36.000000"/>
  <attribute name="Current Error" value="-420.000000" />
  <attribute name="Output H" value="84383464"/>
  <attribute name="Output I" value="200"/>
  <attribute name="Output T" value="16"/>
  <attribute name= "Current Time Running" value="127263" />
  <attribute name="GC Util currently" value="36" />
  <attribute name="CPU Util currently" value="34675566774" />
<cycle-start id="4920" type="global" contextid="0" timestamp="2019-08-08T07:22:39.663" intervalms="0.882" />
<gc-start id="4921" type="global" contextid="4920" timestamp="2019-08-08T07:22:39.663">
  <mem-info id="4922" free="843776" total="84410368" percent="0">
    <mem type="tenure" free="843776" total="84410368" percent="0">
      <mem type="soa" free="0" total="83566592" percent="0" />
      <mem type="loa" free="843776" total="843776" percent="100" />
    </mem>
  </mem-info>
</gc-start>
<allocation-stats totalBytes="65445920" >
  <allocated-bytes non-tlh="0" tlh="65445920" />
  <largest-consumer threadName="main" threadId="0000000000996F00" bytes="65445920" />
</allocation-stats>
<gc-op id="4923" type="mark" timems="12.854" contextid="4920" timestamp="2019-08-08T07:22:39.676">
  <trace-info objectcount="596678" scancount="517675" scanbytes="13286608" />
  <finalization candidates="80" enqueued="0" />
  <ownableSynchronizers candidates="21" cleared="0" />
  <references type="soft" candidates="1855" cleared="0" enqueued="0" dynamicThreshold="25" maxThreshold="32" />
  <references type="weak" candidates="5714" cleared="0" enqueued="0" />
  <references type="phantom" candidates="97" cleared="0" enqueued="0" />
  <stringconstants candidates="13272" cleared="0"  />
</gc-op>
<gc-op id="4924" type="sweep" timems="16.982" contextid="4920" timestamp="2019-08-08T07:22:39.693" />
<mem-info id="4925" free="66508304" total="84410368" percent="78">
  <mem type="tenure" free="66508304" total="84410368" percent="78" micro-fragmented="0">
    <mem type="soa" free="65664528" total="83566592" percent="78" />
    <mem type="loa" free="843776" total="843776" percent="100" />
  </mem>
</mem-info>
<gc-op id="4926" type="compact" timems="28.834" contextid="4920" timestamp="2019-08-08T07:22:39.722">
  <compact-info movecount="2" movebytes="56" reason="compact to aid heap contraction" />
</gc-op>
<heap-resize id="4927" type="expand" space="tenure" amount="327680" count="1" timems="0.034" reason="satisfy allocation request" timestamp="2019-08-08T07:22:39.723" />
<gc-end id="4928" type="global" contextid="4920" durationms="59.535" usertimems="108.094" systemtimems="0.000" timestamp="2019-08-08T07:22:39.723" activeThreads="16">
  <mem-info id="4929" free="66770920" total="84738048" percent="78">
    <mem type="tenure" free="66770920" total="84738048" percent="78">
      <mem type="soa" free="65924072" total="83891200" percent="78" />
      <mem type="loa" free="846848" total="846848" percent="100" />
    </mem>
  </mem-info>
</gc-end>
<cycle-end id="4930" type="global" contextid="4920" timestamp="2019-08-08T07:22:39.723" />
  <attribute name="elasticGC enabled" value="1" />
  <attribute name= "numThreadsSpecified" value="16" />
  <attribute name="heapSize specified" value="84410368" />
  <attribute name="Current GC Util" value="39" />
  <attribute name= "Current Time Running" value="127333" />
  <attribute name ="GC Interval" value="0" />
  <attribute name="Target GC Util Change" value ="80.000000" />
  <attribute name="Current GC Util Change" value="39.000000"/>
  <attribute name="Current Error" value="-531.000000" />
  <attribute name="Output H" value="84710632"/>
  <attribute name="Output I" value="200"/>
  <attribute name="Output T" value="16"/>
  <attribute name= "Current Time Running" value="127333" />
  <attribute name="GC Util currently" value="39" />
  <attribute name="CPU Util currently" value="39954243385" />
<allocation-satisfied id="4931" threadId="0000000000996F00" bytesRequested="1168" />
<af-end id="4932" timestamp="2019-08-08T07:22:39.723" threadId="0000000000997888" success="true" />
<exclusive-end id="4933" timestamp="2019-08-08T07:22:39.723" durationms="59.755" />

<concurrent-kickoff id="4934" timestamp="2019-08-08T07:22:39.733">
  <kickoff reason="threshold reached" targetBytes="8886283" thresholdFreeBytes="1206086" remainingFree="1122192" tenureFreeBytes="1122192" />
</concurrent-kickoff>
<exclusive-start id="4935" timestamp="2019-08-08T07:22:39.733" intervalms="69.544">
  <response-info timems="0.021" idlems="0.021" threads="0" lastid="0000000000996F00" lastname="main" />
</exclusive-start>
<cycle-start id="4936" type="global" contextid="0" timestamp="2019-08-08T07:22:39.733" intervalms="69.473" />
<exclusive-end id="4937" timestamp="2019-08-08T07:22:39.733" durationms="0.031" />

<exclusive-start id="4938" timestamp="2019-08-08T07:22:39.733" intervalms="0.363">
  <response-info timems="0.027" idlems="0.027" threads="0" lastid="0000000000996F00" lastname="main" />
</exclusive-start>
<af-start id="4939" threadId="0000000000997888" totalBytesRequested="1168" timestamp="2019-08-08T07:22:39.733" intervalms="69.896" />
<concurrent-aborted id="4940" timestamp="2019-08-08T07:22:39.733">
  <reason value="insufficient progress made" />
</concurrent-aborted>
<cycle-end id="4941" type="global" contextid="4936" timestamp="2019-08-08T07:22:39.733" />
  <attribute name="elasticGC enabled" value="1" />
  <attribute name= "numThreadsSpecified" value="16" />
  <attribute name="heapSize specified" value="84410368" />
  <attribute name="Current GC Util" value="39" />
  <attribute name= "Current Time Running" value="127333" />
  <attribute name ="GC Interval" value="0" />
  <attribute name="Target GC Util Change" value ="80.000000" />
  <attribute name="Current GC Util Change" value="39.000000"/>
  <attribute name="Current Error" value="-531.000000" />
  <attribute name="Output H" value="84710632"/>
  <attribute name="Output I" value="200"/>
  <attribute name="Output T" value="16"/>
  <attribute name= "Current Time Running" value="127333" />
  <attribute name="GC Util currently" value="39" />
  <attribute name="CPU Util currently" value="39954243385" />
<cycle-start id="4942" type="global" contextid="0" timestamp="2019-08-08T07:22:39.733" intervalms="0.421" />
<gc-start id="4943" type="global" contextid="4942" timestamp="2019-08-08T07:22:39.733">
  <mem-info id="4944" free="846848" total="84738048" percent="0">
    <mem type="tenure" free="846848" total="84738048" percent="0">
      <mem type="soa" free="0" total="83891200" percent="0" />
      <mem type="loa" free="846848" total="846848" percent="100" />
    </mem>
  </mem-info>
</gc-start>
<allocation-stats totalBytes="65768848" >
  <allocated-bytes non-tlh="0" tlh="65768848" />
  <largest-consumer threadName="main" threadId="0000000000996F00" bytes="65768848" />
</allocation-stats>
<gc-op id="4945" type="mark" timems="12.589" contextid="4942" timestamp="2019-08-08T07:22:39.746">
  <trace-info objectcount="596678" scancount="517662" scanbytes="13286608" />
  <finalization candidates="80" enqueued="0" />
  <ownableSynchronizers candidates="21" cleared="0" />
  <references type="soft" candidates="1855" cleared="0" enqueued="0" dynamicThreshold="25" maxThreshold="32" />
  <references type="weak" candidates="5714" cleared="0" enqueued="0" />
  <references type="phantom" candidates="97" cleared="0" enqueued="0" />
  <stringconstants candidates="13272" cleared="0"  />
</gc-op>
<gc-op id="4946" type="sweep" timems="9.112" contextid="4942" timestamp="2019-08-08T07:22:39.755" />
<mem-info id="4947" free="66836456" total="84738048" percent="78">
  <mem type="tenure" free="66836456" total="84738048" percent="78" micro-fragmented="0">
    <mem type="soa" free="65989608" total="83891200" percent="78" />
    <mem type="loa" free="846848" total="846848" percent="100" />
  </mem>
</mem-info>
<gc-op id="4948" type="compact" timems="29.004" contextid="4942" timestamp="2019-08-08T07:22:39.784">
  <compact-info movecount="2" movebytes="56" reason="compact to aid heap contraction" />
</gc-op>
<heap-resize id="4949" type="expand" space="tenure" amount="327680" count="1" timems="0.022" reason="satisfy allocation request" timestamp="2019-08-08T07:22:39.785" />
<gc-end id="4950" type="global" contextid="4942" durationms="51.404" usertimems="107.860" systemtimems="0.000" timestamp="2019-08-08T07:22:39.785" activeThreads="16">
  <mem-info id="4951" free="67098600" total="85065728" percent="78">
    <mem type="tenure" free="67098600" total="85065728" percent="78">
      <mem type="soa" free="66248680" total="84215808" percent="78" />
      <mem type="loa" free="849920" total="849920" percent="100" />
    </mem>
  </mem-info>
</gc-end>
<cycle-end id="4952" type="global" contextid="4942" timestamp="2019-08-08T07:22:39.785" />
  <attribute name="elasticGC enabled" value="1" />
  <attribute name= "numThreadsSpecified" value="16" />
  <attribute name="heapSize specified" value="84738048" />
  <attribute name="Current GC Util" value="61" />
  <attribute name= "Current Time Running" value="127394" />
  <attribute name ="GC Interval" value="0" />
  <attribute name="Target GC Util Change" value ="80.000000" />
  <attribute name="Current GC Util Change" value="61.000000"/>
  <attribute name="Current Error" value="-253.000000" />
  <attribute name="Output H" value="85039592"/>
  <attribute name="Output I" value="696"/>
  <attribute name="Output T" value="16"/>
  <attribute name= "Current Time Running" value="127394" />
  <attribute name="GC Util currently" value="61" />
  <attribute name="CPU Util currently" value="39741003504" />
<allocation-satisfied id="4953" threadId="0000000000996F00" bytesRequested="1168" />
<af-end id="4954" timestamp="2019-08-08T07:22:39.785" threadId="0000000000997888" success="true" />
<exclusive-end id="4955" timestamp="2019-08-08T07:22:39.785" durationms="51.598" />

<concurrent-kickoff id="4956" timestamp="2019-08-08T07:22:39.792">
  <kickoff reason="threshold reached" targetBytes="8920645" thresholdFreeBytes="1210750" remainingFree="1187728" tenureFreeBytes="1187728" />
</concurrent-kickoff>
<exclusive-start id="4957" timestamp="2019-08-08T07:22:39.792" intervalms="58.858">
  <response-info timems="0.028" idlems="0.028" threads="0" lastid="0000000000996F00" lastname="main" />
</exclusive-start>
<cycle-start id="4958" type="global" contextid="0" timestamp="2019-08-08T07:22:39.792" intervalms="58.794" />
<exclusive-end id="4959" timestamp="2019-08-08T07:22:39.792" durationms="0.027" />

<exclusive-start id="4960" timestamp="2019-08-08T07:22:39.792" intervalms="0.365">
  <response-info timems="0.026" idlems="0.026" threads="0" lastid="0000000000996F00" lastname="main" />
</exclusive-start>
<af-start id="4961" threadId="0000000000997888" totalBytesRequested="1168" timestamp="2019-08-08T07:22:39.792" intervalms="59.223" />
<concurrent-aborted id="4962" timestamp="2019-08-08T07:22:39.792">
  <reason value="insufficient progress made" />
</concurrent-aborted>
<cycle-end id="4963" type="global" contextid="4958" timestamp="2019-08-08T07:22:39.792" />
  <attribute name="elasticGC enabled" value="1" />
  <attribute name= "numThreadsSpecified" value="16" />
  <attribute name="heapSize specified" value="84738048" />
  <attribute name="Current GC Util" value="61" />
  <attribute name= "Current Time Running" value="127394" />
  <attribute name ="GC Interval" value="0" />
  <attribute name="Target GC Util Change" value ="80.000000" />
  <attribute name="Current GC Util Change" value="61.000000"/>
  <attribute name="Current Error" value="-253.000000" />
  <attribute name="Output H" value="85039592"/>
  <attribute name="Output I" value="696"/>
  <attribute name="Output T" value="16"/>
  <attribute name= "Current Time Running" value="127394" />
  <attribute name="GC Util currently" value="61" />
  <attribute name="CPU Util currently" value="39741003504" />
<cycle-start id="4964" type="global" contextid="0" timestamp="2019-08-08T07:22:39.792" intervalms="0.419" />
<gc-start id="4965" type="global" contextid="4964" timestamp="2019-08-08T07:22:39.792">
  <mem-info id="4966" free="849920" total="85065728" percent="0">
    <mem type="tenure" free="849920" total="85065728" percent="0">
      <mem type="soa" free="0" total="84215808" percent="0" />
      <mem type="loa" free="849920" total="849920" percent="100" />
    </mem>
  </mem-info>
</gc-start>
<allocation-stats totalBytes="66092960" >
  <allocated-bytes non-tlh="0" tlh="66092960" />
  <largest-consumer threadName="main" threadId="0000000000996F00" bytes="66092960" />
</allocation-stats>
<gc-op id="4967" type="mark" timems="26.251" contextid="4964" timestamp="2019-08-08T07:22:39.819">
  <trace-info objectcount="596678" scancount="517665" scanbytes="13286608" />
  <finalization candidates="80" enqueued="0" />
  <ownableSynchronizers candidates="21" cleared="0" />
  <references type="soft" candidates="1855" cleared="0" enqueued="0" dynamicThreshold="25" maxThreshold="32" />
  <references type="weak" candidates="5714" cleared="0" enqueued="0" />
  <references type="phantom" candidates="97" cleared="0" enqueued="0" />
  <stringconstants candidates="13272" cleared="0"  />
</gc-op>
<gc-op id="4968" type="sweep" timems="8.942" contextid="4964" timestamp="2019-08-08T07:22:39.828" />
<mem-info id="4969" free="67163648" total="85065728" percent="78">
  <mem type="tenure" free="67163648" total="85065728" percent="78" micro-fragmented="0">
    <mem type="soa" free="66313728" total="84215808" percent="78" />
    <mem type="loa" free="849920" total="849920" percent="100" />
  </mem>
</mem-info>
<gc-op id="4970" type="compact" timems="26.979" contextid="4964" timestamp="2019-08-08T07:22:39.855">
  <compact-info movecount="2" movebytes="56" reason="compact to aid heap contraction" />
</gc-op>
<heap-resize id="4971" type="expand" space="tenure" amount="327680" count="1" timems="0.021" reason="satisfy allocation request" timestamp="2019-08-08T07:22:39.856" />
<gc-end id="4972" type="global" contextid="4964" durationms="63.320" usertimems="103.780" systemtimems="0.000" timestamp="2019-08-08T07:22:39.856" activeThreads="16">
  <mem-info id="4973" free="67426280" total="85393408" percent="78">
    <mem type="tenure" free="67426280" total="85393408" percent="78">
      <mem type="soa" free="66573288" total="84540416" percent="78" />
      <mem type="loa" free="852992" total="852992" percent="100" />
    </mem>
  </mem-info>
</gc-end>
<cycle-end id="4974" type="global" contextid="4964" timestamp="2019-08-08T07:22:39.856" />
  <attribute name="elasticGC enabled" value="1" />
  <attribute name= "numThreadsSpecified" value="16" />
  <attribute name="heapSize specified" value="85065728" />
  <attribute name="Current GC Util" value="43" />
  <attribute name= "Current Time Running" value="127465" />
  <attribute name ="GC Interval" value="0" />
  <attribute name="Target GC Util Change" value ="80.000000" />
  <attribute name="Current GC Util Change" value="43.000000"/>
  <attribute name="Current Error" value="96.000000" />
  <attribute name="Output H" value="85368888"/>
  <attribute name="Output I" value="2512"/>
  <attribute name="Output T" value="16"/>
  <attribute name= "Current Time Running" value="127465" />
  <attribute name="GC Util currently" value="43" />
  <attribute name="CPU Util currently" value="42583915757" />
<allocation-satisfied id="4975" threadId="0000000000996F00" bytesRequested="1168" />
<af-end id="4976" timestamp="2019-08-08T07:22:39.856" threadId="0000000000997888" success="true" />
<exclusive-end id="4977" timestamp="2019-08-08T07:22:39.856" durationms="63.592" />

<concurrent-kickoff id="4978" timestamp="2019-08-08T07:22:39.864">
  <kickoff reason="threshold reached" targetBytes="8955010" thresholdFreeBytes="1215414" remainingFree="1122192" tenureFreeBytes="1122192" />
</concurrent-kickoff>
<exclusive-start id="4979" timestamp="2019-08-08T07:22:39.864" intervalms="72.065">
  <response-info timems="0.060" idlems="0.060" threads="0" lastid="0000000000996F00" lastname="main" />
</exclusive-start>
<cycle-start id="4980" type="global" contextid="0" timestamp="2019-08-08T07:22:39.864" intervalms="72.022" />
<exclusive-end id="4981" timestamp="2019-08-08T07:22:39.864" durationms="0.036" />

<exclusive-start id="4982" timestamp="2019-08-08T07:22:39.865" intervalms="0.331">
  <response-info timems="0.020" idlems="0.020" threads="0" lastid="0000000000996F00" lastname="main" />
</exclusive-start>
<af-start id="4983" threadId="0000000000997888" totalBytesRequested="1168" timestamp="2019-08-08T07:22:39.865" intervalms="72.394" />
<concurrent-aborted id="4984" timestamp="2019-08-08T07:22:39.865">
  <reason value="insufficient progress made" />
</concurrent-aborted>
<cycle-end id="4985" type="global" contextid="4980" timestamp="2019-08-08T07:22:39.865" />
  <attribute name="elasticGC enabled" value="1" />
  <attribute name= "numThreadsSpecified" value="16" />
  <attribute name="heapSize specified" value="85065728" />
  <attribute name="Current GC Util" value="43" />
  <attribute name= "Current Time Running" value="127465" />
  <attribute name ="GC Interval" value="0" />
  <attribute name="Target GC Util Change" value ="80.000000" />
  <attribute name="Current GC Util Change" value="43.000000"/>
  <attribute name="Current Error" value="96.000000" />
  <attribute name="Output H" value="85368888"/>
  <attribute name="Output I" value="2512"/>
  <attribute name="Output T" value="16"/>
  <attribute name= "Current Time Running" value="127465" />
  <attribute name="GC Util currently" value="43" />
  <attribute name="CPU Util currently" value="42583915757" />
<cycle-start id="4986" type="global" contextid="0" timestamp="2019-08-08T07:22:39.865" intervalms="0.460" />
<gc-start id="4987" type="global" contextid="4986" timestamp="2019-08-08T07:22:39.865">
  <mem-info id="4988" free="852992" total="85393408" percent="0">
    <mem type="tenure" free="852992" total="85393408" percent="0">
      <mem type="soa" free="0" total="84540416" percent="0" />
      <mem type="loa" free="852992" total="852992" percent="100" />
    </mem>
  </mem-info>
</gc-start>
<allocation-stats totalBytes="66415888" >
  <allocated-bytes non-tlh="0" tlh="66415888" />
  <largest-consumer threadName="main" threadId="0000000000996F00" bytes="66415888" />
</allocation-stats>
<gc-op id="4989" type="mark" timems="10.125" contextid="4986" timestamp="2019-08-08T07:22:39.875">
  <trace-info objectcount="596678" scancount="517663" scanbytes="13286608" />
  <finalization candidates="80" enqueued="0" />
  <ownableSynchronizers candidates="21" cleared="0" />
  <references type="soft" candidates="1855" cleared="0" enqueued="0" dynamicThreshold="25" maxThreshold="32" />
  <references type="weak" candidates="5714" cleared="0" enqueued="0" />
  <references type="phantom" candidates="97" cleared="0" enqueued="0" />
  <stringconstants candidates="13272" cleared="0"  />
</gc-op>
<gc-op id="4990" type="sweep" timems="7.410" contextid="4986" timestamp="2019-08-08T07:22:39.883" />
<mem-info id="4991" free="67491816" total="85393408" percent="79">
  <mem type="tenure" free="67491816" total="85393408" percent="79" micro-fragmented="0">
    <mem type="soa" free="66638824" total="84540416" percent="78" />
    <mem type="loa" free="852992" total="852992" percent="100" />
  </mem>
</mem-info>
<gc-op id="4992" type="compact" timems="29.385" contextid="4986" timestamp="2019-08-08T07:22:39.912">
  <compact-info movecount="2" movebytes="56" reason="compact to aid heap contraction" />
</gc-op>
<heap-resize id="4993" type="expand" space="tenure" amount="327680" count="1" timems="0.020" reason="satisfy allocation request" timestamp="2019-08-08T07:22:39.913" />
<gc-end id="4994" type="global" contextid="4986" durationms="47.598" usertimems="93.441" systemtimems="0.000" timestamp="2019-08-08T07:22:39.913" activeThreads="16">
  <mem-info id="4995" free="67753960" total="85721088" percent="79">
    <mem type="tenure" free="67753960" total="85721088" percent="79">
      <mem type="soa" free="66896872" total="84864000" percent="78" />
      <mem type="loa" free="857088" total="857088" percent="100" />
    </mem>
  </mem-info>
</gc-end>
<cycle-end id="4996" type="global" contextid="4986" timestamp="2019-08-08T07:22:39.913" />
  <attribute name="elasticGC enabled" value="1" />
  <attribute name= "numThreadsSpecified" value="16" />
  <attribute name="heapSize specified" value="85393408" />
  <attribute name="Current GC Util" value="48" />
  <attribute name= "Current Time Running" value="127523" />
  <attribute name ="GC Interval" value="0" />
  <attribute name="Target GC Util Change" value ="80.000000" />
  <attribute name="Current GC Util Change" value="48.000000"/>
  <attribute name="Current Error" value="103.000000" />
  <attribute name="Output H" value="85696600"/>
  <attribute name="Output I" value="2544"/>
  <attribute name="Output T" value="16"/>
  <attribute name= "Current Time Running" value="127523" />
  <attribute name="GC Util currently" value="48" />
  <attribute name="CPU Util currently" value="39189230114" />
<allocation-satisfied id="4997" threadId="0000000000996F00" bytesRequested="1168" />
<af-end id="4998" timestamp="2019-08-08T07:22:39.913" threadId="0000000000997888" success="true" />
<exclusive-end id="4999" timestamp="2019-08-08T07:22:39.913" durationms="48.062" />

<concurrent-kickoff id="5000" timestamp="2019-08-08T07:22:39.920">
  <kickoff reason="threshold reached" targetBytes="8989372" thresholdFreeBytes="1220078" remainingFree="1187728" tenureFreeBytes="1187728" />
</concurrent-kickoff>
<exclusive-start id="5001" timestamp="2019-08-08T07:22:39.920" intervalms="55.729">
  <response-info timems="0.024" idlems="0.024" threads="0" lastid="0000000000996F00" lastname="main" />
</exclusive-start>
<cycle-start id="5002" type="global" contextid="0" timestamp="2019-08-08T07:22:39.920" intervalms="55.578" />
<exclusive-end id="5003" timestamp="2019-08-08T07:22:39.920" durationms="0.013" />

<exclusive-start id="5004" timestamp="2019-08-08T07:22:39.921" intervalms="0.368">
  <response-info timems="0.107" idlems="0.107" threads="0" lastid="0000000000996F00" lastname="main" />
</exclusive-start>
<af-start id="5005" threadId="0000000000997888" totalBytesRequested="1168" timestamp="2019-08-08T07:22:39.921" intervalms="56.158" />
<concurrent-aborted id="5006" timestamp="2019-08-08T07:22:39.921">
  <reason value="insufficient progress made" />
</concurrent-aborted>
<cycle-end id="5007" type="global" contextid="5002" timestamp="2019-08-08T07:22:39.921" />
  <attribute name="elasticGC enabled" value="1" />
  <attribute name= "numThreadsSpecified" value="16" />
  <attribute name="heapSize specified" value="85393408" />
  <attribute name="Current GC Util" value="48" />
  <attribute name= "Current Time Running" value="127523" />
  <attribute name ="GC Interval" value="0" />
  <attribute name="Target GC Util Change" value ="80.000000" />
  <attribute name="Current GC Util Change" value="48.000000"/>
  <attribute name="Current Error" value="103.000000" />
  <attribute name="Output H" value="85696600"/>
  <attribute name="Output I" value="2544"/>
  <attribute name="Output T" value="16"/>
  <attribute name= "Current Time Running" value="127523" />
  <attribute name="GC Util currently" value="48" />
  <attribute name="CPU Util currently" value="39189230114" />
<cycle-start id="5008" type="global" contextid="0" timestamp="2019-08-08T07:22:39.921" intervalms="0.521" />
<gc-start id="5009" type="global" contextid="5008" timestamp="2019-08-08T07:22:39.921">
  <mem-info id="5010" free="857088" total="85721088" percent="0">
    <mem type="tenure" free="857088" total="85721088" percent="0">
      <mem type="soa" free="0" total="84864000" percent="0" />
      <mem type="loa" free="857088" total="857088" percent="100" />
    </mem>
  </mem-info>
</gc-start>
<allocation-stats totalBytes="66738792" >
  <allocated-bytes non-tlh="0" tlh="66738792" />
  <largest-consumer threadName="main" threadId="0000000000996F00" bytes="66738792" />
</allocation-stats>
<gc-op id="5011" type="mark" timems="12.420" contextid="5008" timestamp="2019-08-08T07:22:39.933">
  <trace-info objectcount="596678" scancount="517664" scanbytes="13286608" />
  <finalization candidates="80" enqueued="0" />
  <ownableSynchronizers candidates="21" cleared="0" />
  <references type="soft" candidates="1855" cleared="0" enqueued="0" dynamicThreshold="25" maxThreshold="32" />
  <references type="weak" candidates="5714" cleared="0" enqueued="0" />
  <references type="phantom" candidates="97" cleared="0" enqueued="0" />
  <stringconstants candidates="13272" cleared="0"  />
</gc-op>
<gc-op id="5012" type="sweep" timems="12.041" contextid="5008" timestamp="2019-08-08T07:22:39.946" />
<mem-info id="5013" free="67818784" total="85721088" percent="79">
  <mem type="tenure" free="67818784" total="85721088" percent="79" micro-fragmented="0">
    <mem type="soa" free="66961696" total="84864000" percent="78" />
    <mem type="loa" free="857088" total="857088" percent="100" />
  </mem>
</mem-info>
<gc-op id="5014" type="compact" timems="31.246" contextid="5008" timestamp="2019-08-08T07:22:39.977">
  <compact-info movecount="2" movebytes="56" reason="compact to aid heap contraction" />
</gc-op>
<heap-resize id="5015" type="expand" space="tenure" amount="327680" count="1" timems="0.023" reason="satisfy allocation request" timestamp="2019-08-08T07:22:39.978" />
<gc-end id="5016" type="global" contextid="5008" durationms="56.625" usertimems="91.855" systemtimems="0.000" timestamp="2019-08-08T07:22:39.978" activeThreads="16">
  <mem-info id="5017" free="68081640" total="86048768" percent="79">
    <mem type="tenure" free="68081640" total="86048768" percent="79">
      <mem type="soa" free="67221480" total="85188608" percent="78" />
      <mem type="loa" free="860160" total="860160" percent="100" />
    </mem>
  </mem-info>
</gc-end>
<cycle-end id="5018" type="global" contextid="5008" timestamp="2019-08-08T07:22:39.978" />
  <attribute name="elasticGC enabled" value="1" />
  <attribute name= "numThreadsSpecified" value="16" />
  <attribute name="heapSize specified" value="85721088" />
  <attribute name="Current GC Util" value="46" />
  <attribute name= "Current Time Running" value="127587" />
  <attribute name ="GC Interval" value="0" />
  <attribute name="Target GC Util Change" value ="80.000000" />
  <attribute name="Current GC Util Change" value="46.000000"/>
  <attribute name="Current Error" value="34.000000" />
  <attribute name="Output H" value="86023960"/>
  <attribute name="Output I" value="2184"/>
  <attribute name="Output T" value="16"/>
  <attribute name= "Current Time Running" value="127587" />
  <attribute name="GC Util currently" value="46" />
  <attribute name="CPU Util currently" value="36896421151" />
<allocation-satisfied id="5019" threadId="0000000000996F00" bytesRequested="1168" />
<af-end id="5020" timestamp="2019-08-08T07:22:39.978" threadId="0000000000997888" success="true" />
<exclusive-end id="5021" timestamp="2019-08-08T07:22:39.978" durationms="56.929" />

<concurrent-kickoff id="5022" timestamp="2019-08-08T07:22:39.986">
  <kickoff reason="threshold reached" targetBytes="9023734" thresholdFreeBytes="1224742" remainingFree="1122192" tenureFreeBytes="1122192" />
</concurrent-kickoff>
<exclusive-start id="5023" timestamp="2019-08-08T07:22:39.986" intervalms="65.242">
  <response-info timems="0.021" idlems="0.021" threads="0" lastid="0000000000996F00" lastname="main" />
</exclusive-start>
<cycle-start id="5024" type="global" contextid="0" timestamp="2019-08-08T07:22:39.986" intervalms="65.090" />
<exclusive-end id="5025" timestamp="2019-08-08T07:22:39.986" durationms="0.014" />

<exclusive-start id="5026" timestamp="2019-08-08T07:22:39.986" intervalms="0.293">
  <response-info timems="0.009" idlems="0.009" threads="0" lastid="0000000000996F00" lastname="main" />
</exclusive-start>
<af-start id="5027" threadId="0000000000997888" totalBytesRequested="1168" timestamp="2019-08-08T07:22:39.986" intervalms="65.481" />
<concurrent-aborted id="5028" timestamp="2019-08-08T07:22:39.986">
  <reason value="insufficient progress made" />
</concurrent-aborted>
<cycle-end id="5029" type="global" contextid="5024" timestamp="2019-08-08T07:22:39.986" />
  <attribute name="elasticGC enabled" value="1" />
  <attribute name= "numThreadsSpecified" value="16" />
  <attribute name="heapSize specified" value="85721088" />
  <attribute name="Current GC Util" value="46" />
  <attribute name= "Current Time Running" value="127587" />
  <attribute name ="GC Interval" value="0" />
  <attribute name="Target GC Util Change" value ="80.000000" />
  <attribute name="Current GC Util Change" value="46.000000"/>
  <attribute name="Current Error" value="34.000000" />
  <attribute name="Output H" value="86023960"/>
  <attribute name="Output I" value="2184"/>
  <attribute name="Output T" value="16"/>
  <attribute name= "Current Time Running" value="127587" />
  <attribute name="GC Util currently" value="46" />
  <attribute name="CPU Util currently" value="36896421151" />
<cycle-start id="5030" type="global" contextid="0" timestamp="2019-08-08T07:22:39.986" intervalms="0.359" />
<gc-start id="5031" type="global" contextid="5030" timestamp="2019-08-08T07:22:39.986">
  <mem-info id="5032" free="860160" total="86048768" percent="0">
    <mem type="tenure" free="860160" total="86048768" percent="0">
      <mem type="soa" free="0" total="85188608" percent="0" />
      <mem type="loa" free="860160" total="860160" percent="100" />
    </mem>
  </mem-info>
</gc-start>
<allocation-stats totalBytes="67062928" >
  <allocated-bytes non-tlh="0" tlh="67062928" />
  <largest-consumer threadName="main" threadId="0000000000996F00" bytes="67062928" />
</allocation-stats>
<gc-op id="5033" type="mark" timems="15.260" contextid="5030" timestamp="2019-08-08T07:22:40.002">
  <trace-info objectcount="596678" scancount="517667" scanbytes="13286608" />
  <finalization candidates="80" enqueued="0" />
  <ownableSynchronizers candidates="21" cleared="0" />
  <references type="soft" candidates="1855" cleared="0" enqueued="0" dynamicThreshold="25" maxThreshold="32" />
  <references type="weak" candidates="5714" cleared="0" enqueued="0" />
  <references type="phantom" candidates="97" cleared="0" enqueued="0" />
  <stringconstants candidates="13272" cleared="0"  />
</gc-op>
<gc-op id="5034" type="sweep" timems="8.809" contextid="5030" timestamp="2019-08-08T07:22:40.011" />
<mem-info id="5035" free="68146856" total="86048768" percent="79">
  <mem type="tenure" free="68146856" total="86048768" percent="79" micro-fragmented="0">
    <mem type="soa" free="67286696" total="85188608" percent="78" />
    <mem type="loa" free="860160" total="860160" percent="100" />
  </mem>
</mem-info>
<gc-op id="5036" type="compact" timems="25.645" contextid="5030" timestamp="2019-08-08T07:22:40.036">
  <compact-info movecount="2" movebytes="56" reason="compact to aid heap contraction" />
</gc-op>
<heap-resize id="5037" type="expand" space="tenure" amount="327680" count="1" timems="0.021" reason="satisfy allocation request" timestamp="2019-08-08T07:22:40.037" />
<gc-end id="5038" type="global" contextid="5030" durationms="50.666" usertimems="93.032" systemtimems="0.000" timestamp="2019-08-08T07:22:40.037" activeThreads="16">
  <mem-info id="5039" free="68409320" total="86376448" percent="79">
    <mem type="tenure" free="68409320" total="86376448" percent="79">
      <mem type="soa" free="67546088" total="85513216" percent="78" />
      <mem type="loa" free="863232" total="863232" percent="100" />
    </mem>
  </mem-info>
</gc-end>
<cycle-end id="5040" type="global" contextid="5030" timestamp="2019-08-08T07:22:40.037" />
  <attribute name="elasticGC enabled" value="1" />
  <attribute name= "numThreadsSpecified" value="16" />
  <attribute name="heapSize specified" value="86048768" />
  <attribute name="Current GC Util" value="70" />
  <attribute name= "Current Time Running" value="127647" />
  <attribute name ="GC Interval" value="0" />
  <attribute name="Target GC Util Change" value ="80.000000" />
  <attribute name="Current GC Util Change" value="70.000000"/>
  <attribute name="Current Error" value="-328.000000" />
  <attribute name="Output H" value="86349968"/>
  <attribute name="Output I" value="304"/>
  <attribute name="Output T" value="16"/>
  <attribute name= "Current Time Running" value="127647" />
  <attribute name="GC Util currently" value="70" />
  <attribute name="CPU Util currently" value="44910894560" />
<allocation-satisfied id="5041" threadId="0000000000996F00" bytesRequested="1168" />
<af-end id="5042" timestamp="2019-08-08T07:22:40.037" threadId="0000000000997888" success="true" />
<exclusive-end id="5043" timestamp="2019-08-08T07:22:40.037" durationms="50.865" />

<concurrent-kickoff id="5044" timestamp="2019-08-08T07:22:40.045">
  <kickoff reason="threshold reached" targetBytes="9058099" thresholdFreeBytes="1229406" remainingFree="1187728" tenureFreeBytes="1187728" />
</concurrent-kickoff>
<exclusive-start id="5045" timestamp="2019-08-08T07:22:40.045" intervalms="58.381">
  <response-info timems="0.023" idlems="0.023" threads="0" lastid="0000000000996F00" lastname="main" />
</exclusive-start>
<cycle-start id="5046" type="global" contextid="0" timestamp="2019-08-08T07:22:40.045" intervalms="58.314" />
<exclusive-end id="5047" timestamp="2019-08-08T07:22:40.045" durationms="0.012" />

<exclusive-start id="5048" timestamp="2019-08-08T07:22:40.045" intervalms="0.371">
  <response-info timems="0.025" idlems="0.025" threads="0" lastid="0000000000996F00" lastname="main" />
</exclusive-start>
<af-start id="5049" threadId="0000000000997888" totalBytesRequested="1168" timestamp="2019-08-08T07:22:40.045" intervalms="58.746" />
<concurrent-aborted id="5050" timestamp="2019-08-08T07:22:40.045">
  <reason value="insufficient progress made" />
</concurrent-aborted>
<cycle-end id="5051" type="global" contextid="5046" timestamp="2019-08-08T07:22:40.045" />
  <attribute name="elasticGC enabled" value="1" />
  <attribute name= "numThreadsSpecified" value="16" />
  <attribute name="heapSize specified" value="86048768" />
  <attribute name="Current GC Util" value="70" />
  <attribute name= "Current Time Running" value="127647" />
  <attribute name ="GC Interval" value="0" />
  <attribute name="Target GC Util Change" value ="80.000000" />
  <attribute name="Current GC Util Change" value="70.000000"/>
  <attribute name="Current Error" value="-328.000000" />
  <attribute name="Output H" value="86349968"/>
  <attribute name="Output I" value="304"/>
  <attribute name="Output T" value="16"/>
  <attribute name= "Current Time Running" value="127647" />
  <attribute name="GC Util currently" value="70" />
  <attribute name="CPU Util currently" value="44910894560" />
<cycle-start id="5052" type="global" contextid="0" timestamp="2019-08-08T07:22:40.045" intervalms="0.431" />
<gc-start id="5053" type="global" contextid="5052" timestamp="2019-08-08T07:22:40.045">
  <mem-info id="5054" free="863232" total="86376448" percent="0">
    <mem type="tenure" free="863232" total="86376448" percent="0">
      <mem type="soa" free="0" total="85513216" percent="0" />
      <mem type="loa" free="863232" total="863232" percent="100" />
    </mem>
  </mem-info>
</gc-start>
<allocation-stats totalBytes="67287392" >
  <allocated-bytes non-tlh="0" tlh="67287392" />
  <largest-consumer threadName="main" threadId="0000000000996F00" bytes="67287392" />
</allocation-stats>
<gc-op id="5055" type="mark" timems="8.227" contextid="5052" timestamp="2019-08-08T07:22:40.053">
  <trace-info objectcount="596678" scancount="517667" scanbytes="13286636" />
  <finalization candidates="80" enqueued="0" />
  <ownableSynchronizers candidates="21" cleared="0" />
  <references type="soft" candidates="1855" cleared="0" enqueued="0" dynamicThreshold="25" maxThreshold="32" />
  <references type="weak" candidates="5714" cleared="0" enqueued="0" />
  <references type="phantom" candidates="97" cleared="0" enqueued="0" />
  <stringconstants candidates="13272" cleared="0"  />
</gc-op>
<gc-op id="5056" type="sweep" timems="6.982" contextid="5052" timestamp="2019-08-08T07:22:40.060" />
<mem-info id="5057" free="68473760" total="86376448" percent="79">
  <mem type="tenure" free="68473760" total="86376448" percent="79" micro-fragmented="0">
    <mem type="soa" free="67610528" total="85513216" percent="79" />
    <mem type="loa" free="863232" total="863232" percent="100" />
  </mem>
</mem-info>
<gc-op id="5058" type="compact" timems="24.839" contextid="5052" timestamp="2019-08-08T07:22:40.085">
  <compact-info movecount="813" movebytes="43288" reason="compact to aid heap contraction" />
</gc-op>
<heap-resize id="5059" type="expand" space="tenure" amount="327680" count="1" timems="0.028" reason="satisfy allocation request" timestamp="2019-08-08T07:22:40.086" />
<gc-end id="5060" type="global" contextid="5052" durationms="42.113" usertimems="82.009" systemtimems="0.000" timestamp="2019-08-08T07:22:40.087" activeThreads="16">
  <mem-info id="5061" free="68736968" total="86704128" percent="79">
    <mem type="tenure" free="68736968" total="86704128" percent="79">
      <mem type="soa" free="67870664" total="85837824" percent="79" />
      <mem type="loa" free="866304" total="866304" percent="100" />
    </mem>
  </mem-info>
</gc-end>
<cycle-end id="5062" type="global" contextid="5052" timestamp="2019-08-08T07:22:40.087" />
  <attribute name="elasticGC enabled" value="1" />
  <attribute name= "numThreadsSpecified" value="16" />
  <attribute name="heapSize specified" value="86376448" />
  <attribute name="Current GC Util" value="41" />
  <attribute name= "Current Time Running" value="127696" />
  <attribute name ="GC Interval" value="0" />
  <attribute name="Target GC Util Change" value ="80.000000" />
  <attribute name="Current GC Util Change" value="41.000000"/>
  <attribute name="Current Error" value="-550.000000" />
  <attribute name="Output H" value="86676624"/>
  <attribute name="Output I" value="200"/>
  <attribute name="Output T" value="16"/>
  <attribute name= "Current Time Running" value="127696" />
  <attribute name="GC Util currently" value="41" />
  <attribute name="CPU Util currently" value="46366605393" />
<allocation-satisfied id="5063" threadId="0000000000996F00" bytesRequested="1168" />
<af-end id="5064" timestamp="2019-08-08T07:22:40.087" threadId="0000000000997888" success="true" />
<exclusive-end id="5065" timestamp="2019-08-08T07:22:40.087" durationms="42.294" />

<concurrent-kickoff id="5066" timestamp="2019-08-08T07:22:40.095">
  <kickoff reason="threshold reached" targetBytes="9092461" thresholdFreeBytes="1234070" remainingFree="1122208" tenureFreeBytes="1122208" />
</concurrent-kickoff>
<exclusive-start id="5067" timestamp="2019-08-08T07:22:40.095" intervalms="49.875">
  <response-info timems="0.026" idlems="0.026" threads="0" lastid="0000000000996F00" lastname="main" />
</exclusive-start>
<cycle-start id="5068" type="global" contextid="0" timestamp="2019-08-08T07:22:40.095" intervalms="49.827" />
<exclusive-end id="5069" timestamp="2019-08-08T07:22:40.095" durationms="0.028" />

<exclusive-start id="5070" timestamp="2019-08-08T07:22:40.095" intervalms="0.291">
  <response-info timems="0.007" idlems="0.007" threads="0" lastid="0000000000996F00" lastname="main" />
</exclusive-start>
<af-start id="5071" threadId="0000000000997888" totalBytesRequested="1168" timestamp="2019-08-08T07:22:40.095" intervalms="50.166" />
<concurrent-aborted id="5072" timestamp="2019-08-08T07:22:40.095">
  <reason value="insufficient progress made" />
</concurrent-aborted>
<cycle-end id="5073" type="global" contextid="5068" timestamp="2019-08-08T07:22:40.095" />
  <attribute name="elasticGC enabled" value="1" />
  <attribute name= "numThreadsSpecified" value="16" />
  <attribute name="heapSize specified" value="86376448" />
  <attribute name="Current GC Util" value="41" />
  <attribute name= "Current Time Running" value="127696" />
  <attribute name ="GC Interval" value="0" />
  <attribute name="Target GC Util Change" value ="80.000000" />
  <attribute name="Current GC Util Change" value="41.000000"/>
  <attribute name="Current Error" value="-550.000000" />
  <attribute name="Output H" value="86676624"/>
  <attribute name="Output I" value="200"/>
  <attribute name="Output T" value="16"/>
  <attribute name= "Current Time Running" value="127696" />
  <attribute name="GC Util currently" value="41" />
  <attribute name="CPU Util currently" value="46366605393" />
<cycle-start id="5074" type="global" contextid="0" timestamp="2019-08-08T07:22:40.095" intervalms="0.355" />
<gc-start id="5075" type="global" contextid="5074" timestamp="2019-08-08T07:22:40.095">
  <mem-info id="5076" free="866304" total="86704128" percent="0">
    <mem type="tenure" free="866304" total="86704128" percent="0">
      <mem type="soa" free="0" total="85837824" percent="0" />
      <mem type="loa" free="866304" total="866304" percent="100" />
    </mem>
  </mem-info>
</gc-start>
<allocation-stats totalBytes="67501600" >
  <allocated-bytes non-tlh="0" tlh="67501600" />
  <largest-consumer threadName="main" threadId="0000000000996F00" bytes="67501600" />
</allocation-stats>
<gc-op id="5077" type="mark" timems="9.226" contextid="5074" timestamp="2019-08-08T07:22:40.105">
  <trace-info objectcount="596679" scancount="517665" scanbytes="13286660" />
  <finalization candidates="80" enqueued="0" />
  <ownableSynchronizers candidates="21" cleared="0" />
  <references type="soft" candidates="1855" cleared="0" enqueued="0" dynamicThreshold="25" maxThreshold="32" />
  <references type="weak" candidates="5714" cleared="0" enqueued="0" />
  <references type="phantom" candidates="97" cleared="0" enqueued="0" />
  <stringconstants candidates="13272" cleared="0"  />
</gc-op>
<gc-op id="5078" type="sweep" timems="6.648" contextid="5074" timestamp="2019-08-08T07:22:40.111" />
<mem-info id="5079" free="68802480" total="86704128" percent="79">
  <mem type="tenure" free="68802480" total="86704128" percent="79" micro-fragmented="0">
    <mem type="soa" free="67936176" total="85837824" percent="79" />
    <mem type="loa" free="866304" total="866304" percent="100" />
  </mem>
</mem-info>
<gc-op id="5080" type="compact" timems="24.691" contextid="5074" timestamp="2019-08-08T07:22:40.136">
  <compact-info movecount="2" movebytes="64" reason="compact to aid heap contraction" />
</gc-op>
<heap-resize id="5081" type="expand" space="tenure" amount="327680" count="1" timems="0.023" reason="satisfy allocation request" timestamp="2019-08-08T07:22:40.137" />
<gc-end id="5082" type="global" contextid="5074" durationms="41.416" usertimems="97.296" systemtimems="0.000" timestamp="2019-08-08T07:22:40.137" activeThreads="16">
  <mem-info id="5083" free="69064624" total="87031808" percent="79">
    <mem type="tenure" free="69064624" total="87031808" percent="79">
      <mem type="soa" free="68195248" total="86162432" percent="79" />
      <mem type="loa" free="869376" total="869376" percent="100" />
    </mem>
  </mem-info>
</gc-end>
<cycle-end id="5084" type="global" contextid="5074" timestamp="2019-08-08T07:22:40.137" />
  <attribute name="elasticGC enabled" value="1" />
  <attribute name= "numThreadsSpecified" value="16" />
  <attribute name="heapSize specified" value="86704128" />
  <attribute name="Current GC Util" value="55" />
  <attribute name= "Current Time Running" value="127747" />
  <attribute name ="GC Interval" value="0" />
  <attribute name="Target GC Util Change" value ="80.000000" />
  <attribute name="Current GC Util Change" value="55.000000"/>
  <attribute name="Current Error" value="-329.000000" />
  <attribute name="Output H" value="87005328"/>
  <attribute name="Output I" value="304"/>
  <attribute name="Output T" value="16"/>
  <attribute name= "Current Time Running" value="127747" />
  <attribute name="GC Util currently" value="55" />
  <attribute name="CPU Util currently" value="46631718971" />
<allocation-satisfied id="5085" threadId="0000000000996F00" bytesRequested="1168" />
<af-end id="5086" timestamp="2019-08-08T07:22:40.137" threadId="0000000000997888" success="true" />
<exclusive-end id="5087" timestamp="2019-08-08T07:22:40.137" durationms="41.636" />

<concurrent-kickoff id="5088" timestamp="2019-08-08T07:22:40.144">
  <kickoff reason="threshold reached" targetBytes="9126824" thresholdFreeBytes="1238734" remainingFree="1187720" tenureFreeBytes="1187720" />
</concurrent-kickoff>
<exclusive-start id="5089" timestamp="2019-08-08T07:22:40.144" intervalms="49.072">
  <response-info timems="0.017" idlems="0.017" threads="0" lastid="0000000000996F00" lastname="main" />
</exclusive-start>
<cycle-start id="5090" type="global" contextid="0" timestamp="2019-08-08T07:22:40.144" intervalms="49.007" />
<exclusive-end id="5091" timestamp="2019-08-08T07:22:40.144" durationms="0.026" />

<exclusive-start id="5092" timestamp="2019-08-08T07:22:40.145" intervalms="0.286">
  <response-info timems="0.035" idlems="0.035" threads="0" lastid="0000000000996F00" lastname="main" />
</exclusive-start>
<af-start id="5093" threadId="0000000000997888" totalBytesRequested="1168" timestamp="2019-08-08T07:22:40.145" intervalms="49.356" />
<concurrent-aborted id="5094" timestamp="2019-08-08T07:22:40.145">
  <reason value="insufficient progress made" />
</concurrent-aborted>
<cycle-end id="5095" type="global" contextid="5090" timestamp="2019-08-08T07:22:40.145" />
  <attribute name="elasticGC enabled" value="1" />
  <attribute name= "numThreadsSpecified" value="16" />
  <attribute name="heapSize specified" value="86704128" />
  <attribute name="Current GC Util" value="55" />
  <attribute name= "Current Time Running" value="127747" />
  <attribute name ="GC Interval" value="0" />
  <attribute name="Target GC Util Change" value ="80.000000" />
  <attribute name="Current GC Util Change" value="55.000000"/>
  <attribute name="Current Error" value="-329.000000" />
  <attribute name="Output H" value="87005328"/>
  <attribute name="Output I" value="304"/>
  <attribute name="Output T" value="16"/>
  <attribute name= "Current Time Running" value="127747" />
  <attribute name="GC Util currently" value="55" />
  <attribute name="CPU Util currently" value="46631718971" />
<cycle-start id="5096" type="global" contextid="0" timestamp="2019-08-08T07:22:40.145" intervalms="0.332" />
<gc-start id="5097" type="global" contextid="5096" timestamp="2019-08-08T07:22:40.145">
  <mem-info id="5098" free="869376" total="87031808" percent="0">
    <mem type="tenure" free="869376" total="87031808" percent="0">
      <mem type="soa" free="0" total="86162432" percent="0" />
      <mem type="loa" free="869376" total="869376" percent="100" />
    </mem>
  </mem-info>
</gc-start>
<allocation-stats totalBytes="67833152" >
  <allocated-bytes non-tlh="0" tlh="67833152" />
  <largest-consumer threadName="main" threadId="0000000000996F00" bytes="67833152" />
</allocation-stats>
<gc-op id="5099" type="mark" timems="7.749" contextid="5096" timestamp="2019-08-08T07:22:40.152">
  <trace-info objectcount="596679" scancount="517660" scanbytes="13286660" />
  <finalization candidates="80" enqueued="0" />
  <ownableSynchronizers candidates="21" cleared="0" />
  <references type="soft" candidates="1855" cleared="0" enqueued="0" dynamicThreshold="25" maxThreshold="32" />
  <references type="weak" candidates="5714" cleared="0" enqueued="0" />
  <references type="phantom" candidates="97" cleared="0" enqueued="0" />
  <stringconstants candidates="13272" cleared="0"  />
</gc-op>
<gc-op id="5100" type="sweep" timems="6.511" contextid="5096" timestamp="2019-08-08T07:22:40.159" />
<mem-info id="5101" free="69129784" total="87031808" percent="79">
  <mem type="tenure" free="69129784" total="87031808" percent="79" micro-fragmented="0">
    <mem type="soa" free="68260408" total="86162432" percent="79" />
    <mem type="loa" free="869376" total="869376" percent="100" />
  </mem>
</mem-info>
<gc-op id="5102" type="compact" timems="27.449" contextid="5096" timestamp="2019-08-08T07:22:40.187">
  <compact-info movecount="2" movebytes="64" reason="compact to aid heap contraction" />
</gc-op>
<heap-resize id="5103" type="expand" space="tenure" amount="327680" count="1" timems="0.021" reason="satisfy allocation request" timestamp="2019-08-08T07:22:40.187" />
<gc-end id="5104" type="global" contextid="5096" durationms="42.419" usertimems="100.430" systemtimems="0.000" timestamp="2019-08-08T07:22:40.187" activeThreads="16">
  <mem-info id="5105" free="69392304" total="87359488" percent="79">
    <mem type="tenure" free="69392304" total="87359488" percent="79">
      <mem type="soa" free="68518832" total="86486016" percent="79" />
      <mem type="loa" free="873472" total="873472" percent="100" />
    </mem>
  </mem-info>
</gc-end>
<cycle-end id="5106" type="global" contextid="5096" timestamp="2019-08-08T07:22:40.187" />
  <attribute name="elasticGC enabled" value="1" />
  <attribute name= "numThreadsSpecified" value="16" />
  <attribute name="heapSize specified" value="87031808" />
  <attribute name="Current GC Util" value="75" />
  <attribute name= "Current Time Running" value="127797" />
  <attribute name ="GC Interval" value="0" />
  <attribute name="Target GC Util Change" value ="80.000000" />
  <attribute name="Current GC Util Change" value="75.000000"/>
  <attribute name="Current Error" value="80.000000" />
  <attribute name="Output H" value="87334896"/>
  <attribute name="Output I" value="2424"/>
  <attribute name="Output T" value="16"/>
  <attribute name= "Current Time Running" value="127797" />
  <attribute name="GC Util currently" value="75" />
  <attribute name="CPU Util currently" value="41946945473" />
<allocation-satisfied id="5107" threadId="0000000000996F00" bytesRequested="1168" />
<af-end id="5108" timestamp="2019-08-08T07:22:40.187" threadId="0000000000997888" success="true" />
<exclusive-end id="5109" timestamp="2019-08-08T07:22:40.187" durationms="42.585" />

<concurrent-kickoff id="5110" timestamp="2019-08-08T07:22:40.194">
  <kickoff reason="threshold reached" targetBytes="9161187" thresholdFreeBytes="1243397" remainingFree="1122184" tenureFreeBytes="1122184" />
</concurrent-kickoff>
<exclusive-start id="5111" timestamp="2019-08-08T07:22:40.194" intervalms="49.432">
  <response-info timems="0.023" idlems="0.023" threads="0" lastid="0000000000996F00" lastname="main" />
</exclusive-start>
<cycle-start id="5112" type="global" contextid="0" timestamp="2019-08-08T07:22:40.194" intervalms="49.375" />
<exclusive-end id="5113" timestamp="2019-08-08T07:22:40.194" durationms="0.013" />

<exclusive-start id="5114" timestamp="2019-08-08T07:22:40.194" intervalms="0.296">
  <response-info timems="0.037" idlems="0.037" threads="0" lastid="0000000000996F00" lastname="main" />
</exclusive-start>
<af-start id="5115" threadId="0000000000997888" totalBytesRequested="1168" timestamp="2019-08-08T07:22:40.194" intervalms="49.751" />
<concurrent-aborted id="5116" timestamp="2019-08-08T07:22:40.194">
  <reason value="insufficient progress made" />
</concurrent-aborted>
<cycle-end id="5117" type="global" contextid="5112" timestamp="2019-08-08T07:22:40.194" />
  <attribute name="elasticGC enabled" value="1" />
  <attribute name= "numThreadsSpecified" value="16" />
  <attribute name="heapSize specified" value="87031808" />
  <attribute name="Current GC Util" value="75" />
  <attribute name= "Current Time Running" value="127797" />
  <attribute name ="GC Interval" value="0" />
  <attribute name="Target GC Util Change" value ="80.000000" />
  <attribute name="Current GC Util Change" value="75.000000"/>
  <attribute name="Current Error" value="80.000000" />
  <attribute name="Output H" value="87334896"/>
  <attribute name="Output I" value="2424"/>
  <attribute name="Output T" value="16"/>
  <attribute name= "Current Time Running" value="127797" />
  <attribute name="GC Util currently" value="75" />
  <attribute name="CPU Util currently" value="41946945473" />
<cycle-start id="5118" type="global" contextid="0" timestamp="2019-08-08T07:22:40.194" intervalms="0.399" />
<gc-start id="5119" type="global" contextid="5118" timestamp="2019-08-08T07:22:40.194">
  <mem-info id="5120" free="873472" total="87359488" percent="0">
    <mem type="tenure" free="873472" total="87359488" percent="0">
      <mem type="soa" free="0" total="86486016" percent="0" />
      <mem type="loa" free="873472" total="873472" percent="100" />
    </mem>
  </mem-info>
</gc-start>
<allocation-stats totalBytes="68154456" >
  <allocated-bytes non-tlh="0" tlh="68154456" />
  <largest-consumer threadName="main" threadId="0000000000996F00" bytes="68154456" />
</allocation-stats>
<gc-op id="5121" type="mark" timems="8.827" contextid="5118" timestamp="2019-08-08T07:22:40.203">
  <trace-info objectcount="596679" scancount="517667" scanbytes="13286660" />
  <finalization candidates="80" enqueued="0" />
  <ownableSynchronizers candidates="21" cleared="0" />
  <references type="soft" candidates="1855" cleared="0" enqueued="0" dynamicThreshold="25" maxThreshold="32" />
  <references type="weak" candidates="5714" cleared="0" enqueued="0" />
  <references type="phantom" candidates="97" cleared="0" enqueued="0" />
  <stringconstants candidates="13272" cleared="0"  />
</gc-op>
<gc-op id="5122" type="sweep" timems="8.121" contextid="5118" timestamp="2019-08-08T07:22:40.211" />
<mem-info id="5123" free="69457840" total="87359488" percent="79">
  <mem type="tenure" free="69457840" total="87359488" percent="79" micro-fragmented="0">
    <mem type="soa" free="68584368" total="86486016" percent="79" />
    <mem type="loa" free="873472" total="873472" percent="100" />
  </mem>
</mem-info>
<gc-op id="5124" type="compact" timems="24.774" contextid="5118" timestamp="2019-08-08T07:22:40.236">
  <compact-info movecount="2" movebytes="64" reason="compact to aid heap contraction" />
</gc-op>
<heap-resize id="5125" type="expand" space="tenure" amount="327680" count="1" timems="0.021" reason="satisfy allocation request" timestamp="2019-08-08T07:22:40.237" />
<gc-end id="5126" type="global" contextid="5118" durationms="42.508" usertimems="101.928" systemtimems="0.000" timestamp="2019-08-08T07:22:40.237" activeThreads="16">
  <mem-info id="5127" free="69719984" total="87687168" percent="79">
    <mem type="tenure" free="69719984" total="87687168" percent="79">
      <mem type="soa" free="68843440" total="86810624" percent="79" />
      <mem type="loa" free="876544" total="876544" percent="100" />
    </mem>
  </mem-info>
</gc-end>
<cycle-end id="5128" type="global" contextid="5118" timestamp="2019-08-08T07:22:40.237" />
  <attribute name="elasticGC enabled" value="1" />
  <attribute name= "numThreadsSpecified" value="16" />
  <attribute name="heapSize specified" value="87359488" />
  <attribute name="Current GC Util" value="54" />
  <attribute name= "Current Time Running" value="127847" />
  <attribute name ="GC Interval" value="0" />
  <attribute name="Target GC Util Change" value ="80.000000" />
  <attribute name="Current GC Util Change" value="54.000000"/>
  <attribute name="Current Error" value="90.000000" />
  <attribute name="Output H" value="87662616"/>
  <attribute name="Output I" value="2480"/>
  <attribute name="Output T" value="16"/>
  <attribute name= "Current Time Running" value="127847" />
  <attribute name="GC Util currently" value="54" />
  <attribute name="CPU Util currently" value="46451702404" />
<allocation-satisfied id="5129" threadId="0000000000996F00" bytesRequested="1168" />
<af-end id="5130" timestamp="2019-08-08T07:22:40.237" threadId="0000000000997888" success="true" />
<exclusive-end id="5131" timestamp="2019-08-08T07:22:40.237" durationms="42.732" />

<concurrent-kickoff id="5132" timestamp="2019-08-08T07:22:40.244">
  <kickoff reason="threshold reached" targetBytes="9195551" thresholdFreeBytes="1248062" remainingFree="1187720" tenureFreeBytes="1187720" />
</concurrent-kickoff>
<exclusive-start id="5133" timestamp="2019-08-08T07:22:40.244" intervalms="49.800">
  <response-info timems="0.023" idlems="0.023" threads="0" lastid="0000000000996F00" lastname="main" />
</exclusive-start>
<cycle-start id="5134" type="global" contextid="0" timestamp="2019-08-08T07:22:40.244" intervalms="49.705" />
<exclusive-end id="5135" timestamp="2019-08-08T07:22:40.244" durationms="0.020" />

<exclusive-start id="5136" timestamp="2019-08-08T07:22:40.244" intervalms="0.262">
  <response-info timems="0.021" idlems="0.021" threads="0" lastid="0000000000996F00" lastname="main" />
</exclusive-start>
<af-start id="5137" threadId="0000000000997888" totalBytesRequested="1168" timestamp="2019-08-08T07:22:40.244" intervalms="50.042" />
<concurrent-aborted id="5138" timestamp="2019-08-08T07:22:40.244">
  <reason value="insufficient progress made" />
</concurrent-aborted>
<cycle-end id="5139" type="global" contextid="5134" timestamp="2019-08-08T07:22:40.244" />
  <attribute name="elasticGC enabled" value="1" />
  <attribute name= "numThreadsSpecified" value="16" />
  <attribute name="heapSize specified" value="87359488" />
  <attribute name="Current GC Util" value="54" />
  <attribute name= "Current Time Running" value="127847" />
  <attribute name ="GC Interval" value="0" />
  <attribute name="Target GC Util Change" value ="80.000000" />
  <attribute name="Current GC Util Change" value="54.000000"/>
  <attribute name="Current Error" value="90.000000" />
  <attribute name="Output H" value="87662616"/>
  <attribute name="Output I" value="2480"/>
  <attribute name="Output T" value="16"/>
  <attribute name= "Current Time Running" value="127847" />
  <attribute name="GC Util currently" value="54" />
  <attribute name="CPU Util currently" value="46451702404" />
<cycle-start id="5140" type="global" contextid="0" timestamp="2019-08-08T07:22:40.244" intervalms="0.314" />
<gc-start id="5141" type="global" contextid="5140" timestamp="2019-08-08T07:22:40.245">
  <mem-info id="5142" free="876544" total="87687168" percent="0">
    <mem type="tenure" free="876544" total="87687168" percent="0">
      <mem type="soa" free="0" total="86810624" percent="0" />
      <mem type="loa" free="876544" total="876544" percent="100" />
    </mem>
  </mem-info>
</gc-start>
<allocation-stats totalBytes="68478216" >
  <allocated-bytes non-tlh="0" tlh="68478216" />
  <largest-consumer threadName="main" threadId="0000000000996F00" bytes="68478216" />
</allocation-stats>
<gc-op id="5143" type="mark" timems="9.827" contextid="5140" timestamp="2019-08-08T07:22:40.254">
  <trace-info objectcount="596679" scancount="517662" scanbytes="13286660" />
  <finalization candidates="80" enqueued="0" />
  <ownableSynchronizers candidates="21" cleared="0" />
  <references type="soft" candidates="1855" cleared="0" enqueued="0" dynamicThreshold="25" maxThreshold="32" />
  <references type="weak" candidates="5714" cleared="0" enqueued="0" />
  <references type="phantom" candidates="97" cleared="0" enqueued="0" />
  <stringconstants candidates="13272" cleared="0"  />
</gc-op>
<gc-op id="5144" type="sweep" timems="9.524" contextid="5140" timestamp="2019-08-08T07:22:40.264" />
<mem-info id="5145" free="69784872" total="87687168" percent="79">
  <mem type="tenure" free="69784872" total="87687168" percent="79" micro-fragmented="0">
    <mem type="soa" free="68908328" total="86810624" percent="79" />
    <mem type="loa" free="876544" total="876544" percent="100" />
  </mem>
</mem-info>
<gc-op id="5146" type="compact" timems="24.253" contextid="5140" timestamp="2019-08-08T07:22:40.288">
  <compact-info movecount="2" movebytes="64" reason="compact to aid heap contraction" />
</gc-op>
<heap-resize id="5147" type="expand" space="tenure" amount="327680" count="1" timems="0.024" reason="satisfy allocation request" timestamp="2019-08-08T07:22:40.289" />
<gc-end id="5148" type="global" contextid="5140" durationms="44.542" usertimems="100.808" systemtimems="0.000" timestamp="2019-08-08T07:22:40.289" activeThreads="16">
  <mem-info id="5149" free="70047664" total="88014848" percent="79">
    <mem type="tenure" free="70047664" total="88014848" percent="79">
      <mem type="soa" free="69168048" total="87135232" percent="79" />
      <mem type="loa" free="879616" total="879616" percent="100" />
    </mem>
  </mem-info>
</gc-end>
<cycle-end id="5150" type="global" contextid="5140" timestamp="2019-08-08T07:22:40.289" />
  <attribute name="elasticGC enabled" value="1" />
  <attribute name= "numThreadsSpecified" value="16" />
  <attribute name="heapSize specified" value="87687168" />
  <attribute name="Current GC Util" value="127" />
  <attribute name= "Current Time Running" value="127899" />
  <attribute name ="GC Interval" value="0" />
  <attribute name="Target GC Util Change" value ="80.000000" />
  <attribute name="Current GC Util Change" value="127.000000"/>
  <attribute name="Current Error" value="-47.000000" />
  <attribute name="Output H" value="87989664"/>
  <attribute name="Output I" value="1768"/>
  <attribute name="Output T" value="16"/>
  <attribute name= "Current Time Running" value="127899" />
  <attribute name="GC Util currently" value="127" />
  <attribute name="CPU Util currently" value="47468659231" />
<allocation-satisfied id="5151" threadId="0000000000996F00" bytesRequested="1168" />
<af-end id="5152" timestamp="2019-08-08T07:22:40.289" threadId="0000000000997888" success="true" />
<exclusive-end id="5153" timestamp="2019-08-08T07:22:40.289" durationms="44.737" />

<concurrent-kickoff id="5154" timestamp="2019-08-08T07:22:40.296">
  <kickoff reason="threshold reached" targetBytes="9229914" thresholdFreeBytes="1252725" remainingFree="1122184" tenureFreeBytes="1122184" />
</concurrent-kickoff>
<exclusive-start id="5155" timestamp="2019-08-08T07:22:40.296" intervalms="52.002">
  <response-info timems="0.027" idlems="0.027" threads="0" lastid="0000000000996F00" lastname="main" />
</exclusive-start>
<cycle-start id="5156" type="global" contextid="0" timestamp="2019-08-08T07:22:40.296" intervalms="51.949" />
<exclusive-end id="5157" timestamp="2019-08-08T07:22:40.296" durationms="0.025" />

<exclusive-start id="5158" timestamp="2019-08-08T07:22:40.297" intervalms="0.414">
  <response-info timems="0.130" idlems="0.130" threads="0" lastid="0000000000996F00" lastname="main" />
</exclusive-start>
<af-start id="5159" threadId="0000000000997888" totalBytesRequested="1168" timestamp="2019-08-08T07:22:40.297" intervalms="52.419" />
<concurrent-aborted id="5160" timestamp="2019-08-08T07:22:40.297">
  <reason value="insufficient progress made" />
</concurrent-aborted>
<cycle-end id="5161" type="global" contextid="5156" timestamp="2019-08-08T07:22:40.297" />
  <attribute name="elasticGC enabled" value="1" />
  <attribute name= "numThreadsSpecified" value="16" />
  <attribute name="heapSize specified" value="87687168" />
  <attribute name="Current GC Util" value="127" />
  <attribute name= "Current Time Running" value="127899" />
  <attribute name ="GC Interval" value="0" />
  <attribute name="Target GC Util Change" value ="80.000000" />
  <attribute name="Current GC Util Change" value="127.000000"/>
  <attribute name="Current Error" value="-47.000000" />
  <attribute name="Output H" value="87989664"/>
  <attribute name="Output I" value="1768"/>
  <attribute name="Output T" value="16"/>
  <attribute name= "Current Time Running" value="127899" />
  <attribute name="GC Util currently" value="127" />
  <attribute name="CPU Util currently" value="47468659231" />
<cycle-start id="5162" type="global" contextid="0" timestamp="2019-08-08T07:22:40.297" intervalms="0.487" />
<gc-start id="5163" type="global" contextid="5162" timestamp="2019-08-08T07:22:40.297">
  <mem-info id="5164" free="879616" total="88014848" percent="0">
    <mem type="tenure" free="879616" total="88014848" percent="0">
      <mem type="soa" free="0" total="87135232" percent="0" />
      <mem type="loa" free="879616" total="879616" percent="100" />
    </mem>
  </mem-info>
</gc-start>
<allocation-stats totalBytes="68800736" >
  <allocated-bytes non-tlh="0" tlh="68800736" />
  <largest-consumer threadName="main" threadId="0000000000996F00" bytes="68800736" />
</allocation-stats>
<gc-op id="5165" type="mark" timems="9.790" contextid="5162" timestamp="2019-08-08T07:22:40.307">
  <trace-info objectcount="596679" scancount="517666" scanbytes="13286660" />
  <finalization candidates="80" enqueued="0" />
  <ownableSynchronizers candidates="21" cleared="0" />
  <references type="soft" candidates="1855" cleared="0" enqueued="0" dynamicThreshold="25" maxThreshold="32" />
  <references type="weak" candidates="5714" cleared="0" enqueued="0" />
  <references type="phantom" candidates="97" cleared="0" enqueued="0" />
  <stringconstants candidates="13272" cleared="0"  />
</gc-op>
<gc-op id="5166" type="sweep" timems="6.935" contextid="5162" timestamp="2019-08-08T07:22:40.314" />
<mem-info id="5167" free="70113200" total="88014848" percent="79">
  <mem type="tenure" free="70113200" total="88014848" percent="79" micro-fragmented="0">
    <mem type="soa" free="69233584" total="87135232" percent="79" />
    <mem type="loa" free="879616" total="879616" percent="100" />
  </mem>
</mem-info>
<gc-op id="5168" type="compact" timems="22.509" contextid="5162" timestamp="2019-08-08T07:22:40.336">
  <compact-info movecount="2" movebytes="64" reason="compact to aid heap contraction" />
</gc-op>
<heap-resize id="5169" type="expand" space="tenure" amount="327680" count="1" timems="0.021" reason="satisfy allocation request" timestamp="2019-08-08T07:22:40.337" />
<gc-end id="5170" type="global" contextid="5162" durationms="40.083" usertimems="89.011" systemtimems="0.000" timestamp="2019-08-08T07:22:40.337" activeThreads="16">
  <mem-info id="5171" free="70375344" total="88342528" percent="79">
    <mem type="tenure" free="70375344" total="88342528" percent="79">
      <mem type="soa" free="69492656" total="87459840" percent="79" />
      <mem type="loa" free="882688" total="882688" percent="100" />
    </mem>
  </mem-info>
</gc-end>
<cycle-end id="5172" type="global" contextid="5162" timestamp="2019-08-08T07:22:40.337" />
  <attribute name="elasticGC enabled" value="1" />
  <attribute name= "numThreadsSpecified" value="16" />
  <attribute name="heapSize specified" value="88014848" />
  <attribute name="Current GC Util" value="37" />
  <attribute name= "Current Time Running" value="127947" />
  <attribute name ="GC Interval" value="0" />
  <attribute name="Target GC Util Change" value ="80.000000" />
  <attribute name="Current GC Util Change" value="37.000000"/>
  <attribute name="Current Error" value="-400.000000" />
  <attribute name="Output H" value="88315720"/>
  <attribute name="Output I" value="200"/>
  <attribute name="Output T" value="16"/>
  <attribute name= "Current Time Running" value="127947" />
  <attribute name="GC Util currently" value="37" />
  <attribute name="CPU Util currently" value="51199630017" />
<allocation-satisfied id="5173" threadId="0000000000996F00" bytesRequested="1168" />
<af-end id="5174" timestamp="2019-08-08T07:22:40.337" threadId="0000000000997888" success="true" />
<exclusive-end id="5175" timestamp="2019-08-08T07:22:40.337" durationms="40.279" />

<concurrent-kickoff id="5176" timestamp="2019-08-08T07:22:40.397">
  <kickoff reason="threshold reached" targetBytes="9264276" thresholdFreeBytes="1257389" remainingFree="1187720" tenureFreeBytes="1187720" />
</concurrent-kickoff>
<exclusive-start id="5177" timestamp="2019-08-08T07:22:40.397" intervalms="99.933">
  <response-info timems="0.019" idlems="0.019" threads="0" lastid="0000000000996F00" lastname="main" />
</exclusive-start>
<cycle-start id="5178" type="global" contextid="0" timestamp="2019-08-08T07:22:40.397" intervalms="99.860" />
<exclusive-end id="5179" timestamp="2019-08-08T07:22:40.397" durationms="0.021" />

<exclusive-start id="5180" timestamp="2019-08-08T07:22:40.397" intervalms="0.725">
  <response-info timems="0.023" idlems="0.023" threads="0" lastid="0000000000996F00" lastname="main" />
</exclusive-start>
<af-start id="5181" threadId="0000000000997888" totalBytesRequested="24" timestamp="2019-08-08T07:22:40.397" intervalms="100.653" />
<concurrent-aborted id="5182" timestamp="2019-08-08T07:22:40.398">
  <reason value="insufficient progress made" />
</concurrent-aborted>
<cycle-end id="5183" type="global" contextid="5178" timestamp="2019-08-08T07:22:40.398" />
  <attribute name="elasticGC enabled" value="1" />
  <attribute name= "numThreadsSpecified" value="16" />
  <attribute name="heapSize specified" value="88014848" />
  <attribute name="Current GC Util" value="37" />
  <attribute name= "Current Time Running" value="127947" />
  <attribute name ="GC Interval" value="0" />
  <attribute name="Target GC Util Change" value ="80.000000" />
  <attribute name="Current GC Util Change" value="37.000000"/>
  <attribute name="Current Error" value="-400.000000" />
  <attribute name="Output H" value="88315720"/>
  <attribute name="Output I" value="200"/>
  <attribute name="Output T" value="16"/>
  <attribute name= "Current Time Running" value="127947" />
  <attribute name="GC Util currently" value="37" />
  <attribute name="CPU Util currently" value="51199630017" />
<cycle-start id="5184" type="global" contextid="0" timestamp="2019-08-08T07:22:40.398" intervalms="0.775" />
<gc-start id="5185" type="global" contextid="5184" timestamp="2019-08-08T07:22:40.398">
  <mem-info id="5186" free="882688" total="88342528" percent="0">
    <mem type="tenure" free="882688" total="88342528" percent="0">
      <mem type="soa" free="0" total="87459840" percent="0" />
      <mem type="loa" free="882688" total="882688" percent="100" />
    </mem>
  </mem-info>
</gc-start>
<allocation-stats totalBytes="69545000" >
  <allocated-bytes non-tlh="0" tlh="69545000" />
  <largest-consumer threadName="main" threadId="0000000000996F00" bytes="69545000" />
</allocation-stats>
<gc-op id="5187" type="mark" timems="8.424" contextid="5184" timestamp="2019-08-08T07:22:40.406">
  <trace-info objectcount="596864" scancount="517857" scanbytes="13292820" />
  <finalization candidates="80" enqueued="0" />
  <ownableSynchronizers candidates="21" cleared="0" />
  <references type="soft" candidates="1855" cleared="0" enqueued="0" dynamicThreshold="25" maxThreshold="32" />
  <references type="weak" candidates="5737" cleared="0" enqueued="0" />
  <references type="phantom" candidates="97" cleared="0" enqueued="0" />
  <stringconstants candidates="13272" cleared="0"  />
</gc-op>
<gc-op id="5188" type="sweep" timems="18.322" contextid="5184" timestamp="2019-08-08T07:22:40.424" />
<mem-info id="5189" free="70423496" total="88342528" percent="79">
  <mem type="tenure" free="70423496" total="88342528" percent="79" micro-fragmented="0">
    <mem type="soa" free="69540808" total="87459840" percent="79" />
    <mem type="loa" free="882688" total="882688" percent="100" />
  </mem>
</mem-info>
<gc-op id="5190" type="compact" timems="133.367" contextid="5184" timestamp="2019-08-08T07:22:40.558">
  <compact-info movecount="552568" movebytes="15357944" reason="compact to aid heap contraction" />
</gc-op>
<heap-resize id="5191" type="expand" space="tenure" amount="327680" count="1" timems="0.022" reason="satisfy allocation request" timestamp="2019-08-08T07:22:40.558" />
<gc-end id="5192" type="global" contextid="5184" durationms="160.872" usertimems="223.155" systemtimems="0.000" timestamp="2019-08-08T07:22:40.558" activeThreads="16">
  <mem-info id="5193" free="70697992" total="88670208" percent="79">
    <mem type="tenure" free="70697992" total="88670208" percent="79">
      <mem type="soa" free="69812232" total="87784448" percent="79" />
      <mem type="loa" free="885760" total="885760" percent="100" />
    </mem>
  </mem-info>
</gc-end>
<cycle-end id="5194" type="global" contextid="5184" timestamp="2019-08-08T07:22:40.558" />
  <attribute name="elasticGC enabled" value="1" />
  <attribute name= "numThreadsSpecified" value="16" />
  <attribute name="heapSize specified" value="88342528" />
  <attribute name="Current GC Util" value="19" />
  <attribute name= "Current Time Running" value="128168" />
  <attribute name ="GC Interval" value="0" />
  <attribute name="Target GC Util Change" value ="80.000000" />
  <attribute name="Current GC Util Change" value="19.000000"/>
  <attribute name="Current Error" value="-415.000000" />
  <attribute name="Output H" value="88643328"/>
  <attribute name="Output I" value="200"/>
  <attribute name="Output T" value="16"/>
  <attribute name= "Current Time Running" value="128168" />
  <attribute name="GC Util currently" value="19" />
  <attribute name="CPU Util currently" value="8642795375" />
<allocation-satisfied id="5195" threadId="0000000000996F00" bytesRequested="24" />
<af-end id="5196" timestamp="2019-08-08T07:22:40.559" threadId="0000000000997888" success="true" />
<exclusive-end id="5197" timestamp="2019-08-08T07:22:40.559" durationms="161.040" />

<concurrent-kickoff id="5198" timestamp="2019-08-08T07:22:40.592">
  <kickoff reason="threshold reached" targetBytes="9298639" thresholdFreeBytes="1262053" remainingFree="1239168" tenureFreeBytes="1239168" />
</concurrent-kickoff>
<exclusive-start id="5199" timestamp="2019-08-08T07:22:40.593" intervalms="195.295">
  <response-info timems="0.021" idlems="0.021" threads="0" lastid="0000000000996F00" lastname="main" />
</exclusive-start>
<cycle-start id="5200" type="global" contextid="0" timestamp="2019-08-08T07:22:40.593" intervalms="195.261" />
<exclusive-end id="5201" timestamp="2019-08-08T07:22:40.593" durationms="0.040" />

<exclusive-start id="5202" timestamp="2019-08-08T07:22:40.593" intervalms="0.418">
  <response-info timems="0.024" idlems="0.024" threads="0" lastid="0000000000996F00" lastname="main" />
</exclusive-start>
<af-start id="5203" threadId="0000000000997888" totalBytesRequested="112" timestamp="2019-08-08T07:22:40.593" intervalms="195.716" />
<concurrent-aborted id="5204" timestamp="2019-08-08T07:22:40.593">
  <reason value="insufficient progress made" />
</concurrent-aborted>
<cycle-end id="5205" type="global" contextid="5200" timestamp="2019-08-08T07:22:40.593" />
  <attribute name="elasticGC enabled" value="1" />
  <attribute name= "numThreadsSpecified" value="16" />
  <attribute name="heapSize specified" value="88342528" />
  <attribute name="Current GC Util" value="19" />
  <attribute name= "Current Time Running" value="128168" />
  <attribute name ="GC Interval" value="0" />
  <attribute name="Target GC Util Change" value ="80.000000" />
  <attribute name="Current GC Util Change" value="19.000000"/>
  <attribute name="Current Error" value="-415.000000" />
  <attribute name="Output H" value="88643328"/>
  <attribute name="Output I" value="200"/>
  <attribute name="Output T" value="16"/>
  <attribute name= "Current Time Running" value="128168" />
  <attribute name="GC Util currently" value="19" />
  <attribute name="CPU Util currently" value="8642795375" />
<cycle-start id="5206" type="global" contextid="0" timestamp="2019-08-08T07:22:40.593" intervalms="0.464" />
<gc-start id="5207" type="global" contextid="5206" timestamp="2019-08-08T07:22:40.593">
  <mem-info id="5208" free="885760" total="88670208" percent="0">
    <mem type="tenure" free="885760" total="88670208" percent="0">
      <mem type="soa" free="0" total="87784448" percent="0" />
      <mem type="loa" free="885760" total="885760" percent="100" />
    </mem>
  </mem-info>
</gc-start>
<allocation-stats totalBytes="69848912" >
  <allocated-bytes non-tlh="0" tlh="69848912" />
  <largest-consumer threadName="main" threadId="0000000000996F00" bytes="69848912" />
</allocation-stats>
<gc-op id="5209" type="mark" timems="9.821" contextid="5206" timestamp="2019-08-08T07:22:40.603">
  <trace-info objectcount="596683" scancount="517667" scanbytes="13286756" />
  <finalization candidates="80" enqueued="0" />
  <ownableSynchronizers candidates="21" cleared="0" />
  <references type="soft" candidates="1855" cleared="5" enqueued="5" dynamicThreshold="25" maxThreshold="32" />
  <references type="weak" candidates="5737" cleared="7" enqueued="3" />
  <references type="phantom" candidates="97" cleared="0" enqueued="0" />
  <stringconstants candidates="13272" cleared="0"  />
</gc-op>
<gc-op id="5210" type="sweep" timems="18.237" contextid="5206" timestamp="2019-08-08T07:22:40.622" />
<mem-info id="5211" free="70766728" total="88670208" percent="79">
  <mem type="tenure" free="70766728" total="88670208" percent="79" micro-fragmented="0">
    <mem type="soa" free="69880968" total="87784448" percent="79" />
    <mem type="loa" free="885760" total="885760" percent="100" />
  </mem>
  <pending-finalizers system="0" default="0" reference="8" classloader="0" />
</mem-info>
<gc-op id="5212" type="compact" timems="25.739" contextid="5206" timestamp="2019-08-08T07:22:40.648">
  <compact-info movecount="798" movebytes="41736" reason="compact to aid heap contraction" />
</gc-op>
<heap-resize id="5213" type="expand" space="tenure" amount="327680" count="1" timems="0.021" reason="satisfy allocation request" timestamp="2019-08-08T07:22:40.648" />
<gc-end id="5214" type="global" contextid="5206" durationms="54.965" usertimems="113.961" systemtimems="0.000" timestamp="2019-08-08T07:22:40.648" activeThreads="16">
  <mem-info id="5215" free="71031648" total="88997888" percent="79">
    <mem type="tenure" free="71031648" total="88997888" percent="79">
      <mem type="soa" free="70141792" total="88108032" percent="79" />
      <mem type="loa" free="889856" total="889856" percent="100" />
    </mem>
    <pending-finalizers system="0" default="0" reference="8" classloader="0" />
  </mem-info>
</gc-end>
<cycle-end id="5216" type="global" contextid="5206" timestamp="2019-08-08T07:22:40.648" />
  <attribute name="elasticGC enabled" value="1" />
  <attribute name= "numThreadsSpecified" value="16" />
  <attribute name="heapSize specified" value="88670208" />
  <attribute name="Current GC Util" value="61" />
  <attribute name= "Current Time Running" value="128258" />
  <attribute name ="GC Interval" value="0" />
  <attribute name="Target GC Util Change" value ="80.000000" />
  <attribute name="Current GC Util Change" value="61.000000"/>
  <attribute name="Current Error" value="-276.000000" />
  <attribute name="Output H" value="88971648"/>
  <attribute name="Output I" value="576"/>
  <attribute name="Output T" value="16"/>
  <attribute name= "Current Time Running" value="128258" />
  <attribute name="GC Util currently" value="61" />
  <attribute name="CPU Util currently" value="44772293912" />
<allocation-satisfied id="5217" threadId="0000000000996F00" bytesRequested="112" />
<af-end id="5218" timestamp="2019-08-08T07:22:40.648" threadId="0000000000997888" success="true" />
<exclusive-end id="5219" timestamp="2019-08-08T07:22:40.648" durationms="55.166" />

<concurrent-kickoff id="5220" timestamp="2019-08-08T07:22:40.660">
  <kickoff reason="threshold reached" targetBytes="9333002" thresholdFreeBytes="1266717" remainingFree="1179488" tenureFreeBytes="1179488" />
</concurrent-kickoff>
<exclusive-start id="5221" timestamp="2019-08-08T07:22:40.661" intervalms="67.399">
  <response-info timems="0.015" idlems="0.015" threads="0" lastid="0000000000996F00" lastname="main" />
</exclusive-start>
<cycle-start id="5222" type="global" contextid="0" timestamp="2019-08-08T07:22:40.661" intervalms="67.338" />
<exclusive-end id="5223" timestamp="2019-08-08T07:22:40.661" durationms="0.021" />

<exclusive-start id="5224" timestamp="2019-08-08T07:22:40.661" intervalms="0.380">
  <response-info timems="0.022" idlems="0.022" threads="0" lastid="0000000000996F00" lastname="main" />
</exclusive-start>
<af-start id="5225" threadId="0000000000997888" totalBytesRequested="256" timestamp="2019-08-08T07:22:40.661" intervalms="67.775" />
<concurrent-aborted id="5226" timestamp="2019-08-08T07:22:40.661">
  <reason value="insufficient progress made" />
</concurrent-aborted>
<cycle-end id="5227" type="global" contextid="5222" timestamp="2019-08-08T07:22:40.661" />
  <attribute name="elasticGC enabled" value="1" />
  <attribute name= "numThreadsSpecified" value="16" />
  <attribute name="heapSize specified" value="88670208" />
  <attribute name="Current GC Util" value="61" />
  <attribute name= "Current Time Running" value="128258" />
  <attribute name ="GC Interval" value="0" />
  <attribute name="Target GC Util Change" value ="80.000000" />
  <attribute name="Current GC Util Change" value="61.000000"/>
  <attribute name="Current Error" value="-276.000000" />
  <attribute name="Output H" value="88971648"/>
  <attribute name="Output I" value="576"/>
  <attribute name="Output T" value="16"/>
  <attribute name= "Current Time Running" value="128258" />
  <attribute name="GC Util currently" value="61" />
  <attribute name="CPU Util currently" value="44772293912" />
<cycle-start id="5228" type="global" contextid="0" timestamp="2019-08-08T07:22:40.661" intervalms="0.427" />
<gc-start id="5229" type="global" contextid="5228" timestamp="2019-08-08T07:22:40.661">
  <mem-info id="5230" free="889856" total="88997888" percent="0">
    <mem type="tenure" free="889856" total="88997888" percent="0">
      <mem type="soa" free="0" total="88108032" percent="0" />
      <mem type="loa" free="889856" total="889856" percent="100" />
    </mem>
  </mem-info>
</gc-start>
<allocation-stats totalBytes="70170880" >
  <allocated-bytes non-tlh="0" tlh="70170880" />
  <largest-consumer threadName="main" threadId="0000000000996F00" bytes="70170880" />
</allocation-stats>
<gc-op id="5231" type="mark" timems="10.961" contextid="5228" timestamp="2019-08-08T07:22:40.672">
  <trace-info objectcount="596658" scancount="517653" scanbytes="13286116" />
  <finalization candidates="80" enqueued="0" />
  <ownableSynchronizers candidates="21" cleared="0" />
  <references type="soft" candidates="1850" cleared="1" enqueued="0" dynamicThreshold="25" maxThreshold="32" />
  <references type="weak" candidates="5730" cleared="0" enqueued="0" />
  <references type="phantom" candidates="97" cleared="0" enqueued="0" />
  <stringconstants candidates="13272" cleared="0"  />
</gc-op>
<gc-op id="5232" type="sweep" timems="13.213" contextid="5228" timestamp="2019-08-08T07:22:40.685" />
<mem-info id="5233" free="71115168" total="88997888" percent="79">
  <mem type="tenure" free="71115168" total="88997888" percent="79" micro-fragmented="0">
    <mem type="soa" free="70225312" total="88108032" percent="79" />
    <mem type="loa" free="889856" total="889856" percent="100" />
  </mem>
</mem-info>
<gc-op id="5234" type="compact" timems="24.636" contextid="5228" timestamp="2019-08-08T07:22:40.710">
  <compact-info movecount="503" movebytes="16024" reason="compact to aid heap contraction" />
</gc-op>
<heap-resize id="5235" type="expand" space="tenure" amount="327680" count="1" timems="0.019" reason="satisfy allocation request" timestamp="2019-08-08T07:22:40.711" />
<gc-end id="5236" type="global" contextid="5228" durationms="49.746" usertimems="108.189" systemtimems="0.000" timestamp="2019-08-08T07:22:40.711" activeThreads="16">
  <mem-info id="5237" free="71377912" total="89325568" percent="79">
    <mem type="tenure" free="71377912" total="89325568" percent="79">
      <mem type="soa" free="70484984" total="88432640" percent="79" />
      <mem type="loa" free="892928" total="892928" percent="100" />
    </mem>
  </mem-info>
</gc-end>
<cycle-end id="5238" type="global" contextid="5228" timestamp="2019-08-08T07:22:40.711" />
  <attribute name="elasticGC enabled" value="1" />
  <attribute name= "numThreadsSpecified" value="16" />
  <attribute name="heapSize specified" value="88997888" />
  <attribute name="Current GC Util" value="66" />
  <attribute name= "Current Time Running" value="128320" />
  <attribute name ="GC Interval" value="0" />
  <attribute name="Target GC Util Change" value ="80.000000" />
  <attribute name="Current GC Util Change" value="66.000000"/>
  <attribute name="Current Error" value="27.000000" />
  <attribute name="Output H" value="89300728"/>
  <attribute name="Output I" value="2152"/>
  <attribute name="Output T" value="16"/>
  <attribute name= "Current Time Running" value="128320" />
  <attribute name="GC Util currently" value="66" />
  <attribute name="CPU Util currently" value="46732631414" />
<allocation-satisfied id="5239" threadId="0000000000996F00" bytesRequested="256" />
<af-end id="5240" timestamp="2019-08-08T07:22:40.711" threadId="0000000000997888" success="true" />
<exclusive-end id="5241" timestamp="2019-08-08T07:22:40.711" durationms="49.910" />

<concurrent-kickoff id="5242" timestamp="2019-08-08T07:22:40.723">
  <kickoff reason="threshold reached" targetBytes="9367366" thresholdFreeBytes="1271381" remainingFree="1244880" tenureFreeBytes="1244880" />
</concurrent-kickoff>
<exclusive-start id="5243" timestamp="2019-08-08T07:22:40.724" intervalms="62.573">
  <response-info timems="0.021" idlems="0.021" threads="0" lastid="0000000000996F00" lastname="main" />
</exclusive-start>
<cycle-start id="5244" type="global" contextid="0" timestamp="2019-08-08T07:22:40.724" intervalms="62.519" />
<exclusive-end id="5245" timestamp="2019-08-08T07:22:40.724" durationms="0.014" />

<exclusive-start id="5246" timestamp="2019-08-08T07:22:40.724" intervalms="0.383">
  <response-info timems="0.025" idlems="0.025" threads="0" lastid="0000000000996F00" lastname="main" />
</exclusive-start>
<af-start id="5247" threadId="0000000000997888" totalBytesRequested="280" timestamp="2019-08-08T07:22:40.724" intervalms="62.958" />
<concurrent-aborted id="5248" timestamp="2019-08-08T07:22:40.724">
  <reason value="insufficient progress made" />
</concurrent-aborted>
<cycle-end id="5249" type="global" contextid="5244" timestamp="2019-08-08T07:22:40.724" />
  <attribute name="elasticGC enabled" value="1" />
  <attribute name= "numThreadsSpecified" value="16" />
  <attribute name="heapSize specified" value="88997888" />
  <attribute name="Current GC Util" value="66" />
  <attribute name= "Current Time Running" value="128320" />
  <attribute name ="GC Interval" value="0" />
  <attribute name="Target GC Util Change" value ="80.000000" />
  <attribute name="Current GC Util Change" value="66.000000"/>
  <attribute name="Current Error" value="27.000000" />
  <attribute name="Output H" value="89300728"/>
  <attribute name="Output I" value="2152"/>
  <attribute name="Output T" value="16"/>
  <attribute name= "Current Time Running" value="128320" />
  <attribute name="GC Util currently" value="66" />
  <attribute name="CPU Util currently" value="46732631414" />
<cycle-start id="5250" type="global" contextid="0" timestamp="2019-08-08T07:22:40.724" intervalms="0.439" />
<gc-start id="5251" type="global" contextid="5250" timestamp="2019-08-08T07:22:40.724">
  <mem-info id="5252" free="892928" total="89325568" percent="0">
    <mem type="tenure" free="892928" total="89325568" percent="0">
      <mem type="soa" free="0" total="88432640" percent="0" />
      <mem type="loa" free="892928" total="892928" percent="100" />
    </mem>
  </mem-info>
</gc-start>
<allocation-stats totalBytes="70515024" >
  <allocated-bytes non-tlh="0" tlh="70515024" />
  <largest-consumer threadName="main" threadId="0000000000996F00" bytes="70515024" />
</allocation-stats>
<gc-op id="5253" type="mark" timems="9.078" contextid="5250" timestamp="2019-08-08T07:22:40.733">
  <trace-info objectcount="596658" scancount="517652" scanbytes="13286116" />
  <finalization candidates="80" enqueued="0" />
  <ownableSynchronizers candidates="21" cleared="0" />
  <references type="soft" candidates="1849" cleared="0" enqueued="0" dynamicThreshold="25" maxThreshold="32" />
  <references type="weak" candidates="5730" cleared="0" enqueued="0" />
  <references type="phantom" candidates="97" cleared="0" enqueued="0" />
  <stringconstants candidates="13272" cleared="0"  />
</gc-op>
<gc-op id="5254" type="sweep" timems="12.176" contextid="5250" timestamp="2019-08-08T07:22:40.745" />
<mem-info id="5255" free="71443256" total="89325568" percent="79">
  <mem type="tenure" free="71443256" total="89325568" percent="79" micro-fragmented="0">
    <mem type="soa" free="70550328" total="88432640" percent="79" />
    <mem type="loa" free="892928" total="892928" percent="100" />
  </mem>
</mem-info>
<gc-op id="5256" type="compact" timems="25.331" contextid="5250" timestamp="2019-08-08T07:22:40.771">
  <compact-info movecount="6" movebytes="392" reason="compact to aid heap contraction" />
</gc-op>
<heap-resize id="5257" type="expand" space="tenure" amount="327680" count="1" timems="0.018" reason="satisfy allocation request" timestamp="2019-08-08T07:22:40.772" />
<gc-end id="5258" type="global" contextid="5250" durationms="47.711" usertimems="105.015" systemtimems="0.000" timestamp="2019-08-08T07:22:40.772" activeThreads="16">
  <mem-info id="5259" free="71705568" total="89653248" percent="79">
    <mem type="tenure" free="71705568" total="89653248" percent="79">
      <mem type="soa" free="70809568" total="88757248" percent="79" />
      <mem type="loa" free="896000" total="896000" percent="100" />
    </mem>
  </mem-info>
</gc-end>
<cycle-end id="5260" type="global" contextid="5250" timestamp="2019-08-08T07:22:40.772" />
  <attribute name="elasticGC enabled" value="1" />
  <attribute name= "numThreadsSpecified" value="16" />
  <attribute name="heapSize specified" value="89325568" />
  <attribute name="Current GC Util" value="64" />
  <attribute name= "Current Time Running" value="128381" />
  <attribute name ="GC Interval" value="0" />
  <attribute name="Target GC Util Change" value ="80.000000" />
  <attribute name="Current GC Util Change" value="64.000000"/>
  <attribute name="Current Error" value="85.000000" />
  <attribute name="Output H" value="89628672"/>
  <attribute name="Output I" value="2456"/>
  <attribute name="Output T" value="16"/>
  <attribute name= "Current Time Running" value="128381" />
  <attribute name="GC Util currently" value="64" />
  <attribute name="CPU Util currently" value="45440687677" />
<allocation-satisfied id="5261" threadId="0000000000996F00" bytesRequested="280" />
<af-end id="5262" timestamp="2019-08-08T07:22:40.772" threadId="0000000000997888" success="true" />
<exclusive-end id="5263" timestamp="2019-08-08T07:22:40.772" durationms="47.922" />

<concurrent-kickoff id="5264" timestamp="2019-08-08T07:22:40.785">
  <kickoff reason="threshold reached" targetBytes="9401728" thresholdFreeBytes="1276045" remainingFree="1179320" tenureFreeBytes="1179320" />
</concurrent-kickoff>
<exclusive-start id="5265" timestamp="2019-08-08T07:22:40.785" intervalms="61.344">
  <response-info timems="0.025" idlems="0.025" threads="0" lastid="0000000000996F00" lastname="main" />
</exclusive-start>
<cycle-start id="5266" type="global" contextid="0" timestamp="2019-08-08T07:22:40.785" intervalms="61.294" />
<exclusive-end id="5267" timestamp="2019-08-08T07:22:40.785" durationms="0.023" />

<exclusive-start id="5268" timestamp="2019-08-08T07:22:40.786" intervalms="0.490">
  <response-info timems="0.020" idlems="0.020" threads="0" lastid="0000000000996F00" lastname="main" />
</exclusive-start>
<af-start id="5269" threadId="0000000000997888" totalBytesRequested="176" timestamp="2019-08-08T07:22:40.786" intervalms="61.838" />
<concurrent-aborted id="5270" timestamp="2019-08-08T07:22:40.786">
  <reason value="insufficient progress made" />
</concurrent-aborted>
<cycle-end id="5271" type="global" contextid="5266" timestamp="2019-08-08T07:22:40.786" />
  <attribute name="elasticGC enabled" value="1" />
  <attribute name= "numThreadsSpecified" value="16" />
  <attribute name="heapSize specified" value="89325568" />
  <attribute name="Current GC Util" value="64" />
  <attribute name= "Current Time Running" value="128381" />
  <attribute name ="GC Interval" value="0" />
  <attribute name="Target GC Util Change" value ="80.000000" />
  <attribute name="Current GC Util Change" value="64.000000"/>
  <attribute name="Current Error" value="85.000000" />
  <attribute name="Output H" value="89628672"/>
  <attribute name="Output I" value="2456"/>
  <attribute name="Output T" value="16"/>
  <attribute name= "Current Time Running" value="128381" />
  <attribute name="GC Util currently" value="64" />
  <attribute name="CPU Util currently" value="45440687677" />
<cycle-start id="5272" type="global" contextid="0" timestamp="2019-08-08T07:22:40.786" intervalms="0.562" />
<gc-start id="5273" type="global" contextid="5272" timestamp="2019-08-08T07:22:40.787">
  <mem-info id="5274" free="896000" total="89653248" percent="0">
    <mem type="tenure" free="896000" total="89653248" percent="0">
      <mem type="soa" free="0" total="88757248" percent="0" />
      <mem type="loa" free="896000" total="896000" percent="100" />
    </mem>
  </mem-info>
</gc-start>
<allocation-stats totalBytes="70830728" >
  <allocated-bytes non-tlh="0" tlh="70830728" />
  <largest-consumer threadName="main" threadId="0000000000996F00" bytes="70830728" />
</allocation-stats>
<gc-op id="5275" type="mark" timems="12.644" contextid="5272" timestamp="2019-08-08T07:22:40.799">
  <trace-info objectcount="596659" scancount="517657" scanbytes="13286160" />
  <finalization candidates="80" enqueued="0" />
  <ownableSynchronizers candidates="21" cleared="0" />
  <references type="soft" candidates="1849" cleared="0" enqueued="0" dynamicThreshold="25" maxThreshold="32" />
  <references type="weak" candidates="5730" cleared="0" enqueued="0" />
  <references type="phantom" candidates="97" cleared="0" enqueued="0" />
  <stringconstants candidates="13272" cleared="0"  />
</gc-op>
<gc-op id="5276" type="sweep" timems="12.793" contextid="5272" timestamp="2019-08-08T07:22:40.812" />
<mem-info id="5277" free="71770504" total="89653248" percent="80">
  <mem type="tenure" free="71770504" total="89653248" percent="80" micro-fragmented="0">
    <mem type="soa" free="70874504" total="88757248" percent="79" />
    <mem type="loa" free="896000" total="896000" percent="100" />
  </mem>
</mem-info>
<gc-op id="5278" type="compact" timems="24.699" contextid="5272" timestamp="2019-08-08T07:22:40.837">
  <compact-info movecount="717" movebytes="21000" reason="compact to aid heap contraction" />
</gc-op>
<heap-resize id="5279" type="expand" space="tenure" amount="327680" count="1" timems="0.025" reason="satisfy allocation request" timestamp="2019-08-08T07:22:40.837" />
<gc-end id="5280" type="global" contextid="5272" durationms="50.918" usertimems="103.080" systemtimems="0.000" timestamp="2019-08-08T07:22:40.838" activeThreads="16">
  <mem-info id="5281" free="72033304" total="89980928" percent="80">
    <mem type="tenure" free="72033304" total="89980928" percent="80">
      <mem type="soa" free="71134232" total="89081856" percent="79" />
      <mem type="loa" free="899072" total="899072" percent="100" />
    </mem>
  </mem-info>
</gc-end>
<cycle-end id="5282" type="global" contextid="5272" timestamp="2019-08-08T07:22:40.838" />
  <attribute name="elasticGC enabled" value="1" />
  <attribute name= "numThreadsSpecified" value="16" />
  <attribute name="heapSize specified" value="89653248" />
  <attribute name="Current GC Util" value="48" />
  <attribute name= "Current Time Running" value="128447" />
  <attribute name ="GC Interval" value="0" />
  <attribute name="Target GC Util Change" value ="80.000000" />
  <attribute name="Current GC Util Change" value="48.000000"/>
  <attribute name="Current Error" value="32.000000" />
  <attribute name="Output H" value="89956112"/>
  <attribute name="Output I" value="2176"/>
  <attribute name="Output T" value="16"/>
  <attribute name= "Current Time Running" value="128447" />
  <attribute name="GC Util currently" value="48" />
  <attribute name="CPU Util currently" value="46589265593" />
<allocation-satisfied id="5283" threadId="0000000000996F00" bytesRequested="176" />
<af-end id="5284" timestamp="2019-08-08T07:22:40.838" threadId="0000000000997888" success="true" />
<exclusive-end id="5285" timestamp="2019-08-08T07:22:40.838" durationms="51.850" />

<concurrent-kickoff id="5286" timestamp="2019-08-08T07:22:40.853">
  <kickoff reason="threshold reached" targetBytes="9436092" thresholdFreeBytes="1280709" remainingFree="1244392" tenureFreeBytes="1244392" />
</concurrent-kickoff>
<exclusive-start id="5287" timestamp="2019-08-08T07:22:40.854" intervalms="67.929">
  <response-info timems="0.020" idlems="0.020" threads="0" lastid="0000000000996F00" lastname="main" />
</exclusive-start>
<cycle-start id="5288" type="global" contextid="0" timestamp="2019-08-08T07:22:40.854" intervalms="67.850" />
<exclusive-end id="5289" timestamp="2019-08-08T07:22:40.854" durationms="0.013" />

<exclusive-start id="5290" timestamp="2019-08-08T07:22:40.854" intervalms="0.509">
  <response-info timems="0.009" idlems="0.009" threads="0" lastid="0000000000996F00" lastname="main" />
</exclusive-start>
<af-start id="5291" threadId="0000000000997888" totalBytesRequested="24" timestamp="2019-08-08T07:22:40.854" intervalms="68.437" />
<concurrent-aborted id="5292" timestamp="2019-08-08T07:22:40.854">
  <reason value="insufficient progress made" />
</concurrent-aborted>
<cycle-end id="5293" type="global" contextid="5288" timestamp="2019-08-08T07:22:40.854" />
  <attribute name="elasticGC enabled" value="1" />
  <attribute name= "numThreadsSpecified" value="16" />
  <attribute name="heapSize specified" value="89653248" />
  <attribute name="Current GC Util" value="48" />
  <attribute name= "Current Time Running" value="128447" />
  <attribute name ="GC Interval" value="0" />
  <attribute name="Target GC Util Change" value ="80.000000" />
  <attribute name="Current GC Util Change" value="48.000000"/>
  <attribute name="Current Error" value="32.000000" />
  <attribute name="Output H" value="89956112"/>
  <attribute name="Output I" value="2176"/>
  <attribute name="Output T" value="16"/>
  <attribute name= "Current Time Running" value="128447" />
  <attribute name="GC Util currently" value="48" />
  <attribute name="CPU Util currently" value="46589265593" />
<cycle-start id="5294" type="global" contextid="0" timestamp="2019-08-08T07:22:40.854" intervalms="0.569" />
<gc-start id="5295" type="global" contextid="5294" timestamp="2019-08-08T07:22:40.854">
  <mem-info id="5296" free="899072" total="89980928" percent="0">
    <mem type="tenure" free="899072" total="89980928" percent="0">
      <mem type="soa" free="0" total="89081856" percent="0" />
      <mem type="loa" free="899072" total="899072" percent="100" />
    </mem>
  </mem-info>
</gc-start>
<allocation-stats totalBytes="71138312" >
  <allocated-bytes non-tlh="0" tlh="71138312" />
  <largest-consumer threadName="main" threadId="0000000000996F00" bytes="71138312" />
</allocation-stats>
<gc-op id="5297" type="mark" timems="9.652" contextid="5294" timestamp="2019-08-08T07:22:40.864">
  <trace-info objectcount="596681" scancount="517670" scanbytes="13287372" />
  <finalization candidates="80" enqueued="0" />
  <ownableSynchronizers candidates="21" cleared="0" />
  <references type="soft" candidates="1849" cleared="0" enqueued="0" dynamicThreshold="25" maxThreshold="32" />
  <references type="weak" candidates="5730" cleared="0" enqueued="0" />
  <references type="phantom" candidates="97" cleared="0" enqueued="0" />
  <stringconstants candidates="13272" cleared="0"  />
</gc-op>
<gc-op id="5298" type="sweep" timems="11.906" contextid="5294" timestamp="2019-08-08T07:22:40.876" />
<mem-info id="5299" free="72097064" total="89980928" percent="80">
  <mem type="tenure" free="72097064" total="89980928" percent="80" micro-fragmented="0">
    <mem type="soa" free="71197992" total="89081856" percent="79" />
    <mem type="loa" free="899072" total="899072" percent="100" />
  </mem>
</mem-info>
<gc-op id="5300" type="compact" timems="25.854" contextid="5294" timestamp="2019-08-08T07:22:40.902">
  <compact-info movecount="732" movebytes="21880" reason="compact to aid heap contraction" />
</gc-op>
<heap-resize id="5301" type="expand" space="tenure" amount="327680" count="1" timems="0.023" reason="satisfy allocation request" timestamp="2019-08-08T07:22:40.903" />
<gc-end id="5302" type="global" contextid="5294" durationms="48.251" usertimems="113.036" systemtimems="0.000" timestamp="2019-08-08T07:22:40.903" activeThreads="16">
  <mem-info id="5303" free="72359936" total="90308608" percent="80">
    <mem type="tenure" free="72359936" total="90308608" percent="80">
      <mem type="soa" free="71457792" total="89406464" percent="79" />
      <mem type="loa" free="902144" total="902144" percent="100" />
    </mem>
  </mem-info>
</gc-end>
<cycle-end id="5304" type="global" contextid="5294" timestamp="2019-08-08T07:22:40.903" />
  <attribute name="elasticGC enabled" value="1" />
  <attribute name= "numThreadsSpecified" value="16" />
  <attribute name="heapSize specified" value="89980928" />
  <attribute name="Current GC Util" value="67" />
  <attribute name= "Current Time Running" value="128512" />
  <attribute name ="GC Interval" value="0" />
  <attribute name="Target GC Util Change" value ="80.000000" />
  <attribute name="Current GC Util Change" value="67.000000"/>
  <attribute name="Current Error" value="-498.000000" />
  <attribute name="Output H" value="90281344"/>
  <attribute name="Output I" value="200"/>
  <attribute name="Output T" value="16"/>
  <attribute name= "Current Time Running" value="128512" />
  <attribute name="GC Util currently" value="67" />
  <attribute name="CPU Util currently" value="44546475075" />
<allocation-satisfied id="5305" threadId="0000000000996F00" bytesRequested="24" />
<af-end id="5306" timestamp="2019-08-08T07:22:40.903" threadId="0000000000997888" success="true" />
<exclusive-end id="5307" timestamp="2019-08-08T07:22:40.903" durationms="48.431" />

<concurrent-kickoff id="5308" timestamp="2019-08-08T07:22:40.927">
  <kickoff reason="threshold reached" targetBytes="9470454" thresholdFreeBytes="1285373" remainingFree="1177696" tenureFreeBytes="1177696" />
</concurrent-kickoff>
<exclusive-start id="5309" timestamp="2019-08-08T07:22:40.927" intervalms="73.223">
  <response-info timems="0.017" idlems="0.017" threads="0" lastid="0000000000996F00" lastname="main" />
</exclusive-start>
<cycle-start id="5310" type="global" contextid="0" timestamp="2019-08-08T07:22:40.927" intervalms="73.186" />
<exclusive-end id="5311" timestamp="2019-08-08T07:22:40.927" durationms="0.038" />

<exclusive-start id="5312" timestamp="2019-08-08T07:22:40.928" intervalms="0.569">
  <response-info timems="0.045" idlems="0.045" threads="0" lastid="0000000000996F00" lastname="main" />
</exclusive-start>
<af-start id="5313" threadId="0000000000997888" totalBytesRequested="24" timestamp="2019-08-08T07:22:40.928" intervalms="73.800" />
<concurrent-aborted id="5314" timestamp="2019-08-08T07:22:40.928">
  <reason value="insufficient progress made" />
</concurrent-aborted>
<cycle-end id="5315" type="global" contextid="5310" timestamp="2019-08-08T07:22:40.928" />
  <attribute name="elasticGC enabled" value="1" />
  <attribute name= "numThreadsSpecified" value="16" />
  <attribute name="heapSize specified" value="89980928" />
  <attribute name="Current GC Util" value="67" />
  <attribute name= "Current Time Running" value="128512" />
  <attribute name ="GC Interval" value="0" />
  <attribute name="Target GC Util Change" value ="80.000000" />
  <attribute name="Current GC Util Change" value="67.000000"/>
  <attribute name="Current Error" value="-498.000000" />
  <attribute name="Output H" value="90281344"/>
  <attribute name="Output I" value="200"/>
  <attribute name="Output T" value="16"/>
  <attribute name= "Current Time Running" value="128512" />
  <attribute name="GC Util currently" value="67" />
  <attribute name="CPU Util currently" value="44546475075" />
<cycle-start id="5316" type="global" contextid="0" timestamp="2019-08-08T07:22:40.928" intervalms="0.621" />
<gc-start id="5317" type="global" contextid="5316" timestamp="2019-08-08T07:22:40.928">
  <mem-info id="5318" free="902144" total="90308608" percent="0">
    <mem type="tenure" free="902144" total="90308608" percent="0">
      <mem type="soa" free="0" total="89406464" percent="0" />
      <mem type="loa" free="902144" total="902144" percent="100" />
    </mem>
  </mem-info>
</gc-start>
<allocation-stats totalBytes="71508024" >
  <allocated-bytes non-tlh="0" tlh="71508024" />
  <largest-consumer threadName="main" threadId="0000000000996F00" bytes="71508024" />
</allocation-stats>
<gc-op id="5319" type="mark" timems="11.870" contextid="5316" timestamp="2019-08-08T07:22:40.940">
  <trace-info objectcount="596687" scancount="517683" scanbytes="13287668" />
  <finalization candidates="80" enqueued="0" />
  <ownableSynchronizers candidates="21" cleared="0" />
  <references type="soft" candidates="1849" cleared="0" enqueued="0" dynamicThreshold="25" maxThreshold="32" />
  <references type="weak" candidates="5730" cleared="0" enqueued="0" />
  <references type="phantom" candidates="97" cleared="0" enqueued="0" />
  <stringconstants candidates="13272" cleared="0"  />
</gc-op>
<gc-op id="5320" type="sweep" timems="13.151" contextid="5316" timestamp="2019-08-08T07:22:40.953" />
<mem-info id="5321" free="72425048" total="90308608" percent="80">
  <mem type="tenure" free="72425048" total="90308608" percent="80" micro-fragmented="0">
    <mem type="soa" free="71522904" total="89406464" percent="79" />
    <mem type="loa" free="902144" total="902144" percent="100" />
  </mem>
</mem-info>
<gc-op id="5322" type="compact" timems="23.670" contextid="5316" timestamp="2019-08-08T07:22:40.977">
  <compact-info movecount="33" movebytes="1600" reason="compact to aid heap contraction" />
</gc-op>
<heap-resize id="5323" type="expand" space="tenure" amount="327680" count="1" timems="0.021" reason="satisfy allocation request" timestamp="2019-08-08T07:22:40.977" />
<gc-end id="5324" type="global" contextid="5316" durationms="49.424" usertimems="100.536" systemtimems="0.000" timestamp="2019-08-08T07:22:40.978" activeThreads="16">
  <mem-info id="5325" free="72687320" total="90636288" percent="80">
    <mem type="tenure" free="72687320" total="90636288" percent="80">
      <mem type="soa" free="71781080" total="89730048" percent="79" />
      <mem type="loa" free="906240" total="906240" percent="100" />
    </mem>
  </mem-info>
</gc-end>
<cycle-end id="5326" type="global" contextid="5316" timestamp="2019-08-08T07:22:40.978" />
  <attribute name="elasticGC enabled" value="1" />
  <attribute name= "numThreadsSpecified" value="16" />
  <attribute name="heapSize specified" value="90308608" />
  <attribute name="Current GC Util" value="46" />
  <attribute name= "Current Time Running" value="128587" />
  <attribute name ="GC Interval" value="0" />
  <attribute name="Target GC Util Change" value ="80.000000" />
  <attribute name="Current GC Util Change" value="46.000000"/>
  <attribute name="Current Error" value="-262.000000" />
  <attribute name="Output H" value="90610112"/>
  <attribute name="Output I" value="648"/>
  <attribute name="Output T" value="16"/>
  <attribute name= "Current Time Running" value="128587" />
  <attribute name="GC Util currently" value="46" />
  <attribute name="CPU Util currently" value="48651179696" />
<allocation-satisfied id="5327" threadId="0000000000996F00" bytesRequested="24" />
<af-end id="5328" timestamp="2019-08-08T07:22:40.978" threadId="0000000000997888" success="true" />
<exclusive-end id="5329" timestamp="2019-08-08T07:22:40.978" durationms="49.639" />

<concurrent-kickoff id="5330" timestamp="2019-08-08T07:22:41.167">
  <kickoff reason="threshold reached" targetBytes="9504817" thresholdFreeBytes="1290037" remainingFree="1242936" tenureFreeBytes="1242936" />
</concurrent-kickoff>
<exclusive-start id="5331" timestamp="2019-08-08T07:22:41.168" intervalms="239.548">
  <response-info timems="0.016" idlems="0.016" threads="0" lastid="0000000000996F00" lastname="main" />
</exclusive-start>
<cycle-start id="5332" type="global" contextid="0" timestamp="2019-08-08T07:22:41.168" intervalms="239.482" />
<exclusive-end id="5333" timestamp="2019-08-08T07:22:41.168" durationms="0.022" />

<exclusive-start id="5334" timestamp="2019-08-08T07:22:41.168" intervalms="0.415">
  <response-info timems="0.022" idlems="0.022" threads="0" lastid="0000000000996F00" lastname="main" />
</exclusive-start>
<af-start id="5335" threadId="0000000000997888" totalBytesRequested="16672" timestamp="2019-08-08T07:22:41.168" intervalms="239.952" />
<concurrent-aborted id="5336" timestamp="2019-08-08T07:22:41.168">
  <reason value="insufficient progress made" />
</concurrent-aborted>
<cycle-end id="5337" type="global" contextid="5332" timestamp="2019-08-08T07:22:41.168" />
  <attribute name="elasticGC enabled" value="1" />
  <attribute name= "numThreadsSpecified" value="16" />
  <attribute name="heapSize specified" value="90308608" />
  <attribute name="Current GC Util" value="46" />
  <attribute name= "Current Time Running" value="128587" />
  <attribute name ="GC Interval" value="0" />
  <attribute name="Target GC Util Change" value ="80.000000" />
  <attribute name="Current GC Util Change" value="46.000000"/>
  <attribute name="Current Error" value="-262.000000" />
  <attribute name="Output H" value="90610112"/>
  <attribute name="Output I" value="648"/>
  <attribute name="Output T" value="16"/>
  <attribute name= "Current Time Running" value="128587" />
  <attribute name="GC Util currently" value="46" />
  <attribute name="CPU Util currently" value="48651179696" />
<cycle-start id="5338" type="global" contextid="0" timestamp="2019-08-08T07:22:41.168" intervalms="0.550" />
<gc-start id="5339" type="global" contextid="5338" timestamp="2019-08-08T07:22:41.168">
  <mem-info id="5340" free="906240" total="90636288" percent="0">
    <mem type="tenure" free="906240" total="90636288" percent="0">
      <mem type="soa" free="0" total="89730048" percent="0" />
      <mem type="loa" free="906240" total="906240" percent="100" />
    </mem>
  </mem-info>
</gc-start>
<allocation-stats totalBytes="68018032" >
  <allocated-bytes non-tlh="0" tlh="68018032" />
  <largest-consumer threadName="main" threadId="0000000000996F00" bytes="68018032" />
</allocation-stats>
<gc-op id="5341" type="mark" timems="8.106" contextid="5338" timestamp="2019-08-08T07:22:41.176">
  <trace-info objectcount="596680" scancount="517672" scanbytes="13323860" />
  <finalization candidates="80" enqueued="0" />
  <ownableSynchronizers candidates="21" cleared="0" />
  <references type="soft" candidates="1849" cleared="0" enqueued="0" dynamicThreshold="25" maxThreshold="32" />
  <references type="weak" candidates="5730" cleared="0" enqueued="0" />
  <references type="phantom" candidates="97" cleared="0" enqueued="0" />
  <stringconstants candidates="13272" cleared="0"  />
</gc-op>
<gc-op id="5342" type="sweep" timems="3.461" contextid="5338" timestamp="2019-08-08T07:22:41.180" />
<mem-info id="5343" free="72713648" total="90636288" percent="80">
  <mem type="tenure" free="72713648" total="90636288" percent="80" micro-fragmented="0">
    <mem type="soa" free="71807408" total="89730048" percent="80" />
    <mem type="loa" free="906240" total="906240" percent="100" />
  </mem>
</mem-info>
<gc-op id="5344" type="compact" timems="25.229" contextid="5338" timestamp="2019-08-08T07:22:41.205">
  <compact-info movecount="724" movebytes="58232" reason="compact to aid heap contraction" />
</gc-op>
<heap-resize id="5345" type="expand" space="tenure" amount="327680" count="1" timems="0.022" reason="satisfy allocation request" timestamp="2019-08-08T07:22:41.206" />
<gc-end id="5346" type="global" contextid="5338" durationms="37.728" usertimems="90.306" systemtimems="0.000" timestamp="2019-08-08T07:22:41.206" activeThreads="16">
  <mem-info id="5347" free="72978776" total="90963968" percent="80">
    <mem type="tenure" free="72978776" total="90963968" percent="80">
      <mem type="soa" free="72069464" total="90054656" percent="80" />
      <mem type="loa" free="909312" total="909312" percent="100" />
    </mem>
  </mem-info>
</gc-end>
<cycle-end id="5348" type="global" contextid="5338" timestamp="2019-08-08T07:22:41.206" />
  <attribute name="elasticGC enabled" value="1" />
  <attribute name= "numThreadsSpecified" value="16" />
  <attribute name="heapSize specified" value="90636288" />
  <attribute name="Current GC Util" value="44" />
  <attribute name= "Current Time Running" value="128816" />
  <attribute name ="GC Interval" value="0" />
  <attribute name="Target GC Util Change" value ="80.000000" />
  <attribute name="Current GC Util Change" value="44.000000"/>
  <attribute name="Current Error" value="-549.000000" />
  <attribute name="Output H" value="90936472"/>
  <attribute name="Output I" value="200"/>
  <attribute name="Output T" value="16"/>
  <attribute name= "Current Time Running" value="128816" />
  <attribute name="GC Util currently" value="44" />
  <attribute name="CPU Util currently" value="45587867072" />
<allocation-satisfied id="5349" threadId="0000000000996F00" bytesRequested="16672" />
<af-end id="5350" timestamp="2019-08-08T07:22:41.206" threadId="0000000000997888" success="true" />
<exclusive-end id="5351" timestamp="2019-08-08T07:22:41.206" durationms="38.077" />

<concurrent-kickoff id="5352" timestamp="2019-08-08T07:22:41.371">
  <kickoff reason="threshold reached" targetBytes="9539181" thresholdFreeBytes="1294701" remainingFree="1273528" tenureFreeBytes="1273528" />
</concurrent-kickoff>
<exclusive-start id="5353" timestamp="2019-08-08T07:22:41.371" intervalms="203.489">
  <response-info timems="0.023" idlems="0.023" threads="0" lastid="0000000000996F00" lastname="main" />
</exclusive-start>
<cycle-start id="5354" type="global" contextid="0" timestamp="2019-08-08T07:22:41.371" intervalms="203.346" />
<exclusive-end id="5355" timestamp="2019-08-08T07:22:41.371" durationms="0.016" />

<exclusive-start id="5356" timestamp="2019-08-08T07:22:41.373" intervalms="1.726">
  <response-info timems="0.052" idlems="0.052" threads="0" lastid="0000000000996F00" lastname="main" />
</exclusive-start>
<af-start id="5357" threadId="0000000000997888" totalBytesRequested="80" timestamp="2019-08-08T07:22:41.373" intervalms="205.237" />
<concurrent-aborted id="5358" timestamp="2019-08-08T07:22:41.373">
  <reason value="insufficient progress made" />
</concurrent-aborted>
<cycle-end id="5359" type="global" contextid="5354" timestamp="2019-08-08T07:22:41.373" />
  <attribute name="elasticGC enabled" value="1" />
  <attribute name= "numThreadsSpecified" value="16" />
  <attribute name="heapSize specified" value="90636288" />
  <attribute name="Current GC Util" value="44" />
  <attribute name= "Current Time Running" value="128816" />
  <attribute name ="GC Interval" value="0" />
  <attribute name="Target GC Util Change" value ="80.000000" />
  <attribute name="Current GC Util Change" value="44.000000"/>
  <attribute name="Current Error" value="-549.000000" />
  <attribute name="Output H" value="90936472"/>
  <attribute name="Output I" value="200"/>
  <attribute name="Output T" value="16"/>
  <attribute name= "Current Time Running" value="128816" />
  <attribute name="GC Util currently" value="44" />
  <attribute name="CPU Util currently" value="45587867072" />
<cycle-start id="5360" type="global" contextid="0" timestamp="2019-08-08T07:22:41.373" intervalms="1.815" />
<gc-start id="5361" type="global" contextid="5360" timestamp="2019-08-08T07:22:41.373">
  <mem-info id="5362" free="909312" total="90963968" percent="0">
    <mem type="tenure" free="909312" total="90963968" percent="0">
      <mem type="soa" free="0" total="90054656" percent="0" />
      <mem type="loa" free="909312" total="909312" percent="100" />
    </mem>
  </mem-info>
</gc-start>
<allocation-stats totalBytes="72126488" >
  <allocated-bytes non-tlh="0" tlh="72126488" />
  <largest-consumer threadName="main" threadId="0000000000996F00" bytes="72126488" />
</allocation-stats>
<gc-op id="5363" type="mark" timems="9.446" contextid="5360" timestamp="2019-08-08T07:22:41.383">
  <trace-info objectcount="596665" scancount="517659" scanbytes="13286352" />
  <finalization candidates="80" enqueued="0" />
  <ownableSynchronizers candidates="21" cleared="0" />
  <references type="soft" candidates="1849" cleared="0" enqueued="0" dynamicThreshold="25" maxThreshold="32" />
  <references type="weak" candidates="5730" cleared="0" enqueued="0" />
  <references type="phantom" candidates="97" cleared="0" enqueued="0" />
  <stringconstants candidates="13272" cleared="0"  />
</gc-op>
<gc-op id="5364" type="sweep" timems="16.043" contextid="5360" timestamp="2019-08-08T07:22:41.399" />
<mem-info id="5365" free="73080496" total="90963968" percent="80">
  <mem type="tenure" free="73080496" total="90963968" percent="80" micro-fragmented="0">
    <mem type="soa" free="72171184" total="90054656" percent="80" />
    <mem type="loa" free="909312" total="909312" percent="100" />
  </mem>
</mem-info>
<gc-op id="5366" type="compact" timems="24.783" contextid="5360" timestamp="2019-08-08T07:22:41.424">
  <compact-info movecount="703" movebytes="20584" reason="compact to aid heap contraction" />
</gc-op>
<heap-resize id="5367" type="expand" space="tenure" amount="327680" count="1" timems="0.023" reason="satisfy allocation request" timestamp="2019-08-08T07:22:41.425" />
<gc-end id="5368" type="global" contextid="5360" durationms="51.763" usertimems="94.643" systemtimems="0.000" timestamp="2019-08-08T07:22:41.425" activeThreads="16">
  <mem-info id="5369" free="73343960" total="91291648" percent="80">
    <mem type="tenure" free="73343960" total="91291648" percent="80">
      <mem type="soa" free="72431576" total="90379264" percent="80" />
      <mem type="loa" free="912384" total="912384" percent="100" />
    </mem>
  </mem-info>
</gc-end>
<cycle-end id="5370" type="global" contextid="5360" timestamp="2019-08-08T07:22:41.425" />
  <attribute name="elasticGC enabled" value="1" />
  <attribute name= "numThreadsSpecified" value="16" />
  <attribute name="heapSize specified" value="90963968" />
  <attribute name="Current GC Util" value="41" />
  <attribute name= "Current Time Running" value="129034" />
  <attribute name ="GC Interval" value="0" />
  <attribute name="Target GC Util Change" value ="80.000000" />
  <attribute name="Current GC Util Change" value="41.000000"/>
  <attribute name="Current Error" value="-13.000000" />
  <attribute name="Output H" value="91266624"/>
  <attribute name="Output I" value="1944"/>
  <attribute name="Output T" value="16"/>
  <attribute name= "Current Time Running" value="129034" />
  <attribute name="GC Util currently" value="41" />
  <attribute name="CPU Util currently" value="46569778699" />
<allocation-satisfied id="5371" threadId="0000000000996F00" bytesRequested="80" />
<af-end id="5372" timestamp="2019-08-08T07:22:41.425" threadId="0000000000997888" success="true" />
<exclusive-end id="5373" timestamp="2019-08-08T07:22:41.425" durationms="52.013" />

<concurrent-kickoff id="5374" timestamp="2019-08-08T07:22:41.492">
  <kickoff reason="threshold reached" targetBytes="9573543" thresholdFreeBytes="1299365" remainingFree="1244936" tenureFreeBytes="1244936" />
</concurrent-kickoff>
<exclusive-start id="5375" timestamp="2019-08-08T07:22:41.492" intervalms="119.246">
  <response-info timems="0.017" idlems="0.017" threads="0" lastid="0000000000996F00" lastname="main" />
</exclusive-start>
<cycle-start id="5376" type="global" contextid="0" timestamp="2019-08-08T07:22:41.492" intervalms="119.181" />
<exclusive-end id="5377" timestamp="2019-08-08T07:22:41.492" durationms="0.039" />

<exclusive-start id="5378" timestamp="2019-08-08T07:22:41.493" intervalms="0.699">
  <response-info timems="0.031" idlems="0.031" threads="0" lastid="0000000000996F00" lastname="main" />
</exclusive-start>
<af-start id="5379" threadId="0000000000997888" totalBytesRequested="80" timestamp="2019-08-08T07:22:41.493" intervalms="119.921" />
<concurrent-aborted id="5380" timestamp="2019-08-08T07:22:41.493">
  <reason value="insufficient progress made" />
</concurrent-aborted>
<cycle-end id="5381" type="global" contextid="5376" timestamp="2019-08-08T07:22:41.493" />
  <attribute name="elasticGC enabled" value="1" />
  <attribute name= "numThreadsSpecified" value="16" />
  <attribute name="heapSize specified" value="90963968" />
  <attribute name="Current GC Util" value="41" />
  <attribute name= "Current Time Running" value="129034" />
  <attribute name ="GC Interval" value="0" />
  <attribute name="Target GC Util Change" value ="80.000000" />
  <attribute name="Current GC Util Change" value="41.000000"/>
  <attribute name="Current Error" value="-13.000000" />
  <attribute name="Output H" value="91266624"/>
  <attribute name="Output I" value="1944"/>
  <attribute name="Output T" value="16"/>
  <attribute name= "Current Time Running" value="129034" />
  <attribute name="GC Util currently" value="41" />
  <attribute name="CPU Util currently" value="46569778699" />
<cycle-start id="5382" type="global" contextid="0" timestamp="2019-08-08T07:22:41.493" intervalms="0.730" />
<gc-start id="5383" type="global" contextid="5382" timestamp="2019-08-08T07:22:41.493">
  <mem-info id="5384" free="912384" total="91291648" percent="0">
    <mem type="tenure" free="912384" total="91291648" percent="0">
      <mem type="soa" free="0" total="90379264" percent="0" />
      <mem type="loa" free="912384" total="912384" percent="100" />
    </mem>
  </mem-info>
</gc-start>
<allocation-stats totalBytes="72476088" >
  <allocated-bytes non-tlh="0" tlh="72476088" />
  <largest-consumer threadName="main" threadId="0000000000996F00" bytes="72476088" />
</allocation-stats>
<gc-op id="5385" type="mark" timems="10.473" contextid="5382" timestamp="2019-08-08T07:22:41.504">
  <trace-info objectcount="596331" scancount="517325" scanbytes="13275780" />
  <finalization candidates="80" enqueued="0" />
  <ownableSynchronizers candidates="21" cleared="0" />
  <references type="soft" candidates="1849" cleared="6" enqueued="6" dynamicThreshold="25" maxThreshold="32" />
  <references type="weak" candidates="5730" cleared="0" enqueued="0" />
  <references type="phantom" candidates="97" cleared="0" enqueued="0" />
  <stringconstants candidates="13272" cleared="0"  />
</gc-op>
<gc-op id="5386" type="sweep" timems="14.913" contextid="5382" timestamp="2019-08-08T07:22:41.519" />
<mem-info id="5387" free="73418704" total="91291648" percent="80">
  <mem type="tenure" free="73418704" total="91291648" percent="80" micro-fragmented="0">
    <mem type="soa" free="72506320" total="90379264" percent="80" />
    <mem type="loa" free="912384" total="912384" percent="100" />
  </mem>
  <pending-finalizers system="0" default="0" reference="6" classloader="0" />
</mem-info>
<gc-op id="5388" type="compact" timems="24.546" contextid="5382" timestamp="2019-08-08T07:22:41.543">
  <compact-info movecount="365" movebytes="9744" reason="compact to aid heap contraction" />
</gc-op>
<heap-resize id="5389" type="expand" space="tenure" amount="327680" count="1" timems="0.021" reason="satisfy allocation request" timestamp="2019-08-08T07:22:41.544" />
<gc-end id="5390" type="global" contextid="5382" durationms="50.930" usertimems="91.332" systemtimems="0.000" timestamp="2019-08-08T07:22:41.544" activeThreads="16">
  <mem-info id="5391" free="73682384" total="91619328" percent="80">
    <mem type="tenure" free="73682384" total="91619328" percent="80">
      <mem type="soa" free="72766928" total="90703872" percent="80" />
      <mem type="loa" free="915456" total="915456" percent="100" />
    </mem>
    <pending-finalizers system="0" default="0" reference="6" classloader="0" />
  </mem-info>
</gc-end>
<cycle-end id="5392" type="global" contextid="5382" timestamp="2019-08-08T07:22:41.544" />
  <attribute name="elasticGC enabled" value="1" />
  <attribute name= "numThreadsSpecified" value="16" />
  <attribute name="heapSize specified" value="91291648" />
  <attribute name="Current GC Util" value="43" />
  <attribute name= "Current Time Running" value="129154" />
  <attribute name ="GC Interval" value="0" />
  <attribute name="Target GC Util Change" value ="80.000000" />
  <attribute name="Current GC Util Change" value="43.000000"/>
  <attribute name="Current Error" value="114.000000" />
  <attribute name="Output H" value="91594888"/>
  <attribute name="Output I" value="2600"/>
  <attribute name="Output T" value="16"/>
  <attribute name= "Current Time Running" value="129154" />
  <attribute name="GC Util currently" value="43" />
  <attribute name="CPU Util currently" value="46866538699" />
<allocation-satisfied id="5393" threadId="0000000000996F00" bytesRequested="80" />
<af-end id="5394" timestamp="2019-08-08T07:22:41.544" threadId="0000000000997888" success="true" />
<exclusive-end id="5395" timestamp="2019-08-08T07:22:41.544" durationms="51.122" />

<concurrent-kickoff id="5396" timestamp="2019-08-08T07:22:41.629">
  <kickoff reason="threshold reached" targetBytes="9607907" thresholdFreeBytes="1304028" remainingFree="1178632" tenureFreeBytes="1178632" />
</concurrent-kickoff>
<exclusive-start id="5397" timestamp="2019-08-08T07:22:41.629" intervalms="135.779">
  <response-info timems="0.045" idlems="0.045" threads="0" lastid="0000000000996F00" lastname="main" />
</exclusive-start>
<cycle-start id="5398" type="global" contextid="0" timestamp="2019-08-08T07:22:41.629" intervalms="135.723" />
<exclusive-end id="5399" timestamp="2019-08-08T07:22:41.629" durationms="0.013" />

<exclusive-start id="5400" timestamp="2019-08-08T07:22:41.630" intervalms="0.639">
  <response-info timems="0.023" idlems="0.023" threads="0" lastid="0000000000996F00" lastname="main" />
</exclusive-start>
<af-start id="5401" threadId="0000000000997888" totalBytesRequested="16" timestamp="2019-08-08T07:22:41.630" intervalms="136.437" />
<concurrent-aborted id="5402" timestamp="2019-08-08T07:22:41.630">
  <reason value="insufficient progress made" />
</concurrent-aborted>
<cycle-end id="5403" type="global" contextid="5398" timestamp="2019-08-08T07:22:41.630" />
  <attribute name="elasticGC enabled" value="1" />
  <attribute name= "numThreadsSpecified" value="16" />
  <attribute name="heapSize specified" value="91291648" />
  <attribute name="Current GC Util" value="43" />
  <attribute name= "Current Time Running" value="129154" />
  <attribute name ="GC Interval" value="0" />
  <attribute name="Target GC Util Change" value ="80.000000" />
  <attribute name="Current GC Util Change" value="43.000000"/>
  <attribute name="Current Error" value="114.000000" />
  <attribute name="Output H" value="91594888"/>
  <attribute name="Output I" value="2600"/>
  <attribute name="Output T" value="16"/>
  <attribute name= "Current Time Running" value="129154" />
  <attribute name="GC Util currently" value="43" />
  <attribute name="CPU Util currently" value="46866538699" />
<cycle-start id="5404" type="global" contextid="0" timestamp="2019-08-08T07:22:41.630" intervalms="0.718" />
<gc-start id="5405" type="global" contextid="5404" timestamp="2019-08-08T07:22:41.630">
  <mem-info id="5406" free="915456" total="91619328" percent="0">
    <mem type="tenure" free="915456" total="91619328" percent="0">
      <mem type="soa" free="0" total="90703872" percent="0" />
      <mem type="loa" free="915456" total="915456" percent="100" />
    </mem>
  </mem-info>
</gc-start>
<allocation-stats totalBytes="72822032" >
  <allocated-bytes non-tlh="0" tlh="72822032" />
  <largest-consumer threadName="main" threadId="0000000000996F00" bytes="72822032" />
</allocation-stats>
<gc-op id="5407" type="mark" timems="8.012" contextid="5404" timestamp="2019-08-08T07:22:41.638">
  <trace-info objectcount="596316" scancount="517325" scanbytes="13274892" />
  <finalization candidates="80" enqueued="0" />
  <ownableSynchronizers candidates="21" cleared="0" />
  <references type="soft" candidates="1843" cleared="0" enqueued="0" dynamicThreshold="25" maxThreshold="32" />
  <references type="weak" candidates="5730" cleared="0" enqueued="0" />
  <references type="phantom" candidates="97" cleared="0" enqueued="0" />
  <stringconstants candidates="13272" cleared="0"  />
</gc-op>
<gc-op id="5408" type="sweep" timems="19.687" contextid="5404" timestamp="2019-08-08T07:22:41.657" />
<mem-info id="5409" free="73746168" total="91619328" percent="80">
  <mem type="tenure" free="73746168" total="91619328" percent="80" micro-fragmented="0">
    <mem type="soa" free="72830712" total="90703872" percent="80" />
    <mem type="loa" free="915456" total="915456" percent="100" />
  </mem>
</mem-info>
<gc-op id="5410" type="compact" timems="24.834" contextid="5404" timestamp="2019-08-08T07:22:41.682">
  <compact-info movecount="348" movebytes="8904" reason="compact to aid heap contraction" />
</gc-op>
<heap-resize id="5411" type="expand" space="tenure" amount="327680" count="1" timems="0.021" reason="satisfy allocation request" timestamp="2019-08-08T07:22:41.683" />
<gc-end id="5412" type="global" contextid="5404" durationms="53.445" usertimems="100.232" systemtimems="0.000" timestamp="2019-08-08T07:22:41.683" activeThreads="16">
  <mem-info id="5413" free="74010856" total="91947008" percent="80">
    <mem type="tenure" free="74010856" total="91947008" percent="80">
      <mem type="soa" free="73092328" total="91028480" percent="80" />
      <mem type="loa" free="918528" total="918528" percent="100" />
    </mem>
  </mem-info>
</gc-end>
<cycle-end id="5414" type="global" contextid="5404" timestamp="2019-08-08T07:22:41.683" />
  <attribute name="elasticGC enabled" value="1" />
  <attribute name= "numThreadsSpecified" value="16" />
  <attribute name="heapSize specified" value="91619328" />
  <attribute name="Current GC Util" value="45" />
  <attribute name= "Current Time Running" value="129293" />
  <attribute name ="GC Interval" value="0" />
  <attribute name="Target GC Util Change" value ="80.000000" />
  <attribute name="Current GC Util Change" value="45.000000"/>
  <attribute name="Current Error" value="35.000000" />
  <attribute name="Output H" value="91922208"/>
  <attribute name="Output I" value="2192"/>
  <attribute name="Output T" value="16"/>
  <attribute name= "Current Time Running" value="129293" />
  <attribute name="GC Util currently" value="45" />
  <attribute name="CPU Util currently" value="46368441769" />
<allocation-satisfied id="5415" threadId="0000000000996F00" bytesRequested="16" />
<af-end id="5416" timestamp="2019-08-08T07:22:41.683" threadId="0000000000997888" success="true" />
<exclusive-end id="5417" timestamp="2019-08-08T07:22:41.683" durationms="53.652" />

<concurrent-kickoff id="5418" timestamp="2019-08-08T07:22:41.745">
  <kickoff reason="threshold reached" targetBytes="9642269" thresholdFreeBytes="1308692" remainingFree="1243984" tenureFreeBytes="1243984" />
</concurrent-kickoff>
<exclusive-start id="5419" timestamp="2019-08-08T07:22:41.745" intervalms="115.868">
  <response-info timems="0.025" idlems="0.025" threads="0" lastid="0000000000996F00" lastname="main" />
</exclusive-start>
<cycle-start id="5420" type="global" contextid="0" timestamp="2019-08-08T07:22:41.745" intervalms="115.792" />
<exclusive-end id="5421" timestamp="2019-08-08T07:22:41.745" durationms="0.017" />

<exclusive-start id="5422" timestamp="2019-08-08T07:22:41.746" intervalms="0.607">
  <response-info timems="0.027" idlems="0.027" threads="0" lastid="0000000000996F00" lastname="main" />
</exclusive-start>
<af-start id="5423" threadId="0000000000997888" totalBytesRequested="32" timestamp="2019-08-08T07:22:41.746" intervalms="116.471" />
<concurrent-aborted id="5424" timestamp="2019-08-08T07:22:41.746">
  <reason value="insufficient progress made" />
</concurrent-aborted>
<cycle-end id="5425" type="global" contextid="5420" timestamp="2019-08-08T07:22:41.746" />
  <attribute name="elasticGC enabled" value="1" />
  <attribute name= "numThreadsSpecified" value="16" />
  <attribute name="heapSize specified" value="91619328" />
  <attribute name="Current GC Util" value="45" />
  <attribute name= "Current Time Running" value="129293" />
  <attribute name ="GC Interval" value="0" />
  <attribute name="Target GC Util Change" value ="80.000000" />
  <attribute name="Current GC Util Change" value="45.000000"/>
  <attribute name="Current Error" value="35.000000" />
  <attribute name="Output H" value="91922208"/>
  <attribute name="Output I" value="2192"/>
  <attribute name="Output T" value="16"/>
  <attribute name= "Current Time Running" value="129293" />
  <attribute name="GC Util currently" value="45" />
  <attribute name="CPU Util currently" value="46368441769" />
<cycle-start id="5426" type="global" contextid="0" timestamp="2019-08-08T07:22:41.746" intervalms="0.687" />
<gc-start id="5427" type="global" contextid="5426" timestamp="2019-08-08T07:22:41.746">
  <mem-info id="5428" free="918528" total="91947008" percent="0">
    <mem type="tenure" free="918528" total="91947008" percent="0">
      <mem type="soa" free="0" total="91028480" percent="0" />
      <mem type="loa" free="918528" total="918528" percent="100" />
    </mem>
  </mem-info>
</gc-start>
<allocation-stats totalBytes="73151000" >
  <allocated-bytes non-tlh="0" tlh="73151000" />
  <largest-consumer threadName="main" threadId="0000000000996F00" bytes="73151000" />
</allocation-stats>
<gc-op id="5429" type="mark" timems="14.485" contextid="5426" timestamp="2019-08-08T07:22:41.761">
  <trace-info objectcount="596308" scancount="517305" scanbytes="13274736" />
  <finalization candidates="80" enqueued="0" />
  <ownableSynchronizers candidates="21" cleared="0" />
  <references type="soft" candidates="1843" cleared="0" enqueued="0" dynamicThreshold="25" maxThreshold="32" />
  <references type="weak" candidates="5730" cleared="0" enqueued="0" />
  <references type="phantom" candidates="97" cleared="0" enqueued="0" />
  <stringconstants candidates="13272" cleared="0"  />
</gc-op>
<gc-op id="5430" type="sweep" timems="22.005" contextid="5426" timestamp="2019-08-08T07:22:41.783" />
<mem-info id="5431" free="74075824" total="91947008" percent="80">
  <mem type="tenure" free="74075824" total="91947008" percent="80" micro-fragmented="0">
    <mem type="soa" free="73157296" total="91028480" percent="80" />
    <mem type="loa" free="918528" total="918528" percent="100" />
  </mem>
</mem-info>
<gc-op id="5432" type="compact" timems="25.602" contextid="5426" timestamp="2019-08-08T07:22:41.808">
  <compact-info movecount="331" movebytes="8424" reason="compact to aid heap contraction" />
</gc-op>
<heap-resize id="5433" type="expand" space="tenure" amount="327680" count="1" timems="0.021" reason="satisfy allocation request" timestamp="2019-08-08T07:22:41.809" />
<gc-end id="5434" type="global" contextid="5426" durationms="63.153" usertimems="145.380" systemtimems="0.000" timestamp="2019-08-08T07:22:41.809" activeThreads="16">
  <mem-info id="5435" free="74338800" total="92274688" percent="80">
    <mem type="tenure" free="74338800" total="92274688" percent="80">
      <mem type="soa" free="73416176" total="91352064" percent="80" />
      <mem type="loa" free="922624" total="922624" percent="100" />
    </mem>
  </mem-info>
</gc-end>
<cycle-end id="5436" type="global" contextid="5426" timestamp="2019-08-08T07:22:41.809" />
  <attribute name="elasticGC enabled" value="1" />
  <attribute name= "numThreadsSpecified" value="16" />
  <attribute name="heapSize specified" value="91947008" />
  <attribute name="Current GC Util" value="128" />
  <attribute name= "Current Time Running" value="129419" />
  <attribute name ="GC Interval" value="0" />
  <attribute name="Target GC Util Change" value ="80.000000" />
  <attribute name="Current GC Util Change" value="128.000000"/>
  <attribute name="Current Error" value="-343.000000" />
  <attribute name="Output H" value="92248136"/>
  <attribute name="Output I" value="232"/>
  <attribute name="Output T" value="16"/>
  <attribute name= "Current Time Running" value="129419" />
  <attribute name="GC Util currently" value="128" />
  <attribute name="CPU Util currently" value="44976719335" />
<allocation-satisfied id="5437" threadId="0000000000996F00" bytesRequested="32" />
<af-end id="5438" timestamp="2019-08-08T07:22:41.809" threadId="0000000000997888" success="true" />
<exclusive-end id="5439" timestamp="2019-08-08T07:22:41.809" durationms="63.402" />

<concurrent-kickoff id="5440" timestamp="2019-08-08T07:22:41.949">
  <kickoff reason="threshold reached" targetBytes="9676633" thresholdFreeBytes="1313356" remainingFree="1309672" tenureFreeBytes="1309672" />
</concurrent-kickoff>
<exclusive-start id="5441" timestamp="2019-08-08T07:22:41.949" intervalms="202.861">
  <response-info timems="0.018" idlems="0.018" threads="0" lastid="0000000000996F00" lastname="main" />
</exclusive-start>
<cycle-start id="5442" type="global" contextid="0" timestamp="2019-08-08T07:22:41.949" intervalms="202.778" />
<exclusive-end id="5443" timestamp="2019-08-08T07:22:41.949" durationms="0.012" />

<exclusive-start id="5444" timestamp="2019-08-08T07:22:41.949" intervalms="0.554">
  <response-info timems="0.041" idlems="0.041" threads="0" lastid="0000000000996F00" lastname="main" />
</exclusive-start>
<af-start id="5445" threadId="0000000000997888" totalBytesRequested="24" timestamp="2019-08-08T07:22:41.949" intervalms="203.401" />
<concurrent-aborted id="5446" timestamp="2019-08-08T07:22:41.949">
  <reason value="insufficient progress made" />
</concurrent-aborted>
<cycle-end id="5447" type="global" contextid="5442" timestamp="2019-08-08T07:22:41.949" />
  <attribute name="elasticGC enabled" value="1" />
  <attribute name= "numThreadsSpecified" value="16" />
  <attribute name="heapSize specified" value="91947008" />
  <attribute name="Current GC Util" value="128" />
  <attribute name= "Current Time Running" value="129419" />
  <attribute name ="GC Interval" value="0" />
  <attribute name="Target GC Util Change" value ="80.000000" />
  <attribute name="Current GC Util Change" value="128.000000"/>
  <attribute name="Current Error" value="-343.000000" />
  <attribute name="Output H" value="92248136"/>
  <attribute name="Output I" value="232"/>
  <attribute name="Output T" value="16"/>
  <attribute name= "Current Time Running" value="129419" />
  <attribute name="GC Util currently" value="128" />
  <attribute name="CPU Util currently" value="44976719335" />
<cycle-start id="5448" type="global" contextid="0" timestamp="2019-08-08T07:22:41.949" intervalms="0.612" />
<gc-start id="5449" type="global" contextid="5448" timestamp="2019-08-08T07:22:41.950">
  <mem-info id="5450" free="922624" total="92274688" percent="0">
    <mem type="tenure" free="922624" total="92274688" percent="0">
      <mem type="soa" free="0" total="91352064" percent="0" />
      <mem type="loa" free="922624" total="922624" percent="100" />
    </mem>
  </mem-info>
</gc-start>
<allocation-stats totalBytes="73476920" >
  <allocated-bytes non-tlh="0" tlh="73476920" />
  <largest-consumer threadName="main" threadId="0000000000996F00" bytes="73476920" />
</allocation-stats>
<gc-op id="5451" type="mark" timems="17.470" contextid="5448" timestamp="2019-08-08T07:22:41.967">
  <trace-info objectcount="596316" scancount="517310" scanbytes="13274896" />
  <finalization candidates="80" enqueued="0" />
  <ownableSynchronizers candidates="21" cleared="0" />
  <references type="soft" candidates="1843" cleared="0" enqueued="0" dynamicThreshold="25" maxThreshold="32" />
  <references type="weak" candidates="5730" cleared="0" enqueued="0" />
  <references type="phantom" candidates="97" cleared="0" enqueued="0" />
  <stringconstants candidates="13272" cleared="0"  />
</gc-op>
<gc-op id="5452" type="sweep" timems="16.513" contextid="5448" timestamp="2019-08-08T07:22:41.984" />
<mem-info id="5453" free="74402680" total="92274688" percent="80">
  <mem type="tenure" free="74402680" total="92274688" percent="80" micro-fragmented="0">
    <mem type="soa" free="73480056" total="91352064" percent="80" />
    <mem type="loa" free="922624" total="922624" percent="100" />
  </mem>
</mem-info>
<gc-op id="5454" type="compact" timems="23.221" contextid="5448" timestamp="2019-08-08T07:22:42.007">
  <compact-info movecount="332" movebytes="8472" reason="compact to aid heap contraction" />
</gc-op>
<heap-resize id="5455" type="expand" space="tenure" amount="327680" count="1" timems="0.027" reason="satisfy allocation request" timestamp="2019-08-08T07:22:42.008" />
<gc-end id="5456" type="global" contextid="5448" durationms="58.224" usertimems="181.050" systemtimems="0.000" timestamp="2019-08-08T07:22:42.008" activeThreads="16">
  <mem-info id="5457" free="74666264" total="92602368" percent="80">
    <mem type="tenure" free="74666264" total="92602368" percent="80">
      <mem type="soa" free="73740568" total="91676672" percent="80" />
      <mem type="loa" free="925696" total="925696" percent="100" />
    </mem>
  </mem-info>
</gc-end>
<cycle-end id="5458" type="global" contextid="5448" timestamp="2019-08-08T07:22:42.008" />
  <attribute name="elasticGC enabled" value="1" />
  <attribute name= "numThreadsSpecified" value="16" />
  <attribute name="heapSize specified" value="92274688" />
  <attribute name="Current GC Util" value="37" />
  <attribute name= "Current Time Running" value="129617" />
  <attribute name ="GC Interval" value="0" />
  <attribute name="Target GC Util Change" value ="80.000000" />
  <attribute name="Current GC Util Change" value="37.000000"/>
  <attribute name="Current Error" value="-485.000000" />
  <attribute name="Output H" value="92575160"/>
  <attribute name="Output I" value="200"/>
  <attribute name="Output T" value="16"/>
  <attribute name= "Current Time Running" value="129617" />
  <attribute name="GC Util currently" value="37" />
  <attribute name="CPU Util currently" value="49779063828" />
<allocation-satisfied id="5459" threadId="0000000000996F00" bytesRequested="24" />
<af-end id="5460" timestamp="2019-08-08T07:22:42.008" threadId="0000000000997888" success="true" />
<exclusive-end id="5461" timestamp="2019-08-08T07:22:42.008" durationms="58.413" />

<concurrent-kickoff id="5462" timestamp="2019-08-08T07:22:42.066">
  <kickoff reason="threshold reached" targetBytes="9710996" thresholdFreeBytes="1318020" remainingFree="1244528" tenureFreeBytes="1244528" />
</concurrent-kickoff>
<exclusive-start id="5463" timestamp="2019-08-08T07:22:42.066" intervalms="116.682">
  <response-info timems="0.015" idlems="0.015" threads="0" lastid="0000000000996F00" lastname="main" />
</exclusive-start>
<cycle-start id="5464" type="global" contextid="0" timestamp="2019-08-08T07:22:42.066" intervalms="116.648" />
<exclusive-end id="5465" timestamp="2019-08-08T07:22:42.066" durationms="0.038" />

<exclusive-start id="5466" timestamp="2019-08-08T07:22:42.067" intervalms="0.696">
  <response-info timems="0.029" idlems="0.029" threads="0" lastid="0000000000996F00" lastname="main" />
</exclusive-start>
<af-start id="5467" threadId="0000000000997888" totalBytesRequested="16" timestamp="2019-08-08T07:22:42.067" intervalms="117.378" />
<concurrent-aborted id="5468" timestamp="2019-08-08T07:22:42.067">
  <reason value="insufficient progress made" />
</concurrent-aborted>
<cycle-end id="5469" type="global" contextid="5464" timestamp="2019-08-08T07:22:42.067" />
  <attribute name="elasticGC enabled" value="1" />
  <attribute name= "numThreadsSpecified" value="16" />
  <attribute name="heapSize specified" value="92274688" />
  <attribute name="Current GC Util" value="37" />
  <attribute name= "Current Time Running" value="129617" />
  <attribute name ="GC Interval" value="0" />
  <attribute name="Target GC Util Change" value ="80.000000" />
  <attribute name="Current GC Util Change" value="37.000000"/>
  <attribute name="Current Error" value="-485.000000" />
  <attribute name="Output H" value="92575160"/>
  <attribute name="Output I" value="200"/>
  <attribute name="Output T" value="16"/>
  <attribute name= "Current Time Running" value="129617" />
  <attribute name="GC Util currently" value="37" />
  <attribute name="CPU Util currently" value="49779063828" />
<cycle-start id="5470" type="global" contextid="0" timestamp="2019-08-08T07:22:42.067" intervalms="0.730" />
<gc-start id="5471" type="global" contextid="5470" timestamp="2019-08-08T07:22:42.067">
  <mem-info id="5472" free="925696" total="92602368" percent="0">
    <mem type="tenure" free="925696" total="92602368" percent="0">
      <mem type="soa" free="0" total="91676672" percent="0" />
      <mem type="loa" free="925696" total="925696" percent="100" />
    </mem>
  </mem-info>
</gc-start>
<allocation-stats totalBytes="73801072" >
  <allocated-bytes non-tlh="0" tlh="73801072" />
  <largest-consumer threadName="main" threadId="0000000000996F00" bytes="73801072" />
</allocation-stats>
<gc-op id="5473" type="mark" timems="8.276" contextid="5470" timestamp="2019-08-08T07:22:42.075">
  <trace-info objectcount="596329" scancount="517325" scanbytes="13275272" />
  <finalization candidates="80" enqueued="0" />
  <ownableSynchronizers candidates="21" cleared="0" />
  <references type="soft" candidates="1843" cleared="0" enqueued="0" dynamicThreshold="25" maxThreshold="32" />
  <references type="weak" candidates="5730" cleared="0" enqueued="0" />
  <references type="phantom" candidates="97" cleared="0" enqueued="0" />
  <stringconstants candidates="13272" cleared="0"  />
</gc-op>
<gc-op id="5474" type="sweep" timems="30.308" contextid="5470" timestamp="2019-08-08T07:22:42.106" />
<mem-info id="5475" free="74729600" total="92602368" percent="80">
  <mem type="tenure" free="74729600" total="92602368" percent="80" micro-fragmented="0">
    <mem type="soa" free="73803904" total="91676672" percent="80" />
    <mem type="loa" free="925696" total="925696" percent="100" />
  </mem>
</mem-info>
<gc-op id="5476" type="compact" timems="23.431" contextid="5470" timestamp="2019-08-08T07:22:42.129">
  <compact-info movecount="339" movebytes="8688" reason="compact to aid heap contraction" />
</gc-op>
<heap-resize id="5477" type="expand" space="tenure" amount="327680" count="1" timems="0.021" reason="satisfy allocation request" timestamp="2019-08-08T07:22:42.130" />
<gc-end id="5478" type="global" contextid="5470" durationms="62.927" usertimems="109.959" systemtimems="0.000" timestamp="2019-08-08T07:22:42.130" activeThreads="16">
  <mem-info id="5479" free="74993584" total="92930048" percent="80">
    <mem type="tenure" free="74993584" total="92930048" percent="80">
      <mem type="soa" free="74064816" total="92001280" percent="80" />
      <mem type="loa" free="928768" total="928768" percent="100" />
    </mem>
  </mem-info>
</gc-end>
<cycle-end id="5480" type="global" contextid="5470" timestamp="2019-08-08T07:22:42.130" />
  <attribute name="elasticGC enabled" value="1" />
  <attribute name= "numThreadsSpecified" value="16" />
  <attribute name="heapSize specified" value="92602368" />
  <attribute name="Current GC Util" value="45" />
  <attribute name= "Current Time Running" value="129739" />
  <attribute name ="GC Interval" value="0" />
  <attribute name="Target GC Util Change" value ="80.000000" />
  <attribute name="Current GC Util Change" value="45.000000"/>
  <attribute name="Current Error" value="-230.000000" />
  <attribute name="Output H" value="92904024"/>
  <attribute name="Output I" value="816"/>
  <attribute name="Output T" value="16"/>
  <attribute name= "Current Time Running" value="129739" />
  <attribute name="GC Util currently" value="45" />
  <attribute name="CPU Util currently" value="49139260443" />
<allocation-satisfied id="5481" threadId="0000000000996F00" bytesRequested="16" />
<af-end id="5482" timestamp="2019-08-08T07:22:42.130" threadId="0000000000997888" success="true" />
<exclusive-end id="5483" timestamp="2019-08-08T07:22:42.130" durationms="63.091" />

<concurrent-kickoff id="5484" timestamp="2019-08-08T07:22:42.234">
  <kickoff reason="threshold reached" targetBytes="9745358" thresholdFreeBytes="1322684" remainingFree="1309208" tenureFreeBytes="1309208" />
</concurrent-kickoff>
<exclusive-start id="5485" timestamp="2019-08-08T07:22:42.234" intervalms="167.302">
  <response-info timems="0.019" idlems="0.019" threads="0" lastid="0000000000996F00" lastname="main" />
</exclusive-start>
<cycle-start id="5486" type="global" contextid="0" timestamp="2019-08-08T07:22:42.234" intervalms="167.264" />
<exclusive-end id="5487" timestamp="2019-08-08T07:22:42.234" durationms="0.033" />

<exclusive-start id="5488" timestamp="2019-08-08T07:22:42.235" intervalms="0.612">
  <response-info timems="0.032" idlems="0.032" threads="0" lastid="0000000000996F00" lastname="main" />
</exclusive-start>
<af-start id="5489" threadId="0000000000997888" totalBytesRequested="16" timestamp="2019-08-08T07:22:42.235" intervalms="167.914" />
<concurrent-aborted id="5490" timestamp="2019-08-08T07:22:42.235">
  <reason value="insufficient progress made" />
</concurrent-aborted>
<cycle-end id="5491" type="global" contextid="5486" timestamp="2019-08-08T07:22:42.235" />
  <attribute name="elasticGC enabled" value="1" />
  <attribute name= "numThreadsSpecified" value="16" />
  <attribute name="heapSize specified" value="92602368" />
  <attribute name="Current GC Util" value="45" />
  <attribute name= "Current Time Running" value="129739" />
  <attribute name ="GC Interval" value="0" />
  <attribute name="Target GC Util Change" value ="80.000000" />
  <attribute name="Current GC Util Change" value="45.000000"/>
  <attribute name="Current Error" value="-230.000000" />
  <attribute name="Output H" value="92904024"/>
  <attribute name="Output I" value="816"/>
  <attribute name="Output T" value="16"/>
  <attribute name= "Current Time Running" value="129739" />
  <attribute name="GC Util currently" value="45" />
  <attribute name="CPU Util currently" value="49139260443" />
<cycle-start id="5492" type="global" contextid="0" timestamp="2019-08-08T07:22:42.235" intervalms="0.650" />
<gc-start id="5493" type="global" contextid="5492" timestamp="2019-08-08T07:22:42.235">
  <mem-info id="5494" free="928768" total="92930048" percent="0">
    <mem type="tenure" free="928768" total="92930048" percent="0">
      <mem type="soa" free="0" total="92001280" percent="0" />
      <mem type="loa" free="928768" total="928768" percent="100" />
    </mem>
  </mem-info>
</gc-start>
<allocation-stats totalBytes="74114496" >
  <allocated-bytes non-tlh="0" tlh="74114496" />
  <largest-consumer threadName="main" threadId="0000000000996F00" bytes="74114496" />
</allocation-stats>
<gc-op id="5495" type="mark" timems="8.964" contextid="5492" timestamp="2019-08-08T07:22:42.244">
  <trace-info objectcount="596336" scancount="517328" scanbytes="13275288" />
  <finalization candidates="80" enqueued="0" />
  <ownableSynchronizers candidates="21" cleared="0" />
  <references type="soft" candidates="1843" cleared="0" enqueued="0" dynamicThreshold="25" maxThreshold="32" />
  <references type="weak" candidates="5730" cleared="0" enqueued="0" />
  <references type="phantom" candidates="97" cleared="0" enqueued="0" />
  <stringconstants candidates="13272" cleared="0"  />
</gc-op>
<gc-op id="5496" type="sweep" timems="22.604" contextid="5492" timestamp="2019-08-08T07:22:42.266" />
<mem-info id="5497" free="75057176" total="92930048" percent="80">
  <mem type="tenure" free="75057176" total="92930048" percent="80" micro-fragmented="0">
    <mem type="soa" free="74128408" total="92001280" percent="80" />
    <mem type="loa" free="928768" total="928768" percent="100" />
  </mem>
</mem-info>
<gc-op id="5498" type="compact" timems="26.035" contextid="5492" timestamp="2019-08-08T07:22:42.293">
  <compact-info movecount="338" movebytes="9448" reason="compact to aid heap contraction" />
</gc-op>
<heap-resize id="5499" type="expand" space="tenure" amount="327680" count="1" timems="0.020" reason="satisfy allocation request" timestamp="2019-08-08T07:22:42.293" />
<gc-end id="5500" type="global" contextid="5492" durationms="58.648" usertimems="118.646" systemtimems="0.000" timestamp="2019-08-08T07:22:42.293" activeThreads="16">
  <mem-info id="5501" free="75320312" total="93257728" percent="80">
    <mem type="tenure" free="75320312" total="93257728" percent="80">
      <mem type="soa" free="74388472" total="92325888" percent="80" />
      <mem type="loa" free="931840" total="931840" percent="100" />
    </mem>
  </mem-info>
</gc-end>
<cycle-end id="5502" type="global" contextid="5492" timestamp="2019-08-08T07:22:42.293" />
  <attribute name="elasticGC enabled" value="1" />
  <attribute name= "numThreadsSpecified" value="16" />
  <attribute name="heapSize specified" value="92930048" />
  <attribute name="Current GC Util" value="64" />
  <attribute name= "Current Time Running" value="129903" />
  <attribute name ="GC Interval" value="0" />
  <attribute name="Target GC Util Change" value ="80.000000" />
  <attribute name="Current GC Util Change" value="64.000000"/>
  <attribute name="Current Error" value="117.000000" />
  <attribute name="Output H" value="93233304"/>
  <attribute name="Output I" value="2616"/>
  <attribute name="Output T" value="16"/>
  <attribute name= "Current Time Running" value="129903" />
  <attribute name="GC Util currently" value="64" />
  <attribute name="CPU Util currently" value="44233874474" />
<allocation-satisfied id="5503" threadId="0000000000996F00" bytesRequested="16" />
<af-end id="5504" timestamp="2019-08-08T07:22:42.294" threadId="0000000000997888" success="true" />
<exclusive-end id="5505" timestamp="2019-08-08T07:22:42.294" durationms="58.849" />

<concurrent-kickoff id="5506" timestamp="2019-08-08T07:22:42.352">
  <kickoff reason="threshold reached" targetBytes="9779723" thresholdFreeBytes="1327348" remainingFree="1242384" tenureFreeBytes="1242384" />
</concurrent-kickoff>
<exclusive-start id="5507" timestamp="2019-08-08T07:22:42.352" intervalms="117.329">
  <response-info timems="0.017" idlems="0.017" threads="0" lastid="0000000000996F00" lastname="main" />
</exclusive-start>
<cycle-start id="5508" type="global" contextid="0" timestamp="2019-08-08T07:22:42.352" intervalms="117.280" />
<exclusive-end id="5509" timestamp="2019-08-08T07:22:42.352" durationms="0.022" />

<exclusive-start id="5510" timestamp="2019-08-08T07:22:42.353" intervalms="1.048">
  <response-info timems="0.037" idlems="0.037" threads="0" lastid="0000000000996F00" lastname="main" />
</exclusive-start>
<af-start id="5511" threadId="0000000000997888" totalBytesRequested="32" timestamp="2019-08-08T07:22:42.353" intervalms="118.389" />
<concurrent-aborted id="5512" timestamp="2019-08-08T07:22:42.353">
  <reason value="insufficient progress made" />
</concurrent-aborted>
<cycle-end id="5513" type="global" contextid="5508" timestamp="2019-08-08T07:22:42.353" />
  <attribute name="elasticGC enabled" value="1" />
  <attribute name= "numThreadsSpecified" value="16" />
  <attribute name="heapSize specified" value="92930048" />
  <attribute name="Current GC Util" value="64" />
  <attribute name= "Current Time Running" value="129903" />
  <attribute name ="GC Interval" value="0" />
  <attribute name="Target GC Util Change" value ="80.000000" />
  <attribute name="Current GC Util Change" value="64.000000"/>
  <attribute name="Current Error" value="117.000000" />
  <attribute name="Output H" value="93233304"/>
  <attribute name="Output I" value="2616"/>
  <attribute name="Output T" value="16"/>
  <attribute name= "Current Time Running" value="129903" />
  <attribute name="GC Util currently" value="64" />
  <attribute name="CPU Util currently" value="44233874474" />
<cycle-start id="5514" type="global" contextid="0" timestamp="2019-08-08T07:22:42.353" intervalms="1.126" />
<gc-start id="5515" type="global" contextid="5514" timestamp="2019-08-08T07:22:42.353">
  <mem-info id="5516" free="931840" total="93257728" percent="0">
    <mem type="tenure" free="931840" total="93257728" percent="0">
      <mem type="soa" free="0" total="92325888" percent="0" />
      <mem type="loa" free="931840" total="931840" percent="100" />
    </mem>
  </mem-info>
</gc-start>
<allocation-stats totalBytes="74421584" >
  <allocated-bytes non-tlh="0" tlh="74421584" />
  <largest-consumer threadName="main" threadId="0000000000996F00" bytes="74421584" />
</allocation-stats>
<gc-op id="5517" type="mark" timems="10.790" contextid="5514" timestamp="2019-08-08T07:22:42.364">
  <trace-info objectcount="596324" scancount="517317" scanbytes="13275116" />
  <finalization candidates="80" enqueued="0" />
  <ownableSynchronizers candidates="21" cleared="0" />
  <references type="soft" candidates="1843" cleared="0" enqueued="0" dynamicThreshold="25" maxThreshold="32" />
  <references type="weak" candidates="5730" cleared="0" enqueued="0" />
  <references type="phantom" candidates="97" cleared="0" enqueued="0" />
  <stringconstants candidates="13272" cleared="0"  />
</gc-op>
<gc-op id="5518" type="sweep" timems="14.291" contextid="5514" timestamp="2019-08-08T07:22:42.378" />
<mem-info id="5519" free="75386088" total="93257728" percent="80">
  <mem type="tenure" free="75386088" total="93257728" percent="80" micro-fragmented="0">
    <mem type="soa" free="74454248" total="92325888" percent="80" />
    <mem type="loa" free="931840" total="931840" percent="100" />
  </mem>
</mem-info>
<gc-op id="5520" type="compact" timems="23.923" contextid="5514" timestamp="2019-08-08T07:22:42.402">
  <compact-info movecount="80" movebytes="2072" reason="compact to aid heap contraction" />
</gc-op>
<heap-resize id="5521" type="expand" space="tenure" amount="327680" count="1" timems="0.026" reason="satisfy allocation request" timestamp="2019-08-08T07:22:42.403" />
<gc-end id="5522" type="global" contextid="5514" durationms="49.876" usertimems="105.581" systemtimems="0.000" timestamp="2019-08-08T07:22:42.403" activeThreads="16">
  <mem-info id="5523" free="75649056" total="93585408" percent="80">
    <mem type="tenure" free="75649056" total="93585408" percent="80">
      <mem type="soa" free="74714144" total="92650496" percent="80" />
      <mem type="loa" free="934912" total="934912" percent="100" />
    </mem>
  </mem-info>
</gc-end>
<cycle-end id="5524" type="global" contextid="5514" timestamp="2019-08-08T07:22:42.403" />
  <attribute name="elasticGC enabled" value="1" />
  <attribute name= "numThreadsSpecified" value="16" />
  <attribute name="heapSize specified" value="93257728" />
  <attribute name="Current GC Util" value="48" />
  <attribute name= "Current Time Running" value="130013" />
  <attribute name ="GC Interval" value="0" />
  <attribute name="Target GC Util Change" value ="80.000000" />
  <attribute name="Current GC Util Change" value="48.000000"/>
  <attribute name="Current Error" value="108.000000" />
  <attribute name="Output H" value="93560944"/>
  <attribute name="Output I" value="2576"/>
  <attribute name="Output T" value="16"/>
  <attribute name= "Current Time Running" value="130013" />
  <attribute name="GC Util currently" value="48" />
  <attribute name="CPU Util currently" value="48143575122" />
<allocation-satisfied id="5525" threadId="0000000000996F00" bytesRequested="32" />
<af-end id="5526" timestamp="2019-08-08T07:22:42.403" threadId="0000000000997888" success="true" />
<exclusive-end id="5527" timestamp="2019-08-08T07:22:42.403" durationms="50.163" />

<concurrent-kickoff id="5528" timestamp="2019-08-08T07:22:42.453">
  <kickoff reason="threshold reached" targetBytes="9814085" thresholdFreeBytes="1332012" remainingFree="1308984" tenureFreeBytes="1308984" />
</concurrent-kickoff>
<exclusive-start id="5529" timestamp="2019-08-08T07:22:42.453" intervalms="100.150">
  <response-info timems="0.027" idlems="0.027" threads="0" lastid="0000000000996F00" lastname="main" />
</exclusive-start>
<cycle-start id="5530" type="global" contextid="0" timestamp="2019-08-08T07:22:42.453" intervalms="100.101" />
<exclusive-end id="5531" timestamp="2019-08-08T07:22:42.453" durationms="0.053" />

<exclusive-start id="5532" timestamp="2019-08-08T07:22:42.454" intervalms="0.434">
  <response-info timems="0.036" idlems="0.036" threads="0" lastid="0000000000996F00" lastname="main" />
</exclusive-start>
<af-start id="5533" threadId="0000000000997888" totalBytesRequested="584" timestamp="2019-08-08T07:22:42.454" intervalms="100.575" />
<concurrent-aborted id="5534" timestamp="2019-08-08T07:22:42.454">
  <reason value="insufficient progress made" />
</concurrent-aborted>
<cycle-end id="5535" type="global" contextid="5530" timestamp="2019-08-08T07:22:42.454" />
  <attribute name="elasticGC enabled" value="1" />
  <attribute name= "numThreadsSpecified" value="16" />
  <attribute name="heapSize specified" value="93257728" />
  <attribute name="Current GC Util" value="48" />
  <attribute name= "Current Time Running" value="130013" />
  <attribute name ="GC Interval" value="0" />
  <attribute name="Target GC Util Change" value ="80.000000" />
  <attribute name="Current GC Util Change" value="48.000000"/>
  <attribute name="Current Error" value="108.000000" />
  <attribute name="Output H" value="93560944"/>
  <attribute name="Output I" value="2576"/>
  <attribute name="Output T" value="16"/>
  <attribute name= "Current Time Running" value="130013" />
  <attribute name="GC Util currently" value="48" />
  <attribute name="CPU Util currently" value="48143575122" />
<cycle-start id="5536" type="global" contextid="0" timestamp="2019-08-08T07:22:42.454" intervalms="0.475" />
<gc-start id="5537" type="global" contextid="5536" timestamp="2019-08-08T07:22:42.454">
  <mem-info id="5538" free="934912" total="93585408" percent="0">
    <mem type="tenure" free="934912" total="93585408" percent="0">
      <mem type="soa" free="0" total="92650496" percent="0" />
      <mem type="loa" free="934912" total="934912" percent="100" />
    </mem>
  </mem-info>
</gc-start>
<allocation-stats totalBytes="74688872" >
  <allocated-bytes non-tlh="0" tlh="74688872" />
  <largest-consumer threadName="main" threadId="0000000000996F00" bytes="74688872" />
</allocation-stats>
<gc-op id="5539" type="mark" timems="11.206" contextid="5536" timestamp="2019-08-08T07:22:42.465">
  <trace-info objectcount="596324" scancount="517318" scanbytes="13275108" />
  <finalization candidates="80" enqueued="0" />
  <ownableSynchronizers candidates="21" cleared="0" />
  <references type="soft" candidates="1843" cleared="0" enqueued="0" dynamicThreshold="25" maxThreshold="32" />
  <references type="weak" candidates="5730" cleared="0" enqueued="0" />
  <references type="phantom" candidates="97" cleared="0" enqueued="0" />
  <stringconstants candidates="13272" cleared="0"  />
</gc-op>
<gc-op id="5540" type="sweep" timems="17.907" contextid="5536" timestamp="2019-08-08T07:22:42.483" />
<mem-info id="5541" free="75712912" total="93585408" percent="80">
  <mem type="tenure" free="75712912" total="93585408" percent="80" micro-fragmented="0">
    <mem type="soa" free="74778000" total="92650496" percent="80" />
    <mem type="loa" free="934912" total="934912" percent="100" />
  </mem>
</mem-info>
<gc-op id="5542" type="compact" timems="26.174" contextid="5536" timestamp="2019-08-08T07:22:42.509">
  <compact-info movecount="304" movebytes="8400" reason="compact to aid heap contraction" />
</gc-op>
<heap-resize id="5543" type="expand" space="tenure" amount="327680" count="1" timems="0.020" reason="satisfy allocation request" timestamp="2019-08-08T07:22:42.510" />
<gc-end id="5544" type="global" contextid="5536" durationms="56.315" usertimems="118.604" systemtimems="0.000" timestamp="2019-08-08T07:22:42.510" activeThreads="16">
  <mem-info id="5545" free="75976184" total="93913088" percent="80">
    <mem type="tenure" free="75976184" total="93913088" percent="80">
      <mem type="soa" free="75037176" total="92974080" percent="80" />
      <mem type="loa" free="939008" total="939008" percent="100" />
    </mem>
  </mem-info>
</gc-end>
<cycle-end id="5546" type="global" contextid="5536" timestamp="2019-08-08T07:22:42.510" />
  <attribute name="elasticGC enabled" value="1" />
  <attribute name= "numThreadsSpecified" value="16" />
  <attribute name="heapSize specified" value="93585408" />
  <attribute name="Current GC Util" value="55" />
  <attribute name= "Current Time Running" value="130120" />
  <attribute name ="GC Interval" value="0" />
  <attribute name="Target GC Util Change" value ="80.000000" />
  <attribute name="Current GC Util Change" value="55.000000"/>
  <attribute name="Current Error" value="25.000000" />
  <attribute name="Output H" value="93888240"/>
  <attribute name="Output I" value="2144"/>
  <attribute name="Output T" value="16"/>
  <attribute name= "Current Time Running" value="130120" />
  <attribute name="GC Util currently" value="55" />
  <attribute name="CPU Util currently" value="44004367825" />
<allocation-satisfied id="5547" threadId="0000000000996F00" bytesRequested="584" />
<af-end id="5548" timestamp="2019-08-08T07:22:42.510" threadId="0000000000997888" success="true" />
<exclusive-end id="5549" timestamp="2019-08-08T07:22:42.510" durationms="56.548" />

<concurrent-kickoff id="5550" timestamp="2019-08-08T07:22:42.520">
  <kickoff reason="threshold reached" targetBytes="9848448" thresholdFreeBytes="1336676" remainingFree="1243992" tenureFreeBytes="1243992" />
</concurrent-kickoff>
<exclusive-start id="5551" timestamp="2019-08-08T07:22:42.520" intervalms="66.705">
  <response-info timems="0.025" idlems="0.025" threads="0" lastid="0000000000996F00" lastname="main" />
</exclusive-start>
<cycle-start id="5552" type="global" contextid="0" timestamp="2019-08-08T07:22:42.520" intervalms="66.631" />
<exclusive-end id="5553" timestamp="2019-08-08T07:22:42.520" durationms="0.018" />

<exclusive-start id="5554" timestamp="2019-08-08T07:22:42.521" intervalms="0.311">
  <response-info timems="0.008" idlems="0.008" threads="0" lastid="0000000000996F00" lastname="main" />
</exclusive-start>
<af-start id="5555" threadId="0000000000997888" totalBytesRequested="64" timestamp="2019-08-08T07:22:42.521" intervalms="67.014" />
<concurrent-aborted id="5556" timestamp="2019-08-08T07:22:42.521">
  <reason value="insufficient progress made" />
</concurrent-aborted>
<cycle-end id="5557" type="global" contextid="5552" timestamp="2019-08-08T07:22:42.521" />
  <attribute name="elasticGC enabled" value="1" />
  <attribute name= "numThreadsSpecified" value="16" />
  <attribute name="heapSize specified" value="93585408" />
  <attribute name="Current GC Util" value="55" />
  <attribute name= "Current Time Running" value="130120" />
  <attribute name ="GC Interval" value="0" />
  <attribute name="Target GC Util Change" value ="80.000000" />
  <attribute name="Current GC Util Change" value="55.000000"/>
  <attribute name="Current Error" value="25.000000" />
  <attribute name="Output H" value="93888240"/>
  <attribute name="Output I" value="2144"/>
  <attribute name="Output T" value="16"/>
  <attribute name= "Current Time Running" value="130120" />
  <attribute name="GC Util currently" value="55" />
  <attribute name="CPU Util currently" value="44004367825" />
<cycle-start id="5558" type="global" contextid="0" timestamp="2019-08-08T07:22:42.521" intervalms="0.363" />
<gc-start id="5559" type="global" contextid="5558" timestamp="2019-08-08T07:22:42.521">
  <mem-info id="5560" free="939008" total="93913088" percent="0">
    <mem type="tenure" free="939008" total="93913088" percent="0">
      <mem type="soa" free="0" total="92974080" percent="0" />
      <mem type="loa" free="939008" total="939008" percent="100" />
    </mem>
  </mem-info>
</gc-start>
<allocation-stats totalBytes="74969840" >
  <allocated-bytes non-tlh="0" tlh="74969840" />
  <largest-consumer threadName="main" threadId="0000000000996F00" bytes="74969840" />
</allocation-stats>
<gc-op id="5561" type="mark" timems="10.322" contextid="5558" timestamp="2019-08-08T07:22:42.531">
  <trace-info objectcount="596324" scancount="517320" scanbytes="13275108" />
  <finalization candidates="80" enqueued="0" />
  <ownableSynchronizers candidates="21" cleared="0" />
  <references type="soft" candidates="1843" cleared="0" enqueued="0" dynamicThreshold="25" maxThreshold="32" />
  <references type="weak" candidates="5730" cleared="0" enqueued="0" />
  <references type="phantom" candidates="97" cleared="0" enqueued="0" />
  <stringconstants candidates="13272" cleared="0"  />
</gc-op>
<gc-op id="5562" type="sweep" timems="17.161" contextid="5558" timestamp="2019-08-08T07:22:42.548" />
<mem-info id="5563" free="76041696" total="93913088" percent="80">
  <mem type="tenure" free="76041696" total="93913088" percent="80" micro-fragmented="0">
    <mem type="soa" free="75102688" total="92974080" percent="80" />
    <mem type="loa" free="939008" total="939008" percent="100" />
  </mem>
</mem-info>
<gc-op id="5564" type="compact" timems="25.737" contextid="5558" timestamp="2019-08-08T07:22:42.574">
  <compact-info movecount="3" movebytes="72" reason="compact to aid heap contraction" />
</gc-op>
<heap-resize id="5565" type="expand" space="tenure" amount="327680" count="1" timems="0.020" reason="satisfy allocation request" timestamp="2019-08-08T07:22:42.575" />
<gc-end id="5566" type="global" contextid="5558" durationms="54.636" usertimems="114.997" systemtimems="0.000" timestamp="2019-08-08T07:22:42.575" activeThreads="16">
  <mem-info id="5567" free="76303864" total="94240768" percent="80">
    <mem type="tenure" free="76303864" total="94240768" percent="80">
      <mem type="soa" free="75361784" total="93298688" percent="80" />
      <mem type="loa" free="942080" total="942080" percent="100" />
    </mem>
  </mem-info>
</gc-end>
<cycle-end id="5568" type="global" contextid="5558" timestamp="2019-08-08T07:22:42.575" />
  <attribute name="elasticGC enabled" value="1" />
  <attribute name= "numThreadsSpecified" value="16" />
  <attribute name="heapSize specified" value="93913088" />
  <attribute name="Current GC Util" value="54" />
  <attribute name= "Current Time Running" value="130185" />
  <attribute name ="GC Interval" value="0" />
  <attribute name="Target GC Util Change" value ="80.000000" />
  <attribute name="Current GC Util Change" value="54.000000"/>
  <attribute name="Current Error" value="-557.000000" />
  <attribute name="Output H" value="94213232"/>
  <attribute name="Output I" value="200"/>
  <attribute name="Output T" value="16"/>
  <attribute name= "Current Time Running" value="130185" />
  <attribute name="GC Util currently" value="54" />
  <attribute name="CPU Util currently" value="44746803335" />
<allocation-satisfied id="5569" threadId="0000000000996F00" bytesRequested="64" />
<af-end id="5570" timestamp="2019-08-08T07:22:42.575" threadId="0000000000997888" success="true" />
<exclusive-end id="5571" timestamp="2019-08-08T07:22:42.575" durationms="54.809" />

<concurrent-kickoff id="5572" timestamp="2019-08-08T07:22:42.593">
  <kickoff reason="threshold reached" targetBytes="9882811" thresholdFreeBytes="1341340" remainingFree="1309528" tenureFreeBytes="1309528" />
</concurrent-kickoff>
<exclusive-start id="5573" timestamp="2019-08-08T07:22:42.593" intervalms="72.447">
  <response-info timems="0.018" idlems="0.018" threads="0" lastid="0000000000996F00" lastname="main" />
</exclusive-start>
<cycle-start id="5574" type="global" contextid="0" timestamp="2019-08-08T07:22:42.593" intervalms="72.413" />
<exclusive-end id="5575" timestamp="2019-08-08T07:22:42.593" durationms="0.038" />

<exclusive-start id="5576" timestamp="2019-08-08T07:22:42.596" intervalms="3.179">
  <response-info timems="0.018" idlems="0.018" threads="0" lastid="0000000000996F00" lastname="main" />
</exclusive-start>
<af-start id="5577" threadId="0000000000997888" totalBytesRequested="16" timestamp="2019-08-08T07:22:42.596" intervalms="75.628" />
<gc-start id="5578" type="global" contextid="5574" timestamp="2019-08-08T07:22:42.596">
  <mem-info id="5579" free="942080" total="94240768" percent="0">
    <mem type="tenure" free="942080" total="94240768" percent="0">
      <mem type="soa" free="0" total="93298688" percent="0" />
      <mem type="loa" free="942080" total="942080" percent="100" />
    </mem>
  </mem-info>
</gc-start>
<allocation-stats totalBytes="75298104" >
  <allocated-bytes non-tlh="0" tlh="75298104" />
  <largest-consumer threadName="main" threadId="0000000000996F00" bytes="75298104" />
</allocation-stats>
<concurrent-halted id="5580" timestamp="2019-08-08T07:22:42.596">
  <halted state="Class scanning incomplete" status="trace only" />
  <traced bytesTarget="9882811" bytesTotal="1382320" bytesByMutator="190440" bytesByHelper="1191880" percent="13" />
  <cards cleaned="0" thresholdBytes="528406" />
</concurrent-halted>
<gc-op id="5581" type="card-cleaning" timems="1.343" contextid="5574" timestamp="2019-08-08T07:22:42.598">
  <card-cleaning cardsCleaned="7" bytesTraced="4208" workStackOverflowCount="0" />
</gc-op>
<gc-op id="5582" type="mark" timems="12.877" contextid="5574" timestamp="2019-08-08T07:22:42.611">
  <trace-info objectcount="537043" scancount="475505" scanbytes="11919876" />
  <finalization candidates="80" enqueued="0" />
  <ownableSynchronizers candidates="21" cleared="0" />
  <references type="soft" candidates="1843" cleared="0" enqueued="0" dynamicThreshold="25" maxThreshold="32" />
  <references type="weak" candidates="5730" cleared="0" enqueued="0" />
  <references type="phantom" candidates="97" cleared="0" enqueued="0" />
  <stringconstants candidates="13272" cleared="0"  />
</gc-op>
<gc-op id="5583" type="sweep" timems="15.035" contextid="5574" timestamp="2019-08-08T07:22:42.626" />
<mem-info id="5584" free="76367128" total="94240768" percent="81">
  <mem type="tenure" free="76367128" total="94240768" percent="81" micro-fragmented="0">
    <mem type="soa" free="75425048" total="93298688" percent="80" />
    <mem type="loa" free="942080" total="942080" percent="100" />
  </mem>
</mem-info>
<gc-op id="5585" type="compact" timems="24.779" contextid="5574" timestamp="2019-08-08T07:22:42.651">
  <compact-info movecount="322" movebytes="9176" reason="compact to aid heap contraction" />
</gc-op>
<heap-resize id="5586" type="expand" space="tenure" amount="327680" count="1" timems="0.025" reason="satisfy allocation request" timestamp="2019-08-08T07:22:42.651" />
<gc-end id="5587" type="global" contextid="5574" durationms="55.027" usertimems="135.554" systemtimems="0.000" timestamp="2019-08-08T07:22:42.651" activeThreads="16">
  <mem-info id="5588" free="76630744" total="94568448" percent="81">
    <mem type="tenure" free="76630744" total="94568448" percent="81">
      <mem type="soa" free="75685592" total="93623296" percent="80" />
      <mem type="loa" free="945152" total="945152" percent="100" />
    </mem>
  </mem-info>
</gc-end>
<cycle-end id="5589" type="global" contextid="5574" timestamp="2019-08-08T07:22:42.651" />
  <attribute name="elasticGC enabled" value="1" />
  <attribute name= "numThreadsSpecified" value="16" />
  <attribute name="heapSize specified" value="94240768" />
  <attribute name="Current GC Util" value="53" />
  <attribute name= "Current Time Running" value="130261" />
  <attribute name ="GC Interval" value="0" />
  <attribute name="Target GC Util Change" value ="80.000000" />
  <attribute name="Current GC Util Change" value="53.000000"/>
  <attribute name="Current Error" value="-549.000000" />
  <attribute name="Output H" value="94540952"/>
  <attribute name="Output I" value="200"/>
  <attribute name="Output T" value="16"/>
  <attribute name= "Current Time Running" value="130261" />
  <attribute name="GC Util currently" value="53" />
  <attribute name="CPU Util currently" value="46481557363" />
<allocation-satisfied id="5590" threadId="0000000000996F00" bytesRequested="16" />
<af-end id="5591" timestamp="2019-08-08T07:22:42.651" threadId="0000000000997888" success="true" />
<exclusive-end id="5592" timestamp="2019-08-08T07:22:42.651" durationms="55.168" />

<concurrent-kickoff id="5593" timestamp="2019-08-08T07:22:42.733">
  <kickoff reason="threshold reached" targetBytes="7869251" thresholdFreeBytes="1072423" remainingFree="979760" tenureFreeBytes="979760" />
</concurrent-kickoff>
<exclusive-start id="5594" timestamp="2019-08-08T07:22:42.733" intervalms="137.001">
  <response-info timems="0.016" idlems="0.016" threads="0" lastid="0000000000996F00" lastname="main" />
</exclusive-start>
<cycle-start id="5595" type="global" contextid="0" timestamp="2019-08-08T07:22:42.733" intervalms="140.157" />
<exclusive-end id="5596" timestamp="2019-08-08T07:22:42.733" durationms="0.013" />

<exclusive-start id="5597" timestamp="2019-08-08T07:22:42.734" intervalms="0.229">
  <response-info timems="0.010" idlems="0.010" threads="0" lastid="0000000000996F00" lastname="main" />
</exclusive-start>
<af-start id="5598" threadId="0000000000997888" totalBytesRequested="16" timestamp="2019-08-08T07:22:42.734" intervalms="137.233" />
<concurrent-aborted id="5599" timestamp="2019-08-08T07:22:42.734">
  <reason value="insufficient progress made" />
</concurrent-aborted>
<cycle-end id="5600" type="global" contextid="5595" timestamp="2019-08-08T07:22:42.734" />
  <attribute name="elasticGC enabled" value="1" />
  <attribute name= "numThreadsSpecified" value="16" />
  <attribute name="heapSize specified" value="94240768" />
  <attribute name="Current GC Util" value="53" />
  <attribute name= "Current Time Running" value="130261" />
  <attribute name ="GC Interval" value="0" />
  <attribute name="Target GC Util Change" value ="80.000000" />
  <attribute name="Current GC Util Change" value="53.000000"/>
  <attribute name="Current Error" value="-549.000000" />
  <attribute name="Output H" value="94540952"/>
  <attribute name="Output I" value="200"/>
  <attribute name="Output T" value="16"/>
  <attribute name= "Current Time Running" value="130261" />
  <attribute name="GC Util currently" value="53" />
  <attribute name="CPU Util currently" value="46481557363" />
<cycle-start id="5601" type="global" contextid="0" timestamp="2019-08-08T07:22:42.734" intervalms="0.293" />
<gc-start id="5602" type="global" contextid="5601" timestamp="2019-08-08T07:22:42.734">
  <mem-info id="5603" free="945152" total="94568448" percent="0">
    <mem type="tenure" free="945152" total="94568448" percent="0">
      <mem type="soa" free="0" total="93623296" percent="0" />
      <mem type="loa" free="945152" total="945152" percent="100" />
    </mem>
  </mem-info>
</gc-start>
<allocation-stats totalBytes="75687224" >
  <allocated-bytes non-tlh="0" tlh="75687224" />
  <largest-consumer threadName="main" threadId="0000000000996F00" bytes="75687224" />
</allocation-stats>
<gc-op id="5604" type="mark" timems="10.692" contextid="5601" timestamp="2019-08-08T07:22:42.744">
  <trace-info objectcount="596334" scancount="517329" scanbytes="13275944" />
  <finalization candidates="80" enqueued="0" />
  <ownableSynchronizers candidates="21" cleared="0" />
  <references type="soft" candidates="1843" cleared="0" enqueued="0" dynamicThreshold="25" maxThreshold="32" />
  <references type="weak" candidates="5730" cleared="0" enqueued="0" />
  <references type="phantom" candidates="97" cleared="0" enqueued="0" />
  <stringconstants candidates="13272" cleared="0"  />
</gc-op>
<gc-op id="5605" type="sweep" timems="20.394" contextid="5601" timestamp="2019-08-08T07:22:42.765" />
<mem-info id="5606" free="76696072" total="94568448" percent="81">
  <mem type="tenure" free="76696072" total="94568448" percent="81" micro-fragmented="0">
    <mem type="soa" free="75750920" total="93623296" percent="80" />
    <mem type="loa" free="945152" total="945152" percent="100" />
  </mem>
</mem-info>
<gc-op id="5607" type="compact" timems="25.335" contextid="5601" timestamp="2019-08-08T07:22:42.790">
  <compact-info movecount="299" movebytes="8296" reason="compact to aid heap contraction" />
</gc-op>
<heap-resize id="5608" type="expand" space="tenure" amount="327680" count="1" timems="0.021" reason="satisfy allocation request" timestamp="2019-08-08T07:22:42.791" />
<gc-end id="5609" type="global" contextid="5601" durationms="57.415" usertimems="119.123" systemtimems="0.000" timestamp="2019-08-08T07:22:42.791" activeThreads="16">
  <mem-info id="5610" free="76958968" total="94896128" percent="81">
    <mem type="tenure" free="76958968" total="94896128" percent="81">
      <mem type="soa" free="76010744" total="93947904" percent="80" />
      <mem type="loa" free="948224" total="948224" percent="100" />
    </mem>
  </mem-info>
</gc-end>
<cycle-end id="5611" type="global" contextid="5601" timestamp="2019-08-08T07:22:42.791" />
  <attribute name="elasticGC enabled" value="1" />
  <attribute name= "numThreadsSpecified" value="16" />
  <attribute name="heapSize specified" value="94568448" />
  <attribute name="Current GC Util" value="52" />
  <attribute name= "Current Time Running" value="130401" />
  <attribute name ="GC Interval" value="0" />
  <attribute name="Target GC Util Change" value ="80.000000" />
  <attribute name="Current GC Util Change" value="52.000000"/>
  <attribute name="Current Error" value="-246.000000" />
  <attribute name="Output H" value="94870024"/>
  <attribute name="Output I" value="736"/>
  <attribute name="Output T" value="16"/>
  <attribute name= "Current Time Running" value="130401" />
  <attribute name="GC Util currently" value="52" />
  <attribute name="CPU Util currently" value="45477417600" />
<allocation-satisfied id="5612" threadId="0000000000996F00" bytesRequested="16" />
<af-end id="5613" timestamp="2019-08-08T07:22:42.791" threadId="0000000000997888" success="true" />
<exclusive-end id="5614" timestamp="2019-08-08T07:22:42.791" durationms="57.588" />

<concurrent-kickoff id="5615" timestamp="2019-08-08T07:22:42.839">
  <kickoff reason="threshold reached" targetBytes="7896518" thresholdFreeBytes="1076137" remainingFree="1045728" tenureFreeBytes="1045728" />
</concurrent-kickoff>
<exclusive-start id="5616" timestamp="2019-08-08T07:22:42.840" intervalms="106.051">
  <response-info timems="0.021" idlems="0.021" threads="0" lastid="0000000000996F00" lastname="main" />
</exclusive-start>
<cycle-start id="5617" type="global" contextid="0" timestamp="2019-08-08T07:22:42.840" intervalms="105.996" />
<exclusive-end id="5618" timestamp="2019-08-08T07:22:42.840" durationms="0.022" />

<exclusive-start id="5619" timestamp="2019-08-08T07:22:42.840" intervalms="0.594">
  <response-info timems="0.008" idlems="0.008" threads="0" lastid="0000000000996F00" lastname="main" />
</exclusive-start>
<af-start id="5620" threadId="0000000000997888" totalBytesRequested="1008" timestamp="2019-08-08T07:22:42.840" intervalms="106.643" />
<concurrent-aborted id="5621" timestamp="2019-08-08T07:22:42.840">
  <reason value="insufficient progress made" />
</concurrent-aborted>
<cycle-end id="5622" type="global" contextid="5617" timestamp="2019-08-08T07:22:42.840" />
  <attribute name="elasticGC enabled" value="1" />
  <attribute name= "numThreadsSpecified" value="16" />
  <attribute name="heapSize specified" value="94568448" />
  <attribute name="Current GC Util" value="52" />
  <attribute name= "Current Time Running" value="130401" />
  <attribute name ="GC Interval" value="0" />
  <attribute name="Target GC Util Change" value ="80.000000" />
  <attribute name="Current GC Util Change" value="52.000000"/>
  <attribute name="Current Error" value="-246.000000" />
  <attribute name="Output H" value="94870024"/>
  <attribute name="Output I" value="736"/>
  <attribute name="Output T" value="16"/>
  <attribute name= "Current Time Running" value="130401" />
  <attribute name="GC Util currently" value="52" />
  <attribute name="CPU Util currently" value="45477417600" />
<cycle-start id="5623" type="global" contextid="0" timestamp="2019-08-08T07:22:42.840" intervalms="0.647" />
<gc-start id="5624" type="global" contextid="5623" timestamp="2019-08-08T07:22:42.840">
  <mem-info id="5625" free="948224" total="94896128" percent="0">
    <mem type="tenure" free="948224" total="94896128" percent="0">
      <mem type="soa" free="0" total="93947904" percent="0" />
      <mem type="loa" free="948224" total="948224" percent="100" />
    </mem>
  </mem-info>
</gc-start>
<allocation-stats totalBytes="76001168" >
  <allocated-bytes non-tlh="0" tlh="76001168" />
  <largest-consumer threadName="main" threadId="0000000000996F00" bytes="76001168" />
</allocation-stats>
<gc-op id="5626" type="mark" timems="9.342" contextid="5623" timestamp="2019-08-08T07:22:42.850">
  <trace-info objectcount="596375" scancount="517358" scanbytes="13276464" />
  <finalization candidates="80" enqueued="0" />
  <ownableSynchronizers candidates="21" cleared="0" />
  <references type="soft" candidates="1849" cleared="0" enqueued="0" dynamicThreshold="25" maxThreshold="32" />
  <references type="weak" candidates="5730" cleared="0" enqueued="0" />
  <references type="phantom" candidates="97" cleared="0" enqueued="0" />
  <stringconstants candidates="13272" cleared="0"  />
</gc-op>
<gc-op id="5627" type="sweep" timems="15.361" contextid="5623" timestamp="2019-08-08T07:22:42.865" />
<mem-info id="5628" free="76998640" total="94896128" percent="81">
  <mem type="tenure" free="76998640" total="94896128" percent="81" micro-fragmented="0">
    <mem type="soa" free="76050416" total="93947904" percent="80" />
    <mem type="loa" free="948224" total="948224" percent="100" />
  </mem>
</mem-info>
<gc-op id="5629" type="compact" timems="26.932" contextid="5623" timestamp="2019-08-08T07:22:42.892">
  <compact-info movecount="333" movebytes="30008" reason="compact to aid heap contraction" />
</gc-op>
<heap-resize id="5630" type="expand" space="tenure" amount="327680" count="1" timems="0.021" reason="satisfy allocation request" timestamp="2019-08-08T07:22:42.893" />
<gc-end id="5631" type="global" contextid="5623" durationms="52.428" usertimems="113.518" systemtimems="0.000" timestamp="2019-08-08T07:22:42.893" activeThreads="16">
  <mem-info id="5632" free="77264768" total="95223808" percent="81">
    <mem type="tenure" free="77264768" total="95223808" percent="81">
      <mem type="soa" free="76313472" total="94272512" percent="80" />
      <mem type="loa" free="951296" total="951296" percent="100" />
    </mem>
  </mem-info>
</gc-end>
<cycle-end id="5633" type="global" contextid="5623" timestamp="2019-08-08T07:22:42.893" />
  <attribute name="elasticGC enabled" value="1" />
  <attribute name= "numThreadsSpecified" value="16" />
  <attribute name="heapSize specified" value="94896128" />
  <attribute name="Current GC Util" value="63" />
  <attribute name= "Current Time Running" value="130502" />
  <attribute name ="GC Interval" value="0" />
  <attribute name="Target GC Util Change" value ="80.000000" />
  <attribute name="Current GC Util Change" value="63.000000"/>
  <attribute name="Current Error" value="-368.000000" />
  <attribute name="Output H" value="95197144"/>
  <attribute name="Output I" value="200"/>
  <attribute name="Output T" value="16"/>
  <attribute name= "Current Time Running" value="130502" />
  <attribute name="GC Util currently" value="63" />
  <attribute name="CPU Util currently" value="42763713313" />
<allocation-satisfied id="5634" threadId="0000000000996F00" bytesRequested="1008" />
<af-end id="5635" timestamp="2019-08-08T07:22:42.893" threadId="0000000000997888" success="true" />
<exclusive-end id="5636" timestamp="2019-08-08T07:22:42.893" durationms="52.670" />

<concurrent-kickoff id="5637" timestamp="2019-08-08T07:22:43.034">
  <kickoff reason="threshold reached" targetBytes="7923786" thresholdFreeBytes="1079853" remainingFree="957560" tenureFreeBytes="957560" />
</concurrent-kickoff>
<exclusive-start id="5638" timestamp="2019-08-08T07:22:43.034" intervalms="193.744">
  <response-info timems="0.016" idlems="0.016" threads="0" lastid="0000000000996F00" lastname="main" />
</exclusive-start>
<cycle-start id="5639" type="global" contextid="0" timestamp="2019-08-08T07:22:43.034" intervalms="193.708" />
<exclusive-end id="5640" timestamp="2019-08-08T07:22:43.034" durationms="0.040" />

<exclusive-start id="5641" timestamp="2019-08-08T07:22:43.034" intervalms="0.443">
  <response-info timems="0.008" idlems="0.008" threads="0" lastid="0000000000996F00" lastname="main" />
</exclusive-start>
<af-start id="5642" threadId="0000000000997888" totalBytesRequested="80" timestamp="2019-08-08T07:22:43.034" intervalms="194.194" />
<concurrent-aborted id="5643" timestamp="2019-08-08T07:22:43.034">
  <reason value="insufficient progress made" />
</concurrent-aborted>
<cycle-end id="5644" type="global" contextid="5639" timestamp="2019-08-08T07:22:43.034" />
  <attribute name="elasticGC enabled" value="1" />
  <attribute name= "numThreadsSpecified" value="16" />
  <attribute name="heapSize specified" value="94896128" />
  <attribute name="Current GC Util" value="63" />
  <attribute name= "Current Time Running" value="130502" />
  <attribute name ="GC Interval" value="0" />
  <attribute name="Target GC Util Change" value ="80.000000" />
  <attribute name="Current GC Util Change" value="63.000000"/>
  <attribute name="Current Error" value="-368.000000" />
  <attribute name="Output H" value="95197144"/>
  <attribute name="Output I" value="200"/>
  <attribute name="Output T" value="16"/>
  <attribute name= "Current Time Running" value="130502" />
  <attribute name="GC Util currently" value="63" />
  <attribute name="CPU Util currently" value="42763713313" />
<cycle-start id="5645" type="global" contextid="0" timestamp="2019-08-08T07:22:43.034" intervalms="0.485" />
<gc-start id="5646" type="global" contextid="5645" timestamp="2019-08-08T07:22:43.034">
  <mem-info id="5647" free="951296" total="95223808" percent="0">
    <mem type="tenure" free="951296" total="95223808" percent="0">
      <mem type="soa" free="0" total="94272512" percent="0" />
      <mem type="loa" free="951296" total="951296" percent="100" />
    </mem>
  </mem-info>
</gc-start>
<allocation-stats totalBytes="76309032" >
  <allocated-bytes non-tlh="0" tlh="76309032" />
  <largest-consumer threadName="main" threadId="0000000000996F00" bytes="76309032" />
</allocation-stats>
<gc-op id="5648" type="mark" timems="14.366" contextid="5645" timestamp="2019-08-08T07:22:43.049">
  <trace-info objectcount="596366" scancount="517354" scanbytes="13276476" />
  <finalization candidates="80" enqueued="0" />
  <ownableSynchronizers candidates="21" cleared="0" />
  <references type="soft" candidates="1849" cleared="0" enqueued="0" dynamicThreshold="25" maxThreshold="32" />
  <references type="weak" candidates="5730" cleared="0" enqueued="0" />
  <references type="phantom" candidates="97" cleared="0" enqueued="0" />
  <stringconstants candidates="13272" cleared="0"  />
</gc-op>
<gc-op id="5649" type="sweep" timems="11.168" contextid="5645" timestamp="2019-08-08T07:22:43.060" />
<mem-info id="5650" free="77332600" total="95223808" percent="81">
  <mem type="tenure" free="77332600" total="95223808" percent="81" micro-fragmented="0">
    <mem type="soa" free="76381304" total="94272512" percent="81" />
    <mem type="loa" free="951296" total="951296" percent="100" />
  </mem>
</mem-info>
<gc-op id="5651" type="compact" timems="25.432" contextid="5645" timestamp="2019-08-08T07:22:43.086">
  <compact-info movecount="401" movebytes="28608" reason="compact to aid heap contraction" />
</gc-op>
<heap-resize id="5652" type="expand" space="tenure" amount="327680" count="1" timems="0.022" reason="satisfy allocation request" timestamp="2019-08-08T07:22:43.087" />
<gc-end id="5653" type="global" contextid="5645" durationms="52.165" usertimems="132.191" systemtimems="0.000" timestamp="2019-08-08T07:22:43.087" activeThreads="16">
  <mem-info id="5654" free="77595688" total="95551488" percent="81">
    <mem type="tenure" free="77595688" total="95551488" percent="81">
      <mem type="soa" free="76640296" total="94596096" percent="81" />
      <mem type="loa" free="955392" total="955392" percent="100" />
    </mem>
  </mem-info>
</gc-end>
<cycle-end id="5655" type="global" contextid="5645" timestamp="2019-08-08T07:22:43.087" />
  <attribute name="elasticGC enabled" value="1" />
  <attribute name= "numThreadsSpecified" value="16" />
  <attribute name="heapSize specified" value="95223808" />
  <attribute name="Current GC Util" value="52" />
  <attribute name= "Current Time Running" value="130696" />
  <attribute name ="GC Interval" value="0" />
  <attribute name="Target GC Util Change" value ="80.000000" />
  <attribute name="Current GC Util Change" value="52.000000"/>
  <attribute name="Current Error" value="127.000000" />
  <attribute name="Output H" value="95527112"/>
  <attribute name="Output I" value="2672"/>
  <attribute name="Output T" value="16"/>
  <attribute name= "Current Time Running" value="130696" />
  <attribute name="GC Util currently" value="52" />
  <attribute name="CPU Util currently" value="45287692188" />
<allocation-satisfied id="5656" threadId="0000000000996F00" bytesRequested="80" />
<af-end id="5657" timestamp="2019-08-08T07:22:43.087" threadId="0000000000997888" success="true" />
<exclusive-end id="5658" timestamp="2019-08-08T07:22:43.087" durationms="52.351" />

<concurrent-kickoff id="5659" timestamp="2019-08-08T07:22:43.214">
  <kickoff reason="threshold reached" targetBytes="7951052" thresholdFreeBytes="1083569" remainingFree="1026160" tenureFreeBytes="1026160" />
</concurrent-kickoff>
<exclusive-start id="5660" timestamp="2019-08-08T07:22:43.214" intervalms="180.135">
  <response-info timems="0.035" idlems="0.035" threads="0" lastid="0000000000996F00" lastname="main" />
</exclusive-start>
<cycle-start id="5661" type="global" contextid="0" timestamp="2019-08-08T07:22:43.215" intervalms="180.074" />
<exclusive-end id="5662" timestamp="2019-08-08T07:22:43.215" durationms="0.021" />

<exclusive-start id="5663" timestamp="2019-08-08T07:22:43.215" intervalms="0.656">
  <response-info timems="0.007" idlems="0.007" threads="0" lastid="0000000000996F00" lastname="main" />
</exclusive-start>
<af-start id="5664" threadId="0000000000997888" totalBytesRequested="16" timestamp="2019-08-08T07:22:43.215" intervalms="180.782" />
<concurrent-aborted id="5665" timestamp="2019-08-08T07:22:43.215">
  <reason value="insufficient progress made" />
</concurrent-aborted>
<cycle-end id="5666" type="global" contextid="5661" timestamp="2019-08-08T07:22:43.215" />
  <attribute name="elasticGC enabled" value="1" />
  <attribute name= "numThreadsSpecified" value="16" />
  <attribute name="heapSize specified" value="95223808" />
  <attribute name="Current GC Util" value="52" />
  <attribute name= "Current Time Running" value="130696" />
  <attribute name ="GC Interval" value="0" />
  <attribute name="Target GC Util Change" value ="80.000000" />
  <attribute name="Current GC Util Change" value="52.000000"/>
  <attribute name="Current Error" value="127.000000" />
  <attribute name="Output H" value="95527112"/>
  <attribute name="Output I" value="2672"/>
  <attribute name="Output T" value="16"/>
  <attribute name= "Current Time Running" value="130696" />
  <attribute name="GC Util currently" value="52" />
  <attribute name="CPU Util currently" value="45287692188" />
<cycle-start id="5667" type="global" contextid="0" timestamp="2019-08-08T07:22:43.215" intervalms="0.708" />
<gc-start id="5668" type="global" contextid="5667" timestamp="2019-08-08T07:22:43.215">
  <mem-info id="5669" free="955392" total="95551488" percent="0">
    <mem type="tenure" free="955392" total="95551488" percent="0">
      <mem type="soa" free="0" total="94596096" percent="0" />
      <mem type="loa" free="955392" total="955392" percent="100" />
    </mem>
  </mem-info>
</gc-start>
<allocation-stats totalBytes="76691912" >
  <allocated-bytes non-tlh="0" tlh="76691912" />
  <largest-consumer threadName="main" threadId="0000000000996F00" bytes="76691912" />
</allocation-stats>
<gc-op id="5670" type="mark" timems="7.739" contextid="5667" timestamp="2019-08-08T07:22:43.223">
  <trace-info objectcount="596368" scancount="517359" scanbytes="13276524" />
  <finalization candidates="80" enqueued="0" />
  <ownableSynchronizers candidates="21" cleared="0" />
  <references type="soft" candidates="1849" cleared="0" enqueued="0" dynamicThreshold="25" maxThreshold="32" />
  <references type="weak" candidates="5730" cleared="0" enqueued="0" />
  <references type="phantom" candidates="97" cleared="0" enqueued="0" />
  <stringconstants candidates="13272" cleared="0"  />
</gc-op>
<gc-op id="5671" type="sweep" timems="20.706" contextid="5667" timestamp="2019-08-08T07:22:43.244" />
<mem-info id="5672" free="77661048" total="95551488" percent="81">
  <mem type="tenure" free="77661048" total="95551488" percent="81" micro-fragmented="0">
    <mem type="soa" free="76705656" total="94596096" percent="81" />
    <mem type="loa" free="955392" total="955392" percent="100" />
  </mem>
</mem-info>
<gc-op id="5673" type="compact" timems="23.752" contextid="5667" timestamp="2019-08-08T07:22:43.268">
  <compact-info movecount="6" movebytes="264" reason="compact to aid heap contraction" />
</gc-op>
<heap-resize id="5674" type="expand" space="tenure" amount="327680" count="1" timems="0.021" reason="satisfy allocation request" timestamp="2019-08-08T07:22:43.268" />
<gc-end id="5675" type="global" contextid="5667" durationms="53.033" usertimems="100.875" systemtimems="0.000" timestamp="2019-08-08T07:22:43.268" activeThreads="16">
  <mem-info id="5676" free="77923320" total="95879168" percent="81">
    <mem type="tenure" free="77923320" total="95879168" percent="81">
      <mem type="soa" free="76964856" total="94920704" percent="81" />
      <mem type="loa" free="958464" total="958464" percent="100" />
    </mem>
  </mem-info>
</gc-end>
<cycle-end id="5677" type="global" contextid="5667" timestamp="2019-08-08T07:22:43.268" />
  <attribute name="elasticGC enabled" value="1" />
  <attribute name= "numThreadsSpecified" value="16" />
  <attribute name="heapSize specified" value="95551488" />
  <attribute name="Current GC Util" value="45" />
  <attribute name= "Current Time Running" value="130878" />
  <attribute name ="GC Interval" value="0" />
  <attribute name="Target GC Util Change" value ="80.000000" />
  <attribute name="Current GC Util Change" value="45.000000"/>
  <attribute name="Current Error" value="112.000000" />
  <attribute name="Output H" value="95854720"/>
  <attribute name="Output I" value="2592"/>
  <attribute name="Output T" value="16"/>
  <attribute name= "Current Time Running" value="130878" />
  <attribute name="GC Util currently" value="45" />
  <attribute name="CPU Util currently" value="48477641085" />
<allocation-satisfied id="5678" threadId="0000000000996F00" bytesRequested="16" />
<af-end id="5679" timestamp="2019-08-08T07:22:43.268" threadId="0000000000997888" success="true" />
<exclusive-end id="5680" timestamp="2019-08-08T07:22:43.268" durationms="53.210" />

<concurrent-kickoff id="5681" timestamp="2019-08-08T07:22:43.394">
  <kickoff reason="threshold reached" targetBytes="7978319" thresholdFreeBytes="1087286" remainingFree="960576" tenureFreeBytes="960576" />
</concurrent-kickoff>
<exclusive-start id="5682" timestamp="2019-08-08T07:22:43.394" intervalms="179.022">
  <response-info timems="0.022" idlems="0.022" threads="0" lastid="0000000000996F00" lastname="main" />
</exclusive-start>
<cycle-start id="5683" type="global" contextid="0" timestamp="2019-08-08T07:22:43.394" intervalms="178.965" />
<exclusive-end id="5684" timestamp="2019-08-08T07:22:43.394" durationms="0.016" />

<exclusive-start id="5685" timestamp="2019-08-08T07:22:43.395" intervalms="0.392">
  <response-info timems="0.007" idlems="0.007" threads="0" lastid="0000000000996F00" lastname="main" />
</exclusive-start>
<af-start id="5686" threadId="0000000000997888" totalBytesRequested="40" timestamp="2019-08-08T07:22:43.395" intervalms="179.439" />
<concurrent-aborted id="5687" timestamp="2019-08-08T07:22:43.395">
  <reason value="insufficient progress made" />
</concurrent-aborted>
<cycle-end id="5688" type="global" contextid="5683" timestamp="2019-08-08T07:22:43.395" />
  <attribute name="elasticGC enabled" value="1" />
  <attribute name= "numThreadsSpecified" value="16" />
  <attribute name="heapSize specified" value="95551488" />
  <attribute name="Current GC Util" value="45" />
  <attribute name= "Current Time Running" value="130878" />
  <attribute name ="GC Interval" value="0" />
  <attribute name="Target GC Util Change" value ="80.000000" />
  <attribute name="Current GC Util Change" value="45.000000"/>
  <attribute name="Current Error" value="112.000000" />
  <attribute name="Output H" value="95854720"/>
  <attribute name="Output I" value="2592"/>
  <attribute name="Output T" value="16"/>
  <attribute name= "Current Time Running" value="130878" />
  <attribute name="GC Util currently" value="45" />
  <attribute name="CPU Util currently" value="48477641085" />
<cycle-start id="5689" type="global" contextid="0" timestamp="2019-08-08T07:22:43.395" intervalms="0.492" />
<gc-start id="5690" type="global" contextid="5689" timestamp="2019-08-08T07:22:43.395">
  <mem-info id="5691" free="958464" total="95879168" percent="0">
    <mem type="tenure" free="958464" total="95879168" percent="0">
      <mem type="soa" free="0" total="94920704" percent="0" />
      <mem type="loa" free="958464" total="958464" percent="100" />
    </mem>
  </mem-info>
</gc-start>
<allocation-stats totalBytes="77016464" >
  <allocated-bytes non-tlh="0" tlh="77016464" />
  <largest-consumer threadName="main" threadId="0000000000996F00" bytes="77016464" />
</allocation-stats>
<gc-op id="5692" type="mark" timems="10.574" contextid="5689" timestamp="2019-08-08T07:22:43.405">
  <trace-info objectcount="596366" scancount="517352" scanbytes="13276464" />
  <finalization candidates="80" enqueued="0" />
  <ownableSynchronizers candidates="21" cleared="0" />
  <references type="soft" candidates="1849" cleared="0" enqueued="0" dynamicThreshold="26" maxThreshold="32" />
  <references type="weak" candidates="5730" cleared="0" enqueued="0" />
  <references type="phantom" candidates="97" cleared="0" enqueued="0" />
  <stringconstants candidates="13272" cleared="0"  />
</gc-op>
<gc-op id="5693" type="sweep" timems="29.511" contextid="5689" timestamp="2019-08-08T07:22:43.435" />
<mem-info id="5694" free="77988896" total="95879168" percent="81">
  <mem type="tenure" free="77988896" total="95879168" percent="81" micro-fragmented="0">
    <mem type="soa" free="77030432" total="94920704" percent="81" />
    <mem type="loa" free="958464" total="958464" percent="100" />
  </mem>
</mem-info>
<gc-op id="5695" type="compact" timems="33.529" contextid="5689" timestamp="2019-08-08T07:22:43.468">
  <compact-info movecount="4" movebytes="200" reason="compact to aid heap contraction" />
</gc-op>
<heap-resize id="5696" type="expand" space="tenure" amount="327680" count="1" timems="0.022" reason="satisfy allocation request" timestamp="2019-08-08T07:22:43.469" />
<gc-end id="5697" type="global" contextid="5689" durationms="74.580" usertimems="153.126" systemtimems="0.000" timestamp="2019-08-08T07:22:43.469" activeThreads="16">
  <mem-info id="5698" free="78251064" total="96206848" percent="81">
    <mem type="tenure" free="78251064" total="96206848" percent="81">
      <mem type="soa" free="77289528" total="95245312" percent="81" />
      <mem type="loa" free="961536" total="961536" percent="100" />
    </mem>
  </mem-info>
</gc-end>
<cycle-end id="5699" type="global" contextid="5689" timestamp="2019-08-08T07:22:43.469" />
  <attribute name="elasticGC enabled" value="1" />
  <attribute name= "numThreadsSpecified" value="16" />
  <attribute name="heapSize specified" value="95879168" />
  <attribute name="Current GC Util" value="72" />
  <attribute name= "Current Time Running" value="131079" />
  <attribute name ="GC Interval" value="0" />
  <attribute name="Target GC Util Change" value ="80.000000" />
  <attribute name="Current GC Util Change" value="72.000000"/>
  <attribute name="Current Error" value="8.000000" />
  <attribute name="Output H" value="96181920"/>
  <attribute name="Output I" value="2056"/>
  <attribute name="Output T" value="16"/>
  <attribute name= "Current Time Running" value="131079" />
  <attribute name="GC Util currently" value="72" />
  <attribute name="CPU Util currently" value="34367566814" />
<allocation-satisfied id="5700" threadId="0000000000996F00" bytesRequested="40" />
<af-end id="5701" timestamp="2019-08-08T07:22:43.469" threadId="0000000000997888" success="true" />
<exclusive-end id="5702" timestamp="2019-08-08T07:22:43.469" durationms="74.817" />

<concurrent-kickoff id="5703" timestamp="2019-08-08T07:22:43.545">
  <kickoff reason="threshold reached" targetBytes="8005586" thresholdFreeBytes="1091002" remainingFree="1026176" tenureFreeBytes="1026176" />
</concurrent-kickoff>
<exclusive-start id="5704" timestamp="2019-08-08T07:22:43.545" intervalms="150.239">
  <response-info timems="0.014" idlems="0.014" threads="0" lastid="0000000000996F00" lastname="main" />
</exclusive-start>
<cycle-start id="5705" type="global" contextid="0" timestamp="2019-08-08T07:22:43.545" intervalms="150.137" />
<exclusive-end id="5706" timestamp="2019-08-08T07:22:43.545" durationms="0.013" />

<exclusive-start id="5707" timestamp="2019-08-08T07:22:43.545" intervalms="0.220">
  <response-info timems="0.008" idlems="0.008" threads="0" lastid="0000000000996F00" lastname="main" />
</exclusive-start>
<af-start id="5708" threadId="0000000000997888" totalBytesRequested="488" timestamp="2019-08-08T07:22:43.545" intervalms="150.459" />
<concurrent-aborted id="5709" timestamp="2019-08-08T07:22:43.545">
  <reason value="insufficient progress made" />
</concurrent-aborted>
<cycle-end id="5710" type="global" contextid="5705" timestamp="2019-08-08T07:22:43.545" />
  <attribute name="elasticGC enabled" value="1" />
  <attribute name= "numThreadsSpecified" value="16" />
  <attribute name="heapSize specified" value="95879168" />
  <attribute name="Current GC Util" value="72" />
  <attribute name= "Current Time Running" value="131079" />
  <attribute name ="GC Interval" value="0" />
  <attribute name="Target GC Util Change" value ="80.000000" />
  <attribute name="Current GC Util Change" value="72.000000"/>
  <attribute name="Current Error" value="8.000000" />
  <attribute name="Output H" value="96181920"/>
  <attribute name="Output I" value="2056"/>
  <attribute name="Output T" value="16"/>
  <attribute name= "Current Time Running" value="131079" />
  <attribute name="GC Util currently" value="72" />
  <attribute name="CPU Util currently" value="34367566814" />
<cycle-start id="5711" type="global" contextid="0" timestamp="2019-08-08T07:22:43.545" intervalms="0.305" />
<gc-start id="5712" type="global" contextid="5711" timestamp="2019-08-08T07:22:43.545">
  <mem-info id="5713" free="961536" total="96206848" percent="0">
    <mem type="tenure" free="961536" total="96206848" percent="0">
      <mem type="soa" free="0" total="95245312" percent="0" />
      <mem type="loa" free="961536" total="961536" percent="100" />
    </mem>
  </mem-info>
</gc-start>
<allocation-stats totalBytes="77294920" >
  <allocated-bytes non-tlh="0" tlh="77294920" />
  <largest-consumer threadName="main" threadId="0000000000996F00" bytes="77294920" />
</allocation-stats>
<gc-op id="5714" type="mark" timems="7.862" contextid="5711" timestamp="2019-08-08T07:22:43.553">
  <trace-info objectcount="596368" scancount="517356" scanbytes="13276360" />
  <finalization candidates="80" enqueued="0" />
  <ownableSynchronizers candidates="21" cleared="0" />
  <references type="soft" candidates="1849" cleared="0" enqueued="0" dynamicThreshold="26" maxThreshold="32" />
  <references type="weak" candidates="5730" cleared="0" enqueued="0" />
  <references type="phantom" candidates="97" cleared="0" enqueued="0" />
  <stringconstants candidates="13272" cleared="0"  />
</gc-op>
<gc-op id="5715" type="sweep" timems="19.624" contextid="5711" timestamp="2019-08-08T07:22:43.573" />
<mem-info id="5716" free="78314632" total="96206848" percent="81">
  <mem type="tenure" free="78314632" total="96206848" percent="81" micro-fragmented="0">
    <mem type="soa" free="77353096" total="95245312" percent="81" />
    <mem type="loa" free="961536" total="961536" percent="100" />
  </mem>
</mem-info>
<gc-op id="5717" type="compact" timems="26.354" contextid="5711" timestamp="2019-08-08T07:22:43.599">
  <compact-info movecount="450" movebytes="30480" reason="compact to aid heap contraction" />
</gc-op>
<heap-resize id="5718" type="expand" space="tenure" amount="327680" count="1" timems="0.022" reason="satisfy allocation request" timestamp="2019-08-08T07:22:43.600" />
<gc-end id="5719" type="global" contextid="5711" durationms="55.005" usertimems="107.805" systemtimems="0.000" timestamp="2019-08-08T07:22:43.600" activeThreads="16">
  <mem-info id="5720" free="78578256" total="96534528" percent="81">
    <mem type="tenure" free="78578256" total="96534528" percent="81">
      <mem type="soa" free="77613648" total="95569920" percent="81" />
      <mem type="loa" free="964608" total="964608" percent="100" />
    </mem>
  </mem-info>
</gc-end>
<cycle-end id="5721" type="global" contextid="5711" timestamp="2019-08-08T07:22:43.600" />
  <attribute name="elasticGC enabled" value="1" />
  <attribute name= "numThreadsSpecified" value="16" />
  <attribute name="heapSize specified" value="96206848" />
  <attribute name="Current GC Util" value="63" />
  <attribute name= "Current Time Running" value="131210" />
  <attribute name ="GC Interval" value="0" />
  <attribute name="Target GC Util Change" value ="80.000000" />
  <attribute name="Current GC Util Change" value="63.000000"/>
  <attribute name="Current Error" value="-289.000000" />
  <attribute name="Output H" value="96508232"/>
  <attribute name="Output I" value="512"/>
  <attribute name="Output T" value="16"/>
  <attribute name= "Current Time Running" value="131210" />
  <attribute name="GC Util currently" value="63" />
  <attribute name="CPU Util currently" value="43718165505" />
<allocation-satisfied id="5722" threadId="0000000000996F00" bytesRequested="488" />
<af-end id="5723" timestamp="2019-08-08T07:22:43.600" threadId="0000000000997888" success="true" />
<exclusive-end id="5724" timestamp="2019-08-08T07:22:43.600" durationms="55.203" />

<concurrent-kickoff id="5725" timestamp="2019-08-08T07:22:43.613">
  <kickoff reason="threshold reached" targetBytes="8032853" thresholdFreeBytes="1094717" remainingFree="1078464" tenureFreeBytes="1078464" />
</concurrent-kickoff>
<exclusive-start id="5726" timestamp="2019-08-08T07:22:43.613" intervalms="67.779">
  <response-info timems="0.014" idlems="0.014" threads="0" lastid="0000000000996F00" lastname="main" />
</exclusive-start>
<cycle-start id="5727" type="global" contextid="0" timestamp="2019-08-08T07:22:43.613" intervalms="67.694" />
<exclusive-end id="5728" timestamp="2019-08-08T07:22:43.613" durationms="0.013" />

<exclusive-start id="5729" timestamp="2019-08-08T07:22:43.613" intervalms="0.250">
  <response-info timems="0.008" idlems="0.008" threads="0" lastid="0000000000996F00" lastname="main" />
</exclusive-start>
<af-start id="5730" threadId="0000000000997888" totalBytesRequested="488" timestamp="2019-08-08T07:22:43.613" intervalms="68.021" />
<concurrent-aborted id="5731" timestamp="2019-08-08T07:22:43.613">
  <reason value="insufficient progress made" />
</concurrent-aborted>
<cycle-end id="5732" type="global" contextid="5727" timestamp="2019-08-08T07:22:43.613" />
  <attribute name="elasticGC enabled" value="1" />
  <attribute name= "numThreadsSpecified" value="16" />
  <attribute name="heapSize specified" value="96206848" />
  <attribute name="Current GC Util" value="63" />
  <attribute name= "Current Time Running" value="131210" />
  <attribute name ="GC Interval" value="0" />
  <attribute name="Target GC Util Change" value ="80.000000" />
  <attribute name="Current GC Util Change" value="63.000000"/>
  <attribute name="Current Error" value="-289.000000" />
  <attribute name="Output H" value="96508232"/>
  <attribute name="Output I" value="512"/>
  <attribute name="Output T" value="16"/>
  <attribute name= "Current Time Running" value="131210" />
  <attribute name="GC Util currently" value="63" />
  <attribute name="CPU Util currently" value="43718165505" />
<cycle-start id="5733" type="global" contextid="0" timestamp="2019-08-08T07:22:43.613" intervalms="0.329" />
<gc-start id="5734" type="global" contextid="5733" timestamp="2019-08-08T07:22:43.613">
  <mem-info id="5735" free="964608" total="96534528" percent="0">
    <mem type="tenure" free="964608" total="96534528" percent="0">
      <mem type="soa" free="0" total="95569920" percent="0" />
      <mem type="loa" free="964608" total="964608" percent="100" />
    </mem>
  </mem-info>
</gc-start>
<allocation-stats totalBytes="77570944" >
  <allocated-bytes non-tlh="0" tlh="77570944" />
  <largest-consumer threadName="main" threadId="0000000000996F00" bytes="77570944" />
</allocation-stats>
<gc-op id="5736" type="mark" timems="9.127" contextid="5733" timestamp="2019-08-08T07:22:43.622">
  <trace-info objectcount="596368" scancount="517356" scanbytes="13276360" />
  <finalization candidates="80" enqueued="0" />
  <ownableSynchronizers candidates="21" cleared="0" />
  <references type="soft" candidates="1849" cleared="0" enqueued="0" dynamicThreshold="26" maxThreshold="32" />
  <references type="weak" candidates="5730" cleared="0" enqueued="0" />
  <references type="phantom" candidates="97" cleared="0" enqueued="0" />
  <stringconstants candidates="13272" cleared="0"  />
</gc-op>
<gc-op id="5737" type="sweep" timems="18.372" contextid="5733" timestamp="2019-08-08T07:22:43.641" />
<mem-info id="5738" free="78643312" total="96534528" percent="81">
  <mem type="tenure" free="78643312" total="96534528" percent="81" micro-fragmented="0">
    <mem type="soa" free="77678704" total="95569920" percent="81" />
    <mem type="loa" free="964608" total="964608" percent="100" />
  </mem>
</mem-info>
<gc-op id="5739" type="compact" timems="24.860" contextid="5733" timestamp="2019-08-08T07:22:43.666">
  <compact-info movecount="4" movebytes="112" reason="compact to aid heap contraction" />
</gc-op>
<heap-resize id="5740" type="expand" space="tenure" amount="327680" count="1" timems="0.021" reason="satisfy allocation request" timestamp="2019-08-08T07:22:43.666" />
<gc-end id="5741" type="global" contextid="5733" durationms="53.130" usertimems="109.052" systemtimems="0.000" timestamp="2019-08-08T07:22:43.666" activeThreads="16">
  <mem-info id="5742" free="78905936" total="96862208" percent="81">
    <mem type="tenure" free="78905936" total="96862208" percent="81">
      <mem type="soa" free="77938256" total="95894528" percent="81" />
      <mem type="loa" free="967680" total="967680" percent="100" />
    </mem>
  </mem-info>
</gc-end>
<cycle-end id="5743" type="global" contextid="5733" timestamp="2019-08-08T07:22:43.666" />
  <attribute name="elasticGC enabled" value="1" />
  <attribute name= "numThreadsSpecified" value="16" />
  <attribute name="heapSize specified" value="96534528" />
  <attribute name="Current GC Util" value="63" />
  <attribute name= "Current Time Running" value="131276" />
  <attribute name ="GC Interval" value="0" />
  <attribute name="Target GC Util Change" value ="80.000000" />
  <attribute name="Current GC Util Change" value="63.000000"/>
  <attribute name="Current Error" value="-542.000000" />
  <attribute name="Output H" value="96834744"/>
  <attribute name="Output I" value="200"/>
  <attribute name="Output T" value="16"/>
  <attribute name= "Current Time Running" value="131276" />
  <attribute name="GC Util currently" value="63" />
  <attribute name="CPU Util currently" value="46364221518" />
<allocation-satisfied id="5744" threadId="0000000000996F00" bytesRequested="488" />
<af-end id="5745" timestamp="2019-08-08T07:22:43.666" threadId="0000000000997888" success="true" />
<exclusive-end id="5746" timestamp="2019-08-08T07:22:43.666" durationms="53.336" />

* Round 3 done in 4.497 seconds.
<concurrent-kickoff id="5747" timestamp="2019-08-08T07:22:43.684">
  <kickoff reason="threshold reached" targetBytes="8060121" thresholdFreeBytes="1098433" remainingFree="1012928" tenureFreeBytes="1012928" />
</concurrent-kickoff>
<exclusive-start id="5748" timestamp="2019-08-08T07:22:43.684" intervalms="71.066">
  <response-info timems="0.022" idlems="0.022" threads="0" lastid="0000000000996F00" lastname="main" />
</exclusive-start>
<cycle-start id="5749" type="global" contextid="0" timestamp="2019-08-08T07:22:43.684" intervalms="70.990" />
<exclusive-end id="5750" timestamp="2019-08-08T07:22:43.684" durationms="0.018" />

<exclusive-start id="5751" timestamp="2019-08-08T07:22:43.684" intervalms="0.302">
  <response-info timems="0.007" idlems="0.007" threads="0" lastid="0000000000996F00" lastname="main" />
</exclusive-start>
<af-start id="5752" threadId="0000000000997888" totalBytesRequested="24" timestamp="2019-08-08T07:22:43.684" intervalms="71.370" />
<concurrent-aborted id="5753" timestamp="2019-08-08T07:22:43.684">
  <reason value="insufficient progress made" />
</concurrent-aborted>
<cycle-end id="5754" type="global" contextid="5749" timestamp="2019-08-08T07:22:43.684" />
  <attribute name="elasticGC enabled" value="1" />
  <attribute name= "numThreadsSpecified" value="16" />
  <attribute name="heapSize specified" value="96534528" />
  <attribute name="Current GC Util" value="63" />
  <attribute name= "Current Time Running" value="131276" />
  <attribute name ="GC Interval" value="0" />
  <attribute name="Target GC Util Change" value ="80.000000" />
  <attribute name="Current GC Util Change" value="63.000000"/>
  <attribute name="Current Error" value="-542.000000" />
  <attribute name="Output H" value="96834744"/>
  <attribute name="Output I" value="200"/>
  <attribute name="Output T" value="16"/>
  <attribute name= "Current Time Running" value="131276" />
  <attribute name="GC Util currently" value="63" />
  <attribute name="CPU Util currently" value="46364221518" />
<cycle-start id="5755" type="global" contextid="0" timestamp="2019-08-08T07:22:43.685" intervalms="0.387" />
<gc-start id="5756" type="global" contextid="5755" timestamp="2019-08-08T07:22:43.685">
  <mem-info id="5757" free="967680" total="96862208" percent="0">
    <mem type="tenure" free="967680" total="96862208" percent="0">
      <mem type="soa" free="0" total="95894528" percent="0" />
      <mem type="loa" free="967680" total="967680" percent="100" />
    </mem>
  </mem-info>
</gc-start>
<allocation-stats totalBytes="77907712" >
  <allocated-bytes non-tlh="0" tlh="77907712" />
  <largest-consumer threadName="main" threadId="0000000000996F00" bytes="77907712" />
</allocation-stats>
<gc-op id="5758" type="mark" timems="8.459" contextid="5755" timestamp="2019-08-08T07:22:43.693">
  <trace-info objectcount="596738" scancount="517721" scanbytes="13288388" />
  <finalization candidates="80" enqueued="0" />
  <ownableSynchronizers candidates="21" cleared="0" />
  <references type="soft" candidates="1855" cleared="0" enqueued="0" dynamicThreshold="26" maxThreshold="32" />
  <references type="weak" candidates="5730" cleared="0" enqueued="0" />
  <references type="phantom" candidates="97" cleared="0" enqueued="0" />
  <stringconstants candidates="13272" cleared="0"  />
</gc-op>
<gc-op id="5759" type="sweep" timems="17.681" contextid="5755" timestamp="2019-08-08T07:22:43.711" />
<mem-info id="5760" free="78951120" total="96862208" percent="81">
  <mem type="tenure" free="78951120" total="96862208" percent="81" micro-fragmented="0">
    <mem type="soa" free="77983440" total="95894528" percent="81" />
    <mem type="loa" free="967680" total="967680" percent="100" />
  </mem>
</mem-info>
<gc-op id="5761" type="compact" timems="25.299" contextid="5755" timestamp="2019-08-08T07:22:43.736">
  <compact-info movecount="815" movebytes="42016" reason="compact to aid heap contraction" />
</gc-op>
<heap-resize id="5762" type="expand" space="tenure" amount="327680" count="1" timems="0.020" reason="satisfy allocation request" timestamp="2019-08-08T07:22:43.737" />
<gc-end id="5763" type="global" contextid="5755" durationms="52.095" usertimems="109.909" systemtimems="0.000" timestamp="2019-08-08T07:22:43.737" activeThreads="16">
  <mem-info id="5764" free="79221960" total="97189888" percent="81">
    <mem type="tenure" free="79221960" total="97189888" percent="81">
      <mem type="soa" free="78250184" total="96218112" percent="81" />
      <mem type="loa" free="971776" total="971776" percent="100" />
    </mem>
  </mem-info>
</gc-end>
<cycle-end id="5765" type="global" contextid="5755" timestamp="2019-08-08T07:22:43.737" />
  <attribute name="elasticGC enabled" value="1" />
  <attribute name= "numThreadsSpecified" value="16" />
  <attribute name="heapSize specified" value="96862208" />
  <attribute name="Current GC Util" value="51" />
  <attribute name= "Current Time Running" value="131347" />
  <attribute name ="GC Interval" value="0" />
  <attribute name="Target GC Util Change" value ="80.000000" />
  <attribute name="Current GC Util Change" value="51.000000"/>
  <attribute name="Current Error" value="-354.000000" />
  <attribute name="Output H" value="97163288"/>
  <attribute name="Output I" value="200"/>
  <attribute name="Output T" value="16"/>
  <attribute name= "Current Time Running" value="131347" />
  <attribute name="GC Util currently" value="51" />
  <attribute name="CPU Util currently" value="45529324909" />
<allocation-satisfied id="5766" threadId="0000000000996F00" bytesRequested="24" />
<af-end id="5767" timestamp="2019-08-08T07:22:43.737" threadId="0000000000997888" success="true" />
<exclusive-end id="5768" timestamp="2019-08-08T07:22:43.737" durationms="52.334" />

<concurrent-kickoff id="5769" timestamp="2019-08-08T07:22:43.950">
  <kickoff reason="threshold reached" targetBytes="8087387" thresholdFreeBytes="1102150" remainingFree="1066248" tenureFreeBytes="1066248" />
</concurrent-kickoff>
<exclusive-start id="5770" timestamp="2019-08-08T07:22:43.950" intervalms="265.407">
  <response-info timems="0.016" idlems="0.016" threads="0" lastid="0000000000996F00" lastname="main" />
</exclusive-start>
<cycle-start id="5771" type="global" contextid="0" timestamp="2019-08-08T07:22:43.950" intervalms="265.328" />
<exclusive-end id="5772" timestamp="2019-08-08T07:22:43.950" durationms="0.023" />

<exclusive-start id="5773" timestamp="2019-08-08T07:22:43.950" intervalms="0.185">
  <response-info timems="0.007" idlems="0.007" threads="0" lastid="0000000000996F00" lastname="main" />
</exclusive-start>
<af-start id="5774" threadId="0000000000997888" totalBytesRequested="1168" timestamp="2019-08-08T07:22:43.950" intervalms="265.580" />
<concurrent-aborted id="5775" timestamp="2019-08-08T07:22:43.950">
  <reason value="insufficient progress made" />
</concurrent-aborted>
<cycle-end id="5776" type="global" contextid="5771" timestamp="2019-08-08T07:22:43.950" />
  <attribute name="elasticGC enabled" value="1" />
  <attribute name= "numThreadsSpecified" value="16" />
  <attribute name="heapSize specified" value="96862208" />
  <attribute name="Current GC Util" value="51" />
  <attribute name= "Current Time Running" value="131347" />
  <attribute name ="GC Interval" value="0" />
  <attribute name="Target GC Util Change" value ="80.000000" />
  <attribute name="Current GC Util Change" value="51.000000"/>
  <attribute name="Current Error" value="-354.000000" />
  <attribute name="Output H" value="97163288"/>
  <attribute name="Output I" value="200"/>
  <attribute name="Output T" value="16"/>
  <attribute name= "Current Time Running" value="131347" />
  <attribute name="GC Util currently" value="51" />
  <attribute name="CPU Util currently" value="45529324909" />
<cycle-start id="5777" type="global" contextid="0" timestamp="2019-08-08T07:22:43.950" intervalms="0.243" />
<gc-start id="5778" type="global" contextid="5777" timestamp="2019-08-08T07:22:43.950">
  <mem-info id="5779" free="971776" total="97189888" percent="0">
    <mem type="tenure" free="971776" total="97189888" percent="0">
      <mem type="soa" free="0" total="96218112" percent="0" />
      <mem type="loa" free="971776" total="971776" percent="100" />
    </mem>
  </mem-info>
</gc-start>
<allocation-stats totalBytes="78200672" >
  <allocated-bytes non-tlh="0" tlh="78200672" />
  <largest-consumer threadName="main" threadId="0000000000996F00" bytes="78200672" />
</allocation-stats>
<gc-op id="5780" type="mark" timems="11.471" contextid="5777" timestamp="2019-08-08T07:22:43.962">
  <trace-info objectcount="596753" scancount="517742" scanbytes="13288732" />
  <finalization candidates="80" enqueued="0" />
  <ownableSynchronizers candidates="21" cleared="0" />
  <references type="soft" candidates="1855" cleared="0" enqueued="0" dynamicThreshold="26" maxThreshold="32" />
  <references type="weak" candidates="5730" cleared="0" enqueued="0" />
  <references type="phantom" candidates="97" cleared="0" enqueued="0" />
  <stringconstants candidates="13272" cleared="0"  />
</gc-op>
<gc-op id="5781" type="sweep" timems="9.354" contextid="5777" timestamp="2019-08-08T07:22:43.971" />
<mem-info id="5782" free="79283992" total="97189888" percent="81">
  <mem type="tenure" free="79283992" total="97189888" percent="81" micro-fragmented="0">
    <mem type="soa" free="78312216" total="96218112" percent="81" />
    <mem type="loa" free="971776" total="971776" percent="100" />
  </mem>
</mem-info>
<gc-op id="5783" type="compact" timems="22.725" contextid="5777" timestamp="2019-08-08T07:22:43.994">
  <compact-info movecount="238" movebytes="7080" reason="compact to aid heap contraction" />
</gc-op>
<heap-resize id="5784" type="expand" space="tenure" amount="327680" count="1" timems="0.019" reason="satisfy allocation request" timestamp="2019-08-08T07:22:43.995" />
<gc-end id="5785" type="global" contextid="5777" durationms="44.929" usertimems="94.115" systemtimems="0.000" timestamp="2019-08-08T07:22:43.995" activeThreads="16">
  <mem-info id="5786" free="79548152" total="97517568" percent="81">
    <mem type="tenure" free="79548152" total="97517568" percent="81">
      <mem type="soa" free="78573304" total="96542720" percent="81" />
      <mem type="loa" free="974848" total="974848" percent="100" />
    </mem>
  </mem-info>
</gc-end>
<cycle-end id="5787" type="global" contextid="5777" timestamp="2019-08-08T07:22:43.995" />
  <attribute name="elasticGC enabled" value="1" />
  <attribute name= "numThreadsSpecified" value="16" />
  <attribute name="heapSize specified" value="97189888" />
  <attribute name="Current GC Util" value="40" />
  <attribute name= "Current Time Running" value="131604" />
  <attribute name ="GC Interval" value="0" />
  <attribute name="Target GC Util Change" value ="80.000000" />
  <attribute name="Current GC Util Change" value="40.000000"/>
  <attribute name="Current Error" value="70.000000" />
  <attribute name="Output H" value="97492928"/>
  <attribute name="Output I" value="2376"/>
  <attribute name="Output T" value="16"/>
  <attribute name= "Current Time Running" value="131604" />
  <attribute name="GC Util currently" value="40" />
  <attribute name="CPU Util currently" value="50696318910" />
<allocation-satisfied id="5788" threadId="0000000000996F00" bytesRequested="1168" />
<af-end id="5789" timestamp="2019-08-08T07:22:43.995" threadId="0000000000997888" success="true" />
<exclusive-end id="5790" timestamp="2019-08-08T07:22:43.995" durationms="45.103" />

<concurrent-kickoff id="5791" timestamp="2019-08-08T07:22:44.003">
  <kickoff reason="threshold reached" targetBytes="8114654" thresholdFreeBytes="1105866" remainingFree="998288" tenureFreeBytes="998288" />
</concurrent-kickoff>
<exclusive-start id="5792" timestamp="2019-08-08T07:22:44.004" intervalms="53.563">
  <response-info timems="0.024" idlems="0.024" threads="0" lastid="0000000000996F00" lastname="main" />
</exclusive-start>
<cycle-start id="5793" type="global" contextid="0" timestamp="2019-08-08T07:22:44.004" intervalms="53.517" />
<exclusive-end id="5794" timestamp="2019-08-08T07:22:44.004" durationms="0.038" />

<exclusive-start id="5795" timestamp="2019-08-08T07:22:44.004" intervalms="0.215">
  <response-info timems="0.008" idlems="0.008" threads="0" lastid="0000000000996F00" lastname="main" />
</exclusive-start>
<af-start id="5796" threadId="0000000000997888" totalBytesRequested="1168" timestamp="2019-08-08T07:22:44.004" intervalms="53.795" />
<concurrent-aborted id="5797" timestamp="2019-08-08T07:22:44.004">
  <reason value="insufficient progress made" />
</concurrent-aborted>
<cycle-end id="5798" type="global" contextid="5793" timestamp="2019-08-08T07:22:44.004" />
  <attribute name="elasticGC enabled" value="1" />
  <attribute name= "numThreadsSpecified" value="16" />
  <attribute name="heapSize specified" value="97189888" />
  <attribute name="Current GC Util" value="40" />
  <attribute name= "Current Time Running" value="131604" />
  <attribute name ="GC Interval" value="0" />
  <attribute name="Target GC Util Change" value ="80.000000" />
  <attribute name="Current GC Util Change" value="40.000000"/>
  <attribute name="Current Error" value="70.000000" />
  <attribute name="Output H" value="97492928"/>
  <attribute name="Output I" value="2376"/>
  <attribute name="Output T" value="16"/>
  <attribute name= "Current Time Running" value="131604" />
  <attribute name="GC Util currently" value="40" />
  <attribute name="CPU Util currently" value="50696318910" />
<cycle-start id="5799" type="global" contextid="0" timestamp="2019-08-08T07:22:44.004" intervalms="0.288" />
<gc-start id="5800" type="global" contextid="5799" timestamp="2019-08-08T07:22:44.004">
  <mem-info id="5801" free="974848" total="97517568" percent="0">
    <mem type="tenure" free="974848" total="97517568" percent="0">
      <mem type="soa" free="0" total="96542720" percent="0" />
      <mem type="loa" free="974848" total="974848" percent="100" />
    </mem>
  </mem-info>
</gc-start>
<allocation-stats totalBytes="78368328" >
  <allocated-bytes non-tlh="0" tlh="78368328" />
  <largest-consumer threadName="main" threadId="0000000000996F00" bytes="78368328" />
</allocation-stats>
<gc-op id="5802" type="mark" timems="7.441" contextid="5799" timestamp="2019-08-08T07:22:44.011">
  <trace-info objectcount="596754" scancount="517744" scanbytes="13288756" />
  <finalization candidates="80" enqueued="0" />
  <ownableSynchronizers candidates="21" cleared="0" />
  <references type="soft" candidates="1855" cleared="0" enqueued="0" dynamicThreshold="26" maxThreshold="32" />
  <references type="weak" candidates="5730" cleared="0" enqueued="0" />
  <references type="phantom" candidates="97" cleared="0" enqueued="0" />
  <stringconstants candidates="13272" cleared="0"  />
</gc-op>
<gc-op id="5803" type="sweep" timems="7.287" contextid="5799" timestamp="2019-08-08T07:22:44.019" />
<mem-info id="5804" free="79613632" total="97517568" percent="81">
  <mem type="tenure" free="79613632" total="97517568" percent="81" micro-fragmented="0">
    <mem type="soa" free="78638784" total="96542720" percent="81" />
    <mem type="loa" free="974848" total="974848" percent="100" />
  </mem>
</mem-info>
<gc-op id="5805" type="compact" timems="24.060" contextid="5799" timestamp="2019-08-08T07:22:44.043">
  <compact-info movecount="2" movebytes="56" reason="compact to aid heap contraction" />
</gc-op>
<heap-resize id="5806" type="expand" space="tenure" amount="327680" count="1" timems="0.024" reason="satisfy allocation request" timestamp="2019-08-08T07:22:44.044" />
<gc-end id="5807" type="global" contextid="5799" durationms="40.255" usertimems="84.350" systemtimems="0.000" timestamp="2019-08-08T07:22:44.044" activeThreads="16">
  <mem-info id="5808" free="79875808" total="97845248" percent="81">
    <mem type="tenure" free="79875808" total="97845248" percent="81">
      <mem type="soa" free="78897888" total="96867328" percent="81" />
      <mem type="loa" free="977920" total="977920" percent="100" />
    </mem>
  </mem-info>
</gc-end>
<cycle-end id="5809" type="global" contextid="5799" timestamp="2019-08-08T07:22:44.044" />
  <attribute name="elasticGC enabled" value="1" />
  <attribute name= "numThreadsSpecified" value="16" />
  <attribute name="heapSize specified" value="97517568" />
  <attribute name="Current GC Util" value="37" />
  <attribute name= "Current Time Running" value="131653" />
  <attribute name ="GC Interval" value="0" />
  <attribute name="Target GC Util Change" value ="80.000000" />
  <attribute name="Current GC Util Change" value="37.000000"/>
  <attribute name="Current Error" value="111.000000" />
  <attribute name="Output H" value="97820792"/>
  <attribute name="Output I" value="2584"/>
  <attribute name="Output T" value="16"/>
  <attribute name= "Current Time Running" value="131653" />
  <attribute name="GC Util currently" value="37" />
  <attribute name="CPU Util currently" value="47842561466" />
<allocation-satisfied id="5810" threadId="0000000000996F00" bytesRequested="1168" />
<af-end id="5811" timestamp="2019-08-08T07:22:44.044" threadId="0000000000997888" success="true" />
<exclusive-end id="5812" timestamp="2019-08-08T07:22:44.044" durationms="40.503" />

<concurrent-kickoff id="5813" timestamp="2019-08-08T07:22:44.052">
  <kickoff reason="threshold reached" targetBytes="8141921" thresholdFreeBytes="1109582" remainingFree="1063800" tenureFreeBytes="1063800" />
</concurrent-kickoff>
<exclusive-start id="5814" timestamp="2019-08-08T07:22:44.052" intervalms="48.061">
  <response-info timems="0.025" idlems="0.025" threads="0" lastid="0000000000996F00" lastname="main" />
</exclusive-start>
<cycle-start id="5815" type="global" contextid="0" timestamp="2019-08-08T07:22:44.052" intervalms="47.993" />
<exclusive-end id="5816" timestamp="2019-08-08T07:22:44.052" durationms="0.043" />

<exclusive-start id="5817" timestamp="2019-08-08T07:22:44.052" intervalms="0.252">
  <response-info timems="0.008" idlems="0.008" threads="0" lastid="0000000000996F00" lastname="main" />
</exclusive-start>
<af-start id="5818" threadId="0000000000997888" totalBytesRequested="1168" timestamp="2019-08-08T07:22:44.052" intervalms="48.311" />
<concurrent-aborted id="5819" timestamp="2019-08-08T07:22:44.052">
  <reason value="insufficient progress made" />
</concurrent-aborted>
<cycle-end id="5820" type="global" contextid="5815" timestamp="2019-08-08T07:22:44.052" />
  <attribute name="elasticGC enabled" value="1" />
  <attribute name= "numThreadsSpecified" value="16" />
  <attribute name="heapSize specified" value="97517568" />
  <attribute name="Current GC Util" value="37" />
  <attribute name= "Current Time Running" value="131653" />
  <attribute name ="GC Interval" value="0" />
  <attribute name="Target GC Util Change" value ="80.000000" />
  <attribute name="Current GC Util Change" value="37.000000"/>
  <attribute name="Current Error" value="111.000000" />
  <attribute name="Output H" value="97820792"/>
  <attribute name="Output I" value="2584"/>
  <attribute name="Output T" value="16"/>
  <attribute name= "Current Time Running" value="131653" />
  <attribute name="GC Util currently" value="37" />
  <attribute name="CPU Util currently" value="47842561466" />
<cycle-start id="5821" type="global" contextid="0" timestamp="2019-08-08T07:22:44.052" intervalms="0.327" />
<gc-start id="5822" type="global" contextid="5821" timestamp="2019-08-08T07:22:44.052">
  <mem-info id="5823" free="977920" total="97845248" percent="0">
    <mem type="tenure" free="977920" total="97845248" percent="0">
      <mem type="soa" free="0" total="96867328" percent="0" />
      <mem type="loa" free="977920" total="977920" percent="100" />
    </mem>
  </mem-info>
</gc-start>
<allocation-stats totalBytes="78701240" >
  <allocated-bytes non-tlh="0" tlh="78701240" />
  <largest-consumer threadName="main" threadId="0000000000996F00" bytes="78701240" />
</allocation-stats>
<gc-op id="5824" type="mark" timems="8.072" contextid="5821" timestamp="2019-08-08T07:22:44.060">
  <trace-info objectcount="596754" scancount="517743" scanbytes="13288756" />
  <finalization candidates="80" enqueued="0" />
  <ownableSynchronizers candidates="21" cleared="0" />
  <references type="soft" candidates="1855" cleared="0" enqueued="0" dynamicThreshold="26" maxThreshold="32" />
  <references type="weak" candidates="5730" cleared="0" enqueued="0" />
  <references type="phantom" candidates="97" cleared="0" enqueued="0" />
  <stringconstants candidates="13272" cleared="0"  />
</gc-op>
<gc-op id="5825" type="sweep" timems="8.671" contextid="5821" timestamp="2019-08-08T07:22:44.069" />
<mem-info id="5826" free="79941344" total="97845248" percent="81">
  <mem type="tenure" free="79941344" total="97845248" percent="81" micro-fragmented="0">
    <mem type="soa" free="78963424" total="96867328" percent="81" />
    <mem type="loa" free="977920" total="977920" percent="100" />
  </mem>
</mem-info>
<gc-op id="5827" type="compact" timems="25.724" contextid="5821" timestamp="2019-08-08T07:22:44.095">
  <compact-info movecount="2" movebytes="56" reason="compact to aid heap contraction" />
</gc-op>
<heap-resize id="5828" type="expand" space="tenure" amount="327680" count="1" timems="0.020" reason="satisfy allocation request" timestamp="2019-08-08T07:22:44.095" />
<gc-end id="5829" type="global" contextid="5821" durationms="43.240" usertimems="90.937" systemtimems="0.000" timestamp="2019-08-08T07:22:44.096" activeThreads="16">
  <mem-info id="5830" free="80203488" total="98172928" percent="81">
    <mem type="tenure" free="80203488" total="98172928" percent="81">
      <mem type="soa" free="79222496" total="97191936" percent="81" />
      <mem type="loa" free="980992" total="980992" percent="100" />
    </mem>
  </mem-info>
</gc-end>
<cycle-end id="5831" type="global" contextid="5821" timestamp="2019-08-08T07:22:44.096" />
  <attribute name="elasticGC enabled" value="1" />
  <attribute name= "numThreadsSpecified" value="16" />
  <attribute name="heapSize specified" value="97845248" />
  <attribute name="Current GC Util" value="43" />
  <attribute name= "Current Time Running" value="131705" />
  <attribute name ="GC Interval" value="0" />
  <attribute name="Target GC Util Change" value ="80.000000" />
  <attribute name="Current GC Util Change" value="43.000000"/>
  <attribute name="Current Error" value="37.000000" />
  <attribute name="Output H" value="98148136"/>
  <attribute name="Output I" value="2200"/>
  <attribute name="Output T" value="16"/>
  <attribute name= "Current Time Running" value="131705" />
  <attribute name="GC Util currently" value="43" />
  <attribute name="CPU Util currently" value="44787353417" />
<allocation-satisfied id="5832" threadId="0000000000996F00" bytesRequested="1168" />
<af-end id="5833" timestamp="2019-08-08T07:22:44.096" threadId="0000000000997888" success="true" />
<exclusive-end id="5834" timestamp="2019-08-08T07:22:44.096" durationms="43.465" />

<concurrent-kickoff id="5835" timestamp="2019-08-08T07:22:44.103">
  <kickoff reason="threshold reached" targetBytes="8169188" thresholdFreeBytes="1113296" remainingFree="998264" tenureFreeBytes="998264" />
</concurrent-kickoff>
<exclusive-start id="5836" timestamp="2019-08-08T07:22:44.104" intervalms="51.531">
  <response-info timems="0.024" idlems="0.024" threads="0" lastid="0000000000996F00" lastname="main" />
</exclusive-start>
<cycle-start id="5837" type="global" contextid="0" timestamp="2019-08-08T07:22:44.104" intervalms="51.430" />
<exclusive-end id="5838" timestamp="2019-08-08T07:22:44.104" durationms="0.013" />

<exclusive-start id="5839" timestamp="2019-08-08T07:22:44.104" intervalms="0.178">
  <response-info timems="0.008" idlems="0.008" threads="0" lastid="0000000000996F00" lastname="main" />
</exclusive-start>
<af-start id="5840" threadId="0000000000997888" totalBytesRequested="1168" timestamp="2019-08-08T07:22:44.104" intervalms="51.693" />
<concurrent-aborted id="5841" timestamp="2019-08-08T07:22:44.104">
  <reason value="insufficient progress made" />
</concurrent-aborted>
<cycle-end id="5842" type="global" contextid="5837" timestamp="2019-08-08T07:22:44.104" />
  <attribute name="elasticGC enabled" value="1" />
  <attribute name= "numThreadsSpecified" value="16" />
  <attribute name="heapSize specified" value="97845248" />
  <attribute name="Current GC Util" value="43" />
  <attribute name= "Current Time Running" value="131705" />
  <attribute name ="GC Interval" value="0" />
  <attribute name="Target GC Util Change" value ="80.000000" />
  <attribute name="Current GC Util Change" value="43.000000"/>
  <attribute name="Current Error" value="37.000000" />
  <attribute name="Output H" value="98148136"/>
  <attribute name="Output I" value="2200"/>
  <attribute name="Output T" value="16"/>
  <attribute name= "Current Time Running" value="131705" />
  <attribute name="GC Util currently" value="43" />
  <attribute name="CPU Util currently" value="44787353417" />
<cycle-start id="5843" type="global" contextid="0" timestamp="2019-08-08T07:22:44.104" intervalms="0.242" />
<gc-start id="5844" type="global" contextid="5843" timestamp="2019-08-08T07:22:44.104">
  <mem-info id="5845" free="980992" total="98172928" percent="0">
    <mem type="tenure" free="980992" total="98172928" percent="0">
      <mem type="soa" free="0" total="97191936" percent="0" />
      <mem type="loa" free="980992" total="980992" percent="100" />
    </mem>
  </mem-info>
</gc-start>
<allocation-stats totalBytes="79025400" >
  <allocated-bytes non-tlh="0" tlh="79025400" />
  <largest-consumer threadName="main" threadId="0000000000996F00" bytes="79025400" />
</allocation-stats>
<gc-op id="5846" type="mark" timems="8.083" contextid="5843" timestamp="2019-08-08T07:22:44.112">
  <trace-info objectcount="596754" scancount="517744" scanbytes="13288756" />
  <finalization candidates="80" enqueued="0" />
  <ownableSynchronizers candidates="21" cleared="0" />
  <references type="soft" candidates="1855" cleared="0" enqueued="0" dynamicThreshold="26" maxThreshold="32" />
  <references type="weak" candidates="5730" cleared="0" enqueued="0" />
  <references type="phantom" candidates="97" cleared="0" enqueued="0" />
  <stringconstants candidates="13272" cleared="0"  />
</gc-op>
<gc-op id="5847" type="sweep" timems="7.642" contextid="5843" timestamp="2019-08-08T07:22:44.120" />
<mem-info id="5848" free="80269024" total="98172928" percent="81">
  <mem type="tenure" free="80269024" total="98172928" percent="81" micro-fragmented="0">
    <mem type="soa" free="79288032" total="97191936" percent="81" />
    <mem type="loa" free="980992" total="980992" percent="100" />
  </mem>
</mem-info>
<gc-op id="5849" type="compact" timems="26.432" contextid="5843" timestamp="2019-08-08T07:22:44.146">
  <compact-info movecount="2" movebytes="56" reason="compact to aid heap contraction" />
</gc-op>
<heap-resize id="5850" type="expand" space="tenure" amount="327680" count="1" timems="0.020" reason="satisfy allocation request" timestamp="2019-08-08T07:22:44.147" />
<gc-end id="5851" type="global" contextid="5843" durationms="42.904" usertimems="97.101" systemtimems="0.000" timestamp="2019-08-08T07:22:44.147" activeThreads="16">
  <mem-info id="5852" free="80531168" total="98500608" percent="81">
    <mem type="tenure" free="80531168" total="98500608" percent="81">
      <mem type="soa" free="79547104" total="97516544" percent="81" />
      <mem type="loa" free="984064" total="984064" percent="100" />
    </mem>
  </mem-info>
</gc-end>
<cycle-end id="5853" type="global" contextid="5843" timestamp="2019-08-08T07:22:44.147" />
  <attribute name="elasticGC enabled" value="1" />
  <attribute name= "numThreadsSpecified" value="16" />
  <attribute name="heapSize specified" value="98172928" />
  <attribute name="Current GC Util" value="49" />
  <attribute name= "Current Time Running" value="131757" />
  <attribute name ="GC Interval" value="0" />
  <attribute name="Target GC Util Change" value ="80.000000" />
  <attribute name="Current GC Util Change" value="49.000000"/>
  <attribute name="Current Error" value="-686.000000" />
  <attribute name="Output H" value="98472472"/>
  <attribute name="Output I" value="200"/>
  <attribute name="Output T" value="16"/>
  <attribute name= "Current Time Running" value="131757" />
  <attribute name="GC Util currently" value="49" />
  <attribute name="CPU Util currently" value="43564330443" />
<allocation-satisfied id="5854" threadId="0000000000996F00" bytesRequested="1168" />
<af-end id="5855" timestamp="2019-08-08T07:22:44.147" threadId="0000000000997888" success="true" />
<exclusive-end id="5856" timestamp="2019-08-08T07:22:44.147" durationms="43.106" />

<concurrent-kickoff id="5857" timestamp="2019-08-08T07:22:44.155">
  <kickoff reason="threshold reached" targetBytes="8196456" thresholdFreeBytes="1117013" remainingFree="1063800" tenureFreeBytes="1063800" />
</concurrent-kickoff>
<exclusive-start id="5858" timestamp="2019-08-08T07:22:44.156" intervalms="51.726">
  <response-info timems="0.041" idlems="0.041" threads="0" lastid="0000000000996F00" lastname="main" />
</exclusive-start>
<cycle-start id="5859" type="global" contextid="0" timestamp="2019-08-08T07:22:44.156" intervalms="51.662" />
<exclusive-end id="5860" timestamp="2019-08-08T07:22:44.156" durationms="0.060" />

<exclusive-start id="5861" timestamp="2019-08-08T07:22:44.156" intervalms="0.221">
  <response-info timems="0.006" idlems="0.006" threads="0" lastid="0000000000996F00" lastname="main" />
</exclusive-start>
<af-start id="5862" threadId="0000000000997888" totalBytesRequested="1168" timestamp="2019-08-08T07:22:44.156" intervalms="51.965" />
<concurrent-aborted id="5863" timestamp="2019-08-08T07:22:44.156">
  <reason value="insufficient progress made" />
</concurrent-aborted>
<cycle-end id="5864" type="global" contextid="5859" timestamp="2019-08-08T07:22:44.156" />
  <attribute name="elasticGC enabled" value="1" />
  <attribute name= "numThreadsSpecified" value="16" />
  <attribute name="heapSize specified" value="98172928" />
  <attribute name="Current GC Util" value="49" />
  <attribute name= "Current Time Running" value="131757" />
  <attribute name ="GC Interval" value="0" />
  <attribute name="Target GC Util Change" value ="80.000000" />
  <attribute name="Current GC Util Change" value="49.000000"/>
  <attribute name="Current Error" value="-686.000000" />
  <attribute name="Output H" value="98472472"/>
  <attribute name="Output I" value="200"/>
  <attribute name="Output T" value="16"/>
  <attribute name= "Current Time Running" value="131757" />
  <attribute name="GC Util currently" value="49" />
  <attribute name="CPU Util currently" value="43564330443" />
<cycle-start id="5865" type="global" contextid="0" timestamp="2019-08-08T07:22:44.156" intervalms="0.306" />
<gc-start id="5866" type="global" contextid="5865" timestamp="2019-08-08T07:22:44.156">
  <mem-info id="5867" free="984064" total="98500608" percent="0">
    <mem type="tenure" free="984064" total="98500608" percent="0">
      <mem type="soa" free="0" total="97516544" percent="0" />
      <mem type="loa" free="984064" total="984064" percent="100" />
    </mem>
  </mem-info>
</gc-start>
<allocation-stats totalBytes="79348280" >
  <allocated-bytes non-tlh="0" tlh="79348280" />
  <largest-consumer threadName="main" threadId="0000000000996F00" bytes="79348280" />
</allocation-stats>
<gc-op id="5868" type="mark" timems="8.636" contextid="5865" timestamp="2019-08-08T07:22:44.165">
  <trace-info objectcount="596754" scancount="517743" scanbytes="13288756" />
  <finalization candidates="80" enqueued="0" />
  <ownableSynchronizers candidates="21" cleared="0" />
  <references type="soft" candidates="1855" cleared="0" enqueued="0" dynamicThreshold="26" maxThreshold="32" />
  <references type="weak" candidates="5730" cleared="0" enqueued="0" />
  <references type="phantom" candidates="97" cleared="0" enqueued="0" />
  <stringconstants candidates="13272" cleared="0"  />
</gc-op>
<gc-op id="5869" type="sweep" timems="8.653" contextid="5865" timestamp="2019-08-08T07:22:44.173" />
<mem-info id="5870" free="80596704" total="98500608" percent="81">
  <mem type="tenure" free="80596704" total="98500608" percent="81" micro-fragmented="0">
    <mem type="soa" free="79612640" total="97516544" percent="81" />
    <mem type="loa" free="984064" total="984064" percent="100" />
  </mem>
</mem-info>
<gc-op id="5871" type="compact" timems="26.877" contextid="5865" timestamp="2019-08-08T07:22:44.200">
  <compact-info movecount="2" movebytes="56" reason="compact to aid heap contraction" />
</gc-op>
<heap-resize id="5872" type="expand" space="tenure" amount="327680" count="1" timems="0.021" reason="satisfy allocation request" timestamp="2019-08-08T07:22:44.201" />
<gc-end id="5873" type="global" contextid="5865" durationms="44.691" usertimems="106.326" systemtimems="0.000" timestamp="2019-08-08T07:22:44.201" activeThreads="16">
  <mem-info id="5874" free="80858848" total="98828288" percent="81">
    <mem type="tenure" free="80858848" total="98828288" percent="81">
      <mem type="soa" free="79870688" total="97840128" percent="81" />
      <mem type="loa" free="988160" total="988160" percent="100" />
    </mem>
  </mem-info>
</gc-end>
<cycle-end id="5875" type="global" contextid="5865" timestamp="2019-08-08T07:22:44.201" />
  <attribute name="elasticGC enabled" value="1" />
  <attribute name= "numThreadsSpecified" value="16" />
  <attribute name="heapSize specified" value="98500608" />
  <attribute name="Current GC Util" value="60" />
  <attribute name= "Current Time Running" value="131811" />
  <attribute name ="GC Interval" value="0" />
  <attribute name="Target GC Util Change" value ="80.000000" />
  <attribute name="Current GC Util Change" value="60.000000"/>
  <attribute name="Current Error" value="-729.000000" />
  <attribute name="Output H" value="98799960"/>
  <attribute name="Output I" value="200"/>
  <attribute name="Output T" value="16"/>
  <attribute name= "Current Time Running" value="131811" />
  <attribute name="GC Util currently" value="60" />
  <attribute name="CPU Util currently" value="42837919137" />
<allocation-satisfied id="5876" threadId="0000000000996F00" bytesRequested="1168" />
<af-end id="5877" timestamp="2019-08-08T07:22:44.201" threadId="0000000000997888" success="true" />
<exclusive-end id="5878" timestamp="2019-08-08T07:22:44.201" durationms="44.885" />

<concurrent-kickoff id="5879" timestamp="2019-08-08T07:22:44.208">
  <kickoff reason="threshold reached" targetBytes="8223722" thresholdFreeBytes="1120729" remainingFree="998264" tenureFreeBytes="998264" />
</concurrent-kickoff>
<exclusive-start id="5880" timestamp="2019-08-08T07:22:44.209" intervalms="52.941">
  <response-info timems="0.089" idlems="0.089" threads="0" lastid="0000000000996F00" lastname="main" />
</exclusive-start>
<cycle-start id="5881" type="global" contextid="0" timestamp="2019-08-08T07:22:44.209" intervalms="52.859" />
<exclusive-end id="5882" timestamp="2019-08-08T07:22:44.209" durationms="0.019" />

<exclusive-start id="5883" timestamp="2019-08-08T07:22:44.209" intervalms="0.249">
  <response-info timems="0.009" idlems="0.009" threads="0" lastid="0000000000996F00" lastname="main" />
</exclusive-start>
<af-start id="5884" threadId="0000000000997888" totalBytesRequested="1168" timestamp="2019-08-08T07:22:44.209" intervalms="53.164" />
<concurrent-aborted id="5885" timestamp="2019-08-08T07:22:44.209">
  <reason value="insufficient progress made" />
</concurrent-aborted>
<cycle-end id="5886" type="global" contextid="5881" timestamp="2019-08-08T07:22:44.209" />
  <attribute name="elasticGC enabled" value="1" />
  <attribute name= "numThreadsSpecified" value="16" />
  <attribute name="heapSize specified" value="98500608" />
  <attribute name="Current GC Util" value="60" />
  <attribute name= "Current Time Running" value="131811" />
  <attribute name ="GC Interval" value="0" />
  <attribute name="Target GC Util Change" value ="80.000000" />
  <attribute name="Current GC Util Change" value="60.000000"/>
  <attribute name="Current Error" value="-729.000000" />
  <attribute name="Output H" value="98799960"/>
  <attribute name="Output I" value="200"/>
  <attribute name="Output T" value="16"/>
  <attribute name= "Current Time Running" value="131811" />
  <attribute name="GC Util currently" value="60" />
  <attribute name="CPU Util currently" value="42837919137" />
<cycle-start id="5887" type="global" contextid="0" timestamp="2019-08-08T07:22:44.209" intervalms="0.315" />
<gc-start id="5888" type="global" contextid="5887" timestamp="2019-08-08T07:22:44.209">
  <mem-info id="5889" free="988160" total="98828288" percent="0">
    <mem type="tenure" free="988160" total="98828288" percent="0">
      <mem type="soa" free="0" total="97840128" percent="0" />
      <mem type="loa" free="988160" total="988160" percent="100" />
    </mem>
  </mem-info>
</gc-start>
<allocation-stats totalBytes="79671208" >
  <allocated-bytes non-tlh="0" tlh="79671208" />
  <largest-consumer threadName="main" threadId="0000000000996F00" bytes="79671208" />
</allocation-stats>
<gc-op id="5890" type="mark" timems="9.183" contextid="5887" timestamp="2019-08-08T07:22:44.218">
  <trace-info objectcount="596754" scancount="517742" scanbytes="13288756" />
  <finalization candidates="80" enqueued="0" />
  <ownableSynchronizers candidates="21" cleared="0" />
  <references type="soft" candidates="1855" cleared="0" enqueued="0" dynamicThreshold="26" maxThreshold="32" />
  <references type="weak" candidates="5730" cleared="0" enqueued="0" />
  <references type="phantom" candidates="97" cleared="0" enqueued="0" />
  <stringconstants candidates="13272" cleared="0"  />
</gc-op>
<gc-op id="5891" type="sweep" timems="7.939" contextid="5887" timestamp="2019-08-08T07:22:44.226" />
<mem-info id="5892" free="80924136" total="98828288" percent="81">
  <mem type="tenure" free="80924136" total="98828288" percent="81" micro-fragmented="0">
    <mem type="soa" free="79935976" total="97840128" percent="81" />
    <mem type="loa" free="988160" total="988160" percent="100" />
  </mem>
</mem-info>
<gc-op id="5893" type="compact" timems="23.778" contextid="5887" timestamp="2019-08-08T07:22:44.250">
  <compact-info movecount="2" movebytes="56" reason="compact to aid heap contraction" />
</gc-op>
<heap-resize id="5894" type="expand" space="tenure" amount="327680" count="1" timems="0.020" reason="satisfy allocation request" timestamp="2019-08-08T07:22:44.251" />
<gc-end id="5895" type="global" contextid="5887" durationms="41.650" usertimems="82.094" systemtimems="0.000" timestamp="2019-08-08T07:22:44.251" activeThreads="16">
  <mem-info id="5896" free="81186528" total="99155968" percent="81">
    <mem type="tenure" free="81186528" total="99155968" percent="81">
      <mem type="soa" free="80195296" total="98164736" percent="81" />
      <mem type="loa" free="991232" total="991232" percent="100" />
    </mem>
  </mem-info>
</gc-end>
<cycle-end id="5897" type="global" contextid="5887" timestamp="2019-08-08T07:22:44.251" />
  <attribute name="elasticGC enabled" value="1" />
  <attribute name= "numThreadsSpecified" value="16" />
  <attribute name="heapSize specified" value="98828288" />
  <attribute name="Current GC Util" value="39" />
  <attribute name= "Current Time Running" value="131861" />
  <attribute name ="GC Interval" value="0" />
  <attribute name="Target GC Util Change" value ="80.000000" />
  <attribute name="Current GC Util Change" value="39.000000"/>
  <attribute name="Current Error" value="-171.000000" />
  <attribute name="Output H" value="99130216"/>
  <attribute name="Output I" value="1120"/>
  <attribute name="Output T" value="16"/>
  <attribute name= "Current Time Running" value="131861" />
  <attribute name="GC Util currently" value="39" />
  <attribute name="CPU Util currently" value="48428789561" />
<allocation-satisfied id="5898" threadId="0000000000996F00" bytesRequested="1168" />
<af-end id="5899" timestamp="2019-08-08T07:22:44.251" threadId="0000000000997888" success="true" />
<exclusive-end id="5900" timestamp="2019-08-08T07:22:44.251" durationms="41.886" />

<concurrent-kickoff id="5901" timestamp="2019-08-08T07:22:44.259">
  <kickoff reason="threshold reached" targetBytes="8250989" thresholdFreeBytes="1124445" remainingFree="1063800" tenureFreeBytes="1063800" />
</concurrent-kickoff>
<exclusive-start id="5902" timestamp="2019-08-08T07:22:44.259" intervalms="50.098">
  <response-info timems="0.023" idlems="0.023" threads="0" lastid="0000000000996F00" lastname="main" />
</exclusive-start>
<cycle-start id="5903" type="global" contextid="0" timestamp="2019-08-08T07:22:44.259" intervalms="50.029" />
<exclusive-end id="5904" timestamp="2019-08-08T07:22:44.259" durationms="0.013" />

<exclusive-start id="5905" timestamp="2019-08-08T07:22:44.259" intervalms="0.198">
  <response-info timems="0.008" idlems="0.008" threads="0" lastid="0000000000996F00" lastname="main" />
</exclusive-start>
<af-start id="5906" threadId="0000000000997888" totalBytesRequested="1168" timestamp="2019-08-08T07:22:44.259" intervalms="50.298" />
<concurrent-aborted id="5907" timestamp="2019-08-08T07:22:44.259">
  <reason value="insufficient progress made" />
</concurrent-aborted>
<cycle-end id="5908" type="global" contextid="5903" timestamp="2019-08-08T07:22:44.259" />
  <attribute name="elasticGC enabled" value="1" />
  <attribute name= "numThreadsSpecified" value="16" />
  <attribute name="heapSize specified" value="98828288" />
  <attribute name="Current GC Util" value="39" />
  <attribute name= "Current Time Running" value="131861" />
  <attribute name ="GC Interval" value="0" />
  <attribute name="Target GC Util Change" value ="80.000000" />
  <attribute name="Current GC Util Change" value="39.000000"/>
  <attribute name="Current Error" value="-171.000000" />
  <attribute name="Output H" value="99130216"/>
  <attribute name="Output I" value="1120"/>
  <attribute name="Output T" value="16"/>
  <attribute name= "Current Time Running" value="131861" />
  <attribute name="GC Util currently" value="39" />
  <attribute name="CPU Util currently" value="48428789561" />
<cycle-start id="5909" type="global" contextid="0" timestamp="2019-08-08T07:22:44.259" intervalms="0.257" />
<gc-start id="5910" type="global" contextid="5909" timestamp="2019-08-08T07:22:44.259">
  <mem-info id="5911" free="991232" total="99155968" percent="0">
    <mem type="tenure" free="991232" total="99155968" percent="0">
      <mem type="soa" free="0" total="98164736" percent="0" />
      <mem type="loa" free="991232" total="991232" percent="100" />
    </mem>
  </mem-info>
</gc-start>
<allocation-stats totalBytes="79994112" >
  <allocated-bytes non-tlh="0" tlh="79994112" />
  <largest-consumer threadName="main" threadId="0000000000996F00" bytes="79994112" />
</allocation-stats>
<gc-op id="5912" type="mark" timems="12.436" contextid="5909" timestamp="2019-08-08T07:22:44.272">
  <trace-info objectcount="596754" scancount="517722" scanbytes="13288756" />
  <finalization candidates="80" enqueued="0" />
  <ownableSynchronizers candidates="21" cleared="0" />
  <references type="soft" candidates="1855" cleared="0" enqueued="0" dynamicThreshold="26" maxThreshold="32" />
  <references type="weak" candidates="5730" cleared="0" enqueued="0" />
  <references type="phantom" candidates="97" cleared="0" enqueued="0" />
  <stringconstants candidates="13272" cleared="0"  />
</gc-op>
<gc-op id="5913" type="sweep" timems="7.691" contextid="5909" timestamp="2019-08-08T07:22:44.280" />
<mem-info id="5914" free="81252064" total="99155968" percent="81">
  <mem type="tenure" free="81252064" total="99155968" percent="81" micro-fragmented="0">
    <mem type="soa" free="80260832" total="98164736" percent="81" />
    <mem type="loa" free="991232" total="991232" percent="100" />
  </mem>
</mem-info>
<gc-op id="5915" type="compact" timems="26.162" contextid="5909" timestamp="2019-08-08T07:22:44.306">
  <compact-info movecount="2" movebytes="56" reason="compact to aid heap contraction" />
</gc-op>
<heap-resize id="5916" type="expand" space="tenure" amount="327680" count="1" timems="0.021" reason="satisfy allocation request" timestamp="2019-08-08T07:22:44.306" />
<gc-end id="5917" type="global" contextid="5909" durationms="47.141" usertimems="102.883" systemtimems="0.000" timestamp="2019-08-08T07:22:44.306" activeThreads="16">
  <mem-info id="5918" free="81514208" total="99483648" percent="81">
    <mem type="tenure" free="81514208" total="99483648" percent="81">
      <mem type="soa" free="80519904" total="98489344" percent="81" />
      <mem type="loa" free="994304" total="994304" percent="100" />
    </mem>
  </mem-info>
</gc-end>
<cycle-end id="5919" type="global" contextid="5909" timestamp="2019-08-08T07:22:44.307" />
  <attribute name="elasticGC enabled" value="1" />
  <attribute name= "numThreadsSpecified" value="16" />
  <attribute name="heapSize specified" value="99155968" />
  <attribute name="Current GC Util" value="44" />
  <attribute name= "Current Time Running" value="131916" />
  <attribute name ="GC Interval" value="0" />
  <attribute name="Target GC Util Change" value ="80.000000" />
  <attribute name="Current GC Util Change" value="44.000000"/>
  <attribute name="Current Error" value="75.000000" />
  <attribute name="Output H" value="99459032"/>
  <attribute name="Output I" value="2400"/>
  <attribute name="Output T" value="16"/>
  <attribute name= "Current Time Running" value="131916" />
  <attribute name="GC Util currently" value="44" />
  <attribute name="CPU Util currently" value="44026667933" />
<allocation-satisfied id="5920" threadId="0000000000996F00" bytesRequested="1168" />
<af-end id="5921" timestamp="2019-08-08T07:22:44.307" threadId="0000000000997888" success="true" />
<exclusive-end id="5922" timestamp="2019-08-08T07:22:44.307" durationms="47.309" />

<concurrent-kickoff id="5923" timestamp="2019-08-08T07:22:44.315">
  <kickoff reason="threshold reached" targetBytes="8278257" thresholdFreeBytes="1128161" remainingFree="998264" tenureFreeBytes="998264" />
</concurrent-kickoff>
<exclusive-start id="5924" timestamp="2019-08-08T07:22:44.315" intervalms="55.846">
  <response-info timems="0.021" idlems="0.021" threads="0" lastid="0000000000996F00" lastname="main" />
</exclusive-start>
<cycle-start id="5925" type="global" contextid="0" timestamp="2019-08-08T07:22:44.315" intervalms="55.787" />
<exclusive-end id="5926" timestamp="2019-08-08T07:22:44.315" durationms="0.012" />

<exclusive-start id="5927" timestamp="2019-08-08T07:22:44.315" intervalms="0.150">
  <response-info timems="0.008" idlems="0.008" threads="0" lastid="0000000000996F00" lastname="main" />
</exclusive-start>
<af-start id="5928" threadId="0000000000997888" totalBytesRequested="1168" timestamp="2019-08-08T07:22:44.315" intervalms="55.987" />
<concurrent-aborted id="5929" timestamp="2019-08-08T07:22:44.315">
  <reason value="insufficient progress made" />
</concurrent-aborted>
<cycle-end id="5930" type="global" contextid="5925" timestamp="2019-08-08T07:22:44.315" />
  <attribute name="elasticGC enabled" value="1" />
  <attribute name= "numThreadsSpecified" value="16" />
  <attribute name="heapSize specified" value="99155968" />
  <attribute name="Current GC Util" value="44" />
  <attribute name= "Current Time Running" value="131916" />
  <attribute name ="GC Interval" value="0" />
  <attribute name="Target GC Util Change" value ="80.000000" />
  <attribute name="Current GC Util Change" value="44.000000"/>
  <attribute name="Current Error" value="75.000000" />
  <attribute name="Output H" value="99459032"/>
  <attribute name="Output I" value="2400"/>
  <attribute name="Output T" value="16"/>
  <attribute name= "Current Time Running" value="131916" />
  <attribute name="GC Util currently" value="44" />
  <attribute name="CPU Util currently" value="44026667933" />
<cycle-start id="5931" type="global" contextid="0" timestamp="2019-08-08T07:22:44.315" intervalms="0.200" />
<gc-start id="5932" type="global" contextid="5931" timestamp="2019-08-08T07:22:44.315">
  <mem-info id="5933" free="994304" total="99483648" percent="0">
    <mem type="tenure" free="994304" total="99483648" percent="0">
      <mem type="soa" free="0" total="98489344" percent="0" />
      <mem type="loa" free="994304" total="994304" percent="100" />
    </mem>
  </mem-info>
</gc-start>
<allocation-stats totalBytes="80318272" >
  <allocated-bytes non-tlh="0" tlh="80318272" />
  <largest-consumer threadName="main" threadId="0000000000996F00" bytes="80318272" />
</allocation-stats>
<gc-op id="5934" type="mark" timems="8.651" contextid="5931" timestamp="2019-08-08T07:22:44.324">
  <trace-info objectcount="596754" scancount="517741" scanbytes="13288756" />
  <finalization candidates="80" enqueued="0" />
  <ownableSynchronizers candidates="21" cleared="0" />
  <references type="soft" candidates="1855" cleared="0" enqueued="0" dynamicThreshold="26" maxThreshold="32" />
  <references type="weak" candidates="5730" cleared="0" enqueued="0" />
  <references type="phantom" candidates="97" cleared="0" enqueued="0" />
  <stringconstants candidates="13272" cleared="0"  />
</gc-op>
<gc-op id="5935" type="sweep" timems="7.991" contextid="5931" timestamp="2019-08-08T07:22:44.332" />
<mem-info id="5936" free="81579480" total="99483648" percent="82">
  <mem type="tenure" free="81579480" total="99483648" percent="82" micro-fragmented="0">
    <mem type="soa" free="80585176" total="98489344" percent="81" />
    <mem type="loa" free="994304" total="994304" percent="100" />
  </mem>
</mem-info>
<gc-op id="5937" type="compact" timems="26.913" contextid="5931" timestamp="2019-08-08T07:22:44.359">
  <compact-info movecount="2" movebytes="56" reason="compact to aid heap contraction" />
</gc-op>
<heap-resize id="5938" type="expand" space="tenure" amount="327680" count="1" timems="0.020" reason="satisfy allocation request" timestamp="2019-08-08T07:22:44.360" />
<gc-end id="5939" type="global" contextid="5931" durationms="44.304" usertimems="92.700" systemtimems="0.000" timestamp="2019-08-08T07:22:44.360" activeThreads="16">
  <mem-info id="5940" free="81841888" total="99811328" percent="81">
    <mem type="tenure" free="81841888" total="99811328" percent="81">
      <mem type="soa" free="80844512" total="98813952" percent="81" />
      <mem type="loa" free="997376" total="997376" percent="100" />
    </mem>
  </mem-info>
</gc-end>
<cycle-end id="5941" type="global" contextid="5931" timestamp="2019-08-08T07:22:44.360" />
  <attribute name="elasticGC enabled" value="1" />
  <attribute name= "numThreadsSpecified" value="16" />
  <attribute name="heapSize specified" value="99483648" />
  <attribute name="Current GC Util" value="46" />
  <attribute name= "Current Time Running" value="131969" />
  <attribute name ="GC Interval" value="0" />
  <attribute name="Target GC Util Change" value ="80.000000" />
  <attribute name="Current GC Util Change" value="46.000000"/>
  <attribute name="Current Error" value="107.000000" />
  <attribute name="Output H" value="99786856"/>
  <attribute name="Output I" value="2568"/>
  <attribute name="Output T" value="16"/>
  <attribute name= "Current Time Running" value="131969" />
  <attribute name="GC Util currently" value="46" />
  <attribute name="CPU Util currently" value="42792947120" />
<allocation-satisfied id="5942" threadId="0000000000996F00" bytesRequested="1168" />
<af-end id="5943" timestamp="2019-08-08T07:22:44.360" threadId="0000000000997888" success="true" />
<exclusive-end id="5944" timestamp="2019-08-08T07:22:44.360" durationms="44.481" />

<concurrent-kickoff id="5945" timestamp="2019-08-08T07:22:44.368">
  <kickoff reason="threshold reached" targetBytes="8305524" thresholdFreeBytes="1131878" remainingFree="1063800" tenureFreeBytes="1063800" />
</concurrent-kickoff>
<exclusive-start id="5946" timestamp="2019-08-08T07:22:44.368" intervalms="53.230">
  <response-info timems="0.024" idlems="0.024" threads="0" lastid="0000000000996F00" lastname="main" />
</exclusive-start>
<cycle-start id="5947" type="global" contextid="0" timestamp="2019-08-08T07:22:44.368" intervalms="53.191" />
<exclusive-end id="5948" timestamp="2019-08-08T07:22:44.369" durationms="0.027" />

<exclusive-start id="5949" timestamp="2019-08-08T07:22:44.369" intervalms="0.229">
  <response-info timems="0.008" idlems="0.008" threads="0" lastid="0000000000996F00" lastname="main" />
</exclusive-start>
<af-start id="5950" threadId="0000000000997888" totalBytesRequested="1168" timestamp="2019-08-08T07:22:44.369" intervalms="53.483" />
<concurrent-aborted id="5951" timestamp="2019-08-08T07:22:44.369">
  <reason value="insufficient progress made" />
</concurrent-aborted>
<cycle-end id="5952" type="global" contextid="5947" timestamp="2019-08-08T07:22:44.369" />
  <attribute name="elasticGC enabled" value="1" />
  <attribute name= "numThreadsSpecified" value="16" />
  <attribute name="heapSize specified" value="99483648" />
  <attribute name="Current GC Util" value="46" />
  <attribute name= "Current Time Running" value="131969" />
  <attribute name ="GC Interval" value="0" />
  <attribute name="Target GC Util Change" value ="80.000000" />
  <attribute name="Current GC Util Change" value="46.000000"/>
  <attribute name="Current Error" value="107.000000" />
  <attribute name="Output H" value="99786856"/>
  <attribute name="Output I" value="2568"/>
  <attribute name="Output T" value="16"/>
  <attribute name= "Current Time Running" value="131969" />
  <attribute name="GC Util currently" value="46" />
  <attribute name="CPU Util currently" value="42792947120" />
<cycle-start id="5953" type="global" contextid="0" timestamp="2019-08-08T07:22:44.369" intervalms="0.333" />
<gc-start id="5954" type="global" contextid="5953" timestamp="2019-08-08T07:22:44.369">
  <mem-info id="5955" free="997376" total="99811328" percent="0">
    <mem type="tenure" free="997376" total="99811328" percent="0">
      <mem type="soa" free="0" total="98813952" percent="0" />
      <mem type="loa" free="997376" total="997376" percent="100" />
    </mem>
  </mem-info>
</gc-start>
<allocation-stats totalBytes="80479024" >
  <allocated-bytes non-tlh="0" tlh="80479024" />
  <largest-consumer threadName="main" threadId="0000000000996F00" bytes="80479024" />
</allocation-stats>
<gc-op id="5956" type="mark" timems="8.474" contextid="5953" timestamp="2019-08-08T07:22:44.377">
  <trace-info objectcount="596754" scancount="517740" scanbytes="13288784" />
  <finalization candidates="80" enqueued="0" />
  <ownableSynchronizers candidates="21" cleared="0" />
  <references type="soft" candidates="1855" cleared="0" enqueued="0" dynamicThreshold="26" maxThreshold="32" />
  <references type="weak" candidates="5730" cleared="0" enqueued="0" />
  <references type="phantom" candidates="97" cleared="0" enqueued="0" />
  <stringconstants candidates="13272" cleared="0"  />
</gc-op>
<gc-op id="5957" type="sweep" timems="7.514" contextid="5953" timestamp="2019-08-08T07:22:44.385" />
<mem-info id="5958" free="81905976" total="99811328" percent="82">
  <mem type="tenure" free="81905976" total="99811328" percent="82" micro-fragmented="0">
    <mem type="soa" free="80908600" total="98813952" percent="81" />
    <mem type="loa" free="997376" total="997376" percent="100" />
  </mem>
</mem-info>
<gc-op id="5959" type="compact" timems="25.075" contextid="5953" timestamp="2019-08-08T07:22:44.410">
  <compact-info movecount="182" movebytes="5760" reason="compact to aid heap contraction" />
</gc-op>
<heap-resize id="5960" type="expand" space="tenure" amount="327680" count="1" timems="0.021" reason="satisfy allocation request" timestamp="2019-08-08T07:22:44.411" />
<gc-end id="5961" type="global" contextid="5953" durationms="41.877" usertimems="91.400" systemtimems="0.000" timestamp="2019-08-08T07:22:44.411" activeThreads="16">
  <mem-info id="5962" free="82169544" total="100139008" percent="82">
    <mem type="tenure" free="82169544" total="100139008" percent="82">
      <mem type="soa" free="81169096" total="99138560" percent="81" />
      <mem type="loa" free="1000448" total="1000448" percent="100" />
    </mem>
  </mem-info>
</gc-end>
<cycle-end id="5963" type="global" contextid="5953" timestamp="2019-08-08T07:22:44.411" />
  <attribute name="elasticGC enabled" value="1" />
  <attribute name= "numThreadsSpecified" value="16" />
  <attribute name="heapSize specified" value="99811328" />
  <attribute name="Current GC Util" value="53" />
  <attribute name= "Current Time Running" value="132021" />
  <attribute name ="GC Interval" value="0" />
  <attribute name="Target GC Util Change" value ="80.000000" />
  <attribute name="Current GC Util Change" value="53.000000"/>
  <attribute name="Current Error" value="27.000000" />
  <attribute name="Output H" value="100114168"/>
  <attribute name="Output I" value="2152"/>
  <attribute name="Output T" value="16"/>
  <attribute name= "Current Time Running" value="132021" />
  <attribute name="GC Util currently" value="53" />
  <attribute name="CPU Util currently" value="45901775957" />
<allocation-satisfied id="5964" threadId="0000000000996F00" bytesRequested="1168" />
<af-end id="5965" timestamp="2019-08-08T07:22:44.411" threadId="0000000000997888" success="true" />
<exclusive-end id="5966" timestamp="2019-08-08T07:22:44.411" durationms="42.163" />

<concurrent-kickoff id="5967" timestamp="2019-08-08T07:22:44.419">
  <kickoff reason="threshold reached" targetBytes="8332790" thresholdFreeBytes="1135593" remainingFree="1131072" tenureFreeBytes="1131072" />
</concurrent-kickoff>
<exclusive-start id="5968" timestamp="2019-08-08T07:22:44.419" intervalms="50.747">
  <response-info timems="0.020" idlems="0.020" threads="0" lastid="0000000000996F00" lastname="main" />
</exclusive-start>
<cycle-start id="5969" type="global" contextid="0" timestamp="2019-08-08T07:22:44.419" intervalms="50.631" />
<exclusive-end id="5970" timestamp="2019-08-08T07:22:44.419" durationms="0.012" />

<exclusive-start id="5971" timestamp="2019-08-08T07:22:44.420" intervalms="0.190">
  <response-info timems="0.008" idlems="0.008" threads="0" lastid="0000000000996F00" lastname="main" />
</exclusive-start>
<af-start id="5972" threadId="0000000000997888" totalBytesRequested="1168" timestamp="2019-08-08T07:22:44.420" intervalms="50.931" />
<concurrent-aborted id="5973" timestamp="2019-08-08T07:22:44.420">
  <reason value="insufficient progress made" />
</concurrent-aborted>
<cycle-end id="5974" type="global" contextid="5969" timestamp="2019-08-08T07:22:44.420" />
  <attribute name="elasticGC enabled" value="1" />
  <attribute name= "numThreadsSpecified" value="16" />
  <attribute name="heapSize specified" value="99811328" />
  <attribute name="Current GC Util" value="53" />
  <attribute name= "Current Time Running" value="132021" />
  <attribute name ="GC Interval" value="0" />
  <attribute name="Target GC Util Change" value ="80.000000" />
  <attribute name="Current GC Util Change" value="53.000000"/>
  <attribute name="Current Error" value="27.000000" />
  <attribute name="Output H" value="100114168"/>
  <attribute name="Output I" value="2152"/>
  <attribute name="Output T" value="16"/>
  <attribute name= "Current Time Running" value="132021" />
  <attribute name="GC Util currently" value="53" />
  <attribute name="CPU Util currently" value="45901775957" />
<cycle-start id="5975" type="global" contextid="0" timestamp="2019-08-08T07:22:44.420" intervalms="0.260" />
<gc-start id="5976" type="global" contextid="5975" timestamp="2019-08-08T07:22:44.420">
  <mem-info id="5977" free="1000448" total="100139008" percent="0">
    <mem type="tenure" free="1000448" total="100139008" percent="0">
      <mem type="soa" free="0" total="99138560" percent="0" />
      <mem type="loa" free="1000448" total="1000448" percent="100" />
    </mem>
  </mem-info>
</gc-start>
<allocation-stats totalBytes="80724232" >
  <allocated-bytes non-tlh="0" tlh="80724232" />
  <largest-consumer threadName="main" threadId="0000000000996F00" bytes="80724232" />
</allocation-stats>
<gc-op id="5978" type="mark" timems="8.372" contextid="5975" timestamp="2019-08-08T07:22:44.428">
  <trace-info objectcount="596755" scancount="517742" scanbytes="13288808" />
  <finalization candidates="80" enqueued="0" />
  <ownableSynchronizers candidates="21" cleared="0" />
  <references type="soft" candidates="1855" cleared="0" enqueued="0" dynamicThreshold="26" maxThreshold="32" />
  <references type="weak" candidates="5730" cleared="0" enqueued="0" />
  <references type="phantom" candidates="97" cleared="0" enqueued="0" />
  <stringconstants candidates="13272" cleared="0"  />
</gc-op>
<gc-op id="5979" type="sweep" timems="7.835" contextid="5975" timestamp="2019-08-08T07:22:44.436" />
<mem-info id="5980" free="82234680" total="100139008" percent="82">
  <mem type="tenure" free="82234680" total="100139008" percent="82" micro-fragmented="0">
    <mem type="soa" free="81234232" total="99138560" percent="81" />
    <mem type="loa" free="1000448" total="1000448" percent="100" />
  </mem>
</mem-info>
<gc-op id="5981" type="compact" timems="28.737" contextid="5975" timestamp="2019-08-08T07:22:44.465">
  <compact-info movecount="2" movebytes="64" reason="compact to aid heap contraction" />
</gc-op>
<heap-resize id="5982" type="expand" space="tenure" amount="327680" count="1" timems="0.022" reason="satisfy allocation request" timestamp="2019-08-08T07:22:44.465" />
<gc-end id="5983" type="global" contextid="5975" durationms="45.755" usertimems="103.775" systemtimems="0.000" timestamp="2019-08-08T07:22:44.466" activeThreads="16">
  <mem-info id="5984" free="82497200" total="100466688" percent="82">
    <mem type="tenure" free="82497200" total="100466688" percent="82">
      <mem type="soa" free="81492656" total="99462144" percent="81" />
      <mem type="loa" free="1004544" total="1004544" percent="100" />
    </mem>
  </mem-info>
</gc-end>
<cycle-end id="5985" type="global" contextid="5975" timestamp="2019-08-08T07:22:44.466" />
  <attribute name="elasticGC enabled" value="1" />
  <attribute name= "numThreadsSpecified" value="16" />
  <attribute name="heapSize specified" value="100139008" />
  <attribute name="Current GC Util" value="53" />
  <attribute name= "Current Time Running" value="132075" />
  <attribute name ="GC Interval" value="0" />
  <attribute name="Target GC Util Change" value ="80.000000" />
  <attribute name="Current GC Util Change" value="53.000000"/>
  <attribute name="Current Error" value="-666.000000" />
  <attribute name="Output H" value="100438648"/>
  <attribute name="Output I" value="200"/>
  <attribute name="Output T" value="16"/>
  <attribute name= "Current Time Running" value="132075" />
  <attribute name="GC Util currently" value="53" />
  <attribute name="CPU Util currently" value="40070587867" />
<allocation-satisfied id="5986" threadId="0000000000996F00" bytesRequested="1168" />
<af-end id="5987" timestamp="2019-08-08T07:22:44.466" threadId="0000000000997888" success="true" />
<exclusive-end id="5988" timestamp="2019-08-08T07:22:44.466" durationms="45.940" />

<concurrent-kickoff id="5989" timestamp="2019-08-08T07:22:44.475">
  <kickoff reason="threshold reached" targetBytes="8360057" thresholdFreeBytes="1139309" remainingFree="1065512" tenureFreeBytes="1065512" />
</concurrent-kickoff>
<exclusive-start id="5990" timestamp="2019-08-08T07:22:44.475" intervalms="55.542">
  <response-info timems="0.025" idlems="0.025" threads="0" lastid="0000000000996F00" lastname="main" />
</exclusive-start>
<cycle-start id="5991" type="global" contextid="0" timestamp="2019-08-08T07:22:44.475" intervalms="55.478" />
<exclusive-end id="5992" timestamp="2019-08-08T07:22:44.475" durationms="0.022" />

<exclusive-start id="5993" timestamp="2019-08-08T07:22:44.475" intervalms="0.186">
  <response-info timems="0.007" idlems="0.007" threads="0" lastid="0000000000996F00" lastname="main" />
</exclusive-start>
<af-start id="5994" threadId="0000000000997888" totalBytesRequested="1168" timestamp="2019-08-08T07:22:44.475" intervalms="55.744" />
<concurrent-aborted id="5995" timestamp="2019-08-08T07:22:44.475">
  <reason value="insufficient progress made" />
</concurrent-aborted>
<cycle-end id="5996" type="global" contextid="5991" timestamp="2019-08-08T07:22:44.475" />
  <attribute name="elasticGC enabled" value="1" />
  <attribute name= "numThreadsSpecified" value="16" />
  <attribute name="heapSize specified" value="100139008" />
  <attribute name="Current GC Util" value="53" />
  <attribute name= "Current Time Running" value="132075" />
  <attribute name ="GC Interval" value="0" />
  <attribute name="Target GC Util Change" value ="80.000000" />
  <attribute name="Current GC Util Change" value="53.000000"/>
  <attribute name="Current Error" value="-666.000000" />
  <attribute name="Output H" value="100438648"/>
  <attribute name="Output I" value="200"/>
  <attribute name="Output T" value="16"/>
  <attribute name= "Current Time Running" value="132075" />
  <attribute name="GC Util currently" value="53" />
  <attribute name="CPU Util currently" value="40070587867" />
<cycle-start id="5997" type="global" contextid="0" timestamp="2019-08-08T07:22:44.475" intervalms="0.266" />
<gc-start id="5998" type="global" contextid="5997" timestamp="2019-08-08T07:22:44.476">
  <mem-info id="5999" free="1004544" total="100466688" percent="0">
    <mem type="tenure" free="1004544" total="100466688" percent="0">
      <mem type="soa" free="0" total="99462144" percent="0" />
      <mem type="loa" free="1004544" total="1004544" percent="100" />
    </mem>
  </mem-info>
</gc-start>
<allocation-stats totalBytes="81046768" >
  <allocated-bytes non-tlh="0" tlh="81046768" />
  <largest-consumer threadName="main" threadId="0000000000996F00" bytes="81046768" />
</allocation-stats>
<gc-op id="6000" type="mark" timems="14.639" contextid="5997" timestamp="2019-08-08T07:22:44.490">
  <trace-info objectcount="596755" scancount="517742" scanbytes="13288808" />
  <finalization candidates="80" enqueued="0" />
  <ownableSynchronizers candidates="21" cleared="0" />
  <references type="soft" candidates="1855" cleared="0" enqueued="0" dynamicThreshold="26" maxThreshold="32" />
  <references type="weak" candidates="5730" cleared="0" enqueued="0" />
  <references type="phantom" candidates="97" cleared="0" enqueued="0" />
  <stringconstants candidates="13272" cleared="0"  />
</gc-op>
<gc-op id="6001" type="sweep" timems="8.521" contextid="5997" timestamp="2019-08-08T07:22:44.499" />
<mem-info id="6002" free="82562552" total="100466688" percent="82">
  <mem type="tenure" free="82562552" total="100466688" percent="82" micro-fragmented="0">
    <mem type="soa" free="81558008" total="99462144" percent="81" />
    <mem type="loa" free="1004544" total="1004544" percent="100" />
  </mem>
</mem-info>
<gc-op id="6003" type="compact" timems="23.776" contextid="5997" timestamp="2019-08-08T07:22:44.523">
  <compact-info movecount="2" movebytes="64" reason="compact to aid heap contraction" />
</gc-op>
<heap-resize id="6004" type="expand" space="tenure" amount="327680" count="1" timems="0.023" reason="satisfy allocation request" timestamp="2019-08-08T07:22:44.523" />
<gc-end id="6005" type="global" contextid="5997" durationms="47.759" usertimems="112.008" systemtimems="0.000" timestamp="2019-08-08T07:22:44.523" activeThreads="16">
  <mem-info id="6006" free="82824880" total="100794368" percent="82">
    <mem type="tenure" free="82824880" total="100794368" percent="82">
      <mem type="soa" free="81817264" total="99786752" percent="81" />
      <mem type="loa" free="1007616" total="1007616" percent="100" />
    </mem>
  </mem-info>
</gc-end>
<cycle-end id="6007" type="global" contextid="5997" timestamp="2019-08-08T07:22:44.523" />
  <attribute name="elasticGC enabled" value="1" />
  <attribute name= "numThreadsSpecified" value="16" />
  <attribute name="heapSize specified" value="100466688" />
  <attribute name="Current GC Util" value="39" />
  <attribute name= "Current Time Running" value="132133" />
  <attribute name ="GC Interval" value="0" />
  <attribute name="Target GC Util Change" value ="80.000000" />
  <attribute name="Current GC Util Change" value="39.000000"/>
  <attribute name="Current Error" value="-520.000000" />
  <attribute name="Output H" value="100767000"/>
  <attribute name="Output I" value="200"/>
  <attribute name="Output T" value="16"/>
  <attribute name= "Current Time Running" value="132133" />
  <attribute name="GC Util currently" value="39" />
  <attribute name="CPU Util currently" value="48450527166" />
<allocation-satisfied id="6008" threadId="0000000000996F00" bytesRequested="1168" />
<af-end id="6009" timestamp="2019-08-08T07:22:44.523" threadId="0000000000997888" success="true" />
<exclusive-end id="6010" timestamp="2019-08-08T07:22:44.523" durationms="48.016" />

<concurrent-kickoff id="6011" timestamp="2019-08-08T07:22:44.532">
  <kickoff reason="threshold reached" targetBytes="8387324" thresholdFreeBytes="1143025" remainingFree="1131048" tenureFreeBytes="1131048" />
</concurrent-kickoff>
<exclusive-start id="6012" timestamp="2019-08-08T07:22:44.532" intervalms="56.976">
  <response-info timems="0.024" idlems="0.024" threads="0" lastid="0000000000996F00" lastname="main" />
</exclusive-start>
<cycle-start id="6013" type="global" contextid="0" timestamp="2019-08-08T07:22:44.532" intervalms="56.891" />
<exclusive-end id="6014" timestamp="2019-08-08T07:22:44.532" durationms="0.013" />

<exclusive-start id="6015" timestamp="2019-08-08T07:22:44.533" intervalms="0.222">
  <response-info timems="0.009" idlems="0.009" threads="0" lastid="0000000000996F00" lastname="main" />
</exclusive-start>
<af-start id="6016" threadId="0000000000997888" totalBytesRequested="1168" timestamp="2019-08-08T07:22:44.533" intervalms="57.174" />
<concurrent-aborted id="6017" timestamp="2019-08-08T07:22:44.533">
  <reason value="insufficient progress made" />
</concurrent-aborted>
<cycle-end id="6018" type="global" contextid="6013" timestamp="2019-08-08T07:22:44.533" />
  <attribute name="elasticGC enabled" value="1" />
  <attribute name= "numThreadsSpecified" value="16" />
  <attribute name="heapSize specified" value="100466688" />
  <attribute name="Current GC Util" value="39" />
  <attribute name= "Current Time Running" value="132133" />
  <attribute name ="GC Interval" value="0" />
  <attribute name="Target GC Util Change" value ="80.000000" />
  <attribute name="Current GC Util Change" value="39.000000"/>
  <attribute name="Current Error" value="-520.000000" />
  <attribute name="Output H" value="100767000"/>
  <attribute name="Output I" value="200"/>
  <attribute name="Output T" value="16"/>
  <attribute name= "Current Time Running" value="132133" />
  <attribute name="GC Util currently" value="39" />
  <attribute name="CPU Util currently" value="48450527166" />
<cycle-start id="6019" type="global" contextid="0" timestamp="2019-08-08T07:22:44.533" intervalms="0.292" />
<gc-start id="6020" type="global" contextid="6019" timestamp="2019-08-08T07:22:44.533">
  <mem-info id="6021" free="1007616" total="100794368" percent="0">
    <mem type="tenure" free="1007616" total="100794368" percent="0">
      <mem type="soa" free="0" total="99786752" percent="0" />
      <mem type="loa" free="1007616" total="1007616" percent="100" />
    </mem>
  </mem-info>
</gc-start>
<allocation-stats totalBytes="81370528" >
  <allocated-bytes non-tlh="0" tlh="81370528" />
  <largest-consumer threadName="main" threadId="0000000000996F00" bytes="81370528" />
</allocation-stats>
<gc-op id="6022" type="mark" timems="7.989" contextid="6019" timestamp="2019-08-08T07:22:44.541">
  <trace-info objectcount="596755" scancount="517744" scanbytes="13288808" />
  <finalization candidates="80" enqueued="0" />
  <ownableSynchronizers candidates="21" cleared="0" />
  <references type="soft" candidates="1855" cleared="0" enqueued="0" dynamicThreshold="26" maxThreshold="32" />
  <references type="weak" candidates="5730" cleared="0" enqueued="0" />
  <references type="phantom" candidates="97" cleared="0" enqueued="0" />
  <stringconstants candidates="13272" cleared="0"  />
</gc-op>
<gc-op id="6023" type="sweep" timems="7.381" contextid="6019" timestamp="2019-08-08T07:22:44.548" />
<mem-info id="6024" free="82889792" total="100794368" percent="82">
  <mem type="tenure" free="82889792" total="100794368" percent="82" micro-fragmented="0">
    <mem type="soa" free="81882176" total="99786752" percent="82" />
    <mem type="loa" free="1007616" total="1007616" percent="100" />
  </mem>
</mem-info>
<gc-op id="6025" type="compact" timems="25.435" contextid="6019" timestamp="2019-08-08T07:22:44.574">
  <compact-info movecount="2" movebytes="64" reason="compact to aid heap contraction" />
</gc-op>
<heap-resize id="6026" type="expand" space="tenure" amount="327680" count="1" timems="0.024" reason="satisfy allocation request" timestamp="2019-08-08T07:22:44.574" />
<gc-end id="6027" type="global" contextid="6019" durationms="41.691" usertimems="94.420" systemtimems="0.000" timestamp="2019-08-08T07:22:44.574" activeThreads="16">
  <mem-info id="6028" free="83152560" total="101122048" percent="82">
    <mem type="tenure" free="83152560" total="101122048" percent="82">
      <mem type="soa" free="82141872" total="100111360" percent="82" />
      <mem type="loa" free="1010688" total="1010688" percent="100" />
    </mem>
  </mem-info>
</gc-end>
<cycle-end id="6029" type="global" contextid="6019" timestamp="2019-08-08T07:22:44.574" />
  <attribute name="elasticGC enabled" value="1" />
  <attribute name= "numThreadsSpecified" value="16" />
  <attribute name="heapSize specified" value="100794368" />
  <attribute name="Current GC Util" value="61" />
  <attribute name= "Current Time Running" value="132184" />
  <attribute name ="GC Interval" value="0" />
  <attribute name="Target GC Util Change" value ="80.000000" />
  <attribute name="Current GC Util Change" value="61.000000"/>
  <attribute name="Current Error" value="-343.000000" />
  <attribute name="Output H" value="101095496"/>
  <attribute name="Output I" value="232"/>
  <attribute name="Output T" value="16"/>
  <attribute name= "Current Time Running" value="132184" />
  <attribute name="GC Util currently" value="61" />
  <attribute name="CPU Util currently" value="45269200146" />
<allocation-satisfied id="6030" threadId="0000000000996F00" bytesRequested="1168" />
<af-end id="6031" timestamp="2019-08-08T07:22:44.575" threadId="0000000000997888" success="true" />
<exclusive-end id="6032" timestamp="2019-08-08T07:22:44.575" durationms="41.964" />

<concurrent-kickoff id="6033" timestamp="2019-08-08T07:22:44.585">
  <kickoff reason="threshold reached" targetBytes="8414591" thresholdFreeBytes="1146741" remainingFree="1065512" tenureFreeBytes="1065512" />
</concurrent-kickoff>
<exclusive-start id="6034" timestamp="2019-08-08T07:22:44.586" intervalms="53.009">
  <response-info timems="0.016" idlems="0.016" threads="0" lastid="0000000000996F00" lastname="main" />
</exclusive-start>
<cycle-start id="6035" type="global" contextid="0" timestamp="2019-08-08T07:22:44.586" intervalms="52.940" />
<exclusive-end id="6036" timestamp="2019-08-08T07:22:44.586" durationms="0.017" />

<exclusive-start id="6037" timestamp="2019-08-08T07:22:44.586" intervalms="0.481">
  <response-info timems="0.008" idlems="0.008" threads="0" lastid="0000000000996F00" lastname="main" />
</exclusive-start>
<af-start id="6038" threadId="0000000000997888" totalBytesRequested="80" timestamp="2019-08-08T07:22:44.586" intervalms="53.490" />
<concurrent-aborted id="6039" timestamp="2019-08-08T07:22:44.586">
  <reason value="insufficient progress made" />
</concurrent-aborted>
<cycle-end id="6040" type="global" contextid="6035" timestamp="2019-08-08T07:22:44.586" />
  <attribute name="elasticGC enabled" value="1" />
  <attribute name= "numThreadsSpecified" value="16" />
  <attribute name="heapSize specified" value="100794368" />
  <attribute name="Current GC Util" value="61" />
  <attribute name= "Current Time Running" value="132184" />
  <attribute name ="GC Interval" value="0" />
  <attribute name="Target GC Util Change" value ="80.000000" />
  <attribute name="Current GC Util Change" value="61.000000"/>
  <attribute name="Current Error" value="-343.000000" />
  <attribute name="Output H" value="101095496"/>
  <attribute name="Output I" value="232"/>
  <attribute name="Output T" value="16"/>
  <attribute name= "Current Time Running" value="132184" />
  <attribute name="GC Util currently" value="61" />
  <attribute name="CPU Util currently" value="45269200146" />
<cycle-start id="6041" type="global" contextid="0" timestamp="2019-08-08T07:22:44.586" intervalms="0.539" />
<gc-start id="6042" type="global" contextid="6041" timestamp="2019-08-08T07:22:44.586">
  <mem-info id="6043" free="1010688" total="101122048" percent="0">
    <mem type="tenure" free="1010688" total="101122048" percent="0">
      <mem type="soa" free="0" total="100111360" percent="0" />
      <mem type="loa" free="1010688" total="1010688" percent="100" />
    </mem>
  </mem-info>
</gc-start>
<allocation-stats totalBytes="82187472" >
  <allocated-bytes non-tlh="0" tlh="82187472" />
  <largest-consumer threadName="main" threadId="0000000000996F00" bytes="82187472" />
</allocation-stats>
<gc-op id="6044" type="mark" timems="10.126" contextid="6041" timestamp="2019-08-08T07:22:44.596">
  <trace-info objectcount="596881" scancount="517871" scanbytes="13293104" />
  <finalization candidates="80" enqueued="0" />
  <ownableSynchronizers candidates="21" cleared="0" />
  <references type="soft" candidates="1855" cleared="0" enqueued="0" dynamicThreshold="26" maxThreshold="32" />
  <references type="weak" candidates="5730" cleared="0" enqueued="0" />
  <references type="phantom" candidates="97" cleared="0" enqueued="0" />
  <stringconstants candidates="13272" cleared="0"  />
</gc-op>
<gc-op id="6045" type="sweep" timems="8.407" contextid="6041" timestamp="2019-08-08T07:22:44.605" />
<mem-info id="6046" free="83211416" total="101122048" percent="82">
  <mem type="tenure" free="83211416" total="101122048" percent="82" micro-fragmented="0">
    <mem type="soa" free="82200728" total="100111360" percent="82" />
    <mem type="loa" free="1010688" total="1010688" percent="100" />
  </mem>
</mem-info>
<gc-op id="6047" type="compact" timems="26.505" contextid="6041" timestamp="2019-08-08T07:22:44.631">
  <compact-info movecount="308" movebytes="8880" reason="compact to aid heap contraction" />
</gc-op>
<heap-resize id="6048" type="expand" space="tenure" amount="327680" count="1" timems="0.025" reason="satisfy allocation request" timestamp="2019-08-08T07:22:44.632" />
<gc-end id="6049" type="global" contextid="6041" durationms="46.037" usertimems="118.683" systemtimems="0.000" timestamp="2019-08-08T07:22:44.632" activeThreads="16">
  <mem-info id="6050" free="83477120" total="101449728" percent="82">
    <mem type="tenure" free="83477120" total="101449728" percent="82">
      <mem type="soa" free="82463360" total="100435968" percent="82" />
      <mem type="loa" free="1013760" total="1013760" percent="100" />
    </mem>
  </mem-info>
</gc-end>
<cycle-end id="6051" type="global" contextid="6041" timestamp="2019-08-08T07:22:44.632" />
  <attribute name="elasticGC enabled" value="1" />
  <attribute name= "numThreadsSpecified" value="16" />
  <attribute name="heapSize specified" value="101122048" />
  <attribute name="Current GC Util" value="54" />
  <attribute name= "Current Time Running" value="132242" />
  <attribute name ="GC Interval" value="0" />
  <attribute name="Target GC Util Change" value ="80.000000" />
  <attribute name="Current GC Util Change" value="54.000000"/>
  <attribute name="Current Error" value="40.000000" />
  <attribute name="Output H" value="101424944"/>
  <attribute name="Output I" value="2216"/>
  <attribute name="Output T" value="16"/>
  <attribute name= "Current Time Running" value="132242" />
  <attribute name="GC Util currently" value="54" />
  <attribute name="CPU Util currently" value="43415996189" />
<allocation-satisfied id="6052" threadId="0000000000996F00" bytesRequested="80" />
<af-end id="6053" timestamp="2019-08-08T07:22:44.632" threadId="0000000000997888" success="true" />
<exclusive-end id="6054" timestamp="2019-08-08T07:22:44.632" durationms="46.241" />

<concurrent-kickoff id="6055" timestamp="2019-08-08T07:22:44.714">
  <kickoff reason="threshold reached" targetBytes="8441859" thresholdFreeBytes="1150458" remainingFree="1126072" tenureFreeBytes="1126072" />
</concurrent-kickoff>
<exclusive-start id="6056" timestamp="2019-08-08T07:22:44.714" intervalms="127.868">
  <response-info timems="0.017" idlems="0.017" threads="0" lastid="0000000000996F00" lastname="main" />
</exclusive-start>
<cycle-start id="6057" type="global" contextid="0" timestamp="2019-08-08T07:22:44.714" intervalms="127.809" />
<exclusive-end id="6058" timestamp="2019-08-08T07:22:44.714" durationms="0.013" />

<exclusive-start id="6059" timestamp="2019-08-08T07:22:44.714" intervalms="0.424">
  <response-info timems="0.006" idlems="0.006" threads="0" lastid="0000000000996F00" lastname="main" />
</exclusive-start>
<af-start id="6060" threadId="0000000000997888" totalBytesRequested="32" timestamp="2019-08-08T07:22:44.714" intervalms="128.300" />
<concurrent-aborted id="6061" timestamp="2019-08-08T07:22:44.714">
  <reason value="insufficient progress made" />
</concurrent-aborted>
<cycle-end id="6062" type="global" contextid="6057" timestamp="2019-08-08T07:22:44.714" />
  <attribute name="elasticGC enabled" value="1" />
  <attribute name= "numThreadsSpecified" value="16" />
  <attribute name="heapSize specified" value="101122048" />
  <attribute name="Current GC Util" value="54" />
  <attribute name= "Current Time Running" value="132242" />
  <attribute name ="GC Interval" value="0" />
  <attribute name="Target GC Util Change" value ="80.000000" />
  <attribute name="Current GC Util Change" value="54.000000"/>
  <attribute name="Current Error" value="40.000000" />
  <attribute name="Output H" value="101424944"/>
  <attribute name="Output I" value="2216"/>
  <attribute name="Output T" value="16"/>
  <attribute name= "Current Time Running" value="132242" />
  <attribute name="GC Util currently" value="54" />
  <attribute name="CPU Util currently" value="43415996189" />
<cycle-start id="6063" type="global" contextid="0" timestamp="2019-08-08T07:22:44.714" intervalms="0.492" />
<gc-start id="6064" type="global" contextid="6063" timestamp="2019-08-08T07:22:44.714">
  <mem-info id="6065" free="1013760" total="101449728" percent="0">
    <mem type="tenure" free="1013760" total="101449728" percent="0">
      <mem type="soa" free="0" total="100435968" percent="0" />
      <mem type="loa" free="1013760" total="1013760" percent="100" />
    </mem>
  </mem-info>
</gc-start>
<allocation-stats totalBytes="82517456" >
  <allocated-bytes non-tlh="0" tlh="82517456" />
  <largest-consumer threadName="main" threadId="0000000000996F00" bytes="82517456" />
</allocation-stats>
<gc-op id="6066" type="mark" timems="9.165" contextid="6063" timestamp="2019-08-08T07:22:44.724">
  <trace-info objectcount="596952" scancount="517941" scanbytes="13295384" />
  <finalization candidates="80" enqueued="0" />
  <ownableSynchronizers candidates="21" cleared="0" />
  <references type="soft" candidates="1855" cleared="0" enqueued="0" dynamicThreshold="26" maxThreshold="32" />
  <references type="weak" candidates="5753" cleared="0" enqueued="0" />
  <references type="phantom" candidates="97" cleared="0" enqueued="0" />
  <stringconstants candidates="13272" cleared="0"  />
</gc-op>
<gc-op id="6067" type="sweep" timems="21.860" contextid="6063" timestamp="2019-08-08T07:22:44.746" />
<mem-info id="6068" free="83527752" total="101449728" percent="82">
  <mem type="tenure" free="83527752" total="101449728" percent="82" micro-fragmented="2050">
    <mem type="soa" free="82513992" total="100435968" percent="82" />
    <mem type="loa" free="1013760" total="1013760" percent="100" />
  </mem>
</mem-info>
<gc-op id="6069" type="compact" timems="125.165" contextid="6063" timestamp="2019-08-08T07:22:44.871">
  <compact-info movecount="555813" movebytes="15478264" reason="compact to aid heap contraction" />
</gc-op>
<heap-resize id="6070" type="expand" space="tenure" amount="327680" count="1" timems="0.024" reason="satisfy allocation request" timestamp="2019-08-08T07:22:44.871" />
<gc-end id="6071" type="global" contextid="6063" durationms="156.997" usertimems="223.082" systemtimems="0.000" timestamp="2019-08-08T07:22:44.871" activeThreads="16">
  <mem-info id="6072" free="83802488" total="101777408" percent="82">
    <mem type="tenure" free="83802488" total="101777408" percent="82">
      <mem type="soa" free="82785656" total="100760576" percent="82" />
      <mem type="loa" free="1016832" total="1016832" percent="100" />
    </mem>
  </mem-info>
</gc-end>
<cycle-end id="6073" type="global" contextid="6063" timestamp="2019-08-08T07:22:44.871" />
  <attribute name="elasticGC enabled" value="1" />
  <attribute name= "numThreadsSpecified" value="16" />
  <attribute name="heapSize specified" value="101449728" />
  <attribute name="Current GC Util" value="14" />
  <attribute name= "Current Time Running" value="132481" />
  <attribute name ="GC Interval" value="0" />
  <attribute name="Target GC Util Change" value ="80.000000" />
  <attribute name="Current GC Util Change" value="14.000000"/>
  <attribute name="Current Error" value="130.000000" />
  <attribute name="Output H" value="101753040"/>
  <attribute name="Output I" value="2688"/>
  <attribute name="Output T" value="16"/>
  <attribute name= "Current Time Running" value="132481" />
  <attribute name="GC Util currently" value="14" />
  <attribute name="CPU Util currently" value="9213954496" />
<allocation-satisfied id="6074" threadId="0000000000996F00" bytesRequested="32" />
<af-end id="6075" timestamp="2019-08-08T07:22:44.872" threadId="0000000000997888" success="true" />
<exclusive-end id="6076" timestamp="2019-08-08T07:22:44.872" durationms="157.197" />

<concurrent-kickoff id="6077" timestamp="2019-08-08T07:22:44.897">
  <kickoff reason="threshold reached" targetBytes="8469125" thresholdFreeBytes="1154172" remainingFree="1141096" tenureFreeBytes="1141096" />
</concurrent-kickoff>
<exclusive-start id="6078" timestamp="2019-08-08T07:22:44.897" intervalms="182.856">
  <response-info timems="0.030" idlems="0.030" threads="0" lastid="0000000000996F00" lastname="main" />
</exclusive-start>
<cycle-start id="6079" type="global" contextid="0" timestamp="2019-08-08T07:22:44.897" intervalms="182.792" />
<exclusive-end id="6080" timestamp="2019-08-08T07:22:44.897" durationms="0.020" />

<exclusive-start id="6081" timestamp="2019-08-08T07:22:44.898" intervalms="0.356">
  <response-info timems="0.012" idlems="0.012" threads="0" lastid="0000000000996F00" lastname="main" />
</exclusive-start>
<af-start id="6082" threadId="0000000000997888" totalBytesRequested="288" timestamp="2019-08-08T07:22:44.898" intervalms="183.215" />
<concurrent-aborted id="6083" timestamp="2019-08-08T07:22:44.898">
  <reason value="insufficient progress made" />
</concurrent-aborted>
<cycle-end id="6084" type="global" contextid="6079" timestamp="2019-08-08T07:22:44.898" />
  <attribute name="elasticGC enabled" value="1" />
  <attribute name= "numThreadsSpecified" value="16" />
  <attribute name="heapSize specified" value="101449728" />
  <attribute name="Current GC Util" value="14" />
  <attribute name= "Current Time Running" value="132481" />
  <attribute name ="GC Interval" value="0" />
  <attribute name="Target GC Util Change" value ="80.000000" />
  <attribute name="Current GC Util Change" value="14.000000"/>
  <attribute name="Current Error" value="130.000000" />
  <attribute name="Output H" value="101753040"/>
  <attribute name="Output I" value="2688"/>
  <attribute name="Output T" value="16"/>
  <attribute name= "Current Time Running" value="132481" />
  <attribute name="GC Util currently" value="14" />
  <attribute name="CPU Util currently" value="9213954496" />
<cycle-start id="6085" type="global" contextid="0" timestamp="2019-08-08T07:22:44.898" intervalms="0.438" />
<gc-start id="6086" type="global" contextid="6085" timestamp="2019-08-08T07:22:44.898">
  <mem-info id="6087" free="1016832" total="101777408" percent="0">
    <mem type="tenure" free="1016832" total="101777408" percent="0">
      <mem type="soa" free="0" total="100760576" percent="0" />
      <mem type="loa" free="1016832" total="1016832" percent="100" />
    </mem>
  </mem-info>
</gc-start>
<allocation-stats totalBytes="82809656" >
  <allocated-bytes non-tlh="0" tlh="82809656" />
  <largest-consumer threadName="main" threadId="0000000000996F00" bytes="82809656" />
</allocation-stats>
<gc-op id="6088" type="mark" timems="10.426" contextid="6085" timestamp="2019-08-08T07:22:44.908">
  <trace-info objectcount="596777" scancount="517764" scanbytes="13289464" />
  <finalization candidates="80" enqueued="0" />
  <ownableSynchronizers candidates="21" cleared="0" />
  <references type="soft" candidates="1855" cleared="0" enqueued="0" dynamicThreshold="26" maxThreshold="32" />
  <references type="weak" candidates="5753" cleared="7" enqueued="3" />
  <references type="phantom" candidates="97" cleared="0" enqueued="0" />
  <stringconstants candidates="13272" cleared="0"  />
</gc-op>
<gc-op id="6089" type="sweep" timems="16.859" contextid="6085" timestamp="2019-08-08T07:22:44.925" />
<mem-info id="6090" free="83871368" total="101777408" percent="82">
  <mem type="tenure" free="83871368" total="101777408" percent="82" micro-fragmented="0">
    <mem type="soa" free="82854536" total="100760576" percent="82" />
    <mem type="loa" free="1016832" total="1016832" percent="100" />
  </mem>
  <pending-finalizers system="0" default="0" reference="3" classloader="0" />
</mem-info>
<gc-op id="6091" type="compact" timems="26.809" contextid="6085" timestamp="2019-08-08T07:22:44.952">
  <compact-info movecount="853" movebytes="43424" reason="compact to aid heap contraction" />
</gc-op>
<heap-resize id="6092" type="expand" space="tenure" amount="327680" count="1" timems="0.022" reason="satisfy allocation request" timestamp="2019-08-08T07:22:44.953" />
<gc-end id="6093" type="global" contextid="6085" durationms="55.369" usertimems="121.078" systemtimems="0.000" timestamp="2019-08-08T07:22:44.953" activeThreads="16">
  <mem-info id="6094" free="84135824" total="102105088" percent="82">
    <mem type="tenure" free="84135824" total="102105088" percent="82">
      <mem type="soa" free="83114896" total="101084160" percent="82" />
      <mem type="loa" free="1020928" total="1020928" percent="100" />
    </mem>
    <pending-finalizers system="0" default="0" reference="3" classloader="0" />
  </mem-info>
</gc-end>
<cycle-end id="6095" type="global" contextid="6085" timestamp="2019-08-08T07:22:44.953" />
  <attribute name="elasticGC enabled" value="1" />
  <attribute name= "numThreadsSpecified" value="16" />
  <attribute name="heapSize specified" value="101777408" />
  <attribute name="Current GC Util" value="67" />
  <attribute name= "Current Time Running" value="132563" />
  <attribute name ="GC Interval" value="0" />
  <attribute name="Target GC Util Change" value ="80.000000" />
  <attribute name="Current GC Util Change" value="67.000000"/>
  <attribute name="Current Error" value="13.000000" />
  <attribute name="Output H" value="102080184"/>
  <attribute name="Output I" value="2080"/>
  <attribute name="Output T" value="16"/>
  <attribute name= "Current Time Running" value="132563" />
  <attribute name="GC Util currently" value="67" />
  <attribute name="CPU Util currently" value="42979814889" />
<allocation-satisfied id="6096" threadId="0000000000996F00" bytesRequested="288" />
<af-end id="6097" timestamp="2019-08-08T07:22:44.953" threadId="0000000000997888" success="true" />
<exclusive-end id="6098" timestamp="2019-08-08T07:22:44.953" durationms="55.634" />

<concurrent-kickoff id="6099" timestamp="2019-08-08T07:22:44.968">
  <kickoff reason="threshold reached" targetBytes="8496392" thresholdFreeBytes="1157888" remainingFree="1081648" tenureFreeBytes="1081648" />
</concurrent-kickoff>
<exclusive-start id="6100" timestamp="2019-08-08T07:22:44.969" intervalms="70.981">
  <response-info timems="0.018" idlems="0.018" threads="0" lastid="0000000000996F00" lastname="main" />
</exclusive-start>
<cycle-start id="6101" type="global" contextid="0" timestamp="2019-08-08T07:22:44.969" intervalms="70.895" />
<exclusive-end id="6102" timestamp="2019-08-08T07:22:44.969" durationms="0.013" />

<exclusive-start id="6103" timestamp="2019-08-08T07:22:44.969" intervalms="0.224">
  <response-info timems="0.011" idlems="0.011" threads="0" lastid="0000000000996F00" lastname="main" />
</exclusive-start>
<af-start id="6104" threadId="0000000000997888" totalBytesRequested="112" timestamp="2019-08-08T07:22:44.969" intervalms="71.219" />
<concurrent-aborted id="6105" timestamp="2019-08-08T07:22:44.969">
  <reason value="insufficient progress made" />
</concurrent-aborted>
<cycle-end id="6106" type="global" contextid="6101" timestamp="2019-08-08T07:22:44.969" />
  <attribute name="elasticGC enabled" value="1" />
  <attribute name= "numThreadsSpecified" value="16" />
  <attribute name="heapSize specified" value="101777408" />
  <attribute name="Current GC Util" value="67" />
  <attribute name= "Current Time Running" value="132563" />
  <attribute name ="GC Interval" value="0" />
  <attribute name="Target GC Util Change" value ="80.000000" />
  <attribute name="Current GC Util Change" value="67.000000"/>
  <attribute name="Current Error" value="13.000000" />
  <attribute name="Output H" value="102080184"/>
  <attribute name="Output I" value="2080"/>
  <attribute name="Output T" value="16"/>
  <attribute name= "Current Time Running" value="132563" />
  <attribute name="GC Util currently" value="67" />
  <attribute name="CPU Util currently" value="42979814889" />
<cycle-start id="6107" type="global" contextid="0" timestamp="2019-08-08T07:22:44.969" intervalms="0.321" />
<gc-start id="6108" type="global" contextid="6107" timestamp="2019-08-08T07:22:44.969">
  <mem-info id="6109" free="1020928" total="102105088" percent="0">
    <mem type="tenure" free="1020928" total="102105088" percent="0">
      <mem type="soa" free="0" total="101084160" percent="0" />
      <mem type="loa" free="1020928" total="1020928" percent="100" />
    </mem>
  </mem-info>
</gc-start>
<allocation-stats totalBytes="83137352" >
  <allocated-bytes non-tlh="0" tlh="83137352" />
  <largest-consumer threadName="main" threadId="0000000000996F00" bytes="83137352" />
</allocation-stats>
<gc-op id="6110" type="mark" timems="11.089" contextid="6107" timestamp="2019-08-08T07:22:44.980">
  <trace-info objectcount="596777" scancount="517766" scanbytes="13289464" />
  <finalization candidates="80" enqueued="0" />
  <ownableSynchronizers candidates="21" cleared="0" />
  <references type="soft" candidates="1855" cleared="0" enqueued="0" dynamicThreshold="26" maxThreshold="32" />
  <references type="weak" candidates="5746" cleared="0" enqueued="0" />
  <references type="phantom" candidates="97" cleared="0" enqueued="0" />
  <stringconstants candidates="13272" cleared="0"  />
</gc-op>
<gc-op id="6111" type="sweep" timems="14.247" contextid="6107" timestamp="2019-08-08T07:22:44.994" />
<mem-info id="6112" free="84201480" total="102105088" percent="82">
  <mem type="tenure" free="84201480" total="102105088" percent="82" micro-fragmented="0">
    <mem type="soa" free="83180552" total="101084160" percent="82" />
    <mem type="loa" free="1020928" total="1020928" percent="100" />
  </mem>
</mem-info>
<gc-op id="6113" type="compact" timems="23.957" contextid="6107" timestamp="2019-08-08T07:22:45.018">
  <compact-info movecount="6" movebytes="224" reason="compact to aid heap contraction" />
</gc-op>
<heap-resize id="6114" type="expand" space="tenure" amount="327680" count="1" timems="0.020" reason="satisfy allocation request" timestamp="2019-08-08T07:22:45.019" />
<gc-end id="6115" type="global" contextid="6107" durationms="50.183" usertimems="106.211" systemtimems="0.000" timestamp="2019-08-08T07:22:45.019" activeThreads="16">
  <mem-info id="6116" free="84463688" total="102432768" percent="82">
    <mem type="tenure" free="84463688" total="102432768" percent="82">
      <mem type="soa" free="83439688" total="101408768" percent="82" />
      <mem type="loa" free="1024000" total="1024000" percent="100" />
    </mem>
  </mem-info>
</gc-end>
<cycle-end id="6117" type="global" contextid="6107" timestamp="2019-08-08T07:22:45.019" />
  <attribute name="elasticGC enabled" value="1" />
  <attribute name= "numThreadsSpecified" value="16" />
  <attribute name="heapSize specified" value="102105088" />
  <attribute name="Current GC Util" value="49" />
  <attribute name= "Current Time Running" value="132629" />
  <attribute name ="GC Interval" value="0" />
  <attribute name="Target GC Util Change" value ="80.000000" />
  <attribute name="Current GC Util Change" value="49.000000"/>
  <attribute name="Current Error" value="-413.000000" />
  <attribute name="Output H" value="102405896"/>
  <attribute name="Output I" value="200"/>
  <attribute name="Output T" value="16"/>
  <attribute name= "Current Time Running" value="132629" />
  <attribute name="GC Util currently" value="49" />
  <attribute name="CPU Util currently" value="48063395628" />
<allocation-satisfied id="6118" threadId="0000000000996F00" bytesRequested="112" />
<af-end id="6119" timestamp="2019-08-08T07:22:45.019" threadId="0000000000997888" success="true" />
<exclusive-end id="6120" timestamp="2019-08-08T07:22:45.019" durationms="50.413" />

<concurrent-kickoff id="6121" timestamp="2019-08-08T07:22:45.034">
  <kickoff reason="threshold reached" targetBytes="8523659" thresholdFreeBytes="1161604" remainingFree="1147368" tenureFreeBytes="1147368" />
</concurrent-kickoff>
<exclusive-start id="6122" timestamp="2019-08-08T07:22:45.034" intervalms="65.657">
  <response-info timems="0.018" idlems="0.018" threads="0" lastid="0000000000996F00" lastname="main" />
</exclusive-start>
<cycle-start id="6123" type="global" contextid="0" timestamp="2019-08-08T07:22:45.034" intervalms="65.560" />
<exclusive-end id="6124" timestamp="2019-08-08T07:22:45.034" durationms="0.014" />

<exclusive-start id="6125" timestamp="2019-08-08T07:22:45.035" intervalms="0.267">
  <response-info timems="0.007" idlems="0.007" threads="0" lastid="0000000000996F00" lastname="main" />
</exclusive-start>
<af-start id="6126" threadId="0000000000997888" totalBytesRequested="120" timestamp="2019-08-08T07:22:45.035" intervalms="65.926" />
<concurrent-aborted id="6127" timestamp="2019-08-08T07:22:45.035">
  <reason value="insufficient progress made" />
</concurrent-aborted>
<cycle-end id="6128" type="global" contextid="6123" timestamp="2019-08-08T07:22:45.035" />
  <attribute name="elasticGC enabled" value="1" />
  <attribute name= "numThreadsSpecified" value="16" />
  <attribute name="heapSize specified" value="102105088" />
  <attribute name="Current GC Util" value="49" />
  <attribute name= "Current Time Running" value="132629" />
  <attribute name ="GC Interval" value="0" />
  <attribute name="Target GC Util Change" value ="80.000000" />
  <attribute name="Current GC Util Change" value="49.000000"/>
  <attribute name="Current Error" value="-413.000000" />
  <attribute name="Output H" value="102405896"/>
  <attribute name="Output I" value="200"/>
  <attribute name="Output T" value="16"/>
  <attribute name= "Current Time Running" value="132629" />
  <attribute name="GC Util currently" value="49" />
  <attribute name="CPU Util currently" value="48063395628" />
<cycle-start id="6129" type="global" contextid="0" timestamp="2019-08-08T07:22:45.035" intervalms="0.378" />
<gc-start id="6130" type="global" contextid="6129" timestamp="2019-08-08T07:22:45.035">
  <mem-info id="6131" free="1024000" total="102432768" percent="0">
    <mem type="tenure" free="1024000" total="102432768" percent="0">
      <mem type="soa" free="0" total="101408768" percent="0" />
      <mem type="loa" free="1024000" total="1024000" percent="100" />
    </mem>
  </mem-info>
</gc-start>
<allocation-stats totalBytes="83460432" >
  <allocated-bytes non-tlh="0" tlh="83460432" />
  <largest-consumer threadName="main" threadId="0000000000996F00" bytes="83460432" />
</allocation-stats>
<gc-op id="6132" type="mark" timems="11.510" contextid="6129" timestamp="2019-08-08T07:22:45.046">
  <trace-info objectcount="596778" scancount="517765" scanbytes="13289508" />
  <finalization candidates="80" enqueued="0" />
  <ownableSynchronizers candidates="21" cleared="0" />
  <references type="soft" candidates="1855" cleared="0" enqueued="0" dynamicThreshold="26" maxThreshold="32" />
  <references type="weak" candidates="5746" cleared="0" enqueued="0" />
  <references type="phantom" candidates="97" cleared="0" enqueued="0" />
  <stringconstants candidates="13272" cleared="0"  />
</gc-op>
<gc-op id="6133" type="sweep" timems="14.835" contextid="6129" timestamp="2019-08-08T07:22:45.061" />
<mem-info id="6134" free="84528504" total="102432768" percent="82">
  <mem type="tenure" free="84528504" total="102432768" percent="82" micro-fragmented="0">
    <mem type="soa" free="83504504" total="101408768" percent="82" />
    <mem type="loa" free="1024000" total="1024000" percent="100" />
  </mem>
</mem-info>
<gc-op id="6135" type="compact" timems="24.564" contextid="6129" timestamp="2019-08-08T07:22:45.086">
  <compact-info movecount="611" movebytes="36864" reason="compact to aid heap contraction" />
</gc-op>
<heap-resize id="6136" type="expand" space="tenure" amount="327680" count="1" timems="0.023" reason="satisfy allocation request" timestamp="2019-08-08T07:22:45.087" />
<gc-end id="6137" type="global" contextid="6129" durationms="51.722" usertimems="128.583" systemtimems="0.000" timestamp="2019-08-08T07:22:45.087" activeThreads="16">
  <mem-info id="6138" free="84791312" total="102760448" percent="82">
    <mem type="tenure" free="84791312" total="102760448" percent="82">
      <mem type="soa" free="83764240" total="101733376" percent="82" />
      <mem type="loa" free="1027072" total="1027072" percent="100" />
    </mem>
  </mem-info>
</gc-end>
<cycle-end id="6139" type="global" contextid="6129" timestamp="2019-08-08T07:22:45.087" />
  <attribute name="elasticGC enabled" value="1" />
  <attribute name= "numThreadsSpecified" value="16" />
  <attribute name="heapSize specified" value="102432768" />
  <attribute name="Current GC Util" value="112" />
  <attribute name= "Current Time Running" value="132696" />
  <attribute name ="GC Interval" value="0" />
  <attribute name="Target GC Util Change" value ="80.000000" />
  <attribute name="Current GC Util Change" value="112.000000"/>
  <attribute name="Current Error" value="-663.000000" />
  <attribute name="Output H" value="102732424"/>
  <attribute name="Output I" value="200"/>
  <attribute name="Output T" value="16"/>
  <attribute name= "Current Time Running" value="132696" />
  <attribute name="GC Util currently" value="112" />
  <attribute name="CPU Util currently" value="46874775050" />
<allocation-satisfied id="6140" threadId="0000000000996F00" bytesRequested="120" />
<af-end id="6141" timestamp="2019-08-08T07:22:45.087" threadId="0000000000997888" success="true" />
<exclusive-end id="6142" timestamp="2019-08-08T07:22:45.087" durationms="51.948" />

<concurrent-kickoff id="6143" timestamp="2019-08-08T07:22:45.104">
  <kickoff reason="threshold reached" targetBytes="8550927" thresholdFreeBytes="1165321" remainingFree="1081368" tenureFreeBytes="1081368" />
</concurrent-kickoff>
<exclusive-start id="6144" timestamp="2019-08-08T07:22:45.104" intervalms="69.478">
  <response-info timems="0.022" idlems="0.022" threads="0" lastid="0000000000996F00" lastname="main" />
</exclusive-start>
<cycle-start id="6145" type="global" contextid="0" timestamp="2019-08-08T07:22:45.104" intervalms="69.369" />
<exclusive-end id="6146" timestamp="2019-08-08T07:22:45.104" durationms="0.017" />

<exclusive-start id="6147" timestamp="2019-08-08T07:22:45.104" intervalms="0.261">
  <response-info timems="0.007" idlems="0.007" threads="0" lastid="0000000000996F00" lastname="main" />
</exclusive-start>
<af-start id="6148" threadId="0000000000997888" totalBytesRequested="64" timestamp="2019-08-08T07:22:45.104" intervalms="69.711" />
<concurrent-aborted id="6149" timestamp="2019-08-08T07:22:45.104">
  <reason value="insufficient progress made" />
</concurrent-aborted>
<cycle-end id="6150" type="global" contextid="6145" timestamp="2019-08-08T07:22:45.104" />
  <attribute name="elasticGC enabled" value="1" />
  <attribute name= "numThreadsSpecified" value="16" />
  <attribute name="heapSize specified" value="102432768" />
  <attribute name="Current GC Util" value="112" />
  <attribute name= "Current Time Running" value="132696" />
  <attribute name ="GC Interval" value="0" />
  <attribute name="Target GC Util Change" value ="80.000000" />
  <attribute name="Current GC Util Change" value="112.000000"/>
  <attribute name="Current Error" value="-663.000000" />
  <attribute name="Output H" value="102732424"/>
  <attribute name="Output I" value="200"/>
  <attribute name="Output T" value="16"/>
  <attribute name= "Current Time Running" value="132696" />
  <attribute name="GC Util currently" value="112" />
  <attribute name="CPU Util currently" value="46874775050" />
<cycle-start id="6151" type="global" contextid="0" timestamp="2019-08-08T07:22:45.104" intervalms="0.319" />
<gc-start id="6152" type="global" contextid="6151" timestamp="2019-08-08T07:22:45.105">
  <mem-info id="6153" free="1027072" total="102760448" percent="0">
    <mem type="tenure" free="1027072" total="102760448" percent="0">
      <mem type="soa" free="0" total="101733376" percent="0" />
      <mem type="loa" free="1027072" total="1027072" percent="100" />
    </mem>
  </mem-info>
</gc-start>
<allocation-stats totalBytes="83754392" >
  <allocated-bytes non-tlh="0" tlh="83754392" />
  <largest-consumer threadName="main" threadId="0000000000996F00" bytes="83754392" />
</allocation-stats>
<gc-op id="6154" type="mark" timems="8.485" contextid="6151" timestamp="2019-08-08T07:22:45.113">
  <trace-info objectcount="596785" scancount="517775" scanbytes="13289912" />
  <finalization candidates="80" enqueued="0" />
  <ownableSynchronizers candidates="21" cleared="0" />
  <references type="soft" candidates="1855" cleared="0" enqueued="0" dynamicThreshold="26" maxThreshold="32" />
  <references type="weak" candidates="5746" cleared="0" enqueued="0" />
  <references type="phantom" candidates="97" cleared="0" enqueued="0" />
  <stringconstants candidates="13272" cleared="0"  />
</gc-op>
<gc-op id="6155" type="sweep" timems="12.645" contextid="6151" timestamp="2019-08-08T07:22:45.126" />
<mem-info id="6156" free="84855952" total="102760448" percent="82">
  <mem type="tenure" free="84855952" total="102760448" percent="82" micro-fragmented="0">
    <mem type="soa" free="83828880" total="101733376" percent="82" />
    <mem type="loa" free="1027072" total="1027072" percent="100" />
  </mem>
</mem-info>
<gc-op id="6157" type="compact" timems="24.988" contextid="6151" timestamp="2019-08-08T07:22:45.151">
  <compact-info movecount="617" movebytes="37120" reason="compact to aid heap contraction" />
</gc-op>
<heap-resize id="6158" type="expand" space="tenure" amount="327680" count="1" timems="0.021" reason="satisfy allocation request" timestamp="2019-08-08T07:22:45.152" />
<gc-end id="6159" type="global" contextid="6151" durationms="47.067" usertimems="101.400" systemtimems="0.000" timestamp="2019-08-08T07:22:45.152" activeThreads="16">
  <mem-info id="6160" free="85118712" total="103088128" percent="82">
    <mem type="tenure" free="85118712" total="103088128" percent="82">
      <mem type="soa" free="84088568" total="102057984" percent="82" />
      <mem type="loa" free="1030144" total="1030144" percent="100" />
    </mem>
  </mem-info>
</gc-end>
<cycle-end id="6161" type="global" contextid="6151" timestamp="2019-08-08T07:22:45.152" />
  <attribute name="elasticGC enabled" value="1" />
  <attribute name= "numThreadsSpecified" value="16" />
  <attribute name="heapSize specified" value="102760448" />
  <attribute name="Current GC Util" value="115" />
  <attribute name= "Current Time Running" value="132761" />
  <attribute name ="GC Interval" value="0" />
  <attribute name="Target GC Util Change" value ="80.000000" />
  <attribute name="Current GC Util Change" value="115.000000"/>
  <attribute name="Current Error" value="-378.000000" />
  <attribute name="Output H" value="103061416"/>
  <attribute name="Output I" value="200"/>
  <attribute name="Output T" value="16"/>
  <attribute name= "Current Time Running" value="132761" />
  <attribute name="GC Util currently" value="115" />
  <attribute name="CPU Util currently" value="46091132341" />
<allocation-satisfied id="6162" threadId="0000000000996F00" bytesRequested="64" />
<af-end id="6163" timestamp="2019-08-08T07:22:45.152" threadId="0000000000997888" success="true" />
<exclusive-end id="6164" timestamp="2019-08-08T07:22:45.152" durationms="47.239" />

<concurrent-kickoff id="6165" timestamp="2019-08-08T07:22:45.321">
  <kickoff reason="threshold reached" targetBytes="8578193" thresholdFreeBytes="1169037" remainingFree="1146624" tenureFreeBytes="1146624" />
</concurrent-kickoff>
<exclusive-start id="6166" timestamp="2019-08-08T07:22:45.321" intervalms="216.914">
  <response-info timems="0.015" idlems="0.015" threads="0" lastid="0000000000996F00" lastname="main" />
</exclusive-start>
<cycle-start id="6167" type="global" contextid="0" timestamp="2019-08-08T07:22:45.321" intervalms="216.870" />
<exclusive-end id="6168" timestamp="2019-08-08T07:22:45.321" durationms="0.030" />

<exclusive-start id="6169" timestamp="2019-08-08T07:22:45.322" intervalms="0.219">
  <response-info timems="0.010" idlems="0.010" threads="0" lastid="0000000000996F00" lastname="main" />
</exclusive-start>
<af-start id="6170" threadId="0000000000997888" totalBytesRequested="10400" timestamp="2019-08-08T07:22:45.322" intervalms="217.130" />
<concurrent-aborted id="6171" timestamp="2019-08-08T07:22:45.322">
  <reason value="insufficient progress made" />
</concurrent-aborted>
<cycle-end id="6172" type="global" contextid="6167" timestamp="2019-08-08T07:22:45.322" />
  <attribute name="elasticGC enabled" value="1" />
  <attribute name= "numThreadsSpecified" value="16" />
  <attribute name="heapSize specified" value="102760448" />
  <attribute name="Current GC Util" value="115" />
  <attribute name= "Current Time Running" value="132761" />
  <attribute name ="GC Interval" value="0" />
  <attribute name="Target GC Util Change" value ="80.000000" />
  <attribute name="Current GC Util Change" value="115.000000"/>
  <attribute name="Current Error" value="-378.000000" />
  <attribute name="Output H" value="103061416"/>
  <attribute name="Output I" value="200"/>
  <attribute name="Output T" value="16"/>
  <attribute name= "Current Time Running" value="132761" />
  <attribute name="GC Util currently" value="115" />
  <attribute name="CPU Util currently" value="46091132341" />
<cycle-start id="6173" type="global" contextid="0" timestamp="2019-08-08T07:22:45.322" intervalms="0.293" />
<gc-start id="6174" type="global" contextid="6173" timestamp="2019-08-08T07:22:45.322">
  <mem-info id="6175" free="1030144" total="103088128" percent="0">
    <mem type="tenure" free="1030144" total="103088128" percent="0">
      <mem type="soa" free="0" total="102057984" percent="0" />
      <mem type="loa" free="1030144" total="1030144" percent="100" />
    </mem>
  </mem-info>
</gc-start>
<allocation-stats totalBytes="84121128" >
  <allocated-bytes non-tlh="0" tlh="84121128" />
  <largest-consumer threadName="main" threadId="0000000000996F00" bytes="84121128" />
</allocation-stats>
<gc-op id="6176" type="mark" timems="9.536" contextid="6173" timestamp="2019-08-08T07:22:45.331">
  <trace-info objectcount="596799" scancount="517788" scanbytes="13314196" />
  <finalization candidates="80" enqueued="0" />
  <ownableSynchronizers candidates="21" cleared="0" />
  <references type="soft" candidates="1855" cleared="0" enqueued="0" dynamicThreshold="26" maxThreshold="32" />
  <references type="weak" candidates="5746" cleared="0" enqueued="0" />
  <references type="phantom" candidates="97" cleared="0" enqueued="0" />
  <stringconstants candidates="13272" cleared="0"  />
</gc-op>
<gc-op id="6177" type="sweep" timems="14.682" contextid="6173" timestamp="2019-08-08T07:22:45.346" />
<mem-info id="6178" free="85156896" total="103088128" percent="82">
  <mem type="tenure" free="85156896" total="103088128" percent="82" micro-fragmented="0">
    <mem type="soa" free="84126752" total="102057984" percent="82" />
    <mem type="loa" free="1030144" total="1030144" percent="100" />
  </mem>
</mem-info>
<gc-op id="6179" type="compact" timems="23.345" contextid="6173" timestamp="2019-08-08T07:22:45.369">
  <compact-info movecount="192" movebytes="29000" reason="compact to aid heap contraction" />
</gc-op>
<heap-resize id="6180" type="expand" space="tenure" amount="327680" count="1" timems="0.020" reason="satisfy allocation request" timestamp="2019-08-08T07:22:45.370" />
<gc-end id="6181" type="global" contextid="6173" durationms="48.323" usertimems="113.085" systemtimems="0.000" timestamp="2019-08-08T07:22:45.370" activeThreads="16">
  <mem-info id="6182" free="85422128" total="103415808" percent="82">
    <mem type="tenure" free="85422128" total="103415808" percent="82">
      <mem type="soa" free="84388912" total="102382592" percent="82" />
      <mem type="loa" free="1033216" total="1033216" percent="100" />
    </mem>
  </mem-info>
</gc-end>
<cycle-end id="6183" type="global" contextid="6173" timestamp="2019-08-08T07:22:45.370" />
  <attribute name="elasticGC enabled" value="1" />
  <attribute name= "numThreadsSpecified" value="16" />
  <attribute name="heapSize specified" value="103088128" />
  <attribute name="Current GC Util" value="41" />
  <attribute name= "Current Time Running" value="132980" />
  <attribute name ="GC Interval" value="0" />
  <attribute name="Target GC Util Change" value ="80.000000" />
  <attribute name="Current GC Util Change" value="41.000000"/>
  <attribute name="Current Error" value="153.000000" />
  <attribute name="Output H" value="103391552"/>
  <attribute name="Output I" value="2808"/>
  <attribute name="Output T" value="16"/>
  <attribute name= "Current Time Running" value="132980" />
  <attribute name="GC Util currently" value="41" />
  <attribute name="CPU Util currently" value="49332324026" />
<allocation-satisfied id="6184" threadId="0000000000996F00" bytesRequested="10400" />
<af-end id="6185" timestamp="2019-08-08T07:22:45.370" threadId="0000000000997888" success="true" />
<exclusive-end id="6186" timestamp="2019-08-08T07:22:45.370" durationms="48.689" />

<concurrent-kickoff id="6187" timestamp="2019-08-08T07:22:45.487">
  <kickoff reason="threshold reached" targetBytes="8605460" thresholdFreeBytes="1172752" remainingFree="1056104" tenureFreeBytes="1056104" />
</concurrent-kickoff>
<exclusive-start id="6188" timestamp="2019-08-08T07:22:45.488" intervalms="166.001">
  <response-info timems="0.013" idlems="0.013" threads="0" lastid="0000000000996F00" lastname="main" />
</exclusive-start>
<cycle-start id="6189" type="global" contextid="0" timestamp="2019-08-08T07:22:45.488" intervalms="165.922" />
<exclusive-end id="6190" timestamp="2019-08-08T07:22:45.488" durationms="0.026" />

<exclusive-start id="6191" timestamp="2019-08-08T07:22:45.488" intervalms="0.427">
  <response-info timems="0.009" idlems="0.009" threads="0" lastid="0000000000996F00" lastname="main" />
</exclusive-start>
<af-start id="6192" threadId="0000000000997888" totalBytesRequested="80" timestamp="2019-08-08T07:22:45.488" intervalms="166.434" />
<concurrent-aborted id="6193" timestamp="2019-08-08T07:22:45.488">
  <reason value="insufficient progress made" />
</concurrent-aborted>
<cycle-end id="6194" type="global" contextid="6189" timestamp="2019-08-08T07:22:45.488" />
  <attribute name="elasticGC enabled" value="1" />
  <attribute name= "numThreadsSpecified" value="16" />
  <attribute name="heapSize specified" value="103088128" />
  <attribute name="Current GC Util" value="41" />
  <attribute name= "Current Time Running" value="132980" />
  <attribute name ="GC Interval" value="0" />
  <attribute name="Target GC Util Change" value ="80.000000" />
  <attribute name="Current GC Util Change" value="41.000000"/>
  <attribute name="Current Error" value="153.000000" />
  <attribute name="Output H" value="103391552"/>
  <attribute name="Output I" value="2808"/>
  <attribute name="Output T" value="16"/>
  <attribute name= "Current Time Running" value="132980" />
  <attribute name="GC Util currently" value="41" />
  <attribute name="CPU Util currently" value="49332324026" />
<cycle-start id="6195" type="global" contextid="0" timestamp="2019-08-08T07:22:45.488" intervalms="0.479" />
<gc-start id="6196" type="global" contextid="6195" timestamp="2019-08-08T07:22:45.488">
  <mem-info id="6197" free="1033216" total="103415808" percent="0">
    <mem type="tenure" free="1033216" total="103415808" percent="0">
      <mem type="soa" free="0" total="102382592" percent="0" />
      <mem type="loa" free="1033216" total="1033216" percent="100" />
    </mem>
  </mem-info>
</gc-start>
<allocation-stats totalBytes="84448352" >
  <allocated-bytes non-tlh="0" tlh="84448352" />
  <largest-consumer threadName="main" threadId="0000000000996F00" bytes="84448352" />
</allocation-stats>
<gc-op id="6198" type="mark" timems="8.720" contextid="6195" timestamp="2019-08-08T07:22:45.497">
  <trace-info objectcount="596765" scancount="517757" scanbytes="13289116" />
  <finalization candidates="80" enqueued="0" />
  <ownableSynchronizers candidates="21" cleared="0" />
  <references type="soft" candidates="1855" cleared="5" enqueued="5" dynamicThreshold="26" maxThreshold="32" />
  <references type="weak" candidates="5746" cleared="0" enqueued="0" />
  <references type="phantom" candidates="97" cleared="0" enqueued="0" />
  <stringconstants candidates="13272" cleared="0"  />
</gc-op>
<gc-op id="6199" type="sweep" timems="6.819" contextid="6195" timestamp="2019-08-08T07:22:45.504" />
<mem-info id="6200" free="85510856" total="103415808" percent="82">
  <mem type="tenure" free="85510856" total="103415808" percent="82" micro-fragmented="0">
    <mem type="soa" free="84477640" total="102382592" percent="82" />
    <mem type="loa" free="1033216" total="1033216" percent="100" />
  </mem>
  <pending-finalizers system="0" default="0" reference="5" classloader="0" />
</mem-info>
<gc-op id="6201" type="compact" timems="25.945" contextid="6195" timestamp="2019-08-08T07:22:45.530">
  <compact-info movecount="675" movebytes="38176" reason="compact to aid heap contraction" />
</gc-op>
<heap-resize id="6202" type="expand" space="tenure" amount="327680" count="1" timems="0.022" reason="satisfy allocation request" timestamp="2019-08-08T07:22:45.531" />
<gc-end id="6203" type="global" contextid="6195" durationms="42.494" usertimems="90.307" systemtimems="0.000" timestamp="2019-08-08T07:22:45.531" activeThreads="16">
  <mem-info id="6204" free="85774912" total="103743488" percent="82">
    <mem type="tenure" free="85774912" total="103743488" percent="82">
      <mem type="soa" free="84737600" total="102706176" percent="82" />
      <mem type="loa" free="1037312" total="1037312" percent="100" />
    </mem>
    <pending-finalizers system="0" default="0" reference="5" classloader="0" />
  </mem-info>
</gc-end>
<cycle-end id="6205" type="global" contextid="6195" timestamp="2019-08-08T07:22:45.531" />
  <attribute name="elasticGC enabled" value="1" />
  <attribute name= "numThreadsSpecified" value="16" />
  <attribute name="heapSize specified" value="103415808" />
  <attribute name="Current GC Util" value="47" />
  <attribute name= "Current Time Running" value="133140" />
  <attribute name ="GC Interval" value="0" />
  <attribute name="Target GC Util Change" value ="80.000000" />
  <attribute name="Current GC Util Change" value="47.000000"/>
  <attribute name="Current Error" value="92.000000" />
  <attribute name="Output H" value="103718944"/>
  <attribute name="Output I" value="2488"/>
  <attribute name="Output T" value="16"/>
  <attribute name= "Current Time Running" value="133140" />
  <attribute name="GC Util currently" value="47" />
  <attribute name="CPU Util currently" value="44387009551" />
<allocation-satisfied id="6206" threadId="0000000000996F00" bytesRequested="80" />
<af-end id="6207" timestamp="2019-08-08T07:22:45.531" threadId="0000000000997888" success="true" />
<exclusive-end id="6208" timestamp="2019-08-08T07:22:45.531" durationms="42.806" />

<concurrent-kickoff id="6209" timestamp="2019-08-08T07:22:45.591">
  <kickoff reason="threshold reached" targetBytes="8632727" thresholdFreeBytes="1176468" remainingFree="1146048" tenureFreeBytes="1146048" />
</concurrent-kickoff>
<exclusive-start id="6210" timestamp="2019-08-08T07:22:45.591" intervalms="103.204">
  <response-info timems="0.024" idlems="0.024" threads="0" lastid="0000000000996F00" lastname="main" />
</exclusive-start>
<cycle-start id="6211" type="global" contextid="0" timestamp="2019-08-08T07:22:45.591" intervalms="103.167" />
<exclusive-end id="6212" timestamp="2019-08-08T07:22:45.591" durationms="0.044" />

<exclusive-start id="6213" timestamp="2019-08-08T07:22:45.592" intervalms="0.747">
  <response-info timems="0.011" idlems="0.011" threads="0" lastid="0000000000996F00" lastname="main" />
</exclusive-start>
<af-start id="6214" threadId="0000000000997888" totalBytesRequested="16" timestamp="2019-08-08T07:22:45.592" intervalms="104.007" />
<concurrent-aborted id="6215" timestamp="2019-08-08T07:22:45.592">
  <reason value="insufficient progress made" />
</concurrent-aborted>
<cycle-end id="6216" type="global" contextid="6211" timestamp="2019-08-08T07:22:45.592" />
  <attribute name="elasticGC enabled" value="1" />
  <attribute name= "numThreadsSpecified" value="16" />
  <attribute name="heapSize specified" value="103415808" />
  <attribute name="Current GC Util" value="47" />
  <attribute name= "Current Time Running" value="133140" />
  <attribute name ="GC Interval" value="0" />
  <attribute name="Target GC Util Change" value ="80.000000" />
  <attribute name="Current GC Util Change" value="47.000000"/>
  <attribute name="Current Error" value="92.000000" />
  <attribute name="Output H" value="103718944"/>
  <attribute name="Output I" value="2488"/>
  <attribute name="Output T" value="16"/>
  <attribute name= "Current Time Running" value="133140" />
  <attribute name="GC Util currently" value="47" />
  <attribute name="CPU Util currently" value="44387009551" />
<cycle-start id="6217" type="global" contextid="0" timestamp="2019-08-08T07:22:45.592" intervalms="0.869" />
<gc-start id="6218" type="global" contextid="6217" timestamp="2019-08-08T07:22:45.592">
  <mem-info id="6219" free="1037312" total="103743488" percent="0">
    <mem type="tenure" free="1037312" total="103743488" percent="0">
      <mem type="soa" free="0" total="102706176" percent="0" />
      <mem type="loa" free="1037312" total="1037312" percent="100" />
    </mem>
  </mem-info>
</gc-start>
<allocation-stats totalBytes="84790008" >
  <allocated-bytes non-tlh="0" tlh="84790008" />
  <largest-consumer threadName="main" threadId="0000000000996F00" bytes="84790008" />
</allocation-stats>
<gc-op id="6220" type="mark" timems="16.951" contextid="6217" timestamp="2019-08-08T07:22:45.609">
  <trace-info objectcount="596748" scancount="517740" scanbytes="13288820" />
  <finalization candidates="80" enqueued="0" />
  <ownableSynchronizers candidates="21" cleared="0" />
  <references type="soft" candidates="1850" cleared="1" enqueued="0" dynamicThreshold="26" maxThreshold="32" />
  <references type="weak" candidates="5746" cleared="0" enqueued="0" />
  <references type="phantom" candidates="97" cleared="0" enqueued="0" />
  <stringconstants candidates="13272" cleared="0"  />
</gc-op>
<gc-op id="6221" type="sweep" timems="18.595" contextid="6217" timestamp="2019-08-08T07:22:45.628" />
<mem-info id="6222" free="85857144" total="103743488" percent="82">
  <mem type="tenure" free="85857144" total="103743488" percent="82" micro-fragmented="0">
    <mem type="soa" free="84819832" total="102706176" percent="82" />
    <mem type="loa" free="1037312" total="1037312" percent="100" />
  </mem>
</mem-info>
<gc-op id="6223" type="compact" timems="23.889" contextid="6217" timestamp="2019-08-08T07:22:45.652">
  <compact-info movecount="648" movebytes="19400" reason="compact to aid heap contraction" />
</gc-op>
<heap-resize id="6224" type="expand" space="tenure" amount="327680" count="1" timems="0.020" reason="satisfy allocation request" timestamp="2019-08-08T07:22:45.652" />
<gc-end id="6225" type="global" contextid="6217" durationms="60.142" usertimems="150.049" systemtimems="0.000" timestamp="2019-08-08T07:22:45.652" activeThreads="16">
  <mem-info id="6226" free="86120968" total="104071168" percent="82">
    <mem type="tenure" free="86120968" total="104071168" percent="82">
      <mem type="soa" free="85080584" total="103030784" percent="82" />
      <mem type="loa" free="1040384" total="1040384" percent="100" />
    </mem>
  </mem-info>
</gc-end>
<cycle-end id="6227" type="global" contextid="6217" timestamp="2019-08-08T07:22:45.652" />
  <attribute name="elasticGC enabled" value="1" />
  <attribute name= "numThreadsSpecified" value="16" />
  <attribute name="heapSize specified" value="103743488" />
  <attribute name="Current GC Util" value="47" />
  <attribute name= "Current Time Running" value="133262" />
  <attribute name ="GC Interval" value="0" />
  <attribute name="Target GC Util Change" value ="80.000000" />
  <attribute name="Current GC Util Change" value="47.000000"/>
  <attribute name="Current Error" value="33.000000" />
  <attribute name="Output H" value="104046352"/>
  <attribute name="Output I" value="2184"/>
  <attribute name="Output T" value="16"/>
  <attribute name= "Current Time Running" value="133262" />
  <attribute name="GC Util currently" value="47" />
  <attribute name="CPU Util currently" value="48195193567" />
<allocation-satisfied id="6228" threadId="0000000000996F00" bytesRequested="16" />
<af-end id="6229" timestamp="2019-08-08T07:22:45.652" threadId="0000000000997888" success="true" />
<exclusive-end id="6230" timestamp="2019-08-08T07:22:45.652" durationms="60.448" />

<concurrent-kickoff id="6231" timestamp="2019-08-08T07:22:45.738">
  <kickoff reason="threshold reached" targetBytes="8659995" thresholdFreeBytes="1180185" remainingFree="1102848" tenureFreeBytes="1102848" />
</concurrent-kickoff>
<exclusive-start id="6232" timestamp="2019-08-08T07:22:45.739" intervalms="146.607">
  <response-info timems="0.013" idlems="0.013" threads="0" lastid="0000000000996F00" lastname="main" />
</exclusive-start>
<cycle-start id="6233" type="global" contextid="0" timestamp="2019-08-08T07:22:45.739" intervalms="146.468" />
<exclusive-end id="6234" timestamp="2019-08-08T07:22:45.739" durationms="0.023" />

<exclusive-start id="6235" timestamp="2019-08-08T07:22:45.739" intervalms="0.424">
  <response-info timems="0.007" idlems="0.007" threads="0" lastid="0000000000996F00" lastname="main" />
</exclusive-start>
<af-start id="6236" threadId="0000000000997888" totalBytesRequested="16" timestamp="2019-08-08T07:22:45.739" intervalms="146.972" />
<concurrent-aborted id="6237" timestamp="2019-08-08T07:22:45.739">
  <reason value="insufficient progress made" />
</concurrent-aborted>
<cycle-end id="6238" type="global" contextid="6233" timestamp="2019-08-08T07:22:45.739" />
  <attribute name="elasticGC enabled" value="1" />
  <attribute name= "numThreadsSpecified" value="16" />
  <attribute name="heapSize specified" value="103743488" />
  <attribute name="Current GC Util" value="47" />
  <attribute name= "Current Time Running" value="133262" />
  <attribute name ="GC Interval" value="0" />
  <attribute name="Target GC Util Change" value ="80.000000" />
  <attribute name="Current GC Util Change" value="47.000000"/>
  <attribute name="Current Error" value="33.000000" />
  <attribute name="Output H" value="104046352"/>
  <attribute name="Output I" value="2184"/>
  <attribute name="Output T" value="16"/>
  <attribute name= "Current Time Running" value="133262" />
  <attribute name="GC Util currently" value="47" />
  <attribute name="CPU Util currently" value="48195193567" />
<cycle-start id="6239" type="global" contextid="0" timestamp="2019-08-08T07:22:45.739" intervalms="0.494" />
<gc-start id="6240" type="global" contextid="6239" timestamp="2019-08-08T07:22:45.739">
  <mem-info id="6241" free="1040384" total="104071168" percent="0">
    <mem type="tenure" free="1040384" total="104071168" percent="0">
      <mem type="soa" free="0" total="103030784" percent="0" />
      <mem type="loa" free="1040384" total="1040384" percent="100" />
    </mem>
  </mem-info>
</gc-start>
<allocation-stats totalBytes="85125456" >
  <allocated-bytes non-tlh="0" tlh="85125456" />
  <largest-consumer threadName="main" threadId="0000000000996F00" bytes="85125456" />
</allocation-stats>
<gc-op id="6242" type="mark" timems="8.036" contextid="6239" timestamp="2019-08-08T07:22:45.747">
  <trace-info objectcount="596756" scancount="517751" scanbytes="13288940" />
  <finalization candidates="80" enqueued="0" />
  <ownableSynchronizers candidates="21" cleared="0" />
  <references type="soft" candidates="1849" cleared="0" enqueued="0" dynamicThreshold="26" maxThreshold="32" />
  <references type="weak" candidates="5746" cleared="0" enqueued="0" />
  <references type="phantom" candidates="97" cleared="0" enqueued="0" />
  <stringconstants candidates="13272" cleared="0"  />
</gc-op>
<gc-op id="6243" type="sweep" timems="23.599" contextid="6239" timestamp="2019-08-08T07:22:45.771" />
<mem-info id="6244" free="86185000" total="104071168" percent="82">
  <mem type="tenure" free="86185000" total="104071168" percent="82" micro-fragmented="0">
    <mem type="soa" free="85144616" total="103030784" percent="82" />
    <mem type="loa" free="1040384" total="1040384" percent="100" />
  </mem>
</mem-info>
<gc-op id="6245" type="compact" timems="24.184" contextid="6239" timestamp="2019-08-08T07:22:45.795">
  <compact-info movecount="103" movebytes="2704" reason="compact to aid heap contraction" />
</gc-op>
<heap-resize id="6246" type="expand" space="tenure" amount="327680" count="1" timems="0.020" reason="satisfy allocation request" timestamp="2019-08-08T07:22:45.796" />
<gc-end id="6247" type="global" contextid="6239" durationms="57.027" usertimems="111.575" systemtimems="0.000" timestamp="2019-08-08T07:22:45.796" activeThreads="16">
  <mem-info id="6248" free="86448544" total="104398848" percent="82">
    <mem type="tenure" free="86448544" total="104398848" percent="82">
      <mem type="soa" free="85405088" total="103355392" percent="82" />
      <mem type="loa" free="1043456" total="1043456" percent="100" />
    </mem>
  </mem-info>
</gc-end>
<cycle-end id="6249" type="global" contextid="6239" timestamp="2019-08-08T07:22:45.796" />
  <attribute name="elasticGC enabled" value="1" />
  <attribute name= "numThreadsSpecified" value="16" />
  <attribute name="heapSize specified" value="104071168" />
  <attribute name="Current GC Util" value="55" />
  <attribute name= "Current Time Running" value="133406" />
  <attribute name ="GC Interval" value="0" />
  <attribute name="Target GC Util Change" value ="80.000000" />
  <attribute name="Current GC Util Change" value="55.000000"/>
  <attribute name="Current Error" value="-267.000000" />
  <attribute name="Output H" value="104372648"/>
  <attribute name="Output I" value="624"/>
  <attribute name="Output T" value="16"/>
  <attribute name= "Current Time Running" value="133406" />
  <attribute name="GC Util currently" value="55" />
  <attribute name="CPU Util currently" value="47617680310" />
<allocation-satisfied id="6250" threadId="0000000000996F00" bytesRequested="16" />
<af-end id="6251" timestamp="2019-08-08T07:22:45.796" threadId="0000000000997888" success="true" />
<exclusive-end id="6252" timestamp="2019-08-08T07:22:45.796" durationms="57.234" />

<concurrent-kickoff id="6253" timestamp="2019-08-08T07:22:45.877">
  <kickoff reason="threshold reached" targetBytes="8687262" thresholdFreeBytes="1183901" remainingFree="1110824" tenureFreeBytes="1110824" />
</concurrent-kickoff>
<exclusive-start id="6254" timestamp="2019-08-08T07:22:45.877" intervalms="137.840">
  <response-info timems="0.106" idlems="0.106" threads="0" lastid="0000000000996F00" lastname="main" />
</exclusive-start>
<cycle-start id="6255" type="global" contextid="0" timestamp="2019-08-08T07:22:45.877" intervalms="137.764" />
<exclusive-end id="6256" timestamp="2019-08-08T07:22:45.877" durationms="0.016" />

<exclusive-start id="6257" timestamp="2019-08-08T07:22:45.877" intervalms="0.261">
  <response-info timems="0.007" idlems="0.007" threads="0" lastid="0000000000996F00" lastname="main" />
</exclusive-start>
<af-start id="6258" threadId="0000000000997888" totalBytesRequested="32" timestamp="2019-08-08T07:22:45.877" intervalms="138.112" />
<concurrent-aborted id="6259" timestamp="2019-08-08T07:22:45.877">
  <reason value="insufficient progress made" />
</concurrent-aborted>
<cycle-end id="6260" type="global" contextid="6255" timestamp="2019-08-08T07:22:45.877" />
  <attribute name="elasticGC enabled" value="1" />
  <attribute name= "numThreadsSpecified" value="16" />
  <attribute name="heapSize specified" value="104071168" />
  <attribute name="Current GC Util" value="55" />
  <attribute name= "Current Time Running" value="133406" />
  <attribute name ="GC Interval" value="0" />
  <attribute name="Target GC Util Change" value ="80.000000" />
  <attribute name="Current GC Util Change" value="55.000000"/>
  <attribute name="Current Error" value="-267.000000" />
  <attribute name="Output H" value="104372648"/>
  <attribute name="Output I" value="624"/>
  <attribute name="Output T" value="16"/>
  <attribute name= "Current Time Running" value="133406" />
  <attribute name="GC Util currently" value="55" />
  <attribute name="CPU Util currently" value="47617680310" />
<cycle-start id="6261" type="global" contextid="0" timestamp="2019-08-08T07:22:45.877" intervalms="0.329" />
<gc-start id="6262" type="global" contextid="6261" timestamp="2019-08-08T07:22:45.877">
  <mem-info id="6263" free="1043456" total="104398848" percent="0">
    <mem type="tenure" free="1043456" total="104398848" percent="0">
      <mem type="soa" free="0" total="103355392" percent="0" />
      <mem type="loa" free="1043456" total="1043456" percent="100" />
    </mem>
  </mem-info>
</gc-start>
<allocation-stats totalBytes="85461688" >
  <allocated-bytes non-tlh="0" tlh="85461688" />
  <largest-consumer threadName="main" threadId="0000000000996F00" bytes="85461688" />
</allocation-stats>
<gc-op id="6264" type="mark" timems="14.438" contextid="6261" timestamp="2019-08-08T07:22:45.892">
  <trace-info objectcount="596750" scancount="517747" scanbytes="13288776" />
  <finalization candidates="80" enqueued="0" />
  <ownableSynchronizers candidates="21" cleared="0" />
  <references type="soft" candidates="1849" cleared="0" enqueued="0" dynamicThreshold="26" maxThreshold="32" />
  <references type="weak" candidates="5746" cleared="0" enqueued="0" />
  <references type="phantom" candidates="97" cleared="0" enqueued="0" />
  <stringconstants candidates="13272" cleared="0"  />
</gc-op>
<gc-op id="6265" type="sweep" timems="23.871" contextid="6261" timestamp="2019-08-08T07:22:45.916" />
<mem-info id="6266" free="86513104" total="104398848" percent="82">
  <mem type="tenure" free="86513104" total="104398848" percent="82" micro-fragmented="0">
    <mem type="soa" free="85469648" total="103355392" percent="82" />
    <mem type="loa" free="1043456" total="1043456" percent="100" />
  </mem>
</mem-info>
<gc-op id="6267" type="compact" timems="27.812" contextid="6261" timestamp="2019-08-08T07:22:45.943">
  <compact-info movecount="655" movebytes="19680" reason="compact to aid heap contraction" />
</gc-op>
<heap-resize id="6268" type="expand" space="tenure" amount="327680" count="1" timems="0.020" reason="satisfy allocation request" timestamp="2019-08-08T07:22:45.944" />
<gc-end id="6269" type="global" contextid="6261" durationms="66.991" usertimems="125.573" systemtimems="0.000" timestamp="2019-08-08T07:22:45.944" activeThreads="16">
  <mem-info id="6270" free="86776400" total="104726528" percent="82">
    <mem type="tenure" free="86776400" total="104726528" percent="82">
      <mem type="soa" free="85729872" total="103680000" percent="82" />
      <mem type="loa" free="1046528" total="1046528" percent="100" />
    </mem>
  </mem-info>
</gc-end>
<cycle-end id="6271" type="global" contextid="6261" timestamp="2019-08-08T07:22:45.944" />
  <attribute name="elasticGC enabled" value="1" />
  <attribute name= "numThreadsSpecified" value="16" />
  <attribute name="heapSize specified" value="104398848" />
  <attribute name="Current GC Util" value="52" />
  <attribute name= "Current Time Running" value="133554" />
  <attribute name ="GC Interval" value="0" />
  <attribute name="Target GC Util Change" value ="80.000000" />
  <attribute name="Current GC Util Change" value="52.000000"/>
  <attribute name="Current Error" value="-246.000000" />
  <attribute name="Output H" value="104700424"/>
  <attribute name="Output I" value="736"/>
  <attribute name="Output T" value="16"/>
  <attribute name= "Current Time Running" value="133554" />
  <attribute name="GC Util currently" value="52" />
  <attribute name="CPU Util currently" value="41493935532" />
<allocation-satisfied id="6272" threadId="0000000000996F00" bytesRequested="32" />
<af-end id="6273" timestamp="2019-08-08T07:22:45.944" threadId="0000000000997888" success="true" />
<exclusive-end id="6274" timestamp="2019-08-08T07:22:45.944" durationms="67.375" />

<concurrent-kickoff id="6275" timestamp="2019-08-08T07:22:46.077">
  <kickoff reason="threshold reached" targetBytes="8714528" thresholdFreeBytes="1187617" remainingFree="1110192" tenureFreeBytes="1110192" />
</concurrent-kickoff>
<exclusive-start id="6276" timestamp="2019-08-08T07:22:46.077" intervalms="200.234">
  <response-info timems="0.022" idlems="0.022" threads="0" lastid="0000000000996F00" lastname="main" />
</exclusive-start>
<cycle-start id="6277" type="global" contextid="0" timestamp="2019-08-08T07:22:46.077" intervalms="200.174" />
<exclusive-end id="6278" timestamp="2019-08-08T07:22:46.077" durationms="0.026" />

<exclusive-start id="6279" timestamp="2019-08-08T07:22:46.078" intervalms="0.300">
  <response-info timems="0.008" idlems="0.008" threads="0" lastid="0000000000996F00" lastname="main" />
</exclusive-start>
<af-start id="6280" threadId="0000000000997888" totalBytesRequested="24" timestamp="2019-08-08T07:22:46.078" intervalms="200.534" />
<concurrent-aborted id="6281" timestamp="2019-08-08T07:22:46.078">
  <reason value="insufficient progress made" />
</concurrent-aborted>
<cycle-end id="6282" type="global" contextid="6277" timestamp="2019-08-08T07:22:46.078" />
  <attribute name="elasticGC enabled" value="1" />
  <attribute name= "numThreadsSpecified" value="16" />
  <attribute name="heapSize specified" value="104398848" />
  <attribute name="Current GC Util" value="52" />
  <attribute name= "Current Time Running" value="133554" />
  <attribute name ="GC Interval" value="0" />
  <attribute name="Target GC Util Change" value ="80.000000" />
  <attribute name="Current GC Util Change" value="52.000000"/>
  <attribute name="Current Error" value="-246.000000" />
  <attribute name="Output H" value="104700424"/>
  <attribute name="Output I" value="736"/>
  <attribute name="Output T" value="16"/>
  <attribute name= "Current Time Running" value="133554" />
  <attribute name="GC Util currently" value="52" />
  <attribute name="CPU Util currently" value="41493935532" />
<cycle-start id="6283" type="global" contextid="0" timestamp="2019-08-08T07:22:46.078" intervalms="0.360" />
<gc-start id="6284" type="global" contextid="6283" timestamp="2019-08-08T07:22:46.078">
  <mem-info id="6285" free="1046528" total="104726528" percent="0">
    <mem type="tenure" free="1046528" total="104726528" percent="0">
      <mem type="soa" free="0" total="103680000" percent="0" />
      <mem type="loa" free="1046528" total="1046528" percent="100" />
    </mem>
  </mem-info>
</gc-start>
<allocation-stats totalBytes="85789912" >
  <allocated-bytes non-tlh="0" tlh="85789912" />
  <largest-consumer threadName="main" threadId="0000000000996F00" bytes="85789912" />
</allocation-stats>
<gc-op id="6286" type="mark" timems="9.530" contextid="6283" timestamp="2019-08-08T07:22:46.087">
  <trace-info objectcount="596758" scancount="517751" scanbytes="13288928" />
  <finalization candidates="80" enqueued="0" />
  <ownableSynchronizers candidates="21" cleared="0" />
  <references type="soft" candidates="1849" cleared="0" enqueued="0" dynamicThreshold="26" maxThreshold="32" />
  <references type="weak" candidates="5746" cleared="0" enqueued="0" />
  <references type="phantom" candidates="97" cleared="0" enqueued="0" />
  <stringconstants candidates="13272" cleared="0"  />
</gc-op>
<gc-op id="6287" type="sweep" timems="19.917" contextid="6283" timestamp="2019-08-08T07:22:46.107" />
<mem-info id="6288" free="86840224" total="104726528" percent="82">
  <mem type="tenure" free="86840224" total="104726528" percent="82" micro-fragmented="0">
    <mem type="soa" free="85793696" total="103680000" percent="82" />
    <mem type="loa" free="1046528" total="1046528" percent="100" />
  </mem>
</mem-info>
<gc-op id="6289" type="compact" timems="24.978" contextid="6283" timestamp="2019-08-08T07:22:46.132">
  <compact-info movecount="94" movebytes="2400" reason="compact to aid heap contraction" />
</gc-op>
<heap-resize id="6290" type="expand" space="tenure" amount="327680" count="1" timems="0.022" reason="satisfy allocation request" timestamp="2019-08-08T07:22:46.133" />
<gc-end id="6291" type="global" contextid="6283" durationms="55.334" usertimems="101.022" systemtimems="0.000" timestamp="2019-08-08T07:22:46.133" activeThreads="16">
  <mem-info id="6292" free="87103920" total="105054208" percent="82">
    <mem type="tenure" free="87103920" total="105054208" percent="82">
      <mem type="soa" free="86054320" total="104004608" percent="82" />
      <mem type="loa" free="1049600" total="1049600" percent="100" />
    </mem>
  </mem-info>
</gc-end>
<cycle-end id="6293" type="global" contextid="6283" timestamp="2019-08-08T07:22:46.133" />
  <attribute name="elasticGC enabled" value="1" />
  <attribute name= "numThreadsSpecified" value="16" />
  <attribute name="heapSize specified" value="104726528" />
  <attribute name="Current GC Util" value="43" />
  <attribute name= "Current Time Running" value="133743" />
  <attribute name ="GC Interval" value="0" />
  <attribute name="Target GC Util Change" value ="80.000000" />
  <attribute name="Current GC Util Change" value="43.000000"/>
  <attribute name="Current Error" value="-316.000000" />
  <attribute name="Output H" value="105027784"/>
  <attribute name="Output I" value="368"/>
  <attribute name="Output T" value="16"/>
  <attribute name= "Current Time Running" value="133743" />
  <attribute name="GC Util currently" value="43" />
  <attribute name="CPU Util currently" value="46130579487" />
<allocation-satisfied id="6294" threadId="0000000000996F00" bytesRequested="24" />
<af-end id="6295" timestamp="2019-08-08T07:22:46.133" threadId="0000000000997888" success="true" />
<exclusive-end id="6296" timestamp="2019-08-08T07:22:46.133" durationms="55.608" />

<concurrent-kickoff id="6297" timestamp="2019-08-08T07:22:46.196">
  <kickoff reason="threshold reached" targetBytes="8741795" thresholdFreeBytes="1191331" remainingFree="1115176" tenureFreeBytes="1115176" />
</concurrent-kickoff>
<exclusive-start id="6298" timestamp="2019-08-08T07:22:46.196" intervalms="118.619">
  <response-info timems="0.018" idlems="0.018" threads="0" lastid="0000000000996F00" lastname="main" />
</exclusive-start>
<cycle-start id="6299" type="global" contextid="0" timestamp="2019-08-08T07:22:46.196" intervalms="118.555" />
<exclusive-end id="6300" timestamp="2019-08-08T07:22:46.196" durationms="0.021" />

<exclusive-start id="6301" timestamp="2019-08-08T07:22:46.197" intervalms="0.399">
  <response-info timems="0.008" idlems="0.008" threads="0" lastid="0000000000996F00" lastname="main" />
</exclusive-start>
<af-start id="6302" threadId="0000000000997888" totalBytesRequested="32" timestamp="2019-08-08T07:22:46.197" intervalms="119.015" />
<concurrent-aborted id="6303" timestamp="2019-08-08T07:22:46.197">
  <reason value="insufficient progress made" />
</concurrent-aborted>
<cycle-end id="6304" type="global" contextid="6299" timestamp="2019-08-08T07:22:46.197" />
  <attribute name="elasticGC enabled" value="1" />
  <attribute name= "numThreadsSpecified" value="16" />
  <attribute name="heapSize specified" value="104726528" />
  <attribute name="Current GC Util" value="43" />
  <attribute name= "Current Time Running" value="133743" />
  <attribute name ="GC Interval" value="0" />
  <attribute name="Target GC Util Change" value ="80.000000" />
  <attribute name="Current GC Util Change" value="43.000000"/>
  <attribute name="Current Error" value="-316.000000" />
  <attribute name="Output H" value="105027784"/>
  <attribute name="Output I" value="368"/>
  <attribute name="Output T" value="16"/>
  <attribute name= "Current Time Running" value="133743" />
  <attribute name="GC Util currently" value="43" />
  <attribute name="CPU Util currently" value="46130579487" />
<cycle-start id="6305" type="global" contextid="0" timestamp="2019-08-08T07:22:46.197" intervalms="0.458" />
<gc-start id="6306" type="global" contextid="6305" timestamp="2019-08-08T07:22:46.197">
  <mem-info id="6307" free="1049600" total="105054208" percent="0">
    <mem type="tenure" free="1049600" total="105054208" percent="0">
      <mem type="soa" free="0" total="104004608" percent="0" />
      <mem type="loa" free="1049600" total="1049600" percent="100" />
    </mem>
  </mem-info>
</gc-start>
<allocation-stats totalBytes="86114008" >
  <allocated-bytes non-tlh="0" tlh="86114008" />
  <largest-consumer threadName="main" threadId="0000000000996F00" bytes="86114008" />
</allocation-stats>
<gc-op id="6308" type="mark" timems="9.788" contextid="6305" timestamp="2019-08-08T07:22:46.207">
  <trace-info objectcount="596764" scancount="517760" scanbytes="13289176" />
  <finalization candidates="80" enqueued="0" />
  <ownableSynchronizers candidates="21" cleared="0" />
  <references type="soft" candidates="1849" cleared="0" enqueued="0" dynamicThreshold="26" maxThreshold="32" />
  <references type="weak" candidates="5746" cleared="0" enqueued="0" />
  <references type="phantom" candidates="97" cleared="0" enqueued="0" />
  <stringconstants candidates="13272" cleared="0"  />
</gc-op>
<gc-op id="6309" type="sweep" timems="25.114" contextid="6305" timestamp="2019-08-08T07:22:46.232" />
<mem-info id="6310" free="87168064" total="105054208" percent="82">
  <mem type="tenure" free="87168064" total="105054208" percent="82" micro-fragmented="0">
    <mem type="soa" free="86118464" total="104004608" percent="82" />
    <mem type="loa" free="1049600" total="1049600" percent="100" />
  </mem>
</mem-info>
<gc-op id="6311" type="compact" timems="25.183" contextid="6305" timestamp="2019-08-08T07:22:46.257">
  <compact-info movecount="727" movebytes="21440" reason="compact to aid heap contraction" />
</gc-op>
<heap-resize id="6312" type="expand" space="tenure" amount="327680" count="1" timems="0.020" reason="satisfy allocation request" timestamp="2019-08-08T07:22:46.258" />
<gc-end id="6313" type="global" contextid="6305" durationms="60.799" usertimems="113.608" systemtimems="0.000" timestamp="2019-08-08T07:22:46.258" activeThreads="16">
  <mem-info id="6314" free="87431392" total="105381888" percent="82">
    <mem type="tenure" free="87431392" total="105381888" percent="82">
      <mem type="soa" free="86377696" total="104328192" percent="82" />
      <mem type="loa" free="1053696" total="1053696" percent="100" />
    </mem>
  </mem-info>
</gc-end>
<cycle-end id="6315" type="global" contextid="6305" timestamp="2019-08-08T07:22:46.258" />
  <attribute name="elasticGC enabled" value="1" />
  <attribute name= "numThreadsSpecified" value="16" />
  <attribute name="heapSize specified" value="105054208" />
  <attribute name="Current GC Util" value="43" />
  <attribute name= "Current Time Running" value="133867" />
  <attribute name ="GC Interval" value="0" />
  <attribute name="Target GC Util Change" value ="80.000000" />
  <attribute name="Current GC Util Change" value="43.000000"/>
  <attribute name="Current Error" value="63.000000" />
  <attribute name="Output H" value="105357216"/>
  <attribute name="Output I" value="2336"/>
  <attribute name="Output T" value="16"/>
  <attribute name= "Current Time Running" value="133867" />
  <attribute name="GC Util currently" value="43" />
  <attribute name="CPU Util currently" value="45755274533" />
<allocation-satisfied id="6316" threadId="0000000000996F00" bytesRequested="32" />
<af-end id="6317" timestamp="2019-08-08T07:22:46.258" threadId="0000000000997888" success="true" />
<exclusive-end id="6318" timestamp="2019-08-08T07:22:46.258" durationms="61.106" />

<concurrent-kickoff id="6319" timestamp="2019-08-08T07:22:46.394">
  <kickoff reason="threshold reached" targetBytes="8769063" thresholdFreeBytes="1195048" remainingFree="1119136" tenureFreeBytes="1119136" />
</concurrent-kickoff>
<exclusive-start id="6320" timestamp="2019-08-08T07:22:46.395" intervalms="198.015">
  <response-info timems="0.013" idlems="0.013" threads="0" lastid="0000000000996F00" lastname="main" />
</exclusive-start>
<cycle-start id="6321" type="global" contextid="0" timestamp="2019-08-08T07:22:46.395" intervalms="198.067" />
<exclusive-end id="6322" timestamp="2019-08-08T07:22:46.395" durationms="0.331" />

<exclusive-start id="6323" timestamp="2019-08-08T07:22:46.395" intervalms="0.608">
  <response-info timems="0.007" idlems="0.007" threads="0" lastid="0000000000996F00" lastname="main" />
</exclusive-start>
<af-start id="6324" threadId="0000000000997888" totalBytesRequested="32" timestamp="2019-08-08T07:22:46.395" intervalms="198.636" />
<concurrent-aborted id="6325" timestamp="2019-08-08T07:22:46.395">
  <reason value="insufficient progress made" />
</concurrent-aborted>
<cycle-end id="6326" type="global" contextid="6321" timestamp="2019-08-08T07:22:46.395" />
  <attribute name="elasticGC enabled" value="1" />
  <attribute name= "numThreadsSpecified" value="16" />
  <attribute name="heapSize specified" value="105054208" />
  <attribute name="Current GC Util" value="43" />
  <attribute name= "Current Time Running" value="133867" />
  <attribute name ="GC Interval" value="0" />
  <attribute name="Target GC Util Change" value ="80.000000" />
  <attribute name="Current GC Util Change" value="43.000000"/>
  <attribute name="Current Error" value="63.000000" />
  <attribute name="Output H" value="105357216"/>
  <attribute name="Output I" value="2336"/>
  <attribute name="Output T" value="16"/>
  <attribute name= "Current Time Running" value="133867" />
  <attribute name="GC Util currently" value="43" />
  <attribute name="CPU Util currently" value="45755274533" />
<cycle-start id="6327" type="global" contextid="0" timestamp="2019-08-08T07:22:46.395" intervalms="0.587" />
<gc-start id="6328" type="global" contextid="6327" timestamp="2019-08-08T07:22:46.395">
  <mem-info id="6329" free="1053696" total="105381888" percent="0">
    <mem type="tenure" free="1053696" total="105381888" percent="0">
      <mem type="soa" free="0" total="104328192" percent="0" />
      <mem type="loa" free="1053696" total="1053696" percent="100" />
    </mem>
  </mem-info>
</gc-start>
<allocation-stats totalBytes="86416344" >
  <allocated-bytes non-tlh="0" tlh="86416344" />
  <largest-consumer threadName="main" threadId="0000000000996F00" bytes="86416344" />
</allocation-stats>
<gc-op id="6330" type="mark" timems="8.886" contextid="6327" timestamp="2019-08-08T07:22:46.404">
  <trace-info objectcount="596422" scancount="517414" scanbytes="13277884" />
  <finalization candidates="80" enqueued="0" />
  <ownableSynchronizers candidates="21" cleared="0" />
  <references type="soft" candidates="1849" cleared="6" enqueued="6" dynamicThreshold="26" maxThreshold="32" />
  <references type="weak" candidates="5746" cleared="0" enqueued="0" />
  <references type="phantom" candidates="97" cleared="0" enqueued="0" />
  <stringconstants candidates="13272" cleared="0"  />
</gc-op>
<gc-op id="6331" type="sweep" timems="24.960" contextid="6327" timestamp="2019-08-08T07:22:46.430" />
<mem-info id="6332" free="87506264" total="105381888" percent="83">
  <mem type="tenure" free="87506264" total="105381888" percent="83" micro-fragmented="0">
    <mem type="soa" free="86452568" total="104328192" percent="82" />
    <mem type="loa" free="1053696" total="1053696" percent="100" />
  </mem>
  <pending-finalizers system="0" default="0" reference="6" classloader="0" />
</mem-info>
<gc-op id="6333" type="compact" timems="25.672" contextid="6327" timestamp="2019-08-08T07:22:46.455">
  <compact-info movecount="431" movebytes="12416" reason="compact to aid heap contraction" />
</gc-op>
<heap-resize id="6334" type="expand" space="tenure" amount="327680" count="1" timems="0.020" reason="satisfy allocation request" timestamp="2019-08-08T07:22:46.456" />
<gc-end id="6335" type="global" contextid="6327" durationms="60.773" usertimems="123.830" systemtimems="0.000" timestamp="2019-08-08T07:22:46.456" activeThreads="16">
  <mem-info id="6336" free="87769704" total="105709568" percent="83">
    <mem type="tenure" free="87769704" total="105709568" percent="83">
      <mem type="soa" free="86712936" total="104652800" percent="82" />
      <mem type="loa" free="1056768" total="1056768" percent="100" />
    </mem>
    <pending-finalizers system="0" default="0" reference="6" classloader="0" />
  </mem-info>
</gc-end>
<cycle-end id="6337" type="global" contextid="6327" timestamp="2019-08-08T07:22:46.456" />
  <attribute name="elasticGC enabled" value="1" />
  <attribute name= "numThreadsSpecified" value="16" />
  <attribute name="heapSize specified" value="105381888" />
  <attribute name="Current GC Util" value="52" />
  <attribute name= "Current Time Running" value="134066" />
  <attribute name ="GC Interval" value="0" />
  <attribute name="Target GC Util Change" value ="80.000000" />
  <attribute name="Current GC Util Change" value="52.000000"/>
  <attribute name="Current Error" value="106.000000" />
  <attribute name="Output H" value="105685096"/>
  <attribute name="Output I" value="2560"/>
  <attribute name="Output T" value="16"/>
  <attribute name= "Current Time Running" value="134066" />
  <attribute name="GC Util currently" value="52" />
  <attribute name="CPU Util currently" value="45074589476" />
<allocation-satisfied id="6338" threadId="0000000000996F00" bytesRequested="32" />
<af-end id="6339" timestamp="2019-08-08T07:22:46.456" threadId="0000000000997888" success="true" />
<exclusive-end id="6340" timestamp="2019-08-08T07:22:46.456" durationms="61.170" />

<concurrent-kickoff id="6341" timestamp="2019-08-08T07:22:46.544">
  <kickoff reason="threshold reached" targetBytes="8796329" thresholdFreeBytes="1198764" remainingFree="1122672" tenureFreeBytes="1122672" />
</concurrent-kickoff>
<exclusive-start id="6342" timestamp="2019-08-08T07:22:46.545" intervalms="149.357">
  <response-info timems="0.020" idlems="0.020" threads="0" lastid="0000000000996F00" lastname="main" />
</exclusive-start>
<cycle-start id="6343" type="global" contextid="0" timestamp="2019-08-08T07:22:46.545" intervalms="149.261" />
<exclusive-end id="6344" timestamp="2019-08-08T07:22:46.545" durationms="0.013" />

<exclusive-start id="6345" timestamp="2019-08-08T07:22:46.545" intervalms="0.193">
  <response-info timems="0.007" idlems="0.007" threads="0" lastid="0000000000996F00" lastname="main" />
</exclusive-start>
<af-start id="6346" threadId="0000000000997888" totalBytesRequested="584" timestamp="2019-08-08T07:22:46.545" intervalms="149.550" />
<concurrent-aborted id="6347" timestamp="2019-08-08T07:22:46.545">
  <reason value="insufficient progress made" />
</concurrent-aborted>
<cycle-end id="6348" type="global" contextid="6343" timestamp="2019-08-08T07:22:46.545" />
  <attribute name="elasticGC enabled" value="1" />
  <attribute name= "numThreadsSpecified" value="16" />
  <attribute name="heapSize specified" value="105381888" />
  <attribute name="Current GC Util" value="52" />
  <attribute name= "Current Time Running" value="134066" />
  <attribute name ="GC Interval" value="0" />
  <attribute name="Target GC Util Change" value ="80.000000" />
  <attribute name="Current GC Util Change" value="52.000000"/>
  <attribute name="Current Error" value="106.000000" />
  <attribute name="Output H" value="105685096"/>
  <attribute name="Output I" value="2560"/>
  <attribute name="Output T" value="16"/>
  <attribute name= "Current Time Running" value="134066" />
  <attribute name="GC Util currently" value="52" />
  <attribute name="CPU Util currently" value="45074589476" />
<cycle-start id="6349" type="global" contextid="0" timestamp="2019-08-08T07:22:46.545" intervalms="0.274" />
<gc-start id="6350" type="global" contextid="6349" timestamp="2019-08-08T07:22:46.545">
  <mem-info id="6351" free="1056768" total="105709568" percent="0">
    <mem type="tenure" free="1056768" total="105709568" percent="0">
      <mem type="soa" free="0" total="104652800" percent="0" />
      <mem type="loa" free="1056768" total="1056768" percent="100" />
    </mem>
  </mem-info>
</gc-start>
<allocation-stats totalBytes="86725616" >
  <allocated-bytes non-tlh="0" tlh="86725616" />
  <largest-consumer threadName="main" threadId="0000000000996F00" bytes="86725616" />
</allocation-stats>
<gc-op id="6352" type="mark" timems="8.488" contextid="6349" timestamp="2019-08-08T07:22:46.553">
  <trace-info objectcount="596400" scancount="517392" scanbytes="13277256" />
  <finalization candidates="80" enqueued="0" />
  <ownableSynchronizers candidates="21" cleared="0" />
  <references type="soft" candidates="1843" cleared="0" enqueued="0" dynamicThreshold="26" maxThreshold="32" />
  <references type="weak" candidates="5746" cleared="0" enqueued="0" />
  <references type="phantom" candidates="97" cleared="0" enqueued="0" />
  <stringconstants candidates="13272" cleared="0"  />
</gc-op>
<gc-op id="6353" type="sweep" timems="16.505" contextid="6349" timestamp="2019-08-08T07:22:46.570" />
<mem-info id="6354" free="87834448" total="105709568" percent="83">
  <mem type="tenure" free="87834448" total="105709568" percent="83" micro-fragmented="0">
    <mem type="soa" free="86777680" total="104652800" percent="82" />
    <mem type="loa" free="1056768" total="1056768" percent="100" />
  </mem>
</mem-info>
<gc-op id="6355" type="compact" timems="24.403" contextid="6349" timestamp="2019-08-08T07:22:46.594">
  <compact-info movecount="441" movebytes="12256" reason="compact to aid heap contraction" />
</gc-op>
<heap-resize id="6356" type="expand" space="tenure" amount="327680" count="1" timems="0.021" reason="satisfy allocation request" timestamp="2019-08-08T07:22:46.595" />
<gc-end id="6357" type="global" contextid="6349" durationms="50.319" usertimems="101.600" systemtimems="0.000" timestamp="2019-08-08T07:22:46.595" activeThreads="16">
  <mem-info id="6358" free="88098312" total="106037248" percent="83">
    <mem type="tenure" free="88098312" total="106037248" percent="83">
      <mem type="soa" free="87038472" total="104977408" percent="82" />
      <mem type="loa" free="1059840" total="1059840" percent="100" />
    </mem>
  </mem-info>
</gc-end>
<cycle-end id="6359" type="global" contextid="6349" timestamp="2019-08-08T07:22:46.595" />
  <attribute name="elasticGC enabled" value="1" />
  <attribute name= "numThreadsSpecified" value="16" />
  <attribute name="heapSize specified" value="105709568" />
  <attribute name="Current GC Util" value="59" />
  <attribute name= "Current Time Running" value="134205" />
  <attribute name ="GC Interval" value="0" />
  <attribute name="Target GC Util Change" value ="80.000000" />
  <attribute name="Current GC Util Change" value="59.000000"/>
  <attribute name="Current Error" value="21.000000" />
  <attribute name="Output H" value="106012376"/>
  <attribute name="Output I" value="2120"/>
  <attribute name="Output T" value="16"/>
  <attribute name= "Current Time Running" value="134205" />
  <attribute name="GC Util currently" value="59" />
  <attribute name="CPU Util currently" value="47204858691" />
<allocation-satisfied id="6360" threadId="0000000000996F00" bytesRequested="584" />
<af-end id="6361" timestamp="2019-08-08T07:22:46.595" threadId="0000000000997888" success="true" />
<exclusive-end id="6362" timestamp="2019-08-08T07:22:46.595" durationms="50.533" />

<concurrent-kickoff id="6363" timestamp="2019-08-08T07:22:46.608">
  <kickoff reason="threshold reached" targetBytes="8823596" thresholdFreeBytes="1202480" remainingFree="1123824" tenureFreeBytes="1123824" />
</concurrent-kickoff>
<exclusive-start id="6364" timestamp="2019-08-08T07:22:46.608" intervalms="63.167">
  <response-info timems="0.024" idlems="0.024" threads="0" lastid="0000000000996F00" lastname="main" />
</exclusive-start>
<cycle-start id="6365" type="global" contextid="0" timestamp="2019-08-08T07:22:46.608" intervalms="63.087" />
<exclusive-end id="6366" timestamp="2019-08-08T07:22:46.608" durationms="0.016" />

<exclusive-start id="6367" timestamp="2019-08-08T07:22:46.608" intervalms="0.199">
  <response-info timems="0.007" idlems="0.007" threads="0" lastid="0000000000996F00" lastname="main" />
</exclusive-start>
<af-start id="6368" threadId="0000000000997888" totalBytesRequested="584" timestamp="2019-08-08T07:22:46.608" intervalms="63.359" />
<concurrent-aborted id="6369" timestamp="2019-08-08T07:22:46.608">
  <reason value="insufficient progress made" />
</concurrent-aborted>
<cycle-end id="6370" type="global" contextid="6365" timestamp="2019-08-08T07:22:46.608" />
  <attribute name="elasticGC enabled" value="1" />
  <attribute name= "numThreadsSpecified" value="16" />
  <attribute name="heapSize specified" value="105709568" />
  <attribute name="Current GC Util" value="59" />
  <attribute name= "Current Time Running" value="134205" />
  <attribute name ="GC Interval" value="0" />
  <attribute name="Target GC Util Change" value ="80.000000" />
  <attribute name="Current GC Util Change" value="59.000000"/>
  <attribute name="Current Error" value="21.000000" />
  <attribute name="Output H" value="106012376"/>
  <attribute name="Output I" value="2120"/>
  <attribute name="Output T" value="16"/>
  <attribute name= "Current Time Running" value="134205" />
  <attribute name="GC Util currently" value="59" />
  <attribute name="CPU Util currently" value="47204858691" />
<cycle-start id="6371" type="global" contextid="0" timestamp="2019-08-08T07:22:46.608" intervalms="0.271" />
<gc-start id="6372" type="global" contextid="6371" timestamp="2019-08-08T07:22:46.608">
  <mem-info id="6373" free="1059840" total="106037248" percent="0">
    <mem type="tenure" free="1059840" total="106037248" percent="0">
      <mem type="soa" free="0" total="104977408" percent="0" />
      <mem type="loa" free="1059840" total="1059840" percent="100" />
    </mem>
  </mem-info>
</gc-start>
<allocation-stats totalBytes="86949744" >
  <allocated-bytes non-tlh="0" tlh="86949744" />
  <largest-consumer threadName="main" threadId="0000000000996F00" bytes="86949744" />
</allocation-stats>
<gc-op id="6374" type="mark" timems="9.741" contextid="6371" timestamp="2019-08-08T07:22:46.618">
  <trace-info objectcount="596400" scancount="517398" scanbytes="13277256" />
  <finalization candidates="80" enqueued="0" />
  <ownableSynchronizers candidates="21" cleared="0" />
  <references type="soft" candidates="1843" cleared="0" enqueued="0" dynamicThreshold="26" maxThreshold="32" />
  <references type="weak" candidates="5746" cleared="0" enqueued="0" />
  <references type="phantom" candidates="97" cleared="0" enqueued="0" />
  <stringconstants candidates="13272" cleared="0"  />
</gc-op>
<gc-op id="6375" type="sweep" timems="17.912" contextid="6371" timestamp="2019-08-08T07:22:46.636" />
<mem-info id="6376" free="88163648" total="106037248" percent="83">
  <mem type="tenure" free="88163648" total="106037248" percent="83" micro-fragmented="0">
    <mem type="soa" free="87103808" total="104977408" percent="82" />
    <mem type="loa" free="1059840" total="1059840" percent="100" />
  </mem>
</mem-info>
<gc-op id="6377" type="compact" timems="26.426" contextid="6371" timestamp="2019-08-08T07:22:46.663">
  <compact-info movecount="2" movebytes="48" reason="compact to aid heap contraction" />
</gc-op>
<heap-resize id="6378" type="expand" space="tenure" amount="327680" count="1" timems="0.021" reason="satisfy allocation request" timestamp="2019-08-08T07:22:46.663" />
<gc-end id="6379" type="global" contextid="6371" durationms="55.016" usertimems="111.580" systemtimems="0.000" timestamp="2019-08-08T07:22:46.663" activeThreads="16">
  <mem-info id="6380" free="88425992" total="106364928" percent="83">
    <mem type="tenure" free="88425992" total="106364928" percent="83">
      <mem type="soa" free="87363080" total="105302016" percent="82" />
      <mem type="loa" free="1062912" total="1062912" percent="100" />
    </mem>
  </mem-info>
</gc-end>
<cycle-end id="6381" type="global" contextid="6371" timestamp="2019-08-08T07:22:46.663" />
  <attribute name="elasticGC enabled" value="1" />
  <attribute name= "numThreadsSpecified" value="16" />
  <attribute name="heapSize specified" value="106037248" />
  <attribute name="Current GC Util" value="56" />
  <attribute name= "Current Time Running" value="134273" />
  <attribute name ="GC Interval" value="0" />
  <attribute name="Target GC Util Change" value ="80.000000" />
  <attribute name="Current GC Util Change" value="56.000000"/>
  <attribute name="Current Error" value="-497.000000" />
  <attribute name="Output H" value="106337672"/>
  <attribute name="Output I" value="200"/>
  <attribute name="Output T" value="16"/>
  <attribute name= "Current Time Running" value="134273" />
  <attribute name="GC Util currently" value="56" />
  <attribute name="CPU Util currently" value="43600114622" />
<allocation-satisfied id="6382" threadId="0000000000996F00" bytesRequested="584" />
<af-end id="6383" timestamp="2019-08-08T07:22:46.663" threadId="0000000000997888" success="true" />
<exclusive-end id="6384" timestamp="2019-08-08T07:22:46.663" durationms="55.210" />

<concurrent-kickoff id="6385" timestamp="2019-08-08T07:22:46.675">
  <kickoff reason="threshold reached" targetBytes="8850863" thresholdFreeBytes="1206196" remainingFree="1136928" tenureFreeBytes="1136928" />
</concurrent-kickoff>
<exclusive-start id="6386" timestamp="2019-08-08T07:22:46.675" intervalms="66.678">
  <response-info timems="0.014" idlems="0.014" threads="0" lastid="0000000000996F00" lastname="main" />
</exclusive-start>
<cycle-start id="6387" type="global" contextid="0" timestamp="2019-08-08T07:22:46.675" intervalms="66.615" />
<exclusive-end id="6388" timestamp="2019-08-08T07:22:46.675" durationms="0.025" />

<exclusive-start id="6389" timestamp="2019-08-08T07:22:46.675" intervalms="0.207">
  <response-info timems="0.007" idlems="0.007" threads="0" lastid="0000000000996F00" lastname="main" />
</exclusive-start>
<af-start id="6390" threadId="0000000000997888" totalBytesRequested="584" timestamp="2019-08-08T07:22:46.675" intervalms="66.879" />
<concurrent-aborted id="6391" timestamp="2019-08-08T07:22:46.675">
  <reason value="insufficient progress made" />
</concurrent-aborted>
<cycle-end id="6392" type="global" contextid="6387" timestamp="2019-08-08T07:22:46.675" />
  <attribute name="elasticGC enabled" value="1" />
  <attribute name= "numThreadsSpecified" value="16" />
  <attribute name="heapSize specified" value="106037248" />
  <attribute name="Current GC Util" value="56" />
  <attribute name= "Current Time Running" value="134273" />
  <attribute name ="GC Interval" value="0" />
  <attribute name="Target GC Util Change" value ="80.000000" />
  <attribute name="Current GC Util Change" value="56.000000"/>
  <attribute name="Current Error" value="-497.000000" />
  <attribute name="Output H" value="106337672"/>
  <attribute name="Output I" value="200"/>
  <attribute name="Output T" value="16"/>
  <attribute name= "Current Time Running" value="134273" />
  <attribute name="GC Util currently" value="56" />
  <attribute name="CPU Util currently" value="43600114622" />
<cycle-start id="6393" type="global" contextid="0" timestamp="2019-08-08T07:22:46.675" intervalms="0.264" />
<gc-start id="6394" type="global" contextid="6393" timestamp="2019-08-08T07:22:46.675">
  <mem-info id="6395" free="1062912" total="106364928" percent="0">
    <mem type="tenure" free="1062912" total="106364928" percent="0">
      <mem type="soa" free="0" total="105302016" percent="0" />
      <mem type="loa" free="1062912" total="1062912" percent="100" />
    </mem>
  </mem-info>
</gc-start>
<allocation-stats totalBytes="87273480" >
  <allocated-bytes non-tlh="0" tlh="87273480" />
  <largest-consumer threadName="main" threadId="0000000000996F00" bytes="87273480" />
</allocation-stats>
<gc-op id="6396" type="mark" timems="10.834" contextid="6393" timestamp="2019-08-08T07:22:46.686">
  <trace-info objectcount="596400" scancount="517396" scanbytes="13277256" />
  <finalization candidates="80" enqueued="0" />
  <ownableSynchronizers candidates="21" cleared="0" />
  <references type="soft" candidates="1843" cleared="0" enqueued="0" dynamicThreshold="26" maxThreshold="32" />
  <references type="weak" candidates="5746" cleared="0" enqueued="0" />
  <references type="phantom" candidates="97" cleared="0" enqueued="0" />
  <stringconstants candidates="13272" cleared="0"  />
</gc-op>
<gc-op id="6397" type="sweep" timems="19.713" contextid="6393" timestamp="2019-08-08T07:22:46.706" />
<mem-info id="6398" free="88491496" total="106364928" percent="83">
  <mem type="tenure" free="88491496" total="106364928" percent="83" micro-fragmented="0">
    <mem type="soa" free="87428584" total="105302016" percent="83" />
    <mem type="loa" free="1062912" total="1062912" percent="100" />
  </mem>
</mem-info>
<gc-op id="6399" type="compact" timems="35.234" contextid="6393" timestamp="2019-08-08T07:22:46.741">
  <compact-info movecount="3" movebytes="72" reason="compact to aid heap contraction" />
</gc-op>
<heap-resize id="6400" type="expand" space="tenure" amount="327680" count="1" timems="0.022" reason="satisfy allocation request" timestamp="2019-08-08T07:22:46.742" />
<gc-end id="6401" type="global" contextid="6393" durationms="66.666" usertimems="122.631" systemtimems="0.000" timestamp="2019-08-08T07:22:46.742" activeThreads="16">
  <mem-info id="6402" free="88753672" total="106692608" percent="83">
    <mem type="tenure" free="88753672" total="106692608" percent="83">
      <mem type="soa" free="87687688" total="105626624" percent="83" />
      <mem type="loa" free="1065984" total="1065984" percent="100" />
    </mem>
  </mem-info>
</gc-end>
<cycle-end id="6403" type="global" contextid="6393" timestamp="2019-08-08T07:22:46.742" />
  <attribute name="elasticGC enabled" value="1" />
  <attribute name= "numThreadsSpecified" value="16" />
  <attribute name="heapSize specified" value="106364928" />
  <attribute name="Current GC Util" value="32" />
  <attribute name= "Current Time Running" value="134352" />
  <attribute name ="GC Interval" value="0" />
  <attribute name="Target GC Util Change" value ="80.000000" />
  <attribute name="Current GC Util Change" value="32.000000"/>
  <attribute name="Current Error" value="-485.000000" />
  <attribute name="Output H" value="106665400"/>
  <attribute name="Output I" value="200"/>
  <attribute name="Output T" value="16"/>
  <attribute name= "Current Time Running" value="134352" />
  <attribute name="GC Util currently" value="32" />
  <attribute name="CPU Util currently" value="32680982961" />
<allocation-satisfied id="6404" threadId="0000000000996F00" bytesRequested="584" />
<af-end id="6405" timestamp="2019-08-08T07:22:46.742" threadId="0000000000997888" success="true" />
<exclusive-end id="6406" timestamp="2019-08-08T07:22:46.742" durationms="66.852" />

<concurrent-kickoff id="6407" timestamp="2019-08-08T07:22:46.831">
  <kickoff reason="threshold reached" targetBytes="8878130" thresholdFreeBytes="1209912" remainingFree="1098200" tenureFreeBytes="1098200" />
</concurrent-kickoff>
<exclusive-start id="6408" timestamp="2019-08-08T07:22:46.831" intervalms="156.049">
  <response-info timems="0.017" idlems="0.017" threads="0" lastid="0000000000996F00" lastname="main" />
</exclusive-start>
<cycle-start id="6409" type="global" contextid="0" timestamp="2019-08-08T07:22:46.831" intervalms="155.985" />
<exclusive-end id="6410" timestamp="2019-08-08T07:22:46.831" durationms="0.017" />

<exclusive-start id="6411" timestamp="2019-08-08T07:22:46.831" intervalms="0.267">
  <response-info timems="0.009" idlems="0.009" threads="0" lastid="0000000000996F00" lastname="main" />
</exclusive-start>
<af-start id="6412" threadId="0000000000997888" totalBytesRequested="408" timestamp="2019-08-08T07:22:46.831" intervalms="156.308" />
<concurrent-aborted id="6413" timestamp="2019-08-08T07:22:46.831">
  <reason value="insufficient progress made" />
</concurrent-aborted>
<cycle-end id="6414" type="global" contextid="6409" timestamp="2019-08-08T07:22:46.831" />
  <attribute name="elasticGC enabled" value="1" />
  <attribute name= "numThreadsSpecified" value="16" />
  <attribute name="heapSize specified" value="106364928" />
  <attribute name="Current GC Util" value="32" />
  <attribute name= "Current Time Running" value="134352" />
  <attribute name ="GC Interval" value="0" />
  <attribute name="Target GC Util Change" value ="80.000000" />
  <attribute name="Current GC Util Change" value="32.000000"/>
  <attribute name="Current Error" value="-485.000000" />
  <attribute name="Output H" value="106665400"/>
  <attribute name="Output I" value="200"/>
  <attribute name="Output T" value="16"/>
  <attribute name= "Current Time Running" value="134352" />
  <attribute name="GC Util currently" value="32" />
  <attribute name="CPU Util currently" value="32680982961" />
<cycle-start id="6415" type="global" contextid="0" timestamp="2019-08-08T07:22:46.831" intervalms="0.325" />
<gc-start id="6416" type="global" contextid="6415" timestamp="2019-08-08T07:22:46.831">
  <mem-info id="6417" free="1065984" total="106692608" percent="0">
    <mem type="tenure" free="1065984" total="106692608" percent="0">
      <mem type="soa" free="0" total="105626624" percent="0" />
      <mem type="loa" free="1065984" total="1065984" percent="100" />
    </mem>
  </mem-info>
</gc-start>
<allocation-stats totalBytes="87678152" >
  <allocated-bytes non-tlh="0" tlh="87678152" />
  <largest-consumer threadName="main" threadId="0000000000996F00" bytes="87678152" />
</allocation-stats>
<gc-op id="6418" type="mark" timems="15.211" contextid="6415" timestamp="2019-08-08T07:22:46.847">
  <trace-info objectcount="596408" scancount="517401" scanbytes="13278368" />
  <finalization candidates="80" enqueued="0" />
  <ownableSynchronizers candidates="21" cleared="0" />
  <references type="soft" candidates="1843" cleared="0" enqueued="0" dynamicThreshold="26" maxThreshold="32" />
  <references type="weak" candidates="5746" cleared="0" enqueued="0" />
  <references type="phantom" candidates="97" cleared="0" enqueued="0" />
  <stringconstants candidates="13272" cleared="0"  />
</gc-op>
<gc-op id="6419" type="sweep" timems="17.715" contextid="6415" timestamp="2019-08-08T07:22:46.864" />
<mem-info id="6420" free="88817272" total="106692608" percent="83">
  <mem type="tenure" free="88817272" total="106692608" percent="83" micro-fragmented="0">
    <mem type="soa" free="87751288" total="105626624" percent="83" />
    <mem type="loa" free="1065984" total="1065984" percent="100" />
  </mem>
</mem-info>
<gc-op id="6421" type="compact" timems="27.558" contextid="6415" timestamp="2019-08-08T07:22:46.892">
  <compact-info movecount="306" movebytes="8840" reason="compact to aid heap contraction" />
</gc-op>
<heap-resize id="6422" type="expand" space="tenure" amount="327680" count="1" timems="0.024" reason="satisfy allocation request" timestamp="2019-08-08T07:22:46.893" />
<gc-end id="6423" type="global" contextid="6415" durationms="61.562" usertimems="154.930" systemtimems="0.000" timestamp="2019-08-08T07:22:46.893" activeThreads="16">
  <mem-info id="6424" free="89080840" total="107020288" percent="83">
    <mem type="tenure" free="89080840" total="107020288" percent="83">
      <mem type="soa" free="88010760" total="105950208" percent="83" />
      <mem type="loa" free="1070080" total="1070080" percent="100" />
    </mem>
  </mem-info>
</gc-end>
<cycle-end id="6425" type="global" contextid="6415" timestamp="2019-08-08T07:22:46.893" />
  <attribute name="elasticGC enabled" value="1" />
  <attribute name= "numThreadsSpecified" value="16" />
  <attribute name="heapSize specified" value="106692608" />
  <attribute name="Current GC Util" value="53" />
  <attribute name= "Current Time Running" value="134503" />
  <attribute name ="GC Interval" value="0" />
  <attribute name="Target GC Util Change" value ="80.000000" />
  <attribute name="Current GC Util Change" value="53.000000"/>
  <attribute name="Current Error" value="-570.000000" />
  <attribute name="Output H" value="106992688"/>
  <attribute name="Output I" value="200"/>
  <attribute name="Output T" value="16"/>
  <attribute name= "Current Time Running" value="134503" />
  <attribute name="GC Util currently" value="53" />
  <attribute name="CPU Util currently" value="41832050927" />
<allocation-satisfied id="6426" threadId="0000000000996F00" bytesRequested="408" />
<af-end id="6427" timestamp="2019-08-08T07:22:46.893" threadId="0000000000997888" success="true" />
<exclusive-end id="6428" timestamp="2019-08-08T07:22:46.893" durationms="61.737" />

<concurrent-kickoff id="6429" timestamp="2019-08-08T07:22:46.952">
  <kickoff reason="threshold reached" targetBytes="8905398" thresholdFreeBytes="1213628" remainingFree="1156480" tenureFreeBytes="1156480" />
</concurrent-kickoff>
<exclusive-start id="6430" timestamp="2019-08-08T07:22:46.953" intervalms="121.315">
  <response-info timems="0.047" idlems="0.047" threads="0" lastid="0000000000996F00" lastname="main" />
</exclusive-start>
<cycle-start id="6431" type="global" contextid="0" timestamp="2019-08-08T07:22:46.953" intervalms="121.254" />
<exclusive-end id="6432" timestamp="2019-08-08T07:22:46.953" durationms="0.014" />

<exclusive-start id="6433" timestamp="2019-08-08T07:22:46.953" intervalms="0.516">
  <response-info timems="0.011" idlems="0.011" threads="0" lastid="0000000000996F00" lastname="main" />
</exclusive-start>
<af-start id="6434" threadId="0000000000997888" totalBytesRequested="1016" timestamp="2019-08-08T07:22:46.953" intervalms="121.843" />
<concurrent-aborted id="6435" timestamp="2019-08-08T07:22:46.953">
  <reason value="insufficient progress made" />
</concurrent-aborted>
<cycle-end id="6436" type="global" contextid="6431" timestamp="2019-08-08T07:22:46.953" />
  <attribute name="elasticGC enabled" value="1" />
  <attribute name= "numThreadsSpecified" value="16" />
  <attribute name="heapSize specified" value="106692608" />
  <attribute name="Current GC Util" value="53" />
  <attribute name= "Current Time Running" value="134503" />
  <attribute name ="GC Interval" value="0" />
  <attribute name="Target GC Util Change" value ="80.000000" />
  <attribute name="Current GC Util Change" value="53.000000"/>
  <attribute name="Current Error" value="-570.000000" />
  <attribute name="Output H" value="106992688"/>
  <attribute name="Output I" value="200"/>
  <attribute name="Output T" value="16"/>
  <attribute name= "Current Time Running" value="134503" />
  <attribute name="GC Util currently" value="53" />
  <attribute name="CPU Util currently" value="41832050927" />
<cycle-start id="6437" type="global" contextid="0" timestamp="2019-08-08T07:22:46.953" intervalms="0.587" />
<gc-start id="6438" type="global" contextid="6437" timestamp="2019-08-08T07:22:46.953">
  <mem-info id="6439" free="1070080" total="107020288" percent="0">
    <mem type="tenure" free="1070080" total="107020288" percent="0">
      <mem type="soa" free="0" total="105950208" percent="0" />
      <mem type="loa" free="1070080" total="1070080" percent="100" />
    </mem>
  </mem-info>
</gc-start>
<allocation-stats totalBytes="87981240" >
  <allocated-bytes non-tlh="0" tlh="87981240" />
  <largest-consumer threadName="main" threadId="0000000000996F00" bytes="87981240" />
</allocation-stats>
<gc-op id="6440" type="mark" timems="9.946" contextid="6437" timestamp="2019-08-08T07:22:46.963">
  <trace-info objectcount="596453" scancount="517437" scanbytes="13278628" />
  <finalization candidates="80" enqueued="0" />
  <ownableSynchronizers candidates="21" cleared="0" />
  <references type="soft" candidates="1849" cleared="0" enqueued="0" dynamicThreshold="26" maxThreshold="32" />
  <references type="weak" candidates="5746" cleared="0" enqueued="0" />
  <references type="phantom" candidates="97" cleared="0" enqueued="0" />
  <stringconstants candidates="13272" cleared="0"  />
</gc-op>
<gc-op id="6441" type="sweep" timems="14.415" contextid="6437" timestamp="2019-08-08T07:22:46.978" />
<mem-info id="6442" free="89119648" total="107020288" percent="83">
  <mem type="tenure" free="89119648" total="107020288" percent="83" micro-fragmented="0">
    <mem type="soa" free="88049568" total="105950208" percent="83" />
    <mem type="loa" free="1070080" total="1070080" percent="100" />
  </mem>
</mem-info>
<gc-op id="6443" type="compact" timems="26.118" contextid="6437" timestamp="2019-08-08T07:22:47.004">
  <compact-info movecount="335" movebytes="31064" reason="compact to aid heap contraction" />
</gc-op>
<heap-resize id="6444" type="expand" space="tenure" amount="327680" count="1" timems="0.020" reason="satisfy allocation request" timestamp="2019-08-08T07:22:47.005" />
<gc-end id="6445" type="global" contextid="6437" durationms="51.341" usertimems="114.588" systemtimems="0.000" timestamp="2019-08-08T07:22:47.005" activeThreads="16">
  <mem-info id="6446" free="89385896" total="107347968" percent="83">
    <mem type="tenure" free="89385896" total="107347968" percent="83">
      <mem type="soa" free="88312744" total="106274816" percent="83" />
      <mem type="loa" free="1073152" total="1073152" percent="100" />
    </mem>
  </mem-info>
</gc-end>
<cycle-end id="6447" type="global" contextid="6437" timestamp="2019-08-08T07:22:47.005" />
  <attribute name="elasticGC enabled" value="1" />
  <attribute name= "numThreadsSpecified" value="16" />
  <attribute name="heapSize specified" value="107020288" />
  <attribute name="Current GC Util" value="63" />
  <attribute name= "Current Time Running" value="134614" />
  <attribute name ="GC Interval" value="0" />
  <attribute name="Target GC Util Change" value ="80.000000" />
  <attribute name="Current GC Util Change" value="63.000000"/>
  <attribute name="Current Error" value="126.000000" />
  <attribute name="Output H" value="107323584"/>
  <attribute name="Output I" value="2664"/>
  <attribute name="Output T" value="16"/>
  <attribute name= "Current Time Running" value="134614" />
  <attribute name="GC Util currently" value="63" />
  <attribute name="CPU Util currently" value="44076571103" />
<allocation-satisfied id="6448" threadId="0000000000996F00" bytesRequested="1016" />
<af-end id="6449" timestamp="2019-08-08T07:22:47.005" threadId="0000000000997888" success="true" />
<exclusive-end id="6450" timestamp="2019-08-08T07:22:47.005" durationms="51.549" />

<concurrent-kickoff id="6451" timestamp="2019-08-08T07:22:47.141">
  <kickoff reason="threshold reached" targetBytes="8932665" thresholdFreeBytes="1217344" remainingFree="1141344" tenureFreeBytes="1141344" />
</concurrent-kickoff>
<exclusive-start id="6452" timestamp="2019-08-08T07:22:47.141" intervalms="188.115">
  <response-info timems="0.015" idlems="0.015" threads="0" lastid="0000000000996F00" lastname="main" />
</exclusive-start>
<cycle-start id="6453" type="global" contextid="0" timestamp="2019-08-08T07:22:47.141" intervalms="188.051" />
<exclusive-end id="6454" timestamp="2019-08-08T07:22:47.141" durationms="0.022" />

<exclusive-start id="6455" timestamp="2019-08-08T07:22:47.142" intervalms="0.551">
  <response-info timems="0.009" idlems="0.009" threads="0" lastid="0000000000996F00" lastname="main" />
</exclusive-start>
<af-start id="6456" threadId="0000000000997888" totalBytesRequested="80" timestamp="2019-08-08T07:22:47.142" intervalms="188.681" />
<concurrent-aborted id="6457" timestamp="2019-08-08T07:22:47.142">
  <reason value="insufficient progress made" />
</concurrent-aborted>
<cycle-end id="6458" type="global" contextid="6453" timestamp="2019-08-08T07:22:47.142" />
  <attribute name="elasticGC enabled" value="1" />
  <attribute name= "numThreadsSpecified" value="16" />
  <attribute name="heapSize specified" value="107020288" />
  <attribute name="Current GC Util" value="63" />
  <attribute name= "Current Time Running" value="134614" />
  <attribute name ="GC Interval" value="0" />
  <attribute name="Target GC Util Change" value ="80.000000" />
  <attribute name="Current GC Util Change" value="63.000000"/>
  <attribute name="Current Error" value="126.000000" />
  <attribute name="Output H" value="107323584"/>
  <attribute name="Output I" value="2664"/>
  <attribute name="Output T" value="16"/>
  <attribute name= "Current Time Running" value="134614" />
  <attribute name="GC Util currently" value="63" />
  <attribute name="CPU Util currently" value="44076571103" />
<cycle-start id="6459" type="global" contextid="0" timestamp="2019-08-08T07:22:47.142" intervalms="0.632" />
<gc-start id="6460" type="global" contextid="6459" timestamp="2019-08-08T07:22:47.142">
  <mem-info id="6461" free="1073152" total="107347968" percent="0">
    <mem type="tenure" free="1073152" total="107347968" percent="0">
      <mem type="soa" free="0" total="106274816" percent="0" />
      <mem type="loa" free="1073152" total="1073152" percent="100" />
    </mem>
  </mem-info>
</gc-start>
<allocation-stats totalBytes="88324056" >
  <allocated-bytes non-tlh="0" tlh="88324056" />
  <largest-consumer threadName="main" threadId="0000000000996F00" bytes="88324056" />
</allocation-stats>
<gc-op id="6462" type="mark" timems="9.088" contextid="6459" timestamp="2019-08-08T07:22:47.151">
  <trace-info objectcount="596444" scancount="517429" scanbytes="13278668" />
  <finalization candidates="80" enqueued="0" />
  <ownableSynchronizers candidates="21" cleared="0" />
  <references type="soft" candidates="1849" cleared="0" enqueued="0" dynamicThreshold="26" maxThreshold="32" />
  <references type="weak" candidates="5746" cleared="0" enqueued="0" />
  <references type="phantom" candidates="97" cleared="0" enqueued="0" />
  <stringconstants candidates="13272" cleared="0"  />
</gc-op>
<gc-op id="6463" type="sweep" timems="17.049" contextid="6459" timestamp="2019-08-08T07:22:47.168" />
<mem-info id="6464" free="89454576" total="107347968" percent="83">
  <mem type="tenure" free="89454576" total="107347968" percent="83" micro-fragmented="0">
    <mem type="soa" free="88381424" total="106274816" percent="83" />
    <mem type="loa" free="1073152" total="1073152" percent="100" />
  </mem>
</mem-info>
<gc-op id="6465" type="compact" timems="26.083" contextid="6459" timestamp="2019-08-08T07:22:47.194">
  <compact-info movecount="446" movebytes="30216" reason="compact to aid heap contraction" />
</gc-op>
<heap-resize id="6466" type="expand" space="tenure" amount="327680" count="1" timems="0.021" reason="satisfy allocation request" timestamp="2019-08-08T07:22:47.195" />
<gc-end id="6467" type="global" contextid="6459" durationms="53.043" usertimems="109.774" systemtimems="0.000" timestamp="2019-08-08T07:22:47.195" activeThreads="16">
  <mem-info id="6468" free="89717816" total="107675648" percent="83">
    <mem type="tenure" free="89717816" total="107675648" percent="83">
      <mem type="soa" free="88641592" total="106599424" percent="83" />
      <mem type="loa" free="1076224" total="1076224" percent="100" />
    </mem>
  </mem-info>
</gc-end>
<cycle-end id="6469" type="global" contextid="6459" timestamp="2019-08-08T07:22:47.195" />
  <attribute name="elasticGC enabled" value="1" />
  <attribute name= "numThreadsSpecified" value="16" />
  <attribute name="heapSize specified" value="107347968" />
  <attribute name="Current GC Util" value="39" />
  <attribute name= "Current Time Running" value="134805" />
  <attribute name ="GC Interval" value="0" />
  <attribute name="Target GC Util Change" value ="80.000000" />
  <attribute name="Current GC Util Change" value="39.000000"/>
  <attribute name="Current Error" value="118.000000" />
  <attribute name="Output H" value="107651232"/>
  <attribute name="Output I" value="2624"/>
  <attribute name="Output T" value="16"/>
  <attribute name= "Current Time Running" value="134805" />
  <attribute name="GC Util currently" value="39" />
  <attribute name="CPU Util currently" value="44161281566" />
<allocation-satisfied id="6470" threadId="0000000000996F00" bytesRequested="80" />
<af-end id="6471" timestamp="2019-08-08T07:22:47.195" threadId="0000000000997888" success="true" />
<exclusive-end id="6472" timestamp="2019-08-08T07:22:47.195" durationms="53.368" />

<concurrent-kickoff id="6473" timestamp="2019-08-08T07:22:47.336">
  <kickoff reason="threshold reached" targetBytes="8959931" thresholdFreeBytes="1221060" remainingFree="1157976" tenureFreeBytes="1157976" />
</concurrent-kickoff>
<exclusive-start id="6474" timestamp="2019-08-08T07:22:47.336" intervalms="194.452">
  <response-info timems="0.017" idlems="0.017" threads="0" lastid="0000000000996F00" lastname="main" />
</exclusive-start>
<cycle-start id="6475" type="global" contextid="0" timestamp="2019-08-08T07:22:47.336" intervalms="194.364" />
<exclusive-end id="6476" timestamp="2019-08-08T07:22:47.336" durationms="0.014" />

<exclusive-start id="6477" timestamp="2019-08-08T07:22:47.337" intervalms="0.639">
  <response-info timems="0.012" idlems="0.012" threads="0" lastid="0000000000996F00" lastname="main" />
</exclusive-start>
<af-start id="6478" threadId="0000000000997888" totalBytesRequested="80" timestamp="2019-08-08T07:22:47.337" intervalms="195.101" />
<concurrent-aborted id="6479" timestamp="2019-08-08T07:22:47.337">
  <reason value="insufficient progress made" />
</concurrent-aborted>
<cycle-end id="6480" type="global" contextid="6475" timestamp="2019-08-08T07:22:47.337" />
  <attribute name="elasticGC enabled" value="1" />
  <attribute name= "numThreadsSpecified" value="16" />
  <attribute name="heapSize specified" value="107347968" />
  <attribute name="Current GC Util" value="39" />
  <attribute name= "Current Time Running" value="134805" />
  <attribute name ="GC Interval" value="0" />
  <attribute name="Target GC Util Change" value ="80.000000" />
  <attribute name="Current GC Util Change" value="39.000000"/>
  <attribute name="Current Error" value="118.000000" />
  <attribute name="Output H" value="107651232"/>
  <attribute name="Output I" value="2624"/>
  <attribute name="Output T" value="16"/>
  <attribute name= "Current Time Running" value="134805" />
  <attribute name="GC Util currently" value="39" />
  <attribute name="CPU Util currently" value="44161281566" />
<cycle-start id="6481" type="global" contextid="0" timestamp="2019-08-08T07:22:47.337" intervalms="0.749" />
<gc-start id="6482" type="global" contextid="6481" timestamp="2019-08-08T07:22:47.337">
  <mem-info id="6483" free="1076224" total="107675648" percent="0">
    <mem type="tenure" free="1076224" total="107675648" percent="0">
      <mem type="soa" free="0" total="106599424" percent="0" />
      <mem type="loa" free="1076224" total="1076224" percent="100" />
    </mem>
  </mem-info>
</gc-start>
<allocation-stats totalBytes="88690736" >
  <allocated-bytes non-tlh="0" tlh="88690736" />
  <largest-consumer threadName="main" threadId="0000000000996F00" bytes="88690736" />
</allocation-stats>
<gc-op id="6484" type="mark" timems="10.550" contextid="6481" timestamp="2019-08-08T07:22:47.348">
  <trace-info objectcount="596441" scancount="517429" scanbytes="13278528" />
  <finalization candidates="80" enqueued="0" />
  <ownableSynchronizers candidates="21" cleared="0" />
  <references type="soft" candidates="1849" cleared="0" enqueued="0" dynamicThreshold="26" maxThreshold="32" />
  <references type="weak" candidates="5746" cleared="0" enqueued="0" />
  <references type="phantom" candidates="97" cleared="0" enqueued="0" />
  <stringconstants candidates="13272" cleared="0"  />
</gc-op>
<gc-op id="6485" type="sweep" timems="23.583" contextid="6481" timestamp="2019-08-08T07:22:47.371" />
<mem-info id="6486" free="89783448" total="107675648" percent="83">
  <mem type="tenure" free="89783448" total="107675648" percent="83" micro-fragmented="0">
    <mem type="soa" free="88707224" total="106599424" percent="83" />
    <mem type="loa" free="1076224" total="1076224" percent="100" />
  </mem>
</mem-info>
<gc-op id="6487" type="compact" timems="26.800" contextid="6481" timestamp="2019-08-08T07:22:47.398">
  <compact-info movecount="2" movebytes="96" reason="compact to aid heap contraction" />
</gc-op>
<heap-resize id="6488" type="expand" space="tenure" amount="327680" count="1" timems="0.023" reason="satisfy allocation request" timestamp="2019-08-08T07:22:47.399" />
<gc-end id="6489" type="global" contextid="6481" durationms="61.824" usertimems="109.836" systemtimems="0.000" timestamp="2019-08-08T07:22:47.399" activeThreads="16">
  <mem-info id="6490" free="90045640" total="108003328" percent="83">
    <mem type="tenure" free="90045640" total="108003328" percent="83">
      <mem type="soa" free="88966344" total="106924032" percent="83" />
      <mem type="loa" free="1079296" total="1079296" percent="100" />
    </mem>
  </mem-info>
</gc-end>
<cycle-end id="6491" type="global" contextid="6481" timestamp="2019-08-08T07:22:47.399" />
  <attribute name="elasticGC enabled" value="1" />
  <attribute name= "numThreadsSpecified" value="16" />
  <attribute name="heapSize specified" value="107675648" />
  <attribute name="Current GC Util" value="48" />
  <attribute name= "Current Time Running" value="135009" />
  <attribute name ="GC Interval" value="0" />
  <attribute name="Target GC Util Change" value ="80.000000" />
  <attribute name="Current GC Util Change" value="48.000000"/>
  <attribute name="Current Error" value="32.000000" />
  <attribute name="Output H" value="107978512"/>
  <attribute name="Output I" value="2176"/>
  <attribute name="Output T" value="16"/>
  <attribute name= "Current Time Running" value="135009" />
  <attribute name="GC Util currently" value="48" />
  <attribute name="CPU Util currently" value="42960248669" />
<allocation-satisfied id="6492" threadId="0000000000996F00" bytesRequested="80" />
<af-end id="6493" timestamp="2019-08-08T07:22:47.399" threadId="0000000000997888" success="true" />
<exclusive-end id="6494" timestamp="2019-08-08T07:22:47.399" durationms="62.069" />

<concurrent-kickoff id="6495" timestamp="2019-08-08T07:22:47.530">
  <kickoff reason="threshold reached" targetBytes="8987197" thresholdFreeBytes="1224775" remainingFree="1157832" tenureFreeBytes="1157832" />
</concurrent-kickoff>
<exclusive-start id="6496" timestamp="2019-08-08T07:22:47.530" intervalms="193.533">
  <response-info timems="0.017" idlems="0.017" threads="0" lastid="0000000000996F00" lastname="main" />
</exclusive-start>
<cycle-start id="6497" type="global" contextid="0" timestamp="2019-08-08T07:22:47.530" intervalms="193.422" />
<exclusive-end id="6498" timestamp="2019-08-08T07:22:47.531" durationms="0.028" />

<exclusive-start id="6499" timestamp="2019-08-08T07:22:47.531" intervalms="0.369">
  <response-info timems="0.008" idlems="0.008" threads="0" lastid="0000000000996F00" lastname="main" />
</exclusive-start>
<af-start id="6500" threadId="0000000000997888" totalBytesRequested="24" timestamp="2019-08-08T07:22:47.531" intervalms="193.894" />
<concurrent-aborted id="6501" timestamp="2019-08-08T07:22:47.531">
  <reason value="insufficient progress made" />
</concurrent-aborted>
<cycle-end id="6502" type="global" contextid="6497" timestamp="2019-08-08T07:22:47.531" />
  <attribute name="elasticGC enabled" value="1" />
  <attribute name= "numThreadsSpecified" value="16" />
  <attribute name="heapSize specified" value="107675648" />
  <attribute name="Current GC Util" value="48" />
  <attribute name= "Current Time Running" value="135009" />
  <attribute name ="GC Interval" value="0" />
  <attribute name="Target GC Util Change" value ="80.000000" />
  <attribute name="Current GC Util Change" value="48.000000"/>
  <attribute name="Current Error" value="32.000000" />
  <attribute name="Output H" value="107978512"/>
  <attribute name="Output I" value="2176"/>
  <attribute name="Output T" value="16"/>
  <attribute name= "Current Time Running" value="135009" />
  <attribute name="GC Util currently" value="48" />
  <attribute name="CPU Util currently" value="42960248669" />
<cycle-start id="6503" type="global" contextid="0" timestamp="2019-08-08T07:22:47.531" intervalms="0.474" />
<gc-start id="6504" type="global" contextid="6503" timestamp="2019-08-08T07:22:47.531">
  <mem-info id="6505" free="1079296" total="108003328" percent="0">
    <mem type="tenure" free="1079296" total="108003328" percent="0">
      <mem type="soa" free="0" total="106924032" percent="0" />
      <mem type="loa" free="1079296" total="1079296" percent="100" />
    </mem>
  </mem-info>
</gc-start>
<allocation-stats totalBytes="89001504" >
  <allocated-bytes non-tlh="0" tlh="89001504" />
  <largest-consumer threadName="main" threadId="0000000000996F00" bytes="89001504" />
</allocation-stats>
<gc-op id="6506" type="mark" timems="8.502" contextid="6503" timestamp="2019-08-08T07:22:47.540">
  <trace-info objectcount="596441" scancount="517422" scanbytes="13278428" />
  <finalization candidates="80" enqueued="0" />
  <ownableSynchronizers candidates="21" cleared="0" />
  <references type="soft" candidates="1849" cleared="0" enqueued="0" dynamicThreshold="26" maxThreshold="32" />
  <references type="weak" candidates="5746" cleared="0" enqueued="0" />
  <references type="phantom" candidates="97" cleared="0" enqueued="0" />
  <stringconstants candidates="13272" cleared="0"  />
</gc-op>
<gc-op id="6507" type="sweep" timems="21.046" contextid="6503" timestamp="2019-08-08T07:22:47.561" />
<mem-info id="6508" free="90109584" total="108003328" percent="83">
  <mem type="tenure" free="90109584" total="108003328" percent="83" micro-fragmented="0">
    <mem type="soa" free="89030288" total="106924032" percent="83" />
    <mem type="loa" free="1079296" total="1079296" percent="100" />
  </mem>
</mem-info>
<gc-op id="6509" type="compact" timems="24.855" contextid="6503" timestamp="2019-08-08T07:22:47.586">
  <compact-info movecount="374" movebytes="28632" reason="compact to aid heap contraction" />
</gc-op>
<heap-resize id="6510" type="expand" space="tenure" amount="327680" count="1" timems="0.021" reason="satisfy allocation request" timestamp="2019-08-08T07:22:47.586" />
<gc-end id="6511" type="global" contextid="6503" durationms="55.255" usertimems="104.168" systemtimems="0.000" timestamp="2019-08-08T07:22:47.586" activeThreads="16">
  <mem-info id="6512" free="90372840" total="108331008" percent="83">
    <mem type="tenure" free="90372840" total="108331008" percent="83">
      <mem type="soa" free="89290472" total="107248640" percent="83" />
      <mem type="loa" free="1082368" total="1082368" percent="100" />
    </mem>
  </mem-info>
</gc-end>
<cycle-end id="6513" type="global" contextid="6503" timestamp="2019-08-08T07:22:47.586" />
  <attribute name="elasticGC enabled" value="1" />
  <attribute name= "numThreadsSpecified" value="16" />
  <attribute name="heapSize specified" value="108003328" />
  <attribute name="Current GC Util" value="45" />
  <attribute name= "Current Time Running" value="135196" />
  <attribute name ="GC Interval" value="0" />
  <attribute name="Target GC Util Change" value ="80.000000" />
  <attribute name="Current GC Util Change" value="45.000000"/>
  <attribute name="Current Error" value="-177.000000" />
  <attribute name="Output H" value="108305224"/>
  <attribute name="Output I" value="1096"/>
  <attribute name="Output T" value="16"/>
  <attribute name= "Current Time Running" value="135196" />
  <attribute name="GC Util currently" value="45" />
  <attribute name="CPU Util currently" value="46334558283" />
<allocation-satisfied id="6514" threadId="0000000000996F00" bytesRequested="24" />
<af-end id="6515" timestamp="2019-08-08T07:22:47.586" threadId="0000000000997888" success="true" />
<exclusive-end id="6516" timestamp="2019-08-08T07:22:47.586" durationms="55.490" />

<concurrent-kickoff id="6517" timestamp="2019-08-08T07:22:47.602">
  <kickoff reason="threshold reached" targetBytes="9014466" thresholdFreeBytes="1228493" remainingFree="1144832" tenureFreeBytes="1144832" />
</concurrent-kickoff>
<exclusive-start id="6518" timestamp="2019-08-08T07:22:47.602" intervalms="71.288">
  <response-info timems="0.018" idlems="0.018" threads="0" lastid="0000000000996F00" lastname="main" />
</exclusive-start>
<cycle-start id="6519" type="global" contextid="0" timestamp="2019-08-08T07:22:47.602" intervalms="71.209" />
<exclusive-end id="6520" timestamp="2019-08-08T07:22:47.602" durationms="0.041" />

<exclusive-start id="6521" timestamp="2019-08-08T07:22:47.602" intervalms="0.265">
  <response-info timems="0.008" idlems="0.008" threads="0" lastid="0000000000996F00" lastname="main" />
</exclusive-start>
<af-start id="6522" threadId="0000000000997888" totalBytesRequested="40" timestamp="2019-08-08T07:22:47.602" intervalms="71.534" />
<concurrent-aborted id="6523" timestamp="2019-08-08T07:22:47.602">
  <reason value="insufficient progress made" />
</concurrent-aborted>
<cycle-end id="6524" type="global" contextid="6519" timestamp="2019-08-08T07:22:47.602" />
  <attribute name="elasticGC enabled" value="1" />
  <attribute name= "numThreadsSpecified" value="16" />
  <attribute name="heapSize specified" value="108003328" />
  <attribute name="Current GC Util" value="45" />
  <attribute name= "Current Time Running" value="135196" />
  <attribute name ="GC Interval" value="0" />
  <attribute name="Target GC Util Change" value ="80.000000" />
  <attribute name="Current GC Util Change" value="45.000000"/>
  <attribute name="Current Error" value="-177.000000" />
  <attribute name="Output H" value="108305224"/>
  <attribute name="Output I" value="1096"/>
  <attribute name="Output T" value="16"/>
  <attribute name= "Current Time Running" value="135196" />
  <attribute name="GC Util currently" value="45" />
  <attribute name="CPU Util currently" value="46334558283" />
<cycle-start id="6525" type="global" contextid="0" timestamp="2019-08-08T07:22:47.602" intervalms="0.309" />
<gc-start id="6526" type="global" contextid="6525" timestamp="2019-08-08T07:22:47.603">
  <mem-info id="6527" free="1082368" total="108331008" percent="0">
    <mem type="tenure" free="1082368" total="108331008" percent="0">
      <mem type="soa" free="0" total="107248640" percent="0" />
      <mem type="loa" free="1082368" total="1082368" percent="100" />
    </mem>
  </mem-info>
</gc-start>
<allocation-stats totalBytes="89231888" >
  <allocated-bytes non-tlh="0" tlh="89231888" />
  <largest-consumer threadName="main" threadId="0000000000996F00" bytes="89231888" />
</allocation-stats>
<gc-op id="6528" type="mark" timems="12.067" contextid="6525" timestamp="2019-08-08T07:22:47.615">
  <trace-info objectcount="596442" scancount="517425" scanbytes="13278452" />
  <finalization candidates="80" enqueued="0" />
  <ownableSynchronizers candidates="21" cleared="0" />
  <references type="soft" candidates="1849" cleared="0" enqueued="0" dynamicThreshold="26" maxThreshold="32" />
  <references type="weak" candidates="5746" cleared="0" enqueued="0" />
  <references type="phantom" candidates="97" cleared="0" enqueued="0" />
  <stringconstants candidates="13272" cleared="0"  />
</gc-op>
<gc-op id="6529" type="sweep" timems="18.529" contextid="6525" timestamp="2019-08-08T07:22:47.633" />
<mem-info id="6530" free="90438328" total="108331008" percent="83">
  <mem type="tenure" free="90438328" total="108331008" percent="83" micro-fragmented="0">
    <mem type="soa" free="89355960" total="107248640" percent="83" />
    <mem type="loa" free="1082368" total="1082368" percent="100" />
  </mem>
</mem-info>
<gc-op id="6531" type="compact" timems="24.217" contextid="6525" timestamp="2019-08-08T07:22:47.657">
  <compact-info movecount="1" movebytes="32" reason="compact to aid heap contraction" />
</gc-op>
<heap-resize id="6532" type="expand" space="tenure" amount="327680" count="1" timems="0.019" reason="satisfy allocation request" timestamp="2019-08-08T07:22:47.658" />
<gc-end id="6533" type="global" contextid="6525" durationms="55.618" usertimems="120.281" systemtimems="0.000" timestamp="2019-08-08T07:22:47.658" activeThreads="16">
  <mem-info id="6534" free="90700496" total="108658688" percent="83">
    <mem type="tenure" free="90700496" total="108658688" percent="83">
      <mem type="soa" free="89614032" total="107572224" percent="83" />
      <mem type="loa" free="1086464" total="1086464" percent="100" />
    </mem>
  </mem-info>
</gc-end>
<cycle-end id="6535" type="global" contextid="6525" timestamp="2019-08-08T07:22:47.658" />
  <attribute name="elasticGC enabled" value="1" />
  <attribute name= "numThreadsSpecified" value="16" />
  <attribute name="heapSize specified" value="108331008" />
  <attribute name="Current GC Util" value="41" />
  <attribute name= "Current Time Running" value="135268" />
  <attribute name ="GC Interval" value="0" />
  <attribute name="Target GC Util Change" value ="80.000000" />
  <attribute name="Current GC Util Change" value="41.000000"/>
  <attribute name="Current Error" value="-507.000000" />
  <attribute name="Output H" value="108631384"/>
  <attribute name="Output I" value="200"/>
  <attribute name="Output T" value="16"/>
  <attribute name= "Current Time Running" value="135268" />
  <attribute name="GC Util currently" value="41" />
  <attribute name="CPU Util currently" value="47560311815" />
<allocation-satisfied id="6536" threadId="0000000000996F00" bytesRequested="40" />
<af-end id="6537" timestamp="2019-08-08T07:22:47.658" threadId="0000000000997888" success="true" />
<exclusive-end id="6538" timestamp="2019-08-08T07:22:47.658" durationms="55.810" />

* Round 4 done in 3.989 seconds.

-------------------------------------------------------------------------------
Benchmark: 2019-08-08 07:22:15
-------------------------------------------------------------------------------

    Rounds: 4
    Warp:   10
    Timer:  time.time

Test                             minimum  average  operation  overhead
-------------------------------------------------------------------------------
          BuiltinFunctionCalls:     14ms    142ms    0.28us    0.000ms
           BuiltinMethodLookup:     40ms    182ms    0.17us    0.000ms
                 CompareFloats:     15ms    110ms    0.09us    0.000ms
         CompareFloatsIntegers:     19ms     83ms    0.09us    0.000ms
               CompareIntegers:     23ms     66ms    0.04us    0.000ms
        CompareInternedStrings:     32ms    123ms    0.08us    0.000ms
                  CompareLongs:     16ms     60ms    0.06us    0.000ms
                CompareStrings:     25ms     63ms    0.06us    0.000ms
                CompareUnicode:     21ms     53ms    0.07us    0.000ms
                 ConcatStrings:    417ms    782ms    1.56us    0.000ms
                 ConcatUnicode:    220ms    402ms    1.34us    0.000ms
               CreateInstances:     36ms    102ms    0.91us    0.000ms
            CreateNewInstances:    202ms    249ms    2.96us    0.000ms
       CreateStringsWithConcat:    148ms    267ms    0.27us    0.000ms
       CreateUnicodeWithConcat:     71ms    114ms    0.29us    0.000ms
                  DictCreation:     77ms    162ms    0.41us    0.000ms
             DictWithFloatKeys:     15ms    122ms    0.14us    0.000ms
           DictWithIntegerKeys:     18ms     51ms    0.04us    0.000ms
            DictWithStringKeys:     19ms     53ms    0.04us    0.000ms
                      ForLoops:     66ms    152ms    6.08us    0.000ms
                    IfThenElse:     20ms     70ms    0.05us    0.000ms
                   ListSlicing:     46ms     88ms    6.30us    0.000ms
                NestedForLoops:     57ms    137ms    0.09us    0.000ms
          NormalClassAttribute:     24ms     78ms    0.07us    0.000ms
       NormalInstanceAttribute:     25ms     65ms    0.05us    0.000ms
           PythonFunctionCalls:     69ms    163ms    0.50us    0.000ms
             PythonMethodCalls:     31ms     58ms    0.26us    0.000ms
                     Recursion:     81ms    196ms    3.92us    0.000ms
                  SecondImport:     33ms    108ms    1.08us    0.000ms
           SecondPackageImport:     34ms     56ms    0.56us    0.000ms
         SecondSubmoduleImport:     54ms    118ms    1.18us    0.000ms
       SimpleComplexArithmetic:     69ms    133ms    0.15us    0.000ms
        SimpleDictManipulation:     26ms     85ms    0.07us    0.000ms
         SimpleFloatArithmetic:     18ms    141ms    0.11us    0.000ms
      SimpleIntFloatArithmetic:     19ms    111ms    0.08us    0.000ms
       SimpleIntegerArithmetic:     18ms     77ms    0.06us    0.000ms
        SimpleListManipulation:     27ms    118ms    0.10us    0.000ms
          SimpleLongArithmetic:     74ms    160ms    0.24us    0.000ms
                    SmallLists:     39ms     99ms    0.15us    0.000ms
                   SmallTuples:    107ms    205ms    0.38us    0.000ms
         SpecialClassAttribute:     24ms     67ms    0.06us    0.000ms
      SpecialInstanceAttribute:     25ms     67ms    0.06us    0.000ms
                StringMappings:    121ms    316ms    1.25us    0.000ms
              StringPredicates:     44ms    135ms    0.19us    0.000ms
                 StringSlicing:    140ms    235ms    0.42us    0.000ms
                     TryExcept:      2ms     23ms    0.01us    0.000ms
                TryRaiseExcept:     78ms    158ms    2.47us    0.000ms
                  TupleSlicing:     77ms     89ms    0.34us    0.000ms
               UnicodeMappings:    135ms    283ms    7.85us    0.000ms
             UnicodePredicates:     42ms    139ms    0.26us    0.000ms
             UnicodeProperties:    445ms    618ms    1.54us    0.000ms
                UnicodeSlicing:    140ms    215ms    0.44us    0.000ms
-------------------------------------------------------------------------------
Totals:                           3638ms   7947ms

===== DaCapo 9.12-MR1 jython PASSED in 35958 msec =====
<concurrent-kickoff id="6539" timestamp="2019-08-08T07:22:47.897">
  <kickoff reason="threshold reached" targetBytes="9041731" thresholdFreeBytes="1232207" remainingFree="1156944" tenureFreeBytes="1156944" />
</concurrent-kickoff>
<exclusive-start id="6540" timestamp="2019-08-08T07:22:47.898" intervalms="295.103">
  <response-info timems="0.068" idlems="0.068" threads="0" lastid="0000000000996F00" lastname="main" />
</exclusive-start>
<cycle-start id="6541" type="global" contextid="0" timestamp="2019-08-08T07:22:47.898" intervalms="295.045" />
<exclusive-end id="6542" timestamp="2019-08-08T07:22:47.898" durationms="0.027" />

<exclusive-start id="6543" timestamp="2019-08-08T07:22:47.898" intervalms="0.589">
  <response-info timems="0.273" idlems="0.273" threads="0" lastid="0000000000996F00" lastname="main" />
</exclusive-start>
<af-start id="6544" threadId="0000000000997888" totalBytesRequested="5424" timestamp="2019-08-08T07:22:47.898" intervalms="295.688" />
<concurrent-aborted id="6545" timestamp="2019-08-08T07:22:47.898">
  <reason value="insufficient progress made" />
</concurrent-aborted>
<cycle-end id="6546" type="global" contextid="6541" timestamp="2019-08-08T07:22:47.898" />
  <attribute name="elasticGC enabled" value="1" />
  <attribute name= "numThreadsSpecified" value="16" />
  <attribute name="heapSize specified" value="108331008" />
  <attribute name="Current GC Util" value="41" />
  <attribute name= "Current Time Running" value="135268" />
  <attribute name ="GC Interval" value="0" />
  <attribute name="Target GC Util Change" value ="80.000000" />
  <attribute name="Current GC Util Change" value="41.000000"/>
  <attribute name="Current Error" value="-507.000000" />
  <attribute name="Output H" value="108631384"/>
  <attribute name="Output I" value="200"/>
  <attribute name="Output T" value="16"/>
  <attribute name= "Current Time Running" value="135268" />
  <attribute name="GC Util currently" value="41" />
  <attribute name="CPU Util currently" value="47560311815" />
<cycle-start id="6547" type="global" contextid="0" timestamp="2019-08-08T07:22:47.898" intervalms="0.642" />
<gc-start id="6548" type="global" contextid="6547" timestamp="2019-08-08T07:22:47.898">
  <mem-info id="6549" free="1086464" total="108658688" percent="0">
    <mem type="tenure" free="1086464" total="108658688" percent="0">
      <mem type="soa" free="0" total="107572224" percent="0" />
      <mem type="loa" free="1086464" total="1086464" percent="100" />
    </mem>
  </mem-info>
</gc-start>
<allocation-stats totalBytes="89553536" >
  <allocated-bytes non-tlh="205024" tlh="89348512" />
  <largest-consumer threadName="main" threadId="0000000000996F00" bytes="89553536" />
</allocation-stats>
<gc-op id="6550" type="mark" timems="11.177" contextid="6547" timestamp="2019-08-08T07:22:47.909">
  <trace-info objectcount="599230" scancount="518924" scanbytes="13322812" />
  <finalization candidates="81" enqueued="1" />
  <ownableSynchronizers candidates="24" cleared="3" />
  <references type="soft" candidates="1871" cleared="11" enqueued="11" dynamicThreshold="26" maxThreshold="32" />
  <references type="weak" candidates="5821" cleared="60" enqueued="60" />
  <references type="phantom" candidates="133" cleared="11" enqueued="11" />
  <stringconstants candidates="13691" cleared="0"  />
</gc-op>
<gc-op id="6551" type="sweep" timems="17.462" contextid="6547" timestamp="2019-08-08T07:22:47.927" />
<mem-info id="6552" free="89973712" total="108658688" percent="82">
  <mem type="tenure" free="89973712" total="108658688" percent="82" micro-fragmented="219635">
    <mem type="soa" free="88887248" total="107572224" percent="82" />
    <mem type="loa" free="1086464" total="1086464" percent="100" />
  </mem>
  <pending-finalizers system="1" default="0" reference="82" classloader="0" />
</mem-info>
<gc-op id="6553" type="compact" timems="168.386" contextid="6547" timestamp="2019-08-08T07:22:48.096">
  <compact-info movecount="586851" movebytes="17931488" reason="compact to aid heap contraction" />
</gc-op>
<heap-resize id="6554" type="expand" space="tenure" amount="327680" count="1" timems="0.022" reason="satisfy allocation request" timestamp="2019-08-08T07:22:48.096" />
<gc-end id="6555" type="global" contextid="6547" durationms="198.020" usertimems="257.571" systemtimems="0.000" timestamp="2019-08-08T07:22:48.096" activeThreads="16">
  <mem-info id="6556" free="90475336" total="108986368" percent="83">
    <mem type="tenure" free="90475336" total="108986368" percent="83">
      <mem type="soa" free="89385800" total="107896832" percent="82" />
      <mem type="loa" free="1089536" total="1089536" percent="100" />
    </mem>
    <pending-finalizers system="1" default="0" reference="82" classloader="0" />
  </mem-info>
</gc-end>
<cycle-end id="6557" type="global" contextid="6547" timestamp="2019-08-08T07:22:48.096" />
  <attribute name="elasticGC enabled" value="1" />
  <attribute name= "numThreadsSpecified" value="16" />
  <attribute name="heapSize specified" value="108658688" />
  <attribute name="Current GC Util" value="12" />
  <attribute name= "Current Time Running" value="135706" />
  <attribute name ="GC Interval" value="0" />
  <attribute name="Target GC Util Change" value ="80.000000" />
  <attribute name="Current GC Util Change" value="12.000000"/>
  <attribute name="Current Error" value="-316.000000" />
  <attribute name="Output H" value="108959944"/>
  <attribute name="Output I" value="368"/>
  <attribute name="Output T" value="16"/>
  <attribute name= "Current Time Running" value="135706" />
  <attribute name="GC Util currently" value="12" />
  <attribute name="CPU Util currently" value="6845564340" />
<allocation-satisfied id="6558" threadId="0000000000996F00" bytesRequested="5424" />
<af-end id="6559" timestamp="2019-08-08T07:22:48.097" threadId="0000000000997888" success="true" />
<exclusive-end id="6560" timestamp="2019-08-08T07:22:48.097" durationms="198.432" />

<concurrent-kickoff id="6561" timestamp="2019-08-08T07:22:48.105">
  <kickoff reason="threshold reached" targetBytes="9068999" thresholdFreeBytes="1235923" remainingFree="1200592" tenureFreeBytes="1200592" />
</concurrent-kickoff>
<exclusive-start id="6562" timestamp="2019-08-08T07:22:48.107" intervalms="208.508">
  <response-info timems="0.105" idlems="0.105" threads="0" lastid="0000000000996F00" lastname="main" />
</exclusive-start>
<cycle-start id="6563" type="global" contextid="0" timestamp="2019-08-08T07:22:48.107" intervalms="208.459" />
<exclusive-end id="6564" timestamp="2019-08-08T07:22:48.107" durationms="0.034" />

<exclusive-start id="6565" timestamp="2019-08-08T07:22:48.107" intervalms="0.391">
  <response-info timems="0.090" idlems="0.090" threads="0" lastid="0000000000996F00" lastname="main" />
</exclusive-start>
<af-start id="6566" threadId="0000000000997888" totalBytesRequested="50016" timestamp="2019-08-08T07:22:48.107" intervalms="208.900" />
<concurrent-aborted id="6567" timestamp="2019-08-08T07:22:48.107">
  <reason value="insufficient progress made" />
</concurrent-aborted>
<cycle-end id="6568" type="global" contextid="6563" timestamp="2019-08-08T07:22:48.107" />
  <attribute name="elasticGC enabled" value="1" />
  <attribute name= "numThreadsSpecified" value="16" />
  <attribute name="heapSize specified" value="108658688" />
  <attribute name="Current GC Util" value="12" />
  <attribute name= "Current Time Running" value="135706" />
  <attribute name ="GC Interval" value="0" />
  <attribute name="Target GC Util Change" value ="80.000000" />
  <attribute name="Current GC Util Change" value="12.000000"/>
  <attribute name="Current Error" value="-316.000000" />
  <attribute name="Output H" value="108959944"/>
  <attribute name="Output I" value="368"/>
  <attribute name="Output T" value="16"/>
  <attribute name= "Current Time Running" value="135706" />
  <attribute name="GC Util currently" value="12" />
  <attribute name="CPU Util currently" value="6845564340" />
<cycle-start id="6569" type="global" contextid="0" timestamp="2019-08-08T07:22:48.107" intervalms="0.452" />
<gc-start id="6570" type="global" contextid="6569" timestamp="2019-08-08T07:22:48.107">
  <mem-info id="6571" free="989520" total="108986368" percent="0">
    <mem type="tenure" free="989520" total="108986368" percent="0">
      <mem type="soa" free="0" total="107896832" percent="0" />
      <mem type="loa" free="989520" total="1089536" percent="90" />
    </mem>
  </mem-info>
</gc-start>
<allocation-stats totalBytes="78109584" >
  <allocated-bytes non-tlh="14899096" tlh="63210488" />
  <largest-consumer threadName="main" threadId="0000000000996F00" bytes="78105488" />
</allocation-stats>
<gc-op id="6572" type="mark" timems="7.893" contextid="6569" timestamp="2019-08-08T07:22:48.115">
  <trace-info objectcount="598971" scancount="518709" scanbytes="13317104" />
  <finalization candidates="80" enqueued="0" />
  <ownableSynchronizers candidates="21" cleared="0" />
  <references type="soft" candidates="1862" cleared="0" enqueued="0" dynamicThreshold="26" maxThreshold="32" />
  <references type="weak" candidates="5759" cleared="0" enqueued="0" />
  <references type="phantom" candidates="121" cleared="0" enqueued="0" />
  <stringconstants candidates="13691" cleared="1"  />
</gc-op>
<gc-op id="6573" type="sweep" timems="2.101" contextid="6569" timestamp="2019-08-08T07:22:48.117" />
<mem-info id="6574" free="90528120" total="108986368" percent="83">
  <mem type="tenure" free="90528120" total="108986368" percent="83" micro-fragmented="0">
    <mem type="soa" free="89538600" total="107896832" percent="82" />
    <mem type="loa" free="989520" total="1089536" percent="90" />
  </mem>
</mem-info>
<gc-op id="6575" type="compact" timems="144.861" contextid="6569" timestamp="2019-08-08T07:22:48.262">
  <compact-info movecount="580596" movebytes="16927384" reason="compact to aid heap contraction" />
</gc-op>
<heap-resize id="6576" type="expand" space="tenure" amount="327680" count="1" timems="0.024" reason="satisfy allocation request" timestamp="2019-08-08T07:22:48.263" />
<gc-end id="6577" type="global" contextid="6569" durationms="155.594" usertimems="203.993" systemtimems="0.000" timestamp="2019-08-08T07:22:48.263" activeThreads="16">
  <mem-info id="6578" free="90797840" total="109314048" percent="83">
    <mem type="tenure" free="90797840" total="109314048" percent="83">
      <mem type="soa" free="89705232" total="108221440" percent="82" />
      <mem type="loa" free="1092608" total="1092608" percent="100" />
    </mem>
  </mem-info>
</gc-end>
<cycle-end id="6579" type="global" contextid="6569" timestamp="2019-08-08T07:22:48.263" />
  <attribute name="elasticGC enabled" value="1" />
  <attribute name= "numThreadsSpecified" value="16" />
  <attribute name="heapSize specified" value="108986368" />
  <attribute name="Current GC Util" value="11" />
  <attribute name= "Current Time Running" value="135873" />
  <attribute name ="GC Interval" value="0" />
  <attribute name="Target GC Util Change" value ="80.000000" />
  <attribute name="Current GC Util Change" value="11.000000"/>
  <attribute name="Current Error" value="0.000000" />
  <attribute name="Output H" value="109289080"/>
  <attribute name="Output I" value="2008"/>
  <attribute name="Output T" value="16"/>
  <attribute name= "Current Time Running" value="135873" />
  <attribute name="GC Util currently" value="11" />
  <attribute name="CPU Util currently" value="7956679639" />
<allocation-satisfied id="6580" threadId="0000000000996F00" bytesRequested="50016" />
<af-end id="6581" timestamp="2019-08-08T07:22:48.263" threadId="0000000000997888" success="true" />
<exclusive-end id="6582" timestamp="2019-08-08T07:22:48.263" durationms="155.874" />

<exclusive-start id="6583" timestamp="2019-08-08T07:22:48.269" intervalms="162.294">
  <response-info timems="0.054" idlems="0.054" threads="0" lastid="0000000000996F00" lastname="main" />
</exclusive-start>
<sys-start reason="explicit" id="6584" timestamp="2019-08-08T07:22:48.269" intervalms="36575.932" />
<cycle-start id="6585" type="global" contextid="0" timestamp="2019-08-08T07:22:48.269" intervalms="162.273" />
<gc-start id="6586" type="global" contextid="6585" timestamp="2019-08-08T07:22:48.269">
  <mem-info id="6587" free="3072088" total="109314048" percent="2">
    <mem type="tenure" free="3072088" total="109314048" percent="2">
      <mem type="soa" free="1979480" total="108221440" percent="1" />
      <mem type="loa" free="1092608" total="1092608" percent="100" />
    </mem>
  </mem-info>
</gc-start>
<allocation-stats totalBytes="84619472" >
  <allocated-bytes non-tlh="58890336" tlh="25729136" />
  <largest-consumer threadName="main" threadId="0000000000996F00" bytes="84619472" />
</allocation-stats>
<gc-op id="6588" type="mark" timems="19.148" contextid="6585" timestamp="2019-08-08T07:22:48.289">
  <trace-info objectcount="597291" scancount="517586" scanbytes="13291204" />
  <finalization candidates="80" enqueued="0" />
  <ownableSynchronizers candidates="21" cleared="0" />
  <references type="soft" candidates="1862" cleared="0" enqueued="0" dynamicThreshold="26" maxThreshold="32" />
  <references type="weak" candidates="5759" cleared="0" enqueued="0" />
  <references type="phantom" candidates="121" cleared="0" enqueued="0" />
  <stringconstants candidates="13690" cleared="0"  />
</gc-op>
<gc-op id="6589" type="classunload" timems="0.007" contextid="6585" timestamp="2019-08-08T07:22:48.289">
  <classunload-info classloadercandidates="54" classloadersunloaded="0" classesunloaded="0" anonymousclassesunloaded="0" quiescems="0.000" setupms="0.006" scanms="0.001" postms="0.000" />
</gc-op>
<gc-op id="6590" type="sweep" timems="2.088" contextid="6585" timestamp="2019-08-08T07:22:48.291" />
<mem-info id="6591" free="90991872" total="109314048" percent="83">
  <mem type="tenure" free="90991872" total="109314048" percent="83" micro-fragmented="0">
    <mem type="soa" free="89899264" total="108221440" percent="83" />
    <mem type="loa" free="1092608" total="1092608" percent="100" />
  </mem>
</mem-info>
<gc-op id="6592" type="compact" timems="24.109" contextid="6585" timestamp="2019-08-08T07:22:48.315">
  <compact-info movecount="628" movebytes="400984" reason="compact to aid heap contraction" />
</gc-op>
<heap-resize id="6593" type="expand" space="tenure" amount="327680" count="1" timems="0.022" reason="satisfy allocation request" timestamp="2019-08-08T07:22:48.315" />
<gc-end id="6594" type="global" contextid="6585" durationms="46.022" usertimems="104.295" systemtimems="0.000" timestamp="2019-08-08T07:22:48.315" activeThreads="16">
  <mem-info id="6595" free="91320720" total="109641728" percent="83">
    <mem type="tenure" free="91320720" total="109641728" percent="83">
      <mem type="soa" free="90225040" total="108546048" percent="83" />
      <mem type="loa" free="1095680" total="1095680" percent="100" />
    </mem>
  </mem-info>
</gc-end>
<cycle-end id="6596" type="global" contextid="6585" timestamp="2019-08-08T07:22:48.315" />
  <attribute name="elasticGC enabled" value="1" />
  <attribute name= "numThreadsSpecified" value="16" />
  <attribute name="heapSize specified" value="109314048" />
  <attribute name="Current GC Util" value="51" />
  <attribute name= "Current Time Running" value="135925" />
  <attribute name ="GC Interval" value="0" />
  <attribute name="Target GC Util Change" value ="80.000000" />
  <attribute name="Current GC Util Change" value="51.000000"/>
  <attribute name="Current Error" value="-2.000000" />
  <attribute name="Output H" value="109616752"/>
  <attribute name="Output I" value="2000"/>
  <attribute name="Output T" value="16"/>
  <attribute name= "Current Time Running" value="135925" />
  <attribute name="GC Util currently" value="51" />
  <attribute name="CPU Util currently" value="47747347940" />
<sys-end id="6597" timestamp="2019-08-08T07:22:48.316" />
<exclusive-end id="6598" timestamp="2019-08-08T07:22:48.316" durationms="46.215" />

===== DaCapo 9.12-MR1 pmd starting =====
<concurrent-kickoff id="6599" timestamp="2019-08-08T07:22:49.087">
  <kickoff reason="threshold reached" targetBytes="9123533" thresholdFreeBytes="1243356" remainingFree="1230520" tenureFreeBytes="1230520" />
</concurrent-kickoff>
<exclusive-start id="6600" timestamp="2019-08-08T07:22:49.089" intervalms="819.225">
  <response-info timems="0.147" idlems="0.077" threads="1" lastid="0000000000C88B00" lastname="PmdThread 4" />
</exclusive-start>
<cycle-start id="6601" type="global" contextid="0" timestamp="2019-08-08T07:22:49.089" intervalms="819.182" />
<exclusive-end id="6602" timestamp="2019-08-08T07:22:49.089" durationms="0.030" />

<exclusive-start id="6603" timestamp="2019-08-08T07:22:49.090" intervalms="1.384">
  <response-info timems="0.175" idlems="0.091" threads="1" lastid="0000000000CAA600" lastname="PmdThread 3" />
</exclusive-start>
<af-start id="6604" threadId="0000000000C81C88" totalBytesRequested="136" timestamp="2019-08-08T07:22:49.090" intervalms="982.907" />
<concurrent-aborted id="6605" timestamp="2019-08-08T07:22:49.090">
  <reason value="insufficient progress made" />
</concurrent-aborted>
<cycle-end id="6606" type="global" contextid="6601" timestamp="2019-08-08T07:22:49.090" />
  <attribute name="elasticGC enabled" value="1" />
  <attribute name= "numThreadsSpecified" value="16" />
  <attribute name="heapSize specified" value="109314048" />
  <attribute name="Current GC Util" value="51" />
  <attribute name= "Current Time Running" value="135925" />
  <attribute name ="GC Interval" value="0" />
  <attribute name="Target GC Util Change" value ="80.000000" />
  <attribute name="Current GC Util Change" value="51.000000"/>
  <attribute name="Current Error" value="-2.000000" />
  <attribute name="Output H" value="109616752"/>
  <attribute name="Output I" value="2000"/>
  <attribute name="Output T" value="16"/>
  <attribute name= "Current Time Running" value="135925" />
  <attribute name="GC Util currently" value="51" />
  <attribute name="CPU Util currently" value="47747347940" />
<cycle-start id="6607" type="global" contextid="0" timestamp="2019-08-08T07:22:49.090" intervalms="1.444" />
<gc-start id="6608" type="global" contextid="6607" timestamp="2019-08-08T07:22:49.090">
  <mem-info id="6609" free="1095680" total="109641728" percent="0">
    <mem type="tenure" free="1095680" total="109641728" percent="0">
      <mem type="soa" free="0" total="108546048" percent="0" />
      <mem type="loa" free="1095680" total="1095680" percent="100" />
    </mem>
  </mem-info>
</gc-start>
<allocation-stats totalBytes="90139488" >
  <allocated-bytes non-tlh="600552" tlh="89538936" />
  <largest-consumer threadName="main" threadId="0000000000996F00" bytes="8627064" />
</allocation-stats>
<gc-op id="6610" type="mark" timems="12.244" contextid="6607" timestamp="2019-08-08T07:22:49.102">
  <trace-info objectcount="796103" scancount="694891" scanbytes="18578460" />
  <finalization candidates="83" enqueued="0" />
  <ownableSynchronizers candidates="40" cleared="0" />
  <references type="soft" candidates="2004" cleared="0" enqueued="0" dynamicThreshold="26" maxThreshold="32" />
  <references type="weak" candidates="7186" cleared="1210" enqueued="1134" />
  <references type="phantom" candidates="377" cleared="126" enqueued="126" />
  <stringconstants candidates="15185" cleared="4"  />
</gc-op>
<gc-op id="6611" type="sweep" timems="2.563" contextid="6607" timestamp="2019-08-08T07:22:49.105" />
<mem-info id="6612" free="71184368" total="109641728" percent="64">
  <mem type="tenure" free="71184368" total="109641728" percent="64" micro-fragmented="7940382">
    <mem type="soa" free="70088688" total="108546048" percent="64" />
    <mem type="loa" free="1095680" total="1095680" percent="100" />
  </mem>
  <pending-finalizers system="0" default="0" reference="1260" classloader="0" />
</mem-info>
<gc-op id="6613" type="compact" timems="172.588" contextid="6607" timestamp="2019-08-08T07:22:49.278">
  <compact-info movecount="780680" movebytes="27466280" reason="compact to aid heap contraction" />
</gc-op>
<heap-resize id="6614" type="expand" space="tenure" amount="327680" count="1" timems="0.023" reason="satisfy allocation request" timestamp="2019-08-08T07:22:49.278" />
<gc-end id="6615" type="global" contextid="6607" durationms="188.402" usertimems="281.631" systemtimems="0.000" timestamp="2019-08-08T07:22:49.278" activeThreads="16">
  <mem-info id="6616" free="81752360" total="109969408" percent="74">
    <mem type="tenure" free="81752360" total="109969408" percent="74">
      <mem type="soa" free="80653608" total="108870656" percent="74" />
      <mem type="loa" free="1098752" total="1098752" percent="100" />
    </mem>
    <pending-finalizers system="0" default="0" reference="1260" classloader="0" />
  </mem-info>
</gc-end>
<cycle-end id="6617" type="global" contextid="6607" timestamp="2019-08-08T07:22:49.279" />
  <attribute name="elasticGC enabled" value="1" />
  <attribute name= "numThreadsSpecified" value="16" />
  <attribute name="heapSize specified" value="109641728" />
  <attribute name="Current GC Util" value="22" />
  <attribute name= "Current Time Running" value="136888" />
  <attribute name ="GC Interval" value="0" />
  <attribute name="Target GC Util Change" value ="80.000000" />
  <attribute name="Current GC Util Change" value="22.000000"/>
  <attribute name="Current Error" value="58.000000" />
  <attribute name="Output H" value="109944712"/>
  <attribute name="Output I" value="2312"/>
  <attribute name="Output T" value="16"/>
  <attribute name= "Current Time Running" value="136888" />
  <attribute name="GC Util currently" value="22" />
  <attribute name="CPU Util currently" value="6679104226" />
<allocation-satisfied id="6618" threadId="0000000000C81300" bytesRequested="136" />
<af-end id="6619" timestamp="2019-08-08T07:22:49.280" threadId="0000000000C81C88" success="true" />
<exclusive-end id="6620" timestamp="2019-08-08T07:22:49.280" durationms="189.623" />

<concurrent-kickoff id="6621" timestamp="2019-08-08T07:22:49.467">
  <kickoff reason="threshold reached" targetBytes="9150799" thresholdFreeBytes="1247072" remainingFree="1161112" tenureFreeBytes="1098752" />
</concurrent-kickoff>
<exclusive-start id="6622" timestamp="2019-08-08T07:22:49.468" intervalms="378.415">
  <response-info timems="0.771" idlems="0.352" threads="2" lastid="0000000000CCC100" lastname="PmdThread 9" />
</exclusive-start>
<cycle-start id="6623" type="global" contextid="0" timestamp="2019-08-08T07:22:49.468" intervalms="378.359" />
<exclusive-end id="6624" timestamp="2019-08-08T07:22:49.468" durationms="0.034" />

<exclusive-start id="6625" timestamp="2019-08-08T07:22:49.469" intervalms="1.140">
  <response-info timems="0.296" idlems="0.296" threads="0" lastid="0000000000CC4900" lastname="PmdThread 14" />
</exclusive-start>
<af-start id="6626" threadId="0000000000CC5288" totalBytesRequested="64" timestamp="2019-08-08T07:22:49.470" intervalms="379.555" />
<concurrent-aborted id="6627" timestamp="2019-08-08T07:22:49.470">
  <reason value="insufficient progress made" />
</concurrent-aborted>
<cycle-end id="6628" type="global" contextid="6623" timestamp="2019-08-08T07:22:49.470" />
  <attribute name="elasticGC enabled" value="1" />
  <attribute name= "numThreadsSpecified" value="16" />
  <attribute name="heapSize specified" value="109641728" />
  <attribute name="Current GC Util" value="22" />
  <attribute name= "Current Time Running" value="136888" />
  <attribute name ="GC Interval" value="0" />
  <attribute name="Target GC Util Change" value ="80.000000" />
  <attribute name="Current GC Util Change" value="22.000000"/>
  <attribute name="Current Error" value="58.000000" />
  <attribute name="Output H" value="109944712"/>
  <attribute name="Output I" value="2312"/>
  <attribute name="Output T" value="16"/>
  <attribute name= "Current Time Running" value="136888" />
  <attribute name="GC Util currently" value="22" />
  <attribute name="CPU Util currently" value="6679104226" />
<cycle-start id="6629" type="global" contextid="0" timestamp="2019-08-08T07:22:49.470" intervalms="1.290" />
<gc-start id="6630" type="global" contextid="6629" timestamp="2019-08-08T07:22:49.470">
  <mem-info id="6631" free="1098752" total="109969408" percent="0">
    <mem type="tenure" free="1098752" total="109969408" percent="0">
      <mem type="soa" free="0" total="108870656" percent="0" />
      <mem type="loa" free="1098752" total="1098752" percent="100" />
    </mem>
  </mem-info>
</gc-start>
<allocation-stats totalBytes="80683952" >
  <allocated-bytes non-tlh="11544" tlh="80672408" />
  <largest-consumer threadName="PmdThread 6" threadId="0000000000CC0D00" bytes="10900120" />
</allocation-stats>
<gc-op id="6632" type="mark" timems="18.568" contextid="6629" timestamp="2019-08-08T07:22:49.488">
  <trace-info objectcount="920328" scancount="809876" scanbytes="22616020" />
  <finalization candidates="83" enqueued="0" />
  <ownableSynchronizers candidates="40" cleared="0" />
  <references type="soft" candidates="2015" cleared="0" enqueued="0" dynamicThreshold="23" maxThreshold="32" />
  <references type="weak" candidates="6859" cleared="879" enqueued="879" />
  <references type="phantom" candidates="413" cleared="141" enqueued="141" />
  <stringconstants candidates="15250" cleared="0"  />
</gc-op>
<gc-op id="6633" type="sweep" timems="2.822" contextid="6629" timestamp="2019-08-08T07:22:49.491" />
<mem-info id="6634" free="66258840" total="109969408" percent="60">
  <mem type="tenure" free="66258840" total="109969408" percent="60" micro-fragmented="7600206">
    <mem type="soa" free="65160088" total="108870656" percent="59" />
    <mem type="loa" free="1098752" total="1098752" percent="100" />
  </mem>
  <pending-finalizers system="0" default="0" reference="1020" classloader="0" />
</mem-info>
<gc-op id="6635" type="compact" timems="43.098" contextid="6629" timestamp="2019-08-08T07:22:49.535">
  <compact-info movecount="326642" movebytes="14686088" reason="compact to aid heap contraction" />
</gc-op>
<heap-resize id="6636" type="expand" space="tenure" amount="327680" count="1" timems="0.022" reason="satisfy allocation request" timestamp="2019-08-08T07:22:49.535" />
<gc-end id="6637" type="global" contextid="6629" durationms="65.467" usertimems="238.943" systemtimems="0.000" timestamp="2019-08-08T07:22:49.535" activeThreads="16">
  <mem-info id="6638" free="77743984" total="110297088" percent="70">
    <mem type="tenure" free="77743984" total="110297088" percent="70">
      <mem type="soa" free="76641136" total="109194240" percent="70" />
      <mem type="loa" free="1102848" total="1102848" percent="100" />
    </mem>
    <pending-finalizers system="0" default="0" reference="1020" classloader="0" />
  </mem-info>
</gc-end>
<cycle-end id="6639" type="global" contextid="6629" timestamp="2019-08-08T07:22:49.535" />
  <attribute name="elasticGC enabled" value="1" />
  <attribute name= "numThreadsSpecified" value="16" />
  <attribute name="heapSize specified" value="109969408" />
  <attribute name="Current GC Util" value="196" />
  <attribute name= "Current Time Running" value="137145" />
  <attribute name ="GC Interval" value="0" />
  <attribute name="Target GC Util Change" value ="80.000000" />
  <attribute name="Current GC Util Change" value="196.000000"/>
  <attribute name="Current Error" value="-761.000000" />
  <attribute name="Output H" value="110268608"/>
  <attribute name="Output I" value="200"/>
  <attribute name="Output T" value="16"/>
  <attribute name= "Current Time Running" value="137145" />
  <attribute name="GC Util currently" value="196" />
  <attribute name="CPU Util currently" value="26726900660" />
<allocation-satisfied id="6640" threadId="0000000000CC4900" bytesRequested="64" />
<af-end id="6641" timestamp="2019-08-08T07:22:49.535" threadId="0000000000CC5288" success="true" />
<exclusive-end id="6642" timestamp="2019-08-08T07:22:49.535" durationms="66.040" />

<concurrent-kickoff id="6643" timestamp="2019-08-08T07:22:49.777">
  <kickoff reason="threshold reached" targetBytes="9178067" thresholdFreeBytes="1250788" remainingFree="1129896" tenureFreeBytes="1129896" />
</concurrent-kickoff>
<exclusive-start id="6644" timestamp="2019-08-08T07:22:49.778" intervalms="308.512">
  <response-info timems="0.866" idlems="0.457" threads="1" lastid="0000000000CCC100" lastname="PmdThread 9" />
</exclusive-start>
<af-start id="6645" threadId="0000000000C9BF88" totalBytesRequested="8200" timestamp="2019-08-08T07:22:49.778" intervalms="308.522" />
<concurrent-aborted id="6646" timestamp="2019-08-08T07:22:49.778">
  <reason value="insufficient progress made" />
</concurrent-aborted>
<cycle-end id="6647" type="global" contextid="6623" timestamp="2019-08-08T07:22:49.778" />
  <attribute name="elasticGC enabled" value="1" />
  <attribute name= "numThreadsSpecified" value="16" />
  <attribute name="heapSize specified" value="109969408" />
  <attribute name="Current GC Util" value="196" />
  <attribute name= "Current Time Running" value="137145" />
  <attribute name ="GC Interval" value="0" />
  <attribute name="Target GC Util Change" value ="80.000000" />
  <attribute name="Current GC Util Change" value="196.000000"/>
  <attribute name="Current Error" value="-761.000000" />
  <attribute name="Output H" value="110268608"/>
  <attribute name="Output I" value="200"/>
  <attribute name="Output T" value="16"/>
  <attribute name= "Current Time Running" value="137145" />
  <attribute name="GC Util currently" value="196" />
  <attribute name="CPU Util currently" value="26726900660" />
<cycle-start id="6648" type="global" contextid="0" timestamp="2019-08-08T07:22:49.778" intervalms="308.476" />
<gc-start id="6649" type="global" contextid="6648" timestamp="2019-08-08T07:22:49.778">
  <mem-info id="6650" free="1102848" total="110297088" percent="0">
    <mem type="tenure" free="1102848" total="110297088" percent="0">
      <mem type="soa" free="0" total="109194240" percent="0" />
      <mem type="loa" free="1102848" total="1102848" percent="100" />
    </mem>
  </mem-info>
</gc-start>
<allocation-stats totalBytes="76677784" >
  <allocated-bytes non-tlh="16704" tlh="76661080" />
  <largest-consumer threadName="PmdThread 14" threadId="0000000000CC4900" bytes="16349064" />
</allocation-stats>
<gc-op id="6651" type="mark" timems="27.942" contextid="6648" timestamp="2019-08-08T07:22:49.806">
  <trace-info objectcount="1105824" scancount="987283" scanbytes="29036624" />
  <finalization candidates="83" enqueued="0" />
  <ownableSynchronizers candidates="40" cleared="0" />
  <references type="soft" candidates="2015" cleared="0" enqueued="0" dynamicThreshold="22" maxThreshold="32" />
  <references type="weak" candidates="6798" cleared="818" enqueued="818" />
  <references type="phantom" candidates="339" cleared="65" enqueued="65" />
  <stringconstants candidates="15323" cleared="0"  />
</gc-op>
<gc-op id="6652" type="sweep" timems="2.254" contextid="6648" timestamp="2019-08-08T07:22:49.809" />
<mem-info id="6653" free="58061000" total="110297088" percent="52">
  <mem type="tenure" free="58061000" total="110297088" percent="52" micro-fragmented="8978374">
    <mem type="soa" free="56958152" total="109194240" percent="52" />
    <mem type="loa" free="1102848" total="1102848" percent="100" />
  </mem>
  <pending-finalizers system="0" default="0" reference="883" classloader="0" />
</mem-info>
<gc-op id="6654" type="compact" timems="173.457" contextid="6648" timestamp="2019-08-08T07:22:49.982">
  <compact-info movecount="1089852" movebytes="38821808" reason="compact to aid heap contraction" />
</gc-op>
<heap-resize id="6655" type="expand" space="tenure" amount="327680" count="1" timems="0.021" reason="satisfy allocation request" timestamp="2019-08-08T07:22:49.983" />
<gc-end id="6656" type="global" contextid="6648" durationms="204.746" usertimems="514.300" systemtimems="0.000" timestamp="2019-08-08T07:22:49.983" activeThreads="16">
  <mem-info id="6657" free="70976664" total="110624768" percent="64">
    <mem type="tenure" free="70976664" total="110624768" percent="64">
      <mem type="soa" free="69870744" total="109518848" percent="63" />
      <mem type="loa" free="1105920" total="1105920" percent="100" />
    </mem>
    <pending-finalizers system="0" default="0" reference="883" classloader="0" />
  </mem-info>
</gc-end>
<cycle-end id="6658" type="global" contextid="6648" timestamp="2019-08-08T07:22:49.983" />
  <attribute name="elasticGC enabled" value="1" />
  <attribute name= "numThreadsSpecified" value="16" />
  <attribute name="heapSize specified" value="110297088" />
  <attribute name="Current GC Util" value="58" />
  <attribute name= "Current Time Running" value="137593" />
  <attribute name ="GC Interval" value="0" />
  <attribute name="Target GC Util Change" value ="80.000000" />
  <attribute name="Current GC Util Change" value="58.000000"/>
  <attribute name="Current Error" value="-902.000000" />
  <attribute name="Output H" value="110595640"/>
  <attribute name="Output I" value="200"/>
  <attribute name="Output T" value="16"/>
  <attribute name= "Current Time Running" value="137593" />
  <attribute name="GC Util currently" value="58" />
  <attribute name="CPU Util currently" value="6645299615" />
<allocation-satisfied id="6659" threadId="0000000000C9B600" bytesRequested="8200" />
<af-end id="6660" timestamp="2019-08-08T07:22:49.983" threadId="0000000000C9BF88" success="true" />
<exclusive-end id="6661" timestamp="2019-08-08T07:22:49.983" durationms="205.266" />

<concurrent-kickoff id="6662" timestamp="2019-08-08T07:22:50.073">
  <kickoff reason="threshold reached" targetBytes="9205333" thresholdFreeBytes="1254503" remainingFree="1201160" tenureFreeBytes="1201144" />
</concurrent-kickoff>
<exclusive-start id="6663" timestamp="2019-08-08T07:22:50.074" intervalms="296.356">
  <response-info timems="0.724" idlems="0.385" threads="4" lastid="0000000000C81300" lastname="PmdThread 1" />
</exclusive-start>
<cycle-start id="6664" type="global" contextid="0" timestamp="2019-08-08T07:22:50.074" intervalms="296.240" />
<exclusive-end id="6665" timestamp="2019-08-08T07:22:50.074" durationms="0.041" />

<exclusive-start id="6666" timestamp="2019-08-08T07:22:50.075" intervalms="0.456">
  <response-info timems="0.143" idlems="0.143" threads="0" lastid="0000000000C8C700" lastname="PmdThread 10" />
</exclusive-start>
<af-start id="6667" threadId="0000000000C8D088" totalBytesRequested="24" timestamp="2019-08-08T07:22:50.075" intervalms="296.974" />
<concurrent-aborted id="6668" timestamp="2019-08-08T07:22:50.075">
  <reason value="insufficient progress made" />
</concurrent-aborted>
<cycle-end id="6669" type="global" contextid="6664" timestamp="2019-08-08T07:22:50.075" />
  <attribute name="elasticGC enabled" value="1" />
  <attribute name= "numThreadsSpecified" value="16" />
  <attribute name="heapSize specified" value="110297088" />
  <attribute name="Current GC Util" value="58" />
  <attribute name= "Current Time Running" value="137593" />
  <attribute name ="GC Interval" value="0" />
  <attribute name="Target GC Util Change" value ="80.000000" />
  <attribute name="Current GC Util Change" value="58.000000"/>
  <attribute name="Current Error" value="-902.000000" />
  <attribute name="Output H" value="110595640"/>
  <attribute name="Output I" value="200"/>
  <attribute name="Output T" value="16"/>
  <attribute name= "Current Time Running" value="137593" />
  <attribute name="GC Util currently" value="58" />
  <attribute name="CPU Util currently" value="6645299615" />
<cycle-start id="6670" type="global" contextid="0" timestamp="2019-08-08T07:22:50.075" intervalms="0.792" />
<gc-start id="6671" type="global" contextid="6670" timestamp="2019-08-08T07:22:50.075">
  <mem-info id="6672" free="1105920" total="110624768" percent="0">
    <mem type="tenure" free="1105920" total="110624768" percent="0">
      <mem type="soa" free="0" total="109518848" percent="0" />
      <mem type="loa" free="1105920" total="1105920" percent="100" />
    </mem>
  </mem-info>
</gc-start>
<allocation-stats totalBytes="69912520" >
  <allocated-bytes non-tlh="11536" tlh="69900984" />
  <largest-consumer threadName="PmdThread 12" threadId="0000000000C90300" bytes="8485896" />
</allocation-stats>
<gc-op id="6673" type="mark" timems="16.619" contextid="6670" timestamp="2019-08-08T07:22:50.092">
  <trace-info objectcount="1094698" scancount="977777" scanbytes="28680840" />
  <finalization candidates="83" enqueued="0" />
  <ownableSynchronizers candidates="40" cleared="0" />
  <references type="soft" candidates="2015" cleared="0" enqueued="0" dynamicThreshold="20" maxThreshold="32" />
  <references type="weak" candidates="6538" cleared="558" enqueued="557" />
  <references type="phantom" candidates="358" cleared="86" enqueued="86" />
  <stringconstants candidates="15381" cleared="0"  />
</gc-op>
<gc-op id="6674" type="sweep" timems="2.277" contextid="6670" timestamp="2019-08-08T07:22:50.094" />
<mem-info id="6675" free="66015360" total="110624768" percent="59">
  <mem type="tenure" free="66015360" total="110624768" percent="59" micro-fragmented="3652850">
    <mem type="soa" free="64909440" total="109518848" percent="59" />
    <mem type="loa" free="1105920" total="1105920" percent="100" />
  </mem>
  <pending-finalizers system="0" default="0" reference="643" classloader="0" />
</mem-info>
<gc-op id="6676" type="compact" timems="70.578" contextid="6670" timestamp="2019-08-08T07:22:50.165">
  <compact-info movecount="500694" movebytes="21107456" reason="compact to aid heap contraction" />
</gc-op>
<heap-resize id="6677" type="expand" space="tenure" amount="327680" count="1" timems="0.022" reason="satisfy allocation request" timestamp="2019-08-08T07:22:50.166" />
<gc-end id="6678" type="global" contextid="6670" durationms="90.480" usertimems="303.012" systemtimems="0.000" timestamp="2019-08-08T07:22:50.166" activeThreads="16">
  <mem-info id="6679" free="71975728" total="110952448" percent="64">
    <mem type="tenure" free="71975728" total="110952448" percent="64">
      <mem type="soa" free="70866736" total="109843456" percent="64" />
      <mem type="loa" free="1108992" total="1108992" percent="100" />
    </mem>
    <pending-finalizers system="0" default="0" reference="643" classloader="0" />
  </mem-info>
</gc-end>
<cycle-end id="6680" type="global" contextid="6670" timestamp="2019-08-08T07:22:50.166" />
  <attribute name="elasticGC enabled" value="1" />
  <attribute name= "numThreadsSpecified" value="16" />
  <attribute name="heapSize specified" value="110624768" />
  <attribute name="Current GC Util" value="169" />
  <attribute name= "Current Time Running" value="137775" />
  <attribute name ="GC Interval" value="0" />
  <attribute name="Target GC Util Change" value ="80.000000" />
  <attribute name="Current GC Util Change" value="169.000000"/>
  <attribute name="Current Error" value="-1116.000000" />
  <attribute name="Output H" value="110922328"/>
  <attribute name="Output I" value="200"/>
  <attribute name="Output T" value="16"/>
  <attribute name= "Current Time Running" value="137775" />
  <attribute name="GC Util currently" value="169" />
  <attribute name="CPU Util currently" value="16322514215" />
<allocation-satisfied id="6681" threadId="0000000000C8C700" bytesRequested="24" />
<af-end id="6682" timestamp="2019-08-08T07:22:50.166" threadId="0000000000C8D088" success="true" />
<exclusive-end id="6683" timestamp="2019-08-08T07:22:50.166" durationms="91.063" />

<concurrent-kickoff id="6684" timestamp="2019-08-08T07:22:50.246">
  <kickoff reason="threshold reached" targetBytes="9232600" thresholdFreeBytes="1258220" remainingFree="1134800" tenureFreeBytes="1134800" />
</concurrent-kickoff>
<exclusive-start id="6685" timestamp="2019-08-08T07:22:50.246" intervalms="171.393">
  <response-info timems="0.319" idlems="0.220" threads="2" lastid="000000000099E700" lastname="JIT Compilation Thread-1" />
</exclusive-start>
<af-start id="6686" threadId="0000000000CB6388" totalBytesRequested="32" timestamp="2019-08-08T07:22:50.246" intervalms="171.224" />
<concurrent-aborted id="6687" timestamp="2019-08-08T07:22:50.246">
  <reason value="insufficient progress made" />
</concurrent-aborted>
<cycle-end id="6688" type="global" contextid="6664" timestamp="2019-08-08T07:22:50.246" />
  <attribute name="elasticGC enabled" value="1" />
  <attribute name= "numThreadsSpecified" value="16" />
  <attribute name="heapSize specified" value="110624768" />
  <attribute name="Current GC Util" value="169" />
  <attribute name= "Current Time Running" value="137775" />
  <attribute name ="GC Interval" value="0" />
  <attribute name="Target GC Util Change" value ="80.000000" />
  <attribute name="Current GC Util Change" value="169.000000"/>
  <attribute name="Current Error" value="-1116.000000" />
  <attribute name="Output H" value="110922328"/>
  <attribute name="Output I" value="200"/>
  <attribute name="Output T" value="16"/>
  <attribute name= "Current Time Running" value="137775" />
  <attribute name="GC Util currently" value="169" />
  <attribute name="CPU Util currently" value="16322514215" />
<cycle-start id="6689" type="global" contextid="0" timestamp="2019-08-08T07:22:50.246" intervalms="171.146" />
<gc-start id="6690" type="global" contextid="6689" timestamp="2019-08-08T07:22:50.246">
  <mem-info id="6691" free="1108992" total="110952448" percent="0">
    <mem type="tenure" free="1108992" total="110952448" percent="0">
      <mem type="soa" free="0" total="109843456" percent="0" />
      <mem type="loa" free="1108992" total="1108992" percent="100" />
    </mem>
  </mem-info>
</gc-start>
<allocation-stats totalBytes="70903120" >
  <allocated-bytes non-tlh="454304" tlh="70448816" />
  <largest-consumer threadName="PmdThread 7" threadId="0000000000C7D700" bytes="8843144" />
</allocation-stats>
<gc-op id="6692" type="mark" timems="12.100" contextid="6689" timestamp="2019-08-08T07:22:50.258">
  <trace-info objectcount="1105893" scancount="990708" scanbytes="29047016" />
  <finalization candidates="83" enqueued="0" />
  <ownableSynchronizers candidates="40" cleared="0" />
  <references type="soft" candidates="2015" cleared="0" enqueued="0" dynamicThreshold="20" maxThreshold="32" />
  <references type="weak" candidates="6624" cleared="640" enqueued="635" />
  <references type="phantom" candidates="367" cleared="94" enqueued="94" />
  <stringconstants candidates="15437" cleared="0"  />
</gc-op>
<gc-op id="6693" type="sweep" timems="3.389" contextid="6689" timestamp="2019-08-08T07:22:50.262" />
<mem-info id="6694" free="64123296" total="110952448" percent="57">
  <mem type="tenure" free="64123296" total="110952448" percent="57" micro-fragmented="4594353">
    <mem type="soa" free="63014304" total="109843456" percent="57" />
    <mem type="loa" free="1108992" total="1108992" percent="100" />
  </mem>
  <pending-finalizers system="0" default="0" reference="729" classloader="0" />
</mem-info>
<gc-op id="6695" type="compact" timems="80.025" contextid="6689" timestamp="2019-08-08T07:22:50.342">
  <compact-info movecount="509418" movebytes="21100120" reason="compact to aid heap contraction" />
</gc-op>
<heap-resize id="6696" type="expand" space="tenure" amount="327680" count="1" timems="0.023" reason="satisfy allocation request" timestamp="2019-08-08T07:22:50.343" />
<gc-end id="6697" type="global" contextid="6689" durationms="96.547" usertimems="274.257" systemtimems="0.000" timestamp="2019-08-08T07:22:50.343" activeThreads="16">
  <mem-info id="6698" free="71840144" total="111280128" percent="64">
    <mem type="tenure" free="71840144" total="111280128" percent="64">
      <mem type="soa" free="70728080" total="110168064" percent="64" />
      <mem type="loa" free="1112064" total="1112064" percent="100" />
    </mem>
    <pending-finalizers system="0" default="0" reference="729" classloader="0" />
  </mem-info>
</gc-end>
<cycle-end id="6699" type="global" contextid="6689" timestamp="2019-08-08T07:22:50.343" />
  <attribute name="elasticGC enabled" value="1" />
  <attribute name= "numThreadsSpecified" value="16" />
  <attribute name="heapSize specified" value="110952448" />
  <attribute name="Current GC Util" value="115" />
  <attribute name= "Current Time Running" value="137953" />
  <attribute name ="GC Interval" value="0" />
  <attribute name="Target GC Util Change" value ="80.000000" />
  <attribute name="Current GC Util Change" value="115.000000"/>
  <attribute name="Current Error" value="-394.000000" />
  <attribute name="Output H" value="111253344"/>
  <attribute name="Output I" value="200"/>
  <attribute name="Output T" value="16"/>
  <attribute name= "Current Time Running" value="137953" />
  <attribute name="GC Util currently" value="115" />
  <attribute name="CPU Util currently" value="14399813175" />
<allocation-satisfied id="6700" threadId="0000000000CB5A00" bytesRequested="32" />
<af-end id="6701" timestamp="2019-08-08T07:22:50.343" threadId="0000000000CB6388" success="true" />
<exclusive-end id="6702" timestamp="2019-08-08T07:22:50.343" durationms="96.816" />

<concurrent-kickoff id="6703" timestamp="2019-08-08T07:22:50.460">
  <kickoff reason="threshold reached" targetBytes="9259868" thresholdFreeBytes="1261936" remainingFree="1191496" tenureFreeBytes="1191496" />
</concurrent-kickoff>
<exclusive-start id="6704" timestamp="2019-08-08T07:22:50.462" intervalms="215.790">
  <response-info timems="1.508" idlems="0.773" threads="1" lastid="0000000000CD7500" lastname="PmdThread 8" />
</exclusive-start>
<cycle-start id="6705" type="global" contextid="0" timestamp="2019-08-08T07:22:50.462" intervalms="215.803" />
<exclusive-end id="6706" timestamp="2019-08-08T07:22:50.462" durationms="0.192" />

<exclusive-start id="6707" timestamp="2019-08-08T07:22:50.463" intervalms="1.279">
  <response-info timems="0.136" idlems="0.136" threads="0" lastid="0000000000CC4900" lastname="PmdThread 14" />
</exclusive-start>
<af-start id="6708" threadId="0000000000CC5288" totalBytesRequested="912" timestamp="2019-08-08T07:22:50.463" intervalms="217.081" />
<concurrent-aborted id="6709" timestamp="2019-08-08T07:22:50.463">
  <reason value="insufficient progress made" />
</concurrent-aborted>
<cycle-end id="6710" type="global" contextid="6705" timestamp="2019-08-08T07:22:50.463" />
  <attribute name="elasticGC enabled" value="1" />
  <attribute name= "numThreadsSpecified" value="16" />
  <attribute name="heapSize specified" value="110952448" />
  <attribute name="Current GC Util" value="115" />
  <attribute name= "Current Time Running" value="137953" />
  <attribute name ="GC Interval" value="0" />
  <attribute name="Target GC Util Change" value ="80.000000" />
  <attribute name="Current GC Util Change" value="115.000000"/>
  <attribute name="Current Error" value="-394.000000" />
  <attribute name="Output H" value="111253344"/>
  <attribute name="Output I" value="200"/>
  <attribute name="Output T" value="16"/>
  <attribute name= "Current Time Running" value="137953" />
  <attribute name="GC Util currently" value="115" />
  <attribute name="CPU Util currently" value="14399813175" />
<cycle-start id="6711" type="global" contextid="0" timestamp="2019-08-08T07:22:50.463" intervalms="1.368" />
<gc-start id="6712" type="global" contextid="6711" timestamp="2019-08-08T07:22:50.464">
  <mem-info id="6713" free="1112064" total="111280128" percent="0">
    <mem type="tenure" free="1112064" total="111280128" percent="0">
      <mem type="soa" free="0" total="110168064" percent="0" />
      <mem type="loa" free="1112064" total="1112064" percent="100" />
    </mem>
  </mem-info>
</gc-start>
<allocation-stats totalBytes="70750120" >
  <allocated-bytes non-tlh="15496" tlh="70734624" />
  <largest-consumer threadName="PmdThread 2" threadId="0000000000CB5A00" bytes="11627880" />
</allocation-stats>
<gc-op id="6714" type="mark" timems="17.203" contextid="6711" timestamp="2019-08-08T07:22:50.481">
  <trace-info objectcount="1090433" scancount="977472" scanbytes="28560148" />
  <finalization candidates="83" enqueued="0" />
  <ownableSynchronizers candidates="40" cleared="0" />
  <references type="soft" candidates="2015" cleared="0" enqueued="0" dynamicThreshold="20" maxThreshold="32" />
  <references type="weak" candidates="7081" cleared="1097" enqueued="1089" />
  <references type="phantom" candidates="351" cleared="80" enqueued="80" />
  <stringconstants candidates="15512" cleared="0"  />
</gc-op>
<gc-op id="6715" type="sweep" timems="2.311" contextid="6711" timestamp="2019-08-08T07:22:50.483" />
<mem-info id="6716" free="69618584" total="111280128" percent="62">
  <mem type="tenure" free="69618584" total="111280128" percent="62" micro-fragmented="1685237">
    <mem type="soa" free="68506520" total="110168064" percent="62" />
    <mem type="loa" free="1112064" total="1112064" percent="100" />
  </mem>
  <pending-finalizers system="0" default="0" reference="1169" classloader="0" />
</mem-info>
<gc-op id="6717" type="compact" timems="77.025" contextid="6711" timestamp="2019-08-08T07:22:50.560">
  <compact-info movecount="470459" movebytes="19731256" reason="compact to aid heap contraction" />
</gc-op>
<heap-resize id="6718" type="expand" space="tenure" amount="327680" count="1" timems="0.021" reason="satisfy allocation request" timestamp="2019-08-08T07:22:50.561" />
<gc-end id="6719" type="global" contextid="6711" durationms="97.624" usertimems="268.741" systemtimems="0.000" timestamp="2019-08-08T07:22:50.561" activeThreads="16">
  <mem-info id="6720" free="72668736" total="111607808" percent="65">
    <mem type="tenure" free="72668736" total="111607808" percent="65">
      <mem type="soa" free="71553600" total="110492672" percent="64" />
      <mem type="loa" free="1115136" total="1115136" percent="100" />
    </mem>
    <pending-finalizers system="0" default="0" reference="1169" classloader="0" />
  </mem-info>
</gc-end>
<cycle-end id="6721" type="global" contextid="6711" timestamp="2019-08-08T07:22:50.561" />
  <attribute name="elasticGC enabled" value="1" />
  <attribute name= "numThreadsSpecified" value="16" />
  <attribute name="heapSize specified" value="111280128" />
  <attribute name="Current GC Util" value="137" />
  <attribute name= "Current Time Running" value="138171" />
  <attribute name ="GC Interval" value="0" />
  <attribute name="Target GC Util Change" value ="80.000000" />
  <attribute name="Current GC Util Change" value="137.000000"/>
  <attribute name="Current Error" value="-159.000000" />
  <attribute name="Output H" value="111582112"/>
  <attribute name="Output I" value="1184"/>
  <attribute name="Output T" value="16"/>
  <attribute name= "Current Time Running" value="138171" />
  <attribute name="GC Util currently" value="137" />
  <attribute name="CPU Util currently" value="14961275026" />
<allocation-satisfied id="6722" threadId="0000000000CC4900" bytesRequested="912" />
<af-end id="6723" timestamp="2019-08-08T07:22:50.561" threadId="0000000000CC5288" success="true" />
<exclusive-end id="6724" timestamp="2019-08-08T07:22:50.561" durationms="98.006" />

<concurrent-kickoff id="6725" timestamp="2019-08-08T07:22:50.677">
  <kickoff reason="threshold reached" targetBytes="9287135" thresholdFreeBytes="1265651" remainingFree="1181568" tenureFreeBytes="1181568" />
</concurrent-kickoff>
<exclusive-start id="6726" timestamp="2019-08-08T07:22:50.678" intervalms="214.472">
  <response-info timems="0.451" idlems="0.229" threads="1" lastid="0000000000C81300" lastname="PmdThread 1" />
</exclusive-start>
<cycle-start id="6727" type="global" contextid="0" timestamp="2019-08-08T07:22:50.678" intervalms="214.301" />
<exclusive-end id="6728" timestamp="2019-08-08T07:22:50.678" durationms="0.078" />

<exclusive-start id="6729" timestamp="2019-08-08T07:22:50.679" intervalms="1.124">
  <response-info timems="0.241" idlems="0.241" threads="0" lastid="0000000000C8C700" lastname="PmdThread 10" />
</exclusive-start>
<af-start id="6730" threadId="0000000000C8D088" totalBytesRequested="48" timestamp="2019-08-08T07:22:50.679" intervalms="215.589" />
<concurrent-aborted id="6731" timestamp="2019-08-08T07:22:50.679">
  <reason value="insufficient progress made" />
</concurrent-aborted>
<cycle-end id="6732" type="global" contextid="6727" timestamp="2019-08-08T07:22:50.679" />
  <attribute name="elasticGC enabled" value="1" />
  <attribute name= "numThreadsSpecified" value="16" />
  <attribute name="heapSize specified" value="111280128" />
  <attribute name="Current GC Util" value="137" />
  <attribute name= "Current Time Running" value="138171" />
  <attribute name ="GC Interval" value="0" />
  <attribute name="Target GC Util Change" value ="80.000000" />
  <attribute name="Current GC Util Change" value="137.000000"/>
  <attribute name="Current Error" value="-159.000000" />
  <attribute name="Output H" value="111582112"/>
  <attribute name="Output I" value="1184"/>
  <attribute name="Output T" value="16"/>
  <attribute name= "Current Time Running" value="138171" />
  <attribute name="GC Util currently" value="137" />
  <attribute name="CPU Util currently" value="14961275026" />
<cycle-start id="6733" type="global" contextid="0" timestamp="2019-08-08T07:22:50.679" intervalms="1.190" />
<gc-start id="6734" type="global" contextid="6733" timestamp="2019-08-08T07:22:50.679">
  <mem-info id="6735" free="1115136" total="111607808" percent="0">
    <mem type="tenure" free="1115136" total="111607808" percent="0">
      <mem type="soa" free="0" total="110492672" percent="0" />
      <mem type="loa" free="1115136" total="1115136" percent="100" />
    </mem>
  </mem-info>
</gc-start>
<allocation-stats totalBytes="71586960" >
  <allocated-bytes non-tlh="12104" tlh="71574856" />
  <largest-consumer threadName="PmdThread 16" threadId="0000000000C9B600" bytes="7877504" />
</allocation-stats>
<gc-op id="6736" type="mark" timems="12.584" contextid="6733" timestamp="2019-08-08T07:22:50.692">
  <trace-info objectcount="1043851" scancount="931514" scanbytes="26858756" />
  <finalization candidates="83" enqueued="0" />
  <ownableSynchronizers candidates="40" cleared="0" />
  <references type="soft" candidates="2017" cleared="0" enqueued="0" dynamicThreshold="20" maxThreshold="32" />
  <references type="weak" candidates="7244" cleared="1258" enqueued="1257" />
  <references type="phantom" candidates="398" cleared="126" enqueued="126" />
  <stringconstants candidates="15577" cleared="0"  />
</gc-op>
<gc-op id="6737" type="sweep" timems="1.721" contextid="6733" timestamp="2019-08-08T07:22:50.694" />
<mem-info id="6738" free="68776920" total="111607808" percent="61">
  <mem type="tenure" free="68776920" total="111607808" percent="61" micro-fragmented="3752162">
    <mem type="soa" free="67661784" total="110492672" percent="61" />
    <mem type="loa" free="1115136" total="1115136" percent="100" />
  </mem>
  <pending-finalizers system="0" default="0" reference="1383" classloader="0" />
</mem-info>
<gc-op id="6739" type="compact" timems="68.971" contextid="6733" timestamp="2019-08-08T07:22:50.763">
  <compact-info movecount="430498" movebytes="18310944" reason="compact to aid heap contraction" />
</gc-op>
<heap-resize id="6740" type="expand" space="tenure" amount="327680" count="1" timems="0.023" reason="satisfy allocation request" timestamp="2019-08-08T07:22:50.763" />
<gc-end id="6741" type="global" contextid="6733" durationms="84.159" usertimems="219.621" systemtimems="0.000" timestamp="2019-08-08T07:22:50.763" activeThreads="16">
  <mem-info id="6742" free="74655752" total="111935488" percent="66">
    <mem type="tenure" free="74655752" total="111935488" percent="66">
      <mem type="soa" free="73536520" total="110816256" percent="66" />
      <mem type="loa" free="1119232" total="1119232" percent="100" />
    </mem>
    <pending-finalizers system="0" default="0" reference="1383" classloader="0" />
  </mem-info>
</gc-end>
<cycle-end id="6743" type="global" contextid="6733" timestamp="2019-08-08T07:22:50.763" />
  <attribute name="elasticGC enabled" value="1" />
  <attribute name= "numThreadsSpecified" value="16" />
  <attribute name="heapSize specified" value="111607808" />
  <attribute name="Current GC Util" value="180" />
  <attribute name= "Current Time Running" value="138373" />
  <attribute name ="GC Interval" value="0" />
  <attribute name="Target GC Util Change" value ="80.000000" />
  <attribute name="Current GC Util Change" value="180.000000"/>
  <attribute name="Current Error" value="-100.000000" />
  <attribute name="Output H" value="111910064"/>
  <attribute name="Output I" value="1496"/>
  <attribute name="Output T" value="16"/>
  <attribute name= "Current Time Running" value="138373" />
  <attribute name="GC Util currently" value="180" />
  <attribute name="CPU Util currently" value="16706156032" />
<allocation-satisfied id="6744" threadId="0000000000C8C700" bytesRequested="48" />
<af-end id="6745" timestamp="2019-08-08T07:22:50.763" threadId="0000000000C8D088" success="true" />
<exclusive-end id="6746" timestamp="2019-08-08T07:22:50.763" durationms="84.597" />

<concurrent-kickoff id="6747" timestamp="2019-08-08T07:22:51.027">
  <kickoff reason="threshold reached" targetBytes="9314402" thresholdFreeBytes="1269367" remainingFree="1262440" tenureFreeBytes="1262440" />
</concurrent-kickoff>
<exclusive-start id="6748" timestamp="2019-08-08T07:22:51.027" intervalms="348.103">
  <response-info timems="0.014" idlems="0.014" threads="0" lastid="0000000000CC4900" lastname="PmdThread 14" />
</exclusive-start>
<cycle-start id="6749" type="global" contextid="0" timestamp="2019-08-08T07:22:51.027" intervalms="348.010" />
<exclusive-end id="6750" timestamp="2019-08-08T07:22:51.027" durationms="0.021" />

<exclusive-start id="6751" timestamp="2019-08-08T07:22:51.027" intervalms="0.435">
  <response-info timems="0.007" idlems="0.007" threads="0" lastid="0000000000CC4900" lastname="PmdThread 14" />
</exclusive-start>
<af-start id="6752" threadId="0000000000CC5288" totalBytesRequested="24" timestamp="2019-08-08T07:22:51.027" intervalms="348.516" />
<concurrent-aborted id="6753" timestamp="2019-08-08T07:22:51.027">
  <reason value="insufficient progress made" />
</concurrent-aborted>
<cycle-end id="6754" type="global" contextid="6749" timestamp="2019-08-08T07:22:51.027" />
  <attribute name="elasticGC enabled" value="1" />
  <attribute name= "numThreadsSpecified" value="16" />
  <attribute name="heapSize specified" value="111607808" />
  <attribute name="Current GC Util" value="180" />
  <attribute name= "Current Time Running" value="138373" />
  <attribute name ="GC Interval" value="0" />
  <attribute name="Target GC Util Change" value ="80.000000" />
  <attribute name="Current GC Util Change" value="180.000000"/>
  <attribute name="Current Error" value="-100.000000" />
  <attribute name="Output H" value="111910064"/>
  <attribute name="Output I" value="1496"/>
  <attribute name="Output T" value="16"/>
  <attribute name= "Current Time Running" value="138373" />
  <attribute name="GC Util currently" value="180" />
  <attribute name="CPU Util currently" value="16706156032" />
<cycle-start id="6755" type="global" contextid="0" timestamp="2019-08-08T07:22:51.027" intervalms="0.483" />
<gc-start id="6756" type="global" contextid="6755" timestamp="2019-08-08T07:22:51.027">
  <mem-info id="6757" free="1119232" total="111935488" percent="0">
    <mem type="tenure" free="1119232" total="111935488" percent="0">
      <mem type="soa" free="0" total="110816256" percent="0" />
      <mem type="loa" free="1119232" total="1119232" percent="100" />
    </mem>
  </mem-info>
</gc-start>
<allocation-stats totalBytes="73541000" >
  <allocated-bytes non-tlh="7384" tlh="73533616" />
  <largest-consumer threadName="PmdThread 14" threadId="0000000000CC4900" bytes="55811488" />
</allocation-stats>
<gc-op id="6758" type="mark" timems="12.972" contextid="6755" timestamp="2019-08-08T07:22:51.040">
  <trace-info objectcount="1004624" scancount="897658" scanbytes="25735032" />
  <finalization candidates="83" enqueued="0" />
  <ownableSynchronizers candidates="40" cleared="15" />
  <references type="soft" candidates="2002" cleared="0" enqueued="0" dynamicThreshold="21" maxThreshold="32" />
  <references type="weak" candidates="7546" cleared="1635" enqueued="1635" />
  <references type="phantom" candidates="283" cleared="14" enqueued="14" />
  <stringconstants candidates="15624" cleared="0"  />
</gc-op>
<gc-op id="6759" type="sweep" timems="4.314" contextid="6755" timestamp="2019-08-08T07:22:51.045" />
<mem-info id="6760" free="76685968" total="111935488" percent="68">
  <mem type="tenure" free="76685968" total="111935488" percent="68" micro-fragmented="347161">
    <mem type="soa" free="75566736" total="110816256" percent="68" />
    <mem type="loa" free="1119232" total="1119232" percent="100" />
  </mem>
  <pending-finalizers system="0" default="0" reference="1649" classloader="0" />
</mem-info>
<gc-op id="6761" type="compact" timems="67.146" contextid="6755" timestamp="2019-08-08T07:22:51.112">
  <compact-info movecount="371901" movebytes="14906680" reason="compact to aid heap contraction" />
</gc-op>
<heap-resize id="6762" type="expand" space="tenure" amount="327680" count="1" timems="0.024" reason="satisfy allocation request" timestamp="2019-08-08T07:22:51.113" />
<gc-end id="6763" type="global" contextid="6755" durationms="85.605" usertimems="230.176" systemtimems="0.000" timestamp="2019-08-08T07:22:51.113" activeThreads="16">
  <mem-info id="6764" free="77627192" total="112263168" percent="69">
    <mem type="tenure" free="77627192" total="112263168" percent="69">
      <mem type="soa" free="76504888" total="111140864" percent="68" />
      <mem type="loa" free="1122304" total="1122304" percent="100" />
    </mem>
    <pending-finalizers system="0" default="0" reference="1649" classloader="0" />
  </mem-info>
</gc-end>
<cycle-end id="6765" type="global" contextid="6755" timestamp="2019-08-08T07:22:51.114" />
  <attribute name="elasticGC enabled" value="1" />
  <attribute name= "numThreadsSpecified" value="16" />
  <attribute name="heapSize specified" value="111935488" />
  <attribute name="Current GC Util" value="124" />
  <attribute name= "Current Time Running" value="138723" />
  <attribute name ="GC Interval" value="0" />
  <attribute name="Target GC Util Change" value ="80.000000" />
  <attribute name="Current GC Util Change" value="124.000000"/>
  <attribute name="Current Error" value="-610.000000" />
  <attribute name="Output H" value="112235384"/>
  <attribute name="Output I" value="200"/>
  <attribute name="Output T" value="16"/>
  <attribute name= "Current Time Running" value="138723" />
  <attribute name="GC Util currently" value="124" />
  <attribute name="CPU Util currently" value="17159863033" />
<allocation-satisfied id="6766" threadId="0000000000CC4900" bytesRequested="24" />
<af-end id="6767" timestamp="2019-08-08T07:22:51.114" threadId="0000000000CC5288" success="true" />
<exclusive-end id="6768" timestamp="2019-08-08T07:22:51.114" durationms="86.396" />

===== DaCapo 9.12-MR1 pmd PASSED in 2932 msec =====
Using scaled threading model. 16 processors detected, 16 threads used to drive the workload, in a possible range of [1,512]
<exclusive-start id="6769" timestamp="2019-08-08T07:22:51.382" intervalms="354.906">
  <response-info timems="0.021" idlems="0.021" threads="0" lastid="0000000000996F00" lastname="main" />
</exclusive-start>
<sys-start reason="explicit" id="6770" timestamp="2019-08-08T07:22:51.382" intervalms="3112.996" />
<cycle-start id="6771" type="global" contextid="0" timestamp="2019-08-08T07:22:51.382" intervalms="354.915" />
<gc-start id="6772" type="global" contextid="6771" timestamp="2019-08-08T07:22:51.382">
  <mem-info id="6773" free="57852400" total="112263168" percent="51">
    <mem type="tenure" free="57852400" total="112263168" percent="51">
      <mem type="soa" free="56730096" total="111140864" percent="51" />
      <mem type="loa" free="1122304" total="1122304" percent="100" />
    </mem>
  </mem-info>
</gc-start>
<allocation-stats totalBytes="19835032" >
  <allocated-bytes non-tlh="2915656" tlh="16919376" />
  <largest-consumer threadName="main" threadId="0000000000996F00" bytes="9645168" />
</allocation-stats>
<gc-op id="6774" type="mark" timems="15.436" contextid="6771" timestamp="2019-08-08T07:22:51.398">
  <trace-info objectcount="605177" scancount="524213" scanbytes="13524156" />
  <finalization candidates="151" enqueued="1" />
  <ownableSynchronizers candidates="27" cleared="4" />
  <references type="soft" candidates="1902" cleared="0" enqueued="0" dynamicThreshold="22" maxThreshold="32" />
  <references type="weak" candidates="6117" cleared="36" enqueued="33" />
  <references type="phantom" candidates="282" cleared="14" enqueued="14" />
  <stringconstants candidates="15821" cleared="1769"  />
</gc-op>
<gc-op id="6775" type="classunload" timems="15.241" contextid="6771" timestamp="2019-08-08T07:22:51.413">
  <classunload-info classloadercandidates="58" classloadersunloaded="4" classesunloaded="1006" anonymousclassesunloaded="0" quiescems="0.000" setupms="5.671" scanms="9.564" postms="0.006" />
</gc-op>
<gc-op id="6776" type="sweep" timems="6.294" contextid="6771" timestamp="2019-08-08T07:22:51.420" />
<mem-info id="6777" free="91284160" total="112263168" percent="81">
  <mem type="tenure" free="91284160" total="112263168" percent="81" micro-fragmented="149854">
    <mem type="soa" free="90161856" total="111140864" percent="81" />
    <mem type="loa" free="1122304" total="1122304" percent="100" />
  </mem>
  <pending-finalizers system="1" default="0" reference="47" classloader="0" />
</mem-info>
<gc-op id="6778" type="compact" timems="144.156" contextid="6771" timestamp="2019-08-08T07:22:51.564">
  <compact-info movecount="601697" movebytes="20606264" reason="compact to aid heap contraction" />
</gc-op>
<heap-resize id="6779" type="expand" space="tenure" amount="327680" count="1" timems="0.021" reason="satisfy allocation request" timestamp="2019-08-08T07:22:51.565" />
<gc-end id="6780" type="global" contextid="6771" durationms="182.260" usertimems="250.250" systemtimems="0.000" timestamp="2019-08-08T07:22:51.565" activeThreads="16">
  <mem-info id="6781" free="91808368" total="112590848" percent="81">
    <mem type="tenure" free="91808368" total="112590848" percent="81">
      <mem type="soa" free="90682992" total="111465472" percent="81" />
      <mem type="loa" free="1125376" total="1125376" percent="100" />
    </mem>
    <pending-finalizers system="1" default="0" reference="47" classloader="0" />
  </mem-info>
</gc-end>
<cycle-end id="6782" type="global" contextid="6771" timestamp="2019-08-08T07:22:51.566" />
  <attribute name="elasticGC enabled" value="1" />
  <attribute name= "numThreadsSpecified" value="16" />
  <attribute name="heapSize specified" value="112263168" />
  <attribute name="Current GC Util" value="13" />
  <attribute name= "Current Time Running" value="139174" />
  <attribute name ="GC Interval" value="0" />
  <attribute name="Target GC Util Change" value ="80.000000" />
  <attribute name="Current GC Util Change" value="13.000000"/>
  <attribute name="Current Error" value="29.000000" />
  <attribute name="Output H" value="112566016"/>
  <attribute name="Output I" value="2160"/>
  <attribute name="Output T" value="16"/>
  <attribute name= "Current Time Running" value="139174" />
  <attribute name="GC Util currently" value="13" />
  <attribute name="CPU Util currently" value="7996264565" />
<sys-end id="6783" timestamp="2019-08-08T07:22:51.566" />
<exclusive-end id="6784" timestamp="2019-08-08T07:22:51.566" durationms="184.119" />

===== DaCapo 9.12-MR1 sunflow starting =====
<concurrent-kickoff id="6785" timestamp="2019-08-08T07:22:51.959">
  <kickoff reason="threshold reached" targetBytes="9368936" thresholdFreeBytes="1276799" remainingFree="1253456" tenureFreeBytes="1253456" />
</concurrent-kickoff>
<exclusive-start id="6786" timestamp="2019-08-08T07:22:51.960" intervalms="577.406">
  <response-info timems="0.227" idlems="0.227" threads="0" lastid="0000000000CAA600" lastname="Thread-26" />
</exclusive-start>
<af-start id="6787" threadId="0000000000CAAF88" totalBytesRequested="40" timestamp="2019-08-08T07:22:51.960" intervalms="932.336" />
<concurrent-aborted id="6788" timestamp="2019-08-08T07:22:51.960">
  <reason value="insufficient progress made" />
</concurrent-aborted>
<cycle-end id="6789" type="global" contextid="0" timestamp="2019-08-08T07:22:51.960" />
  <attribute name="elasticGC enabled" value="1" />
  <attribute name= "numThreadsSpecified" value="16" />
  <attribute name="heapSize specified" value="112263168" />
  <attribute name="Current GC Util" value="13" />
  <attribute name= "Current Time Running" value="139174" />
  <attribute name ="GC Interval" value="0" />
  <attribute name="Target GC Util Change" value ="80.000000" />
  <attribute name="Current GC Util Change" value="13.000000"/>
  <attribute name="Current Error" value="29.000000" />
  <attribute name="Output H" value="112566016"/>
  <attribute name="Output I" value="2160"/>
  <attribute name="Output T" value="16"/>
  <attribute name= "Current Time Running" value="139174" />
  <attribute name="GC Util currently" value="13" />
  <attribute name="CPU Util currently" value="7996264565" />
<cycle-start id="6790" type="global" contextid="0" timestamp="2019-08-08T07:22:51.960" intervalms="577.517" />
<gc-start id="6791" type="global" contextid="6790" timestamp="2019-08-08T07:22:51.960">
  <mem-info id="6792" free="1125376" total="112590848" percent="0">
    <mem type="tenure" free="1125376" total="112590848" percent="0">
      <mem type="soa" free="0" total="111465472" percent="0" />
      <mem type="loa" free="1125376" total="1125376" percent="100" />
    </mem>
  </mem-info>
</gc-start>
<allocation-stats totalBytes="90589712" >
  <allocated-bytes non-tlh="3339192" tlh="87250520" />
  <largest-consumer threadName="Thread-29" threadId="0000000000CBD200" bytes="9224784" />
</allocation-stats>
<gc-op id="6793" type="mark" timems="9.516" contextid="6790" timestamp="2019-08-08T07:22:51.969">
  <trace-info objectcount="722749" scancount="639758" scanbytes="18650244" />
  <finalization candidates="150" enqueued="0" />
  <ownableSynchronizers candidates="23" cleared="0" />
  <references type="soft" candidates="1917" cleared="0" enqueued="0" dynamicThreshold="26" maxThreshold="32" />
  <references type="weak" candidates="6119" cleared="25" enqueued="25" />
  <references type="phantom" candidates="250" cleared="0" enqueued="0" />
  <stringconstants candidates="14609" cleared="1"  />
</gc-op>
<gc-op id="6794" type="sweep" timems="2.654" contextid="6790" timestamp="2019-08-08T07:22:51.972" />
<mem-info id="6795" free="84147328" total="112590848" percent="74">
  <mem type="tenure" free="84147328" total="112590848" percent="74" micro-fragmented="1063940">
    <mem type="soa" free="83021952" total="111465472" percent="74" />
    <mem type="loa" free="1125376" total="1125376" percent="100" />
  </mem>
  <pending-finalizers system="0" default="0" reference="25" classloader="0" />
</mem-info>
<gc-op id="6796" type="compact" timems="163.414" contextid="6790" timestamp="2019-08-08T07:22:52.136">
  <compact-info movecount="715090" movebytes="26844480" reason="compact to aid heap contraction" />
</gc-op>
<heap-resize id="6797" type="expand" space="tenure" amount="327680" count="1" timems="0.025" reason="satisfy allocation request" timestamp="2019-08-08T07:22:52.137" />
<gc-end id="6798" type="global" contextid="6790" durationms="176.814" usertimems="246.335" systemtimems="0.000" timestamp="2019-08-08T07:22:52.137" activeThreads="16">
  <mem-info id="6799" free="85671856" total="112918528" percent="75">
    <mem type="tenure" free="85671856" total="112918528" percent="75">
      <mem type="soa" free="84543408" total="111790080" percent="75" />
      <mem type="loa" free="1128448" total="1128448" percent="100" />
    </mem>
    <pending-finalizers system="0" default="0" reference="25" classloader="0" />
  </mem-info>
</gc-end>
<cycle-end id="6800" type="global" contextid="6790" timestamp="2019-08-08T07:22:52.137" />
  <attribute name="elasticGC enabled" value="1" />
  <attribute name= "numThreadsSpecified" value="16" />
  <attribute name="heapSize specified" value="112590848" />
  <attribute name="Current GC Util" value="14" />
  <attribute name= "Current Time Running" value="139746" />
  <attribute name ="GC Interval" value="0" />
  <attribute name="Target GC Util Change" value ="80.000000" />
  <attribute name="Current GC Util Change" value="14.000000"/>
  <attribute name="Current Error" value="-416.000000" />
  <attribute name="Output H" value="112891640"/>
  <attribute name="Output I" value="200"/>
  <attribute name="Output T" value="16"/>
  <attribute name= "Current Time Running" value="139746" />
  <attribute name="GC Util currently" value="14" />
  <attribute name="CPU Util currently" value="7053447875" />
<allocation-satisfied id="6801" threadId="0000000000CAA600" bytesRequested="40" />
<af-end id="6802" timestamp="2019-08-08T07:22:52.137" threadId="0000000000CAAF88" success="true" />
<exclusive-end id="6803" timestamp="2019-08-08T07:22:52.137" durationms="177.302" />

<concurrent-kickoff id="6804" timestamp="2019-08-08T07:22:52.245">
  <kickoff reason="threshold reached" targetBytes="9396202" thresholdFreeBytes="1280515" remainingFree="1231032" tenureFreeBytes="1231032" />
</concurrent-kickoff>
<exclusive-start id="6805" timestamp="2019-08-08T07:22:52.248" intervalms="287.844">
  <response-info timems="2.175" idlems="1.118" threads="1" lastid="0000000000CCC100" lastname="Thread-25" />
</exclusive-start>
<cycle-start id="6806" type="global" contextid="0" timestamp="2019-08-08T07:22:52.248" intervalms="287.679" />
<exclusive-end id="6807" timestamp="2019-08-08T07:22:52.248" durationms="0.045" />

<exclusive-start id="6808" timestamp="2019-08-08T07:22:52.249" intervalms="1.464">
  <response-info timems="1.302" idlems="1.302" threads="0" lastid="0000000000CB5A00" lastname="Thread-33" />
</exclusive-start>
<af-start id="6809" threadId="0000000000CB6388" totalBytesRequested="24" timestamp="2019-08-08T07:22:52.249" intervalms="289.742" />
<concurrent-aborted id="6810" timestamp="2019-08-08T07:22:52.250">
  <reason value="insufficient progress made" />
</concurrent-aborted>
<cycle-end id="6811" type="global" contextid="6806" timestamp="2019-08-08T07:22:52.250" />
  <attribute name="elasticGC enabled" value="1" />
  <attribute name= "numThreadsSpecified" value="16" />
  <attribute name="heapSize specified" value="112590848" />
  <attribute name="Current GC Util" value="14" />
  <attribute name= "Current Time Running" value="139746" />
  <attribute name ="GC Interval" value="0" />
  <attribute name="Target GC Util Change" value ="80.000000" />
  <attribute name="Current GC Util Change" value="14.000000"/>
  <attribute name="Current Error" value="-416.000000" />
  <attribute name="Output H" value="112891640"/>
  <attribute name="Output I" value="200"/>
  <attribute name="Output T" value="16"/>
  <attribute name= "Current Time Running" value="139746" />
  <attribute name="GC Util currently" value="14" />
  <attribute name="CPU Util currently" value="7053447875" />
<cycle-start id="6812" type="global" contextid="0" timestamp="2019-08-08T07:22:52.250" intervalms="1.983" />
<gc-start id="6813" type="global" contextid="6812" timestamp="2019-08-08T07:22:52.250">
  <mem-info id="6814" free="1128448" total="112918528" percent="0">
    <mem type="tenure" free="1128448" total="112918528" percent="0">
      <mem type="soa" free="0" total="111790080" percent="0" />
      <mem type="loa" free="1128448" total="1128448" percent="100" />
    </mem>
  </mem-info>
</gc-start>
<allocation-stats totalBytes="84598568" >
  <allocated-bytes non-tlh="168" tlh="84598400" />
  <largest-consumer threadName="Thread-29" threadId="0000000000CBD200" bytes="7961720" />
</allocation-stats>
<gc-op id="6815" type="mark" timems="10.093" contextid="6812" timestamp="2019-08-08T07:22:52.260">
  <trace-info objectcount="740418" scancount="657422" scanbytes="19075004" />
  <finalization candidates="150" enqueued="0" />
  <ownableSynchronizers candidates="23" cleared="0" />
  <references type="soft" candidates="1917" cleared="0" enqueued="0" dynamicThreshold="24" maxThreshold="32" />
  <references type="weak" candidates="6094" cleared="0" enqueued="0" />
  <references type="phantom" candidates="250" cleared="0" enqueued="0" />
  <stringconstants candidates="14609" cleared="0"  />
</gc-op>
<gc-op id="6816" type="sweep" timems="3.290" contextid="6812" timestamp="2019-08-08T07:22:52.263" />
<mem-info id="6817" free="84698072" total="112918528" percent="75">
  <mem type="tenure" free="84698072" total="112918528" percent="75" micro-fragmented="374058">
    <mem type="soa" free="83569624" total="111790080" percent="74" />
    <mem type="loa" free="1128448" total="1128448" percent="100" />
  </mem>
</mem-info>
<gc-op id="6818" type="compact" timems="42.664" contextid="6812" timestamp="2019-08-08T07:22:52.306">
  <compact-info movecount="135238" movebytes="7072976" reason="compact to aid heap contraction" />
</gc-op>
<heap-resize id="6819" type="expand" space="tenure" amount="327680" count="1" timems="0.021" reason="satisfy allocation request" timestamp="2019-08-08T07:22:52.307" />
<gc-end id="6820" type="global" contextid="6812" durationms="57.004" usertimems="126.274" systemtimems="0.000" timestamp="2019-08-08T07:22:52.307" activeThreads="16">
  <mem-info id="6821" free="85555424" total="113246208" percent="75">
    <mem type="tenure" free="85555424" total="113246208" percent="75">
      <mem type="soa" free="84423904" total="112114688" percent="75" />
      <mem type="loa" free="1131520" total="1131520" percent="100" />
    </mem>
  </mem-info>
</gc-end>
<cycle-end id="6822" type="global" contextid="6812" timestamp="2019-08-08T07:22:52.307" />
  <attribute name="elasticGC enabled" value="1" />
  <attribute name= "numThreadsSpecified" value="16" />
  <attribute name="heapSize specified" value="112918528" />
  <attribute name="Current GC Util" value="60" />
  <attribute name= "Current Time Running" value="139916" />
  <attribute name ="GC Interval" value="0" />
  <attribute name="Target GC Util Change" value ="80.000000" />
  <attribute name="Current GC Util Change" value="60.000000"/>
  <attribute name="Current Error" value="-209.000000" />
  <attribute name="Output H" value="113220280"/>
  <attribute name="Output I" value="928"/>
  <attribute name="Output T" value="16"/>
  <attribute name= "Current Time Running" value="139916" />
  <attribute name="GC Util currently" value="60" />
  <attribute name="CPU Util currently" value="26954445674" />
<allocation-satisfied id="6823" threadId="0000000000CB5A00" bytesRequested="24" />
<af-end id="6824" timestamp="2019-08-08T07:22:52.307" threadId="0000000000CB6388" success="true" />
<exclusive-end id="6825" timestamp="2019-08-08T07:22:52.307" durationms="57.716" />

<concurrent-kickoff id="6826" timestamp="2019-08-08T07:22:52.411">
  <kickoff reason="threshold reached" targetBytes="9423470" thresholdFreeBytes="1284231" remainingFree="1264664" tenureFreeBytes="1264664" />
</concurrent-kickoff>
<exclusive-start id="6827" timestamp="2019-08-08T07:22:52.411" intervalms="162.478">
  <response-info timems="0.451" idlems="0.153" threads="7" lastid="0000000000C9F200" lastname="Thread-31" />
</exclusive-start>
<cycle-start id="6828" type="global" contextid="0" timestamp="2019-08-08T07:22:52.411" intervalms="161.958" />
<exclusive-end id="6829" timestamp="2019-08-08T07:22:52.412" durationms="0.026" />

<exclusive-start id="6830" timestamp="2019-08-08T07:22:52.412" intervalms="1.017">
  <response-info timems="0.941" idlems="0.941" threads="0" lastid="0000000000CC8500" lastname="Thread-30" />
</exclusive-start>
<af-start id="6831" threadId="0000000000CC8E88" totalBytesRequested="40" timestamp="2019-08-08T07:22:52.413" intervalms="163.053" />
<concurrent-aborted id="6832" timestamp="2019-08-08T07:22:52.413">
  <reason value="insufficient progress made" />
</concurrent-aborted>
<cycle-end id="6833" type="global" contextid="6828" timestamp="2019-08-08T07:22:52.413" />
  <attribute name="elasticGC enabled" value="1" />
  <attribute name= "numThreadsSpecified" value="16" />
  <attribute name="heapSize specified" value="112918528" />
  <attribute name="Current GC Util" value="60" />
  <attribute name= "Current Time Running" value="139916" />
  <attribute name ="GC Interval" value="0" />
  <attribute name="Target GC Util Change" value ="80.000000" />
  <attribute name="Current GC Util Change" value="60.000000"/>
  <attribute name="Current Error" value="-209.000000" />
  <attribute name="Output H" value="113220280"/>
  <attribute name="Output I" value="928"/>
  <attribute name="Output T" value="16"/>
  <attribute name= "Current Time Running" value="139916" />
  <attribute name="GC Util currently" value="60" />
  <attribute name="CPU Util currently" value="26954445674" />
<cycle-start id="6834" type="global" contextid="0" timestamp="2019-08-08T07:22:52.413" intervalms="1.100" />
<gc-start id="6835" type="global" contextid="6834" timestamp="2019-08-08T07:22:52.413">
  <mem-info id="6836" free="1131520" total="113246208" percent="0">
    <mem type="tenure" free="1131520" total="113246208" percent="0">
      <mem type="soa" free="0" total="112114688" percent="0" />
      <mem type="loa" free="1131520" total="1131520" percent="100" />
    </mem>
  </mem-info>
</gc-start>
<allocation-stats totalBytes="84479024" >
  <allocated-bytes non-tlh="0" tlh="84479024" />
  <largest-consumer threadName="Thread-27" threadId="0000000000CC4900" bytes="10189560" />
</allocation-stats>
<gc-op id="6837" type="mark" timems="8.969" contextid="6834" timestamp="2019-08-08T07:22:52.422">
  <trace-info objectcount="728518" scancount="645518" scanbytes="18789484" />
  <finalization candidates="150" enqueued="0" />
  <ownableSynchronizers candidates="23" cleared="0" />
  <references type="soft" candidates="1917" cleared="0" enqueued="0" dynamicThreshold="24" maxThreshold="32" />
  <references type="weak" candidates="6094" cleared="0" enqueued="0" />
  <references type="phantom" candidates="250" cleared="0" enqueued="0" />
  <stringconstants candidates="14609" cleared="0"  />
</gc-op>
<gc-op id="6838" type="sweep" timems="1.996" contextid="6834" timestamp="2019-08-08T07:22:52.424" />
<mem-info id="6839" free="85440272" total="113246208" percent="75">
  <mem type="tenure" free="85440272" total="113246208" percent="75" micro-fragmented="215486">
    <mem type="soa" free="84308752" total="112114688" percent="75" />
    <mem type="loa" free="1131520" total="1131520" percent="100" />
  </mem>
</mem-info>
<gc-op id="6840" type="compact" timems="34.096" contextid="6834" timestamp="2019-08-08T07:22:52.458">
  <compact-info movecount="109081" movebytes="5435840" reason="compact to aid heap contraction" />
</gc-op>
<heap-resize id="6841" type="expand" space="tenure" amount="327680" count="1" timems="0.024" reason="satisfy allocation request" timestamp="2019-08-08T07:22:52.458" />
<gc-end id="6842" type="global" contextid="6834" durationms="45.793" usertimems="106.094" systemtimems="0.000" timestamp="2019-08-08T07:22:52.458" activeThreads="16">
  <mem-info id="6843" free="86168624" total="113573888" percent="75">
    <mem type="tenure" free="86168624" total="113573888" percent="75">
      <mem type="soa" free="85033008" total="112438272" percent="75" />
      <mem type="loa" free="1135616" total="1135616" percent="100" />
    </mem>
  </mem-info>
</gc-end>
<cycle-end id="6844" type="global" contextid="6834" timestamp="2019-08-08T07:22:52.459" />
  <attribute name="elasticGC enabled" value="1" />
  <attribute name= "numThreadsSpecified" value="16" />
  <attribute name="heapSize specified" value="113246208" />
  <attribute name="Current GC Util" value="55" />
  <attribute name= "Current Time Running" value="140068" />
  <attribute name ="GC Interval" value="0" />
  <attribute name="Target GC Util Change" value ="80.000000" />
  <attribute name="Current GC Util Change" value="55.000000"/>
  <attribute name="Current Error" value="23.000000" />
  <attribute name="Output H" value="113549032"/>
  <attribute name="Output I" value="2128"/>
  <attribute name="Output T" value="16"/>
  <attribute name= "Current Time Running" value="140068" />
  <attribute name="GC Util currently" value="55" />
  <attribute name="CPU Util currently" value="33783393957" />
<allocation-satisfied id="6845" threadId="0000000000CC8500" bytesRequested="40" />
<af-end id="6846" timestamp="2019-08-08T07:22:52.459" threadId="0000000000CC8E88" success="true" />
<exclusive-end id="6847" timestamp="2019-08-08T07:22:52.459" durationms="46.767" />

<concurrent-kickoff id="6848" timestamp="2019-08-08T07:22:52.538">
  <kickoff reason="threshold reached" targetBytes="9450736" thresholdFreeBytes="1287947" remainingFree="1178968" tenureFreeBytes="1135616" />
</concurrent-kickoff>
<exclusive-start id="6849" timestamp="2019-08-08T07:22:52.540" intervalms="127.698">
  <response-info timems="1.958" idlems="1.958" threads="0" lastid="0000000000CDB100" lastname="Thread-36" />
</exclusive-start>
<cycle-start id="6850" type="global" contextid="0" timestamp="2019-08-08T07:22:52.540" intervalms="127.620" />
<exclusive-end id="6851" timestamp="2019-08-08T07:22:52.540" durationms="0.033" />

<exclusive-start id="6852" timestamp="2019-08-08T07:22:52.541" intervalms="0.786">
  <response-info timems="0.582" idlems="0.582" threads="0" lastid="0000000000C90300" lastname="Thread-24" />
</exclusive-start>
<af-start id="6853" threadId="0000000000C90C88" totalBytesRequested="40" timestamp="2019-08-08T07:22:52.541" intervalms="128.496" />
<concurrent-aborted id="6854" timestamp="2019-08-08T07:22:52.541">
  <reason value="insufficient progress made" />
</concurrent-aborted>
<cycle-end id="6855" type="global" contextid="6850" timestamp="2019-08-08T07:22:52.541" />
  <attribute name="elasticGC enabled" value="1" />
  <attribute name= "numThreadsSpecified" value="16" />
  <attribute name="heapSize specified" value="113246208" />
  <attribute name="Current GC Util" value="55" />
  <attribute name= "Current Time Running" value="140068" />
  <attribute name ="GC Interval" value="0" />
  <attribute name="Target GC Util Change" value ="80.000000" />
  <attribute name="Current GC Util Change" value="55.000000"/>
  <attribute name="Current Error" value="23.000000" />
  <attribute name="Output H" value="113549032"/>
  <attribute name="Output I" value="2128"/>
  <attribute name="Output T" value="16"/>
  <attribute name= "Current Time Running" value="140068" />
  <attribute name="GC Util currently" value="55" />
  <attribute name="CPU Util currently" value="33783393957" />
<cycle-start id="6856" type="global" contextid="0" timestamp="2019-08-08T07:22:52.541" intervalms="0.885" />
<gc-start id="6857" type="global" contextid="6856" timestamp="2019-08-08T07:22:52.541">
  <mem-info id="6858" free="1135616" total="113573888" percent="0">
    <mem type="tenure" free="1135616" total="113573888" percent="0">
      <mem type="soa" free="0" total="112438272" percent="0" />
      <mem type="loa" free="1135616" total="1135616" percent="100" />
    </mem>
  </mem-info>
</gc-start>
<allocation-stats totalBytes="85088256" >
  <allocated-bytes non-tlh="0" tlh="85088256" />
  <largest-consumer threadName="Thread-33" threadId="0000000000CB5A00" bytes="7437504" />
</allocation-stats>
<gc-op id="6859" type="mark" timems="14.431" contextid="6856" timestamp="2019-08-08T07:22:52.556">
  <trace-info objectcount="730383" scancount="647385" scanbytes="18835140" />
  <finalization candidates="150" enqueued="0" />
  <ownableSynchronizers candidates="23" cleared="0" />
  <references type="soft" candidates="1917" cleared="0" enqueued="0" dynamicThreshold="24" maxThreshold="32" />
  <references type="weak" candidates="6094" cleared="0" enqueued="0" />
  <references type="phantom" candidates="250" cleared="0" enqueued="0" />
  <stringconstants candidates="14609" cleared="0"  />
</gc-op>
<gc-op id="6860" type="sweep" timems="2.318" contextid="6856" timestamp="2019-08-08T07:22:52.558" />
<mem-info id="6861" free="85758448" total="113573888" percent="75">
  <mem type="tenure" free="85758448" total="113573888" percent="75" micro-fragmented="188003">
    <mem type="soa" free="84622832" total="112438272" percent="75" />
    <mem type="loa" free="1135616" total="1135616" percent="100" />
  </mem>
</mem-info>
<gc-op id="6862" type="compact" timems="30.301" contextid="6856" timestamp="2019-08-08T07:22:52.588">
  <compact-info movecount="111922" movebytes="5732304" reason="compact to aid heap contraction" />
</gc-op>
<heap-resize id="6863" type="expand" space="tenure" amount="327680" count="1" timems="0.021" reason="satisfy allocation request" timestamp="2019-08-08T07:22:52.589" />
<gc-end id="6864" type="global" contextid="6856" durationms="48.094" usertimems="126.909" systemtimems="0.000" timestamp="2019-08-08T07:22:52.589" activeThreads="16">
  <mem-info id="6865" free="86450648" total="113901568" percent="75">
    <mem type="tenure" free="86450648" total="113901568" percent="75">
      <mem type="soa" free="85311960" total="112762880" percent="75" />
      <mem type="loa" free="1138688" total="1138688" percent="100" />
    </mem>
  </mem-info>
</gc-end>
<cycle-end id="6866" type="global" contextid="6856" timestamp="2019-08-08T07:22:52.589" />
  <attribute name="elasticGC enabled" value="1" />
  <attribute name= "numThreadsSpecified" value="16" />
  <attribute name="heapSize specified" value="113573888" />
  <attribute name="Current GC Util" value="62" />
  <attribute name= "Current Time Running" value="140199" />
  <attribute name ="GC Interval" value="0" />
  <attribute name="Target GC Util Change" value ="80.000000" />
  <attribute name="Current GC Util Change" value="62.000000"/>
  <attribute name="Current Error" value="18.000000" />
  <attribute name="Output H" value="113876688"/>
  <attribute name="Output I" value="2104"/>
  <attribute name="Output T" value="16"/>
  <attribute name= "Current Time Running" value="140199" />
  <attribute name="GC Util currently" value="62" />
  <attribute name="CPU Util currently" value="38011022380" />
<allocation-satisfied id="6867" threadId="0000000000C90300" bytesRequested="40" />
<af-end id="6868" timestamp="2019-08-08T07:22:52.590" threadId="0000000000C90C88" success="true" />
<exclusive-end id="6869" timestamp="2019-08-08T07:22:52.590" durationms="48.599" />

<concurrent-kickoff id="6870" timestamp="2019-08-08T07:22:52.706">
  <kickoff reason="threshold reached" targetBytes="9478003" thresholdFreeBytes="1291664" remainingFree="1224272" tenureFreeBytes="1224272" />
</concurrent-kickoff>
<exclusive-start id="6871" timestamp="2019-08-08T07:22:52.713" intervalms="171.530">
  <response-info timems="6.554" idlems="6.554" threads="0" lastid="0000000000C9F200" lastname="Thread-31" />
</exclusive-start>
<cycle-start id="6872" type="global" contextid="0" timestamp="2019-08-08T07:22:52.713" intervalms="171.429" />
<exclusive-end id="6873" timestamp="2019-08-08T07:22:52.713" durationms="0.031" />

<exclusive-start id="6874" timestamp="2019-08-08T07:22:52.713" intervalms="0.944">
  <response-info timems="0.290" idlems="0.290" threads="0" lastid="0000000000C84F00" lastname="Thread-32" />
</exclusive-start>
<af-start id="6875" threadId="0000000000C85888" totalBytesRequested="40" timestamp="2019-08-08T07:22:52.714" intervalms="172.467" />
<concurrent-aborted id="6876" timestamp="2019-08-08T07:22:52.714">
  <reason value="insufficient progress made" />
</concurrent-aborted>
<cycle-end id="6877" type="global" contextid="6872" timestamp="2019-08-08T07:22:52.714" />
  <attribute name="elasticGC enabled" value="1" />
  <attribute name= "numThreadsSpecified" value="16" />
  <attribute name="heapSize specified" value="113573888" />
  <attribute name="Current GC Util" value="62" />
  <attribute name= "Current Time Running" value="140199" />
  <attribute name ="GC Interval" value="0" />
  <attribute name="Target GC Util Change" value ="80.000000" />
  <attribute name="Current GC Util Change" value="62.000000"/>
  <attribute name="Current Error" value="18.000000" />
  <attribute name="Output H" value="113876688"/>
  <attribute name="Output I" value="2104"/>
  <attribute name="Output T" value="16"/>
  <attribute name= "Current Time Running" value="140199" />
  <attribute name="GC Util currently" value="62" />
  <attribute name="CPU Util currently" value="38011022380" />
<cycle-start id="6878" type="global" contextid="0" timestamp="2019-08-08T07:22:52.714" intervalms="1.027" />
<gc-start id="6879" type="global" contextid="6878" timestamp="2019-08-08T07:22:52.714">
  <mem-info id="6880" free="1138688" total="113901568" percent="0">
    <mem type="tenure" free="1138688" total="113901568" percent="0">
      <mem type="soa" free="0" total="112762880" percent="0" />
      <mem type="loa" free="1138688" total="1138688" percent="100" />
    </mem>
  </mem-info>
</gc-start>
<allocation-stats totalBytes="85367224" >
  <allocated-bytes non-tlh="0" tlh="85367224" />
  <largest-consumer threadName="Thread-28" threadId="0000000000CA6A00" bytes="7830640" />
</allocation-stats>
<gc-op id="6881" type="mark" timems="10.625" contextid="6878" timestamp="2019-08-08T07:22:52.724">
  <trace-info objectcount="735159" scancount="652148" scanbytes="18949276" />
  <finalization candidates="150" enqueued="0" />
  <ownableSynchronizers candidates="23" cleared="0" />
  <references type="soft" candidates="1917" cleared="0" enqueued="0" dynamicThreshold="24" maxThreshold="32" />
  <references type="weak" candidates="6094" cleared="0" enqueued="0" />
  <references type="phantom" candidates="250" cleared="0" enqueued="0" />
  <stringconstants candidates="14609" cleared="0"  />
</gc-op>
<gc-op id="6882" type="sweep" timems="2.781" contextid="6878" timestamp="2019-08-08T07:22:52.727" />
<mem-info id="6883" free="86132336" total="113901568" percent="75">
  <mem type="tenure" free="86132336" total="113901568" percent="75" micro-fragmented="79893">
    <mem type="soa" free="84993648" total="112762880" percent="75" />
    <mem type="loa" free="1138688" total="1138688" percent="100" />
  </mem>
</mem-info>
<gc-op id="6884" type="compact" timems="30.805" contextid="6878" timestamp="2019-08-08T07:22:52.758">
  <compact-info movecount="116121" movebytes="5714904" reason="compact to aid heap contraction" />
</gc-op>
<heap-resize id="6885" type="expand" space="tenure" amount="327680" count="1" timems="0.023" reason="satisfy allocation request" timestamp="2019-08-08T07:22:52.759" />
<gc-end id="6886" type="global" contextid="6878" durationms="44.931" usertimems="135.089" systemtimems="0.000" timestamp="2019-08-08T07:22:52.759" activeThreads="16">
  <mem-info id="6887" free="86664192" total="114229248" percent="75">
    <mem type="tenure" free="86664192" total="114229248" percent="75">
      <mem type="soa" free="85522432" total="113087488" percent="75" />
      <mem type="loa" free="1141760" total="1141760" percent="100" />
    </mem>
  </mem-info>
</gc-end>
<cycle-end id="6888" type="global" contextid="6878" timestamp="2019-08-08T07:22:52.759" />
  <attribute name="elasticGC enabled" value="1" />
  <attribute name= "numThreadsSpecified" value="16" />
  <attribute name="heapSize specified" value="113901568" />
  <attribute name="Current GC Util" value="58" />
  <attribute name= "Current Time Running" value="140368" />
  <attribute name ="GC Interval" value="0" />
  <attribute name="Target GC Util Change" value ="80.000000" />
  <attribute name="Current GC Util Change" value="58.000000"/>
  <attribute name="Current Error" value="-571.000000" />
  <attribute name="Output H" value="114201648"/>
  <attribute name="Output I" value="200"/>
  <attribute name="Output T" value="16"/>
  <attribute name= "Current Time Running" value="140368" />
  <attribute name="GC Util currently" value="58" />
  <attribute name="CPU Util currently" value="37374011795" />
<allocation-satisfied id="6889" threadId="0000000000C84F00" bytesRequested="40" />
<af-end id="6890" timestamp="2019-08-08T07:22:52.759" threadId="0000000000C85888" success="true" />
<exclusive-end id="6891" timestamp="2019-08-08T07:22:52.759" durationms="45.335" />

<concurrent-kickoff id="6892" timestamp="2019-08-08T07:22:52.852">
  <kickoff reason="threshold reached" targetBytes="9505270" thresholdFreeBytes="1295379" remainingFree="1283584" tenureFreeBytes="1283584" />
</concurrent-kickoff>
<exclusive-start id="6893" timestamp="2019-08-08T07:22:52.854" intervalms="140.383">
  <response-info timems="0.469" idlems="0.221" threads="9" lastid="0000000000CDB100" lastname="Thread-36" />
</exclusive-start>
<cycle-start id="6894" type="global" contextid="0" timestamp="2019-08-08T07:22:52.854" intervalms="140.303" />
<exclusive-end id="6895" timestamp="2019-08-08T07:22:52.854" durationms="0.251" />

<exclusive-start id="6896" timestamp="2019-08-08T07:22:52.855" intervalms="0.743">
  <response-info timems="0.442" idlems="0.442" threads="0" lastid="0000000000CAA600" lastname="Thread-26" />
</exclusive-start>
<af-start id="6897" threadId="0000000000CAAF88" totalBytesRequested="40" timestamp="2019-08-08T07:22:52.855" intervalms="141.118" />
<concurrent-aborted id="6898" timestamp="2019-08-08T07:22:52.855">
  <reason value="insufficient progress made" />
</concurrent-aborted>
<cycle-end id="6899" type="global" contextid="6894" timestamp="2019-08-08T07:22:52.855" />
  <attribute name="elasticGC enabled" value="1" />
  <attribute name= "numThreadsSpecified" value="16" />
  <attribute name="heapSize specified" value="113901568" />
  <attribute name="Current GC Util" value="58" />
  <attribute name= "Current Time Running" value="140368" />
  <attribute name ="GC Interval" value="0" />
  <attribute name="Target GC Util Change" value ="80.000000" />
  <attribute name="Current GC Util Change" value="58.000000"/>
  <attribute name="Current Error" value="-571.000000" />
  <attribute name="Output H" value="114201648"/>
  <attribute name="Output I" value="200"/>
  <attribute name="Output T" value="16"/>
  <attribute name= "Current Time Running" value="140368" />
  <attribute name="GC Util currently" value="58" />
  <attribute name="CPU Util currently" value="37374011795" />
<cycle-start id="6900" type="global" contextid="0" timestamp="2019-08-08T07:22:52.855" intervalms="0.830" />
<gc-start id="6901" type="global" contextid="6900" timestamp="2019-08-08T07:22:52.855">
  <mem-info id="6902" free="1141760" total="114229248" percent="0">
    <mem type="tenure" free="1141760" total="114229248" percent="0">
      <mem type="soa" free="0" total="113087488" percent="0" />
      <mem type="loa" free="1141760" total="1141760" percent="100" />
    </mem>
  </mem-info>
</gc-start>
<allocation-stats totalBytes="85577496" >
  <allocated-bytes non-tlh="0" tlh="85577496" />
  <largest-consumer threadName="Thread-32" threadId="0000000000C84F00" bytes="8092840" />
</allocation-stats>
<gc-op id="6903" type="mark" timems="11.491" contextid="6900" timestamp="2019-08-08T07:22:52.866">
  <trace-info objectcount="741900" scancount="658908" scanbytes="19110732" />
  <finalization candidates="150" enqueued="0" />
  <ownableSynchronizers candidates="23" cleared="0" />
  <references type="soft" candidates="1917" cleared="0" enqueued="0" dynamicThreshold="24" maxThreshold="32" />
  <references type="weak" candidates="6094" cleared="0" enqueued="0" />
  <references type="phantom" candidates="250" cleared="0" enqueued="0" />
  <stringconstants candidates="14609" cleared="0"  />
</gc-op>
<gc-op id="6904" type="sweep" timems="2.441" contextid="6900" timestamp="2019-08-08T07:22:52.869" />
<mem-info id="6905" free="86295992" total="114229248" percent="75">
  <mem type="tenure" free="86295992" total="114229248" percent="75" micro-fragmented="131335">
    <mem type="soa" free="85154232" total="113087488" percent="75" />
    <mem type="loa" free="1141760" total="1141760" percent="100" />
  </mem>
</mem-info>
<gc-op id="6906" type="compact" timems="31.575" contextid="6900" timestamp="2019-08-08T07:22:52.900">
  <compact-info movecount="121229" movebytes="5342368" reason="compact to aid heap contraction" />
</gc-op>
<heap-resize id="6907" type="expand" space="tenure" amount="327680" count="1" timems="0.023" reason="satisfy allocation request" timestamp="2019-08-08T07:22:52.901" />
<gc-end id="6908" type="global" contextid="6900" durationms="46.469" usertimems="162.648" systemtimems="0.000" timestamp="2019-08-08T07:22:52.901" activeThreads="16">
  <mem-info id="6909" free="86830416" total="114556928" percent="75">
    <mem type="tenure" free="86830416" total="114556928" percent="75">
      <mem type="soa" free="85685584" total="113412096" percent="75" />
      <mem type="loa" free="1144832" total="1144832" percent="100" />
    </mem>
  </mem-info>
</gc-end>
<cycle-end id="6910" type="global" contextid="6900" timestamp="2019-08-08T07:22:52.901" />
  <attribute name="elasticGC enabled" value="1" />
  <attribute name= "numThreadsSpecified" value="16" />
  <attribute name="heapSize specified" value="114229248" />
  <attribute name="Current GC Util" value="74" />
  <attribute name= "Current Time Running" value="140511" />
  <attribute name ="GC Interval" value="0" />
  <attribute name="Target GC Util Change" value ="80.000000" />
  <attribute name="Current GC Util Change" value="74.000000"/>
  <attribute name="Current Error" value="-762.000000" />
  <attribute name="Output H" value="114528448"/>
  <attribute name="Output I" value="200"/>
  <attribute name="Output T" value="16"/>
  <attribute name= "Current Time Running" value="140511" />
  <attribute name="GC Util currently" value="74" />
  <attribute name="CPU Util currently" value="36481796140" />
<allocation-satisfied id="6911" threadId="0000000000CAA600" bytesRequested="40" />
<af-end id="6912" timestamp="2019-08-08T07:22:52.901" threadId="0000000000CAAF88" success="true" />
<exclusive-end id="6913" timestamp="2019-08-08T07:22:52.902" durationms="46.977" />

<concurrent-kickoff id="6914" timestamp="2019-08-08T07:22:53.078">
  <kickoff reason="threshold reached" targetBytes="9532538" thresholdFreeBytes="1299095" remainingFree="1298376" tenureFreeBytes="1298376" />
</concurrent-kickoff>
<exclusive-start id="6915" timestamp="2019-08-08T07:22:53.085" intervalms="230.542">
  <response-info timems="6.524" idlems="6.524" threads="0" lastid="0000000000CB1E00" lastname="Thread-22" />
</exclusive-start>
<af-start id="6916" threadId="0000000000CB2788" totalBytesRequested="40" timestamp="2019-08-08T07:22:53.085" intervalms="230.551" />
<concurrent-aborted id="6917" timestamp="2019-08-08T07:22:53.085">
  <reason value="insufficient progress made" />
</concurrent-aborted>
<cycle-end id="6918" type="global" contextid="6894" timestamp="2019-08-08T07:22:53.085" />
  <attribute name="elasticGC enabled" value="1" />
  <attribute name= "numThreadsSpecified" value="16" />
  <attribute name="heapSize specified" value="114229248" />
  <attribute name="Current GC Util" value="74" />
  <attribute name= "Current Time Running" value="140511" />
  <attribute name ="GC Interval" value="0" />
  <attribute name="Target GC Util Change" value ="80.000000" />
  <attribute name="Current GC Util Change" value="74.000000"/>
  <attribute name="Current Error" value="-762.000000" />
  <attribute name="Output H" value="114528448"/>
  <attribute name="Output I" value="200"/>
  <attribute name="Output T" value="16"/>
  <attribute name= "Current Time Running" value="140511" />
  <attribute name="GC Util currently" value="74" />
  <attribute name="CPU Util currently" value="36481796140" />
<cycle-start id="6919" type="global" contextid="0" timestamp="2019-08-08T07:22:53.085" intervalms="230.523" />
<gc-start id="6920" type="global" contextid="6919" timestamp="2019-08-08T07:22:53.085">
  <mem-info id="6921" free="1144832" total="114556928" percent="0">
    <mem type="tenure" free="1144832" total="114556928" percent="0">
      <mem type="soa" free="0" total="113412096" percent="0" />
      <mem type="loa" free="1144832" total="1144832" percent="100" />
    </mem>
  </mem-info>
</gc-start>
<allocation-stats totalBytes="85740984" >
  <allocated-bytes non-tlh="0" tlh="85740984" />
  <largest-consumer threadName="Thread-27" threadId="0000000000CC4900" bytes="8879168" />
</allocation-stats>
<gc-op id="6922" type="mark" timems="10.284" contextid="6919" timestamp="2019-08-08T07:22:53.096">
  <trace-info objectcount="735703" scancount="652689" scanbytes="18963460" />
  <finalization candidates="150" enqueued="0" />
  <ownableSynchronizers candidates="23" cleared="0" />
  <references type="soft" candidates="1917" cleared="0" enqueued="0" dynamicThreshold="24" maxThreshold="32" />
  <references type="weak" candidates="6094" cleared="0" enqueued="0" />
  <references type="phantom" candidates="250" cleared="0" enqueued="0" />
  <stringconstants candidates="14609" cleared="0"  />
</gc-op>
<gc-op id="6923" type="sweep" timems="2.902" contextid="6919" timestamp="2019-08-08T07:22:53.099" />
<mem-info id="6924" free="86775528" total="114556928" percent="75">
  <mem type="tenure" free="86775528" total="114556928" percent="75" micro-fragmented="108170">
    <mem type="soa" free="85630696" total="113412096" percent="75" />
    <mem type="loa" free="1144832" total="1144832" percent="100" />
  </mem>
</mem-info>
<gc-op id="6925" type="compact" timems="31.869" contextid="6919" timestamp="2019-08-08T07:22:53.131">
  <compact-info movecount="112105" movebytes="4965672" reason="compact to aid heap contraction" />
</gc-op>
<heap-resize id="6926" type="expand" space="tenure" amount="327680" count="1" timems="0.022" reason="satisfy allocation request" timestamp="2019-08-08T07:22:53.131" />
<gc-end id="6927" type="global" contextid="6919" durationms="45.944" usertimems="115.387" systemtimems="0.000" timestamp="2019-08-08T07:22:53.131" activeThreads="16">
  <mem-info id="6928" free="87305368" total="114884608" percent="75">
    <mem type="tenure" free="87305368" total="114884608" percent="75">
      <mem type="soa" free="86157464" total="113736704" percent="75" />
      <mem type="loa" free="1147904" total="1147904" percent="100" />
    </mem>
  </mem-info>
</gc-end>
<cycle-end id="6929" type="global" contextid="6919" timestamp="2019-08-08T07:22:53.132" />
  <attribute name="elasticGC enabled" value="1" />
  <attribute name= "numThreadsSpecified" value="16" />
  <attribute name="heapSize specified" value="114556928" />
  <attribute name="Current GC Util" value="80" />
  <attribute name= "Current Time Running" value="140741" />
  <attribute name ="GC Interval" value="0" />
  <attribute name="Target GC Util Change" value ="80.000000" />
  <attribute name="Current GC Util Change" value="80.000000"/>
  <attribute name="Current Error" value="-681.000000" />
  <attribute name="Output H" value="114856496"/>
  <attribute name="Output I" value="200"/>
  <attribute name="Output T" value="16"/>
  <attribute name= "Current Time Running" value="140741" />
  <attribute name="GC Util currently" value="80" />
  <attribute name="CPU Util currently" value="36118396606" />
<allocation-satisfied id="6930" threadId="0000000000CB1E00" bytesRequested="40" />
<af-end id="6931" timestamp="2019-08-08T07:22:53.132" threadId="0000000000CB2788" success="true" />
<exclusive-end id="6932" timestamp="2019-08-08T07:22:53.132" durationms="46.487" />

<concurrent-kickoff id="6933" timestamp="2019-08-08T07:22:53.228">
  <kickoff reason="threshold reached" targetBytes="9559805" thresholdFreeBytes="1302810" remainingFree="1287984" tenureFreeBytes="1287984" />
</concurrent-kickoff>
<exclusive-start id="6934" timestamp="2019-08-08T07:22:53.229" intervalms="144.034">
  <response-info timems="1.478" idlems="1.471" threads="1" lastid="0000000000CC8500" lastname="Thread-30" />
</exclusive-start>
<af-start id="6935" threadId="0000000000CA7388" totalBytesRequested="40" timestamp="2019-08-08T07:22:53.229" intervalms="144.037" />
<concurrent-aborted id="6936" timestamp="2019-08-08T07:22:53.229">
  <reason value="insufficient progress made" />
</concurrent-aborted>
<cycle-end id="6937" type="global" contextid="6894" timestamp="2019-08-08T07:22:53.229" />
  <attribute name="elasticGC enabled" value="1" />
  <attribute name= "numThreadsSpecified" value="16" />
  <attribute name="heapSize specified" value="114556928" />
  <attribute name="Current GC Util" value="80" />
  <attribute name= "Current Time Running" value="140741" />
  <attribute name ="GC Interval" value="0" />
  <attribute name="Target GC Util Change" value ="80.000000" />
  <attribute name="Current GC Util Change" value="80.000000"/>
  <attribute name="Current Error" value="-681.000000" />
  <attribute name="Output H" value="114856496"/>
  <attribute name="Output I" value="200"/>
  <attribute name="Output T" value="16"/>
  <attribute name= "Current Time Running" value="140741" />
  <attribute name="GC Util currently" value="80" />
  <attribute name="CPU Util currently" value="36118396606" />
<cycle-start id="6938" type="global" contextid="0" timestamp="2019-08-08T07:22:53.229" intervalms="144.061" />
<gc-start id="6939" type="global" contextid="6938" timestamp="2019-08-08T07:22:53.229">
  <mem-info id="6940" free="1147904" total="114884608" percent="0">
    <mem type="tenure" free="1147904" total="114884608" percent="0">
      <mem type="soa" free="0" total="113736704" percent="0" />
      <mem type="loa" free="1147904" total="1147904" percent="100" />
    </mem>
  </mem-info>
</gc-start>
<allocation-stats totalBytes="86212336" >
  <allocated-bytes non-tlh="0" tlh="86212336" />
  <largest-consumer threadName="Thread-29" threadId="0000000000CBD200" bytes="9141168" />
</allocation-stats>
<gc-op id="6941" type="mark" timems="10.340" contextid="6938" timestamp="2019-08-08T07:22:53.240">
  <trace-info objectcount="739680" scancount="656669" scanbytes="19058132" />
  <finalization candidates="150" enqueued="0" />
  <ownableSynchronizers candidates="23" cleared="0" />
  <references type="soft" candidates="1917" cleared="5" enqueued="5" dynamicThreshold="24" maxThreshold="32" />
  <references type="weak" candidates="6094" cleared="0" enqueued="0" />
  <references type="phantom" candidates="250" cleared="0" enqueued="0" />
  <stringconstants candidates="14609" cleared="0"  />
</gc-op>
<gc-op id="6942" type="sweep" timems="1.790" contextid="6938" timestamp="2019-08-08T07:22:53.242" />
<mem-info id="6943" free="87161304" total="114884608" percent="75">
  <mem type="tenure" free="87161304" total="114884608" percent="75" micro-fragmented="60979">
    <mem type="soa" free="86013400" total="113736704" percent="75" />
    <mem type="loa" free="1147904" total="1147904" percent="100" />
  </mem>
  <pending-finalizers system="0" default="0" reference="5" classloader="0" />
</mem-info>
<gc-op id="6944" type="compact" timems="36.335" contextid="6938" timestamp="2019-08-08T07:22:53.278">
  <compact-info movecount="100059" movebytes="4156256" reason="compact to aid heap contraction" />
</gc-op>
<heap-resize id="6945" type="expand" space="tenure" amount="327680" count="1" timems="0.022" reason="satisfy allocation request" timestamp="2019-08-08T07:22:53.279" />
<gc-end id="6946" type="global" contextid="6938" durationms="49.642" usertimems="129.083" systemtimems="0.000" timestamp="2019-08-08T07:22:53.279" activeThreads="16">
  <mem-info id="6947" free="87538376" total="115212288" percent="75">
    <mem type="tenure" free="87538376" total="115212288" percent="75">
      <mem type="soa" free="86386376" total="114060288" percent="75" />
      <mem type="loa" free="1152000" total="1152000" percent="100" />
    </mem>
    <pending-finalizers system="0" default="0" reference="5" classloader="0" />
  </mem-info>
</gc-end>
<cycle-end id="6948" type="global" contextid="6938" timestamp="2019-08-08T07:22:53.279" />
  <attribute name="elasticGC enabled" value="1" />
  <attribute name= "numThreadsSpecified" value="16" />
  <attribute name="heapSize specified" value="114884608" />
  <attribute name="Current GC Util" value="66" />
  <attribute name= "Current Time Running" value="140889" />
  <attribute name ="GC Interval" value="0" />
  <attribute name="Target GC Util Change" value ="80.000000" />
  <attribute name="Current GC Util Change" value="66.000000"/>
  <attribute name="Current Error" value="-123.000000" />
  <attribute name="Output H" value="115186752"/>
  <attribute name="Output I" value="1376"/>
  <attribute name="Output T" value="16"/>
  <attribute name= "Current Time Running" value="140889" />
  <attribute name="GC Util currently" value="66" />
  <attribute name="CPU Util currently" value="31689885396" />
<allocation-satisfied id="6949" threadId="0000000000CA6A00" bytesRequested="40" />
<af-end id="6950" timestamp="2019-08-08T07:22:53.279" threadId="0000000000CA7388" success="true" />
<exclusive-end id="6951" timestamp="2019-08-08T07:22:53.280" durationms="50.404" />

<concurrent-kickoff id="6952" timestamp="2019-08-08T07:22:53.345">
  <kickoff reason="threshold reached" targetBytes="9587071" thresholdFreeBytes="1306527" remainingFree="1201816" tenureFreeBytes="1201816" />
</concurrent-kickoff>
<exclusive-start id="6953" timestamp="2019-08-08T07:22:53.349" intervalms="120.126">
  <response-info timems="3.799" idlems="1.914" threads="1" lastid="0000000000CDB100" lastname="Thread-36" />
</exclusive-start>
<af-start id="6954" threadId="0000000000C89488" totalBytesRequested="40" timestamp="2019-08-08T07:22:53.349" intervalms="120.135" />
<concurrent-aborted id="6955" timestamp="2019-08-08T07:22:53.349">
  <reason value="insufficient progress made" />
</concurrent-aborted>
<cycle-end id="6956" type="global" contextid="6894" timestamp="2019-08-08T07:22:53.349" />
  <attribute name="elasticGC enabled" value="1" />
  <attribute name= "numThreadsSpecified" value="16" />
  <attribute name="heapSize specified" value="114884608" />
  <attribute name="Current GC Util" value="66" />
  <attribute name= "Current Time Running" value="140889" />
  <attribute name ="GC Interval" value="0" />
  <attribute name="Target GC Util Change" value ="80.000000" />
  <attribute name="Current GC Util Change" value="66.000000"/>
  <attribute name="Current Error" value="-123.000000" />
  <attribute name="Output H" value="115186752"/>
  <attribute name="Output I" value="1376"/>
  <attribute name="Output T" value="16"/>
  <attribute name= "Current Time Running" value="140889" />
  <attribute name="GC Util currently" value="66" />
  <attribute name="CPU Util currently" value="31689885396" />
<cycle-start id="6957" type="global" contextid="0" timestamp="2019-08-08T07:22:53.349" intervalms="120.110" />
<gc-start id="6958" type="global" contextid="6957" timestamp="2019-08-08T07:22:53.350">
  <mem-info id="6959" free="1152000" total="115212288" percent="0">
    <mem type="tenure" free="1152000" total="115212288" percent="0">
      <mem type="soa" free="0" total="114060288" percent="0" />
      <mem type="loa" free="1152000" total="1152000" percent="100" />
    </mem>
  </mem-info>
</gc-start>
<allocation-stats totalBytes="86443288" >
  <allocated-bytes non-tlh="0" tlh="86443288" />
  <largest-consumer threadName="Thread-35" threadId="0000000000C88B00" bytes="8879128" />
</allocation-stats>
<gc-op id="6960" type="mark" timems="21.725" contextid="6957" timestamp="2019-08-08T07:22:53.371">
  <trace-info objectcount="726701" scancount="643712" scanbytes="18746684" />
  <finalization candidates="150" enqueued="0" />
  <ownableSynchronizers candidates="23" cleared="0" />
  <references type="soft" candidates="1912" cleared="1" enqueued="0" dynamicThreshold="24" maxThreshold="32" />
  <references type="weak" candidates="6094" cleared="0" enqueued="0" />
  <references type="phantom" candidates="250" cleared="0" enqueued="0" />
  <stringconstants candidates="14609" cleared="0"  />
</gc-op>
<gc-op id="6961" type="sweep" timems="2.783" contextid="6957" timestamp="2019-08-08T07:22:53.374" />
<mem-info id="6962" free="87732560" total="115212288" percent="76">
  <mem type="tenure" free="87732560" total="115212288" percent="76" micro-fragmented="186079">
    <mem type="soa" free="86580560" total="114060288" percent="75" />
    <mem type="loa" free="1152000" total="1152000" percent="100" />
  </mem>
</mem-info>
<gc-op id="6963" type="compact" timems="28.371" contextid="6957" timestamp="2019-08-08T07:22:53.402">
  <compact-info movecount="108468" movebytes="4906992" reason="compact to aid heap contraction" />
</gc-op>
<heap-resize id="6964" type="expand" space="tenure" amount="327680" count="1" timems="0.032" reason="satisfy allocation request" timestamp="2019-08-08T07:22:53.403" />
<gc-end id="6965" type="global" contextid="6957" durationms="53.766" usertimems="206.444" systemtimems="0.000" timestamp="2019-08-08T07:22:53.403" activeThreads="16">
  <mem-info id="6966" free="88195592" total="115539968" percent="76">
    <mem type="tenure" free="88195592" total="115539968" percent="76">
      <mem type="soa" free="87040520" total="114384896" percent="76" />
      <mem type="loa" free="1155072" total="1155072" percent="100" />
    </mem>
  </mem-info>
</gc-end>
<cycle-end id="6967" type="global" contextid="6957" timestamp="2019-08-08T07:22:53.403" />
  <attribute name="elasticGC enabled" value="1" />
  <attribute name= "numThreadsSpecified" value="16" />
  <attribute name="heapSize specified" value="115212288" />
  <attribute name="Current GC Util" value="68" />
  <attribute name= "Current Time Running" value="141013" />
  <attribute name ="GC Interval" value="0" />
  <attribute name="Target GC Util Change" value ="80.000000" />
  <attribute name="Current GC Util Change" value="68.000000"/>
  <attribute name="Current Error" value="2.000000" />
  <attribute name="Output H" value="115515016"/>
  <attribute name="Output I" value="2024"/>
  <attribute name="Output T" value="16"/>
  <attribute name= "Current Time Running" value="141013" />
  <attribute name="GC Util currently" value="68" />
  <attribute name="CPU Util currently" value="40584600574" />
<allocation-satisfied id="6968" threadId="0000000000C88B00" bytesRequested="40" />
<af-end id="6969" timestamp="2019-08-08T07:22:53.403" threadId="0000000000C89488" success="true" />
<exclusive-end id="6970" timestamp="2019-08-08T07:22:53.403" durationms="54.006" />

<concurrent-kickoff id="6971" timestamp="2019-08-08T07:22:53.458">
  <kickoff reason="threshold reached" targetBytes="9614339" thresholdFreeBytes="1310243" remainingFree="1260032" tenureFreeBytes="1260032" />
</concurrent-kickoff>
<exclusive-start id="6972" timestamp="2019-08-08T07:22:53.463" intervalms="113.749">
  <response-info timems="3.927" idlems="3.927" threads="0" lastid="0000000000CD7500" lastname="Thread-23" />
</exclusive-start>
<af-start id="6973" threadId="0000000000CD7E88" totalBytesRequested="40" timestamp="2019-08-08T07:22:53.463" intervalms="113.753" />
<concurrent-aborted id="6974" timestamp="2019-08-08T07:22:53.463">
  <reason value="insufficient progress made" />
</concurrent-aborted>
<cycle-end id="6975" type="global" contextid="6894" timestamp="2019-08-08T07:22:53.463" />
  <attribute name="elasticGC enabled" value="1" />
  <attribute name= "numThreadsSpecified" value="16" />
  <attribute name="heapSize specified" value="115212288" />
  <attribute name="Current GC Util" value="68" />
  <attribute name= "Current Time Running" value="141013" />
  <attribute name ="GC Interval" value="0" />
  <attribute name="Target GC Util Change" value ="80.000000" />
  <attribute name="Current GC Util Change" value="68.000000"/>
  <attribute name="Current Error" value="2.000000" />
  <attribute name="Output H" value="115515016"/>
  <attribute name="Output I" value="2024"/>
  <attribute name="Output T" value="16"/>
  <attribute name= "Current Time Running" value="141013" />
  <attribute name="GC Util currently" value="68" />
  <attribute name="CPU Util currently" value="40584600574" />
<cycle-start id="6976" type="global" contextid="0" timestamp="2019-08-08T07:22:53.463" intervalms="113.801" />
<gc-start id="6977" type="global" contextid="6976" timestamp="2019-08-08T07:22:53.463">
  <mem-info id="6978" free="1155072" total="115539968" percent="0">
    <mem type="tenure" free="1155072" total="115539968" percent="0">
      <mem type="soa" free="0" total="114384896" percent="0" />
      <mem type="loa" free="1155072" total="1155072" percent="100" />
    </mem>
  </mem-info>
</gc-start>
<allocation-stats totalBytes="87095072" >
  <allocated-bytes non-tlh="0" tlh="87095072" />
  <largest-consumer threadName="Thread-35" threadId="0000000000C88B00" bytes="10147936" />
</allocation-stats>
<gc-op id="6979" type="mark" timems="17.505" contextid="6976" timestamp="2019-08-08T07:22:53.481">
  <trace-info objectcount="725179" scancount="642219" scanbytes="18710052" />
  <finalization candidates="150" enqueued="0" />
  <ownableSynchronizers candidates="23" cleared="0" />
  <references type="soft" candidates="1911" cleared="0" enqueued="0" dynamicThreshold="24" maxThreshold="32" />
  <references type="weak" candidates="6094" cleared="0" enqueued="0" />
  <references type="phantom" candidates="250" cleared="0" enqueued="0" />
  <stringconstants candidates="14609" cleared="0"  />
</gc-op>
<gc-op id="6980" type="sweep" timems="4.738" contextid="6976" timestamp="2019-08-08T07:22:53.486" />
<mem-info id="6981" free="88129384" total="115539968" percent="76">
  <mem type="tenure" free="88129384" total="115539968" percent="76" micro-fragmented="165410">
    <mem type="soa" free="86974312" total="114384896" percent="76" />
    <mem type="loa" free="1155072" total="1155072" percent="100" />
  </mem>
</mem-info>
<gc-op id="6982" type="compact" timems="31.480" contextid="6976" timestamp="2019-08-08T07:22:53.517">
  <compact-info movecount="106629" movebytes="5550488" reason="compact to aid heap contraction" />
</gc-op>
<heap-resize id="6983" type="expand" space="tenure" amount="327680" count="1" timems="0.022" reason="satisfy allocation request" timestamp="2019-08-08T07:22:53.518" />
<gc-end id="6984" type="global" contextid="6976" durationms="54.600" usertimems="153.591" systemtimems="0.000" timestamp="2019-08-08T07:22:53.518" activeThreads="16">
  <mem-info id="6985" free="88559904" total="115867648" percent="76">
    <mem type="tenure" free="88559904" total="115867648" percent="76">
      <mem type="soa" free="87401760" total="114709504" percent="76" />
      <mem type="loa" free="1158144" total="1158144" percent="100" />
    </mem>
  </mem-info>
</gc-end>
<cycle-end id="6986" type="global" contextid="6976" timestamp="2019-08-08T07:22:53.518" />
  <attribute name="elasticGC enabled" value="1" />
  <attribute name= "numThreadsSpecified" value="16" />
  <attribute name="heapSize specified" value="115539968" />
  <attribute name="Current GC Util" value="95" />
  <attribute name= "Current Time Running" value="141128" />
  <attribute name ="GC Interval" value="0" />
  <attribute name="Target GC Util Change" value ="80.000000" />
  <attribute name="Current GC Util Change" value="95.000000"/>
  <attribute name="Current Error" value="-15.000000" />
  <attribute name="Output H" value="115842616"/>
  <attribute name="Output I" value="1936"/>
  <attribute name="Output T" value="16"/>
  <attribute name= "Current Time Running" value="141128" />
  <attribute name="GC Util currently" value="95" />
  <attribute name="CPU Util currently" value="36597176340" />
<allocation-satisfied id="6987" threadId="0000000000CD7500" bytesRequested="40" />
<af-end id="6988" timestamp="2019-08-08T07:22:53.518" threadId="0000000000CD7E88" success="true" />
<exclusive-end id="6989" timestamp="2019-08-08T07:22:53.518" durationms="54.891" />

<concurrent-kickoff id="6990" timestamp="2019-08-08T07:22:53.608">
  <kickoff reason="threshold reached" targetBytes="9641606" thresholdFreeBytes="1313958" remainingFree="1290480" tenureFreeBytes="1290480" />
</concurrent-kickoff>
<exclusive-start id="6991" timestamp="2019-08-08T07:22:53.609" intervalms="145.985">
  <response-info timems="0.965" idlems="0.591" threads="6" lastid="0000000000CCC100" lastname="Thread-25" />
</exclusive-start>
<cycle-start id="6992" type="global" contextid="0" timestamp="2019-08-08T07:22:53.609" intervalms="145.862" />
<exclusive-end id="6993" timestamp="2019-08-08T07:22:53.609" durationms="0.225" />

<exclusive-start id="6994" timestamp="2019-08-08T07:22:53.610" intervalms="1.339">
  <response-info timems="1.100" idlems="1.100" threads="0" lastid="0000000000C81300" lastname="Thread-21" />
</exclusive-start>
<af-start id="6995" threadId="0000000000C81C88" totalBytesRequested="24" timestamp="2019-08-08T07:22:53.610" intervalms="147.308" />
<concurrent-aborted id="6996" timestamp="2019-08-08T07:22:53.610">
  <reason value="insufficient progress made" />
</concurrent-aborted>
<cycle-end id="6997" type="global" contextid="6992" timestamp="2019-08-08T07:22:53.610" />
  <attribute name="elasticGC enabled" value="1" />
  <attribute name= "numThreadsSpecified" value="16" />
  <attribute name="heapSize specified" value="115539968" />
  <attribute name="Current GC Util" value="95" />
  <attribute name= "Current Time Running" value="141128" />
  <attribute name ="GC Interval" value="0" />
  <attribute name="Target GC Util Change" value ="80.000000" />
  <attribute name="Current GC Util Change" value="95.000000"/>
  <attribute name="Current Error" value="-15.000000" />
  <attribute name="Output H" value="115842616"/>
  <attribute name="Output I" value="1936"/>
  <attribute name="Output T" value="16"/>
  <attribute name= "Current Time Running" value="141128" />
  <attribute name="GC Util currently" value="95" />
  <attribute name="CPU Util currently" value="36597176340" />
<cycle-start id="6998" type="global" contextid="0" timestamp="2019-08-08T07:22:53.610" intervalms="1.447" />
<gc-start id="6999" type="global" contextid="6998" timestamp="2019-08-08T07:22:53.611">
  <mem-info id="7000" free="1158144" total="115867648" percent="0">
    <mem type="tenure" free="1158144" total="115867648" percent="0">
      <mem type="soa" free="0" total="114709504" percent="0" />
      <mem type="loa" free="1158144" total="1158144" percent="100" />
    </mem>
  </mem-info>
</gc-start>
<allocation-stats totalBytes="87458184" >
  <allocated-bytes non-tlh="0" tlh="87458184" />
  <largest-consumer threadName="Thread-33" threadId="0000000000CB5A00" bytes="8355016" />
</allocation-stats>
<gc-op id="7001" type="mark" timems="13.559" contextid="6998" timestamp="2019-08-08T07:22:53.624">
  <trace-info objectcount="729173" scancount="646181" scanbytes="18806668" />
  <finalization candidates="150" enqueued="0" />
  <ownableSynchronizers candidates="23" cleared="0" />
  <references type="soft" candidates="1911" cleared="0" enqueued="0" dynamicThreshold="24" maxThreshold="32" />
  <references type="weak" candidates="6094" cleared="0" enqueued="0" />
  <references type="phantom" candidates="250" cleared="0" enqueued="0" />
  <stringconstants candidates="14609" cleared="0"  />
</gc-op>
<gc-op id="7002" type="sweep" timems="2.071" contextid="6998" timestamp="2019-08-08T07:22:53.626" />
<mem-info id="7003" free="88391152" total="115867648" percent="76">
  <mem type="tenure" free="88391152" total="115867648" percent="76" micro-fragmented="96617">
    <mem type="soa" free="87233008" total="114709504" percent="76" />
    <mem type="loa" free="1158144" total="1158144" percent="100" />
  </mem>
</mem-info>
<gc-op id="7004" type="compact" timems="29.002" contextid="6998" timestamp="2019-08-08T07:22:53.655">
  <compact-info movecount="113639" movebytes="5017304" reason="compact to aid heap contraction" />
</gc-op>
<heap-resize id="7005" type="expand" space="tenure" amount="327680" count="1" timems="0.022" reason="satisfy allocation request" timestamp="2019-08-08T07:22:53.656" />
<gc-end id="7006" type="global" contextid="6998" durationms="45.671" usertimems="163.276" systemtimems="0.000" timestamp="2019-08-08T07:22:53.656" activeThreads="16">
  <mem-info id="7007" free="88790968" total="116195328" percent="76">
    <mem type="tenure" free="88790968" total="116195328" percent="76">
      <mem type="soa" free="87629752" total="115034112" percent="76" />
      <mem type="loa" free="1161216" total="1161216" percent="100" />
    </mem>
  </mem-info>
</gc-end>
<cycle-end id="7008" type="global" contextid="6998" timestamp="2019-08-08T07:22:53.656" />
  <attribute name="elasticGC enabled" value="1" />
  <attribute name= "numThreadsSpecified" value="16" />
  <attribute name="heapSize specified" value="115867648" />
  <attribute name="Current GC Util" value="76" />
  <attribute name= "Current Time Running" value="141266" />
  <attribute name ="GC Interval" value="0" />
  <attribute name="Target GC Util Change" value ="80.000000" />
  <attribute name="Current GC Util Change" value="76.000000"/>
  <attribute name="Current Error" value="-699.000000" />
  <attribute name="Output H" value="116167136"/>
  <attribute name="Output I" value="200"/>
  <attribute name="Output T" value="16"/>
  <attribute name= "Current Time Running" value="141266" />
  <attribute name="GC Util currently" value="76" />
  <attribute name="CPU Util currently" value="39705686876" />
<allocation-satisfied id="7009" threadId="0000000000C81300" bytesRequested="24" />
<af-end id="7010" timestamp="2019-08-08T07:22:53.656" threadId="0000000000C81C88" success="true" />
<exclusive-end id="7011" timestamp="2019-08-08T07:22:53.657" durationms="46.457" />

<exclusive-start id="7012" timestamp="2019-08-08T07:22:53.657" intervalms="46.943">
  <response-info timems="0.424" idlems="0.424" threads="0" lastid="0000000000CCC100" lastname="Thread-25" />
</exclusive-start>
<event id="7013" timestamp="2019-08-08T07:22:53.657">
  <warning details="exclusive access acquired to satisfy allocation" />
</event>
<exclusive-end id="7014" timestamp="2019-08-08T07:22:53.658" durationms="0.269" />

<exclusive-start id="7015" timestamp="2019-08-08T07:22:53.658" intervalms="1.182">
  <response-info timems="0.786" idlems="0.786" threads="0" lastid="0000000000CC4900" lastname="Thread-27" />
</exclusive-start>
<event id="7016" timestamp="2019-08-08T07:22:53.659">
  <warning details="exclusive access acquired to satisfy allocation" />
</event>
<exclusive-end id="7017" timestamp="2019-08-08T07:22:53.659" durationms="0.189" />

<exclusive-start id="7018" timestamp="2019-08-08T07:22:53.661" intervalms="2.788">
  <response-info timems="2.195" idlems="1.100" threads="1" lastid="0000000000CB5A00" lastname="Thread-33" />
</exclusive-start>
<event id="7019" timestamp="2019-08-08T07:22:53.661">
  <warning details="exclusive access acquired to satisfy allocation" />
</event>
<exclusive-end id="7020" timestamp="2019-08-08T07:22:53.661" durationms="0.050" />

<concurrent-kickoff id="7021" timestamp="2019-08-08T07:22:53.717">
  <kickoff reason="threshold reached" targetBytes="9668873" thresholdFreeBytes="1317674" remainingFree="1207776" tenureFreeBytes="1207776" />
</concurrent-kickoff>
<exclusive-start id="7022" timestamp="2019-08-08T07:22:53.721" intervalms="59.932">
  <response-info timems="3.422" idlems="3.422" threads="0" lastid="0000000000CC8500" lastname="Thread-30" />
</exclusive-start>
<af-start id="7023" threadId="0000000000CC8E88" totalBytesRequested="40" timestamp="2019-08-08T07:22:53.721" intervalms="110.931" />
<concurrent-aborted id="7024" timestamp="2019-08-08T07:22:53.721">
  <reason value="insufficient progress made" />
</concurrent-aborted>
<cycle-end id="7025" type="global" contextid="6992" timestamp="2019-08-08T07:22:53.721" />
  <attribute name="elasticGC enabled" value="1" />
  <attribute name= "numThreadsSpecified" value="16" />
  <attribute name="heapSize specified" value="115867648" />
  <attribute name="Current GC Util" value="76" />
  <attribute name= "Current Time Running" value="141266" />
  <attribute name ="GC Interval" value="0" />
  <attribute name="Target GC Util Change" value ="80.000000" />
  <attribute name="Current GC Util Change" value="76.000000"/>
  <attribute name="Current Error" value="-699.000000" />
  <attribute name="Output H" value="116167136"/>
  <attribute name="Output I" value="200"/>
  <attribute name="Output T" value="16"/>
  <attribute name= "Current Time Running" value="141266" />
  <attribute name="GC Util currently" value="76" />
  <attribute name="CPU Util currently" value="39705686876" />
<cycle-start id="7026" type="global" contextid="0" timestamp="2019-08-08T07:22:53.721" intervalms="110.895" />
<gc-start id="7027" type="global" contextid="7026" timestamp="2019-08-08T07:22:53.721">
  <mem-info id="7028" free="1161216" total="116195328" percent="0">
    <mem type="tenure" free="1161216" total="116195328" percent="0">
      <mem type="soa" free="0" total="115034112" percent="0" />
      <mem type="loa" free="1161216" total="1161216" percent="100" />
    </mem>
  </mem-info>
</gc-start>
<allocation-stats totalBytes="87687568" >
  <allocated-bytes non-tlh="0" tlh="87687568" />
  <largest-consumer threadName="Thread-22" threadId="0000000000CB1E00" bytes="9866392" />
</allocation-stats>
<gc-op id="7029" type="mark" timems="21.849" contextid="7026" timestamp="2019-08-08T07:22:53.743">
  <trace-info objectcount="733353" scancount="650364" scanbytes="18906612" />
  <finalization candidates="150" enqueued="0" />
  <ownableSynchronizers candidates="23" cleared="0" />
  <references type="soft" candidates="1911" cleared="0" enqueued="0" dynamicThreshold="24" maxThreshold="32" />
  <references type="weak" candidates="6094" cleared="0" enqueued="0" />
  <references type="phantom" candidates="250" cleared="0" enqueued="0" />
  <stringconstants candidates="14609" cleared="0"  />
</gc-op>
<gc-op id="7030" type="sweep" timems="1.782" contextid="7026" timestamp="2019-08-08T07:22:53.745" />
<mem-info id="7031" free="88638392" total="116195328" percent="76">
  <mem type="tenure" free="88638392" total="116195328" percent="76" micro-fragmented="98290">
    <mem type="soa" free="87477176" total="115034112" percent="76" />
    <mem type="loa" free="1161216" total="1161216" percent="100" />
  </mem>
</mem-info>
<gc-op id="7032" type="compact" timems="29.512" contextid="7026" timestamp="2019-08-08T07:22:53.775">
  <compact-info movecount="112924" movebytes="4913336" reason="compact to aid heap contraction" />
</gc-op>
<heap-resize id="7033" type="expand" space="tenure" amount="327680" count="1" timems="0.023" reason="satisfy allocation request" timestamp="2019-08-08T07:22:53.775" />
<gc-end id="7034" type="global" contextid="7026" durationms="53.878" usertimems="168.088" systemtimems="0.000" timestamp="2019-08-08T07:22:53.775" activeThreads="16">
  <mem-info id="7035" free="89018704" total="116523008" percent="76">
    <mem type="tenure" free="89018704" total="116523008" percent="76">
      <mem type="soa" free="87854416" total="115358720" percent="76" />
      <mem type="loa" free="1164288" total="1164288" percent="100" />
    </mem>
  </mem-info>
</gc-end>
<cycle-end id="7036" type="global" contextid="7026" timestamp="2019-08-08T07:22:53.775" />
  <attribute name="elasticGC enabled" value="1" />
  <attribute name= "numThreadsSpecified" value="16" />
  <attribute name="heapSize specified" value="116195328" />
  <attribute name="Current GC Util" value="67" />
  <attribute name= "Current Time Running" value="141385" />
  <attribute name ="GC Interval" value="0" />
  <attribute name="Target GC Util Change" value ="80.000000" />
  <attribute name="Current GC Util Change" value="67.000000"/>
  <attribute name="Current Error" value="-433.000000" />
  <attribute name="Output H" value="116496040"/>
  <attribute name="Output I" value="200"/>
  <attribute name="Output T" value="16"/>
  <attribute name= "Current Time Running" value="141385" />
  <attribute name="GC Util currently" value="67" />
  <attribute name="CPU Util currently" value="38939640156" />
<allocation-satisfied id="7037" threadId="0000000000CC8500" bytesRequested="40" />
<af-end id="7038" timestamp="2019-08-08T07:22:53.775" threadId="0000000000CC8E88" success="true" />
<exclusive-end id="7039" timestamp="2019-08-08T07:22:53.775" durationms="54.209" />

<concurrent-kickoff id="7040" timestamp="2019-08-08T07:22:53.874">
  <kickoff reason="threshold reached" targetBytes="9696140" thresholdFreeBytes="1321391" remainingFree="1293224" tenureFreeBytes="1293224" />
</concurrent-kickoff>
<exclusive-start id="7041" timestamp="2019-08-08T07:22:53.874" intervalms="153.122">
  <response-info timems="0.407" idlems="0.407" threads="0" lastid="0000000000CC4900" lastname="Thread-27" />
</exclusive-start>
<af-start id="7042" threadId="0000000000CC5288" totalBytesRequested="24" timestamp="2019-08-08T07:22:53.874" intervalms="153.033" />
<concurrent-aborted id="7043" timestamp="2019-08-08T07:22:53.874">
  <reason value="insufficient progress made" />
</concurrent-aborted>
<cycle-end id="7044" type="global" contextid="6992" timestamp="2019-08-08T07:22:53.874" />
  <attribute name="elasticGC enabled" value="1" />
  <attribute name= "numThreadsSpecified" value="16" />
  <attribute name="heapSize specified" value="116195328" />
  <attribute name="Current GC Util" value="67" />
  <attribute name= "Current Time Running" value="141385" />
  <attribute name ="GC Interval" value="0" />
  <attribute name="Target GC Util Change" value ="80.000000" />
  <attribute name="Current GC Util Change" value="67.000000"/>
  <attribute name="Current Error" value="-433.000000" />
  <attribute name="Output H" value="116496040"/>
  <attribute name="Output I" value="200"/>
  <attribute name="Output T" value="16"/>
  <attribute name= "Current Time Running" value="141385" />
  <attribute name="GC Util currently" value="67" />
  <attribute name="CPU Util currently" value="38939640156" />
<cycle-start id="7045" type="global" contextid="0" timestamp="2019-08-08T07:22:53.874" intervalms="153.045" />
<gc-start id="7046" type="global" contextid="7045" timestamp="2019-08-08T07:22:53.874">
  <mem-info id="7047" free="1164288" total="116523008" percent="0">
    <mem type="tenure" free="1164288" total="116523008" percent="0">
      <mem type="soa" free="0" total="115358720" percent="0" />
      <mem type="loa" free="1164288" total="1164288" percent="100" />
    </mem>
  </mem-info>
</gc-start>
<allocation-stats totalBytes="87911936" >
  <allocated-bytes non-tlh="0" tlh="87911936" />
  <largest-consumer threadName="Thread-30" threadId="0000000000CC8500" bytes="10189944" />
</allocation-stats>
<gc-op id="7048" type="mark" timems="12.841" contextid="7045" timestamp="2019-08-08T07:22:53.887">
  <trace-info objectcount="729581" scancount="646588" scanbytes="18549312" />
  <finalization candidates="150" enqueued="0" />
  <ownableSynchronizers candidates="23" cleared="0" />
  <references type="soft" candidates="1911" cleared="6" enqueued="6" dynamicThreshold="24" maxThreshold="32" />
  <references type="weak" candidates="6094" cleared="0" enqueued="0" />
  <references type="phantom" candidates="250" cleared="0" enqueued="0" />
  <stringconstants candidates="14609" cleared="0"  />
</gc-op>
<gc-op id="7049" type="sweep" timems="2.028" contextid="7045" timestamp="2019-08-08T07:22:53.890" />
<mem-info id="7050" free="89307080" total="116523008" percent="76">
  <mem type="tenure" free="89307080" total="116523008" percent="76" micro-fragmented="110672">
    <mem type="soa" free="88142792" total="115358720" percent="76" />
    <mem type="loa" free="1164288" total="1164288" percent="100" />
  </mem>
  <pending-finalizers system="0" default="0" reference="6" classloader="0" />
</mem-info>
<gc-op id="7051" type="compact" timems="30.515" contextid="7045" timestamp="2019-08-08T07:22:53.920">
  <compact-info movecount="93933" movebytes="3835576" reason="compact to aid heap contraction" />
</gc-op>
<heap-resize id="7052" type="expand" space="tenure" amount="327680" count="1" timems="0.021" reason="satisfy allocation request" timestamp="2019-08-08T07:22:53.921" />
<gc-end id="7053" type="global" contextid="7045" durationms="46.529" usertimems="125.279" systemtimems="0.000" timestamp="2019-08-08T07:22:53.921" activeThreads="16">
  <mem-info id="7054" free="89703584" total="116850688" percent="76">
    <mem type="tenure" free="89703584" total="116850688" percent="76">
      <mem type="soa" free="88535200" total="115682304" percent="76" />
      <mem type="loa" free="1168384" total="1168384" percent="100" />
    </mem>
    <pending-finalizers system="0" default="0" reference="6" classloader="0" />
  </mem-info>
</gc-end>
<cycle-end id="7055" type="global" contextid="7045" timestamp="2019-08-08T07:22:53.921" />
  <attribute name="elasticGC enabled" value="1" />
  <attribute name= "numThreadsSpecified" value="16" />
  <attribute name="heapSize specified" value="116523008" />
  <attribute name="Current GC Util" value="74" />
  <attribute name= "Current Time Running" value="141531" />
  <attribute name ="GC Interval" value="0" />
  <attribute name="Target GC Util Change" value ="80.000000" />
  <attribute name="Current GC Util Change" value="74.000000"/>
  <attribute name="Current Error" value="-482.000000" />
  <attribute name="Output H" value="116823496"/>
  <attribute name="Output I" value="200"/>
  <attribute name="Output T" value="16"/>
  <attribute name= "Current Time Running" value="141531" />
  <attribute name="GC Util currently" value="74" />
  <attribute name="CPU Util currently" value="37720874234" />
<allocation-satisfied id="7056" threadId="0000000000CC4900" bytesRequested="24" />
<af-end id="7057" timestamp="2019-08-08T07:22:53.921" threadId="0000000000CC5288" success="true" />
<exclusive-end id="7058" timestamp="2019-08-08T07:22:53.921" durationms="46.782" />

<concurrent-kickoff id="7059" timestamp="2019-08-08T07:22:53.982">
  <kickoff reason="threshold reached" targetBytes="9723407" thresholdFreeBytes="1325107" remainingFree="1209064" tenureFreeBytes="1209064" />
</concurrent-kickoff>
<exclusive-start id="7060" timestamp="2019-08-08T07:22:53.989" intervalms="114.675">
  <response-info timems="6.469" idlems="3.437" threads="9" lastid="0000000000CCC100" lastname="Thread-25" />
</exclusive-start>
<af-start id="7061" threadId="0000000000C85888" totalBytesRequested="40" timestamp="2019-08-08T07:22:53.989" intervalms="114.685" />
<concurrent-aborted id="7062" timestamp="2019-08-08T07:22:53.989">
  <reason value="insufficient progress made" />
</concurrent-aborted>
<cycle-end id="7063" type="global" contextid="6992" timestamp="2019-08-08T07:22:53.989" />
  <attribute name="elasticGC enabled" value="1" />
  <attribute name= "numThreadsSpecified" value="16" />
  <attribute name="heapSize specified" value="116523008" />
  <attribute name="Current GC Util" value="74" />
  <attribute name= "Current Time Running" value="141531" />
  <attribute name ="GC Interval" value="0" />
  <attribute name="Target GC Util Change" value ="80.000000" />
  <attribute name="Current GC Util Change" value="74.000000"/>
  <attribute name="Current Error" value="-482.000000" />
  <attribute name="Output H" value="116823496"/>
  <attribute name="Output I" value="200"/>
  <attribute name="Output T" value="16"/>
  <attribute name= "Current Time Running" value="141531" />
  <attribute name="GC Util currently" value="74" />
  <attribute name="CPU Util currently" value="37720874234" />
<cycle-start id="7064" type="global" contextid="0" timestamp="2019-08-08T07:22:53.989" intervalms="114.672" />
<gc-start id="7065" type="global" contextid="7064" timestamp="2019-08-08T07:22:53.989">
  <mem-info id="7066" free="1168384" total="116850688" percent="0">
    <mem type="tenure" free="1168384" total="116850688" percent="0">
      <mem type="soa" free="0" total="115682304" percent="0" />
      <mem type="loa" free="1168384" total="1168384" percent="100" />
    </mem>
  </mem-info>
</gc-start>
<allocation-stats totalBytes="88588928" >
  <allocated-bytes non-tlh="0" tlh="88588928" />
  <largest-consumer threadName="Thread-30" threadId="0000000000CC8500" bytes="8616848" />
</allocation-stats>
<gc-op id="7067" type="mark" timems="15.486" contextid="7064" timestamp="2019-08-08T07:22:54.005">
  <trace-info objectcount="745244" scancount="662264" scanbytes="19191056" />
  <finalization candidates="150" enqueued="0" />
  <ownableSynchronizers candidates="23" cleared="0" />
  <references type="soft" candidates="1905" cleared="2" enqueued="2" dynamicThreshold="24" maxThreshold="32" />
  <references type="weak" candidates="6094" cleared="0" enqueued="0" />
  <references type="phantom" candidates="250" cleared="0" enqueued="0" />
  <stringconstants candidates="14609" cleared="0"  />
</gc-op>
<gc-op id="7068" type="sweep" timems="3.509" contextid="7064" timestamp="2019-08-08T07:22:54.008" />
<mem-info id="7069" free="89016280" total="116850688" percent="76">
  <mem type="tenure" free="89016280" total="116850688" percent="76" micro-fragmented="87603">
    <mem type="soa" free="87847896" total="115682304" percent="75" />
    <mem type="loa" free="1168384" total="1168384" percent="100" />
  </mem>
  <pending-finalizers system="0" default="0" reference="2" classloader="0" />
</mem-info>
<gc-op id="7070" type="compact" timems="34.416" contextid="7064" timestamp="2019-08-08T07:22:54.043">
  <compact-info movecount="151220" movebytes="9914992" reason="compact to aid heap contraction" />
</gc-op>
<heap-resize id="7071" type="expand" space="tenure" amount="327680" count="1" timems="0.024" reason="satisfy allocation request" timestamp="2019-08-08T07:22:54.044" />
<gc-end id="7072" type="global" contextid="7064" durationms="54.582" usertimems="195.740" systemtimems="0.000" timestamp="2019-08-08T07:22:54.044" activeThreads="16">
  <mem-info id="7073" free="89389624" total="117178368" percent="76">
    <mem type="tenure" free="89389624" total="117178368" percent="76">
      <mem type="soa" free="88218168" total="116006912" percent="76" />
      <mem type="loa" free="1171456" total="1171456" percent="100" />
    </mem>
    <pending-finalizers system="0" default="0" reference="2" classloader="0" />
  </mem-info>
</gc-end>
<cycle-end id="7074" type="global" contextid="7064" timestamp="2019-08-08T07:22:54.044" />
  <attribute name="elasticGC enabled" value="1" />
  <attribute name= "numThreadsSpecified" value="16" />
  <attribute name="heapSize specified" value="116850688" />
  <attribute name="Current GC Util" value="62" />
  <attribute name= "Current Time Running" value="141653" />
  <attribute name ="GC Interval" value="0" />
  <attribute name="Target GC Util Change" value ="80.000000" />
  <attribute name="Current GC Util Change" value="62.000000"/>
  <attribute name="Current Error" value="-225.000000" />
  <attribute name="Output H" value="117152368"/>
  <attribute name="Output I" value="840"/>
  <attribute name="Output T" value="16"/>
  <attribute name= "Current Time Running" value="141653" />
  <attribute name="GC Util currently" value="62" />
  <attribute name="CPU Util currently" value="33457653066" />
<allocation-satisfied id="7075" threadId="0000000000C84F00" bytesRequested="40" />
<af-end id="7076" timestamp="2019-08-08T07:22:54.044" threadId="0000000000C85888" success="true" />
<exclusive-end id="7077" timestamp="2019-08-08T07:22:54.044" durationms="55.098" />

<concurrent-kickoff id="7078" timestamp="2019-08-08T07:22:54.106">
  <kickoff reason="threshold reached" targetBytes="9750673" thresholdFreeBytes="1328823" remainingFree="1307296" tenureFreeBytes="1307296" />
</concurrent-kickoff>
<exclusive-start id="7079" timestamp="2019-08-08T07:22:54.108" intervalms="118.524">
  <response-info timems="0.603" idlems="0.603" threads="0" lastid="0000000000C93F00" lastname="Thread-34" />
</exclusive-start>
<cycle-start id="7080" type="global" contextid="0" timestamp="2019-08-08T07:22:54.108" intervalms="118.436" />
<exclusive-end id="7081" timestamp="2019-08-08T07:22:54.108" durationms="0.067" />

<exclusive-start id="7082" timestamp="2019-08-08T07:22:54.109" intervalms="1.355">
  <response-info timems="0.760" idlems="0.760" threads="0" lastid="0000000000CD7500" lastname="Thread-23" />
</exclusive-start>
<af-start id="7083" threadId="0000000000CD7E88" totalBytesRequested="40" timestamp="2019-08-08T07:22:54.109" intervalms="119.861" />
<concurrent-aborted id="7084" timestamp="2019-08-08T07:22:54.109">
  <reason value="insufficient progress made" />
</concurrent-aborted>
<cycle-end id="7085" type="global" contextid="7080" timestamp="2019-08-08T07:22:54.109" />
  <attribute name="elasticGC enabled" value="1" />
  <attribute name= "numThreadsSpecified" value="16" />
  <attribute name="heapSize specified" value="116850688" />
  <attribute name="Current GC Util" value="62" />
  <attribute name= "Current Time Running" value="141653" />
  <attribute name ="GC Interval" value="0" />
  <attribute name="Target GC Util Change" value ="80.000000" />
  <attribute name="Current GC Util Change" value="62.000000"/>
  <attribute name="Current Error" value="-225.000000" />
  <attribute name="Output H" value="117152368"/>
  <attribute name="Output I" value="840"/>
  <attribute name="Output T" value="16"/>
  <attribute name= "Current Time Running" value="141653" />
  <attribute name="GC Util currently" value="62" />
  <attribute name="CPU Util currently" value="33457653066" />
<cycle-start id="7086" type="global" contextid="0" timestamp="2019-08-08T07:22:54.109" intervalms="1.437" />
<gc-start id="7087" type="global" contextid="7086" timestamp="2019-08-08T07:22:54.109">
  <mem-info id="7088" free="1171456" total="117178368" percent="0">
    <mem type="tenure" free="1171456" total="117178368" percent="0">
      <mem type="soa" free="0" total="116006912" percent="0" />
      <mem type="loa" free="1171456" total="1171456" percent="100" />
    </mem>
  </mem-info>
</gc-start>
<allocation-stats totalBytes="88276256" >
  <allocated-bytes non-tlh="0" tlh="88276256" />
  <largest-consumer threadName="Thread-32" threadId="0000000000C84F00" bytes="9403496" />
</allocation-stats>
<gc-op id="7089" type="mark" timems="15.918" contextid="7086" timestamp="2019-08-08T07:22:54.125">
  <trace-info objectcount="737911" scancount="654920" scanbytes="19015680" />
  <finalization candidates="150" enqueued="0" />
  <ownableSynchronizers candidates="23" cleared="0" />
  <references type="soft" candidates="1903" cleared="0" enqueued="0" dynamicThreshold="24" maxThreshold="32" />
  <references type="weak" candidates="6094" cleared="0" enqueued="0" />
  <references type="phantom" candidates="250" cleared="0" enqueued="0" />
  <stringconstants candidates="14609" cleared="0"  />
</gc-op>
<gc-op id="7090" type="sweep" timems="3.912" contextid="7086" timestamp="2019-08-08T07:22:54.129" />
<mem-info id="7091" free="89470136" total="117178368" percent="76">
  <mem type="tenure" free="89470136" total="117178368" percent="76" micro-fragmented="119455">
    <mem type="soa" free="88298680" total="116006912" percent="76" />
    <mem type="loa" free="1171456" total="1171456" percent="100" />
  </mem>
</mem-info>
<gc-op id="7092" type="compact" timems="37.266" contextid="7086" timestamp="2019-08-08T07:22:54.166">
  <compact-info movecount="132936" movebytes="9145736" reason="compact to aid heap contraction" />
</gc-op>
<heap-resize id="7093" type="expand" space="tenure" amount="327680" count="1" timems="0.025" reason="satisfy allocation request" timestamp="2019-08-08T07:22:54.167" />
<gc-end id="7094" type="global" contextid="7086" durationms="57.953" usertimems="214.540" systemtimems="0.000" timestamp="2019-08-08T07:22:54.167" activeThreads="16">
  <mem-info id="7095" free="89892680" total="117506048" percent="76">
    <mem type="tenure" free="89892680" total="117506048" percent="76">
      <mem type="soa" free="88718152" total="116331520" percent="76" />
      <mem type="loa" free="1174528" total="1174528" percent="100" />
    </mem>
  </mem-info>
</gc-end>
<cycle-end id="7096" type="global" contextid="7086" timestamp="2019-08-08T07:22:54.167" />
  <attribute name="elasticGC enabled" value="1" />
  <attribute name= "numThreadsSpecified" value="16" />
  <attribute name="heapSize specified" value="117178368" />
  <attribute name="Current GC Util" value="78" />
  <attribute name= "Current Time Running" value="141777" />
  <attribute name ="GC Interval" value="0" />
  <attribute name="Target GC Util Change" value ="80.000000" />
  <attribute name="Current GC Util Change" value="78.000000"/>
  <attribute name="Current Error" value="28.000000" />
  <attribute name="Output H" value="117481216"/>
  <attribute name="Output I" value="2160"/>
  <attribute name="Output T" value="16"/>
  <attribute name= "Current Time Running" value="141777" />
  <attribute name="GC Util currently" value="78" />
  <attribute name="CPU Util currently" value="30904588982" />
<allocation-satisfied id="7097" threadId="0000000000CD7500" bytesRequested="40" />
<af-end id="7098" timestamp="2019-08-08T07:22:54.167" threadId="0000000000CD7E88" success="true" />
<exclusive-end id="7099" timestamp="2019-08-08T07:22:54.167" durationms="58.457" />

<concurrent-kickoff id="7100" timestamp="2019-08-08T07:22:54.231">
  <kickoff reason="threshold reached" targetBytes="9777941" thresholdFreeBytes="1332538" remainingFree="1308304" tenureFreeBytes="1308304" />
</concurrent-kickoff>
<exclusive-start id="7101" timestamp="2019-08-08T07:22:54.233" intervalms="123.728">
  <response-info timems="1.019" idlems="1.019" threads="0" lastid="0000000000C81300" lastname="Thread-21" />
</exclusive-start>
<cycle-start id="7102" type="global" contextid="0" timestamp="2019-08-08T07:22:54.233" intervalms="123.648" />
<exclusive-end id="7103" timestamp="2019-08-08T07:22:54.233" durationms="0.066" />

<exclusive-start id="7104" timestamp="2019-08-08T07:22:54.233" intervalms="0.724">
  <response-info timems="0.451" idlems="0.451" threads="0" lastid="0000000000C90300" lastname="Thread-24" />
</exclusive-start>
<af-start id="7105" threadId="0000000000C90C88" totalBytesRequested="24" timestamp="2019-08-08T07:22:54.233" intervalms="124.468" />
<concurrent-aborted id="7106" timestamp="2019-08-08T07:22:54.233">
  <reason value="insufficient progress made" />
</concurrent-aborted>
<cycle-end id="7107" type="global" contextid="7102" timestamp="2019-08-08T07:22:54.233" />
  <attribute name="elasticGC enabled" value="1" />
  <attribute name= "numThreadsSpecified" value="16" />
  <attribute name="heapSize specified" value="117178368" />
  <attribute name="Current GC Util" value="78" />
  <attribute name= "Current Time Running" value="141777" />
  <attribute name ="GC Interval" value="0" />
  <attribute name="Target GC Util Change" value ="80.000000" />
  <attribute name="Current GC Util Change" value="78.000000"/>
  <attribute name="Current Error" value="28.000000" />
  <attribute name="Output H" value="117481216"/>
  <attribute name="Output I" value="2160"/>
  <attribute name="Output T" value="16"/>
  <attribute name= "Current Time Running" value="141777" />
  <attribute name="GC Util currently" value="78" />
  <attribute name="CPU Util currently" value="30904588982" />
<cycle-start id="7108" type="global" contextid="0" timestamp="2019-08-08T07:22:54.233" intervalms="0.814" />
<gc-start id="7109" type="global" contextid="7108" timestamp="2019-08-08T07:22:54.234">
  <mem-info id="7110" free="1174528" total="117506048" percent="0">
    <mem type="tenure" free="1174528" total="117506048" percent="0">
      <mem type="soa" free="0" total="116331520" percent="0" />
      <mem type="loa" free="1174528" total="1174528" percent="100" />
    </mem>
  </mem-info>
</gc-start>
<allocation-stats totalBytes="88777240" >
  <allocated-bytes non-tlh="0" tlh="88777240" />
  <largest-consumer threadName="Thread-32" threadId="0000000000C84F00" bytes="8879464" />
</allocation-stats>
<gc-op id="7111" type="mark" timems="10.699" contextid="7108" timestamp="2019-08-08T07:22:54.244">
  <trace-info objectcount="730982" scancount="647983" scanbytes="18848952" />
  <finalization candidates="150" enqueued="0" />
  <ownableSynchronizers candidates="23" cleared="0" />
  <references type="soft" candidates="1903" cleared="3" enqueued="3" dynamicThreshold="24" maxThreshold="32" />
  <references type="weak" candidates="6094" cleared="0" enqueued="0" />
  <references type="phantom" candidates="250" cleared="0" enqueued="0" />
  <stringconstants candidates="14609" cleared="0"  />
</gc-op>
<gc-op id="7112" type="sweep" timems="2.522" contextid="7108" timestamp="2019-08-08T07:22:54.247" />
<mem-info id="7113" free="89972248" total="117506048" percent="76">
  <mem type="tenure" free="89972248" total="117506048" percent="76" micro-fragmented="167859">
    <mem type="soa" free="88797720" total="116331520" percent="76" />
    <mem type="loa" free="1174528" total="1174528" percent="100" />
  </mem>
  <pending-finalizers system="0" default="0" reference="3" classloader="0" />
</mem-info>
<gc-op id="7114" type="compact" timems="36.135" contextid="7108" timestamp="2019-08-08T07:22:54.283">
  <compact-info movecount="136753" movebytes="9561336" reason="compact to aid heap contraction" />
</gc-op>
<heap-resize id="7115" type="expand" space="tenure" amount="327680" count="1" timems="0.023" reason="satisfy allocation request" timestamp="2019-08-08T07:22:54.284" />
<gc-end id="7116" type="global" contextid="7108" durationms="50.768" usertimems="149.109" systemtimems="0.000" timestamp="2019-08-08T07:22:54.284" activeThreads="16">
  <mem-info id="7117" free="90387096" total="117833728" percent="76">
    <mem type="tenure" free="90387096" total="117833728" percent="76">
      <mem type="soa" free="89209496" total="116656128" percent="76" />
      <mem type="loa" free="1177600" total="1177600" percent="100" />
    </mem>
    <pending-finalizers system="0" default="0" reference="3" classloader="0" />
  </mem-info>
</gc-end>
<cycle-end id="7118" type="global" contextid="7108" timestamp="2019-08-08T07:22:54.284" />
  <attribute name="elasticGC enabled" value="1" />
  <attribute name= "numThreadsSpecified" value="16" />
  <attribute name="heapSize specified" value="117506048" />
  <attribute name="Current GC Util" value="104" />
  <attribute name= "Current Time Running" value="141894" />
  <attribute name ="GC Interval" value="0" />
  <attribute name="Target GC Util Change" value ="80.000000" />
  <attribute name="Current GC Util Change" value="104.000000"/>
  <attribute name="Current Error" value="-24.000000" />
  <attribute name="Output H" value="117808656"/>
  <attribute name="Output I" value="1888"/>
  <attribute name="Output T" value="16"/>
  <attribute name= "Current Time Running" value="141894" />
  <attribute name="GC Util currently" value="104" />
  <attribute name="CPU Util currently" value="31872195540" />
<allocation-satisfied id="7119" threadId="0000000000C90300" bytesRequested="24" />
<af-end id="7120" timestamp="2019-08-08T07:22:54.284" threadId="0000000000C90C88" success="true" />
<exclusive-end id="7121" timestamp="2019-08-08T07:22:54.284" durationms="51.064" />

<concurrent-kickoff id="7122" timestamp="2019-08-08T07:22:54.354">
  <kickoff reason="threshold reached" targetBytes="9805208" thresholdFreeBytes="1336255" remainingFree="1317816" tenureFreeBytes="1317816" />
</concurrent-kickoff>
<exclusive-start id="7123" timestamp="2019-08-08T07:22:54.355" intervalms="121.295">
  <response-info timems="0.887" idlems="0.887" threads="0" lastid="0000000000C90300" lastname="Thread-24" />
</exclusive-start>
<af-start id="7124" threadId="0000000000C90C88" totalBytesRequested="40" timestamp="2019-08-08T07:22:54.355" intervalms="121.294" />
<concurrent-aborted id="7125" timestamp="2019-08-08T07:22:54.355">
  <reason value="insufficient progress made" />
</concurrent-aborted>
<cycle-end id="7126" type="global" contextid="7102" timestamp="2019-08-08T07:22:54.355" />
  <attribute name="elasticGC enabled" value="1" />
  <attribute name= "numThreadsSpecified" value="16" />
  <attribute name="heapSize specified" value="117506048" />
  <attribute name="Current GC Util" value="104" />
  <attribute name= "Current Time Running" value="141894" />
  <attribute name ="GC Interval" value="0" />
  <attribute name="Target GC Util Change" value ="80.000000" />
  <attribute name="Current GC Util Change" value="104.000000"/>
  <attribute name="Current Error" value="-24.000000" />
  <attribute name="Output H" value="117808656"/>
  <attribute name="Output I" value="1888"/>
  <attribute name="Output T" value="16"/>
  <attribute name= "Current Time Running" value="141894" />
  <attribute name="GC Util currently" value="104" />
  <attribute name="CPU Util currently" value="31872195540" />
<cycle-start id="7127" type="global" contextid="0" timestamp="2019-08-08T07:22:54.355" intervalms="121.293" />
<gc-start id="7128" type="global" contextid="7127" timestamp="2019-08-08T07:22:54.355">
  <mem-info id="7129" free="1177600" total="117833728" percent="0">
    <mem type="tenure" free="1177600" total="117833728" percent="0">
      <mem type="soa" free="0" total="116656128" percent="0" />
      <mem type="loa" free="1177600" total="1177600" percent="100" />
    </mem>
  </mem-info>
</gc-start>
<allocation-stats totalBytes="89264256" >
  <allocated-bytes non-tlh="0" tlh="89264256" />
  <largest-consumer threadName="Thread-24" threadId="0000000000C90300" bytes="9403296" />
</allocation-stats>
<gc-op id="7130" type="mark" timems="12.264" contextid="7127" timestamp="2019-08-08T07:22:54.367">
  <trace-info objectcount="727820" scancount="644847" scanbytes="18774352" />
  <finalization candidates="150" enqueued="0" />
  <ownableSynchronizers candidates="23" cleared="0" />
  <references type="soft" candidates="1900" cleared="0" enqueued="0" dynamicThreshold="24" maxThreshold="32" />
  <references type="weak" candidates="6094" cleared="0" enqueued="0" />
  <references type="phantom" candidates="250" cleared="0" enqueued="0" />
  <stringconstants candidates="14609" cleared="0"  />
</gc-op>
<gc-op id="7131" type="sweep" timems="1.958" contextid="7127" timestamp="2019-08-08T07:22:54.369" />
<mem-info id="7132" free="90341640" total="117833728" percent="76">
  <mem type="tenure" free="90341640" total="117833728" percent="76" micro-fragmented="95282">
    <mem type="soa" free="89164040" total="116656128" percent="76" />
    <mem type="loa" free="1177600" total="1177600" percent="100" />
  </mem>
</mem-info>
<gc-op id="7133" type="compact" timems="28.100" contextid="7127" timestamp="2019-08-08T07:22:54.397">
  <compact-info movecount="113492" movebytes="5130840" reason="compact to aid heap contraction" />
</gc-op>
<heap-resize id="7134" type="expand" space="tenure" amount="327680" count="1" timems="0.021" reason="satisfy allocation request" timestamp="2019-08-08T07:22:54.398" />
<gc-end id="7135" type="global" contextid="7127" durationms="43.309" usertimems="141.512" systemtimems="0.000" timestamp="2019-08-08T07:22:54.398" activeThreads="16">
  <mem-info id="7136" free="90789376" total="118161408" percent="76">
    <mem type="tenure" free="90789376" total="118161408" percent="76">
      <mem type="soa" free="89608704" total="116980736" percent="76" />
      <mem type="loa" free="1180672" total="1180672" percent="100" />
    </mem>
  </mem-info>
</gc-end>
<cycle-end id="7137" type="global" contextid="7127" timestamp="2019-08-08T07:22:54.398" />
  <attribute name="elasticGC enabled" value="1" />
  <attribute name= "numThreadsSpecified" value="16" />
  <attribute name="heapSize specified" value="117833728" />
  <attribute name="Current GC Util" value="80" />
  <attribute name= "Current Time Running" value="142008" />
  <attribute name ="GC Interval" value="0" />
  <attribute name="Target GC Util Change" value ="80.000000" />
  <attribute name="Current GC Util Change" value="80.000000"/>
  <attribute name="Current Error" value="-585.000000" />
  <attribute name="Output H" value="118133744"/>
  <attribute name="Output I" value="200"/>
  <attribute name="Output T" value="16"/>
  <attribute name= "Current Time Running" value="142008" />
  <attribute name="GC Util currently" value="80" />
  <attribute name="CPU Util currently" value="40974918471" />
<allocation-satisfied id="7138" threadId="0000000000C90300" bytesRequested="40" />
<af-end id="7139" timestamp="2019-08-08T07:22:54.398" threadId="0000000000C90C88" success="true" />
<exclusive-end id="7140" timestamp="2019-08-08T07:22:54.398" durationms="43.578" />

<concurrent-kickoff id="7141" timestamp="2019-08-08T07:22:54.488">
  <kickoff reason="threshold reached" targetBytes="9832474" thresholdFreeBytes="1339970" remainingFree="1313048" tenureFreeBytes="1313048" />
</concurrent-kickoff>
<exclusive-start id="7142" timestamp="2019-08-08T07:22:54.502" intervalms="147.334">
  <response-info timems="13.944" idlems="13.944" threads="0" lastid="0000000000CA6A00" lastname="Thread-28" />
</exclusive-start>
<af-start id="7143" threadId="0000000000CA7388" totalBytesRequested="40" timestamp="2019-08-08T07:22:54.502" intervalms="147.336" />
<concurrent-aborted id="7144" timestamp="2019-08-08T07:22:54.502">
  <reason value="insufficient progress made" />
</concurrent-aborted>
<cycle-end id="7145" type="global" contextid="7102" timestamp="2019-08-08T07:22:54.502" />
  <attribute name="elasticGC enabled" value="1" />
  <attribute name= "numThreadsSpecified" value="16" />
  <attribute name="heapSize specified" value="117833728" />
  <attribute name="Current GC Util" value="80" />
  <attribute name= "Current Time Running" value="142008" />
  <attribute name ="GC Interval" value="0" />
  <attribute name="Target GC Util Change" value ="80.000000" />
  <attribute name="Current GC Util Change" value="80.000000"/>
  <attribute name="Current Error" value="-585.000000" />
  <attribute name="Output H" value="118133744"/>
  <attribute name="Output I" value="200"/>
  <attribute name="Output T" value="16"/>
  <attribute name= "Current Time Running" value="142008" />
  <attribute name="GC Util currently" value="80" />
  <attribute name="CPU Util currently" value="40974918471" />
<cycle-start id="7146" type="global" contextid="0" timestamp="2019-08-08T07:22:54.502" intervalms="147.322" />
<gc-start id="7147" type="global" contextid="7146" timestamp="2019-08-08T07:22:54.502">
  <mem-info id="7148" free="1180672" total="118161408" percent="0">
    <mem type="tenure" free="1180672" total="118161408" percent="0">
      <mem type="soa" free="0" total="116980736" percent="0" />
      <mem type="loa" free="1180672" total="1180672" percent="100" />
    </mem>
  </mem-info>
</gc-start>
<allocation-stats totalBytes="89668648" >
  <allocated-bytes non-tlh="0" tlh="89668648" />
  <largest-consumer threadName="Thread-30" threadId="0000000000CC8500" bytes="10615432" />
</allocation-stats>
<gc-op id="7149" type="mark" timems="12.714" contextid="7146" timestamp="2019-08-08T07:22:54.515">
  <trace-info objectcount="725221" scancount="642232" scanbytes="18710392" />
  <finalization candidates="150" enqueued="0" />
  <ownableSynchronizers candidates="23" cleared="0" />
  <references type="soft" candidates="1900" cleared="0" enqueued="0" dynamicThreshold="24" maxThreshold="32" />
  <references type="weak" candidates="6094" cleared="0" enqueued="0" />
  <references type="phantom" candidates="250" cleared="0" enqueued="0" />
  <stringconstants candidates="14609" cleared="0"  />
</gc-op>
<gc-op id="7150" type="sweep" timems="1.714" contextid="7146" timestamp="2019-08-08T07:22:54.517" />
<mem-info id="7151" free="90734192" total="118161408" percent="76">
  <mem type="tenure" free="90734192" total="118161408" percent="76" micro-fragmented="147280">
    <mem type="soa" free="89553520" total="116980736" percent="76" />
    <mem type="loa" free="1180672" total="1180672" percent="100" />
  </mem>
</mem-info>
<gc-op id="7152" type="compact" timems="30.805" contextid="7146" timestamp="2019-08-08T07:22:54.548">
  <compact-info movecount="106992" movebytes="4881672" reason="compact to aid heap contraction" />
</gc-op>
<heap-resize id="7153" type="expand" space="tenure" amount="327680" count="1" timems="0.025" reason="satisfy allocation request" timestamp="2019-08-08T07:22:54.548" />
<gc-end id="7154" type="global" contextid="7146" durationms="46.141" usertimems="129.133" systemtimems="0.000" timestamp="2019-08-08T07:22:54.548" activeThreads="16">
  <mem-info id="7155" free="91181016" total="118489088" percent="76">
    <mem type="tenure" free="91181016" total="118489088" percent="76">
      <mem type="soa" free="89996248" total="117304320" percent="76" />
      <mem type="loa" free="1184768" total="1184768" percent="100" />
    </mem>
  </mem-info>
</gc-end>
<cycle-end id="7156" type="global" contextid="7146" timestamp="2019-08-08T07:22:54.548" />
  <attribute name="elasticGC enabled" value="1" />
  <attribute name= "numThreadsSpecified" value="16" />
  <attribute name="heapSize specified" value="118161408" />
  <attribute name="Current GC Util" value="79" />
  <attribute name= "Current Time Running" value="142158" />
  <attribute name ="GC Interval" value="0" />
  <attribute name="Target GC Util Change" value ="80.000000" />
  <attribute name="Current GC Util Change" value="79.000000"/>
  <attribute name="Current Error" value="-480.000000" />
  <attribute name="Output H" value="118461904"/>
  <attribute name="Output I" value="200"/>
  <attribute name="Output T" value="16"/>
  <attribute name= "Current Time Running" value="142158" />
  <attribute name="GC Util currently" value="79" />
  <attribute name="CPU Util currently" value="37322862220" />
<allocation-satisfied id="7157" threadId="0000000000CA6A00" bytesRequested="40" />
<af-end id="7158" timestamp="2019-08-08T07:22:54.549" threadId="0000000000CA7388" success="true" />
<exclusive-end id="7159" timestamp="2019-08-08T07:22:54.549" durationms="46.553" />

<concurrent-kickoff id="7160" timestamp="2019-08-08T07:22:54.616">
  <kickoff reason="threshold reached" targetBytes="9859741" thresholdFreeBytes="1343686" remainingFree="1184768" tenureFreeBytes="1184768" />
</concurrent-kickoff>
<exclusive-start id="7161" timestamp="2019-08-08T07:22:54.616" intervalms="114.469">
  <response-info timems="0.436" idlems="0.232" threads="1" lastid="0000000000CC8500" lastname="Thread-30" />
</exclusive-start>
<af-start id="7162" threadId="0000000000CC5288" totalBytesRequested="40" timestamp="2019-08-08T07:22:54.616" intervalms="114.463" />
<concurrent-aborted id="7163" timestamp="2019-08-08T07:22:54.616">
  <reason value="insufficient progress made" />
</concurrent-aborted>
<cycle-end id="7164" type="global" contextid="7102" timestamp="2019-08-08T07:22:54.616" />
  <attribute name="elasticGC enabled" value="1" />
  <attribute name= "numThreadsSpecified" value="16" />
  <attribute name="heapSize specified" value="118161408" />
  <attribute name="Current GC Util" value="79" />
  <attribute name= "Current Time Running" value="142158" />
  <attribute name ="GC Interval" value="0" />
  <attribute name="Target GC Util Change" value ="80.000000" />
  <attribute name="Current GC Util Change" value="79.000000"/>
  <attribute name="Current Error" value="-480.000000" />
  <attribute name="Output H" value="118461904"/>
  <attribute name="Output I" value="200"/>
  <attribute name="Output T" value="16"/>
  <attribute name= "Current Time Running" value="142158" />
  <attribute name="GC Util currently" value="79" />
  <attribute name="CPU Util currently" value="37322862220" />
<cycle-start id="7165" type="global" contextid="0" timestamp="2019-08-08T07:22:54.617" intervalms="114.473" />
<gc-start id="7166" type="global" contextid="7165" timestamp="2019-08-08T07:22:54.617">
  <mem-info id="7167" free="1184768" total="118489088" percent="0">
    <mem type="tenure" free="1184768" total="118489088" percent="0">
      <mem type="soa" free="0" total="117304320" percent="0" />
      <mem type="loa" free="1184768" total="1184768" percent="100" />
    </mem>
  </mem-info>
</gc-start>
<allocation-stats totalBytes="90051368" >
  <allocated-bytes non-tlh="0" tlh="90051368" />
  <largest-consumer threadName="Thread-30" threadId="0000000000CC8500" bytes="8748136" />
</allocation-stats>
<gc-op id="7168" type="mark" timems="11.680" contextid="7165" timestamp="2019-08-08T07:22:54.628">
  <trace-info objectcount="726286" scancount="643283" scanbytes="18736864" />
  <finalization candidates="150" enqueued="0" />
  <ownableSynchronizers candidates="23" cleared="0" />
  <references type="soft" candidates="1900" cleared="0" enqueued="0" dynamicThreshold="24" maxThreshold="32" />
  <references type="weak" candidates="6094" cleared="0" enqueued="0" />
  <references type="phantom" candidates="250" cleared="0" enqueued="0" />
  <stringconstants candidates="14609" cleared="0"  />
</gc-op>
<gc-op id="7169" type="sweep" timems="4.957" contextid="7165" timestamp="2019-08-08T07:22:54.633" />
<mem-info id="7170" free="91036712" total="118489088" percent="76">
  <mem type="tenure" free="91036712" total="118489088" percent="76" micro-fragmented="209097">
    <mem type="soa" free="89851944" total="117304320" percent="76" />
    <mem type="loa" free="1184768" total="1184768" percent="100" />
  </mem>
</mem-info>
<gc-op id="7171" type="compact" timems="32.510" contextid="7165" timestamp="2019-08-08T07:22:54.666">
  <compact-info movecount="106702" movebytes="4829832" reason="compact to aid heap contraction" />
</gc-op>
<heap-resize id="7172" type="expand" space="tenure" amount="327680" count="1" timems="0.021" reason="satisfy allocation request" timestamp="2019-08-08T07:22:54.667" />
<gc-end id="7173" type="global" contextid="7165" durationms="50.725" usertimems="147.639" systemtimems="0.000" timestamp="2019-08-08T07:22:54.667" activeThreads="16">
  <mem-info id="7174" free="91482224" total="118816768" percent="76">
    <mem type="tenure" free="91482224" total="118816768" percent="76">
      <mem type="soa" free="90294384" total="117628928" percent="76" />
      <mem type="loa" free="1187840" total="1187840" percent="100" />
    </mem>
  </mem-info>
</gc-end>
<cycle-end id="7175" type="global" contextid="7165" timestamp="2019-08-08T07:22:54.667" />
  <attribute name="elasticGC enabled" value="1" />
  <attribute name= "numThreadsSpecified" value="16" />
  <attribute name="heapSize specified" value="118489088" />
  <attribute name="Current GC Util" value="135" />
  <attribute name= "Current Time Running" value="142276" />
  <attribute name ="GC Interval" value="0" />
  <attribute name="Target GC Util Change" value ="80.000000" />
  <attribute name="Current GC Util Change" value="135.000000"/>
  <attribute name="Current Error" value="-659.000000" />
  <attribute name="Output H" value="118788760"/>
  <attribute name="Output I" value="200"/>
  <attribute name="Output T" value="16"/>
  <attribute name= "Current Time Running" value="142276" />
  <attribute name="GC Util currently" value="135" />
  <attribute name="CPU Util currently" value="35420711494" />
<allocation-satisfied id="7176" threadId="0000000000CC4900" bytesRequested="40" />
<af-end id="7177" timestamp="2019-08-08T07:22:54.668" threadId="0000000000CC5288" success="true" />
<exclusive-end id="7178" timestamp="2019-08-08T07:22:54.668" durationms="51.093" />

<concurrent-kickoff id="7179" timestamp="2019-08-08T07:22:54.721">
  <kickoff reason="threshold reached" targetBytes="9887009" thresholdFreeBytes="1347402" remainingFree="1230184" tenureFreeBytes="1230184" />
</concurrent-kickoff>
<exclusive-start id="7180" timestamp="2019-08-08T07:22:54.722" intervalms="106.028">
  <response-info timems="1.036" idlems="0.521" threads="1" lastid="0000000000C93F00" lastname="Thread-34" />
</exclusive-start>
<af-start id="7181" threadId="0000000000CBDB88" totalBytesRequested="40" timestamp="2019-08-08T07:22:54.723" intervalms="106.047" />
<concurrent-aborted id="7182" timestamp="2019-08-08T07:22:54.723">
  <reason value="insufficient progress made" />
</concurrent-aborted>
<cycle-end id="7183" type="global" contextid="7102" timestamp="2019-08-08T07:22:54.723" />
  <attribute name="elasticGC enabled" value="1" />
  <attribute name= "numThreadsSpecified" value="16" />
  <attribute name="heapSize specified" value="118489088" />
  <attribute name="Current GC Util" value="135" />
  <attribute name= "Current Time Running" value="142276" />
  <attribute name ="GC Interval" value="0" />
  <attribute name="Target GC Util Change" value ="80.000000" />
  <attribute name="Current GC Util Change" value="135.000000"/>
  <attribute name="Current Error" value="-659.000000" />
  <attribute name="Output H" value="118788760"/>
  <attribute name="Output I" value="200"/>
  <attribute name="Output T" value="16"/>
  <attribute name= "Current Time Running" value="142276" />
  <attribute name="GC Util currently" value="135" />
  <attribute name="CPU Util currently" value="35420711494" />
<cycle-start id="7184" type="global" contextid="0" timestamp="2019-08-08T07:22:54.723" intervalms="106.037" />
<gc-start id="7185" type="global" contextid="7184" timestamp="2019-08-08T07:22:54.723">
  <mem-info id="7186" free="1187840" total="118816768" percent="0">
    <mem type="tenure" free="1187840" total="118816768" percent="0">
      <mem type="soa" free="0" total="117628928" percent="0" />
      <mem type="loa" free="1187840" total="1187840" percent="100" />
    </mem>
  </mem-info>
</gc-start>
<allocation-stats totalBytes="90347584" >
  <allocated-bytes non-tlh="0" tlh="90347584" />
  <largest-consumer threadName="Thread-28" threadId="0000000000CA6A00" bytes="9140816" />
</allocation-stats>
<gc-op id="7187" type="mark" timems="9.666" contextid="7184" timestamp="2019-08-08T07:22:54.732">
  <trace-info objectcount="732234" scancount="649235" scanbytes="18879288" />
  <finalization candidates="150" enqueued="0" />
  <ownableSynchronizers candidates="23" cleared="0" />
  <references type="soft" candidates="1900" cleared="0" enqueued="0" dynamicThreshold="24" maxThreshold="32" />
  <references type="weak" candidates="6094" cleared="0" enqueued="0" />
  <references type="phantom" candidates="250" cleared="0" enqueued="0" />
  <stringconstants candidates="14609" cleared="0"  />
</gc-op>
<gc-op id="7188" type="sweep" timems="1.680" contextid="7184" timestamp="2019-08-08T07:22:54.734" />
<mem-info id="7189" free="91252192" total="118816768" percent="76">
  <mem type="tenure" free="91252192" total="118816768" percent="76" micro-fragmented="130135">
    <mem type="soa" free="90064352" total="117628928" percent="76" />
    <mem type="loa" free="1187840" total="1187840" percent="100" />
  </mem>
</mem-info>
<gc-op id="7190" type="compact" timems="27.833" contextid="7184" timestamp="2019-08-08T07:22:54.762">
  <compact-info movecount="117915" movebytes="5235992" reason="compact to aid heap contraction" />
</gc-op>
<heap-resize id="7191" type="expand" space="tenure" amount="327680" count="1" timems="0.022" reason="satisfy allocation request" timestamp="2019-08-08T07:22:54.763" />
<gc-end id="7192" type="global" contextid="7184" durationms="39.968" usertimems="130.610" systemtimems="0.000" timestamp="2019-08-08T07:22:54.763" activeThreads="16">
  <mem-info id="7193" free="91667480" total="119144448" percent="76">
    <mem type="tenure" free="91667480" total="119144448" percent="76">
      <mem type="soa" free="90476568" total="117953536" percent="76" />
      <mem type="loa" free="1190912" total="1190912" percent="100" />
    </mem>
  </mem-info>
</gc-end>
<cycle-end id="7194" type="global" contextid="7184" timestamp="2019-08-08T07:22:54.763" />
  <attribute name="elasticGC enabled" value="1" />
  <attribute name= "numThreadsSpecified" value="16" />
  <attribute name="heapSize specified" value="118816768" />
  <attribute name="Current GC Util" value="98" />
  <attribute name= "Current Time Running" value="142372" />
  <attribute name ="GC Interval" value="0" />
  <attribute name="Target GC Util Change" value ="80.000000" />
  <attribute name="Current GC Util Change" value="98.000000"/>
  <attribute name="Current Error" value="-146.000000" />
  <attribute name="Output H" value="119118808"/>
  <attribute name="Output I" value="1256"/>
  <attribute name="Output T" value="16"/>
  <attribute name= "Current Time Running" value="142372" />
  <attribute name="GC Util currently" value="98" />
  <attribute name="CPU Util currently" value="41360947615" />
<allocation-satisfied id="7195" threadId="0000000000CBD200" bytesRequested="40" />
<af-end id="7196" timestamp="2019-08-08T07:22:54.763" threadId="0000000000CBDB88" success="true" />
<exclusive-end id="7197" timestamp="2019-08-08T07:22:54.763" durationms="40.204" />

<concurrent-kickoff id="7198" timestamp="2019-08-08T07:22:54.807">
  <kickoff reason="threshold reached" targetBytes="9914276" thresholdFreeBytes="1351117" remainingFree="1285688" tenureFreeBytes="1285688" />
</concurrent-kickoff>
<exclusive-start id="7199" timestamp="2019-08-08T07:22:54.808" intervalms="85.252">
  <response-info timems="0.500" idlems="0.500" threads="0" lastid="0000000000CB5A00" lastname="Thread-33" />
</exclusive-start>
<af-start id="7200" threadId="0000000000CB6388" totalBytesRequested="40" timestamp="2019-08-08T07:22:54.808" intervalms="85.226" />
<concurrent-aborted id="7201" timestamp="2019-08-08T07:22:54.808">
  <reason value="insufficient progress made" />
</concurrent-aborted>
<cycle-end id="7202" type="global" contextid="7102" timestamp="2019-08-08T07:22:54.808" />
  <attribute name="elasticGC enabled" value="1" />
  <attribute name= "numThreadsSpecified" value="16" />
  <attribute name="heapSize specified" value="118816768" />
  <attribute name="Current GC Util" value="98" />
  <attribute name= "Current Time Running" value="142372" />
  <attribute name ="GC Interval" value="0" />
  <attribute name="Target GC Util Change" value ="80.000000" />
  <attribute name="Current GC Util Change" value="98.000000"/>
  <attribute name="Current Error" value="-146.000000" />
  <attribute name="Output H" value="119118808"/>
  <attribute name="Output I" value="1256"/>
  <attribute name="Output T" value="16"/>
  <attribute name= "Current Time Running" value="142372" />
  <attribute name="GC Util currently" value="98" />
  <attribute name="CPU Util currently" value="41360947615" />
<cycle-start id="7203" type="global" contextid="0" timestamp="2019-08-08T07:22:54.808" intervalms="85.298" />
<gc-start id="7204" type="global" contextid="7203" timestamp="2019-08-08T07:22:54.808">
  <mem-info id="7205" free="1190912" total="119144448" percent="0">
    <mem type="tenure" free="1190912" total="119144448" percent="0">
      <mem type="soa" free="0" total="117953536" percent="0" />
      <mem type="loa" free="1190912" total="1190912" percent="100" />
    </mem>
  </mem-info>
</gc-start>
<allocation-stats totalBytes="90530216" >
  <allocated-bytes non-tlh="0" tlh="90530216" />
  <largest-consumer threadName="Thread-31" threadId="0000000000C9F200" bytes="24569288" />
</allocation-stats>
<gc-op id="7206" type="mark" timems="10.037" contextid="7203" timestamp="2019-08-08T07:22:54.818">
  <trace-info objectcount="732855" scancount="649862" scanbytes="18894640" />
  <finalization candidates="150" enqueued="0" />
  <ownableSynchronizers candidates="23" cleared="0" />
  <references type="soft" candidates="1900" cleared="0" enqueued="0" dynamicThreshold="24" maxThreshold="32" />
  <references type="weak" candidates="6094" cleared="0" enqueued="0" />
  <references type="phantom" candidates="250" cleared="0" enqueued="0" />
  <stringconstants candidates="14609" cleared="0"  />
</gc-op>
<gc-op id="7207" type="sweep" timems="2.167" contextid="7203" timestamp="2019-08-08T07:22:54.820" />
<mem-info id="7208" free="91598072" total="119144448" percent="76">
  <mem type="tenure" free="91598072" total="119144448" percent="76" micro-fragmented="69402">
    <mem type="soa" free="90407160" total="117953536" percent="76" />
    <mem type="loa" free="1190912" total="1190912" percent="100" />
  </mem>
</mem-info>
<gc-op id="7209" type="compact" timems="27.892" contextid="7203" timestamp="2019-08-08T07:22:54.848">
  <compact-info movecount="103562" movebytes="4577104" reason="compact to aid heap contraction" />
</gc-op>
<heap-resize id="7210" type="expand" space="tenure" amount="327680" count="1" timems="0.022" reason="satisfy allocation request" timestamp="2019-08-08T07:22:54.849" />
<gc-end id="7211" type="global" contextid="7203" durationms="40.936" usertimems="104.577" systemtimems="0.000" timestamp="2019-08-08T07:22:54.849" activeThreads="16">
  <mem-info id="7212" free="91979808" total="119472128" percent="76">
    <mem type="tenure" free="91979808" total="119472128" percent="76">
      <mem type="soa" free="90785824" total="118278144" percent="76" />
      <mem type="loa" free="1193984" total="1193984" percent="100" />
    </mem>
  </mem-info>
</gc-end>
<cycle-end id="7213" type="global" contextid="7203" timestamp="2019-08-08T07:22:54.849" />
  <attribute name="elasticGC enabled" value="1" />
  <attribute name= "numThreadsSpecified" value="16" />
  <attribute name="heapSize specified" value="119144448" />
  <attribute name="Current GC Util" value="76" />
  <attribute name= "Current Time Running" value="142459" />
  <attribute name ="GC Interval" value="0" />
  <attribute name="Target GC Util Change" value ="80.000000" />
  <attribute name="Current GC Util Change" value="76.000000"/>
  <attribute name="Current Error" value="-105.000000" />
  <attribute name="Output H" value="119446680"/>
  <attribute name="Output I" value="1464"/>
  <attribute name="Output T" value="16"/>
  <attribute name= "Current Time Running" value="142459" />
  <attribute name="GC Util currently" value="76" />
  <attribute name="CPU Util currently" value="41287780972" />
<allocation-satisfied id="7214" threadId="0000000000CB5A00" bytesRequested="40" />
<af-end id="7215" timestamp="2019-08-08T07:22:54.849" threadId="0000000000CB6388" success="true" />
<exclusive-end id="7216" timestamp="2019-08-08T07:22:54.849" durationms="41.768" />

<concurrent-kickoff id="7217" timestamp="2019-08-08T07:22:54.916">
  <kickoff reason="threshold reached" targetBytes="9941543" thresholdFreeBytes="1354834" remainingFree="1274048" tenureFreeBytes="1274048" />
</concurrent-kickoff>
<exclusive-start id="7218" timestamp="2019-08-08T07:22:54.916" intervalms="108.646">
  <response-info timems="0.547" idlems="0.547" threads="0" lastid="0000000000CCC100" lastname="Thread-25" />
</exclusive-start>
<af-start id="7219" threadId="0000000000CCCA88" totalBytesRequested="40" timestamp="2019-08-08T07:22:54.916" intervalms="108.715" />
<concurrent-aborted id="7220" timestamp="2019-08-08T07:22:54.916">
  <reason value="insufficient progress made" />
</concurrent-aborted>
<cycle-end id="7221" type="global" contextid="7102" timestamp="2019-08-08T07:22:54.916" />
  <attribute name="elasticGC enabled" value="1" />
  <attribute name= "numThreadsSpecified" value="16" />
  <attribute name="heapSize specified" value="119144448" />
  <attribute name="Current GC Util" value="76" />
  <attribute name= "Current Time Running" value="142459" />
  <attribute name ="GC Interval" value="0" />
  <attribute name="Target GC Util Change" value ="80.000000" />
  <attribute name="Current GC Util Change" value="76.000000"/>
  <attribute name="Current Error" value="-105.000000" />
  <attribute name="Output H" value="119446680"/>
  <attribute name="Output I" value="1464"/>
  <attribute name="Output T" value="16"/>
  <attribute name= "Current Time Running" value="142459" />
  <attribute name="GC Util currently" value="76" />
  <attribute name="CPU Util currently" value="41287780972" />
<cycle-start id="7222" type="global" contextid="0" timestamp="2019-08-08T07:22:54.917" intervalms="108.654" />
<gc-start id="7223" type="global" contextid="7222" timestamp="2019-08-08T07:22:54.917">
  <mem-info id="7224" free="1193984" total="119472128" percent="0">
    <mem type="tenure" free="1193984" total="119472128" percent="0">
      <mem type="soa" free="0" total="118278144" percent="0" />
      <mem type="loa" free="1193984" total="1193984" percent="100" />
    </mem>
  </mem-info>
</gc-start>
<allocation-stats totalBytes="90840800" >
  <allocated-bytes non-tlh="0" tlh="90840800" />
  <largest-consumer threadName="Thread-28" threadId="0000000000CA6A00" bytes="13128576" />
</allocation-stats>
<gc-op id="7225" type="mark" timems="15.621" contextid="7222" timestamp="2019-08-08T07:22:54.932">
  <trace-info objectcount="729794" scancount="646839" scanbytes="18821640" />
  <finalization candidates="150" enqueued="0" />
  <ownableSynchronizers candidates="23" cleared="0" />
  <references type="soft" candidates="1900" cleared="0" enqueued="0" dynamicThreshold="24" maxThreshold="32" />
  <references type="weak" candidates="6094" cleared="0" enqueued="0" />
  <references type="phantom" candidates="250" cleared="0" enqueued="0" />
  <stringconstants candidates="14609" cleared="0"  />
</gc-op>
<gc-op id="7226" type="sweep" timems="1.908" contextid="7222" timestamp="2019-08-08T07:22:54.934" />
<mem-info id="7227" free="91955440" total="119472128" percent="76">
  <mem type="tenure" free="91955440" total="119472128" percent="76" micro-fragmented="140430">
    <mem type="soa" free="90761456" total="118278144" percent="76" />
    <mem type="loa" free="1193984" total="1193984" percent="100" />
  </mem>
</mem-info>
<gc-op id="7228" type="compact" timems="27.932" contextid="7222" timestamp="2019-08-08T07:22:54.962">
  <compact-info movecount="106722" movebytes="4790784" reason="compact to aid heap contraction" />
</gc-op>
<heap-resize id="7229" type="expand" space="tenure" amount="327680" count="1" timems="0.023" reason="satisfy allocation request" timestamp="2019-08-08T07:22:54.963" />
<gc-end id="7230" type="global" contextid="7222" durationms="46.327" usertimems="175.063" systemtimems="0.000" timestamp="2019-08-08T07:22:54.963" activeThreads="8">
  <mem-info id="7231" free="92380488" total="119799808" percent="77">
    <mem type="tenure" free="92380488" total="119799808" percent="77">
      <mem type="soa" free="91183432" total="118602752" percent="76" />
      <mem type="loa" free="1197056" total="1197056" percent="100" />
    </mem>
  </mem-info>
</gc-end>
<cycle-end id="7232" type="global" contextid="7222" timestamp="2019-08-08T07:22:54.963" />
  <attribute name="elasticGC enabled" value="1" />
  <attribute name= "numThreadsSpecified" value="8" />
  <attribute name="heapSize specified" value="119472128" />
  <attribute name="Current GC Util" value="84" />
  <attribute name= "Current Time Running" value="142573" />
  <attribute name ="GC Interval" value="0" />
  <attribute name="Target GC Util Change" value ="80.000000" />
  <attribute name="Current GC Util Change" value="84.000000"/>
  <attribute name="Current Error" value="-4.000000" />
  <attribute name="Output H" value="119774824"/>
  <attribute name="Output I" value="1992"/>
  <attribute name="Output T" value="8"/>
  <attribute name= "Current Time Running" value="142573" />
  <attribute name="GC Util currently" value="84" />
  <attribute name="CPU Util currently" value="41205654530" />
<allocation-satisfied id="7233" threadId="0000000000CCC100" bytesRequested="40" />
<af-end id="7234" timestamp="2019-08-08T07:22:54.963" threadId="0000000000CCCA88" success="true" />
<exclusive-end id="7235" timestamp="2019-08-08T07:22:54.963" durationms="46.608" />

<concurrent-kickoff id="7236" timestamp="2019-08-08T07:22:55.039">
  <kickoff reason="threshold reached" targetBytes="9968810" thresholdFreeBytes="1358550" remainingFree="1260920" tenureFreeBytes="1260920" />
</concurrent-kickoff>
<exclusive-start id="7237" timestamp="2019-08-08T07:22:55.040" intervalms="123.633">
  <response-info timems="0.866" idlems="0.325" threads="2" lastid="0000000000CB5A00" lastname="Thread-33" />
</exclusive-start>
<cycle-start id="7238" type="global" contextid="0" timestamp="2019-08-08T07:22:55.040" intervalms="123.489" />
<exclusive-end id="7239" timestamp="2019-08-08T07:22:55.040" durationms="0.097" />

<exclusive-start id="7240" timestamp="2019-08-08T07:22:55.041" intervalms="1.473">
  <response-info timems="1.187" idlems="1.187" threads="0" lastid="0000000000CC4900" lastname="Thread-27" />
</exclusive-start>
<af-start id="7241" threadId="0000000000CC5288" totalBytesRequested="16" timestamp="2019-08-08T07:22:55.041" intervalms="125.035" />
<concurrent-aborted id="7242" timestamp="2019-08-08T07:22:55.042">
  <reason value="insufficient progress made" />
</concurrent-aborted>
<cycle-end id="7243" type="global" contextid="7238" timestamp="2019-08-08T07:22:55.042" />
  <attribute name="elasticGC enabled" value="1" />
  <attribute name= "numThreadsSpecified" value="8" />
  <attribute name="heapSize specified" value="119472128" />
  <attribute name="Current GC Util" value="84" />
  <attribute name= "Current Time Running" value="142573" />
  <attribute name ="GC Interval" value="0" />
  <attribute name="Target GC Util Change" value ="80.000000" />
  <attribute name="Current GC Util Change" value="84.000000"/>
  <attribute name="Current Error" value="-4.000000" />
  <attribute name="Output H" value="119774824"/>
  <attribute name="Output I" value="1992"/>
  <attribute name="Output T" value="8"/>
  <attribute name= "Current Time Running" value="142573" />
  <attribute name="GC Util currently" value="84" />
  <attribute name="CPU Util currently" value="41205654530" />
<cycle-start id="7244" type="global" contextid="0" timestamp="2019-08-08T07:22:55.042" intervalms="1.534" />
<gc-start id="7245" type="global" contextid="7244" timestamp="2019-08-08T07:22:55.042">
  <mem-info id="7246" free="1197056" total="119799808" percent="0">
    <mem type="tenure" free="1197056" total="119799808" percent="0">
      <mem type="soa" free="0" total="118602752" percent="0" />
      <mem type="loa" free="1197056" total="1197056" percent="100" />
    </mem>
  </mem-info>
</gc-start>
<allocation-stats totalBytes="91234176" >
  <allocated-bytes non-tlh="0" tlh="91234176" />
  <largest-consumer threadName="Thread-36" threadId="0000000000CDB100" bytes="10058200" />
</allocation-stats>
<gc-op id="7247" type="mark" timems="10.769" contextid="7244" timestamp="2019-08-08T07:22:55.052">
  <trace-info objectcount="733691" scancount="650702" scanbytes="18914792" />
  <finalization candidates="150" enqueued="0" />
  <ownableSynchronizers candidates="23" cleared="0" />
  <references type="soft" candidates="1900" cleared="0" enqueued="0" dynamicThreshold="24" maxThreshold="32" />
  <references type="weak" candidates="6094" cleared="0" enqueued="0" />
  <references type="phantom" candidates="250" cleared="0" enqueued="0" />
  <stringconstants candidates="14609" cleared="0"  />
</gc-op>
<gc-op id="7248" type="sweep" timems="3.279" contextid="7244" timestamp="2019-08-08T07:22:55.056" />
<mem-info id="7249" free="92261424" total="119799808" percent="77">
  <mem type="tenure" free="92261424" total="119799808" percent="77" micro-fragmented="70489">
    <mem type="soa" free="91064368" total="118602752" percent="76" />
    <mem type="loa" free="1197056" total="1197056" percent="100" />
  </mem>
</mem-info>
<gc-op id="7250" type="compact" timems="27.361" contextid="7244" timestamp="2019-08-08T07:22:55.083">
  <compact-info movecount="38095" movebytes="1331920" reason="compact to aid heap contraction" />
</gc-op>
<heap-resize id="7251" type="expand" space="tenure" amount="327680" count="1" timems="0.021" reason="satisfy allocation request" timestamp="2019-08-08T07:22:55.084" />
<gc-end id="7252" type="global" contextid="7244" durationms="42.271" usertimems="108.748" systemtimems="0.000" timestamp="2019-08-08T07:22:55.084" activeThreads="16">
  <mem-info id="7253" free="92615016" total="120127488" percent="77">
    <mem type="tenure" free="92615016" total="120127488" percent="77">
      <mem type="soa" free="91413864" total="118926336" percent="76" />
      <mem type="loa" free="1201152" total="1201152" percent="100" />
    </mem>
  </mem-info>
</gc-end>
<cycle-end id="7254" type="global" contextid="7244" timestamp="2019-08-08T07:22:55.084" />
  <attribute name="elasticGC enabled" value="1" />
  <attribute name= "numThreadsSpecified" value="16" />
  <attribute name="heapSize specified" value="119799808" />
  <attribute name="Current GC Util" value="77" />
  <attribute name= "Current Time Running" value="142694" />
  <attribute name ="GC Interval" value="0" />
  <attribute name="Target GC Util Change" value ="80.000000" />
  <attribute name="Current GC Util Change" value="77.000000"/>
  <attribute name="Current Error" value="-532.000000" />
  <attribute name="Output H" value="120100064"/>
  <attribute name="Output I" value="200"/>
  <attribute name="Output T" value="16"/>
  <attribute name= "Current Time Running" value="142694" />
  <attribute name="GC Util currently" value="77" />
  <attribute name="CPU Util currently" value="42086952845" />
<allocation-satisfied id="7255" threadId="0000000000CC4900" bytesRequested="16" />
<af-end id="7256" timestamp="2019-08-08T07:22:55.084" threadId="0000000000CC5288" success="true" />
<exclusive-end id="7257" timestamp="2019-08-08T07:22:55.084" durationms="42.749" />

<concurrent-kickoff id="7258" timestamp="2019-08-08T07:22:55.186">
  <kickoff reason="threshold reached" targetBytes="9996077" thresholdFreeBytes="1362266" remainingFree="1310136" tenureFreeBytes="1310136" />
</concurrent-kickoff>
<exclusive-start id="7259" timestamp="2019-08-08T07:22:55.190" intervalms="148.204">
  <response-info timems="3.873" idlems="3.873" threads="0" lastid="0000000000CA6A00" lastname="Thread-28" />
</exclusive-start>
<af-start id="7260" threadId="0000000000CA7388" totalBytesRequested="40" timestamp="2019-08-08T07:22:55.190" intervalms="148.226" />
<concurrent-aborted id="7261" timestamp="2019-08-08T07:22:55.190">
  <reason value="insufficient progress made" />
</concurrent-aborted>
<cycle-end id="7262" type="global" contextid="7238" timestamp="2019-08-08T07:22:55.190" />
  <attribute name="elasticGC enabled" value="1" />
  <attribute name= "numThreadsSpecified" value="16" />
  <attribute name="heapSize specified" value="119799808" />
  <attribute name="Current GC Util" value="77" />
  <attribute name= "Current Time Running" value="142694" />
  <attribute name ="GC Interval" value="0" />
  <attribute name="Target GC Util Change" value ="80.000000" />
  <attribute name="Current GC Util Change" value="77.000000"/>
  <attribute name="Current Error" value="-532.000000" />
  <attribute name="Output H" value="120100064"/>
  <attribute name="Output I" value="200"/>
  <attribute name="Output T" value="16"/>
  <attribute name= "Current Time Running" value="142694" />
  <attribute name="GC Util currently" value="77" />
  <attribute name="CPU Util currently" value="42086952845" />
<cycle-start id="7263" type="global" contextid="0" timestamp="2019-08-08T07:22:55.190" intervalms="148.222" />
<gc-start id="7264" type="global" contextid="7263" timestamp="2019-08-08T07:22:55.190">
  <mem-info id="7265" free="1201152" total="120127488" percent="0">
    <mem type="tenure" free="1201152" total="120127488" percent="0">
      <mem type="soa" free="0" total="118926336" percent="0" />
      <mem type="loa" free="1201152" total="1201152" percent="100" />
    </mem>
  </mem-info>
</gc-start>
<allocation-stats totalBytes="91470248" >
  <allocated-bytes non-tlh="0" tlh="91470248" />
  <largest-consumer threadName="Thread-31" threadId="0000000000C9F200" bytes="10032768" />
</allocation-stats>
<gc-op id="7266" type="mark" timems="12.392" contextid="7263" timestamp="2019-08-08T07:22:55.202">
  <trace-info objectcount="729842" scancount="647568" scanbytes="18829960" />
  <finalization candidates="150" enqueued="0" />
  <ownableSynchronizers candidates="23" cleared="0" />
  <references type="soft" candidates="1900" cleared="30" enqueued="27" dynamicThreshold="24" maxThreshold="32" />
  <references type="weak" candidates="6094" cleared="0" enqueued="0" />
  <references type="phantom" candidates="250" cleared="0" enqueued="0" />
  <stringconstants candidates="14609" cleared="0"  />
</gc-op>
<gc-op id="7267" type="sweep" timems="1.657" contextid="7263" timestamp="2019-08-08T07:22:55.204" />
<mem-info id="7268" free="92687448" total="120127488" percent="77">
  <mem type="tenure" free="92687448" total="120127488" percent="77" micro-fragmented="108367">
    <mem type="soa" free="91486296" total="118926336" percent="76" />
    <mem type="loa" free="1201152" total="1201152" percent="100" />
  </mem>
  <pending-finalizers system="0" default="0" reference="27" classloader="0" />
</mem-info>
<gc-op id="7269" type="compact" timems="40.939" contextid="7263" timestamp="2019-08-08T07:22:55.245">
  <compact-info movecount="132326" movebytes="9305104" reason="compact to aid heap contraction" />
</gc-op>
<heap-resize id="7270" type="expand" space="tenure" amount="327680" count="1" timems="0.022" reason="satisfy allocation request" timestamp="2019-08-08T07:22:55.246" />
<gc-end id="7271" type="global" contextid="7263" durationms="56.272" usertimems="130.737" systemtimems="0.000" timestamp="2019-08-08T07:22:55.246" activeThreads="16">
  <mem-info id="7272" free="93109504" total="120455168" percent="77">
    <mem type="tenure" free="93109504" total="120455168" percent="77">
      <mem type="soa" free="91905280" total="119250944" percent="77" />
      <mem type="loa" free="1204224" total="1204224" percent="100" />
    </mem>
    <pending-finalizers system="0" default="0" reference="27" classloader="0" />
  </mem-info>
</gc-end>
<cycle-end id="7273" type="global" contextid="7263" timestamp="2019-08-08T07:22:55.246" />
  <attribute name="elasticGC enabled" value="1" />
  <attribute name= "numThreadsSpecified" value="16" />
  <attribute name="heapSize specified" value="120127488" />
  <attribute name="Current GC Util" value="59" />
  <attribute name= "Current Time Running" value="142855" />
  <attribute name ="GC Interval" value="0" />
  <attribute name="Target GC Util Change" value ="80.000000" />
  <attribute name="Current GC Util Change" value="59.000000"/>
  <attribute name="Current Error" value="-475.000000" />
  <attribute name="Output H" value="120428008"/>
  <attribute name="Output I" value="200"/>
  <attribute name="Output T" value="16"/>
  <attribute name= "Current Time Running" value="142855" />
  <attribute name="GC Util currently" value="59" />
  <attribute name="CPU Util currently" value="28134458551" />
<allocation-satisfied id="7274" threadId="0000000000CA6A00" bytesRequested="40" />
<af-end id="7275" timestamp="2019-08-08T07:22:55.246" threadId="0000000000CA7388" success="true" />
<exclusive-end id="7276" timestamp="2019-08-08T07:22:55.246" durationms="56.662" />

<concurrent-kickoff id="7277" timestamp="2019-08-08T07:22:55.350">
  <kickoff reason="threshold reached" targetBytes="10023344" thresholdFreeBytes="1365982" remainingFree="1343880" tenureFreeBytes="1343880" />
</concurrent-kickoff>
<exclusive-start id="7278" timestamp="2019-08-08T07:22:55.357" intervalms="167.323">
  <response-info timems="5.822" idlems="2.914" threads="1" lastid="0000000000C9F200" lastname="Thread-31" />
</exclusive-start>
<cycle-start id="7279" type="global" contextid="0" timestamp="2019-08-08T07:22:55.357" intervalms="167.249" />
<exclusive-end id="7280" timestamp="2019-08-08T07:22:55.357" durationms="0.045" />

<exclusive-start id="7281" timestamp="2019-08-08T07:22:55.358" intervalms="1.192">
  <response-info timems="0.782" idlems="0.782" threads="0" lastid="0000000000CD7500" lastname="Thread-23" />
</exclusive-start>
<af-start id="7282" threadId="0000000000CD7E88" totalBytesRequested="24" timestamp="2019-08-08T07:22:55.358" intervalms="168.515" />
<concurrent-aborted id="7283" timestamp="2019-08-08T07:22:55.358">
  <reason value="insufficient progress made" />
</concurrent-aborted>
<cycle-end id="7284" type="global" contextid="7279" timestamp="2019-08-08T07:22:55.358" />
  <attribute name="elasticGC enabled" value="1" />
  <attribute name= "numThreadsSpecified" value="16" />
  <attribute name="heapSize specified" value="120127488" />
  <attribute name="Current GC Util" value="59" />
  <attribute name= "Current Time Running" value="142855" />
  <attribute name ="GC Interval" value="0" />
  <attribute name="Target GC Util Change" value ="80.000000" />
  <attribute name="Current GC Util Change" value="59.000000"/>
  <attribute name="Current Error" value="-475.000000" />
  <attribute name="Output H" value="120428008"/>
  <attribute name="Output I" value="200"/>
  <attribute name="Output T" value="16"/>
  <attribute name= "Current Time Running" value="142855" />
  <attribute name="GC Util currently" value="59" />
  <attribute name="CPU Util currently" value="28134458551" />
<cycle-start id="7285" type="global" contextid="0" timestamp="2019-08-08T07:22:55.358" intervalms="1.328" />
<gc-start id="7286" type="global" contextid="7285" timestamp="2019-08-08T07:22:55.358">
  <mem-info id="7287" free="1204224" total="120455168" percent="0">
    <mem type="tenure" free="1204224" total="120455168" percent="0">
      <mem type="soa" free="0" total="119250944" percent="0" />
      <mem type="loa" free="1204224" total="1204224" percent="100" />
    </mem>
  </mem-info>
</gc-start>
<allocation-stats totalBytes="91963424" >
  <allocated-bytes non-tlh="0" tlh="91963424" />
  <largest-consumer threadName="Thread-36" threadId="0000000000CDB100" bytes="9141520" />
</allocation-stats>
<gc-op id="7288" type="mark" timems="11.506" contextid="7285" timestamp="2019-08-08T07:22:55.370">
  <trace-info objectcount="728606" scancount="647162" scanbytes="18810592" />
  <finalization candidates="150" enqueued="0" />
  <ownableSynchronizers candidates="23" cleared="0" />
  <references type="soft" candidates="1870" cleared="14" enqueued="12" dynamicThreshold="24" maxThreshold="32" />
  <references type="weak" candidates="6094" cleared="0" enqueued="0" />
  <references type="phantom" candidates="250" cleared="0" enqueued="0" />
  <stringconstants candidates="14609" cleared="0"  />
</gc-op>
<gc-op id="7289" type="sweep" timems="2.642" contextid="7285" timestamp="2019-08-08T07:22:55.373" />
<mem-info id="7290" free="93156256" total="120455168" percent="77">
  <mem type="tenure" free="93156256" total="120455168" percent="77" micro-fragmented="81921">
    <mem type="soa" free="91952032" total="119250944" percent="77" />
    <mem type="loa" free="1204224" total="1204224" percent="100" />
  </mem>
  <pending-finalizers system="0" default="0" reference="12" classloader="0" />
</mem-info>
<gc-op id="7291" type="compact" timems="34.385" contextid="7285" timestamp="2019-08-08T07:22:55.407">
  <compact-info movecount="130193" movebytes="9174432" reason="compact to aid heap contraction" />
</gc-op>
<heap-resize id="7292" type="expand" space="tenure" amount="327680" count="1" timems="0.026" reason="satisfy allocation request" timestamp="2019-08-08T07:22:55.408" />
<gc-end id="7293" type="global" contextid="7285" durationms="49.167" usertimems="128.238" systemtimems="0.000" timestamp="2019-08-08T07:22:55.408" activeThreads="16">
  <mem-info id="7294" free="93525920" total="120782848" percent="77">
    <mem type="tenure" free="93525920" total="120782848" percent="77">
      <mem type="soa" free="92318624" total="119575552" percent="77" />
      <mem type="loa" free="1207296" total="1207296" percent="100" />
    </mem>
    <pending-finalizers system="0" default="0" reference="12" classloader="0" />
  </mem-info>
</gc-end>
<cycle-end id="7295" type="global" contextid="7285" timestamp="2019-08-08T07:22:55.408" />
  <attribute name="elasticGC enabled" value="1" />
  <attribute name= "numThreadsSpecified" value="16" />
  <attribute name="heapSize specified" value="120455168" />
  <attribute name="Current GC Util" value="74" />
  <attribute name= "Current Time Running" value="143018" />
  <attribute name ="GC Interval" value="0" />
  <attribute name="Target GC Util Change" value ="80.000000" />
  <attribute name="Current GC Util Change" value="74.000000"/>
  <attribute name="Current Error" value="-359.000000" />
  <attribute name="Output H" value="120756224"/>
  <attribute name="Output I" value="200"/>
  <attribute name="Output T" value="16"/>
  <attribute name= "Current Time Running" value="143018" />
  <attribute name="GC Util currently" value="74" />
  <attribute name="CPU Util currently" value="33499753137" />
<allocation-satisfied id="7296" threadId="0000000000CD7500" bytesRequested="24" />
<af-end id="7297" timestamp="2019-08-08T07:22:55.408" threadId="0000000000CD7E88" success="true" />
<exclusive-end id="7298" timestamp="2019-08-08T07:22:55.408" durationms="49.573" />

<concurrent-kickoff id="7299" timestamp="2019-08-08T07:22:55.498">
  <kickoff reason="threshold reached" targetBytes="10050611" thresholdFreeBytes="1369699" remainingFree="1335880" tenureFreeBytes="1335880" />
</concurrent-kickoff>
<exclusive-start id="7300" timestamp="2019-08-08T07:22:55.499" intervalms="140.804">
  <response-info timems="0.415" idlems="0.209" threads="1" lastid="0000000000C9F200" lastname="Thread-31" />
</exclusive-start>
<cycle-start id="7301" type="global" contextid="0" timestamp="2019-08-08T07:22:55.499" intervalms="140.661" />
<exclusive-end id="7302" timestamp="2019-08-08T07:22:55.499" durationms="0.031" />

<exclusive-start id="7303" timestamp="2019-08-08T07:22:55.500" intervalms="1.350">
  <response-info timems="1.031" idlems="1.031" threads="0" lastid="0000000000C93F00" lastname="Thread-34" />
</exclusive-start>
<af-start id="7304" threadId="0000000000C94888" totalBytesRequested="40" timestamp="2019-08-08T07:22:55.500" intervalms="142.137" />
<concurrent-aborted id="7305" timestamp="2019-08-08T07:22:55.500">
  <reason value="insufficient progress made" />
</concurrent-aborted>
<cycle-end id="7306" type="global" contextid="7301" timestamp="2019-08-08T07:22:55.500" />
  <attribute name="elasticGC enabled" value="1" />
  <attribute name= "numThreadsSpecified" value="16" />
  <attribute name="heapSize specified" value="120455168" />
  <attribute name="Current GC Util" value="74" />
  <attribute name= "Current Time Running" value="143018" />
  <attribute name ="GC Interval" value="0" />
  <attribute name="Target GC Util Change" value ="80.000000" />
  <attribute name="Current GC Util Change" value="74.000000"/>
  <attribute name="Current Error" value="-359.000000" />
  <attribute name="Output H" value="120756224"/>
  <attribute name="Output I" value="200"/>
  <attribute name="Output T" value="16"/>
  <attribute name= "Current Time Running" value="143018" />
  <attribute name="GC Util currently" value="74" />
  <attribute name="CPU Util currently" value="33499753137" />
<cycle-start id="7307" type="global" contextid="0" timestamp="2019-08-08T07:22:55.500" intervalms="1.421" />
<gc-start id="7308" type="global" contextid="7307" timestamp="2019-08-08T07:22:55.501">
  <mem-info id="7309" free="1207296" total="120782848" percent="0">
    <mem type="tenure" free="1207296" total="120782848" percent="0">
      <mem type="soa" free="0" total="119575552" percent="0" />
      <mem type="loa" free="1207296" total="1207296" percent="100" />
    </mem>
  </mem-info>
</gc-start>
<allocation-stats totalBytes="92372872" >
  <allocated-bytes non-tlh="0" tlh="92372872" />
  <largest-consumer threadName="Thread-28" threadId="0000000000CA6A00" bytes="10975904" />
</allocation-stats>
<gc-op id="7310" type="mark" timems="10.339" contextid="7307" timestamp="2019-08-08T07:22:55.511">
  <trace-info objectcount="727250" scancount="645803" scanbytes="18777024" />
  <finalization candidates="150" enqueued="0" />
  <ownableSynchronizers candidates="23" cleared="0" />
  <references type="soft" candidates="1856" cleared="1" enqueued="0" dynamicThreshold="24" maxThreshold="32" />
  <references type="weak" candidates="6094" cleared="0" enqueued="0" />
  <references type="phantom" candidates="250" cleared="0" enqueued="0" />
  <stringconstants candidates="14609" cleared="0"  />
</gc-op>
<gc-op id="7311" type="sweep" timems="2.377" contextid="7307" timestamp="2019-08-08T07:22:55.513" />
<mem-info id="7312" free="93445072" total="120782848" percent="77">
  <mem type="tenure" free="93445072" total="120782848" percent="77" micro-fragmented="196802">
    <mem type="soa" free="92237776" total="119575552" percent="77" />
    <mem type="loa" free="1207296" total="1207296" percent="100" />
  </mem>
</mem-info>
<gc-op id="7313" type="compact" timems="31.845" contextid="7307" timestamp="2019-08-08T07:22:55.545">
  <compact-info movecount="115761" movebytes="8393848" reason="compact to aid heap contraction" />
</gc-op>
<heap-resize id="7314" type="expand" space="tenure" amount="327680" count="1" timems="0.021" reason="satisfy allocation request" timestamp="2019-08-08T07:22:55.546" />
<gc-end id="7315" type="global" contextid="7307" durationms="45.216" usertimems="129.298" systemtimems="0.000" timestamp="2019-08-08T07:22:55.546" activeThreads="16">
  <mem-info id="7316" free="93887304" total="121110528" percent="77">
    <mem type="tenure" free="93887304" total="121110528" percent="77">
      <mem type="soa" free="92676936" total="119900160" percent="77" />
      <mem type="loa" free="1210368" total="1210368" percent="100" />
    </mem>
  </mem-info>
</gc-end>
<cycle-end id="7317" type="global" contextid="7307" timestamp="2019-08-08T07:22:55.546" />
  <attribute name="elasticGC enabled" value="1" />
  <attribute name= "numThreadsSpecified" value="16" />
  <attribute name="heapSize specified" value="120782848" />
  <attribute name="Current GC Util" value="100" />
  <attribute name= "Current Time Running" value="143156" />
  <attribute name ="GC Interval" value="0" />
  <attribute name="Target GC Util Change" value ="80.000000" />
  <attribute name="Current GC Util Change" value="100.000000"/>
  <attribute name="Current Error" value="-192.000000" />
  <attribute name="Output H" value="121084680"/>
  <attribute name="Output I" value="1016"/>
  <attribute name="Output T" value="16"/>
  <attribute name= "Current Time Running" value="143156" />
  <attribute name="GC Util currently" value="100" />
  <attribute name="CPU Util currently" value="36164390395" />
<allocation-satisfied id="7318" threadId="0000000000C93F00" bytesRequested="40" />
<af-end id="7319" timestamp="2019-08-08T07:22:55.546" threadId="0000000000C94888" success="true" />
<exclusive-end id="7320" timestamp="2019-08-08T07:22:55.546" durationms="45.793" />

<concurrent-kickoff id="7321" timestamp="2019-08-08T07:22:55.621">
  <kickoff reason="threshold reached" targetBytes="10077879" thresholdFreeBytes="1373414" remainingFree="1287920" tenureFreeBytes="1287920" />
</concurrent-kickoff>
<exclusive-start id="7322" timestamp="2019-08-08T07:22:55.622" intervalms="121.276">
  <response-info timems="0.699" idlems="0.699" threads="0" lastid="0000000000CD7500" lastname="Thread-23" />
</exclusive-start>
<af-start id="7323" threadId="0000000000CD7E88" totalBytesRequested="24" timestamp="2019-08-08T07:22:55.622" intervalms="121.269" />
<concurrent-aborted id="7324" timestamp="2019-08-08T07:22:55.622">
  <reason value="insufficient progress made" />
</concurrent-aborted>
<cycle-end id="7325" type="global" contextid="7301" timestamp="2019-08-08T07:22:55.622" />
  <attribute name="elasticGC enabled" value="1" />
  <attribute name= "numThreadsSpecified" value="16" />
  <attribute name="heapSize specified" value="120782848" />
  <attribute name="Current GC Util" value="100" />
  <attribute name= "Current Time Running" value="143156" />
  <attribute name ="GC Interval" value="0" />
  <attribute name="Target GC Util Change" value ="80.000000" />
  <attribute name="Current GC Util Change" value="100.000000"/>
  <attribute name="Current Error" value="-192.000000" />
  <attribute name="Output H" value="121084680"/>
  <attribute name="Output I" value="1016"/>
  <attribute name="Output T" value="16"/>
  <attribute name= "Current Time Running" value="143156" />
  <attribute name="GC Util currently" value="100" />
  <attribute name="CPU Util currently" value="36164390395" />
<cycle-start id="7326" type="global" contextid="0" timestamp="2019-08-08T07:22:55.622" intervalms="121.338" />
<gc-start id="7327" type="global" contextid="7326" timestamp="2019-08-08T07:22:55.622">
  <mem-info id="7328" free="1210368" total="121110528" percent="0">
    <mem type="tenure" free="1210368" total="121110528" percent="0">
      <mem type="soa" free="0" total="119900160" percent="0" />
      <mem type="loa" free="1210368" total="1210368" percent="100" />
    </mem>
  </mem-info>
</gc-start>
<allocation-stats totalBytes="92737552" >
  <allocated-bytes non-tlh="0" tlh="92737552" />
  <largest-consumer threadName="Thread-23" threadId="0000000000CD7500" bytes="11500960" />
</allocation-stats>
<gc-op id="7329" type="mark" timems="12.016" contextid="7326" timestamp="2019-08-08T07:22:55.634">
  <trace-info objectcount="728854" scancount="647412" scanbytes="18815464" />
  <finalization candidates="150" enqueued="0" />
  <ownableSynchronizers candidates="23" cleared="0" />
  <references type="soft" candidates="1855" cleared="0" enqueued="0" dynamicThreshold="24" maxThreshold="32" />
  <references type="weak" candidates="6094" cleared="0" enqueued="0" />
  <references type="phantom" candidates="250" cleared="0" enqueued="0" />
  <stringconstants candidates="14609" cleared="0"  />
</gc-op>
<gc-op id="7330" type="sweep" timems="2.587" contextid="7326" timestamp="2019-08-08T07:22:55.637" />
<mem-info id="7331" free="93754688" total="121110528" percent="77">
  <mem type="tenure" free="93754688" total="121110528" percent="77" micro-fragmented="111100">
    <mem type="soa" free="92544320" total="119900160" percent="77" />
    <mem type="loa" free="1210368" total="1210368" percent="100" />
  </mem>
</mem-info>
<gc-op id="7332" type="compact" timems="47.660" contextid="7326" timestamp="2019-08-08T07:22:55.684">
  <compact-info movecount="97243" movebytes="4091528" reason="compact to aid heap contraction" />
</gc-op>
<heap-resize id="7333" type="expand" space="tenure" amount="327680" count="1" timems="0.021" reason="satisfy allocation request" timestamp="2019-08-08T07:22:55.685" />
<gc-end id="7334" type="global" contextid="7326" durationms="63.212" usertimems="161.226" systemtimems="0.000" timestamp="2019-08-08T07:22:55.685" activeThreads="16">
  <mem-info id="7335" free="94176544" total="121438208" percent="77">
    <mem type="tenure" free="94176544" total="121438208" percent="77">
      <mem type="soa" free="92963104" total="120224768" percent="77" />
      <mem type="loa" free="1213440" total="1213440" percent="100" />
    </mem>
  </mem-info>
</gc-end>
<cycle-end id="7336" type="global" contextid="7326" timestamp="2019-08-08T07:22:55.685" />
  <attribute name="elasticGC enabled" value="1" />
  <attribute name= "numThreadsSpecified" value="16" />
  <attribute name="heapSize specified" value="121110528" />
  <attribute name="Current GC Util" value="60" />
  <attribute name= "Current Time Running" value="143295" />
  <attribute name ="GC Interval" value="0" />
  <attribute name="Target GC Util Change" value ="80.000000" />
  <attribute name="Current GC Util Change" value="60.000000"/>
  <attribute name="Current Error" value="-14.000000" />
  <attribute name="Output H" value="121413176"/>
  <attribute name="Output I" value="1936"/>
  <attribute name="Output T" value="16"/>
  <attribute name= "Current Time Running" value="143295" />
  <attribute name="GC Util currently" value="60" />
  <attribute name="CPU Util currently" value="24177992203" />
<allocation-satisfied id="7337" threadId="0000000000CD7500" bytesRequested="24" />
<af-end id="7338" timestamp="2019-08-08T07:22:55.685" threadId="0000000000CD7E88" success="true" />
<exclusive-end id="7339" timestamp="2019-08-08T07:22:55.685" durationms="63.548" />

<concurrent-kickoff id="7340" timestamp="2019-08-08T07:22:55.762">
  <kickoff reason="threshold reached" targetBytes="10105144" thresholdFreeBytes="1377129" remainingFree="1358776" tenureFreeBytes="1358776" />
</concurrent-kickoff>
<exclusive-start id="7341" timestamp="2019-08-08T07:22:55.774" intervalms="151.969">
  <response-info timems="10.968" idlems="10.968" threads="0" lastid="0000000000CCC100" lastname="Thread-25" />
</exclusive-start>
<af-start id="7342" threadId="0000000000CCCA88" totalBytesRequested="40" timestamp="2019-08-08T07:22:55.774" intervalms="151.993" />
<concurrent-aborted id="7343" timestamp="2019-08-08T07:22:55.774">
  <reason value="insufficient progress made" />
</concurrent-aborted>
<cycle-end id="7344" type="global" contextid="7301" timestamp="2019-08-08T07:22:55.774" />
  <attribute name="elasticGC enabled" value="1" />
  <attribute name= "numThreadsSpecified" value="16" />
  <attribute name="heapSize specified" value="121110528" />
  <attribute name="Current GC Util" value="60" />
  <attribute name= "Current Time Running" value="143295" />
  <attribute name ="GC Interval" value="0" />
  <attribute name="Target GC Util Change" value ="80.000000" />
  <attribute name="Current GC Util Change" value="60.000000"/>
  <attribute name="Current Error" value="-14.000000" />
  <attribute name="Output H" value="121413176"/>
  <attribute name="Output I" value="1936"/>
  <attribute name="Output T" value="16"/>
  <attribute name= "Current Time Running" value="143295" />
  <attribute name="GC Util currently" value="60" />
  <attribute name="CPU Util currently" value="24177992203" />
<cycle-start id="7345" type="global" contextid="0" timestamp="2019-08-08T07:22:55.774" intervalms="151.925" />
<gc-start id="7346" type="global" contextid="7345" timestamp="2019-08-08T07:22:55.774">
  <mem-info id="7347" free="1213440" total="121438208" percent="0">
    <mem type="tenure" free="1213440" total="121438208" percent="0">
      <mem type="soa" free="0" total="120224768" percent="0" />
      <mem type="loa" free="1213440" total="1213440" percent="100" />
    </mem>
  </mem-info>
</gc-start>
<allocation-stats totalBytes="93013240" >
  <allocated-bytes non-tlh="0" tlh="93013240" />
  <largest-consumer threadName="Thread-24" threadId="0000000000C90300" bytes="10189192" />
</allocation-stats>
<gc-op id="7348" type="mark" timems="12.107" contextid="7345" timestamp="2019-08-08T07:22:55.786">
  <trace-info objectcount="730253" scancount="648795" scanbytes="18849480" />
  <finalization candidates="150" enqueued="0" />
  <ownableSynchronizers candidates="23" cleared="0" />
  <references type="soft" candidates="1855" cleared="0" enqueued="0" dynamicThreshold="24" maxThreshold="32" />
  <references type="weak" candidates="6094" cleared="0" enqueued="0" />
  <references type="phantom" candidates="250" cleared="0" enqueued="0" />
  <stringconstants candidates="14609" cleared="0"  />
</gc-op>
<gc-op id="7349" type="sweep" timems="2.219" contextid="7345" timestamp="2019-08-08T07:22:55.788" />
<mem-info id="7350" free="94073136" total="121438208" percent="77">
  <mem type="tenure" free="94073136" total="121438208" percent="77" micro-fragmented="56797">
    <mem type="soa" free="92859696" total="120224768" percent="77" />
    <mem type="loa" free="1213440" total="1213440" percent="100" />
  </mem>
</mem-info>
<gc-op id="7351" type="compact" timems="27.749" contextid="7345" timestamp="2019-08-08T07:22:55.816">
  <compact-info movecount="53745" movebytes="2119760" reason="compact to aid heap contraction" />
</gc-op>
<heap-resize id="7352" type="expand" space="tenure" amount="327680" count="1" timems="0.023" reason="satisfy allocation request" timestamp="2019-08-08T07:22:55.817" />
<gc-end id="7353" type="global" contextid="7345" durationms="43.083" usertimems="120.318" systemtimems="0.000" timestamp="2019-08-08T07:22:55.817" activeThreads="16">
  <mem-info id="7354" free="94470208" total="121765888" percent="77">
    <mem type="tenure" free="94470208" total="121765888" percent="77">
      <mem type="soa" free="93252672" total="120548352" percent="77" />
      <mem type="loa" free="1217536" total="1217536" percent="100" />
    </mem>
  </mem-info>
</gc-end>
<cycle-end id="7355" type="global" contextid="7345" timestamp="2019-08-08T07:22:55.817" />
  <attribute name="elasticGC enabled" value="1" />
  <attribute name= "numThreadsSpecified" value="16" />
  <attribute name="heapSize specified" value="121438208" />
  <attribute name="Current GC Util" value="80" />
  <attribute name= "Current Time Running" value="143427" />
  <attribute name ="GC Interval" value="0" />
  <attribute name="Target GC Util Change" value ="80.000000" />
  <attribute name="Current GC Util Change" value="80.000000"/>
  <attribute name="Current Error" value="0.000000" />
  <attribute name="Output H" value="121740920"/>
  <attribute name="Output I" value="2008"/>
  <attribute name="Output T" value="16"/>
  <attribute name= "Current Time Running" value="143427" />
  <attribute name="GC Util currently" value="80" />
  <attribute name="CPU Util currently" value="41496175342" />
<allocation-satisfied id="7356" threadId="0000000000CCC100" bytesRequested="40" />
<af-end id="7357" timestamp="2019-08-08T07:22:55.817" threadId="0000000000CCCA88" success="true" />
<exclusive-end id="7358" timestamp="2019-08-08T07:22:55.817" durationms="43.432" />

<concurrent-kickoff id="7359" timestamp="2019-08-08T07:22:55.917">
  <kickoff reason="threshold reached" targetBytes="10132412" thresholdFreeBytes="1380845" remainingFree="1351808" tenureFreeBytes="1351808" />
</concurrent-kickoff>
<exclusive-start id="7360" timestamp="2019-08-08T07:22:55.920" intervalms="146.200">
  <response-info timems="3.102" idlems="1.570" threads="1" lastid="0000000000C84F00" lastname="Thread-32" />
</exclusive-start>
<af-start id="7361" threadId="0000000000CBDB88" totalBytesRequested="40" timestamp="2019-08-08T07:22:55.920" intervalms="146.191" />
<concurrent-aborted id="7362" timestamp="2019-08-08T07:22:55.920">
  <reason value="insufficient progress made" />
</concurrent-aborted>
<cycle-end id="7363" type="global" contextid="7301" timestamp="2019-08-08T07:22:55.920" />
  <attribute name="elasticGC enabled" value="1" />
  <attribute name= "numThreadsSpecified" value="16" />
  <attribute name="heapSize specified" value="121438208" />
  <attribute name="Current GC Util" value="80" />
  <attribute name= "Current Time Running" value="143427" />
  <attribute name ="GC Interval" value="0" />
  <attribute name="Target GC Util Change" value ="80.000000" />
  <attribute name="Current GC Util Change" value="80.000000"/>
  <attribute name="Current Error" value="0.000000" />
  <attribute name="Output H" value="121740920"/>
  <attribute name="Output I" value="2008"/>
  <attribute name="Output T" value="16"/>
  <attribute name= "Current Time Running" value="143427" />
  <attribute name="GC Util currently" value="80" />
  <attribute name="CPU Util currently" value="41496175342" />
<cycle-start id="7364" type="global" contextid="0" timestamp="2019-08-08T07:22:55.920" intervalms="146.188" />
<gc-start id="7365" type="global" contextid="7364" timestamp="2019-08-08T07:22:55.920">
  <mem-info id="7366" free="1217536" total="121765888" percent="0">
    <mem type="tenure" free="1217536" total="121765888" percent="0">
      <mem type="soa" free="0" total="120548352" percent="0" />
      <mem type="loa" free="1217536" total="1217536" percent="100" />
    </mem>
  </mem-info>
</gc-start>
<allocation-stats totalBytes="93312520" >
  <allocated-bytes non-tlh="0" tlh="93312520" />
  <largest-consumer threadName="Thread-26" threadId="0000000000CAA600" bytes="8879736" />
</allocation-stats>
<gc-op id="7367" type="mark" timems="18.605" contextid="7364" timestamp="2019-08-08T07:22:55.939">
  <trace-info objectcount="736736" scancount="655279" scanbytes="19006120" />
  <finalization candidates="150" enqueued="0" />
  <ownableSynchronizers candidates="23" cleared="0" />
  <references type="soft" candidates="1855" cleared="0" enqueued="0" dynamicThreshold="24" maxThreshold="32" />
  <references type="weak" candidates="6094" cleared="0" enqueued="0" />
  <references type="phantom" candidates="250" cleared="0" enqueued="0" />
  <stringconstants candidates="14609" cleared="0"  />
</gc-op>
<gc-op id="7368" type="sweep" timems="2.256" contextid="7364" timestamp="2019-08-08T07:22:55.941" />
<mem-info id="7369" free="94222752" total="121765888" percent="77">
  <mem type="tenure" free="94222752" total="121765888" percent="77" micro-fragmented="102482">
    <mem type="soa" free="93005216" total="120548352" percent="77" />
    <mem type="loa" free="1217536" total="1217536" percent="100" />
  </mem>
</mem-info>
<gc-op id="7370" type="compact" timems="27.641" contextid="7364" timestamp="2019-08-08T07:22:55.969">
  <compact-info movecount="21310" movebytes="655488" reason="compact to aid heap contraction" />
</gc-op>
<heap-resize id="7371" type="expand" space="tenure" amount="327680" count="1" timems="0.024" reason="satisfy allocation request" timestamp="2019-08-08T07:22:55.969" />
<gc-end id="7372" type="global" contextid="7364" durationms="49.309" usertimems="134.481" systemtimems="0.000" timestamp="2019-08-08T07:22:55.969" activeThreads="16">
  <mem-info id="7373" free="94641248" total="122093568" percent="77">
    <mem type="tenure" free="94641248" total="122093568" percent="77">
      <mem type="soa" free="93420640" total="120872960" percent="77" />
      <mem type="loa" free="1220608" total="1220608" percent="100" />
    </mem>
  </mem-info>
</gc-end>
<cycle-end id="7374" type="global" contextid="7364" timestamp="2019-08-08T07:22:55.969" />
  <attribute name="elasticGC enabled" value="1" />
  <attribute name= "numThreadsSpecified" value="16" />
  <attribute name="heapSize specified" value="121765888" />
  <attribute name="Current GC Util" value="63" />
  <attribute name= "Current Time Running" value="143579" />
  <attribute name ="GC Interval" value="0" />
  <attribute name="Target GC Util Change" value ="80.000000" />
  <attribute name="Current GC Util Change" value="63.000000"/>
  <attribute name="Current Error" value="-550.000000" />
  <attribute name="Output H" value="122066064"/>
  <attribute name="Output I" value="200"/>
  <attribute name="Output T" value="16"/>
  <attribute name= "Current Time Running" value="143579" />
  <attribute name="GC Util currently" value="63" />
  <attribute name="CPU Util currently" value="41627908591" />
<allocation-satisfied id="7375" threadId="0000000000CBD200" bytesRequested="40" />
<af-end id="7376" timestamp="2019-08-08T07:22:55.969" threadId="0000000000CBDB88" success="true" />
<exclusive-end id="7377" timestamp="2019-08-08T07:22:55.969" durationms="49.540" />

<concurrent-kickoff id="7378" timestamp="2019-08-08T07:22:56.067">
  <kickoff reason="threshold reached" targetBytes="10159679" thresholdFreeBytes="1384562" remainingFree="1368416" tenureFreeBytes="1368416" />
</concurrent-kickoff>
<exclusive-start id="7379" timestamp="2019-08-08T07:22:56.068" intervalms="147.924">
  <response-info timems="0.938" idlems="0.938" threads="0" lastid="0000000000CB5A00" lastname="Thread-33" />
</exclusive-start>
<af-start id="7380" threadId="0000000000CB6388" totalBytesRequested="40" timestamp="2019-08-08T07:22:56.068" intervalms="147.940" />
<concurrent-aborted id="7381" timestamp="2019-08-08T07:22:56.068">
  <reason value="insufficient progress made" />
</concurrent-aborted>
<cycle-end id="7382" type="global" contextid="7301" timestamp="2019-08-08T07:22:56.068" />
  <attribute name="elasticGC enabled" value="1" />
  <attribute name= "numThreadsSpecified" value="16" />
  <attribute name="heapSize specified" value="121765888" />
  <attribute name="Current GC Util" value="63" />
  <attribute name= "Current Time Running" value="143579" />
  <attribute name ="GC Interval" value="0" />
  <attribute name="Target GC Util Change" value ="80.000000" />
  <attribute name="Current GC Util Change" value="63.000000"/>
  <attribute name="Current Error" value="-550.000000" />
  <attribute name="Output H" value="122066064"/>
  <attribute name="Output I" value="200"/>
  <attribute name="Output T" value="16"/>
  <attribute name= "Current Time Running" value="143579" />
  <attribute name="GC Util currently" value="63" />
  <attribute name="CPU Util currently" value="41627908591" />
<cycle-start id="7383" type="global" contextid="0" timestamp="2019-08-08T07:22:56.068" intervalms="147.981" />
<gc-start id="7384" type="global" contextid="7383" timestamp="2019-08-08T07:22:56.068">
  <mem-info id="7385" free="1220608" total="122093568" percent="0">
    <mem type="tenure" free="1220608" total="122093568" percent="0">
      <mem type="soa" free="0" total="120872960" percent="0" />
      <mem type="loa" free="1220608" total="1220608" percent="100" />
    </mem>
  </mem-info>
</gc-start>
<allocation-stats totalBytes="93475112" >
  <allocated-bytes non-tlh="0" tlh="93475112" />
  <largest-consumer threadName="Thread-31" threadId="0000000000C9F200" bytes="10320816" />
</allocation-stats>
<gc-op id="7386" type="mark" timems="12.738" contextid="7383" timestamp="2019-08-08T07:22:56.081">
  <trace-info objectcount="742297" scancount="660851" scanbytes="19138624" />
  <finalization candidates="150" enqueued="0" />
  <ownableSynchronizers candidates="23" cleared="0" />
  <references type="soft" candidates="1855" cleared="0" enqueued="0" dynamicThreshold="24" maxThreshold="32" />
  <references type="weak" candidates="6094" cleared="0" enqueued="0" />
  <references type="phantom" candidates="250" cleared="0" enqueued="0" />
  <stringconstants candidates="14609" cleared="0"  />
</gc-op>
<gc-op id="7387" type="sweep" timems="1.870" contextid="7383" timestamp="2019-08-08T07:22:56.083" />
<mem-info id="7388" free="94425608" total="122093568" percent="77">
  <mem type="tenure" free="94425608" total="122093568" percent="77" micro-fragmented="68257">
    <mem type="soa" free="93205000" total="120872960" percent="77" />
    <mem type="loa" free="1220608" total="1220608" percent="100" />
  </mem>
</mem-info>
<gc-op id="7389" type="compact" timems="27.491" contextid="7383" timestamp="2019-08-08T07:22:56.110">
  <compact-info movecount="13722" movebytes="335040" reason="compact to aid heap contraction" />
</gc-op>
<heap-resize id="7390" type="expand" space="tenure" amount="327680" count="1" timems="0.021" reason="satisfy allocation request" timestamp="2019-08-08T07:22:56.111" />
<gc-end id="7391" type="global" contextid="7383" durationms="42.797" usertimems="113.261" systemtimems="0.000" timestamp="2019-08-08T07:22:56.111" activeThreads="16">
  <mem-info id="7392" free="94836424" total="122421248" percent="77">
    <mem type="tenure" free="94836424" total="122421248" percent="77">
      <mem type="soa" free="93612744" total="121197568" percent="77" />
      <mem type="loa" free="1223680" total="1223680" percent="100" />
    </mem>
  </mem-info>
</gc-end>
<cycle-end id="7393" type="global" contextid="7383" timestamp="2019-08-08T07:22:56.111" />
  <attribute name="elasticGC enabled" value="1" />
  <attribute name= "numThreadsSpecified" value="16" />
  <attribute name="heapSize specified" value="122093568" />
  <attribute name="Current GC Util" value="65" />
  <attribute name= "Current Time Running" value="143721" />
  <attribute name ="GC Interval" value="0" />
  <attribute name="Target GC Util Change" value ="80.000000" />
  <attribute name="Current GC Util Change" value="65.000000"/>
  <attribute name="Current Error" value="-490.000000" />
  <attribute name="Output H" value="122394024"/>
  <attribute name="Output I" value="200"/>
  <attribute name="Output T" value="16"/>
  <attribute name= "Current Time Running" value="143721" />
  <attribute name="GC Util currently" value="65" />
  <attribute name="CPU Util currently" value="41884658952" />
<allocation-satisfied id="7394" threadId="0000000000CB5A00" bytesRequested="40" />
<af-end id="7395" timestamp="2019-08-08T07:22:56.111" threadId="0000000000CB6388" success="true" />
<exclusive-end id="7396" timestamp="2019-08-08T07:22:56.111" durationms="43.077" />

<concurrent-kickoff id="7397" timestamp="2019-08-08T07:22:56.180">
  <kickoff reason="threshold reached" targetBytes="10186946" thresholdFreeBytes="1388278" remainingFree="1386344" tenureFreeBytes="1386344" />
</concurrent-kickoff>
<exclusive-start id="7398" timestamp="2019-08-08T07:22:56.181" intervalms="112.967">
  <response-info timems="0.911" idlems="0.911" threads="0" lastid="0000000000CC8500" lastname="Thread-30" />
</exclusive-start>
<cycle-start id="7399" type="global" contextid="0" timestamp="2019-08-08T07:22:56.181" intervalms="112.844" />
<exclusive-end id="7400" timestamp="2019-08-08T07:22:56.181" durationms="0.045" />

<exclusive-start id="7401" timestamp="2019-08-08T07:22:56.182" intervalms="0.887">
  <response-info timems="0.277" idlems="0.119" threads="2" lastid="0000000000C93F00" lastname="Thread-34" />
</exclusive-start>
<af-start id="7402" threadId="0000000000C89488" totalBytesRequested="40" timestamp="2019-08-08T07:22:56.182" intervalms="113.833" />
<concurrent-aborted id="7403" timestamp="2019-08-08T07:22:56.182">
  <reason value="insufficient progress made" />
</concurrent-aborted>
<cycle-end id="7404" type="global" contextid="7399" timestamp="2019-08-08T07:22:56.182" />
  <attribute name="elasticGC enabled" value="1" />
  <attribute name= "numThreadsSpecified" value="16" />
  <attribute name="heapSize specified" value="122093568" />
  <attribute name="Current GC Util" value="65" />
  <attribute name= "Current Time Running" value="143721" />
  <attribute name ="GC Interval" value="0" />
  <attribute name="Target GC Util Change" value ="80.000000" />
  <attribute name="Current GC Util Change" value="65.000000"/>
  <attribute name="Current Error" value="-490.000000" />
  <attribute name="Output H" value="122394024"/>
  <attribute name="Output I" value="200"/>
  <attribute name="Output T" value="16"/>
  <attribute name= "Current Time Running" value="143721" />
  <attribute name="GC Util currently" value="65" />
  <attribute name="CPU Util currently" value="41884658952" />
<cycle-start id="7405" type="global" contextid="0" timestamp="2019-08-08T07:22:56.182" intervalms="0.948" />
<gc-start id="7406" type="global" contextid="7405" timestamp="2019-08-08T07:22:56.182">
  <mem-info id="7407" free="1223680" total="122421248" percent="0">
    <mem type="tenure" free="1223680" total="122421248" percent="0">
      <mem type="soa" free="0" total="121197568" percent="0" />
      <mem type="loa" free="1223680" total="1223680" percent="100" />
    </mem>
  </mem-info>
</gc-start>
<allocation-stats totalBytes="93668768" >
  <allocated-bytes non-tlh="0" tlh="93668768" />
  <largest-consumer threadName="Thread-35" threadId="0000000000C88B00" bytes="13759760" />
</allocation-stats>
<gc-op id="7408" type="mark" timems="9.711" contextid="7405" timestamp="2019-08-08T07:22:56.191">
  <trace-info objectcount="729756" scancount="648325" scanbytes="18837768" />
  <finalization candidates="150" enqueued="0" />
  <ownableSynchronizers candidates="23" cleared="0" />
  <references type="soft" candidates="1855" cleared="0" enqueued="0" dynamicThreshold="24" maxThreshold="32" />
  <references type="weak" candidates="6094" cleared="0" enqueued="0" />
  <references type="phantom" candidates="250" cleared="0" enqueued="0" />
  <stringconstants candidates="14609" cleared="0"  />
</gc-op>
<gc-op id="7409" type="sweep" timems="3.411" contextid="7405" timestamp="2019-08-08T07:22:56.195" />
<mem-info id="7410" free="94769032" total="122421248" percent="77">
  <mem type="tenure" free="94769032" total="122421248" percent="77" micro-fragmented="447621">
    <mem type="soa" free="93545352" total="121197568" percent="77" />
    <mem type="loa" free="1223680" total="1223680" percent="100" />
  </mem>
</mem-info>
<gc-op id="7411" type="compact" timems="35.677" contextid="7405" timestamp="2019-08-08T07:22:56.231">
  <compact-info movecount="120457" movebytes="5243328" reason="compact to aid heap contraction" />
</gc-op>
<heap-resize id="7412" type="expand" space="tenure" amount="327680" count="1" timems="0.023" reason="satisfy allocation request" timestamp="2019-08-08T07:22:56.231" />
<gc-end id="7413" type="global" contextid="7405" durationms="49.464" usertimems="116.090" systemtimems="0.000" timestamp="2019-08-08T07:22:56.231" activeThreads="16">
  <mem-info id="7414" free="95464960" total="122748928" percent="77">
    <mem type="tenure" free="95464960" total="122748928" percent="77">
      <mem type="soa" free="94238208" total="121522176" percent="77" />
      <mem type="loa" free="1226752" total="1226752" percent="100" />
    </mem>
  </mem-info>
</gc-end>
<cycle-end id="7415" type="global" contextid="7405" timestamp="2019-08-08T07:22:56.231" />
  <attribute name="elasticGC enabled" value="1" />
  <attribute name= "numThreadsSpecified" value="16" />
  <attribute name="heapSize specified" value="122421248" />
  <attribute name="Current GC Util" value="67" />
  <attribute name= "Current Time Running" value="143841" />
  <attribute name ="GC Interval" value="0" />
  <attribute name="Target GC Util Change" value ="80.000000" />
  <attribute name="Current GC Util Change" value="67.000000"/>
  <attribute name="Current Error" value="-502.000000" />
  <attribute name="Output H" value="122721648"/>
  <attribute name="Output I" value="200"/>
  <attribute name="Output T" value="16"/>
  <attribute name= "Current Time Running" value="143841" />
  <attribute name="GC Util currently" value="67" />
  <attribute name="CPU Util currently" value="32287590231" />
<allocation-satisfied id="7416" threadId="0000000000C88B00" bytesRequested="40" />
<af-end id="7417" timestamp="2019-08-08T07:22:56.231" threadId="0000000000C89488" success="true" />
<exclusive-end id="7418" timestamp="2019-08-08T07:22:56.231" durationms="49.701" />

<concurrent-kickoff id="7419" timestamp="2019-08-08T07:22:56.284">
  <kickoff reason="threshold reached" targetBytes="10214211" thresholdFreeBytes="1391993" remainingFree="1226752" tenureFreeBytes="1226752" />
</concurrent-kickoff>
<exclusive-start id="7420" timestamp="2019-08-08T07:22:56.288" intervalms="106.517">
  <response-info timems="4.441" idlems="4.441" threads="0" lastid="0000000000C9F200" lastname="Thread-31" />
</exclusive-start>
<af-start id="7421" threadId="0000000000C9FB88" totalBytesRequested="40" timestamp="2019-08-08T07:22:56.288" intervalms="106.555" />
<concurrent-aborted id="7422" timestamp="2019-08-08T07:22:56.288">
  <reason value="insufficient progress made" />
</concurrent-aborted>
<cycle-end id="7423" type="global" contextid="7399" timestamp="2019-08-08T07:22:56.288" />
  <attribute name="elasticGC enabled" value="1" />
  <attribute name= "numThreadsSpecified" value="16" />
  <attribute name="heapSize specified" value="122421248" />
  <attribute name="Current GC Util" value="67" />
  <attribute name= "Current Time Running" value="143841" />
  <attribute name ="GC Interval" value="0" />
  <attribute name="Target GC Util Change" value ="80.000000" />
  <attribute name="Current GC Util Change" value="67.000000"/>
  <attribute name="Current Error" value="-502.000000" />
  <attribute name="Output H" value="122721648"/>
  <attribute name="Output I" value="200"/>
  <attribute name="Output T" value="16"/>
  <attribute name= "Current Time Running" value="143841" />
  <attribute name="GC Util currently" value="67" />
  <attribute name="CPU Util currently" value="32287590231" />
<cycle-start id="7424" type="global" contextid="0" timestamp="2019-08-08T07:22:56.288" intervalms="106.566" />
<gc-start id="7425" type="global" contextid="7424" timestamp="2019-08-08T07:22:56.288">
  <mem-info id="7426" free="1226752" total="122748928" percent="0">
    <mem type="tenure" free="1226752" total="122748928" percent="0">
      <mem type="soa" free="0" total="121522176" percent="0" />
      <mem type="loa" free="1226752" total="1226752" percent="100" />
    </mem>
  </mem-info>
</gc-start>
<allocation-stats totalBytes="94294040" >
  <allocated-bytes non-tlh="0" tlh="94294040" />
  <largest-consumer threadName="Thread-23" threadId="0000000000CD7500" bytes="11500480" />
</allocation-stats>
<gc-op id="7427" type="mark" timems="18.994" contextid="7424" timestamp="2019-08-08T07:22:56.307">
  <trace-info objectcount="727117" scancount="645689" scanbytes="18775320" />
  <finalization candidates="150" enqueued="0" />
  <ownableSynchronizers candidates="23" cleared="0" />
  <references type="soft" candidates="1855" cleared="0" enqueued="0" dynamicThreshold="24" maxThreshold="32" />
  <references type="weak" candidates="6094" cleared="0" enqueued="0" />
  <references type="phantom" candidates="250" cleared="0" enqueued="0" />
  <stringconstants candidates="14609" cleared="0"  />
</gc-op>
<gc-op id="7428" type="sweep" timems="2.806" contextid="7424" timestamp="2019-08-08T07:22:56.310" />
<mem-info id="7429" free="95316512" total="122748928" percent="77">
  <mem type="tenure" free="95316512" total="122748928" percent="77" micro-fragmented="213121">
    <mem type="soa" free="94089760" total="121522176" percent="77" />
    <mem type="loa" free="1226752" total="1226752" percent="100" />
  </mem>
</mem-info>
<gc-op id="7430" type="compact" timems="34.478" contextid="7424" timestamp="2019-08-08T07:22:56.345">
  <compact-info movecount="117717" movebytes="5178456" reason="compact to aid heap contraction" />
</gc-op>
<heap-resize id="7431" type="expand" space="tenure" amount="327680" count="1" timems="0.023" reason="satisfy allocation request" timestamp="2019-08-08T07:22:56.346" />
<gc-end id="7432" type="global" contextid="7424" durationms="57.962" usertimems="183.844" systemtimems="0.000" timestamp="2019-08-08T07:22:56.346" activeThreads="16">
  <mem-info id="7433" free="95855088" total="123076608" percent="77">
    <mem type="tenure" free="95855088" total="123076608" percent="77">
      <mem type="soa" free="94625264" total="121846784" percent="77" />
      <mem type="loa" free="1229824" total="1229824" percent="100" />
    </mem>
  </mem-info>
</gc-end>
<cycle-end id="7434" type="global" contextid="7424" timestamp="2019-08-08T07:22:56.346" />
  <attribute name="elasticGC enabled" value="1" />
  <attribute name= "numThreadsSpecified" value="16" />
  <attribute name="heapSize specified" value="122748928" />
  <attribute name="Current GC Util" value="67" />
  <attribute name= "Current Time Running" value="143955" />
  <attribute name ="GC Interval" value="0" />
  <attribute name="Target GC Util Change" value ="80.000000" />
  <attribute name="Current GC Util Change" value="67.000000"/>
  <attribute name="Current Error" value="-38.000000" />
  <attribute name="Output H" value="123051472"/>
  <attribute name="Output I" value="1816"/>
  <attribute name="Output T" value="16"/>
  <attribute name= "Current Time Running" value="143955" />
  <attribute name="GC Util currently" value="67" />
  <attribute name="CPU Util currently" value="33419609962" />
<allocation-satisfied id="7435" threadId="0000000000C9F200" bytesRequested="40" />
<af-end id="7436" timestamp="2019-08-08T07:22:56.346" threadId="0000000000C9FB88" success="true" />
<exclusive-end id="7437" timestamp="2019-08-08T07:22:56.346" durationms="58.345" />

<concurrent-kickoff id="7438" timestamp="2019-08-08T07:22:56.448">
  <kickoff reason="threshold reached" targetBytes="10241480" thresholdFreeBytes="1395709" remainingFree="1381472" tenureFreeBytes="1381472" />
</concurrent-kickoff>
<exclusive-start id="7439" timestamp="2019-08-08T07:22:56.469" intervalms="181.421">
  <response-info timems="16.785" idlems="12.806" threads="11" lastid="0000000000C90300" lastname="Thread-24" />
</exclusive-start>
<cycle-start id="7440" type="global" contextid="0" timestamp="2019-08-08T07:22:56.470" intervalms="181.303" />
<exclusive-end id="7441" timestamp="2019-08-08T07:22:56.470" durationms="0.718" />

<exclusive-start id="7442" timestamp="2019-08-08T07:22:56.474" intervalms="4.096">
  <response-info timems="3.167" idlems="3.167" threads="0" lastid="0000000000CA6A00" lastname="Thread-28" />
</exclusive-start>
<af-start id="7443" threadId="0000000000CA7388" totalBytesRequested="24" timestamp="2019-08-08T07:22:56.474" intervalms="185.483" />
<concurrent-aborted id="7444" timestamp="2019-08-08T07:22:56.474">
  <reason value="insufficient progress made" />
</concurrent-aborted>
<cycle-end id="7445" type="global" contextid="7440" timestamp="2019-08-08T07:22:56.474" />
  <attribute name="elasticGC enabled" value="1" />
  <attribute name= "numThreadsSpecified" value="16" />
  <attribute name="heapSize specified" value="122748928" />
  <attribute name="Current GC Util" value="67" />
  <attribute name= "Current Time Running" value="143955" />
  <attribute name ="GC Interval" value="0" />
  <attribute name="Target GC Util Change" value ="80.000000" />
  <attribute name="Current GC Util Change" value="67.000000"/>
  <attribute name="Current Error" value="-38.000000" />
  <attribute name="Output H" value="123051472"/>
  <attribute name="Output I" value="1816"/>
  <attribute name="Output T" value="16"/>
  <attribute name= "Current Time Running" value="143955" />
  <attribute name="GC Util currently" value="67" />
  <attribute name="CPU Util currently" value="33419609962" />
<cycle-start id="7446" type="global" contextid="0" timestamp="2019-08-08T07:22:56.474" intervalms="4.180" />
<gc-start id="7447" type="global" contextid="7446" timestamp="2019-08-08T07:22:56.474">
  <mem-info id="7448" free="1229824" total="123076608" percent="0">
    <mem type="tenure" free="1229824" total="123076608" percent="0">
      <mem type="soa" free="0" total="121846784" percent="0" />
      <mem type="loa" free="1229824" total="1229824" percent="100" />
    </mem>
  </mem-info>
</gc-start>
<allocation-stats totalBytes="94680552" >
  <allocated-bytes non-tlh="0" tlh="94680552" />
  <largest-consumer threadName="Thread-35" threadId="0000000000C88B00" bytes="10189792" />
</allocation-stats>
<gc-op id="7449" type="mark" timems="10.868" contextid="7446" timestamp="2019-08-08T07:22:56.485">
  <trace-info objectcount="725144" scancount="643719" scanbytes="18727016" />
  <finalization candidates="150" enqueued="0" />
  <ownableSynchronizers candidates="23" cleared="0" />
  <references type="soft" candidates="1855" cleared="0" enqueued="0" dynamicThreshold="24" maxThreshold="32" />
  <references type="weak" candidates="6094" cleared="0" enqueued="0" />
  <references type="phantom" candidates="250" cleared="0" enqueued="0" />
  <stringconstants candidates="14609" cleared="0"  />
</gc-op>
<gc-op id="7450" type="sweep" timems="2.790" contextid="7446" timestamp="2019-08-08T07:22:56.488" />
<mem-info id="7451" free="95687976" total="123076608" percent="77">
  <mem type="tenure" free="95687976" total="123076608" percent="77" micro-fragmented="181655">
    <mem type="soa" free="94458152" total="121846784" percent="77" />
    <mem type="loa" free="1229824" total="1229824" percent="100" />
  </mem>
</mem-info>
<gc-op id="7452" type="compact" timems="36.080" contextid="7446" timestamp="2019-08-08T07:22:56.524">
  <compact-info movecount="115854" movebytes="5132792" reason="compact to aid heap contraction" />
</gc-op>
<heap-resize id="7453" type="expand" space="tenure" amount="327680" count="1" timems="0.024" reason="satisfy allocation request" timestamp="2019-08-08T07:22:56.527" />
<gc-end id="7454" type="global" contextid="7446" durationms="52.772" usertimems="116.051" systemtimems="0.000" timestamp="2019-08-08T07:22:56.527" activeThreads="16">
  <mem-info id="7455" free="96231072" total="123404288" percent="77">
    <mem type="tenure" free="96231072" total="123404288" percent="77">
      <mem type="soa" free="94997152" total="122170368" percent="77" />
      <mem type="loa" free="1233920" total="1233920" percent="100" />
    </mem>
  </mem-info>
</gc-end>
<cycle-end id="7456" type="global" contextid="7446" timestamp="2019-08-08T07:22:56.527" />
  <attribute name="elasticGC enabled" value="1" />
  <attribute name= "numThreadsSpecified" value="16" />
  <attribute name="heapSize specified" value="123076608" />
  <attribute name="Current GC Util" value="74" />
  <attribute name= "Current Time Running" value="144135" />
  <attribute name ="GC Interval" value="0" />
  <attribute name="Target GC Util Change" value ="80.000000" />
  <attribute name="Current GC Util Change" value="74.000000"/>
  <attribute name="Current Error" value="-117.000000" />
  <attribute name="Output H" value="123378784"/>
  <attribute name="Output I" value="1408"/>
  <attribute name="Output T" value="16"/>
  <attribute name= "Current Time Running" value="144135" />
  <attribute name="GC Util currently" value="74" />
  <attribute name="CPU Util currently" value="31719716642" />
<allocation-satisfied id="7457" threadId="0000000000CA6A00" bytesRequested="24" />
<af-end id="7458" timestamp="2019-08-08T07:22:56.527" threadId="0000000000CA7388" success="true" />
<exclusive-end id="7459" timestamp="2019-08-08T07:22:56.528" durationms="54.280" />

<concurrent-kickoff id="7460" timestamp="2019-08-08T07:22:56.631">
  <kickoff reason="threshold reached" targetBytes="10268747" thresholdFreeBytes="1399426" remainingFree="1284424" tenureFreeBytes="1284424" />
</concurrent-kickoff>
<exclusive-start id="7461" timestamp="2019-08-08T07:22:56.653" intervalms="179.443">
  <response-info timems="21.589" idlems="10.811" threads="1" lastid="0000000000CAA600" lastname="Thread-26" />
</exclusive-start>
<af-start id="7462" threadId="0000000000CA7388" totalBytesRequested="24" timestamp="2019-08-08T07:22:56.653" intervalms="179.601" />
<concurrent-aborted id="7463" timestamp="2019-08-08T07:22:56.653">
  <reason value="insufficient progress made" />
</concurrent-aborted>
<cycle-end id="7464" type="global" contextid="7440" timestamp="2019-08-08T07:22:56.653" />
  <attribute name="elasticGC enabled" value="1" />
  <attribute name= "numThreadsSpecified" value="16" />
  <attribute name="heapSize specified" value="123076608" />
  <attribute name="Current GC Util" value="74" />
  <attribute name= "Current Time Running" value="144135" />
  <attribute name ="GC Interval" value="0" />
  <attribute name="Target GC Util Change" value ="80.000000" />
  <attribute name="Current GC Util Change" value="74.000000"/>
  <attribute name="Current Error" value="-117.000000" />
  <attribute name="Output H" value="123378784"/>
  <attribute name="Output I" value="1408"/>
  <attribute name="Output T" value="16"/>
  <attribute name= "Current Time Running" value="144135" />
  <attribute name="GC Util currently" value="74" />
  <attribute name="CPU Util currently" value="31719716642" />
<cycle-start id="7465" type="global" contextid="0" timestamp="2019-08-08T07:22:56.653" intervalms="179.603" />
<gc-start id="7466" type="global" contextid="7465" timestamp="2019-08-08T07:22:56.653">
  <mem-info id="7467" free="1233920" total="123404288" percent="0">
    <mem type="tenure" free="1233920" total="123404288" percent="0">
      <mem type="soa" free="0" total="122170368" percent="0" />
      <mem type="loa" free="1233920" total="1233920" percent="100" />
    </mem>
  </mem-info>
</gc-start>
<allocation-stats totalBytes="95051432" >
  <allocated-bytes non-tlh="0" tlh="95051432" />
  <largest-consumer threadName="Thread-22" threadId="0000000000CB1E00" bytes="11038496" />
</allocation-stats>
<gc-op id="7468" type="mark" timems="86.709" contextid="7465" timestamp="2019-08-08T07:22:56.740">
  <trace-info objectcount="728832" scancount="647363" scanbytes="18815824" />
  <finalization candidates="150" enqueued="0" />
  <ownableSynchronizers candidates="23" cleared="0" />
  <references type="soft" candidates="1855" cleared="0" enqueued="0" dynamicThreshold="24" maxThreshold="32" />
  <references type="weak" candidates="6094" cleared="0" enqueued="0" />
  <references type="phantom" candidates="250" cleared="0" enqueued="0" />
  <stringconstants candidates="14609" cleared="0"  />
</gc-op>
<gc-op id="7469" type="sweep" timems="3.181" contextid="7465" timestamp="2019-08-08T07:22:56.743" />
<mem-info id="7470" free="96068256" total="123404288" percent="77">
  <mem type="tenure" free="96068256" total="123404288" percent="77" micro-fragmented="61732">
    <mem type="soa" free="94834336" total="122170368" percent="77" />
    <mem type="loa" free="1233920" total="1233920" percent="100" />
  </mem>
</mem-info>
<gc-op id="7471" type="compact" timems="40.914" contextid="7465" timestamp="2019-08-08T07:22:56.784">
  <compact-info movecount="65179" movebytes="2772880" reason="compact to aid heap contraction" />
</gc-op>
<heap-resize id="7472" type="expand" space="tenure" amount="327680" count="1" timems="0.025" reason="satisfy allocation request" timestamp="2019-08-08T07:22:56.785" />
<gc-end id="7473" type="global" contextid="7465" durationms="131.943" usertimems="365.623" systemtimems="0.000" timestamp="2019-08-08T07:22:56.785" activeThreads="16">
  <mem-info id="7474" free="96469944" total="123731968" percent="77">
    <mem type="tenure" free="96469944" total="123731968" percent="77">
      <mem type="soa" free="95232952" total="122494976" percent="77" />
      <mem type="loa" free="1236992" total="1236992" percent="100" />
    </mem>
  </mem-info>
</gc-end>
<cycle-end id="7475" type="global" contextid="7465" timestamp="2019-08-08T07:22:56.785" />
  <attribute name="elasticGC enabled" value="1" />
  <attribute name= "numThreadsSpecified" value="16" />
  <attribute name="heapSize specified" value="123404288" />
  <attribute name="Current GC Util" value="71" />
  <attribute name= "Current Time Running" value="144395" />
  <attribute name ="GC Interval" value="0" />
  <attribute name="Target GC Util Change" value ="80.000000" />
  <attribute name="Current GC Util Change" value="71.000000"/>
  <attribute name="Current Error" value="9.000000" />
  <attribute name="Output H" value="123707048"/>
  <attribute name="Output I" value="2056"/>
  <attribute name="Output T" value="16"/>
  <attribute name= "Current Time Running" value="144395" />
  <attribute name="GC Util currently" value="71" />
  <attribute name="CPU Util currently" value="28162874832" />
<allocation-satisfied id="7476" threadId="0000000000CA6A00" bytesRequested="24" />
<af-end id="7477" timestamp="2019-08-08T07:22:56.785" threadId="0000000000CA7388" success="true" />
<exclusive-end id="7478" timestamp="2019-08-08T07:22:56.785" durationms="132.363" />

<concurrent-kickoff id="7479" timestamp="2019-08-08T07:22:56.871">
  <kickoff reason="threshold reached" targetBytes="10296013" thresholdFreeBytes="1403142" remainingFree="1350568" tenureFreeBytes="1350568" />
</concurrent-kickoff>
<exclusive-start id="7480" timestamp="2019-08-08T07:22:56.877" intervalms="223.811">
  <response-info timems="5.289" idlems="5.289" threads="0" lastid="0000000000CBD200" lastname="Thread-29" />
</exclusive-start>
<cycle-start id="7481" type="global" contextid="0" timestamp="2019-08-08T07:22:56.877" intervalms="223.555" />
<exclusive-end id="7482" timestamp="2019-08-08T07:22:56.877" durationms="0.020" />

<exclusive-start id="7483" timestamp="2019-08-08T07:22:56.878" intervalms="0.901">
  <response-info timems="0.627" idlems="0.625" threads="1" lastid="0000000000C93F00" lastname="Thread-34" />
</exclusive-start>
<af-start id="7484" threadId="0000000000C9FB88" totalBytesRequested="40" timestamp="2019-08-08T07:22:56.878" intervalms="224.587" />
<concurrent-aborted id="7485" timestamp="2019-08-08T07:22:56.878">
  <reason value="insufficient progress made" />
</concurrent-aborted>
<cycle-end id="7486" type="global" contextid="7481" timestamp="2019-08-08T07:22:56.878" />
  <attribute name="elasticGC enabled" value="1" />
  <attribute name= "numThreadsSpecified" value="16" />
  <attribute name="heapSize specified" value="123404288" />
  <attribute name="Current GC Util" value="71" />
  <attribute name= "Current Time Running" value="144395" />
  <attribute name ="GC Interval" value="0" />
  <attribute name="Target GC Util Change" value ="80.000000" />
  <attribute name="Current GC Util Change" value="71.000000"/>
  <attribute name="Current Error" value="9.000000" />
  <attribute name="Output H" value="123707048"/>
  <attribute name="Output I" value="2056"/>
  <attribute name="Output T" value="16"/>
  <attribute name= "Current Time Running" value="144395" />
  <attribute name="GC Util currently" value="71" />
  <attribute name="CPU Util currently" value="28162874832" />
<cycle-start id="7487" type="global" contextid="0" timestamp="2019-08-08T07:22:56.878" intervalms="1.039" />
<gc-start id="7488" type="global" contextid="7487" timestamp="2019-08-08T07:22:56.878">
  <mem-info id="7489" free="1236992" total="123731968" percent="0">
    <mem type="tenure" free="1236992" total="123731968" percent="0">
      <mem type="soa" free="0" total="122494976" percent="0" />
      <mem type="loa" free="1236992" total="1236992" percent="100" />
    </mem>
  </mem-info>
</gc-start>
<allocation-stats totalBytes="95289120" >
  <allocated-bytes non-tlh="0" tlh="95289120" />
  <largest-consumer threadName="Thread-29" threadId="0000000000CBD200" bytes="10723184" />
</allocation-stats>
<gc-op id="7490" type="mark" timems="8.694" contextid="7487" timestamp="2019-08-08T07:22:56.887">
  <trace-info objectcount="735805" scancount="654372" scanbytes="18983408" />
  <finalization candidates="150" enqueued="0" />
  <ownableSynchronizers candidates="23" cleared="0" />
  <references type="soft" candidates="1855" cleared="0" enqueued="0" dynamicThreshold="24" maxThreshold="32" />
  <references type="weak" candidates="6094" cleared="0" enqueued="0" />
  <references type="phantom" candidates="250" cleared="0" enqueued="0" />
  <stringconstants candidates="14609" cleared="0"  />
</gc-op>
<gc-op id="7491" type="sweep" timems="1.713" contextid="7487" timestamp="2019-08-08T07:22:56.888" />
<mem-info id="7492" free="96145632" total="123731968" percent="77">
  <mem type="tenure" free="96145632" total="123731968" percent="77" micro-fragmented="139040">
    <mem type="soa" free="94908640" total="122494976" percent="77" />
    <mem type="loa" free="1236992" total="1236992" percent="100" />
  </mem>
</mem-info>
<gc-op id="7493" type="compact" timems="29.702" contextid="7487" timestamp="2019-08-08T07:22:56.918">
  <compact-info movecount="126529" movebytes="5389520" reason="compact to aid heap contraction" />
</gc-op>
<heap-resize id="7494" type="expand" space="tenure" amount="327680" count="1" timems="0.028" reason="satisfy allocation request" timestamp="2019-08-08T07:22:56.919" />
<gc-end id="7495" type="global" contextid="7487" durationms="41.244" usertimems="135.872" systemtimems="0.000" timestamp="2019-08-08T07:22:56.919" activeThreads="16">
  <mem-info id="7496" free="96630040" total="124059648" percent="77">
    <mem type="tenure" free="96630040" total="124059648" percent="77">
      <mem type="soa" free="95389976" total="122819584" percent="77" />
      <mem type="loa" free="1240064" total="1240064" percent="100" />
    </mem>
  </mem-info>
</gc-end>
<cycle-end id="7497" type="global" contextid="7487" timestamp="2019-08-08T07:22:56.919" />
  <attribute name="elasticGC enabled" value="1" />
  <attribute name= "numThreadsSpecified" value="16" />
  <attribute name="heapSize specified" value="123731968" />
  <attribute name="Current GC Util" value="76" />
  <attribute name= "Current Time Running" value="144529" />
  <attribute name ="GC Interval" value="0" />
  <attribute name="Target GC Util Change" value ="80.000000" />
  <attribute name="Current GC Util Change" value="76.000000"/>
  <attribute name="Current Error" value="-659.000000" />
  <attribute name="Output H" value="124031640"/>
  <attribute name="Output I" value="200"/>
  <attribute name="Output T" value="16"/>
  <attribute name= "Current Time Running" value="144529" />
  <attribute name="GC Util currently" value="76" />
  <attribute name="CPU Util currently" value="38776507356" />
<allocation-satisfied id="7498" threadId="0000000000C9F200" bytesRequested="40" />
<af-end id="7499" timestamp="2019-08-08T07:22:56.919" threadId="0000000000C9FB88" success="true" />
<exclusive-end id="7500" timestamp="2019-08-08T07:22:56.919" durationms="41.548" />

<concurrent-kickoff id="7501" timestamp="2019-08-08T07:22:57.047">
  <kickoff reason="threshold reached" targetBytes="10323282" thresholdFreeBytes="1406858" remainingFree="1344520" tenureFreeBytes="1344520" />
</concurrent-kickoff>
<exclusive-start id="7502" timestamp="2019-08-08T07:22:57.053" intervalms="175.247">
  <response-info timems="5.987" idlems="5.987" threads="0" lastid="0000000000C88B00" lastname="Thread-35" />
</exclusive-start>
<af-start id="7503" threadId="0000000000C89488" totalBytesRequested="40" timestamp="2019-08-08T07:22:57.053" intervalms="175.231" />
<concurrent-aborted id="7504" timestamp="2019-08-08T07:22:57.053">
  <reason value="insufficient progress made" />
</concurrent-aborted>
<cycle-end id="7505" type="global" contextid="7481" timestamp="2019-08-08T07:22:57.053" />
  <attribute name="elasticGC enabled" value="1" />
  <attribute name= "numThreadsSpecified" value="16" />
  <attribute name="heapSize specified" value="123731968" />
  <attribute name="Current GC Util" value="76" />
  <attribute name= "Current Time Running" value="144529" />
  <attribute name ="GC Interval" value="0" />
  <attribute name="Target GC Util Change" value ="80.000000" />
  <attribute name="Current GC Util Change" value="76.000000"/>
  <attribute name="Current Error" value="-659.000000" />
  <attribute name="Output H" value="124031640"/>
  <attribute name="Output I" value="200"/>
  <attribute name="Output T" value="16"/>
  <attribute name= "Current Time Running" value="144529" />
  <attribute name="GC Util currently" value="76" />
  <attribute name="CPU Util currently" value="38776507356" />
<cycle-start id="7506" type="global" contextid="0" timestamp="2019-08-08T07:22:57.053" intervalms="175.351" />
<gc-start id="7507" type="global" contextid="7506" timestamp="2019-08-08T07:22:57.053">
  <mem-info id="7508" free="1240064" total="124059648" percent="0">
    <mem type="tenure" free="1240064" total="124059648" percent="0">
      <mem type="soa" free="0" total="122819584" percent="0" />
      <mem type="loa" free="1240064" total="1240064" percent="100" />
    </mem>
  </mem-info>
</gc-start>
<allocation-stats totalBytes="95444840" >
  <allocated-bytes non-tlh="0" tlh="95444840" />
  <largest-consumer threadName="Thread-22" threadId="0000000000CB1E00" bytes="9927688" />
</allocation-stats>
<gc-op id="7509" type="mark" timems="19.445" contextid="7506" timestamp="2019-08-08T07:22:57.073">
  <trace-info objectcount="733037" scancount="651593" scanbytes="18916816" />
  <finalization candidates="150" enqueued="0" />
  <ownableSynchronizers candidates="23" cleared="0" />
  <references type="soft" candidates="1855" cleared="0" enqueued="0" dynamicThreshold="24" maxThreshold="32" />
  <references type="weak" candidates="6094" cleared="0" enqueued="0" />
  <references type="phantom" candidates="250" cleared="0" enqueued="0" />
  <stringconstants candidates="14609" cleared="0"  />
</gc-op>
<gc-op id="7510" type="sweep" timems="1.702" contextid="7506" timestamp="2019-08-08T07:22:57.075" />
<mem-info id="7511" free="96586640" total="124059648" percent="77">
  <mem type="tenure" free="96586640" total="124059648" percent="77" micro-fragmented="200016">
    <mem type="soa" free="95346576" total="122819584" percent="77" />
    <mem type="loa" free="1240064" total="1240064" percent="100" />
  </mem>
</mem-info>
<gc-op id="7512" type="compact" timems="31.973" contextid="7506" timestamp="2019-08-08T07:22:57.107">
  <compact-info movecount="82716" movebytes="3468592" reason="compact to aid heap contraction" />
</gc-op>
<heap-resize id="7513" type="expand" space="tenure" amount="327680" count="1" timems="0.022" reason="satisfy allocation request" timestamp="2019-08-08T07:22:57.107" />
<gc-end id="7514" type="global" contextid="7506" durationms="54.062" usertimems="171.088" systemtimems="4.251" timestamp="2019-08-08T07:22:57.107" activeThreads="16">
  <mem-info id="7515" free="97024312" total="124387328" percent="78">
    <mem type="tenure" free="97024312" total="124387328" percent="78">
      <mem type="soa" free="95781176" total="123144192" percent="77" />
      <mem type="loa" free="1243136" total="1243136" percent="100" />
    </mem>
  </mem-info>
</gc-end>
<cycle-end id="7516" type="global" contextid="7506" timestamp="2019-08-08T07:22:57.107" />
  <attribute name="elasticGC enabled" value="1" />
  <attribute name= "numThreadsSpecified" value="16" />
  <attribute name="heapSize specified" value="124059648" />
  <attribute name="Current GC Util" value="69" />
  <attribute name= "Current Time Running" value="144717" />
  <attribute name ="GC Interval" value="0" />
  <attribute name="Target GC Util Change" value ="80.000000" />
  <attribute name="Current GC Util Change" value="69.000000"/>
  <attribute name="Current Error" value="-402.000000" />
  <attribute name="Output H" value="124360504"/>
  <attribute name="Output I" value="200"/>
  <attribute name="Output T" value="16"/>
  <attribute name= "Current Time Running" value="144717" />
  <attribute name="GC Util currently" value="69" />
  <attribute name="CPU Util currently" value="35987426432" />
<allocation-satisfied id="7517" threadId="0000000000C88B00" bytesRequested="40" />
<af-end id="7518" timestamp="2019-08-08T07:22:57.107" threadId="0000000000C89488" success="true" />
<exclusive-end id="7519" timestamp="2019-08-08T07:22:57.107" durationms="54.483" />

<concurrent-kickoff id="7520" timestamp="2019-08-08T07:22:57.209">
  <kickoff reason="threshold reached" targetBytes="10350546" thresholdFreeBytes="1410572" remainingFree="1373992" tenureFreeBytes="1373992" />
</concurrent-kickoff>
<exclusive-start id="7521" timestamp="2019-08-08T07:22:57.210" intervalms="156.929">
  <response-info timems="0.988" idlems="0.988" threads="0" lastid="0000000000CBD200" lastname="Thread-29" />
</exclusive-start>
<af-start id="7522" threadId="0000000000CBDB88" totalBytesRequested="40" timestamp="2019-08-08T07:22:57.210" intervalms="156.913" />
<concurrent-aborted id="7523" timestamp="2019-08-08T07:22:57.210">
  <reason value="insufficient progress made" />
</concurrent-aborted>
<cycle-end id="7524" type="global" contextid="7481" timestamp="2019-08-08T07:22:57.210" />
  <attribute name="elasticGC enabled" value="1" />
  <attribute name= "numThreadsSpecified" value="16" />
  <attribute name="heapSize specified" value="124059648" />
  <attribute name="Current GC Util" value="69" />
  <attribute name= "Current Time Running" value="144717" />
  <attribute name ="GC Interval" value="0" />
  <attribute name="Target GC Util Change" value ="80.000000" />
  <attribute name="Current GC Util Change" value="69.000000"/>
  <attribute name="Current Error" value="-402.000000" />
  <attribute name="Output H" value="124360504"/>
  <attribute name="Output I" value="200"/>
  <attribute name="Output T" value="16"/>
  <attribute name= "Current Time Running" value="144717" />
  <attribute name="GC Util currently" value="69" />
  <attribute name="CPU Util currently" value="35987426432" />
<cycle-start id="7525" type="global" contextid="0" timestamp="2019-08-08T07:22:57.210" intervalms="156.789" />
<gc-start id="7526" type="global" contextid="7525" timestamp="2019-08-08T07:22:57.210">
  <mem-info id="7527" free="1243136" total="124387328" percent="0">
    <mem type="tenure" free="1243136" total="124387328" percent="0">
      <mem type="soa" free="0" total="123144192" percent="0" />
      <mem type="loa" free="1243136" total="1243136" percent="100" />
    </mem>
  </mem-info>
</gc-start>
<allocation-stats totalBytes="95839824" >
  <allocated-bytes non-tlh="0" tlh="95839824" />
  <largest-consumer threadName="Thread-29" threadId="0000000000CBD200" bytes="8748344" />
</allocation-stats>
<gc-op id="7528" type="mark" timems="14.966" contextid="7525" timestamp="2019-08-08T07:22:57.225">
  <trace-info objectcount="726394" scancount="644943" scanbytes="18623716" />
  <finalization candidates="150" enqueued="0" />
  <ownableSynchronizers candidates="23" cleared="0" />
  <references type="soft" candidates="1855" cleared="0" enqueued="0" dynamicThreshold="24" maxThreshold="32" />
  <references type="weak" candidates="6094" cleared="0" enqueued="0" />
  <references type="phantom" candidates="250" cleared="0" enqueued="0" />
  <stringconstants candidates="14609" cleared="0"  />
</gc-op>
<gc-op id="7529" type="sweep" timems="2.189" contextid="7525" timestamp="2019-08-08T07:22:57.227" />
<mem-info id="7530" free="97237656" total="124387328" percent="78">
  <mem type="tenure" free="97237656" total="124387328" percent="78" micro-fragmented="123914">
    <mem type="soa" free="95994520" total="123144192" percent="77" />
    <mem type="loa" free="1243136" total="1243136" percent="100" />
  </mem>
</mem-info>
<gc-op id="7531" type="compact" timems="25.533" contextid="7525" timestamp="2019-08-08T07:22:57.253">
  <compact-info movecount="62313" movebytes="2570544" reason="compact to aid heap contraction" />
</gc-op>
<heap-resize id="7532" type="expand" space="tenure" amount="327680" count="1" timems="0.023" reason="satisfy allocation request" timestamp="2019-08-08T07:22:57.253" />
<gc-end id="7533" type="global" contextid="7525" durationms="43.424" usertimems="126.560" systemtimems="8.306" timestamp="2019-08-08T07:22:57.254" activeThreads="16">
  <mem-info id="7534" free="97645048" total="124715008" percent="78">
    <mem type="tenure" free="97645048" total="124715008" percent="78">
      <mem type="soa" free="96398840" total="123468800" percent="78" />
      <mem type="loa" free="1246208" total="1246208" percent="100" />
    </mem>
  </mem-info>
</gc-end>
<cycle-end id="7535" type="global" contextid="7525" timestamp="2019-08-08T07:22:57.254" />
  <attribute name="elasticGC enabled" value="1" />
  <attribute name= "numThreadsSpecified" value="16" />
  <attribute name="heapSize specified" value="124387328" />
  <attribute name="Current GC Util" value="67" />
  <attribute name= "Current Time Running" value="144863" />
  <attribute name ="GC Interval" value="0" />
  <attribute name="Target GC Util Change" value ="80.000000" />
  <attribute name="Current GC Util Change" value="67.000000"/>
  <attribute name="Current Error" value="-559.000000" />
  <attribute name="Output H" value="124687464"/>
  <attribute name="Output I" value="200"/>
  <attribute name="Output T" value="16"/>
  <attribute name= "Current Time Running" value="144863" />
  <attribute name="GC Util currently" value="67" />
  <attribute name="CPU Util currently" value="45088148170" />
<allocation-satisfied id="7536" threadId="0000000000CBD200" bytesRequested="40" />
<af-end id="7537" timestamp="2019-08-08T07:22:57.254" threadId="0000000000CBDB88" success="true" />
<exclusive-end id="7538" timestamp="2019-08-08T07:22:57.254" durationms="43.742" />

<concurrent-kickoff id="7539" timestamp="2019-08-08T07:22:57.327">
  <kickoff reason="threshold reached" targetBytes="10377814" thresholdFreeBytes="1414288" remainingFree="1306912" tenureFreeBytes="1306912" />
</concurrent-kickoff>
<exclusive-start id="7540" timestamp="2019-08-08T07:22:57.330" intervalms="119.618">
  <response-info timems="2.560" idlems="2.548" threads="1" lastid="0000000000C93F00" lastname="Thread-34" />
</exclusive-start>
<af-start id="7541" threadId="0000000000CCCA88" totalBytesRequested="40" timestamp="2019-08-08T07:22:57.330" intervalms="119.641" />
<concurrent-aborted id="7542" timestamp="2019-08-08T07:22:57.330">
  <reason value="insufficient progress made" />
</concurrent-aborted>
<cycle-end id="7543" type="global" contextid="7481" timestamp="2019-08-08T07:22:57.330" />
  <attribute name="elasticGC enabled" value="1" />
  <attribute name= "numThreadsSpecified" value="16" />
  <attribute name="heapSize specified" value="124387328" />
  <attribute name="Current GC Util" value="67" />
  <attribute name= "Current Time Running" value="144863" />
  <attribute name ="GC Interval" value="0" />
  <attribute name="Target GC Util Change" value ="80.000000" />
  <attribute name="Current GC Util Change" value="67.000000"/>
  <attribute name="Current Error" value="-559.000000" />
  <attribute name="Output H" value="124687464"/>
  <attribute name="Output I" value="200"/>
  <attribute name="Output T" value="16"/>
  <attribute name= "Current Time Running" value="144863" />
  <attribute name="GC Util currently" value="67" />
  <attribute name="CPU Util currently" value="45088148170" />
<cycle-start id="7544" type="global" contextid="0" timestamp="2019-08-08T07:22:57.330" intervalms="119.698" />
<gc-start id="7545" type="global" contextid="7544" timestamp="2019-08-08T07:22:57.330">
  <mem-info id="7546" free="1246208" total="124715008" percent="0">
    <mem type="tenure" free="1246208" total="124715008" percent="0">
      <mem type="soa" free="0" total="123468800" percent="0" />
      <mem type="loa" free="1246208" total="1246208" percent="100" />
    </mem>
  </mem-info>
</gc-start>
<allocation-stats totalBytes="96451840" >
  <allocated-bytes non-tlh="0" tlh="96451840" />
  <largest-consumer threadName="Thread-36" threadId="0000000000CDB100" bytes="11893328" />
</allocation-stats>
<gc-op id="7547" type="mark" timems="11.297" contextid="7544" timestamp="2019-08-08T07:22:57.341">
  <trace-info objectcount="722692" scancount="641245" scanbytes="18667536" />
  <finalization candidates="150" enqueued="0" />
  <ownableSynchronizers candidates="23" cleared="0" />
  <references type="soft" candidates="1855" cleared="0" enqueued="0" dynamicThreshold="25" maxThreshold="32" />
  <references type="weak" candidates="6094" cleared="0" enqueued="0" />
  <references type="phantom" candidates="250" cleared="0" enqueued="0" />
  <stringconstants candidates="14609" cleared="0"  />
</gc-op>
<gc-op id="7548" type="sweep" timems="2.167" contextid="7544" timestamp="2019-08-08T07:22:57.343" />
<mem-info id="7549" free="97370328" total="124715008" percent="78">
  <mem type="tenure" free="97370328" total="124715008" percent="78" micro-fragmented="211895">
    <mem type="soa" free="96124120" total="123468800" percent="77" />
    <mem type="loa" free="1246208" total="1246208" percent="100" />
  </mem>
</mem-info>
<gc-op id="7550" type="compact" timems="38.629" contextid="7544" timestamp="2019-08-08T07:22:57.382">
  <compact-info movecount="110642" movebytes="4962568" reason="compact to aid heap contraction" />
</gc-op>
<heap-resize id="7551" type="expand" space="tenure" amount="327680" count="1" timems="0.023" reason="satisfy allocation request" timestamp="2019-08-08T07:22:57.383" />
<gc-end id="7552" type="global" contextid="7544" durationms="53.191" usertimems="134.763" systemtimems="6.689" timestamp="2019-08-08T07:22:57.383" activeThreads="16">
  <mem-info id="7553" free="97928952" total="125042688" percent="78">
    <mem type="tenure" free="97928952" total="125042688" percent="78">
      <mem type="soa" free="96678648" total="123792384" percent="78" />
      <mem type="loa" free="1250304" total="1250304" percent="100" />
    </mem>
  </mem-info>
</gc-end>
<cycle-end id="7554" type="global" contextid="7544" timestamp="2019-08-08T07:22:57.383" />
  <attribute name="elasticGC enabled" value="1" />
  <attribute name= "numThreadsSpecified" value="16" />
  <attribute name="heapSize specified" value="124715008" />
  <attribute name="Current GC Util" value="54" />
  <attribute name= "Current Time Running" value="144993" />
  <attribute name ="GC Interval" value="0" />
  <attribute name="Target GC Util Change" value ="80.000000" />
  <attribute name="Current GC Util Change" value="54.000000"/>
  <attribute name="Current Error" value="-89.000000" />
  <attribute name="Output H" value="125017312"/>
  <attribute name="Output I" value="1552"/>
  <attribute name="Output T" value="16"/>
  <attribute name= "Current Time Running" value="144993" />
  <attribute name="GC Util currently" value="54" />
  <attribute name="CPU Util currently" value="29781775394" />
<allocation-satisfied id="7555" threadId="0000000000CCC100" bytesRequested="40" />
<af-end id="7556" timestamp="2019-08-08T07:22:57.383" threadId="0000000000CCCA88" success="true" />
<exclusive-end id="7557" timestamp="2019-08-08T07:22:57.383" durationms="53.959" />

<concurrent-kickoff id="7558" timestamp="2019-08-08T07:22:57.484">
  <kickoff reason="threshold reached" targetBytes="10405081" thresholdFreeBytes="1418005" remainingFree="1398488" tenureFreeBytes="1398488" />
</concurrent-kickoff>
<exclusive-start id="7559" timestamp="2019-08-08T07:22:57.487" intervalms="157.667">
  <response-info timems="3.202" idlems="1.618" threads="1" lastid="0000000000CA6A00" lastname="Thread-28" />
</exclusive-start>
<cycle-start id="7560" type="global" contextid="0" timestamp="2019-08-08T07:22:57.487" intervalms="157.506" />
<exclusive-end id="7561" timestamp="2019-08-08T07:22:57.487" durationms="0.068" />

<exclusive-start id="7562" timestamp="2019-08-08T07:22:57.489" intervalms="1.581">
  <response-info timems="1.416" idlems="1.416" threads="0" lastid="0000000000CD7500" lastname="Thread-23" />
</exclusive-start>
<af-start id="7563" threadId="0000000000CD7E88" totalBytesRequested="24" timestamp="2019-08-08T07:22:57.489" intervalms="159.289" />
<concurrent-aborted id="7564" timestamp="2019-08-08T07:22:57.489">
  <reason value="insufficient progress made" />
</concurrent-aborted>
<cycle-end id="7565" type="global" contextid="7560" timestamp="2019-08-08T07:22:57.489" />
  <attribute name="elasticGC enabled" value="1" />
  <attribute name= "numThreadsSpecified" value="16" />
  <attribute name="heapSize specified" value="124715008" />
  <attribute name="Current GC Util" value="54" />
  <attribute name= "Current Time Running" value="144993" />
  <attribute name ="GC Interval" value="0" />
  <attribute name="Target GC Util Change" value ="80.000000" />
  <attribute name="Current GC Util Change" value="54.000000"/>
  <attribute name="Current Error" value="-89.000000" />
  <attribute name="Output H" value="125017312"/>
  <attribute name="Output I" value="1552"/>
  <attribute name="Output T" value="16"/>
  <attribute name= "Current Time Running" value="144993" />
  <attribute name="GC Util currently" value="54" />
  <attribute name="CPU Util currently" value="29781775394" />
<cycle-start id="7566" type="global" contextid="0" timestamp="2019-08-08T07:22:57.489" intervalms="1.708" />
<gc-start id="7567" type="global" contextid="7566" timestamp="2019-08-08T07:22:57.489">
  <mem-info id="7568" free="1250304" total="125042688" percent="0">
    <mem type="tenure" free="1250304" total="125042688" percent="0">
      <mem type="soa" free="0" total="123792384" percent="0" />
      <mem type="loa" free="1250304" total="1250304" percent="100" />
    </mem>
  </mem-info>
</gc-start>
<allocation-stats totalBytes="96733184" >
  <allocated-bytes non-tlh="0" tlh="96733184" />
  <largest-consumer threadName="Thread-36" threadId="0000000000CDB100" bytes="9750328" />
</allocation-stats>
<gc-op id="7569" type="mark" timems="20.582" contextid="7566" timestamp="2019-08-08T07:22:57.510">
  <trace-info objectcount="729161" scancount="647718" scanbytes="18823656" />
  <finalization candidates="150" enqueued="0" />
  <ownableSynchronizers candidates="23" cleared="0" />
  <references type="soft" candidates="1855" cleared="0" enqueued="0" dynamicThreshold="25" maxThreshold="32" />
  <references type="weak" candidates="6094" cleared="0" enqueued="0" />
  <references type="phantom" candidates="250" cleared="0" enqueued="0" />
  <stringconstants candidates="14609" cleared="0"  />
</gc-op>
<gc-op id="7570" type="sweep" timems="1.551" contextid="7566" timestamp="2019-08-08T07:22:57.511" />
<mem-info id="7571" free="97704888" total="125042688" percent="78">
  <mem type="tenure" free="97704888" total="125042688" percent="78" micro-fragmented="106394">
    <mem type="soa" free="96454584" total="123792384" percent="77" />
    <mem type="loa" free="1250304" total="1250304" percent="100" />
  </mem>
</mem-info>
<gc-op id="7572" type="compact" timems="27.126" contextid="7566" timestamp="2019-08-08T07:22:57.538">
  <compact-info movecount="34539" movebytes="1384448" reason="compact to aid heap contraction" />
</gc-op>
<heap-resize id="7573" type="expand" space="tenure" amount="327680" count="1" timems="0.022" reason="satisfy allocation request" timestamp="2019-08-08T07:22:57.539" />
<gc-end id="7574" type="global" contextid="7566" durationms="50.179" usertimems="141.266" systemtimems="27.348" timestamp="2019-08-08T07:22:57.539" activeThreads="16">
  <mem-info id="7575" free="98100512" total="125370368" percent="78">
    <mem type="tenure" free="98100512" total="125370368" percent="78">
      <mem type="soa" free="96847136" total="124116992" percent="78" />
      <mem type="loa" free="1253376" total="1253376" percent="100" />
    </mem>
  </mem-info>
</gc-end>
<cycle-end id="7576" type="global" contextid="7566" timestamp="2019-08-08T07:22:57.539" />
  <attribute name="elasticGC enabled" value="1" />
  <attribute name= "numThreadsSpecified" value="16" />
  <attribute name="heapSize specified" value="125042688" />
  <attribute name="Current GC Util" value="68" />
  <attribute name= "Current Time Running" value="145149" />
  <attribute name ="GC Interval" value="0" />
  <attribute name="Target GC Util Change" value ="80.000000" />
  <attribute name="Current GC Util Change" value="68.000000"/>
  <attribute name="Current Error" value="20.000000" />
  <attribute name="Output H" value="125345496"/>
  <attribute name="Output I" value="2112"/>
  <attribute name="Output T" value="16"/>
  <attribute name= "Current Time Running" value="145149" />
  <attribute name="GC Util currently" value="68" />
  <attribute name="CPU Util currently" value="42432174474" />
<allocation-satisfied id="7577" threadId="0000000000CD7500" bytesRequested="24" />
<af-end id="7578" timestamp="2019-08-08T07:22:57.539" threadId="0000000000CD7E88" success="true" />
<exclusive-end id="7579" timestamp="2019-08-08T07:22:57.540" durationms="50.787" />

<concurrent-kickoff id="7580" timestamp="2019-08-08T07:22:57.652">
  <kickoff reason="threshold reached" targetBytes="10432348" thresholdFreeBytes="1421721" remainingFree="1296512" tenureFreeBytes="1296512" />
</concurrent-kickoff>
<exclusive-start id="7581" timestamp="2019-08-08T07:22:57.654" intervalms="164.835">
  <response-info timems="0.725" idlems="0.327" threads="10" lastid="0000000000C81300" lastname="Thread-21" />
</exclusive-start>
<cycle-start id="7582" type="global" contextid="0" timestamp="2019-08-08T07:22:57.654" intervalms="164.715" />
<exclusive-end id="7583" timestamp="2019-08-08T07:22:57.654" durationms="0.787" />

<exclusive-start id="7584" timestamp="2019-08-08T07:22:57.656" intervalms="2.513">
  <response-info timems="1.600" idlems="1.600" threads="0" lastid="0000000000C9F200" lastname="Thread-31" />
</exclusive-start>
<af-start id="7585" threadId="0000000000C9FB88" totalBytesRequested="40" timestamp="2019-08-08T07:22:57.656" intervalms="167.300" />
<concurrent-aborted id="7586" timestamp="2019-08-08T07:22:57.656">
  <reason value="insufficient progress made" />
</concurrent-aborted>
<cycle-end id="7587" type="global" contextid="7582" timestamp="2019-08-08T07:22:57.656" />
  <attribute name="elasticGC enabled" value="1" />
  <attribute name= "numThreadsSpecified" value="16" />
  <attribute name="heapSize specified" value="125042688" />
  <attribute name="Current GC Util" value="68" />
  <attribute name= "Current Time Running" value="145149" />
  <attribute name ="GC Interval" value="0" />
  <attribute name="Target GC Util Change" value ="80.000000" />
  <attribute name="Current GC Util Change" value="68.000000"/>
  <attribute name="Current Error" value="20.000000" />
  <attribute name="Output H" value="125345496"/>
  <attribute name="Output I" value="2112"/>
  <attribute name="Output T" value="16"/>
  <attribute name= "Current Time Running" value="145149" />
  <attribute name="GC Util currently" value="68" />
  <attribute name="CPU Util currently" value="42432174474" />
<cycle-start id="7588" type="global" contextid="0" timestamp="2019-08-08T07:22:57.656" intervalms="2.582" />
<gc-start id="7589" type="global" contextid="7588" timestamp="2019-08-08T07:22:57.656">
  <mem-info id="7590" free="1253376" total="125370368" percent="0">
    <mem type="tenure" free="1253376" total="125370368" percent="0">
      <mem type="soa" free="0" total="124116992" percent="0" />
      <mem type="loa" free="1253376" total="1253376" percent="100" />
    </mem>
  </mem-info>
</gc-start>
<allocation-stats totalBytes="96903472" >
  <allocated-bytes non-tlh="0" tlh="96903472" />
  <largest-consumer threadName="Thread-36" threadId="0000000000CDB100" bytes="11500608" />
</allocation-stats>
<gc-op id="7591" type="mark" timems="13.863" contextid="7588" timestamp="2019-08-08T07:22:57.670">
  <trace-info objectcount="714553" scancount="633063" scanbytes="18400672" />
  <finalization candidates="150" enqueued="0" />
  <ownableSynchronizers candidates="23" cleared="0" />
  <references type="soft" candidates="1855" cleared="0" enqueued="0" dynamicThreshold="25" maxThreshold="32" />
  <references type="weak" candidates="6094" cleared="0" enqueued="0" />
  <references type="phantom" candidates="250" cleared="0" enqueued="0" />
  <stringconstants candidates="14609" cleared="0"  />
</gc-op>
<gc-op id="7592" type="sweep" timems="2.094" contextid="7588" timestamp="2019-08-08T07:22:57.672" />
<mem-info id="7593" free="98156344" total="125370368" percent="78">
  <mem type="tenure" free="98156344" total="125370368" percent="78" micro-fragmented="387680">
    <mem type="soa" free="96902968" total="124116992" percent="78" />
    <mem type="loa" free="1253376" total="1253376" percent="100" />
  </mem>
</mem-info>
<gc-op id="7594" type="compact" timems="30.099" contextid="7588" timestamp="2019-08-08T07:22:57.702">
  <compact-info movecount="102512" movebytes="4695424" reason="compact to aid heap contraction" />
</gc-op>
<heap-resize id="7595" type="expand" space="tenure" amount="327680" count="1" timems="0.023" reason="satisfy allocation request" timestamp="2019-08-08T07:22:57.703" />
<gc-end id="7596" type="global" contextid="7588" durationms="47.132" usertimems="139.223" systemtimems="23.426" timestamp="2019-08-08T07:22:57.703" activeThreads="16">
  <mem-info id="7597" free="98851176" total="125698048" percent="78">
    <mem type="tenure" free="98851176" total="125698048" percent="78">
      <mem type="soa" free="97594728" total="124441600" percent="78" />
      <mem type="loa" free="1256448" total="1256448" percent="100" />
    </mem>
  </mem-info>
</gc-end>
<cycle-end id="7598" type="global" contextid="7588" timestamp="2019-08-08T07:22:57.703" />
  <attribute name="elasticGC enabled" value="1" />
  <attribute name= "numThreadsSpecified" value="16" />
  <attribute name="heapSize specified" value="125370368" />
  <attribute name="Current GC Util" value="93" />
  <attribute name= "Current Time Running" value="145313" />
  <attribute name ="GC Interval" value="0" />
  <attribute name="Target GC Util Change" value ="80.000000" />
  <attribute name="Current GC Util Change" value="93.000000"/>
  <attribute name="Current Error" value="-13.000000" />
  <attribute name="Output H" value="125673024"/>
  <attribute name="Output I" value="1944"/>
  <attribute name="Output T" value="16"/>
  <attribute name= "Current Time Running" value="145313" />
  <attribute name="GC Util currently" value="93" />
  <attribute name="CPU Util currently" value="38247376235" />
<allocation-satisfied id="7599" threadId="0000000000C9F200" bytesRequested="40" />
<af-end id="7600" timestamp="2019-08-08T07:22:57.703" threadId="0000000000C9FB88" success="true" />
<exclusive-end id="7601" timestamp="2019-08-08T07:22:57.704" durationms="48.294" />

