<?xml version="1.0" ?>

<verbosegc xmlns="http://www.ibm.com/j9/verbosegc" version="10b4217_CMPRSS">

<initialized id="1" timestamp="2019-06-15T18:36:39.638">
  <attribute name="gcPolicy" value="-Xgcpolicy:gencon" />
  <attribute name="elasticGC enabled" value="1" />
  <attribute name= "numThreadsSpecified" value="0" />
  <attribute name="heapSize specified" value="0" />
  <attribute name="Current GC Util" value="0" />
  <attribute name= "Current Time Running" value="0" />
  <attribute name ="GC Interval" value="0" />
  <attribute name="ProportionalT" value="0.000000" />
  <attribute name="ProportionalI" value="0.000000" />
  <attribute name="ProportionalH" value="0.000000" />
  <attribute name="IntegralT" value="0.000000" />
  <attribute name="IntegralI" value="0.000000" />
  <attribute name="IntegralH" value="0.000000" />
  <attribute name="DerivativeT" value="0.000000" />
  <attribute name="DerivativeI" value="0.000000" />
  <attribute name="DerivativeH" value="0.000000" />
  <attribute name="Target GC Util Change" value ="0.000000" />
  <attribute name="Current GC Util Change" value="0.000000"/>
  <attribute name="Current Error" value="0.000000" />
  <attribute name="Loop Time for DT" value="0.000000" />
  <attribute name="Output H" value="0"/>
  <attribute name="Output I" value="0"/>
  <attribute name="Output T" value="0"/>
  <attribute name="GC Util currently" value="0" />
  <attribute name="CPU Util currently" value="0" />
  <attribute name="maxHeapSize" value="0x7cbc0000" />
  <attribute name="initialHeapSize" value="0x800000" />
  <attribute name="compressedRefs" value="true" />
  <attribute name="compressedRefsDisplacement" value="0x0" />
  <attribute name="compressedRefsShift" value="0x0" />
  <attribute name="pageSize" value="0x1000" />
  <attribute name="pageType" value="not used" />
  <attribute name="requestedPageSize" value="0x1000" />
  <attribute name="requestedPageType" value="not used" />
  <attribute name="gcthreads" value="4" />
  <attribute name="gcthreads Concurrent Mark" value="1" />
  <attribute name="packetListSplit" value="4" />
  <attribute name="cacheListSplit" value="4" />
  <attribute name="splitFreeListSplitAmount" value="1" />
  <attribute name="numaNodes" value="0" />
  <system>
    <attribute name="physicalMemory" value="8370962432" />
    <attribute name="numCPUs" value="4" />
    <attribute name="architecture" value="amd64" />
    <attribute name="os" value="Linux" />
    <attribute name="osVersion" value="4.4.0-148-generic" />
  </system>
  <vmargs>
    <vmarg name="-Xoptionsfile=/vagrant/jdk/lib/options.default" />
    <vmarg name="-Xlockword:mode=default,noLockword=java/lang/String,noLockword=java/util/MapEntry,noLockword=java/util/HashMap$Entry,noLockword..." />
    <vmarg name="-Xjcl:jclse29" />
    <vmarg name="-Dcom.ibm.oti.vm.bootstrap.library.path=/vagrant/jdk/lib/compressedrefs:/vagrant/jdk/lib" />
    <vmarg name="-Dsun.boot.library.path=/vagrant/jdk/lib/compressedrefs:/vagrant/jdk/lib" />
    <vmarg name="-Djava.library.path=/vagrant/jdk/lib/compressedrefs:/vagrant/jdk/lib:/usr/lib64:/usr/lib" />
    <vmarg name="-Djava.home=/vagrant/jdk" />
    <vmarg name="-Duser.dir=/vagrant" />
    <vmarg name="-verbose:gc" />
    <vmarg name="-Xgcelastic" />
    <vmarg name="-Xcheck:gc:::elasticGC" />
    <vmarg name="-Xloggc:small-jdk-1.5-1-0.5-verbose14xalan.txt" />
    <vmarg name="-Djava.class.path=dacapo-9.12-MR1-bach.jar" />
    <vmarg name="-Dsun.java.command=dacapo-9.12-MR1-bach.jar xalan --size=small" />
    <vmarg name="-Dsun.java.launcher=SUN_STANDARD" />
    <vmarg name="-Dsun.java.launcher.pid=31390" />
  </vmargs>
</initialized>

<exclusive-start id="2" timestamp="2019-06-15T18:36:39.829" intervalms="190.874">
  <response-info timems="0.019" idlems="0.019" threads="0" lastid="00000000011CC700" lastname="main" />
</exclusive-start>
<af-start id="3" threadId="00000000011CD088" totalBytesRequested="7176" timestamp="2019-06-15T18:36:39.829" intervalms="191.182" type="nursery" />
<cycle-start id="4" type="scavenge" contextid="0" timestamp="2019-06-15T18:36:39.830" intervalms="191.656" />
<gc-start id="5" type="scavenge" contextid="4" timestamp="2019-06-15T18:36:39.835">
  <mem-info id="6" free="6062624" total="8388608" percent="72">
    <mem type="nursery" free="0" total="2097152" percent="0">
      <mem type="allocate" free="0" total="1048576" percent="0" />
      <mem type="survivor" free="0" total="1048576" percent="0" />
    </mem>
    <mem type="tenure" free="6062624" total="6291456" percent="96">
      <mem type="soa" free="5748256" total="5977088" percent="96" />
      <mem type="loa" free="314368" total="314368" percent="100" />
    </mem>
    <remembered-set count="3161" />
  </mem-info>
</gc-start>
<allocation-stats totalBytes="1275432" >
  <allocated-bytes non-tlh="344784" tlh="930648" />
  <largest-consumer threadName="main" threadId="00000000011CC700" bytes="1198864" />
</allocation-stats>
<gc-op id="7" type="scavenge" timems="2.966" contextid="4" timestamp="2019-06-15T18:36:39.838">
  <scavenger-info tenureage="2" tenuremask="fffc" tiltratio="50" />
  <memory-copied type="nursery" objects="10578" bytes="479600" bytesdiscarded="144088" />
  <finalization candidates="11" enqueued="0" />
  <references type="soft" candidates="62" cleared="0" enqueued="0" dynamicThreshold="32" maxThreshold="32" />
  <references type="weak" candidates="309" cleared="177" enqueued="141" />
  <references type="phantom" candidates="25" cleared="6" enqueued="6" />
</gc-op>
<gc-end id="8" type="scavenge" contextid="4" durationms="6.548" usertimems="4.000" systemtimems="4.000" timestamp="2019-06-15T18:36:39.842" activeThreads="4">
  <mem-info id="9" free="6485416" total="8388608" percent="77">
    <mem type="nursery" free="422792" total="2097152" percent="20">
      <mem type="allocate" free="422792" total="1048576" percent="40" />
      <mem type="survivor" free="0" total="1048576" percent="0" />
    </mem>
    <mem type="tenure" free="6062624" total="6291456" percent="96">
      <mem type="soa" free="5748256" total="5977088" percent="96" />
      <mem type="loa" free="314368" total="314368" percent="100" />
    </mem>
    <pending-finalizers system="0" default="0" reference="147" classloader="0" />
    <remembered-set count="3161" />
  </mem-info>
</gc-end>
<cycle-end id="10" type="scavenge" contextid="4" timestamp="2019-06-15T18:36:39.842" />
  <attribute name="elasticGC enabled" value="1" />
  <attribute name= "numThreadsSpecified" value="0" />
  <attribute name="heapSize specified" value="0" />
  <attribute name="Current GC Util" value="0" />
  <attribute name= "Current Time Running" value="78" />
  <attribute name ="GC Interval" value="1" />
  <attribute name="ProportionalT" value="0.000000" />
  <attribute name="ProportionalI" value="0.000000" />
  <attribute name="ProportionalH" value="0.000000" />
  <attribute name="Current Error" value="0.000000" />
  <attribute name="IntegralT" value="0.000000" />
  <attribute name="IntegralI" value="0.000000" />
  <attribute name="IntegralH" value="0.000000" />
  <attribute name="DerivativeT" value="0.000000" />
  <attribute name="DerivativeI" value="0.000000" />
  <attribute name="DerivativeH" value="0.000000" />
  <attribute name="Loop Time for DT" value="0.000000" />
  <attribute name="Output H" value="0"/>
  <attribute name="Output I" value="0"/>
  <attribute name="Output T" value="0"/>
  <attribute name="Target GC Util Change" value ="20.000000" />
  <attribute name="Current GC Util Change" value="0.000000"/>
  <attribute name="GC Util currently" value="0" />
  <attribute name="CPU Util currently" value="22" />
<allocation-satisfied id="11" threadId="00000000011CC700" bytesRequested="7176" />
<af-end id="12" timestamp="2019-06-15T18:36:39.842" threadId="00000000011CD088" success="true" from="nursery"/>
<exclusive-end id="13" timestamp="2019-06-15T18:36:39.842" durationms="13.152" />

<exclusive-start id="14" timestamp="2019-06-15T18:36:39.864" intervalms="34.983">
  <response-info timems="0.028" idlems="0.028" threads="0" lastid="00000000011CC700" lastname="main" />
</exclusive-start>
<af-start id="15" threadId="00000000011CD088" totalBytesRequested="15200" timestamp="2019-06-15T18:36:39.864" intervalms="34.749" type="nursery" />
<cycle-start id="16" type="scavenge" contextid="0" timestamp="2019-06-15T18:36:39.864" intervalms="34.345" />
<gc-start id="17" type="scavenge" contextid="16" timestamp="2019-06-15T18:36:39.868">
  <mem-info id="18" free="6054888" total="8388608" percent="72">
    <mem type="nursery" free="0" total="2097152" percent="0">
      <mem type="allocate" free="0" total="1048576" percent="0" />
      <mem type="survivor" free="0" total="1048576" percent="0" />
    </mem>
    <mem type="tenure" free="6054888" total="6291456" percent="96">
      <mem type="soa" free="5740520" total="5977088" percent="96" />
      <mem type="loa" free="314368" total="314368" percent="100" />
    </mem>
    <remembered-set count="3262" />
  </mem-info>
</gc-start>
<allocation-stats totalBytes="415520" >
  <allocated-bytes non-tlh="14912" tlh="400608" />
  <largest-consumer threadName="main" threadId="00000000011CC700" bytes="403544" />
</allocation-stats>
<gc-op id="19" type="scavenge" timems="1.554" contextid="16" timestamp="2019-06-15T18:36:39.870">
  <scavenger-info tenureage="5" tenuremask="7fe0" tiltratio="50" />
  <memory-copied type="nursery" objects="10883" bytes="485408" bytesdiscarded="8360" />
  <finalization candidates="11" enqueued="0" />
  <references type="soft" candidates="62" cleared="0" enqueued="0" dynamicThreshold="32" maxThreshold="32" />
  <references type="weak" candidates="240" cleared="95" enqueued="92" />
  <references type="phantom" candidates="35" cleared="11" enqueued="11" />
</gc-op>
<gc-end id="20" type="scavenge" contextid="16" durationms="1.914" usertimems="0.000" systemtimems="0.000" timestamp="2019-06-15T18:36:39.870" activeThreads="4">
  <mem-info id="21" free="6608232" total="8388608" percent="78">
    <mem type="nursery" free="553344" total="2097152" percent="26">
      <mem type="allocate" free="553344" total="1048576" percent="52" />
      <mem type="survivor" free="0" total="1048576" percent="0" />
    </mem>
    <mem type="tenure" free="6054888" total="6291456" percent="96">
      <mem type="soa" free="5740520" total="5977088" percent="96" />
      <mem type="loa" free="314368" total="314368" percent="100" />
    </mem>
    <pending-finalizers system="0" default="0" reference="103" classloader="0" />
    <remembered-set count="3262" />
  </mem-info>
</gc-end>
<cycle-end id="22" type="scavenge" contextid="16" timestamp="2019-06-15T18:36:39.870" />
  <attribute name="elasticGC enabled" value="1" />
  <attribute name= "numThreadsSpecified" value="4" />
  <attribute name="heapSize specified" value="0" />
  <attribute name="Current GC Util" value="38" />
  <attribute name= "Current Time Running" value="111" />
  <attribute name ="GC Interval" value="624" />
  <attribute name="ProportionalT" value="27.000000" />
  <attribute name="ProportionalI" value="27.000000" />
  <attribute name="ProportionalH" value="27.000000" />
  <attribute name="Current Error" value="18.000000" />
  <attribute name="IntegralT" value="594.000000" />
  <attribute name="IntegralI" value="594.000000" />
  <attribute name="IntegralH" value="594.000000" />
  <attribute name="DerivativeT" value="0.272727" />
  <attribute name="DerivativeI" value="0.272727" />
  <attribute name="DerivativeH" value="0.272727" />
  <attribute name="Loop Time for DT" value="33.000000" />
  <attribute name="Output H" value="8388608"/>
  <attribute name="Output I" value="624"/>
  <attribute name="Output T" value="4"/>
  <attribute name="Target GC Util Change" value ="20.000000" />
  <attribute name="Current GC Util Change" value="38.000000"/>
  <attribute name="GC Util currently" value="38" />
  <attribute name="CPU Util currently" value="20" />
<allocation-satisfied id="23" threadId="00000000011CC700" bytesRequested="15200" />
<af-end id="24" timestamp="2019-06-15T18:36:39.870" threadId="00000000011CD088" success="true" from="nursery"/>
<exclusive-end id="25" timestamp="2019-06-15T18:36:39.870" durationms="6.284" />

<exclusive-start id="26" timestamp="2019-06-15T18:36:39.885" intervalms="21.434">
  <response-info timems="0.025" idlems="0.025" threads="0" lastid="00000000011CC700" lastname="main" />
</exclusive-start>
<af-start id="27" threadId="00000000011CD088" totalBytesRequested="1464" timestamp="2019-06-15T18:36:39.886" intervalms="21.437" type="nursery" />
<cycle-start id="28" type="scavenge" contextid="0" timestamp="2019-06-15T18:36:39.886" intervalms="21.428" />
<gc-start id="29" type="scavenge" contextid="28" timestamp="2019-06-15T18:36:39.886">
  <mem-info id="30" free="6050104" total="8388608" percent="72">
    <mem type="nursery" free="0" total="2097152" percent="0">
      <mem type="allocate" free="0" total="1048576" percent="0" />
      <mem type="survivor" free="0" total="1048576" percent="0" />
    </mem>
    <mem type="tenure" free="6050104" total="6291456" percent="96">
      <mem type="soa" free="5735736" total="5977088" percent="95" />
      <mem type="loa" free="314368" total="314368" percent="100" />
    </mem>
    <remembered-set count="3337" />
  </mem-info>
</gc-start>
<allocation-stats totalBytes="545112" >
  <allocated-bytes non-tlh="19984" tlh="525128" />
  <largest-consumer threadName="main" threadId="00000000011CC700" bytes="536920" />
</allocation-stats>
<gc-op id="31" type="scavenge" timems="1.974" contextid="28" timestamp="2019-06-15T18:36:39.888">
  <scavenger-info tenureage="4" tenuremask="7ff0" tiltratio="50" />
  <memory-copied type="nursery" objects="11004" bytes="542088" bytesdiscarded="123856" />
  <finalization candidates="11" enqueued="0" />
  <references type="soft" candidates="62" cleared="0" enqueued="0" dynamicThreshold="32" maxThreshold="32" />
  <references type="weak" candidates="238" cleared="91" enqueued="91" />
  <references type="phantom" candidates="43" cleared="14" enqueued="14" />
</gc-op>
<heap-resize id="32" type="expand" space="nursery" amount="131072" count="1" timems="0.144" reason="excessive time being spent scavenging" timestamp="2019-06-15T18:36:39.888" />
<gc-end id="33" type="scavenge" contextid="28" durationms="2.489" usertimems="4.000" systemtimems="0.000" timestamp="2019-06-15T18:36:39.888" activeThreads="4">
  <mem-info id="34" free="6496808" total="8519680" percent="76">
    <mem type="nursery" free="446704" total="2228224" percent="20">
      <mem type="allocate" free="446704" total="1114112" percent="40" />
      <mem type="survivor" free="0" total="1114112" percent="0" />
    </mem>
    <mem type="tenure" free="6050104" total="6291456" percent="96">
      <mem type="soa" free="5735736" total="5977088" percent="95" />
      <mem type="loa" free="314368" total="314368" percent="100" />
    </mem>
    <pending-finalizers system="0" default="0" reference="105" classloader="0" />
    <remembered-set count="1067" />
  </mem-info>
</gc-end>
<cycle-end id="35" type="scavenge" contextid="28" timestamp="2019-06-15T18:36:39.888" />
  <attribute name="elasticGC enabled" value="1" />
  <attribute name= "numThreadsSpecified" value="4" />
  <attribute name="heapSize specified" value="0" />
  <attribute name="Current GC Util" value="36" />
  <attribute name= "Current Time Running" value="128" />
  <attribute name ="GC Interval" value="896" />
  <attribute name="ProportionalT" value="24.000000" />
  <attribute name="ProportionalI" value="24.000000" />
  <attribute name="ProportionalH" value="24.000000" />
  <attribute name="Current Error" value="16.000000" />
  <attribute name="IntegralT" value="866.000000" />
  <attribute name="IntegralI" value="866.000000" />
  <attribute name="IntegralH" value="866.000000" />
  <attribute name="DerivativeT" value="-0.058824" />
  <attribute name="DerivativeI" value="-0.058824" />
  <attribute name="DerivativeH" value="-0.058824" />
  <attribute name="Loop Time for DT" value="17.000000" />
  <attribute name="Output H" value="8388608"/>
  <attribute name="Output I" value="896"/>
  <attribute name="Output T" value="4"/>
  <attribute name="Target GC Util Change" value ="20.000000" />
  <attribute name="Current GC Util Change" value="36.000000"/>
  <attribute name="GC Util currently" value="36" />
  <attribute name="CPU Util currently" value="1" />
<allocation-satisfied id="36" threadId="00000000011CC700" bytesRequested="1464" />
<af-end id="37" timestamp="2019-06-15T18:36:39.888" threadId="00000000011CD088" success="true" from="nursery"/>
<exclusive-end id="38" timestamp="2019-06-15T18:36:39.888" durationms="2.911" />

<exclusive-start id="39" timestamp="2019-06-15T18:36:40.073" intervalms="187.538">
  <response-info timems="0.028" idlems="0.028" threads="0" lastid="00000000011CC700" lastname="main" />
</exclusive-start>
<af-start id="40" threadId="00000000011CD088" totalBytesRequested="2056" timestamp="2019-06-15T18:36:40.073" intervalms="187.545" type="nursery" />
<cycle-start id="41" type="scavenge" contextid="0" timestamp="2019-06-15T18:36:40.073" intervalms="187.545" />
<gc-start id="42" type="scavenge" contextid="41" timestamp="2019-06-15T18:36:40.073">
  <mem-info id="43" free="6046880" total="8519680" percent="70">
    <mem type="nursery" free="0" total="2228224" percent="0">
      <mem type="allocate" free="0" total="1114112" percent="0" />
      <mem type="survivor" free="0" total="1114112" percent="0" />
    </mem>
    <mem type="tenure" free="6046880" total="6291456" percent="96">
      <mem type="soa" free="5732512" total="5977088" percent="95" />
      <mem type="loa" free="314368" total="314368" percent="100" />
    </mem>
    <remembered-set count="1112" />
  </mem-info>
</gc-start>
<allocation-stats totalBytes="445872" >
  <allocated-bytes non-tlh="4688" tlh="441184" />
  <largest-consumer threadName="main" threadId="00000000011CC700" bytes="445872" />
</allocation-stats>
<gc-op id="44" type="scavenge" timems="1.937" contextid="41" timestamp="2019-06-15T18:36:40.075">
  <scavenger-info tenureage="3" tenuremask="fff8" tiltratio="50" />
  <memory-copied type="nursery" objects="779" bytes="139824" bytesdiscarded="69416" />
  <memory-copied type="tenure" objects="10286" bytes="459768" bytesdiscarded="160" />
  <finalization candidates="14" enqueued="1" />
  <references type="soft" candidates="1" cleared="0" enqueued="0" dynamicThreshold="32" maxThreshold="32" />
  <references type="weak" candidates="60" cleared="44" enqueued="44" />
  <references type="phantom" candidates="24" cleared="10" enqueued="10" />
</gc-op>
<gc-end id="45" type="scavenge" contextid="41" durationms="2.160" usertimems="0.000" systemtimems="0.000" timestamp="2019-06-15T18:36:40.075" activeThreads="4">
  <mem-info id="46" free="6394200" total="8519680" percent="75">
    <mem type="nursery" free="904784" total="2228224" percent="40">
      <mem type="allocate" free="904784" total="1114112" percent="81" />
      <mem type="survivor" free="0" total="1114112" percent="0" />
    </mem>
    <mem type="tenure" free="5489416" total="6291456" percent="87">
      <mem type="soa" free="5175048" total="5977088" percent="86" />
      <mem type="loa" free="314368" total="314368" percent="100" />
    </mem>
    <pending-finalizers system="1" default="0" reference="54" classloader="0" />
    <remembered-set count="230" />
  </mem-info>
</gc-end>
<cycle-end id="47" type="scavenge" contextid="41" timestamp="2019-06-15T18:36:40.075" />
  <attribute name="elasticGC enabled" value="1" />
  <attribute name= "numThreadsSpecified" value="4" />
  <attribute name="heapSize specified" value="0" />
  <attribute name="Current GC Util" value="1" />
  <attribute name= "Current Time Running" value="316" />
  <attribute name ="GC Interval" value="200" />
  <attribute name="ProportionalT" value="-28.500000" />
  <attribute name="ProportionalI" value="-28.500000" />
  <attribute name="ProportionalH" value="-28.500000" />
  <attribute name="Current Error" value="-19.000000" />
  <attribute name="IntegralT" value="-2706.000000" />
  <attribute name="IntegralI" value="-2706.000000" />
  <attribute name="IntegralH" value="-2706.000000" />
  <attribute name="DerivativeT" value="-0.093085" />
  <attribute name="DerivativeI" value="-0.093085" />
  <attribute name="DerivativeH" value="-0.093085" />
  <attribute name="Loop Time for DT" value="188.000000" />
  <attribute name="Output H" value="2092630016"/>
  <attribute name="Output I" value="200"/>
  <attribute name="Output T" value="4"/>
  <attribute name="Target GC Util Change" value ="20.000000" />
  <attribute name="Current GC Util Change" value="1.000000"/>
  <attribute name="GC Util currently" value="1" />
  <attribute name="CPU Util currently" value="6" />
<allocation-satisfied id="48" threadId="00000000011CC700" bytesRequested="2056" />
<af-end id="49" timestamp="2019-06-15T18:36:40.076" threadId="00000000011CD088" success="true" from="nursery"/>
<exclusive-end id="50" timestamp="2019-06-15T18:36:40.076" durationms="2.674" />

<exclusive-start id="51" timestamp="2019-06-15T18:36:40.116" intervalms="42.807">
  <response-info timems="0.064" idlems="0.064" threads="0" lastid="00000000011CC700" lastname="main" />
</exclusive-start>
<af-start id="52" threadId="00000000011CD088" totalBytesRequested="7176" timestamp="2019-06-15T18:36:40.116" intervalms="42.851" type="nursery" />
<cycle-start id="53" type="scavenge" contextid="0" timestamp="2019-06-15T18:36:40.116" intervalms="42.902" />
<gc-start id="54" type="scavenge" contextid="53" timestamp="2019-06-15T18:36:40.116">
  <mem-info id="55" free="5485056" total="8519680" percent="64">
    <mem type="nursery" free="0" total="2228224" percent="0">
      <mem type="allocate" free="0" total="1114112" percent="0" />
      <mem type="survivor" free="0" total="1114112" percent="0" />
    </mem>
    <mem type="tenure" free="5485056" total="6291456" percent="87">
      <mem type="soa" free="5170688" total="5977088" percent="86" />
      <mem type="loa" free="314368" total="314368" percent="100" />
    </mem>
    <remembered-set count="290" />
  </mem-info>
</gc-start>
<allocation-stats totalBytes="902816" >
  <allocated-bytes non-tlh="332672" tlh="570144" />
  <largest-consumer threadName="main" threadId="00000000011CC700" bytes="902816" />
</allocation-stats>
<gc-op id="56" type="scavenge" timems="1.471" contextid="53" timestamp="2019-06-15T18:36:40.118">
  <scavenger-info tenureage="3" tenuremask="fff8" tiltratio="50" />
  <memory-copied type="nursery" objects="1617" bytes="604568" bytesdiscarded="159232" />
  <memory-copied type="tenure" objects="299" bytes="15016" bytesdiscarded="0" />
  <finalization candidates="2" enqueued="0" />
  <references type="soft" candidates="11" cleared="0" enqueued="0" dynamicThreshold="32" maxThreshold="32" />
  <references type="weak" candidates="33" cleared="31" enqueued="31" />
  <references type="phantom" candidates="34" cleared="2" enqueued="2" />
</gc-op>
<gc-end id="57" type="scavenge" contextid="53" durationms="1.652" usertimems="0.000" systemtimems="0.000" timestamp="2019-06-15T18:36:40.118" activeThreads="4">
  <mem-info id="58" free="5796096" total="8519680" percent="68">
    <mem type="nursery" free="350208" total="2228224" percent="15">
      <mem type="allocate" free="350208" total="1114112" percent="31" />
      <mem type="survivor" free="0" total="1114112" percent="0" />
    </mem>
    <mem type="tenure" free="5445888" total="6291456" percent="86">
      <mem type="soa" free="5131520" total="5977088" percent="85" />
      <mem type="loa" free="314368" total="314368" percent="100" />
    </mem>
    <pending-finalizers system="0" default="0" reference="33" classloader="0" />
    <remembered-set count="196" />
  </mem-info>
</gc-end>
<cycle-end id="59" type="scavenge" contextid="53" timestamp="2019-06-15T18:36:40.118" />
  <attribute name="elasticGC enabled" value="1" />
  <attribute name= "numThreadsSpecified" value="4" />
  <attribute name="heapSize specified" value="0" />
  <attribute name="Current GC Util" value="6" />
  <attribute name= "Current Time Running" value="359" />
  <attribute name ="GC Interval" value="200" />
  <attribute name="ProportionalT" value="-21.000000" />
  <attribute name="ProportionalI" value="-21.000000" />
  <attribute name="ProportionalH" value="-21.000000" />
  <attribute name="Current Error" value="-14.000000" />
  <attribute name="IntegralT" value="-3308.000000" />
  <attribute name="IntegralI" value="-3308.000000" />
  <attribute name="IntegralH" value="-3308.000000" />
  <attribute name="DerivativeT" value="-0.162791" />
  <attribute name="DerivativeI" value="-0.162791" />
  <attribute name="DerivativeH" value="-0.162791" />
  <attribute name="Loop Time for DT" value="43.000000" />
  <attribute name="Output H" value="2092630016"/>
  <attribute name="Output I" value="200"/>
  <attribute name="Output T" value="4"/>
  <attribute name="Target GC Util Change" value ="20.000000" />
  <attribute name="Current GC Util Change" value="6.000000"/>
  <attribute name="GC Util currently" value="6" />
  <attribute name="CPU Util currently" value="2" />
<allocation-satisfied id="60" threadId="00000000011CC700" bytesRequested="7176" />
<af-end id="61" timestamp="2019-06-15T18:36:40.118" threadId="00000000011CD088" success="true" from="nursery"/>
<exclusive-end id="62" timestamp="2019-06-15T18:36:40.118" durationms="2.244" />

<exclusive-start id="63" timestamp="2019-06-15T18:36:40.131" intervalms="15.127">
  <response-info timems="0.143" idlems="0.143" threads="0" lastid="00000000011CC700" lastname="main" />
</exclusive-start>
<af-start id="64" threadId="00000000011CD088" totalBytesRequested="792" timestamp="2019-06-15T18:36:40.131" intervalms="15.116" type="nursery" />
<cycle-start id="65" type="scavenge" contextid="0" timestamp="2019-06-15T18:36:40.131" intervalms="15.114" />
<gc-start id="66" type="scavenge" contextid="65" timestamp="2019-06-15T18:36:40.131">
  <mem-info id="67" free="5439456" total="8519680" percent="63">
    <mem type="nursery" free="0" total="2228224" percent="0">
      <mem type="allocate" free="0" total="1114112" percent="0" />
      <mem type="survivor" free="0" total="1114112" percent="0" />
    </mem>
    <mem type="tenure" free="5439456" total="6291456" percent="86">
      <mem type="soa" free="5125088" total="5977088" percent="85" />
      <mem type="loa" free="314368" total="314368" percent="100" />
    </mem>
    <remembered-set count="266" />
  </mem-info>
</gc-start>
<allocation-stats totalBytes="340128" >
  <allocated-bytes non-tlh="13608" tlh="326520" />
  <largest-consumer threadName="main" threadId="00000000011CC700" bytes="336032" />
</allocation-stats>
<gc-op id="68" type="scavenge" timems="1.448" contextid="65" timestamp="2019-06-15T18:36:40.133">
  <scavenger-info tenureage="2" tenuremask="7ffc" tiltratio="50" />
  <memory-copied type="nursery" objects="1319" bytes="524184" bytesdiscarded="65400" />
  <memory-copied type="tenure" objects="283" bytes="60640" bytesdiscarded="0" />
  <finalization candidates="2" enqueued="0" />
  <references type="soft" candidates="10" cleared="0" enqueued="0" dynamicThreshold="32" maxThreshold="32" />
  <references type="weak" candidates="8" cleared="7" enqueued="7" />
  <references type="phantom" candidates="27" cleared="0" enqueued="0" />
</gc-op>
<gc-end id="69" type="scavenge" contextid="65" durationms="1.625" usertimems="0.000" systemtimems="0.000" timestamp="2019-06-15T18:36:40.133" activeThreads="4">
  <mem-info id="70" free="5914768" total="8519680" percent="69">
    <mem type="nursery" free="524496" total="2228224" percent="23">
      <mem type="allocate" free="524496" total="1114112" percent="47" />
      <mem type="survivor" free="0" total="1114112" percent="0" />
    </mem>
    <mem type="tenure" free="5390272" total="6291456" percent="85">
      <mem type="soa" free="5075904" total="5977088" percent="84" />
      <mem type="loa" free="314368" total="314368" percent="100" />
    </mem>
    <pending-finalizers system="0" default="0" reference="7" classloader="0" />
    <remembered-set count="199" />
  </mem-info>
</gc-end>
<cycle-end id="71" type="scavenge" contextid="65" timestamp="2019-06-15T18:36:40.133" />
  <attribute name="elasticGC enabled" value="1" />
  <attribute name= "numThreadsSpecified" value="4" />
  <attribute name="heapSize specified" value="0" />
  <attribute name="Current GC Util" value="15" />
  <attribute name= "Current Time Running" value="374" />
  <attribute name ="GC Interval" value="200" />
  <attribute name="ProportionalT" value="-7.500000" />
  <attribute name="ProportionalI" value="-7.500000" />
  <attribute name="ProportionalH" value="-7.500000" />
  <attribute name="Current Error" value="-5.000000" />
  <attribute name="IntegralT" value="-3383.000000" />
  <attribute name="IntegralI" value="-3383.000000" />
  <attribute name="IntegralH" value="-3383.000000" />
  <attribute name="DerivativeT" value="-0.166667" />
  <attribute name="DerivativeI" value="-0.166667" />
  <attribute name="DerivativeH" value="-0.166667" />
  <attribute name="Loop Time for DT" value="15.000000" />
  <attribute name="Output H" value="2092630016"/>
  <attribute name="Output I" value="200"/>
  <attribute name="Output T" value="4"/>
  <attribute name="Target GC Util Change" value ="20.000000" />
  <attribute name="Current GC Util Change" value="15.000000"/>
  <attribute name="GC Util currently" value="15" />
  <attribute name="CPU Util currently" value="305125600135" />
<allocation-satisfied id="72" threadId="00000000011CC700" bytesRequested="792" />
<af-end id="73" timestamp="2019-06-15T18:36:40.133" threadId="00000000011CD088" success="true" from="nursery"/>
<exclusive-end id="74" timestamp="2019-06-15T18:36:40.133" durationms="2.221" />

<exclusive-start id="75" timestamp="2019-06-15T18:36:40.154" intervalms="23.213">
  <response-info timems="0.026" idlems="0.026" threads="0" lastid="00000000011CC700" lastname="main" />
</exclusive-start>
<af-start id="76" threadId="00000000011CD088" totalBytesRequested="2824" timestamp="2019-06-15T18:36:40.154" intervalms="23.166" type="nursery" />
<cycle-start id="77" type="scavenge" contextid="0" timestamp="2019-06-15T18:36:40.154" intervalms="23.119" />
<gc-start id="78" type="scavenge" contextid="77" timestamp="2019-06-15T18:36:40.154">
  <mem-info id="79" free="5379992" total="8519680" percent="63">
    <mem type="nursery" free="0" total="2228224" percent="0">
      <mem type="allocate" free="0" total="1114112" percent="0" />
      <mem type="survivor" free="0" total="1114112" percent="0" />
    </mem>
    <mem type="tenure" free="5379992" total="6291456" percent="85">
      <mem type="soa" free="5065624" total="5977088" percent="84" />
      <mem type="loa" free="314368" total="314368" percent="100" />
    </mem>
    <remembered-set count="309" />
  </mem-info>
</gc-start>
<allocation-stats totalBytes="531976" >
  <allocated-bytes non-tlh="11072" tlh="520904" />
  <largest-consumer threadName="main" threadId="00000000011CC700" bytes="531976" />
</allocation-stats>
<gc-op id="80" type="scavenge" timems="1.515" contextid="77" timestamp="2019-06-15T18:36:40.156">
  <scavenger-info tenureage="1" tenuremask="fffe" tiltratio="50" />
  <memory-copied type="nursery" objects="137" bytes="4880" bytesdiscarded="73456" />
  <memory-copied type="tenure" objects="1267" bytes="520720" bytesdiscarded="304" />
  <references type="weak" candidates="6" cleared="6" enqueued="6" />
</gc-op>
<gc-end id="81" type="scavenge" contextid="77" durationms="1.693" usertimems="0.000" systemtimems="0.000" timestamp="2019-06-15T18:36:40.156" activeThreads="4">
  <mem-info id="82" free="5939768" total="8519680" percent="69">
    <mem type="nursery" free="1101312" total="2228224" percent="49">
      <mem type="allocate" free="1101312" total="1179648" percent="93" />
      <mem type="survivor" free="0" total="1048576" percent="0" />
    </mem>
    <mem type="tenure" free="4838456" total="6291456" percent="76">
      <mem type="soa" free="4524088" total="5977088" percent="75" />
      <mem type="loa" free="314368" total="314368" percent="100" />
    </mem>
    <pending-finalizers system="0" default="0" reference="6" classloader="0" />
    <remembered-set count="255" />
  </mem-info>
</gc-end>
<cycle-end id="83" type="scavenge" contextid="77" timestamp="2019-06-15T18:36:40.156" />
  <attribute name="elasticGC enabled" value="1" />
  <attribute name= "numThreadsSpecified" value="4" />
  <attribute name="heapSize specified" value="0" />
  <attribute name="Current GC Util" value="9" />
  <attribute name= "Current Time Running" value="397" />
  <attribute name ="GC Interval" value="200" />
  <attribute name="ProportionalT" value="-16.500000" />
  <attribute name="ProportionalI" value="-16.500000" />
  <attribute name="ProportionalH" value="-16.500000" />
  <attribute name="Current Error" value="-11.000000" />
  <attribute name="IntegralT" value="-253.000000" />
  <attribute name="IntegralI" value="-253.000000" />
  <attribute name="IntegralH" value="-253.000000" />
  <attribute name="DerivativeT" value="-0.239130" />
  <attribute name="DerivativeI" value="-0.239130" />
  <attribute name="DerivativeH" value="-0.239130" />
  <attribute name="Loop Time for DT" value="23.000000" />
  <attribute name="Output H" value="2092630016"/>
  <attribute name="Output I" value="200"/>
  <attribute name="Output T" value="4"/>
  <attribute name="Target GC Util Change" value ="20.000000" />
  <attribute name="Current GC Util Change" value="9.000000"/>
  <attribute name="GC Util currently" value="9" />
  <attribute name="CPU Util currently" value="0" />
<allocation-satisfied id="84" threadId="00000000011CC700" bytesRequested="2824" />
<af-end id="85" timestamp="2019-06-15T18:36:40.156" threadId="00000000011CD088" success="true" from="nursery"/>
<exclusive-end id="86" timestamp="2019-06-15T18:36:40.156" durationms="2.123" />

<exclusive-start id="87" timestamp="2019-06-15T18:36:40.176" intervalms="21.910">
  <response-info timems="0.025" idlems="0.025" threads="0" lastid="00000000011CC700" lastname="main" />
</exclusive-start>
<af-start id="88" threadId="00000000011CD088" totalBytesRequested="7920" timestamp="2019-06-15T18:36:40.176" intervalms="21.916" type="nursery" />
<cycle-start id="89" type="scavenge" contextid="0" timestamp="2019-06-15T18:36:40.176" intervalms="21.911" />
<gc-start id="90" type="scavenge" contextid="89" timestamp="2019-06-15T18:36:40.176">
  <mem-info id="91" free="4823536" total="8519680" percent="56">
    <mem type="nursery" free="0" total="2228224" percent="0">
      <mem type="allocate" free="0" total="1179648" percent="0" />
      <mem type="survivor" free="0" total="1048576" percent="0" />
    </mem>
    <mem type="tenure" free="4823536" total="6291456" percent="76">
      <mem type="soa" free="4509168" total="5977088" percent="75" />
      <mem type="loa" free="314368" total="314368" percent="100" />
    </mem>
    <remembered-set count="460" />
  </mem-info>
</gc-start>
<allocation-stats totalBytes="1037520" >
  <allocated-bytes non-tlh="17744" tlh="1019776" />
  <largest-consumer threadName="main" threadId="00000000011CC700" bytes="1037520" />
</allocation-stats>
<gc-op id="92" type="scavenge" timems="0.604" contextid="89" timestamp="2019-06-15T18:36:40.177">
  <scavenger-info tenureage="2" tenuremask="fffc" tiltratio="52" />
  <memory-copied type="nursery" objects="368" bytes="12592" bytesdiscarded="65744" />
  <references type="weak" candidates="6" cleared="6" enqueued="6" />
</gc-op>
<gc-end id="93" type="scavenge" contextid="89" durationms="0.779" usertimems="0.000" systemtimems="0.000" timestamp="2019-06-15T18:36:40.177" activeThreads="4">
  <mem-info id="94" free="6121456" total="8519680" percent="71">
    <mem type="nursery" free="1297920" total="2228224" percent="58">
      <mem type="allocate" free="1297920" total="1376256" percent="94" />
      <mem type="survivor" free="0" total="851968" percent="0" />
    </mem>
    <mem type="tenure" free="4823536" total="6291456" percent="76">
      <mem type="soa" free="4509168" total="5977088" percent="75" />
      <mem type="loa" free="314368" total="314368" percent="100" />
    </mem>
    <pending-finalizers system="0" default="0" reference="6" classloader="0" />
    <remembered-set count="385" />
  </mem-info>
</gc-end>
<cycle-end id="95" type="scavenge" contextid="89" timestamp="2019-06-15T18:36:40.177" />
  <attribute name="elasticGC enabled" value="1" />
  <attribute name= "numThreadsSpecified" value="4" />
  <attribute name="heapSize specified" value="0" />
  <attribute name="Current GC Util" value="10" />
  <attribute name= "Current Time Running" value="419" />
  <attribute name ="GC Interval" value="200" />
  <attribute name="ProportionalT" value="-15.000000" />
  <attribute name="ProportionalI" value="-15.000000" />
  <attribute name="ProportionalH" value="-15.000000" />
  <attribute name="Current Error" value="-10.000000" />
  <attribute name="IntegralT" value="-220.000000" />
  <attribute name="IntegralI" value="-220.000000" />
  <attribute name="IntegralH" value="-220.000000" />
  <attribute name="DerivativeT" value="-0.227273" />
  <attribute name="DerivativeI" value="-0.227273" />
  <attribute name="DerivativeH" value="-0.227273" />
  <attribute name="Loop Time for DT" value="22.000000" />
  <attribute name="Output H" value="2092630016"/>
  <attribute name="Output I" value="200"/>
  <attribute name="Output T" value="4"/>
  <attribute name="Target GC Util Change" value ="20.000000" />
  <attribute name="Current GC Util Change" value="10.000000"/>
  <attribute name="GC Util currently" value="10" />
  <attribute name="CPU Util currently" value="210466857867" />
<allocation-satisfied id="96" threadId="00000000011CC700" bytesRequested="7920" />
<af-end id="97" timestamp="2019-06-15T18:36:40.177" threadId="00000000011CD088" success="true" from="nursery"/>
<exclusive-end id="98" timestamp="2019-06-15T18:36:40.177" durationms="1.207" />

<exclusive-start id="99" timestamp="2019-06-15T18:36:40.206" intervalms="30.319">
  <response-info timems="0.059" idlems="0.059" threads="0" lastid="00000000011CC700" lastname="main" />
</exclusive-start>
<af-start id="100" threadId="00000000011CD088" totalBytesRequested="18560" timestamp="2019-06-15T18:36:40.206" intervalms="30.326" type="nursery" />
<cycle-start id="101" type="scavenge" contextid="0" timestamp="2019-06-15T18:36:40.206" intervalms="30.330" />
<gc-start id="102" type="scavenge" contextid="101" timestamp="2019-06-15T18:36:40.207">
  <mem-info id="103" free="4807296" total="8519680" percent="56">
    <mem type="nursery" free="0" total="2228224" percent="0">
      <mem type="allocate" free="0" total="1376256" percent="0" />
      <mem type="survivor" free="0" total="851968" percent="0" />
    </mem>
    <mem type="tenure" free="4807296" total="6291456" percent="76">
      <mem type="soa" free="4492928" total="5977088" percent="75" />
      <mem type="loa" free="314368" total="314368" percent="100" />
    </mem>
    <remembered-set count="599" />
  </mem-info>
</gc-start>
<allocation-stats totalBytes="1264952" >
  <allocated-bytes non-tlh="24160" tlh="1240792" />
  <largest-consumer threadName="main" threadId="00000000011CC700" bytes="1264952" />
</allocation-stats>
<gc-op id="104" type="scavenge" timems="1.418" contextid="101" timestamp="2019-06-15T18:36:40.208">
  <scavenger-info tenureage="3" tenuremask="fff8" tiltratio="61" />
  <memory-copied type="nursery" objects="1112" bytes="78024" bytesdiscarded="85552" />
  <finalization candidates="1" enqueued="0" />
  <references type="soft" candidates="1" cleared="0" enqueued="0" dynamicThreshold="32" maxThreshold="32" />
  <references type="weak" candidates="9" cleared="7" enqueued="7" />
  <references type="phantom" candidates="4" cleared="1" enqueued="1" />
</gc-op>
<gc-end id="105" type="scavenge" contextid="101" durationms="1.603" usertimems="0.000" systemtimems="4.000" timestamp="2019-06-15T18:36:40.208" activeThreads="4">
  <mem-info id="106" free="6151032" total="8519680" percent="72">
    <mem type="nursery" free="1343736" total="2228224" percent="60">
      <mem type="allocate" free="1343736" total="1507328" percent="89" />
      <mem type="survivor" free="0" total="720896" percent="0" />
    </mem>
    <mem type="tenure" free="4807296" total="6291456" percent="76">
      <mem type="soa" free="4492928" total="5977088" percent="75" />
      <mem type="loa" free="314368" total="314368" percent="100" />
    </mem>
    <pending-finalizers system="0" default="0" reference="8" classloader="0" />
    <remembered-set count="536" />
  </mem-info>
</gc-end>
<cycle-end id="107" type="scavenge" contextid="101" timestamp="2019-06-15T18:36:40.208" />
  <attribute name="elasticGC enabled" value="1" />
  <attribute name= "numThreadsSpecified" value="4" />
  <attribute name="heapSize specified" value="0" />
  <attribute name="Current GC Util" value="3" />
  <attribute name= "Current Time Running" value="449" />
  <attribute name ="GC Interval" value="200" />
  <attribute name="ProportionalT" value="-25.500000" />
  <attribute name="ProportionalI" value="-25.500000" />
  <attribute name="ProportionalH" value="-25.500000" />
  <attribute name="Current Error" value="-17.000000" />
  <attribute name="IntegralT" value="-510.000000" />
  <attribute name="IntegralI" value="-510.000000" />
  <attribute name="IntegralH" value="-510.000000" />
  <attribute name="DerivativeT" value="-0.283333" />
  <attribute name="DerivativeI" value="-0.283333" />
  <attribute name="DerivativeH" value="-0.283333" />
  <attribute name="Loop Time for DT" value="30.000000" />
  <attribute name="Output H" value="2092630016"/>
  <attribute name="Output I" value="200"/>
  <attribute name="Output T" value="4"/>
  <attribute name="Target GC Util Change" value ="20.000000" />
  <attribute name="Current GC Util Change" value="3.000000"/>
  <attribute name="GC Util currently" value="3" />
  <attribute name="CPU Util currently" value="5" />
<allocation-satisfied id="108" threadId="00000000011CC700" bytesRequested="18560" />
<af-end id="109" timestamp="2019-06-15T18:36:40.208" threadId="00000000011CD088" success="true" from="nursery"/>
<exclusive-end id="110" timestamp="2019-06-15T18:36:40.208" durationms="2.049" />

<exclusive-start id="111" timestamp="2019-06-15T18:36:40.240" intervalms="33.855">
  <response-info timems="0.028" idlems="0.028" threads="0" lastid="00000000011CC700" lastname="main" />
</exclusive-start>
<af-start id="112" threadId="00000000011CD088" totalBytesRequested="1224" timestamp="2019-06-15T18:36:40.240" intervalms="33.848" type="nursery" />
<cycle-start id="113" type="scavenge" contextid="0" timestamp="2019-06-15T18:36:40.240" intervalms="33.845" />
<gc-start id="114" type="scavenge" contextid="113" timestamp="2019-06-15T18:36:40.240">
  <mem-info id="115" free="4780600" total="8519680" percent="56">
    <mem type="nursery" free="0" total="2228224" percent="0">
      <mem type="allocate" free="0" total="1507328" percent="0" />
      <mem type="survivor" free="0" total="720896" percent="0" />
    </mem>
    <mem type="tenure" free="4780600" total="6291456" percent="75">
      <mem type="soa" free="4466232" total="5977088" percent="74" />
      <mem type="loa" free="314368" total="314368" percent="100" />
    </mem>
    <remembered-set count="794" />
  </mem-info>
</gc-start>
<allocation-stats totalBytes="1340392" >
  <allocated-bytes non-tlh="45256" tlh="1295136" />
  <largest-consumer threadName="main" threadId="00000000011CC700" bytes="1336296" />
</allocation-stats>
<gc-op id="116" type="scavenge" timems="0.695" contextid="113" timestamp="2019-06-15T18:36:40.241">
  <scavenger-info tenureage="4" tenuremask="fff0" tiltratio="67" />
  <memory-copied type="nursery" objects="1297" bytes="49584" bytesdiscarded="29760" />
  <finalization candidates="1" enqueued="0" />
  <references type="soft" candidates="1" cleared="0" enqueued="0" dynamicThreshold="32" maxThreshold="32" />
  <references type="weak" candidates="9" cleared="7" enqueued="7" />
  <references type="phantom" candidates="3" cleared="0" enqueued="0" />
</gc-op>
<gc-end id="117" type="scavenge" contextid="113" durationms="0.876" usertimems="0.000" systemtimems="0.000" timestamp="2019-06-15T18:36:40.241" activeThreads="4">
  <mem-info id="118" free="6339632" total="8519680" percent="74">
    <mem type="nursery" free="1559032" total="2228224" percent="69">
      <mem type="allocate" free="1559032" total="1638400" percent="95" />
      <mem type="survivor" free="0" total="589824" percent="0" />
    </mem>
    <mem type="tenure" free="4780600" total="6291456" percent="75">
      <mem type="soa" free="4466232" total="5977088" percent="74" />
      <mem type="loa" free="314368" total="314368" percent="100" />
    </mem>
    <pending-finalizers system="0" default="0" reference="7" classloader="0" />
    <remembered-set count="612" />
  </mem-info>
</gc-end>
<cycle-end id="119" type="scavenge" contextid="113" timestamp="2019-06-15T18:36:40.241" />
  <attribute name="elasticGC enabled" value="1" />
  <attribute name= "numThreadsSpecified" value="4" />
  <attribute name="heapSize specified" value="0" />
  <attribute name="Current GC Util" value="6" />
  <attribute name= "Current Time Running" value="483" />
  <attribute name ="GC Interval" value="200" />
  <attribute name="ProportionalT" value="-21.000000" />
  <attribute name="ProportionalI" value="-21.000000" />
  <attribute name="ProportionalH" value="-21.000000" />
  <attribute name="Current Error" value="-14.000000" />
  <attribute name="IntegralT" value="-476.000000" />
  <attribute name="IntegralI" value="-476.000000" />
  <attribute name="IntegralH" value="-476.000000" />
  <attribute name="DerivativeT" value="-0.205882" />
  <attribute name="DerivativeI" value="-0.205882" />
  <attribute name="DerivativeH" value="-0.205882" />
  <attribute name="Loop Time for DT" value="34.000000" />
  <attribute name="Output H" value="2092630016"/>
  <attribute name="Output I" value="200"/>
  <attribute name="Output T" value="4"/>
  <attribute name="Target GC Util Change" value ="20.000000" />
  <attribute name="Current GC Util Change" value="6.000000"/>
  <attribute name="GC Util currently" value="6" />
  <attribute name="CPU Util currently" value="10" />
<allocation-satisfied id="120" threadId="00000000011CC700" bytesRequested="1224" />
<af-end id="121" timestamp="2019-06-15T18:36:40.241" threadId="00000000011CD088" success="true" from="nursery"/>
<exclusive-end id="122" timestamp="2019-06-15T18:36:40.242" durationms="1.302" />

<exclusive-start id="123" timestamp="2019-06-15T18:36:40.285" intervalms="44.998">
  <response-info timems="0.056" idlems="0.056" threads="0" lastid="00000000011CC700" lastname="main" />
</exclusive-start>
<af-start id="124" threadId="00000000011CD088" totalBytesRequested="6704" timestamp="2019-06-15T18:36:40.285" intervalms="45.007" type="nursery" />
<cycle-start id="125" type="scavenge" contextid="0" timestamp="2019-06-15T18:36:40.285" intervalms="45.012" />
<gc-start id="126" type="scavenge" contextid="125" timestamp="2019-06-15T18:36:40.285">
  <mem-info id="127" free="4747608" total="8519680" percent="55">
    <mem type="nursery" free="0" total="2228224" percent="0">
      <mem type="allocate" free="0" total="1638400" percent="0" />
      <mem type="survivor" free="0" total="589824" percent="0" />
    </mem>
    <mem type="tenure" free="4747608" total="6291456" percent="75">
      <mem type="soa" free="4433240" total="5977088" percent="74" />
      <mem type="loa" free="314368" total="314368" percent="100" />
    </mem>
    <remembered-set count="1011" />
  </mem-info>
</gc-start>
<allocation-stats totalBytes="1566664" >
  <allocated-bytes non-tlh="99760" tlh="1466904" />
  <largest-consumer threadName="main" threadId="00000000011CC700" bytes="1566664" />
</allocation-stats>
<gc-op id="128" type="scavenge" timems="0.440" contextid="125" timestamp="2019-06-15T18:36:40.286">
  <scavenger-info tenureage="3" tenuremask="fff8" tiltratio="73" />
  <memory-copied type="nursery" objects="1399" bytes="136384" bytesdiscarded="15584" />
  <memory-copied type="tenure" objects="305" bytes="9816" bytesdiscarded="0" />
  <finalization candidates="1" enqueued="0" />
  <references type="soft" candidates="1" cleared="0" enqueued="0" dynamicThreshold="32" maxThreshold="32" />
  <references type="weak" candidates="9" cleared="8" enqueued="8" />
  <references type="phantom" candidates="3" cleared="0" enqueued="0" />
</gc-op>
<gc-end id="129" type="scavenge" contextid="125" durationms="0.625" usertimems="0.000" systemtimems="0.000" timestamp="2019-06-15T18:36:40.286" activeThreads="4">
  <mem-info id="130" free="6299464" total="8519680" percent="73">
    <mem type="nursery" free="1551856" total="2228224" percent="69">
      <mem type="allocate" free="1551856" total="1703936" percent="91" />
      <mem type="survivor" free="0" total="524288" percent="0" />
    </mem>
    <mem type="tenure" free="4747608" total="6291456" percent="75">
      <mem type="soa" free="4433240" total="5977088" percent="74" />
      <mem type="loa" free="314368" total="314368" percent="100" />
    </mem>
    <pending-finalizers system="0" default="0" reference="8" classloader="0" />
    <remembered-set count="798" />
  </mem-info>
</gc-end>
<cycle-end id="131" type="scavenge" contextid="125" timestamp="2019-06-15T18:36:40.286" />
  <attribute name="elasticGC enabled" value="1" />
  <attribute name= "numThreadsSpecified" value="4" />
  <attribute name="heapSize specified" value="0" />
  <attribute name="Current GC Util" value="2" />
  <attribute name= "Current Time Running" value="528" />
  <attribute name ="GC Interval" value="200" />
  <attribute name="ProportionalT" value="-27.000000" />
  <attribute name="ProportionalI" value="-27.000000" />
  <attribute name="ProportionalH" value="-27.000000" />
  <attribute name="Current Error" value="-18.000000" />
  <attribute name="IntegralT" value="-810.000000" />
  <attribute name="IntegralI" value="-810.000000" />
  <attribute name="IntegralH" value="-810.000000" />
  <attribute name="DerivativeT" value="-0.200000" />
  <attribute name="DerivativeI" value="-0.200000" />
  <attribute name="DerivativeH" value="-0.200000" />
  <attribute name="Loop Time for DT" value="45.000000" />
  <attribute name="Output H" value="2092630016"/>
  <attribute name="Output I" value="200"/>
  <attribute name="Output T" value="4"/>
  <attribute name="Target GC Util Change" value ="20.000000" />
  <attribute name="Current GC Util Change" value="2.000000"/>
  <attribute name="GC Util currently" value="2" />
  <attribute name="CPU Util currently" value="1" />
<allocation-satisfied id="132" threadId="00000000011CC700" bytesRequested="6704" />
<af-end id="133" timestamp="2019-06-15T18:36:40.286" threadId="00000000011CD088" success="true" from="nursery"/>
<exclusive-end id="134" timestamp="2019-06-15T18:36:40.286" durationms="1.071" />

<exclusive-start id="135" timestamp="2019-06-15T18:36:40.334" intervalms="48.857">
  <response-info timems="0.057" idlems="0.057" threads="0" lastid="00000000011CC700" lastname="main" />
</exclusive-start>
<af-start id="136" threadId="00000000011CD088" totalBytesRequested="2008" timestamp="2019-06-15T18:36:40.334" intervalms="48.930" type="nursery" />
<cycle-start id="137" type="scavenge" contextid="0" timestamp="2019-06-15T18:36:40.334" intervalms="49.003" />
<gc-start id="138" type="scavenge" contextid="137" timestamp="2019-06-15T18:36:40.334">
  <mem-info id="139" free="4723888" total="8519680" percent="55">
    <mem type="nursery" free="0" total="2228224" percent="0">
      <mem type="allocate" free="0" total="1703936" percent="0" />
      <mem type="survivor" free="0" total="524288" percent="0" />
    </mem>
    <mem type="tenure" free="4723888" total="6291456" percent="75">
      <mem type="soa" free="4409520" total="5977088" percent="73" />
      <mem type="loa" free="314368" total="314368" percent="100" />
    </mem>
    <remembered-set count="1139" />
  </mem-info>
</gc-start>
<allocation-stats totalBytes="1565288" >
  <allocated-bytes non-tlh="30424" tlh="1534864" />
  <largest-consumer threadName="main" threadId="00000000011CC700" bytes="1565288" />
</allocation-stats>
<gc-op id="140" type="scavenge" timems="0.600" contextid="137" timestamp="2019-06-15T18:36:40.335">
  <scavenger-info tenureage="6" tenuremask="ffc0" tiltratio="76" />
  <memory-copied type="nursery" objects="2833" bytes="261528" bytesdiscarded="26072" />
  <finalization candidates="2" enqueued="0" />
  <references type="soft" candidates="39" cleared="0" enqueued="0" dynamicThreshold="32" maxThreshold="32" />
  <references type="weak" candidates="12" cleared="10" enqueued="10" />
  <references type="phantom" candidates="4" cleared="0" enqueued="0" />
</gc-op>
<gc-end id="141" type="scavenge" contextid="137" durationms="0.926" usertimems="0.000" systemtimems="0.000" timestamp="2019-06-15T18:36:40.335" activeThreads="4">
  <mem-info id="142" free="6205600" total="8519680" percent="72">
    <mem type="nursery" free="1481712" total="2228224" percent="66">
      <mem type="allocate" free="1481712" total="1769472" percent="83" />
      <mem type="survivor" free="0" total="458752" percent="0" />
    </mem>
    <mem type="tenure" free="4723888" total="6291456" percent="75">
      <mem type="soa" free="4409520" total="5977088" percent="73" />
      <mem type="loa" free="314368" total="314368" percent="100" />
    </mem>
    <pending-finalizers system="0" default="0" reference="10" classloader="0" />
    <remembered-set count="971" />
  </mem-info>
</gc-end>
<cycle-end id="143" type="scavenge" contextid="137" timestamp="2019-06-15T18:36:40.336" />
  <attribute name="elasticGC enabled" value="1" />
  <attribute name= "numThreadsSpecified" value="4" />
  <attribute name="heapSize specified" value="0" />
  <attribute name="Current GC Util" value="1" />
  <attribute name= "Current Time Running" value="577" />
  <attribute name ="GC Interval" value="200" />
  <attribute name="ProportionalT" value="-28.500000" />
  <attribute name="ProportionalI" value="-28.500000" />
  <attribute name="ProportionalH" value="-28.500000" />
  <attribute name="Current Error" value="-19.000000" />
  <attribute name="IntegralT" value="-931.000000" />
  <attribute name="IntegralI" value="-931.000000" />
  <attribute name="IntegralH" value="-931.000000" />
  <attribute name="DerivativeT" value="-0.193878" />
  <attribute name="DerivativeI" value="-0.193878" />
  <attribute name="DerivativeH" value="-0.193878" />
  <attribute name="Loop Time for DT" value="49.000000" />
  <attribute name="Output H" value="2092630016"/>
  <attribute name="Output I" value="200"/>
  <attribute name="Output T" value="4"/>
  <attribute name="Target GC Util Change" value ="20.000000" />
  <attribute name="Current GC Util Change" value="1.000000"/>
  <attribute name="GC Util currently" value="1" />
  <attribute name="CPU Util currently" value="21" />
<allocation-satisfied id="144" threadId="00000000011CC700" bytesRequested="2008" />
<af-end id="145" timestamp="2019-06-15T18:36:40.336" threadId="00000000011CD088" success="true" from="nursery"/>
<exclusive-end id="146" timestamp="2019-06-15T18:36:40.336" durationms="1.831" />

<exclusive-start id="147" timestamp="2019-06-15T18:36:40.395" intervalms="61.113">
  <response-info timems="0.105" idlems="0.105" threads="0" lastid="00000000011CC700" lastname="main" />
</exclusive-start>
<af-start id="148" threadId="00000000011CD088" totalBytesRequested="16" timestamp="2019-06-15T18:36:40.395" intervalms="61.118" type="nursery" />
<cycle-start id="149" type="scavenge" contextid="0" timestamp="2019-06-15T18:36:40.395" intervalms="61.127" />
<gc-start id="150" type="scavenge" contextid="149" timestamp="2019-06-15T18:36:40.396">
  <mem-info id="151" free="4718392" total="8519680" percent="55">
    <mem type="nursery" free="0" total="2228224" percent="0">
      <mem type="allocate" free="0" total="1769472" percent="0" />
      <mem type="survivor" free="0" total="458752" percent="0" />
    </mem>
    <mem type="tenure" free="4718392" total="6291456" percent="74">
      <mem type="soa" free="4404024" total="5977088" percent="73" />
      <mem type="loa" free="314368" total="314368" percent="100" />
    </mem>
    <remembered-set count="1066" />
  </mem-info>
</gc-start>
<allocation-stats totalBytes="1484776" >
  <allocated-bytes non-tlh="7504" tlh="1477272" />
  <largest-consumer threadName="main" threadId="00000000011CC700" bytes="1484776" />
</allocation-stats>
<gc-op id="152" type="scavenge" timems="0.893" contextid="149" timestamp="2019-06-15T18:36:40.397">
  <scavenger-info tenureage="3" tenuremask="ffe8" tiltratio="79" />
  <memory-copied type="nursery" objects="6615" bytes="447008" bytesdiscarded="11424" />
  <memory-copied type="tenure" objects="162" bytes="5720" bytesdiscarded="0" />
  <finalization candidates="2" enqueued="0" />
  <references type="soft" candidates="51" cleared="0" enqueued="0" dynamicThreshold="32" maxThreshold="32" />
  <references type="weak" candidates="3" cleared="1" enqueued="1" />
  <references type="phantom" candidates="4" cleared="0" enqueued="0" />
</gc-op>
<gc-end id="153" type="scavenge" contextid="149" durationms="1.287" usertimems="4.000" systemtimems="0.000" timestamp="2019-06-15T18:36:40.397" activeThreads="4">
  <mem-info id="154" free="5832504" total="8519680" percent="68">
    <mem type="nursery" free="1114112" total="2228224" percent="50">
      <mem type="allocate" free="1114112" total="1572864" percent="70" />
      <mem type="survivor" free="0" total="655360" percent="0" />
    </mem>
    <mem type="tenure" free="4718392" total="6291456" percent="74">
      <mem type="soa" free="4404024" total="5977088" percent="73" />
      <mem type="loa" free="314368" total="314368" percent="100" />
    </mem>
    <pending-finalizers system="0" default="0" reference="1" classloader="0" />
    <remembered-set count="778" />
  </mem-info>
</gc-end>
<cycle-end id="155" type="scavenge" contextid="149" timestamp="2019-06-15T18:36:40.397" />
  <attribute name="elasticGC enabled" value="1" />
  <attribute name= "numThreadsSpecified" value="4" />
  <attribute name="heapSize specified" value="0" />
  <attribute name="Current GC Util" value="1" />
  <attribute name= "Current Time Running" value="638" />
  <attribute name ="GC Interval" value="200" />
  <attribute name="ProportionalT" value="-28.500000" />
  <attribute name="ProportionalI" value="-28.500000" />
  <attribute name="ProportionalH" value="-28.500000" />
  <attribute name="Current Error" value="-19.000000" />
  <attribute name="IntegralT" value="-1159.000000" />
  <attribute name="IntegralI" value="-1159.000000" />
  <attribute name="IntegralH" value="-1159.000000" />
  <attribute name="DerivativeT" value="-0.155738" />
  <attribute name="DerivativeI" value="-0.155738" />
  <attribute name="DerivativeH" value="-0.155738" />
  <attribute name="Loop Time for DT" value="61.000000" />
  <attribute name="Output H" value="2092630016"/>
  <attribute name="Output I" value="200"/>
  <attribute name="Output T" value="4"/>
  <attribute name="Target GC Util Change" value ="20.000000" />
  <attribute name="Current GC Util Change" value="1.000000"/>
  <attribute name="GC Util currently" value="1" />
  <attribute name="CPU Util currently" value="21" />
<allocation-satisfied id="156" threadId="00000000011CC700" bytesRequested="16" />
<af-end id="157" timestamp="2019-06-15T18:36:40.397" threadId="00000000011CD088" success="true" from="nursery"/>
<exclusive-end id="158" timestamp="2019-06-15T18:36:40.397" durationms="2.199" />

<exclusive-start id="159" timestamp="2019-06-15T18:36:40.437" intervalms="42.176">
  <response-info timems="0.525" idlems="0.525" threads="0" lastid="00000000014FD900" lastname="Thread-3" />
</exclusive-start>
<af-start id="160" threadId="00000000014FE288" totalBytesRequested="40" timestamp="2019-06-15T18:36:40.437" intervalms="42.161" type="nursery" />
<cycle-start id="161" type="scavenge" contextid="0" timestamp="2019-06-15T18:36:40.438" intervalms="42.145" />
<gc-start id="162" type="scavenge" contextid="161" timestamp="2019-06-15T18:36:40.438">
  <mem-info id="163" free="4714464" total="8519680" percent="55">
    <mem type="nursery" free="0" total="2228224" percent="0">
      <mem type="allocate" free="0" total="1572864" percent="0" />
      <mem type="survivor" free="0" total="655360" percent="0" />
    </mem>
    <mem type="tenure" free="4714464" total="6291456" percent="74">
      <mem type="soa" free="4400096" total="5977088" percent="73" />
      <mem type="loa" free="314368" total="314368" percent="100" />
    </mem>
    <remembered-set count="848" />
  </mem-info>
</gc-start>
<allocation-stats totalBytes="1114240" >
  <allocated-bytes non-tlh="3944" tlh="1110296" />
  <largest-consumer threadName="main" threadId="00000000011CC700" bytes="1114240" />
</allocation-stats>
<gc-op id="164" type="scavenge" timems="5.215" contextid="161" timestamp="2019-06-15T18:36:40.443">
  <scavenger-info tenureage="3" tenuremask="ffe8" tiltratio="70" />
  <memory-copied type="nursery" objects="8030" bytes="424032" bytesdiscarded="52064" />
  <memory-copied type="tenure" objects="1123" bytes="115768" bytesdiscarded="48" />
  <finalization candidates="2" enqueued="0" />
  <references type="soft" candidates="59" cleared="0" enqueued="0" dynamicThreshold="32" maxThreshold="32" />
  <references type="weak" candidates="14" cleared="13" enqueued="13" />
  <references type="phantom" candidates="3" cleared="2" enqueued="2" />
</gc-op>
<heap-resize id="165" type="expand" space="nursery" amount="262144" count="1" timems="0.012" reason="excessive time being spent scavenging" timestamp="2019-06-15T18:36:40.443" />
<gc-end id="166" type="scavenge" contextid="161" durationms="5.742" usertimems="4.000" systemtimems="0.000" timestamp="2019-06-15T18:36:40.443" activeThreads="4">
  <mem-info id="167" free="5902544" total="8781824" percent="67">
    <mem type="nursery" free="1424120" total="2490368" percent="57">
      <mem type="allocate" free="1424120" total="1900544" percent="74" />
      <mem type="survivor" free="0" total="589824" percent="0" />
    </mem>
    <mem type="tenure" free="4478424" total="6291456" percent="71">
      <mem type="soa" free="4164056" total="5977088" percent="69" />
      <mem type="loa" free="314368" total="314368" percent="100" />
    </mem>
    <pending-finalizers system="0" default="0" reference="15" classloader="0" />
    <remembered-set count="347" />
  </mem-info>
</gc-end>
<cycle-end id="168" type="scavenge" contextid="161" timestamp="2019-06-15T18:36:40.444" />
  <attribute name="elasticGC enabled" value="1" />
  <attribute name= "numThreadsSpecified" value="4" />
  <attribute name="heapSize specified" value="0" />
  <attribute name="Current GC Util" value="3" />
  <attribute name= "Current Time Running" value="680" />
  <attribute name ="GC Interval" value="200" />
  <attribute name="ProportionalT" value="-25.500000" />
  <attribute name="ProportionalI" value="-25.500000" />
  <attribute name="ProportionalH" value="-25.500000" />
  <attribute name="Current Error" value="-17.000000" />
  <attribute name="IntegralT" value="-714.000000" />
  <attribute name="IntegralI" value="-714.000000" />
  <attribute name="IntegralH" value="-714.000000" />
  <attribute name="DerivativeT" value="-0.202381" />
  <attribute name="DerivativeI" value="-0.202381" />
  <attribute name="DerivativeH" value="-0.202381" />
  <attribute name="Loop Time for DT" value="42.000000" />
  <attribute name="Output H" value="2092630016"/>
  <attribute name="Output I" value="200"/>
  <attribute name="Output T" value="4"/>
  <attribute name="Target GC Util Change" value ="20.000000" />
  <attribute name="Current GC Util Change" value="3.000000"/>
  <attribute name="GC Util currently" value="3" />
  <attribute name="CPU Util currently" value="30" />
<allocation-satisfied id="169" threadId="00000000014FD900" bytesRequested="40" />
<af-end id="170" timestamp="2019-06-15T18:36:40.444" threadId="00000000014FE288" success="true" from="nursery"/>
<exclusive-end id="171" timestamp="2019-06-15T18:36:40.444" durationms="6.469" />

<exclusive-start id="172" timestamp="2019-06-15T18:36:40.444" intervalms="6.933">
  <response-info timems="0.029" idlems="0.029" threads="0" lastid="00000000011CC700" lastname="main" />
</exclusive-start>
<sys-start reason="explicit" id="173" timestamp="2019-06-15T18:36:40.444" intervalms="806.212" />
<cycle-start id="174" type="global" contextid="0" timestamp="2019-06-15T18:36:40.444" intervalms="806.356" />
<gc-start id="175" type="global" contextid="174" timestamp="2019-06-15T18:36:40.445">
  <mem-info id="176" free="5828728" total="8781824" percent="66">
    <mem type="nursery" free="1350352" total="2490368" percent="54">
      <mem type="allocate" free="1350352" total="1900544" percent="71" />
      <mem type="survivor" free="0" total="589824" percent="0" />
    </mem>
    <mem type="tenure" free="4478376" total="6291456" percent="71">
      <mem type="soa" free="4164008" total="5977088" percent="69" />
      <mem type="loa" free="314368" total="314368" percent="100" />
    </mem>
    <remembered-set count="351" />
  </mem-info>
</gc-start>
<allocation-stats totalBytes="73816" >
  <allocated-bytes non-tlh="88" tlh="73728" />
  <largest-consumer threadName="main" threadId="00000000011CC700" bytes="65536" />
</allocation-stats>
<gc-op id="177" type="mark" timems="1.743" contextid="174" timestamp="2019-06-15T18:36:40.446">
  <trace-info objectcount="29351" scancount="23741" scanbytes="867496" />
  <finalization candidates="15" enqueued="0" />
  <references type="soft" candidates="133" cleared="0" enqueued="0" dynamicThreshold="32" maxThreshold="32" />
  <references type="weak" candidates="149" cleared="16" enqueued="8" />
  <references type="phantom" candidates="59" cleared="0" enqueued="0" />
  <stringconstants candidates="3535" cleared="22"  />
</gc-op>
<gc-op id="178" type="classunload" timems="0.044" contextid="174" timestamp="2019-06-15T18:36:40.447">
  <classunload-info classloadercandidates="19" classloadersunloaded="0" classesunloaded="0" anonymousclassesunloaded="0" quiescems="0.000" setupms="0.044" scanms="0.000" postms="0.000" />
</gc-op>
<gc-op id="179" type="sweep" timems="0.480" contextid="174" timestamp="2019-06-15T18:36:40.447" />
<mem-info id="180" free="6226144" total="8781824" percent="70">
  <mem type="nursery" free="1482224" total="2490368" percent="59">
    <mem type="allocate" free="1482224" total="1900544" percent="77" />
    <mem type="survivor" free="0" total="589824" percent="0" />
  </mem>
  <mem type="tenure" free="4743920" total="6291456" percent="75" micro-fragmented="18303" macro-fragmented="0">
    <mem type="soa" free="4429552" total="5977088" percent="74" />
    <mem type="loa" free="314368" total="314368" percent="100" />
  </mem>
  <pending-finalizers system="0" default="0" reference="8" classloader="0" />
  <remembered-set count="285" />
</mem-info>
<gc-op id="181" type="compact" timems="4.347" contextid="174" timestamp="2019-06-15T18:36:40.452">
  <compact-info movecount="24927" movebytes="1767064" reason="compact to aid heap contraction" />
</gc-op>
<heap-resize id="182" type="contract" space="tenure" amount="262144" count="1" timems="0.276" reason="heap reconfiguration" timestamp="2019-06-15T18:36:40.452" />
<gc-end id="183" type="global" contextid="174" durationms="7.837" usertimems="0.000" systemtimems="8.000" timestamp="2019-06-15T18:36:40.452" activeThreads="4">
  <mem-info id="184" free="5926720" total="8519680" percent="69">
    <mem type="nursery" free="1488840" total="2490368" percent="59">
      <mem type="allocate" free="1488840" total="1900544" percent="78" />
      <mem type="survivor" free="0" total="589824" percent="0" />
    </mem>
    <mem type="tenure" free="4437880" total="6029312" percent="73">
      <mem type="soa" free="4189048" total="5728256" percent="73" />
      <mem type="loa" free="248832" total="301056" percent="82" />
    </mem>
    <pending-finalizers system="0" default="0" reference="8" classloader="0" />
    <remembered-set count="285" />
  </mem-info>
</gc-end>
<cycle-end id="185" type="global" contextid="174" timestamp="2019-06-15T18:36:40.452" />
  <attribute name="elasticGC enabled" value="1" />
  <attribute name= "numThreadsSpecified" value="4" />
  <attribute name="heapSize specified" value="8781824" />
  <attribute name="Current GC Util" value="73" />
  <attribute name= "Current Time Running" value="694" />
  <attribute name ="GC Interval" value="200" />
  <attribute name="ProportionalT" value="79.500000" />
  <attribute name="ProportionalI" value="79.500000" />
  <attribute name="ProportionalH" value="79.500000" />
  <attribute name="Current Error" value="53.000000" />
  <attribute name="IntegralT" value="212.000000" />
  <attribute name="IntegralI" value="212.000000" />
  <attribute name="IntegralH" value="212.000000" />
  <attribute name="DerivativeT" value="6.625000" />
  <attribute name="DerivativeI" value="6.625000" />
  <attribute name="DerivativeH" value="6.625000" />
  <attribute name="Loop Time for DT" value="4.000000" />
  <attribute name="Output H" value="8388608"/>
  <attribute name="Output I" value="304"/>
  <attribute name="Output T" value="4"/>
  <attribute name="Target GC Util Change" value ="20.000000" />
  <attribute name="Current GC Util Change" value="73.000000"/>
  <attribute name="GC Util currently" value="73" />
  <attribute name="CPU Util currently" value="1035950285698" />
<sys-end id="186" timestamp="2019-06-15T18:36:40.453" />
<exclusive-end id="187" timestamp="2019-06-15T18:36:40.453" durationms="8.397" />

<exclusive-start id="188" timestamp="2019-06-15T18:36:40.499" intervalms="54.798">
  <response-info timems="0.065" idlems="0.065" threads="0" lastid="0000000001508D00" lastname="Thread-6" />
</exclusive-start>
<af-start id="189" threadId="0000000001509688" totalBytesRequested="16392" timestamp="2019-06-15T18:36:40.499" intervalms="61.750" type="nursery" />
<cycle-start id="190" type="scavenge" contextid="0" timestamp="2019-06-15T18:36:40.499" intervalms="61.758" />
<gc-start id="191" type="scavenge" contextid="190" timestamp="2019-06-15T18:36:40.500">
  <mem-info id="192" free="4427968" total="8519680" percent="51">
    <mem type="nursery" free="0" total="2490368" percent="0">
      <mem type="allocate" free="0" total="1900544" percent="0" />
      <mem type="survivor" free="0" total="589824" percent="0" />
    </mem>
    <mem type="tenure" free="4427968" total="6029312" percent="73">
      <mem type="soa" free="4179136" total="5728256" percent="72" />
      <mem type="loa" free="248832" total="301056" percent="82" />
    </mem>
    <remembered-set count="424" />
  </mem-info>
</gc-start>
<allocation-stats totalBytes="1426656" >
  <allocated-bytes non-tlh="165016" tlh="1261640" />
  <largest-consumer threadName="Thread-6" threadId="0000000001508D00" bytes="699560" />
</allocation-stats>
<gc-op id="193" type="scavenge" timems="0.911" contextid="190" timestamp="2019-06-15T18:36:40.501">
  <scavenger-info tenureage="3" tenuremask="ffe8" tiltratio="76" />
  <memory-copied type="nursery" objects="7172" bytes="476920" bytesdiscarded="112496" />
  <memory-copied type="tenure" objects="1277" bytes="119744" bytesdiscarded="64" />
  <finalization candidates="4" enqueued="2" />
  <references type="soft" candidates="25" cleared="0" enqueued="0" dynamicThreshold="23" maxThreshold="32" />
  <references type="weak" candidates="21" cleared="5" enqueued="5" />
  <references type="phantom" candidates="11" cleared="0" enqueued="0" />
</gc-op>
<gc-end id="194" type="scavenge" contextid="190" durationms="1.238" usertimems="0.000" systemtimems="0.000" timestamp="2019-06-15T18:36:40.501" activeThreads="4">
  <mem-info id="195" free="5555640" total="8519680" percent="65">
    <mem type="nursery" free="1310720" total="2490368" percent="52">
      <mem type="allocate" free="1310720" total="1900544" percent="68" />
      <mem type="survivor" free="0" total="589824" percent="0" />
    </mem>
    <mem type="tenure" free="4244920" total="6029312" percent="70">
      <mem type="soa" free="3996088" total="5728256" percent="69" />
      <mem type="loa" free="248832" total="301056" percent="82" />
    </mem>
    <pending-finalizers system="2" default="0" reference="5" classloader="0" />
    <remembered-set count="442" />
  </mem-info>
</gc-end>
<cycle-end id="196" type="scavenge" contextid="190" timestamp="2019-06-15T18:36:40.501" />
  <attribute name="elasticGC enabled" value="1" />
  <attribute name= "numThreadsSpecified" value="4" />
  <attribute name="heapSize specified" value="8781824" />
  <attribute name="Current GC Util" value="12" />
  <attribute name= "Current Time Running" value="742" />
  <attribute name ="GC Interval" value="200" />
  <attribute name="ProportionalT" value="-12.000000" />
  <attribute name="ProportionalI" value="-12.000000" />
  <attribute name="ProportionalH" value="-12.000000" />
  <attribute name="Current Error" value="-8.000000" />
  <attribute name="IntegralT" value="-384.000000" />
  <attribute name="IntegralI" value="-384.000000" />
  <attribute name="IntegralH" value="-384.000000" />
  <attribute name="DerivativeT" value="-0.635417" />
  <attribute name="DerivativeI" value="-0.635417" />
  <attribute name="DerivativeH" value="-0.635417" />
  <attribute name="Loop Time for DT" value="48.000000" />
  <attribute name="Output H" value="2092630016"/>
  <attribute name="Output I" value="200"/>
  <attribute name="Output T" value="4"/>
  <attribute name="Target GC Util Change" value ="20.000000" />
  <attribute name="Current GC Util Change" value="12.000000"/>
  <attribute name="GC Util currently" value="12" />
  <attribute name="CPU Util currently" value="17" />
<allocation-satisfied id="197" threadId="0000000001508D00" bytesRequested="16392" />
<af-end id="198" timestamp="2019-06-15T18:36:40.501" threadId="0000000001509688" success="true" from="nursery"/>
<exclusive-end id="199" timestamp="2019-06-15T18:36:40.501" durationms="2.102" />

<exclusive-start id="200" timestamp="2019-06-15T18:36:40.549" intervalms="49.593">
  <response-info timems="0.174" idlems="0.095" threads="1" lastid="00000000014FD900" lastname="Thread-3" />
</exclusive-start>
<af-start id="201" threadId="0000000001509688" totalBytesRequested="64" timestamp="2019-06-15T18:36:40.549" intervalms="49.552" type="nursery" />
<cycle-start id="202" type="scavenge" contextid="0" timestamp="2019-06-15T18:36:40.549" intervalms="49.516" />
<gc-start id="203" type="scavenge" contextid="202" timestamp="2019-06-15T18:36:40.549">
  <mem-info id="204" free="4223968" total="8519680" percent="49">
    <mem type="nursery" free="0" total="2490368" percent="0">
      <mem type="allocate" free="0" total="1900544" percent="0" />
      <mem type="survivor" free="0" total="589824" percent="0" />
    </mem>
    <mem type="tenure" free="4223968" total="6029312" percent="70">
      <mem type="soa" free="3975136" total="5728256" percent="69" />
      <mem type="loa" free="248832" total="301056" percent="82" />
    </mem>
    <remembered-set count="804" />
  </mem-info>
</gc-start>
<allocation-stats totalBytes="1328992" >
  <allocated-bytes non-tlh="184848" tlh="1144144" />
  <largest-consumer threadName="Thread-6" threadId="0000000001508D00" bytes="623280" />
</allocation-stats>
<gc-op id="205" type="scavenge" timems="1.049" contextid="202" timestamp="2019-06-15T18:36:40.550">
  <scavenger-info tenureage="5" tenuremask="ffe0" tiltratio="76" />
  <memory-copied type="nursery" objects="1897" bytes="589128" bytesdiscarded="208" />
  <memory-copied type="tenure" objects="6849" bytes="494680" bytesdiscarded="376" />
  <copy-failed type="nursery" objects="6849" bytes="494688" />
  <finalization candidates="11" enqueued="1" />
  <references type="soft" candidates="28" cleared="0" enqueued="0" dynamicThreshold="23" maxThreshold="32" />
  <references type="weak" candidates="115" cleared="24" enqueued="14" />
  <references type="phantom" candidates="15" cleared="0" enqueued="0" />
</gc-op>
<gc-end id="206" type="scavenge" contextid="202" durationms="1.404" usertimems="4.000" systemtimems="0.000" timestamp="2019-06-15T18:36:40.550" activeThreads="4">
  <mem-info id="207" free="4395992" total="8519680" percent="51">
    <mem type="nursery" free="655360" total="2490368" percent="26">
      <mem type="allocate" free="655360" total="1245184" percent="52" />
      <mem type="survivor" free="0" total="1245184" percent="0" />
    </mem>
    <mem type="tenure" free="3740632" total="6029312" percent="62">
      <mem type="soa" free="3491800" total="5728256" percent="60" />
      <mem type="loa" free="248832" total="301056" percent="82" />
    </mem>
    <pending-finalizers system="1" default="0" reference="14" classloader="0" />
    <remembered-set count="2271" />
  </mem-info>
</gc-end>
<cycle-end id="208" type="scavenge" contextid="202" timestamp="2019-06-15T18:36:40.551" />
  <attribute name="elasticGC enabled" value="1" />
  <attribute name= "numThreadsSpecified" value="4" />
  <attribute name="heapSize specified" value="8781824" />
  <attribute name="Current GC Util" value="2" />
  <attribute name= "Current Time Running" value="792" />
  <attribute name ="GC Interval" value="200" />
  <attribute name="ProportionalT" value="-27.000000" />
  <attribute name="ProportionalI" value="-27.000000" />
  <attribute name="ProportionalH" value="-27.000000" />
  <attribute name="Current Error" value="-18.000000" />
  <attribute name="IntegralT" value="-900.000000" />
  <attribute name="IntegralI" value="-900.000000" />
  <attribute name="IntegralH" value="-900.000000" />
  <attribute name="DerivativeT" value="-0.180000" />
  <attribute name="DerivativeI" value="-0.180000" />
  <attribute name="DerivativeH" value="-0.180000" />
  <attribute name="Loop Time for DT" value="50.000000" />
  <attribute name="Output H" value="2092630016"/>
  <attribute name="Output I" value="200"/>
  <attribute name="Output T" value="4"/>
  <attribute name="Target GC Util Change" value ="20.000000" />
  <attribute name="Current GC Util Change" value="2.000000"/>
  <attribute name="GC Util currently" value="2" />
  <attribute name="CPU Util currently" value="11" />
<allocation-satisfied id="209" threadId="0000000001508D00" bytesRequested="64" />
<af-end id="210" timestamp="2019-06-15T18:36:40.551" threadId="0000000001509688" success="true" from="nursery"/>
<exclusive-end id="211" timestamp="2019-06-15T18:36:40.551" durationms="2.089" />

<exclusive-start id="212" timestamp="2019-06-15T18:36:40.562" intervalms="12.969">
  <response-info timems="0.141" idlems="0.085" threads="3" lastid="0000000001501500" lastname="Thread-4" />
</exclusive-start>
<af-start id="213" threadId="0000000001505A88" totalBytesRequested="24" timestamp="2019-06-15T18:36:40.562" intervalms="12.959" type="nursery" />
<cycle-start id="214" type="scavenge" contextid="0" timestamp="2019-06-15T18:36:40.562" intervalms="13.005" />
<gc-start id="215" type="scavenge" contextid="214" timestamp="2019-06-15T18:36:40.562">
  <mem-info id="216" free="3738664" total="8519680" percent="43">
    <mem type="nursery" free="0" total="2490368" percent="0">
      <mem type="allocate" free="0" total="1245184" percent="0" />
      <mem type="survivor" free="0" total="1245184" percent="0" />
    </mem>
    <mem type="tenure" free="3738664" total="6029312" percent="62">
      <mem type="soa" free="3489832" total="5728256" percent="60" />
      <mem type="loa" free="248832" total="301056" percent="82" />
    </mem>
    <remembered-set count="2304" />
  </mem-info>
</gc-start>
<allocation-stats totalBytes="657176" >
  <allocated-bytes non-tlh="18424" tlh="638752" />
  <largest-consumer threadName="Thread-4" threadId="0000000001501500" bytes="218704" />
</allocation-stats>
<gc-op id="217" type="scavenge" timems="0.675" contextid="214" timestamp="2019-06-15T18:36:40.563">
  <scavenger-info tenureage="2" tenuremask="fffc" tiltratio="50" />
  <memory-copied type="nursery" objects="3446" bytes="452432" bytesdiscarded="44168" />
  <memory-copied type="tenure" objects="1081" bytes="209832" bytesdiscarded="32" />
  <finalization candidates="9" enqueued="0" />
  <references type="soft" candidates="21" cleared="0" enqueued="0" dynamicThreshold="23" maxThreshold="32" />
  <references type="weak" candidates="78" cleared="5" enqueued="5" />
  <references type="phantom" candidates="7" cleared="0" enqueued="0" />
</gc-op>
<gc-end id="218" type="scavenge" contextid="214" durationms="1.028" usertimems="0.000" systemtimems="0.000" timestamp="2019-06-15T18:36:40.563" activeThreads="4">
  <mem-info id="219" free="4129760" total="8519680" percent="48">
    <mem type="nursery" free="748480" total="2490368" percent="30">
      <mem type="allocate" free="748480" total="1245184" percent="60" />
      <mem type="survivor" free="0" total="1245184" percent="0" />
    </mem>
    <mem type="tenure" free="3381280" total="6029312" percent="56">
      <mem type="soa" free="3132448" total="5728256" percent="54" />
      <mem type="loa" free="248832" total="301056" percent="82" />
    </mem>
    <pending-finalizers system="0" default="0" reference="5" classloader="0" />
    <remembered-set count="784" />
  </mem-info>
</gc-end>
<cycle-end id="220" type="scavenge" contextid="214" timestamp="2019-06-15T18:36:40.563" />
  <attribute name="elasticGC enabled" value="1" />
  <attribute name= "numThreadsSpecified" value="4" />
  <attribute name="heapSize specified" value="8781824" />
  <attribute name="Current GC Util" value="14" />
  <attribute name= "Current Time Running" value="805" />
  <attribute name ="GC Interval" value="200" />
  <attribute name="ProportionalT" value="-9.000000" />
  <attribute name="ProportionalI" value="-9.000000" />
  <attribute name="ProportionalH" value="-9.000000" />
  <attribute name="Current Error" value="-6.000000" />
  <attribute name="IntegralT" value="-78.000000" />
  <attribute name="IntegralI" value="-78.000000" />
  <attribute name="IntegralH" value="-78.000000" />
  <attribute name="DerivativeT" value="-0.230769" />
  <attribute name="DerivativeI" value="-0.230769" />
  <attribute name="DerivativeH" value="-0.230769" />
  <attribute name="Loop Time for DT" value="13.000000" />
  <attribute name="Output H" value="2092630016"/>
  <attribute name="Output I" value="200"/>
  <attribute name="Output T" value="4"/>
  <attribute name="Target GC Util Change" value ="20.000000" />
  <attribute name="Current GC Util Change" value="14.000000"/>
  <attribute name="GC Util currently" value="14" />
  <attribute name="CPU Util currently" value="353126833822" />
<allocation-satisfied id="221" threadId="0000000001505100" bytesRequested="24" />
<af-end id="222" timestamp="2019-06-15T18:36:40.563" threadId="0000000001505A88" success="true" from="nursery"/>
<exclusive-end id="223" timestamp="2019-06-15T18:36:40.563" durationms="1.847" />

<exclusive-start id="224" timestamp="2019-06-15T18:36:40.598" intervalms="36.353">
  <response-info timems="0.086" idlems="0.086" threads="0" lastid="0000000001508D00" lastname="Thread-6" />
</exclusive-start>
<af-start id="225" threadId="0000000001509688" totalBytesRequested="1512" timestamp="2019-06-15T18:36:40.598" intervalms="36.379" type="nursery" />
<cycle-start id="226" type="scavenge" contextid="0" timestamp="2019-06-15T18:36:40.598" intervalms="36.356" />
<gc-start id="227" type="scavenge" contextid="226" timestamp="2019-06-15T18:36:40.598">
  <mem-info id="228" free="3373112" total="8519680" percent="39">
    <mem type="nursery" free="0" total="2490368" percent="0">
      <mem type="allocate" free="0" total="1245184" percent="0" />
      <mem type="survivor" free="0" total="1245184" percent="0" />
    </mem>
    <mem type="tenure" free="3373112" total="6029312" percent="55">
      <mem type="soa" free="3124280" total="5728256" percent="54" />
      <mem type="loa" free="248832" total="301056" percent="82" />
    </mem>
    <remembered-set count="882" />
  </mem-info>
</gc-start>
<allocation-stats totalBytes="743648" >
  <allocated-bytes non-tlh="8192" tlh="735456" />
  <largest-consumer threadName="Thread-6" threadId="0000000001508D00" bytes="513304" />
</allocation-stats>
<gc-op id="229" type="scavenge" timems="0.589" contextid="226" timestamp="2019-06-15T18:36:40.599">
  <scavenger-info tenureage="4" tenuremask="fff0" tiltratio="50" />
  <memory-copied type="nursery" objects="6395" bytes="563360" bytesdiscarded="83296" />
  <finalization candidates="9" enqueued="0" />
  <references type="soft" candidates="21" cleared="0" enqueued="0" dynamicThreshold="23" maxThreshold="32" />
  <references type="weak" candidates="77" cleared="1" enqueued="1" />
  <references type="phantom" candidates="8" cleared="0" enqueued="0" />
</gc-op>
<gc-end id="230" type="scavenge" contextid="226" durationms="1.018" usertimems="0.000" systemtimems="0.000" timestamp="2019-06-15T18:36:40.599" activeThreads="4">
  <mem-info id="231" free="3971504" total="8519680" percent="46">
    <mem type="nursery" free="598392" total="2490368" percent="24">
      <mem type="allocate" free="598392" total="1245184" percent="48" />
      <mem type="survivor" free="0" total="1245184" percent="0" />
    </mem>
    <mem type="tenure" free="3373112" total="6029312" percent="55">
      <mem type="soa" free="3124280" total="5728256" percent="54" />
      <mem type="loa" free="248832" total="301056" percent="82" />
    </mem>
    <pending-finalizers system="0" default="0" reference="1" classloader="0" />
    <remembered-set count="628" />
  </mem-info>
</gc-end>
<cycle-end id="232" type="scavenge" contextid="226" timestamp="2019-06-15T18:36:40.599" />
  <attribute name="elasticGC enabled" value="1" />
  <attribute name= "numThreadsSpecified" value="4" />
  <attribute name="heapSize specified" value="8781824" />
  <attribute name="Current GC Util" value="3" />
  <attribute name= "Current Time Running" value="841" />
  <attribute name ="GC Interval" value="200" />
  <attribute name="ProportionalT" value="-25.500000" />
  <attribute name="ProportionalI" value="-25.500000" />
  <attribute name="ProportionalH" value="-25.500000" />
  <attribute name="Current Error" value="-17.000000" />
  <attribute name="IntegralT" value="-612.000000" />
  <attribute name="IntegralI" value="-612.000000" />
  <attribute name="IntegralH" value="-612.000000" />
  <attribute name="DerivativeT" value="-0.236111" />
  <attribute name="DerivativeI" value="-0.236111" />
  <attribute name="DerivativeH" value="-0.236111" />
  <attribute name="Loop Time for DT" value="36.000000" />
  <attribute name="Output H" value="2092630016"/>
  <attribute name="Output I" value="200"/>
  <attribute name="Output T" value="4"/>
  <attribute name="Target GC Util Change" value ="20.000000" />
  <attribute name="Current GC Util Change" value="3.000000"/>
  <attribute name="GC Util currently" value="3" />
  <attribute name="CPU Util currently" value="13" />
<allocation-satisfied id="233" threadId="0000000001508D00" bytesRequested="1512" />
<af-end id="234" timestamp="2019-06-15T18:36:40.600" threadId="0000000001509688" success="true" from="nursery"/>
<exclusive-end id="235" timestamp="2019-06-15T18:36:40.600" durationms="1.769" />

<exclusive-start id="236" timestamp="2019-06-15T18:36:40.618" intervalms="20.064">
  <response-info timems="0.028" idlems="0.028" threads="0" lastid="00000000014FD900" lastname="Thread-3" />
</exclusive-start>
<af-start id="237" threadId="00000000014FE288" totalBytesRequested="56" timestamp="2019-06-15T18:36:40.618" intervalms="20.042" type="nursery" />
<cycle-start id="238" type="scavenge" contextid="0" timestamp="2019-06-15T18:36:40.618" intervalms="19.997" />
<gc-start id="239" type="scavenge" contextid="238" timestamp="2019-06-15T18:36:40.618">
  <mem-info id="240" free="3366984" total="8519680" percent="39">
    <mem type="nursery" free="0" total="2490368" percent="0">
      <mem type="allocate" free="0" total="1245184" percent="0" />
      <mem type="survivor" free="0" total="1245184" percent="0" />
    </mem>
    <mem type="tenure" free="3366984" total="6029312" percent="55">
      <mem type="soa" free="3118152" total="5728256" percent="54" />
      <mem type="loa" free="248832" total="301056" percent="82" />
    </mem>
    <remembered-set count="748" />
  </mem-info>
</gc-start>
<allocation-stats totalBytes="595952" >
  <allocated-bytes non-tlh="7640" tlh="588312" />
  <largest-consumer threadName="Thread-6" threadId="0000000001508D00" bytes="191504" />
</allocation-stats>
<gc-op id="241" type="scavenge" timems="5.322" contextid="238" timestamp="2019-06-15T18:36:40.624">
  <scavenger-info tenureage="3" tenuremask="fff8" tiltratio="50" />
  <memory-copied type="nursery" objects="7436" bytes="478464" bytesdiscarded="128184" />
  <memory-copied type="tenure" objects="643" bytes="345872" bytesdiscarded="8" />
  <finalization candidates="9" enqueued="0" />
  <references type="soft" candidates="5" cleared="0" enqueued="0" dynamicThreshold="23" maxThreshold="32" />
  <references type="weak" candidates="10" cleared="0" enqueued="0" />
  <references type="phantom" candidates="3" cleared="0" enqueued="0" />
</gc-op>
<heap-resize id="242" type="expand" space="nursery" amount="393216" count="1" timems="0.017" reason="excessive time being spent scavenging" timestamp="2019-06-15T18:36:40.624" />
<gc-end id="243" type="scavenge" contextid="238" durationms="5.768" usertimems="8.000" systemtimems="0.000" timestamp="2019-06-15T18:36:40.624" activeThreads="4">
  <mem-info id="244" free="3808472" total="8912896" percent="42">
    <mem type="nursery" free="835056" total="2883584" percent="28">
      <mem type="allocate" free="835056" total="1441792" percent="57" />
      <mem type="survivor" free="0" total="1441792" percent="0" />
    </mem>
    <mem type="tenure" free="2973416" total="6029312" percent="49">
      <mem type="soa" free="2724584" total="5728256" percent="47" />
      <mem type="loa" free="248832" total="301056" percent="82" />
    </mem>
    <remembered-set count="330" />
  </mem-info>
</gc-end>
<cycle-end id="245" type="scavenge" contextid="238" timestamp="2019-06-15T18:36:40.624" />
  <attribute name="elasticGC enabled" value="1" />
  <attribute name= "numThreadsSpecified" value="4" />
  <attribute name="heapSize specified" value="8781824" />
  <attribute name="Current GC Util" value="5" />
  <attribute name= "Current Time Running" value="861" />
  <attribute name ="GC Interval" value="200" />
  <attribute name="ProportionalT" value="-22.500000" />
  <attribute name="ProportionalI" value="-22.500000" />
  <attribute name="ProportionalH" value="-22.500000" />
  <attribute name="Current Error" value="-15.000000" />
  <attribute name="IntegralT" value="-300.000000" />
  <attribute name="IntegralI" value="-300.000000" />
  <attribute name="IntegralH" value="-300.000000" />
  <attribute name="DerivativeT" value="-0.375000" />
  <attribute name="DerivativeI" value="-0.375000" />
  <attribute name="DerivativeH" value="-0.375000" />
  <attribute name="Loop Time for DT" value="20.000000" />
  <attribute name="Output H" value="2092630016"/>
  <attribute name="Output I" value="200"/>
  <attribute name="Output T" value="4"/>
  <attribute name="Target GC Util Change" value ="20.000000" />
  <attribute name="Current GC Util Change" value="5.000000"/>
  <attribute name="GC Util currently" value="5" />
  <attribute name="CPU Util currently" value="233474481500" />
<allocation-satisfied id="246" threadId="00000000014FD900" bytesRequested="56" />
<af-end id="247" timestamp="2019-06-15T18:36:40.624" threadId="00000000014FE288" success="true" from="nursery"/>
<exclusive-end id="248" timestamp="2019-06-15T18:36:40.624" durationms="6.354" />

<exclusive-start id="249" timestamp="2019-06-15T18:36:40.665" intervalms="46.812">
  <response-info timems="0.091" idlems="0.091" threads="0" lastid="0000000001508D00" lastname="Thread-6" />
</exclusive-start>
<af-start id="250" threadId="0000000001509688" totalBytesRequested="16392" timestamp="2019-06-15T18:36:40.665" intervalms="46.991" type="nursery" />
<cycle-start id="251" type="scavenge" contextid="0" timestamp="2019-06-15T18:36:40.665" intervalms="47.023" />
<gc-start id="252" type="scavenge" contextid="251" timestamp="2019-06-15T18:36:40.665">
  <mem-info id="253" free="2966600" total="8912896" percent="33">
    <mem type="nursery" free="0" total="2883584" percent="0">
      <mem type="allocate" free="0" total="1441792" percent="0" />
      <mem type="survivor" free="0" total="1441792" percent="0" />
    </mem>
    <mem type="tenure" free="2966600" total="6029312" percent="49">
      <mem type="soa" free="2717768" total="5728256" percent="47" />
      <mem type="loa" free="248832" total="301056" percent="82" />
    </mem>
    <remembered-set count="487" />
  </mem-info>
</gc-start>
<allocation-stats totalBytes="820840" >
  <allocated-bytes non-tlh="96168" tlh="724672" />
  <largest-consumer threadName="Thread-6" threadId="0000000001508D00" bytes="276952" />
</allocation-stats>
<gc-op id="254" type="scavenge" timems="0.737" contextid="251" timestamp="2019-06-15T18:36:40.666">
  <scavenger-info tenureage="2" tenuremask="fffc" tiltratio="50" />
  <memory-copied type="nursery" objects="2209" bytes="359784" bytesdiscarded="153448" />
  <memory-copied type="tenure" objects="5452" bytes="186832" bytesdiscarded="16" />
  <references type="soft" candidates="4" cleared="0" enqueued="0" dynamicThreshold="23" maxThreshold="32" />
  <references type="weak" candidates="40" cleared="14" enqueued="10" />
  <references type="phantom" candidates="1" cleared="0" enqueued="0" />
</gc-op>
<gc-end id="255" type="scavenge" contextid="251" durationms="1.009" usertimems="0.000" systemtimems="0.000" timestamp="2019-06-15T18:36:40.666" activeThreads="4">
  <mem-info id="256" free="4025888" total="8912896" percent="45">
    <mem type="nursery" free="1190616" total="2883584" percent="41">
      <mem type="allocate" free="1190616" total="1703936" percent="69" />
      <mem type="survivor" free="0" total="1179648" percent="0" />
    </mem>
    <mem type="tenure" free="2835272" total="6029312" percent="47">
      <mem type="soa" free="2586440" total="5728256" percent="45" />
      <mem type="loa" free="248832" total="301056" percent="82" />
    </mem>
    <pending-finalizers system="0" default="0" reference="10" classloader="0" />
    <remembered-set count="398" />
  </mem-info>
</gc-end>
<cycle-end id="257" type="scavenge" contextid="251" timestamp="2019-06-15T18:36:40.666" />
  <attribute name="elasticGC enabled" value="1" />
  <attribute name= "numThreadsSpecified" value="4" />
  <attribute name="heapSize specified" value="8781824" />
  <attribute name="Current GC Util" value="11" />
  <attribute name= "Current Time Running" value="908" />
  <attribute name ="GC Interval" value="200" />
  <attribute name="ProportionalT" value="-13.500000" />
  <attribute name="ProportionalI" value="-13.500000" />
  <attribute name="ProportionalH" value="-13.500000" />
  <attribute name="Current Error" value="-9.000000" />
  <attribute name="IntegralT" value="-423.000000" />
  <attribute name="IntegralI" value="-423.000000" />
  <attribute name="IntegralH" value="-423.000000" />
  <attribute name="DerivativeT" value="-0.095745" />
  <attribute name="DerivativeI" value="-0.095745" />
  <attribute name="DerivativeH" value="-0.095745" />
  <attribute name="Loop Time for DT" value="47.000000" />
  <attribute name="Output H" value="2092630016"/>
  <attribute name="Output I" value="200"/>
  <attribute name="Output T" value="4"/>
  <attribute name="Target GC Util Change" value ="20.000000" />
  <attribute name="Current GC Util Change" value="11.000000"/>
  <attribute name="GC Util currently" value="11" />
  <attribute name="CPU Util currently" value="33" />
<allocation-satisfied id="258" threadId="0000000001508D00" bytesRequested="16392" />
<af-end id="259" timestamp="2019-06-15T18:36:40.667" threadId="0000000001509688" success="true" from="nursery"/>
<exclusive-end id="260" timestamp="2019-06-15T18:36:40.667" durationms="1.869" />

<exclusive-start id="261" timestamp="2019-06-15T18:36:40.709" intervalms="43.851">
  <response-info timems="0.060" idlems="0.029" threads="2" lastid="00000000014FD900" lastname="Thread-3" />
</exclusive-start>
<af-start id="262" threadId="0000000001501E88" totalBytesRequested="24" timestamp="2019-06-15T18:36:40.709" intervalms="43.648" type="nursery" />
<cycle-start id="263" type="scavenge" contextid="0" timestamp="2019-06-15T18:36:40.709" intervalms="43.600" />
<gc-start id="264" type="scavenge" contextid="263" timestamp="2019-06-15T18:36:40.709">
  <mem-info id="265" free="2835168" total="8912896" percent="31">
    <mem type="nursery" free="0" total="2883584" percent="0">
      <mem type="allocate" free="0" total="1703936" percent="0" />
      <mem type="survivor" free="0" total="1179648" percent="0" />
    </mem>
    <mem type="tenure" free="2835168" total="6029312" percent="47">
      <mem type="soa" free="2586336" total="5728256" percent="45" />
      <mem type="loa" free="248832" total="301056" percent="82" />
    </mem>
    <remembered-set count="449" />
  </mem-info>
</gc-start>
<allocation-stats totalBytes="1188592" >
  <allocated-bytes non-tlh="82048" tlh="1106544" />
  <largest-consumer threadName="Thread-5" threadId="0000000001505100" bytes="542792" />
</allocation-stats>
<gc-op id="266" type="scavenge" timems="0.667" contextid="263" timestamp="2019-06-15T18:36:40.710">
  <scavenger-info tenureage="2" tenuremask="fffc" tiltratio="59" />
  <memory-copied type="nursery" objects="1954" bytes="630440" bytesdiscarded="242336" />
  <memory-copied type="tenure" objects="1670" bytes="262784" bytesdiscarded="424" />
  <references type="soft" candidates="4" cleared="0" enqueued="0" dynamicThreshold="23" maxThreshold="32" />
  <references type="weak" candidates="23" cleared="0" enqueued="0" />
</gc-op>
<gc-end id="267" type="scavenge" contextid="263" durationms="0.860" usertimems="0.000" systemtimems="0.000" timestamp="2019-06-15T18:36:40.710" activeThreads="4">
  <mem-info id="268" free="3300952" total="8912896" percent="37">
    <mem type="nursery" free="831104" total="2883584" percent="28">
      <mem type="allocate" free="831104" total="1703936" percent="48" />
      <mem type="survivor" free="0" total="1179648" percent="0" />
    </mem>
    <mem type="tenure" free="2469848" total="6029312" percent="40">
      <mem type="soa" free="2221016" total="5728256" percent="38" />
      <mem type="loa" free="248832" total="301056" percent="82" />
    </mem>
    <remembered-set count="320" />
  </mem-info>
</gc-end>
<cycle-end id="269" type="scavenge" contextid="263" timestamp="2019-06-15T18:36:40.710" />
  <attribute name="elasticGC enabled" value="1" />
  <attribute name= "numThreadsSpecified" value="4" />
  <attribute name="heapSize specified" value="8781824" />
  <attribute name="Current GC Util" value="3" />
  <attribute name= "Current Time Running" value="952" />
  <attribute name ="GC Interval" value="200" />
  <attribute name="ProportionalT" value="-25.500000" />
  <attribute name="ProportionalI" value="-25.500000" />
  <attribute name="ProportionalH" value="-25.500000" />
  <attribute name="Current Error" value="-17.000000" />
  <attribute name="IntegralT" value="-748.000000" />
  <attribute name="IntegralI" value="-748.000000" />
  <attribute name="IntegralH" value="-748.000000" />
  <attribute name="DerivativeT" value="-0.193182" />
  <attribute name="DerivativeI" value="-0.193182" />
  <attribute name="DerivativeH" value="-0.193182" />
  <attribute name="Loop Time for DT" value="44.000000" />
  <attribute name="Output H" value="2092630016"/>
  <attribute name="Output I" value="200"/>
  <attribute name="Output T" value="4"/>
  <attribute name="Target GC Util Change" value ="20.000000" />
  <attribute name="Current GC Util Change" value="3.000000"/>
  <attribute name="GC Util currently" value="3" />
  <attribute name="CPU Util currently" value="58" />
<allocation-satisfied id="270" threadId="0000000001501500" bytesRequested="24" />
<af-end id="271" timestamp="2019-06-15T18:36:40.710" threadId="0000000001501E88" success="true" from="nursery"/>
<exclusive-end id="272" timestamp="2019-06-15T18:36:40.710" durationms="1.327" />

<exclusive-start id="273" timestamp="2019-06-15T18:36:40.727" intervalms="18.224">
  <response-info timems="0.023" idlems="0.023" threads="0" lastid="0000000001501500" lastname="Thread-4" />
</exclusive-start>
<af-start id="274" threadId="0000000001501E88" totalBytesRequested="16392" timestamp="2019-06-15T18:36:40.727" intervalms="18.205" type="nursery" />
<cycle-start id="275" type="scavenge" contextid="0" timestamp="2019-06-15T18:36:40.727" intervalms="18.204" />
<gc-start id="276" type="scavenge" contextid="275" timestamp="2019-06-15T18:36:40.727">
  <mem-info id="277" free="2469680" total="8912896" percent="27">
    <mem type="nursery" free="0" total="2883584" percent="0">
      <mem type="allocate" free="0" total="1703936" percent="0" />
      <mem type="survivor" free="0" total="1179648" percent="0" />
    </mem>
    <mem type="tenure" free="2469680" total="6029312" percent="40">
      <mem type="soa" free="2220848" total="5728256" percent="38" />
      <mem type="loa" free="248832" total="301056" percent="82" />
    </mem>
    <remembered-set count="377" />
  </mem-info>
</gc-start>
<allocation-stats totalBytes="790752" >
  <allocated-bytes non-tlh="98528" tlh="692224" />
  <largest-consumer threadName="Thread-3" threadId="00000000014FD900" bytes="418408" />
</allocation-stats>
<gc-op id="278" type="scavenge" timems="0.569" contextid="275" timestamp="2019-06-15T18:36:40.728">
  <scavenger-info tenureage="1" tenuremask="fffe" tiltratio="59" />
  <memory-copied type="nursery" objects="848" bytes="354600" bytesdiscarded="252616" />
  <memory-copied type="tenure" objects="1881" bytes="626696" bytesdiscarded="1736" />
</gc-op>
<gc-end id="279" type="scavenge" contextid="275" durationms="0.753" usertimems="4.000" systemtimems="0.000" timestamp="2019-06-15T18:36:40.728" activeThreads="4">
  <mem-info id="280" free="3010232" total="8912896" percent="33">
    <mem type="nursery" free="1227752" total="2883584" percent="42">
      <mem type="allocate" free="1227752" total="1835008" percent="66" />
      <mem type="survivor" free="0" total="1048576" percent="0" />
    </mem>
    <mem type="tenure" free="1782480" total="6029312" percent="29">
      <mem type="soa" free="1533648" total="5728256" percent="26" />
      <mem type="loa" free="248832" total="301056" percent="82" />
    </mem>
    <remembered-set count="153" />
  </mem-info>
</gc-end>
<cycle-end id="281" type="scavenge" contextid="275" timestamp="2019-06-15T18:36:40.728" />
  <attribute name="elasticGC enabled" value="1" />
  <attribute name= "numThreadsSpecified" value="4" />
  <attribute name="heapSize specified" value="8781824" />
  <attribute name="Current GC Util" value="7" />
  <attribute name= "Current Time Running" value="970" />
  <attribute name ="GC Interval" value="200" />
  <attribute name="ProportionalT" value="-19.500000" />
  <attribute name="ProportionalI" value="-19.500000" />
  <attribute name="ProportionalH" value="-19.500000" />
  <attribute name="Current Error" value="-13.000000" />
  <attribute name="IntegralT" value="-234.000000" />
  <attribute name="IntegralI" value="-234.000000" />
  <attribute name="IntegralH" value="-234.000000" />
  <attribute name="DerivativeT" value="-0.361111" />
  <attribute name="DerivativeI" value="-0.361111" />
  <attribute name="DerivativeH" value="-0.361111" />
  <attribute name="Loop Time for DT" value="18.000000" />
  <attribute name="Output H" value="2092630016"/>
  <attribute name="Output I" value="200"/>
  <attribute name="Output T" value="4"/>
  <attribute name="Target GC Util Change" value ="20.000000" />
  <attribute name="Current GC Util Change" value="7.000000"/>
  <attribute name="GC Util currently" value="7" />
  <attribute name="CPU Util currently" value="253482447683" />
<allocation-satisfied id="282" threadId="0000000001501500" bytesRequested="16392" />
<af-end id="283" timestamp="2019-06-15T18:36:40.728" threadId="0000000001501E88" success="true" from="nursery"/>
<exclusive-end id="284" timestamp="2019-06-15T18:36:40.728" durationms="1.204" />

<exclusive-start id="285" timestamp="2019-06-15T18:36:40.760" intervalms="32.729">
  <response-info timems="0.030" idlems="0.030" threads="0" lastid="0000000001501500" lastname="Thread-4" />
</exclusive-start>
<af-start id="286" threadId="0000000001501E88" totalBytesRequested="16392" timestamp="2019-06-15T18:36:40.760" intervalms="32.730" type="nursery" />
<cycle-start id="287" type="scavenge" contextid="0" timestamp="2019-06-15T18:36:40.760" intervalms="32.728" />
<gc-start id="288" type="scavenge" contextid="287" timestamp="2019-06-15T18:36:40.760">
  <mem-info id="289" free="1781664" total="8912896" percent="19">
    <mem type="nursery" free="0" total="2883584" percent="0">
      <mem type="allocate" free="0" total="1835008" percent="0" />
      <mem type="survivor" free="0" total="1048576" percent="0" />
    </mem>
    <mem type="tenure" free="1781664" total="6029312" percent="29">
      <mem type="soa" free="1532832" total="5728256" percent="26" />
      <mem type="loa" free="248832" total="301056" percent="82" />
    </mem>
    <remembered-set count="318" />
  </mem-info>
</gc-start>
<allocation-stats totalBytes="1212208" >
  <allocated-bytes non-tlh="148320" tlh="1063888" />
  <largest-consumer threadName="Thread-5" threadId="0000000001505100" bytes="519816" />
</allocation-stats>
<gc-op id="290" type="scavenge" timems="0.434" contextid="287" timestamp="2019-06-15T18:36:40.760">
  <scavenger-info tenureage="1" tenuremask="7ffe" tiltratio="63" />
  <memory-copied type="nursery" objects="912" bytes="314712" bytesdiscarded="255680" />
  <memory-copied type="tenure" objects="754" bytes="298408" bytesdiscarded="264" />
  <references type="weak" candidates="1" cleared="1" enqueued="1" />
</gc-op>
<gc-end id="291" type="scavenge" contextid="287" durationms="0.628" usertimems="0.000" systemtimems="0.000" timestamp="2019-06-15T18:36:40.761" activeThreads="4">
  <mem-info id="292" free="2756656" total="8912896" percent="30">
    <mem type="nursery" free="1395632" total="2883584" percent="48">
      <mem type="allocate" free="1395632" total="1966080" percent="70" />
      <mem type="survivor" free="0" total="917504" percent="0" />
    </mem>
    <mem type="tenure" free="1361024" total="6029312" percent="22">
      <mem type="soa" free="1112192" total="5728256" percent="19" />
      <mem type="loa" free="248832" total="301056" percent="82" />
    </mem>
    <pending-finalizers system="0" default="0" reference="1" classloader="0" />
    <remembered-set count="182" />
  </mem-info>
</gc-end>
<cycle-end id="293" type="scavenge" contextid="287" timestamp="2019-06-15T18:36:40.761" />
  <attribute name="elasticGC enabled" value="1" />
  <attribute name= "numThreadsSpecified" value="4" />
  <attribute name="heapSize specified" value="8781824" />
  <attribute name="Current GC Util" value="4" />
  <attribute name= "Current Time Running" value="1002" />
  <attribute name ="GC Interval" value="200" />
  <attribute name="ProportionalT" value="-24.000000" />
  <attribute name="ProportionalI" value="-24.000000" />
  <attribute name="ProportionalH" value="-24.000000" />
  <attribute name="Current Error" value="-16.000000" />
  <attribute name="IntegralT" value="-512.000000" />
  <attribute name="IntegralI" value="-512.000000" />
  <attribute name="IntegralH" value="-512.000000" />
  <attribute name="DerivativeT" value="-0.250000" />
  <attribute name="DerivativeI" value="-0.250000" />
  <attribute name="DerivativeH" value="-0.250000" />
  <attribute name="Loop Time for DT" value="32.000000" />
  <attribute name="Output H" value="2092630016"/>
  <attribute name="Output I" value="200"/>
  <attribute name="Output T" value="4"/>
  <attribute name="Target GC Util Change" value ="20.000000" />
  <attribute name="Current GC Util Change" value="4.000000"/>
  <attribute name="GC Util currently" value="4" />
  <attribute name="CPU Util currently" value="36" />
<allocation-satisfied id="294" threadId="0000000001501500" bytesRequested="16392" />
<af-end id="295" timestamp="2019-06-15T18:36:40.761" threadId="0000000001501E88" success="true" from="nursery"/>
<exclusive-end id="296" timestamp="2019-06-15T18:36:40.761" durationms="1.070" />

<exclusive-start id="297" timestamp="2019-06-15T18:36:40.783" intervalms="23.267">
  <response-info timems="0.039" idlems="0.021" threads="1" lastid="00000000014FD900" lastname="Thread-3" />
</exclusive-start>
<af-start id="298" threadId="0000000001505A88" totalBytesRequested="48" timestamp="2019-06-15T18:36:40.783" intervalms="23.269" type="nursery" />
<cycle-start id="299" type="scavenge" contextid="0" timestamp="2019-06-15T18:36:40.783" intervalms="23.272" />
<gc-start id="300" type="scavenge" contextid="299" timestamp="2019-06-15T18:36:40.783">
  <mem-info id="301" free="1360984" total="8912896" percent="15">
    <mem type="nursery" free="0" total="2883584" percent="0">
      <mem type="allocate" free="0" total="1966080" percent="0" />
      <mem type="survivor" free="0" total="917504" percent="0" />
    </mem>
    <mem type="tenure" free="1360984" total="6029312" percent="22">
      <mem type="soa" free="1112152" total="5728256" percent="19" />
      <mem type="loa" free="248832" total="301056" percent="82" />
    </mem>
    <remembered-set count="294" />
  </mem-info>
</gc-start>
<allocation-stats totalBytes="1307888" >
  <allocated-bytes non-tlh="114760" tlh="1193128" />
  <largest-consumer threadName="Thread-4" threadId="0000000001501500" bytes="626816" />
</allocation-stats>
<gc-op id="302" type="scavenge" timems="3.158" contextid="299" timestamp="2019-06-15T18:36:40.786">
  <scavenger-info tenureage="1" tenuremask="7ffe" tiltratio="68" />
  <memory-copied type="nursery" objects="1294" bytes="526456" bytesdiscarded="67024" />
  <memory-copied type="tenure" objects="804" bytes="290648" bytesdiscarded="88" />
  <references type="phantom" candidates="1" cleared="0" enqueued="0" />
</gc-op>
<heap-resize id="303" type="expand" space="nursery" amount="262144" count="1" timems="0.014" reason="excessive time being spent scavenging" timestamp="2019-06-15T18:36:40.786" />
<gc-end id="304" type="scavenge" contextid="299" durationms="3.411" usertimems="4.000" systemtimems="0.000" timestamp="2019-06-15T18:36:40.787" activeThreads="4">
  <mem-info id="305" free="2716608" total="9175040" percent="29">
    <mem type="nursery" free="1503632" total="3145728" percent="47">
      <mem type="allocate" free="1503632" total="2097152" percent="71" />
      <mem type="survivor" free="0" total="1048576" percent="0" />
    </mem>
    <mem type="tenure" free="1212976" total="6029312" percent="20">
      <mem type="soa" free="964144" total="5728256" percent="16" />
      <mem type="loa" free="248832" total="301056" percent="82" />
    </mem>
    <remembered-set count="162" />
  </mem-info>
</gc-end>
<cycle-end id="306" type="scavenge" contextid="299" timestamp="2019-06-15T18:36:40.787" />
  <attribute name="elasticGC enabled" value="1" />
  <attribute name= "numThreadsSpecified" value="4" />
  <attribute name="heapSize specified" value="8781824" />
  <attribute name="Current GC Util" value="5" />
  <attribute name= "Current Time Running" value="1026" />
  <attribute name ="GC Interval" value="200" />
  <attribute name="ProportionalT" value="-22.500000" />
  <attribute name="ProportionalI" value="-22.500000" />
  <attribute name="ProportionalH" value="-22.500000" />
  <attribute name="Current Error" value="-15.000000" />
  <attribute name="IntegralT" value="-360.000000" />
  <attribute name="IntegralI" value="-360.000000" />
  <attribute name="IntegralH" value="-360.000000" />
  <attribute name="DerivativeT" value="-0.312500" />
  <attribute name="DerivativeI" value="-0.312500" />
  <attribute name="DerivativeH" value="-0.312500" />
  <attribute name="Loop Time for DT" value="24.000000" />
  <attribute name="Output H" value="2092630016"/>
  <attribute name="Output I" value="200"/>
  <attribute name="Output T" value="4"/>
  <attribute name="Target GC Util Change" value ="20.000000" />
  <attribute name="Current GC Util Change" value="5.000000"/>
  <attribute name="GC Util currently" value="5" />
  <attribute name="CPU Util currently" value="198139544843" />
<allocation-satisfied id="307" threadId="0000000001505100" bytesRequested="48" />
<af-end id="308" timestamp="2019-06-15T18:36:40.787" threadId="0000000001505A88" success="true" from="nursery"/>
<exclusive-end id="309" timestamp="2019-06-15T18:36:40.787" durationms="3.848" />

<exclusive-start id="310" timestamp="2019-06-15T18:36:40.800" intervalms="16.844">
  <response-info timems="0.030" idlems="0.030" threads="0" lastid="0000000001505100" lastname="Thread-5" />
</exclusive-start>
<af-start id="311" threadId="0000000001505A88" totalBytesRequested="104" timestamp="2019-06-15T18:36:40.800" intervalms="16.837" type="nursery" />
<cycle-start id="312" type="scavenge" contextid="0" timestamp="2019-06-15T18:36:40.800" intervalms="16.836" />
<gc-start id="313" type="scavenge" contextid="312" timestamp="2019-06-15T18:36:40.800">
  <mem-info id="314" free="1212944" total="9175040" percent="13">
    <mem type="nursery" free="0" total="3145728" percent="0">
      <mem type="allocate" free="0" total="2097152" percent="0" />
      <mem type="survivor" free="0" total="1048576" percent="0" />
    </mem>
    <mem type="tenure" free="1212944" total="6029312" percent="20">
      <mem type="soa" free="964112" total="5728256" percent="16" />
      <mem type="loa" free="248832" total="301056" percent="82" />
    </mem>
    <remembered-set count="277" />
  </mem-info>
</gc-start>
<allocation-stats totalBytes="1471024" >
  <allocated-bytes non-tlh="65632" tlh="1405392" />
  <largest-consumer threadName="Thread-5" threadId="0000000001505100" bytes="815056" />
</allocation-stats>
<gc-op id="315" type="scavenge" timems="4.547" contextid="312" timestamp="2019-06-15T18:36:40.805">
  <scavenger-info tenureage="1" tenuremask="7ffe" tiltratio="66" />
  <memory-copied type="nursery" objects="1171" bytes="461096" bytesdiscarded="108640" />
  <memory-copied type="tenure" objects="629" bytes="317688" bytesdiscarded="1368" />
</gc-op>
<heap-resize id="316" type="expand" space="nursery" amount="393216" count="1" timems="0.013" reason="excessive time being spent scavenging" timestamp="2019-06-15T18:36:40.805" />
<gc-end id="317" type="scavenge" contextid="312" durationms="4.842" usertimems="0.000" systemtimems="4.000" timestamp="2019-06-15T18:36:40.805" activeThreads="4">
  <mem-info id="318" free="2895400" total="9568256" percent="30">
    <mem type="nursery" free="1986128" total="3538944" percent="56">
      <mem type="allocate" free="1986128" total="2555904" percent="77" />
      <mem type="survivor" free="0" total="983040" percent="0" />
    </mem>
    <mem type="tenure" free="909272" total="6029312" percent="15">
      <mem type="soa" free="660440" total="5728256" percent="11" />
      <mem type="loa" free="248832" total="301056" percent="82" />
    </mem>
    <remembered-set count="154" />
  </mem-info>
</gc-end>
<cycle-end id="319" type="scavenge" contextid="312" timestamp="2019-06-15T18:36:40.805" />
  <attribute name="elasticGC enabled" value="1" />
  <attribute name= "numThreadsSpecified" value="4" />
  <attribute name="heapSize specified" value="8781824" />
  <attribute name="Current GC Util" value="28" />
  <attribute name= "Current Time Running" value="1043" />
  <attribute name ="GC Interval" value="200" />
  <attribute name="ProportionalT" value="12.000000" />
  <attribute name="ProportionalI" value="12.000000" />
  <attribute name="ProportionalH" value="12.000000" />
  <attribute name="Current Error" value="8.000000" />
  <attribute name="IntegralT" value="136.000000" />
  <attribute name="IntegralI" value="136.000000" />
  <attribute name="IntegralH" value="136.000000" />
  <attribute name="DerivativeT" value="0.235294" />
  <attribute name="DerivativeI" value="0.235294" />
  <attribute name="DerivativeH" value="0.235294" />
  <attribute name="Loop Time for DT" value="17.000000" />
  <attribute name="Output H" value="8388608"/>
  <attribute name="Output I" value="200"/>
  <attribute name="Output T" value="4"/>
  <attribute name="Target GC Util Change" value ="20.000000" />
  <attribute name="Current GC Util Change" value="28.000000"/>
  <attribute name="GC Util currently" value="28" />
  <attribute name="CPU Util currently" value="273965082741" />
<allocation-satisfied id="320" threadId="0000000001505100" bytesRequested="104" />
<af-end id="321" timestamp="2019-06-15T18:36:40.805" threadId="0000000001505A88" success="true" from="nursery"/>
<exclusive-end id="322" timestamp="2019-06-15T18:36:40.805" durationms="5.268" />

<exclusive-start id="323" timestamp="2019-06-15T18:36:40.830" intervalms="30.250">
  <response-info timems="0.048" idlems="0.026" threads="1" lastid="00000000014FD900" lastname="Thread-3" />
</exclusive-start>
<af-start id="324" threadId="0000000001505A88" totalBytesRequested="2056" timestamp="2019-06-15T18:36:40.830" intervalms="30.253" type="nursery" />
<cycle-start id="325" type="scavenge" contextid="0" timestamp="2019-06-15T18:36:40.830" intervalms="30.251" />
<gc-start id="326" type="scavenge" contextid="325" timestamp="2019-06-15T18:36:40.830">
  <mem-info id="327" free="909272" total="9568256" percent="9">
    <mem type="nursery" free="0" total="3538944" percent="0">
      <mem type="allocate" free="0" total="2555904" percent="0" />
      <mem type="survivor" free="0" total="983040" percent="0" />
    </mem>
    <mem type="tenure" free="909272" total="6029312" percent="15">
      <mem type="soa" free="660440" total="5728256" percent="11" />
      <mem type="loa" free="248832" total="301056" percent="82" />
    </mem>
    <remembered-set count="314" />
  </mem-info>
</gc-start>
<allocation-stats totalBytes="1950824" >
  <allocated-bytes non-tlh="32880" tlh="1917944" />
  <largest-consumer threadName="Thread-6" threadId="0000000001508D00" bytes="814040" />
</allocation-stats>
<gc-op id="328" type="scavenge" timems="3.619" contextid="325" timestamp="2019-06-15T18:36:40.834">
  <scavenger-info tenureage="1" tenuremask="7ffe" tiltratio="72" />
  <memory-copied type="nursery" objects="1134" bytes="467120" bytesdiscarded="121664" />
  <memory-copied type="tenure" objects="692" bytes="268832" bytesdiscarded="832" />
  <references type="phantom" candidates="2" cleared="0" enqueued="0" />
</gc-op>
<heap-resize id="329" type="expand" space="nursery" amount="262144" count="1" timems="0.014" reason="excessive time being spent scavenging" timestamp="2019-06-15T18:36:40.834" />
<gc-end id="330" type="scavenge" contextid="325" durationms="4.009" usertimems="4.000" systemtimems="0.000" timestamp="2019-06-15T18:36:40.834" activeThreads="4">
  <mem-info id="331" free="2980936" total="9830400" percent="30">
    <mem type="nursery" free="2360280" total="3801088" percent="62">
      <mem type="allocate" free="2360280" total="2949120" percent="80" />
      <mem type="survivor" free="0" total="851968" percent="0" />
    </mem>
    <mem type="tenure" free="620656" total="6029312" percent="10">
      <mem type="soa" free="371824" total="5728256" percent="6" />
      <mem type="loa" free="248832" total="301056" percent="82" />
    </mem>
    <remembered-set count="166" />
  </mem-info>
</gc-end>
<cycle-end id="332" type="scavenge" contextid="325" timestamp="2019-06-15T18:36:40.834" />
  <attribute name="elasticGC enabled" value="1" />
  <attribute name= "numThreadsSpecified" value="4" />
  <attribute name="heapSize specified" value="8781824" />
  <attribute name="Current GC Util" value="23" />
  <attribute name= "Current Time Running" value="1073" />
  <attribute name ="GC Interval" value="200" />
  <attribute name="ProportionalT" value="4.500000" />
  <attribute name="ProportionalI" value="4.500000" />
  <attribute name="ProportionalH" value="4.500000" />
  <attribute name="Current Error" value="3.000000" />
  <attribute name="IntegralT" value="90.000000" />
  <attribute name="IntegralI" value="90.000000" />
  <attribute name="IntegralH" value="90.000000" />
  <attribute name="DerivativeT" value="-0.083333" />
  <attribute name="DerivativeI" value="-0.083333" />
  <attribute name="DerivativeH" value="-0.083333" />
  <attribute name="Loop Time for DT" value="30.000000" />
  <attribute name="Output H" value="8388608"/>
  <attribute name="Output I" value="200"/>
  <attribute name="Output T" value="4"/>
  <attribute name="Target GC Util Change" value ="20.000000" />
  <attribute name="Current GC Util Change" value="23.000000"/>
  <attribute name="GC Util currently" value="23" />
  <attribute name="CPU Util currently" value="152449789565" />
<allocation-satisfied id="333" threadId="0000000001505100" bytesRequested="2056" />
<af-end id="334" timestamp="2019-06-15T18:36:40.834" threadId="0000000001505A88" success="true" from="nursery"/>
<exclusive-end id="335" timestamp="2019-06-15T18:36:40.835" durationms="4.489" />

<concurrent-kickoff id="336" timestamp="2019-06-15T18:36:40.872">
  <kickoff reason="threshold reached" targetBytes="1789499" thresholdFreeBytes="247737"  remainingFree="197592" tenureFreeBytes="620624" nurseryFreeBytes="197592" />
</concurrent-kickoff>
<exclusive-start id="337" timestamp="2019-06-15T18:36:40.872" intervalms="41.660">
  <response-info timems="0.106" idlems="0.061" threads="1" lastid="0000000001501500" lastname="Thread-4" />
</exclusive-start>
<cycle-start id="338" type="global" contextid="0" timestamp="2019-06-15T18:36:40.872" intervalms="427.246" />
<exclusive-end id="339" timestamp="2019-06-15T18:36:40.872" durationms="0.100" />

<exclusive-start id="340" timestamp="2019-06-15T18:36:40.876" intervalms="4.795">
  <response-info timems="0.066" idlems="0.066" threads="0" lastid="0000000001508D00" lastname="Thread-6" />
</exclusive-start>
<af-start id="341" threadId="0000000001509688" totalBytesRequested="16392" timestamp="2019-06-15T18:36:40.877" intervalms="46.452" type="nursery" />
<cycle-start id="342" type="scavenge" contextid="0" timestamp="2019-06-15T18:36:40.877" intervalms="46.450" />
<gc-start id="343" type="scavenge" contextid="342" timestamp="2019-06-15T18:36:40.877">
  <mem-info id="344" free="620624" total="9830400" percent="6">
    <mem type="nursery" free="0" total="3801088" percent="0">
      <mem type="allocate" free="0" total="2949120" percent="0" />
      <mem type="survivor" free="0" total="851968" percent="0" />
    </mem>
    <mem type="tenure" free="620624" total="6029312" percent="10">
      <mem type="soa" free="371792" total="5728256" percent="6" />
      <mem type="loa" free="248832" total="301056" percent="82" />
    </mem>
    <remembered-set count="343" />
  </mem-info>
</gc-start>
<allocation-stats totalBytes="2324536" >
  <allocated-bytes non-tlh="67640" tlh="2256896" />
  <largest-consumer threadName="Thread-6" threadId="0000000001508D00" bytes="921496" />
</allocation-stats>
<gc-op id="345" type="scavenge" timems="0.461" contextid="342" timestamp="2019-06-15T18:36:40.877">
  <scavenger-info tenureage="1" tenuremask="7ffe" tiltratio="77" />
  <memory-copied type="nursery" objects="1248" bytes="617008" bytesdiscarded="234896" />
  <memory-copied type="tenure" objects="985" bytes="315136" bytesdiscarded="528" />
  <copy-failed type="nursery" objects="270" bytes="17224" />
  <references type="phantom" candidates="1" cleared="0" enqueued="0" />
</gc-op>
<gc-end id="346" type="scavenge" contextid="342" durationms="0.661" usertimems="0.000" systemtimems="0.000" timestamp="2019-06-15T18:36:40.877" activeThreads="4">
  <mem-info id="347" free="2280448" total="9830400" percent="23">
    <mem type="nursery" free="2031616" total="3801088" percent="53">
      <mem type="allocate" free="2031616" total="2883584" percent="70" />
      <mem type="survivor" free="0" total="917504" percent="0" />
    </mem>
    <mem type="tenure" free="248832" total="6029312" percent="4">
      <mem type="soa" free="0" total="5728256" percent="0" />
      <mem type="loa" free="248832" total="301056" percent="82" />
    </mem>
    <remembered-set count="185" />
  </mem-info>
</gc-end>
<cycle-end id="348" type="scavenge" contextid="342" timestamp="2019-06-15T18:36:40.877" />
  <attribute name="elasticGC enabled" value="1" />
  <attribute name= "numThreadsSpecified" value="4" />
  <attribute name="heapSize specified" value="8781824" />
  <attribute name="Current GC Util" value="12" />
  <attribute name= "Current Time Running" value="1119" />
  <attribute name ="GC Interval" value="200" />
  <attribute name="ProportionalT" value="-12.000000" />
  <attribute name="ProportionalI" value="-12.000000" />
  <attribute name="ProportionalH" value="-12.000000" />
  <attribute name="Current Error" value="-8.000000" />
  <attribute name="IntegralT" value="-368.000000" />
  <attribute name="IntegralI" value="-368.000000" />
  <attribute name="IntegralH" value="-368.000000" />
  <attribute name="DerivativeT" value="-0.119565" />
  <attribute name="DerivativeI" value="-0.119565" />
  <attribute name="DerivativeH" value="-0.119565" />
  <attribute name="Loop Time for DT" value="46.000000" />
  <attribute name="Output H" value="2092630016"/>
  <attribute name="Output I" value="200"/>
  <attribute name="Output T" value="4"/>
  <attribute name="Target GC Util Change" value ="20.000000" />
  <attribute name="Current GC Util Change" value="12.000000"/>
  <attribute name="GC Util currently" value="12" />
  <attribute name="CPU Util currently" value="37" />
<allocation-satisfied id="349" threadId="0000000001508D00" bytesRequested="16392" />
<af-end id="350" timestamp="2019-06-15T18:36:40.878" threadId="0000000001509688" success="true" from="nursery"/>
<exclusive-end id="351" timestamp="2019-06-15T18:36:40.878" durationms="1.179" />

<exclusive-start id="352" timestamp="2019-06-15T18:36:40.879" intervalms="2.029">
  <response-info timems="0.028" idlems="0.028" threads="0" lastid="0000000001508D00" lastname="Thread-6" />
</exclusive-start>
<concurrent-collection-start id="353" timestamp="2019-06-15T18:36:40.879" intervalms="1240.436" >
  <concurrent-trace-info reason="card cleaning threshold reached" tracedByMutators="416804" tracedByHelpers="815352" cardsCleaned="100" workStackOverflowCount="0" />
</concurrent-collection-start>
<gc-start id="354" type="global" contextid="338" timestamp="2019-06-15T18:36:40.879">
  <mem-info id="355" free="1965040" total="9830400" percent="19">
    <mem type="nursery" free="1716208" total="3801088" percent="45">
      <mem type="allocate" free="1716208" total="2883584" percent="59" />
      <mem type="survivor" free="0" total="917504" percent="0" />
    </mem>
    <mem type="tenure" free="248832" total="6029312" percent="4">
      <mem type="soa" free="0" total="5728256" percent="0" />
      <mem type="loa" free="248832" total="301056" percent="82" />
    </mem>
    <remembered-set count="187" />
  </mem-info>
</gc-start>
<allocation-stats totalBytes="313696" >
  <allocated-bytes non-tlh="49168" tlh="264528" />
  <largest-consumer threadName="Thread-6" threadId="0000000001508D00" bytes="178528" />
</allocation-stats>
<gc-op id="356" type="rs-scan" timems="0.289" contextid="338" timestamp="2019-06-15T18:36:40.879">
  <scan objectsFound="62" bytesTraced="5864" workStackOverflowCount="0" />
</gc-op>
<gc-op id="357" type="card-cleaning" timems="0.226" contextid="338" timestamp="2019-06-15T18:36:40.879">
  <card-cleaning cardsCleaned="14" bytesTraced="109732" workStackOverflowCount="0" />
</gc-op>
<gc-op id="358" type="mark" timems="1.084" contextid="338" timestamp="2019-06-15T18:36:40.881">
  <trace-info objectcount="1581" scancount="1383" scanbytes="306996" />
  <finalization candidates="25" enqueued="0" />
  <references type="soft" candidates="164" cleared="0" enqueued="0" dynamicThreshold="23" maxThreshold="32" />
  <references type="weak" candidates="243" cleared="4" enqueued="2" />
  <references type="phantom" candidates="74" cleared="2" enqueued="2" />
  <stringconstants candidates="3963" cleared="0"  />
</gc-op>
<gc-op id="359" type="classunload" timems="0.210" contextid="338" timestamp="2019-06-15T18:36:40.881">
  <classunload-info classloadercandidates="20" classloadersunloaded="0" classesunloaded="4" anonymousclassesunloaded="4" quiescems="0.000" setupms="0.205" scanms="0.004" postms="0.001" />
</gc-op>
<gc-op id="360" type="sweep" timems="0.236" contextid="338" timestamp="2019-06-15T18:36:40.881" />
<mem-info id="361" free="5555688" total="9830400" percent="56">
  <mem type="nursery" free="2217888" total="3801088" percent="58">
    <mem type="allocate" free="2217888" total="2883584" percent="76" />
    <mem type="survivor" free="0" total="917504" percent="0" />
  </mem>
  <mem type="tenure" free="3337800" total="6029312" percent="55" micro-fragmented="36130" macro-fragmented="0">
    <mem type="soa" free="3036744" total="5728256" percent="53" />
    <mem type="loa" free="301056" total="301056" percent="100" />
  </mem>
  <pending-finalizers system="0" default="0" reference="4" classloader="0" />
  <remembered-set count="148" />
</mem-info>
<gc-op id="362" type="compact" timems="7.510" contextid="338" timestamp="2019-06-15T18:36:40.889">
  <compact-info movecount="33205" movebytes="3070056" reason="compact to aid heap contraction" />
</gc-op>
<heap-resize id="363" type="contract" space="tenure" amount="262144" count="1" timems="0.076" reason="heap reconfiguration" timestamp="2019-06-15T18:36:40.890" />
<gc-end id="364" type="global" contextid="338" durationms="11.075" usertimems="8.000" systemtimems="4.000" timestamp="2019-06-15T18:36:40.890" activeThreads="4">
  <mem-info id="365" free="5292488" total="9568256" percent="55">
    <mem type="nursery" free="2222264" total="3801088" percent="58">
      <mem type="allocate" free="2222264" total="2883584" percent="77" />
      <mem type="survivor" free="0" total="917504" percent="0" />
    </mem>
    <mem type="tenure" free="3070224" total="5767168" percent="53">
      <mem type="soa" free="2821392" total="5479424" percent="51" />
      <mem type="loa" free="248832" total="287744" percent="86" />
    </mem>
    <pending-finalizers system="0" default="0" reference="4" classloader="0" />
    <remembered-set count="148" />
  </mem-info>
</gc-end>
<cycle-end id="366" type="global" contextid="338" timestamp="2019-06-15T18:36:40.890" />
  <attribute name="elasticGC enabled" value="1" />
  <attribute name= "numThreadsSpecified" value="4" />
  <attribute name="heapSize specified" value="9830400" />
  <attribute name="Current GC Util" value="24" />
  <attribute name= "Current Time Running" value="1132" />
  <attribute name ="GC Interval" value="200" />
  <attribute name="ProportionalT" value="6.000000" />
  <attribute name="ProportionalI" value="6.000000" />
  <attribute name="ProportionalH" value="6.000000" />
  <attribute name="Current Error" value="4.000000" />
  <attribute name="IntegralT" value="32.000000" />
  <attribute name="IntegralI" value="32.000000" />
  <attribute name="IntegralH" value="32.000000" />
  <attribute name="DerivativeT" value="0.250000" />
  <attribute name="DerivativeI" value="0.250000" />
  <attribute name="DerivativeH" value="0.250000" />
  <attribute name="Loop Time for DT" value="8.000000" />
  <attribute name="Output H" value="8388608"/>
  <attribute name="Output I" value="200"/>
  <attribute name="Output T" value="4"/>
  <attribute name="Target GC Util Change" value ="20.000000" />
  <attribute name="Current GC Util Change" value="24.000000"/>
  <attribute name="GC Util currently" value="24" />
  <attribute name="CPU Util currently" value="601195983852" />
<concurrent-collection-end id="367" timestamp="2019-06-15T18:36:40.890" />
<exclusive-end id="368" timestamp="2019-06-15T18:36:40.890" durationms="11.482" />

<exclusive-start id="369" timestamp="2019-06-15T18:36:40.920" intervalms="41.283">
  <response-info timems="0.035" idlems="0.035" threads="0" lastid="0000000001508D00" lastname="Thread-6" />
</exclusive-start>
<af-start id="370" threadId="0000000001509688" totalBytesRequested="16392" timestamp="2019-06-15T18:36:40.920" intervalms="43.321" type="nursery" />
<cycle-start id="371" type="scavenge" contextid="0" timestamp="2019-06-15T18:36:40.920" intervalms="43.323" />
<gc-start id="372" type="scavenge" contextid="371" timestamp="2019-06-15T18:36:40.920">
  <mem-info id="373" free="3070224" total="9568256" percent="32">
    <mem type="nursery" free="0" total="3801088" percent="0">
      <mem type="allocate" free="0" total="2883584" percent="0" />
      <mem type="survivor" free="0" total="917504" percent="0" />
    </mem>
    <mem type="tenure" free="3070224" total="5767168" percent="53">
      <mem type="soa" free="2821392" total="5479424" percent="51" />
      <mem type="loa" free="248832" total="287744" percent="86" />
    </mem>
    <remembered-set count="349" />
  </mem-info>
</gc-start>
<allocation-stats totalBytes="2161744" >
  <allocated-bytes non-tlh="131104" tlh="2030640" />
  <largest-consumer threadName="Thread-6" threadId="0000000001508D00" bytes="836504" />
</allocation-stats>
<gc-op id="374" type="scavenge" timems="0.550" contextid="371" timestamp="2019-06-15T18:36:40.921">
  <scavenger-info tenureage="1" tenuremask="7ffe" tiltratio="75" />
  <memory-copied type="nursery" objects="1613" bytes="616112" bytesdiscarded="226672" />
  <memory-copied type="tenure" objects="746" bytes="299800" bytesdiscarded="352" />
</gc-op>
<gc-end id="375" type="scavenge" contextid="371" durationms="0.743" usertimems="4.000" systemtimems="0.000" timestamp="2019-06-15T18:36:40.921" activeThreads="4">
  <mem-info id="376" free="4727568" total="9568256" percent="49">
    <mem type="nursery" free="2106280" total="3801088" percent="55">
      <mem type="allocate" free="2106280" total="2949120" percent="71" />
      <mem type="survivor" free="0" total="851968" percent="0" />
    </mem>
    <mem type="tenure" free="2621288" total="5767168" percent="45">
      <mem type="soa" free="2372456" total="5479424" percent="43" />
      <mem type="loa" free="248832" total="287744" percent="86" />
    </mem>
    <remembered-set count="166" />
  </mem-info>
</gc-end>
<cycle-end id="377" type="scavenge" contextid="371" timestamp="2019-06-15T18:36:40.921" />
  <attribute name="elasticGC enabled" value="1" />
  <attribute name= "numThreadsSpecified" value="4" />
  <attribute name="heapSize specified" value="9830400" />
  <attribute name="Current GC Util" value="30" />
  <attribute name= "Current Time Running" value="1163" />
  <attribute name ="GC Interval" value="328" />
  <attribute name="ProportionalT" value="15.000000" />
  <attribute name="ProportionalI" value="15.000000" />
  <attribute name="ProportionalH" value="15.000000" />
  <attribute name="Current Error" value="10.000000" />
  <attribute name="IntegralT" value="310.000000" />
  <attribute name="IntegralI" value="310.000000" />
  <attribute name="IntegralH" value="310.000000" />
  <attribute name="DerivativeT" value="0.096774" />
  <attribute name="DerivativeI" value="0.096774" />
  <attribute name="DerivativeH" value="0.096774" />
  <attribute name="Loop Time for DT" value="31.000000" />
  <attribute name="Output H" value="8388608"/>
  <attribute name="Output I" value="328"/>
  <attribute name="Output T" value="4"/>
  <attribute name="Target GC Util Change" value ="20.000000" />
  <attribute name="Current GC Util Change" value="30.000000"/>
  <attribute name="GC Util currently" value="30" />
  <attribute name="CPU Util currently" value="149170752682" />
<allocation-satisfied id="378" threadId="0000000001508D00" bytesRequested="16392" />
<af-end id="379" timestamp="2019-06-15T18:36:40.921" threadId="0000000001509688" success="true" from="nursery"/>
<exclusive-end id="380" timestamp="2019-06-15T18:36:40.921" durationms="1.180" />

<exclusive-start id="381" timestamp="2019-06-15T18:36:40.938" intervalms="17.915">
  <response-info timems="0.030" idlems="0.030" threads="0" lastid="0000000001508D00" lastname="Thread-6" />
</exclusive-start>
<af-start id="382" threadId="0000000001509688" totalBytesRequested="16392" timestamp="2019-06-15T18:36:40.938" intervalms="17.911" type="nursery" />
<cycle-start id="383" type="scavenge" contextid="0" timestamp="2019-06-15T18:36:40.938" intervalms="17.913" />
<gc-start id="384" type="scavenge" contextid="383" timestamp="2019-06-15T18:36:40.938">
  <mem-info id="385" free="2621288" total="9568256" percent="27">
    <mem type="nursery" free="0" total="3801088" percent="0">
      <mem type="allocate" free="0" total="2949120" percent="0" />
      <mem type="survivor" free="0" total="851968" percent="0" />
    </mem>
    <mem type="tenure" free="2621288" total="5767168" percent="45">
      <mem type="soa" free="2372456" total="5479424" percent="43" />
      <mem type="loa" free="248832" total="287744" percent="86" />
    </mem>
    <remembered-set count="300" />
  </mem-info>
</gc-start>
<allocation-stats totalBytes="2072064" >
  <allocated-bytes non-tlh="81944" tlh="1990120" />
  <largest-consumer threadName="Thread-6" threadId="0000000001508D00" bytes="1152944" />
</allocation-stats>
<gc-op id="386" type="scavenge" timems="0.365" contextid="383" timestamp="2019-06-15T18:36:40.938">
  <scavenger-info tenureage="1" tenuremask="7ffe" tiltratio="77" />
  <memory-copied type="nursery" objects="789" bytes="318408" bytesdiscarded="278920" />
  <memory-copied type="tenure" objects="871" bytes="337008" bytesdiscarded="504" />
  <references type="weak" candidates="1" cleared="0" enqueued="0" />
  <references type="phantom" candidates="1" cleared="0" enqueued="0" />
</gc-op>
<gc-end id="387" type="scavenge" contextid="383" durationms="0.553" usertimems="0.000" systemtimems="0.000" timestamp="2019-06-15T18:36:40.938" activeThreads="4">
  <mem-info id="388" free="4579272" total="9568256" percent="47">
    <mem type="nursery" free="2351768" total="3801088" percent="61">
      <mem type="allocate" free="2351768" total="2949120" percent="79" />
      <mem type="survivor" free="0" total="851968" percent="0" />
    </mem>
    <mem type="tenure" free="2227504" total="5767168" percent="38">
      <mem type="soa" free="1978672" total="5479424" percent="36" />
      <mem type="loa" free="248832" total="287744" percent="86" />
    </mem>
    <remembered-set count="133" />
  </mem-info>
</gc-end>
<cycle-end id="389" type="scavenge" contextid="383" timestamp="2019-06-15T18:36:40.939" />
  <attribute name="elasticGC enabled" value="1" />
  <attribute name= "numThreadsSpecified" value="4" />
  <attribute name="heapSize specified" value="9830400" />
  <attribute name="Current GC Util" value="6" />
  <attribute name= "Current Time Running" value="1181" />
  <attribute name ="GC Interval" value="200" />
  <attribute name="ProportionalT" value="-21.000000" />
  <attribute name="ProportionalI" value="-21.000000" />
  <attribute name="ProportionalH" value="-21.000000" />
  <attribute name="Current Error" value="-14.000000" />
  <attribute name="IntegralT" value="-252.000000" />
  <attribute name="IntegralI" value="-252.000000" />
  <attribute name="IntegralH" value="-252.000000" />
  <attribute name="DerivativeT" value="-0.666667" />
  <attribute name="DerivativeI" value="-0.666667" />
  <attribute name="DerivativeH" value="-0.666667" />
  <attribute name="Loop Time for DT" value="18.000000" />
  <attribute name="Output H" value="2092630016"/>
  <attribute name="Output I" value="200"/>
  <attribute name="Output T" value="4"/>
  <attribute name="Target GC Util Change" value ="20.000000" />
  <attribute name="Current GC Util Change" value="6.000000"/>
  <attribute name="GC Util currently" value="6" />
  <attribute name="CPU Util currently" value="257483498986" />
<allocation-satisfied id="390" threadId="0000000001508D00" bytesRequested="16392" />
<af-end id="391" timestamp="2019-06-15T18:36:40.939" threadId="0000000001509688" success="true" from="nursery"/>
<exclusive-end id="392" timestamp="2019-06-15T18:36:40.939" durationms="0.995" />

<exclusive-start id="393" timestamp="2019-06-15T18:36:40.959" intervalms="21.288">
  <response-info timems="0.032" idlems="0.032" threads="0" lastid="0000000001505100" lastname="Thread-5" />
</exclusive-start>
<af-start id="394" threadId="0000000001505A88" totalBytesRequested="2056" timestamp="2019-06-15T18:36:40.959" intervalms="21.285" type="nursery" />
<cycle-start id="395" type="scavenge" contextid="0" timestamp="2019-06-15T18:36:40.959" intervalms="21.287" />
<gc-start id="396" type="scavenge" contextid="395" timestamp="2019-06-15T18:36:40.959">
  <mem-info id="397" free="2227504" total="9568256" percent="23">
    <mem type="nursery" free="0" total="3801088" percent="0">
      <mem type="allocate" free="0" total="2949120" percent="0" />
      <mem type="survivor" free="0" total="851968" percent="0" />
    </mem>
    <mem type="tenure" free="2227504" total="5767168" percent="38">
      <mem type="soa" free="1978672" total="5479424" percent="36" />
      <mem type="loa" free="248832" total="287744" percent="86" />
    </mem>
    <remembered-set count="278" />
  </mem-info>
</gc-start>
<allocation-stats totalBytes="2280576" >
  <allocated-bytes non-tlh="49168" tlh="2231408" />
  <largest-consumer threadName="Thread-5" threadId="0000000001505100" bytes="1158504" />
</allocation-stats>
<gc-op id="398" type="scavenge" timems="1.440" contextid="395" timestamp="2019-06-15T18:36:40.961">
  <scavenger-info tenureage="1" tenuremask="7ffe" tiltratio="77" />
  <memory-copied type="nursery" objects="1051" bytes="444384" bytesdiscarded="179472" />
  <memory-copied type="tenure" objects="692" bytes="288896" bytesdiscarded="248" />
  <references type="phantom" candidates="2" cleared="0" enqueued="0" />
</gc-op>
<gc-end id="399" type="scavenge" contextid="395" durationms="1.788" usertimems="4.000" systemtimems="0.000" timestamp="2019-06-15T18:36:40.961" activeThreads="4">
  <mem-info id="400" free="4150256" total="9568256" percent="43">
    <mem type="nursery" free="2390744" total="3801088" percent="62">
      <mem type="allocate" free="2390744" total="3014656" percent="79" />
      <mem type="survivor" free="0" total="786432" percent="0" />
    </mem>
    <mem type="tenure" free="1759512" total="5767168" percent="30">
      <mem type="soa" free="1510680" total="5479424" percent="27" />
      <mem type="loa" free="248832" total="287744" percent="86" />
    </mem>
    <remembered-set count="154" />
  </mem-info>
</gc-end>
<cycle-end id="401" type="scavenge" contextid="395" timestamp="2019-06-15T18:36:40.961" />
  <attribute name="elasticGC enabled" value="1" />
  <attribute name= "numThreadsSpecified" value="4" />
  <attribute name="heapSize specified" value="9830400" />
  <attribute name="Current GC Util" value="4" />
  <attribute name= "Current Time Running" value="1202" />
  <attribute name ="GC Interval" value="200" />
  <attribute name="ProportionalT" value="-24.000000" />
  <attribute name="ProportionalI" value="-24.000000" />
  <attribute name="ProportionalH" value="-24.000000" />
  <attribute name="Current Error" value="-16.000000" />
  <attribute name="IntegralT" value="-336.000000" />
  <attribute name="IntegralI" value="-336.000000" />
  <attribute name="IntegralH" value="-336.000000" />
  <attribute name="DerivativeT" value="-0.380952" />
  <attribute name="DerivativeI" value="-0.380952" />
  <attribute name="DerivativeH" value="-0.380952" />
  <attribute name="Loop Time for DT" value="21.000000" />
  <attribute name="Output H" value="2092630016"/>
  <attribute name="Output I" value="200"/>
  <attribute name="Output T" value="4"/>
  <attribute name="Target GC Util Change" value ="20.000000" />
  <attribute name="Current GC Util Change" value="4.000000"/>
  <attribute name="GC Util currently" value="4" />
  <attribute name="CPU Util currently" value="216579114936" />
<allocation-satisfied id="402" threadId="0000000001505100" bytesRequested="2056" />
<af-end id="403" timestamp="2019-06-15T18:36:40.961" threadId="0000000001505A88" success="true" from="nursery"/>
<exclusive-end id="404" timestamp="2019-06-15T18:36:40.961" durationms="2.192" />

<exclusive-start id="405" timestamp="2019-06-15T18:36:40.989" intervalms="29.529">
  <response-info timems="0.034" idlems="0.034" threads="0" lastid="00000000014FD900" lastname="Thread-3" />
</exclusive-start>
<af-start id="406" threadId="00000000014FE288" totalBytesRequested="16392" timestamp="2019-06-15T18:36:40.989" intervalms="29.542" type="nursery" />
<cycle-start id="407" type="scavenge" contextid="0" timestamp="2019-06-15T18:36:40.989" intervalms="29.539" />
<gc-start id="408" type="scavenge" contextid="407" timestamp="2019-06-15T18:36:40.989">
  <mem-info id="409" free="1759512" total="9568256" percent="18">
    <mem type="nursery" free="0" total="3801088" percent="0">
      <mem type="allocate" free="0" total="3014656" percent="0" />
      <mem type="survivor" free="0" total="786432" percent="0" />
    </mem>
    <mem type="tenure" free="1759512" total="5767168" percent="30">
      <mem type="soa" free="1510680" total="5479424" percent="27" />
      <mem type="loa" free="248832" total="287744" percent="86" />
    </mem>
    <remembered-set count="335" />
  </mem-info>
</gc-start>
<allocation-stats totalBytes="2344216" >
  <allocated-bytes non-tlh="84000" tlh="2260216" />
  <largest-consumer threadName="Thread-6" threadId="0000000001508D00" bytes="785480" />
</allocation-stats>
<gc-op id="410" type="scavenge" timems="0.375" contextid="407" timestamp="2019-06-15T18:36:40.989">
  <scavenger-info tenureage="1" tenuremask="7ffe" tiltratio="79" />
  <memory-copied type="nursery" objects="1000" bytes="598992" bytesdiscarded="187368" />
  <memory-copied type="tenure" objects="603" bytes="270352" bytesdiscarded="16" />
  <copy-failed type="nursery" objects="1" bytes="16392" />
  <references type="phantom" candidates="1" cleared="0" enqueued="0" />
</gc-op>
<gc-end id="411" type="scavenge" contextid="407" durationms="0.567" usertimems="4.000" systemtimems="0.000" timestamp="2019-06-15T18:36:40.989" activeThreads="4">
  <mem-info id="412" free="3702536" total="9568256" percent="38">
    <mem type="nursery" free="2162688" total="3801088" percent="56">
      <mem type="allocate" free="2162688" total="2949120" percent="73" />
      <mem type="survivor" free="0" total="851968" percent="0" />
    </mem>
    <mem type="tenure" free="1539848" total="5767168" percent="26">
      <mem type="soa" free="1291016" total="5479424" percent="23" />
      <mem type="loa" free="248832" total="287744" percent="86" />
    </mem>
    <remembered-set count="178" />
  </mem-info>
</gc-end>
<cycle-end id="413" type="scavenge" contextid="407" timestamp="2019-06-15T18:36:40.989" />
  <attribute name="elasticGC enabled" value="1" />
  <attribute name= "numThreadsSpecified" value="4" />
  <attribute name="heapSize specified" value="9830400" />
  <attribute name="Current GC Util" value="8" />
  <attribute name= "Current Time Running" value="1231" />
  <attribute name ="GC Interval" value="200" />
  <attribute name="ProportionalT" value="-18.000000" />
  <attribute name="ProportionalI" value="-18.000000" />
  <attribute name="ProportionalH" value="-18.000000" />
  <attribute name="Current Error" value="-12.000000" />
  <attribute name="IntegralT" value="-348.000000" />
  <attribute name="IntegralI" value="-348.000000" />
  <attribute name="IntegralH" value="-348.000000" />
  <attribute name="DerivativeT" value="-0.206897" />
  <attribute name="DerivativeI" value="-0.206897" />
  <attribute name="DerivativeH" value="-0.206897" />
  <attribute name="Loop Time for DT" value="29.000000" />
  <attribute name="Output H" value="2092630016"/>
  <attribute name="Output I" value="200"/>
  <attribute name="Output T" value="4"/>
  <attribute name="Target GC Util Change" value ="20.000000" />
  <attribute name="Current GC Util Change" value="8.000000"/>
  <attribute name="GC Util currently" value="8" />
  <attribute name="CPU Util currently" value="156122157773" />
<allocation-satisfied id="414" threadId="00000000014FD900" bytesRequested="16392" />
<af-end id="415" timestamp="2019-06-15T18:36:40.990" threadId="00000000014FE288" success="true" from="nursery"/>
<exclusive-end id="416" timestamp="2019-06-15T18:36:40.990" durationms="1.014" />

<exclusive-start id="417" timestamp="2019-06-15T18:36:41.024" intervalms="35.269">
  <response-info timems="0.047" idlems="0.047" threads="0" lastid="0000000001501500" lastname="Thread-4" />
</exclusive-start>
<af-start id="418" threadId="0000000001501E88" totalBytesRequested="16392" timestamp="2019-06-15T18:36:41.024" intervalms="35.263" type="nursery" />
<cycle-start id="419" type="scavenge" contextid="0" timestamp="2019-06-15T18:36:41.024" intervalms="35.262" />
<gc-start id="420" type="scavenge" contextid="419" timestamp="2019-06-15T18:36:41.024">
  <mem-info id="421" free="1539848" total="9568256" percent="16">
    <mem type="nursery" free="0" total="3801088" percent="0">
      <mem type="allocate" free="0" total="2949120" percent="0" />
      <mem type="survivor" free="0" total="851968" percent="0" />
    </mem>
    <mem type="tenure" free="1539848" total="5767168" percent="26">
      <mem type="soa" free="1291016" total="5479424" percent="23" />
      <mem type="loa" free="248832" total="287744" percent="86" />
    </mem>
    <remembered-set count="340" />
  </mem-info>
</gc-start>
<allocation-stats totalBytes="2112864" >
  <allocated-bytes non-tlh="49168" tlh="2063696" />
  <largest-consumer threadName="Thread-4" threadId="0000000001501500" bytes="833064" />
</allocation-stats>
<gc-op id="422" type="scavenge" timems="0.773" contextid="419" timestamp="2019-06-15T18:36:41.025">
  <scavenger-info tenureage="1" tenuremask="7ffe" tiltratio="77" />
  <memory-copied type="nursery" objects="1215" bytes="372872" bytesdiscarded="138368" />
  <memory-copied type="tenure" objects="353" bytes="284768" bytesdiscarded="328" />
  <references type="phantom" candidates="1" cleared="0" enqueued="0" />
</gc-op>
<gc-end id="423" type="scavenge" contextid="419" durationms="0.961" usertimems="0.000" systemtimems="0.000" timestamp="2019-06-15T18:36:41.025" activeThreads="4">
  <mem-info id="424" free="3770320" total="9568256" percent="39">
    <mem type="nursery" free="2437856" total="3801088" percent="64">
      <mem type="allocate" free="2437856" total="2949120" percent="82" />
      <mem type="survivor" free="0" total="851968" percent="0" />
    </mem>
    <mem type="tenure" free="1332464" total="5767168" percent="23">
      <mem type="soa" free="1083632" total="5479424" percent="19" />
      <mem type="loa" free="248832" total="287744" percent="86" />
    </mem>
    <remembered-set count="130" />
  </mem-info>
</gc-end>
<cycle-end id="425" type="scavenge" contextid="419" timestamp="2019-06-15T18:36:41.025" />
  <attribute name="elasticGC enabled" value="1" />
  <attribute name= "numThreadsSpecified" value="4" />
  <attribute name="heapSize specified" value="9830400" />
  <attribute name="Current GC Util" value="2" />
  <attribute name= "Current Time Running" value="1267" />
  <attribute name ="GC Interval" value="200" />
  <attribute name="ProportionalT" value="-27.000000" />
  <attribute name="ProportionalI" value="-27.000000" />
  <attribute name="ProportionalH" value="-27.000000" />
  <attribute name="Current Error" value="-18.000000" />
  <attribute name="IntegralT" value="-648.000000" />
  <attribute name="IntegralI" value="-648.000000" />
  <attribute name="IntegralH" value="-648.000000" />
  <attribute name="DerivativeT" value="-0.250000" />
  <attribute name="DerivativeI" value="-0.250000" />
  <attribute name="DerivativeH" value="-0.250000" />
  <attribute name="Loop Time for DT" value="36.000000" />
  <attribute name="Output H" value="2092630016"/>
  <attribute name="Output I" value="200"/>
  <attribute name="Output T" value="4"/>
  <attribute name="Target GC Util Change" value ="20.000000" />
  <attribute name="Current GC Util Change" value="2.000000"/>
  <attribute name="GC Util currently" value="2" />
  <attribute name="CPU Util currently" value="7" />
<allocation-satisfied id="426" threadId="0000000001501500" bytesRequested="16392" />
<af-end id="427" timestamp="2019-06-15T18:36:41.025" threadId="0000000001501E88" success="true" from="nursery"/>
<exclusive-end id="428" timestamp="2019-06-15T18:36:41.025" durationms="1.398" />

<exclusive-start id="429" timestamp="2019-06-15T18:36:41.052" intervalms="28.290">
  <response-info timems="0.035" idlems="0.035" threads="0" lastid="0000000001508D00" lastname="Thread-6" />
</exclusive-start>
<af-start id="430" threadId="0000000001509688" totalBytesRequested="40" timestamp="2019-06-15T18:36:41.052" intervalms="28.285" type="nursery" />
<cycle-start id="431" type="scavenge" contextid="0" timestamp="2019-06-15T18:36:41.052" intervalms="28.288" />
<gc-start id="432" type="scavenge" contextid="431" timestamp="2019-06-15T18:36:41.052">
  <mem-info id="433" free="1332464" total="9568256" percent="13">
    <mem type="nursery" free="0" total="3801088" percent="0">
      <mem type="allocate" free="0" total="2949120" percent="0" />
      <mem type="survivor" free="0" total="851968" percent="0" />
    </mem>
    <mem type="tenure" free="1332464" total="5767168" percent="23">
      <mem type="soa" free="1083632" total="5479424" percent="19" />
      <mem type="loa" free="248832" total="287744" percent="86" />
    </mem>
    <remembered-set count="307" />
  </mem-info>
</gc-start>
<allocation-stats totalBytes="2356400" >
  <allocated-bytes non-tlh="81944" tlh="2274456" />
  <largest-consumer threadName="Thread-4" threadId="0000000001501500" bytes="912016" />
</allocation-stats>
<gc-op id="434" type="scavenge" timems="0.411" contextid="431" timestamp="2019-06-15T18:36:41.053">
  <scavenger-info tenureage="1" tenuremask="7ffe" tiltratio="77" />
  <memory-copied type="nursery" objects="1571" bytes="645920" bytesdiscarded="188192" />
  <memory-copied type="tenure" objects="701" bytes="167992" bytesdiscarded="312" />
  <references type="phantom" candidates="1" cleared="0" enqueued="0" />
</gc-op>
<gc-end id="435" type="scavenge" contextid="431" durationms="0.593" usertimems="4.000" systemtimems="0.000" timestamp="2019-06-15T18:36:41.053" activeThreads="4">
  <mem-info id="436" free="3008472" total="9568256" percent="31">
    <mem type="nursery" free="1983872" total="3801088" percent="52">
      <mem type="allocate" free="1983872" total="2818048" percent="70" />
      <mem type="survivor" free="0" total="983040" percent="0" />
    </mem>
    <mem type="tenure" free="1024600" total="5767168" percent="17">
      <mem type="soa" free="775768" total="5479424" percent="14" />
      <mem type="loa" free="248832" total="287744" percent="86" />
    </mem>
    <remembered-set count="139" />
  </mem-info>
</gc-end>
<cycle-end id="437" type="scavenge" contextid="431" timestamp="2019-06-15T18:36:41.053" />
  <attribute name="elasticGC enabled" value="1" />
  <attribute name= "numThreadsSpecified" value="4" />
  <attribute name="heapSize specified" value="9830400" />
  <attribute name="Current GC Util" value="5" />
  <attribute name= "Current Time Running" value="1295" />
  <attribute name ="GC Interval" value="200" />
  <attribute name="ProportionalT" value="-22.500000" />
  <attribute name="ProportionalI" value="-22.500000" />
  <attribute name="ProportionalH" value="-22.500000" />
  <attribute name="Current Error" value="-15.000000" />
  <attribute name="IntegralT" value="-420.000000" />
  <attribute name="IntegralI" value="-420.000000" />
  <attribute name="IntegralH" value="-420.000000" />
  <attribute name="DerivativeT" value="-0.267857" />
  <attribute name="DerivativeI" value="-0.267857" />
  <attribute name="DerivativeH" value="-0.267857" />
  <attribute name="Loop Time for DT" value="28.000000" />
  <attribute name="Output H" value="2092630016"/>
  <attribute name="Output I" value="200"/>
  <attribute name="Output T" value="4"/>
  <attribute name="Target GC Util Change" value ="20.000000" />
  <attribute name="Current GC Util Change" value="5.000000"/>
  <attribute name="GC Util currently" value="5" />
  <attribute name="CPU Util currently" value="163066178804" />
<allocation-satisfied id="438" threadId="0000000001508D00" bytesRequested="40" />
<af-end id="439" timestamp="2019-06-15T18:36:41.053" threadId="0000000001509688" success="true" from="nursery"/>
<exclusive-end id="440" timestamp="2019-06-15T18:36:41.053" durationms="1.042" />

<exclusive-start id="441" timestamp="2019-06-15T18:36:41.072" intervalms="19.900">
  <response-info timems="0.026" idlems="0.026" threads="0" lastid="00000000014FD900" lastname="Thread-3" />
</exclusive-start>
<af-start id="442" threadId="00000000014FE288" totalBytesRequested="8200" timestamp="2019-06-15T18:36:41.072" intervalms="19.903" type="nursery" />
<cycle-start id="443" type="scavenge" contextid="0" timestamp="2019-06-15T18:36:41.072" intervalms="19.900" />
<gc-start id="444" type="scavenge" contextid="443" timestamp="2019-06-15T18:36:41.072">
  <mem-info id="445" free="1024600" total="9568256" percent="10">
    <mem type="nursery" free="0" total="3801088" percent="0">
      <mem type="allocate" free="0" total="2818048" percent="0" />
      <mem type="survivor" free="0" total="983040" percent="0" />
    </mem>
    <mem type="tenure" free="1024600" total="5767168" percent="17">
      <mem type="soa" free="775768" total="5479424" percent="14" />
      <mem type="loa" free="248832" total="287744" percent="86" />
    </mem>
    <remembered-set count="273" />
  </mem-info>
</gc-start>
<allocation-stats totalBytes="1973736" >
  <allocated-bytes non-tlh="32816" tlh="1940920" />
  <largest-consumer threadName="Thread-3" threadId="00000000014FD900" bytes="1085592" />
</allocation-stats>
<gc-op id="446" type="scavenge" timems="0.403" contextid="443" timestamp="2019-06-15T18:36:41.073">
  <scavenger-info tenureage="1" tenuremask="7ffe" tiltratio="74" />
  <memory-copied type="nursery" objects="1214" bytes="480232" bytesdiscarded="258664" />
  <memory-copied type="tenure" objects="473" bytes="227168" bytesdiscarded="760" />
  <references type="phantom" candidates="1" cleared="0" enqueued="0" />
</gc-op>
<gc-end id="447" type="scavenge" contextid="443" durationms="0.597" usertimems="0.000" systemtimems="0.000" timestamp="2019-06-15T18:36:41.073" activeThreads="4">
  <mem-info id="448" free="2912656" total="9568256" percent="30">
    <mem type="nursery" free="2144648" total="3801088" percent="56">
      <mem type="allocate" free="2144648" total="2883584" percent="74" />
      <mem type="survivor" free="0" total="917504" percent="0" />
    </mem>
    <mem type="tenure" free="768008" total="5767168" percent="13">
      <mem type="soa" free="519176" total="5479424" percent="9" />
      <mem type="loa" free="248832" total="287744" percent="86" />
    </mem>
    <remembered-set count="148" />
  </mem-info>
</gc-end>
<cycle-end id="449" type="scavenge" contextid="443" timestamp="2019-06-15T18:36:41.073" />
  <attribute name="elasticGC enabled" value="1" />
  <attribute name= "numThreadsSpecified" value="4" />
  <attribute name="heapSize specified" value="9830400" />
  <attribute name="Current GC Util" value="5" />
  <attribute name= "Current Time Running" value="1315" />
  <attribute name ="GC Interval" value="200" />
  <attribute name="ProportionalT" value="-22.500000" />
  <attribute name="ProportionalI" value="-22.500000" />
  <attribute name="ProportionalH" value="-22.500000" />
  <attribute name="Current Error" value="-15.000000" />
  <attribute name="IntegralT" value="-300.000000" />
  <attribute name="IntegralI" value="-300.000000" />
  <attribute name="IntegralH" value="-300.000000" />
  <attribute name="DerivativeT" value="-0.375000" />
  <attribute name="DerivativeI" value="-0.375000" />
  <attribute name="DerivativeH" value="-0.375000" />
  <attribute name="Loop Time for DT" value="20.000000" />
  <attribute name="Output H" value="2092630016"/>
  <attribute name="Output I" value="200"/>
  <attribute name="Output T" value="4"/>
  <attribute name="Target GC Util Change" value ="20.000000" />
  <attribute name="Current GC Util Change" value="5.000000"/>
  <attribute name="GC Util currently" value="5" />
  <attribute name="CPU Util currently" value="231754032987" />
<allocation-satisfied id="450" threadId="00000000014FD900" bytesRequested="8200" />
<af-end id="451" timestamp="2019-06-15T18:36:41.073" threadId="00000000014FE288" success="true" from="nursery"/>
<exclusive-end id="452" timestamp="2019-06-15T18:36:41.073" durationms="1.039" />

<exclusive-start id="453" timestamp="2019-06-15T18:36:41.100" intervalms="27.954">
  <response-info timems="0.045" idlems="0.045" threads="0" lastid="0000000001508D00" lastname="Thread-6" />
</exclusive-start>
<af-start id="454" threadId="0000000001509688" totalBytesRequested="48" timestamp="2019-06-15T18:36:41.100" intervalms="27.955" type="nursery" />
<cycle-start id="455" type="scavenge" contextid="0" timestamp="2019-06-15T18:36:41.100" intervalms="27.953" />
<gc-start id="456" type="scavenge" contextid="455" timestamp="2019-06-15T18:36:41.100">
  <mem-info id="457" free="768008" total="9568256" percent="8">
    <mem type="nursery" free="0" total="3801088" percent="0">
      <mem type="allocate" free="0" total="2883584" percent="0" />
      <mem type="survivor" free="0" total="917504" percent="0" />
    </mem>
    <mem type="tenure" free="768008" total="5767168" percent="13">
      <mem type="soa" free="519176" total="5479424" percent="9" />
      <mem type="loa" free="248832" total="287744" percent="86" />
    </mem>
    <remembered-set count="295" />
  </mem-info>
</gc-start>
<allocation-stats totalBytes="2102784" >
  <allocated-bytes non-tlh="40976" tlh="2061808" />
  <largest-consumer threadName="Thread-4" threadId="0000000001501500" bytes="1296824" />
</allocation-stats>
<gc-op id="458" type="scavenge" timems="2.219" contextid="455" timestamp="2019-06-15T18:36:41.102">
  <scavenger-info tenureage="1" tenuremask="7ffe" tiltratio="75" />
  <memory-copied type="nursery" objects="605" bytes="302568" bytesdiscarded="307192" />
  <memory-copied type="tenure" objects="574" bytes="252208" bytesdiscarded="0" />
  <references type="phantom" candidates="1" cleared="0" enqueued="0" />
</gc-op>
<gc-end id="459" type="scavenge" contextid="455" durationms="2.550" usertimems="4.000" systemtimems="0.000" timestamp="2019-06-15T18:36:41.103" activeThreads="4">
  <mem-info id="460" free="3074560" total="9568256" percent="32">
    <mem type="nursery" free="2339336" total="3801088" percent="61">
      <mem type="allocate" free="2339336" total="2949120" percent="79" />
      <mem type="survivor" free="0" total="851968" percent="0" />
    </mem>
    <mem type="tenure" free="735224" total="5767168" percent="12">
      <mem type="soa" free="486392" total="5479424" percent="8" />
      <mem type="loa" free="248832" total="287744" percent="86" />
    </mem>
    <remembered-set count="150" />
  </mem-info>
</gc-end>
<cycle-end id="461" type="scavenge" contextid="455" timestamp="2019-06-15T18:36:41.103" />
  <attribute name="elasticGC enabled" value="1" />
  <attribute name= "numThreadsSpecified" value="4" />
  <attribute name="heapSize specified" value="9830400" />
  <attribute name="Current GC Util" value="3" />
  <attribute name= "Current Time Running" value="1343" />
  <attribute name ="GC Interval" value="200" />
  <attribute name="ProportionalT" value="-25.500000" />
  <attribute name="ProportionalI" value="-25.500000" />
  <attribute name="ProportionalH" value="-25.500000" />
  <attribute name="Current Error" value="-17.000000" />
  <attribute name="IntegralT" value="-476.000000" />
  <attribute name="IntegralI" value="-476.000000" />
  <attribute name="IntegralH" value="-476.000000" />
  <attribute name="DerivativeT" value="-0.303571" />
  <attribute name="DerivativeI" value="-0.303571" />
  <attribute name="DerivativeH" value="-0.303571" />
  <attribute name="Loop Time for DT" value="28.000000" />
  <attribute name="Output H" value="2092630016"/>
  <attribute name="Output I" value="200"/>
  <attribute name="Output T" value="4"/>
  <attribute name="Target GC Util Change" value ="20.000000" />
  <attribute name="Current GC Util Change" value="3.000000"/>
  <attribute name="GC Util currently" value="3" />
  <attribute name="CPU Util currently" value="165119397037" />
<allocation-satisfied id="462" threadId="0000000001508D00" bytesRequested="48" />
<af-end id="463" timestamp="2019-06-15T18:36:41.103" threadId="0000000001509688" success="true" from="nursery"/>
<exclusive-end id="464" timestamp="2019-06-15T18:36:41.103" durationms="2.934" />

<concurrent-kickoff id="465" timestamp="2019-06-15T18:36:41.126">
  <kickoff reason="threshold reached" targetBytes="1610377" thresholdFreeBytes="222574"  remainingFree="168376" tenureFreeBytes="735224" nurseryFreeBytes="168376" />
</concurrent-kickoff>
<exclusive-start id="466" timestamp="2019-06-15T18:36:41.126" intervalms="26.386">
  <response-info timems="0.147" idlems="0.081" threads="1" lastid="0000000001505100" lastname="Thread-5" />
</exclusive-start>
<cycle-start id="467" type="global" contextid="0" timestamp="2019-06-15T18:36:41.126" intervalms="254.641" />
<exclusive-end id="468" timestamp="2019-06-15T18:36:41.126" durationms="0.104" />

<exclusive-start id="469" timestamp="2019-06-15T18:36:41.129" intervalms="2.305">
  <response-info timems="0.033" idlems="0.033" threads="0" lastid="00000000014FD900" lastname="Thread-3" />
</exclusive-start>
<af-start id="470" threadId="00000000014FE288" totalBytesRequested="16392" timestamp="2019-06-15T18:36:41.129" intervalms="28.690" type="nursery" />
<cycle-start id="471" type="scavenge" contextid="0" timestamp="2019-06-15T18:36:41.129" intervalms="28.696" />
<gc-start id="472" type="scavenge" contextid="471" timestamp="2019-06-15T18:36:41.129">
  <mem-info id="473" free="735224" total="9568256" percent="7">
    <mem type="nursery" free="0" total="3801088" percent="0">
      <mem type="allocate" free="0" total="2949120" percent="0" />
      <mem type="survivor" free="0" total="851968" percent="0" />
    </mem>
    <mem type="tenure" free="735224" total="5767168" percent="12">
      <mem type="soa" free="486392" total="5479424" percent="8" />
      <mem type="loa" free="248832" total="287744" percent="86" />
    </mem>
    <remembered-set count="334" />
  </mem-info>
</gc-start>
<allocation-stats totalBytes="2324568" >
  <allocated-bytes non-tlh="114768" tlh="2209800" />
  <largest-consumer threadName="Thread-3" threadId="00000000014FD900" bytes="813792" />
</allocation-stats>
<gc-op id="474" type="scavenge" timems="0.337" contextid="471" timestamp="2019-06-15T18:36:41.129">
  <scavenger-info tenureage="1" tenuremask="7ffe" tiltratio="77" />
  <memory-copied type="nursery" objects="1544" bytes="666752" bytesdiscarded="185152" />
  <memory-copied type="tenure" objects="118" bytes="31376" bytesdiscarded="0" />
  <copy-failed type="nursery" objects="1" bytes="16392" />
</gc-op>
<gc-end id="475" type="scavenge" contextid="471" durationms="0.530" usertimems="0.000" systemtimems="0.000" timestamp="2019-06-15T18:36:41.129" activeThreads="4">
  <mem-info id="476" free="2488304" total="9568256" percent="26">
    <mem type="nursery" free="1769472" total="3801088" percent="46">
      <mem type="allocate" free="1769472" total="2621440" percent="67" />
      <mem type="survivor" free="0" total="1179648" percent="0" />
    </mem>
    <mem type="tenure" free="718832" total="5767168" percent="12">
      <mem type="soa" free="470000" total="5479424" percent="8" />
      <mem type="loa" free="248832" total="287744" percent="86" />
    </mem>
    <remembered-set count="152" />
  </mem-info>
</gc-end>
<cycle-end id="477" type="scavenge" contextid="471" timestamp="2019-06-15T18:36:41.129" />
  <attribute name="elasticGC enabled" value="1" />
  <attribute name= "numThreadsSpecified" value="4" />
  <attribute name="heapSize specified" value="9830400" />
  <attribute name="Current GC Util" value="11" />
  <attribute name= "Current Time Running" value="1371" />
  <attribute name ="GC Interval" value="200" />
  <attribute name="ProportionalT" value="-13.500000" />
  <attribute name="ProportionalI" value="-13.500000" />
  <attribute name="ProportionalH" value="-13.500000" />
  <attribute name="Current Error" value="-9.000000" />
  <attribute name="IntegralT" value="-252.000000" />
  <attribute name="IntegralI" value="-252.000000" />
  <attribute name="IntegralH" value="-252.000000" />
  <attribute name="DerivativeT" value="-0.160714" />
  <attribute name="DerivativeI" value="-0.160714" />
  <attribute name="DerivativeH" value="-0.160714" />
  <attribute name="Loop Time for DT" value="28.000000" />
  <attribute name="Output H" value="2092630016"/>
  <attribute name="Output I" value="200"/>
  <attribute name="Output T" value="4"/>
  <attribute name="Target GC Util Change" value ="20.000000" />
  <attribute name="Current GC Util Change" value="11.000000"/>
  <attribute name="GC Util currently" value="11" />
  <attribute name="CPU Util currently" value="160573092002" />
<allocation-satisfied id="478" threadId="00000000014FD900" bytesRequested="16392" />
<af-end id="479" timestamp="2019-06-15T18:36:41.130" threadId="00000000014FE288" success="true" from="nursery"/>
<exclusive-end id="480" timestamp="2019-06-15T18:36:41.130" durationms="1.674" />

<exclusive-start id="481" timestamp="2019-06-15T18:36:41.154" intervalms="25.493">
  <response-info timems="0.034" idlems="0.034" threads="0" lastid="00000000014FD900" lastname="Thread-3" />
</exclusive-start>
<af-start id="482" threadId="00000000014FE288" totalBytesRequested="48" timestamp="2019-06-15T18:36:41.154" intervalms="25.494" type="nursery" />
<cycle-start id="483" type="scavenge" contextid="0" timestamp="2019-06-15T18:36:41.154" intervalms="25.490" />
<gc-start id="484" type="scavenge" contextid="483" timestamp="2019-06-15T18:36:41.154">
  <mem-info id="485" free="718832" total="9568256" percent="7">
    <mem type="nursery" free="0" total="3801088" percent="0">
      <mem type="allocate" free="0" total="2621440" percent="0" />
      <mem type="survivor" free="0" total="1179648" percent="0" />
    </mem>
    <mem type="tenure" free="718832" total="5767168" percent="12">
      <mem type="soa" free="470000" total="5479424" percent="8" />
      <mem type="loa" free="248832" total="287744" percent="86" />
    </mem>
    <remembered-set count="289" />
  </mem-info>
</gc-start>
<allocation-stats totalBytes="1764112" >
  <allocated-bytes non-tlh="81944" tlh="1682168" />
  <largest-consumer threadName="Thread-6" threadId="0000000001508D00" bytes="896008" />
</allocation-stats>
<gc-op id="486" type="scavenge" timems="0.374" contextid="483" timestamp="2019-06-15T18:36:41.155">
  <scavenger-info tenureage="1" tenuremask="7ffe" tiltratio="68" />
  <memory-copied type="nursery" objects="1284" bytes="384200" bytesdiscarded="110368" />
  <memory-copied type="tenure" objects="912" bytes="467568" bytesdiscarded="784" />
  <heap-resize type="expand" space="tenure" amount="131072" count="2" timems="0.028" reason="continue current collection" />
</gc-op>
<gc-end id="487" type="scavenge" contextid="483" durationms="0.572" usertimems="0.000" systemtimems="0.000" timestamp="2019-06-15T18:36:41.155" activeThreads="4">
  <mem-info id="488" free="2477040" total="9699328" percent="25">
    <mem type="nursery" free="2192384" total="3801088" percent="57">
      <mem type="allocate" free="2192384" total="2686976" percent="81" />
      <mem type="survivor" free="0" total="1114112" percent="0" />
    </mem>
    <mem type="tenure" free="284656" total="5898240" percent="4">
      <mem type="soa" free="28656" total="5603328" percent="0" />
      <mem type="loa" free="256000" total="294912" percent="86" />
    </mem>
    <remembered-set count="147" />
  </mem-info>
</gc-end>
<cycle-end id="489" type="scavenge" contextid="483" timestamp="2019-06-15T18:36:41.155" />
  <attribute name="elasticGC enabled" value="1" />
  <attribute name= "numThreadsSpecified" value="4" />
  <attribute name="heapSize specified" value="9830400" />
  <attribute name="Current GC Util" value="3" />
  <attribute name= "Current Time Running" value="1397" />
  <attribute name ="GC Interval" value="200" />
  <attribute name="ProportionalT" value="-25.500000" />
  <attribute name="ProportionalI" value="-25.500000" />
  <attribute name="ProportionalH" value="-25.500000" />
  <attribute name="Current Error" value="-17.000000" />
  <attribute name="IntegralT" value="-442.000000" />
  <attribute name="IntegralI" value="-442.000000" />
  <attribute name="IntegralH" value="-442.000000" />
  <attribute name="DerivativeT" value="-0.326923" />
  <attribute name="DerivativeI" value="-0.326923" />
  <attribute name="DerivativeH" value="-0.326923" />
  <attribute name="Loop Time for DT" value="26.000000" />
  <attribute name="Output H" value="2092630016"/>
  <attribute name="Output I" value="200"/>
  <attribute name="Output T" value="4"/>
  <attribute name="Target GC Util Change" value ="20.000000" />
  <attribute name="Current GC Util Change" value="3.000000"/>
  <attribute name="GC Util currently" value="3" />
  <attribute name="CPU Util currently" value="180963353171" />
<allocation-satisfied id="490" threadId="00000000014FD900" bytesRequested="48" />
<af-end id="491" timestamp="2019-06-15T18:36:41.155" threadId="00000000014FE288" success="true" from="nursery"/>
<exclusive-end id="492" timestamp="2019-06-15T18:36:41.155" durationms="1.012" />

<exclusive-start id="493" timestamp="2019-06-15T18:36:41.175" intervalms="20.909">
  <response-info timems="0.045" idlems="0.045" threads="0" lastid="0000000001505100" lastname="Thread-5" />
</exclusive-start>
<af-start id="494" threadId="0000000001505A88" totalBytesRequested="8200" timestamp="2019-06-15T18:36:41.175" intervalms="20.901" type="nursery" />
<cycle-start id="495" type="scavenge" contextid="0" timestamp="2019-06-15T18:36:41.175" intervalms="20.890" />
<gc-start id="496" type="scavenge" contextid="495" timestamp="2019-06-15T18:36:41.175">
  <mem-info id="497" free="284656" total="9699328" percent="2">
    <mem type="nursery" free="0" total="3801088" percent="0">
      <mem type="allocate" free="0" total="2686976" percent="0" />
      <mem type="survivor" free="0" total="1114112" percent="0" />
    </mem>
    <mem type="tenure" free="284656" total="5898240" percent="4">
      <mem type="soa" free="28656" total="5603328" percent="0" />
      <mem type="loa" free="256000" total="294912" percent="86" />
    </mem>
    <remembered-set count="272" />
  </mem-info>
</gc-start>
<allocation-stats totalBytes="2167952" >
  <allocated-bytes non-tlh="131152" tlh="2036800" />
  <largest-consumer threadName="Thread-3" threadId="00000000014FD900" bytes="822688" />
</allocation-stats>
<gc-op id="498" type="scavenge" timems="2.295" contextid="495" timestamp="2019-06-15T18:36:41.178">
  <scavenger-info tenureage="1" tenuremask="7ffe" tiltratio="70" />
  <memory-copied type="nursery" objects="1524" bytes="626552" bytesdiscarded="250072" />
  <memory-copied type="tenure" objects="708" bytes="266016" bytesdiscarded="1080" />
  <references type="weak" candidates="1" cleared="0" enqueued="0" />
  <references type="phantom" candidates="1" cleared="0" enqueued="0" />
  <heap-resize type="expand" space="tenure" amount="393216" count="6" timems="0.038" reason="continue current collection" />
</gc-op>
<heap-resize id="499" type="expand" space="nursery" amount="262144" count="1" timems="0.012" reason="excessive time being spent scavenging" timestamp="2019-06-15T18:36:41.178" />
<gc-end id="500" type="scavenge" contextid="495" durationms="2.703" usertimems="4.000" systemtimems="0.000" timestamp="2019-06-15T18:36:41.178" activeThreads="4">
  <mem-info id="501" free="2475632" total="10354688" percent="23">
    <mem type="nursery" free="2137968" total="4063232" percent="52">
      <mem type="allocate" free="2137968" total="3014656" percent="70" />
      <mem type="survivor" free="0" total="1048576" percent="0" />
    </mem>
    <mem type="tenure" free="337664" total="6291456" percent="5">
      <mem type="soa" free="23296" total="5977088" percent="0" />
      <mem type="loa" free="314368" total="314368" percent="100" />
    </mem>
    <remembered-set count="173" />
  </mem-info>
</gc-end>
<cycle-end id="502" type="scavenge" contextid="495" timestamp="2019-06-15T18:36:41.178" />
  <attribute name="elasticGC enabled" value="1" />
  <attribute name= "numThreadsSpecified" value="4" />
  <attribute name="heapSize specified" value="9830400" />
  <attribute name="Current GC Util" value="5" />
  <attribute name= "Current Time Running" value="1418" />
  <attribute name ="GC Interval" value="200" />
  <attribute name="ProportionalT" value="-22.500000" />
  <attribute name="ProportionalI" value="-22.500000" />
  <attribute name="ProportionalH" value="-22.500000" />
  <attribute name="Current Error" value="-15.000000" />
  <attribute name="IntegralT" value="-315.000000" />
  <attribute name="IntegralI" value="-315.000000" />
  <attribute name="IntegralH" value="-315.000000" />
  <attribute name="DerivativeT" value="-0.357143" />
  <attribute name="DerivativeI" value="-0.357143" />
  <attribute name="DerivativeH" value="-0.357143" />
  <attribute name="Loop Time for DT" value="21.000000" />
  <attribute name="Output H" value="2092630016"/>
  <attribute name="Output I" value="200"/>
  <attribute name="Output T" value="4"/>
  <attribute name="Target GC Util Change" value ="20.000000" />
  <attribute name="Current GC Util Change" value="5.000000"/>
  <attribute name="GC Util currently" value="5" />
  <attribute name="CPU Util currently" value="221020257043" />
<allocation-satisfied id="503" threadId="0000000001505100" bytesRequested="8200" />
<af-end id="504" timestamp="2019-06-15T18:36:41.178" threadId="0000000001505A88" success="true" from="nursery"/>
<exclusive-end id="505" timestamp="2019-06-15T18:36:41.178" durationms="3.245" />

<exclusive-start id="506" timestamp="2019-06-15T18:36:41.179" intervalms="3.873">
  <response-info timems="0.566" idlems="0.290" threads="1" lastid="0000000001505100" lastname="Thread-5" />
</exclusive-start>
<concurrent-collection-start id="507" timestamp="2019-06-15T18:36:41.179" intervalms="300.438" >
  <concurrent-trace-info reason="card cleaning threshold reached" tracedByMutators="711248" tracedByHelpers="732656" cardsCleaned="185" workStackOverflowCount="0" />
</concurrent-collection-start>
<gc-start id="508" type="global" contextid="467" timestamp="2019-06-15T18:36:41.179">
  <mem-info id="509" free="2324072" total="10354688" percent="22">
    <mem type="nursery" free="1986408" total="4063232" percent="48">
      <mem type="allocate" free="1986408" total="3014656" percent="65" />
      <mem type="survivor" free="0" total="1048576" percent="0" />
    </mem>
    <mem type="tenure" free="337664" total="6291456" percent="5">
      <mem type="soa" free="23296" total="5977088" percent="0" />
      <mem type="loa" free="314368" total="314368" percent="100" />
    </mem>
    <remembered-set count="173" />
  </mem-info>
</gc-start>
<allocation-stats totalBytes="151560" >
  <allocated-bytes non-tlh="8200" tlh="143360" />
  <largest-consumer threadName="Thread-5" threadId="0000000001505100" bytes="61448" />
</allocation-stats>
<gc-op id="510" type="rs-scan" timems="0.161" contextid="467" timestamp="2019-06-15T18:36:41.179">
  <scan objectsFound="72" bytesTraced="5796" workStackOverflowCount="0" />
</gc-op>
<gc-op id="511" type="card-cleaning" timems="0.172" contextid="467" timestamp="2019-06-15T18:36:41.180">
  <card-cleaning cardsCleaned="85" bytesTraced="305952" workStackOverflowCount="0" />
</gc-op>
<gc-op id="512" type="mark" timems="0.882" contextid="467" timestamp="2019-06-15T18:36:41.181">
  <trace-info objectcount="1209" scancount="1074" scanbytes="139292" />
  <finalization candidates="25" enqueued="0" />
  <references type="soft" candidates="164" cleared="0" enqueued="0" dynamicThreshold="17" maxThreshold="32" />
  <references type="weak" candidates="240" cleared="0" enqueued="0" />
  <references type="phantom" candidates="71" cleared="0" enqueued="0" />
  <stringconstants candidates="3963" cleared="0"  />
</gc-op>
<gc-op id="513" type="sweep" timems="0.239" contextid="467" timestamp="2019-06-15T18:36:41.181" />
<mem-info id="514" free="5805816" total="10354688" percent="56">
  <mem type="nursery" free="2452600" total="4063232" percent="60">
    <mem type="allocate" free="2452600" total="3014656" percent="81" />
    <mem type="survivor" free="0" total="1048576" percent="0" />
  </mem>
  <mem type="tenure" free="3353216" total="6291456" percent="53" micro-fragmented="17502" macro-fragmented="0">
    <mem type="soa" free="3038848" total="5977088" percent="50" />
    <mem type="loa" free="314368" total="314368" percent="100" />
  </mem>
  <remembered-set count="139" />
</mem-info>
<gc-op id="515" type="compact" timems="6.063" contextid="467" timestamp="2019-06-15T18:36:41.187">
  <compact-info movecount="23029" movebytes="2722512" reason="compact to aid heap contraction" />
</gc-op>
<heap-resize id="516" type="contract" space="tenure" amount="262144" count="1" timems="0.076" reason="heap reconfiguration" timestamp="2019-06-15T18:36:41.187" />
<gc-end id="517" type="global" contextid="467" durationms="8.523" usertimems="8.000" systemtimems="0.000" timestamp="2019-06-15T18:36:41.188" activeThreads="4">
  <mem-info id="518" free="5503160" total="10092544" percent="54">
    <mem type="nursery" free="2454208" total="4063232" percent="60">
      <mem type="allocate" free="2454208" total="3014656" percent="81" />
      <mem type="survivor" free="0" total="1048576" percent="0" />
    </mem>
    <mem type="tenure" free="3048952" total="6029312" percent="50">
      <mem type="soa" free="2800120" total="5728256" percent="48" />
      <mem type="loa" free="248832" total="301056" percent="82" />
    </mem>
    <remembered-set count="139" />
  </mem-info>
</gc-end>
<cycle-end id="519" type="global" contextid="467" timestamp="2019-06-15T18:36:41.188" />
  <attribute name="elasticGC enabled" value="1" />
  <attribute name= "numThreadsSpecified" value="4" />
  <attribute name="heapSize specified" value="10354688" />
  <attribute name="Current GC Util" value="32" />
  <attribute name= "Current Time Running" value="1430" />
  <attribute name ="GC Interval" value="200" />
  <attribute name="ProportionalT" value="18.000000" />
  <attribute name="ProportionalI" value="18.000000" />
  <attribute name="ProportionalH" value="18.000000" />
  <attribute name="Current Error" value="12.000000" />
  <attribute name="IntegralT" value="72.000000" />
  <attribute name="IntegralI" value="72.000000" />
  <attribute name="IntegralH" value="72.000000" />
  <attribute name="DerivativeT" value="0.833333" />
  <attribute name="DerivativeI" value="0.833333" />
  <attribute name="DerivativeH" value="0.833333" />
  <attribute name="Loop Time for DT" value="6.000000" />
  <attribute name="Output H" value="8388608"/>
  <attribute name="Output I" value="200"/>
  <attribute name="Output T" value="4"/>
  <attribute name="Target GC Util Change" value ="20.000000" />
  <attribute name="Current GC Util Change" value="32.000000"/>
  <attribute name="GC Util currently" value="32" />
  <attribute name="CPU Util currently" value="742461381260" />
<concurrent-collection-end id="520" timestamp="2019-06-15T18:36:41.188" />
<exclusive-end id="521" timestamp="2019-06-15T18:36:41.188" durationms="8.981" />

<exclusive-start id="522" timestamp="2019-06-15T18:36:41.213" intervalms="33.936">
  <response-info timems="0.041" idlems="0.041" threads="0" lastid="0000000001501500" lastname="Thread-4" />
</exclusive-start>
<af-start id="523" threadId="0000000001501E88" totalBytesRequested="48" timestamp="2019-06-15T18:36:41.213" intervalms="37.824" type="nursery" />
<cycle-start id="524" type="scavenge" contextid="0" timestamp="2019-06-15T18:36:41.213" intervalms="37.842" />
<gc-start id="525" type="scavenge" contextid="524" timestamp="2019-06-15T18:36:41.213">
  <mem-info id="526" free="3048952" total="10092544" percent="30">
    <mem type="nursery" free="0" total="4063232" percent="0">
      <mem type="allocate" free="0" total="3014656" percent="0" />
      <mem type="survivor" free="0" total="1048576" percent="0" />
    </mem>
    <mem type="tenure" free="3048952" total="6029312" percent="50">
      <mem type="soa" free="2800120" total="5728256" percent="48" />
      <mem type="loa" free="248832" total="301056" percent="82" />
    </mem>
    <remembered-set count="309" />
  </mem-info>
</gc-start>
<allocation-stats totalBytes="2418384" >
  <allocated-bytes non-tlh="131112" tlh="2287272" />
  <largest-consumer threadName="Thread-3" threadId="00000000014FD900" bytes="970064" />
</allocation-stats>
<gc-op id="527" type="scavenge" timems="4.755" contextid="524" timestamp="2019-06-15T18:36:41.218">
  <scavenger-info tenureage="1" tenuremask="7ffe" tiltratio="74" />
  <memory-copied type="nursery" objects="1878" bytes="766072" bytesdiscarded="159352" />
  <memory-copied type="tenure" objects="758" bytes="343632" bytesdiscarded="480" />
</gc-op>
<heap-resize id="528" type="expand" space="nursery" amount="262144" count="1" timems="0.015" reason="excessive time being spent scavenging" timestamp="2019-06-15T18:36:41.218" />
<gc-end id="529" type="scavenge" contextid="524" durationms="5.066" usertimems="4.000" systemtimems="4.000" timestamp="2019-06-15T18:36:41.218" activeThreads="4">
  <mem-info id="530" free="4855424" total="10354688" percent="46">
    <mem type="nursery" free="2351320" total="4325376" percent="54">
      <mem type="allocate" free="2351320" total="3276800" percent="71" />
      <mem type="survivor" free="0" total="1048576" percent="0" />
    </mem>
    <mem type="tenure" free="2504104" total="6029312" percent="41">
      <mem type="soa" free="2255272" total="5728256" percent="39" />
      <mem type="loa" free="248832" total="301056" percent="82" />
    </mem>
    <remembered-set count="147" />
  </mem-info>
</gc-end>
<cycle-end id="531" type="scavenge" contextid="524" timestamp="2019-06-15T18:36:41.218" />
  <attribute name="elasticGC enabled" value="1" />
  <attribute name= "numThreadsSpecified" value="4" />
  <attribute name="heapSize specified" value="10354688" />
  <attribute name="Current GC Util" value="28" />
  <attribute name= "Current Time Running" value="1456" />
  <attribute name ="GC Interval" value="224" />
  <attribute name="ProportionalT" value="12.000000" />
  <attribute name="ProportionalI" value="12.000000" />
  <attribute name="ProportionalH" value="12.000000" />
  <attribute name="Current Error" value="8.000000" />
  <attribute name="IntegralT" value="208.000000" />
  <attribute name="IntegralI" value="208.000000" />
  <attribute name="IntegralH" value="208.000000" />
  <attribute name="DerivativeT" value="-0.076923" />
  <attribute name="DerivativeI" value="-0.076923" />
  <attribute name="DerivativeH" value="-0.076923" />
  <attribute name="Loop Time for DT" value="26.000000" />
  <attribute name="Output H" value="8388608"/>
  <attribute name="Output I" value="224"/>
  <attribute name="Output T" value="4"/>
  <attribute name="Target GC Util Change" value ="20.000000" />
  <attribute name="Current GC Util Change" value="28.000000"/>
  <attribute name="GC Util currently" value="28" />
  <attribute name="CPU Util currently" value="177947686585" />
<allocation-satisfied id="532" threadId="0000000001501500" bytesRequested="48" />
<af-end id="533" timestamp="2019-06-15T18:36:41.218" threadId="0000000001501E88" success="true" from="nursery"/>
<exclusive-end id="534" timestamp="2019-06-15T18:36:41.219" durationms="5.659" />

<exclusive-start id="535" timestamp="2019-06-15T18:36:41.243" intervalms="30.397">
  <response-info timems="0.108" idlems="0.108" threads="0" lastid="00000000014FD900" lastname="Thread-3" />
</exclusive-start>
<af-start id="536" threadId="00000000014FE288" totalBytesRequested="152" timestamp="2019-06-15T18:36:41.243" intervalms="30.395" type="nursery" />
<cycle-start id="537" type="scavenge" contextid="0" timestamp="2019-06-15T18:36:41.243" intervalms="30.398" />
<gc-start id="538" type="scavenge" contextid="537" timestamp="2019-06-15T18:36:41.243">
  <mem-info id="539" free="2504104" total="10354688" percent="24">
    <mem type="nursery" free="0" total="4325376" percent="0">
      <mem type="allocate" free="0" total="3276800" percent="0" />
      <mem type="survivor" free="0" total="1048576" percent="0" />
    </mem>
    <mem type="tenure" free="2504104" total="6029312" percent="41">
      <mem type="soa" free="2255272" total="5728256" percent="39" />
      <mem type="loa" free="248832" total="301056" percent="82" />
    </mem>
    <remembered-set count="294" />
  </mem-info>
</gc-start>
<allocation-stats totalBytes="2320768" >
  <allocated-bytes non-tlh="114768" tlh="2206000" />
  <largest-consumer threadName="Thread-4" threadId="0000000001501500" bytes="1030504" />
</allocation-stats>
<gc-op id="540" type="scavenge" timems="0.462" contextid="537" timestamp="2019-06-15T18:36:41.244">
  <scavenger-info tenureage="1" tenuremask="7ffe" tiltratio="75" />
  <memory-copied type="nursery" objects="1220" bytes="480416" bytesdiscarded="319824" />
  <memory-copied type="tenure" objects="1291" bytes="546960" bytesdiscarded="2056" />
  <references type="phantom" candidates="1" cleared="0" enqueued="0" />
</gc-op>
<gc-end id="541" type="scavenge" contextid="537" durationms="0.693" usertimems="4.000" systemtimems="0.000" timestamp="2019-06-15T18:36:41.244" activeThreads="4">
  <mem-info id="542" free="4431576" total="10354688" percent="42">
    <mem type="nursery" free="2542048" total="4325376" percent="58">
      <mem type="allocate" free="2542048" total="3342336" percent="76" />
      <mem type="survivor" free="0" total="983040" percent="0" />
    </mem>
    <mem type="tenure" free="1889528" total="6029312" percent="31">
      <mem type="soa" free="1640696" total="5728256" percent="28" />
      <mem type="loa" free="248832" total="301056" percent="82" />
    </mem>
    <remembered-set count="143" />
  </mem-info>
</gc-end>
<cycle-end id="543" type="scavenge" contextid="537" timestamp="2019-06-15T18:36:41.244" />
  <attribute name="elasticGC enabled" value="1" />
  <attribute name= "numThreadsSpecified" value="4" />
  <attribute name="heapSize specified" value="10354688" />
  <attribute name="Current GC Util" value="24" />
  <attribute name= "Current Time Running" value="1486" />
  <attribute name ="GC Interval" value="200" />
  <attribute name="ProportionalT" value="6.000000" />
  <attribute name="ProportionalI" value="6.000000" />
  <attribute name="ProportionalH" value="6.000000" />
  <attribute name="Current Error" value="4.000000" />
  <attribute name="IntegralT" value="120.000000" />
  <attribute name="IntegralI" value="120.000000" />
  <attribute name="IntegralH" value="120.000000" />
  <attribute name="DerivativeT" value="-0.066667" />
  <attribute name="DerivativeI" value="-0.066667" />
  <attribute name="DerivativeH" value="-0.066667" />
  <attribute name="Loop Time for DT" value="30.000000" />
  <attribute name="Output H" value="8388608"/>
  <attribute name="Output I" value="200"/>
  <attribute name="Output T" value="4"/>
  <attribute name="Target GC Util Change" value ="20.000000" />
  <attribute name="Current GC Util Change" value="24.000000"/>
  <attribute name="GC Util currently" value="24" />
  <attribute name="CPU Util currently" value="151665095438" />
<allocation-satisfied id="544" threadId="00000000014FD900" bytesRequested="152" />
<af-end id="545" timestamp="2019-06-15T18:36:41.244" threadId="00000000014FE288" success="true" from="nursery"/>
<exclusive-end id="546" timestamp="2019-06-15T18:36:41.244" durationms="1.189" />

<exclusive-start id="547" timestamp="2019-06-15T18:36:41.267" intervalms="24.183">
  <response-info timems="0.032" idlems="0.032" threads="0" lastid="00000000014FD900" lastname="Thread-3" />
</exclusive-start>
<af-start id="548" threadId="00000000014FE288" totalBytesRequested="16392" timestamp="2019-06-15T18:36:41.268" intervalms="24.244" type="nursery" />
<cycle-start id="549" type="scavenge" contextid="0" timestamp="2019-06-15T18:36:41.268" intervalms="24.241" />
<gc-start id="550" type="scavenge" contextid="549" timestamp="2019-06-15T18:36:41.268">
  <mem-info id="551" free="1889528" total="10354688" percent="18">
    <mem type="nursery" free="0" total="4325376" percent="0">
      <mem type="allocate" free="0" total="3342336" percent="0" />
      <mem type="survivor" free="0" total="983040" percent="0" />
    </mem>
    <mem type="tenure" free="1889528" total="6029312" percent="31">
      <mem type="soa" free="1640696" total="5728256" percent="28" />
      <mem type="loa" free="248832" total="301056" percent="82" />
    </mem>
    <remembered-set count="315" />
  </mem-info>
</gc-start>
<allocation-stats totalBytes="2482552" >
  <allocated-bytes non-tlh="98480" tlh="2384072" />
  <largest-consumer threadName="Thread-4" threadId="0000000001501500" bytes="1063568" />
</allocation-stats>
<gc-op id="552" type="scavenge" timems="2.260" contextid="549" timestamp="2019-06-15T18:36:41.270">
  <scavenger-info tenureage="1" tenuremask="7ffe" tiltratio="77" />
  <memory-copied type="nursery" objects="1633" bytes="669224" bytesdiscarded="165648" />
  <memory-copied type="tenure" objects="560" bytes="248592" bytesdiscarded="536" />
</gc-op>
<gc-end id="553" type="scavenge" contextid="549" durationms="2.484" usertimems="0.000" systemtimems="4.000" timestamp="2019-06-15T18:36:41.270" activeThreads="4">
  <mem-info id="554" free="4197480" total="10354688" percent="40">
    <mem type="nursery" free="2507400" total="4325376" percent="57">
      <mem type="allocate" free="2507400" total="3342336" percent="75" />
      <mem type="survivor" free="0" total="983040" percent="0" />
    </mem>
    <mem type="tenure" free="1690080" total="6029312" percent="28">
      <mem type="soa" free="1441248" total="5728256" percent="25" />
      <mem type="loa" free="248832" total="301056" percent="82" />
    </mem>
    <remembered-set count="177" />
  </mem-info>
</gc-end>
<cycle-end id="555" type="scavenge" contextid="549" timestamp="2019-06-15T18:36:41.270" />
  <attribute name="elasticGC enabled" value="1" />
  <attribute name= "numThreadsSpecified" value="4" />
  <attribute name="heapSize specified" value="10354688" />
  <attribute name="Current GC Util" value="5" />
  <attribute name= "Current Time Running" value="1510" />
  <attribute name ="GC Interval" value="200" />
  <attribute name="ProportionalT" value="-22.500000" />
  <attribute name="ProportionalI" value="-22.500000" />
  <attribute name="ProportionalH" value="-22.500000" />
  <attribute name="Current Error" value="-15.000000" />
  <attribute name="IntegralT" value="-360.000000" />
  <attribute name="IntegralI" value="-360.000000" />
  <attribute name="IntegralH" value="-360.000000" />
  <attribute name="DerivativeT" value="-0.395833" />
  <attribute name="DerivativeI" value="-0.395833" />
  <attribute name="DerivativeH" value="-0.395833" />
  <attribute name="Loop Time for DT" value="24.000000" />
  <attribute name="Output H" value="2092630016"/>
  <attribute name="Output I" value="200"/>
  <attribute name="Output T" value="4"/>
  <attribute name="Target GC Util Change" value ="20.000000" />
  <attribute name="Current GC Util Change" value="5.000000"/>
  <attribute name="GC Util currently" value="5" />
  <attribute name="CPU Util currently" value="190411634931" />
<allocation-satisfied id="556" threadId="00000000014FD900" bytesRequested="16392" />
<af-end id="557" timestamp="2019-06-15T18:36:41.270" threadId="00000000014FE288" success="true" from="nursery"/>
<exclusive-end id="558" timestamp="2019-06-15T18:36:41.271" durationms="3.130" />

<exclusive-start id="559" timestamp="2019-06-15T18:36:41.294" intervalms="26.089">
  <response-info timems="0.045" idlems="0.024" threads="1" lastid="0000000001501500" lastname="Thread-4" />
</exclusive-start>
<af-start id="560" threadId="00000000014FE288" totalBytesRequested="32776" timestamp="2019-06-15T18:36:41.294" intervalms="26.024" type="nursery" />
<cycle-start id="561" type="scavenge" contextid="0" timestamp="2019-06-15T18:36:41.294" intervalms="26.021" />
<gc-start id="562" type="scavenge" contextid="561" timestamp="2019-06-15T18:36:41.294">
  <mem-info id="563" free="1690080" total="10354688" percent="16">
    <mem type="nursery" free="0" total="4325376" percent="0">
      <mem type="allocate" free="0" total="3342336" percent="0" />
      <mem type="survivor" free="0" total="983040" percent="0" />
    </mem>
    <mem type="tenure" free="1690080" total="6029312" percent="28">
      <mem type="soa" free="1441248" total="5728256" percent="25" />
      <mem type="loa" free="248832" total="301056" percent="82" />
    </mem>
    <remembered-set count="338" />
  </mem-info>
</gc-start>
<allocation-stats totalBytes="2474192" >
  <allocated-bytes non-tlh="81944" tlh="2392248" />
  <largest-consumer threadName="Thread-3" threadId="00000000014FD900" bytes="1274848" />
</allocation-stats>
<gc-op id="564" type="scavenge" timems="2.789" contextid="561" timestamp="2019-06-15T18:36:41.297">
  <scavenger-info tenureage="1" tenuremask="7ffe" tiltratio="77" />
  <memory-copied type="nursery" objects="771" bytes="408848" bytesdiscarded="205152" />
  <memory-copied type="tenure" objects="331" bytes="169824" bytesdiscarded="1048" />
  <references type="phantom" candidates="2" cleared="0" enqueued="0" />
</gc-op>
<heap-resize id="565" type="expand" space="nursery" amount="393216" count="1" timems="0.015" reason="excessive time being spent scavenging" timestamp="2019-06-15T18:36:41.297" />
<gc-end id="566" type="scavenge" contextid="561" durationms="3.076" usertimems="4.000" systemtimems="0.000" timestamp="2019-06-15T18:36:41.297" activeThreads="4">
  <mem-info id="567" free="4532168" total="10747904" percent="42">
    <mem type="nursery" free="3055984" total="4718592" percent="64">
      <mem type="allocate" free="3055984" total="3670016" percent="83" />
      <mem type="survivor" free="0" total="1048576" percent="0" />
    </mem>
    <mem type="tenure" free="1476184" total="6029312" percent="24">
      <mem type="soa" free="1227352" total="5728256" percent="21" />
      <mem type="loa" free="248832" total="301056" percent="82" />
    </mem>
    <remembered-set count="106" />
  </mem-info>
</gc-end>
<cycle-end id="568" type="scavenge" contextid="561" timestamp="2019-06-15T18:36:41.297" />
  <attribute name="elasticGC enabled" value="1" />
  <attribute name= "numThreadsSpecified" value="4" />
  <attribute name="heapSize specified" value="10354688" />
  <attribute name="Current GC Util" value="14" />
  <attribute name= "Current Time Running" value="1536" />
  <attribute name ="GC Interval" value="200" />
  <attribute name="ProportionalT" value="-9.000000" />
  <attribute name="ProportionalI" value="-9.000000" />
  <attribute name="ProportionalH" value="-9.000000" />
  <attribute name="Current Error" value="-6.000000" />
  <attribute name="IntegralT" value="-156.000000" />
  <attribute name="IntegralI" value="-156.000000" />
  <attribute name="IntegralH" value="-156.000000" />
  <attribute name="DerivativeT" value="-0.115385" />
  <attribute name="DerivativeI" value="-0.115385" />
  <attribute name="DerivativeH" value="-0.115385" />
  <attribute name="Loop Time for DT" value="26.000000" />
  <attribute name="Output H" value="2092630016"/>
  <attribute name="Output I" value="200"/>
  <attribute name="Output T" value="4"/>
  <attribute name="Target GC Util Change" value ="20.000000" />
  <attribute name="Current GC Util Change" value="14.000000"/>
  <attribute name="GC Util currently" value="14" />
  <attribute name="CPU Util currently" value="177168359388" />
<allocation-satisfied id="569" threadId="00000000014FD900" bytesRequested="32776" />
<af-end id="570" timestamp="2019-06-15T18:36:41.297" threadId="00000000014FE288" success="true" from="nursery"/>
<exclusive-end id="571" timestamp="2019-06-15T18:36:41.297" durationms="3.523" />

<exclusive-start id="572" timestamp="2019-06-15T18:36:41.326" intervalms="32.732">
  <response-info timems="0.045" idlems="0.045" threads="0" lastid="0000000001508D00" lastname="Thread-6" />
</exclusive-start>
<af-start id="573" threadId="0000000001509688" totalBytesRequested="48" timestamp="2019-06-15T18:36:41.326" intervalms="32.732" type="nursery" />
<cycle-start id="574" type="scavenge" contextid="0" timestamp="2019-06-15T18:36:41.326" intervalms="32.733" />
<gc-start id="575" type="scavenge" contextid="574" timestamp="2019-06-15T18:36:41.326">
  <mem-info id="576" free="1476184" total="10747904" percent="13">
    <mem type="nursery" free="0" total="4718592" percent="0">
      <mem type="allocate" free="0" total="3670016" percent="0" />
      <mem type="survivor" free="0" total="1048576" percent="0" />
    </mem>
    <mem type="tenure" free="1476184" total="6029312" percent="24">
      <mem type="soa" free="1227352" total="5728256" percent="21" />
      <mem type="loa" free="248832" total="301056" percent="82" />
    </mem>
    <remembered-set count="297" />
  </mem-info>
</gc-start>
<allocation-stats totalBytes="3008280" >
  <allocated-bytes non-tlh="131104" tlh="2877176" />
  <largest-consumer threadName="Thread-6" threadId="0000000001508D00" bytes="1273640" />
</allocation-stats>
<gc-op id="577" type="scavenge" timems="0.424" contextid="574" timestamp="2019-06-15T18:36:41.327">
  <scavenger-info tenureage="1" tenuremask="7ffe" tiltratio="77" />
  <memory-copied type="nursery" objects="1976" bytes="774528" bytesdiscarded="52672" />
  <memory-copied type="tenure" objects="619" bytes="281912" bytesdiscarded="8" />
</gc-op>
<gc-end id="578" type="scavenge" contextid="574" durationms="0.627" usertimems="0.000" systemtimems="0.000" timestamp="2019-06-15T18:36:41.327" activeThreads="4">
  <mem-info id="579" free="3968200" total="10747904" percent="36">
    <mem type="nursery" free="2711688" total="4718592" percent="57">
      <mem type="allocate" free="2711688" total="3538944" percent="76" />
      <mem type="survivor" free="0" total="1179648" percent="0" />
    </mem>
    <mem type="tenure" free="1256512" total="6029312" percent="20">
      <mem type="soa" free="1007680" total="5728256" percent="17" />
      <mem type="loa" free="248832" total="301056" percent="82" />
    </mem>
    <remembered-set count="146" />
  </mem-info>
</gc-end>
<cycle-end id="580" type="scavenge" contextid="574" timestamp="2019-06-15T18:36:41.327" />
  <attribute name="elasticGC enabled" value="1" />
  <attribute name= "numThreadsSpecified" value="4" />
  <attribute name="heapSize specified" value="10354688" />
  <attribute name="Current GC Util" value="13" />
  <attribute name= "Current Time Running" value="1569" />
  <attribute name ="GC Interval" value="200" />
  <attribute name="ProportionalT" value="-10.500000" />
  <attribute name="ProportionalI" value="-10.500000" />
  <attribute name="ProportionalH" value="-10.500000" />
  <attribute name="Current Error" value="-7.000000" />
  <attribute name="IntegralT" value="-231.000000" />
  <attribute name="IntegralI" value="-231.000000" />
  <attribute name="IntegralH" value="-231.000000" />
  <attribute name="DerivativeT" value="-0.106061" />
  <attribute name="DerivativeI" value="-0.106061" />
  <attribute name="DerivativeH" value="-0.106061" />
  <attribute name="Loop Time for DT" value="33.000000" />
  <attribute name="Output H" value="2092630016"/>
  <attribute name="Output I" value="200"/>
  <attribute name="Output T" value="4"/>
  <attribute name="Target GC Util Change" value ="20.000000" />
  <attribute name="Current GC Util Change" value="13.000000"/>
  <attribute name="GC Util currently" value="13" />
  <attribute name="CPU Util currently" value="140895023470" />
<allocation-satisfied id="581" threadId="0000000001508D00" bytesRequested="48" />
<af-end id="582" timestamp="2019-06-15T18:36:41.327" threadId="0000000001509688" success="true" from="nursery"/>
<exclusive-end id="583" timestamp="2019-06-15T18:36:41.327" durationms="1.083" />

<exclusive-start id="584" timestamp="2019-06-15T18:36:41.364" intervalms="37.294">
  <response-info timems="0.053" idlems="0.053" threads="0" lastid="00000000014FD900" lastname="Thread-3" />
</exclusive-start>
<af-start id="585" threadId="00000000014FE288" totalBytesRequested="2056" timestamp="2019-06-15T18:36:41.364" intervalms="37.308" type="nursery" />
<cycle-start id="586" type="scavenge" contextid="0" timestamp="2019-06-15T18:36:41.364" intervalms="37.314" />
<gc-start id="587" type="scavenge" contextid="586" timestamp="2019-06-15T18:36:41.364">
  <mem-info id="588" free="1256512" total="10747904" percent="11">
    <mem type="nursery" free="0" total="4718592" percent="0">
      <mem type="allocate" free="0" total="3538944" percent="0" />
      <mem type="survivor" free="0" total="1179648" percent="0" />
    </mem>
    <mem type="tenure" free="1256512" total="6029312" percent="20">
      <mem type="soa" free="1007680" total="5728256" percent="17" />
      <mem type="loa" free="248832" total="301056" percent="82" />
    </mem>
    <remembered-set count="301" />
  </mem-info>
</gc-start>
<allocation-stats totalBytes="2703104" >
  <allocated-bytes non-tlh="32824" tlh="2670280" />
  <largest-consumer threadName="Thread-3" threadId="00000000014FD900" bytes="975800" />
</allocation-stats>
<gc-op id="589" type="scavenge" timems="2.354" contextid="586" timestamp="2019-06-15T18:36:41.366">
  <scavenger-info tenureage="1" tenuremask="7ffe" tiltratio="75" />
  <memory-copied type="nursery" objects="1873" bytes="723040" bytesdiscarded="301288" />
  <memory-copied type="tenure" objects="138" bytes="44912" bytesdiscarded="0" />
  <references type="phantom" candidates="1" cleared="0" enqueued="0" />
</gc-op>
<gc-end id="590" type="scavenge" contextid="586" durationms="2.605" usertimems="4.000" systemtimems="0.000" timestamp="2019-06-15T18:36:41.366" activeThreads="4">
  <mem-info id="591" free="3836608" total="10747904" percent="35">
    <mem type="nursery" free="2580096" total="4718592" percent="54">
      <mem type="allocate" free="2580096" total="3604480" percent="71" />
      <mem type="survivor" free="0" total="1114112" percent="0" />
    </mem>
    <mem type="tenure" free="1256512" total="6029312" percent="20">
      <mem type="soa" free="1007680" total="5728256" percent="17" />
      <mem type="loa" free="248832" total="301056" percent="82" />
    </mem>
    <remembered-set count="121" />
  </mem-info>
</gc-end>
<cycle-end id="592" type="scavenge" contextid="586" timestamp="2019-06-15T18:36:41.367" />
  <attribute name="elasticGC enabled" value="1" />
  <attribute name= "numThreadsSpecified" value="4" />
  <attribute name="heapSize specified" value="10354688" />
  <attribute name="Current GC Util" value="3" />
  <attribute name= "Current Time Running" value="1606" />
  <attribute name ="GC Interval" value="200" />
  <attribute name="ProportionalT" value="-25.500000" />
  <attribute name="ProportionalI" value="-25.500000" />
  <attribute name="ProportionalH" value="-25.500000" />
  <attribute name="Current Error" value="-17.000000" />
  <attribute name="IntegralT" value="-629.000000" />
  <attribute name="IntegralI" value="-629.000000" />
  <attribute name="IntegralH" value="-629.000000" />
  <attribute name="DerivativeT" value="-0.229730" />
  <attribute name="DerivativeI" value="-0.229730" />
  <attribute name="DerivativeH" value="-0.229730" />
  <attribute name="Loop Time for DT" value="37.000000" />
  <attribute name="Output H" value="2092630016"/>
  <attribute name="Output I" value="200"/>
  <attribute name="Output T" value="4"/>
  <attribute name="Target GC Util Change" value ="20.000000" />
  <attribute name="Current GC Util Change" value="3.000000"/>
  <attribute name="GC Util currently" value="3" />
  <attribute name="CPU Util currently" value="123551814746" />
<allocation-satisfied id="593" threadId="00000000014FD900" bytesRequested="2056" />
<af-end id="594" timestamp="2019-06-15T18:36:41.367" threadId="00000000014FE288" success="true" from="nursery"/>
<exclusive-end id="595" timestamp="2019-06-15T18:36:41.367" durationms="3.211" />

<exclusive-start id="596" timestamp="2019-06-15T18:36:41.393" intervalms="29.452">
  <response-info timems="0.031" idlems="0.031" threads="0" lastid="0000000001508D00" lastname="Thread-6" />
</exclusive-start>
<af-start id="597" threadId="0000000001509688" totalBytesRequested="168" timestamp="2019-06-15T18:36:41.393" intervalms="29.434" type="nursery" />
<cycle-start id="598" type="scavenge" contextid="0" timestamp="2019-06-15T18:36:41.393" intervalms="29.430" />
<gc-start id="599" type="scavenge" contextid="598" timestamp="2019-06-15T18:36:41.393">
  <mem-info id="600" free="1256512" total="10747904" percent="11">
    <mem type="nursery" free="0" total="4718592" percent="0">
      <mem type="allocate" free="0" total="3604480" percent="0" />
      <mem type="survivor" free="0" total="1114112" percent="0" />
    </mem>
    <mem type="tenure" free="1256512" total="6029312" percent="20">
      <mem type="soa" free="1007680" total="5728256" percent="17" />
      <mem type="loa" free="248832" total="301056" percent="82" />
    </mem>
    <remembered-set count="320" />
  </mem-info>
</gc-start>
<allocation-stats totalBytes="2506616" >
  <allocated-bytes non-tlh="51224" tlh="2455392" />
  <largest-consumer threadName="Thread-4" threadId="0000000001501500" bytes="909704" />
</allocation-stats>
<gc-op id="601" type="scavenge" timems="0.422" contextid="598" timestamp="2019-06-15T18:36:41.394">
  <scavenger-info tenureage="1" tenuremask="7ffe" tiltratio="76" />
  <memory-copied type="nursery" objects="1696" bytes="674064" bytesdiscarded="171512" />
  <memory-copied type="tenure" objects="760" bytes="305000" bytesdiscarded="560" />
  <references type="phantom" candidates="2" cleared="0" enqueued="0" />
</gc-op>
<gc-end id="602" type="scavenge" contextid="598" durationms="0.621" usertimems="4.000" systemtimems="0.000" timestamp="2019-06-15T18:36:41.394" activeThreads="4">
  <mem-info id="603" free="3639736" total="10747904" percent="33">
    <mem type="nursery" free="2824376" total="4718592" percent="59">
      <mem type="allocate" free="2824376" total="3670016" percent="76" />
      <mem type="survivor" free="0" total="1048576" percent="0" />
    </mem>
    <mem type="tenure" free="815360" total="6029312" percent="13">
      <mem type="soa" free="566528" total="5728256" percent="9" />
      <mem type="loa" free="248832" total="301056" percent="82" />
    </mem>
    <remembered-set count="137" />
  </mem-info>
</gc-end>
<cycle-end id="604" type="scavenge" contextid="598" timestamp="2019-06-15T18:36:41.394" />
  <attribute name="elasticGC enabled" value="1" />
  <attribute name= "numThreadsSpecified" value="4" />
  <attribute name="heapSize specified" value="10354688" />
  <attribute name="Current GC Util" value="12" />
  <attribute name= "Current Time Running" value="1636" />
  <attribute name ="GC Interval" value="200" />
  <attribute name="ProportionalT" value="-12.000000" />
  <attribute name="ProportionalI" value="-12.000000" />
  <attribute name="ProportionalH" value="-12.000000" />
  <attribute name="Current Error" value="-8.000000" />
  <attribute name="IntegralT" value="-240.000000" />
  <attribute name="IntegralI" value="-240.000000" />
  <attribute name="IntegralH" value="-240.000000" />
  <attribute name="DerivativeT" value="-0.133333" />
  <attribute name="DerivativeI" value="-0.133333" />
  <attribute name="DerivativeH" value="-0.133333" />
  <attribute name="Loop Time for DT" value="30.000000" />
  <attribute name="Output H" value="2092630016"/>
  <attribute name="Output I" value="200"/>
  <attribute name="Output T" value="4"/>
  <attribute name="Target GC Util Change" value ="20.000000" />
  <attribute name="Current GC Util Change" value="12.000000"/>
  <attribute name="GC Util currently" value="12" />
  <attribute name="CPU Util currently" value="156780355938" />
<allocation-satisfied id="605" threadId="0000000001508D00" bytesRequested="168" />
<af-end id="606" timestamp="2019-06-15T18:36:41.394" threadId="0000000001509688" success="true" from="nursery"/>
<exclusive-end id="607" timestamp="2019-06-15T18:36:41.394" durationms="1.070" />

<exclusive-start id="608" timestamp="2019-06-15T18:36:41.419" intervalms="25.696">
  <response-info timems="0.383" idlems="0.278" threads="1" lastid="00000000011D3F00" lastname="JIT Compilation Thread-1" />
</exclusive-start>
<af-start id="609" threadId="0000000001509688" totalBytesRequested="2008" timestamp="2019-06-15T18:36:41.419" intervalms="25.711" type="nursery" />
<cycle-start id="610" type="scavenge" contextid="0" timestamp="2019-06-15T18:36:41.419" intervalms="25.706" />
<gc-start id="611" type="scavenge" contextid="610" timestamp="2019-06-15T18:36:41.419">
  <mem-info id="612" free="815360" total="10747904" percent="7">
    <mem type="nursery" free="0" total="4718592" percent="0">
      <mem type="allocate" free="0" total="3670016" percent="0" />
      <mem type="survivor" free="0" total="1048576" percent="0" />
    </mem>
    <mem type="tenure" free="815360" total="6029312" percent="13">
      <mem type="soa" free="566528" total="5728256" percent="9" />
      <mem type="loa" free="248832" total="301056" percent="82" />
    </mem>
    <remembered-set count="313" />
  </mem-info>
</gc-start>
<allocation-stats totalBytes="2778712" >
  <allocated-bytes non-tlh="65720" tlh="2712992" />
  <largest-consumer threadName="Thread-6" threadId="0000000001508D00" bytes="1272784" />
</allocation-stats>
<gc-op id="613" type="scavenge" timems="0.406" contextid="610" timestamp="2019-06-15T18:36:41.419">
  <scavenger-info tenureage="1" tenuremask="7ffe" tiltratio="77" />
  <memory-copied type="nursery" objects="2165" bytes="866656" bytesdiscarded="139176" />
  <memory-copied type="tenure" objects="478" bytes="226296" bytesdiscarded="496" />
</gc-op>
<gc-end id="614" type="scavenge" contextid="610" durationms="0.672" usertimems="4.000" systemtimems="0.000" timestamp="2019-06-15T18:36:41.420" activeThreads="4">
  <mem-info id="615" free="3192496" total="10747904" percent="29">
    <mem type="nursery" free="2533056" total="4718592" percent="53">
      <mem type="allocate" free="2533056" total="3538944" percent="71" />
      <mem type="survivor" free="0" total="1179648" percent="0" />
    </mem>
    <mem type="tenure" free="659440" total="6029312" percent="10">
      <mem type="soa" free="410608" total="5728256" percent="7" />
      <mem type="loa" free="248832" total="301056" percent="82" />
    </mem>
    <remembered-set count="158" />
  </mem-info>
</gc-end>
<cycle-end id="616" type="scavenge" contextid="610" timestamp="2019-06-15T18:36:41.420" />
  <attribute name="elasticGC enabled" value="1" />
  <attribute name= "numThreadsSpecified" value="4" />
  <attribute name="heapSize specified" value="10354688" />
  <attribute name="Current GC Util" value="4" />
  <attribute name= "Current Time Running" value="1662" />
  <attribute name ="GC Interval" value="200" />
  <attribute name="ProportionalT" value="-24.000000" />
  <attribute name="ProportionalI" value="-24.000000" />
  <attribute name="ProportionalH" value="-24.000000" />
  <attribute name="Current Error" value="-16.000000" />
  <attribute name="IntegralT" value="-416.000000" />
  <attribute name="IntegralI" value="-416.000000" />
  <attribute name="IntegralH" value="-416.000000" />
  <attribute name="DerivativeT" value="-0.307692" />
  <attribute name="DerivativeI" value="-0.307692" />
  <attribute name="DerivativeH" value="-0.307692" />
  <attribute name="Loop Time for DT" value="26.000000" />
  <attribute name="Output H" value="2092630016"/>
  <attribute name="Output I" value="200"/>
  <attribute name="Output T" value="4"/>
  <attribute name="Target GC Util Change" value ="20.000000" />
  <attribute name="Current GC Util Change" value="4.000000"/>
  <attribute name="GC Util currently" value="4" />
  <attribute name="CPU Util currently" value="179015085136" />
<allocation-satisfied id="617" threadId="0000000001508D00" bytesRequested="2008" />
<af-end id="618" timestamp="2019-06-15T18:36:41.420" threadId="0000000001509688" success="true" from="nursery"/>
<exclusive-end id="619" timestamp="2019-06-15T18:36:41.420" durationms="1.137" />

<concurrent-kickoff id="620" timestamp="2019-06-15T18:36:41.447">
  <kickoff reason="threshold reached" targetBytes="1635038" thresholdFreeBytes="226614"  remainingFree="138976" tenureFreeBytes="659440" nurseryFreeBytes="138976" />
</concurrent-kickoff>
<exclusive-start id="621" timestamp="2019-06-15T18:36:41.447" intervalms="28.723">
  <response-info timems="0.031" idlems="0.031" threads="0" lastid="0000000001501500" lastname="Thread-4" />
</exclusive-start>
<cycle-start id="622" type="global" contextid="0" timestamp="2019-06-15T18:36:41.447" intervalms="321.080" />
<exclusive-end id="623" timestamp="2019-06-15T18:36:41.448" durationms="0.106" />

<exclusive-start id="624" timestamp="2019-06-15T18:36:41.449" intervalms="2.078">
  <response-info timems="0.077" idlems="0.054" threads="1" lastid="0000000001501500" lastname="Thread-4" />
</exclusive-start>
<af-start id="625" threadId="00000000014FE288" totalBytesRequested="16392" timestamp="2019-06-15T18:36:41.450" intervalms="30.783" type="nursery" />
<cycle-start id="626" type="scavenge" contextid="0" timestamp="2019-06-15T18:36:41.450" intervalms="30.784" />
<gc-start id="627" type="scavenge" contextid="626" timestamp="2019-06-15T18:36:41.450">
  <mem-info id="628" free="659440" total="10747904" percent="6">
    <mem type="nursery" free="0" total="4718592" percent="0">
      <mem type="allocate" free="0" total="3538944" percent="0" />
      <mem type="survivor" free="0" total="1179648" percent="0" />
    </mem>
    <mem type="tenure" free="659440" total="6029312" percent="10">
      <mem type="soa" free="410608" total="5728256" percent="7" />
      <mem type="loa" free="248832" total="301056" percent="82" />
    </mem>
    <remembered-set count="298" />
  </mem-info>
</gc-start>
<allocation-stats totalBytes="2511168" >
  <allocated-bytes non-tlh="34784" tlh="2476384" />
  <largest-consumer threadName="Thread-4" threadId="0000000001501500" bytes="1314496" />
</allocation-stats>
<gc-op id="629" type="scavenge" timems="4.792" contextid="626" timestamp="2019-06-15T18:36:41.455">
  <scavenger-info tenureage="1" tenuremask="7ffe" tiltratio="75" />
  <memory-copied type="nursery" objects="721" bytes="284568" bytesdiscarded="231008" />
  <memory-copied type="tenure" objects="972" bytes="437272" bytesdiscarded="1136" />
  <heap-resize type="expand" space="tenure" amount="65536" count="1" timems="0.028" reason="continue current collection" />
</gc-op>
<heap-resize id="630" type="expand" space="nursery" amount="393216" count="1" timems="0.034" reason="excessive time being spent scavenging" timestamp="2019-06-15T18:36:41.455" />
<gc-end id="631" type="scavenge" contextid="626" durationms="5.216" usertimems="8.000" systemtimems="0.000" timestamp="2019-06-15T18:36:41.455" activeThreads="4">
  <mem-info id="632" free="3602920" total="11206656" percent="32">
    <mem type="nursery" free="3351016" total="5111808" percent="65">
      <mem type="allocate" free="3351016" total="3866624" percent="86" />
      <mem type="survivor" free="0" total="1245184" percent="0" />
    </mem>
    <mem type="tenure" free="251904" total="6094848" percent="4">
      <mem type="soa" free="0" total="5790720" percent="0" />
      <mem type="loa" free="251904" total="304128" percent="82" />
    </mem>
    <remembered-set count="135" />
  </mem-info>
</gc-end>
<cycle-end id="633" type="scavenge" contextid="626" timestamp="2019-06-15T18:36:41.455" />
  <attribute name="elasticGC enabled" value="1" />
  <attribute name= "numThreadsSpecified" value="4" />
  <attribute name="heapSize specified" value="10354688" />
  <attribute name="Current GC Util" value="3" />
  <attribute name= "Current Time Running" value="1692" />
  <attribute name ="GC Interval" value="200" />
  <attribute name="ProportionalT" value="-25.500000" />
  <attribute name="ProportionalI" value="-25.500000" />
  <attribute name="ProportionalH" value="-25.500000" />
  <attribute name="Current Error" value="-17.000000" />
  <attribute name="IntegralT" value="-510.000000" />
  <attribute name="IntegralI" value="-510.000000" />
  <attribute name="IntegralH" value="-510.000000" />
  <attribute name="DerivativeT" value="-0.283333" />
  <attribute name="DerivativeI" value="-0.283333" />
  <attribute name="DerivativeH" value="-0.283333" />
  <attribute name="Loop Time for DT" value="30.000000" />
  <attribute name="Output H" value="2092630016"/>
  <attribute name="Output I" value="200"/>
  <attribute name="Output T" value="4"/>
  <attribute name="Target GC Util Change" value ="20.000000" />
  <attribute name="Current GC Util Change" value="3.000000"/>
  <attribute name="GC Util currently" value="3" />
  <attribute name="CPU Util currently" value="150084254583" />
<allocation-satisfied id="634" threadId="00000000014FD900" bytesRequested="16392" />
<af-end id="635" timestamp="2019-06-15T18:36:41.455" threadId="00000000014FE288" success="true" from="nursery"/>
<exclusive-end id="636" timestamp="2019-06-15T18:36:41.456" durationms="6.048" />

<exclusive-start id="637" timestamp="2019-06-15T18:36:41.495" intervalms="45.089">
  <response-info timems="0.039" idlems="0.039" threads="0" lastid="0000000001508D00" lastname="Thread-6" />
</exclusive-start>
<af-start id="638" threadId="0000000001509688" totalBytesRequested="32776" timestamp="2019-06-15T18:36:41.495" intervalms="45.105" type="nursery" />
<percolate-collect id="639" from="nursery" to="global" reason="concurrent mark exhausted" timestamp="2019-06-15T18:36:41.495"/>
<gc-start id="640" type="global" contextid="622" timestamp="2019-06-15T18:36:41.495">
  <mem-info id="641" free="251904" total="11206656" percent="2">
    <mem type="nursery" free="0" total="5111808" percent="0">
      <mem type="allocate" free="0" total="3866624" percent="0" />
      <mem type="survivor" free="0" total="1245184" percent="0" />
    </mem>
    <mem type="tenure" free="251904" total="6094848" percent="4">
      <mem type="soa" free="0" total="5790720" percent="0" />
      <mem type="loa" free="251904" total="304128" percent="82" />
    </mem>
    <remembered-set count="280" />
  </mem-info>
</gc-start>
<allocation-stats totalBytes="3188544" >
  <allocated-bytes non-tlh="114720" tlh="3073824" />
  <largest-consumer threadName="Thread-6" threadId="0000000001508D00" bytes="1241000" />
</allocation-stats>
<concurrent-halted id="642" timestamp="2019-06-15T18:36:41.495">
  <halted state="Complete" status="exhausted" />
  <traced bytesTarget="1643864" bytesTotal="1440440" bytesByMutator="423724" bytesByHelper="1016716" percent="87" />
  <cards cleaned="175" thresholdBytes="89272" />
</concurrent-halted>
<gc-op id="643" type="rs-scan" timems="0.911" contextid="622" timestamp="2019-06-15T18:36:41.496">
  <scan objectsFound="207" bytesTraced="51716" workStackOverflowCount="0" />
</gc-op>
<gc-op id="644" type="card-cleaning" timems="0.933" contextid="622" timestamp="2019-06-15T18:36:41.497">
  <card-cleaning cardsCleaned="7" bytesTraced="354008" workStackOverflowCount="0" />
</gc-op>
<gc-op id="645" type="mark" timems="2.192" contextid="622" timestamp="2019-06-15T18:36:41.499">
  <trace-info objectcount="301" scancount="263" scanbytes="59228" />
  <finalization candidates="25" enqueued="0" />
  <references type="soft" candidates="164" cleared="0" enqueued="0" dynamicThreshold="16" maxThreshold="32" />
  <references type="weak" candidates="239" cleared="0" enqueued="0" />
  <references type="phantom" candidates="71" cleared="0" enqueued="0" />
  <stringconstants candidates="3963" cleared="0"  />
</gc-op>
<gc-op id="646" type="sweep" timems="1.343" contextid="622" timestamp="2019-06-15T18:36:41.501" />
<mem-info id="647" free="6364888" total="11206656" percent="56">
  <mem type="nursery" free="2955640" total="5111808" percent="57">
    <mem type="allocate" free="2955640" total="3866624" percent="76" />
    <mem type="survivor" free="0" total="1245184" percent="0" />
  </mem>
  <mem type="tenure" free="3409248" total="6094848" percent="55" micro-fragmented="2580" macro-fragmented="0">
    <mem type="soa" free="3105120" total="5790720" percent="53" />
    <mem type="loa" free="304128" total="304128" percent="100" />
  </mem>
  <remembered-set count="245" />
</mem-info>
<gc-op id="648" type="compact" timems="6.776" contextid="622" timestamp="2019-06-15T18:36:41.508">
  <compact-info movecount="8035" movebytes="1344032" reason="compact to aid heap contraction" />
</gc-op>
<heap-resize id="649" type="contract" space="tenure" amount="262144" count="1" timems="0.079" reason="heap reconfiguration" timestamp="2019-06-15T18:36:41.509" />
<gc-end id="650" type="global" contextid="622" durationms="14.075" usertimems="8.000" systemtimems="8.000" timestamp="2019-06-15T18:36:41.509" activeThreads="4">
  <mem-info id="651" free="6085600" total="10944512" percent="55">
    <mem type="nursery" free="2974752" total="5111808" percent="58">
      <mem type="allocate" free="2974752" total="3866624" percent="76" />
      <mem type="survivor" free="0" total="1245184" percent="0" />
    </mem>
    <mem type="tenure" free="3110848" total="5832704" percent="53">
      <mem type="soa" free="2862016" total="5541888" percent="51" />
      <mem type="loa" free="248832" total="290816" percent="85" />
    </mem>
    <remembered-set count="245" />
  </mem-info>
</gc-end>
<cycle-end id="652" type="global" contextid="622" timestamp="2019-06-15T18:36:41.509" />
  <attribute name="elasticGC enabled" value="1" />
  <attribute name= "numThreadsSpecified" value="4" />
  <attribute name="heapSize specified" value="11206656" />
  <attribute name="Current GC Util" value="81" />
  <attribute name= "Current Time Running" value="1751" />
  <attribute name ="GC Interval" value="200" />
  <attribute name="ProportionalT" value="91.500000" />
  <attribute name="ProportionalI" value="91.500000" />
  <attribute name="ProportionalH" value="91.500000" />
  <attribute name="Current Error" value="61.000000" />
  <attribute name="IntegralT" value="427.000000" />
  <attribute name="IntegralI" value="427.000000" />
  <attribute name="IntegralH" value="427.000000" />
  <attribute name="DerivativeT" value="-1.000000" />
  <attribute name="DerivativeI" value="-1.000000" />
  <attribute name="DerivativeH" value="-1.000000" />
  <attribute name="Loop Time for DT" value="7.000000" />
  <attribute name="Output H" value="8388608"/>
  <attribute name="Output I" value="520"/>
  <attribute name="Output T" value="4"/>
  <attribute name="Target GC Util Change" value ="20.000000" />
  <attribute name="Current GC Util Change" value="81.000000"/>
  <attribute name="GC Util currently" value="81" />
  <attribute name="CPU Util currently" value="662395754154" />
<allocation-satisfied id="653" threadId="0000000001508D00" bytesRequested="32776" />
<af-end id="654" timestamp="2019-06-15T18:36:41.509" threadId="0000000001509688" success="true" from="nursery"/>
<exclusive-end id="655" timestamp="2019-06-15T18:36:41.509" durationms="14.808" />

<exclusive-start id="656" timestamp="2019-06-15T18:36:41.538" intervalms="43.135">
  <response-info timems="0.028" idlems="0.028" threads="0" lastid="00000000014FD900" lastname="Thread-3" />
</exclusive-start>
<af-start id="657" threadId="00000000014FE288" totalBytesRequested="16392" timestamp="2019-06-15T18:36:41.538" intervalms="43.140" type="nursery" />
<cycle-start id="658" type="scavenge" contextid="0" timestamp="2019-06-15T18:36:41.538" intervalms="88.243" />
<gc-start id="659" type="scavenge" contextid="658" timestamp="2019-06-15T18:36:41.538">
  <mem-info id="660" free="3110848" total="10944512" percent="28">
    <mem type="nursery" free="0" total="5111808" percent="0">
      <mem type="allocate" free="0" total="3866624" percent="0" />
      <mem type="survivor" free="0" total="1245184" percent="0" />
    </mem>
    <mem type="tenure" free="3110848" total="5832704" percent="53">
      <mem type="soa" free="2862016" total="5541888" percent="51" />
      <mem type="loa" free="248832" total="290816" percent="85" />
    </mem>
    <remembered-set count="319" />
  </mem-info>
</gc-start>
<allocation-stats totalBytes="2930976" >
  <allocated-bytes non-tlh="65552" tlh="2865424" />
  <largest-consumer threadName="Thread-3" threadId="00000000014FD900" bytes="1060920" />
</allocation-stats>
<gc-op id="661" type="scavenge" timems="1.398" contextid="658" timestamp="2019-06-15T18:36:41.539">
  <scavenger-info tenureage="2" tenuremask="7ffc" tiltratio="75" />
  <memory-copied type="nursery" objects="2026" bytes="818592" bytesdiscarded="113288" />
</gc-op>
<gc-end id="662" type="scavenge" contextid="658" durationms="1.650" usertimems="4.000" systemtimems="0.000" timestamp="2019-06-15T18:36:41.540" activeThreads="4">
  <mem-info id="663" free="5848912" total="10944512" percent="53">
    <mem type="nursery" free="2738064" total="5111808" percent="53">
      <mem type="allocate" free="2738064" total="3670016" percent="74" />
      <mem type="survivor" free="0" total="1441792" percent="0" />
    </mem>
    <mem type="tenure" free="3110848" total="5832704" percent="53">
      <mem type="soa" free="2862016" total="5541888" percent="51" />
      <mem type="loa" free="248832" total="290816" percent="85" />
    </mem>
    <remembered-set count="126" />
  </mem-info>
</gc-end>
<cycle-end id="664" type="scavenge" contextid="658" timestamp="2019-06-15T18:36:41.540" />
  <attribute name="elasticGC enabled" value="1" />
  <attribute name= "numThreadsSpecified" value="4" />
  <attribute name="heapSize specified" value="11206656" />
  <attribute name="Current GC Util" value="29" />
  <attribute name= "Current Time Running" value="1781" />
  <attribute name ="GC Interval" value="288" />
  <attribute name="ProportionalT" value="13.500000" />
  <attribute name="ProportionalI" value="13.500000" />
  <attribute name="ProportionalH" value="13.500000" />
  <attribute name="Current Error" value="9.000000" />
  <attribute name="IntegralT" value="270.000000" />
  <attribute name="IntegralI" value="270.000000" />
  <attribute name="IntegralH" value="270.000000" />
  <attribute name="DerivativeT" value="-0.866667" />
  <attribute name="DerivativeI" value="-0.866667" />
  <attribute name="DerivativeH" value="-0.866667" />
  <attribute name="Loop Time for DT" value="30.000000" />
  <attribute name="Output H" value="8388608"/>
  <attribute name="Output I" value="288"/>
  <attribute name="Output T" value="4"/>
  <attribute name="Target GC Util Change" value ="20.000000" />
  <attribute name="Current GC Util Change" value="29.000000"/>
  <attribute name="GC Util currently" value="29" />
  <attribute name="CPU Util currently" value="154403270940" />
<allocation-satisfied id="665" threadId="00000000014FD900" bytesRequested="16392" />
<af-end id="666" timestamp="2019-06-15T18:36:41.540" threadId="00000000014FE288" success="true" from="nursery"/>
<exclusive-end id="667" timestamp="2019-06-15T18:36:41.540" durationms="2.309" />

<exclusive-start id="668" timestamp="2019-06-15T18:36:41.571" intervalms="33.612">
  <response-info timems="0.041" idlems="0.041" threads="0" lastid="0000000001501500" lastname="Thread-4" />
</exclusive-start>
<af-start id="669" threadId="0000000001501E88" totalBytesRequested="16392" timestamp="2019-06-15T18:36:41.571" intervalms="33.612" type="nursery" />
<cycle-start id="670" type="scavenge" contextid="0" timestamp="2019-06-15T18:36:41.571" intervalms="33.613" />
<gc-start id="671" type="scavenge" contextid="670" timestamp="2019-06-15T18:36:41.572">
  <mem-info id="672" free="3110848" total="10944512" percent="28">
    <mem type="nursery" free="0" total="5111808" percent="0">
      <mem type="allocate" free="0" total="3670016" percent="0" />
      <mem type="survivor" free="0" total="1441792" percent="0" />
    </mem>
    <mem type="tenure" free="3110848" total="5832704" percent="53">
      <mem type="soa" free="2862016" total="5541888" percent="51" />
      <mem type="loa" free="248832" total="290816" percent="85" />
    </mem>
    <remembered-set count="279" />
  </mem-info>
</gc-start>
<allocation-stats totalBytes="2690792" >
  <allocated-bytes non-tlh="16392" tlh="2674400" />
  <largest-consumer threadName="Thread-3" threadId="00000000014FD900" bytes="1173000" />
</allocation-stats>
<gc-op id="673" type="scavenge" timems="0.317" contextid="670" timestamp="2019-06-15T18:36:41.572">
  <scavenger-info tenureage="2" tenuremask="7ffc" tiltratio="71" />
  <memory-copied type="nursery" objects="940" bytes="523720" bytesdiscarded="118616" />
  <memory-copied type="tenure" objects="10" bytes="888" bytesdiscarded="0" />
  <references type="weak" candidates="1" cleared="0" enqueued="0" />
  <references type="phantom" candidates="1" cleared="0" enqueued="0" />
</gc-op>
<gc-end id="674" type="scavenge" contextid="670" durationms="0.519" usertimems="4.000" systemtimems="0.000" timestamp="2019-06-15T18:36:41.572" activeThreads="4">
  <mem-info id="675" free="6230368" total="10944512" percent="56">
    <mem type="nursery" free="3158688" total="5111808" percent="61">
      <mem type="allocate" free="3158688" total="3801088" percent="83" />
      <mem type="survivor" free="0" total="1310720" percent="0" />
    </mem>
    <mem type="tenure" free="3071680" total="5832704" percent="52">
      <mem type="soa" free="2822848" total="5541888" percent="50" />
      <mem type="loa" free="248832" total="290816" percent="85" />
    </mem>
    <remembered-set count="103" />
  </mem-info>
</gc-end>
<cycle-end id="676" type="scavenge" contextid="670" timestamp="2019-06-15T18:36:41.572" />
  <attribute name="elasticGC enabled" value="1" />
  <attribute name= "numThreadsSpecified" value="4" />
  <attribute name="heapSize specified" value="11206656" />
  <attribute name="Current GC Util" value="6" />
  <attribute name= "Current Time Running" value="1814" />
  <attribute name ="GC Interval" value="200" />
  <attribute name="ProportionalT" value="-21.000000" />
  <attribute name="ProportionalI" value="-21.000000" />
  <attribute name="ProportionalH" value="-21.000000" />
  <attribute name="Current Error" value="-14.000000" />
  <attribute name="IntegralT" value="-462.000000" />
  <attribute name="IntegralI" value="-462.000000" />
  <attribute name="IntegralH" value="-462.000000" />
  <attribute name="DerivativeT" value="-0.348485" />
  <attribute name="DerivativeI" value="-0.348485" />
  <attribute name="DerivativeH" value="-0.348485" />
  <attribute name="Loop Time for DT" value="33.000000" />
  <attribute name="Output H" value="2092630016"/>
  <attribute name="Output I" value="200"/>
  <attribute name="Output T" value="4"/>
  <attribute name="Target GC Util Change" value ="20.000000" />
  <attribute name="Current GC Util Change" value="6.000000"/>
  <attribute name="GC Util currently" value="6" />
  <attribute name="CPU Util currently" value="137090906979" />
<allocation-satisfied id="677" threadId="0000000001501500" bytesRequested="16392" />
<af-end id="678" timestamp="2019-06-15T18:36:41.572" threadId="0000000001501E88" success="true" from="nursery"/>
<exclusive-end id="679" timestamp="2019-06-15T18:36:41.572" durationms="0.997" />

<exclusive-start id="680" timestamp="2019-06-15T18:36:41.604" intervalms="33.001">
  <response-info timems="0.032" idlems="0.032" threads="0" lastid="0000000001505100" lastname="Thread-5" />
</exclusive-start>
<af-start id="681" threadId="0000000001505A88" totalBytesRequested="16392" timestamp="2019-06-15T18:36:41.604" intervalms="32.978" type="nursery" />
<cycle-start id="682" type="scavenge" contextid="0" timestamp="2019-06-15T18:36:41.604" intervalms="32.968" />
<gc-start id="683" type="scavenge" contextid="682" timestamp="2019-06-15T18:36:41.605">
  <mem-info id="684" free="3071680" total="10944512" percent="28">
    <mem type="nursery" free="0" total="5111808" percent="0">
      <mem type="allocate" free="0" total="3801088" percent="0" />
      <mem type="survivor" free="0" total="1310720" percent="0" />
    </mem>
    <mem type="tenure" free="3071680" total="5832704" percent="52">
      <mem type="soa" free="2822848" total="5541888" percent="50" />
      <mem type="loa" free="248832" total="290816" percent="85" />
    </mem>
    <remembered-set count="270" />
  </mem-info>
</gc-start>
<allocation-stats totalBytes="3135168" >
  <allocated-bytes non-tlh="98336" tlh="3036832" />
  <largest-consumer threadName="Thread-4" threadId="0000000001501500" bytes="970616" />
</allocation-stats>
<gc-op id="685" type="scavenge" timems="0.659" contextid="682" timestamp="2019-06-15T18:36:41.605">
  <scavenger-info tenureage="2" tenuremask="7ffc" tiltratio="74" />
  <memory-copied type="nursery" objects="2068" bytes="812152" bytesdiscarded="45288" />
  <memory-copied type="tenure" objects="44" bytes="37464" bytesdiscarded="0" />
</gc-op>
<gc-end id="686" type="scavenge" contextid="682" durationms="0.839" usertimems="0.000" systemtimems="4.000" timestamp="2019-06-15T18:36:41.605" activeThreads="4">
  <mem-info id="687" free="6041632" total="10944512" percent="55">
    <mem type="nursery" free="3009120" total="5111808" percent="58">
      <mem type="allocate" free="3009120" total="3866624" percent="77" />
      <mem type="survivor" free="0" total="1245184" percent="0" />
    </mem>
    <mem type="tenure" free="3032512" total="5832704" percent="51">
      <mem type="soa" free="2783680" total="5541888" percent="50" />
      <mem type="loa" free="248832" total="290816" percent="85" />
    </mem>
    <remembered-set count="106" />
  </mem-info>
</gc-end>
<cycle-end id="688" type="scavenge" contextid="682" timestamp="2019-06-15T18:36:41.605" />
  <attribute name="elasticGC enabled" value="1" />
  <attribute name= "numThreadsSpecified" value="4" />
  <attribute name="heapSize specified" value="11206656" />
  <attribute name="Current GC Util" value="2" />
  <attribute name= "Current Time Running" value="1847" />
  <attribute name ="GC Interval" value="200" />
  <attribute name="ProportionalT" value="-27.000000" />
  <attribute name="ProportionalI" value="-27.000000" />
  <attribute name="ProportionalH" value="-27.000000" />
  <attribute name="Current Error" value="-18.000000" />
  <attribute name="IntegralT" value="-594.000000" />
  <attribute name="IntegralI" value="-594.000000" />
  <attribute name="IntegralH" value="-594.000000" />
  <attribute name="DerivativeT" value="-0.272727" />
  <attribute name="DerivativeI" value="-0.272727" />
  <attribute name="DerivativeH" value="-0.272727" />
  <attribute name="Loop Time for DT" value="33.000000" />
  <attribute name="Output H" value="2092630016"/>
  <attribute name="Output I" value="200"/>
  <attribute name="Output T" value="4"/>
  <attribute name="Target GC Util Change" value ="20.000000" />
  <attribute name="Current GC Util Change" value="2.000000"/>
  <attribute name="GC Util currently" value="2" />
  <attribute name="CPU Util currently" value="140117287133" />
<allocation-satisfied id="689" threadId="0000000001505100" bytesRequested="16392" />
<af-end id="690" timestamp="2019-06-15T18:36:41.606" threadId="0000000001505A88" success="true" from="nursery"/>
<exclusive-end id="691" timestamp="2019-06-15T18:36:41.606" durationms="1.260" />

<exclusive-start id="692" timestamp="2019-06-15T18:36:41.633" intervalms="28.263">
  <response-info timems="0.078" idlems="0.078" threads="0" lastid="0000000001505100" lastname="Thread-5" />
</exclusive-start>
<af-start id="693" threadId="0000000001505A88" totalBytesRequested="16" timestamp="2019-06-15T18:36:41.633" intervalms="28.278" type="nursery" />
<cycle-start id="694" type="scavenge" contextid="0" timestamp="2019-06-15T18:36:41.633" intervalms="28.289" />
<gc-start id="695" type="scavenge" contextid="694" timestamp="2019-06-15T18:36:41.633">
  <mem-info id="696" free="3032512" total="10944512" percent="27">
    <mem type="nursery" free="0" total="5111808" percent="0">
      <mem type="allocate" free="0" total="3866624" percent="0" />
      <mem type="survivor" free="0" total="1245184" percent="0" />
    </mem>
    <mem type="tenure" free="3032512" total="5832704" percent="51">
      <mem type="soa" free="2783680" total="5541888" percent="50" />
      <mem type="loa" free="248832" total="290816" percent="85" />
    </mem>
    <remembered-set count="290" />
  </mem-info>
</gc-start>
<allocation-stats totalBytes="3007784" >
  <allocated-bytes non-tlh="49168" tlh="2958616" />
  <largest-consumer threadName="Thread-5" threadId="0000000001505100" bytes="1097120" />
</allocation-stats>
<gc-op id="697" type="scavenge" timems="1.206" contextid="694" timestamp="2019-06-15T18:36:41.634">
  <scavenger-info tenureage="2" tenuremask="7ffc" tiltratio="75" />
  <memory-copied type="nursery" objects="2406" bytes="948640" bytesdiscarded="163744" />
  <memory-copied type="tenure" objects="1" bytes="112" bytesdiscarded="0" />
</gc-op>
<gc-end id="698" type="scavenge" contextid="694" durationms="1.437" usertimems="0.000" systemtimems="0.000" timestamp="2019-06-15T18:36:41.634" activeThreads="4">
  <mem-info id="699" free="5852224" total="10944512" percent="53">
    <mem type="nursery" free="2819712" total="5111808" percent="55">
      <mem type="allocate" free="2819712" total="3932160" percent="71" />
      <mem type="survivor" free="0" total="1179648" percent="0" />
    </mem>
    <mem type="tenure" free="3032512" total="5832704" percent="51">
      <mem type="soa" free="2783680" total="5541888" percent="50" />
      <mem type="loa" free="248832" total="290816" percent="85" />
    </mem>
    <remembered-set count="98" />
  </mem-info>
</gc-end>
<cycle-end id="700" type="scavenge" contextid="694" timestamp="2019-06-15T18:36:41.634" />
  <attribute name="elasticGC enabled" value="1" />
  <attribute name= "numThreadsSpecified" value="4" />
  <attribute name="heapSize specified" value="11206656" />
  <attribute name="Current GC Util" value="5" />
  <attribute name= "Current Time Running" value="1875" />
  <attribute name ="GC Interval" value="200" />
  <attribute name="ProportionalT" value="-22.500000" />
  <attribute name="ProportionalI" value="-22.500000" />
  <attribute name="ProportionalH" value="-22.500000" />
  <attribute name="Current Error" value="-15.000000" />
  <attribute name="IntegralT" value="-420.000000" />
  <attribute name="IntegralI" value="-420.000000" />
  <attribute name="IntegralH" value="-420.000000" />
  <attribute name="DerivativeT" value="-0.267857" />
  <attribute name="DerivativeI" value="-0.267857" />
  <attribute name="DerivativeH" value="-0.267857" />
  <attribute name="Loop Time for DT" value="28.000000" />
  <attribute name="Output H" value="2092630016"/>
  <attribute name="Output I" value="200"/>
  <attribute name="Output T" value="4"/>
  <attribute name="Target GC Util Change" value ="20.000000" />
  <attribute name="Current GC Util Change" value="5.000000"/>
  <attribute name="GC Util currently" value="5" />
  <attribute name="CPU Util currently" value="162803682121" />
<allocation-satisfied id="701" threadId="0000000001505100" bytesRequested="16" />
<af-end id="702" timestamp="2019-06-15T18:36:41.635" threadId="0000000001505A88" success="true" from="nursery"/>
<exclusive-end id="703" timestamp="2019-06-15T18:36:41.635" durationms="1.972" />

<exclusive-start id="704" timestamp="2019-06-15T18:36:41.664" intervalms="31.752">
  <response-info timems="0.049" idlems="0.049" threads="0" lastid="0000000001508D00" lastname="Thread-6" />
</exclusive-start>
<af-start id="705" threadId="0000000001509688" totalBytesRequested="1032" timestamp="2019-06-15T18:36:41.664" intervalms="31.737" type="nursery" />
<cycle-start id="706" type="scavenge" contextid="0" timestamp="2019-06-15T18:36:41.664" intervalms="31.725" />
<gc-start id="707" type="scavenge" contextid="706" timestamp="2019-06-15T18:36:41.665">
  <mem-info id="708" free="3032512" total="10944512" percent="27">
    <mem type="nursery" free="0" total="5111808" percent="0">
      <mem type="allocate" free="0" total="3932160" percent="0" />
      <mem type="survivor" free="0" total="1179648" percent="0" />
    </mem>
    <mem type="tenure" free="3032512" total="5832704" percent="51">
      <mem type="soa" free="2783680" total="5541888" percent="50" />
      <mem type="loa" free="248832" total="290816" percent="85" />
    </mem>
    <remembered-set count="250" />
  </mem-info>
</gc-start>
<allocation-stats totalBytes="2810592" >
  <allocated-bytes non-tlh="65568" tlh="2745024" />
  <largest-consumer threadName="Thread-4" threadId="0000000001501500" bytes="974328" />
</allocation-stats>
<gc-op id="709" type="scavenge" timems="1.046" contextid="706" timestamp="2019-06-15T18:36:41.666">
  <scavenger-info tenureage="2" tenuremask="7ffc" tiltratio="76" />
  <memory-copied type="nursery" objects="1980" bytes="826792" bytesdiscarded="138200" />
  <memory-copied type="tenure" objects="6" bytes="696" bytesdiscarded="0" />
  <references type="weak" candidates="1" cleared="0" enqueued="0" />
  <references type="phantom" candidates="1" cleared="0" enqueued="0" />
</gc-op>
<gc-end id="710" type="scavenge" contextid="706" durationms="1.379" usertimems="0.000" systemtimems="4.000" timestamp="2019-06-15T18:36:41.666" activeThreads="4">
  <mem-info id="711" free="5960456" total="10944512" percent="54">
    <mem type="nursery" free="2967112" total="5111808" percent="58">
      <mem type="allocate" free="2967112" total="3932160" percent="75" />
      <mem type="survivor" free="0" total="1179648" percent="0" />
    </mem>
    <mem type="tenure" free="2993344" total="5832704" percent="51">
      <mem type="soa" free="2744512" total="5541888" percent="49" />
      <mem type="loa" free="248832" total="290816" percent="85" />
    </mem>
    <remembered-set count="105" />
  </mem-info>
</gc-end>
<cycle-end id="712" type="scavenge" contextid="706" timestamp="2019-06-15T18:36:41.666" />
  <attribute name="elasticGC enabled" value="1" />
  <attribute name= "numThreadsSpecified" value="4" />
  <attribute name="heapSize specified" value="11206656" />
  <attribute name="Current GC Util" value="6" />
  <attribute name= "Current Time Running" value="1907" />
  <attribute name ="GC Interval" value="200" />
  <attribute name="ProportionalT" value="-21.000000" />
  <attribute name="ProportionalI" value="-21.000000" />
  <attribute name="ProportionalH" value="-21.000000" />
  <attribute name="Current Error" value="-14.000000" />
  <attribute name="IntegralT" value="-448.000000" />
  <attribute name="IntegralI" value="-448.000000" />
  <attribute name="IntegralH" value="-448.000000" />
  <attribute name="DerivativeT" value="-0.218750" />
  <attribute name="DerivativeI" value="-0.218750" />
  <attribute name="DerivativeH" value="-0.218750" />
  <attribute name="Loop Time for DT" value="32.000000" />
  <attribute name="Output H" value="2092630016"/>
  <attribute name="Output I" value="200"/>
  <attribute name="Output T" value="4"/>
  <attribute name="Target GC Util Change" value ="20.000000" />
  <attribute name="Current GC Util Change" value="6.000000"/>
  <attribute name="GC Util currently" value="6" />
  <attribute name="CPU Util currently" value="145521016537" />
<allocation-satisfied id="713" threadId="0000000001508D00" bytesRequested="1032" />
<af-end id="714" timestamp="2019-06-15T18:36:41.666" threadId="0000000001509688" success="true" from="nursery"/>
<exclusive-end id="715" timestamp="2019-06-15T18:36:41.666" durationms="1.799" />

<exclusive-start id="716" timestamp="2019-06-15T18:36:41.699" intervalms="34.294">
  <response-info timems="0.035" idlems="0.035" threads="0" lastid="0000000001501500" lastname="Thread-4" />
</exclusive-start>
<af-start id="717" threadId="0000000001501E88" totalBytesRequested="16392" timestamp="2019-06-15T18:36:41.699" intervalms="34.309" type="nursery" />
<cycle-start id="718" type="scavenge" contextid="0" timestamp="2019-06-15T18:36:41.699" intervalms="34.321" />
<gc-start id="719" type="scavenge" contextid="718" timestamp="2019-06-15T18:36:41.699">
  <mem-info id="720" free="2993344" total="10944512" percent="27">
    <mem type="nursery" free="0" total="5111808" percent="0">
      <mem type="allocate" free="0" total="3932160" percent="0" />
      <mem type="survivor" free="0" total="1179648" percent="0" />
    </mem>
    <mem type="tenure" free="2993344" total="5832704" percent="51">
      <mem type="soa" free="2744512" total="5541888" percent="49" />
      <mem type="loa" free="248832" total="290816" percent="85" />
    </mem>
    <remembered-set count="268" />
  </mem-info>
</gc-start>
<allocation-stats totalBytes="2930976" >
  <allocated-bytes non-tlh="33808" tlh="2897168" />
  <largest-consumer threadName="Thread-6" threadId="0000000001508D00" bytes="966656" />
</allocation-stats>
<gc-op id="721" type="scavenge" timems="0.366" contextid="718" timestamp="2019-06-15T18:36:41.699">
  <scavenger-info tenureage="2" tenuremask="7ffc" tiltratio="76" />
  <memory-copied type="nursery" objects="2049" bytes="834152" bytesdiscarded="191000" />
  <memory-copied type="tenure" objects="4" bytes="144" bytesdiscarded="0" />
</gc-op>
<gc-end id="722" type="scavenge" contextid="718" durationms="0.555" usertimems="0.000" systemtimems="0.000" timestamp="2019-06-15T18:36:41.699" activeThreads="4">
  <mem-info id="723" free="5965824" total="10944512" percent="54">
    <mem type="nursery" free="2972480" total="5111808" percent="58">
      <mem type="allocate" free="2972480" total="3997696" percent="74" />
      <mem type="survivor" free="0" total="1114112" percent="0" />
    </mem>
    <mem type="tenure" free="2993344" total="5832704" percent="51">
      <mem type="soa" free="2744512" total="5541888" percent="49" />
      <mem type="loa" free="248832" total="290816" percent="85" />
    </mem>
    <remembered-set count="102" />
  </mem-info>
</gc-end>
<cycle-end id="724" type="scavenge" contextid="718" timestamp="2019-06-15T18:36:41.700" />
  <attribute name="elasticGC enabled" value="1" />
  <attribute name= "numThreadsSpecified" value="4" />
  <attribute name="heapSize specified" value="11206656" />
  <attribute name="Current GC Util" value="6" />
  <attribute name= "Current Time Running" value="1941" />
  <attribute name ="GC Interval" value="200" />
  <attribute name="ProportionalT" value="-21.000000" />
  <attribute name="ProportionalI" value="-21.000000" />
  <attribute name="ProportionalH" value="-21.000000" />
  <attribute name="Current Error" value="-14.000000" />
  <attribute name="IntegralT" value="-476.000000" />
  <attribute name="IntegralI" value="-476.000000" />
  <attribute name="IntegralH" value="-476.000000" />
  <attribute name="DerivativeT" value="-0.205882" />
  <attribute name="DerivativeI" value="-0.205882" />
  <attribute name="DerivativeH" value="-0.205882" />
  <attribute name="Loop Time for DT" value="34.000000" />
  <attribute name="Output H" value="2092630016"/>
  <attribute name="Output I" value="200"/>
  <attribute name="Output T" value="4"/>
  <attribute name="Target GC Util Change" value ="20.000000" />
  <attribute name="Current GC Util Change" value="6.000000"/>
  <attribute name="GC Util currently" value="6" />
  <attribute name="CPU Util currently" value="134239408659" />
<allocation-satisfied id="725" threadId="0000000001501500" bytesRequested="16392" />
<af-end id="726" timestamp="2019-06-15T18:36:41.700" threadId="0000000001501E88" success="true" from="nursery"/>
<exclusive-end id="727" timestamp="2019-06-15T18:36:41.700" durationms="1.102" />

<exclusive-start id="728" timestamp="2019-06-15T18:36:41.722" intervalms="23.040">
  <response-info timems="0.032" idlems="0.032" threads="0" lastid="00000000014FD900" lastname="Thread-3" />
</exclusive-start>
<af-start id="729" threadId="00000000014FE288" totalBytesRequested="2056" timestamp="2019-06-15T18:36:41.722" intervalms="23.056" type="nursery" />
<cycle-start id="730" type="scavenge" contextid="0" timestamp="2019-06-15T18:36:41.722" intervalms="23.055" />
<gc-start id="731" type="scavenge" contextid="730" timestamp="2019-06-15T18:36:41.722">
  <mem-info id="732" free="2993344" total="10944512" percent="27">
    <mem type="nursery" free="0" total="5111808" percent="0">
      <mem type="allocate" free="0" total="3997696" percent="0" />
      <mem type="survivor" free="0" total="1114112" percent="0" />
    </mem>
    <mem type="tenure" free="2993344" total="5832704" percent="51">
      <mem type="soa" free="2744512" total="5541888" percent="49" />
      <mem type="loa" free="248832" total="290816" percent="85" />
    </mem>
    <remembered-set count="279" />
  </mem-info>
</gc-start>
<allocation-stats totalBytes="2823800" >
  <allocated-bytes non-tlh="49168" tlh="2774632" />
  <largest-consumer threadName="Thread-4" threadId="0000000001501500" bytes="1125144" />
</allocation-stats>
<gc-op id="733" type="scavenge" timems="1.909" contextid="730" timestamp="2019-06-15T18:36:41.724">
  <scavenger-info tenureage="2" tenuremask="7ffc" tiltratio="78" />
  <memory-copied type="nursery" objects="2190" bytes="899688" bytesdiscarded="214352" />
  <memory-copied type="tenure" objects="315" bytes="52248" bytesdiscarded="0" />
  <copy-failed type="nursery" objects="315" bytes="52248" />
  <references type="phantom" candidates="1" cleared="0" enqueued="0" />
</gc-op>
<heap-resize id="734" type="expand" space="nursery" amount="262144" count="1" timems="0.016" reason="excessive time being spent scavenging" timestamp="2019-06-15T18:36:41.724" />
<gc-end id="735" type="scavenge" contextid="730" durationms="2.256" usertimems="4.000" systemtimems="0.000" timestamp="2019-06-15T18:36:41.724" activeThreads="4">
  <mem-info id="736" free="5782112" total="11206656" percent="51">
    <mem type="nursery" free="3014656" total="5373952" percent="56">
      <mem type="allocate" free="3014656" total="4128768" percent="73" />
      <mem type="survivor" free="0" total="1245184" percent="0" />
    </mem>
    <mem type="tenure" free="2767456" total="5832704" percent="47">
      <mem type="soa" free="2518624" total="5541888" percent="45" />
      <mem type="loa" free="248832" total="290816" percent="85" />
    </mem>
    <remembered-set count="117" />
  </mem-info>
</gc-end>
<cycle-end id="737" type="scavenge" contextid="730" timestamp="2019-06-15T18:36:41.724" />
  <attribute name="elasticGC enabled" value="1" />
  <attribute name= "numThreadsSpecified" value="4" />
  <attribute name="heapSize specified" value="11206656" />
  <attribute name="Current GC Util" value="4" />
  <attribute name= "Current Time Running" value="1965" />
  <attribute name ="GC Interval" value="200" />
  <attribute name="ProportionalT" value="-24.000000" />
  <attribute name="ProportionalI" value="-24.000000" />
  <attribute name="ProportionalH" value="-24.000000" />
  <attribute name="Current Error" value="-16.000000" />
  <attribute name="IntegralT" value="-384.000000" />
  <attribute name="IntegralI" value="-384.000000" />
  <attribute name="IntegralH" value="-384.000000" />
  <attribute name="DerivativeT" value="-0.333333" />
  <attribute name="DerivativeI" value="-0.333333" />
  <attribute name="DerivativeH" value="-0.333333" />
  <attribute name="Loop Time for DT" value="24.000000" />
  <attribute name="Output H" value="2092630016"/>
  <attribute name="Output I" value="200"/>
  <attribute name="Output T" value="4"/>
  <attribute name="Target GC Util Change" value ="20.000000" />
  <attribute name="Current GC Util Change" value="4.000000"/>
  <attribute name="GC Util currently" value="4" />
  <attribute name="CPU Util currently" value="200080810690" />
<allocation-satisfied id="738" threadId="00000000014FD900" bytesRequested="2056" />
<af-end id="739" timestamp="2019-06-15T18:36:41.724" threadId="00000000014FE288" success="true" from="nursery"/>
<exclusive-end id="740" timestamp="2019-06-15T18:36:41.724" durationms="2.740" />

<exclusive-start id="741" timestamp="2019-06-15T18:36:41.761" intervalms="39.471">
  <response-info timems="0.045" idlems="0.045" threads="0" lastid="0000000001508D00" lastname="Thread-6" />
</exclusive-start>
<af-start id="742" threadId="0000000001509688" totalBytesRequested="48" timestamp="2019-06-15T18:36:41.761" intervalms="39.441" type="nursery" />
<cycle-start id="743" type="scavenge" contextid="0" timestamp="2019-06-15T18:36:41.761" intervalms="39.429" />
<gc-start id="744" type="scavenge" contextid="743" timestamp="2019-06-15T18:36:41.761">
  <mem-info id="745" free="2767456" total="11206656" percent="24">
    <mem type="nursery" free="0" total="5373952" percent="0">
      <mem type="allocate" free="0" total="4128768" percent="0" />
      <mem type="survivor" free="0" total="1245184" percent="0" />
    </mem>
    <mem type="tenure" free="2767456" total="5832704" percent="47">
      <mem type="soa" free="2518624" total="5541888" percent="45" />
      <mem type="loa" free="248832" total="290816" percent="85" />
    </mem>
    <remembered-set count="293" />
  </mem-info>
</gc-start>
<allocation-stats totalBytes="3013152" >
  <allocated-bytes non-tlh="67608" tlh="2945544" />
  <largest-consumer threadName="Thread-5" threadId="0000000001505100" bytes="1197240" />
</allocation-stats>
<gc-op id="746" type="scavenge" timems="0.720" contextid="743" timestamp="2019-06-15T18:36:41.762">
  <scavenger-info tenureage="2" tenuremask="7ffc" tiltratio="76" />
  <memory-copied type="nursery" objects="2781" bytes="1209264" bytesdiscarded="35832" />
  <memory-copied type="tenure" objects="323" bytes="219496" bytesdiscarded="816" />
  <copy-failed type="nursery" objects="1" bytes="8200" />
</gc-op>
<gc-end id="747" type="scavenge" contextid="743" durationms="1.049" usertimems="0.000" systemtimems="0.000" timestamp="2019-06-15T18:36:41.762" activeThreads="4">
  <mem-info id="748" free="5099848" total="11206656" percent="45">
    <mem type="nursery" free="2490368" total="5373952" percent="46">
      <mem type="allocate" free="2490368" total="3735552" percent="66" />
      <mem type="survivor" free="0" total="1638400" percent="0" />
    </mem>
    <mem type="tenure" free="2609480" total="5832704" percent="44">
      <mem type="soa" free="2360648" total="5541888" percent="42" />
      <mem type="loa" free="248832" total="290816" percent="85" />
    </mem>
    <remembered-set count="125" />
  </mem-info>
</gc-end>
<cycle-end id="749" type="scavenge" contextid="743" timestamp="2019-06-15T18:36:41.762" />
  <attribute name="elasticGC enabled" value="1" />
  <attribute name= "numThreadsSpecified" value="4" />
  <attribute name="heapSize specified" value="11206656" />
  <attribute name="Current GC Util" value="7" />
  <attribute name= "Current Time Running" value="2004" />
  <attribute name ="GC Interval" value="200" />
  <attribute name="ProportionalT" value="-19.500000" />
  <attribute name="ProportionalI" value="-19.500000" />
  <attribute name="ProportionalH" value="-19.500000" />
  <attribute name="Current Error" value="-13.000000" />
  <attribute name="IntegralT" value="-507.000000" />
  <attribute name="IntegralI" value="-507.000000" />
  <attribute name="IntegralH" value="-507.000000" />
  <attribute name="DerivativeT" value="-0.166667" />
  <attribute name="DerivativeI" value="-0.166667" />
  <attribute name="DerivativeH" value="-0.166667" />
  <attribute name="Loop Time for DT" value="39.000000" />
  <attribute name="Output H" value="2092630016"/>
  <attribute name="Output I" value="200"/>
  <attribute name="Output T" value="4"/>
  <attribute name="Target GC Util Change" value ="20.000000" />
  <attribute name="Current GC Util Change" value="7.000000"/>
  <attribute name="GC Util currently" value="7" />
  <attribute name="CPU Util currently" value="117039319227" />
<allocation-satisfied id="750" threadId="0000000001508D00" bytesRequested="48" />
<af-end id="751" timestamp="2019-06-15T18:36:41.763" threadId="0000000001509688" success="true" from="nursery"/>
<exclusive-end id="752" timestamp="2019-06-15T18:36:41.763" durationms="1.423" />

<exclusive-start id="753" timestamp="2019-06-15T18:36:41.791" intervalms="29.485">
  <response-info timems="0.087" idlems="0.087" threads="0" lastid="0000000001501500" lastname="Thread-4" />
</exclusive-start>
<af-start id="754" threadId="0000000001501E88" totalBytesRequested="8200" timestamp="2019-06-15T18:36:41.791" intervalms="29.506" type="nursery" />
<cycle-start id="755" type="scavenge" contextid="0" timestamp="2019-06-15T18:36:41.791" intervalms="29.517" />
<gc-start id="756" type="scavenge" contextid="755" timestamp="2019-06-15T18:36:41.791">
  <mem-info id="757" free="2609480" total="11206656" percent="23">
    <mem type="nursery" free="0" total="5373952" percent="0">
      <mem type="allocate" free="0" total="3735552" percent="0" />
      <mem type="survivor" free="0" total="1638400" percent="0" />
    </mem>
    <mem type="tenure" free="2609480" total="5832704" percent="44">
      <mem type="soa" free="2360648" total="5541888" percent="42" />
      <mem type="loa" free="248832" total="290816" percent="85" />
    </mem>
    <remembered-set count="250" />
  </mem-info>
</gc-start>
<allocation-stats totalBytes="2403848" >
  <allocated-bytes non-tlh="32824" tlh="2371024" />
  <largest-consumer threadName="Thread-5" threadId="0000000001505100" bytes="864792" />
</allocation-stats>
<gc-op id="758" type="scavenge" timems="0.761" contextid="755" timestamp="2019-06-15T18:36:41.792">
  <scavenger-info tenureage="1" tenuremask="7ffe" tiltratio="69" />
  <memory-copied type="nursery" objects="1300" bytes="575080" bytesdiscarded="90664" />
  <memory-copied type="tenure" objects="220" bytes="198968" bytesdiscarded="208" />
  <references type="weak" candidates="1" cleared="0" enqueued="0" />
  <references type="phantom" candidates="3" cleared="0" enqueued="0" />
</gc-op>
<gc-end id="759" type="scavenge" contextid="755" durationms="1.113" usertimems="0.000" systemtimems="4.000" timestamp="2019-06-15T18:36:41.792" activeThreads="4">
  <mem-info id="760" free="5577768" total="11206656" percent="49">
    <mem type="nursery" free="3135288" total="5373952" percent="58">
      <mem type="allocate" free="3135288" total="3801088" percent="82" />
      <mem type="survivor" free="0" total="1572864" percent="0" />
    </mem>
    <mem type="tenure" free="2442480" total="5832704" percent="41">
      <mem type="soa" free="2193648" total="5541888" percent="39" />
      <mem type="loa" free="248832" total="290816" percent="85" />
    </mem>
    <remembered-set count="80" />
  </mem-info>
</gc-end>
<cycle-end id="761" type="scavenge" contextid="755" timestamp="2019-06-15T18:36:41.792" />
  <attribute name="elasticGC enabled" value="1" />
  <attribute name= "numThreadsSpecified" value="4" />
  <attribute name="heapSize specified" value="11206656" />
  <attribute name="Current GC Util" value="5" />
  <attribute name= "Current Time Running" value="2033" />
  <attribute name ="GC Interval" value="200" />
  <attribute name="ProportionalT" value="-22.500000" />
  <attribute name="ProportionalI" value="-22.500000" />
  <attribute name="ProportionalH" value="-22.500000" />
  <attribute name="Current Error" value="-15.000000" />
  <attribute name="IntegralT" value="-435.000000" />
  <attribute name="IntegralI" value="-435.000000" />
  <attribute name="IntegralH" value="-435.000000" />
  <attribute name="DerivativeT" value="-0.258621" />
  <attribute name="DerivativeI" value="-0.258621" />
  <attribute name="DerivativeH" value="-0.258621" />
  <attribute name="Loop Time for DT" value="29.000000" />
  <attribute name="Output H" value="2092630016"/>
  <attribute name="Output I" value="200"/>
  <attribute name="Output T" value="4"/>
  <attribute name="Target GC Util Change" value ="20.000000" />
  <attribute name="Current GC Util Change" value="5.000000"/>
  <attribute name="GC Util currently" value="5" />
  <attribute name="CPU Util currently" value="156073262905" />
<allocation-satisfied id="762" threadId="0000000001501500" bytesRequested="8200" />
<af-end id="763" timestamp="2019-06-15T18:36:41.792" threadId="0000000001501E88" success="true" from="nursery"/>
<exclusive-end id="764" timestamp="2019-06-15T18:36:41.792" durationms="1.533" />

<exclusive-start id="765" timestamp="2019-06-15T18:36:41.822" intervalms="31.155">
  <response-info timems="0.045" idlems="0.045" threads="0" lastid="00000000014FD900" lastname="Thread-3" />
</exclusive-start>
<af-start id="766" threadId="00000000014FE288" totalBytesRequested="16392" timestamp="2019-06-15T18:36:41.822" intervalms="31.151" type="nursery" />
<cycle-start id="767" type="scavenge" contextid="0" timestamp="2019-06-15T18:36:41.822" intervalms="31.155" />
<gc-start id="768" type="scavenge" contextid="767" timestamp="2019-06-15T18:36:41.822">
  <mem-info id="769" free="2442480" total="11206656" percent="21">
    <mem type="nursery" free="0" total="5373952" percent="0">
      <mem type="allocate" free="0" total="3801088" percent="0" />
      <mem type="survivor" free="0" total="1572864" percent="0" />
    </mem>
    <mem type="tenure" free="2442480" total="5832704" percent="41">
      <mem type="soa" free="2193648" total="5541888" percent="39" />
      <mem type="loa" free="248832" total="290816" percent="85" />
    </mem>
    <remembered-set count="290" />
  </mem-info>
</gc-start>
<allocation-stats totalBytes="3029016" >
  <allocated-bytes non-tlh="8200" tlh="3020816" />
  <largest-consumer threadName="Thread-5" threadId="0000000001505100" bytes="952528" />
</allocation-stats>
<gc-op id="770" type="scavenge" timems="1.476" contextid="767" timestamp="2019-06-15T18:36:41.824">
  <scavenger-info tenureage="1" tenuremask="7ffe" tiltratio="70" />
  <memory-copied type="nursery" objects="2084" bytes="792928" bytesdiscarded="237872" />
  <memory-copied type="tenure" objects="29" bytes="17760" bytesdiscarded="0" />
</gc-op>
<gc-end id="771" type="scavenge" contextid="767" durationms="1.714" usertimems="0.000" systemtimems="0.000" timestamp="2019-06-15T18:36:41.824" activeThreads="4">
  <mem-info id="772" free="5239072" total="11206656" percent="46">
    <mem type="nursery" free="2835760" total="5373952" percent="52">
      <mem type="allocate" free="2835760" total="3866624" percent="73" />
      <mem type="survivor" free="0" total="1507328" percent="0" />
    </mem>
    <mem type="tenure" free="2403312" total="5832704" percent="41">
      <mem type="soa" free="2154480" total="5541888" percent="38" />
      <mem type="loa" free="248832" total="290816" percent="85" />
    </mem>
    <remembered-set count="110" />
  </mem-info>
</gc-end>
<cycle-end id="773" type="scavenge" contextid="767" timestamp="2019-06-15T18:36:41.824" />
  <attribute name="elasticGC enabled" value="1" />
  <attribute name= "numThreadsSpecified" value="4" />
  <attribute name="heapSize specified" value="11206656" />
  <attribute name="Current GC Util" value="4" />
  <attribute name= "Current Time Running" value="2065" />
  <attribute name ="GC Interval" value="200" />
  <attribute name="ProportionalT" value="-24.000000" />
  <attribute name="ProportionalI" value="-24.000000" />
  <attribute name="ProportionalH" value="-24.000000" />
  <attribute name="Current Error" value="-16.000000" />
  <attribute name="IntegralT" value="-512.000000" />
  <attribute name="IntegralI" value="-512.000000" />
  <attribute name="IntegralH" value="-512.000000" />
  <attribute name="DerivativeT" value="-0.250000" />
  <attribute name="DerivativeI" value="-0.250000" />
  <attribute name="DerivativeH" value="-0.250000" />
  <attribute name="Loop Time for DT" value="32.000000" />
  <attribute name="Output H" value="2092630016"/>
  <attribute name="Output I" value="200"/>
  <attribute name="Output T" value="4"/>
  <attribute name="Target GC Util Change" value ="20.000000" />
  <attribute name="Current GC Util Change" value="4.000000"/>
  <attribute name="GC Util currently" value="4" />
  <attribute name="CPU Util currently" value="147997609289" />
<allocation-satisfied id="774" threadId="00000000014FD900" bytesRequested="16392" />
<af-end id="775" timestamp="2019-06-15T18:36:41.824" threadId="00000000014FE288" success="true" from="nursery"/>
<exclusive-end id="776" timestamp="2019-06-15T18:36:41.824" durationms="2.275" />

<exclusive-start id="777" timestamp="2019-06-15T18:36:41.852" intervalms="30.697">
  <response-info timems="0.039" idlems="0.039" threads="0" lastid="0000000001505100" lastname="Thread-5" />
</exclusive-start>
<af-start id="778" threadId="0000000001505A88" totalBytesRequested="8200" timestamp="2019-06-15T18:36:41.853" intervalms="30.694" type="nursery" />
<cycle-start id="779" type="scavenge" contextid="0" timestamp="2019-06-15T18:36:41.853" intervalms="30.692" />
<gc-start id="780" type="scavenge" contextid="779" timestamp="2019-06-15T18:36:41.853">
  <mem-info id="781" free="2403312" total="11206656" percent="21">
    <mem type="nursery" free="0" total="5373952" percent="0">
      <mem type="allocate" free="0" total="3866624" percent="0" />
      <mem type="survivor" free="0" total="1507328" percent="0" />
    </mem>
    <mem type="tenure" free="2403312" total="5832704" percent="41">
      <mem type="soa" free="2154480" total="5541888" percent="38" />
      <mem type="loa" free="248832" total="290816" percent="85" />
    </mem>
    <remembered-set count="258" />
  </mem-info>
</gc-start>
<allocation-stats totalBytes="2786816" >
  <allocated-bytes non-tlh="49168" tlh="2737648" />
  <largest-consumer threadName="Thread-3" threadId="00000000014FD900" bytes="1426816" />
</allocation-stats>
<gc-op id="782" type="scavenge" timems="3.779" contextid="779" timestamp="2019-06-15T18:36:41.857">
  <scavenger-info tenureage="1" tenuremask="7ffe" tiltratio="71" />
  <memory-copied type="nursery" objects="1726" bytes="704584" bytesdiscarded="318008" />
  <memory-copied type="tenure" objects="738" bytes="287424" bytesdiscarded="568" />
  <references type="weak" candidates="1" cleared="0" enqueued="0" />
  <references type="phantom" candidates="1" cleared="0" enqueued="0" />
</gc-op>
<heap-resize id="783" type="expand" space="nursery" amount="393216" count="1" timems="0.014" reason="excessive time being spent scavenging" timestamp="2019-06-15T18:36:41.857" />
<gc-end id="784" type="scavenge" contextid="779" durationms="4.120" usertimems="0.000" systemtimems="4.000" timestamp="2019-06-15T18:36:41.857" activeThreads="4">
  <mem-info id="785" free="5233840" total="11599872" percent="45">
    <mem type="nursery" free="3237200" total="5767168" percent="56">
      <mem type="allocate" free="3237200" total="4259840" percent="75" />
      <mem type="survivor" free="0" total="1507328" percent="0" />
    </mem>
    <mem type="tenure" free="1996640" total="5832704" percent="34">
      <mem type="soa" free="1747808" total="5541888" percent="31" />
      <mem type="loa" free="248832" total="290816" percent="85" />
    </mem>
    <remembered-set count="113" />
  </mem-info>
</gc-end>
<cycle-end id="786" type="scavenge" contextid="779" timestamp="2019-06-15T18:36:41.857" />
  <attribute name="elasticGC enabled" value="1" />
  <attribute name= "numThreadsSpecified" value="4" />
  <attribute name="heapSize specified" value="11206656" />
  <attribute name="Current GC Util" value="7" />
  <attribute name= "Current Time Running" value="2095" />
  <attribute name ="GC Interval" value="200" />
  <attribute name="ProportionalT" value="-19.500000" />
  <attribute name="ProportionalI" value="-19.500000" />
  <attribute name="ProportionalH" value="-19.500000" />
  <attribute name="Current Error" value="-13.000000" />
  <attribute name="IntegralT" value="-390.000000" />
  <attribute name="IntegralI" value="-390.000000" />
  <attribute name="IntegralH" value="-390.000000" />
  <attribute name="DerivativeT" value="-0.216667" />
  <attribute name="DerivativeI" value="-0.216667" />
  <attribute name="DerivativeH" value="-0.216667" />
  <attribute name="Loop Time for DT" value="30.000000" />
  <attribute name="Output H" value="2092630016"/>
  <attribute name="Output I" value="200"/>
  <attribute name="Output T" value="4"/>
  <attribute name="Target GC Util Change" value ="20.000000" />
  <attribute name="Current GC Util Change" value="7.000000"/>
  <attribute name="GC Util currently" value="7" />
  <attribute name="CPU Util currently" value="150269821973" />
<allocation-satisfied id="787" threadId="0000000001505100" bytesRequested="8200" />
<af-end id="788" timestamp="2019-06-15T18:36:41.857" threadId="0000000001505A88" success="true" from="nursery"/>
<exclusive-end id="789" timestamp="2019-06-15T18:36:41.857" durationms="4.573" />

</verbosegc>

